[2022-06-13T01:27:17.513+0000][1][gc] Using Concurrent Mark Sweep
[2022-06-13T01:27:17.514+0000][1][gc,heap,coops] Heap address: 0x00000000f0000000, size: 256 MB, Compressed Oops mode: 32-bit
[2022-06-13T01:27:17.557+0000][1][safepoint    ] Entering safepoint region: EnableBiasedLocking
[2022-06-13T01:27:17.557+0000][1][safepoint    ] Leaving safepoint region
[2022-06-13T01:27:17.557+0000][1][safepoint    ] Total time for which application threads were stopped: 0.0004868 seconds, Stopping threads took: 0.0002697 seconds
[2022-06-13T01:27:17.560+0000][1][safepoint    ] Application time: 0.0029294 seconds
[2022-06-13T01:27:17.561+0000][1][safepoint    ] Entering safepoint region: RevokeBias
[2022-06-13T01:27:17.596+0000][1][safepoint    ] Leaving safepoint region
[2022-06-13T01:27:17.597+0000][1][safepoint    ] Total time for which application threads were stopped: 0.0359910 seconds, Stopping threads took: 0.0352758 seconds
[2022-06-13T01:27:17.612+0000][1][safepoint    ] Application time: 0.0150928 seconds
[2022-06-13T01:27:17.612+0000][1][safepoint    ] Entering safepoint region: Deoptimize
[2022-06-13T01:27:17.613+0000][1][safepoint    ] Leaving safepoint region
[2022-06-13T01:27:17.613+0000][1][safepoint    ] Total time for which application threads were stopped: 0.0005938 seconds, Stopping threads took: 0.0002377 seconds
[2022-06-13T01:27:17.687+0000][1][safepoint    ] Application time: 0.0741007 seconds
[2022-06-13T01:27:17.688+0000][1][safepoint    ] Entering safepoint region: RevokeBias
[2022-06-13T01:27:17.688+0000][1][safepoint    ] Leaving safepoint region
[2022-06-13T01:27:17.689+0000][1][safepoint    ] Total time for which application threads were stopped: 0.0006268 seconds, Stopping threads took: 0.0001343 seconds
[2022-06-13T01:27:17.714+0000][1][safepoint    ] Application time: 0.0254656 seconds
[2022-06-13T01:27:17.715+0000][1][safepoint    ] Entering safepoint region: Deoptimize
[2022-06-13T01:27:17.715+0000][1][safepoint    ] Leaving safepoint region
[2022-06-13T01:27:17.715+0000][1][safepoint    ] Total time for which application threads were stopped: 0.0004890 seconds, Stopping threads took: 0.0002518 seconds
[2022-06-13T01:27:18.052+0000][1][safepoint    ] Application time: 0.3362772 seconds
[2022-06-13T01:27:18.052+0000][1][safepoint    ] Entering safepoint region: Deoptimize
[2022-06-13T01:27:18.052+0000][1][safepoint    ] Leaving safepoint region
[2022-06-13T01:27:18.052+0000][1][safepoint    ] Total time for which application threads were stopped: 0.0005224 seconds, Stopping threads took: 0.0001592 seconds
[2022-06-13T01:27:18.077+0000][1][safepoint    ] Application time: 0.0240781 seconds
[2022-06-13T01:27:18.077+0000][1][safepoint    ] Entering safepoint region: Deoptimize
[2022-06-13T01:27:18.077+0000][1][safepoint    ] Leaving safepoint region
[2022-06-13T01:27:18.078+0000][1][safepoint    ] Total time for which application threads were stopped: 0.0006752 seconds, Stopping threads took: 0.0002439 seconds
[2022-06-13T01:27:18.102+0000][1][safepoint    ] Application time: 0.0242414 seconds
[2022-06-13T01:27:18.103+0000][1][safepoint    ] Entering safepoint region: Deoptimize
[2022-06-13T01:27:18.104+0000][1][safepoint    ] Leaving safepoint region
[2022-06-13T01:27:18.104+0000][1][safepoint    ] Total time for which application threads were stopped: 0.0011526 seconds, Stopping threads took: 0.0004681 seconds
[2022-06-13T01:27:18.120+0000][1][safepoint    ] Application time: 0.0155038 seconds
[2022-06-13T01:27:18.121+0000][1][safepoint    ] Entering safepoint region: Deoptimize
[2022-06-13T01:27:18.122+0000][1][safepoint    ] Leaving safepoint region
[2022-06-13T01:27:18.122+0000][1][safepoint    ] Total time for which application threads were stopped: 0.0010835 seconds, Stopping threads took: 0.0004948 seconds
[2022-06-13T01:27:18.495+0000][1][safepoint    ] Application time: 0.3731453 seconds
[2022-06-13T01:27:18.496+0000][1][safepoint    ] Entering safepoint region: Deoptimize
[2022-06-13T01:27:18.496+0000][1][safepoint    ] Leaving safepoint region
[2022-06-13T01:27:18.497+0000][1][safepoint    ] Total time for which application threads were stopped: 0.0009367 seconds, Stopping threads took: 0.0002582 seconds
[2022-06-13T01:27:18.714+0000][1][safepoint    ] Application time: 0.2167450 seconds
[2022-06-13T01:27:18.714+0000][1][safepoint    ] Entering safepoint region: RevokeBias
[2022-06-13T01:27:18.715+0000][1][safepoint    ] Leaving safepoint region
[2022-06-13T01:27:18.716+0000][1][safepoint    ] Total time for which application threads were stopped: 0.0013562 seconds, Stopping threads took: 0.0005625 seconds
[2022-06-13T01:27:18.819+0000][1][safepoint    ] Application time: 0.1024086 seconds
[2022-06-13T01:27:18.819+0000][1][safepoint    ] Entering safepoint region: Deoptimize
[2022-06-13T01:27:18.820+0000][1][safepoint    ] Leaving safepoint region
[2022-06-13T01:27:18.821+0000][1][safepoint    ] Total time for which application threads were stopped: 0.0014221 seconds, Stopping threads took: 0.0005415 seconds
[2022-06-13T01:27:18.931+0000][1][safepoint    ] Application time: 0.1099731 seconds
[2022-06-13T01:27:18.932+0000][1][safepoint    ] Entering safepoint region: Deoptimize
[2022-06-13T01:27:18.933+0000][1][safepoint    ] Leaving safepoint region
[2022-06-13T01:27:18.934+0000][1][safepoint    ] Total time for which application threads were stopped: 0.0013190 seconds, Stopping threads took: 0.0006267 seconds
[2022-06-13T01:27:18.934+0000][1][safepoint    ] Application time: 0.0002675 seconds
[2022-06-13T01:27:18.935+0000][1][safepoint    ] Entering safepoint region: Deoptimize
[2022-06-13T01:27:18.935+0000][1][safepoint    ] Leaving safepoint region
[2022-06-13T01:27:18.935+0000][1][safepoint    ] Total time for which application threads were stopped: 0.0008946 seconds, Stopping threads took: 0.0002944 seconds
[2022-06-13T01:27:18.965+0000][1][safepoint    ] Application time: 0.0290899 seconds
[2022-06-13T01:27:18.966+0000][1][safepoint    ] Entering safepoint region: Deoptimize
[2022-06-13T01:27:18.966+0000][1][safepoint    ] Leaving safepoint region
[2022-06-13T01:27:18.967+0000][1][safepoint    ] Total time for which application threads were stopped: 0.0012819 seconds, Stopping threads took: 0.0005640 seconds
[2022-06-13T01:27:18.979+0000][1][safepoint    ] Application time: 0.0116229 seconds
[2022-06-13T01:27:18.979+0000][1][safepoint    ] Entering safepoint region: Deoptimize
[2022-06-13T01:27:18.980+0000][1][safepoint    ] Leaving safepoint region
[2022-06-13T01:27:18.981+0000][1][safepoint    ] Total time for which application threads were stopped: 0.0013451 seconds, Stopping threads took: 0.0005172 seconds
[2022-06-13T01:27:18.989+0000][1][safepoint    ] Application time: 0.0079791 seconds
[2022-06-13T01:27:18.989+0000][1][safepoint    ] Entering safepoint region: RevokeBias
[2022-06-13T01:27:18.990+0000][1][safepoint    ] Leaving safepoint region
[2022-06-13T01:27:18.991+0000][1][safepoint    ] Total time for which application threads were stopped: 0.0011243 seconds, Stopping threads took: 0.0005623 seconds
[2022-06-13T01:27:18.991+0000][1][safepoint    ] Application time: 0.0003568 seconds
[2022-06-13T01:27:18.992+0000][1][safepoint    ] Entering safepoint region: RevokeBias
[2022-06-13T01:27:18.992+0000][1][safepoint    ] Leaving safepoint region
[2022-06-13T01:27:18.993+0000][1][safepoint    ] Total time for which application threads were stopped: 0.0011090 seconds, Stopping threads took: 0.0006977 seconds
[2022-06-13T01:27:18.993+0000][1][safepoint    ] Application time: 0.0001619 seconds
[2022-06-13T01:27:18.994+0000][1][safepoint    ] Entering safepoint region: RevokeBias
[2022-06-13T01:27:18.994+0000][1][safepoint    ] Leaving safepoint region
[2022-06-13T01:27:18.995+0000][1][safepoint    ] Total time for which application threads were stopped: 0.0010240 seconds, Stopping threads took: 0.0005708 seconds
[2022-06-13T01:27:18.996+0000][1][safepoint    ] Application time: 0.0005515 seconds
[2022-06-13T01:27:18.996+0000][1][safepoint    ] Entering safepoint region: RevokeBias
[2022-06-13T01:27:18.997+0000][1][safepoint    ] Leaving safepoint region
[2022-06-13T01:27:18.997+0000][1][safepoint    ] Total time for which application threads were stopped: 0.0010168 seconds, Stopping threads took: 0.0005193 seconds
[2022-06-13T01:27:18.999+0000][1][safepoint    ] Application time: 0.0003416 seconds
[2022-06-13T01:27:18.999+0000][1][safepoint    ] Entering safepoint region: RevokeBias
[2022-06-13T01:27:19.000+0000][1][safepoint    ] Leaving safepoint region
[2022-06-13T01:27:19.000+0000][1][safepoint    ] Total time for which application threads were stopped: 0.0013976 seconds, Stopping threads took: 0.0007737 seconds
[2022-06-13T01:27:19.008+0000][1][safepoint    ] Application time: 0.0069605 seconds
[2022-06-13T01:27:19.008+0000][1][safepoint    ] Entering safepoint region: Deoptimize
[2022-06-13T01:27:19.009+0000][1][safepoint    ] Leaving safepoint region
[2022-06-13T01:27:19.010+0000][1][safepoint    ] Total time for which application threads were stopped: 0.0015785 seconds, Stopping threads took: 0.0006167 seconds
[2022-06-13T01:27:19.098+0000][1][safepoint    ] Application time: 0.0871526 seconds
[2022-06-13T01:27:19.098+0000][1][safepoint    ] Entering safepoint region: GenCollectForAllocation
[2022-06-13T01:27:19.099+0000][1][gc,start     ] GC(0) Pause Young (Allocation Failure)
[2022-06-13T01:27:19.101+0000][1][gc,task      ] GC(0) Using 5 workers of 13 for evacuation
[2022-06-13T01:27:19.107+0000][1][gc,age       ] GC(0) Desired survivor size 4456448 bytes, new threshold 1 (max threshold 6)
[2022-06-13T01:27:19.108+0000][1][gc,age       ] GC(0) Age table with threshold 1 (max threshold 6)
[2022-06-13T01:27:19.108+0000][1][gc,age       ] GC(0) - age   1:    8120512 bytes,    8120512 total
[2022-06-13T01:27:19.109+0000][1][gc,heap      ] GC(0) ParNew: 69952K->8036K(78656K)
[2022-06-13T01:27:19.109+0000][1][gc,heap      ] GC(0) CMS: 0K->0K(174784K)
[2022-06-13T01:27:19.109+0000][1][gc,metaspace ] GC(0) Metaspace: 12288K->12288K(1060864K)
[2022-06-13T01:27:19.109+0000][1][gc           ] GC(0) Pause Young (Allocation Failure) 68M->7M(247M) 10.309ms
[2022-06-13T01:27:19.110+0000][1][gc,cpu       ] GC(0) User=0.06s Sys=0.00s Real=0.02s
[2022-06-13T01:27:19.110+0000][1][safepoint    ] Leaving safepoint region
[2022-06-13T01:27:19.110+0000][1][safepoint    ] Total time for which application threads were stopped: 0.0117507 seconds, Stopping threads took: 0.0006123 seconds
[2022-06-13T01:27:19.111+0000][1][safepoint    ] Application time: 0.0006980 seconds
[2022-06-13T01:27:19.112+0000][1][safepoint    ] Entering safepoint region: RevokeBias
[2022-06-13T01:27:19.112+0000][1][safepoint    ] Leaving safepoint region
[2022-06-13T01:27:19.112+0000][1][safepoint    ] Total time for which application threads were stopped: 0.0008935 seconds, Stopping threads took: 0.0005513 seconds
[2022-06-13T01:27:19.113+0000][1][safepoint    ] Application time: 0.0002985 seconds
[2022-06-13T01:27:19.113+0000][1][safepoint    ] Entering safepoint region: RevokeBias
[2022-06-13T01:27:19.113+0000][1][safepoint    ] Leaving safepoint region
[2022-06-13T01:27:19.114+0000][1][safepoint    ] Total time for which application threads were stopped: 0.0008682 seconds, Stopping threads took: 0.0003666 seconds
[2022-06-13T01:27:19.115+0000][1][safepoint    ] Application time: 0.0001669 seconds
[2022-06-13T01:27:19.115+0000][1][safepoint    ] Entering safepoint region: RevokeBias
[2022-06-13T01:27:19.115+0000][1][safepoint    ] Leaving safepoint region
[2022-06-13T01:27:19.116+0000][1][safepoint    ] Total time for which application threads were stopped: 0.0010577 seconds, Stopping threads took: 0.0006216 seconds
[2022-06-13T01:27:19.117+0000][1][safepoint    ] Application time: 0.0002919 seconds
[2022-06-13T01:27:19.117+0000][1][safepoint    ] Entering safepoint region: RevokeBias
[2022-06-13T01:27:19.118+0000][1][safepoint    ] Leaving safepoint region
[2022-06-13T01:27:19.118+0000][1][safepoint    ] Total time for which application threads were stopped: 0.0009267 seconds, Stopping threads took: 0.0005126 seconds
[2022-06-13T01:27:19.119+0000][1][safepoint    ] Application time: 0.0002433 seconds
[2022-06-13T01:27:19.119+0000][1][safepoint    ] Entering safepoint region: RevokeBias
[2022-06-13T01:27:19.119+0000][1][safepoint    ] Leaving safepoint region
[2022-06-13T01:27:19.120+0000][1][safepoint    ] Total time for which application threads were stopped: 0.0008212 seconds, Stopping threads took: 0.0004201 seconds
[2022-06-13T01:27:19.120+0000][1][safepoint    ] Application time: 0.0002744 seconds
[2022-06-13T01:27:19.121+0000][1][safepoint    ] Entering safepoint region: RevokeBias
[2022-06-13T01:27:19.121+0000][1][safepoint    ] Leaving safepoint region
[2022-06-13T01:27:19.121+0000][1][safepoint    ] Total time for which application threads were stopped: 0.0006112 seconds, Stopping threads took: 0.0002477 seconds
[2022-06-13T01:27:19.122+0000][1][safepoint    ] Application time: 0.0002438 seconds
[2022-06-13T01:27:19.122+0000][1][safepoint    ] Entering safepoint region: RevokeBias
[2022-06-13T01:27:19.123+0000][1][safepoint    ] Leaving safepoint region
[2022-06-13T01:27:19.123+0000][1][safepoint    ] Total time for which application threads were stopped: 0.0007504 seconds, Stopping threads took: 0.0003460 seconds
[2022-06-13T01:27:19.123+0000][1][safepoint    ] Application time: 0.0001701 seconds
[2022-06-13T01:27:19.124+0000][1][safepoint    ] Entering safepoint region: RevokeBias
[2022-06-13T01:27:19.124+0000][1][safepoint    ] Leaving safepoint region
[2022-06-13T01:27:19.124+0000][1][safepoint    ] Total time for which application threads were stopped: 0.0007001 seconds, Stopping threads took: 0.0002637 seconds
[2022-06-13T01:27:19.125+0000][1][safepoint    ] Application time: 0.0002557 seconds
[2022-06-13T01:27:19.126+0000][1][safepoint    ] Entering safepoint region: RevokeBias
[2022-06-13T01:27:19.126+0000][1][safepoint    ] Leaving safepoint region
[2022-06-13T01:27:19.126+0000][1][safepoint    ] Total time for which application threads were stopped: 0.0006177 seconds, Stopping threads took: 0.0002169 seconds
[2022-06-13T01:27:19.127+0000][1][safepoint    ] Application time: 0.0002197 seconds
[2022-06-13T01:27:19.127+0000][1][safepoint    ] Entering safepoint region: RevokeBias
[2022-06-13T01:27:19.127+0000][1][safepoint    ] Leaving safepoint region
[2022-06-13T01:27:19.128+0000][1][safepoint    ] Total time for which application threads were stopped: 0.0007466 seconds, Stopping threads took: 0.0002730 seconds
[2022-06-13T01:27:19.128+0000][1][safepoint    ] Application time: 0.0004170 seconds
[2022-06-13T01:27:19.129+0000][1][safepoint    ] Entering safepoint region: RevokeBias
[2022-06-13T01:27:19.130+0000][1][safepoint    ] Leaving safepoint region
[2022-06-13T01:27:19.130+0000][1][safepoint    ] Total time for which application threads were stopped: 0.0009898 seconds, Stopping threads took: 0.0005445 seconds
[2022-06-13T01:27:19.131+0000][1][safepoint    ] Application time: 0.0003770 seconds
[2022-06-13T01:27:19.132+0000][1][safepoint    ] Entering safepoint region: RevokeBias
[2022-06-13T01:27:19.132+0000][1][safepoint    ] Leaving safepoint region
[2022-06-13T01:27:19.133+0000][1][safepoint    ] Total time for which application threads were stopped: 0.0013369 seconds, Stopping threads took: 0.0006939 seconds
[2022-06-13T01:27:19.134+0000][1][safepoint    ] Application time: 0.0004121 seconds
[2022-06-13T01:27:19.134+0000][1][safepoint    ] Entering safepoint region: RevokeBias
[2022-06-13T01:27:19.135+0000][1][safepoint    ] Leaving safepoint region
[2022-06-13T01:27:19.135+0000][1][safepoint    ] Total time for which application threads were stopped: 0.0009397 seconds, Stopping threads took: 0.0004819 seconds
[2022-06-13T01:27:19.136+0000][1][safepoint    ] Application time: 0.0003788 seconds
[2022-06-13T01:27:19.137+0000][1][safepoint    ] Entering safepoint region: RevokeBias
[2022-06-13T01:27:19.137+0000][1][safepoint    ] Leaving safepoint region
[2022-06-13T01:27:19.138+0000][1][safepoint    ] Total time for which application threads were stopped: 0.0009431 seconds, Stopping threads took: 0.0004931 seconds
[2022-06-13T01:27:19.138+0000][1][safepoint    ] Application time: 0.0004480 seconds
[2022-06-13T01:27:19.139+0000][1][safepoint    ] Entering safepoint region: RevokeBias
[2022-06-13T01:27:19.140+0000][1][safepoint    ] Leaving safepoint region
[2022-06-13T01:27:19.140+0000][1][safepoint    ] Total time for which application threads were stopped: 0.0012501 seconds, Stopping threads took: 0.0007582 seconds
[2022-06-13T01:27:19.141+0000][1][safepoint    ] Application time: 0.0003525 seconds
[2022-06-13T01:27:19.142+0000][1][safepoint    ] Entering safepoint region: RevokeBias
[2022-06-13T01:27:19.142+0000][1][safepoint    ] Leaving safepoint region
[2022-06-13T01:27:19.143+0000][1][safepoint    ] Total time for which application threads were stopped: 0.0010193 seconds, Stopping threads took: 0.0005369 seconds
[2022-06-13T01:27:19.143+0000][1][safepoint    ] Application time: 0.0001574 seconds
[2022-06-13T01:27:19.143+0000][1][safepoint    ] Entering safepoint region: RevokeBias
[2022-06-13T01:27:19.144+0000][1][safepoint    ] Leaving safepoint region
[2022-06-13T01:27:19.144+0000][1][safepoint    ] Total time for which application threads were stopped: 0.0005591 seconds, Stopping threads took: 0.0002790 seconds
[2022-06-13T01:27:19.144+0000][1][safepoint    ] Application time: 0.0001137 seconds
[2022-06-13T01:27:19.145+0000][1][safepoint    ] Entering safepoint region: RevokeBias
[2022-06-13T01:27:19.145+0000][1][safepoint    ] Leaving safepoint region
[2022-06-13T01:27:19.145+0000][1][safepoint    ] Total time for which application threads were stopped: 0.0008815 seconds, Stopping threads took: 0.0004615 seconds
[2022-06-13T01:27:19.146+0000][1][safepoint    ] Application time: 0.0001782 seconds
[2022-06-13T01:27:19.146+0000][1][safepoint    ] Entering safepoint region: RevokeBias
[2022-06-13T01:27:19.146+0000][1][safepoint    ] Leaving safepoint region
[2022-06-13T01:27:19.146+0000][1][safepoint    ] Total time for which application threads were stopped: 0.0004869 seconds, Stopping threads took: 0.0002088 seconds
[2022-06-13T01:27:19.147+0000][1][safepoint    ] Application time: 0.0001206 seconds
[2022-06-13T01:27:19.147+0000][1][safepoint    ] Entering safepoint region: RevokeBias
[2022-06-13T01:27:19.148+0000][1][safepoint    ] Leaving safepoint region
[2022-06-13T01:27:19.148+0000][1][safepoint    ] Total time for which application threads were stopped: 0.0009728 seconds, Stopping threads took: 0.0005449 seconds
[2022-06-13T01:27:19.148+0000][1][safepoint    ] Application time: 0.0002247 seconds
[2022-06-13T01:27:19.149+0000][1][safepoint    ] Entering safepoint region: RevokeBias
[2022-06-13T01:27:19.149+0000][1][safepoint    ] Leaving safepoint region
[2022-06-13T01:27:19.149+0000][1][safepoint    ] Total time for which application threads were stopped: 0.0005654 seconds, Stopping threads took: 0.0002017 seconds
[2022-06-13T01:27:19.150+0000][1][safepoint    ] Application time: 0.0001209 seconds
[2022-06-13T01:27:19.150+0000][1][safepoint    ] Entering safepoint region: RevokeBias
[2022-06-13T01:27:19.150+0000][1][safepoint    ] Leaving safepoint region
[2022-06-13T01:27:19.150+0000][1][safepoint    ] Total time for which application threads were stopped: 0.0004137 seconds, Stopping threads took: 0.0001851 seconds
[2022-06-13T01:27:19.151+0000][1][safepoint    ] Application time: 0.0001033 seconds
[2022-06-13T01:27:19.151+0000][1][safepoint    ] Entering safepoint region: RevokeBias
[2022-06-13T01:27:19.151+0000][1][safepoint    ] Leaving safepoint region
[2022-06-13T01:27:19.152+0000][1][safepoint    ] Total time for which application threads were stopped: 0.0006926 seconds, Stopping threads took: 0.0003518 seconds
[2022-06-13T01:27:19.152+0000][1][safepoint    ] Application time: 0.0001108 seconds
[2022-06-13T01:27:19.152+0000][1][safepoint    ] Entering safepoint region: RevokeBias
[2022-06-13T01:27:19.152+0000][1][safepoint    ] Leaving safepoint region
[2022-06-13T01:27:19.153+0000][1][safepoint    ] Total time for which application threads were stopped: 0.0002938 seconds, Stopping threads took: 0.0001638 seconds
[2022-06-13T01:27:19.153+0000][1][safepoint    ] Application time: 0.0001121 seconds
[2022-06-13T01:27:19.153+0000][1][safepoint    ] Entering safepoint region: RevokeBias
[2022-06-13T01:27:19.153+0000][1][safepoint    ] Leaving safepoint region
[2022-06-13T01:27:19.153+0000][1][safepoint    ] Total time for which application threads were stopped: 0.0003945 seconds, Stopping threads took: 0.0002232 seconds
[2022-06-13T01:27:19.154+0000][1][safepoint    ] Application time: 0.0001039 seconds
[2022-06-13T01:27:19.154+0000][1][safepoint    ] Entering safepoint region: RevokeBias
[2022-06-13T01:27:19.154+0000][1][safepoint    ] Leaving safepoint region
[2022-06-13T01:27:19.154+0000][1][safepoint    ] Total time for which application threads were stopped: 0.0003442 seconds, Stopping threads took: 0.0002132 seconds
[2022-06-13T01:27:19.399+0000][1][safepoint    ] Application time: 0.2443644 seconds
[2022-06-13T01:27:19.399+0000][1][safepoint    ] Entering safepoint region: Deoptimize
[2022-06-13T01:27:19.400+0000][1][safepoint    ] Leaving safepoint region
[2022-06-13T01:27:19.400+0000][1][safepoint    ] Total time for which application threads were stopped: 0.0009299 seconds, Stopping threads took: 0.0002283 seconds
[2022-06-13T01:27:19.629+0000][1][safepoint    ] Application time: 0.2284730 seconds
[2022-06-13T01:27:19.630+0000][1][safepoint    ] Entering safepoint region: RevokeBias
[2022-06-13T01:27:19.630+0000][1][safepoint    ] Leaving safepoint region
[2022-06-13T01:27:19.631+0000][1][safepoint    ] Total time for which application threads were stopped: 0.0011944 seconds, Stopping threads took: 0.0007038 seconds
[2022-06-13T01:27:19.725+0000][1][safepoint    ] Application time: 0.0939216 seconds
[2022-06-13T01:27:19.725+0000][1][safepoint    ] Entering safepoint region: RevokeBias
[2022-06-13T01:27:19.726+0000][1][safepoint    ] Leaving safepoint region
[2022-06-13T01:27:19.726+0000][1][safepoint    ] Total time for which application threads were stopped: 0.0009243 seconds, Stopping threads took: 0.0004445 seconds
[2022-06-13T01:27:19.733+0000][1][safepoint    ] Application time: 0.0060115 seconds
[2022-06-13T01:27:19.733+0000][1][safepoint    ] Entering safepoint region: RevokeBias
[2022-06-13T01:27:19.733+0000][1][safepoint    ] Leaving safepoint region
[2022-06-13T01:27:19.734+0000][1][safepoint    ] Total time for which application threads were stopped: 0.0008922 seconds, Stopping threads took: 0.0004203 seconds
[2022-06-13T01:27:19.758+0000][1][safepoint    ] Application time: 0.0238067 seconds
[2022-06-13T01:27:19.759+0000][1][safepoint    ] Entering safepoint region: GenCollectForAllocation
[2022-06-13T01:27:19.759+0000][1][gc,start     ] GC(1) Pause Young (Allocation Failure)
[2022-06-13T01:27:19.759+0000][1][gc,task      ] GC(1) Using 5 workers of 13 for evacuation
[2022-06-13T01:27:19.778+0000][1][gc,age       ] GC(1) Desired survivor size 4456448 bytes, new threshold 6 (max threshold 6)
[2022-06-13T01:27:19.778+0000][1][gc,age       ] GC(1) Age table with threshold 6 (max threshold 6)
[2022-06-13T01:27:19.778+0000][1][gc,age       ] GC(1) - age   1:    1964136 bytes,    1964136 total
[2022-06-13T01:27:19.779+0000][1][gc,heap      ] GC(1) ParNew: 77988K->6426K(78656K)
[2022-06-13T01:27:19.779+0000][1][gc,heap      ] GC(1) CMS: 0K->6668K(174784K)
[2022-06-13T01:27:19.779+0000][1][gc,metaspace ] GC(1) Metaspace: 14931K->14931K(1062912K)
[2022-06-13T01:27:19.779+0000][1][gc           ] GC(1) Pause Young (Allocation Failure) 76M->12M(247M) 20.493ms
[2022-06-13T01:27:19.780+0000][1][gc,cpu       ] GC(1) User=0.11s Sys=0.01s Real=0.03s
[2022-06-13T01:27:19.780+0000][1][safepoint    ] Leaving safepoint region
[2022-06-13T01:27:19.780+0000][1][safepoint    ] Total time for which application threads were stopped: 0.0219159 seconds, Stopping threads took: 0.0002856 seconds
[2022-06-13T01:27:19.781+0000][1][safepoint    ] Application time: 0.0002904 seconds
[2022-06-13T01:27:19.781+0000][1][safepoint    ] Entering safepoint region: RevokeBias
[2022-06-13T01:27:19.781+0000][1][safepoint    ] Leaving safepoint region
[2022-06-13T01:27:19.782+0000][1][safepoint    ] Total time for which application threads were stopped: 0.0004221 seconds, Stopping threads took: 0.0001861 seconds
[2022-06-13T01:27:19.782+0000][1][safepoint    ] Application time: 0.0001743 seconds
[2022-06-13T01:27:19.782+0000][1][safepoint    ] Entering safepoint region: RevokeBias
[2022-06-13T01:27:19.783+0000][1][safepoint    ] Leaving safepoint region
[2022-06-13T01:27:19.783+0000][1][safepoint    ] Total time for which application threads were stopped: 0.0005445 seconds, Stopping threads took: 0.0003043 seconds
[2022-06-13T01:27:19.783+0000][1][safepoint    ] Application time: 0.0001629 seconds
[2022-06-13T01:27:19.783+0000][1][safepoint    ] Entering safepoint region: RevokeBias
[2022-06-13T01:27:19.783+0000][1][safepoint    ] Leaving safepoint region
[2022-06-13T01:27:19.784+0000][1][safepoint    ] Total time for which application threads were stopped: 0.0004217 seconds, Stopping threads took: 0.0002391 seconds
[2022-06-13T01:27:19.784+0000][1][safepoint    ] Application time: 0.0001279 seconds
[2022-06-13T01:27:19.784+0000][1][safepoint    ] Entering safepoint region: RevokeBias
[2022-06-13T01:27:19.785+0000][1][safepoint    ] Leaving safepoint region
[2022-06-13T01:27:19.785+0000][1][safepoint    ] Total time for which application threads were stopped: 0.0008251 seconds, Stopping threads took: 0.0005234 seconds
[2022-06-13T01:27:19.786+0000][1][safepoint    ] Application time: 0.0001784 seconds
[2022-06-13T01:27:19.786+0000][1][safepoint    ] Entering safepoint region: RevokeBias
[2022-06-13T01:27:19.787+0000][1][safepoint    ] Leaving safepoint region
[2022-06-13T01:27:19.787+0000][1][safepoint    ] Total time for which application threads were stopped: 0.0010962 seconds, Stopping threads took: 0.0005750 seconds
[2022-06-13T01:27:19.787+0000][1][safepoint    ] Application time: 0.0001396 seconds
[2022-06-13T01:27:19.788+0000][1][safepoint    ] Entering safepoint region: RevokeBias
[2022-06-13T01:27:19.789+0000][1][safepoint    ] Leaving safepoint region
[2022-06-13T01:27:19.789+0000][1][safepoint    ] Total time for which application threads were stopped: 0.0012912 seconds, Stopping threads took: 0.0005628 seconds
[2022-06-13T01:27:19.790+0000][1][safepoint    ] Application time: 0.0003944 seconds
[2022-06-13T01:27:19.791+0000][1][safepoint    ] Entering safepoint region: RevokeBias
[2022-06-13T01:27:19.792+0000][1][safepoint    ] Leaving safepoint region
[2022-06-13T01:27:19.792+0000][1][safepoint    ] Total time for which application threads were stopped: 0.0009621 seconds, Stopping threads took: 0.0004253 seconds
[2022-06-13T01:27:19.793+0000][1][safepoint    ] Application time: 0.0001571 seconds
[2022-06-13T01:27:19.793+0000][1][safepoint    ] Entering safepoint region: RevokeBias
[2022-06-13T01:27:19.793+0000][1][safepoint    ] Leaving safepoint region
[2022-06-13T01:27:19.794+0000][1][safepoint    ] Total time for which application threads were stopped: 0.0006700 seconds, Stopping threads took: 0.0003080 seconds
[2022-06-13T01:27:19.794+0000][1][safepoint    ] Application time: 0.0001475 seconds
[2022-06-13T01:27:19.795+0000][1][safepoint    ] Entering safepoint region: RevokeBias
[2022-06-13T01:27:19.795+0000][1][safepoint    ] Leaving safepoint region
[2022-06-13T01:27:19.795+0000][1][safepoint    ] Total time for which application threads were stopped: 0.0005411 seconds, Stopping threads took: 0.0002906 seconds
[2022-06-13T01:27:19.796+0000][1][safepoint    ] Application time: 0.0001285 seconds
[2022-06-13T01:27:19.796+0000][1][safepoint    ] Entering safepoint region: RevokeBias
[2022-06-13T01:27:19.796+0000][1][safepoint    ] Leaving safepoint region
[2022-06-13T01:27:19.797+0000][1][safepoint    ] Total time for which application threads were stopped: 0.0008890 seconds, Stopping threads took: 0.0003982 seconds
[2022-06-13T01:27:19.798+0000][1][safepoint    ] Application time: 0.0002248 seconds
[2022-06-13T01:27:19.798+0000][1][safepoint    ] Entering safepoint region: BulkRevokeBias
[2022-06-13T01:27:19.798+0000][1][safepoint    ] Leaving safepoint region
[2022-06-13T01:27:19.798+0000][1][safepoint    ] Total time for which application threads were stopped: 0.0006517 seconds, Stopping threads took: 0.0002576 seconds
[2022-06-13T01:27:19.799+0000][1][safepoint    ] Application time: 0.0002571 seconds
[2022-06-13T01:27:19.800+0000][1][safepoint    ] Entering safepoint region: RevokeBias
[2022-06-13T01:27:19.800+0000][1][safepoint    ] Leaving safepoint region
[2022-06-13T01:27:19.801+0000][1][safepoint    ] Total time for which application threads were stopped: 0.0008441 seconds, Stopping threads took: 0.0004241 seconds
[2022-06-13T01:27:19.801+0000][1][safepoint    ] Application time: 0.0001920 seconds
[2022-06-13T01:27:19.801+0000][1][safepoint    ] Entering safepoint region: BulkRevokeBias
[2022-06-13T01:27:19.802+0000][1][safepoint    ] Leaving safepoint region
[2022-06-13T01:27:19.802+0000][1][safepoint    ] Total time for which application threads were stopped: 0.0008706 seconds, Stopping threads took: 0.0004415 seconds
[2022-06-13T01:27:19.943+0000][1][safepoint    ] Application time: 0.1403974 seconds
[2022-06-13T01:27:19.944+0000][1][safepoint    ] Entering safepoint region: GenCollectForAllocation
[2022-06-13T01:27:19.944+0000][1][gc,start     ] GC(2) Pause Young (Allocation Failure)
[2022-06-13T01:27:19.945+0000][1][gc,task      ] GC(2) Using 5 workers of 13 for evacuation
[2022-06-13T01:27:19.949+0000][1][gc,age       ] GC(2) Desired survivor size 4456448 bytes, new threshold 6 (max threshold 6)
[2022-06-13T01:27:19.949+0000][1][gc,age       ] GC(2) Age table with threshold 6 (max threshold 6)
[2022-06-13T01:27:19.950+0000][1][gc,age       ] GC(2) - age   1:    2582312 bytes,    2582312 total
[2022-06-13T01:27:19.950+0000][1][gc,age       ] GC(2) - age   2:    1185600 bytes,    3767912 total
[2022-06-13T01:27:19.951+0000][1][gc,heap      ] GC(2) ParNew: 76378K->4492K(78656K)
[2022-06-13T01:27:19.951+0000][1][gc,heap      ] GC(2) CMS: 6668K->6668K(174784K)
[2022-06-13T01:27:19.952+0000][1][gc,metaspace ] GC(2) Metaspace: 15069K->15069K(1062912K)
[2022-06-13T01:27:19.952+0000][1][gc           ] GC(2) Pause Young (Allocation Failure) 81M->10M(247M) 7.908ms
[2022-06-13T01:27:19.953+0000][1][gc,cpu       ] GC(2) User=0.03s Sys=0.01s Real=0.01s
[2022-06-13T01:27:19.953+0000][1][safepoint    ] Leaving safepoint region
[2022-06-13T01:27:19.953+0000][1][safepoint    ] Total time for which application threads were stopped: 0.0097965 seconds, Stopping threads took: 0.0004174 seconds
[2022-06-13T01:27:19.955+0000][1][safepoint    ] Application time: 0.0006886 seconds
[2022-06-13T01:27:19.955+0000][1][safepoint    ] Entering safepoint region: RevokeBias
[2022-06-13T01:27:19.956+0000][1][safepoint    ] Leaving safepoint region
[2022-06-13T01:27:19.956+0000][1][safepoint    ] Total time for which application threads were stopped: 0.0009139 seconds, Stopping threads took: 0.0004434 seconds
[2022-06-13T01:27:19.957+0000][1][safepoint    ] Application time: 0.0003119 seconds
[2022-06-13T01:27:19.957+0000][1][safepoint    ] Entering safepoint region: RevokeBias
[2022-06-13T01:27:19.958+0000][1][safepoint    ] Leaving safepoint region
[2022-06-13T01:27:19.958+0000][1][safepoint    ] Total time for which application threads were stopped: 0.0012583 seconds, Stopping threads took: 0.0006636 seconds
[2022-06-13T01:27:19.959+0000][1][safepoint    ] Application time: 0.0001971 seconds
[2022-06-13T01:27:19.960+0000][1][safepoint    ] Entering safepoint region: RevokeBias
[2022-06-13T01:27:19.960+0000][1][safepoint    ] Leaving safepoint region
[2022-06-13T01:27:19.960+0000][1][safepoint    ] Total time for which application threads were stopped: 0.0007647 seconds, Stopping threads took: 0.0004213 seconds
[2022-06-13T01:27:19.961+0000][1][safepoint    ] Application time: 0.0002634 seconds
[2022-06-13T01:27:19.962+0000][1][safepoint    ] Entering safepoint region: RevokeBias
[2022-06-13T01:27:19.962+0000][1][safepoint    ] Leaving safepoint region
[2022-06-13T01:27:19.963+0000][1][safepoint    ] Total time for which application threads were stopped: 0.0009257 seconds, Stopping threads took: 0.0004593 seconds
[2022-06-13T01:27:19.963+0000][1][safepoint    ] Application time: 0.0002247 seconds
[2022-06-13T01:27:19.964+0000][1][safepoint    ] Entering safepoint region: RevokeBias
[2022-06-13T01:27:19.965+0000][1][safepoint    ] Leaving safepoint region
[2022-06-13T01:27:19.965+0000][1][safepoint    ] Total time for which application threads were stopped: 0.0014903 seconds, Stopping threads took: 0.0008938 seconds
[2022-06-13T01:27:19.966+0000][1][safepoint    ] Application time: 0.0001763 seconds
[2022-06-13T01:27:19.966+0000][1][safepoint    ] Entering safepoint region: RevokeBias
[2022-06-13T01:27:19.967+0000][1][safepoint    ] Leaving safepoint region
[2022-06-13T01:27:19.968+0000][1][safepoint    ] Total time for which application threads were stopped: 0.0013666 seconds, Stopping threads took: 0.0005532 seconds
[2022-06-13T01:27:20.086+0000][1][safepoint    ] Application time: 0.1179737 seconds
[2022-06-13T01:27:20.087+0000][1][safepoint    ] Entering safepoint region: Deoptimize
[2022-06-13T01:27:20.087+0000][1][safepoint    ] Leaving safepoint region
[2022-06-13T01:27:20.088+0000][1][safepoint    ] Total time for which application threads were stopped: 0.0010881 seconds, Stopping threads took: 0.0003421 seconds
[2022-06-13T01:27:20.089+0000][1][safepoint    ] Application time: 0.0009787 seconds
[2022-06-13T01:27:20.090+0000][1][safepoint    ] Entering safepoint region: Deoptimize
[2022-06-13T01:27:20.090+0000][1][safepoint    ] Leaving safepoint region
[2022-06-13T01:27:20.091+0000][1][safepoint    ] Total time for which application threads were stopped: 0.0013720 seconds, Stopping threads took: 0.0004611 seconds
[2022-06-13T01:27:20.261+0000][1][safepoint    ] Application time: 0.1686397 seconds
[2022-06-13T01:27:20.261+0000][1][safepoint    ] Entering safepoint region: GenCollectForAllocation
[2022-06-13T01:27:20.261+0000][1][gc,start     ] GC(3) Pause Young (Allocation Failure)
[2022-06-13T01:27:20.262+0000][1][gc,task      ] GC(3) Using 5 workers of 13 for evacuation
[2022-06-13T01:27:20.265+0000][1][gc,age       ] GC(3) Desired survivor size 4456448 bytes, new threshold 3 (max threshold 6)
[2022-06-13T01:27:20.265+0000][1][gc,age       ] GC(3) Age table with threshold 3 (max threshold 6)
[2022-06-13T01:27:20.265+0000][1][gc,age       ] GC(3) - age   1:    3258232 bytes,    3258232 total
[2022-06-13T01:27:20.266+0000][1][gc,age       ] GC(3) - age   2:     294136 bytes,    3552368 total
[2022-06-13T01:27:20.266+0000][1][gc,age       ] GC(3) - age   3:    1182272 bytes,    4734640 total
[2022-06-13T01:27:20.266+0000][1][gc,heap      ] GC(3) ParNew: 74444K->6242K(78656K)
[2022-06-13T01:27:20.267+0000][1][gc,heap      ] GC(3) CMS: 6668K->6668K(174784K)
[2022-06-13T01:27:20.267+0000][1][gc,metaspace ] GC(3) Metaspace: 18417K->18417K(1067008K)
[2022-06-13T01:27:20.267+0000][1][gc           ] GC(3) Pause Young (Allocation Failure) 79M->12M(247M) 5.637ms
[2022-06-13T01:27:20.267+0000][1][gc,cpu       ] GC(3) User=0.01s Sys=0.00s Real=0.00s
[2022-06-13T01:27:20.267+0000][1][safepoint    ] Leaving safepoint region
[2022-06-13T01:27:20.268+0000][1][safepoint    ] Total time for which application threads were stopped: 0.0066196 seconds, Stopping threads took: 0.0002841 seconds
[2022-06-13T01:27:20.268+0000][1][safepoint    ] Application time: 0.0004097 seconds
[2022-06-13T01:27:20.269+0000][1][safepoint    ] Entering safepoint region: RevokeBias
[2022-06-13T01:27:20.269+0000][1][safepoint    ] Leaving safepoint region
[2022-06-13T01:27:20.269+0000][1][safepoint    ] Total time for which application threads were stopped: 0.0010465 seconds, Stopping threads took: 0.0004996 seconds
[2022-06-13T01:27:20.270+0000][1][safepoint    ] Application time: 0.0002742 seconds
[2022-06-13T01:27:20.271+0000][1][safepoint    ] Entering safepoint region: RevokeBias
[2022-06-13T01:27:20.271+0000][1][safepoint    ] Leaving safepoint region
[2022-06-13T01:27:20.272+0000][1][safepoint    ] Total time for which application threads were stopped: 0.0011104 seconds, Stopping threads took: 0.0004972 seconds
[2022-06-13T01:27:20.272+0000][1][safepoint    ] Application time: 0.0003142 seconds
[2022-06-13T01:27:20.273+0000][1][safepoint    ] Entering safepoint region: RevokeBias
[2022-06-13T01:27:20.274+0000][1][safepoint    ] Leaving safepoint region
[2022-06-13T01:27:20.275+0000][1][safepoint    ] Total time for which application threads were stopped: 0.0020414 seconds, Stopping threads took: 0.0009622 seconds
[2022-06-13T01:27:20.276+0000][1][safepoint    ] Application time: 0.0002344 seconds
[2022-06-13T01:27:20.277+0000][1][safepoint    ] Entering safepoint region: RevokeBias
[2022-06-13T01:27:20.277+0000][1][safepoint    ] Leaving safepoint region
[2022-06-13T01:27:20.278+0000][1][safepoint    ] Total time for which application threads were stopped: 0.0013286 seconds, Stopping threads took: 0.0007345 seconds
[2022-06-13T01:27:20.278+0000][1][safepoint    ] Application time: 0.0001632 seconds
[2022-06-13T01:27:20.279+0000][1][safepoint    ] Entering safepoint region: RevokeBias
[2022-06-13T01:27:20.279+0000][1][safepoint    ] Leaving safepoint region
[2022-06-13T01:27:20.280+0000][1][safepoint    ] Total time for which application threads were stopped: 0.0012822 seconds, Stopping threads took: 0.0007291 seconds
[2022-06-13T01:27:20.281+0000][1][safepoint    ] Application time: 0.0002728 seconds
[2022-06-13T01:27:20.282+0000][1][safepoint    ] Entering safepoint region: RevokeBias
[2022-06-13T01:27:20.283+0000][1][safepoint    ] Leaving safepoint region
[2022-06-13T01:27:20.283+0000][1][safepoint    ] Total time for which application threads were stopped: 0.0021385 seconds, Stopping threads took: 0.0007709 seconds
[2022-06-13T01:27:20.284+0000][1][safepoint    ] Application time: 0.0003719 seconds
[2022-06-13T01:27:20.285+0000][1][safepoint    ] Entering safepoint region: RevokeBias
[2022-06-13T01:27:20.285+0000][1][safepoint    ] Leaving safepoint region
[2022-06-13T01:27:20.285+0000][1][safepoint    ] Total time for which application threads were stopped: 0.0008484 seconds, Stopping threads took: 0.0004049 seconds
[2022-06-13T01:27:20.286+0000][1][safepoint    ] Application time: 0.0001120 seconds
[2022-06-13T01:27:20.286+0000][1][safepoint    ] Entering safepoint region: RevokeBias
[2022-06-13T01:27:20.286+0000][1][safepoint    ] Leaving safepoint region
[2022-06-13T01:27:20.287+0000][1][safepoint    ] Total time for which application threads were stopped: 0.0006037 seconds, Stopping threads took: 0.0002033 seconds
[2022-06-13T01:27:20.287+0000][1][safepoint    ] Application time: 0.0001216 seconds
[2022-06-13T01:27:20.287+0000][1][safepoint    ] Entering safepoint region: RevokeBias
[2022-06-13T01:27:20.288+0000][1][safepoint    ] Leaving safepoint region
[2022-06-13T01:27:20.288+0000][1][safepoint    ] Total time for which application threads were stopped: 0.0004145 seconds, Stopping threads took: 0.0001741 seconds
[2022-06-13T01:27:20.288+0000][1][safepoint    ] Application time: 0.0001186 seconds
[2022-06-13T01:27:20.288+0000][1][safepoint    ] Entering safepoint region: RevokeBias
[2022-06-13T01:27:20.289+0000][1][safepoint    ] Leaving safepoint region
[2022-06-13T01:27:20.289+0000][1][safepoint    ] Total time for which application threads were stopped: 0.0005594 seconds, Stopping threads took: 0.0002820 seconds
[2022-06-13T01:27:20.289+0000][1][safepoint    ] Application time: 0.0001057 seconds
[2022-06-13T01:27:20.289+0000][1][safepoint    ] Entering safepoint region: RevokeBias
[2022-06-13T01:27:20.290+0000][1][safepoint    ] Leaving safepoint region
[2022-06-13T01:27:20.290+0000][1][safepoint    ] Total time for which application threads were stopped: 0.0008902 seconds, Stopping threads took: 0.0002222 seconds
[2022-06-13T01:27:20.290+0000][1][safepoint    ] Application time: 0.0000961 seconds
[2022-06-13T01:27:20.291+0000][1][safepoint    ] Entering safepoint region: RevokeBias
[2022-06-13T01:27:20.292+0000][1][safepoint    ] Leaving safepoint region
[2022-06-13T01:27:20.293+0000][1][safepoint    ] Total time for which application threads were stopped: 0.0020161 seconds, Stopping threads took: 0.0002520 seconds
[2022-06-13T01:27:20.293+0000][1][safepoint    ] Application time: 0.0001562 seconds
[2022-06-13T01:27:20.294+0000][1][safepoint    ] Entering safepoint region: RevokeBias
[2022-06-13T01:27:20.294+0000][1][safepoint    ] Leaving safepoint region
[2022-06-13T01:27:20.294+0000][1][safepoint    ] Total time for which application threads were stopped: 0.0006907 seconds, Stopping threads took: 0.0004800 seconds
[2022-06-13T01:27:20.294+0000][1][safepoint    ] Application time: 0.0001593 seconds
[2022-06-13T01:27:20.294+0000][1][safepoint    ] Entering safepoint region: RevokeBias
[2022-06-13T01:27:20.295+0000][1][safepoint    ] Leaving safepoint region
[2022-06-13T01:27:20.295+0000][1][safepoint    ] Total time for which application threads were stopped: 0.0003650 seconds, Stopping threads took: 0.0001715 seconds
[2022-06-13T01:27:20.295+0000][1][safepoint    ] Application time: 0.0000987 seconds
[2022-06-13T01:27:20.295+0000][1][safepoint    ] Entering safepoint region: RevokeBias
[2022-06-13T01:27:20.296+0000][1][safepoint    ] Leaving safepoint region
[2022-06-13T01:27:20.296+0000][1][safepoint    ] Total time for which application threads were stopped: 0.0006199 seconds, Stopping threads took: 0.0004114 seconds
[2022-06-13T01:27:20.296+0000][1][safepoint    ] Application time: 0.0001022 seconds
[2022-06-13T01:27:20.296+0000][1][safepoint    ] Entering safepoint region: RevokeBias
[2022-06-13T01:27:20.297+0000][1][safepoint    ] Leaving safepoint region
[2022-06-13T01:27:20.297+0000][1][safepoint    ] Total time for which application threads were stopped: 0.0004721 seconds, Stopping threads took: 0.0002682 seconds
[2022-06-13T01:27:20.297+0000][1][safepoint    ] Application time: 0.0001185 seconds
[2022-06-13T01:27:20.297+0000][1][safepoint    ] Entering safepoint region: RevokeBias
[2022-06-13T01:27:20.298+0000][1][safepoint    ] Leaving safepoint region
[2022-06-13T01:27:20.298+0000][1][safepoint    ] Total time for which application threads were stopped: 0.0005188 seconds, Stopping threads took: 0.0003002 seconds
[2022-06-13T01:27:20.298+0000][1][safepoint    ] Application time: 0.0001220 seconds
[2022-06-13T01:27:20.298+0000][1][safepoint    ] Entering safepoint region: RevokeBias
[2022-06-13T01:27:20.298+0000][1][safepoint    ] Leaving safepoint region
[2022-06-13T01:27:20.299+0000][1][safepoint    ] Total time for which application threads were stopped: 0.0003727 seconds, Stopping threads took: 0.0001684 seconds
[2022-06-13T01:27:20.299+0000][1][safepoint    ] Application time: 0.0001193 seconds
[2022-06-13T01:27:20.300+0000][1][safepoint    ] Entering safepoint region: RevokeBias
[2022-06-13T01:27:20.300+0000][1][safepoint    ] Leaving safepoint region
[2022-06-13T01:27:20.300+0000][1][safepoint    ] Total time for which application threads were stopped: 0.0009403 seconds, Stopping threads took: 0.0007267 seconds
[2022-06-13T01:27:20.300+0000][1][safepoint    ] Application time: 0.0001019 seconds
[2022-06-13T01:27:20.300+0000][1][safepoint    ] Entering safepoint region: RevokeBias
[2022-06-13T01:27:20.301+0000][1][safepoint    ] Leaving safepoint region
[2022-06-13T01:27:20.301+0000][1][safepoint    ] Total time for which application threads were stopped: 0.0003847 seconds, Stopping threads took: 0.0001906 seconds
[2022-06-13T01:27:20.301+0000][1][safepoint    ] Application time: 0.0001332 seconds
[2022-06-13T01:27:20.301+0000][1][safepoint    ] Entering safepoint region: RevokeBias
[2022-06-13T01:27:20.302+0000][1][safepoint    ] Leaving safepoint region
[2022-06-13T01:27:20.302+0000][1][safepoint    ] Total time for which application threads were stopped: 0.0004807 seconds, Stopping threads took: 0.0002879 seconds
[2022-06-13T01:27:20.425+0000][1][safepoint    ] Application time: 0.1227453 seconds
[2022-06-13T01:27:20.426+0000][1][safepoint    ] Entering safepoint region: GenCollectForAllocation
[2022-06-13T01:27:20.426+0000][1][gc,start     ] GC(4) Pause Young (Allocation Failure)
[2022-06-13T01:27:20.427+0000][1][gc,task      ] GC(4) Using 5 workers of 13 for evacuation
[2022-06-13T01:27:20.432+0000][1][gc,age       ] GC(4) Desired survivor size 4456448 bytes, new threshold 2 (max threshold 6)
[2022-06-13T01:27:20.433+0000][1][gc,age       ] GC(4) Age table with threshold 2 (max threshold 6)
[2022-06-13T01:27:20.433+0000][1][gc,age       ] GC(4) - age   1:    1321776 bytes,    1321776 total
[2022-06-13T01:27:20.434+0000][1][gc,age       ] GC(4) - age   2:    3214760 bytes,    4536536 total
[2022-06-13T01:27:20.434+0000][1][gc,age       ] GC(4) - age   3:     293608 bytes,    4830144 total
[2022-06-13T01:27:20.435+0000][1][gc,heap      ] GC(4) ParNew: 76194K->7764K(78656K)
[2022-06-13T01:27:20.435+0000][1][gc,heap      ] GC(4) CMS: 6668K->7840K(174784K)
[2022-06-13T01:27:20.436+0000][1][gc,metaspace ] GC(4) Metaspace: 18774K->18774K(1067008K)
[2022-06-13T01:27:20.436+0000][1][gc           ] GC(4) Pause Young (Allocation Failure) 80M->15M(247M) 9.678ms
[2022-06-13T01:27:20.437+0000][1][gc,cpu       ] GC(4) User=0.03s Sys=0.00s Real=0.01s
[2022-06-13T01:27:20.437+0000][1][safepoint    ] Leaving safepoint region
[2022-06-13T01:27:20.438+0000][1][safepoint    ] Total time for which application threads were stopped: 0.0121175 seconds, Stopping threads took: 0.0005366 seconds
[2022-06-13T01:27:20.440+0000][1][safepoint    ] Application time: 0.0012681 seconds
[2022-06-13T01:27:20.440+0000][1][safepoint    ] Entering safepoint region: RevokeBias
[2022-06-13T01:27:20.441+0000][1][safepoint    ] Leaving safepoint region
[2022-06-13T01:27:20.441+0000][1][safepoint    ] Total time for which application threads were stopped: 0.0011532 seconds, Stopping threads took: 0.0005165 seconds
[2022-06-13T01:27:20.442+0000][1][safepoint    ] Application time: 0.0002153 seconds
[2022-06-13T01:27:20.442+0000][1][safepoint    ] Entering safepoint region: RevokeBias
[2022-06-13T01:27:20.443+0000][1][safepoint    ] Leaving safepoint region
[2022-06-13T01:27:20.443+0000][1][safepoint    ] Total time for which application threads were stopped: 0.0008894 seconds, Stopping threads took: 0.0004616 seconds
[2022-06-13T01:27:20.443+0000][1][safepoint    ] Application time: 0.0001641 seconds
[2022-06-13T01:27:20.444+0000][1][safepoint    ] Entering safepoint region: RevokeBias
[2022-06-13T01:27:20.445+0000][1][safepoint    ] Leaving safepoint region
[2022-06-13T01:27:20.445+0000][1][safepoint    ] Total time for which application threads were stopped: 0.0008160 seconds, Stopping threads took: 0.0004511 seconds
[2022-06-13T01:27:20.445+0000][1][safepoint    ] Application time: 0.0002795 seconds
[2022-06-13T01:27:20.446+0000][1][safepoint    ] Entering safepoint region: RevokeBias
[2022-06-13T01:27:20.446+0000][1][safepoint    ] Leaving safepoint region
[2022-06-13T01:27:20.447+0000][1][safepoint    ] Total time for which application threads were stopped: 0.0008419 seconds, Stopping threads took: 0.0004693 seconds
[2022-06-13T01:27:20.464+0000][1][safepoint    ] Application time: 0.0166744 seconds
[2022-06-13T01:27:20.464+0000][1][safepoint    ] Entering safepoint region: Deoptimize
[2022-06-13T01:27:20.465+0000][1][safepoint    ] Leaving safepoint region
[2022-06-13T01:27:20.466+0000][1][safepoint    ] Total time for which application threads were stopped: 0.0014550 seconds, Stopping threads took: 0.0005204 seconds
[2022-06-13T01:27:20.500+0000][1][safepoint    ] Application time: 0.0343806 seconds
[2022-06-13T01:27:20.501+0000][1][safepoint    ] Entering safepoint region: Deoptimize
[2022-06-13T01:27:20.502+0000][1][safepoint    ] Leaving safepoint region
[2022-06-13T01:27:20.503+0000][1][safepoint    ] Total time for which application threads were stopped: 0.0015184 seconds, Stopping threads took: 0.0003615 seconds
[2022-06-13T01:27:20.511+0000][1][safepoint    ] Application time: 0.0075708 seconds
[2022-06-13T01:27:20.512+0000][1][safepoint    ] Entering safepoint region: RevokeBias
[2022-06-13T01:27:20.512+0000][1][safepoint    ] Leaving safepoint region
[2022-06-13T01:27:20.512+0000][1][safepoint    ] Total time for which application threads were stopped: 0.0010287 seconds, Stopping threads took: 0.0006473 seconds
[2022-06-13T01:27:20.601+0000][1][safepoint    ] Application time: 0.0881966 seconds
[2022-06-13T01:27:20.601+0000][1][safepoint    ] Entering safepoint region: GenCollectForAllocation
[2022-06-13T01:27:20.602+0000][1][gc,start     ] GC(5) Pause Young (Allocation Failure)
[2022-06-13T01:27:20.602+0000][1][gc,task      ] GC(5) Using 5 workers of 13 for evacuation
[2022-06-13T01:27:20.606+0000][1][gc,age       ] GC(5) Desired survivor size 4456448 bytes, new threshold 6 (max threshold 6)
[2022-06-13T01:27:20.607+0000][1][gc,age       ] GC(5) Age table with threshold 6 (max threshold 6)
[2022-06-13T01:27:20.607+0000][1][gc,age       ] GC(5) - age   1:    2194792 bytes,    2194792 total
[2022-06-13T01:27:20.607+0000][1][gc,age       ] GC(5) - age   2:     558568 bytes,    2753360 total
[2022-06-13T01:27:20.608+0000][1][gc,heap      ] GC(5) ParNew: 77716K->5402K(78656K)
[2022-06-13T01:27:20.608+0000][1][gc,heap      ] GC(5) CMS: 7840K->11291K(174784K)
[2022-06-13T01:27:20.608+0000][1][gc,metaspace ] GC(5) Metaspace: 19094K->19094K(1067008K)
[2022-06-13T01:27:20.608+0000][1][gc           ] GC(5) Pause Young (Allocation Failure) 83M->16M(247M) 6.210ms
[2022-06-13T01:27:20.608+0000][1][gc,cpu       ] GC(5) User=0.01s Sys=0.01s Real=0.00s
[2022-06-13T01:27:20.609+0000][1][safepoint    ] Leaving safepoint region
[2022-06-13T01:27:20.609+0000][1][safepoint    ] Total time for which application threads were stopped: 0.0075119 seconds, Stopping threads took: 0.0004270 seconds
[2022-06-13T01:27:20.610+0000][1][safepoint    ] Application time: 0.0004439 seconds
[2022-06-13T01:27:20.610+0000][1][safepoint    ] Entering safepoint region: RevokeBias
[2022-06-13T01:27:20.610+0000][1][safepoint    ] Leaving safepoint region
[2022-06-13T01:27:20.610+0000][1][safepoint    ] Total time for which application threads were stopped: 0.0005524 seconds, Stopping threads took: 0.0002658 seconds
[2022-06-13T01:27:20.611+0000][1][safepoint    ] Application time: 0.0002817 seconds
[2022-06-13T01:27:20.612+0000][1][safepoint    ] Entering safepoint region: RevokeBias
[2022-06-13T01:27:20.612+0000][1][safepoint    ] Leaving safepoint region
[2022-06-13T01:27:20.613+0000][1][safepoint    ] Total time for which application threads were stopped: 0.0011558 seconds, Stopping threads took: 0.0007232 seconds
[2022-06-13T01:27:20.613+0000][1][safepoint    ] Application time: 0.0001707 seconds
[2022-06-13T01:27:20.614+0000][1][safepoint    ] Entering safepoint region: RevokeBias
[2022-06-13T01:27:20.614+0000][1][safepoint    ] Leaving safepoint region
[2022-06-13T01:27:20.614+0000][1][safepoint    ] Total time for which application threads were stopped: 0.0007820 seconds, Stopping threads took: 0.0003957 seconds
[2022-06-13T01:27:20.615+0000][1][safepoint    ] Application time: 0.0002672 seconds
[2022-06-13T01:27:20.616+0000][1][safepoint    ] Entering safepoint region: RevokeBias
[2022-06-13T01:27:20.616+0000][1][safepoint    ] Leaving safepoint region
[2022-06-13T01:27:20.616+0000][1][safepoint    ] Total time for which application threads were stopped: 0.0009806 seconds, Stopping threads took: 0.0004083 seconds
[2022-06-13T01:27:20.617+0000][1][safepoint    ] Application time: 0.0002176 seconds
[2022-06-13T01:27:20.617+0000][1][safepoint    ] Entering safepoint region: RevokeBias
[2022-06-13T01:27:20.618+0000][1][safepoint    ] Leaving safepoint region
[2022-06-13T01:27:20.618+0000][1][safepoint    ] Total time for which application threads were stopped: 0.0005050 seconds, Stopping threads took: 0.0002534 seconds
[2022-06-13T01:27:20.618+0000][1][safepoint    ] Application time: 0.0001344 seconds
[2022-06-13T01:27:20.619+0000][1][safepoint    ] Entering safepoint region: RevokeBias
[2022-06-13T01:27:20.619+0000][1][safepoint    ] Leaving safepoint region
[2022-06-13T01:27:20.620+0000][1][safepoint    ] Total time for which application threads were stopped: 0.0012487 seconds, Stopping threads took: 0.0006085 seconds
[2022-06-13T01:27:20.759+0000][1][safepoint    ] Application time: 0.1391823 seconds
[2022-06-13T01:27:20.760+0000][1][safepoint    ] Entering safepoint region: GenCollectForAllocation
[2022-06-13T01:27:20.761+0000][1][gc,start     ] GC(6) Pause Young (Allocation Failure)
[2022-06-13T01:27:20.761+0000][1][gc,task      ] GC(6) Using 5 workers of 13 for evacuation
[2022-06-13T01:27:20.764+0000][1][gc,age       ] GC(6) Desired survivor size 4456448 bytes, new threshold 6 (max threshold 6)
[2022-06-13T01:27:20.765+0000][1][gc,age       ] GC(6) Age table with threshold 6 (max threshold 6)
[2022-06-13T01:27:20.765+0000][1][gc,age       ] GC(6) - age   1:    1525344 bytes,    1525344 total
[2022-06-13T01:27:20.766+0000][1][gc,age       ] GC(6) - age   2:    2183240 bytes,    3708584 total
[2022-06-13T01:27:20.766+0000][1][gc,age       ] GC(6) - age   3:     558568 bytes,    4267152 total
[2022-06-13T01:27:20.767+0000][1][gc,heap      ] GC(6) ParNew: 75354K->4863K(78656K)
[2022-06-13T01:27:20.767+0000][1][gc,heap      ] GC(6) CMS: 11291K->11291K(174784K)
[2022-06-13T01:27:20.767+0000][1][gc,metaspace ] GC(6) Metaspace: 19411K->19411K(1067008K)
[2022-06-13T01:27:20.768+0000][1][gc           ] GC(6) Pause Young (Allocation Failure) 84M->15M(247M) 6.933ms
[2022-06-13T01:27:20.768+0000][1][gc,cpu       ] GC(6) User=0.02s Sys=0.00s Real=0.00s
[2022-06-13T01:27:20.768+0000][1][safepoint    ] Leaving safepoint region
[2022-06-13T01:27:20.769+0000][1][safepoint    ] Total time for which application threads were stopped: 0.0086454 seconds, Stopping threads took: 0.0006676 seconds
[2022-06-13T01:27:20.769+0000][1][safepoint    ] Application time: 0.0004148 seconds
[2022-06-13T01:27:20.769+0000][1][safepoint    ] Entering safepoint region: RevokeBias
[2022-06-13T01:27:20.770+0000][1][safepoint    ] Leaving safepoint region
[2022-06-13T01:27:20.770+0000][1][safepoint    ] Total time for which application threads were stopped: 0.0007760 seconds, Stopping threads took: 0.0002447 seconds
[2022-06-13T01:27:20.771+0000][1][safepoint    ] Application time: 0.0001567 seconds
[2022-06-13T01:27:20.771+0000][1][safepoint    ] Entering safepoint region: BulkRevokeBias
[2022-06-13T01:27:20.771+0000][1][safepoint    ] Leaving safepoint region
[2022-06-13T01:27:20.772+0000][1][safepoint    ] Total time for which application threads were stopped: 0.0006908 seconds, Stopping threads took: 0.0002556 seconds
[2022-06-13T01:27:20.772+0000][1][safepoint    ] Application time: 0.0001513 seconds
[2022-06-13T01:27:20.772+0000][1][safepoint    ] Entering safepoint region: BulkRevokeBias
[2022-06-13T01:27:20.773+0000][1][safepoint    ] Leaving safepoint region
[2022-06-13T01:27:20.773+0000][1][safepoint    ] Total time for which application threads were stopped: 0.0011280 seconds, Stopping threads took: 0.0002808 seconds
[2022-06-13T01:27:20.893+0000][1][safepoint    ] Application time: 0.1193630 seconds
[2022-06-13T01:27:20.893+0000][1][safepoint    ] Entering safepoint region: GenCollectForAllocation
[2022-06-13T01:27:20.894+0000][1][gc,start     ] GC(7) Pause Young (Allocation Failure)
[2022-06-13T01:27:20.894+0000][1][gc,task      ] GC(7) Using 5 workers of 13 for evacuation
[2022-06-13T01:27:20.897+0000][1][gc,age       ] GC(7) Desired survivor size 4456448 bytes, new threshold 6 (max threshold 6)
[2022-06-13T01:27:20.897+0000][1][gc,age       ] GC(7) Age table with threshold 6 (max threshold 6)
[2022-06-13T01:27:20.897+0000][1][gc,age       ] GC(7) - age   1:     531976 bytes,     531976 total
[2022-06-13T01:27:20.898+0000][1][gc,age       ] GC(7) - age   2:    1141864 bytes,    1673840 total
[2022-06-13T01:27:20.898+0000][1][gc,age       ] GC(7) - age   3:    2181312 bytes,    3855152 total
[2022-06-13T01:27:20.898+0000][1][gc,age       ] GC(7) - age   4:     558568 bytes,    4413720 total
[2022-06-13T01:27:20.899+0000][1][gc,heap      ] GC(7) ParNew: 74815K->5434K(78656K)
[2022-06-13T01:27:20.899+0000][1][gc,heap      ] GC(7) CMS: 11291K->11291K(174784K)
[2022-06-13T01:27:20.900+0000][1][gc,metaspace ] GC(7) Metaspace: 19839K->19839K(1067008K)
[2022-06-13T01:27:20.900+0000][1][gc           ] GC(7) Pause Young (Allocation Failure) 84M->16M(247M) 6.342ms
[2022-06-13T01:27:20.901+0000][1][gc,cpu       ] GC(7) User=0.03s Sys=0.01s Real=0.01s
[2022-06-13T01:27:20.901+0000][1][safepoint    ] Leaving safepoint region
[2022-06-13T01:27:20.901+0000][1][safepoint    ] Total time for which application threads were stopped: 0.0080074 seconds, Stopping threads took: 0.0003001 seconds
[2022-06-13T01:27:20.910+0000][1][safepoint    ] Application time: 0.0085351 seconds
[2022-06-13T01:27:20.911+0000][1][safepoint    ] Entering safepoint region: CollectForMetadataAllocation
[2022-06-13T01:27:20.911+0000][1][safepoint    ] Leaving safepoint region
[2022-06-13T01:27:20.912+0000][1][safepoint    ] Total time for which application threads were stopped: 0.0013432 seconds, Stopping threads took: 0.0005348 seconds
[2022-06-13T01:27:20.931+0000][1][safepoint    ] Application time: 0.0184816 seconds
[2022-06-13T01:27:20.932+0000][1][safepoint    ] Entering safepoint region: CollectForMetadataAllocation
[2022-06-13T01:27:20.932+0000][1][safepoint    ] Leaving safepoint region
[2022-06-13T01:27:20.933+0000][1][safepoint    ] Total time for which application threads were stopped: 0.0009506 seconds, Stopping threads took: 0.0003720 seconds
[2022-06-13T01:27:21.054+0000][1][safepoint    ] Application time: 0.1207442 seconds
[2022-06-13T01:27:21.055+0000][1][safepoint    ] Entering safepoint region: GenCollectForAllocation
[2022-06-13T01:27:21.056+0000][1][gc,start     ] GC(8) Pause Young (Allocation Failure)
[2022-06-13T01:27:21.056+0000][1][gc,task      ] GC(8) Using 5 workers of 13 for evacuation
[2022-06-13T01:27:21.060+0000][1][gc,age       ] GC(8) Desired survivor size 4456448 bytes, new threshold 5 (max threshold 6)
[2022-06-13T01:27:21.060+0000][1][gc,age       ] GC(8) Age table with threshold 5 (max threshold 6)
[2022-06-13T01:27:21.061+0000][1][gc,age       ] GC(8) - age   1:     475360 bytes,     475360 total
[2022-06-13T01:27:21.061+0000][1][gc,age       ] GC(8) - age   2:     510544 bytes,     985904 total
[2022-06-13T01:27:21.062+0000][1][gc,age       ] GC(8) - age   3:    1141768 bytes,    2127672 total
[2022-06-13T01:27:21.062+0000][1][gc,age       ] GC(8) - age   4:    2181064 bytes,    4308736 total
[2022-06-13T01:27:21.063+0000][1][gc,age       ] GC(8) - age   5:     558568 bytes,    4867304 total
[2022-06-13T01:27:21.063+0000][1][gc,heap      ] GC(8) ParNew: 75386K->5786K(78656K)
[2022-06-13T01:27:21.063+0000][1][gc,heap      ] GC(8) CMS: 11291K->11291K(174784K)
[2022-06-13T01:27:21.064+0000][1][gc,metaspace ] GC(8) Metaspace: 20461K->20461K(1069056K)
[2022-06-13T01:27:21.064+0000][1][gc           ] GC(8) Pause Young (Allocation Failure) 84M->16M(247M) 8.678ms
[2022-06-13T01:27:21.065+0000][1][gc,cpu       ] GC(8) User=0.02s Sys=0.01s Real=0.01s
[2022-06-13T01:27:21.065+0000][1][safepoint    ] Leaving safepoint region
[2022-06-13T01:27:21.066+0000][1][safepoint    ] Total time for which application threads were stopped: 0.0112394 seconds, Stopping threads took: 0.0010946 seconds
[2022-06-13T01:27:21.066+0000][1][safepoint    ] Application time: 0.0002146 seconds
[2022-06-13T01:27:21.067+0000][1][safepoint    ] Entering safepoint region: CMS_Initial_Mark
[2022-06-13T01:27:21.067+0000][1][gc,start     ] GC(9) Pause Initial Mark
[2022-06-13T01:27:21.069+0000][1][gc           ] GC(9) Pause Initial Mark 18M->18M(247M) 1.567ms
[2022-06-13T01:27:21.069+0000][1][gc,cpu       ] GC(9) User=0.03s Sys=0.00s Real=0.01s
[2022-06-13T01:27:21.070+0000][1][safepoint    ] Leaving safepoint region
[2022-06-13T01:27:21.070+0000][1][safepoint    ] Total time for which application threads were stopped: 0.0034856 seconds, Stopping threads took: 0.0005743 seconds
[2022-06-13T01:27:21.070+0000][1][gc           ] GC(9) Concurrent Mark
[2022-06-13T01:27:21.071+0000][1][gc,task      ] GC(9) Using 4 workers of 4 for marking
[2022-06-13T01:27:21.080+0000][1][gc           ] GC(9) Concurrent Mark 9.106ms
[2022-06-13T01:27:21.080+0000][1][gc,cpu       ] GC(9) User=0.09s Sys=0.00s Real=0.01s
[2022-06-13T01:27:21.081+0000][1][gc           ] GC(9) Concurrent Preclean
[2022-06-13T01:27:21.082+0000][1][gc           ] GC(9) Concurrent Preclean 1.301ms
[2022-06-13T01:27:21.083+0000][1][gc,cpu       ] GC(9) User=0.00s Sys=0.00s Real=0.00s
[2022-06-13T01:27:21.083+0000][1][gc           ] GC(9) Concurrent Abortable Preclean
[2022-06-13T01:27:21.160+0000][1][safepoint    ] Application time: 0.0894956 seconds
[2022-06-13T01:27:21.161+0000][1][safepoint    ] Entering safepoint region: GenCollectForAllocation
[2022-06-13T01:27:21.161+0000][1][gc,start     ] GC(10) Pause Young (Allocation Failure)
[2022-06-13T01:27:21.162+0000][1][gc,task      ] GC(10) Using 5 workers of 13 for evacuation
[2022-06-13T01:27:21.166+0000][1][gc,age       ] GC(10) Desired survivor size 4456448 bytes, new threshold 5 (max threshold 6)
[2022-06-13T01:27:21.167+0000][1][gc,age       ] GC(10) Age table with threshold 5 (max threshold 6)
[2022-06-13T01:27:21.167+0000][1][gc,age       ] GC(10) - age   1:     937952 bytes,     937952 total
[2022-06-13T01:27:21.168+0000][1][gc,age       ] GC(10) - age   2:     458296 bytes,    1396248 total
[2022-06-13T01:27:21.168+0000][1][gc,age       ] GC(10) - age   3:     510400 bytes,    1906648 total
[2022-06-13T01:27:21.169+0000][1][gc,age       ] GC(10) - age   4:    1141768 bytes,    3048416 total
[2022-06-13T01:27:21.169+0000][1][gc,age       ] GC(10) - age   5:    2180832 bytes,    5229248 total
[2022-06-13T01:27:21.169+0000][1][gc,heap      ] GC(10) ParNew: 75738K->6141K(78656K)
[2022-06-13T01:27:21.170+0000][1][gc,heap      ] GC(10) CMS: 11291K->11847K(174784K)
[2022-06-13T01:27:21.171+0000][1][gc,metaspace ] GC(10) Metaspace: 20573K->20573K(1069056K)
[2022-06-13T01:27:21.171+0000][1][gc           ] GC(10) Pause Young (Allocation Failure) 84M->17M(247M) 9.814ms
[2022-06-13T01:27:21.172+0000][1][gc,cpu       ] GC(10) User=0.03s Sys=0.00s Real=0.01s
[2022-06-13T01:27:21.172+0000][1][safepoint    ] Leaving safepoint region
[2022-06-13T01:27:21.173+0000][1][safepoint    ] Total time for which application threads were stopped: 0.0123917 seconds, Stopping threads took: 0.0006997 seconds
[2022-06-13T01:27:21.259+0000][1][safepoint    ] Application time: 0.0851964 seconds
[2022-06-13T01:27:21.259+0000][1][safepoint    ] Entering safepoint region: GenCollectForAllocation
[2022-06-13T01:27:21.260+0000][1][gc,start     ] GC(11) Pause Young (Allocation Failure)
[2022-06-13T01:27:21.260+0000][1][gc,task      ] GC(11) Using 5 workers of 13 for evacuation
[2022-06-13T01:27:21.266+0000][1][gc,age       ] GC(11) Desired survivor size 4456448 bytes, new threshold 6 (max threshold 6)
[2022-06-13T01:27:21.267+0000][1][gc,age       ] GC(11) Age table with threshold 6 (max threshold 6)
[2022-06-13T01:27:21.268+0000][1][gc,age       ] GC(11) - age   1:    1817632 bytes,    1817632 total
[2022-06-13T01:27:21.268+0000][1][gc,age       ] GC(11) - age   2:     125168 bytes,    1942800 total
[2022-06-13T01:27:21.269+0000][1][gc,age       ] GC(11) - age   3:     458296 bytes,    2401096 total
[2022-06-13T01:27:21.269+0000][1][gc,age       ] GC(11) - age   4:     510248 bytes,    2911344 total
[2022-06-13T01:27:21.270+0000][1][gc,age       ] GC(11) - age   5:    1141480 bytes,    4052824 total
[2022-06-13T01:27:21.270+0000][1][gc,heap      ] GC(11) ParNew: 76093K->6342K(78656K)
[2022-06-13T01:27:21.271+0000][1][gc,heap      ] GC(11) CMS: 11847K->13991K(174784K)
[2022-06-13T01:27:21.271+0000][1][gc,metaspace ] GC(11) Metaspace: 20652K->20652K(1069056K)
[2022-06-13T01:27:21.272+0000][1][gc           ] GC(11) Pause Young (Allocation Failure) 85M->19M(247M) 12.073ms
[2022-06-13T01:27:21.272+0000][1][gc,cpu       ] GC(11) User=0.07s Sys=0.00s Real=0.01s
[2022-06-13T01:27:21.273+0000][1][safepoint    ] Leaving safepoint region
[2022-06-13T01:27:21.273+0000][1][safepoint    ] Total time for which application threads were stopped: 0.0142599 seconds, Stopping threads took: 0.0003434 seconds
[2022-06-13T01:27:21.275+0000][1][gc           ] GC(9) Concurrent Abortable Preclean 191.554ms
[2022-06-13T01:27:21.275+0000][1][gc,cpu       ] GC(9) User=0.96s Sys=0.03s Real=0.19s
[2022-06-13T01:27:21.275+0000][1][safepoint    ] Application time: 0.0009564 seconds
[2022-06-13T01:27:21.276+0000][1][safepoint    ] Entering safepoint region: CMS_Final_Remark
[2022-06-13T01:27:21.276+0000][1][gc,start     ] GC(9) Pause Remark
[2022-06-13T01:27:21.286+0000][1][gc           ] GC(9) Pause Remark 21M->21M(247M) 9.670ms
[2022-06-13T01:27:21.287+0000][1][gc,cpu       ] GC(9) User=0.03s Sys=0.01s Real=0.01s
[2022-06-13T01:27:21.287+0000][1][safepoint    ] Leaving safepoint region
[2022-06-13T01:27:21.288+0000][1][safepoint    ] Total time for which application threads were stopped: 0.0121764 seconds, Stopping threads took: 0.0003349 seconds
[2022-06-13T01:27:21.289+0000][1][gc           ] GC(9) Concurrent Sweep
[2022-06-13T01:27:21.297+0000][1][gc           ] GC(9) Concurrent Sweep 8.320ms
[2022-06-13T01:27:21.298+0000][1][gc,cpu       ] GC(9) User=0.03s Sys=0.00s Real=0.01s
[2022-06-13T01:27:21.299+0000][1][gc           ] GC(9) Concurrent Reset
[2022-06-13T01:27:21.300+0000][1][gc           ] GC(9) Concurrent Reset 1.026ms
[2022-06-13T01:27:21.300+0000][1][gc,cpu       ] GC(9) User=0.04s Sys=0.00s Real=0.01s
[2022-06-13T01:27:21.300+0000][1][gc,heap      ] GC(9) Old: 11291K->13965K(174784K)
[2022-06-13T01:27:21.609+0000][1][safepoint    ] Application time: 0.3203057 seconds
[2022-06-13T01:27:21.610+0000][1][safepoint    ] Entering safepoint region: Deoptimize
[2022-06-13T01:27:21.611+0000][1][safepoint    ] Leaving safepoint region
[2022-06-13T01:27:21.612+0000][1][safepoint    ] Total time for which application threads were stopped: 0.0018138 seconds, Stopping threads took: 0.0003573 seconds
[2022-06-13T01:27:21.682+0000][1][safepoint    ] Application time: 0.0696930 seconds
[2022-06-13T01:27:21.683+0000][1][safepoint    ] Entering safepoint region: Deoptimize
[2022-06-13T01:27:21.683+0000][1][safepoint    ] Leaving safepoint region
[2022-06-13T01:27:21.684+0000][1][safepoint    ] Total time for which application threads were stopped: 0.0016681 seconds, Stopping threads took: 0.0004899 seconds
[2022-06-13T01:27:21.686+0000][1][safepoint    ] Application time: 0.0009220 seconds
[2022-06-13T01:27:21.686+0000][1][safepoint    ] Entering safepoint region: Deoptimize
[2022-06-13T01:27:21.687+0000][1][safepoint    ] Leaving safepoint region
[2022-06-13T01:27:21.688+0000][1][safepoint    ] Total time for which application threads were stopped: 0.0017110 seconds, Stopping threads took: 0.0007819 seconds
[2022-06-13T01:27:21.701+0000][1][safepoint    ] Application time: 0.0119333 seconds
[2022-06-13T01:27:21.701+0000][1][safepoint    ] Entering safepoint region: Deoptimize
[2022-06-13T01:27:21.702+0000][1][safepoint    ] Leaving safepoint region
[2022-06-13T01:27:21.703+0000][1][safepoint    ] Total time for which application threads were stopped: 0.0014687 seconds, Stopping threads took: 0.0005340 seconds
[2022-06-13T01:27:21.708+0000][1][safepoint    ] Application time: 0.0052651 seconds
[2022-06-13T01:27:21.709+0000][1][safepoint    ] Entering safepoint region: Deoptimize
[2022-06-13T01:27:21.710+0000][1][safepoint    ] Leaving safepoint region
[2022-06-13T01:27:21.711+0000][1][safepoint    ] Total time for which application threads were stopped: 0.0017782 seconds, Stopping threads took: 0.0008007 seconds
[2022-06-13T01:27:21.773+0000][1][safepoint    ] Application time: 0.0613095 seconds
[2022-06-13T01:27:21.773+0000][1][safepoint    ] Entering safepoint region: GenCollectForAllocation
[2022-06-13T01:27:21.774+0000][1][gc,start     ] GC(12) Pause Young (Allocation Failure)
[2022-06-13T01:27:21.774+0000][1][gc,task      ] GC(12) Using 5 workers of 13 for evacuation
[2022-06-13T01:27:21.778+0000][1][gc,age       ] GC(12) Desired survivor size 4456448 bytes, new threshold 6 (max threshold 6)
[2022-06-13T01:27:21.779+0000][1][gc,age       ] GC(12) Age table with threshold 6 (max threshold 6)
[2022-06-13T01:27:21.779+0000][1][gc,age       ] GC(12) - age   1:    2824112 bytes,    2824112 total
[2022-06-13T01:27:21.779+0000][1][gc,age       ] GC(12) - age   2:     345008 bytes,    3169120 total
[2022-06-13T01:27:21.780+0000][1][gc,age       ] GC(12) - age   3:     124904 bytes,    3294024 total
[2022-06-13T01:27:21.780+0000][1][gc,age       ] GC(12) - age   4:     457784 bytes,    3751808 total
[2022-06-13T01:27:21.780+0000][1][gc,age       ] GC(12) - age   5:     505400 bytes,    4257208 total
[2022-06-13T01:27:21.780+0000][1][gc,age       ] GC(12) - age   6:    1141200 bytes,    5398408 total
[2022-06-13T01:27:21.781+0000][1][gc,heap      ] GC(12) ParNew: 76294K->7381K(78656K)
[2022-06-13T01:27:21.781+0000][1][gc,heap      ] GC(12) CMS: 13965K->13965K(174784K)
[2022-06-13T01:27:21.781+0000][1][gc,metaspace ] GC(12) Metaspace: 26352K->26352K(1073152K)
[2022-06-13T01:27:21.782+0000][1][gc           ] GC(12) Pause Young (Allocation Failure) 88M->20M(247M) 7.893ms
[2022-06-13T01:27:21.782+0000][1][gc,cpu       ] GC(12) User=0.05s Sys=0.01s Real=0.01s
[2022-06-13T01:27:21.782+0000][1][safepoint    ] Leaving safepoint region
[2022-06-13T01:27:21.782+0000][1][safepoint    ] Total time for which application threads were stopped: 0.0092134 seconds, Stopping threads took: 0.0004396 seconds
[2022-06-13T01:27:22.469+0000][1][safepoint    ] Application time: 0.6862927 seconds
[2022-06-13T01:27:22.470+0000][1][safepoint    ] Entering safepoint region: RevokeBias
[2022-06-13T01:27:22.470+0000][1][safepoint    ] Leaving safepoint region
[2022-06-13T01:27:22.471+0000][1][safepoint    ] Total time for which application threads were stopped: 0.0013212 seconds, Stopping threads took: 0.0003333 seconds
[2022-06-13T01:27:22.504+0000][1][safepoint    ] Application time: 0.0330589 seconds
[2022-06-13T01:27:22.505+0000][1][safepoint    ] Entering safepoint region: GenCollectForAllocation
[2022-06-13T01:27:22.506+0000][1][gc,start     ] GC(13) Pause Young (Allocation Failure)
[2022-06-13T01:27:22.507+0000][1][gc,task      ] GC(13) Using 5 workers of 13 for evacuation
[2022-06-13T01:27:22.530+0000][1][gc,age       ] GC(13) Desired survivor size 4456448 bytes, new threshold 1 (max threshold 6)
[2022-06-13T01:27:22.531+0000][1][gc,age       ] GC(13) Age table with threshold 1 (max threshold 6)
[2022-06-13T01:27:22.531+0000][1][gc,age       ] GC(13) - age   1:    5062656 bytes,    5062656 total
[2022-06-13T01:27:22.531+0000][1][gc,age       ] GC(13) - age   2:    2418680 bytes,    7481336 total
[2022-06-13T01:27:22.531+0000][1][gc,age       ] GC(13) - age   3:     344744 bytes,    7826080 total
[2022-06-13T01:27:22.532+0000][1][gc,age       ] GC(13) - age   4:     124904 bytes,    7950984 total
[2022-06-13T01:27:22.532+0000][1][gc,age       ] GC(13) - age   5:     457784 bytes,    8408768 total
[2022-06-13T01:27:22.532+0000][1][gc,age       ] GC(13) - age   6:     505256 bytes,    8914024 total
[2022-06-13T01:27:22.532+0000][1][gc,heap      ] GC(13) ParNew: 77333K->8704K(78656K)
[2022-06-13T01:27:22.532+0000][1][gc,heap      ] GC(13) CMS: 13965K->25979K(174784K)
[2022-06-13T01:27:22.533+0000][1][gc,metaspace ] GC(13) Metaspace: 27084K->27084K(1075200K)
[2022-06-13T01:27:22.533+0000][1][gc           ] GC(13) Pause Young (Allocation Failure) 89M->33M(247M) 26.948ms
[2022-06-13T01:27:22.533+0000][1][gc,cpu       ] GC(13) User=0.32s Sys=0.00s Real=0.03s
[2022-06-13T01:27:22.533+0000][1][safepoint    ] Leaving safepoint region
[2022-06-13T01:27:22.533+0000][1][safepoint    ] Total time for which application threads were stopped: 0.0282608 seconds, Stopping threads took: 0.0006679 seconds
[2022-06-13T01:27:22.700+0000][1][safepoint    ] Application time: 0.1670573 seconds
[2022-06-13T01:27:22.701+0000][1][safepoint    ] Entering safepoint region: Deoptimize
[2022-06-13T01:27:22.702+0000][1][safepoint    ] Leaving safepoint region
[2022-06-13T01:27:22.702+0000][1][safepoint    ] Total time for which application threads were stopped: 0.0011992 seconds, Stopping threads took: 0.0002345 seconds
[2022-06-13T01:27:22.910+0000][1][safepoint    ] Application time: 0.2082183 seconds
[2022-06-13T01:27:22.911+0000][1][safepoint    ] Entering safepoint region: GenCollectForAllocation
[2022-06-13T01:27:22.912+0000][1][gc,start     ] GC(14) Pause Young (Allocation Failure)
[2022-06-13T01:27:22.912+0000][1][gc,task      ] GC(14) Using 5 workers of 13 for evacuation
[2022-06-13T01:27:22.938+0000][1][gc,age       ] GC(14) Desired survivor size 4456448 bytes, new threshold 1 (max threshold 6)
[2022-06-13T01:27:22.939+0000][1][gc,age       ] GC(14) Age table with threshold 1 (max threshold 6)
[2022-06-13T01:27:22.940+0000][1][gc,age       ] GC(14) - age   1:    8912752 bytes,    8912752 total
[2022-06-13T01:27:22.940+0000][1][gc,heap      ] GC(14) ParNew: 78656K->8704K(78656K)
[2022-06-13T01:27:22.940+0000][1][gc,heap      ] GC(14) CMS: 25979K->38830K(174784K)
[2022-06-13T01:27:22.941+0000][1][gc,metaspace ] GC(14) Metaspace: 27208K->27208K(1075200K)
[2022-06-13T01:27:22.941+0000][1][gc           ] GC(14) Pause Young (Allocation Failure) 102M->46M(247M) 29.721ms
[2022-06-13T01:27:22.942+0000][1][gc,cpu       ] GC(14) User=0.21s Sys=0.00s Real=0.03s
[2022-06-13T01:27:22.942+0000][1][safepoint    ] Leaving safepoint region
[2022-06-13T01:27:22.943+0000][1][safepoint    ] Total time for which application threads were stopped: 0.0316366 seconds, Stopping threads took: 0.0005209 seconds
[2022-06-13T01:27:23.165+0000][1][safepoint    ] Application time: 0.2225860 seconds
[2022-06-13T01:27:23.166+0000][1][safepoint    ] Entering safepoint region: RevokeBias
[2022-06-13T01:27:23.166+0000][1][safepoint    ] Leaving safepoint region
[2022-06-13T01:27:23.167+0000][1][safepoint    ] Total time for which application threads were stopped: 0.0009012 seconds, Stopping threads took: 0.0003909 seconds
[2022-06-13T01:27:23.395+0000][1][safepoint    ] Application time: 0.2283990 seconds
[2022-06-13T01:27:23.396+0000][1][safepoint    ] Entering safepoint region: RevokeBias
[2022-06-13T01:27:23.397+0000][1][safepoint    ] Leaving safepoint region
[2022-06-13T01:27:23.397+0000][1][safepoint    ] Total time for which application threads were stopped: 0.0012654 seconds, Stopping threads took: 0.0005226 seconds
[2022-06-13T01:27:23.563+0000][1][safepoint    ] Application time: 0.1652996 seconds
[2022-06-13T01:27:23.564+0000][1][safepoint    ] Entering safepoint region: GenCollectForAllocation
[2022-06-13T01:27:23.564+0000][1][gc,start     ] GC(15) Pause Young (Allocation Failure)
[2022-06-13T01:27:23.564+0000][1][gc,task      ] GC(15) Using 5 workers of 13 for evacuation
[2022-06-13T01:27:23.584+0000][1][gc,age       ] GC(15) Desired survivor size 4456448 bytes, new threshold 1 (max threshold 6)
[2022-06-13T01:27:23.584+0000][1][gc,age       ] GC(15) Age table with threshold 1 (max threshold 6)
[2022-06-13T01:27:23.584+0000][1][gc,age       ] GC(15) - age   1:    5708048 bytes,    5708048 total
[2022-06-13T01:27:23.585+0000][1][gc,heap      ] GC(15) ParNew: 78656K->8704K(78656K)
[2022-06-13T01:27:23.585+0000][1][gc,heap      ] GC(15) CMS: 38830K->49658K(174784K)
[2022-06-13T01:27:23.585+0000][1][gc,metaspace ] GC(15) Metaspace: 31857K->31857K(1079296K)
[2022-06-13T01:27:23.586+0000][1][gc           ] GC(15) Pause Young (Allocation Failure) 114M->56M(247M) 21.698ms
[2022-06-13T01:27:23.586+0000][1][gc,cpu       ] GC(15) User=0.17s Sys=0.00s Real=0.02s
[2022-06-13T01:27:23.586+0000][1][safepoint    ] Leaving safepoint region
[2022-06-13T01:27:23.587+0000][1][safepoint    ] Total time for which application threads were stopped: 0.0230219 seconds, Stopping threads took: 0.0003536 seconds
[2022-06-13T01:27:23.745+0000][1][safepoint    ] Application time: 0.1577891 seconds
[2022-06-13T01:27:23.745+0000][1][safepoint    ] Entering safepoint region: GenCollectForAllocation
[2022-06-13T01:27:23.745+0000][1][gc,start     ] GC(16) Pause Young (Allocation Failure)
[2022-06-13T01:27:23.746+0000][1][gc,task      ] GC(16) Using 5 workers of 13 for evacuation
[2022-06-13T01:27:23.752+0000][1][gc,age       ] GC(16) Desired survivor size 4456448 bytes, new threshold 6 (max threshold 6)
[2022-06-13T01:27:23.753+0000][1][gc,age       ] GC(16) Age table with threshold 6 (max threshold 6)
[2022-06-13T01:27:23.753+0000][1][gc,age       ] GC(16) - age   1:     408624 bytes,     408624 total
[2022-06-13T01:27:23.754+0000][1][gc,heap      ] GC(16) ParNew: 78656K->6298K(78656K)
[2022-06-13T01:27:23.754+0000][1][gc,heap      ] GC(16) CMS: 49658K->55273K(174784K)
[2022-06-13T01:27:23.755+0000][1][gc,metaspace ] GC(16) Metaspace: 32944K->32944K(1079296K)
[2022-06-13T01:27:23.755+0000][1][gc           ] GC(16) Pause Young (Allocation Failure) 125M->60M(247M) 9.591ms
[2022-06-13T01:27:23.755+0000][1][gc,cpu       ] GC(16) User=0.04s Sys=0.00s Real=0.01s
[2022-06-13T01:27:23.756+0000][1][safepoint    ] Leaving safepoint region
[2022-06-13T01:27:23.756+0000][1][safepoint    ] Total time for which application threads were stopped: 0.0107155 seconds, Stopping threads took: 0.0002677 seconds
[2022-06-13T01:27:23.779+0000][1][safepoint    ] Application time: 0.0228018 seconds
[2022-06-13T01:27:23.779+0000][1][safepoint    ] Entering safepoint region: RevokeBias
[2022-06-13T01:27:23.780+0000][1][safepoint    ] Leaving safepoint region
[2022-06-13T01:27:23.780+0000][1][safepoint    ] Total time for which application threads were stopped: 0.0005954 seconds, Stopping threads took: 0.0002812 seconds
[2022-06-13T01:27:23.958+0000][1][safepoint    ] Application time: 0.1773540 seconds
[2022-06-13T01:27:23.958+0000][1][safepoint    ] Entering safepoint region: CollectForMetadataAllocation
[2022-06-13T01:27:23.959+0000][1][safepoint    ] Leaving safepoint region
[2022-06-13T01:27:23.960+0000][1][safepoint    ] Total time for which application threads were stopped: 0.0017636 seconds, Stopping threads took: 0.0006604 seconds
[2022-06-13T01:27:23.995+0000][1][safepoint    ] Application time: 0.0339487 seconds
[2022-06-13T01:27:23.995+0000][1][safepoint    ] Entering safepoint region: CollectForMetadataAllocation
[2022-06-13T01:27:23.996+0000][1][safepoint    ] Leaving safepoint region
[2022-06-13T01:27:23.996+0000][1][safepoint    ] Total time for which application threads were stopped: 0.0010996 seconds, Stopping threads took: 0.0004231 seconds
[2022-06-13T01:27:24.012+0000][1][safepoint    ] Application time: 0.0150203 seconds
[2022-06-13T01:27:24.012+0000][1][safepoint    ] Entering safepoint region: CollectForMetadataAllocation
[2022-06-13T01:27:24.012+0000][1][safepoint    ] Leaving safepoint region
[2022-06-13T01:27:24.012+0000][1][safepoint    ] Total time for which application threads were stopped: 0.0005107 seconds, Stopping threads took: 0.0001626 seconds
[2022-06-13T01:27:24.029+0000][1][safepoint    ] Application time: 0.0166780 seconds
[2022-06-13T01:27:24.030+0000][1][safepoint    ] Entering safepoint region: CollectForMetadataAllocation
[2022-06-13T01:27:24.030+0000][1][safepoint    ] Leaving safepoint region
[2022-06-13T01:27:24.030+0000][1][safepoint    ] Total time for which application threads were stopped: 0.0005264 seconds, Stopping threads took: 0.0002081 seconds
[2022-06-13T01:27:24.052+0000][1][safepoint    ] Application time: 0.0213821 seconds
[2022-06-13T01:27:24.052+0000][1][safepoint    ] Entering safepoint region: CollectForMetadataAllocation
[2022-06-13T01:27:24.053+0000][1][safepoint    ] Leaving safepoint region
[2022-06-13T01:27:24.053+0000][1][safepoint    ] Total time for which application threads were stopped: 0.0009119 seconds, Stopping threads took: 0.0003161 seconds
[2022-06-13T01:27:24.073+0000][1][safepoint    ] Application time: 0.0190333 seconds
[2022-06-13T01:27:24.073+0000][1][safepoint    ] Entering safepoint region: CollectForMetadataAllocation
[2022-06-13T01:27:24.074+0000][1][safepoint    ] Leaving safepoint region
[2022-06-13T01:27:24.074+0000][1][safepoint    ] Total time for which application threads were stopped: 0.0008927 seconds, Stopping threads took: 0.0004234 seconds
[2022-06-13T01:27:24.094+0000][1][safepoint    ] Application time: 0.0189639 seconds
[2022-06-13T01:27:24.094+0000][1][safepoint    ] Entering safepoint region: CollectForMetadataAllocation
[2022-06-13T01:27:24.095+0000][1][safepoint    ] Leaving safepoint region
[2022-06-13T01:27:24.095+0000][1][safepoint    ] Total time for which application threads were stopped: 0.0007921 seconds, Stopping threads took: 0.0004378 seconds
[2022-06-13T01:27:24.119+0000][1][safepoint    ] Application time: 0.0237542 seconds
[2022-06-13T01:27:24.119+0000][1][safepoint    ] Entering safepoint region: CollectForMetadataAllocation
[2022-06-13T01:27:24.120+0000][1][safepoint    ] Leaving safepoint region
[2022-06-13T01:27:24.120+0000][1][safepoint    ] Total time for which application threads were stopped: 0.0005683 seconds, Stopping threads took: 0.0002050 seconds
[2022-06-13T01:27:24.139+0000][1][safepoint    ] Application time: 0.0192455 seconds
[2022-06-13T01:27:24.140+0000][1][safepoint    ] Entering safepoint region: CollectForMetadataAllocation
[2022-06-13T01:27:24.140+0000][1][safepoint    ] Leaving safepoint region
[2022-06-13T01:27:24.140+0000][1][safepoint    ] Total time for which application threads were stopped: 0.0006320 seconds, Stopping threads took: 0.0001922 seconds
[2022-06-13T01:27:24.153+0000][1][safepoint    ] Application time: 0.0122328 seconds
[2022-06-13T01:27:24.153+0000][1][safepoint    ] Entering safepoint region: RevokeBias
[2022-06-13T01:27:24.154+0000][1][safepoint    ] Leaving safepoint region
[2022-06-13T01:27:24.154+0000][1][safepoint    ] Total time for which application threads were stopped: 0.0007832 seconds, Stopping threads took: 0.0004221 seconds
[2022-06-13T01:27:24.158+0000][1][safepoint    ] Application time: 0.0038799 seconds
[2022-06-13T01:27:24.159+0000][1][safepoint    ] Entering safepoint region: CollectForMetadataAllocation
[2022-06-13T01:27:24.159+0000][1][safepoint    ] Leaving safepoint region
[2022-06-13T01:27:24.160+0000][1][safepoint    ] Total time for which application threads were stopped: 0.0009972 seconds, Stopping threads took: 0.0003922 seconds
[2022-06-13T01:27:24.183+0000][1][safepoint    ] Application time: 0.0229212 seconds
[2022-06-13T01:27:24.183+0000][1][safepoint    ] Entering safepoint region: CollectForMetadataAllocation
[2022-06-13T01:27:24.184+0000][1][safepoint    ] Leaving safepoint region
[2022-06-13T01:27:24.184+0000][1][safepoint    ] Total time for which application threads were stopped: 0.0008269 seconds, Stopping threads took: 0.0003384 seconds
[2022-06-13T01:27:24.209+0000][1][safepoint    ] Application time: 0.0241617 seconds
[2022-06-13T01:27:24.209+0000][1][safepoint    ] Entering safepoint region: CollectForMetadataAllocation
[2022-06-13T01:27:24.210+0000][1][safepoint    ] Leaving safepoint region
[2022-06-13T01:27:24.210+0000][1][safepoint    ] Total time for which application threads were stopped: 0.0009456 seconds, Stopping threads took: 0.0002743 seconds
[2022-06-13T01:27:24.226+0000][1][safepoint    ] Application time: 0.0154743 seconds
[2022-06-13T01:27:24.226+0000][1][safepoint    ] Entering safepoint region: CollectForMetadataAllocation
[2022-06-13T01:27:24.227+0000][1][safepoint    ] Leaving safepoint region
[2022-06-13T01:27:24.228+0000][1][safepoint    ] Total time for which application threads were stopped: 0.0010987 seconds, Stopping threads took: 0.0004831 seconds
[2022-06-13T01:27:24.244+0000][1][safepoint    ] Application time: 0.0156467 seconds
[2022-06-13T01:27:24.244+0000][1][safepoint    ] Entering safepoint region: CollectForMetadataAllocation
[2022-06-13T01:27:24.244+0000][1][safepoint    ] Leaving safepoint region
[2022-06-13T01:27:24.245+0000][1][safepoint    ] Total time for which application threads were stopped: 0.0007065 seconds, Stopping threads took: 0.0002854 seconds
[2022-06-13T01:27:24.259+0000][1][safepoint    ] Application time: 0.0142533 seconds
[2022-06-13T01:27:24.260+0000][1][safepoint    ] Entering safepoint region: CollectForMetadataAllocation
[2022-06-13T01:27:24.260+0000][1][safepoint    ] Leaving safepoint region
[2022-06-13T01:27:24.261+0000][1][safepoint    ] Total time for which application threads were stopped: 0.0012245 seconds, Stopping threads took: 0.0005275 seconds
[2022-06-13T01:27:24.281+0000][1][safepoint    ] Application time: 0.0192085 seconds
[2022-06-13T01:27:24.281+0000][1][safepoint    ] Entering safepoint region: CollectForMetadataAllocation
[2022-06-13T01:27:24.282+0000][1][safepoint    ] Leaving safepoint region
[2022-06-13T01:27:24.282+0000][1][safepoint    ] Total time for which application threads were stopped: 0.0009091 seconds, Stopping threads took: 0.0003421 seconds
[2022-06-13T01:27:24.300+0000][1][safepoint    ] Application time: 0.0175985 seconds
[2022-06-13T01:27:24.301+0000][1][safepoint    ] Entering safepoint region: CollectForMetadataAllocation
[2022-06-13T01:27:24.302+0000][1][safepoint    ] Leaving safepoint region
[2022-06-13T01:27:24.302+0000][1][safepoint    ] Total time for which application threads were stopped: 0.0013709 seconds, Stopping threads took: 0.0005179 seconds
[2022-06-13T01:27:24.316+0000][1][safepoint    ] Application time: 0.0132058 seconds
[2022-06-13T01:27:24.316+0000][1][safepoint    ] Entering safepoint region: CollectForMetadataAllocation
[2022-06-13T01:27:24.316+0000][1][safepoint    ] Leaving safepoint region
[2022-06-13T01:27:24.317+0000][1][safepoint    ] Total time for which application threads were stopped: 0.0008010 seconds, Stopping threads took: 0.0003113 seconds
[2022-06-13T01:27:24.342+0000][1][safepoint    ] Application time: 0.0250698 seconds
[2022-06-13T01:27:24.343+0000][1][safepoint    ] Entering safepoint region: CollectForMetadataAllocation
[2022-06-13T01:27:24.343+0000][1][safepoint    ] Leaving safepoint region
[2022-06-13T01:27:24.344+0000][1][safepoint    ] Total time for which application threads were stopped: 0.0007356 seconds, Stopping threads took: 0.0003674 seconds
[2022-06-13T01:27:24.358+0000][1][safepoint    ] Application time: 0.0135088 seconds
[2022-06-13T01:27:24.358+0000][1][safepoint    ] Entering safepoint region: CollectForMetadataAllocation
[2022-06-13T01:27:24.359+0000][1][safepoint    ] Leaving safepoint region
[2022-06-13T01:27:24.359+0000][1][safepoint    ] Total time for which application threads were stopped: 0.0013252 seconds, Stopping threads took: 0.0005019 seconds
[2022-06-13T01:27:24.379+0000][1][safepoint    ] Application time: 0.0192807 seconds
[2022-06-13T01:27:24.379+0000][1][safepoint    ] Entering safepoint region: CollectForMetadataAllocation
[2022-06-13T01:27:24.380+0000][1][safepoint    ] Leaving safepoint region
[2022-06-13T01:27:24.380+0000][1][safepoint    ] Total time for which application threads were stopped: 0.0006980 seconds, Stopping threads took: 0.0001541 seconds
[2022-06-13T01:27:24.411+0000][1][safepoint    ] Application time: 0.0303014 seconds
[2022-06-13T01:27:24.411+0000][1][safepoint    ] Entering safepoint region: CollectForMetadataAllocation
[2022-06-13T01:27:24.411+0000][1][safepoint    ] Leaving safepoint region
[2022-06-13T01:27:24.412+0000][1][safepoint    ] Total time for which application threads were stopped: 0.0008709 seconds, Stopping threads took: 0.0003035 seconds
[2022-06-13T01:27:24.436+0000][1][safepoint    ] Application time: 0.0240309 seconds
[2022-06-13T01:27:24.437+0000][1][safepoint    ] Entering safepoint region: CollectForMetadataAllocation
[2022-06-13T01:27:24.438+0000][1][safepoint    ] Leaving safepoint region
[2022-06-13T01:27:24.439+0000][1][safepoint    ] Total time for which application threads were stopped: 0.0013313 seconds, Stopping threads took: 0.0007966 seconds
[2022-06-13T01:27:24.455+0000][1][safepoint    ] Application time: 0.0161453 seconds
[2022-06-13T01:27:24.456+0000][1][safepoint    ] Entering safepoint region: CollectForMetadataAllocation
[2022-06-13T01:27:24.456+0000][1][safepoint    ] Leaving safepoint region
[2022-06-13T01:27:24.457+0000][1][safepoint    ] Total time for which application threads were stopped: 0.0009990 seconds, Stopping threads took: 0.0004710 seconds
[2022-06-13T01:27:24.479+0000][1][safepoint    ] Application time: 0.0216890 seconds
[2022-06-13T01:27:24.479+0000][1][safepoint    ] Entering safepoint region: CollectForMetadataAllocation
[2022-06-13T01:27:24.480+0000][1][safepoint    ] Leaving safepoint region
[2022-06-13T01:27:24.480+0000][1][safepoint    ] Total time for which application threads were stopped: 0.0010856 seconds, Stopping threads took: 0.0004634 seconds
[2022-06-13T01:27:24.505+0000][1][safepoint    ] Application time: 0.0245433 seconds
[2022-06-13T01:27:24.506+0000][1][safepoint    ] Entering safepoint region: CollectForMetadataAllocation
[2022-06-13T01:27:24.506+0000][1][safepoint    ] Leaving safepoint region
[2022-06-13T01:27:24.506+0000][1][safepoint    ] Total time for which application threads were stopped: 0.0009235 seconds, Stopping threads took: 0.0003826 seconds
[2022-06-13T01:27:24.523+0000][1][safepoint    ] Application time: 0.0160620 seconds
[2022-06-13T01:27:24.523+0000][1][safepoint    ] Entering safepoint region: CollectForMetadataAllocation
[2022-06-13T01:27:24.524+0000][1][safepoint    ] Leaving safepoint region
[2022-06-13T01:27:24.525+0000][1][safepoint    ] Total time for which application threads were stopped: 0.0012385 seconds, Stopping threads took: 0.0004022 seconds
[2022-06-13T01:27:24.741+0000][1][safepoint    ] Application time: 0.2155834 seconds
[2022-06-13T01:27:24.742+0000][1][safepoint    ] Entering safepoint region: CollectForMetadataAllocation
[2022-06-13T01:27:24.743+0000][1][safepoint    ] Leaving safepoint region
[2022-06-13T01:27:24.743+0000][1][safepoint    ] Total time for which application threads were stopped: 0.0014754 seconds, Stopping threads took: 0.0005937 seconds
[2022-06-13T01:27:25.033+0000][1][safepoint    ] Application time: 0.2895529 seconds
[2022-06-13T01:27:25.034+0000][1][safepoint    ] Entering safepoint region: GenCollectForAllocation
[2022-06-13T01:27:25.035+0000][1][gc,start     ] GC(17) Pause Young (Allocation Failure)
[2022-06-13T01:27:25.035+0000][1][gc,task      ] GC(17) Using 5 workers of 13 for evacuation
[2022-06-13T01:27:25.042+0000][1][gc,age       ] GC(17) Desired survivor size 4456448 bytes, new threshold 6 (max threshold 6)
[2022-06-13T01:27:25.043+0000][1][gc,age       ] GC(17) Age table with threshold 6 (max threshold 6)
[2022-06-13T01:27:25.043+0000][1][gc,age       ] GC(17) - age   1:    3769744 bytes,    3769744 total
[2022-06-13T01:27:25.044+0000][1][gc,age       ] GC(17) - age   2:     367632 bytes,    4137376 total
[2022-06-13T01:27:25.044+0000][1][gc,heap      ] GC(17) ParNew: 76250K->4948K(78656K)
[2022-06-13T01:27:25.045+0000][1][gc,heap      ] GC(17) CMS: 55273K->55273K(174784K)
[2022-06-13T01:27:25.045+0000][1][gc,metaspace ] GC(17) Metaspace: 42287K->42287K(1087488K)
[2022-06-13T01:27:25.046+0000][1][gc           ] GC(17) Pause Young (Allocation Failure) 128M->58M(247M) 10.939ms
[2022-06-13T01:27:25.046+0000][1][gc,cpu       ] GC(17) User=0.03s Sys=0.00s Real=0.01s
[2022-06-13T01:27:25.047+0000][1][safepoint    ] Leaving safepoint region
[2022-06-13T01:27:25.047+0000][1][safepoint    ] Total time for which application threads were stopped: 0.0131365 seconds, Stopping threads took: 0.0005502 seconds
[2022-06-13T01:27:25.048+0000][1][safepoint    ] Application time: 0.0002062 seconds
[2022-06-13T01:27:25.048+0000][1][safepoint    ] Entering safepoint region: CMS_Initial_Mark
[2022-06-13T01:27:25.048+0000][1][gc,start     ] GC(18) Pause Initial Mark
[2022-06-13T01:27:25.050+0000][1][gc           ] GC(18) Pause Initial Mark 60M->60M(247M) 1.993ms
[2022-06-13T01:27:25.051+0000][1][gc,cpu       ] GC(18) User=0.01s Sys=0.00s Real=0.01s
[2022-06-13T01:27:25.051+0000][1][safepoint    ] Leaving safepoint region
[2022-06-13T01:27:25.052+0000][1][safepoint    ] Total time for which application threads were stopped: 0.0040391 seconds, Stopping threads took: 0.0003388 seconds
[2022-06-13T01:27:25.053+0000][1][gc           ] GC(18) Concurrent Mark
[2022-06-13T01:27:25.054+0000][1][gc,task      ] GC(18) Using 4 workers of 4 for marking
[2022-06-13T01:27:25.056+0000][1][safepoint    ] Application time: 0.0028535 seconds
[2022-06-13T01:27:25.056+0000][1][safepoint    ] Entering safepoint region: RevokeBias
[2022-06-13T01:27:25.057+0000][1][safepoint    ] Leaving safepoint region
[2022-06-13T01:27:25.057+0000][1][safepoint    ] Total time for which application threads were stopped: 0.0011425 seconds, Stopping threads took: 0.0006101 seconds
[2022-06-13T01:27:25.066+0000][1][safepoint    ] Application time: 0.0087357 seconds
[2022-06-13T01:27:25.067+0000][1][safepoint    ] Entering safepoint region: CollectForMetadataAllocation
[2022-06-13T01:27:25.068+0000][1][safepoint    ] Leaving safepoint region
[2022-06-13T01:27:25.069+0000][1][safepoint    ] Total time for which application threads were stopped: 0.0015187 seconds, Stopping threads took: 0.0005645 seconds
[2022-06-13T01:27:25.095+0000][1][gc           ] GC(18) Concurrent Mark 41.928ms
[2022-06-13T01:27:25.096+0000][1][gc,cpu       ] GC(18) User=0.20s Sys=0.00s Real=0.04s
[2022-06-13T01:27:25.096+0000][1][gc           ] GC(18) Concurrent Preclean
[2022-06-13T01:27:25.098+0000][1][gc           ] GC(18) Concurrent Preclean 1.852ms
[2022-06-13T01:27:25.099+0000][1][gc,cpu       ] GC(18) User=0.00s Sys=0.00s Real=0.00s
[2022-06-13T01:27:25.099+0000][1][gc           ] GC(18) Concurrent Abortable Preclean
[2022-06-13T01:27:25.104+0000][1][safepoint    ] Application time: 0.0345671 seconds
[2022-06-13T01:27:25.104+0000][1][safepoint    ] Entering safepoint region: CollectForMetadataAllocation
[2022-06-13T01:27:25.106+0000][1][safepoint    ] Leaving safepoint region
[2022-06-13T01:27:25.106+0000][1][safepoint    ] Total time for which application threads were stopped: 0.0019690 seconds, Stopping threads took: 0.0011427 seconds
[2022-06-13T01:27:25.313+0000][1][safepoint    ] Application time: 0.2065944 seconds
[2022-06-13T01:27:25.314+0000][1][safepoint    ] Entering safepoint region: CollectForMetadataAllocation
[2022-06-13T01:27:25.315+0000][1][safepoint    ] Leaving safepoint region
[2022-06-13T01:27:25.315+0000][1][safepoint    ] Total time for which application threads were stopped: 0.0009442 seconds, Stopping threads took: 0.0003741 seconds
[2022-06-13T01:27:25.348+0000][1][safepoint    ] Application time: 0.0323843 seconds
[2022-06-13T01:27:25.348+0000][1][safepoint    ] Entering safepoint region: CollectForMetadataAllocation
[2022-06-13T01:27:25.350+0000][1][safepoint    ] Leaving safepoint region
[2022-06-13T01:27:25.350+0000][1][safepoint    ] Total time for which application threads were stopped: 0.0017980 seconds, Stopping threads took: 0.0003947 seconds
[2022-06-13T01:27:25.373+0000][1][safepoint    ] Application time: 0.0219917 seconds
[2022-06-13T01:27:25.373+0000][1][safepoint    ] Entering safepoint region: CollectForMetadataAllocation
[2022-06-13T01:27:25.374+0000][1][safepoint    ] Leaving safepoint region
[2022-06-13T01:27:25.375+0000][1][safepoint    ] Total time for which application threads were stopped: 0.0015346 seconds, Stopping threads took: 0.0006418 seconds
[2022-06-13T01:27:25.407+0000][1][safepoint    ] Application time: 0.0319251 seconds
[2022-06-13T01:27:25.408+0000][1][safepoint    ] Entering safepoint region: CollectForMetadataAllocation
[2022-06-13T01:27:25.409+0000][1][safepoint    ] Leaving safepoint region
[2022-06-13T01:27:25.410+0000][1][safepoint    ] Total time for which application threads were stopped: 0.0018110 seconds, Stopping threads took: 0.0006928 seconds
[2022-06-13T01:27:25.457+0000][1][gc           ] GC(18) Concurrent Abortable Preclean 357.425ms
[2022-06-13T01:27:25.457+0000][1][gc,cpu       ] GC(18) User=1.64s Sys=0.07s Real=0.35s
[2022-06-13T01:27:25.458+0000][1][safepoint    ] Application time: 0.0473494 seconds
[2022-06-13T01:27:25.459+0000][1][safepoint    ] Entering safepoint region: CMS_Final_Remark
[2022-06-13T01:27:25.459+0000][1][gc,start     ] GC(18) Pause Remark
[2022-06-13T01:27:25.477+0000][1][gc           ] GC(18) Pause Remark 96M->96M(247M) 17.381ms
[2022-06-13T01:27:25.478+0000][1][gc,cpu       ] GC(18) User=0.05s Sys=0.01s Real=0.01s
[2022-06-13T01:27:25.478+0000][1][safepoint    ] Leaving safepoint region
[2022-06-13T01:27:25.479+0000][1][safepoint    ] Total time for which application threads were stopped: 0.0200931 seconds, Stopping threads took: 0.0006582 seconds
[2022-06-13T01:27:25.479+0000][1][gc           ] GC(18) Concurrent Sweep
[2022-06-13T01:27:25.482+0000][1][safepoint    ] Application time: 0.0025413 seconds
[2022-06-13T01:27:25.483+0000][1][safepoint    ] Entering safepoint region: CollectForMetadataAllocation
[2022-06-13T01:27:25.485+0000][1][safepoint    ] Leaving safepoint region
[2022-06-13T01:27:25.485+0000][1][safepoint    ] Total time for which application threads were stopped: 0.0032348 seconds, Stopping threads took: 0.0012325 seconds
[2022-06-13T01:27:25.512+0000][1][gc           ] GC(18) Concurrent Sweep 32.964ms
[2022-06-13T01:27:25.513+0000][1][gc,cpu       ] GC(18) User=0.09s Sys=0.00s Real=0.03s
[2022-06-13T01:27:25.513+0000][1][gc           ] GC(18) Concurrent Reset
[2022-06-13T01:27:25.514+0000][1][gc           ] GC(18) Concurrent Reset 0.744ms
[2022-06-13T01:27:25.514+0000][1][gc,cpu       ] GC(18) User=0.00s Sys=0.00s Real=0.00s
[2022-06-13T01:27:25.514+0000][1][gc,heap      ] GC(18) Old: 55273K->55059K(174784K)
[2022-06-13T01:27:25.543+0000][1][safepoint    ] Application time: 0.0568731 seconds
[2022-06-13T01:27:25.543+0000][1][safepoint    ] Entering safepoint region: RevokeBias
[2022-06-13T01:27:25.544+0000][1][safepoint    ] Leaving safepoint region
[2022-06-13T01:27:25.545+0000][1][safepoint    ] Total time for which application threads were stopped: 0.0013777 seconds, Stopping threads took: 0.0006683 seconds
[2022-06-13T01:27:25.550+0000][1][safepoint    ] Application time: 0.0049673 seconds
[2022-06-13T01:27:25.551+0000][1][safepoint    ] Entering safepoint region: RevokeBias
[2022-06-13T01:27:25.552+0000][1][safepoint    ] Leaving safepoint region
[2022-06-13T01:27:25.553+0000][1][safepoint    ] Total time for which application threads were stopped: 0.0013207 seconds, Stopping threads took: 0.0006565 seconds
[2022-06-13T01:27:25.789+0000][1][safepoint    ] Application time: 0.2351554 seconds
[2022-06-13T01:27:25.790+0000][1][safepoint    ] Entering safepoint region: RevokeBias
[2022-06-13T01:27:25.791+0000][1][safepoint    ] Leaving safepoint region
[2022-06-13T01:27:25.791+0000][1][safepoint    ] Total time for which application threads were stopped: 0.0015976 seconds, Stopping threads took: 0.0006875 seconds
[2022-06-13T01:27:25.792+0000][1][safepoint    ] Application time: 0.0002196 seconds
[2022-06-13T01:27:25.792+0000][1][safepoint    ] Entering safepoint region: RevokeBias
[2022-06-13T01:27:25.792+0000][1][safepoint    ] Leaving safepoint region
[2022-06-13T01:27:25.793+0000][1][safepoint    ] Total time for which application threads were stopped: 0.0006880 seconds, Stopping threads took: 0.0002697 seconds
[2022-06-13T01:27:25.793+0000][1][safepoint    ] Application time: 0.0003237 seconds
[2022-06-13T01:27:25.794+0000][1][safepoint    ] Entering safepoint region: RevokeBias
[2022-06-13T01:27:25.794+0000][1][safepoint    ] Leaving safepoint region
[2022-06-13T01:27:25.795+0000][1][safepoint    ] Total time for which application threads were stopped: 0.0009636 seconds, Stopping threads took: 0.0005802 seconds
[2022-06-13T01:27:25.795+0000][1][safepoint    ] Application time: 0.0001393 seconds
[2022-06-13T01:27:25.795+0000][1][safepoint    ] Entering safepoint region: RevokeBias
[2022-06-13T01:27:25.795+0000][1][safepoint    ] Leaving safepoint region
[2022-06-13T01:27:25.796+0000][1][safepoint    ] Total time for which application threads were stopped: 0.0010773 seconds, Stopping threads took: 0.0003122 seconds
[2022-06-13T01:27:25.797+0000][1][safepoint    ] Application time: 0.0006639 seconds
[2022-06-13T01:27:25.797+0000][1][safepoint    ] Entering safepoint region: RevokeBias
[2022-06-13T01:27:25.798+0000][1][safepoint    ] Leaving safepoint region
[2022-06-13T01:27:25.798+0000][1][safepoint    ] Total time for which application threads were stopped: 0.0008277 seconds, Stopping threads took: 0.0002550 seconds
[2022-06-13T01:27:25.799+0000][1][safepoint    ] Application time: 0.0005972 seconds
[2022-06-13T01:27:25.800+0000][1][safepoint    ] Entering safepoint region: RevokeBias
[2022-06-13T01:27:25.800+0000][1][safepoint    ] Leaving safepoint region
[2022-06-13T01:27:25.801+0000][1][safepoint    ] Total time for which application threads were stopped: 0.0009032 seconds, Stopping threads took: 0.0004578 seconds
[2022-06-13T01:27:25.802+0000][1][safepoint    ] Application time: 0.0006150 seconds
[2022-06-13T01:27:25.802+0000][1][safepoint    ] Entering safepoint region: RevokeBias
[2022-06-13T01:27:25.803+0000][1][safepoint    ] Leaving safepoint region
[2022-06-13T01:27:25.804+0000][1][safepoint    ] Total time for which application threads were stopped: 0.0019918 seconds, Stopping threads took: 0.0011943 seconds
[2022-06-13T01:27:25.805+0000][1][safepoint    ] Application time: 0.0005635 seconds
[2022-06-13T01:27:25.805+0000][1][safepoint    ] Entering safepoint region: RevokeBias
[2022-06-13T01:27:25.806+0000][1][safepoint    ] Leaving safepoint region
[2022-06-13T01:27:25.807+0000][1][safepoint    ] Total time for which application threads were stopped: 0.0013318 seconds, Stopping threads took: 0.0006791 seconds
[2022-06-13T01:27:25.807+0000][1][safepoint    ] Application time: 0.0003292 seconds
[2022-06-13T01:27:25.808+0000][1][safepoint    ] Entering safepoint region: RevokeBias
[2022-06-13T01:27:25.808+0000][1][safepoint    ] Leaving safepoint region
[2022-06-13T01:27:25.809+0000][1][safepoint    ] Total time for which application threads were stopped: 0.0010641 seconds, Stopping threads took: 0.0005059 seconds
[2022-06-13T01:27:25.810+0000][1][safepoint    ] Application time: 0.0002833 seconds
[2022-06-13T01:27:25.810+0000][1][safepoint    ] Entering safepoint region: RevokeBias
[2022-06-13T01:27:25.811+0000][1][safepoint    ] Leaving safepoint region
[2022-06-13T01:27:25.811+0000][1][safepoint    ] Total time for which application threads were stopped: 0.0012115 seconds, Stopping threads took: 0.0005641 seconds
[2022-06-13T01:27:25.812+0000][1][safepoint    ] Application time: 0.0001321 seconds
[2022-06-13T01:27:25.812+0000][1][safepoint    ] Entering safepoint region: RevokeBias
[2022-06-13T01:27:25.813+0000][1][safepoint    ] Leaving safepoint region
[2022-06-13T01:27:25.813+0000][1][safepoint    ] Total time for which application threads were stopped: 0.0011835 seconds, Stopping threads took: 0.0006015 seconds
[2022-06-13T01:27:25.814+0000][1][safepoint    ] Application time: 0.0001148 seconds
[2022-06-13T01:27:25.814+0000][1][safepoint    ] Entering safepoint region: RevokeBias
[2022-06-13T01:27:25.814+0000][1][safepoint    ] Leaving safepoint region
[2022-06-13T01:27:25.814+0000][1][safepoint    ] Total time for which application threads were stopped: 0.0004055 seconds, Stopping threads took: 0.0002278 seconds
[2022-06-13T01:27:25.815+0000][1][safepoint    ] Application time: 0.0002561 seconds
[2022-06-13T01:27:25.815+0000][1][safepoint    ] Entering safepoint region: RevokeBias
[2022-06-13T01:27:25.816+0000][1][safepoint    ] Leaving safepoint region
[2022-06-13T01:27:25.816+0000][1][safepoint    ] Total time for which application threads were stopped: 0.0008646 seconds, Stopping threads took: 0.0006520 seconds
[2022-06-13T01:27:25.816+0000][1][safepoint    ] Application time: 0.0001500 seconds
[2022-06-13T01:27:25.817+0000][1][safepoint    ] Entering safepoint region: RevokeBias
[2022-06-13T01:27:25.817+0000][1][safepoint    ] Leaving safepoint region
[2022-06-13T01:27:25.817+0000][1][safepoint    ] Total time for which application threads were stopped: 0.0006746 seconds, Stopping threads took: 0.0005024 seconds
[2022-06-13T01:27:25.817+0000][1][safepoint    ] Application time: 0.0000905 seconds
[2022-06-13T01:27:25.818+0000][1][safepoint    ] Entering safepoint region: RevokeBias
[2022-06-13T01:27:25.818+0000][1][safepoint    ] Leaving safepoint region
[2022-06-13T01:27:25.818+0000][1][safepoint    ] Total time for which application threads were stopped: 0.0003405 seconds, Stopping threads took: 0.0001525 seconds
[2022-06-13T01:27:25.818+0000][1][safepoint    ] Application time: 0.0000987 seconds
[2022-06-13T01:27:25.819+0000][1][safepoint    ] Entering safepoint region: RevokeBias
[2022-06-13T01:27:25.819+0000][1][safepoint    ] Leaving safepoint region
[2022-06-13T01:27:25.819+0000][1][safepoint    ] Total time for which application threads were stopped: 0.0006042 seconds, Stopping threads took: 0.0002395 seconds
[2022-06-13T01:27:25.820+0000][1][safepoint    ] Application time: 0.0002541 seconds
[2022-06-13T01:27:25.821+0000][1][safepoint    ] Entering safepoint region: RevokeBias
[2022-06-13T01:27:25.821+0000][1][safepoint    ] Leaving safepoint region
[2022-06-13T01:27:25.821+0000][1][safepoint    ] Total time for which application threads were stopped: 0.0005092 seconds, Stopping threads took: 0.0002632 seconds
[2022-06-13T01:27:25.821+0000][1][safepoint    ] Application time: 0.0001217 seconds
[2022-06-13T01:27:25.822+0000][1][safepoint    ] Entering safepoint region: RevokeBias
[2022-06-13T01:27:25.822+0000][1][safepoint    ] Leaving safepoint region
[2022-06-13T01:27:25.822+0000][1][safepoint    ] Total time for which application threads were stopped: 0.0007168 seconds, Stopping threads took: 0.0003018 seconds
[2022-06-13T01:27:25.823+0000][1][safepoint    ] Application time: 0.0001291 seconds
[2022-06-13T01:27:25.823+0000][1][safepoint    ] Entering safepoint region: RevokeBias
[2022-06-13T01:27:25.824+0000][1][safepoint    ] Leaving safepoint region
[2022-06-13T01:27:25.824+0000][1][safepoint    ] Total time for which application threads were stopped: 0.0006215 seconds, Stopping threads took: 0.0002993 seconds
[2022-06-13T01:27:25.824+0000][1][safepoint    ] Application time: 0.0000929 seconds
[2022-06-13T01:27:25.825+0000][1][safepoint    ] Entering safepoint region: RevokeBias
[2022-06-13T01:27:25.825+0000][1][safepoint    ] Leaving safepoint region
[2022-06-13T01:27:25.825+0000][1][safepoint    ] Total time for which application threads were stopped: 0.0006600 seconds, Stopping threads took: 0.0003225 seconds
[2022-06-13T01:27:25.826+0000][1][safepoint    ] Application time: 0.0000873 seconds
[2022-06-13T01:27:25.826+0000][1][safepoint    ] Entering safepoint region: RevokeBias
[2022-06-13T01:27:25.826+0000][1][safepoint    ] Leaving safepoint region
[2022-06-13T01:27:25.827+0000][1][safepoint    ] Total time for which application threads were stopped: 0.0005828 seconds, Stopping threads took: 0.0002629 seconds
[2022-06-13T01:27:25.827+0000][1][safepoint    ] Application time: 0.0000820 seconds
[2022-06-13T01:27:25.827+0000][1][safepoint    ] Entering safepoint region: RevokeBias
[2022-06-13T01:27:25.827+0000][1][safepoint    ] Leaving safepoint region
[2022-06-13T01:27:25.828+0000][1][safepoint    ] Total time for which application threads were stopped: 0.0005085 seconds, Stopping threads took: 0.0002463 seconds
[2022-06-13T01:27:25.828+0000][1][safepoint    ] Application time: 0.0001033 seconds
[2022-06-13T01:27:25.828+0000][1][safepoint    ] Entering safepoint region: RevokeBias
[2022-06-13T01:27:25.828+0000][1][safepoint    ] Leaving safepoint region
[2022-06-13T01:27:25.828+0000][1][safepoint    ] Total time for which application threads were stopped: 0.0004394 seconds, Stopping threads took: 0.0001630 seconds
[2022-06-13T01:27:25.829+0000][1][safepoint    ] Application time: 0.0000987 seconds
[2022-06-13T01:27:25.829+0000][1][safepoint    ] Entering safepoint region: RevokeBias
[2022-06-13T01:27:25.829+0000][1][safepoint    ] Leaving safepoint region
[2022-06-13T01:27:25.830+0000][1][safepoint    ] Total time for which application threads were stopped: 0.0008590 seconds, Stopping threads took: 0.0002769 seconds
[2022-06-13T01:27:25.830+0000][1][safepoint    ] Application time: 0.0000878 seconds
[2022-06-13T01:27:25.830+0000][1][safepoint    ] Entering safepoint region: RevokeBias
[2022-06-13T01:27:25.830+0000][1][safepoint    ] Leaving safepoint region
[2022-06-13T01:27:25.831+0000][1][safepoint    ] Total time for which application threads were stopped: 0.0003199 seconds, Stopping threads took: 0.0001401 seconds
[2022-06-13T01:27:25.831+0000][1][safepoint    ] Application time: 0.0000838 seconds
[2022-06-13T01:27:25.831+0000][1][safepoint    ] Entering safepoint region: RevokeBias
[2022-06-13T01:27:25.831+0000][1][safepoint    ] Leaving safepoint region
[2022-06-13T01:27:25.831+0000][1][safepoint    ] Total time for which application threads were stopped: 0.0003106 seconds, Stopping threads took: 0.0001501 seconds
[2022-06-13T01:27:25.831+0000][1][safepoint    ] Application time: 0.0000752 seconds
[2022-06-13T01:27:25.832+0000][1][safepoint    ] Entering safepoint region: RevokeBias
[2022-06-13T01:27:25.832+0000][1][safepoint    ] Leaving safepoint region
[2022-06-13T01:27:25.832+0000][1][safepoint    ] Total time for which application threads were stopped: 0.0002956 seconds, Stopping threads took: 0.0001333 seconds
[2022-06-13T01:27:25.832+0000][1][safepoint    ] Application time: 0.0000748 seconds
[2022-06-13T01:27:25.832+0000][1][safepoint    ] Entering safepoint region: RevokeBias
[2022-06-13T01:27:25.832+0000][1][safepoint    ] Leaving safepoint region
[2022-06-13T01:27:25.833+0000][1][safepoint    ] Total time for which application threads were stopped: 0.0002682 seconds, Stopping threads took: 0.0001258 seconds
[2022-06-13T01:27:25.833+0000][1][safepoint    ] Application time: 0.0000681 seconds
[2022-06-13T01:27:25.833+0000][1][safepoint    ] Entering safepoint region: RevokeBias
[2022-06-13T01:27:25.833+0000][1][safepoint    ] Leaving safepoint region
[2022-06-13T01:27:25.833+0000][1][safepoint    ] Total time for which application threads were stopped: 0.0002664 seconds, Stopping threads took: 0.0001253 seconds
[2022-06-13T01:27:25.834+0000][1][safepoint    ] Application time: 0.0003559 seconds
[2022-06-13T01:27:25.834+0000][1][safepoint    ] Entering safepoint region: RevokeBias
[2022-06-13T01:27:25.834+0000][1][safepoint    ] Leaving safepoint region
[2022-06-13T01:27:25.834+0000][1][safepoint    ] Total time for which application threads were stopped: 0.0003566 seconds, Stopping threads took: 0.0001798 seconds
[2022-06-13T01:27:25.835+0000][1][safepoint    ] Application time: 0.0000721 seconds
[2022-06-13T01:27:25.835+0000][1][safepoint    ] Entering safepoint region: RevokeBias
[2022-06-13T01:27:25.835+0000][1][safepoint    ] Leaving safepoint region
[2022-06-13T01:27:25.835+0000][1][safepoint    ] Total time for which application threads were stopped: 0.0003262 seconds, Stopping threads took: 0.0001514 seconds
[2022-06-13T01:27:25.835+0000][1][safepoint    ] Application time: 0.0001511 seconds
[2022-06-13T01:27:25.836+0000][1][safepoint    ] Entering safepoint region: BulkRevokeBias
[2022-06-13T01:27:25.836+0000][1][safepoint    ] Leaving safepoint region
[2022-06-13T01:27:25.837+0000][1][safepoint    ] Total time for which application threads were stopped: 0.0010307 seconds, Stopping threads took: 0.0001541 seconds
[2022-06-13T01:27:25.837+0000][1][safepoint    ] Application time: 0.0002654 seconds
[2022-06-13T01:27:25.838+0000][1][safepoint    ] Entering safepoint region: RevokeBias
[2022-06-13T01:27:25.838+0000][1][safepoint    ] Leaving safepoint region
[2022-06-13T01:27:25.838+0000][1][safepoint    ] Total time for which application threads were stopped: 0.0005477 seconds, Stopping threads took: 0.0002234 seconds
[2022-06-13T01:27:25.838+0000][1][safepoint    ] Application time: 0.0001466 seconds
[2022-06-13T01:27:25.839+0000][1][safepoint    ] Entering safepoint region: RevokeBias
[2022-06-13T01:27:25.839+0000][1][safepoint    ] Leaving safepoint region
[2022-06-13T01:27:25.839+0000][1][safepoint    ] Total time for which application threads were stopped: 0.0003279 seconds, Stopping threads took: 0.0001463 seconds
[2022-06-13T01:27:25.839+0000][1][safepoint    ] Application time: 0.0003790 seconds
[2022-06-13T01:27:25.840+0000][1][safepoint    ] Entering safepoint region: RevokeBias
[2022-06-13T01:27:25.840+0000][1][safepoint    ] Leaving safepoint region
[2022-06-13T01:27:25.840+0000][1][safepoint    ] Total time for which application threads were stopped: 0.0003363 seconds, Stopping threads took: 0.0001469 seconds
[2022-06-13T01:27:25.840+0000][1][safepoint    ] Application time: 0.0001354 seconds
[2022-06-13T01:27:25.840+0000][1][safepoint    ] Entering safepoint region: RevokeBias
[2022-06-13T01:27:25.841+0000][1][safepoint    ] Leaving safepoint region
[2022-06-13T01:27:25.841+0000][1][safepoint    ] Total time for which application threads were stopped: 0.0004928 seconds, Stopping threads took: 0.0002758 seconds
[2022-06-13T01:27:25.841+0000][1][safepoint    ] Application time: 0.0002661 seconds
[2022-06-13T01:27:25.842+0000][1][safepoint    ] Entering safepoint region: RevokeBias
[2022-06-13T01:27:25.842+0000][1][safepoint    ] Leaving safepoint region
[2022-06-13T01:27:25.842+0000][1][safepoint    ] Total time for which application threads were stopped: 0.0005661 seconds, Stopping threads took: 0.0002829 seconds
[2022-06-13T01:27:25.842+0000][1][safepoint    ] Application time: 0.0001474 seconds
[2022-06-13T01:27:25.843+0000][1][safepoint    ] Entering safepoint region: RevokeBias
[2022-06-13T01:27:25.843+0000][1][safepoint    ] Leaving safepoint region
[2022-06-13T01:27:25.843+0000][1][safepoint    ] Total time for which application threads were stopped: 0.0005890 seconds, Stopping threads took: 0.0002609 seconds
[2022-06-13T01:27:25.844+0000][1][safepoint    ] Application time: 0.0001238 seconds
[2022-06-13T01:27:25.844+0000][1][safepoint    ] Entering safepoint region: RevokeBias
[2022-06-13T01:27:25.844+0000][1][safepoint    ] Leaving safepoint region
[2022-06-13T01:27:25.844+0000][1][safepoint    ] Total time for which application threads were stopped: 0.0003920 seconds, Stopping threads took: 0.0001674 seconds
[2022-06-13T01:27:25.844+0000][1][safepoint    ] Application time: 0.0001484 seconds
[2022-06-13T01:27:25.845+0000][1][safepoint    ] Entering safepoint region: RevokeBias
[2022-06-13T01:27:25.845+0000][1][safepoint    ] Leaving safepoint region
[2022-06-13T01:27:25.845+0000][1][safepoint    ] Total time for which application threads were stopped: 0.0006672 seconds, Stopping threads took: 0.0004644 seconds
[2022-06-13T01:27:25.846+0000][1][safepoint    ] Application time: 0.0001271 seconds
[2022-06-13T01:27:25.846+0000][1][safepoint    ] Entering safepoint region: RevokeBias
[2022-06-13T01:27:25.846+0000][1][safepoint    ] Leaving safepoint region
[2022-06-13T01:27:25.846+0000][1][safepoint    ] Total time for which application threads were stopped: 0.0003273 seconds, Stopping threads took: 0.0001425 seconds
[2022-06-13T01:27:25.846+0000][1][safepoint    ] Application time: 0.0000994 seconds
[2022-06-13T01:27:25.846+0000][1][safepoint    ] Entering safepoint region: RevokeBias
[2022-06-13T01:27:25.847+0000][1][safepoint    ] Leaving safepoint region
[2022-06-13T01:27:25.847+0000][1][safepoint    ] Total time for which application threads were stopped: 0.0003587 seconds, Stopping threads took: 0.0001608 seconds
[2022-06-13T01:27:25.847+0000][1][safepoint    ] Application time: 0.0000954 seconds
[2022-06-13T01:27:25.847+0000][1][safepoint    ] Entering safepoint region: RevokeBias
[2022-06-13T01:27:25.847+0000][1][safepoint    ] Leaving safepoint region
[2022-06-13T01:27:25.848+0000][1][safepoint    ] Total time for which application threads were stopped: 0.0003315 seconds, Stopping threads took: 0.0001533 seconds
[2022-06-13T01:27:25.848+0000][1][safepoint    ] Application time: 0.0001220 seconds
[2022-06-13T01:27:25.848+0000][1][safepoint    ] Entering safepoint region: RevokeBias
[2022-06-13T01:27:25.848+0000][1][safepoint    ] Leaving safepoint region
[2022-06-13T01:27:25.848+0000][1][safepoint    ] Total time for which application threads were stopped: 0.0003938 seconds, Stopping threads took: 0.0001658 seconds
[2022-06-13T01:27:25.849+0000][1][safepoint    ] Application time: 0.0000983 seconds
[2022-06-13T01:27:25.849+0000][1][safepoint    ] Entering safepoint region: RevokeBias
[2022-06-13T01:27:25.850+0000][1][safepoint    ] Leaving safepoint region
[2022-06-13T01:27:25.850+0000][1][safepoint    ] Total time for which application threads were stopped: 0.0007322 seconds, Stopping threads took: 0.0004339 seconds
[2022-06-13T01:27:25.850+0000][1][safepoint    ] Application time: 0.0001047 seconds
[2022-06-13T01:27:25.850+0000][1][safepoint    ] Entering safepoint region: RevokeBias
[2022-06-13T01:27:25.851+0000][1][safepoint    ] Leaving safepoint region
[2022-06-13T01:27:25.851+0000][1][safepoint    ] Total time for which application threads were stopped: 0.0008716 seconds, Stopping threads took: 0.0003750 seconds
[2022-06-13T01:27:25.852+0000][1][safepoint    ] Application time: 0.0001303 seconds
[2022-06-13T01:27:25.852+0000][1][safepoint    ] Entering safepoint region: RevokeBias
[2022-06-13T01:27:25.852+0000][1][safepoint    ] Leaving safepoint region
[2022-06-13T01:27:25.852+0000][1][safepoint    ] Total time for which application threads were stopped: 0.0003526 seconds, Stopping threads took: 0.0001614 seconds
[2022-06-13T01:27:25.853+0000][1][safepoint    ] Application time: 0.0003065 seconds
[2022-06-13T01:27:25.854+0000][1][safepoint    ] Entering safepoint region: RevokeBias
[2022-06-13T01:27:25.854+0000][1][safepoint    ] Leaving safepoint region
[2022-06-13T01:27:25.854+0000][1][safepoint    ] Total time for which application threads were stopped: 0.0005924 seconds, Stopping threads took: 0.0003370 seconds
[2022-06-13T01:27:25.855+0000][1][safepoint    ] Application time: 0.0001014 seconds
[2022-06-13T01:27:25.855+0000][1][safepoint    ] Entering safepoint region: RevokeBias
[2022-06-13T01:27:25.855+0000][1][safepoint    ] Leaving safepoint region
[2022-06-13T01:27:25.856+0000][1][safepoint    ] Total time for which application threads were stopped: 0.0006820 seconds, Stopping threads took: 0.0003334 seconds
[2022-06-13T01:27:25.856+0000][1][safepoint    ] Application time: 0.0000840 seconds
[2022-06-13T01:27:25.856+0000][1][safepoint    ] Entering safepoint region: RevokeBias
[2022-06-13T01:27:25.856+0000][1][safepoint    ] Leaving safepoint region
[2022-06-13T01:27:25.857+0000][1][safepoint    ] Total time for which application threads were stopped: 0.0006502 seconds, Stopping threads took: 0.0003094 seconds
[2022-06-13T01:27:25.857+0000][1][safepoint    ] Application time: 0.0000981 seconds
[2022-06-13T01:27:25.857+0000][1][safepoint    ] Entering safepoint region: RevokeBias
[2022-06-13T01:27:25.858+0000][1][safepoint    ] Leaving safepoint region
[2022-06-13T01:27:25.858+0000][1][safepoint    ] Total time for which application threads were stopped: 0.0005372 seconds, Stopping threads took: 0.0001814 seconds
[2022-06-13T01:27:25.858+0000][1][safepoint    ] Application time: 0.0001287 seconds
[2022-06-13T01:27:25.859+0000][1][safepoint    ] Entering safepoint region: RevokeBias
[2022-06-13T01:27:25.859+0000][1][safepoint    ] Leaving safepoint region
[2022-06-13T01:27:25.859+0000][1][safepoint    ] Total time for which application threads were stopped: 0.0005171 seconds, Stopping threads took: 0.0002805 seconds
[2022-06-13T01:27:25.860+0000][1][safepoint    ] Application time: 0.0001132 seconds
[2022-06-13T01:27:25.860+0000][1][safepoint    ] Entering safepoint region: RevokeBias
[2022-06-13T01:27:25.860+0000][1][safepoint    ] Leaving safepoint region
[2022-06-13T01:27:25.860+0000][1][safepoint    ] Total time for which application threads were stopped: 0.0004236 seconds, Stopping threads took: 0.0002103 seconds
[2022-06-13T01:27:25.860+0000][1][safepoint    ] Application time: 0.0000962 seconds
[2022-06-13T01:27:25.861+0000][1][safepoint    ] Entering safepoint region: RevokeBias
[2022-06-13T01:27:25.861+0000][1][safepoint    ] Leaving safepoint region
[2022-06-13T01:27:25.861+0000][1][safepoint    ] Total time for which application threads were stopped: 0.0004142 seconds, Stopping threads took: 0.0001861 seconds
[2022-06-13T01:27:25.861+0000][1][safepoint    ] Application time: 0.0000788 seconds
[2022-06-13T01:27:25.861+0000][1][safepoint    ] Entering safepoint region: RevokeBias
[2022-06-13T01:27:25.862+0000][1][safepoint    ] Leaving safepoint region
[2022-06-13T01:27:25.862+0000][1][safepoint    ] Total time for which application threads were stopped: 0.0004210 seconds, Stopping threads took: 0.0001981 seconds
[2022-06-13T01:27:25.862+0000][1][safepoint    ] Application time: 0.0000747 seconds
[2022-06-13T01:27:25.862+0000][1][safepoint    ] Entering safepoint region: BulkRevokeBias
[2022-06-13T01:27:25.862+0000][1][safepoint    ] Leaving safepoint region
[2022-06-13T01:27:25.863+0000][1][safepoint    ] Total time for which application threads were stopped: 0.0005221 seconds, Stopping threads took: 0.0001259 seconds
[2022-06-13T01:27:25.863+0000][1][safepoint    ] Application time: 0.0003741 seconds
[2022-06-13T01:27:25.864+0000][1][safepoint    ] Entering safepoint region: RevokeBias
[2022-06-13T01:27:25.864+0000][1][safepoint    ] Leaving safepoint region
[2022-06-13T01:27:25.864+0000][1][safepoint    ] Total time for which application threads were stopped: 0.0008553 seconds, Stopping threads took: 0.0006678 seconds
[2022-06-13T01:27:25.865+0000][1][safepoint    ] Application time: 0.0001767 seconds
[2022-06-13T01:27:25.865+0000][1][safepoint    ] Entering safepoint region: RevokeBias
[2022-06-13T01:27:25.865+0000][1][safepoint    ] Leaving safepoint region
[2022-06-13T01:27:25.866+0000][1][safepoint    ] Total time for which application threads were stopped: 0.0004638 seconds, Stopping threads took: 0.0002023 seconds
[2022-06-13T01:27:25.866+0000][1][safepoint    ] Application time: 0.0003132 seconds
[2022-06-13T01:27:25.867+0000][1][safepoint    ] Entering safepoint region: RevokeBias
[2022-06-13T01:27:25.867+0000][1][safepoint    ] Leaving safepoint region
[2022-06-13T01:27:25.867+0000][1][safepoint    ] Total time for which application threads were stopped: 0.0005968 seconds, Stopping threads took: 0.0003269 seconds
[2022-06-13T01:27:25.867+0000][1][safepoint    ] Application time: 0.0001819 seconds
[2022-06-13T01:27:25.868+0000][1][safepoint    ] Entering safepoint region: RevokeBias
[2022-06-13T01:27:25.868+0000][1][safepoint    ] Leaving safepoint region
[2022-06-13T01:27:25.868+0000][1][safepoint    ] Total time for which application threads were stopped: 0.0006168 seconds, Stopping threads took: 0.0002802 seconds
[2022-06-13T01:27:25.869+0000][1][safepoint    ] Application time: 0.0001087 seconds
[2022-06-13T01:27:25.869+0000][1][safepoint    ] Entering safepoint region: RevokeBias
[2022-06-13T01:27:25.869+0000][1][safepoint    ] Leaving safepoint region
[2022-06-13T01:27:25.870+0000][1][safepoint    ] Total time for which application threads were stopped: 0.0010617 seconds, Stopping threads took: 0.0003473 seconds
[2022-06-13T01:27:25.870+0000][1][safepoint    ] Application time: 0.0001213 seconds
[2022-06-13T01:27:25.871+0000][1][safepoint    ] Entering safepoint region: RevokeBias
[2022-06-13T01:27:25.871+0000][1][safepoint    ] Leaving safepoint region
[2022-06-13T01:27:25.871+0000][1][safepoint    ] Total time for which application threads were stopped: 0.0007679 seconds, Stopping threads took: 0.0003798 seconds
[2022-06-13T01:27:25.872+0000][1][safepoint    ] Application time: 0.0004556 seconds
[2022-06-13T01:27:25.873+0000][1][safepoint    ] Entering safepoint region: RevokeBias
[2022-06-13T01:27:25.873+0000][1][safepoint    ] Leaving safepoint region
[2022-06-13T01:27:25.873+0000][1][safepoint    ] Total time for which application threads were stopped: 0.0008176 seconds, Stopping threads took: 0.0006438 seconds
[2022-06-13T01:27:25.874+0000][1][safepoint    ] Application time: 0.0004399 seconds
[2022-06-13T01:27:25.874+0000][1][safepoint    ] Entering safepoint region: RevokeBias
[2022-06-13T01:27:25.874+0000][1][safepoint    ] Leaving safepoint region
[2022-06-13T01:27:25.874+0000][1][safepoint    ] Total time for which application threads were stopped: 0.0005244 seconds, Stopping threads took: 0.0002220 seconds
[2022-06-13T01:27:25.875+0000][1][safepoint    ] Application time: 0.0006415 seconds
[2022-06-13T01:27:25.876+0000][1][safepoint    ] Entering safepoint region: RevokeBias
[2022-06-13T01:27:25.876+0000][1][safepoint    ] Leaving safepoint region
[2022-06-13T01:27:25.876+0000][1][safepoint    ] Total time for which application threads were stopped: 0.0006512 seconds, Stopping threads took: 0.0003899 seconds
[2022-06-13T01:27:25.877+0000][1][safepoint    ] Application time: 0.0002535 seconds
[2022-06-13T01:27:25.877+0000][1][safepoint    ] Entering safepoint region: RevokeBias
[2022-06-13T01:27:25.877+0000][1][safepoint    ] Leaving safepoint region
[2022-06-13T01:27:25.878+0000][1][safepoint    ] Total time for which application threads were stopped: 0.0007544 seconds, Stopping threads took: 0.0003725 seconds
[2022-06-13T01:27:25.879+0000][1][safepoint    ] Application time: 0.0004899 seconds
[2022-06-13T01:27:25.879+0000][1][safepoint    ] Entering safepoint region: RevokeBias
[2022-06-13T01:27:25.879+0000][1][safepoint    ] Leaving safepoint region
[2022-06-13T01:27:25.879+0000][1][safepoint    ] Total time for which application threads were stopped: 0.0006432 seconds, Stopping threads took: 0.0003812 seconds
[2022-06-13T01:27:25.880+0000][1][safepoint    ] Application time: 0.0003962 seconds
[2022-06-13T01:27:25.880+0000][1][safepoint    ] Entering safepoint region: RevokeBias
[2022-06-13T01:27:25.881+0000][1][safepoint    ] Leaving safepoint region
[2022-06-13T01:27:25.881+0000][1][safepoint    ] Total time for which application threads were stopped: 0.0005745 seconds, Stopping threads took: 0.0001868 seconds
[2022-06-13T01:27:25.881+0000][1][safepoint    ] Application time: 0.0001805 seconds
[2022-06-13T01:27:25.882+0000][1][safepoint    ] Entering safepoint region: RevokeBias
[2022-06-13T01:27:25.882+0000][1][safepoint    ] Leaving safepoint region
[2022-06-13T01:27:25.882+0000][1][safepoint    ] Total time for which application threads were stopped: 0.0005390 seconds, Stopping threads took: 0.0003072 seconds
[2022-06-13T01:27:25.882+0000][1][safepoint    ] Application time: 0.0001798 seconds
[2022-06-13T01:27:25.883+0000][1][safepoint    ] Entering safepoint region: RevokeBias
[2022-06-13T01:27:25.883+0000][1][safepoint    ] Leaving safepoint region
[2022-06-13T01:27:25.883+0000][1][safepoint    ] Total time for which application threads were stopped: 0.0005990 seconds, Stopping threads took: 0.0002699 seconds
[2022-06-13T01:27:25.884+0000][1][safepoint    ] Application time: 0.0004747 seconds
[2022-06-13T01:27:25.884+0000][1][safepoint    ] Entering safepoint region: RevokeBias
[2022-06-13T01:27:25.885+0000][1][safepoint    ] Leaving safepoint region
[2022-06-13T01:27:25.885+0000][1][safepoint    ] Total time for which application threads were stopped: 0.0004926 seconds, Stopping threads took: 0.0002293 seconds
[2022-06-13T01:27:25.885+0000][1][safepoint    ] Application time: 0.0003323 seconds
[2022-06-13T01:27:25.886+0000][1][safepoint    ] Entering safepoint region: RevokeBias
[2022-06-13T01:27:25.886+0000][1][safepoint    ] Leaving safepoint region
[2022-06-13T01:27:25.886+0000][1][safepoint    ] Total time for which application threads were stopped: 0.0007000 seconds, Stopping threads took: 0.0002209 seconds
[2022-06-13T01:27:25.887+0000][1][safepoint    ] Application time: 0.0005089 seconds
[2022-06-13T01:27:25.887+0000][1][safepoint    ] Entering safepoint region: RevokeBias
[2022-06-13T01:27:25.888+0000][1][safepoint    ] Leaving safepoint region
[2022-06-13T01:27:25.888+0000][1][safepoint    ] Total time for which application threads were stopped: 0.0004186 seconds, Stopping threads took: 0.0001834 seconds
[2022-06-13T01:27:25.889+0000][1][safepoint    ] Application time: 0.0012125 seconds
[2022-06-13T01:27:25.890+0000][1][safepoint    ] Entering safepoint region: RevokeBias
[2022-06-13T01:27:25.890+0000][1][safepoint    ] Leaving safepoint region
[2022-06-13T01:27:25.890+0000][1][safepoint    ] Total time for which application threads were stopped: 0.0007788 seconds, Stopping threads took: 0.0003198 seconds
[2022-06-13T01:27:25.891+0000][1][safepoint    ] Application time: 0.0002343 seconds
[2022-06-13T01:27:25.891+0000][1][safepoint    ] Entering safepoint region: RevokeBias
[2022-06-13T01:27:25.892+0000][1][safepoint    ] Leaving safepoint region
[2022-06-13T01:27:25.892+0000][1][safepoint    ] Total time for which application threads were stopped: 0.0006613 seconds, Stopping threads took: 0.0002258 seconds
[2022-06-13T01:27:25.892+0000][1][safepoint    ] Application time: 0.0001308 seconds
[2022-06-13T01:27:25.893+0000][1][safepoint    ] Entering safepoint region: RevokeBias
[2022-06-13T01:27:25.893+0000][1][safepoint    ] Leaving safepoint region
[2022-06-13T01:27:25.893+0000][1][safepoint    ] Total time for which application threads were stopped: 0.0006286 seconds, Stopping threads took: 0.0003746 seconds
[2022-06-13T01:27:25.894+0000][1][safepoint    ] Application time: 0.0008840 seconds
[2022-06-13T01:27:25.895+0000][1][safepoint    ] Entering safepoint region: RevokeBias
[2022-06-13T01:27:25.895+0000][1][safepoint    ] Leaving safepoint region
[2022-06-13T01:27:25.895+0000][1][safepoint    ] Total time for which application threads were stopped: 0.0008733 seconds, Stopping threads took: 0.0005820 seconds
[2022-06-13T01:27:25.897+0000][1][safepoint    ] Application time: 0.0012946 seconds
[2022-06-13T01:27:25.897+0000][1][safepoint    ] Entering safepoint region: RevokeBias
[2022-06-13T01:27:25.898+0000][1][safepoint    ] Leaving safepoint region
[2022-06-13T01:27:25.898+0000][1][safepoint    ] Total time for which application threads were stopped: 0.0006493 seconds, Stopping threads took: 0.0003417 seconds
[2022-06-13T01:27:25.898+0000][1][safepoint    ] Application time: 0.0001806 seconds
[2022-06-13T01:27:25.899+0000][1][safepoint    ] Entering safepoint region: RevokeBias
[2022-06-13T01:27:25.899+0000][1][safepoint    ] Leaving safepoint region
[2022-06-13T01:27:25.899+0000][1][safepoint    ] Total time for which application threads were stopped: 0.0006415 seconds, Stopping threads took: 0.0002977 seconds
[2022-06-13T01:27:25.900+0000][1][safepoint    ] Application time: 0.0003138 seconds
[2022-06-13T01:27:25.900+0000][1][safepoint    ] Entering safepoint region: RevokeBias
[2022-06-13T01:27:25.900+0000][1][safepoint    ] Leaving safepoint region
[2022-06-13T01:27:25.900+0000][1][safepoint    ] Total time for which application threads were stopped: 0.0006204 seconds, Stopping threads took: 0.0004386 seconds
[2022-06-13T01:27:25.923+0000][1][safepoint    ] Application time: 0.0226375 seconds
[2022-06-13T01:27:25.924+0000][1][safepoint    ] Entering safepoint region: GenCollectForAllocation
[2022-06-13T01:27:25.925+0000][1][gc,start     ] GC(19) Pause Young (Allocation Failure)
[2022-06-13T01:27:25.926+0000][1][gc,task      ] GC(19) Using 5 workers of 13 for evacuation
[2022-06-13T01:27:25.933+0000][1][gc,age       ] GC(19) Desired survivor size 4456448 bytes, new threshold 2 (max threshold 6)
[2022-06-13T01:27:25.934+0000][1][gc,age       ] GC(19) Age table with threshold 2 (max threshold 6)
[2022-06-13T01:27:25.935+0000][1][gc,age       ] GC(19) - age   1:    3213736 bytes,    3213736 total
[2022-06-13T01:27:25.935+0000][1][gc,age       ] GC(19) - age   2:    3668760 bytes,    6882496 total
[2022-06-13T01:27:25.936+0000][1][gc,age       ] GC(19) - age   3:     365792 bytes,    7248288 total
[2022-06-13T01:27:25.937+0000][1][gc,heap      ] GC(19) ParNew: 74880K->8704K(78656K)
[2022-06-13T01:27:25.938+0000][1][gc,heap      ] GC(19) CMS: 55059K->55059K(174784K)
[2022-06-13T01:27:25.939+0000][1][gc,metaspace ] GC(19) Metaspace: 47321K->47321K(1093632K)
[2022-06-13T01:27:25.939+0000][1][gc           ] GC(19) Pause Young (Allocation Failure) 126M->62M(247M) 14.354ms
[2022-06-13T01:27:25.940+0000][1][gc,cpu       ] GC(19) User=0.05s Sys=0.00s Real=0.02s
[2022-06-13T01:27:25.941+0000][1][safepoint    ] Leaving safepoint region
[2022-06-13T01:27:25.941+0000][1][safepoint    ] Total time for which application threads were stopped: 0.0171407 seconds, Stopping threads took: 0.0007597 seconds
[2022-06-13T01:27:26.526+0000][1][safepoint    ] Application time: 0.5839415 seconds
[2022-06-13T01:27:26.527+0000][1][safepoint    ] Entering safepoint region: GenCollectForAllocation
[2022-06-13T01:27:26.528+0000][1][gc,start     ] GC(20) Pause Young (Allocation Failure)
[2022-06-13T01:27:26.528+0000][1][gc,task      ] GC(20) Using 5 workers of 13 for evacuation
[2022-06-13T01:27:26.539+0000][1][gc,age       ] GC(20) Desired survivor size 4456448 bytes, new threshold 2 (max threshold 6)
[2022-06-13T01:27:26.540+0000][1][gc,age       ] GC(20) Age table with threshold 2 (max threshold 6)
[2022-06-13T01:27:26.540+0000][1][gc,age       ] GC(20) - age   1:    1618056 bytes,    1618056 total
[2022-06-13T01:27:26.541+0000][1][gc,age       ] GC(20) - age   2:    3102088 bytes,    4720144 total
[2022-06-13T01:27:26.541+0000][1][gc,heap      ] GC(20) ParNew: 78656K->6169K(78656K)
[2022-06-13T01:27:26.542+0000][1][gc,heap      ] GC(20) CMS: 55059K->59131K(174784K)
[2022-06-13T01:27:26.542+0000][1][gc,metaspace ] GC(20) Metaspace: 54367K->54367K(1099776K)
[2022-06-13T01:27:26.543+0000][1][gc           ] GC(20) Pause Young (Allocation Failure) 130M->63M(247M) 14.928ms
[2022-06-13T01:27:26.543+0000][1][gc,cpu       ] GC(20) User=0.04s Sys=0.01s Real=0.02s
[2022-06-13T01:27:26.544+0000][1][safepoint    ] Leaving safepoint region
[2022-06-13T01:27:26.544+0000][1][safepoint    ] Total time for which application threads were stopped: 0.0174307 seconds, Stopping threads took: 0.0004903 seconds
[2022-06-13T01:27:26.630+0000][1][safepoint    ] Application time: 0.0860854 seconds
[2022-06-13T01:27:26.631+0000][1][safepoint    ] Entering safepoint region: RevokeBias
[2022-06-13T01:27:26.631+0000][1][safepoint    ] Leaving safepoint region
[2022-06-13T01:27:26.632+0000][1][safepoint    ] Total time for which application threads were stopped: 0.0007956 seconds, Stopping threads took: 0.0002835 seconds
[2022-06-13T01:27:26.632+0000][1][safepoint    ] Application time: 0.0001507 seconds
[2022-06-13T01:27:26.632+0000][1][safepoint    ] Entering safepoint region: RevokeBias
[2022-06-13T01:27:26.633+0000][1][safepoint    ] Leaving safepoint region
[2022-06-13T01:27:26.633+0000][1][safepoint    ] Total time for which application threads were stopped: 0.0006284 seconds, Stopping threads took: 0.0002665 seconds
[2022-06-13T01:27:26.633+0000][1][safepoint    ] Application time: 0.0001748 seconds
[2022-06-13T01:27:26.634+0000][1][safepoint    ] Entering safepoint region: RevokeBias
[2022-06-13T01:27:26.634+0000][1][safepoint    ] Leaving safepoint region
[2022-06-13T01:27:26.635+0000][1][safepoint    ] Total time for which application threads were stopped: 0.0009282 seconds, Stopping threads took: 0.0005350 seconds
[2022-06-13T01:27:26.639+0000][1][safepoint    ] Application time: 0.0044185 seconds
[2022-06-13T01:27:26.640+0000][1][safepoint    ] Entering safepoint region: RevokeBias
[2022-06-13T01:27:26.640+0000][1][safepoint    ] Leaving safepoint region
[2022-06-13T01:27:26.641+0000][1][safepoint    ] Total time for which application threads were stopped: 0.0007721 seconds, Stopping threads took: 0.0003809 seconds
[2022-06-13T01:27:26.725+0000][1][safepoint    ] Application time: 0.0835883 seconds
[2022-06-13T01:27:26.725+0000][1][safepoint    ] Entering safepoint region: RevokeBias
[2022-06-13T01:27:26.727+0000][1][safepoint    ] Leaving safepoint region
[2022-06-13T01:27:26.727+0000][1][safepoint    ] Total time for which application threads were stopped: 0.0023762 seconds, Stopping threads took: 0.0006587 seconds
[2022-06-13T01:27:26.729+0000][1][safepoint    ] Application time: 0.0011597 seconds
[2022-06-13T01:27:26.730+0000][1][safepoint    ] Entering safepoint region: BulkRevokeBias
[2022-06-13T01:27:26.730+0000][1][safepoint    ] Leaving safepoint region
[2022-06-13T01:27:26.730+0000][1][safepoint    ] Total time for which application threads were stopped: 0.0009645 seconds, Stopping threads took: 0.0005012 seconds
[2022-06-13T01:27:26.913+0000][1][safepoint    ] Application time: 0.1820757 seconds
[2022-06-13T01:27:26.913+0000][1][safepoint    ] Entering safepoint region: Deoptimize
[2022-06-13T01:27:26.914+0000][1][safepoint    ] Leaving safepoint region
[2022-06-13T01:27:26.915+0000][1][safepoint    ] Total time for which application threads were stopped: 0.0013846 seconds, Stopping threads took: 0.0002199 seconds
[2022-06-13T01:27:27.379+0000][1][safepoint    ] Application time: 0.4639037 seconds
[2022-06-13T01:27:27.379+0000][1][safepoint    ] Entering safepoint region: RevokeBias
[2022-06-13T01:27:27.380+0000][1][safepoint    ] Leaving safepoint region
[2022-06-13T01:27:27.380+0000][1][safepoint    ] Total time for which application threads were stopped: 0.0006313 seconds, Stopping threads took: 0.0003407 seconds
[2022-06-13T01:27:27.380+0000][1][safepoint    ] Application time: 0.0001350 seconds
[2022-06-13T01:27:27.381+0000][1][safepoint    ] Entering safepoint region: RevokeBias
[2022-06-13T01:27:27.381+0000][1][safepoint    ] Leaving safepoint region
[2022-06-13T01:27:27.381+0000][1][safepoint    ] Total time for which application threads were stopped: 0.0003361 seconds, Stopping threads took: 0.0001624 seconds
[2022-06-13T01:27:27.535+0000][1][safepoint    ] Application time: 0.1540907 seconds
[2022-06-13T01:27:27.536+0000][1][safepoint    ] Entering safepoint region: Deoptimize
[2022-06-13T01:27:27.537+0000][1][safepoint    ] Leaving safepoint region
[2022-06-13T01:27:27.537+0000][1][safepoint    ] Total time for which application threads were stopped: 0.0013654 seconds, Stopping threads took: 0.0004602 seconds
[2022-06-13T01:27:27.544+0000][1][safepoint    ] Application time: 0.0061389 seconds
[2022-06-13T01:27:27.544+0000][1][safepoint    ] Entering safepoint region: RevokeBias
[2022-06-13T01:27:27.544+0000][1][safepoint    ] Leaving safepoint region
[2022-06-13T01:27:27.545+0000][1][safepoint    ] Total time for which application threads were stopped: 0.0007090 seconds, Stopping threads took: 0.0003027 seconds
[2022-06-13T01:27:27.546+0000][1][safepoint    ] Application time: 0.0007466 seconds
[2022-06-13T01:27:27.546+0000][1][safepoint    ] Entering safepoint region: BulkRevokeBias
[2022-06-13T01:27:27.546+0000][1][safepoint    ] Leaving safepoint region
[2022-06-13T01:27:27.547+0000][1][safepoint    ] Total time for which application threads were stopped: 0.0007234 seconds, Stopping threads took: 0.0002397 seconds
[2022-06-13T01:27:27.548+0000][1][safepoint    ] Application time: 0.0008782 seconds
[2022-06-13T01:27:27.548+0000][1][safepoint    ] Entering safepoint region: RevokeBias
[2022-06-13T01:27:27.549+0000][1][safepoint    ] Leaving safepoint region
[2022-06-13T01:27:27.549+0000][1][safepoint    ] Total time for which application threads were stopped: 0.0005247 seconds, Stopping threads took: 0.0002508 seconds
[2022-06-13T01:27:27.550+0000][1][safepoint    ] Application time: 0.0004623 seconds
[2022-06-13T01:27:27.550+0000][1][safepoint    ] Entering safepoint region: RevokeBias
[2022-06-13T01:27:27.550+0000][1][safepoint    ] Leaving safepoint region
[2022-06-13T01:27:27.550+0000][1][safepoint    ] Total time for which application threads were stopped: 0.0005031 seconds, Stopping threads took: 0.0002512 seconds
[2022-06-13T01:27:27.551+0000][1][safepoint    ] Application time: 0.0007070 seconds
[2022-06-13T01:27:27.551+0000][1][safepoint    ] Entering safepoint region: RevokeBias
[2022-06-13T01:27:27.552+0000][1][safepoint    ] Leaving safepoint region
[2022-06-13T01:27:27.552+0000][1][safepoint    ] Total time for which application threads were stopped: 0.0006945 seconds, Stopping threads took: 0.0003388 seconds
[2022-06-13T01:27:27.553+0000][1][safepoint    ] Application time: 0.0002341 seconds
[2022-06-13T01:27:27.553+0000][1][safepoint    ] Entering safepoint region: RevokeBias
[2022-06-13T01:27:27.553+0000][1][safepoint    ] Leaving safepoint region
[2022-06-13T01:27:27.553+0000][1][safepoint    ] Total time for which application threads were stopped: 0.0005731 seconds, Stopping threads took: 0.0002650 seconds
[2022-06-13T01:27:27.554+0000][1][safepoint    ] Application time: 0.0001900 seconds
[2022-06-13T01:27:27.554+0000][1][safepoint    ] Entering safepoint region: RevokeBias
[2022-06-13T01:27:27.555+0000][1][safepoint    ] Leaving safepoint region
[2022-06-13T01:27:27.555+0000][1][safepoint    ] Total time for which application threads were stopped: 0.0005564 seconds, Stopping threads took: 0.0002614 seconds
[2022-06-13T01:27:27.555+0000][1][safepoint    ] Application time: 0.0002270 seconds
[2022-06-13T01:27:27.555+0000][1][safepoint    ] Entering safepoint region: RevokeBias
[2022-06-13T01:27:27.556+0000][1][safepoint    ] Leaving safepoint region
[2022-06-13T01:27:27.556+0000][1][safepoint    ] Total time for which application threads were stopped: 0.0008366 seconds, Stopping threads took: 0.0003523 seconds
[2022-06-13T01:27:27.557+0000][1][safepoint    ] Application time: 0.0004232 seconds
[2022-06-13T01:27:27.557+0000][1][safepoint    ] Entering safepoint region: RevokeBias
[2022-06-13T01:27:27.558+0000][1][safepoint    ] Leaving safepoint region
[2022-06-13T01:27:27.558+0000][1][safepoint    ] Total time for which application threads were stopped: 0.0005544 seconds, Stopping threads took: 0.0002504 seconds
[2022-06-13T01:27:27.559+0000][1][safepoint    ] Application time: 0.0004439 seconds
[2022-06-13T01:27:27.559+0000][1][safepoint    ] Entering safepoint region: RevokeBias
[2022-06-13T01:27:27.560+0000][1][safepoint    ] Leaving safepoint region
[2022-06-13T01:27:27.560+0000][1][safepoint    ] Total time for which application threads were stopped: 0.0009489 seconds, Stopping threads took: 0.0005132 seconds
[2022-06-13T01:27:27.561+0000][1][safepoint    ] Application time: 0.0002335 seconds
[2022-06-13T01:27:27.561+0000][1][safepoint    ] Entering safepoint region: RevokeBias
[2022-06-13T01:27:27.562+0000][1][safepoint    ] Leaving safepoint region
[2022-06-13T01:27:27.563+0000][1][safepoint    ] Total time for which application threads were stopped: 0.0011140 seconds, Stopping threads took: 0.0004299 seconds
[2022-06-13T01:27:27.564+0000][1][safepoint    ] Application time: 0.0013385 seconds
[2022-06-13T01:27:27.565+0000][1][safepoint    ] Entering safepoint region: RevokeBias
[2022-06-13T01:27:27.565+0000][1][safepoint    ] Leaving safepoint region
[2022-06-13T01:27:27.566+0000][1][safepoint    ] Total time for which application threads were stopped: 0.0010378 seconds, Stopping threads took: 0.0004490 seconds
[2022-06-13T01:27:27.566+0000][1][safepoint    ] Application time: 0.0002387 seconds
[2022-06-13T01:27:27.567+0000][1][safepoint    ] Entering safepoint region: RevokeBias
[2022-06-13T01:27:27.567+0000][1][safepoint    ] Leaving safepoint region
[2022-06-13T01:27:27.568+0000][1][safepoint    ] Total time for which application threads were stopped: 0.0009692 seconds, Stopping threads took: 0.0004586 seconds
[2022-06-13T01:27:27.571+0000][1][safepoint    ] Application time: 0.0029628 seconds
[2022-06-13T01:27:27.572+0000][1][safepoint    ] Entering safepoint region: Deoptimize
[2022-06-13T01:27:27.573+0000][1][safepoint    ] Leaving safepoint region
[2022-06-13T01:27:27.573+0000][1][safepoint    ] Total time for which application threads were stopped: 0.0014224 seconds, Stopping threads took: 0.0004788 seconds
[2022-06-13T01:27:27.574+0000][1][safepoint    ] Application time: 0.0007222 seconds
[2022-06-13T01:27:27.575+0000][1][safepoint    ] Entering safepoint region: RevokeBias
[2022-06-13T01:27:27.575+0000][1][safepoint    ] Leaving safepoint region
[2022-06-13T01:27:27.576+0000][1][safepoint    ] Total time for which application threads were stopped: 0.0010070 seconds, Stopping threads took: 0.0004525 seconds
[2022-06-13T01:27:27.578+0000][1][safepoint    ] Application time: 0.0015406 seconds
[2022-06-13T01:27:27.578+0000][1][safepoint    ] Entering safepoint region: RevokeBias
[2022-06-13T01:27:27.578+0000][1][safepoint    ] Leaving safepoint region
[2022-06-13T01:27:27.579+0000][1][safepoint    ] Total time for which application threads were stopped: 0.0007720 seconds, Stopping threads took: 0.0003848 seconds
[2022-06-13T01:27:27.580+0000][1][safepoint    ] Application time: 0.0003745 seconds
[2022-06-13T01:27:27.580+0000][1][safepoint    ] Entering safepoint region: RevokeBias
[2022-06-13T01:27:27.581+0000][1][safepoint    ] Leaving safepoint region
[2022-06-13T01:27:27.581+0000][1][safepoint    ] Total time for which application threads were stopped: 0.0007798 seconds, Stopping threads took: 0.0004130 seconds
[2022-06-13T01:27:27.581+0000][1][safepoint    ] Application time: 0.0001472 seconds
[2022-06-13T01:27:27.582+0000][1][safepoint    ] Entering safepoint region: RevokeBias
[2022-06-13T01:27:27.582+0000][1][safepoint    ] Leaving safepoint region
[2022-06-13T01:27:27.583+0000][1][safepoint    ] Total time for which application threads were stopped: 0.0010427 seconds, Stopping threads took: 0.0004024 seconds
[2022-06-13T01:27:27.584+0000][1][safepoint    ] Application time: 0.0003528 seconds
[2022-06-13T01:27:27.584+0000][1][safepoint    ] Entering safepoint region: RevokeBias
[2022-06-13T01:27:27.585+0000][1][safepoint    ] Leaving safepoint region
[2022-06-13T01:27:27.585+0000][1][safepoint    ] Total time for which application threads were stopped: 0.0010488 seconds, Stopping threads took: 0.0005622 seconds
[2022-06-13T01:27:27.586+0000][1][safepoint    ] Application time: 0.0002260 seconds
[2022-06-13T01:27:27.586+0000][1][safepoint    ] Entering safepoint region: RevokeBias
[2022-06-13T01:27:27.587+0000][1][safepoint    ] Leaving safepoint region
[2022-06-13T01:27:27.587+0000][1][safepoint    ] Total time for which application threads were stopped: 0.0008724 seconds, Stopping threads took: 0.0004495 seconds
[2022-06-13T01:27:27.615+0000][1][safepoint    ] Application time: 0.0270389 seconds
[2022-06-13T01:27:27.615+0000][1][safepoint    ] Entering safepoint region: RevokeBias
[2022-06-13T01:27:27.616+0000][1][safepoint    ] Leaving safepoint region
[2022-06-13T01:27:27.616+0000][1][safepoint    ] Total time for which application threads were stopped: 0.0007727 seconds, Stopping threads took: 0.0004147 seconds
[2022-06-13T01:27:27.616+0000][1][safepoint    ] Application time: 0.0001380 seconds
[2022-06-13T01:27:27.616+0000][1][safepoint    ] Entering safepoint region: RevokeBias
[2022-06-13T01:27:27.617+0000][1][safepoint    ] Leaving safepoint region
[2022-06-13T01:27:27.617+0000][1][safepoint    ] Total time for which application threads were stopped: 0.0005910 seconds, Stopping threads took: 0.0002170 seconds
[2022-06-13T01:27:27.617+0000][1][safepoint    ] Application time: 0.0002997 seconds
[2022-06-13T01:27:27.618+0000][1][safepoint    ] Entering safepoint region: RevokeBias
[2022-06-13T01:27:27.618+0000][1][safepoint    ] Leaving safepoint region
[2022-06-13T01:27:27.618+0000][1][safepoint    ] Total time for which application threads were stopped: 0.0007616 seconds, Stopping threads took: 0.0003620 seconds
[2022-06-13T01:27:27.620+0000][1][safepoint    ] Application time: 0.0015790 seconds
[2022-06-13T01:27:27.621+0000][1][safepoint    ] Entering safepoint region: RevokeBias
[2022-06-13T01:27:27.621+0000][1][safepoint    ] Leaving safepoint region
[2022-06-13T01:27:27.621+0000][1][safepoint    ] Total time for which application threads were stopped: 0.0004817 seconds, Stopping threads took: 0.0002208 seconds
[2022-06-13T01:27:27.622+0000][1][safepoint    ] Application time: 0.0004901 seconds
[2022-06-13T01:27:27.622+0000][1][safepoint    ] Entering safepoint region: RevokeBias
[2022-06-13T01:27:27.623+0000][1][safepoint    ] Leaving safepoint region
[2022-06-13T01:27:27.623+0000][1][safepoint    ] Total time for which application threads were stopped: 0.0006999 seconds, Stopping threads took: 0.0002050 seconds
[2022-06-13T01:27:27.624+0000][1][safepoint    ] Application time: 0.0003992 seconds
[2022-06-13T01:27:27.625+0000][1][safepoint    ] Entering safepoint region: RevokeBias
[2022-06-13T01:27:27.625+0000][1][safepoint    ] Leaving safepoint region
[2022-06-13T01:27:27.625+0000][1][safepoint    ] Total time for which application threads were stopped: 0.0010495 seconds, Stopping threads took: 0.0005277 seconds
[2022-06-13T01:27:27.626+0000][1][safepoint    ] Application time: 0.0003436 seconds
[2022-06-13T01:27:27.627+0000][1][safepoint    ] Entering safepoint region: RevokeBias
[2022-06-13T01:27:27.627+0000][1][safepoint    ] Leaving safepoint region
[2022-06-13T01:27:27.627+0000][1][safepoint    ] Total time for which application threads were stopped: 0.0008247 seconds, Stopping threads took: 0.0005853 seconds
[2022-06-13T01:27:27.629+0000][1][safepoint    ] Application time: 0.0015491 seconds
[2022-06-13T01:27:27.630+0000][1][safepoint    ] Entering safepoint region: RevokeBias
[2022-06-13T01:27:27.630+0000][1][safepoint    ] Leaving safepoint region
[2022-06-13T01:27:27.630+0000][1][safepoint    ] Total time for which application threads were stopped: 0.0005801 seconds, Stopping threads took: 0.0002508 seconds
[2022-06-13T01:27:27.631+0000][1][safepoint    ] Application time: 0.0003284 seconds
[2022-06-13T01:27:27.631+0000][1][safepoint    ] Entering safepoint region: RevokeBias
[2022-06-13T01:27:27.631+0000][1][safepoint    ] Leaving safepoint region
[2022-06-13T01:27:27.632+0000][1][safepoint    ] Total time for which application threads were stopped: 0.0006190 seconds, Stopping threads took: 0.0002810 seconds
[2022-06-13T01:27:27.633+0000][1][safepoint    ] Application time: 0.0001616 seconds
[2022-06-13T01:27:27.633+0000][1][safepoint    ] Entering safepoint region: RevokeBias
[2022-06-13T01:27:27.634+0000][1][safepoint    ] Leaving safepoint region
[2022-06-13T01:27:27.635+0000][1][safepoint    ] Total time for which application threads were stopped: 0.0018430 seconds, Stopping threads took: 0.0011097 seconds
[2022-06-13T01:27:27.636+0000][1][safepoint    ] Application time: 0.0008032 seconds
[2022-06-13T01:27:27.637+0000][1][safepoint    ] Entering safepoint region: RevokeBias
[2022-06-13T01:27:27.638+0000][1][safepoint    ] Leaving safepoint region
[2022-06-13T01:27:27.638+0000][1][safepoint    ] Total time for which application threads were stopped: 0.0016341 seconds, Stopping threads took: 0.0008661 seconds
[2022-06-13T01:27:27.639+0000][1][safepoint    ] Application time: 0.0002814 seconds
[2022-06-13T01:27:27.640+0000][1][safepoint    ] Entering safepoint region: RevokeBias
[2022-06-13T01:27:27.641+0000][1][safepoint    ] Leaving safepoint region
[2022-06-13T01:27:27.641+0000][1][safepoint    ] Total time for which application threads were stopped: 0.0014931 seconds, Stopping threads took: 0.0008472 seconds
[2022-06-13T01:27:27.643+0000][1][safepoint    ] Application time: 0.0012635 seconds
[2022-06-13T01:27:27.644+0000][1][safepoint    ] Entering safepoint region: RevokeBias
[2022-06-13T01:27:27.645+0000][1][gc,start     ] GC(21) Pause Young (Allocation Failure)
[2022-06-13T01:27:27.645+0000][1][gc,task      ] GC(21) Using 5 workers of 13 for evacuation
[2022-06-13T01:27:27.657+0000][1][gc,age       ] GC(21) Desired survivor size 4456448 bytes, new threshold 2 (max threshold 6)
[2022-06-13T01:27:27.657+0000][1][gc,age       ] GC(21) Age table with threshold 2 (max threshold 6)
[2022-06-13T01:27:27.658+0000][1][gc,age       ] GC(21) - age   1:    3793768 bytes,    3793768 total
[2022-06-13T01:27:27.659+0000][1][gc,age       ] GC(21) - age   2:    1447208 bytes,    5240976 total
[2022-06-13T01:27:27.659+0000][1][gc,heap      ] GC(21) ParNew: 76121K->5999K(78656K)
[2022-06-13T01:27:27.660+0000][1][gc,heap      ] GC(21) CMS: 59131K->62223K(174784K)
[2022-06-13T01:27:27.660+0000][1][gc,metaspace ] GC(21) Metaspace: 62659K->62659K(1105920K)
[2022-06-13T01:27:27.660+0000][1][gc           ] GC(21) Pause Young (Allocation Failure) 132M->66M(247M) 15.768ms
[2022-06-13T01:27:27.661+0000][1][gc,cpu       ] GC(21) User=0.05s Sys=0.00s Real=0.02s
[2022-06-13T01:27:27.661+0000][1][safepoint    ] Leaving safepoint region
[2022-06-13T01:27:27.662+0000][1][safepoint    ] Total time for which application threads were stopped: 0.0181847 seconds, Stopping threads took: 0.0008645 seconds
[2022-06-13T01:27:27.663+0000][1][safepoint    ] Application time: 0.0007262 seconds
[2022-06-13T01:27:27.664+0000][1][safepoint    ] Entering safepoint region: RevokeBias
[2022-06-13T01:27:27.664+0000][1][safepoint    ] Leaving safepoint region
[2022-06-13T01:27:27.665+0000][1][safepoint    ] Total time for which application threads were stopped: 0.0011881 seconds, Stopping threads took: 0.0006561 seconds
[2022-06-13T01:27:27.666+0000][1][safepoint    ] Application time: 0.0011054 seconds
[2022-06-13T01:27:27.667+0000][1][safepoint    ] Entering safepoint region: RevokeBias
[2022-06-13T01:27:27.667+0000][1][safepoint    ] Leaving safepoint region
[2022-06-13T01:27:27.668+0000][1][safepoint    ] Total time for which application threads were stopped: 0.0015453 seconds, Stopping threads took: 0.0006088 seconds
[2022-06-13T01:27:27.669+0000][1][safepoint    ] Application time: 0.0005683 seconds
[2022-06-13T01:27:27.670+0000][1][safepoint    ] Entering safepoint region: RevokeBias
[2022-06-13T01:27:27.670+0000][1][safepoint    ] Leaving safepoint region
[2022-06-13T01:27:27.671+0000][1][safepoint    ] Total time for which application threads were stopped: 0.0013271 seconds, Stopping threads took: 0.0006619 seconds
[2022-06-13T01:27:27.672+0000][1][safepoint    ] Application time: 0.0002118 seconds
[2022-06-13T01:27:27.672+0000][1][safepoint    ] Entering safepoint region: RevokeBias
[2022-06-13T01:27:27.673+0000][1][safepoint    ] Leaving safepoint region
[2022-06-13T01:27:27.673+0000][1][safepoint    ] Total time for which application threads were stopped: 0.0009719 seconds, Stopping threads took: 0.0005463 seconds
[2022-06-13T01:27:27.674+0000][1][safepoint    ] Application time: 0.0002014 seconds
[2022-06-13T01:27:27.674+0000][1][safepoint    ] Entering safepoint region: RevokeBias
[2022-06-13T01:27:27.675+0000][1][safepoint    ] Leaving safepoint region
[2022-06-13T01:27:27.675+0000][1][safepoint    ] Total time for which application threads were stopped: 0.0010890 seconds, Stopping threads took: 0.0006757 seconds
[2022-06-13T01:27:27.676+0000][1][safepoint    ] Application time: 0.0001887 seconds
[2022-06-13T01:27:27.676+0000][1][safepoint    ] Entering safepoint region: RevokeBias
[2022-06-13T01:27:27.676+0000][1][safepoint    ] Leaving safepoint region
[2022-06-13T01:27:27.677+0000][1][safepoint    ] Total time for which application threads were stopped: 0.0008112 seconds, Stopping threads took: 0.0004097 seconds
[2022-06-13T01:27:27.677+0000][1][safepoint    ] Application time: 0.0001341 seconds
[2022-06-13T01:27:27.678+0000][1][safepoint    ] Entering safepoint region: RevokeBias
[2022-06-13T01:27:27.678+0000][1][safepoint    ] Leaving safepoint region
[2022-06-13T01:27:27.678+0000][1][safepoint    ] Total time for which application threads were stopped: 0.0008457 seconds, Stopping threads took: 0.0004607 seconds
[2022-06-13T01:27:27.679+0000][1][safepoint    ] Application time: 0.0001699 seconds
[2022-06-13T01:27:27.679+0000][1][safepoint    ] Entering safepoint region: BulkRevokeBias
[2022-06-13T01:27:27.680+0000][1][safepoint    ] Leaving safepoint region
[2022-06-13T01:27:27.681+0000][1][safepoint    ] Total time for which application threads were stopped: 0.0015357 seconds, Stopping threads took: 0.0006183 seconds
[2022-06-13T01:27:27.683+0000][1][safepoint    ] Application time: 0.0018426 seconds
[2022-06-13T01:27:27.684+0000][1][safepoint    ] Entering safepoint region: RevokeBias
[2022-06-13T01:27:27.684+0000][1][safepoint    ] Leaving safepoint region
[2022-06-13T01:27:27.685+0000][1][safepoint    ] Total time for which application threads were stopped: 0.0011167 seconds, Stopping threads took: 0.0005927 seconds
[2022-06-13T01:27:27.686+0000][1][safepoint    ] Application time: 0.0003811 seconds
[2022-06-13T01:27:27.687+0000][1][safepoint    ] Entering safepoint region: RevokeBias
[2022-06-13T01:27:27.687+0000][1][safepoint    ] Leaving safepoint region
[2022-06-13T01:27:27.688+0000][1][safepoint    ] Total time for which application threads were stopped: 0.0010360 seconds, Stopping threads took: 0.0005093 seconds
[2022-06-13T01:27:27.688+0000][1][safepoint    ] Application time: 0.0002125 seconds
[2022-06-13T01:27:27.689+0000][1][safepoint    ] Entering safepoint region: RevokeBias
[2022-06-13T01:27:27.690+0000][1][safepoint    ] Leaving safepoint region
[2022-06-13T01:27:27.690+0000][1][safepoint    ] Total time for which application threads were stopped: 0.0013139 seconds, Stopping threads took: 0.0007635 seconds
[2022-06-13T01:27:27.691+0000][1][safepoint    ] Application time: 0.0009902 seconds
[2022-06-13T01:27:27.692+0000][1][safepoint    ] Entering safepoint region: RevokeBias
[2022-06-13T01:27:27.692+0000][1][safepoint    ] Leaving safepoint region
[2022-06-13T01:27:27.692+0000][1][safepoint    ] Total time for which application threads were stopped: 0.0006860 seconds, Stopping threads took: 0.0003254 seconds
[2022-06-13T01:27:27.693+0000][1][safepoint    ] Application time: 0.0002703 seconds
[2022-06-13T01:27:27.693+0000][1][safepoint    ] Entering safepoint region: RevokeBias
[2022-06-13T01:27:27.694+0000][1][safepoint    ] Leaving safepoint region
[2022-06-13T01:27:27.694+0000][1][safepoint    ] Total time for which application threads were stopped: 0.0009422 seconds, Stopping threads took: 0.0004439 seconds
[2022-06-13T01:27:27.700+0000][1][safepoint    ] Application time: 0.0048850 seconds
[2022-06-13T01:27:27.700+0000][1][safepoint    ] Entering safepoint region: RevokeBias
[2022-06-13T01:27:27.701+0000][1][safepoint    ] Leaving safepoint region
[2022-06-13T01:27:27.702+0000][1][safepoint    ] Total time for which application threads were stopped: 0.0016772 seconds, Stopping threads took: 0.0006793 seconds
[2022-06-13T01:27:27.703+0000][1][safepoint    ] Application time: 0.0002899 seconds
[2022-06-13T01:27:27.704+0000][1][safepoint    ] Entering safepoint region: RevokeBias
[2022-06-13T01:27:27.705+0000][1][safepoint    ] Leaving safepoint region
[2022-06-13T01:27:27.705+0000][1][safepoint    ] Total time for which application threads were stopped: 0.0020367 seconds, Stopping threads took: 0.0012141 seconds
[2022-06-13T01:27:27.709+0000][1][safepoint    ] Application time: 0.0037860 seconds
[2022-06-13T01:27:27.710+0000][1][safepoint    ] Entering safepoint region: RevokeBias
[2022-06-13T01:27:27.711+0000][1][safepoint    ] Leaving safepoint region
[2022-06-13T01:27:27.712+0000][1][safepoint    ] Total time for which application threads were stopped: 0.0017167 seconds, Stopping threads took: 0.0009565 seconds
[2022-06-13T01:27:27.713+0000][1][safepoint    ] Application time: 0.0007640 seconds
[2022-06-13T01:27:27.713+0000][1][safepoint    ] Entering safepoint region: RevokeBias
[2022-06-13T01:27:27.714+0000][1][safepoint    ] Leaving safepoint region
[2022-06-13T01:27:27.714+0000][1][safepoint    ] Total time for which application threads were stopped: 0.0010956 seconds, Stopping threads took: 0.0005559 seconds
[2022-06-13T01:27:27.715+0000][1][safepoint    ] Application time: 0.0003494 seconds
[2022-06-13T01:27:27.717+0000][1][safepoint    ] Entering safepoint region: RevokeBias
[2022-06-13T01:27:27.717+0000][1][safepoint    ] Leaving safepoint region
[2022-06-13T01:27:27.718+0000][1][safepoint    ] Total time for which application threads were stopped: 0.0021699 seconds, Stopping threads took: 0.0010288 seconds
[2022-06-13T01:27:27.720+0000][1][safepoint    ] Application time: 0.0003029 seconds
[2022-06-13T01:27:27.720+0000][1][safepoint    ] Entering safepoint region: RevokeBias
[2022-06-13T01:27:27.721+0000][1][safepoint    ] Leaving safepoint region
[2022-06-13T01:27:27.722+0000][1][safepoint    ] Total time for which application threads were stopped: 0.0018249 seconds, Stopping threads took: 0.0011255 seconds
[2022-06-13T01:27:27.723+0000][1][safepoint    ] Application time: 0.0011614 seconds
[2022-06-13T01:27:27.724+0000][1][safepoint    ] Entering safepoint region: RevokeBias
[2022-06-13T01:27:27.725+0000][1][safepoint    ] Leaving safepoint region
[2022-06-13T01:27:27.725+0000][1][safepoint    ] Total time for which application threads were stopped: 0.0011401 seconds, Stopping threads took: 0.0006913 seconds
[2022-06-13T01:27:27.726+0000][1][safepoint    ] Application time: 0.0001914 seconds
[2022-06-13T01:27:27.726+0000][1][safepoint    ] Entering safepoint region: RevokeBias
[2022-06-13T01:27:27.727+0000][1][safepoint    ] Leaving safepoint region
[2022-06-13T01:27:27.727+0000][1][safepoint    ] Total time for which application threads were stopped: 0.0009424 seconds, Stopping threads took: 0.0004166 seconds
[2022-06-13T01:27:27.730+0000][1][safepoint    ] Application time: 0.0023697 seconds
[2022-06-13T01:27:27.731+0000][1][safepoint    ] Entering safepoint region: RevokeBias
[2022-06-13T01:27:27.732+0000][1][safepoint    ] Leaving safepoint region
[2022-06-13T01:27:27.733+0000][1][safepoint    ] Total time for which application threads were stopped: 0.0020043 seconds, Stopping threads took: 0.0012073 seconds
[2022-06-13T01:27:27.734+0000][1][safepoint    ] Application time: 0.0001881 seconds
[2022-06-13T01:27:27.734+0000][1][safepoint    ] Entering safepoint region: RevokeBias
[2022-06-13T01:27:27.735+0000][1][safepoint    ] Leaving safepoint region
[2022-06-13T01:27:27.736+0000][1][safepoint    ] Total time for which application threads were stopped: 0.0013207 seconds, Stopping threads took: 0.0006303 seconds
[2022-06-13T01:27:27.740+0000][1][safepoint    ] Application time: 0.0042409 seconds
[2022-06-13T01:27:27.741+0000][1][safepoint    ] Entering safepoint region: RevokeBias
[2022-06-13T01:27:27.742+0000][1][safepoint    ] Leaving safepoint region
[2022-06-13T01:27:27.742+0000][1][safepoint    ] Total time for which application threads were stopped: 0.0012786 seconds, Stopping threads took: 0.0006278 seconds
[2022-06-13T01:27:27.743+0000][1][safepoint    ] Application time: 0.0003748 seconds
[2022-06-13T01:27:27.744+0000][1][safepoint    ] Entering safepoint region: RevokeBias
[2022-06-13T01:27:27.745+0000][1][safepoint    ] Leaving safepoint region
[2022-06-13T01:27:27.745+0000][1][safepoint    ] Total time for which application threads were stopped: 0.0016098 seconds, Stopping threads took: 0.0009418 seconds
[2022-06-13T01:27:27.746+0000][1][safepoint    ] Application time: 0.0004048 seconds
[2022-06-13T01:27:27.746+0000][1][safepoint    ] Entering safepoint region: RevokeBias
[2022-06-13T01:27:27.747+0000][1][safepoint    ] Leaving safepoint region
[2022-06-13T01:27:27.748+0000][1][safepoint    ] Total time for which application threads were stopped: 0.0018282 seconds, Stopping threads took: 0.0008428 seconds
[2022-06-13T01:27:27.749+0000][1][safepoint    ] Application time: 0.0002037 seconds
[2022-06-13T01:27:27.750+0000][1][safepoint    ] Entering safepoint region: RevokeBias
[2022-06-13T01:27:27.750+0000][1][safepoint    ] Leaving safepoint region
[2022-06-13T01:27:27.751+0000][1][safepoint    ] Total time for which application threads were stopped: 0.0012274 seconds, Stopping threads took: 0.0007670 seconds
[2022-06-13T01:27:27.756+0000][1][safepoint    ] Application time: 0.0050927 seconds
[2022-06-13T01:27:27.757+0000][1][safepoint    ] Entering safepoint region: RevokeBias
[2022-06-13T01:27:27.758+0000][1][safepoint    ] Leaving safepoint region
[2022-06-13T01:27:27.759+0000][1][safepoint    ] Total time for which application threads were stopped: 0.0013807 seconds, Stopping threads took: 0.0006553 seconds
[2022-06-13T01:27:27.760+0000][1][safepoint    ] Application time: 0.0006156 seconds
[2022-06-13T01:27:27.761+0000][1][safepoint    ] Entering safepoint region: RevokeBias
[2022-06-13T01:27:27.761+0000][1][safepoint    ] Leaving safepoint region
[2022-06-13T01:27:27.762+0000][1][safepoint    ] Total time for which application threads were stopped: 0.0014053 seconds, Stopping threads took: 0.0007087 seconds
[2022-06-13T01:27:27.763+0000][1][safepoint    ] Application time: 0.0003291 seconds
[2022-06-13T01:27:27.763+0000][1][safepoint    ] Entering safepoint region: RevokeBias
[2022-06-13T01:27:27.764+0000][1][safepoint    ] Leaving safepoint region
[2022-06-13T01:27:27.765+0000][1][safepoint    ] Total time for which application threads were stopped: 0.0014402 seconds, Stopping threads took: 0.0005799 seconds
[2022-06-13T01:27:27.766+0000][1][safepoint    ] Application time: 0.0005908 seconds
[2022-06-13T01:27:27.767+0000][1][safepoint    ] Entering safepoint region: RevokeBias
[2022-06-13T01:27:27.767+0000][1][safepoint    ] Leaving safepoint region
[2022-06-13T01:27:27.768+0000][1][safepoint    ] Total time for which application threads were stopped: 0.0016095 seconds, Stopping threads took: 0.0008935 seconds
[2022-06-13T01:27:27.772+0000][1][safepoint    ] Application time: 0.0031308 seconds
[2022-06-13T01:27:27.773+0000][1][safepoint    ] Entering safepoint region: RevokeBias
[2022-06-13T01:27:27.774+0000][1][safepoint    ] Leaving safepoint region
[2022-06-13T01:27:27.774+0000][1][safepoint    ] Total time for which application threads were stopped: 0.0018039 seconds, Stopping threads took: 0.0009333 seconds
[2022-06-13T01:27:28.367+0000][1][safepoint    ] Application time: 0.5916534 seconds
[2022-06-13T01:27:28.367+0000][1][safepoint    ] Entering safepoint region: RevokeBias
[2022-06-13T01:27:28.368+0000][1][safepoint    ] Leaving safepoint region
[2022-06-13T01:27:28.368+0000][1][safepoint    ] Total time for which application threads were stopped: 0.0009253 seconds, Stopping threads took: 0.0004558 seconds
[2022-06-13T01:27:28.369+0000][1][safepoint    ] Application time: 0.0003160 seconds
[2022-06-13T01:27:28.370+0000][1][safepoint    ] Entering safepoint region: RevokeBias
[2022-06-13T01:27:28.370+0000][1][safepoint    ] Leaving safepoint region
[2022-06-13T01:27:28.371+0000][1][safepoint    ] Total time for which application threads were stopped: 0.0008859 seconds, Stopping threads took: 0.0004049 seconds
[2022-06-13T01:27:28.371+0000][1][safepoint    ] Application time: 0.0001649 seconds
[2022-06-13T01:27:28.371+0000][1][safepoint    ] Entering safepoint region: RevokeBias
[2022-06-13T01:27:28.372+0000][1][safepoint    ] Leaving safepoint region
[2022-06-13T01:27:28.372+0000][1][safepoint    ] Total time for which application threads were stopped: 0.0007857 seconds, Stopping threads took: 0.0003963 seconds
[2022-06-13T01:27:28.373+0000][1][safepoint    ] Application time: 0.0002066 seconds
[2022-06-13T01:27:28.373+0000][1][safepoint    ] Entering safepoint region: RevokeBias
[2022-06-13T01:27:28.374+0000][1][safepoint    ] Leaving safepoint region
[2022-06-13T01:27:28.374+0000][1][safepoint    ] Total time for which application threads were stopped: 0.0008844 seconds, Stopping threads took: 0.0003688 seconds
[2022-06-13T01:27:28.375+0000][1][safepoint    ] Application time: 0.0007439 seconds
[2022-06-13T01:27:28.376+0000][1][safepoint    ] Entering safepoint region: RevokeBias
[2022-06-13T01:27:28.376+0000][1][safepoint    ] Leaving safepoint region
[2022-06-13T01:27:28.376+0000][1][safepoint    ] Total time for which application threads were stopped: 0.0007727 seconds, Stopping threads took: 0.0003360 seconds
[2022-06-13T01:27:28.377+0000][1][safepoint    ] Application time: 0.0002473 seconds
[2022-06-13T01:27:28.377+0000][1][safepoint    ] Entering safepoint region: RevokeBias
[2022-06-13T01:27:28.378+0000][1][safepoint    ] Leaving safepoint region
[2022-06-13T01:27:28.378+0000][1][safepoint    ] Total time for which application threads were stopped: 0.0005878 seconds, Stopping threads took: 0.0003948 seconds
[2022-06-13T01:27:28.379+0000][1][safepoint    ] Application time: 0.0002228 seconds
[2022-06-13T01:27:28.379+0000][1][safepoint    ] Entering safepoint region: RevokeBias
[2022-06-13T01:27:28.379+0000][1][safepoint    ] Leaving safepoint region
[2022-06-13T01:27:28.379+0000][1][safepoint    ] Total time for which application threads were stopped: 0.0004690 seconds, Stopping threads took: 0.0001659 seconds
[2022-06-13T01:27:28.380+0000][1][safepoint    ] Application time: 0.0001093 seconds
[2022-06-13T01:27:28.380+0000][1][safepoint    ] Entering safepoint region: RevokeBias
[2022-06-13T01:27:28.381+0000][1][safepoint    ] Leaving safepoint region
[2022-06-13T01:27:28.381+0000][1][safepoint    ] Total time for which application threads were stopped: 0.0007759 seconds, Stopping threads took: 0.0003614 seconds
[2022-06-13T01:27:28.616+0000][1][safepoint    ] Application time: 0.2347242 seconds
[2022-06-13T01:27:28.616+0000][1][safepoint    ] Entering safepoint region: RevokeBias
[2022-06-13T01:27:28.617+0000][1][safepoint    ] Leaving safepoint region
[2022-06-13T01:27:28.617+0000][1][safepoint    ] Total time for which application threads were stopped: 0.0006491 seconds, Stopping threads took: 0.0003074 seconds
[2022-06-13T01:27:30.740+0000][1][safepoint    ] Application time: 2.1221435 seconds
[2022-06-13T01:27:30.740+0000][1][safepoint    ] Entering safepoint region: RevokeBias
[2022-06-13T01:27:30.741+0000][1][safepoint    ] Leaving safepoint region
[2022-06-13T01:27:30.741+0000][1][safepoint    ] Total time for which application threads were stopped: 0.0008965 seconds, Stopping threads took: 0.0005403 seconds
[2022-06-13T01:27:30.742+0000][1][safepoint    ] Application time: 0.0005973 seconds
[2022-06-13T01:27:30.743+0000][1][safepoint    ] Entering safepoint region: RevokeBias
[2022-06-13T01:27:30.743+0000][1][safepoint    ] Leaving safepoint region
[2022-06-13T01:27:30.743+0000][1][safepoint    ] Total time for which application threads were stopped: 0.0008795 seconds, Stopping threads took: 0.0002582 seconds
[2022-06-13T01:27:30.744+0000][1][safepoint    ] Application time: 0.0007731 seconds
[2022-06-13T01:27:30.745+0000][1][safepoint    ] Entering safepoint region: RevokeBias
[2022-06-13T01:27:30.746+0000][1][safepoint    ] Leaving safepoint region
[2022-06-13T01:27:30.746+0000][1][safepoint    ] Total time for which application threads were stopped: 0.0012761 seconds, Stopping threads took: 0.0008076 seconds
[2022-06-13T01:27:31.622+0000][1][safepoint    ] Application time: 0.8751727 seconds
[2022-06-13T01:27:31.623+0000][1][safepoint    ] Entering safepoint region: RevokeBias
[2022-06-13T01:27:31.624+0000][1][safepoint    ] Leaving safepoint region
[2022-06-13T01:27:31.624+0000][1][safepoint    ] Total time for which application threads were stopped: 0.0016990 seconds, Stopping threads took: 0.0008229 seconds
[2022-06-13T01:27:31.626+0000][1][safepoint    ] Application time: 0.0013656 seconds
[2022-06-13T01:27:31.627+0000][1][safepoint    ] Entering safepoint region: RevokeBias
[2022-06-13T01:27:31.628+0000][1][safepoint    ] Leaving safepoint region
[2022-06-13T01:27:31.629+0000][1][safepoint    ] Total time for which application threads were stopped: 0.0015915 seconds, Stopping threads took: 0.0007334 seconds
[2022-06-13T01:27:31.630+0000][1][safepoint    ] Application time: 0.0004872 seconds
[2022-06-13T01:27:31.631+0000][1][safepoint    ] Entering safepoint region: RevokeBias
[2022-06-13T01:27:31.632+0000][1][safepoint    ] Leaving safepoint region
[2022-06-13T01:27:31.632+0000][1][safepoint    ] Total time for which application threads were stopped: 0.0021146 seconds, Stopping threads took: 0.0013126 seconds
[2022-06-13T01:27:31.633+0000][1][safepoint    ] Application time: 0.0003866 seconds
[2022-06-13T01:27:31.634+0000][1][safepoint    ] Entering safepoint region: RevokeBias
[2022-06-13T01:27:31.635+0000][1][safepoint    ] Leaving safepoint region
[2022-06-13T01:27:31.636+0000][1][safepoint    ] Total time for which application threads were stopped: 0.0016492 seconds, Stopping threads took: 0.0008559 seconds
[2022-06-13T01:27:31.637+0000][1][safepoint    ] Application time: 0.0004043 seconds
[2022-06-13T01:27:31.637+0000][1][safepoint    ] Entering safepoint region: RevokeBias
[2022-06-13T01:27:31.638+0000][1][safepoint    ] Leaving safepoint region
[2022-06-13T01:27:31.639+0000][1][safepoint    ] Total time for which application threads were stopped: 0.0019357 seconds, Stopping threads took: 0.0007528 seconds
[2022-06-13T01:27:31.640+0000][1][safepoint    ] Application time: 0.0003144 seconds
[2022-06-13T01:27:31.641+0000][1][safepoint    ] Entering safepoint region: RevokeBias
[2022-06-13T01:27:31.642+0000][1][safepoint    ] Leaving safepoint region
[2022-06-13T01:27:31.642+0000][1][safepoint    ] Total time for which application threads were stopped: 0.0017146 seconds, Stopping threads took: 0.0009457 seconds
[2022-06-13T01:27:31.644+0000][1][safepoint    ] Application time: 0.0007126 seconds
[2022-06-13T01:27:31.644+0000][1][safepoint    ] Entering safepoint region: RevokeBias
[2022-06-13T01:27:31.645+0000][1][safepoint    ] Leaving safepoint region
[2022-06-13T01:27:31.645+0000][1][safepoint    ] Total time for which application threads were stopped: 0.0009543 seconds, Stopping threads took: 0.0004262 seconds
[2022-06-13T01:27:33.373+0000][1][safepoint    ] Application time: 1.7271492 seconds
[2022-06-13T01:27:33.374+0000][1][safepoint    ] Entering safepoint region: Cleanup
[2022-06-13T01:27:33.374+0000][1][safepoint    ] Leaving safepoint region
[2022-06-13T01:27:33.375+0000][1][safepoint    ] Total time for which application threads were stopped: 0.0009763 seconds, Stopping threads took: 0.0004230 seconds
[2022-06-13T01:27:34.375+0000][1][safepoint    ] Application time: 1.0002425 seconds
[2022-06-13T01:27:34.376+0000][1][safepoint    ] Entering safepoint region: Cleanup
[2022-06-13T01:27:34.376+0000][1][safepoint    ] Leaving safepoint region
[2022-06-13T01:27:34.377+0000][1][safepoint    ] Total time for which application threads were stopped: 0.0007331 seconds, Stopping threads took: 0.0003675 seconds
[2022-06-13T01:27:34.621+0000][1][safepoint    ] Application time: 0.2443384 seconds
[2022-06-13T01:27:34.622+0000][1][safepoint    ] Entering safepoint region: RevokeBias
[2022-06-13T01:27:34.623+0000][1][safepoint    ] Leaving safepoint region
[2022-06-13T01:27:34.623+0000][1][safepoint    ] Total time for which application threads were stopped: 0.0009985 seconds, Stopping threads took: 0.0005420 seconds
[2022-06-13T01:27:34.624+0000][1][safepoint    ] Application time: 0.0004915 seconds
[2022-06-13T01:27:34.625+0000][1][safepoint    ] Entering safepoint region: RevokeBias
[2022-06-13T01:27:34.625+0000][1][safepoint    ] Leaving safepoint region
[2022-06-13T01:27:34.626+0000][1][safepoint    ] Total time for which application threads were stopped: 0.0012449 seconds, Stopping threads took: 0.0005943 seconds
[2022-06-13T01:27:34.627+0000][1][safepoint    ] Application time: 0.0004721 seconds
[2022-06-13T01:27:34.627+0000][1][safepoint    ] Entering safepoint region: RevokeBias
[2022-06-13T01:27:34.628+0000][1][safepoint    ] Leaving safepoint region
[2022-06-13T01:27:34.628+0000][1][safepoint    ] Total time for which application threads were stopped: 0.0011594 seconds, Stopping threads took: 0.0005810 seconds
[2022-06-13T01:27:34.629+0000][1][safepoint    ] Application time: 0.0004721 seconds
[2022-06-13T01:27:34.630+0000][1][safepoint    ] Entering safepoint region: RevokeBias
[2022-06-13T01:27:34.630+0000][1][safepoint    ] Leaving safepoint region
[2022-06-13T01:27:34.631+0000][1][safepoint    ] Total time for which application threads were stopped: 0.0011957 seconds, Stopping threads took: 0.0004947 seconds
[2022-06-13T01:27:35.610+0000][1][safepoint    ] Application time: 0.9778872 seconds
[2022-06-13T01:27:35.610+0000][1][safepoint    ] Entering safepoint region: RevokeBias
[2022-06-13T01:27:35.611+0000][1][safepoint    ] Leaving safepoint region
[2022-06-13T01:27:35.611+0000][1][safepoint    ] Total time for which application threads were stopped: 0.0011668 seconds, Stopping threads took: 0.0005981 seconds
[2022-06-13T01:27:35.612+0000][1][safepoint    ] Application time: 0.0001917 seconds
[2022-06-13T01:27:35.613+0000][1][safepoint    ] Entering safepoint region: RevokeBias
[2022-06-13T01:27:35.613+0000][1][safepoint    ] Leaving safepoint region
[2022-06-13T01:27:35.614+0000][1][safepoint    ] Total time for which application threads were stopped: 0.0015849 seconds, Stopping threads took: 0.0006464 seconds
[2022-06-13T01:27:35.625+0000][1][safepoint    ] Application time: 0.0098210 seconds
[2022-06-13T01:27:35.626+0000][1][safepoint    ] Entering safepoint region: RevokeBias
[2022-06-13T01:27:35.626+0000][1][safepoint    ] Leaving safepoint region
[2022-06-13T01:27:35.627+0000][1][safepoint    ] Total time for which application threads were stopped: 0.0012187 seconds, Stopping threads took: 0.0007596 seconds
[2022-06-13T01:27:35.628+0000][1][safepoint    ] Application time: 0.0005436 seconds
[2022-06-13T01:27:35.628+0000][1][safepoint    ] Entering safepoint region: RevokeBias
[2022-06-13T01:27:35.629+0000][1][safepoint    ] Leaving safepoint region
[2022-06-13T01:27:35.629+0000][1][safepoint    ] Total time for which application threads were stopped: 0.0012802 seconds, Stopping threads took: 0.0006515 seconds
[2022-06-13T01:27:35.630+0000][1][safepoint    ] Application time: 0.0003655 seconds
[2022-06-13T01:27:35.631+0000][1][safepoint    ] Entering safepoint region: RevokeBias
[2022-06-13T01:27:35.632+0000][1][safepoint    ] Leaving safepoint region
[2022-06-13T01:27:35.632+0000][1][safepoint    ] Total time for which application threads were stopped: 0.0011527 seconds, Stopping threads took: 0.0005844 seconds
[2022-06-13T01:27:35.633+0000][1][safepoint    ] Application time: 0.0003494 seconds
[2022-06-13T01:27:35.633+0000][1][safepoint    ] Entering safepoint region: RevokeBias
[2022-06-13T01:27:35.634+0000][1][safepoint    ] Leaving safepoint region
[2022-06-13T01:27:35.634+0000][1][safepoint    ] Total time for which application threads were stopped: 0.0011663 seconds, Stopping threads took: 0.0003618 seconds
[2022-06-13T01:27:35.635+0000][1][safepoint    ] Application time: 0.0003191 seconds
[2022-06-13T01:27:35.635+0000][1][safepoint    ] Entering safepoint region: RevokeBias
[2022-06-13T01:27:35.636+0000][1][safepoint    ] Leaving safepoint region
[2022-06-13T01:27:35.636+0000][1][safepoint    ] Total time for which application threads were stopped: 0.0006662 seconds, Stopping threads took: 0.0002366 seconds
[2022-06-13T01:27:35.637+0000][1][safepoint    ] Application time: 0.0001965 seconds
[2022-06-13T01:27:35.637+0000][1][safepoint    ] Entering safepoint region: RevokeBias
[2022-06-13T01:27:35.638+0000][1][safepoint    ] Leaving safepoint region
[2022-06-13T01:27:35.638+0000][1][safepoint    ] Total time for which application threads were stopped: 0.0010896 seconds, Stopping threads took: 0.0006693 seconds
[2022-06-13T01:27:35.638+0000][1][safepoint    ] Application time: 0.0003086 seconds
[2022-06-13T01:27:35.639+0000][1][safepoint    ] Entering safepoint region: RevokeBias
[2022-06-13T01:27:35.639+0000][1][safepoint    ] Leaving safepoint region
[2022-06-13T01:27:35.639+0000][1][safepoint    ] Total time for which application threads were stopped: 0.0007487 seconds, Stopping threads took: 0.0003866 seconds
[2022-06-13T01:27:36.641+0000][1][safepoint    ] Application time: 1.0005445 seconds
[2022-06-13T01:27:36.642+0000][1][safepoint    ] Entering safepoint region: Cleanup
[2022-06-13T01:27:36.642+0000][1][safepoint    ] Leaving safepoint region
[2022-06-13T01:27:36.643+0000][1][safepoint    ] Total time for which application threads were stopped: 0.0010241 seconds, Stopping threads took: 0.0005378 seconds
[2022-06-13T01:27:37.643+0000][1][safepoint    ] Application time: 1.0003501 seconds
[2022-06-13T01:27:37.644+0000][1][safepoint    ] Entering safepoint region: Cleanup
[2022-06-13T01:27:37.645+0000][1][safepoint    ] Leaving safepoint region
[2022-06-13T01:27:37.645+0000][1][safepoint    ] Total time for which application threads were stopped: 0.0007693 seconds, Stopping threads took: 0.0004565 seconds
[2022-06-13T01:27:38.625+0000][1][safepoint    ] Application time: 0.9792956 seconds
[2022-06-13T01:27:38.625+0000][1][safepoint    ] Entering safepoint region: RevokeBias
[2022-06-13T01:27:38.626+0000][1][safepoint    ] Leaving safepoint region
[2022-06-13T01:27:38.626+0000][1][safepoint    ] Total time for which application threads were stopped: 0.0011678 seconds, Stopping threads took: 0.0006026 seconds
[2022-06-13T01:27:38.627+0000][1][safepoint    ] Application time: 0.0005039 seconds
[2022-06-13T01:27:38.628+0000][1][safepoint    ] Entering safepoint region: RevokeBias
[2022-06-13T01:27:38.628+0000][1][safepoint    ] Leaving safepoint region
[2022-06-13T01:27:38.629+0000][1][safepoint    ] Total time for which application threads were stopped: 0.0010828 seconds, Stopping threads took: 0.0004392 seconds
[2022-06-13T01:27:38.629+0000][1][safepoint    ] Application time: 0.0002185 seconds
[2022-06-13T01:27:38.630+0000][1][safepoint    ] Entering safepoint region: RevokeBias
[2022-06-13T01:27:38.630+0000][1][safepoint    ] Leaving safepoint region
[2022-06-13T01:27:38.631+0000][1][safepoint    ] Total time for which application threads were stopped: 0.0012266 seconds, Stopping threads took: 0.0005633 seconds
[2022-06-13T01:27:39.628+0000][1][safepoint    ] Application time: 0.9964857 seconds
[2022-06-13T01:27:39.628+0000][1][safepoint    ] Entering safepoint region: RevokeBias
[2022-06-13T01:27:39.629+0000][1][safepoint    ] Leaving safepoint region
[2022-06-13T01:27:39.629+0000][1][safepoint    ] Total time for which application threads were stopped: 0.0009156 seconds, Stopping threads took: 0.0004506 seconds
[2022-06-13T01:27:39.630+0000][1][safepoint    ] Application time: 0.0004397 seconds
[2022-06-13T01:27:39.631+0000][1][safepoint    ] Entering safepoint region: RevokeBias
[2022-06-13T01:27:39.632+0000][1][safepoint    ] Leaving safepoint region
[2022-06-13T01:27:39.633+0000][1][safepoint    ] Total time for which application threads were stopped: 0.0017350 seconds, Stopping threads took: 0.0008804 seconds
[2022-06-13T01:27:39.633+0000][1][safepoint    ] Application time: 0.0003852 seconds
[2022-06-13T01:27:39.634+0000][1][safepoint    ] Entering safepoint region: RevokeBias
[2022-06-13T01:27:39.634+0000][1][safepoint    ] Leaving safepoint region
[2022-06-13T01:27:39.634+0000][1][safepoint    ] Total time for which application threads were stopped: 0.0005797 seconds, Stopping threads took: 0.0003009 seconds
[2022-06-13T01:27:39.635+0000][1][safepoint    ] Application time: 0.0001288 seconds
[2022-06-13T01:27:39.635+0000][1][safepoint    ] Entering safepoint region: RevokeBias
[2022-06-13T01:27:39.636+0000][1][safepoint    ] Leaving safepoint region
[2022-06-13T01:27:39.636+0000][1][safepoint    ] Total time for which application threads were stopped: 0.0009018 seconds, Stopping threads took: 0.0005718 seconds
[2022-06-13T01:27:39.637+0000][1][safepoint    ] Application time: 0.0004868 seconds
[2022-06-13T01:27:39.637+0000][1][safepoint    ] Entering safepoint region: RevokeBias
[2022-06-13T01:27:39.638+0000][1][safepoint    ] Leaving safepoint region
[2022-06-13T01:27:39.638+0000][1][safepoint    ] Total time for which application threads were stopped: 0.0010057 seconds, Stopping threads took: 0.0003849 seconds
[2022-06-13T01:27:39.638+0000][1][safepoint    ] Application time: 0.0001751 seconds
[2022-06-13T01:27:39.639+0000][1][safepoint    ] Entering safepoint region: RevokeBias
[2022-06-13T01:27:39.640+0000][1][safepoint    ] Leaving safepoint region
[2022-06-13T01:27:39.640+0000][1][safepoint    ] Total time for which application threads were stopped: 0.0011090 seconds, Stopping threads took: 0.0006576 seconds
[2022-06-13T01:27:39.641+0000][1][safepoint    ] Application time: 0.0001831 seconds
[2022-06-13T01:27:39.641+0000][1][safepoint    ] Entering safepoint region: RevokeBias
[2022-06-13T01:27:39.641+0000][1][safepoint    ] Leaving safepoint region
[2022-06-13T01:27:39.641+0000][1][safepoint    ] Total time for which application threads were stopped: 0.0004898 seconds, Stopping threads took: 0.0002431 seconds
[2022-06-13T01:27:39.642+0000][1][safepoint    ] Application time: 0.0003752 seconds
[2022-06-13T01:27:39.642+0000][1][safepoint    ] Entering safepoint region: RevokeBias
[2022-06-13T01:27:39.643+0000][1][safepoint    ] Leaving safepoint region
[2022-06-13T01:27:39.643+0000][1][safepoint    ] Total time for which application threads were stopped: 0.0007479 seconds, Stopping threads took: 0.0004626 seconds
[2022-06-13T01:27:40.644+0000][1][safepoint    ] Application time: 1.0003871 seconds
[2022-06-13T01:27:40.644+0000][1][safepoint    ] Entering safepoint region: Cleanup
[2022-06-13T01:27:40.645+0000][1][safepoint    ] Leaving safepoint region
[2022-06-13T01:27:40.645+0000][1][safepoint    ] Total time for which application threads were stopped: 0.0009710 seconds, Stopping threads took: 0.0005007 seconds
[2022-06-13T01:27:41.646+0000][1][safepoint    ] Application time: 1.0002157 seconds
[2022-06-13T01:27:41.646+0000][1][safepoint    ] Entering safepoint region: Cleanup
[2022-06-13T01:27:41.647+0000][1][safepoint    ] Leaving safepoint region
[2022-06-13T01:27:41.647+0000][1][safepoint    ] Total time for which application threads were stopped: 0.0007364 seconds, Stopping threads took: 0.0003296 seconds
[2022-06-13T01:27:42.628+0000][1][safepoint    ] Application time: 0.9800234 seconds
[2022-06-13T01:27:42.629+0000][1][safepoint    ] Entering safepoint region: RevokeBias
[2022-06-13T01:27:42.630+0000][1][safepoint    ] Leaving safepoint region
[2022-06-13T01:27:42.631+0000][1][safepoint    ] Total time for which application threads were stopped: 0.0019298 seconds, Stopping threads took: 0.0011818 seconds
[2022-06-13T01:27:42.632+0000][1][safepoint    ] Application time: 0.0004520 seconds
[2022-06-13T01:27:42.633+0000][1][safepoint    ] Entering safepoint region: RevokeBias
[2022-06-13T01:27:42.634+0000][1][safepoint    ] Leaving safepoint region
[2022-06-13T01:27:42.634+0000][1][safepoint    ] Total time for which application threads were stopped: 0.0019611 seconds, Stopping threads took: 0.0011939 seconds
[2022-06-13T01:27:43.630+0000][1][safepoint    ] Application time: 0.9951162 seconds
[2022-06-13T01:27:43.631+0000][1][safepoint    ] Entering safepoint region: RevokeBias
[2022-06-13T01:27:43.632+0000][1][safepoint    ] Leaving safepoint region
[2022-06-13T01:27:43.632+0000][1][safepoint    ] Total time for which application threads were stopped: 0.0015892 seconds, Stopping threads took: 0.0005866 seconds
[2022-06-13T01:27:43.634+0000][1][safepoint    ] Application time: 0.0007151 seconds
[2022-06-13T01:27:43.634+0000][1][safepoint    ] Entering safepoint region: RevokeBias
[2022-06-13T01:27:43.635+0000][1][safepoint    ] Leaving safepoint region
[2022-06-13T01:27:43.636+0000][1][safepoint    ] Total time for which application threads were stopped: 0.0017052 seconds, Stopping threads took: 0.0006300 seconds
[2022-06-13T01:27:43.637+0000][1][safepoint    ] Application time: 0.0004005 seconds
[2022-06-13T01:27:43.637+0000][1][safepoint    ] Entering safepoint region: RevokeBias
[2022-06-13T01:27:43.638+0000][1][safepoint    ] Leaving safepoint region
[2022-06-13T01:27:43.639+0000][1][safepoint    ] Total time for which application threads were stopped: 0.0013791 seconds, Stopping threads took: 0.0005864 seconds
[2022-06-13T01:27:43.640+0000][1][safepoint    ] Application time: 0.0005699 seconds
[2022-06-13T01:27:43.641+0000][1][safepoint    ] Entering safepoint region: RevokeBias
[2022-06-13T01:27:43.641+0000][1][safepoint    ] Leaving safepoint region
[2022-06-13T01:27:43.642+0000][1][safepoint    ] Total time for which application threads were stopped: 0.0014491 seconds, Stopping threads took: 0.0008761 seconds
[2022-06-13T01:27:43.643+0000][1][safepoint    ] Application time: 0.0003214 seconds
[2022-06-13T01:27:43.643+0000][1][safepoint    ] Entering safepoint region: RevokeBias
[2022-06-13T01:27:43.644+0000][1][safepoint    ] Leaving safepoint region
[2022-06-13T01:27:43.645+0000][1][safepoint    ] Total time for which application threads were stopped: 0.0013623 seconds, Stopping threads took: 0.0005508 seconds
[2022-06-13T01:27:43.646+0000][1][safepoint    ] Application time: 0.0004578 seconds
[2022-06-13T01:27:43.646+0000][1][safepoint    ] Entering safepoint region: BulkRevokeBias
[2022-06-13T01:27:43.647+0000][1][safepoint    ] Leaving safepoint region
[2022-06-13T01:27:43.648+0000][1][safepoint    ] Total time for which application threads were stopped: 0.0014688 seconds, Stopping threads took: 0.0006664 seconds
[2022-06-13T01:27:44.649+0000][1][safepoint    ] Application time: 1.0004353 seconds
[2022-06-13T01:27:44.650+0000][1][safepoint    ] Entering safepoint region: Cleanup
[2022-06-13T01:27:44.650+0000][1][safepoint    ] Leaving safepoint region
[2022-06-13T01:27:44.651+0000][1][safepoint    ] Total time for which application threads were stopped: 0.0010882 seconds, Stopping threads took: 0.0005275 seconds
[2022-06-13T01:27:45.651+0000][1][safepoint    ] Application time: 1.0002177 seconds
[2022-06-13T01:27:45.652+0000][1][safepoint    ] Entering safepoint region: Cleanup
[2022-06-13T01:27:45.653+0000][1][safepoint    ] Leaving safepoint region
[2022-06-13T01:27:45.654+0000][1][safepoint    ] Total time for which application threads were stopped: 0.0014954 seconds, Stopping threads took: 0.0007486 seconds
[2022-06-13T01:27:46.630+0000][1][safepoint    ] Application time: 0.9762329 seconds
[2022-06-13T01:27:46.631+0000][1][safepoint    ] Entering safepoint region: RevokeBias
[2022-06-13T01:27:46.631+0000][1][safepoint    ] Leaving safepoint region
[2022-06-13T01:27:46.632+0000][1][safepoint    ] Total time for which application threads were stopped: 0.0009547 seconds, Stopping threads took: 0.0004949 seconds
[2022-06-13T01:27:46.632+0000][1][safepoint    ] Application time: 0.0002574 seconds
[2022-06-13T01:27:46.633+0000][1][safepoint    ] Entering safepoint region: RevokeBias
[2022-06-13T01:27:46.633+0000][1][safepoint    ] Leaving safepoint region
[2022-06-13T01:27:46.633+0000][1][safepoint    ] Total time for which application threads were stopped: 0.0008361 seconds, Stopping threads took: 0.0004355 seconds
[2022-06-13T01:27:46.634+0000][1][safepoint    ] Application time: 0.0007284 seconds
[2022-06-13T01:27:46.635+0000][1][safepoint    ] Entering safepoint region: RevokeBias
[2022-06-13T01:27:46.636+0000][1][safepoint    ] Leaving safepoint region
[2022-06-13T01:27:46.636+0000][1][safepoint    ] Total time for which application threads were stopped: 0.0014118 seconds, Stopping threads took: 0.0007376 seconds
[2022-06-13T01:27:46.638+0000][1][safepoint    ] Application time: 0.0012642 seconds
[2022-06-13T01:27:46.638+0000][1][safepoint    ] Entering safepoint region: BulkRevokeBias
[2022-06-13T01:27:46.639+0000][1][safepoint    ] Leaving safepoint region
[2022-06-13T01:27:46.639+0000][1][safepoint    ] Total time for which application threads were stopped: 0.0011516 seconds, Stopping threads took: 0.0003971 seconds
[2022-06-13T01:27:47.634+0000][1][safepoint    ] Application time: 0.9940540 seconds
[2022-06-13T01:27:47.634+0000][1][safepoint    ] Entering safepoint region: RevokeBias
[2022-06-13T01:27:47.635+0000][1][safepoint    ] Leaving safepoint region
[2022-06-13T01:27:47.635+0000][1][safepoint    ] Total time for which application threads were stopped: 0.0010768 seconds, Stopping threads took: 0.0003768 seconds
[2022-06-13T01:27:47.635+0000][1][safepoint    ] Application time: 0.0000877 seconds
[2022-06-13T01:27:47.636+0000][1][safepoint    ] Entering safepoint region: RevokeBias
[2022-06-13T01:27:47.636+0000][1][safepoint    ] Leaving safepoint region
[2022-06-13T01:27:47.637+0000][1][safepoint    ] Total time for which application threads were stopped: 0.0012243 seconds, Stopping threads took: 0.0004128 seconds
[2022-06-13T01:27:47.638+0000][1][safepoint    ] Application time: 0.0004771 seconds
[2022-06-13T01:27:47.638+0000][1][safepoint    ] Entering safepoint region: RevokeBias
[2022-06-13T01:27:47.639+0000][1][safepoint    ] Leaving safepoint region
[2022-06-13T01:27:47.639+0000][1][safepoint    ] Total time for which application threads were stopped: 0.0009132 seconds, Stopping threads took: 0.0003686 seconds
[2022-06-13T01:27:47.641+0000][1][safepoint    ] Application time: 0.0008276 seconds
[2022-06-13T01:27:47.642+0000][1][safepoint    ] Entering safepoint region: RevokeBias
[2022-06-13T01:27:47.642+0000][1][safepoint    ] Leaving safepoint region
[2022-06-13T01:27:47.643+0000][1][safepoint    ] Total time for which application threads were stopped: 0.0014261 seconds, Stopping threads took: 0.0009917 seconds
[2022-06-13T01:27:48.643+0000][1][safepoint    ] Application time: 1.0003545 seconds
[2022-06-13T01:27:48.644+0000][1][safepoint    ] Entering safepoint region: Cleanup
[2022-06-13T01:27:48.645+0000][1][safepoint    ] Leaving safepoint region
[2022-06-13T01:27:48.646+0000][1][safepoint    ] Total time for which application threads were stopped: 0.0017697 seconds, Stopping threads took: 0.0009257 seconds
[2022-06-13T01:27:49.647+0000][1][safepoint    ] Application time: 1.0002012 seconds
[2022-06-13T01:27:49.648+0000][1][safepoint    ] Entering safepoint region: Cleanup
[2022-06-13T01:27:49.648+0000][1][safepoint    ] Leaving safepoint region
[2022-06-13T01:27:49.649+0000][1][safepoint    ] Total time for which application threads were stopped: 0.0013222 seconds, Stopping threads took: 0.0006871 seconds
[2022-06-13T01:27:50.632+0000][1][safepoint    ] Application time: 0.9832231 seconds
[2022-06-13T01:27:50.633+0000][1][safepoint    ] Entering safepoint region: RevokeBias
[2022-06-13T01:27:50.634+0000][1][safepoint    ] Leaving safepoint region
[2022-06-13T01:27:50.634+0000][1][safepoint    ] Total time for which application threads were stopped: 0.0007373 seconds, Stopping threads took: 0.0003036 seconds
[2022-06-13T01:27:50.635+0000][1][safepoint    ] Application time: 0.0004093 seconds
[2022-06-13T01:27:50.635+0000][1][safepoint    ] Entering safepoint region: RevokeBias
[2022-06-13T01:27:50.635+0000][1][safepoint    ] Leaving safepoint region
[2022-06-13T01:27:50.636+0000][1][safepoint    ] Total time for which application threads were stopped: 0.0007347 seconds, Stopping threads took: 0.0003260 seconds
[2022-06-13T01:27:51.639+0000][1][safepoint    ] Application time: 1.0029650 seconds
[2022-06-13T01:27:51.640+0000][1][safepoint    ] Entering safepoint region: RevokeBias
[2022-06-13T01:27:51.641+0000][1][safepoint    ] Leaving safepoint region
[2022-06-13T01:27:51.642+0000][1][safepoint    ] Total time for which application threads were stopped: 0.0020576 seconds, Stopping threads took: 0.0010425 seconds
[2022-06-13T01:27:51.643+0000][1][safepoint    ] Application time: 0.0011464 seconds
[2022-06-13T01:27:51.645+0000][1][safepoint    ] Entering safepoint region: RevokeBias
[2022-06-13T01:27:51.645+0000][1][safepoint    ] Leaving safepoint region
[2022-06-13T01:27:51.646+0000][1][safepoint    ] Total time for which application threads were stopped: 0.0016850 seconds, Stopping threads took: 0.0010601 seconds
[2022-06-13T01:27:51.648+0000][1][safepoint    ] Application time: 0.0011797 seconds
[2022-06-13T01:27:51.648+0000][1][safepoint    ] Entering safepoint region: RevokeBias
[2022-06-13T01:27:51.649+0000][1][safepoint    ] Leaving safepoint region
[2022-06-13T01:27:51.649+0000][1][safepoint    ] Total time for which application threads were stopped: 0.0012045 seconds, Stopping threads took: 0.0007987 seconds
[2022-06-13T01:27:52.650+0000][1][safepoint    ] Application time: 1.0003030 seconds
[2022-06-13T01:27:52.651+0000][1][safepoint    ] Entering safepoint region: Cleanup
[2022-06-13T01:27:52.651+0000][1][safepoint    ] Leaving safepoint region
[2022-06-13T01:27:52.652+0000][1][safepoint    ] Total time for which application threads were stopped: 0.0009841 seconds, Stopping threads took: 0.0005744 seconds
[2022-06-13T01:27:53.652+0000][1][safepoint    ] Application time: 1.0001561 seconds
[2022-06-13T01:27:53.653+0000][1][safepoint    ] Entering safepoint region: Cleanup
[2022-06-13T01:27:53.653+0000][1][safepoint    ] Leaving safepoint region
[2022-06-13T01:27:53.654+0000][1][safepoint    ] Total time for which application threads were stopped: 0.0009751 seconds, Stopping threads took: 0.0004543 seconds
[2022-06-13T01:27:54.637+0000][1][safepoint    ] Application time: 0.9826897 seconds
[2022-06-13T01:27:54.638+0000][1][safepoint    ] Entering safepoint region: RevokeBias
[2022-06-13T01:27:54.638+0000][1][safepoint    ] Leaving safepoint region
[2022-06-13T01:27:54.638+0000][1][safepoint    ] Total time for which application threads were stopped: 0.0006181 seconds, Stopping threads took: 0.0003952 seconds
[2022-06-13T01:27:54.638+0000][1][safepoint    ] Application time: 0.0001120 seconds
[2022-06-13T01:27:54.640+0000][1][safepoint    ] Entering safepoint region: RevokeBias
[2022-06-13T01:27:54.640+0000][1][safepoint    ] Leaving safepoint region
[2022-06-13T01:27:54.641+0000][1][safepoint    ] Total time for which application threads were stopped: 0.0013239 seconds, Stopping threads took: 0.0007116 seconds
[2022-06-13T01:27:54.642+0000][1][safepoint    ] Application time: 0.0006145 seconds
[2022-06-13T01:27:54.643+0000][1][safepoint    ] Entering safepoint region: RevokeBias
[2022-06-13T01:27:54.643+0000][1][safepoint    ] Leaving safepoint region
[2022-06-13T01:27:54.644+0000][1][safepoint    ] Total time for which application threads were stopped: 0.0011679 seconds, Stopping threads took: 0.0004837 seconds
[2022-06-13T01:27:55.638+0000][1][safepoint    ] Application time: 0.9937259 seconds
[2022-06-13T01:27:55.638+0000][1][safepoint    ] Entering safepoint region: RevokeBias
[2022-06-13T01:27:55.639+0000][1][safepoint    ] Leaving safepoint region
[2022-06-13T01:27:55.640+0000][1][safepoint    ] Total time for which application threads were stopped: 0.0013080 seconds, Stopping threads took: 0.0006947 seconds
[2022-06-13T01:27:55.641+0000][1][safepoint    ] Application time: 0.0006571 seconds
[2022-06-13T01:27:55.642+0000][1][safepoint    ] Entering safepoint region: RevokeBias
[2022-06-13T01:27:55.642+0000][1][safepoint    ] Leaving safepoint region
[2022-06-13T01:27:55.643+0000][1][safepoint    ] Total time for which application threads were stopped: 0.0012793 seconds, Stopping threads took: 0.0007965 seconds
[2022-06-13T01:27:55.644+0000][1][safepoint    ] Application time: 0.0005424 seconds
[2022-06-13T01:27:55.644+0000][1][safepoint    ] Entering safepoint region: RevokeBias
[2022-06-13T01:27:55.645+0000][1][safepoint    ] Leaving safepoint region
[2022-06-13T01:27:55.645+0000][1][safepoint    ] Total time for which application threads were stopped: 0.0014199 seconds, Stopping threads took: 0.0007207 seconds
[2022-06-13T01:27:55.647+0000][1][safepoint    ] Application time: 0.0005959 seconds
[2022-06-13T01:27:55.647+0000][1][safepoint    ] Entering safepoint region: RevokeBias
[2022-06-13T01:27:55.648+0000][1][safepoint    ] Leaving safepoint region
[2022-06-13T01:27:55.648+0000][1][safepoint    ] Total time for which application threads were stopped: 0.0014151 seconds, Stopping threads took: 0.0005930 seconds
[2022-06-13T01:27:55.650+0000][1][safepoint    ] Application time: 0.0006784 seconds
[2022-06-13T01:27:55.650+0000][1][safepoint    ] Entering safepoint region: RevokeBias
[2022-06-13T01:27:55.651+0000][1][safepoint    ] Leaving safepoint region
[2022-06-13T01:27:55.651+0000][1][safepoint    ] Total time for which application threads were stopped: 0.0011845 seconds, Stopping threads took: 0.0003343 seconds
[2022-06-13T01:27:55.652+0000][1][safepoint    ] Application time: 0.0003748 seconds
[2022-06-13T01:27:55.653+0000][1][safepoint    ] Entering safepoint region: RevokeBias
[2022-06-13T01:27:55.654+0000][1][safepoint    ] Leaving safepoint region
[2022-06-13T01:27:55.655+0000][1][safepoint    ] Total time for which application threads were stopped: 0.0021629 seconds, Stopping threads took: 0.0011557 seconds
[2022-06-13T01:27:57.656+0000][1][safepoint    ] Application time: 2.0005389 seconds
[2022-06-13T01:27:57.657+0000][1][safepoint    ] Entering safepoint region: Cleanup
[2022-06-13T01:27:57.658+0000][1][safepoint    ] Leaving safepoint region
[2022-06-13T01:27:57.659+0000][1][safepoint    ] Total time for which application threads were stopped: 0.0013549 seconds, Stopping threads took: 0.0005994 seconds
[2022-06-13T01:27:57.696+0000][1][safepoint    ] Application time: 0.0373968 seconds
[2022-06-13T01:27:57.697+0000][1][safepoint    ] Entering safepoint region: RevokeBias
[2022-06-13T01:27:57.698+0000][1][safepoint    ] Leaving safepoint region
[2022-06-13T01:27:57.699+0000][1][safepoint    ] Total time for which application threads were stopped: 0.0015126 seconds, Stopping threads took: 0.0007593 seconds
[2022-06-13T01:27:57.700+0000][1][safepoint    ] Application time: 0.0003817 seconds
[2022-06-13T01:27:57.701+0000][1][safepoint    ] Entering safepoint region: RevokeBias
[2022-06-13T01:27:57.701+0000][1][safepoint    ] Leaving safepoint region
[2022-06-13T01:27:57.702+0000][1][safepoint    ] Total time for which application threads were stopped: 0.0012592 seconds, Stopping threads took: 0.0005731 seconds
[2022-06-13T01:27:57.706+0000][1][safepoint    ] Application time: 0.0036613 seconds
[2022-06-13T01:27:57.707+0000][1][safepoint    ] Entering safepoint region: RevokeBias
[2022-06-13T01:27:57.708+0000][1][safepoint    ] Leaving safepoint region
[2022-06-13T01:27:57.708+0000][1][safepoint    ] Total time for which application threads were stopped: 0.0012289 seconds, Stopping threads took: 0.0005790 seconds
[2022-06-13T01:27:57.710+0000][1][safepoint    ] Application time: 0.0006324 seconds
[2022-06-13T01:27:57.711+0000][1][safepoint    ] Entering safepoint region: RevokeBias
[2022-06-13T01:27:57.711+0000][1][safepoint    ] Leaving safepoint region
[2022-06-13T01:27:57.712+0000][1][safepoint    ] Total time for which application threads were stopped: 0.0015486 seconds, Stopping threads took: 0.0009192 seconds
[2022-06-13T01:27:58.638+0000][1][safepoint    ] Application time: 0.9255409 seconds
[2022-06-13T01:27:58.639+0000][1][safepoint    ] Entering safepoint region: RevokeBias
[2022-06-13T01:27:58.640+0000][1][safepoint    ] Leaving safepoint region
[2022-06-13T01:27:58.640+0000][1][safepoint    ] Total time for which application threads were stopped: 0.0014029 seconds, Stopping threads took: 0.0009181 seconds
[2022-06-13T01:27:58.641+0000][1][safepoint    ] Application time: 0.0005519 seconds
[2022-06-13T01:27:58.642+0000][1][safepoint    ] Entering safepoint region: RevokeBias
[2022-06-13T01:27:58.642+0000][1][safepoint    ] Leaving safepoint region
[2022-06-13T01:27:58.643+0000][1][safepoint    ] Total time for which application threads were stopped: 0.0009247 seconds, Stopping threads took: 0.0004002 seconds
[2022-06-13T01:27:59.639+0000][1][safepoint    ] Application time: 0.9955970 seconds
[2022-06-13T01:27:59.639+0000][1][safepoint    ] Entering safepoint region: RevokeBias
[2022-06-13T01:27:59.640+0000][1][safepoint    ] Leaving safepoint region
[2022-06-13T01:27:59.640+0000][1][safepoint    ] Total time for which application threads were stopped: 0.0010300 seconds, Stopping threads took: 0.0005415 seconds
[2022-06-13T01:27:59.641+0000][1][safepoint    ] Application time: 0.0007065 seconds
[2022-06-13T01:27:59.642+0000][1][safepoint    ] Entering safepoint region: RevokeBias
[2022-06-13T01:27:59.643+0000][1][safepoint    ] Leaving safepoint region
[2022-06-13T01:27:59.644+0000][1][safepoint    ] Total time for which application threads were stopped: 0.0018080 seconds, Stopping threads took: 0.0005369 seconds
[2022-06-13T01:27:59.645+0000][1][safepoint    ] Application time: 0.0006403 seconds
[2022-06-13T01:27:59.645+0000][1][safepoint    ] Entering safepoint region: RevokeBias
[2022-06-13T01:27:59.646+0000][1][safepoint    ] Leaving safepoint region
[2022-06-13T01:27:59.646+0000][1][safepoint    ] Total time for which application threads were stopped: 0.0009803 seconds, Stopping threads took: 0.0005642 seconds
[2022-06-13T01:28:00.647+0000][1][safepoint    ] Application time: 1.0002807 seconds
[2022-06-13T01:28:00.648+0000][1][safepoint    ] Entering safepoint region: Cleanup
[2022-06-13T01:28:00.649+0000][1][safepoint    ] Leaving safepoint region
[2022-06-13T01:28:00.650+0000][1][safepoint    ] Total time for which application threads were stopped: 0.0020072 seconds, Stopping threads took: 0.0008200 seconds
[2022-06-13T01:28:02.640+0000][1][safepoint    ] Application time: 1.9898720 seconds
[2022-06-13T01:28:02.640+0000][1][safepoint    ] Entering safepoint region: RevokeBias
[2022-06-13T01:28:02.641+0000][1][safepoint    ] Leaving safepoint region
[2022-06-13T01:28:02.641+0000][1][safepoint    ] Total time for which application threads were stopped: 0.0010436 seconds, Stopping threads took: 0.0004529 seconds
[2022-06-13T01:28:02.642+0000][1][safepoint    ] Application time: 0.0007523 seconds
[2022-06-13T01:28:02.643+0000][1][safepoint    ] Entering safepoint region: RevokeBias
[2022-06-13T01:28:02.643+0000][1][safepoint    ] Leaving safepoint region
[2022-06-13T01:28:02.644+0000][1][safepoint    ] Total time for which application threads were stopped: 0.0009167 seconds, Stopping threads took: 0.0004516 seconds
[2022-06-13T01:28:03.641+0000][1][safepoint    ] Application time: 0.9975153 seconds
[2022-06-13T01:28:03.642+0000][1][safepoint    ] Entering safepoint region: RevokeBias
[2022-06-13T01:28:03.644+0000][1][safepoint    ] Leaving safepoint region
[2022-06-13T01:28:03.644+0000][1][safepoint    ] Total time for which application threads were stopped: 0.0022392 seconds, Stopping threads took: 0.0007768 seconds
[2022-06-13T01:28:03.645+0000][1][safepoint    ] Application time: 0.0010031 seconds
[2022-06-13T01:28:03.646+0000][1][safepoint    ] Entering safepoint region: RevokeBias
[2022-06-13T01:28:03.648+0000][1][safepoint    ] Leaving safepoint region
[2022-06-13T01:28:03.648+0000][1][safepoint    ] Total time for which application threads were stopped: 0.0024446 seconds, Stopping threads took: 0.0006932 seconds
[2022-06-13T01:28:05.650+0000][1][safepoint    ] Application time: 2.0006084 seconds
[2022-06-13T01:28:05.651+0000][1][safepoint    ] Entering safepoint region: Cleanup
[2022-06-13T01:28:05.652+0000][1][safepoint    ] Leaving safepoint region
[2022-06-13T01:28:05.653+0000][1][safepoint    ] Total time for which application threads were stopped: 0.0020741 seconds, Stopping threads took: 0.0009053 seconds
[2022-06-13T01:28:06.642+0000][1][safepoint    ] Application time: 0.9885382 seconds
[2022-06-13T01:28:06.643+0000][1][safepoint    ] Entering safepoint region: RevokeBias
[2022-06-13T01:28:06.644+0000][1][safepoint    ] Leaving safepoint region
[2022-06-13T01:28:06.644+0000][1][safepoint    ] Total time for which application threads were stopped: 0.0011938 seconds, Stopping threads took: 0.0005087 seconds
[2022-06-13T01:28:06.646+0000][1][safepoint    ] Application time: 0.0013558 seconds
[2022-06-13T01:28:06.646+0000][1][safepoint    ] Entering safepoint region: RevokeBias
[2022-06-13T01:28:06.648+0000][1][safepoint    ] Leaving safepoint region
[2022-06-13T01:28:06.648+0000][1][safepoint    ] Total time for which application threads were stopped: 0.0018057 seconds, Stopping threads took: 0.0005666 seconds
[2022-06-13T01:28:07.649+0000][1][safepoint    ] Application time: 1.0003159 seconds
[2022-06-13T01:28:07.650+0000][1][safepoint    ] Entering safepoint region: Cleanup
[2022-06-13T01:28:07.650+0000][1][safepoint    ] Leaving safepoint region
[2022-06-13T01:28:07.651+0000][1][safepoint    ] Total time for which application threads were stopped: 0.0011950 seconds, Stopping threads took: 0.0005596 seconds
[2022-06-13T01:28:09.652+0000][1][safepoint    ] Application time: 2.0003944 seconds
[2022-06-13T01:28:09.652+0000][1][safepoint    ] Entering safepoint region: Cleanup
[2022-06-13T01:28:09.653+0000][1][safepoint    ] Leaving safepoint region
[2022-06-13T01:28:09.653+0000][1][safepoint    ] Total time for which application threads were stopped: 0.0007576 seconds, Stopping threads took: 0.0004114 seconds
[2022-06-13T01:28:10.654+0000][1][safepoint    ] Application time: 1.0002816 seconds
[2022-06-13T01:28:10.655+0000][1][safepoint    ] Entering safepoint region: Cleanup
[2022-06-13T01:28:10.655+0000][1][safepoint    ] Leaving safepoint region
[2022-06-13T01:28:10.656+0000][1][safepoint    ] Total time for which application threads were stopped: 0.0013150 seconds, Stopping threads took: 0.0007134 seconds
[2022-06-13T01:28:11.657+0000][1][safepoint    ] Application time: 1.0001821 seconds
[2022-06-13T01:28:11.657+0000][1][safepoint    ] Entering safepoint region: Cleanup
[2022-06-13T01:28:11.658+0000][1][safepoint    ] Leaving safepoint region
[2022-06-13T01:28:11.658+0000][1][safepoint    ] Total time for which application threads were stopped: 0.0010511 seconds, Stopping threads took: 0.0002915 seconds
[2022-06-13T01:28:13.659+0000][1][safepoint    ] Application time: 2.0004130 seconds
[2022-06-13T01:28:13.660+0000][1][safepoint    ] Entering safepoint region: Cleanup
[2022-06-13T01:28:13.661+0000][1][safepoint    ] Leaving safepoint region
[2022-06-13T01:28:13.661+0000][1][safepoint    ] Total time for which application threads were stopped: 0.0009963 seconds, Stopping threads took: 0.0004754 seconds
[2022-06-13T01:28:14.662+0000][1][safepoint    ] Application time: 1.0003093 seconds
[2022-06-13T01:28:14.662+0000][1][safepoint    ] Entering safepoint region: Cleanup
[2022-06-13T01:28:14.663+0000][1][safepoint    ] Leaving safepoint region
[2022-06-13T01:28:14.663+0000][1][safepoint    ] Total time for which application threads were stopped: 0.0011716 seconds, Stopping threads took: 0.0006021 seconds
[2022-06-13T01:28:15.664+0000][1][safepoint    ] Application time: 1.0003370 seconds
[2022-06-13T01:28:15.665+0000][1][safepoint    ] Entering safepoint region: Cleanup
[2022-06-13T01:28:15.665+0000][1][safepoint    ] Leaving safepoint region
[2022-06-13T01:28:15.666+0000][1][safepoint    ] Total time for which application threads were stopped: 0.0013922 seconds, Stopping threads took: 0.0004470 seconds
[2022-06-13T01:28:16.667+0000][1][safepoint    ] Application time: 1.0001382 seconds
[2022-06-13T01:28:16.667+0000][1][safepoint    ] Entering safepoint region: Cleanup
[2022-06-13T01:28:16.668+0000][1][safepoint    ] Leaving safepoint region
[2022-06-13T01:28:16.668+0000][1][safepoint    ] Total time for which application threads were stopped: 0.0006356 seconds, Stopping threads took: 0.0003001 seconds
[2022-06-13T01:28:17.668+0000][1][safepoint    ] Application time: 1.0001535 seconds
[2022-06-13T01:28:17.669+0000][1][safepoint    ] Entering safepoint region: Cleanup
[2022-06-13T01:28:17.670+0000][1][safepoint    ] Leaving safepoint region
[2022-06-13T01:28:17.671+0000][1][safepoint    ] Total time for which application threads were stopped: 0.0017895 seconds, Stopping threads took: 0.0012461 seconds
[2022-06-13T01:28:18.672+0000][1][safepoint    ] Application time: 1.0002989 seconds
[2022-06-13T01:28:18.673+0000][1][safepoint    ] Entering safepoint region: Cleanup
[2022-06-13T01:28:18.674+0000][1][safepoint    ] Leaving safepoint region
[2022-06-13T01:28:18.674+0000][1][safepoint    ] Total time for which application threads were stopped: 0.0011648 seconds, Stopping threads took: 0.0005936 seconds
[2022-06-13T01:28:19.003+0000][1][safepoint    ] Application time: 0.3279525 seconds
[2022-06-13T01:28:19.003+0000][1][safepoint    ] Entering safepoint region: RevokeBias
[2022-06-13T01:28:19.004+0000][1][safepoint    ] Leaving safepoint region
[2022-06-13T01:28:19.004+0000][1][safepoint    ] Total time for which application threads were stopped: 0.0006313 seconds, Stopping threads took: 0.0002478 seconds
[2022-06-13T01:28:20.004+0000][1][safepoint    ] Application time: 1.0002746 seconds
[2022-06-13T01:28:20.005+0000][1][safepoint    ] Entering safepoint region: Cleanup
[2022-06-13T01:28:20.005+0000][1][safepoint    ] Leaving safepoint region
[2022-06-13T01:28:20.006+0000][1][safepoint    ] Total time for which application threads were stopped: 0.0008699 seconds, Stopping threads took: 0.0002294 seconds
[2022-06-13T01:28:21.007+0000][1][safepoint    ] Application time: 1.0002566 seconds
[2022-06-13T01:28:21.007+0000][1][safepoint    ] Entering safepoint region: Cleanup
[2022-06-13T01:28:21.008+0000][1][safepoint    ] Leaving safepoint region
[2022-06-13T01:28:21.008+0000][1][safepoint    ] Total time for which application threads were stopped: 0.0010161 seconds, Stopping threads took: 0.0005103 seconds
[2022-06-13T01:28:22.009+0000][1][safepoint    ] Application time: 1.0001428 seconds
[2022-06-13T01:28:22.009+0000][1][safepoint    ] Entering safepoint region: Cleanup
[2022-06-13T01:28:22.009+0000][1][safepoint    ] Leaving safepoint region
[2022-06-13T01:28:22.009+0000][1][safepoint    ] Total time for which application threads were stopped: 0.0004244 seconds, Stopping threads took: 0.0002078 seconds
[2022-06-13T01:28:23.010+0000][1][safepoint    ] Application time: 1.0001576 seconds
[2022-06-13T01:28:23.011+0000][1][safepoint    ] Entering safepoint region: Cleanup
[2022-06-13T01:28:23.011+0000][1][safepoint    ] Leaving safepoint region
[2022-06-13T01:28:23.012+0000][1][safepoint    ] Total time for which application threads were stopped: 0.0017390 seconds, Stopping threads took: 0.0007291 seconds
[2022-06-13T01:28:24.013+0000][1][safepoint    ] Application time: 1.0003142 seconds
[2022-06-13T01:28:24.014+0000][1][safepoint    ] Entering safepoint region: Cleanup
[2022-06-13T01:28:24.015+0000][1][safepoint    ] Leaving safepoint region
[2022-06-13T01:28:24.016+0000][1][safepoint    ] Total time for which application threads were stopped: 0.0017471 seconds, Stopping threads took: 0.0007228 seconds
[2022-06-13T01:28:25.017+0000][1][safepoint    ] Application time: 1.0001762 seconds
[2022-06-13T01:28:25.018+0000][1][safepoint    ] Entering safepoint region: Cleanup
[2022-06-13T01:28:25.018+0000][1][safepoint    ] Leaving safepoint region
[2022-06-13T01:28:25.019+0000][1][safepoint    ] Total time for which application threads were stopped: 0.0011079 seconds, Stopping threads took: 0.0004404 seconds
[2022-06-13T01:28:26.019+0000][1][safepoint    ] Application time: 1.0002155 seconds
[2022-06-13T01:28:26.020+0000][1][safepoint    ] Entering safepoint region: Cleanup
[2022-06-13T01:28:26.020+0000][1][safepoint    ] Leaving safepoint region
[2022-06-13T01:28:26.021+0000][1][safepoint    ] Total time for which application threads were stopped: 0.0006992 seconds, Stopping threads took: 0.0003206 seconds
[2022-06-13T01:28:27.021+0000][1][safepoint    ] Application time: 1.0001650 seconds
[2022-06-13T01:28:27.022+0000][1][safepoint    ] Entering safepoint region: Cleanup
[2022-06-13T01:28:27.022+0000][1][safepoint    ] Leaving safepoint region
[2022-06-13T01:28:27.023+0000][1][safepoint    ] Total time for which application threads were stopped: 0.0010672 seconds, Stopping threads took: 0.0003298 seconds
[2022-06-13T01:28:28.023+0000][1][safepoint    ] Application time: 1.0002257 seconds
[2022-06-13T01:28:28.024+0000][1][safepoint    ] Entering safepoint region: Cleanup
[2022-06-13T01:28:28.025+0000][1][safepoint    ] Leaving safepoint region
[2022-06-13T01:28:28.025+0000][1][safepoint    ] Total time for which application threads were stopped: 0.0009353 seconds, Stopping threads took: 0.0004682 seconds
[2022-06-13T01:28:29.026+0000][1][safepoint    ] Application time: 1.0001513 seconds
[2022-06-13T01:28:29.026+0000][1][safepoint    ] Entering safepoint region: Cleanup
[2022-06-13T01:28:29.026+0000][1][safepoint    ] Leaving safepoint region
[2022-06-13T01:28:29.027+0000][1][safepoint    ] Total time for which application threads were stopped: 0.0007487 seconds, Stopping threads took: 0.0002218 seconds
[2022-06-13T01:28:30.027+0000][1][safepoint    ] Application time: 1.0001755 seconds
[2022-06-13T01:28:30.028+0000][1][safepoint    ] Entering safepoint region: Cleanup
[2022-06-13T01:28:30.029+0000][1][safepoint    ] Leaving safepoint region
[2022-06-13T01:28:30.029+0000][1][safepoint    ] Total time for which application threads were stopped: 0.0009699 seconds, Stopping threads took: 0.0004368 seconds
[2022-06-13T01:28:31.030+0000][1][safepoint    ] Application time: 1.0004177 seconds
[2022-06-13T01:28:31.031+0000][1][safepoint    ] Entering safepoint region: Cleanup
[2022-06-13T01:28:31.032+0000][1][safepoint    ] Leaving safepoint region
[2022-06-13T01:28:31.033+0000][1][safepoint    ] Total time for which application threads were stopped: 0.0019025 seconds, Stopping threads took: 0.0008452 seconds
[2022-06-13T01:28:32.034+0000][1][safepoint    ] Application time: 1.0002736 seconds
[2022-06-13T01:28:32.034+0000][1][safepoint    ] Entering safepoint region: Cleanup
[2022-06-13T01:28:32.035+0000][1][safepoint    ] Leaving safepoint region
[2022-06-13T01:28:32.035+0000][1][safepoint    ] Total time for which application threads were stopped: 0.0007171 seconds, Stopping threads took: 0.0003333 seconds
[2022-06-13T01:28:33.036+0000][1][safepoint    ] Application time: 1.0002241 seconds
[2022-06-13T01:28:33.037+0000][1][safepoint    ] Entering safepoint region: Cleanup
[2022-06-13T01:28:33.038+0000][1][safepoint    ] Leaving safepoint region
[2022-06-13T01:28:33.038+0000][1][safepoint    ] Total time for which application threads were stopped: 0.0012372 seconds, Stopping threads took: 0.0006048 seconds
[2022-06-13T01:28:34.039+0000][1][safepoint    ] Application time: 1.0002316 seconds
[2022-06-13T01:28:34.039+0000][1][safepoint    ] Entering safepoint region: Cleanup
[2022-06-13T01:28:34.040+0000][1][safepoint    ] Leaving safepoint region
[2022-06-13T01:28:34.041+0000][1][safepoint    ] Total time for which application threads were stopped: 0.0013025 seconds, Stopping threads took: 0.0005849 seconds
[2022-06-13T01:28:35.042+0000][1][safepoint    ] Application time: 1.0002606 seconds
[2022-06-13T01:28:35.042+0000][1][safepoint    ] Entering safepoint region: Cleanup
[2022-06-13T01:28:35.043+0000][1][safepoint    ] Leaving safepoint region
[2022-06-13T01:28:35.044+0000][1][safepoint    ] Total time for which application threads were stopped: 0.0013290 seconds, Stopping threads took: 0.0006649 seconds
[2022-06-13T01:28:36.044+0000][1][safepoint    ] Application time: 1.0001463 seconds
[2022-06-13T01:28:36.045+0000][1][safepoint    ] Entering safepoint region: Cleanup
[2022-06-13T01:28:36.046+0000][1][safepoint    ] Leaving safepoint region
[2022-06-13T01:28:36.046+0000][1][safepoint    ] Total time for which application threads were stopped: 0.0012373 seconds, Stopping threads took: 0.0004336 seconds
[2022-06-13T01:28:37.047+0000][1][safepoint    ] Application time: 1.0003169 seconds
[2022-06-13T01:28:37.048+0000][1][safepoint    ] Entering safepoint region: Cleanup
[2022-06-13T01:28:37.049+0000][1][safepoint    ] Leaving safepoint region
[2022-06-13T01:28:37.050+0000][1][safepoint    ] Total time for which application threads were stopped: 0.0020417 seconds, Stopping threads took: 0.0009279 seconds
[2022-06-13T01:28:38.051+0000][1][safepoint    ] Application time: 1.0002643 seconds
[2022-06-13T01:28:38.052+0000][1][safepoint    ] Entering safepoint region: Cleanup
[2022-06-13T01:28:38.053+0000][1][safepoint    ] Leaving safepoint region
[2022-06-13T01:28:38.053+0000][1][safepoint    ] Total time for which application threads were stopped: 0.0010031 seconds, Stopping threads took: 0.0004836 seconds
[2022-06-13T01:28:39.054+0000][1][safepoint    ] Application time: 1.0004097 seconds
[2022-06-13T01:28:39.055+0000][1][safepoint    ] Entering safepoint region: Cleanup
[2022-06-13T01:28:39.055+0000][1][safepoint    ] Leaving safepoint region
[2022-06-13T01:28:39.056+0000][1][safepoint    ] Total time for which application threads were stopped: 0.0008720 seconds, Stopping threads took: 0.0003465 seconds
[2022-06-13T01:28:40.056+0000][1][safepoint    ] Application time: 1.0001474 seconds
[2022-06-13T01:28:40.057+0000][1][safepoint    ] Entering safepoint region: Cleanup
[2022-06-13T01:28:40.058+0000][1][safepoint    ] Leaving safepoint region
[2022-06-13T01:28:40.059+0000][1][safepoint    ] Total time for which application threads were stopped: 0.0014524 seconds, Stopping threads took: 0.0007064 seconds
[2022-06-13T01:28:41.060+0000][1][safepoint    ] Application time: 1.0004234 seconds
[2022-06-13T01:28:41.061+0000][1][safepoint    ] Entering safepoint region: Cleanup
[2022-06-13T01:28:41.061+0000][1][safepoint    ] Leaving safepoint region
[2022-06-13T01:28:41.062+0000][1][safepoint    ] Total time for which application threads were stopped: 0.0011527 seconds, Stopping threads took: 0.0005055 seconds
[2022-06-13T01:28:42.062+0000][1][safepoint    ] Application time: 1.0003552 seconds
[2022-06-13T01:28:42.063+0000][1][safepoint    ] Entering safepoint region: Cleanup
[2022-06-13T01:28:42.064+0000][1][safepoint    ] Leaving safepoint region
[2022-06-13T01:28:42.064+0000][1][safepoint    ] Total time for which application threads were stopped: 0.0014139 seconds, Stopping threads took: 0.0005814 seconds
[2022-06-13T01:28:43.065+0000][1][safepoint    ] Application time: 1.0003867 seconds
[2022-06-13T01:28:43.066+0000][1][safepoint    ] Entering safepoint region: Cleanup
[2022-06-13T01:28:43.067+0000][1][safepoint    ] Leaving safepoint region
[2022-06-13T01:28:43.067+0000][1][safepoint    ] Total time for which application threads were stopped: 0.0010213 seconds, Stopping threads took: 0.0005964 seconds
[2022-06-13T01:28:44.068+0000][1][safepoint    ] Application time: 1.0002635 seconds
[2022-06-13T01:28:44.069+0000][1][safepoint    ] Entering safepoint region: Cleanup
[2022-06-13T01:28:44.069+0000][1][safepoint    ] Leaving safepoint region
[2022-06-13T01:28:44.070+0000][1][safepoint    ] Total time for which application threads were stopped: 0.0013045 seconds, Stopping threads took: 0.0005442 seconds
[2022-06-13T01:28:45.071+0000][1][safepoint    ] Application time: 1.0004317 seconds
[2022-06-13T01:28:45.072+0000][1][safepoint    ] Entering safepoint region: Cleanup
[2022-06-13T01:28:45.073+0000][1][safepoint    ] Leaving safepoint region
[2022-06-13T01:28:45.074+0000][1][safepoint    ] Total time for which application threads were stopped: 0.0015613 seconds, Stopping threads took: 0.0006420 seconds
[2022-06-13T01:28:46.075+0000][1][safepoint    ] Application time: 1.0003418 seconds
[2022-06-13T01:28:46.076+0000][1][safepoint    ] Entering safepoint region: Cleanup
[2022-06-13T01:28:46.076+0000][1][safepoint    ] Leaving safepoint region
[2022-06-13T01:28:46.077+0000][1][safepoint    ] Total time for which application threads were stopped: 0.0017728 seconds, Stopping threads took: 0.0006843 seconds
[2022-06-13T01:28:47.078+0000][1][safepoint    ] Application time: 1.0003638 seconds
[2022-06-13T01:28:47.079+0000][1][safepoint    ] Entering safepoint region: Cleanup
[2022-06-13T01:28:47.080+0000][1][safepoint    ] Leaving safepoint region
[2022-06-13T01:28:47.080+0000][1][safepoint    ] Total time for which application threads were stopped: 0.0011855 seconds, Stopping threads took: 0.0005140 seconds
[2022-06-13T01:28:48.081+0000][1][safepoint    ] Application time: 1.0003072 seconds
[2022-06-13T01:28:48.082+0000][1][safepoint    ] Entering safepoint region: Cleanup
[2022-06-13T01:28:48.083+0000][1][safepoint    ] Leaving safepoint region
[2022-06-13T01:28:48.083+0000][1][safepoint    ] Total time for which application threads were stopped: 0.0013020 seconds, Stopping threads took: 0.0006178 seconds
[2022-06-13T01:28:49.084+0000][1][safepoint    ] Application time: 1.0002203 seconds
[2022-06-13T01:28:49.085+0000][1][safepoint    ] Entering safepoint region: Cleanup
[2022-06-13T01:28:49.086+0000][1][safepoint    ] Leaving safepoint region
[2022-06-13T01:28:49.086+0000][1][safepoint    ] Total time for which application threads were stopped: 0.0017628 seconds, Stopping threads took: 0.0006116 seconds
[2022-06-13T01:28:50.088+0000][1][safepoint    ] Application time: 1.0004081 seconds
[2022-06-13T01:28:50.089+0000][1][safepoint    ] Entering safepoint region: Cleanup
[2022-06-13T01:28:50.089+0000][1][safepoint    ] Leaving safepoint region
[2022-06-13T01:28:50.090+0000][1][safepoint    ] Total time for which application threads were stopped: 0.0016955 seconds, Stopping threads took: 0.0006288 seconds
[2022-06-13T01:28:51.091+0000][1][safepoint    ] Application time: 1.0002503 seconds
[2022-06-13T01:28:51.092+0000][1][safepoint    ] Entering safepoint region: Cleanup
[2022-06-13T01:28:51.093+0000][1][safepoint    ] Leaving safepoint region
[2022-06-13T01:28:51.094+0000][1][safepoint    ] Total time for which application threads were stopped: 0.0019690 seconds, Stopping threads took: 0.0008970 seconds
[2022-06-13T01:28:52.094+0000][1][safepoint    ] Application time: 1.0002744 seconds
[2022-06-13T01:28:52.095+0000][1][safepoint    ] Entering safepoint region: Cleanup
[2022-06-13T01:28:52.095+0000][1][safepoint    ] Leaving safepoint region
[2022-06-13T01:28:52.096+0000][1][safepoint    ] Total time for which application threads were stopped: 0.0008854 seconds, Stopping threads took: 0.0002948 seconds
[2022-06-13T01:28:53.096+0000][1][safepoint    ] Application time: 1.0001643 seconds
[2022-06-13T01:28:53.097+0000][1][safepoint    ] Entering safepoint region: Cleanup
[2022-06-13T01:28:53.097+0000][1][safepoint    ] Leaving safepoint region
[2022-06-13T01:28:53.098+0000][1][safepoint    ] Total time for which application threads were stopped: 0.0009035 seconds, Stopping threads took: 0.0004049 seconds
[2022-06-13T01:28:54.098+0000][1][safepoint    ] Application time: 1.0002978 seconds
[2022-06-13T01:28:54.099+0000][1][safepoint    ] Entering safepoint region: Cleanup
[2022-06-13T01:28:54.099+0000][1][safepoint    ] Leaving safepoint region
[2022-06-13T01:28:54.100+0000][1][safepoint    ] Total time for which application threads were stopped: 0.0007716 seconds, Stopping threads took: 0.0003609 seconds
[2022-06-13T01:28:55.100+0000][1][safepoint    ] Application time: 1.0002322 seconds
[2022-06-13T01:28:55.101+0000][1][safepoint    ] Entering safepoint region: Cleanup
[2022-06-13T01:28:55.102+0000][1][safepoint    ] Leaving safepoint region
[2022-06-13T01:28:55.102+0000][1][safepoint    ] Total time for which application threads were stopped: 0.0008124 seconds, Stopping threads took: 0.0003699 seconds
[2022-06-13T01:28:56.102+0000][1][safepoint    ] Application time: 1.0001451 seconds
[2022-06-13T01:28:56.103+0000][1][safepoint    ] Entering safepoint region: Cleanup
[2022-06-13T01:28:56.103+0000][1][safepoint    ] Leaving safepoint region
[2022-06-13T01:28:56.103+0000][1][safepoint    ] Total time for which application threads were stopped: 0.0004450 seconds, Stopping threads took: 0.0001915 seconds
[2022-06-13T01:28:57.104+0000][1][safepoint    ] Application time: 1.0002517 seconds
[2022-06-13T01:28:57.104+0000][1][safepoint    ] Entering safepoint region: Cleanup
[2022-06-13T01:28:57.105+0000][1][safepoint    ] Leaving safepoint region
[2022-06-13T01:28:57.105+0000][1][safepoint    ] Total time for which application threads were stopped: 0.0008116 seconds, Stopping threads took: 0.0004051 seconds
[2022-06-13T01:28:58.106+0000][1][safepoint    ] Application time: 1.0003184 seconds
[2022-06-13T01:28:58.106+0000][1][safepoint    ] Entering safepoint region: Cleanup
[2022-06-13T01:28:58.107+0000][1][safepoint    ] Leaving safepoint region
[2022-06-13T01:28:58.107+0000][1][safepoint    ] Total time for which application threads were stopped: 0.0010340 seconds, Stopping threads took: 0.0005816 seconds
[2022-06-13T01:28:59.108+0000][1][safepoint    ] Application time: 1.0001500 seconds
[2022-06-13T01:28:59.108+0000][1][safepoint    ] Entering safepoint region: Cleanup
[2022-06-13T01:28:59.109+0000][1][safepoint    ] Leaving safepoint region
[2022-06-13T01:28:59.110+0000][1][safepoint    ] Total time for which application threads were stopped: 0.0010829 seconds, Stopping threads took: 0.0005314 seconds
[2022-06-13T01:29:00.110+0000][1][safepoint    ] Application time: 1.0002775 seconds
[2022-06-13T01:29:00.111+0000][1][safepoint    ] Entering safepoint region: Cleanup
[2022-06-13T01:29:00.112+0000][1][safepoint    ] Leaving safepoint region
[2022-06-13T01:29:00.113+0000][1][safepoint    ] Total time for which application threads were stopped: 0.0013002 seconds, Stopping threads took: 0.0005878 seconds
[2022-06-13T01:29:01.113+0000][1][safepoint    ] Application time: 1.0001971 seconds
[2022-06-13T01:29:01.114+0000][1][safepoint    ] Entering safepoint region: Cleanup
[2022-06-13T01:29:01.115+0000][1][safepoint    ] Leaving safepoint region
[2022-06-13T01:29:01.116+0000][1][safepoint    ] Total time for which application threads were stopped: 0.0012926 seconds, Stopping threads took: 0.0006146 seconds
[2022-06-13T01:29:02.116+0000][1][safepoint    ] Application time: 1.0002506 seconds
[2022-06-13T01:29:02.117+0000][1][safepoint    ] Entering safepoint region: Cleanup
[2022-06-13T01:29:02.118+0000][1][safepoint    ] Leaving safepoint region
[2022-06-13T01:29:02.118+0000][1][safepoint    ] Total time for which application threads were stopped: 0.0011030 seconds, Stopping threads took: 0.0003708 seconds
[2022-06-13T01:29:03.119+0000][1][safepoint    ] Application time: 1.0002028 seconds
[2022-06-13T01:29:03.119+0000][1][safepoint    ] Entering safepoint region: Cleanup
[2022-06-13T01:29:03.120+0000][1][safepoint    ] Leaving safepoint region
[2022-06-13T01:29:03.120+0000][1][safepoint    ] Total time for which application threads were stopped: 0.0007059 seconds, Stopping threads took: 0.0004996 seconds
[2022-06-13T01:29:04.120+0000][1][safepoint    ] Application time: 1.0002733 seconds
[2022-06-13T01:29:04.121+0000][1][safepoint    ] Entering safepoint region: Cleanup
[2022-06-13T01:29:04.122+0000][1][safepoint    ] Leaving safepoint region
[2022-06-13T01:29:04.122+0000][1][safepoint    ] Total time for which application threads were stopped: 0.0014074 seconds, Stopping threads took: 0.0006644 seconds
[2022-06-13T01:29:05.123+0000][1][safepoint    ] Application time: 1.0001662 seconds
[2022-06-13T01:29:05.124+0000][1][safepoint    ] Entering safepoint region: Cleanup
[2022-06-13T01:29:05.125+0000][1][safepoint    ] Leaving safepoint region
[2022-06-13T01:29:05.125+0000][1][safepoint    ] Total time for which application threads were stopped: 0.0011093 seconds, Stopping threads took: 0.0004738 seconds
[2022-06-13T01:29:06.126+0000][1][safepoint    ] Application time: 1.0002425 seconds
[2022-06-13T01:29:06.127+0000][1][safepoint    ] Entering safepoint region: Cleanup
[2022-06-13T01:29:06.127+0000][1][safepoint    ] Leaving safepoint region
[2022-06-13T01:29:06.128+0000][1][safepoint    ] Total time for which application threads were stopped: 0.0013766 seconds, Stopping threads took: 0.0004790 seconds
[2022-06-13T01:29:07.129+0000][1][safepoint    ] Application time: 1.0002130 seconds
[2022-06-13T01:29:07.130+0000][1][safepoint    ] Entering safepoint region: Cleanup
[2022-06-13T01:29:07.130+0000][1][safepoint    ] Leaving safepoint region
[2022-06-13T01:29:07.130+0000][1][safepoint    ] Total time for which application threads were stopped: 0.0005829 seconds, Stopping threads took: 0.0002814 seconds
[2022-06-13T01:29:08.131+0000][1][safepoint    ] Application time: 1.0003631 seconds
[2022-06-13T01:29:08.132+0000][1][safepoint    ] Entering safepoint region: Cleanup
[2022-06-13T01:29:08.133+0000][1][safepoint    ] Leaving safepoint region
[2022-06-13T01:29:08.134+0000][1][safepoint    ] Total time for which application threads were stopped: 0.0018545 seconds, Stopping threads took: 0.0008072 seconds
[2022-06-13T01:29:09.135+0000][1][safepoint    ] Application time: 1.0002698 seconds
[2022-06-13T01:29:09.135+0000][1][safepoint    ] Entering safepoint region: Cleanup
[2022-06-13T01:29:09.136+0000][1][safepoint    ] Leaving safepoint region
[2022-06-13T01:29:09.136+0000][1][safepoint    ] Total time for which application threads were stopped: 0.0008780 seconds, Stopping threads took: 0.0003748 seconds
[2022-06-13T01:29:10.137+0000][1][safepoint    ] Application time: 1.0003748 seconds
[2022-06-13T01:29:10.137+0000][1][safepoint    ] Entering safepoint region: Cleanup
[2022-06-13T01:29:10.138+0000][1][safepoint    ] Leaving safepoint region
[2022-06-13T01:29:10.138+0000][1][safepoint    ] Total time for which application threads were stopped: 0.0007183 seconds, Stopping threads took: 0.0002851 seconds
[2022-06-13T01:29:11.139+0000][1][safepoint    ] Application time: 1.0003099 seconds
[2022-06-13T01:29:11.140+0000][1][safepoint    ] Entering safepoint region: Cleanup
[2022-06-13T01:29:11.141+0000][1][safepoint    ] Leaving safepoint region
[2022-06-13T01:29:11.141+0000][1][safepoint    ] Total time for which application threads were stopped: 0.0013853 seconds, Stopping threads took: 0.0007226 seconds
[2022-06-13T01:29:12.142+0000][1][safepoint    ] Application time: 1.0002327 seconds
[2022-06-13T01:29:12.143+0000][1][safepoint    ] Entering safepoint region: Cleanup
[2022-06-13T01:29:12.143+0000][1][safepoint    ] Leaving safepoint region
[2022-06-13T01:29:12.143+0000][1][safepoint    ] Total time for which application threads were stopped: 0.0006341 seconds, Stopping threads took: 0.0002950 seconds
[2022-06-13T01:29:13.144+0000][1][safepoint    ] Application time: 1.0002207 seconds
[2022-06-13T01:29:13.145+0000][1][safepoint    ] Entering safepoint region: Cleanup
[2022-06-13T01:29:13.145+0000][1][safepoint    ] Leaving safepoint region
[2022-06-13T01:29:13.146+0000][1][safepoint    ] Total time for which application threads were stopped: 0.0009944 seconds, Stopping threads took: 0.0005443 seconds
[2022-06-13T01:29:14.146+0000][1][safepoint    ] Application time: 1.0002553 seconds
[2022-06-13T01:29:14.147+0000][1][safepoint    ] Entering safepoint region: Cleanup
[2022-06-13T01:29:14.148+0000][1][safepoint    ] Leaving safepoint region
[2022-06-13T01:29:14.148+0000][1][safepoint    ] Total time for which application threads were stopped: 0.0012849 seconds, Stopping threads took: 0.0005286 seconds
[2022-06-13T01:29:15.149+0000][1][safepoint    ] Application time: 1.0003261 seconds
[2022-06-13T01:29:15.150+0000][1][safepoint    ] Entering safepoint region: Cleanup
[2022-06-13T01:29:15.151+0000][1][safepoint    ] Leaving safepoint region
[2022-06-13T01:29:15.151+0000][1][safepoint    ] Total time for which application threads were stopped: 0.0016018 seconds, Stopping threads took: 0.0007304 seconds
[2022-06-13T01:29:16.152+0000][1][safepoint    ] Application time: 1.0002608 seconds
[2022-06-13T01:29:16.153+0000][1][safepoint    ] Entering safepoint region: Cleanup
[2022-06-13T01:29:16.153+0000][1][safepoint    ] Leaving safepoint region
[2022-06-13T01:29:16.154+0000][1][safepoint    ] Total time for which application threads were stopped: 0.0008487 seconds, Stopping threads took: 0.0004291 seconds
[2022-06-13T01:29:17.154+0000][1][safepoint    ] Application time: 1.0002634 seconds
[2022-06-13T01:29:17.155+0000][1][safepoint    ] Entering safepoint region: Cleanup
[2022-06-13T01:29:17.156+0000][1][safepoint    ] Leaving safepoint region
[2022-06-13T01:29:17.156+0000][1][safepoint    ] Total time for which application threads were stopped: 0.0011149 seconds, Stopping threads took: 0.0004711 seconds
[2022-06-13T01:29:18.157+0000][1][safepoint    ] Application time: 1.0002215 seconds
[2022-06-13T01:29:18.157+0000][1][safepoint    ] Entering safepoint region: Cleanup
[2022-06-13T01:29:18.158+0000][1][safepoint    ] Leaving safepoint region
[2022-06-13T01:29:18.158+0000][1][safepoint    ] Total time for which application threads were stopped: 0.0005638 seconds, Stopping threads took: 0.0002676 seconds
[2022-06-13T01:29:19.158+0000][1][safepoint    ] Application time: 1.0003350 seconds
[2022-06-13T01:29:19.159+0000][1][safepoint    ] Entering safepoint region: Cleanup
[2022-06-13T01:29:19.160+0000][1][safepoint    ] Leaving safepoint region
[2022-06-13T01:29:19.161+0000][1][safepoint    ] Total time for which application threads were stopped: 0.0017438 seconds, Stopping threads took: 0.0007724 seconds
[2022-06-13T01:29:20.162+0000][1][safepoint    ] Application time: 1.0002738 seconds
[2022-06-13T01:29:20.163+0000][1][safepoint    ] Entering safepoint region: Cleanup
[2022-06-13T01:29:20.164+0000][1][safepoint    ] Leaving safepoint region
[2022-06-13T01:29:20.165+0000][1][safepoint    ] Total time for which application threads were stopped: 0.0019105 seconds, Stopping threads took: 0.0006142 seconds
[2022-06-13T01:29:21.166+0000][1][safepoint    ] Application time: 1.0003350 seconds
[2022-06-13T01:29:21.167+0000][1][safepoint    ] Entering safepoint region: Cleanup
[2022-06-13T01:29:21.168+0000][1][safepoint    ] Leaving safepoint region
[2022-06-13T01:29:21.169+0000][1][safepoint    ] Total time for which application threads were stopped: 0.0020000 seconds, Stopping threads took: 0.0009505 seconds
[2022-06-13T01:29:22.170+0000][1][safepoint    ] Application time: 1.0003461 seconds
[2022-06-13T01:29:22.171+0000][1][safepoint    ] Entering safepoint region: Cleanup
[2022-06-13T01:29:22.172+0000][1][safepoint    ] Leaving safepoint region
[2022-06-13T01:29:22.173+0000][1][safepoint    ] Total time for which application threads were stopped: 0.0017348 seconds, Stopping threads took: 0.0008560 seconds
[2022-06-13T01:29:23.174+0000][1][safepoint    ] Application time: 1.0003117 seconds
[2022-06-13T01:29:23.175+0000][1][safepoint    ] Entering safepoint region: Cleanup
[2022-06-13T01:29:23.175+0000][1][safepoint    ] Leaving safepoint region
[2022-06-13T01:29:23.176+0000][1][safepoint    ] Total time for which application threads were stopped: 0.0008732 seconds, Stopping threads took: 0.0004552 seconds
[2022-06-13T01:29:24.177+0000][1][safepoint    ] Application time: 1.0003205 seconds
[2022-06-13T01:29:24.177+0000][1][safepoint    ] Entering safepoint region: Cleanup
[2022-06-13T01:29:24.178+0000][1][safepoint    ] Leaving safepoint region
[2022-06-13T01:29:24.178+0000][1][safepoint    ] Total time for which application threads were stopped: 0.0007367 seconds, Stopping threads took: 0.0003357 seconds
[2022-06-13T01:29:25.178+0000][1][safepoint    ] Application time: 1.0002921 seconds
[2022-06-13T01:29:25.179+0000][1][safepoint    ] Entering safepoint region: Cleanup
[2022-06-13T01:29:25.180+0000][1][safepoint    ] Leaving safepoint region
[2022-06-13T01:29:25.181+0000][1][safepoint    ] Total time for which application threads were stopped: 0.0019227 seconds, Stopping threads took: 0.0007787 seconds
[2022-06-13T01:29:26.183+0000][1][safepoint    ] Application time: 1.0003979 seconds
[2022-06-13T01:29:26.184+0000][1][safepoint    ] Entering safepoint region: Cleanup
[2022-06-13T01:29:26.185+0000][1][safepoint    ] Leaving safepoint region
[2022-06-13T01:29:26.186+0000][1][safepoint    ] Total time for which application threads were stopped: 0.0020150 seconds, Stopping threads took: 0.0007757 seconds
[2022-06-13T01:29:27.187+0000][1][safepoint    ] Application time: 1.0004120 seconds
[2022-06-13T01:29:27.188+0000][1][safepoint    ] Entering safepoint region: Cleanup
[2022-06-13T01:29:27.189+0000][1][safepoint    ] Leaving safepoint region
[2022-06-13T01:29:27.190+0000][1][safepoint    ] Total time for which application threads were stopped: 0.0017184 seconds, Stopping threads took: 0.0007318 seconds
[2022-06-13T01:29:28.191+0000][1][safepoint    ] Application time: 1.0002157 seconds
[2022-06-13T01:29:28.191+0000][1][safepoint    ] Entering safepoint region: Cleanup
[2022-06-13T01:29:28.192+0000][1][safepoint    ] Leaving safepoint region
[2022-06-13T01:29:28.192+0000][1][safepoint    ] Total time for which application threads were stopped: 0.0012459 seconds, Stopping threads took: 0.0005525 seconds
[2022-06-13T01:29:29.193+0000][1][safepoint    ] Application time: 1.0002165 seconds
[2022-06-13T01:29:29.194+0000][1][safepoint    ] Entering safepoint region: Cleanup
[2022-06-13T01:29:29.194+0000][1][safepoint    ] Leaving safepoint region
[2022-06-13T01:29:29.194+0000][1][safepoint    ] Total time for which application threads were stopped: 0.0008530 seconds, Stopping threads took: 0.0004305 seconds
[2022-06-13T01:29:30.195+0000][1][safepoint    ] Application time: 1.0002429 seconds
[2022-06-13T01:29:30.196+0000][1][safepoint    ] Entering safepoint region: Cleanup
[2022-06-13T01:29:30.196+0000][1][safepoint    ] Leaving safepoint region
[2022-06-13T01:29:30.197+0000][1][safepoint    ] Total time for which application threads were stopped: 0.0012273 seconds, Stopping threads took: 0.0005652 seconds
[2022-06-13T01:29:31.198+0000][1][safepoint    ] Application time: 1.0004285 seconds
[2022-06-13T01:29:31.199+0000][1][safepoint    ] Entering safepoint region: Cleanup
[2022-06-13T01:29:31.199+0000][1][safepoint    ] Leaving safepoint region
[2022-06-13T01:29:31.200+0000][1][safepoint    ] Total time for which application threads were stopped: 0.0010240 seconds, Stopping threads took: 0.0004738 seconds
[2022-06-13T01:29:32.200+0000][1][safepoint    ] Application time: 1.0002221 seconds
[2022-06-13T01:29:32.201+0000][1][safepoint    ] Entering safepoint region: Cleanup
[2022-06-13T01:29:32.201+0000][1][safepoint    ] Leaving safepoint region
[2022-06-13T01:29:32.201+0000][1][safepoint    ] Total time for which application threads were stopped: 0.0006753 seconds, Stopping threads took: 0.0003462 seconds
[2022-06-13T01:29:33.202+0000][1][safepoint    ] Application time: 1.0002363 seconds
[2022-06-13T01:29:33.203+0000][1][safepoint    ] Entering safepoint region: Cleanup
[2022-06-13T01:29:33.204+0000][1][safepoint    ] Leaving safepoint region
[2022-06-13T01:29:33.204+0000][1][safepoint    ] Total time for which application threads were stopped: 0.0016650 seconds, Stopping threads took: 0.0007465 seconds
[2022-06-13T01:29:34.205+0000][1][safepoint    ] Application time: 1.0001870 seconds
[2022-06-13T01:29:34.206+0000][1][safepoint    ] Entering safepoint region: Cleanup
[2022-06-13T01:29:34.207+0000][1][safepoint    ] Leaving safepoint region
[2022-06-13T01:29:34.208+0000][1][safepoint    ] Total time for which application threads were stopped: 0.0019848 seconds, Stopping threads took: 0.0006820 seconds
[2022-06-13T01:29:35.209+0000][1][safepoint    ] Application time: 1.0002159 seconds
[2022-06-13T01:29:35.210+0000][1][safepoint    ] Entering safepoint region: Cleanup
[2022-06-13T01:29:35.211+0000][1][safepoint    ] Leaving safepoint region
[2022-06-13T01:29:35.211+0000][1][safepoint    ] Total time for which application threads were stopped: 0.0008708 seconds, Stopping threads took: 0.0003714 seconds
[2022-06-13T01:29:36.211+0000][1][safepoint    ] Application time: 1.0001333 seconds
[2022-06-13T01:29:36.213+0000][1][safepoint    ] Entering safepoint region: Cleanup
[2022-06-13T01:29:36.213+0000][1][safepoint    ] Leaving safepoint region
[2022-06-13T01:29:36.214+0000][1][safepoint    ] Total time for which application threads were stopped: 0.0016212 seconds, Stopping threads took: 0.0007025 seconds
[2022-06-13T01:29:37.215+0000][1][safepoint    ] Application time: 1.0002528 seconds
[2022-06-13T01:29:37.216+0000][1][safepoint    ] Entering safepoint region: Cleanup
[2022-06-13T01:29:37.217+0000][1][safepoint    ] Leaving safepoint region
[2022-06-13T01:29:37.217+0000][1][safepoint    ] Total time for which application threads were stopped: 0.0015263 seconds, Stopping threads took: 0.0005744 seconds
[2022-06-13T01:29:38.218+0000][1][safepoint    ] Application time: 1.0002372 seconds
[2022-06-13T01:29:38.219+0000][1][safepoint    ] Entering safepoint region: Cleanup
[2022-06-13T01:29:38.220+0000][1][safepoint    ] Leaving safepoint region
[2022-06-13T01:29:38.221+0000][1][safepoint    ] Total time for which application threads were stopped: 0.0015209 seconds, Stopping threads took: 0.0008242 seconds
[2022-06-13T01:29:39.222+0000][1][safepoint    ] Application time: 1.0004639 seconds
[2022-06-13T01:29:39.222+0000][1][safepoint    ] Entering safepoint region: Cleanup
[2022-06-13T01:29:39.223+0000][1][safepoint    ] Leaving safepoint region
[2022-06-13T01:29:39.223+0000][1][safepoint    ] Total time for which application threads were stopped: 0.0008637 seconds, Stopping threads took: 0.0004041 seconds
[2022-06-13T01:29:40.224+0000][1][safepoint    ] Application time: 1.0004037 seconds
[2022-06-13T01:29:40.225+0000][1][safepoint    ] Entering safepoint region: Cleanup
[2022-06-13T01:29:40.226+0000][1][safepoint    ] Leaving safepoint region
[2022-06-13T01:29:40.227+0000][1][safepoint    ] Total time for which application threads were stopped: 0.0018111 seconds, Stopping threads took: 0.0007897 seconds
[2022-06-13T01:29:41.228+0000][1][safepoint    ] Application time: 1.0002576 seconds
[2022-06-13T01:29:41.229+0000][1][safepoint    ] Entering safepoint region: Cleanup
[2022-06-13T01:29:41.230+0000][1][safepoint    ] Leaving safepoint region
[2022-06-13T01:29:41.230+0000][1][safepoint    ] Total time for which application threads were stopped: 0.0012193 seconds, Stopping threads took: 0.0005642 seconds
[2022-06-13T01:29:42.231+0000][1][safepoint    ] Application time: 1.0002191 seconds
[2022-06-13T01:29:42.231+0000][1][safepoint    ] Entering safepoint region: Cleanup
[2022-06-13T01:29:42.232+0000][1][safepoint    ] Leaving safepoint region
[2022-06-13T01:29:42.232+0000][1][safepoint    ] Total time for which application threads were stopped: 0.0009267 seconds, Stopping threads took: 0.0003532 seconds
[2022-06-13T01:29:42.514+0000][1][safepoint    ] Application time: 0.2816470 seconds
[2022-06-13T01:29:42.515+0000][1][safepoint    ] Entering safepoint region: GenCollectForAllocation
[2022-06-13T01:29:42.515+0000][1][gc,start     ] GC(22) Pause Young (Allocation Failure)
[2022-06-13T01:29:42.516+0000][1][gc,task      ] GC(22) Using 5 workers of 13 for evacuation
[2022-06-13T01:29:42.524+0000][1][gc,age       ] GC(22) Desired survivor size 4456448 bytes, new threshold 6 (max threshold 6)
[2022-06-13T01:29:42.524+0000][1][gc,age       ] GC(22) Age table with threshold 6 (max threshold 6)
[2022-06-13T01:29:42.525+0000][1][gc,age       ] GC(22) - age   1:     686512 bytes,     686512 total
[2022-06-13T01:29:42.525+0000][1][gc,age       ] GC(22) - age   2:    3720296 bytes,    4406808 total
[2022-06-13T01:29:42.525+0000][1][gc,heap      ] GC(22) ParNew: 75951K->6106K(78656K)
[2022-06-13T01:29:42.526+0000][1][gc,heap      ] GC(22) CMS: 62223K->63693K(174784K)
[2022-06-13T01:29:42.526+0000][1][gc,metaspace ] GC(22) Metaspace: 63664K->63664K(1107968K)
[2022-06-13T01:29:42.527+0000][1][gc           ] GC(22) Pause Young (Allocation Failure) 134M->68M(247M) 11.443ms
[2022-06-13T01:29:42.527+0000][1][gc,cpu       ] GC(22) User=0.04s Sys=0.00s Real=0.01s
[2022-06-13T01:29:42.528+0000][1][safepoint    ] Leaving safepoint region
[2022-06-13T01:29:42.528+0000][1][safepoint    ] Total time for which application threads were stopped: 0.0131971 seconds, Stopping threads took: 0.0004366 seconds
[2022-06-13T01:29:43.529+0000][1][safepoint    ] Application time: 1.0004119 seconds
[2022-06-13T01:29:43.530+0000][1][safepoint    ] Entering safepoint region: Cleanup
[2022-06-13T01:29:43.530+0000][1][safepoint    ] Leaving safepoint region
[2022-06-13T01:29:43.531+0000][1][safepoint    ] Total time for which application threads were stopped: 0.0013259 seconds, Stopping threads took: 0.0005149 seconds
[2022-06-13T01:29:44.532+0000][1][safepoint    ] Application time: 1.0003290 seconds
[2022-06-13T01:29:44.532+0000][1][safepoint    ] Entering safepoint region: Cleanup
[2022-06-13T01:29:44.533+0000][1][safepoint    ] Leaving safepoint region
[2022-06-13T01:29:44.533+0000][1][safepoint    ] Total time for which application threads were stopped: 0.0010833 seconds, Stopping threads took: 0.0004054 seconds
[2022-06-13T01:29:45.534+0000][1][safepoint    ] Application time: 1.0004417 seconds
[2022-06-13T01:29:45.535+0000][1][safepoint    ] Entering safepoint region: Cleanup
[2022-06-13T01:29:45.536+0000][1][safepoint    ] Leaving safepoint region
[2022-06-13T01:29:45.537+0000][1][safepoint    ] Total time for which application threads were stopped: 0.0016822 seconds, Stopping threads took: 0.0007657 seconds
[2022-06-13T01:29:46.538+0000][1][safepoint    ] Application time: 1.0002788 seconds
[2022-06-13T01:29:46.539+0000][1][safepoint    ] Entering safepoint region: Cleanup
[2022-06-13T01:29:46.539+0000][1][safepoint    ] Leaving safepoint region
[2022-06-13T01:29:46.540+0000][1][safepoint    ] Total time for which application threads were stopped: 0.0012330 seconds, Stopping threads took: 0.0005381 seconds
[2022-06-13T01:29:47.540+0000][1][safepoint    ] Application time: 1.0003722 seconds
[2022-06-13T01:29:47.541+0000][1][safepoint    ] Entering safepoint region: Cleanup
[2022-06-13T01:29:47.542+0000][1][safepoint    ] Leaving safepoint region
[2022-06-13T01:29:47.543+0000][1][safepoint    ] Total time for which application threads were stopped: 0.0018768 seconds, Stopping threads took: 0.0008762 seconds
[2022-06-13T01:29:48.544+0000][1][safepoint    ] Application time: 1.0004580 seconds
[2022-06-13T01:29:48.545+0000][1][safepoint    ] Entering safepoint region: Cleanup
[2022-06-13T01:29:48.546+0000][1][safepoint    ] Leaving safepoint region
[2022-06-13T01:29:48.546+0000][1][safepoint    ] Total time for which application threads were stopped: 0.0011839 seconds, Stopping threads took: 0.0005505 seconds
[2022-06-13T01:29:49.547+0000][1][safepoint    ] Application time: 1.0003009 seconds
[2022-06-13T01:29:49.548+0000][1][safepoint    ] Entering safepoint region: Cleanup
[2022-06-13T01:29:49.549+0000][1][safepoint    ] Leaving safepoint region
[2022-06-13T01:29:49.549+0000][1][safepoint    ] Total time for which application threads were stopped: 0.0015214 seconds, Stopping threads took: 0.0006344 seconds
[2022-06-13T01:29:50.550+0000][1][safepoint    ] Application time: 1.0002124 seconds
[2022-06-13T01:29:50.551+0000][1][safepoint    ] Entering safepoint region: Cleanup
[2022-06-13T01:29:50.552+0000][1][safepoint    ] Leaving safepoint region
[2022-06-13T01:29:50.552+0000][1][safepoint    ] Total time for which application threads were stopped: 0.0016268 seconds, Stopping threads took: 0.0006825 seconds
[2022-06-13T01:29:51.553+0000][1][safepoint    ] Application time: 1.0002037 seconds
[2022-06-13T01:29:51.554+0000][1][safepoint    ] Entering safepoint region: Cleanup
[2022-06-13T01:29:51.555+0000][1][safepoint    ] Leaving safepoint region
[2022-06-13T01:29:51.555+0000][1][safepoint    ] Total time for which application threads were stopped: 0.0012363 seconds, Stopping threads took: 0.0006051 seconds
[2022-06-13T01:29:52.556+0000][1][safepoint    ] Application time: 1.0003174 seconds
[2022-06-13T01:29:52.556+0000][1][safepoint    ] Entering safepoint region: Cleanup
[2022-06-13T01:29:52.557+0000][1][safepoint    ] Leaving safepoint region
[2022-06-13T01:29:52.557+0000][1][safepoint    ] Total time for which application threads were stopped: 0.0008775 seconds, Stopping threads took: 0.0004098 seconds
[2022-06-13T01:29:53.558+0000][1][safepoint    ] Application time: 1.0002523 seconds
[2022-06-13T01:29:53.558+0000][1][safepoint    ] Entering safepoint region: Cleanup
[2022-06-13T01:29:53.559+0000][1][safepoint    ] Leaving safepoint region
[2022-06-13T01:29:53.559+0000][1][safepoint    ] Total time for which application threads were stopped: 0.0010967 seconds, Stopping threads took: 0.0005084 seconds
[2022-06-13T01:29:54.560+0000][1][safepoint    ] Application time: 1.0001500 seconds
[2022-06-13T01:29:54.575+0000][1][safepoint    ] Entering safepoint region: Cleanup
[2022-06-13T01:29:54.575+0000][1][safepoint    ] Leaving safepoint region
[2022-06-13T01:29:54.576+0000][1][safepoint    ] Total time for which application threads were stopped: 0.0150243 seconds, Stopping threads took: 0.0143361 seconds
[2022-06-13T01:29:55.576+0000][1][safepoint    ] Application time: 1.0001836 seconds
[2022-06-13T01:29:55.577+0000][1][safepoint    ] Entering safepoint region: Cleanup
[2022-06-13T01:29:55.577+0000][1][safepoint    ] Leaving safepoint region
[2022-06-13T01:29:55.578+0000][1][safepoint    ] Total time for which application threads were stopped: 0.0008460 seconds, Stopping threads took: 0.0003527 seconds
[2022-06-13T01:29:56.578+0000][1][safepoint    ] Application time: 1.0003314 seconds
[2022-06-13T01:29:56.579+0000][1][safepoint    ] Entering safepoint region: Cleanup
[2022-06-13T01:29:56.580+0000][1][safepoint    ] Leaving safepoint region
[2022-06-13T01:29:56.580+0000][1][safepoint    ] Total time for which application threads were stopped: 0.0009061 seconds, Stopping threads took: 0.0004663 seconds
[2022-06-13T01:29:57.580+0000][1][safepoint    ] Application time: 1.0001881 seconds
[2022-06-13T01:29:57.581+0000][1][safepoint    ] Entering safepoint region: Cleanup
[2022-06-13T01:29:57.581+0000][1][safepoint    ] Leaving safepoint region
[2022-06-13T01:29:57.582+0000][1][safepoint    ] Total time for which application threads were stopped: 0.0008117 seconds, Stopping threads took: 0.0003536 seconds
[2022-06-13T01:29:58.582+0000][1][safepoint    ] Application time: 1.0002560 seconds
[2022-06-13T01:29:58.583+0000][1][safepoint    ] Entering safepoint region: Cleanup
[2022-06-13T01:29:58.583+0000][1][safepoint    ] Leaving safepoint region
[2022-06-13T01:29:58.583+0000][1][safepoint    ] Total time for which application threads were stopped: 0.0007605 seconds, Stopping threads took: 0.0003249 seconds
[2022-06-13T01:29:59.584+0000][1][safepoint    ] Application time: 1.0002436 seconds
[2022-06-13T01:29:59.584+0000][1][safepoint    ] Entering safepoint region: Cleanup
[2022-06-13T01:29:59.585+0000][1][safepoint    ] Leaving safepoint region
[2022-06-13T01:29:59.585+0000][1][safepoint    ] Total time for which application threads were stopped: 0.0011255 seconds, Stopping threads took: 0.0006664 seconds
[2022-06-13T01:30:00.586+0000][1][safepoint    ] Application time: 1.0001722 seconds
[2022-06-13T01:30:00.586+0000][1][safepoint    ] Entering safepoint region: Cleanup
[2022-06-13T01:30:00.587+0000][1][safepoint    ] Leaving safepoint region
[2022-06-13T01:30:00.587+0000][1][safepoint    ] Total time for which application threads were stopped: 0.0008393 seconds, Stopping threads took: 0.0003329 seconds
[2022-06-13T01:30:01.588+0000][1][safepoint    ] Application time: 1.0001924 seconds
[2022-06-13T01:30:01.588+0000][1][safepoint    ] Entering safepoint region: Cleanup
[2022-06-13T01:30:01.589+0000][1][safepoint    ] Leaving safepoint region
[2022-06-13T01:30:01.589+0000][1][safepoint    ] Total time for which application threads were stopped: 0.0007244 seconds, Stopping threads took: 0.0002464 seconds
[2022-06-13T01:30:02.589+0000][1][safepoint    ] Application time: 1.0002168 seconds
[2022-06-13T01:30:02.590+0000][1][safepoint    ] Entering safepoint region: Cleanup
[2022-06-13T01:30:02.590+0000][1][safepoint    ] Leaving safepoint region
[2022-06-13T01:30:02.590+0000][1][safepoint    ] Total time for which application threads were stopped: 0.0005961 seconds, Stopping threads took: 0.0002659 seconds
[2022-06-13T01:30:03.591+0000][1][safepoint    ] Application time: 1.0002504 seconds
[2022-06-13T01:30:03.592+0000][1][safepoint    ] Entering safepoint region: Cleanup
[2022-06-13T01:30:03.592+0000][1][safepoint    ] Leaving safepoint region
[2022-06-13T01:30:03.593+0000][1][safepoint    ] Total time for which application threads were stopped: 0.0008834 seconds, Stopping threads took: 0.0003347 seconds
[2022-06-13T01:30:04.593+0000][1][safepoint    ] Application time: 1.0001461 seconds
[2022-06-13T01:30:04.594+0000][1][safepoint    ] Entering safepoint region: Cleanup
[2022-06-13T01:30:04.594+0000][1][safepoint    ] Leaving safepoint region
[2022-06-13T01:30:04.594+0000][1][safepoint    ] Total time for which application threads were stopped: 0.0008812 seconds, Stopping threads took: 0.0003747 seconds
[2022-06-13T01:30:05.595+0000][1][safepoint    ] Application time: 1.0001987 seconds
[2022-06-13T01:30:05.596+0000][1][safepoint    ] Entering safepoint region: Cleanup
[2022-06-13T01:30:05.596+0000][1][safepoint    ] Leaving safepoint region
[2022-06-13T01:30:05.596+0000][1][safepoint    ] Total time for which application threads were stopped: 0.0009012 seconds, Stopping threads took: 0.0004059 seconds
[2022-06-13T01:30:06.597+0000][1][safepoint    ] Application time: 1.0001543 seconds
[2022-06-13T01:30:06.597+0000][1][safepoint    ] Entering safepoint region: Cleanup
[2022-06-13T01:30:06.598+0000][1][safepoint    ] Leaving safepoint region
[2022-06-13T01:30:06.598+0000][1][safepoint    ] Total time for which application threads were stopped: 0.0006037 seconds, Stopping threads took: 0.0002467 seconds
[2022-06-13T01:30:07.598+0000][1][safepoint    ] Application time: 1.0001773 seconds
[2022-06-13T01:30:07.599+0000][1][safepoint    ] Entering safepoint region: Cleanup
[2022-06-13T01:30:07.599+0000][1][safepoint    ] Leaving safepoint region
[2022-06-13T01:30:07.600+0000][1][safepoint    ] Total time for which application threads were stopped: 0.0009219 seconds, Stopping threads took: 0.0003879 seconds
[2022-06-13T01:30:08.600+0000][1][safepoint    ] Application time: 1.0001888 seconds
[2022-06-13T01:30:08.601+0000][1][safepoint    ] Entering safepoint region: Cleanup
[2022-06-13T01:30:08.601+0000][1][safepoint    ] Leaving safepoint region
[2022-06-13T01:30:08.601+0000][1][safepoint    ] Total time for which application threads were stopped: 0.0005863 seconds, Stopping threads took: 0.0002428 seconds
[2022-06-13T01:30:09.602+0000][1][safepoint    ] Application time: 1.0001790 seconds
[2022-06-13T01:30:09.602+0000][1][safepoint    ] Entering safepoint region: Cleanup
[2022-06-13T01:30:09.603+0000][1][safepoint    ] Leaving safepoint region
[2022-06-13T01:30:09.603+0000][1][safepoint    ] Total time for which application threads were stopped: 0.0009238 seconds, Stopping threads took: 0.0004472 seconds
[2022-06-13T01:30:10.604+0000][1][safepoint    ] Application time: 1.0003064 seconds
[2022-06-13T01:30:10.604+0000][1][safepoint    ] Entering safepoint region: Cleanup
[2022-06-13T01:30:10.604+0000][1][safepoint    ] Leaving safepoint region
[2022-06-13T01:30:10.605+0000][1][safepoint    ] Total time for which application threads were stopped: 0.0004945 seconds, Stopping threads took: 0.0002098 seconds
[2022-06-13T01:30:11.605+0000][1][safepoint    ] Application time: 1.0002963 seconds
[2022-06-13T01:30:11.606+0000][1][safepoint    ] Entering safepoint region: Cleanup
[2022-06-13T01:30:11.606+0000][1][safepoint    ] Leaving safepoint region
[2022-06-13T01:30:11.607+0000][1][safepoint    ] Total time for which application threads were stopped: 0.0006958 seconds, Stopping threads took: 0.0003072 seconds
[2022-06-13T01:30:11.710+0000][1][safepoint    ] Application time: 0.1028407 seconds
[2022-06-13T01:30:11.710+0000][1][safepoint    ] Entering safepoint region: RevokeBias
[2022-06-13T01:30:11.711+0000][1][safepoint    ] Leaving safepoint region
[2022-06-13T01:30:11.711+0000][1][safepoint    ] Total time for which application threads were stopped: 0.0007686 seconds, Stopping threads took: 0.0003414 seconds
[2022-06-13T01:30:12.711+0000][1][safepoint    ] Application time: 1.0001613 seconds
[2022-06-13T01:30:12.712+0000][1][safepoint    ] Entering safepoint region: Cleanup
[2022-06-13T01:30:12.713+0000][1][safepoint    ] Leaving safepoint region
[2022-06-13T01:30:12.713+0000][1][safepoint    ] Total time for which application threads were stopped: 0.0009170 seconds, Stopping threads took: 0.0004347 seconds
[2022-06-13T01:30:14.713+0000][1][safepoint    ] Application time: 2.0002548 seconds
[2022-06-13T01:30:14.714+0000][1][safepoint    ] Entering safepoint region: Cleanup
[2022-06-13T01:30:14.714+0000][1][safepoint    ] Leaving safepoint region
[2022-06-13T01:30:14.714+0000][1][safepoint    ] Total time for which application threads were stopped: 0.0005840 seconds, Stopping threads took: 0.0002386 seconds
[2022-06-13T01:30:15.715+0000][1][safepoint    ] Application time: 1.0001283 seconds
[2022-06-13T01:30:15.716+0000][1][safepoint    ] Entering safepoint region: Cleanup
[2022-06-13T01:30:15.717+0000][1][safepoint    ] Leaving safepoint region
[2022-06-13T01:30:15.718+0000][1][safepoint    ] Total time for which application threads were stopped: 0.0020728 seconds, Stopping threads took: 0.0008629 seconds
[2022-06-13T01:30:16.719+0000][1][safepoint    ] Application time: 1.0001955 seconds
[2022-06-13T01:30:16.720+0000][1][safepoint    ] Entering safepoint region: Cleanup
[2022-06-13T01:30:16.720+0000][1][safepoint    ] Leaving safepoint region
[2022-06-13T01:30:16.721+0000][1][safepoint    ] Total time for which application threads were stopped: 0.0010527 seconds, Stopping threads took: 0.0006133 seconds
[2022-06-13T01:30:17.721+0000][1][safepoint    ] Application time: 1.0002591 seconds
[2022-06-13T01:30:17.722+0000][1][safepoint    ] Entering safepoint region: Cleanup
[2022-06-13T01:30:17.723+0000][1][safepoint    ] Leaving safepoint region
[2022-06-13T01:30:17.723+0000][1][safepoint    ] Total time for which application threads were stopped: 0.0013346 seconds, Stopping threads took: 0.0008959 seconds
[2022-06-13T01:30:18.724+0000][1][safepoint    ] Application time: 1.0004344 seconds
[2022-06-13T01:30:18.725+0000][1][safepoint    ] Entering safepoint region: Cleanup
[2022-06-13T01:30:18.726+0000][1][safepoint    ] Leaving safepoint region
[2022-06-13T01:30:18.726+0000][1][safepoint    ] Total time for which application threads were stopped: 0.0010376 seconds, Stopping threads took: 0.0004118 seconds
[2022-06-13T01:30:21.727+0000][1][safepoint    ] Application time: 3.0005990 seconds
[2022-06-13T01:30:21.728+0000][1][safepoint    ] Entering safepoint region: Cleanup
[2022-06-13T01:30:21.729+0000][1][safepoint    ] Leaving safepoint region
[2022-06-13T01:30:21.730+0000][1][safepoint    ] Total time for which application threads were stopped: 0.0015693 seconds, Stopping threads took: 0.0007744 seconds
[2022-06-13T01:30:23.731+0000][1][safepoint    ] Application time: 2.0005364 seconds
[2022-06-13T01:30:23.731+0000][1][safepoint    ] Entering safepoint region: Cleanup
[2022-06-13T01:30:23.732+0000][1][safepoint    ] Leaving safepoint region
[2022-06-13T01:30:23.733+0000][1][safepoint    ] Total time for which application threads were stopped: 0.0011790 seconds, Stopping threads took: 0.0006521 seconds
[2022-06-13T01:30:24.733+0000][1][safepoint    ] Application time: 1.0002409 seconds
[2022-06-13T01:30:24.734+0000][1][safepoint    ] Entering safepoint region: Cleanup
[2022-06-13T01:30:24.734+0000][1][safepoint    ] Leaving safepoint region
[2022-06-13T01:30:24.735+0000][1][safepoint    ] Total time for which application threads were stopped: 0.0010115 seconds, Stopping threads took: 0.0004632 seconds
[2022-06-13T01:30:25.736+0000][1][safepoint    ] Application time: 1.0002866 seconds
[2022-06-13T01:30:25.736+0000][1][safepoint    ] Entering safepoint region: Cleanup
[2022-06-13T01:30:25.737+0000][1][safepoint    ] Leaving safepoint region
[2022-06-13T01:30:25.737+0000][1][safepoint    ] Total time for which application threads were stopped: 0.0008501 seconds, Stopping threads took: 0.0004442 seconds
[2022-06-13T01:30:26.737+0000][1][safepoint    ] Application time: 1.0001581 seconds
[2022-06-13T01:30:26.738+0000][1][safepoint    ] Entering safepoint region: Cleanup
[2022-06-13T01:30:26.739+0000][1][safepoint    ] Leaving safepoint region
[2022-06-13T01:30:26.739+0000][1][safepoint    ] Total time for which application threads were stopped: 0.0006986 seconds, Stopping threads took: 0.0002562 seconds
[2022-06-13T01:30:27.740+0000][1][safepoint    ] Application time: 1.0002005 seconds
[2022-06-13T01:30:27.740+0000][1][safepoint    ] Entering safepoint region: Cleanup
[2022-06-13T01:30:27.741+0000][1][safepoint    ] Leaving safepoint region
[2022-06-13T01:30:27.741+0000][1][safepoint    ] Total time for which application threads were stopped: 0.0006100 seconds, Stopping threads took: 0.0002379 seconds
[2022-06-13T01:30:28.741+0000][1][safepoint    ] Application time: 1.0003273 seconds
[2022-06-13T01:30:28.742+0000][1][safepoint    ] Entering safepoint region: Cleanup
[2022-06-13T01:30:28.743+0000][1][safepoint    ] Leaving safepoint region
[2022-06-13T01:30:28.743+0000][1][safepoint    ] Total time for which application threads were stopped: 0.0008290 seconds, Stopping threads took: 0.0003940 seconds
[2022-06-13T01:30:29.744+0000][1][safepoint    ] Application time: 1.0003406 seconds
[2022-06-13T01:30:29.745+0000][1][safepoint    ] Entering safepoint region: Cleanup
[2022-06-13T01:30:29.746+0000][1][safepoint    ] Leaving safepoint region
[2022-06-13T01:30:29.746+0000][1][safepoint    ] Total time for which application threads were stopped: 0.0010747 seconds, Stopping threads took: 0.0006004 seconds
[2022-06-13T01:30:30.747+0000][1][safepoint    ] Application time: 1.0001992 seconds
[2022-06-13T01:30:30.748+0000][1][safepoint    ] Entering safepoint region: Cleanup
[2022-06-13T01:30:30.748+0000][1][safepoint    ] Leaving safepoint region
[2022-06-13T01:30:30.749+0000][1][safepoint    ] Total time for which application threads were stopped: 0.0010416 seconds, Stopping threads took: 0.0005420 seconds
[2022-06-13T01:30:31.749+0000][1][safepoint    ] Application time: 1.0002666 seconds
[2022-06-13T01:30:31.750+0000][1][safepoint    ] Entering safepoint region: Cleanup
[2022-06-13T01:30:31.751+0000][1][safepoint    ] Leaving safepoint region
[2022-06-13T01:30:31.751+0000][1][safepoint    ] Total time for which application threads were stopped: 0.0012108 seconds, Stopping threads took: 0.0005595 seconds
[2022-06-13T01:30:32.752+0000][1][safepoint    ] Application time: 1.0002555 seconds
[2022-06-13T01:30:32.753+0000][1][safepoint    ] Entering safepoint region: Cleanup
[2022-06-13T01:30:32.754+0000][1][safepoint    ] Leaving safepoint region
[2022-06-13T01:30:32.754+0000][1][safepoint    ] Total time for which application threads were stopped: 0.0011078 seconds, Stopping threads took: 0.0004477 seconds
[2022-06-13T01:30:33.756+0000][1][safepoint    ] Application time: 1.0004365 seconds
[2022-06-13T01:30:33.757+0000][1][safepoint    ] Entering safepoint region: Cleanup
[2022-06-13T01:30:33.758+0000][1][safepoint    ] Leaving safepoint region
[2022-06-13T01:30:33.758+0000][1][safepoint    ] Total time for which application threads were stopped: 0.0011666 seconds, Stopping threads took: 0.0004752 seconds
[2022-06-13T01:30:34.759+0000][1][safepoint    ] Application time: 1.0002249 seconds
[2022-06-13T01:30:34.759+0000][1][safepoint    ] Entering safepoint region: Cleanup
[2022-06-13T01:30:34.760+0000][1][safepoint    ] Leaving safepoint region
[2022-06-13T01:30:34.760+0000][1][safepoint    ] Total time for which application threads were stopped: 0.0009234 seconds, Stopping threads took: 0.0004552 seconds
[2022-06-13T01:30:35.761+0000][1][safepoint    ] Application time: 1.0001248 seconds
[2022-06-13T01:30:35.762+0000][1][safepoint    ] Entering safepoint region: Cleanup
[2022-06-13T01:30:35.762+0000][1][safepoint    ] Leaving safepoint region
[2022-06-13T01:30:35.763+0000][1][safepoint    ] Total time for which application threads were stopped: 0.0008397 seconds, Stopping threads took: 0.0002803 seconds
[2022-06-13T01:30:36.763+0000][1][safepoint    ] Application time: 1.0001384 seconds
[2022-06-13T01:30:36.764+0000][1][safepoint    ] Entering safepoint region: Cleanup
[2022-06-13T01:30:36.765+0000][1][safepoint    ] Leaving safepoint region
[2022-06-13T01:30:36.765+0000][1][safepoint    ] Total time for which application threads were stopped: 0.0011018 seconds, Stopping threads took: 0.0005141 seconds
[2022-06-13T01:30:37.766+0000][1][safepoint    ] Application time: 1.0001900 seconds
[2022-06-13T01:30:37.766+0000][1][safepoint    ] Entering safepoint region: Cleanup
[2022-06-13T01:30:37.767+0000][1][safepoint    ] Leaving safepoint region
[2022-06-13T01:30:37.767+0000][1][safepoint    ] Total time for which application threads were stopped: 0.0009101 seconds, Stopping threads took: 0.0002982 seconds
[2022-06-13T01:30:38.768+0000][1][safepoint    ] Application time: 1.0001491 seconds
[2022-06-13T01:30:38.768+0000][1][safepoint    ] Entering safepoint region: Cleanup
[2022-06-13T01:30:38.768+0000][1][safepoint    ] Leaving safepoint region
[2022-06-13T01:30:38.769+0000][1][safepoint    ] Total time for which application threads were stopped: 0.0006915 seconds, Stopping threads took: 0.0002747 seconds
[2022-06-13T01:30:39.769+0000][1][safepoint    ] Application time: 1.0001577 seconds
[2022-06-13T01:30:39.770+0000][1][safepoint    ] Entering safepoint region: Cleanup
[2022-06-13T01:30:39.770+0000][1][safepoint    ] Leaving safepoint region
[2022-06-13T01:30:39.771+0000][1][safepoint    ] Total time for which application threads were stopped: 0.0009575 seconds, Stopping threads took: 0.0005800 seconds
[2022-06-13T01:30:40.771+0000][1][safepoint    ] Application time: 1.0001467 seconds
[2022-06-13T01:30:40.771+0000][1][safepoint    ] Entering safepoint region: Cleanup
[2022-06-13T01:30:40.772+0000][1][safepoint    ] Leaving safepoint region
[2022-06-13T01:30:40.773+0000][1][safepoint    ] Total time for which application threads were stopped: 0.0011857 seconds, Stopping threads took: 0.0007278 seconds
[2022-06-13T01:30:41.773+0000][1][safepoint    ] Application time: 1.0003318 seconds
[2022-06-13T01:30:41.774+0000][1][safepoint    ] Entering safepoint region: Cleanup
[2022-06-13T01:30:41.774+0000][1][safepoint    ] Leaving safepoint region
[2022-06-13T01:30:41.774+0000][1][safepoint    ] Total time for which application threads were stopped: 0.0008892 seconds, Stopping threads took: 0.0003859 seconds
[2022-06-13T01:30:42.775+0000][1][safepoint    ] Application time: 1.0001644 seconds
[2022-06-13T01:30:42.775+0000][1][safepoint    ] Entering safepoint region: Cleanup
[2022-06-13T01:30:42.776+0000][1][safepoint    ] Leaving safepoint region
[2022-06-13T01:30:42.776+0000][1][safepoint    ] Total time for which application threads were stopped: 0.0008359 seconds, Stopping threads took: 0.0003311 seconds
[2022-06-13T01:30:43.776+0000][1][safepoint    ] Application time: 1.0001855 seconds
[2022-06-13T01:30:43.777+0000][1][safepoint    ] Entering safepoint region: Cleanup
[2022-06-13T01:30:43.778+0000][1][safepoint    ] Leaving safepoint region
[2022-06-13T01:30:43.778+0000][1][safepoint    ] Total time for which application threads were stopped: 0.0009041 seconds, Stopping threads took: 0.0004834 seconds
[2022-06-13T01:30:44.779+0000][1][safepoint    ] Application time: 1.0003446 seconds
[2022-06-13T01:30:44.781+0000][1][safepoint    ] Entering safepoint region: Cleanup
[2022-06-13T01:30:44.782+0000][1][safepoint    ] Leaving safepoint region
[2022-06-13T01:30:44.783+0000][1][safepoint    ] Total time for which application threads were stopped: 0.0025189 seconds, Stopping threads took: 0.0014354 seconds
[2022-06-13T01:30:45.783+0000][1][safepoint    ] Application time: 1.0001337 seconds
[2022-06-13T01:30:45.784+0000][1][safepoint    ] Entering safepoint region: Cleanup
[2022-06-13T01:30:45.789+0000][1][safepoint    ] Leaving safepoint region
[2022-06-13T01:30:45.790+0000][1][safepoint    ] Total time for which application threads were stopped: 0.0062360 seconds, Stopping threads took: 0.0051089 seconds
[2022-06-13T01:30:46.793+0000][1][safepoint    ] Application time: 1.0002052 seconds
[2022-06-13T01:30:46.794+0000][1][safepoint    ] Entering safepoint region: Cleanup
[2022-06-13T01:30:46.794+0000][1][safepoint    ] Leaving safepoint region
[2022-06-13T01:30:46.795+0000][1][safepoint    ] Total time for which application threads were stopped: 0.0009262 seconds, Stopping threads took: 0.0004459 seconds
[2022-06-13T01:30:47.795+0000][1][safepoint    ] Application time: 1.0001580 seconds
[2022-06-13T01:30:47.796+0000][1][safepoint    ] Entering safepoint region: Cleanup
[2022-06-13T01:30:47.796+0000][1][safepoint    ] Leaving safepoint region
[2022-06-13T01:30:47.797+0000][1][safepoint    ] Total time for which application threads were stopped: 0.0010023 seconds, Stopping threads took: 0.0005249 seconds
[2022-06-13T01:30:48.797+0000][1][safepoint    ] Application time: 1.0002710 seconds
[2022-06-13T01:30:48.797+0000][1][safepoint    ] Entering safepoint region: Cleanup
[2022-06-13T01:30:48.798+0000][1][safepoint    ] Leaving safepoint region
[2022-06-13T01:30:48.798+0000][1][safepoint    ] Total time for which application threads were stopped: 0.0009337 seconds, Stopping threads took: 0.0004745 seconds
[2022-06-13T01:30:49.799+0000][1][safepoint    ] Application time: 1.0001616 seconds
[2022-06-13T01:30:49.800+0000][1][safepoint    ] Entering safepoint region: Cleanup
[2022-06-13T01:30:49.800+0000][1][safepoint    ] Leaving safepoint region
[2022-06-13T01:30:49.800+0000][1][safepoint    ] Total time for which application threads were stopped: 0.0005781 seconds, Stopping threads took: 0.0002800 seconds
[2022-06-13T01:30:50.800+0000][1][safepoint    ] Application time: 1.0001564 seconds
[2022-06-13T01:30:50.801+0000][1][safepoint    ] Entering safepoint region: Cleanup
[2022-06-13T01:30:50.802+0000][1][safepoint    ] Leaving safepoint region
[2022-06-13T01:30:50.802+0000][1][safepoint    ] Total time for which application threads were stopped: 0.0009373 seconds, Stopping threads took: 0.0004428 seconds
[2022-06-13T01:30:51.802+0000][1][safepoint    ] Application time: 1.0001543 seconds
[2022-06-13T01:30:51.803+0000][1][safepoint    ] Entering safepoint region: Cleanup
[2022-06-13T01:30:51.803+0000][1][safepoint    ] Leaving safepoint region
[2022-06-13T01:30:51.803+0000][1][safepoint    ] Total time for which application threads were stopped: 0.0006183 seconds, Stopping threads took: 0.0002971 seconds
[2022-06-13T01:30:52.804+0000][1][safepoint    ] Application time: 1.0001263 seconds
[2022-06-13T01:30:52.804+0000][1][safepoint    ] Entering safepoint region: Cleanup
[2022-06-13T01:30:52.805+0000][1][safepoint    ] Leaving safepoint region
[2022-06-13T01:30:52.805+0000][1][safepoint    ] Total time for which application threads were stopped: 0.0008487 seconds, Stopping threads took: 0.0004055 seconds
[2022-06-13T01:30:53.806+0000][1][safepoint    ] Application time: 1.0001684 seconds
[2022-06-13T01:30:53.806+0000][1][safepoint    ] Entering safepoint region: Cleanup
[2022-06-13T01:30:53.807+0000][1][safepoint    ] Leaving safepoint region
[2022-06-13T01:30:53.807+0000][1][safepoint    ] Total time for which application threads were stopped: 0.0008941 seconds, Stopping threads took: 0.0004496 seconds
[2022-06-13T01:30:54.808+0000][1][safepoint    ] Application time: 1.0002909 seconds
[2022-06-13T01:30:54.808+0000][1][safepoint    ] Entering safepoint region: Cleanup
[2022-06-13T01:30:54.810+0000][1][safepoint    ] Leaving safepoint region
[2022-06-13T01:30:54.810+0000][1][safepoint    ] Total time for which application threads were stopped: 0.0019588 seconds, Stopping threads took: 0.0009807 seconds
[2022-06-13T01:30:55.811+0000][1][safepoint    ] Application time: 1.0001765 seconds
[2022-06-13T01:30:55.812+0000][1][safepoint    ] Entering safepoint region: Cleanup
[2022-06-13T01:30:55.813+0000][1][safepoint    ] Leaving safepoint region
[2022-06-13T01:30:55.813+0000][1][safepoint    ] Total time for which application threads were stopped: 0.0017443 seconds, Stopping threads took: 0.0009259 seconds
[2022-06-13T01:30:56.814+0000][1][safepoint    ] Application time: 1.0002472 seconds
[2022-06-13T01:30:56.815+0000][1][safepoint    ] Entering safepoint region: Cleanup
[2022-06-13T01:30:56.816+0000][1][safepoint    ] Leaving safepoint region
[2022-06-13T01:30:56.817+0000][1][safepoint    ] Total time for which application threads were stopped: 0.0014983 seconds, Stopping threads took: 0.0007151 seconds
[2022-06-13T01:30:57.818+0000][1][safepoint    ] Application time: 1.0002337 seconds
[2022-06-13T01:30:57.819+0000][1][safepoint    ] Entering safepoint region: Cleanup
[2022-06-13T01:30:57.819+0000][1][safepoint    ] Leaving safepoint region
[2022-06-13T01:30:57.820+0000][1][safepoint    ] Total time for which application threads were stopped: 0.0013965 seconds, Stopping threads took: 0.0006579 seconds
[2022-06-13T01:30:58.821+0000][1][safepoint    ] Application time: 1.0002606 seconds
[2022-06-13T01:30:58.822+0000][1][safepoint    ] Entering safepoint region: Cleanup
[2022-06-13T01:30:58.823+0000][1][safepoint    ] Leaving safepoint region
[2022-06-13T01:30:58.823+0000][1][safepoint    ] Total time for which application threads were stopped: 0.0015910 seconds, Stopping threads took: 0.0007124 seconds
[2022-06-13T01:30:59.824+0000][1][safepoint    ] Application time: 1.0002425 seconds
[2022-06-13T01:30:59.825+0000][1][safepoint    ] Entering safepoint region: Cleanup
[2022-06-13T01:30:59.826+0000][1][safepoint    ] Leaving safepoint region
[2022-06-13T01:30:59.826+0000][1][safepoint    ] Total time for which application threads were stopped: 0.0011906 seconds, Stopping threads took: 0.0006288 seconds
[2022-06-13T01:31:00.827+0000][1][safepoint    ] Application time: 1.0002431 seconds
[2022-06-13T01:31:00.827+0000][1][safepoint    ] Entering safepoint region: Cleanup
[2022-06-13T01:31:00.828+0000][1][safepoint    ] Leaving safepoint region
[2022-06-13T01:31:00.828+0000][1][safepoint    ] Total time for which application threads were stopped: 0.0009468 seconds, Stopping threads took: 0.0003571 seconds
[2022-06-13T01:31:01.829+0000][1][safepoint    ] Application time: 1.0001633 seconds
[2022-06-13T01:31:01.829+0000][1][safepoint    ] Entering safepoint region: Cleanup
[2022-06-13T01:31:01.830+0000][1][safepoint    ] Leaving safepoint region
[2022-06-13T01:31:01.830+0000][1][safepoint    ] Total time for which application threads were stopped: 0.0009454 seconds, Stopping threads took: 0.0004202 seconds
[2022-06-13T01:31:02.831+0000][1][safepoint    ] Application time: 1.0003475 seconds
[2022-06-13T01:31:02.831+0000][1][safepoint    ] Entering safepoint region: Cleanup
[2022-06-13T01:31:02.832+0000][1][safepoint    ] Leaving safepoint region
[2022-06-13T01:31:02.832+0000][1][safepoint    ] Total time for which application threads were stopped: 0.0008496 seconds, Stopping threads took: 0.0004188 seconds
[2022-06-13T01:31:03.833+0000][1][safepoint    ] Application time: 1.0002391 seconds
[2022-06-13T01:31:03.833+0000][1][safepoint    ] Entering safepoint region: Cleanup
[2022-06-13T01:31:03.834+0000][1][safepoint    ] Leaving safepoint region
[2022-06-13T01:31:03.834+0000][1][safepoint    ] Total time for which application threads were stopped: 0.0010005 seconds, Stopping threads took: 0.0004458 seconds
[2022-06-13T01:31:04.835+0000][1][safepoint    ] Application time: 1.0005117 seconds
[2022-06-13T01:31:04.836+0000][1][safepoint    ] Entering safepoint region: Cleanup
[2022-06-13T01:31:04.837+0000][1][safepoint    ] Leaving safepoint region
[2022-06-13T01:31:04.837+0000][1][safepoint    ] Total time for which application threads were stopped: 0.0009948 seconds, Stopping threads took: 0.0004566 seconds
[2022-06-13T01:31:05.838+0000][1][safepoint    ] Application time: 1.0002334 seconds
[2022-06-13T01:31:05.839+0000][1][safepoint    ] Entering safepoint region: Cleanup
[2022-06-13T01:31:05.839+0000][1][safepoint    ] Leaving safepoint region
[2022-06-13T01:31:05.840+0000][1][safepoint    ] Total time for which application threads were stopped: 0.0013057 seconds, Stopping threads took: 0.0005315 seconds
[2022-06-13T01:31:06.841+0000][1][safepoint    ] Application time: 1.0002793 seconds
[2022-06-13T01:31:06.842+0000][1][safepoint    ] Entering safepoint region: Cleanup
[2022-06-13T01:31:06.842+0000][1][safepoint    ] Leaving safepoint region
[2022-06-13T01:31:06.842+0000][1][safepoint    ] Total time for which application threads were stopped: 0.0007213 seconds, Stopping threads took: 0.0003274 seconds
[2022-06-13T01:31:07.843+0000][1][safepoint    ] Application time: 1.0003565 seconds
[2022-06-13T01:31:07.844+0000][1][safepoint    ] Entering safepoint region: Cleanup
[2022-06-13T01:31:07.845+0000][1][safepoint    ] Leaving safepoint region
[2022-06-13T01:31:07.845+0000][1][safepoint    ] Total time for which application threads were stopped: 0.0013081 seconds, Stopping threads took: 0.0006558 seconds
[2022-06-13T01:31:08.846+0000][1][safepoint    ] Application time: 1.0001548 seconds
[2022-06-13T01:31:08.847+0000][1][safepoint    ] Entering safepoint region: Cleanup
[2022-06-13T01:31:08.847+0000][1][safepoint    ] Leaving safepoint region
[2022-06-13T01:31:08.848+0000][1][safepoint    ] Total time for which application threads were stopped: 0.0012982 seconds, Stopping threads took: 0.0006267 seconds
[2022-06-13T01:31:09.849+0000][1][safepoint    ] Application time: 1.0002804 seconds
[2022-06-13T01:31:09.850+0000][1][safepoint    ] Entering safepoint region: Cleanup
[2022-06-13T01:31:09.850+0000][1][safepoint    ] Leaving safepoint region
[2022-06-13T01:31:09.851+0000][1][safepoint    ] Total time for which application threads were stopped: 0.0016681 seconds, Stopping threads took: 0.0007422 seconds
[2022-06-13T01:31:10.852+0000][1][safepoint    ] Application time: 1.0002911 seconds
[2022-06-13T01:31:10.854+0000][1][safepoint    ] Entering safepoint region: Cleanup
[2022-06-13T01:31:10.855+0000][1][safepoint    ] Leaving safepoint region
[2022-06-13T01:31:10.856+0000][1][safepoint    ] Total time for which application threads were stopped: 0.0024211 seconds, Stopping threads took: 0.0010380 seconds
[2022-06-13T01:31:11.857+0000][1][safepoint    ] Application time: 1.0002245 seconds
[2022-06-13T01:31:11.858+0000][1][safepoint    ] Entering safepoint region: Cleanup
[2022-06-13T01:31:11.858+0000][1][safepoint    ] Leaving safepoint region
[2022-06-13T01:31:11.859+0000][1][safepoint    ] Total time for which application threads were stopped: 0.0010455 seconds, Stopping threads took: 0.0005476 seconds
[2022-06-13T01:31:12.860+0000][1][safepoint    ] Application time: 1.0003820 seconds
[2022-06-13T01:31:12.861+0000][1][safepoint    ] Entering safepoint region: Cleanup
[2022-06-13T01:31:12.862+0000][1][safepoint    ] Leaving safepoint region
[2022-06-13T01:31:12.863+0000][1][safepoint    ] Total time for which application threads were stopped: 0.0019233 seconds, Stopping threads took: 0.0007893 seconds
[2022-06-13T01:31:13.864+0000][1][safepoint    ] Application time: 1.0002289 seconds
[2022-06-13T01:31:13.865+0000][1][safepoint    ] Entering safepoint region: Cleanup
[2022-06-13T01:31:13.866+0000][1][safepoint    ] Leaving safepoint region
[2022-06-13T01:31:13.866+0000][1][safepoint    ] Total time for which application threads were stopped: 0.0017396 seconds, Stopping threads took: 0.0007617 seconds
[2022-06-13T01:31:14.867+0000][1][safepoint    ] Application time: 1.0002987 seconds
[2022-06-13T01:31:14.868+0000][1][safepoint    ] Entering safepoint region: Cleanup
[2022-06-13T01:31:14.869+0000][1][safepoint    ] Leaving safepoint region
[2022-06-13T01:31:14.870+0000][1][safepoint    ] Total time for which application threads were stopped: 0.0013456 seconds, Stopping threads took: 0.0005370 seconds
[2022-06-13T01:31:15.870+0000][1][safepoint    ] Application time: 1.0002430 seconds
[2022-06-13T01:31:15.871+0000][1][safepoint    ] Entering safepoint region: Cleanup
[2022-06-13T01:31:15.871+0000][1][safepoint    ] Leaving safepoint region
[2022-06-13T01:31:15.872+0000][1][safepoint    ] Total time for which application threads were stopped: 0.0008376 seconds, Stopping threads took: 0.0004104 seconds
[2022-06-13T01:31:16.872+0000][1][safepoint    ] Application time: 1.0001696 seconds
[2022-06-13T01:31:16.873+0000][1][safepoint    ] Entering safepoint region: Cleanup
[2022-06-13T01:31:16.874+0000][1][safepoint    ] Leaving safepoint region
[2022-06-13T01:31:16.874+0000][1][safepoint    ] Total time for which application threads were stopped: 0.0012540 seconds, Stopping threads took: 0.0006734 seconds
[2022-06-13T01:31:17.875+0000][1][safepoint    ] Application time: 1.0001157 seconds
[2022-06-13T01:31:17.875+0000][1][safepoint    ] Entering safepoint region: Cleanup
[2022-06-13T01:31:17.876+0000][1][safepoint    ] Leaving safepoint region
[2022-06-13T01:31:17.876+0000][1][safepoint    ] Total time for which application threads were stopped: 0.0010682 seconds, Stopping threads took: 0.0004395 seconds
[2022-06-13T01:31:18.877+0000][1][safepoint    ] Application time: 1.0002167 seconds
[2022-06-13T01:31:18.877+0000][1][safepoint    ] Entering safepoint region: Cleanup
[2022-06-13T01:31:18.878+0000][1][safepoint    ] Leaving safepoint region
[2022-06-13T01:31:18.878+0000][1][safepoint    ] Total time for which application threads were stopped: 0.0011698 seconds, Stopping threads took: 0.0005928 seconds
[2022-06-13T01:31:19.879+0000][1][safepoint    ] Application time: 1.0001958 seconds
[2022-06-13T01:31:19.880+0000][1][safepoint    ] Entering safepoint region: Cleanup
[2022-06-13T01:31:19.880+0000][1][safepoint    ] Leaving safepoint region
[2022-06-13T01:31:19.881+0000][1][safepoint    ] Total time for which application threads were stopped: 0.0008964 seconds, Stopping threads took: 0.0004158 seconds
[2022-06-13T01:31:20.881+0000][1][safepoint    ] Application time: 1.0001932 seconds
[2022-06-13T01:31:20.882+0000][1][safepoint    ] Entering safepoint region: Cleanup
[2022-06-13T01:31:20.882+0000][1][safepoint    ] Leaving safepoint region
[2022-06-13T01:31:20.883+0000][1][safepoint    ] Total time for which application threads were stopped: 0.0009362 seconds, Stopping threads took: 0.0004563 seconds
[2022-06-13T01:31:21.883+0000][1][safepoint    ] Application time: 1.0002587 seconds
[2022-06-13T01:31:21.884+0000][1][safepoint    ] Entering safepoint region: Cleanup
[2022-06-13T01:31:21.885+0000][1][safepoint    ] Leaving safepoint region
[2022-06-13T01:31:21.885+0000][1][safepoint    ] Total time for which application threads were stopped: 0.0014311 seconds, Stopping threads took: 0.0006546 seconds
[2022-06-13T01:31:22.886+0000][1][safepoint    ] Application time: 1.0002607 seconds
[2022-06-13T01:31:22.887+0000][1][safepoint    ] Entering safepoint region: Cleanup
[2022-06-13T01:31:22.888+0000][1][safepoint    ] Leaving safepoint region
[2022-06-13T01:31:22.888+0000][1][safepoint    ] Total time for which application threads were stopped: 0.0008525 seconds, Stopping threads took: 0.0003995 seconds
[2022-06-13T01:31:23.888+0000][1][safepoint    ] Application time: 1.0001162 seconds
[2022-06-13T01:31:23.889+0000][1][safepoint    ] Entering safepoint region: Cleanup
[2022-06-13T01:31:23.889+0000][1][safepoint    ] Leaving safepoint region
[2022-06-13T01:31:23.890+0000][1][safepoint    ] Total time for which application threads were stopped: 0.0008638 seconds, Stopping threads took: 0.0004319 seconds
[2022-06-13T01:31:24.890+0000][1][safepoint    ] Application time: 1.0001450 seconds
[2022-06-13T01:31:24.891+0000][1][safepoint    ] Entering safepoint region: Cleanup
[2022-06-13T01:31:24.892+0000][1][safepoint    ] Leaving safepoint region
[2022-06-13T01:31:24.892+0000][1][safepoint    ] Total time for which application threads were stopped: 0.0013839 seconds, Stopping threads took: 0.0006258 seconds
[2022-06-13T01:31:25.893+0000][1][safepoint    ] Application time: 1.0002335 seconds
[2022-06-13T01:31:25.893+0000][1][safepoint    ] Entering safepoint region: Cleanup
[2022-06-13T01:31:25.894+0000][1][safepoint    ] Leaving safepoint region
[2022-06-13T01:31:25.894+0000][1][safepoint    ] Total time for which application threads were stopped: 0.0005927 seconds, Stopping threads took: 0.0002810 seconds
[2022-06-13T01:31:26.895+0000][1][safepoint    ] Application time: 1.0002252 seconds
[2022-06-13T01:31:26.895+0000][1][safepoint    ] Entering safepoint region: Cleanup
[2022-06-13T01:31:26.896+0000][1][safepoint    ] Leaving safepoint region
[2022-06-13T01:31:26.896+0000][1][safepoint    ] Total time for which application threads were stopped: 0.0009017 seconds, Stopping threads took: 0.0004383 seconds
[2022-06-13T01:31:27.897+0000][1][safepoint    ] Application time: 1.0002487 seconds
[2022-06-13T01:31:27.897+0000][1][safepoint    ] Entering safepoint region: Cleanup
[2022-06-13T01:31:27.898+0000][1][safepoint    ] Leaving safepoint region
[2022-06-13T01:31:27.899+0000][1][safepoint    ] Total time for which application threads were stopped: 0.0014671 seconds, Stopping threads took: 0.0007622 seconds
[2022-06-13T01:31:28.900+0000][1][safepoint    ] Application time: 1.0002301 seconds
[2022-06-13T01:31:28.900+0000][1][safepoint    ] Entering safepoint region: Cleanup
[2022-06-13T01:31:28.901+0000][1][safepoint    ] Leaving safepoint region
[2022-06-13T01:31:28.902+0000][1][safepoint    ] Total time for which application threads were stopped: 0.0012370 seconds, Stopping threads took: 0.0006683 seconds
[2022-06-13T01:31:29.902+0000][1][safepoint    ] Application time: 1.0002168 seconds
[2022-06-13T01:31:29.903+0000][1][safepoint    ] Entering safepoint region: Cleanup
[2022-06-13T01:31:29.904+0000][1][safepoint    ] Leaving safepoint region
[2022-06-13T01:31:29.904+0000][1][safepoint    ] Total time for which application threads were stopped: 0.0011182 seconds, Stopping threads took: 0.0004787 seconds
[2022-06-13T01:31:30.905+0000][1][safepoint    ] Application time: 1.0002521 seconds
[2022-06-13T01:31:30.906+0000][1][safepoint    ] Entering safepoint region: Cleanup
[2022-06-13T01:31:30.906+0000][1][safepoint    ] Leaving safepoint region
[2022-06-13T01:31:30.907+0000][1][safepoint    ] Total time for which application threads were stopped: 0.0012796 seconds, Stopping threads took: 0.0006169 seconds
[2022-06-13T01:31:31.908+0000][1][safepoint    ] Application time: 1.0003321 seconds
[2022-06-13T01:31:31.908+0000][1][safepoint    ] Entering safepoint region: Cleanup
[2022-06-13T01:31:31.909+0000][1][safepoint    ] Leaving safepoint region
[2022-06-13T01:31:31.910+0000][1][safepoint    ] Total time for which application threads were stopped: 0.0012935 seconds, Stopping threads took: 0.0005354 seconds
[2022-06-13T01:31:32.911+0000][1][safepoint    ] Application time: 1.0003615 seconds
[2022-06-13T01:31:32.911+0000][1][safepoint    ] Entering safepoint region: Cleanup
[2022-06-13T01:31:32.912+0000][1][safepoint    ] Leaving safepoint region
[2022-06-13T01:31:32.913+0000][1][safepoint    ] Total time for which application threads were stopped: 0.0015391 seconds, Stopping threads took: 0.0007475 seconds
[2022-06-13T01:31:33.914+0000][1][safepoint    ] Application time: 1.0002985 seconds
[2022-06-13T01:31:33.915+0000][1][safepoint    ] Entering safepoint region: Cleanup
[2022-06-13T01:31:33.916+0000][1][safepoint    ] Leaving safepoint region
[2022-06-13T01:31:33.916+0000][1][safepoint    ] Total time for which application threads were stopped: 0.0011561 seconds, Stopping threads took: 0.0006445 seconds
[2022-06-13T01:31:34.917+0000][1][safepoint    ] Application time: 1.0002231 seconds
[2022-06-13T01:31:34.918+0000][1][safepoint    ] Entering safepoint region: Cleanup
[2022-06-13T01:31:34.918+0000][1][safepoint    ] Leaving safepoint region
[2022-06-13T01:31:34.918+0000][1][safepoint    ] Total time for which application threads were stopped: 0.0008192 seconds, Stopping threads took: 0.0004499 seconds
[2022-06-13T01:31:36.775+0000][1][safepoint    ] Application time: 1.8557905 seconds
[2022-06-13T01:31:36.775+0000][1][safepoint    ] Entering safepoint region: Cleanup
[2022-06-13T01:31:36.775+0000][1][safepoint    ] Leaving safepoint region
[2022-06-13T01:31:36.776+0000][1][safepoint    ] Total time for which application threads were stopped: 0.0005266 seconds, Stopping threads took: 0.0002502 seconds
[2022-06-13T01:31:37.776+0000][1][safepoint    ] Application time: 1.0003618 seconds
[2022-06-13T01:31:37.777+0000][1][safepoint    ] Entering safepoint region: Cleanup
[2022-06-13T01:31:37.778+0000][1][safepoint    ] Leaving safepoint region
[2022-06-13T01:31:37.778+0000][1][safepoint    ] Total time for which application threads were stopped: 0.0011126 seconds, Stopping threads took: 0.0005563 seconds
[2022-06-13T01:31:38.779+0000][1][safepoint    ] Application time: 1.0002313 seconds
[2022-06-13T01:31:38.779+0000][1][safepoint    ] Entering safepoint region: Cleanup
[2022-06-13T01:31:38.780+0000][1][safepoint    ] Leaving safepoint region
[2022-06-13T01:31:38.781+0000][1][safepoint    ] Total time for which application threads were stopped: 0.0016005 seconds, Stopping threads took: 0.0006308 seconds
[2022-06-13T01:31:39.782+0000][1][safepoint    ] Application time: 1.0003210 seconds
[2022-06-13T01:31:39.782+0000][1][safepoint    ] Entering safepoint region: Cleanup
[2022-06-13T01:31:39.783+0000][1][safepoint    ] Leaving safepoint region
[2022-06-13T01:31:39.783+0000][1][safepoint    ] Total time for which application threads were stopped: 0.0011892 seconds, Stopping threads took: 0.0004364 seconds
[2022-06-13T01:31:40.784+0000][1][safepoint    ] Application time: 1.0004521 seconds
[2022-06-13T01:31:40.785+0000][1][safepoint    ] Entering safepoint region: Cleanup
[2022-06-13T01:31:40.785+0000][1][safepoint    ] Leaving safepoint region
[2022-06-13T01:31:40.786+0000][1][safepoint    ] Total time for which application threads were stopped: 0.0012147 seconds, Stopping threads took: 0.0005797 seconds
[2022-06-13T01:31:41.787+0000][1][safepoint    ] Application time: 1.0002792 seconds
[2022-06-13T01:31:41.787+0000][1][safepoint    ] Entering safepoint region: Cleanup
[2022-06-13T01:31:41.788+0000][1][safepoint    ] Leaving safepoint region
[2022-06-13T01:31:41.789+0000][1][safepoint    ] Total time for which application threads were stopped: 0.0012088 seconds, Stopping threads took: 0.0006200 seconds
[2022-06-13T01:31:42.790+0000][1][safepoint    ] Application time: 1.0004611 seconds
[2022-06-13T01:31:42.790+0000][1][safepoint    ] Entering safepoint region: Cleanup
[2022-06-13T01:31:42.791+0000][1][safepoint    ] Leaving safepoint region
[2022-06-13T01:31:42.792+0000][1][safepoint    ] Total time for which application threads were stopped: 0.0011855 seconds, Stopping threads took: 0.0005293 seconds
[2022-06-13T01:31:43.793+0000][1][safepoint    ] Application time: 1.0002341 seconds
[2022-06-13T01:31:43.793+0000][1][safepoint    ] Entering safepoint region: Cleanup
[2022-06-13T01:31:43.793+0000][1][safepoint    ] Leaving safepoint region
[2022-06-13T01:31:43.794+0000][1][safepoint    ] Total time for which application threads were stopped: 0.0008828 seconds, Stopping threads took: 0.0003365 seconds
[2022-06-13T01:31:44.795+0000][1][safepoint    ] Application time: 1.0002740 seconds
[2022-06-13T01:31:44.795+0000][1][safepoint    ] Entering safepoint region: Cleanup
[2022-06-13T01:31:44.796+0000][1][safepoint    ] Leaving safepoint region
[2022-06-13T01:31:44.796+0000][1][safepoint    ] Total time for which application threads were stopped: 0.0007968 seconds, Stopping threads took: 0.0004018 seconds
[2022-06-13T01:31:45.797+0000][1][safepoint    ] Application time: 1.0003639 seconds
[2022-06-13T01:31:45.798+0000][1][safepoint    ] Entering safepoint region: Cleanup
[2022-06-13T01:31:45.798+0000][1][safepoint    ] Leaving safepoint region
[2022-06-13T01:31:45.799+0000][1][safepoint    ] Total time for which application threads were stopped: 0.0013116 seconds, Stopping threads took: 0.0005621 seconds
[2022-06-13T01:31:46.800+0000][1][safepoint    ] Application time: 1.0003734 seconds
[2022-06-13T01:31:46.801+0000][1][safepoint    ] Entering safepoint region: Cleanup
[2022-06-13T01:31:46.801+0000][1][safepoint    ] Leaving safepoint region
[2022-06-13T01:31:46.802+0000][1][safepoint    ] Total time for which application threads were stopped: 0.0010685 seconds, Stopping threads took: 0.0004166 seconds
[2022-06-13T01:31:47.802+0000][1][safepoint    ] Application time: 1.0002302 seconds
[2022-06-13T01:31:47.803+0000][1][safepoint    ] Entering safepoint region: Cleanup
[2022-06-13T01:31:47.803+0000][1][safepoint    ] Leaving safepoint region
[2022-06-13T01:31:47.804+0000][1][safepoint    ] Total time for which application threads were stopped: 0.0006563 seconds, Stopping threads took: 0.0003371 seconds
[2022-06-13T01:31:48.804+0000][1][safepoint    ] Application time: 1.0002090 seconds
[2022-06-13T01:31:48.805+0000][1][safepoint    ] Entering safepoint region: Cleanup
[2022-06-13T01:31:48.805+0000][1][safepoint    ] Leaving safepoint region
[2022-06-13T01:31:48.805+0000][1][safepoint    ] Total time for which application threads were stopped: 0.0006713 seconds, Stopping threads took: 0.0003329 seconds
[2022-06-13T01:31:49.806+0000][1][safepoint    ] Application time: 1.0003280 seconds
[2022-06-13T01:31:49.806+0000][1][safepoint    ] Entering safepoint region: Cleanup
[2022-06-13T01:31:49.807+0000][1][safepoint    ] Leaving safepoint region
[2022-06-13T01:31:49.807+0000][1][safepoint    ] Total time for which application threads were stopped: 0.0007696 seconds, Stopping threads took: 0.0002970 seconds
[2022-06-13T01:31:50.808+0000][1][safepoint    ] Application time: 1.0003410 seconds
[2022-06-13T01:31:50.808+0000][1][safepoint    ] Entering safepoint region: Cleanup
[2022-06-13T01:31:50.809+0000][1][safepoint    ] Leaving safepoint region
[2022-06-13T01:31:50.809+0000][1][safepoint    ] Total time for which application threads were stopped: 0.0009255 seconds, Stopping threads took: 0.0003464 seconds
[2022-06-13T01:31:51.810+0000][1][safepoint    ] Application time: 1.0002524 seconds
[2022-06-13T01:31:51.810+0000][1][safepoint    ] Entering safepoint region: Cleanup
[2022-06-13T01:31:51.811+0000][1][safepoint    ] Leaving safepoint region
[2022-06-13T01:31:51.811+0000][1][safepoint    ] Total time for which application threads were stopped: 0.0011540 seconds, Stopping threads took: 0.0004860 seconds
[2022-06-13T01:31:52.812+0000][1][safepoint    ] Application time: 1.0002054 seconds
[2022-06-13T01:31:52.812+0000][1][safepoint    ] Entering safepoint region: Cleanup
[2022-06-13T01:31:52.813+0000][1][safepoint    ] Leaving safepoint region
[2022-06-13T01:31:52.813+0000][1][safepoint    ] Total time for which application threads were stopped: 0.0008083 seconds, Stopping threads took: 0.0003394 seconds
[2022-06-13T01:31:53.814+0000][1][safepoint    ] Application time: 1.0001857 seconds
[2022-06-13T01:31:53.814+0000][1][safepoint    ] Entering safepoint region: Cleanup
[2022-06-13T01:31:53.814+0000][1][safepoint    ] Leaving safepoint region
[2022-06-13T01:31:53.815+0000][1][safepoint    ] Total time for which application threads were stopped: 0.0006726 seconds, Stopping threads took: 0.0003768 seconds
[2022-06-13T01:31:54.815+0000][1][safepoint    ] Application time: 1.0003396 seconds
[2022-06-13T01:31:54.816+0000][1][safepoint    ] Entering safepoint region: Cleanup
[2022-06-13T01:31:54.817+0000][1][safepoint    ] Leaving safepoint region
[2022-06-13T01:31:54.818+0000][1][safepoint    ] Total time for which application threads were stopped: 0.0016676 seconds, Stopping threads took: 0.0008265 seconds
[2022-06-13T01:31:55.819+0000][1][safepoint    ] Application time: 1.0004909 seconds
[2022-06-13T01:31:55.820+0000][1][safepoint    ] Entering safepoint region: Cleanup
[2022-06-13T01:31:55.822+0000][1][safepoint    ] Leaving safepoint region
[2022-06-13T01:31:55.822+0000][1][safepoint    ] Total time for which application threads were stopped: 0.0020836 seconds, Stopping threads took: 0.0011577 seconds
[2022-06-13T01:31:56.823+0000][1][safepoint    ] Application time: 1.0002037 seconds
[2022-06-13T01:31:56.824+0000][1][safepoint    ] Entering safepoint region: Cleanup
[2022-06-13T01:31:56.824+0000][1][safepoint    ] Leaving safepoint region
[2022-06-13T01:31:56.824+0000][1][safepoint    ] Total time for which application threads were stopped: 0.0003748 seconds, Stopping threads took: 0.0001576 seconds
[2022-06-13T01:31:57.824+0000][1][safepoint    ] Application time: 1.0002763 seconds
[2022-06-13T01:31:57.825+0000][1][safepoint    ] Entering safepoint region: Cleanup
[2022-06-13T01:31:57.825+0000][1][safepoint    ] Leaving safepoint region
[2022-06-13T01:31:57.826+0000][1][safepoint    ] Total time for which application threads were stopped: 0.0006510 seconds, Stopping threads took: 0.0002906 seconds
[2022-06-13T01:31:58.826+0000][1][safepoint    ] Application time: 1.0003058 seconds
[2022-06-13T01:31:58.827+0000][1][safepoint    ] Entering safepoint region: Cleanup
[2022-06-13T01:31:58.827+0000][1][safepoint    ] Leaving safepoint region
[2022-06-13T01:31:58.828+0000][1][safepoint    ] Total time for which application threads were stopped: 0.0010033 seconds, Stopping threads took: 0.0003532 seconds
[2022-06-13T01:31:59.828+0000][1][safepoint    ] Application time: 1.0001762 seconds
[2022-06-13T01:31:59.829+0000][1][safepoint    ] Entering safepoint region: Cleanup
[2022-06-13T01:31:59.829+0000][1][safepoint    ] Leaving safepoint region
[2022-06-13T01:31:59.830+0000][1][safepoint    ] Total time for which application threads were stopped: 0.0007681 seconds, Stopping threads took: 0.0003594 seconds
[2022-06-13T01:32:00.830+0000][1][safepoint    ] Application time: 1.0002920 seconds
[2022-06-13T01:32:00.831+0000][1][safepoint    ] Entering safepoint region: Cleanup
[2022-06-13T01:32:00.831+0000][1][safepoint    ] Leaving safepoint region
[2022-06-13T01:32:00.832+0000][1][safepoint    ] Total time for which application threads were stopped: 0.0010556 seconds, Stopping threads took: 0.0004255 seconds
[2022-06-13T01:32:01.833+0000][1][safepoint    ] Application time: 1.0002764 seconds
[2022-06-13T01:32:01.834+0000][1][safepoint    ] Entering safepoint region: Cleanup
[2022-06-13T01:32:01.834+0000][1][safepoint    ] Leaving safepoint region
[2022-06-13T01:32:01.835+0000][1][safepoint    ] Total time for which application threads were stopped: 0.0013643 seconds, Stopping threads took: 0.0006091 seconds
[2022-06-13T01:32:02.836+0000][1][safepoint    ] Application time: 1.0003183 seconds
[2022-06-13T01:32:02.837+0000][1][safepoint    ] Entering safepoint region: Cleanup
[2022-06-13T01:32:02.838+0000][1][safepoint    ] Leaving safepoint region
[2022-06-13T01:32:02.838+0000][1][safepoint    ] Total time for which application threads were stopped: 0.0013976 seconds, Stopping threads took: 0.0005954 seconds
[2022-06-13T01:32:03.839+0000][1][safepoint    ] Application time: 1.0002955 seconds
[2022-06-13T01:32:03.840+0000][1][safepoint    ] Entering safepoint region: Cleanup
[2022-06-13T01:32:03.841+0000][1][safepoint    ] Leaving safepoint region
[2022-06-13T01:32:03.841+0000][1][safepoint    ] Total time for which application threads were stopped: 0.0014897 seconds, Stopping threads took: 0.0006848 seconds
[2022-06-13T01:32:04.642+0000][1][safepoint    ] Application time: 0.8000054 seconds
[2022-06-13T01:32:04.642+0000][1][safepoint    ] Entering safepoint region: RevokeBias
[2022-06-13T01:32:04.643+0000][1][safepoint    ] Leaving safepoint region
[2022-06-13T01:32:04.644+0000][1][safepoint    ] Total time for which application threads were stopped: 0.0012165 seconds, Stopping threads took: 0.0003220 seconds
[2022-06-13T01:32:04.644+0000][1][safepoint    ] Application time: 0.0002838 seconds
[2022-06-13T01:32:04.645+0000][1][safepoint    ] Entering safepoint region: RevokeBias
[2022-06-13T01:32:04.645+0000][1][safepoint    ] Leaving safepoint region
[2022-06-13T01:32:04.646+0000][1][safepoint    ] Total time for which application threads were stopped: 0.0009907 seconds, Stopping threads took: 0.0003690 seconds
[2022-06-13T01:32:04.648+0000][1][safepoint    ] Application time: 0.0022561 seconds
[2022-06-13T01:32:04.649+0000][1][safepoint    ] Entering safepoint region: RevokeBias
[2022-06-13T01:32:04.649+0000][1][safepoint    ] Leaving safepoint region
[2022-06-13T01:32:04.650+0000][1][safepoint    ] Total time for which application threads were stopped: 0.0012057 seconds, Stopping threads took: 0.0006096 seconds
[2022-06-13T01:32:04.651+0000][1][safepoint    ] Application time: 0.0003126 seconds
[2022-06-13T01:32:04.651+0000][1][safepoint    ] Entering safepoint region: RevokeBias
[2022-06-13T01:32:04.652+0000][1][safepoint    ] Leaving safepoint region
[2022-06-13T01:32:04.652+0000][1][safepoint    ] Total time for which application threads were stopped: 0.0012673 seconds, Stopping threads took: 0.0003978 seconds
[2022-06-13T01:32:04.653+0000][1][safepoint    ] Application time: 0.0004947 seconds
[2022-06-13T01:32:04.654+0000][1][safepoint    ] Entering safepoint region: RevokeBias
[2022-06-13T01:32:04.655+0000][1][safepoint    ] Leaving safepoint region
[2022-06-13T01:32:04.655+0000][1][safepoint    ] Total time for which application threads were stopped: 0.0011456 seconds, Stopping threads took: 0.0003833 seconds
[2022-06-13T01:32:04.657+0000][1][safepoint    ] Application time: 0.0013658 seconds
[2022-06-13T01:32:04.658+0000][1][safepoint    ] Entering safepoint region: RevokeBias
[2022-06-13T01:32:04.659+0000][1][safepoint    ] Leaving safepoint region
[2022-06-13T01:32:04.659+0000][1][safepoint    ] Total time for which application threads were stopped: 0.0011901 seconds, Stopping threads took: 0.0006201 seconds
[2022-06-13T01:32:04.660+0000][1][safepoint    ] Application time: 0.0010085 seconds
[2022-06-13T01:32:04.662+0000][1][safepoint    ] Entering safepoint region: RevokeBias
[2022-06-13T01:32:04.662+0000][1][safepoint    ] Leaving safepoint region
[2022-06-13T01:32:04.663+0000][1][safepoint    ] Total time for which application threads were stopped: 0.0012501 seconds, Stopping threads took: 0.0004196 seconds
[2022-06-13T01:32:04.666+0000][1][safepoint    ] Application time: 0.0029364 seconds
[2022-06-13T01:32:04.666+0000][1][safepoint    ] Entering safepoint region: RevokeBias
[2022-06-13T01:32:04.668+0000][1][safepoint    ] Leaving safepoint region
[2022-06-13T01:32:04.669+0000][1][safepoint    ] Total time for which application threads were stopped: 0.0026940 seconds, Stopping threads took: 0.0011761 seconds
[2022-06-13T01:32:04.671+0000][1][safepoint    ] Application time: 0.0012178 seconds
[2022-06-13T01:32:04.672+0000][1][safepoint    ] Entering safepoint region: RevokeBias
[2022-06-13T01:32:04.673+0000][1][safepoint    ] Leaving safepoint region
[2022-06-13T01:32:04.674+0000][1][safepoint    ] Total time for which application threads were stopped: 0.0014051 seconds, Stopping threads took: 0.0004932 seconds
[2022-06-13T01:32:04.675+0000][1][safepoint    ] Application time: 0.0006965 seconds
[2022-06-13T01:32:04.675+0000][1][safepoint    ] Entering safepoint region: RevokeBias
[2022-06-13T01:32:04.676+0000][1][safepoint    ] Leaving safepoint region
[2022-06-13T01:32:04.676+0000][1][safepoint    ] Total time for which application threads were stopped: 0.0011471 seconds, Stopping threads took: 0.0004693 seconds
[2022-06-13T01:32:04.677+0000][1][safepoint    ] Application time: 0.0002225 seconds
[2022-06-13T01:32:04.677+0000][1][safepoint    ] Entering safepoint region: RevokeBias
[2022-06-13T01:32:04.678+0000][1][safepoint    ] Leaving safepoint region
[2022-06-13T01:32:04.678+0000][1][safepoint    ] Total time for which application threads were stopped: 0.0009912 seconds, Stopping threads took: 0.0005028 seconds
[2022-06-13T01:32:04.680+0000][1][safepoint    ] Application time: 0.0011225 seconds
[2022-06-13T01:32:04.681+0000][1][safepoint    ] Entering safepoint region: RevokeBias
[2022-06-13T01:32:04.681+0000][1][safepoint    ] Leaving safepoint region
[2022-06-13T01:32:04.682+0000][1][safepoint    ] Total time for which application threads were stopped: 0.0008245 seconds, Stopping threads took: 0.0003827 seconds
[2022-06-13T01:32:04.682+0000][1][safepoint    ] Application time: 0.0005685 seconds
[2022-06-13T01:32:04.683+0000][1][safepoint    ] Entering safepoint region: RevokeBias
[2022-06-13T01:32:04.684+0000][1][safepoint    ] Leaving safepoint region
[2022-06-13T01:32:04.684+0000][1][safepoint    ] Total time for which application threads were stopped: 0.0009055 seconds, Stopping threads took: 0.0002964 seconds
[2022-06-13T01:32:04.685+0000][1][safepoint    ] Application time: 0.0007871 seconds
[2022-06-13T01:32:04.686+0000][1][safepoint    ] Entering safepoint region: RevokeBias
[2022-06-13T01:32:04.686+0000][1][safepoint    ] Leaving safepoint region
[2022-06-13T01:32:04.686+0000][1][safepoint    ] Total time for which application threads were stopped: 0.0005420 seconds, Stopping threads took: 0.0002255 seconds
[2022-06-13T01:32:04.687+0000][1][safepoint    ] Application time: 0.0003062 seconds
[2022-06-13T01:32:04.687+0000][1][safepoint    ] Entering safepoint region: RevokeBias
[2022-06-13T01:32:04.688+0000][1][safepoint    ] Leaving safepoint region
[2022-06-13T01:32:04.688+0000][1][safepoint    ] Total time for which application threads were stopped: 0.0010063 seconds, Stopping threads took: 0.0004411 seconds
[2022-06-13T01:32:04.689+0000][1][safepoint    ] Application time: 0.0003322 seconds
[2022-06-13T01:32:04.690+0000][1][safepoint    ] Entering safepoint region: RevokeBias
[2022-06-13T01:32:04.691+0000][1][safepoint    ] Leaving safepoint region
[2022-06-13T01:32:04.691+0000][1][safepoint    ] Total time for which application threads were stopped: 0.0013132 seconds, Stopping threads took: 0.0008930 seconds
[2022-06-13T01:32:04.692+0000][1][safepoint    ] Application time: 0.0005616 seconds
[2022-06-13T01:32:04.693+0000][1][safepoint    ] Entering safepoint region: RevokeBias
[2022-06-13T01:32:04.693+0000][1][gc,start     ] GC(23) Pause Young (Allocation Failure)
[2022-06-13T01:32:04.694+0000][1][gc,task      ] GC(23) Using 6 workers of 13 for evacuation
[2022-06-13T01:32:04.699+0000][1][gc,age       ] GC(23) Desired survivor size 4456448 bytes, new threshold 3 (max threshold 6)
[2022-06-13T01:32:04.700+0000][1][gc,age       ] GC(23) Age table with threshold 3 (max threshold 6)
[2022-06-13T01:32:04.701+0000][1][gc,age       ] GC(23) - age   1:      93944 bytes,      93944 total
[2022-06-13T01:32:04.701+0000][1][gc,age       ] GC(23) - age   2:     661600 bytes,     755544 total
[2022-06-13T01:32:04.702+0000][1][gc,age       ] GC(23) - age   3:    3720336 bytes,    4475880 total
[2022-06-13T01:32:04.703+0000][1][gc,heap      ] GC(23) ParNew: 76058K->6749K(78656K)
[2022-06-13T01:32:04.703+0000][1][gc,heap      ] GC(23) CMS: 63693K->63693K(174784K)
[2022-06-13T01:32:04.704+0000][1][gc,metaspace ] GC(23) Metaspace: 63951K->63951K(1107968K)
[2022-06-13T01:32:04.705+0000][1][gc           ] GC(23) Pause Young (Allocation Failure) 136M->68M(247M) 11.050ms
[2022-06-13T01:32:04.705+0000][1][gc,cpu       ] GC(23) User=0.03s Sys=0.00s Real=0.01s
[2022-06-13T01:32:04.706+0000][1][safepoint    ] Leaving safepoint region
[2022-06-13T01:32:04.706+0000][1][safepoint    ] Total time for which application threads were stopped: 0.0132328 seconds, Stopping threads took: 0.0004936 seconds
[2022-06-13T01:32:04.707+0000][1][safepoint    ] Application time: 0.0004111 seconds
[2022-06-13T01:32:04.707+0000][1][safepoint    ] Entering safepoint region: RevokeBias
[2022-06-13T01:32:04.708+0000][1][safepoint    ] Leaving safepoint region
[2022-06-13T01:32:04.709+0000][1][safepoint    ] Total time for which application threads were stopped: 0.0011118 seconds, Stopping threads took: 0.0006201 seconds
[2022-06-13T01:32:04.709+0000][1][safepoint    ] Application time: 0.0002623 seconds
[2022-06-13T01:32:04.710+0000][1][safepoint    ] Entering safepoint region: RevokeBias
[2022-06-13T01:32:04.710+0000][1][safepoint    ] Leaving safepoint region
[2022-06-13T01:32:04.711+0000][1][safepoint    ] Total time for which application threads were stopped: 0.0009197 seconds, Stopping threads took: 0.0003610 seconds
[2022-06-13T01:32:04.712+0000][1][safepoint    ] Application time: 0.0003424 seconds
[2022-06-13T01:32:04.712+0000][1][safepoint    ] Entering safepoint region: BulkRevokeBias
[2022-06-13T01:32:04.713+0000][1][safepoint    ] Leaving safepoint region
[2022-06-13T01:32:04.713+0000][1][safepoint    ] Total time for which application threads were stopped: 0.0011584 seconds, Stopping threads took: 0.0004867 seconds
[2022-06-13T01:32:04.714+0000][1][safepoint    ] Application time: 0.0004873 seconds
[2022-06-13T01:32:04.714+0000][1][safepoint    ] Entering safepoint region: RevokeBias
[2022-06-13T01:32:04.715+0000][1][safepoint    ] Leaving safepoint region
[2022-06-13T01:32:04.715+0000][1][safepoint    ] Total time for which application threads were stopped: 0.0011476 seconds, Stopping threads took: 0.0005727 seconds
[2022-06-13T01:32:04.716+0000][1][safepoint    ] Application time: 0.0003940 seconds
[2022-06-13T01:32:04.717+0000][1][safepoint    ] Entering safepoint region: RevokeBias
[2022-06-13T01:32:04.717+0000][1][safepoint    ] Leaving safepoint region
[2022-06-13T01:32:04.718+0000][1][safepoint    ] Total time for which application threads were stopped: 0.0011679 seconds, Stopping threads took: 0.0006356 seconds
[2022-06-13T01:32:04.718+0000][1][safepoint    ] Application time: 0.0001489 seconds
[2022-06-13T01:32:04.718+0000][1][safepoint    ] Entering safepoint region: RevokeBias
[2022-06-13T01:32:04.719+0000][1][safepoint    ] Leaving safepoint region
[2022-06-13T01:32:04.719+0000][1][safepoint    ] Total time for which application threads were stopped: 0.0005795 seconds, Stopping threads took: 0.0002786 seconds
[2022-06-13T01:32:04.720+0000][1][safepoint    ] Application time: 0.0003546 seconds
[2022-06-13T01:32:04.721+0000][1][safepoint    ] Entering safepoint region: RevokeBias
[2022-06-13T01:32:04.721+0000][1][safepoint    ] Leaving safepoint region
[2022-06-13T01:32:04.721+0000][1][safepoint    ] Total time for which application threads were stopped: 0.0005929 seconds, Stopping threads took: 0.0003088 seconds
[2022-06-13T01:32:04.722+0000][1][safepoint    ] Application time: 0.0002519 seconds
[2022-06-13T01:32:04.722+0000][1][safepoint    ] Entering safepoint region: RevokeBias
[2022-06-13T01:32:04.723+0000][1][safepoint    ] Leaving safepoint region
[2022-06-13T01:32:04.724+0000][1][safepoint    ] Total time for which application threads were stopped: 0.0015199 seconds, Stopping threads took: 0.0005064 seconds
[2022-06-13T01:32:04.724+0000][1][safepoint    ] Application time: 0.0004422 seconds
[2022-06-13T01:32:04.725+0000][1][safepoint    ] Entering safepoint region: RevokeBias
[2022-06-13T01:32:04.725+0000][1][safepoint    ] Leaving safepoint region
[2022-06-13T01:32:04.725+0000][1][safepoint    ] Total time for which application threads were stopped: 0.0007111 seconds, Stopping threads took: 0.0002903 seconds
[2022-06-13T01:32:04.726+0000][1][safepoint    ] Application time: 0.0005861 seconds
[2022-06-13T01:32:04.727+0000][1][safepoint    ] Entering safepoint region: RevokeBias
[2022-06-13T01:32:04.727+0000][1][safepoint    ] Leaving safepoint region
[2022-06-13T01:32:04.727+0000][1][safepoint    ] Total time for which application threads were stopped: 0.0006831 seconds, Stopping threads took: 0.0003134 seconds
[2022-06-13T01:32:04.728+0000][1][safepoint    ] Application time: 0.0001956 seconds
[2022-06-13T01:32:04.728+0000][1][safepoint    ] Entering safepoint region: RevokeBias
[2022-06-13T01:32:04.729+0000][1][safepoint    ] Leaving safepoint region
[2022-06-13T01:32:04.730+0000][1][safepoint    ] Total time for which application threads were stopped: 0.0013890 seconds, Stopping threads took: 0.0008939 seconds
[2022-06-13T01:32:04.731+0000][1][safepoint    ] Application time: 0.0007567 seconds
[2022-06-13T01:32:04.731+0000][1][safepoint    ] Entering safepoint region: RevokeBias
[2022-06-13T01:32:04.732+0000][1][safepoint    ] Leaving safepoint region
[2022-06-13T01:32:04.732+0000][1][safepoint    ] Total time for which application threads were stopped: 0.0007505 seconds, Stopping threads took: 0.0004440 seconds
[2022-06-13T01:32:04.733+0000][1][safepoint    ] Application time: 0.0005211 seconds
[2022-06-13T01:32:04.733+0000][1][safepoint    ] Entering safepoint region: RevokeBias
[2022-06-13T01:32:04.733+0000][1][safepoint    ] Leaving safepoint region
[2022-06-13T01:32:04.734+0000][1][safepoint    ] Total time for which application threads were stopped: 0.0006479 seconds, Stopping threads took: 0.0003018 seconds
[2022-06-13T01:32:04.734+0000][1][safepoint    ] Application time: 0.0001797 seconds
[2022-06-13T01:32:04.734+0000][1][safepoint    ] Entering safepoint region: RevokeBias
[2022-06-13T01:32:04.735+0000][1][safepoint    ] Leaving safepoint region
[2022-06-13T01:32:04.735+0000][1][safepoint    ] Total time for which application threads were stopped: 0.0010624 seconds, Stopping threads took: 0.0005170 seconds
[2022-06-13T01:32:04.736+0000][1][safepoint    ] Application time: 0.0008692 seconds
[2022-06-13T01:32:04.737+0000][1][safepoint    ] Entering safepoint region: RevokeBias
[2022-06-13T01:32:04.737+0000][1][safepoint    ] Leaving safepoint region
[2022-06-13T01:32:04.737+0000][1][safepoint    ] Total time for which application threads were stopped: 0.0006344 seconds, Stopping threads took: 0.0003218 seconds
[2022-06-13T01:32:04.738+0000][1][safepoint    ] Application time: 0.0001627 seconds
[2022-06-13T01:32:04.738+0000][1][safepoint    ] Entering safepoint region: RevokeBias
[2022-06-13T01:32:04.738+0000][1][safepoint    ] Leaving safepoint region
[2022-06-13T01:32:04.739+0000][1][safepoint    ] Total time for which application threads were stopped: 0.0005683 seconds, Stopping threads took: 0.0002784 seconds
[2022-06-13T01:32:04.741+0000][1][safepoint    ] Application time: 0.0017411 seconds
[2022-06-13T01:32:04.741+0000][1][safepoint    ] Entering safepoint region: RevokeBias
[2022-06-13T01:32:04.741+0000][1][safepoint    ] Leaving safepoint region
[2022-06-13T01:32:04.742+0000][1][safepoint    ] Total time for which application threads were stopped: 0.0007663 seconds, Stopping threads took: 0.0003539 seconds
[2022-06-13T01:32:04.744+0000][1][safepoint    ] Application time: 0.0017423 seconds
[2022-06-13T01:32:04.744+0000][1][safepoint    ] Entering safepoint region: RevokeBias
[2022-06-13T01:32:04.745+0000][1][safepoint    ] Leaving safepoint region
[2022-06-13T01:32:04.745+0000][1][safepoint    ] Total time for which application threads were stopped: 0.0006805 seconds, Stopping threads took: 0.0003498 seconds
[2022-06-13T01:32:04.745+0000][1][safepoint    ] Application time: 0.0003427 seconds
[2022-06-13T01:32:04.746+0000][1][safepoint    ] Entering safepoint region: RevokeBias
[2022-06-13T01:32:04.746+0000][1][safepoint    ] Leaving safepoint region
[2022-06-13T01:32:04.747+0000][1][safepoint    ] Total time for which application threads were stopped: 0.0008614 seconds, Stopping threads took: 0.0004732 seconds
[2022-06-13T01:32:04.747+0000][1][safepoint    ] Application time: 0.0000793 seconds
[2022-06-13T01:32:04.747+0000][1][safepoint    ] Entering safepoint region: RevokeBias
[2022-06-13T01:32:04.748+0000][1][safepoint    ] Leaving safepoint region
[2022-06-13T01:32:04.749+0000][1][safepoint    ] Total time for which application threads were stopped: 0.0011301 seconds, Stopping threads took: 0.0006377 seconds
[2022-06-13T01:32:04.749+0000][1][safepoint    ] Application time: 0.0002152 seconds
[2022-06-13T01:32:04.750+0000][1][safepoint    ] Entering safepoint region: RevokeBias
[2022-06-13T01:32:04.750+0000][1][safepoint    ] Leaving safepoint region
[2022-06-13T01:32:04.751+0000][1][safepoint    ] Total time for which application threads were stopped: 0.0009130 seconds, Stopping threads took: 0.0004108 seconds
[2022-06-13T01:32:04.751+0000][1][safepoint    ] Application time: 0.0002684 seconds
[2022-06-13T01:32:04.752+0000][1][safepoint    ] Entering safepoint region: RevokeBias
[2022-06-13T01:32:04.752+0000][1][safepoint    ] Leaving safepoint region
[2022-06-13T01:32:04.753+0000][1][safepoint    ] Total time for which application threads were stopped: 0.0011132 seconds, Stopping threads took: 0.0006458 seconds
[2022-06-13T01:32:04.753+0000][1][safepoint    ] Application time: 0.0003487 seconds
[2022-06-13T01:32:04.754+0000][1][safepoint    ] Entering safepoint region: RevokeBias
[2022-06-13T01:32:04.754+0000][1][safepoint    ] Leaving safepoint region
[2022-06-13T01:32:04.754+0000][1][safepoint    ] Total time for which application threads were stopped: 0.0006591 seconds, Stopping threads took: 0.0003067 seconds
[2022-06-13T01:32:04.758+0000][1][safepoint    ] Application time: 0.0037859 seconds
[2022-06-13T01:32:04.759+0000][1][safepoint    ] Entering safepoint region: RevokeBias
[2022-06-13T01:32:04.760+0000][1][safepoint    ] Leaving safepoint region
[2022-06-13T01:32:04.760+0000][1][safepoint    ] Total time for which application threads were stopped: 0.0014086 seconds, Stopping threads took: 0.0007004 seconds
[2022-06-13T01:32:04.761+0000][1][safepoint    ] Application time: 0.0007587 seconds
[2022-06-13T01:32:04.762+0000][1][safepoint    ] Entering safepoint region: RevokeBias
[2022-06-13T01:32:04.762+0000][1][safepoint    ] Leaving safepoint region
[2022-06-13T01:32:04.763+0000][1][safepoint    ] Total time for which application threads were stopped: 0.0010212 seconds, Stopping threads took: 0.0006314 seconds
[2022-06-13T01:32:04.763+0000][1][safepoint    ] Application time: 0.0004115 seconds
[2022-06-13T01:32:04.764+0000][1][safepoint    ] Entering safepoint region: RevokeBias
[2022-06-13T01:32:04.764+0000][1][safepoint    ] Leaving safepoint region
[2022-06-13T01:32:04.765+0000][1][safepoint    ] Total time for which application threads were stopped: 0.0007222 seconds, Stopping threads took: 0.0003550 seconds
[2022-06-13T01:32:04.765+0000][1][safepoint    ] Application time: 0.0006900 seconds
[2022-06-13T01:32:04.766+0000][1][safepoint    ] Entering safepoint region: RevokeBias
[2022-06-13T01:32:04.766+0000][1][safepoint    ] Leaving safepoint region
[2022-06-13T01:32:04.767+0000][1][safepoint    ] Total time for which application threads were stopped: 0.0006731 seconds, Stopping threads took: 0.0002531 seconds
[2022-06-13T01:32:04.767+0000][1][safepoint    ] Application time: 0.0002121 seconds
[2022-06-13T01:32:04.767+0000][1][safepoint    ] Entering safepoint region: RevokeBias
[2022-06-13T01:32:04.768+0000][1][safepoint    ] Leaving safepoint region
[2022-06-13T01:32:04.768+0000][1][safepoint    ] Total time for which application threads were stopped: 0.0005863 seconds, Stopping threads took: 0.0001993 seconds
[2022-06-13T01:32:04.769+0000][1][safepoint    ] Application time: 0.0003389 seconds
[2022-06-13T01:32:04.769+0000][1][safepoint    ] Entering safepoint region: BulkRevokeBias
[2022-06-13T01:32:04.770+0000][1][safepoint    ] Leaving safepoint region
[2022-06-13T01:32:04.770+0000][1][safepoint    ] Total time for which application threads were stopped: 0.0011201 seconds, Stopping threads took: 0.0005364 seconds
[2022-06-13T01:32:04.773+0000][1][safepoint    ] Application time: 0.0024583 seconds
[2022-06-13T01:32:04.773+0000][1][safepoint    ] Entering safepoint region: RevokeBias
[2022-06-13T01:32:04.774+0000][1][safepoint    ] Leaving safepoint region
[2022-06-13T01:32:04.774+0000][1][safepoint    ] Total time for which application threads were stopped: 0.0008222 seconds, Stopping threads took: 0.0003852 seconds
[2022-06-13T01:32:04.783+0000][1][safepoint    ] Application time: 0.0090471 seconds
[2022-06-13T01:32:04.784+0000][1][safepoint    ] Entering safepoint region: RevokeBias
[2022-06-13T01:32:04.784+0000][1][safepoint    ] Leaving safepoint region
[2022-06-13T01:32:04.785+0000][1][safepoint    ] Total time for which application threads were stopped: 0.0009006 seconds, Stopping threads took: 0.0004415 seconds
[2022-06-13T01:32:04.785+0000][1][safepoint    ] Application time: 0.0001110 seconds
[2022-06-13T01:32:04.786+0000][1][safepoint    ] Entering safepoint region: RevokeBias
[2022-06-13T01:32:04.786+0000][1][safepoint    ] Leaving safepoint region
[2022-06-13T01:32:04.787+0000][1][safepoint    ] Total time for which application threads were stopped: 0.0006125 seconds, Stopping threads took: 0.0003257 seconds
[2022-06-13T01:32:04.787+0000][1][safepoint    ] Application time: 0.0001517 seconds
[2022-06-13T01:32:04.787+0000][1][safepoint    ] Entering safepoint region: RevokeBias
[2022-06-13T01:32:04.788+0000][1][safepoint    ] Leaving safepoint region
[2022-06-13T01:32:04.788+0000][1][safepoint    ] Total time for which application threads were stopped: 0.0005283 seconds, Stopping threads took: 0.0002575 seconds
[2022-06-13T01:32:04.789+0000][1][safepoint    ] Application time: 0.0006923 seconds
[2022-06-13T01:32:04.789+0000][1][safepoint    ] Entering safepoint region: RevokeBias
[2022-06-13T01:32:04.790+0000][1][safepoint    ] Leaving safepoint region
[2022-06-13T01:32:04.790+0000][1][safepoint    ] Total time for which application threads were stopped: 0.0007101 seconds, Stopping threads took: 0.0003751 seconds
[2022-06-13T01:32:04.792+0000][1][safepoint    ] Application time: 0.0014712 seconds
[2022-06-13T01:32:04.792+0000][1][safepoint    ] Entering safepoint region: RevokeBias
[2022-06-13T01:32:04.793+0000][1][safepoint    ] Leaving safepoint region
[2022-06-13T01:32:04.793+0000][1][safepoint    ] Total time for which application threads were stopped: 0.0006811 seconds, Stopping threads took: 0.0003310 seconds
[2022-06-13T01:32:04.793+0000][1][safepoint    ] Application time: 0.0003830 seconds
[2022-06-13T01:32:04.794+0000][1][safepoint    ] Entering safepoint region: RevokeBias
[2022-06-13T01:32:04.794+0000][1][safepoint    ] Leaving safepoint region
[2022-06-13T01:32:04.795+0000][1][safepoint    ] Total time for which application threads were stopped: 0.0009009 seconds, Stopping threads took: 0.0004491 seconds
[2022-06-13T01:32:04.797+0000][1][safepoint    ] Application time: 0.0019043 seconds
[2022-06-13T01:32:04.797+0000][1][safepoint    ] Entering safepoint region: RevokeBias
[2022-06-13T01:32:04.798+0000][1][safepoint    ] Leaving safepoint region
[2022-06-13T01:32:04.798+0000][1][safepoint    ] Total time for which application threads were stopped: 0.0007221 seconds, Stopping threads took: 0.0003379 seconds
[2022-06-13T01:32:04.799+0000][1][safepoint    ] Application time: 0.0004777 seconds
[2022-06-13T01:32:04.799+0000][1][safepoint    ] Entering safepoint region: RevokeBias
[2022-06-13T01:32:04.799+0000][1][safepoint    ] Leaving safepoint region
[2022-06-13T01:32:04.800+0000][1][safepoint    ] Total time for which application threads were stopped: 0.0005473 seconds, Stopping threads took: 0.0002437 seconds
[2022-06-13T01:32:04.800+0000][1][safepoint    ] Application time: 0.0002958 seconds
[2022-06-13T01:32:04.801+0000][1][safepoint    ] Entering safepoint region: RevokeBias
[2022-06-13T01:32:04.801+0000][1][safepoint    ] Leaving safepoint region
[2022-06-13T01:32:04.801+0000][1][safepoint    ] Total time for which application threads were stopped: 0.0005167 seconds, Stopping threads took: 0.0002436 seconds
[2022-06-13T01:32:04.802+0000][1][safepoint    ] Application time: 0.0008542 seconds
[2022-06-13T01:32:04.803+0000][1][safepoint    ] Entering safepoint region: RevokeBias
[2022-06-13T01:32:04.803+0000][1][safepoint    ] Leaving safepoint region
[2022-06-13T01:32:04.803+0000][1][safepoint    ] Total time for which application threads were stopped: 0.0004158 seconds, Stopping threads took: 0.0001952 seconds
[2022-06-13T01:32:04.806+0000][1][safepoint    ] Application time: 0.0023363 seconds
[2022-06-13T01:32:04.806+0000][1][safepoint    ] Entering safepoint region: RevokeBias
[2022-06-13T01:32:04.806+0000][1][safepoint    ] Leaving safepoint region
[2022-06-13T01:32:04.806+0000][1][safepoint    ] Total time for which application threads were stopped: 0.0005581 seconds, Stopping threads took: 0.0002364 seconds
[2022-06-13T01:32:04.807+0000][1][safepoint    ] Application time: 0.0005521 seconds
[2022-06-13T01:32:04.807+0000][1][safepoint    ] Entering safepoint region: RevokeBias
[2022-06-13T01:32:04.808+0000][1][safepoint    ] Leaving safepoint region
[2022-06-13T01:32:04.808+0000][1][safepoint    ] Total time for which application threads were stopped: 0.0006284 seconds, Stopping threads took: 0.0002764 seconds
[2022-06-13T01:32:04.812+0000][1][gc,heap,exit ] Heap
[2022-06-13T01:32:04.813+0000][1][gc,heap,exit ]  par new generation   total 78656K, used 14419K [0x00000000f0000000, 0x00000000f5550000, 0x00000000f5550000)
[2022-06-13T01:32:04.813+0000][1][gc,heap,exit ]   eden space 69952K,  10% used [0x00000000f0000000, 0x00000000f077d8c8, 0x00000000f4450000)
[2022-06-13T01:32:04.813+0000][1][gc,heap,exit ]   from space 8704K,  77% used [0x00000000f4450000, 0x00000000f4ae7608, 0x00000000f4cd0000)
[2022-06-13T01:32:04.814+0000][1][gc,heap,exit ]   to   space 8704K,   0% used [0x00000000f4cd0000, 0x00000000f4cd0000, 0x00000000f5550000)
[2022-06-13T01:32:04.814+0000][1][gc,heap,exit ]  concurrent mark-sweep generation total 174784K, used 63693K [0x00000000f5550000, 0x0000000100000000, 0x0000000100000000)
[2022-06-13T01:32:04.815+0000][1][gc,heap,exit ]  Metaspace       used 64090K, capacity 68777K, committed 68828K, reserved 1107968K
[2022-06-13T01:32:04.815+0000][1][gc,heap,exit ]   class space    used 8602K, capacity 10561K, committed 10608K, reserved 1048576K
[2022-06-13T01:32:04.815+0000][1][safepoint    ] Application time: 0.0068431 seconds
[2022-06-13T01:32:04.815+0000][1][safepoint    ] Entering safepoint region: Exit
