[2022-06-13T03:31:58.886+0000][1][gc] Using Concurrent Mark Sweep
[2022-06-13T03:31:58.887+0000][1][gc,heap,coops] Heap address: 0x00000000f0000000, size: 256 MB, Compressed Oops mode: 32-bit
[2022-06-13T03:31:58.915+0000][1][safepoint    ] Entering safepoint region: EnableBiasedLocking
[2022-06-13T03:31:58.915+0000][1][safepoint    ] Leaving safepoint region
[2022-06-13T03:31:58.915+0000][1][safepoint    ] Total time for which application threads were stopped: 0.0006809 seconds, Stopping threads took: 0.0004365 seconds
[2022-06-13T03:31:58.918+0000][1][safepoint    ] Application time: 0.0018018 seconds
[2022-06-13T03:31:58.918+0000][1][safepoint    ] Entering safepoint region: RevokeBias
[2022-06-13T03:31:58.947+0000][1][safepoint    ] Leaving safepoint region
[2022-06-13T03:31:58.948+0000][1][safepoint    ] Total time for which application threads were stopped: 0.0298892 seconds, Stopping threads took: 0.0293765 seconds
[2022-06-13T03:31:58.955+0000][1][safepoint    ] Application time: 0.0063862 seconds
[2022-06-13T03:31:58.955+0000][1][safepoint    ] Entering safepoint region: Deoptimize
[2022-06-13T03:31:58.955+0000][1][safepoint    ] Leaving safepoint region
[2022-06-13T03:31:58.955+0000][1][safepoint    ] Total time for which application threads were stopped: 0.0005837 seconds, Stopping threads took: 0.0002982 seconds
[2022-06-13T03:31:59.003+0000][1][safepoint    ] Application time: 0.0471954 seconds
[2022-06-13T03:31:59.003+0000][1][safepoint    ] Entering safepoint region: RevokeBias
[2022-06-13T03:31:59.004+0000][1][safepoint    ] Leaving safepoint region
[2022-06-13T03:31:59.004+0000][1][safepoint    ] Total time for which application threads were stopped: 0.0009005 seconds, Stopping threads took: 0.0004673 seconds
[2022-06-13T03:31:59.021+0000][1][safepoint    ] Application time: 0.0160352 seconds
[2022-06-13T03:31:59.021+0000][1][safepoint    ] Entering safepoint region: Deoptimize
[2022-06-13T03:31:59.022+0000][1][safepoint    ] Leaving safepoint region
[2022-06-13T03:31:59.022+0000][1][safepoint    ] Total time for which application threads were stopped: 0.0008225 seconds, Stopping threads took: 0.0003970 seconds
[2022-06-13T03:31:59.188+0000][1][safepoint    ] Application time: 0.1659850 seconds
[2022-06-13T03:31:59.189+0000][1][safepoint    ] Entering safepoint region: Deoptimize
[2022-06-13T03:31:59.189+0000][1][safepoint    ] Leaving safepoint region
[2022-06-13T03:31:59.189+0000][1][safepoint    ] Total time for which application threads were stopped: 0.0007079 seconds, Stopping threads took: 0.0002232 seconds
[2022-06-13T03:31:59.200+0000][1][safepoint    ] Application time: 0.0103266 seconds
[2022-06-13T03:31:59.200+0000][1][safepoint    ] Entering safepoint region: Deoptimize
[2022-06-13T03:31:59.200+0000][1][safepoint    ] Leaving safepoint region
[2022-06-13T03:31:59.200+0000][1][safepoint    ] Total time for which application threads were stopped: 0.0002310 seconds, Stopping threads took: 0.0000825 seconds
[2022-06-13T03:31:59.223+0000][1][safepoint    ] Application time: 0.0221127 seconds
[2022-06-13T03:31:59.223+0000][1][safepoint    ] Entering safepoint region: Deoptimize
[2022-06-13T03:31:59.223+0000][1][safepoint    ] Leaving safepoint region
[2022-06-13T03:31:59.223+0000][1][safepoint    ] Total time for which application threads were stopped: 0.0005502 seconds, Stopping threads took: 0.0002122 seconds
[2022-06-13T03:31:59.232+0000][1][safepoint    ] Application time: 0.0078965 seconds
[2022-06-13T03:31:59.232+0000][1][safepoint    ] Entering safepoint region: Deoptimize
[2022-06-13T03:31:59.232+0000][1][safepoint    ] Leaving safepoint region
[2022-06-13T03:31:59.233+0000][1][safepoint    ] Total time for which application threads were stopped: 0.0005075 seconds, Stopping threads took: 0.0001854 seconds
[2022-06-13T03:31:59.448+0000][1][safepoint    ] Application time: 0.2156003 seconds
[2022-06-13T03:31:59.449+0000][1][safepoint    ] Entering safepoint region: Deoptimize
[2022-06-13T03:31:59.449+0000][1][safepoint    ] Leaving safepoint region
[2022-06-13T03:31:59.449+0000][1][safepoint    ] Total time for which application threads were stopped: 0.0008544 seconds, Stopping threads took: 0.0003472 seconds
[2022-06-13T03:31:59.613+0000][1][safepoint    ] Application time: 0.1627646 seconds
[2022-06-13T03:31:59.613+0000][1][safepoint    ] Entering safepoint region: RevokeBias
[2022-06-13T03:31:59.614+0000][1][safepoint    ] Leaving safepoint region
[2022-06-13T03:31:59.615+0000][1][safepoint    ] Total time for which application threads were stopped: 0.0012929 seconds, Stopping threads took: 0.0006366 seconds
[2022-06-13T03:31:59.675+0000][1][safepoint    ] Application time: 0.0604955 seconds
[2022-06-13T03:31:59.676+0000][1][safepoint    ] Entering safepoint region: Deoptimize
[2022-06-13T03:31:59.676+0000][1][safepoint    ] Leaving safepoint region
[2022-06-13T03:31:59.676+0000][1][safepoint    ] Total time for which application threads were stopped: 0.0003372 seconds, Stopping threads took: 0.0000944 seconds
[2022-06-13T03:31:59.736+0000][1][safepoint    ] Application time: 0.0599543 seconds
[2022-06-13T03:31:59.736+0000][1][safepoint    ] Entering safepoint region: Deoptimize
[2022-06-13T03:31:59.737+0000][1][safepoint    ] Leaving safepoint region
[2022-06-13T03:31:59.737+0000][1][safepoint    ] Total time for which application threads were stopped: 0.0009497 seconds, Stopping threads took: 0.0003136 seconds
[2022-06-13T03:31:59.738+0000][1][safepoint    ] Application time: 0.0002379 seconds
[2022-06-13T03:31:59.738+0000][1][safepoint    ] Entering safepoint region: Deoptimize
[2022-06-13T03:31:59.739+0000][1][safepoint    ] Leaving safepoint region
[2022-06-13T03:31:59.739+0000][1][safepoint    ] Total time for which application threads were stopped: 0.0008161 seconds, Stopping threads took: 0.0004716 seconds
[2022-06-13T03:31:59.759+0000][1][safepoint    ] Application time: 0.0201107 seconds
[2022-06-13T03:31:59.760+0000][1][safepoint    ] Entering safepoint region: Deoptimize
[2022-06-13T03:31:59.760+0000][1][safepoint    ] Leaving safepoint region
[2022-06-13T03:31:59.760+0000][1][safepoint    ] Total time for which application threads were stopped: 0.0006806 seconds, Stopping threads took: 0.0002512 seconds
[2022-06-13T03:31:59.766+0000][1][safepoint    ] Application time: 0.0053274 seconds
[2022-06-13T03:31:59.766+0000][1][safepoint    ] Entering safepoint region: RevokeBias
[2022-06-13T03:31:59.767+0000][1][safepoint    ] Leaving safepoint region
[2022-06-13T03:31:59.767+0000][1][safepoint    ] Total time for which application threads were stopped: 0.0008242 seconds, Stopping threads took: 0.0005026 seconds
[2022-06-13T03:31:59.767+0000][1][safepoint    ] Application time: 0.0001669 seconds
[2022-06-13T03:31:59.768+0000][1][safepoint    ] Entering safepoint region: RevokeBias
[2022-06-13T03:31:59.768+0000][1][safepoint    ] Leaving safepoint region
[2022-06-13T03:31:59.769+0000][1][safepoint    ] Total time for which application threads were stopped: 0.0007025 seconds, Stopping threads took: 0.0003229 seconds
[2022-06-13T03:31:59.769+0000][1][safepoint    ] Application time: 0.0001400 seconds
[2022-06-13T03:31:59.770+0000][1][safepoint    ] Entering safepoint region: RevokeBias
[2022-06-13T03:31:59.770+0000][1][safepoint    ] Leaving safepoint region
[2022-06-13T03:31:59.770+0000][1][safepoint    ] Total time for which application threads were stopped: 0.0006209 seconds, Stopping threads took: 0.0003586 seconds
[2022-06-13T03:31:59.771+0000][1][safepoint    ] Application time: 0.0003883 seconds
[2022-06-13T03:31:59.771+0000][1][safepoint    ] Entering safepoint region: RevokeBias
[2022-06-13T03:31:59.771+0000][1][safepoint    ] Leaving safepoint region
[2022-06-13T03:31:59.771+0000][1][safepoint    ] Total time for which application threads were stopped: 0.0003463 seconds, Stopping threads took: 0.0002050 seconds
[2022-06-13T03:31:59.775+0000][1][safepoint    ] Application time: 0.0034686 seconds
[2022-06-13T03:31:59.775+0000][1][safepoint    ] Entering safepoint region: Deoptimize
[2022-06-13T03:31:59.775+0000][1][safepoint    ] Leaving safepoint region
[2022-06-13T03:31:59.775+0000][1][safepoint    ] Total time for which application threads were stopped: 0.0003969 seconds, Stopping threads took: 0.0001229 seconds
[2022-06-13T03:31:59.825+0000][1][safepoint    ] Application time: 0.0494352 seconds
[2022-06-13T03:31:59.825+0000][1][safepoint    ] Entering safepoint region: GenCollectForAllocation
[2022-06-13T03:31:59.826+0000][1][gc,start     ] GC(0) Pause Young (Allocation Failure)
[2022-06-13T03:31:59.827+0000][1][gc,task      ] GC(0) Using 5 workers of 13 for evacuation
[2022-06-13T03:31:59.833+0000][1][gc,age       ] GC(0) Desired survivor size 4456448 bytes, new threshold 1 (max threshold 6)
[2022-06-13T03:31:59.834+0000][1][gc,age       ] GC(0) Age table with threshold 1 (max threshold 6)
[2022-06-13T03:31:59.834+0000][1][gc,age       ] GC(0) - age   1:    8123952 bytes,    8123952 total
[2022-06-13T03:31:59.835+0000][1][gc,heap      ] GC(0) ParNew: 69952K->8044K(78656K)
[2022-06-13T03:31:59.835+0000][1][gc,heap      ] GC(0) CMS: 0K->0K(174784K)
[2022-06-13T03:31:59.835+0000][1][gc,metaspace ] GC(0) Metaspace: 12270K->12270K(1060864K)
[2022-06-13T03:31:59.836+0000][1][gc           ] GC(0) Pause Young (Allocation Failure) 68M->7M(247M) 9.917ms
[2022-06-13T03:31:59.836+0000][1][gc,cpu       ] GC(0) User=0.06s Sys=0.00s Real=0.01s
[2022-06-13T03:31:59.837+0000][1][safepoint    ] Leaving safepoint region
[2022-06-13T03:31:59.837+0000][1][safepoint    ] Total time for which application threads were stopped: 0.0117302 seconds, Stopping threads took: 0.0004014 seconds
[2022-06-13T03:31:59.838+0000][1][safepoint    ] Application time: 0.0003715 seconds
[2022-06-13T03:31:59.838+0000][1][safepoint    ] Entering safepoint region: RevokeBias
[2022-06-13T03:31:59.838+0000][1][safepoint    ] Leaving safepoint region
[2022-06-13T03:31:59.839+0000][1][safepoint    ] Total time for which application threads were stopped: 0.0007884 seconds, Stopping threads took: 0.0003709 seconds
[2022-06-13T03:31:59.839+0000][1][safepoint    ] Application time: 0.0002173 seconds
[2022-06-13T03:31:59.839+0000][1][safepoint    ] Entering safepoint region: RevokeBias
[2022-06-13T03:31:59.840+0000][1][safepoint    ] Leaving safepoint region
[2022-06-13T03:31:59.840+0000][1][safepoint    ] Total time for which application threads were stopped: 0.0006538 seconds, Stopping threads took: 0.0002808 seconds
[2022-06-13T03:31:59.841+0000][1][safepoint    ] Application time: 0.0002383 seconds
[2022-06-13T03:31:59.841+0000][1][safepoint    ] Entering safepoint region: RevokeBias
[2022-06-13T03:31:59.841+0000][1][safepoint    ] Leaving safepoint region
[2022-06-13T03:31:59.842+0000][1][safepoint    ] Total time for which application threads were stopped: 0.0007648 seconds, Stopping threads took: 0.0003079 seconds
[2022-06-13T03:31:59.842+0000][1][safepoint    ] Application time: 0.0000982 seconds
[2022-06-13T03:31:59.842+0000][1][safepoint    ] Entering safepoint region: RevokeBias
[2022-06-13T03:31:59.842+0000][1][safepoint    ] Leaving safepoint region
[2022-06-13T03:31:59.843+0000][1][safepoint    ] Total time for which application threads were stopped: 0.0005358 seconds, Stopping threads took: 0.0001681 seconds
[2022-06-13T03:31:59.843+0000][1][safepoint    ] Application time: 0.0001515 seconds
[2022-06-13T03:31:59.844+0000][1][safepoint    ] Entering safepoint region: RevokeBias
[2022-06-13T03:31:59.844+0000][1][safepoint    ] Leaving safepoint region
[2022-06-13T03:31:59.844+0000][1][safepoint    ] Total time for which application threads were stopped: 0.0005563 seconds, Stopping threads took: 0.0001312 seconds
[2022-06-13T03:31:59.844+0000][1][safepoint    ] Application time: 0.0001163 seconds
[2022-06-13T03:31:59.845+0000][1][safepoint    ] Entering safepoint region: RevokeBias
[2022-06-13T03:31:59.845+0000][1][safepoint    ] Leaving safepoint region
[2022-06-13T03:31:59.845+0000][1][safepoint    ] Total time for which application threads were stopped: 0.0006675 seconds, Stopping threads took: 0.0002419 seconds
[2022-06-13T03:31:59.846+0000][1][safepoint    ] Application time: 0.0002421 seconds
[2022-06-13T03:31:59.846+0000][1][safepoint    ] Entering safepoint region: RevokeBias
[2022-06-13T03:31:59.847+0000][1][safepoint    ] Leaving safepoint region
[2022-06-13T03:31:59.847+0000][1][safepoint    ] Total time for which application threads were stopped: 0.0009032 seconds, Stopping threads took: 0.0006120 seconds
[2022-06-13T03:31:59.847+0000][1][safepoint    ] Application time: 0.0001156 seconds
[2022-06-13T03:31:59.848+0000][1][safepoint    ] Entering safepoint region: RevokeBias
[2022-06-13T03:31:59.848+0000][1][safepoint    ] Leaving safepoint region
[2022-06-13T03:31:59.848+0000][1][safepoint    ] Total time for which application threads were stopped: 0.0004967 seconds, Stopping threads took: 0.0002670 seconds
[2022-06-13T03:31:59.848+0000][1][safepoint    ] Application time: 0.0001029 seconds
[2022-06-13T03:31:59.849+0000][1][safepoint    ] Entering safepoint region: RevokeBias
[2022-06-13T03:31:59.849+0000][1][safepoint    ] Leaving safepoint region
[2022-06-13T03:31:59.849+0000][1][safepoint    ] Total time for which application threads were stopped: 0.0004353 seconds, Stopping threads took: 0.0001575 seconds
[2022-06-13T03:31:59.850+0000][1][safepoint    ] Application time: 0.0002138 seconds
[2022-06-13T03:31:59.850+0000][1][safepoint    ] Entering safepoint region: RevokeBias
[2022-06-13T03:31:59.851+0000][1][safepoint    ] Leaving safepoint region
[2022-06-13T03:31:59.851+0000][1][safepoint    ] Total time for which application threads were stopped: 0.0009867 seconds, Stopping threads took: 0.0005581 seconds
[2022-06-13T03:31:59.852+0000][1][safepoint    ] Application time: 0.0005625 seconds
[2022-06-13T03:31:59.853+0000][1][safepoint    ] Entering safepoint region: RevokeBias
[2022-06-13T03:31:59.853+0000][1][safepoint    ] Leaving safepoint region
[2022-06-13T03:31:59.853+0000][1][safepoint    ] Total time for which application threads were stopped: 0.0005660 seconds, Stopping threads took: 0.0003715 seconds
[2022-06-13T03:31:59.853+0000][1][safepoint    ] Application time: 0.0001271 seconds
[2022-06-13T03:31:59.854+0000][1][safepoint    ] Entering safepoint region: RevokeBias
[2022-06-13T03:31:59.854+0000][1][safepoint    ] Leaving safepoint region
[2022-06-13T03:31:59.854+0000][1][safepoint    ] Total time for which application threads were stopped: 0.0006147 seconds, Stopping threads took: 0.0002944 seconds
[2022-06-13T03:31:59.854+0000][1][safepoint    ] Application time: 0.0000793 seconds
[2022-06-13T03:31:59.855+0000][1][safepoint    ] Entering safepoint region: RevokeBias
[2022-06-13T03:31:59.855+0000][1][safepoint    ] Leaving safepoint region
[2022-06-13T03:31:59.855+0000][1][safepoint    ] Total time for which application threads were stopped: 0.0005179 seconds, Stopping threads took: 0.0001526 seconds
[2022-06-13T03:31:59.855+0000][1][safepoint    ] Application time: 0.0001157 seconds
[2022-06-13T03:31:59.856+0000][1][safepoint    ] Entering safepoint region: RevokeBias
[2022-06-13T03:31:59.856+0000][1][safepoint    ] Leaving safepoint region
[2022-06-13T03:31:59.856+0000][1][safepoint    ] Total time for which application threads were stopped: 0.0008431 seconds, Stopping threads took: 0.0005390 seconds
[2022-06-13T03:31:59.857+0000][1][safepoint    ] Application time: 0.0001682 seconds
[2022-06-13T03:31:59.857+0000][1][safepoint    ] Entering safepoint region: RevokeBias
[2022-06-13T03:31:59.857+0000][1][safepoint    ] Leaving safepoint region
[2022-06-13T03:31:59.857+0000][1][safepoint    ] Total time for which application threads were stopped: 0.0004383 seconds, Stopping threads took: 0.0002682 seconds
[2022-06-13T03:31:59.858+0000][1][safepoint    ] Application time: 0.0000994 seconds
[2022-06-13T03:31:59.858+0000][1][safepoint    ] Entering safepoint region: RevokeBias
[2022-06-13T03:31:59.858+0000][1][safepoint    ] Leaving safepoint region
[2022-06-13T03:31:59.859+0000][1][safepoint    ] Total time for which application threads were stopped: 0.0007086 seconds, Stopping threads took: 0.0004850 seconds
[2022-06-13T03:31:59.859+0000][1][safepoint    ] Application time: 0.0002028 seconds
[2022-06-13T03:31:59.859+0000][1][safepoint    ] Entering safepoint region: RevokeBias
[2022-06-13T03:31:59.859+0000][1][safepoint    ] Leaving safepoint region
[2022-06-13T03:31:59.860+0000][1][safepoint    ] Total time for which application threads were stopped: 0.0004360 seconds, Stopping threads took: 0.0002513 seconds
[2022-06-13T03:31:59.860+0000][1][safepoint    ] Application time: 0.0000814 seconds
[2022-06-13T03:31:59.860+0000][1][safepoint    ] Entering safepoint region: RevokeBias
[2022-06-13T03:31:59.860+0000][1][safepoint    ] Leaving safepoint region
[2022-06-13T03:31:59.860+0000][1][safepoint    ] Total time for which application threads were stopped: 0.0003316 seconds, Stopping threads took: 0.0001464 seconds
[2022-06-13T03:31:59.861+0000][1][safepoint    ] Application time: 0.0000925 seconds
[2022-06-13T03:31:59.861+0000][1][safepoint    ] Entering safepoint region: RevokeBias
[2022-06-13T03:31:59.861+0000][1][safepoint    ] Leaving safepoint region
[2022-06-13T03:31:59.861+0000][1][safepoint    ] Total time for which application threads were stopped: 0.0005092 seconds, Stopping threads took: 0.0003071 seconds
[2022-06-13T03:31:59.862+0000][1][safepoint    ] Application time: 0.0001020 seconds
[2022-06-13T03:31:59.862+0000][1][safepoint    ] Entering safepoint region: RevokeBias
[2022-06-13T03:31:59.862+0000][1][safepoint    ] Leaving safepoint region
[2022-06-13T03:31:59.862+0000][1][safepoint    ] Total time for which application threads were stopped: 0.0003370 seconds, Stopping threads took: 0.0001574 seconds
[2022-06-13T03:31:59.862+0000][1][safepoint    ] Application time: 0.0001664 seconds
[2022-06-13T03:31:59.863+0000][1][safepoint    ] Entering safepoint region: RevokeBias
[2022-06-13T03:31:59.863+0000][1][safepoint    ] Leaving safepoint region
[2022-06-13T03:31:59.864+0000][1][safepoint    ] Total time for which application threads were stopped: 0.0008303 seconds, Stopping threads took: 0.0003702 seconds
[2022-06-13T03:31:59.864+0000][1][safepoint    ] Application time: 0.0000841 seconds
[2022-06-13T03:31:59.864+0000][1][safepoint    ] Entering safepoint region: RevokeBias
[2022-06-13T03:31:59.864+0000][1][safepoint    ] Leaving safepoint region
[2022-06-13T03:31:59.865+0000][1][safepoint    ] Total time for which application threads were stopped: 0.0004124 seconds, Stopping threads took: 0.0002373 seconds
[2022-06-13T03:31:59.865+0000][1][safepoint    ] Application time: 0.0000896 seconds
[2022-06-13T03:31:59.865+0000][1][safepoint    ] Entering safepoint region: RevokeBias
[2022-06-13T03:31:59.865+0000][1][safepoint    ] Leaving safepoint region
[2022-06-13T03:31:59.865+0000][1][safepoint    ] Total time for which application threads were stopped: 0.0004851 seconds, Stopping threads took: 0.0002399 seconds
[2022-06-13T03:31:59.866+0000][1][safepoint    ] Application time: 0.0001545 seconds
[2022-06-13T03:31:59.866+0000][1][safepoint    ] Entering safepoint region: RevokeBias
[2022-06-13T03:31:59.866+0000][1][safepoint    ] Leaving safepoint region
[2022-06-13T03:31:59.867+0000][1][safepoint    ] Total time for which application threads were stopped: 0.0004859 seconds, Stopping threads took: 0.0002547 seconds
[2022-06-13T03:31:59.867+0000][1][safepoint    ] Application time: 0.0001201 seconds
[2022-06-13T03:31:59.867+0000][1][safepoint    ] Entering safepoint region: RevokeBias
[2022-06-13T03:31:59.867+0000][1][safepoint    ] Leaving safepoint region
[2022-06-13T03:31:59.867+0000][1][safepoint    ] Total time for which application threads were stopped: 0.0004483 seconds, Stopping threads took: 0.0001413 seconds
[2022-06-13T03:31:59.868+0000][1][safepoint    ] Application time: 0.0001308 seconds
[2022-06-13T03:31:59.868+0000][1][safepoint    ] Entering safepoint region: RevokeBias
[2022-06-13T03:31:59.868+0000][1][safepoint    ] Leaving safepoint region
[2022-06-13T03:31:59.868+0000][1][safepoint    ] Total time for which application threads were stopped: 0.0003742 seconds, Stopping threads took: 0.0002335 seconds
[2022-06-13T03:32:00.006+0000][1][safepoint    ] Application time: 0.1374722 seconds
[2022-06-13T03:32:00.006+0000][1][safepoint    ] Entering safepoint region: Deoptimize
[2022-06-13T03:32:00.007+0000][1][safepoint    ] Leaving safepoint region
[2022-06-13T03:32:00.007+0000][1][safepoint    ] Total time for which application threads were stopped: 0.0006178 seconds, Stopping threads took: 0.0001121 seconds
[2022-06-13T03:32:00.135+0000][1][safepoint    ] Application time: 0.1279621 seconds
[2022-06-13T03:32:00.135+0000][1][safepoint    ] Entering safepoint region: RevokeBias
[2022-06-13T03:32:00.136+0000][1][safepoint    ] Leaving safepoint region
[2022-06-13T03:32:00.136+0000][1][safepoint    ] Total time for which application threads were stopped: 0.0006097 seconds, Stopping threads took: 0.0002406 seconds
[2022-06-13T03:32:00.193+0000][1][safepoint    ] Application time: 0.0568774 seconds
[2022-06-13T03:32:00.193+0000][1][safepoint    ] Entering safepoint region: RevokeBias
[2022-06-13T03:32:00.193+0000][1][safepoint    ] Leaving safepoint region
[2022-06-13T03:32:00.194+0000][1][safepoint    ] Total time for which application threads were stopped: 0.0004595 seconds, Stopping threads took: 0.0001957 seconds
[2022-06-13T03:32:00.196+0000][1][safepoint    ] Application time: 0.0018393 seconds
[2022-06-13T03:32:00.196+0000][1][safepoint    ] Entering safepoint region: RevokeBias
[2022-06-13T03:32:00.196+0000][1][safepoint    ] Leaving safepoint region
[2022-06-13T03:32:00.196+0000][1][safepoint    ] Total time for which application threads were stopped: 0.0003180 seconds, Stopping threads took: 0.0001620 seconds
[2022-06-13T03:32:00.209+0000][1][safepoint    ] Application time: 0.0129014 seconds
[2022-06-13T03:32:00.210+0000][1][safepoint    ] Entering safepoint region: GenCollectForAllocation
[2022-06-13T03:32:00.210+0000][1][gc,start     ] GC(1) Pause Young (Allocation Failure)
[2022-06-13T03:32:00.210+0000][1][gc,task      ] GC(1) Using 5 workers of 13 for evacuation
[2022-06-13T03:32:00.221+0000][1][gc,age       ] GC(1) Desired survivor size 4456448 bytes, new threshold 6 (max threshold 6)
[2022-06-13T03:32:00.222+0000][1][gc,age       ] GC(1) Age table with threshold 6 (max threshold 6)
[2022-06-13T03:32:00.222+0000][1][gc,age       ] GC(1) - age   1:    1989080 bytes,    1989080 total
[2022-06-13T03:32:00.222+0000][1][gc,heap      ] GC(1) ParNew: 77996K->6441K(78656K)
[2022-06-13T03:32:00.222+0000][1][gc,heap      ] GC(1) CMS: 0K->6665K(174784K)
[2022-06-13T03:32:00.222+0000][1][gc,metaspace ] GC(1) Metaspace: 14885K->14885K(1062912K)
[2022-06-13T03:32:00.222+0000][1][gc           ] GC(1) Pause Young (Allocation Failure) 76M->12M(247M) 12.587ms
[2022-06-13T03:32:00.222+0000][1][gc,cpu       ] GC(1) User=0.06s Sys=0.00s Real=0.01s
[2022-06-13T03:32:00.223+0000][1][safepoint    ] Leaving safepoint region
[2022-06-13T03:32:00.223+0000][1][safepoint    ] Total time for which application threads were stopped: 0.0132026 seconds, Stopping threads took: 0.0001577 seconds
[2022-06-13T03:32:00.223+0000][1][safepoint    ] Application time: 0.0002679 seconds
[2022-06-13T03:32:00.223+0000][1][safepoint    ] Entering safepoint region: RevokeBias
[2022-06-13T03:32:00.224+0000][1][safepoint    ] Leaving safepoint region
[2022-06-13T03:32:00.224+0000][1][safepoint    ] Total time for which application threads were stopped: 0.0005270 seconds, Stopping threads took: 0.0002647 seconds
[2022-06-13T03:32:00.224+0000][1][safepoint    ] Application time: 0.0001058 seconds
[2022-06-13T03:32:00.224+0000][1][safepoint    ] Entering safepoint region: RevokeBias
[2022-06-13T03:32:00.224+0000][1][safepoint    ] Leaving safepoint region
[2022-06-13T03:32:00.225+0000][1][safepoint    ] Total time for which application threads were stopped: 0.0003749 seconds, Stopping threads took: 0.0001997 seconds
[2022-06-13T03:32:00.225+0000][1][safepoint    ] Application time: 0.0000947 seconds
[2022-06-13T03:32:00.225+0000][1][safepoint    ] Entering safepoint region: RevokeBias
[2022-06-13T03:32:00.225+0000][1][safepoint    ] Leaving safepoint region
[2022-06-13T03:32:00.225+0000][1][safepoint    ] Total time for which application threads were stopped: 0.0003172 seconds, Stopping threads took: 0.0001498 seconds
[2022-06-13T03:32:00.225+0000][1][safepoint    ] Application time: 0.0000849 seconds
[2022-06-13T03:32:00.226+0000][1][safepoint    ] Entering safepoint region: RevokeBias
[2022-06-13T03:32:00.226+0000][1][safepoint    ] Leaving safepoint region
[2022-06-13T03:32:00.226+0000][1][safepoint    ] Total time for which application threads were stopped: 0.0002756 seconds, Stopping threads took: 0.0001429 seconds
[2022-06-13T03:32:00.226+0000][1][safepoint    ] Application time: 0.0001061 seconds
[2022-06-13T03:32:00.226+0000][1][safepoint    ] Entering safepoint region: RevokeBias
[2022-06-13T03:32:00.226+0000][1][safepoint    ] Leaving safepoint region
[2022-06-13T03:32:00.227+0000][1][safepoint    ] Total time for which application threads were stopped: 0.0002514 seconds, Stopping threads took: 0.0001136 seconds
[2022-06-13T03:32:00.227+0000][1][safepoint    ] Application time: 0.0001103 seconds
[2022-06-13T03:32:00.227+0000][1][safepoint    ] Entering safepoint region: RevokeBias
[2022-06-13T03:32:00.227+0000][1][safepoint    ] Leaving safepoint region
[2022-06-13T03:32:00.227+0000][1][safepoint    ] Total time for which application threads were stopped: 0.0004226 seconds, Stopping threads took: 0.0002295 seconds
[2022-06-13T03:32:00.228+0000][1][safepoint    ] Application time: 0.0001095 seconds
[2022-06-13T03:32:00.228+0000][1][safepoint    ] Entering safepoint region: RevokeBias
[2022-06-13T03:32:00.228+0000][1][safepoint    ] Leaving safepoint region
[2022-06-13T03:32:00.229+0000][1][safepoint    ] Total time for which application threads were stopped: 0.0009908 seconds, Stopping threads took: 0.0004994 seconds
[2022-06-13T03:32:00.229+0000][1][safepoint    ] Application time: 0.0001193 seconds
[2022-06-13T03:32:00.229+0000][1][safepoint    ] Entering safepoint region: RevokeBias
[2022-06-13T03:32:00.230+0000][1][safepoint    ] Leaving safepoint region
[2022-06-13T03:32:00.230+0000][1][safepoint    ] Total time for which application threads were stopped: 0.0003936 seconds, Stopping threads took: 0.0001868 seconds
[2022-06-13T03:32:00.230+0000][1][safepoint    ] Application time: 0.0000968 seconds
[2022-06-13T03:32:00.230+0000][1][safepoint    ] Entering safepoint region: RevokeBias
[2022-06-13T03:32:00.230+0000][1][safepoint    ] Leaving safepoint region
[2022-06-13T03:32:00.230+0000][1][safepoint    ] Total time for which application threads were stopped: 0.0002844 seconds, Stopping threads took: 0.0001413 seconds
[2022-06-13T03:32:00.231+0000][1][safepoint    ] Application time: 0.0000756 seconds
[2022-06-13T03:32:00.231+0000][1][safepoint    ] Entering safepoint region: RevokeBias
[2022-06-13T03:32:00.231+0000][1][safepoint    ] Leaving safepoint region
[2022-06-13T03:32:00.231+0000][1][safepoint    ] Total time for which application threads were stopped: 0.0003382 seconds, Stopping threads took: 0.0001586 seconds
[2022-06-13T03:32:00.231+0000][1][safepoint    ] Application time: 0.0000808 seconds
[2022-06-13T03:32:00.231+0000][1][safepoint    ] Entering safepoint region: BulkRevokeBias
[2022-06-13T03:32:00.231+0000][1][safepoint    ] Leaving safepoint region
[2022-06-13T03:32:00.232+0000][1][safepoint    ] Total time for which application threads were stopped: 0.0002878 seconds, Stopping threads took: 0.0001321 seconds
[2022-06-13T03:32:00.232+0000][1][safepoint    ] Application time: 0.0000823 seconds
[2022-06-13T03:32:00.232+0000][1][safepoint    ] Entering safepoint region: RevokeBias
[2022-06-13T03:32:00.232+0000][1][safepoint    ] Leaving safepoint region
[2022-06-13T03:32:00.232+0000][1][safepoint    ] Total time for which application threads were stopped: 0.0002523 seconds, Stopping threads took: 0.0001256 seconds
[2022-06-13T03:32:00.232+0000][1][safepoint    ] Application time: 0.0000907 seconds
[2022-06-13T03:32:00.232+0000][1][safepoint    ] Entering safepoint region: BulkRevokeBias
[2022-06-13T03:32:00.233+0000][1][safepoint    ] Leaving safepoint region
[2022-06-13T03:32:00.233+0000][1][safepoint    ] Total time for which application threads were stopped: 0.0002715 seconds, Stopping threads took: 0.0001188 seconds
[2022-06-13T03:32:00.333+0000][1][safepoint    ] Application time: 0.1004212 seconds
[2022-06-13T03:32:00.334+0000][1][safepoint    ] Entering safepoint region: GenCollectForAllocation
[2022-06-13T03:32:00.334+0000][1][gc,start     ] GC(2) Pause Young (Allocation Failure)
[2022-06-13T03:32:00.334+0000][1][gc,task      ] GC(2) Using 5 workers of 13 for evacuation
[2022-06-13T03:32:00.337+0000][1][gc,age       ] GC(2) Desired survivor size 4456448 bytes, new threshold 6 (max threshold 6)
[2022-06-13T03:32:00.337+0000][1][gc,age       ] GC(2) Age table with threshold 6 (max threshold 6)
[2022-06-13T03:32:00.337+0000][1][gc,age       ] GC(2) - age   1:    2590784 bytes,    2590784 total
[2022-06-13T03:32:00.337+0000][1][gc,age       ] GC(2) - age   2:    1183072 bytes,    3773856 total
[2022-06-13T03:32:00.338+0000][1][gc,heap      ] GC(2) ParNew: 76393K->4751K(78656K)
[2022-06-13T03:32:00.338+0000][1][gc,heap      ] GC(2) CMS: 6665K->6665K(174784K)
[2022-06-13T03:32:00.338+0000][1][gc,metaspace ] GC(2) Metaspace: 15023K->15023K(1062912K)
[2022-06-13T03:32:00.338+0000][1][gc           ] GC(2) Pause Young (Allocation Failure) 81M->11M(247M) 4.303ms
[2022-06-13T03:32:00.338+0000][1][gc,cpu       ] GC(2) User=0.01s Sys=0.01s Real=0.00s
[2022-06-13T03:32:00.338+0000][1][safepoint    ] Leaving safepoint region
[2022-06-13T03:32:00.339+0000][1][safepoint    ] Total time for which application threads were stopped: 0.0049977 seconds, Stopping threads took: 0.0001524 seconds
[2022-06-13T03:32:00.339+0000][1][safepoint    ] Application time: 0.0002493 seconds
[2022-06-13T03:32:00.339+0000][1][safepoint    ] Entering safepoint region: RevokeBias
[2022-06-13T03:32:00.339+0000][1][safepoint    ] Leaving safepoint region
[2022-06-13T03:32:00.340+0000][1][safepoint    ] Total time for which application threads were stopped: 0.0004109 seconds, Stopping threads took: 0.0001847 seconds
[2022-06-13T03:32:00.340+0000][1][safepoint    ] Application time: 0.0001003 seconds
[2022-06-13T03:32:00.340+0000][1][safepoint    ] Entering safepoint region: RevokeBias
[2022-06-13T03:32:00.340+0000][1][safepoint    ] Leaving safepoint region
[2022-06-13T03:32:00.341+0000][1][safepoint    ] Total time for which application threads were stopped: 0.0004837 seconds, Stopping threads took: 0.0001733 seconds
[2022-06-13T03:32:00.341+0000][1][safepoint    ] Application time: 0.0001381 seconds
[2022-06-13T03:32:00.341+0000][1][safepoint    ] Entering safepoint region: RevokeBias
[2022-06-13T03:32:00.341+0000][1][safepoint    ] Leaving safepoint region
[2022-06-13T03:32:00.341+0000][1][safepoint    ] Total time for which application threads were stopped: 0.0004380 seconds, Stopping threads took: 0.0001967 seconds
[2022-06-13T03:32:00.342+0000][1][safepoint    ] Application time: 0.0001028 seconds
[2022-06-13T03:32:00.342+0000][1][safepoint    ] Entering safepoint region: RevokeBias
[2022-06-13T03:32:00.342+0000][1][safepoint    ] Leaving safepoint region
[2022-06-13T03:32:00.342+0000][1][safepoint    ] Total time for which application threads were stopped: 0.0003688 seconds, Stopping threads took: 0.0001634 seconds
[2022-06-13T03:32:00.342+0000][1][safepoint    ] Application time: 0.0001041 seconds
[2022-06-13T03:32:00.343+0000][1][safepoint    ] Entering safepoint region: RevokeBias
[2022-06-13T03:32:00.343+0000][1][safepoint    ] Leaving safepoint region
[2022-06-13T03:32:00.343+0000][1][safepoint    ] Total time for which application threads were stopped: 0.0003766 seconds, Stopping threads took: 0.0001763 seconds
[2022-06-13T03:32:00.343+0000][1][safepoint    ] Application time: 0.0001117 seconds
[2022-06-13T03:32:00.343+0000][1][safepoint    ] Entering safepoint region: RevokeBias
[2022-06-13T03:32:00.344+0000][1][safepoint    ] Leaving safepoint region
[2022-06-13T03:32:00.344+0000][1][safepoint    ] Total time for which application threads were stopped: 0.0003833 seconds, Stopping threads took: 0.0001706 seconds
[2022-06-13T03:32:00.441+0000][1][safepoint    ] Application time: 0.0975267 seconds
[2022-06-13T03:32:00.442+0000][1][safepoint    ] Entering safepoint region: Deoptimize
[2022-06-13T03:32:00.442+0000][1][safepoint    ] Leaving safepoint region
[2022-06-13T03:32:00.443+0000][1][safepoint    ] Total time for which application threads were stopped: 0.0007645 seconds, Stopping threads took: 0.0001975 seconds
[2022-06-13T03:32:00.443+0000][1][safepoint    ] Application time: 0.0005463 seconds
[2022-06-13T03:32:00.443+0000][1][safepoint    ] Entering safepoint region: Deoptimize
[2022-06-13T03:32:00.444+0000][1][safepoint    ] Leaving safepoint region
[2022-06-13T03:32:00.444+0000][1][safepoint    ] Total time for which application threads were stopped: 0.0006579 seconds, Stopping threads took: 0.0001781 seconds
[2022-06-13T03:32:00.553+0000][1][safepoint    ] Application time: 0.1084566 seconds
[2022-06-13T03:32:00.553+0000][1][safepoint    ] Entering safepoint region: GenCollectForAllocation
[2022-06-13T03:32:00.553+0000][1][gc,start     ] GC(3) Pause Young (Allocation Failure)
[2022-06-13T03:32:00.553+0000][1][gc,task      ] GC(3) Using 5 workers of 13 for evacuation
[2022-06-13T03:32:00.555+0000][1][gc,age       ] GC(3) Desired survivor size 4456448 bytes, new threshold 3 (max threshold 6)
[2022-06-13T03:32:00.556+0000][1][gc,age       ] GC(3) Age table with threshold 3 (max threshold 6)
[2022-06-13T03:32:00.556+0000][1][gc,age       ] GC(3) - age   1:    3266976 bytes,    3266976 total
[2022-06-13T03:32:00.556+0000][1][gc,age       ] GC(3) - age   2:     294136 bytes,    3561112 total
[2022-06-13T03:32:00.556+0000][1][gc,age       ] GC(3) - age   3:    1179768 bytes,    4740880 total
[2022-06-13T03:32:00.556+0000][1][gc,heap      ] GC(3) ParNew: 74703K->6447K(78656K)
[2022-06-13T03:32:00.556+0000][1][gc,heap      ] GC(3) CMS: 6665K->6665K(174784K)
[2022-06-13T03:32:00.557+0000][1][gc,metaspace ] GC(3) Metaspace: 18253K->18253K(1067008K)
[2022-06-13T03:32:00.557+0000][1][gc           ] GC(3) Pause Young (Allocation Failure) 79M->12M(247M) 3.552ms
[2022-06-13T03:32:00.557+0000][1][gc,cpu       ] GC(3) User=0.01s Sys=0.01s Real=0.00s
[2022-06-13T03:32:00.557+0000][1][safepoint    ] Leaving safepoint region
[2022-06-13T03:32:00.557+0000][1][safepoint    ] Total time for which application threads were stopped: 0.0041239 seconds, Stopping threads took: 0.0001471 seconds
[2022-06-13T03:32:00.557+0000][1][safepoint    ] Application time: 0.0002054 seconds
[2022-06-13T03:32:00.558+0000][1][safepoint    ] Entering safepoint region: RevokeBias
[2022-06-13T03:32:00.558+0000][1][safepoint    ] Leaving safepoint region
[2022-06-13T03:32:00.558+0000][1][safepoint    ] Total time for which application threads were stopped: 0.0006470 seconds, Stopping threads took: 0.0002761 seconds
[2022-06-13T03:32:00.558+0000][1][safepoint    ] Application time: 0.0000965 seconds
[2022-06-13T03:32:00.559+0000][1][safepoint    ] Entering safepoint region: RevokeBias
[2022-06-13T03:32:00.559+0000][1][safepoint    ] Leaving safepoint region
[2022-06-13T03:32:00.559+0000][1][safepoint    ] Total time for which application threads were stopped: 0.0004868 seconds, Stopping threads took: 0.0003201 seconds
[2022-06-13T03:32:00.559+0000][1][safepoint    ] Application time: 0.0001165 seconds
[2022-06-13T03:32:00.559+0000][1][safepoint    ] Entering safepoint region: RevokeBias
[2022-06-13T03:32:00.559+0000][1][safepoint    ] Leaving safepoint region
[2022-06-13T03:32:00.560+0000][1][safepoint    ] Total time for which application threads were stopped: 0.0002904 seconds, Stopping threads took: 0.0001438 seconds
[2022-06-13T03:32:00.560+0000][1][safepoint    ] Application time: 0.0000711 seconds
[2022-06-13T03:32:00.560+0000][1][safepoint    ] Entering safepoint region: RevokeBias
[2022-06-13T03:32:00.560+0000][1][safepoint    ] Leaving safepoint region
[2022-06-13T03:32:00.560+0000][1][safepoint    ] Total time for which application threads were stopped: 0.0003018 seconds, Stopping threads took: 0.0001573 seconds
[2022-06-13T03:32:00.560+0000][1][safepoint    ] Application time: 0.0001200 seconds
[2022-06-13T03:32:00.561+0000][1][safepoint    ] Entering safepoint region: RevokeBias
[2022-06-13T03:32:00.561+0000][1][safepoint    ] Leaving safepoint region
[2022-06-13T03:32:00.561+0000][1][safepoint    ] Total time for which application threads were stopped: 0.0003410 seconds, Stopping threads took: 0.0001382 seconds
[2022-06-13T03:32:00.561+0000][1][safepoint    ] Application time: 0.0000664 seconds
[2022-06-13T03:32:00.561+0000][1][safepoint    ] Entering safepoint region: RevokeBias
[2022-06-13T03:32:00.561+0000][1][safepoint    ] Leaving safepoint region
[2022-06-13T03:32:00.561+0000][1][safepoint    ] Total time for which application threads were stopped: 0.0003715 seconds, Stopping threads took: 0.0001713 seconds
[2022-06-13T03:32:00.562+0000][1][safepoint    ] Application time: 0.0000924 seconds
[2022-06-13T03:32:00.562+0000][1][safepoint    ] Entering safepoint region: RevokeBias
[2022-06-13T03:32:00.562+0000][1][safepoint    ] Leaving safepoint region
[2022-06-13T03:32:00.562+0000][1][safepoint    ] Total time for which application threads were stopped: 0.0003421 seconds, Stopping threads took: 0.0001628 seconds
[2022-06-13T03:32:00.562+0000][1][safepoint    ] Application time: 0.0000820 seconds
[2022-06-13T03:32:00.563+0000][1][safepoint    ] Entering safepoint region: RevokeBias
[2022-06-13T03:32:00.563+0000][1][safepoint    ] Leaving safepoint region
[2022-06-13T03:32:00.563+0000][1][safepoint    ] Total time for which application threads were stopped: 0.0003238 seconds, Stopping threads took: 0.0001514 seconds
[2022-06-13T03:32:00.563+0000][1][safepoint    ] Application time: 0.0000791 seconds
[2022-06-13T03:32:00.563+0000][1][safepoint    ] Entering safepoint region: RevokeBias
[2022-06-13T03:32:00.563+0000][1][safepoint    ] Leaving safepoint region
[2022-06-13T03:32:00.564+0000][1][safepoint    ] Total time for which application threads were stopped: 0.0003636 seconds, Stopping threads took: 0.0001778 seconds
[2022-06-13T03:32:00.564+0000][1][safepoint    ] Application time: 0.0000656 seconds
[2022-06-13T03:32:00.564+0000][1][safepoint    ] Entering safepoint region: RevokeBias
[2022-06-13T03:32:00.565+0000][1][safepoint    ] Leaving safepoint region
[2022-06-13T03:32:00.565+0000][1][safepoint    ] Total time for which application threads were stopped: 0.0007768 seconds, Stopping threads took: 0.0006172 seconds
[2022-06-13T03:32:00.565+0000][1][safepoint    ] Application time: 0.0001196 seconds
[2022-06-13T03:32:00.565+0000][1][safepoint    ] Entering safepoint region: RevokeBias
[2022-06-13T03:32:00.565+0000][1][safepoint    ] Leaving safepoint region
[2022-06-13T03:32:00.566+0000][1][safepoint    ] Total time for which application threads were stopped: 0.0004480 seconds, Stopping threads took: 0.0002925 seconds
[2022-06-13T03:32:00.566+0000][1][safepoint    ] Application time: 0.0000705 seconds
[2022-06-13T03:32:00.566+0000][1][safepoint    ] Entering safepoint region: RevokeBias
[2022-06-13T03:32:00.566+0000][1][safepoint    ] Leaving safepoint region
[2022-06-13T03:32:00.566+0000][1][safepoint    ] Total time for which application threads were stopped: 0.0003367 seconds, Stopping threads took: 0.0001782 seconds
[2022-06-13T03:32:00.566+0000][1][safepoint    ] Application time: 0.0000917 seconds
[2022-06-13T03:32:00.567+0000][1][safepoint    ] Entering safepoint region: RevokeBias
[2022-06-13T03:32:00.567+0000][1][safepoint    ] Leaving safepoint region
[2022-06-13T03:32:00.567+0000][1][safepoint    ] Total time for which application threads were stopped: 0.0002622 seconds, Stopping threads took: 0.0001214 seconds
[2022-06-13T03:32:00.567+0000][1][safepoint    ] Application time: 0.0000780 seconds
[2022-06-13T03:32:00.567+0000][1][safepoint    ] Entering safepoint region: RevokeBias
[2022-06-13T03:32:00.567+0000][1][safepoint    ] Leaving safepoint region
[2022-06-13T03:32:00.568+0000][1][safepoint    ] Total time for which application threads were stopped: 0.0005305 seconds, Stopping threads took: 0.0003822 seconds
[2022-06-13T03:32:00.568+0000][1][safepoint    ] Application time: 0.0000693 seconds
[2022-06-13T03:32:00.568+0000][1][safepoint    ] Entering safepoint region: RevokeBias
[2022-06-13T03:32:00.568+0000][1][safepoint    ] Leaving safepoint region
[2022-06-13T03:32:00.568+0000][1][safepoint    ] Total time for which application threads were stopped: 0.0003709 seconds, Stopping threads took: 0.0001659 seconds
[2022-06-13T03:32:00.569+0000][1][safepoint    ] Application time: 0.0000801 seconds
[2022-06-13T03:32:00.569+0000][1][safepoint    ] Entering safepoint region: RevokeBias
[2022-06-13T03:32:00.569+0000][1][safepoint    ] Leaving safepoint region
[2022-06-13T03:32:00.569+0000][1][safepoint    ] Total time for which application threads were stopped: 0.0002805 seconds, Stopping threads took: 0.0001405 seconds
[2022-06-13T03:32:00.569+0000][1][safepoint    ] Application time: 0.0000867 seconds
[2022-06-13T03:32:00.570+0000][1][safepoint    ] Entering safepoint region: RevokeBias
[2022-06-13T03:32:00.570+0000][1][safepoint    ] Leaving safepoint region
[2022-06-13T03:32:00.570+0000][1][safepoint    ] Total time for which application threads were stopped: 0.0005551 seconds, Stopping threads took: 0.0004078 seconds
[2022-06-13T03:32:00.570+0000][1][safepoint    ] Application time: 0.0000911 seconds
[2022-06-13T03:32:00.570+0000][1][safepoint    ] Entering safepoint region: RevokeBias
[2022-06-13T03:32:00.570+0000][1][safepoint    ] Leaving safepoint region
[2022-06-13T03:32:00.570+0000][1][safepoint    ] Total time for which application threads were stopped: 0.0002464 seconds, Stopping threads took: 0.0001071 seconds
[2022-06-13T03:32:00.571+0000][1][safepoint    ] Application time: 0.0000752 seconds
[2022-06-13T03:32:00.571+0000][1][safepoint    ] Entering safepoint region: RevokeBias
[2022-06-13T03:32:00.571+0000][1][safepoint    ] Leaving safepoint region
[2022-06-13T03:32:00.571+0000][1][safepoint    ] Total time for which application threads were stopped: 0.0005097 seconds, Stopping threads took: 0.0002946 seconds
[2022-06-13T03:32:00.571+0000][1][safepoint    ] Application time: 0.0000936 seconds
[2022-06-13T03:32:00.572+0000][1][safepoint    ] Entering safepoint region: RevokeBias
[2022-06-13T03:32:00.572+0000][1][safepoint    ] Leaving safepoint region
[2022-06-13T03:32:00.572+0000][1][safepoint    ] Total time for which application threads were stopped: 0.0003339 seconds, Stopping threads took: 0.0001589 seconds
[2022-06-13T03:32:00.572+0000][1][safepoint    ] Application time: 0.0000770 seconds
[2022-06-13T03:32:00.572+0000][1][safepoint    ] Entering safepoint region: RevokeBias
[2022-06-13T03:32:00.572+0000][1][safepoint    ] Leaving safepoint region
[2022-06-13T03:32:00.572+0000][1][safepoint    ] Total time for which application threads were stopped: 0.0002527 seconds, Stopping threads took: 0.0001251 seconds
[2022-06-13T03:32:00.661+0000][1][safepoint    ] Application time: 0.0883625 seconds
[2022-06-13T03:32:00.661+0000][1][safepoint    ] Entering safepoint region: GenCollectForAllocation
[2022-06-13T03:32:00.662+0000][1][gc,start     ] GC(4) Pause Young (Allocation Failure)
[2022-06-13T03:32:00.662+0000][1][gc,task      ] GC(4) Using 5 workers of 13 for evacuation
[2022-06-13T03:32:00.665+0000][1][gc,age       ] GC(4) Desired survivor size 4456448 bytes, new threshold 3 (max threshold 6)
[2022-06-13T03:32:00.665+0000][1][gc,age       ] GC(4) Age table with threshold 3 (max threshold 6)
[2022-06-13T03:32:00.665+0000][1][gc,age       ] GC(4) - age   1:    1188920 bytes,    1188920 total
[2022-06-13T03:32:00.665+0000][1][gc,age       ] GC(4) - age   2:    3197168 bytes,    4386088 total
[2022-06-13T03:32:00.665+0000][1][gc,age       ] GC(4) - age   3:     293608 bytes,    4679696 total
[2022-06-13T03:32:00.665+0000][1][gc,heap      ] GC(4) ParNew: 76399K->6962K(78656K)
[2022-06-13T03:32:00.665+0000][1][gc,heap      ] GC(4) CMS: 6665K->7835K(174784K)
[2022-06-13T03:32:00.665+0000][1][gc,metaspace ] GC(4) Metaspace: 18731K->18731K(1067008K)
[2022-06-13T03:32:00.666+0000][1][gc           ] GC(4) Pause Young (Allocation Failure) 81M->14M(247M) 3.993ms
[2022-06-13T03:32:00.666+0000][1][gc,cpu       ] GC(4) User=0.02s Sys=0.00s Real=0.00s
[2022-06-13T03:32:00.666+0000][1][safepoint    ] Leaving safepoint region
[2022-06-13T03:32:00.666+0000][1][safepoint    ] Total time for which application threads were stopped: 0.0045905 seconds, Stopping threads took: 0.0001615 seconds
[2022-06-13T03:32:00.666+0000][1][safepoint    ] Application time: 0.0002232 seconds
[2022-06-13T03:32:00.666+0000][1][safepoint    ] Entering safepoint region: RevokeBias
[2022-06-13T03:32:00.666+0000][1][safepoint    ] Leaving safepoint region
[2022-06-13T03:32:00.667+0000][1][safepoint    ] Total time for which application threads were stopped: 0.0003500 seconds, Stopping threads took: 0.0002007 seconds
[2022-06-13T03:32:00.667+0000][1][safepoint    ] Application time: 0.0000906 seconds
[2022-06-13T03:32:00.667+0000][1][safepoint    ] Entering safepoint region: RevokeBias
[2022-06-13T03:32:00.667+0000][1][safepoint    ] Leaving safepoint region
[2022-06-13T03:32:00.667+0000][1][safepoint    ] Total time for which application threads were stopped: 0.0002596 seconds, Stopping threads took: 0.0001294 seconds
[2022-06-13T03:32:00.667+0000][1][safepoint    ] Application time: 0.0000975 seconds
[2022-06-13T03:32:00.668+0000][1][safepoint    ] Entering safepoint region: RevokeBias
[2022-06-13T03:32:00.668+0000][1][safepoint    ] Leaving safepoint region
[2022-06-13T03:32:00.668+0000][1][safepoint    ] Total time for which application threads were stopped: 0.0003836 seconds, Stopping threads took: 0.0001734 seconds
[2022-06-13T03:32:00.668+0000][1][safepoint    ] Application time: 0.0000731 seconds
[2022-06-13T03:32:00.668+0000][1][safepoint    ] Entering safepoint region: RevokeBias
[2022-06-13T03:32:00.668+0000][1][safepoint    ] Leaving safepoint region
[2022-06-13T03:32:00.669+0000][1][safepoint    ] Total time for which application threads were stopped: 0.0003320 seconds, Stopping threads took: 0.0001765 seconds
[2022-06-13T03:32:00.683+0000][1][safepoint    ] Application time: 0.0148034 seconds
[2022-06-13T03:32:00.684+0000][1][safepoint    ] Entering safepoint region: Deoptimize
[2022-06-13T03:32:00.684+0000][1][safepoint    ] Leaving safepoint region
[2022-06-13T03:32:00.684+0000][1][safepoint    ] Total time for which application threads were stopped: 0.0005730 seconds, Stopping threads took: 0.0001160 seconds
[2022-06-13T03:32:00.708+0000][1][safepoint    ] Application time: 0.0231761 seconds
[2022-06-13T03:32:00.708+0000][1][safepoint    ] Entering safepoint region: Deoptimize
[2022-06-13T03:32:00.708+0000][1][safepoint    ] Leaving safepoint region
[2022-06-13T03:32:00.708+0000][1][safepoint    ] Total time for which application threads were stopped: 0.0005973 seconds, Stopping threads took: 0.0001071 seconds
[2022-06-13T03:32:00.762+0000][1][safepoint    ] Application time: 0.0539180 seconds
[2022-06-13T03:32:00.763+0000][1][safepoint    ] Entering safepoint region: GenCollectForAllocation
[2022-06-13T03:32:00.763+0000][1][gc,start     ] GC(5) Pause Young (Allocation Failure)
[2022-06-13T03:32:00.763+0000][1][gc,task      ] GC(5) Using 5 workers of 13 for evacuation
[2022-06-13T03:32:00.766+0000][1][gc,age       ] GC(5) Desired survivor size 4456448 bytes, new threshold 3 (max threshold 6)
[2022-06-13T03:32:00.766+0000][1][gc,age       ] GC(5) Age table with threshold 3 (max threshold 6)
[2022-06-13T03:32:00.766+0000][1][gc,age       ] GC(5) - age   1:    2187216 bytes,    2187216 total
[2022-06-13T03:32:00.766+0000][1][gc,age       ] GC(5) - age   2:     580136 bytes,    2767352 total
[2022-06-13T03:32:00.766+0000][1][gc,age       ] GC(5) - age   3:    3192952 bytes,    5960304 total
[2022-06-13T03:32:00.766+0000][1][gc,heap      ] GC(5) ParNew: 76914K->7211K(78656K)
[2022-06-13T03:32:00.767+0000][1][gc,heap      ] GC(5) CMS: 7835K->8125K(174784K)
[2022-06-13T03:32:00.767+0000][1][gc,metaspace ] GC(5) Metaspace: 19039K->19039K(1067008K)
[2022-06-13T03:32:00.767+0000][1][gc           ] GC(5) Pause Young (Allocation Failure) 82M->14M(247M) 3.930ms
[2022-06-13T03:32:00.767+0000][1][gc,cpu       ] GC(5) User=0.02s Sys=0.00s Real=0.00s
[2022-06-13T03:32:00.767+0000][1][safepoint    ] Leaving safepoint region
[2022-06-13T03:32:00.767+0000][1][safepoint    ] Total time for which application threads were stopped: 0.0046101 seconds, Stopping threads took: 0.0001543 seconds
[2022-06-13T03:32:00.768+0000][1][safepoint    ] Application time: 0.0001776 seconds
[2022-06-13T03:32:00.768+0000][1][safepoint    ] Entering safepoint region: RevokeBias
[2022-06-13T03:32:00.768+0000][1][safepoint    ] Leaving safepoint region
[2022-06-13T03:32:00.768+0000][1][safepoint    ] Total time for which application threads were stopped: 0.0003806 seconds, Stopping threads took: 0.0002221 seconds
[2022-06-13T03:32:00.768+0000][1][safepoint    ] Application time: 0.0000755 seconds
[2022-06-13T03:32:00.768+0000][1][safepoint    ] Entering safepoint region: RevokeBias
[2022-06-13T03:32:00.769+0000][1][safepoint    ] Leaving safepoint region
[2022-06-13T03:32:00.769+0000][1][safepoint    ] Total time for which application threads were stopped: 0.0003168 seconds, Stopping threads took: 0.0001242 seconds
[2022-06-13T03:32:00.769+0000][1][safepoint    ] Application time: 0.0000713 seconds
[2022-06-13T03:32:00.769+0000][1][safepoint    ] Entering safepoint region: RevokeBias
[2022-06-13T03:32:00.769+0000][1][safepoint    ] Leaving safepoint region
[2022-06-13T03:32:00.769+0000][1][safepoint    ] Total time for which application threads were stopped: 0.0002875 seconds, Stopping threads took: 0.0001451 seconds
[2022-06-13T03:32:00.769+0000][1][safepoint    ] Application time: 0.0000679 seconds
[2022-06-13T03:32:00.770+0000][1][safepoint    ] Entering safepoint region: RevokeBias
[2022-06-13T03:32:00.770+0000][1][safepoint    ] Leaving safepoint region
[2022-06-13T03:32:00.770+0000][1][safepoint    ] Total time for which application threads were stopped: 0.0002308 seconds, Stopping threads took: 0.0000954 seconds
[2022-06-13T03:32:00.770+0000][1][safepoint    ] Application time: 0.0000942 seconds
[2022-06-13T03:32:00.770+0000][1][safepoint    ] Entering safepoint region: RevokeBias
[2022-06-13T03:32:00.770+0000][1][safepoint    ] Leaving safepoint region
[2022-06-13T03:32:00.770+0000][1][safepoint    ] Total time for which application threads were stopped: 0.0003675 seconds, Stopping threads took: 0.0002390 seconds
[2022-06-13T03:32:00.771+0000][1][safepoint    ] Application time: 0.0000837 seconds
[2022-06-13T03:32:00.771+0000][1][safepoint    ] Entering safepoint region: RevokeBias
[2022-06-13T03:32:00.771+0000][1][safepoint    ] Leaving safepoint region
[2022-06-13T03:32:00.771+0000][1][safepoint    ] Total time for which application threads were stopped: 0.0003665 seconds, Stopping threads took: 0.0001687 seconds
[2022-06-13T03:32:00.830+0000][1][safepoint    ] Application time: 0.0591260 seconds
[2022-06-13T03:32:00.831+0000][1][safepoint    ] Entering safepoint region: RevokeBias
[2022-06-13T03:32:00.831+0000][1][safepoint    ] Leaving safepoint region
[2022-06-13T03:32:00.831+0000][1][safepoint    ] Total time for which application threads were stopped: 0.0002880 seconds, Stopping threads took: 0.0001265 seconds
[2022-06-13T03:32:00.848+0000][1][safepoint    ] Application time: 0.0168353 seconds
[2022-06-13T03:32:00.848+0000][1][safepoint    ] Entering safepoint region: GenCollectForAllocation
[2022-06-13T03:32:00.849+0000][1][gc,start     ] GC(6) Pause Young (Allocation Failure)
[2022-06-13T03:32:00.849+0000][1][gc,task      ] GC(6) Using 5 workers of 13 for evacuation
[2022-06-13T03:32:00.851+0000][1][gc,age       ] GC(6) Desired survivor size 4456448 bytes, new threshold 6 (max threshold 6)
[2022-06-13T03:32:00.852+0000][1][gc,age       ] GC(6) Age table with threshold 6 (max threshold 6)
[2022-06-13T03:32:00.852+0000][1][gc,age       ] GC(6) - age   1:    1435864 bytes,    1435864 total
[2022-06-13T03:32:00.852+0000][1][gc,age       ] GC(6) - age   2:    2173944 bytes,    3609808 total
[2022-06-13T03:32:00.852+0000][1][gc,age       ] GC(6) - age   3:     580136 bytes,    4189944 total
[2022-06-13T03:32:00.852+0000][1][gc,heap      ] GC(6) ParNew: 77163K->7469K(78656K)
[2022-06-13T03:32:00.852+0000][1][gc,heap      ] GC(6) CMS: 8125K->11267K(174784K)
[2022-06-13T03:32:00.852+0000][1][gc,metaspace ] GC(6) Metaspace: 19368K->19368K(1067008K)
[2022-06-13T03:32:00.852+0000][1][gc           ] GC(6) Pause Young (Allocation Failure) 83M->18M(247M) 3.506ms
[2022-06-13T03:32:00.852+0000][1][gc,cpu       ] GC(6) User=0.02s Sys=0.00s Real=0.01s
[2022-06-13T03:32:00.852+0000][1][safepoint    ] Leaving safepoint region
[2022-06-13T03:32:00.852+0000][1][safepoint    ] Total time for which application threads were stopped: 0.0040414 seconds, Stopping threads took: 0.0001557 seconds
[2022-06-13T03:32:00.853+0000][1][safepoint    ] Application time: 0.0002034 seconds
[2022-06-13T03:32:00.853+0000][1][safepoint    ] Entering safepoint region: BulkRevokeBias
[2022-06-13T03:32:00.853+0000][1][safepoint    ] Leaving safepoint region
[2022-06-13T03:32:00.853+0000][1][safepoint    ] Total time for which application threads were stopped: 0.0002684 seconds, Stopping threads took: 0.0001178 seconds
[2022-06-13T03:32:00.853+0000][1][safepoint    ] Application time: 0.0000952 seconds
[2022-06-13T03:32:00.853+0000][1][safepoint    ] Entering safepoint region: BulkRevokeBias
[2022-06-13T03:32:00.853+0000][1][safepoint    ] Leaving safepoint region
[2022-06-13T03:32:00.854+0000][1][safepoint    ] Total time for which application threads were stopped: 0.0002513 seconds, Stopping threads took: 0.0001162 seconds
[2022-06-13T03:32:00.918+0000][1][safepoint    ] Application time: 0.0644852 seconds
[2022-06-13T03:32:00.918+0000][1][safepoint    ] Entering safepoint region: GenCollectForAllocation
[2022-06-13T03:32:00.918+0000][1][gc,start     ] GC(7) Pause Young (Allocation Failure)
[2022-06-13T03:32:00.919+0000][1][gc,task      ] GC(7) Using 5 workers of 13 for evacuation
[2022-06-13T03:32:00.920+0000][1][gc,age       ] GC(7) Desired survivor size 4456448 bytes, new threshold 6 (max threshold 6)
[2022-06-13T03:32:00.920+0000][1][gc,age       ] GC(7) Age table with threshold 6 (max threshold 6)
[2022-06-13T03:32:00.921+0000][1][gc,age       ] GC(7) - age   1:     526584 bytes,     526584 total
[2022-06-13T03:32:00.921+0000][1][gc,age       ] GC(7) - age   2:    1150400 bytes,    1676984 total
[2022-06-13T03:32:00.921+0000][1][gc,age       ] GC(7) - age   3:    2172016 bytes,    3849000 total
[2022-06-13T03:32:00.921+0000][1][gc,age       ] GC(7) - age   4:     580136 bytes,    4429136 total
[2022-06-13T03:32:00.921+0000][1][gc,heap      ] GC(7) ParNew: 77421K->5910K(78656K)
[2022-06-13T03:32:00.921+0000][1][gc,heap      ] GC(7) CMS: 11267K->11267K(174784K)
[2022-06-13T03:32:00.922+0000][1][gc,metaspace ] GC(7) Metaspace: 19647K->19647K(1067008K)
[2022-06-13T03:32:00.922+0000][1][gc           ] GC(7) Pause Young (Allocation Failure) 86M->16M(247M) 3.328ms
[2022-06-13T03:32:00.922+0000][1][gc,cpu       ] GC(7) User=0.05s Sys=0.00s Real=0.01s
[2022-06-13T03:32:00.922+0000][1][safepoint    ] Leaving safepoint region
[2022-06-13T03:32:00.922+0000][1][safepoint    ] Total time for which application threads were stopped: 0.0040124 seconds, Stopping threads took: 0.0000973 seconds
[2022-06-13T03:32:00.939+0000][1][safepoint    ] Application time: 0.0164008 seconds
[2022-06-13T03:32:00.939+0000][1][safepoint    ] Entering safepoint region: CollectForMetadataAllocation
[2022-06-13T03:32:00.940+0000][1][safepoint    ] Leaving safepoint region
[2022-06-13T03:32:00.940+0000][1][safepoint    ] Total time for which application threads were stopped: 0.0004599 seconds, Stopping threads took: 0.0001534 seconds
[2022-06-13T03:32:00.960+0000][1][safepoint    ] Application time: 0.0201707 seconds
[2022-06-13T03:32:00.960+0000][1][safepoint    ] Entering safepoint region: CollectForMetadataAllocation
[2022-06-13T03:32:00.961+0000][1][safepoint    ] Leaving safepoint region
[2022-06-13T03:32:00.961+0000][1][safepoint    ] Total time for which application threads were stopped: 0.0003371 seconds, Stopping threads took: 0.0001298 seconds
[2022-06-13T03:32:01.014+0000][1][safepoint    ] Application time: 0.0528718 seconds
[2022-06-13T03:32:01.014+0000][1][safepoint    ] Entering safepoint region: GenCollectForAllocation
[2022-06-13T03:32:01.014+0000][1][gc,start     ] GC(8) Pause Young (Allocation Failure)
[2022-06-13T03:32:01.014+0000][1][gc,task      ] GC(8) Using 5 workers of 13 for evacuation
[2022-06-13T03:32:01.016+0000][1][gc,age       ] GC(8) Desired survivor size 4456448 bytes, new threshold 5 (max threshold 6)
[2022-06-13T03:32:01.016+0000][1][gc,age       ] GC(8) Age table with threshold 5 (max threshold 6)
[2022-06-13T03:32:01.016+0000][1][gc,age       ] GC(8) - age   1:     497912 bytes,     497912 total
[2022-06-13T03:32:01.016+0000][1][gc,age       ] GC(8) - age   2:     479976 bytes,     977888 total
[2022-06-13T03:32:01.016+0000][1][gc,age       ] GC(8) - age   3:    1150304 bytes,    2128192 total
[2022-06-13T03:32:01.016+0000][1][gc,age       ] GC(8) - age   4:    2171728 bytes,    4299920 total
[2022-06-13T03:32:01.017+0000][1][gc,age       ] GC(8) - age   5:     580136 bytes,    4880056 total
[2022-06-13T03:32:01.017+0000][1][gc,heap      ] GC(8) ParNew: 75862K->7228K(78656K)
[2022-06-13T03:32:01.017+0000][1][gc,heap      ] GC(8) CMS: 11267K->11267K(174784K)
[2022-06-13T03:32:01.017+0000][1][gc,metaspace ] GC(8) Metaspace: 20419K->20419K(1069056K)
[2022-06-13T03:32:01.017+0000][1][gc           ] GC(8) Pause Young (Allocation Failure) 85M->18M(247M) 2.940ms
[2022-06-13T03:32:01.017+0000][1][gc,cpu       ] GC(8) User=0.01s Sys=0.00s Real=0.00s
[2022-06-13T03:32:01.017+0000][1][safepoint    ] Leaving safepoint region
[2022-06-13T03:32:01.017+0000][1][safepoint    ] Total time for which application threads were stopped: 0.0035371 seconds, Stopping threads took: 0.0001507 seconds
[2022-06-13T03:32:01.018+0000][1][safepoint    ] Application time: 0.0001712 seconds
[2022-06-13T03:32:01.018+0000][1][safepoint    ] Entering safepoint region: CMS_Initial_Mark
[2022-06-13T03:32:01.018+0000][1][gc,start     ] GC(9) Pause Initial Mark
[2022-06-13T03:32:01.019+0000][1][gc           ] GC(9) Pause Initial Mark 19M->19M(247M) 0.685ms
[2022-06-13T03:32:01.019+0000][1][gc,cpu       ] GC(9) User=0.00s Sys=0.00s Real=0.00s
[2022-06-13T03:32:01.019+0000][1][safepoint    ] Leaving safepoint region
[2022-06-13T03:32:01.019+0000][1][safepoint    ] Total time for which application threads were stopped: 0.0012701 seconds, Stopping threads took: 0.0001783 seconds
[2022-06-13T03:32:01.019+0000][1][gc           ] GC(9) Concurrent Mark
[2022-06-13T03:32:01.020+0000][1][gc,task      ] GC(9) Using 4 workers of 4 for marking
[2022-06-13T03:32:01.023+0000][1][gc           ] GC(9) Concurrent Mark 4.036ms
[2022-06-13T03:32:01.024+0000][1][gc,cpu       ] GC(9) User=0.01s Sys=0.00s Real=0.00s
[2022-06-13T03:32:01.024+0000][1][gc           ] GC(9) Concurrent Preclean
[2022-06-13T03:32:01.024+0000][1][gc           ] GC(9) Concurrent Preclean 0.510ms
[2022-06-13T03:32:01.024+0000][1][gc,cpu       ] GC(9) User=0.01s Sys=0.00s Real=0.00s
[2022-06-13T03:32:01.024+0000][1][gc           ] GC(9) Concurrent Abortable Preclean
[2022-06-13T03:32:01.077+0000][1][safepoint    ] Application time: 0.0574012 seconds
[2022-06-13T03:32:01.077+0000][1][safepoint    ] Entering safepoint region: GenCollectForAllocation
[2022-06-13T03:32:01.077+0000][1][gc,start     ] GC(10) Pause Young (Allocation Failure)
[2022-06-13T03:32:01.077+0000][1][gc,task      ] GC(10) Using 5 workers of 13 for evacuation
[2022-06-13T03:32:01.079+0000][1][gc,age       ] GC(10) Desired survivor size 4456448 bytes, new threshold 5 (max threshold 6)
[2022-06-13T03:32:01.080+0000][1][gc,age       ] GC(10) Age table with threshold 5 (max threshold 6)
[2022-06-13T03:32:01.080+0000][1][gc,age       ] GC(10) - age   1:     935608 bytes,     935608 total
[2022-06-13T03:32:01.080+0000][1][gc,age       ] GC(10) - age   2:     486280 bytes,    1421888 total
[2022-06-13T03:32:01.080+0000][1][gc,age       ] GC(10) - age   3:     479856 bytes,    1901744 total
[2022-06-13T03:32:01.080+0000][1][gc,age       ] GC(10) - age   4:    1150304 bytes,    3052048 total
[2022-06-13T03:32:01.080+0000][1][gc,age       ] GC(10) - age   5:    2171536 bytes,    5223584 total
[2022-06-13T03:32:01.081+0000][1][gc,heap      ] GC(10) ParNew: 77180K->6172K(78656K)
[2022-06-13T03:32:01.081+0000][1][gc,heap      ] GC(10) CMS: 11267K->11845K(174784K)
[2022-06-13T03:32:01.081+0000][1][gc,metaspace ] GC(10) Metaspace: 20531K->20531K(1069056K)
[2022-06-13T03:32:01.081+0000][1][gc           ] GC(10) Pause Young (Allocation Failure) 86M->17M(247M) 4.128ms
[2022-06-13T03:32:01.081+0000][1][gc,cpu       ] GC(10) User=0.02s Sys=0.01s Real=0.01s
[2022-06-13T03:32:01.081+0000][1][safepoint    ] Leaving safepoint region
[2022-06-13T03:32:01.081+0000][1][safepoint    ] Total time for which application threads were stopped: 0.0046364 seconds, Stopping threads took: 0.0000974 seconds
[2022-06-13T03:32:01.126+0000][1][safepoint    ] Application time: 0.0442330 seconds
[2022-06-13T03:32:01.126+0000][1][safepoint    ] Entering safepoint region: GenCollectForAllocation
[2022-06-13T03:32:01.126+0000][1][gc,start     ] GC(11) Pause Young (Allocation Failure)
[2022-06-13T03:32:01.126+0000][1][gc,task      ] GC(11) Using 5 workers of 13 for evacuation
[2022-06-13T03:32:01.129+0000][1][gc,age       ] GC(11) Desired survivor size 4456448 bytes, new threshold 6 (max threshold 6)
[2022-06-13T03:32:01.129+0000][1][gc,age       ] GC(11) Age table with threshold 6 (max threshold 6)
[2022-06-13T03:32:01.130+0000][1][gc,age       ] GC(11) - age   1:    1736216 bytes,    1736216 total
[2022-06-13T03:32:01.130+0000][1][gc,age       ] GC(11) - age   2:     127928 bytes,    1864144 total
[2022-06-13T03:32:01.130+0000][1][gc,age       ] GC(11) - age   3:     486280 bytes,    2350424 total
[2022-06-13T03:32:01.130+0000][1][gc,age       ] GC(11) - age   4:     479704 bytes,    2830128 total
[2022-06-13T03:32:01.130+0000][1][gc,age       ] GC(11) - age   5:    1150016 bytes,    3980144 total
[2022-06-13T03:32:01.130+0000][1][gc,heap      ] GC(11) ParNew: 76124K->6344K(78656K)
[2022-06-13T03:32:01.130+0000][1][gc,heap      ] GC(11) CMS: 11845K->13979K(174784K)
[2022-06-13T03:32:01.130+0000][1][gc,metaspace ] GC(11) Metaspace: 20608K->20608K(1069056K)
[2022-06-13T03:32:01.130+0000][1][gc           ] GC(11) Pause Young (Allocation Failure) 85M->19M(247M) 3.948ms
[2022-06-13T03:32:01.130+0000][1][gc,cpu       ] GC(11) User=0.03s Sys=0.00s Real=0.01s
[2022-06-13T03:32:01.130+0000][1][safepoint    ] Leaving safepoint region
[2022-06-13T03:32:01.131+0000][1][safepoint    ] Total time for which application threads were stopped: 0.0044807 seconds, Stopping threads took: 0.0001635 seconds
[2022-06-13T03:32:01.131+0000][1][gc           ] GC(9) Concurrent Abortable Preclean 106.301ms
[2022-06-13T03:32:01.131+0000][1][gc,cpu       ] GC(9) User=0.36s Sys=0.03s Real=0.11s
[2022-06-13T03:32:01.131+0000][1][safepoint    ] Application time: 0.0003276 seconds
[2022-06-13T03:32:01.131+0000][1][safepoint    ] Entering safepoint region: CMS_Final_Remark
[2022-06-13T03:32:01.131+0000][1][gc,start     ] GC(9) Pause Remark
[2022-06-13T03:32:01.136+0000][1][gc           ] GC(9) Pause Remark 21M->21M(247M) 4.482ms
[2022-06-13T03:32:01.136+0000][1][gc,cpu       ] GC(9) User=0.00s Sys=0.00s Real=0.00s
[2022-06-13T03:32:01.136+0000][1][safepoint    ] Leaving safepoint region
[2022-06-13T03:32:01.136+0000][1][safepoint    ] Total time for which application threads were stopped: 0.0050981 seconds, Stopping threads took: 0.0001209 seconds
[2022-06-13T03:32:01.136+0000][1][gc           ] GC(9) Concurrent Sweep
[2022-06-13T03:32:01.139+0000][1][gc           ] GC(9) Concurrent Sweep 3.055ms
[2022-06-13T03:32:01.140+0000][1][gc,cpu       ] GC(9) User=0.03s Sys=0.00s Real=0.01s
[2022-06-13T03:32:01.140+0000][1][gc           ] GC(9) Concurrent Reset
[2022-06-13T03:32:01.141+0000][1][gc           ] GC(9) Concurrent Reset 0.469ms
[2022-06-13T03:32:01.141+0000][1][gc,cpu       ] GC(9) User=0.00s Sys=0.00s Real=0.00s
[2022-06-13T03:32:01.141+0000][1][gc,heap      ] GC(9) Old: 11267K->13954K(174784K)
[2022-06-13T03:32:01.332+0000][1][safepoint    ] Application time: 0.1959774 seconds
[2022-06-13T03:32:01.333+0000][1][safepoint    ] Entering safepoint region: Deoptimize
[2022-06-13T03:32:01.334+0000][1][safepoint    ] Leaving safepoint region
[2022-06-13T03:32:01.334+0000][1][safepoint    ] Total time for which application threads were stopped: 0.0016254 seconds, Stopping threads took: 0.0003894 seconds
[2022-06-13T03:32:01.380+0000][1][safepoint    ] Application time: 0.0452330 seconds
[2022-06-13T03:32:01.381+0000][1][safepoint    ] Entering safepoint region: Deoptimize
[2022-06-13T03:32:01.381+0000][1][safepoint    ] Leaving safepoint region
[2022-06-13T03:32:01.382+0000][1][safepoint    ] Total time for which application threads were stopped: 0.0011081 seconds, Stopping threads took: 0.0003517 seconds
[2022-06-13T03:32:01.382+0000][1][safepoint    ] Application time: 0.0003356 seconds
[2022-06-13T03:32:01.383+0000][1][safepoint    ] Entering safepoint region: Deoptimize
[2022-06-13T03:32:01.383+0000][1][safepoint    ] Leaving safepoint region
[2022-06-13T03:32:01.383+0000][1][safepoint    ] Total time for which application threads were stopped: 0.0007836 seconds, Stopping threads took: 0.0002436 seconds
[2022-06-13T03:32:01.389+0000][1][safepoint    ] Application time: 0.0052208 seconds
[2022-06-13T03:32:01.389+0000][1][safepoint    ] Entering safepoint region: RevokeBias
[2022-06-13T03:32:01.390+0000][1][safepoint    ] Leaving safepoint region
[2022-06-13T03:32:01.390+0000][1][safepoint    ] Total time for which application threads were stopped: 0.0007878 seconds, Stopping threads took: 0.0004217 seconds
[2022-06-13T03:32:01.391+0000][1][safepoint    ] Application time: 0.0004811 seconds
[2022-06-13T03:32:01.391+0000][1][safepoint    ] Entering safepoint region: Deoptimize
[2022-06-13T03:32:01.392+0000][1][safepoint    ] Leaving safepoint region
[2022-06-13T03:32:01.392+0000][1][safepoint    ] Total time for which application threads were stopped: 0.0007318 seconds, Stopping threads took: 0.0002911 seconds
[2022-06-13T03:32:01.396+0000][1][safepoint    ] Application time: 0.0035151 seconds
[2022-06-13T03:32:01.396+0000][1][safepoint    ] Entering safepoint region: Deoptimize
[2022-06-13T03:32:01.397+0000][1][safepoint    ] Leaving safepoint region
[2022-06-13T03:32:01.397+0000][1][safepoint    ] Total time for which application threads were stopped: 0.0009694 seconds, Stopping threads took: 0.0003149 seconds
[2022-06-13T03:32:01.421+0000][1][safepoint    ] Application time: 0.0234864 seconds
[2022-06-13T03:32:01.421+0000][1][safepoint    ] Entering safepoint region: GenCollectForAllocation
[2022-06-13T03:32:01.422+0000][1][gc,start     ] GC(12) Pause Young (Allocation Failure)
[2022-06-13T03:32:01.422+0000][1][gc,task      ] GC(12) Using 5 workers of 13 for evacuation
[2022-06-13T03:32:01.424+0000][1][gc,age       ] GC(12) Desired survivor size 4456448 bytes, new threshold 6 (max threshold 6)
[2022-06-13T03:32:01.425+0000][1][gc,age       ] GC(12) Age table with threshold 6 (max threshold 6)
[2022-06-13T03:32:01.425+0000][1][gc,age       ] GC(12) - age   1:    2353040 bytes,    2353040 total
[2022-06-13T03:32:01.426+0000][1][gc,age       ] GC(12) - age   2:     344744 bytes,    2697784 total
[2022-06-13T03:32:01.426+0000][1][gc,age       ] GC(12) - age   3:     127664 bytes,    2825448 total
[2022-06-13T03:32:01.426+0000][1][gc,age       ] GC(12) - age   4:     485624 bytes,    3311072 total
[2022-06-13T03:32:01.427+0000][1][gc,age       ] GC(12) - age   5:     475000 bytes,    3786072 total
[2022-06-13T03:32:01.427+0000][1][gc,age       ] GC(12) - age   6:    1149640 bytes,    4935712 total
[2022-06-13T03:32:01.428+0000][1][gc,heap      ] GC(12) ParNew: 76296K->6476K(78656K)
[2022-06-13T03:32:01.428+0000][1][gc,heap      ] GC(12) CMS: 13954K->13954K(174784K)
[2022-06-13T03:32:01.428+0000][1][gc,metaspace ] GC(12) Metaspace: 26265K->26265K(1073152K)
[2022-06-13T03:32:01.428+0000][1][gc           ] GC(12) Pause Young (Allocation Failure) 88M->19M(247M) 6.702ms
[2022-06-13T03:32:01.429+0000][1][gc,cpu       ] GC(12) User=0.01s Sys=0.00s Real=0.00s
[2022-06-13T03:32:01.429+0000][1][safepoint    ] Leaving safepoint region
[2022-06-13T03:32:01.429+0000][1][safepoint    ] Total time for which application threads were stopped: 0.0079604 seconds, Stopping threads took: 0.0003924 seconds
[2022-06-13T03:32:01.800+0000][1][safepoint    ] Application time: 0.3706794 seconds
[2022-06-13T03:32:01.801+0000][1][safepoint    ] Entering safepoint region: RevokeBias
[2022-06-13T03:32:01.801+0000][1][safepoint    ] Leaving safepoint region
[2022-06-13T03:32:01.801+0000][1][safepoint    ] Total time for which application threads were stopped: 0.0006760 seconds, Stopping threads took: 0.0001662 seconds
[2022-06-13T03:32:01.842+0000][1][safepoint    ] Application time: 0.0407877 seconds
[2022-06-13T03:32:01.843+0000][1][safepoint    ] Entering safepoint region: GenCollectForAllocation
[2022-06-13T03:32:01.843+0000][1][gc,start     ] GC(13) Pause Young (Allocation Failure)
[2022-06-13T03:32:01.843+0000][1][gc,task      ] GC(13) Using 5 workers of 13 for evacuation
[2022-06-13T03:32:01.858+0000][1][gc,age       ] GC(13) Desired survivor size 4456448 bytes, new threshold 1 (max threshold 6)
[2022-06-13T03:32:01.858+0000][1][gc,age       ] GC(13) Age table with threshold 1 (max threshold 6)
[2022-06-13T03:32:01.858+0000][1][gc,age       ] GC(13) - age   1:    5411896 bytes,    5411896 total
[2022-06-13T03:32:01.859+0000][1][gc,age       ] GC(13) - age   2:    2067592 bytes,    7479488 total
[2022-06-13T03:32:01.859+0000][1][gc,age       ] GC(13) - age   3:     344712 bytes,    7824200 total
[2022-06-13T03:32:01.859+0000][1][gc,age       ] GC(13) - age   4:     127632 bytes,    7951832 total
[2022-06-13T03:32:01.859+0000][1][gc,age       ] GC(13) - age   5:     485624 bytes,    8437456 total
[2022-06-13T03:32:01.859+0000][1][gc,age       ] GC(13) - age   6:     475000 bytes,    8912456 total
[2022-06-13T03:32:01.859+0000][1][gc,heap      ] GC(13) ParNew: 76428K->8704K(78656K)
[2022-06-13T03:32:01.859+0000][1][gc,heap      ] GC(13) CMS: 13954K->25401K(174784K)
[2022-06-13T03:32:01.860+0000][1][gc,metaspace ] GC(13) Metaspace: 27042K->27042K(1075200K)
[2022-06-13T03:32:01.860+0000][1][gc           ] GC(13) Pause Young (Allocation Failure) 88M->33M(247M) 16.552ms
[2022-06-13T03:32:01.860+0000][1][gc,cpu       ] GC(13) User=0.20s Sys=0.00s Real=0.02s
[2022-06-13T03:32:01.860+0000][1][safepoint    ] Leaving safepoint region
[2022-06-13T03:32:01.860+0000][1][safepoint    ] Total time for which application threads were stopped: 0.0172250 seconds, Stopping threads took: 0.0002064 seconds
[2022-06-13T03:32:02.132+0000][1][safepoint    ] Application time: 0.2721968 seconds
[2022-06-13T03:32:02.133+0000][1][safepoint    ] Entering safepoint region: GenCollectForAllocation
[2022-06-13T03:32:02.133+0000][1][gc,start     ] GC(14) Pause Young (Allocation Failure)
[2022-06-13T03:32:02.134+0000][1][gc,task      ] GC(14) Using 5 workers of 13 for evacuation
[2022-06-13T03:32:02.149+0000][1][gc,age       ] GC(14) Desired survivor size 4456448 bytes, new threshold 1 (max threshold 6)
[2022-06-13T03:32:02.149+0000][1][gc,age       ] GC(14) Age table with threshold 1 (max threshold 6)
[2022-06-13T03:32:02.149+0000][1][gc,age       ] GC(14) - age   1:    8912744 bytes,    8912744 total
[2022-06-13T03:32:02.150+0000][1][gc,heap      ] GC(14) ParNew: 78656K->8704K(78656K)
[2022-06-13T03:32:02.150+0000][1][gc,heap      ] GC(14) CMS: 25401K->38830K(174784K)
[2022-06-13T03:32:02.150+0000][1][gc,metaspace ] GC(14) Metaspace: 27073K->27073K(1075200K)
[2022-06-13T03:32:02.150+0000][1][gc           ] GC(14) Pause Young (Allocation Failure) 101M->46M(247M) 16.723ms
[2022-06-13T03:32:02.150+0000][1][gc,cpu       ] GC(14) User=0.11s Sys=0.00s Real=0.02s
[2022-06-13T03:32:02.150+0000][1][safepoint    ] Leaving safepoint region
[2022-06-13T03:32:02.151+0000][1][safepoint    ] Total time for which application threads were stopped: 0.0177773 seconds, Stopping threads took: 0.0003960 seconds
[2022-06-13T03:32:02.193+0000][1][safepoint    ] Application time: 0.0420938 seconds
[2022-06-13T03:32:02.193+0000][1][safepoint    ] Entering safepoint region: Deoptimize
[2022-06-13T03:32:02.194+0000][1][safepoint    ] Leaving safepoint region
[2022-06-13T03:32:02.194+0000][1][safepoint    ] Total time for which application threads were stopped: 0.0009841 seconds, Stopping threads took: 0.0003039 seconds
[2022-06-13T03:32:02.432+0000][1][safepoint    ] Application time: 0.2381133 seconds
[2022-06-13T03:32:02.433+0000][1][safepoint    ] Entering safepoint region: RevokeBias
[2022-06-13T03:32:02.433+0000][1][safepoint    ] Leaving safepoint region
[2022-06-13T03:32:02.434+0000][1][safepoint    ] Total time for which application threads were stopped: 0.0007441 seconds, Stopping threads took: 0.0003257 seconds
[2022-06-13T03:32:02.522+0000][1][safepoint    ] Application time: 0.0879364 seconds
[2022-06-13T03:32:02.522+0000][1][safepoint    ] Entering safepoint region: GenCollectForAllocation
[2022-06-13T03:32:02.523+0000][1][gc,start     ] GC(15) Pause Young (Allocation Failure)
[2022-06-13T03:32:02.523+0000][1][gc,task      ] GC(15) Using 5 workers of 13 for evacuation
[2022-06-13T03:32:02.535+0000][1][gc,age       ] GC(15) Desired survivor size 4456448 bytes, new threshold 1 (max threshold 6)
[2022-06-13T03:32:02.535+0000][1][gc,age       ] GC(15) Age table with threshold 1 (max threshold 6)
[2022-06-13T03:32:02.535+0000][1][gc,age       ] GC(15) - age   1:    6659512 bytes,    6659512 total
[2022-06-13T03:32:02.535+0000][1][gc,heap      ] GC(15) ParNew: 78656K->8704K(78656K)
[2022-06-13T03:32:02.535+0000][1][gc,heap      ] GC(15) CMS: 38830K->48798K(174784K)
[2022-06-13T03:32:02.535+0000][1][gc,metaspace ] GC(15) Metaspace: 31703K->31703K(1079296K)
[2022-06-13T03:32:02.535+0000][1][gc           ] GC(15) Pause Young (Allocation Failure) 114M->56M(247M) 12.796ms
[2022-06-13T03:32:02.535+0000][1][gc,cpu       ] GC(15) User=0.12s Sys=0.00s Real=0.01s
[2022-06-13T03:32:02.536+0000][1][safepoint    ] Leaving safepoint region
[2022-06-13T03:32:02.536+0000][1][safepoint    ] Total time for which application threads were stopped: 0.0133169 seconds, Stopping threads took: 0.0001370 seconds
[2022-06-13T03:32:02.638+0000][1][safepoint    ] Application time: 0.1026394 seconds
[2022-06-13T03:32:02.639+0000][1][safepoint    ] Entering safepoint region: GenCollectForAllocation
[2022-06-13T03:32:02.639+0000][1][gc,start     ] GC(16) Pause Young (Allocation Failure)
[2022-06-13T03:32:02.640+0000][1][gc,task      ] GC(16) Using 5 workers of 13 for evacuation
[2022-06-13T03:32:02.646+0000][1][gc,age       ] GC(16) Desired survivor size 4456448 bytes, new threshold 6 (max threshold 6)
[2022-06-13T03:32:02.646+0000][1][gc,age       ] GC(16) Age table with threshold 6 (max threshold 6)
[2022-06-13T03:32:02.646+0000][1][gc,age       ] GC(16) - age   1:     428688 bytes,     428688 total
[2022-06-13T03:32:02.647+0000][1][gc,heap      ] GC(16) ParNew: 78656K->6989K(78656K)
[2022-06-13T03:32:02.647+0000][1][gc,heap      ] GC(16) CMS: 48798K->55352K(174784K)
[2022-06-13T03:32:02.648+0000][1][gc,metaspace ] GC(16) Metaspace: 32964K->32964K(1079296K)
[2022-06-13T03:32:02.648+0000][1][gc           ] GC(16) Pause Young (Allocation Failure) 124M->60M(247M) 8.635ms
[2022-06-13T03:32:02.648+0000][1][gc,cpu       ] GC(16) User=0.02s Sys=0.00s Real=0.00s
[2022-06-13T03:32:02.649+0000][1][safepoint    ] Leaving safepoint region
[2022-06-13T03:32:02.649+0000][1][safepoint    ] Total time for which application threads were stopped: 0.0101545 seconds, Stopping threads took: 0.0003606 seconds
[2022-06-13T03:32:02.664+0000][1][safepoint    ] Application time: 0.0142344 seconds
[2022-06-13T03:32:02.664+0000][1][safepoint    ] Entering safepoint region: RevokeBias
[2022-06-13T03:32:02.665+0000][1][safepoint    ] Leaving safepoint region
[2022-06-13T03:32:02.665+0000][1][safepoint    ] Total time for which application threads were stopped: 0.0007353 seconds, Stopping threads took: 0.0003657 seconds
[2022-06-13T03:32:02.770+0000][1][safepoint    ] Application time: 0.1041513 seconds
[2022-06-13T03:32:02.770+0000][1][safepoint    ] Entering safepoint region: CollectForMetadataAllocation
[2022-06-13T03:32:02.770+0000][1][safepoint    ] Leaving safepoint region
[2022-06-13T03:32:02.771+0000][1][safepoint    ] Total time for which application threads were stopped: 0.0005969 seconds, Stopping threads took: 0.0002593 seconds
[2022-06-13T03:32:02.788+0000][1][safepoint    ] Application time: 0.0169067 seconds
[2022-06-13T03:32:02.788+0000][1][safepoint    ] Entering safepoint region: CollectForMetadataAllocation
[2022-06-13T03:32:02.789+0000][1][safepoint    ] Leaving safepoint region
[2022-06-13T03:32:02.789+0000][1][safepoint    ] Total time for which application threads were stopped: 0.0008323 seconds, Stopping threads took: 0.0002826 seconds
[2022-06-13T03:32:02.798+0000][1][safepoint    ] Application time: 0.0088419 seconds
[2022-06-13T03:32:02.798+0000][1][safepoint    ] Entering safepoint region: CollectForMetadataAllocation
[2022-06-13T03:32:02.799+0000][1][safepoint    ] Leaving safepoint region
[2022-06-13T03:32:02.799+0000][1][safepoint    ] Total time for which application threads were stopped: 0.0004642 seconds, Stopping threads took: 0.0001991 seconds
[2022-06-13T03:32:02.808+0000][1][safepoint    ] Application time: 0.0085401 seconds
[2022-06-13T03:32:02.808+0000][1][safepoint    ] Entering safepoint region: CollectForMetadataAllocation
[2022-06-13T03:32:02.809+0000][1][safepoint    ] Leaving safepoint region
[2022-06-13T03:32:02.809+0000][1][safepoint    ] Total time for which application threads were stopped: 0.0009480 seconds, Stopping threads took: 0.0003695 seconds
[2022-06-13T03:32:02.823+0000][1][safepoint    ] Application time: 0.0138581 seconds
[2022-06-13T03:32:02.824+0000][1][safepoint    ] Entering safepoint region: CollectForMetadataAllocation
[2022-06-13T03:32:02.825+0000][1][safepoint    ] Leaving safepoint region
[2022-06-13T03:32:02.825+0000][1][safepoint    ] Total time for which application threads were stopped: 0.0011117 seconds, Stopping threads took: 0.0004989 seconds
[2022-06-13T03:32:02.841+0000][1][safepoint    ] Application time: 0.0158552 seconds
[2022-06-13T03:32:02.842+0000][1][safepoint    ] Entering safepoint region: CollectForMetadataAllocation
[2022-06-13T03:32:02.843+0000][1][safepoint    ] Leaving safepoint region
[2022-06-13T03:32:02.843+0000][1][safepoint    ] Total time for which application threads were stopped: 0.0011782 seconds, Stopping threads took: 0.0005412 seconds
[2022-06-13T03:32:02.855+0000][1][safepoint    ] Application time: 0.0113219 seconds
[2022-06-13T03:32:02.855+0000][1][safepoint    ] Entering safepoint region: CollectForMetadataAllocation
[2022-06-13T03:32:02.856+0000][1][safepoint    ] Leaving safepoint region
[2022-06-13T03:32:02.856+0000][1][safepoint    ] Total time for which application threads were stopped: 0.0007907 seconds, Stopping threads took: 0.0002275 seconds
[2022-06-13T03:32:02.869+0000][1][safepoint    ] Application time: 0.0128243 seconds
[2022-06-13T03:32:02.870+0000][1][safepoint    ] Entering safepoint region: CollectForMetadataAllocation
[2022-06-13T03:32:02.870+0000][1][safepoint    ] Leaving safepoint region
[2022-06-13T03:32:02.871+0000][1][safepoint    ] Total time for which application threads were stopped: 0.0010767 seconds, Stopping threads took: 0.0003348 seconds
[2022-06-13T03:32:02.882+0000][1][safepoint    ] Application time: 0.0111482 seconds
[2022-06-13T03:32:02.883+0000][1][safepoint    ] Entering safepoint region: CollectForMetadataAllocation
[2022-06-13T03:32:02.883+0000][1][safepoint    ] Leaving safepoint region
[2022-06-13T03:32:02.883+0000][1][safepoint    ] Total time for which application threads were stopped: 0.0007190 seconds, Stopping threads took: 0.0003031 seconds
[2022-06-13T03:32:02.891+0000][1][safepoint    ] Application time: 0.0071691 seconds
[2022-06-13T03:32:02.891+0000][1][safepoint    ] Entering safepoint region: RevokeBias
[2022-06-13T03:32:02.892+0000][1][safepoint    ] Leaving safepoint region
[2022-06-13T03:32:02.892+0000][1][safepoint    ] Total time for which application threads were stopped: 0.0008308 seconds, Stopping threads took: 0.0003217 seconds
[2022-06-13T03:32:02.893+0000][1][safepoint    ] Application time: 0.0003645 seconds
[2022-06-13T03:32:02.893+0000][1][safepoint    ] Entering safepoint region: CollectForMetadataAllocation
[2022-06-13T03:32:02.893+0000][1][safepoint    ] Leaving safepoint region
[2022-06-13T03:32:02.894+0000][1][safepoint    ] Total time for which application threads were stopped: 0.0007797 seconds, Stopping threads took: 0.0003236 seconds
[2022-06-13T03:32:02.898+0000][1][safepoint    ] Application time: 0.0037444 seconds
[2022-06-13T03:32:02.898+0000][1][safepoint    ] Entering safepoint region: RevokeBias
[2022-06-13T03:32:02.899+0000][1][safepoint    ] Leaving safepoint region
[2022-06-13T03:32:02.899+0000][1][safepoint    ] Total time for which application threads were stopped: 0.0006419 seconds, Stopping threads took: 0.0003140 seconds
[2022-06-13T03:32:02.904+0000][1][safepoint    ] Application time: 0.0042878 seconds
[2022-06-13T03:32:02.904+0000][1][safepoint    ] Entering safepoint region: RevokeBias
[2022-06-13T03:32:02.904+0000][1][safepoint    ] Leaving safepoint region
[2022-06-13T03:32:02.905+0000][1][safepoint    ] Total time for which application threads were stopped: 0.0006401 seconds, Stopping threads took: 0.0003524 seconds
[2022-06-13T03:32:02.911+0000][1][safepoint    ] Application time: 0.0059688 seconds
[2022-06-13T03:32:02.911+0000][1][safepoint    ] Entering safepoint region: RevokeBias
[2022-06-13T03:32:02.912+0000][1][safepoint    ] Leaving safepoint region
[2022-06-13T03:32:02.912+0000][1][safepoint    ] Total time for which application threads were stopped: 0.0006345 seconds, Stopping threads took: 0.0003230 seconds
[2022-06-13T03:32:02.919+0000][1][safepoint    ] Application time: 0.0064142 seconds
[2022-06-13T03:32:02.919+0000][1][safepoint    ] Entering safepoint region: CollectForMetadataAllocation
[2022-06-13T03:32:02.919+0000][1][safepoint    ] Leaving safepoint region
[2022-06-13T03:32:02.919+0000][1][safepoint    ] Total time for which application threads were stopped: 0.0004576 seconds, Stopping threads took: 0.0002621 seconds
[2022-06-13T03:32:02.931+0000][1][safepoint    ] Application time: 0.0119131 seconds
[2022-06-13T03:32:02.932+0000][1][safepoint    ] Entering safepoint region: CollectForMetadataAllocation
[2022-06-13T03:32:02.933+0000][1][safepoint    ] Leaving safepoint region
[2022-06-13T03:32:02.933+0000][1][safepoint    ] Total time for which application threads were stopped: 0.0012290 seconds, Stopping threads took: 0.0004472 seconds
[2022-06-13T03:32:02.947+0000][1][safepoint    ] Application time: 0.0132956 seconds
[2022-06-13T03:32:02.947+0000][1][safepoint    ] Entering safepoint region: CollectForMetadataAllocation
[2022-06-13T03:32:02.947+0000][1][safepoint    ] Leaving safepoint region
[2022-06-13T03:32:02.948+0000][1][safepoint    ] Total time for which application threads were stopped: 0.0007352 seconds, Stopping threads took: 0.0003192 seconds
[2022-06-13T03:32:02.957+0000][1][safepoint    ] Application time: 0.0087088 seconds
[2022-06-13T03:32:02.957+0000][1][safepoint    ] Entering safepoint region: CollectForMetadataAllocation
[2022-06-13T03:32:02.958+0000][1][safepoint    ] Leaving safepoint region
[2022-06-13T03:32:02.958+0000][1][safepoint    ] Total time for which application threads were stopped: 0.0007409 seconds, Stopping threads took: 0.0002962 seconds
[2022-06-13T03:32:02.970+0000][1][safepoint    ] Application time: 0.0116808 seconds
[2022-06-13T03:32:02.971+0000][1][safepoint    ] Entering safepoint region: CollectForMetadataAllocation
[2022-06-13T03:32:02.971+0000][1][safepoint    ] Leaving safepoint region
[2022-06-13T03:32:02.971+0000][1][safepoint    ] Total time for which application threads were stopped: 0.0007119 seconds, Stopping threads took: 0.0003135 seconds
[2022-06-13T03:32:02.984+0000][1][safepoint    ] Application time: 0.0128338 seconds
[2022-06-13T03:32:02.985+0000][1][safepoint    ] Entering safepoint region: CollectForMetadataAllocation
[2022-06-13T03:32:02.985+0000][1][safepoint    ] Leaving safepoint region
[2022-06-13T03:32:02.986+0000][1][safepoint    ] Total time for which application threads were stopped: 0.0008218 seconds, Stopping threads took: 0.0003316 seconds
[2022-06-13T03:32:02.998+0000][1][safepoint    ] Application time: 0.0120581 seconds
[2022-06-13T03:32:02.999+0000][1][safepoint    ] Entering safepoint region: CollectForMetadataAllocation
[2022-06-13T03:32:03.000+0000][1][safepoint    ] Leaving safepoint region
[2022-06-13T03:32:03.000+0000][1][safepoint    ] Total time for which application threads were stopped: 0.0013304 seconds, Stopping threads took: 0.0003408 seconds
[2022-06-13T03:32:03.008+0000][1][safepoint    ] Application time: 0.0074116 seconds
[2022-06-13T03:32:03.008+0000][1][safepoint    ] Entering safepoint region: CollectForMetadataAllocation
[2022-06-13T03:32:03.008+0000][1][safepoint    ] Leaving safepoint region
[2022-06-13T03:32:03.009+0000][1][safepoint    ] Total time for which application threads were stopped: 0.0006654 seconds, Stopping threads took: 0.0003693 seconds
[2022-06-13T03:32:03.025+0000][1][safepoint    ] Application time: 0.0156272 seconds
[2022-06-13T03:32:03.025+0000][1][safepoint    ] Entering safepoint region: CollectForMetadataAllocation
[2022-06-13T03:32:03.025+0000][1][safepoint    ] Leaving safepoint region
[2022-06-13T03:32:03.026+0000][1][safepoint    ] Total time for which application threads were stopped: 0.0008574 seconds, Stopping threads took: 0.0003098 seconds
[2022-06-13T03:32:03.035+0000][1][safepoint    ] Application time: 0.0089182 seconds
[2022-06-13T03:32:03.036+0000][1][safepoint    ] Entering safepoint region: CollectForMetadataAllocation
[2022-06-13T03:32:03.036+0000][1][safepoint    ] Leaving safepoint region
[2022-06-13T03:32:03.036+0000][1][safepoint    ] Total time for which application threads were stopped: 0.0008527 seconds, Stopping threads took: 0.0003821 seconds
[2022-06-13T03:32:03.051+0000][1][safepoint    ] Application time: 0.0141211 seconds
[2022-06-13T03:32:03.051+0000][1][safepoint    ] Entering safepoint region: CollectForMetadataAllocation
[2022-06-13T03:32:03.052+0000][1][safepoint    ] Leaving safepoint region
[2022-06-13T03:32:03.052+0000][1][safepoint    ] Total time for which application threads were stopped: 0.0009084 seconds, Stopping threads took: 0.0004466 seconds
[2022-06-13T03:32:03.074+0000][1][safepoint    ] Application time: 0.0209490 seconds
[2022-06-13T03:32:03.074+0000][1][safepoint    ] Entering safepoint region: CollectForMetadataAllocation
[2022-06-13T03:32:03.075+0000][1][safepoint    ] Leaving safepoint region
[2022-06-13T03:32:03.075+0000][1][safepoint    ] Total time for which application threads were stopped: 0.0010264 seconds, Stopping threads took: 0.0002579 seconds
[2022-06-13T03:32:03.088+0000][1][safepoint    ] Application time: 0.0130638 seconds
[2022-06-13T03:32:03.088+0000][1][safepoint    ] Entering safepoint region: CollectForMetadataAllocation
[2022-06-13T03:32:03.089+0000][1][safepoint    ] Leaving safepoint region
[2022-06-13T03:32:03.089+0000][1][safepoint    ] Total time for which application threads were stopped: 0.0003807 seconds, Stopping threads took: 0.0001685 seconds
[2022-06-13T03:32:03.104+0000][1][safepoint    ] Application time: 0.0154403 seconds
[2022-06-13T03:32:03.105+0000][1][safepoint    ] Entering safepoint region: CollectForMetadataAllocation
[2022-06-13T03:32:03.105+0000][1][safepoint    ] Leaving safepoint region
[2022-06-13T03:32:03.105+0000][1][safepoint    ] Total time for which application threads were stopped: 0.0005498 seconds, Stopping threads took: 0.0002599 seconds
[2022-06-13T03:32:03.117+0000][1][safepoint    ] Application time: 0.0111700 seconds
[2022-06-13T03:32:03.117+0000][1][safepoint    ] Entering safepoint region: CollectForMetadataAllocation
[2022-06-13T03:32:03.118+0000][1][safepoint    ] Leaving safepoint region
[2022-06-13T03:32:03.118+0000][1][safepoint    ] Total time for which application threads were stopped: 0.0008083 seconds, Stopping threads took: 0.0003520 seconds
[2022-06-13T03:32:03.132+0000][1][safepoint    ] Application time: 0.0137546 seconds
[2022-06-13T03:32:03.132+0000][1][safepoint    ] Entering safepoint region: CollectForMetadataAllocation
[2022-06-13T03:32:03.133+0000][1][safepoint    ] Leaving safepoint region
[2022-06-13T03:32:03.133+0000][1][safepoint    ] Total time for which application threads were stopped: 0.0004390 seconds, Stopping threads took: 0.0001438 seconds
[2022-06-13T03:32:03.143+0000][1][safepoint    ] Application time: 0.0104828 seconds
[2022-06-13T03:32:03.144+0000][1][safepoint    ] Entering safepoint region: RevokeBias
[2022-06-13T03:32:03.144+0000][1][safepoint    ] Leaving safepoint region
[2022-06-13T03:32:03.144+0000][1][safepoint    ] Total time for which application threads were stopped: 0.0004180 seconds, Stopping threads took: 0.0002149 seconds
[2022-06-13T03:32:03.144+0000][1][safepoint    ] Application time: 0.0001165 seconds
[2022-06-13T03:32:03.145+0000][1][safepoint    ] Entering safepoint region: RevokeBias
[2022-06-13T03:32:03.145+0000][1][safepoint    ] Leaving safepoint region
[2022-06-13T03:32:03.145+0000][1][safepoint    ] Total time for which application threads were stopped: 0.0003642 seconds, Stopping threads took: 0.0001519 seconds
[2022-06-13T03:32:03.152+0000][1][safepoint    ] Application time: 0.0066165 seconds
[2022-06-13T03:32:03.152+0000][1][safepoint    ] Entering safepoint region: CollectForMetadataAllocation
[2022-06-13T03:32:03.152+0000][1][safepoint    ] Leaving safepoint region
[2022-06-13T03:32:03.152+0000][1][safepoint    ] Total time for which application threads were stopped: 0.0003963 seconds, Stopping threads took: 0.0001457 seconds
[2022-06-13T03:32:03.300+0000][1][safepoint    ] Application time: 0.1479955 seconds
[2022-06-13T03:32:03.301+0000][1][safepoint    ] Entering safepoint region: CollectForMetadataAllocation
[2022-06-13T03:32:03.301+0000][1][safepoint    ] Leaving safepoint region
[2022-06-13T03:32:03.302+0000][1][safepoint    ] Total time for which application threads were stopped: 0.0008984 seconds, Stopping threads took: 0.0004542 seconds
[2022-06-13T03:32:03.496+0000][1][safepoint    ] Application time: 0.1938783 seconds
[2022-06-13T03:32:03.496+0000][1][safepoint    ] Entering safepoint region: CollectForMetadataAllocation
[2022-06-13T03:32:03.496+0000][1][safepoint    ] Leaving safepoint region
[2022-06-13T03:32:03.497+0000][1][safepoint    ] Total time for which application threads were stopped: 0.0008259 seconds, Stopping threads took: 0.0001877 seconds
[2022-06-13T03:32:03.499+0000][1][safepoint    ] Application time: 0.0015814 seconds
[2022-06-13T03:32:03.499+0000][1][safepoint    ] Entering safepoint region: GenCollectForAllocation
[2022-06-13T03:32:03.499+0000][1][gc,start     ] GC(17) Pause Young (Allocation Failure)
[2022-06-13T03:32:03.499+0000][1][gc,task      ] GC(17) Using 5 workers of 13 for evacuation
[2022-06-13T03:32:03.503+0000][1][gc,age       ] GC(17) Desired survivor size 4456448 bytes, new threshold 6 (max threshold 6)
[2022-06-13T03:32:03.503+0000][1][gc,age       ] GC(17) Age table with threshold 6 (max threshold 6)
[2022-06-13T03:32:03.504+0000][1][gc,age       ] GC(17) - age   1:    3771504 bytes,    3771504 total
[2022-06-13T03:32:03.504+0000][1][gc,age       ] GC(17) - age   2:     387288 bytes,    4158792 total
[2022-06-13T03:32:03.504+0000][1][gc,heap      ] GC(17) ParNew: 76941K->4747K(78656K)
[2022-06-13T03:32:03.505+0000][1][gc,heap      ] GC(17) CMS: 55352K->55352K(174784K)
[2022-06-13T03:32:03.505+0000][1][gc,metaspace ] GC(17) Metaspace: 42305K->42305K(1087488K)
[2022-06-13T03:32:03.505+0000][1][gc           ] GC(17) Pause Young (Allocation Failure) 129M->58M(247M) 6.107ms
[2022-06-13T03:32:03.506+0000][1][gc,cpu       ] GC(17) User=0.02s Sys=0.00s Real=0.00s
[2022-06-13T03:32:03.506+0000][1][safepoint    ] Leaving safepoint region
[2022-06-13T03:32:03.506+0000][1][safepoint    ] Total time for which application threads were stopped: 0.0072579 seconds, Stopping threads took: 0.0002192 seconds
[2022-06-13T03:32:03.507+0000][1][safepoint    ] Application time: 0.0002858 seconds
[2022-06-13T03:32:03.507+0000][1][safepoint    ] Entering safepoint region: CMS_Initial_Mark
[2022-06-13T03:32:03.507+0000][1][gc,start     ] GC(18) Pause Initial Mark
[2022-06-13T03:32:03.509+0000][1][gc           ] GC(18) Pause Initial Mark 60M->60M(247M) 1.225ms
[2022-06-13T03:32:03.509+0000][1][gc,cpu       ] GC(18) User=0.00s Sys=0.00s Real=0.00s
[2022-06-13T03:32:03.509+0000][1][safepoint    ] Leaving safepoint region
[2022-06-13T03:32:03.510+0000][1][safepoint    ] Total time for which application threads were stopped: 0.0026831 seconds, Stopping threads took: 0.0003331 seconds
[2022-06-13T03:32:03.510+0000][1][gc           ] GC(18) Concurrent Mark
[2022-06-13T03:32:03.511+0000][1][gc,task      ] GC(18) Using 4 workers of 4 for marking
[2022-06-13T03:32:03.511+0000][1][safepoint    ] Application time: 0.0013518 seconds
[2022-06-13T03:32:03.512+0000][1][safepoint    ] Entering safepoint region: RevokeBias
[2022-06-13T03:32:03.512+0000][1][safepoint    ] Leaving safepoint region
[2022-06-13T03:32:03.512+0000][1][safepoint    ] Total time for which application threads were stopped: 0.0006623 seconds, Stopping threads took: 0.0003714 seconds
[2022-06-13T03:32:03.527+0000][1][gc           ] GC(18) Concurrent Mark 16.708ms
[2022-06-13T03:32:03.527+0000][1][gc,cpu       ] GC(18) User=0.06s Sys=0.00s Real=0.01s
[2022-06-13T03:32:03.528+0000][1][gc           ] GC(18) Concurrent Preclean
[2022-06-13T03:32:03.529+0000][1][gc           ] GC(18) Concurrent Preclean 1.657ms
[2022-06-13T03:32:03.530+0000][1][gc,cpu       ] GC(18) User=0.01s Sys=0.00s Real=0.01s
[2022-06-13T03:32:03.530+0000][1][gc           ] GC(18) Concurrent Abortable Preclean
[2022-06-13T03:32:03.531+0000][1][safepoint    ] Application time: 0.0181542 seconds
[2022-06-13T03:32:03.532+0000][1][safepoint    ] Entering safepoint region: CollectForMetadataAllocation
[2022-06-13T03:32:03.532+0000][1][safepoint    ] Leaving safepoint region
[2022-06-13T03:32:03.532+0000][1][safepoint    ] Total time for which application threads were stopped: 0.0008727 seconds, Stopping threads took: 0.0004385 seconds
[2022-06-13T03:32:03.637+0000][1][safepoint    ] Application time: 0.1039804 seconds
[2022-06-13T03:32:03.637+0000][1][safepoint    ] Entering safepoint region: CollectForMetadataAllocation
[2022-06-13T03:32:03.638+0000][1][safepoint    ] Leaving safepoint region
[2022-06-13T03:32:03.638+0000][1][safepoint    ] Total time for which application threads were stopped: 0.0009149 seconds, Stopping threads took: 0.0004245 seconds
[2022-06-13T03:32:03.662+0000][1][safepoint    ] Application time: 0.0232401 seconds
[2022-06-13T03:32:03.662+0000][1][safepoint    ] Entering safepoint region: CollectForMetadataAllocation
[2022-06-13T03:32:03.662+0000][1][safepoint    ] Leaving safepoint region
[2022-06-13T03:32:03.662+0000][1][safepoint    ] Total time for which application threads were stopped: 0.0004612 seconds, Stopping threads took: 0.0001695 seconds
[2022-06-13T03:32:03.672+0000][1][safepoint    ] Application time: 0.0093942 seconds
[2022-06-13T03:32:03.672+0000][1][safepoint    ] Entering safepoint region: CollectForMetadataAllocation
[2022-06-13T03:32:03.672+0000][1][safepoint    ] Leaving safepoint region
[2022-06-13T03:32:03.673+0000][1][safepoint    ] Total time for which application threads were stopped: 0.0005344 seconds, Stopping threads took: 0.0002371 seconds
[2022-06-13T03:32:03.696+0000][1][safepoint    ] Application time: 0.0235904 seconds
[2022-06-13T03:32:03.697+0000][1][safepoint    ] Entering safepoint region: CollectForMetadataAllocation
[2022-06-13T03:32:03.697+0000][1][safepoint    ] Leaving safepoint region
[2022-06-13T03:32:03.698+0000][1][safepoint    ] Total time for which application threads were stopped: 0.0006771 seconds, Stopping threads took: 0.0002127 seconds
[2022-06-13T03:32:03.708+0000][1][safepoint    ] Application time: 0.0098306 seconds
[2022-06-13T03:32:03.708+0000][1][safepoint    ] Entering safepoint region: CollectForMetadataAllocation
[2022-06-13T03:32:03.708+0000][1][safepoint    ] Leaving safepoint region
[2022-06-13T03:32:03.709+0000][1][safepoint    ] Total time for which application threads were stopped: 0.0006929 seconds, Stopping threads took: 0.0002469 seconds
[2022-06-13T03:32:03.710+0000][1][gc           ] GC(18) Concurrent Abortable Preclean 179.853ms
[2022-06-13T03:32:03.710+0000][1][gc,cpu       ] GC(18) User=0.96s Sys=0.02s Real=0.18s
[2022-06-13T03:32:03.710+0000][1][safepoint    ] Application time: 0.0015341 seconds
[2022-06-13T03:32:03.711+0000][1][safepoint    ] Entering safepoint region: CMS_Final_Remark
[2022-06-13T03:32:03.711+0000][1][gc,start     ] GC(18) Pause Remark
[2022-06-13T03:32:03.722+0000][1][gc           ] GC(18) Pause Remark 95M->95M(247M) 10.863ms
[2022-06-13T03:32:03.722+0000][1][gc,cpu       ] GC(18) User=0.03s Sys=0.00s Real=0.01s
[2022-06-13T03:32:03.722+0000][1][safepoint    ] Leaving safepoint region
[2022-06-13T03:32:03.722+0000][1][safepoint    ] Total time for which application threads were stopped: 0.0115926 seconds, Stopping threads took: 0.0002767 seconds
[2022-06-13T03:32:03.723+0000][1][gc           ] GC(18) Concurrent Sweep
[2022-06-13T03:32:03.726+0000][1][safepoint    ] Application time: 0.0039070 seconds
[2022-06-13T03:32:03.727+0000][1][safepoint    ] Entering safepoint region: RevokeBias
[2022-06-13T03:32:03.727+0000][1][safepoint    ] Leaving safepoint region
[2022-06-13T03:32:03.728+0000][1][safepoint    ] Total time for which application threads were stopped: 0.0009806 seconds, Stopping threads took: 0.0002438 seconds
[2022-06-13T03:32:03.737+0000][1][gc           ] GC(18) Concurrent Sweep 13.986ms
[2022-06-13T03:32:03.737+0000][1][gc,cpu       ] GC(18) User=0.04s Sys=0.00s Real=0.01s
[2022-06-13T03:32:03.737+0000][1][gc           ] GC(18) Concurrent Reset
[2022-06-13T03:32:03.737+0000][1][gc           ] GC(18) Concurrent Reset 0.257ms
[2022-06-13T03:32:03.737+0000][1][gc,cpu       ] GC(18) User=0.00s Sys=0.00s Real=0.00s
[2022-06-13T03:32:03.737+0000][1][gc,heap      ] GC(18) Old: 55352K->55122K(174784K)
[2022-06-13T03:32:03.754+0000][1][safepoint    ] Application time: 0.0261784 seconds
[2022-06-13T03:32:03.754+0000][1][safepoint    ] Entering safepoint region: RevokeBias
[2022-06-13T03:32:03.754+0000][1][safepoint    ] Leaving safepoint region
[2022-06-13T03:32:03.754+0000][1][safepoint    ] Total time for which application threads were stopped: 0.0002774 seconds, Stopping threads took: 0.0001518 seconds
[2022-06-13T03:32:03.763+0000][1][safepoint    ] Application time: 0.0080792 seconds
[2022-06-13T03:32:03.763+0000][1][safepoint    ] Entering safepoint region: RevokeBias
[2022-06-13T03:32:03.763+0000][1][safepoint    ] Leaving safepoint region
[2022-06-13T03:32:03.763+0000][1][safepoint    ] Total time for which application threads were stopped: 0.0002163 seconds, Stopping threads took: 0.0001053 seconds
[2022-06-13T03:32:03.765+0000][1][safepoint    ] Application time: 0.0022070 seconds
[2022-06-13T03:32:03.766+0000][1][safepoint    ] Entering safepoint region: RevokeBias
[2022-06-13T03:32:03.766+0000][1][safepoint    ] Leaving safepoint region
[2022-06-13T03:32:03.766+0000][1][safepoint    ] Total time for which application threads were stopped: 0.0004631 seconds, Stopping threads took: 0.0001522 seconds
[2022-06-13T03:32:03.919+0000][1][safepoint    ] Application time: 0.1526584 seconds
[2022-06-13T03:32:03.920+0000][1][safepoint    ] Entering safepoint region: RevokeBias
[2022-06-13T03:32:03.921+0000][1][safepoint    ] Leaving safepoint region
[2022-06-13T03:32:03.921+0000][1][safepoint    ] Total time for which application threads were stopped: 0.0013188 seconds, Stopping threads took: 0.0005720 seconds
[2022-06-13T03:32:03.922+0000][1][safepoint    ] Application time: 0.0002345 seconds
[2022-06-13T03:32:03.922+0000][1][safepoint    ] Entering safepoint region: RevokeBias
[2022-06-13T03:32:03.922+0000][1][safepoint    ] Leaving safepoint region
[2022-06-13T03:32:03.923+0000][1][safepoint    ] Total time for which application threads were stopped: 0.0006922 seconds, Stopping threads took: 0.0002591 seconds
[2022-06-13T03:32:03.923+0000][1][safepoint    ] Application time: 0.0002151 seconds
[2022-06-13T03:32:03.924+0000][1][safepoint    ] Entering safepoint region: RevokeBias
[2022-06-13T03:32:03.925+0000][1][safepoint    ] Leaving safepoint region
[2022-06-13T03:32:03.925+0000][1][safepoint    ] Total time for which application threads were stopped: 0.0011002 seconds, Stopping threads took: 0.0006139 seconds
[2022-06-13T03:32:03.926+0000][1][safepoint    ] Application time: 0.0001478 seconds
[2022-06-13T03:32:03.926+0000][1][safepoint    ] Entering safepoint region: RevokeBias
[2022-06-13T03:32:03.926+0000][1][safepoint    ] Leaving safepoint region
[2022-06-13T03:32:03.927+0000][1][safepoint    ] Total time for which application threads were stopped: 0.0008551 seconds, Stopping threads took: 0.0004880 seconds
[2022-06-13T03:32:03.928+0000][1][safepoint    ] Application time: 0.0006581 seconds
[2022-06-13T03:32:03.928+0000][1][safepoint    ] Entering safepoint region: RevokeBias
[2022-06-13T03:32:03.929+0000][1][safepoint    ] Leaving safepoint region
[2022-06-13T03:32:03.929+0000][1][safepoint    ] Total time for which application threads were stopped: 0.0014630 seconds, Stopping threads took: 0.0003899 seconds
[2022-06-13T03:32:03.931+0000][1][safepoint    ] Application time: 0.0007674 seconds
[2022-06-13T03:32:03.931+0000][1][safepoint    ] Entering safepoint region: RevokeBias
[2022-06-13T03:32:03.932+0000][1][safepoint    ] Leaving safepoint region
[2022-06-13T03:32:03.932+0000][1][safepoint    ] Total time for which application threads were stopped: 0.0010069 seconds, Stopping threads took: 0.0004720 seconds
[2022-06-13T03:32:03.933+0000][1][safepoint    ] Application time: 0.0002636 seconds
[2022-06-13T03:32:03.934+0000][1][safepoint    ] Entering safepoint region: RevokeBias
[2022-06-13T03:32:03.934+0000][1][safepoint    ] Leaving safepoint region
[2022-06-13T03:32:03.934+0000][1][safepoint    ] Total time for which application threads were stopped: 0.0008826 seconds, Stopping threads took: 0.0006767 seconds
[2022-06-13T03:32:03.934+0000][1][safepoint    ] Application time: 0.0001154 seconds
[2022-06-13T03:32:03.935+0000][1][safepoint    ] Entering safepoint region: RevokeBias
[2022-06-13T03:32:03.935+0000][1][safepoint    ] Leaving safepoint region
[2022-06-13T03:32:03.935+0000][1][safepoint    ] Total time for which application threads were stopped: 0.0002174 seconds, Stopping threads took: 0.0001138 seconds
[2022-06-13T03:32:03.935+0000][1][safepoint    ] Application time: 0.0000594 seconds
[2022-06-13T03:32:03.935+0000][1][safepoint    ] Entering safepoint region: RevokeBias
[2022-06-13T03:32:03.935+0000][1][safepoint    ] Leaving safepoint region
[2022-06-13T03:32:03.935+0000][1][safepoint    ] Total time for which application threads were stopped: 0.0002192 seconds, Stopping threads took: 0.0001094 seconds
[2022-06-13T03:32:03.935+0000][1][safepoint    ] Application time: 0.0000606 seconds
[2022-06-13T03:32:03.935+0000][1][safepoint    ] Entering safepoint region: RevokeBias
[2022-06-13T03:32:03.936+0000][1][safepoint    ] Leaving safepoint region
[2022-06-13T03:32:03.936+0000][1][safepoint    ] Total time for which application threads were stopped: 0.0001958 seconds, Stopping threads took: 0.0000979 seconds
[2022-06-13T03:32:03.936+0000][1][safepoint    ] Application time: 0.0000546 seconds
[2022-06-13T03:32:03.936+0000][1][safepoint    ] Entering safepoint region: RevokeBias
[2022-06-13T03:32:03.936+0000][1][safepoint    ] Leaving safepoint region
[2022-06-13T03:32:03.936+0000][1][safepoint    ] Total time for which application threads were stopped: 0.0002102 seconds, Stopping threads took: 0.0001126 seconds
[2022-06-13T03:32:03.936+0000][1][safepoint    ] Application time: 0.0001301 seconds
[2022-06-13T03:32:03.937+0000][1][safepoint    ] Entering safepoint region: RevokeBias
[2022-06-13T03:32:03.937+0000][1][safepoint    ] Leaving safepoint region
[2022-06-13T03:32:03.937+0000][1][safepoint    ] Total time for which application threads were stopped: 0.0004768 seconds, Stopping threads took: 0.0003721 seconds
[2022-06-13T03:32:03.937+0000][1][safepoint    ] Application time: 0.0001292 seconds
[2022-06-13T03:32:03.937+0000][1][safepoint    ] Entering safepoint region: RevokeBias
[2022-06-13T03:32:03.937+0000][1][safepoint    ] Leaving safepoint region
[2022-06-13T03:32:03.937+0000][1][safepoint    ] Total time for which application threads were stopped: 0.0002177 seconds, Stopping threads took: 0.0001248 seconds
[2022-06-13T03:32:03.938+0000][1][safepoint    ] Application time: 0.0000761 seconds
[2022-06-13T03:32:03.938+0000][1][safepoint    ] Entering safepoint region: RevokeBias
[2022-06-13T03:32:03.938+0000][1][safepoint    ] Leaving safepoint region
[2022-06-13T03:32:03.938+0000][1][safepoint    ] Total time for which application threads were stopped: 0.0002480 seconds, Stopping threads took: 0.0001149 seconds
[2022-06-13T03:32:03.938+0000][1][safepoint    ] Application time: 0.0000584 seconds
[2022-06-13T03:32:03.938+0000][1][safepoint    ] Entering safepoint region: RevokeBias
[2022-06-13T03:32:03.938+0000][1][safepoint    ] Leaving safepoint region
[2022-06-13T03:32:03.938+0000][1][safepoint    ] Total time for which application threads were stopped: 0.0002312 seconds, Stopping threads took: 0.0001123 seconds
[2022-06-13T03:32:03.938+0000][1][safepoint    ] Application time: 0.0000799 seconds
[2022-06-13T03:32:03.939+0000][1][safepoint    ] Entering safepoint region: RevokeBias
[2022-06-13T03:32:03.939+0000][1][safepoint    ] Leaving safepoint region
[2022-06-13T03:32:03.939+0000][1][safepoint    ] Total time for which application threads were stopped: 0.0002549 seconds, Stopping threads took: 0.0001414 seconds
[2022-06-13T03:32:03.939+0000][1][safepoint    ] Application time: 0.0000681 seconds
[2022-06-13T03:32:03.939+0000][1][safepoint    ] Entering safepoint region: RevokeBias
[2022-06-13T03:32:03.939+0000][1][safepoint    ] Leaving safepoint region
[2022-06-13T03:32:03.939+0000][1][safepoint    ] Total time for which application threads were stopped: 0.0004032 seconds, Stopping threads took: 0.0002507 seconds
[2022-06-13T03:32:03.940+0000][1][safepoint    ] Application time: 0.0000561 seconds
[2022-06-13T03:32:03.940+0000][1][safepoint    ] Entering safepoint region: RevokeBias
[2022-06-13T03:32:03.940+0000][1][safepoint    ] Leaving safepoint region
[2022-06-13T03:32:03.940+0000][1][safepoint    ] Total time for which application threads were stopped: 0.0002437 seconds, Stopping threads took: 0.0001124 seconds
[2022-06-13T03:32:03.940+0000][1][safepoint    ] Application time: 0.0000630 seconds
[2022-06-13T03:32:03.940+0000][1][safepoint    ] Entering safepoint region: RevokeBias
[2022-06-13T03:32:03.940+0000][1][safepoint    ] Leaving safepoint region
[2022-06-13T03:32:03.941+0000][1][safepoint    ] Total time for which application threads were stopped: 0.0002769 seconds, Stopping threads took: 0.0001490 seconds
[2022-06-13T03:32:03.941+0000][1][safepoint    ] Application time: 0.0000561 seconds
[2022-06-13T03:32:03.941+0000][1][safepoint    ] Entering safepoint region: RevokeBias
[2022-06-13T03:32:03.941+0000][1][safepoint    ] Leaving safepoint region
[2022-06-13T03:32:03.941+0000][1][safepoint    ] Total time for which application threads were stopped: 0.0002845 seconds, Stopping threads took: 0.0001362 seconds
[2022-06-13T03:32:03.941+0000][1][safepoint    ] Application time: 0.0000702 seconds
[2022-06-13T03:32:03.941+0000][1][safepoint    ] Entering safepoint region: RevokeBias
[2022-06-13T03:32:03.942+0000][1][safepoint    ] Leaving safepoint region
[2022-06-13T03:32:03.942+0000][1][safepoint    ] Total time for which application threads were stopped: 0.0003192 seconds, Stopping threads took: 0.0001576 seconds
[2022-06-13T03:32:03.942+0000][1][safepoint    ] Application time: 0.0000615 seconds
[2022-06-13T03:32:03.942+0000][1][safepoint    ] Entering safepoint region: RevokeBias
[2022-06-13T03:32:03.942+0000][1][safepoint    ] Leaving safepoint region
[2022-06-13T03:32:03.942+0000][1][safepoint    ] Total time for which application threads were stopped: 0.0003460 seconds, Stopping threads took: 0.0002125 seconds
[2022-06-13T03:32:03.942+0000][1][safepoint    ] Application time: 0.0000722 seconds
[2022-06-13T03:32:03.943+0000][1][safepoint    ] Entering safepoint region: RevokeBias
[2022-06-13T03:32:03.943+0000][1][safepoint    ] Leaving safepoint region
[2022-06-13T03:32:03.943+0000][1][safepoint    ] Total time for which application threads were stopped: 0.0002232 seconds, Stopping threads took: 0.0001029 seconds
[2022-06-13T03:32:03.943+0000][1][safepoint    ] Application time: 0.0000712 seconds
[2022-06-13T03:32:03.943+0000][1][safepoint    ] Entering safepoint region: RevokeBias
[2022-06-13T03:32:03.943+0000][1][safepoint    ] Leaving safepoint region
[2022-06-13T03:32:03.943+0000][1][safepoint    ] Total time for which application threads were stopped: 0.0002952 seconds, Stopping threads took: 0.0001388 seconds
[2022-06-13T03:32:03.944+0000][1][safepoint    ] Application time: 0.0000665 seconds
[2022-06-13T03:32:03.944+0000][1][safepoint    ] Entering safepoint region: RevokeBias
[2022-06-13T03:32:03.944+0000][1][safepoint    ] Leaving safepoint region
[2022-06-13T03:32:03.944+0000][1][safepoint    ] Total time for which application threads were stopped: 0.0002376 seconds, Stopping threads took: 0.0001132 seconds
[2022-06-13T03:32:03.944+0000][1][safepoint    ] Application time: 0.0000596 seconds
[2022-06-13T03:32:03.944+0000][1][safepoint    ] Entering safepoint region: RevokeBias
[2022-06-13T03:32:03.944+0000][1][safepoint    ] Leaving safepoint region
[2022-06-13T03:32:03.944+0000][1][safepoint    ] Total time for which application threads were stopped: 0.0002427 seconds, Stopping threads took: 0.0000951 seconds
[2022-06-13T03:32:03.944+0000][1][safepoint    ] Application time: 0.0000624 seconds
[2022-06-13T03:32:03.945+0000][1][safepoint    ] Entering safepoint region: RevokeBias
[2022-06-13T03:32:03.945+0000][1][safepoint    ] Leaving safepoint region
[2022-06-13T03:32:03.945+0000][1][safepoint    ] Total time for which application threads were stopped: 0.0002088 seconds, Stopping threads took: 0.0001074 seconds
[2022-06-13T03:32:03.945+0000][1][safepoint    ] Application time: 0.0000607 seconds
[2022-06-13T03:32:03.945+0000][1][safepoint    ] Entering safepoint region: RevokeBias
[2022-06-13T03:32:03.945+0000][1][safepoint    ] Leaving safepoint region
[2022-06-13T03:32:03.945+0000][1][safepoint    ] Total time for which application threads were stopped: 0.0002358 seconds, Stopping threads took: 0.0001145 seconds
[2022-06-13T03:32:03.945+0000][1][safepoint    ] Application time: 0.0000582 seconds
[2022-06-13T03:32:03.946+0000][1][safepoint    ] Entering safepoint region: RevokeBias
[2022-06-13T03:32:03.946+0000][1][safepoint    ] Leaving safepoint region
[2022-06-13T03:32:03.946+0000][1][safepoint    ] Total time for which application threads were stopped: 0.0001774 seconds, Stopping threads took: 0.0000827 seconds
[2022-06-13T03:32:03.946+0000][1][safepoint    ] Application time: 0.0000705 seconds
[2022-06-13T03:32:03.946+0000][1][safepoint    ] Entering safepoint region: RevokeBias
[2022-06-13T03:32:03.946+0000][1][safepoint    ] Leaving safepoint region
[2022-06-13T03:32:03.946+0000][1][safepoint    ] Total time for which application threads were stopped: 0.0001906 seconds, Stopping threads took: 0.0000828 seconds
[2022-06-13T03:32:03.946+0000][1][safepoint    ] Application time: 0.0000782 seconds
[2022-06-13T03:32:03.946+0000][1][safepoint    ] Entering safepoint region: RevokeBias
[2022-06-13T03:32:03.947+0000][1][safepoint    ] Leaving safepoint region
[2022-06-13T03:32:03.947+0000][1][safepoint    ] Total time for which application threads were stopped: 0.0002024 seconds, Stopping threads took: 0.0001032 seconds
[2022-06-13T03:32:03.947+0000][1][safepoint    ] Application time: 0.0000707 seconds
[2022-06-13T03:32:03.947+0000][1][safepoint    ] Entering safepoint region: RevokeBias
[2022-06-13T03:32:03.947+0000][1][safepoint    ] Leaving safepoint region
[2022-06-13T03:32:03.947+0000][1][safepoint    ] Total time for which application threads were stopped: 0.0002807 seconds, Stopping threads took: 0.0001212 seconds
[2022-06-13T03:32:03.947+0000][1][safepoint    ] Application time: 0.0000773 seconds
[2022-06-13T03:32:03.948+0000][1][safepoint    ] Entering safepoint region: BulkRevokeBias
[2022-06-13T03:32:03.948+0000][1][safepoint    ] Leaving safepoint region
[2022-06-13T03:32:03.948+0000][1][safepoint    ] Total time for which application threads were stopped: 0.0003365 seconds, Stopping threads took: 0.0001725 seconds
[2022-06-13T03:32:03.948+0000][1][safepoint    ] Application time: 0.0001771 seconds
[2022-06-13T03:32:03.948+0000][1][safepoint    ] Entering safepoint region: RevokeBias
[2022-06-13T03:32:03.948+0000][1][safepoint    ] Leaving safepoint region
[2022-06-13T03:32:03.948+0000][1][safepoint    ] Total time for which application threads were stopped: 0.0002332 seconds, Stopping threads took: 0.0001137 seconds
[2022-06-13T03:32:03.949+0000][1][safepoint    ] Application time: 0.0001086 seconds
[2022-06-13T03:32:03.949+0000][1][safepoint    ] Entering safepoint region: RevokeBias
[2022-06-13T03:32:03.949+0000][1][safepoint    ] Leaving safepoint region
[2022-06-13T03:32:03.949+0000][1][safepoint    ] Total time for which application threads were stopped: 0.0002994 seconds, Stopping threads took: 0.0000999 seconds
[2022-06-13T03:32:03.949+0000][1][safepoint    ] Application time: 0.0001566 seconds
[2022-06-13T03:32:03.949+0000][1][safepoint    ] Entering safepoint region: RevokeBias
[2022-06-13T03:32:03.950+0000][1][safepoint    ] Leaving safepoint region
[2022-06-13T03:32:03.950+0000][1][safepoint    ] Total time for which application threads were stopped: 0.0002891 seconds, Stopping threads took: 0.0001295 seconds
[2022-06-13T03:32:03.950+0000][1][safepoint    ] Application time: 0.0000940 seconds
[2022-06-13T03:32:03.950+0000][1][safepoint    ] Entering safepoint region: RevokeBias
[2022-06-13T03:32:03.950+0000][1][safepoint    ] Leaving safepoint region
[2022-06-13T03:32:03.950+0000][1][safepoint    ] Total time for which application threads were stopped: 0.0002275 seconds, Stopping threads took: 0.0001153 seconds
[2022-06-13T03:32:03.950+0000][1][safepoint    ] Application time: 0.0000798 seconds
[2022-06-13T03:32:03.951+0000][1][safepoint    ] Entering safepoint region: RevokeBias
[2022-06-13T03:32:03.951+0000][1][safepoint    ] Leaving safepoint region
[2022-06-13T03:32:03.951+0000][1][safepoint    ] Total time for which application threads were stopped: 0.0002657 seconds, Stopping threads took: 0.0001229 seconds
[2022-06-13T03:32:03.951+0000][1][safepoint    ] Application time: 0.0000822 seconds
[2022-06-13T03:32:03.951+0000][1][safepoint    ] Entering safepoint region: RevokeBias
[2022-06-13T03:32:03.951+0000][1][safepoint    ] Leaving safepoint region
[2022-06-13T03:32:03.951+0000][1][safepoint    ] Total time for which application threads were stopped: 0.0002152 seconds, Stopping threads took: 0.0001058 seconds
[2022-06-13T03:32:03.951+0000][1][safepoint    ] Application time: 0.0000818 seconds
[2022-06-13T03:32:03.952+0000][1][safepoint    ] Entering safepoint region: RevokeBias
[2022-06-13T03:32:03.952+0000][1][safepoint    ] Leaving safepoint region
[2022-06-13T03:32:03.952+0000][1][safepoint    ] Total time for which application threads were stopped: 0.0002059 seconds, Stopping threads took: 0.0000891 seconds
[2022-06-13T03:32:03.952+0000][1][safepoint    ] Application time: 0.0000929 seconds
[2022-06-13T03:32:03.952+0000][1][safepoint    ] Entering safepoint region: RevokeBias
[2022-06-13T03:32:03.952+0000][1][safepoint    ] Leaving safepoint region
[2022-06-13T03:32:03.952+0000][1][safepoint    ] Total time for which application threads were stopped: 0.0003323 seconds, Stopping threads took: 0.0002281 seconds
[2022-06-13T03:32:03.953+0000][1][safepoint    ] Application time: 0.0000597 seconds
[2022-06-13T03:32:03.953+0000][1][safepoint    ] Entering safepoint region: RevokeBias
[2022-06-13T03:32:03.953+0000][1][safepoint    ] Leaving safepoint region
[2022-06-13T03:32:03.953+0000][1][safepoint    ] Total time for which application threads were stopped: 0.0003310 seconds, Stopping threads took: 0.0001666 seconds
[2022-06-13T03:32:03.953+0000][1][safepoint    ] Application time: 0.0000706 seconds
[2022-06-13T03:32:03.953+0000][1][safepoint    ] Entering safepoint region: RevokeBias
[2022-06-13T03:32:03.953+0000][1][safepoint    ] Leaving safepoint region
[2022-06-13T03:32:03.954+0000][1][safepoint    ] Total time for which application threads were stopped: 0.0002377 seconds, Stopping threads took: 0.0001229 seconds
[2022-06-13T03:32:03.954+0000][1][safepoint    ] Application time: 0.0000613 seconds
[2022-06-13T03:32:03.954+0000][1][safepoint    ] Entering safepoint region: RevokeBias
[2022-06-13T03:32:03.954+0000][1][safepoint    ] Leaving safepoint region
[2022-06-13T03:32:03.954+0000][1][safepoint    ] Total time for which application threads were stopped: 0.0002440 seconds, Stopping threads took: 0.0001340 seconds
[2022-06-13T03:32:03.954+0000][1][safepoint    ] Application time: 0.0000568 seconds
[2022-06-13T03:32:03.954+0000][1][safepoint    ] Entering safepoint region: RevokeBias
[2022-06-13T03:32:03.954+0000][1][safepoint    ] Leaving safepoint region
[2022-06-13T03:32:03.954+0000][1][safepoint    ] Total time for which application threads were stopped: 0.0002082 seconds, Stopping threads took: 0.0001125 seconds
[2022-06-13T03:32:03.955+0000][1][safepoint    ] Application time: 0.0000579 seconds
[2022-06-13T03:32:03.955+0000][1][safepoint    ] Entering safepoint region: RevokeBias
[2022-06-13T03:32:03.955+0000][1][safepoint    ] Leaving safepoint region
[2022-06-13T03:32:03.955+0000][1][safepoint    ] Total time for which application threads were stopped: 0.0001988 seconds, Stopping threads took: 0.0000934 seconds
[2022-06-13T03:32:03.955+0000][1][safepoint    ] Application time: 0.0000506 seconds
[2022-06-13T03:32:03.955+0000][1][safepoint    ] Entering safepoint region: RevokeBias
[2022-06-13T03:32:03.955+0000][1][safepoint    ] Leaving safepoint region
[2022-06-13T03:32:03.955+0000][1][safepoint    ] Total time for which application threads were stopped: 0.0001845 seconds, Stopping threads took: 0.0000759 seconds
[2022-06-13T03:32:03.955+0000][1][safepoint    ] Application time: 0.0000433 seconds
[2022-06-13T03:32:03.955+0000][1][safepoint    ] Entering safepoint region: RevokeBias
[2022-06-13T03:32:03.956+0000][1][safepoint    ] Leaving safepoint region
[2022-06-13T03:32:03.956+0000][1][safepoint    ] Total time for which application threads were stopped: 0.0001654 seconds, Stopping threads took: 0.0000742 seconds
[2022-06-13T03:32:03.956+0000][1][safepoint    ] Application time: 0.0000441 seconds
[2022-06-13T03:32:03.956+0000][1][safepoint    ] Entering safepoint region: RevokeBias
[2022-06-13T03:32:03.956+0000][1][safepoint    ] Leaving safepoint region
[2022-06-13T03:32:03.956+0000][1][safepoint    ] Total time for which application threads were stopped: 0.0001725 seconds, Stopping threads took: 0.0000801 seconds
[2022-06-13T03:32:03.956+0000][1][safepoint    ] Application time: 0.0000477 seconds
[2022-06-13T03:32:03.956+0000][1][safepoint    ] Entering safepoint region: RevokeBias
[2022-06-13T03:32:03.956+0000][1][safepoint    ] Leaving safepoint region
[2022-06-13T03:32:03.956+0000][1][safepoint    ] Total time for which application threads were stopped: 0.0002295 seconds, Stopping threads took: 0.0000943 seconds
[2022-06-13T03:32:03.957+0000][1][safepoint    ] Application time: 0.0000491 seconds
[2022-06-13T03:32:03.957+0000][1][safepoint    ] Entering safepoint region: RevokeBias
[2022-06-13T03:32:03.957+0000][1][safepoint    ] Leaving safepoint region
[2022-06-13T03:32:03.957+0000][1][safepoint    ] Total time for which application threads were stopped: 0.0001735 seconds, Stopping threads took: 0.0000782 seconds
[2022-06-13T03:32:03.957+0000][1][safepoint    ] Application time: 0.0000511 seconds
[2022-06-13T03:32:03.957+0000][1][safepoint    ] Entering safepoint region: RevokeBias
[2022-06-13T03:32:03.957+0000][1][safepoint    ] Leaving safepoint region
[2022-06-13T03:32:03.957+0000][1][safepoint    ] Total time for which application threads were stopped: 0.0001837 seconds, Stopping threads took: 0.0000774 seconds
[2022-06-13T03:32:03.957+0000][1][safepoint    ] Application time: 0.0000478 seconds
[2022-06-13T03:32:03.957+0000][1][safepoint    ] Entering safepoint region: RevokeBias
[2022-06-13T03:32:03.958+0000][1][safepoint    ] Leaving safepoint region
[2022-06-13T03:32:03.958+0000][1][safepoint    ] Total time for which application threads were stopped: 0.0001716 seconds, Stopping threads took: 0.0000786 seconds
[2022-06-13T03:32:03.958+0000][1][safepoint    ] Application time: 0.0000519 seconds
[2022-06-13T03:32:03.958+0000][1][safepoint    ] Entering safepoint region: RevokeBias
[2022-06-13T03:32:03.958+0000][1][safepoint    ] Leaving safepoint region
[2022-06-13T03:32:03.958+0000][1][safepoint    ] Total time for which application threads were stopped: 0.0002191 seconds, Stopping threads took: 0.0000995 seconds
[2022-06-13T03:32:03.958+0000][1][safepoint    ] Application time: 0.0000821 seconds
[2022-06-13T03:32:03.958+0000][1][safepoint    ] Entering safepoint region: RevokeBias
[2022-06-13T03:32:03.959+0000][1][safepoint    ] Leaving safepoint region
[2022-06-13T03:32:03.959+0000][1][safepoint    ] Total time for which application threads were stopped: 0.0002519 seconds, Stopping threads took: 0.0001363 seconds
[2022-06-13T03:32:03.959+0000][1][safepoint    ] Application time: 0.0000505 seconds
[2022-06-13T03:32:03.959+0000][1][safepoint    ] Entering safepoint region: BulkRevokeBias
[2022-06-13T03:32:03.959+0000][1][safepoint    ] Leaving safepoint region
[2022-06-13T03:32:03.959+0000][1][safepoint    ] Total time for which application threads were stopped: 0.0003066 seconds, Stopping threads took: 0.0000877 seconds
[2022-06-13T03:32:03.960+0000][1][safepoint    ] Application time: 0.0002418 seconds
[2022-06-13T03:32:03.960+0000][1][safepoint    ] Entering safepoint region: RevokeBias
[2022-06-13T03:32:03.960+0000][1][safepoint    ] Leaving safepoint region
[2022-06-13T03:32:03.960+0000][1][safepoint    ] Total time for which application threads were stopped: 0.0004423 seconds, Stopping threads took: 0.0003129 seconds
[2022-06-13T03:32:03.960+0000][1][safepoint    ] Application time: 0.0000860 seconds
[2022-06-13T03:32:03.960+0000][1][safepoint    ] Entering safepoint region: RevokeBias
[2022-06-13T03:32:03.961+0000][1][safepoint    ] Leaving safepoint region
[2022-06-13T03:32:03.961+0000][1][safepoint    ] Total time for which application threads were stopped: 0.0002414 seconds, Stopping threads took: 0.0001127 seconds
[2022-06-13T03:32:03.961+0000][1][safepoint    ] Application time: 0.0001679 seconds
[2022-06-13T03:32:03.961+0000][1][safepoint    ] Entering safepoint region: RevokeBias
[2022-06-13T03:32:03.961+0000][1][safepoint    ] Leaving safepoint region
[2022-06-13T03:32:03.961+0000][1][safepoint    ] Total time for which application threads were stopped: 0.0002300 seconds, Stopping threads took: 0.0001191 seconds
[2022-06-13T03:32:03.961+0000][1][safepoint    ] Application time: 0.0000711 seconds
[2022-06-13T03:32:03.962+0000][1][safepoint    ] Entering safepoint region: RevokeBias
[2022-06-13T03:32:03.962+0000][1][safepoint    ] Leaving safepoint region
[2022-06-13T03:32:03.962+0000][1][safepoint    ] Total time for which application threads were stopped: 0.0002103 seconds, Stopping threads took: 0.0000948 seconds
[2022-06-13T03:32:03.962+0000][1][safepoint    ] Application time: 0.0000700 seconds
[2022-06-13T03:32:03.962+0000][1][safepoint    ] Entering safepoint region: RevokeBias
[2022-06-13T03:32:03.963+0000][1][safepoint    ] Leaving safepoint region
[2022-06-13T03:32:03.963+0000][1][safepoint    ] Total time for which application threads were stopped: 0.0004944 seconds, Stopping threads took: 0.0003914 seconds
[2022-06-13T03:32:03.963+0000][1][safepoint    ] Application time: 0.0000616 seconds
[2022-06-13T03:32:03.963+0000][1][safepoint    ] Entering safepoint region: RevokeBias
[2022-06-13T03:32:03.963+0000][1][safepoint    ] Leaving safepoint region
[2022-06-13T03:32:03.963+0000][1][safepoint    ] Total time for which application threads were stopped: 0.0002992 seconds, Stopping threads took: 0.0001628 seconds
[2022-06-13T03:32:03.963+0000][1][safepoint    ] Application time: 0.0002065 seconds
[2022-06-13T03:32:03.964+0000][1][safepoint    ] Entering safepoint region: RevokeBias
[2022-06-13T03:32:03.964+0000][1][safepoint    ] Leaving safepoint region
[2022-06-13T03:32:03.964+0000][1][safepoint    ] Total time for which application threads were stopped: 0.0002428 seconds, Stopping threads took: 0.0001297 seconds
[2022-06-13T03:32:03.964+0000][1][safepoint    ] Application time: 0.0003521 seconds
[2022-06-13T03:32:03.964+0000][1][safepoint    ] Entering safepoint region: RevokeBias
[2022-06-13T03:32:03.964+0000][1][safepoint    ] Leaving safepoint region
[2022-06-13T03:32:03.965+0000][1][safepoint    ] Total time for which application threads were stopped: 0.0002122 seconds, Stopping threads took: 0.0000984 seconds
[2022-06-13T03:32:03.965+0000][1][safepoint    ] Application time: 0.0002781 seconds
[2022-06-13T03:32:03.965+0000][1][safepoint    ] Entering safepoint region: RevokeBias
[2022-06-13T03:32:03.965+0000][1][safepoint    ] Leaving safepoint region
[2022-06-13T03:32:03.965+0000][1][safepoint    ] Total time for which application threads were stopped: 0.0002576 seconds, Stopping threads took: 0.0001173 seconds
[2022-06-13T03:32:03.965+0000][1][safepoint    ] Application time: 0.0000923 seconds
[2022-06-13T03:32:03.966+0000][1][safepoint    ] Entering safepoint region: RevokeBias
[2022-06-13T03:32:03.966+0000][1][safepoint    ] Leaving safepoint region
[2022-06-13T03:32:03.966+0000][1][safepoint    ] Total time for which application threads were stopped: 0.0002135 seconds, Stopping threads took: 0.0001060 seconds
[2022-06-13T03:32:03.966+0000][1][safepoint    ] Application time: 0.0001844 seconds
[2022-06-13T03:32:03.966+0000][1][safepoint    ] Entering safepoint region: RevokeBias
[2022-06-13T03:32:03.966+0000][1][safepoint    ] Leaving safepoint region
[2022-06-13T03:32:03.966+0000][1][safepoint    ] Total time for which application threads were stopped: 0.0002841 seconds, Stopping threads took: 0.0001169 seconds
[2022-06-13T03:32:03.967+0000][1][safepoint    ] Application time: 0.0001993 seconds
[2022-06-13T03:32:03.967+0000][1][safepoint    ] Entering safepoint region: RevokeBias
[2022-06-13T03:32:03.967+0000][1][safepoint    ] Leaving safepoint region
[2022-06-13T03:32:03.967+0000][1][safepoint    ] Total time for which application threads were stopped: 0.0001929 seconds, Stopping threads took: 0.0000779 seconds
[2022-06-13T03:32:03.967+0000][1][safepoint    ] Application time: 0.0000700 seconds
[2022-06-13T03:32:03.967+0000][1][safepoint    ] Entering safepoint region: RevokeBias
[2022-06-13T03:32:03.967+0000][1][safepoint    ] Leaving safepoint region
[2022-06-13T03:32:03.967+0000][1][safepoint    ] Total time for which application threads were stopped: 0.0002273 seconds, Stopping threads took: 0.0001269 seconds
[2022-06-13T03:32:03.968+0000][1][safepoint    ] Application time: 0.0000995 seconds
[2022-06-13T03:32:03.968+0000][1][safepoint    ] Entering safepoint region: RevokeBias
[2022-06-13T03:32:03.968+0000][1][safepoint    ] Leaving safepoint region
[2022-06-13T03:32:03.968+0000][1][safepoint    ] Total time for which application threads were stopped: 0.0002524 seconds, Stopping threads took: 0.0001116 seconds
[2022-06-13T03:32:03.968+0000][1][safepoint    ] Application time: 0.0000703 seconds
[2022-06-13T03:32:03.968+0000][1][safepoint    ] Entering safepoint region: RevokeBias
[2022-06-13T03:32:03.968+0000][1][safepoint    ] Leaving safepoint region
[2022-06-13T03:32:03.968+0000][1][safepoint    ] Total time for which application threads were stopped: 0.0002221 seconds, Stopping threads took: 0.0000940 seconds
[2022-06-13T03:32:03.969+0000][1][safepoint    ] Application time: 0.0002076 seconds
[2022-06-13T03:32:03.969+0000][1][safepoint    ] Entering safepoint region: RevokeBias
[2022-06-13T03:32:03.969+0000][1][safepoint    ] Leaving safepoint region
[2022-06-13T03:32:03.969+0000][1][safepoint    ] Total time for which application threads were stopped: 0.0005303 seconds, Stopping threads took: 0.0003449 seconds
[2022-06-13T03:32:03.971+0000][1][safepoint    ] Application time: 0.0009830 seconds
[2022-06-13T03:32:03.971+0000][1][safepoint    ] Entering safepoint region: BulkRevokeBias
[2022-06-13T03:32:03.971+0000][1][safepoint    ] Leaving safepoint region
[2022-06-13T03:32:03.971+0000][1][safepoint    ] Total time for which application threads were stopped: 0.0007579 seconds, Stopping threads took: 0.0005931 seconds
[2022-06-13T03:32:03.972+0000][1][safepoint    ] Application time: 0.0000934 seconds
[2022-06-13T03:32:03.972+0000][1][safepoint    ] Entering safepoint region: RevokeBias
[2022-06-13T03:32:03.972+0000][1][safepoint    ] Leaving safepoint region
[2022-06-13T03:32:03.972+0000][1][safepoint    ] Total time for which application threads were stopped: 0.0004958 seconds, Stopping threads took: 0.0003538 seconds
[2022-06-13T03:32:03.972+0000][1][safepoint    ] Application time: 0.0000810 seconds
[2022-06-13T03:32:03.973+0000][1][safepoint    ] Entering safepoint region: RevokeBias
[2022-06-13T03:32:03.973+0000][1][safepoint    ] Leaving safepoint region
[2022-06-13T03:32:03.973+0000][1][safepoint    ] Total time for which application threads were stopped: 0.0002584 seconds, Stopping threads took: 0.0001368 seconds
[2022-06-13T03:32:03.973+0000][1][safepoint    ] Application time: 0.0005556 seconds
[2022-06-13T03:32:03.974+0000][1][safepoint    ] Entering safepoint region: RevokeBias
[2022-06-13T03:32:03.974+0000][1][safepoint    ] Leaving safepoint region
[2022-06-13T03:32:03.974+0000][1][safepoint    ] Total time for which application threads were stopped: 0.0002805 seconds, Stopping threads took: 0.0001213 seconds
[2022-06-13T03:32:03.975+0000][1][safepoint    ] Application time: 0.0007344 seconds
[2022-06-13T03:32:03.975+0000][1][safepoint    ] Entering safepoint region: RevokeBias
[2022-06-13T03:32:03.975+0000][1][safepoint    ] Leaving safepoint region
[2022-06-13T03:32:03.975+0000][1][safepoint    ] Total time for which application threads were stopped: 0.0003430 seconds, Stopping threads took: 0.0002119 seconds
[2022-06-13T03:32:03.975+0000][1][safepoint    ] Application time: 0.0000641 seconds
[2022-06-13T03:32:03.975+0000][1][safepoint    ] Entering safepoint region: RevokeBias
[2022-06-13T03:32:03.976+0000][1][safepoint    ] Leaving safepoint region
[2022-06-13T03:32:03.976+0000][1][safepoint    ] Total time for which application threads were stopped: 0.0002539 seconds, Stopping threads took: 0.0001276 seconds
[2022-06-13T03:32:03.976+0000][1][safepoint    ] Application time: 0.0002230 seconds
[2022-06-13T03:32:03.976+0000][1][safepoint    ] Entering safepoint region: RevokeBias
[2022-06-13T03:32:03.976+0000][1][safepoint    ] Leaving safepoint region
[2022-06-13T03:32:03.976+0000][1][safepoint    ] Total time for which application threads were stopped: 0.0003044 seconds, Stopping threads took: 0.0001684 seconds
[2022-06-13T03:32:03.990+0000][1][safepoint    ] Application time: 0.0130317 seconds
[2022-06-13T03:32:03.990+0000][1][safepoint    ] Entering safepoint region: GenCollectForAllocation
[2022-06-13T03:32:03.990+0000][1][gc,start     ] GC(19) Pause Young (Allocation Failure)
[2022-06-13T03:32:03.990+0000][1][gc,task      ] GC(19) Using 5 workers of 13 for evacuation
[2022-06-13T03:32:03.994+0000][1][gc,age       ] GC(19) Desired survivor size 4456448 bytes, new threshold 2 (max threshold 6)
[2022-06-13T03:32:03.995+0000][1][gc,age       ] GC(19) Age table with threshold 2 (max threshold 6)
[2022-06-13T03:32:03.995+0000][1][gc,age       ] GC(19) - age   1:    3159240 bytes,    3159240 total
[2022-06-13T03:32:03.995+0000][1][gc,age       ] GC(19) - age   2:    3665816 bytes,    6825056 total
[2022-06-13T03:32:03.996+0000][1][gc,age       ] GC(19) - age   3:     385296 bytes,    7210352 total
[2022-06-13T03:32:03.996+0000][1][gc,heap      ] GC(19) ParNew: 74699K->8704K(78656K)
[2022-06-13T03:32:03.996+0000][1][gc,heap      ] GC(19) CMS: 55122K->55125K(174784K)
[2022-06-13T03:32:03.997+0000][1][gc,metaspace ] GC(19) Metaspace: 47385K->47385K(1093632K)
[2022-06-13T03:32:03.997+0000][1][gc           ] GC(19) Pause Young (Allocation Failure) 126M->62M(247M) 6.843ms
[2022-06-13T03:32:03.997+0000][1][gc,cpu       ] GC(19) User=0.02s Sys=0.00s Real=0.00s
[2022-06-13T03:32:03.997+0000][1][safepoint    ] Leaving safepoint region
[2022-06-13T03:32:03.997+0000][1][safepoint    ] Total time for which application threads were stopped: 0.0075104 seconds, Stopping threads took: 0.0001197 seconds
[2022-06-13T03:32:04.113+0000][1][safepoint    ] Application time: 0.1154688 seconds
[2022-06-13T03:32:04.113+0000][1][safepoint    ] Entering safepoint region: RevokeBias
[2022-06-13T03:32:04.114+0000][1][safepoint    ] Leaving safepoint region
[2022-06-13T03:32:04.114+0000][1][safepoint    ] Total time for which application threads were stopped: 0.0006471 seconds, Stopping threads took: 0.0003181 seconds
[2022-06-13T03:32:04.304+0000][1][safepoint    ] Application time: 0.1900927 seconds
[2022-06-13T03:32:04.305+0000][1][safepoint    ] Entering safepoint region: GenCollectForAllocation
[2022-06-13T03:32:04.305+0000][1][gc,start     ] GC(20) Pause Young (Allocation Failure)
[2022-06-13T03:32:04.306+0000][1][gc,task      ] GC(20) Using 5 workers of 13 for evacuation
[2022-06-13T03:32:04.313+0000][1][gc,age       ] GC(20) Desired survivor size 4456448 bytes, new threshold 2 (max threshold 6)
[2022-06-13T03:32:04.314+0000][1][gc,age       ] GC(20) Age table with threshold 2 (max threshold 6)
[2022-06-13T03:32:04.314+0000][1][gc,age       ] GC(20) - age   1:    1685832 bytes,    1685832 total
[2022-06-13T03:32:04.314+0000][1][gc,age       ] GC(20) - age   2:    3088096 bytes,    4773928 total
[2022-06-13T03:32:04.315+0000][1][gc,heap      ] GC(20) ParNew: 78656K->7387K(78656K)
[2022-06-13T03:32:04.315+0000][1][gc,heap      ] GC(20) CMS: 55125K->59186K(174784K)
[2022-06-13T03:32:04.315+0000][1][gc,metaspace ] GC(20) Metaspace: 54655K->54655K(1099776K)
[2022-06-13T03:32:04.316+0000][1][gc           ] GC(20) Pause Young (Allocation Failure) 130M->65M(247M) 10.451ms
[2022-06-13T03:32:04.316+0000][1][gc,cpu       ] GC(20) User=0.03s Sys=0.00s Real=0.01s
[2022-06-13T03:32:04.317+0000][1][safepoint    ] Leaving safepoint region
[2022-06-13T03:32:04.317+0000][1][safepoint    ] Total time for which application threads were stopped: 0.0122124 seconds, Stopping threads took: 0.0003466 seconds
[2022-06-13T03:32:04.360+0000][1][safepoint    ] Application time: 0.0425367 seconds
[2022-06-13T03:32:04.360+0000][1][safepoint    ] Entering safepoint region: RevokeBias
[2022-06-13T03:32:04.361+0000][1][safepoint    ] Leaving safepoint region
[2022-06-13T03:32:04.361+0000][1][safepoint    ] Total time for which application threads were stopped: 0.0007823 seconds, Stopping threads took: 0.0003857 seconds
[2022-06-13T03:32:04.362+0000][1][safepoint    ] Application time: 0.0001798 seconds
[2022-06-13T03:32:04.362+0000][1][safepoint    ] Entering safepoint region: RevokeBias
[2022-06-13T03:32:04.362+0000][1][safepoint    ] Leaving safepoint region
[2022-06-13T03:32:04.363+0000][1][safepoint    ] Total time for which application threads were stopped: 0.0007039 seconds, Stopping threads took: 0.0004058 seconds
[2022-06-13T03:32:04.363+0000][1][safepoint    ] Application time: 0.0001651 seconds
[2022-06-13T03:32:04.363+0000][1][safepoint    ] Entering safepoint region: RevokeBias
[2022-06-13T03:32:04.364+0000][1][safepoint    ] Leaving safepoint region
[2022-06-13T03:32:04.364+0000][1][safepoint    ] Total time for which application threads were stopped: 0.0007719 seconds, Stopping threads took: 0.0003572 seconds
[2022-06-13T03:32:04.366+0000][1][safepoint    ] Application time: 0.0018735 seconds
[2022-06-13T03:32:04.367+0000][1][safepoint    ] Entering safepoint region: RevokeBias
[2022-06-13T03:32:04.367+0000][1][safepoint    ] Leaving safepoint region
[2022-06-13T03:32:04.367+0000][1][safepoint    ] Total time for which application threads were stopped: 0.0006662 seconds, Stopping threads took: 0.0003313 seconds
[2022-06-13T03:32:04.478+0000][1][safepoint    ] Application time: 0.1107427 seconds
[2022-06-13T03:32:04.479+0000][1][safepoint    ] Entering safepoint region: Deoptimize
[2022-06-13T03:32:04.482+0000][1][safepoint    ] Leaving safepoint region
[2022-06-13T03:32:04.482+0000][1][safepoint    ] Total time for which application threads were stopped: 0.0032414 seconds, Stopping threads took: 0.0006553 seconds
[2022-06-13T03:32:04.828+0000][1][safepoint    ] Application time: 0.3450913 seconds
[2022-06-13T03:32:04.828+0000][1][safepoint    ] Entering safepoint region: Deoptimize
[2022-06-13T03:32:04.829+0000][1][safepoint    ] Leaving safepoint region
[2022-06-13T03:32:04.829+0000][1][safepoint    ] Total time for which application threads were stopped: 0.0009821 seconds, Stopping threads took: 0.0002515 seconds
[2022-06-13T03:32:04.835+0000][1][safepoint    ] Application time: 0.0050819 seconds
[2022-06-13T03:32:04.835+0000][1][safepoint    ] Entering safepoint region: RevokeBias
[2022-06-13T03:32:04.835+0000][1][safepoint    ] Leaving safepoint region
[2022-06-13T03:32:04.836+0000][1][safepoint    ] Total time for which application threads were stopped: 0.0005669 seconds, Stopping threads took: 0.0003136 seconds
[2022-06-13T03:32:04.836+0000][1][safepoint    ] Application time: 0.0003697 seconds
[2022-06-13T03:32:04.836+0000][1][safepoint    ] Entering safepoint region: RevokeBias
[2022-06-13T03:32:04.837+0000][1][safepoint    ] Leaving safepoint region
[2022-06-13T03:32:04.837+0000][1][safepoint    ] Total time for which application threads were stopped: 0.0004405 seconds, Stopping threads took: 0.0002530 seconds
[2022-06-13T03:32:04.838+0000][1][safepoint    ] Application time: 0.0005945 seconds
[2022-06-13T03:32:04.838+0000][1][safepoint    ] Entering safepoint region: RevokeBias
[2022-06-13T03:32:04.838+0000][1][safepoint    ] Leaving safepoint region
[2022-06-13T03:32:04.838+0000][1][safepoint    ] Total time for which application threads were stopped: 0.0003030 seconds, Stopping threads took: 0.0001456 seconds
[2022-06-13T03:32:04.839+0000][1][safepoint    ] Application time: 0.0003562 seconds
[2022-06-13T03:32:04.839+0000][1][safepoint    ] Entering safepoint region: RevokeBias
[2022-06-13T03:32:04.839+0000][1][safepoint    ] Leaving safepoint region
[2022-06-13T03:32:04.840+0000][1][safepoint    ] Total time for which application threads were stopped: 0.0007010 seconds, Stopping threads took: 0.0003048 seconds
[2022-06-13T03:32:04.840+0000][1][safepoint    ] Application time: 0.0001409 seconds
[2022-06-13T03:32:04.840+0000][1][safepoint    ] Entering safepoint region: RevokeBias
[2022-06-13T03:32:04.841+0000][1][safepoint    ] Leaving safepoint region
[2022-06-13T03:32:04.841+0000][1][safepoint    ] Total time for which application threads were stopped: 0.0009510 seconds, Stopping threads took: 0.0003658 seconds
[2022-06-13T03:32:04.842+0000][1][safepoint    ] Application time: 0.0001282 seconds
[2022-06-13T03:32:04.842+0000][1][safepoint    ] Entering safepoint region: RevokeBias
[2022-06-13T03:32:04.842+0000][1][safepoint    ] Leaving safepoint region
[2022-06-13T03:32:04.843+0000][1][safepoint    ] Total time for which application threads were stopped: 0.0005699 seconds, Stopping threads took: 0.0002984 seconds
[2022-06-13T03:32:04.843+0000][1][safepoint    ] Application time: 0.0002967 seconds
[2022-06-13T03:32:04.843+0000][1][safepoint    ] Entering safepoint region: RevokeBias
[2022-06-13T03:32:04.844+0000][1][safepoint    ] Leaving safepoint region
[2022-06-13T03:32:04.844+0000][1][safepoint    ] Total time for which application threads were stopped: 0.0005690 seconds, Stopping threads took: 0.0002844 seconds
[2022-06-13T03:32:04.845+0000][1][safepoint    ] Application time: 0.0003293 seconds
[2022-06-13T03:32:04.845+0000][1][safepoint    ] Entering safepoint region: RevokeBias
[2022-06-13T03:32:04.846+0000][1][safepoint    ] Leaving safepoint region
[2022-06-13T03:32:04.846+0000][1][safepoint    ] Total time for which application threads were stopped: 0.0005619 seconds, Stopping threads took: 0.0003494 seconds
[2022-06-13T03:32:04.846+0000][1][safepoint    ] Application time: 0.0001957 seconds
[2022-06-13T03:32:04.846+0000][1][safepoint    ] Entering safepoint region: RevokeBias
[2022-06-13T03:32:04.847+0000][1][safepoint    ] Leaving safepoint region
[2022-06-13T03:32:04.847+0000][1][safepoint    ] Total time for which application threads were stopped: 0.0005644 seconds, Stopping threads took: 0.0002920 seconds
[2022-06-13T03:32:04.847+0000][1][safepoint    ] Application time: 0.0000733 seconds
[2022-06-13T03:32:04.847+0000][1][safepoint    ] Entering safepoint region: RevokeBias
[2022-06-13T03:32:04.848+0000][1][safepoint    ] Leaving safepoint region
[2022-06-13T03:32:04.848+0000][1][safepoint    ] Total time for which application threads were stopped: 0.0005675 seconds, Stopping threads took: 0.0003515 seconds
[2022-06-13T03:32:04.849+0000][1][safepoint    ] Application time: 0.0003818 seconds
[2022-06-13T03:32:04.849+0000][1][safepoint    ] Entering safepoint region: BulkRevokeBias
[2022-06-13T03:32:04.849+0000][1][safepoint    ] Leaving safepoint region
[2022-06-13T03:32:04.849+0000][1][safepoint    ] Total time for which application threads were stopped: 0.0002438 seconds, Stopping threads took: 0.0001032 seconds
[2022-06-13T03:32:04.849+0000][1][safepoint    ] Application time: 0.0001534 seconds
[2022-06-13T03:32:04.849+0000][1][safepoint    ] Entering safepoint region: RevokeBias
[2022-06-13T03:32:04.849+0000][1][safepoint    ] Leaving safepoint region
[2022-06-13T03:32:04.850+0000][1][safepoint    ] Total time for which application threads were stopped: 0.0001938 seconds, Stopping threads took: 0.0000918 seconds
[2022-06-13T03:32:04.850+0000][1][safepoint    ] Application time: 0.0007962 seconds
[2022-06-13T03:32:04.850+0000][1][safepoint    ] Entering safepoint region: RevokeBias
[2022-06-13T03:32:04.851+0000][1][safepoint    ] Leaving safepoint region
[2022-06-13T03:32:04.851+0000][1][safepoint    ] Total time for which application threads were stopped: 0.0001995 seconds, Stopping threads took: 0.0000829 seconds
[2022-06-13T03:32:04.851+0000][1][safepoint    ] Application time: 0.0001028 seconds
[2022-06-13T03:32:04.851+0000][1][safepoint    ] Entering safepoint region: RevokeBias
[2022-06-13T03:32:04.851+0000][1][safepoint    ] Leaving safepoint region
[2022-06-13T03:32:04.851+0000][1][safepoint    ] Total time for which application threads were stopped: 0.0002918 seconds, Stopping threads took: 0.0001525 seconds
[2022-06-13T03:32:04.852+0000][1][safepoint    ] Application time: 0.0009622 seconds
[2022-06-13T03:32:04.853+0000][1][safepoint    ] Entering safepoint region: RevokeBias
[2022-06-13T03:32:04.853+0000][1][safepoint    ] Leaving safepoint region
[2022-06-13T03:32:04.853+0000][1][safepoint    ] Total time for which application threads were stopped: 0.0002460 seconds, Stopping threads took: 0.0001215 seconds
[2022-06-13T03:32:04.853+0000][1][safepoint    ] Application time: 0.0005743 seconds
[2022-06-13T03:32:04.854+0000][1][safepoint    ] Entering safepoint region: RevokeBias
[2022-06-13T03:32:04.854+0000][1][safepoint    ] Leaving safepoint region
[2022-06-13T03:32:04.854+0000][1][safepoint    ] Total time for which application threads were stopped: 0.0007321 seconds, Stopping threads took: 0.0001081 seconds
[2022-06-13T03:32:04.855+0000][1][safepoint    ] Application time: 0.0007046 seconds
[2022-06-13T03:32:04.855+0000][1][safepoint    ] Entering safepoint region: RevokeBias
[2022-06-13T03:32:04.855+0000][1][safepoint    ] Leaving safepoint region
[2022-06-13T03:32:04.856+0000][1][safepoint    ] Total time for which application threads were stopped: 0.0005124 seconds, Stopping threads took: 0.0001181 seconds
[2022-06-13T03:32:04.858+0000][1][safepoint    ] Application time: 0.0024906 seconds
[2022-06-13T03:32:04.859+0000][1][safepoint    ] Entering safepoint region: RevokeBias
[2022-06-13T03:32:04.859+0000][1][safepoint    ] Leaving safepoint region
[2022-06-13T03:32:04.859+0000][1][safepoint    ] Total time for which application threads were stopped: 0.0005918 seconds, Stopping threads took: 0.0001876 seconds
[2022-06-13T03:32:04.860+0000][1][safepoint    ] Application time: 0.0006166 seconds
[2022-06-13T03:32:04.860+0000][1][safepoint    ] Entering safepoint region: RevokeBias
[2022-06-13T03:32:04.860+0000][1][safepoint    ] Leaving safepoint region
[2022-06-13T03:32:04.861+0000][1][safepoint    ] Total time for which application threads were stopped: 0.0003434 seconds, Stopping threads took: 0.0001867 seconds
[2022-06-13T03:32:04.873+0000][1][safepoint    ] Application time: 0.0122491 seconds
[2022-06-13T03:32:04.873+0000][1][safepoint    ] Entering safepoint region: RevokeBias
[2022-06-13T03:32:04.873+0000][1][safepoint    ] Leaving safepoint region
[2022-06-13T03:32:04.874+0000][1][safepoint    ] Total time for which application threads were stopped: 0.0003959 seconds, Stopping threads took: 0.0001934 seconds
[2022-06-13T03:32:04.874+0000][1][safepoint    ] Application time: 0.0003045 seconds
[2022-06-13T03:32:04.874+0000][1][safepoint    ] Entering safepoint region: RevokeBias
[2022-06-13T03:32:04.874+0000][1][safepoint    ] Leaving safepoint region
[2022-06-13T03:32:04.874+0000][1][safepoint    ] Total time for which application threads were stopped: 0.0002627 seconds, Stopping threads took: 0.0001217 seconds
[2022-06-13T03:32:04.875+0000][1][safepoint    ] Application time: 0.0001450 seconds
[2022-06-13T03:32:04.875+0000][1][safepoint    ] Entering safepoint region: RevokeBias
[2022-06-13T03:32:04.875+0000][1][safepoint    ] Leaving safepoint region
[2022-06-13T03:32:04.875+0000][1][safepoint    ] Total time for which application threads were stopped: 0.0003631 seconds, Stopping threads took: 0.0002137 seconds
[2022-06-13T03:32:04.876+0000][1][safepoint    ] Application time: 0.0001165 seconds
[2022-06-13T03:32:04.876+0000][1][safepoint    ] Entering safepoint region: RevokeBias
[2022-06-13T03:32:04.876+0000][1][safepoint    ] Leaving safepoint region
[2022-06-13T03:32:04.876+0000][1][safepoint    ] Total time for which application threads were stopped: 0.0003867 seconds, Stopping threads took: 0.0002129 seconds
[2022-06-13T03:32:04.878+0000][1][safepoint    ] Application time: 0.0010569 seconds
[2022-06-13T03:32:04.878+0000][1][safepoint    ] Entering safepoint region: RevokeBias
[2022-06-13T03:32:04.878+0000][1][safepoint    ] Leaving safepoint region
[2022-06-13T03:32:04.878+0000][1][safepoint    ] Total time for which application threads were stopped: 0.0003922 seconds, Stopping threads took: 0.0002231 seconds
[2022-06-13T03:32:04.878+0000][1][safepoint    ] Application time: 0.0001536 seconds
[2022-06-13T03:32:04.879+0000][1][safepoint    ] Entering safepoint region: RevokeBias
[2022-06-13T03:32:04.879+0000][1][safepoint    ] Leaving safepoint region
[2022-06-13T03:32:04.879+0000][1][safepoint    ] Total time for which application threads were stopped: 0.0006109 seconds, Stopping threads took: 0.0002862 seconds
[2022-06-13T03:32:04.880+0000][1][safepoint    ] Application time: 0.0001851 seconds
[2022-06-13T03:32:04.880+0000][1][safepoint    ] Entering safepoint region: RevokeBias
[2022-06-13T03:32:04.880+0000][1][safepoint    ] Leaving safepoint region
[2022-06-13T03:32:04.880+0000][1][safepoint    ] Total time for which application threads were stopped: 0.0003725 seconds, Stopping threads took: 0.0002525 seconds
[2022-06-13T03:32:04.880+0000][1][safepoint    ] Application time: 0.0001011 seconds
[2022-06-13T03:32:04.881+0000][1][safepoint    ] Entering safepoint region: RevokeBias
[2022-06-13T03:32:04.881+0000][1][safepoint    ] Leaving safepoint region
[2022-06-13T03:32:04.881+0000][1][safepoint    ] Total time for which application threads were stopped: 0.0002282 seconds, Stopping threads took: 0.0001072 seconds
[2022-06-13T03:32:04.881+0000][1][safepoint    ] Application time: 0.0002263 seconds
[2022-06-13T03:32:04.881+0000][1][safepoint    ] Entering safepoint region: RevokeBias
[2022-06-13T03:32:04.881+0000][1][safepoint    ] Leaving safepoint region
[2022-06-13T03:32:04.882+0000][1][safepoint    ] Total time for which application threads were stopped: 0.0002772 seconds, Stopping threads took: 0.0001487 seconds
[2022-06-13T03:32:04.882+0000][1][safepoint    ] Application time: 0.0000789 seconds
[2022-06-13T03:32:04.882+0000][1][safepoint    ] Entering safepoint region: RevokeBias
[2022-06-13T03:32:04.882+0000][1][safepoint    ] Leaving safepoint region
[2022-06-13T03:32:04.882+0000][1][safepoint    ] Total time for which application threads were stopped: 0.0003331 seconds, Stopping threads took: 0.0002182 seconds
[2022-06-13T03:32:04.883+0000][1][safepoint    ] Application time: 0.0004228 seconds
[2022-06-13T03:32:04.883+0000][1][safepoint    ] Entering safepoint region: RevokeBias
[2022-06-13T03:32:04.883+0000][1][safepoint    ] Leaving safepoint region
[2022-06-13T03:32:04.883+0000][1][safepoint    ] Total time for which application threads were stopped: 0.0002883 seconds, Stopping threads took: 0.0001324 seconds
[2022-06-13T03:32:04.883+0000][1][safepoint    ] Application time: 0.0001163 seconds
[2022-06-13T03:32:04.883+0000][1][safepoint    ] Entering safepoint region: RevokeBias
[2022-06-13T03:32:04.883+0000][1][safepoint    ] Leaving safepoint region
[2022-06-13T03:32:04.884+0000][1][safepoint    ] Total time for which application threads were stopped: 0.0002302 seconds, Stopping threads took: 0.0001062 seconds
[2022-06-13T03:32:04.884+0000][1][safepoint    ] Application time: 0.0000808 seconds
[2022-06-13T03:32:04.884+0000][1][safepoint    ] Entering safepoint region: RevokeBias
[2022-06-13T03:32:04.884+0000][1][safepoint    ] Leaving safepoint region
[2022-06-13T03:32:04.884+0000][1][safepoint    ] Total time for which application threads were stopped: 0.0002303 seconds, Stopping threads took: 0.0001138 seconds
[2022-06-13T03:32:04.884+0000][1][safepoint    ] Application time: 0.0002736 seconds
[2022-06-13T03:32:04.885+0000][1][safepoint    ] Entering safepoint region: RevokeBias
[2022-06-13T03:32:04.885+0000][1][safepoint    ] Leaving safepoint region
[2022-06-13T03:32:04.885+0000][1][safepoint    ] Total time for which application threads were stopped: 0.0003378 seconds, Stopping threads took: 0.0001999 seconds
[2022-06-13T03:32:04.886+0000][1][safepoint    ] Application time: 0.0010818 seconds
[2022-06-13T03:32:04.886+0000][1][safepoint    ] Entering safepoint region: RevokeBias
[2022-06-13T03:32:04.887+0000][1][safepoint    ] Leaving safepoint region
[2022-06-13T03:32:04.887+0000][1][safepoint    ] Total time for which application threads were stopped: 0.0002475 seconds, Stopping threads took: 0.0001169 seconds
[2022-06-13T03:32:04.887+0000][1][safepoint    ] Application time: 0.0005185 seconds
[2022-06-13T03:32:04.887+0000][1][safepoint    ] Entering safepoint region: RevokeBias
[2022-06-13T03:32:04.888+0000][1][safepoint    ] Leaving safepoint region
[2022-06-13T03:32:04.888+0000][1][safepoint    ] Total time for which application threads were stopped: 0.0004193 seconds, Stopping threads took: 0.0002728 seconds
[2022-06-13T03:32:04.888+0000][1][safepoint    ] Application time: 0.0001313 seconds
[2022-06-13T03:32:04.888+0000][1][safepoint    ] Entering safepoint region: RevokeBias
[2022-06-13T03:32:04.888+0000][1][safepoint    ] Leaving safepoint region
[2022-06-13T03:32:04.888+0000][1][safepoint    ] Total time for which application threads were stopped: 0.0002801 seconds, Stopping threads took: 0.0001604 seconds
[2022-06-13T03:32:04.889+0000][1][safepoint    ] Application time: 0.0002022 seconds
[2022-06-13T03:32:04.889+0000][1][safepoint    ] Entering safepoint region: RevokeBias
[2022-06-13T03:32:04.889+0000][1][safepoint    ] Leaving safepoint region
[2022-06-13T03:32:04.889+0000][1][safepoint    ] Total time for which application threads were stopped: 0.0004111 seconds, Stopping threads took: 0.0001185 seconds
[2022-06-13T03:32:04.890+0000][1][safepoint    ] Application time: 0.0004578 seconds
[2022-06-13T03:32:04.890+0000][1][safepoint    ] Entering safepoint region: RevokeBias
[2022-06-13T03:32:04.890+0000][1][safepoint    ] Leaving safepoint region
[2022-06-13T03:32:04.891+0000][1][safepoint    ] Total time for which application threads were stopped: 0.0008367 seconds, Stopping threads took: 0.0002409 seconds
[2022-06-13T03:32:04.892+0000][1][safepoint    ] Application time: 0.0004192 seconds
[2022-06-13T03:32:04.892+0000][1][safepoint    ] Entering safepoint region: RevokeBias
[2022-06-13T03:32:04.892+0000][1][safepoint    ] Leaving safepoint region
[2022-06-13T03:32:04.892+0000][1][safepoint    ] Total time for which application threads were stopped: 0.0002469 seconds, Stopping threads took: 0.0001323 seconds
[2022-06-13T03:32:04.893+0000][1][safepoint    ] Application time: 0.0002200 seconds
[2022-06-13T03:32:04.893+0000][1][safepoint    ] Entering safepoint region: RevokeBias
[2022-06-13T03:32:04.893+0000][1][safepoint    ] Leaving safepoint region
[2022-06-13T03:32:04.893+0000][1][safepoint    ] Total time for which application threads were stopped: 0.0003416 seconds, Stopping threads took: 0.0002276 seconds
[2022-06-13T03:32:04.894+0000][1][safepoint    ] Application time: 0.0004894 seconds
[2022-06-13T03:32:04.894+0000][1][safepoint    ] Entering safepoint region: RevokeBias
[2022-06-13T03:32:04.894+0000][1][safepoint    ] Leaving safepoint region
[2022-06-13T03:32:04.894+0000][1][safepoint    ] Total time for which application threads were stopped: 0.0002740 seconds, Stopping threads took: 0.0001503 seconds
[2022-06-13T03:32:04.894+0000][1][safepoint    ] Application time: 0.0002186 seconds
[2022-06-13T03:32:04.894+0000][1][safepoint    ] Entering safepoint region: RevokeBias
[2022-06-13T03:32:04.895+0000][1][safepoint    ] Leaving safepoint region
[2022-06-13T03:32:04.895+0000][1][safepoint    ] Total time for which application threads were stopped: 0.0001988 seconds, Stopping threads took: 0.0000898 seconds
[2022-06-13T03:32:04.895+0000][1][safepoint    ] Application time: 0.0001610 seconds
[2022-06-13T03:32:04.895+0000][1][safepoint    ] Entering safepoint region: BulkRevokeBias
[2022-06-13T03:32:04.895+0000][1][safepoint    ] Leaving safepoint region
[2022-06-13T03:32:04.895+0000][1][safepoint    ] Total time for which application threads were stopped: 0.0003331 seconds, Stopping threads took: 0.0001339 seconds
[2022-06-13T03:32:04.895+0000][1][safepoint    ] Application time: 0.0000623 seconds
[2022-06-13T03:32:04.896+0000][1][safepoint    ] Entering safepoint region: RevokeBias
[2022-06-13T03:32:04.896+0000][1][safepoint    ] Leaving safepoint region
[2022-06-13T03:32:04.896+0000][1][safepoint    ] Total time for which application threads were stopped: 0.0002282 seconds, Stopping threads took: 0.0001196 seconds
[2022-06-13T03:32:04.896+0000][1][safepoint    ] Application time: 0.0001387 seconds
[2022-06-13T03:32:04.896+0000][1][safepoint    ] Entering safepoint region: RevokeBias
[2022-06-13T03:32:04.896+0000][1][safepoint    ] Leaving safepoint region
[2022-06-13T03:32:04.896+0000][1][safepoint    ] Total time for which application threads were stopped: 0.0001794 seconds, Stopping threads took: 0.0000837 seconds
[2022-06-13T03:32:04.897+0000][1][safepoint    ] Application time: 0.0003555 seconds
[2022-06-13T03:32:04.897+0000][1][safepoint    ] Entering safepoint region: RevokeBias
[2022-06-13T03:32:04.897+0000][1][safepoint    ] Leaving safepoint region
[2022-06-13T03:32:04.897+0000][1][safepoint    ] Total time for which application threads were stopped: 0.0002672 seconds, Stopping threads took: 0.0001263 seconds
[2022-06-13T03:32:04.897+0000][1][safepoint    ] Application time: 0.0001005 seconds
[2022-06-13T03:32:04.898+0000][1][safepoint    ] Entering safepoint region: RevokeBias
[2022-06-13T03:32:04.898+0000][1][safepoint    ] Leaving safepoint region
[2022-06-13T03:32:04.898+0000][1][safepoint    ] Total time for which application threads were stopped: 0.0002621 seconds, Stopping threads took: 0.0001238 seconds
[2022-06-13T03:32:04.900+0000][1][safepoint    ] Application time: 0.0024586 seconds
[2022-06-13T03:32:04.901+0000][1][safepoint    ] Entering safepoint region: RevokeBias
[2022-06-13T03:32:04.901+0000][1][safepoint    ] Leaving safepoint region
[2022-06-13T03:32:04.901+0000][1][safepoint    ] Total time for which application threads were stopped: 0.0003420 seconds, Stopping threads took: 0.0001598 seconds
[2022-06-13T03:32:04.901+0000][1][safepoint    ] Application time: 0.0001047 seconds
[2022-06-13T03:32:04.901+0000][1][safepoint    ] Entering safepoint region: RevokeBias
[2022-06-13T03:32:04.902+0000][1][safepoint    ] Leaving safepoint region
[2022-06-13T03:32:04.902+0000][1][safepoint    ] Total time for which application threads were stopped: 0.0003681 seconds, Stopping threads took: 0.0002087 seconds
[2022-06-13T03:32:04.904+0000][1][safepoint    ] Application time: 0.0021939 seconds
[2022-06-13T03:32:04.904+0000][1][safepoint    ] Entering safepoint region: RevokeBias
[2022-06-13T03:32:04.905+0000][1][safepoint    ] Leaving safepoint region
[2022-06-13T03:32:04.905+0000][1][safepoint    ] Total time for which application threads were stopped: 0.0005711 seconds, Stopping threads took: 0.0001846 seconds
[2022-06-13T03:32:04.905+0000][1][safepoint    ] Application time: 0.0001597 seconds
[2022-06-13T03:32:04.905+0000][1][safepoint    ] Entering safepoint region: GenCollectForAllocation
[2022-06-13T03:32:04.906+0000][1][gc,start     ] GC(21) Pause Young (Allocation Failure)
[2022-06-13T03:32:04.906+0000][1][gc,task      ] GC(21) Using 5 workers of 13 for evacuation
[2022-06-13T03:32:04.912+0000][1][gc,age       ] GC(21) Desired survivor size 4456448 bytes, new threshold 2 (max threshold 6)
[2022-06-13T03:32:04.912+0000][1][gc,age       ] GC(21) Age table with threshold 2 (max threshold 6)
[2022-06-13T03:32:04.912+0000][1][gc,age       ] GC(21) - age   1:    3767040 bytes,    3767040 total
[2022-06-13T03:32:04.912+0000][1][gc,age       ] GC(21) - age   2:    1555936 bytes,    5322976 total
[2022-06-13T03:32:04.913+0000][1][gc,heap      ] GC(21) ParNew: 77339K->8057K(78656K)
[2022-06-13T03:32:04.913+0000][1][gc,heap      ] GC(21) CMS: 59186K->62266K(174784K)
[2022-06-13T03:32:04.913+0000][1][gc,metaspace ] GC(21) Metaspace: 62824K->62824K(1105920K)
[2022-06-13T03:32:04.913+0000][1][gc           ] GC(21) Pause Young (Allocation Failure) 133M->68M(247M) 7.525ms
[2022-06-13T03:32:04.913+0000][1][gc,cpu       ] GC(21) User=0.03s Sys=0.00s Real=0.01s
[2022-06-13T03:32:04.913+0000][1][safepoint    ] Leaving safepoint region
[2022-06-13T03:32:04.914+0000][1][safepoint    ] Total time for which application threads were stopped: 0.0083570 seconds, Stopping threads took: 0.0002583 seconds
[2022-06-13T03:32:04.914+0000][1][safepoint    ] Application time: 0.0002555 seconds
[2022-06-13T03:32:04.914+0000][1][safepoint    ] Entering safepoint region: RevokeBias
[2022-06-13T03:32:04.915+0000][1][safepoint    ] Leaving safepoint region
[2022-06-13T03:32:04.915+0000][1][safepoint    ] Total time for which application threads were stopped: 0.0004845 seconds, Stopping threads took: 0.0002676 seconds
[2022-06-13T03:32:04.915+0000][1][safepoint    ] Application time: 0.0004406 seconds
[2022-06-13T03:32:04.915+0000][1][safepoint    ] Entering safepoint region: RevokeBias
[2022-06-13T03:32:04.916+0000][1][safepoint    ] Leaving safepoint region
[2022-06-13T03:32:04.916+0000][1][safepoint    ] Total time for which application threads were stopped: 0.0003263 seconds, Stopping threads took: 0.0001402 seconds
[2022-06-13T03:32:04.916+0000][1][safepoint    ] Application time: 0.0000815 seconds
[2022-06-13T03:32:04.916+0000][1][safepoint    ] Entering safepoint region: RevokeBias
[2022-06-13T03:32:04.916+0000][1][safepoint    ] Leaving safepoint region
[2022-06-13T03:32:04.917+0000][1][safepoint    ] Total time for which application threads were stopped: 0.0002812 seconds, Stopping threads took: 0.0001358 seconds
[2022-06-13T03:32:04.917+0000][1][safepoint    ] Application time: 0.0000842 seconds
[2022-06-13T03:32:04.917+0000][1][safepoint    ] Entering safepoint region: RevokeBias
[2022-06-13T03:32:04.917+0000][1][safepoint    ] Leaving safepoint region
[2022-06-13T03:32:04.917+0000][1][safepoint    ] Total time for which application threads were stopped: 0.0003212 seconds, Stopping threads took: 0.0001933 seconds
[2022-06-13T03:32:04.920+0000][1][safepoint    ] Application time: 0.0024069 seconds
[2022-06-13T03:32:04.920+0000][1][safepoint    ] Entering safepoint region: RevokeBias
[2022-06-13T03:32:04.920+0000][1][safepoint    ] Leaving safepoint region
[2022-06-13T03:32:04.920+0000][1][safepoint    ] Total time for which application threads were stopped: 0.0002468 seconds, Stopping threads took: 0.0001146 seconds
[2022-06-13T03:32:04.920+0000][1][safepoint    ] Application time: 0.0000853 seconds
[2022-06-13T03:32:04.920+0000][1][safepoint    ] Entering safepoint region: RevokeBias
[2022-06-13T03:32:04.920+0000][1][safepoint    ] Leaving safepoint region
[2022-06-13T03:32:04.921+0000][1][safepoint    ] Total time for which application threads were stopped: 0.0003468 seconds, Stopping threads took: 0.0001368 seconds
[2022-06-13T03:32:04.922+0000][1][safepoint    ] Application time: 0.0016826 seconds
[2022-06-13T03:32:04.923+0000][1][safepoint    ] Entering safepoint region: RevokeBias
[2022-06-13T03:32:04.923+0000][1][safepoint    ] Leaving safepoint region
[2022-06-13T03:32:04.923+0000][1][safepoint    ] Total time for which application threads were stopped: 0.0002651 seconds, Stopping threads took: 0.0001267 seconds
[2022-06-13T03:32:04.923+0000][1][safepoint    ] Application time: 0.0001370 seconds
[2022-06-13T03:32:04.923+0000][1][safepoint    ] Entering safepoint region: RevokeBias
[2022-06-13T03:32:04.923+0000][1][safepoint    ] Leaving safepoint region
[2022-06-13T03:32:04.923+0000][1][safepoint    ] Total time for which application threads were stopped: 0.0002539 seconds, Stopping threads took: 0.0001260 seconds
[2022-06-13T03:32:04.924+0000][1][safepoint    ] Application time: 0.0001323 seconds
[2022-06-13T03:32:04.924+0000][1][safepoint    ] Entering safepoint region: RevokeBias
[2022-06-13T03:32:04.924+0000][1][safepoint    ] Leaving safepoint region
[2022-06-13T03:32:04.924+0000][1][safepoint    ] Total time for which application threads were stopped: 0.0003194 seconds, Stopping threads took: 0.0001541 seconds
[2022-06-13T03:32:04.924+0000][1][safepoint    ] Application time: 0.0000909 seconds
[2022-06-13T03:32:04.924+0000][1][safepoint    ] Entering safepoint region: RevokeBias
[2022-06-13T03:32:04.924+0000][1][safepoint    ] Leaving safepoint region
[2022-06-13T03:32:04.925+0000][1][safepoint    ] Total time for which application threads were stopped: 0.0002285 seconds, Stopping threads took: 0.0000978 seconds
[2022-06-13T03:32:04.927+0000][1][safepoint    ] Application time: 0.0025457 seconds
[2022-06-13T03:32:04.927+0000][1][safepoint    ] Entering safepoint region: RevokeBias
[2022-06-13T03:32:04.928+0000][1][safepoint    ] Leaving safepoint region
[2022-06-13T03:32:04.928+0000][1][safepoint    ] Total time for which application threads were stopped: 0.0002473 seconds, Stopping threads took: 0.0001236 seconds
[2022-06-13T03:32:04.928+0000][1][safepoint    ] Application time: 0.0000960 seconds
[2022-06-13T03:32:04.928+0000][1][safepoint    ] Entering safepoint region: RevokeBias
[2022-06-13T03:32:04.928+0000][1][safepoint    ] Leaving safepoint region
[2022-06-13T03:32:04.928+0000][1][safepoint    ] Total time for which application threads were stopped: 0.0002738 seconds, Stopping threads took: 0.0001404 seconds
[2022-06-13T03:32:04.928+0000][1][safepoint    ] Application time: 0.0001118 seconds
[2022-06-13T03:32:04.928+0000][1][safepoint    ] Entering safepoint region: RevokeBias
[2022-06-13T03:32:04.929+0000][1][safepoint    ] Leaving safepoint region
[2022-06-13T03:32:04.929+0000][1][safepoint    ] Total time for which application threads were stopped: 0.0002318 seconds, Stopping threads took: 0.0001019 seconds
[2022-06-13T03:32:04.929+0000][1][safepoint    ] Application time: 0.0001244 seconds
[2022-06-13T03:32:04.929+0000][1][safepoint    ] Entering safepoint region: RevokeBias
[2022-06-13T03:32:04.929+0000][1][safepoint    ] Leaving safepoint region
[2022-06-13T03:32:04.929+0000][1][safepoint    ] Total time for which application threads were stopped: 0.0002402 seconds, Stopping threads took: 0.0001283 seconds
[2022-06-13T03:32:04.931+0000][1][safepoint    ] Application time: 0.0011983 seconds
[2022-06-13T03:32:04.931+0000][1][safepoint    ] Entering safepoint region: RevokeBias
[2022-06-13T03:32:04.931+0000][1][safepoint    ] Leaving safepoint region
[2022-06-13T03:32:04.931+0000][1][safepoint    ] Total time for which application threads were stopped: 0.0002540 seconds, Stopping threads took: 0.0001127 seconds
[2022-06-13T03:32:05.698+0000][1][safepoint    ] Application time: 0.7668884 seconds
[2022-06-13T03:32:05.699+0000][1][safepoint    ] Entering safepoint region: RevokeBias
[2022-06-13T03:32:05.699+0000][1][safepoint    ] Leaving safepoint region
[2022-06-13T03:32:05.700+0000][1][safepoint    ] Total time for which application threads were stopped: 0.0010524 seconds, Stopping threads took: 0.0005043 seconds
[2022-06-13T03:32:05.700+0000][1][safepoint    ] Application time: 0.0002351 seconds
[2022-06-13T03:32:05.701+0000][1][safepoint    ] Entering safepoint region: RevokeBias
[2022-06-13T03:32:05.701+0000][1][safepoint    ] Leaving safepoint region
[2022-06-13T03:32:05.702+0000][1][safepoint    ] Total time for which application threads were stopped: 0.0008972 seconds, Stopping threads took: 0.0004395 seconds
[2022-06-13T03:32:05.702+0000][1][safepoint    ] Application time: 0.0002374 seconds
[2022-06-13T03:32:05.703+0000][1][safepoint    ] Entering safepoint region: RevokeBias
[2022-06-13T03:32:05.703+0000][1][safepoint    ] Leaving safepoint region
[2022-06-13T03:32:05.704+0000][1][safepoint    ] Total time for which application threads were stopped: 0.0008730 seconds, Stopping threads took: 0.0003682 seconds
[2022-06-13T03:32:05.704+0000][1][safepoint    ] Application time: 0.0001643 seconds
[2022-06-13T03:32:05.704+0000][1][safepoint    ] Entering safepoint region: RevokeBias
[2022-06-13T03:32:05.705+0000][1][safepoint    ] Leaving safepoint region
[2022-06-13T03:32:05.705+0000][1][safepoint    ] Total time for which application threads were stopped: 0.0005323 seconds, Stopping threads took: 0.0002990 seconds
[2022-06-13T03:32:05.705+0000][1][safepoint    ] Application time: 0.0001816 seconds
[2022-06-13T03:32:05.706+0000][1][safepoint    ] Entering safepoint region: RevokeBias
[2022-06-13T03:32:05.706+0000][1][safepoint    ] Leaving safepoint region
[2022-06-13T03:32:05.706+0000][1][safepoint    ] Total time for which application threads were stopped: 0.0003736 seconds, Stopping threads took: 0.0002051 seconds
[2022-06-13T03:32:05.706+0000][1][safepoint    ] Application time: 0.0000650 seconds
[2022-06-13T03:32:05.706+0000][1][safepoint    ] Entering safepoint region: RevokeBias
[2022-06-13T03:32:05.706+0000][1][safepoint    ] Leaving safepoint region
[2022-06-13T03:32:05.707+0000][1][safepoint    ] Total time for which application threads were stopped: 0.0004681 seconds, Stopping threads took: 0.0000859 seconds
[2022-06-13T03:32:05.707+0000][1][safepoint    ] Application time: 0.0001335 seconds
[2022-06-13T03:32:05.707+0000][1][safepoint    ] Entering safepoint region: RevokeBias
[2022-06-13T03:32:05.707+0000][1][safepoint    ] Leaving safepoint region
[2022-06-13T03:32:05.708+0000][1][safepoint    ] Total time for which application threads were stopped: 0.0003360 seconds, Stopping threads took: 0.0001415 seconds
[2022-06-13T03:32:05.708+0000][1][safepoint    ] Application time: 0.0001203 seconds
[2022-06-13T03:32:05.708+0000][1][safepoint    ] Entering safepoint region: RevokeBias
[2022-06-13T03:32:05.708+0000][1][safepoint    ] Leaving safepoint region
[2022-06-13T03:32:05.708+0000][1][safepoint    ] Total time for which application threads were stopped: 0.0002338 seconds, Stopping threads took: 0.0001072 seconds
[2022-06-13T03:32:05.862+0000][1][safepoint    ] Application time: 0.1532075 seconds
[2022-06-13T03:32:05.862+0000][1][safepoint    ] Entering safepoint region: RevokeBias
[2022-06-13T03:32:05.862+0000][1][safepoint    ] Leaving safepoint region
[2022-06-13T03:32:05.863+0000][1][safepoint    ] Total time for which application threads were stopped: 0.0008362 seconds, Stopping threads took: 0.0003428 seconds
[2022-06-13T03:32:05.874+0000][1][safepoint    ] Application time: 0.0106486 seconds
[2022-06-13T03:32:05.874+0000][1][safepoint    ] Entering safepoint region: RevokeBias
[2022-06-13T03:32:05.875+0000][1][safepoint    ] Leaving safepoint region
[2022-06-13T03:32:05.875+0000][1][safepoint    ] Total time for which application threads were stopped: 0.0007323 seconds, Stopping threads took: 0.0004312 seconds
[2022-06-13T03:32:06.876+0000][1][safepoint    ] Application time: 1.0002005 seconds
[2022-06-13T03:32:06.876+0000][1][safepoint    ] Entering safepoint region: Cleanup
[2022-06-13T03:32:06.876+0000][1][safepoint    ] Leaving safepoint region
[2022-06-13T03:32:06.877+0000][1][safepoint    ] Total time for which application threads were stopped: 0.0006111 seconds, Stopping threads took: 0.0003516 seconds
[2022-06-13T03:32:07.920+0000][1][safepoint    ] Application time: 1.0430738 seconds
[2022-06-13T03:32:07.921+0000][1][safepoint    ] Entering safepoint region: RevokeBias
[2022-06-13T03:32:07.921+0000][1][safepoint    ] Leaving safepoint region
[2022-06-13T03:32:07.921+0000][1][safepoint    ] Total time for which application threads were stopped: 0.0008239 seconds, Stopping threads took: 0.0003899 seconds
[2022-06-13T03:32:07.922+0000][1][safepoint    ] Application time: 0.0005831 seconds
[2022-06-13T03:32:07.923+0000][1][safepoint    ] Entering safepoint region: RevokeBias
[2022-06-13T03:32:07.923+0000][1][safepoint    ] Leaving safepoint region
[2022-06-13T03:32:07.924+0000][1][safepoint    ] Total time for which application threads were stopped: 0.0010645 seconds, Stopping threads took: 0.0005459 seconds
[2022-06-13T03:32:07.925+0000][1][safepoint    ] Application time: 0.0004427 seconds
[2022-06-13T03:32:07.925+0000][1][safepoint    ] Entering safepoint region: RevokeBias
[2022-06-13T03:32:07.925+0000][1][safepoint    ] Leaving safepoint region
[2022-06-13T03:32:07.926+0000][1][safepoint    ] Total time for which application threads were stopped: 0.0009209 seconds, Stopping threads took: 0.0004456 seconds
[2022-06-13T03:32:08.877+0000][1][safepoint    ] Application time: 0.9504969 seconds
[2022-06-13T03:32:08.877+0000][1][safepoint    ] Entering safepoint region: RevokeBias
[2022-06-13T03:32:08.878+0000][1][safepoint    ] Leaving safepoint region
[2022-06-13T03:32:08.878+0000][1][safepoint    ] Total time for which application threads were stopped: 0.0008161 seconds, Stopping threads took: 0.0003817 seconds
[2022-06-13T03:32:08.879+0000][1][safepoint    ] Application time: 0.0004850 seconds
[2022-06-13T03:32:08.879+0000][1][safepoint    ] Entering safepoint region: RevokeBias
[2022-06-13T03:32:08.880+0000][1][safepoint    ] Leaving safepoint region
[2022-06-13T03:32:08.880+0000][1][safepoint    ] Total time for which application threads were stopped: 0.0007106 seconds, Stopping threads took: 0.0003489 seconds
[2022-06-13T03:32:08.881+0000][1][safepoint    ] Application time: 0.0001828 seconds
[2022-06-13T03:32:08.881+0000][1][safepoint    ] Entering safepoint region: RevokeBias
[2022-06-13T03:32:08.881+0000][1][safepoint    ] Leaving safepoint region
[2022-06-13T03:32:08.882+0000][1][safepoint    ] Total time for which application threads were stopped: 0.0005550 seconds, Stopping threads took: 0.0002490 seconds
[2022-06-13T03:32:08.882+0000][1][safepoint    ] Application time: 0.0002678 seconds
[2022-06-13T03:32:08.882+0000][1][safepoint    ] Entering safepoint region: RevokeBias
[2022-06-13T03:32:08.883+0000][1][safepoint    ] Leaving safepoint region
[2022-06-13T03:32:08.883+0000][1][safepoint    ] Total time for which application threads were stopped: 0.0005455 seconds, Stopping threads took: 0.0002568 seconds
[2022-06-13T03:32:08.883+0000][1][safepoint    ] Application time: 0.0001223 seconds
[2022-06-13T03:32:08.883+0000][1][safepoint    ] Entering safepoint region: RevokeBias
[2022-06-13T03:32:08.884+0000][1][safepoint    ] Leaving safepoint region
[2022-06-13T03:32:08.884+0000][1][safepoint    ] Total time for which application threads were stopped: 0.0006092 seconds, Stopping threads took: 0.0002334 seconds
[2022-06-13T03:32:08.884+0000][1][safepoint    ] Application time: 0.0001682 seconds
[2022-06-13T03:32:08.885+0000][1][safepoint    ] Entering safepoint region: RevokeBias
[2022-06-13T03:32:08.885+0000][1][safepoint    ] Leaving safepoint region
[2022-06-13T03:32:08.885+0000][1][safepoint    ] Total time for which application threads were stopped: 0.0002937 seconds, Stopping threads took: 0.0001095 seconds
[2022-06-13T03:32:08.885+0000][1][safepoint    ] Application time: 0.0003372 seconds
[2022-06-13T03:32:08.886+0000][1][safepoint    ] Entering safepoint region: RevokeBias
[2022-06-13T03:32:08.886+0000][1][safepoint    ] Leaving safepoint region
[2022-06-13T03:32:08.886+0000][1][safepoint    ] Total time for which application threads were stopped: 0.0002547 seconds, Stopping threads took: 0.0001209 seconds
[2022-06-13T03:32:09.886+0000][1][safepoint    ] Application time: 1.0001716 seconds
[2022-06-13T03:32:09.887+0000][1][safepoint    ] Entering safepoint region: Cleanup
[2022-06-13T03:32:09.887+0000][1][safepoint    ] Leaving safepoint region
[2022-06-13T03:32:09.887+0000][1][safepoint    ] Total time for which application threads were stopped: 0.0004629 seconds, Stopping threads took: 0.0002481 seconds
[2022-06-13T03:32:11.714+0000][1][safepoint    ] Application time: 1.8267927 seconds
[2022-06-13T03:32:11.715+0000][1][safepoint    ] Entering safepoint region: Cleanup
[2022-06-13T03:32:11.715+0000][1][safepoint    ] Leaving safepoint region
[2022-06-13T03:32:11.715+0000][1][safepoint    ] Total time for which application threads were stopped: 0.0009418 seconds, Stopping threads took: 0.0004472 seconds
[2022-06-13T03:32:11.877+0000][1][safepoint    ] Application time: 0.1607501 seconds
[2022-06-13T03:32:11.877+0000][1][safepoint    ] Entering safepoint region: RevokeBias
[2022-06-13T03:32:11.878+0000][1][safepoint    ] Leaving safepoint region
[2022-06-13T03:32:11.878+0000][1][safepoint    ] Total time for which application threads were stopped: 0.0009527 seconds, Stopping threads took: 0.0005278 seconds
[2022-06-13T03:32:11.879+0000][1][safepoint    ] Application time: 0.0002404 seconds
[2022-06-13T03:32:11.879+0000][1][safepoint    ] Entering safepoint region: RevokeBias
[2022-06-13T03:32:11.880+0000][1][safepoint    ] Leaving safepoint region
[2022-06-13T03:32:11.880+0000][1][safepoint    ] Total time for which application threads were stopped: 0.0008007 seconds, Stopping threads took: 0.0004080 seconds
[2022-06-13T03:32:11.881+0000][1][safepoint    ] Application time: 0.0001644 seconds
[2022-06-13T03:32:11.881+0000][1][safepoint    ] Entering safepoint region: RevokeBias
[2022-06-13T03:32:11.881+0000][1][safepoint    ] Leaving safepoint region
[2022-06-13T03:32:11.882+0000][1][safepoint    ] Total time for which application threads were stopped: 0.0010199 seconds, Stopping threads took: 0.0006146 seconds
[2022-06-13T03:32:12.879+0000][1][safepoint    ] Application time: 0.9965194 seconds
[2022-06-13T03:32:12.879+0000][1][safepoint    ] Entering safepoint region: RevokeBias
[2022-06-13T03:32:12.880+0000][1][safepoint    ] Leaving safepoint region
[2022-06-13T03:32:12.880+0000][1][safepoint    ] Total time for which application threads were stopped: 0.0004917 seconds, Stopping threads took: 0.0002082 seconds
[2022-06-13T03:32:12.881+0000][1][safepoint    ] Application time: 0.0005223 seconds
[2022-06-13T03:32:12.881+0000][1][safepoint    ] Entering safepoint region: RevokeBias
[2022-06-13T03:32:12.881+0000][1][safepoint    ] Leaving safepoint region
[2022-06-13T03:32:12.881+0000][1][safepoint    ] Total time for which application threads were stopped: 0.0005140 seconds, Stopping threads took: 0.0003031 seconds
[2022-06-13T03:32:12.882+0000][1][safepoint    ] Application time: 0.0002548 seconds
[2022-06-13T03:32:12.882+0000][1][safepoint    ] Entering safepoint region: RevokeBias
[2022-06-13T03:32:12.882+0000][1][safepoint    ] Leaving safepoint region
[2022-06-13T03:32:12.883+0000][1][safepoint    ] Total time for which application threads were stopped: 0.0005266 seconds, Stopping threads took: 0.0002029 seconds
[2022-06-13T03:32:12.883+0000][1][safepoint    ] Application time: 0.0001696 seconds
[2022-06-13T03:32:12.883+0000][1][safepoint    ] Entering safepoint region: RevokeBias
[2022-06-13T03:32:12.884+0000][1][safepoint    ] Leaving safepoint region
[2022-06-13T03:32:12.884+0000][1][safepoint    ] Total time for which application threads were stopped: 0.0008219 seconds, Stopping threads took: 0.0004217 seconds
[2022-06-13T03:32:12.884+0000][1][safepoint    ] Application time: 0.0000715 seconds
[2022-06-13T03:32:12.885+0000][1][safepoint    ] Entering safepoint region: RevokeBias
[2022-06-13T03:32:12.885+0000][1][safepoint    ] Leaving safepoint region
[2022-06-13T03:32:12.885+0000][1][safepoint    ] Total time for which application threads were stopped: 0.0007367 seconds, Stopping threads took: 0.0003664 seconds
[2022-06-13T03:32:12.886+0000][1][safepoint    ] Application time: 0.0003806 seconds
[2022-06-13T03:32:12.887+0000][1][safepoint    ] Entering safepoint region: RevokeBias
[2022-06-13T03:32:12.887+0000][1][safepoint    ] Leaving safepoint region
[2022-06-13T03:32:12.887+0000][1][safepoint    ] Total time for which application threads were stopped: 0.0006551 seconds, Stopping threads took: 0.0003447 seconds
[2022-06-13T03:32:12.888+0000][1][safepoint    ] Application time: 0.0004265 seconds
[2022-06-13T03:32:12.888+0000][1][safepoint    ] Entering safepoint region: RevokeBias
[2022-06-13T03:32:12.889+0000][1][safepoint    ] Leaving safepoint region
[2022-06-13T03:32:12.889+0000][1][safepoint    ] Total time for which application threads were stopped: 0.0005120 seconds, Stopping threads took: 0.0002586 seconds
[2022-06-13T03:32:13.804+0000][1][safepoint    ] Application time: 0.9146597 seconds
[2022-06-13T03:32:13.804+0000][1][safepoint    ] Entering safepoint region: RevokeBias
[2022-06-13T03:32:13.805+0000][1][safepoint    ] Leaving safepoint region
[2022-06-13T03:32:13.805+0000][1][safepoint    ] Total time for which application threads were stopped: 0.0007920 seconds, Stopping threads took: 0.0003668 seconds
[2022-06-13T03:32:13.806+0000][1][safepoint    ] Application time: 0.0000987 seconds
[2022-06-13T03:32:13.806+0000][1][safepoint    ] Entering safepoint region: RevokeBias
[2022-06-13T03:32:13.807+0000][1][safepoint    ] Leaving safepoint region
[2022-06-13T03:32:13.807+0000][1][safepoint    ] Total time for which application threads were stopped: 0.0008422 seconds, Stopping threads took: 0.0004602 seconds
[2022-06-13T03:32:14.807+0000][1][safepoint    ] Application time: 1.0002391 seconds
[2022-06-13T03:32:14.808+0000][1][safepoint    ] Entering safepoint region: Cleanup
[2022-06-13T03:32:14.808+0000][1][safepoint    ] Leaving safepoint region
[2022-06-13T03:32:14.809+0000][1][safepoint    ] Total time for which application threads were stopped: 0.0007912 seconds, Stopping threads took: 0.0003852 seconds
[2022-06-13T03:32:15.809+0000][1][safepoint    ] Application time: 1.0003121 seconds
[2022-06-13T03:32:15.810+0000][1][safepoint    ] Entering safepoint region: Cleanup
[2022-06-13T03:32:15.810+0000][1][safepoint    ] Leaving safepoint region
[2022-06-13T03:32:15.811+0000][1][safepoint    ] Total time for which application threads were stopped: 0.0010853 seconds, Stopping threads took: 0.0004780 seconds
[2022-06-13T03:32:15.879+0000][1][safepoint    ] Application time: 0.0672061 seconds
[2022-06-13T03:32:15.879+0000][1][safepoint    ] Entering safepoint region: RevokeBias
[2022-06-13T03:32:15.880+0000][1][safepoint    ] Leaving safepoint region
[2022-06-13T03:32:15.880+0000][1][safepoint    ] Total time for which application threads were stopped: 0.0007434 seconds, Stopping threads took: 0.0003344 seconds
[2022-06-13T03:32:15.881+0000][1][safepoint    ] Application time: 0.0004492 seconds
[2022-06-13T03:32:15.881+0000][1][safepoint    ] Entering safepoint region: RevokeBias
[2022-06-13T03:32:15.881+0000][1][safepoint    ] Leaving safepoint region
[2022-06-13T03:32:15.882+0000][1][safepoint    ] Total time for which application threads were stopped: 0.0005947 seconds, Stopping threads took: 0.0003515 seconds
[2022-06-13T03:32:16.880+0000][1][safepoint    ] Application time: 0.9984277 seconds
[2022-06-13T03:32:16.881+0000][1][safepoint    ] Entering safepoint region: RevokeBias
[2022-06-13T03:32:16.881+0000][1][safepoint    ] Leaving safepoint region
[2022-06-13T03:32:16.881+0000][1][safepoint    ] Total time for which application threads were stopped: 0.0007575 seconds, Stopping threads took: 0.0003220 seconds
[2022-06-13T03:32:16.882+0000][1][safepoint    ] Application time: 0.0003567 seconds
[2022-06-13T03:32:16.883+0000][1][safepoint    ] Entering safepoint region: RevokeBias
[2022-06-13T03:32:16.883+0000][1][safepoint    ] Leaving safepoint region
[2022-06-13T03:32:16.883+0000][1][safepoint    ] Total time for which application threads were stopped: 0.0006764 seconds, Stopping threads took: 0.0003704 seconds
[2022-06-13T03:32:16.884+0000][1][safepoint    ] Application time: 0.0003937 seconds
[2022-06-13T03:32:16.884+0000][1][safepoint    ] Entering safepoint region: RevokeBias
[2022-06-13T03:32:16.885+0000][1][safepoint    ] Leaving safepoint region
[2022-06-13T03:32:16.885+0000][1][safepoint    ] Total time for which application threads were stopped: 0.0008351 seconds, Stopping threads took: 0.0003416 seconds
[2022-06-13T03:32:16.886+0000][1][safepoint    ] Application time: 0.0002597 seconds
[2022-06-13T03:32:16.886+0000][1][safepoint    ] Entering safepoint region: RevokeBias
[2022-06-13T03:32:16.887+0000][1][safepoint    ] Leaving safepoint region
[2022-06-13T03:32:16.887+0000][1][safepoint    ] Total time for which application threads were stopped: 0.0006035 seconds, Stopping threads took: 0.0003097 seconds
[2022-06-13T03:32:16.887+0000][1][safepoint    ] Application time: 0.0002699 seconds
[2022-06-13T03:32:16.888+0000][1][safepoint    ] Entering safepoint region: RevokeBias
[2022-06-13T03:32:16.888+0000][1][safepoint    ] Leaving safepoint region
[2022-06-13T03:32:16.888+0000][1][safepoint    ] Total time for which application threads were stopped: 0.0007045 seconds, Stopping threads took: 0.0003300 seconds
[2022-06-13T03:32:16.889+0000][1][safepoint    ] Application time: 0.0002241 seconds
[2022-06-13T03:32:16.890+0000][1][safepoint    ] Entering safepoint region: RevokeBias
[2022-06-13T03:32:16.890+0000][1][safepoint    ] Leaving safepoint region
[2022-06-13T03:32:16.890+0000][1][safepoint    ] Total time for which application threads were stopped: 0.0006856 seconds, Stopping threads took: 0.0004111 seconds
[2022-06-13T03:32:16.891+0000][1][safepoint    ] Application time: 0.0002486 seconds
[2022-06-13T03:32:16.891+0000][1][safepoint    ] Entering safepoint region: RevokeBias
[2022-06-13T03:32:16.891+0000][1][safepoint    ] Leaving safepoint region
[2022-06-13T03:32:16.891+0000][1][safepoint    ] Total time for which application threads were stopped: 0.0003431 seconds, Stopping threads took: 0.0001619 seconds
[2022-06-13T03:32:17.892+0000][1][safepoint    ] Application time: 1.0002191 seconds
[2022-06-13T03:32:17.892+0000][1][safepoint    ] Entering safepoint region: Cleanup
[2022-06-13T03:32:17.893+0000][1][safepoint    ] Leaving safepoint region
[2022-06-13T03:32:17.893+0000][1][safepoint    ] Total time for which application threads were stopped: 0.0009077 seconds, Stopping threads took: 0.0004386 seconds
[2022-06-13T03:32:18.894+0000][1][safepoint    ] Application time: 1.0001862 seconds
[2022-06-13T03:32:18.894+0000][1][safepoint    ] Entering safepoint region: Cleanup
[2022-06-13T03:32:18.895+0000][1][safepoint    ] Leaving safepoint region
[2022-06-13T03:32:18.895+0000][1][safepoint    ] Total time for which application threads were stopped: 0.0010438 seconds, Stopping threads took: 0.0004231 seconds
[2022-06-13T03:32:19.880+0000][1][safepoint    ] Application time: 0.9842736 seconds
[2022-06-13T03:32:19.881+0000][1][safepoint    ] Entering safepoint region: RevokeBias
[2022-06-13T03:32:19.881+0000][1][safepoint    ] Leaving safepoint region
[2022-06-13T03:32:19.882+0000][1][safepoint    ] Total time for which application threads were stopped: 0.0013406 seconds, Stopping threads took: 0.0005400 seconds
[2022-06-13T03:32:19.882+0000][1][safepoint    ] Application time: 0.0003100 seconds
[2022-06-13T03:32:19.883+0000][1][safepoint    ] Entering safepoint region: RevokeBias
[2022-06-13T03:32:19.883+0000][1][safepoint    ] Leaving safepoint region
[2022-06-13T03:32:19.884+0000][1][safepoint    ] Total time for which application threads were stopped: 0.0008915 seconds, Stopping threads took: 0.0003730 seconds
[2022-06-13T03:32:20.883+0000][1][safepoint    ] Application time: 0.9985068 seconds
[2022-06-13T03:32:20.883+0000][1][safepoint    ] Entering safepoint region: RevokeBias
[2022-06-13T03:32:20.884+0000][1][safepoint    ] Leaving safepoint region
[2022-06-13T03:32:20.884+0000][1][safepoint    ] Total time for which application threads were stopped: 0.0007802 seconds, Stopping threads took: 0.0001813 seconds
[2022-06-13T03:32:20.885+0000][1][safepoint    ] Application time: 0.0006287 seconds
[2022-06-13T03:32:20.885+0000][1][safepoint    ] Entering safepoint region: RevokeBias
[2022-06-13T03:32:20.886+0000][1][safepoint    ] Leaving safepoint region
[2022-06-13T03:32:20.887+0000][1][safepoint    ] Total time for which application threads were stopped: 0.0014453 seconds, Stopping threads took: 0.0005195 seconds
[2022-06-13T03:32:20.887+0000][1][safepoint    ] Application time: 0.0003171 seconds
[2022-06-13T03:32:20.888+0000][1][safepoint    ] Entering safepoint region: RevokeBias
[2022-06-13T03:32:20.888+0000][1][safepoint    ] Leaving safepoint region
[2022-06-13T03:32:20.888+0000][1][safepoint    ] Total time for which application threads were stopped: 0.0004203 seconds, Stopping threads took: 0.0001511 seconds
[2022-06-13T03:32:20.889+0000][1][safepoint    ] Application time: 0.0002016 seconds
[2022-06-13T03:32:20.889+0000][1][safepoint    ] Entering safepoint region: RevokeBias
[2022-06-13T03:32:20.889+0000][1][safepoint    ] Leaving safepoint region
[2022-06-13T03:32:20.890+0000][1][safepoint    ] Total time for which application threads were stopped: 0.0007562 seconds, Stopping threads took: 0.0003101 seconds
[2022-06-13T03:32:20.891+0000][1][safepoint    ] Application time: 0.0004494 seconds
[2022-06-13T03:32:20.891+0000][1][safepoint    ] Entering safepoint region: RevokeBias
[2022-06-13T03:32:20.891+0000][1][safepoint    ] Leaving safepoint region
[2022-06-13T03:32:20.891+0000][1][safepoint    ] Total time for which application threads were stopped: 0.0005654 seconds, Stopping threads took: 0.0002754 seconds
[2022-06-13T03:32:20.892+0000][1][safepoint    ] Application time: 0.0002756 seconds
[2022-06-13T03:32:20.892+0000][1][safepoint    ] Entering safepoint region: BulkRevokeBias
[2022-06-13T03:32:20.894+0000][1][safepoint    ] Leaving safepoint region
[2022-06-13T03:32:20.894+0000][1][safepoint    ] Total time for which application threads were stopped: 0.0015551 seconds, Stopping threads took: 0.0009350 seconds
[2022-06-13T03:32:20.983+0000][1][safepoint    ] Application time: 0.0893092 seconds
[2022-06-13T03:32:20.984+0000][1][safepoint    ] Entering safepoint region: RevokeBias
[2022-06-13T03:32:20.984+0000][1][safepoint    ] Leaving safepoint region
[2022-06-13T03:32:20.984+0000][1][safepoint    ] Total time for which application threads were stopped: 0.0007703 seconds, Stopping threads took: 0.0004069 seconds
[2022-06-13T03:32:20.985+0000][1][safepoint    ] Application time: 0.0002011 seconds
[2022-06-13T03:32:20.985+0000][1][safepoint    ] Entering safepoint region: RevokeBias
[2022-06-13T03:32:20.985+0000][1][safepoint    ] Leaving safepoint region
[2022-06-13T03:32:20.986+0000][1][safepoint    ] Total time for which application threads were stopped: 0.0006502 seconds, Stopping threads took: 0.0003681 seconds
[2022-06-13T03:32:20.987+0000][1][safepoint    ] Application time: 0.0012025 seconds
[2022-06-13T03:32:20.989+0000][1][safepoint    ] Entering safepoint region: RevokeBias
[2022-06-13T03:32:20.990+0000][1][safepoint    ] Leaving safepoint region
[2022-06-13T03:32:20.990+0000][1][safepoint    ] Total time for which application threads were stopped: 0.0007558 seconds, Stopping threads took: 0.0003078 seconds
[2022-06-13T03:32:20.991+0000][1][safepoint    ] Application time: 0.0002712 seconds
[2022-06-13T03:32:20.991+0000][1][safepoint    ] Entering safepoint region: RevokeBias
[2022-06-13T03:32:20.991+0000][1][safepoint    ] Leaving safepoint region
[2022-06-13T03:32:20.992+0000][1][safepoint    ] Total time for which application threads were stopped: 0.0008040 seconds, Stopping threads took: 0.0004565 seconds
[2022-06-13T03:32:20.993+0000][1][safepoint    ] Application time: 0.0013735 seconds
[2022-06-13T03:32:20.994+0000][1][safepoint    ] Entering safepoint region: RevokeBias
[2022-06-13T03:32:20.995+0000][1][safepoint    ] Leaving safepoint region
[2022-06-13T03:32:20.995+0000][1][safepoint    ] Total time for which application threads were stopped: 0.0014753 seconds, Stopping threads took: 0.0011152 seconds
[2022-06-13T03:32:20.996+0000][1][safepoint    ] Application time: 0.0003850 seconds
[2022-06-13T03:32:20.996+0000][1][safepoint    ] Entering safepoint region: RevokeBias
[2022-06-13T03:32:20.996+0000][1][safepoint    ] Leaving safepoint region
[2022-06-13T03:32:20.997+0000][1][safepoint    ] Total time for which application threads were stopped: 0.0006952 seconds, Stopping threads took: 0.0002538 seconds
[2022-06-13T03:32:20.997+0000][1][safepoint    ] Application time: 0.0000784 seconds
[2022-06-13T03:32:20.997+0000][1][safepoint    ] Entering safepoint region: RevokeBias
[2022-06-13T03:32:20.998+0000][1][safepoint    ] Leaving safepoint region
[2022-06-13T03:32:20.998+0000][1][safepoint    ] Total time for which application threads were stopped: 0.0008338 seconds, Stopping threads took: 0.0004947 seconds
[2022-06-13T03:32:20.998+0000][1][safepoint    ] Application time: 0.0003051 seconds
[2022-06-13T03:32:20.999+0000][1][safepoint    ] Entering safepoint region: RevokeBias
[2022-06-13T03:32:20.999+0000][1][safepoint    ] Leaving safepoint region
[2022-06-13T03:32:20.999+0000][1][safepoint    ] Total time for which application threads were stopped: 0.0005747 seconds, Stopping threads took: 0.0002558 seconds
[2022-06-13T03:32:21.000+0000][1][safepoint    ] Application time: 0.0001215 seconds
[2022-06-13T03:32:21.000+0000][1][safepoint    ] Entering safepoint region: RevokeBias
[2022-06-13T03:32:21.000+0000][1][safepoint    ] Leaving safepoint region
[2022-06-13T03:32:21.001+0000][1][safepoint    ] Total time for which application threads were stopped: 0.0006772 seconds, Stopping threads took: 0.0003717 seconds
[2022-06-13T03:32:21.001+0000][1][safepoint    ] Application time: 0.0005580 seconds
[2022-06-13T03:32:21.002+0000][1][safepoint    ] Entering safepoint region: RevokeBias
[2022-06-13T03:32:21.002+0000][1][safepoint    ] Leaving safepoint region
[2022-06-13T03:32:21.002+0000][1][safepoint    ] Total time for which application threads were stopped: 0.0006301 seconds, Stopping threads took: 0.0004105 seconds
[2022-06-13T03:32:21.005+0000][1][safepoint    ] Application time: 0.0023565 seconds
[2022-06-13T03:32:21.005+0000][1][safepoint    ] Entering safepoint region: RevokeBias
[2022-06-13T03:32:21.006+0000][1][safepoint    ] Leaving safepoint region
[2022-06-13T03:32:21.006+0000][1][safepoint    ] Total time for which application threads were stopped: 0.0007360 seconds, Stopping threads took: 0.0003493 seconds
[2022-06-13T03:32:21.007+0000][1][safepoint    ] Application time: 0.0011290 seconds
[2022-06-13T03:32:21.008+0000][1][safepoint    ] Entering safepoint region: RevokeBias
[2022-06-13T03:32:21.009+0000][1][safepoint    ] Leaving safepoint region
[2022-06-13T03:32:21.009+0000][1][safepoint    ] Total time for which application threads were stopped: 0.0019999 seconds, Stopping threads took: 0.0007291 seconds
[2022-06-13T03:32:21.010+0000][1][safepoint    ] Application time: 0.0001990 seconds
[2022-06-13T03:32:21.010+0000][1][safepoint    ] Entering safepoint region: RevokeBias
[2022-06-13T03:32:21.011+0000][1][safepoint    ] Leaving safepoint region
[2022-06-13T03:32:21.011+0000][1][safepoint    ] Total time for which application threads were stopped: 0.0008180 seconds, Stopping threads took: 0.0002685 seconds
[2022-06-13T03:32:21.011+0000][1][safepoint    ] Application time: 0.0001720 seconds
[2022-06-13T03:32:21.012+0000][1][safepoint    ] Entering safepoint region: BulkRevokeBias
[2022-06-13T03:32:21.012+0000][1][safepoint    ] Leaving safepoint region
[2022-06-13T03:32:21.012+0000][1][safepoint    ] Total time for which application threads were stopped: 0.0006416 seconds, Stopping threads took: 0.0002609 seconds
[2022-06-13T03:32:21.016+0000][1][safepoint    ] Application time: 0.0032057 seconds
[2022-06-13T03:32:21.016+0000][1][safepoint    ] Entering safepoint region: RevokeBias
[2022-06-13T03:32:21.017+0000][1][safepoint    ] Leaving safepoint region
[2022-06-13T03:32:21.017+0000][1][safepoint    ] Total time for which application threads were stopped: 0.0005294 seconds, Stopping threads took: 0.0003122 seconds
[2022-06-13T03:32:21.017+0000][1][safepoint    ] Application time: 0.0005393 seconds
[2022-06-13T03:32:21.018+0000][1][safepoint    ] Entering safepoint region: RevokeBias
[2022-06-13T03:32:21.018+0000][1][safepoint    ] Leaving safepoint region
[2022-06-13T03:32:21.018+0000][1][safepoint    ] Total time for which application threads were stopped: 0.0005072 seconds, Stopping threads took: 0.0003825 seconds
[2022-06-13T03:32:21.018+0000][1][safepoint    ] Application time: 0.0001512 seconds
[2022-06-13T03:32:21.019+0000][1][safepoint    ] Entering safepoint region: RevokeBias
[2022-06-13T03:32:21.019+0000][1][safepoint    ] Leaving safepoint region
[2022-06-13T03:32:21.019+0000][1][safepoint    ] Total time for which application threads were stopped: 0.0005799 seconds, Stopping threads took: 0.0003322 seconds
[2022-06-13T03:32:21.020+0000][1][safepoint    ] Application time: 0.0001684 seconds
[2022-06-13T03:32:21.020+0000][1][safepoint    ] Entering safepoint region: RevokeBias
[2022-06-13T03:32:21.020+0000][1][safepoint    ] Leaving safepoint region
[2022-06-13T03:32:21.021+0000][1][safepoint    ] Total time for which application threads were stopped: 0.0007587 seconds, Stopping threads took: 0.0003592 seconds
[2022-06-13T03:32:21.021+0000][1][safepoint    ] Application time: 0.0003748 seconds
[2022-06-13T03:32:21.021+0000][1][safepoint    ] Entering safepoint region: RevokeBias
[2022-06-13T03:32:21.022+0000][1][safepoint    ] Leaving safepoint region
[2022-06-13T03:32:21.022+0000][1][safepoint    ] Total time for which application threads were stopped: 0.0003665 seconds, Stopping threads took: 0.0002076 seconds
[2022-06-13T03:32:21.022+0000][1][safepoint    ] Application time: 0.0001264 seconds
[2022-06-13T03:32:21.022+0000][1][safepoint    ] Entering safepoint region: RevokeBias
[2022-06-13T03:32:21.022+0000][1][safepoint    ] Leaving safepoint region
[2022-06-13T03:32:21.023+0000][1][safepoint    ] Total time for which application threads were stopped: 0.0004110 seconds, Stopping threads took: 0.0001792 seconds
[2022-06-13T03:32:21.023+0000][1][safepoint    ] Application time: 0.0000772 seconds
[2022-06-13T03:32:21.023+0000][1][safepoint    ] Entering safepoint region: RevokeBias
[2022-06-13T03:32:21.023+0000][1][safepoint    ] Leaving safepoint region
[2022-06-13T03:32:21.023+0000][1][safepoint    ] Total time for which application threads were stopped: 0.0003629 seconds, Stopping threads took: 0.0001907 seconds
[2022-06-13T03:32:21.024+0000][1][safepoint    ] Application time: 0.0001230 seconds
[2022-06-13T03:32:21.024+0000][1][safepoint    ] Entering safepoint region: RevokeBias
[2022-06-13T03:32:21.024+0000][1][safepoint    ] Leaving safepoint region
[2022-06-13T03:32:21.024+0000][1][safepoint    ] Total time for which application threads were stopped: 0.0005230 seconds, Stopping threads took: 0.0001412 seconds
[2022-06-13T03:32:21.025+0000][1][safepoint    ] Application time: 0.0002272 seconds
[2022-06-13T03:32:21.025+0000][1][safepoint    ] Entering safepoint region: RevokeBias
[2022-06-13T03:32:21.025+0000][1][safepoint    ] Leaving safepoint region
[2022-06-13T03:32:21.025+0000][1][safepoint    ] Total time for which application threads were stopped: 0.0003440 seconds, Stopping threads took: 0.0002023 seconds
[2022-06-13T03:32:21.026+0000][1][safepoint    ] Application time: 0.0003151 seconds
[2022-06-13T03:32:21.026+0000][1][safepoint    ] Entering safepoint region: RevokeBias
[2022-06-13T03:32:21.026+0000][1][safepoint    ] Leaving safepoint region
[2022-06-13T03:32:21.026+0000][1][safepoint    ] Total time for which application threads were stopped: 0.0005428 seconds, Stopping threads took: 0.0002496 seconds
[2022-06-13T03:32:21.027+0000][1][safepoint    ] Application time: 0.0001632 seconds
[2022-06-13T03:32:21.027+0000][1][safepoint    ] Entering safepoint region: RevokeBias
[2022-06-13T03:32:21.027+0000][1][safepoint    ] Leaving safepoint region
[2022-06-13T03:32:21.028+0000][1][safepoint    ] Total time for which application threads were stopped: 0.0005469 seconds, Stopping threads took: 0.0002498 seconds
[2022-06-13T03:32:21.028+0000][1][safepoint    ] Application time: 0.0001656 seconds
[2022-06-13T03:32:21.028+0000][1][safepoint    ] Entering safepoint region: RevokeBias
[2022-06-13T03:32:21.029+0000][1][safepoint    ] Leaving safepoint region
[2022-06-13T03:32:21.029+0000][1][safepoint    ] Total time for which application threads were stopped: 0.0003993 seconds, Stopping threads took: 0.0002112 seconds
[2022-06-13T03:32:21.029+0000][1][safepoint    ] Application time: 0.0001812 seconds
[2022-06-13T03:32:21.029+0000][1][safepoint    ] Entering safepoint region: RevokeBias
[2022-06-13T03:32:21.030+0000][1][safepoint    ] Leaving safepoint region
[2022-06-13T03:32:21.030+0000][1][safepoint    ] Total time for which application threads were stopped: 0.0006607 seconds, Stopping threads took: 0.0002277 seconds
[2022-06-13T03:32:21.031+0000][1][safepoint    ] Application time: 0.0003243 seconds
[2022-06-13T03:32:21.031+0000][1][safepoint    ] Entering safepoint region: RevokeBias
[2022-06-13T03:32:21.031+0000][1][safepoint    ] Leaving safepoint region
[2022-06-13T03:32:21.031+0000][1][safepoint    ] Total time for which application threads were stopped: 0.0004554 seconds, Stopping threads took: 0.0001964 seconds
[2022-06-13T03:32:21.033+0000][1][safepoint    ] Application time: 0.0012128 seconds
[2022-06-13T03:32:21.033+0000][1][safepoint    ] Entering safepoint region: RevokeBias
[2022-06-13T03:32:21.033+0000][1][safepoint    ] Leaving safepoint region
[2022-06-13T03:32:21.033+0000][1][safepoint    ] Total time for which application threads were stopped: 0.0004187 seconds, Stopping threads took: 0.0001938 seconds
[2022-06-13T03:32:21.040+0000][1][safepoint    ] Application time: 0.0061447 seconds
[2022-06-13T03:32:21.040+0000][1][safepoint    ] Entering safepoint region: RevokeBias
[2022-06-13T03:32:21.040+0000][1][safepoint    ] Leaving safepoint region
[2022-06-13T03:32:21.041+0000][1][safepoint    ] Total time for which application threads were stopped: 0.0009531 seconds, Stopping threads took: 0.0004452 seconds
[2022-06-13T03:32:21.042+0000][1][safepoint    ] Application time: 0.0002881 seconds
[2022-06-13T03:32:21.042+0000][1][safepoint    ] Entering safepoint region: RevokeBias
[2022-06-13T03:32:21.042+0000][1][safepoint    ] Leaving safepoint region
[2022-06-13T03:32:21.042+0000][1][safepoint    ] Total time for which application threads were stopped: 0.0006091 seconds, Stopping threads took: 0.0002433 seconds
[2022-06-13T03:32:21.043+0000][1][safepoint    ] Application time: 0.0005091 seconds
[2022-06-13T03:32:21.043+0000][1][safepoint    ] Entering safepoint region: RevokeBias
[2022-06-13T03:32:21.043+0000][1][safepoint    ] Leaving safepoint region
[2022-06-13T03:32:21.044+0000][1][safepoint    ] Total time for which application threads were stopped: 0.0004458 seconds, Stopping threads took: 0.0001121 seconds
[2022-06-13T03:32:21.045+0000][1][safepoint    ] Application time: 0.0006035 seconds
[2022-06-13T03:32:21.045+0000][1][safepoint    ] Entering safepoint region: RevokeBias
[2022-06-13T03:32:21.045+0000][1][safepoint    ] Leaving safepoint region
[2022-06-13T03:32:21.045+0000][1][safepoint    ] Total time for which application threads were stopped: 0.0003206 seconds, Stopping threads took: 0.0001457 seconds
[2022-06-13T03:32:21.046+0000][1][safepoint    ] Application time: 0.0003950 seconds
[2022-06-13T03:32:21.046+0000][1][safepoint    ] Entering safepoint region: RevokeBias
[2022-06-13T03:32:21.047+0000][1][safepoint    ] Leaving safepoint region
[2022-06-13T03:32:21.047+0000][1][safepoint    ] Total time for which application threads were stopped: 0.0006874 seconds, Stopping threads took: 0.0003880 seconds
[2022-06-13T03:32:21.048+0000][1][safepoint    ] Application time: 0.0004659 seconds
[2022-06-13T03:32:21.048+0000][1][safepoint    ] Entering safepoint region: BulkRevokeBias
[2022-06-13T03:32:21.049+0000][1][safepoint    ] Leaving safepoint region
[2022-06-13T03:32:21.049+0000][1][safepoint    ] Total time for which application threads were stopped: 0.0009095 seconds, Stopping threads took: 0.0005575 seconds
[2022-06-13T03:32:21.057+0000][1][safepoint    ] Application time: 0.0078218 seconds
[2022-06-13T03:32:21.057+0000][1][safepoint    ] Entering safepoint region: RevokeBias
[2022-06-13T03:32:21.058+0000][1][safepoint    ] Leaving safepoint region
[2022-06-13T03:32:21.058+0000][1][safepoint    ] Total time for which application threads were stopped: 0.0004782 seconds, Stopping threads took: 0.0002652 seconds
[2022-06-13T03:32:21.058+0000][1][safepoint    ] Application time: 0.0001239 seconds
[2022-06-13T03:32:21.059+0000][1][safepoint    ] Entering safepoint region: RevokeBias
[2022-06-13T03:32:21.059+0000][1][safepoint    ] Leaving safepoint region
[2022-06-13T03:32:21.059+0000][1][safepoint    ] Total time for which application threads were stopped: 0.0005621 seconds, Stopping threads took: 0.0001821 seconds
[2022-06-13T03:32:21.060+0000][1][safepoint    ] Application time: 0.0002277 seconds
[2022-06-13T03:32:21.060+0000][1][safepoint    ] Entering safepoint region: RevokeBias
[2022-06-13T03:32:21.060+0000][1][safepoint    ] Leaving safepoint region
[2022-06-13T03:32:21.061+0000][1][safepoint    ] Total time for which application threads were stopped: 0.0004203 seconds, Stopping threads took: 0.0002239 seconds
[2022-06-13T03:32:21.061+0000][1][safepoint    ] Application time: 0.0006871 seconds
[2022-06-13T03:32:21.062+0000][1][safepoint    ] Entering safepoint region: RevokeBias
[2022-06-13T03:32:21.062+0000][1][safepoint    ] Leaving safepoint region
[2022-06-13T03:32:21.064+0000][1][safepoint    ] Total time for which application threads were stopped: 0.0020031 seconds, Stopping threads took: 0.0002063 seconds
[2022-06-13T03:32:21.066+0000][1][safepoint    ] Application time: 0.0022029 seconds
[2022-06-13T03:32:21.066+0000][1][safepoint    ] Entering safepoint region: RevokeBias
[2022-06-13T03:32:21.067+0000][1][safepoint    ] Leaving safepoint region
[2022-06-13T03:32:21.067+0000][1][safepoint    ] Total time for which application threads were stopped: 0.0004164 seconds, Stopping threads took: 0.0001841 seconds
[2022-06-13T03:32:21.068+0000][1][safepoint    ] Application time: 0.0006617 seconds
[2022-06-13T03:32:21.068+0000][1][safepoint    ] Entering safepoint region: RevokeBias
[2022-06-13T03:32:21.069+0000][1][safepoint    ] Leaving safepoint region
[2022-06-13T03:32:21.069+0000][1][safepoint    ] Total time for which application threads were stopped: 0.0005337 seconds, Stopping threads took: 0.0002360 seconds
[2022-06-13T03:32:21.073+0000][1][safepoint    ] Application time: 0.0038821 seconds
[2022-06-13T03:32:21.073+0000][1][safepoint    ] Entering safepoint region: RevokeBias
[2022-06-13T03:32:21.073+0000][1][safepoint    ] Leaving safepoint region
[2022-06-13T03:32:21.074+0000][1][safepoint    ] Total time for which application threads were stopped: 0.0004289 seconds, Stopping threads took: 0.0001914 seconds
[2022-06-13T03:32:21.075+0000][1][safepoint    ] Application time: 0.0005420 seconds
[2022-06-13T03:32:21.075+0000][1][safepoint    ] Entering safepoint region: RevokeBias
[2022-06-13T03:32:21.076+0000][1][safepoint    ] Leaving safepoint region
[2022-06-13T03:32:21.077+0000][1][safepoint    ] Total time for which application threads were stopped: 0.0014627 seconds, Stopping threads took: 0.0005659 seconds
[2022-06-13T03:32:21.077+0000][1][safepoint    ] Application time: 0.0002061 seconds
[2022-06-13T03:32:21.078+0000][1][safepoint    ] Entering safepoint region: RevokeBias
[2022-06-13T03:32:21.080+0000][1][safepoint    ] Leaving safepoint region
[2022-06-13T03:32:21.080+0000][1][safepoint    ] Total time for which application threads were stopped: 0.0023925 seconds, Stopping threads took: 0.0021290 seconds
[2022-06-13T03:32:21.081+0000][1][safepoint    ] Application time: 0.0006687 seconds
[2022-06-13T03:32:21.081+0000][1][safepoint    ] Entering safepoint region: RevokeBias
[2022-06-13T03:32:21.081+0000][1][safepoint    ] Leaving safepoint region
[2022-06-13T03:32:21.082+0000][1][safepoint    ] Total time for which application threads were stopped: 0.0003337 seconds, Stopping threads took: 0.0001375 seconds
[2022-06-13T03:32:21.085+0000][1][safepoint    ] Application time: 0.0021136 seconds
[2022-06-13T03:32:21.087+0000][1][safepoint    ] Entering safepoint region: RevokeBias
[2022-06-13T03:32:21.087+0000][1][safepoint    ] Leaving safepoint region
[2022-06-13T03:32:21.087+0000][1][safepoint    ] Total time for which application threads were stopped: 0.0003871 seconds, Stopping threads took: 0.0001911 seconds
[2022-06-13T03:32:21.088+0000][1][safepoint    ] Application time: 0.0004673 seconds
[2022-06-13T03:32:21.088+0000][1][safepoint    ] Entering safepoint region: RevokeBias
[2022-06-13T03:32:21.088+0000][1][safepoint    ] Leaving safepoint region
[2022-06-13T03:32:21.088+0000][1][safepoint    ] Total time for which application threads were stopped: 0.0006365 seconds, Stopping threads took: 0.0004229 seconds
[2022-06-13T03:32:21.091+0000][1][gc,heap,exit ] Heap
[2022-06-13T03:32:21.092+0000][1][gc,heap,exit ]  par new generation   total 78656K, used 35316K [0x00000000f0000000, 0x00000000f5550000, 0x00000000f5550000)
[2022-06-13T03:32:21.092+0000][1][gc,heap,exit ]   eden space 69952K,  38% used [0x00000000f0000000, 0x00000000f1a9ed40, 0x00000000f4450000)
[2022-06-13T03:32:21.092+0000][1][gc,heap,exit ]   from space 8704K,  92% used [0x00000000f4450000, 0x00000000f4c2e400, 0x00000000f4cd0000)
[2022-06-13T03:32:21.092+0000][1][gc,heap,exit ]   to   space 8704K,   0% used [0x00000000f4cd0000, 0x00000000f4cd0000, 0x00000000f5550000)
[2022-06-13T03:32:21.092+0000][1][gc,heap,exit ]  concurrent mark-sweep generation total 174784K, used 62266K [0x00000000f5550000, 0x0000000100000000, 0x0000000100000000)
[2022-06-13T03:32:21.093+0000][1][gc,heap,exit ]  Metaspace       used 63406K, capacity 68015K, committed 68204K, reserved 1107968K
[2022-06-13T03:32:21.093+0000][1][gc,heap,exit ]   class space    used 8602K, capacity 10557K, committed 10668K, reserved 1048576K
[2022-06-13T03:32:21.093+0000][1][safepoint    ] Application time: 0.0040952 seconds
[2022-06-13T03:32:21.093+0000][1][safepoint    ] Entering safepoint region: Exit
