[2022-06-13T03:17:27.794+0000][1][gc] Using Concurrent Mark Sweep
[2022-06-13T03:17:27.794+0000][1][gc,heap,coops] Heap address: 0x00000000f0000000, size: 256 MB, Compressed Oops mode: 32-bit
[2022-06-13T03:17:27.827+0000][1][safepoint    ] Entering safepoint region: EnableBiasedLocking
[2022-06-13T03:17:27.827+0000][1][safepoint    ] Leaving safepoint region
[2022-06-13T03:17:27.827+0000][1][safepoint    ] Total time for which application threads were stopped: 0.0006210 seconds, Stopping threads took: 0.0003634 seconds
[2022-06-13T03:17:27.831+0000][1][safepoint    ] Application time: 0.0034046 seconds
[2022-06-13T03:17:27.831+0000][1][safepoint    ] Entering safepoint region: RevokeBias
[2022-06-13T03:17:27.832+0000][1][safepoint    ] Leaving safepoint region
[2022-06-13T03:17:27.832+0000][1][safepoint    ] Total time for which application threads were stopped: 0.0008643 seconds, Stopping threads took: 0.0005634 seconds
[2022-06-13T03:17:27.842+0000][1][safepoint    ] Application time: 0.0088898 seconds
[2022-06-13T03:17:27.842+0000][1][safepoint    ] Entering safepoint region: Deoptimize
[2022-06-13T03:17:27.842+0000][1][safepoint    ] Leaving safepoint region
[2022-06-13T03:17:27.842+0000][1][safepoint    ] Total time for which application threads were stopped: 0.0006078 seconds, Stopping threads took: 0.0003916 seconds
[2022-06-13T03:17:27.921+0000][1][safepoint    ] Application time: 0.0788179 seconds
[2022-06-13T03:17:27.922+0000][1][safepoint    ] Entering safepoint region: RevokeBias
[2022-06-13T03:17:27.922+0000][1][safepoint    ] Leaving safepoint region
[2022-06-13T03:17:27.922+0000][1][safepoint    ] Total time for which application threads were stopped: 0.0004868 seconds, Stopping threads took: 0.0002122 seconds
[2022-06-13T03:17:27.954+0000][1][safepoint    ] Application time: 0.0310644 seconds
[2022-06-13T03:17:27.954+0000][1][safepoint    ] Entering safepoint region: Deoptimize
[2022-06-13T03:17:27.954+0000][1][safepoint    ] Leaving safepoint region
[2022-06-13T03:17:27.954+0000][1][safepoint    ] Total time for which application threads were stopped: 0.0004322 seconds, Stopping threads took: 0.0001723 seconds
[2022-06-13T03:17:28.181+0000][1][safepoint    ] Application time: 0.2264661 seconds
[2022-06-13T03:17:28.181+0000][1][safepoint    ] Entering safepoint region: Deoptimize
[2022-06-13T03:17:28.181+0000][1][safepoint    ] Leaving safepoint region
[2022-06-13T03:17:28.181+0000][1][safepoint    ] Total time for which application threads were stopped: 0.0004640 seconds, Stopping threads took: 0.0001448 seconds
[2022-06-13T03:17:28.194+0000][1][safepoint    ] Application time: 0.0124556 seconds
[2022-06-13T03:17:28.194+0000][1][safepoint    ] Entering safepoint region: Deoptimize
[2022-06-13T03:17:28.195+0000][1][safepoint    ] Leaving safepoint region
[2022-06-13T03:17:28.195+0000][1][safepoint    ] Total time for which application threads were stopped: 0.0005091 seconds, Stopping threads took: 0.0001932 seconds
[2022-06-13T03:17:28.229+0000][1][safepoint    ] Application time: 0.0341269 seconds
[2022-06-13T03:17:28.229+0000][1][safepoint    ] Entering safepoint region: Deoptimize
[2022-06-13T03:17:28.230+0000][1][safepoint    ] Leaving safepoint region
[2022-06-13T03:17:28.230+0000][1][safepoint    ] Total time for which application threads were stopped: 0.0005125 seconds, Stopping threads took: 0.0001929 seconds
[2022-06-13T03:17:28.238+0000][1][safepoint    ] Application time: 0.0084872 seconds
[2022-06-13T03:17:28.239+0000][1][safepoint    ] Entering safepoint region: Deoptimize
[2022-06-13T03:17:28.239+0000][1][safepoint    ] Leaving safepoint region
[2022-06-13T03:17:28.239+0000][1][safepoint    ] Total time for which application threads were stopped: 0.0005092 seconds, Stopping threads took: 0.0001551 seconds
[2022-06-13T03:17:28.597+0000][1][safepoint    ] Application time: 0.3581017 seconds
[2022-06-13T03:17:28.598+0000][1][safepoint    ] Entering safepoint region: Deoptimize
[2022-06-13T03:17:28.598+0000][1][safepoint    ] Leaving safepoint region
[2022-06-13T03:17:28.598+0000][1][safepoint    ] Total time for which application threads were stopped: 0.0006781 seconds, Stopping threads took: 0.0001840 seconds
[2022-06-13T03:17:28.786+0000][1][safepoint    ] Application time: 0.1876008 seconds
[2022-06-13T03:17:28.787+0000][1][safepoint    ] Entering safepoint region: RevokeBias
[2022-06-13T03:17:28.787+0000][1][safepoint    ] Leaving safepoint region
[2022-06-13T03:17:28.787+0000][1][safepoint    ] Total time for which application threads were stopped: 0.0004429 seconds, Stopping threads took: 0.0001664 seconds
[2022-06-13T03:17:28.880+0000][1][safepoint    ] Application time: 0.0922802 seconds
[2022-06-13T03:17:28.882+0000][1][safepoint    ] Entering safepoint region: Deoptimize
[2022-06-13T03:17:28.883+0000][1][safepoint    ] Leaving safepoint region
[2022-06-13T03:17:28.883+0000][1][safepoint    ] Total time for which application threads were stopped: 0.0010191 seconds, Stopping threads took: 0.0005109 seconds
[2022-06-13T03:17:29.033+0000][1][safepoint    ] Application time: 0.1497510 seconds
[2022-06-13T03:17:29.033+0000][1][safepoint    ] Entering safepoint region: Deoptimize
[2022-06-13T03:17:29.034+0000][1][safepoint    ] Leaving safepoint region
[2022-06-13T03:17:29.034+0000][1][safepoint    ] Total time for which application threads were stopped: 0.0008838 seconds, Stopping threads took: 0.0001989 seconds
[2022-06-13T03:17:29.034+0000][1][safepoint    ] Application time: 0.0001610 seconds
[2022-06-13T03:17:29.035+0000][1][safepoint    ] Entering safepoint region: Deoptimize
[2022-06-13T03:17:29.035+0000][1][safepoint    ] Leaving safepoint region
[2022-06-13T03:17:29.035+0000][1][safepoint    ] Total time for which application threads were stopped: 0.0005360 seconds, Stopping threads took: 0.0001671 seconds
[2022-06-13T03:17:29.067+0000][1][safepoint    ] Application time: 0.0320440 seconds
[2022-06-13T03:17:29.068+0000][1][safepoint    ] Entering safepoint region: Deoptimize
[2022-06-13T03:17:29.068+0000][1][safepoint    ] Leaving safepoint region
[2022-06-13T03:17:29.068+0000][1][safepoint    ] Total time for which application threads were stopped: 0.0005936 seconds, Stopping threads took: 0.0001455 seconds
[2022-06-13T03:17:29.074+0000][1][safepoint    ] Application time: 0.0057598 seconds
[2022-06-13T03:17:29.075+0000][1][safepoint    ] Entering safepoint region: RevokeBias
[2022-06-13T03:17:29.075+0000][1][safepoint    ] Leaving safepoint region
[2022-06-13T03:17:29.076+0000][1][safepoint    ] Total time for which application threads were stopped: 0.0010621 seconds, Stopping threads took: 0.0002921 seconds
[2022-06-13T03:17:29.077+0000][1][safepoint    ] Application time: 0.0005985 seconds
[2022-06-13T03:17:29.079+0000][1][safepoint    ] Entering safepoint region: RevokeBias
[2022-06-13T03:17:29.080+0000][1][safepoint    ] Leaving safepoint region
[2022-06-13T03:17:29.080+0000][1][safepoint    ] Total time for which application threads were stopped: 0.0021883 seconds, Stopping threads took: 0.0015151 seconds
[2022-06-13T03:17:29.081+0000][1][safepoint    ] Application time: 0.0004730 seconds
[2022-06-13T03:17:29.081+0000][1][safepoint    ] Entering safepoint region: RevokeBias
[2022-06-13T03:17:29.082+0000][1][safepoint    ] Leaving safepoint region
[2022-06-13T03:17:29.082+0000][1][safepoint    ] Total time for which application threads were stopped: 0.0007247 seconds, Stopping threads took: 0.0004733 seconds
[2022-06-13T03:17:29.083+0000][1][safepoint    ] Application time: 0.0005826 seconds
[2022-06-13T03:17:29.083+0000][1][safepoint    ] Entering safepoint region: RevokeBias
[2022-06-13T03:17:29.084+0000][1][safepoint    ] Leaving safepoint region
[2022-06-13T03:17:29.084+0000][1][safepoint    ] Total time for which application threads were stopped: 0.0004068 seconds, Stopping threads took: 0.0002174 seconds
[2022-06-13T03:17:29.091+0000][1][safepoint    ] Application time: 0.0065536 seconds
[2022-06-13T03:17:29.091+0000][1][safepoint    ] Entering safepoint region: Deoptimize
[2022-06-13T03:17:29.091+0000][1][safepoint    ] Leaving safepoint region
[2022-06-13T03:17:29.092+0000][1][safepoint    ] Total time for which application threads were stopped: 0.0006739 seconds, Stopping threads took: 0.0001722 seconds
[2022-06-13T03:17:29.169+0000][1][safepoint    ] Application time: 0.0770291 seconds
[2022-06-13T03:17:29.170+0000][1][safepoint    ] Entering safepoint region: GenCollectForAllocation
[2022-06-13T03:17:29.170+0000][1][gc,start     ] GC(0) Pause Young (Allocation Failure)
[2022-06-13T03:17:29.171+0000][1][gc,task      ] GC(0) Using 5 workers of 13 for evacuation
[2022-06-13T03:17:29.183+0000][1][gc,age       ] GC(0) Desired survivor size 4456448 bytes, new threshold 1 (max threshold 6)
[2022-06-13T03:17:29.183+0000][1][gc,age       ] GC(0) Age table with threshold 1 (max threshold 6)
[2022-06-13T03:17:29.183+0000][1][gc,age       ] GC(0) - age   1:    8141816 bytes,    8141816 total
[2022-06-13T03:17:29.183+0000][1][gc,heap      ] GC(0) ParNew: 69952K->8061K(78656K)
[2022-06-13T03:17:29.183+0000][1][gc,heap      ] GC(0) CMS: 0K->0K(174784K)
[2022-06-13T03:17:29.184+0000][1][gc,metaspace ] GC(0) Metaspace: 12356K->12356K(1060864K)
[2022-06-13T03:17:29.184+0000][1][gc           ] GC(0) Pause Young (Allocation Failure) 68M->7M(247M) 13.316ms
[2022-06-13T03:17:29.184+0000][1][gc,cpu       ] GC(0) User=0.04s Sys=0.00s Real=0.01s
[2022-06-13T03:17:29.184+0000][1][safepoint    ] Leaving safepoint region
[2022-06-13T03:17:29.184+0000][1][safepoint    ] Total time for which application threads were stopped: 0.0141073 seconds, Stopping threads took: 0.0002683 seconds
[2022-06-13T03:17:29.185+0000][1][safepoint    ] Application time: 0.0004100 seconds
[2022-06-13T03:17:29.185+0000][1][safepoint    ] Entering safepoint region: RevokeBias
[2022-06-13T03:17:29.185+0000][1][safepoint    ] Leaving safepoint region
[2022-06-13T03:17:29.185+0000][1][safepoint    ] Total time for which application threads were stopped: 0.0003929 seconds, Stopping threads took: 0.0001841 seconds
[2022-06-13T03:17:29.187+0000][1][safepoint    ] Application time: 0.0010098 seconds
[2022-06-13T03:17:29.187+0000][1][safepoint    ] Entering safepoint region: RevokeBias
[2022-06-13T03:17:29.187+0000][1][safepoint    ] Leaving safepoint region
[2022-06-13T03:17:29.187+0000][1][safepoint    ] Total time for which application threads were stopped: 0.0003762 seconds, Stopping threads took: 0.0001899 seconds
[2022-06-13T03:17:29.188+0000][1][safepoint    ] Application time: 0.0002397 seconds
[2022-06-13T03:17:29.189+0000][1][safepoint    ] Entering safepoint region: RevokeBias
[2022-06-13T03:17:29.189+0000][1][safepoint    ] Leaving safepoint region
[2022-06-13T03:17:29.189+0000][1][safepoint    ] Total time for which application threads were stopped: 0.0009559 seconds, Stopping threads took: 0.0007673 seconds
[2022-06-13T03:17:29.192+0000][1][safepoint    ] Application time: 0.0019574 seconds
[2022-06-13T03:17:29.192+0000][1][safepoint    ] Entering safepoint region: RevokeBias
[2022-06-13T03:17:29.192+0000][1][safepoint    ] Leaving safepoint region
[2022-06-13T03:17:29.192+0000][1][safepoint    ] Total time for which application threads were stopped: 0.0002580 seconds, Stopping threads took: 0.0001318 seconds
[2022-06-13T03:17:29.192+0000][1][safepoint    ] Application time: 0.0001233 seconds
[2022-06-13T03:17:29.192+0000][1][safepoint    ] Entering safepoint region: RevokeBias
[2022-06-13T03:17:29.193+0000][1][safepoint    ] Leaving safepoint region
[2022-06-13T03:17:29.193+0000][1][safepoint    ] Total time for which application threads were stopped: 0.0002858 seconds, Stopping threads took: 0.0001371 seconds
[2022-06-13T03:17:29.193+0000][1][safepoint    ] Application time: 0.0000841 seconds
[2022-06-13T03:17:29.193+0000][1][safepoint    ] Entering safepoint region: RevokeBias
[2022-06-13T03:17:29.193+0000][1][safepoint    ] Leaving safepoint region
[2022-06-13T03:17:29.193+0000][1][safepoint    ] Total time for which application threads were stopped: 0.0003274 seconds, Stopping threads took: 0.0001996 seconds
[2022-06-13T03:17:29.194+0000][1][safepoint    ] Application time: 0.0000987 seconds
[2022-06-13T03:17:29.194+0000][1][safepoint    ] Entering safepoint region: RevokeBias
[2022-06-13T03:17:29.194+0000][1][safepoint    ] Leaving safepoint region
[2022-06-13T03:17:29.194+0000][1][safepoint    ] Total time for which application threads were stopped: 0.0003008 seconds, Stopping threads took: 0.0001352 seconds
[2022-06-13T03:17:29.194+0000][1][safepoint    ] Application time: 0.0000766 seconds
[2022-06-13T03:17:29.194+0000][1][safepoint    ] Entering safepoint region: RevokeBias
[2022-06-13T03:17:29.195+0000][1][safepoint    ] Leaving safepoint region
[2022-06-13T03:17:29.195+0000][1][safepoint    ] Total time for which application threads were stopped: 0.0003217 seconds, Stopping threads took: 0.0001878 seconds
[2022-06-13T03:17:29.195+0000][1][safepoint    ] Application time: 0.0000971 seconds
[2022-06-13T03:17:29.196+0000][1][safepoint    ] Entering safepoint region: RevokeBias
[2022-06-13T03:17:29.196+0000][1][safepoint    ] Leaving safepoint region
[2022-06-13T03:17:29.197+0000][1][safepoint    ] Total time for which application threads were stopped: 0.0005022 seconds, Stopping threads took: 0.0001923 seconds
[2022-06-13T03:17:29.197+0000][1][safepoint    ] Application time: 0.0000855 seconds
[2022-06-13T03:17:29.197+0000][1][safepoint    ] Entering safepoint region: RevokeBias
[2022-06-13T03:17:29.197+0000][1][safepoint    ] Leaving safepoint region
[2022-06-13T03:17:29.198+0000][1][safepoint    ] Total time for which application threads were stopped: 0.0004550 seconds, Stopping threads took: 0.0002329 seconds
[2022-06-13T03:17:29.198+0000][1][safepoint    ] Application time: 0.0001256 seconds
[2022-06-13T03:17:29.198+0000][1][safepoint    ] Entering safepoint region: RevokeBias
[2022-06-13T03:17:29.198+0000][1][safepoint    ] Leaving safepoint region
[2022-06-13T03:17:29.198+0000][1][safepoint    ] Total time for which application threads were stopped: 0.0002883 seconds, Stopping threads took: 0.0001387 seconds
[2022-06-13T03:17:29.199+0000][1][safepoint    ] Application time: 0.0000983 seconds
[2022-06-13T03:17:29.199+0000][1][safepoint    ] Entering safepoint region: RevokeBias
[2022-06-13T03:17:29.199+0000][1][safepoint    ] Leaving safepoint region
[2022-06-13T03:17:29.199+0000][1][safepoint    ] Total time for which application threads were stopped: 0.0004521 seconds, Stopping threads took: 0.0001984 seconds
[2022-06-13T03:17:29.200+0000][1][safepoint    ] Application time: 0.0002012 seconds
[2022-06-13T03:17:29.200+0000][1][safepoint    ] Entering safepoint region: RevokeBias
[2022-06-13T03:17:29.200+0000][1][safepoint    ] Leaving safepoint region
[2022-06-13T03:17:29.201+0000][1][safepoint    ] Total time for which application threads were stopped: 0.0002740 seconds, Stopping threads took: 0.0001344 seconds
[2022-06-13T03:17:29.201+0000][1][safepoint    ] Application time: 0.0000306 seconds
[2022-06-13T03:17:29.201+0000][1][safepoint    ] Entering safepoint region: RevokeBias
[2022-06-13T03:17:29.201+0000][1][safepoint    ] Leaving safepoint region
[2022-06-13T03:17:29.201+0000][1][safepoint    ] Total time for which application threads were stopped: 0.0003394 seconds, Stopping threads took: 0.0001495 seconds
[2022-06-13T03:17:29.201+0000][1][safepoint    ] Application time: 0.0002130 seconds
[2022-06-13T03:17:29.202+0000][1][safepoint    ] Entering safepoint region: RevokeBias
[2022-06-13T03:17:29.202+0000][1][safepoint    ] Leaving safepoint region
[2022-06-13T03:17:29.202+0000][1][safepoint    ] Total time for which application threads were stopped: 0.0003396 seconds, Stopping threads took: 0.0001532 seconds
[2022-06-13T03:17:29.202+0000][1][safepoint    ] Application time: 0.0000744 seconds
[2022-06-13T03:17:29.202+0000][1][safepoint    ] Entering safepoint region: RevokeBias
[2022-06-13T03:17:29.203+0000][1][safepoint    ] Leaving safepoint region
[2022-06-13T03:17:29.203+0000][1][safepoint    ] Total time for which application threads were stopped: 0.0003972 seconds, Stopping threads took: 0.0001901 seconds
[2022-06-13T03:17:29.203+0000][1][safepoint    ] Application time: 0.0001025 seconds
[2022-06-13T03:17:29.203+0000][1][safepoint    ] Entering safepoint region: RevokeBias
[2022-06-13T03:17:29.203+0000][1][safepoint    ] Leaving safepoint region
[2022-06-13T03:17:29.204+0000][1][safepoint    ] Total time for which application threads were stopped: 0.0003606 seconds, Stopping threads took: 0.0001700 seconds
[2022-06-13T03:17:29.204+0000][1][safepoint    ] Application time: 0.0000803 seconds
[2022-06-13T03:17:29.204+0000][1][safepoint    ] Entering safepoint region: RevokeBias
[2022-06-13T03:17:29.204+0000][1][safepoint    ] Leaving safepoint region
[2022-06-13T03:17:29.204+0000][1][safepoint    ] Total time for which application threads were stopped: 0.0003977 seconds, Stopping threads took: 0.0002266 seconds
[2022-06-13T03:17:29.205+0000][1][safepoint    ] Application time: 0.0001232 seconds
[2022-06-13T03:17:29.205+0000][1][safepoint    ] Entering safepoint region: RevokeBias
[2022-06-13T03:17:29.205+0000][1][safepoint    ] Leaving safepoint region
[2022-06-13T03:17:29.205+0000][1][safepoint    ] Total time for which application threads were stopped: 0.0003403 seconds, Stopping threads took: 0.0001701 seconds
[2022-06-13T03:17:29.205+0000][1][safepoint    ] Application time: 0.0000927 seconds
[2022-06-13T03:17:29.206+0000][1][safepoint    ] Entering safepoint region: RevokeBias
[2022-06-13T03:17:29.206+0000][1][safepoint    ] Leaving safepoint region
[2022-06-13T03:17:29.206+0000][1][safepoint    ] Total time for which application threads were stopped: 0.0004446 seconds, Stopping threads took: 0.0002540 seconds
[2022-06-13T03:17:29.206+0000][1][safepoint    ] Application time: 0.0000927 seconds
[2022-06-13T03:17:29.206+0000][1][safepoint    ] Entering safepoint region: RevokeBias
[2022-06-13T03:17:29.206+0000][1][safepoint    ] Leaving safepoint region
[2022-06-13T03:17:29.207+0000][1][safepoint    ] Total time for which application threads were stopped: 0.0003436 seconds, Stopping threads took: 0.0001860 seconds
[2022-06-13T03:17:29.207+0000][1][safepoint    ] Application time: 0.0000850 seconds
[2022-06-13T03:17:29.207+0000][1][safepoint    ] Entering safepoint region: RevokeBias
[2022-06-13T03:17:29.207+0000][1][safepoint    ] Leaving safepoint region
[2022-06-13T03:17:29.207+0000][1][safepoint    ] Total time for which application threads were stopped: 0.0003639 seconds, Stopping threads took: 0.0001992 seconds
[2022-06-13T03:17:29.208+0000][1][safepoint    ] Application time: 0.0002238 seconds
[2022-06-13T03:17:29.208+0000][1][safepoint    ] Entering safepoint region: RevokeBias
[2022-06-13T03:17:29.208+0000][1][safepoint    ] Leaving safepoint region
[2022-06-13T03:17:29.208+0000][1][safepoint    ] Total time for which application threads were stopped: 0.0003913 seconds, Stopping threads took: 0.0002308 seconds
[2022-06-13T03:17:29.208+0000][1][safepoint    ] Application time: 0.0000801 seconds
[2022-06-13T03:17:29.209+0000][1][safepoint    ] Entering safepoint region: RevokeBias
[2022-06-13T03:17:29.209+0000][1][safepoint    ] Leaving safepoint region
[2022-06-13T03:17:29.209+0000][1][safepoint    ] Total time for which application threads were stopped: 0.0004111 seconds, Stopping threads took: 0.0002408 seconds
[2022-06-13T03:17:29.209+0000][1][safepoint    ] Application time: 0.0001454 seconds
[2022-06-13T03:17:29.209+0000][1][safepoint    ] Entering safepoint region: RevokeBias
[2022-06-13T03:17:29.210+0000][1][safepoint    ] Leaving safepoint region
[2022-06-13T03:17:29.210+0000][1][safepoint    ] Total time for which application threads were stopped: 0.0002934 seconds, Stopping threads took: 0.0001941 seconds
[2022-06-13T03:17:29.210+0000][1][safepoint    ] Application time: 0.0000875 seconds
[2022-06-13T03:17:29.210+0000][1][safepoint    ] Entering safepoint region: RevokeBias
[2022-06-13T03:17:29.210+0000][1][safepoint    ] Leaving safepoint region
[2022-06-13T03:17:29.210+0000][1][safepoint    ] Total time for which application threads were stopped: 0.0003662 seconds, Stopping threads took: 0.0002010 seconds
[2022-06-13T03:17:29.218+0000][1][safepoint    ] Application time: 0.0073836 seconds
[2022-06-13T03:17:29.218+0000][1][safepoint    ] Entering safepoint region: RevokeBias
[2022-06-13T03:17:29.218+0000][1][safepoint    ] Leaving safepoint region
[2022-06-13T03:17:29.219+0000][1][safepoint    ] Total time for which application threads were stopped: 0.0004278 seconds, Stopping threads took: 0.0001896 seconds
[2022-06-13T03:17:29.372+0000][1][safepoint    ] Application time: 0.1534773 seconds
[2022-06-13T03:17:29.372+0000][1][safepoint    ] Entering safepoint region: Deoptimize
[2022-06-13T03:17:29.373+0000][1][safepoint    ] Leaving safepoint region
[2022-06-13T03:17:29.373+0000][1][safepoint    ] Total time for which application threads were stopped: 0.0006046 seconds, Stopping threads took: 0.0001502 seconds
[2022-06-13T03:17:29.536+0000][1][safepoint    ] Application time: 0.1624940 seconds
[2022-06-13T03:17:29.536+0000][1][safepoint    ] Entering safepoint region: RevokeBias
[2022-06-13T03:17:29.536+0000][1][safepoint    ] Leaving safepoint region
[2022-06-13T03:17:29.536+0000][1][safepoint    ] Total time for which application threads were stopped: 0.0004101 seconds, Stopping threads took: 0.0001856 seconds
[2022-06-13T03:17:29.627+0000][1][safepoint    ] Application time: 0.0910192 seconds
[2022-06-13T03:17:29.627+0000][1][safepoint    ] Entering safepoint region: RevokeBias
[2022-06-13T03:17:29.628+0000][1][safepoint    ] Leaving safepoint region
[2022-06-13T03:17:29.628+0000][1][safepoint    ] Total time for which application threads were stopped: 0.0004222 seconds, Stopping threads took: 0.0002064 seconds
[2022-06-13T03:17:29.632+0000][1][safepoint    ] Application time: 0.0037344 seconds
[2022-06-13T03:17:29.632+0000][1][safepoint    ] Entering safepoint region: RevokeBias
[2022-06-13T03:17:29.632+0000][1][safepoint    ] Leaving safepoint region
[2022-06-13T03:17:29.632+0000][1][safepoint    ] Total time for which application threads were stopped: 0.0004304 seconds, Stopping threads took: 0.0002124 seconds
[2022-06-13T03:17:29.646+0000][1][safepoint    ] Application time: 0.0131282 seconds
[2022-06-13T03:17:29.646+0000][1][safepoint    ] Entering safepoint region: GenCollectForAllocation
[2022-06-13T03:17:29.646+0000][1][gc,start     ] GC(1) Pause Young (Allocation Failure)
[2022-06-13T03:17:29.646+0000][1][gc,task      ] GC(1) Using 5 workers of 13 for evacuation
[2022-06-13T03:17:29.659+0000][1][gc,age       ] GC(1) Desired survivor size 4456448 bytes, new threshold 6 (max threshold 6)
[2022-06-13T03:17:29.659+0000][1][gc,age       ] GC(1) Age table with threshold 6 (max threshold 6)
[2022-06-13T03:17:29.659+0000][1][gc,age       ] GC(1) - age   1:    1986512 bytes,    1986512 total
[2022-06-13T03:17:29.659+0000][1][gc,heap      ] GC(1) ParNew: 78013K->6460K(78656K)
[2022-06-13T03:17:29.659+0000][1][gc,heap      ] GC(1) CMS: 0K->6704K(174784K)
[2022-06-13T03:17:29.660+0000][1][gc,metaspace ] GC(1) Metaspace: 14955K->14955K(1062912K)
[2022-06-13T03:17:29.660+0000][1][gc           ] GC(1) Pause Young (Allocation Failure) 76M->12M(247M) 13.392ms
[2022-06-13T03:17:29.660+0000][1][gc,cpu       ] GC(1) User=0.06s Sys=0.01s Real=0.02s
[2022-06-13T03:17:29.660+0000][1][safepoint    ] Leaving safepoint region
[2022-06-13T03:17:29.660+0000][1][safepoint    ] Total time for which application threads were stopped: 0.0140225 seconds, Stopping threads took: 0.0001603 seconds
[2022-06-13T03:17:29.660+0000][1][safepoint    ] Application time: 0.0002762 seconds
[2022-06-13T03:17:29.661+0000][1][safepoint    ] Entering safepoint region: RevokeBias
[2022-06-13T03:17:29.661+0000][1][safepoint    ] Leaving safepoint region
[2022-06-13T03:17:29.661+0000][1][safepoint    ] Total time for which application threads were stopped: 0.0004292 seconds, Stopping threads took: 0.0001761 seconds
[2022-06-13T03:17:29.661+0000][1][safepoint    ] Application time: 0.0001086 seconds
[2022-06-13T03:17:29.661+0000][1][safepoint    ] Entering safepoint region: RevokeBias
[2022-06-13T03:17:29.662+0000][1][safepoint    ] Leaving safepoint region
[2022-06-13T03:17:29.662+0000][1][safepoint    ] Total time for which application threads were stopped: 0.0004059 seconds, Stopping threads took: 0.0002071 seconds
[2022-06-13T03:17:29.662+0000][1][safepoint    ] Application time: 0.0001228 seconds
[2022-06-13T03:17:29.662+0000][1][safepoint    ] Entering safepoint region: RevokeBias
[2022-06-13T03:17:29.662+0000][1][safepoint    ] Leaving safepoint region
[2022-06-13T03:17:29.663+0000][1][safepoint    ] Total time for which application threads were stopped: 0.0003669 seconds, Stopping threads took: 0.0001836 seconds
[2022-06-13T03:17:29.663+0000][1][safepoint    ] Application time: 0.0000822 seconds
[2022-06-13T03:17:29.663+0000][1][safepoint    ] Entering safepoint region: RevokeBias
[2022-06-13T03:17:29.663+0000][1][safepoint    ] Leaving safepoint region
[2022-06-13T03:17:29.663+0000][1][safepoint    ] Total time for which application threads were stopped: 0.0003077 seconds, Stopping threads took: 0.0001529 seconds
[2022-06-13T03:17:29.664+0000][1][safepoint    ] Application time: 0.0000989 seconds
[2022-06-13T03:17:29.664+0000][1][safepoint    ] Entering safepoint region: RevokeBias
[2022-06-13T03:17:29.664+0000][1][safepoint    ] Leaving safepoint region
[2022-06-13T03:17:29.664+0000][1][safepoint    ] Total time for which application threads were stopped: 0.0003471 seconds, Stopping threads took: 0.0001636 seconds
[2022-06-13T03:17:29.664+0000][1][safepoint    ] Application time: 0.0000864 seconds
[2022-06-13T03:17:29.664+0000][1][safepoint    ] Entering safepoint region: RevokeBias
[2022-06-13T03:17:29.665+0000][1][safepoint    ] Leaving safepoint region
[2022-06-13T03:17:29.665+0000][1][safepoint    ] Total time for which application threads were stopped: 0.0003769 seconds, Stopping threads took: 0.0001782 seconds
[2022-06-13T03:17:29.665+0000][1][safepoint    ] Application time: 0.0000544 seconds
[2022-06-13T03:17:29.665+0000][1][safepoint    ] Entering safepoint region: RevokeBias
[2022-06-13T03:17:29.665+0000][1][safepoint    ] Leaving safepoint region
[2022-06-13T03:17:29.665+0000][1][safepoint    ] Total time for which application threads were stopped: 0.0002903 seconds, Stopping threads took: 0.0001349 seconds
[2022-06-13T03:17:29.666+0000][1][safepoint    ] Application time: 0.0001135 seconds
[2022-06-13T03:17:29.666+0000][1][safepoint    ] Entering safepoint region: RevokeBias
[2022-06-13T03:17:29.666+0000][1][safepoint    ] Leaving safepoint region
[2022-06-13T03:17:29.666+0000][1][safepoint    ] Total time for which application threads were stopped: 0.0003135 seconds, Stopping threads took: 0.0001532 seconds
[2022-06-13T03:17:29.666+0000][1][safepoint    ] Application time: 0.0002845 seconds
[2022-06-13T03:17:29.667+0000][1][safepoint    ] Entering safepoint region: RevokeBias
[2022-06-13T03:17:29.667+0000][1][safepoint    ] Leaving safepoint region
[2022-06-13T03:17:29.667+0000][1][safepoint    ] Total time for which application threads were stopped: 0.0002817 seconds, Stopping threads took: 0.0001221 seconds
[2022-06-13T03:17:29.667+0000][1][safepoint    ] Application time: 0.0000792 seconds
[2022-06-13T03:17:29.667+0000][1][safepoint    ] Entering safepoint region: RevokeBias
[2022-06-13T03:17:29.667+0000][1][safepoint    ] Leaving safepoint region
[2022-06-13T03:17:29.667+0000][1][safepoint    ] Total time for which application threads were stopped: 0.0003119 seconds, Stopping threads took: 0.0001359 seconds
[2022-06-13T03:17:29.668+0000][1][safepoint    ] Application time: 0.0000909 seconds
[2022-06-13T03:17:29.668+0000][1][safepoint    ] Entering safepoint region: BulkRevokeBias
[2022-06-13T03:17:29.668+0000][1][safepoint    ] Leaving safepoint region
[2022-06-13T03:17:29.668+0000][1][safepoint    ] Total time for which application threads were stopped: 0.0003179 seconds, Stopping threads took: 0.0001273 seconds
[2022-06-13T03:17:29.668+0000][1][safepoint    ] Application time: 0.0000768 seconds
[2022-06-13T03:17:29.668+0000][1][safepoint    ] Entering safepoint region: RevokeBias
[2022-06-13T03:17:29.669+0000][1][safepoint    ] Leaving safepoint region
[2022-06-13T03:17:29.669+0000][1][safepoint    ] Total time for which application threads were stopped: 0.0003087 seconds, Stopping threads took: 0.0001371 seconds
[2022-06-13T03:17:29.669+0000][1][safepoint    ] Application time: 0.0000874 seconds
[2022-06-13T03:17:29.669+0000][1][safepoint    ] Entering safepoint region: BulkRevokeBias
[2022-06-13T03:17:29.669+0000][1][safepoint    ] Leaving safepoint region
[2022-06-13T03:17:29.669+0000][1][safepoint    ] Total time for which application threads were stopped: 0.0003280 seconds, Stopping threads took: 0.0001712 seconds
[2022-06-13T03:17:29.786+0000][1][safepoint    ] Application time: 0.1167271 seconds
[2022-06-13T03:17:29.787+0000][1][safepoint    ] Entering safepoint region: GenCollectForAllocation
[2022-06-13T03:17:29.787+0000][1][gc,start     ] GC(2) Pause Young (Allocation Failure)
[2022-06-13T03:17:29.787+0000][1][gc,task      ] GC(2) Using 5 workers of 13 for evacuation
[2022-06-13T03:17:29.790+0000][1][gc,age       ] GC(2) Desired survivor size 4456448 bytes, new threshold 6 (max threshold 6)
[2022-06-13T03:17:29.790+0000][1][gc,age       ] GC(2) Age table with threshold 6 (max threshold 6)
[2022-06-13T03:17:29.790+0000][1][gc,age       ] GC(2) - age   1:    2604560 bytes,    2604560 total
[2022-06-13T03:17:29.791+0000][1][gc,age       ] GC(2) - age   2:    1180864 bytes,    3785424 total
[2022-06-13T03:17:29.791+0000][1][gc,heap      ] GC(2) ParNew: 76412K->4394K(78656K)
[2022-06-13T03:17:29.791+0000][1][gc,heap      ] GC(2) CMS: 6704K->6704K(174784K)
[2022-06-13T03:17:29.791+0000][1][gc,metaspace ] GC(2) Metaspace: 15092K->15092K(1062912K)
[2022-06-13T03:17:29.791+0000][1][gc           ] GC(2) Pause Young (Allocation Failure) 81M->10M(247M) 4.391ms
[2022-06-13T03:17:29.791+0000][1][gc,cpu       ] GC(2) User=0.02s Sys=0.00s Real=0.01s
[2022-06-13T03:17:29.791+0000][1][safepoint    ] Leaving safepoint region
[2022-06-13T03:17:29.792+0000][1][safepoint    ] Total time for which application threads were stopped: 0.0050242 seconds, Stopping threads took: 0.0001461 seconds
[2022-06-13T03:17:29.804+0000][1][safepoint    ] Application time: 0.0128388 seconds
[2022-06-13T03:17:29.805+0000][1][safepoint    ] Entering safepoint region: RevokeBias
[2022-06-13T03:17:29.805+0000][1][safepoint    ] Leaving safepoint region
[2022-06-13T03:17:29.805+0000][1][safepoint    ] Total time for which application threads were stopped: 0.0004373 seconds, Stopping threads took: 0.0002106 seconds
[2022-06-13T03:17:29.805+0000][1][safepoint    ] Application time: 0.0000751 seconds
[2022-06-13T03:17:29.806+0000][1][safepoint    ] Entering safepoint region: RevokeBias
[2022-06-13T03:17:29.806+0000][1][safepoint    ] Leaving safepoint region
[2022-06-13T03:17:29.806+0000][1][safepoint    ] Total time for which application threads were stopped: 0.0005990 seconds, Stopping threads took: 0.0003953 seconds
[2022-06-13T03:17:29.807+0000][1][safepoint    ] Application time: 0.0000769 seconds
[2022-06-13T03:17:29.807+0000][1][safepoint    ] Entering safepoint region: RevokeBias
[2022-06-13T03:17:29.807+0000][1][safepoint    ] Leaving safepoint region
[2022-06-13T03:17:29.807+0000][1][safepoint    ] Total time for which application threads were stopped: 0.0004042 seconds, Stopping threads took: 0.0001702 seconds
[2022-06-13T03:17:29.808+0000][1][safepoint    ] Application time: 0.0000503 seconds
[2022-06-13T03:17:29.808+0000][1][safepoint    ] Entering safepoint region: RevokeBias
[2022-06-13T03:17:29.808+0000][1][safepoint    ] Leaving safepoint region
[2022-06-13T03:17:29.808+0000][1][safepoint    ] Total time for which application threads were stopped: 0.0003819 seconds, Stopping threads took: 0.0001657 seconds
[2022-06-13T03:17:29.808+0000][1][safepoint    ] Application time: 0.0000596 seconds
[2022-06-13T03:17:29.808+0000][1][safepoint    ] Entering safepoint region: RevokeBias
[2022-06-13T03:17:29.809+0000][1][safepoint    ] Leaving safepoint region
[2022-06-13T03:17:29.809+0000][1][safepoint    ] Total time for which application threads were stopped: 0.0003515 seconds, Stopping threads took: 0.0001431 seconds
[2022-06-13T03:17:29.809+0000][1][safepoint    ] Application time: 0.0000421 seconds
[2022-06-13T03:17:29.809+0000][1][safepoint    ] Entering safepoint region: RevokeBias
[2022-06-13T03:17:29.810+0000][1][safepoint    ] Leaving safepoint region
[2022-06-13T03:17:29.810+0000][1][safepoint    ] Total time for which application threads were stopped: 0.0004723 seconds, Stopping threads took: 0.0002543 seconds
[2022-06-13T03:17:29.919+0000][1][safepoint    ] Application time: 0.1093983 seconds
[2022-06-13T03:17:29.919+0000][1][safepoint    ] Entering safepoint region: Deoptimize
[2022-06-13T03:17:29.920+0000][1][safepoint    ] Leaving safepoint region
[2022-06-13T03:17:29.920+0000][1][safepoint    ] Total time for which application threads were stopped: 0.0007705 seconds, Stopping threads took: 0.0001572 seconds
[2022-06-13T03:17:29.921+0000][1][safepoint    ] Application time: 0.0009220 seconds
[2022-06-13T03:17:29.921+0000][1][safepoint    ] Entering safepoint region: Deoptimize
[2022-06-13T03:17:29.922+0000][1][safepoint    ] Leaving safepoint region
[2022-06-13T03:17:29.922+0000][1][safepoint    ] Total time for which application threads were stopped: 0.0006756 seconds, Stopping threads took: 0.0001676 seconds
[2022-06-13T03:17:30.081+0000][1][safepoint    ] Application time: 0.1584322 seconds
[2022-06-13T03:17:30.081+0000][1][safepoint    ] Entering safepoint region: GenCollectForAllocation
[2022-06-13T03:17:30.081+0000][1][gc,start     ] GC(3) Pause Young (Allocation Failure)
[2022-06-13T03:17:30.081+0000][1][gc,task      ] GC(3) Using 5 workers of 13 for evacuation
[2022-06-13T03:17:30.084+0000][1][gc,age       ] GC(3) Desired survivor size 4456448 bytes, new threshold 3 (max threshold 6)
[2022-06-13T03:17:30.085+0000][1][gc,age       ] GC(3) Age table with threshold 3 (max threshold 6)
[2022-06-13T03:17:30.086+0000][1][gc,age       ] GC(3) - age   1:    3241616 bytes,    3241616 total
[2022-06-13T03:17:30.086+0000][1][gc,age       ] GC(3) - age   2:     319472 bytes,    3561088 total
[2022-06-13T03:17:30.086+0000][1][gc,age       ] GC(3) - age   3:    1177848 bytes,    4738936 total
[2022-06-13T03:17:30.086+0000][1][gc,heap      ] GC(3) ParNew: 74346K->5820K(78656K)
[2022-06-13T03:17:30.086+0000][1][gc,heap      ] GC(3) CMS: 6704K->6704K(174784K)
[2022-06-13T03:17:30.087+0000][1][gc,metaspace ] GC(3) Metaspace: 18503K->18503K(1067008K)
[2022-06-13T03:17:30.087+0000][1][gc           ] GC(3) Pause Young (Allocation Failure) 79M->12M(247M) 5.676ms
[2022-06-13T03:17:30.087+0000][1][gc,cpu       ] GC(3) User=0.01s Sys=0.00s Real=0.00s
[2022-06-13T03:17:30.087+0000][1][safepoint    ] Leaving safepoint region
[2022-06-13T03:17:30.087+0000][1][safepoint    ] Total time for which application threads were stopped: 0.0063740 seconds, Stopping threads took: 0.0001343 seconds
[2022-06-13T03:17:30.088+0000][1][safepoint    ] Application time: 0.0002587 seconds
[2022-06-13T03:17:30.088+0000][1][safepoint    ] Entering safepoint region: RevokeBias
[2022-06-13T03:17:30.089+0000][1][safepoint    ] Leaving safepoint region
[2022-06-13T03:17:30.089+0000][1][safepoint    ] Total time for which application threads were stopped: 0.0010660 seconds, Stopping threads took: 0.0007973 seconds
[2022-06-13T03:17:30.090+0000][1][safepoint    ] Application time: 0.0008588 seconds
[2022-06-13T03:17:30.090+0000][1][safepoint    ] Entering safepoint region: RevokeBias
[2022-06-13T03:17:30.090+0000][1][safepoint    ] Leaving safepoint region
[2022-06-13T03:17:30.091+0000][1][safepoint    ] Total time for which application threads were stopped: 0.0004193 seconds, Stopping threads took: 0.0002359 seconds
[2022-06-13T03:17:30.091+0000][1][safepoint    ] Application time: 0.0006206 seconds
[2022-06-13T03:17:30.093+0000][1][safepoint    ] Entering safepoint region: RevokeBias
[2022-06-13T03:17:30.093+0000][1][safepoint    ] Leaving safepoint region
[2022-06-13T03:17:30.093+0000][1][safepoint    ] Total time for which application threads were stopped: 0.0005078 seconds, Stopping threads took: 0.0002492 seconds
[2022-06-13T03:17:30.093+0000][1][safepoint    ] Application time: 0.0000854 seconds
[2022-06-13T03:17:30.094+0000][1][safepoint    ] Entering safepoint region: RevokeBias
[2022-06-13T03:17:30.094+0000][1][safepoint    ] Leaving safepoint region
[2022-06-13T03:17:30.094+0000][1][safepoint    ] Total time for which application threads were stopped: 0.0007722 seconds, Stopping threads took: 0.0004910 seconds
[2022-06-13T03:17:30.094+0000][1][safepoint    ] Application time: 0.0000549 seconds
[2022-06-13T03:17:30.095+0000][1][safepoint    ] Entering safepoint region: RevokeBias
[2022-06-13T03:17:30.095+0000][1][safepoint    ] Leaving safepoint region
[2022-06-13T03:17:30.095+0000][1][safepoint    ] Total time for which application threads were stopped: 0.0004046 seconds, Stopping threads took: 0.0002016 seconds
[2022-06-13T03:17:30.095+0000][1][safepoint    ] Application time: 0.0000566 seconds
[2022-06-13T03:17:30.095+0000][1][safepoint    ] Entering safepoint region: RevokeBias
[2022-06-13T03:17:30.095+0000][1][safepoint    ] Leaving safepoint region
[2022-06-13T03:17:30.096+0000][1][safepoint    ] Total time for which application threads were stopped: 0.0003427 seconds, Stopping threads took: 0.0001553 seconds
[2022-06-13T03:17:30.096+0000][1][safepoint    ] Application time: 0.0000964 seconds
[2022-06-13T03:17:30.097+0000][1][safepoint    ] Entering safepoint region: RevokeBias
[2022-06-13T03:17:30.097+0000][1][safepoint    ] Leaving safepoint region
[2022-06-13T03:17:30.097+0000][1][safepoint    ] Total time for which application threads were stopped: 0.0012427 seconds, Stopping threads took: 0.0006539 seconds
[2022-06-13T03:17:30.098+0000][1][safepoint    ] Application time: 0.0000910 seconds
[2022-06-13T03:17:30.098+0000][1][safepoint    ] Entering safepoint region: RevokeBias
[2022-06-13T03:17:30.098+0000][1][safepoint    ] Leaving safepoint region
[2022-06-13T03:17:30.098+0000][1][safepoint    ] Total time for which application threads were stopped: 0.0006708 seconds, Stopping threads took: 0.0002189 seconds
[2022-06-13T03:17:30.099+0000][1][safepoint    ] Application time: 0.0004765 seconds
[2022-06-13T03:17:30.100+0000][1][safepoint    ] Entering safepoint region: RevokeBias
[2022-06-13T03:17:30.101+0000][1][safepoint    ] Leaving safepoint region
[2022-06-13T03:17:30.101+0000][1][safepoint    ] Total time for which application threads were stopped: 0.0011919 seconds, Stopping threads took: 0.0006522 seconds
[2022-06-13T03:17:30.102+0000][1][safepoint    ] Application time: 0.0000525 seconds
[2022-06-13T03:17:30.102+0000][1][safepoint    ] Entering safepoint region: RevokeBias
[2022-06-13T03:17:30.102+0000][1][safepoint    ] Leaving safepoint region
[2022-06-13T03:17:30.102+0000][1][safepoint    ] Total time for which application threads were stopped: 0.0003311 seconds, Stopping threads took: 0.0001443 seconds
[2022-06-13T03:17:30.103+0000][1][safepoint    ] Application time: 0.0011192 seconds
[2022-06-13T03:17:30.104+0000][1][safepoint    ] Entering safepoint region: RevokeBias
[2022-06-13T03:17:30.104+0000][1][safepoint    ] Leaving safepoint region
[2022-06-13T03:17:30.104+0000][1][safepoint    ] Total time for which application threads were stopped: 0.0003610 seconds, Stopping threads took: 0.0001711 seconds
[2022-06-13T03:17:30.104+0000][1][safepoint    ] Application time: 0.0000804 seconds
[2022-06-13T03:17:30.104+0000][1][safepoint    ] Entering safepoint region: RevokeBias
[2022-06-13T03:17:30.105+0000][1][safepoint    ] Leaving safepoint region
[2022-06-13T03:17:30.105+0000][1][safepoint    ] Total time for which application threads were stopped: 0.0003504 seconds, Stopping threads took: 0.0001957 seconds
[2022-06-13T03:17:30.105+0000][1][safepoint    ] Application time: 0.0000935 seconds
[2022-06-13T03:17:30.105+0000][1][safepoint    ] Entering safepoint region: RevokeBias
[2022-06-13T03:17:30.105+0000][1][safepoint    ] Leaving safepoint region
[2022-06-13T03:17:30.105+0000][1][safepoint    ] Total time for which application threads were stopped: 0.0003483 seconds, Stopping threads took: 0.0001712 seconds
[2022-06-13T03:17:30.106+0000][1][safepoint    ] Application time: 0.0002445 seconds
[2022-06-13T03:17:30.106+0000][1][safepoint    ] Entering safepoint region: RevokeBias
[2022-06-13T03:17:30.106+0000][1][safepoint    ] Leaving safepoint region
[2022-06-13T03:17:30.106+0000][1][safepoint    ] Total time for which application threads were stopped: 0.0003683 seconds, Stopping threads took: 0.0001996 seconds
[2022-06-13T03:17:30.107+0000][1][safepoint    ] Application time: 0.0000747 seconds
[2022-06-13T03:17:30.107+0000][1][safepoint    ] Entering safepoint region: RevokeBias
[2022-06-13T03:17:30.107+0000][1][safepoint    ] Leaving safepoint region
[2022-06-13T03:17:30.108+0000][1][safepoint    ] Total time for which application threads were stopped: 0.0003681 seconds, Stopping threads took: 0.0001937 seconds
[2022-06-13T03:17:30.108+0000][1][safepoint    ] Application time: 0.0000863 seconds
[2022-06-13T03:17:30.108+0000][1][safepoint    ] Entering safepoint region: RevokeBias
[2022-06-13T03:17:30.108+0000][1][safepoint    ] Leaving safepoint region
[2022-06-13T03:17:30.108+0000][1][safepoint    ] Total time for which application threads were stopped: 0.0003645 seconds, Stopping threads took: 0.0001872 seconds
[2022-06-13T03:17:30.108+0000][1][safepoint    ] Application time: 0.0000371 seconds
[2022-06-13T03:17:30.109+0000][1][safepoint    ] Entering safepoint region: RevokeBias
[2022-06-13T03:17:30.109+0000][1][safepoint    ] Leaving safepoint region
[2022-06-13T03:17:30.109+0000][1][safepoint    ] Total time for which application threads were stopped: 0.0002915 seconds, Stopping threads took: 0.0001277 seconds
[2022-06-13T03:17:30.109+0000][1][safepoint    ] Application time: 0.0000403 seconds
[2022-06-13T03:17:30.109+0000][1][safepoint    ] Entering safepoint region: RevokeBias
[2022-06-13T03:17:30.110+0000][1][safepoint    ] Leaving safepoint region
[2022-06-13T03:17:30.110+0000][1][safepoint    ] Total time for which application threads were stopped: 0.0006628 seconds, Stopping threads took: 0.0003727 seconds
[2022-06-13T03:17:30.119+0000][1][safepoint    ] Application time: 0.0091026 seconds
[2022-06-13T03:17:30.119+0000][1][safepoint    ] Entering safepoint region: RevokeBias
[2022-06-13T03:17:30.120+0000][1][safepoint    ] Leaving safepoint region
[2022-06-13T03:17:30.120+0000][1][safepoint    ] Total time for which application threads were stopped: 0.0004338 seconds, Stopping threads took: 0.0002014 seconds
[2022-06-13T03:17:30.120+0000][1][safepoint    ] Application time: 0.0000551 seconds
[2022-06-13T03:17:30.120+0000][1][safepoint    ] Entering safepoint region: RevokeBias
[2022-06-13T03:17:30.120+0000][1][safepoint    ] Leaving safepoint region
[2022-06-13T03:17:30.121+0000][1][safepoint    ] Total time for which application threads were stopped: 0.0003569 seconds, Stopping threads took: 0.0001514 seconds
[2022-06-13T03:17:30.121+0000][1][safepoint    ] Application time: 0.0000405 seconds
[2022-06-13T03:17:30.121+0000][1][safepoint    ] Entering safepoint region: RevokeBias
[2022-06-13T03:17:30.121+0000][1][safepoint    ] Leaving safepoint region
[2022-06-13T03:17:30.121+0000][1][safepoint    ] Total time for which application threads were stopped: 0.0003363 seconds, Stopping threads took: 0.0001366 seconds
[2022-06-13T03:17:30.204+0000][1][safepoint    ] Application time: 0.0821528 seconds
[2022-06-13T03:17:30.204+0000][1][safepoint    ] Entering safepoint region: GenCollectForAllocation
[2022-06-13T03:17:30.204+0000][1][gc,start     ] GC(4) Pause Young (Allocation Failure)
[2022-06-13T03:17:30.204+0000][1][gc,task      ] GC(4) Using 5 workers of 13 for evacuation
[2022-06-13T03:17:30.208+0000][1][gc,age       ] GC(4) Desired survivor size 4456448 bytes, new threshold 2 (max threshold 6)
[2022-06-13T03:17:30.209+0000][1][gc,age       ] GC(4) Age table with threshold 2 (max threshold 6)
[2022-06-13T03:17:30.209+0000][1][gc,age       ] GC(4) - age   1:    1485904 bytes,    1485904 total
[2022-06-13T03:17:30.209+0000][1][gc,age       ] GC(4) - age   2:    3197704 bytes,    4683608 total
[2022-06-13T03:17:30.209+0000][1][gc,age       ] GC(4) - age   3:     318944 bytes,    5002552 total
[2022-06-13T03:17:30.209+0000][1][gc,heap      ] GC(4) ParNew: 75772K->6996K(78656K)
[2022-06-13T03:17:30.210+0000][1][gc,heap      ] GC(4) CMS: 6704K->7881K(174784K)
[2022-06-13T03:17:30.210+0000][1][gc,metaspace ] GC(4) Metaspace: 18806K->18806K(1067008K)
[2022-06-13T03:17:30.210+0000][1][gc           ] GC(4) Pause Young (Allocation Failure) 80M->14M(247M) 5.615ms
[2022-06-13T03:17:30.210+0000][1][gc,cpu       ] GC(4) User=0.01s Sys=0.00s Real=0.01s
[2022-06-13T03:17:30.210+0000][1][safepoint    ] Leaving safepoint region
[2022-06-13T03:17:30.210+0000][1][safepoint    ] Total time for which application threads were stopped: 0.0063055 seconds, Stopping threads took: 0.0002342 seconds
[2022-06-13T03:17:30.216+0000][1][safepoint    ] Application time: 0.0056970 seconds
[2022-06-13T03:17:30.216+0000][1][safepoint    ] Entering safepoint region: RevokeBias
[2022-06-13T03:17:30.217+0000][1][safepoint    ] Leaving safepoint region
[2022-06-13T03:17:30.217+0000][1][safepoint    ] Total time for which application threads were stopped: 0.0004214 seconds, Stopping threads took: 0.0002291 seconds
[2022-06-13T03:17:30.217+0000][1][safepoint    ] Application time: 0.0001783 seconds
[2022-06-13T03:17:30.218+0000][1][safepoint    ] Entering safepoint region: RevokeBias
[2022-06-13T03:17:30.218+0000][1][safepoint    ] Leaving safepoint region
[2022-06-13T03:17:30.218+0000][1][safepoint    ] Total time for which application threads were stopped: 0.0002694 seconds, Stopping threads took: 0.0001244 seconds
[2022-06-13T03:17:30.221+0000][1][safepoint    ] Application time: 0.0025570 seconds
[2022-06-13T03:17:30.221+0000][1][safepoint    ] Entering safepoint region: RevokeBias
[2022-06-13T03:17:30.221+0000][1][safepoint    ] Leaving safepoint region
[2022-06-13T03:17:30.221+0000][1][safepoint    ] Total time for which application threads were stopped: 0.0004844 seconds, Stopping threads took: 0.0002270 seconds
[2022-06-13T03:17:30.222+0000][1][safepoint    ] Application time: 0.0001154 seconds
[2022-06-13T03:17:30.222+0000][1][safepoint    ] Entering safepoint region: RevokeBias
[2022-06-13T03:17:30.222+0000][1][safepoint    ] Leaving safepoint region
[2022-06-13T03:17:30.222+0000][1][safepoint    ] Total time for which application threads were stopped: 0.0003826 seconds, Stopping threads took: 0.0001879 seconds
[2022-06-13T03:17:30.239+0000][1][safepoint    ] Application time: 0.0168973 seconds
[2022-06-13T03:17:30.241+0000][1][safepoint    ] Entering safepoint region: Deoptimize
[2022-06-13T03:17:30.243+0000][1][safepoint    ] Leaving safepoint region
[2022-06-13T03:17:30.243+0000][1][safepoint    ] Total time for which application threads were stopped: 0.0020453 seconds, Stopping threads took: 0.0011160 seconds
[2022-06-13T03:17:30.294+0000][1][safepoint    ] Application time: 0.0508608 seconds
[2022-06-13T03:17:30.294+0000][1][safepoint    ] Entering safepoint region: Deoptimize
[2022-06-13T03:17:30.295+0000][1][safepoint    ] Leaving safepoint region
[2022-06-13T03:17:30.295+0000][1][safepoint    ] Total time for which application threads were stopped: 0.0009007 seconds, Stopping threads took: 0.0001919 seconds
[2022-06-13T03:17:30.395+0000][1][safepoint    ] Application time: 0.1001035 seconds
[2022-06-13T03:17:30.399+0000][1][safepoint    ] Entering safepoint region: GenCollectForAllocation
[2022-06-13T03:17:30.402+0000][1][gc,start     ] GC(5) Pause Young (Allocation Failure)
[2022-06-13T03:17:30.403+0000][1][gc,task      ] GC(5) Using 5 workers of 13 for evacuation
[2022-06-13T03:17:30.409+0000][1][gc,age       ] GC(5) Desired survivor size 4456448 bytes, new threshold 6 (max threshold 6)
[2022-06-13T03:17:30.410+0000][1][gc,age       ] GC(5) Age table with threshold 6 (max threshold 6)
[2022-06-13T03:17:30.410+0000][1][gc,age       ] GC(5) - age   1:    2222768 bytes,    2222768 total
[2022-06-13T03:17:30.410+0000][1][gc,age       ] GC(5) - age   2:     551640 bytes,    2774408 total
[2022-06-13T03:17:30.410+0000][1][gc,heap      ] GC(5) ParNew: 76948K->3857K(78656K)
[2022-06-13T03:17:30.410+0000][1][gc,heap      ] GC(5) CMS: 7881K->11361K(174784K)
[2022-06-13T03:17:30.410+0000][1][gc,metaspace ] GC(5) Metaspace: 19139K->19139K(1067008K)
[2022-06-13T03:17:30.411+0000][1][gc           ] GC(5) Pause Young (Allocation Failure) 82M->14M(247M) 8.213ms
[2022-06-13T03:17:30.411+0000][1][gc,cpu       ] GC(5) User=0.04s Sys=0.00s Real=0.01s
[2022-06-13T03:17:30.411+0000][1][safepoint    ] Leaving safepoint region
[2022-06-13T03:17:30.411+0000][1][safepoint    ] Total time for which application threads were stopped: 0.0119991 seconds, Stopping threads took: 0.0031873 seconds
[2022-06-13T03:17:30.420+0000][1][safepoint    ] Application time: 0.0089899 seconds
[2022-06-13T03:17:30.422+0000][1][safepoint    ] Entering safepoint region: RevokeBias
[2022-06-13T03:17:30.423+0000][1][safepoint    ] Leaving safepoint region
[2022-06-13T03:17:30.425+0000][1][safepoint    ] Total time for which application threads were stopped: 0.0043540 seconds, Stopping threads took: 0.0022546 seconds
[2022-06-13T03:17:30.429+0000][1][safepoint    ] Application time: 0.0041240 seconds
[2022-06-13T03:17:30.436+0000][1][safepoint    ] Entering safepoint region: RevokeBias
[2022-06-13T03:17:30.439+0000][1][safepoint    ] Leaving safepoint region
[2022-06-13T03:17:30.440+0000][1][safepoint    ] Total time for which application threads were stopped: 0.0041109 seconds, Stopping threads took: 0.0037826 seconds
[2022-06-13T03:17:30.448+0000][1][safepoint    ] Application time: 0.0088304 seconds
[2022-06-13T03:17:30.449+0000][1][safepoint    ] Entering safepoint region: RevokeBias
[2022-06-13T03:17:30.449+0000][1][safepoint    ] Leaving safepoint region
[2022-06-13T03:17:30.453+0000][1][safepoint    ] Total time for which application threads were stopped: 0.0035153 seconds, Stopping threads took: 0.0002045 seconds
[2022-06-13T03:17:30.459+0000][1][safepoint    ] Application time: 0.0000525 seconds
[2022-06-13T03:17:30.463+0000][1][safepoint    ] Entering safepoint region: RevokeBias
[2022-06-13T03:17:30.463+0000][1][safepoint    ] Leaving safepoint region
[2022-06-13T03:17:30.463+0000][1][safepoint    ] Total time for which application threads were stopped: 0.0006234 seconds, Stopping threads took: 0.0003357 seconds
[2022-06-13T03:17:30.464+0000][1][safepoint    ] Application time: 0.0000824 seconds
[2022-06-13T03:17:30.465+0000][1][safepoint    ] Entering safepoint region: RevokeBias
[2022-06-13T03:17:30.465+0000][1][safepoint    ] Leaving safepoint region
[2022-06-13T03:17:30.465+0000][1][safepoint    ] Total time for which application threads were stopped: 0.0003202 seconds, Stopping threads took: 0.0001208 seconds
[2022-06-13T03:17:30.465+0000][1][safepoint    ] Application time: 0.0000329 seconds
[2022-06-13T03:17:30.465+0000][1][safepoint    ] Entering safepoint region: RevokeBias
[2022-06-13T03:17:30.465+0000][1][safepoint    ] Leaving safepoint region
[2022-06-13T03:17:30.465+0000][1][safepoint    ] Total time for which application threads were stopped: 0.0002901 seconds, Stopping threads took: 0.0001038 seconds
[2022-06-13T03:17:30.553+0000][1][safepoint    ] Application time: 0.0871304 seconds
[2022-06-13T03:17:30.553+0000][1][safepoint    ] Entering safepoint region: RevokeBias
[2022-06-13T03:17:30.554+0000][1][safepoint    ] Leaving safepoint region
[2022-06-13T03:17:30.554+0000][1][safepoint    ] Total time for which application threads were stopped: 0.0004950 seconds, Stopping threads took: 0.0002422 seconds
[2022-06-13T03:17:30.579+0000][1][safepoint    ] Application time: 0.0251106 seconds
[2022-06-13T03:17:30.580+0000][1][safepoint    ] Entering safepoint region: GenCollectForAllocation
[2022-06-13T03:17:30.580+0000][1][gc,start     ] GC(6) Pause Young (Allocation Failure)
[2022-06-13T03:17:30.580+0000][1][gc,task      ] GC(6) Using 5 workers of 13 for evacuation
[2022-06-13T03:17:30.583+0000][1][gc,age       ] GC(6) Desired survivor size 4456448 bytes, new threshold 6 (max threshold 6)
[2022-06-13T03:17:30.586+0000][1][gc,age       ] GC(6) Age table with threshold 6 (max threshold 6)
[2022-06-13T03:17:30.592+0000][1][gc,age       ] GC(6) - age   1:    1361128 bytes,    1361128 total
[2022-06-13T03:17:30.592+0000][1][gc,age       ] GC(6) - age   2:    2196400 bytes,    3557528 total
[2022-06-13T03:17:30.592+0000][1][gc,age       ] GC(6) - age   3:     551640 bytes,    4109168 total
[2022-06-13T03:17:30.592+0000][1][gc,heap      ] GC(6) ParNew: 73809K->4506K(78656K)
[2022-06-13T03:17:30.593+0000][1][gc,heap      ] GC(6) CMS: 11361K->11361K(174784K)
[2022-06-13T03:17:30.593+0000][1][gc,metaspace ] GC(6) Metaspace: 19445K->19445K(1067008K)
[2022-06-13T03:17:30.593+0000][1][gc           ] GC(6) Pause Young (Allocation Failure) 83M->15M(247M) 12.977ms
[2022-06-13T03:17:30.593+0000][1][gc,cpu       ] GC(6) User=0.03s Sys=0.00s Real=0.01s
[2022-06-13T03:17:30.593+0000][1][safepoint    ] Leaving safepoint region
[2022-06-13T03:17:30.593+0000][1][safepoint    ] Total time for which application threads were stopped: 0.0137214 seconds, Stopping threads took: 0.0001807 seconds
[2022-06-13T03:17:30.596+0000][1][safepoint    ] Application time: 0.0030482 seconds
[2022-06-13T03:17:30.598+0000][1][safepoint    ] Entering safepoint region: BulkRevokeBias
[2022-06-13T03:17:30.599+0000][1][safepoint    ] Leaving safepoint region
[2022-06-13T03:17:30.599+0000][1][safepoint    ] Total time for which application threads were stopped: 0.0005905 seconds, Stopping threads took: 0.0003158 seconds
[2022-06-13T03:17:30.599+0000][1][safepoint    ] Application time: 0.0000333 seconds
[2022-06-13T03:17:30.599+0000][1][safepoint    ] Entering safepoint region: BulkRevokeBias
[2022-06-13T03:17:30.599+0000][1][safepoint    ] Leaving safepoint region
[2022-06-13T03:17:30.599+0000][1][safepoint    ] Total time for which application threads were stopped: 0.0003058 seconds, Stopping threads took: 0.0001150 seconds
[2022-06-13T03:17:30.699+0000][1][safepoint    ] Application time: 0.0994520 seconds
[2022-06-13T03:17:30.699+0000][1][safepoint    ] Entering safepoint region: GenCollectForAllocation
[2022-06-13T03:17:30.700+0000][1][gc,start     ] GC(7) Pause Young (Allocation Failure)
[2022-06-13T03:17:30.700+0000][1][gc,task      ] GC(7) Using 5 workers of 13 for evacuation
[2022-06-13T03:17:30.702+0000][1][gc,age       ] GC(7) Desired survivor size 4456448 bytes, new threshold 4 (max threshold 6)
[2022-06-13T03:17:30.702+0000][1][gc,age       ] GC(7) Age table with threshold 4 (max threshold 6)
[2022-06-13T03:17:30.702+0000][1][gc,age       ] GC(7) - age   1:     585336 bytes,     585336 total
[2022-06-13T03:17:30.702+0000][1][gc,age       ] GC(7) - age   2:    1129208 bytes,    1714544 total
[2022-06-13T03:17:30.702+0000][1][gc,age       ] GC(7) - age   3:    2194392 bytes,    3908936 total
[2022-06-13T03:17:30.702+0000][1][gc,age       ] GC(7) - age   4:     551640 bytes,    4460576 total
[2022-06-13T03:17:30.703+0000][1][gc,heap      ] GC(7) ParNew: 74458K->6284K(78656K)
[2022-06-13T03:17:30.703+0000][1][gc,heap      ] GC(7) CMS: 11361K->11361K(174784K)
[2022-06-13T03:17:30.703+0000][1][gc,metaspace ] GC(7) Metaspace: 19906K->19906K(1067008K)
[2022-06-13T03:17:30.703+0000][1][gc           ] GC(7) Pause Young (Allocation Failure) 83M->17M(247M) 3.561ms
[2022-06-13T03:17:30.703+0000][1][gc,cpu       ] GC(7) User=0.01s Sys=0.00s Real=0.00s
[2022-06-13T03:17:30.704+0000][1][safepoint    ] Leaving safepoint region
[2022-06-13T03:17:30.704+0000][1][safepoint    ] Total time for which application threads were stopped: 0.0043862 seconds, Stopping threads took: 0.0001411 seconds
[2022-06-13T03:17:30.710+0000][1][safepoint    ] Application time: 0.0056061 seconds
[2022-06-13T03:17:30.710+0000][1][safepoint    ] Entering safepoint region: CollectForMetadataAllocation
[2022-06-13T03:17:30.710+0000][1][safepoint    ] Leaving safepoint region
[2022-06-13T03:17:30.711+0000][1][safepoint    ] Total time for which application threads were stopped: 0.0003988 seconds, Stopping threads took: 0.0001419 seconds
[2022-06-13T03:17:30.727+0000][1][safepoint    ] Application time: 0.0165612 seconds
[2022-06-13T03:17:30.728+0000][1][safepoint    ] Entering safepoint region: CollectForMetadataAllocation
[2022-06-13T03:17:30.728+0000][1][safepoint    ] Leaving safepoint region
[2022-06-13T03:17:30.728+0000][1][safepoint    ] Total time for which application threads were stopped: 0.0005339 seconds, Stopping threads took: 0.0002187 seconds
[2022-06-13T03:17:30.824+0000][1][safepoint    ] Application time: 0.0958846 seconds
[2022-06-13T03:17:30.827+0000][1][safepoint    ] Entering safepoint region: GenCollectForAllocation
[2022-06-13T03:17:30.827+0000][1][gc,start     ] GC(8) Pause Young (Allocation Failure)
[2022-06-13T03:17:30.829+0000][1][gc,task      ] GC(8) Using 5 workers of 13 for evacuation
[2022-06-13T03:17:30.831+0000][1][gc,age       ] GC(8) Desired survivor size 4456448 bytes, new threshold 6 (max threshold 6)
[2022-06-13T03:17:30.832+0000][1][gc,age       ] GC(8) Age table with threshold 6 (max threshold 6)
[2022-06-13T03:17:30.832+0000][1][gc,age       ] GC(8) - age   1:     518200 bytes,     518200 total
[2022-06-13T03:17:30.832+0000][1][gc,age       ] GC(8) - age   2:     515488 bytes,    1033688 total
[2022-06-13T03:17:30.832+0000][1][gc,age       ] GC(8) - age   3:    1129112 bytes,    2162800 total
[2022-06-13T03:17:30.832+0000][1][gc,age       ] GC(8) - age   4:    2194104 bytes,    4356904 total
[2022-06-13T03:17:30.832+0000][1][gc,heap      ] GC(8) ParNew: 76236K->5452K(78656K)
[2022-06-13T03:17:30.833+0000][1][gc,heap      ] GC(8) CMS: 11361K->11910K(174784K)
[2022-06-13T03:17:30.833+0000][1][gc,metaspace ] GC(8) Metaspace: 20506K->20506K(1069056K)
[2022-06-13T03:17:30.833+0000][1][gc           ] GC(8) Pause Young (Allocation Failure) 85M->16M(247M) 5.809ms
[2022-06-13T03:17:30.833+0000][1][gc,cpu       ] GC(8) User=0.02s Sys=0.00s Real=0.01s
[2022-06-13T03:17:30.833+0000][1][safepoint    ] Leaving safepoint region
[2022-06-13T03:17:30.833+0000][1][safepoint    ] Total time for which application threads were stopped: 0.0084246 seconds, Stopping threads took: 0.0021007 seconds
[2022-06-13T03:17:30.839+0000][1][safepoint    ] Application time: 0.0050356 seconds
[2022-06-13T03:17:30.839+0000][1][safepoint    ] Entering safepoint region: CMS_Initial_Mark
[2022-06-13T03:17:30.839+0000][1][gc,start     ] GC(9) Pause Initial Mark
[2022-06-13T03:17:30.841+0000][1][gc           ] GC(9) Pause Initial Mark 18M->18M(247M) 1.846ms
[2022-06-13T03:17:30.842+0000][1][gc,cpu       ] GC(9) User=0.01s Sys=0.00s Real=0.00s
[2022-06-13T03:17:30.842+0000][1][safepoint    ] Leaving safepoint region
[2022-06-13T03:17:30.842+0000][1][safepoint    ] Total time for which application threads were stopped: 0.0028587 seconds, Stopping threads took: 0.0003770 seconds
[2022-06-13T03:17:30.842+0000][1][gc           ] GC(9) Concurrent Mark
[2022-06-13T03:17:30.852+0000][1][gc,task      ] GC(9) Using 4 workers of 4 for marking
[2022-06-13T03:17:30.883+0000][1][gc           ] GC(9) Concurrent Mark 41.008ms
[2022-06-13T03:17:30.884+0000][1][gc,cpu       ] GC(9) User=0.12s Sys=0.01s Real=0.04s
[2022-06-13T03:17:30.884+0000][1][gc           ] GC(9) Concurrent Preclean
[2022-06-13T03:17:30.885+0000][1][gc           ] GC(9) Concurrent Preclean 0.996ms
[2022-06-13T03:17:30.885+0000][1][gc,cpu       ] GC(9) User=0.01s Sys=0.00s Real=0.00s
[2022-06-13T03:17:30.885+0000][1][gc           ] GC(9) Concurrent Abortable Preclean
[2022-06-13T03:17:30.916+0000][1][safepoint    ] Application time: 0.0742602 seconds
[2022-06-13T03:17:30.916+0000][1][safepoint    ] Entering safepoint region: GenCollectForAllocation
[2022-06-13T03:17:30.917+0000][1][gc,start     ] GC(10) Pause Young (Allocation Failure)
[2022-06-13T03:17:30.917+0000][1][gc,task      ] GC(10) Using 5 workers of 13 for evacuation
[2022-06-13T03:17:30.921+0000][1][gc,age       ] GC(10) Desired survivor size 4456448 bytes, new threshold 5 (max threshold 6)
[2022-06-13T03:17:30.921+0000][1][gc,age       ] GC(10) Age table with threshold 5 (max threshold 6)
[2022-06-13T03:17:30.921+0000][1][gc,age       ] GC(10) - age   1:     877560 bytes,     877560 total
[2022-06-13T03:17:30.921+0000][1][gc,age       ] GC(10) - age   2:     485048 bytes,    1362608 total
[2022-06-13T03:17:30.921+0000][1][gc,age       ] GC(10) - age   3:     515368 bytes,    1877976 total
[2022-06-13T03:17:30.921+0000][1][gc,age       ] GC(10) - age   4:    1129112 bytes,    3007088 total
[2022-06-13T03:17:30.921+0000][1][gc,age       ] GC(10) - age   5:    2193912 bytes,    5201000 total
[2022-06-13T03:17:30.922+0000][1][gc,heap      ] GC(10) ParNew: 75404K->6456K(78656K)
[2022-06-13T03:17:30.922+0000][1][gc,heap      ] GC(10) CMS: 11910K->11910K(174784K)
[2022-06-13T03:17:30.922+0000][1][gc,metaspace ] GC(10) Metaspace: 20611K->20611K(1069056K)
[2022-06-13T03:17:30.922+0000][1][gc           ] GC(10) Pause Young (Allocation Failure) 85M->17M(247M) 5.143ms
[2022-06-13T03:17:30.922+0000][1][gc,cpu       ] GC(10) User=0.01s Sys=0.00s Real=0.01s
[2022-06-13T03:17:30.922+0000][1][safepoint    ] Leaving safepoint region
[2022-06-13T03:17:30.922+0000][1][safepoint    ] Total time for which application threads were stopped: 0.0057734 seconds, Stopping threads took: 0.0001467 seconds
[2022-06-13T03:17:31.003+0000][1][safepoint    ] Application time: 0.0802403 seconds
[2022-06-13T03:17:31.003+0000][1][safepoint    ] Entering safepoint region: GenCollectForAllocation
[2022-06-13T03:17:31.003+0000][1][gc,start     ] GC(11) Pause Young (Allocation Failure)
[2022-06-13T03:17:31.003+0000][1][gc,task      ] GC(11) Using 5 workers of 13 for evacuation
[2022-06-13T03:17:31.009+0000][1][gc,age       ] GC(11) Desired survivor size 4456448 bytes, new threshold 6 (max threshold 6)
[2022-06-13T03:17:31.009+0000][1][gc,age       ] GC(11) Age table with threshold 6 (max threshold 6)
[2022-06-13T03:17:31.010+0000][1][gc,age       ] GC(11) - age   1:    1854296 bytes,    1854296 total
[2022-06-13T03:17:31.010+0000][1][gc,age       ] GC(11) - age   2:      98864 bytes,    1953160 total
[2022-06-13T03:17:31.010+0000][1][gc,age       ] GC(11) - age   3:     485048 bytes,    2438208 total
[2022-06-13T03:17:31.010+0000][1][gc,age       ] GC(11) - age   4:     515216 bytes,    2953424 total
[2022-06-13T03:17:31.010+0000][1][gc,age       ] GC(11) - age   5:    1128824 bytes,    4082248 total
[2022-06-13T03:17:31.010+0000][1][gc,heap      ] GC(11) ParNew: 76408K->6203K(78656K)
[2022-06-13T03:17:31.011+0000][1][gc,heap      ] GC(11) CMS: 11910K->14075K(174784K)
[2022-06-13T03:17:31.011+0000][1][gc,metaspace ] GC(11) Metaspace: 20690K->20690K(1069056K)
[2022-06-13T03:17:31.011+0000][1][gc           ] GC(11) Pause Young (Allocation Failure) 86M->19M(247M) 7.657ms
[2022-06-13T03:17:31.011+0000][1][gc,cpu       ] GC(11) User=0.02s Sys=0.00s Real=0.01s
[2022-06-13T03:17:31.011+0000][1][safepoint    ] Leaving safepoint region
[2022-06-13T03:17:31.011+0000][1][safepoint    ] Total time for which application threads were stopped: 0.0083400 seconds, Stopping threads took: 0.0001765 seconds
[2022-06-13T03:17:31.012+0000][1][gc           ] GC(9) Concurrent Abortable Preclean 126.219ms
[2022-06-13T03:17:31.012+0000][1][gc,cpu       ] GC(9) User=0.30s Sys=0.01s Real=0.13s
[2022-06-13T03:17:31.012+0000][1][safepoint    ] Application time: 0.0004351 seconds
[2022-06-13T03:17:31.012+0000][1][safepoint    ] Entering safepoint region: CMS_Final_Remark
[2022-06-13T03:17:31.012+0000][1][gc,start     ] GC(9) Pause Remark
[2022-06-13T03:17:31.023+0000][1][gc           ] GC(9) Pause Remark 21M->21M(247M) 10.499ms
[2022-06-13T03:17:31.023+0000][1][gc,cpu       ] GC(9) User=0.02s Sys=0.00s Real=0.01s
[2022-06-13T03:17:31.023+0000][1][safepoint    ] Leaving safepoint region
[2022-06-13T03:17:31.023+0000][1][safepoint    ] Total time for which application threads were stopped: 0.0113603 seconds, Stopping threads took: 0.0001816 seconds
[2022-06-13T03:17:31.024+0000][1][gc           ] GC(9) Concurrent Sweep
[2022-06-13T03:17:31.029+0000][1][gc           ] GC(9) Concurrent Sweep 5.355ms
[2022-06-13T03:17:31.029+0000][1][gc,cpu       ] GC(9) User=0.02s Sys=0.00s Real=0.01s
[2022-06-13T03:17:31.030+0000][1][gc           ] GC(9) Concurrent Reset
[2022-06-13T03:17:31.030+0000][1][gc           ] GC(9) Concurrent Reset 0.506ms
[2022-06-13T03:17:31.031+0000][1][gc,cpu       ] GC(9) User=0.00s Sys=0.00s Real=0.00s
[2022-06-13T03:17:31.031+0000][1][gc,heap      ] GC(9) Old: 11910K->14049K(174784K)
[2022-06-13T03:17:31.282+0000][1][safepoint    ] Application time: 0.2586367 seconds
[2022-06-13T03:17:31.283+0000][1][safepoint    ] Entering safepoint region: Deoptimize
[2022-06-13T03:17:31.284+0000][1][safepoint    ] Leaving safepoint region
[2022-06-13T03:17:31.285+0000][1][safepoint    ] Total time for which application threads were stopped: 0.0018658 seconds, Stopping threads took: 0.0002325 seconds
[2022-06-13T03:17:31.348+0000][1][safepoint    ] Application time: 0.0630084 seconds
[2022-06-13T03:17:31.348+0000][1][safepoint    ] Entering safepoint region: Deoptimize
[2022-06-13T03:17:31.349+0000][1][safepoint    ] Leaving safepoint region
[2022-06-13T03:17:31.349+0000][1][safepoint    ] Total time for which application threads were stopped: 0.0008389 seconds, Stopping threads took: 0.0001534 seconds
[2022-06-13T03:17:31.349+0000][1][safepoint    ] Application time: 0.0004829 seconds
[2022-06-13T03:17:31.350+0000][1][safepoint    ] Entering safepoint region: Deoptimize
[2022-06-13T03:17:31.350+0000][1][safepoint    ] Leaving safepoint region
[2022-06-13T03:17:31.350+0000][1][safepoint    ] Total time for which application threads were stopped: 0.0007405 seconds, Stopping threads took: 0.0001221 seconds
[2022-06-13T03:17:31.359+0000][1][safepoint    ] Application time: 0.0081985 seconds
[2022-06-13T03:17:31.359+0000][1][safepoint    ] Entering safepoint region: RevokeBias
[2022-06-13T03:17:31.359+0000][1][safepoint    ] Leaving safepoint region
[2022-06-13T03:17:31.359+0000][1][safepoint    ] Total time for which application threads were stopped: 0.0003832 seconds, Stopping threads took: 0.0001851 seconds
[2022-06-13T03:17:31.360+0000][1][safepoint    ] Application time: 0.0000802 seconds
[2022-06-13T03:17:31.360+0000][1][safepoint    ] Entering safepoint region: RevokeBias
[2022-06-13T03:17:31.360+0000][1][safepoint    ] Leaving safepoint region
[2022-06-13T03:17:31.360+0000][1][safepoint    ] Total time for which application threads were stopped: 0.0002944 seconds, Stopping threads took: 0.0001307 seconds
[2022-06-13T03:17:31.361+0000][1][safepoint    ] Application time: 0.0007710 seconds
[2022-06-13T03:17:31.361+0000][1][safepoint    ] Entering safepoint region: Deoptimize
[2022-06-13T03:17:31.362+0000][1][safepoint    ] Leaving safepoint region
[2022-06-13T03:17:31.362+0000][1][safepoint    ] Total time for which application threads were stopped: 0.0007536 seconds, Stopping threads took: 0.0001339 seconds
[2022-06-13T03:17:31.365+0000][1][safepoint    ] Application time: 0.0030931 seconds
[2022-06-13T03:17:31.365+0000][1][safepoint    ] Entering safepoint region: Deoptimize
[2022-06-13T03:17:31.366+0000][1][safepoint    ] Leaving safepoint region
[2022-06-13T03:17:31.366+0000][1][safepoint    ] Total time for which application threads were stopped: 0.0006709 seconds, Stopping threads took: 0.0001215 seconds
[2022-06-13T03:17:31.439+0000][1][safepoint    ] Application time: 0.0729064 seconds
[2022-06-13T03:17:31.439+0000][1][safepoint    ] Entering safepoint region: GenCollectForAllocation
[2022-06-13T03:17:31.440+0000][1][gc,start     ] GC(12) Pause Young (Allocation Failure)
[2022-06-13T03:17:31.440+0000][1][gc,task      ] GC(12) Using 5 workers of 13 for evacuation
[2022-06-13T03:17:31.445+0000][1][gc,age       ] GC(12) Desired survivor size 4456448 bytes, new threshold 5 (max threshold 6)
[2022-06-13T03:17:31.446+0000][1][gc,age       ] GC(12) Age table with threshold 5 (max threshold 6)
[2022-06-13T03:17:31.446+0000][1][gc,age       ] GC(12) - age   1:    3342872 bytes,    3342872 total
[2022-06-13T03:17:31.446+0000][1][gc,age       ] GC(12) - age   2:     344912 bytes,    3687784 total
[2022-06-13T03:17:31.446+0000][1][gc,age       ] GC(12) - age   3:      98600 bytes,    3786384 total
[2022-06-13T03:17:31.446+0000][1][gc,age       ] GC(12) - age   4:     484600 bytes,    4270984 total
[2022-06-13T03:17:31.446+0000][1][gc,age       ] GC(12) - age   5:     510304 bytes,    4781288 total
[2022-06-13T03:17:31.446+0000][1][gc,age       ] GC(12) - age   6:    1128664 bytes,    5909952 total
[2022-06-13T03:17:31.447+0000][1][gc,heap      ] GC(12) ParNew: 76155K->7375K(78656K)
[2022-06-13T03:17:31.447+0000][1][gc,heap      ] GC(12) CMS: 14049K->14049K(174784K)
[2022-06-13T03:17:31.447+0000][1][gc,metaspace ] GC(12) Metaspace: 26431K->26431K(1073152K)
[2022-06-13T03:17:31.447+0000][1][gc           ] GC(12) Pause Young (Allocation Failure) 88M->20M(247M) 7.405ms
[2022-06-13T03:17:31.447+0000][1][gc,cpu       ] GC(12) User=0.03s Sys=0.00s Real=0.00s
[2022-06-13T03:17:31.447+0000][1][safepoint    ] Leaving safepoint region
[2022-06-13T03:17:31.448+0000][1][safepoint    ] Total time for which application threads were stopped: 0.0088033 seconds, Stopping threads took: 0.0003528 seconds
[2022-06-13T03:17:31.679+0000][1][safepoint    ] Application time: 0.2304551 seconds
[2022-06-13T03:17:31.688+0000][1][safepoint    ] Entering safepoint region: RevokeBias
[2022-06-13T03:17:31.695+0000][1][safepoint    ] Leaving safepoint region
[2022-06-13T03:17:31.696+0000][1][safepoint    ] Total time for which application threads were stopped: 0.0092677 seconds, Stopping threads took: 0.0068221 seconds
[2022-06-13T03:17:32.416+0000][1][safepoint    ] Application time: 0.7064833 seconds
[2022-06-13T03:17:32.416+0000][1][safepoint    ] Entering safepoint region: GenCollectForAllocation
[2022-06-13T03:17:32.417+0000][1][gc,start     ] GC(13) Pause Young (Allocation Failure)
[2022-06-13T03:17:32.417+0000][1][gc,task      ] GC(13) Using 5 workers of 13 for evacuation
[2022-06-13T03:17:32.471+0000][1][gc,age       ] GC(13) Desired survivor size 4456448 bytes, new threshold 1 (max threshold 6)
[2022-06-13T03:17:32.471+0000][1][gc,age       ] GC(13) Age table with threshold 1 (max threshold 6)
[2022-06-13T03:17:32.471+0000][1][gc,age       ] GC(13) - age   1:    4933320 bytes,    4933320 total
[2022-06-13T03:17:32.471+0000][1][gc,age       ] GC(13) - age   2:    3062072 bytes,    7995392 total
[2022-06-13T03:17:32.471+0000][1][gc,age       ] GC(13) - age   3:     344552 bytes,    8339944 total
[2022-06-13T03:17:32.471+0000][1][gc,age       ] GC(13) - age   4:      98600 bytes,    8438544 total
[2022-06-13T03:17:32.472+0000][1][gc,age       ] GC(13) - age   5:     474440 bytes,    8912984 total
[2022-06-13T03:17:32.472+0000][1][gc,heap      ] GC(13) ParNew: 77327K->8704K(78656K)
[2022-06-13T03:17:32.472+0000][1][gc,heap      ] GC(13) CMS: 14049K->26329K(174784K)
[2022-06-13T03:17:32.472+0000][1][gc,metaspace ] GC(13) Metaspace: 27114K->27114K(1075200K)
[2022-06-13T03:17:32.472+0000][1][gc           ] GC(13) Pause Young (Allocation Failure) 89M->34M(247M) 55.235ms
[2022-06-13T03:17:32.472+0000][1][gc,cpu       ] GC(13) User=0.29s Sys=0.00s Real=0.06s
[2022-06-13T03:17:32.472+0000][1][safepoint    ] Leaving safepoint region
[2022-06-13T03:17:32.472+0000][1][safepoint    ] Total time for which application threads were stopped: 0.0559045 seconds, Stopping threads took: 0.0001761 seconds
[2022-06-13T03:17:33.097+0000][1][safepoint    ] Application time: 0.6243704 seconds
[2022-06-13T03:17:33.097+0000][1][safepoint    ] Entering safepoint region: GenCollectForAllocation
[2022-06-13T03:17:33.098+0000][1][gc,start     ] GC(14) Pause Young (Allocation Failure)
[2022-06-13T03:17:33.098+0000][1][gc,task      ] GC(14) Using 5 workers of 13 for evacuation
[2022-06-13T03:17:33.161+0000][1][gc,age       ] GC(14) Desired survivor size 4456448 bytes, new threshold 1 (max threshold 6)
[2022-06-13T03:17:33.169+0000][1][gc,age       ] GC(14) Age table with threshold 1 (max threshold 6)
[2022-06-13T03:17:33.175+0000][1][gc,age       ] GC(14) - age   1:    8336912 bytes,    8336912 total
[2022-06-13T03:17:33.179+0000][1][gc,heap      ] GC(14) ParNew: 78656K->8704K(78656K)
[2022-06-13T03:17:33.180+0000][1][gc,heap      ] GC(14) CMS: 26329K->40267K(174784K)
[2022-06-13T03:17:33.180+0000][1][gc,metaspace ] GC(14) Metaspace: 27149K->27149K(1075200K)
[2022-06-13T03:17:33.180+0000][1][gc           ] GC(14) Pause Young (Allocation Failure) 102M->47M(247M) 82.973ms
[2022-06-13T03:17:33.181+0000][1][gc,cpu       ] GC(14) User=0.20s Sys=0.00s Real=0.09s
[2022-06-13T03:17:33.181+0000][1][safepoint    ] Leaving safepoint region
[2022-06-13T03:17:33.181+0000][1][safepoint    ] Total time for which application threads were stopped: 0.0837439 seconds, Stopping threads took: 0.0002016 seconds
[2022-06-13T03:17:33.329+0000][1][safepoint    ] Application time: 0.1480571 seconds
[2022-06-13T03:17:33.339+0000][1][safepoint    ] Entering safepoint region: Deoptimize
[2022-06-13T03:17:33.340+0000][1][safepoint    ] Leaving safepoint region
[2022-06-13T03:17:33.340+0000][1][safepoint    ] Total time for which application threads were stopped: 0.0015960 seconds, Stopping threads took: 0.0004907 seconds
[2022-06-13T03:17:33.939+0000][1][safepoint    ] Application time: 0.5906344 seconds
[2022-06-13T03:17:33.948+0000][1][safepoint    ] Entering safepoint region: RevokeBias
[2022-06-13T03:17:33.948+0000][1][safepoint    ] Leaving safepoint region
[2022-06-13T03:17:33.948+0000][1][safepoint    ] Total time for which application threads were stopped: 0.0006797 seconds, Stopping threads took: 0.0003235 seconds
[2022-06-13T03:17:33.954+0000][1][safepoint    ] Application time: 0.0051769 seconds
[2022-06-13T03:17:33.968+0000][1][safepoint    ] Entering safepoint region: RevokeBias
[2022-06-13T03:17:33.972+0000][1][safepoint    ] Leaving safepoint region
[2022-06-13T03:17:33.974+0000][1][safepoint    ] Total time for which application threads were stopped: 0.0065223 seconds, Stopping threads took: 0.0042652 seconds
[2022-06-13T03:17:33.977+0000][1][safepoint    ] Application time: 0.0020882 seconds
[2022-06-13T03:17:33.988+0000][1][safepoint    ] Entering safepoint region: RevokeBias
[2022-06-13T03:17:33.989+0000][1][safepoint    ] Leaving safepoint region
[2022-06-13T03:17:33.990+0000][1][safepoint    ] Total time for which application threads were stopped: 0.0015075 seconds, Stopping threads took: 0.0012403 seconds
[2022-06-13T03:17:34.255+0000][1][safepoint    ] Application time: 0.2656318 seconds
[2022-06-13T03:17:34.256+0000][1][safepoint    ] Entering safepoint region: GenCollectForAllocation
[2022-06-13T03:17:34.256+0000][1][gc,start     ] GC(15) Pause Young (Allocation Failure)
[2022-06-13T03:17:34.256+0000][1][gc,task      ] GC(15) Using 5 workers of 13 for evacuation
[2022-06-13T03:17:34.276+0000][1][gc,age       ] GC(15) Desired survivor size 4456448 bytes, new threshold 1 (max threshold 6)
[2022-06-13T03:17:34.283+0000][1][gc,age       ] GC(15) Age table with threshold 1 (max threshold 6)
[2022-06-13T03:17:34.284+0000][1][gc,age       ] GC(15) - age   1:    7000824 bytes,    7000824 total
[2022-06-13T03:17:34.285+0000][1][gc,heap      ] GC(15) ParNew: 78656K->8704K(78656K)
[2022-06-13T03:17:34.286+0000][1][gc,heap      ] GC(15) CMS: 40267K->49160K(174784K)
[2022-06-13T03:17:34.288+0000][1][gc,metaspace ] GC(15) Metaspace: 32267K->32267K(1079296K)
[2022-06-13T03:17:34.288+0000][1][gc           ] GC(15) Pause Young (Allocation Failure) 116M->56M(247M) 32.359ms
[2022-06-13T03:17:34.289+0000][1][gc,cpu       ] GC(15) User=0.08s Sys=0.00s Real=0.03s
[2022-06-13T03:17:34.289+0000][1][safepoint    ] Leaving safepoint region
[2022-06-13T03:17:34.289+0000][1][safepoint    ] Total time for which application threads were stopped: 0.0330976 seconds, Stopping threads took: 0.0001821 seconds
[2022-06-13T03:17:34.434+0000][1][safepoint    ] Application time: 0.1454136 seconds
[2022-06-13T03:17:34.435+0000][1][safepoint    ] Entering safepoint region: GenCollectForAllocation
[2022-06-13T03:17:34.435+0000][1][gc,start     ] GC(16) Pause Young (Allocation Failure)
[2022-06-13T03:17:34.435+0000][1][gc,task      ] GC(16) Using 5 workers of 13 for evacuation
[2022-06-13T03:17:34.441+0000][1][gc,age       ] GC(16) Desired survivor size 4456448 bytes, new threshold 6 (max threshold 6)
[2022-06-13T03:17:34.442+0000][1][gc,age       ] GC(16) Age table with threshold 6 (max threshold 6)
[2022-06-13T03:17:34.442+0000][1][gc,age       ] GC(16) - age   1:     349120 bytes,     349120 total
[2022-06-13T03:17:34.442+0000][1][gc,heap      ] GC(16) ParNew: 78656K->7145K(78656K)
[2022-06-13T03:17:34.442+0000][1][gc,heap      ] GC(16) CMS: 49160K->56035K(174784K)
[2022-06-13T03:17:34.443+0000][1][gc,metaspace ] GC(16) Metaspace: 33034K->33034K(1079296K)
[2022-06-13T03:17:34.443+0000][1][gc           ] GC(16) Pause Young (Allocation Failure) 124M->61M(247M) 7.764ms
[2022-06-13T03:17:34.443+0000][1][gc,cpu       ] GC(16) User=0.03s Sys=0.00s Real=0.01s
[2022-06-13T03:17:34.443+0000][1][safepoint    ] Leaving safepoint region
[2022-06-13T03:17:34.443+0000][1][safepoint    ] Total time for which application threads were stopped: 0.0085663 seconds, Stopping threads took: 0.0002062 seconds
[2022-06-13T03:17:34.639+0000][1][safepoint    ] Application time: 0.1956091 seconds
[2022-06-13T03:17:34.639+0000][1][safepoint    ] Entering safepoint region: CollectForMetadataAllocation
[2022-06-13T03:17:34.640+0000][1][safepoint    ] Leaving safepoint region
[2022-06-13T03:17:34.640+0000][1][safepoint    ] Total time for which application threads were stopped: 0.0006431 seconds, Stopping threads took: 0.0002503 seconds
[2022-06-13T03:17:34.677+0000][1][safepoint    ] Application time: 0.0367128 seconds
[2022-06-13T03:17:34.677+0000][1][safepoint    ] Entering safepoint region: CollectForMetadataAllocation
[2022-06-13T03:17:34.678+0000][1][safepoint    ] Leaving safepoint region
[2022-06-13T03:17:34.678+0000][1][safepoint    ] Total time for which application threads were stopped: 0.0005056 seconds, Stopping threads took: 0.0001836 seconds
[2022-06-13T03:17:34.691+0000][1][safepoint    ] Application time: 0.0127230 seconds
[2022-06-13T03:17:34.691+0000][1][safepoint    ] Entering safepoint region: CollectForMetadataAllocation
[2022-06-13T03:17:34.691+0000][1][safepoint    ] Leaving safepoint region
[2022-06-13T03:17:34.691+0000][1][safepoint    ] Total time for which application threads were stopped: 0.0004256 seconds, Stopping threads took: 0.0001749 seconds
[2022-06-13T03:17:34.716+0000][1][safepoint    ] Application time: 0.0244379 seconds
[2022-06-13T03:17:34.716+0000][1][safepoint    ] Entering safepoint region: CollectForMetadataAllocation
[2022-06-13T03:17:34.717+0000][1][safepoint    ] Leaving safepoint region
[2022-06-13T03:17:34.717+0000][1][safepoint    ] Total time for which application threads were stopped: 0.0004758 seconds, Stopping threads took: 0.0001443 seconds
[2022-06-13T03:17:34.735+0000][1][safepoint    ] Application time: 0.0180404 seconds
[2022-06-13T03:17:34.735+0000][1][safepoint    ] Entering safepoint region: CollectForMetadataAllocation
[2022-06-13T03:17:34.736+0000][1][safepoint    ] Leaving safepoint region
[2022-06-13T03:17:34.736+0000][1][safepoint    ] Total time for which application threads were stopped: 0.0005721 seconds, Stopping threads took: 0.0002195 seconds
[2022-06-13T03:17:34.752+0000][1][safepoint    ] Application time: 0.0165016 seconds
[2022-06-13T03:17:34.753+0000][1][safepoint    ] Entering safepoint region: CollectForMetadataAllocation
[2022-06-13T03:17:34.753+0000][1][safepoint    ] Leaving safepoint region
[2022-06-13T03:17:34.753+0000][1][safepoint    ] Total time for which application threads were stopped: 0.0003849 seconds, Stopping threads took: 0.0001474 seconds
[2022-06-13T03:17:34.771+0000][1][safepoint    ] Application time: 0.0182095 seconds
[2022-06-13T03:17:34.772+0000][1][safepoint    ] Entering safepoint region: CollectForMetadataAllocation
[2022-06-13T03:17:34.772+0000][1][safepoint    ] Leaving safepoint region
[2022-06-13T03:17:34.772+0000][1][safepoint    ] Total time for which application threads were stopped: 0.0004589 seconds, Stopping threads took: 0.0001651 seconds
[2022-06-13T03:17:34.790+0000][1][safepoint    ] Application time: 0.0174353 seconds
[2022-06-13T03:17:34.790+0000][1][safepoint    ] Entering safepoint region: CollectForMetadataAllocation
[2022-06-13T03:17:34.790+0000][1][safepoint    ] Leaving safepoint region
[2022-06-13T03:17:34.790+0000][1][safepoint    ] Total time for which application threads were stopped: 0.0004297 seconds, Stopping threads took: 0.0001619 seconds
[2022-06-13T03:17:34.807+0000][1][safepoint    ] Application time: 0.0162632 seconds
[2022-06-13T03:17:34.807+0000][1][safepoint    ] Entering safepoint region: CollectForMetadataAllocation
[2022-06-13T03:17:34.807+0000][1][safepoint    ] Leaving safepoint region
[2022-06-13T03:17:34.808+0000][1][safepoint    ] Total time for which application threads were stopped: 0.0005149 seconds, Stopping threads took: 0.0002171 seconds
[2022-06-13T03:17:34.828+0000][1][safepoint    ] Application time: 0.0198637 seconds
[2022-06-13T03:17:34.829+0000][1][safepoint    ] Entering safepoint region: RevokeBias
[2022-06-13T03:17:34.829+0000][1][safepoint    ] Leaving safepoint region
[2022-06-13T03:17:34.829+0000][1][safepoint    ] Total time for which application threads were stopped: 0.0009746 seconds, Stopping threads took: 0.0005737 seconds
[2022-06-13T03:17:34.830+0000][1][safepoint    ] Application time: 0.0007909 seconds
[2022-06-13T03:17:34.831+0000][1][safepoint    ] Entering safepoint region: CollectForMetadataAllocation
[2022-06-13T03:17:34.831+0000][1][safepoint    ] Leaving safepoint region
[2022-06-13T03:17:34.831+0000][1][safepoint    ] Total time for which application threads were stopped: 0.0008581 seconds, Stopping threads took: 0.0002166 seconds
[2022-06-13T03:17:34.836+0000][1][safepoint    ] Application time: 0.0040232 seconds
[2022-06-13T03:17:34.836+0000][1][safepoint    ] Entering safepoint region: RevokeBias
[2022-06-13T03:17:34.836+0000][1][safepoint    ] Leaving safepoint region
[2022-06-13T03:17:34.837+0000][1][safepoint    ] Total time for which application threads were stopped: 0.0004399 seconds, Stopping threads took: 0.0001779 seconds
[2022-06-13T03:17:34.843+0000][1][safepoint    ] Application time: 0.0065909 seconds
[2022-06-13T03:17:34.844+0000][1][safepoint    ] Entering safepoint region: RevokeBias
[2022-06-13T03:17:34.845+0000][1][safepoint    ] Leaving safepoint region
[2022-06-13T03:17:34.845+0000][1][safepoint    ] Total time for which application threads were stopped: 0.0009041 seconds, Stopping threads took: 0.0005656 seconds
[2022-06-13T03:17:34.855+0000][1][safepoint    ] Application time: 0.0103139 seconds
[2022-06-13T03:17:34.855+0000][1][safepoint    ] Entering safepoint region: RevokeBias
[2022-06-13T03:17:34.856+0000][1][safepoint    ] Leaving safepoint region
[2022-06-13T03:17:34.856+0000][1][safepoint    ] Total time for which application threads were stopped: 0.0003610 seconds, Stopping threads took: 0.0001598 seconds
[2022-06-13T03:17:34.861+0000][1][safepoint    ] Application time: 0.0054342 seconds
[2022-06-13T03:17:34.862+0000][1][safepoint    ] Entering safepoint region: CollectForMetadataAllocation
[2022-06-13T03:17:34.863+0000][1][safepoint    ] Leaving safepoint region
[2022-06-13T03:17:34.869+0000][1][safepoint    ] Total time for which application threads were stopped: 0.0074441 seconds, Stopping threads took: 0.0007988 seconds
[2022-06-13T03:17:34.902+0000][1][safepoint    ] Application time: 0.0223306 seconds
[2022-06-13T03:17:34.902+0000][1][safepoint    ] Entering safepoint region: CollectForMetadataAllocation
[2022-06-13T03:17:34.902+0000][1][safepoint    ] Leaving safepoint region
[2022-06-13T03:17:34.902+0000][1][safepoint    ] Total time for which application threads were stopped: 0.0005144 seconds, Stopping threads took: 0.0001756 seconds
[2022-06-13T03:17:34.921+0000][1][safepoint    ] Application time: 0.0183546 seconds
[2022-06-13T03:17:34.921+0000][1][safepoint    ] Entering safepoint region: CollectForMetadataAllocation
[2022-06-13T03:17:34.921+0000][1][safepoint    ] Leaving safepoint region
[2022-06-13T03:17:34.922+0000][1][safepoint    ] Total time for which application threads were stopped: 0.0004691 seconds, Stopping threads took: 0.0001612 seconds
[2022-06-13T03:17:34.937+0000][1][safepoint    ] Application time: 0.0153257 seconds
[2022-06-13T03:17:34.937+0000][1][safepoint    ] Entering safepoint region: CollectForMetadataAllocation
[2022-06-13T03:17:34.937+0000][1][safepoint    ] Leaving safepoint region
[2022-06-13T03:17:34.938+0000][1][safepoint    ] Total time for which application threads were stopped: 0.0003846 seconds, Stopping threads took: 0.0001094 seconds
[2022-06-13T03:17:34.953+0000][1][safepoint    ] Application time: 0.0148986 seconds
[2022-06-13T03:17:34.953+0000][1][safepoint    ] Entering safepoint region: CollectForMetadataAllocation
[2022-06-13T03:17:34.953+0000][1][safepoint    ] Leaving safepoint region
[2022-06-13T03:17:34.954+0000][1][safepoint    ] Total time for which application threads were stopped: 0.0007947 seconds, Stopping threads took: 0.0001381 seconds
[2022-06-13T03:17:34.974+0000][1][safepoint    ] Application time: 0.0205954 seconds
[2022-06-13T03:17:34.974+0000][1][safepoint    ] Entering safepoint region: CollectForMetadataAllocation
[2022-06-13T03:17:34.975+0000][1][safepoint    ] Leaving safepoint region
[2022-06-13T03:17:34.975+0000][1][safepoint    ] Total time for which application threads were stopped: 0.0002969 seconds, Stopping threads took: 0.0001008 seconds
[2022-06-13T03:17:34.992+0000][1][safepoint    ] Application time: 0.0174124 seconds
[2022-06-13T03:17:34.992+0000][1][safepoint    ] Entering safepoint region: CollectForMetadataAllocation
[2022-06-13T03:17:34.993+0000][1][safepoint    ] Leaving safepoint region
[2022-06-13T03:17:34.993+0000][1][safepoint    ] Total time for which application threads were stopped: 0.0004182 seconds, Stopping threads took: 0.0001743 seconds
[2022-06-13T03:17:35.007+0000][1][safepoint    ] Application time: 0.0140905 seconds
[2022-06-13T03:17:35.007+0000][1][safepoint    ] Entering safepoint region: CollectForMetadataAllocation
[2022-06-13T03:17:35.008+0000][1][safepoint    ] Leaving safepoint region
[2022-06-13T03:17:35.008+0000][1][safepoint    ] Total time for which application threads were stopped: 0.0004772 seconds, Stopping threads took: 0.0001664 seconds
[2022-06-13T03:17:35.022+0000][1][safepoint    ] Application time: 0.0137180 seconds
[2022-06-13T03:17:35.022+0000][1][safepoint    ] Entering safepoint region: CollectForMetadataAllocation
[2022-06-13T03:17:35.022+0000][1][safepoint    ] Leaving safepoint region
[2022-06-13T03:17:35.022+0000][1][safepoint    ] Total time for which application threads were stopped: 0.0003595 seconds, Stopping threads took: 0.0001343 seconds
[2022-06-13T03:17:35.040+0000][1][safepoint    ] Application time: 0.0171798 seconds
[2022-06-13T03:17:35.040+0000][1][safepoint    ] Entering safepoint region: CollectForMetadataAllocation
[2022-06-13T03:17:35.040+0000][1][safepoint    ] Leaving safepoint region
[2022-06-13T03:17:35.040+0000][1][safepoint    ] Total time for which application threads were stopped: 0.0004162 seconds, Stopping threads took: 0.0001508 seconds
[2022-06-13T03:17:35.056+0000][1][safepoint    ] Application time: 0.0155309 seconds
[2022-06-13T03:17:35.056+0000][1][safepoint    ] Entering safepoint region: CollectForMetadataAllocation
[2022-06-13T03:17:35.056+0000][1][safepoint    ] Leaving safepoint region
[2022-06-13T03:17:35.056+0000][1][safepoint    ] Total time for which application threads were stopped: 0.0003313 seconds, Stopping threads took: 0.0001296 seconds
[2022-06-13T03:17:35.072+0000][1][safepoint    ] Application time: 0.0150999 seconds
[2022-06-13T03:17:35.072+0000][1][safepoint    ] Entering safepoint region: CollectForMetadataAllocation
[2022-06-13T03:17:35.072+0000][1][safepoint    ] Leaving safepoint region
[2022-06-13T03:17:35.072+0000][1][safepoint    ] Total time for which application threads were stopped: 0.0004250 seconds, Stopping threads took: 0.0001567 seconds
[2022-06-13T03:17:35.092+0000][1][safepoint    ] Application time: 0.0193739 seconds
[2022-06-13T03:17:35.092+0000][1][safepoint    ] Entering safepoint region: CollectForMetadataAllocation
[2022-06-13T03:17:35.092+0000][1][safepoint    ] Leaving safepoint region
[2022-06-13T03:17:35.093+0000][1][safepoint    ] Total time for which application threads were stopped: 0.0004884 seconds, Stopping threads took: 0.0001846 seconds
[2022-06-13T03:17:35.109+0000][1][safepoint    ] Application time: 0.0166563 seconds
[2022-06-13T03:17:35.110+0000][1][safepoint    ] Entering safepoint region: CollectForMetadataAllocation
[2022-06-13T03:17:35.110+0000][1][safepoint    ] Leaving safepoint region
[2022-06-13T03:17:35.110+0000][1][safepoint    ] Total time for which application threads were stopped: 0.0004028 seconds, Stopping threads took: 0.0001411 seconds
[2022-06-13T03:17:35.134+0000][1][safepoint    ] Application time: 0.0236311 seconds
[2022-06-13T03:17:35.134+0000][1][safepoint    ] Entering safepoint region: CollectForMetadataAllocation
[2022-06-13T03:17:35.135+0000][1][safepoint    ] Leaving safepoint region
[2022-06-13T03:17:35.135+0000][1][safepoint    ] Total time for which application threads were stopped: 0.0005344 seconds, Stopping threads took: 0.0002241 seconds
[2022-06-13T03:17:35.159+0000][1][safepoint    ] Application time: 0.0245018 seconds
[2022-06-13T03:17:35.160+0000][1][safepoint    ] Entering safepoint region: CollectForMetadataAllocation
[2022-06-13T03:17:35.161+0000][1][safepoint    ] Leaving safepoint region
[2022-06-13T03:17:35.161+0000][1][safepoint    ] Total time for which application threads were stopped: 0.0011941 seconds, Stopping threads took: 0.0001609 seconds
[2022-06-13T03:17:35.178+0000][1][safepoint    ] Application time: 0.0169519 seconds
[2022-06-13T03:17:35.179+0000][1][safepoint    ] Entering safepoint region: RevokeBias
[2022-06-13T03:17:35.179+0000][1][safepoint    ] Leaving safepoint region
[2022-06-13T03:17:35.179+0000][1][safepoint    ] Total time for which application threads were stopped: 0.0005701 seconds, Stopping threads took: 0.0002151 seconds
[2022-06-13T03:17:35.180+0000][1][safepoint    ] Application time: 0.0001945 seconds
[2022-06-13T03:17:35.180+0000][1][safepoint    ] Entering safepoint region: RevokeBias
[2022-06-13T03:17:35.181+0000][1][safepoint    ] Leaving safepoint region
[2022-06-13T03:17:35.181+0000][1][safepoint    ] Total time for which application threads were stopped: 0.0007567 seconds, Stopping threads took: 0.0005732 seconds
[2022-06-13T03:17:35.368+0000][1][safepoint    ] Application time: 0.1871218 seconds
[2022-06-13T03:17:35.368+0000][1][safepoint    ] Entering safepoint region: CollectForMetadataAllocation
[2022-06-13T03:17:35.369+0000][1][safepoint    ] Leaving safepoint region
[2022-06-13T03:17:35.369+0000][1][safepoint    ] Total time for which application threads were stopped: 0.0004476 seconds, Stopping threads took: 0.0001689 seconds
[2022-06-13T03:17:35.579+0000][1][safepoint    ] Application time: 0.2105381 seconds
[2022-06-13T03:17:35.580+0000][1][safepoint    ] Entering safepoint region: CollectForMetadataAllocation
[2022-06-13T03:17:35.580+0000][1][safepoint    ] Leaving safepoint region
[2022-06-13T03:17:35.580+0000][1][safepoint    ] Total time for which application threads were stopped: 0.0003875 seconds, Stopping threads took: 0.0001369 seconds
[2022-06-13T03:17:35.585+0000][1][safepoint    ] Application time: 0.0051212 seconds
[2022-06-13T03:17:35.585+0000][1][safepoint    ] Entering safepoint region: GenCollectForAllocation
[2022-06-13T03:17:35.586+0000][1][gc,start     ] GC(17) Pause Young (Allocation Failure)
[2022-06-13T03:17:35.586+0000][1][gc,task      ] GC(17) Using 5 workers of 13 for evacuation
[2022-06-13T03:17:35.589+0000][1][gc,age       ] GC(17) Desired survivor size 4456448 bytes, new threshold 6 (max threshold 6)
[2022-06-13T03:17:35.589+0000][1][gc,age       ] GC(17) Age table with threshold 6 (max threshold 6)
[2022-06-13T03:17:35.589+0000][1][gc,age       ] GC(17) - age   1:    3873120 bytes,    3873120 total
[2022-06-13T03:17:35.590+0000][1][gc,age       ] GC(17) - age   2:     309384 bytes,    4182504 total
[2022-06-13T03:17:35.590+0000][1][gc,heap      ] GC(17) ParNew: 77097K->4810K(78656K)
[2022-06-13T03:17:35.590+0000][1][gc,heap      ] GC(17) CMS: 56035K->56035K(174784K)
[2022-06-13T03:17:35.590+0000][1][gc,metaspace ] GC(17) Metaspace: 42382K->42382K(1089536K)
[2022-06-13T03:17:35.590+0000][1][gc           ] GC(17) Pause Young (Allocation Failure) 130M->59M(247M) 4.329ms
[2022-06-13T03:17:35.590+0000][1][gc,cpu       ] GC(17) User=0.02s Sys=0.00s Real=0.01s
[2022-06-13T03:17:35.590+0000][1][safepoint    ] Leaving safepoint region
[2022-06-13T03:17:35.590+0000][1][safepoint    ] Total time for which application threads were stopped: 0.0048729 seconds, Stopping threads took: 0.0001692 seconds
[2022-06-13T03:17:35.591+0000][1][safepoint    ] Application time: 0.0001213 seconds
[2022-06-13T03:17:35.591+0000][1][safepoint    ] Entering safepoint region: CMS_Initial_Mark
[2022-06-13T03:17:35.591+0000][1][gc,start     ] GC(18) Pause Initial Mark
[2022-06-13T03:17:35.592+0000][1][gc           ] GC(18) Pause Initial Mark 60M->60M(247M) 1.235ms
[2022-06-13T03:17:35.592+0000][1][gc,cpu       ] GC(18) User=0.00s Sys=0.00s Real=0.00s
[2022-06-13T03:17:35.592+0000][1][safepoint    ] Leaving safepoint region
[2022-06-13T03:17:35.592+0000][1][safepoint    ] Total time for which application threads were stopped: 0.0017704 seconds, Stopping threads took: 0.0001270 seconds
[2022-06-13T03:17:35.593+0000][1][gc           ] GC(18) Concurrent Mark
[2022-06-13T03:17:35.593+0000][1][gc,task      ] GC(18) Using 4 workers of 4 for marking
[2022-06-13T03:17:35.610+0000][1][safepoint    ] Application time: 0.0174013 seconds
[2022-06-13T03:17:35.610+0000][1][safepoint    ] Entering safepoint region: CollectForMetadataAllocation
[2022-06-13T03:17:35.610+0000][1][safepoint    ] Leaving safepoint region
[2022-06-13T03:17:35.611+0000][1][safepoint    ] Total time for which application threads were stopped: 0.0003650 seconds, Stopping threads took: 0.0001425 seconds
[2022-06-13T03:17:35.612+0000][1][gc           ] GC(18) Concurrent Mark 19.273ms
[2022-06-13T03:17:35.612+0000][1][gc,cpu       ] GC(18) User=0.09s Sys=0.01s Real=0.02s
[2022-06-13T03:17:35.612+0000][1][gc           ] GC(18) Concurrent Preclean
[2022-06-13T03:17:35.614+0000][1][gc           ] GC(18) Concurrent Preclean 1.659ms
[2022-06-13T03:17:35.614+0000][1][gc,cpu       ] GC(18) User=0.00s Sys=0.00s Real=0.00s
[2022-06-13T03:17:35.614+0000][1][gc           ] GC(18) Concurrent Abortable Preclean
[2022-06-13T03:17:35.692+0000][1][safepoint    ] Application time: 0.0816919 seconds
[2022-06-13T03:17:35.693+0000][1][safepoint    ] Entering safepoint region: CollectForMetadataAllocation
[2022-06-13T03:17:35.693+0000][1][safepoint    ] Leaving safepoint region
[2022-06-13T03:17:35.693+0000][1][safepoint    ] Total time for which application threads were stopped: 0.0005705 seconds, Stopping threads took: 0.0001868 seconds
[2022-06-13T03:17:35.778+0000][1][safepoint    ] Application time: 0.0838512 seconds
[2022-06-13T03:17:35.778+0000][1][safepoint    ] Entering safepoint region: CollectForMetadataAllocation
[2022-06-13T03:17:35.778+0000][1][safepoint    ] Leaving safepoint region
[2022-06-13T03:17:35.779+0000][1][safepoint    ] Total time for which application threads were stopped: 0.0004720 seconds, Stopping threads took: 0.0001483 seconds
[2022-06-13T03:17:35.790+0000][1][safepoint    ] Application time: 0.0110362 seconds
[2022-06-13T03:17:35.790+0000][1][safepoint    ] Entering safepoint region: CollectForMetadataAllocation
[2022-06-13T03:17:35.790+0000][1][safepoint    ] Leaving safepoint region
[2022-06-13T03:17:35.791+0000][1][safepoint    ] Total time for which application threads were stopped: 0.0005054 seconds, Stopping threads took: 0.0001916 seconds
[2022-06-13T03:17:35.831+0000][1][safepoint    ] Application time: 0.0407493 seconds
[2022-06-13T03:17:35.832+0000][1][safepoint    ] Entering safepoint region: CollectForMetadataAllocation
[2022-06-13T03:17:35.832+0000][1][safepoint    ] Leaving safepoint region
[2022-06-13T03:17:35.832+0000][1][safepoint    ] Total time for which application threads were stopped: 0.0007166 seconds, Stopping threads took: 0.0003450 seconds
[2022-06-13T03:17:35.845+0000][1][safepoint    ] Application time: 0.0122628 seconds
[2022-06-13T03:17:35.845+0000][1][safepoint    ] Entering safepoint region: CollectForMetadataAllocation
[2022-06-13T03:17:35.846+0000][1][safepoint    ] Leaving safepoint region
[2022-06-13T03:17:35.847+0000][1][safepoint    ] Total time for which application threads were stopped: 0.0014612 seconds, Stopping threads took: 0.0010816 seconds
[2022-06-13T03:17:35.848+0000][1][gc           ] GC(18) Concurrent Abortable Preclean 233.578ms
[2022-06-13T03:17:35.849+0000][1][gc,cpu       ] GC(18) User=1.16s Sys=0.03s Real=0.23s
[2022-06-13T03:17:35.855+0000][1][safepoint    ] Application time: 0.0076777 seconds
[2022-06-13T03:17:35.855+0000][1][safepoint    ] Entering safepoint region: CMS_Final_Remark
[2022-06-13T03:17:35.855+0000][1][gc,start     ] GC(18) Pause Remark
[2022-06-13T03:17:35.879+0000][1][gc           ] GC(18) Pause Remark 96M->96M(247M) 23.312ms
[2022-06-13T03:17:35.879+0000][1][gc,cpu       ] GC(18) User=0.07s Sys=0.00s Real=0.03s
[2022-06-13T03:17:35.880+0000][1][safepoint    ] Leaving safepoint region
[2022-06-13T03:17:35.880+0000][1][safepoint    ] Total time for which application threads were stopped: 0.0246788 seconds, Stopping threads took: 0.0002389 seconds
[2022-06-13T03:17:35.880+0000][1][gc           ] GC(18) Concurrent Sweep
[2022-06-13T03:17:35.903+0000][1][safepoint    ] Application time: 0.0234309 seconds
[2022-06-13T03:17:35.904+0000][1][safepoint    ] Entering safepoint region: RevokeBias
[2022-06-13T03:17:35.905+0000][1][safepoint    ] Leaving safepoint region
[2022-06-13T03:17:35.905+0000][1][safepoint    ] Total time for which application threads were stopped: 0.0011932 seconds, Stopping threads took: 0.0001799 seconds
[2022-06-13T03:17:35.912+0000][1][gc           ] GC(18) Concurrent Sweep 31.762ms
[2022-06-13T03:17:35.912+0000][1][gc,cpu       ] GC(18) User=0.09s Sys=0.00s Real=0.03s
[2022-06-13T03:17:35.913+0000][1][gc           ] GC(18) Concurrent Reset
[2022-06-13T03:17:35.913+0000][1][gc           ] GC(18) Concurrent Reset 0.651ms
[2022-06-13T03:17:35.913+0000][1][gc,cpu       ] GC(18) User=0.00s Sys=0.00s Real=0.00s
[2022-06-13T03:17:35.914+0000][1][gc,heap      ] GC(18) Old: 56035K->55810K(174784K)
[2022-06-13T03:17:35.914+0000][1][safepoint    ] Application time: 0.0086024 seconds
[2022-06-13T03:17:35.918+0000][1][safepoint    ] Entering safepoint region: RevokeBias
[2022-06-13T03:17:35.919+0000][1][safepoint    ] Leaving safepoint region
[2022-06-13T03:17:35.919+0000][1][safepoint    ] Total time for which application threads were stopped: 0.0014108 seconds, Stopping threads took: 0.0010560 seconds
[2022-06-13T03:17:35.978+0000][1][safepoint    ] Application time: 0.0585127 seconds
[2022-06-13T03:17:35.979+0000][1][safepoint    ] Entering safepoint region: RevokeBias
[2022-06-13T03:17:35.979+0000][1][safepoint    ] Leaving safepoint region
[2022-06-13T03:17:35.979+0000][1][safepoint    ] Total time for which application threads were stopped: 0.0004262 seconds, Stopping threads took: 0.0001821 seconds
[2022-06-13T03:17:35.998+0000][1][safepoint    ] Application time: 0.0191838 seconds
[2022-06-13T03:17:35.999+0000][1][safepoint    ] Entering safepoint region: RevokeBias
[2022-06-13T03:17:35.999+0000][1][safepoint    ] Leaving safepoint region
[2022-06-13T03:17:35.999+0000][1][safepoint    ] Total time for which application threads were stopped: 0.0004338 seconds, Stopping threads took: 0.0001887 seconds
[2022-06-13T03:17:36.002+0000][1][safepoint    ] Application time: 0.0031139 seconds
[2022-06-13T03:17:36.003+0000][1][safepoint    ] Entering safepoint region: RevokeBias
[2022-06-13T03:17:36.003+0000][1][safepoint    ] Leaving safepoint region
[2022-06-13T03:17:36.003+0000][1][safepoint    ] Total time for which application threads were stopped: 0.0003380 seconds, Stopping threads took: 0.0001483 seconds
[2022-06-13T03:17:36.199+0000][1][safepoint    ] Application time: 0.1959172 seconds
[2022-06-13T03:17:36.209+0000][1][safepoint    ] Entering safepoint region: RevokeBias
[2022-06-13T03:17:36.211+0000][1][safepoint    ] Leaving safepoint region
[2022-06-13T03:17:36.212+0000][1][safepoint    ] Total time for which application threads were stopped: 0.0025770 seconds, Stopping threads took: 0.0018132 seconds
[2022-06-13T03:17:36.219+0000][1][safepoint    ] Application time: 0.0073016 seconds
[2022-06-13T03:17:36.220+0000][1][safepoint    ] Entering safepoint region: RevokeBias
[2022-06-13T03:17:36.220+0000][1][safepoint    ] Leaving safepoint region
[2022-06-13T03:17:36.220+0000][1][safepoint    ] Total time for which application threads were stopped: 0.0011666 seconds, Stopping threads took: 0.0009351 seconds
[2022-06-13T03:17:36.221+0000][1][safepoint    ] Application time: 0.0000948 seconds
[2022-06-13T03:17:36.221+0000][1][safepoint    ] Entering safepoint region: RevokeBias
[2022-06-13T03:17:36.221+0000][1][safepoint    ] Leaving safepoint region
[2022-06-13T03:17:36.221+0000][1][safepoint    ] Total time for which application threads were stopped: 0.0004587 seconds, Stopping threads took: 0.0002537 seconds
[2022-06-13T03:17:36.222+0000][1][safepoint    ] Application time: 0.0004931 seconds
[2022-06-13T03:17:36.222+0000][1][safepoint    ] Entering safepoint region: RevokeBias
[2022-06-13T03:17:36.222+0000][1][safepoint    ] Leaving safepoint region
[2022-06-13T03:17:36.223+0000][1][safepoint    ] Total time for which application threads were stopped: 0.0004119 seconds, Stopping threads took: 0.0002114 seconds
[2022-06-13T03:17:36.223+0000][1][safepoint    ] Application time: 0.0001864 seconds
[2022-06-13T03:17:36.223+0000][1][safepoint    ] Entering safepoint region: RevokeBias
[2022-06-13T03:17:36.223+0000][1][safepoint    ] Leaving safepoint region
[2022-06-13T03:17:36.223+0000][1][safepoint    ] Total time for which application threads were stopped: 0.0004015 seconds, Stopping threads took: 0.0001819 seconds
[2022-06-13T03:17:36.227+0000][1][safepoint    ] Application time: 0.0037125 seconds
[2022-06-13T03:17:36.228+0000][1][safepoint    ] Entering safepoint region: RevokeBias
[2022-06-13T03:17:36.228+0000][1][safepoint    ] Leaving safepoint region
[2022-06-13T03:17:36.228+0000][1][safepoint    ] Total time for which application threads were stopped: 0.0005575 seconds, Stopping threads took: 0.0003458 seconds
[2022-06-13T03:17:36.228+0000][1][safepoint    ] Application time: 0.0001721 seconds
[2022-06-13T03:17:36.229+0000][1][safepoint    ] Entering safepoint region: RevokeBias
[2022-06-13T03:17:36.229+0000][1][safepoint    ] Leaving safepoint region
[2022-06-13T03:17:36.229+0000][1][safepoint    ] Total time for which application threads were stopped: 0.0003552 seconds, Stopping threads took: 0.0001551 seconds
[2022-06-13T03:17:36.229+0000][1][safepoint    ] Application time: 0.0000660 seconds
[2022-06-13T03:17:36.229+0000][1][safepoint    ] Entering safepoint region: RevokeBias
[2022-06-13T03:17:36.230+0000][1][safepoint    ] Leaving safepoint region
[2022-06-13T03:17:36.230+0000][1][safepoint    ] Total time for which application threads were stopped: 0.0006172 seconds, Stopping threads took: 0.0003782 seconds
[2022-06-13T03:17:36.232+0000][1][safepoint    ] Application time: 0.0014288 seconds
[2022-06-13T03:17:36.232+0000][1][safepoint    ] Entering safepoint region: RevokeBias
[2022-06-13T03:17:36.232+0000][1][safepoint    ] Leaving safepoint region
[2022-06-13T03:17:36.232+0000][1][safepoint    ] Total time for which application threads were stopped: 0.0007525 seconds, Stopping threads took: 0.0005591 seconds
[2022-06-13T03:17:36.233+0000][1][safepoint    ] Application time: 0.0000532 seconds
[2022-06-13T03:17:36.233+0000][1][safepoint    ] Entering safepoint region: RevokeBias
[2022-06-13T03:17:36.233+0000][1][safepoint    ] Leaving safepoint region
[2022-06-13T03:17:36.233+0000][1][safepoint    ] Total time for which application threads were stopped: 0.0003130 seconds, Stopping threads took: 0.0001357 seconds
[2022-06-13T03:17:36.233+0000][1][safepoint    ] Application time: 0.0000339 seconds
[2022-06-13T03:17:36.233+0000][1][safepoint    ] Entering safepoint region: RevokeBias
[2022-06-13T03:17:36.234+0000][1][safepoint    ] Leaving safepoint region
[2022-06-13T03:17:36.234+0000][1][safepoint    ] Total time for which application threads were stopped: 0.0003869 seconds, Stopping threads took: 0.0001341 seconds
[2022-06-13T03:17:36.234+0000][1][safepoint    ] Application time: 0.0000515 seconds
[2022-06-13T03:17:36.234+0000][1][safepoint    ] Entering safepoint region: RevokeBias
[2022-06-13T03:17:36.234+0000][1][safepoint    ] Leaving safepoint region
[2022-06-13T03:17:36.235+0000][1][safepoint    ] Total time for which application threads were stopped: 0.0004514 seconds, Stopping threads took: 0.0002748 seconds
[2022-06-13T03:17:36.235+0000][1][safepoint    ] Application time: 0.0000443 seconds
[2022-06-13T03:17:36.235+0000][1][safepoint    ] Entering safepoint region: RevokeBias
[2022-06-13T03:17:36.235+0000][1][safepoint    ] Leaving safepoint region
[2022-06-13T03:17:36.235+0000][1][safepoint    ] Total time for which application threads were stopped: 0.0004334 seconds, Stopping threads took: 0.0002710 seconds
[2022-06-13T03:17:36.235+0000][1][safepoint    ] Application time: 0.0000400 seconds
[2022-06-13T03:17:36.236+0000][1][safepoint    ] Entering safepoint region: RevokeBias
[2022-06-13T03:17:36.236+0000][1][safepoint    ] Leaving safepoint region
[2022-06-13T03:17:36.236+0000][1][safepoint    ] Total time for which application threads were stopped: 0.0003413 seconds, Stopping threads took: 0.0001415 seconds
[2022-06-13T03:17:36.236+0000][1][safepoint    ] Application time: 0.0000489 seconds
[2022-06-13T03:17:36.236+0000][1][safepoint    ] Entering safepoint region: RevokeBias
[2022-06-13T03:17:36.236+0000][1][safepoint    ] Leaving safepoint region
[2022-06-13T03:17:36.237+0000][1][safepoint    ] Total time for which application threads were stopped: 0.0003910 seconds, Stopping threads took: 0.0001824 seconds
[2022-06-13T03:17:36.237+0000][1][safepoint    ] Application time: 0.0000927 seconds
[2022-06-13T03:17:36.237+0000][1][safepoint    ] Entering safepoint region: RevokeBias
[2022-06-13T03:17:36.237+0000][1][safepoint    ] Leaving safepoint region
[2022-06-13T03:17:36.237+0000][1][safepoint    ] Total time for which application threads were stopped: 0.0002546 seconds, Stopping threads took: 0.0001202 seconds
[2022-06-13T03:17:36.237+0000][1][safepoint    ] Application time: 0.0000923 seconds
[2022-06-13T03:17:36.238+0000][1][safepoint    ] Entering safepoint region: RevokeBias
[2022-06-13T03:17:36.238+0000][1][safepoint    ] Leaving safepoint region
[2022-06-13T03:17:36.238+0000][1][safepoint    ] Total time for which application threads were stopped: 0.0003119 seconds, Stopping threads took: 0.0001517 seconds
[2022-06-13T03:17:36.238+0000][1][safepoint    ] Application time: 0.0000972 seconds
[2022-06-13T03:17:36.238+0000][1][safepoint    ] Entering safepoint region: RevokeBias
[2022-06-13T03:17:36.238+0000][1][safepoint    ] Leaving safepoint region
[2022-06-13T03:17:36.239+0000][1][safepoint    ] Total time for which application threads were stopped: 0.0003631 seconds, Stopping threads took: 0.0001580 seconds
[2022-06-13T03:17:36.239+0000][1][safepoint    ] Application time: 0.0000919 seconds
[2022-06-13T03:17:36.239+0000][1][safepoint    ] Entering safepoint region: RevokeBias
[2022-06-13T03:17:36.239+0000][1][gc,start     ] GC(19) Pause Young (Allocation Failure)
[2022-06-13T03:17:36.239+0000][1][gc,task      ] GC(19) Using 5 workers of 13 for evacuation
[2022-06-13T03:17:36.256+0000][1][gc,age       ] GC(19) Desired survivor size 4456448 bytes, new threshold 2 (max threshold 6)
[2022-06-13T03:17:36.256+0000][1][gc,age       ] GC(19) Age table with threshold 2 (max threshold 6)
[2022-06-13T03:17:36.256+0000][1][gc,age       ] GC(19) - age   1:    3020296 bytes,    3020296 total
[2022-06-13T03:17:36.256+0000][1][gc,age       ] GC(19) - age   2:    3765552 bytes,    6785848 total
[2022-06-13T03:17:36.256+0000][1][gc,age       ] GC(19) - age   3:     308936 bytes,    7094784 total
[2022-06-13T03:17:36.257+0000][1][gc,heap      ] GC(19) ParNew: 74762K->7756K(78656K)
[2022-06-13T03:17:36.257+0000][1][gc,heap      ] GC(19) CMS: 55810K->55810K(174784K)
[2022-06-13T03:17:36.257+0000][1][gc,metaspace ] GC(19) Metaspace: 47406K->47406K(1093632K)
[2022-06-13T03:17:36.257+0000][1][gc           ] GC(19) Pause Young (Allocation Failure) 127M->62M(247M) 17.999ms
[2022-06-13T03:17:36.257+0000][1][gc,cpu       ] GC(19) User=0.03s Sys=0.00s Real=0.02s
[2022-06-13T03:17:36.257+0000][1][safepoint    ] Leaving safepoint region
[2022-06-13T03:17:36.257+0000][1][safepoint    ] Total time for which application threads were stopped: 0.0185206 seconds, Stopping threads took: 0.0001015 seconds
[2022-06-13T03:17:36.258+0000][1][safepoint    ] Application time: 0.0000981 seconds
[2022-06-13T03:17:36.258+0000][1][safepoint    ] Entering safepoint region: RevokeBias
[2022-06-13T03:17:36.258+0000][1][safepoint    ] Leaving safepoint region
[2022-06-13T03:17:36.258+0000][1][safepoint    ] Total time for which application threads were stopped: 0.0004091 seconds, Stopping threads took: 0.0001777 seconds
[2022-06-13T03:17:36.258+0000][1][safepoint    ] Application time: 0.0000947 seconds
[2022-06-13T03:17:36.259+0000][1][safepoint    ] Entering safepoint region: RevokeBias
[2022-06-13T03:17:36.259+0000][1][safepoint    ] Leaving safepoint region
[2022-06-13T03:17:36.259+0000][1][safepoint    ] Total time for which application threads were stopped: 0.0004107 seconds, Stopping threads took: 0.0001581 seconds
[2022-06-13T03:17:36.259+0000][1][safepoint    ] Application time: 0.0000890 seconds
[2022-06-13T03:17:36.259+0000][1][safepoint    ] Entering safepoint region: RevokeBias
[2022-06-13T03:17:36.260+0000][1][safepoint    ] Leaving safepoint region
[2022-06-13T03:17:36.260+0000][1][safepoint    ] Total time for which application threads were stopped: 0.0003922 seconds, Stopping threads took: 0.0001606 seconds
[2022-06-13T03:17:36.260+0000][1][safepoint    ] Application time: 0.0004368 seconds
[2022-06-13T03:17:36.261+0000][1][safepoint    ] Entering safepoint region: RevokeBias
[2022-06-13T03:17:36.261+0000][1][safepoint    ] Leaving safepoint region
[2022-06-13T03:17:36.261+0000][1][safepoint    ] Total time for which application threads were stopped: 0.0003700 seconds, Stopping threads took: 0.0001755 seconds
[2022-06-13T03:17:36.261+0000][1][safepoint    ] Application time: 0.0000895 seconds
[2022-06-13T03:17:36.262+0000][1][safepoint    ] Entering safepoint region: RevokeBias
[2022-06-13T03:17:36.262+0000][1][safepoint    ] Leaving safepoint region
[2022-06-13T03:17:36.262+0000][1][safepoint    ] Total time for which application threads were stopped: 0.0004907 seconds, Stopping threads took: 0.0002616 seconds
[2022-06-13T03:17:36.262+0000][1][safepoint    ] Application time: 0.0001010 seconds
[2022-06-13T03:17:36.262+0000][1][safepoint    ] Entering safepoint region: RevokeBias
[2022-06-13T03:17:36.263+0000][1][safepoint    ] Leaving safepoint region
[2022-06-13T03:17:36.263+0000][1][safepoint    ] Total time for which application threads were stopped: 0.0003596 seconds, Stopping threads took: 0.0001491 seconds
[2022-06-13T03:17:36.263+0000][1][safepoint    ] Application time: 0.0000908 seconds
[2022-06-13T03:17:36.263+0000][1][safepoint    ] Entering safepoint region: BulkRevokeBias
[2022-06-13T03:17:36.263+0000][1][safepoint    ] Leaving safepoint region
[2022-06-13T03:17:36.263+0000][1][safepoint    ] Total time for which application threads were stopped: 0.0005005 seconds, Stopping threads took: 0.0002138 seconds
[2022-06-13T03:17:36.264+0000][1][safepoint    ] Application time: 0.0001364 seconds
[2022-06-13T03:17:36.264+0000][1][safepoint    ] Entering safepoint region: RevokeBias
[2022-06-13T03:17:36.264+0000][1][safepoint    ] Leaving safepoint region
[2022-06-13T03:17:36.265+0000][1][safepoint    ] Total time for which application threads were stopped: 0.0004145 seconds, Stopping threads took: 0.0001495 seconds
[2022-06-13T03:17:36.265+0000][1][safepoint    ] Application time: 0.0001110 seconds
[2022-06-13T03:17:36.265+0000][1][safepoint    ] Entering safepoint region: RevokeBias
[2022-06-13T03:17:36.265+0000][1][safepoint    ] Leaving safepoint region
[2022-06-13T03:17:36.265+0000][1][safepoint    ] Total time for which application threads were stopped: 0.0003861 seconds, Stopping threads took: 0.0001430 seconds
[2022-06-13T03:17:36.266+0000][1][safepoint    ] Application time: 0.0000864 seconds
[2022-06-13T03:17:36.266+0000][1][safepoint    ] Entering safepoint region: RevokeBias
[2022-06-13T03:17:36.266+0000][1][safepoint    ] Leaving safepoint region
[2022-06-13T03:17:36.266+0000][1][safepoint    ] Total time for which application threads were stopped: 0.0004034 seconds, Stopping threads took: 0.0001504 seconds
[2022-06-13T03:17:36.266+0000][1][safepoint    ] Application time: 0.0000909 seconds
[2022-06-13T03:17:36.266+0000][1][safepoint    ] Entering safepoint region: RevokeBias
[2022-06-13T03:17:36.267+0000][1][safepoint    ] Leaving safepoint region
[2022-06-13T03:17:36.267+0000][1][safepoint    ] Total time for which application threads were stopped: 0.0002761 seconds, Stopping threads took: 0.0001081 seconds
[2022-06-13T03:17:36.267+0000][1][safepoint    ] Application time: 0.0000876 seconds
[2022-06-13T03:17:36.267+0000][1][safepoint    ] Entering safepoint region: RevokeBias
[2022-06-13T03:17:36.267+0000][1][safepoint    ] Leaving safepoint region
[2022-06-13T03:17:36.267+0000][1][safepoint    ] Total time for which application threads were stopped: 0.0002705 seconds, Stopping threads took: 0.0001004 seconds
[2022-06-13T03:17:36.267+0000][1][safepoint    ] Application time: 0.0000835 seconds
[2022-06-13T03:17:36.268+0000][1][safepoint    ] Entering safepoint region: RevokeBias
[2022-06-13T03:17:36.268+0000][1][safepoint    ] Leaving safepoint region
[2022-06-13T03:17:36.268+0000][1][safepoint    ] Total time for which application threads were stopped: 0.0002829 seconds, Stopping threads took: 0.0001091 seconds
[2022-06-13T03:17:36.268+0000][1][safepoint    ] Application time: 0.0000871 seconds
[2022-06-13T03:17:36.268+0000][1][safepoint    ] Entering safepoint region: RevokeBias
[2022-06-13T03:17:36.268+0000][1][safepoint    ] Leaving safepoint region
[2022-06-13T03:17:36.268+0000][1][safepoint    ] Total time for which application threads were stopped: 0.0002726 seconds, Stopping threads took: 0.0001043 seconds
[2022-06-13T03:17:36.269+0000][1][safepoint    ] Application time: 0.0000828 seconds
[2022-06-13T03:17:36.269+0000][1][safepoint    ] Entering safepoint region: RevokeBias
[2022-06-13T03:17:36.269+0000][1][safepoint    ] Leaving safepoint region
[2022-06-13T03:17:36.269+0000][1][safepoint    ] Total time for which application threads were stopped: 0.0003574 seconds, Stopping threads took: 0.0002221 seconds
[2022-06-13T03:17:36.269+0000][1][safepoint    ] Application time: 0.0000753 seconds
[2022-06-13T03:17:36.269+0000][1][safepoint    ] Entering safepoint region: RevokeBias
[2022-06-13T03:17:36.270+0000][1][safepoint    ] Leaving safepoint region
[2022-06-13T03:17:36.270+0000][1][safepoint    ] Total time for which application threads were stopped: 0.0003320 seconds, Stopping threads took: 0.0001150 seconds
[2022-06-13T03:17:36.270+0000][1][safepoint    ] Application time: 0.0000987 seconds
[2022-06-13T03:17:36.270+0000][1][safepoint    ] Entering safepoint region: RevokeBias
[2022-06-13T03:17:36.270+0000][1][safepoint    ] Leaving safepoint region
[2022-06-13T03:17:36.270+0000][1][safepoint    ] Total time for which application threads were stopped: 0.0002912 seconds, Stopping threads took: 0.0001131 seconds
[2022-06-13T03:17:36.271+0000][1][safepoint    ] Application time: 0.0002274 seconds
[2022-06-13T03:17:36.271+0000][1][safepoint    ] Entering safepoint region: RevokeBias
[2022-06-13T03:17:36.271+0000][1][safepoint    ] Leaving safepoint region
[2022-06-13T03:17:36.271+0000][1][safepoint    ] Total time for which application threads were stopped: 0.0003386 seconds, Stopping threads took: 0.0001246 seconds
[2022-06-13T03:17:36.271+0000][1][safepoint    ] Application time: 0.0001103 seconds
[2022-06-13T03:17:36.272+0000][1][safepoint    ] Entering safepoint region: RevokeBias
[2022-06-13T03:17:36.272+0000][1][safepoint    ] Leaving safepoint region
[2022-06-13T03:17:36.272+0000][1][safepoint    ] Total time for which application threads were stopped: 0.0003513 seconds, Stopping threads took: 0.0001374 seconds
[2022-06-13T03:17:36.272+0000][1][safepoint    ] Application time: 0.0000957 seconds
[2022-06-13T03:17:36.272+0000][1][safepoint    ] Entering safepoint region: RevokeBias
[2022-06-13T03:17:36.272+0000][1][safepoint    ] Leaving safepoint region
[2022-06-13T03:17:36.273+0000][1][safepoint    ] Total time for which application threads were stopped: 0.0002862 seconds, Stopping threads took: 0.0001071 seconds
[2022-06-13T03:17:36.273+0000][1][safepoint    ] Application time: 0.0000749 seconds
[2022-06-13T03:17:36.273+0000][1][safepoint    ] Entering safepoint region: RevokeBias
[2022-06-13T03:17:36.273+0000][1][safepoint    ] Leaving safepoint region
[2022-06-13T03:17:36.273+0000][1][safepoint    ] Total time for which application threads were stopped: 0.0003320 seconds, Stopping threads took: 0.0002068 seconds
[2022-06-13T03:17:36.273+0000][1][safepoint    ] Application time: 0.0000494 seconds
[2022-06-13T03:17:36.273+0000][1][safepoint    ] Entering safepoint region: RevokeBias
[2022-06-13T03:17:36.274+0000][1][safepoint    ] Leaving safepoint region
[2022-06-13T03:17:36.274+0000][1][safepoint    ] Total time for which application threads were stopped: 0.0002451 seconds, Stopping threads took: 0.0000916 seconds
[2022-06-13T03:17:36.274+0000][1][safepoint    ] Application time: 0.0000785 seconds
[2022-06-13T03:17:36.274+0000][1][safepoint    ] Entering safepoint region: RevokeBias
[2022-06-13T03:17:36.274+0000][1][safepoint    ] Leaving safepoint region
[2022-06-13T03:17:36.274+0000][1][safepoint    ] Total time for which application threads were stopped: 0.0002424 seconds, Stopping threads took: 0.0000943 seconds
[2022-06-13T03:17:36.274+0000][1][safepoint    ] Application time: 0.0000762 seconds
[2022-06-13T03:17:36.274+0000][1][safepoint    ] Entering safepoint region: RevokeBias
[2022-06-13T03:17:36.275+0000][1][safepoint    ] Leaving safepoint region
[2022-06-13T03:17:36.275+0000][1][safepoint    ] Total time for which application threads were stopped: 0.0002580 seconds, Stopping threads took: 0.0000996 seconds
[2022-06-13T03:17:36.275+0000][1][safepoint    ] Application time: 0.0000735 seconds
[2022-06-13T03:17:36.275+0000][1][safepoint    ] Entering safepoint region: RevokeBias
[2022-06-13T03:17:36.275+0000][1][safepoint    ] Leaving safepoint region
[2022-06-13T03:17:36.275+0000][1][safepoint    ] Total time for which application threads were stopped: 0.0002311 seconds, Stopping threads took: 0.0000863 seconds
[2022-06-13T03:17:36.275+0000][1][safepoint    ] Application time: 0.0000779 seconds
[2022-06-13T03:17:36.275+0000][1][safepoint    ] Entering safepoint region: RevokeBias
[2022-06-13T03:17:36.276+0000][1][safepoint    ] Leaving safepoint region
[2022-06-13T03:17:36.276+0000][1][safepoint    ] Total time for which application threads were stopped: 0.0002177 seconds, Stopping threads took: 0.0000845 seconds
[2022-06-13T03:17:36.276+0000][1][safepoint    ] Application time: 0.0000768 seconds
[2022-06-13T03:17:36.276+0000][1][safepoint    ] Entering safepoint region: BulkRevokeBias
[2022-06-13T03:17:36.276+0000][1][safepoint    ] Leaving safepoint region
[2022-06-13T03:17:36.276+0000][1][safepoint    ] Total time for which application threads were stopped: 0.0002938 seconds, Stopping threads took: 0.0000911 seconds
[2022-06-13T03:17:36.276+0000][1][safepoint    ] Application time: 0.0000939 seconds
[2022-06-13T03:17:36.277+0000][1][safepoint    ] Entering safepoint region: RevokeBias
[2022-06-13T03:17:36.277+0000][1][safepoint    ] Leaving safepoint region
[2022-06-13T03:17:36.277+0000][1][safepoint    ] Total time for which application threads were stopped: 0.0003843 seconds, Stopping threads took: 0.0001669 seconds
[2022-06-13T03:17:36.277+0000][1][safepoint    ] Application time: 0.0000906 seconds
[2022-06-13T03:17:36.277+0000][1][safepoint    ] Entering safepoint region: RevokeBias
[2022-06-13T03:17:36.278+0000][1][safepoint    ] Leaving safepoint region
[2022-06-13T03:17:36.278+0000][1][safepoint    ] Total time for which application threads were stopped: 0.0003121 seconds, Stopping threads took: 0.0001340 seconds
[2022-06-13T03:17:36.278+0000][1][safepoint    ] Application time: 0.0000769 seconds
[2022-06-13T03:17:36.278+0000][1][safepoint    ] Entering safepoint region: RevokeBias
[2022-06-13T03:17:36.278+0000][1][safepoint    ] Leaving safepoint region
[2022-06-13T03:17:36.278+0000][1][safepoint    ] Total time for which application threads were stopped: 0.0003807 seconds, Stopping threads took: 0.0001917 seconds
[2022-06-13T03:17:36.279+0000][1][safepoint    ] Application time: 0.0000917 seconds
[2022-06-13T03:17:36.279+0000][1][safepoint    ] Entering safepoint region: RevokeBias
[2022-06-13T03:17:36.279+0000][1][safepoint    ] Leaving safepoint region
[2022-06-13T03:17:36.279+0000][1][safepoint    ] Total time for which application threads were stopped: 0.0006461 seconds, Stopping threads took: 0.0003993 seconds
[2022-06-13T03:17:36.280+0000][1][safepoint    ] Application time: 0.0000876 seconds
[2022-06-13T03:17:36.280+0000][1][safepoint    ] Entering safepoint region: RevokeBias
[2022-06-13T03:17:36.280+0000][1][safepoint    ] Leaving safepoint region
[2022-06-13T03:17:36.280+0000][1][safepoint    ] Total time for which application threads were stopped: 0.0003497 seconds, Stopping threads took: 0.0001783 seconds
[2022-06-13T03:17:36.280+0000][1][safepoint    ] Application time: 0.0000920 seconds
[2022-06-13T03:17:36.280+0000][1][safepoint    ] Entering safepoint region: BulkRevokeBias
[2022-06-13T03:17:36.282+0000][1][safepoint    ] Leaving safepoint region
[2022-06-13T03:17:36.282+0000][1][safepoint    ] Total time for which application threads were stopped: 0.0016536 seconds, Stopping threads took: 0.0011302 seconds
[2022-06-13T03:17:36.286+0000][1][safepoint    ] Application time: 0.0037572 seconds
[2022-06-13T03:17:36.286+0000][1][safepoint    ] Entering safepoint region: RevokeBias
[2022-06-13T03:17:36.287+0000][1][safepoint    ] Leaving safepoint region
[2022-06-13T03:17:36.287+0000][1][safepoint    ] Total time for which application threads were stopped: 0.0004273 seconds, Stopping threads took: 0.0002037 seconds
[2022-06-13T03:17:36.288+0000][1][safepoint    ] Application time: 0.0012415 seconds
[2022-06-13T03:17:36.288+0000][1][safepoint    ] Entering safepoint region: RevokeBias
[2022-06-13T03:17:36.289+0000][1][safepoint    ] Leaving safepoint region
[2022-06-13T03:17:36.289+0000][1][safepoint    ] Total time for which application threads were stopped: 0.0003507 seconds, Stopping threads took: 0.0001480 seconds
[2022-06-13T03:17:36.289+0000][1][safepoint    ] Application time: 0.0001757 seconds
[2022-06-13T03:17:36.289+0000][1][safepoint    ] Entering safepoint region: RevokeBias
[2022-06-13T03:17:36.289+0000][1][safepoint    ] Leaving safepoint region
[2022-06-13T03:17:36.290+0000][1][safepoint    ] Total time for which application threads were stopped: 0.0004788 seconds, Stopping threads took: 0.0002419 seconds
[2022-06-13T03:17:36.290+0000][1][safepoint    ] Application time: 0.0002801 seconds
[2022-06-13T03:17:36.290+0000][1][safepoint    ] Entering safepoint region: RevokeBias
[2022-06-13T03:17:36.290+0000][1][safepoint    ] Leaving safepoint region
[2022-06-13T03:17:36.290+0000][1][safepoint    ] Total time for which application threads were stopped: 0.0003378 seconds, Stopping threads took: 0.0001156 seconds
[2022-06-13T03:17:36.292+0000][1][safepoint    ] Application time: 0.0015485 seconds
[2022-06-13T03:17:36.292+0000][1][safepoint    ] Entering safepoint region: RevokeBias
[2022-06-13T03:17:36.292+0000][1][safepoint    ] Leaving safepoint region
[2022-06-13T03:17:36.293+0000][1][safepoint    ] Total time for which application threads were stopped: 0.0003286 seconds, Stopping threads took: 0.0001232 seconds
[2022-06-13T03:17:36.293+0000][1][safepoint    ] Application time: 0.0000955 seconds
[2022-06-13T03:17:36.293+0000][1][safepoint    ] Entering safepoint region: RevokeBias
[2022-06-13T03:17:36.293+0000][1][safepoint    ] Leaving safepoint region
[2022-06-13T03:17:36.293+0000][1][safepoint    ] Total time for which application threads were stopped: 0.0002348 seconds, Stopping threads took: 0.0000863 seconds
[2022-06-13T03:17:36.294+0000][1][safepoint    ] Application time: 0.0006494 seconds
[2022-06-13T03:17:36.294+0000][1][safepoint    ] Entering safepoint region: RevokeBias
[2022-06-13T03:17:36.294+0000][1][safepoint    ] Leaving safepoint region
[2022-06-13T03:17:36.294+0000][1][safepoint    ] Total time for which application threads were stopped: 0.0002882 seconds, Stopping threads took: 0.0001284 seconds
[2022-06-13T03:17:36.295+0000][1][safepoint    ] Application time: 0.0008040 seconds
[2022-06-13T03:17:36.295+0000][1][safepoint    ] Entering safepoint region: RevokeBias
[2022-06-13T03:17:36.296+0000][1][safepoint    ] Leaving safepoint region
[2022-06-13T03:17:36.296+0000][1][safepoint    ] Total time for which application threads were stopped: 0.0004311 seconds, Stopping threads took: 0.0001808 seconds
[2022-06-13T03:17:36.296+0000][1][safepoint    ] Application time: 0.0000956 seconds
[2022-06-13T03:17:36.296+0000][1][safepoint    ] Entering safepoint region: RevokeBias
[2022-06-13T03:17:36.296+0000][1][safepoint    ] Leaving safepoint region
[2022-06-13T03:17:36.296+0000][1][safepoint    ] Total time for which application threads were stopped: 0.0003219 seconds, Stopping threads took: 0.0001759 seconds
[2022-06-13T03:17:36.297+0000][1][safepoint    ] Application time: 0.0002664 seconds
[2022-06-13T03:17:36.297+0000][1][safepoint    ] Entering safepoint region: RevokeBias
[2022-06-13T03:17:36.297+0000][1][safepoint    ] Leaving safepoint region
[2022-06-13T03:17:36.297+0000][1][safepoint    ] Total time for which application threads were stopped: 0.0004599 seconds, Stopping threads took: 0.0002806 seconds
[2022-06-13T03:17:36.452+0000][1][safepoint    ] Application time: 0.1540804 seconds
[2022-06-13T03:17:36.452+0000][1][safepoint    ] Entering safepoint region: RevokeBias
[2022-06-13T03:17:36.452+0000][1][safepoint    ] Leaving safepoint region
[2022-06-13T03:17:36.452+0000][1][safepoint    ] Total time for which application threads were stopped: 0.0004159 seconds, Stopping threads took: 0.0002052 seconds
[2022-06-13T03:17:36.585+0000][1][safepoint    ] Application time: 0.1326763 seconds
[2022-06-13T03:17:36.585+0000][1][safepoint    ] Entering safepoint region: RevokeBias
[2022-06-13T03:17:36.586+0000][1][safepoint    ] Leaving safepoint region
[2022-06-13T03:17:36.586+0000][1][safepoint    ] Total time for which application threads were stopped: 0.0002529 seconds, Stopping threads took: 0.0001044 seconds
[2022-06-13T03:17:36.618+0000][1][safepoint    ] Application time: 0.0324591 seconds
[2022-06-13T03:17:36.619+0000][1][safepoint    ] Entering safepoint region: RevokeBias
[2022-06-13T03:17:36.619+0000][1][safepoint    ] Leaving safepoint region
[2022-06-13T03:17:36.619+0000][1][safepoint    ] Total time for which application threads were stopped: 0.0007831 seconds, Stopping threads took: 0.0001358 seconds
[2022-06-13T03:17:36.728+0000][1][safepoint    ] Application time: 0.1084231 seconds
[2022-06-13T03:17:36.728+0000][1][safepoint    ] Entering safepoint region: GenCollectForAllocation
[2022-06-13T03:17:36.729+0000][1][gc,start     ] GC(20) Pause Young (Allocation Failure)
[2022-06-13T03:17:36.729+0000][1][gc,task      ] GC(20) Using 5 workers of 13 for evacuation
[2022-06-13T03:17:36.736+0000][1][gc,age       ] GC(20) Desired survivor size 4456448 bytes, new threshold 2 (max threshold 6)
[2022-06-13T03:17:36.736+0000][1][gc,age       ] GC(20) Age table with threshold 2 (max threshold 6)
[2022-06-13T03:17:36.736+0000][1][gc,age       ] GC(20) - age   1:    1729224 bytes,    1729224 total
[2022-06-13T03:17:36.736+0000][1][gc,age       ] GC(20) - age   2:    2954216 bytes,    4683440 total
[2022-06-13T03:17:36.736+0000][1][gc,heap      ] GC(20) ParNew: 77708K->7293K(78656K)
[2022-06-13T03:17:36.736+0000][1][gc,heap      ] GC(20) CMS: 55810K->59898K(174784K)
[2022-06-13T03:17:36.737+0000][1][gc,metaspace ] GC(20) Metaspace: 54443K->54443K(1099776K)
[2022-06-13T03:17:36.737+0000][1][gc           ] GC(20) Pause Young (Allocation Failure) 130M->65M(247M) 7.782ms
[2022-06-13T03:17:36.737+0000][1][gc,cpu       ] GC(20) User=0.02s Sys=0.01s Real=0.01s
[2022-06-13T03:17:36.737+0000][1][safepoint    ] Leaving safepoint region
[2022-06-13T03:17:36.737+0000][1][safepoint    ] Total time for which application threads were stopped: 0.0088357 seconds, Stopping threads took: 0.0001828 seconds
[2022-06-13T03:17:36.797+0000][1][safepoint    ] Application time: 0.0597530 seconds
[2022-06-13T03:17:36.797+0000][1][safepoint    ] Entering safepoint region: RevokeBias
[2022-06-13T03:17:36.797+0000][1][safepoint    ] Leaving safepoint region
[2022-06-13T03:17:36.797+0000][1][safepoint    ] Total time for which application threads were stopped: 0.0003320 seconds, Stopping threads took: 0.0001502 seconds
[2022-06-13T03:17:36.798+0000][1][safepoint    ] Application time: 0.0001251 seconds
[2022-06-13T03:17:36.798+0000][1][safepoint    ] Entering safepoint region: RevokeBias
[2022-06-13T03:17:36.798+0000][1][safepoint    ] Leaving safepoint region
[2022-06-13T03:17:36.798+0000][1][safepoint    ] Total time for which application threads were stopped: 0.0003089 seconds, Stopping threads took: 0.0001557 seconds
[2022-06-13T03:17:36.798+0000][1][safepoint    ] Application time: 0.0001290 seconds
[2022-06-13T03:17:36.798+0000][1][safepoint    ] Entering safepoint region: RevokeBias
[2022-06-13T03:17:36.799+0000][1][safepoint    ] Leaving safepoint region
[2022-06-13T03:17:36.799+0000][1][safepoint    ] Total time for which application threads were stopped: 0.0002371 seconds, Stopping threads took: 0.0001103 seconds
[2022-06-13T03:17:36.801+0000][1][safepoint    ] Application time: 0.0019794 seconds
[2022-06-13T03:17:36.801+0000][1][safepoint    ] Entering safepoint region: RevokeBias
[2022-06-13T03:17:36.801+0000][1][safepoint    ] Leaving safepoint region
[2022-06-13T03:17:36.801+0000][1][safepoint    ] Total time for which application threads were stopped: 0.0003099 seconds, Stopping threads took: 0.0001444 seconds
[2022-06-13T03:17:36.885+0000][1][safepoint    ] Application time: 0.0837881 seconds
[2022-06-13T03:17:36.885+0000][1][safepoint    ] Entering safepoint region: RevokeBias
[2022-06-13T03:17:36.887+0000][1][safepoint    ] Leaving safepoint region
[2022-06-13T03:17:36.887+0000][1][safepoint    ] Total time for which application threads were stopped: 0.0016898 seconds, Stopping threads took: 0.0002789 seconds
[2022-06-13T03:17:36.924+0000][1][safepoint    ] Application time: 0.0371882 seconds
[2022-06-13T03:17:36.925+0000][1][safepoint    ] Entering safepoint region: Deoptimize
[2022-06-13T03:17:36.926+0000][1][safepoint    ] Leaving safepoint region
[2022-06-13T03:17:36.926+0000][1][safepoint    ] Total time for which application threads were stopped: 0.0009875 seconds, Stopping threads took: 0.0002283 seconds
[2022-06-13T03:17:36.944+0000][1][safepoint    ] Application time: 0.0177880 seconds
[2022-06-13T03:17:36.944+0000][1][safepoint    ] Entering safepoint region: RevokeBias
[2022-06-13T03:17:36.944+0000][1][safepoint    ] Leaving safepoint region
[2022-06-13T03:17:36.945+0000][1][safepoint    ] Total time for which application threads were stopped: 0.0003471 seconds, Stopping threads took: 0.0001775 seconds
[2022-06-13T03:17:36.975+0000][1][safepoint    ] Application time: 0.0305138 seconds
[2022-06-13T03:17:36.976+0000][1][safepoint    ] Entering safepoint region: RevokeBias
[2022-06-13T03:17:36.976+0000][1][safepoint    ] Leaving safepoint region
[2022-06-13T03:17:36.976+0000][1][safepoint    ] Total time for which application threads were stopped: 0.0005278 seconds, Stopping threads took: 0.0003355 seconds
[2022-06-13T03:17:37.126+0000][1][safepoint    ] Application time: 0.1496206 seconds
[2022-06-13T03:17:37.126+0000][1][safepoint    ] Entering safepoint region: RevokeBias
[2022-06-13T03:17:37.127+0000][1][safepoint    ] Leaving safepoint region
[2022-06-13T03:17:37.127+0000][1][safepoint    ] Total time for which application threads were stopped: 0.0004262 seconds, Stopping threads took: 0.0002116 seconds
[2022-06-13T03:17:37.127+0000][1][safepoint    ] Application time: 0.0001434 seconds
[2022-06-13T03:17:37.127+0000][1][safepoint    ] Entering safepoint region: RevokeBias
[2022-06-13T03:17:37.127+0000][1][safepoint    ] Leaving safepoint region
[2022-06-13T03:17:37.127+0000][1][safepoint    ] Total time for which application threads were stopped: 0.0004158 seconds, Stopping threads took: 0.0002510 seconds
[2022-06-13T03:17:37.128+0000][1][safepoint    ] Application time: 0.0001673 seconds
[2022-06-13T03:17:37.128+0000][1][safepoint    ] Entering safepoint region: RevokeBias
[2022-06-13T03:17:37.128+0000][1][safepoint    ] Leaving safepoint region
[2022-06-13T03:17:37.128+0000][1][safepoint    ] Total time for which application threads were stopped: 0.0003304 seconds, Stopping threads took: 0.0001776 seconds
[2022-06-13T03:17:37.236+0000][1][safepoint    ] Application time: 0.1072687 seconds
[2022-06-13T03:17:37.236+0000][1][safepoint    ] Entering safepoint region: RevokeBias
[2022-06-13T03:17:37.236+0000][1][safepoint    ] Leaving safepoint region
[2022-06-13T03:17:37.236+0000][1][safepoint    ] Total time for which application threads were stopped: 0.0003770 seconds, Stopping threads took: 0.0001519 seconds
[2022-06-13T03:17:37.236+0000][1][safepoint    ] Application time: 0.0000810 seconds
[2022-06-13T03:17:37.236+0000][1][safepoint    ] Entering safepoint region: RevokeBias
[2022-06-13T03:17:37.237+0000][1][safepoint    ] Leaving safepoint region
[2022-06-13T03:17:37.237+0000][1][safepoint    ] Total time for which application threads were stopped: 0.0003427 seconds, Stopping threads took: 0.0001621 seconds
[2022-06-13T03:17:37.385+0000][1][safepoint    ] Application time: 0.1476942 seconds
[2022-06-13T03:17:37.385+0000][1][safepoint    ] Entering safepoint region: Deoptimize
[2022-06-13T03:17:37.386+0000][1][safepoint    ] Leaving safepoint region
[2022-06-13T03:17:37.386+0000][1][safepoint    ] Total time for which application threads were stopped: 0.0008888 seconds, Stopping threads took: 0.0001649 seconds
[2022-06-13T03:17:37.392+0000][1][safepoint    ] Application time: 0.0059229 seconds
[2022-06-13T03:17:37.392+0000][1][safepoint    ] Entering safepoint region: RevokeBias
[2022-06-13T03:17:37.392+0000][1][safepoint    ] Leaving safepoint region
[2022-06-13T03:17:37.392+0000][1][safepoint    ] Total time for which application threads were stopped: 0.0004124 seconds, Stopping threads took: 0.0001977 seconds
[2022-06-13T03:17:37.393+0000][1][safepoint    ] Application time: 0.0004168 seconds
[2022-06-13T03:17:37.393+0000][1][safepoint    ] Entering safepoint region: RevokeBias
[2022-06-13T03:17:37.393+0000][1][safepoint    ] Leaving safepoint region
[2022-06-13T03:17:37.394+0000][1][safepoint    ] Total time for which application threads were stopped: 0.0003230 seconds, Stopping threads took: 0.0001406 seconds
[2022-06-13T03:17:37.394+0000][1][safepoint    ] Application time: 0.0006264 seconds
[2022-06-13T03:17:37.394+0000][1][safepoint    ] Entering safepoint region: RevokeBias
[2022-06-13T03:17:37.395+0000][1][safepoint    ] Leaving safepoint region
[2022-06-13T03:17:37.395+0000][1][safepoint    ] Total time for which application threads were stopped: 0.0002942 seconds, Stopping threads took: 0.0001349 seconds
[2022-06-13T03:17:37.395+0000][1][safepoint    ] Application time: 0.0004396 seconds
[2022-06-13T03:17:37.395+0000][1][safepoint    ] Entering safepoint region: RevokeBias
[2022-06-13T03:17:37.396+0000][1][safepoint    ] Leaving safepoint region
[2022-06-13T03:17:37.396+0000][1][safepoint    ] Total time for which application threads were stopped: 0.0003541 seconds, Stopping threads took: 0.0001482 seconds
[2022-06-13T03:17:37.396+0000][1][safepoint    ] Application time: 0.0000837 seconds
[2022-06-13T03:17:37.396+0000][1][safepoint    ] Entering safepoint region: RevokeBias
[2022-06-13T03:17:37.396+0000][1][safepoint    ] Leaving safepoint region
[2022-06-13T03:17:37.396+0000][1][safepoint    ] Total time for which application threads were stopped: 0.0003552 seconds, Stopping threads took: 0.0001580 seconds
[2022-06-13T03:17:37.397+0000][1][safepoint    ] Application time: 0.0001062 seconds
[2022-06-13T03:17:37.397+0000][1][safepoint    ] Entering safepoint region: RevokeBias
[2022-06-13T03:17:37.397+0000][1][safepoint    ] Leaving safepoint region
[2022-06-13T03:17:37.397+0000][1][safepoint    ] Total time for which application threads were stopped: 0.0002960 seconds, Stopping threads took: 0.0001485 seconds
[2022-06-13T03:17:37.398+0000][1][safepoint    ] Application time: 0.0002128 seconds
[2022-06-13T03:17:37.398+0000][1][safepoint    ] Entering safepoint region: RevokeBias
[2022-06-13T03:17:37.398+0000][1][safepoint    ] Leaving safepoint region
[2022-06-13T03:17:37.398+0000][1][safepoint    ] Total time for which application threads were stopped: 0.0002823 seconds, Stopping threads took: 0.0001379 seconds
[2022-06-13T03:17:37.398+0000][1][safepoint    ] Application time: 0.0002347 seconds
[2022-06-13T03:17:37.398+0000][1][safepoint    ] Entering safepoint region: RevokeBias
[2022-06-13T03:17:37.399+0000][1][safepoint    ] Leaving safepoint region
[2022-06-13T03:17:37.399+0000][1][safepoint    ] Total time for which application threads were stopped: 0.0002919 seconds, Stopping threads took: 0.0001234 seconds
[2022-06-13T03:17:37.399+0000][1][safepoint    ] Application time: 0.0002784 seconds
[2022-06-13T03:17:37.399+0000][1][safepoint    ] Entering safepoint region: RevokeBias
[2022-06-13T03:17:37.400+0000][1][safepoint    ] Leaving safepoint region
[2022-06-13T03:17:37.400+0000][1][safepoint    ] Total time for which application threads were stopped: 0.0003170 seconds, Stopping threads took: 0.0001674 seconds
[2022-06-13T03:17:37.400+0000][1][safepoint    ] Application time: 0.0000777 seconds
[2022-06-13T03:17:37.400+0000][1][safepoint    ] Entering safepoint region: RevokeBias
[2022-06-13T03:17:37.400+0000][1][safepoint    ] Leaving safepoint region
[2022-06-13T03:17:37.400+0000][1][safepoint    ] Total time for which application threads were stopped: 0.0002646 seconds, Stopping threads took: 0.0001147 seconds
[2022-06-13T03:17:37.401+0000][1][safepoint    ] Application time: 0.0005034 seconds
[2022-06-13T03:17:37.401+0000][1][safepoint    ] Entering safepoint region: RevokeBias
[2022-06-13T03:17:37.401+0000][1][safepoint    ] Leaving safepoint region
[2022-06-13T03:17:37.401+0000][1][safepoint    ] Total time for which application threads were stopped: 0.0002626 seconds, Stopping threads took: 0.0001335 seconds
[2022-06-13T03:17:37.402+0000][1][safepoint    ] Application time: 0.0001421 seconds
[2022-06-13T03:17:37.402+0000][1][safepoint    ] Entering safepoint region: RevokeBias
[2022-06-13T03:17:37.402+0000][1][safepoint    ] Leaving safepoint region
[2022-06-13T03:17:37.402+0000][1][safepoint    ] Total time for which application threads were stopped: 0.0002023 seconds, Stopping threads took: 0.0000916 seconds
[2022-06-13T03:17:37.403+0000][1][safepoint    ] Application time: 0.0007471 seconds
[2022-06-13T03:17:37.403+0000][1][safepoint    ] Entering safepoint region: RevokeBias
[2022-06-13T03:17:37.403+0000][1][safepoint    ] Leaving safepoint region
[2022-06-13T03:17:37.403+0000][1][safepoint    ] Total time for which application threads were stopped: 0.0002185 seconds, Stopping threads took: 0.0000951 seconds
[2022-06-13T03:17:37.403+0000][1][safepoint    ] Application time: 0.0001179 seconds
[2022-06-13T03:17:37.403+0000][1][safepoint    ] Entering safepoint region: RevokeBias
[2022-06-13T03:17:37.403+0000][1][safepoint    ] Leaving safepoint region
[2022-06-13T03:17:37.403+0000][1][safepoint    ] Total time for which application threads were stopped: 0.0002039 seconds, Stopping threads took: 0.0000891 seconds
[2022-06-13T03:17:37.405+0000][1][safepoint    ] Application time: 0.0012775 seconds
[2022-06-13T03:17:37.405+0000][1][safepoint    ] Entering safepoint region: RevokeBias
[2022-06-13T03:17:37.405+0000][1][safepoint    ] Leaving safepoint region
[2022-06-13T03:17:37.405+0000][1][safepoint    ] Total time for which application threads were stopped: 0.0003998 seconds, Stopping threads took: 0.0002228 seconds
[2022-06-13T03:17:37.406+0000][1][safepoint    ] Application time: 0.0007082 seconds
[2022-06-13T03:17:37.406+0000][1][safepoint    ] Entering safepoint region: Deoptimize
[2022-06-13T03:17:37.407+0000][1][safepoint    ] Leaving safepoint region
[2022-06-13T03:17:37.407+0000][1][safepoint    ] Total time for which application threads were stopped: 0.0009444 seconds, Stopping threads took: 0.0001340 seconds
[2022-06-13T03:17:37.426+0000][1][safepoint    ] Application time: 0.0186819 seconds
[2022-06-13T03:17:37.427+0000][1][safepoint    ] Entering safepoint region: RevokeBias
[2022-06-13T03:17:37.427+0000][1][safepoint    ] Leaving safepoint region
[2022-06-13T03:17:37.427+0000][1][safepoint    ] Total time for which application threads were stopped: 0.0004053 seconds, Stopping threads took: 0.0002192 seconds
[2022-06-13T03:17:37.427+0000][1][safepoint    ] Application time: 0.0000861 seconds
[2022-06-13T03:17:37.427+0000][1][safepoint    ] Entering safepoint region: RevokeBias
[2022-06-13T03:17:37.427+0000][1][safepoint    ] Leaving safepoint region
[2022-06-13T03:17:37.428+0000][1][safepoint    ] Total time for which application threads were stopped: 0.0003328 seconds, Stopping threads took: 0.0001536 seconds
[2022-06-13T03:17:37.428+0000][1][safepoint    ] Application time: 0.0001379 seconds
[2022-06-13T03:17:37.428+0000][1][safepoint    ] Entering safepoint region: RevokeBias
[2022-06-13T03:17:37.428+0000][1][safepoint    ] Leaving safepoint region
[2022-06-13T03:17:37.428+0000][1][safepoint    ] Total time for which application threads were stopped: 0.0003278 seconds, Stopping threads took: 0.0001969 seconds
[2022-06-13T03:17:37.429+0000][1][safepoint    ] Application time: 0.0002298 seconds
[2022-06-13T03:17:37.429+0000][1][safepoint    ] Entering safepoint region: RevokeBias
[2022-06-13T03:17:37.429+0000][1][safepoint    ] Leaving safepoint region
[2022-06-13T03:17:37.429+0000][1][safepoint    ] Total time for which application threads were stopped: 0.0002551 seconds, Stopping threads took: 0.0001215 seconds
[2022-06-13T03:17:37.430+0000][1][safepoint    ] Application time: 0.0008886 seconds
[2022-06-13T03:17:37.430+0000][1][safepoint    ] Entering safepoint region: RevokeBias
[2022-06-13T03:17:37.430+0000][1][safepoint    ] Leaving safepoint region
[2022-06-13T03:17:37.431+0000][1][safepoint    ] Total time for which application threads were stopped: 0.0003954 seconds, Stopping threads took: 0.0002126 seconds
[2022-06-13T03:17:37.431+0000][1][safepoint    ] Application time: 0.0004208 seconds
[2022-06-13T03:17:37.431+0000][1][safepoint    ] Entering safepoint region: RevokeBias
[2022-06-13T03:17:37.432+0000][1][safepoint    ] Leaving safepoint region
[2022-06-13T03:17:37.432+0000][1][safepoint    ] Total time for which application threads were stopped: 0.0004292 seconds, Stopping threads took: 0.0002884 seconds
[2022-06-13T03:17:37.432+0000][1][safepoint    ] Application time: 0.0001895 seconds
[2022-06-13T03:17:37.432+0000][1][safepoint    ] Entering safepoint region: RevokeBias
[2022-06-13T03:17:37.432+0000][1][safepoint    ] Leaving safepoint region
[2022-06-13T03:17:37.432+0000][1][safepoint    ] Total time for which application threads were stopped: 0.0004013 seconds, Stopping threads took: 0.0002268 seconds
[2022-06-13T03:17:37.433+0000][1][safepoint    ] Application time: 0.0001092 seconds
[2022-06-13T03:17:37.433+0000][1][safepoint    ] Entering safepoint region: RevokeBias
[2022-06-13T03:17:37.433+0000][1][safepoint    ] Leaving safepoint region
[2022-06-13T03:17:37.433+0000][1][safepoint    ] Total time for which application threads were stopped: 0.0003778 seconds, Stopping threads took: 0.0001920 seconds
[2022-06-13T03:17:37.434+0000][1][safepoint    ] Application time: 0.0002552 seconds
[2022-06-13T03:17:37.434+0000][1][safepoint    ] Entering safepoint region: RevokeBias
[2022-06-13T03:17:37.434+0000][1][safepoint    ] Leaving safepoint region
[2022-06-13T03:17:37.434+0000][1][safepoint    ] Total time for which application threads were stopped: 0.0004861 seconds, Stopping threads took: 0.0002849 seconds
[2022-06-13T03:17:37.435+0000][1][safepoint    ] Application time: 0.0000948 seconds
[2022-06-13T03:17:37.435+0000][1][safepoint    ] Entering safepoint region: RevokeBias
[2022-06-13T03:17:37.435+0000][1][safepoint    ] Leaving safepoint region
[2022-06-13T03:17:37.435+0000][1][safepoint    ] Total time for which application threads were stopped: 0.0003345 seconds, Stopping threads took: 0.0001623 seconds
[2022-06-13T03:17:37.436+0000][1][safepoint    ] Application time: 0.0006113 seconds
[2022-06-13T03:17:37.436+0000][1][safepoint    ] Entering safepoint region: BulkRevokeBias
[2022-06-13T03:17:37.436+0000][1][safepoint    ] Leaving safepoint region
[2022-06-13T03:17:37.436+0000][1][safepoint    ] Total time for which application threads were stopped: 0.0004239 seconds, Stopping threads took: 0.0001852 seconds
[2022-06-13T03:17:37.437+0000][1][safepoint    ] Application time: 0.0001209 seconds
[2022-06-13T03:17:37.437+0000][1][safepoint    ] Entering safepoint region: RevokeBias
[2022-06-13T03:17:37.437+0000][1][safepoint    ] Leaving safepoint region
[2022-06-13T03:17:37.437+0000][1][safepoint    ] Total time for which application threads were stopped: 0.0003971 seconds, Stopping threads took: 0.0001751 seconds
[2022-06-13T03:17:37.437+0000][1][safepoint    ] Application time: 0.0000897 seconds
[2022-06-13T03:17:37.438+0000][1][safepoint    ] Entering safepoint region: RevokeBias
[2022-06-13T03:17:37.438+0000][1][safepoint    ] Leaving safepoint region
[2022-06-13T03:17:37.438+0000][1][safepoint    ] Total time for which application threads were stopped: 0.0003344 seconds, Stopping threads took: 0.0001615 seconds
[2022-06-13T03:17:37.438+0000][1][safepoint    ] Application time: 0.0001197 seconds
[2022-06-13T03:17:37.438+0000][1][safepoint    ] Entering safepoint region: RevokeBias
[2022-06-13T03:17:37.438+0000][1][safepoint    ] Leaving safepoint region
[2022-06-13T03:17:37.439+0000][1][safepoint    ] Total time for which application threads were stopped: 0.0003368 seconds, Stopping threads took: 0.0001509 seconds
[2022-06-13T03:17:37.441+0000][1][safepoint    ] Application time: 0.0023247 seconds
[2022-06-13T03:17:37.441+0000][1][safepoint    ] Entering safepoint region: RevokeBias
[2022-06-13T03:17:37.442+0000][1][gc,start     ] GC(21) Pause Young (Allocation Failure)
[2022-06-13T03:17:37.442+0000][1][gc,task      ] GC(21) Using 5 workers of 13 for evacuation
[2022-06-13T03:17:37.449+0000][1][gc,age       ] GC(21) Desired survivor size 4456448 bytes, new threshold 2 (max threshold 6)
[2022-06-13T03:17:37.449+0000][1][gc,age       ] GC(21) Age table with threshold 2 (max threshold 6)
[2022-06-13T03:17:37.450+0000][1][gc,age       ] GC(21) - age   1:    3773848 bytes,    3773848 total
[2022-06-13T03:17:37.450+0000][1][gc,age       ] GC(21) - age   2:    1535080 bytes,    5308928 total
[2022-06-13T03:17:37.450+0000][1][gc,heap      ] GC(21) ParNew: 77245K->7919K(78656K)
[2022-06-13T03:17:37.450+0000][1][gc,heap      ] GC(21) CMS: 59898K->62842K(174784K)
[2022-06-13T03:17:37.450+0000][1][gc,metaspace ] GC(21) Metaspace: 62739K->62739K(1105920K)
[2022-06-13T03:17:37.450+0000][1][gc           ] GC(21) Pause Young (Allocation Failure) 133M->69M(247M) 8.793ms
[2022-06-13T03:17:37.451+0000][1][gc,cpu       ] GC(21) User=0.04s Sys=0.01s Real=0.01s
[2022-06-13T03:17:37.451+0000][1][safepoint    ] Leaving safepoint region
[2022-06-13T03:17:37.451+0000][1][safepoint    ] Total time for which application threads were stopped: 0.0095113 seconds, Stopping threads took: 0.0001920 seconds
[2022-06-13T03:17:37.451+0000][1][safepoint    ] Application time: 0.0004117 seconds
[2022-06-13T03:17:37.452+0000][1][safepoint    ] Entering safepoint region: RevokeBias
[2022-06-13T03:17:37.452+0000][1][safepoint    ] Leaving safepoint region
[2022-06-13T03:17:37.452+0000][1][safepoint    ] Total time for which application threads were stopped: 0.0004590 seconds, Stopping threads took: 0.0002784 seconds
[2022-06-13T03:17:37.452+0000][1][safepoint    ] Application time: 0.0001729 seconds
[2022-06-13T03:17:37.453+0000][1][safepoint    ] Entering safepoint region: RevokeBias
[2022-06-13T03:17:37.453+0000][1][safepoint    ] Leaving safepoint region
[2022-06-13T03:17:37.453+0000][1][safepoint    ] Total time for which application threads were stopped: 0.0003654 seconds, Stopping threads took: 0.0002096 seconds
[2022-06-13T03:17:37.453+0000][1][safepoint    ] Application time: 0.0000804 seconds
[2022-06-13T03:17:37.453+0000][1][safepoint    ] Entering safepoint region: RevokeBias
[2022-06-13T03:17:37.453+0000][1][safepoint    ] Leaving safepoint region
[2022-06-13T03:17:37.454+0000][1][safepoint    ] Total time for which application threads were stopped: 0.0003885 seconds, Stopping threads took: 0.0001661 seconds
[2022-06-13T03:17:37.454+0000][1][safepoint    ] Application time: 0.0005285 seconds
[2022-06-13T03:17:37.454+0000][1][safepoint    ] Entering safepoint region: RevokeBias
[2022-06-13T03:17:37.455+0000][1][safepoint    ] Leaving safepoint region
[2022-06-13T03:17:37.455+0000][1][safepoint    ] Total time for which application threads were stopped: 0.0003225 seconds, Stopping threads took: 0.0001468 seconds
[2022-06-13T03:17:37.455+0000][1][safepoint    ] Application time: 0.0001526 seconds
[2022-06-13T03:17:37.455+0000][1][safepoint    ] Entering safepoint region: RevokeBias
[2022-06-13T03:17:37.455+0000][1][safepoint    ] Leaving safepoint region
[2022-06-13T03:17:37.455+0000][1][safepoint    ] Total time for which application threads were stopped: 0.0003366 seconds, Stopping threads took: 0.0001395 seconds
[2022-06-13T03:17:37.456+0000][1][safepoint    ] Application time: 0.0001075 seconds
[2022-06-13T03:17:37.456+0000][1][safepoint    ] Entering safepoint region: RevokeBias
[2022-06-13T03:17:37.456+0000][1][safepoint    ] Leaving safepoint region
[2022-06-13T03:17:37.456+0000][1][safepoint    ] Total time for which application threads were stopped: 0.0003206 seconds, Stopping threads took: 0.0001482 seconds
[2022-06-13T03:17:37.457+0000][1][safepoint    ] Application time: 0.0005237 seconds
[2022-06-13T03:17:37.457+0000][1][safepoint    ] Entering safepoint region: RevokeBias
[2022-06-13T03:17:37.457+0000][1][safepoint    ] Leaving safepoint region
[2022-06-13T03:17:37.457+0000][1][safepoint    ] Total time for which application threads were stopped: 0.0003231 seconds, Stopping threads took: 0.0001712 seconds
[2022-06-13T03:17:37.457+0000][1][safepoint    ] Application time: 0.0000869 seconds
[2022-06-13T03:17:37.458+0000][1][safepoint    ] Entering safepoint region: RevokeBias
[2022-06-13T03:17:37.458+0000][1][safepoint    ] Leaving safepoint region
[2022-06-13T03:17:37.458+0000][1][safepoint    ] Total time for which application threads were stopped: 0.0003317 seconds, Stopping threads took: 0.0001726 seconds
[2022-06-13T03:17:37.462+0000][1][safepoint    ] Application time: 0.0035789 seconds
[2022-06-13T03:17:37.462+0000][1][safepoint    ] Entering safepoint region: RevokeBias
[2022-06-13T03:17:37.462+0000][1][safepoint    ] Leaving safepoint region
[2022-06-13T03:17:37.462+0000][1][safepoint    ] Total time for which application threads were stopped: 0.0003561 seconds, Stopping threads took: 0.0001528 seconds
[2022-06-13T03:17:37.462+0000][1][safepoint    ] Application time: 0.0000721 seconds
[2022-06-13T03:17:37.463+0000][1][safepoint    ] Entering safepoint region: RevokeBias
[2022-06-13T03:17:37.463+0000][1][safepoint    ] Leaving safepoint region
[2022-06-13T03:17:37.463+0000][1][safepoint    ] Total time for which application threads were stopped: 0.0003505 seconds, Stopping threads took: 0.0001712 seconds
[2022-06-13T03:17:37.465+0000][1][safepoint    ] Application time: 0.0022513 seconds
[2022-06-13T03:17:37.466+0000][1][safepoint    ] Entering safepoint region: RevokeBias
[2022-06-13T03:17:37.466+0000][1][safepoint    ] Leaving safepoint region
[2022-06-13T03:17:37.466+0000][1][safepoint    ] Total time for which application threads were stopped: 0.0004302 seconds, Stopping threads took: 0.0001654 seconds
[2022-06-13T03:17:37.466+0000][1][safepoint    ] Application time: 0.0001738 seconds
[2022-06-13T03:17:37.466+0000][1][safepoint    ] Entering safepoint region: RevokeBias
[2022-06-13T03:17:37.467+0000][1][safepoint    ] Leaving safepoint region
[2022-06-13T03:17:37.467+0000][1][safepoint    ] Total time for which application threads were stopped: 0.0003275 seconds, Stopping threads took: 0.0001709 seconds
[2022-06-13T03:17:37.467+0000][1][safepoint    ] Application time: 0.0004046 seconds
[2022-06-13T03:17:37.467+0000][1][safepoint    ] Entering safepoint region: RevokeBias
[2022-06-13T03:17:37.467+0000][1][safepoint    ] Leaving safepoint region
[2022-06-13T03:17:37.467+0000][1][safepoint    ] Total time for which application threads were stopped: 0.0002608 seconds, Stopping threads took: 0.0001223 seconds
[2022-06-13T03:17:37.468+0000][1][safepoint    ] Application time: 0.0000836 seconds
[2022-06-13T03:17:37.468+0000][1][safepoint    ] Entering safepoint region: RevokeBias
[2022-06-13T03:17:37.468+0000][1][safepoint    ] Leaving safepoint region
[2022-06-13T03:17:37.468+0000][1][safepoint    ] Total time for which application threads were stopped: 0.0003695 seconds, Stopping threads took: 0.0002331 seconds
[2022-06-13T03:17:37.468+0000][1][safepoint    ] Application time: 0.0000828 seconds
[2022-06-13T03:17:37.468+0000][1][safepoint    ] Entering safepoint region: RevokeBias
[2022-06-13T03:17:37.469+0000][1][safepoint    ] Leaving safepoint region
[2022-06-13T03:17:37.469+0000][1][safepoint    ] Total time for which application threads were stopped: 0.0003576 seconds, Stopping threads took: 0.0001562 seconds
[2022-06-13T03:17:37.470+0000][1][safepoint    ] Application time: 0.0007112 seconds
[2022-06-13T03:17:37.470+0000][1][safepoint    ] Entering safepoint region: RevokeBias
[2022-06-13T03:17:37.470+0000][1][safepoint    ] Leaving safepoint region
[2022-06-13T03:17:37.470+0000][1][safepoint    ] Total time for which application threads were stopped: 0.0002993 seconds, Stopping threads took: 0.0001617 seconds
[2022-06-13T03:17:37.470+0000][1][safepoint    ] Application time: 0.0000789 seconds
[2022-06-13T03:17:37.470+0000][1][safepoint    ] Entering safepoint region: RevokeBias
[2022-06-13T03:17:37.471+0000][1][safepoint    ] Leaving safepoint region
[2022-06-13T03:17:37.471+0000][1][safepoint    ] Total time for which application threads were stopped: 0.0003023 seconds, Stopping threads took: 0.0001315 seconds
[2022-06-13T03:17:37.472+0000][1][safepoint    ] Application time: 0.0016036 seconds
[2022-06-13T03:17:37.473+0000][1][safepoint    ] Entering safepoint region: RevokeBias
[2022-06-13T03:17:37.473+0000][1][safepoint    ] Leaving safepoint region
[2022-06-13T03:17:37.473+0000][1][safepoint    ] Total time for which application threads were stopped: 0.0003651 seconds, Stopping threads took: 0.0001960 seconds
[2022-06-13T03:17:37.473+0000][1][safepoint    ] Application time: 0.0000914 seconds
[2022-06-13T03:17:37.473+0000][1][safepoint    ] Entering safepoint region: RevokeBias
[2022-06-13T03:17:37.474+0000][1][safepoint    ] Leaving safepoint region
[2022-06-13T03:17:37.474+0000][1][safepoint    ] Total time for which application threads were stopped: 0.0003649 seconds, Stopping threads took: 0.0001940 seconds
[2022-06-13T03:17:37.477+0000][1][safepoint    ] Application time: 0.0030069 seconds
[2022-06-13T03:17:37.477+0000][1][safepoint    ] Entering safepoint region: RevokeBias
[2022-06-13T03:17:37.477+0000][1][safepoint    ] Leaving safepoint region
[2022-06-13T03:17:37.478+0000][1][safepoint    ] Total time for which application threads were stopped: 0.0003613 seconds, Stopping threads took: 0.0001211 seconds
[2022-06-13T03:17:37.478+0000][1][safepoint    ] Application time: 0.0001664 seconds
[2022-06-13T03:17:37.478+0000][1][safepoint    ] Entering safepoint region: RevokeBias
[2022-06-13T03:17:37.478+0000][1][safepoint    ] Leaving safepoint region
[2022-06-13T03:17:37.478+0000][1][safepoint    ] Total time for which application threads were stopped: 0.0003085 seconds, Stopping threads took: 0.0001268 seconds
[2022-06-13T03:17:37.479+0000][1][safepoint    ] Application time: 0.0001092 seconds
[2022-06-13T03:17:37.479+0000][1][safepoint    ] Entering safepoint region: RevokeBias
[2022-06-13T03:17:37.479+0000][1][safepoint    ] Leaving safepoint region
[2022-06-13T03:17:37.479+0000][1][safepoint    ] Total time for which application threads were stopped: 0.0002770 seconds, Stopping threads took: 0.0000928 seconds
[2022-06-13T03:17:37.479+0000][1][safepoint    ] Application time: 0.0000826 seconds
[2022-06-13T03:17:37.480+0000][1][safepoint    ] Entering safepoint region: RevokeBias
[2022-06-13T03:17:37.480+0000][1][safepoint    ] Leaving safepoint region
[2022-06-13T03:17:37.480+0000][1][safepoint    ] Total time for which application threads were stopped: 0.0005910 seconds, Stopping threads took: 0.0004199 seconds
[2022-06-13T03:17:37.482+0000][1][safepoint    ] Application time: 0.0025679 seconds
[2022-06-13T03:17:37.483+0000][1][safepoint    ] Entering safepoint region: RevokeBias
[2022-06-13T03:17:37.483+0000][1][safepoint    ] Leaving safepoint region
[2022-06-13T03:17:37.483+0000][1][safepoint    ] Total time for which application threads were stopped: 0.0003788 seconds, Stopping threads took: 0.0001837 seconds
[2022-06-13T03:17:37.483+0000][1][safepoint    ] Application time: 0.0001532 seconds
[2022-06-13T03:17:37.484+0000][1][safepoint    ] Entering safepoint region: RevokeBias
[2022-06-13T03:17:37.484+0000][1][safepoint    ] Leaving safepoint region
[2022-06-13T03:17:37.484+0000][1][safepoint    ] Total time for which application threads were stopped: 0.0003218 seconds, Stopping threads took: 0.0001547 seconds
[2022-06-13T03:17:37.484+0000][1][safepoint    ] Application time: 0.0001589 seconds
[2022-06-13T03:17:37.485+0000][1][safepoint    ] Entering safepoint region: RevokeBias
[2022-06-13T03:17:37.485+0000][1][safepoint    ] Leaving safepoint region
[2022-06-13T03:17:37.485+0000][1][safepoint    ] Total time for which application threads were stopped: 0.0004134 seconds, Stopping threads took: 0.0002035 seconds
[2022-06-13T03:17:37.485+0000][1][safepoint    ] Application time: 0.0001455 seconds
[2022-06-13T03:17:37.486+0000][1][safepoint    ] Entering safepoint region: RevokeBias
[2022-06-13T03:17:37.486+0000][1][safepoint    ] Leaving safepoint region
[2022-06-13T03:17:37.486+0000][1][safepoint    ] Total time for which application threads were stopped: 0.0003864 seconds, Stopping threads took: 0.0002153 seconds
[2022-06-13T03:17:37.488+0000][1][safepoint    ] Application time: 0.0018917 seconds
[2022-06-13T03:17:37.488+0000][1][safepoint    ] Entering safepoint region: RevokeBias
[2022-06-13T03:17:37.488+0000][1][safepoint    ] Leaving safepoint region
[2022-06-13T03:17:37.488+0000][1][safepoint    ] Total time for which application threads were stopped: 0.0003934 seconds, Stopping threads took: 0.0001524 seconds
[2022-06-13T03:17:38.128+0000][1][safepoint    ] Application time: 0.6396913 seconds
[2022-06-13T03:17:38.129+0000][1][safepoint    ] Entering safepoint region: RevokeBias
[2022-06-13T03:17:38.129+0000][1][safepoint    ] Leaving safepoint region
[2022-06-13T03:17:38.130+0000][1][safepoint    ] Total time for which application threads were stopped: 0.0008324 seconds, Stopping threads took: 0.0003421 seconds
[2022-06-13T03:17:38.224+0000][1][safepoint    ] Application time: 0.0937195 seconds
[2022-06-13T03:17:38.224+0000][1][safepoint    ] Entering safepoint region: RevokeBias
[2022-06-13T03:17:38.224+0000][1][safepoint    ] Leaving safepoint region
[2022-06-13T03:17:38.224+0000][1][safepoint    ] Total time for which application threads were stopped: 0.0004104 seconds, Stopping threads took: 0.0001932 seconds
[2022-06-13T03:17:38.225+0000][1][safepoint    ] Application time: 0.0001062 seconds
[2022-06-13T03:17:38.225+0000][1][safepoint    ] Entering safepoint region: RevokeBias
[2022-06-13T03:17:38.225+0000][1][safepoint    ] Leaving safepoint region
[2022-06-13T03:17:38.225+0000][1][safepoint    ] Total time for which application threads were stopped: 0.0003573 seconds, Stopping threads took: 0.0001921 seconds
[2022-06-13T03:17:38.226+0000][1][safepoint    ] Application time: 0.0002107 seconds
[2022-06-13T03:17:38.226+0000][1][safepoint    ] Entering safepoint region: RevokeBias
[2022-06-13T03:17:38.226+0000][1][safepoint    ] Leaving safepoint region
[2022-06-13T03:17:38.226+0000][1][safepoint    ] Total time for which application threads were stopped: 0.0002544 seconds, Stopping threads took: 0.0001216 seconds
[2022-06-13T03:17:38.226+0000][1][safepoint    ] Application time: 0.0000907 seconds
[2022-06-13T03:17:38.226+0000][1][safepoint    ] Entering safepoint region: RevokeBias
[2022-06-13T03:17:38.227+0000][1][safepoint    ] Leaving safepoint region
[2022-06-13T03:17:38.227+0000][1][safepoint    ] Total time for which application threads were stopped: 0.0003876 seconds, Stopping threads took: 0.0001586 seconds
[2022-06-13T03:17:38.227+0000][1][safepoint    ] Application time: 0.0001474 seconds
[2022-06-13T03:17:38.227+0000][1][safepoint    ] Entering safepoint region: RevokeBias
[2022-06-13T03:17:38.228+0000][1][safepoint    ] Leaving safepoint region
[2022-06-13T03:17:38.228+0000][1][safepoint    ] Total time for which application threads were stopped: 0.0003480 seconds, Stopping threads took: 0.0001853 seconds
[2022-06-13T03:17:38.228+0000][1][safepoint    ] Application time: 0.0000915 seconds
[2022-06-13T03:17:38.228+0000][1][safepoint    ] Entering safepoint region: RevokeBias
[2022-06-13T03:17:38.228+0000][1][safepoint    ] Leaving safepoint region
[2022-06-13T03:17:38.228+0000][1][safepoint    ] Total time for which application threads were stopped: 0.0004059 seconds, Stopping threads took: 0.0001474 seconds
[2022-06-13T03:17:38.229+0000][1][safepoint    ] Application time: 0.0001510 seconds
[2022-06-13T03:17:38.229+0000][1][safepoint    ] Entering safepoint region: RevokeBias
[2022-06-13T03:17:38.229+0000][1][safepoint    ] Leaving safepoint region
[2022-06-13T03:17:38.229+0000][1][safepoint    ] Total time for which application threads were stopped: 0.0003185 seconds, Stopping threads took: 0.0001513 seconds
[2022-06-13T03:17:38.229+0000][1][safepoint    ] Application time: 0.0000646 seconds
[2022-06-13T03:17:38.230+0000][1][safepoint    ] Entering safepoint region: RevokeBias
[2022-06-13T03:17:38.230+0000][1][safepoint    ] Leaving safepoint region
[2022-06-13T03:17:38.230+0000][1][safepoint    ] Total time for which application threads were stopped: 0.0002225 seconds, Stopping threads took: 0.0000932 seconds
[2022-06-13T03:17:38.427+0000][1][safepoint    ] Application time: 0.1973598 seconds
[2022-06-13T03:17:38.428+0000][1][safepoint    ] Entering safepoint region: RevokeBias
[2022-06-13T03:17:38.428+0000][1][safepoint    ] Leaving safepoint region
[2022-06-13T03:17:38.428+0000][1][safepoint    ] Total time for which application threads were stopped: 0.0005821 seconds, Stopping threads took: 0.0002579 seconds
[2022-06-13T03:17:39.429+0000][1][safepoint    ] Application time: 1.0002502 seconds
[2022-06-13T03:17:39.429+0000][1][safepoint    ] Entering safepoint region: Cleanup
[2022-06-13T03:17:39.430+0000][1][safepoint    ] Leaving safepoint region
[2022-06-13T03:17:39.430+0000][1][safepoint    ] Total time for which application threads were stopped: 0.0007894 seconds, Stopping threads took: 0.0003789 seconds
[2022-06-13T03:17:40.473+0000][1][safepoint    ] Application time: 1.0429201 seconds
[2022-06-13T03:17:40.474+0000][1][safepoint    ] Entering safepoint region: RevokeBias
[2022-06-13T03:17:40.474+0000][1][safepoint    ] Leaving safepoint region
[2022-06-13T03:17:40.474+0000][1][safepoint    ] Total time for which application threads were stopped: 0.0006143 seconds, Stopping threads took: 0.0003272 seconds
[2022-06-13T03:17:40.475+0000][1][safepoint    ] Application time: 0.0004988 seconds
[2022-06-13T03:17:40.476+0000][1][safepoint    ] Entering safepoint region: RevokeBias
[2022-06-13T03:17:40.476+0000][1][safepoint    ] Leaving safepoint region
[2022-06-13T03:17:40.476+0000][1][safepoint    ] Total time for which application threads were stopped: 0.0007370 seconds, Stopping threads took: 0.0004483 seconds
[2022-06-13T03:17:40.477+0000][1][safepoint    ] Application time: 0.0003606 seconds
[2022-06-13T03:17:40.478+0000][1][safepoint    ] Entering safepoint region: RevokeBias
[2022-06-13T03:17:40.478+0000][1][safepoint    ] Leaving safepoint region
[2022-06-13T03:17:40.478+0000][1][safepoint    ] Total time for which application threads were stopped: 0.0007594 seconds, Stopping threads took: 0.0004625 seconds
[2022-06-13T03:17:41.431+0000][1][safepoint    ] Application time: 0.9526256 seconds
[2022-06-13T03:17:41.431+0000][1][safepoint    ] Entering safepoint region: RevokeBias
[2022-06-13T03:17:41.432+0000][1][safepoint    ] Leaving safepoint region
[2022-06-13T03:17:41.432+0000][1][safepoint    ] Total time for which application threads were stopped: 0.0007684 seconds, Stopping threads took: 0.0003725 seconds
[2022-06-13T03:17:41.433+0000][1][safepoint    ] Application time: 0.0004069 seconds
[2022-06-13T03:17:41.434+0000][1][safepoint    ] Entering safepoint region: RevokeBias
[2022-06-13T03:17:41.434+0000][1][safepoint    ] Leaving safepoint region
[2022-06-13T03:17:41.435+0000][1][safepoint    ] Total time for which application threads were stopped: 0.0009675 seconds, Stopping threads took: 0.0003560 seconds
[2022-06-13T03:17:41.435+0000][1][safepoint    ] Application time: 0.0002338 seconds
[2022-06-13T03:17:41.436+0000][1][safepoint    ] Entering safepoint region: RevokeBias
[2022-06-13T03:17:41.436+0000][1][safepoint    ] Leaving safepoint region
[2022-06-13T03:17:41.436+0000][1][safepoint    ] Total time for which application threads were stopped: 0.0003019 seconds, Stopping threads took: 0.0001750 seconds
[2022-06-13T03:17:41.436+0000][1][safepoint    ] Application time: 0.0001193 seconds
[2022-06-13T03:17:41.436+0000][1][safepoint    ] Entering safepoint region: RevokeBias
[2022-06-13T03:17:41.436+0000][1][safepoint    ] Leaving safepoint region
[2022-06-13T03:17:41.436+0000][1][safepoint    ] Total time for which application threads were stopped: 0.0002493 seconds, Stopping threads took: 0.0001106 seconds
[2022-06-13T03:17:41.437+0000][1][safepoint    ] Application time: 0.0000633 seconds
[2022-06-13T03:17:41.437+0000][1][safepoint    ] Entering safepoint region: RevokeBias
[2022-06-13T03:17:41.437+0000][1][safepoint    ] Leaving safepoint region
[2022-06-13T03:17:41.437+0000][1][safepoint    ] Total time for which application threads were stopped: 0.0002620 seconds, Stopping threads took: 0.0001368 seconds
[2022-06-13T03:17:41.437+0000][1][safepoint    ] Application time: 0.0001379 seconds
[2022-06-13T03:17:41.437+0000][1][safepoint    ] Entering safepoint region: RevokeBias
[2022-06-13T03:17:41.438+0000][1][safepoint    ] Leaving safepoint region
[2022-06-13T03:17:41.438+0000][1][safepoint    ] Total time for which application threads were stopped: 0.0005158 seconds, Stopping threads took: 0.0002221 seconds
[2022-06-13T03:17:41.438+0000][1][safepoint    ] Application time: 0.0002849 seconds
[2022-06-13T03:17:41.439+0000][1][safepoint    ] Entering safepoint region: RevokeBias
[2022-06-13T03:17:41.439+0000][1][safepoint    ] Leaving safepoint region
[2022-06-13T03:17:41.439+0000][1][safepoint    ] Total time for which application threads were stopped: 0.0003199 seconds, Stopping threads took: 0.0001845 seconds
[2022-06-13T03:17:42.439+0000][1][safepoint    ] Application time: 1.0002800 seconds
[2022-06-13T03:17:42.440+0000][1][safepoint    ] Entering safepoint region: Cleanup
[2022-06-13T03:17:42.440+0000][1][safepoint    ] Leaving safepoint region
[2022-06-13T03:17:42.441+0000][1][safepoint    ] Total time for which application threads were stopped: 0.0007171 seconds, Stopping threads took: 0.0003328 seconds
[2022-06-13T03:17:43.441+0000][1][safepoint    ] Application time: 1.0002296 seconds
[2022-06-13T03:17:43.442+0000][1][safepoint    ] Entering safepoint region: Cleanup
[2022-06-13T03:17:43.442+0000][1][safepoint    ] Leaving safepoint region
[2022-06-13T03:17:43.442+0000][1][safepoint    ] Total time for which application threads were stopped: 0.0007759 seconds, Stopping threads took: 0.0002623 seconds
[2022-06-13T03:17:44.431+0000][1][safepoint    ] Application time: 0.9880065 seconds
[2022-06-13T03:17:44.431+0000][1][safepoint    ] Entering safepoint region: RevokeBias
[2022-06-13T03:17:44.432+0000][1][safepoint    ] Leaving safepoint region
[2022-06-13T03:17:44.432+0000][1][safepoint    ] Total time for which application threads were stopped: 0.0010589 seconds, Stopping threads took: 0.0005867 seconds
[2022-06-13T03:17:44.433+0000][1][safepoint    ] Application time: 0.0002205 seconds
[2022-06-13T03:17:44.433+0000][1][safepoint    ] Entering safepoint region: RevokeBias
[2022-06-13T03:17:44.434+0000][1][safepoint    ] Leaving safepoint region
[2022-06-13T03:17:44.434+0000][1][safepoint    ] Total time for which application threads were stopped: 0.0008313 seconds, Stopping threads took: 0.0004850 seconds
[2022-06-13T03:17:45.432+0000][1][safepoint    ] Application time: 0.9977315 seconds
[2022-06-13T03:17:45.432+0000][1][safepoint    ] Entering safepoint region: RevokeBias
[2022-06-13T03:17:45.433+0000][1][safepoint    ] Leaving safepoint region
[2022-06-13T03:17:45.433+0000][1][safepoint    ] Total time for which application threads were stopped: 0.0004392 seconds, Stopping threads took: 0.0001815 seconds
[2022-06-13T03:17:45.433+0000][1][safepoint    ] Application time: 0.0005593 seconds
[2022-06-13T03:17:45.434+0000][1][safepoint    ] Entering safepoint region: RevokeBias
[2022-06-13T03:17:45.434+0000][1][safepoint    ] Leaving safepoint region
[2022-06-13T03:17:45.435+0000][1][safepoint    ] Total time for which application threads were stopped: 0.0009078 seconds, Stopping threads took: 0.0004946 seconds
[2022-06-13T03:17:45.435+0000][1][safepoint    ] Application time: 0.0001958 seconds
[2022-06-13T03:17:45.435+0000][1][safepoint    ] Entering safepoint region: RevokeBias
[2022-06-13T03:17:45.435+0000][1][safepoint    ] Leaving safepoint region
[2022-06-13T03:17:45.436+0000][1][safepoint    ] Total time for which application threads were stopped: 0.0005903 seconds, Stopping threads took: 0.0002331 seconds
[2022-06-13T03:17:45.436+0000][1][safepoint    ] Application time: 0.0001706 seconds
[2022-06-13T03:17:45.436+0000][1][safepoint    ] Entering safepoint region: RevokeBias
[2022-06-13T03:17:45.437+0000][1][safepoint    ] Leaving safepoint region
[2022-06-13T03:17:45.437+0000][1][safepoint    ] Total time for which application threads were stopped: 0.0005373 seconds, Stopping threads took: 0.0001712 seconds
[2022-06-13T03:17:45.437+0000][1][safepoint    ] Application time: 0.0001363 seconds
[2022-06-13T03:17:45.438+0000][1][safepoint    ] Entering safepoint region: RevokeBias
[2022-06-13T03:17:45.438+0000][1][safepoint    ] Leaving safepoint region
[2022-06-13T03:17:45.438+0000][1][safepoint    ] Total time for which application threads were stopped: 0.0006457 seconds, Stopping threads took: 0.0004118 seconds
[2022-06-13T03:17:45.439+0000][1][safepoint    ] Application time: 0.0001076 seconds
[2022-06-13T03:17:45.439+0000][1][safepoint    ] Entering safepoint region: RevokeBias
[2022-06-13T03:17:45.439+0000][1][safepoint    ] Leaving safepoint region
[2022-06-13T03:17:45.440+0000][1][safepoint    ] Total time for which application threads were stopped: 0.0009401 seconds, Stopping threads took: 0.0002854 seconds
[2022-06-13T03:17:45.441+0000][1][safepoint    ] Application time: 0.0008011 seconds
[2022-06-13T03:17:45.442+0000][1][safepoint    ] Entering safepoint region: RevokeBias
[2022-06-13T03:17:45.443+0000][1][safepoint    ] Leaving safepoint region
[2022-06-13T03:17:45.443+0000][1][safepoint    ] Total time for which application threads were stopped: 0.0012753 seconds, Stopping threads took: 0.0007316 seconds
[2022-06-13T03:17:46.047+0000][1][safepoint    ] Application time: 0.6036458 seconds
[2022-06-13T03:17:46.047+0000][1][safepoint    ] Entering safepoint region: RevokeBias
[2022-06-13T03:17:46.048+0000][1][safepoint    ] Leaving safepoint region
[2022-06-13T03:17:46.048+0000][1][safepoint    ] Total time for which application threads were stopped: 0.0006959 seconds, Stopping threads took: 0.0002532 seconds
[2022-06-13T03:17:46.049+0000][1][safepoint    ] Application time: 0.0001155 seconds
[2022-06-13T03:17:46.049+0000][1][safepoint    ] Entering safepoint region: RevokeBias
[2022-06-13T03:17:46.049+0000][1][safepoint    ] Leaving safepoint region
[2022-06-13T03:17:46.049+0000][1][safepoint    ] Total time for which application threads were stopped: 0.0006588 seconds, Stopping threads took: 0.0003139 seconds
[2022-06-13T03:17:48.050+0000][1][safepoint    ] Application time: 2.0004889 seconds
[2022-06-13T03:17:48.051+0000][1][safepoint    ] Entering safepoint region: Cleanup
[2022-06-13T03:17:48.051+0000][1][safepoint    ] Leaving safepoint region
[2022-06-13T03:17:48.052+0000][1][safepoint    ] Total time for which application threads were stopped: 0.0006410 seconds, Stopping threads took: 0.0003289 seconds
[2022-06-13T03:17:48.432+0000][1][safepoint    ] Application time: 0.3802789 seconds
[2022-06-13T03:17:48.433+0000][1][safepoint    ] Entering safepoint region: RevokeBias
[2022-06-13T03:17:48.433+0000][1][safepoint    ] Leaving safepoint region
[2022-06-13T03:17:48.434+0000][1][safepoint    ] Total time for which application threads were stopped: 0.0009117 seconds, Stopping threads took: 0.0003580 seconds
[2022-06-13T03:17:48.434+0000][1][safepoint    ] Application time: 0.0000922 seconds
[2022-06-13T03:17:48.435+0000][1][safepoint    ] Entering safepoint region: RevokeBias
[2022-06-13T03:17:48.435+0000][1][safepoint    ] Leaving safepoint region
[2022-06-13T03:17:48.436+0000][1][safepoint    ] Total time for which application threads were stopped: 0.0013563 seconds, Stopping threads took: 0.0008439 seconds
[2022-06-13T03:17:49.434+0000][1][safepoint    ] Application time: 0.9979054 seconds
[2022-06-13T03:17:49.434+0000][1][safepoint    ] Entering safepoint region: RevokeBias
[2022-06-13T03:17:49.435+0000][1][safepoint    ] Leaving safepoint region
[2022-06-13T03:17:49.435+0000][1][safepoint    ] Total time for which application threads were stopped: 0.0009579 seconds, Stopping threads took: 0.0004743 seconds
[2022-06-13T03:17:49.436+0000][1][safepoint    ] Application time: 0.0004294 seconds
[2022-06-13T03:17:49.436+0000][1][safepoint    ] Entering safepoint region: RevokeBias
[2022-06-13T03:17:49.437+0000][1][safepoint    ] Leaving safepoint region
[2022-06-13T03:17:49.437+0000][1][safepoint    ] Total time for which application threads were stopped: 0.0007706 seconds, Stopping threads took: 0.0004124 seconds
[2022-06-13T03:17:49.438+0000][1][safepoint    ] Application time: 0.0001864 seconds
[2022-06-13T03:17:49.438+0000][1][safepoint    ] Entering safepoint region: RevokeBias
[2022-06-13T03:17:49.438+0000][1][safepoint    ] Leaving safepoint region
[2022-06-13T03:17:49.439+0000][1][safepoint    ] Total time for which application threads were stopped: 0.0008000 seconds, Stopping threads took: 0.0003795 seconds
[2022-06-13T03:17:49.439+0000][1][safepoint    ] Application time: 0.0002040 seconds
[2022-06-13T03:17:49.439+0000][1][safepoint    ] Entering safepoint region: RevokeBias
[2022-06-13T03:17:49.440+0000][1][safepoint    ] Leaving safepoint region
[2022-06-13T03:17:49.440+0000][1][safepoint    ] Total time for which application threads were stopped: 0.0006189 seconds, Stopping threads took: 0.0003323 seconds
[2022-06-13T03:17:49.440+0000][1][safepoint    ] Application time: 0.0001246 seconds
[2022-06-13T03:17:49.441+0000][1][safepoint    ] Entering safepoint region: RevokeBias
[2022-06-13T03:17:49.441+0000][1][safepoint    ] Leaving safepoint region
[2022-06-13T03:17:49.441+0000][1][safepoint    ] Total time for which application threads were stopped: 0.0008178 seconds, Stopping threads took: 0.0003852 seconds
[2022-06-13T03:17:49.442+0000][1][safepoint    ] Application time: 0.0001482 seconds
[2022-06-13T03:17:49.442+0000][1][safepoint    ] Entering safepoint region: RevokeBias
[2022-06-13T03:17:49.443+0000][1][safepoint    ] Leaving safepoint region
[2022-06-13T03:17:49.443+0000][1][safepoint    ] Total time for which application threads were stopped: 0.0006084 seconds, Stopping threads took: 0.0003155 seconds
[2022-06-13T03:17:49.444+0000][1][safepoint    ] Application time: 0.0004751 seconds
[2022-06-13T03:17:49.444+0000][1][safepoint    ] Entering safepoint region: RevokeBias
[2022-06-13T03:17:49.444+0000][1][safepoint    ] Leaving safepoint region
[2022-06-13T03:17:49.445+0000][1][safepoint    ] Total time for which application threads were stopped: 0.0008680 seconds, Stopping threads took: 0.0004012 seconds
[2022-06-13T03:17:50.445+0000][1][safepoint    ] Application time: 1.0002304 seconds
[2022-06-13T03:17:50.446+0000][1][safepoint    ] Entering safepoint region: Cleanup
[2022-06-13T03:17:50.446+0000][1][safepoint    ] Leaving safepoint region
[2022-06-13T03:17:50.446+0000][1][safepoint    ] Total time for which application threads were stopped: 0.0007579 seconds, Stopping threads took: 0.0003659 seconds
[2022-06-13T03:17:51.447+0000][1][safepoint    ] Application time: 1.0001068 seconds
[2022-06-13T03:17:51.447+0000][1][safepoint    ] Entering safepoint region: Cleanup
[2022-06-13T03:17:51.448+0000][1][safepoint    ] Leaving safepoint region
[2022-06-13T03:17:51.448+0000][1][safepoint    ] Total time for which application threads were stopped: 0.0006051 seconds, Stopping threads took: 0.0002862 seconds
[2022-06-13T03:17:52.434+0000][1][safepoint    ] Application time: 0.9857729 seconds
[2022-06-13T03:17:52.434+0000][1][safepoint    ] Entering safepoint region: RevokeBias
[2022-06-13T03:17:52.435+0000][1][safepoint    ] Leaving safepoint region
[2022-06-13T03:17:52.435+0000][1][safepoint    ] Total time for which application threads were stopped: 0.0008881 seconds, Stopping threads took: 0.0004658 seconds
[2022-06-13T03:17:52.436+0000][1][safepoint    ] Application time: 0.0001311 seconds
[2022-06-13T03:17:52.436+0000][1][safepoint    ] Entering safepoint region: RevokeBias
[2022-06-13T03:17:52.437+0000][1][safepoint    ] Leaving safepoint region
[2022-06-13T03:17:52.437+0000][1][safepoint    ] Total time for which application threads were stopped: 0.0008581 seconds, Stopping threads took: 0.0003913 seconds
[2022-06-13T03:17:52.437+0000][1][safepoint    ] Application time: 0.0000829 seconds
[2022-06-13T03:17:52.438+0000][1][safepoint    ] Entering safepoint region: RevokeBias
[2022-06-13T03:17:52.438+0000][1][safepoint    ] Leaving safepoint region
[2022-06-13T03:17:52.439+0000][1][safepoint    ] Total time for which application threads were stopped: 0.0008539 seconds, Stopping threads took: 0.0002963 seconds
[2022-06-13T03:17:53.436+0000][1][safepoint    ] Application time: 0.9972922 seconds
[2022-06-13T03:17:53.437+0000][1][safepoint    ] Entering safepoint region: RevokeBias
[2022-06-13T03:17:53.437+0000][1][safepoint    ] Leaving safepoint region
[2022-06-13T03:17:53.438+0000][1][safepoint    ] Total time for which application threads were stopped: 0.0012231 seconds, Stopping threads took: 0.0005287 seconds
[2022-06-13T03:17:53.440+0000][1][safepoint    ] Application time: 0.0009497 seconds
[2022-06-13T03:17:53.440+0000][1][safepoint    ] Entering safepoint region: RevokeBias
[2022-06-13T03:17:53.441+0000][1][safepoint    ] Leaving safepoint region
[2022-06-13T03:17:53.441+0000][1][safepoint    ] Total time for which application threads were stopped: 0.0014454 seconds, Stopping threads took: 0.0003959 seconds
[2022-06-13T03:17:53.442+0000][1][safepoint    ] Application time: 0.0004038 seconds
[2022-06-13T03:17:53.443+0000][1][safepoint    ] Entering safepoint region: RevokeBias
[2022-06-13T03:17:53.443+0000][1][safepoint    ] Leaving safepoint region
[2022-06-13T03:17:53.444+0000][1][safepoint    ] Total time for which application threads were stopped: 0.0011891 seconds, Stopping threads took: 0.0004151 seconds
[2022-06-13T03:17:53.445+0000][1][safepoint    ] Application time: 0.0002544 seconds
[2022-06-13T03:17:53.445+0000][1][safepoint    ] Entering safepoint region: RevokeBias
[2022-06-13T03:17:53.445+0000][1][safepoint    ] Leaving safepoint region
[2022-06-13T03:17:53.446+0000][1][safepoint    ] Total time for which application threads were stopped: 0.0008612 seconds, Stopping threads took: 0.0004899 seconds
[2022-06-13T03:17:53.446+0000][1][safepoint    ] Application time: 0.0002992 seconds
[2022-06-13T03:17:53.447+0000][1][safepoint    ] Entering safepoint region: RevokeBias
[2022-06-13T03:17:53.447+0000][1][safepoint    ] Leaving safepoint region
[2022-06-13T03:17:53.447+0000][1][safepoint    ] Total time for which application threads were stopped: 0.0004404 seconds, Stopping threads took: 0.0002704 seconds
[2022-06-13T03:17:53.447+0000][1][safepoint    ] Application time: 0.0002967 seconds
[2022-06-13T03:17:53.448+0000][1][safepoint    ] Entering safepoint region: BulkRevokeBias
[2022-06-13T03:17:53.449+0000][1][safepoint    ] Leaving safepoint region
[2022-06-13T03:17:53.449+0000][1][safepoint    ] Total time for which application threads were stopped: 0.0010345 seconds, Stopping threads took: 0.0003939 seconds
[2022-06-13T03:17:54.450+0000][1][safepoint    ] Application time: 1.0003092 seconds
[2022-06-13T03:17:54.450+0000][1][safepoint    ] Entering safepoint region: Cleanup
[2022-06-13T03:17:54.450+0000][1][safepoint    ] Leaving safepoint region
[2022-06-13T03:17:54.451+0000][1][safepoint    ] Total time for which application threads were stopped: 0.0006292 seconds, Stopping threads took: 0.0002833 seconds
[2022-06-13T03:17:55.451+0000][1][safepoint    ] Application time: 1.0002125 seconds
[2022-06-13T03:17:55.452+0000][1][safepoint    ] Entering safepoint region: Cleanup
[2022-06-13T03:17:55.452+0000][1][safepoint    ] Leaving safepoint region
[2022-06-13T03:17:55.453+0000][1][safepoint    ] Total time for which application threads were stopped: 0.0007543 seconds, Stopping threads took: 0.0002800 seconds
[2022-06-13T03:17:56.437+0000][1][safepoint    ] Application time: 0.9837599 seconds
[2022-06-13T03:17:56.437+0000][1][safepoint    ] Entering safepoint region: RevokeBias
[2022-06-13T03:17:56.438+0000][1][safepoint    ] Leaving safepoint region
[2022-06-13T03:17:56.438+0000][1][safepoint    ] Total time for which application threads were stopped: 0.0010560 seconds, Stopping threads took: 0.0005803 seconds
[2022-06-13T03:17:56.440+0000][1][safepoint    ] Application time: 0.0009537 seconds
[2022-06-13T03:17:56.440+0000][1][safepoint    ] Entering safepoint region: RevokeBias
[2022-06-13T03:17:56.441+0000][1][safepoint    ] Leaving safepoint region
[2022-06-13T03:17:56.441+0000][1][safepoint    ] Total time for which application threads were stopped: 0.0009190 seconds, Stopping threads took: 0.0004800 seconds
[2022-06-13T03:17:56.442+0000][1][safepoint    ] Application time: 0.0003277 seconds
[2022-06-13T03:17:56.442+0000][1][safepoint    ] Entering safepoint region: BulkRevokeBias
[2022-06-13T03:17:56.443+0000][1][safepoint    ] Leaving safepoint region
[2022-06-13T03:17:56.444+0000][1][safepoint    ] Total time for which application threads were stopped: 0.0015816 seconds, Stopping threads took: 0.0005174 seconds
[2022-06-13T03:17:57.437+0000][1][safepoint    ] Application time: 0.9931593 seconds
[2022-06-13T03:17:57.438+0000][1][safepoint    ] Entering safepoint region: RevokeBias
[2022-06-13T03:17:57.439+0000][1][safepoint    ] Leaving safepoint region
[2022-06-13T03:17:57.439+0000][1][safepoint    ] Total time for which application threads were stopped: 0.0010876 seconds, Stopping threads took: 0.0005389 seconds
[2022-06-13T03:17:57.440+0000][1][safepoint    ] Application time: 0.0004271 seconds
[2022-06-13T03:17:57.441+0000][1][safepoint    ] Entering safepoint region: RevokeBias
[2022-06-13T03:17:57.441+0000][1][safepoint    ] Leaving safepoint region
[2022-06-13T03:17:57.441+0000][1][safepoint    ] Total time for which application threads were stopped: 0.0011387 seconds, Stopping threads took: 0.0005967 seconds
[2022-06-13T03:17:57.443+0000][1][safepoint    ] Application time: 0.0005952 seconds
[2022-06-13T03:17:57.443+0000][1][safepoint    ] Entering safepoint region: RevokeBias
[2022-06-13T03:17:57.443+0000][1][safepoint    ] Leaving safepoint region
[2022-06-13T03:17:57.444+0000][1][safepoint    ] Total time for which application threads were stopped: 0.0009977 seconds, Stopping threads took: 0.0005411 seconds
[2022-06-13T03:17:57.445+0000][1][safepoint    ] Application time: 0.0004591 seconds
[2022-06-13T03:17:57.445+0000][1][safepoint    ] Entering safepoint region: RevokeBias
[2022-06-13T03:17:57.445+0000][1][safepoint    ] Leaving safepoint region
[2022-06-13T03:17:57.446+0000][1][safepoint    ] Total time for which application threads were stopped: 0.0008294 seconds, Stopping threads took: 0.0003476 seconds
[2022-06-13T03:17:58.446+0000][1][safepoint    ] Application time: 1.0002172 seconds
[2022-06-13T03:17:58.447+0000][1][safepoint    ] Entering safepoint region: Cleanup
[2022-06-13T03:17:58.447+0000][1][safepoint    ] Leaving safepoint region
[2022-06-13T03:17:58.448+0000][1][safepoint    ] Total time for which application threads were stopped: 0.0006483 seconds, Stopping threads took: 0.0003560 seconds
[2022-06-13T03:18:00.437+0000][1][safepoint    ] Application time: 1.9893344 seconds
[2022-06-13T03:18:00.438+0000][1][safepoint    ] Entering safepoint region: RevokeBias
[2022-06-13T03:18:00.439+0000][1][safepoint    ] Leaving safepoint region
[2022-06-13T03:18:00.439+0000][1][safepoint    ] Total time for which application threads were stopped: 0.0012785 seconds, Stopping threads took: 0.0007781 seconds
[2022-06-13T03:18:00.440+0000][1][safepoint    ] Application time: 0.0005188 seconds
[2022-06-13T03:18:00.441+0000][1][safepoint    ] Entering safepoint region: RevokeBias
[2022-06-13T03:18:00.441+0000][1][safepoint    ] Leaving safepoint region
[2022-06-13T03:18:00.442+0000][1][safepoint    ] Total time for which application threads were stopped: 0.0010966 seconds, Stopping threads took: 0.0005357 seconds
[2022-06-13T03:18:01.439+0000][1][safepoint    ] Application time: 0.9962227 seconds
[2022-06-13T03:18:01.439+0000][1][safepoint    ] Entering safepoint region: RevokeBias
[2022-06-13T03:18:01.440+0000][1][safepoint    ] Leaving safepoint region
[2022-06-13T03:18:01.440+0000][1][safepoint    ] Total time for which application threads were stopped: 0.0007030 seconds, Stopping threads took: 0.0004032 seconds
[2022-06-13T03:18:01.441+0000][1][safepoint    ] Application time: 0.0005397 seconds
[2022-06-13T03:18:01.441+0000][1][safepoint    ] Entering safepoint region: RevokeBias
[2022-06-13T03:18:01.441+0000][1][safepoint    ] Leaving safepoint region
[2022-06-13T03:18:01.441+0000][1][safepoint    ] Total time for which application threads were stopped: 0.0004621 seconds, Stopping threads took: 0.0001647 seconds
[2022-06-13T03:18:01.442+0000][1][safepoint    ] Application time: 0.0004395 seconds
[2022-06-13T03:18:01.443+0000][1][safepoint    ] Entering safepoint region: RevokeBias
[2022-06-13T03:18:01.443+0000][1][safepoint    ] Leaving safepoint region
[2022-06-13T03:18:01.443+0000][1][safepoint    ] Total time for which application threads were stopped: 0.0007425 seconds, Stopping threads took: 0.0002925 seconds
[2022-06-13T03:18:01.444+0000][1][safepoint    ] Application time: 0.0002930 seconds
[2022-06-13T03:18:01.444+0000][1][safepoint    ] Entering safepoint region: RevokeBias
[2022-06-13T03:18:01.444+0000][1][safepoint    ] Leaving safepoint region
[2022-06-13T03:18:01.445+0000][1][safepoint    ] Total time for which application threads were stopped: 0.0006438 seconds, Stopping threads took: 0.0002898 seconds
[2022-06-13T03:18:02.445+0000][1][safepoint    ] Application time: 1.0001226 seconds
[2022-06-13T03:18:02.446+0000][1][safepoint    ] Entering safepoint region: Cleanup
[2022-06-13T03:18:02.446+0000][1][safepoint    ] Leaving safepoint region
[2022-06-13T03:18:02.447+0000][1][safepoint    ] Total time for which application threads were stopped: 0.0008609 seconds, Stopping threads took: 0.0004097 seconds
[2022-06-13T03:18:03.447+0000][1][safepoint    ] Application time: 1.0001243 seconds
[2022-06-13T03:18:03.447+0000][1][safepoint    ] Entering safepoint region: Cleanup
[2022-06-13T03:18:03.448+0000][1][safepoint    ] Leaving safepoint region
[2022-06-13T03:18:03.448+0000][1][safepoint    ] Total time for which application threads were stopped: 0.0005661 seconds, Stopping threads took: 0.0002379 seconds
[2022-06-13T03:18:04.440+0000][1][safepoint    ] Application time: 0.9913216 seconds
[2022-06-13T03:18:04.440+0000][1][safepoint    ] Entering safepoint region: RevokeBias
[2022-06-13T03:18:04.441+0000][1][safepoint    ] Leaving safepoint region
[2022-06-13T03:18:04.442+0000][1][safepoint    ] Total time for which application threads were stopped: 0.0012555 seconds, Stopping threads took: 0.0005898 seconds
[2022-06-13T03:18:04.443+0000][1][safepoint    ] Application time: 0.0007603 seconds
[2022-06-13T03:18:04.443+0000][1][safepoint    ] Entering safepoint region: RevokeBias
[2022-06-13T03:18:04.444+0000][1][safepoint    ] Leaving safepoint region
[2022-06-13T03:18:04.445+0000][1][safepoint    ] Total time for which application threads were stopped: 0.0013014 seconds, Stopping threads took: 0.0005626 seconds
[2022-06-13T03:18:05.440+0000][1][safepoint    ] Application time: 0.9952160 seconds
[2022-06-13T03:18:05.441+0000][1][safepoint    ] Entering safepoint region: RevokeBias
[2022-06-13T03:18:05.442+0000][1][safepoint    ] Leaving safepoint region
[2022-06-13T03:18:05.442+0000][1][safepoint    ] Total time for which application threads were stopped: 0.0011326 seconds, Stopping threads took: 0.0006548 seconds
[2022-06-13T03:18:05.443+0000][1][safepoint    ] Application time: 0.0003406 seconds
[2022-06-13T03:18:05.443+0000][1][safepoint    ] Entering safepoint region: RevokeBias
[2022-06-13T03:18:05.443+0000][1][safepoint    ] Leaving safepoint region
[2022-06-13T03:18:05.444+0000][1][safepoint    ] Total time for which application threads were stopped: 0.0007539 seconds, Stopping threads took: 0.0002885 seconds
[2022-06-13T03:18:05.444+0000][1][safepoint    ] Application time: 0.0003010 seconds
[2022-06-13T03:18:05.444+0000][1][safepoint    ] Entering safepoint region: RevokeBias
[2022-06-13T03:18:05.445+0000][1][safepoint    ] Leaving safepoint region
[2022-06-13T03:18:05.445+0000][1][safepoint    ] Total time for which application threads were stopped: 0.0010320 seconds, Stopping threads took: 0.0004436 seconds
[2022-06-13T03:18:05.446+0000][1][safepoint    ] Application time: 0.0001777 seconds
[2022-06-13T03:18:05.446+0000][1][safepoint    ] Entering safepoint region: RevokeBias
[2022-06-13T03:18:05.447+0000][1][safepoint    ] Leaving safepoint region
[2022-06-13T03:18:05.447+0000][1][safepoint    ] Total time for which application threads were stopped: 0.0008102 seconds, Stopping threads took: 0.0004071 seconds
[2022-06-13T03:18:06.450+0000][1][safepoint    ] Application time: 1.0024091 seconds
[2022-06-13T03:18:06.450+0000][1][safepoint    ] Entering safepoint region: Cleanup
[2022-06-13T03:18:06.450+0000][1][safepoint    ] Leaving safepoint region
[2022-06-13T03:18:06.451+0000][1][safepoint    ] Total time for which application threads were stopped: 0.0006629 seconds, Stopping threads took: 0.0003080 seconds
[2022-06-13T03:18:07.451+0000][1][safepoint    ] Application time: 1.0001150 seconds
[2022-06-13T03:18:07.452+0000][1][safepoint    ] Entering safepoint region: Cleanup
[2022-06-13T03:18:07.452+0000][1][safepoint    ] Leaving safepoint region
[2022-06-13T03:18:07.453+0000][1][safepoint    ] Total time for which application threads were stopped: 0.0012256 seconds, Stopping threads took: 0.0006025 seconds
[2022-06-13T03:18:07.542+0000][1][safepoint    ] Application time: 0.0882082 seconds
[2022-06-13T03:18:07.542+0000][1][safepoint    ] Entering safepoint region: RevokeBias
[2022-06-13T03:18:07.543+0000][1][safepoint    ] Leaving safepoint region
[2022-06-13T03:18:07.543+0000][1][safepoint    ] Total time for which application threads were stopped: 0.0009177 seconds, Stopping threads took: 0.0004165 seconds
[2022-06-13T03:18:07.544+0000][1][safepoint    ] Application time: 0.0003077 seconds
[2022-06-13T03:18:07.544+0000][1][safepoint    ] Entering safepoint region: RevokeBias
[2022-06-13T03:18:07.545+0000][1][safepoint    ] Leaving safepoint region
[2022-06-13T03:18:07.545+0000][1][safepoint    ] Total time for which application threads were stopped: 0.0007337 seconds, Stopping threads took: 0.0003424 seconds
[2022-06-13T03:18:08.441+0000][1][safepoint    ] Application time: 0.8955288 seconds
[2022-06-13T03:18:08.441+0000][1][safepoint    ] Entering safepoint region: RevokeBias
[2022-06-13T03:18:08.441+0000][1][safepoint    ] Leaving safepoint region
[2022-06-13T03:18:08.442+0000][1][safepoint    ] Total time for which application threads were stopped: 0.0005408 seconds, Stopping threads took: 0.0002245 seconds
[2022-06-13T03:18:08.442+0000][1][safepoint    ] Application time: 0.0001519 seconds
[2022-06-13T03:18:08.442+0000][1][safepoint    ] Entering safepoint region: RevokeBias
[2022-06-13T03:18:08.442+0000][1][safepoint    ] Leaving safepoint region
[2022-06-13T03:18:08.442+0000][1][safepoint    ] Total time for which application threads were stopped: 0.0004107 seconds, Stopping threads took: 0.0001249 seconds
[2022-06-13T03:18:08.443+0000][1][safepoint    ] Application time: 0.0002366 seconds
[2022-06-13T03:18:08.443+0000][1][safepoint    ] Entering safepoint region: RevokeBias
[2022-06-13T03:18:08.443+0000][1][safepoint    ] Leaving safepoint region
[2022-06-13T03:18:08.443+0000][1][safepoint    ] Total time for which application threads were stopped: 0.0004261 seconds, Stopping threads took: 0.0001473 seconds
[2022-06-13T03:18:09.441+0000][1][safepoint    ] Application time: 0.9976918 seconds
[2022-06-13T03:18:09.442+0000][1][safepoint    ] Entering safepoint region: RevokeBias
[2022-06-13T03:18:09.442+0000][1][safepoint    ] Leaving safepoint region
[2022-06-13T03:18:09.442+0000][1][safepoint    ] Total time for which application threads were stopped: 0.0005399 seconds, Stopping threads took: 0.0002700 seconds
[2022-06-13T03:18:09.443+0000][1][safepoint    ] Application time: 0.0003161 seconds
[2022-06-13T03:18:09.443+0000][1][safepoint    ] Entering safepoint region: RevokeBias
[2022-06-13T03:18:09.443+0000][1][safepoint    ] Leaving safepoint region
[2022-06-13T03:18:09.443+0000][1][safepoint    ] Total time for which application threads were stopped: 0.0003534 seconds, Stopping threads took: 0.0001518 seconds
[2022-06-13T03:18:09.444+0000][1][safepoint    ] Application time: 0.0003639 seconds
[2022-06-13T03:18:09.444+0000][1][safepoint    ] Entering safepoint region: RevokeBias
[2022-06-13T03:18:09.444+0000][1][safepoint    ] Leaving safepoint region
[2022-06-13T03:18:09.444+0000][1][safepoint    ] Total time for which application threads were stopped: 0.0004368 seconds, Stopping threads took: 0.0002098 seconds
[2022-06-13T03:18:10.444+0000][1][safepoint    ] Application time: 1.0001170 seconds
[2022-06-13T03:18:10.445+0000][1][safepoint    ] Entering safepoint region: Cleanup
[2022-06-13T03:18:10.445+0000][1][safepoint    ] Leaving safepoint region
[2022-06-13T03:18:10.445+0000][1][safepoint    ] Total time for which application threads were stopped: 0.0004049 seconds, Stopping threads took: 0.0001590 seconds
[2022-06-13T03:18:12.442+0000][1][safepoint    ] Application time: 1.9963894 seconds
[2022-06-13T03:18:12.442+0000][1][safepoint    ] Entering safepoint region: RevokeBias
[2022-06-13T03:18:12.443+0000][1][safepoint    ] Leaving safepoint region
[2022-06-13T03:18:12.443+0000][1][safepoint    ] Total time for which application threads were stopped: 0.0008396 seconds, Stopping threads took: 0.0004634 seconds
[2022-06-13T03:18:13.443+0000][1][safepoint    ] Application time: 0.9996375 seconds
[2022-06-13T03:18:13.443+0000][1][safepoint    ] Entering safepoint region: RevokeBias
[2022-06-13T03:18:13.444+0000][1][safepoint    ] Leaving safepoint region
[2022-06-13T03:18:13.444+0000][1][safepoint    ] Total time for which application threads were stopped: 0.0012153 seconds, Stopping threads took: 0.0005104 seconds
[2022-06-13T03:18:13.445+0000][1][safepoint    ] Application time: 0.0003598 seconds
[2022-06-13T03:18:13.445+0000][1][safepoint    ] Entering safepoint region: RevokeBias
[2022-06-13T03:18:13.446+0000][1][safepoint    ] Leaving safepoint region
[2022-06-13T03:18:13.446+0000][1][safepoint    ] Total time for which application threads were stopped: 0.0009620 seconds, Stopping threads took: 0.0003162 seconds
[2022-06-13T03:18:13.447+0000][1][safepoint    ] Application time: 0.0004450 seconds
[2022-06-13T03:18:13.447+0000][1][safepoint    ] Entering safepoint region: RevokeBias
[2022-06-13T03:18:13.448+0000][1][safepoint    ] Leaving safepoint region
[2022-06-13T03:18:13.448+0000][1][safepoint    ] Total time for which application threads were stopped: 0.0010118 seconds, Stopping threads took: 0.0003686 seconds
[2022-06-13T03:18:14.448+0000][1][safepoint    ] Application time: 1.0001254 seconds
[2022-06-13T03:18:14.449+0000][1][safepoint    ] Entering safepoint region: Cleanup
[2022-06-13T03:18:14.449+0000][1][safepoint    ] Leaving safepoint region
[2022-06-13T03:18:14.449+0000][1][safepoint    ] Total time for which application threads were stopped: 0.0004228 seconds, Stopping threads took: 0.0001709 seconds
[2022-06-13T03:18:16.444+0000][1][safepoint    ] Application time: 1.9948626 seconds
[2022-06-13T03:18:16.445+0000][1][safepoint    ] Entering safepoint region: RevokeBias
[2022-06-13T03:18:16.445+0000][1][safepoint    ] Leaving safepoint region
[2022-06-13T03:18:16.445+0000][1][safepoint    ] Total time for which application threads were stopped: 0.0009076 seconds, Stopping threads took: 0.0003837 seconds
[2022-06-13T03:18:16.446+0000][1][safepoint    ] Application time: 0.0005758 seconds
[2022-06-13T03:18:16.447+0000][1][safepoint    ] Entering safepoint region: BulkRevokeBias
[2022-06-13T03:18:16.448+0000][1][safepoint    ] Leaving safepoint region
[2022-06-13T03:18:16.448+0000][1][safepoint    ] Total time for which application threads were stopped: 0.0012543 seconds, Stopping threads took: 0.0004537 seconds
[2022-06-13T03:18:17.449+0000][1][safepoint    ] Application time: 1.0001359 seconds
[2022-06-13T03:18:17.449+0000][1][safepoint    ] Entering safepoint region: Cleanup
[2022-06-13T03:18:17.449+0000][1][safepoint    ] Leaving safepoint region
[2022-06-13T03:18:17.450+0000][1][safepoint    ] Total time for which application threads were stopped: 0.0006158 seconds, Stopping threads took: 0.0003096 seconds
[2022-06-13T03:18:18.450+0000][1][safepoint    ] Application time: 1.0001886 seconds
[2022-06-13T03:18:18.451+0000][1][safepoint    ] Entering safepoint region: Cleanup
[2022-06-13T03:18:18.451+0000][1][safepoint    ] Leaving safepoint region
[2022-06-13T03:18:18.452+0000][1][safepoint    ] Total time for which application threads were stopped: 0.0013420 seconds, Stopping threads took: 0.0005401 seconds
[2022-06-13T03:18:19.453+0000][1][safepoint    ] Application time: 1.0001280 seconds
[2022-06-13T03:18:19.453+0000][1][safepoint    ] Entering safepoint region: Cleanup
[2022-06-13T03:18:19.453+0000][1][safepoint    ] Leaving safepoint region
[2022-06-13T03:18:19.453+0000][1][safepoint    ] Total time for which application threads were stopped: 0.0004083 seconds, Stopping threads took: 0.0001942 seconds
[2022-06-13T03:18:20.445+0000][1][safepoint    ] Application time: 0.9918714 seconds
[2022-06-13T03:18:20.446+0000][1][safepoint    ] Entering safepoint region: RevokeBias
[2022-06-13T03:18:20.447+0000][1][safepoint    ] Leaving safepoint region
[2022-06-13T03:18:20.447+0000][1][safepoint    ] Total time for which application threads were stopped: 0.0011507 seconds, Stopping threads took: 0.0006057 seconds
[2022-06-13T03:18:21.448+0000][1][safepoint    ] Application time: 1.0003009 seconds
[2022-06-13T03:18:21.448+0000][1][safepoint    ] Entering safepoint region: Cleanup
[2022-06-13T03:18:21.449+0000][1][safepoint    ] Leaving safepoint region
[2022-06-13T03:18:21.449+0000][1][safepoint    ] Total time for which application threads were stopped: 0.0010844 seconds, Stopping threads took: 0.0004899 seconds
[2022-06-13T03:18:22.450+0000][1][safepoint    ] Application time: 1.0003079 seconds
[2022-06-13T03:18:22.451+0000][1][safepoint    ] Entering safepoint region: Cleanup
[2022-06-13T03:18:22.452+0000][1][safepoint    ] Leaving safepoint region
[2022-06-13T03:18:22.452+0000][1][safepoint    ] Total time for which application threads were stopped: 0.0011657 seconds, Stopping threads took: 0.0006979 seconds
[2022-06-13T03:18:23.453+0000][1][safepoint    ] Application time: 1.0001878 seconds
[2022-06-13T03:18:23.454+0000][1][safepoint    ] Entering safepoint region: Cleanup
[2022-06-13T03:18:23.454+0000][1][safepoint    ] Leaving safepoint region
[2022-06-13T03:18:23.454+0000][1][safepoint    ] Total time for which application threads were stopped: 0.0009752 seconds, Stopping threads took: 0.0005131 seconds
[2022-06-13T03:18:24.455+0000][1][safepoint    ] Application time: 1.0001791 seconds
[2022-06-13T03:18:24.455+0000][1][safepoint    ] Entering safepoint region: Cleanup
[2022-06-13T03:18:24.456+0000][1][safepoint    ] Leaving safepoint region
[2022-06-13T03:18:24.456+0000][1][safepoint    ] Total time for which application threads were stopped: 0.0007466 seconds, Stopping threads took: 0.0003620 seconds
[2022-06-13T03:18:25.457+0000][1][safepoint    ] Application time: 1.0001603 seconds
[2022-06-13T03:18:25.457+0000][1][safepoint    ] Entering safepoint region: Cleanup
[2022-06-13T03:18:25.457+0000][1][safepoint    ] Leaving safepoint region
[2022-06-13T03:18:25.458+0000][1][safepoint    ] Total time for which application threads were stopped: 0.0007487 seconds, Stopping threads took: 0.0003169 seconds
[2022-06-13T03:18:26.458+0000][1][safepoint    ] Application time: 1.0000969 seconds
[2022-06-13T03:18:26.459+0000][1][safepoint    ] Entering safepoint region: Cleanup
[2022-06-13T03:18:26.459+0000][1][safepoint    ] Leaving safepoint region
[2022-06-13T03:18:26.459+0000][1][safepoint    ] Total time for which application threads were stopped: 0.0007579 seconds, Stopping threads took: 0.0002802 seconds
[2022-06-13T03:18:27.460+0000][1][safepoint    ] Application time: 1.0001920 seconds
[2022-06-13T03:18:27.460+0000][1][safepoint    ] Entering safepoint region: Cleanup
[2022-06-13T03:18:27.461+0000][1][safepoint    ] Leaving safepoint region
[2022-06-13T03:18:27.461+0000][1][safepoint    ] Total time for which application threads were stopped: 0.0005466 seconds, Stopping threads took: 0.0003361 seconds
[2022-06-13T03:18:28.461+0000][1][safepoint    ] Application time: 1.0001100 seconds
[2022-06-13T03:18:28.461+0000][1][safepoint    ] Entering safepoint region: Cleanup
[2022-06-13T03:18:28.462+0000][1][safepoint    ] Leaving safepoint region
[2022-06-13T03:18:28.462+0000][1][safepoint    ] Total time for which application threads were stopped: 0.0006180 seconds, Stopping threads took: 0.0002090 seconds
[2022-06-13T03:18:29.086+0000][1][safepoint    ] Application time: 0.6242345 seconds
[2022-06-13T03:18:29.087+0000][1][safepoint    ] Entering safepoint region: RevokeBias
[2022-06-13T03:18:29.088+0000][1][safepoint    ] Leaving safepoint region
[2022-06-13T03:18:29.088+0000][1][safepoint    ] Total time for which application threads were stopped: 0.0010951 seconds, Stopping threads took: 0.0004813 seconds
[2022-06-13T03:18:30.089+0000][1][safepoint    ] Application time: 1.0003167 seconds
[2022-06-13T03:18:30.089+0000][1][safepoint    ] Entering safepoint region: Cleanup
[2022-06-13T03:18:30.090+0000][1][safepoint    ] Leaving safepoint region
[2022-06-13T03:18:30.090+0000][1][safepoint    ] Total time for which application threads were stopped: 0.0009831 seconds, Stopping threads took: 0.0005813 seconds
[2022-06-13T03:18:31.091+0000][1][safepoint    ] Application time: 1.0001804 seconds
[2022-06-13T03:18:31.092+0000][1][safepoint    ] Entering safepoint region: Cleanup
[2022-06-13T03:18:31.092+0000][1][safepoint    ] Leaving safepoint region
[2022-06-13T03:18:31.092+0000][1][safepoint    ] Total time for which application threads were stopped: 0.0007757 seconds, Stopping threads took: 0.0002869 seconds
[2022-06-13T03:18:32.093+0000][1][safepoint    ] Application time: 1.0001722 seconds
[2022-06-13T03:18:32.093+0000][1][safepoint    ] Entering safepoint region: Cleanup
[2022-06-13T03:18:32.094+0000][1][safepoint    ] Leaving safepoint region
[2022-06-13T03:18:32.095+0000][1][safepoint    ] Total time for which application threads were stopped: 0.0012985 seconds, Stopping threads took: 0.0006861 seconds
[2022-06-13T03:18:35.095+0000][1][safepoint    ] Application time: 3.0004991 seconds
[2022-06-13T03:18:35.096+0000][1][safepoint    ] Entering safepoint region: Cleanup
[2022-06-13T03:18:35.097+0000][1][safepoint    ] Leaving safepoint region
[2022-06-13T03:18:35.097+0000][1][safepoint    ] Total time for which application threads were stopped: 0.0011206 seconds, Stopping threads took: 0.0004791 seconds
[2022-06-13T03:18:36.098+0000][1][safepoint    ] Application time: 1.0002320 seconds
[2022-06-13T03:18:36.099+0000][1][safepoint    ] Entering safepoint region: Cleanup
[2022-06-13T03:18:36.099+0000][1][safepoint    ] Leaving safepoint region
[2022-06-13T03:18:36.100+0000][1][safepoint    ] Total time for which application threads were stopped: 0.0008940 seconds, Stopping threads took: 0.0004423 seconds
[2022-06-13T03:18:37.100+0000][1][safepoint    ] Application time: 1.0001910 seconds
[2022-06-13T03:18:37.101+0000][1][safepoint    ] Entering safepoint region: Cleanup
[2022-06-13T03:18:37.101+0000][1][safepoint    ] Leaving safepoint region
[2022-06-13T03:18:37.101+0000][1][safepoint    ] Total time for which application threads were stopped: 0.0005399 seconds, Stopping threads took: 0.0002490 seconds
[2022-06-13T03:18:38.101+0000][1][safepoint    ] Application time: 1.0001569 seconds
[2022-06-13T03:18:38.102+0000][1][safepoint    ] Entering safepoint region: Cleanup
[2022-06-13T03:18:38.102+0000][1][safepoint    ] Leaving safepoint region
[2022-06-13T03:18:38.102+0000][1][safepoint    ] Total time for which application threads were stopped: 0.0006526 seconds, Stopping threads took: 0.0001484 seconds
[2022-06-13T03:18:39.103+0000][1][safepoint    ] Application time: 1.0001265 seconds
[2022-06-13T03:18:39.103+0000][1][safepoint    ] Entering safepoint region: Cleanup
[2022-06-13T03:18:39.104+0000][1][safepoint    ] Leaving safepoint region
[2022-06-13T03:18:39.104+0000][1][safepoint    ] Total time for which application threads were stopped: 0.0010152 seconds, Stopping threads took: 0.0003969 seconds
[2022-06-13T03:18:40.105+0000][1][safepoint    ] Application time: 1.0001889 seconds
[2022-06-13T03:18:40.106+0000][1][safepoint    ] Entering safepoint region: Cleanup
[2022-06-13T03:18:40.106+0000][1][safepoint    ] Leaving safepoint region
[2022-06-13T03:18:40.106+0000][1][safepoint    ] Total time for which application threads were stopped: 0.0009162 seconds, Stopping threads took: 0.0004405 seconds
[2022-06-13T03:18:41.107+0000][1][safepoint    ] Application time: 1.0001506 seconds
[2022-06-13T03:18:41.107+0000][1][safepoint    ] Entering safepoint region: Cleanup
[2022-06-13T03:18:41.108+0000][1][safepoint    ] Leaving safepoint region
[2022-06-13T03:18:41.108+0000][1][safepoint    ] Total time for which application threads were stopped: 0.0003974 seconds, Stopping threads took: 0.0001707 seconds
[2022-06-13T03:18:42.108+0000][1][safepoint    ] Application time: 1.0001875 seconds
[2022-06-13T03:18:42.109+0000][1][safepoint    ] Entering safepoint region: Cleanup
[2022-06-13T03:18:42.109+0000][1][safepoint    ] Leaving safepoint region
[2022-06-13T03:18:42.110+0000][1][safepoint    ] Total time for which application threads were stopped: 0.0011320 seconds, Stopping threads took: 0.0005306 seconds
[2022-06-13T03:18:43.110+0000][1][safepoint    ] Application time: 1.0001373 seconds
[2022-06-13T03:18:43.111+0000][1][safepoint    ] Entering safepoint region: Cleanup
[2022-06-13T03:18:43.111+0000][1][safepoint    ] Leaving safepoint region
[2022-06-13T03:18:43.112+0000][1][safepoint    ] Total time for which application threads were stopped: 0.0009229 seconds, Stopping threads took: 0.0003931 seconds
[2022-06-13T03:18:44.112+0000][1][safepoint    ] Application time: 1.0001549 seconds
[2022-06-13T03:18:44.113+0000][1][safepoint    ] Entering safepoint region: Cleanup
[2022-06-13T03:18:44.113+0000][1][safepoint    ] Leaving safepoint region
[2022-06-13T03:18:44.114+0000][1][safepoint    ] Total time for which application threads were stopped: 0.0008603 seconds, Stopping threads took: 0.0004051 seconds
[2022-06-13T03:18:45.114+0000][1][safepoint    ] Application time: 1.0001869 seconds
[2022-06-13T03:18:45.115+0000][1][safepoint    ] Entering safepoint region: Cleanup
[2022-06-13T03:18:45.115+0000][1][safepoint    ] Leaving safepoint region
[2022-06-13T03:18:45.116+0000][1][safepoint    ] Total time for which application threads were stopped: 0.0007333 seconds, Stopping threads took: 0.0002994 seconds
[2022-06-13T03:18:46.116+0000][1][safepoint    ] Application time: 1.0001894 seconds
[2022-06-13T03:18:46.117+0000][1][safepoint    ] Entering safepoint region: Cleanup
[2022-06-13T03:18:46.117+0000][1][safepoint    ] Leaving safepoint region
[2022-06-13T03:18:46.117+0000][1][safepoint    ] Total time for which application threads were stopped: 0.0006793 seconds, Stopping threads took: 0.0003701 seconds
[2022-06-13T03:18:47.118+0000][1][safepoint    ] Application time: 1.0002416 seconds
[2022-06-13T03:18:47.118+0000][1][safepoint    ] Entering safepoint region: Cleanup
[2022-06-13T03:18:47.119+0000][1][safepoint    ] Leaving safepoint region
[2022-06-13T03:18:47.119+0000][1][safepoint    ] Total time for which application threads were stopped: 0.0007345 seconds, Stopping threads took: 0.0003804 seconds
[2022-06-13T03:18:48.120+0000][1][safepoint    ] Application time: 1.0001128 seconds
[2022-06-13T03:18:48.120+0000][1][safepoint    ] Entering safepoint region: Cleanup
[2022-06-13T03:18:48.120+0000][1][safepoint    ] Leaving safepoint region
[2022-06-13T03:18:48.121+0000][1][safepoint    ] Total time for which application threads were stopped: 0.0007040 seconds, Stopping threads took: 0.0003083 seconds
[2022-06-13T03:18:51.122+0000][1][safepoint    ] Application time: 3.0005484 seconds
[2022-06-13T03:18:51.122+0000][1][safepoint    ] Entering safepoint region: Cleanup
[2022-06-13T03:18:51.123+0000][1][safepoint    ] Leaving safepoint region
[2022-06-13T03:18:51.123+0000][1][safepoint    ] Total time for which application threads were stopped: 0.0007470 seconds, Stopping threads took: 0.0003281 seconds
[2022-06-13T03:18:52.123+0000][1][safepoint    ] Application time: 1.0001762 seconds
[2022-06-13T03:18:52.124+0000][1][safepoint    ] Entering safepoint region: Cleanup
[2022-06-13T03:18:52.124+0000][1][safepoint    ] Leaving safepoint region
[2022-06-13T03:18:52.125+0000][1][safepoint    ] Total time for which application threads were stopped: 0.0007791 seconds, Stopping threads took: 0.0003801 seconds
[2022-06-13T03:18:53.125+0000][1][safepoint    ] Application time: 1.0002414 seconds
[2022-06-13T03:18:53.126+0000][1][safepoint    ] Entering safepoint region: Cleanup
[2022-06-13T03:18:53.126+0000][1][safepoint    ] Leaving safepoint region
[2022-06-13T03:18:53.127+0000][1][safepoint    ] Total time for which application threads were stopped: 0.0010407 seconds, Stopping threads took: 0.0004926 seconds
[2022-06-13T03:18:56.128+0000][1][safepoint    ] Application time: 3.0006534 seconds
[2022-06-13T03:18:56.129+0000][1][safepoint    ] Entering safepoint region: Cleanup
[2022-06-13T03:18:56.129+0000][1][safepoint    ] Leaving safepoint region
[2022-06-13T03:18:56.129+0000][1][safepoint    ] Total time for which application threads were stopped: 0.0005602 seconds, Stopping threads took: 0.0002405 seconds
[2022-06-13T03:18:57.130+0000][1][safepoint    ] Application time: 1.0001989 seconds
[2022-06-13T03:18:57.130+0000][1][safepoint    ] Entering safepoint region: Cleanup
[2022-06-13T03:18:57.131+0000][1][safepoint    ] Leaving safepoint region
[2022-06-13T03:18:57.131+0000][1][safepoint    ] Total time for which application threads were stopped: 0.0008972 seconds, Stopping threads took: 0.0004035 seconds
[2022-06-13T03:18:58.132+0000][1][safepoint    ] Application time: 1.0002106 seconds
[2022-06-13T03:18:58.133+0000][1][safepoint    ] Entering safepoint region: Cleanup
[2022-06-13T03:18:58.133+0000][1][safepoint    ] Leaving safepoint region
[2022-06-13T03:18:58.134+0000][1][safepoint    ] Total time for which application threads were stopped: 0.0015966 seconds, Stopping threads took: 0.0006218 seconds
[2022-06-13T03:18:59.135+0000][1][safepoint    ] Application time: 1.0002145 seconds
[2022-06-13T03:18:59.135+0000][1][safepoint    ] Entering safepoint region: Cleanup
[2022-06-13T03:18:59.136+0000][1][safepoint    ] Leaving safepoint region
[2022-06-13T03:18:59.136+0000][1][safepoint    ] Total time for which application threads were stopped: 0.0006210 seconds, Stopping threads took: 0.0003195 seconds
[2022-06-13T03:19:00.136+0000][1][safepoint    ] Application time: 1.0001196 seconds
[2022-06-13T03:19:00.137+0000][1][safepoint    ] Entering safepoint region: Cleanup
[2022-06-13T03:19:00.137+0000][1][safepoint    ] Leaving safepoint region
[2022-06-13T03:19:00.137+0000][1][safepoint    ] Total time for which application threads were stopped: 0.0005304 seconds, Stopping threads took: 0.0002692 seconds
[2022-06-13T03:19:01.138+0000][1][safepoint    ] Application time: 1.0003218 seconds
[2022-06-13T03:19:01.138+0000][1][safepoint    ] Entering safepoint region: Cleanup
[2022-06-13T03:19:01.139+0000][1][safepoint    ] Leaving safepoint region
[2022-06-13T03:19:01.139+0000][1][safepoint    ] Total time for which application threads were stopped: 0.0008612 seconds, Stopping threads took: 0.0004092 seconds
[2022-06-13T03:19:02.140+0000][1][safepoint    ] Application time: 1.0002023 seconds
[2022-06-13T03:19:02.140+0000][1][safepoint    ] Entering safepoint region: Cleanup
[2022-06-13T03:19:02.141+0000][1][safepoint    ] Leaving safepoint region
[2022-06-13T03:19:02.141+0000][1][safepoint    ] Total time for which application threads were stopped: 0.0010745 seconds, Stopping threads took: 0.0004722 seconds
[2022-06-13T03:19:03.142+0000][1][safepoint    ] Application time: 1.0001118 seconds
[2022-06-13T03:19:03.142+0000][1][safepoint    ] Entering safepoint region: Cleanup
[2022-06-13T03:19:03.143+0000][1][safepoint    ] Leaving safepoint region
[2022-06-13T03:19:03.143+0000][1][safepoint    ] Total time for which application threads were stopped: 0.0006962 seconds, Stopping threads took: 0.0002420 seconds
[2022-06-13T03:19:04.143+0000][1][safepoint    ] Application time: 1.0001339 seconds
[2022-06-13T03:19:04.144+0000][1][safepoint    ] Entering safepoint region: Cleanup
[2022-06-13T03:19:04.144+0000][1][safepoint    ] Leaving safepoint region
[2022-06-13T03:19:04.144+0000][1][safepoint    ] Total time for which application threads were stopped: 0.0004980 seconds, Stopping threads took: 0.0002522 seconds
[2022-06-13T03:19:05.145+0000][1][safepoint    ] Application time: 1.0004193 seconds
[2022-06-13T03:19:05.145+0000][1][safepoint    ] Entering safepoint region: Cleanup
[2022-06-13T03:19:05.146+0000][1][safepoint    ] Leaving safepoint region
[2022-06-13T03:19:05.146+0000][1][safepoint    ] Total time for which application threads were stopped: 0.0008786 seconds, Stopping threads took: 0.0004083 seconds
[2022-06-13T03:19:06.147+0000][1][safepoint    ] Application time: 1.0002482 seconds
[2022-06-13T03:19:06.147+0000][1][safepoint    ] Entering safepoint region: Cleanup
[2022-06-13T03:19:06.147+0000][1][safepoint    ] Leaving safepoint region
[2022-06-13T03:19:06.147+0000][1][safepoint    ] Total time for which application threads were stopped: 0.0003161 seconds, Stopping threads took: 0.0001380 seconds
[2022-06-13T03:19:07.148+0000][1][safepoint    ] Application time: 1.0002108 seconds
[2022-06-13T03:19:07.148+0000][1][safepoint    ] Entering safepoint region: Cleanup
[2022-06-13T03:19:07.148+0000][1][safepoint    ] Leaving safepoint region
[2022-06-13T03:19:07.149+0000][1][safepoint    ] Total time for which application threads were stopped: 0.0007362 seconds, Stopping threads took: 0.0003315 seconds
[2022-06-13T03:19:08.149+0000][1][safepoint    ] Application time: 1.0002682 seconds
[2022-06-13T03:19:08.150+0000][1][safepoint    ] Entering safepoint region: Cleanup
[2022-06-13T03:19:08.150+0000][1][safepoint    ] Leaving safepoint region
[2022-06-13T03:19:08.151+0000][1][safepoint    ] Total time for which application threads were stopped: 0.0008228 seconds, Stopping threads took: 0.0003765 seconds
[2022-06-13T03:19:09.151+0000][1][safepoint    ] Application time: 1.0001505 seconds
[2022-06-13T03:19:09.152+0000][1][safepoint    ] Entering safepoint region: Cleanup
[2022-06-13T03:19:09.152+0000][1][safepoint    ] Leaving safepoint region
[2022-06-13T03:19:09.152+0000][1][safepoint    ] Total time for which application threads were stopped: 0.0007171 seconds, Stopping threads took: 0.0003272 seconds
[2022-06-13T03:19:10.153+0000][1][safepoint    ] Application time: 1.0001643 seconds
[2022-06-13T03:19:10.153+0000][1][safepoint    ] Entering safepoint region: Cleanup
[2022-06-13T03:19:10.154+0000][1][safepoint    ] Leaving safepoint region
[2022-06-13T03:19:10.154+0000][1][safepoint    ] Total time for which application threads were stopped: 0.0008033 seconds, Stopping threads took: 0.0003794 seconds
[2022-06-13T03:19:11.154+0000][1][safepoint    ] Application time: 1.0001346 seconds
[2022-06-13T03:19:11.155+0000][1][safepoint    ] Entering safepoint region: Cleanup
[2022-06-13T03:19:11.155+0000][1][safepoint    ] Leaving safepoint region
[2022-06-13T03:19:11.155+0000][1][safepoint    ] Total time for which application threads were stopped: 0.0005066 seconds, Stopping threads took: 0.0002464 seconds
[2022-06-13T03:19:12.156+0000][1][safepoint    ] Application time: 1.0002839 seconds
[2022-06-13T03:19:12.156+0000][1][safepoint    ] Entering safepoint region: Cleanup
[2022-06-13T03:19:12.157+0000][1][safepoint    ] Leaving safepoint region
[2022-06-13T03:19:12.158+0000][1][safepoint    ] Total time for which application threads were stopped: 0.0013140 seconds, Stopping threads took: 0.0005178 seconds
[2022-06-13T03:19:13.158+0000][1][safepoint    ] Application time: 1.0001536 seconds
[2022-06-13T03:19:13.159+0000][1][safepoint    ] Entering safepoint region: Cleanup
[2022-06-13T03:19:13.159+0000][1][safepoint    ] Leaving safepoint region
[2022-06-13T03:19:13.160+0000][1][safepoint    ] Total time for which application threads were stopped: 0.0008311 seconds, Stopping threads took: 0.0003770 seconds
[2022-06-13T03:19:14.160+0000][1][safepoint    ] Application time: 1.0002698 seconds
[2022-06-13T03:19:14.161+0000][1][safepoint    ] Entering safepoint region: Cleanup
[2022-06-13T03:19:14.161+0000][1][safepoint    ] Leaving safepoint region
[2022-06-13T03:19:14.161+0000][1][safepoint    ] Total time for which application threads were stopped: 0.0003353 seconds, Stopping threads took: 0.0001329 seconds
[2022-06-13T03:19:15.161+0000][1][safepoint    ] Application time: 1.0002888 seconds
[2022-06-13T03:19:15.162+0000][1][safepoint    ] Entering safepoint region: Cleanup
[2022-06-13T03:19:15.163+0000][1][safepoint    ] Leaving safepoint region
[2022-06-13T03:19:15.163+0000][1][safepoint    ] Total time for which application threads were stopped: 0.0011504 seconds, Stopping threads took: 0.0005107 seconds
[2022-06-13T03:19:16.164+0000][1][safepoint    ] Application time: 1.0001526 seconds
[2022-06-13T03:19:16.164+0000][1][safepoint    ] Entering safepoint region: Cleanup
[2022-06-13T03:19:16.165+0000][1][safepoint    ] Leaving safepoint region
[2022-06-13T03:19:16.165+0000][1][safepoint    ] Total time for which application threads were stopped: 0.0009621 seconds, Stopping threads took: 0.0004416 seconds
[2022-06-13T03:19:17.166+0000][1][safepoint    ] Application time: 1.0001813 seconds
[2022-06-13T03:19:17.166+0000][1][safepoint    ] Entering safepoint region: Cleanup
[2022-06-13T03:19:17.167+0000][1][safepoint    ] Leaving safepoint region
[2022-06-13T03:19:17.167+0000][1][safepoint    ] Total time for which application threads were stopped: 0.0009064 seconds, Stopping threads took: 0.0003967 seconds
[2022-06-13T03:19:18.168+0000][1][safepoint    ] Application time: 1.0003088 seconds
[2022-06-13T03:19:18.169+0000][1][safepoint    ] Entering safepoint region: Cleanup
[2022-06-13T03:19:18.169+0000][1][safepoint    ] Leaving safepoint region
[2022-06-13T03:19:18.169+0000][1][safepoint    ] Total time for which application threads were stopped: 0.0008200 seconds, Stopping threads took: 0.0003844 seconds
[2022-06-13T03:19:19.170+0000][1][safepoint    ] Application time: 1.0002748 seconds
[2022-06-13T03:19:19.171+0000][1][safepoint    ] Entering safepoint region: Cleanup
[2022-06-13T03:19:19.171+0000][1][safepoint    ] Leaving safepoint region
[2022-06-13T03:19:19.171+0000][1][safepoint    ] Total time for which application threads were stopped: 0.0008104 seconds, Stopping threads took: 0.0003958 seconds
[2022-06-13T03:19:20.172+0000][1][safepoint    ] Application time: 1.0002091 seconds
[2022-06-13T03:19:20.172+0000][1][safepoint    ] Entering safepoint region: Cleanup
[2022-06-13T03:19:20.173+0000][1][safepoint    ] Leaving safepoint region
[2022-06-13T03:19:20.173+0000][1][safepoint    ] Total time for which application threads were stopped: 0.0006845 seconds, Stopping threads took: 0.0002409 seconds
[2022-06-13T03:19:21.173+0000][1][safepoint    ] Application time: 1.0001710 seconds
[2022-06-13T03:19:21.174+0000][1][safepoint    ] Entering safepoint region: Cleanup
[2022-06-13T03:19:21.174+0000][1][safepoint    ] Leaving safepoint region
[2022-06-13T03:19:21.175+0000][1][safepoint    ] Total time for which application threads were stopped: 0.0009747 seconds, Stopping threads took: 0.0005111 seconds
[2022-06-13T03:19:22.175+0000][1][safepoint    ] Application time: 1.0001838 seconds
[2022-06-13T03:19:22.176+0000][1][safepoint    ] Entering safepoint region: Cleanup
[2022-06-13T03:19:22.176+0000][1][safepoint    ] Leaving safepoint region
[2022-06-13T03:19:22.177+0000][1][safepoint    ] Total time for which application threads were stopped: 0.0009534 seconds, Stopping threads took: 0.0004396 seconds
[2022-06-13T03:19:23.177+0000][1][safepoint    ] Application time: 1.0003504 seconds
[2022-06-13T03:19:23.178+0000][1][safepoint    ] Entering safepoint region: Cleanup
[2022-06-13T03:19:23.179+0000][1][safepoint    ] Leaving safepoint region
[2022-06-13T03:19:23.179+0000][1][safepoint    ] Total time for which application threads were stopped: 0.0012557 seconds, Stopping threads took: 0.0005745 seconds
[2022-06-13T03:19:24.180+0000][1][safepoint    ] Application time: 1.0001964 seconds
[2022-06-13T03:19:24.181+0000][1][safepoint    ] Entering safepoint region: Cleanup
[2022-06-13T03:19:24.181+0000][1][safepoint    ] Leaving safepoint region
[2022-06-13T03:19:24.182+0000][1][safepoint    ] Total time for which application threads were stopped: 0.0009130 seconds, Stopping threads took: 0.0004327 seconds
[2022-06-13T03:19:25.182+0000][1][safepoint    ] Application time: 1.0002253 seconds
[2022-06-13T03:19:25.183+0000][1][safepoint    ] Entering safepoint region: Cleanup
[2022-06-13T03:19:25.183+0000][1][safepoint    ] Leaving safepoint region
[2022-06-13T03:19:25.183+0000][1][safepoint    ] Total time for which application threads were stopped: 0.0006829 seconds, Stopping threads took: 0.0003233 seconds
[2022-06-13T03:19:26.184+0000][1][safepoint    ] Application time: 1.0001829 seconds
[2022-06-13T03:19:26.184+0000][1][safepoint    ] Entering safepoint region: Cleanup
[2022-06-13T03:19:26.185+0000][1][safepoint    ] Leaving safepoint region
[2022-06-13T03:19:26.185+0000][1][safepoint    ] Total time for which application threads were stopped: 0.0006720 seconds, Stopping threads took: 0.0002966 seconds
[2022-06-13T03:19:27.185+0000][1][safepoint    ] Application time: 1.0002004 seconds
[2022-06-13T03:19:27.186+0000][1][safepoint    ] Entering safepoint region: Cleanup
[2022-06-13T03:19:27.186+0000][1][safepoint    ] Leaving safepoint region
[2022-06-13T03:19:27.187+0000][1][safepoint    ] Total time for which application threads were stopped: 0.0008658 seconds, Stopping threads took: 0.0003920 seconds
[2022-06-13T03:19:28.187+0000][1][safepoint    ] Application time: 1.0002629 seconds
[2022-06-13T03:19:28.188+0000][1][safepoint    ] Entering safepoint region: Cleanup
[2022-06-13T03:19:28.189+0000][1][safepoint    ] Leaving safepoint region
[2022-06-13T03:19:28.189+0000][1][safepoint    ] Total time for which application threads were stopped: 0.0010821 seconds, Stopping threads took: 0.0004736 seconds
[2022-06-13T03:19:29.190+0000][1][safepoint    ] Application time: 1.0002050 seconds
[2022-06-13T03:19:29.191+0000][1][safepoint    ] Entering safepoint region: Cleanup
[2022-06-13T03:19:29.191+0000][1][safepoint    ] Leaving safepoint region
[2022-06-13T03:19:29.192+0000][1][safepoint    ] Total time for which application threads were stopped: 0.0010913 seconds, Stopping threads took: 0.0004724 seconds
[2022-06-13T03:19:30.193+0000][1][safepoint    ] Application time: 1.0003198 seconds
[2022-06-13T03:19:30.193+0000][1][safepoint    ] Entering safepoint region: Cleanup
[2022-06-13T03:19:30.194+0000][1][safepoint    ] Leaving safepoint region
[2022-06-13T03:19:30.194+0000][1][safepoint    ] Total time for which application threads were stopped: 0.0008514 seconds, Stopping threads took: 0.0003517 seconds
[2022-06-13T03:19:31.195+0000][1][safepoint    ] Application time: 1.0002659 seconds
[2022-06-13T03:19:31.195+0000][1][safepoint    ] Entering safepoint region: Cleanup
[2022-06-13T03:19:31.196+0000][1][safepoint    ] Leaving safepoint region
[2022-06-13T03:19:31.196+0000][1][safepoint    ] Total time for which application threads were stopped: 0.0008465 seconds, Stopping threads took: 0.0003813 seconds
[2022-06-13T03:19:32.197+0000][1][safepoint    ] Application time: 1.0001664 seconds
[2022-06-13T03:19:32.197+0000][1][safepoint    ] Entering safepoint region: Cleanup
[2022-06-13T03:19:32.198+0000][1][safepoint    ] Leaving safepoint region
[2022-06-13T03:19:32.198+0000][1][safepoint    ] Total time for which application threads were stopped: 0.0011453 seconds, Stopping threads took: 0.0005224 seconds
[2022-06-13T03:19:33.199+0000][1][safepoint    ] Application time: 1.0002660 seconds
[2022-06-13T03:19:33.200+0000][1][safepoint    ] Entering safepoint region: Cleanup
[2022-06-13T03:19:33.200+0000][1][safepoint    ] Leaving safepoint region
[2022-06-13T03:19:33.201+0000][1][safepoint    ] Total time for which application threads were stopped: 0.0007016 seconds, Stopping threads took: 0.0003846 seconds
[2022-06-13T03:19:34.201+0000][1][safepoint    ] Application time: 1.0003005 seconds
[2022-06-13T03:19:34.202+0000][1][safepoint    ] Entering safepoint region: Cleanup
[2022-06-13T03:19:34.202+0000][1][safepoint    ] Leaving safepoint region
[2022-06-13T03:19:34.202+0000][1][safepoint    ] Total time for which application threads were stopped: 0.0007030 seconds, Stopping threads took: 0.0003308 seconds
[2022-06-13T03:19:35.203+0000][1][safepoint    ] Application time: 1.0001980 seconds
[2022-06-13T03:19:35.204+0000][1][safepoint    ] Entering safepoint region: Cleanup
[2022-06-13T03:19:35.204+0000][1][safepoint    ] Leaving safepoint region
[2022-06-13T03:19:35.204+0000][1][safepoint    ] Total time for which application threads were stopped: 0.0009482 seconds, Stopping threads took: 0.0004219 seconds
[2022-06-13T03:19:36.205+0000][1][safepoint    ] Application time: 1.0001214 seconds
[2022-06-13T03:19:36.205+0000][1][safepoint    ] Entering safepoint region: Cleanup
[2022-06-13T03:19:36.206+0000][1][safepoint    ] Leaving safepoint region
[2022-06-13T03:19:36.206+0000][1][safepoint    ] Total time for which application threads were stopped: 0.0007456 seconds, Stopping threads took: 0.0003226 seconds
[2022-06-13T03:19:37.207+0000][1][safepoint    ] Application time: 1.0001334 seconds
[2022-06-13T03:19:37.207+0000][1][safepoint    ] Entering safepoint region: Cleanup
[2022-06-13T03:19:37.208+0000][1][safepoint    ] Leaving safepoint region
[2022-06-13T03:19:37.208+0000][1][safepoint    ] Total time for which application threads were stopped: 0.0010155 seconds, Stopping threads took: 0.0004508 seconds
[2022-06-13T03:19:38.209+0000][1][safepoint    ] Application time: 1.0002563 seconds
[2022-06-13T03:19:38.209+0000][1][safepoint    ] Entering safepoint region: Cleanup
[2022-06-13T03:19:38.210+0000][1][safepoint    ] Leaving safepoint region
[2022-06-13T03:19:38.210+0000][1][safepoint    ] Total time for which application threads were stopped: 0.0012459 seconds, Stopping threads took: 0.0003298 seconds
[2022-06-13T03:19:39.211+0000][1][safepoint    ] Application time: 1.0002088 seconds
[2022-06-13T03:19:39.212+0000][1][safepoint    ] Entering safepoint region: Cleanup
[2022-06-13T03:19:39.212+0000][1][safepoint    ] Leaving safepoint region
[2022-06-13T03:19:39.212+0000][1][safepoint    ] Total time for which application threads were stopped: 0.0009908 seconds, Stopping threads took: 0.0005150 seconds
[2022-06-13T03:19:40.213+0000][1][safepoint    ] Application time: 1.0002337 seconds
[2022-06-13T03:19:40.214+0000][1][safepoint    ] Entering safepoint region: Cleanup
[2022-06-13T03:19:40.215+0000][1][safepoint    ] Leaving safepoint region
[2022-06-13T03:19:40.215+0000][1][safepoint    ] Total time for which application threads were stopped: 0.0015604 seconds, Stopping threads took: 0.0007374 seconds
[2022-06-13T03:19:41.216+0000][1][safepoint    ] Application time: 1.0002827 seconds
[2022-06-13T03:19:41.217+0000][1][safepoint    ] Entering safepoint region: Cleanup
[2022-06-13T03:19:41.217+0000][1][safepoint    ] Leaving safepoint region
[2022-06-13T03:19:41.217+0000][1][safepoint    ] Total time for which application threads were stopped: 0.0005856 seconds, Stopping threads took: 0.0002683 seconds
[2022-06-13T03:19:42.218+0000][1][safepoint    ] Application time: 1.0002401 seconds
[2022-06-13T03:19:42.218+0000][1][safepoint    ] Entering safepoint region: Cleanup
[2022-06-13T03:19:42.219+0000][1][safepoint    ] Leaving safepoint region
[2022-06-13T03:19:42.219+0000][1][safepoint    ] Total time for which application threads were stopped: 0.0010822 seconds, Stopping threads took: 0.0005402 seconds
[2022-06-13T03:19:43.220+0000][1][safepoint    ] Application time: 1.0001585 seconds
[2022-06-13T03:19:43.220+0000][1][safepoint    ] Entering safepoint region: Cleanup
[2022-06-13T03:19:43.221+0000][1][safepoint    ] Leaving safepoint region
[2022-06-13T03:19:43.221+0000][1][safepoint    ] Total time for which application threads were stopped: 0.0008101 seconds, Stopping threads took: 0.0002740 seconds
[2022-06-13T03:19:44.222+0000][1][safepoint    ] Application time: 1.0003471 seconds
[2022-06-13T03:19:44.222+0000][1][safepoint    ] Entering safepoint region: Cleanup
[2022-06-13T03:19:44.223+0000][1][safepoint    ] Leaving safepoint region
[2022-06-13T03:19:44.224+0000][1][safepoint    ] Total time for which application threads were stopped: 0.0014920 seconds, Stopping threads took: 0.0006918 seconds
[2022-06-13T03:19:45.225+0000][1][safepoint    ] Application time: 1.0001383 seconds
[2022-06-13T03:19:45.225+0000][1][safepoint    ] Entering safepoint region: Cleanup
[2022-06-13T03:19:45.225+0000][1][safepoint    ] Leaving safepoint region
[2022-06-13T03:19:45.226+0000][1][safepoint    ] Total time for which application threads were stopped: 0.0007269 seconds, Stopping threads took: 0.0002509 seconds
[2022-06-13T03:19:46.226+0000][1][safepoint    ] Application time: 1.0001326 seconds
[2022-06-13T03:19:46.227+0000][1][safepoint    ] Entering safepoint region: Cleanup
[2022-06-13T03:19:46.227+0000][1][safepoint    ] Leaving safepoint region
[2022-06-13T03:19:46.227+0000][1][safepoint    ] Total time for which application threads were stopped: 0.0003449 seconds, Stopping threads took: 0.0001435 seconds
[2022-06-13T03:19:47.227+0000][1][safepoint    ] Application time: 1.0001797 seconds
[2022-06-13T03:19:47.228+0000][1][safepoint    ] Entering safepoint region: Cleanup
[2022-06-13T03:19:47.228+0000][1][safepoint    ] Leaving safepoint region
[2022-06-13T03:19:47.229+0000][1][safepoint    ] Total time for which application threads were stopped: 0.0009071 seconds, Stopping threads took: 0.0003354 seconds
[2022-06-13T03:19:48.229+0000][1][safepoint    ] Application time: 1.0001173 seconds
[2022-06-13T03:19:48.230+0000][1][safepoint    ] Entering safepoint region: Cleanup
[2022-06-13T03:19:48.230+0000][1][safepoint    ] Leaving safepoint region
[2022-06-13T03:19:48.230+0000][1][safepoint    ] Total time for which application threads were stopped: 0.0006463 seconds, Stopping threads took: 0.0002050 seconds
[2022-06-13T03:19:49.231+0000][1][safepoint    ] Application time: 1.0002135 seconds
[2022-06-13T03:19:49.231+0000][1][safepoint    ] Entering safepoint region: Cleanup
[2022-06-13T03:19:49.232+0000][1][safepoint    ] Leaving safepoint region
[2022-06-13T03:19:49.232+0000][1][safepoint    ] Total time for which application threads were stopped: 0.0008889 seconds, Stopping threads took: 0.0004094 seconds
[2022-06-13T03:19:50.233+0000][1][safepoint    ] Application time: 1.0001219 seconds
[2022-06-13T03:19:50.233+0000][1][safepoint    ] Entering safepoint region: Cleanup
[2022-06-13T03:19:50.233+0000][1][safepoint    ] Leaving safepoint region
[2022-06-13T03:19:50.233+0000][1][safepoint    ] Total time for which application threads were stopped: 0.0004467 seconds, Stopping threads took: 0.0001925 seconds
[2022-06-13T03:19:51.234+0000][1][safepoint    ] Application time: 1.0001829 seconds
[2022-06-13T03:19:51.234+0000][1][safepoint    ] Entering safepoint region: Cleanup
[2022-06-13T03:19:51.235+0000][1][safepoint    ] Leaving safepoint region
[2022-06-13T03:19:51.235+0000][1][safepoint    ] Total time for which application threads were stopped: 0.0008019 seconds, Stopping threads took: 0.0004343 seconds
[2022-06-13T03:19:52.236+0000][1][safepoint    ] Application time: 1.0002224 seconds
[2022-06-13T03:19:52.236+0000][1][safepoint    ] Entering safepoint region: Cleanup
[2022-06-13T03:19:52.236+0000][1][safepoint    ] Leaving safepoint region
[2022-06-13T03:19:52.237+0000][1][safepoint    ] Total time for which application threads were stopped: 0.0007388 seconds, Stopping threads took: 0.0004217 seconds
[2022-06-13T03:19:52.324+0000][1][safepoint    ] Application time: 0.0866326 seconds
[2022-06-13T03:19:52.324+0000][1][safepoint    ] Entering safepoint region: GenCollectForAllocation
[2022-06-13T03:19:52.325+0000][1][gc,start     ] GC(22) Pause Young (Allocation Failure)
[2022-06-13T03:19:52.325+0000][1][gc,task      ] GC(22) Using 5 workers of 13 for evacuation
[2022-06-13T03:19:52.331+0000][1][gc,age       ] GC(22) Desired survivor size 4456448 bytes, new threshold 6 (max threshold 6)
[2022-06-13T03:19:52.331+0000][1][gc,age       ] GC(22) Age table with threshold 6 (max threshold 6)
[2022-06-13T03:19:52.332+0000][1][gc,age       ] GC(22) - age   1:     705768 bytes,     705768 total
[2022-06-13T03:19:52.332+0000][1][gc,age       ] GC(22) - age   2:    3709496 bytes,    4415264 total
[2022-06-13T03:19:52.333+0000][1][gc,heap      ] GC(22) ParNew: 77871K->6150K(78656K)
[2022-06-13T03:19:52.333+0000][1][gc,heap      ] GC(22) CMS: 62842K->64398K(174784K)
[2022-06-13T03:19:52.334+0000][1][gc,metaspace ] GC(22) Metaspace: 63715K->63715K(1107968K)
[2022-06-13T03:19:52.334+0000][1][gc           ] GC(22) Pause Young (Allocation Failure) 137M->68M(247M) 9.407ms
[2022-06-13T03:19:52.334+0000][1][gc,cpu       ] GC(22) User=0.02s Sys=0.00s Real=0.01s
[2022-06-13T03:19:52.335+0000][1][safepoint    ] Leaving safepoint region
[2022-06-13T03:19:52.335+0000][1][safepoint    ] Total time for which application threads were stopped: 0.0112971 seconds, Stopping threads took: 0.0004527 seconds
[2022-06-13T03:19:53.336+0000][1][safepoint    ] Application time: 1.0002538 seconds
[2022-06-13T03:19:53.336+0000][1][safepoint    ] Entering safepoint region: Cleanup
[2022-06-13T03:19:53.337+0000][1][safepoint    ] Leaving safepoint region
[2022-06-13T03:19:53.337+0000][1][safepoint    ] Total time for which application threads were stopped: 0.0009863 seconds, Stopping threads took: 0.0004312 seconds
[2022-06-13T03:19:54.338+0000][1][safepoint    ] Application time: 1.0003061 seconds
[2022-06-13T03:19:54.339+0000][1][safepoint    ] Entering safepoint region: Cleanup
[2022-06-13T03:19:54.340+0000][1][safepoint    ] Leaving safepoint region
[2022-06-13T03:19:54.340+0000][1][safepoint    ] Total time for which application threads were stopped: 0.0009107 seconds, Stopping threads took: 0.0004750 seconds
[2022-06-13T03:19:55.340+0000][1][safepoint    ] Application time: 1.0001339 seconds
[2022-06-13T03:19:55.341+0000][1][safepoint    ] Entering safepoint region: Cleanup
[2022-06-13T03:19:55.341+0000][1][safepoint    ] Leaving safepoint region
[2022-06-13T03:19:55.342+0000][1][safepoint    ] Total time for which application threads were stopped: 0.0007115 seconds, Stopping threads took: 0.0003169 seconds
[2022-06-13T03:19:56.342+0000][1][safepoint    ] Application time: 1.0002290 seconds
[2022-06-13T03:19:56.343+0000][1][safepoint    ] Entering safepoint region: Cleanup
[2022-06-13T03:19:56.343+0000][1][safepoint    ] Leaving safepoint region
[2022-06-13T03:19:56.343+0000][1][safepoint    ] Total time for which application threads were stopped: 0.0006780 seconds, Stopping threads took: 0.0003141 seconds
[2022-06-13T03:19:57.344+0000][1][safepoint    ] Application time: 1.0001714 seconds
[2022-06-13T03:19:57.344+0000][1][safepoint    ] Entering safepoint region: Cleanup
[2022-06-13T03:19:57.345+0000][1][safepoint    ] Leaving safepoint region
[2022-06-13T03:19:57.345+0000][1][safepoint    ] Total time for which application threads were stopped: 0.0007762 seconds, Stopping threads took: 0.0003877 seconds
[2022-06-13T03:19:58.346+0000][1][safepoint    ] Application time: 1.0001397 seconds
[2022-06-13T03:19:58.346+0000][1][safepoint    ] Entering safepoint region: Cleanup
[2022-06-13T03:19:58.347+0000][1][safepoint    ] Leaving safepoint region
[2022-06-13T03:19:58.347+0000][1][safepoint    ] Total time for which application threads were stopped: 0.0009063 seconds, Stopping threads took: 0.0002280 seconds
[2022-06-13T03:19:59.348+0000][1][safepoint    ] Application time: 1.0002931 seconds
[2022-06-13T03:19:59.348+0000][1][safepoint    ] Entering safepoint region: Cleanup
[2022-06-13T03:19:59.349+0000][1][safepoint    ] Leaving safepoint region
[2022-06-13T03:19:59.349+0000][1][safepoint    ] Total time for which application threads were stopped: 0.0008001 seconds, Stopping threads took: 0.0003471 seconds
[2022-06-13T03:20:00.350+0000][1][safepoint    ] Application time: 1.0004229 seconds
[2022-06-13T03:20:00.351+0000][1][safepoint    ] Entering safepoint region: Cleanup
[2022-06-13T03:20:00.351+0000][1][safepoint    ] Leaving safepoint region
[2022-06-13T03:20:00.351+0000][1][safepoint    ] Total time for which application threads were stopped: 0.0008778 seconds, Stopping threads took: 0.0003828 seconds
[2022-06-13T03:20:01.352+0000][1][safepoint    ] Application time: 1.0001416 seconds
[2022-06-13T03:20:01.352+0000][1][safepoint    ] Entering safepoint region: Cleanup
[2022-06-13T03:20:01.353+0000][1][safepoint    ] Leaving safepoint region
[2022-06-13T03:20:01.353+0000][1][safepoint    ] Total time for which application threads were stopped: 0.0008299 seconds, Stopping threads took: 0.0004316 seconds
[2022-06-13T03:20:02.354+0000][1][safepoint    ] Application time: 1.0003138 seconds
[2022-06-13T03:20:02.354+0000][1][safepoint    ] Entering safepoint region: Cleanup
[2022-06-13T03:20:02.355+0000][1][safepoint    ] Leaving safepoint region
[2022-06-13T03:20:02.355+0000][1][safepoint    ] Total time for which application threads were stopped: 0.0008826 seconds, Stopping threads took: 0.0003987 seconds
[2022-06-13T03:20:03.356+0000][1][safepoint    ] Application time: 1.0002838 seconds
[2022-06-13T03:20:03.357+0000][1][safepoint    ] Entering safepoint region: Cleanup
[2022-06-13T03:20:03.358+0000][1][safepoint    ] Leaving safepoint region
[2022-06-13T03:20:03.358+0000][1][safepoint    ] Total time for which application threads were stopped: 0.0013203 seconds, Stopping threads took: 0.0007713 seconds
[2022-06-13T03:20:04.359+0000][1][safepoint    ] Application time: 1.0002187 seconds
[2022-06-13T03:20:04.359+0000][1][safepoint    ] Entering safepoint region: Cleanup
[2022-06-13T03:20:04.359+0000][1][safepoint    ] Leaving safepoint region
[2022-06-13T03:20:04.360+0000][1][safepoint    ] Total time for which application threads were stopped: 0.0005875 seconds, Stopping threads took: 0.0003065 seconds
[2022-06-13T03:20:05.360+0000][1][safepoint    ] Application time: 1.0002458 seconds
[2022-06-13T03:20:05.361+0000][1][safepoint    ] Entering safepoint region: Cleanup
[2022-06-13T03:20:05.362+0000][1][safepoint    ] Leaving safepoint region
[2022-06-13T03:20:05.362+0000][1][safepoint    ] Total time for which application threads were stopped: 0.0010125 seconds, Stopping threads took: 0.0004967 seconds
[2022-06-13T03:20:06.363+0000][1][safepoint    ] Application time: 1.0002229 seconds
[2022-06-13T03:20:06.363+0000][1][safepoint    ] Entering safepoint region: Cleanup
[2022-06-13T03:20:06.364+0000][1][safepoint    ] Leaving safepoint region
[2022-06-13T03:20:06.364+0000][1][safepoint    ] Total time for which application threads were stopped: 0.0007893 seconds, Stopping threads took: 0.0003818 seconds
[2022-06-13T03:20:07.364+0000][1][safepoint    ] Application time: 1.0001530 seconds
[2022-06-13T03:20:07.365+0000][1][safepoint    ] Entering safepoint region: Cleanup
[2022-06-13T03:20:07.365+0000][1][safepoint    ] Leaving safepoint region
[2022-06-13T03:20:07.365+0000][1][safepoint    ] Total time for which application threads were stopped: 0.0006326 seconds, Stopping threads took: 0.0002436 seconds
[2022-06-13T03:20:08.366+0000][1][safepoint    ] Application time: 1.0001987 seconds
[2022-06-13T03:20:08.367+0000][1][safepoint    ] Entering safepoint region: Cleanup
[2022-06-13T03:20:08.367+0000][1][safepoint    ] Leaving safepoint region
[2022-06-13T03:20:08.367+0000][1][safepoint    ] Total time for which application threads were stopped: 0.0006401 seconds, Stopping threads took: 0.0002901 seconds
[2022-06-13T03:20:09.368+0000][1][safepoint    ] Application time: 1.0002514 seconds
[2022-06-13T03:20:09.368+0000][1][safepoint    ] Entering safepoint region: Cleanup
[2022-06-13T03:20:09.369+0000][1][safepoint    ] Leaving safepoint region
[2022-06-13T03:20:09.370+0000][1][safepoint    ] Total time for which application threads were stopped: 0.0015845 seconds, Stopping threads took: 0.0006837 seconds
[2022-06-13T03:20:10.371+0000][1][safepoint    ] Application time: 1.0002022 seconds
[2022-06-13T03:20:10.371+0000][1][safepoint    ] Entering safepoint region: Cleanup
[2022-06-13T03:20:10.372+0000][1][safepoint    ] Leaving safepoint region
[2022-06-13T03:20:10.372+0000][1][safepoint    ] Total time for which application threads were stopped: 0.0011110 seconds, Stopping threads took: 0.0005333 seconds
[2022-06-13T03:20:11.373+0000][1][safepoint    ] Application time: 1.0001708 seconds
[2022-06-13T03:20:11.374+0000][1][safepoint    ] Entering safepoint region: Cleanup
[2022-06-13T03:20:11.374+0000][1][safepoint    ] Leaving safepoint region
[2022-06-13T03:20:11.374+0000][1][safepoint    ] Total time for which application threads were stopped: 0.0007717 seconds, Stopping threads took: 0.0003472 seconds
[2022-06-13T03:20:12.375+0000][1][safepoint    ] Application time: 1.0002792 seconds
[2022-06-13T03:20:12.375+0000][1][safepoint    ] Entering safepoint region: Cleanup
[2022-06-13T03:20:12.376+0000][1][safepoint    ] Leaving safepoint region
[2022-06-13T03:20:12.376+0000][1][safepoint    ] Total time for which application threads were stopped: 0.0006864 seconds, Stopping threads took: 0.0002690 seconds
[2022-06-13T03:20:13.376+0000][1][safepoint    ] Application time: 1.0002297 seconds
[2022-06-13T03:20:13.377+0000][1][safepoint    ] Entering safepoint region: Cleanup
[2022-06-13T03:20:13.377+0000][1][safepoint    ] Leaving safepoint region
[2022-06-13T03:20:13.378+0000][1][safepoint    ] Total time for which application threads were stopped: 0.0006766 seconds, Stopping threads took: 0.0003322 seconds
[2022-06-13T03:20:14.378+0000][1][safepoint    ] Application time: 1.0002647 seconds
[2022-06-13T03:20:14.379+0000][1][safepoint    ] Entering safepoint region: Cleanup
[2022-06-13T03:20:14.380+0000][1][safepoint    ] Leaving safepoint region
[2022-06-13T03:20:14.380+0000][1][safepoint    ] Total time for which application threads were stopped: 0.0012391 seconds, Stopping threads took: 0.0006925 seconds
[2022-06-13T03:20:15.381+0000][1][safepoint    ] Application time: 1.0002549 seconds
[2022-06-13T03:20:15.381+0000][1][safepoint    ] Entering safepoint region: Cleanup
[2022-06-13T03:20:15.382+0000][1][safepoint    ] Leaving safepoint region
[2022-06-13T03:20:15.382+0000][1][safepoint    ] Total time for which application threads were stopped: 0.0007312 seconds, Stopping threads took: 0.0003408 seconds
[2022-06-13T03:20:16.383+0000][1][safepoint    ] Application time: 1.0001537 seconds
[2022-06-13T03:20:16.383+0000][1][safepoint    ] Entering safepoint region: Cleanup
[2022-06-13T03:20:16.384+0000][1][safepoint    ] Leaving safepoint region
[2022-06-13T03:20:16.384+0000][1][safepoint    ] Total time for which application threads were stopped: 0.0009475 seconds, Stopping threads took: 0.0004260 seconds
[2022-06-13T03:20:17.385+0000][1][safepoint    ] Application time: 1.0001582 seconds
[2022-06-13T03:20:17.386+0000][1][safepoint    ] Entering safepoint region: Cleanup
[2022-06-13T03:20:17.386+0000][1][safepoint    ] Leaving safepoint region
[2022-06-13T03:20:17.387+0000][1][safepoint    ] Total time for which application threads were stopped: 0.0012246 seconds, Stopping threads took: 0.0005436 seconds
[2022-06-13T03:20:18.387+0000][1][safepoint    ] Application time: 1.0002077 seconds
[2022-06-13T03:20:18.388+0000][1][safepoint    ] Entering safepoint region: Cleanup
[2022-06-13T03:20:18.388+0000][1][safepoint    ] Leaving safepoint region
[2022-06-13T03:20:18.388+0000][1][safepoint    ] Total time for which application threads were stopped: 0.0006629 seconds, Stopping threads took: 0.0003482 seconds
[2022-06-13T03:20:19.389+0000][1][safepoint    ] Application time: 1.0002289 seconds
[2022-06-13T03:20:19.389+0000][1][safepoint    ] Entering safepoint region: Cleanup
[2022-06-13T03:20:19.390+0000][1][safepoint    ] Leaving safepoint region
[2022-06-13T03:20:19.390+0000][1][safepoint    ] Total time for which application threads were stopped: 0.0006390 seconds, Stopping threads took: 0.0002989 seconds
[2022-06-13T03:20:20.390+0000][1][safepoint    ] Application time: 1.0002247 seconds
[2022-06-13T03:20:20.391+0000][1][safepoint    ] Entering safepoint region: Cleanup
[2022-06-13T03:20:20.391+0000][1][safepoint    ] Leaving safepoint region
[2022-06-13T03:20:20.392+0000][1][safepoint    ] Total time for which application threads were stopped: 0.0007257 seconds, Stopping threads took: 0.0003173 seconds
[2022-06-13T03:20:21.392+0000][1][safepoint    ] Application time: 1.0001753 seconds
[2022-06-13T03:20:21.393+0000][1][safepoint    ] Entering safepoint region: Cleanup
[2022-06-13T03:20:21.394+0000][1][safepoint    ] Leaving safepoint region
[2022-06-13T03:20:21.394+0000][1][safepoint    ] Total time for which application threads were stopped: 0.0012501 seconds, Stopping threads took: 0.0005702 seconds
[2022-06-13T03:20:22.395+0000][1][safepoint    ] Application time: 1.0001212 seconds
[2022-06-13T03:20:22.395+0000][1][safepoint    ] Entering safepoint region: Cleanup
[2022-06-13T03:20:22.396+0000][1][safepoint    ] Leaving safepoint region
[2022-06-13T03:20:22.396+0000][1][safepoint    ] Total time for which application threads were stopped: 0.0008560 seconds, Stopping threads took: 0.0004110 seconds
[2022-06-13T03:20:23.397+0000][1][safepoint    ] Application time: 1.0003454 seconds
[2022-06-13T03:20:23.397+0000][1][safepoint    ] Entering safepoint region: Cleanup
[2022-06-13T03:20:23.398+0000][1][safepoint    ] Leaving safepoint region
[2022-06-13T03:20:23.398+0000][1][safepoint    ] Total time for which application threads were stopped: 0.0007590 seconds, Stopping threads took: 0.0003552 seconds
[2022-06-13T03:20:24.399+0000][1][safepoint    ] Application time: 1.0003384 seconds
[2022-06-13T03:20:24.400+0000][1][safepoint    ] Entering safepoint region: Cleanup
[2022-06-13T03:20:24.400+0000][1][safepoint    ] Leaving safepoint region
[2022-06-13T03:20:24.401+0000][1][safepoint    ] Total time for which application threads were stopped: 0.0012459 seconds, Stopping threads took: 0.0006321 seconds
[2022-06-13T03:20:25.401+0000][1][safepoint    ] Application time: 1.0001664 seconds
[2022-06-13T03:20:25.402+0000][1][safepoint    ] Entering safepoint region: Cleanup
[2022-06-13T03:20:25.402+0000][1][safepoint    ] Leaving safepoint region
[2022-06-13T03:20:25.402+0000][1][safepoint    ] Total time for which application threads were stopped: 0.0004116 seconds, Stopping threads took: 0.0002007 seconds
[2022-06-13T03:20:26.402+0000][1][safepoint    ] Application time: 1.0001335 seconds
[2022-06-13T03:20:26.403+0000][1][safepoint    ] Entering safepoint region: Cleanup
[2022-06-13T03:20:26.403+0000][1][safepoint    ] Leaving safepoint region
[2022-06-13T03:20:26.403+0000][1][safepoint    ] Total time for which application threads were stopped: 0.0007142 seconds, Stopping threads took: 0.0003254 seconds
[2022-06-13T03:20:27.404+0000][1][safepoint    ] Application time: 1.0001348 seconds
[2022-06-13T03:20:27.404+0000][1][safepoint    ] Entering safepoint region: Cleanup
[2022-06-13T03:20:27.405+0000][1][safepoint    ] Leaving safepoint region
[2022-06-13T03:20:27.405+0000][1][safepoint    ] Total time for which application threads were stopped: 0.0012906 seconds, Stopping threads took: 0.0005729 seconds
[2022-06-13T03:20:28.406+0000][1][safepoint    ] Application time: 1.0002230 seconds
[2022-06-13T03:20:28.407+0000][1][safepoint    ] Entering safepoint region: Cleanup
[2022-06-13T03:20:28.407+0000][1][safepoint    ] Leaving safepoint region
[2022-06-13T03:20:28.408+0000][1][safepoint    ] Total time for which application threads were stopped: 0.0010377 seconds, Stopping threads took: 0.0005469 seconds
[2022-06-13T03:20:29.408+0000][1][safepoint    ] Application time: 1.0002442 seconds
[2022-06-13T03:20:29.409+0000][1][safepoint    ] Entering safepoint region: Cleanup
[2022-06-13T03:20:29.409+0000][1][safepoint    ] Leaving safepoint region
[2022-06-13T03:20:29.409+0000][1][safepoint    ] Total time for which application threads were stopped: 0.0008762 seconds, Stopping threads took: 0.0002514 seconds
[2022-06-13T03:20:30.410+0000][1][safepoint    ] Application time: 1.0001367 seconds
[2022-06-13T03:20:30.410+0000][1][safepoint    ] Entering safepoint region: Cleanup
[2022-06-13T03:20:30.411+0000][1][safepoint    ] Leaving safepoint region
[2022-06-13T03:20:30.411+0000][1][safepoint    ] Total time for which application threads were stopped: 0.0007791 seconds, Stopping threads took: 0.0002282 seconds
[2022-06-13T03:20:31.412+0000][1][safepoint    ] Application time: 1.0001693 seconds
[2022-06-13T03:20:31.412+0000][1][safepoint    ] Entering safepoint region: Cleanup
[2022-06-13T03:20:31.412+0000][1][safepoint    ] Leaving safepoint region
[2022-06-13T03:20:31.413+0000][1][safepoint    ] Total time for which application threads were stopped: 0.0006302 seconds, Stopping threads took: 0.0002727 seconds
[2022-06-13T03:20:32.413+0000][1][safepoint    ] Application time: 1.0002174 seconds
[2022-06-13T03:20:32.413+0000][1][safepoint    ] Entering safepoint region: Cleanup
[2022-06-13T03:20:32.414+0000][1][safepoint    ] Leaving safepoint region
[2022-06-13T03:20:32.414+0000][1][safepoint    ] Total time for which application threads were stopped: 0.0006183 seconds, Stopping threads took: 0.0002654 seconds
[2022-06-13T03:20:33.415+0000][1][safepoint    ] Application time: 1.0002605 seconds
[2022-06-13T03:20:33.415+0000][1][safepoint    ] Entering safepoint region: Cleanup
[2022-06-13T03:20:33.416+0000][1][safepoint    ] Leaving safepoint region
[2022-06-13T03:20:33.416+0000][1][safepoint    ] Total time for which application threads were stopped: 0.0009792 seconds, Stopping threads took: 0.0005327 seconds
[2022-06-13T03:20:34.417+0000][1][safepoint    ] Application time: 1.0002816 seconds
[2022-06-13T03:20:34.417+0000][1][safepoint    ] Entering safepoint region: Cleanup
[2022-06-13T03:20:34.418+0000][1][safepoint    ] Leaving safepoint region
[2022-06-13T03:20:34.418+0000][1][safepoint    ] Total time for which application threads were stopped: 0.0010025 seconds, Stopping threads took: 0.0004771 seconds
[2022-06-13T03:20:35.419+0000][1][safepoint    ] Application time: 1.0002184 seconds
[2022-06-13T03:20:35.420+0000][1][safepoint    ] Entering safepoint region: Cleanup
[2022-06-13T03:20:35.420+0000][1][safepoint    ] Leaving safepoint region
[2022-06-13T03:20:35.421+0000][1][safepoint    ] Total time for which application threads were stopped: 0.0010010 seconds, Stopping threads took: 0.0004640 seconds
[2022-06-13T03:20:36.421+0000][1][safepoint    ] Application time: 1.0001873 seconds
[2022-06-13T03:20:36.422+0000][1][safepoint    ] Entering safepoint region: Cleanup
[2022-06-13T03:20:36.423+0000][1][safepoint    ] Leaving safepoint region
[2022-06-13T03:20:36.423+0000][1][safepoint    ] Total time for which application threads were stopped: 0.0009705 seconds, Stopping threads took: 0.0004442 seconds
[2022-06-13T03:20:37.423+0000][1][safepoint    ] Application time: 1.0001445 seconds
[2022-06-13T03:20:37.424+0000][1][safepoint    ] Entering safepoint region: Cleanup
[2022-06-13T03:20:37.425+0000][1][safepoint    ] Leaving safepoint region
[2022-06-13T03:20:37.425+0000][1][safepoint    ] Total time for which application threads were stopped: 0.0011202 seconds, Stopping threads took: 0.0005208 seconds
[2022-06-13T03:20:38.426+0000][1][safepoint    ] Application time: 1.0001493 seconds
[2022-06-13T03:20:38.426+0000][1][safepoint    ] Entering safepoint region: Cleanup
[2022-06-13T03:20:38.426+0000][1][safepoint    ] Leaving safepoint region
[2022-06-13T03:20:38.426+0000][1][safepoint    ] Total time for which application threads were stopped: 0.0004968 seconds, Stopping threads took: 0.0002419 seconds
[2022-06-13T03:20:39.427+0000][1][safepoint    ] Application time: 1.0001122 seconds
[2022-06-13T03:20:39.427+0000][1][safepoint    ] Entering safepoint region: Cleanup
[2022-06-13T03:20:39.428+0000][1][safepoint    ] Leaving safepoint region
[2022-06-13T03:20:39.428+0000][1][safepoint    ] Total time for which application threads were stopped: 0.0008857 seconds, Stopping threads took: 0.0003769 seconds
[2022-06-13T03:20:40.429+0000][1][safepoint    ] Application time: 1.0001250 seconds
[2022-06-13T03:20:40.429+0000][1][safepoint    ] Entering safepoint region: Cleanup
[2022-06-13T03:20:40.429+0000][1][safepoint    ] Leaving safepoint region
[2022-06-13T03:20:40.429+0000][1][safepoint    ] Total time for which application threads were stopped: 0.0004417 seconds, Stopping threads took: 0.0001795 seconds
[2022-06-13T03:20:41.430+0000][1][safepoint    ] Application time: 1.0001775 seconds
[2022-06-13T03:20:41.430+0000][1][safepoint    ] Entering safepoint region: Cleanup
[2022-06-13T03:20:41.431+0000][1][safepoint    ] Leaving safepoint region
[2022-06-13T03:20:41.431+0000][1][safepoint    ] Total time for which application threads were stopped: 0.0007460 seconds, Stopping threads took: 0.0004162 seconds
[2022-06-13T03:20:42.431+0000][1][safepoint    ] Application time: 1.0001685 seconds
[2022-06-13T03:20:42.432+0000][1][safepoint    ] Entering safepoint region: Cleanup
[2022-06-13T03:20:42.432+0000][1][safepoint    ] Leaving safepoint region
[2022-06-13T03:20:42.433+0000][1][safepoint    ] Total time for which application threads were stopped: 0.0007605 seconds, Stopping threads took: 0.0003441 seconds
[2022-06-13T03:20:43.433+0000][1][safepoint    ] Application time: 1.0001351 seconds
[2022-06-13T03:20:43.433+0000][1][safepoint    ] Entering safepoint region: Cleanup
[2022-06-13T03:20:43.434+0000][1][safepoint    ] Leaving safepoint region
[2022-06-13T03:20:43.434+0000][1][safepoint    ] Total time for which application threads were stopped: 0.0007430 seconds, Stopping threads took: 0.0003908 seconds
[2022-06-13T03:20:44.435+0000][1][safepoint    ] Application time: 1.0002088 seconds
[2022-06-13T03:20:44.435+0000][1][safepoint    ] Entering safepoint region: Cleanup
[2022-06-13T03:20:44.436+0000][1][safepoint    ] Leaving safepoint region
[2022-06-13T03:20:44.436+0000][1][safepoint    ] Total time for which application threads were stopped: 0.0010651 seconds, Stopping threads took: 0.0004767 seconds
[2022-06-13T03:20:45.437+0000][1][safepoint    ] Application time: 1.0002891 seconds
[2022-06-13T03:20:45.438+0000][1][safepoint    ] Entering safepoint region: Cleanup
[2022-06-13T03:20:45.438+0000][1][safepoint    ] Leaving safepoint region
[2022-06-13T03:20:45.439+0000][1][safepoint    ] Total time for which application threads were stopped: 0.0013936 seconds, Stopping threads took: 0.0006391 seconds
[2022-06-13T03:20:46.440+0000][1][safepoint    ] Application time: 1.0002299 seconds
[2022-06-13T03:20:46.441+0000][1][safepoint    ] Entering safepoint region: Cleanup
[2022-06-13T03:20:46.442+0000][1][safepoint    ] Leaving safepoint region
[2022-06-13T03:20:46.443+0000][1][safepoint    ] Total time for which application threads were stopped: 0.0020126 seconds, Stopping threads took: 0.0011432 seconds
[2022-06-13T03:20:47.443+0000][1][safepoint    ] Application time: 1.0001703 seconds
[2022-06-13T03:20:47.443+0000][1][safepoint    ] Entering safepoint region: Cleanup
[2022-06-13T03:20:47.444+0000][1][safepoint    ] Leaving safepoint region
[2022-06-13T03:20:47.444+0000][1][safepoint    ] Total time for which application threads were stopped: 0.0003942 seconds, Stopping threads took: 0.0001302 seconds
[2022-06-13T03:20:48.444+0000][1][safepoint    ] Application time: 1.0001712 seconds
[2022-06-13T03:20:48.445+0000][1][safepoint    ] Entering safepoint region: Cleanup
[2022-06-13T03:20:48.446+0000][1][safepoint    ] Leaving safepoint region
[2022-06-13T03:20:48.446+0000][1][safepoint    ] Total time for which application threads were stopped: 0.0014294 seconds, Stopping threads took: 0.0006035 seconds
[2022-06-13T03:20:49.447+0000][1][safepoint    ] Application time: 1.0002646 seconds
[2022-06-13T03:20:49.448+0000][1][safepoint    ] Entering safepoint region: Cleanup
[2022-06-13T03:20:49.448+0000][1][safepoint    ] Leaving safepoint region
[2022-06-13T03:20:49.448+0000][1][safepoint    ] Total time for which application threads were stopped: 0.0007027 seconds, Stopping threads took: 0.0002943 seconds
[2022-06-13T03:20:50.449+0000][1][safepoint    ] Application time: 1.0002028 seconds
[2022-06-13T03:20:50.450+0000][1][safepoint    ] Entering safepoint region: Cleanup
[2022-06-13T03:20:50.450+0000][1][safepoint    ] Leaving safepoint region
[2022-06-13T03:20:50.451+0000][1][safepoint    ] Total time for which application threads were stopped: 0.0010130 seconds, Stopping threads took: 0.0004865 seconds
[2022-06-13T03:20:51.451+0000][1][safepoint    ] Application time: 1.0002170 seconds
[2022-06-13T03:20:51.452+0000][1][safepoint    ] Entering safepoint region: Cleanup
[2022-06-13T03:20:51.453+0000][1][safepoint    ] Leaving safepoint region
[2022-06-13T03:20:51.453+0000][1][safepoint    ] Total time for which application threads were stopped: 0.0012560 seconds, Stopping threads took: 0.0005601 seconds
[2022-06-13T03:20:52.454+0000][1][safepoint    ] Application time: 1.0003621 seconds
[2022-06-13T03:20:52.455+0000][1][safepoint    ] Entering safepoint region: Cleanup
[2022-06-13T03:20:52.456+0000][1][safepoint    ] Leaving safepoint region
[2022-06-13T03:20:52.456+0000][1][safepoint    ] Total time for which application threads were stopped: 0.0012996 seconds, Stopping threads took: 0.0005891 seconds
[2022-06-13T03:20:53.457+0000][1][safepoint    ] Application time: 1.0001383 seconds
[2022-06-13T03:20:53.457+0000][1][safepoint    ] Entering safepoint region: Cleanup
[2022-06-13T03:20:53.457+0000][1][safepoint    ] Leaving safepoint region
[2022-06-13T03:20:53.457+0000][1][safepoint    ] Total time for which application threads were stopped: 0.0004620 seconds, Stopping threads took: 0.0002167 seconds
[2022-06-13T03:20:54.458+0000][1][safepoint    ] Application time: 1.0001522 seconds
[2022-06-13T03:20:54.458+0000][1][safepoint    ] Entering safepoint region: Cleanup
[2022-06-13T03:20:54.458+0000][1][safepoint    ] Leaving safepoint region
[2022-06-13T03:20:54.459+0000][1][safepoint    ] Total time for which application threads were stopped: 0.0006568 seconds, Stopping threads took: 0.0002523 seconds
[2022-06-13T03:20:55.459+0000][1][safepoint    ] Application time: 1.0002068 seconds
[2022-06-13T03:20:55.460+0000][1][safepoint    ] Entering safepoint region: Cleanup
[2022-06-13T03:20:55.461+0000][1][safepoint    ] Leaving safepoint region
[2022-06-13T03:20:55.461+0000][1][safepoint    ] Total time for which application threads were stopped: 0.0012075 seconds, Stopping threads took: 0.0005768 seconds
[2022-06-13T03:20:56.462+0000][1][safepoint    ] Application time: 1.0002301 seconds
[2022-06-13T03:20:56.462+0000][1][safepoint    ] Entering safepoint region: Cleanup
[2022-06-13T03:20:56.463+0000][1][safepoint    ] Leaving safepoint region
[2022-06-13T03:20:56.463+0000][1][safepoint    ] Total time for which application threads were stopped: 0.0007424 seconds, Stopping threads took: 0.0003190 seconds
[2022-06-13T03:20:57.463+0000][1][safepoint    ] Application time: 1.0001207 seconds
[2022-06-13T03:20:57.464+0000][1][safepoint    ] Entering safepoint region: Cleanup
[2022-06-13T03:20:57.464+0000][1][safepoint    ] Leaving safepoint region
[2022-06-13T03:20:57.465+0000][1][safepoint    ] Total time for which application threads were stopped: 0.0006808 seconds, Stopping threads took: 0.0003611 seconds
[2022-06-13T03:20:58.465+0000][1][safepoint    ] Application time: 1.0001826 seconds
[2022-06-13T03:20:58.465+0000][1][safepoint    ] Entering safepoint region: Cleanup
[2022-06-13T03:20:58.466+0000][1][safepoint    ] Leaving safepoint region
[2022-06-13T03:20:58.466+0000][1][safepoint    ] Total time for which application threads were stopped: 0.0008019 seconds, Stopping threads took: 0.0004050 seconds
[2022-06-13T03:20:59.467+0000][1][safepoint    ] Application time: 1.0001804 seconds
[2022-06-13T03:20:59.467+0000][1][safepoint    ] Entering safepoint region: Cleanup
[2022-06-13T03:20:59.468+0000][1][safepoint    ] Leaving safepoint region
[2022-06-13T03:20:59.468+0000][1][safepoint    ] Total time for which application threads were stopped: 0.0008403 seconds, Stopping threads took: 0.0003952 seconds
[2022-06-13T03:21:00.469+0000][1][safepoint    ] Application time: 1.0002452 seconds
[2022-06-13T03:21:00.470+0000][1][safepoint    ] Entering safepoint region: Cleanup
[2022-06-13T03:21:00.470+0000][1][safepoint    ] Leaving safepoint region
[2022-06-13T03:21:00.471+0000][1][safepoint    ] Total time for which application threads were stopped: 0.0010436 seconds, Stopping threads took: 0.0005007 seconds
[2022-06-13T03:21:01.471+0000][1][safepoint    ] Application time: 1.0001038 seconds
[2022-06-13T03:21:01.471+0000][1][safepoint    ] Entering safepoint region: Cleanup
[2022-06-13T03:21:01.472+0000][1][safepoint    ] Leaving safepoint region
[2022-06-13T03:21:01.472+0000][1][safepoint    ] Total time for which application threads were stopped: 0.0006464 seconds, Stopping threads took: 0.0003107 seconds
[2022-06-13T03:21:02.473+0000][1][safepoint    ] Application time: 1.0001757 seconds
[2022-06-13T03:21:02.473+0000][1][safepoint    ] Entering safepoint region: Cleanup
[2022-06-13T03:21:02.474+0000][1][safepoint    ] Leaving safepoint region
[2022-06-13T03:21:02.474+0000][1][safepoint    ] Total time for which application threads were stopped: 0.0009476 seconds, Stopping threads took: 0.0004427 seconds
[2022-06-13T03:21:03.475+0000][1][safepoint    ] Application time: 1.0003171 seconds
[2022-06-13T03:21:03.476+0000][1][safepoint    ] Entering safepoint region: Cleanup
[2022-06-13T03:21:03.476+0000][1][safepoint    ] Leaving safepoint region
[2022-06-13T03:21:03.476+0000][1][safepoint    ] Total time for which application threads were stopped: 0.0008223 seconds, Stopping threads took: 0.0004683 seconds
[2022-06-13T03:21:04.477+0000][1][safepoint    ] Application time: 1.0002231 seconds
[2022-06-13T03:21:04.478+0000][1][safepoint    ] Entering safepoint region: Cleanup
[2022-06-13T03:21:04.478+0000][1][safepoint    ] Leaving safepoint region
[2022-06-13T03:21:04.478+0000][1][safepoint    ] Total time for which application threads were stopped: 0.0007044 seconds, Stopping threads took: 0.0003531 seconds
[2022-06-13T03:21:05.479+0000][1][safepoint    ] Application time: 1.0002447 seconds
[2022-06-13T03:21:05.479+0000][1][safepoint    ] Entering safepoint region: Cleanup
[2022-06-13T03:21:05.480+0000][1][safepoint    ] Leaving safepoint region
[2022-06-13T03:21:05.480+0000][1][safepoint    ] Total time for which application threads were stopped: 0.0005544 seconds, Stopping threads took: 0.0002429 seconds
[2022-06-13T03:21:06.481+0000][1][safepoint    ] Application time: 1.0002461 seconds
[2022-06-13T03:21:06.481+0000][1][safepoint    ] Entering safepoint region: Cleanup
[2022-06-13T03:21:06.482+0000][1][safepoint    ] Leaving safepoint region
[2022-06-13T03:21:06.482+0000][1][safepoint    ] Total time for which application threads were stopped: 0.0009646 seconds, Stopping threads took: 0.0003870 seconds
[2022-06-13T03:21:07.483+0000][1][safepoint    ] Application time: 1.0001099 seconds
[2022-06-13T03:21:07.483+0000][1][safepoint    ] Entering safepoint region: Cleanup
[2022-06-13T03:21:07.483+0000][1][safepoint    ] Leaving safepoint region
[2022-06-13T03:21:07.483+0000][1][safepoint    ] Total time for which application threads were stopped: 0.0004896 seconds, Stopping threads took: 0.0002240 seconds
[2022-06-13T03:21:08.484+0000][1][safepoint    ] Application time: 1.0002250 seconds
[2022-06-13T03:21:08.485+0000][1][safepoint    ] Entering safepoint region: Cleanup
[2022-06-13T03:21:08.486+0000][1][safepoint    ] Leaving safepoint region
[2022-06-13T03:21:08.486+0000][1][safepoint    ] Total time for which application threads were stopped: 0.0012862 seconds, Stopping threads took: 0.0005801 seconds
[2022-06-13T03:21:09.487+0000][1][safepoint    ] Application time: 1.0003670 seconds
[2022-06-13T03:21:09.488+0000][1][safepoint    ] Entering safepoint region: Cleanup
[2022-06-13T03:21:09.488+0000][1][safepoint    ] Leaving safepoint region
[2022-06-13T03:21:09.489+0000][1][safepoint    ] Total time for which application threads were stopped: 0.0008518 seconds, Stopping threads took: 0.0003918 seconds
[2022-06-13T03:21:10.489+0000][1][safepoint    ] Application time: 1.0001343 seconds
[2022-06-13T03:21:10.490+0000][1][safepoint    ] Entering safepoint region: Cleanup
[2022-06-13T03:21:10.490+0000][1][safepoint    ] Leaving safepoint region
[2022-06-13T03:21:10.491+0000][1][safepoint    ] Total time for which application threads were stopped: 0.0011492 seconds, Stopping threads took: 0.0005338 seconds
[2022-06-13T03:21:11.491+0000][1][safepoint    ] Application time: 1.0001777 seconds
[2022-06-13T03:21:11.492+0000][1][safepoint    ] Entering safepoint region: Cleanup
[2022-06-13T03:21:11.492+0000][1][safepoint    ] Leaving safepoint region
[2022-06-13T03:21:11.493+0000][1][safepoint    ] Total time for which application threads were stopped: 0.0010007 seconds, Stopping threads took: 0.0004746 seconds
[2022-06-13T03:21:12.493+0000][1][safepoint    ] Application time: 1.0001861 seconds
[2022-06-13T03:21:12.494+0000][1][safepoint    ] Entering safepoint region: Cleanup
[2022-06-13T03:21:12.494+0000][1][safepoint    ] Leaving safepoint region
[2022-06-13T03:21:12.494+0000][1][safepoint    ] Total time for which application threads were stopped: 0.0003512 seconds, Stopping threads took: 0.0001809 seconds
[2022-06-13T03:21:13.494+0000][1][safepoint    ] Application time: 1.0002261 seconds
[2022-06-13T03:21:13.495+0000][1][safepoint    ] Entering safepoint region: Cleanup
[2022-06-13T03:21:13.495+0000][1][safepoint    ] Leaving safepoint region
[2022-06-13T03:21:13.495+0000][1][safepoint    ] Total time for which application threads were stopped: 0.0005356 seconds, Stopping threads took: 0.0002418 seconds
[2022-06-13T03:21:14.496+0000][1][safepoint    ] Application time: 1.0003410 seconds
[2022-06-13T03:21:14.496+0000][1][safepoint    ] Entering safepoint region: Cleanup
[2022-06-13T03:21:14.497+0000][1][safepoint    ] Leaving safepoint region
[2022-06-13T03:21:14.497+0000][1][safepoint    ] Total time for which application threads were stopped: 0.0007787 seconds, Stopping threads took: 0.0003493 seconds
[2022-06-13T03:21:15.498+0000][1][safepoint    ] Application time: 1.0003163 seconds
[2022-06-13T03:21:15.499+0000][1][safepoint    ] Entering safepoint region: Cleanup
[2022-06-13T03:21:15.499+0000][1][safepoint    ] Leaving safepoint region
[2022-06-13T03:21:15.500+0000][1][safepoint    ] Total time for which application threads were stopped: 0.0014829 seconds, Stopping threads took: 0.0007234 seconds
[2022-06-13T03:21:16.501+0000][1][safepoint    ] Application time: 1.0002613 seconds
[2022-06-13T03:21:16.501+0000][1][safepoint    ] Entering safepoint region: Cleanup
[2022-06-13T03:21:16.502+0000][1][safepoint    ] Leaving safepoint region
[2022-06-13T03:21:16.502+0000][1][safepoint    ] Total time for which application threads were stopped: 0.0007843 seconds, Stopping threads took: 0.0003720 seconds
[2022-06-13T03:21:17.503+0000][1][safepoint    ] Application time: 1.0002077 seconds
[2022-06-13T03:21:17.503+0000][1][safepoint    ] Entering safepoint region: Cleanup
[2022-06-13T03:21:17.503+0000][1][safepoint    ] Leaving safepoint region
[2022-06-13T03:21:17.504+0000][1][safepoint    ] Total time for which application threads were stopped: 0.0006299 seconds, Stopping threads took: 0.0002385 seconds
[2022-06-13T03:21:18.504+0000][1][safepoint    ] Application time: 1.0001360 seconds
[2022-06-13T03:21:18.504+0000][1][safepoint    ] Entering safepoint region: Cleanup
[2022-06-13T03:21:18.505+0000][1][safepoint    ] Leaving safepoint region
[2022-06-13T03:21:18.505+0000][1][safepoint    ] Total time for which application threads were stopped: 0.0009982 seconds, Stopping threads took: 0.0003647 seconds
[2022-06-13T03:21:19.506+0000][1][safepoint    ] Application time: 1.0001891 seconds
[2022-06-13T03:21:19.507+0000][1][safepoint    ] Entering safepoint region: Cleanup
[2022-06-13T03:21:19.507+0000][1][safepoint    ] Leaving safepoint region
[2022-06-13T03:21:19.507+0000][1][safepoint    ] Total time for which application threads were stopped: 0.0003493 seconds, Stopping threads took: 0.0001460 seconds
[2022-06-13T03:21:19.896+0000][1][safepoint    ] Application time: 0.3887711 seconds
[2022-06-13T03:21:19.896+0000][1][safepoint    ] Entering safepoint region: RevokeBias
[2022-06-13T03:21:19.897+0000][1][safepoint    ] Leaving safepoint region
[2022-06-13T03:21:19.897+0000][1][safepoint    ] Total time for which application threads were stopped: 0.0007520 seconds, Stopping threads took: 0.0003082 seconds
[2022-06-13T03:21:19.897+0000][1][safepoint    ] Application time: 0.0001466 seconds
[2022-06-13T03:21:19.898+0000][1][safepoint    ] Entering safepoint region: RevokeBias
[2022-06-13T03:21:19.898+0000][1][safepoint    ] Leaving safepoint region
[2022-06-13T03:21:19.898+0000][1][safepoint    ] Total time for which application threads were stopped: 0.0004765 seconds, Stopping threads took: 0.0002078 seconds
[2022-06-13T03:21:19.899+0000][1][safepoint    ] Application time: 0.0010068 seconds
[2022-06-13T03:21:19.900+0000][1][safepoint    ] Entering safepoint region: RevokeBias
[2022-06-13T03:21:19.900+0000][1][safepoint    ] Leaving safepoint region
[2022-06-13T03:21:19.900+0000][1][safepoint    ] Total time for which application threads were stopped: 0.0006120 seconds, Stopping threads took: 0.0002245 seconds
[2022-06-13T03:21:19.901+0000][1][safepoint    ] Application time: 0.0003217 seconds
[2022-06-13T03:21:19.901+0000][1][safepoint    ] Entering safepoint region: RevokeBias
[2022-06-13T03:21:19.902+0000][1][safepoint    ] Leaving safepoint region
[2022-06-13T03:21:19.902+0000][1][safepoint    ] Total time for which application threads were stopped: 0.0007981 seconds, Stopping threads took: 0.0004849 seconds
[2022-06-13T03:21:19.903+0000][1][safepoint    ] Application time: 0.0002515 seconds
[2022-06-13T03:21:19.903+0000][1][safepoint    ] Entering safepoint region: RevokeBias
[2022-06-13T03:21:19.903+0000][1][safepoint    ] Leaving safepoint region
[2022-06-13T03:21:19.903+0000][1][safepoint    ] Total time for which application threads were stopped: 0.0005962 seconds, Stopping threads took: 0.0003652 seconds
[2022-06-13T03:21:19.904+0000][1][safepoint    ] Application time: 0.0005254 seconds
[2022-06-13T03:21:19.904+0000][1][safepoint    ] Entering safepoint region: RevokeBias
[2022-06-13T03:21:19.905+0000][1][safepoint    ] Leaving safepoint region
[2022-06-13T03:21:19.905+0000][1][safepoint    ] Total time for which application threads were stopped: 0.0005115 seconds, Stopping threads took: 0.0002089 seconds
[2022-06-13T03:21:19.906+0000][1][safepoint    ] Application time: 0.0005341 seconds
[2022-06-13T03:21:19.906+0000][1][safepoint    ] Entering safepoint region: RevokeBias
[2022-06-13T03:21:19.906+0000][1][safepoint    ] Leaving safepoint region
[2022-06-13T03:21:19.906+0000][1][safepoint    ] Total time for which application threads were stopped: 0.0006419 seconds, Stopping threads took: 0.0001846 seconds
[2022-06-13T03:21:19.907+0000][1][safepoint    ] Application time: 0.0004421 seconds
[2022-06-13T03:21:19.908+0000][1][safepoint    ] Entering safepoint region: RevokeBias
[2022-06-13T03:21:19.908+0000][1][safepoint    ] Leaving safepoint region
[2022-06-13T03:21:19.908+0000][1][safepoint    ] Total time for which application threads were stopped: 0.0008561 seconds, Stopping threads took: 0.0005149 seconds
[2022-06-13T03:21:19.909+0000][1][safepoint    ] Application time: 0.0001900 seconds
[2022-06-13T03:21:19.909+0000][1][safepoint    ] Entering safepoint region: RevokeBias
[2022-06-13T03:21:19.909+0000][1][safepoint    ] Leaving safepoint region
[2022-06-13T03:21:19.909+0000][1][safepoint    ] Total time for which application threads were stopped: 0.0007212 seconds, Stopping threads took: 0.0004017 seconds
[2022-06-13T03:21:19.910+0000][1][safepoint    ] Application time: 0.0005049 seconds
[2022-06-13T03:21:19.910+0000][1][safepoint    ] Entering safepoint region: RevokeBias
[2022-06-13T03:21:19.911+0000][1][safepoint    ] Leaving safepoint region
[2022-06-13T03:21:19.911+0000][1][safepoint    ] Total time for which application threads were stopped: 0.0009737 seconds, Stopping threads took: 0.0001846 seconds
[2022-06-13T03:21:19.914+0000][1][safepoint    ] Application time: 0.0023649 seconds
[2022-06-13T03:21:19.914+0000][1][safepoint    ] Entering safepoint region: RevokeBias
[2022-06-13T03:21:19.914+0000][1][safepoint    ] Leaving safepoint region
[2022-06-13T03:21:19.915+0000][1][safepoint    ] Total time for which application threads were stopped: 0.0007820 seconds, Stopping threads took: 0.0002183 seconds
[2022-06-13T03:21:19.920+0000][1][safepoint    ] Application time: 0.0050863 seconds
[2022-06-13T03:21:19.921+0000][1][safepoint    ] Entering safepoint region: RevokeBias
[2022-06-13T03:21:19.921+0000][1][safepoint    ] Leaving safepoint region
[2022-06-13T03:21:19.921+0000][1][safepoint    ] Total time for which application threads were stopped: 0.0007129 seconds, Stopping threads took: 0.0003252 seconds
[2022-06-13T03:21:19.922+0000][1][safepoint    ] Application time: 0.0002859 seconds
[2022-06-13T03:21:19.922+0000][1][safepoint    ] Entering safepoint region: RevokeBias
[2022-06-13T03:21:19.922+0000][1][safepoint    ] Leaving safepoint region
[2022-06-13T03:21:19.923+0000][1][safepoint    ] Total time for which application threads were stopped: 0.0005004 seconds, Stopping threads took: 0.0002411 seconds
[2022-06-13T03:21:19.924+0000][1][safepoint    ] Application time: 0.0011633 seconds
[2022-06-13T03:21:19.924+0000][1][safepoint    ] Entering safepoint region: RevokeBias
[2022-06-13T03:21:19.925+0000][1][safepoint    ] Leaving safepoint region
[2022-06-13T03:21:19.925+0000][1][safepoint    ] Total time for which application threads were stopped: 0.0006405 seconds, Stopping threads took: 0.0003458 seconds
[2022-06-13T03:21:19.926+0000][1][safepoint    ] Application time: 0.0013354 seconds
[2022-06-13T03:21:19.927+0000][1][safepoint    ] Entering safepoint region: BulkRevokeBias
[2022-06-13T03:21:19.928+0000][1][safepoint    ] Leaving safepoint region
[2022-06-13T03:21:19.928+0000][1][safepoint    ] Total time for which application threads were stopped: 0.0015443 seconds, Stopping threads took: 0.0008113 seconds
[2022-06-13T03:21:19.929+0000][1][safepoint    ] Application time: 0.0004653 seconds
[2022-06-13T03:21:19.929+0000][1][safepoint    ] Entering safepoint region: RevokeBias
[2022-06-13T03:21:19.930+0000][1][safepoint    ] Leaving safepoint region
[2022-06-13T03:21:19.930+0000][1][safepoint    ] Total time for which application threads were stopped: 0.0005046 seconds, Stopping threads took: 0.0002021 seconds
[2022-06-13T03:21:19.930+0000][1][safepoint    ] Application time: 0.0003431 seconds
[2022-06-13T03:21:19.931+0000][1][safepoint    ] Entering safepoint region: RevokeBias
[2022-06-13T03:21:19.931+0000][1][safepoint    ] Leaving safepoint region
[2022-06-13T03:21:19.931+0000][1][safepoint    ] Total time for which application threads were stopped: 0.0005985 seconds, Stopping threads took: 0.0003029 seconds
[2022-06-13T03:21:19.932+0000][1][safepoint    ] Application time: 0.0002844 seconds
[2022-06-13T03:21:19.932+0000][1][safepoint    ] Entering safepoint region: RevokeBias
[2022-06-13T03:21:19.932+0000][1][safepoint    ] Leaving safepoint region
[2022-06-13T03:21:19.932+0000][1][safepoint    ] Total time for which application threads were stopped: 0.0004821 seconds, Stopping threads took: 0.0002047 seconds
[2022-06-13T03:21:19.934+0000][1][safepoint    ] Application time: 0.0010066 seconds
[2022-06-13T03:21:19.934+0000][1][safepoint    ] Entering safepoint region: RevokeBias
[2022-06-13T03:21:19.935+0000][1][safepoint    ] Leaving safepoint region
[2022-06-13T03:21:19.935+0000][1][safepoint    ] Total time for which application threads were stopped: 0.0013110 seconds, Stopping threads took: 0.0006953 seconds
[2022-06-13T03:21:19.936+0000][1][safepoint    ] Application time: 0.0006243 seconds
[2022-06-13T03:21:19.937+0000][1][safepoint    ] Entering safepoint region: RevokeBias
[2022-06-13T03:21:19.938+0000][1][safepoint    ] Leaving safepoint region
[2022-06-13T03:21:19.938+0000][1][safepoint    ] Total time for which application threads were stopped: 0.0017930 seconds, Stopping threads took: 0.0005122 seconds
[2022-06-13T03:21:19.939+0000][1][safepoint    ] Application time: 0.0003484 seconds
[2022-06-13T03:21:19.939+0000][1][safepoint    ] Entering safepoint region: RevokeBias
[2022-06-13T03:21:19.940+0000][1][safepoint    ] Leaving safepoint region
[2022-06-13T03:21:19.940+0000][1][safepoint    ] Total time for which application threads were stopped: 0.0009378 seconds, Stopping threads took: 0.0005504 seconds
[2022-06-13T03:21:19.941+0000][1][safepoint    ] Application time: 0.0002453 seconds
[2022-06-13T03:21:19.941+0000][1][safepoint    ] Entering safepoint region: RevokeBias
[2022-06-13T03:21:19.942+0000][1][safepoint    ] Leaving safepoint region
[2022-06-13T03:21:19.942+0000][1][safepoint    ] Total time for which application threads were stopped: 0.0008866 seconds, Stopping threads took: 0.0006109 seconds
[2022-06-13T03:21:19.943+0000][1][safepoint    ] Application time: 0.0005186 seconds
[2022-06-13T03:21:19.943+0000][1][safepoint    ] Entering safepoint region: RevokeBias
[2022-06-13T03:21:19.944+0000][1][safepoint    ] Leaving safepoint region
[2022-06-13T03:21:19.944+0000][1][safepoint    ] Total time for which application threads were stopped: 0.0010642 seconds, Stopping threads took: 0.0004775 seconds
[2022-06-13T03:21:19.945+0000][1][safepoint    ] Application time: 0.0001508 seconds
[2022-06-13T03:21:19.945+0000][1][safepoint    ] Entering safepoint region: RevokeBias
[2022-06-13T03:21:19.945+0000][1][safepoint    ] Leaving safepoint region
[2022-06-13T03:21:19.946+0000][1][safepoint    ] Total time for which application threads were stopped: 0.0006848 seconds, Stopping threads took: 0.0003301 seconds
[2022-06-13T03:21:19.946+0000][1][safepoint    ] Application time: 0.0002470 seconds
[2022-06-13T03:21:19.946+0000][1][safepoint    ] Entering safepoint region: RevokeBias
[2022-06-13T03:21:19.947+0000][1][safepoint    ] Leaving safepoint region
[2022-06-13T03:21:19.947+0000][1][safepoint    ] Total time for which application threads were stopped: 0.0006402 seconds, Stopping threads took: 0.0002693 seconds
[2022-06-13T03:21:19.947+0000][1][safepoint    ] Application time: 0.0004838 seconds
[2022-06-13T03:21:19.948+0000][1][safepoint    ] Entering safepoint region: RevokeBias
[2022-06-13T03:21:19.948+0000][1][safepoint    ] Leaving safepoint region
[2022-06-13T03:21:19.948+0000][1][safepoint    ] Total time for which application threads were stopped: 0.0006615 seconds, Stopping threads took: 0.0001820 seconds
[2022-06-13T03:21:19.949+0000][1][safepoint    ] Application time: 0.0000964 seconds
[2022-06-13T03:21:19.949+0000][1][safepoint    ] Entering safepoint region: RevokeBias
[2022-06-13T03:21:19.950+0000][1][safepoint    ] Leaving safepoint region
[2022-06-13T03:21:19.950+0000][1][safepoint    ] Total time for which application threads were stopped: 0.0009042 seconds, Stopping threads took: 0.0005888 seconds
[2022-06-13T03:21:19.951+0000][1][safepoint    ] Application time: 0.0005767 seconds
[2022-06-13T03:21:19.951+0000][1][safepoint    ] Entering safepoint region: RevokeBias
[2022-06-13T03:21:19.951+0000][1][safepoint    ] Leaving safepoint region
[2022-06-13T03:21:19.951+0000][1][safepoint    ] Total time for which application threads were stopped: 0.0006427 seconds, Stopping threads took: 0.0002441 seconds
[2022-06-13T03:21:19.953+0000][1][safepoint    ] Application time: 0.0013996 seconds
[2022-06-13T03:21:19.954+0000][1][safepoint    ] Entering safepoint region: RevokeBias
[2022-06-13T03:21:19.954+0000][1][safepoint    ] Leaving safepoint region
[2022-06-13T03:21:19.954+0000][1][safepoint    ] Total time for which application threads were stopped: 0.0007988 seconds, Stopping threads took: 0.0004726 seconds
[2022-06-13T03:21:19.956+0000][1][safepoint    ] Application time: 0.0010509 seconds
[2022-06-13T03:21:19.956+0000][1][safepoint    ] Entering safepoint region: RevokeBias
[2022-06-13T03:21:19.956+0000][1][safepoint    ] Leaving safepoint region
[2022-06-13T03:21:19.956+0000][1][safepoint    ] Total time for which application threads were stopped: 0.0004662 seconds, Stopping threads took: 0.0002298 seconds
[2022-06-13T03:21:19.957+0000][1][safepoint    ] Application time: 0.0003040 seconds
[2022-06-13T03:21:19.957+0000][1][safepoint    ] Entering safepoint region: RevokeBias
[2022-06-13T03:21:19.958+0000][1][safepoint    ] Leaving safepoint region
[2022-06-13T03:21:19.958+0000][1][safepoint    ] Total time for which application threads were stopped: 0.0007433 seconds, Stopping threads took: 0.0003990 seconds
[2022-06-13T03:21:19.958+0000][1][safepoint    ] Application time: 0.0000701 seconds
[2022-06-13T03:21:19.959+0000][1][safepoint    ] Entering safepoint region: RevokeBias
[2022-06-13T03:21:19.959+0000][1][safepoint    ] Leaving safepoint region
[2022-06-13T03:21:19.960+0000][1][safepoint    ] Total time for which application threads were stopped: 0.0010470 seconds, Stopping threads took: 0.0005132 seconds
[2022-06-13T03:21:19.960+0000][1][safepoint    ] Application time: 0.0001538 seconds
[2022-06-13T03:21:19.961+0000][1][safepoint    ] Entering safepoint region: RevokeBias
[2022-06-13T03:21:19.961+0000][1][safepoint    ] Leaving safepoint region
[2022-06-13T03:21:19.961+0000][1][safepoint    ] Total time for which application threads were stopped: 0.0006496 seconds, Stopping threads took: 0.0002745 seconds
[2022-06-13T03:21:19.962+0000][1][safepoint    ] Application time: 0.0001441 seconds
[2022-06-13T03:21:19.962+0000][1][safepoint    ] Entering safepoint region: RevokeBias
[2022-06-13T03:21:19.963+0000][1][safepoint    ] Leaving safepoint region
[2022-06-13T03:21:19.963+0000][1][safepoint    ] Total time for which application threads were stopped: 0.0009269 seconds, Stopping threads took: 0.0004957 seconds
[2022-06-13T03:21:19.964+0000][1][safepoint    ] Application time: 0.0005190 seconds
[2022-06-13T03:21:19.964+0000][1][safepoint    ] Entering safepoint region: RevokeBias
[2022-06-13T03:21:19.964+0000][1][safepoint    ] Leaving safepoint region
[2022-06-13T03:21:19.965+0000][1][safepoint    ] Total time for which application threads were stopped: 0.0002878 seconds, Stopping threads took: 0.0001439 seconds
[2022-06-13T03:21:19.967+0000][1][safepoint    ] Application time: 0.0018898 seconds
[2022-06-13T03:21:19.967+0000][1][safepoint    ] Entering safepoint region: RevokeBias
[2022-06-13T03:21:19.967+0000][1][safepoint    ] Leaving safepoint region
[2022-06-13T03:21:19.967+0000][1][safepoint    ] Total time for which application threads were stopped: 0.0005151 seconds, Stopping threads took: 0.0002790 seconds
[2022-06-13T03:21:19.968+0000][1][safepoint    ] Application time: 0.0006389 seconds
[2022-06-13T03:21:19.969+0000][1][safepoint    ] Entering safepoint region: RevokeBias
[2022-06-13T03:21:19.969+0000][1][safepoint    ] Leaving safepoint region
[2022-06-13T03:21:19.969+0000][1][safepoint    ] Total time for which application threads were stopped: 0.0006397 seconds, Stopping threads took: 0.0004627 seconds
[2022-06-13T03:21:19.969+0000][1][safepoint    ] Application time: 0.0001681 seconds
[2022-06-13T03:21:19.969+0000][1][safepoint    ] Entering safepoint region: RevokeBias
[2022-06-13T03:21:19.970+0000][1][safepoint    ] Leaving safepoint region
[2022-06-13T03:21:19.970+0000][1][safepoint    ] Total time for which application threads were stopped: 0.0002718 seconds, Stopping threads took: 0.0001089 seconds
[2022-06-13T03:21:19.970+0000][1][safepoint    ] Application time: 0.0001102 seconds
[2022-06-13T03:21:19.970+0000][1][safepoint    ] Entering safepoint region: RevokeBias
[2022-06-13T03:21:19.970+0000][1][safepoint    ] Leaving safepoint region
[2022-06-13T03:21:19.970+0000][1][safepoint    ] Total time for which application threads were stopped: 0.0002894 seconds, Stopping threads took: 0.0001418 seconds
[2022-06-13T03:21:19.971+0000][1][safepoint    ] Application time: 0.0006433 seconds
[2022-06-13T03:21:19.971+0000][1][safepoint    ] Entering safepoint region: RevokeBias
[2022-06-13T03:21:19.972+0000][1][safepoint    ] Leaving safepoint region
[2022-06-13T03:21:19.972+0000][1][safepoint    ] Total time for which application threads were stopped: 0.0003035 seconds, Stopping threads took: 0.0001412 seconds
[2022-06-13T03:21:19.972+0000][1][safepoint    ] Application time: 0.0001124 seconds
[2022-06-13T03:21:19.972+0000][1][safepoint    ] Entering safepoint region: BulkRevokeBias
[2022-06-13T03:21:19.972+0000][1][safepoint    ] Leaving safepoint region
[2022-06-13T03:21:19.972+0000][1][safepoint    ] Total time for which application threads were stopped: 0.0004142 seconds, Stopping threads took: 0.0001612 seconds
[2022-06-13T03:21:19.974+0000][1][safepoint    ] Application time: 0.0018956 seconds
[2022-06-13T03:21:19.975+0000][1][safepoint    ] Entering safepoint region: RevokeBias
[2022-06-13T03:21:19.975+0000][1][safepoint    ] Leaving safepoint region
[2022-06-13T03:21:19.975+0000][1][safepoint    ] Total time for which application threads were stopped: 0.0003237 seconds, Stopping threads took: 0.0001386 seconds
[2022-06-13T03:21:19.981+0000][1][safepoint    ] Application time: 0.0062607 seconds
[2022-06-13T03:21:19.982+0000][1][safepoint    ] Entering safepoint region: RevokeBias
[2022-06-13T03:21:19.982+0000][1][safepoint    ] Leaving safepoint region
[2022-06-13T03:21:19.982+0000][1][safepoint    ] Total time for which application threads were stopped: 0.0004096 seconds, Stopping threads took: 0.0001689 seconds
[2022-06-13T03:21:19.982+0000][1][safepoint    ] Application time: 0.0000877 seconds
[2022-06-13T03:21:19.982+0000][1][safepoint    ] Entering safepoint region: RevokeBias
[2022-06-13T03:21:19.983+0000][1][safepoint    ] Leaving safepoint region
[2022-06-13T03:21:19.983+0000][1][safepoint    ] Total time for which application threads were stopped: 0.0004293 seconds, Stopping threads took: 0.0001840 seconds
[2022-06-13T03:21:19.983+0000][1][safepoint    ] Application time: 0.0000898 seconds
[2022-06-13T03:21:19.983+0000][1][safepoint    ] Entering safepoint region: RevokeBias
[2022-06-13T03:21:19.983+0000][1][safepoint    ] Leaving safepoint region
[2022-06-13T03:21:19.984+0000][1][safepoint    ] Total time for which application threads were stopped: 0.0003651 seconds, Stopping threads took: 0.0001423 seconds
[2022-06-13T03:21:19.984+0000][1][safepoint    ] Application time: 0.0005114 seconds
[2022-06-13T03:21:19.985+0000][1][safepoint    ] Entering safepoint region: RevokeBias
[2022-06-13T03:21:19.985+0000][1][safepoint    ] Leaving safepoint region
[2022-06-13T03:21:19.985+0000][1][safepoint    ] Total time for which application threads were stopped: 0.0003256 seconds, Stopping threads took: 0.0001617 seconds
[2022-06-13T03:21:19.986+0000][1][safepoint    ] Application time: 0.0010974 seconds
[2022-06-13T03:21:19.986+0000][1][safepoint    ] Entering safepoint region: RevokeBias
[2022-06-13T03:21:19.986+0000][1][safepoint    ] Leaving safepoint region
[2022-06-13T03:21:19.987+0000][1][safepoint    ] Total time for which application threads were stopped: 0.0003424 seconds, Stopping threads took: 0.0001476 seconds
[2022-06-13T03:21:19.987+0000][1][safepoint    ] Application time: 0.0004210 seconds
[2022-06-13T03:21:19.987+0000][1][safepoint    ] Entering safepoint region: RevokeBias
[2022-06-13T03:21:19.987+0000][1][safepoint    ] Leaving safepoint region
[2022-06-13T03:21:19.988+0000][1][safepoint    ] Total time for which application threads were stopped: 0.0003548 seconds, Stopping threads took: 0.0001487 seconds
[2022-06-13T03:21:19.989+0000][1][safepoint    ] Application time: 0.0013945 seconds
[2022-06-13T03:21:19.989+0000][1][safepoint    ] Entering safepoint region: RevokeBias
[2022-06-13T03:21:19.989+0000][1][safepoint    ] Leaving safepoint region
[2022-06-13T03:21:19.990+0000][1][safepoint    ] Total time for which application threads were stopped: 0.0003571 seconds, Stopping threads took: 0.0001558 seconds
[2022-06-13T03:21:19.990+0000][1][safepoint    ] Application time: 0.0003465 seconds
[2022-06-13T03:21:19.991+0000][1][safepoint    ] Entering safepoint region: RevokeBias
[2022-06-13T03:21:19.991+0000][1][safepoint    ] Leaving safepoint region
[2022-06-13T03:21:19.991+0000][1][safepoint    ] Total time for which application threads were stopped: 0.0002592 seconds, Stopping threads took: 0.0001183 seconds
[2022-06-13T03:21:19.991+0000][1][safepoint    ] Application time: 0.0001724 seconds
[2022-06-13T03:21:19.991+0000][1][safepoint    ] Entering safepoint region: RevokeBias
[2022-06-13T03:21:19.991+0000][1][safepoint    ] Leaving safepoint region
[2022-06-13T03:21:19.992+0000][1][safepoint    ] Total time for which application threads were stopped: 0.0004265 seconds, Stopping threads took: 0.0002384 seconds
[2022-06-13T03:21:19.992+0000][1][safepoint    ] Application time: 0.0007071 seconds
[2022-06-13T03:21:19.993+0000][1][safepoint    ] Entering safepoint region: RevokeBias
[2022-06-13T03:21:19.993+0000][1][safepoint    ] Leaving safepoint region
[2022-06-13T03:21:19.993+0000][1][safepoint    ] Total time for which application threads were stopped: 0.0002593 seconds, Stopping threads took: 0.0001455 seconds
[2022-06-13T03:21:19.994+0000][1][safepoint    ] Application time: 0.0014902 seconds
[2022-06-13T03:21:19.995+0000][1][safepoint    ] Entering safepoint region: RevokeBias
[2022-06-13T03:21:19.995+0000][1][safepoint    ] Leaving safepoint region
[2022-06-13T03:21:19.995+0000][1][safepoint    ] Total time for which application threads were stopped: 0.0003917 seconds, Stopping threads took: 0.0001804 seconds
[2022-06-13T03:21:19.996+0000][1][safepoint    ] Application time: 0.0004315 seconds
[2022-06-13T03:21:19.996+0000][1][safepoint    ] Entering safepoint region: RevokeBias
[2022-06-13T03:21:19.996+0000][1][safepoint    ] Leaving safepoint region
[2022-06-13T03:21:19.996+0000][1][safepoint    ] Total time for which application threads were stopped: 0.0003413 seconds, Stopping threads took: 0.0001675 seconds
[2022-06-13T03:21:19.999+0000][1][gc,heap,exit ] Heap
[2022-06-13T03:21:19.999+0000][1][gc,heap,exit ]  par new generation   total 78656K, used 55160K [0x00000000f0000000, 0x00000000f5550000, 0x00000000f5550000)
[2022-06-13T03:21:19.999+0000][1][gc,heap,exit ]   eden space 69952K,  70% used [0x00000000f0000000, 0x00000000f2fdc740, 0x00000000f4450000)
[2022-06-13T03:21:19.999+0000][1][gc,heap,exit ]   from space 8704K,  70% used [0x00000000f4cd0000, 0x00000000f52d1bc0, 0x00000000f5550000)
[2022-06-13T03:21:20.000+0000][1][gc,heap,exit ]   to   space 8704K,   0% used [0x00000000f4450000, 0x00000000f4450000, 0x00000000f4cd0000)
[2022-06-13T03:21:20.000+0000][1][gc,heap,exit ]  concurrent mark-sweep generation total 174784K, used 64398K [0x00000000f5550000, 0x0000000100000000, 0x0000000100000000)
[2022-06-13T03:21:20.000+0000][1][gc,heap,exit ]  Metaspace       used 64012K, capacity 68647K, committed 68728K, reserved 1107968K
[2022-06-13T03:21:20.000+0000][1][gc,heap,exit ]   class space    used 8613K, capacity 10558K, committed 10612K, reserved 1048576K
[2022-06-13T03:21:20.000+0000][1][safepoint    ] Application time: 0.0038150 seconds
[2022-06-13T03:21:20.000+0000][1][safepoint    ] Entering safepoint region: Exit
