[2022-06-13T04:13:13.473+0000][1][gc] Using Concurrent Mark Sweep
[2022-06-13T04:13:13.474+0000][1][gc,heap,coops] Heap address: 0x00000000f0000000, size: 256 MB, Compressed Oops mode: 32-bit
[2022-06-13T04:13:13.503+0000][1][safepoint    ] Entering safepoint region: EnableBiasedLocking
[2022-06-13T04:13:13.504+0000][1][safepoint    ] Leaving safepoint region
[2022-06-13T04:13:13.504+0000][1][safepoint    ] Total time for which application threads were stopped: 0.0011956 seconds, Stopping threads took: 0.0006787 seconds
[2022-06-13T04:13:13.507+0000][1][safepoint    ] Application time: 0.0019122 seconds
[2022-06-13T04:13:13.507+0000][1][safepoint    ] Entering safepoint region: RevokeBias
[2022-06-13T04:13:13.508+0000][1][safepoint    ] Leaving safepoint region
[2022-06-13T04:13:13.509+0000][1][safepoint    ] Total time for which application threads were stopped: 0.0013206 seconds, Stopping threads took: 0.0007365 seconds
[2022-06-13T04:13:13.516+0000][1][safepoint    ] Application time: 0.0067491 seconds
[2022-06-13T04:13:13.517+0000][1][safepoint    ] Entering safepoint region: Deoptimize
[2022-06-13T04:13:13.517+0000][1][safepoint    ] Leaving safepoint region
[2022-06-13T04:13:13.518+0000][1][safepoint    ] Total time for which application threads were stopped: 0.0009753 seconds, Stopping threads took: 0.0004722 seconds
[2022-06-13T04:13:13.568+0000][1][safepoint    ] Application time: 0.0497963 seconds
[2022-06-13T04:13:13.569+0000][1][safepoint    ] Entering safepoint region: RevokeBias
[2022-06-13T04:13:13.569+0000][1][safepoint    ] Leaving safepoint region
[2022-06-13T04:13:13.570+0000][1][safepoint    ] Total time for which application threads were stopped: 0.0012001 seconds, Stopping threads took: 0.0007374 seconds
[2022-06-13T04:13:13.587+0000][1][safepoint    ] Application time: 0.0163582 seconds
[2022-06-13T04:13:13.588+0000][1][safepoint    ] Entering safepoint region: Deoptimize
[2022-06-13T04:13:13.588+0000][1][safepoint    ] Leaving safepoint region
[2022-06-13T04:13:13.588+0000][1][safepoint    ] Total time for which application threads were stopped: 0.0010336 seconds, Stopping threads took: 0.0006378 seconds
[2022-06-13T04:13:13.762+0000][1][safepoint    ] Application time: 0.1735002 seconds
[2022-06-13T04:13:13.763+0000][1][safepoint    ] Entering safepoint region: Deoptimize
[2022-06-13T04:13:13.763+0000][1][safepoint    ] Leaving safepoint region
[2022-06-13T04:13:13.763+0000][1][safepoint    ] Total time for which application threads were stopped: 0.0006019 seconds, Stopping threads took: 0.0002680 seconds
[2022-06-13T04:13:13.773+0000][1][safepoint    ] Application time: 0.0093225 seconds
[2022-06-13T04:13:13.773+0000][1][safepoint    ] Entering safepoint region: Deoptimize
[2022-06-13T04:13:13.774+0000][1][safepoint    ] Leaving safepoint region
[2022-06-13T04:13:13.774+0000][1][safepoint    ] Total time for which application threads were stopped: 0.0006617 seconds, Stopping threads took: 0.0001832 seconds
[2022-06-13T04:13:13.796+0000][1][safepoint    ] Application time: 0.0216558 seconds
[2022-06-13T04:13:13.796+0000][1][safepoint    ] Entering safepoint region: Deoptimize
[2022-06-13T04:13:13.796+0000][1][safepoint    ] Leaving safepoint region
[2022-06-13T04:13:13.797+0000][1][safepoint    ] Total time for which application threads were stopped: 0.0004034 seconds, Stopping threads took: 0.0001377 seconds
[2022-06-13T04:13:13.803+0000][1][safepoint    ] Application time: 0.0061028 seconds
[2022-06-13T04:13:13.803+0000][1][safepoint    ] Entering safepoint region: Deoptimize
[2022-06-13T04:13:13.804+0000][1][safepoint    ] Leaving safepoint region
[2022-06-13T04:13:13.804+0000][1][safepoint    ] Total time for which application threads were stopped: 0.0007301 seconds, Stopping threads took: 0.0003795 seconds
[2022-06-13T04:13:14.019+0000][1][safepoint    ] Application time: 0.2153661 seconds
[2022-06-13T04:13:14.020+0000][1][safepoint    ] Entering safepoint region: Deoptimize
[2022-06-13T04:13:14.020+0000][1][safepoint    ] Leaving safepoint region
[2022-06-13T04:13:14.020+0000][1][safepoint    ] Total time for which application threads were stopped: 0.0007026 seconds, Stopping threads took: 0.0001870 seconds
[2022-06-13T04:13:14.173+0000][1][safepoint    ] Application time: 0.1526316 seconds
[2022-06-13T04:13:14.174+0000][1][safepoint    ] Entering safepoint region: RevokeBias
[2022-06-13T04:13:14.174+0000][1][safepoint    ] Leaving safepoint region
[2022-06-13T04:13:14.175+0000][1][safepoint    ] Total time for which application threads were stopped: 0.0008718 seconds, Stopping threads took: 0.0002982 seconds
[2022-06-13T04:13:14.233+0000][1][safepoint    ] Application time: 0.0582616 seconds
[2022-06-13T04:13:14.234+0000][1][safepoint    ] Entering safepoint region: Deoptimize
[2022-06-13T04:13:14.234+0000][1][safepoint    ] Leaving safepoint region
[2022-06-13T04:13:14.234+0000][1][safepoint    ] Total time for which application threads were stopped: 0.0006020 seconds, Stopping threads took: 0.0001853 seconds
[2022-06-13T04:13:14.294+0000][1][safepoint    ] Application time: 0.0592245 seconds
[2022-06-13T04:13:14.294+0000][1][safepoint    ] Entering safepoint region: Deoptimize
[2022-06-13T04:13:14.294+0000][1][safepoint    ] Leaving safepoint region
[2022-06-13T04:13:14.294+0000][1][safepoint    ] Total time for which application threads were stopped: 0.0005329 seconds, Stopping threads took: 0.0001456 seconds
[2022-06-13T04:13:14.295+0000][1][safepoint    ] Application time: 0.0001394 seconds
[2022-06-13T04:13:14.295+0000][1][safepoint    ] Entering safepoint region: Deoptimize
[2022-06-13T04:13:14.295+0000][1][safepoint    ] Leaving safepoint region
[2022-06-13T04:13:14.295+0000][1][safepoint    ] Total time for which application threads were stopped: 0.0004694 seconds, Stopping threads took: 0.0001396 seconds
[2022-06-13T04:13:14.317+0000][1][safepoint    ] Application time: 0.0218707 seconds
[2022-06-13T04:13:14.317+0000][1][safepoint    ] Entering safepoint region: Deoptimize
[2022-06-13T04:13:14.318+0000][1][safepoint    ] Leaving safepoint region
[2022-06-13T04:13:14.318+0000][1][safepoint    ] Total time for which application threads were stopped: 0.0005450 seconds, Stopping threads took: 0.0000996 seconds
[2022-06-13T04:13:14.323+0000][1][safepoint    ] Application time: 0.0052233 seconds
[2022-06-13T04:13:14.324+0000][1][safepoint    ] Entering safepoint region: RevokeBias
[2022-06-13T04:13:14.324+0000][1][safepoint    ] Leaving safepoint region
[2022-06-13T04:13:14.324+0000][1][safepoint    ] Total time for which application threads were stopped: 0.0003677 seconds, Stopping threads took: 0.0002121 seconds
[2022-06-13T04:13:14.324+0000][1][safepoint    ] Application time: 0.0000716 seconds
[2022-06-13T04:13:14.324+0000][1][safepoint    ] Entering safepoint region: RevokeBias
[2022-06-13T04:13:14.325+0000][1][safepoint    ] Leaving safepoint region
[2022-06-13T04:13:14.325+0000][1][safepoint    ] Total time for which application threads were stopped: 0.0002604 seconds, Stopping threads took: 0.0001163 seconds
[2022-06-13T04:13:14.325+0000][1][safepoint    ] Application time: 0.0001296 seconds
[2022-06-13T04:13:14.325+0000][1][safepoint    ] Entering safepoint region: RevokeBias
[2022-06-13T04:13:14.325+0000][1][safepoint    ] Leaving safepoint region
[2022-06-13T04:13:14.325+0000][1][safepoint    ] Total time for which application threads were stopped: 0.0002967 seconds, Stopping threads took: 0.0001613 seconds
[2022-06-13T04:13:14.326+0000][1][safepoint    ] Application time: 0.0002939 seconds
[2022-06-13T04:13:14.326+0000][1][safepoint    ] Entering safepoint region: RevokeBias
[2022-06-13T04:13:14.326+0000][1][safepoint    ] Leaving safepoint region
[2022-06-13T04:13:14.326+0000][1][safepoint    ] Total time for which application threads were stopped: 0.0002957 seconds, Stopping threads took: 0.0001611 seconds
[2022-06-13T04:13:14.330+0000][1][safepoint    ] Application time: 0.0039713 seconds
[2022-06-13T04:13:14.330+0000][1][safepoint    ] Entering safepoint region: Deoptimize
[2022-06-13T04:13:14.331+0000][1][safepoint    ] Leaving safepoint region
[2022-06-13T04:13:14.331+0000][1][safepoint    ] Total time for which application threads were stopped: 0.0004771 seconds, Stopping threads took: 0.0001347 seconds
[2022-06-13T04:13:14.370+0000][1][safepoint    ] Application time: 0.0392153 seconds
[2022-06-13T04:13:14.371+0000][1][safepoint    ] Entering safepoint region: GenCollectForAllocation
[2022-06-13T04:13:14.371+0000][1][gc,start     ] GC(0) Pause Young (Allocation Failure)
[2022-06-13T04:13:14.371+0000][1][gc,task      ] GC(0) Using 5 workers of 13 for evacuation
[2022-06-13T04:13:14.376+0000][1][gc,age       ] GC(0) Desired survivor size 4456448 bytes, new threshold 1 (max threshold 6)
[2022-06-13T04:13:14.376+0000][1][gc,age       ] GC(0) Age table with threshold 1 (max threshold 6)
[2022-06-13T04:13:14.376+0000][1][gc,age       ] GC(0) - age   1:    8187248 bytes,    8187248 total
[2022-06-13T04:13:14.376+0000][1][gc,heap      ] GC(0) ParNew: 69952K->8107K(78656K)
[2022-06-13T04:13:14.376+0000][1][gc,heap      ] GC(0) CMS: 0K->0K(174784K)
[2022-06-13T04:13:14.376+0000][1][gc,metaspace ] GC(0) Metaspace: 12201K->12201K(1060864K)
[2022-06-13T04:13:14.376+0000][1][gc           ] GC(0) Pause Young (Allocation Failure) 68M->7M(247M) 5.578ms
[2022-06-13T04:13:14.377+0000][1][gc,cpu       ] GC(0) User=0.02s Sys=0.01s Real=0.00s
[2022-06-13T04:13:14.377+0000][1][safepoint    ] Leaving safepoint region
[2022-06-13T04:13:14.377+0000][1][safepoint    ] Total time for which application threads were stopped: 0.0061821 seconds, Stopping threads took: 0.0001465 seconds
[2022-06-13T04:13:14.377+0000][1][safepoint    ] Application time: 0.0003377 seconds
[2022-06-13T04:13:14.377+0000][1][safepoint    ] Entering safepoint region: RevokeBias
[2022-06-13T04:13:14.378+0000][1][safepoint    ] Leaving safepoint region
[2022-06-13T04:13:14.378+0000][1][safepoint    ] Total time for which application threads were stopped: 0.0002866 seconds, Stopping threads took: 0.0001392 seconds
[2022-06-13T04:13:14.378+0000][1][safepoint    ] Application time: 0.0000955 seconds
[2022-06-13T04:13:14.378+0000][1][safepoint    ] Entering safepoint region: RevokeBias
[2022-06-13T04:13:14.378+0000][1][safepoint    ] Leaving safepoint region
[2022-06-13T04:13:14.378+0000][1][safepoint    ] Total time for which application threads were stopped: 0.0003791 seconds, Stopping threads took: 0.0001989 seconds
[2022-06-13T04:13:14.379+0000][1][safepoint    ] Application time: 0.0001681 seconds
[2022-06-13T04:13:14.379+0000][1][safepoint    ] Entering safepoint region: RevokeBias
[2022-06-13T04:13:14.379+0000][1][safepoint    ] Leaving safepoint region
[2022-06-13T04:13:14.379+0000][1][safepoint    ] Total time for which application threads were stopped: 0.0003392 seconds, Stopping threads took: 0.0001936 seconds
[2022-06-13T04:13:14.379+0000][1][safepoint    ] Application time: 0.0000713 seconds
[2022-06-13T04:13:14.380+0000][1][safepoint    ] Entering safepoint region: RevokeBias
[2022-06-13T04:13:14.380+0000][1][safepoint    ] Leaving safepoint region
[2022-06-13T04:13:14.380+0000][1][safepoint    ] Total time for which application threads were stopped: 0.0002220 seconds, Stopping threads took: 0.0001008 seconds
[2022-06-13T04:13:14.380+0000][1][safepoint    ] Application time: 0.0002025 seconds
[2022-06-13T04:13:14.380+0000][1][safepoint    ] Entering safepoint region: RevokeBias
[2022-06-13T04:13:14.380+0000][1][safepoint    ] Leaving safepoint region
[2022-06-13T04:13:14.381+0000][1][safepoint    ] Total time for which application threads were stopped: 0.0003524 seconds, Stopping threads took: 0.0001977 seconds
[2022-06-13T04:13:14.381+0000][1][safepoint    ] Application time: 0.0000727 seconds
[2022-06-13T04:13:14.381+0000][1][safepoint    ] Entering safepoint region: RevokeBias
[2022-06-13T04:13:14.381+0000][1][safepoint    ] Leaving safepoint region
[2022-06-13T04:13:14.381+0000][1][safepoint    ] Total time for which application threads were stopped: 0.0002818 seconds, Stopping threads took: 0.0001346 seconds
[2022-06-13T04:13:14.381+0000][1][safepoint    ] Application time: 0.0000812 seconds
[2022-06-13T04:13:14.381+0000][1][safepoint    ] Entering safepoint region: RevokeBias
[2022-06-13T04:13:14.382+0000][1][safepoint    ] Leaving safepoint region
[2022-06-13T04:13:14.382+0000][1][safepoint    ] Total time for which application threads were stopped: 0.0002961 seconds, Stopping threads took: 0.0001426 seconds
[2022-06-13T04:13:14.382+0000][1][safepoint    ] Application time: 0.0000742 seconds
[2022-06-13T04:13:14.382+0000][1][safepoint    ] Entering safepoint region: RevokeBias
[2022-06-13T04:13:14.382+0000][1][safepoint    ] Leaving safepoint region
[2022-06-13T04:13:14.382+0000][1][safepoint    ] Total time for which application threads were stopped: 0.0002216 seconds, Stopping threads took: 0.0000974 seconds
[2022-06-13T04:13:14.382+0000][1][safepoint    ] Application time: 0.0001630 seconds
[2022-06-13T04:13:14.383+0000][1][safepoint    ] Entering safepoint region: RevokeBias
[2022-06-13T04:13:14.383+0000][1][safepoint    ] Leaving safepoint region
[2022-06-13T04:13:14.383+0000][1][safepoint    ] Total time for which application threads were stopped: 0.0002612 seconds, Stopping threads took: 0.0001382 seconds
[2022-06-13T04:13:14.383+0000][1][safepoint    ] Application time: 0.0000729 seconds
[2022-06-13T04:13:14.383+0000][1][safepoint    ] Entering safepoint region: RevokeBias
[2022-06-13T04:13:14.383+0000][1][safepoint    ] Leaving safepoint region
[2022-06-13T04:13:14.383+0000][1][safepoint    ] Total time for which application threads were stopped: 0.0002475 seconds, Stopping threads took: 0.0001296 seconds
[2022-06-13T04:13:14.384+0000][1][safepoint    ] Application time: 0.0000887 seconds
[2022-06-13T04:13:14.384+0000][1][safepoint    ] Entering safepoint region: RevokeBias
[2022-06-13T04:13:14.384+0000][1][safepoint    ] Leaving safepoint region
[2022-06-13T04:13:14.384+0000][1][safepoint    ] Total time for which application threads were stopped: 0.0002518 seconds, Stopping threads took: 0.0001237 seconds
[2022-06-13T04:13:14.384+0000][1][safepoint    ] Application time: 0.0000822 seconds
[2022-06-13T04:13:14.384+0000][1][safepoint    ] Entering safepoint region: RevokeBias
[2022-06-13T04:13:14.385+0000][1][safepoint    ] Leaving safepoint region
[2022-06-13T04:13:14.385+0000][1][safepoint    ] Total time for which application threads were stopped: 0.0002922 seconds, Stopping threads took: 0.0001652 seconds
[2022-06-13T04:13:14.385+0000][1][safepoint    ] Application time: 0.0001100 seconds
[2022-06-13T04:13:14.385+0000][1][safepoint    ] Entering safepoint region: RevokeBias
[2022-06-13T04:13:14.385+0000][1][safepoint    ] Leaving safepoint region
[2022-06-13T04:13:14.385+0000][1][safepoint    ] Total time for which application threads were stopped: 0.0002962 seconds, Stopping threads took: 0.0001656 seconds
[2022-06-13T04:13:14.385+0000][1][safepoint    ] Application time: 0.0000672 seconds
[2022-06-13T04:13:14.386+0000][1][safepoint    ] Entering safepoint region: RevokeBias
[2022-06-13T04:13:14.386+0000][1][safepoint    ] Leaving safepoint region
[2022-06-13T04:13:14.386+0000][1][safepoint    ] Total time for which application threads were stopped: 0.0002407 seconds, Stopping threads took: 0.0001115 seconds
[2022-06-13T04:13:14.386+0000][1][safepoint    ] Application time: 0.0000988 seconds
[2022-06-13T04:13:14.386+0000][1][safepoint    ] Entering safepoint region: RevokeBias
[2022-06-13T04:13:14.386+0000][1][safepoint    ] Leaving safepoint region
[2022-06-13T04:13:14.386+0000][1][safepoint    ] Total time for which application threads were stopped: 0.0002886 seconds, Stopping threads took: 0.0001623 seconds
[2022-06-13T04:13:14.387+0000][1][safepoint    ] Application time: 0.0000707 seconds
[2022-06-13T04:13:14.387+0000][1][safepoint    ] Entering safepoint region: RevokeBias
[2022-06-13T04:13:14.387+0000][1][safepoint    ] Leaving safepoint region
[2022-06-13T04:13:14.387+0000][1][safepoint    ] Total time for which application threads were stopped: 0.0002765 seconds, Stopping threads took: 0.0001366 seconds
[2022-06-13T04:13:14.387+0000][1][safepoint    ] Application time: 0.0000897 seconds
[2022-06-13T04:13:14.387+0000][1][safepoint    ] Entering safepoint region: RevokeBias
[2022-06-13T04:13:14.388+0000][1][safepoint    ] Leaving safepoint region
[2022-06-13T04:13:14.388+0000][1][safepoint    ] Total time for which application threads were stopped: 0.0003381 seconds, Stopping threads took: 0.0001819 seconds
[2022-06-13T04:13:14.388+0000][1][safepoint    ] Application time: 0.0000757 seconds
[2022-06-13T04:13:14.388+0000][1][safepoint    ] Entering safepoint region: RevokeBias
[2022-06-13T04:13:14.388+0000][1][safepoint    ] Leaving safepoint region
[2022-06-13T04:13:14.388+0000][1][safepoint    ] Total time for which application threads were stopped: 0.0003489 seconds, Stopping threads took: 0.0002258 seconds
[2022-06-13T04:13:14.389+0000][1][safepoint    ] Application time: 0.0000815 seconds
[2022-06-13T04:13:14.389+0000][1][safepoint    ] Entering safepoint region: RevokeBias
[2022-06-13T04:13:14.389+0000][1][safepoint    ] Leaving safepoint region
[2022-06-13T04:13:14.389+0000][1][safepoint    ] Total time for which application threads were stopped: 0.0002776 seconds, Stopping threads took: 0.0001323 seconds
[2022-06-13T04:13:14.389+0000][1][safepoint    ] Application time: 0.0000951 seconds
[2022-06-13T04:13:14.389+0000][1][safepoint    ] Entering safepoint region: RevokeBias
[2022-06-13T04:13:14.390+0000][1][safepoint    ] Leaving safepoint region
[2022-06-13T04:13:14.390+0000][1][safepoint    ] Total time for which application threads were stopped: 0.0004675 seconds, Stopping threads took: 0.0003136 seconds
[2022-06-13T04:13:14.390+0000][1][safepoint    ] Application time: 0.0000906 seconds
[2022-06-13T04:13:14.390+0000][1][safepoint    ] Entering safepoint region: RevokeBias
[2022-06-13T04:13:14.390+0000][1][safepoint    ] Leaving safepoint region
[2022-06-13T04:13:14.390+0000][1][safepoint    ] Total time for which application threads were stopped: 0.0003983 seconds, Stopping threads took: 0.0002438 seconds
[2022-06-13T04:13:14.391+0000][1][safepoint    ] Application time: 0.0000718 seconds
[2022-06-13T04:13:14.391+0000][1][safepoint    ] Entering safepoint region: RevokeBias
[2022-06-13T04:13:14.391+0000][1][safepoint    ] Leaving safepoint region
[2022-06-13T04:13:14.391+0000][1][safepoint    ] Total time for which application threads were stopped: 0.0002651 seconds, Stopping threads took: 0.0001155 seconds
[2022-06-13T04:13:14.391+0000][1][safepoint    ] Application time: 0.0000906 seconds
[2022-06-13T04:13:14.391+0000][1][safepoint    ] Entering safepoint region: RevokeBias
[2022-06-13T04:13:14.392+0000][1][safepoint    ] Leaving safepoint region
[2022-06-13T04:13:14.392+0000][1][safepoint    ] Total time for which application threads were stopped: 0.0003096 seconds, Stopping threads took: 0.0001517 seconds
[2022-06-13T04:13:14.392+0000][1][safepoint    ] Application time: 0.0000710 seconds
[2022-06-13T04:13:14.392+0000][1][safepoint    ] Entering safepoint region: RevokeBias
[2022-06-13T04:13:14.392+0000][1][safepoint    ] Leaving safepoint region
[2022-06-13T04:13:14.392+0000][1][safepoint    ] Total time for which application threads were stopped: 0.0003304 seconds, Stopping threads took: 0.0001627 seconds
[2022-06-13T04:13:14.393+0000][1][safepoint    ] Application time: 0.0000858 seconds
[2022-06-13T04:13:14.393+0000][1][safepoint    ] Entering safepoint region: RevokeBias
[2022-06-13T04:13:14.393+0000][1][safepoint    ] Leaving safepoint region
[2022-06-13T04:13:14.393+0000][1][safepoint    ] Total time for which application threads were stopped: 0.0002976 seconds, Stopping threads took: 0.0001684 seconds
[2022-06-13T04:13:14.393+0000][1][safepoint    ] Application time: 0.0000781 seconds
[2022-06-13T04:13:14.393+0000][1][safepoint    ] Entering safepoint region: RevokeBias
[2022-06-13T04:13:14.394+0000][1][safepoint    ] Leaving safepoint region
[2022-06-13T04:13:14.394+0000][1][safepoint    ] Total time for which application threads were stopped: 0.0004349 seconds, Stopping threads took: 0.0002464 seconds
[2022-06-13T04:13:14.512+0000][1][safepoint    ] Application time: 0.1176375 seconds
[2022-06-13T04:13:14.512+0000][1][safepoint    ] Entering safepoint region: Deoptimize
[2022-06-13T04:13:14.512+0000][1][safepoint    ] Leaving safepoint region
[2022-06-13T04:13:14.512+0000][1][safepoint    ] Total time for which application threads were stopped: 0.0007188 seconds, Stopping threads took: 0.0001735 seconds
[2022-06-13T04:13:14.639+0000][1][safepoint    ] Application time: 0.1266193 seconds
[2022-06-13T04:13:14.640+0000][1][safepoint    ] Entering safepoint region: RevokeBias
[2022-06-13T04:13:14.640+0000][1][safepoint    ] Leaving safepoint region
[2022-06-13T04:13:14.640+0000][1][safepoint    ] Total time for which application threads were stopped: 0.0005611 seconds, Stopping threads took: 0.0002643 seconds
[2022-06-13T04:13:14.694+0000][1][safepoint    ] Application time: 0.0538917 seconds
[2022-06-13T04:13:14.695+0000][1][safepoint    ] Entering safepoint region: RevokeBias
[2022-06-13T04:13:14.695+0000][1][safepoint    ] Leaving safepoint region
[2022-06-13T04:13:14.695+0000][1][safepoint    ] Total time for which application threads were stopped: 0.0007733 seconds, Stopping threads took: 0.0005108 seconds
[2022-06-13T04:13:14.697+0000][1][safepoint    ] Application time: 0.0016374 seconds
[2022-06-13T04:13:14.698+0000][1][safepoint    ] Entering safepoint region: RevokeBias
[2022-06-13T04:13:14.698+0000][1][safepoint    ] Leaving safepoint region
[2022-06-13T04:13:14.699+0000][1][safepoint    ] Total time for which application threads were stopped: 0.0007986 seconds, Stopping threads took: 0.0004016 seconds
[2022-06-13T04:13:14.715+0000][1][safepoint    ] Application time: 0.0156460 seconds
[2022-06-13T04:13:14.715+0000][1][safepoint    ] Entering safepoint region: GenCollectForAllocation
[2022-06-13T04:13:14.716+0000][1][gc,start     ] GC(1) Pause Young (Allocation Failure)
[2022-06-13T04:13:14.716+0000][1][gc,task      ] GC(1) Using 5 workers of 13 for evacuation
[2022-06-13T04:13:14.728+0000][1][gc,age       ] GC(1) Desired survivor size 4456448 bytes, new threshold 6 (max threshold 6)
[2022-06-13T04:13:14.728+0000][1][gc,age       ] GC(1) Age table with threshold 6 (max threshold 6)
[2022-06-13T04:13:14.729+0000][1][gc,age       ] GC(1) - age   1:    1996392 bytes,    1996392 total
[2022-06-13T04:13:14.729+0000][1][gc,heap      ] GC(1) ParNew: 78059K->5433K(78656K)
[2022-06-13T04:13:14.729+0000][1][gc,heap      ] GC(1) CMS: 0K->6638K(174784K)
[2022-06-13T04:13:14.729+0000][1][gc,metaspace ] GC(1) Metaspace: 14905K->14905K(1062912K)
[2022-06-13T04:13:14.729+0000][1][gc           ] GC(1) Pause Young (Allocation Failure) 76M->11M(247M) 13.720ms
[2022-06-13T04:13:14.730+0000][1][gc,cpu       ] GC(1) User=0.08s Sys=0.00s Real=0.02s
[2022-06-13T04:13:14.730+0000][1][safepoint    ] Leaving safepoint region
[2022-06-13T04:13:14.730+0000][1][safepoint    ] Total time for which application threads were stopped: 0.0147954 seconds, Stopping threads took: 0.0005579 seconds
[2022-06-13T04:13:14.730+0000][1][safepoint    ] Application time: 0.0002425 seconds
[2022-06-13T04:13:14.730+0000][1][safepoint    ] Entering safepoint region: RevokeBias
[2022-06-13T04:13:14.731+0000][1][safepoint    ] Leaving safepoint region
[2022-06-13T04:13:14.731+0000][1][safepoint    ] Total time for which application threads were stopped: 0.0003584 seconds, Stopping threads took: 0.0001515 seconds
[2022-06-13T04:13:14.731+0000][1][safepoint    ] Application time: 0.0001325 seconds
[2022-06-13T04:13:14.731+0000][1][safepoint    ] Entering safepoint region: RevokeBias
[2022-06-13T04:13:14.731+0000][1][safepoint    ] Leaving safepoint region
[2022-06-13T04:13:14.732+0000][1][safepoint    ] Total time for which application threads were stopped: 0.0005811 seconds, Stopping threads took: 0.0002087 seconds
[2022-06-13T04:13:14.732+0000][1][safepoint    ] Application time: 0.0001014 seconds
[2022-06-13T04:13:14.732+0000][1][safepoint    ] Entering safepoint region: RevokeBias
[2022-06-13T04:13:14.733+0000][1][safepoint    ] Leaving safepoint region
[2022-06-13T04:13:14.733+0000][1][safepoint    ] Total time for which application threads were stopped: 0.0003107 seconds, Stopping threads took: 0.0001686 seconds
[2022-06-13T04:13:14.733+0000][1][safepoint    ] Application time: 0.0000891 seconds
[2022-06-13T04:13:14.733+0000][1][safepoint    ] Entering safepoint region: RevokeBias
[2022-06-13T04:13:14.733+0000][1][safepoint    ] Leaving safepoint region
[2022-06-13T04:13:14.733+0000][1][safepoint    ] Total time for which application threads were stopped: 0.0003272 seconds, Stopping threads took: 0.0001724 seconds
[2022-06-13T04:13:14.734+0000][1][safepoint    ] Application time: 0.0000879 seconds
[2022-06-13T04:13:14.734+0000][1][safepoint    ] Entering safepoint region: RevokeBias
[2022-06-13T04:13:14.734+0000][1][safepoint    ] Leaving safepoint region
[2022-06-13T04:13:14.734+0000][1][safepoint    ] Total time for which application threads were stopped: 0.0003224 seconds, Stopping threads took: 0.0001722 seconds
[2022-06-13T04:13:14.734+0000][1][safepoint    ] Application time: 0.0000723 seconds
[2022-06-13T04:13:14.734+0000][1][safepoint    ] Entering safepoint region: RevokeBias
[2022-06-13T04:13:14.735+0000][1][safepoint    ] Leaving safepoint region
[2022-06-13T04:13:14.735+0000][1][safepoint    ] Total time for which application threads were stopped: 0.0003827 seconds, Stopping threads took: 0.0001670 seconds
[2022-06-13T04:13:14.735+0000][1][safepoint    ] Application time: 0.0001543 seconds
[2022-06-13T04:13:14.736+0000][1][safepoint    ] Entering safepoint region: RevokeBias
[2022-06-13T04:13:14.736+0000][1][safepoint    ] Leaving safepoint region
[2022-06-13T04:13:14.736+0000][1][safepoint    ] Total time for which application threads were stopped: 0.0004950 seconds, Stopping threads took: 0.0003048 seconds
[2022-06-13T04:13:14.736+0000][1][safepoint    ] Application time: 0.0001359 seconds
[2022-06-13T04:13:14.737+0000][1][safepoint    ] Entering safepoint region: RevokeBias
[2022-06-13T04:13:14.737+0000][1][safepoint    ] Leaving safepoint region
[2022-06-13T04:13:14.737+0000][1][safepoint    ] Total time for which application threads were stopped: 0.0004551 seconds, Stopping threads took: 0.0002544 seconds
[2022-06-13T04:13:14.737+0000][1][safepoint    ] Application time: 0.0001532 seconds
[2022-06-13T04:13:14.738+0000][1][safepoint    ] Entering safepoint region: RevokeBias
[2022-06-13T04:13:14.738+0000][1][safepoint    ] Leaving safepoint region
[2022-06-13T04:13:14.738+0000][1][safepoint    ] Total time for which application threads were stopped: 0.0004930 seconds, Stopping threads took: 0.0001922 seconds
[2022-06-13T04:13:14.738+0000][1][safepoint    ] Application time: 0.0001530 seconds
[2022-06-13T04:13:14.739+0000][1][safepoint    ] Entering safepoint region: RevokeBias
[2022-06-13T04:13:14.739+0000][1][safepoint    ] Leaving safepoint region
[2022-06-13T04:13:14.739+0000][1][safepoint    ] Total time for which application threads were stopped: 0.0005525 seconds, Stopping threads took: 0.0002493 seconds
[2022-06-13T04:13:14.740+0000][1][safepoint    ] Application time: 0.0001743 seconds
[2022-06-13T04:13:14.740+0000][1][safepoint    ] Entering safepoint region: BulkRevokeBias
[2022-06-13T04:13:14.740+0000][1][safepoint    ] Leaving safepoint region
[2022-06-13T04:13:14.740+0000][1][safepoint    ] Total time for which application threads were stopped: 0.0006040 seconds, Stopping threads took: 0.0001756 seconds
[2022-06-13T04:13:14.741+0000][1][safepoint    ] Application time: 0.0001046 seconds
[2022-06-13T04:13:14.741+0000][1][safepoint    ] Entering safepoint region: RevokeBias
[2022-06-13T04:13:14.741+0000][1][safepoint    ] Leaving safepoint region
[2022-06-13T04:13:14.741+0000][1][safepoint    ] Total time for which application threads were stopped: 0.0002413 seconds, Stopping threads took: 0.0001190 seconds
[2022-06-13T04:13:14.741+0000][1][safepoint    ] Application time: 0.0001962 seconds
[2022-06-13T04:13:14.742+0000][1][safepoint    ] Entering safepoint region: BulkRevokeBias
[2022-06-13T04:13:14.742+0000][1][safepoint    ] Leaving safepoint region
[2022-06-13T04:13:14.742+0000][1][safepoint    ] Total time for which application threads were stopped: 0.0003068 seconds, Stopping threads took: 0.0001822 seconds
[2022-06-13T04:13:14.813+0000][1][safepoint    ] Application time: 0.0714618 seconds
[2022-06-13T04:13:14.814+0000][1][safepoint    ] Entering safepoint region: GenCollectForAllocation
[2022-06-13T04:13:14.814+0000][1][gc,start     ] GC(2) Pause Young (Allocation Failure)
[2022-06-13T04:13:14.814+0000][1][gc,task      ] GC(2) Using 5 workers of 13 for evacuation
[2022-06-13T04:13:14.817+0000][1][gc,age       ] GC(2) Desired survivor size 4456448 bytes, new threshold 6 (max threshold 6)
[2022-06-13T04:13:14.817+0000][1][gc,age       ] GC(2) Age table with threshold 6 (max threshold 6)
[2022-06-13T04:13:14.818+0000][1][gc,age       ] GC(2) - age   1:    2555424 bytes,    2555424 total
[2022-06-13T04:13:14.818+0000][1][gc,age       ] GC(2) - age   2:    1207384 bytes,    3762808 total
[2022-06-13T04:13:14.818+0000][1][gc,heap      ] GC(2) ParNew: 75385K->4430K(78656K)
[2022-06-13T04:13:14.818+0000][1][gc,heap      ] GC(2) CMS: 6638K->6638K(174784K)
[2022-06-13T04:13:14.819+0000][1][gc,metaspace ] GC(2) Metaspace: 15044K->15044K(1062912K)
[2022-06-13T04:13:14.819+0000][1][gc           ] GC(2) Pause Young (Allocation Failure) 80M->10M(247M) 4.685ms
[2022-06-13T04:13:14.819+0000][1][gc,cpu       ] GC(2) User=0.01s Sys=0.00s Real=0.01s
[2022-06-13T04:13:14.819+0000][1][safepoint    ] Leaving safepoint region
[2022-06-13T04:13:14.819+0000][1][safepoint    ] Total time for which application threads were stopped: 0.0055495 seconds, Stopping threads took: 0.0002884 seconds
[2022-06-13T04:13:14.820+0000][1][safepoint    ] Application time: 0.0003257 seconds
[2022-06-13T04:13:14.820+0000][1][safepoint    ] Entering safepoint region: RevokeBias
[2022-06-13T04:13:14.821+0000][1][safepoint    ] Leaving safepoint region
[2022-06-13T04:13:14.821+0000][1][safepoint    ] Total time for which application threads were stopped: 0.0004612 seconds, Stopping threads took: 0.0002608 seconds
[2022-06-13T04:13:14.821+0000][1][safepoint    ] Application time: 0.0002664 seconds
[2022-06-13T04:13:14.822+0000][1][safepoint    ] Entering safepoint region: RevokeBias
[2022-06-13T04:13:14.822+0000][1][safepoint    ] Leaving safepoint region
[2022-06-13T04:13:14.822+0000][1][safepoint    ] Total time for which application threads were stopped: 0.0007893 seconds, Stopping threads took: 0.0005393 seconds
[2022-06-13T04:13:14.823+0000][1][safepoint    ] Application time: 0.0001151 seconds
[2022-06-13T04:13:14.823+0000][1][safepoint    ] Entering safepoint region: RevokeBias
[2022-06-13T04:13:14.823+0000][1][safepoint    ] Leaving safepoint region
[2022-06-13T04:13:14.824+0000][1][safepoint    ] Total time for which application threads were stopped: 0.0007685 seconds, Stopping threads took: 0.0003791 seconds
[2022-06-13T04:13:14.824+0000][1][safepoint    ] Application time: 0.0000956 seconds
[2022-06-13T04:13:14.824+0000][1][safepoint    ] Entering safepoint region: RevokeBias
[2022-06-13T04:13:14.824+0000][1][safepoint    ] Leaving safepoint region
[2022-06-13T04:13:14.825+0000][1][safepoint    ] Total time for which application threads were stopped: 0.0003455 seconds, Stopping threads took: 0.0001746 seconds
[2022-06-13T04:13:14.825+0000][1][safepoint    ] Application time: 0.0001005 seconds
[2022-06-13T04:13:14.825+0000][1][safepoint    ] Entering safepoint region: RevokeBias
[2022-06-13T04:13:14.825+0000][1][safepoint    ] Leaving safepoint region
[2022-06-13T04:13:14.825+0000][1][safepoint    ] Total time for which application threads were stopped: 0.0003983 seconds, Stopping threads took: 0.0001712 seconds
[2022-06-13T04:13:14.826+0000][1][safepoint    ] Application time: 0.0001020 seconds
[2022-06-13T04:13:14.826+0000][1][safepoint    ] Entering safepoint region: RevokeBias
[2022-06-13T04:13:14.826+0000][1][safepoint    ] Leaving safepoint region
[2022-06-13T04:13:14.826+0000][1][safepoint    ] Total time for which application threads were stopped: 0.0004365 seconds, Stopping threads took: 0.0002182 seconds
[2022-06-13T04:13:14.897+0000][1][safepoint    ] Application time: 0.0705532 seconds
[2022-06-13T04:13:14.897+0000][1][safepoint    ] Entering safepoint region: Deoptimize
[2022-06-13T04:13:14.898+0000][1][safepoint    ] Leaving safepoint region
[2022-06-13T04:13:14.898+0000][1][safepoint    ] Total time for which application threads were stopped: 0.0006612 seconds, Stopping threads took: 0.0001640 seconds
[2022-06-13T04:13:14.899+0000][1][safepoint    ] Application time: 0.0003335 seconds
[2022-06-13T04:13:14.899+0000][1][safepoint    ] Entering safepoint region: Deoptimize
[2022-06-13T04:13:14.899+0000][1][safepoint    ] Leaving safepoint region
[2022-06-13T04:13:14.899+0000][1][safepoint    ] Total time for which application threads were stopped: 0.0003554 seconds, Stopping threads took: 0.0000972 seconds
[2022-06-13T04:13:14.998+0000][1][safepoint    ] Application time: 0.0991332 seconds
[2022-06-13T04:13:14.999+0000][1][safepoint    ] Entering safepoint region: GenCollectForAllocation
[2022-06-13T04:13:14.999+0000][1][gc,start     ] GC(3) Pause Young (Allocation Failure)
[2022-06-13T04:13:15.000+0000][1][gc,task      ] GC(3) Using 5 workers of 13 for evacuation
[2022-06-13T04:13:15.002+0000][1][gc,age       ] GC(3) Desired survivor size 4456448 bytes, new threshold 3 (max threshold 6)
[2022-06-13T04:13:15.003+0000][1][gc,age       ] GC(3) Age table with threshold 3 (max threshold 6)
[2022-06-13T04:13:15.003+0000][1][gc,age       ] GC(3) - age   1:    3250920 bytes,    3250920 total
[2022-06-13T04:13:15.004+0000][1][gc,age       ] GC(3) - age   2:     295008 bytes,    3545928 total
[2022-06-13T04:13:15.004+0000][1][gc,age       ] GC(3) - age   3:    1204064 bytes,    4749992 total
[2022-06-13T04:13:15.005+0000][1][gc,heap      ] GC(3) ParNew: 74382K->5880K(78656K)
[2022-06-13T04:13:15.005+0000][1][gc,heap      ] GC(3) CMS: 6638K->6638K(174784K)
[2022-06-13T04:13:15.006+0000][1][gc,metaspace ] GC(3) Metaspace: 18378K->18378K(1067008K)
[2022-06-13T04:13:15.006+0000][1][gc           ] GC(3) Pause Young (Allocation Failure) 79M->12M(247M) 6.548ms
[2022-06-13T04:13:15.006+0000][1][gc,cpu       ] GC(3) User=0.01s Sys=0.00s Real=0.00s
[2022-06-13T04:13:15.007+0000][1][safepoint    ] Leaving safepoint region
[2022-06-13T04:13:15.007+0000][1][safepoint    ] Total time for which application threads were stopped: 0.0081499 seconds, Stopping threads took: 0.0004707 seconds
[2022-06-13T04:13:15.008+0000][1][safepoint    ] Application time: 0.0003585 seconds
[2022-06-13T04:13:15.008+0000][1][safepoint    ] Entering safepoint region: BulkRevokeBias
[2022-06-13T04:13:15.008+0000][1][safepoint    ] Leaving safepoint region
[2022-06-13T04:13:15.009+0000][1][safepoint    ] Total time for which application threads were stopped: 0.0007581 seconds, Stopping threads took: 0.0003630 seconds
[2022-06-13T04:13:15.009+0000][1][safepoint    ] Application time: 0.0003793 seconds
[2022-06-13T04:13:15.010+0000][1][safepoint    ] Entering safepoint region: RevokeBias
[2022-06-13T04:13:15.010+0000][1][safepoint    ] Leaving safepoint region
[2022-06-13T04:13:15.011+0000][1][safepoint    ] Total time for which application threads were stopped: 0.0010445 seconds, Stopping threads took: 0.0005798 seconds
[2022-06-13T04:13:15.011+0000][1][safepoint    ] Application time: 0.0002468 seconds
[2022-06-13T04:13:15.012+0000][1][safepoint    ] Entering safepoint region: RevokeBias
[2022-06-13T04:13:15.012+0000][1][safepoint    ] Leaving safepoint region
[2022-06-13T04:13:15.013+0000][1][safepoint    ] Total time for which application threads were stopped: 0.0008339 seconds, Stopping threads took: 0.0004056 seconds
[2022-06-13T04:13:15.013+0000][1][safepoint    ] Application time: 0.0002201 seconds
[2022-06-13T04:13:15.014+0000][1][safepoint    ] Entering safepoint region: RevokeBias
[2022-06-13T04:13:15.014+0000][1][safepoint    ] Leaving safepoint region
[2022-06-13T04:13:15.015+0000][1][safepoint    ] Total time for which application threads were stopped: 0.0009479 seconds, Stopping threads took: 0.0005033 seconds
[2022-06-13T04:13:15.015+0000][1][safepoint    ] Application time: 0.0002609 seconds
[2022-06-13T04:13:15.016+0000][1][safepoint    ] Entering safepoint region: RevokeBias
[2022-06-13T04:13:15.016+0000][1][safepoint    ] Leaving safepoint region
[2022-06-13T04:13:15.017+0000][1][safepoint    ] Total time for which application threads were stopped: 0.0009511 seconds, Stopping threads took: 0.0005790 seconds
[2022-06-13T04:13:15.017+0000][1][safepoint    ] Application time: 0.0002235 seconds
[2022-06-13T04:13:15.017+0000][1][safepoint    ] Entering safepoint region: RevokeBias
[2022-06-13T04:13:15.018+0000][1][safepoint    ] Leaving safepoint region
[2022-06-13T04:13:15.018+0000][1][safepoint    ] Total time for which application threads were stopped: 0.0006849 seconds, Stopping threads took: 0.0002616 seconds
[2022-06-13T04:13:15.018+0000][1][safepoint    ] Application time: 0.0001076 seconds
[2022-06-13T04:13:15.019+0000][1][safepoint    ] Entering safepoint region: RevokeBias
[2022-06-13T04:13:15.019+0000][1][safepoint    ] Leaving safepoint region
[2022-06-13T04:13:15.019+0000][1][safepoint    ] Total time for which application threads were stopped: 0.0003857 seconds, Stopping threads took: 0.0001737 seconds
[2022-06-13T04:13:15.019+0000][1][safepoint    ] Application time: 0.0001575 seconds
[2022-06-13T04:13:15.020+0000][1][safepoint    ] Entering safepoint region: RevokeBias
[2022-06-13T04:13:15.020+0000][1][safepoint    ] Leaving safepoint region
[2022-06-13T04:13:15.020+0000][1][safepoint    ] Total time for which application threads were stopped: 0.0004307 seconds, Stopping threads took: 0.0002287 seconds
[2022-06-13T04:13:15.020+0000][1][safepoint    ] Application time: 0.0000713 seconds
[2022-06-13T04:13:15.021+0000][1][safepoint    ] Entering safepoint region: RevokeBias
[2022-06-13T04:13:15.021+0000][1][safepoint    ] Leaving safepoint region
[2022-06-13T04:13:15.021+0000][1][safepoint    ] Total time for which application threads were stopped: 0.0003739 seconds, Stopping threads took: 0.0001693 seconds
[2022-06-13T04:13:15.021+0000][1][safepoint    ] Application time: 0.0000638 seconds
[2022-06-13T04:13:15.021+0000][1][safepoint    ] Entering safepoint region: RevokeBias
[2022-06-13T04:13:15.022+0000][1][safepoint    ] Leaving safepoint region
[2022-06-13T04:13:15.022+0000][1][safepoint    ] Total time for which application threads were stopped: 0.0004600 seconds, Stopping threads took: 0.0002561 seconds
[2022-06-13T04:13:15.022+0000][1][safepoint    ] Application time: 0.0000633 seconds
[2022-06-13T04:13:15.022+0000][1][safepoint    ] Entering safepoint region: RevokeBias
[2022-06-13T04:13:15.023+0000][1][safepoint    ] Leaving safepoint region
[2022-06-13T04:13:15.023+0000][1][safepoint    ] Total time for which application threads were stopped: 0.0004265 seconds, Stopping threads took: 0.0002220 seconds
[2022-06-13T04:13:15.023+0000][1][safepoint    ] Application time: 0.0000800 seconds
[2022-06-13T04:13:15.023+0000][1][safepoint    ] Entering safepoint region: RevokeBias
[2022-06-13T04:13:15.023+0000][1][safepoint    ] Leaving safepoint region
[2022-06-13T04:13:15.024+0000][1][safepoint    ] Total time for which application threads were stopped: 0.0005193 seconds, Stopping threads took: 0.0001848 seconds
[2022-06-13T04:13:15.024+0000][1][safepoint    ] Application time: 0.0001803 seconds
[2022-06-13T04:13:15.025+0000][1][safepoint    ] Entering safepoint region: RevokeBias
[2022-06-13T04:13:15.025+0000][1][safepoint    ] Leaving safepoint region
[2022-06-13T04:13:15.026+0000][1][safepoint    ] Total time for which application threads were stopped: 0.0010002 seconds, Stopping threads took: 0.0006101 seconds
[2022-06-13T04:13:15.026+0000][1][safepoint    ] Application time: 0.0001508 seconds
[2022-06-13T04:13:15.026+0000][1][safepoint    ] Entering safepoint region: RevokeBias
[2022-06-13T04:13:15.027+0000][1][safepoint    ] Leaving safepoint region
[2022-06-13T04:13:15.027+0000][1][safepoint    ] Total time for which application threads were stopped: 0.0004336 seconds, Stopping threads took: 0.0002071 seconds
[2022-06-13T04:13:15.027+0000][1][safepoint    ] Application time: 0.0001476 seconds
[2022-06-13T04:13:15.027+0000][1][safepoint    ] Entering safepoint region: RevokeBias
[2022-06-13T04:13:15.028+0000][1][safepoint    ] Leaving safepoint region
[2022-06-13T04:13:15.028+0000][1][safepoint    ] Total time for which application threads were stopped: 0.0004108 seconds, Stopping threads took: 0.0002103 seconds
[2022-06-13T04:13:15.028+0000][1][safepoint    ] Application time: 0.0001778 seconds
[2022-06-13T04:13:15.028+0000][1][safepoint    ] Entering safepoint region: RevokeBias
[2022-06-13T04:13:15.028+0000][1][safepoint    ] Leaving safepoint region
[2022-06-13T04:13:15.029+0000][1][safepoint    ] Total time for which application threads were stopped: 0.0004220 seconds, Stopping threads took: 0.0002053 seconds
[2022-06-13T04:13:15.029+0000][1][safepoint    ] Application time: 0.0001817 seconds
[2022-06-13T04:13:15.029+0000][1][safepoint    ] Entering safepoint region: RevokeBias
[2022-06-13T04:13:15.030+0000][1][safepoint    ] Leaving safepoint region
[2022-06-13T04:13:15.030+0000][1][safepoint    ] Total time for which application threads were stopped: 0.0005330 seconds, Stopping threads took: 0.0003425 seconds
[2022-06-13T04:13:15.030+0000][1][safepoint    ] Application time: 0.0001562 seconds
[2022-06-13T04:13:15.030+0000][1][safepoint    ] Entering safepoint region: RevokeBias
[2022-06-13T04:13:15.031+0000][1][safepoint    ] Leaving safepoint region
[2022-06-13T04:13:15.031+0000][1][safepoint    ] Total time for which application threads were stopped: 0.0005448 seconds, Stopping threads took: 0.0002929 seconds
[2022-06-13T04:13:15.031+0000][1][safepoint    ] Application time: 0.0002121 seconds
[2022-06-13T04:13:15.032+0000][1][safepoint    ] Entering safepoint region: RevokeBias
[2022-06-13T04:13:15.032+0000][1][safepoint    ] Leaving safepoint region
[2022-06-13T04:13:15.032+0000][1][safepoint    ] Total time for which application threads were stopped: 0.0005561 seconds, Stopping threads took: 0.0002691 seconds
[2022-06-13T04:13:15.033+0000][1][safepoint    ] Application time: 0.0001023 seconds
[2022-06-13T04:13:15.033+0000][1][safepoint    ] Entering safepoint region: RevokeBias
[2022-06-13T04:13:15.033+0000][1][safepoint    ] Leaving safepoint region
[2022-06-13T04:13:15.033+0000][1][safepoint    ] Total time for which application threads were stopped: 0.0004214 seconds, Stopping threads took: 0.0002337 seconds
[2022-06-13T04:13:15.034+0000][1][safepoint    ] Application time: 0.0001112 seconds
[2022-06-13T04:13:15.034+0000][1][safepoint    ] Entering safepoint region: RevokeBias
[2022-06-13T04:13:15.034+0000][1][safepoint    ] Leaving safepoint region
[2022-06-13T04:13:15.034+0000][1][safepoint    ] Total time for which application threads were stopped: 0.0004040 seconds, Stopping threads took: 0.0002207 seconds
[2022-06-13T04:13:15.106+0000][1][safepoint    ] Application time: 0.0712454 seconds
[2022-06-13T04:13:15.106+0000][1][safepoint    ] Entering safepoint region: GenCollectForAllocation
[2022-06-13T04:13:15.106+0000][1][gc,start     ] GC(4) Pause Young (Allocation Failure)
[2022-06-13T04:13:15.106+0000][1][gc,task      ] GC(4) Using 5 workers of 13 for evacuation
[2022-06-13T04:13:15.110+0000][1][gc,age       ] GC(4) Desired survivor size 4456448 bytes, new threshold 2 (max threshold 6)
[2022-06-13T04:13:15.110+0000][1][gc,age       ] GC(4) Age table with threshold 2 (max threshold 6)
[2022-06-13T04:13:15.110+0000][1][gc,age       ] GC(4) - age   1:    1428824 bytes,    1428824 total
[2022-06-13T04:13:15.111+0000][1][gc,age       ] GC(4) - age   2:    3214608 bytes,    4643432 total
[2022-06-13T04:13:15.111+0000][1][gc,age       ] GC(4) - age   3:     294480 bytes,    4937912 total
[2022-06-13T04:13:15.111+0000][1][gc,heap      ] GC(4) ParNew: 75832K->7589K(78656K)
[2022-06-13T04:13:15.111+0000][1][gc,heap      ] GC(4) CMS: 6638K->7831K(174784K)
[2022-06-13T04:13:15.112+0000][1][gc,metaspace ] GC(4) Metaspace: 18735K->18735K(1067008K)
[2022-06-13T04:13:15.112+0000][1][gc           ] GC(4) Pause Young (Allocation Failure) 80M->15M(247M) 5.883ms
[2022-06-13T04:13:15.112+0000][1][gc,cpu       ] GC(4) User=0.05s Sys=0.00s Real=0.01s
[2022-06-13T04:13:15.113+0000][1][safepoint    ] Leaving safepoint region
[2022-06-13T04:13:15.113+0000][1][safepoint    ] Total time for which application threads were stopped: 0.0069456 seconds, Stopping threads took: 0.0003023 seconds
[2022-06-13T04:13:15.113+0000][1][safepoint    ] Application time: 0.0001906 seconds
[2022-06-13T04:13:15.113+0000][1][safepoint    ] Entering safepoint region: RevokeBias
[2022-06-13T04:13:15.114+0000][1][safepoint    ] Leaving safepoint region
[2022-06-13T04:13:15.114+0000][1][safepoint    ] Total time for which application threads were stopped: 0.0004217 seconds, Stopping threads took: 0.0002067 seconds
[2022-06-13T04:13:15.114+0000][1][safepoint    ] Application time: 0.0000855 seconds
[2022-06-13T04:13:15.114+0000][1][safepoint    ] Entering safepoint region: RevokeBias
[2022-06-13T04:13:15.114+0000][1][safepoint    ] Leaving safepoint region
[2022-06-13T04:13:15.114+0000][1][safepoint    ] Total time for which application threads were stopped: 0.0003002 seconds, Stopping threads took: 0.0001360 seconds
[2022-06-13T04:13:15.115+0000][1][safepoint    ] Application time: 0.0000984 seconds
[2022-06-13T04:13:15.115+0000][1][safepoint    ] Entering safepoint region: RevokeBias
[2022-06-13T04:13:15.115+0000][1][safepoint    ] Leaving safepoint region
[2022-06-13T04:13:15.115+0000][1][safepoint    ] Total time for which application threads were stopped: 0.0004296 seconds, Stopping threads took: 0.0002336 seconds
[2022-06-13T04:13:15.115+0000][1][safepoint    ] Application time: 0.0000965 seconds
[2022-06-13T04:13:15.116+0000][1][safepoint    ] Entering safepoint region: RevokeBias
[2022-06-13T04:13:15.116+0000][1][safepoint    ] Leaving safepoint region
[2022-06-13T04:13:15.116+0000][1][safepoint    ] Total time for which application threads were stopped: 0.0009186 seconds, Stopping threads took: 0.0005670 seconds
[2022-06-13T04:13:15.131+0000][1][safepoint    ] Application time: 0.0139076 seconds
[2022-06-13T04:13:15.131+0000][1][safepoint    ] Entering safepoint region: Deoptimize
[2022-06-13T04:13:15.132+0000][1][safepoint    ] Leaving safepoint region
[2022-06-13T04:13:15.132+0000][1][safepoint    ] Total time for which application threads were stopped: 0.0009793 seconds, Stopping threads took: 0.0003045 seconds
[2022-06-13T04:13:15.157+0000][1][safepoint    ] Application time: 0.0247346 seconds
[2022-06-13T04:13:15.158+0000][1][safepoint    ] Entering safepoint region: Deoptimize
[2022-06-13T04:13:15.158+0000][1][safepoint    ] Leaving safepoint region
[2022-06-13T04:13:15.159+0000][1][safepoint    ] Total time for which application threads were stopped: 0.0010277 seconds, Stopping threads took: 0.0003810 seconds
[2022-06-13T04:13:15.221+0000][1][safepoint    ] Application time: 0.0618580 seconds
[2022-06-13T04:13:15.221+0000][1][safepoint    ] Entering safepoint region: GenCollectForAllocation
[2022-06-13T04:13:15.221+0000][1][gc,start     ] GC(5) Pause Young (Allocation Failure)
[2022-06-13T04:13:15.222+0000][1][gc,task      ] GC(5) Using 5 workers of 13 for evacuation
[2022-06-13T04:13:15.225+0000][1][gc,age       ] GC(5) Desired survivor size 4456448 bytes, new threshold 6 (max threshold 6)
[2022-06-13T04:13:15.225+0000][1][gc,age       ] GC(5) Age table with threshold 6 (max threshold 6)
[2022-06-13T04:13:15.225+0000][1][gc,age       ] GC(5) - age   1:    2373896 bytes,    2373896 total
[2022-06-13T04:13:15.225+0000][1][gc,age       ] GC(5) - age   2:     562312 bytes,    2936208 total
[2022-06-13T04:13:15.225+0000][1][gc,heap      ] GC(5) ParNew: 77541K->5604K(78656K)
[2022-06-13T04:13:15.226+0000][1][gc,heap      ] GC(5) CMS: 7831K->11283K(174784K)
[2022-06-13T04:13:15.226+0000][1][gc,metaspace ] GC(5) Metaspace: 19066K->19066K(1067008K)
[2022-06-13T04:13:15.226+0000][1][gc           ] GC(5) Pause Young (Allocation Failure) 83M->16M(247M) 4.354ms
[2022-06-13T04:13:15.226+0000][1][gc,cpu       ] GC(5) User=0.02s Sys=0.00s Real=0.00s
[2022-06-13T04:13:15.226+0000][1][safepoint    ] Leaving safepoint region
[2022-06-13T04:13:15.226+0000][1][safepoint    ] Total time for which application threads were stopped: 0.0050861 seconds, Stopping threads took: 0.0002257 seconds
[2022-06-13T04:13:15.226+0000][1][safepoint    ] Application time: 0.0001825 seconds
[2022-06-13T04:13:15.227+0000][1][safepoint    ] Entering safepoint region: RevokeBias
[2022-06-13T04:13:15.227+0000][1][safepoint    ] Leaving safepoint region
[2022-06-13T04:13:15.227+0000][1][safepoint    ] Total time for which application threads were stopped: 0.0004208 seconds, Stopping threads took: 0.0001864 seconds
[2022-06-13T04:13:15.227+0000][1][safepoint    ] Application time: 0.0001223 seconds
[2022-06-13T04:13:15.228+0000][1][safepoint    ] Entering safepoint region: RevokeBias
[2022-06-13T04:13:15.228+0000][1][safepoint    ] Leaving safepoint region
[2022-06-13T04:13:15.228+0000][1][safepoint    ] Total time for which application threads were stopped: 0.0006455 seconds, Stopping threads took: 0.0002182 seconds
[2022-06-13T04:13:15.229+0000][1][safepoint    ] Application time: 0.0001326 seconds
[2022-06-13T04:13:15.229+0000][1][safepoint    ] Entering safepoint region: RevokeBias
[2022-06-13T04:13:15.229+0000][1][safepoint    ] Leaving safepoint region
[2022-06-13T04:13:15.229+0000][1][safepoint    ] Total time for which application threads were stopped: 0.0006041 seconds, Stopping threads took: 0.0002102 seconds
[2022-06-13T04:13:15.230+0000][1][safepoint    ] Application time: 0.0000822 seconds
[2022-06-13T04:13:15.230+0000][1][safepoint    ] Entering safepoint region: RevokeBias
[2022-06-13T04:13:15.231+0000][1][safepoint    ] Leaving safepoint region
[2022-06-13T04:13:15.231+0000][1][safepoint    ] Total time for which application threads were stopped: 0.0008083 seconds, Stopping threads took: 0.0004514 seconds
[2022-06-13T04:13:15.231+0000][1][safepoint    ] Application time: 0.0001837 seconds
[2022-06-13T04:13:15.232+0000][1][safepoint    ] Entering safepoint region: RevokeBias
[2022-06-13T04:13:15.232+0000][1][safepoint    ] Leaving safepoint region
[2022-06-13T04:13:15.232+0000][1][safepoint    ] Total time for which application threads were stopped: 0.0007443 seconds, Stopping threads took: 0.0004273 seconds
[2022-06-13T04:13:15.233+0000][1][safepoint    ] Application time: 0.0000886 seconds
[2022-06-13T04:13:15.233+0000][1][safepoint    ] Entering safepoint region: RevokeBias
[2022-06-13T04:13:15.233+0000][1][safepoint    ] Leaving safepoint region
[2022-06-13T04:13:15.233+0000][1][safepoint    ] Total time for which application threads were stopped: 0.0006206 seconds, Stopping threads took: 0.0002902 seconds
[2022-06-13T04:13:15.300+0000][1][safepoint    ] Application time: 0.0666549 seconds
[2022-06-13T04:13:15.301+0000][1][safepoint    ] Entering safepoint region: RevokeBias
[2022-06-13T04:13:15.301+0000][1][safepoint    ] Leaving safepoint region
[2022-06-13T04:13:15.301+0000][1][safepoint    ] Total time for which application threads were stopped: 0.0004625 seconds, Stopping threads took: 0.0002154 seconds
[2022-06-13T04:13:15.302+0000][1][safepoint    ] Application time: 0.0004215 seconds
[2022-06-13T04:13:15.302+0000][1][safepoint    ] Entering safepoint region: BulkRevokeBias
[2022-06-13T04:13:15.302+0000][1][safepoint    ] Leaving safepoint region
[2022-06-13T04:13:15.302+0000][1][safepoint    ] Total time for which application threads were stopped: 0.0002522 seconds, Stopping threads took: 0.0001014 seconds
[2022-06-13T04:13:15.317+0000][1][safepoint    ] Application time: 0.0146201 seconds
[2022-06-13T04:13:15.317+0000][1][safepoint    ] Entering safepoint region: GenCollectForAllocation
[2022-06-13T04:13:15.317+0000][1][gc,start     ] GC(6) Pause Young (Allocation Failure)
[2022-06-13T04:13:15.318+0000][1][gc,task      ] GC(6) Using 5 workers of 13 for evacuation
[2022-06-13T04:13:15.319+0000][1][gc,age       ] GC(6) Desired survivor size 4456448 bytes, new threshold 6 (max threshold 6)
[2022-06-13T04:13:15.319+0000][1][gc,age       ] GC(6) Age table with threshold 6 (max threshold 6)
[2022-06-13T04:13:15.319+0000][1][gc,age       ] GC(6) - age   1:    1158616 bytes,    1158616 total
[2022-06-13T04:13:15.320+0000][1][gc,age       ] GC(6) - age   2:    2195136 bytes,    3353752 total
[2022-06-13T04:13:15.320+0000][1][gc,age       ] GC(6) - age   3:     562312 bytes,    3916064 total
[2022-06-13T04:13:15.320+0000][1][gc,heap      ] GC(6) ParNew: 75556K->5422K(78656K)
[2022-06-13T04:13:15.320+0000][1][gc,heap      ] GC(6) CMS: 11283K->11283K(174784K)
[2022-06-13T04:13:15.320+0000][1][gc,metaspace ] GC(6) Metaspace: 19371K->19371K(1067008K)
[2022-06-13T04:13:15.320+0000][1][gc           ] GC(6) Pause Young (Allocation Failure) 84M->16M(247M) 3.114ms
[2022-06-13T04:13:15.321+0000][1][gc,cpu       ] GC(6) User=0.03s Sys=0.00s Real=0.01s
[2022-06-13T04:13:15.321+0000][1][safepoint    ] Leaving safepoint region
[2022-06-13T04:13:15.321+0000][1][safepoint    ] Total time for which application threads were stopped: 0.0038692 seconds, Stopping threads took: 0.0002010 seconds
[2022-06-13T04:13:15.321+0000][1][safepoint    ] Application time: 0.0003216 seconds
[2022-06-13T04:13:15.322+0000][1][safepoint    ] Entering safepoint region: BulkRevokeBias
[2022-06-13T04:13:15.322+0000][1][safepoint    ] Leaving safepoint region
[2022-06-13T04:13:15.322+0000][1][safepoint    ] Total time for which application threads were stopped: 0.0004083 seconds, Stopping threads took: 0.0001721 seconds
[2022-06-13T04:13:15.402+0000][1][safepoint    ] Application time: 0.0803132 seconds
[2022-06-13T04:13:15.403+0000][1][safepoint    ] Entering safepoint region: GenCollectForAllocation
[2022-06-13T04:13:15.403+0000][1][gc,start     ] GC(7) Pause Young (Allocation Failure)
[2022-06-13T04:13:15.403+0000][1][gc,task      ] GC(7) Using 5 workers of 13 for evacuation
[2022-06-13T04:13:15.405+0000][1][gc,age       ] GC(7) Desired survivor size 4456448 bytes, new threshold 6 (max threshold 6)
[2022-06-13T04:13:15.405+0000][1][gc,age       ] GC(7) Age table with threshold 6 (max threshold 6)
[2022-06-13T04:13:15.405+0000][1][gc,age       ] GC(7) - age   1:     515248 bytes,     515248 total
[2022-06-13T04:13:15.406+0000][1][gc,age       ] GC(7) - age   2:    1129424 bytes,    1644672 total
[2022-06-13T04:13:15.406+0000][1][gc,age       ] GC(7) - age   3:    2193128 bytes,    3837800 total
[2022-06-13T04:13:15.406+0000][1][gc,age       ] GC(7) - age   4:     562312 bytes,    4400112 total
[2022-06-13T04:13:15.406+0000][1][gc,heap      ] GC(7) ParNew: 75374K->5802K(78656K)
[2022-06-13T04:13:15.406+0000][1][gc,heap      ] GC(7) CMS: 11283K->11283K(174784K)
[2022-06-13T04:13:15.406+0000][1][gc,metaspace ] GC(7) Metaspace: 19761K->19761K(1067008K)
[2022-06-13T04:13:15.406+0000][1][gc           ] GC(7) Pause Young (Allocation Failure) 84M->16M(247M) 3.213ms
[2022-06-13T04:13:15.406+0000][1][gc,cpu       ] GC(7) User=0.01s Sys=0.01s Real=0.00s
[2022-06-13T04:13:15.407+0000][1][safepoint    ] Leaving safepoint region
[2022-06-13T04:13:15.407+0000][1][safepoint    ] Total time for which application threads were stopped: 0.0039140 seconds, Stopping threads took: 0.0001809 seconds
[2022-06-13T04:13:15.426+0000][1][safepoint    ] Application time: 0.0186613 seconds
[2022-06-13T04:13:15.426+0000][1][safepoint    ] Entering safepoint region: CollectForMetadataAllocation
[2022-06-13T04:13:15.426+0000][1][safepoint    ] Leaving safepoint region
[2022-06-13T04:13:15.426+0000][1][safepoint    ] Total time for which application threads were stopped: 0.0006273 seconds, Stopping threads took: 0.0001675 seconds
[2022-06-13T04:13:15.453+0000][1][safepoint    ] Application time: 0.0267782 seconds
[2022-06-13T04:13:15.454+0000][1][safepoint    ] Entering safepoint region: CollectForMetadataAllocation
[2022-06-13T04:13:15.454+0000][1][safepoint    ] Leaving safepoint region
[2022-06-13T04:13:15.454+0000][1][safepoint    ] Total time for which application threads were stopped: 0.0005748 seconds, Stopping threads took: 0.0002181 seconds
[2022-06-13T04:13:15.533+0000][1][safepoint    ] Application time: 0.0780057 seconds
[2022-06-13T04:13:15.533+0000][1][safepoint    ] Entering safepoint region: GenCollectForAllocation
[2022-06-13T04:13:15.533+0000][1][gc,start     ] GC(8) Pause Young (Allocation Failure)
[2022-06-13T04:13:15.533+0000][1][gc,task      ] GC(8) Using 5 workers of 13 for evacuation
[2022-06-13T04:13:15.535+0000][1][gc,age       ] GC(8) Desired survivor size 4456448 bytes, new threshold 5 (max threshold 6)
[2022-06-13T04:13:15.535+0000][1][gc,age       ] GC(8) Age table with threshold 5 (max threshold 6)
[2022-06-13T04:13:15.536+0000][1][gc,age       ] GC(8) - age   1:     496032 bytes,     496032 total
[2022-06-13T04:13:15.536+0000][1][gc,age       ] GC(8) - age   2:     493880 bytes,     989912 total
[2022-06-13T04:13:15.536+0000][1][gc,age       ] GC(8) - age   3:    1129328 bytes,    2119240 total
[2022-06-13T04:13:15.536+0000][1][gc,age       ] GC(8) - age   4:    2192840 bytes,    4312080 total
[2022-06-13T04:13:15.536+0000][1][gc,age       ] GC(8) - age   5:     562312 bytes,    4874392 total
[2022-06-13T04:13:15.536+0000][1][gc,heap      ] GC(8) ParNew: 75754K->6247K(78656K)
[2022-06-13T04:13:15.536+0000][1][gc,heap      ] GC(8) CMS: 11283K->11283K(174784K)
[2022-06-13T04:13:15.536+0000][1][gc,metaspace ] GC(8) Metaspace: 20419K->20419K(1069056K)
[2022-06-13T04:13:15.536+0000][1][gc           ] GC(8) Pause Young (Allocation Failure) 84M->17M(247M) 3.276ms
[2022-06-13T04:13:15.537+0000][1][gc,cpu       ] GC(8) User=0.01s Sys=0.00s Real=0.00s
[2022-06-13T04:13:15.537+0000][1][safepoint    ] Leaving safepoint region
[2022-06-13T04:13:15.537+0000][1][safepoint    ] Total time for which application threads were stopped: 0.0039062 seconds, Stopping threads took: 0.0002058 seconds
[2022-06-13T04:13:15.537+0000][1][safepoint    ] Application time: 0.0002167 seconds
[2022-06-13T04:13:15.537+0000][1][safepoint    ] Entering safepoint region: CMS_Initial_Mark
[2022-06-13T04:13:15.538+0000][1][gc,start     ] GC(9) Pause Initial Mark
[2022-06-13T04:13:15.538+0000][1][gc           ] GC(9) Pause Initial Mark 18M->18M(247M) 0.616ms
[2022-06-13T04:13:15.538+0000][1][gc,cpu       ] GC(9) User=0.00s Sys=0.00s Real=0.00s
[2022-06-13T04:13:15.538+0000][1][safepoint    ] Leaving safepoint region
[2022-06-13T04:13:15.539+0000][1][safepoint    ] Total time for which application threads were stopped: 0.0013623 seconds, Stopping threads took: 0.0002766 seconds
[2022-06-13T04:13:15.539+0000][1][gc           ] GC(9) Concurrent Mark
[2022-06-13T04:13:15.540+0000][1][gc,task      ] GC(9) Using 4 workers of 4 for marking
[2022-06-13T04:13:15.543+0000][1][gc           ] GC(9) Concurrent Mark 4.546ms
[2022-06-13T04:13:15.544+0000][1][gc,cpu       ] GC(9) User=0.02s Sys=0.01s Real=0.01s
[2022-06-13T04:13:15.544+0000][1][gc           ] GC(9) Concurrent Preclean
[2022-06-13T04:13:15.545+0000][1][gc           ] GC(9) Concurrent Preclean 0.763ms
[2022-06-13T04:13:15.545+0000][1][gc,cpu       ] GC(9) User=0.00s Sys=0.00s Real=0.00s
[2022-06-13T04:13:15.545+0000][1][gc           ] GC(9) Concurrent Abortable Preclean
[2022-06-13T04:13:15.598+0000][1][safepoint    ] Application time: 0.0593292 seconds
[2022-06-13T04:13:15.598+0000][1][safepoint    ] Entering safepoint region: GenCollectForAllocation
[2022-06-13T04:13:15.599+0000][1][gc,start     ] GC(10) Pause Young (Allocation Failure)
[2022-06-13T04:13:15.599+0000][1][gc,task      ] GC(10) Using 5 workers of 13 for evacuation
[2022-06-13T04:13:15.601+0000][1][gc,age       ] GC(10) Desired survivor size 4456448 bytes, new threshold 5 (max threshold 6)
[2022-06-13T04:13:15.602+0000][1][gc,age       ] GC(10) Age table with threshold 5 (max threshold 6)
[2022-06-13T04:13:15.602+0000][1][gc,age       ] GC(10) - age   1:     937608 bytes,     937608 total
[2022-06-13T04:13:15.602+0000][1][gc,age       ] GC(10) - age   2:     474144 bytes,    1411752 total
[2022-06-13T04:13:15.602+0000][1][gc,age       ] GC(10) - age   3:     493760 bytes,    1905512 total
[2022-06-13T04:13:15.602+0000][1][gc,age       ] GC(10) - age   4:    1129328 bytes,    3034840 total
[2022-06-13T04:13:15.602+0000][1][gc,age       ] GC(10) - age   5:    2192648 bytes,    5227488 total
[2022-06-13T04:13:15.602+0000][1][gc,heap      ] GC(10) ParNew: 76199K->6108K(78656K)
[2022-06-13T04:13:15.602+0000][1][gc,heap      ] GC(10) CMS: 11283K->11843K(174784K)
[2022-06-13T04:13:15.603+0000][1][gc,metaspace ] GC(10) Metaspace: 20531K->20531K(1069056K)
[2022-06-13T04:13:15.603+0000][1][gc           ] GC(10) Pause Young (Allocation Failure) 85M->17M(247M) 4.152ms
[2022-06-13T04:13:15.603+0000][1][gc,cpu       ] GC(10) User=0.02s Sys=0.01s Real=0.01s
[2022-06-13T04:13:15.603+0000][1][safepoint    ] Leaving safepoint region
[2022-06-13T04:13:15.603+0000][1][safepoint    ] Total time for which application threads were stopped: 0.0047191 seconds, Stopping threads took: 0.0001698 seconds
[2022-06-13T04:13:15.664+0000][1][safepoint    ] Application time: 0.0612044 seconds
[2022-06-13T04:13:15.665+0000][1][safepoint    ] Entering safepoint region: GenCollectForAllocation
[2022-06-13T04:13:15.665+0000][1][gc,start     ] GC(11) Pause Young (Allocation Failure)
[2022-06-13T04:13:15.665+0000][1][gc,task      ] GC(11) Using 5 workers of 13 for evacuation
[2022-06-13T04:13:15.668+0000][1][gc,age       ] GC(11) Desired survivor size 4456448 bytes, new threshold 6 (max threshold 6)
[2022-06-13T04:13:15.668+0000][1][gc,age       ] GC(11) Age table with threshold 6 (max threshold 6)
[2022-06-13T04:13:15.669+0000][1][gc,age       ] GC(11) - age   1:    1815888 bytes,    1815888 total
[2022-06-13T04:13:15.669+0000][1][gc,age       ] GC(11) - age   2:     125928 bytes,    1941816 total
[2022-06-13T04:13:15.669+0000][1][gc,age       ] GC(11) - age   3:     474184 bytes,    2416000 total
[2022-06-13T04:13:15.669+0000][1][gc,age       ] GC(11) - age   4:     493608 bytes,    2909608 total
[2022-06-13T04:13:15.669+0000][1][gc,age       ] GC(11) - age   5:    1129040 bytes,    4038648 total
[2022-06-13T04:13:15.669+0000][1][gc,heap      ] GC(11) ParNew: 76060K->6332K(78656K)
[2022-06-13T04:13:15.669+0000][1][gc,heap      ] GC(11) CMS: 11843K->13998K(174784K)
[2022-06-13T04:13:15.669+0000][1][gc,metaspace ] GC(11) Metaspace: 20608K->20608K(1069056K)
[2022-06-13T04:13:15.670+0000][1][gc           ] GC(11) Pause Young (Allocation Failure) 85M->19M(247M) 4.631ms
[2022-06-13T04:13:15.670+0000][1][gc,cpu       ] GC(11) User=0.03s Sys=0.00s Real=0.01s
[2022-06-13T04:13:15.670+0000][1][safepoint    ] Leaving safepoint region
[2022-06-13T04:13:15.670+0000][1][safepoint    ] Total time for which application threads were stopped: 0.0052985 seconds, Stopping threads took: 0.0001656 seconds
[2022-06-13T04:13:15.670+0000][1][gc           ] GC(9) Concurrent Abortable Preclean 125.173ms
[2022-06-13T04:13:15.670+0000][1][gc,cpu       ] GC(9) User=0.43s Sys=0.03s Real=0.13s
[2022-06-13T04:13:15.670+0000][1][safepoint    ] Application time: 0.0003319 seconds
[2022-06-13T04:13:15.671+0000][1][safepoint    ] Entering safepoint region: CMS_Final_Remark
[2022-06-13T04:13:15.671+0000][1][gc,start     ] GC(9) Pause Remark
[2022-06-13T04:13:15.679+0000][1][gc           ] GC(9) Pause Remark 21M->21M(247M) 8.166ms
[2022-06-13T04:13:15.679+0000][1][gc,cpu       ] GC(9) User=0.03s Sys=0.00s Real=0.01s
[2022-06-13T04:13:15.679+0000][1][safepoint    ] Leaving safepoint region
[2022-06-13T04:13:15.679+0000][1][safepoint    ] Total time for which application threads were stopped: 0.0088964 seconds, Stopping threads took: 0.0001093 seconds
[2022-06-13T04:13:15.680+0000][1][gc           ] GC(9) Concurrent Sweep
[2022-06-13T04:13:15.684+0000][1][gc           ] GC(9) Concurrent Sweep 4.663ms
[2022-06-13T04:13:15.685+0000][1][gc,cpu       ] GC(9) User=0.00s Sys=0.01s Real=0.00s
[2022-06-13T04:13:15.685+0000][1][gc           ] GC(9) Concurrent Reset
[2022-06-13T04:13:15.685+0000][1][gc           ] GC(9) Concurrent Reset 0.448ms
[2022-06-13T04:13:15.685+0000][1][gc,cpu       ] GC(9) User=0.00s Sys=0.00s Real=0.00s
[2022-06-13T04:13:15.686+0000][1][gc,heap      ] GC(9) Old: 11283K->13972K(174784K)
[2022-06-13T04:13:15.715+0000][1][safepoint    ] Application time: 0.0351408 seconds
[2022-06-13T04:13:15.715+0000][1][safepoint    ] Entering safepoint region: Deoptimize
[2022-06-13T04:13:15.716+0000][1][safepoint    ] Leaving safepoint region
[2022-06-13T04:13:15.716+0000][1][safepoint    ] Total time for which application threads were stopped: 0.0011727 seconds, Stopping threads took: 0.0001594 seconds
[2022-06-13T04:13:15.863+0000][1][safepoint    ] Application time: 0.1469526 seconds
[2022-06-13T04:13:15.864+0000][1][safepoint    ] Entering safepoint region: RevokeBias
[2022-06-13T04:13:15.864+0000][1][safepoint    ] Leaving safepoint region
[2022-06-13T04:13:15.864+0000][1][safepoint    ] Total time for which application threads were stopped: 0.0005228 seconds, Stopping threads took: 0.0001549 seconds
[2022-06-13T04:13:15.934+0000][1][safepoint    ] Application time: 0.0694530 seconds
[2022-06-13T04:13:15.934+0000][1][safepoint    ] Entering safepoint region: Deoptimize
[2022-06-13T04:13:15.935+0000][1][safepoint    ] Leaving safepoint region
[2022-06-13T04:13:15.935+0000][1][safepoint    ] Total time for which application threads were stopped: 0.0011981 seconds, Stopping threads took: 0.0004138 seconds
[2022-06-13T04:13:15.936+0000][1][safepoint    ] Application time: 0.0005356 seconds
[2022-06-13T04:13:15.937+0000][1][safepoint    ] Entering safepoint region: Deoptimize
[2022-06-13T04:13:15.937+0000][1][safepoint    ] Leaving safepoint region
[2022-06-13T04:13:15.938+0000][1][safepoint    ] Total time for which application threads were stopped: 0.0008772 seconds, Stopping threads took: 0.0003322 seconds
[2022-06-13T04:13:15.944+0000][1][safepoint    ] Application time: 0.0058568 seconds
[2022-06-13T04:13:15.944+0000][1][safepoint    ] Entering safepoint region: Deoptimize
[2022-06-13T04:13:15.945+0000][1][safepoint    ] Leaving safepoint region
[2022-06-13T04:13:15.945+0000][1][safepoint    ] Total time for which application threads were stopped: 0.0008812 seconds, Stopping threads took: 0.0002994 seconds
[2022-06-13T04:13:15.947+0000][1][safepoint    ] Application time: 0.0021767 seconds
[2022-06-13T04:13:15.948+0000][1][safepoint    ] Entering safepoint region: Deoptimize
[2022-06-13T04:13:15.948+0000][1][safepoint    ] Leaving safepoint region
[2022-06-13T04:13:15.949+0000][1][safepoint    ] Total time for which application threads were stopped: 0.0007415 seconds, Stopping threads took: 0.0003184 seconds
[2022-06-13T04:13:15.975+0000][1][safepoint    ] Application time: 0.0263398 seconds
[2022-06-13T04:13:15.975+0000][1][safepoint    ] Entering safepoint region: GenCollectForAllocation
[2022-06-13T04:13:15.976+0000][1][gc,start     ] GC(12) Pause Young (Allocation Failure)
[2022-06-13T04:13:15.976+0000][1][gc,task      ] GC(12) Using 5 workers of 13 for evacuation
[2022-06-13T04:13:15.979+0000][1][gc,age       ] GC(12) Desired survivor size 4456448 bytes, new threshold 6 (max threshold 6)
[2022-06-13T04:13:15.980+0000][1][gc,age       ] GC(12) Age table with threshold 6 (max threshold 6)
[2022-06-13T04:13:15.980+0000][1][gc,age       ] GC(12) - age   1:    2572632 bytes,    2572632 total
[2022-06-13T04:13:15.981+0000][1][gc,age       ] GC(12) - age   2:     344744 bytes,    2917376 total
[2022-06-13T04:13:15.981+0000][1][gc,age       ] GC(12) - age   3:     125664 bytes,    3043040 total
[2022-06-13T04:13:15.981+0000][1][gc,age       ] GC(12) - age   4:     473600 bytes,    3516640 total
[2022-06-13T04:13:15.982+0000][1][gc,age       ] GC(12) - age   5:     488792 bytes,    4005432 total
[2022-06-13T04:13:15.982+0000][1][gc,age       ] GC(12) - age   6:    1128880 bytes,    5134312 total
[2022-06-13T04:13:15.983+0000][1][gc,heap      ] GC(12) ParNew: 76284K->6541K(78656K)
[2022-06-13T04:13:15.983+0000][1][gc,heap      ] GC(12) CMS: 13972K->13972K(174784K)
[2022-06-13T04:13:15.984+0000][1][gc,metaspace ] GC(12) Metaspace: 26318K->26318K(1073152K)
[2022-06-13T04:13:15.984+0000][1][gc           ] GC(12) Pause Young (Allocation Failure) 88M->20M(247M) 8.338ms
[2022-06-13T04:13:15.985+0000][1][gc,cpu       ] GC(12) User=0.01s Sys=0.00s Real=0.01s
[2022-06-13T04:13:15.985+0000][1][safepoint    ] Leaving safepoint region
[2022-06-13T04:13:15.985+0000][1][safepoint    ] Total time for which application threads were stopped: 0.0100021 seconds, Stopping threads took: 0.0003234 seconds
[2022-06-13T04:13:16.045+0000][1][safepoint    ] Application time: 0.0589892 seconds
[2022-06-13T04:13:16.045+0000][1][safepoint    ] Entering safepoint region: RevokeBias
[2022-06-13T04:13:16.046+0000][1][safepoint    ] Leaving safepoint region
[2022-06-13T04:13:16.046+0000][1][safepoint    ] Total time for which application threads were stopped: 0.0010618 seconds, Stopping threads took: 0.0003850 seconds
[2022-06-13T04:13:16.332+0000][1][safepoint    ] Application time: 0.2858799 seconds
[2022-06-13T04:13:16.333+0000][1][safepoint    ] Entering safepoint region: Deoptimize
[2022-06-13T04:13:16.333+0000][1][safepoint    ] Leaving safepoint region
[2022-06-13T04:13:16.334+0000][1][safepoint    ] Total time for which application threads were stopped: 0.0008734 seconds, Stopping threads took: 0.0001666 seconds
[2022-06-13T04:13:16.366+0000][1][safepoint    ] Application time: 0.0324664 seconds
[2022-06-13T04:13:16.367+0000][1][safepoint    ] Entering safepoint region: GenCollectForAllocation
[2022-06-13T04:13:16.367+0000][1][gc,start     ] GC(13) Pause Young (Allocation Failure)
[2022-06-13T04:13:16.367+0000][1][gc,task      ] GC(13) Using 5 workers of 13 for evacuation
[2022-06-13T04:13:16.381+0000][1][gc,age       ] GC(13) Desired survivor size 4456448 bytes, new threshold 1 (max threshold 6)
[2022-06-13T04:13:16.382+0000][1][gc,age       ] GC(13) Age table with threshold 1 (max threshold 6)
[2022-06-13T04:13:16.382+0000][1][gc,age       ] GC(13) - age   1:    5256872 bytes,    5256872 total
[2022-06-13T04:13:16.382+0000][1][gc,age       ] GC(13) - age   2:    2223584 bytes,    7480456 total
[2022-06-13T04:13:16.382+0000][1][gc,age       ] GC(13) - age   3:     344680 bytes,    7825136 total
[2022-06-13T04:13:16.382+0000][1][gc,age       ] GC(13) - age   4:     125664 bytes,    7950800 total
[2022-06-13T04:13:16.382+0000][1][gc,age       ] GC(13) - age   5:     473600 bytes,    8424400 total
[2022-06-13T04:13:16.382+0000][1][gc,age       ] GC(13) - age   6:     488792 bytes,    8913192 total
[2022-06-13T04:13:16.382+0000][1][gc,heap      ] GC(13) ParNew: 76493K->8704K(78656K)
[2022-06-13T04:13:16.383+0000][1][gc,heap      ] GC(13) CMS: 13972K->25828K(174784K)
[2022-06-13T04:13:16.383+0000][1][gc,metaspace ] GC(13) Metaspace: 27134K->27134K(1075200K)
[2022-06-13T04:13:16.383+0000][1][gc           ] GC(13) Pause Young (Allocation Failure) 88M->33M(247M) 15.979ms
[2022-06-13T04:13:16.383+0000][1][gc,cpu       ] GC(13) User=0.21s Sys=0.00s Real=0.02s
[2022-06-13T04:13:16.383+0000][1][safepoint    ] Leaving safepoint region
[2022-06-13T04:13:16.383+0000][1][safepoint    ] Total time for which application threads were stopped: 0.0165521 seconds, Stopping threads took: 0.0001838 seconds
[2022-06-13T04:13:16.580+0000][1][safepoint    ] Application time: 0.1969290 seconds
[2022-06-13T04:13:16.580+0000][1][safepoint    ] Entering safepoint region: GenCollectForAllocation
[2022-06-13T04:13:16.581+0000][1][gc,start     ] GC(14) Pause Young (Allocation Failure)
[2022-06-13T04:13:16.581+0000][1][gc,task      ] GC(14) Using 5 workers of 13 for evacuation
[2022-06-13T04:13:16.596+0000][1][gc,age       ] GC(14) Desired survivor size 4456448 bytes, new threshold 1 (max threshold 6)
[2022-06-13T04:13:16.596+0000][1][gc,age       ] GC(14) Age table with threshold 1 (max threshold 6)
[2022-06-13T04:13:16.597+0000][1][gc,age       ] GC(14) - age   1:    8909168 bytes,    8909168 total
[2022-06-13T04:13:16.597+0000][1][gc,heap      ] GC(14) ParNew: 78656K->8704K(78656K)
[2022-06-13T04:13:16.597+0000][1][gc,heap      ] GC(14) CMS: 25828K->38912K(174784K)
[2022-06-13T04:13:16.598+0000][1][gc,metaspace ] GC(14) Metaspace: 27182K->27182K(1075200K)
[2022-06-13T04:13:16.598+0000][1][gc           ] GC(14) Pause Young (Allocation Failure) 102M->46M(247M) 17.058ms
[2022-06-13T04:13:16.598+0000][1][gc,cpu       ] GC(14) User=0.08s Sys=0.00s Real=0.01s
[2022-06-13T04:13:16.598+0000][1][safepoint    ] Leaving safepoint region
[2022-06-13T04:13:16.598+0000][1][safepoint    ] Total time for which application threads were stopped: 0.0179436 seconds, Stopping threads took: 0.0002014 seconds
[2022-06-13T04:13:16.835+0000][1][safepoint    ] Application time: 0.2363557 seconds
[2022-06-13T04:13:16.835+0000][1][safepoint    ] Entering safepoint region: RevokeBias
[2022-06-13T04:13:16.836+0000][1][safepoint    ] Leaving safepoint region
[2022-06-13T04:13:16.836+0000][1][safepoint    ] Total time for which application threads were stopped: 0.0010023 seconds, Stopping threads took: 0.0005955 seconds
[2022-06-13T04:13:16.914+0000][1][safepoint    ] Application time: 0.0777541 seconds
[2022-06-13T04:13:16.915+0000][1][safepoint    ] Entering safepoint region: GenCollectForAllocation
[2022-06-13T04:13:16.915+0000][1][gc,start     ] GC(15) Pause Young (Allocation Failure)
[2022-06-13T04:13:16.915+0000][1][gc,task      ] GC(15) Using 5 workers of 13 for evacuation
[2022-06-13T04:13:16.926+0000][1][gc,age       ] GC(15) Desired survivor size 4456448 bytes, new threshold 1 (max threshold 6)
[2022-06-13T04:13:16.927+0000][1][gc,age       ] GC(15) Age table with threshold 1 (max threshold 6)
[2022-06-13T04:13:16.927+0000][1][gc,age       ] GC(15) - age   1:    6356320 bytes,    6356320 total
[2022-06-13T04:13:16.928+0000][1][gc,heap      ] GC(15) ParNew: 78656K->8704K(78656K)
[2022-06-13T04:13:16.928+0000][1][gc,heap      ] GC(15) CMS: 38912K->49134K(174784K)
[2022-06-13T04:13:16.928+0000][1][gc,metaspace ] GC(15) Metaspace: 31879K->31879K(1079296K)
[2022-06-13T04:13:16.929+0000][1][gc           ] GC(15) Pause Young (Allocation Failure) 114M->56M(247M) 13.860ms
[2022-06-13T04:13:16.929+0000][1][gc,cpu       ] GC(15) User=0.12s Sys=0.00s Real=0.02s
[2022-06-13T04:13:16.930+0000][1][safepoint    ] Leaving safepoint region
[2022-06-13T04:13:16.930+0000][1][safepoint    ] Total time for which application threads were stopped: 0.0153489 seconds, Stopping threads took: 0.0002171 seconds
[2022-06-13T04:13:17.015+0000][1][safepoint    ] Application time: 0.0848353 seconds
[2022-06-13T04:13:17.016+0000][1][safepoint    ] Entering safepoint region: GenCollectForAllocation
[2022-06-13T04:13:17.016+0000][1][gc,start     ] GC(16) Pause Young (Allocation Failure)
[2022-06-13T04:13:17.016+0000][1][gc,task      ] GC(16) Using 5 workers of 13 for evacuation
[2022-06-13T04:13:17.021+0000][1][gc,age       ] GC(16) Desired survivor size 4456448 bytes, new threshold 6 (max threshold 6)
[2022-06-13T04:13:17.022+0000][1][gc,age       ] GC(16) Age table with threshold 6 (max threshold 6)
[2022-06-13T04:13:17.022+0000][1][gc,age       ] GC(16) - age   1:     415544 bytes,     415544 total
[2022-06-13T04:13:17.022+0000][1][gc,heap      ] GC(16) ParNew: 78656K->6769K(78656K)
[2022-06-13T04:13:17.023+0000][1][gc,heap      ] GC(16) CMS: 49134K->55386K(174784K)
[2022-06-13T04:13:17.023+0000][1][gc,metaspace ] GC(16) Metaspace: 32972K->32972K(1079296K)
[2022-06-13T04:13:17.023+0000][1][gc           ] GC(16) Pause Young (Allocation Failure) 124M->60M(247M) 7.396ms
[2022-06-13T04:13:17.024+0000][1][gc,cpu       ] GC(16) User=0.04s Sys=0.00s Real=0.01s
[2022-06-13T04:13:17.024+0000][1][safepoint    ] Leaving safepoint region
[2022-06-13T04:13:17.024+0000][1][safepoint    ] Total time for which application threads were stopped: 0.0085952 seconds, Stopping threads took: 0.0002017 seconds
[2022-06-13T04:13:17.039+0000][1][safepoint    ] Application time: 0.0140964 seconds
[2022-06-13T04:13:17.039+0000][1][safepoint    ] Entering safepoint region: RevokeBias
[2022-06-13T04:13:17.039+0000][1][safepoint    ] Leaving safepoint region
[2022-06-13T04:13:17.040+0000][1][safepoint    ] Total time for which application threads were stopped: 0.0006881 seconds, Stopping threads took: 0.0002455 seconds
[2022-06-13T04:13:17.133+0000][1][safepoint    ] Application time: 0.0932723 seconds
[2022-06-13T04:13:17.134+0000][1][safepoint    ] Entering safepoint region: CollectForMetadataAllocation
[2022-06-13T04:13:17.134+0000][1][safepoint    ] Leaving safepoint region
[2022-06-13T04:13:17.134+0000][1][safepoint    ] Total time for which application threads were stopped: 0.0006102 seconds, Stopping threads took: 0.0002328 seconds
[2022-06-13T04:13:17.153+0000][1][safepoint    ] Application time: 0.0185888 seconds
[2022-06-13T04:13:17.153+0000][1][safepoint    ] Entering safepoint region: CollectForMetadataAllocation
[2022-06-13T04:13:17.154+0000][1][safepoint    ] Leaving safepoint region
[2022-06-13T04:13:17.154+0000][1][safepoint    ] Total time for which application threads were stopped: 0.0006253 seconds, Stopping threads took: 0.0002399 seconds
[2022-06-13T04:13:17.164+0000][1][safepoint    ] Application time: 0.0095976 seconds
[2022-06-13T04:13:17.164+0000][1][safepoint    ] Entering safepoint region: CollectForMetadataAllocation
[2022-06-13T04:13:17.164+0000][1][safepoint    ] Leaving safepoint region
[2022-06-13T04:13:17.164+0000][1][safepoint    ] Total time for which application threads were stopped: 0.0004728 seconds, Stopping threads took: 0.0002275 seconds
[2022-06-13T04:13:17.174+0000][1][safepoint    ] Application time: 0.0090496 seconds
[2022-06-13T04:13:17.174+0000][1][safepoint    ] Entering safepoint region: CollectForMetadataAllocation
[2022-06-13T04:13:17.174+0000][1][safepoint    ] Leaving safepoint region
[2022-06-13T04:13:17.174+0000][1][safepoint    ] Total time for which application threads were stopped: 0.0004709 seconds, Stopping threads took: 0.0001867 seconds
[2022-06-13T04:13:17.185+0000][1][safepoint    ] Application time: 0.0099198 seconds
[2022-06-13T04:13:17.185+0000][1][safepoint    ] Entering safepoint region: CollectForMetadataAllocation
[2022-06-13T04:13:17.185+0000][1][safepoint    ] Leaving safepoint region
[2022-06-13T04:13:17.185+0000][1][safepoint    ] Total time for which application threads were stopped: 0.0005468 seconds, Stopping threads took: 0.0002281 seconds
[2022-06-13T04:13:17.196+0000][1][safepoint    ] Application time: 0.0106258 seconds
[2022-06-13T04:13:17.197+0000][1][safepoint    ] Entering safepoint region: CollectForMetadataAllocation
[2022-06-13T04:13:17.197+0000][1][safepoint    ] Leaving safepoint region
[2022-06-13T04:13:17.198+0000][1][safepoint    ] Total time for which application threads were stopped: 0.0010827 seconds, Stopping threads took: 0.0005386 seconds
[2022-06-13T04:13:17.209+0000][1][safepoint    ] Application time: 0.0105453 seconds
[2022-06-13T04:13:17.209+0000][1][safepoint    ] Entering safepoint region: CollectForMetadataAllocation
[2022-06-13T04:13:17.210+0000][1][safepoint    ] Leaving safepoint region
[2022-06-13T04:13:17.210+0000][1][safepoint    ] Total time for which application threads were stopped: 0.0009962 seconds, Stopping threads took: 0.0004420 seconds
[2022-06-13T04:13:17.226+0000][1][safepoint    ] Application time: 0.0153992 seconds
[2022-06-13T04:13:17.227+0000][1][safepoint    ] Entering safepoint region: CollectForMetadataAllocation
[2022-06-13T04:13:17.227+0000][1][safepoint    ] Leaving safepoint region
[2022-06-13T04:13:17.227+0000][1][safepoint    ] Total time for which application threads were stopped: 0.0007112 seconds, Stopping threads took: 0.0003386 seconds
[2022-06-13T04:13:17.236+0000][1][safepoint    ] Application time: 0.0082938 seconds
[2022-06-13T04:13:17.236+0000][1][safepoint    ] Entering safepoint region: CollectForMetadataAllocation
[2022-06-13T04:13:17.237+0000][1][safepoint    ] Leaving safepoint region
[2022-06-13T04:13:17.237+0000][1][safepoint    ] Total time for which application threads were stopped: 0.0010931 seconds, Stopping threads took: 0.0004109 seconds
[2022-06-13T04:13:17.248+0000][1][safepoint    ] Application time: 0.0106714 seconds
[2022-06-13T04:13:17.249+0000][1][safepoint    ] Entering safepoint region: RevokeBias
[2022-06-13T04:13:17.249+0000][1][safepoint    ] Leaving safepoint region
[2022-06-13T04:13:17.250+0000][1][safepoint    ] Total time for which application threads were stopped: 0.0008495 seconds, Stopping threads took: 0.0004513 seconds
[2022-06-13T04:13:17.250+0000][1][safepoint    ] Application time: 0.0002667 seconds
[2022-06-13T04:13:17.251+0000][1][safepoint    ] Entering safepoint region: CollectForMetadataAllocation
[2022-06-13T04:13:17.251+0000][1][safepoint    ] Leaving safepoint region
[2022-06-13T04:13:17.252+0000][1][safepoint    ] Total time for which application threads were stopped: 0.0008039 seconds, Stopping threads took: 0.0003220 seconds
[2022-06-13T04:13:17.255+0000][1][safepoint    ] Application time: 0.0029880 seconds
[2022-06-13T04:13:17.255+0000][1][safepoint    ] Entering safepoint region: RevokeBias
[2022-06-13T04:13:17.256+0000][1][safepoint    ] Leaving safepoint region
[2022-06-13T04:13:17.256+0000][1][safepoint    ] Total time for which application threads were stopped: 0.0010728 seconds, Stopping threads took: 0.0005370 seconds
[2022-06-13T04:13:17.261+0000][1][safepoint    ] Application time: 0.0043972 seconds
[2022-06-13T04:13:17.262+0000][1][safepoint    ] Entering safepoint region: RevokeBias
[2022-06-13T04:13:17.262+0000][1][safepoint    ] Leaving safepoint region
[2022-06-13T04:13:17.262+0000][1][safepoint    ] Total time for which application threads were stopped: 0.0005635 seconds, Stopping threads took: 0.0002859 seconds
[2022-06-13T04:13:17.268+0000][1][safepoint    ] Application time: 0.0060242 seconds
[2022-06-13T04:13:17.269+0000][1][safepoint    ] Entering safepoint region: RevokeBias
[2022-06-13T04:13:17.269+0000][1][safepoint    ] Leaving safepoint region
[2022-06-13T04:13:17.270+0000][1][safepoint    ] Total time for which application threads were stopped: 0.0007796 seconds, Stopping threads took: 0.0002853 seconds
[2022-06-13T04:13:17.275+0000][1][safepoint    ] Application time: 0.0054188 seconds
[2022-06-13T04:13:17.276+0000][1][safepoint    ] Entering safepoint region: CollectForMetadataAllocation
[2022-06-13T04:13:17.277+0000][1][safepoint    ] Leaving safepoint region
[2022-06-13T04:13:17.277+0000][1][safepoint    ] Total time for which application threads were stopped: 0.0011504 seconds, Stopping threads took: 0.0005279 seconds
[2022-06-13T04:13:17.292+0000][1][safepoint    ] Application time: 0.0138325 seconds
[2022-06-13T04:13:17.292+0000][1][safepoint    ] Entering safepoint region: CollectForMetadataAllocation
[2022-06-13T04:13:17.293+0000][1][safepoint    ] Leaving safepoint region
[2022-06-13T04:13:17.293+0000][1][safepoint    ] Total time for which application threads were stopped: 0.0010460 seconds, Stopping threads took: 0.0004511 seconds
[2022-06-13T04:13:17.302+0000][1][safepoint    ] Application time: 0.0082160 seconds
[2022-06-13T04:13:17.303+0000][1][safepoint    ] Entering safepoint region: CollectForMetadataAllocation
[2022-06-13T04:13:17.303+0000][1][safepoint    ] Leaving safepoint region
[2022-06-13T04:13:17.304+0000][1][safepoint    ] Total time for which application threads were stopped: 0.0012167 seconds, Stopping threads took: 0.0005603 seconds
[2022-06-13T04:13:17.316+0000][1][safepoint    ] Application time: 0.0115469 seconds
[2022-06-13T04:13:17.317+0000][1][safepoint    ] Entering safepoint region: CollectForMetadataAllocation
[2022-06-13T04:13:17.317+0000][1][safepoint    ] Leaving safepoint region
[2022-06-13T04:13:17.318+0000][1][safepoint    ] Total time for which application threads were stopped: 0.0009946 seconds, Stopping threads took: 0.0004261 seconds
[2022-06-13T04:13:17.327+0000][1][safepoint    ] Application time: 0.0088830 seconds
[2022-06-13T04:13:17.328+0000][1][safepoint    ] Entering safepoint region: CollectForMetadataAllocation
[2022-06-13T04:13:17.328+0000][1][safepoint    ] Leaving safepoint region
[2022-06-13T04:13:17.329+0000][1][safepoint    ] Total time for which application threads were stopped: 0.0012647 seconds, Stopping threads took: 0.0005483 seconds
[2022-06-13T04:13:17.339+0000][1][safepoint    ] Application time: 0.0093364 seconds
[2022-06-13T04:13:17.339+0000][1][safepoint    ] Entering safepoint region: CollectForMetadataAllocation
[2022-06-13T04:13:17.340+0000][1][safepoint    ] Leaving safepoint region
[2022-06-13T04:13:17.341+0000][1][safepoint    ] Total time for which application threads were stopped: 0.0012741 seconds, Stopping threads took: 0.0005579 seconds
[2022-06-13T04:13:17.351+0000][1][safepoint    ] Application time: 0.0102625 seconds
[2022-06-13T04:13:17.352+0000][1][safepoint    ] Entering safepoint region: CollectForMetadataAllocation
[2022-06-13T04:13:17.353+0000][1][safepoint    ] Leaving safepoint region
[2022-06-13T04:13:17.353+0000][1][safepoint    ] Total time for which application threads were stopped: 0.0010233 seconds, Stopping threads took: 0.0004348 seconds
[2022-06-13T04:13:17.365+0000][1][safepoint    ] Application time: 0.0115223 seconds
[2022-06-13T04:13:17.366+0000][1][safepoint    ] Entering safepoint region: CollectForMetadataAllocation
[2022-06-13T04:13:17.366+0000][1][safepoint    ] Leaving safepoint region
[2022-06-13T04:13:17.367+0000][1][safepoint    ] Total time for which application threads were stopped: 0.0010229 seconds, Stopping threads took: 0.0004659 seconds
[2022-06-13T04:13:17.380+0000][1][safepoint    ] Application time: 0.0129708 seconds
[2022-06-13T04:13:17.381+0000][1][safepoint    ] Entering safepoint region: CollectForMetadataAllocation
[2022-06-13T04:13:17.381+0000][1][safepoint    ] Leaving safepoint region
[2022-06-13T04:13:17.382+0000][1][safepoint    ] Total time for which application threads were stopped: 0.0012992 seconds, Stopping threads took: 0.0007050 seconds
[2022-06-13T04:13:17.394+0000][1][safepoint    ] Application time: 0.0111056 seconds
[2022-06-13T04:13:17.394+0000][1][safepoint    ] Entering safepoint region: CollectForMetadataAllocation
[2022-06-13T04:13:17.394+0000][1][safepoint    ] Leaving safepoint region
[2022-06-13T04:13:17.395+0000][1][safepoint    ] Total time for which application threads were stopped: 0.0008720 seconds, Stopping threads took: 0.0004306 seconds
[2022-06-13T04:13:17.404+0000][1][safepoint    ] Application time: 0.0088786 seconds
[2022-06-13T04:13:17.404+0000][1][safepoint    ] Entering safepoint region: CollectForMetadataAllocation
[2022-06-13T04:13:17.405+0000][1][safepoint    ] Leaving safepoint region
[2022-06-13T04:13:17.405+0000][1][safepoint    ] Total time for which application threads were stopped: 0.0010017 seconds, Stopping threads took: 0.0005851 seconds
[2022-06-13T04:13:17.421+0000][1][safepoint    ] Application time: 0.0154395 seconds
[2022-06-13T04:13:17.422+0000][1][safepoint    ] Entering safepoint region: CollectForMetadataAllocation
[2022-06-13T04:13:17.422+0000][1][safepoint    ] Leaving safepoint region
[2022-06-13T04:13:17.423+0000][1][safepoint    ] Total time for which application threads were stopped: 0.0007210 seconds, Stopping threads took: 0.0003168 seconds
[2022-06-13T04:13:17.442+0000][1][safepoint    ] Application time: 0.0194162 seconds
[2022-06-13T04:13:17.443+0000][1][safepoint    ] Entering safepoint region: CollectForMetadataAllocation
[2022-06-13T04:13:17.443+0000][1][safepoint    ] Leaving safepoint region
[2022-06-13T04:13:17.443+0000][1][safepoint    ] Total time for which application threads were stopped: 0.0004022 seconds, Stopping threads took: 0.0001654 seconds
[2022-06-13T04:13:17.459+0000][1][safepoint    ] Application time: 0.0154595 seconds
[2022-06-13T04:13:17.459+0000][1][safepoint    ] Entering safepoint region: CollectForMetadataAllocation
[2022-06-13T04:13:17.459+0000][1][safepoint    ] Leaving safepoint region
[2022-06-13T04:13:17.459+0000][1][safepoint    ] Total time for which application threads were stopped: 0.0005497 seconds, Stopping threads took: 0.0001704 seconds
[2022-06-13T04:13:17.471+0000][1][safepoint    ] Application time: 0.0115625 seconds
[2022-06-13T04:13:17.471+0000][1][safepoint    ] Entering safepoint region: CollectForMetadataAllocation
[2022-06-13T04:13:17.472+0000][1][safepoint    ] Leaving safepoint region
[2022-06-13T04:13:17.472+0000][1][safepoint    ] Total time for which application threads were stopped: 0.0006033 seconds, Stopping threads took: 0.0002686 seconds
[2022-06-13T04:13:17.484+0000][1][safepoint    ] Application time: 0.0117728 seconds
[2022-06-13T04:13:17.485+0000][1][safepoint    ] Entering safepoint region: CollectForMetadataAllocation
[2022-06-13T04:13:17.485+0000][1][safepoint    ] Leaving safepoint region
[2022-06-13T04:13:17.485+0000][1][safepoint    ] Total time for which application threads were stopped: 0.0006840 seconds, Stopping threads took: 0.0003664 seconds
[2022-06-13T04:13:17.494+0000][1][safepoint    ] Application time: 0.0083340 seconds
[2022-06-13T04:13:17.494+0000][1][safepoint    ] Entering safepoint region: RevokeBias
[2022-06-13T04:13:17.495+0000][1][safepoint    ] Leaving safepoint region
[2022-06-13T04:13:17.495+0000][1][safepoint    ] Total time for which application threads were stopped: 0.0006487 seconds, Stopping threads took: 0.0003715 seconds
[2022-06-13T04:13:17.500+0000][1][safepoint    ] Application time: 0.0053026 seconds
[2022-06-13T04:13:17.501+0000][1][safepoint    ] Entering safepoint region: CollectForMetadataAllocation
[2022-06-13T04:13:17.501+0000][1][safepoint    ] Leaving safepoint region
[2022-06-13T04:13:17.501+0000][1][safepoint    ] Total time for which application threads were stopped: 0.0005269 seconds, Stopping threads took: 0.0002469 seconds
[2022-06-13T04:13:17.649+0000][1][safepoint    ] Application time: 0.1478402 seconds
[2022-06-13T04:13:17.650+0000][1][safepoint    ] Entering safepoint region: CollectForMetadataAllocation
[2022-06-13T04:13:17.650+0000][1][safepoint    ] Leaving safepoint region
[2022-06-13T04:13:17.650+0000][1][safepoint    ] Total time for which application threads were stopped: 0.0008250 seconds, Stopping threads took: 0.0003200 seconds
[2022-06-13T04:13:17.841+0000][1][safepoint    ] Application time: 0.1902181 seconds
[2022-06-13T04:13:17.842+0000][1][safepoint    ] Entering safepoint region: GenCollectForAllocation
[2022-06-13T04:13:17.842+0000][1][gc,start     ] GC(17) Pause Young (Allocation Failure)
[2022-06-13T04:13:17.842+0000][1][gc,task      ] GC(17) Using 5 workers of 13 for evacuation
[2022-06-13T04:13:17.846+0000][1][gc,age       ] GC(17) Desired survivor size 4456448 bytes, new threshold 6 (max threshold 6)
[2022-06-13T04:13:17.847+0000][1][gc,age       ] GC(17) Age table with threshold 6 (max threshold 6)
[2022-06-13T04:13:17.847+0000][1][gc,age       ] GC(17) - age   1:    3771744 bytes,    3771744 total
[2022-06-13T04:13:17.848+0000][1][gc,age       ] GC(17) - age   2:     374288 bytes,    4146032 total
[2022-06-13T04:13:17.848+0000][1][gc,heap      ] GC(17) ParNew: 76721K->5305K(78656K)
[2022-06-13T04:13:17.849+0000][1][gc,heap      ] GC(17) CMS: 55386K->55386K(174784K)
[2022-06-13T04:13:17.849+0000][1][gc,metaspace ] GC(17) Metaspace: 42312K->42312K(1087488K)
[2022-06-13T04:13:17.850+0000][1][gc           ] GC(17) Pause Young (Allocation Failure) 129M->59M(247M) 7.640ms
[2022-06-13T04:13:17.850+0000][1][gc,cpu       ] GC(17) User=0.02s Sys=0.00s Real=0.01s
[2022-06-13T04:13:17.851+0000][1][safepoint    ] Leaving safepoint region
[2022-06-13T04:13:17.851+0000][1][safepoint    ] Total time for which application threads were stopped: 0.0095884 seconds, Stopping threads took: 0.0004119 seconds
[2022-06-13T04:13:17.852+0000][1][safepoint    ] Application time: 0.0001683 seconds
[2022-06-13T04:13:17.852+0000][1][safepoint    ] Entering safepoint region: CMS_Initial_Mark
[2022-06-13T04:13:17.853+0000][1][gc,start     ] GC(18) Pause Initial Mark
[2022-06-13T04:13:17.854+0000][1][gc           ] GC(18) Pause Initial Mark 60M->60M(247M) 1.513ms
[2022-06-13T04:13:17.855+0000][1][gc,cpu       ] GC(18) User=0.00s Sys=0.00s Real=0.00s
[2022-06-13T04:13:17.855+0000][1][safepoint    ] Leaving safepoint region
[2022-06-13T04:13:17.855+0000][1][safepoint    ] Total time for which application threads were stopped: 0.0033159 seconds, Stopping threads took: 0.0003850 seconds
[2022-06-13T04:13:17.856+0000][1][gc           ] GC(18) Concurrent Mark
[2022-06-13T04:13:17.857+0000][1][gc,task      ] GC(18) Using 4 workers of 4 for marking
[2022-06-13T04:13:17.857+0000][1][safepoint    ] Application time: 0.0015145 seconds
[2022-06-13T04:13:17.858+0000][1][safepoint    ] Entering safepoint region: RevokeBias
[2022-06-13T04:13:17.858+0000][1][safepoint    ] Leaving safepoint region
[2022-06-13T04:13:17.858+0000][1][safepoint    ] Total time for which application threads were stopped: 0.0003419 seconds, Stopping threads took: 0.0001553 seconds
[2022-06-13T04:13:17.863+0000][1][safepoint    ] Application time: 0.0044556 seconds
[2022-06-13T04:13:17.863+0000][1][safepoint    ] Entering safepoint region: CollectForMetadataAllocation
[2022-06-13T04:13:17.863+0000][1][safepoint    ] Leaving safepoint region
[2022-06-13T04:13:17.864+0000][1][safepoint    ] Total time for which application threads were stopped: 0.0007268 seconds, Stopping threads took: 0.0003372 seconds
[2022-06-13T04:13:17.879+0000][1][gc           ] GC(18) Concurrent Mark 22.590ms
[2022-06-13T04:13:17.879+0000][1][gc,cpu       ] GC(18) User=0.10s Sys=0.00s Real=0.03s
[2022-06-13T04:13:17.879+0000][1][gc           ] GC(18) Concurrent Preclean
[2022-06-13T04:13:17.881+0000][1][gc           ] GC(18) Concurrent Preclean 1.229ms
[2022-06-13T04:13:17.881+0000][1][gc,cpu       ] GC(18) User=0.00s Sys=0.00s Real=0.00s
[2022-06-13T04:13:17.881+0000][1][gc           ] GC(18) Concurrent Abortable Preclean
[2022-06-13T04:13:17.882+0000][1][safepoint    ] Application time: 0.0182235 seconds
[2022-06-13T04:13:17.883+0000][1][safepoint    ] Entering safepoint region: CollectForMetadataAllocation
[2022-06-13T04:13:17.883+0000][1][safepoint    ] Leaving safepoint region
[2022-06-13T04:13:17.883+0000][1][safepoint    ] Total time for which application threads were stopped: 0.0009372 seconds, Stopping threads took: 0.0004791 seconds
[2022-06-13T04:13:17.951+0000][1][safepoint    ] Application time: 0.0672885 seconds
[2022-06-13T04:13:17.952+0000][1][safepoint    ] Entering safepoint region: CollectForMetadataAllocation
[2022-06-13T04:13:17.952+0000][1][safepoint    ] Leaving safepoint region
[2022-06-13T04:13:17.952+0000][1][safepoint    ] Total time for which application threads were stopped: 0.0006410 seconds, Stopping threads took: 0.0002856 seconds
[2022-06-13T04:13:18.005+0000][1][safepoint    ] Application time: 0.0529415 seconds
[2022-06-13T04:13:18.006+0000][1][safepoint    ] Entering safepoint region: CollectForMetadataAllocation
[2022-06-13T04:13:18.006+0000][1][safepoint    ] Leaving safepoint region
[2022-06-13T04:13:18.006+0000][1][safepoint    ] Total time for which application threads were stopped: 0.0003259 seconds, Stopping threads took: 0.0001114 seconds
[2022-06-13T04:13:18.016+0000][1][safepoint    ] Application time: 0.0101001 seconds
[2022-06-13T04:13:18.016+0000][1][safepoint    ] Entering safepoint region: CollectForMetadataAllocation
[2022-06-13T04:13:18.017+0000][1][safepoint    ] Leaving safepoint region
[2022-06-13T04:13:18.017+0000][1][safepoint    ] Total time for which application threads were stopped: 0.0005094 seconds, Stopping threads took: 0.0001340 seconds
[2022-06-13T04:13:18.039+0000][1][safepoint    ] Application time: 0.0215193 seconds
[2022-06-13T04:13:18.039+0000][1][safepoint    ] Entering safepoint region: CollectForMetadataAllocation
[2022-06-13T04:13:18.039+0000][1][safepoint    ] Leaving safepoint region
[2022-06-13T04:13:18.039+0000][1][safepoint    ] Total time for which application threads were stopped: 0.0005285 seconds, Stopping threads took: 0.0002211 seconds
[2022-06-13T04:13:18.048+0000][1][safepoint    ] Application time: 0.0081692 seconds
[2022-06-13T04:13:18.048+0000][1][safepoint    ] Entering safepoint region: CollectForMetadataAllocation
[2022-06-13T04:13:18.048+0000][1][safepoint    ] Leaving safepoint region
[2022-06-13T04:13:18.049+0000][1][safepoint    ] Total time for which application threads were stopped: 0.0006082 seconds, Stopping threads took: 0.0002737 seconds
[2022-06-13T04:13:18.050+0000][1][gc           ] GC(18) Concurrent Abortable Preclean 168.544ms
[2022-06-13T04:13:18.050+0000][1][gc,cpu       ] GC(18) User=0.88s Sys=0.05s Real=0.17s
[2022-06-13T04:13:18.051+0000][1][safepoint    ] Application time: 0.0017890 seconds
[2022-06-13T04:13:18.051+0000][1][safepoint    ] Entering safepoint region: CMS_Final_Remark
[2022-06-13T04:13:18.051+0000][1][gc,start     ] GC(18) Pause Remark
[2022-06-13T04:13:18.062+0000][1][gc           ] GC(18) Pause Remark 95M->95M(247M) 10.942ms
[2022-06-13T04:13:18.063+0000][1][gc,cpu       ] GC(18) User=0.04s Sys=0.00s Real=0.01s
[2022-06-13T04:13:18.063+0000][1][safepoint    ] Leaving safepoint region
[2022-06-13T04:13:18.063+0000][1][safepoint    ] Total time for which application threads were stopped: 0.0122839 seconds, Stopping threads took: 0.0002982 seconds
[2022-06-13T04:13:18.064+0000][1][gc           ] GC(18) Concurrent Sweep
[2022-06-13T04:13:18.076+0000][1][safepoint    ] Application time: 0.0127041 seconds
[2022-06-13T04:13:18.076+0000][1][safepoint    ] Entering safepoint region: RevokeBias
[2022-06-13T04:13:18.077+0000][1][safepoint    ] Leaving safepoint region
[2022-06-13T04:13:18.077+0000][1][safepoint    ] Total time for which application threads were stopped: 0.0008988 seconds, Stopping threads took: 0.0001489 seconds
[2022-06-13T04:13:18.078+0000][1][gc           ] GC(18) Concurrent Sweep 14.325ms
[2022-06-13T04:13:18.078+0000][1][gc,cpu       ] GC(18) User=0.06s Sys=0.00s Real=0.01s
[2022-06-13T04:13:18.079+0000][1][gc           ] GC(18) Concurrent Reset
[2022-06-13T04:13:18.079+0000][1][gc           ] GC(18) Concurrent Reset 0.544ms
[2022-06-13T04:13:18.079+0000][1][gc,cpu       ] GC(18) User=0.00s Sys=0.00s Real=0.01s
[2022-06-13T04:13:18.080+0000][1][gc,heap      ] GC(18) Old: 55386K->55152K(174784K)
[2022-06-13T04:13:18.106+0000][1][safepoint    ] Application time: 0.0286934 seconds
[2022-06-13T04:13:18.107+0000][1][safepoint    ] Entering safepoint region: RevokeBias
[2022-06-13T04:13:18.107+0000][1][safepoint    ] Leaving safepoint region
[2022-06-13T04:13:18.107+0000][1][safepoint    ] Total time for which application threads were stopped: 0.0003473 seconds, Stopping threads took: 0.0002015 seconds
[2022-06-13T04:13:18.115+0000][1][safepoint    ] Application time: 0.0075719 seconds
[2022-06-13T04:13:18.115+0000][1][safepoint    ] Entering safepoint region: RevokeBias
[2022-06-13T04:13:18.115+0000][1][safepoint    ] Leaving safepoint region
[2022-06-13T04:13:18.115+0000][1][safepoint    ] Total time for which application threads were stopped: 0.0003126 seconds, Stopping threads took: 0.0001505 seconds
[2022-06-13T04:13:18.118+0000][1][safepoint    ] Application time: 0.0023452 seconds
[2022-06-13T04:13:18.118+0000][1][safepoint    ] Entering safepoint region: RevokeBias
[2022-06-13T04:13:18.118+0000][1][safepoint    ] Leaving safepoint region
[2022-06-13T04:13:18.118+0000][1][safepoint    ] Total time for which application threads were stopped: 0.0003576 seconds, Stopping threads took: 0.0001746 seconds
[2022-06-13T04:13:18.276+0000][1][safepoint    ] Application time: 0.1578247 seconds
[2022-06-13T04:13:18.277+0000][1][safepoint    ] Entering safepoint region: RevokeBias
[2022-06-13T04:13:18.277+0000][1][safepoint    ] Leaving safepoint region
[2022-06-13T04:13:18.278+0000][1][safepoint    ] Total time for which application threads were stopped: 0.0008619 seconds, Stopping threads took: 0.0002408 seconds
[2022-06-13T04:13:18.278+0000][1][safepoint    ] Application time: 0.0001586 seconds
[2022-06-13T04:13:18.278+0000][1][safepoint    ] Entering safepoint region: RevokeBias
[2022-06-13T04:13:18.278+0000][1][safepoint    ] Leaving safepoint region
[2022-06-13T04:13:18.279+0000][1][safepoint    ] Total time for which application threads were stopped: 0.0003510 seconds, Stopping threads took: 0.0001704 seconds
[2022-06-13T04:13:18.279+0000][1][safepoint    ] Application time: 0.0001686 seconds
[2022-06-13T04:13:18.279+0000][1][safepoint    ] Entering safepoint region: RevokeBias
[2022-06-13T04:13:18.279+0000][1][safepoint    ] Leaving safepoint region
[2022-06-13T04:13:18.280+0000][1][safepoint    ] Total time for which application threads were stopped: 0.0005111 seconds, Stopping threads took: 0.0003207 seconds
[2022-06-13T04:13:18.280+0000][1][safepoint    ] Application time: 0.0001309 seconds
[2022-06-13T04:13:18.280+0000][1][safepoint    ] Entering safepoint region: RevokeBias
[2022-06-13T04:13:18.280+0000][1][safepoint    ] Leaving safepoint region
[2022-06-13T04:13:18.280+0000][1][safepoint    ] Total time for which application threads were stopped: 0.0003521 seconds, Stopping threads took: 0.0001751 seconds
[2022-06-13T04:13:18.281+0000][1][safepoint    ] Application time: 0.0003329 seconds
[2022-06-13T04:13:18.281+0000][1][safepoint    ] Entering safepoint region: RevokeBias
[2022-06-13T04:13:18.281+0000][1][safepoint    ] Leaving safepoint region
[2022-06-13T04:13:18.281+0000][1][safepoint    ] Total time for which application threads were stopped: 0.0004427 seconds, Stopping threads took: 0.0002183 seconds
[2022-06-13T04:13:18.282+0000][1][safepoint    ] Application time: 0.0003630 seconds
[2022-06-13T04:13:18.282+0000][1][safepoint    ] Entering safepoint region: RevokeBias
[2022-06-13T04:13:18.282+0000][1][safepoint    ] Leaving safepoint region
[2022-06-13T04:13:18.282+0000][1][safepoint    ] Total time for which application threads were stopped: 0.0004625 seconds, Stopping threads took: 0.0002893 seconds
[2022-06-13T04:13:18.283+0000][1][safepoint    ] Application time: 0.0001098 seconds
[2022-06-13T04:13:18.283+0000][1][safepoint    ] Entering safepoint region: RevokeBias
[2022-06-13T04:13:18.283+0000][1][safepoint    ] Leaving safepoint region
[2022-06-13T04:13:18.283+0000][1][safepoint    ] Total time for which application threads were stopped: 0.0004239 seconds, Stopping threads took: 0.0002233 seconds
[2022-06-13T04:13:18.284+0000][1][safepoint    ] Application time: 0.0001478 seconds
[2022-06-13T04:13:18.284+0000][1][safepoint    ] Entering safepoint region: RevokeBias
[2022-06-13T04:13:18.284+0000][1][safepoint    ] Leaving safepoint region
[2022-06-13T04:13:18.284+0000][1][safepoint    ] Total time for which application threads were stopped: 0.0004309 seconds, Stopping threads took: 0.0001588 seconds
[2022-06-13T04:13:18.284+0000][1][safepoint    ] Application time: 0.0000788 seconds
[2022-06-13T04:13:18.285+0000][1][safepoint    ] Entering safepoint region: RevokeBias
[2022-06-13T04:13:18.285+0000][1][safepoint    ] Leaving safepoint region
[2022-06-13T04:13:18.285+0000][1][safepoint    ] Total time for which application threads were stopped: 0.0003619 seconds, Stopping threads took: 0.0002469 seconds
[2022-06-13T04:13:18.285+0000][1][safepoint    ] Application time: 0.0000674 seconds
[2022-06-13T04:13:18.285+0000][1][safepoint    ] Entering safepoint region: RevokeBias
[2022-06-13T04:13:18.285+0000][1][safepoint    ] Leaving safepoint region
[2022-06-13T04:13:18.285+0000][1][safepoint    ] Total time for which application threads were stopped: 0.0002267 seconds, Stopping threads took: 0.0001249 seconds
[2022-06-13T04:13:18.286+0000][1][safepoint    ] Application time: 0.0000693 seconds
[2022-06-13T04:13:18.286+0000][1][safepoint    ] Entering safepoint region: RevokeBias
[2022-06-13T04:13:18.286+0000][1][safepoint    ] Leaving safepoint region
[2022-06-13T04:13:18.286+0000][1][safepoint    ] Total time for which application threads were stopped: 0.0001924 seconds, Stopping threads took: 0.0000858 seconds
[2022-06-13T04:13:18.286+0000][1][safepoint    ] Application time: 0.0000493 seconds
[2022-06-13T04:13:18.286+0000][1][safepoint    ] Entering safepoint region: RevokeBias
[2022-06-13T04:13:18.286+0000][1][safepoint    ] Leaving safepoint region
[2022-06-13T04:13:18.286+0000][1][safepoint    ] Total time for which application threads were stopped: 0.0002141 seconds, Stopping threads took: 0.0001048 seconds
[2022-06-13T04:13:18.286+0000][1][safepoint    ] Application time: 0.0000441 seconds
[2022-06-13T04:13:18.286+0000][1][safepoint    ] Entering safepoint region: RevokeBias
[2022-06-13T04:13:18.287+0000][1][safepoint    ] Leaving safepoint region
[2022-06-13T04:13:18.287+0000][1][safepoint    ] Total time for which application threads were stopped: 0.0001915 seconds, Stopping threads took: 0.0000865 seconds
[2022-06-13T04:13:18.287+0000][1][safepoint    ] Application time: 0.0000455 seconds
[2022-06-13T04:13:18.287+0000][1][safepoint    ] Entering safepoint region: RevokeBias
[2022-06-13T04:13:18.287+0000][1][safepoint    ] Leaving safepoint region
[2022-06-13T04:13:18.287+0000][1][safepoint    ] Total time for which application threads were stopped: 0.0002199 seconds, Stopping threads took: 0.0000988 seconds
[2022-06-13T04:13:18.287+0000][1][safepoint    ] Application time: 0.0000519 seconds
[2022-06-13T04:13:18.287+0000][1][safepoint    ] Entering safepoint region: RevokeBias
[2022-06-13T04:13:18.288+0000][1][safepoint    ] Leaving safepoint region
[2022-06-13T04:13:18.288+0000][1][safepoint    ] Total time for which application threads were stopped: 0.0002672 seconds, Stopping threads took: 0.0001207 seconds
[2022-06-13T04:13:18.288+0000][1][safepoint    ] Application time: 0.0000467 seconds
[2022-06-13T04:13:18.288+0000][1][safepoint    ] Entering safepoint region: RevokeBias
[2022-06-13T04:13:18.288+0000][1][safepoint    ] Leaving safepoint region
[2022-06-13T04:13:18.288+0000][1][safepoint    ] Total time for which application threads were stopped: 0.0002650 seconds, Stopping threads took: 0.0001038 seconds
[2022-06-13T04:13:18.288+0000][1][safepoint    ] Application time: 0.0000524 seconds
[2022-06-13T04:13:18.288+0000][1][safepoint    ] Entering safepoint region: RevokeBias
[2022-06-13T04:13:18.289+0000][1][safepoint    ] Leaving safepoint region
[2022-06-13T04:13:18.289+0000][1][safepoint    ] Total time for which application threads were stopped: 0.0002019 seconds, Stopping threads took: 0.0000886 seconds
[2022-06-13T04:13:18.289+0000][1][safepoint    ] Application time: 0.0000609 seconds
[2022-06-13T04:13:18.289+0000][1][safepoint    ] Entering safepoint region: RevokeBias
[2022-06-13T04:13:18.289+0000][1][safepoint    ] Leaving safepoint region
[2022-06-13T04:13:18.289+0000][1][safepoint    ] Total time for which application threads were stopped: 0.0002283 seconds, Stopping threads took: 0.0000893 seconds
[2022-06-13T04:13:18.289+0000][1][safepoint    ] Application time: 0.0000690 seconds
[2022-06-13T04:13:18.289+0000][1][safepoint    ] Entering safepoint region: RevokeBias
[2022-06-13T04:13:18.289+0000][1][safepoint    ] Leaving safepoint region
[2022-06-13T04:13:18.290+0000][1][safepoint    ] Total time for which application threads were stopped: 0.0001710 seconds, Stopping threads took: 0.0000793 seconds
[2022-06-13T04:13:18.290+0000][1][safepoint    ] Application time: 0.0000480 seconds
[2022-06-13T04:13:18.290+0000][1][safepoint    ] Entering safepoint region: RevokeBias
[2022-06-13T04:13:18.290+0000][1][safepoint    ] Leaving safepoint region
[2022-06-13T04:13:18.290+0000][1][safepoint    ] Total time for which application threads were stopped: 0.0001747 seconds, Stopping threads took: 0.0000832 seconds
[2022-06-13T04:13:18.290+0000][1][safepoint    ] Application time: 0.0000488 seconds
[2022-06-13T04:13:18.290+0000][1][safepoint    ] Entering safepoint region: RevokeBias
[2022-06-13T04:13:18.290+0000][1][safepoint    ] Leaving safepoint region
[2022-06-13T04:13:18.290+0000][1][safepoint    ] Total time for which application threads were stopped: 0.0001755 seconds, Stopping threads took: 0.0000818 seconds
[2022-06-13T04:13:18.290+0000][1][safepoint    ] Application time: 0.0000471 seconds
[2022-06-13T04:13:18.291+0000][1][safepoint    ] Entering safepoint region: RevokeBias
[2022-06-13T04:13:18.291+0000][1][safepoint    ] Leaving safepoint region
[2022-06-13T04:13:18.291+0000][1][safepoint    ] Total time for which application threads were stopped: 0.0001829 seconds, Stopping threads took: 0.0000867 seconds
[2022-06-13T04:13:18.291+0000][1][safepoint    ] Application time: 0.0000528 seconds
[2022-06-13T04:13:18.291+0000][1][safepoint    ] Entering safepoint region: RevokeBias
[2022-06-13T04:13:18.291+0000][1][safepoint    ] Leaving safepoint region
[2022-06-13T04:13:18.291+0000][1][safepoint    ] Total time for which application threads were stopped: 0.0002008 seconds, Stopping threads took: 0.0000854 seconds
[2022-06-13T04:13:18.291+0000][1][safepoint    ] Application time: 0.0000489 seconds
[2022-06-13T04:13:18.291+0000][1][safepoint    ] Entering safepoint region: RevokeBias
[2022-06-13T04:13:18.291+0000][1][safepoint    ] Leaving safepoint region
[2022-06-13T04:13:18.292+0000][1][safepoint    ] Total time for which application threads were stopped: 0.0001848 seconds, Stopping threads took: 0.0000855 seconds
[2022-06-13T04:13:18.292+0000][1][safepoint    ] Application time: 0.0000488 seconds
[2022-06-13T04:13:18.292+0000][1][safepoint    ] Entering safepoint region: RevokeBias
[2022-06-13T04:13:18.292+0000][1][safepoint    ] Leaving safepoint region
[2022-06-13T04:13:18.292+0000][1][safepoint    ] Total time for which application threads were stopped: 0.0001906 seconds, Stopping threads took: 0.0000907 seconds
[2022-06-13T04:13:18.292+0000][1][safepoint    ] Application time: 0.0000586 seconds
[2022-06-13T04:13:18.292+0000][1][safepoint    ] Entering safepoint region: RevokeBias
[2022-06-13T04:13:18.292+0000][1][safepoint    ] Leaving safepoint region
[2022-06-13T04:13:18.292+0000][1][safepoint    ] Total time for which application threads were stopped: 0.0001923 seconds, Stopping threads took: 0.0000852 seconds
[2022-06-13T04:13:18.293+0000][1][safepoint    ] Application time: 0.0000598 seconds
[2022-06-13T04:13:18.293+0000][1][safepoint    ] Entering safepoint region: RevokeBias
[2022-06-13T04:13:18.293+0000][1][safepoint    ] Leaving safepoint region
[2022-06-13T04:13:18.293+0000][1][safepoint    ] Total time for which application threads were stopped: 0.0001907 seconds, Stopping threads took: 0.0000851 seconds
[2022-06-13T04:13:18.293+0000][1][safepoint    ] Application time: 0.0000493 seconds
[2022-06-13T04:13:18.293+0000][1][safepoint    ] Entering safepoint region: BulkRevokeBias
[2022-06-13T04:13:18.293+0000][1][safepoint    ] Leaving safepoint region
[2022-06-13T04:13:18.293+0000][1][safepoint    ] Total time for which application threads were stopped: 0.0002185 seconds, Stopping threads took: 0.0000907 seconds
[2022-06-13T04:13:18.293+0000][1][safepoint    ] Application time: 0.0001100 seconds
[2022-06-13T04:13:18.294+0000][1][safepoint    ] Entering safepoint region: RevokeBias
[2022-06-13T04:13:18.294+0000][1][safepoint    ] Leaving safepoint region
[2022-06-13T04:13:18.294+0000][1][safepoint    ] Total time for which application threads were stopped: 0.0001871 seconds, Stopping threads took: 0.0000845 seconds
[2022-06-13T04:13:18.294+0000][1][safepoint    ] Application time: 0.0000731 seconds
[2022-06-13T04:13:18.294+0000][1][safepoint    ] Entering safepoint region: RevokeBias
[2022-06-13T04:13:18.294+0000][1][safepoint    ] Leaving safepoint region
[2022-06-13T04:13:18.294+0000][1][safepoint    ] Total time for which application threads were stopped: 0.0001884 seconds, Stopping threads took: 0.0000911 seconds
[2022-06-13T04:13:18.294+0000][1][safepoint    ] Application time: 0.0000757 seconds
[2022-06-13T04:13:18.294+0000][1][safepoint    ] Entering safepoint region: RevokeBias
[2022-06-13T04:13:18.295+0000][1][safepoint    ] Leaving safepoint region
[2022-06-13T04:13:18.295+0000][1][safepoint    ] Total time for which application threads were stopped: 0.0001818 seconds, Stopping threads took: 0.0000852 seconds
[2022-06-13T04:13:18.295+0000][1][safepoint    ] Application time: 0.0000869 seconds
[2022-06-13T04:13:18.295+0000][1][safepoint    ] Entering safepoint region: RevokeBias
[2022-06-13T04:13:18.295+0000][1][safepoint    ] Leaving safepoint region
[2022-06-13T04:13:18.295+0000][1][safepoint    ] Total time for which application threads were stopped: 0.0002382 seconds, Stopping threads took: 0.0001278 seconds
[2022-06-13T04:13:18.295+0000][1][safepoint    ] Application time: 0.0000663 seconds
[2022-06-13T04:13:18.295+0000][1][safepoint    ] Entering safepoint region: RevokeBias
[2022-06-13T04:13:18.295+0000][1][safepoint    ] Leaving safepoint region
[2022-06-13T04:13:18.296+0000][1][safepoint    ] Total time for which application threads were stopped: 0.0002123 seconds, Stopping threads took: 0.0000963 seconds
[2022-06-13T04:13:18.296+0000][1][safepoint    ] Application time: 0.0000596 seconds
[2022-06-13T04:13:18.296+0000][1][safepoint    ] Entering safepoint region: RevokeBias
[2022-06-13T04:13:18.296+0000][1][safepoint    ] Leaving safepoint region
[2022-06-13T04:13:18.296+0000][1][safepoint    ] Total time for which application threads were stopped: 0.0001945 seconds, Stopping threads took: 0.0000784 seconds
[2022-06-13T04:13:18.296+0000][1][safepoint    ] Application time: 0.0000636 seconds
[2022-06-13T04:13:18.296+0000][1][safepoint    ] Entering safepoint region: RevokeBias
[2022-06-13T04:13:18.296+0000][1][safepoint    ] Leaving safepoint region
[2022-06-13T04:13:18.296+0000][1][safepoint    ] Total time for which application threads were stopped: 0.0002174 seconds, Stopping threads took: 0.0001038 seconds
[2022-06-13T04:13:18.297+0000][1][safepoint    ] Application time: 0.0000622 seconds
[2022-06-13T04:13:18.297+0000][1][safepoint    ] Entering safepoint region: RevokeBias
[2022-06-13T04:13:18.297+0000][1][safepoint    ] Leaving safepoint region
[2022-06-13T04:13:18.297+0000][1][safepoint    ] Total time for which application threads were stopped: 0.0003344 seconds, Stopping threads took: 0.0001837 seconds
[2022-06-13T04:13:18.297+0000][1][safepoint    ] Application time: 0.0000569 seconds
[2022-06-13T04:13:18.297+0000][1][safepoint    ] Entering safepoint region: RevokeBias
[2022-06-13T04:13:18.297+0000][1][safepoint    ] Leaving safepoint region
[2022-06-13T04:13:18.297+0000][1][safepoint    ] Total time for which application threads were stopped: 0.0001749 seconds, Stopping threads took: 0.0000768 seconds
[2022-06-13T04:13:18.298+0000][1][safepoint    ] Application time: 0.0000436 seconds
[2022-06-13T04:13:18.298+0000][1][safepoint    ] Entering safepoint region: RevokeBias
[2022-06-13T04:13:18.298+0000][1][safepoint    ] Leaving safepoint region
[2022-06-13T04:13:18.298+0000][1][safepoint    ] Total time for which application threads were stopped: 0.0001732 seconds, Stopping threads took: 0.0000823 seconds
[2022-06-13T04:13:18.298+0000][1][safepoint    ] Application time: 0.0000443 seconds
[2022-06-13T04:13:18.298+0000][1][safepoint    ] Entering safepoint region: RevokeBias
[2022-06-13T04:13:18.298+0000][1][safepoint    ] Leaving safepoint region
[2022-06-13T04:13:18.298+0000][1][safepoint    ] Total time for which application threads were stopped: 0.0002304 seconds, Stopping threads took: 0.0001050 seconds
[2022-06-13T04:13:18.298+0000][1][safepoint    ] Application time: 0.0000607 seconds
[2022-06-13T04:13:18.299+0000][1][safepoint    ] Entering safepoint region: RevokeBias
[2022-06-13T04:13:18.299+0000][1][safepoint    ] Leaving safepoint region
[2022-06-13T04:13:18.299+0000][1][safepoint    ] Total time for which application threads were stopped: 0.0002002 seconds, Stopping threads took: 0.0000902 seconds
[2022-06-13T04:13:18.299+0000][1][safepoint    ] Application time: 0.0000510 seconds
[2022-06-13T04:13:18.299+0000][1][safepoint    ] Entering safepoint region: RevokeBias
[2022-06-13T04:13:18.299+0000][1][safepoint    ] Leaving safepoint region
[2022-06-13T04:13:18.299+0000][1][safepoint    ] Total time for which application threads were stopped: 0.0002532 seconds, Stopping threads took: 0.0001122 seconds
[2022-06-13T04:13:18.299+0000][1][safepoint    ] Application time: 0.0000514 seconds
[2022-06-13T04:13:18.299+0000][1][safepoint    ] Entering safepoint region: RevokeBias
[2022-06-13T04:13:18.300+0000][1][safepoint    ] Leaving safepoint region
[2022-06-13T04:13:18.300+0000][1][safepoint    ] Total time for which application threads were stopped: 0.0001787 seconds, Stopping threads took: 0.0000787 seconds
[2022-06-13T04:13:18.300+0000][1][safepoint    ] Application time: 0.0000469 seconds
[2022-06-13T04:13:18.300+0000][1][safepoint    ] Entering safepoint region: RevokeBias
[2022-06-13T04:13:18.300+0000][1][safepoint    ] Leaving safepoint region
[2022-06-13T04:13:18.300+0000][1][safepoint    ] Total time for which application threads were stopped: 0.0001755 seconds, Stopping threads took: 0.0000812 seconds
[2022-06-13T04:13:18.300+0000][1][safepoint    ] Application time: 0.0000691 seconds
[2022-06-13T04:13:18.300+0000][1][safepoint    ] Entering safepoint region: RevokeBias
[2022-06-13T04:13:18.301+0000][1][safepoint    ] Leaving safepoint region
[2022-06-13T04:13:18.301+0000][1][safepoint    ] Total time for which application threads were stopped: 0.0003113 seconds, Stopping threads took: 0.0001492 seconds
[2022-06-13T04:13:18.301+0000][1][safepoint    ] Application time: 0.0000678 seconds
[2022-06-13T04:13:18.301+0000][1][safepoint    ] Entering safepoint region: RevokeBias
[2022-06-13T04:13:18.301+0000][1][safepoint    ] Leaving safepoint region
[2022-06-13T04:13:18.301+0000][1][safepoint    ] Total time for which application threads were stopped: 0.0002949 seconds, Stopping threads took: 0.0001511 seconds
[2022-06-13T04:13:18.301+0000][1][safepoint    ] Application time: 0.0000423 seconds
[2022-06-13T04:13:18.302+0000][1][safepoint    ] Entering safepoint region: RevokeBias
[2022-06-13T04:13:18.302+0000][1][safepoint    ] Leaving safepoint region
[2022-06-13T04:13:18.302+0000][1][safepoint    ] Total time for which application threads were stopped: 0.0002453 seconds, Stopping threads took: 0.0000903 seconds
[2022-06-13T04:13:18.302+0000][1][safepoint    ] Application time: 0.0000610 seconds
[2022-06-13T04:13:18.302+0000][1][safepoint    ] Entering safepoint region: RevokeBias
[2022-06-13T04:13:18.302+0000][1][safepoint    ] Leaving safepoint region
[2022-06-13T04:13:18.302+0000][1][safepoint    ] Total time for which application threads were stopped: 0.0003115 seconds, Stopping threads took: 0.0001492 seconds
[2022-06-13T04:13:18.303+0000][1][safepoint    ] Application time: 0.0000624 seconds
[2022-06-13T04:13:18.303+0000][1][safepoint    ] Entering safepoint region: RevokeBias
[2022-06-13T04:13:18.303+0000][1][safepoint    ] Leaving safepoint region
[2022-06-13T04:13:18.303+0000][1][safepoint    ] Total time for which application threads were stopped: 0.0003115 seconds, Stopping threads took: 0.0001523 seconds
[2022-06-13T04:13:18.303+0000][1][safepoint    ] Application time: 0.0000621 seconds
[2022-06-13T04:13:18.303+0000][1][safepoint    ] Entering safepoint region: RevokeBias
[2022-06-13T04:13:18.303+0000][1][safepoint    ] Leaving safepoint region
[2022-06-13T04:13:18.304+0000][1][safepoint    ] Total time for which application threads were stopped: 0.0003374 seconds, Stopping threads took: 0.0001745 seconds
[2022-06-13T04:13:18.304+0000][1][safepoint    ] Application time: 0.0000643 seconds
[2022-06-13T04:13:18.304+0000][1][safepoint    ] Entering safepoint region: RevokeBias
[2022-06-13T04:13:18.304+0000][1][safepoint    ] Leaving safepoint region
[2022-06-13T04:13:18.304+0000][1][safepoint    ] Total time for which application threads were stopped: 0.0001877 seconds, Stopping threads took: 0.0000779 seconds
[2022-06-13T04:13:18.304+0000][1][safepoint    ] Application time: 0.0000617 seconds
[2022-06-13T04:13:18.304+0000][1][safepoint    ] Entering safepoint region: RevokeBias
[2022-06-13T04:13:18.304+0000][1][safepoint    ] Leaving safepoint region
[2022-06-13T04:13:18.305+0000][1][safepoint    ] Total time for which application threads were stopped: 0.0002022 seconds, Stopping threads took: 0.0000906 seconds
[2022-06-13T04:13:18.305+0000][1][safepoint    ] Application time: 0.0001441 seconds
[2022-06-13T04:13:18.305+0000][1][safepoint    ] Entering safepoint region: BulkRevokeBias
[2022-06-13T04:13:18.305+0000][1][safepoint    ] Leaving safepoint region
[2022-06-13T04:13:18.305+0000][1][safepoint    ] Total time for which application threads were stopped: 0.0003636 seconds, Stopping threads took: 0.0000881 seconds
[2022-06-13T04:13:18.306+0000][1][safepoint    ] Application time: 0.0001946 seconds
[2022-06-13T04:13:18.306+0000][1][safepoint    ] Entering safepoint region: RevokeBias
[2022-06-13T04:13:18.306+0000][1][safepoint    ] Leaving safepoint region
[2022-06-13T04:13:18.306+0000][1][safepoint    ] Total time for which application threads were stopped: 0.0006351 seconds, Stopping threads took: 0.0004229 seconds
[2022-06-13T04:13:18.307+0000][1][safepoint    ] Application time: 0.0000852 seconds
[2022-06-13T04:13:18.307+0000][1][safepoint    ] Entering safepoint region: RevokeBias
[2022-06-13T04:13:18.307+0000][1][safepoint    ] Leaving safepoint region
[2022-06-13T04:13:18.307+0000][1][safepoint    ] Total time for which application threads were stopped: 0.0003834 seconds, Stopping threads took: 0.0001347 seconds
[2022-06-13T04:13:18.307+0000][1][safepoint    ] Application time: 0.0001357 seconds
[2022-06-13T04:13:18.307+0000][1][safepoint    ] Entering safepoint region: RevokeBias
[2022-06-13T04:13:18.307+0000][1][safepoint    ] Leaving safepoint region
[2022-06-13T04:13:18.308+0000][1][safepoint    ] Total time for which application threads were stopped: 0.0002646 seconds, Stopping threads took: 0.0001119 seconds
[2022-06-13T04:13:18.308+0000][1][safepoint    ] Application time: 0.0000770 seconds
[2022-06-13T04:13:18.308+0000][1][safepoint    ] Entering safepoint region: RevokeBias
[2022-06-13T04:13:18.308+0000][1][safepoint    ] Leaving safepoint region
[2022-06-13T04:13:18.308+0000][1][safepoint    ] Total time for which application threads were stopped: 0.0003294 seconds, Stopping threads took: 0.0000856 seconds
[2022-06-13T04:13:18.308+0000][1][safepoint    ] Application time: 0.0000713 seconds
[2022-06-13T04:13:18.309+0000][1][safepoint    ] Entering safepoint region: RevokeBias
[2022-06-13T04:13:18.309+0000][1][safepoint    ] Leaving safepoint region
[2022-06-13T04:13:18.309+0000][1][safepoint    ] Total time for which application threads were stopped: 0.0003354 seconds, Stopping threads took: 0.0001008 seconds
[2022-06-13T04:13:18.309+0000][1][safepoint    ] Application time: 0.0001929 seconds
[2022-06-13T04:13:18.310+0000][1][safepoint    ] Entering safepoint region: RevokeBias
[2022-06-13T04:13:18.310+0000][1][safepoint    ] Leaving safepoint region
[2022-06-13T04:13:18.310+0000][1][safepoint    ] Total time for which application threads were stopped: 0.0004476 seconds, Stopping threads took: 0.0002782 seconds
[2022-06-13T04:13:18.310+0000][1][safepoint    ] Application time: 0.0002181 seconds
[2022-06-13T04:13:18.311+0000][1][safepoint    ] Entering safepoint region: RevokeBias
[2022-06-13T04:13:18.311+0000][1][safepoint    ] Leaving safepoint region
[2022-06-13T04:13:18.311+0000][1][safepoint    ] Total time for which application threads were stopped: 0.0003545 seconds, Stopping threads took: 0.0001542 seconds
[2022-06-13T04:13:18.311+0000][1][safepoint    ] Application time: 0.0003049 seconds
[2022-06-13T04:13:18.312+0000][1][safepoint    ] Entering safepoint region: RevokeBias
[2022-06-13T04:13:18.312+0000][1][safepoint    ] Leaving safepoint region
[2022-06-13T04:13:18.312+0000][1][safepoint    ] Total time for which application threads were stopped: 0.0007265 seconds, Stopping threads took: 0.0004644 seconds
[2022-06-13T04:13:18.313+0000][1][safepoint    ] Application time: 0.0002351 seconds
[2022-06-13T04:13:18.313+0000][1][safepoint    ] Entering safepoint region: RevokeBias
[2022-06-13T04:13:18.313+0000][1][safepoint    ] Leaving safepoint region
[2022-06-13T04:13:18.313+0000][1][safepoint    ] Total time for which application threads were stopped: 0.0001885 seconds, Stopping threads took: 0.0000899 seconds
[2022-06-13T04:13:18.313+0000][1][safepoint    ] Application time: 0.0002487 seconds
[2022-06-13T04:13:18.314+0000][1][safepoint    ] Entering safepoint region: RevokeBias
[2022-06-13T04:13:18.314+0000][1][safepoint    ] Leaving safepoint region
[2022-06-13T04:13:18.314+0000][1][safepoint    ] Total time for which application threads were stopped: 0.0002212 seconds, Stopping threads took: 0.0000891 seconds
[2022-06-13T04:13:18.314+0000][1][safepoint    ] Application time: 0.0000839 seconds
[2022-06-13T04:13:18.314+0000][1][safepoint    ] Entering safepoint region: RevokeBias
[2022-06-13T04:13:18.314+0000][1][safepoint    ] Leaving safepoint region
[2022-06-13T04:13:18.314+0000][1][safepoint    ] Total time for which application threads were stopped: 0.0002565 seconds, Stopping threads took: 0.0001493 seconds
[2022-06-13T04:13:18.314+0000][1][safepoint    ] Application time: 0.0001106 seconds
[2022-06-13T04:13:18.315+0000][1][safepoint    ] Entering safepoint region: RevokeBias
[2022-06-13T04:13:18.315+0000][1][safepoint    ] Leaving safepoint region
[2022-06-13T04:13:18.315+0000][1][safepoint    ] Total time for which application threads were stopped: 0.0002201 seconds, Stopping threads took: 0.0001179 seconds
[2022-06-13T04:13:18.315+0000][1][safepoint    ] Application time: 0.0000674 seconds
[2022-06-13T04:13:18.315+0000][1][safepoint    ] Entering safepoint region: RevokeBias
[2022-06-13T04:13:18.315+0000][1][safepoint    ] Leaving safepoint region
[2022-06-13T04:13:18.316+0000][1][safepoint    ] Total time for which application threads were stopped: 0.0004293 seconds, Stopping threads took: 0.0002186 seconds
[2022-06-13T04:13:18.316+0000][1][safepoint    ] Application time: 0.0001797 seconds
[2022-06-13T04:13:18.316+0000][1][safepoint    ] Entering safepoint region: RevokeBias
[2022-06-13T04:13:18.316+0000][1][safepoint    ] Leaving safepoint region
[2022-06-13T04:13:18.316+0000][1][safepoint    ] Total time for which application threads were stopped: 0.0002450 seconds, Stopping threads took: 0.0001114 seconds
[2022-06-13T04:13:18.316+0000][1][safepoint    ] Application time: 0.0001006 seconds
[2022-06-13T04:13:18.316+0000][1][safepoint    ] Entering safepoint region: RevokeBias
[2022-06-13T04:13:18.316+0000][1][safepoint    ] Leaving safepoint region
[2022-06-13T04:13:18.317+0000][1][safepoint    ] Total time for which application threads were stopped: 0.0002044 seconds, Stopping threads took: 0.0000927 seconds
[2022-06-13T04:13:18.317+0000][1][safepoint    ] Application time: 0.0002164 seconds
[2022-06-13T04:13:18.317+0000][1][safepoint    ] Entering safepoint region: RevokeBias
[2022-06-13T04:13:18.317+0000][1][safepoint    ] Leaving safepoint region
[2022-06-13T04:13:18.317+0000][1][safepoint    ] Total time for which application threads were stopped: 0.0002571 seconds, Stopping threads took: 0.0001261 seconds
[2022-06-13T04:13:18.318+0000][1][safepoint    ] Application time: 0.0010857 seconds
[2022-06-13T04:13:18.319+0000][1][safepoint    ] Entering safepoint region: RevokeBias
[2022-06-13T04:13:18.319+0000][1][safepoint    ] Leaving safepoint region
[2022-06-13T04:13:18.319+0000][1][safepoint    ] Total time for which application threads were stopped: 0.0002989 seconds, Stopping threads took: 0.0001707 seconds
[2022-06-13T04:13:18.319+0000][1][safepoint    ] Application time: 0.0001425 seconds
[2022-06-13T04:13:18.319+0000][1][safepoint    ] Entering safepoint region: RevokeBias
[2022-06-13T04:13:18.319+0000][1][safepoint    ] Leaving safepoint region
[2022-06-13T04:13:18.319+0000][1][safepoint    ] Total time for which application threads were stopped: 0.0002136 seconds, Stopping threads took: 0.0000994 seconds
[2022-06-13T04:13:18.320+0000][1][safepoint    ] Application time: 0.0000623 seconds
[2022-06-13T04:13:18.320+0000][1][safepoint    ] Entering safepoint region: RevokeBias
[2022-06-13T04:13:18.320+0000][1][safepoint    ] Leaving safepoint region
[2022-06-13T04:13:18.320+0000][1][safepoint    ] Total time for which application threads were stopped: 0.0002011 seconds, Stopping threads took: 0.0000922 seconds
[2022-06-13T04:13:18.321+0000][1][safepoint    ] Application time: 0.0006162 seconds
[2022-06-13T04:13:18.321+0000][1][safepoint    ] Entering safepoint region: RevokeBias
[2022-06-13T04:13:18.321+0000][1][safepoint    ] Leaving safepoint region
[2022-06-13T04:13:18.321+0000][1][safepoint    ] Total time for which application threads were stopped: 0.0005909 seconds, Stopping threads took: 0.0004582 seconds
[2022-06-13T04:13:18.322+0000][1][safepoint    ] Application time: 0.0006453 seconds
[2022-06-13T04:13:18.322+0000][1][safepoint    ] Entering safepoint region: RevokeBias
[2022-06-13T04:13:18.322+0000][1][safepoint    ] Leaving safepoint region
[2022-06-13T04:13:18.323+0000][1][safepoint    ] Total time for which application threads were stopped: 0.0003236 seconds, Stopping threads took: 0.0001826 seconds
[2022-06-13T04:13:18.323+0000][1][safepoint    ] Application time: 0.0000646 seconds
[2022-06-13T04:13:18.323+0000][1][safepoint    ] Entering safepoint region: RevokeBias
[2022-06-13T04:13:18.323+0000][1][safepoint    ] Leaving safepoint region
[2022-06-13T04:13:18.323+0000][1][safepoint    ] Total time for which application threads were stopped: 0.0002621 seconds, Stopping threads took: 0.0001224 seconds
[2022-06-13T04:13:18.323+0000][1][safepoint    ] Application time: 0.0001605 seconds
[2022-06-13T04:13:18.323+0000][1][safepoint    ] Entering safepoint region: RevokeBias
[2022-06-13T04:13:18.324+0000][1][safepoint    ] Leaving safepoint region
[2022-06-13T04:13:18.324+0000][1][safepoint    ] Total time for which application threads were stopped: 0.0002303 seconds, Stopping threads took: 0.0001270 seconds
[2022-06-13T04:13:18.336+0000][1][safepoint    ] Application time: 0.0123447 seconds
[2022-06-13T04:13:18.336+0000][1][safepoint    ] Entering safepoint region: GenCollectForAllocation
[2022-06-13T04:13:18.337+0000][1][gc,start     ] GC(19) Pause Young (Allocation Failure)
[2022-06-13T04:13:18.337+0000][1][gc,task      ] GC(19) Using 5 workers of 13 for evacuation
[2022-06-13T04:13:18.340+0000][1][gc,age       ] GC(19) Desired survivor size 4456448 bytes, new threshold 2 (max threshold 6)
[2022-06-13T04:13:18.341+0000][1][gc,age       ] GC(19) Age table with threshold 2 (max threshold 6)
[2022-06-13T04:13:18.341+0000][1][gc,age       ] GC(19) - age   1:    3149840 bytes,    3149840 total
[2022-06-13T04:13:18.341+0000][1][gc,age       ] GC(19) - age   2:    3668832 bytes,    6818672 total
[2022-06-13T04:13:18.341+0000][1][gc,age       ] GC(19) - age   3:     372448 bytes,    7191120 total
[2022-06-13T04:13:18.342+0000][1][gc,heap      ] GC(19) ParNew: 75257K->8345K(78656K)
[2022-06-13T04:13:18.342+0000][1][gc,heap      ] GC(19) CMS: 55152K->55152K(174784K)
[2022-06-13T04:13:18.342+0000][1][gc,metaspace ] GC(19) Metaspace: 47391K->47391K(1093632K)
[2022-06-13T04:13:18.342+0000][1][gc           ] GC(19) Pause Young (Allocation Failure) 127M->62M(247M) 5.725ms
[2022-06-13T04:13:18.343+0000][1][gc,cpu       ] GC(19) User=0.03s Sys=0.00s Real=0.01s
[2022-06-13T04:13:18.343+0000][1][safepoint    ] Leaving safepoint region
[2022-06-13T04:13:18.343+0000][1][safepoint    ] Total time for which application threads were stopped: 0.0064958 seconds, Stopping threads took: 0.0001144 seconds
[2022-06-13T04:13:18.348+0000][1][safepoint    ] Application time: 0.0044338 seconds
[2022-06-13T04:13:18.348+0000][1][safepoint    ] Entering safepoint region: RevokeBias
[2022-06-13T04:13:18.349+0000][1][safepoint    ] Leaving safepoint region
[2022-06-13T04:13:18.349+0000][1][safepoint    ] Total time for which application threads were stopped: 0.0007005 seconds, Stopping threads took: 0.0003243 seconds
[2022-06-13T04:13:18.654+0000][1][safepoint    ] Application time: 0.3051840 seconds
[2022-06-13T04:13:18.655+0000][1][safepoint    ] Entering safepoint region: GenCollectForAllocation
[2022-06-13T04:13:18.656+0000][1][gc,start     ] GC(20) Pause Young (Allocation Failure)
[2022-06-13T04:13:18.656+0000][1][gc,task      ] GC(20) Using 5 workers of 13 for evacuation
[2022-06-13T04:13:18.662+0000][1][gc,age       ] GC(20) Desired survivor size 4456448 bytes, new threshold 2 (max threshold 6)
[2022-06-13T04:13:18.663+0000][1][gc,age       ] GC(20) Age table with threshold 2 (max threshold 6)
[2022-06-13T04:13:18.663+0000][1][gc,age       ] GC(20) - age   1:    1614520 bytes,    1614520 total
[2022-06-13T04:13:18.664+0000][1][gc,age       ] GC(20) - age   2:    3107760 bytes,    4722280 total
[2022-06-13T04:13:18.664+0000][1][gc,heap      ] GC(20) ParNew: 78297K->7363K(78656K)
[2022-06-13T04:13:18.664+0000][1][gc,heap      ] GC(20) CMS: 55152K->59231K(174784K)
[2022-06-13T04:13:18.665+0000][1][gc,metaspace ] GC(20) Metaspace: 54608K->54608K(1099776K)
[2022-06-13T04:13:18.665+0000][1][gc           ] GC(20) Pause Young (Allocation Failure) 130M->65M(247M) 9.524ms
[2022-06-13T04:13:18.665+0000][1][gc,cpu       ] GC(20) User=0.03s Sys=0.00s Real=0.01s
[2022-06-13T04:13:18.666+0000][1][safepoint    ] Leaving safepoint region
[2022-06-13T04:13:18.666+0000][1][safepoint    ] Total time for which application threads were stopped: 0.0114203 seconds, Stopping threads took: 0.0004137 seconds
[2022-06-13T04:13:18.707+0000][1][safepoint    ] Application time: 0.0402144 seconds
[2022-06-13T04:13:18.707+0000][1][safepoint    ] Entering safepoint region: RevokeBias
[2022-06-13T04:13:18.708+0000][1][safepoint    ] Leaving safepoint region
[2022-06-13T04:13:18.708+0000][1][safepoint    ] Total time for which application threads were stopped: 0.0008409 seconds, Stopping threads took: 0.0004093 seconds
[2022-06-13T04:13:18.709+0000][1][safepoint    ] Application time: 0.0002144 seconds
[2022-06-13T04:13:18.709+0000][1][safepoint    ] Entering safepoint region: RevokeBias
[2022-06-13T04:13:18.710+0000][1][safepoint    ] Leaving safepoint region
[2022-06-13T04:13:18.710+0000][1][safepoint    ] Total time for which application threads were stopped: 0.0007690 seconds, Stopping threads took: 0.0004368 seconds
[2022-06-13T04:13:18.711+0000][1][safepoint    ] Application time: 0.0003284 seconds
[2022-06-13T04:13:18.711+0000][1][safepoint    ] Entering safepoint region: RevokeBias
[2022-06-13T04:13:18.711+0000][1][safepoint    ] Leaving safepoint region
[2022-06-13T04:13:18.712+0000][1][safepoint    ] Total time for which application threads were stopped: 0.0007170 seconds, Stopping threads took: 0.0003583 seconds
[2022-06-13T04:13:18.713+0000][1][safepoint    ] Application time: 0.0015681 seconds
[2022-06-13T04:13:18.714+0000][1][safepoint    ] Entering safepoint region: RevokeBias
[2022-06-13T04:13:18.714+0000][1][safepoint    ] Leaving safepoint region
[2022-06-13T04:13:18.714+0000][1][safepoint    ] Total time for which application threads were stopped: 0.0006129 seconds, Stopping threads took: 0.0002492 seconds
[2022-06-13T04:13:18.826+0000][1][safepoint    ] Application time: 0.1118016 seconds
[2022-06-13T04:13:18.827+0000][1][safepoint    ] Entering safepoint region: Deoptimize
[2022-06-13T04:13:18.829+0000][1][safepoint    ] Leaving safepoint region
[2022-06-13T04:13:18.829+0000][1][safepoint    ] Total time for which application threads were stopped: 0.0024181 seconds, Stopping threads took: 0.0002395 seconds
[2022-06-13T04:13:19.164+0000][1][safepoint    ] Application time: 0.3344359 seconds
[2022-06-13T04:13:19.165+0000][1][safepoint    ] Entering safepoint region: Deoptimize
[2022-06-13T04:13:19.165+0000][1][safepoint    ] Leaving safepoint region
[2022-06-13T04:13:19.166+0000][1][safepoint    ] Total time for which application threads were stopped: 0.0011728 seconds, Stopping threads took: 0.0002741 seconds
[2022-06-13T04:13:19.170+0000][1][safepoint    ] Application time: 0.0044279 seconds
[2022-06-13T04:13:19.171+0000][1][safepoint    ] Entering safepoint region: RevokeBias
[2022-06-13T04:13:19.171+0000][1][safepoint    ] Leaving safepoint region
[2022-06-13T04:13:19.171+0000][1][safepoint    ] Total time for which application threads were stopped: 0.0006817 seconds, Stopping threads took: 0.0002547 seconds
[2022-06-13T04:13:19.172+0000][1][safepoint    ] Application time: 0.0002628 seconds
[2022-06-13T04:13:19.172+0000][1][safepoint    ] Entering safepoint region: RevokeBias
[2022-06-13T04:13:19.173+0000][1][safepoint    ] Leaving safepoint region
[2022-06-13T04:13:19.173+0000][1][safepoint    ] Total time for which application threads were stopped: 0.0004270 seconds, Stopping threads took: 0.0002019 seconds
[2022-06-13T04:13:19.173+0000][1][safepoint    ] Application time: 0.0001372 seconds
[2022-06-13T04:13:19.173+0000][1][safepoint    ] Entering safepoint region: RevokeBias
[2022-06-13T04:13:19.174+0000][1][safepoint    ] Leaving safepoint region
[2022-06-13T04:13:19.174+0000][1][safepoint    ] Total time for which application threads were stopped: 0.0004317 seconds, Stopping threads took: 0.0001892 seconds
[2022-06-13T04:13:19.174+0000][1][safepoint    ] Application time: 0.0004590 seconds
[2022-06-13T04:13:19.175+0000][1][safepoint    ] Entering safepoint region: RevokeBias
[2022-06-13T04:13:19.175+0000][1][safepoint    ] Leaving safepoint region
[2022-06-13T04:13:19.175+0000][1][safepoint    ] Total time for which application threads were stopped: 0.0004573 seconds, Stopping threads took: 0.0002338 seconds
[2022-06-13T04:13:19.175+0000][1][safepoint    ] Application time: 0.0000489 seconds
[2022-06-13T04:13:19.176+0000][1][safepoint    ] Entering safepoint region: RevokeBias
[2022-06-13T04:13:19.176+0000][1][safepoint    ] Leaving safepoint region
[2022-06-13T04:13:19.177+0000][1][safepoint    ] Total time for which application threads were stopped: 0.0006858 seconds, Stopping threads took: 0.0003418 seconds
[2022-06-13T04:13:19.177+0000][1][safepoint    ] Application time: 0.0002330 seconds
[2022-06-13T04:13:19.178+0000][1][safepoint    ] Entering safepoint region: RevokeBias
[2022-06-13T04:13:19.178+0000][1][safepoint    ] Leaving safepoint region
[2022-06-13T04:13:19.179+0000][1][safepoint    ] Total time for which application threads were stopped: 0.0009459 seconds, Stopping threads took: 0.0004705 seconds
[2022-06-13T04:13:19.180+0000][1][safepoint    ] Application time: 0.0003620 seconds
[2022-06-13T04:13:19.180+0000][1][safepoint    ] Entering safepoint region: RevokeBias
[2022-06-13T04:13:19.180+0000][1][safepoint    ] Leaving safepoint region
[2022-06-13T04:13:19.181+0000][1][safepoint    ] Total time for which application threads were stopped: 0.0008147 seconds, Stopping threads took: 0.0003454 seconds
[2022-06-13T04:13:19.181+0000][1][safepoint    ] Application time: 0.0001415 seconds
[2022-06-13T04:13:19.182+0000][1][safepoint    ] Entering safepoint region: RevokeBias
[2022-06-13T04:13:19.182+0000][1][safepoint    ] Leaving safepoint region
[2022-06-13T04:13:19.183+0000][1][safepoint    ] Total time for which application threads were stopped: 0.0007695 seconds, Stopping threads took: 0.0003575 seconds
[2022-06-13T04:13:19.183+0000][1][safepoint    ] Application time: 0.0002049 seconds
[2022-06-13T04:13:19.184+0000][1][safepoint    ] Entering safepoint region: RevokeBias
[2022-06-13T04:13:19.184+0000][1][safepoint    ] Leaving safepoint region
[2022-06-13T04:13:19.184+0000][1][safepoint    ] Total time for which application threads were stopped: 0.0008077 seconds, Stopping threads took: 0.0003920 seconds
[2022-06-13T04:13:19.185+0000][1][safepoint    ] Application time: 0.0002029 seconds
[2022-06-13T04:13:19.185+0000][1][safepoint    ] Entering safepoint region: RevokeBias
[2022-06-13T04:13:19.186+0000][1][safepoint    ] Leaving safepoint region
[2022-06-13T04:13:19.186+0000][1][safepoint    ] Total time for which application threads were stopped: 0.0007753 seconds, Stopping threads took: 0.0004220 seconds
[2022-06-13T04:13:19.187+0000][1][safepoint    ] Application time: 0.0003835 seconds
[2022-06-13T04:13:19.187+0000][1][safepoint    ] Entering safepoint region: RevokeBias
[2022-06-13T04:13:19.188+0000][1][safepoint    ] Leaving safepoint region
[2022-06-13T04:13:19.188+0000][1][safepoint    ] Total time for which application threads were stopped: 0.0008987 seconds, Stopping threads took: 0.0004700 seconds
[2022-06-13T04:13:19.189+0000][1][safepoint    ] Application time: 0.0003254 seconds
[2022-06-13T04:13:19.189+0000][1][safepoint    ] Entering safepoint region: RevokeBias
[2022-06-13T04:13:19.190+0000][1][safepoint    ] Leaving safepoint region
[2022-06-13T04:13:19.190+0000][1][safepoint    ] Total time for which application threads were stopped: 0.0009305 seconds, Stopping threads took: 0.0004492 seconds
[2022-06-13T04:13:19.191+0000][1][safepoint    ] Application time: 0.0000961 seconds
[2022-06-13T04:13:19.191+0000][1][safepoint    ] Entering safepoint region: RevokeBias
[2022-06-13T04:13:19.192+0000][1][safepoint    ] Leaving safepoint region
[2022-06-13T04:13:19.192+0000][1][safepoint    ] Total time for which application threads were stopped: 0.0005191 seconds, Stopping threads took: 0.0002500 seconds
[2022-06-13T04:13:19.192+0000][1][safepoint    ] Application time: 0.0003474 seconds
[2022-06-13T04:13:19.193+0000][1][safepoint    ] Entering safepoint region: BulkRevokeBias
[2022-06-13T04:13:19.193+0000][1][safepoint    ] Leaving safepoint region
[2022-06-13T04:13:19.193+0000][1][safepoint    ] Total time for which application threads were stopped: 0.0005952 seconds, Stopping threads took: 0.0003527 seconds
[2022-06-13T04:13:19.194+0000][1][safepoint    ] Application time: 0.0000692 seconds
[2022-06-13T04:13:19.194+0000][1][safepoint    ] Entering safepoint region: BulkRevokeBias
[2022-06-13T04:13:19.194+0000][1][safepoint    ] Leaving safepoint region
[2022-06-13T04:13:19.195+0000][1][safepoint    ] Total time for which application threads were stopped: 0.0005965 seconds, Stopping threads took: 0.0003108 seconds
[2022-06-13T04:13:19.195+0000][1][safepoint    ] Application time: 0.0006753 seconds
[2022-06-13T04:13:19.196+0000][1][safepoint    ] Entering safepoint region: RevokeBias
[2022-06-13T04:13:19.196+0000][1][safepoint    ] Leaving safepoint region
[2022-06-13T04:13:19.196+0000][1][safepoint    ] Total time for which application threads were stopped: 0.0004288 seconds, Stopping threads took: 0.0002419 seconds
[2022-06-13T04:13:19.196+0000][1][safepoint    ] Application time: 0.0000765 seconds
[2022-06-13T04:13:19.197+0000][1][safepoint    ] Entering safepoint region: RevokeBias
[2022-06-13T04:13:19.197+0000][1][safepoint    ] Leaving safepoint region
[2022-06-13T04:13:19.197+0000][1][safepoint    ] Total time for which application threads were stopped: 0.0004138 seconds, Stopping threads took: 0.0001767 seconds
[2022-06-13T04:13:19.199+0000][1][safepoint    ] Application time: 0.0016530 seconds
[2022-06-13T04:13:19.199+0000][1][safepoint    ] Entering safepoint region: Deoptimize
[2022-06-13T04:13:19.200+0000][1][safepoint    ] Leaving safepoint region
[2022-06-13T04:13:19.200+0000][1][safepoint    ] Total time for which application threads were stopped: 0.0008070 seconds, Stopping threads took: 0.0002400 seconds
[2022-06-13T04:13:19.201+0000][1][safepoint    ] Application time: 0.0005609 seconds
[2022-06-13T04:13:19.201+0000][1][safepoint    ] Entering safepoint region: RevokeBias
[2022-06-13T04:13:19.201+0000][1][safepoint    ] Leaving safepoint region
[2022-06-13T04:13:19.201+0000][1][safepoint    ] Total time for which application threads were stopped: 0.0004412 seconds, Stopping threads took: 0.0002273 seconds
[2022-06-13T04:13:19.216+0000][1][safepoint    ] Application time: 0.0144428 seconds
[2022-06-13T04:13:19.217+0000][1][safepoint    ] Entering safepoint region: RevokeBias
[2022-06-13T04:13:19.217+0000][1][safepoint    ] Leaving safepoint region
[2022-06-13T04:13:19.217+0000][1][safepoint    ] Total time for which application threads were stopped: 0.0008335 seconds, Stopping threads took: 0.0004413 seconds
[2022-06-13T04:13:19.218+0000][1][safepoint    ] Application time: 0.0002406 seconds
[2022-06-13T04:13:19.219+0000][1][safepoint    ] Entering safepoint region: RevokeBias
[2022-06-13T04:13:19.219+0000][1][safepoint    ] Leaving safepoint region
[2022-06-13T04:13:19.220+0000][1][safepoint    ] Total time for which application threads were stopped: 0.0012531 seconds, Stopping threads took: 0.0005717 seconds
[2022-06-13T04:13:19.222+0000][1][safepoint    ] Application time: 0.0018264 seconds
[2022-06-13T04:13:19.223+0000][1][safepoint    ] Entering safepoint region: RevokeBias
[2022-06-13T04:13:19.223+0000][1][safepoint    ] Leaving safepoint region
[2022-06-13T04:13:19.223+0000][1][safepoint    ] Total time for which application threads were stopped: 0.0007116 seconds, Stopping threads took: 0.0003557 seconds
[2022-06-13T04:13:19.224+0000][1][safepoint    ] Application time: 0.0002831 seconds
[2022-06-13T04:13:19.225+0000][1][safepoint    ] Entering safepoint region: RevokeBias
[2022-06-13T04:13:19.225+0000][1][safepoint    ] Leaving safepoint region
[2022-06-13T04:13:19.226+0000][1][safepoint    ] Total time for which application threads were stopped: 0.0009910 seconds, Stopping threads took: 0.0004861 seconds
[2022-06-13T04:13:19.227+0000][1][safepoint    ] Application time: 0.0010524 seconds
[2022-06-13T04:13:19.228+0000][1][safepoint    ] Entering safepoint region: RevokeBias
[2022-06-13T04:13:19.228+0000][1][safepoint    ] Leaving safepoint region
[2022-06-13T04:13:19.228+0000][1][safepoint    ] Total time for which application threads were stopped: 0.0009540 seconds, Stopping threads took: 0.0004808 seconds
[2022-06-13T04:13:19.229+0000][1][safepoint    ] Application time: 0.0002166 seconds
[2022-06-13T04:13:19.230+0000][1][safepoint    ] Entering safepoint region: RevokeBias
[2022-06-13T04:13:19.230+0000][1][safepoint    ] Leaving safepoint region
[2022-06-13T04:13:19.231+0000][1][safepoint    ] Total time for which application threads were stopped: 0.0009482 seconds, Stopping threads took: 0.0004492 seconds
[2022-06-13T04:13:19.232+0000][1][safepoint    ] Application time: 0.0006250 seconds
[2022-06-13T04:13:19.232+0000][1][safepoint    ] Entering safepoint region: RevokeBias
[2022-06-13T04:13:19.233+0000][1][safepoint    ] Leaving safepoint region
[2022-06-13T04:13:19.233+0000][1][safepoint    ] Total time for which application threads were stopped: 0.0011163 seconds, Stopping threads took: 0.0005048 seconds
[2022-06-13T04:13:19.234+0000][1][safepoint    ] Application time: 0.0005945 seconds
[2022-06-13T04:13:19.234+0000][1][safepoint    ] Entering safepoint region: RevokeBias
[2022-06-13T04:13:19.235+0000][1][safepoint    ] Leaving safepoint region
[2022-06-13T04:13:19.235+0000][1][safepoint    ] Total time for which application threads were stopped: 0.0007736 seconds, Stopping threads took: 0.0003331 seconds
[2022-06-13T04:13:19.236+0000][1][safepoint    ] Application time: 0.0002466 seconds
[2022-06-13T04:13:19.236+0000][1][safepoint    ] Entering safepoint region: RevokeBias
[2022-06-13T04:13:19.237+0000][1][safepoint    ] Leaving safepoint region
[2022-06-13T04:13:19.237+0000][1][safepoint    ] Total time for which application threads were stopped: 0.0006101 seconds, Stopping threads took: 0.0002264 seconds
[2022-06-13T04:13:19.237+0000][1][safepoint    ] Application time: 0.0002114 seconds
[2022-06-13T04:13:19.238+0000][1][safepoint    ] Entering safepoint region: RevokeBias
[2022-06-13T04:13:19.238+0000][1][safepoint    ] Leaving safepoint region
[2022-06-13T04:13:19.238+0000][1][safepoint    ] Total time for which application threads were stopped: 0.0005249 seconds, Stopping threads took: 0.0003494 seconds
[2022-06-13T04:13:19.239+0000][1][safepoint    ] Application time: 0.0003733 seconds
[2022-06-13T04:13:19.239+0000][1][safepoint    ] Entering safepoint region: RevokeBias
[2022-06-13T04:13:19.240+0000][1][safepoint    ] Leaving safepoint region
[2022-06-13T04:13:19.240+0000][1][safepoint    ] Total time for which application threads were stopped: 0.0004973 seconds, Stopping threads took: 0.0002644 seconds
[2022-06-13T04:13:19.241+0000][1][safepoint    ] Application time: 0.0012711 seconds
[2022-06-13T04:13:19.241+0000][1][safepoint    ] Entering safepoint region: RevokeBias
[2022-06-13T04:13:19.242+0000][1][safepoint    ] Leaving safepoint region
[2022-06-13T04:13:19.242+0000][1][safepoint    ] Total time for which application threads were stopped: 0.0003498 seconds, Stopping threads took: 0.0001972 seconds
[2022-06-13T04:13:19.243+0000][1][safepoint    ] Application time: 0.0014851 seconds
[2022-06-13T04:13:19.244+0000][1][safepoint    ] Entering safepoint region: RevokeBias
[2022-06-13T04:13:19.244+0000][1][safepoint    ] Leaving safepoint region
[2022-06-13T04:13:19.244+0000][1][safepoint    ] Total time for which application threads were stopped: 0.0004461 seconds, Stopping threads took: 0.0002475 seconds
[2022-06-13T04:13:19.245+0000][1][safepoint    ] Application time: 0.0004882 seconds
[2022-06-13T04:13:19.245+0000][1][safepoint    ] Entering safepoint region: RevokeBias
[2022-06-13T04:13:19.245+0000][1][safepoint    ] Leaving safepoint region
[2022-06-13T04:13:19.245+0000][1][safepoint    ] Total time for which application threads were stopped: 0.0004443 seconds, Stopping threads took: 0.0001783 seconds
[2022-06-13T04:13:19.246+0000][1][safepoint    ] Application time: 0.0002281 seconds
[2022-06-13T04:13:19.246+0000][1][safepoint    ] Entering safepoint region: RevokeBias
[2022-06-13T04:13:19.247+0000][1][safepoint    ] Leaving safepoint region
[2022-06-13T04:13:19.247+0000][1][safepoint    ] Total time for which application threads were stopped: 0.0006074 seconds, Stopping threads took: 0.0004316 seconds
[2022-06-13T04:13:19.247+0000][1][safepoint    ] Application time: 0.0001749 seconds
[2022-06-13T04:13:19.247+0000][1][safepoint    ] Entering safepoint region: RevokeBias
[2022-06-13T04:13:19.248+0000][1][safepoint    ] Leaving safepoint region
[2022-06-13T04:13:19.248+0000][1][safepoint    ] Total time for which application threads were stopped: 0.0004038 seconds, Stopping threads took: 0.0002401 seconds
[2022-06-13T04:13:19.249+0000][1][safepoint    ] Application time: 0.0004902 seconds
[2022-06-13T04:13:19.249+0000][1][safepoint    ] Entering safepoint region: RevokeBias
[2022-06-13T04:13:19.249+0000][1][safepoint    ] Leaving safepoint region
[2022-06-13T04:13:19.249+0000][1][safepoint    ] Total time for which application threads were stopped: 0.0004205 seconds, Stopping threads took: 0.0001350 seconds
[2022-06-13T04:13:19.249+0000][1][safepoint    ] Application time: 0.0000801 seconds
[2022-06-13T04:13:19.250+0000][1][safepoint    ] Entering safepoint region: RevokeBias
[2022-06-13T04:13:19.250+0000][1][safepoint    ] Leaving safepoint region
[2022-06-13T04:13:19.250+0000][1][safepoint    ] Total time for which application threads were stopped: 0.0004160 seconds, Stopping threads took: 0.0001804 seconds
[2022-06-13T04:13:19.250+0000][1][safepoint    ] Application time: 0.0002047 seconds
[2022-06-13T04:13:19.251+0000][1][safepoint    ] Entering safepoint region: RevokeBias
[2022-06-13T04:13:19.251+0000][1][safepoint    ] Leaving safepoint region
[2022-06-13T04:13:19.251+0000][1][safepoint    ] Total time for which application threads were stopped: 0.0003373 seconds, Stopping threads took: 0.0002020 seconds
[2022-06-13T04:13:19.251+0000][1][safepoint    ] Application time: 0.0002296 seconds
[2022-06-13T04:13:19.252+0000][1][safepoint    ] Entering safepoint region: RevokeBias
[2022-06-13T04:13:19.252+0000][1][safepoint    ] Leaving safepoint region
[2022-06-13T04:13:19.252+0000][1][safepoint    ] Total time for which application threads were stopped: 0.0001834 seconds, Stopping threads took: 0.0000841 seconds
[2022-06-13T04:13:19.252+0000][1][safepoint    ] Application time: 0.0002079 seconds
[2022-06-13T04:13:19.252+0000][1][safepoint    ] Entering safepoint region: RevokeBias
[2022-06-13T04:13:19.252+0000][1][safepoint    ] Leaving safepoint region
[2022-06-13T04:13:19.252+0000][1][safepoint    ] Total time for which application threads were stopped: 0.0001795 seconds, Stopping threads took: 0.0000831 seconds
[2022-06-13T04:13:19.255+0000][1][safepoint    ] Application time: 0.0027639 seconds
[2022-06-13T04:13:19.255+0000][1][safepoint    ] Entering safepoint region: RevokeBias
[2022-06-13T04:13:19.256+0000][1][gc,start     ] GC(21) Pause Young (Allocation Failure)
[2022-06-13T04:13:19.256+0000][1][gc,task      ] GC(21) Using 5 workers of 13 for evacuation
[2022-06-13T04:13:19.261+0000][1][gc,age       ] GC(21) Desired survivor size 4456448 bytes, new threshold 2 (max threshold 6)
[2022-06-13T04:13:19.262+0000][1][gc,age       ] GC(21) Age table with threshold 2 (max threshold 6)
[2022-06-13T04:13:19.262+0000][1][gc,age       ] GC(21) - age   1:    3758792 bytes,    3758792 total
[2022-06-13T04:13:19.262+0000][1][gc,age       ] GC(21) - age   2:    1489720 bytes,    5248512 total
[2022-06-13T04:13:19.263+0000][1][gc,heap      ] GC(21) ParNew: 77315K->6989K(78656K)
[2022-06-13T04:13:19.263+0000][1][gc,heap      ] GC(21) CMS: 59231K->62340K(174784K)
[2022-06-13T04:13:19.263+0000][1][gc,metaspace ] GC(21) Metaspace: 62765K->62765K(1105920K)
[2022-06-13T04:13:19.264+0000][1][gc           ] GC(21) Pause Young (Allocation Failure) 133M->67M(247M) 7.842ms
[2022-06-13T04:13:19.264+0000][1][gc,cpu       ] GC(21) User=0.03s Sys=0.00s Real=0.01s
[2022-06-13T04:13:19.264+0000][1][safepoint    ] Leaving safepoint region
[2022-06-13T04:13:19.264+0000][1][safepoint    ] Total time for which application threads were stopped: 0.0087755 seconds, Stopping threads took: 0.0001036 seconds
[2022-06-13T04:13:19.265+0000][1][safepoint    ] Application time: 0.0008226 seconds
[2022-06-13T04:13:19.266+0000][1][safepoint    ] Entering safepoint region: RevokeBias
[2022-06-13T04:13:19.266+0000][1][safepoint    ] Leaving safepoint region
[2022-06-13T04:13:19.266+0000][1][safepoint    ] Total time for which application threads were stopped: 0.0007262 seconds, Stopping threads took: 0.0003326 seconds
[2022-06-13T04:13:19.267+0000][1][safepoint    ] Application time: 0.0002705 seconds
[2022-06-13T04:13:19.268+0000][1][safepoint    ] Entering safepoint region: RevokeBias
[2022-06-13T04:13:19.268+0000][1][safepoint    ] Leaving safepoint region
[2022-06-13T04:13:19.268+0000][1][safepoint    ] Total time for which application threads were stopped: 0.0008687 seconds, Stopping threads took: 0.0004837 seconds
[2022-06-13T04:13:19.272+0000][1][safepoint    ] Application time: 0.0029625 seconds
[2022-06-13T04:13:19.272+0000][1][safepoint    ] Entering safepoint region: RevokeBias
[2022-06-13T04:13:19.273+0000][1][safepoint    ] Leaving safepoint region
[2022-06-13T04:13:19.273+0000][1][safepoint    ] Total time for which application threads were stopped: 0.0010218 seconds, Stopping threads took: 0.0004404 seconds
[2022-06-13T04:13:19.274+0000][1][safepoint    ] Application time: 0.0002832 seconds
[2022-06-13T04:13:19.274+0000][1][safepoint    ] Entering safepoint region: RevokeBias
[2022-06-13T04:13:19.274+0000][1][safepoint    ] Leaving safepoint region
[2022-06-13T04:13:19.275+0000][1][safepoint    ] Total time for which application threads were stopped: 0.0008320 seconds, Stopping threads took: 0.0003531 seconds
[2022-06-13T04:13:19.275+0000][1][safepoint    ] Application time: 0.0003018 seconds
[2022-06-13T04:13:19.276+0000][1][safepoint    ] Entering safepoint region: RevokeBias
[2022-06-13T04:13:19.276+0000][1][safepoint    ] Leaving safepoint region
[2022-06-13T04:13:19.277+0000][1][safepoint    ] Total time for which application threads were stopped: 0.0008732 seconds, Stopping threads took: 0.0005355 seconds
[2022-06-13T04:13:19.278+0000][1][safepoint    ] Application time: 0.0007023 seconds
[2022-06-13T04:13:19.278+0000][1][safepoint    ] Entering safepoint region: RevokeBias
[2022-06-13T04:13:19.279+0000][1][safepoint    ] Leaving safepoint region
[2022-06-13T04:13:19.279+0000][1][safepoint    ] Total time for which application threads were stopped: 0.0009486 seconds, Stopping threads took: 0.0004833 seconds
[2022-06-13T04:13:19.280+0000][1][safepoint    ] Application time: 0.0001453 seconds
[2022-06-13T04:13:19.280+0000][1][safepoint    ] Entering safepoint region: RevokeBias
[2022-06-13T04:13:19.280+0000][1][safepoint    ] Leaving safepoint region
[2022-06-13T04:13:19.280+0000][1][safepoint    ] Total time for which application threads were stopped: 0.0005386 seconds, Stopping threads took: 0.0002688 seconds
[2022-06-13T04:13:19.281+0000][1][safepoint    ] Application time: 0.0001648 seconds
[2022-06-13T04:13:19.281+0000][1][safepoint    ] Entering safepoint region: RevokeBias
[2022-06-13T04:13:19.282+0000][1][safepoint    ] Leaving safepoint region
[2022-06-13T04:13:19.282+0000][1][safepoint    ] Total time for which application threads were stopped: 0.0006818 seconds, Stopping threads took: 0.0003530 seconds
[2022-06-13T04:13:19.283+0000][1][safepoint    ] Application time: 0.0008411 seconds
[2022-06-13T04:13:19.283+0000][1][safepoint    ] Entering safepoint region: RevokeBias
[2022-06-13T04:13:19.284+0000][1][safepoint    ] Leaving safepoint region
[2022-06-13T04:13:19.284+0000][1][safepoint    ] Total time for which application threads were stopped: 0.0006332 seconds, Stopping threads took: 0.0003169 seconds
[2022-06-13T04:13:19.284+0000][1][safepoint    ] Application time: 0.0001221 seconds
[2022-06-13T04:13:19.285+0000][1][safepoint    ] Entering safepoint region: RevokeBias
[2022-06-13T04:13:19.285+0000][1][safepoint    ] Leaving safepoint region
[2022-06-13T04:13:19.285+0000][1][safepoint    ] Total time for which application threads were stopped: 0.0006536 seconds, Stopping threads took: 0.0003287 seconds
[2022-06-13T04:13:19.288+0000][1][safepoint    ] Application time: 0.0022590 seconds
[2022-06-13T04:13:19.289+0000][1][safepoint    ] Entering safepoint region: RevokeBias
[2022-06-13T04:13:19.289+0000][1][safepoint    ] Leaving safepoint region
[2022-06-13T04:13:19.290+0000][1][safepoint    ] Total time for which application threads were stopped: 0.0011285 seconds, Stopping threads took: 0.0006245 seconds
[2022-06-13T04:13:19.290+0000][1][safepoint    ] Application time: 0.0001748 seconds
[2022-06-13T04:13:19.291+0000][1][safepoint    ] Entering safepoint region: RevokeBias
[2022-06-13T04:13:19.291+0000][1][safepoint    ] Leaving safepoint region
[2022-06-13T04:13:19.292+0000][1][safepoint    ] Total time for which application threads were stopped: 0.0010407 seconds, Stopping threads took: 0.0005835 seconds
[2022-06-13T04:13:19.294+0000][1][safepoint    ] Application time: 0.0021521 seconds
[2022-06-13T04:13:19.295+0000][1][safepoint    ] Entering safepoint region: RevokeBias
[2022-06-13T04:13:19.295+0000][1][safepoint    ] Leaving safepoint region
[2022-06-13T04:13:19.295+0000][1][safepoint    ] Total time for which application threads were stopped: 0.0004437 seconds, Stopping threads took: 0.0002448 seconds
[2022-06-13T04:13:19.295+0000][1][safepoint    ] Application time: 0.0002509 seconds
[2022-06-13T04:13:19.296+0000][1][safepoint    ] Entering safepoint region: RevokeBias
[2022-06-13T04:13:19.296+0000][1][safepoint    ] Leaving safepoint region
[2022-06-13T04:13:19.296+0000][1][safepoint    ] Total time for which application threads were stopped: 0.0006252 seconds, Stopping threads took: 0.0002837 seconds
[2022-06-13T04:13:19.297+0000][1][safepoint    ] Application time: 0.0004650 seconds
[2022-06-13T04:13:19.298+0000][1][safepoint    ] Entering safepoint region: RevokeBias
[2022-06-13T04:13:19.298+0000][1][safepoint    ] Leaving safepoint region
[2022-06-13T04:13:19.298+0000][1][safepoint    ] Total time for which application threads were stopped: 0.0007520 seconds, Stopping threads took: 0.0004145 seconds
[2022-06-13T04:13:19.299+0000][1][safepoint    ] Application time: 0.0002635 seconds
[2022-06-13T04:13:19.299+0000][1][safepoint    ] Entering safepoint region: RevokeBias
[2022-06-13T04:13:19.300+0000][1][safepoint    ] Leaving safepoint region
[2022-06-13T04:13:19.300+0000][1][safepoint    ] Total time for which application threads were stopped: 0.0006626 seconds, Stopping threads took: 0.0003266 seconds
[2022-06-13T04:13:19.302+0000][1][safepoint    ] Application time: 0.0017570 seconds
[2022-06-13T04:13:19.302+0000][1][safepoint    ] Entering safepoint region: RevokeBias
[2022-06-13T04:13:19.303+0000][1][safepoint    ] Leaving safepoint region
[2022-06-13T04:13:19.303+0000][1][safepoint    ] Total time for which application threads were stopped: 0.0010702 seconds, Stopping threads took: 0.0004255 seconds
[2022-06-13T04:13:19.304+0000][1][safepoint    ] Application time: 0.0003609 seconds
[2022-06-13T04:13:19.304+0000][1][safepoint    ] Entering safepoint region: RevokeBias
[2022-06-13T04:13:19.305+0000][1][safepoint    ] Leaving safepoint region
[2022-06-13T04:13:19.305+0000][1][safepoint    ] Total time for which application threads were stopped: 0.0009683 seconds, Stopping threads took: 0.0004911 seconds
[2022-06-13T04:13:19.306+0000][1][safepoint    ] Application time: 0.0003010 seconds
[2022-06-13T04:13:19.306+0000][1][safepoint    ] Entering safepoint region: RevokeBias
[2022-06-13T04:13:19.307+0000][1][safepoint    ] Leaving safepoint region
[2022-06-13T04:13:19.307+0000][1][safepoint    ] Total time for which application threads were stopped: 0.0008700 seconds, Stopping threads took: 0.0004475 seconds
[2022-06-13T04:13:19.308+0000][1][safepoint    ] Application time: 0.0002685 seconds
[2022-06-13T04:13:19.309+0000][1][safepoint    ] Entering safepoint region: RevokeBias
[2022-06-13T04:13:19.309+0000][1][safepoint    ] Leaving safepoint region
[2022-06-13T04:13:19.309+0000][1][safepoint    ] Total time for which application threads were stopped: 0.0009457 seconds, Stopping threads took: 0.0005183 seconds
[2022-06-13T04:13:19.310+0000][1][safepoint    ] Application time: 0.0006129 seconds
[2022-06-13T04:13:19.311+0000][1][safepoint    ] Entering safepoint region: RevokeBias
[2022-06-13T04:13:19.311+0000][1][safepoint    ] Leaving safepoint region
[2022-06-13T04:13:19.311+0000][1][safepoint    ] Total time for which application threads were stopped: 0.0004820 seconds, Stopping threads took: 0.0002093 seconds
[2022-06-13T04:13:19.313+0000][1][safepoint    ] Application time: 0.0020025 seconds
[2022-06-13T04:13:19.314+0000][1][safepoint    ] Entering safepoint region: RevokeBias
[2022-06-13T04:13:19.314+0000][1][safepoint    ] Leaving safepoint region
[2022-06-13T04:13:19.315+0000][1][safepoint    ] Total time for which application threads were stopped: 0.0007105 seconds, Stopping threads took: 0.0002412 seconds
[2022-06-13T04:13:19.315+0000][1][safepoint    ] Application time: 0.0001572 seconds
[2022-06-13T04:13:19.315+0000][1][safepoint    ] Entering safepoint region: RevokeBias
[2022-06-13T04:13:19.316+0000][1][safepoint    ] Leaving safepoint region
[2022-06-13T04:13:19.316+0000][1][safepoint    ] Total time for which application threads were stopped: 0.0003816 seconds, Stopping threads took: 0.0001705 seconds
[2022-06-13T04:13:19.316+0000][1][safepoint    ] Application time: 0.0001199 seconds
[2022-06-13T04:13:19.316+0000][1][safepoint    ] Entering safepoint region: RevokeBias
[2022-06-13T04:13:19.317+0000][1][safepoint    ] Leaving safepoint region
[2022-06-13T04:13:19.317+0000][1][safepoint    ] Total time for which application threads were stopped: 0.0005574 seconds, Stopping threads took: 0.0002354 seconds
[2022-06-13T04:13:19.317+0000][1][safepoint    ] Application time: 0.0001939 seconds
[2022-06-13T04:13:19.318+0000][1][safepoint    ] Entering safepoint region: RevokeBias
[2022-06-13T04:13:19.318+0000][1][safepoint    ] Leaving safepoint region
[2022-06-13T04:13:19.318+0000][1][safepoint    ] Total time for which application threads were stopped: 0.0005253 seconds, Stopping threads took: 0.0002831 seconds
[2022-06-13T04:13:19.321+0000][1][safepoint    ] Application time: 0.0029926 seconds
[2022-06-13T04:13:19.322+0000][1][safepoint    ] Entering safepoint region: RevokeBias
[2022-06-13T04:13:19.322+0000][1][safepoint    ] Leaving safepoint region
[2022-06-13T04:13:19.322+0000][1][safepoint    ] Total time for which application threads were stopped: 0.0004352 seconds, Stopping threads took: 0.0002145 seconds
[2022-06-13T04:13:19.323+0000][1][safepoint    ] Application time: 0.0001821 seconds
[2022-06-13T04:13:19.323+0000][1][safepoint    ] Entering safepoint region: RevokeBias
[2022-06-13T04:13:19.323+0000][1][safepoint    ] Leaving safepoint region
[2022-06-13T04:13:19.323+0000][1][safepoint    ] Total time for which application threads were stopped: 0.0003973 seconds, Stopping threads took: 0.0001921 seconds
[2022-06-13T04:13:19.331+0000][1][safepoint    ] Application time: 0.0073106 seconds
[2022-06-13T04:13:19.331+0000][1][safepoint    ] Entering safepoint region: RevokeBias
[2022-06-13T04:13:19.332+0000][1][safepoint    ] Leaving safepoint region
[2022-06-13T04:13:19.332+0000][1][safepoint    ] Total time for which application threads were stopped: 0.0006256 seconds, Stopping threads took: 0.0002864 seconds
[2022-06-13T04:13:19.340+0000][1][safepoint    ] Application time: 0.0074604 seconds
[2022-06-13T04:13:19.340+0000][1][safepoint    ] Entering safepoint region: RevokeBias
[2022-06-13T04:13:19.341+0000][1][safepoint    ] Leaving safepoint region
[2022-06-13T04:13:19.341+0000][1][safepoint    ] Total time for which application threads were stopped: 0.0009951 seconds, Stopping threads took: 0.0005230 seconds
[2022-06-13T04:13:19.343+0000][1][safepoint    ] Application time: 0.0015376 seconds
[2022-06-13T04:13:19.344+0000][1][safepoint    ] Entering safepoint region: RevokeBias
[2022-06-13T04:13:19.344+0000][1][safepoint    ] Leaving safepoint region
[2022-06-13T04:13:19.345+0000][1][safepoint    ] Total time for which application threads were stopped: 0.0010717 seconds, Stopping threads took: 0.0005055 seconds
[2022-06-13T04:13:19.345+0000][1][safepoint    ] Application time: 0.0003772 seconds
[2022-06-13T04:13:19.346+0000][1][safepoint    ] Entering safepoint region: RevokeBias
[2022-06-13T04:13:19.346+0000][1][safepoint    ] Leaving safepoint region
[2022-06-13T04:13:19.347+0000][1][safepoint    ] Total time for which application threads were stopped: 0.0009598 seconds, Stopping threads took: 0.0004771 seconds
[2022-06-13T04:13:19.347+0000][1][safepoint    ] Application time: 0.0002133 seconds
[2022-06-13T04:13:19.348+0000][1][safepoint    ] Entering safepoint region: RevokeBias
[2022-06-13T04:13:19.348+0000][1][safepoint    ] Leaving safepoint region
[2022-06-13T04:13:19.349+0000][1][safepoint    ] Total time for which application threads were stopped: 0.0011021 seconds, Stopping threads took: 0.0005517 seconds
[2022-06-13T04:13:19.350+0000][1][safepoint    ] Application time: 0.0002023 seconds
[2022-06-13T04:13:19.351+0000][1][safepoint    ] Entering safepoint region: RevokeBias
[2022-06-13T04:13:19.351+0000][1][safepoint    ] Leaving safepoint region
[2022-06-13T04:13:19.351+0000][1][safepoint    ] Total time for which application threads were stopped: 0.0009167 seconds, Stopping threads took: 0.0004144 seconds
[2022-06-13T04:13:19.352+0000][1][safepoint    ] Application time: 0.0004826 seconds
[2022-06-13T04:13:19.353+0000][1][safepoint    ] Entering safepoint region: RevokeBias
[2022-06-13T04:13:19.353+0000][1][safepoint    ] Leaving safepoint region
[2022-06-13T04:13:19.354+0000][1][safepoint    ] Total time for which application threads were stopped: 0.0009680 seconds, Stopping threads took: 0.0004787 seconds
[2022-06-13T04:13:19.364+0000][1][safepoint    ] Application time: 0.0093632 seconds
[2022-06-13T04:13:19.364+0000][1][safepoint    ] Entering safepoint region: RevokeBias
[2022-06-13T04:13:19.365+0000][1][safepoint    ] Leaving safepoint region
[2022-06-13T04:13:19.365+0000][1][safepoint    ] Total time for which application threads were stopped: 0.0011947 seconds, Stopping threads took: 0.0006546 seconds
[2022-06-13T04:13:19.366+0000][1][safepoint    ] Application time: 0.0006321 seconds
[2022-06-13T04:13:19.367+0000][1][safepoint    ] Entering safepoint region: RevokeBias
[2022-06-13T04:13:19.367+0000][1][safepoint    ] Leaving safepoint region
[2022-06-13T04:13:19.368+0000][1][safepoint    ] Total time for which application threads were stopped: 0.0008899 seconds, Stopping threads took: 0.0004054 seconds
[2022-06-13T04:13:19.369+0000][1][safepoint    ] Application time: 0.0004038 seconds
[2022-06-13T04:13:19.369+0000][1][safepoint    ] Entering safepoint region: RevokeBias
[2022-06-13T04:13:19.370+0000][1][safepoint    ] Leaving safepoint region
[2022-06-13T04:13:19.370+0000][1][safepoint    ] Total time for which application threads were stopped: 0.0008675 seconds, Stopping threads took: 0.0004808 seconds
[2022-06-13T04:13:19.374+0000][1][safepoint    ] Application time: 0.0037899 seconds
[2022-06-13T04:13:19.374+0000][1][safepoint    ] Entering safepoint region: RevokeBias
[2022-06-13T04:13:19.375+0000][1][safepoint    ] Leaving safepoint region
[2022-06-13T04:13:19.376+0000][1][safepoint    ] Total time for which application threads were stopped: 0.0011085 seconds, Stopping threads took: 0.0004478 seconds
[2022-06-13T04:13:19.379+0000][1][safepoint    ] Application time: 0.0030694 seconds
[2022-06-13T04:13:19.380+0000][1][safepoint    ] Entering safepoint region: RevokeBias
[2022-06-13T04:13:19.380+0000][1][safepoint    ] Leaving safepoint region
[2022-06-13T04:13:19.381+0000][1][safepoint    ] Total time for which application threads were stopped: 0.0011354 seconds, Stopping threads took: 0.0005619 seconds
[2022-06-13T04:13:19.383+0000][1][safepoint    ] Application time: 0.0012611 seconds
[2022-06-13T04:13:19.383+0000][1][safepoint    ] Entering safepoint region: RevokeBias
[2022-06-13T04:13:19.384+0000][1][safepoint    ] Leaving safepoint region
[2022-06-13T04:13:19.384+0000][1][safepoint    ] Total time for which application threads were stopped: 0.0011842 seconds, Stopping threads took: 0.0007450 seconds
[2022-06-13T04:13:19.386+0000][1][safepoint    ] Application time: 0.0014964 seconds
[2022-06-13T04:13:19.387+0000][1][safepoint    ] Entering safepoint region: RevokeBias
[2022-06-13T04:13:19.387+0000][1][safepoint    ] Leaving safepoint region
[2022-06-13T04:13:19.388+0000][1][safepoint    ] Total time for which application threads were stopped: 0.0010570 seconds, Stopping threads took: 0.0005931 seconds
[2022-06-13T04:13:19.389+0000][1][safepoint    ] Application time: 0.0007529 seconds
[2022-06-13T04:13:19.389+0000][1][safepoint    ] Entering safepoint region: RevokeBias
[2022-06-13T04:13:19.390+0000][1][safepoint    ] Leaving safepoint region
[2022-06-13T04:13:19.390+0000][1][safepoint    ] Total time for which application threads were stopped: 0.0010810 seconds, Stopping threads took: 0.0004824 seconds
[2022-06-13T04:13:19.392+0000][1][safepoint    ] Application time: 0.0006983 seconds
[2022-06-13T04:13:19.392+0000][1][safepoint    ] Entering safepoint region: RevokeBias
[2022-06-13T04:13:19.392+0000][1][safepoint    ] Leaving safepoint region
[2022-06-13T04:13:19.393+0000][1][safepoint    ] Total time for which application threads were stopped: 0.0008407 seconds, Stopping threads took: 0.0004516 seconds
[2022-06-13T04:13:19.394+0000][1][safepoint    ] Application time: 0.0006112 seconds
[2022-06-13T04:13:19.394+0000][1][safepoint    ] Entering safepoint region: RevokeBias
[2022-06-13T04:13:19.395+0000][1][safepoint    ] Leaving safepoint region
[2022-06-13T04:13:19.395+0000][1][safepoint    ] Total time for which application threads were stopped: 0.0007543 seconds, Stopping threads took: 0.0003323 seconds
[2022-06-13T04:13:19.396+0000][1][safepoint    ] Application time: 0.0007120 seconds
[2022-06-13T04:13:19.397+0000][1][safepoint    ] Entering safepoint region: RevokeBias
[2022-06-13T04:13:19.397+0000][1][safepoint    ] Leaving safepoint region
[2022-06-13T04:13:19.397+0000][1][safepoint    ] Total time for which application threads were stopped: 0.0007340 seconds, Stopping threads took: 0.0003043 seconds
[2022-06-13T04:13:19.398+0000][1][safepoint    ] Application time: 0.0006721 seconds
[2022-06-13T04:13:19.399+0000][1][safepoint    ] Entering safepoint region: RevokeBias
[2022-06-13T04:13:19.399+0000][1][safepoint    ] Leaving safepoint region
[2022-06-13T04:13:19.399+0000][1][safepoint    ] Total time for which application threads were stopped: 0.0008915 seconds, Stopping threads took: 0.0004860 seconds
[2022-06-13T04:13:19.401+0000][1][safepoint    ] Application time: 0.0010779 seconds
[2022-06-13T04:13:19.401+0000][1][safepoint    ] Entering safepoint region: RevokeBias
[2022-06-13T04:13:19.402+0000][1][safepoint    ] Leaving safepoint region
[2022-06-13T04:13:19.402+0000][1][safepoint    ] Total time for which application threads were stopped: 0.0009484 seconds, Stopping threads took: 0.0004918 seconds
[2022-06-13T04:13:19.404+0000][1][safepoint    ] Application time: 0.0011603 seconds
[2022-06-13T04:13:19.404+0000][1][safepoint    ] Entering safepoint region: RevokeBias
[2022-06-13T04:13:19.404+0000][1][safepoint    ] Leaving safepoint region
[2022-06-13T04:13:19.405+0000][1][safepoint    ] Total time for which application threads were stopped: 0.0008795 seconds, Stopping threads took: 0.0003985 seconds
[2022-06-13T04:13:19.405+0000][1][safepoint    ] Application time: 0.0005291 seconds
[2022-06-13T04:13:19.406+0000][1][safepoint    ] Entering safepoint region: RevokeBias
[2022-06-13T04:13:19.406+0000][1][safepoint    ] Leaving safepoint region
[2022-06-13T04:13:19.406+0000][1][safepoint    ] Total time for which application threads were stopped: 0.0004266 seconds, Stopping threads took: 0.0002049 seconds
[2022-06-13T04:13:19.407+0000][1][safepoint    ] Application time: 0.0004272 seconds
[2022-06-13T04:13:19.407+0000][1][safepoint    ] Entering safepoint region: RevokeBias
[2022-06-13T04:13:19.408+0000][1][safepoint    ] Leaving safepoint region
[2022-06-13T04:13:19.408+0000][1][safepoint    ] Total time for which application threads were stopped: 0.0008556 seconds, Stopping threads took: 0.0003903 seconds
[2022-06-13T04:13:19.409+0000][1][safepoint    ] Application time: 0.0003647 seconds
[2022-06-13T04:13:19.409+0000][1][safepoint    ] Entering safepoint region: RevokeBias
[2022-06-13T04:13:19.410+0000][1][safepoint    ] Leaving safepoint region
[2022-06-13T04:13:19.410+0000][1][safepoint    ] Total time for which application threads were stopped: 0.0010073 seconds, Stopping threads took: 0.0005245 seconds
[2022-06-13T04:13:19.411+0000][1][safepoint    ] Application time: 0.0003934 seconds
[2022-06-13T04:13:19.411+0000][1][safepoint    ] Entering safepoint region: RevokeBias
[2022-06-13T04:13:19.412+0000][1][safepoint    ] Leaving safepoint region
[2022-06-13T04:13:19.412+0000][1][safepoint    ] Total time for which application threads were stopped: 0.0008393 seconds, Stopping threads took: 0.0004766 seconds
[2022-06-13T04:13:19.413+0000][1][safepoint    ] Application time: 0.0003688 seconds
[2022-06-13T04:13:19.413+0000][1][safepoint    ] Entering safepoint region: RevokeBias
[2022-06-13T04:13:19.414+0000][1][safepoint    ] Leaving safepoint region
[2022-06-13T04:13:19.414+0000][1][safepoint    ] Total time for which application threads were stopped: 0.0008867 seconds, Stopping threads took: 0.0003950 seconds
[2022-06-13T04:13:19.415+0000][1][safepoint    ] Application time: 0.0004637 seconds
[2022-06-13T04:13:19.416+0000][1][safepoint    ] Entering safepoint region: RevokeBias
[2022-06-13T04:13:19.416+0000][1][safepoint    ] Leaving safepoint region
[2022-06-13T04:13:19.417+0000][1][safepoint    ] Total time for which application threads were stopped: 0.0009309 seconds, Stopping threads took: 0.0004134 seconds
[2022-06-13T04:13:19.418+0000][1][safepoint    ] Application time: 0.0008408 seconds
[2022-06-13T04:13:19.418+0000][1][safepoint    ] Entering safepoint region: BulkRevokeBias
[2022-06-13T04:13:19.419+0000][1][safepoint    ] Leaving safepoint region
[2022-06-13T04:13:19.420+0000][1][safepoint    ] Total time for which application threads were stopped: 0.0012125 seconds, Stopping threads took: 0.0004556 seconds
[2022-06-13T04:13:19.421+0000][1][safepoint    ] Application time: 0.0006276 seconds
[2022-06-13T04:13:19.421+0000][1][safepoint    ] Entering safepoint region: RevokeBias
[2022-06-13T04:13:19.422+0000][1][safepoint    ] Leaving safepoint region
[2022-06-13T04:13:19.422+0000][1][safepoint    ] Total time for which application threads were stopped: 0.0009343 seconds, Stopping threads took: 0.0004152 seconds
[2022-06-13T04:13:19.424+0000][1][safepoint    ] Application time: 0.0013762 seconds
[2022-06-13T04:13:19.424+0000][1][safepoint    ] Entering safepoint region: RevokeBias
[2022-06-13T04:13:19.425+0000][1][safepoint    ] Leaving safepoint region
[2022-06-13T04:13:19.425+0000][1][safepoint    ] Total time for which application threads were stopped: 0.0006552 seconds, Stopping threads took: 0.0003370 seconds
[2022-06-13T04:13:19.426+0000][1][safepoint    ] Application time: 0.0002774 seconds
[2022-06-13T04:13:19.426+0000][1][safepoint    ] Entering safepoint region: RevokeBias
[2022-06-13T04:13:19.426+0000][1][safepoint    ] Leaving safepoint region
[2022-06-13T04:13:19.427+0000][1][safepoint    ] Total time for which application threads were stopped: 0.0006619 seconds, Stopping threads took: 0.0003780 seconds
[2022-06-13T04:13:19.428+0000][1][safepoint    ] Application time: 0.0015644 seconds
[2022-06-13T04:13:19.429+0000][1][safepoint    ] Entering safepoint region: RevokeBias
[2022-06-13T04:13:19.429+0000][1][safepoint    ] Leaving safepoint region
[2022-06-13T04:13:19.429+0000][1][safepoint    ] Total time for which application threads were stopped: 0.0003131 seconds, Stopping threads took: 0.0001517 seconds
[2022-06-13T04:13:19.429+0000][1][safepoint    ] Application time: 0.0004281 seconds
[2022-06-13T04:13:19.429+0000][1][safepoint    ] Entering safepoint region: RevokeBias
[2022-06-13T04:13:19.430+0000][1][safepoint    ] Leaving safepoint region
[2022-06-13T04:13:19.430+0000][1][safepoint    ] Total time for which application threads were stopped: 0.0002330 seconds, Stopping threads took: 0.0001155 seconds
[2022-06-13T04:13:19.432+0000][1][safepoint    ] Application time: 0.0022309 seconds
[2022-06-13T04:13:19.432+0000][1][safepoint    ] Entering safepoint region: RevokeBias
[2022-06-13T04:13:19.433+0000][1][safepoint    ] Leaving safepoint region
[2022-06-13T04:13:19.433+0000][1][safepoint    ] Total time for which application threads were stopped: 0.0007268 seconds, Stopping threads took: 0.0003173 seconds
[2022-06-13T04:13:19.435+0000][1][safepoint    ] Application time: 0.0019457 seconds
[2022-06-13T04:13:19.435+0000][1][safepoint    ] Entering safepoint region: BulkRevokeBias
[2022-06-13T04:13:19.436+0000][1][safepoint    ] Leaving safepoint region
[2022-06-13T04:13:19.436+0000][1][safepoint    ] Total time for which application threads were stopped: 0.0007536 seconds, Stopping threads took: 0.0003328 seconds
[2022-06-13T04:13:19.439+0000][1][safepoint    ] Application time: 0.0021994 seconds
[2022-06-13T04:13:19.439+0000][1][safepoint    ] Entering safepoint region: RevokeBias
[2022-06-13T04:13:19.439+0000][1][safepoint    ] Leaving safepoint region
[2022-06-13T04:13:19.439+0000][1][safepoint    ] Total time for which application threads were stopped: 0.0004533 seconds, Stopping threads took: 0.0001373 seconds
[2022-06-13T04:13:19.441+0000][1][safepoint    ] Application time: 0.0011005 seconds
[2022-06-13T04:13:19.441+0000][1][safepoint    ] Entering safepoint region: RevokeBias
[2022-06-13T04:13:19.441+0000][1][safepoint    ] Leaving safepoint region
[2022-06-13T04:13:19.441+0000][1][safepoint    ] Total time for which application threads were stopped: 0.0005076 seconds, Stopping threads took: 0.0002385 seconds
[2022-06-13T04:13:19.442+0000][1][safepoint    ] Application time: 0.0001403 seconds
[2022-06-13T04:13:19.442+0000][1][safepoint    ] Entering safepoint region: RevokeBias
[2022-06-13T04:13:19.442+0000][1][safepoint    ] Leaving safepoint region
[2022-06-13T04:13:19.443+0000][1][safepoint    ] Total time for which application threads were stopped: 0.0008020 seconds, Stopping threads took: 0.0004611 seconds
[2022-06-13T04:13:19.448+0000][1][safepoint    ] Application time: 0.0045539 seconds
[2022-06-13T04:13:19.448+0000][1][safepoint    ] Entering safepoint region: RevokeBias
[2022-06-13T04:13:19.448+0000][1][safepoint    ] Leaving safepoint region
[2022-06-13T04:13:19.449+0000][1][safepoint    ] Total time for which application threads were stopped: 0.0005995 seconds, Stopping threads took: 0.0002683 seconds
[2022-06-13T04:13:20.067+0000][1][safepoint    ] Application time: 0.6185124 seconds
[2022-06-13T04:13:20.068+0000][1][safepoint    ] Entering safepoint region: RevokeBias
[2022-06-13T04:13:20.068+0000][1][safepoint    ] Leaving safepoint region
[2022-06-13T04:13:20.068+0000][1][safepoint    ] Total time for which application threads were stopped: 0.0006970 seconds, Stopping threads took: 0.0003074 seconds
[2022-06-13T04:13:20.069+0000][1][safepoint    ] Application time: 0.0001473 seconds
[2022-06-13T04:13:20.069+0000][1][safepoint    ] Entering safepoint region: RevokeBias
[2022-06-13T04:13:20.069+0000][1][safepoint    ] Leaving safepoint region
[2022-06-13T04:13:20.070+0000][1][safepoint    ] Total time for which application threads were stopped: 0.0006343 seconds, Stopping threads took: 0.0001585 seconds
[2022-06-13T04:13:20.070+0000][1][safepoint    ] Application time: 0.0001571 seconds
[2022-06-13T04:13:20.070+0000][1][safepoint    ] Entering safepoint region: RevokeBias
[2022-06-13T04:13:20.071+0000][1][safepoint    ] Leaving safepoint region
[2022-06-13T04:13:20.071+0000][1][safepoint    ] Total time for which application threads were stopped: 0.0007296 seconds, Stopping threads took: 0.0003270 seconds
[2022-06-13T04:13:20.072+0000][1][safepoint    ] Application time: 0.0001644 seconds
[2022-06-13T04:13:20.072+0000][1][safepoint    ] Entering safepoint region: RevokeBias
[2022-06-13T04:13:20.072+0000][1][safepoint    ] Leaving safepoint region
[2022-06-13T04:13:20.073+0000][1][safepoint    ] Total time for which application threads were stopped: 0.0006774 seconds, Stopping threads took: 0.0003353 seconds
[2022-06-13T04:13:20.073+0000][1][safepoint    ] Application time: 0.0001585 seconds
[2022-06-13T04:13:20.074+0000][1][safepoint    ] Entering safepoint region: RevokeBias
[2022-06-13T04:13:20.074+0000][1][safepoint    ] Leaving safepoint region
[2022-06-13T04:13:20.074+0000][1][safepoint    ] Total time for which application threads were stopped: 0.0005025 seconds, Stopping threads took: 0.0002980 seconds
[2022-06-13T04:13:20.075+0000][1][safepoint    ] Application time: 0.0001783 seconds
[2022-06-13T04:13:20.075+0000][1][safepoint    ] Entering safepoint region: RevokeBias
[2022-06-13T04:13:20.075+0000][1][safepoint    ] Leaving safepoint region
[2022-06-13T04:13:20.076+0000][1][safepoint    ] Total time for which application threads were stopped: 0.0008476 seconds, Stopping threads took: 0.0002880 seconds
[2022-06-13T04:13:20.076+0000][1][safepoint    ] Application time: 0.0002223 seconds
[2022-06-13T04:13:20.077+0000][1][safepoint    ] Entering safepoint region: RevokeBias
[2022-06-13T04:13:20.077+0000][1][safepoint    ] Leaving safepoint region
[2022-06-13T04:13:20.077+0000][1][safepoint    ] Total time for which application threads were stopped: 0.0007049 seconds, Stopping threads took: 0.0003502 seconds
[2022-06-13T04:13:20.078+0000][1][safepoint    ] Application time: 0.0002256 seconds
[2022-06-13T04:13:20.078+0000][1][safepoint    ] Entering safepoint region: RevokeBias
[2022-06-13T04:13:20.079+0000][1][safepoint    ] Leaving safepoint region
[2022-06-13T04:13:20.079+0000][1][safepoint    ] Total time for which application threads were stopped: 0.0007832 seconds, Stopping threads took: 0.0003707 seconds
[2022-06-13T04:13:20.203+0000][1][safepoint    ] Application time: 0.1229738 seconds
[2022-06-13T04:13:20.203+0000][1][safepoint    ] Entering safepoint region: RevokeBias
[2022-06-13T04:13:20.204+0000][1][safepoint    ] Leaving safepoint region
[2022-06-13T04:13:20.204+0000][1][safepoint    ] Total time for which application threads were stopped: 0.0007195 seconds, Stopping threads took: 0.0003367 seconds
[2022-06-13T04:13:20.218+0000][1][safepoint    ] Application time: 0.0136095 seconds
[2022-06-13T04:13:20.218+0000][1][safepoint    ] Entering safepoint region: RevokeBias
[2022-06-13T04:13:20.219+0000][1][safepoint    ] Leaving safepoint region
[2022-06-13T04:13:20.219+0000][1][safepoint    ] Total time for which application threads were stopped: 0.0008524 seconds, Stopping threads took: 0.0005815 seconds
[2022-06-13T04:13:20.221+0000][1][safepoint    ] Application time: 0.0016792 seconds
[2022-06-13T04:13:20.222+0000][1][safepoint    ] Entering safepoint region: RevokeBias
[2022-06-13T04:13:20.222+0000][1][safepoint    ] Leaving safepoint region
[2022-06-13T04:13:20.222+0000][1][safepoint    ] Total time for which application threads were stopped: 0.0006777 seconds, Stopping threads took: 0.0002719 seconds
[2022-06-13T04:13:20.223+0000][1][safepoint    ] Application time: 0.0005618 seconds
[2022-06-13T04:13:20.224+0000][1][safepoint    ] Entering safepoint region: RevokeBias
[2022-06-13T04:13:20.224+0000][1][safepoint    ] Leaving safepoint region
[2022-06-13T04:13:20.224+0000][1][safepoint    ] Total time for which application threads were stopped: 0.0004317 seconds, Stopping threads took: 0.0002392 seconds
[2022-06-13T04:13:20.224+0000][1][safepoint    ] Application time: 0.0001875 seconds
[2022-06-13T04:13:20.225+0000][1][safepoint    ] Entering safepoint region: RevokeBias
[2022-06-13T04:13:20.225+0000][1][safepoint    ] Leaving safepoint region
[2022-06-13T04:13:20.225+0000][1][safepoint    ] Total time for which application threads were stopped: 0.0004682 seconds, Stopping threads took: 0.0002559 seconds
[2022-06-13T04:13:20.226+0000][1][safepoint    ] Application time: 0.0002656 seconds
[2022-06-13T04:13:20.226+0000][1][safepoint    ] Entering safepoint region: RevokeBias
[2022-06-13T04:13:20.226+0000][1][safepoint    ] Leaving safepoint region
[2022-06-13T04:13:20.226+0000][1][safepoint    ] Total time for which application threads were stopped: 0.0003798 seconds, Stopping threads took: 0.0002176 seconds
[2022-06-13T04:13:20.227+0000][1][safepoint    ] Application time: 0.0004391 seconds
[2022-06-13T04:13:20.227+0000][1][safepoint    ] Entering safepoint region: RevokeBias
[2022-06-13T04:13:20.227+0000][1][safepoint    ] Leaving safepoint region
[2022-06-13T04:13:20.228+0000][1][safepoint    ] Total time for which application threads were stopped: 0.0006815 seconds, Stopping threads took: 0.0004520 seconds
[2022-06-13T04:13:20.228+0000][1][safepoint    ] Application time: 0.0004509 seconds
[2022-06-13T04:13:20.229+0000][1][safepoint    ] Entering safepoint region: RevokeBias
[2022-06-13T04:13:20.229+0000][1][safepoint    ] Leaving safepoint region
[2022-06-13T04:13:20.229+0000][1][safepoint    ] Total time for which application threads were stopped: 0.0007923 seconds, Stopping threads took: 0.0003656 seconds
[2022-06-13T04:13:20.230+0000][1][safepoint    ] Application time: 0.0003237 seconds
[2022-06-13T04:13:20.230+0000][1][safepoint    ] Entering safepoint region: RevokeBias
[2022-06-13T04:13:20.231+0000][1][safepoint    ] Leaving safepoint region
[2022-06-13T04:13:20.231+0000][1][safepoint    ] Total time for which application threads were stopped: 0.0005990 seconds, Stopping threads took: 0.0002862 seconds
[2022-06-13T04:13:20.233+0000][1][safepoint    ] Application time: 0.0019157 seconds
[2022-06-13T04:13:20.234+0000][1][safepoint    ] Entering safepoint region: RevokeBias
[2022-06-13T04:13:20.234+0000][1][safepoint    ] Leaving safepoint region
[2022-06-13T04:13:20.234+0000][1][safepoint    ] Total time for which application threads were stopped: 0.0008985 seconds, Stopping threads took: 0.0005786 seconds
[2022-06-13T04:13:20.236+0000][1][safepoint    ] Application time: 0.0008898 seconds
[2022-06-13T04:13:20.236+0000][1][safepoint    ] Entering safepoint region: RevokeBias
[2022-06-13T04:13:20.237+0000][1][safepoint    ] Leaving safepoint region
[2022-06-13T04:13:20.237+0000][1][safepoint    ] Total time for which application threads were stopped: 0.0011793 seconds, Stopping threads took: 0.0006832 seconds
[2022-06-13T04:13:20.238+0000][1][safepoint    ] Application time: 0.0005108 seconds
[2022-06-13T04:13:20.239+0000][1][safepoint    ] Entering safepoint region: RevokeBias
[2022-06-13T04:13:20.239+0000][1][safepoint    ] Leaving safepoint region
[2022-06-13T04:13:20.240+0000][1][safepoint    ] Total time for which application threads were stopped: 0.0011877 seconds, Stopping threads took: 0.0006436 seconds
[2022-06-13T04:13:21.219+0000][1][safepoint    ] Application time: 0.9792285 seconds
[2022-06-13T04:13:21.221+0000][1][safepoint    ] Entering safepoint region: RevokeBias
[2022-06-13T04:13:21.221+0000][1][safepoint    ] Leaving safepoint region
[2022-06-13T04:13:21.222+0000][1][safepoint    ] Total time for which application threads were stopped: 0.0017872 seconds, Stopping threads took: 0.0011079 seconds
[2022-06-13T04:13:21.224+0000][1][safepoint    ] Application time: 0.0016054 seconds
[2022-06-13T04:13:21.225+0000][1][safepoint    ] Entering safepoint region: RevokeBias
[2022-06-13T04:13:21.226+0000][1][safepoint    ] Leaving safepoint region
[2022-06-13T04:13:21.227+0000][1][safepoint    ] Total time for which application threads were stopped: 0.0022732 seconds, Stopping threads took: 0.0010371 seconds
[2022-06-13T04:13:21.228+0000][1][safepoint    ] Application time: 0.0004415 seconds
[2022-06-13T04:13:21.228+0000][1][safepoint    ] Entering safepoint region: RevokeBias
[2022-06-13T04:13:21.229+0000][1][safepoint    ] Leaving safepoint region
[2022-06-13T04:13:21.229+0000][1][safepoint    ] Total time for which application threads were stopped: 0.0013099 seconds, Stopping threads took: 0.0005140 seconds
[2022-06-13T04:13:21.230+0000][1][safepoint    ] Application time: 0.0004104 seconds
[2022-06-13T04:13:21.231+0000][1][safepoint    ] Entering safepoint region: RevokeBias
[2022-06-13T04:13:21.231+0000][1][safepoint    ] Leaving safepoint region
[2022-06-13T04:13:21.232+0000][1][safepoint    ] Total time for which application threads were stopped: 0.0008972 seconds, Stopping threads took: 0.0005053 seconds
[2022-06-13T04:13:21.232+0000][1][safepoint    ] Application time: 0.0002148 seconds
[2022-06-13T04:13:21.232+0000][1][safepoint    ] Entering safepoint region: RevokeBias
[2022-06-13T04:13:21.233+0000][1][safepoint    ] Leaving safepoint region
[2022-06-13T04:13:21.233+0000][1][safepoint    ] Total time for which application threads were stopped: 0.0008361 seconds, Stopping threads took: 0.0003052 seconds
[2022-06-13T04:13:21.234+0000][1][safepoint    ] Application time: 0.0002932 seconds
[2022-06-13T04:13:21.235+0000][1][safepoint    ] Entering safepoint region: RevokeBias
[2022-06-13T04:13:21.236+0000][1][safepoint    ] Leaving safepoint region
[2022-06-13T04:13:21.237+0000][1][safepoint    ] Total time for which application threads were stopped: 0.0018105 seconds, Stopping threads took: 0.0005243 seconds
[2022-06-13T04:13:21.238+0000][1][safepoint    ] Application time: 0.0005942 seconds
[2022-06-13T04:13:21.238+0000][1][safepoint    ] Entering safepoint region: RevokeBias
[2022-06-13T04:13:21.239+0000][1][safepoint    ] Leaving safepoint region
[2022-06-13T04:13:21.239+0000][1][safepoint    ] Total time for which application threads were stopped: 0.0011517 seconds, Stopping threads took: 0.0005500 seconds
[2022-06-13T04:13:21.240+0000][1][safepoint    ] Application time: 0.0003757 seconds
[2022-06-13T04:13:21.241+0000][1][safepoint    ] Entering safepoint region: RevokeBias
[2022-06-13T04:13:21.241+0000][1][safepoint    ] Leaving safepoint region
[2022-06-13T04:13:21.242+0000][1][safepoint    ] Total time for which application threads were stopped: 0.0015103 seconds, Stopping threads took: 0.0006355 seconds
[2022-06-13T04:13:21.243+0000][1][safepoint    ] Application time: 0.0003495 seconds
[2022-06-13T04:13:21.244+0000][1][safepoint    ] Entering safepoint region: RevokeBias
[2022-06-13T04:13:21.244+0000][1][safepoint    ] Leaving safepoint region
[2022-06-13T04:13:21.245+0000][1][safepoint    ] Total time for which application threads were stopped: 0.0010622 seconds, Stopping threads took: 0.0005407 seconds
[2022-06-13T04:13:21.246+0000][1][safepoint    ] Application time: 0.0010764 seconds
[2022-06-13T04:13:21.247+0000][1][safepoint    ] Entering safepoint region: RevokeBias
[2022-06-13T04:13:21.247+0000][1][safepoint    ] Leaving safepoint region
[2022-06-13T04:13:21.248+0000][1][safepoint    ] Total time for which application threads were stopped: 0.0014485 seconds, Stopping threads took: 0.0008143 seconds
[2022-06-13T04:13:21.249+0000][1][safepoint    ] Application time: 0.0009445 seconds
[2022-06-13T04:13:21.250+0000][1][safepoint    ] Entering safepoint region: RevokeBias
[2022-06-13T04:13:21.250+0000][1][safepoint    ] Leaving safepoint region
[2022-06-13T04:13:21.251+0000][1][safepoint    ] Total time for which application threads were stopped: 0.0010690 seconds, Stopping threads took: 0.0006176 seconds
[2022-06-13T04:13:21.252+0000][1][safepoint    ] Application time: 0.0005590 seconds
[2022-06-13T04:13:21.252+0000][1][safepoint    ] Entering safepoint region: RevokeBias
[2022-06-13T04:13:21.253+0000][1][safepoint    ] Leaving safepoint region
[2022-06-13T04:13:21.253+0000][1][safepoint    ] Total time for which application threads were stopped: 0.0010920 seconds, Stopping threads took: 0.0005701 seconds
[2022-06-13T04:13:21.254+0000][1][safepoint    ] Application time: 0.0005155 seconds
[2022-06-13T04:13:21.255+0000][1][safepoint    ] Entering safepoint region: RevokeBias
[2022-06-13T04:13:21.255+0000][1][safepoint    ] Leaving safepoint region
[2022-06-13T04:13:21.255+0000][1][safepoint    ] Total time for which application threads were stopped: 0.0008797 seconds, Stopping threads took: 0.0004513 seconds
[2022-06-13T04:13:21.257+0000][1][safepoint    ] Application time: 0.0009597 seconds
[2022-06-13T04:13:21.257+0000][1][safepoint    ] Entering safepoint region: RevokeBias
[2022-06-13T04:13:21.258+0000][1][safepoint    ] Leaving safepoint region
[2022-06-13T04:13:21.258+0000][1][safepoint    ] Total time for which application threads were stopped: 0.0012253 seconds, Stopping threads took: 0.0006095 seconds
[2022-06-13T04:13:22.220+0000][1][safepoint    ] Application time: 0.9609683 seconds
[2022-06-13T04:13:22.220+0000][1][safepoint    ] Entering safepoint region: BulkRevokeBias
[2022-06-13T04:13:22.221+0000][1][safepoint    ] Leaving safepoint region
[2022-06-13T04:13:22.222+0000][1][safepoint    ] Total time for which application threads were stopped: 0.0013089 seconds, Stopping threads took: 0.0006090 seconds
[2022-06-13T04:13:22.223+0000][1][safepoint    ] Application time: 0.0011143 seconds
[2022-06-13T04:13:22.223+0000][1][safepoint    ] Entering safepoint region: RevokeBias
[2022-06-13T04:13:22.224+0000][1][safepoint    ] Leaving safepoint region
[2022-06-13T04:13:22.224+0000][1][safepoint    ] Total time for which application threads were stopped: 0.0008808 seconds, Stopping threads took: 0.0003684 seconds
[2022-06-13T04:13:22.225+0000][1][safepoint    ] Application time: 0.0005264 seconds
[2022-06-13T04:13:22.226+0000][1][safepoint    ] Entering safepoint region: RevokeBias
[2022-06-13T04:13:22.226+0000][1][safepoint    ] Leaving safepoint region
[2022-06-13T04:13:22.226+0000][1][safepoint    ] Total time for which application threads were stopped: 0.0007068 seconds, Stopping threads took: 0.0002920 seconds
[2022-06-13T04:13:22.227+0000][1][safepoint    ] Application time: 0.0002779 seconds
[2022-06-13T04:13:22.227+0000][1][safepoint    ] Entering safepoint region: RevokeBias
[2022-06-13T04:13:22.228+0000][1][safepoint    ] Leaving safepoint region
[2022-06-13T04:13:22.228+0000][1][safepoint    ] Total time for which application threads were stopped: 0.0008422 seconds, Stopping threads took: 0.0003860 seconds
[2022-06-13T04:13:22.229+0000][1][safepoint    ] Application time: 0.0002033 seconds
[2022-06-13T04:13:22.229+0000][1][safepoint    ] Entering safepoint region: RevokeBias
[2022-06-13T04:13:22.230+0000][1][safepoint    ] Leaving safepoint region
[2022-06-13T04:13:22.230+0000][1][safepoint    ] Total time for which application threads were stopped: 0.0009885 seconds, Stopping threads took: 0.0004768 seconds
[2022-06-13T04:13:22.231+0000][1][safepoint    ] Application time: 0.0002849 seconds
[2022-06-13T04:13:22.231+0000][1][safepoint    ] Entering safepoint region: RevokeBias
[2022-06-13T04:13:22.231+0000][1][safepoint    ] Leaving safepoint region
[2022-06-13T04:13:22.231+0000][1][safepoint    ] Total time for which application threads were stopped: 0.0006611 seconds, Stopping threads took: 0.0003722 seconds
[2022-06-13T04:13:22.234+0000][1][safepoint    ] Application time: 0.0021869 seconds
[2022-06-13T04:13:22.234+0000][1][safepoint    ] Entering safepoint region: RevokeBias
[2022-06-13T04:13:22.235+0000][1][safepoint    ] Leaving safepoint region
[2022-06-13T04:13:22.235+0000][1][safepoint    ] Total time for which application threads were stopped: 0.0009629 seconds, Stopping threads took: 0.0005797 seconds
[2022-06-13T04:13:22.236+0000][1][safepoint    ] Application time: 0.0009313 seconds
[2022-06-13T04:13:22.237+0000][1][safepoint    ] Entering safepoint region: RevokeBias
[2022-06-13T04:13:22.237+0000][1][safepoint    ] Leaving safepoint region
[2022-06-13T04:13:22.237+0000][1][safepoint    ] Total time for which application threads were stopped: 0.0008013 seconds, Stopping threads took: 0.0003844 seconds
[2022-06-13T04:13:23.223+0000][1][safepoint    ] Application time: 0.9855471 seconds
[2022-06-13T04:13:23.224+0000][1][safepoint    ] Entering safepoint region: RevokeBias
[2022-06-13T04:13:23.224+0000][1][safepoint    ] Leaving safepoint region
[2022-06-13T04:13:23.225+0000][1][safepoint    ] Total time for which application threads were stopped: 0.0009958 seconds, Stopping threads took: 0.0003921 seconds
[2022-06-13T04:13:23.226+0000][1][safepoint    ] Application time: 0.0007354 seconds
[2022-06-13T04:13:23.226+0000][1][safepoint    ] Entering safepoint region: RevokeBias
[2022-06-13T04:13:23.227+0000][1][safepoint    ] Leaving safepoint region
[2022-06-13T04:13:23.227+0000][1][safepoint    ] Total time for which application threads were stopped: 0.0007118 seconds, Stopping threads took: 0.0003422 seconds
[2022-06-13T04:13:23.228+0000][1][safepoint    ] Application time: 0.0004579 seconds
[2022-06-13T04:13:23.228+0000][1][safepoint    ] Entering safepoint region: RevokeBias
[2022-06-13T04:13:23.228+0000][1][safepoint    ] Leaving safepoint region
[2022-06-13T04:13:23.229+0000][1][safepoint    ] Total time for which application threads were stopped: 0.0006522 seconds, Stopping threads took: 0.0002278 seconds
[2022-06-13T04:13:23.229+0000][1][safepoint    ] Application time: 0.0004167 seconds
[2022-06-13T04:13:23.230+0000][1][safepoint    ] Entering safepoint region: RevokeBias
[2022-06-13T04:13:23.230+0000][1][safepoint    ] Leaving safepoint region
[2022-06-13T04:13:23.230+0000][1][safepoint    ] Total time for which application threads were stopped: 0.0006395 seconds, Stopping threads took: 0.0002667 seconds
[2022-06-13T04:13:23.231+0000][1][safepoint    ] Application time: 0.0003307 seconds
[2022-06-13T04:13:23.231+0000][1][safepoint    ] Entering safepoint region: RevokeBias
[2022-06-13T04:13:23.232+0000][1][safepoint    ] Leaving safepoint region
[2022-06-13T04:13:23.232+0000][1][safepoint    ] Total time for which application threads were stopped: 0.0005987 seconds, Stopping threads took: 0.0003448 seconds
[2022-06-13T04:13:23.235+0000][1][safepoint    ] Application time: 0.0025214 seconds
[2022-06-13T04:13:23.235+0000][1][safepoint    ] Entering safepoint region: RevokeBias
[2022-06-13T04:13:23.236+0000][1][safepoint    ] Leaving safepoint region
[2022-06-13T04:13:23.236+0000][1][safepoint    ] Total time for which application threads were stopped: 0.0009733 seconds, Stopping threads took: 0.0005044 seconds
[2022-06-13T04:13:23.237+0000][1][safepoint    ] Application time: 0.0005220 seconds
[2022-06-13T04:13:23.238+0000][1][safepoint    ] Entering safepoint region: RevokeBias
[2022-06-13T04:13:23.238+0000][1][safepoint    ] Leaving safepoint region
[2022-06-13T04:13:23.238+0000][1][safepoint    ] Total time for which application threads were stopped: 0.0009299 seconds, Stopping threads took: 0.0005217 seconds
[2022-06-13T04:13:24.223+0000][1][safepoint    ] Application time: 0.9844534 seconds
[2022-06-13T04:13:24.224+0000][1][safepoint    ] Entering safepoint region: RevokeBias
[2022-06-13T04:13:24.224+0000][1][safepoint    ] Leaving safepoint region
[2022-06-13T04:13:24.224+0000][1][safepoint    ] Total time for which application threads were stopped: 0.0006194 seconds, Stopping threads took: 0.0003097 seconds
[2022-06-13T04:13:24.225+0000][1][safepoint    ] Application time: 0.0009217 seconds
[2022-06-13T04:13:24.226+0000][1][safepoint    ] Entering safepoint region: RevokeBias
[2022-06-13T04:13:24.226+0000][1][safepoint    ] Leaving safepoint region
[2022-06-13T04:13:24.226+0000][1][safepoint    ] Total time for which application threads were stopped: 0.0006204 seconds, Stopping threads took: 0.0003128 seconds
[2022-06-13T04:13:24.227+0000][1][safepoint    ] Application time: 0.0003528 seconds
[2022-06-13T04:13:24.227+0000][1][safepoint    ] Entering safepoint region: RevokeBias
[2022-06-13T04:13:24.228+0000][1][safepoint    ] Leaving safepoint region
[2022-06-13T04:13:24.228+0000][1][safepoint    ] Total time for which application threads were stopped: 0.0007181 seconds, Stopping threads took: 0.0003629 seconds
[2022-06-13T04:13:24.229+0000][1][safepoint    ] Application time: 0.0003748 seconds
[2022-06-13T04:13:24.229+0000][1][safepoint    ] Entering safepoint region: RevokeBias
[2022-06-13T04:13:24.229+0000][1][safepoint    ] Leaving safepoint region
[2022-06-13T04:13:24.229+0000][1][safepoint    ] Total time for which application threads were stopped: 0.0005352 seconds, Stopping threads took: 0.0003001 seconds
[2022-06-13T04:13:24.230+0000][1][safepoint    ] Application time: 0.0003209 seconds
[2022-06-13T04:13:24.231+0000][1][safepoint    ] Entering safepoint region: RevokeBias
[2022-06-13T04:13:24.231+0000][1][safepoint    ] Leaving safepoint region
[2022-06-13T04:13:24.231+0000][1][safepoint    ] Total time for which application threads were stopped: 0.0007508 seconds, Stopping threads took: 0.0003400 seconds
[2022-06-13T04:13:24.233+0000][1][safepoint    ] Application time: 0.0018251 seconds
[2022-06-13T04:13:24.234+0000][1][safepoint    ] Entering safepoint region: RevokeBias
[2022-06-13T04:13:24.234+0000][1][safepoint    ] Leaving safepoint region
[2022-06-13T04:13:24.234+0000][1][safepoint    ] Total time for which application threads were stopped: 0.0006663 seconds, Stopping threads took: 0.0002790 seconds
[2022-06-13T04:13:24.235+0000][1][safepoint    ] Application time: 0.0006530 seconds
[2022-06-13T04:13:24.235+0000][1][safepoint    ] Entering safepoint region: RevokeBias
[2022-06-13T04:13:24.236+0000][1][safepoint    ] Leaving safepoint region
[2022-06-13T04:13:24.236+0000][1][safepoint    ] Total time for which application threads were stopped: 0.0005984 seconds, Stopping threads took: 0.0003841 seconds
[2022-06-13T04:13:25.224+0000][1][safepoint    ] Application time: 0.9882243 seconds
[2022-06-13T04:13:25.225+0000][1][safepoint    ] Entering safepoint region: RevokeBias
[2022-06-13T04:13:25.226+0000][1][safepoint    ] Leaving safepoint region
[2022-06-13T04:13:25.226+0000][1][safepoint    ] Total time for which application threads were stopped: 0.0010183 seconds, Stopping threads took: 0.0003295 seconds
[2022-06-13T04:13:25.227+0000][1][safepoint    ] Application time: 0.0008972 seconds
[2022-06-13T04:13:25.228+0000][1][safepoint    ] Entering safepoint region: RevokeBias
[2022-06-13T04:13:25.228+0000][1][safepoint    ] Leaving safepoint region
[2022-06-13T04:13:25.228+0000][1][safepoint    ] Total time for which application threads were stopped: 0.0008196 seconds, Stopping threads took: 0.0005538 seconds
[2022-06-13T04:13:25.229+0000][1][safepoint    ] Application time: 0.0003979 seconds
[2022-06-13T04:13:25.229+0000][1][safepoint    ] Entering safepoint region: RevokeBias
[2022-06-13T04:13:25.230+0000][1][safepoint    ] Leaving safepoint region
[2022-06-13T04:13:25.230+0000][1][safepoint    ] Total time for which application threads were stopped: 0.0005563 seconds, Stopping threads took: 0.0002980 seconds
[2022-06-13T04:13:25.231+0000][1][safepoint    ] Application time: 0.0005887 seconds
[2022-06-13T04:13:25.231+0000][1][safepoint    ] Entering safepoint region: RevokeBias
[2022-06-13T04:13:25.231+0000][1][safepoint    ] Leaving safepoint region
[2022-06-13T04:13:25.231+0000][1][safepoint    ] Total time for which application threads were stopped: 0.0007838 seconds, Stopping threads took: 0.0003849 seconds
[2022-06-13T04:13:25.232+0000][1][safepoint    ] Application time: 0.0003343 seconds
[2022-06-13T04:13:25.232+0000][1][safepoint    ] Entering safepoint region: RevokeBias
[2022-06-13T04:13:25.233+0000][1][safepoint    ] Leaving safepoint region
[2022-06-13T04:13:25.233+0000][1][safepoint    ] Total time for which application threads were stopped: 0.0003293 seconds, Stopping threads took: 0.0001365 seconds
[2022-06-13T04:13:25.235+0000][1][safepoint    ] Application time: 0.0021258 seconds
[2022-06-13T04:13:25.236+0000][1][safepoint    ] Entering safepoint region: BulkRevokeBias
[2022-06-13T04:13:25.236+0000][1][safepoint    ] Leaving safepoint region
[2022-06-13T04:13:25.237+0000][1][safepoint    ] Total time for which application threads were stopped: 0.0010139 seconds, Stopping threads took: 0.0003555 seconds
[2022-06-13T04:13:26.225+0000][1][safepoint    ] Application time: 0.9884412 seconds
[2022-06-13T04:13:26.226+0000][1][safepoint    ] Entering safepoint region: RevokeBias
[2022-06-13T04:13:26.227+0000][1][safepoint    ] Leaving safepoint region
[2022-06-13T04:13:26.227+0000][1][safepoint    ] Total time for which application threads were stopped: 0.0013595 seconds, Stopping threads took: 0.0006572 seconds
[2022-06-13T04:13:26.228+0000][1][safepoint    ] Application time: 0.0008263 seconds
[2022-06-13T04:13:26.229+0000][1][safepoint    ] Entering safepoint region: RevokeBias
[2022-06-13T04:13:26.229+0000][1][safepoint    ] Leaving safepoint region
[2022-06-13T04:13:26.230+0000][1][safepoint    ] Total time for which application threads were stopped: 0.0008526 seconds, Stopping threads took: 0.0005092 seconds
[2022-06-13T04:13:26.233+0000][1][safepoint    ] Application time: 0.0030605 seconds
[2022-06-13T04:13:26.234+0000][1][safepoint    ] Entering safepoint region: RevokeBias
[2022-06-13T04:13:26.234+0000][1][safepoint    ] Leaving safepoint region
[2022-06-13T04:13:26.235+0000][1][safepoint    ] Total time for which application threads were stopped: 0.0013031 seconds, Stopping threads took: 0.0008331 seconds
[2022-06-13T04:13:27.226+0000][1][safepoint    ] Application time: 0.9902743 seconds
[2022-06-13T04:13:27.226+0000][1][safepoint    ] Entering safepoint region: RevokeBias
[2022-06-13T04:13:27.227+0000][1][safepoint    ] Leaving safepoint region
[2022-06-13T04:13:27.227+0000][1][safepoint    ] Total time for which application threads were stopped: 0.0010413 seconds, Stopping threads took: 0.0005936 seconds
[2022-06-13T04:13:27.228+0000][1][safepoint    ] Application time: 0.0004488 seconds
[2022-06-13T04:13:27.228+0000][1][safepoint    ] Entering safepoint region: RevokeBias
[2022-06-13T04:13:27.229+0000][1][safepoint    ] Leaving safepoint region
[2022-06-13T04:13:27.229+0000][1][safepoint    ] Total time for which application threads were stopped: 0.0011131 seconds, Stopping threads took: 0.0008398 seconds
[2022-06-13T04:13:27.232+0000][1][safepoint    ] Application time: 0.0026453 seconds
[2022-06-13T04:13:27.232+0000][1][safepoint    ] Entering safepoint region: RevokeBias
[2022-06-13T04:13:27.233+0000][1][safepoint    ] Leaving safepoint region
[2022-06-13T04:13:27.233+0000][1][safepoint    ] Total time for which application threads were stopped: 0.0007776 seconds, Stopping threads took: 0.0003882 seconds
[2022-06-13T04:13:28.145+0000][1][safepoint    ] Application time: 0.9113961 seconds
[2022-06-13T04:13:28.145+0000][1][safepoint    ] Entering safepoint region: RevokeBias
[2022-06-13T04:13:28.145+0000][1][safepoint    ] Leaving safepoint region
[2022-06-13T04:13:28.145+0000][1][safepoint    ] Total time for which application threads were stopped: 0.0003305 seconds, Stopping threads took: 0.0001247 seconds
[2022-06-13T04:13:28.146+0000][1][safepoint    ] Application time: 0.0002206 seconds
[2022-06-13T04:13:28.146+0000][1][safepoint    ] Entering safepoint region: RevokeBias
[2022-06-13T04:13:28.146+0000][1][safepoint    ] Leaving safepoint region
[2022-06-13T04:13:28.146+0000][1][safepoint    ] Total time for which application threads were stopped: 0.0002747 seconds, Stopping threads took: 0.0001121 seconds
[2022-06-13T04:13:28.227+0000][1][safepoint    ] Application time: 0.0803152 seconds
[2022-06-13T04:13:28.227+0000][1][safepoint    ] Entering safepoint region: BulkRevokeBias
[2022-06-13T04:13:28.228+0000][1][safepoint    ] Leaving safepoint region
[2022-06-13T04:13:28.228+0000][1][safepoint    ] Total time for which application threads were stopped: 0.0011845 seconds, Stopping threads took: 0.0005346 seconds
[2022-06-13T04:13:28.229+0000][1][safepoint    ] Application time: 0.0005685 seconds
[2022-06-13T04:13:28.230+0000][1][safepoint    ] Entering safepoint region: RevokeBias
[2022-06-13T04:13:28.231+0000][1][safepoint    ] Leaving safepoint region
[2022-06-13T04:13:28.231+0000][1][safepoint    ] Total time for which application threads were stopped: 0.0013914 seconds, Stopping threads took: 0.0004787 seconds
[2022-06-13T04:13:28.235+0000][1][safepoint    ] Application time: 0.0032470 seconds
[2022-06-13T04:13:28.235+0000][1][safepoint    ] Entering safepoint region: RevokeBias
[2022-06-13T04:13:28.236+0000][1][safepoint    ] Leaving safepoint region
[2022-06-13T04:13:28.236+0000][1][safepoint    ] Total time for which application threads were stopped: 0.0009016 seconds, Stopping threads took: 0.0005196 seconds
[2022-06-13T04:13:28.237+0000][1][safepoint    ] Application time: 0.0002074 seconds
[2022-06-13T04:13:28.237+0000][1][safepoint    ] Entering safepoint region: BulkRevokeBias
[2022-06-13T04:13:28.237+0000][1][safepoint    ] Leaving safepoint region
[2022-06-13T04:13:28.238+0000][1][safepoint    ] Total time for which application threads were stopped: 0.0009002 seconds, Stopping threads took: 0.0003690 seconds
[2022-06-13T04:13:29.221+0000][1][safepoint    ] Application time: 0.9827215 seconds
[2022-06-13T04:13:29.221+0000][1][safepoint    ] Entering safepoint region: RevokeBias
[2022-06-13T04:13:29.222+0000][1][safepoint    ] Leaving safepoint region
[2022-06-13T04:13:29.222+0000][1][safepoint    ] Total time for which application threads were stopped: 0.0011672 seconds, Stopping threads took: 0.0004708 seconds
[2022-06-13T04:13:29.232+0000][1][safepoint    ] Application time: 0.0094061 seconds
[2022-06-13T04:13:29.232+0000][1][safepoint    ] Entering safepoint region: RevokeBias
[2022-06-13T04:13:29.233+0000][1][safepoint    ] Leaving safepoint region
[2022-06-13T04:13:29.233+0000][1][safepoint    ] Total time for which application threads were stopped: 0.0008559 seconds, Stopping threads took: 0.0005033 seconds
[2022-06-13T04:13:30.233+0000][1][safepoint    ] Application time: 0.9992033 seconds
[2022-06-13T04:13:30.234+0000][1][safepoint    ] Entering safepoint region: RevokeBias
[2022-06-13T04:13:30.234+0000][1][safepoint    ] Leaving safepoint region
[2022-06-13T04:13:30.235+0000][1][safepoint    ] Total time for which application threads were stopped: 0.0010348 seconds, Stopping threads took: 0.0006287 seconds
[2022-06-13T04:13:31.234+0000][1][safepoint    ] Application time: 0.9988434 seconds
[2022-06-13T04:13:31.234+0000][1][safepoint    ] Entering safepoint region: RevokeBias
[2022-06-13T04:13:31.235+0000][1][safepoint    ] Leaving safepoint region
[2022-06-13T04:13:31.235+0000][1][safepoint    ] Total time for which application threads were stopped: 0.0009101 seconds, Stopping threads took: 0.0005705 seconds
[2022-06-13T04:13:32.234+0000][1][safepoint    ] Application time: 0.9984493 seconds
[2022-06-13T04:13:32.234+0000][1][safepoint    ] Entering safepoint region: RevokeBias
[2022-06-13T04:13:32.236+0000][1][safepoint    ] Leaving safepoint region
[2022-06-13T04:13:32.236+0000][1][safepoint    ] Total time for which application threads were stopped: 0.0020877 seconds, Stopping threads took: 0.0006987 seconds
[2022-06-13T04:13:33.237+0000][1][safepoint    ] Application time: 1.0002508 seconds
[2022-06-13T04:13:33.238+0000][1][safepoint    ] Entering safepoint region: Cleanup
[2022-06-13T04:13:33.238+0000][1][safepoint    ] Leaving safepoint region
[2022-06-13T04:13:33.238+0000][1][safepoint    ] Total time for which application threads were stopped: 0.0004950 seconds, Stopping threads took: 0.0002381 seconds
[2022-06-13T04:13:34.232+0000][1][safepoint    ] Application time: 0.9942067 seconds
[2022-06-13T04:13:34.233+0000][1][safepoint    ] Entering safepoint region: RevokeBias
[2022-06-13T04:13:34.233+0000][1][safepoint    ] Leaving safepoint region
[2022-06-13T04:13:34.233+0000][1][safepoint    ] Total time for which application threads were stopped: 0.0006763 seconds, Stopping threads took: 0.0003954 seconds
[2022-06-13T04:13:35.234+0000][1][safepoint    ] Application time: 1.0003364 seconds
[2022-06-13T04:13:35.235+0000][1][safepoint    ] Entering safepoint region: Cleanup
[2022-06-13T04:13:35.235+0000][1][safepoint    ] Leaving safepoint region
[2022-06-13T04:13:35.236+0000][1][safepoint    ] Total time for which application threads were stopped: 0.0010825 seconds, Stopping threads took: 0.0002589 seconds
[2022-06-13T04:13:36.236+0000][1][safepoint    ] Application time: 1.0001271 seconds
[2022-06-13T04:13:36.236+0000][1][safepoint    ] Entering safepoint region: Cleanup
[2022-06-13T04:13:36.237+0000][1][safepoint    ] Leaving safepoint region
[2022-06-13T04:13:36.238+0000][1][safepoint    ] Total time for which application threads were stopped: 0.0011329 seconds, Stopping threads took: 0.0005551 seconds
[2022-06-13T04:13:37.238+0000][1][safepoint    ] Application time: 1.0002197 seconds
[2022-06-13T04:13:37.238+0000][1][safepoint    ] Entering safepoint region: Cleanup
[2022-06-13T04:13:37.239+0000][1][safepoint    ] Leaving safepoint region
[2022-06-13T04:13:37.240+0000][1][safepoint    ] Total time for which application threads were stopped: 0.0011145 seconds, Stopping threads took: 0.0004783 seconds
[2022-06-13T04:13:38.240+0000][1][safepoint    ] Application time: 1.0001338 seconds
[2022-06-13T04:13:38.241+0000][1][safepoint    ] Entering safepoint region: Cleanup
[2022-06-13T04:13:38.242+0000][1][safepoint    ] Leaving safepoint region
[2022-06-13T04:13:38.242+0000][1][safepoint    ] Total time for which application threads were stopped: 0.0012685 seconds, Stopping threads took: 0.0007655 seconds
[2022-06-13T04:13:38.242+0000][1][safepoint    ] Application time: 0.0000554 seconds
[2022-06-13T04:13:38.243+0000][1][safepoint    ] Entering safepoint region: BulkRevokeBias
[2022-06-13T04:13:38.243+0000][1][safepoint    ] Leaving safepoint region
[2022-06-13T04:13:38.243+0000][1][safepoint    ] Total time for which application threads were stopped: 0.0008699 seconds, Stopping threads took: 0.0002466 seconds
[2022-06-13T04:13:38.245+0000][1][safepoint    ] Application time: 0.0011230 seconds
[2022-06-13T04:13:38.245+0000][1][safepoint    ] Entering safepoint region: BulkRevokeBias
[2022-06-13T04:13:38.246+0000][1][safepoint    ] Leaving safepoint region
[2022-06-13T04:13:38.246+0000][1][safepoint    ] Total time for which application threads were stopped: 0.0008533 seconds, Stopping threads took: 0.0002839 seconds
[2022-06-13T04:13:39.226+0000][1][safepoint    ] Application time: 0.9804177 seconds
[2022-06-13T04:13:39.227+0000][1][safepoint    ] Entering safepoint region: RevokeBias
[2022-06-13T04:13:39.227+0000][1][safepoint    ] Leaving safepoint region
[2022-06-13T04:13:39.227+0000][1][safepoint    ] Total time for which application threads were stopped: 0.0005112 seconds, Stopping threads took: 0.0002565 seconds
[2022-06-13T04:13:40.228+0000][1][safepoint    ] Application time: 1.0001195 seconds
[2022-06-13T04:13:40.228+0000][1][safepoint    ] Entering safepoint region: Cleanup
[2022-06-13T04:13:40.229+0000][1][safepoint    ] Leaving safepoint region
[2022-06-13T04:13:40.229+0000][1][safepoint    ] Total time for which application threads were stopped: 0.0011195 seconds, Stopping threads took: 0.0004799 seconds
[2022-06-13T04:13:41.230+0000][1][safepoint    ] Application time: 1.0002534 seconds
[2022-06-13T04:13:41.231+0000][1][safepoint    ] Entering safepoint region: Cleanup
[2022-06-13T04:13:41.231+0000][1][safepoint    ] Leaving safepoint region
[2022-06-13T04:13:41.231+0000][1][safepoint    ] Total time for which application threads were stopped: 0.0008157 seconds, Stopping threads took: 0.0004280 seconds
[2022-06-13T04:13:42.232+0000][1][safepoint    ] Application time: 1.0003527 seconds
[2022-06-13T04:13:42.233+0000][1][safepoint    ] Entering safepoint region: Cleanup
[2022-06-13T04:13:42.233+0000][1][safepoint    ] Leaving safepoint region
[2022-06-13T04:13:42.233+0000][1][safepoint    ] Total time for which application threads were stopped: 0.0006911 seconds, Stopping threads took: 0.0003160 seconds
[2022-06-13T04:13:43.234+0000][1][safepoint    ] Application time: 1.0001680 seconds
[2022-06-13T04:13:43.235+0000][1][safepoint    ] Entering safepoint region: Cleanup
[2022-06-13T04:13:43.235+0000][1][safepoint    ] Leaving safepoint region
[2022-06-13T04:13:43.236+0000][1][safepoint    ] Total time for which application threads were stopped: 0.0008812 seconds, Stopping threads took: 0.0003402 seconds
[2022-06-13T04:13:44.236+0000][1][safepoint    ] Application time: 1.0001351 seconds
[2022-06-13T04:13:44.237+0000][1][safepoint    ] Entering safepoint region: Cleanup
[2022-06-13T04:13:44.238+0000][1][safepoint    ] Leaving safepoint region
[2022-06-13T04:13:44.238+0000][1][safepoint    ] Total time for which application threads were stopped: 0.0011601 seconds, Stopping threads took: 0.0005692 seconds
[2022-06-13T04:13:45.239+0000][1][safepoint    ] Application time: 1.0001126 seconds
[2022-06-13T04:13:45.239+0000][1][safepoint    ] Entering safepoint region: Cleanup
[2022-06-13T04:13:45.239+0000][1][safepoint    ] Leaving safepoint region
[2022-06-13T04:13:45.239+0000][1][safepoint    ] Total time for which application threads were stopped: 0.0005146 seconds, Stopping threads took: 0.0002211 seconds
[2022-06-13T04:13:46.240+0000][1][safepoint    ] Application time: 1.0001631 seconds
[2022-06-13T04:13:46.240+0000][1][safepoint    ] Entering safepoint region: Cleanup
[2022-06-13T04:13:46.240+0000][1][safepoint    ] Leaving safepoint region
[2022-06-13T04:13:46.241+0000][1][safepoint    ] Total time for which application threads were stopped: 0.0006560 seconds, Stopping threads took: 0.0002252 seconds
[2022-06-13T04:13:47.241+0000][1][safepoint    ] Application time: 1.0002900 seconds
[2022-06-13T04:13:47.242+0000][1][safepoint    ] Entering safepoint region: Cleanup
[2022-06-13T04:13:47.242+0000][1][safepoint    ] Leaving safepoint region
[2022-06-13T04:13:47.243+0000][1][safepoint    ] Total time for which application threads were stopped: 0.0007314 seconds, Stopping threads took: 0.0003865 seconds
[2022-06-13T04:13:48.243+0000][1][safepoint    ] Application time: 1.0001481 seconds
[2022-06-13T04:13:48.244+0000][1][safepoint    ] Entering safepoint region: Cleanup
[2022-06-13T04:13:48.244+0000][1][safepoint    ] Leaving safepoint region
[2022-06-13T04:13:48.244+0000][1][safepoint    ] Total time for which application threads were stopped: 0.0008455 seconds, Stopping threads took: 0.0004438 seconds
[2022-06-13T04:13:49.230+0000][1][safepoint    ] Application time: 0.9859280 seconds
[2022-06-13T04:13:49.232+0000][1][safepoint    ] Entering safepoint region: RevokeBias
[2022-06-13T04:13:49.232+0000][1][safepoint    ] Leaving safepoint region
[2022-06-13T04:13:49.233+0000][1][safepoint    ] Total time for which application threads were stopped: 0.0009190 seconds, Stopping threads took: 0.0003033 seconds
[2022-06-13T04:13:49.249+0000][1][safepoint    ] Application time: 0.0163088 seconds
[2022-06-13T04:13:49.250+0000][1][safepoint    ] Entering safepoint region: GenCollectForAllocation
[2022-06-13T04:13:49.251+0000][1][gc,start     ] GC(22) Pause Young (Allocation Failure)
[2022-06-13T04:13:49.252+0000][1][gc,task      ] GC(22) Using 5 workers of 13 for evacuation
[2022-06-13T04:13:49.256+0000][1][gc,age       ] GC(22) Desired survivor size 4456448 bytes, new threshold 2 (max threshold 6)
[2022-06-13T04:13:49.257+0000][1][gc,age       ] GC(22) Age table with threshold 2 (max threshold 6)
[2022-06-13T04:13:49.257+0000][1][gc,age       ] GC(22) - age   1:    1772928 bytes,    1772928 total
[2022-06-13T04:13:49.258+0000][1][gc,age       ] GC(22) - age   2:    3660640 bytes,    5433568 total
[2022-06-13T04:13:49.258+0000][1][gc,heap      ] GC(22) ParNew: 76941K->8147K(78656K)
[2022-06-13T04:13:49.259+0000][1][gc,heap      ] GC(22) CMS: 62340K->63833K(174784K)
[2022-06-13T04:13:49.259+0000][1][gc,metaspace ] GC(22) Metaspace: 64649K->64649K(1107968K)
[2022-06-13T04:13:49.260+0000][1][gc           ] GC(22) Pause Young (Allocation Failure) 136M->70M(247M) 8.502ms
[2022-06-13T04:13:49.260+0000][1][gc,cpu       ] GC(22) User=0.02s Sys=0.00s Real=0.01s
[2022-06-13T04:13:49.260+0000][1][safepoint    ] Leaving safepoint region
[2022-06-13T04:13:49.261+0000][1][safepoint    ] Total time for which application threads were stopped: 0.0108014 seconds, Stopping threads took: 0.0010313 seconds
[2022-06-13T04:13:50.261+0000][1][safepoint    ] Application time: 1.0002860 seconds
[2022-06-13T04:13:50.262+0000][1][safepoint    ] Entering safepoint region: Cleanup
[2022-06-13T04:13:50.262+0000][1][safepoint    ] Leaving safepoint region
[2022-06-13T04:13:50.262+0000][1][safepoint    ] Total time for which application threads were stopped: 0.0005723 seconds, Stopping threads took: 0.0002705 seconds
[2022-06-13T04:13:51.263+0000][1][safepoint    ] Application time: 1.0001067 seconds
[2022-06-13T04:13:51.263+0000][1][safepoint    ] Entering safepoint region: Cleanup
[2022-06-13T04:13:51.263+0000][1][safepoint    ] Leaving safepoint region
[2022-06-13T04:13:51.263+0000][1][safepoint    ] Total time for which application threads were stopped: 0.0003435 seconds, Stopping threads took: 0.0001254 seconds
[2022-06-13T04:13:52.264+0000][1][safepoint    ] Application time: 1.0001065 seconds
[2022-06-13T04:13:52.264+0000][1][safepoint    ] Entering safepoint region: Cleanup
[2022-06-13T04:13:52.264+0000][1][safepoint    ] Leaving safepoint region
[2022-06-13T04:13:52.264+0000][1][safepoint    ] Total time for which application threads were stopped: 0.0004893 seconds, Stopping threads took: 0.0002935 seconds
[2022-06-13T04:13:53.265+0000][1][safepoint    ] Application time: 1.0002017 seconds
[2022-06-13T04:13:53.265+0000][1][safepoint    ] Entering safepoint region: Cleanup
[2022-06-13T04:13:53.266+0000][1][safepoint    ] Leaving safepoint region
[2022-06-13T04:13:53.267+0000][1][safepoint    ] Total time for which application threads were stopped: 0.0011396 seconds, Stopping threads took: 0.0005282 seconds
[2022-06-13T04:13:54.267+0000][1][safepoint    ] Application time: 1.0001310 seconds
[2022-06-13T04:13:54.268+0000][1][safepoint    ] Entering safepoint region: Cleanup
[2022-06-13T04:13:54.268+0000][1][safepoint    ] Leaving safepoint region
[2022-06-13T04:13:54.269+0000][1][safepoint    ] Total time for which application threads were stopped: 0.0008518 seconds, Stopping threads took: 0.0004659 seconds
[2022-06-13T04:13:55.269+0000][1][safepoint    ] Application time: 1.0002129 seconds
[2022-06-13T04:13:55.270+0000][1][safepoint    ] Entering safepoint region: Cleanup
[2022-06-13T04:13:55.270+0000][1][safepoint    ] Leaving safepoint region
[2022-06-13T04:13:55.271+0000][1][safepoint    ] Total time for which application threads were stopped: 0.0006979 seconds, Stopping threads took: 0.0003212 seconds
[2022-06-13T04:13:56.271+0000][1][safepoint    ] Application time: 1.0001171 seconds
[2022-06-13T04:13:56.272+0000][1][safepoint    ] Entering safepoint region: Cleanup
[2022-06-13T04:13:56.272+0000][1][safepoint    ] Leaving safepoint region
[2022-06-13T04:13:56.272+0000][1][safepoint    ] Total time for which application threads were stopped: 0.0007849 seconds, Stopping threads took: 0.0004432 seconds
[2022-06-13T04:13:57.273+0000][1][safepoint    ] Application time: 1.0001024 seconds
[2022-06-13T04:13:57.273+0000][1][safepoint    ] Entering safepoint region: Cleanup
[2022-06-13T04:13:57.273+0000][1][safepoint    ] Leaving safepoint region
[2022-06-13T04:13:57.273+0000][1][safepoint    ] Total time for which application threads were stopped: 0.0004763 seconds, Stopping threads took: 0.0002085 seconds
[2022-06-13T04:13:58.258+0000][1][safepoint    ] Application time: 0.9844226 seconds
[2022-06-13T04:13:58.258+0000][1][safepoint    ] Entering safepoint region: BulkRevokeBias
[2022-06-13T04:13:58.259+0000][1][safepoint    ] Leaving safepoint region
[2022-06-13T04:13:58.260+0000][1][safepoint    ] Total time for which application threads were stopped: 0.0013827 seconds, Stopping threads took: 0.0002478 seconds
[2022-06-13T04:13:59.236+0000][1][safepoint    ] Application time: 0.9758194 seconds
[2022-06-13T04:13:59.236+0000][1][safepoint    ] Entering safepoint region: RevokeBias
[2022-06-13T04:13:59.237+0000][1][safepoint    ] Leaving safepoint region
[2022-06-13T04:13:59.237+0000][1][safepoint    ] Total time for which application threads were stopped: 0.0008434 seconds, Stopping threads took: 0.0003522 seconds
[2022-06-13T04:14:00.238+0000][1][safepoint    ] Application time: 1.0002545 seconds
[2022-06-13T04:14:00.239+0000][1][safepoint    ] Entering safepoint region: Cleanup
[2022-06-13T04:14:00.239+0000][1][safepoint    ] Leaving safepoint region
[2022-06-13T04:14:00.240+0000][1][safepoint    ] Total time for which application threads were stopped: 0.0010971 seconds, Stopping threads took: 0.0006283 seconds
[2022-06-13T04:14:01.241+0000][1][safepoint    ] Application time: 1.0006097 seconds
[2022-06-13T04:14:01.241+0000][1][safepoint    ] Entering safepoint region: Cleanup
[2022-06-13T04:14:01.242+0000][1][safepoint    ] Leaving safepoint region
[2022-06-13T04:14:01.242+0000][1][safepoint    ] Total time for which application threads were stopped: 0.0008343 seconds, Stopping threads took: 0.0004716 seconds
[2022-06-13T04:14:02.243+0000][1][safepoint    ] Application time: 1.0003125 seconds
[2022-06-13T04:14:02.243+0000][1][safepoint    ] Entering safepoint region: Cleanup
[2022-06-13T04:14:02.244+0000][1][safepoint    ] Leaving safepoint region
[2022-06-13T04:14:02.244+0000][1][safepoint    ] Total time for which application threads were stopped: 0.0009734 seconds, Stopping threads took: 0.0005105 seconds
[2022-06-13T04:14:03.245+0000][1][safepoint    ] Application time: 1.0001772 seconds
[2022-06-13T04:14:03.245+0000][1][safepoint    ] Entering safepoint region: Cleanup
[2022-06-13T04:14:03.246+0000][1][safepoint    ] Leaving safepoint region
[2022-06-13T04:14:03.246+0000][1][safepoint    ] Total time for which application threads were stopped: 0.0010202 seconds, Stopping threads took: 0.0005594 seconds
[2022-06-13T04:14:04.246+0000][1][safepoint    ] Application time: 1.0001313 seconds
[2022-06-13T04:14:04.247+0000][1][safepoint    ] Entering safepoint region: Cleanup
[2022-06-13T04:14:04.247+0000][1][safepoint    ] Leaving safepoint region
[2022-06-13T04:14:04.248+0000][1][safepoint    ] Total time for which application threads were stopped: 0.0008697 seconds, Stopping threads took: 0.0003332 seconds
[2022-06-13T04:14:05.248+0000][1][safepoint    ] Application time: 1.0001410 seconds
[2022-06-13T04:14:05.249+0000][1][safepoint    ] Entering safepoint region: Cleanup
[2022-06-13T04:14:05.249+0000][1][safepoint    ] Leaving safepoint region
[2022-06-13T04:14:05.250+0000][1][safepoint    ] Total time for which application threads were stopped: 0.0010276 seconds, Stopping threads took: 0.0005641 seconds
[2022-06-13T04:14:06.250+0000][1][safepoint    ] Application time: 1.0002194 seconds
[2022-06-13T04:14:06.251+0000][1][safepoint    ] Entering safepoint region: Cleanup
[2022-06-13T04:14:06.252+0000][1][safepoint    ] Leaving safepoint region
[2022-06-13T04:14:06.252+0000][1][safepoint    ] Total time for which application threads were stopped: 0.0012557 seconds, Stopping threads took: 0.0006438 seconds
[2022-06-13T04:14:07.253+0000][1][safepoint    ] Application time: 1.0002854 seconds
[2022-06-13T04:14:07.254+0000][1][safepoint    ] Entering safepoint region: Cleanup
[2022-06-13T04:14:07.254+0000][1][safepoint    ] Leaving safepoint region
[2022-06-13T04:14:07.255+0000][1][safepoint    ] Total time for which application threads were stopped: 0.0013990 seconds, Stopping threads took: 0.0006061 seconds
[2022-06-13T04:14:08.256+0000][1][safepoint    ] Application time: 1.0002472 seconds
[2022-06-13T04:14:08.257+0000][1][safepoint    ] Entering safepoint region: Cleanup
[2022-06-13T04:14:08.258+0000][1][safepoint    ] Leaving safepoint region
[2022-06-13T04:14:08.258+0000][1][safepoint    ] Total time for which application threads were stopped: 0.0014287 seconds, Stopping threads took: 0.0006910 seconds
[2022-06-13T04:14:09.240+0000][1][safepoint    ] Application time: 0.9814058 seconds
[2022-06-13T04:14:09.241+0000][1][safepoint    ] Entering safepoint region: RevokeBias
[2022-06-13T04:14:09.241+0000][1][safepoint    ] Leaving safepoint region
[2022-06-13T04:14:09.242+0000][1][safepoint    ] Total time for which application threads were stopped: 0.0010152 seconds, Stopping threads took: 0.0005052 seconds
[2022-06-13T04:14:10.242+0000][1][safepoint    ] Application time: 1.0003183 seconds
[2022-06-13T04:14:10.243+0000][1][safepoint    ] Entering safepoint region: Cleanup
[2022-06-13T04:14:10.243+0000][1][safepoint    ] Leaving safepoint region
[2022-06-13T04:14:10.243+0000][1][safepoint    ] Total time for which application threads were stopped: 0.0005077 seconds, Stopping threads took: 0.0002158 seconds
[2022-06-13T04:14:11.244+0000][1][safepoint    ] Application time: 1.0003097 seconds
[2022-06-13T04:14:11.244+0000][1][safepoint    ] Entering safepoint region: Cleanup
[2022-06-13T04:14:11.245+0000][1][safepoint    ] Leaving safepoint region
[2022-06-13T04:14:11.245+0000][1][safepoint    ] Total time for which application threads were stopped: 0.0012399 seconds, Stopping threads took: 0.0005824 seconds
[2022-06-13T04:14:12.246+0000][1][safepoint    ] Application time: 1.0002321 seconds
[2022-06-13T04:14:12.247+0000][1][safepoint    ] Entering safepoint region: Cleanup
[2022-06-13T04:14:12.247+0000][1][safepoint    ] Leaving safepoint region
[2022-06-13T04:14:12.248+0000][1][safepoint    ] Total time for which application threads were stopped: 0.0010968 seconds, Stopping threads took: 0.0004304 seconds
[2022-06-13T04:14:13.248+0000][1][safepoint    ] Application time: 1.0002032 seconds
[2022-06-13T04:14:13.249+0000][1][safepoint    ] Entering safepoint region: Cleanup
[2022-06-13T04:14:13.249+0000][1][safepoint    ] Leaving safepoint region
[2022-06-13T04:14:13.250+0000][1][safepoint    ] Total time for which application threads were stopped: 0.0007945 seconds, Stopping threads took: 0.0004904 seconds
[2022-06-13T04:14:14.250+0000][1][safepoint    ] Application time: 1.0001469 seconds
[2022-06-13T04:14:14.250+0000][1][safepoint    ] Entering safepoint region: Cleanup
[2022-06-13T04:14:14.251+0000][1][safepoint    ] Leaving safepoint region
[2022-06-13T04:14:14.251+0000][1][safepoint    ] Total time for which application threads were stopped: 0.0007758 seconds, Stopping threads took: 0.0003516 seconds
[2022-06-13T04:14:15.252+0000][1][safepoint    ] Application time: 1.0002260 seconds
[2022-06-13T04:14:15.252+0000][1][safepoint    ] Entering safepoint region: Cleanup
[2022-06-13T04:14:15.253+0000][1][safepoint    ] Leaving safepoint region
[2022-06-13T04:14:15.253+0000][1][safepoint    ] Total time for which application threads were stopped: 0.0010451 seconds, Stopping threads took: 0.0005352 seconds
[2022-06-13T04:14:16.254+0000][1][safepoint    ] Application time: 1.0001213 seconds
[2022-06-13T04:14:16.255+0000][1][safepoint    ] Entering safepoint region: Cleanup
[2022-06-13T04:14:16.255+0000][1][safepoint    ] Leaving safepoint region
[2022-06-13T04:14:16.255+0000][1][safepoint    ] Total time for which application threads were stopped: 0.0009829 seconds, Stopping threads took: 0.0004503 seconds
[2022-06-13T04:14:17.256+0000][1][safepoint    ] Application time: 1.0002004 seconds
[2022-06-13T04:14:17.257+0000][1][safepoint    ] Entering safepoint region: Cleanup
[2022-06-13T04:14:17.257+0000][1][safepoint    ] Leaving safepoint region
[2022-06-13T04:14:17.258+0000][1][safepoint    ] Total time for which application threads were stopped: 0.0010012 seconds, Stopping threads took: 0.0004461 seconds
[2022-06-13T04:14:17.595+0000][1][safepoint    ] Application time: 0.3373016 seconds
[2022-06-13T04:14:17.596+0000][1][safepoint    ] Entering safepoint region: RevokeBias
[2022-06-13T04:14:17.596+0000][1][safepoint    ] Leaving safepoint region
[2022-06-13T04:14:17.596+0000][1][safepoint    ] Total time for which application threads were stopped: 0.0006463 seconds, Stopping threads took: 0.0003334 seconds
[2022-06-13T04:14:17.597+0000][1][safepoint    ] Application time: 0.0001450 seconds
[2022-06-13T04:14:17.597+0000][1][safepoint    ] Entering safepoint region: RevokeBias
[2022-06-13T04:14:17.597+0000][1][safepoint    ] Leaving safepoint region
[2022-06-13T04:14:17.597+0000][1][safepoint    ] Total time for which application threads were stopped: 0.0003772 seconds, Stopping threads took: 0.0001201 seconds
[2022-06-13T04:14:17.598+0000][1][safepoint    ] Application time: 0.0007072 seconds
[2022-06-13T04:14:17.598+0000][1][safepoint    ] Entering safepoint region: RevokeBias
[2022-06-13T04:14:17.599+0000][1][safepoint    ] Leaving safepoint region
[2022-06-13T04:14:17.599+0000][1][safepoint    ] Total time for which application threads were stopped: 0.0005404 seconds, Stopping threads took: 0.0002963 seconds
[2022-06-13T04:14:17.599+0000][1][safepoint    ] Application time: 0.0001741 seconds
[2022-06-13T04:14:17.599+0000][1][safepoint    ] Entering safepoint region: RevokeBias
[2022-06-13T04:14:17.600+0000][1][safepoint    ] Leaving safepoint region
[2022-06-13T04:14:17.600+0000][1][safepoint    ] Total time for which application threads were stopped: 0.0005723 seconds, Stopping threads took: 0.0002408 seconds
[2022-06-13T04:14:17.601+0000][1][safepoint    ] Application time: 0.0008141 seconds
[2022-06-13T04:14:17.601+0000][1][safepoint    ] Entering safepoint region: RevokeBias
[2022-06-13T04:14:17.601+0000][1][safepoint    ] Leaving safepoint region
[2022-06-13T04:14:17.602+0000][1][safepoint    ] Total time for which application threads were stopped: 0.0006850 seconds, Stopping threads took: 0.0003227 seconds
[2022-06-13T04:14:17.602+0000][1][safepoint    ] Application time: 0.0003653 seconds
[2022-06-13T04:14:17.602+0000][1][safepoint    ] Entering safepoint region: RevokeBias
[2022-06-13T04:14:17.603+0000][1][safepoint    ] Leaving safepoint region
[2022-06-13T04:14:17.603+0000][1][safepoint    ] Total time for which application threads were stopped: 0.0004373 seconds, Stopping threads took: 0.0001186 seconds
[2022-06-13T04:14:17.603+0000][1][safepoint    ] Application time: 0.0003336 seconds
[2022-06-13T04:14:17.603+0000][1][safepoint    ] Entering safepoint region: RevokeBias
[2022-06-13T04:14:17.604+0000][1][safepoint    ] Leaving safepoint region
[2022-06-13T04:14:17.604+0000][1][safepoint    ] Total time for which application threads were stopped: 0.0002854 seconds, Stopping threads took: 0.0001294 seconds
[2022-06-13T04:14:17.604+0000][1][safepoint    ] Application time: 0.0003863 seconds
[2022-06-13T04:14:17.604+0000][1][safepoint    ] Entering safepoint region: RevokeBias
[2022-06-13T04:14:17.605+0000][1][safepoint    ] Leaving safepoint region
[2022-06-13T04:14:17.605+0000][1][safepoint    ] Total time for which application threads were stopped: 0.0002784 seconds, Stopping threads took: 0.0001419 seconds
[2022-06-13T04:14:17.605+0000][1][safepoint    ] Application time: 0.0003183 seconds
[2022-06-13T04:14:17.605+0000][1][safepoint    ] Entering safepoint region: RevokeBias
[2022-06-13T04:14:17.605+0000][1][safepoint    ] Leaving safepoint region
[2022-06-13T04:14:17.606+0000][1][safepoint    ] Total time for which application threads were stopped: 0.0002649 seconds, Stopping threads took: 0.0001264 seconds
[2022-06-13T04:14:17.606+0000][1][safepoint    ] Application time: 0.0001712 seconds
[2022-06-13T04:14:17.606+0000][1][safepoint    ] Entering safepoint region: RevokeBias
[2022-06-13T04:14:17.606+0000][1][safepoint    ] Leaving safepoint region
[2022-06-13T04:14:17.606+0000][1][safepoint    ] Total time for which application threads were stopped: 0.0003108 seconds, Stopping threads took: 0.0001317 seconds
[2022-06-13T04:14:17.607+0000][1][safepoint    ] Application time: 0.0001373 seconds
[2022-06-13T04:14:17.607+0000][1][safepoint    ] Entering safepoint region: RevokeBias
[2022-06-13T04:14:17.607+0000][1][safepoint    ] Leaving safepoint region
[2022-06-13T04:14:17.607+0000][1][safepoint    ] Total time for which application threads were stopped: 0.0002431 seconds, Stopping threads took: 0.0000946 seconds
[2022-06-13T04:14:17.608+0000][1][safepoint    ] Application time: 0.0005028 seconds
[2022-06-13T04:14:17.608+0000][1][safepoint    ] Entering safepoint region: RevokeBias
[2022-06-13T04:14:17.608+0000][1][safepoint    ] Leaving safepoint region
[2022-06-13T04:14:17.608+0000][1][safepoint    ] Total time for which application threads were stopped: 0.0002875 seconds, Stopping threads took: 0.0001227 seconds
[2022-06-13T04:14:17.608+0000][1][safepoint    ] Application time: 0.0001242 seconds
[2022-06-13T04:14:17.608+0000][1][safepoint    ] Entering safepoint region: RevokeBias
[2022-06-13T04:14:17.609+0000][1][safepoint    ] Leaving safepoint region
[2022-06-13T04:14:17.609+0000][1][safepoint    ] Total time for which application threads were stopped: 0.0003463 seconds, Stopping threads took: 0.0001556 seconds
[2022-06-13T04:14:17.609+0000][1][safepoint    ] Application time: 0.0001214 seconds
[2022-06-13T04:14:17.609+0000][1][safepoint    ] Entering safepoint region: RevokeBias
[2022-06-13T04:14:17.609+0000][1][safepoint    ] Leaving safepoint region
[2022-06-13T04:14:17.609+0000][1][safepoint    ] Total time for which application threads were stopped: 0.0004398 seconds, Stopping threads took: 0.0002215 seconds
[2022-06-13T04:14:17.610+0000][1][safepoint    ] Application time: 0.0002517 seconds
[2022-06-13T04:14:17.610+0000][1][safepoint    ] Entering safepoint region: RevokeBias
[2022-06-13T04:14:17.610+0000][1][safepoint    ] Leaving safepoint region
[2022-06-13T04:14:17.611+0000][1][safepoint    ] Total time for which application threads were stopped: 0.0006584 seconds, Stopping threads took: 0.0002536 seconds
[2022-06-13T04:14:17.611+0000][1][safepoint    ] Application time: 0.0002455 seconds
[2022-06-13T04:14:17.611+0000][1][safepoint    ] Entering safepoint region: RevokeBias
[2022-06-13T04:14:17.611+0000][1][safepoint    ] Leaving safepoint region
[2022-06-13T04:14:17.611+0000][1][safepoint    ] Total time for which application threads were stopped: 0.0002962 seconds, Stopping threads took: 0.0001538 seconds
[2022-06-13T04:14:17.612+0000][1][safepoint    ] Application time: 0.0002070 seconds
[2022-06-13T04:14:17.612+0000][1][safepoint    ] Entering safepoint region: RevokeBias
[2022-06-13T04:14:17.612+0000][1][safepoint    ] Leaving safepoint region
[2022-06-13T04:14:17.612+0000][1][safepoint    ] Total time for which application threads were stopped: 0.0004126 seconds, Stopping threads took: 0.0002025 seconds
[2022-06-13T04:14:17.613+0000][1][safepoint    ] Application time: 0.0002105 seconds
[2022-06-13T04:14:17.613+0000][1][safepoint    ] Entering safepoint region: RevokeBias
[2022-06-13T04:14:17.613+0000][1][safepoint    ] Leaving safepoint region
[2022-06-13T04:14:17.613+0000][1][safepoint    ] Total time for which application threads were stopped: 0.0003945 seconds, Stopping threads took: 0.0002028 seconds
[2022-06-13T04:14:17.614+0000][1][safepoint    ] Application time: 0.0001854 seconds
[2022-06-13T04:14:17.614+0000][1][safepoint    ] Entering safepoint region: RevokeBias
[2022-06-13T04:14:17.614+0000][1][safepoint    ] Leaving safepoint region
[2022-06-13T04:14:17.614+0000][1][safepoint    ] Total time for which application threads were stopped: 0.0005849 seconds, Stopping threads took: 0.0001590 seconds
[2022-06-13T04:14:17.615+0000][1][safepoint    ] Application time: 0.0001121 seconds
[2022-06-13T04:14:17.615+0000][1][safepoint    ] Entering safepoint region: BulkRevokeBias
[2022-06-13T04:14:17.615+0000][1][safepoint    ] Leaving safepoint region
[2022-06-13T04:14:17.615+0000][1][safepoint    ] Total time for which application threads were stopped: 0.0005158 seconds, Stopping threads took: 0.0001074 seconds
[2022-06-13T04:14:17.615+0000][1][safepoint    ] Application time: 0.0001661 seconds
[2022-06-13T04:14:17.616+0000][1][safepoint    ] Entering safepoint region: RevokeBias
[2022-06-13T04:14:17.616+0000][1][safepoint    ] Leaving safepoint region
[2022-06-13T04:14:17.616+0000][1][safepoint    ] Total time for which application threads were stopped: 0.0002372 seconds, Stopping threads took: 0.0001023 seconds
[2022-06-13T04:14:17.616+0000][1][safepoint    ] Application time: 0.0001040 seconds
[2022-06-13T04:14:17.616+0000][1][safepoint    ] Entering safepoint region: RevokeBias
[2022-06-13T04:14:17.616+0000][1][safepoint    ] Leaving safepoint region
[2022-06-13T04:14:17.616+0000][1][safepoint    ] Total time for which application threads were stopped: 0.0002854 seconds, Stopping threads took: 0.0001306 seconds
[2022-06-13T04:14:17.617+0000][1][safepoint    ] Application time: 0.0003852 seconds
[2022-06-13T04:14:17.617+0000][1][safepoint    ] Entering safepoint region: RevokeBias
[2022-06-13T04:14:17.617+0000][1][safepoint    ] Leaving safepoint region
[2022-06-13T04:14:17.617+0000][1][safepoint    ] Total time for which application threads were stopped: 0.0002994 seconds, Stopping threads took: 0.0001357 seconds
[2022-06-13T04:14:17.617+0000][1][safepoint    ] Application time: 0.0001173 seconds
[2022-06-13T04:14:17.618+0000][1][safepoint    ] Entering safepoint region: RevokeBias
[2022-06-13T04:14:17.618+0000][1][safepoint    ] Leaving safepoint region
[2022-06-13T04:14:17.618+0000][1][safepoint    ] Total time for which application threads were stopped: 0.0002986 seconds, Stopping threads took: 0.0001456 seconds
[2022-06-13T04:14:17.618+0000][1][safepoint    ] Application time: 0.0000833 seconds
[2022-06-13T04:14:17.618+0000][1][safepoint    ] Entering safepoint region: RevokeBias
[2022-06-13T04:14:17.618+0000][1][safepoint    ] Leaving safepoint region
[2022-06-13T04:14:17.618+0000][1][safepoint    ] Total time for which application threads were stopped: 0.0002622 seconds, Stopping threads took: 0.0001158 seconds
[2022-06-13T04:14:17.619+0000][1][safepoint    ] Application time: 0.0001443 seconds
[2022-06-13T04:14:17.619+0000][1][safepoint    ] Entering safepoint region: RevokeBias
[2022-06-13T04:14:17.619+0000][1][safepoint    ] Leaving safepoint region
[2022-06-13T04:14:17.619+0000][1][safepoint    ] Total time for which application threads were stopped: 0.0002566 seconds, Stopping threads took: 0.0001030 seconds
[2022-06-13T04:14:17.619+0000][1][safepoint    ] Application time: 0.0002321 seconds
[2022-06-13T04:14:17.620+0000][1][safepoint    ] Entering safepoint region: RevokeBias
[2022-06-13T04:14:17.620+0000][1][safepoint    ] Leaving safepoint region
[2022-06-13T04:14:17.620+0000][1][safepoint    ] Total time for which application threads were stopped: 0.0002269 seconds, Stopping threads took: 0.0000967 seconds
[2022-06-13T04:14:17.620+0000][1][safepoint    ] Application time: 0.0002023 seconds
[2022-06-13T04:14:17.620+0000][1][safepoint    ] Entering safepoint region: RevokeBias
[2022-06-13T04:14:17.620+0000][1][safepoint    ] Leaving safepoint region
[2022-06-13T04:14:17.620+0000][1][safepoint    ] Total time for which application threads were stopped: 0.0002441 seconds, Stopping threads took: 0.0001014 seconds
[2022-06-13T04:14:17.621+0000][1][safepoint    ] Application time: 0.0002328 seconds
[2022-06-13T04:14:17.621+0000][1][safepoint    ] Entering safepoint region: RevokeBias
[2022-06-13T04:14:17.621+0000][1][safepoint    ] Leaving safepoint region
[2022-06-13T04:14:17.621+0000][1][safepoint    ] Total time for which application threads were stopped: 0.0002402 seconds, Stopping threads took: 0.0001049 seconds
[2022-06-13T04:14:17.621+0000][1][safepoint    ] Application time: 0.0001353 seconds
[2022-06-13T04:14:17.621+0000][1][safepoint    ] Entering safepoint region: RevokeBias
[2022-06-13T04:14:17.622+0000][1][safepoint    ] Leaving safepoint region
[2022-06-13T04:14:17.622+0000][1][safepoint    ] Total time for which application threads were stopped: 0.0002395 seconds, Stopping threads took: 0.0001209 seconds
[2022-06-13T04:14:17.622+0000][1][safepoint    ] Application time: 0.0001228 seconds
[2022-06-13T04:14:17.622+0000][1][safepoint    ] Entering safepoint region: RevokeBias
[2022-06-13T04:14:17.622+0000][1][safepoint    ] Leaving safepoint region
[2022-06-13T04:14:17.622+0000][1][safepoint    ] Total time for which application threads were stopped: 0.0002042 seconds, Stopping threads took: 0.0000794 seconds
[2022-06-13T04:14:17.622+0000][1][safepoint    ] Application time: 0.0000747 seconds
[2022-06-13T04:14:17.622+0000][1][safepoint    ] Entering safepoint region: RevokeBias
[2022-06-13T04:14:17.622+0000][1][safepoint    ] Leaving safepoint region
[2022-06-13T04:14:17.623+0000][1][safepoint    ] Total time for which application threads were stopped: 0.0001687 seconds, Stopping threads took: 0.0000750 seconds
[2022-06-13T04:14:17.624+0000][1][safepoint    ] Application time: 0.0009019 seconds
[2022-06-13T04:14:17.624+0000][1][safepoint    ] Entering safepoint region: RevokeBias
[2022-06-13T04:14:17.624+0000][1][safepoint    ] Leaving safepoint region
[2022-06-13T04:14:17.624+0000][1][safepoint    ] Total time for which application threads were stopped: 0.0002094 seconds, Stopping threads took: 0.0000891 seconds
[2022-06-13T04:14:17.625+0000][1][safepoint    ] Application time: 0.0006950 seconds
[2022-06-13T04:14:17.625+0000][1][safepoint    ] Entering safepoint region: RevokeBias
[2022-06-13T04:14:17.625+0000][1][safepoint    ] Leaving safepoint region
[2022-06-13T04:14:17.625+0000][1][safepoint    ] Total time for which application threads were stopped: 0.0002325 seconds, Stopping threads took: 0.0000983 seconds
[2022-06-13T04:14:17.625+0000][1][safepoint    ] Application time: 0.0001770 seconds
[2022-06-13T04:14:17.625+0000][1][safepoint    ] Entering safepoint region: RevokeBias
[2022-06-13T04:14:17.626+0000][1][safepoint    ] Leaving safepoint region
[2022-06-13T04:14:17.626+0000][1][safepoint    ] Total time for which application threads were stopped: 0.0002674 seconds, Stopping threads took: 0.0001279 seconds
[2022-06-13T04:14:17.626+0000][1][safepoint    ] Application time: 0.0000773 seconds
[2022-06-13T04:14:17.626+0000][1][safepoint    ] Entering safepoint region: RevokeBias
[2022-06-13T04:14:17.626+0000][1][safepoint    ] Leaving safepoint region
[2022-06-13T04:14:17.626+0000][1][safepoint    ] Total time for which application threads were stopped: 0.0002851 seconds, Stopping threads took: 0.0001428 seconds
[2022-06-13T04:14:17.626+0000][1][safepoint    ] Application time: 0.0000366 seconds
[2022-06-13T04:14:17.626+0000][1][safepoint    ] Entering safepoint region: RevokeBias
[2022-06-13T04:14:17.627+0000][1][safepoint    ] Leaving safepoint region
[2022-06-13T04:14:17.627+0000][1][safepoint    ] Total time for which application threads were stopped: 0.0002522 seconds, Stopping threads took: 0.0001007 seconds
[2022-06-13T04:14:17.627+0000][1][safepoint    ] Application time: 0.0000823 seconds
[2022-06-13T04:14:17.627+0000][1][safepoint    ] Entering safepoint region: RevokeBias
[2022-06-13T04:14:17.627+0000][1][safepoint    ] Leaving safepoint region
[2022-06-13T04:14:17.627+0000][1][safepoint    ] Total time for which application threads were stopped: 0.0003921 seconds, Stopping threads took: 0.0002254 seconds
[2022-06-13T04:14:17.628+0000][1][safepoint    ] Application time: 0.0000953 seconds
[2022-06-13T04:14:17.628+0000][1][safepoint    ] Entering safepoint region: RevokeBias
[2022-06-13T04:14:17.628+0000][1][safepoint    ] Leaving safepoint region
[2022-06-13T04:14:17.628+0000][1][safepoint    ] Total time for which application threads were stopped: 0.0003933 seconds, Stopping threads took: 0.0002357 seconds
[2022-06-13T04:14:17.630+0000][1][safepoint    ] Application time: 0.0018985 seconds
[2022-06-13T04:14:17.630+0000][1][safepoint    ] Entering safepoint region: RevokeBias
[2022-06-13T04:14:17.631+0000][1][safepoint    ] Leaving safepoint region
[2022-06-13T04:14:17.631+0000][1][safepoint    ] Total time for which application threads were stopped: 0.0004305 seconds, Stopping threads took: 0.0001724 seconds
[2022-06-13T04:14:17.631+0000][1][safepoint    ] Application time: 0.0004029 seconds
[2022-06-13T04:14:17.632+0000][1][safepoint    ] Entering safepoint region: RevokeBias
[2022-06-13T04:14:17.632+0000][1][safepoint    ] Leaving safepoint region
[2022-06-13T04:14:17.632+0000][1][safepoint    ] Total time for which application threads were stopped: 0.0006598 seconds, Stopping threads took: 0.0004776 seconds
[2022-06-13T04:14:17.632+0000][1][safepoint    ] Application time: 0.0001205 seconds
[2022-06-13T04:14:17.632+0000][1][safepoint    ] Entering safepoint region: RevokeBias
[2022-06-13T04:14:17.633+0000][1][safepoint    ] Leaving safepoint region
[2022-06-13T04:14:17.633+0000][1][safepoint    ] Total time for which application threads were stopped: 0.0004224 seconds, Stopping threads took: 0.0001576 seconds
[2022-06-13T04:14:17.633+0000][1][safepoint    ] Application time: 0.0001226 seconds
[2022-06-13T04:14:17.633+0000][1][safepoint    ] Entering safepoint region: RevokeBias
[2022-06-13T04:14:17.634+0000][1][safepoint    ] Leaving safepoint region
[2022-06-13T04:14:17.634+0000][1][safepoint    ] Total time for which application threads were stopped: 0.0002916 seconds, Stopping threads took: 0.0001442 seconds
[2022-06-13T04:14:17.634+0000][1][safepoint    ] Application time: 0.0001008 seconds
[2022-06-13T04:14:17.634+0000][1][safepoint    ] Entering safepoint region: RevokeBias
[2022-06-13T04:14:17.634+0000][1][safepoint    ] Leaving safepoint region
[2022-06-13T04:14:17.634+0000][1][safepoint    ] Total time for which application threads were stopped: 0.0003454 seconds, Stopping threads took: 0.0001562 seconds
[2022-06-13T04:14:17.635+0000][1][safepoint    ] Application time: 0.0000846 seconds
[2022-06-13T04:14:17.635+0000][1][safepoint    ] Entering safepoint region: BulkRevokeBias
[2022-06-13T04:14:17.635+0000][1][safepoint    ] Leaving safepoint region
[2022-06-13T04:14:17.635+0000][1][safepoint    ] Total time for which application threads were stopped: 0.0003802 seconds, Stopping threads took: 0.0001448 seconds
[2022-06-13T04:14:17.636+0000][1][safepoint    ] Application time: 0.0011821 seconds
[2022-06-13T04:14:17.637+0000][1][safepoint    ] Entering safepoint region: RevokeBias
[2022-06-13T04:14:17.637+0000][1][safepoint    ] Leaving safepoint region
[2022-06-13T04:14:17.637+0000][1][safepoint    ] Total time for which application threads were stopped: 0.0003222 seconds, Stopping threads took: 0.0001661 seconds
[2022-06-13T04:14:17.641+0000][1][safepoint    ] Application time: 0.0041927 seconds
[2022-06-13T04:14:17.642+0000][1][safepoint    ] Entering safepoint region: RevokeBias
[2022-06-13T04:14:17.642+0000][1][safepoint    ] Leaving safepoint region
[2022-06-13T04:14:17.642+0000][1][safepoint    ] Total time for which application threads were stopped: 0.0003431 seconds, Stopping threads took: 0.0001684 seconds
[2022-06-13T04:14:17.642+0000][1][safepoint    ] Application time: 0.0001410 seconds
[2022-06-13T04:14:17.642+0000][1][safepoint    ] Entering safepoint region: RevokeBias
[2022-06-13T04:14:17.642+0000][1][safepoint    ] Leaving safepoint region
[2022-06-13T04:14:17.643+0000][1][safepoint    ] Total time for which application threads were stopped: 0.0003394 seconds, Stopping threads took: 0.0001560 seconds
[2022-06-13T04:14:17.643+0000][1][safepoint    ] Application time: 0.0001901 seconds
[2022-06-13T04:14:17.643+0000][1][safepoint    ] Entering safepoint region: RevokeBias
[2022-06-13T04:14:17.643+0000][1][safepoint    ] Leaving safepoint region
[2022-06-13T04:14:17.643+0000][1][safepoint    ] Total time for which application threads were stopped: 0.0003084 seconds, Stopping threads took: 0.0001482 seconds
[2022-06-13T04:14:17.644+0000][1][safepoint    ] Application time: 0.0004129 seconds
[2022-06-13T04:14:17.644+0000][1][safepoint    ] Entering safepoint region: RevokeBias
[2022-06-13T04:14:17.644+0000][1][safepoint    ] Leaving safepoint region
[2022-06-13T04:14:17.644+0000][1][safepoint    ] Total time for which application threads were stopped: 0.0002409 seconds, Stopping threads took: 0.0001034 seconds
[2022-06-13T04:14:17.645+0000][1][safepoint    ] Application time: 0.0007120 seconds
[2022-06-13T04:14:17.645+0000][1][safepoint    ] Entering safepoint region: RevokeBias
[2022-06-13T04:14:17.646+0000][1][safepoint    ] Leaving safepoint region
[2022-06-13T04:14:17.646+0000][1][safepoint    ] Total time for which application threads were stopped: 0.0001921 seconds, Stopping threads took: 0.0000878 seconds
[2022-06-13T04:14:17.646+0000][1][safepoint    ] Application time: 0.0001800 seconds
[2022-06-13T04:14:17.646+0000][1][safepoint    ] Entering safepoint region: RevokeBias
[2022-06-13T04:14:17.646+0000][1][safepoint    ] Leaving safepoint region
[2022-06-13T04:14:17.646+0000][1][safepoint    ] Total time for which application threads were stopped: 0.0002268 seconds, Stopping threads took: 0.0001248 seconds
[2022-06-13T04:14:17.647+0000][1][safepoint    ] Application time: 0.0006171 seconds
[2022-06-13T04:14:17.647+0000][1][safepoint    ] Entering safepoint region: RevokeBias
[2022-06-13T04:14:17.647+0000][1][safepoint    ] Leaving safepoint region
[2022-06-13T04:14:17.647+0000][1][safepoint    ] Total time for which application threads were stopped: 0.0002503 seconds, Stopping threads took: 0.0001266 seconds
[2022-06-13T04:14:17.648+0000][1][safepoint    ] Application time: 0.0002364 seconds
[2022-06-13T04:14:17.648+0000][1][safepoint    ] Entering safepoint region: RevokeBias
[2022-06-13T04:14:17.648+0000][1][safepoint    ] Leaving safepoint region
[2022-06-13T04:14:17.648+0000][1][safepoint    ] Total time for which application threads were stopped: 0.0002216 seconds, Stopping threads took: 0.0001108 seconds
[2022-06-13T04:14:17.648+0000][1][safepoint    ] Application time: 0.0000967 seconds
[2022-06-13T04:14:17.648+0000][1][safepoint    ] Entering safepoint region: RevokeBias
[2022-06-13T04:14:17.648+0000][1][safepoint    ] Leaving safepoint region
[2022-06-13T04:14:17.648+0000][1][safepoint    ] Total time for which application threads were stopped: 0.0001907 seconds, Stopping threads took: 0.0000854 seconds
[2022-06-13T04:14:17.649+0000][1][safepoint    ] Application time: 0.0004648 seconds
[2022-06-13T04:14:17.649+0000][1][safepoint    ] Entering safepoint region: RevokeBias
[2022-06-13T04:14:17.649+0000][1][safepoint    ] Leaving safepoint region
[2022-06-13T04:14:17.649+0000][1][safepoint    ] Total time for which application threads were stopped: 0.0002413 seconds, Stopping threads took: 0.0001424 seconds
[2022-06-13T04:14:17.650+0000][1][safepoint    ] Application time: 0.0006590 seconds
[2022-06-13T04:14:17.650+0000][1][safepoint    ] Entering safepoint region: RevokeBias
[2022-06-13T04:14:17.650+0000][1][safepoint    ] Leaving safepoint region
[2022-06-13T04:14:17.650+0000][1][safepoint    ] Total time for which application threads were stopped: 0.0002296 seconds, Stopping threads took: 0.0001060 seconds
[2022-06-13T04:14:17.652+0000][1][gc,heap,exit ] Heap
[2022-06-13T04:14:17.653+0000][1][gc,heap,exit ]  par new generation   total 78656K, used 69966K [0x00000000f0000000, 0x00000000f5550000, 0x00000000f5550000)
[2022-06-13T04:14:17.653+0000][1][gc,heap,exit ]   eden space 69952K,  88% used [0x00000000f0000000, 0x00000000f3c5ed10, 0x00000000f4450000)
[2022-06-13T04:14:17.653+0000][1][gc,heap,exit ]   from space 8704K,  93% used [0x00000000f4cd0000, 0x00000000f54c4dc0, 0x00000000f5550000)
[2022-06-13T04:14:17.653+0000][1][gc,heap,exit ]   to   space 8704K,   0% used [0x00000000f4450000, 0x00000000f4450000, 0x00000000f4cd0000)
[2022-06-13T04:14:17.653+0000][1][gc,heap,exit ]  concurrent mark-sweep generation total 174784K, used 63833K [0x00000000f5550000, 0x0000000100000000, 0x0000000100000000)
[2022-06-13T04:14:17.653+0000][1][gc,heap,exit ]  Metaspace       used 65113K, capacity 69834K, committed 70164K, reserved 1107968K
[2022-06-13T04:14:17.653+0000][1][gc,heap,exit ]   class space    used 8736K, capacity 10757K, committed 10848K, reserved 1048576K
[2022-06-13T04:14:17.653+0000][1][safepoint    ] Application time: 0.0026781 seconds
[2022-06-13T04:14:17.653+0000][1][safepoint    ] Entering safepoint region: Exit
