[2022-06-13T03:32:57.684+0000][1][gc] Using Concurrent Mark Sweep
[2022-06-13T03:32:57.685+0000][1][gc,heap,coops] Heap address: 0x00000000f0000000, size: 256 MB, Compressed Oops mode: 32-bit
[2022-06-13T03:32:57.717+0000][1][safepoint    ] Entering safepoint region: EnableBiasedLocking
[2022-06-13T03:32:57.717+0000][1][safepoint    ] Leaving safepoint region
[2022-06-13T03:32:57.717+0000][1][safepoint    ] Total time for which application threads were stopped: 0.0005384 seconds, Stopping threads took: 0.0002792 seconds
[2022-06-13T03:32:57.720+0000][1][safepoint    ] Application time: 0.0019262 seconds
[2022-06-13T03:32:57.720+0000][1][safepoint    ] Entering safepoint region: RevokeBias
[2022-06-13T03:32:57.720+0000][1][safepoint    ] Leaving safepoint region
[2022-06-13T03:32:57.721+0000][1][safepoint    ] Total time for which application threads were stopped: 0.0005600 seconds, Stopping threads took: 0.0003664 seconds
[2022-06-13T03:32:57.728+0000][1][safepoint    ] Application time: 0.0072600 seconds
[2022-06-13T03:32:57.728+0000][1][safepoint    ] Entering safepoint region: Deoptimize
[2022-06-13T03:32:57.728+0000][1][safepoint    ] Leaving safepoint region
[2022-06-13T03:32:57.729+0000][1][safepoint    ] Total time for which application threads were stopped: 0.0003617 seconds, Stopping threads took: 0.0001283 seconds
[2022-06-13T03:32:57.795+0000][1][safepoint    ] Application time: 0.0657958 seconds
[2022-06-13T03:32:57.795+0000][1][safepoint    ] Entering safepoint region: RevokeBias
[2022-06-13T03:32:57.795+0000][1][safepoint    ] Leaving safepoint region
[2022-06-13T03:32:57.795+0000][1][safepoint    ] Total time for which application threads were stopped: 0.0003868 seconds, Stopping threads took: 0.0001922 seconds
[2022-06-13T03:32:57.816+0000][1][safepoint    ] Application time: 0.0209653 seconds
[2022-06-13T03:32:57.817+0000][1][safepoint    ] Entering safepoint region: Deoptimize
[2022-06-13T03:32:57.817+0000][1][safepoint    ] Leaving safepoint region
[2022-06-13T03:32:57.817+0000][1][safepoint    ] Total time for which application threads were stopped: 0.0003767 seconds, Stopping threads took: 0.0001792 seconds
[2022-06-13T03:32:58.017+0000][1][safepoint    ] Application time: 0.2002599 seconds
[2022-06-13T03:32:58.018+0000][1][safepoint    ] Entering safepoint region: Deoptimize
[2022-06-13T03:32:58.018+0000][1][safepoint    ] Leaving safepoint region
[2022-06-13T03:32:58.018+0000][1][safepoint    ] Total time for which application threads were stopped: 0.0006114 seconds, Stopping threads took: 0.0001405 seconds
[2022-06-13T03:32:58.032+0000][1][safepoint    ] Application time: 0.0131643 seconds
[2022-06-13T03:32:58.032+0000][1][safepoint    ] Entering safepoint region: Deoptimize
[2022-06-13T03:32:58.032+0000][1][safepoint    ] Leaving safepoint region
[2022-06-13T03:32:58.032+0000][1][safepoint    ] Total time for which application threads were stopped: 0.0004285 seconds, Stopping threads took: 0.0001511 seconds
[2022-06-13T03:32:58.064+0000][1][safepoint    ] Application time: 0.0319307 seconds
[2022-06-13T03:32:58.065+0000][1][safepoint    ] Entering safepoint region: Deoptimize
[2022-06-13T03:32:58.065+0000][1][safepoint    ] Leaving safepoint region
[2022-06-13T03:32:58.065+0000][1][safepoint    ] Total time for which application threads were stopped: 0.0004904 seconds, Stopping threads took: 0.0001602 seconds
[2022-06-13T03:32:58.073+0000][1][safepoint    ] Application time: 0.0079777 seconds
[2022-06-13T03:32:58.074+0000][1][safepoint    ] Entering safepoint region: Deoptimize
[2022-06-13T03:32:58.074+0000][1][safepoint    ] Leaving safepoint region
[2022-06-13T03:32:58.074+0000][1][safepoint    ] Total time for which application threads were stopped: 0.0003685 seconds, Stopping threads took: 0.0001002 seconds
[2022-06-13T03:32:58.325+0000][1][safepoint    ] Application time: 0.2514375 seconds
[2022-06-13T03:32:58.326+0000][1][safepoint    ] Entering safepoint region: Deoptimize
[2022-06-13T03:32:58.326+0000][1][safepoint    ] Leaving safepoint region
[2022-06-13T03:32:58.326+0000][1][safepoint    ] Total time for which application threads were stopped: 0.0004954 seconds, Stopping threads took: 0.0001159 seconds
[2022-06-13T03:32:58.510+0000][1][safepoint    ] Application time: 0.1830864 seconds
[2022-06-13T03:32:58.510+0000][1][safepoint    ] Entering safepoint region: RevokeBias
[2022-06-13T03:32:58.510+0000][1][safepoint    ] Leaving safepoint region
[2022-06-13T03:32:58.510+0000][1][safepoint    ] Total time for which application threads were stopped: 0.0003682 seconds, Stopping threads took: 0.0001417 seconds
[2022-06-13T03:32:58.582+0000][1][safepoint    ] Application time: 0.0717643 seconds
[2022-06-13T03:32:58.582+0000][1][safepoint    ] Entering safepoint region: Deoptimize
[2022-06-13T03:32:58.583+0000][1][safepoint    ] Leaving safepoint region
[2022-06-13T03:32:58.583+0000][1][safepoint    ] Total time for which application threads were stopped: 0.0005530 seconds, Stopping threads took: 0.0001630 seconds
[2022-06-13T03:32:58.693+0000][1][safepoint    ] Application time: 0.1095710 seconds
[2022-06-13T03:32:58.693+0000][1][safepoint    ] Entering safepoint region: Deoptimize
[2022-06-13T03:32:58.693+0000][1][safepoint    ] Leaving safepoint region
[2022-06-13T03:32:58.693+0000][1][safepoint    ] Total time for which application threads were stopped: 0.0005798 seconds, Stopping threads took: 0.0001496 seconds
[2022-06-13T03:32:58.694+0000][1][safepoint    ] Application time: 0.0001704 seconds
[2022-06-13T03:32:58.694+0000][1][safepoint    ] Entering safepoint region: Deoptimize
[2022-06-13T03:32:58.694+0000][1][safepoint    ] Leaving safepoint region
[2022-06-13T03:32:58.694+0000][1][safepoint    ] Total time for which application threads were stopped: 0.0003994 seconds, Stopping threads took: 0.0001225 seconds
[2022-06-13T03:32:58.717+0000][1][safepoint    ] Application time: 0.0223436 seconds
[2022-06-13T03:32:58.717+0000][1][safepoint    ] Entering safepoint region: Deoptimize
[2022-06-13T03:32:58.717+0000][1][safepoint    ] Leaving safepoint region
[2022-06-13T03:32:58.717+0000][1][safepoint    ] Total time for which application threads were stopped: 0.0005548 seconds, Stopping threads took: 0.0001449 seconds
[2022-06-13T03:32:58.721+0000][1][safepoint    ] Application time: 0.0036675 seconds
[2022-06-13T03:32:58.721+0000][1][safepoint    ] Entering safepoint region: RevokeBias
[2022-06-13T03:32:58.722+0000][1][safepoint    ] Leaving safepoint region
[2022-06-13T03:32:58.722+0000][1][safepoint    ] Total time for which application threads were stopped: 0.0003425 seconds, Stopping threads took: 0.0001769 seconds
[2022-06-13T03:32:58.722+0000][1][safepoint    ] Application time: 0.0002199 seconds
[2022-06-13T03:32:58.722+0000][1][safepoint    ] Entering safepoint region: RevokeBias
[2022-06-13T03:32:58.722+0000][1][safepoint    ] Leaving safepoint region
[2022-06-13T03:32:58.723+0000][1][safepoint    ] Total time for which application threads were stopped: 0.0003701 seconds, Stopping threads took: 0.0002254 seconds
[2022-06-13T03:32:58.723+0000][1][safepoint    ] Application time: 0.0000968 seconds
[2022-06-13T03:32:58.723+0000][1][safepoint    ] Entering safepoint region: RevokeBias
[2022-06-13T03:32:58.723+0000][1][safepoint    ] Leaving safepoint region
[2022-06-13T03:32:58.723+0000][1][safepoint    ] Total time for which application threads were stopped: 0.0002186 seconds, Stopping threads took: 0.0001042 seconds
[2022-06-13T03:32:58.723+0000][1][safepoint    ] Application time: 0.0001790 seconds
[2022-06-13T03:32:58.724+0000][1][safepoint    ] Entering safepoint region: RevokeBias
[2022-06-13T03:32:58.724+0000][1][safepoint    ] Leaving safepoint region
[2022-06-13T03:32:58.724+0000][1][safepoint    ] Total time for which application threads were stopped: 0.0002756 seconds, Stopping threads took: 0.0001626 seconds
[2022-06-13T03:32:58.724+0000][1][safepoint    ] Application time: 0.0001028 seconds
[2022-06-13T03:32:58.724+0000][1][safepoint    ] Entering safepoint region: RevokeBias
[2022-06-13T03:32:58.724+0000][1][safepoint    ] Leaving safepoint region
[2022-06-13T03:32:58.724+0000][1][safepoint    ] Total time for which application threads were stopped: 0.0002137 seconds, Stopping threads took: 0.0001026 seconds
[2022-06-13T03:32:58.754+0000][1][safepoint    ] Application time: 0.0059018 seconds
[2022-06-13T03:32:58.754+0000][1][safepoint    ] Entering safepoint region: Deoptimize
[2022-06-13T03:32:58.754+0000][1][safepoint    ] Leaving safepoint region
[2022-06-13T03:32:58.754+0000][1][safepoint    ] Total time for which application threads were stopped: 0.0004488 seconds, Stopping threads took: 0.0001329 seconds
[2022-06-13T03:32:58.781+0000][1][safepoint    ] Application time: 0.0261387 seconds
[2022-06-13T03:32:58.781+0000][1][safepoint    ] Entering safepoint region: RevokeBias
[2022-06-13T03:32:58.781+0000][1][safepoint    ] Leaving safepoint region
[2022-06-13T03:32:58.781+0000][1][safepoint    ] Total time for which application threads were stopped: 0.0003471 seconds, Stopping threads took: 0.0001490 seconds
[2022-06-13T03:32:58.809+0000][1][safepoint    ] Application time: 0.0278589 seconds
[2022-06-13T03:32:58.810+0000][1][safepoint    ] Entering safepoint region: GenCollectForAllocation
[2022-06-13T03:32:58.810+0000][1][gc,start     ] GC(0) Pause Young (Allocation Failure)
[2022-06-13T03:32:58.810+0000][1][gc,task      ] GC(0) Using 5 workers of 13 for evacuation
[2022-06-13T03:32:58.816+0000][1][gc,age       ] GC(0) Desired survivor size 4456448 bytes, new threshold 1 (max threshold 6)
[2022-06-13T03:32:58.816+0000][1][gc,age       ] GC(0) Age table with threshold 1 (max threshold 6)
[2022-06-13T03:32:58.816+0000][1][gc,age       ] GC(0) - age   1:    8145248 bytes,    8145248 total
[2022-06-13T03:32:58.816+0000][1][gc,heap      ] GC(0) ParNew: 69952K->8064K(78656K)
[2022-06-13T03:32:58.817+0000][1][gc,heap      ] GC(0) CMS: 0K->0K(174784K)
[2022-06-13T03:32:58.817+0000][1][gc,metaspace ] GC(0) Metaspace: 12296K->12296K(1060864K)
[2022-06-13T03:32:58.817+0000][1][gc           ] GC(0) Pause Young (Allocation Failure) 68M->7M(247M) 6.926ms
[2022-06-13T03:32:58.817+0000][1][gc,cpu       ] GC(0) User=0.02s Sys=0.00s Real=0.00s
[2022-06-13T03:32:58.817+0000][1][safepoint    ] Leaving safepoint region
[2022-06-13T03:32:58.817+0000][1][safepoint    ] Total time for which application threads were stopped: 0.0075951 seconds, Stopping threads took: 0.0002388 seconds
[2022-06-13T03:32:58.818+0000][1][safepoint    ] Application time: 0.0011512 seconds
[2022-06-13T03:32:58.819+0000][1][safepoint    ] Entering safepoint region: RevokeBias
[2022-06-13T03:32:58.819+0000][1][safepoint    ] Leaving safepoint region
[2022-06-13T03:32:58.819+0000][1][safepoint    ] Total time for which application threads were stopped: 0.0004411 seconds, Stopping threads took: 0.0002512 seconds
[2022-06-13T03:32:58.819+0000][1][safepoint    ] Application time: 0.0001166 seconds
[2022-06-13T03:32:58.820+0000][1][safepoint    ] Entering safepoint region: RevokeBias
[2022-06-13T03:32:58.820+0000][1][safepoint    ] Leaving safepoint region
[2022-06-13T03:32:58.820+0000][1][safepoint    ] Total time for which application threads were stopped: 0.0003015 seconds, Stopping threads took: 0.0001667 seconds
[2022-06-13T03:32:58.820+0000][1][safepoint    ] Application time: 0.0001022 seconds
[2022-06-13T03:32:58.820+0000][1][safepoint    ] Entering safepoint region: RevokeBias
[2022-06-13T03:32:58.821+0000][1][safepoint    ] Leaving safepoint region
[2022-06-13T03:32:58.821+0000][1][safepoint    ] Total time for which application threads were stopped: 0.0004673 seconds, Stopping threads took: 0.0002990 seconds
[2022-06-13T03:32:58.821+0000][1][safepoint    ] Application time: 0.0001023 seconds
[2022-06-13T03:32:58.821+0000][1][safepoint    ] Entering safepoint region: RevokeBias
[2022-06-13T03:32:58.821+0000][1][safepoint    ] Leaving safepoint region
[2022-06-13T03:32:58.821+0000][1][safepoint    ] Total time for which application threads were stopped: 0.0003244 seconds, Stopping threads took: 0.0001906 seconds
[2022-06-13T03:32:58.822+0000][1][safepoint    ] Application time: 0.0000818 seconds
[2022-06-13T03:32:58.822+0000][1][safepoint    ] Entering safepoint region: RevokeBias
[2022-06-13T03:32:58.822+0000][1][safepoint    ] Leaving safepoint region
[2022-06-13T03:32:58.822+0000][1][safepoint    ] Total time for which application threads were stopped: 0.0004465 seconds, Stopping threads took: 0.0002652 seconds
[2022-06-13T03:32:58.822+0000][1][safepoint    ] Application time: 0.0000847 seconds
[2022-06-13T03:32:58.823+0000][1][safepoint    ] Entering safepoint region: RevokeBias
[2022-06-13T03:32:58.823+0000][1][safepoint    ] Leaving safepoint region
[2022-06-13T03:32:58.823+0000][1][safepoint    ] Total time for which application threads were stopped: 0.0003004 seconds, Stopping threads took: 0.0001587 seconds
[2022-06-13T03:32:58.823+0000][1][safepoint    ] Application time: 0.0001057 seconds
[2022-06-13T03:32:58.823+0000][1][safepoint    ] Entering safepoint region: RevokeBias
[2022-06-13T03:32:58.823+0000][1][safepoint    ] Leaving safepoint region
[2022-06-13T03:32:58.823+0000][1][safepoint    ] Total time for which application threads were stopped: 0.0002958 seconds, Stopping threads took: 0.0001580 seconds
[2022-06-13T03:32:58.824+0000][1][safepoint    ] Application time: 0.0000967 seconds
[2022-06-13T03:32:58.824+0000][1][safepoint    ] Entering safepoint region: RevokeBias
[2022-06-13T03:32:58.824+0000][1][safepoint    ] Leaving safepoint region
[2022-06-13T03:32:58.824+0000][1][safepoint    ] Total time for which application threads were stopped: 0.0002715 seconds, Stopping threads took: 0.0001173 seconds
[2022-06-13T03:32:58.824+0000][1][safepoint    ] Application time: 0.0000970 seconds
[2022-06-13T03:32:58.824+0000][1][safepoint    ] Entering safepoint region: RevokeBias
[2022-06-13T03:32:58.825+0000][1][safepoint    ] Leaving safepoint region
[2022-06-13T03:32:58.825+0000][1][safepoint    ] Total time for which application threads were stopped: 0.0003090 seconds, Stopping threads took: 0.0001607 seconds
[2022-06-13T03:32:58.825+0000][1][safepoint    ] Application time: 0.0000780 seconds
[2022-06-13T03:32:58.825+0000][1][safepoint    ] Entering safepoint region: RevokeBias
[2022-06-13T03:32:58.825+0000][1][safepoint    ] Leaving safepoint region
[2022-06-13T03:32:58.825+0000][1][safepoint    ] Total time for which application threads were stopped: 0.0003585 seconds, Stopping threads took: 0.0001956 seconds
[2022-06-13T03:32:58.826+0000][1][safepoint    ] Application time: 0.0001231 seconds
[2022-06-13T03:32:58.826+0000][1][safepoint    ] Entering safepoint region: RevokeBias
[2022-06-13T03:32:58.826+0000][1][safepoint    ] Leaving safepoint region
[2022-06-13T03:32:58.826+0000][1][safepoint    ] Total time for which application threads were stopped: 0.0002222 seconds, Stopping threads took: 0.0001109 seconds
[2022-06-13T03:32:58.826+0000][1][safepoint    ] Application time: 0.0000743 seconds
[2022-06-13T03:32:58.826+0000][1][safepoint    ] Entering safepoint region: RevokeBias
[2022-06-13T03:32:58.826+0000][1][safepoint    ] Leaving safepoint region
[2022-06-13T03:32:58.827+0000][1][safepoint    ] Total time for which application threads were stopped: 0.0002480 seconds, Stopping threads took: 0.0001228 seconds
[2022-06-13T03:32:58.827+0000][1][safepoint    ] Application time: 0.0001036 seconds
[2022-06-13T03:32:58.827+0000][1][safepoint    ] Entering safepoint region: RevokeBias
[2022-06-13T03:32:58.827+0000][1][safepoint    ] Leaving safepoint region
[2022-06-13T03:32:58.827+0000][1][safepoint    ] Total time for which application threads were stopped: 0.0003427 seconds, Stopping threads took: 0.0001554 seconds
[2022-06-13T03:32:58.828+0000][1][safepoint    ] Application time: 0.0000860 seconds
[2022-06-13T03:32:58.828+0000][1][safepoint    ] Entering safepoint region: RevokeBias
[2022-06-13T03:32:58.828+0000][1][safepoint    ] Leaving safepoint region
[2022-06-13T03:32:58.828+0000][1][safepoint    ] Total time for which application threads were stopped: 0.0003281 seconds, Stopping threads took: 0.0001362 seconds
[2022-06-13T03:32:58.828+0000][1][safepoint    ] Application time: 0.0000582 seconds
[2022-06-13T03:32:58.829+0000][1][safepoint    ] Entering safepoint region: RevokeBias
[2022-06-13T03:32:58.829+0000][1][safepoint    ] Leaving safepoint region
[2022-06-13T03:32:58.829+0000][1][safepoint    ] Total time for which application threads were stopped: 0.0002602 seconds, Stopping threads took: 0.0001362 seconds
[2022-06-13T03:32:58.829+0000][1][safepoint    ] Application time: 0.0000295 seconds
[2022-06-13T03:32:58.829+0000][1][safepoint    ] Entering safepoint region: RevokeBias
[2022-06-13T03:32:58.830+0000][1][safepoint    ] Leaving safepoint region
[2022-06-13T03:32:58.830+0000][1][safepoint    ] Total time for which application threads were stopped: 0.0013754 seconds, Stopping threads took: 0.0010315 seconds
[2022-06-13T03:32:58.831+0000][1][safepoint    ] Application time: 0.0000616 seconds
[2022-06-13T03:32:58.831+0000][1][safepoint    ] Entering safepoint region: RevokeBias
[2022-06-13T03:32:58.831+0000][1][safepoint    ] Leaving safepoint region
[2022-06-13T03:32:58.831+0000][1][safepoint    ] Total time for which application threads were stopped: 0.0004458 seconds, Stopping threads took: 0.0001554 seconds
[2022-06-13T03:32:58.833+0000][1][safepoint    ] Application time: 0.0019933 seconds
[2022-06-13T03:32:58.834+0000][1][safepoint    ] Entering safepoint region: RevokeBias
[2022-06-13T03:32:58.835+0000][1][safepoint    ] Leaving safepoint region
[2022-06-13T03:32:58.835+0000][1][safepoint    ] Total time for which application threads were stopped: 0.0002789 seconds, Stopping threads took: 0.0001429 seconds
[2022-06-13T03:32:58.835+0000][1][safepoint    ] Application time: 0.0000678 seconds
[2022-06-13T03:32:58.835+0000][1][safepoint    ] Entering safepoint region: RevokeBias
[2022-06-13T03:32:58.835+0000][1][safepoint    ] Leaving safepoint region
[2022-06-13T03:32:58.835+0000][1][safepoint    ] Total time for which application threads were stopped: 0.0003077 seconds, Stopping threads took: 0.0001321 seconds
[2022-06-13T03:32:58.835+0000][1][safepoint    ] Application time: 0.0000796 seconds
[2022-06-13T03:32:58.836+0000][1][safepoint    ] Entering safepoint region: RevokeBias
[2022-06-13T03:32:58.836+0000][1][safepoint    ] Leaving safepoint region
[2022-06-13T03:32:58.837+0000][1][safepoint    ] Total time for which application threads were stopped: 0.0009753 seconds, Stopping threads took: 0.0007742 seconds
[2022-06-13T03:32:58.837+0000][1][safepoint    ] Application time: 0.0000723 seconds
[2022-06-13T03:32:58.837+0000][1][safepoint    ] Entering safepoint region: RevokeBias
[2022-06-13T03:32:58.837+0000][1][safepoint    ] Leaving safepoint region
[2022-06-13T03:32:58.837+0000][1][safepoint    ] Total time for which application threads were stopped: 0.0002866 seconds, Stopping threads took: 0.0001437 seconds
[2022-06-13T03:32:58.837+0000][1][safepoint    ] Application time: 0.0000744 seconds
[2022-06-13T03:32:58.838+0000][1][safepoint    ] Entering safepoint region: RevokeBias
[2022-06-13T03:32:58.838+0000][1][safepoint    ] Leaving safepoint region
[2022-06-13T03:32:58.838+0000][1][safepoint    ] Total time for which application threads were stopped: 0.0002306 seconds, Stopping threads took: 0.0001009 seconds
[2022-06-13T03:32:58.838+0000][1][safepoint    ] Application time: 0.0000787 seconds
[2022-06-13T03:32:58.838+0000][1][safepoint    ] Entering safepoint region: RevokeBias
[2022-06-13T03:32:58.838+0000][1][safepoint    ] Leaving safepoint region
[2022-06-13T03:32:58.838+0000][1][safepoint    ] Total time for which application threads were stopped: 0.0002079 seconds, Stopping threads took: 0.0000910 seconds
[2022-06-13T03:32:58.838+0000][1][safepoint    ] Application time: 0.0000621 seconds
[2022-06-13T03:32:58.839+0000][1][safepoint    ] Entering safepoint region: RevokeBias
[2022-06-13T03:32:58.839+0000][1][safepoint    ] Leaving safepoint region
[2022-06-13T03:32:58.839+0000][1][safepoint    ] Total time for which application threads were stopped: 0.0002046 seconds, Stopping threads took: 0.0000908 seconds
[2022-06-13T03:32:58.839+0000][1][safepoint    ] Application time: 0.0000673 seconds
[2022-06-13T03:32:58.839+0000][1][safepoint    ] Entering safepoint region: RevokeBias
[2022-06-13T03:32:58.839+0000][1][safepoint    ] Leaving safepoint region
[2022-06-13T03:32:58.839+0000][1][safepoint    ] Total time for which application threads were stopped: 0.0002884 seconds, Stopping threads took: 0.0001398 seconds
[2022-06-13T03:32:58.839+0000][1][safepoint    ] Application time: 0.0000888 seconds
[2022-06-13T03:32:58.840+0000][1][safepoint    ] Entering safepoint region: RevokeBias
[2022-06-13T03:32:58.840+0000][1][safepoint    ] Leaving safepoint region
[2022-06-13T03:32:58.840+0000][1][safepoint    ] Total time for which application threads were stopped: 0.0002989 seconds, Stopping threads took: 0.0001745 seconds
[2022-06-13T03:32:59.020+0000][1][safepoint    ] Application time: 0.1799344 seconds
[2022-06-13T03:32:59.020+0000][1][safepoint    ] Entering safepoint region: Deoptimize
[2022-06-13T03:32:59.021+0000][1][safepoint    ] Leaving safepoint region
[2022-06-13T03:32:59.021+0000][1][safepoint    ] Total time for which application threads were stopped: 0.0007944 seconds, Stopping threads took: 0.0001558 seconds
[2022-06-13T03:32:59.130+0000][1][safepoint    ] Application time: 0.1087125 seconds
[2022-06-13T03:32:59.131+0000][1][safepoint    ] Entering safepoint region: RevokeBias
[2022-06-13T03:32:59.131+0000][1][safepoint    ] Leaving safepoint region
[2022-06-13T03:32:59.131+0000][1][safepoint    ] Total time for which application threads were stopped: 0.0007456 seconds, Stopping threads took: 0.0002303 seconds
[2022-06-13T03:32:59.202+0000][1][safepoint    ] Application time: 0.0703114 seconds
[2022-06-13T03:32:59.202+0000][1][safepoint    ] Entering safepoint region: RevokeBias
[2022-06-13T03:32:59.202+0000][1][safepoint    ] Leaving safepoint region
[2022-06-13T03:32:59.203+0000][1][safepoint    ] Total time for which application threads were stopped: 0.0003944 seconds, Stopping threads took: 0.0001849 seconds
[2022-06-13T03:32:59.206+0000][1][safepoint    ] Application time: 0.0034079 seconds
[2022-06-13T03:32:59.206+0000][1][safepoint    ] Entering safepoint region: RevokeBias
[2022-06-13T03:32:59.207+0000][1][safepoint    ] Leaving safepoint region
[2022-06-13T03:32:59.207+0000][1][safepoint    ] Total time for which application threads were stopped: 0.0003791 seconds, Stopping threads took: 0.0001672 seconds
[2022-06-13T03:32:59.223+0000][1][safepoint    ] Application time: 0.0165038 seconds
[2022-06-13T03:32:59.224+0000][1][safepoint    ] Entering safepoint region: GenCollectForAllocation
[2022-06-13T03:32:59.224+0000][1][gc,start     ] GC(1) Pause Young (Allocation Failure)
[2022-06-13T03:32:59.224+0000][1][gc,task      ] GC(1) Using 5 workers of 13 for evacuation
[2022-06-13T03:32:59.237+0000][1][gc,age       ] GC(1) Desired survivor size 4456448 bytes, new threshold 6 (max threshold 6)
[2022-06-13T03:32:59.237+0000][1][gc,age       ] GC(1) Age table with threshold 6 (max threshold 6)
[2022-06-13T03:32:59.237+0000][1][gc,age       ] GC(1) - age   1:    1995752 bytes,    1995752 total
[2022-06-13T03:32:59.237+0000][1][gc,heap      ] GC(1) ParNew: 78016K->6472K(78656K)
[2022-06-13T03:32:59.237+0000][1][gc,heap      ] GC(1) CMS: 0K->6689K(174784K)
[2022-06-13T03:32:59.237+0000][1][gc,metaspace ] GC(1) Metaspace: 14912K->14912K(1062912K)
[2022-06-13T03:32:59.237+0000][1][gc           ] GC(1) Pause Young (Allocation Failure) 76M->12M(247M) 13.598ms
[2022-06-13T03:32:59.238+0000][1][gc,cpu       ] GC(1) User=0.06s Sys=0.00s Real=0.01s
[2022-06-13T03:32:59.238+0000][1][safepoint    ] Leaving safepoint region
[2022-06-13T03:32:59.238+0000][1][safepoint    ] Total time for which application threads were stopped: 0.0141589 seconds, Stopping threads took: 0.0001903 seconds
[2022-06-13T03:32:59.238+0000][1][safepoint    ] Application time: 0.0002517 seconds
[2022-06-13T03:32:59.238+0000][1][safepoint    ] Entering safepoint region: BulkRevokeBias
[2022-06-13T03:32:59.239+0000][1][safepoint    ] Leaving safepoint region
[2022-06-13T03:32:59.239+0000][1][safepoint    ] Total time for which application threads were stopped: 0.0005018 seconds, Stopping threads took: 0.0002116 seconds
[2022-06-13T03:32:59.239+0000][1][safepoint    ] Application time: 0.0000804 seconds
[2022-06-13T03:32:59.239+0000][1][safepoint    ] Entering safepoint region: RevokeBias
[2022-06-13T03:32:59.239+0000][1][safepoint    ] Leaving safepoint region
[2022-06-13T03:32:59.240+0000][1][safepoint    ] Total time for which application threads were stopped: 0.0003515 seconds, Stopping threads took: 0.0001438 seconds
[2022-06-13T03:32:59.240+0000][1][safepoint    ] Application time: 0.0000900 seconds
[2022-06-13T03:32:59.240+0000][1][safepoint    ] Entering safepoint region: RevokeBias
[2022-06-13T03:32:59.240+0000][1][safepoint    ] Leaving safepoint region
[2022-06-13T03:32:59.240+0000][1][safepoint    ] Total time for which application threads were stopped: 0.0003217 seconds, Stopping threads took: 0.0001229 seconds
[2022-06-13T03:32:59.240+0000][1][safepoint    ] Application time: 0.0000765 seconds
[2022-06-13T03:32:59.241+0000][1][safepoint    ] Entering safepoint region: RevokeBias
[2022-06-13T03:32:59.241+0000][1][safepoint    ] Leaving safepoint region
[2022-06-13T03:32:59.241+0000][1][safepoint    ] Total time for which application threads were stopped: 0.0003115 seconds, Stopping threads took: 0.0001320 seconds
[2022-06-13T03:32:59.241+0000][1][safepoint    ] Application time: 0.0001085 seconds
[2022-06-13T03:32:59.241+0000][1][safepoint    ] Entering safepoint region: RevokeBias
[2022-06-13T03:32:59.242+0000][1][safepoint    ] Leaving safepoint region
[2022-06-13T03:32:59.242+0000][1][safepoint    ] Total time for which application threads were stopped: 0.0003815 seconds, Stopping threads took: 0.0001639 seconds
[2022-06-13T03:32:59.242+0000][1][safepoint    ] Application time: 0.0000853 seconds
[2022-06-13T03:32:59.242+0000][1][safepoint    ] Entering safepoint region: RevokeBias
[2022-06-13T03:32:59.242+0000][1][safepoint    ] Leaving safepoint region
[2022-06-13T03:32:59.243+0000][1][safepoint    ] Total time for which application threads were stopped: 0.0004199 seconds, Stopping threads took: 0.0002307 seconds
[2022-06-13T03:32:59.243+0000][1][safepoint    ] Application time: 0.0001321 seconds
[2022-06-13T03:32:59.243+0000][1][safepoint    ] Entering safepoint region: RevokeBias
[2022-06-13T03:32:59.243+0000][1][safepoint    ] Leaving safepoint region
[2022-06-13T03:32:59.243+0000][1][safepoint    ] Total time for which application threads were stopped: 0.0003409 seconds, Stopping threads took: 0.0001627 seconds
[2022-06-13T03:32:59.244+0000][1][safepoint    ] Application time: 0.0000830 seconds
[2022-06-13T03:32:59.244+0000][1][safepoint    ] Entering safepoint region: RevokeBias
[2022-06-13T03:32:59.244+0000][1][safepoint    ] Leaving safepoint region
[2022-06-13T03:32:59.244+0000][1][safepoint    ] Total time for which application threads were stopped: 0.0003211 seconds, Stopping threads took: 0.0001791 seconds
[2022-06-13T03:32:59.244+0000][1][safepoint    ] Application time: 0.0001038 seconds
[2022-06-13T03:32:59.244+0000][1][safepoint    ] Entering safepoint region: RevokeBias
[2022-06-13T03:32:59.245+0000][1][safepoint    ] Leaving safepoint region
[2022-06-13T03:32:59.245+0000][1][safepoint    ] Total time for which application threads were stopped: 0.0003305 seconds, Stopping threads took: 0.0001834 seconds
[2022-06-13T03:32:59.245+0000][1][safepoint    ] Application time: 0.0000916 seconds
[2022-06-13T03:32:59.245+0000][1][safepoint    ] Entering safepoint region: RevokeBias
[2022-06-13T03:32:59.245+0000][1][safepoint    ] Leaving safepoint region
[2022-06-13T03:32:59.245+0000][1][safepoint    ] Total time for which application threads were stopped: 0.0002316 seconds, Stopping threads took: 0.0001132 seconds
[2022-06-13T03:32:59.245+0000][1][safepoint    ] Application time: 0.0000854 seconds
[2022-06-13T03:32:59.246+0000][1][safepoint    ] Entering safepoint region: BulkRevokeBias
[2022-06-13T03:32:59.246+0000][1][safepoint    ] Leaving safepoint region
[2022-06-13T03:32:59.246+0000][1][safepoint    ] Total time for which application threads were stopped: 0.0002864 seconds, Stopping threads took: 0.0001372 seconds
[2022-06-13T03:32:59.246+0000][1][safepoint    ] Application time: 0.0000778 seconds
[2022-06-13T03:32:59.246+0000][1][safepoint    ] Entering safepoint region: RevokeBias
[2022-06-13T03:32:59.246+0000][1][safepoint    ] Leaving safepoint region
[2022-06-13T03:32:59.246+0000][1][safepoint    ] Total time for which application threads were stopped: 0.0002902 seconds, Stopping threads took: 0.0001514 seconds
[2022-06-13T03:32:59.247+0000][1][safepoint    ] Application time: 0.0001564 seconds
[2022-06-13T03:32:59.247+0000][1][safepoint    ] Entering safepoint region: BulkRevokeBias
[2022-06-13T03:32:59.247+0000][1][safepoint    ] Leaving safepoint region
[2022-06-13T03:32:59.247+0000][1][safepoint    ] Total time for which application threads were stopped: 0.0003121 seconds, Stopping threads took: 0.0001738 seconds
[2022-06-13T03:32:59.351+0000][1][safepoint    ] Application time: 0.1035116 seconds
[2022-06-13T03:32:59.359+0000][1][safepoint    ] Entering safepoint region: GenCollectForAllocation
[2022-06-13T03:32:59.360+0000][1][gc,start     ] GC(2) Pause Young (Allocation Failure)
[2022-06-13T03:32:59.361+0000][1][gc,task      ] GC(2) Using 5 workers of 13 for evacuation
[2022-06-13T03:32:59.368+0000][1][gc,age       ] GC(2) Desired survivor size 4456448 bytes, new threshold 6 (max threshold 6)
[2022-06-13T03:32:59.368+0000][1][gc,age       ] GC(2) Age table with threshold 6 (max threshold 6)
[2022-06-13T03:32:59.368+0000][1][gc,age       ] GC(2) - age   1:    2659848 bytes,    2659848 total
[2022-06-13T03:32:59.368+0000][1][gc,age       ] GC(2) - age   2:    1181920 bytes,    3841768 total
[2022-06-13T03:32:59.369+0000][1][gc,heap      ] GC(2) ParNew: 76424K->4038K(78656K)
[2022-06-13T03:32:59.369+0000][1][gc,heap      ] GC(2) CMS: 6689K->6689K(174784K)
[2022-06-13T03:32:59.369+0000][1][gc,metaspace ] GC(2) Metaspace: 15055K->15055K(1062912K)
[2022-06-13T03:32:59.369+0000][1][gc           ] GC(2) Pause Young (Allocation Failure) 81M->10M(247M) 8.582ms
[2022-06-13T03:32:59.369+0000][1][gc,cpu       ] GC(2) User=0.02s Sys=0.00s Real=0.01s
[2022-06-13T03:32:59.370+0000][1][safepoint    ] Leaving safepoint region
[2022-06-13T03:32:59.370+0000][1][safepoint    ] Total time for which application threads were stopped: 0.0106790 seconds, Stopping threads took: 0.0011827 seconds
[2022-06-13T03:32:59.371+0000][1][safepoint    ] Application time: 0.0006571 seconds
[2022-06-13T03:32:59.371+0000][1][safepoint    ] Entering safepoint region: RevokeBias
[2022-06-13T03:32:59.371+0000][1][safepoint    ] Leaving safepoint region
[2022-06-13T03:32:59.371+0000][1][safepoint    ] Total time for which application threads were stopped: 0.0004865 seconds, Stopping threads took: 0.0001580 seconds
[2022-06-13T03:32:59.371+0000][1][safepoint    ] Application time: 0.0000229 seconds
[2022-06-13T03:32:59.372+0000][1][safepoint    ] Entering safepoint region: RevokeBias
[2022-06-13T03:32:59.372+0000][1][safepoint    ] Leaving safepoint region
[2022-06-13T03:32:59.372+0000][1][safepoint    ] Total time for which application threads were stopped: 0.0003546 seconds, Stopping threads took: 0.0001367 seconds
[2022-06-13T03:32:59.372+0000][1][safepoint    ] Application time: 0.0000790 seconds
[2022-06-13T03:32:59.372+0000][1][safepoint    ] Entering safepoint region: RevokeBias
[2022-06-13T03:32:59.372+0000][1][safepoint    ] Leaving safepoint region
[2022-06-13T03:32:59.373+0000][1][safepoint    ] Total time for which application threads were stopped: 0.0002850 seconds, Stopping threads took: 0.0001256 seconds
[2022-06-13T03:32:59.373+0000][1][safepoint    ] Application time: 0.0000874 seconds
[2022-06-13T03:32:59.373+0000][1][safepoint    ] Entering safepoint region: RevokeBias
[2022-06-13T03:32:59.373+0000][1][safepoint    ] Leaving safepoint region
[2022-06-13T03:32:59.373+0000][1][safepoint    ] Total time for which application threads were stopped: 0.0002805 seconds, Stopping threads took: 0.0001345 seconds
[2022-06-13T03:32:59.373+0000][1][safepoint    ] Application time: 0.0000894 seconds
[2022-06-13T03:32:59.373+0000][1][safepoint    ] Entering safepoint region: RevokeBias
[2022-06-13T03:32:59.374+0000][1][safepoint    ] Leaving safepoint region
[2022-06-13T03:32:59.374+0000][1][safepoint    ] Total time for which application threads were stopped: 0.0003127 seconds, Stopping threads took: 0.0001421 seconds
[2022-06-13T03:32:59.374+0000][1][safepoint    ] Application time: 0.0001213 seconds
[2022-06-13T03:32:59.374+0000][1][safepoint    ] Entering safepoint region: RevokeBias
[2022-06-13T03:32:59.374+0000][1][safepoint    ] Leaving safepoint region
[2022-06-13T03:32:59.375+0000][1][safepoint    ] Total time for which application threads were stopped: 0.0004527 seconds, Stopping threads took: 0.0001806 seconds
[2022-06-13T03:32:59.493+0000][1][safepoint    ] Application time: 0.1183951 seconds
[2022-06-13T03:32:59.494+0000][1][safepoint    ] Entering safepoint region: Deoptimize
[2022-06-13T03:32:59.494+0000][1][safepoint    ] Leaving safepoint region
[2022-06-13T03:32:59.494+0000][1][safepoint    ] Total time for which application threads were stopped: 0.0007250 seconds, Stopping threads took: 0.0001181 seconds
[2022-06-13T03:32:59.495+0000][1][safepoint    ] Application time: 0.0006008 seconds
[2022-06-13T03:32:59.495+0000][1][safepoint    ] Entering safepoint region: Deoptimize
[2022-06-13T03:32:59.496+0000][1][safepoint    ] Leaving safepoint region
[2022-06-13T03:32:59.496+0000][1][safepoint    ] Total time for which application threads were stopped: 0.0007383 seconds, Stopping threads took: 0.0001765 seconds
[2022-06-13T03:32:59.702+0000][1][safepoint    ] Application time: 0.2062307 seconds
[2022-06-13T03:32:59.704+0000][1][safepoint    ] Entering safepoint region: GenCollectForAllocation
[2022-06-13T03:32:59.704+0000][1][gc,start     ] GC(3) Pause Young (Allocation Failure)
[2022-06-13T03:32:59.704+0000][1][gc,task      ] GC(3) Using 5 workers of 13 for evacuation
[2022-06-13T03:32:59.717+0000][1][gc,age       ] GC(3) Desired survivor size 4456448 bytes, new threshold 3 (max threshold 6)
[2022-06-13T03:32:59.719+0000][1][gc,age       ] GC(3) Age table with threshold 3 (max threshold 6)
[2022-06-13T03:32:59.721+0000][1][gc,age       ] GC(3) - age   1:    3363112 bytes,    3363112 total
[2022-06-13T03:32:59.722+0000][1][gc,age       ] GC(3) - age   2:     319400 bytes,    3682512 total
[2022-06-13T03:32:59.723+0000][1][gc,age       ] GC(3) - age   3:    1178800 bytes,    4861312 total
[2022-06-13T03:32:59.723+0000][1][gc,heap      ] GC(3) ParNew: 73990K->5897K(78656K)
[2022-06-13T03:32:59.723+0000][1][gc,heap      ] GC(3) CMS: 6689K->6689K(174784K)
[2022-06-13T03:32:59.723+0000][1][gc,metaspace ] GC(3) Metaspace: 18573K->18573K(1067008K)
[2022-06-13T03:32:59.723+0000][1][gc           ] GC(3) Pause Young (Allocation Failure) 78M->12M(247M) 19.127ms
[2022-06-13T03:32:59.723+0000][1][gc,cpu       ] GC(3) User=0.05s Sys=0.00s Real=0.02s
[2022-06-13T03:32:59.723+0000][1][safepoint    ] Leaving safepoint region
[2022-06-13T03:32:59.725+0000][1][safepoint    ] Total time for which application threads were stopped: 0.0213750 seconds, Stopping threads took: 0.0002741 seconds
[2022-06-13T03:32:59.725+0000][1][safepoint    ] Application time: 0.0002433 seconds
[2022-06-13T03:32:59.726+0000][1][safepoint    ] Entering safepoint region: BulkRevokeBias
[2022-06-13T03:32:59.726+0000][1][safepoint    ] Leaving safepoint region
[2022-06-13T03:32:59.726+0000][1][safepoint    ] Total time for which application threads were stopped: 0.0004539 seconds, Stopping threads took: 0.0001439 seconds
[2022-06-13T03:32:59.729+0000][1][safepoint    ] Application time: 0.0023249 seconds
[2022-06-13T03:32:59.730+0000][1][safepoint    ] Entering safepoint region: RevokeBias
[2022-06-13T03:32:59.730+0000][1][safepoint    ] Leaving safepoint region
[2022-06-13T03:32:59.730+0000][1][safepoint    ] Total time for which application threads were stopped: 0.0004898 seconds, Stopping threads took: 0.0002486 seconds
[2022-06-13T03:32:59.731+0000][1][safepoint    ] Application time: 0.0009746 seconds
[2022-06-13T03:32:59.732+0000][1][safepoint    ] Entering safepoint region: RevokeBias
[2022-06-13T03:32:59.732+0000][1][safepoint    ] Leaving safepoint region
[2022-06-13T03:32:59.733+0000][1][safepoint    ] Total time for which application threads were stopped: 0.0004556 seconds, Stopping threads took: 0.0001986 seconds
[2022-06-13T03:32:59.739+0000][1][safepoint    ] Application time: 0.0063606 seconds
[2022-06-13T03:32:59.751+0000][1][safepoint    ] Entering safepoint region: RevokeBias
[2022-06-13T03:32:59.752+0000][1][safepoint    ] Leaving safepoint region
[2022-06-13T03:32:59.752+0000][1][safepoint    ] Total time for which application threads were stopped: 0.0033699 seconds, Stopping threads took: 0.0030165 seconds
[2022-06-13T03:32:59.754+0000][1][safepoint    ] Application time: 0.0016845 seconds
[2022-06-13T03:32:59.755+0000][1][safepoint    ] Entering safepoint region: RevokeBias
[2022-06-13T03:32:59.757+0000][1][safepoint    ] Leaving safepoint region
[2022-06-13T03:32:59.757+0000][1][safepoint    ] Total time for which application threads were stopped: 0.0024923 seconds, Stopping threads took: 0.0019938 seconds
[2022-06-13T03:32:59.758+0000][1][safepoint    ] Application time: 0.0000858 seconds
[2022-06-13T03:32:59.759+0000][1][safepoint    ] Entering safepoint region: RevokeBias
[2022-06-13T03:32:59.759+0000][1][safepoint    ] Leaving safepoint region
[2022-06-13T03:32:59.759+0000][1][safepoint    ] Total time for which application threads were stopped: 0.0004403 seconds, Stopping threads took: 0.0001738 seconds
[2022-06-13T03:32:59.760+0000][1][safepoint    ] Application time: 0.0000354 seconds
[2022-06-13T03:32:59.760+0000][1][safepoint    ] Entering safepoint region: RevokeBias
[2022-06-13T03:32:59.761+0000][1][safepoint    ] Leaving safepoint region
[2022-06-13T03:32:59.762+0000][1][safepoint    ] Total time for which application threads were stopped: 0.0016171 seconds, Stopping threads took: 0.0009615 seconds
[2022-06-13T03:32:59.762+0000][1][safepoint    ] Application time: 0.0000799 seconds
[2022-06-13T03:32:59.762+0000][1][safepoint    ] Entering safepoint region: RevokeBias
[2022-06-13T03:32:59.762+0000][1][safepoint    ] Leaving safepoint region
[2022-06-13T03:32:59.762+0000][1][safepoint    ] Total time for which application threads were stopped: 0.0004013 seconds, Stopping threads took: 0.0001477 seconds
[2022-06-13T03:32:59.763+0000][1][safepoint    ] Application time: 0.0000580 seconds
[2022-06-13T03:32:59.763+0000][1][safepoint    ] Entering safepoint region: RevokeBias
[2022-06-13T03:32:59.763+0000][1][safepoint    ] Leaving safepoint region
[2022-06-13T03:32:59.763+0000][1][safepoint    ] Total time for which application threads were stopped: 0.0004848 seconds, Stopping threads took: 0.0002198 seconds
[2022-06-13T03:32:59.763+0000][1][safepoint    ] Application time: 0.0000845 seconds
[2022-06-13T03:32:59.764+0000][1][safepoint    ] Entering safepoint region: RevokeBias
[2022-06-13T03:32:59.764+0000][1][safepoint    ] Leaving safepoint region
[2022-06-13T03:32:59.764+0000][1][safepoint    ] Total time for which application threads were stopped: 0.0004161 seconds, Stopping threads took: 0.0001609 seconds
[2022-06-13T03:32:59.764+0000][1][safepoint    ] Application time: 0.0000507 seconds
[2022-06-13T03:32:59.764+0000][1][safepoint    ] Entering safepoint region: RevokeBias
[2022-06-13T03:32:59.765+0000][1][safepoint    ] Leaving safepoint region
[2022-06-13T03:32:59.765+0000][1][safepoint    ] Total time for which application threads were stopped: 0.0004114 seconds, Stopping threads took: 0.0001912 seconds
[2022-06-13T03:32:59.765+0000][1][safepoint    ] Application time: 0.0000597 seconds
[2022-06-13T03:32:59.765+0000][1][safepoint    ] Entering safepoint region: RevokeBias
[2022-06-13T03:32:59.765+0000][1][safepoint    ] Leaving safepoint region
[2022-06-13T03:32:59.766+0000][1][safepoint    ] Total time for which application threads were stopped: 0.0003585 seconds, Stopping threads took: 0.0001451 seconds
[2022-06-13T03:32:59.766+0000][1][safepoint    ] Application time: 0.0000486 seconds
[2022-06-13T03:32:59.766+0000][1][safepoint    ] Entering safepoint region: RevokeBias
[2022-06-13T03:32:59.766+0000][1][safepoint    ] Leaving safepoint region
[2022-06-13T03:32:59.766+0000][1][safepoint    ] Total time for which application threads were stopped: 0.0003991 seconds, Stopping threads took: 0.0001849 seconds
[2022-06-13T03:32:59.766+0000][1][safepoint    ] Application time: 0.0000517 seconds
[2022-06-13T03:32:59.767+0000][1][safepoint    ] Entering safepoint region: RevokeBias
[2022-06-13T03:32:59.767+0000][1][safepoint    ] Leaving safepoint region
[2022-06-13T03:32:59.767+0000][1][safepoint    ] Total time for which application threads were stopped: 0.0003726 seconds, Stopping threads took: 0.0001752 seconds
[2022-06-13T03:32:59.767+0000][1][safepoint    ] Application time: 0.0000420 seconds
[2022-06-13T03:32:59.767+0000][1][safepoint    ] Entering safepoint region: RevokeBias
[2022-06-13T03:32:59.768+0000][1][safepoint    ] Leaving safepoint region
[2022-06-13T03:32:59.768+0000][1][safepoint    ] Total time for which application threads were stopped: 0.0003939 seconds, Stopping threads took: 0.0001811 seconds
[2022-06-13T03:32:59.768+0000][1][safepoint    ] Application time: 0.0000777 seconds
[2022-06-13T03:32:59.768+0000][1][safepoint    ] Entering safepoint region: RevokeBias
[2022-06-13T03:32:59.768+0000][1][safepoint    ] Leaving safepoint region
[2022-06-13T03:32:59.769+0000][1][safepoint    ] Total time for which application threads were stopped: 0.0003862 seconds, Stopping threads took: 0.0001824 seconds
[2022-06-13T03:32:59.769+0000][1][safepoint    ] Application time: 0.0000380 seconds
[2022-06-13T03:32:59.769+0000][1][safepoint    ] Entering safepoint region: RevokeBias
[2022-06-13T03:32:59.772+0000][1][safepoint    ] Leaving safepoint region
[2022-06-13T03:32:59.772+0000][1][safepoint    ] Total time for which application threads were stopped: 0.0032927 seconds, Stopping threads took: 0.0001613 seconds
[2022-06-13T03:32:59.772+0000][1][safepoint    ] Application time: 0.0000642 seconds
[2022-06-13T03:32:59.773+0000][1][safepoint    ] Entering safepoint region: RevokeBias
[2022-06-13T03:32:59.774+0000][1][safepoint    ] Leaving safepoint region
[2022-06-13T03:32:59.775+0000][1][safepoint    ] Total time for which application threads were stopped: 0.0021838 seconds, Stopping threads took: 0.0004620 seconds
[2022-06-13T03:32:59.776+0000][1][safepoint    ] Application time: 0.0001216 seconds
[2022-06-13T03:32:59.776+0000][1][safepoint    ] Entering safepoint region: RevokeBias
[2022-06-13T03:32:59.776+0000][1][safepoint    ] Leaving safepoint region
[2022-06-13T03:32:59.776+0000][1][safepoint    ] Total time for which application threads were stopped: 0.0003768 seconds, Stopping threads took: 0.0001633 seconds
[2022-06-13T03:32:59.777+0000][1][safepoint    ] Application time: 0.0000349 seconds
[2022-06-13T03:32:59.778+0000][1][safepoint    ] Entering safepoint region: RevokeBias
[2022-06-13T03:32:59.778+0000][1][safepoint    ] Leaving safepoint region
[2022-06-13T03:32:59.778+0000][1][safepoint    ] Total time for which application threads were stopped: 0.0004739 seconds, Stopping threads took: 0.0002318 seconds
[2022-06-13T03:32:59.779+0000][1][safepoint    ] Application time: 0.0000694 seconds
[2022-06-13T03:32:59.779+0000][1][safepoint    ] Entering safepoint region: RevokeBias
[2022-06-13T03:32:59.780+0000][1][safepoint    ] Leaving safepoint region
[2022-06-13T03:32:59.780+0000][1][safepoint    ] Total time for which application threads were stopped: 0.0013899 seconds, Stopping threads took: 0.0011379 seconds
[2022-06-13T03:32:59.780+0000][1][safepoint    ] Application time: 0.0000532 seconds
[2022-06-13T03:32:59.783+0000][1][safepoint    ] Entering safepoint region: RevokeBias
[2022-06-13T03:32:59.784+0000][1][safepoint    ] Leaving safepoint region
[2022-06-13T03:32:59.784+0000][1][safepoint    ] Total time for which application threads were stopped: 0.0012761 seconds, Stopping threads took: 0.0009642 seconds
[2022-06-13T03:32:59.889+0000][1][safepoint    ] Application time: 0.1045285 seconds
[2022-06-13T03:32:59.894+0000][1][safepoint    ] Entering safepoint region: GenCollectForAllocation
[2022-06-13T03:32:59.895+0000][1][gc,start     ] GC(4) Pause Young (Allocation Failure)
[2022-06-13T03:32:59.896+0000][1][gc,task      ] GC(4) Using 5 workers of 13 for evacuation
[2022-06-13T03:32:59.903+0000][1][gc,age       ] GC(4) Desired survivor size 4456448 bytes, new threshold 2 (max threshold 6)
[2022-06-13T03:32:59.903+0000][1][gc,age       ] GC(4) Age table with threshold 2 (max threshold 6)
[2022-06-13T03:32:59.903+0000][1][gc,age       ] GC(4) - age   1:    1592408 bytes,    1592408 total
[2022-06-13T03:32:59.903+0000][1][gc,age       ] GC(4) - age   2:    3304656 bytes,    4897064 total
[2022-06-13T03:32:59.904+0000][1][gc,age       ] GC(4) - age   3:     318872 bytes,    5215936 total
[2022-06-13T03:32:59.904+0000][1][gc,heap      ] GC(4) ParNew: 75849K->6998K(78656K)
[2022-06-13T03:32:59.904+0000][1][gc,heap      ] GC(4) CMS: 6689K->7858K(174784K)
[2022-06-13T03:32:59.904+0000][1][gc,metaspace ] GC(4) Metaspace: 18782K->18782K(1067008K)
[2022-06-13T03:32:59.904+0000][1][gc           ] GC(4) Pause Young (Allocation Failure) 80M->14M(247M) 9.745ms
[2022-06-13T03:32:59.904+0000][1][gc,cpu       ] GC(4) User=0.03s Sys=0.00s Real=0.01s
[2022-06-13T03:32:59.905+0000][1][safepoint    ] Leaving safepoint region
[2022-06-13T03:32:59.905+0000][1][safepoint    ] Total time for which application threads were stopped: 0.0107023 seconds, Stopping threads took: 0.0004060 seconds
[2022-06-13T03:32:59.909+0000][1][safepoint    ] Application time: 0.0044158 seconds
[2022-06-13T03:32:59.910+0000][1][safepoint    ] Entering safepoint region: RevokeBias
[2022-06-13T03:32:59.910+0000][1][safepoint    ] Leaving safepoint region
[2022-06-13T03:32:59.910+0000][1][safepoint    ] Total time for which application threads were stopped: 0.0004295 seconds, Stopping threads took: 0.0001986 seconds
[2022-06-13T03:32:59.910+0000][1][safepoint    ] Application time: 0.0000807 seconds
[2022-06-13T03:32:59.910+0000][1][safepoint    ] Entering safepoint region: RevokeBias
[2022-06-13T03:32:59.911+0000][1][safepoint    ] Leaving safepoint region
[2022-06-13T03:32:59.911+0000][1][safepoint    ] Total time for which application threads were stopped: 0.0002814 seconds, Stopping threads took: 0.0001067 seconds
[2022-06-13T03:32:59.911+0000][1][safepoint    ] Application time: 0.0000866 seconds
[2022-06-13T03:32:59.911+0000][1][safepoint    ] Entering safepoint region: RevokeBias
[2022-06-13T03:32:59.911+0000][1][safepoint    ] Leaving safepoint region
[2022-06-13T03:32:59.911+0000][1][safepoint    ] Total time for which application threads were stopped: 0.0003446 seconds, Stopping threads took: 0.0001529 seconds
[2022-06-13T03:32:59.911+0000][1][safepoint    ] Application time: 0.0000873 seconds
[2022-06-13T03:32:59.912+0000][1][safepoint    ] Entering safepoint region: RevokeBias
[2022-06-13T03:32:59.912+0000][1][safepoint    ] Leaving safepoint region
[2022-06-13T03:32:59.912+0000][1][safepoint    ] Total time for which application threads were stopped: 0.0003955 seconds, Stopping threads took: 0.0001771 seconds
[2022-06-13T03:32:59.936+0000][1][safepoint    ] Application time: 0.0236597 seconds
[2022-06-13T03:32:59.936+0000][1][safepoint    ] Entering safepoint region: Deoptimize
[2022-06-13T03:32:59.937+0000][1][safepoint    ] Leaving safepoint region
[2022-06-13T03:32:59.937+0000][1][safepoint    ] Total time for which application threads were stopped: 0.0007020 seconds, Stopping threads took: 0.0001515 seconds
[2022-06-13T03:32:59.969+0000][1][safepoint    ] Application time: 0.0313871 seconds
[2022-06-13T03:32:59.969+0000][1][safepoint    ] Entering safepoint region: Deoptimize
[2022-06-13T03:32:59.969+0000][1][safepoint    ] Leaving safepoint region
[2022-06-13T03:32:59.970+0000][1][safepoint    ] Total time for which application threads were stopped: 0.0008096 seconds, Stopping threads took: 0.0001221 seconds
[2022-06-13T03:33:00.044+0000][1][safepoint    ] Application time: 0.0741310 seconds
[2022-06-13T03:33:00.044+0000][1][safepoint    ] Entering safepoint region: GenCollectForAllocation
[2022-06-13T03:33:00.045+0000][1][gc,start     ] GC(5) Pause Young (Allocation Failure)
[2022-06-13T03:33:00.045+0000][1][gc,task      ] GC(5) Using 5 workers of 13 for evacuation
[2022-06-13T03:33:00.057+0000][1][gc,age       ] GC(5) Desired survivor size 4456448 bytes, new threshold 6 (max threshold 6)
[2022-06-13T03:33:00.057+0000][1][gc,age       ] GC(5) Age table with threshold 6 (max threshold 6)
[2022-06-13T03:33:00.057+0000][1][gc,age       ] GC(5) - age   1:    2464416 bytes,    2464416 total
[2022-06-13T03:33:00.057+0000][1][gc,age       ] GC(5) - age   2:     447096 bytes,    2911512 total
[2022-06-13T03:33:00.057+0000][1][gc,heap      ] GC(5) ParNew: 76950K->5896K(78656K)
[2022-06-13T03:33:00.058+0000][1][gc,heap      ] GC(5) CMS: 7858K->11428K(174784K)
[2022-06-13T03:33:00.058+0000][1][gc,metaspace ] GC(5) Metaspace: 19123K->19123K(1067008K)
[2022-06-13T03:33:00.058+0000][1][gc           ] GC(5) Pause Young (Allocation Failure) 82M->16M(247M) 13.380ms
[2022-06-13T03:33:00.058+0000][1][gc,cpu       ] GC(5) User=0.05s Sys=0.00s Real=0.01s
[2022-06-13T03:33:00.058+0000][1][safepoint    ] Leaving safepoint region
[2022-06-13T03:33:00.058+0000][1][safepoint    ] Total time for which application threads were stopped: 0.0142009 seconds, Stopping threads took: 0.0002390 seconds
[2022-06-13T03:33:00.059+0000][1][safepoint    ] Application time: 0.0005396 seconds
[2022-06-13T03:33:00.059+0000][1][safepoint    ] Entering safepoint region: RevokeBias
[2022-06-13T03:33:00.060+0000][1][safepoint    ] Leaving safepoint region
[2022-06-13T03:33:00.060+0000][1][safepoint    ] Total time for which application threads were stopped: 0.0004178 seconds, Stopping threads took: 0.0001904 seconds
[2022-06-13T03:33:00.061+0000][1][safepoint    ] Application time: 0.0005742 seconds
[2022-06-13T03:33:00.061+0000][1][safepoint    ] Entering safepoint region: RevokeBias
[2022-06-13T03:33:00.061+0000][1][safepoint    ] Leaving safepoint region
[2022-06-13T03:33:00.062+0000][1][safepoint    ] Total time for which application threads were stopped: 0.0003348 seconds, Stopping threads took: 0.0001444 seconds
[2022-06-13T03:33:00.062+0000][1][safepoint    ] Application time: 0.0000764 seconds
[2022-06-13T03:33:00.062+0000][1][safepoint    ] Entering safepoint region: RevokeBias
[2022-06-13T03:33:00.062+0000][1][safepoint    ] Leaving safepoint region
[2022-06-13T03:33:00.062+0000][1][safepoint    ] Total time for which application threads were stopped: 0.0003557 seconds, Stopping threads took: 0.0001589 seconds
[2022-06-13T03:33:00.062+0000][1][safepoint    ] Application time: 0.0000525 seconds
[2022-06-13T03:33:00.063+0000][1][safepoint    ] Entering safepoint region: RevokeBias
[2022-06-13T03:33:00.063+0000][1][safepoint    ] Leaving safepoint region
[2022-06-13T03:33:00.063+0000][1][safepoint    ] Total time for which application threads were stopped: 0.0003279 seconds, Stopping threads took: 0.0001511 seconds
[2022-06-13T03:33:00.063+0000][1][safepoint    ] Application time: 0.0000376 seconds
[2022-06-13T03:33:00.063+0000][1][safepoint    ] Entering safepoint region: RevokeBias
[2022-06-13T03:33:00.063+0000][1][safepoint    ] Leaving safepoint region
[2022-06-13T03:33:00.064+0000][1][safepoint    ] Total time for which application threads were stopped: 0.0006811 seconds, Stopping threads took: 0.0001229 seconds
[2022-06-13T03:33:00.064+0000][1][safepoint    ] Application time: 0.0001022 seconds
[2022-06-13T03:33:00.064+0000][1][safepoint    ] Entering safepoint region: RevokeBias
[2022-06-13T03:33:00.065+0000][1][safepoint    ] Leaving safepoint region
[2022-06-13T03:33:00.065+0000][1][safepoint    ] Total time for which application threads were stopped: 0.0003415 seconds, Stopping threads took: 0.0001557 seconds
[2022-06-13T03:33:00.160+0000][1][safepoint    ] Application time: 0.0947157 seconds
[2022-06-13T03:33:00.160+0000][1][safepoint    ] Entering safepoint region: RevokeBias
[2022-06-13T03:33:00.160+0000][1][safepoint    ] Leaving safepoint region
[2022-06-13T03:33:00.160+0000][1][safepoint    ] Total time for which application threads were stopped: 0.0004210 seconds, Stopping threads took: 0.0001951 seconds
[2022-06-13T03:33:00.161+0000][1][safepoint    ] Application time: 0.0004856 seconds
[2022-06-13T03:33:00.161+0000][1][safepoint    ] Entering safepoint region: BulkRevokeBias
[2022-06-13T03:33:00.161+0000][1][safepoint    ] Leaving safepoint region
[2022-06-13T03:33:00.162+0000][1][safepoint    ] Total time for which application threads were stopped: 0.0005418 seconds, Stopping threads took: 0.0001309 seconds
[2022-06-13T03:33:00.184+0000][1][safepoint    ] Application time: 0.0215192 seconds
[2022-06-13T03:33:00.184+0000][1][safepoint    ] Entering safepoint region: GenCollectForAllocation
[2022-06-13T03:33:00.184+0000][1][gc,start     ] GC(6) Pause Young (Allocation Failure)
[2022-06-13T03:33:00.184+0000][1][gc,task      ] GC(6) Using 5 workers of 13 for evacuation
[2022-06-13T03:33:00.186+0000][1][gc,age       ] GC(6) Desired survivor size 4456448 bytes, new threshold 6 (max threshold 6)
[2022-06-13T03:33:00.186+0000][1][gc,age       ] GC(6) Age table with threshold 6 (max threshold 6)
[2022-06-13T03:33:00.186+0000][1][gc,age       ] GC(6) - age   1:    1413648 bytes,    1413648 total
[2022-06-13T03:33:00.186+0000][1][gc,age       ] GC(6) - age   2:    2195944 bytes,    3609592 total
[2022-06-13T03:33:00.186+0000][1][gc,age       ] GC(6) - age   3:     447096 bytes,    4056688 total
[2022-06-13T03:33:00.187+0000][1][gc,heap      ] GC(6) ParNew: 75848K->4661K(78656K)
[2022-06-13T03:33:00.187+0000][1][gc,heap      ] GC(6) CMS: 11428K->11428K(174784K)
[2022-06-13T03:33:00.187+0000][1][gc,metaspace ] GC(6) Metaspace: 19429K->19429K(1067008K)
[2022-06-13T03:33:00.187+0000][1][gc           ] GC(6) Pause Young (Allocation Failure) 85M->15M(247M) 2.956ms
[2022-06-13T03:33:00.187+0000][1][gc,cpu       ] GC(6) User=0.01s Sys=0.00s Real=0.00s
[2022-06-13T03:33:00.188+0000][1][safepoint    ] Leaving safepoint region
[2022-06-13T03:33:00.188+0000][1][safepoint    ] Total time for which application threads were stopped: 0.0039687 seconds, Stopping threads took: 0.0001761 seconds
[2022-06-13T03:33:00.188+0000][1][safepoint    ] Application time: 0.0001417 seconds
[2022-06-13T03:33:00.199+0000][1][safepoint    ] Entering safepoint region: BulkRevokeBias
[2022-06-13T03:33:00.200+0000][1][safepoint    ] Leaving safepoint region
[2022-06-13T03:33:00.200+0000][1][safepoint    ] Total time for which application threads were stopped: 0.0009060 seconds, Stopping threads took: 0.0005401 seconds
[2022-06-13T03:33:00.292+0000][1][safepoint    ] Application time: 0.0915518 seconds
[2022-06-13T03:33:00.292+0000][1][safepoint    ] Entering safepoint region: CollectForMetadataAllocation
[2022-06-13T03:33:00.292+0000][1][safepoint    ] Leaving safepoint region
[2022-06-13T03:33:00.292+0000][1][safepoint    ] Total time for which application threads were stopped: 0.0004748 seconds, Stopping threads took: 0.0001738 seconds
[2022-06-13T03:33:00.303+0000][1][safepoint    ] Application time: 0.0103124 seconds
[2022-06-13T03:33:00.303+0000][1][safepoint    ] Entering safepoint region: GenCollectForAllocation
[2022-06-13T03:33:00.303+0000][1][gc,start     ] GC(7) Pause Young (Allocation Failure)
[2022-06-13T03:33:00.303+0000][1][gc,task      ] GC(7) Using 5 workers of 13 for evacuation
[2022-06-13T03:33:00.305+0000][1][gc,age       ] GC(7) Desired survivor size 4456448 bytes, new threshold 6 (max threshold 6)
[2022-06-13T03:33:00.305+0000][1][gc,age       ] GC(7) Age table with threshold 6 (max threshold 6)
[2022-06-13T03:33:00.305+0000][1][gc,age       ] GC(7) - age   1:     559096 bytes,     559096 total
[2022-06-13T03:33:00.306+0000][1][gc,age       ] GC(7) - age   2:    1129936 bytes,    1689032 total
[2022-06-13T03:33:00.306+0000][1][gc,age       ] GC(7) - age   3:    2193936 bytes,    3882968 total
[2022-06-13T03:33:00.306+0000][1][gc,age       ] GC(7) - age   4:     447096 bytes,    4330064 total
[2022-06-13T03:33:00.306+0000][1][gc,heap      ] GC(7) ParNew: 74613K->6090K(78656K)
[2022-06-13T03:33:00.306+0000][1][gc,heap      ] GC(7) CMS: 11428K->11428K(174784K)
[2022-06-13T03:33:00.306+0000][1][gc,metaspace ] GC(7) Metaspace: 20116K->20116K(1069056K)
[2022-06-13T03:33:00.306+0000][1][gc           ] GC(7) Pause Young (Allocation Failure) 84M->17M(247M) 3.265ms
[2022-06-13T03:33:00.307+0000][1][gc,cpu       ] GC(7) User=0.01s Sys=0.00s Real=0.00s
[2022-06-13T03:33:00.307+0000][1][safepoint    ] Leaving safepoint region
[2022-06-13T03:33:00.307+0000][1][safepoint    ] Total time for which application threads were stopped: 0.0039919 seconds, Stopping threads took: 0.0001356 seconds
[2022-06-13T03:33:00.307+0000][1][safepoint    ] Application time: 0.0001572 seconds
[2022-06-13T03:33:00.307+0000][1][safepoint    ] Entering safepoint region: CMS_Initial_Mark
[2022-06-13T03:33:00.308+0000][1][gc,start     ] GC(8) Pause Initial Mark
[2022-06-13T03:33:00.308+0000][1][gc           ] GC(8) Pause Initial Mark 18M->18M(247M) 0.649ms
[2022-06-13T03:33:00.308+0000][1][gc,cpu       ] GC(8) User=0.00s Sys=0.00s Real=0.00s
[2022-06-13T03:33:00.309+0000][1][safepoint    ] Leaving safepoint region
[2022-06-13T03:33:00.309+0000][1][safepoint    ] Total time for which application threads were stopped: 0.0012719 seconds, Stopping threads took: 0.0001498 seconds
[2022-06-13T03:33:00.309+0000][1][gc           ] GC(8) Concurrent Mark
[2022-06-13T03:33:00.310+0000][1][gc,task      ] GC(8) Using 4 workers of 4 for marking
[2022-06-13T03:33:00.318+0000][1][safepoint    ] Application time: 0.0090250 seconds
[2022-06-13T03:33:00.318+0000][1][safepoint    ] Entering safepoint region: CollectForMetadataAllocation
[2022-06-13T03:33:00.318+0000][1][safepoint    ] Leaving safepoint region
[2022-06-13T03:33:00.318+0000][1][safepoint    ] Total time for which application threads were stopped: 0.0004102 seconds, Stopping threads took: 0.0001676 seconds
[2022-06-13T03:33:00.319+0000][1][gc           ] GC(8) Concurrent Mark 10.294ms
[2022-06-13T03:33:00.319+0000][1][gc,cpu       ] GC(8) User=0.07s Sys=0.01s Real=0.02s
[2022-06-13T03:33:00.319+0000][1][gc           ] GC(8) Concurrent Preclean
[2022-06-13T03:33:00.320+0000][1][gc           ] GC(8) Concurrent Preclean 0.665ms
[2022-06-13T03:33:00.320+0000][1][gc,cpu       ] GC(8) User=0.00s Sys=0.00s Real=0.00s
[2022-06-13T03:33:00.320+0000][1][safepoint    ] Application time: 0.0017429 seconds
[2022-06-13T03:33:00.321+0000][1][safepoint    ] Entering safepoint region: CMS_Final_Remark
[2022-06-13T03:33:00.321+0000][1][gc,start     ] GC(8) Pause Remark
[2022-06-13T03:33:00.329+0000][1][gc           ] GC(8) Pause Remark 18M->18M(247M) 7.802ms
[2022-06-13T03:33:00.329+0000][1][gc,cpu       ] GC(8) User=0.01s Sys=0.00s Real=0.00s
[2022-06-13T03:33:00.329+0000][1][safepoint    ] Leaving safepoint region
[2022-06-13T03:33:00.329+0000][1][safepoint    ] Total time for which application threads were stopped: 0.0087883 seconds, Stopping threads took: 0.0001256 seconds
[2022-06-13T03:33:00.330+0000][1][gc           ] GC(8) Concurrent Sweep
[2022-06-13T03:33:00.334+0000][1][gc           ] GC(8) Concurrent Sweep 4.352ms
[2022-06-13T03:33:00.334+0000][1][gc,cpu       ] GC(8) User=0.01s Sys=0.00s Real=0.00s
[2022-06-13T03:33:00.334+0000][1][gc           ] GC(8) Concurrent Reset
[2022-06-13T03:33:00.335+0000][1][gc           ] GC(8) Concurrent Reset 0.492ms
[2022-06-13T03:33:00.335+0000][1][gc,cpu       ] GC(8) User=0.01s Sys=0.00s Real=0.00s
[2022-06-13T03:33:00.335+0000][1][gc,heap      ] GC(8) Old: 11428K->11402K(174784K)
[2022-06-13T03:33:00.449+0000][1][safepoint    ] Application time: 0.1197076 seconds
[2022-06-13T03:33:00.450+0000][1][safepoint    ] Entering safepoint region: GenCollectForAllocation
[2022-06-13T03:33:00.450+0000][1][gc,start     ] GC(9) Pause Young (Allocation Failure)
[2022-06-13T03:33:00.451+0000][1][gc,task      ] GC(9) Using 5 workers of 13 for evacuation
[2022-06-13T03:33:00.453+0000][1][gc,age       ] GC(9) Desired survivor size 4456448 bytes, new threshold 4 (max threshold 6)
[2022-06-13T03:33:00.453+0000][1][gc,age       ] GC(9) Age table with threshold 4 (max threshold 6)
[2022-06-13T03:33:00.453+0000][1][gc,age       ] GC(9) - age   1:     861928 bytes,     861928 total
[2022-06-13T03:33:00.453+0000][1][gc,age       ] GC(9) - age   2:     538424 bytes,    1400352 total
[2022-06-13T03:33:00.453+0000][1][gc,age       ] GC(9) - age   3:    1129840 bytes,    2530192 total
[2022-06-13T03:33:00.454+0000][1][gc,age       ] GC(9) - age   4:    2192736 bytes,    4722928 total
[2022-06-13T03:33:00.454+0000][1][gc,age       ] GC(9) - age   5:     447096 bytes,    5170024 total
[2022-06-13T03:33:00.454+0000][1][gc,heap      ] GC(9) ParNew: 76042K->6974K(78656K)
[2022-06-13T03:33:00.454+0000][1][gc,heap      ] GC(9) CMS: 11402K->11402K(174784K)
[2022-06-13T03:33:00.454+0000][1][gc,metaspace ] GC(9) Metaspace: 20492K->20492K(1069056K)
[2022-06-13T03:33:00.454+0000][1][gc           ] GC(9) Pause Young (Allocation Failure) 85M->17M(247M) 3.942ms
[2022-06-13T03:33:00.455+0000][1][gc,cpu       ] GC(9) User=0.01s Sys=0.00s Real=0.00s
[2022-06-13T03:33:00.455+0000][1][safepoint    ] Leaving safepoint region
[2022-06-13T03:33:00.455+0000][1][safepoint    ] Total time for which application threads were stopped: 0.0051867 seconds, Stopping threads took: 0.0002373 seconds
[2022-06-13T03:33:00.521+0000][1][safepoint    ] Application time: 0.0662604 seconds
[2022-06-13T03:33:00.522+0000][1][safepoint    ] Entering safepoint region: GenCollectForAllocation
[2022-06-13T03:33:00.522+0000][1][gc,start     ] GC(10) Pause Young (Allocation Failure)
[2022-06-13T03:33:00.522+0000][1][gc,task      ] GC(10) Using 5 workers of 13 for evacuation
[2022-06-13T03:33:00.525+0000][1][gc,age       ] GC(10) Desired survivor size 4456448 bytes, new threshold 6 (max threshold 6)
[2022-06-13T03:33:00.525+0000][1][gc,age       ] GC(10) Age table with threshold 6 (max threshold 6)
[2022-06-13T03:33:00.526+0000][1][gc,age       ] GC(10) - age   1:     312176 bytes,     312176 total
[2022-06-13T03:33:00.526+0000][1][gc,age       ] GC(10) - age   2:     461640 bytes,     773816 total
[2022-06-13T03:33:00.526+0000][1][gc,age       ] GC(10) - age   3:     538304 bytes,    1312120 total
[2022-06-13T03:33:00.526+0000][1][gc,age       ] GC(10) - age   4:    1129840 bytes,    2441960 total
[2022-06-13T03:33:00.526+0000][1][gc,heap      ] GC(10) ParNew: 76926K->5250K(78656K)
[2022-06-13T03:33:00.526+0000][1][gc,heap      ] GC(10) CMS: 11402K->13998K(174784K)
[2022-06-13T03:33:00.527+0000][1][gc,metaspace ] GC(10) Metaspace: 20595K->20595K(1069056K)
[2022-06-13T03:33:00.527+0000][1][gc           ] GC(10) Pause Young (Allocation Failure) 86M->18M(247M) 4.772ms
[2022-06-13T03:33:00.527+0000][1][gc,cpu       ] GC(10) User=0.02s Sys=0.00s Real=0.00s
[2022-06-13T03:33:00.527+0000][1][safepoint    ] Leaving safepoint region
[2022-06-13T03:33:00.527+0000][1][safepoint    ] Total time for which application threads were stopped: 0.0054424 seconds, Stopping threads took: 0.0002170 seconds
[2022-06-13T03:33:00.609+0000][1][safepoint    ] Application time: 0.0819020 seconds
[2022-06-13T03:33:00.612+0000][1][safepoint    ] Entering safepoint region: GenCollectForAllocation
[2022-06-13T03:33:00.612+0000][1][gc,start     ] GC(11) Pause Young (Allocation Failure)
[2022-06-13T03:33:00.612+0000][1][gc,task      ] GC(11) Using 5 workers of 13 for evacuation
[2022-06-13T03:33:00.625+0000][1][gc,age       ] GC(11) Desired survivor size 4456448 bytes, new threshold 6 (max threshold 6)
[2022-06-13T03:33:00.626+0000][1][gc,age       ] GC(11) Age table with threshold 6 (max threshold 6)
[2022-06-13T03:33:00.626+0000][1][gc,age       ] GC(11) - age   1:    1975240 bytes,    1975240 total
[2022-06-13T03:33:00.627+0000][1][gc,age       ] GC(11) - age   2:      99264 bytes,    2074504 total
[2022-06-13T03:33:00.627+0000][1][gc,age       ] GC(11) - age   3:     461640 bytes,    2536144 total
[2022-06-13T03:33:00.627+0000][1][gc,age       ] GC(11) - age   4:     538152 bytes,    3074296 total
[2022-06-13T03:33:00.627+0000][1][gc,age       ] GC(11) - age   5:    1129552 bytes,    4203848 total
[2022-06-13T03:33:00.627+0000][1][gc,heap      ] GC(11) ParNew: 75202K->4430K(78656K)
[2022-06-13T03:33:00.628+0000][1][gc,heap      ] GC(11) CMS: 13998K->13998K(174784K)
[2022-06-13T03:33:00.628+0000][1][gc,metaspace ] GC(11) Metaspace: 20656K->20656K(1069056K)
[2022-06-13T03:33:00.628+0000][1][gc           ] GC(11) Pause Young (Allocation Failure) 87M->17M(247M) 16.543ms
[2022-06-13T03:33:00.629+0000][1][gc,cpu       ] GC(11) User=0.04s Sys=0.00s Real=0.01s
[2022-06-13T03:33:00.629+0000][1][safepoint    ] Leaving safepoint region
[2022-06-13T03:33:00.629+0000][1][safepoint    ] Total time for which application threads were stopped: 0.0175919 seconds, Stopping threads took: 0.0002575 seconds
[2022-06-13T03:33:00.972+0000][1][safepoint    ] Application time: 0.3425292 seconds
[2022-06-13T03:33:00.972+0000][1][safepoint    ] Entering safepoint region: Deoptimize
[2022-06-13T03:33:00.973+0000][1][safepoint    ] Leaving safepoint region
[2022-06-13T03:33:00.976+0000][1][safepoint    ] Total time for which application threads were stopped: 0.0036663 seconds, Stopping threads took: 0.0002217 seconds
[2022-06-13T03:33:01.074+0000][1][safepoint    ] Application time: 0.0983703 seconds
[2022-06-13T03:33:01.076+0000][1][safepoint    ] Entering safepoint region: Deoptimize
[2022-06-13T03:33:01.077+0000][1][safepoint    ] Leaving safepoint region
[2022-06-13T03:33:01.078+0000][1][safepoint    ] Total time for which application threads were stopped: 0.0026061 seconds, Stopping threads took: 0.0004043 seconds
[2022-06-13T03:33:01.083+0000][1][safepoint    ] Application time: 0.0025295 seconds
[2022-06-13T03:33:01.085+0000][1][safepoint    ] Entering safepoint region: Deoptimize
[2022-06-13T03:33:01.086+0000][1][safepoint    ] Leaving safepoint region
[2022-06-13T03:33:01.086+0000][1][safepoint    ] Total time for which application threads were stopped: 0.0012264 seconds, Stopping threads took: 0.0004282 seconds
[2022-06-13T03:33:01.097+0000][1][safepoint    ] Application time: 0.0108791 seconds
[2022-06-13T03:33:01.097+0000][1][safepoint    ] Entering safepoint region: Deoptimize
[2022-06-13T03:33:01.098+0000][1][safepoint    ] Leaving safepoint region
[2022-06-13T03:33:01.098+0000][1][safepoint    ] Total time for which application threads were stopped: 0.0008723 seconds, Stopping threads took: 0.0002161 seconds
[2022-06-13T03:33:01.108+0000][1][safepoint    ] Application time: 0.0098050 seconds
[2022-06-13T03:33:01.108+0000][1][safepoint    ] Entering safepoint region: Deoptimize
[2022-06-13T03:33:01.110+0000][1][safepoint    ] Leaving safepoint region
[2022-06-13T03:33:01.110+0000][1][safepoint    ] Total time for which application threads were stopped: 0.0017208 seconds, Stopping threads took: 0.0009658 seconds
[2022-06-13T03:33:01.313+0000][1][safepoint    ] Application time: 0.2028183 seconds
[2022-06-13T03:33:01.315+0000][1][safepoint    ] Entering safepoint region: GenCollectForAllocation
[2022-06-13T03:33:01.315+0000][1][gc,start     ] GC(12) Pause Young (Allocation Failure)
[2022-06-13T03:33:01.315+0000][1][gc,task      ] GC(12) Using 5 workers of 13 for evacuation
[2022-06-13T03:33:01.331+0000][1][gc,age       ] GC(12) Desired survivor size 4456448 bytes, new threshold 4 (max threshold 6)
[2022-06-13T03:33:01.331+0000][1][gc,age       ] GC(12) Age table with threshold 4 (max threshold 6)
[2022-06-13T03:33:01.331+0000][1][gc,age       ] GC(12) - age   1:    3895104 bytes,    3895104 total
[2022-06-13T03:33:01.331+0000][1][gc,age       ] GC(12) - age   2:     344576 bytes,    4239680 total
[2022-06-13T03:33:01.332+0000][1][gc,age       ] GC(12) - age   3:      99000 bytes,    4338680 total
[2022-06-13T03:33:01.332+0000][1][gc,age       ] GC(12) - age   4:     461448 bytes,    4800128 total
[2022-06-13T03:33:01.332+0000][1][gc,age       ] GC(12) - age   5:     532984 bytes,    5333112 total
[2022-06-13T03:33:01.332+0000][1][gc,age       ] GC(12) - age   6:    1129240 bytes,    6462352 total
[2022-06-13T03:33:01.332+0000][1][gc,heap      ] GC(12) ParNew: 74382K->6842K(78656K)
[2022-06-13T03:33:01.332+0000][1][gc,heap      ] GC(12) CMS: 13998K->13998K(174784K)
[2022-06-13T03:33:01.332+0000][1][gc,metaspace ] GC(12) Metaspace: 26467K->26467K(1073152K)
[2022-06-13T03:33:01.333+0000][1][gc           ] GC(12) Pause Young (Allocation Failure) 86M->20M(247M) 17.319ms
[2022-06-13T03:33:01.333+0000][1][gc,cpu       ] GC(12) User=0.04s Sys=0.00s Real=0.02s
[2022-06-13T03:33:01.335+0000][1][safepoint    ] Leaving safepoint region
[2022-06-13T03:33:01.335+0000][1][safepoint    ] Total time for which application threads were stopped: 0.0203606 seconds, Stopping threads took: 0.0002640 seconds
[2022-06-13T03:33:01.582+0000][1][safepoint    ] Application time: 0.2450845 seconds
[2022-06-13T03:33:01.583+0000][1][safepoint    ] Entering safepoint region: RevokeBias
[2022-06-13T03:33:01.584+0000][1][safepoint    ] Leaving safepoint region
[2022-06-13T03:33:01.585+0000][1][safepoint    ] Total time for which application threads were stopped: 0.0017242 seconds, Stopping threads took: 0.0002948 seconds
[2022-06-13T03:33:01.929+0000][1][safepoint    ] Application time: 0.3438432 seconds
[2022-06-13T03:33:01.930+0000][1][safepoint    ] Entering safepoint region: GenCollectForAllocation
[2022-06-13T03:33:01.930+0000][1][gc,start     ] GC(13) Pause Young (Allocation Failure)
[2022-06-13T03:33:01.930+0000][1][gc,task      ] GC(13) Using 5 workers of 13 for evacuation
[2022-06-13T03:33:01.974+0000][1][gc,age       ] GC(13) Desired survivor size 4456448 bytes, new threshold 1 (max threshold 6)
[2022-06-13T03:33:01.975+0000][1][gc,age       ] GC(13) Age table with threshold 1 (max threshold 6)
[2022-06-13T03:33:01.976+0000][1][gc,age       ] GC(13) - age   1:    4888632 bytes,    4888632 total
[2022-06-13T03:33:01.976+0000][1][gc,age       ] GC(13) - age   2:    3581216 bytes,    8469848 total
[2022-06-13T03:33:01.977+0000][1][gc,age       ] GC(13) - age   3:     344376 bytes,    8814224 total
[2022-06-13T03:33:01.977+0000][1][gc,age       ] GC(13) - age   4:      98968 bytes,    8913192 total
[2022-06-13T03:33:01.977+0000][1][gc,heap      ] GC(13) ParNew: 76794K->8704K(78656K)
[2022-06-13T03:33:01.977+0000][1][gc,heap      ] GC(13) CMS: 13998K->26375K(174784K)
[2022-06-13T03:33:01.977+0000][1][gc,metaspace ] GC(13) Metaspace: 27093K->27093K(1075200K)
[2022-06-13T03:33:01.978+0000][1][gc           ] GC(13) Pause Young (Allocation Failure) 88M->34M(247M) 47.682ms
[2022-06-13T03:33:01.978+0000][1][gc,cpu       ] GC(13) User=0.22s Sys=0.01s Real=0.04s
[2022-06-13T03:33:01.978+0000][1][safepoint    ] Leaving safepoint region
[2022-06-13T03:33:01.978+0000][1][safepoint    ] Total time for which application threads were stopped: 0.0483706 seconds, Stopping threads took: 0.0001642 seconds
[2022-06-13T03:33:01.989+0000][1][safepoint    ] Application time: 0.0111709 seconds
[2022-06-13T03:33:01.998+0000][1][safepoint    ] Entering safepoint region: Deoptimize
[2022-06-13T03:33:01.999+0000][1][safepoint    ] Leaving safepoint region
[2022-06-13T03:33:01.999+0000][1][safepoint    ] Total time for which application threads were stopped: 0.0091440 seconds, Stopping threads took: 0.0083387 seconds
[2022-06-13T03:33:02.532+0000][1][safepoint    ] Application time: 0.5330790 seconds
[2022-06-13T03:33:02.533+0000][1][safepoint    ] Entering safepoint region: GenCollectForAllocation
[2022-06-13T03:33:02.533+0000][1][gc,start     ] GC(14) Pause Young (Allocation Failure)
[2022-06-13T03:33:02.533+0000][1][gc,task      ] GC(14) Using 5 workers of 13 for evacuation
[2022-06-13T03:33:02.610+0000][1][gc,age       ] GC(14) Desired survivor size 4456448 bytes, new threshold 1 (max threshold 6)
[2022-06-13T03:33:02.619+0000][1][gc,age       ] GC(14) Age table with threshold 1 (max threshold 6)
[2022-06-13T03:33:02.629+0000][1][gc,age       ] GC(14) - age   1:    6578224 bytes,    6578224 total
[2022-06-13T03:33:02.639+0000][1][gc,heap      ] GC(14) ParNew: 78656K->8704K(78656K)
[2022-06-13T03:33:02.649+0000][1][gc,heap      ] GC(14) CMS: 26375K->42430K(174784K)
[2022-06-13T03:33:02.659+0000][1][gc,metaspace ] GC(14) Metaspace: 27226K->27226K(1075200K)
[2022-06-13T03:33:02.668+0000][1][gc           ] GC(14) Pause Young (Allocation Failure) 102M->49M(247M) 135.084ms
[2022-06-13T03:33:02.669+0000][1][gc,cpu       ] GC(14) User=0.25s Sys=0.00s Real=0.13s
[2022-06-13T03:33:02.669+0000][1][safepoint    ] Leaving safepoint region
[2022-06-13T03:33:02.669+0000][1][safepoint    ] Total time for which application threads were stopped: 0.1361529 seconds, Stopping threads took: 0.0001496 seconds
[2022-06-13T03:33:02.979+0000][1][safepoint    ] Application time: 0.3093184 seconds
[2022-06-13T03:33:02.980+0000][1][safepoint    ] Entering safepoint region: RevokeBias
[2022-06-13T03:33:02.980+0000][1][safepoint    ] Leaving safepoint region
[2022-06-13T03:33:02.980+0000][1][safepoint    ] Total time for which application threads were stopped: 0.0009165 seconds, Stopping threads took: 0.0001669 seconds
[2022-06-13T03:33:03.286+0000][1][safepoint    ] Application time: 0.3052471 seconds
[2022-06-13T03:33:03.287+0000][1][safepoint    ] Entering safepoint region: RevokeBias
[2022-06-13T03:33:03.287+0000][1][safepoint    ] Leaving safepoint region
[2022-06-13T03:33:03.287+0000][1][safepoint    ] Total time for which application threads were stopped: 0.0004390 seconds, Stopping threads took: 0.0001689 seconds
[2022-06-13T03:33:03.487+0000][1][safepoint    ] Application time: 0.1993060 seconds
[2022-06-13T03:33:03.489+0000][1][safepoint    ] Entering safepoint region: GenCollectForAllocation
[2022-06-13T03:33:03.490+0000][1][gc,start     ] GC(15) Pause Young (Allocation Failure)
[2022-06-13T03:33:03.490+0000][1][gc,task      ] GC(15) Using 5 workers of 13 for evacuation
[2022-06-13T03:33:03.506+0000][1][gc,age       ] GC(15) Desired survivor size 4456448 bytes, new threshold 1 (max threshold 6)
[2022-06-13T03:33:03.506+0000][1][gc,age       ] GC(15) Age table with threshold 1 (max threshold 6)
[2022-06-13T03:33:03.506+0000][1][gc,age       ] GC(15) - age   1:    7209880 bytes,    7209880 total
[2022-06-13T03:33:03.506+0000][1][gc,heap      ] GC(15) ParNew: 78656K->8704K(78656K)
[2022-06-13T03:33:03.506+0000][1][gc,heap      ] GC(15) CMS: 42430K->49032K(174784K)
[2022-06-13T03:33:03.506+0000][1][gc,metaspace ] GC(15) Metaspace: 32733K->32733K(1079296K)
[2022-06-13T03:33:03.506+0000][1][gc           ] GC(15) Pause Young (Allocation Failure) 118M->56M(247M) 16.451ms
[2022-06-13T03:33:03.507+0000][1][gc,cpu       ] GC(15) User=0.06s Sys=0.00s Real=0.01s
[2022-06-13T03:33:03.507+0000][1][safepoint    ] Leaving safepoint region
[2022-06-13T03:33:03.507+0000][1][safepoint    ] Total time for which application threads were stopped: 0.0173495 seconds, Stopping threads took: 0.0003599 seconds
[2022-06-13T03:33:03.591+0000][1][safepoint    ] Application time: 0.0840482 seconds
[2022-06-13T03:33:03.591+0000][1][safepoint    ] Entering safepoint region: GenCollectForAllocation
[2022-06-13T03:33:03.592+0000][1][gc,start     ] GC(16) Pause Young (Allocation Failure)
[2022-06-13T03:33:03.592+0000][1][gc,task      ] GC(16) Using 5 workers of 13 for evacuation
[2022-06-13T03:33:03.601+0000][1][gc,age       ] GC(16) Desired survivor size 4456448 bytes, new threshold 6 (max threshold 6)
[2022-06-13T03:33:03.601+0000][1][gc,age       ] GC(16) Age table with threshold 6 (max threshold 6)
[2022-06-13T03:33:03.601+0000][1][gc,age       ] GC(16) - age   1:     211968 bytes,     211968 total
[2022-06-13T03:33:03.602+0000][1][gc,heap      ] GC(16) ParNew: 78656K->4184K(78656K)
[2022-06-13T03:33:03.602+0000][1][gc,heap      ] GC(16) CMS: 49032K->56212K(174784K)
[2022-06-13T03:33:03.602+0000][1][gc,metaspace ] GC(16) Metaspace: 33032K->33032K(1079296K)
[2022-06-13T03:33:03.602+0000][1][gc           ] GC(16) Pause Young (Allocation Failure) 124M->58M(247M) 10.430ms
[2022-06-13T03:33:03.602+0000][1][gc,cpu       ] GC(16) User=0.04s Sys=0.00s Real=0.01s
[2022-06-13T03:33:03.602+0000][1][safepoint    ] Leaving safepoint region
[2022-06-13T03:33:03.602+0000][1][safepoint    ] Total time for which application threads were stopped: 0.0110636 seconds, Stopping threads took: 0.0002067 seconds
[2022-06-13T03:33:03.713+0000][1][safepoint    ] Application time: 0.1106829 seconds
[2022-06-13T03:33:03.713+0000][1][safepoint    ] Entering safepoint region: CollectForMetadataAllocation
[2022-06-13T03:33:03.714+0000][1][safepoint    ] Leaving safepoint region
[2022-06-13T03:33:03.714+0000][1][safepoint    ] Total time for which application threads were stopped: 0.0005280 seconds, Stopping threads took: 0.0001721 seconds
[2022-06-13T03:33:03.753+0000][1][safepoint    ] Application time: 0.0395222 seconds
[2022-06-13T03:33:03.754+0000][1][safepoint    ] Entering safepoint region: CollectForMetadataAllocation
[2022-06-13T03:33:03.754+0000][1][safepoint    ] Leaving safepoint region
[2022-06-13T03:33:03.754+0000][1][safepoint    ] Total time for which application threads were stopped: 0.0004426 seconds, Stopping threads took: 0.0001434 seconds
[2022-06-13T03:33:03.780+0000][1][safepoint    ] Application time: 0.0255283 seconds
[2022-06-13T03:33:03.780+0000][1][safepoint    ] Entering safepoint region: CollectForMetadataAllocation
[2022-06-13T03:33:03.781+0000][1][safepoint    ] Leaving safepoint region
[2022-06-13T03:33:03.781+0000][1][safepoint    ] Total time for which application threads were stopped: 0.0004980 seconds, Stopping threads took: 0.0001738 seconds
[2022-06-13T03:33:03.793+0000][1][safepoint    ] Application time: 0.0121079 seconds
[2022-06-13T03:33:03.793+0000][1][safepoint    ] Entering safepoint region: CollectForMetadataAllocation
[2022-06-13T03:33:03.794+0000][1][safepoint    ] Leaving safepoint region
[2022-06-13T03:33:03.794+0000][1][safepoint    ] Total time for which application threads were stopped: 0.0005334 seconds, Stopping threads took: 0.0001783 seconds
[2022-06-13T03:33:03.806+0000][1][safepoint    ] Application time: 0.0117410 seconds
[2022-06-13T03:33:03.806+0000][1][safepoint    ] Entering safepoint region: CollectForMetadataAllocation
[2022-06-13T03:33:03.807+0000][1][safepoint    ] Leaving safepoint region
[2022-06-13T03:33:03.807+0000][1][safepoint    ] Total time for which application threads were stopped: 0.0010995 seconds, Stopping threads took: 0.0001646 seconds
[2022-06-13T03:33:03.824+0000][1][safepoint    ] Application time: 0.0170880 seconds
[2022-06-13T03:33:03.825+0000][1][safepoint    ] Entering safepoint region: CollectForMetadataAllocation
[2022-06-13T03:33:03.825+0000][1][safepoint    ] Leaving safepoint region
[2022-06-13T03:33:03.825+0000][1][safepoint    ] Total time for which application threads were stopped: 0.0004931 seconds, Stopping threads took: 0.0001757 seconds
[2022-06-13T03:33:03.838+0000][1][safepoint    ] Application time: 0.0126454 seconds
[2022-06-13T03:33:03.838+0000][1][safepoint    ] Entering safepoint region: CollectForMetadataAllocation
[2022-06-13T03:33:03.839+0000][1][safepoint    ] Leaving safepoint region
[2022-06-13T03:33:03.839+0000][1][safepoint    ] Total time for which application threads were stopped: 0.0006716 seconds, Stopping threads took: 0.0002607 seconds
[2022-06-13T03:33:03.857+0000][1][safepoint    ] Application time: 0.0183925 seconds
[2022-06-13T03:33:03.858+0000][1][safepoint    ] Entering safepoint region: CollectForMetadataAllocation
[2022-06-13T03:33:03.858+0000][1][safepoint    ] Leaving safepoint region
[2022-06-13T03:33:03.858+0000][1][safepoint    ] Total time for which application threads were stopped: 0.0007612 seconds, Stopping threads took: 0.0001476 seconds
[2022-06-13T03:33:03.877+0000][1][safepoint    ] Application time: 0.0179677 seconds
[2022-06-13T03:33:03.877+0000][1][safepoint    ] Entering safepoint region: CollectForMetadataAllocation
[2022-06-13T03:33:03.877+0000][1][safepoint    ] Leaving safepoint region
[2022-06-13T03:33:03.877+0000][1][safepoint    ] Total time for which application threads were stopped: 0.0005362 seconds, Stopping threads took: 0.0001695 seconds
[2022-06-13T03:33:03.896+0000][1][safepoint    ] Application time: 0.0181087 seconds
[2022-06-13T03:33:03.896+0000][1][safepoint    ] Entering safepoint region: CollectForMetadataAllocation
[2022-06-13T03:33:03.896+0000][1][safepoint    ] Leaving safepoint region
[2022-06-13T03:33:03.896+0000][1][safepoint    ] Total time for which application threads were stopped: 0.0004483 seconds, Stopping threads took: 0.0001343 seconds
[2022-06-13T03:33:03.912+0000][1][safepoint    ] Application time: 0.0158656 seconds
[2022-06-13T03:33:03.913+0000][1][safepoint    ] Entering safepoint region: CollectForMetadataAllocation
[2022-06-13T03:33:03.913+0000][1][safepoint    ] Leaving safepoint region
[2022-06-13T03:33:03.913+0000][1][safepoint    ] Total time for which application threads were stopped: 0.0004706 seconds, Stopping threads took: 0.0001628 seconds
[2022-06-13T03:33:03.913+0000][1][safepoint    ] Application time: 0.0001350 seconds
[2022-06-13T03:33:03.914+0000][1][safepoint    ] Entering safepoint region: CollectForMetadataAllocation
[2022-06-13T03:33:03.914+0000][1][safepoint    ] Leaving safepoint region
[2022-06-13T03:33:03.914+0000][1][safepoint    ] Total time for which application threads were stopped: 0.0003864 seconds, Stopping threads took: 0.0001956 seconds
[2022-06-13T03:33:03.915+0000][1][safepoint    ] Application time: 0.0013253 seconds
[2022-06-13T03:33:03.916+0000][1][safepoint    ] Entering safepoint region: RevokeBias
[2022-06-13T03:33:03.916+0000][1][safepoint    ] Leaving safepoint region
[2022-06-13T03:33:03.916+0000][1][safepoint    ] Total time for which application threads were stopped: 0.0004009 seconds, Stopping threads took: 0.0001673 seconds
[2022-06-13T03:33:03.950+0000][1][safepoint    ] Application time: 0.0333916 seconds
[2022-06-13T03:33:03.950+0000][1][safepoint    ] Entering safepoint region: CollectForMetadataAllocation
[2022-06-13T03:33:03.950+0000][1][safepoint    ] Leaving safepoint region
[2022-06-13T03:33:03.950+0000][1][safepoint    ] Total time for which application threads were stopped: 0.0005284 seconds, Stopping threads took: 0.0001887 seconds
[2022-06-13T03:33:03.983+0000][1][safepoint    ] Application time: 0.0325650 seconds
[2022-06-13T03:33:03.983+0000][1][safepoint    ] Entering safepoint region: CollectForMetadataAllocation
[2022-06-13T03:33:03.984+0000][1][safepoint    ] Leaving safepoint region
[2022-06-13T03:33:03.984+0000][1][safepoint    ] Total time for which application threads were stopped: 0.0009354 seconds, Stopping threads took: 0.0005316 seconds
[2022-06-13T03:33:04.008+0000][1][safepoint    ] Application time: 0.0233991 seconds
[2022-06-13T03:33:04.008+0000][1][safepoint    ] Entering safepoint region: CollectForMetadataAllocation
[2022-06-13T03:33:04.008+0000][1][safepoint    ] Leaving safepoint region
[2022-06-13T03:33:04.008+0000][1][safepoint    ] Total time for which application threads were stopped: 0.0003846 seconds, Stopping threads took: 0.0001338 seconds
[2022-06-13T03:33:04.022+0000][1][safepoint    ] Application time: 0.0137500 seconds
[2022-06-13T03:33:04.023+0000][1][safepoint    ] Entering safepoint region: CollectForMetadataAllocation
[2022-06-13T03:33:04.023+0000][1][safepoint    ] Leaving safepoint region
[2022-06-13T03:33:04.023+0000][1][safepoint    ] Total time for which application threads were stopped: 0.0007398 seconds, Stopping threads took: 0.0003830 seconds
[2022-06-13T03:33:04.038+0000][1][safepoint    ] Application time: 0.0146125 seconds
[2022-06-13T03:33:04.038+0000][1][safepoint    ] Entering safepoint region: CollectForMetadataAllocation
[2022-06-13T03:33:04.039+0000][1][safepoint    ] Leaving safepoint region
[2022-06-13T03:33:04.039+0000][1][safepoint    ] Total time for which application threads were stopped: 0.0006592 seconds, Stopping threads took: 0.0002937 seconds
[2022-06-13T03:33:04.061+0000][1][safepoint    ] Application time: 0.0212679 seconds
[2022-06-13T03:33:04.061+0000][1][safepoint    ] Entering safepoint region: CollectForMetadataAllocation
[2022-06-13T03:33:04.061+0000][1][safepoint    ] Leaving safepoint region
[2022-06-13T03:33:04.061+0000][1][safepoint    ] Total time for which application threads were stopped: 0.0004737 seconds, Stopping threads took: 0.0001952 seconds
[2022-06-13T03:33:04.076+0000][1][safepoint    ] Application time: 0.0145827 seconds
[2022-06-13T03:33:04.076+0000][1][safepoint    ] Entering safepoint region: CollectForMetadataAllocation
[2022-06-13T03:33:04.077+0000][1][safepoint    ] Leaving safepoint region
[2022-06-13T03:33:04.077+0000][1][safepoint    ] Total time for which application threads were stopped: 0.0003978 seconds, Stopping threads took: 0.0001343 seconds
[2022-06-13T03:33:04.089+0000][1][safepoint    ] Application time: 0.0119547 seconds
[2022-06-13T03:33:04.089+0000][1][safepoint    ] Entering safepoint region: CollectForMetadataAllocation
[2022-06-13T03:33:04.090+0000][1][safepoint    ] Leaving safepoint region
[2022-06-13T03:33:04.090+0000][1][safepoint    ] Total time for which application threads were stopped: 0.0008600 seconds, Stopping threads took: 0.0005325 seconds
[2022-06-13T03:33:04.111+0000][1][safepoint    ] Application time: 0.0212077 seconds
[2022-06-13T03:33:04.112+0000][1][safepoint    ] Entering safepoint region: CollectForMetadataAllocation
[2022-06-13T03:33:04.112+0000][1][safepoint    ] Leaving safepoint region
[2022-06-13T03:33:04.112+0000][1][safepoint    ] Total time for which application threads were stopped: 0.0004168 seconds, Stopping threads took: 0.0001635 seconds
[2022-06-13T03:33:04.128+0000][1][safepoint    ] Application time: 0.0157961 seconds
[2022-06-13T03:33:04.128+0000][1][safepoint    ] Entering safepoint region: CollectForMetadataAllocation
[2022-06-13T03:33:04.129+0000][1][safepoint    ] Leaving safepoint region
[2022-06-13T03:33:04.129+0000][1][safepoint    ] Total time for which application threads were stopped: 0.0004959 seconds, Stopping threads took: 0.0001980 seconds
[2022-06-13T03:33:04.144+0000][1][safepoint    ] Application time: 0.0152686 seconds
[2022-06-13T03:33:04.145+0000][1][safepoint    ] Entering safepoint region: CollectForMetadataAllocation
[2022-06-13T03:33:04.145+0000][1][safepoint    ] Leaving safepoint region
[2022-06-13T03:33:04.145+0000][1][safepoint    ] Total time for which application threads were stopped: 0.0004694 seconds, Stopping threads took: 0.0001837 seconds
[2022-06-13T03:33:04.160+0000][1][safepoint    ] Application time: 0.0146297 seconds
[2022-06-13T03:33:04.160+0000][1][safepoint    ] Entering safepoint region: CollectForMetadataAllocation
[2022-06-13T03:33:04.160+0000][1][safepoint    ] Leaving safepoint region
[2022-06-13T03:33:04.160+0000][1][safepoint    ] Total time for which application threads were stopped: 0.0004558 seconds, Stopping threads took: 0.0001646 seconds
[2022-06-13T03:33:04.194+0000][1][safepoint    ] Application time: 0.0335113 seconds
[2022-06-13T03:33:04.194+0000][1][safepoint    ] Entering safepoint region: CollectForMetadataAllocation
[2022-06-13T03:33:04.195+0000][1][safepoint    ] Leaving safepoint region
[2022-06-13T03:33:04.195+0000][1][safepoint    ] Total time for which application threads were stopped: 0.0005374 seconds, Stopping threads took: 0.0002223 seconds
[2022-06-13T03:33:04.218+0000][1][safepoint    ] Application time: 0.0229758 seconds
[2022-06-13T03:33:04.219+0000][1][safepoint    ] Entering safepoint region: CollectForMetadataAllocation
[2022-06-13T03:33:04.219+0000][1][safepoint    ] Leaving safepoint region
[2022-06-13T03:33:04.219+0000][1][safepoint    ] Total time for which application threads were stopped: 0.0004448 seconds, Stopping threads took: 0.0002001 seconds
[2022-06-13T03:33:04.233+0000][1][safepoint    ] Application time: 0.0142950 seconds
[2022-06-13T03:33:04.234+0000][1][safepoint    ] Entering safepoint region: CollectForMetadataAllocation
[2022-06-13T03:33:04.234+0000][1][safepoint    ] Leaving safepoint region
[2022-06-13T03:33:04.234+0000][1][safepoint    ] Total time for which application threads were stopped: 0.0005188 seconds, Stopping threads took: 0.0002111 seconds
[2022-06-13T03:33:04.259+0000][1][safepoint    ] Application time: 0.0246439 seconds
[2022-06-13T03:33:04.259+0000][1][safepoint    ] Entering safepoint region: CollectForMetadataAllocation
[2022-06-13T03:33:04.260+0000][1][safepoint    ] Leaving safepoint region
[2022-06-13T03:33:04.260+0000][1][safepoint    ] Total time for which application threads were stopped: 0.0005217 seconds, Stopping threads took: 0.0002017 seconds
[2022-06-13T03:33:04.289+0000][1][safepoint    ] Application time: 0.0289499 seconds
[2022-06-13T03:33:04.295+0000][1][safepoint    ] Entering safepoint region: RevokeBias
[2022-06-13T03:33:04.296+0000][1][safepoint    ] Leaving safepoint region
[2022-06-13T03:33:04.296+0000][1][safepoint    ] Total time for which application threads were stopped: 0.0007816 seconds, Stopping threads took: 0.0003688 seconds
[2022-06-13T03:33:04.445+0000][1][safepoint    ] Application time: 0.1488548 seconds
[2022-06-13T03:33:04.445+0000][1][safepoint    ] Entering safepoint region: CollectForMetadataAllocation
[2022-06-13T03:33:04.446+0000][1][safepoint    ] Leaving safepoint region
[2022-06-13T03:33:04.446+0000][1][safepoint    ] Total time for which application threads were stopped: 0.0005687 seconds, Stopping threads took: 0.0002555 seconds
[2022-06-13T03:33:04.665+0000][1][safepoint    ] Application time: 0.2192811 seconds
[2022-06-13T03:33:04.666+0000][1][safepoint    ] Entering safepoint region: CollectForMetadataAllocation
[2022-06-13T03:33:04.666+0000][1][safepoint    ] Leaving safepoint region
[2022-06-13T03:33:04.666+0000][1][safepoint    ] Total time for which application threads were stopped: 0.0003991 seconds, Stopping threads took: 0.0001541 seconds
[2022-06-13T03:33:04.681+0000][1][safepoint    ] Application time: 0.0152243 seconds
[2022-06-13T03:33:04.682+0000][1][safepoint    ] Entering safepoint region: GenCollectForAllocation
[2022-06-13T03:33:04.682+0000][1][gc,start     ] GC(17) Pause Young (Allocation Failure)
[2022-06-13T03:33:04.682+0000][1][gc,task      ] GC(17) Using 5 workers of 13 for evacuation
[2022-06-13T03:33:04.685+0000][1][gc,age       ] GC(17) Desired survivor size 4456448 bytes, new threshold 6 (max threshold 6)
[2022-06-13T03:33:04.685+0000][1][gc,age       ] GC(17) Age table with threshold 6 (max threshold 6)
[2022-06-13T03:33:04.686+0000][1][gc,age       ] GC(17) - age   1:    4097384 bytes,    4097384 total
[2022-06-13T03:33:04.686+0000][1][gc,age       ] GC(17) - age   2:     210656 bytes,    4308040 total
[2022-06-13T03:33:04.686+0000][1][gc,heap      ] GC(17) ParNew: 74136K->5346K(78656K)
[2022-06-13T03:33:04.686+0000][1][gc,heap      ] GC(17) CMS: 56212K->56212K(174784K)
[2022-06-13T03:33:04.686+0000][1][gc,metaspace ] GC(17) Metaspace: 42556K->42556K(1089536K)
[2022-06-13T03:33:04.686+0000][1][gc           ] GC(17) Pause Young (Allocation Failure) 127M->60M(247M) 4.220ms
[2022-06-13T03:33:04.686+0000][1][gc,cpu       ] GC(17) User=0.02s Sys=0.00s Real=0.00s
[2022-06-13T03:33:04.686+0000][1][safepoint    ] Leaving safepoint region
[2022-06-13T03:33:04.686+0000][1][safepoint    ] Total time for which application threads were stopped: 0.0046831 seconds, Stopping threads took: 0.0001267 seconds
[2022-06-13T03:33:04.687+0000][1][safepoint    ] Application time: 0.0001609 seconds
[2022-06-13T03:33:04.687+0000][1][safepoint    ] Entering safepoint region: CMS_Initial_Mark
[2022-06-13T03:33:04.687+0000][1][gc,start     ] GC(18) Pause Initial Mark
[2022-06-13T03:33:04.688+0000][1][gc           ] GC(18) Pause Initial Mark 61M->61M(247M) 1.244ms
[2022-06-13T03:33:04.689+0000][1][gc,cpu       ] GC(18) User=0.00s Sys=0.00s Real=0.00s
[2022-06-13T03:33:04.689+0000][1][safepoint    ] Leaving safepoint region
[2022-06-13T03:33:04.689+0000][1][safepoint    ] Total time for which application threads were stopped: 0.0020118 seconds, Stopping threads took: 0.0004088 seconds
[2022-06-13T03:33:04.689+0000][1][gc           ] GC(18) Concurrent Mark
[2022-06-13T03:33:04.689+0000][1][gc,task      ] GC(18) Using 4 workers of 4 for marking
[2022-06-13T03:33:04.697+0000][1][safepoint    ] Application time: 0.0078649 seconds
[2022-06-13T03:33:04.697+0000][1][safepoint    ] Entering safepoint region: CollectForMetadataAllocation
[2022-06-13T03:33:04.697+0000][1][safepoint    ] Leaving safepoint region
[2022-06-13T03:33:04.697+0000][1][safepoint    ] Total time for which application threads were stopped: 0.0003834 seconds, Stopping threads took: 0.0001544 seconds
[2022-06-13T03:33:04.707+0000][1][gc           ] GC(18) Concurrent Mark 18.530ms
[2022-06-13T03:33:04.708+0000][1][gc,cpu       ] GC(18) User=0.09s Sys=0.00s Real=0.02s
[2022-06-13T03:33:04.708+0000][1][gc           ] GC(18) Concurrent Preclean
[2022-06-13T03:33:04.709+0000][1][gc           ] GC(18) Concurrent Preclean 1.526ms
[2022-06-13T03:33:04.710+0000][1][gc,cpu       ] GC(18) User=0.02s Sys=0.00s Real=0.01s
[2022-06-13T03:33:04.710+0000][1][gc           ] GC(18) Concurrent Abortable Preclean
[2022-06-13T03:33:04.780+0000][1][safepoint    ] Application time: 0.0822382 seconds
[2022-06-13T03:33:04.780+0000][1][safepoint    ] Entering safepoint region: CollectForMetadataAllocation
[2022-06-13T03:33:04.780+0000][1][safepoint    ] Leaving safepoint region
[2022-06-13T03:33:04.781+0000][1][safepoint    ] Total time for which application threads were stopped: 0.0006510 seconds, Stopping threads took: 0.0002278 seconds
[2022-06-13T03:33:04.867+0000][1][safepoint    ] Application time: 0.0862411 seconds
[2022-06-13T03:33:04.867+0000][1][safepoint    ] Entering safepoint region: CollectForMetadataAllocation
[2022-06-13T03:33:04.868+0000][1][safepoint    ] Leaving safepoint region
[2022-06-13T03:33:04.868+0000][1][safepoint    ] Total time for which application threads were stopped: 0.0009591 seconds, Stopping threads took: 0.0001675 seconds
[2022-06-13T03:33:04.878+0000][1][safepoint    ] Application time: 0.0093015 seconds
[2022-06-13T03:33:04.878+0000][1][safepoint    ] Entering safepoint region: CollectForMetadataAllocation
[2022-06-13T03:33:04.879+0000][1][safepoint    ] Leaving safepoint region
[2022-06-13T03:33:04.879+0000][1][safepoint    ] Total time for which application threads were stopped: 0.0005397 seconds, Stopping threads took: 0.0002787 seconds
[2022-06-13T03:33:04.908+0000][1][safepoint    ] Application time: 0.0290698 seconds
[2022-06-13T03:33:04.908+0000][1][safepoint    ] Entering safepoint region: CollectForMetadataAllocation
[2022-06-13T03:33:04.908+0000][1][safepoint    ] Leaving safepoint region
[2022-06-13T03:33:04.909+0000][1][safepoint    ] Total time for which application threads were stopped: 0.0004336 seconds, Stopping threads took: 0.0001277 seconds
[2022-06-13T03:33:04.935+0000][1][safepoint    ] Application time: 0.0263841 seconds
[2022-06-13T03:33:04.935+0000][1][safepoint    ] Entering safepoint region: CollectForMetadataAllocation
[2022-06-13T03:33:04.936+0000][1][safepoint    ] Leaving safepoint region
[2022-06-13T03:33:04.936+0000][1][safepoint    ] Total time for which application threads were stopped: 0.0005232 seconds, Stopping threads took: 0.0001637 seconds
[2022-06-13T03:33:04.937+0000][1][gc           ] GC(18) Concurrent Abortable Preclean 227.041ms
[2022-06-13T03:33:04.937+0000][1][gc,cpu       ] GC(18) User=1.12s Sys=0.01s Real=0.22s
[2022-06-13T03:33:04.937+0000][1][safepoint    ] Application time: 0.0011628 seconds
[2022-06-13T03:33:04.937+0000][1][safepoint    ] Entering safepoint region: CMS_Final_Remark
[2022-06-13T03:33:04.938+0000][1][gc,start     ] GC(18) Pause Remark
[2022-06-13T03:33:04.950+0000][1][gc           ] GC(18) Pause Remark 94M->94M(247M) 12.728ms
[2022-06-13T03:33:04.951+0000][1][gc,cpu       ] GC(18) User=0.04s Sys=0.00s Real=0.02s
[2022-06-13T03:33:04.951+0000][1][safepoint    ] Leaving safepoint region
[2022-06-13T03:33:04.951+0000][1][safepoint    ] Total time for which application threads were stopped: 0.0135365 seconds, Stopping threads took: 0.0002009 seconds
[2022-06-13T03:33:04.951+0000][1][gc           ] GC(18) Concurrent Sweep
[2022-06-13T03:33:04.962+0000][1][safepoint    ] Application time: 0.0107693 seconds
[2022-06-13T03:33:04.962+0000][1][safepoint    ] Entering safepoint region: RevokeBias
[2022-06-13T03:33:04.963+0000][1][safepoint    ] Leaving safepoint region
[2022-06-13T03:33:04.963+0000][1][safepoint    ] Total time for which application threads were stopped: 0.0012090 seconds, Stopping threads took: 0.0001637 seconds
[2022-06-13T03:33:04.966+0000][1][safepoint    ] Application time: 0.0022930 seconds
[2022-06-13T03:33:04.966+0000][1][safepoint    ] Entering safepoint region: RevokeBias
[2022-06-13T03:33:04.966+0000][1][safepoint    ] Leaving safepoint region
[2022-06-13T03:33:04.966+0000][1][safepoint    ] Total time for which application threads were stopped: 0.0003840 seconds, Stopping threads took: 0.0001732 seconds
[2022-06-13T03:33:04.976+0000][1][gc           ] GC(18) Concurrent Sweep 24.607ms
[2022-06-13T03:33:04.976+0000][1][gc,cpu       ] GC(18) User=0.08s Sys=0.00s Real=0.02s
[2022-06-13T03:33:04.976+0000][1][gc           ] GC(18) Concurrent Reset
[2022-06-13T03:33:04.977+0000][1][gc           ] GC(18) Concurrent Reset 0.354ms
[2022-06-13T03:33:04.977+0000][1][gc,cpu       ] GC(18) User=0.00s Sys=0.00s Real=0.00s
[2022-06-13T03:33:04.977+0000][1][gc,heap      ] GC(18) Old: 56212K->55996K(174784K)
[2022-06-13T03:33:05.002+0000][1][safepoint    ] Application time: 0.0357456 seconds
[2022-06-13T03:33:05.002+0000][1][safepoint    ] Entering safepoint region: RevokeBias
[2022-06-13T03:33:05.003+0000][1][safepoint    ] Leaving safepoint region
[2022-06-13T03:33:05.003+0000][1][safepoint    ] Total time for which application threads were stopped: 0.0005269 seconds, Stopping threads took: 0.0002555 seconds
[2022-06-13T03:33:05.012+0000][1][safepoint    ] Application time: 0.0084942 seconds
[2022-06-13T03:33:05.012+0000][1][safepoint    ] Entering safepoint region: RevokeBias
[2022-06-13T03:33:05.012+0000][1][safepoint    ] Leaving safepoint region
[2022-06-13T03:33:05.012+0000][1][safepoint    ] Total time for which application threads were stopped: 0.0002399 seconds, Stopping threads took: 0.0000899 seconds
[2022-06-13T03:33:05.015+0000][1][safepoint    ] Application time: 0.0030686 seconds
[2022-06-13T03:33:05.015+0000][1][safepoint    ] Entering safepoint region: RevokeBias
[2022-06-13T03:33:05.015+0000][1][safepoint    ] Leaving safepoint region
[2022-06-13T03:33:05.016+0000][1][safepoint    ] Total time for which application threads were stopped: 0.0002882 seconds, Stopping threads took: 0.0001290 seconds
[2022-06-13T03:33:05.179+0000][1][safepoint    ] Application time: 0.1636545 seconds
[2022-06-13T03:33:05.180+0000][1][safepoint    ] Entering safepoint region: RevokeBias
[2022-06-13T03:33:05.180+0000][1][safepoint    ] Leaving safepoint region
[2022-06-13T03:33:05.181+0000][1][safepoint    ] Total time for which application threads were stopped: 0.0010239 seconds, Stopping threads took: 0.0004302 seconds
[2022-06-13T03:33:05.181+0000][1][safepoint    ] Application time: 0.0000920 seconds
[2022-06-13T03:33:05.181+0000][1][safepoint    ] Entering safepoint region: RevokeBias
[2022-06-13T03:33:05.181+0000][1][safepoint    ] Leaving safepoint region
[2022-06-13T03:33:05.181+0000][1][safepoint    ] Total time for which application threads were stopped: 0.0002133 seconds, Stopping threads took: 0.0000919 seconds
[2022-06-13T03:33:05.181+0000][1][safepoint    ] Application time: 0.0001080 seconds
[2022-06-13T03:33:05.181+0000][1][safepoint    ] Entering safepoint region: RevokeBias
[2022-06-13T03:33:05.181+0000][1][safepoint    ] Leaving safepoint region
[2022-06-13T03:33:05.182+0000][1][safepoint    ] Total time for which application threads were stopped: 0.0002518 seconds, Stopping threads took: 0.0001077 seconds
[2022-06-13T03:33:05.182+0000][1][safepoint    ] Application time: 0.0000930 seconds
[2022-06-13T03:33:05.182+0000][1][safepoint    ] Entering safepoint region: RevokeBias
[2022-06-13T03:33:05.182+0000][1][safepoint    ] Leaving safepoint region
[2022-06-13T03:33:05.182+0000][1][safepoint    ] Total time for which application threads were stopped: 0.0002753 seconds, Stopping threads took: 0.0001194 seconds
[2022-06-13T03:33:05.183+0000][1][safepoint    ] Application time: 0.0003981 seconds
[2022-06-13T03:33:05.183+0000][1][safepoint    ] Entering safepoint region: RevokeBias
[2022-06-13T03:33:05.183+0000][1][safepoint    ] Leaving safepoint region
[2022-06-13T03:33:05.183+0000][1][safepoint    ] Total time for which application threads were stopped: 0.0003075 seconds, Stopping threads took: 0.0001724 seconds
[2022-06-13T03:33:05.184+0000][1][safepoint    ] Application time: 0.0003452 seconds
[2022-06-13T03:33:05.184+0000][1][safepoint    ] Entering safepoint region: RevokeBias
[2022-06-13T03:33:05.184+0000][1][safepoint    ] Leaving safepoint region
[2022-06-13T03:33:05.184+0000][1][safepoint    ] Total time for which application threads were stopped: 0.0003298 seconds, Stopping threads took: 0.0001689 seconds
[2022-06-13T03:33:05.184+0000][1][safepoint    ] Application time: 0.0000847 seconds
[2022-06-13T03:33:05.184+0000][1][safepoint    ] Entering safepoint region: RevokeBias
[2022-06-13T03:33:05.184+0000][1][safepoint    ] Leaving safepoint region
[2022-06-13T03:33:05.185+0000][1][safepoint    ] Total time for which application threads were stopped: 0.0002794 seconds, Stopping threads took: 0.0001291 seconds
[2022-06-13T03:33:05.185+0000][1][safepoint    ] Application time: 0.0001630 seconds
[2022-06-13T03:33:05.185+0000][1][safepoint    ] Entering safepoint region: RevokeBias
[2022-06-13T03:33:05.185+0000][1][safepoint    ] Leaving safepoint region
[2022-06-13T03:33:05.185+0000][1][safepoint    ] Total time for which application threads were stopped: 0.0004337 seconds, Stopping threads took: 0.0002731 seconds
[2022-06-13T03:33:05.186+0000][1][safepoint    ] Application time: 0.0000855 seconds
[2022-06-13T03:33:05.186+0000][1][safepoint    ] Entering safepoint region: RevokeBias
[2022-06-13T03:33:05.186+0000][1][safepoint    ] Leaving safepoint region
[2022-06-13T03:33:05.186+0000][1][safepoint    ] Total time for which application threads were stopped: 0.0003128 seconds, Stopping threads took: 0.0001702 seconds
[2022-06-13T03:33:05.186+0000][1][safepoint    ] Application time: 0.0000872 seconds
[2022-06-13T03:33:05.186+0000][1][safepoint    ] Entering safepoint region: RevokeBias
[2022-06-13T03:33:05.187+0000][1][safepoint    ] Leaving safepoint region
[2022-06-13T03:33:05.187+0000][1][safepoint    ] Total time for which application threads were stopped: 0.0002200 seconds, Stopping threads took: 0.0000930 seconds
[2022-06-13T03:33:05.187+0000][1][safepoint    ] Application time: 0.0000799 seconds
[2022-06-13T03:33:05.187+0000][1][safepoint    ] Entering safepoint region: RevokeBias
[2022-06-13T03:33:05.187+0000][1][safepoint    ] Leaving safepoint region
[2022-06-13T03:33:05.187+0000][1][safepoint    ] Total time for which application threads were stopped: 0.0002687 seconds, Stopping threads took: 0.0001490 seconds
[2022-06-13T03:33:05.187+0000][1][safepoint    ] Application time: 0.0000887 seconds
[2022-06-13T03:33:05.188+0000][1][safepoint    ] Entering safepoint region: RevokeBias
[2022-06-13T03:33:05.188+0000][1][safepoint    ] Leaving safepoint region
[2022-06-13T03:33:05.188+0000][1][safepoint    ] Total time for which application threads were stopped: 0.0003225 seconds, Stopping threads took: 0.0001526 seconds
[2022-06-13T03:33:05.188+0000][1][safepoint    ] Application time: 0.0001003 seconds
[2022-06-13T03:33:05.188+0000][1][safepoint    ] Entering safepoint region: RevokeBias
[2022-06-13T03:33:05.188+0000][1][safepoint    ] Leaving safepoint region
[2022-06-13T03:33:05.189+0000][1][safepoint    ] Total time for which application threads were stopped: 0.0003540 seconds, Stopping threads took: 0.0001855 seconds
[2022-06-13T03:33:05.189+0000][1][safepoint    ] Application time: 0.0003487 seconds
[2022-06-13T03:33:05.190+0000][1][safepoint    ] Entering safepoint region: RevokeBias
[2022-06-13T03:33:05.190+0000][1][safepoint    ] Leaving safepoint region
[2022-06-13T03:33:05.190+0000][1][safepoint    ] Total time for which application threads were stopped: 0.0008181 seconds, Stopping threads took: 0.0006286 seconds
[2022-06-13T03:33:05.190+0000][1][safepoint    ] Application time: 0.0000969 seconds
[2022-06-13T03:33:05.190+0000][1][safepoint    ] Entering safepoint region: RevokeBias
[2022-06-13T03:33:05.190+0000][1][safepoint    ] Leaving safepoint region
[2022-06-13T03:33:05.191+0000][1][safepoint    ] Total time for which application threads were stopped: 0.0003473 seconds, Stopping threads took: 0.0002192 seconds
[2022-06-13T03:33:05.191+0000][1][safepoint    ] Application time: 0.0000782 seconds
[2022-06-13T03:33:05.191+0000][1][safepoint    ] Entering safepoint region: RevokeBias
[2022-06-13T03:33:05.191+0000][1][safepoint    ] Leaving safepoint region
[2022-06-13T03:33:05.191+0000][1][safepoint    ] Total time for which application threads were stopped: 0.0002420 seconds, Stopping threads took: 0.0001022 seconds
[2022-06-13T03:33:05.191+0000][1][safepoint    ] Application time: 0.0000654 seconds
[2022-06-13T03:33:05.191+0000][1][safepoint    ] Entering safepoint region: RevokeBias
[2022-06-13T03:33:05.192+0000][1][safepoint    ] Leaving safepoint region
[2022-06-13T03:33:05.192+0000][1][safepoint    ] Total time for which application threads were stopped: 0.0002488 seconds, Stopping threads took: 0.0001116 seconds
[2022-06-13T03:33:05.192+0000][1][safepoint    ] Application time: 0.0000525 seconds
[2022-06-13T03:33:05.192+0000][1][safepoint    ] Entering safepoint region: RevokeBias
[2022-06-13T03:33:05.192+0000][1][safepoint    ] Leaving safepoint region
[2022-06-13T03:33:05.192+0000][1][safepoint    ] Total time for which application threads were stopped: 0.0002731 seconds, Stopping threads took: 0.0001301 seconds
[2022-06-13T03:33:05.192+0000][1][safepoint    ] Application time: 0.0000892 seconds
[2022-06-13T03:33:05.192+0000][1][safepoint    ] Entering safepoint region: RevokeBias
[2022-06-13T03:33:05.193+0000][1][safepoint    ] Leaving safepoint region
[2022-06-13T03:33:05.193+0000][1][safepoint    ] Total time for which application threads were stopped: 0.0002339 seconds, Stopping threads took: 0.0001060 seconds
[2022-06-13T03:33:05.193+0000][1][safepoint    ] Application time: 0.0000643 seconds
[2022-06-13T03:33:05.193+0000][1][safepoint    ] Entering safepoint region: RevokeBias
[2022-06-13T03:33:05.193+0000][1][safepoint    ] Leaving safepoint region
[2022-06-13T03:33:05.193+0000][1][safepoint    ] Total time for which application threads were stopped: 0.0002608 seconds, Stopping threads took: 0.0001162 seconds
[2022-06-13T03:33:05.193+0000][1][safepoint    ] Application time: 0.0000947 seconds
[2022-06-13T03:33:05.194+0000][1][safepoint    ] Entering safepoint region: RevokeBias
[2022-06-13T03:33:05.194+0000][1][safepoint    ] Leaving safepoint region
[2022-06-13T03:33:05.194+0000][1][safepoint    ] Total time for which application threads were stopped: 0.0002446 seconds, Stopping threads took: 0.0001069 seconds
[2022-06-13T03:33:05.194+0000][1][safepoint    ] Application time: 0.0000807 seconds
[2022-06-13T03:33:05.194+0000][1][safepoint    ] Entering safepoint region: RevokeBias
[2022-06-13T03:33:05.194+0000][1][safepoint    ] Leaving safepoint region
[2022-06-13T03:33:05.194+0000][1][safepoint    ] Total time for which application threads were stopped: 0.0002313 seconds, Stopping threads took: 0.0000989 seconds
[2022-06-13T03:33:05.195+0000][1][safepoint    ] Application time: 0.0000831 seconds
[2022-06-13T03:33:05.195+0000][1][safepoint    ] Entering safepoint region: RevokeBias
[2022-06-13T03:33:05.195+0000][1][safepoint    ] Leaving safepoint region
[2022-06-13T03:33:05.195+0000][1][safepoint    ] Total time for which application threads were stopped: 0.0002385 seconds, Stopping threads took: 0.0000910 seconds
[2022-06-13T03:33:05.195+0000][1][safepoint    ] Application time: 0.0000657 seconds
[2022-06-13T03:33:05.195+0000][1][safepoint    ] Entering safepoint region: RevokeBias
[2022-06-13T03:33:05.195+0000][1][safepoint    ] Leaving safepoint region
[2022-06-13T03:33:05.195+0000][1][safepoint    ] Total time for which application threads were stopped: 0.0001946 seconds, Stopping threads took: 0.0000829 seconds
[2022-06-13T03:33:05.195+0000][1][safepoint    ] Application time: 0.0000804 seconds
[2022-06-13T03:33:05.196+0000][1][safepoint    ] Entering safepoint region: RevokeBias
[2022-06-13T03:33:05.196+0000][1][safepoint    ] Leaving safepoint region
[2022-06-13T03:33:05.196+0000][1][safepoint    ] Total time for which application threads were stopped: 0.0002944 seconds, Stopping threads took: 0.0001255 seconds
[2022-06-13T03:33:05.196+0000][1][safepoint    ] Application time: 0.0000676 seconds
[2022-06-13T03:33:05.196+0000][1][safepoint    ] Entering safepoint region: RevokeBias
[2022-06-13T03:33:05.196+0000][1][safepoint    ] Leaving safepoint region
[2022-06-13T03:33:05.196+0000][1][safepoint    ] Total time for which application threads were stopped: 0.0002679 seconds, Stopping threads took: 0.0001273 seconds
[2022-06-13T03:33:05.197+0000][1][safepoint    ] Application time: 0.0000670 seconds
[2022-06-13T03:33:05.197+0000][1][safepoint    ] Entering safepoint region: RevokeBias
[2022-06-13T03:33:05.197+0000][1][safepoint    ] Leaving safepoint region
[2022-06-13T03:33:05.197+0000][1][safepoint    ] Total time for which application threads were stopped: 0.0002302 seconds, Stopping threads took: 0.0000989 seconds
[2022-06-13T03:33:05.197+0000][1][safepoint    ] Application time: 0.0000598 seconds
[2022-06-13T03:33:05.197+0000][1][safepoint    ] Entering safepoint region: RevokeBias
[2022-06-13T03:33:05.197+0000][1][safepoint    ] Leaving safepoint region
[2022-06-13T03:33:05.197+0000][1][safepoint    ] Total time for which application threads were stopped: 0.0001918 seconds, Stopping threads took: 0.0000833 seconds
[2022-06-13T03:33:05.198+0000][1][safepoint    ] Application time: 0.0000656 seconds
[2022-06-13T03:33:05.198+0000][1][safepoint    ] Entering safepoint region: RevokeBias
[2022-06-13T03:33:05.198+0000][1][safepoint    ] Leaving safepoint region
[2022-06-13T03:33:05.198+0000][1][safepoint    ] Total time for which application threads were stopped: 0.0002148 seconds, Stopping threads took: 0.0000930 seconds
[2022-06-13T03:33:05.198+0000][1][safepoint    ] Application time: 0.0000645 seconds
[2022-06-13T03:33:05.198+0000][1][safepoint    ] Entering safepoint region: RevokeBias
[2022-06-13T03:33:05.198+0000][1][safepoint    ] Leaving safepoint region
[2022-06-13T03:33:05.198+0000][1][safepoint    ] Total time for which application threads were stopped: 0.0002312 seconds, Stopping threads took: 0.0001106 seconds
[2022-06-13T03:33:05.199+0000][1][safepoint    ] Application time: 0.0000642 seconds
[2022-06-13T03:33:05.199+0000][1][safepoint    ] Entering safepoint region: RevokeBias
[2022-06-13T03:33:05.199+0000][1][safepoint    ] Leaving safepoint region
[2022-06-13T03:33:05.199+0000][1][safepoint    ] Total time for which application threads were stopped: 0.0002148 seconds, Stopping threads took: 0.0000914 seconds
[2022-06-13T03:33:05.199+0000][1][safepoint    ] Application time: 0.0000693 seconds
[2022-06-13T03:33:05.199+0000][1][safepoint    ] Entering safepoint region: RevokeBias
[2022-06-13T03:33:05.199+0000][1][safepoint    ] Leaving safepoint region
[2022-06-13T03:33:05.199+0000][1][safepoint    ] Total time for which application threads were stopped: 0.0002017 seconds, Stopping threads took: 0.0000904 seconds
[2022-06-13T03:33:05.199+0000][1][safepoint    ] Application time: 0.0000631 seconds
[2022-06-13T03:33:05.200+0000][1][safepoint    ] Entering safepoint region: BulkRevokeBias
[2022-06-13T03:33:05.200+0000][1][safepoint    ] Leaving safepoint region
[2022-06-13T03:33:05.200+0000][1][safepoint    ] Total time for which application threads were stopped: 0.0002314 seconds, Stopping threads took: 0.0000843 seconds
[2022-06-13T03:33:05.200+0000][1][safepoint    ] Application time: 0.0002093 seconds
[2022-06-13T03:33:05.200+0000][1][safepoint    ] Entering safepoint region: RevokeBias
[2022-06-13T03:33:05.200+0000][1][safepoint    ] Leaving safepoint region
[2022-06-13T03:33:05.200+0000][1][safepoint    ] Total time for which application threads were stopped: 0.0002256 seconds, Stopping threads took: 0.0001031 seconds
[2022-06-13T03:33:05.201+0000][1][safepoint    ] Application time: 0.0001192 seconds
[2022-06-13T03:33:05.201+0000][1][safepoint    ] Entering safepoint region: RevokeBias
[2022-06-13T03:33:05.201+0000][1][safepoint    ] Leaving safepoint region
[2022-06-13T03:33:05.201+0000][1][safepoint    ] Total time for which application threads were stopped: 0.0002152 seconds, Stopping threads took: 0.0000902 seconds
[2022-06-13T03:33:05.201+0000][1][safepoint    ] Application time: 0.0001561 seconds
[2022-06-13T03:33:05.201+0000][1][safepoint    ] Entering safepoint region: RevokeBias
[2022-06-13T03:33:05.201+0000][1][safepoint    ] Leaving safepoint region
[2022-06-13T03:33:05.201+0000][1][safepoint    ] Total time for which application threads were stopped: 0.0002114 seconds, Stopping threads took: 0.0000808 seconds
[2022-06-13T03:33:05.202+0000][1][safepoint    ] Application time: 0.0001084 seconds
[2022-06-13T03:33:05.202+0000][1][safepoint    ] Entering safepoint region: RevokeBias
[2022-06-13T03:33:05.202+0000][1][safepoint    ] Leaving safepoint region
[2022-06-13T03:33:05.202+0000][1][safepoint    ] Total time for which application threads were stopped: 0.0003249 seconds, Stopping threads took: 0.0001764 seconds
[2022-06-13T03:33:05.202+0000][1][safepoint    ] Application time: 0.0001131 seconds
[2022-06-13T03:33:05.202+0000][1][safepoint    ] Entering safepoint region: RevokeBias
[2022-06-13T03:33:05.203+0000][1][safepoint    ] Leaving safepoint region
[2022-06-13T03:33:05.203+0000][1][safepoint    ] Total time for which application threads were stopped: 0.0002252 seconds, Stopping threads took: 0.0000963 seconds
[2022-06-13T03:33:05.203+0000][1][safepoint    ] Application time: 0.0000862 seconds
[2022-06-13T03:33:05.203+0000][1][safepoint    ] Entering safepoint region: RevokeBias
[2022-06-13T03:33:05.203+0000][1][safepoint    ] Leaving safepoint region
[2022-06-13T03:33:05.203+0000][1][safepoint    ] Total time for which application threads were stopped: 0.0003007 seconds, Stopping threads took: 0.0001133 seconds
[2022-06-13T03:33:05.203+0000][1][safepoint    ] Application time: 0.0000775 seconds
[2022-06-13T03:33:05.203+0000][1][safepoint    ] Entering safepoint region: RevokeBias
[2022-06-13T03:33:05.204+0000][1][safepoint    ] Leaving safepoint region
[2022-06-13T03:33:05.204+0000][1][safepoint    ] Total time for which application threads were stopped: 0.0002727 seconds, Stopping threads took: 0.0001065 seconds
[2022-06-13T03:33:05.204+0000][1][safepoint    ] Application time: 0.0000827 seconds
[2022-06-13T03:33:05.204+0000][1][safepoint    ] Entering safepoint region: RevokeBias
[2022-06-13T03:33:05.204+0000][1][safepoint    ] Leaving safepoint region
[2022-06-13T03:33:05.204+0000][1][safepoint    ] Total time for which application threads were stopped: 0.0004046 seconds, Stopping threads took: 0.0002786 seconds
[2022-06-13T03:33:05.205+0000][1][safepoint    ] Application time: 0.0000891 seconds
[2022-06-13T03:33:05.205+0000][1][safepoint    ] Entering safepoint region: RevokeBias
[2022-06-13T03:33:05.205+0000][1][safepoint    ] Leaving safepoint region
[2022-06-13T03:33:05.205+0000][1][safepoint    ] Total time for which application threads were stopped: 0.0003009 seconds, Stopping threads took: 0.0001308 seconds
[2022-06-13T03:33:05.205+0000][1][safepoint    ] Application time: 0.0000628 seconds
[2022-06-13T03:33:05.205+0000][1][safepoint    ] Entering safepoint region: RevokeBias
[2022-06-13T03:33:05.206+0000][1][safepoint    ] Leaving safepoint region
[2022-06-13T03:33:05.206+0000][1][safepoint    ] Total time for which application threads were stopped: 0.0002454 seconds, Stopping threads took: 0.0000976 seconds
[2022-06-13T03:33:05.206+0000][1][safepoint    ] Application time: 0.0000696 seconds
[2022-06-13T03:33:05.206+0000][1][safepoint    ] Entering safepoint region: RevokeBias
[2022-06-13T03:33:05.206+0000][1][safepoint    ] Leaving safepoint region
[2022-06-13T03:33:05.206+0000][1][safepoint    ] Total time for which application threads were stopped: 0.0002518 seconds, Stopping threads took: 0.0001180 seconds
[2022-06-13T03:33:05.206+0000][1][safepoint    ] Application time: 0.0000827 seconds
[2022-06-13T03:33:05.206+0000][1][safepoint    ] Entering safepoint region: RevokeBias
[2022-06-13T03:33:05.207+0000][1][safepoint    ] Leaving safepoint region
[2022-06-13T03:33:05.207+0000][1][safepoint    ] Total time for which application threads were stopped: 0.0002594 seconds, Stopping threads took: 0.0001156 seconds
[2022-06-13T03:33:05.207+0000][1][safepoint    ] Application time: 0.0000630 seconds
[2022-06-13T03:33:05.207+0000][1][safepoint    ] Entering safepoint region: RevokeBias
[2022-06-13T03:33:05.207+0000][1][safepoint    ] Leaving safepoint region
[2022-06-13T03:33:05.207+0000][1][safepoint    ] Total time for which application threads were stopped: 0.0002828 seconds, Stopping threads took: 0.0001177 seconds
[2022-06-13T03:33:05.207+0000][1][safepoint    ] Application time: 0.0000775 seconds
[2022-06-13T03:33:05.208+0000][1][safepoint    ] Entering safepoint region: RevokeBias
[2022-06-13T03:33:05.208+0000][1][safepoint    ] Leaving safepoint region
[2022-06-13T03:33:05.208+0000][1][safepoint    ] Total time for which application threads were stopped: 0.0002700 seconds, Stopping threads took: 0.0001125 seconds
[2022-06-13T03:33:05.208+0000][1][safepoint    ] Application time: 0.0000754 seconds
[2022-06-13T03:33:05.208+0000][1][safepoint    ] Entering safepoint region: RevokeBias
[2022-06-13T03:33:05.208+0000][1][safepoint    ] Leaving safepoint region
[2022-06-13T03:33:05.209+0000][1][safepoint    ] Total time for which application threads were stopped: 0.0002720 seconds, Stopping threads took: 0.0001150 seconds
[2022-06-13T03:33:05.209+0000][1][safepoint    ] Application time: 0.0000614 seconds
[2022-06-13T03:33:05.209+0000][1][safepoint    ] Entering safepoint region: RevokeBias
[2022-06-13T03:33:05.209+0000][1][safepoint    ] Leaving safepoint region
[2022-06-13T03:33:05.209+0000][1][safepoint    ] Total time for which application threads were stopped: 0.0002083 seconds, Stopping threads took: 0.0000893 seconds
[2022-06-13T03:33:05.209+0000][1][safepoint    ] Application time: 0.0000819 seconds
[2022-06-13T03:33:05.209+0000][1][safepoint    ] Entering safepoint region: RevokeBias
[2022-06-13T03:33:05.209+0000][1][safepoint    ] Leaving safepoint region
[2022-06-13T03:33:05.210+0000][1][safepoint    ] Total time for which application threads were stopped: 0.0002200 seconds, Stopping threads took: 0.0000962 seconds
[2022-06-13T03:33:05.210+0000][1][safepoint    ] Application time: 0.0000628 seconds
[2022-06-13T03:33:05.210+0000][1][safepoint    ] Entering safepoint region: RevokeBias
[2022-06-13T03:33:05.210+0000][1][safepoint    ] Leaving safepoint region
[2022-06-13T03:33:05.210+0000][1][safepoint    ] Total time for which application threads were stopped: 0.0002512 seconds, Stopping threads took: 0.0001063 seconds
[2022-06-13T03:33:05.210+0000][1][safepoint    ] Application time: 0.0000830 seconds
[2022-06-13T03:33:05.210+0000][1][safepoint    ] Entering safepoint region: RevokeBias
[2022-06-13T03:33:05.211+0000][1][safepoint    ] Leaving safepoint region
[2022-06-13T03:33:05.211+0000][1][safepoint    ] Total time for which application threads were stopped: 0.0002884 seconds, Stopping threads took: 0.0001150 seconds
[2022-06-13T03:33:05.211+0000][1][safepoint    ] Application time: 0.0000668 seconds
[2022-06-13T03:33:05.211+0000][1][safepoint    ] Entering safepoint region: RevokeBias
[2022-06-13T03:33:05.211+0000][1][safepoint    ] Leaving safepoint region
[2022-06-13T03:33:05.211+0000][1][safepoint    ] Total time for which application threads were stopped: 0.0002178 seconds, Stopping threads took: 0.0001023 seconds
[2022-06-13T03:33:05.211+0000][1][safepoint    ] Application time: 0.0000771 seconds
[2022-06-13T03:33:05.211+0000][1][safepoint    ] Entering safepoint region: RevokeBias
[2022-06-13T03:33:05.212+0000][1][safepoint    ] Leaving safepoint region
[2022-06-13T03:33:05.212+0000][1][safepoint    ] Total time for which application threads were stopped: 0.0002564 seconds, Stopping threads took: 0.0001081 seconds
[2022-06-13T03:33:05.212+0000][1][safepoint    ] Application time: 0.0000576 seconds
[2022-06-13T03:33:05.212+0000][1][safepoint    ] Entering safepoint region: RevokeBias
[2022-06-13T03:33:05.212+0000][1][safepoint    ] Leaving safepoint region
[2022-06-13T03:33:05.212+0000][1][safepoint    ] Total time for which application threads were stopped: 0.0002455 seconds, Stopping threads took: 0.0000917 seconds
[2022-06-13T03:33:05.212+0000][1][safepoint    ] Application time: 0.0000701 seconds
[2022-06-13T03:33:05.213+0000][1][safepoint    ] Entering safepoint region: RevokeBias
[2022-06-13T03:33:05.213+0000][1][safepoint    ] Leaving safepoint region
[2022-06-13T03:33:05.213+0000][1][safepoint    ] Total time for which application threads were stopped: 0.0002519 seconds, Stopping threads took: 0.0000968 seconds
[2022-06-13T03:33:05.213+0000][1][safepoint    ] Application time: 0.0000664 seconds
[2022-06-13T03:33:05.213+0000][1][safepoint    ] Entering safepoint region: BulkRevokeBias
[2022-06-13T03:33:05.213+0000][1][safepoint    ] Leaving safepoint region
[2022-06-13T03:33:05.213+0000][1][safepoint    ] Total time for which application threads were stopped: 0.0003352 seconds, Stopping threads took: 0.0001095 seconds
[2022-06-13T03:33:05.214+0000][1][safepoint    ] Application time: 0.0004330 seconds
[2022-06-13T03:33:05.215+0000][1][safepoint    ] Entering safepoint region: RevokeBias
[2022-06-13T03:33:05.215+0000][1][safepoint    ] Leaving safepoint region
[2022-06-13T03:33:05.215+0000][1][safepoint    ] Total time for which application threads were stopped: 0.0008074 seconds, Stopping threads took: 0.0006233 seconds
[2022-06-13T03:33:05.215+0000][1][safepoint    ] Application time: 0.0001014 seconds
[2022-06-13T03:33:05.215+0000][1][safepoint    ] Entering safepoint region: RevokeBias
[2022-06-13T03:33:05.215+0000][1][safepoint    ] Leaving safepoint region
[2022-06-13T03:33:05.216+0000][1][safepoint    ] Total time for which application threads were stopped: 0.0003181 seconds, Stopping threads took: 0.0001362 seconds
[2022-06-13T03:33:05.216+0000][1][safepoint    ] Application time: 0.0003267 seconds
[2022-06-13T03:33:05.216+0000][1][safepoint    ] Entering safepoint region: RevokeBias
[2022-06-13T03:33:05.216+0000][1][safepoint    ] Leaving safepoint region
[2022-06-13T03:33:05.217+0000][1][safepoint    ] Total time for which application threads were stopped: 0.0003835 seconds, Stopping threads took: 0.0001862 seconds
[2022-06-13T03:33:05.217+0000][1][safepoint    ] Application time: 0.0000961 seconds
[2022-06-13T03:33:05.217+0000][1][safepoint    ] Entering safepoint region: RevokeBias
[2022-06-13T03:33:05.217+0000][1][safepoint    ] Leaving safepoint region
[2022-06-13T03:33:05.217+0000][1][safepoint    ] Total time for which application threads were stopped: 0.0004084 seconds, Stopping threads took: 0.0002005 seconds
[2022-06-13T03:33:05.218+0000][1][safepoint    ] Application time: 0.0000850 seconds
[2022-06-13T03:33:05.218+0000][1][safepoint    ] Entering safepoint region: RevokeBias
[2022-06-13T03:33:05.218+0000][1][safepoint    ] Leaving safepoint region
[2022-06-13T03:33:05.218+0000][1][safepoint    ] Total time for which application threads were stopped: 0.0003984 seconds, Stopping threads took: 0.0001670 seconds
[2022-06-13T03:33:05.218+0000][1][safepoint    ] Application time: 0.0000944 seconds
[2022-06-13T03:33:05.219+0000][1][safepoint    ] Entering safepoint region: RevokeBias
[2022-06-13T03:33:05.219+0000][1][safepoint    ] Leaving safepoint region
[2022-06-13T03:33:05.219+0000][1][safepoint    ] Total time for which application threads were stopped: 0.0002880 seconds, Stopping threads took: 0.0001248 seconds
[2022-06-13T03:33:05.219+0000][1][safepoint    ] Application time: 0.0003302 seconds
[2022-06-13T03:33:05.220+0000][1][safepoint    ] Entering safepoint region: RevokeBias
[2022-06-13T03:33:05.220+0000][1][safepoint    ] Leaving safepoint region
[2022-06-13T03:33:05.220+0000][1][safepoint    ] Total time for which application threads were stopped: 0.0003316 seconds, Stopping threads took: 0.0002016 seconds
[2022-06-13T03:33:05.220+0000][1][safepoint    ] Application time: 0.0001487 seconds
[2022-06-13T03:33:05.220+0000][1][safepoint    ] Entering safepoint region: RevokeBias
[2022-06-13T03:33:05.220+0000][1][safepoint    ] Leaving safepoint region
[2022-06-13T03:33:05.220+0000][1][safepoint    ] Total time for which application threads were stopped: 0.0002198 seconds, Stopping threads took: 0.0001016 seconds
[2022-06-13T03:33:05.221+0000][1][safepoint    ] Application time: 0.0001623 seconds
[2022-06-13T03:33:05.221+0000][1][safepoint    ] Entering safepoint region: RevokeBias
[2022-06-13T03:33:05.221+0000][1][safepoint    ] Leaving safepoint region
[2022-06-13T03:33:05.221+0000][1][safepoint    ] Total time for which application threads were stopped: 0.0002954 seconds, Stopping threads took: 0.0001269 seconds
[2022-06-13T03:33:05.221+0000][1][safepoint    ] Application time: 0.0003448 seconds
[2022-06-13T03:33:05.222+0000][1][safepoint    ] Entering safepoint region: RevokeBias
[2022-06-13T03:33:05.222+0000][1][safepoint    ] Leaving safepoint region
[2022-06-13T03:33:05.222+0000][1][safepoint    ] Total time for which application threads were stopped: 0.0004487 seconds, Stopping threads took: 0.0002850 seconds
[2022-06-13T03:33:05.223+0000][1][safepoint    ] Application time: 0.0003967 seconds
[2022-06-13T03:33:05.223+0000][1][safepoint    ] Entering safepoint region: RevokeBias
[2022-06-13T03:33:05.223+0000][1][safepoint    ] Leaving safepoint region
[2022-06-13T03:33:05.223+0000][1][safepoint    ] Total time for which application threads were stopped: 0.0002787 seconds, Stopping threads took: 0.0001316 seconds
[2022-06-13T03:33:05.223+0000][1][safepoint    ] Application time: 0.0001295 seconds
[2022-06-13T03:33:05.223+0000][1][safepoint    ] Entering safepoint region: RevokeBias
[2022-06-13T03:33:05.224+0000][1][safepoint    ] Leaving safepoint region
[2022-06-13T03:33:05.224+0000][1][safepoint    ] Total time for which application threads were stopped: 0.0003840 seconds, Stopping threads took: 0.0002328 seconds
[2022-06-13T03:33:05.224+0000][1][safepoint    ] Application time: 0.0001354 seconds
[2022-06-13T03:33:05.224+0000][1][safepoint    ] Entering safepoint region: RevokeBias
[2022-06-13T03:33:05.224+0000][1][safepoint    ] Leaving safepoint region
[2022-06-13T03:33:05.224+0000][1][safepoint    ] Total time for which application threads were stopped: 0.0003657 seconds, Stopping threads took: 0.0002018 seconds
[2022-06-13T03:33:05.225+0000][1][safepoint    ] Application time: 0.0001187 seconds
[2022-06-13T03:33:05.225+0000][1][safepoint    ] Entering safepoint region: RevokeBias
[2022-06-13T03:33:05.225+0000][1][safepoint    ] Leaving safepoint region
[2022-06-13T03:33:05.225+0000][1][safepoint    ] Total time for which application threads were stopped: 0.0002529 seconds, Stopping threads took: 0.0001300 seconds
[2022-06-13T03:33:05.225+0000][1][safepoint    ] Application time: 0.0003008 seconds
[2022-06-13T03:33:05.226+0000][1][safepoint    ] Entering safepoint region: RevokeBias
[2022-06-13T03:33:05.226+0000][1][safepoint    ] Leaving safepoint region
[2022-06-13T03:33:05.226+0000][1][safepoint    ] Total time for which application threads were stopped: 0.0002625 seconds, Stopping threads took: 0.0001252 seconds
[2022-06-13T03:33:05.228+0000][1][safepoint    ] Application time: 0.0015298 seconds
[2022-06-13T03:33:05.228+0000][1][safepoint    ] Entering safepoint region: RevokeBias
[2022-06-13T03:33:05.228+0000][1][safepoint    ] Leaving safepoint region
[2022-06-13T03:33:05.228+0000][1][safepoint    ] Total time for which application threads were stopped: 0.0004374 seconds, Stopping threads took: 0.0001967 seconds
[2022-06-13T03:33:05.229+0000][1][safepoint    ] Application time: 0.0002027 seconds
[2022-06-13T03:33:05.229+0000][1][safepoint    ] Entering safepoint region: RevokeBias
[2022-06-13T03:33:05.229+0000][1][safepoint    ] Leaving safepoint region
[2022-06-13T03:33:05.229+0000][1][safepoint    ] Total time for which application threads were stopped: 0.0003514 seconds, Stopping threads took: 0.0001465 seconds
[2022-06-13T03:33:05.229+0000][1][safepoint    ] Application time: 0.0001009 seconds
[2022-06-13T03:33:05.229+0000][1][safepoint    ] Entering safepoint region: RevokeBias
[2022-06-13T03:33:05.230+0000][1][safepoint    ] Leaving safepoint region
[2022-06-13T03:33:05.230+0000][1][safepoint    ] Total time for which application threads were stopped: 0.0003128 seconds, Stopping threads took: 0.0001395 seconds
[2022-06-13T03:33:05.231+0000][1][safepoint    ] Application time: 0.0009458 seconds
[2022-06-13T03:33:05.231+0000][1][safepoint    ] Entering safepoint region: RevokeBias
[2022-06-13T03:33:05.231+0000][1][safepoint    ] Leaving safepoint region
[2022-06-13T03:33:05.231+0000][1][safepoint    ] Total time for which application threads were stopped: 0.0004542 seconds, Stopping threads took: 0.0002129 seconds
[2022-06-13T03:33:05.232+0000][1][safepoint    ] Application time: 0.0009496 seconds
[2022-06-13T03:33:05.233+0000][1][safepoint    ] Entering safepoint region: RevokeBias
[2022-06-13T03:33:05.233+0000][1][safepoint    ] Leaving safepoint region
[2022-06-13T03:33:05.233+0000][1][safepoint    ] Total time for which application threads were stopped: 0.0008768 seconds, Stopping threads took: 0.0007175 seconds
[2022-06-13T03:33:05.234+0000][1][safepoint    ] Application time: 0.0000847 seconds
[2022-06-13T03:33:05.234+0000][1][safepoint    ] Entering safepoint region: RevokeBias
[2022-06-13T03:33:05.235+0000][1][safepoint    ] Leaving safepoint region
[2022-06-13T03:33:05.235+0000][1][safepoint    ] Total time for which application threads were stopped: 0.0007863 seconds, Stopping threads took: 0.0005603 seconds
[2022-06-13T03:33:05.236+0000][1][safepoint    ] Application time: 0.0003200 seconds
[2022-06-13T03:33:05.236+0000][1][safepoint    ] Entering safepoint region: RevokeBias
[2022-06-13T03:33:05.236+0000][1][safepoint    ] Leaving safepoint region
[2022-06-13T03:33:05.236+0000][1][safepoint    ] Total time for which application threads were stopped: 0.0003924 seconds, Stopping threads took: 0.0002130 seconds
[2022-06-13T03:33:05.266+0000][1][safepoint    ] Application time: 0.0299978 seconds
[2022-06-13T03:33:05.267+0000][1][safepoint    ] Entering safepoint region: GenCollectForAllocation
[2022-06-13T03:33:05.267+0000][1][gc,start     ] GC(19) Pause Young (Allocation Failure)
[2022-06-13T03:33:05.267+0000][1][gc,task      ] GC(19) Using 5 workers of 13 for evacuation
[2022-06-13T03:33:05.273+0000][1][gc,age       ] GC(19) Desired survivor size 4456448 bytes, new threshold 2 (max threshold 6)
[2022-06-13T03:33:05.273+0000][1][gc,age       ] GC(19) Age table with threshold 2 (max threshold 6)
[2022-06-13T03:33:05.273+0000][1][gc,age       ] GC(19) - age   1:    2850752 bytes,    2850752 total
[2022-06-13T03:33:05.273+0000][1][gc,age       ] GC(19) - age   2:    3979152 bytes,    6829904 total
[2022-06-13T03:33:05.273+0000][1][gc,age       ] GC(19) - age   3:     210464 bytes,    7040368 total
[2022-06-13T03:33:05.273+0000][1][gc,heap      ] GC(19) ParNew: 75298K->8641K(78656K)
[2022-06-13T03:33:05.273+0000][1][gc,heap      ] GC(19) CMS: 55996K->55996K(174784K)
[2022-06-13T03:33:05.274+0000][1][gc,metaspace ] GC(19) Metaspace: 47545K->47545K(1093632K)
[2022-06-13T03:33:05.274+0000][1][gc           ] GC(19) Pause Young (Allocation Failure) 128M->63M(247M) 6.835ms
[2022-06-13T03:33:05.274+0000][1][gc,cpu       ] GC(19) User=0.03s Sys=0.00s Real=0.01s
[2022-06-13T03:33:05.274+0000][1][safepoint    ] Leaving safepoint region
[2022-06-13T03:33:05.274+0000][1][safepoint    ] Total time for which application threads were stopped: 0.0074458 seconds, Stopping threads took: 0.0001593 seconds
[2022-06-13T03:33:05.664+0000][1][safepoint    ] Application time: 0.3897508 seconds
[2022-06-13T03:33:05.664+0000][1][safepoint    ] Entering safepoint region: RevokeBias
[2022-06-13T03:33:05.665+0000][1][safepoint    ] Leaving safepoint region
[2022-06-13T03:33:05.665+0000][1][safepoint    ] Total time for which application threads were stopped: 0.0007905 seconds, Stopping threads took: 0.0001384 seconds
[2022-06-13T03:33:05.776+0000][1][safepoint    ] Application time: 0.1105987 seconds
[2022-06-13T03:33:05.776+0000][1][safepoint    ] Entering safepoint region: GenCollectForAllocation
[2022-06-13T03:33:05.777+0000][1][gc,start     ] GC(20) Pause Young (Allocation Failure)
[2022-06-13T03:33:05.777+0000][1][gc,task      ] GC(20) Using 5 workers of 13 for evacuation
[2022-06-13T03:33:05.783+0000][1][gc,age       ] GC(20) Desired survivor size 4456448 bytes, new threshold 2 (max threshold 6)
[2022-06-13T03:33:05.784+0000][1][gc,age       ] GC(20) Age table with threshold 2 (max threshold 6)
[2022-06-13T03:33:05.784+0000][1][gc,age       ] GC(20) - age   1:    1674680 bytes,    1674680 total
[2022-06-13T03:33:05.784+0000][1][gc,age       ] GC(20) - age   2:    2813136 bytes,    4487816 total
[2022-06-13T03:33:05.784+0000][1][gc,heap      ] GC(20) ParNew: 78593K->7267K(78656K)
[2022-06-13T03:33:05.784+0000][1][gc,heap      ] GC(20) CMS: 55996K->60234K(174784K)
[2022-06-13T03:33:05.784+0000][1][gc,metaspace ] GC(20) Metaspace: 54942K->54942K(1099776K)
[2022-06-13T03:33:05.784+0000][1][gc           ] GC(20) Pause Young (Allocation Failure) 131M->65M(247M) 7.711ms
[2022-06-13T03:33:05.785+0000][1][gc,cpu       ] GC(20) User=0.05s Sys=0.00s Real=0.01s
[2022-06-13T03:33:05.785+0000][1][safepoint    ] Leaving safepoint region
[2022-06-13T03:33:05.785+0000][1][safepoint    ] Total time for which application threads were stopped: 0.0085192 seconds, Stopping threads took: 0.0001100 seconds
[2022-06-13T03:33:05.825+0000][1][safepoint    ] Application time: 0.0404237 seconds
[2022-06-13T03:33:05.826+0000][1][safepoint    ] Entering safepoint region: RevokeBias
[2022-06-13T03:33:05.826+0000][1][safepoint    ] Leaving safepoint region
[2022-06-13T03:33:05.826+0000][1][safepoint    ] Total time for which application threads were stopped: 0.0004408 seconds, Stopping threads took: 0.0001958 seconds
[2022-06-13T03:33:05.826+0000][1][safepoint    ] Application time: 0.0001145 seconds
[2022-06-13T03:33:05.826+0000][1][safepoint    ] Entering safepoint region: RevokeBias
[2022-06-13T03:33:05.826+0000][1][safepoint    ] Leaving safepoint region
[2022-06-13T03:33:05.827+0000][1][safepoint    ] Total time for which application threads were stopped: 0.0003203 seconds, Stopping threads took: 0.0001266 seconds
[2022-06-13T03:33:05.827+0000][1][safepoint    ] Application time: 0.0001671 seconds
[2022-06-13T03:33:05.827+0000][1][safepoint    ] Entering safepoint region: RevokeBias
[2022-06-13T03:33:05.827+0000][1][safepoint    ] Leaving safepoint region
[2022-06-13T03:33:05.827+0000][1][safepoint    ] Total time for which application threads were stopped: 0.0002463 seconds, Stopping threads took: 0.0001066 seconds
[2022-06-13T03:33:05.830+0000][1][safepoint    ] Application time: 0.0026174 seconds
[2022-06-13T03:33:05.830+0000][1][safepoint    ] Entering safepoint region: RevokeBias
[2022-06-13T03:33:05.830+0000][1][safepoint    ] Leaving safepoint region
[2022-06-13T03:33:05.830+0000][1][safepoint    ] Total time for which application threads were stopped: 0.0003030 seconds, Stopping threads took: 0.0001335 seconds
[2022-06-13T03:33:05.977+0000][1][safepoint    ] Application time: 0.1466817 seconds
[2022-06-13T03:33:05.978+0000][1][safepoint    ] Entering safepoint region: Deoptimize
[2022-06-13T03:33:05.980+0000][1][safepoint    ] Leaving safepoint region
[2022-06-13T03:33:05.980+0000][1][safepoint    ] Total time for which application threads were stopped: 0.0022461 seconds, Stopping threads took: 0.0001467 seconds
[2022-06-13T03:33:06.126+0000][1][safepoint    ] Application time: 0.1457524 seconds
[2022-06-13T03:33:06.126+0000][1][safepoint    ] Entering safepoint region: BulkRevokeBias
[2022-06-13T03:33:06.126+0000][1][safepoint    ] Leaving safepoint region
[2022-06-13T03:33:06.126+0000][1][safepoint    ] Total time for which application threads were stopped: 0.0005138 seconds, Stopping threads took: 0.0002345 seconds
[2022-06-13T03:33:06.265+0000][1][safepoint    ] Application time: 0.1388385 seconds
[2022-06-13T03:33:06.266+0000][1][safepoint    ] Entering safepoint region: RevokeBias
[2022-06-13T03:33:06.266+0000][1][safepoint    ] Leaving safepoint region
[2022-06-13T03:33:06.266+0000][1][safepoint    ] Total time for which application threads were stopped: 0.0004157 seconds, Stopping threads took: 0.0001535 seconds
[2022-06-13T03:33:06.266+0000][1][safepoint    ] Application time: 0.0000813 seconds
[2022-06-13T03:33:06.266+0000][1][safepoint    ] Entering safepoint region: RevokeBias
[2022-06-13T03:33:06.267+0000][1][safepoint    ] Leaving safepoint region
[2022-06-13T03:33:06.267+0000][1][safepoint    ] Total time for which application threads were stopped: 0.0002695 seconds, Stopping threads took: 0.0001264 seconds
[2022-06-13T03:33:06.409+0000][1][safepoint    ] Application time: 0.1425854 seconds
[2022-06-13T03:33:06.410+0000][1][safepoint    ] Entering safepoint region: Deoptimize
[2022-06-13T03:33:06.411+0000][1][safepoint    ] Leaving safepoint region
[2022-06-13T03:33:06.411+0000][1][safepoint    ] Total time for which application threads were stopped: 0.0013101 seconds, Stopping threads took: 0.0003947 seconds
[2022-06-13T03:33:06.416+0000][1][safepoint    ] Application time: 0.0047291 seconds
[2022-06-13T03:33:06.416+0000][1][safepoint    ] Entering safepoint region: RevokeBias
[2022-06-13T03:33:06.417+0000][1][safepoint    ] Leaving safepoint region
[2022-06-13T03:33:06.417+0000][1][safepoint    ] Total time for which application threads were stopped: 0.0005000 seconds, Stopping threads took: 0.0001907 seconds
[2022-06-13T03:33:06.417+0000][1][safepoint    ] Application time: 0.0004299 seconds
[2022-06-13T03:33:06.418+0000][1][safepoint    ] Entering safepoint region: BulkRevokeBias
[2022-06-13T03:33:06.418+0000][1][safepoint    ] Leaving safepoint region
[2022-06-13T03:33:06.418+0000][1][safepoint    ] Total time for which application threads were stopped: 0.0004392 seconds, Stopping threads took: 0.0002174 seconds
[2022-06-13T03:33:06.419+0000][1][safepoint    ] Application time: 0.0007116 seconds
[2022-06-13T03:33:06.419+0000][1][safepoint    ] Entering safepoint region: RevokeBias
[2022-06-13T03:33:06.419+0000][1][safepoint    ] Leaving safepoint region
[2022-06-13T03:33:06.419+0000][1][safepoint    ] Total time for which application threads were stopped: 0.0003136 seconds, Stopping threads took: 0.0001413 seconds
[2022-06-13T03:33:06.420+0000][1][safepoint    ] Application time: 0.0003721 seconds
[2022-06-13T03:33:06.420+0000][1][safepoint    ] Entering safepoint region: RevokeBias
[2022-06-13T03:33:06.420+0000][1][safepoint    ] Leaving safepoint region
[2022-06-13T03:33:06.420+0000][1][safepoint    ] Total time for which application threads were stopped: 0.0002990 seconds, Stopping threads took: 0.0001219 seconds
[2022-06-13T03:33:06.421+0000][1][safepoint    ] Application time: 0.0000703 seconds
[2022-06-13T03:33:06.421+0000][1][safepoint    ] Entering safepoint region: RevokeBias
[2022-06-13T03:33:06.421+0000][1][safepoint    ] Leaving safepoint region
[2022-06-13T03:33:06.421+0000][1][safepoint    ] Total time for which application threads were stopped: 0.0002450 seconds, Stopping threads took: 0.0001002 seconds
[2022-06-13T03:33:06.421+0000][1][safepoint    ] Application time: 0.0001147 seconds
[2022-06-13T03:33:06.421+0000][1][safepoint    ] Entering safepoint region: RevokeBias
[2022-06-13T03:33:06.422+0000][1][safepoint    ] Leaving safepoint region
[2022-06-13T03:33:06.422+0000][1][safepoint    ] Total time for which application threads were stopped: 0.0004276 seconds, Stopping threads took: 0.0002297 seconds
[2022-06-13T03:33:06.422+0000][1][safepoint    ] Application time: 0.0001705 seconds
[2022-06-13T03:33:06.422+0000][1][safepoint    ] Entering safepoint region: RevokeBias
[2022-06-13T03:33:06.422+0000][1][safepoint    ] Leaving safepoint region
[2022-06-13T03:33:06.423+0000][1][safepoint    ] Total time for which application threads were stopped: 0.0003037 seconds, Stopping threads took: 0.0001402 seconds
[2022-06-13T03:33:06.423+0000][1][safepoint    ] Application time: 0.0001895 seconds
[2022-06-13T03:33:06.423+0000][1][safepoint    ] Entering safepoint region: RevokeBias
[2022-06-13T03:33:06.423+0000][1][safepoint    ] Leaving safepoint region
[2022-06-13T03:33:06.423+0000][1][safepoint    ] Total time for which application threads were stopped: 0.0003265 seconds, Stopping threads took: 0.0001549 seconds
[2022-06-13T03:33:06.424+0000][1][safepoint    ] Application time: 0.0002379 seconds
[2022-06-13T03:33:06.424+0000][1][safepoint    ] Entering safepoint region: RevokeBias
[2022-06-13T03:33:06.424+0000][1][safepoint    ] Leaving safepoint region
[2022-06-13T03:33:06.425+0000][1][safepoint    ] Total time for which application threads were stopped: 0.0006300 seconds, Stopping threads took: 0.0003114 seconds
[2022-06-13T03:33:06.425+0000][1][safepoint    ] Application time: 0.0000971 seconds
[2022-06-13T03:33:06.425+0000][1][safepoint    ] Entering safepoint region: RevokeBias
[2022-06-13T03:33:06.425+0000][1][safepoint    ] Leaving safepoint region
[2022-06-13T03:33:06.425+0000][1][safepoint    ] Total time for which application threads were stopped: 0.0003793 seconds, Stopping threads took: 0.0002073 seconds
[2022-06-13T03:33:06.427+0000][1][safepoint    ] Application time: 0.0016724 seconds
[2022-06-13T03:33:06.428+0000][1][safepoint    ] Entering safepoint region: RevokeBias
[2022-06-13T03:33:06.428+0000][1][safepoint    ] Leaving safepoint region
[2022-06-13T03:33:06.428+0000][1][safepoint    ] Total time for which application threads were stopped: 0.0006118 seconds, Stopping threads took: 0.0003645 seconds
[2022-06-13T03:33:06.428+0000][1][safepoint    ] Application time: 0.0001115 seconds
[2022-06-13T03:33:06.429+0000][1][safepoint    ] Entering safepoint region: RevokeBias
[2022-06-13T03:33:06.429+0000][1][safepoint    ] Leaving safepoint region
[2022-06-13T03:33:06.429+0000][1][safepoint    ] Total time for which application threads were stopped: 0.0004728 seconds, Stopping threads took: 0.0002786 seconds
[2022-06-13T03:33:06.431+0000][1][safepoint    ] Application time: 0.0020128 seconds
[2022-06-13T03:33:06.432+0000][1][safepoint    ] Entering safepoint region: Deoptimize
[2022-06-13T03:33:06.432+0000][1][safepoint    ] Leaving safepoint region
[2022-06-13T03:33:06.432+0000][1][safepoint    ] Total time for which application threads were stopped: 0.0007740 seconds, Stopping threads took: 0.0001149 seconds
[2022-06-13T03:33:06.433+0000][1][safepoint    ] Application time: 0.0004918 seconds
[2022-06-13T03:33:06.433+0000][1][safepoint    ] Entering safepoint region: RevokeBias
[2022-06-13T03:33:06.433+0000][1][safepoint    ] Leaving safepoint region
[2022-06-13T03:33:06.433+0000][1][safepoint    ] Total time for which application threads were stopped: 0.0002317 seconds, Stopping threads took: 0.0001214 seconds
[2022-06-13T03:33:06.449+0000][1][safepoint    ] Application time: 0.0154987 seconds
[2022-06-13T03:33:06.449+0000][1][safepoint    ] Entering safepoint region: RevokeBias
[2022-06-13T03:33:06.449+0000][1][safepoint    ] Leaving safepoint region
[2022-06-13T03:33:06.450+0000][1][safepoint    ] Total time for which application threads were stopped: 0.0005036 seconds, Stopping threads took: 0.0002178 seconds
[2022-06-13T03:33:06.450+0000][1][safepoint    ] Application time: 0.0001944 seconds
[2022-06-13T03:33:06.450+0000][1][safepoint    ] Entering safepoint region: RevokeBias
[2022-06-13T03:33:06.451+0000][1][safepoint    ] Leaving safepoint region
[2022-06-13T03:33:06.451+0000][1][safepoint    ] Total time for which application threads were stopped: 0.0006061 seconds, Stopping threads took: 0.0002898 seconds
[2022-06-13T03:33:06.452+0000][1][safepoint    ] Application time: 0.0010787 seconds
[2022-06-13T03:33:06.452+0000][1][safepoint    ] Entering safepoint region: RevokeBias
[2022-06-13T03:33:06.453+0000][1][safepoint    ] Leaving safepoint region
[2022-06-13T03:33:06.453+0000][1][safepoint    ] Total time for which application threads were stopped: 0.0004644 seconds, Stopping threads took: 0.0003065 seconds
[2022-06-13T03:33:06.453+0000][1][safepoint    ] Application time: 0.0004581 seconds
[2022-06-13T03:33:06.454+0000][1][safepoint    ] Entering safepoint region: RevokeBias
[2022-06-13T03:33:06.454+0000][1][safepoint    ] Leaving safepoint region
[2022-06-13T03:33:06.454+0000][1][safepoint    ] Total time for which application threads were stopped: 0.0005673 seconds, Stopping threads took: 0.0002816 seconds
[2022-06-13T03:33:06.455+0000][1][safepoint    ] Application time: 0.0001101 seconds
[2022-06-13T03:33:06.455+0000][1][safepoint    ] Entering safepoint region: RevokeBias
[2022-06-13T03:33:06.455+0000][1][safepoint    ] Leaving safepoint region
[2022-06-13T03:33:06.455+0000][1][safepoint    ] Total time for which application threads were stopped: 0.0006125 seconds, Stopping threads took: 0.0003172 seconds
[2022-06-13T03:33:06.456+0000][1][safepoint    ] Application time: 0.0003817 seconds
[2022-06-13T03:33:06.457+0000][1][safepoint    ] Entering safepoint region: RevokeBias
[2022-06-13T03:33:06.457+0000][1][safepoint    ] Leaving safepoint region
[2022-06-13T03:33:06.457+0000][1][safepoint    ] Total time for which application threads were stopped: 0.0007717 seconds, Stopping threads took: 0.0004773 seconds
[2022-06-13T03:33:06.458+0000][1][safepoint    ] Application time: 0.0004636 seconds
[2022-06-13T03:33:06.458+0000][1][safepoint    ] Entering safepoint region: RevokeBias
[2022-06-13T03:33:06.458+0000][1][safepoint    ] Leaving safepoint region
[2022-06-13T03:33:06.458+0000][1][safepoint    ] Total time for which application threads were stopped: 0.0003007 seconds, Stopping threads took: 0.0001772 seconds
[2022-06-13T03:33:06.459+0000][1][safepoint    ] Application time: 0.0001204 seconds
[2022-06-13T03:33:06.459+0000][1][safepoint    ] Entering safepoint region: RevokeBias
[2022-06-13T03:33:06.459+0000][1][safepoint    ] Leaving safepoint region
[2022-06-13T03:33:06.459+0000][1][safepoint    ] Total time for which application threads were stopped: 0.0002619 seconds, Stopping threads took: 0.0000937 seconds
[2022-06-13T03:33:06.459+0000][1][safepoint    ] Application time: 0.0000816 seconds
[2022-06-13T03:33:06.459+0000][1][safepoint    ] Entering safepoint region: RevokeBias
[2022-06-13T03:33:06.460+0000][1][safepoint    ] Leaving safepoint region
[2022-06-13T03:33:06.460+0000][1][safepoint    ] Total time for which application threads were stopped: 0.0003153 seconds, Stopping threads took: 0.0001240 seconds
[2022-06-13T03:33:06.460+0000][1][safepoint    ] Application time: 0.0006812 seconds
[2022-06-13T03:33:06.461+0000][1][safepoint    ] Entering safepoint region: RevokeBias
[2022-06-13T03:33:06.461+0000][1][safepoint    ] Leaving safepoint region
[2022-06-13T03:33:06.461+0000][1][safepoint    ] Total time for which application threads were stopped: 0.0003465 seconds, Stopping threads took: 0.0001665 seconds
[2022-06-13T03:33:06.462+0000][1][safepoint    ] Application time: 0.0006336 seconds
[2022-06-13T03:33:06.462+0000][1][safepoint    ] Entering safepoint region: RevokeBias
[2022-06-13T03:33:06.462+0000][1][safepoint    ] Leaving safepoint region
[2022-06-13T03:33:06.462+0000][1][safepoint    ] Total time for which application threads were stopped: 0.0003337 seconds, Stopping threads took: 0.0002048 seconds
[2022-06-13T03:33:06.463+0000][1][safepoint    ] Application time: 0.0009675 seconds
[2022-06-13T03:33:06.463+0000][1][safepoint    ] Entering safepoint region: RevokeBias
[2022-06-13T03:33:06.464+0000][1][safepoint    ] Leaving safepoint region
[2022-06-13T03:33:06.464+0000][1][safepoint    ] Total time for which application threads were stopped: 0.0005009 seconds, Stopping threads took: 0.0002819 seconds
[2022-06-13T03:33:06.464+0000][1][safepoint    ] Application time: 0.0002866 seconds
[2022-06-13T03:33:06.465+0000][1][safepoint    ] Entering safepoint region: RevokeBias
[2022-06-13T03:33:06.465+0000][1][safepoint    ] Leaving safepoint region
[2022-06-13T03:33:06.465+0000][1][safepoint    ] Total time for which application threads were stopped: 0.0003099 seconds, Stopping threads took: 0.0001636 seconds
[2022-06-13T03:33:06.465+0000][1][safepoint    ] Application time: 0.0002479 seconds
[2022-06-13T03:33:06.465+0000][1][safepoint    ] Entering safepoint region: RevokeBias
[2022-06-13T03:33:06.466+0000][1][safepoint    ] Leaving safepoint region
[2022-06-13T03:33:06.466+0000][1][safepoint    ] Total time for which application threads were stopped: 0.0003445 seconds, Stopping threads took: 0.0002017 seconds
[2022-06-13T03:33:06.466+0000][1][safepoint    ] Application time: 0.0001164 seconds
[2022-06-13T03:33:06.466+0000][1][safepoint    ] Entering safepoint region: RevokeBias
[2022-06-13T03:33:06.466+0000][1][safepoint    ] Leaving safepoint region
[2022-06-13T03:33:06.466+0000][1][safepoint    ] Total time for which application threads were stopped: 0.0003034 seconds, Stopping threads took: 0.0001544 seconds
[2022-06-13T03:33:06.467+0000][1][safepoint    ] Application time: 0.0002827 seconds
[2022-06-13T03:33:06.467+0000][1][safepoint    ] Entering safepoint region: RevokeBias
[2022-06-13T03:33:06.467+0000][1][safepoint    ] Leaving safepoint region
[2022-06-13T03:33:06.467+0000][1][safepoint    ] Total time for which application threads were stopped: 0.0003349 seconds, Stopping threads took: 0.0001686 seconds
[2022-06-13T03:33:06.468+0000][1][safepoint    ] Application time: 0.0000985 seconds
[2022-06-13T03:33:06.468+0000][1][safepoint    ] Entering safepoint region: RevokeBias
[2022-06-13T03:33:06.468+0000][1][safepoint    ] Leaving safepoint region
[2022-06-13T03:33:06.468+0000][1][safepoint    ] Total time for which application threads were stopped: 0.0006719 seconds, Stopping threads took: 0.0001454 seconds
[2022-06-13T03:33:06.469+0000][1][safepoint    ] Application time: 0.0001487 seconds
[2022-06-13T03:33:06.469+0000][1][safepoint    ] Entering safepoint region: RevokeBias
[2022-06-13T03:33:06.469+0000][1][safepoint    ] Leaving safepoint region
[2022-06-13T03:33:06.469+0000][1][safepoint    ] Total time for which application threads were stopped: 0.0003618 seconds, Stopping threads took: 0.0001432 seconds
[2022-06-13T03:33:06.469+0000][1][safepoint    ] Application time: 0.0000767 seconds
[2022-06-13T03:33:06.470+0000][1][safepoint    ] Entering safepoint region: RevokeBias
[2022-06-13T03:33:06.470+0000][1][safepoint    ] Leaving safepoint region
[2022-06-13T03:33:06.470+0000][1][safepoint    ] Total time for which application threads were stopped: 0.0002472 seconds, Stopping threads took: 0.0001114 seconds
[2022-06-13T03:33:06.470+0000][1][safepoint    ] Application time: 0.0004516 seconds
[2022-06-13T03:33:06.471+0000][1][safepoint    ] Entering safepoint region: RevokeBias
[2022-06-13T03:33:06.471+0000][1][safepoint    ] Leaving safepoint region
[2022-06-13T03:33:06.471+0000][1][safepoint    ] Total time for which application threads were stopped: 0.0002553 seconds, Stopping threads took: 0.0001230 seconds
[2022-06-13T03:33:06.471+0000][1][safepoint    ] Application time: 0.0000664 seconds
[2022-06-13T03:33:06.471+0000][1][safepoint    ] Entering safepoint region: RevokeBias
[2022-06-13T03:33:06.471+0000][1][safepoint    ] Leaving safepoint region
[2022-06-13T03:33:06.471+0000][1][safepoint    ] Total time for which application threads were stopped: 0.0002549 seconds, Stopping threads took: 0.0001269 seconds
[2022-06-13T03:33:06.472+0000][1][safepoint    ] Application time: 0.0001116 seconds
[2022-06-13T03:33:06.472+0000][1][safepoint    ] Entering safepoint region: RevokeBias
[2022-06-13T03:33:06.472+0000][1][safepoint    ] Leaving safepoint region
[2022-06-13T03:33:06.472+0000][1][safepoint    ] Total time for which application threads were stopped: 0.0002269 seconds, Stopping threads took: 0.0001066 seconds
[2022-06-13T03:33:06.474+0000][1][safepoint    ] Application time: 0.0014328 seconds
[2022-06-13T03:33:06.474+0000][1][safepoint    ] Entering safepoint region: RevokeBias
[2022-06-13T03:33:06.474+0000][1][safepoint    ] Leaving safepoint region
[2022-06-13T03:33:06.474+0000][1][safepoint    ] Total time for which application threads were stopped: 0.0002241 seconds, Stopping threads took: 0.0001139 seconds
[2022-06-13T03:33:06.475+0000][1][safepoint    ] Application time: 0.0013854 seconds
[2022-06-13T03:33:06.476+0000][1][safepoint    ] Entering safepoint region: RevokeBias
[2022-06-13T03:33:06.476+0000][1][safepoint    ] Leaving safepoint region
[2022-06-13T03:33:06.476+0000][1][safepoint    ] Total time for which application threads were stopped: 0.0003339 seconds, Stopping threads took: 0.0001766 seconds
[2022-06-13T03:33:06.476+0000][1][safepoint    ] Application time: 0.0000384 seconds
[2022-06-13T03:33:06.476+0000][1][safepoint    ] Entering safepoint region: RevokeBias
[2022-06-13T03:33:06.476+0000][1][safepoint    ] Leaving safepoint region
[2022-06-13T03:33:06.477+0000][1][safepoint    ] Total time for which application threads were stopped: 0.0003670 seconds, Stopping threads took: 0.0001361 seconds
[2022-06-13T03:33:06.477+0000][1][safepoint    ] Application time: 0.0000928 seconds
[2022-06-13T03:33:06.477+0000][1][safepoint    ] Entering safepoint region: RevokeBias
[2022-06-13T03:33:06.477+0000][1][safepoint    ] Leaving safepoint region
[2022-06-13T03:33:06.478+0000][1][safepoint    ] Total time for which application threads were stopped: 0.0005591 seconds, Stopping threads took: 0.0002918 seconds
[2022-06-13T03:33:06.480+0000][1][safepoint    ] Application time: 0.0023938 seconds
[2022-06-13T03:33:06.480+0000][1][safepoint    ] Entering safepoint region: BulkRevokeBias
[2022-06-13T03:33:06.481+0000][1][safepoint    ] Leaving safepoint region
[2022-06-13T03:33:06.481+0000][1][safepoint    ] Total time for which application threads were stopped: 0.0009071 seconds, Stopping threads took: 0.0002571 seconds
[2022-06-13T03:33:06.482+0000][1][safepoint    ] Application time: 0.0001810 seconds
[2022-06-13T03:33:06.482+0000][1][safepoint    ] Entering safepoint region: RevokeBias
[2022-06-13T03:33:06.482+0000][1][safepoint    ] Leaving safepoint region
[2022-06-13T03:33:06.482+0000][1][safepoint    ] Total time for which application threads were stopped: 0.0004338 seconds, Stopping threads took: 0.0002214 seconds
[2022-06-13T03:33:06.483+0000][1][safepoint    ] Application time: 0.0003968 seconds
[2022-06-13T03:33:06.483+0000][1][safepoint    ] Entering safepoint region: RevokeBias
[2022-06-13T03:33:06.483+0000][1][safepoint    ] Leaving safepoint region
[2022-06-13T03:33:06.483+0000][1][safepoint    ] Total time for which application threads were stopped: 0.0004964 seconds, Stopping threads took: 0.0003149 seconds
[2022-06-13T03:33:06.484+0000][1][safepoint    ] Application time: 0.0000942 seconds
[2022-06-13T03:33:06.484+0000][1][safepoint    ] Entering safepoint region: RevokeBias
[2022-06-13T03:33:06.484+0000][1][safepoint    ] Leaving safepoint region
[2022-06-13T03:33:06.485+0000][1][safepoint    ] Total time for which application threads were stopped: 0.0010644 seconds, Stopping threads took: 0.0003641 seconds
[2022-06-13T03:33:06.485+0000][1][safepoint    ] Application time: 0.0000970 seconds
[2022-06-13T03:33:06.485+0000][1][safepoint    ] Entering safepoint region: RevokeBias
[2022-06-13T03:33:06.485+0000][1][safepoint    ] Leaving safepoint region
[2022-06-13T03:33:06.486+0000][1][safepoint    ] Total time for which application threads were stopped: 0.0003940 seconds, Stopping threads took: 0.0002173 seconds
[2022-06-13T03:33:06.487+0000][1][safepoint    ] Application time: 0.0010593 seconds
[2022-06-13T03:33:06.487+0000][1][safepoint    ] Entering safepoint region: RevokeBias
[2022-06-13T03:33:06.487+0000][1][safepoint    ] Leaving safepoint region
[2022-06-13T03:33:06.488+0000][1][safepoint    ] Total time for which application threads were stopped: 0.0005653 seconds, Stopping threads took: 0.0002264 seconds
[2022-06-13T03:33:06.488+0000][1][safepoint    ] Application time: 0.0001411 seconds
[2022-06-13T03:33:06.488+0000][1][safepoint    ] Entering safepoint region: RevokeBias
[2022-06-13T03:33:06.488+0000][1][safepoint    ] Leaving safepoint region
[2022-06-13T03:33:06.488+0000][1][safepoint    ] Total time for which application threads were stopped: 0.0003208 seconds, Stopping threads took: 0.0001711 seconds
[2022-06-13T03:33:06.490+0000][1][safepoint    ] Application time: 0.0015244 seconds
[2022-06-13T03:33:06.490+0000][1][safepoint    ] Entering safepoint region: RevokeBias
[2022-06-13T03:33:06.491+0000][1][safepoint    ] Leaving safepoint region
[2022-06-13T03:33:06.491+0000][1][safepoint    ] Total time for which application threads were stopped: 0.0004073 seconds, Stopping threads took: 0.0002408 seconds
[2022-06-13T03:33:06.491+0000][1][safepoint    ] Application time: 0.0001009 seconds
[2022-06-13T03:33:06.491+0000][1][safepoint    ] Entering safepoint region: RevokeBias
[2022-06-13T03:33:06.492+0000][1][safepoint    ] Leaving safepoint region
[2022-06-13T03:33:06.492+0000][1][safepoint    ] Total time for which application threads were stopped: 0.0005742 seconds, Stopping threads took: 0.0003769 seconds
[2022-06-13T03:33:06.495+0000][1][safepoint    ] Application time: 0.0027137 seconds
[2022-06-13T03:33:06.495+0000][1][safepoint    ] Entering safepoint region: GenCollectForAllocation
[2022-06-13T03:33:06.495+0000][1][gc,start     ] GC(21) Pause Young (Allocation Failure)
[2022-06-13T03:33:06.496+0000][1][gc,task      ] GC(21) Using 5 workers of 13 for evacuation
[2022-06-13T03:33:06.502+0000][1][gc,age       ] GC(21) Desired survivor size 4456448 bytes, new threshold 2 (max threshold 6)
[2022-06-13T03:33:06.502+0000][1][gc,age       ] GC(21) Age table with threshold 2 (max threshold 6)
[2022-06-13T03:33:06.502+0000][1][gc,age       ] GC(21) - age   1:    3747040 bytes,    3747040 total
[2022-06-13T03:33:06.503+0000][1][gc,age       ] GC(21) - age   2:    1544176 bytes,    5291216 total
[2022-06-13T03:33:06.503+0000][1][gc,heap      ] GC(21) ParNew: 77219K->7681K(78656K)
[2022-06-13T03:33:06.503+0000][1][gc,heap      ] GC(21) CMS: 60234K->63031K(174784K)
[2022-06-13T03:33:06.503+0000][1][gc,metaspace ] GC(21) Metaspace: 63025K->63025K(1105920K)
[2022-06-13T03:33:06.504+0000][1][gc           ] GC(21) Pause Young (Allocation Failure) 134M->69M(247M) 8.396ms
[2022-06-13T03:33:06.504+0000][1][gc,cpu       ] GC(21) User=0.04s Sys=0.00s Real=0.01s
[2022-06-13T03:33:06.504+0000][1][safepoint    ] Leaving safepoint region
[2022-06-13T03:33:06.504+0000][1][safepoint    ] Total time for which application threads were stopped: 0.0094786 seconds, Stopping threads took: 0.0003015 seconds
[2022-06-13T03:33:06.506+0000][1][safepoint    ] Application time: 0.0010308 seconds
[2022-06-13T03:33:06.506+0000][1][safepoint    ] Entering safepoint region: RevokeBias
[2022-06-13T03:33:06.506+0000][1][safepoint    ] Leaving safepoint region
[2022-06-13T03:33:06.506+0000][1][safepoint    ] Total time for which application threads were stopped: 0.0002906 seconds, Stopping threads took: 0.0001351 seconds
[2022-06-13T03:33:06.506+0000][1][safepoint    ] Application time: 0.0001455 seconds
[2022-06-13T03:33:06.506+0000][1][safepoint    ] Entering safepoint region: RevokeBias
[2022-06-13T03:33:06.507+0000][1][safepoint    ] Leaving safepoint region
[2022-06-13T03:33:06.507+0000][1][safepoint    ] Total time for which application threads were stopped: 0.0002719 seconds, Stopping threads took: 0.0001212 seconds
[2022-06-13T03:33:06.507+0000][1][safepoint    ] Application time: 0.0001209 seconds
[2022-06-13T03:33:06.507+0000][1][safepoint    ] Entering safepoint region: RevokeBias
[2022-06-13T03:33:06.507+0000][1][safepoint    ] Leaving safepoint region
[2022-06-13T03:33:06.507+0000][1][safepoint    ] Total time for which application threads were stopped: 0.0003090 seconds, Stopping threads took: 0.0001195 seconds
[2022-06-13T03:33:06.508+0000][1][safepoint    ] Application time: 0.0000973 seconds
[2022-06-13T03:33:06.508+0000][1][safepoint    ] Entering safepoint region: RevokeBias
[2022-06-13T03:33:06.508+0000][1][safepoint    ] Leaving safepoint region
[2022-06-13T03:33:06.508+0000][1][safepoint    ] Total time for which application threads were stopped: 0.0002864 seconds, Stopping threads took: 0.0001318 seconds
[2022-06-13T03:33:06.510+0000][1][safepoint    ] Application time: 0.0018880 seconds
[2022-06-13T03:33:06.510+0000][1][safepoint    ] Entering safepoint region: RevokeBias
[2022-06-13T03:33:06.510+0000][1][safepoint    ] Leaving safepoint region
[2022-06-13T03:33:06.510+0000][1][safepoint    ] Total time for which application threads were stopped: 0.0002389 seconds, Stopping threads took: 0.0001144 seconds
[2022-06-13T03:33:06.511+0000][1][safepoint    ] Application time: 0.0001102 seconds
[2022-06-13T03:33:06.511+0000][1][safepoint    ] Entering safepoint region: RevokeBias
[2022-06-13T03:33:06.511+0000][1][safepoint    ] Leaving safepoint region
[2022-06-13T03:33:06.511+0000][1][safepoint    ] Total time for which application threads were stopped: 0.0003918 seconds, Stopping threads took: 0.0002237 seconds
[2022-06-13T03:33:06.511+0000][1][safepoint    ] Application time: 0.0001336 seconds
[2022-06-13T03:33:06.512+0000][1][safepoint    ] Entering safepoint region: RevokeBias
[2022-06-13T03:33:06.512+0000][1][safepoint    ] Leaving safepoint region
[2022-06-13T03:33:06.512+0000][1][safepoint    ] Total time for which application threads were stopped: 0.0003164 seconds, Stopping threads took: 0.0001793 seconds
[2022-06-13T03:33:06.512+0000][1][safepoint    ] Application time: 0.0001359 seconds
[2022-06-13T03:33:06.512+0000][1][safepoint    ] Entering safepoint region: RevokeBias
[2022-06-13T03:33:06.512+0000][1][safepoint    ] Leaving safepoint region
[2022-06-13T03:33:06.513+0000][1][safepoint    ] Total time for which application threads were stopped: 0.0003477 seconds, Stopping threads took: 0.0002086 seconds
[2022-06-13T03:33:06.514+0000][1][safepoint    ] Application time: 0.0015171 seconds
[2022-06-13T03:33:06.514+0000][1][safepoint    ] Entering safepoint region: RevokeBias
[2022-06-13T03:33:06.515+0000][1][safepoint    ] Leaving safepoint region
[2022-06-13T03:33:06.515+0000][1][safepoint    ] Total time for which application threads were stopped: 0.0003163 seconds, Stopping threads took: 0.0001433 seconds
[2022-06-13T03:33:07.128+0000][1][safepoint    ] Application time: 0.6127304 seconds
[2022-06-13T03:33:07.128+0000][1][safepoint    ] Entering safepoint region: RevokeBias
[2022-06-13T03:33:07.129+0000][1][safepoint    ] Leaving safepoint region
[2022-06-13T03:33:07.129+0000][1][safepoint    ] Total time for which application threads were stopped: 0.0008686 seconds, Stopping threads took: 0.0003474 seconds
[2022-06-13T03:33:07.258+0000][1][safepoint    ] Application time: 0.1284357 seconds
[2022-06-13T03:33:07.258+0000][1][safepoint    ] Entering safepoint region: RevokeBias
[2022-06-13T03:33:07.258+0000][1][safepoint    ] Leaving safepoint region
[2022-06-13T03:33:07.259+0000][1][safepoint    ] Total time for which application threads were stopped: 0.0005723 seconds, Stopping threads took: 0.0002515 seconds
[2022-06-13T03:33:07.259+0000][1][safepoint    ] Application time: 0.0002311 seconds
[2022-06-13T03:33:07.260+0000][1][safepoint    ] Entering safepoint region: RevokeBias
[2022-06-13T03:33:07.260+0000][1][safepoint    ] Leaving safepoint region
[2022-06-13T03:33:07.260+0000][1][safepoint    ] Total time for which application threads were stopped: 0.0005808 seconds, Stopping threads took: 0.0002911 seconds
[2022-06-13T03:33:07.261+0000][1][safepoint    ] Application time: 0.0002205 seconds
[2022-06-13T03:33:07.261+0000][1][safepoint    ] Entering safepoint region: RevokeBias
[2022-06-13T03:33:07.261+0000][1][safepoint    ] Leaving safepoint region
[2022-06-13T03:33:07.262+0000][1][safepoint    ] Total time for which application threads were stopped: 0.0007353 seconds, Stopping threads took: 0.0003169 seconds
[2022-06-13T03:33:07.262+0000][1][safepoint    ] Application time: 0.0000923 seconds
[2022-06-13T03:33:07.262+0000][1][safepoint    ] Entering safepoint region: RevokeBias
[2022-06-13T03:33:07.263+0000][1][safepoint    ] Leaving safepoint region
[2022-06-13T03:33:07.263+0000][1][safepoint    ] Total time for which application threads were stopped: 0.0003904 seconds, Stopping threads took: 0.0002090 seconds
[2022-06-13T03:33:07.263+0000][1][safepoint    ] Application time: 0.0000973 seconds
[2022-06-13T03:33:07.263+0000][1][safepoint    ] Entering safepoint region: RevokeBias
[2022-06-13T03:33:07.263+0000][1][safepoint    ] Leaving safepoint region
[2022-06-13T03:33:07.264+0000][1][safepoint    ] Total time for which application threads were stopped: 0.0003225 seconds, Stopping threads took: 0.0001533 seconds
[2022-06-13T03:33:07.264+0000][1][safepoint    ] Application time: 0.0000691 seconds
[2022-06-13T03:33:07.264+0000][1][safepoint    ] Entering safepoint region: RevokeBias
[2022-06-13T03:33:07.264+0000][1][safepoint    ] Leaving safepoint region
[2022-06-13T03:33:07.264+0000][1][safepoint    ] Total time for which application threads were stopped: 0.0001812 seconds, Stopping threads took: 0.0000821 seconds
[2022-06-13T03:33:07.264+0000][1][safepoint    ] Application time: 0.0000664 seconds
[2022-06-13T03:33:07.264+0000][1][safepoint    ] Entering safepoint region: RevokeBias
[2022-06-13T03:33:07.264+0000][1][safepoint    ] Leaving safepoint region
[2022-06-13T03:33:07.264+0000][1][safepoint    ] Total time for which application threads were stopped: 0.0001822 seconds, Stopping threads took: 0.0000869 seconds
[2022-06-13T03:33:07.265+0000][1][safepoint    ] Application time: 0.0000777 seconds
[2022-06-13T03:33:07.265+0000][1][safepoint    ] Entering safepoint region: RevokeBias
[2022-06-13T03:33:07.265+0000][1][safepoint    ] Leaving safepoint region
[2022-06-13T03:33:07.265+0000][1][safepoint    ] Total time for which application threads were stopped: 0.0001836 seconds, Stopping threads took: 0.0000897 seconds
[2022-06-13T03:33:07.450+0000][1][safepoint    ] Application time: 0.1848854 seconds
[2022-06-13T03:33:07.450+0000][1][safepoint    ] Entering safepoint region: RevokeBias
[2022-06-13T03:33:07.451+0000][1][safepoint    ] Leaving safepoint region
[2022-06-13T03:33:07.451+0000][1][safepoint    ] Total time for which application threads were stopped: 0.0010324 seconds, Stopping threads took: 0.0005196 seconds
[2022-06-13T03:33:08.452+0000][1][safepoint    ] Application time: 1.0001460 seconds
[2022-06-13T03:33:08.452+0000][1][safepoint    ] Entering safepoint region: Cleanup
[2022-06-13T03:33:08.453+0000][1][safepoint    ] Leaving safepoint region
[2022-06-13T03:33:08.453+0000][1][safepoint    ] Total time for which application threads were stopped: 0.0003664 seconds, Stopping threads took: 0.0001663 seconds
[2022-06-13T03:33:09.453+0000][1][safepoint    ] Application time: 1.0002468 seconds
[2022-06-13T03:33:09.454+0000][1][safepoint    ] Entering safepoint region: Cleanup
[2022-06-13T03:33:09.454+0000][1][safepoint    ] Leaving safepoint region
[2022-06-13T03:33:09.455+0000][1][safepoint    ] Total time for which application threads were stopped: 0.0009325 seconds, Stopping threads took: 0.0005223 seconds
[2022-06-13T03:33:09.493+0000][1][safepoint    ] Application time: 0.0380530 seconds
[2022-06-13T03:33:09.494+0000][1][safepoint    ] Entering safepoint region: RevokeBias
[2022-06-13T03:33:09.494+0000][1][safepoint    ] Leaving safepoint region
[2022-06-13T03:33:09.495+0000][1][safepoint    ] Total time for which application threads were stopped: 0.0011223 seconds, Stopping threads took: 0.0006228 seconds
[2022-06-13T03:33:09.496+0000][1][safepoint    ] Application time: 0.0002792 seconds
[2022-06-13T03:33:09.496+0000][1][safepoint    ] Entering safepoint region: RevokeBias
[2022-06-13T03:33:09.497+0000][1][safepoint    ] Leaving safepoint region
[2022-06-13T03:33:09.497+0000][1][safepoint    ] Total time for which application threads were stopped: 0.0010758 seconds, Stopping threads took: 0.0005571 seconds
[2022-06-13T03:33:09.498+0000][1][safepoint    ] Application time: 0.0003219 seconds
[2022-06-13T03:33:09.498+0000][1][safepoint    ] Entering safepoint region: RevokeBias
[2022-06-13T03:33:09.499+0000][1][safepoint    ] Leaving safepoint region
[2022-06-13T03:33:09.499+0000][1][safepoint    ] Total time for which application threads were stopped: 0.0009244 seconds, Stopping threads took: 0.0005380 seconds
[2022-06-13T03:33:09.500+0000][1][safepoint    ] Application time: 0.0002002 seconds
[2022-06-13T03:33:09.500+0000][1][safepoint    ] Entering safepoint region: RevokeBias
[2022-06-13T03:33:09.501+0000][1][safepoint    ] Leaving safepoint region
[2022-06-13T03:33:09.501+0000][1][safepoint    ] Total time for which application threads were stopped: 0.0009683 seconds, Stopping threads took: 0.0005607 seconds
[2022-06-13T03:33:10.454+0000][1][safepoint    ] Application time: 0.9526391 seconds
[2022-06-13T03:33:10.454+0000][1][safepoint    ] Entering safepoint region: RevokeBias
[2022-06-13T03:33:10.455+0000][1][safepoint    ] Leaving safepoint region
[2022-06-13T03:33:10.455+0000][1][safepoint    ] Total time for which application threads were stopped: 0.0006805 seconds, Stopping threads took: 0.0003669 seconds
[2022-06-13T03:33:10.456+0000][1][safepoint    ] Application time: 0.0003698 seconds
[2022-06-13T03:33:10.456+0000][1][safepoint    ] Entering safepoint region: RevokeBias
[2022-06-13T03:33:10.456+0000][1][safepoint    ] Leaving safepoint region
[2022-06-13T03:33:10.457+0000][1][safepoint    ] Total time for which application threads were stopped: 0.0007097 seconds, Stopping threads took: 0.0003170 seconds
[2022-06-13T03:33:10.457+0000][1][safepoint    ] Application time: 0.0001779 seconds
[2022-06-13T03:33:10.458+0000][1][safepoint    ] Entering safepoint region: RevokeBias
[2022-06-13T03:33:10.458+0000][1][safepoint    ] Leaving safepoint region
[2022-06-13T03:33:10.458+0000][1][safepoint    ] Total time for which application threads were stopped: 0.0006359 seconds, Stopping threads took: 0.0003031 seconds
[2022-06-13T03:33:10.459+0000][1][safepoint    ] Application time: 0.0002534 seconds
[2022-06-13T03:33:10.459+0000][1][safepoint    ] Entering safepoint region: RevokeBias
[2022-06-13T03:33:10.459+0000][1][safepoint    ] Leaving safepoint region
[2022-06-13T03:33:10.460+0000][1][safepoint    ] Total time for which application threads were stopped: 0.0006624 seconds, Stopping threads took: 0.0002505 seconds
[2022-06-13T03:33:10.460+0000][1][safepoint    ] Application time: 0.0002090 seconds
[2022-06-13T03:33:10.461+0000][1][safepoint    ] Entering safepoint region: RevokeBias
[2022-06-13T03:33:10.461+0000][1][safepoint    ] Leaving safepoint region
[2022-06-13T03:33:10.461+0000][1][safepoint    ] Total time for which application threads were stopped: 0.0005633 seconds, Stopping threads took: 0.0002930 seconds
[2022-06-13T03:33:10.462+0000][1][safepoint    ] Application time: 0.0002215 seconds
[2022-06-13T03:33:10.462+0000][1][safepoint    ] Entering safepoint region: RevokeBias
[2022-06-13T03:33:10.462+0000][1][safepoint    ] Leaving safepoint region
[2022-06-13T03:33:10.462+0000][1][safepoint    ] Total time for which application threads were stopped: 0.0004929 seconds, Stopping threads took: 0.0002426 seconds
[2022-06-13T03:33:10.463+0000][1][safepoint    ] Application time: 0.0003141 seconds
[2022-06-13T03:33:10.464+0000][1][safepoint    ] Entering safepoint region: RevokeBias
[2022-06-13T03:33:10.464+0000][1][safepoint    ] Leaving safepoint region
[2022-06-13T03:33:10.464+0000][1][safepoint    ] Total time for which application threads were stopped: 0.0004391 seconds, Stopping threads took: 0.0002183 seconds
[2022-06-13T03:33:11.465+0000][1][safepoint    ] Application time: 1.0001982 seconds
[2022-06-13T03:33:11.465+0000][1][safepoint    ] Entering safepoint region: Cleanup
[2022-06-13T03:33:11.465+0000][1][safepoint    ] Leaving safepoint region
[2022-06-13T03:33:11.466+0000][1][safepoint    ] Total time for which application threads were stopped: 0.0008439 seconds, Stopping threads took: 0.0004092 seconds
[2022-06-13T03:33:12.467+0000][1][safepoint    ] Application time: 1.0002689 seconds
[2022-06-13T03:33:12.467+0000][1][safepoint    ] Entering safepoint region: Cleanup
[2022-06-13T03:33:12.467+0000][1][safepoint    ] Leaving safepoint region
[2022-06-13T03:33:12.468+0000][1][safepoint    ] Total time for which application threads were stopped: 0.0007053 seconds, Stopping threads took: 0.0003479 seconds
[2022-06-13T03:33:13.453+0000][1][safepoint    ] Application time: 0.9851574 seconds
[2022-06-13T03:33:13.454+0000][1][safepoint    ] Entering safepoint region: RevokeBias
[2022-06-13T03:33:13.455+0000][1][safepoint    ] Leaving safepoint region
[2022-06-13T03:33:13.455+0000][1][safepoint    ] Total time for which application threads were stopped: 0.0011942 seconds, Stopping threads took: 0.0005419 seconds
[2022-06-13T03:33:13.456+0000][1][safepoint    ] Application time: 0.0004578 seconds
[2022-06-13T03:33:13.456+0000][1][safepoint    ] Entering safepoint region: RevokeBias
[2022-06-13T03:33:13.457+0000][1][safepoint    ] Leaving safepoint region
[2022-06-13T03:33:13.457+0000][1][safepoint    ] Total time for which application threads were stopped: 0.0009495 seconds, Stopping threads took: 0.0004638 seconds
[2022-06-13T03:33:14.456+0000][1][safepoint    ] Application time: 0.9974923 seconds
[2022-06-13T03:33:14.457+0000][1][safepoint    ] Entering safepoint region: RevokeBias
[2022-06-13T03:33:14.458+0000][1][safepoint    ] Leaving safepoint region
[2022-06-13T03:33:14.458+0000][1][safepoint    ] Total time for which application threads were stopped: 0.0016360 seconds, Stopping threads took: 0.0007816 seconds
[2022-06-13T03:33:14.460+0000][1][safepoint    ] Application time: 0.0005451 seconds
[2022-06-13T03:33:14.460+0000][1][safepoint    ] Entering safepoint region: RevokeBias
[2022-06-13T03:33:14.460+0000][1][safepoint    ] Leaving safepoint region
[2022-06-13T03:33:14.461+0000][1][safepoint    ] Total time for which application threads were stopped: 0.0009147 seconds, Stopping threads took: 0.0003871 seconds
[2022-06-13T03:33:14.461+0000][1][safepoint    ] Application time: 0.0001805 seconds
[2022-06-13T03:33:14.462+0000][1][safepoint    ] Entering safepoint region: RevokeBias
[2022-06-13T03:33:14.462+0000][1][safepoint    ] Leaving safepoint region
[2022-06-13T03:33:14.463+0000][1][safepoint    ] Total time for which application threads were stopped: 0.0009358 seconds, Stopping threads took: 0.0004542 seconds
[2022-06-13T03:33:14.463+0000][1][safepoint    ] Application time: 0.0003302 seconds
[2022-06-13T03:33:14.464+0000][1][safepoint    ] Entering safepoint region: RevokeBias
[2022-06-13T03:33:14.464+0000][1][safepoint    ] Leaving safepoint region
[2022-06-13T03:33:14.465+0000][1][safepoint    ] Total time for which application threads were stopped: 0.0009023 seconds, Stopping threads took: 0.0004764 seconds
[2022-06-13T03:33:14.465+0000][1][safepoint    ] Application time: 0.0003090 seconds
[2022-06-13T03:33:14.466+0000][1][safepoint    ] Entering safepoint region: RevokeBias
[2022-06-13T03:33:14.466+0000][1][safepoint    ] Leaving safepoint region
[2022-06-13T03:33:14.467+0000][1][safepoint    ] Total time for which application threads were stopped: 0.0010894 seconds, Stopping threads took: 0.0005714 seconds
[2022-06-13T03:33:14.468+0000][1][safepoint    ] Application time: 0.0003376 seconds
[2022-06-13T03:33:14.468+0000][1][safepoint    ] Entering safepoint region: RevokeBias
[2022-06-13T03:33:14.468+0000][1][safepoint    ] Leaving safepoint region
[2022-06-13T03:33:14.469+0000][1][safepoint    ] Total time for which application threads were stopped: 0.0008182 seconds, Stopping threads took: 0.0003800 seconds
[2022-06-13T03:33:14.470+0000][1][safepoint    ] Application time: 0.0004351 seconds
[2022-06-13T03:33:14.470+0000][1][safepoint    ] Entering safepoint region: RevokeBias
[2022-06-13T03:33:14.470+0000][1][safepoint    ] Leaving safepoint region
[2022-06-13T03:33:14.471+0000][1][safepoint    ] Total time for which application threads were stopped: 0.0007748 seconds, Stopping threads took: 0.0003926 seconds
[2022-06-13T03:33:15.051+0000][1][safepoint    ] Application time: 0.5796371 seconds
[2022-06-13T03:33:15.051+0000][1][safepoint    ] Entering safepoint region: RevokeBias
[2022-06-13T03:33:15.051+0000][1][safepoint    ] Leaving safepoint region
[2022-06-13T03:33:15.051+0000][1][safepoint    ] Total time for which application threads were stopped: 0.0005175 seconds, Stopping threads took: 0.0002291 seconds
[2022-06-13T03:33:15.052+0000][1][safepoint    ] Application time: 0.0002223 seconds
[2022-06-13T03:33:15.052+0000][1][safepoint    ] Entering safepoint region: RevokeBias
[2022-06-13T03:33:15.052+0000][1][safepoint    ] Leaving safepoint region
[2022-06-13T03:33:15.052+0000][1][safepoint    ] Total time for which application threads were stopped: 0.0004362 seconds, Stopping threads took: 0.0002244 seconds
[2022-06-13T03:33:16.053+0000][1][safepoint    ] Application time: 1.0001858 seconds
[2022-06-13T03:33:16.053+0000][1][safepoint    ] Entering safepoint region: Cleanup
[2022-06-13T03:33:16.054+0000][1][safepoint    ] Leaving safepoint region
[2022-06-13T03:33:16.054+0000][1][safepoint    ] Total time for which application threads were stopped: 0.0008933 seconds, Stopping threads took: 0.0004671 seconds
[2022-06-13T03:33:17.055+0000][1][safepoint    ] Application time: 1.0002914 seconds
[2022-06-13T03:33:17.056+0000][1][safepoint    ] Entering safepoint region: Cleanup
[2022-06-13T03:33:17.056+0000][1][safepoint    ] Leaving safepoint region
[2022-06-13T03:33:17.057+0000][1][safepoint    ] Total time for which application threads were stopped: 0.0009115 seconds, Stopping threads took: 0.0004849 seconds
[2022-06-13T03:33:17.457+0000][1][safepoint    ] Application time: 0.3995023 seconds
[2022-06-13T03:33:17.457+0000][1][safepoint    ] Entering safepoint region: RevokeBias
[2022-06-13T03:33:17.457+0000][1][safepoint    ] Leaving safepoint region
[2022-06-13T03:33:17.457+0000][1][safepoint    ] Total time for which application threads were stopped: 0.0004367 seconds, Stopping threads took: 0.0001397 seconds
[2022-06-13T03:33:18.457+0000][1][safepoint    ] Application time: 0.9997397 seconds
[2022-06-13T03:33:18.458+0000][1][safepoint    ] Entering safepoint region: RevokeBias
[2022-06-13T03:33:18.458+0000][1][safepoint    ] Leaving safepoint region
[2022-06-13T03:33:18.458+0000][1][safepoint    ] Total time for which application threads were stopped: 0.0005405 seconds, Stopping threads took: 0.0002131 seconds
[2022-06-13T03:33:18.459+0000][1][safepoint    ] Application time: 0.0003723 seconds
[2022-06-13T03:33:18.459+0000][1][safepoint    ] Entering safepoint region: RevokeBias
[2022-06-13T03:33:18.459+0000][1][safepoint    ] Leaving safepoint region
[2022-06-13T03:33:18.459+0000][1][safepoint    ] Total time for which application threads were stopped: 0.0003976 seconds, Stopping threads took: 0.0002136 seconds
[2022-06-13T03:33:18.460+0000][1][safepoint    ] Application time: 0.0002753 seconds
[2022-06-13T03:33:18.460+0000][1][safepoint    ] Entering safepoint region: RevokeBias
[2022-06-13T03:33:18.460+0000][1][safepoint    ] Leaving safepoint region
[2022-06-13T03:33:18.460+0000][1][safepoint    ] Total time for which application threads were stopped: 0.0003070 seconds, Stopping threads took: 0.0001629 seconds
[2022-06-13T03:33:18.460+0000][1][safepoint    ] Application time: 0.0001134 seconds
[2022-06-13T03:33:18.461+0000][1][safepoint    ] Entering safepoint region: RevokeBias
[2022-06-13T03:33:18.461+0000][1][safepoint    ] Leaving safepoint region
[2022-06-13T03:33:18.461+0000][1][safepoint    ] Total time for which application threads were stopped: 0.0004836 seconds, Stopping threads took: 0.0002378 seconds
[2022-06-13T03:33:18.461+0000][1][safepoint    ] Application time: 0.0000988 seconds
[2022-06-13T03:33:18.461+0000][1][safepoint    ] Entering safepoint region: RevokeBias
[2022-06-13T03:33:18.462+0000][1][safepoint    ] Leaving safepoint region
[2022-06-13T03:33:18.462+0000][1][safepoint    ] Total time for which application threads were stopped: 0.0003149 seconds, Stopping threads took: 0.0001430 seconds
[2022-06-13T03:33:18.462+0000][1][safepoint    ] Application time: 0.0002023 seconds
[2022-06-13T03:33:18.462+0000][1][safepoint    ] Entering safepoint region: RevokeBias
[2022-06-13T03:33:18.463+0000][1][safepoint    ] Leaving safepoint region
[2022-06-13T03:33:18.463+0000][1][safepoint    ] Total time for which application threads were stopped: 0.0004482 seconds, Stopping threads took: 0.0002461 seconds
[2022-06-13T03:33:18.463+0000][1][safepoint    ] Application time: 0.0003604 seconds
[2022-06-13T03:33:18.464+0000][1][safepoint    ] Entering safepoint region: RevokeBias
[2022-06-13T03:33:18.464+0000][1][safepoint    ] Leaving safepoint region
[2022-06-13T03:33:18.464+0000][1][safepoint    ] Total time for which application threads were stopped: 0.0003674 seconds, Stopping threads took: 0.0001986 seconds
[2022-06-13T03:33:19.464+0000][1][safepoint    ] Application time: 1.0001839 seconds
[2022-06-13T03:33:19.465+0000][1][safepoint    ] Entering safepoint region: Cleanup
[2022-06-13T03:33:19.466+0000][1][safepoint    ] Leaving safepoint region
[2022-06-13T03:33:19.466+0000][1][safepoint    ] Total time for which application threads were stopped: 0.0010118 seconds, Stopping threads took: 0.0004509 seconds
[2022-06-13T03:33:20.467+0000][1][safepoint    ] Application time: 1.0001782 seconds
[2022-06-13T03:33:20.467+0000][1][safepoint    ] Entering safepoint region: Cleanup
[2022-06-13T03:33:20.467+0000][1][safepoint    ] Leaving safepoint region
[2022-06-13T03:33:20.468+0000][1][safepoint    ] Total time for which application threads were stopped: 0.0003233 seconds, Stopping threads took: 0.0001622 seconds
[2022-06-13T03:33:21.457+0000][1][safepoint    ] Application time: 0.9896459 seconds
[2022-06-13T03:33:21.458+0000][1][safepoint    ] Entering safepoint region: RevokeBias
[2022-06-13T03:33:21.458+0000][1][safepoint    ] Leaving safepoint region
[2022-06-13T03:33:21.459+0000][1][safepoint    ] Total time for which application threads were stopped: 0.0008641 seconds, Stopping threads took: 0.0003370 seconds
[2022-06-13T03:33:21.459+0000][1][safepoint    ] Application time: 0.0003585 seconds
[2022-06-13T03:33:21.460+0000][1][safepoint    ] Entering safepoint region: RevokeBias
[2022-06-13T03:33:21.460+0000][1][safepoint    ] Leaving safepoint region
[2022-06-13T03:33:21.460+0000][1][safepoint    ] Total time for which application threads were stopped: 0.0005195 seconds, Stopping threads took: 0.0002093 seconds
[2022-06-13T03:33:22.459+0000][1][safepoint    ] Application time: 0.9982636 seconds
[2022-06-13T03:33:22.459+0000][1][safepoint    ] Entering safepoint region: RevokeBias
[2022-06-13T03:33:22.460+0000][1][safepoint    ] Leaving safepoint region
[2022-06-13T03:33:22.460+0000][1][safepoint    ] Total time for which application threads were stopped: 0.0006196 seconds, Stopping threads took: 0.0001931 seconds
[2022-06-13T03:33:22.461+0000][1][safepoint    ] Application time: 0.0005791 seconds
[2022-06-13T03:33:22.461+0000][1][safepoint    ] Entering safepoint region: RevokeBias
[2022-06-13T03:33:22.462+0000][1][safepoint    ] Leaving safepoint region
[2022-06-13T03:33:22.462+0000][1][safepoint    ] Total time for which application threads were stopped: 0.0008299 seconds, Stopping threads took: 0.0002611 seconds
[2022-06-13T03:33:22.463+0000][1][safepoint    ] Application time: 0.0001007 seconds
[2022-06-13T03:33:22.463+0000][1][safepoint    ] Entering safepoint region: RevokeBias
[2022-06-13T03:33:22.463+0000][1][safepoint    ] Leaving safepoint region
[2022-06-13T03:33:22.464+0000][1][safepoint    ] Total time for which application threads were stopped: 0.0007053 seconds, Stopping threads took: 0.0003291 seconds
[2022-06-13T03:33:22.464+0000][1][safepoint    ] Application time: 0.0003576 seconds
[2022-06-13T03:33:22.465+0000][1][safepoint    ] Entering safepoint region: RevokeBias
[2022-06-13T03:33:22.465+0000][1][safepoint    ] Leaving safepoint region
[2022-06-13T03:33:22.465+0000][1][safepoint    ] Total time for which application threads were stopped: 0.0006366 seconds, Stopping threads took: 0.0003670 seconds
[2022-06-13T03:33:22.466+0000][1][safepoint    ] Application time: 0.0002475 seconds
[2022-06-13T03:33:22.466+0000][1][safepoint    ] Entering safepoint region: RevokeBias
[2022-06-13T03:33:22.466+0000][1][safepoint    ] Leaving safepoint region
[2022-06-13T03:33:22.467+0000][1][safepoint    ] Total time for which application threads were stopped: 0.0006810 seconds, Stopping threads took: 0.0002695 seconds
[2022-06-13T03:33:22.467+0000][1][safepoint    ] Application time: 0.0002583 seconds
[2022-06-13T03:33:22.468+0000][1][safepoint    ] Entering safepoint region: BulkRevokeBias
[2022-06-13T03:33:22.468+0000][1][safepoint    ] Leaving safepoint region
[2022-06-13T03:33:22.469+0000][1][safepoint    ] Total time for which application threads were stopped: 0.0009978 seconds, Stopping threads took: 0.0002175 seconds
[2022-06-13T03:33:23.469+0000][1][safepoint    ] Application time: 1.0002189 seconds
[2022-06-13T03:33:23.469+0000][1][safepoint    ] Entering safepoint region: Cleanup
[2022-06-13T03:33:23.470+0000][1][safepoint    ] Leaving safepoint region
[2022-06-13T03:33:23.470+0000][1][safepoint    ] Total time for which application threads were stopped: 0.0005402 seconds, Stopping threads took: 0.0002436 seconds
[2022-06-13T03:33:24.470+0000][1][safepoint    ] Application time: 1.0001501 seconds
[2022-06-13T03:33:24.471+0000][1][safepoint    ] Entering safepoint region: Cleanup
[2022-06-13T03:33:24.471+0000][1][safepoint    ] Leaving safepoint region
[2022-06-13T03:33:24.471+0000][1][safepoint    ] Total time for which application threads were stopped: 0.0003603 seconds, Stopping threads took: 0.0001909 seconds
[2022-06-13T03:33:25.459+0000][1][safepoint    ] Application time: 0.9880331 seconds
[2022-06-13T03:33:25.460+0000][1][safepoint    ] Entering safepoint region: RevokeBias
[2022-06-13T03:33:25.461+0000][1][safepoint    ] Leaving safepoint region
[2022-06-13T03:33:25.461+0000][1][safepoint    ] Total time for which application threads were stopped: 0.0010590 seconds, Stopping threads took: 0.0005384 seconds
[2022-06-13T03:33:25.461+0000][1][safepoint    ] Application time: 0.0000553 seconds
[2022-06-13T03:33:25.462+0000][1][safepoint    ] Entering safepoint region: BulkRevokeBias
[2022-06-13T03:33:25.463+0000][1][safepoint    ] Leaving safepoint region
[2022-06-13T03:33:25.463+0000][1][safepoint    ] Total time for which application threads were stopped: 0.0015014 seconds, Stopping threads took: 0.0003668 seconds
[2022-06-13T03:33:26.461+0000][1][safepoint    ] Application time: 0.9974566 seconds
[2022-06-13T03:33:26.461+0000][1][safepoint    ] Entering safepoint region: RevokeBias
[2022-06-13T03:33:26.462+0000][1][safepoint    ] Leaving safepoint region
[2022-06-13T03:33:26.462+0000][1][safepoint    ] Total time for which application threads were stopped: 0.0008156 seconds, Stopping threads took: 0.0003437 seconds
[2022-06-13T03:33:26.463+0000][1][safepoint    ] Application time: 0.0005294 seconds
[2022-06-13T03:33:26.463+0000][1][safepoint    ] Entering safepoint region: RevokeBias
[2022-06-13T03:33:26.464+0000][1][safepoint    ] Leaving safepoint region
[2022-06-13T03:33:26.464+0000][1][safepoint    ] Total time for which application threads were stopped: 0.0006900 seconds, Stopping threads took: 0.0003555 seconds
[2022-06-13T03:33:26.465+0000][1][safepoint    ] Application time: 0.0003374 seconds
[2022-06-13T03:33:26.465+0000][1][safepoint    ] Entering safepoint region: RevokeBias
[2022-06-13T03:33:26.466+0000][1][safepoint    ] Leaving safepoint region
[2022-06-13T03:33:26.466+0000][1][safepoint    ] Total time for which application threads were stopped: 0.0009565 seconds, Stopping threads took: 0.0006204 seconds
[2022-06-13T03:33:27.466+0000][1][safepoint    ] Application time: 1.0002211 seconds
[2022-06-13T03:33:27.467+0000][1][safepoint    ] Entering safepoint region: Cleanup
[2022-06-13T03:33:27.468+0000][1][safepoint    ] Leaving safepoint region
[2022-06-13T03:33:27.468+0000][1][safepoint    ] Total time for which application threads were stopped: 0.0012095 seconds, Stopping threads took: 0.0005371 seconds
[2022-06-13T03:33:28.469+0000][1][safepoint    ] Application time: 1.0002822 seconds
[2022-06-13T03:33:28.470+0000][1][safepoint    ] Entering safepoint region: Cleanup
[2022-06-13T03:33:28.470+0000][1][safepoint    ] Leaving safepoint region
[2022-06-13T03:33:28.471+0000][1][safepoint    ] Total time for which application threads were stopped: 0.0009543 seconds, Stopping threads took: 0.0004490 seconds
[2022-06-13T03:33:29.461+0000][1][safepoint    ] Application time: 0.9899569 seconds
[2022-06-13T03:33:29.461+0000][1][safepoint    ] Entering safepoint region: RevokeBias
[2022-06-13T03:33:29.462+0000][1][safepoint    ] Leaving safepoint region
[2022-06-13T03:33:29.462+0000][1][safepoint    ] Total time for which application threads were stopped: 0.0008613 seconds, Stopping threads took: 0.0003536 seconds
[2022-06-13T03:33:30.461+0000][1][safepoint    ] Application time: 0.9987902 seconds
[2022-06-13T03:33:30.462+0000][1][safepoint    ] Entering safepoint region: RevokeBias
[2022-06-13T03:33:30.462+0000][1][safepoint    ] Leaving safepoint region
[2022-06-13T03:33:30.463+0000][1][safepoint    ] Total time for which application threads were stopped: 0.0005597 seconds, Stopping threads took: 0.0002499 seconds
[2022-06-13T03:33:30.463+0000][1][safepoint    ] Application time: 0.0003555 seconds
[2022-06-13T03:33:30.463+0000][1][safepoint    ] Entering safepoint region: RevokeBias
[2022-06-13T03:33:30.464+0000][1][safepoint    ] Leaving safepoint region
[2022-06-13T03:33:30.464+0000][1][safepoint    ] Total time for which application threads were stopped: 0.0005156 seconds, Stopping threads took: 0.0002269 seconds
[2022-06-13T03:33:30.464+0000][1][safepoint    ] Application time: 0.0003277 seconds
[2022-06-13T03:33:30.465+0000][1][safepoint    ] Entering safepoint region: RevokeBias
[2022-06-13T03:33:30.465+0000][1][safepoint    ] Leaving safepoint region
[2022-06-13T03:33:30.466+0000][1][safepoint    ] Total time for which application threads were stopped: 0.0006187 seconds, Stopping threads took: 0.0003454 seconds
[2022-06-13T03:33:30.466+0000][1][safepoint    ] Application time: 0.0005243 seconds
[2022-06-13T03:33:30.467+0000][1][safepoint    ] Entering safepoint region: RevokeBias
[2022-06-13T03:33:30.467+0000][1][safepoint    ] Leaving safepoint region
[2022-06-13T03:33:30.467+0000][1][safepoint    ] Total time for which application threads were stopped: 0.0004764 seconds, Stopping threads took: 0.0002834 seconds
[2022-06-13T03:33:30.468+0000][1][safepoint    ] Application time: 0.0004179 seconds
[2022-06-13T03:33:30.468+0000][1][safepoint    ] Entering safepoint region: RevokeBias
[2022-06-13T03:33:30.468+0000][1][safepoint    ] Leaving safepoint region
[2022-06-13T03:33:30.468+0000][1][safepoint    ] Total time for which application threads were stopped: 0.0003470 seconds, Stopping threads took: 0.0001743 seconds
[2022-06-13T03:33:31.469+0000][1][safepoint    ] Application time: 1.0003047 seconds
[2022-06-13T03:33:31.469+0000][1][safepoint    ] Entering safepoint region: Cleanup
[2022-06-13T03:33:31.470+0000][1][safepoint    ] Leaving safepoint region
[2022-06-13T03:33:31.470+0000][1][safepoint    ] Total time for which application threads were stopped: 0.0007723 seconds, Stopping threads took: 0.0003519 seconds
[2022-06-13T03:33:32.471+0000][1][safepoint    ] Application time: 1.0002146 seconds
[2022-06-13T03:33:32.471+0000][1][safepoint    ] Entering safepoint region: Cleanup
[2022-06-13T03:33:32.472+0000][1][safepoint    ] Leaving safepoint region
[2022-06-13T03:33:32.472+0000][1][safepoint    ] Total time for which application threads were stopped: 0.0006601 seconds, Stopping threads took: 0.0003463 seconds
[2022-06-13T03:33:33.462+0000][1][safepoint    ] Application time: 0.9895793 seconds
[2022-06-13T03:33:33.463+0000][1][safepoint    ] Entering safepoint region: RevokeBias
[2022-06-13T03:33:33.463+0000][1][safepoint    ] Leaving safepoint region
[2022-06-13T03:33:33.463+0000][1][safepoint    ] Total time for which application threads were stopped: 0.0007514 seconds, Stopping threads took: 0.0003865 seconds
[2022-06-13T03:33:33.464+0000][1][safepoint    ] Application time: 0.0000647 seconds
[2022-06-13T03:33:33.464+0000][1][safepoint    ] Entering safepoint region: RevokeBias
[2022-06-13T03:33:33.464+0000][1][safepoint    ] Leaving safepoint region
[2022-06-13T03:33:33.465+0000][1][safepoint    ] Total time for which application threads were stopped: 0.0006042 seconds, Stopping threads took: 0.0003833 seconds
[2022-06-13T03:33:33.465+0000][1][safepoint    ] Application time: 0.0003587 seconds
[2022-06-13T03:33:33.466+0000][1][safepoint    ] Entering safepoint region: RevokeBias
[2022-06-13T03:33:33.466+0000][1][safepoint    ] Leaving safepoint region
[2022-06-13T03:33:33.466+0000][1][safepoint    ] Total time for which application threads were stopped: 0.0008125 seconds, Stopping threads took: 0.0004041 seconds
[2022-06-13T03:33:34.465+0000][1][safepoint    ] Application time: 0.9981114 seconds
[2022-06-13T03:33:34.465+0000][1][safepoint    ] Entering safepoint region: RevokeBias
[2022-06-13T03:33:34.466+0000][1][safepoint    ] Leaving safepoint region
[2022-06-13T03:33:34.466+0000][1][safepoint    ] Total time for which application threads were stopped: 0.0011830 seconds, Stopping threads took: 0.0005605 seconds
[2022-06-13T03:33:34.469+0000][1][safepoint    ] Application time: 0.0016041 seconds
[2022-06-13T03:33:34.469+0000][1][safepoint    ] Entering safepoint region: RevokeBias
[2022-06-13T03:33:34.470+0000][1][safepoint    ] Leaving safepoint region
[2022-06-13T03:33:34.471+0000][1][safepoint    ] Total time for which application threads were stopped: 0.0014599 seconds, Stopping threads took: 0.0006068 seconds
[2022-06-13T03:33:34.473+0000][1][safepoint    ] Application time: 0.0009300 seconds
[2022-06-13T03:33:34.473+0000][1][safepoint    ] Entering safepoint region: RevokeBias
[2022-06-13T03:33:34.473+0000][1][safepoint    ] Leaving safepoint region
[2022-06-13T03:33:34.474+0000][1][safepoint    ] Total time for which application threads were stopped: 0.0013721 seconds, Stopping threads took: 0.0003853 seconds
[2022-06-13T03:33:34.475+0000][1][safepoint    ] Application time: 0.0007375 seconds
[2022-06-13T03:33:34.476+0000][1][safepoint    ] Entering safepoint region: RevokeBias
[2022-06-13T03:33:34.477+0000][1][safepoint    ] Leaving safepoint region
[2022-06-13T03:33:34.477+0000][1][safepoint    ] Total time for which application threads were stopped: 0.0012892 seconds, Stopping threads took: 0.0007380 seconds
[2022-06-13T03:33:35.478+0000][1][safepoint    ] Application time: 1.0002126 seconds
[2022-06-13T03:33:35.478+0000][1][safepoint    ] Entering safepoint region: Cleanup
[2022-06-13T03:33:35.478+0000][1][safepoint    ] Leaving safepoint region
[2022-06-13T03:33:35.479+0000][1][safepoint    ] Total time for which application threads were stopped: 0.0006363 seconds, Stopping threads took: 0.0003030 seconds
[2022-06-13T03:33:36.471+0000][1][safepoint    ] Application time: 0.9921948 seconds
[2022-06-13T03:33:36.472+0000][1][safepoint    ] Entering safepoint region: RevokeBias
[2022-06-13T03:33:36.472+0000][1][safepoint    ] Leaving safepoint region
[2022-06-13T03:33:36.473+0000][1][safepoint    ] Total time for which application threads were stopped: 0.0008918 seconds, Stopping threads took: 0.0003034 seconds
[2022-06-13T03:33:36.476+0000][1][safepoint    ] Application time: 0.0027864 seconds
[2022-06-13T03:33:36.476+0000][1][safepoint    ] Entering safepoint region: RevokeBias
[2022-06-13T03:33:36.476+0000][1][safepoint    ] Leaving safepoint region
[2022-06-13T03:33:36.476+0000][1][safepoint    ] Total time for which application threads were stopped: 0.0005597 seconds, Stopping threads took: 0.0002898 seconds
[2022-06-13T03:33:36.477+0000][1][safepoint    ] Application time: 0.0003753 seconds
[2022-06-13T03:33:36.477+0000][1][safepoint    ] Entering safepoint region: RevokeBias
[2022-06-13T03:33:36.478+0000][1][safepoint    ] Leaving safepoint region
[2022-06-13T03:33:36.478+0000][1][safepoint    ] Total time for which application threads were stopped: 0.0005058 seconds, Stopping threads took: 0.0002404 seconds
[2022-06-13T03:33:37.465+0000][1][safepoint    ] Application time: 0.9866013 seconds
[2022-06-13T03:33:37.465+0000][1][safepoint    ] Entering safepoint region: RevokeBias
[2022-06-13T03:33:37.465+0000][1][safepoint    ] Leaving safepoint region
[2022-06-13T03:33:37.466+0000][1][safepoint    ] Total time for which application threads were stopped: 0.0008843 seconds, Stopping threads took: 0.0004206 seconds
[2022-06-13T03:33:37.466+0000][1][safepoint    ] Application time: 0.0001878 seconds
[2022-06-13T03:33:37.467+0000][1][safepoint    ] Entering safepoint region: RevokeBias
[2022-06-13T03:33:37.467+0000][1][safepoint    ] Leaving safepoint region
[2022-06-13T03:33:37.467+0000][1][safepoint    ] Total time for which application threads were stopped: 0.0007740 seconds, Stopping threads took: 0.0003673 seconds
[2022-06-13T03:33:37.468+0000][1][safepoint    ] Application time: 0.0004761 seconds
[2022-06-13T03:33:37.469+0000][1][safepoint    ] Entering safepoint region: RevokeBias
[2022-06-13T03:33:37.469+0000][1][safepoint    ] Leaving safepoint region
[2022-06-13T03:33:37.469+0000][1][safepoint    ] Total time for which application threads were stopped: 0.0007286 seconds, Stopping threads took: 0.0003361 seconds
[2022-06-13T03:33:37.470+0000][1][safepoint    ] Application time: 0.0004145 seconds
[2022-06-13T03:33:37.471+0000][1][safepoint    ] Entering safepoint region: RevokeBias
[2022-06-13T03:33:37.471+0000][1][safepoint    ] Leaving safepoint region
[2022-06-13T03:33:37.471+0000][1][safepoint    ] Total time for which application threads were stopped: 0.0007327 seconds, Stopping threads took: 0.0003310 seconds
[2022-06-13T03:33:38.465+0000][1][safepoint    ] Application time: 0.9936688 seconds
[2022-06-13T03:33:38.466+0000][1][safepoint    ] Entering safepoint region: RevokeBias
[2022-06-13T03:33:38.467+0000][1][safepoint    ] Leaving safepoint region
[2022-06-13T03:33:38.467+0000][1][safepoint    ] Total time for which application threads were stopped: 0.0013838 seconds, Stopping threads took: 0.0007126 seconds
[2022-06-13T03:33:38.468+0000][1][safepoint    ] Application time: 0.0003744 seconds
[2022-06-13T03:33:38.469+0000][1][safepoint    ] Entering safepoint region: RevokeBias
[2022-06-13T03:33:38.469+0000][1][safepoint    ] Leaving safepoint region
[2022-06-13T03:33:38.470+0000][1][safepoint    ] Total time for which application threads were stopped: 0.0014042 seconds, Stopping threads took: 0.0006736 seconds
[2022-06-13T03:33:38.471+0000][1][safepoint    ] Application time: 0.0007921 seconds
[2022-06-13T03:33:38.472+0000][1][safepoint    ] Entering safepoint region: RevokeBias
[2022-06-13T03:33:38.473+0000][1][safepoint    ] Leaving safepoint region
[2022-06-13T03:33:38.473+0000][1][safepoint    ] Total time for which application threads were stopped: 0.0012193 seconds, Stopping threads took: 0.0008018 seconds
[2022-06-13T03:33:39.474+0000][1][safepoint    ] Application time: 1.0003688 seconds
[2022-06-13T03:33:39.474+0000][1][safepoint    ] Entering safepoint region: Cleanup
[2022-06-13T03:33:39.474+0000][1][safepoint    ] Leaving safepoint region
[2022-06-13T03:33:39.475+0000][1][safepoint    ] Total time for which application threads were stopped: 0.0005894 seconds, Stopping threads took: 0.0002437 seconds
[2022-06-13T03:33:40.475+0000][1][safepoint    ] Application time: 1.0001170 seconds
[2022-06-13T03:33:40.475+0000][1][safepoint    ] Entering safepoint region: Cleanup
[2022-06-13T03:33:40.476+0000][1][safepoint    ] Leaving safepoint region
[2022-06-13T03:33:40.476+0000][1][safepoint    ] Total time for which application threads were stopped: 0.0004965 seconds, Stopping threads took: 0.0002478 seconds
[2022-06-13T03:33:41.466+0000][1][safepoint    ] Application time: 0.9899950 seconds
[2022-06-13T03:33:41.466+0000][1][safepoint    ] Entering safepoint region: RevokeBias
[2022-06-13T03:33:41.467+0000][1][safepoint    ] Leaving safepoint region
[2022-06-13T03:33:41.467+0000][1][safepoint    ] Total time for which application threads were stopped: 0.0008506 seconds, Stopping threads took: 0.0003926 seconds
[2022-06-13T03:33:41.468+0000][1][safepoint    ] Application time: 0.0005989 seconds
[2022-06-13T03:33:41.468+0000][1][safepoint    ] Entering safepoint region: RevokeBias
[2022-06-13T03:33:41.469+0000][1][safepoint    ] Leaving safepoint region
[2022-06-13T03:33:41.469+0000][1][safepoint    ] Total time for which application threads were stopped: 0.0006510 seconds, Stopping threads took: 0.0002916 seconds
[2022-06-13T03:33:42.467+0000][1][safepoint    ] Application time: 0.9975410 seconds
[2022-06-13T03:33:42.467+0000][1][safepoint    ] Entering safepoint region: RevokeBias
[2022-06-13T03:33:42.468+0000][1][safepoint    ] Leaving safepoint region
[2022-06-13T03:33:42.468+0000][1][safepoint    ] Total time for which application threads were stopped: 0.0008314 seconds, Stopping threads took: 0.0001734 seconds
[2022-06-13T03:33:42.469+0000][1][safepoint    ] Application time: 0.0004599 seconds
[2022-06-13T03:33:42.469+0000][1][safepoint    ] Entering safepoint region: RevokeBias
[2022-06-13T03:33:42.470+0000][1][safepoint    ] Leaving safepoint region
[2022-06-13T03:33:42.470+0000][1][safepoint    ] Total time for which application threads were stopped: 0.0008852 seconds, Stopping threads took: 0.0003403 seconds
[2022-06-13T03:33:42.471+0000][1][safepoint    ] Application time: 0.0005245 seconds
[2022-06-13T03:33:42.471+0000][1][safepoint    ] Entering safepoint region: RevokeBias
[2022-06-13T03:33:42.472+0000][1][safepoint    ] Leaving safepoint region
[2022-06-13T03:33:42.472+0000][1][safepoint    ] Total time for which application threads were stopped: 0.0009430 seconds, Stopping threads took: 0.0002562 seconds
[2022-06-13T03:33:43.473+0000][1][safepoint    ] Application time: 1.0001464 seconds
[2022-06-13T03:33:43.473+0000][1][safepoint    ] Entering safepoint region: Cleanup
[2022-06-13T03:33:43.473+0000][1][safepoint    ] Leaving safepoint region
[2022-06-13T03:33:43.474+0000][1][safepoint    ] Total time for which application threads were stopped: 0.0010393 seconds, Stopping threads took: 0.0002603 seconds
[2022-06-13T03:33:44.475+0000][1][safepoint    ] Application time: 1.0002409 seconds
[2022-06-13T03:33:44.475+0000][1][safepoint    ] Entering safepoint region: Cleanup
[2022-06-13T03:33:44.476+0000][1][safepoint    ] Leaving safepoint region
[2022-06-13T03:33:44.476+0000][1][safepoint    ] Total time for which application threads were stopped: 0.0010890 seconds, Stopping threads took: 0.0005221 seconds
[2022-06-13T03:33:45.468+0000][1][safepoint    ] Application time: 0.9911820 seconds
[2022-06-13T03:33:45.468+0000][1][safepoint    ] Entering safepoint region: RevokeBias
[2022-06-13T03:33:45.470+0000][1][safepoint    ] Leaving safepoint region
[2022-06-13T03:33:45.470+0000][1][safepoint    ] Total time for which application threads were stopped: 0.0020693 seconds, Stopping threads took: 0.0003837 seconds
[2022-06-13T03:33:46.471+0000][1][safepoint    ] Application time: 1.0003266 seconds
[2022-06-13T03:33:46.471+0000][1][safepoint    ] Entering safepoint region: Cleanup
[2022-06-13T03:33:46.472+0000][1][safepoint    ] Leaving safepoint region
[2022-06-13T03:33:46.472+0000][1][safepoint    ] Total time for which application threads were stopped: 0.0007778 seconds, Stopping threads took: 0.0003690 seconds
[2022-06-13T03:33:47.472+0000][1][safepoint    ] Application time: 1.0001630 seconds
[2022-06-13T03:33:47.473+0000][1][safepoint    ] Entering safepoint region: Cleanup
[2022-06-13T03:33:47.474+0000][1][safepoint    ] Leaving safepoint region
[2022-06-13T03:33:47.474+0000][1][safepoint    ] Total time for which application threads were stopped: 0.0011293 seconds, Stopping threads took: 0.0005858 seconds
[2022-06-13T03:33:48.475+0000][1][safepoint    ] Application time: 1.0001447 seconds
[2022-06-13T03:33:48.475+0000][1][safepoint    ] Entering safepoint region: Cleanup
[2022-06-13T03:33:48.475+0000][1][safepoint    ] Leaving safepoint region
[2022-06-13T03:33:48.476+0000][1][safepoint    ] Total time for which application threads were stopped: 0.0006345 seconds, Stopping threads took: 0.0003040 seconds
[2022-06-13T03:33:49.476+0000][1][safepoint    ] Application time: 1.0002470 seconds
[2022-06-13T03:33:49.477+0000][1][safepoint    ] Entering safepoint region: Cleanup
[2022-06-13T03:33:49.477+0000][1][safepoint    ] Leaving safepoint region
[2022-06-13T03:33:49.478+0000][1][safepoint    ] Total time for which application threads were stopped: 0.0013511 seconds, Stopping threads took: 0.0005746 seconds
[2022-06-13T03:33:50.479+0000][1][safepoint    ] Application time: 1.0001439 seconds
[2022-06-13T03:33:50.479+0000][1][safepoint    ] Entering safepoint region: Cleanup
[2022-06-13T03:33:50.479+0000][1][safepoint    ] Leaving safepoint region
[2022-06-13T03:33:50.479+0000][1][safepoint    ] Total time for which application threads were stopped: 0.0004050 seconds, Stopping threads took: 0.0001433 seconds
[2022-06-13T03:33:51.480+0000][1][safepoint    ] Application time: 1.0001652 seconds
[2022-06-13T03:33:51.480+0000][1][safepoint    ] Entering safepoint region: Cleanup
[2022-06-13T03:33:51.480+0000][1][safepoint    ] Leaving safepoint region
[2022-06-13T03:33:51.480+0000][1][safepoint    ] Total time for which application threads were stopped: 0.0004263 seconds, Stopping threads took: 0.0002413 seconds
[2022-06-13T03:33:52.480+0000][1][safepoint    ] Application time: 1.0001401 seconds
[2022-06-13T03:33:52.481+0000][1][safepoint    ] Entering safepoint region: Cleanup
[2022-06-13T03:33:52.481+0000][1][safepoint    ] Leaving safepoint region
[2022-06-13T03:33:52.482+0000][1][safepoint    ] Total time for which application threads were stopped: 0.0006972 seconds, Stopping threads took: 0.0001858 seconds
[2022-06-13T03:33:55.482+0000][1][safepoint    ] Application time: 3.0004822 seconds
[2022-06-13T03:33:55.483+0000][1][safepoint    ] Entering safepoint region: Cleanup
[2022-06-13T03:33:55.483+0000][1][safepoint    ] Leaving safepoint region
[2022-06-13T03:33:55.484+0000][1][safepoint    ] Total time for which application threads were stopped: 0.0008360 seconds, Stopping threads took: 0.0003725 seconds
[2022-06-13T03:33:56.484+0000][1][safepoint    ] Application time: 1.0001771 seconds
[2022-06-13T03:33:56.485+0000][1][safepoint    ] Entering safepoint region: Cleanup
[2022-06-13T03:33:56.485+0000][1][safepoint    ] Leaving safepoint region
[2022-06-13T03:33:56.485+0000][1][safepoint    ] Total time for which application threads were stopped: 0.0005427 seconds, Stopping threads took: 0.0002488 seconds
[2022-06-13T03:33:57.486+0000][1][safepoint    ] Application time: 1.0001933 seconds
[2022-06-13T03:33:57.486+0000][1][safepoint    ] Entering safepoint region: Cleanup
[2022-06-13T03:33:57.487+0000][1][safepoint    ] Leaving safepoint region
[2022-06-13T03:33:57.487+0000][1][safepoint    ] Total time for which application threads were stopped: 0.0009912 seconds, Stopping threads took: 0.0004628 seconds
[2022-06-13T03:33:58.488+0000][1][safepoint    ] Application time: 1.0003554 seconds
[2022-06-13T03:33:58.489+0000][1][safepoint    ] Entering safepoint region: Cleanup
[2022-06-13T03:33:58.489+0000][1][safepoint    ] Leaving safepoint region
[2022-06-13T03:33:58.489+0000][1][safepoint    ] Total time for which application threads were stopped: 0.0007953 seconds, Stopping threads took: 0.0003654 seconds
[2022-06-13T03:33:58.749+0000][1][safepoint    ] Application time: 0.2594952 seconds
[2022-06-13T03:33:58.750+0000][1][safepoint    ] Entering safepoint region: RevokeBias
[2022-06-13T03:33:58.750+0000][1][safepoint    ] Leaving safepoint region
[2022-06-13T03:33:58.750+0000][1][safepoint    ] Total time for which application threads were stopped: 0.0007335 seconds, Stopping threads took: 0.0003174 seconds
[2022-06-13T03:33:59.751+0000][1][safepoint    ] Application time: 1.0002665 seconds
[2022-06-13T03:33:59.751+0000][1][safepoint    ] Entering safepoint region: Cleanup
[2022-06-13T03:33:59.752+0000][1][safepoint    ] Leaving safepoint region
[2022-06-13T03:33:59.752+0000][1][safepoint    ] Total time for which application threads were stopped: 0.0008049 seconds, Stopping threads took: 0.0002930 seconds
[2022-06-13T03:34:00.753+0000][1][safepoint    ] Application time: 1.0002281 seconds
[2022-06-13T03:34:00.753+0000][1][safepoint    ] Entering safepoint region: Cleanup
[2022-06-13T03:34:00.754+0000][1][safepoint    ] Leaving safepoint region
[2022-06-13T03:34:00.754+0000][1][safepoint    ] Total time for which application threads were stopped: 0.0010331 seconds, Stopping threads took: 0.0005006 seconds
[2022-06-13T03:34:01.755+0000][1][safepoint    ] Application time: 1.0002095 seconds
[2022-06-13T03:34:01.755+0000][1][safepoint    ] Entering safepoint region: Cleanup
[2022-06-13T03:34:01.756+0000][1][safepoint    ] Leaving safepoint region
[2022-06-13T03:34:01.756+0000][1][safepoint    ] Total time for which application threads were stopped: 0.0006539 seconds, Stopping threads took: 0.0003044 seconds
[2022-06-13T03:34:02.757+0000][1][safepoint    ] Application time: 1.0003206 seconds
[2022-06-13T03:34:02.757+0000][1][safepoint    ] Entering safepoint region: Cleanup
[2022-06-13T03:34:02.758+0000][1][safepoint    ] Leaving safepoint region
[2022-06-13T03:34:02.759+0000][1][safepoint    ] Total time for which application threads were stopped: 0.0012022 seconds, Stopping threads took: 0.0005584 seconds
[2022-06-13T03:34:03.759+0000][1][safepoint    ] Application time: 1.0001128 seconds
[2022-06-13T03:34:03.760+0000][1][safepoint    ] Entering safepoint region: Cleanup
[2022-06-13T03:34:03.760+0000][1][safepoint    ] Leaving safepoint region
[2022-06-13T03:34:03.760+0000][1][safepoint    ] Total time for which application threads were stopped: 0.0005136 seconds, Stopping threads took: 0.0002532 seconds
[2022-06-13T03:34:04.760+0000][1][safepoint    ] Application time: 1.0000966 seconds
[2022-06-13T03:34:04.761+0000][1][safepoint    ] Entering safepoint region: Cleanup
[2022-06-13T03:34:04.761+0000][1][safepoint    ] Leaving safepoint region
[2022-06-13T03:34:04.761+0000][1][safepoint    ] Total time for which application threads were stopped: 0.0005892 seconds, Stopping threads took: 0.0002725 seconds
[2022-06-13T03:34:05.762+0000][1][safepoint    ] Application time: 1.0000988 seconds
[2022-06-13T03:34:05.762+0000][1][safepoint    ] Entering safepoint region: Cleanup
[2022-06-13T03:34:05.762+0000][1][safepoint    ] Leaving safepoint region
[2022-06-13T03:34:05.763+0000][1][safepoint    ] Total time for which application threads were stopped: 0.0010508 seconds, Stopping threads took: 0.0005004 seconds
[2022-06-13T03:34:06.763+0000][1][safepoint    ] Application time: 1.0002044 seconds
[2022-06-13T03:34:06.764+0000][1][safepoint    ] Entering safepoint region: Cleanup
[2022-06-13T03:34:06.765+0000][1][safepoint    ] Leaving safepoint region
[2022-06-13T03:34:06.765+0000][1][safepoint    ] Total time for which application threads were stopped: 0.0008512 seconds, Stopping threads took: 0.0003761 seconds
[2022-06-13T03:34:07.765+0000][1][safepoint    ] Application time: 1.0001527 seconds
[2022-06-13T03:34:07.766+0000][1][safepoint    ] Entering safepoint region: Cleanup
[2022-06-13T03:34:07.766+0000][1][safepoint    ] Leaving safepoint region
[2022-06-13T03:34:07.767+0000][1][safepoint    ] Total time for which application threads were stopped: 0.0006498 seconds, Stopping threads took: 0.0002961 seconds
[2022-06-13T03:34:08.767+0000][1][safepoint    ] Application time: 1.0001705 seconds
[2022-06-13T03:34:08.768+0000][1][safepoint    ] Entering safepoint region: Cleanup
[2022-06-13T03:34:08.768+0000][1][safepoint    ] Leaving safepoint region
[2022-06-13T03:34:08.768+0000][1][safepoint    ] Total time for which application threads were stopped: 0.0007036 seconds, Stopping threads took: 0.0003362 seconds
[2022-06-13T03:34:09.769+0000][1][safepoint    ] Application time: 1.0001773 seconds
[2022-06-13T03:34:09.769+0000][1][safepoint    ] Entering safepoint region: Cleanup
[2022-06-13T03:34:09.770+0000][1][safepoint    ] Leaving safepoint region
[2022-06-13T03:34:09.770+0000][1][safepoint    ] Total time for which application threads were stopped: 0.0005762 seconds, Stopping threads took: 0.0003183 seconds
[2022-06-13T03:34:10.770+0000][1][safepoint    ] Application time: 1.0003048 seconds
[2022-06-13T03:34:10.771+0000][1][safepoint    ] Entering safepoint region: Cleanup
[2022-06-13T03:34:10.772+0000][1][safepoint    ] Leaving safepoint region
[2022-06-13T03:34:10.772+0000][1][safepoint    ] Total time for which application threads were stopped: 0.0014402 seconds, Stopping threads took: 0.0007036 seconds
[2022-06-13T03:34:11.773+0000][1][safepoint    ] Application time: 1.0002661 seconds
[2022-06-13T03:34:11.774+0000][1][safepoint    ] Entering safepoint region: Cleanup
[2022-06-13T03:34:11.774+0000][1][safepoint    ] Leaving safepoint region
[2022-06-13T03:34:11.774+0000][1][safepoint    ] Total time for which application threads were stopped: 0.0005491 seconds, Stopping threads took: 0.0002065 seconds
[2022-06-13T03:34:12.775+0000][1][safepoint    ] Application time: 1.0001434 seconds
[2022-06-13T03:34:12.775+0000][1][safepoint    ] Entering safepoint region: Cleanup
[2022-06-13T03:34:12.775+0000][1][safepoint    ] Leaving safepoint region
[2022-06-13T03:34:12.776+0000][1][safepoint    ] Total time for which application threads were stopped: 0.0005690 seconds, Stopping threads took: 0.0001818 seconds
[2022-06-13T03:34:13.776+0000][1][safepoint    ] Application time: 1.0002958 seconds
[2022-06-13T03:34:13.777+0000][1][safepoint    ] Entering safepoint region: Cleanup
[2022-06-13T03:34:13.778+0000][1][safepoint    ] Leaving safepoint region
[2022-06-13T03:34:13.778+0000][1][safepoint    ] Total time for which application threads were stopped: 0.0015659 seconds, Stopping threads took: 0.0007151 seconds
[2022-06-13T03:34:14.779+0000][1][safepoint    ] Application time: 1.0002091 seconds
[2022-06-13T03:34:14.780+0000][1][safepoint    ] Entering safepoint region: Cleanup
[2022-06-13T03:34:14.780+0000][1][safepoint    ] Leaving safepoint region
[2022-06-13T03:34:14.781+0000][1][safepoint    ] Total time for which application threads were stopped: 0.0008482 seconds, Stopping threads took: 0.0003645 seconds
[2022-06-13T03:34:15.781+0000][1][safepoint    ] Application time: 1.0001759 seconds
[2022-06-13T03:34:15.782+0000][1][safepoint    ] Entering safepoint region: Cleanup
[2022-06-13T03:34:15.782+0000][1][safepoint    ] Leaving safepoint region
[2022-06-13T03:34:15.782+0000][1][safepoint    ] Total time for which application threads were stopped: 0.0006811 seconds, Stopping threads took: 0.0002669 seconds
[2022-06-13T03:34:16.783+0000][1][safepoint    ] Application time: 1.0003911 seconds
[2022-06-13T03:34:16.784+0000][1][safepoint    ] Entering safepoint region: Cleanup
[2022-06-13T03:34:16.784+0000][1][safepoint    ] Leaving safepoint region
[2022-06-13T03:34:16.785+0000][1][safepoint    ] Total time for which application threads were stopped: 0.0012289 seconds, Stopping threads took: 0.0005349 seconds
[2022-06-13T03:34:17.786+0000][1][safepoint    ] Application time: 1.0002138 seconds
[2022-06-13T03:34:17.786+0000][1][safepoint    ] Entering safepoint region: Cleanup
[2022-06-13T03:34:17.787+0000][1][safepoint    ] Leaving safepoint region
[2022-06-13T03:34:17.787+0000][1][safepoint    ] Total time for which application threads were stopped: 0.0008886 seconds, Stopping threads took: 0.0003616 seconds
[2022-06-13T03:34:18.788+0000][1][safepoint    ] Application time: 1.0003252 seconds
[2022-06-13T03:34:18.789+0000][1][safepoint    ] Entering safepoint region: Cleanup
[2022-06-13T03:34:18.789+0000][1][safepoint    ] Leaving safepoint region
[2022-06-13T03:34:18.789+0000][1][safepoint    ] Total time for which application threads were stopped: 0.0007692 seconds, Stopping threads took: 0.0003510 seconds
[2022-06-13T03:34:19.790+0000][1][safepoint    ] Application time: 1.0002068 seconds
[2022-06-13T03:34:19.791+0000][1][safepoint    ] Entering safepoint region: Cleanup
[2022-06-13T03:34:19.791+0000][1][safepoint    ] Leaving safepoint region
[2022-06-13T03:34:19.792+0000][1][safepoint    ] Total time for which application threads were stopped: 0.0011840 seconds, Stopping threads took: 0.0004921 seconds
[2022-06-13T03:34:20.793+0000][1][safepoint    ] Application time: 1.0001578 seconds
[2022-06-13T03:34:20.793+0000][1][safepoint    ] Entering safepoint region: Cleanup
[2022-06-13T03:34:20.794+0000][1][safepoint    ] Leaving safepoint region
[2022-06-13T03:34:20.794+0000][1][safepoint    ] Total time for which application threads were stopped: 0.0011583 seconds, Stopping threads took: 0.0005222 seconds
[2022-06-13T03:34:21.795+0000][1][safepoint    ] Application time: 1.0002202 seconds
[2022-06-13T03:34:21.796+0000][1][safepoint    ] Entering safepoint region: Cleanup
[2022-06-13T03:34:21.797+0000][1][safepoint    ] Leaving safepoint region
[2022-06-13T03:34:21.797+0000][1][safepoint    ] Total time for which application threads were stopped: 0.0014964 seconds, Stopping threads took: 0.0007248 seconds
[2022-06-13T03:34:22.798+0000][1][safepoint    ] Application time: 1.0003524 seconds
[2022-06-13T03:34:22.799+0000][1][safepoint    ] Entering safepoint region: Cleanup
[2022-06-13T03:34:22.800+0000][1][safepoint    ] Leaving safepoint region
[2022-06-13T03:34:22.800+0000][1][safepoint    ] Total time for which application threads were stopped: 0.0009675 seconds, Stopping threads took: 0.0005040 seconds
[2022-06-13T03:34:23.800+0000][1][safepoint    ] Application time: 1.0001852 seconds
[2022-06-13T03:34:23.801+0000][1][safepoint    ] Entering safepoint region: Cleanup
[2022-06-13T03:34:23.801+0000][1][safepoint    ] Leaving safepoint region
[2022-06-13T03:34:23.802+0000][1][safepoint    ] Total time for which application threads were stopped: 0.0008532 seconds, Stopping threads took: 0.0004273 seconds
[2022-06-13T03:34:24.802+0000][1][safepoint    ] Application time: 1.0002318 seconds
[2022-06-13T03:34:24.803+0000][1][safepoint    ] Entering safepoint region: Cleanup
[2022-06-13T03:34:24.803+0000][1][safepoint    ] Leaving safepoint region
[2022-06-13T03:34:24.804+0000][1][safepoint    ] Total time for which application threads were stopped: 0.0009488 seconds, Stopping threads took: 0.0003831 seconds
[2022-06-13T03:34:25.805+0000][1][safepoint    ] Application time: 1.0002069 seconds
[2022-06-13T03:34:25.805+0000][1][safepoint    ] Entering safepoint region: Cleanup
[2022-06-13T03:34:25.806+0000][1][safepoint    ] Leaving safepoint region
[2022-06-13T03:34:25.806+0000][1][safepoint    ] Total time for which application threads were stopped: 0.0011143 seconds, Stopping threads took: 0.0005586 seconds
[2022-06-13T03:34:26.807+0000][1][safepoint    ] Application time: 1.0001416 seconds
[2022-06-13T03:34:26.807+0000][1][safepoint    ] Entering safepoint region: Cleanup
[2022-06-13T03:34:26.807+0000][1][safepoint    ] Leaving safepoint region
[2022-06-13T03:34:26.808+0000][1][safepoint    ] Total time for which application threads were stopped: 0.0006380 seconds, Stopping threads took: 0.0002167 seconds
[2022-06-13T03:34:27.808+0000][1][safepoint    ] Application time: 1.0000937 seconds
[2022-06-13T03:34:27.808+0000][1][safepoint    ] Entering safepoint region: Cleanup
[2022-06-13T03:34:27.809+0000][1][safepoint    ] Leaving safepoint region
[2022-06-13T03:34:27.809+0000][1][safepoint    ] Total time for which application threads were stopped: 0.0007283 seconds, Stopping threads took: 0.0003559 seconds
[2022-06-13T03:34:28.810+0000][1][safepoint    ] Application time: 1.0001871 seconds
[2022-06-13T03:34:28.810+0000][1][safepoint    ] Entering safepoint region: Cleanup
[2022-06-13T03:34:28.811+0000][1][safepoint    ] Leaving safepoint region
[2022-06-13T03:34:28.811+0000][1][safepoint    ] Total time for which application threads were stopped: 0.0004795 seconds, Stopping threads took: 0.0002204 seconds
[2022-06-13T03:34:29.811+0000][1][safepoint    ] Application time: 1.0002051 seconds
[2022-06-13T03:34:29.812+0000][1][safepoint    ] Entering safepoint region: Cleanup
[2022-06-13T03:34:29.813+0000][1][safepoint    ] Leaving safepoint region
[2022-06-13T03:34:29.814+0000][1][safepoint    ] Total time for which application threads were stopped: 0.0014051 seconds, Stopping threads took: 0.0006977 seconds
[2022-06-13T03:34:30.814+0000][1][safepoint    ] Application time: 1.0002229 seconds
[2022-06-13T03:34:30.815+0000][1][safepoint    ] Entering safepoint region: Cleanup
[2022-06-13T03:34:30.815+0000][1][safepoint    ] Leaving safepoint region
[2022-06-13T03:34:30.816+0000][1][safepoint    ] Total time for which application threads were stopped: 0.0009167 seconds, Stopping threads took: 0.0004147 seconds
[2022-06-13T03:34:31.816+0000][1][safepoint    ] Application time: 1.0001911 seconds
[2022-06-13T03:34:31.817+0000][1][safepoint    ] Entering safepoint region: Cleanup
[2022-06-13T03:34:31.818+0000][1][safepoint    ] Leaving safepoint region
[2022-06-13T03:34:31.819+0000][1][safepoint    ] Total time for which application threads were stopped: 0.0013475 seconds, Stopping threads took: 0.0006920 seconds
[2022-06-13T03:34:32.820+0000][1][safepoint    ] Application time: 1.0006395 seconds
[2022-06-13T03:34:32.820+0000][1][safepoint    ] Entering safepoint region: Cleanup
[2022-06-13T03:34:32.821+0000][1][safepoint    ] Leaving safepoint region
[2022-06-13T03:34:32.822+0000][1][safepoint    ] Total time for which application threads were stopped: 0.0012360 seconds, Stopping threads took: 0.0005399 seconds
[2022-06-13T03:34:33.822+0000][1][safepoint    ] Application time: 1.0001875 seconds
[2022-06-13T03:34:33.823+0000][1][safepoint    ] Entering safepoint region: Cleanup
[2022-06-13T03:34:33.823+0000][1][safepoint    ] Leaving safepoint region
[2022-06-13T03:34:33.824+0000][1][safepoint    ] Total time for which application threads were stopped: 0.0008331 seconds, Stopping threads took: 0.0004438 seconds
[2022-06-13T03:34:34.824+0000][1][safepoint    ] Application time: 1.0002369 seconds
[2022-06-13T03:34:34.825+0000][1][safepoint    ] Entering safepoint region: Cleanup
[2022-06-13T03:34:34.825+0000][1][safepoint    ] Leaving safepoint region
[2022-06-13T03:34:34.826+0000][1][safepoint    ] Total time for which application threads were stopped: 0.0008165 seconds, Stopping threads took: 0.0003895 seconds
[2022-06-13T03:34:35.826+0000][1][safepoint    ] Application time: 1.0002207 seconds
[2022-06-13T03:34:35.827+0000][1][safepoint    ] Entering safepoint region: Cleanup
[2022-06-13T03:34:35.827+0000][1][safepoint    ] Leaving safepoint region
[2022-06-13T03:34:35.828+0000][1][safepoint    ] Total time for which application threads were stopped: 0.0012436 seconds, Stopping threads took: 0.0005071 seconds
[2022-06-13T03:34:36.828+0000][1][safepoint    ] Application time: 1.0001586 seconds
[2022-06-13T03:34:36.829+0000][1][safepoint    ] Entering safepoint region: Cleanup
[2022-06-13T03:34:36.829+0000][1][safepoint    ] Leaving safepoint region
[2022-06-13T03:34:36.830+0000][1][safepoint    ] Total time for which application threads were stopped: 0.0007604 seconds, Stopping threads took: 0.0003463 seconds
[2022-06-13T03:34:37.830+0000][1][safepoint    ] Application time: 1.0002106 seconds
[2022-06-13T03:34:37.831+0000][1][safepoint    ] Entering safepoint region: Cleanup
[2022-06-13T03:34:37.831+0000][1][safepoint    ] Leaving safepoint region
[2022-06-13T03:34:37.831+0000][1][safepoint    ] Total time for which application threads were stopped: 0.0005728 seconds, Stopping threads took: 0.0002508 seconds
[2022-06-13T03:34:38.832+0000][1][safepoint    ] Application time: 1.0001061 seconds
[2022-06-13T03:34:38.832+0000][1][safepoint    ] Entering safepoint region: Cleanup
[2022-06-13T03:34:38.833+0000][1][safepoint    ] Leaving safepoint region
[2022-06-13T03:34:38.833+0000][1][safepoint    ] Total time for which application threads were stopped: 0.0006978 seconds, Stopping threads took: 0.0003356 seconds
[2022-06-13T03:34:39.833+0000][1][safepoint    ] Application time: 1.0002852 seconds
[2022-06-13T03:34:39.834+0000][1][safepoint    ] Entering safepoint region: Cleanup
[2022-06-13T03:34:39.834+0000][1][safepoint    ] Leaving safepoint region
[2022-06-13T03:34:39.834+0000][1][safepoint    ] Total time for which application threads were stopped: 0.0007567 seconds, Stopping threads took: 0.0002979 seconds
[2022-06-13T03:34:46.836+0000][1][safepoint    ] Application time: 7.0012736 seconds
[2022-06-13T03:34:46.836+0000][1][safepoint    ] Entering safepoint region: Cleanup
[2022-06-13T03:34:46.837+0000][1][safepoint    ] Leaving safepoint region
[2022-06-13T03:34:46.837+0000][1][safepoint    ] Total time for which application threads were stopped: 0.0008293 seconds, Stopping threads took: 0.0003761 seconds
[2022-06-13T03:34:48.838+0000][1][safepoint    ] Application time: 2.0003698 seconds
[2022-06-13T03:34:48.838+0000][1][safepoint    ] Entering safepoint region: Cleanup
[2022-06-13T03:34:48.839+0000][1][safepoint    ] Leaving safepoint region
[2022-06-13T03:34:48.839+0000][1][safepoint    ] Total time for which application threads were stopped: 0.0005814 seconds, Stopping threads took: 0.0002313 seconds
[2022-06-13T03:34:56.840+0000][1][safepoint    ] Application time: 8.0012354 seconds
[2022-06-13T03:34:56.841+0000][1][safepoint    ] Entering safepoint region: Cleanup
[2022-06-13T03:34:56.842+0000][1][safepoint    ] Leaving safepoint region
[2022-06-13T03:34:56.842+0000][1][safepoint    ] Total time for which application threads were stopped: 0.0009210 seconds, Stopping threads took: 0.0004113 seconds
[2022-06-13T03:35:00.843+0000][1][safepoint    ] Application time: 4.0007623 seconds
[2022-06-13T03:35:00.843+0000][1][safepoint    ] Entering safepoint region: Cleanup
[2022-06-13T03:35:00.844+0000][1][safepoint    ] Leaving safepoint region
[2022-06-13T03:35:00.844+0000][1][safepoint    ] Total time for which application threads were stopped: 0.0004884 seconds, Stopping threads took: 0.0001900 seconds
[2022-06-13T03:35:01.844+0000][1][safepoint    ] Application time: 1.0002046 seconds
[2022-06-13T03:35:01.845+0000][1][safepoint    ] Entering safepoint region: Cleanup
[2022-06-13T03:35:01.845+0000][1][safepoint    ] Leaving safepoint region
[2022-06-13T03:35:01.846+0000][1][safepoint    ] Total time for which application threads were stopped: 0.0006844 seconds, Stopping threads took: 0.0002488 seconds
[2022-06-13T03:35:02.846+0000][1][safepoint    ] Application time: 1.0002039 seconds
[2022-06-13T03:35:02.847+0000][1][safepoint    ] Entering safepoint region: Cleanup
[2022-06-13T03:35:02.847+0000][1][safepoint    ] Leaving safepoint region
[2022-06-13T03:35:02.848+0000][1][safepoint    ] Total time for which application threads were stopped: 0.0007867 seconds, Stopping threads took: 0.0003740 seconds
[2022-06-13T03:35:03.848+0000][1][safepoint    ] Application time: 1.0001712 seconds
[2022-06-13T03:35:03.848+0000][1][safepoint    ] Entering safepoint region: Cleanup
[2022-06-13T03:35:03.849+0000][1][safepoint    ] Leaving safepoint region
[2022-06-13T03:35:03.849+0000][1][safepoint    ] Total time for which application threads were stopped: 0.0006664 seconds, Stopping threads took: 0.0002175 seconds
[2022-06-13T03:35:04.850+0000][1][safepoint    ] Application time: 1.0002584 seconds
[2022-06-13T03:35:04.850+0000][1][safepoint    ] Entering safepoint region: Cleanup
[2022-06-13T03:35:04.850+0000][1][safepoint    ] Leaving safepoint region
[2022-06-13T03:35:04.850+0000][1][safepoint    ] Total time for which application threads were stopped: 0.0003410 seconds, Stopping threads took: 0.0001374 seconds
[2022-06-13T03:35:05.850+0000][1][safepoint    ] Application time: 1.0001257 seconds
[2022-06-13T03:35:05.851+0000][1][safepoint    ] Entering safepoint region: Cleanup
[2022-06-13T03:35:05.851+0000][1][safepoint    ] Leaving safepoint region
[2022-06-13T03:35:05.852+0000][1][safepoint    ] Total time for which application threads were stopped: 0.0007146 seconds, Stopping threads took: 0.0003076 seconds
[2022-06-13T03:35:06.852+0000][1][safepoint    ] Application time: 1.0002005 seconds
[2022-06-13T03:35:06.853+0000][1][safepoint    ] Entering safepoint region: Cleanup
[2022-06-13T03:35:06.853+0000][1][safepoint    ] Leaving safepoint region
[2022-06-13T03:35:06.854+0000][1][safepoint    ] Total time for which application threads were stopped: 0.0012084 seconds, Stopping threads took: 0.0005809 seconds
[2022-06-13T03:35:07.854+0000][1][safepoint    ] Application time: 1.0001582 seconds
[2022-06-13T03:35:07.855+0000][1][safepoint    ] Entering safepoint region: Cleanup
[2022-06-13T03:35:07.855+0000][1][safepoint    ] Leaving safepoint region
[2022-06-13T03:35:07.856+0000][1][safepoint    ] Total time for which application threads were stopped: 0.0005773 seconds, Stopping threads took: 0.0001862 seconds
[2022-06-13T03:35:08.856+0000][1][safepoint    ] Application time: 1.0002036 seconds
[2022-06-13T03:35:08.857+0000][1][safepoint    ] Entering safepoint region: Cleanup
[2022-06-13T03:35:08.857+0000][1][safepoint    ] Leaving safepoint region
[2022-06-13T03:35:08.858+0000][1][safepoint    ] Total time for which application threads were stopped: 0.0014877 seconds, Stopping threads took: 0.0005913 seconds
[2022-06-13T03:35:09.859+0000][1][safepoint    ] Application time: 1.0001276 seconds
[2022-06-13T03:35:09.859+0000][1][safepoint    ] Entering safepoint region: Cleanup
[2022-06-13T03:35:09.860+0000][1][safepoint    ] Leaving safepoint region
[2022-06-13T03:35:09.860+0000][1][safepoint    ] Total time for which application threads were stopped: 0.0008618 seconds, Stopping threads took: 0.0004314 seconds
[2022-06-13T03:35:10.860+0000][1][safepoint    ] Application time: 1.0001560 seconds
[2022-06-13T03:35:10.861+0000][1][safepoint    ] Entering safepoint region: Cleanup
[2022-06-13T03:35:10.861+0000][1][safepoint    ] Leaving safepoint region
[2022-06-13T03:35:10.861+0000][1][safepoint    ] Total time for which application threads were stopped: 0.0006916 seconds, Stopping threads took: 0.0002921 seconds
[2022-06-13T03:35:11.862+0000][1][safepoint    ] Application time: 1.0002210 seconds
[2022-06-13T03:35:11.862+0000][1][safepoint    ] Entering safepoint region: Cleanup
[2022-06-13T03:35:11.863+0000][1][safepoint    ] Leaving safepoint region
[2022-06-13T03:35:11.863+0000][1][safepoint    ] Total time for which application threads were stopped: 0.0007257 seconds, Stopping threads took: 0.0003040 seconds
[2022-06-13T03:35:12.863+0000][1][safepoint    ] Application time: 1.0001121 seconds
[2022-06-13T03:35:12.864+0000][1][safepoint    ] Entering safepoint region: Cleanup
[2022-06-13T03:35:12.864+0000][1][safepoint    ] Leaving safepoint region
[2022-06-13T03:35:12.864+0000][1][safepoint    ] Total time for which application threads were stopped: 0.0008325 seconds, Stopping threads took: 0.0003540 seconds
[2022-06-13T03:35:13.865+0000][1][safepoint    ] Application time: 1.0002365 seconds
[2022-06-13T03:35:13.865+0000][1][safepoint    ] Entering safepoint region: Cleanup
[2022-06-13T03:35:13.866+0000][1][safepoint    ] Leaving safepoint region
[2022-06-13T03:35:13.867+0000][1][safepoint    ] Total time for which application threads were stopped: 0.0011330 seconds, Stopping threads took: 0.0004237 seconds
[2022-06-13T03:35:14.867+0000][1][safepoint    ] Application time: 1.0002307 seconds
[2022-06-13T03:35:14.868+0000][1][safepoint    ] Entering safepoint region: Cleanup
[2022-06-13T03:35:14.868+0000][1][safepoint    ] Leaving safepoint region
[2022-06-13T03:35:14.868+0000][1][safepoint    ] Total time for which application threads were stopped: 0.0005658 seconds, Stopping threads took: 0.0001770 seconds
[2022-06-13T03:35:15.869+0000][1][safepoint    ] Application time: 1.0002869 seconds
[2022-06-13T03:35:15.869+0000][1][safepoint    ] Entering safepoint region: Cleanup
[2022-06-13T03:35:15.869+0000][1][safepoint    ] Leaving safepoint region
[2022-06-13T03:35:15.870+0000][1][safepoint    ] Total time for which application threads were stopped: 0.0007923 seconds, Stopping threads took: 0.0003439 seconds
[2022-06-13T03:35:16.870+0000][1][safepoint    ] Application time: 1.0001343 seconds
[2022-06-13T03:35:16.871+0000][1][safepoint    ] Entering safepoint region: Cleanup
[2022-06-13T03:35:16.871+0000][1][safepoint    ] Leaving safepoint region
[2022-06-13T03:35:16.872+0000][1][safepoint    ] Total time for which application threads were stopped: 0.0006102 seconds, Stopping threads took: 0.0002055 seconds
[2022-06-13T03:35:17.872+0000][1][safepoint    ] Application time: 1.0002539 seconds
[2022-06-13T03:35:17.873+0000][1][safepoint    ] Entering safepoint region: Cleanup
[2022-06-13T03:35:17.874+0000][1][safepoint    ] Leaving safepoint region
[2022-06-13T03:35:17.874+0000][1][safepoint    ] Total time for which application threads were stopped: 0.0011974 seconds, Stopping threads took: 0.0005400 seconds
[2022-06-13T03:35:18.875+0000][1][safepoint    ] Application time: 1.0002804 seconds
[2022-06-13T03:35:18.876+0000][1][safepoint    ] Entering safepoint region: Cleanup
[2022-06-13T03:35:18.877+0000][1][safepoint    ] Leaving safepoint region
[2022-06-13T03:35:18.877+0000][1][safepoint    ] Total time for which application threads were stopped: 0.0013515 seconds, Stopping threads took: 0.0005550 seconds
[2022-06-13T03:35:19.878+0000][1][safepoint    ] Application time: 1.0001904 seconds
[2022-06-13T03:35:19.879+0000][1][safepoint    ] Entering safepoint region: Cleanup
[2022-06-13T03:35:19.879+0000][1][safepoint    ] Leaving safepoint region
[2022-06-13T03:35:19.880+0000][1][safepoint    ] Total time for which application threads were stopped: 0.0008391 seconds, Stopping threads took: 0.0004063 seconds
[2022-06-13T03:35:20.880+0000][1][safepoint    ] Application time: 1.0002002 seconds
[2022-06-13T03:35:20.880+0000][1][safepoint    ] Entering safepoint region: Cleanup
[2022-06-13T03:35:20.881+0000][1][safepoint    ] Leaving safepoint region
[2022-06-13T03:35:20.881+0000][1][safepoint    ] Total time for which application threads were stopped: 0.0006967 seconds, Stopping threads took: 0.0002666 seconds
[2022-06-13T03:35:21.881+0000][1][safepoint    ] Application time: 1.0001706 seconds
[2022-06-13T03:35:21.882+0000][1][safepoint    ] Entering safepoint region: Cleanup
[2022-06-13T03:35:21.882+0000][1][safepoint    ] Leaving safepoint region
[2022-06-13T03:35:21.882+0000][1][safepoint    ] Total time for which application threads were stopped: 0.0005917 seconds, Stopping threads took: 0.0002974 seconds
[2022-06-13T03:35:22.883+0000][1][safepoint    ] Application time: 1.0002570 seconds
[2022-06-13T03:35:22.883+0000][1][safepoint    ] Entering safepoint region: Cleanup
[2022-06-13T03:35:22.884+0000][1][safepoint    ] Leaving safepoint region
[2022-06-13T03:35:22.884+0000][1][safepoint    ] Total time for which application threads were stopped: 0.0006184 seconds, Stopping threads took: 0.0003001 seconds
[2022-06-13T03:35:23.884+0000][1][safepoint    ] Application time: 1.0001802 seconds
[2022-06-13T03:35:23.885+0000][1][safepoint    ] Entering safepoint region: Cleanup
[2022-06-13T03:35:23.886+0000][1][safepoint    ] Leaving safepoint region
[2022-06-13T03:35:23.886+0000][1][safepoint    ] Total time for which application threads were stopped: 0.0010000 seconds, Stopping threads took: 0.0004058 seconds
[2022-06-13T03:35:24.887+0000][1][safepoint    ] Application time: 1.0001935 seconds
[2022-06-13T03:35:24.887+0000][1][safepoint    ] Entering safepoint region: Cleanup
[2022-06-13T03:35:24.888+0000][1][safepoint    ] Leaving safepoint region
[2022-06-13T03:35:24.888+0000][1][safepoint    ] Total time for which application threads were stopped: 0.0007127 seconds, Stopping threads took: 0.0003401 seconds
[2022-06-13T03:35:25.888+0000][1][safepoint    ] Application time: 1.0002392 seconds
[2022-06-13T03:35:25.889+0000][1][safepoint    ] Entering safepoint region: Cleanup
[2022-06-13T03:35:25.890+0000][1][safepoint    ] Leaving safepoint region
[2022-06-13T03:35:25.890+0000][1][safepoint    ] Total time for which application threads were stopped: 0.0010143 seconds, Stopping threads took: 0.0004824 seconds
[2022-06-13T03:35:26.891+0000][1][safepoint    ] Application time: 1.0002618 seconds
[2022-06-13T03:35:26.891+0000][1][safepoint    ] Entering safepoint region: Cleanup
[2022-06-13T03:35:26.892+0000][1][safepoint    ] Leaving safepoint region
[2022-06-13T03:35:26.892+0000][1][safepoint    ] Total time for which application threads were stopped: 0.0007679 seconds, Stopping threads took: 0.0003637 seconds
[2022-06-13T03:35:27.502+0000][1][safepoint    ] Application time: 0.6099549 seconds
[2022-06-13T03:35:27.503+0000][1][safepoint    ] Entering safepoint region: GenCollectForAllocation
[2022-06-13T03:35:27.503+0000][1][gc,start     ] GC(22) Pause Young (Allocation Failure)
[2022-06-13T03:35:27.503+0000][1][gc,task      ] GC(22) Using 5 workers of 13 for evacuation
[2022-06-13T03:35:27.508+0000][1][gc,age       ] GC(22) Desired survivor size 4456448 bytes, new threshold 6 (max threshold 6)
[2022-06-13T03:35:27.508+0000][1][gc,age       ] GC(22) Age table with threshold 6 (max threshold 6)
[2022-06-13T03:35:27.508+0000][1][gc,age       ] GC(22) - age   1:     617072 bytes,     617072 total
[2022-06-13T03:35:27.509+0000][1][gc,age       ] GC(22) - age   2:    3662680 bytes,    4279752 total
[2022-06-13T03:35:27.509+0000][1][gc,heap      ] GC(22) ParNew: 77633K->7105K(78656K)
[2022-06-13T03:35:27.509+0000][1][gc,heap      ] GC(22) CMS: 63031K->64598K(174784K)
[2022-06-13T03:35:27.509+0000][1][gc,metaspace ] GC(22) Metaspace: 63733K->63733K(1107968K)
[2022-06-13T03:35:27.510+0000][1][gc           ] GC(22) Pause Young (Allocation Failure) 137M->70M(247M) 7.080ms
[2022-06-13T03:35:27.511+0000][1][gc,cpu       ] GC(22) User=0.02s Sys=0.00s Real=0.01s
[2022-06-13T03:35:27.511+0000][1][safepoint    ] Leaving safepoint region
[2022-06-13T03:35:27.511+0000][1][safepoint    ] Total time for which application threads were stopped: 0.0084745 seconds, Stopping threads took: 0.0002296 seconds
[2022-06-13T03:35:28.512+0000][1][safepoint    ] Application time: 1.0001890 seconds
[2022-06-13T03:35:28.512+0000][1][safepoint    ] Entering safepoint region: Cleanup
[2022-06-13T03:35:28.512+0000][1][safepoint    ] Leaving safepoint region
[2022-06-13T03:35:28.513+0000][1][safepoint    ] Total time for which application threads were stopped: 0.0006337 seconds, Stopping threads took: 0.0003535 seconds
[2022-06-13T03:35:29.513+0000][1][safepoint    ] Application time: 1.0000905 seconds
[2022-06-13T03:35:29.513+0000][1][safepoint    ] Entering safepoint region: Cleanup
[2022-06-13T03:35:29.514+0000][1][safepoint    ] Leaving safepoint region
[2022-06-13T03:35:29.515+0000][1][safepoint    ] Total time for which application threads were stopped: 0.0013055 seconds, Stopping threads took: 0.0005534 seconds
[2022-06-13T03:35:30.515+0000][1][safepoint    ] Application time: 1.0001529 seconds
[2022-06-13T03:35:30.516+0000][1][safepoint    ] Entering safepoint region: Cleanup
[2022-06-13T03:35:30.516+0000][1][safepoint    ] Leaving safepoint region
[2022-06-13T03:35:30.516+0000][1][safepoint    ] Total time for which application threads were stopped: 0.0004281 seconds, Stopping threads took: 0.0002284 seconds
[2022-06-13T03:35:31.517+0000][1][safepoint    ] Application time: 1.0001788 seconds
[2022-06-13T03:35:31.517+0000][1][safepoint    ] Entering safepoint region: Cleanup
[2022-06-13T03:35:31.518+0000][1][safepoint    ] Leaving safepoint region
[2022-06-13T03:35:31.518+0000][1][safepoint    ] Total time for which application threads were stopped: 0.0008097 seconds, Stopping threads took: 0.0003930 seconds
[2022-06-13T03:35:32.518+0000][1][safepoint    ] Application time: 1.0001204 seconds
[2022-06-13T03:35:32.519+0000][1][safepoint    ] Entering safepoint region: Cleanup
[2022-06-13T03:35:32.519+0000][1][safepoint    ] Leaving safepoint region
[2022-06-13T03:35:32.520+0000][1][safepoint    ] Total time for which application threads were stopped: 0.0009962 seconds, Stopping threads took: 0.0004276 seconds
[2022-06-13T03:35:33.520+0000][1][safepoint    ] Application time: 1.0001858 seconds
[2022-06-13T03:35:33.521+0000][1][safepoint    ] Entering safepoint region: Cleanup
[2022-06-13T03:35:33.521+0000][1][safepoint    ] Leaving safepoint region
[2022-06-13T03:35:33.521+0000][1][safepoint    ] Total time for which application threads were stopped: 0.0005571 seconds, Stopping threads took: 0.0002598 seconds
[2022-06-13T03:35:34.522+0000][1][safepoint    ] Application time: 1.0003811 seconds
[2022-06-13T03:35:34.522+0000][1][safepoint    ] Entering safepoint region: Cleanup
[2022-06-13T03:35:34.523+0000][1][safepoint    ] Leaving safepoint region
[2022-06-13T03:35:34.523+0000][1][safepoint    ] Total time for which application threads were stopped: 0.0009933 seconds, Stopping threads took: 0.0005401 seconds
[2022-06-13T03:35:35.524+0000][1][safepoint    ] Application time: 1.0002226 seconds
[2022-06-13T03:35:35.524+0000][1][safepoint    ] Entering safepoint region: Cleanup
[2022-06-13T03:35:35.525+0000][1][safepoint    ] Leaving safepoint region
[2022-06-13T03:35:35.525+0000][1][safepoint    ] Total time for which application threads were stopped: 0.0009587 seconds, Stopping threads took: 0.0005168 seconds
[2022-06-13T03:35:36.525+0000][1][safepoint    ] Application time: 1.0001928 seconds
[2022-06-13T03:35:36.526+0000][1][safepoint    ] Entering safepoint region: Cleanup
[2022-06-13T03:35:36.526+0000][1][safepoint    ] Leaving safepoint region
[2022-06-13T03:35:36.527+0000][1][safepoint    ] Total time for which application threads were stopped: 0.0007026 seconds, Stopping threads took: 0.0003792 seconds
[2022-06-13T03:35:37.527+0000][1][safepoint    ] Application time: 1.0001318 seconds
[2022-06-13T03:35:37.527+0000][1][safepoint    ] Entering safepoint region: Cleanup
[2022-06-13T03:35:37.528+0000][1][safepoint    ] Leaving safepoint region
[2022-06-13T03:35:37.528+0000][1][safepoint    ] Total time for which application threads were stopped: 0.0007751 seconds, Stopping threads took: 0.0003764 seconds
[2022-06-13T03:35:38.529+0000][1][safepoint    ] Application time: 1.0001280 seconds
[2022-06-13T03:35:38.529+0000][1][safepoint    ] Entering safepoint region: Cleanup
[2022-06-13T03:35:38.529+0000][1][safepoint    ] Leaving safepoint region
[2022-06-13T03:35:38.530+0000][1][safepoint    ] Total time for which application threads were stopped: 0.0006685 seconds, Stopping threads took: 0.0003796 seconds
[2022-06-13T03:35:39.530+0000][1][safepoint    ] Application time: 1.0001607 seconds
[2022-06-13T03:35:39.530+0000][1][safepoint    ] Entering safepoint region: Cleanup
[2022-06-13T03:35:39.531+0000][1][safepoint    ] Leaving safepoint region
[2022-06-13T03:35:39.531+0000][1][safepoint    ] Total time for which application threads were stopped: 0.0007787 seconds, Stopping threads took: 0.0003329 seconds
[2022-06-13T03:35:40.532+0000][1][safepoint    ] Application time: 1.0001741 seconds
[2022-06-13T03:35:40.532+0000][1][safepoint    ] Entering safepoint region: Cleanup
[2022-06-13T03:35:40.533+0000][1][safepoint    ] Leaving safepoint region
[2022-06-13T03:35:40.533+0000][1][safepoint    ] Total time for which application threads were stopped: 0.0010504 seconds, Stopping threads took: 0.0004583 seconds
[2022-06-13T03:35:41.534+0000][1][safepoint    ] Application time: 1.0003227 seconds
[2022-06-13T03:35:41.535+0000][1][safepoint    ] Entering safepoint region: Cleanup
[2022-06-13T03:35:41.535+0000][1][safepoint    ] Leaving safepoint region
[2022-06-13T03:35:41.536+0000][1][safepoint    ] Total time for which application threads were stopped: 0.0009347 seconds, Stopping threads took: 0.0005470 seconds
[2022-06-13T03:35:42.536+0000][1][safepoint    ] Application time: 1.0001077 seconds
[2022-06-13T03:35:42.537+0000][1][safepoint    ] Entering safepoint region: Cleanup
[2022-06-13T03:35:42.537+0000][1][safepoint    ] Leaving safepoint region
[2022-06-13T03:35:42.537+0000][1][safepoint    ] Total time for which application threads were stopped: 0.0004751 seconds, Stopping threads took: 0.0001867 seconds
[2022-06-13T03:35:43.538+0000][1][safepoint    ] Application time: 1.0001979 seconds
[2022-06-13T03:35:43.538+0000][1][safepoint    ] Entering safepoint region: Cleanup
[2022-06-13T03:35:43.538+0000][1][safepoint    ] Leaving safepoint region
[2022-06-13T03:35:43.539+0000][1][safepoint    ] Total time for which application threads were stopped: 0.0005089 seconds, Stopping threads took: 0.0002045 seconds
[2022-06-13T03:35:44.539+0000][1][safepoint    ] Application time: 1.0003810 seconds
[2022-06-13T03:35:44.540+0000][1][safepoint    ] Entering safepoint region: Cleanup
[2022-06-13T03:35:44.540+0000][1][safepoint    ] Leaving safepoint region
[2022-06-13T03:35:44.540+0000][1][safepoint    ] Total time for which application threads were stopped: 0.0007040 seconds, Stopping threads took: 0.0002300 seconds
[2022-06-13T03:35:45.541+0000][1][safepoint    ] Application time: 1.0002312 seconds
[2022-06-13T03:35:45.542+0000][1][safepoint    ] Entering safepoint region: Cleanup
[2022-06-13T03:35:45.542+0000][1][safepoint    ] Leaving safepoint region
[2022-06-13T03:35:45.543+0000][1][safepoint    ] Total time for which application threads were stopped: 0.0011678 seconds, Stopping threads took: 0.0005273 seconds
[2022-06-13T03:35:46.544+0000][1][safepoint    ] Application time: 1.0002470 seconds
[2022-06-13T03:35:46.544+0000][1][safepoint    ] Entering safepoint region: Cleanup
[2022-06-13T03:35:46.545+0000][1][safepoint    ] Leaving safepoint region
[2022-06-13T03:35:46.545+0000][1][safepoint    ] Total time for which application threads were stopped: 0.0012302 seconds, Stopping threads took: 0.0005014 seconds
[2022-06-13T03:35:47.546+0000][1][safepoint    ] Application time: 1.0002735 seconds
[2022-06-13T03:35:47.547+0000][1][safepoint    ] Entering safepoint region: Cleanup
[2022-06-13T03:35:47.547+0000][1][safepoint    ] Leaving safepoint region
[2022-06-13T03:35:47.548+0000][1][safepoint    ] Total time for which application threads were stopped: 0.0009008 seconds, Stopping threads took: 0.0004186 seconds
[2022-06-13T03:35:48.548+0000][1][safepoint    ] Application time: 1.0001913 seconds
[2022-06-13T03:35:48.549+0000][1][safepoint    ] Entering safepoint region: Cleanup
[2022-06-13T03:35:48.549+0000][1][safepoint    ] Leaving safepoint region
[2022-06-13T03:35:48.550+0000][1][safepoint    ] Total time for which application threads were stopped: 0.0006480 seconds, Stopping threads took: 0.0002945 seconds
[2022-06-13T03:35:49.550+0000][1][safepoint    ] Application time: 1.0002039 seconds
[2022-06-13T03:35:49.551+0000][1][safepoint    ] Entering safepoint region: Cleanup
[2022-06-13T03:35:49.551+0000][1][safepoint    ] Leaving safepoint region
[2022-06-13T03:35:49.551+0000][1][safepoint    ] Total time for which application threads were stopped: 0.0006333 seconds, Stopping threads took: 0.0003107 seconds
[2022-06-13T03:35:50.552+0000][1][safepoint    ] Application time: 1.0001098 seconds
[2022-06-13T03:35:50.552+0000][1][safepoint    ] Entering safepoint region: Cleanup
[2022-06-13T03:35:50.553+0000][1][safepoint    ] Leaving safepoint region
[2022-06-13T03:35:50.553+0000][1][safepoint    ] Total time for which application threads were stopped: 0.0006907 seconds, Stopping threads took: 0.0003066 seconds
[2022-06-13T03:35:51.553+0000][1][safepoint    ] Application time: 1.0001831 seconds
[2022-06-13T03:35:51.554+0000][1][safepoint    ] Entering safepoint region: Cleanup
[2022-06-13T03:35:51.554+0000][1][safepoint    ] Leaving safepoint region
[2022-06-13T03:35:51.555+0000][1][safepoint    ] Total time for which application threads were stopped: 0.0008819 seconds, Stopping threads took: 0.0004213 seconds
[2022-06-13T03:35:52.556+0000][1][safepoint    ] Application time: 1.0002374 seconds
[2022-06-13T03:35:52.556+0000][1][safepoint    ] Entering safepoint region: Cleanup
[2022-06-13T03:35:52.556+0000][1][safepoint    ] Leaving safepoint region
[2022-06-13T03:35:52.557+0000][1][safepoint    ] Total time for which application threads were stopped: 0.0007452 seconds, Stopping threads took: 0.0003531 seconds
[2022-06-13T03:35:53.557+0000][1][safepoint    ] Application time: 1.0001671 seconds
[2022-06-13T03:35:53.558+0000][1][safepoint    ] Entering safepoint region: Cleanup
[2022-06-13T03:35:53.558+0000][1][safepoint    ] Leaving safepoint region
[2022-06-13T03:35:53.558+0000][1][safepoint    ] Total time for which application threads were stopped: 0.0004555 seconds, Stopping threads took: 0.0001752 seconds
[2022-06-13T03:35:54.558+0000][1][safepoint    ] Application time: 1.0001747 seconds
[2022-06-13T03:35:54.559+0000][1][safepoint    ] Entering safepoint region: Cleanup
[2022-06-13T03:35:54.559+0000][1][safepoint    ] Leaving safepoint region
[2022-06-13T03:35:54.560+0000][1][safepoint    ] Total time for which application threads were stopped: 0.0006878 seconds, Stopping threads took: 0.0002368 seconds
[2022-06-13T03:35:55.560+0000][1][safepoint    ] Application time: 1.0002232 seconds
[2022-06-13T03:35:55.561+0000][1][safepoint    ] Entering safepoint region: Cleanup
[2022-06-13T03:35:55.561+0000][1][safepoint    ] Leaving safepoint region
[2022-06-13T03:35:55.561+0000][1][safepoint    ] Total time for which application threads were stopped: 0.0007093 seconds, Stopping threads took: 0.0003622 seconds
[2022-06-13T03:35:56.562+0000][1][safepoint    ] Application time: 1.0002681 seconds
[2022-06-13T03:35:56.563+0000][1][safepoint    ] Entering safepoint region: Cleanup
[2022-06-13T03:35:56.563+0000][1][safepoint    ] Leaving safepoint region
[2022-06-13T03:35:56.564+0000][1][safepoint    ] Total time for which application threads were stopped: 0.0011642 seconds, Stopping threads took: 0.0005183 seconds
[2022-06-13T03:35:57.565+0000][1][safepoint    ] Application time: 1.0002822 seconds
[2022-06-13T03:35:57.565+0000][1][safepoint    ] Entering safepoint region: Cleanup
[2022-06-13T03:35:57.566+0000][1][safepoint    ] Leaving safepoint region
[2022-06-13T03:35:57.566+0000][1][safepoint    ] Total time for which application threads were stopped: 0.0009667 seconds, Stopping threads took: 0.0004434 seconds
[2022-06-13T03:35:58.567+0000][1][safepoint    ] Application time: 1.0001214 seconds
[2022-06-13T03:35:58.567+0000][1][safepoint    ] Entering safepoint region: Cleanup
[2022-06-13T03:35:58.567+0000][1][safepoint    ] Leaving safepoint region
[2022-06-13T03:35:58.567+0000][1][safepoint    ] Total time for which application threads were stopped: 0.0003472 seconds, Stopping threads took: 0.0001592 seconds
[2022-06-13T03:35:59.568+0000][1][safepoint    ] Application time: 1.0003070 seconds
[2022-06-13T03:35:59.568+0000][1][safepoint    ] Entering safepoint region: Cleanup
[2022-06-13T03:35:59.569+0000][1][safepoint    ] Leaving safepoint region
[2022-06-13T03:35:59.569+0000][1][safepoint    ] Total time for which application threads were stopped: 0.0008557 seconds, Stopping threads took: 0.0004041 seconds
[2022-06-13T03:36:00.570+0000][1][safepoint    ] Application time: 1.0001067 seconds
[2022-06-13T03:36:00.570+0000][1][safepoint    ] Entering safepoint region: Cleanup
[2022-06-13T03:36:00.570+0000][1][safepoint    ] Leaving safepoint region
[2022-06-13T03:36:00.570+0000][1][safepoint    ] Total time for which application threads were stopped: 0.0003388 seconds, Stopping threads took: 0.0001441 seconds
[2022-06-13T03:36:01.571+0000][1][safepoint    ] Application time: 1.0003150 seconds
[2022-06-13T03:36:01.572+0000][1][safepoint    ] Entering safepoint region: Cleanup
[2022-06-13T03:36:01.572+0000][1][safepoint    ] Leaving safepoint region
[2022-06-13T03:36:01.573+0000][1][safepoint    ] Total time for which application threads were stopped: 0.0012691 seconds, Stopping threads took: 0.0005529 seconds
[2022-06-13T03:36:02.574+0000][1][safepoint    ] Application time: 1.0002324 seconds
[2022-06-13T03:36:02.574+0000][1][safepoint    ] Entering safepoint region: Cleanup
[2022-06-13T03:36:02.575+0000][1][safepoint    ] Leaving safepoint region
[2022-06-13T03:36:02.575+0000][1][safepoint    ] Total time for which application threads were stopped: 0.0010126 seconds, Stopping threads took: 0.0005006 seconds
[2022-06-13T03:36:03.576+0000][1][safepoint    ] Application time: 1.0002430 seconds
[2022-06-13T03:36:03.577+0000][1][safepoint    ] Entering safepoint region: Cleanup
[2022-06-13T03:36:03.577+0000][1][safepoint    ] Leaving safepoint region
[2022-06-13T03:36:03.577+0000][1][safepoint    ] Total time for which application threads were stopped: 0.0005587 seconds, Stopping threads took: 0.0002930 seconds
[2022-06-13T03:36:04.578+0000][1][safepoint    ] Application time: 1.0002447 seconds
[2022-06-13T03:36:04.578+0000][1][safepoint    ] Entering safepoint region: Cleanup
[2022-06-13T03:36:04.578+0000][1][safepoint    ] Leaving safepoint region
[2022-06-13T03:36:04.579+0000][1][safepoint    ] Total time for which application threads were stopped: 0.0007961 seconds, Stopping threads took: 0.0003547 seconds
[2022-06-13T03:36:05.579+0000][1][safepoint    ] Application time: 1.0002231 seconds
[2022-06-13T03:36:05.580+0000][1][safepoint    ] Entering safepoint region: Cleanup
[2022-06-13T03:36:05.581+0000][1][safepoint    ] Leaving safepoint region
[2022-06-13T03:36:05.581+0000][1][safepoint    ] Total time for which application threads were stopped: 0.0010385 seconds, Stopping threads took: 0.0004921 seconds
[2022-06-13T03:36:06.582+0000][1][safepoint    ] Application time: 1.0002082 seconds
[2022-06-13T03:36:06.582+0000][1][safepoint    ] Entering safepoint region: Cleanup
[2022-06-13T03:36:06.583+0000][1][safepoint    ] Leaving safepoint region
[2022-06-13T03:36:06.583+0000][1][safepoint    ] Total time for which application threads were stopped: 0.0006873 seconds, Stopping threads took: 0.0003256 seconds
[2022-06-13T03:36:07.583+0000][1][safepoint    ] Application time: 1.0001990 seconds
[2022-06-13T03:36:07.584+0000][1][safepoint    ] Entering safepoint region: Cleanup
[2022-06-13T03:36:07.585+0000][1][safepoint    ] Leaving safepoint region
[2022-06-13T03:36:07.585+0000][1][safepoint    ] Total time for which application threads were stopped: 0.0008397 seconds, Stopping threads took: 0.0003200 seconds
[2022-06-13T03:36:08.586+0000][1][safepoint    ] Application time: 1.0001371 seconds
[2022-06-13T03:36:08.586+0000][1][safepoint    ] Entering safepoint region: Cleanup
[2022-06-13T03:36:08.587+0000][1][safepoint    ] Leaving safepoint region
[2022-06-13T03:36:08.587+0000][1][safepoint    ] Total time for which application threads were stopped: 0.0008298 seconds, Stopping threads took: 0.0004061 seconds
[2022-06-13T03:36:09.588+0000][1][safepoint    ] Application time: 1.0002012 seconds
[2022-06-13T03:36:09.588+0000][1][safepoint    ] Entering safepoint region: Cleanup
[2022-06-13T03:36:09.589+0000][1][safepoint    ] Leaving safepoint region
[2022-06-13T03:36:09.589+0000][1][safepoint    ] Total time for which application threads were stopped: 0.0007388 seconds, Stopping threads took: 0.0003342 seconds
[2022-06-13T03:36:13.590+0000][1][safepoint    ] Application time: 4.0007789 seconds
[2022-06-13T03:36:13.591+0000][1][safepoint    ] Entering safepoint region: Cleanup
[2022-06-13T03:36:13.591+0000][1][safepoint    ] Leaving safepoint region
[2022-06-13T03:36:13.592+0000][1][safepoint    ] Total time for which application threads were stopped: 0.0010707 seconds, Stopping threads took: 0.0004961 seconds
[2022-06-13T03:36:16.593+0000][1][safepoint    ] Application time: 3.0005292 seconds
[2022-06-13T03:36:16.594+0000][1][safepoint    ] Entering safepoint region: Cleanup
[2022-06-13T03:36:16.594+0000][1][safepoint    ] Leaving safepoint region
[2022-06-13T03:36:16.595+0000][1][safepoint    ] Total time for which application threads were stopped: 0.0008117 seconds, Stopping threads took: 0.0004059 seconds
[2022-06-13T03:36:25.597+0000][1][safepoint    ] Application time: 9.0015776 seconds
[2022-06-13T03:36:25.597+0000][1][safepoint    ] Entering safepoint region: Cleanup
[2022-06-13T03:36:25.597+0000][1][safepoint    ] Leaving safepoint region
[2022-06-13T03:36:25.597+0000][1][safepoint    ] Total time for which application threads were stopped: 0.0004703 seconds, Stopping threads took: 0.0002377 seconds
[2022-06-13T03:36:29.598+0000][1][safepoint    ] Application time: 4.0007257 seconds
[2022-06-13T03:36:29.599+0000][1][safepoint    ] Entering safepoint region: Cleanup
[2022-06-13T03:36:29.599+0000][1][safepoint    ] Leaving safepoint region
[2022-06-13T03:36:29.600+0000][1][safepoint    ] Total time for which application threads were stopped: 0.0009076 seconds, Stopping threads took: 0.0002550 seconds
[2022-06-13T03:36:31.526+0000][1][safepoint    ] Application time: 1.9261544 seconds
[2022-06-13T03:36:31.526+0000][1][safepoint    ] Entering safepoint region: RevokeBias
[2022-06-13T03:36:31.527+0000][1][safepoint    ] Leaving safepoint region
[2022-06-13T03:36:31.527+0000][1][safepoint    ] Total time for which application threads were stopped: 0.0006586 seconds, Stopping threads took: 0.0002692 seconds
[2022-06-13T03:36:35.528+0000][1][safepoint    ] Application time: 4.0007977 seconds
[2022-06-13T03:36:35.529+0000][1][safepoint    ] Entering safepoint region: Cleanup
[2022-06-13T03:36:35.529+0000][1][safepoint    ] Leaving safepoint region
[2022-06-13T03:36:35.529+0000][1][safepoint    ] Total time for which application threads were stopped: 0.0005288 seconds, Stopping threads took: 0.0002869 seconds
[2022-06-13T03:36:36.529+0000][1][safepoint    ] Application time: 1.0001656 seconds
[2022-06-13T03:36:36.530+0000][1][safepoint    ] Entering safepoint region: Cleanup
[2022-06-13T03:36:36.530+0000][1][safepoint    ] Leaving safepoint region
[2022-06-13T03:36:36.530+0000][1][safepoint    ] Total time for which application threads were stopped: 0.0006337 seconds, Stopping threads took: 0.0003234 seconds
[2022-06-13T03:36:41.532+0000][1][safepoint    ] Application time: 5.0009152 seconds
[2022-06-13T03:36:41.532+0000][1][safepoint    ] Entering safepoint region: Cleanup
[2022-06-13T03:36:41.532+0000][1][safepoint    ] Leaving safepoint region
[2022-06-13T03:36:41.532+0000][1][safepoint    ] Total time for which application threads were stopped: 0.0005270 seconds, Stopping threads took: 0.0002443 seconds
[2022-06-13T03:36:45.534+0000][1][safepoint    ] Application time: 4.0009103 seconds
[2022-06-13T03:36:45.534+0000][1][safepoint    ] Entering safepoint region: Cleanup
[2022-06-13T03:36:45.535+0000][1][safepoint    ] Leaving safepoint region
[2022-06-13T03:36:45.536+0000][1][safepoint    ] Total time for which application threads were stopped: 0.0014739 seconds, Stopping threads took: 0.0008069 seconds
[2022-06-13T03:36:46.537+0000][1][safepoint    ] Application time: 1.0002816 seconds
[2022-06-13T03:36:46.537+0000][1][safepoint    ] Entering safepoint region: Cleanup
[2022-06-13T03:36:46.538+0000][1][safepoint    ] Leaving safepoint region
[2022-06-13T03:36:46.539+0000][1][safepoint    ] Total time for which application threads were stopped: 0.0012627 seconds, Stopping threads took: 0.0006288 seconds
[2022-06-13T03:36:47.539+0000][1][safepoint    ] Application time: 1.0001459 seconds
[2022-06-13T03:36:47.540+0000][1][safepoint    ] Entering safepoint region: Cleanup
[2022-06-13T03:36:47.541+0000][1][safepoint    ] Leaving safepoint region
[2022-06-13T03:36:47.541+0000][1][safepoint    ] Total time for which application threads were stopped: 0.0015428 seconds, Stopping threads took: 0.0005474 seconds
[2022-06-13T03:36:48.542+0000][1][safepoint    ] Application time: 1.0002265 seconds
[2022-06-13T03:36:48.542+0000][1][safepoint    ] Entering safepoint region: Cleanup
[2022-06-13T03:36:48.543+0000][1][safepoint    ] Leaving safepoint region
[2022-06-13T03:36:48.543+0000][1][safepoint    ] Total time for which application threads were stopped: 0.0006915 seconds, Stopping threads took: 0.0002466 seconds
[2022-06-13T03:36:49.544+0000][1][safepoint    ] Application time: 1.0003636 seconds
[2022-06-13T03:36:49.544+0000][1][safepoint    ] Entering safepoint region: Cleanup
[2022-06-13T03:36:49.544+0000][1][safepoint    ] Leaving safepoint region
[2022-06-13T03:36:49.544+0000][1][safepoint    ] Total time for which application threads were stopped: 0.0005074 seconds, Stopping threads took: 0.0002050 seconds
[2022-06-13T03:36:50.545+0000][1][safepoint    ] Application time: 1.0002067 seconds
[2022-06-13T03:36:50.545+0000][1][safepoint    ] Entering safepoint region: Cleanup
[2022-06-13T03:36:50.546+0000][1][safepoint    ] Leaving safepoint region
[2022-06-13T03:36:50.546+0000][1][safepoint    ] Total time for which application threads were stopped: 0.0009568 seconds, Stopping threads took: 0.0003869 seconds
[2022-06-13T03:36:51.547+0000][1][safepoint    ] Application time: 1.0001424 seconds
[2022-06-13T03:36:51.547+0000][1][safepoint    ] Entering safepoint region: Cleanup
[2022-06-13T03:36:51.547+0000][1][safepoint    ] Leaving safepoint region
[2022-06-13T03:36:51.548+0000][1][safepoint    ] Total time for which application threads were stopped: 0.0006279 seconds, Stopping threads took: 0.0002164 seconds
[2022-06-13T03:36:52.548+0000][1][safepoint    ] Application time: 1.0002031 seconds
[2022-06-13T03:36:52.549+0000][1][safepoint    ] Entering safepoint region: Cleanup
[2022-06-13T03:36:52.549+0000][1][safepoint    ] Leaving safepoint region
[2022-06-13T03:36:52.549+0000][1][safepoint    ] Total time for which application threads were stopped: 0.0005613 seconds, Stopping threads took: 0.0001681 seconds
[2022-06-13T03:36:53.550+0000][1][safepoint    ] Application time: 1.0001921 seconds
[2022-06-13T03:36:53.550+0000][1][safepoint    ] Entering safepoint region: Cleanup
[2022-06-13T03:36:53.550+0000][1][safepoint    ] Leaving safepoint region
[2022-06-13T03:36:53.550+0000][1][safepoint    ] Total time for which application threads were stopped: 0.0005766 seconds, Stopping threads took: 0.0003047 seconds
[2022-06-13T03:36:54.551+0000][1][safepoint    ] Application time: 1.0002254 seconds
[2022-06-13T03:36:54.551+0000][1][safepoint    ] Entering safepoint region: Cleanup
[2022-06-13T03:36:54.552+0000][1][safepoint    ] Leaving safepoint region
[2022-06-13T03:36:54.552+0000][1][safepoint    ] Total time for which application threads were stopped: 0.0009131 seconds, Stopping threads took: 0.0004806 seconds
[2022-06-13T03:36:55.553+0000][1][safepoint    ] Application time: 1.0001203 seconds
[2022-06-13T03:36:55.553+0000][1][safepoint    ] Entering safepoint region: Cleanup
[2022-06-13T03:36:55.554+0000][1][safepoint    ] Leaving safepoint region
[2022-06-13T03:36:55.554+0000][1][safepoint    ] Total time for which application threads were stopped: 0.0005514 seconds, Stopping threads took: 0.0002466 seconds
[2022-06-13T03:36:56.554+0000][1][safepoint    ] Application time: 1.0001944 seconds
[2022-06-13T03:36:56.555+0000][1][safepoint    ] Entering safepoint region: Cleanup
[2022-06-13T03:36:56.556+0000][1][safepoint    ] Leaving safepoint region
[2022-06-13T03:36:56.556+0000][1][safepoint    ] Total time for which application threads were stopped: 0.0013396 seconds, Stopping threads took: 0.0006286 seconds
[2022-06-13T03:36:57.557+0000][1][safepoint    ] Application time: 1.0002926 seconds
[2022-06-13T03:36:57.558+0000][1][safepoint    ] Entering safepoint region: Cleanup
[2022-06-13T03:36:57.558+0000][1][safepoint    ] Leaving safepoint region
[2022-06-13T03:36:57.558+0000][1][safepoint    ] Total time for which application threads were stopped: 0.0007950 seconds, Stopping threads took: 0.0004823 seconds
[2022-06-13T03:36:58.559+0000][1][safepoint    ] Application time: 1.0001808 seconds
[2022-06-13T03:36:58.559+0000][1][safepoint    ] Entering safepoint region: Cleanup
[2022-06-13T03:36:58.560+0000][1][safepoint    ] Leaving safepoint region
[2022-06-13T03:36:58.560+0000][1][safepoint    ] Total time for which application threads were stopped: 0.0008860 seconds, Stopping threads took: 0.0004500 seconds
[2022-06-13T03:36:59.561+0000][1][safepoint    ] Application time: 1.0001852 seconds
[2022-06-13T03:36:59.561+0000][1][safepoint    ] Entering safepoint region: Cleanup
[2022-06-13T03:36:59.562+0000][1][safepoint    ] Leaving safepoint region
[2022-06-13T03:36:59.562+0000][1][safepoint    ] Total time for which application threads were stopped: 0.0010067 seconds, Stopping threads took: 0.0004329 seconds
[2022-06-13T03:37:00.563+0000][1][safepoint    ] Application time: 1.0001864 seconds
[2022-06-13T03:37:00.563+0000][1][safepoint    ] Entering safepoint region: Cleanup
[2022-06-13T03:37:00.564+0000][1][safepoint    ] Leaving safepoint region
[2022-06-13T03:37:00.564+0000][1][safepoint    ] Total time for which application threads were stopped: 0.0007299 seconds, Stopping threads took: 0.0002842 seconds
[2022-06-13T03:37:01.564+0000][1][safepoint    ] Application time: 1.0002118 seconds
[2022-06-13T03:37:01.566+0000][1][safepoint    ] Entering safepoint region: Cleanup
[2022-06-13T03:37:01.566+0000][1][safepoint    ] Leaving safepoint region
[2022-06-13T03:37:01.567+0000][1][safepoint    ] Total time for which application threads were stopped: 0.0015809 seconds, Stopping threads took: 0.0011511 seconds
[2022-06-13T03:37:02.567+0000][1][safepoint    ] Application time: 1.0002901 seconds
[2022-06-13T03:37:02.568+0000][1][safepoint    ] Entering safepoint region: Cleanup
[2022-06-13T03:37:02.568+0000][1][safepoint    ] Leaving safepoint region
[2022-06-13T03:37:02.568+0000][1][safepoint    ] Total time for which application threads were stopped: 0.0006492 seconds, Stopping threads took: 0.0003002 seconds
[2022-06-13T03:37:03.569+0000][1][safepoint    ] Application time: 1.0002545 seconds
[2022-06-13T03:37:03.569+0000][1][safepoint    ] Entering safepoint region: Cleanup
[2022-06-13T03:37:03.570+0000][1][safepoint    ] Leaving safepoint region
[2022-06-13T03:37:03.570+0000][1][safepoint    ] Total time for which application threads were stopped: 0.0007048 seconds, Stopping threads took: 0.0003531 seconds
[2022-06-13T03:37:04.570+0000][1][safepoint    ] Application time: 1.0001520 seconds
[2022-06-13T03:37:04.571+0000][1][safepoint    ] Entering safepoint region: Cleanup
[2022-06-13T03:37:04.571+0000][1][safepoint    ] Leaving safepoint region
[2022-06-13T03:37:04.572+0000][1][safepoint    ] Total time for which application threads were stopped: 0.0007328 seconds, Stopping threads took: 0.0003171 seconds
[2022-06-13T03:37:05.572+0000][1][safepoint    ] Application time: 1.0002432 seconds
[2022-06-13T03:37:05.573+0000][1][safepoint    ] Entering safepoint region: Cleanup
[2022-06-13T03:37:05.573+0000][1][safepoint    ] Leaving safepoint region
[2022-06-13T03:37:05.574+0000][1][safepoint    ] Total time for which application threads were stopped: 0.0010771 seconds, Stopping threads took: 0.0004173 seconds
[2022-06-13T03:37:06.575+0000][1][safepoint    ] Application time: 1.0002243 seconds
[2022-06-13T03:37:06.575+0000][1][safepoint    ] Entering safepoint region: Cleanup
[2022-06-13T03:37:06.576+0000][1][safepoint    ] Leaving safepoint region
[2022-06-13T03:37:06.577+0000][1][safepoint    ] Total time for which application threads were stopped: 0.0011003 seconds, Stopping threads took: 0.0004930 seconds
[2022-06-13T03:37:07.577+0000][1][safepoint    ] Application time: 1.0001364 seconds
[2022-06-13T03:37:07.578+0000][1][safepoint    ] Entering safepoint region: Cleanup
[2022-06-13T03:37:07.578+0000][1][safepoint    ] Leaving safepoint region
[2022-06-13T03:37:07.579+0000][1][safepoint    ] Total time for which application threads were stopped: 0.0007998 seconds, Stopping threads took: 0.0003667 seconds
[2022-06-13T03:37:08.579+0000][1][safepoint    ] Application time: 1.0001824 seconds
[2022-06-13T03:37:08.580+0000][1][safepoint    ] Entering safepoint region: Cleanup
[2022-06-13T03:37:08.580+0000][1][safepoint    ] Leaving safepoint region
[2022-06-13T03:37:08.581+0000][1][safepoint    ] Total time for which application threads were stopped: 0.0010357 seconds, Stopping threads took: 0.0004134 seconds
[2022-06-13T03:37:09.581+0000][1][safepoint    ] Application time: 1.0001238 seconds
[2022-06-13T03:37:09.582+0000][1][safepoint    ] Entering safepoint region: Cleanup
[2022-06-13T03:37:09.582+0000][1][safepoint    ] Leaving safepoint region
[2022-06-13T03:37:09.583+0000][1][safepoint    ] Total time for which application threads were stopped: 0.0008433 seconds, Stopping threads took: 0.0003474 seconds
[2022-06-13T03:37:10.583+0000][1][safepoint    ] Application time: 1.0001920 seconds
[2022-06-13T03:37:10.584+0000][1][safepoint    ] Entering safepoint region: Cleanup
[2022-06-13T03:37:10.584+0000][1][safepoint    ] Leaving safepoint region
[2022-06-13T03:37:10.585+0000][1][safepoint    ] Total time for which application threads were stopped: 0.0007868 seconds, Stopping threads took: 0.0003615 seconds
[2022-06-13T03:37:11.585+0000][1][safepoint    ] Application time: 1.0002222 seconds
[2022-06-13T03:37:11.586+0000][1][safepoint    ] Entering safepoint region: Cleanup
[2022-06-13T03:37:11.587+0000][1][safepoint    ] Leaving safepoint region
[2022-06-13T03:37:11.587+0000][1][safepoint    ] Total time for which application threads were stopped: 0.0011366 seconds, Stopping threads took: 0.0005802 seconds
[2022-06-13T03:37:12.588+0000][1][safepoint    ] Application time: 1.0003324 seconds
[2022-06-13T03:37:12.589+0000][1][safepoint    ] Entering safepoint region: Cleanup
[2022-06-13T03:37:12.589+0000][1][safepoint    ] Leaving safepoint region
[2022-06-13T03:37:12.590+0000][1][safepoint    ] Total time for which application threads were stopped: 0.0011832 seconds, Stopping threads took: 0.0004271 seconds
[2022-06-13T03:37:13.591+0000][1][safepoint    ] Application time: 1.0002083 seconds
[2022-06-13T03:37:13.591+0000][1][safepoint    ] Entering safepoint region: Cleanup
[2022-06-13T03:37:13.592+0000][1][safepoint    ] Leaving safepoint region
[2022-06-13T03:37:13.593+0000][1][safepoint    ] Total time for which application threads were stopped: 0.0012651 seconds, Stopping threads took: 0.0006057 seconds
[2022-06-13T03:37:14.593+0000][1][safepoint    ] Application time: 1.0001687 seconds
[2022-06-13T03:37:14.594+0000][1][safepoint    ] Entering safepoint region: Cleanup
[2022-06-13T03:37:14.594+0000][1][safepoint    ] Leaving safepoint region
[2022-06-13T03:37:14.594+0000][1][safepoint    ] Total time for which application threads were stopped: 0.0007217 seconds, Stopping threads took: 0.0003939 seconds
[2022-06-13T03:37:15.595+0000][1][safepoint    ] Application time: 1.0001305 seconds
[2022-06-13T03:37:15.595+0000][1][safepoint    ] Entering safepoint region: Cleanup
[2022-06-13T03:37:15.596+0000][1][safepoint    ] Leaving safepoint region
[2022-06-13T03:37:15.596+0000][1][safepoint    ] Total time for which application threads were stopped: 0.0006663 seconds, Stopping threads took: 0.0002554 seconds
[2022-06-13T03:37:16.596+0000][1][safepoint    ] Application time: 1.0001989 seconds
[2022-06-13T03:37:16.597+0000][1][safepoint    ] Entering safepoint region: Cleanup
[2022-06-13T03:37:16.598+0000][1][safepoint    ] Leaving safepoint region
[2022-06-13T03:37:16.598+0000][1][safepoint    ] Total time for which application threads were stopped: 0.0009274 seconds, Stopping threads took: 0.0004936 seconds
[2022-06-13T03:37:17.598+0000][1][safepoint    ] Application time: 1.0001013 seconds
[2022-06-13T03:37:17.598+0000][1][safepoint    ] Entering safepoint region: Cleanup
[2022-06-13T03:37:17.599+0000][1][safepoint    ] Leaving safepoint region
[2022-06-13T03:37:17.599+0000][1][safepoint    ] Total time for which application threads were stopped: 0.0003971 seconds, Stopping threads took: 0.0001760 seconds
[2022-06-13T03:37:18.599+0000][1][safepoint    ] Application time: 1.0001494 seconds
[2022-06-13T03:37:18.600+0000][1][safepoint    ] Entering safepoint region: Cleanup
[2022-06-13T03:37:18.600+0000][1][safepoint    ] Leaving safepoint region
[2022-06-13T03:37:18.600+0000][1][safepoint    ] Total time for which application threads were stopped: 0.0007793 seconds, Stopping threads took: 0.0003359 seconds
[2022-06-13T03:37:19.601+0000][1][safepoint    ] Application time: 1.0002008 seconds
[2022-06-13T03:37:19.602+0000][1][safepoint    ] Entering safepoint region: Cleanup
[2022-06-13T03:37:19.602+0000][1][safepoint    ] Leaving safepoint region
[2022-06-13T03:37:19.602+0000][1][safepoint    ] Total time for which application threads were stopped: 0.0007720 seconds, Stopping threads took: 0.0003557 seconds
[2022-06-13T03:37:20.603+0000][1][safepoint    ] Application time: 1.0001054 seconds
[2022-06-13T03:37:20.603+0000][1][safepoint    ] Entering safepoint region: Cleanup
[2022-06-13T03:37:20.604+0000][1][safepoint    ] Leaving safepoint region
[2022-06-13T03:37:20.604+0000][1][safepoint    ] Total time for which application threads were stopped: 0.0006303 seconds, Stopping threads took: 0.0002794 seconds
[2022-06-13T03:37:21.604+0000][1][safepoint    ] Application time: 1.0001959 seconds
[2022-06-13T03:37:21.605+0000][1][safepoint    ] Entering safepoint region: Cleanup
[2022-06-13T03:37:21.605+0000][1][safepoint    ] Leaving safepoint region
[2022-06-13T03:37:21.606+0000][1][safepoint    ] Total time for which application threads were stopped: 0.0008202 seconds, Stopping threads took: 0.0004331 seconds
[2022-06-13T03:37:22.606+0000][1][safepoint    ] Application time: 1.0002689 seconds
[2022-06-13T03:37:22.607+0000][1][safepoint    ] Entering safepoint region: Cleanup
[2022-06-13T03:37:22.607+0000][1][safepoint    ] Leaving safepoint region
[2022-06-13T03:37:22.608+0000][1][safepoint    ] Total time for which application threads were stopped: 0.0008265 seconds, Stopping threads took: 0.0003732 seconds
[2022-06-13T03:37:23.608+0000][1][safepoint    ] Application time: 1.0001660 seconds
[2022-06-13T03:37:23.609+0000][1][safepoint    ] Entering safepoint region: Cleanup
[2022-06-13T03:37:23.609+0000][1][safepoint    ] Leaving safepoint region
[2022-06-13T03:37:23.610+0000][1][safepoint    ] Total time for which application threads were stopped: 0.0007895 seconds, Stopping threads took: 0.0003475 seconds
[2022-06-13T03:37:24.610+0000][1][safepoint    ] Application time: 1.0001417 seconds
[2022-06-13T03:37:24.611+0000][1][safepoint    ] Entering safepoint region: Cleanup
[2022-06-13T03:37:24.612+0000][1][safepoint    ] Leaving safepoint region
[2022-06-13T03:37:24.612+0000][1][safepoint    ] Total time for which application threads were stopped: 0.0014786 seconds, Stopping threads took: 0.0006874 seconds
[2022-06-13T03:37:25.613+0000][1][safepoint    ] Application time: 1.0003837 seconds
[2022-06-13T03:37:25.614+0000][1][safepoint    ] Entering safepoint region: Cleanup
[2022-06-13T03:37:25.615+0000][1][safepoint    ] Leaving safepoint region
[2022-06-13T03:37:25.615+0000][1][safepoint    ] Total time for which application threads were stopped: 0.0009015 seconds, Stopping threads took: 0.0004317 seconds
[2022-06-13T03:37:26.616+0000][1][safepoint    ] Application time: 1.0009214 seconds
[2022-06-13T03:37:26.617+0000][1][safepoint    ] Entering safepoint region: Cleanup
[2022-06-13T03:37:26.618+0000][1][safepoint    ] Leaving safepoint region
[2022-06-13T03:37:26.618+0000][1][safepoint    ] Total time for which application threads were stopped: 0.0011614 seconds, Stopping threads took: 0.0005275 seconds
[2022-06-13T03:37:27.619+0000][1][safepoint    ] Application time: 1.0002772 seconds
[2022-06-13T03:37:27.619+0000][1][safepoint    ] Entering safepoint region: Cleanup
[2022-06-13T03:37:27.620+0000][1][safepoint    ] Leaving safepoint region
[2022-06-13T03:37:27.620+0000][1][safepoint    ] Total time for which application threads were stopped: 0.0007562 seconds, Stopping threads took: 0.0003670 seconds
[2022-06-13T03:37:28.621+0000][1][safepoint    ] Application time: 1.0003117 seconds
[2022-06-13T03:37:28.621+0000][1][safepoint    ] Entering safepoint region: Cleanup
[2022-06-13T03:37:28.622+0000][1][safepoint    ] Leaving safepoint region
[2022-06-13T03:37:28.622+0000][1][safepoint    ] Total time for which application threads were stopped: 0.0008677 seconds, Stopping threads took: 0.0004052 seconds
[2022-06-13T03:37:29.623+0000][1][safepoint    ] Application time: 1.0003276 seconds
[2022-06-13T03:37:29.624+0000][1][safepoint    ] Entering safepoint region: Cleanup
[2022-06-13T03:37:29.625+0000][1][safepoint    ] Leaving safepoint region
[2022-06-13T03:37:29.625+0000][1][safepoint    ] Total time for which application threads were stopped: 0.0015836 seconds, Stopping threads took: 0.0007759 seconds
[2022-06-13T03:37:30.626+0000][1][safepoint    ] Application time: 1.0002010 seconds
[2022-06-13T03:37:30.627+0000][1][safepoint    ] Entering safepoint region: Cleanup
[2022-06-13T03:37:30.627+0000][1][safepoint    ] Leaving safepoint region
[2022-06-13T03:37:30.628+0000][1][safepoint    ] Total time for which application threads were stopped: 0.0007782 seconds, Stopping threads took: 0.0003886 seconds
[2022-06-13T03:37:31.628+0000][1][safepoint    ] Application time: 1.0002170 seconds
[2022-06-13T03:37:31.629+0000][1][safepoint    ] Entering safepoint region: Cleanup
[2022-06-13T03:37:31.630+0000][1][safepoint    ] Leaving safepoint region
[2022-06-13T03:37:31.630+0000][1][safepoint    ] Total time for which application threads were stopped: 0.0014966 seconds, Stopping threads took: 0.0006377 seconds
[2022-06-13T03:37:32.631+0000][1][safepoint    ] Application time: 1.0001732 seconds
[2022-06-13T03:37:32.632+0000][1][safepoint    ] Entering safepoint region: Cleanup
[2022-06-13T03:37:32.632+0000][1][safepoint    ] Leaving safepoint region
[2022-06-13T03:37:32.632+0000][1][safepoint    ] Total time for which application threads were stopped: 0.0007880 seconds, Stopping threads took: 0.0003817 seconds
[2022-06-13T03:37:33.633+0000][1][safepoint    ] Application time: 1.0001889 seconds
[2022-06-13T03:37:33.633+0000][1][safepoint    ] Entering safepoint region: Cleanup
[2022-06-13T03:37:33.634+0000][1][safepoint    ] Leaving safepoint region
[2022-06-13T03:37:33.634+0000][1][safepoint    ] Total time for which application threads were stopped: 0.0006599 seconds, Stopping threads took: 0.0002734 seconds
[2022-06-13T03:37:34.634+0000][1][safepoint    ] Application time: 1.0001653 seconds
[2022-06-13T03:37:34.635+0000][1][safepoint    ] Entering safepoint region: Cleanup
[2022-06-13T03:37:34.635+0000][1][safepoint    ] Leaving safepoint region
[2022-06-13T03:37:34.636+0000][1][safepoint    ] Total time for which application threads were stopped: 0.0006813 seconds, Stopping threads took: 0.0003257 seconds
[2022-06-13T03:37:35.636+0000][1][safepoint    ] Application time: 1.0001014 seconds
[2022-06-13T03:37:35.636+0000][1][safepoint    ] Entering safepoint region: Cleanup
[2022-06-13T03:37:35.637+0000][1][safepoint    ] Leaving safepoint region
[2022-06-13T03:37:35.637+0000][1][safepoint    ] Total time for which application threads were stopped: 0.0008936 seconds, Stopping threads took: 0.0003192 seconds
[2022-06-13T03:37:36.638+0000][1][safepoint    ] Application time: 1.0002233 seconds
[2022-06-13T03:37:36.638+0000][1][safepoint    ] Entering safepoint region: Cleanup
[2022-06-13T03:37:36.639+0000][1][safepoint    ] Leaving safepoint region
[2022-06-13T03:37:36.640+0000][1][safepoint    ] Total time for which application threads were stopped: 0.0011990 seconds, Stopping threads took: 0.0006073 seconds
[2022-06-13T03:37:37.640+0000][1][safepoint    ] Application time: 1.0002466 seconds
[2022-06-13T03:37:37.641+0000][1][safepoint    ] Entering safepoint region: Cleanup
[2022-06-13T03:37:37.641+0000][1][safepoint    ] Leaving safepoint region
[2022-06-13T03:37:37.642+0000][1][safepoint    ] Total time for which application threads were stopped: 0.0008010 seconds, Stopping threads took: 0.0003682 seconds
[2022-06-13T03:37:38.642+0000][1][safepoint    ] Application time: 1.0002005 seconds
[2022-06-13T03:37:38.643+0000][1][safepoint    ] Entering safepoint region: Cleanup
[2022-06-13T03:37:38.643+0000][1][safepoint    ] Leaving safepoint region
[2022-06-13T03:37:38.644+0000][1][safepoint    ] Total time for which application threads were stopped: 0.0009233 seconds, Stopping threads took: 0.0004324 seconds
[2022-06-13T03:37:39.645+0000][1][safepoint    ] Application time: 1.0003728 seconds
[2022-06-13T03:37:39.645+0000][1][safepoint    ] Entering safepoint region: Cleanup
[2022-06-13T03:37:39.646+0000][1][safepoint    ] Leaving safepoint region
[2022-06-13T03:37:39.647+0000][1][safepoint    ] Total time for which application threads were stopped: 0.0012303 seconds, Stopping threads took: 0.0005489 seconds
[2022-06-13T03:37:40.647+0000][1][safepoint    ] Application time: 1.0002329 seconds
[2022-06-13T03:37:40.648+0000][1][safepoint    ] Entering safepoint region: Cleanup
[2022-06-13T03:37:40.649+0000][1][safepoint    ] Leaving safepoint region
[2022-06-13T03:37:40.649+0000][1][safepoint    ] Total time for which application threads were stopped: 0.0011620 seconds, Stopping threads took: 0.0005778 seconds
[2022-06-13T03:37:41.650+0000][1][safepoint    ] Application time: 1.0001754 seconds
[2022-06-13T03:37:41.651+0000][1][safepoint    ] Entering safepoint region: Cleanup
[2022-06-13T03:37:41.651+0000][1][safepoint    ] Leaving safepoint region
[2022-06-13T03:37:41.651+0000][1][safepoint    ] Total time for which application threads were stopped: 0.0005075 seconds, Stopping threads took: 0.0002157 seconds
[2022-06-13T03:37:42.652+0000][1][safepoint    ] Application time: 1.0001749 seconds
[2022-06-13T03:37:42.652+0000][1][safepoint    ] Entering safepoint region: Cleanup
[2022-06-13T03:37:42.652+0000][1][safepoint    ] Leaving safepoint region
[2022-06-13T03:37:42.652+0000][1][safepoint    ] Total time for which application threads were stopped: 0.0005288 seconds, Stopping threads took: 0.0002686 seconds
[2022-06-13T03:37:43.653+0000][1][safepoint    ] Application time: 1.0003550 seconds
[2022-06-13T03:37:43.654+0000][1][safepoint    ] Entering safepoint region: Cleanup
[2022-06-13T03:37:43.654+0000][1][safepoint    ] Leaving safepoint region
[2022-06-13T03:37:43.655+0000][1][safepoint    ] Total time for which application threads were stopped: 0.0013902 seconds, Stopping threads took: 0.0006302 seconds
[2022-06-13T03:37:44.656+0000][1][safepoint    ] Application time: 1.0001427 seconds
[2022-06-13T03:37:44.657+0000][1][safepoint    ] Entering safepoint region: Cleanup
[2022-06-13T03:37:44.657+0000][1][safepoint    ] Leaving safepoint region
[2022-06-13T03:37:44.658+0000][1][safepoint    ] Total time for which application threads were stopped: 0.0014895 seconds, Stopping threads took: 0.0006797 seconds
[2022-06-13T03:37:45.659+0000][1][safepoint    ] Application time: 1.0002315 seconds
[2022-06-13T03:37:45.660+0000][1][safepoint    ] Entering safepoint region: Cleanup
[2022-06-13T03:37:45.660+0000][1][safepoint    ] Leaving safepoint region
[2022-06-13T03:37:45.661+0000][1][safepoint    ] Total time for which application threads were stopped: 0.0010648 seconds, Stopping threads took: 0.0005260 seconds
[2022-06-13T03:37:46.661+0000][1][safepoint    ] Application time: 1.0003185 seconds
[2022-06-13T03:37:46.662+0000][1][safepoint    ] Entering safepoint region: Cleanup
[2022-06-13T03:37:46.663+0000][1][safepoint    ] Leaving safepoint region
[2022-06-13T03:37:46.663+0000][1][safepoint    ] Total time for which application threads were stopped: 0.0007981 seconds, Stopping threads took: 0.0004097 seconds
[2022-06-13T03:37:47.663+0000][1][safepoint    ] Application time: 1.0002301 seconds
[2022-06-13T03:37:47.664+0000][1][safepoint    ] Entering safepoint region: Cleanup
[2022-06-13T03:37:47.665+0000][1][safepoint    ] Leaving safepoint region
[2022-06-13T03:37:47.665+0000][1][safepoint    ] Total time for which application threads were stopped: 0.0011011 seconds, Stopping threads took: 0.0005171 seconds
[2022-06-13T03:37:48.666+0000][1][safepoint    ] Application time: 1.0002073 seconds
[2022-06-13T03:37:48.666+0000][1][safepoint    ] Entering safepoint region: Cleanup
[2022-06-13T03:37:48.667+0000][1][safepoint    ] Leaving safepoint region
[2022-06-13T03:37:48.667+0000][1][safepoint    ] Total time for which application threads were stopped: 0.0008919 seconds, Stopping threads took: 0.0004227 seconds
[2022-06-13T03:37:49.668+0000][1][safepoint    ] Application time: 1.0001339 seconds
[2022-06-13T03:37:49.668+0000][1][safepoint    ] Entering safepoint region: Cleanup
[2022-06-13T03:37:49.668+0000][1][safepoint    ] Leaving safepoint region
[2022-06-13T03:37:49.669+0000][1][safepoint    ] Total time for which application threads were stopped: 0.0006362 seconds, Stopping threads took: 0.0002822 seconds
[2022-06-13T03:37:50.669+0000][1][safepoint    ] Application time: 1.0001580 seconds
[2022-06-13T03:37:50.670+0000][1][safepoint    ] Entering safepoint region: Cleanup
[2022-06-13T03:37:50.670+0000][1][safepoint    ] Leaving safepoint region
[2022-06-13T03:37:50.670+0000][1][safepoint    ] Total time for which application threads were stopped: 0.0009301 seconds, Stopping threads took: 0.0004354 seconds
[2022-06-13T03:37:51.671+0000][1][safepoint    ] Application time: 1.0003441 seconds
[2022-06-13T03:37:51.672+0000][1][safepoint    ] Entering safepoint region: Cleanup
[2022-06-13T03:37:51.672+0000][1][safepoint    ] Leaving safepoint region
[2022-06-13T03:37:51.672+0000][1][safepoint    ] Total time for which application threads were stopped: 0.0007170 seconds, Stopping threads took: 0.0002002 seconds
[2022-06-13T03:37:52.673+0000][1][safepoint    ] Application time: 1.0001362 seconds
[2022-06-13T03:37:52.674+0000][1][safepoint    ] Entering safepoint region: Cleanup
[2022-06-13T03:37:52.674+0000][1][safepoint    ] Leaving safepoint region
[2022-06-13T03:37:52.675+0000][1][safepoint    ] Total time for which application threads were stopped: 0.0010892 seconds, Stopping threads took: 0.0005326 seconds
[2022-06-13T03:37:53.675+0000][1][safepoint    ] Application time: 1.0002488 seconds
[2022-06-13T03:37:53.676+0000][1][safepoint    ] Entering safepoint region: Cleanup
[2022-06-13T03:37:53.677+0000][1][safepoint    ] Leaving safepoint region
[2022-06-13T03:37:53.677+0000][1][safepoint    ] Total time for which application threads were stopped: 0.0009722 seconds, Stopping threads took: 0.0004680 seconds
[2022-06-13T03:37:54.678+0000][1][safepoint    ] Application time: 1.0001743 seconds
[2022-06-13T03:37:54.678+0000][1][safepoint    ] Entering safepoint region: Cleanup
[2022-06-13T03:37:54.679+0000][1][safepoint    ] Leaving safepoint region
[2022-06-13T03:37:54.679+0000][1][safepoint    ] Total time for which application threads were stopped: 0.0008138 seconds, Stopping threads took: 0.0004055 seconds
[2022-06-13T03:37:55.680+0000][1][safepoint    ] Application time: 1.0001427 seconds
[2022-06-13T03:37:55.680+0000][1][safepoint    ] Entering safepoint region: Cleanup
[2022-06-13T03:37:55.680+0000][1][safepoint    ] Leaving safepoint region
[2022-06-13T03:37:55.681+0000][1][safepoint    ] Total time for which application threads were stopped: 0.0005332 seconds, Stopping threads took: 0.0001913 seconds
[2022-06-13T03:37:56.681+0000][1][safepoint    ] Application time: 1.0001844 seconds
[2022-06-13T03:37:56.682+0000][1][safepoint    ] Entering safepoint region: Cleanup
[2022-06-13T03:37:56.682+0000][1][safepoint    ] Leaving safepoint region
[2022-06-13T03:37:56.682+0000][1][safepoint    ] Total time for which application threads were stopped: 0.0007022 seconds, Stopping threads took: 0.0003953 seconds
[2022-06-13T03:37:57.683+0000][1][safepoint    ] Application time: 1.0002315 seconds
[2022-06-13T03:37:57.684+0000][1][safepoint    ] Entering safepoint region: Cleanup
[2022-06-13T03:37:57.684+0000][1][safepoint    ] Leaving safepoint region
[2022-06-13T03:37:57.685+0000][1][safepoint    ] Total time for which application threads were stopped: 0.0012022 seconds, Stopping threads took: 0.0005331 seconds
[2022-06-13T03:37:58.686+0000][1][safepoint    ] Application time: 1.0002081 seconds
[2022-06-13T03:37:58.686+0000][1][safepoint    ] Entering safepoint region: Cleanup
[2022-06-13T03:37:58.687+0000][1][safepoint    ] Leaving safepoint region
[2022-06-13T03:37:58.688+0000][1][safepoint    ] Total time for which application threads were stopped: 0.0014227 seconds, Stopping threads took: 0.0006213 seconds
[2022-06-13T03:37:59.689+0000][1][safepoint    ] Application time: 1.0003916 seconds
[2022-06-13T03:37:59.689+0000][1][safepoint    ] Entering safepoint region: Cleanup
[2022-06-13T03:37:59.690+0000][1][safepoint    ] Leaving safepoint region
[2022-06-13T03:37:59.691+0000][1][safepoint    ] Total time for which application threads were stopped: 0.0012174 seconds, Stopping threads took: 0.0004945 seconds
[2022-06-13T03:38:00.692+0000][1][safepoint    ] Application time: 1.0003456 seconds
[2022-06-13T03:38:00.692+0000][1][safepoint    ] Entering safepoint region: Cleanup
[2022-06-13T03:38:00.693+0000][1][safepoint    ] Leaving safepoint region
[2022-06-13T03:38:00.694+0000][1][safepoint    ] Total time for which application threads were stopped: 0.0013894 seconds, Stopping threads took: 0.0006537 seconds
[2022-06-13T03:38:01.453+0000][1][safepoint    ] Application time: 0.7587663 seconds
[2022-06-13T03:38:01.454+0000][1][safepoint    ] Entering safepoint region: GenCollectForAllocation
[2022-06-13T03:38:01.454+0000][1][gc,start     ] GC(23) Pause Young (Allocation Failure)
[2022-06-13T03:38:01.454+0000][1][gc,task      ] GC(23) Using 5 workers of 13 for evacuation
[2022-06-13T03:38:01.459+0000][1][gc,age       ] GC(23) Desired survivor size 4456448 bytes, new threshold 6 (max threshold 6)
[2022-06-13T03:38:01.459+0000][1][gc,age       ] GC(23) Age table with threshold 6 (max threshold 6)
[2022-06-13T03:38:01.459+0000][1][gc,age       ] GC(23) - age   1:      72528 bytes,      72528 total
[2022-06-13T03:38:01.459+0000][1][gc,age       ] GC(23) - age   2:     597088 bytes,     669616 total
[2022-06-13T03:38:01.460+0000][1][gc,age       ] GC(23) - age   3:    3662696 bytes,    4332312 total
[2022-06-13T03:38:01.460+0000][1][gc,heap      ] GC(23) ParNew: 77057K->6239K(78656K)
[2022-06-13T03:38:01.460+0000][1][gc,heap      ] GC(23) CMS: 64598K->64598K(174784K)
[2022-06-13T03:38:01.460+0000][1][gc,metaspace ] GC(23) Metaspace: 64125K->64125K(1107968K)
[2022-06-13T03:38:01.461+0000][1][gc           ] GC(23) Pause Young (Allocation Failure) 138M->69M(247M) 6.743ms
[2022-06-13T03:38:01.461+0000][1][gc,cpu       ] GC(23) User=0.00s Sys=0.01s Real=0.01s
[2022-06-13T03:38:01.461+0000][1][safepoint    ] Leaving safepoint region
[2022-06-13T03:38:01.462+0000][1][safepoint    ] Total time for which application threads were stopped: 0.0081644 seconds, Stopping threads took: 0.0002738 seconds
[2022-06-13T03:38:02.462+0000][1][safepoint    ] Application time: 1.0002152 seconds
[2022-06-13T03:38:02.463+0000][1][safepoint    ] Entering safepoint region: Cleanup
[2022-06-13T03:38:02.463+0000][1][safepoint    ] Leaving safepoint region
[2022-06-13T03:38:02.463+0000][1][safepoint    ] Total time for which application threads were stopped: 0.0006497 seconds, Stopping threads took: 0.0003016 seconds
[2022-06-13T03:38:03.464+0000][1][safepoint    ] Application time: 1.0002066 seconds
[2022-06-13T03:38:03.464+0000][1][safepoint    ] Entering safepoint region: Cleanup
[2022-06-13T03:38:03.465+0000][1][safepoint    ] Leaving safepoint region
[2022-06-13T03:38:03.465+0000][1][safepoint    ] Total time for which application threads were stopped: 0.0008036 seconds, Stopping threads took: 0.0003669 seconds
[2022-06-13T03:38:04.466+0000][1][safepoint    ] Application time: 1.0003518 seconds
[2022-06-13T03:38:04.466+0000][1][safepoint    ] Entering safepoint region: Cleanup
[2022-06-13T03:38:04.467+0000][1][safepoint    ] Leaving safepoint region
[2022-06-13T03:38:04.468+0000][1][safepoint    ] Total time for which application threads were stopped: 0.0014105 seconds, Stopping threads took: 0.0006676 seconds
[2022-06-13T03:38:05.469+0000][1][safepoint    ] Application time: 1.0001798 seconds
[2022-06-13T03:38:05.469+0000][1][safepoint    ] Entering safepoint region: Cleanup
[2022-06-13T03:38:05.470+0000][1][safepoint    ] Leaving safepoint region
[2022-06-13T03:38:05.471+0000][1][safepoint    ] Total time for which application threads were stopped: 0.0013811 seconds, Stopping threads took: 0.0006838 seconds
[2022-06-13T03:38:06.471+0000][1][safepoint    ] Application time: 1.0002079 seconds
[2022-06-13T03:38:06.472+0000][1][safepoint    ] Entering safepoint region: Cleanup
[2022-06-13T03:38:06.472+0000][1][safepoint    ] Leaving safepoint region
[2022-06-13T03:38:06.472+0000][1][safepoint    ] Total time for which application threads were stopped: 0.0008002 seconds, Stopping threads took: 0.0004388 seconds
[2022-06-13T03:38:07.473+0000][1][safepoint    ] Application time: 1.0001007 seconds
[2022-06-13T03:38:07.473+0000][1][safepoint    ] Entering safepoint region: Cleanup
[2022-06-13T03:38:07.473+0000][1][safepoint    ] Leaving safepoint region
[2022-06-13T03:38:07.474+0000][1][safepoint    ] Total time for which application threads were stopped: 0.0004399 seconds, Stopping threads took: 0.0001807 seconds
[2022-06-13T03:38:08.474+0000][1][safepoint    ] Application time: 1.0002228 seconds
[2022-06-13T03:38:08.474+0000][1][safepoint    ] Entering safepoint region: Cleanup
[2022-06-13T03:38:08.475+0000][1][safepoint    ] Leaving safepoint region
[2022-06-13T03:38:08.476+0000][1][safepoint    ] Total time for which application threads were stopped: 0.0012011 seconds, Stopping threads took: 0.0004245 seconds
[2022-06-13T03:38:09.476+0000][1][safepoint    ] Application time: 1.0001590 seconds
[2022-06-13T03:38:09.477+0000][1][safepoint    ] Entering safepoint region: Cleanup
[2022-06-13T03:38:09.477+0000][1][safepoint    ] Leaving safepoint region
[2022-06-13T03:38:09.477+0000][1][safepoint    ] Total time for which application threads were stopped: 0.0006894 seconds, Stopping threads took: 0.0001829 seconds
[2022-06-13T03:38:10.478+0000][1][safepoint    ] Application time: 1.0001487 seconds
[2022-06-13T03:38:10.478+0000][1][safepoint    ] Entering safepoint region: Cleanup
[2022-06-13T03:38:10.478+0000][1][safepoint    ] Leaving safepoint region
[2022-06-13T03:38:10.478+0000][1][safepoint    ] Total time for which application threads were stopped: 0.0003727 seconds, Stopping threads took: 0.0001619 seconds
[2022-06-13T03:38:11.478+0000][1][safepoint    ] Application time: 1.0002075 seconds
[2022-06-13T03:38:11.479+0000][1][safepoint    ] Entering safepoint region: Cleanup
[2022-06-13T03:38:11.479+0000][1][safepoint    ] Leaving safepoint region
[2022-06-13T03:38:11.479+0000][1][safepoint    ] Total time for which application threads were stopped: 0.0007185 seconds, Stopping threads took: 0.0002997 seconds
[2022-06-13T03:38:12.480+0000][1][safepoint    ] Application time: 1.0001428 seconds
[2022-06-13T03:38:12.480+0000][1][safepoint    ] Entering safepoint region: Cleanup
[2022-06-13T03:38:12.481+0000][1][safepoint    ] Leaving safepoint region
[2022-06-13T03:38:12.481+0000][1][safepoint    ] Total time for which application threads were stopped: 0.0007417 seconds, Stopping threads took: 0.0003438 seconds
[2022-06-13T03:38:13.482+0000][1][safepoint    ] Application time: 1.0002255 seconds
[2022-06-13T03:38:13.482+0000][1][safepoint    ] Entering safepoint region: Cleanup
[2022-06-13T03:38:13.482+0000][1][safepoint    ] Leaving safepoint region
[2022-06-13T03:38:13.483+0000][1][safepoint    ] Total time for which application threads were stopped: 0.0007085 seconds, Stopping threads took: 0.0003290 seconds
[2022-06-13T03:38:14.483+0000][1][safepoint    ] Application time: 1.0001044 seconds
[2022-06-13T03:38:14.483+0000][1][safepoint    ] Entering safepoint region: Cleanup
[2022-06-13T03:38:14.484+0000][1][safepoint    ] Leaving safepoint region
[2022-06-13T03:38:14.484+0000][1][safepoint    ] Total time for which application threads were stopped: 0.0005973 seconds, Stopping threads took: 0.0002625 seconds
[2022-06-13T03:38:15.484+0000][1][safepoint    ] Application time: 1.0001860 seconds
[2022-06-13T03:38:15.485+0000][1][safepoint    ] Entering safepoint region: Cleanup
[2022-06-13T03:38:15.485+0000][1][safepoint    ] Leaving safepoint region
[2022-06-13T03:38:15.486+0000][1][safepoint    ] Total time for which application threads were stopped: 0.0009237 seconds, Stopping threads took: 0.0004151 seconds
[2022-06-13T03:38:16.487+0000][1][safepoint    ] Application time: 1.0003226 seconds
[2022-06-13T03:38:16.487+0000][1][safepoint    ] Entering safepoint region: Cleanup
[2022-06-13T03:38:16.488+0000][1][safepoint    ] Leaving safepoint region
[2022-06-13T03:38:16.488+0000][1][safepoint    ] Total time for which application threads were stopped: 0.0010715 seconds, Stopping threads took: 0.0004732 seconds
[2022-06-13T03:38:17.489+0000][1][safepoint    ] Application time: 1.0001530 seconds
[2022-06-13T03:38:17.489+0000][1][safepoint    ] Entering safepoint region: Cleanup
[2022-06-13T03:38:17.490+0000][1][safepoint    ] Leaving safepoint region
[2022-06-13T03:38:17.490+0000][1][safepoint    ] Total time for which application threads were stopped: 0.0007893 seconds, Stopping threads took: 0.0003736 seconds
[2022-06-13T03:38:18.491+0000][1][safepoint    ] Application time: 1.0002386 seconds
[2022-06-13T03:38:18.491+0000][1][safepoint    ] Entering safepoint region: Cleanup
[2022-06-13T03:38:18.492+0000][1][safepoint    ] Leaving safepoint region
[2022-06-13T03:38:18.492+0000][1][safepoint    ] Total time for which application threads were stopped: 0.0009888 seconds, Stopping threads took: 0.0004681 seconds
[2022-06-13T03:38:19.493+0000][1][safepoint    ] Application time: 1.0001851 seconds
[2022-06-13T03:38:19.493+0000][1][safepoint    ] Entering safepoint region: Cleanup
[2022-06-13T03:38:19.494+0000][1][safepoint    ] Leaving safepoint region
[2022-06-13T03:38:19.494+0000][1][safepoint    ] Total time for which application threads were stopped: 0.0009504 seconds, Stopping threads took: 0.0004791 seconds
[2022-06-13T03:38:20.495+0000][1][safepoint    ] Application time: 1.0002103 seconds
[2022-06-13T03:38:20.495+0000][1][safepoint    ] Entering safepoint region: Cleanup
[2022-06-13T03:38:20.496+0000][1][safepoint    ] Leaving safepoint region
[2022-06-13T03:38:20.496+0000][1][safepoint    ] Total time for which application threads were stopped: 0.0006270 seconds, Stopping threads took: 0.0003122 seconds
[2022-06-13T03:38:21.497+0000][1][safepoint    ] Application time: 1.0003827 seconds
[2022-06-13T03:38:21.497+0000][1][safepoint    ] Entering safepoint region: Cleanup
[2022-06-13T03:38:21.498+0000][1][safepoint    ] Leaving safepoint region
[2022-06-13T03:38:21.498+0000][1][safepoint    ] Total time for which application threads were stopped: 0.0009002 seconds, Stopping threads took: 0.0004723 seconds
[2022-06-13T03:38:22.499+0000][1][safepoint    ] Application time: 1.0003065 seconds
[2022-06-13T03:38:22.499+0000][1][safepoint    ] Entering safepoint region: Cleanup
[2022-06-13T03:38:22.499+0000][1][safepoint    ] Leaving safepoint region
[2022-06-13T03:38:22.500+0000][1][safepoint    ] Total time for which application threads were stopped: 0.0006795 seconds, Stopping threads took: 0.0002543 seconds
[2022-06-13T03:38:23.500+0000][1][safepoint    ] Application time: 1.0002909 seconds
[2022-06-13T03:38:23.501+0000][1][safepoint    ] Entering safepoint region: Cleanup
[2022-06-13T03:38:23.501+0000][1][safepoint    ] Leaving safepoint region
[2022-06-13T03:38:23.501+0000][1][safepoint    ] Total time for which application threads were stopped: 0.0006436 seconds, Stopping threads took: 0.0003288 seconds
[2022-06-13T03:38:24.502+0000][1][safepoint    ] Application time: 1.0002385 seconds
[2022-06-13T03:38:24.503+0000][1][safepoint    ] Entering safepoint region: Cleanup
[2022-06-13T03:38:24.503+0000][1][safepoint    ] Leaving safepoint region
[2022-06-13T03:38:24.504+0000][1][safepoint    ] Total time for which application threads were stopped: 0.0009138 seconds, Stopping threads took: 0.0004469 seconds
[2022-06-13T03:38:25.504+0000][1][safepoint    ] Application time: 1.0001786 seconds
[2022-06-13T03:38:25.505+0000][1][safepoint    ] Entering safepoint region: Cleanup
[2022-06-13T03:38:25.505+0000][1][safepoint    ] Leaving safepoint region
[2022-06-13T03:38:25.505+0000][1][safepoint    ] Total time for which application threads were stopped: 0.0005867 seconds, Stopping threads took: 0.0003024 seconds
[2022-06-13T03:38:26.506+0000][1][safepoint    ] Application time: 1.0003121 seconds
[2022-06-13T03:38:26.506+0000][1][safepoint    ] Entering safepoint region: Cleanup
[2022-06-13T03:38:26.507+0000][1][safepoint    ] Leaving safepoint region
[2022-06-13T03:38:26.507+0000][1][safepoint    ] Total time for which application threads were stopped: 0.0012216 seconds, Stopping threads took: 0.0005089 seconds
[2022-06-13T03:38:27.508+0000][1][safepoint    ] Application time: 1.0001732 seconds
[2022-06-13T03:38:27.508+0000][1][safepoint    ] Entering safepoint region: Cleanup
[2022-06-13T03:38:27.509+0000][1][safepoint    ] Leaving safepoint region
[2022-06-13T03:38:27.509+0000][1][safepoint    ] Total time for which application threads were stopped: 0.0004708 seconds, Stopping threads took: 0.0002189 seconds
[2022-06-13T03:38:28.509+0000][1][safepoint    ] Application time: 1.0001920 seconds
[2022-06-13T03:38:28.510+0000][1][safepoint    ] Entering safepoint region: Cleanup
[2022-06-13T03:38:28.511+0000][1][safepoint    ] Leaving safepoint region
[2022-06-13T03:38:28.511+0000][1][safepoint    ] Total time for which application threads were stopped: 0.0012496 seconds, Stopping threads took: 0.0005689 seconds
[2022-06-13T03:38:29.512+0000][1][safepoint    ] Application time: 1.0002924 seconds
[2022-06-13T03:38:29.513+0000][1][safepoint    ] Entering safepoint region: Cleanup
[2022-06-13T03:38:29.514+0000][1][safepoint    ] Leaving safepoint region
[2022-06-13T03:38:29.515+0000][1][safepoint    ] Total time for which application threads were stopped: 0.0015464 seconds, Stopping threads took: 0.0007176 seconds
[2022-06-13T03:38:30.515+0000][1][safepoint    ] Application time: 1.0002398 seconds
[2022-06-13T03:38:30.516+0000][1][safepoint    ] Entering safepoint region: Cleanup
[2022-06-13T03:38:30.517+0000][1][safepoint    ] Leaving safepoint region
[2022-06-13T03:38:30.518+0000][1][safepoint    ] Total time for which application threads were stopped: 0.0015066 seconds, Stopping threads took: 0.0006328 seconds
[2022-06-13T03:38:31.519+0000][1][safepoint    ] Application time: 1.0003296 seconds
[2022-06-13T03:38:31.519+0000][1][safepoint    ] Entering safepoint region: Cleanup
[2022-06-13T03:38:31.520+0000][1][safepoint    ] Leaving safepoint region
[2022-06-13T03:38:31.520+0000][1][safepoint    ] Total time for which application threads were stopped: 0.0008957 seconds, Stopping threads took: 0.0003786 seconds
[2022-06-13T03:38:32.521+0000][1][safepoint    ] Application time: 1.0001929 seconds
[2022-06-13T03:38:32.522+0000][1][safepoint    ] Entering safepoint region: Cleanup
[2022-06-13T03:38:32.522+0000][1][safepoint    ] Leaving safepoint region
[2022-06-13T03:38:32.523+0000][1][safepoint    ] Total time for which application threads were stopped: 0.0015365 seconds, Stopping threads took: 0.0006624 seconds
[2022-06-13T03:38:33.524+0000][1][safepoint    ] Application time: 1.0002448 seconds
[2022-06-13T03:38:33.524+0000][1][safepoint    ] Entering safepoint region: Cleanup
[2022-06-13T03:38:33.525+0000][1][safepoint    ] Leaving safepoint region
[2022-06-13T03:38:33.525+0000][1][safepoint    ] Total time for which application threads were stopped: 0.0004844 seconds, Stopping threads took: 0.0002311 seconds
[2022-06-13T03:38:34.525+0000][1][safepoint    ] Application time: 1.0002902 seconds
[2022-06-13T03:38:34.526+0000][1][safepoint    ] Entering safepoint region: Cleanup
[2022-06-13T03:38:34.526+0000][1][safepoint    ] Leaving safepoint region
[2022-06-13T03:38:34.526+0000][1][safepoint    ] Total time for which application threads were stopped: 0.0004797 seconds, Stopping threads took: 0.0002066 seconds
[2022-06-13T03:38:35.526+0000][1][safepoint    ] Application time: 1.0002145 seconds
[2022-06-13T03:38:35.527+0000][1][safepoint    ] Entering safepoint region: Cleanup
[2022-06-13T03:38:35.528+0000][1][safepoint    ] Leaving safepoint region
[2022-06-13T03:38:35.529+0000][1][safepoint    ] Total time for which application threads were stopped: 0.0013770 seconds, Stopping threads took: 0.0006654 seconds
[2022-06-13T03:38:36.529+0000][1][safepoint    ] Application time: 1.0001364 seconds
[2022-06-13T03:38:36.530+0000][1][safepoint    ] Entering safepoint region: Cleanup
[2022-06-13T03:38:36.530+0000][1][safepoint    ] Leaving safepoint region
[2022-06-13T03:38:36.530+0000][1][safepoint    ] Total time for which application threads were stopped: 0.0006804 seconds, Stopping threads took: 0.0003401 seconds
[2022-06-13T03:38:37.531+0000][1][safepoint    ] Application time: 1.0001936 seconds
[2022-06-13T03:38:37.531+0000][1][safepoint    ] Entering safepoint region: Cleanup
[2022-06-13T03:38:37.532+0000][1][safepoint    ] Leaving safepoint region
[2022-06-13T03:38:37.532+0000][1][safepoint    ] Total time for which application threads were stopped: 0.0008370 seconds, Stopping threads took: 0.0003449 seconds
[2022-06-13T03:38:38.533+0000][1][safepoint    ] Application time: 1.0001370 seconds
[2022-06-13T03:38:38.533+0000][1][safepoint    ] Entering safepoint region: Cleanup
[2022-06-13T03:38:38.533+0000][1][safepoint    ] Leaving safepoint region
[2022-06-13T03:38:38.533+0000][1][safepoint    ] Total time for which application threads were stopped: 0.0003070 seconds, Stopping threads took: 0.0001306 seconds
[2022-06-13T03:38:39.533+0000][1][safepoint    ] Application time: 1.0001012 seconds
[2022-06-13T03:38:39.534+0000][1][safepoint    ] Entering safepoint region: Cleanup
[2022-06-13T03:38:39.534+0000][1][safepoint    ] Leaving safepoint region
[2022-06-13T03:38:39.534+0000][1][safepoint    ] Total time for which application threads were stopped: 0.0003428 seconds, Stopping threads took: 0.0001615 seconds
[2022-06-13T03:38:40.534+0000][1][safepoint    ] Application time: 1.0001795 seconds
[2022-06-13T03:38:40.535+0000][1][safepoint    ] Entering safepoint region: Cleanup
[2022-06-13T03:38:40.535+0000][1][safepoint    ] Leaving safepoint region
[2022-06-13T03:38:40.536+0000][1][safepoint    ] Total time for which application threads were stopped: 0.0006746 seconds, Stopping threads took: 0.0003100 seconds
[2022-06-13T03:38:41.536+0000][1][safepoint    ] Application time: 1.0002394 seconds
[2022-06-13T03:38:41.537+0000][1][safepoint    ] Entering safepoint region: Cleanup
[2022-06-13T03:38:41.537+0000][1][safepoint    ] Leaving safepoint region
[2022-06-13T03:38:41.538+0000][1][safepoint    ] Total time for which application threads were stopped: 0.0009482 seconds, Stopping threads took: 0.0005174 seconds
[2022-06-13T03:38:42.538+0000][1][safepoint    ] Application time: 1.0001474 seconds
[2022-06-13T03:38:42.539+0000][1][safepoint    ] Entering safepoint region: Cleanup
[2022-06-13T03:38:42.539+0000][1][safepoint    ] Leaving safepoint region
[2022-06-13T03:38:42.540+0000][1][safepoint    ] Total time for which application threads were stopped: 0.0014511 seconds, Stopping threads took: 0.0006434 seconds
[2022-06-13T03:38:43.541+0000][1][safepoint    ] Application time: 1.0002332 seconds
[2022-06-13T03:38:43.541+0000][1][safepoint    ] Entering safepoint region: Cleanup
[2022-06-13T03:38:43.542+0000][1][safepoint    ] Leaving safepoint region
[2022-06-13T03:38:43.542+0000][1][safepoint    ] Total time for which application threads were stopped: 0.0005165 seconds, Stopping threads took: 0.0002394 seconds
[2022-06-13T03:38:44.542+0000][1][safepoint    ] Application time: 1.0001205 seconds
[2022-06-13T03:38:44.543+0000][1][safepoint    ] Entering safepoint region: Cleanup
[2022-06-13T03:38:44.543+0000][1][safepoint    ] Leaving safepoint region
[2022-06-13T03:38:44.543+0000][1][safepoint    ] Total time for which application threads were stopped: 0.0005406 seconds, Stopping threads took: 0.0003234 seconds
[2022-06-13T03:38:45.544+0000][1][safepoint    ] Application time: 1.0002384 seconds
[2022-06-13T03:38:45.544+0000][1][safepoint    ] Entering safepoint region: Cleanup
[2022-06-13T03:38:45.545+0000][1][safepoint    ] Leaving safepoint region
[2022-06-13T03:38:45.545+0000][1][safepoint    ] Total time for which application threads were stopped: 0.0005381 seconds, Stopping threads took: 0.0002985 seconds
[2022-06-13T03:38:46.545+0000][1][safepoint    ] Application time: 1.0001792 seconds
[2022-06-13T03:38:46.546+0000][1][safepoint    ] Entering safepoint region: Cleanup
[2022-06-13T03:38:46.546+0000][1][safepoint    ] Leaving safepoint region
[2022-06-13T03:38:46.546+0000][1][safepoint    ] Total time for which application threads were stopped: 0.0006735 seconds, Stopping threads took: 0.0003334 seconds
[2022-06-13T03:38:47.547+0000][1][safepoint    ] Application time: 1.0002409 seconds
[2022-06-13T03:38:47.548+0000][1][safepoint    ] Entering safepoint region: Cleanup
[2022-06-13T03:38:47.548+0000][1][safepoint    ] Leaving safepoint region
[2022-06-13T03:38:47.549+0000][1][safepoint    ] Total time for which application threads were stopped: 0.0011457 seconds, Stopping threads took: 0.0004865 seconds
[2022-06-13T03:38:48.550+0000][1][safepoint    ] Application time: 1.0002623 seconds
[2022-06-13T03:38:48.550+0000][1][safepoint    ] Entering safepoint region: Cleanup
[2022-06-13T03:38:48.551+0000][1][safepoint    ] Leaving safepoint region
[2022-06-13T03:38:48.551+0000][1][safepoint    ] Total time for which application threads were stopped: 0.0010612 seconds, Stopping threads took: 0.0004260 seconds
[2022-06-13T03:38:49.552+0000][1][safepoint    ] Application time: 1.0003196 seconds
[2022-06-13T03:38:49.552+0000][1][safepoint    ] Entering safepoint region: Cleanup
[2022-06-13T03:38:49.553+0000][1][safepoint    ] Leaving safepoint region
[2022-06-13T03:38:49.553+0000][1][safepoint    ] Total time for which application threads were stopped: 0.0006884 seconds, Stopping threads took: 0.0003470 seconds
[2022-06-13T03:38:50.553+0000][1][safepoint    ] Application time: 1.0002471 seconds
[2022-06-13T03:38:50.554+0000][1][safepoint    ] Entering safepoint region: Cleanup
[2022-06-13T03:38:50.554+0000][1][safepoint    ] Leaving safepoint region
[2022-06-13T03:38:50.555+0000][1][safepoint    ] Total time for which application threads were stopped: 0.0008321 seconds, Stopping threads took: 0.0003882 seconds
[2022-06-13T03:38:51.555+0000][1][safepoint    ] Application time: 1.0002448 seconds
[2022-06-13T03:38:51.556+0000][1][safepoint    ] Entering safepoint region: Cleanup
[2022-06-13T03:38:51.556+0000][1][safepoint    ] Leaving safepoint region
[2022-06-13T03:38:51.557+0000][1][safepoint    ] Total time for which application threads were stopped: 0.0008632 seconds, Stopping threads took: 0.0004237 seconds
[2022-06-13T03:38:52.557+0000][1][safepoint    ] Application time: 1.0002549 seconds
[2022-06-13T03:38:52.558+0000][1][safepoint    ] Entering safepoint region: Cleanup
[2022-06-13T03:38:52.558+0000][1][safepoint    ] Leaving safepoint region
[2022-06-13T03:38:52.558+0000][1][safepoint    ] Total time for which application threads were stopped: 0.0008165 seconds, Stopping threads took: 0.0003700 seconds
[2022-06-13T03:38:53.560+0000][1][safepoint    ] Application time: 1.0003148 seconds
[2022-06-13T03:38:53.560+0000][1][safepoint    ] Entering safepoint region: Cleanup
[2022-06-13T03:38:53.560+0000][1][safepoint    ] Leaving safepoint region
[2022-06-13T03:38:53.561+0000][1][safepoint    ] Total time for which application threads were stopped: 0.0007537 seconds, Stopping threads took: 0.0003052 seconds
[2022-06-13T03:38:54.561+0000][1][safepoint    ] Application time: 1.0002050 seconds
[2022-06-13T03:38:54.562+0000][1][safepoint    ] Entering safepoint region: Cleanup
[2022-06-13T03:38:54.563+0000][1][safepoint    ] Leaving safepoint region
[2022-06-13T03:38:54.563+0000][1][safepoint    ] Total time for which application threads were stopped: 0.0014885 seconds, Stopping threads took: 0.0007251 seconds
[2022-06-13T03:38:55.564+0000][1][safepoint    ] Application time: 1.0001863 seconds
[2022-06-13T03:38:55.564+0000][1][safepoint    ] Entering safepoint region: Cleanup
[2022-06-13T03:38:55.565+0000][1][safepoint    ] Leaving safepoint region
[2022-06-13T03:38:55.565+0000][1][safepoint    ] Total time for which application threads were stopped: 0.0006929 seconds, Stopping threads took: 0.0003699 seconds
[2022-06-13T03:38:56.566+0000][1][safepoint    ] Application time: 1.0003376 seconds
[2022-06-13T03:38:56.566+0000][1][safepoint    ] Entering safepoint region: Cleanup
[2022-06-13T03:38:56.566+0000][1][safepoint    ] Leaving safepoint region
[2022-06-13T03:38:56.567+0000][1][safepoint    ] Total time for which application threads were stopped: 0.0006442 seconds, Stopping threads took: 0.0003246 seconds
[2022-06-13T03:38:57.567+0000][1][safepoint    ] Application time: 1.0002959 seconds
[2022-06-13T03:38:57.568+0000][1][safepoint    ] Entering safepoint region: Cleanup
[2022-06-13T03:38:57.569+0000][1][safepoint    ] Leaving safepoint region
[2022-06-13T03:38:57.569+0000][1][safepoint    ] Total time for which application threads were stopped: 0.0013233 seconds, Stopping threads took: 0.0006460 seconds
[2022-06-13T03:38:58.570+0000][1][safepoint    ] Application time: 1.0001670 seconds
[2022-06-13T03:38:58.571+0000][1][safepoint    ] Entering safepoint region: Cleanup
[2022-06-13T03:38:58.571+0000][1][safepoint    ] Leaving safepoint region
[2022-06-13T03:38:58.571+0000][1][safepoint    ] Total time for which application threads were stopped: 0.0005092 seconds, Stopping threads took: 0.0002619 seconds
[2022-06-13T03:38:59.572+0000][1][safepoint    ] Application time: 1.0001537 seconds
[2022-06-13T03:38:59.572+0000][1][safepoint    ] Entering safepoint region: Cleanup
[2022-06-13T03:38:59.573+0000][1][safepoint    ] Leaving safepoint region
[2022-06-13T03:38:59.573+0000][1][safepoint    ] Total time for which application threads were stopped: 0.0009282 seconds, Stopping threads took: 0.0004757 seconds
[2022-06-13T03:39:00.574+0000][1][safepoint    ] Application time: 1.0001877 seconds
[2022-06-13T03:39:00.574+0000][1][safepoint    ] Entering safepoint region: Cleanup
[2022-06-13T03:39:00.575+0000][1][safepoint    ] Leaving safepoint region
[2022-06-13T03:39:00.575+0000][1][safepoint    ] Total time for which application threads were stopped: 0.0006609 seconds, Stopping threads took: 0.0003423 seconds
[2022-06-13T03:39:01.575+0000][1][safepoint    ] Application time: 1.0001765 seconds
[2022-06-13T03:39:01.576+0000][1][safepoint    ] Entering safepoint region: Cleanup
[2022-06-13T03:39:01.576+0000][1][safepoint    ] Leaving safepoint region
[2022-06-13T03:39:01.577+0000][1][safepoint    ] Total time for which application threads were stopped: 0.0009443 seconds, Stopping threads took: 0.0004242 seconds
[2022-06-13T03:39:02.577+0000][1][safepoint    ] Application time: 1.0002995 seconds
[2022-06-13T03:39:02.578+0000][1][safepoint    ] Entering safepoint region: Cleanup
[2022-06-13T03:39:02.578+0000][1][safepoint    ] Leaving safepoint region
[2022-06-13T03:39:02.579+0000][1][safepoint    ] Total time for which application threads were stopped: 0.0007417 seconds, Stopping threads took: 0.0003594 seconds
[2022-06-13T03:39:03.579+0000][1][safepoint    ] Application time: 1.0001126 seconds
[2022-06-13T03:39:03.580+0000][1][safepoint    ] Entering safepoint region: Cleanup
[2022-06-13T03:39:03.580+0000][1][safepoint    ] Leaving safepoint region
[2022-06-13T03:39:03.580+0000][1][safepoint    ] Total time for which application threads were stopped: 0.0005652 seconds, Stopping threads took: 0.0003338 seconds
[2022-06-13T03:39:04.581+0000][1][safepoint    ] Application time: 1.0001096 seconds
[2022-06-13T03:39:04.581+0000][1][safepoint    ] Entering safepoint region: Cleanup
[2022-06-13T03:39:04.582+0000][1][safepoint    ] Leaving safepoint region
[2022-06-13T03:39:04.582+0000][1][safepoint    ] Total time for which application threads were stopped: 0.0007004 seconds, Stopping threads took: 0.0004328 seconds
[2022-06-13T03:39:05.582+0000][1][safepoint    ] Application time: 1.0001620 seconds
[2022-06-13T03:39:05.583+0000][1][safepoint    ] Entering safepoint region: Cleanup
[2022-06-13T03:39:05.583+0000][1][safepoint    ] Leaving safepoint region
[2022-06-13T03:39:05.583+0000][1][safepoint    ] Total time for which application threads were stopped: 0.0007628 seconds, Stopping threads took: 0.0004753 seconds
[2022-06-13T03:39:06.584+0000][1][safepoint    ] Application time: 1.0003881 seconds
[2022-06-13T03:39:06.585+0000][1][safepoint    ] Entering safepoint region: Cleanup
[2022-06-13T03:39:06.585+0000][1][safepoint    ] Leaving safepoint region
[2022-06-13T03:39:06.586+0000][1][safepoint    ] Total time for which application threads were stopped: 0.0013541 seconds, Stopping threads took: 0.0006175 seconds
[2022-06-13T03:39:07.587+0000][1][safepoint    ] Application time: 1.0003047 seconds
[2022-06-13T03:39:07.588+0000][1][safepoint    ] Entering safepoint region: Cleanup
[2022-06-13T03:39:07.588+0000][1][safepoint    ] Leaving safepoint region
[2022-06-13T03:39:07.589+0000][1][safepoint    ] Total time for which application threads were stopped: 0.0013479 seconds, Stopping threads took: 0.0007697 seconds
[2022-06-13T03:39:08.590+0000][1][safepoint    ] Application time: 1.0001656 seconds
[2022-06-13T03:39:08.590+0000][1][safepoint    ] Entering safepoint region: Cleanup
[2022-06-13T03:39:08.591+0000][1][safepoint    ] Leaving safepoint region
[2022-06-13T03:39:08.591+0000][1][safepoint    ] Total time for which application threads were stopped: 0.0006428 seconds, Stopping threads took: 0.0003468 seconds
[2022-06-13T03:39:09.592+0000][1][safepoint    ] Application time: 1.0001882 seconds
[2022-06-13T03:39:09.592+0000][1][safepoint    ] Entering safepoint region: Cleanup
[2022-06-13T03:39:09.592+0000][1][safepoint    ] Leaving safepoint region
[2022-06-13T03:39:09.593+0000][1][safepoint    ] Total time for which application threads were stopped: 0.0007276 seconds, Stopping threads took: 0.0004209 seconds
[2022-06-13T03:39:10.593+0000][1][safepoint    ] Application time: 1.0001166 seconds
[2022-06-13T03:39:10.594+0000][1][safepoint    ] Entering safepoint region: Cleanup
[2022-06-13T03:39:10.594+0000][1][safepoint    ] Leaving safepoint region
[2022-06-13T03:39:10.594+0000][1][safepoint    ] Total time for which application threads were stopped: 0.0005772 seconds, Stopping threads took: 0.0002343 seconds
[2022-06-13T03:39:11.594+0000][1][safepoint    ] Application time: 1.0001401 seconds
[2022-06-13T03:39:11.595+0000][1][safepoint    ] Entering safepoint region: Cleanup
[2022-06-13T03:39:11.595+0000][1][safepoint    ] Leaving safepoint region
[2022-06-13T03:39:11.595+0000][1][safepoint    ] Total time for which application threads were stopped: 0.0006210 seconds, Stopping threads took: 0.0002214 seconds
[2022-06-13T03:39:12.596+0000][1][safepoint    ] Application time: 1.0003251 seconds
[2022-06-13T03:39:12.597+0000][1][safepoint    ] Entering safepoint region: Cleanup
[2022-06-13T03:39:12.597+0000][1][safepoint    ] Leaving safepoint region
[2022-06-13T03:39:12.598+0000][1][safepoint    ] Total time for which application threads were stopped: 0.0008600 seconds, Stopping threads took: 0.0003806 seconds
[2022-06-13T03:39:13.598+0000][1][safepoint    ] Application time: 1.0001894 seconds
[2022-06-13T03:39:13.599+0000][1][safepoint    ] Entering safepoint region: Cleanup
[2022-06-13T03:39:13.599+0000][1][safepoint    ] Leaving safepoint region
[2022-06-13T03:39:13.599+0000][1][safepoint    ] Total time for which application threads were stopped: 0.0006472 seconds, Stopping threads took: 0.0003761 seconds
[2022-06-13T03:39:14.600+0000][1][safepoint    ] Application time: 1.0001702 seconds
[2022-06-13T03:39:14.600+0000][1][safepoint    ] Entering safepoint region: Cleanup
[2022-06-13T03:39:14.601+0000][1][safepoint    ] Leaving safepoint region
[2022-06-13T03:39:14.601+0000][1][safepoint    ] Total time for which application threads were stopped: 0.0006752 seconds, Stopping threads took: 0.0002408 seconds
[2022-06-13T03:39:15.601+0000][1][safepoint    ] Application time: 1.0001493 seconds
[2022-06-13T03:39:15.602+0000][1][safepoint    ] Entering safepoint region: Cleanup
[2022-06-13T03:39:15.602+0000][1][safepoint    ] Leaving safepoint region
[2022-06-13T03:39:15.602+0000][1][safepoint    ] Total time for which application threads were stopped: 0.0005140 seconds, Stopping threads took: 0.0002648 seconds
[2022-06-13T03:39:16.603+0000][1][safepoint    ] Application time: 1.0002706 seconds
[2022-06-13T03:39:16.603+0000][1][safepoint    ] Entering safepoint region: Cleanup
[2022-06-13T03:39:16.604+0000][1][safepoint    ] Leaving safepoint region
[2022-06-13T03:39:16.604+0000][1][safepoint    ] Total time for which application threads were stopped: 0.0006701 seconds, Stopping threads took: 0.0002731 seconds
[2022-06-13T03:39:17.605+0000][1][safepoint    ] Application time: 1.0003237 seconds
[2022-06-13T03:39:17.605+0000][1][safepoint    ] Entering safepoint region: Cleanup
[2022-06-13T03:39:17.605+0000][1][safepoint    ] Leaving safepoint region
[2022-06-13T03:39:17.606+0000][1][safepoint    ] Total time for which application threads were stopped: 0.0010188 seconds, Stopping threads took: 0.0003041 seconds
[2022-06-13T03:39:18.607+0000][1][safepoint    ] Application time: 1.0002669 seconds
[2022-06-13T03:39:18.607+0000][1][safepoint    ] Entering safepoint region: Cleanup
[2022-06-13T03:39:18.608+0000][1][safepoint    ] Leaving safepoint region
[2022-06-13T03:39:18.609+0000][1][safepoint    ] Total time for which application threads were stopped: 0.0011363 seconds, Stopping threads took: 0.0004760 seconds
[2022-06-13T03:39:19.609+0000][1][safepoint    ] Application time: 1.0002005 seconds
[2022-06-13T03:39:19.610+0000][1][safepoint    ] Entering safepoint region: Cleanup
[2022-06-13T03:39:19.610+0000][1][safepoint    ] Leaving safepoint region
[2022-06-13T03:39:19.611+0000][1][safepoint    ] Total time for which application threads were stopped: 0.0007831 seconds, Stopping threads took: 0.0003522 seconds
[2022-06-13T03:39:20.611+0000][1][safepoint    ] Application time: 1.0001943 seconds
[2022-06-13T03:39:20.612+0000][1][safepoint    ] Entering safepoint region: Cleanup
[2022-06-13T03:39:20.612+0000][1][safepoint    ] Leaving safepoint region
[2022-06-13T03:39:20.612+0000][1][safepoint    ] Total time for which application threads were stopped: 0.0006793 seconds, Stopping threads took: 0.0002742 seconds
[2022-06-13T03:39:21.613+0000][1][safepoint    ] Application time: 1.0001958 seconds
[2022-06-13T03:39:21.613+0000][1][safepoint    ] Entering safepoint region: Cleanup
[2022-06-13T03:39:21.613+0000][1][safepoint    ] Leaving safepoint region
[2022-06-13T03:39:21.614+0000][1][safepoint    ] Total time for which application threads were stopped: 0.0005392 seconds, Stopping threads took: 0.0002509 seconds
[2022-06-13T03:39:22.614+0000][1][safepoint    ] Application time: 1.0001919 seconds
[2022-06-13T03:39:22.614+0000][1][safepoint    ] Entering safepoint region: Cleanup
[2022-06-13T03:39:22.614+0000][1][safepoint    ] Leaving safepoint region
[2022-06-13T03:39:22.614+0000][1][safepoint    ] Total time for which application threads were stopped: 0.0002970 seconds, Stopping threads took: 0.0001346 seconds
[2022-06-13T03:39:23.615+0000][1][safepoint    ] Application time: 1.0001933 seconds
[2022-06-13T03:39:23.615+0000][1][safepoint    ] Entering safepoint region: Cleanup
[2022-06-13T03:39:23.616+0000][1][safepoint    ] Leaving safepoint region
[2022-06-13T03:39:23.616+0000][1][safepoint    ] Total time for which application threads were stopped: 0.0010473 seconds, Stopping threads took: 0.0004614 seconds
[2022-06-13T03:39:24.617+0000][1][safepoint    ] Application time: 1.0001490 seconds
[2022-06-13T03:39:24.617+0000][1][safepoint    ] Entering safepoint region: Cleanup
[2022-06-13T03:39:24.617+0000][1][safepoint    ] Leaving safepoint region
[2022-06-13T03:39:24.618+0000][1][safepoint    ] Total time for which application threads were stopped: 0.0003279 seconds, Stopping threads took: 0.0001574 seconds
[2022-06-13T03:39:25.618+0000][1][safepoint    ] Application time: 1.0001934 seconds
[2022-06-13T03:39:25.618+0000][1][safepoint    ] Entering safepoint region: Cleanup
[2022-06-13T03:39:25.619+0000][1][safepoint    ] Leaving safepoint region
[2022-06-13T03:39:25.619+0000][1][safepoint    ] Total time for which application threads were stopped: 0.0006642 seconds, Stopping threads took: 0.0003098 seconds
[2022-06-13T03:39:26.620+0000][1][safepoint    ] Application time: 1.0002270 seconds
[2022-06-13T03:39:26.620+0000][1][safepoint    ] Entering safepoint region: Cleanup
[2022-06-13T03:39:26.620+0000][1][safepoint    ] Leaving safepoint region
[2022-06-13T03:39:26.621+0000][1][safepoint    ] Total time for which application threads were stopped: 0.0008592 seconds, Stopping threads took: 0.0003769 seconds
[2022-06-13T03:39:27.621+0000][1][safepoint    ] Application time: 1.0001020 seconds
[2022-06-13T03:39:27.622+0000][1][safepoint    ] Entering safepoint region: Cleanup
[2022-06-13T03:39:27.622+0000][1][safepoint    ] Leaving safepoint region
[2022-06-13T03:39:27.622+0000][1][safepoint    ] Total time for which application threads were stopped: 0.0005485 seconds, Stopping threads took: 0.0002782 seconds
[2022-06-13T03:39:28.622+0000][1][safepoint    ] Application time: 1.0001150 seconds
[2022-06-13T03:39:28.623+0000][1][safepoint    ] Entering safepoint region: Cleanup
[2022-06-13T03:39:28.623+0000][1][safepoint    ] Leaving safepoint region
[2022-06-13T03:39:28.623+0000][1][safepoint    ] Total time for which application threads were stopped: 0.0006506 seconds, Stopping threads took: 0.0003124 seconds
[2022-06-13T03:39:29.624+0000][1][safepoint    ] Application time: 1.0002214 seconds
[2022-06-13T03:39:29.625+0000][1][safepoint    ] Entering safepoint region: Cleanup
[2022-06-13T03:39:29.625+0000][1][safepoint    ] Leaving safepoint region
[2022-06-13T03:39:29.625+0000][1][safepoint    ] Total time for which application threads were stopped: 0.0006444 seconds, Stopping threads took: 0.0003165 seconds
[2022-06-13T03:39:30.626+0000][1][safepoint    ] Application time: 1.0001325 seconds
[2022-06-13T03:39:30.626+0000][1][safepoint    ] Entering safepoint region: Cleanup
[2022-06-13T03:39:30.626+0000][1][safepoint    ] Leaving safepoint region
[2022-06-13T03:39:30.626+0000][1][safepoint    ] Total time for which application threads were stopped: 0.0003726 seconds, Stopping threads took: 0.0001456 seconds
[2022-06-13T03:39:31.627+0000][1][safepoint    ] Application time: 1.0003575 seconds
[2022-06-13T03:39:31.627+0000][1][safepoint    ] Entering safepoint region: Cleanup
[2022-06-13T03:39:31.628+0000][1][safepoint    ] Leaving safepoint region
[2022-06-13T03:39:31.628+0000][1][safepoint    ] Total time for which application threads were stopped: 0.0008286 seconds, Stopping threads took: 0.0003751 seconds
[2022-06-13T03:39:32.629+0000][1][safepoint    ] Application time: 1.0002502 seconds
[2022-06-13T03:39:32.629+0000][1][safepoint    ] Entering safepoint region: Cleanup
[2022-06-13T03:39:32.630+0000][1][safepoint    ] Leaving safepoint region
[2022-06-13T03:39:32.631+0000][1][safepoint    ] Total time for which application threads were stopped: 0.0012988 seconds, Stopping threads took: 0.0005825 seconds
[2022-06-13T03:39:33.632+0000][1][safepoint    ] Application time: 1.0003417 seconds
[2022-06-13T03:39:33.632+0000][1][safepoint    ] Entering safepoint region: Cleanup
[2022-06-13T03:39:33.633+0000][1][safepoint    ] Leaving safepoint region
[2022-06-13T03:39:33.633+0000][1][safepoint    ] Total time for which application threads were stopped: 0.0011190 seconds, Stopping threads took: 0.0005016 seconds
[2022-06-13T03:39:34.634+0000][1][safepoint    ] Application time: 1.0003757 seconds
[2022-06-13T03:39:34.635+0000][1][safepoint    ] Entering safepoint region: Cleanup
[2022-06-13T03:39:34.635+0000][1][safepoint    ] Leaving safepoint region
[2022-06-13T03:39:34.636+0000][1][safepoint    ] Total time for which application threads were stopped: 0.0008236 seconds, Stopping threads took: 0.0003756 seconds
[2022-06-13T03:39:35.636+0000][1][safepoint    ] Application time: 1.0003662 seconds
[2022-06-13T03:39:35.637+0000][1][safepoint    ] Entering safepoint region: Cleanup
[2022-06-13T03:39:35.638+0000][1][safepoint    ] Leaving safepoint region
[2022-06-13T03:39:35.638+0000][1][safepoint    ] Total time for which application threads were stopped: 0.0011543 seconds, Stopping threads took: 0.0005205 seconds
[2022-06-13T03:39:36.639+0000][1][safepoint    ] Application time: 1.0001642 seconds
[2022-06-13T03:39:36.639+0000][1][safepoint    ] Entering safepoint region: Cleanup
[2022-06-13T03:39:36.640+0000][1][safepoint    ] Leaving safepoint region
[2022-06-13T03:39:36.640+0000][1][safepoint    ] Total time for which application threads were stopped: 0.0007332 seconds, Stopping threads took: 0.0003122 seconds
[2022-06-13T03:39:37.640+0000][1][safepoint    ] Application time: 1.0002339 seconds
[2022-06-13T03:39:37.641+0000][1][safepoint    ] Entering safepoint region: Cleanup
[2022-06-13T03:39:37.641+0000][1][safepoint    ] Leaving safepoint region
[2022-06-13T03:39:37.642+0000][1][safepoint    ] Total time for which application threads were stopped: 0.0008064 seconds, Stopping threads took: 0.0003789 seconds
[2022-06-13T03:39:38.642+0000][1][safepoint    ] Application time: 1.0001212 seconds
[2022-06-13T03:39:38.642+0000][1][safepoint    ] Entering safepoint region: Cleanup
[2022-06-13T03:39:38.643+0000][1][safepoint    ] Leaving safepoint region
[2022-06-13T03:39:38.643+0000][1][safepoint    ] Total time for which application threads were stopped: 0.0004091 seconds, Stopping threads took: 0.0002153 seconds
[2022-06-13T03:39:39.643+0000][1][safepoint    ] Application time: 1.0001540 seconds
[2022-06-13T03:39:39.644+0000][1][safepoint    ] Entering safepoint region: Cleanup
[2022-06-13T03:39:39.644+0000][1][safepoint    ] Leaving safepoint region
[2022-06-13T03:39:39.645+0000][1][safepoint    ] Total time for which application threads were stopped: 0.0009377 seconds, Stopping threads took: 0.0003900 seconds
[2022-06-13T03:39:40.645+0000][1][safepoint    ] Application time: 1.0002082 seconds
[2022-06-13T03:39:40.646+0000][1][safepoint    ] Entering safepoint region: Cleanup
[2022-06-13T03:39:40.646+0000][1][safepoint    ] Leaving safepoint region
[2022-06-13T03:39:40.646+0000][1][safepoint    ] Total time for which application threads were stopped: 0.0004912 seconds, Stopping threads took: 0.0002495 seconds
[2022-06-13T03:39:41.647+0000][1][safepoint    ] Application time: 1.0002616 seconds
[2022-06-13T03:39:41.647+0000][1][safepoint    ] Entering safepoint region: Cleanup
[2022-06-13T03:39:41.648+0000][1][safepoint    ] Leaving safepoint region
[2022-06-13T03:39:41.648+0000][1][safepoint    ] Total time for which application threads were stopped: 0.0007534 seconds, Stopping threads took: 0.0003487 seconds
[2022-06-13T03:39:42.648+0000][1][safepoint    ] Application time: 1.0001963 seconds
[2022-06-13T03:39:42.649+0000][1][safepoint    ] Entering safepoint region: Cleanup
[2022-06-13T03:39:42.649+0000][1][safepoint    ] Leaving safepoint region
[2022-06-13T03:39:42.650+0000][1][safepoint    ] Total time for which application threads were stopped: 0.0007700 seconds, Stopping threads took: 0.0003578 seconds
[2022-06-13T03:39:43.650+0000][1][safepoint    ] Application time: 1.0001946 seconds
[2022-06-13T03:39:43.651+0000][1][safepoint    ] Entering safepoint region: Cleanup
[2022-06-13T03:39:43.651+0000][1][safepoint    ] Leaving safepoint region
[2022-06-13T03:39:43.651+0000][1][safepoint    ] Total time for which application threads were stopped: 0.0008547 seconds, Stopping threads took: 0.0003202 seconds
[2022-06-13T03:39:44.652+0000][1][safepoint    ] Application time: 1.0001876 seconds
[2022-06-13T03:39:44.652+0000][1][safepoint    ] Entering safepoint region: Cleanup
[2022-06-13T03:39:44.653+0000][1][safepoint    ] Leaving safepoint region
[2022-06-13T03:39:44.653+0000][1][safepoint    ] Total time for which application threads were stopped: 0.0005010 seconds, Stopping threads took: 0.0002242 seconds
[2022-06-13T03:39:45.653+0000][1][safepoint    ] Application time: 1.0002617 seconds
[2022-06-13T03:39:45.654+0000][1][safepoint    ] Entering safepoint region: Cleanup
[2022-06-13T03:39:45.655+0000][1][safepoint    ] Leaving safepoint region
[2022-06-13T03:39:45.655+0000][1][safepoint    ] Total time for which application threads were stopped: 0.0013079 seconds, Stopping threads took: 0.0006665 seconds
[2022-06-13T03:39:46.656+0000][1][safepoint    ] Application time: 1.0003013 seconds
[2022-06-13T03:39:46.657+0000][1][safepoint    ] Entering safepoint region: Cleanup
[2022-06-13T03:39:46.658+0000][1][safepoint    ] Leaving safepoint region
[2022-06-13T03:39:46.659+0000][1][safepoint    ] Total time for which application threads were stopped: 0.0015221 seconds, Stopping threads took: 0.0008176 seconds
[2022-06-13T03:39:47.660+0000][1][safepoint    ] Application time: 1.0003091 seconds
[2022-06-13T03:39:47.660+0000][1][safepoint    ] Entering safepoint region: Cleanup
[2022-06-13T03:39:47.661+0000][1][safepoint    ] Leaving safepoint region
[2022-06-13T03:39:47.662+0000][1][safepoint    ] Total time for which application threads were stopped: 0.0014583 seconds, Stopping threads took: 0.0007470 seconds
[2022-06-13T03:39:48.662+0000][1][safepoint    ] Application time: 1.0002196 seconds
[2022-06-13T03:39:48.663+0000][1][safepoint    ] Entering safepoint region: Cleanup
[2022-06-13T03:39:48.664+0000][1][safepoint    ] Leaving safepoint region
[2022-06-13T03:39:48.665+0000][1][safepoint    ] Total time for which application threads were stopped: 0.0014792 seconds, Stopping threads took: 0.0007239 seconds
[2022-06-13T03:39:49.666+0000][1][safepoint    ] Application time: 1.0002066 seconds
[2022-06-13T03:39:49.666+0000][1][safepoint    ] Entering safepoint region: Cleanup
[2022-06-13T03:39:49.667+0000][1][safepoint    ] Leaving safepoint region
[2022-06-13T03:39:49.667+0000][1][safepoint    ] Total time for which application threads were stopped: 0.0008370 seconds, Stopping threads took: 0.0004120 seconds
[2022-06-13T03:39:50.667+0000][1][safepoint    ] Application time: 1.0002479 seconds
[2022-06-13T03:39:50.668+0000][1][safepoint    ] Entering safepoint region: Cleanup
[2022-06-13T03:39:50.669+0000][1][safepoint    ] Leaving safepoint region
[2022-06-13T03:39:50.669+0000][1][safepoint    ] Total time for which application threads were stopped: 0.0010880 seconds, Stopping threads took: 0.0005535 seconds
[2022-06-13T03:39:51.670+0000][1][safepoint    ] Application time: 1.0001351 seconds
[2022-06-13T03:39:51.670+0000][1][safepoint    ] Entering safepoint region: Cleanup
[2022-06-13T03:39:51.671+0000][1][safepoint    ] Leaving safepoint region
[2022-06-13T03:39:51.671+0000][1][safepoint    ] Total time for which application threads were stopped: 0.0006846 seconds, Stopping threads took: 0.0003589 seconds
[2022-06-13T03:39:52.671+0000][1][safepoint    ] Application time: 1.0001779 seconds
[2022-06-13T03:39:52.672+0000][1][safepoint    ] Entering safepoint region: Cleanup
[2022-06-13T03:39:52.672+0000][1][safepoint    ] Leaving safepoint region
[2022-06-13T03:39:52.673+0000][1][safepoint    ] Total time for which application threads were stopped: 0.0009511 seconds, Stopping threads took: 0.0004031 seconds
[2022-06-13T03:39:53.673+0000][1][safepoint    ] Application time: 1.0001777 seconds
[2022-06-13T03:39:53.674+0000][1][safepoint    ] Entering safepoint region: Cleanup
[2022-06-13T03:39:53.674+0000][1][safepoint    ] Leaving safepoint region
[2022-06-13T03:39:53.675+0000][1][safepoint    ] Total time for which application threads were stopped: 0.0007854 seconds, Stopping threads took: 0.0003540 seconds
[2022-06-13T03:39:54.676+0000][1][safepoint    ] Application time: 1.0003993 seconds
[2022-06-13T03:39:54.676+0000][1][safepoint    ] Entering safepoint region: Cleanup
[2022-06-13T03:39:54.676+0000][1][safepoint    ] Leaving safepoint region
[2022-06-13T03:39:54.677+0000][1][safepoint    ] Total time for which application threads were stopped: 0.0008958 seconds, Stopping threads took: 0.0004579 seconds
[2022-06-13T03:39:55.677+0000][1][safepoint    ] Application time: 1.0001658 seconds
[2022-06-13T03:39:55.678+0000][1][safepoint    ] Entering safepoint region: Cleanup
[2022-06-13T03:39:55.678+0000][1][safepoint    ] Leaving safepoint region
[2022-06-13T03:39:55.678+0000][1][safepoint    ] Total time for which application threads were stopped: 0.0004212 seconds, Stopping threads took: 0.0001624 seconds
[2022-06-13T03:39:56.679+0000][1][safepoint    ] Application time: 1.0003444 seconds
[2022-06-13T03:39:56.679+0000][1][safepoint    ] Entering safepoint region: Cleanup
[2022-06-13T03:39:56.680+0000][1][safepoint    ] Leaving safepoint region
[2022-06-13T03:39:56.680+0000][1][safepoint    ] Total time for which application threads were stopped: 0.0008531 seconds, Stopping threads took: 0.0004278 seconds
[2022-06-13T03:39:57.681+0000][1][safepoint    ] Application time: 1.0001545 seconds
[2022-06-13T03:39:57.681+0000][1][safepoint    ] Entering safepoint region: Cleanup
[2022-06-13T03:39:57.682+0000][1][safepoint    ] Leaving safepoint region
[2022-06-13T03:39:57.682+0000][1][safepoint    ] Total time for which application threads were stopped: 0.0007221 seconds, Stopping threads took: 0.0003344 seconds
[2022-06-13T03:39:58.682+0000][1][safepoint    ] Application time: 1.0003578 seconds
[2022-06-13T03:39:58.683+0000][1][safepoint    ] Entering safepoint region: Cleanup
[2022-06-13T03:39:58.683+0000][1][safepoint    ] Leaving safepoint region
[2022-06-13T03:39:58.683+0000][1][safepoint    ] Total time for which application threads were stopped: 0.0006677 seconds, Stopping threads took: 0.0003443 seconds
[2022-06-13T03:39:59.684+0000][1][safepoint    ] Application time: 1.0002715 seconds
[2022-06-13T03:39:59.685+0000][1][safepoint    ] Entering safepoint region: Cleanup
[2022-06-13T03:39:59.685+0000][1][safepoint    ] Leaving safepoint region
[2022-06-13T03:39:59.686+0000][1][safepoint    ] Total time for which application threads were stopped: 0.0011742 seconds, Stopping threads took: 0.0005303 seconds
[2022-06-13T03:40:00.687+0000][1][safepoint    ] Application time: 1.0001741 seconds
[2022-06-13T03:40:00.687+0000][1][safepoint    ] Entering safepoint region: Cleanup
[2022-06-13T03:40:00.688+0000][1][safepoint    ] Leaving safepoint region
[2022-06-13T03:40:00.688+0000][1][safepoint    ] Total time for which application threads were stopped: 0.0008853 seconds, Stopping threads took: 0.0004886 seconds
[2022-06-13T03:40:01.689+0000][1][safepoint    ] Application time: 1.0003514 seconds
[2022-06-13T03:40:01.690+0000][1][safepoint    ] Entering safepoint region: Cleanup
[2022-06-13T03:40:01.690+0000][1][safepoint    ] Leaving safepoint region
[2022-06-13T03:40:01.691+0000][1][safepoint    ] Total time for which application threads were stopped: 0.0011083 seconds, Stopping threads took: 0.0004725 seconds
[2022-06-13T03:40:02.691+0000][1][safepoint    ] Application time: 1.0002134 seconds
[2022-06-13T03:40:02.692+0000][1][safepoint    ] Entering safepoint region: Cleanup
[2022-06-13T03:40:02.692+0000][1][safepoint    ] Leaving safepoint region
[2022-06-13T03:40:02.693+0000][1][safepoint    ] Total time for which application threads were stopped: 0.0008874 seconds, Stopping threads took: 0.0004367 seconds
[2022-06-13T03:40:03.693+0000][1][safepoint    ] Application time: 1.0003120 seconds
[2022-06-13T03:40:03.694+0000][1][safepoint    ] Entering safepoint region: Cleanup
[2022-06-13T03:40:03.695+0000][1][safepoint    ] Leaving safepoint region
[2022-06-13T03:40:03.695+0000][1][safepoint    ] Total time for which application threads were stopped: 0.0012717 seconds, Stopping threads took: 0.0005749 seconds
[2022-06-13T03:40:04.696+0000][1][safepoint    ] Application time: 1.0001768 seconds
[2022-06-13T03:40:04.696+0000][1][safepoint    ] Entering safepoint region: Cleanup
[2022-06-13T03:40:04.697+0000][1][safepoint    ] Leaving safepoint region
[2022-06-13T03:40:04.697+0000][1][safepoint    ] Total time for which application threads were stopped: 0.0006441 seconds, Stopping threads took: 0.0003086 seconds
[2022-06-13T03:40:05.697+0000][1][safepoint    ] Application time: 1.0002915 seconds
[2022-06-13T03:40:05.698+0000][1][safepoint    ] Entering safepoint region: Cleanup
[2022-06-13T03:40:05.698+0000][1][safepoint    ] Leaving safepoint region
[2022-06-13T03:40:05.699+0000][1][safepoint    ] Total time for which application threads were stopped: 0.0009987 seconds, Stopping threads took: 0.0004648 seconds
[2022-06-13T03:40:06.700+0000][1][safepoint    ] Application time: 1.0002204 seconds
[2022-06-13T03:40:06.700+0000][1][safepoint    ] Entering safepoint region: Cleanup
[2022-06-13T03:40:06.701+0000][1][safepoint    ] Leaving safepoint region
[2022-06-13T03:40:06.701+0000][1][safepoint    ] Total time for which application threads were stopped: 0.0007794 seconds, Stopping threads took: 0.0004333 seconds
[2022-06-13T03:40:07.701+0000][1][safepoint    ] Application time: 1.0001950 seconds
[2022-06-13T03:40:07.702+0000][1][safepoint    ] Entering safepoint region: Cleanup
[2022-06-13T03:40:07.702+0000][1][safepoint    ] Leaving safepoint region
[2022-06-13T03:40:07.703+0000][1][safepoint    ] Total time for which application threads were stopped: 0.0009477 seconds, Stopping threads took: 0.0004684 seconds
[2022-06-13T03:40:08.704+0000][1][safepoint    ] Application time: 1.0003336 seconds
[2022-06-13T03:40:08.704+0000][1][safepoint    ] Entering safepoint region: Cleanup
[2022-06-13T03:40:08.704+0000][1][safepoint    ] Leaving safepoint region
[2022-06-13T03:40:08.705+0000][1][safepoint    ] Total time for which application threads were stopped: 0.0008186 seconds, Stopping threads took: 0.0003670 seconds
[2022-06-13T03:40:09.705+0000][1][safepoint    ] Application time: 1.0001953 seconds
[2022-06-13T03:40:09.706+0000][1][safepoint    ] Entering safepoint region: Cleanup
[2022-06-13T03:40:09.707+0000][1][safepoint    ] Leaving safepoint region
[2022-06-13T03:40:09.707+0000][1][safepoint    ] Total time for which application threads were stopped: 0.0010633 seconds, Stopping threads took: 0.0004423 seconds
[2022-06-13T03:40:10.434+0000][1][safepoint    ] Application time: 0.7269091 seconds
[2022-06-13T03:40:10.435+0000][1][safepoint    ] Entering safepoint region: RevokeBias
[2022-06-13T03:40:10.435+0000][1][safepoint    ] Leaving safepoint region
[2022-06-13T03:40:10.436+0000][1][safepoint    ] Total time for which application threads were stopped: 0.0008986 seconds, Stopping threads took: 0.0004428 seconds
[2022-06-13T03:40:10.436+0000][1][safepoint    ] Application time: 0.0001964 seconds
[2022-06-13T03:40:10.436+0000][1][safepoint    ] Entering safepoint region: RevokeBias
[2022-06-13T03:40:10.437+0000][1][safepoint    ] Leaving safepoint region
[2022-06-13T03:40:10.437+0000][1][safepoint    ] Total time for which application threads were stopped: 0.0005308 seconds, Stopping threads took: 0.0002114 seconds
[2022-06-13T03:40:10.438+0000][1][safepoint    ] Application time: 0.0009770 seconds
[2022-06-13T03:40:10.439+0000][1][safepoint    ] Entering safepoint region: RevokeBias
[2022-06-13T03:40:10.439+0000][1][safepoint    ] Leaving safepoint region
[2022-06-13T03:40:10.439+0000][1][safepoint    ] Total time for which application threads were stopped: 0.0009031 seconds, Stopping threads took: 0.0004310 seconds
[2022-06-13T03:40:10.440+0000][1][safepoint    ] Application time: 0.0001910 seconds
[2022-06-13T03:40:10.440+0000][1][safepoint    ] Entering safepoint region: RevokeBias
[2022-06-13T03:40:10.440+0000][1][safepoint    ] Leaving safepoint region
[2022-06-13T03:40:10.441+0000][1][safepoint    ] Total time for which application threads were stopped: 0.0003988 seconds, Stopping threads took: 0.0002042 seconds
[2022-06-13T03:40:10.442+0000][1][safepoint    ] Application time: 0.0007527 seconds
[2022-06-13T03:40:10.442+0000][1][safepoint    ] Entering safepoint region: RevokeBias
[2022-06-13T03:40:10.442+0000][1][safepoint    ] Leaving safepoint region
[2022-06-13T03:40:10.442+0000][1][safepoint    ] Total time for which application threads were stopped: 0.0004853 seconds, Stopping threads took: 0.0001933 seconds
[2022-06-13T03:40:10.443+0000][1][safepoint    ] Application time: 0.0007776 seconds
[2022-06-13T03:40:10.443+0000][1][safepoint    ] Entering safepoint region: RevokeBias
[2022-06-13T03:40:10.444+0000][1][safepoint    ] Leaving safepoint region
[2022-06-13T03:40:10.445+0000][1][safepoint    ] Total time for which application threads were stopped: 0.0012086 seconds, Stopping threads took: 0.0003266 seconds
[2022-06-13T03:40:10.445+0000][1][safepoint    ] Application time: 0.0004474 seconds
[2022-06-13T03:40:10.446+0000][1][safepoint    ] Entering safepoint region: RevokeBias
[2022-06-13T03:40:10.447+0000][1][safepoint    ] Leaving safepoint region
[2022-06-13T03:40:10.447+0000][1][safepoint    ] Total time for which application threads were stopped: 0.0011705 seconds, Stopping threads took: 0.0002300 seconds
[2022-06-13T03:40:10.449+0000][1][safepoint    ] Application time: 0.0012453 seconds
[2022-06-13T03:40:10.449+0000][1][safepoint    ] Entering safepoint region: RevokeBias
[2022-06-13T03:40:10.450+0000][1][safepoint    ] Leaving safepoint region
[2022-06-13T03:40:10.450+0000][1][safepoint    ] Total time for which application threads were stopped: 0.0009463 seconds, Stopping threads took: 0.0004978 seconds
[2022-06-13T03:40:10.451+0000][1][safepoint    ] Application time: 0.0005604 seconds
[2022-06-13T03:40:10.451+0000][1][safepoint    ] Entering safepoint region: RevokeBias
[2022-06-13T03:40:10.452+0000][1][safepoint    ] Leaving safepoint region
[2022-06-13T03:40:10.452+0000][1][safepoint    ] Total time for which application threads were stopped: 0.0006955 seconds, Stopping threads took: 0.0003080 seconds
[2022-06-13T03:40:10.452+0000][1][safepoint    ] Application time: 0.0002664 seconds
[2022-06-13T03:40:10.453+0000][1][safepoint    ] Entering safepoint region: RevokeBias
[2022-06-13T03:40:10.453+0000][1][safepoint    ] Leaving safepoint region
[2022-06-13T03:40:10.453+0000][1][safepoint    ] Total time for which application threads were stopped: 0.0006451 seconds, Stopping threads took: 0.0002628 seconds
[2022-06-13T03:40:10.454+0000][1][safepoint    ] Application time: 0.0004667 seconds
[2022-06-13T03:40:10.454+0000][1][safepoint    ] Entering safepoint region: RevokeBias
[2022-06-13T03:40:10.455+0000][1][safepoint    ] Leaving safepoint region
[2022-06-13T03:40:10.455+0000][1][safepoint    ] Total time for which application threads were stopped: 0.0003759 seconds, Stopping threads took: 0.0001648 seconds
[2022-06-13T03:40:10.456+0000][1][safepoint    ] Application time: 0.0009564 seconds
[2022-06-13T03:40:10.456+0000][1][safepoint    ] Entering safepoint region: RevokeBias
[2022-06-13T03:40:10.457+0000][1][safepoint    ] Leaving safepoint region
[2022-06-13T03:40:10.457+0000][1][safepoint    ] Total time for which application threads were stopped: 0.0003924 seconds, Stopping threads took: 0.0002088 seconds
[2022-06-13T03:40:10.457+0000][1][safepoint    ] Application time: 0.0002194 seconds
[2022-06-13T03:40:10.457+0000][1][safepoint    ] Entering safepoint region: RevokeBias
[2022-06-13T03:40:10.457+0000][1][safepoint    ] Leaving safepoint region
[2022-06-13T03:40:10.458+0000][1][safepoint    ] Total time for which application threads were stopped: 0.0004264 seconds, Stopping threads took: 0.0001276 seconds
[2022-06-13T03:40:10.458+0000][1][safepoint    ] Application time: 0.0001806 seconds
[2022-06-13T03:40:10.458+0000][1][safepoint    ] Entering safepoint region: RevokeBias
[2022-06-13T03:40:10.458+0000][1][safepoint    ] Leaving safepoint region
[2022-06-13T03:40:10.459+0000][1][safepoint    ] Total time for which application threads were stopped: 0.0005298 seconds, Stopping threads took: 0.0001805 seconds
[2022-06-13T03:40:10.459+0000][1][safepoint    ] Application time: 0.0001943 seconds
[2022-06-13T03:40:10.459+0000][1][safepoint    ] Entering safepoint region: RevokeBias
[2022-06-13T03:40:10.460+0000][1][safepoint    ] Leaving safepoint region
[2022-06-13T03:40:10.460+0000][1][safepoint    ] Total time for which application threads were stopped: 0.0004107 seconds, Stopping threads took: 0.0001920 seconds
[2022-06-13T03:40:10.460+0000][1][safepoint    ] Application time: 0.0001608 seconds
[2022-06-13T03:40:10.460+0000][1][safepoint    ] Entering safepoint region: RevokeBias
[2022-06-13T03:40:10.460+0000][1][safepoint    ] Leaving safepoint region
[2022-06-13T03:40:10.461+0000][1][safepoint    ] Total time for which application threads were stopped: 0.0003853 seconds, Stopping threads took: 0.0001485 seconds
[2022-06-13T03:40:10.461+0000][1][safepoint    ] Application time: 0.0003377 seconds
[2022-06-13T03:40:10.461+0000][1][safepoint    ] Entering safepoint region: BulkRevokeBias
[2022-06-13T03:40:10.462+0000][1][safepoint    ] Leaving safepoint region
[2022-06-13T03:40:10.462+0000][1][safepoint    ] Total time for which application threads were stopped: 0.0006237 seconds, Stopping threads took: 0.0001534 seconds
[2022-06-13T03:40:10.462+0000][1][safepoint    ] Application time: 0.0001521 seconds
[2022-06-13T03:40:10.462+0000][1][safepoint    ] Entering safepoint region: RevokeBias
[2022-06-13T03:40:10.463+0000][1][safepoint    ] Leaving safepoint region
[2022-06-13T03:40:10.463+0000][1][safepoint    ] Total time for which application threads were stopped: 0.0004015 seconds, Stopping threads took: 0.0001873 seconds
[2022-06-13T03:40:10.463+0000][1][safepoint    ] Application time: 0.0001948 seconds
[2022-06-13T03:40:10.463+0000][1][safepoint    ] Entering safepoint region: RevokeBias
[2022-06-13T03:40:10.464+0000][1][safepoint    ] Leaving safepoint region
[2022-06-13T03:40:10.464+0000][1][safepoint    ] Total time for which application threads were stopped: 0.0004510 seconds, Stopping threads took: 0.0001870 seconds
[2022-06-13T03:40:10.464+0000][1][safepoint    ] Application time: 0.0000921 seconds
[2022-06-13T03:40:10.464+0000][1][safepoint    ] Entering safepoint region: RevokeBias
[2022-06-13T03:40:10.465+0000][1][safepoint    ] Leaving safepoint region
[2022-06-13T03:40:10.465+0000][1][safepoint    ] Total time for which application threads were stopped: 0.0004348 seconds, Stopping threads took: 0.0002665 seconds
[2022-06-13T03:40:10.465+0000][1][safepoint    ] Application time: 0.0006275 seconds
[2022-06-13T03:40:10.466+0000][1][safepoint    ] Entering safepoint region: RevokeBias
[2022-06-13T03:40:10.466+0000][1][safepoint    ] Leaving safepoint region
[2022-06-13T03:40:10.466+0000][1][safepoint    ] Total time for which application threads were stopped: 0.0006662 seconds, Stopping threads took: 0.0001905 seconds
[2022-06-13T03:40:10.467+0000][1][safepoint    ] Application time: 0.0001823 seconds
[2022-06-13T03:40:10.467+0000][1][safepoint    ] Entering safepoint region: RevokeBias
[2022-06-13T03:40:10.467+0000][1][safepoint    ] Leaving safepoint region
[2022-06-13T03:40:10.467+0000][1][safepoint    ] Total time for which application threads were stopped: 0.0003686 seconds, Stopping threads took: 0.0002252 seconds
[2022-06-13T03:40:10.468+0000][1][safepoint    ] Application time: 0.0004008 seconds
[2022-06-13T03:40:10.468+0000][1][safepoint    ] Entering safepoint region: RevokeBias
[2022-06-13T03:40:10.468+0000][1][safepoint    ] Leaving safepoint region
[2022-06-13T03:40:10.468+0000][1][safepoint    ] Total time for which application threads were stopped: 0.0004126 seconds, Stopping threads took: 0.0002036 seconds
[2022-06-13T03:40:10.469+0000][1][safepoint    ] Application time: 0.0001481 seconds
[2022-06-13T03:40:10.469+0000][1][safepoint    ] Entering safepoint region: RevokeBias
[2022-06-13T03:40:10.469+0000][1][safepoint    ] Leaving safepoint region
[2022-06-13T03:40:10.469+0000][1][safepoint    ] Total time for which application threads were stopped: 0.0002727 seconds, Stopping threads took: 0.0001428 seconds
[2022-06-13T03:40:10.469+0000][1][safepoint    ] Application time: 0.0001581 seconds
[2022-06-13T03:40:10.469+0000][1][safepoint    ] Entering safepoint region: RevokeBias
[2022-06-13T03:40:10.470+0000][1][safepoint    ] Leaving safepoint region
[2022-06-13T03:40:10.470+0000][1][safepoint    ] Total time for which application threads were stopped: 0.0003683 seconds, Stopping threads took: 0.0001996 seconds
[2022-06-13T03:40:10.470+0000][1][safepoint    ] Application time: 0.0001783 seconds
[2022-06-13T03:40:10.470+0000][1][safepoint    ] Entering safepoint region: RevokeBias
[2022-06-13T03:40:10.470+0000][1][safepoint    ] Leaving safepoint region
[2022-06-13T03:40:10.471+0000][1][safepoint    ] Total time for which application threads were stopped: 0.0004011 seconds, Stopping threads took: 0.0001459 seconds
[2022-06-13T03:40:10.471+0000][1][safepoint    ] Application time: 0.0001193 seconds
[2022-06-13T03:40:10.471+0000][1][safepoint    ] Entering safepoint region: RevokeBias
[2022-06-13T03:40:10.471+0000][1][safepoint    ] Leaving safepoint region
[2022-06-13T03:40:10.472+0000][1][safepoint    ] Total time for which application threads were stopped: 0.0004599 seconds, Stopping threads took: 0.0002717 seconds
[2022-06-13T03:40:10.472+0000][1][safepoint    ] Application time: 0.0001011 seconds
[2022-06-13T03:40:10.472+0000][1][safepoint    ] Entering safepoint region: RevokeBias
[2022-06-13T03:40:10.473+0000][1][safepoint    ] Leaving safepoint region
[2022-06-13T03:40:10.473+0000][1][safepoint    ] Total time for which application threads were stopped: 0.0003611 seconds, Stopping threads took: 0.0001801 seconds
[2022-06-13T03:40:10.473+0000][1][safepoint    ] Application time: 0.0000722 seconds
[2022-06-13T03:40:10.473+0000][1][safepoint    ] Entering safepoint region: RevokeBias
[2022-06-13T03:40:10.473+0000][1][safepoint    ] Leaving safepoint region
[2022-06-13T03:40:10.473+0000][1][safepoint    ] Total time for which application threads were stopped: 0.0003017 seconds, Stopping threads took: 0.0001293 seconds
[2022-06-13T03:40:10.475+0000][1][safepoint    ] Application time: 0.0012416 seconds
[2022-06-13T03:40:10.475+0000][1][safepoint    ] Entering safepoint region: RevokeBias
[2022-06-13T03:40:10.475+0000][1][safepoint    ] Leaving safepoint region
[2022-06-13T03:40:10.476+0000][1][safepoint    ] Total time for which application threads were stopped: 0.0003968 seconds, Stopping threads took: 0.0001608 seconds
[2022-06-13T03:40:10.477+0000][1][safepoint    ] Application time: 0.0012342 seconds
[2022-06-13T03:40:10.477+0000][1][safepoint    ] Entering safepoint region: RevokeBias
[2022-06-13T03:40:10.477+0000][1][safepoint    ] Leaving safepoint region
[2022-06-13T03:40:10.478+0000][1][safepoint    ] Total time for which application threads were stopped: 0.0003503 seconds, Stopping threads took: 0.0001557 seconds
[2022-06-13T03:40:10.478+0000][1][safepoint    ] Application time: 0.0002733 seconds
[2022-06-13T03:40:10.478+0000][1][safepoint    ] Entering safepoint region: RevokeBias
[2022-06-13T03:40:10.478+0000][1][safepoint    ] Leaving safepoint region
[2022-06-13T03:40:10.479+0000][1][safepoint    ] Total time for which application threads were stopped: 0.0003804 seconds, Stopping threads took: 0.0001845 seconds
[2022-06-13T03:40:10.479+0000][1][safepoint    ] Application time: 0.0000439 seconds
[2022-06-13T03:40:10.479+0000][1][safepoint    ] Entering safepoint region: RevokeBias
[2022-06-13T03:40:10.479+0000][1][safepoint    ] Leaving safepoint region
[2022-06-13T03:40:10.479+0000][1][safepoint    ] Total time for which application threads were stopped: 0.0003992 seconds, Stopping threads took: 0.0001400 seconds
[2022-06-13T03:40:10.480+0000][1][safepoint    ] Application time: 0.0001154 seconds
[2022-06-13T03:40:10.480+0000][1][safepoint    ] Entering safepoint region: RevokeBias
[2022-06-13T03:40:10.480+0000][1][safepoint    ] Leaving safepoint region
[2022-06-13T03:40:10.480+0000][1][safepoint    ] Total time for which application threads were stopped: 0.0004076 seconds, Stopping threads took: 0.0002294 seconds
[2022-06-13T03:40:10.481+0000][1][safepoint    ] Application time: 0.0001932 seconds
[2022-06-13T03:40:10.481+0000][1][safepoint    ] Entering safepoint region: RevokeBias
[2022-06-13T03:40:10.481+0000][1][safepoint    ] Leaving safepoint region
[2022-06-13T03:40:10.481+0000][1][safepoint    ] Total time for which application threads were stopped: 0.0004437 seconds, Stopping threads took: 0.0002009 seconds
[2022-06-13T03:40:10.482+0000][1][safepoint    ] Application time: 0.0003304 seconds
[2022-06-13T03:40:10.482+0000][1][safepoint    ] Entering safepoint region: RevokeBias
[2022-06-13T03:40:10.482+0000][1][safepoint    ] Leaving safepoint region
[2022-06-13T03:40:10.482+0000][1][safepoint    ] Total time for which application threads were stopped: 0.0003240 seconds, Stopping threads took: 0.0001667 seconds
[2022-06-13T03:40:10.485+0000][1][safepoint    ] Application time: 0.0022382 seconds
[2022-06-13T03:40:10.485+0000][1][safepoint    ] Entering safepoint region: RevokeBias
[2022-06-13T03:40:10.485+0000][1][safepoint    ] Leaving safepoint region
[2022-06-13T03:40:10.486+0000][1][safepoint    ] Total time for which application threads were stopped: 0.0004481 seconds, Stopping threads took: 0.0002439 seconds
[2022-06-13T03:40:10.487+0000][1][safepoint    ] Application time: 0.0015245 seconds
[2022-06-13T03:40:10.487+0000][1][safepoint    ] Entering safepoint region: RevokeBias
[2022-06-13T03:40:10.488+0000][1][safepoint    ] Leaving safepoint region
[2022-06-13T03:40:10.488+0000][1][safepoint    ] Total time for which application threads were stopped: 0.0003999 seconds, Stopping threads took: 0.0002481 seconds
[2022-06-13T03:40:10.488+0000][1][safepoint    ] Application time: 0.0001213 seconds
[2022-06-13T03:40:10.488+0000][1][safepoint    ] Entering safepoint region: RevokeBias
[2022-06-13T03:40:10.488+0000][1][safepoint    ] Leaving safepoint region
[2022-06-13T03:40:10.488+0000][1][safepoint    ] Total time for which application threads were stopped: 0.0002671 seconds, Stopping threads took: 0.0001297 seconds
[2022-06-13T03:40:10.489+0000][1][safepoint    ] Application time: 0.0000891 seconds
[2022-06-13T03:40:10.489+0000][1][safepoint    ] Entering safepoint region: RevokeBias
[2022-06-13T03:40:10.489+0000][1][safepoint    ] Leaving safepoint region
[2022-06-13T03:40:10.489+0000][1][safepoint    ] Total time for which application threads were stopped: 0.0002734 seconds, Stopping threads took: 0.0001130 seconds
[2022-06-13T03:40:10.489+0000][1][safepoint    ] Application time: 0.0000734 seconds
[2022-06-13T03:40:10.490+0000][1][safepoint    ] Entering safepoint region: RevokeBias
[2022-06-13T03:40:10.490+0000][1][safepoint    ] Leaving safepoint region
[2022-06-13T03:40:10.490+0000][1][safepoint    ] Total time for which application threads were stopped: 0.0004296 seconds, Stopping threads took: 0.0002863 seconds
[2022-06-13T03:40:10.490+0000][1][safepoint    ] Application time: 0.0001585 seconds
[2022-06-13T03:40:10.491+0000][1][safepoint    ] Entering safepoint region: BulkRevokeBias
[2022-06-13T03:40:10.491+0000][1][safepoint    ] Leaving safepoint region
[2022-06-13T03:40:10.491+0000][1][safepoint    ] Total time for which application threads were stopped: 0.0003821 seconds, Stopping threads took: 0.0001471 seconds
[2022-06-13T03:40:10.493+0000][1][safepoint    ] Application time: 0.0015585 seconds
[2022-06-13T03:40:10.493+0000][1][safepoint    ] Entering safepoint region: RevokeBias
[2022-06-13T03:40:10.493+0000][1][safepoint    ] Leaving safepoint region
[2022-06-13T03:40:10.493+0000][1][safepoint    ] Total time for which application threads were stopped: 0.0003362 seconds, Stopping threads took: 0.0001407 seconds
[2022-06-13T03:40:10.498+0000][1][safepoint    ] Application time: 0.0048603 seconds
[2022-06-13T03:40:10.498+0000][1][safepoint    ] Entering safepoint region: RevokeBias
[2022-06-13T03:40:10.499+0000][1][safepoint    ] Leaving safepoint region
[2022-06-13T03:40:10.499+0000][1][safepoint    ] Total time for which application threads were stopped: 0.0004571 seconds, Stopping threads took: 0.0002788 seconds
[2022-06-13T03:40:10.499+0000][1][safepoint    ] Application time: 0.0001092 seconds
[2022-06-13T03:40:10.499+0000][1][safepoint    ] Entering safepoint region: RevokeBias
[2022-06-13T03:40:10.499+0000][1][safepoint    ] Leaving safepoint region
[2022-06-13T03:40:10.500+0000][1][safepoint    ] Total time for which application threads were stopped: 0.0002760 seconds, Stopping threads took: 0.0001501 seconds
[2022-06-13T03:40:10.500+0000][1][safepoint    ] Application time: 0.0000992 seconds
[2022-06-13T03:40:10.500+0000][1][safepoint    ] Entering safepoint region: RevokeBias
[2022-06-13T03:40:10.500+0000][1][safepoint    ] Leaving safepoint region
[2022-06-13T03:40:10.500+0000][1][safepoint    ] Total time for which application threads were stopped: 0.0002676 seconds, Stopping threads took: 0.0001099 seconds
[2022-06-13T03:40:10.501+0000][1][safepoint    ] Application time: 0.0004098 seconds
[2022-06-13T03:40:10.501+0000][1][safepoint    ] Entering safepoint region: RevokeBias
[2022-06-13T03:40:10.501+0000][1][safepoint    ] Leaving safepoint region
[2022-06-13T03:40:10.501+0000][1][safepoint    ] Total time for which application threads were stopped: 0.0002690 seconds, Stopping threads took: 0.0001295 seconds
[2022-06-13T03:40:10.502+0000][1][safepoint    ] Application time: 0.0007017 seconds
[2022-06-13T03:40:10.502+0000][1][safepoint    ] Entering safepoint region: RevokeBias
[2022-06-13T03:40:10.502+0000][1][safepoint    ] Leaving safepoint region
[2022-06-13T03:40:10.502+0000][1][safepoint    ] Total time for which application threads were stopped: 0.0002808 seconds, Stopping threads took: 0.0001337 seconds
[2022-06-13T03:40:10.503+0000][1][safepoint    ] Application time: 0.0002594 seconds
[2022-06-13T03:40:10.503+0000][1][safepoint    ] Entering safepoint region: RevokeBias
[2022-06-13T03:40:10.503+0000][1][safepoint    ] Leaving safepoint region
[2022-06-13T03:40:10.503+0000][1][safepoint    ] Total time for which application threads were stopped: 0.0003015 seconds, Stopping threads took: 0.0001599 seconds
[2022-06-13T03:40:10.504+0000][1][safepoint    ] Application time: 0.0011088 seconds
[2022-06-13T03:40:10.505+0000][1][safepoint    ] Entering safepoint region: RevokeBias
[2022-06-13T03:40:10.505+0000][1][safepoint    ] Leaving safepoint region
[2022-06-13T03:40:10.505+0000][1][safepoint    ] Total time for which application threads were stopped: 0.0002896 seconds, Stopping threads took: 0.0001291 seconds
[2022-06-13T03:40:10.505+0000][1][safepoint    ] Application time: 0.0002136 seconds
[2022-06-13T03:40:10.505+0000][1][safepoint    ] Entering safepoint region: RevokeBias
[2022-06-13T03:40:10.505+0000][1][safepoint    ] Leaving safepoint region
[2022-06-13T03:40:10.505+0000][1][safepoint    ] Total time for which application threads were stopped: 0.0002300 seconds, Stopping threads took: 0.0001202 seconds
[2022-06-13T03:40:10.506+0000][1][safepoint    ] Application time: 0.0001354 seconds
[2022-06-13T03:40:10.506+0000][1][safepoint    ] Entering safepoint region: RevokeBias
[2022-06-13T03:40:10.506+0000][1][safepoint    ] Leaving safepoint region
[2022-06-13T03:40:10.506+0000][1][safepoint    ] Total time for which application threads were stopped: 0.0002759 seconds, Stopping threads took: 0.0001332 seconds
[2022-06-13T03:40:10.507+0000][1][safepoint    ] Application time: 0.0004536 seconds
[2022-06-13T03:40:10.507+0000][1][safepoint    ] Entering safepoint region: RevokeBias
[2022-06-13T03:40:10.507+0000][1][safepoint    ] Leaving safepoint region
[2022-06-13T03:40:10.507+0000][1][safepoint    ] Total time for which application threads were stopped: 0.0002526 seconds, Stopping threads took: 0.0001331 seconds
[2022-06-13T03:40:10.508+0000][1][safepoint    ] Application time: 0.0009597 seconds
[2022-06-13T03:40:10.508+0000][1][safepoint    ] Entering safepoint region: RevokeBias
[2022-06-13T03:40:10.509+0000][1][safepoint    ] Leaving safepoint region
[2022-06-13T03:40:10.509+0000][1][safepoint    ] Total time for which application threads were stopped: 0.0002318 seconds, Stopping threads took: 0.0001077 seconds
[2022-06-13T03:40:10.509+0000][1][safepoint    ] Application time: 0.0003031 seconds
[2022-06-13T03:40:10.509+0000][1][safepoint    ] Entering safepoint region: RevokeBias
[2022-06-13T03:40:10.509+0000][1][safepoint    ] Leaving safepoint region
[2022-06-13T03:40:10.510+0000][1][safepoint    ] Total time for which application threads were stopped: 0.0003124 seconds, Stopping threads took: 0.0001763 seconds
[2022-06-13T03:40:10.511+0000][1][gc,heap,exit ] Heap
[2022-06-13T03:40:10.512+0000][1][gc,heap,exit ]  par new generation   total 78656K, used 71499K [0x00000000f0000000, 0x00000000f5550000, 0x00000000f5550000)
[2022-06-13T03:40:10.512+0000][1][gc,heap,exit ]   eden space 69952K,  93% used [0x00000000f0000000, 0x00000000f3fbae18, 0x00000000f4450000)
[2022-06-13T03:40:10.512+0000][1][gc,heap,exit ]   from space 8704K,  71% used [0x00000000f4450000, 0x00000000f4a67df8, 0x00000000f4cd0000)
[2022-06-13T03:40:10.512+0000][1][gc,heap,exit ]   to   space 8704K,   0% used [0x00000000f4cd0000, 0x00000000f4cd0000, 0x00000000f5550000)
[2022-06-13T03:40:10.512+0000][1][gc,heap,exit ]  concurrent mark-sweep generation total 174784K, used 64598K [0x00000000f5550000, 0x0000000100000000, 0x0000000100000000)
[2022-06-13T03:40:10.512+0000][1][gc,heap,exit ]  Metaspace       used 64417K, capacity 69036K, committed 69220K, reserved 1107968K
[2022-06-13T03:40:10.512+0000][1][gc,heap,exit ]   class space    used 8612K, capacity 10561K, committed 10604K, reserved 1048576K
[2022-06-13T03:40:10.513+0000][1][safepoint    ] Application time: 0.0028779 seconds
[2022-06-13T03:40:10.513+0000][1][safepoint    ] Entering safepoint region: Exit
