[2022-06-13T02:53:47.673+0000][1][gc] Using Concurrent Mark Sweep
[2022-06-13T02:53:47.674+0000][1][gc,heap,coops] Heap address: 0x00000000f0000000, size: 256 MB, Compressed Oops mode: 32-bit
[2022-06-13T02:53:47.722+0000][1][safepoint    ] Entering safepoint region: EnableBiasedLocking
[2022-06-13T02:53:47.722+0000][1][safepoint    ] Leaving safepoint region
[2022-06-13T02:53:47.723+0000][1][safepoint    ] Total time for which application threads were stopped: 0.0006536 seconds, Stopping threads took: 0.0003804 seconds
[2022-06-13T02:53:47.726+0000][1][safepoint    ] Application time: 0.0030781 seconds
[2022-06-13T02:53:47.726+0000][1][safepoint    ] Entering safepoint region: RevokeBias
[2022-06-13T02:53:47.727+0000][1][safepoint    ] Leaving safepoint region
[2022-06-13T02:53:47.727+0000][1][safepoint    ] Total time for which application threads were stopped: 0.0006416 seconds, Stopping threads took: 0.0002990 seconds
[2022-06-13T02:53:47.738+0000][1][safepoint    ] Application time: 0.0103444 seconds
[2022-06-13T02:53:47.738+0000][1][safepoint    ] Entering safepoint region: Deoptimize
[2022-06-13T02:53:47.739+0000][1][safepoint    ] Leaving safepoint region
[2022-06-13T02:53:47.739+0000][1][safepoint    ] Total time for which application threads were stopped: 0.0004340 seconds, Stopping threads took: 0.0002646 seconds
[2022-06-13T02:53:47.813+0000][1][safepoint    ] Application time: 0.0740725 seconds
[2022-06-13T02:53:47.813+0000][1][safepoint    ] Entering safepoint region: RevokeBias
[2022-06-13T02:53:47.813+0000][1][safepoint    ] Leaving safepoint region
[2022-06-13T02:53:47.814+0000][1][safepoint    ] Total time for which application threads were stopped: 0.0003955 seconds, Stopping threads took: 0.0001774 seconds
[2022-06-13T02:53:47.840+0000][1][safepoint    ] Application time: 0.0261151 seconds
[2022-06-13T02:53:47.840+0000][1][safepoint    ] Entering safepoint region: Deoptimize
[2022-06-13T02:53:47.840+0000][1][safepoint    ] Leaving safepoint region
[2022-06-13T02:53:47.841+0000][1][safepoint    ] Total time for which application threads were stopped: 0.0003888 seconds, Stopping threads took: 0.0001762 seconds
[2022-06-13T02:53:48.122+0000][1][safepoint    ] Application time: 0.2811326 seconds
[2022-06-13T02:53:48.122+0000][1][safepoint    ] Entering safepoint region: Deoptimize
[2022-06-13T02:53:48.123+0000][1][safepoint    ] Leaving safepoint region
[2022-06-13T02:53:48.123+0000][1][safepoint    ] Total time for which application threads were stopped: 0.0010037 seconds, Stopping threads took: 0.0004162 seconds
[2022-06-13T02:53:48.140+0000][1][safepoint    ] Application time: 0.0166297 seconds
[2022-06-13T02:53:48.140+0000][1][safepoint    ] Entering safepoint region: Deoptimize
[2022-06-13T02:53:48.140+0000][1][safepoint    ] Leaving safepoint region
[2022-06-13T02:53:48.141+0000][1][safepoint    ] Total time for which application threads were stopped: 0.0003970 seconds, Stopping threads took: 0.0001491 seconds
[2022-06-13T02:53:48.180+0000][1][safepoint    ] Application time: 0.0390363 seconds
[2022-06-13T02:53:48.180+0000][1][safepoint    ] Entering safepoint region: Deoptimize
[2022-06-13T02:53:48.180+0000][1][safepoint    ] Leaving safepoint region
[2022-06-13T02:53:48.181+0000][1][safepoint    ] Total time for which application threads were stopped: 0.0006396 seconds, Stopping threads took: 0.0001861 seconds
[2022-06-13T02:53:48.188+0000][1][safepoint    ] Application time: 0.0070475 seconds
[2022-06-13T02:53:48.188+0000][1][safepoint    ] Entering safepoint region: RevokeBias
[2022-06-13T02:53:48.188+0000][1][safepoint    ] Leaving safepoint region
[2022-06-13T02:53:48.188+0000][1][safepoint    ] Total time for which application threads were stopped: 0.0003434 seconds, Stopping threads took: 0.0001626 seconds
[2022-06-13T02:53:48.191+0000][1][safepoint    ] Application time: 0.0026271 seconds
[2022-06-13T02:53:48.191+0000][1][safepoint    ] Entering safepoint region: Deoptimize
[2022-06-13T02:53:48.192+0000][1][safepoint    ] Leaving safepoint region
[2022-06-13T02:53:48.192+0000][1][safepoint    ] Total time for which application threads were stopped: 0.0005028 seconds, Stopping threads took: 0.0002024 seconds
[2022-06-13T02:53:48.574+0000][1][safepoint    ] Application time: 0.3815095 seconds
[2022-06-13T02:53:48.574+0000][1][safepoint    ] Entering safepoint region: Deoptimize
[2022-06-13T02:53:48.574+0000][1][safepoint    ] Leaving safepoint region
[2022-06-13T02:53:48.575+0000][1][safepoint    ] Total time for which application threads were stopped: 0.0007122 seconds, Stopping threads took: 0.0002638 seconds
[2022-06-13T02:53:48.812+0000][1][safepoint    ] Application time: 0.2375060 seconds
[2022-06-13T02:53:48.813+0000][1][safepoint    ] Entering safepoint region: RevokeBias
[2022-06-13T02:53:48.813+0000][1][safepoint    ] Leaving safepoint region
[2022-06-13T02:53:48.813+0000][1][safepoint    ] Total time for which application threads were stopped: 0.0005013 seconds, Stopping threads took: 0.0002127 seconds
[2022-06-13T02:53:48.921+0000][1][safepoint    ] Application time: 0.1073654 seconds
[2022-06-13T02:53:48.921+0000][1][safepoint    ] Entering safepoint region: Deoptimize
[2022-06-13T02:53:48.922+0000][1][safepoint    ] Leaving safepoint region
[2022-06-13T02:53:48.922+0000][1][safepoint    ] Total time for which application threads were stopped: 0.0007308 seconds, Stopping threads took: 0.0003171 seconds
[2022-06-13T02:53:49.023+0000][1][safepoint    ] Application time: 0.1012611 seconds
[2022-06-13T02:53:49.024+0000][1][safepoint    ] Entering safepoint region: Deoptimize
[2022-06-13T02:53:49.024+0000][1][safepoint    ] Leaving safepoint region
[2022-06-13T02:53:49.024+0000][1][safepoint    ] Total time for which application threads were stopped: 0.0006431 seconds, Stopping threads took: 0.0001804 seconds
[2022-06-13T02:53:49.025+0000][1][safepoint    ] Application time: 0.0001432 seconds
[2022-06-13T02:53:49.025+0000][1][safepoint    ] Entering safepoint region: Deoptimize
[2022-06-13T02:53:49.025+0000][1][safepoint    ] Leaving safepoint region
[2022-06-13T02:53:49.025+0000][1][safepoint    ] Total time for which application threads were stopped: 0.0004839 seconds, Stopping threads took: 0.0001467 seconds
[2022-06-13T02:53:49.062+0000][1][safepoint    ] Application time: 0.0361120 seconds
[2022-06-13T02:53:49.062+0000][1][safepoint    ] Entering safepoint region: Deoptimize
[2022-06-13T02:53:49.062+0000][1][safepoint    ] Leaving safepoint region
[2022-06-13T02:53:49.062+0000][1][safepoint    ] Total time for which application threads were stopped: 0.0005640 seconds, Stopping threads took: 0.0001728 seconds
[2022-06-13T02:53:49.071+0000][1][safepoint    ] Application time: 0.0085217 seconds
[2022-06-13T02:53:49.072+0000][1][safepoint    ] Entering safepoint region: RevokeBias
[2022-06-13T02:53:49.072+0000][1][safepoint    ] Leaving safepoint region
[2022-06-13T02:53:49.072+0000][1][safepoint    ] Total time for which application threads were stopped: 0.0004773 seconds, Stopping threads took: 0.0002327 seconds
[2022-06-13T02:53:49.072+0000][1][safepoint    ] Application time: 0.0000794 seconds
[2022-06-13T02:53:49.072+0000][1][safepoint    ] Entering safepoint region: RevokeBias
[2022-06-13T02:53:49.073+0000][1][safepoint    ] Leaving safepoint region
[2022-06-13T02:53:49.073+0000][1][safepoint    ] Total time for which application threads were stopped: 0.0003687 seconds, Stopping threads took: 0.0001803 seconds
[2022-06-13T02:53:49.073+0000][1][safepoint    ] Application time: 0.0001143 seconds
[2022-06-13T02:53:49.073+0000][1][safepoint    ] Entering safepoint region: RevokeBias
[2022-06-13T02:53:49.073+0000][1][safepoint    ] Leaving safepoint region
[2022-06-13T02:53:49.074+0000][1][safepoint    ] Total time for which application threads were stopped: 0.0003629 seconds, Stopping threads took: 0.0001798 seconds
[2022-06-13T02:53:49.074+0000][1][safepoint    ] Application time: 0.0001752 seconds
[2022-06-13T02:53:49.074+0000][1][safepoint    ] Entering safepoint region: RevokeBias
[2022-06-13T02:53:49.074+0000][1][safepoint    ] Leaving safepoint region
[2022-06-13T02:53:49.074+0000][1][safepoint    ] Total time for which application threads were stopped: 0.0003068 seconds, Stopping threads took: 0.0001682 seconds
[2022-06-13T02:53:49.152+0000][1][safepoint    ] Application time: 0.0773984 seconds
[2022-06-13T02:53:49.152+0000][1][safepoint    ] Entering safepoint region: GenCollectForAllocation
[2022-06-13T02:53:49.153+0000][1][gc,start     ] GC(0) Pause Young (Allocation Failure)
[2022-06-13T02:53:49.154+0000][1][gc,task      ] GC(0) Using 5 workers of 13 for evacuation
[2022-06-13T02:53:49.161+0000][1][gc,age       ] GC(0) Desired survivor size 4456448 bytes, new threshold 1 (max threshold 6)
[2022-06-13T02:53:49.162+0000][1][gc,age       ] GC(0) Age table with threshold 1 (max threshold 6)
[2022-06-13T02:53:49.162+0000][1][gc,age       ] GC(0) - age   1:    8100424 bytes,    8100424 total
[2022-06-13T02:53:49.162+0000][1][gc,heap      ] GC(0) ParNew: 69952K->8018K(78656K)
[2022-06-13T02:53:49.162+0000][1][gc,heap      ] GC(0) CMS: 0K->0K(174784K)
[2022-06-13T02:53:49.163+0000][1][gc,metaspace ] GC(0) Metaspace: 12386K->12386K(1060864K)
[2022-06-13T02:53:49.163+0000][1][gc           ] GC(0) Pause Young (Allocation Failure) 68M->7M(247M) 10.071ms
[2022-06-13T02:53:49.163+0000][1][gc,cpu       ] GC(0) User=0.06s Sys=0.00s Real=0.01s
[2022-06-13T02:53:49.163+0000][1][safepoint    ] Leaving safepoint region
[2022-06-13T02:53:49.163+0000][1][safepoint    ] Total time for which application threads were stopped: 0.0110034 seconds, Stopping threads took: 0.0002021 seconds
[2022-06-13T02:53:49.164+0000][1][safepoint    ] Application time: 0.0008968 seconds
[2022-06-13T02:53:49.165+0000][1][safepoint    ] Entering safepoint region: RevokeBias
[2022-06-13T02:53:49.165+0000][1][safepoint    ] Leaving safepoint region
[2022-06-13T02:53:49.165+0000][1][safepoint    ] Total time for which application threads were stopped: 0.0004476 seconds, Stopping threads took: 0.0002048 seconds
[2022-06-13T02:53:49.165+0000][1][safepoint    ] Application time: 0.0001340 seconds
[2022-06-13T02:53:49.166+0000][1][safepoint    ] Entering safepoint region: RevokeBias
[2022-06-13T02:53:49.166+0000][1][safepoint    ] Leaving safepoint region
[2022-06-13T02:53:49.166+0000][1][safepoint    ] Total time for which application threads were stopped: 0.0005419 seconds, Stopping threads took: 0.0003371 seconds
[2022-06-13T02:53:49.166+0000][1][safepoint    ] Application time: 0.0001451 seconds
[2022-06-13T02:53:49.167+0000][1][safepoint    ] Entering safepoint region: RevokeBias
[2022-06-13T02:53:49.167+0000][1][safepoint    ] Leaving safepoint region
[2022-06-13T02:53:49.167+0000][1][safepoint    ] Total time for which application threads were stopped: 0.0004385 seconds, Stopping threads took: 0.0002426 seconds
[2022-06-13T02:53:49.167+0000][1][safepoint    ] Application time: 0.0000985 seconds
[2022-06-13T02:53:49.168+0000][1][safepoint    ] Entering safepoint region: RevokeBias
[2022-06-13T02:53:49.168+0000][1][safepoint    ] Leaving safepoint region
[2022-06-13T02:53:49.168+0000][1][safepoint    ] Total time for which application threads were stopped: 0.0005474 seconds, Stopping threads took: 0.0003215 seconds
[2022-06-13T02:53:49.168+0000][1][safepoint    ] Application time: 0.0001097 seconds
[2022-06-13T02:53:49.169+0000][1][safepoint    ] Entering safepoint region: RevokeBias
[2022-06-13T02:53:49.169+0000][1][safepoint    ] Leaving safepoint region
[2022-06-13T02:53:49.169+0000][1][safepoint    ] Total time for which application threads were stopped: 0.0003845 seconds, Stopping threads took: 0.0001870 seconds
[2022-06-13T02:53:49.169+0000][1][safepoint    ] Application time: 0.0000839 seconds
[2022-06-13T02:53:49.170+0000][1][safepoint    ] Entering safepoint region: RevokeBias
[2022-06-13T02:53:49.170+0000][1][safepoint    ] Leaving safepoint region
[2022-06-13T02:53:49.170+0000][1][safepoint    ] Total time for which application threads were stopped: 0.0004044 seconds, Stopping threads took: 0.0001949 seconds
[2022-06-13T02:53:49.170+0000][1][safepoint    ] Application time: 0.0001248 seconds
[2022-06-13T02:53:49.170+0000][1][safepoint    ] Entering safepoint region: RevokeBias
[2022-06-13T02:53:49.171+0000][1][safepoint    ] Leaving safepoint region
[2022-06-13T02:53:49.171+0000][1][safepoint    ] Total time for which application threads were stopped: 0.0004022 seconds, Stopping threads took: 0.0002049 seconds
[2022-06-13T02:53:49.171+0000][1][safepoint    ] Application time: 0.0000768 seconds
[2022-06-13T02:53:49.171+0000][1][safepoint    ] Entering safepoint region: RevokeBias
[2022-06-13T02:53:49.171+0000][1][safepoint    ] Leaving safepoint region
[2022-06-13T02:53:49.172+0000][1][safepoint    ] Total time for which application threads were stopped: 0.0004743 seconds, Stopping threads took: 0.0001969 seconds
[2022-06-13T02:53:49.172+0000][1][safepoint    ] Application time: 0.0000863 seconds
[2022-06-13T02:53:49.173+0000][1][safepoint    ] Entering safepoint region: RevokeBias
[2022-06-13T02:53:49.173+0000][1][safepoint    ] Leaving safepoint region
[2022-06-13T02:53:49.174+0000][1][safepoint    ] Total time for which application threads were stopped: 0.0010974 seconds, Stopping threads took: 0.0002452 seconds
[2022-06-13T02:53:49.175+0000][1][safepoint    ] Application time: 0.0000603 seconds
[2022-06-13T02:53:49.175+0000][1][safepoint    ] Entering safepoint region: RevokeBias
[2022-06-13T02:53:49.176+0000][1][safepoint    ] Leaving safepoint region
[2022-06-13T02:53:49.176+0000][1][safepoint    ] Total time for which application threads were stopped: 0.0009033 seconds, Stopping threads took: 0.0005175 seconds
[2022-06-13T02:53:49.177+0000][1][safepoint    ] Application time: 0.0000918 seconds
[2022-06-13T02:53:49.177+0000][1][safepoint    ] Entering safepoint region: RevokeBias
[2022-06-13T02:53:49.177+0000][1][safepoint    ] Leaving safepoint region
[2022-06-13T02:53:49.178+0000][1][safepoint    ] Total time for which application threads were stopped: 0.0005956 seconds, Stopping threads took: 0.0003424 seconds
[2022-06-13T02:53:49.178+0000][1][safepoint    ] Application time: 0.0000573 seconds
[2022-06-13T02:53:49.178+0000][1][safepoint    ] Entering safepoint region: RevokeBias
[2022-06-13T02:53:49.178+0000][1][safepoint    ] Leaving safepoint region
[2022-06-13T02:53:49.179+0000][1][safepoint    ] Total time for which application threads were stopped: 0.0004992 seconds, Stopping threads took: 0.0002427 seconds
[2022-06-13T02:53:49.179+0000][1][safepoint    ] Application time: 0.0001347 seconds
[2022-06-13T02:53:49.179+0000][1][safepoint    ] Entering safepoint region: RevokeBias
[2022-06-13T02:53:49.180+0000][1][safepoint    ] Leaving safepoint region
[2022-06-13T02:53:49.180+0000][1][safepoint    ] Total time for which application threads were stopped: 0.0004915 seconds, Stopping threads took: 0.0002599 seconds
[2022-06-13T02:53:49.180+0000][1][safepoint    ] Application time: 0.0000910 seconds
[2022-06-13T02:53:49.180+0000][1][safepoint    ] Entering safepoint region: RevokeBias
[2022-06-13T02:53:49.181+0000][1][safepoint    ] Leaving safepoint region
[2022-06-13T02:53:49.181+0000][1][safepoint    ] Total time for which application threads were stopped: 0.0004518 seconds, Stopping threads took: 0.0002049 seconds
[2022-06-13T02:53:49.181+0000][1][safepoint    ] Application time: 0.0001026 seconds
[2022-06-13T02:53:49.181+0000][1][safepoint    ] Entering safepoint region: RevokeBias
[2022-06-13T02:53:49.182+0000][1][safepoint    ] Leaving safepoint region
[2022-06-13T02:53:49.182+0000][1][safepoint    ] Total time for which application threads were stopped: 0.0003082 seconds, Stopping threads took: 0.0001441 seconds
[2022-06-13T02:53:49.182+0000][1][safepoint    ] Application time: 0.0000901 seconds
[2022-06-13T02:53:49.182+0000][1][safepoint    ] Entering safepoint region: RevokeBias
[2022-06-13T02:53:49.182+0000][1][safepoint    ] Leaving safepoint region
[2022-06-13T02:53:49.183+0000][1][safepoint    ] Total time for which application threads were stopped: 0.0004925 seconds, Stopping threads took: 0.0003290 seconds
[2022-06-13T02:53:49.184+0000][1][safepoint    ] Application time: 0.0015167 seconds
[2022-06-13T02:53:49.185+0000][1][safepoint    ] Entering safepoint region: RevokeBias
[2022-06-13T02:53:49.185+0000][1][safepoint    ] Leaving safepoint region
[2022-06-13T02:53:49.185+0000][1][safepoint    ] Total time for which application threads were stopped: 0.0005840 seconds, Stopping threads took: 0.0003554 seconds
[2022-06-13T02:53:49.185+0000][1][safepoint    ] Application time: 0.0000881 seconds
[2022-06-13T02:53:49.185+0000][1][safepoint    ] Entering safepoint region: RevokeBias
[2022-06-13T02:53:49.186+0000][1][safepoint    ] Leaving safepoint region
[2022-06-13T02:53:49.186+0000][1][safepoint    ] Total time for which application threads were stopped: 0.0003334 seconds, Stopping threads took: 0.0001331 seconds
[2022-06-13T02:53:49.187+0000][1][safepoint    ] Application time: 0.0007270 seconds
[2022-06-13T02:53:49.187+0000][1][safepoint    ] Entering safepoint region: RevokeBias
[2022-06-13T02:53:49.187+0000][1][safepoint    ] Leaving safepoint region
[2022-06-13T02:53:49.188+0000][1][safepoint    ] Total time for which application threads were stopped: 0.0003660 seconds, Stopping threads took: 0.0001793 seconds
[2022-06-13T02:53:49.188+0000][1][safepoint    ] Application time: 0.0000998 seconds
[2022-06-13T02:53:49.188+0000][1][safepoint    ] Entering safepoint region: RevokeBias
[2022-06-13T02:53:49.189+0000][1][safepoint    ] Leaving safepoint region
[2022-06-13T02:53:49.189+0000][1][safepoint    ] Total time for which application threads were stopped: 0.0005559 seconds, Stopping threads took: 0.0002547 seconds
[2022-06-13T02:53:49.189+0000][1][safepoint    ] Application time: 0.0001335 seconds
[2022-06-13T02:53:49.190+0000][1][safepoint    ] Entering safepoint region: RevokeBias
[2022-06-13T02:53:49.190+0000][1][safepoint    ] Leaving safepoint region
[2022-06-13T02:53:49.190+0000][1][safepoint    ] Total time for which application threads were stopped: 0.0005930 seconds, Stopping threads took: 0.0003009 seconds
[2022-06-13T02:53:49.191+0000][1][safepoint    ] Application time: 0.0001680 seconds
[2022-06-13T02:53:49.191+0000][1][safepoint    ] Entering safepoint region: RevokeBias
[2022-06-13T02:53:49.191+0000][1][safepoint    ] Leaving safepoint region
[2022-06-13T02:53:49.191+0000][1][safepoint    ] Total time for which application threads were stopped: 0.0004634 seconds, Stopping threads took: 0.0002189 seconds
[2022-06-13T02:53:49.192+0000][1][safepoint    ] Application time: 0.0001373 seconds
[2022-06-13T02:53:49.192+0000][1][safepoint    ] Entering safepoint region: RevokeBias
[2022-06-13T02:53:49.192+0000][1][safepoint    ] Leaving safepoint region
[2022-06-13T02:53:49.193+0000][1][safepoint    ] Total time for which application threads were stopped: 0.0008900 seconds, Stopping threads took: 0.0003387 seconds
[2022-06-13T02:53:49.193+0000][1][safepoint    ] Application time: 0.0001128 seconds
[2022-06-13T02:53:49.193+0000][1][safepoint    ] Entering safepoint region: RevokeBias
[2022-06-13T02:53:49.194+0000][1][safepoint    ] Leaving safepoint region
[2022-06-13T02:53:49.194+0000][1][safepoint    ] Total time for which application threads were stopped: 0.0004573 seconds, Stopping threads took: 0.0001935 seconds
[2022-06-13T02:53:49.194+0000][1][safepoint    ] Application time: 0.0001222 seconds
[2022-06-13T02:53:49.194+0000][1][safepoint    ] Entering safepoint region: RevokeBias
[2022-06-13T02:53:49.195+0000][1][safepoint    ] Leaving safepoint region
[2022-06-13T02:53:49.195+0000][1][safepoint    ] Total time for which application threads were stopped: 0.0005747 seconds, Stopping threads took: 0.0003543 seconds
[2022-06-13T02:53:49.195+0000][1][safepoint    ] Application time: 0.0002977 seconds
[2022-06-13T02:53:49.196+0000][1][safepoint    ] Entering safepoint region: RevokeBias
[2022-06-13T02:53:49.196+0000][1][safepoint    ] Leaving safepoint region
[2022-06-13T02:53:49.196+0000][1][safepoint    ] Total time for which application threads were stopped: 0.0003606 seconds, Stopping threads took: 0.0001843 seconds
[2022-06-13T02:53:49.493+0000][1][safepoint    ] Application time: 0.2964681 seconds
[2022-06-13T02:53:49.493+0000][1][safepoint    ] Entering safepoint region: Deoptimize
[2022-06-13T02:53:49.494+0000][1][safepoint    ] Leaving safepoint region
[2022-06-13T02:53:49.494+0000][1][safepoint    ] Total time for which application threads were stopped: 0.0008627 seconds, Stopping threads took: 0.0001971 seconds
[2022-06-13T02:53:49.671+0000][1][safepoint    ] Application time: 0.1773076 seconds
[2022-06-13T02:53:49.672+0000][1][safepoint    ] Entering safepoint region: RevokeBias
[2022-06-13T02:53:49.672+0000][1][safepoint    ] Leaving safepoint region
[2022-06-13T02:53:49.673+0000][1][safepoint    ] Total time for which application threads were stopped: 0.0012850 seconds, Stopping threads took: 0.0005010 seconds
[2022-06-13T02:53:49.795+0000][1][safepoint    ] Application time: 0.1212842 seconds
[2022-06-13T02:53:49.801+0000][1][safepoint    ] Entering safepoint region: RevokeBias
[2022-06-13T02:53:49.801+0000][1][safepoint    ] Leaving safepoint region
[2022-06-13T02:53:49.801+0000][1][safepoint    ] Total time for which application threads were stopped: 0.0006916 seconds, Stopping threads took: 0.0003475 seconds
[2022-06-13T02:53:49.805+0000][1][safepoint    ] Application time: 0.0037957 seconds
[2022-06-13T02:53:49.806+0000][1][safepoint    ] Entering safepoint region: RevokeBias
[2022-06-13T02:53:49.807+0000][1][safepoint    ] Leaving safepoint region
[2022-06-13T02:53:49.807+0000][1][safepoint    ] Total time for which application threads were stopped: 0.0016958 seconds, Stopping threads took: 0.0010290 seconds
[2022-06-13T02:53:49.837+0000][1][safepoint    ] Application time: 0.0289143 seconds
[2022-06-13T02:53:49.838+0000][1][safepoint    ] Entering safepoint region: GenCollectForAllocation
[2022-06-13T02:53:49.838+0000][1][gc,start     ] GC(1) Pause Young (Allocation Failure)
[2022-06-13T02:53:49.838+0000][1][gc,task      ] GC(1) Using 5 workers of 13 for evacuation
[2022-06-13T02:53:49.860+0000][1][gc,age       ] GC(1) Desired survivor size 4456448 bytes, new threshold 6 (max threshold 6)
[2022-06-13T02:53:49.860+0000][1][gc,age       ] GC(1) Age table with threshold 6 (max threshold 6)
[2022-06-13T02:53:49.860+0000][1][gc,age       ] GC(1) - age   1:    1963528 bytes,    1963528 total
[2022-06-13T02:53:49.861+0000][1][gc,heap      ] GC(1) ParNew: 77970K->5326K(78656K)
[2022-06-13T02:53:49.861+0000][1][gc,heap      ] GC(1) CMS: 0K->6689K(174784K)
[2022-06-13T02:53:49.861+0000][1][gc,metaspace ] GC(1) Metaspace: 14962K->14962K(1062912K)
[2022-06-13T02:53:49.861+0000][1][gc           ] GC(1) Pause Young (Allocation Failure) 76M->11M(247M) 23.172ms
[2022-06-13T02:53:49.861+0000][1][gc,cpu       ] GC(1) User=0.09s Sys=0.01s Real=0.03s
[2022-06-13T02:53:49.861+0000][1][safepoint    ] Leaving safepoint region
[2022-06-13T02:53:49.862+0000][1][safepoint    ] Total time for which application threads were stopped: 0.0241508 seconds, Stopping threads took: 0.0002128 seconds
[2022-06-13T02:53:49.862+0000][1][safepoint    ] Application time: 0.0002546 seconds
[2022-06-13T02:53:49.862+0000][1][safepoint    ] Entering safepoint region: BulkRevokeBias
[2022-06-13T02:53:49.863+0000][1][safepoint    ] Leaving safepoint region
[2022-06-13T02:53:49.863+0000][1][safepoint    ] Total time for which application threads were stopped: 0.0006126 seconds, Stopping threads took: 0.0002246 seconds
[2022-06-13T02:53:49.863+0000][1][safepoint    ] Application time: 0.0001219 seconds
[2022-06-13T02:53:49.863+0000][1][safepoint    ] Entering safepoint region: RevokeBias
[2022-06-13T02:53:49.864+0000][1][safepoint    ] Leaving safepoint region
[2022-06-13T02:53:49.864+0000][1][safepoint    ] Total time for which application threads were stopped: 0.0004126 seconds, Stopping threads took: 0.0001888 seconds
[2022-06-13T02:53:49.864+0000][1][safepoint    ] Application time: 0.0000614 seconds
[2022-06-13T02:53:49.864+0000][1][safepoint    ] Entering safepoint region: RevokeBias
[2022-06-13T02:53:49.864+0000][1][safepoint    ] Leaving safepoint region
[2022-06-13T02:53:49.865+0000][1][safepoint    ] Total time for which application threads were stopped: 0.0003479 seconds, Stopping threads took: 0.0001415 seconds
[2022-06-13T02:53:49.865+0000][1][safepoint    ] Application time: 0.0000401 seconds
[2022-06-13T02:53:49.865+0000][1][safepoint    ] Entering safepoint region: RevokeBias
[2022-06-13T02:53:49.865+0000][1][safepoint    ] Leaving safepoint region
[2022-06-13T02:53:49.865+0000][1][safepoint    ] Total time for which application threads were stopped: 0.0003722 seconds, Stopping threads took: 0.0001741 seconds
[2022-06-13T02:53:49.866+0000][1][safepoint    ] Application time: 0.0000799 seconds
[2022-06-13T02:53:49.866+0000][1][safepoint    ] Entering safepoint region: RevokeBias
[2022-06-13T02:53:49.866+0000][1][safepoint    ] Leaving safepoint region
[2022-06-13T02:53:49.866+0000][1][safepoint    ] Total time for which application threads were stopped: 0.0003566 seconds, Stopping threads took: 0.0001440 seconds
[2022-06-13T02:53:49.867+0000][1][safepoint    ] Application time: 0.0002344 seconds
[2022-06-13T02:53:49.867+0000][1][safepoint    ] Entering safepoint region: RevokeBias
[2022-06-13T02:53:49.867+0000][1][safepoint    ] Leaving safepoint region
[2022-06-13T02:53:49.867+0000][1][safepoint    ] Total time for which application threads were stopped: 0.0004585 seconds, Stopping threads took: 0.0002124 seconds
[2022-06-13T02:53:49.868+0000][1][safepoint    ] Application time: 0.0001117 seconds
[2022-06-13T02:53:49.868+0000][1][safepoint    ] Entering safepoint region: RevokeBias
[2022-06-13T02:53:49.868+0000][1][safepoint    ] Leaving safepoint region
[2022-06-13T02:53:49.868+0000][1][safepoint    ] Total time for which application threads were stopped: 0.0003855 seconds, Stopping threads took: 0.0001981 seconds
[2022-06-13T02:53:49.868+0000][1][safepoint    ] Application time: 0.0000371 seconds
[2022-06-13T02:53:49.869+0000][1][safepoint    ] Entering safepoint region: RevokeBias
[2022-06-13T02:53:49.869+0000][1][safepoint    ] Leaving safepoint region
[2022-06-13T02:53:49.869+0000][1][safepoint    ] Total time for which application threads were stopped: 0.0003529 seconds, Stopping threads took: 0.0001475 seconds
[2022-06-13T02:53:49.869+0000][1][safepoint    ] Application time: 0.0000961 seconds
[2022-06-13T02:53:49.869+0000][1][safepoint    ] Entering safepoint region: RevokeBias
[2022-06-13T02:53:49.870+0000][1][safepoint    ] Leaving safepoint region
[2022-06-13T02:53:49.870+0000][1][safepoint    ] Total time for which application threads were stopped: 0.0006571 seconds, Stopping threads took: 0.0003240 seconds
[2022-06-13T02:53:49.870+0000][1][safepoint    ] Application time: 0.0001074 seconds
[2022-06-13T02:53:49.870+0000][1][safepoint    ] Entering safepoint region: RevokeBias
[2022-06-13T02:53:49.871+0000][1][safepoint    ] Leaving safepoint region
[2022-06-13T02:53:49.871+0000][1][safepoint    ] Total time for which application threads were stopped: 0.0004887 seconds, Stopping threads took: 0.0001743 seconds
[2022-06-13T02:53:49.871+0000][1][safepoint    ] Application time: 0.0001222 seconds
[2022-06-13T02:53:49.872+0000][1][safepoint    ] Entering safepoint region: BulkRevokeBias
[2022-06-13T02:53:49.872+0000][1][safepoint    ] Leaving safepoint region
[2022-06-13T02:53:49.872+0000][1][safepoint    ] Total time for which application threads were stopped: 0.0005718 seconds, Stopping threads took: 0.0003154 seconds
[2022-06-13T02:53:49.872+0000][1][safepoint    ] Application time: 0.0000911 seconds
[2022-06-13T02:53:49.872+0000][1][safepoint    ] Entering safepoint region: RevokeBias
[2022-06-13T02:53:49.873+0000][1][safepoint    ] Leaving safepoint region
[2022-06-13T02:53:49.873+0000][1][safepoint    ] Total time for which application threads were stopped: 0.0003874 seconds, Stopping threads took: 0.0001395 seconds
[2022-06-13T02:53:49.873+0000][1][safepoint    ] Application time: 0.0000998 seconds
[2022-06-13T02:53:49.873+0000][1][safepoint    ] Entering safepoint region: BulkRevokeBias
[2022-06-13T02:53:49.874+0000][1][safepoint    ] Leaving safepoint region
[2022-06-13T02:53:49.874+0000][1][safepoint    ] Total time for which application threads were stopped: 0.0005173 seconds, Stopping threads took: 0.0002506 seconds
[2022-06-13T02:53:50.046+0000][1][safepoint    ] Application time: 0.1715138 seconds
[2022-06-13T02:53:50.047+0000][1][safepoint    ] Entering safepoint region: GenCollectForAllocation
[2022-06-13T02:53:50.047+0000][1][gc,start     ] GC(2) Pause Young (Allocation Failure)
[2022-06-13T02:53:50.048+0000][1][gc,task      ] GC(2) Using 5 workers of 13 for evacuation
[2022-06-13T02:53:50.054+0000][1][gc,age       ] GC(2) Desired survivor size 4456448 bytes, new threshold 6 (max threshold 6)
[2022-06-13T02:53:50.055+0000][1][gc,age       ] GC(2) Age table with threshold 6 (max threshold 6)
[2022-06-13T02:53:50.055+0000][1][gc,age       ] GC(2) - age   1:    2600008 bytes,    2600008 total
[2022-06-13T02:53:50.055+0000][1][gc,age       ] GC(2) - age   2:    1181744 bytes,    3781752 total
[2022-06-13T02:53:50.055+0000][1][gc,heap      ] GC(2) ParNew: 75278K->4708K(78656K)
[2022-06-13T02:53:50.055+0000][1][gc,heap      ] GC(2) CMS: 6689K->6689K(174784K)
[2022-06-13T02:53:50.055+0000][1][gc,metaspace ] GC(2) Metaspace: 15102K->15102K(1062912K)
[2022-06-13T02:53:50.056+0000][1][gc           ] GC(2) Pause Young (Allocation Failure) 80M->11M(247M) 8.215ms
[2022-06-13T02:53:50.056+0000][1][gc,cpu       ] GC(2) User=0.04s Sys=0.00s Real=0.01s
[2022-06-13T02:53:50.056+0000][1][safepoint    ] Leaving safepoint region
[2022-06-13T02:53:50.056+0000][1][safepoint    ] Total time for which application threads were stopped: 0.0090228 seconds, Stopping threads took: 0.0002290 seconds
[2022-06-13T02:53:50.058+0000][1][safepoint    ] Application time: 0.0015504 seconds
[2022-06-13T02:53:50.058+0000][1][safepoint    ] Entering safepoint region: RevokeBias
[2022-06-13T02:53:50.058+0000][1][safepoint    ] Leaving safepoint region
[2022-06-13T02:53:50.059+0000][1][safepoint    ] Total time for which application threads were stopped: 0.0007110 seconds, Stopping threads took: 0.0002584 seconds
[2022-06-13T02:53:50.059+0000][1][safepoint    ] Application time: 0.0001156 seconds
[2022-06-13T02:53:50.060+0000][1][safepoint    ] Entering safepoint region: RevokeBias
[2022-06-13T02:53:50.060+0000][1][safepoint    ] Leaving safepoint region
[2022-06-13T02:53:50.060+0000][1][safepoint    ] Total time for which application threads were stopped: 0.0004253 seconds, Stopping threads took: 0.0001994 seconds
[2022-06-13T02:53:50.060+0000][1][safepoint    ] Application time: 0.0001118 seconds
[2022-06-13T02:53:50.062+0000][1][safepoint    ] Entering safepoint region: RevokeBias
[2022-06-13T02:53:50.062+0000][1][safepoint    ] Leaving safepoint region
[2022-06-13T02:53:50.062+0000][1][safepoint    ] Total time for which application threads were stopped: 0.0004649 seconds, Stopping threads took: 0.0002859 seconds
[2022-06-13T02:53:50.065+0000][1][safepoint    ] Application time: 0.0002966 seconds
[2022-06-13T02:53:50.066+0000][1][safepoint    ] Entering safepoint region: RevokeBias
[2022-06-13T02:53:50.066+0000][1][safepoint    ] Leaving safepoint region
[2022-06-13T02:53:50.066+0000][1][safepoint    ] Total time for which application threads were stopped: 0.0005693 seconds, Stopping threads took: 0.0002565 seconds
[2022-06-13T02:53:50.066+0000][1][safepoint    ] Application time: 0.0001595 seconds
[2022-06-13T02:53:50.067+0000][1][safepoint    ] Entering safepoint region: RevokeBias
[2022-06-13T02:53:50.067+0000][1][safepoint    ] Leaving safepoint region
[2022-06-13T02:53:50.067+0000][1][safepoint    ] Total time for which application threads were stopped: 0.0004587 seconds, Stopping threads took: 0.0002605 seconds
[2022-06-13T02:53:50.067+0000][1][safepoint    ] Application time: 0.0000412 seconds
[2022-06-13T02:53:50.068+0000][1][safepoint    ] Entering safepoint region: RevokeBias
[2022-06-13T02:53:50.068+0000][1][safepoint    ] Leaving safepoint region
[2022-06-13T02:53:50.068+0000][1][safepoint    ] Total time for which application threads were stopped: 0.0003858 seconds, Stopping threads took: 0.0001653 seconds
[2022-06-13T02:53:50.252+0000][1][safepoint    ] Application time: 0.1840540 seconds
[2022-06-13T02:53:50.253+0000][1][safepoint    ] Entering safepoint region: Deoptimize
[2022-06-13T02:53:50.253+0000][1][safepoint    ] Leaving safepoint region
[2022-06-13T02:53:50.254+0000][1][safepoint    ] Total time for which application threads were stopped: 0.0010681 seconds, Stopping threads took: 0.0002660 seconds
[2022-06-13T02:53:50.255+0000][1][safepoint    ] Application time: 0.0010129 seconds
[2022-06-13T02:53:50.255+0000][1][safepoint    ] Entering safepoint region: Deoptimize
[2022-06-13T02:53:50.255+0000][1][safepoint    ] Leaving safepoint region
[2022-06-13T02:53:50.256+0000][1][safepoint    ] Total time for which application threads were stopped: 0.0007742 seconds, Stopping threads took: 0.0001440 seconds
[2022-06-13T02:53:50.498+0000][1][safepoint    ] Application time: 0.2424116 seconds
[2022-06-13T02:53:50.499+0000][1][safepoint    ] Entering safepoint region: GenCollectForAllocation
[2022-06-13T02:53:50.502+0000][1][gc,start     ] GC(3) Pause Young (Allocation Failure)
[2022-06-13T02:53:50.503+0000][1][gc,task      ] GC(3) Using 5 workers of 13 for evacuation
[2022-06-13T02:53:50.510+0000][1][gc,age       ] GC(3) Desired survivor size 4456448 bytes, new threshold 3 (max threshold 6)
[2022-06-13T02:53:50.510+0000][1][gc,age       ] GC(3) Age table with threshold 3 (max threshold 6)
[2022-06-13T02:53:50.510+0000][1][gc,age       ] GC(3) - age   1:    3229840 bytes,    3229840 total
[2022-06-13T02:53:50.511+0000][1][gc,age       ] GC(3) - age   2:     319448 bytes,    3549288 total
[2022-06-13T02:53:50.511+0000][1][gc,age       ] GC(3) - age   3:    1178728 bytes,    4728016 total
[2022-06-13T02:53:50.511+0000][1][gc,heap      ] GC(3) ParNew: 74660K->6451K(78656K)
[2022-06-13T02:53:50.512+0000][1][gc,heap      ] GC(3) CMS: 6689K->6689K(174784K)
[2022-06-13T02:53:50.512+0000][1][gc,metaspace ] GC(3) Metaspace: 18458K->18458K(1067008K)
[2022-06-13T02:53:50.512+0000][1][gc           ] GC(3) Pause Young (Allocation Failure) 79M->12M(247M) 9.661ms
[2022-06-13T02:53:50.512+0000][1][gc,cpu       ] GC(3) User=0.03s Sys=0.00s Real=0.01s
[2022-06-13T02:53:50.512+0000][1][safepoint    ] Leaving safepoint region
[2022-06-13T02:53:50.513+0000][1][safepoint    ] Total time for which application threads were stopped: 0.0133418 seconds, Stopping threads took: 0.0013080 seconds
[2022-06-13T02:53:50.513+0000][1][safepoint    ] Application time: 0.0002333 seconds
[2022-06-13T02:53:50.513+0000][1][safepoint    ] Entering safepoint region: RevokeBias
[2022-06-13T02:53:50.514+0000][1][safepoint    ] Leaving safepoint region
[2022-06-13T02:53:50.514+0000][1][safepoint    ] Total time for which application threads were stopped: 0.0006530 seconds, Stopping threads took: 0.0001779 seconds
[2022-06-13T02:53:50.514+0000][1][safepoint    ] Application time: 0.0000809 seconds
[2022-06-13T02:53:50.516+0000][1][safepoint    ] Entering safepoint region: RevokeBias
[2022-06-13T02:53:50.517+0000][1][safepoint    ] Leaving safepoint region
[2022-06-13T02:53:50.517+0000][1][safepoint    ] Total time for which application threads were stopped: 0.0015969 seconds, Stopping threads took: 0.0006900 seconds
[2022-06-13T02:53:50.518+0000][1][safepoint    ] Application time: 0.0001411 seconds
[2022-06-13T02:53:50.518+0000][1][safepoint    ] Entering safepoint region: RevokeBias
[2022-06-13T02:53:50.518+0000][1][safepoint    ] Leaving safepoint region
[2022-06-13T02:53:50.518+0000][1][safepoint    ] Total time for which application threads were stopped: 0.0005637 seconds, Stopping threads took: 0.0002466 seconds
[2022-06-13T02:53:50.519+0000][1][safepoint    ] Application time: 0.0004767 seconds
[2022-06-13T02:53:50.520+0000][1][safepoint    ] Entering safepoint region: RevokeBias
[2022-06-13T02:53:50.520+0000][1][safepoint    ] Leaving safepoint region
[2022-06-13T02:53:50.529+0000][1][safepoint    ] Total time for which application threads were stopped: 0.0100550 seconds, Stopping threads took: 0.0004504 seconds
[2022-06-13T02:53:50.530+0000][1][safepoint    ] Application time: 0.0001195 seconds
[2022-06-13T02:53:50.530+0000][1][safepoint    ] Entering safepoint region: RevokeBias
[2022-06-13T02:53:50.531+0000][1][safepoint    ] Leaving safepoint region
[2022-06-13T02:53:50.531+0000][1][safepoint    ] Total time for which application threads were stopped: 0.0005599 seconds, Stopping threads took: 0.0002227 seconds
[2022-06-13T02:53:50.531+0000][1][safepoint    ] Application time: 0.0000850 seconds
[2022-06-13T02:53:50.532+0000][1][safepoint    ] Entering safepoint region: RevokeBias
[2022-06-13T02:53:50.532+0000][1][safepoint    ] Leaving safepoint region
[2022-06-13T02:53:50.532+0000][1][safepoint    ] Total time for which application threads were stopped: 0.0005225 seconds, Stopping threads took: 0.0003284 seconds
[2022-06-13T02:53:50.533+0000][1][safepoint    ] Application time: 0.0006499 seconds
[2022-06-13T02:53:50.533+0000][1][safepoint    ] Entering safepoint region: RevokeBias
[2022-06-13T02:53:50.535+0000][1][safepoint    ] Leaving safepoint region
[2022-06-13T02:53:50.536+0000][1][safepoint    ] Total time for which application threads were stopped: 0.0024283 seconds, Stopping threads took: 0.0013825 seconds
[2022-06-13T02:53:50.536+0000][1][safepoint    ] Application time: 0.0000487 seconds
[2022-06-13T02:53:50.536+0000][1][safepoint    ] Entering safepoint region: RevokeBias
[2022-06-13T02:53:50.537+0000][1][safepoint    ] Leaving safepoint region
[2022-06-13T02:53:50.537+0000][1][safepoint    ] Total time for which application threads were stopped: 0.0005490 seconds, Stopping threads took: 0.0002090 seconds
[2022-06-13T02:53:50.537+0000][1][safepoint    ] Application time: 0.0002958 seconds
[2022-06-13T02:53:50.538+0000][1][safepoint    ] Entering safepoint region: RevokeBias
[2022-06-13T02:53:50.538+0000][1][safepoint    ] Leaving safepoint region
[2022-06-13T02:53:50.538+0000][1][safepoint    ] Total time for which application threads were stopped: 0.0004735 seconds, Stopping threads took: 0.0002180 seconds
[2022-06-13T02:53:50.538+0000][1][safepoint    ] Application time: 0.0000893 seconds
[2022-06-13T02:53:50.538+0000][1][safepoint    ] Entering safepoint region: RevokeBias
[2022-06-13T02:53:50.539+0000][1][safepoint    ] Leaving safepoint region
[2022-06-13T02:53:50.539+0000][1][safepoint    ] Total time for which application threads were stopped: 0.0003886 seconds, Stopping threads took: 0.0002199 seconds
[2022-06-13T02:53:50.539+0000][1][safepoint    ] Application time: 0.0001203 seconds
[2022-06-13T02:53:50.539+0000][1][safepoint    ] Entering safepoint region: RevokeBias
[2022-06-13T02:53:50.540+0000][1][safepoint    ] Leaving safepoint region
[2022-06-13T02:53:50.540+0000][1][safepoint    ] Total time for which application threads were stopped: 0.0004760 seconds, Stopping threads took: 0.0002426 seconds
[2022-06-13T02:53:50.540+0000][1][safepoint    ] Application time: 0.0000836 seconds
[2022-06-13T02:53:50.541+0000][1][safepoint    ] Entering safepoint region: RevokeBias
[2022-06-13T02:53:50.541+0000][1][safepoint    ] Leaving safepoint region
[2022-06-13T02:53:50.541+0000][1][safepoint    ] Total time for which application threads were stopped: 0.0009975 seconds, Stopping threads took: 0.0006293 seconds
[2022-06-13T02:53:50.541+0000][1][safepoint    ] Application time: 0.0001024 seconds
[2022-06-13T02:53:50.542+0000][1][safepoint    ] Entering safepoint region: RevokeBias
[2022-06-13T02:53:50.542+0000][1][safepoint    ] Leaving safepoint region
[2022-06-13T02:53:50.542+0000][1][safepoint    ] Total time for which application threads were stopped: 0.0006417 seconds, Stopping threads took: 0.0003725 seconds
[2022-06-13T02:53:50.542+0000][1][safepoint    ] Application time: 0.0001290 seconds
[2022-06-13T02:53:50.543+0000][1][safepoint    ] Entering safepoint region: RevokeBias
[2022-06-13T02:53:50.543+0000][1][safepoint    ] Leaving safepoint region
[2022-06-13T02:53:50.543+0000][1][safepoint    ] Total time for which application threads were stopped: 0.0004613 seconds, Stopping threads took: 0.0001799 seconds
[2022-06-13T02:53:50.544+0000][1][safepoint    ] Application time: 0.0001281 seconds
[2022-06-13T02:53:50.544+0000][1][safepoint    ] Entering safepoint region: RevokeBias
[2022-06-13T02:53:50.544+0000][1][safepoint    ] Leaving safepoint region
[2022-06-13T02:53:50.544+0000][1][safepoint    ] Total time for which application threads were stopped: 0.0007224 seconds, Stopping threads took: 0.0004216 seconds
[2022-06-13T02:53:50.545+0000][1][safepoint    ] Application time: 0.0000827 seconds
[2022-06-13T02:53:50.545+0000][1][safepoint    ] Entering safepoint region: RevokeBias
[2022-06-13T02:53:50.545+0000][1][safepoint    ] Leaving safepoint region
[2022-06-13T02:53:50.545+0000][1][safepoint    ] Total time for which application threads were stopped: 0.0003107 seconds, Stopping threads took: 0.0001691 seconds
[2022-06-13T02:53:50.545+0000][1][safepoint    ] Application time: 0.0001311 seconds
[2022-06-13T02:53:50.546+0000][1][safepoint    ] Entering safepoint region: RevokeBias
[2022-06-13T02:53:50.546+0000][1][safepoint    ] Leaving safepoint region
[2022-06-13T02:53:50.546+0000][1][safepoint    ] Total time for which application threads were stopped: 0.0004139 seconds, Stopping threads took: 0.0001711 seconds
[2022-06-13T02:53:50.546+0000][1][safepoint    ] Application time: 0.0004381 seconds
[2022-06-13T02:53:50.547+0000][1][safepoint    ] Entering safepoint region: RevokeBias
[2022-06-13T02:53:50.547+0000][1][safepoint    ] Leaving safepoint region
[2022-06-13T02:53:50.547+0000][1][safepoint    ] Total time for which application threads were stopped: 0.0003694 seconds, Stopping threads took: 0.0001722 seconds
[2022-06-13T02:53:50.547+0000][1][safepoint    ] Application time: 0.0000861 seconds
[2022-06-13T02:53:50.548+0000][1][safepoint    ] Entering safepoint region: RevokeBias
[2022-06-13T02:53:50.548+0000][1][safepoint    ] Leaving safepoint region
[2022-06-13T02:53:50.548+0000][1][safepoint    ] Total time for which application threads were stopped: 0.0006370 seconds, Stopping threads took: 0.0004265 seconds
[2022-06-13T02:53:50.548+0000][1][safepoint    ] Application time: 0.0001176 seconds
[2022-06-13T02:53:50.549+0000][1][safepoint    ] Entering safepoint region: RevokeBias
[2022-06-13T02:53:50.549+0000][1][safepoint    ] Leaving safepoint region
[2022-06-13T02:53:50.549+0000][1][safepoint    ] Total time for which application threads were stopped: 0.0006959 seconds, Stopping threads took: 0.0005053 seconds
[2022-06-13T02:53:50.549+0000][1][safepoint    ] Application time: 0.0000908 seconds
[2022-06-13T02:53:50.550+0000][1][safepoint    ] Entering safepoint region: RevokeBias
[2022-06-13T02:53:50.550+0000][1][safepoint    ] Leaving safepoint region
[2022-06-13T02:53:50.550+0000][1][safepoint    ] Total time for which application threads were stopped: 0.0005056 seconds, Stopping threads took: 0.0002053 seconds
[2022-06-13T02:53:50.715+0000][1][safepoint    ] Application time: 0.1647911 seconds
[2022-06-13T02:53:50.718+0000][1][safepoint    ] Entering safepoint region: GenCollectForAllocation
[2022-06-13T02:53:50.720+0000][1][gc,start     ] GC(4) Pause Young (Allocation Failure)
[2022-06-13T02:53:50.721+0000][1][gc,task      ] GC(4) Using 5 workers of 13 for evacuation
[2022-06-13T02:53:50.724+0000][1][gc,age       ] GC(4) Desired survivor size 4456448 bytes, new threshold 2 (max threshold 6)
[2022-06-13T02:53:50.725+0000][1][gc,age       ] GC(4) Age table with threshold 2 (max threshold 6)
[2022-06-13T02:53:50.725+0000][1][gc,age       ] GC(4) - age   1:    1508504 bytes,    1508504 total
[2022-06-13T02:53:50.726+0000][1][gc,age       ] GC(4) - age   2:    3193352 bytes,    4701856 total
[2022-06-13T02:53:50.726+0000][1][gc,age       ] GC(4) - age   3:     318920 bytes,    5020776 total
[2022-06-13T02:53:50.726+0000][1][gc,heap      ] GC(4) ParNew: 76403K->6822K(78656K)
[2022-06-13T02:53:50.726+0000][1][gc,heap      ] GC(4) CMS: 6689K->7862K(174784K)
[2022-06-13T02:53:50.726+0000][1][gc,metaspace ] GC(4) Metaspace: 18806K->18806K(1067008K)
[2022-06-13T02:53:50.727+0000][1][gc           ] GC(4) Pause Young (Allocation Failure) 81M->14M(247M) 6.834ms
[2022-06-13T02:53:50.727+0000][1][gc,cpu       ] GC(4) User=0.02s Sys=0.00s Real=0.00s
[2022-06-13T02:53:50.728+0000][1][safepoint    ] Leaving safepoint region
[2022-06-13T02:53:50.728+0000][1][safepoint    ] Total time for which application threads were stopped: 0.0100386 seconds, Stopping threads took: 0.0014759 seconds
[2022-06-13T02:53:50.729+0000][1][safepoint    ] Application time: 0.0010163 seconds
[2022-06-13T02:53:50.732+0000][1][safepoint    ] Entering safepoint region: RevokeBias
[2022-06-13T02:53:50.734+0000][1][safepoint    ] Leaving safepoint region
[2022-06-13T02:53:50.735+0000][1][safepoint    ] Total time for which application threads were stopped: 0.0033056 seconds, Stopping threads took: 0.0025022 seconds
[2022-06-13T02:53:50.735+0000][1][safepoint    ] Application time: 0.0003997 seconds
[2022-06-13T02:53:50.736+0000][1][safepoint    ] Entering safepoint region: RevokeBias
[2022-06-13T02:53:50.736+0000][1][safepoint    ] Leaving safepoint region
[2022-06-13T02:53:50.736+0000][1][safepoint    ] Total time for which application threads were stopped: 0.0005699 seconds, Stopping threads took: 0.0002864 seconds
[2022-06-13T02:53:50.737+0000][1][safepoint    ] Application time: 0.0003957 seconds
[2022-06-13T02:53:50.738+0000][1][safepoint    ] Entering safepoint region: RevokeBias
[2022-06-13T02:53:50.740+0000][1][safepoint    ] Leaving safepoint region
[2022-06-13T02:53:50.743+0000][1][safepoint    ] Total time for which application threads were stopped: 0.0052050 seconds, Stopping threads took: 0.0020295 seconds
[2022-06-13T02:53:50.746+0000][1][safepoint    ] Application time: 0.0024582 seconds
[2022-06-13T02:53:50.748+0000][1][safepoint    ] Entering safepoint region: RevokeBias
[2022-06-13T02:53:50.749+0000][1][safepoint    ] Leaving safepoint region
[2022-06-13T02:53:50.749+0000][1][safepoint    ] Total time for which application threads were stopped: 0.0014440 seconds, Stopping threads took: 0.0010606 seconds
[2022-06-13T02:53:50.794+0000][1][safepoint    ] Application time: 0.0447406 seconds
[2022-06-13T02:53:50.795+0000][1][safepoint    ] Entering safepoint region: Deoptimize
[2022-06-13T02:53:50.795+0000][1][safepoint    ] Leaving safepoint region
[2022-06-13T02:53:50.795+0000][1][safepoint    ] Total time for which application threads were stopped: 0.0008056 seconds, Stopping threads took: 0.0001578 seconds
[2022-06-13T02:53:50.803+0000][1][safepoint    ] Application time: 0.0071056 seconds
[2022-06-13T02:53:50.810+0000][1][safepoint    ] Entering safepoint region: RevokeBias
[2022-06-13T02:53:50.811+0000][1][safepoint    ] Leaving safepoint region
[2022-06-13T02:53:50.812+0000][1][safepoint    ] Total time for which application threads were stopped: 0.0012573 seconds, Stopping threads took: 0.0004450 seconds
[2022-06-13T02:53:50.851+0000][1][safepoint    ] Application time: 0.0386124 seconds
[2022-06-13T02:53:50.851+0000][1][safepoint    ] Entering safepoint region: Deoptimize
[2022-06-13T02:53:50.852+0000][1][safepoint    ] Leaving safepoint region
[2022-06-13T02:53:50.852+0000][1][safepoint    ] Total time for which application threads were stopped: 0.0008628 seconds, Stopping threads took: 0.0002213 seconds
[2022-06-13T02:53:50.857+0000][1][safepoint    ] Application time: 0.0045836 seconds
[2022-06-13T02:53:50.858+0000][1][safepoint    ] Entering safepoint region: RevokeBias
[2022-06-13T02:53:50.859+0000][1][safepoint    ] Leaving safepoint region
[2022-06-13T02:53:50.859+0000][1][safepoint    ] Total time for which application threads were stopped: 0.0004183 seconds, Stopping threads took: 0.0002000 seconds
[2022-06-13T02:53:50.871+0000][1][safepoint    ] Application time: 0.0109315 seconds
[2022-06-13T02:53:50.871+0000][1][safepoint    ] Entering safepoint region: RevokeBias
[2022-06-13T02:53:50.871+0000][1][safepoint    ] Leaving safepoint region
[2022-06-13T02:53:50.871+0000][1][safepoint    ] Total time for which application threads were stopped: 0.0004374 seconds, Stopping threads took: 0.0001957 seconds
[2022-06-13T02:53:50.974+0000][1][safepoint    ] Application time: 0.1020256 seconds
[2022-06-13T02:53:50.974+0000][1][safepoint    ] Entering safepoint region: GenCollectForAllocation
[2022-06-13T02:53:50.976+0000][1][gc,start     ] GC(5) Pause Young (Allocation Failure)
[2022-06-13T02:53:50.976+0000][1][gc,task      ] GC(5) Using 5 workers of 13 for evacuation
[2022-06-13T02:53:50.986+0000][1][gc,age       ] GC(5) Desired survivor size 4456448 bytes, new threshold 6 (max threshold 6)
[2022-06-13T02:53:50.986+0000][1][gc,age       ] GC(5) Age table with threshold 6 (max threshold 6)
[2022-06-13T02:53:50.986+0000][1][gc,age       ] GC(5) - age   1:    2223608 bytes,    2223608 total
[2022-06-13T02:53:50.987+0000][1][gc,age       ] GC(5) - age   2:     558144 bytes,    2781752 total
[2022-06-13T02:53:50.987+0000][1][gc,heap      ] GC(5) ParNew: 76774K->3962K(78656K)
[2022-06-13T02:53:50.987+0000][1][gc,heap      ] GC(5) CMS: 7862K->11343K(174784K)
[2022-06-13T02:53:50.987+0000][1][gc,metaspace ] GC(5) Metaspace: 19143K->19143K(1067008K)
[2022-06-13T02:53:50.987+0000][1][gc           ] GC(5) Pause Young (Allocation Failure) 82M->14M(247M) 11.732ms
[2022-06-13T02:53:50.988+0000][1][gc,cpu       ] GC(5) User=0.04s Sys=0.00s Real=0.01s
[2022-06-13T02:53:50.988+0000][1][safepoint    ] Leaving safepoint region
[2022-06-13T02:53:50.988+0000][1][safepoint    ] Total time for which application threads were stopped: 0.0142325 seconds, Stopping threads took: 0.0018206 seconds
[2022-06-13T02:53:50.990+0000][1][safepoint    ] Application time: 0.0016858 seconds
[2022-06-13T02:53:50.996+0000][1][safepoint    ] Entering safepoint region: RevokeBias
[2022-06-13T02:53:50.996+0000][1][safepoint    ] Leaving safepoint region
[2022-06-13T02:53:50.997+0000][1][safepoint    ] Total time for which application threads were stopped: 0.0038228 seconds, Stopping threads took: 0.0033779 seconds
[2022-06-13T02:53:51.004+0000][1][safepoint    ] Application time: 0.0000528 seconds
[2022-06-13T02:53:51.004+0000][1][safepoint    ] Entering safepoint region: RevokeBias
[2022-06-13T02:53:51.004+0000][1][safepoint    ] Leaving safepoint region
[2022-06-13T02:53:51.005+0000][1][safepoint    ] Total time for which application threads were stopped: 0.0004624 seconds, Stopping threads took: 0.0002139 seconds
[2022-06-13T02:53:51.005+0000][1][safepoint    ] Application time: 0.0000537 seconds
[2022-06-13T02:53:51.005+0000][1][safepoint    ] Entering safepoint region: RevokeBias
[2022-06-13T02:53:51.005+0000][1][safepoint    ] Leaving safepoint region
[2022-06-13T02:53:51.005+0000][1][safepoint    ] Total time for which application threads were stopped: 0.0003373 seconds, Stopping threads took: 0.0001366 seconds
[2022-06-13T02:53:51.005+0000][1][safepoint    ] Application time: 0.0000282 seconds
[2022-06-13T02:53:51.006+0000][1][safepoint    ] Entering safepoint region: RevokeBias
[2022-06-13T02:53:51.006+0000][1][safepoint    ] Leaving safepoint region
[2022-06-13T02:53:51.006+0000][1][safepoint    ] Total time for which application threads were stopped: 0.0004320 seconds, Stopping threads took: 0.0001375 seconds
[2022-06-13T02:53:51.006+0000][1][safepoint    ] Application time: 0.0000341 seconds
[2022-06-13T02:53:51.006+0000][1][safepoint    ] Entering safepoint region: RevokeBias
[2022-06-13T02:53:51.006+0000][1][safepoint    ] Leaving safepoint region
[2022-06-13T02:53:51.007+0000][1][safepoint    ] Total time for which application threads were stopped: 0.0003648 seconds, Stopping threads took: 0.0001268 seconds
[2022-06-13T02:53:51.007+0000][1][safepoint    ] Application time: 0.0000211 seconds
[2022-06-13T02:53:51.007+0000][1][safepoint    ] Entering safepoint region: RevokeBias
[2022-06-13T02:53:51.007+0000][1][safepoint    ] Leaving safepoint region
[2022-06-13T02:53:51.007+0000][1][safepoint    ] Total time for which application threads were stopped: 0.0003687 seconds, Stopping threads took: 0.0001343 seconds
[2022-06-13T02:53:51.169+0000][1][safepoint    ] Application time: 0.1618639 seconds
[2022-06-13T02:53:51.169+0000][1][safepoint    ] Entering safepoint region: GenCollectForAllocation
[2022-06-13T02:53:51.171+0000][1][gc,start     ] GC(6) Pause Young (Allocation Failure)
[2022-06-13T02:53:51.174+0000][1][gc,task      ] GC(6) Using 5 workers of 13 for evacuation
[2022-06-13T02:53:51.179+0000][1][gc,age       ] GC(6) Desired survivor size 4456448 bytes, new threshold 6 (max threshold 6)
[2022-06-13T02:53:51.180+0000][1][gc,age       ] GC(6) Age table with threshold 6 (max threshold 6)
[2022-06-13T02:53:51.180+0000][1][gc,age       ] GC(6) - age   1:    1378816 bytes,    1378816 total
[2022-06-13T02:53:51.180+0000][1][gc,age       ] GC(6) - age   2:    2194584 bytes,    3573400 total
[2022-06-13T02:53:51.180+0000][1][gc,age       ] GC(6) - age   3:     558144 bytes,    4131544 total
[2022-06-13T02:53:51.181+0000][1][gc,heap      ] GC(6) ParNew: 73914K->4849K(78656K)
[2022-06-13T02:53:51.181+0000][1][gc,heap      ] GC(6) CMS: 11343K->11343K(174784K)
[2022-06-13T02:53:51.182+0000][1][gc,metaspace ] GC(6) Metaspace: 19447K->19447K(1067008K)
[2022-06-13T02:53:51.182+0000][1][gc           ] GC(6) Pause Young (Allocation Failure) 83M->15M(247M) 10.935ms
[2022-06-13T02:53:51.185+0000][1][gc,cpu       ] GC(6) User=0.03s Sys=0.00s Real=0.01s
[2022-06-13T02:53:51.185+0000][1][safepoint    ] Leaving safepoint region
[2022-06-13T02:53:51.185+0000][1][safepoint    ] Total time for which application threads were stopped: 0.0156990 seconds, Stopping threads took: 0.0016354 seconds
[2022-06-13T02:53:51.187+0000][1][safepoint    ] Application time: 0.0014758 seconds
[2022-06-13T02:53:51.188+0000][1][safepoint    ] Entering safepoint region: RevokeBias
[2022-06-13T02:53:51.190+0000][1][safepoint    ] Leaving safepoint region
[2022-06-13T02:53:51.190+0000][1][safepoint    ] Total time for which application threads were stopped: 0.0025658 seconds, Stopping threads took: 0.0023054 seconds
[2022-06-13T02:53:51.190+0000][1][safepoint    ] Application time: 0.0000579 seconds
[2022-06-13T02:53:51.192+0000][1][safepoint    ] Entering safepoint region: BulkRevokeBias
[2022-06-13T02:53:51.193+0000][1][safepoint    ] Leaving safepoint region
[2022-06-13T02:53:51.194+0000][1][safepoint    ] Total time for which application threads were stopped: 0.0024125 seconds, Stopping threads took: 0.0010982 seconds
[2022-06-13T02:53:51.195+0000][1][safepoint    ] Application time: 0.0000734 seconds
[2022-06-13T02:53:51.195+0000][1][safepoint    ] Entering safepoint region: BulkRevokeBias
[2022-06-13T02:53:51.196+0000][1][safepoint    ] Leaving safepoint region
[2022-06-13T02:53:51.196+0000][1][safepoint    ] Total time for which application threads were stopped: 0.0008733 seconds, Stopping threads took: 0.0004596 seconds
[2022-06-13T02:53:51.320+0000][1][safepoint    ] Application time: 0.1231545 seconds
[2022-06-13T02:53:51.320+0000][1][safepoint    ] Entering safepoint region: GenCollectForAllocation
[2022-06-13T02:53:51.320+0000][1][gc,start     ] GC(7) Pause Young (Allocation Failure)
[2022-06-13T02:53:51.320+0000][1][gc,task      ] GC(7) Using 5 workers of 13 for evacuation
[2022-06-13T02:53:51.322+0000][1][gc,age       ] GC(7) Desired survivor size 4456448 bytes, new threshold 6 (max threshold 6)
[2022-06-13T02:53:51.322+0000][1][gc,age       ] GC(7) Age table with threshold 6 (max threshold 6)
[2022-06-13T02:53:51.323+0000][1][gc,age       ] GC(7) - age   1:     536944 bytes,     536944 total
[2022-06-13T02:53:51.323+0000][1][gc,age       ] GC(7) - age   2:    1129408 bytes,    1666352 total
[2022-06-13T02:53:51.323+0000][1][gc,age       ] GC(7) - age   3:    2192936 bytes,    3859288 total
[2022-06-13T02:53:51.323+0000][1][gc,age       ] GC(7) - age   4:     558144 bytes,    4417432 total
[2022-06-13T02:53:51.323+0000][1][gc,heap      ] GC(7) ParNew: 74801K->6119K(78656K)
[2022-06-13T02:53:51.323+0000][1][gc,heap      ] GC(7) CMS: 11343K->11343K(174784K)
[2022-06-13T02:53:51.323+0000][1][gc,metaspace ] GC(7) Metaspace: 19913K->19913K(1067008K)
[2022-06-13T02:53:51.324+0000][1][gc           ] GC(7) Pause Young (Allocation Failure) 84M->17M(247M) 3.365ms
[2022-06-13T02:53:51.324+0000][1][gc,cpu       ] GC(7) User=0.01s Sys=0.00s Real=0.00s
[2022-06-13T02:53:51.324+0000][1][safepoint    ] Leaving safepoint region
[2022-06-13T02:53:51.324+0000][1][safepoint    ] Total time for which application threads were stopped: 0.0041083 seconds, Stopping threads took: 0.0001834 seconds
[2022-06-13T02:53:51.326+0000][1][safepoint    ] Application time: 0.0018665 seconds
[2022-06-13T02:53:51.326+0000][1][safepoint    ] Entering safepoint region: CollectForMetadataAllocation
[2022-06-13T02:53:51.327+0000][1][safepoint    ] Leaving safepoint region
[2022-06-13T02:53:51.327+0000][1][safepoint    ] Total time for which application threads were stopped: 0.0010851 seconds, Stopping threads took: 0.0002191 seconds
[2022-06-13T02:53:51.346+0000][1][safepoint    ] Application time: 0.0188159 seconds
[2022-06-13T02:53:51.347+0000][1][safepoint    ] Entering safepoint region: CollectForMetadataAllocation
[2022-06-13T02:53:51.347+0000][1][safepoint    ] Leaving safepoint region
[2022-06-13T02:53:51.347+0000][1][safepoint    ] Total time for which application threads were stopped: 0.0005658 seconds, Stopping threads took: 0.0002108 seconds
[2022-06-13T02:53:51.486+0000][1][safepoint    ] Application time: 0.1389268 seconds
[2022-06-13T02:53:51.487+0000][1][safepoint    ] Entering safepoint region: GenCollectForAllocation
[2022-06-13T02:53:51.487+0000][1][gc,start     ] GC(8) Pause Young (Allocation Failure)
[2022-06-13T02:53:51.487+0000][1][gc,task      ] GC(8) Using 5 workers of 13 for evacuation
[2022-06-13T02:53:51.490+0000][1][gc,age       ] GC(8) Desired survivor size 4456448 bytes, new threshold 5 (max threshold 6)
[2022-06-13T02:53:51.490+0000][1][gc,age       ] GC(8) Age table with threshold 5 (max threshold 6)
[2022-06-13T02:53:51.490+0000][1][gc,age       ] GC(8) - age   1:     513200 bytes,     513200 total
[2022-06-13T02:53:51.490+0000][1][gc,age       ] GC(8) - age   2:     515512 bytes,    1028712 total
[2022-06-13T02:53:51.491+0000][1][gc,age       ] GC(8) - age   3:    1129288 bytes,    2158000 total
[2022-06-13T02:53:51.491+0000][1][gc,age       ] GC(8) - age   4:    2192288 bytes,    4350288 total
[2022-06-13T02:53:51.491+0000][1][gc,age       ] GC(8) - age   5:     558144 bytes,    4908432 total
[2022-06-13T02:53:51.491+0000][1][gc,heap      ] GC(8) ParNew: 76071K->6486K(78656K)
[2022-06-13T02:53:51.491+0000][1][gc,heap      ] GC(8) CMS: 11343K->11343K(174784K)
[2022-06-13T02:53:51.491+0000][1][gc,metaspace ] GC(8) Metaspace: 20507K->20507K(1069056K)
[2022-06-13T02:53:51.492+0000][1][gc           ] GC(8) Pause Young (Allocation Failure) 85M->17M(247M) 4.602ms
[2022-06-13T02:53:51.492+0000][1][gc,cpu       ] GC(8) User=0.04s Sys=0.00s Real=0.01s
[2022-06-13T02:53:51.492+0000][1][safepoint    ] Leaving safepoint region
[2022-06-13T02:53:51.492+0000][1][safepoint    ] Total time for which application threads were stopped: 0.0054517 seconds, Stopping threads took: 0.0002024 seconds
[2022-06-13T02:53:51.493+0000][1][safepoint    ] Application time: 0.0005950 seconds
[2022-06-13T02:53:51.495+0000][1][safepoint    ] Entering safepoint region: CMS_Initial_Mark
[2022-06-13T02:53:51.496+0000][1][gc,start     ] GC(9) Pause Initial Mark
[2022-06-13T02:53:51.497+0000][1][gc           ] GC(9) Pause Initial Mark 18M->18M(247M) 1.417ms
[2022-06-13T02:53:51.498+0000][1][gc,cpu       ] GC(9) User=0.01s Sys=0.00s Real=0.00s
[2022-06-13T02:53:51.498+0000][1][safepoint    ] Leaving safepoint region
[2022-06-13T02:53:51.499+0000][1][safepoint    ] Total time for which application threads were stopped: 0.0032125 seconds, Stopping threads took: 0.0002642 seconds
[2022-06-13T02:53:51.499+0000][1][gc           ] GC(9) Concurrent Mark
[2022-06-13T02:53:51.506+0000][1][gc,task      ] GC(9) Using 4 workers of 4 for marking
[2022-06-13T02:53:51.513+0000][1][gc           ] GC(9) Concurrent Mark 14.229ms
[2022-06-13T02:53:51.513+0000][1][gc,cpu       ] GC(9) User=0.10s Sys=0.00s Real=0.02s
[2022-06-13T02:53:51.513+0000][1][gc           ] GC(9) Concurrent Preclean
[2022-06-13T02:53:51.514+0000][1][gc           ] GC(9) Concurrent Preclean 0.818ms
[2022-06-13T02:53:51.514+0000][1][gc,cpu       ] GC(9) User=0.00s Sys=0.00s Real=0.00s
[2022-06-13T02:53:51.515+0000][1][gc           ] GC(9) Concurrent Abortable Preclean
[2022-06-13T02:53:51.584+0000][1][safepoint    ] Application time: 0.0854483 seconds
[2022-06-13T02:53:51.585+0000][1][safepoint    ] Entering safepoint region: GenCollectForAllocation
[2022-06-13T02:53:51.585+0000][1][gc,start     ] GC(10) Pause Young (Allocation Failure)
[2022-06-13T02:53:51.585+0000][1][gc,task      ] GC(10) Using 5 workers of 13 for evacuation
[2022-06-13T02:53:51.591+0000][1][gc,age       ] GC(10) Desired survivor size 4456448 bytes, new threshold 5 (max threshold 6)
[2022-06-13T02:53:51.592+0000][1][gc,age       ] GC(10) Age table with threshold 5 (max threshold 6)
[2022-06-13T02:53:51.592+0000][1][gc,age       ] GC(10) - age   1:     877544 bytes,     877544 total
[2022-06-13T02:53:51.593+0000][1][gc,age       ] GC(10) - age   2:     480072 bytes,    1357616 total
[2022-06-13T02:53:51.593+0000][1][gc,age       ] GC(10) - age   3:     515392 bytes,    1873008 total
[2022-06-13T02:53:51.593+0000][1][gc,age       ] GC(10) - age   4:    1129288 bytes,    3002296 total
[2022-06-13T02:53:51.593+0000][1][gc,age       ] GC(10) - age   5:    2192096 bytes,    5194392 total
[2022-06-13T02:53:51.593+0000][1][gc,heap      ] GC(10) ParNew: 76438K->7013K(78656K)
[2022-06-13T02:53:51.594+0000][1][gc,heap      ] GC(10) CMS: 11343K->11899K(174784K)
[2022-06-13T02:53:51.594+0000][1][gc,metaspace ] GC(10) Metaspace: 20612K->20612K(1069056K)
[2022-06-13T02:53:51.594+0000][1][gc           ] GC(10) Pause Young (Allocation Failure) 85M->18M(247M) 9.105ms
[2022-06-13T02:53:51.594+0000][1][gc,cpu       ] GC(10) User=0.04s Sys=0.00s Real=0.01s
[2022-06-13T02:53:51.594+0000][1][safepoint    ] Leaving safepoint region
[2022-06-13T02:53:51.595+0000][1][safepoint    ] Total time for which application threads were stopped: 0.0100404 seconds, Stopping threads took: 0.0002918 seconds
[2022-06-13T02:53:51.699+0000][1][safepoint    ] Application time: 0.1044636 seconds
[2022-06-13T02:53:51.708+0000][1][safepoint    ] Entering safepoint region: GenCollectForAllocation
[2022-06-13T02:53:51.710+0000][1][gc,start     ] GC(11) Pause Young (Allocation Failure)
[2022-06-13T02:53:51.710+0000][1][gc,task      ] GC(11) Using 5 workers of 13 for evacuation
[2022-06-13T02:53:51.720+0000][1][gc,age       ] GC(11) Desired survivor size 4456448 bytes, new threshold 6 (max threshold 6)
[2022-06-13T02:53:51.721+0000][1][gc,age       ] GC(11) Age table with threshold 6 (max threshold 6)
[2022-06-13T02:53:51.721+0000][1][gc,age       ] GC(11) - age   1:    1839872 bytes,    1839872 total
[2022-06-13T02:53:51.721+0000][1][gc,age       ] GC(11) - age   2:      98808 bytes,    1938680 total
[2022-06-13T02:53:51.721+0000][1][gc,age       ] GC(11) - age   3:     480072 bytes,    2418752 total
[2022-06-13T02:53:51.721+0000][1][gc,age       ] GC(11) - age   4:     515240 bytes,    2933992 total
[2022-06-13T02:53:51.722+0000][1][gc,age       ] GC(11) - age   5:    1129000 bytes,    4062992 total
[2022-06-13T02:53:51.722+0000][1][gc,heap      ] GC(11) ParNew: 76965K->7221K(78656K)
[2022-06-13T02:53:51.722+0000][1][gc,heap      ] GC(11) CMS: 11899K->14054K(174784K)
[2022-06-13T02:53:51.722+0000][1][gc,metaspace ] GC(11) Metaspace: 20692K->20692K(1069056K)
[2022-06-13T02:53:51.722+0000][1][gc           ] GC(11) Pause Young (Allocation Failure) 86M->20M(247M) 12.205ms
[2022-06-13T02:53:51.722+0000][1][gc,cpu       ] GC(11) User=0.03s Sys=0.02s Real=0.01s
[2022-06-13T02:53:51.722+0000][1][safepoint    ] Leaving safepoint region
[2022-06-13T02:53:51.723+0000][1][safepoint    ] Total time for which application threads were stopped: 0.0144931 seconds, Stopping threads took: 0.0017633 seconds
[2022-06-13T02:53:51.790+0000][1][safepoint    ] Application time: 0.0669523 seconds
[2022-06-13T02:53:51.790+0000][1][safepoint    ] Entering safepoint region: CollectForMetadataAllocation
[2022-06-13T02:53:51.790+0000][1][safepoint    ] Leaving safepoint region
[2022-06-13T02:53:51.790+0000][1][safepoint    ] Total time for which application threads were stopped: 0.0004777 seconds, Stopping threads took: 0.0001826 seconds
[2022-06-13T02:53:51.792+0000][1][gc           ] GC(9) Concurrent Abortable Preclean 277.502ms
[2022-06-13T02:53:51.805+0000][1][gc,cpu       ] GC(9) User=1.01s Sys=0.03s Real=0.29s
[2022-06-13T02:53:51.806+0000][1][safepoint    ] Application time: 0.0159541 seconds
[2022-06-13T02:53:51.807+0000][1][safepoint    ] Entering safepoint region: CMS_Final_Remark
[2022-06-13T02:53:51.807+0000][1][gc,start     ] GC(9) Pause Remark
[2022-06-13T02:53:51.824+0000][1][gc           ] GC(9) Pause Remark 57M->57M(247M) 16.656ms
[2022-06-13T02:53:51.829+0000][1][gc,cpu       ] GC(9) User=0.06s Sys=0.00s Real=0.03s
[2022-06-13T02:53:51.833+0000][1][safepoint    ] Leaving safepoint region
[2022-06-13T02:53:51.834+0000][1][safepoint    ] Total time for which application threads were stopped: 0.0270828 seconds, Stopping threads took: 0.0003269 seconds
[2022-06-13T02:53:51.839+0000][1][gc           ] GC(9) Concurrent Sweep
[2022-06-13T02:53:51.843+0000][1][gc           ] GC(9) Concurrent Sweep 4.542ms
[2022-06-13T02:53:51.844+0000][1][gc,cpu       ] GC(9) User=0.02s Sys=0.00s Real=0.01s
[2022-06-13T02:53:51.844+0000][1][safepoint    ] Application time: 0.0092397 seconds
[2022-06-13T02:53:51.851+0000][1][safepoint    ] Entering safepoint region: CollectForMetadataAllocation
[2022-06-13T02:53:51.852+0000][1][safepoint    ] Leaving safepoint region
[2022-06-13T02:53:51.853+0000][1][safepoint    ] Total time for which application threads were stopped: 0.0027740 seconds, Stopping threads took: 0.0014119 seconds
[2022-06-13T02:53:51.855+0000][1][safepoint    ] Application time: 0.0021600 seconds
[2022-06-13T02:53:51.855+0000][1][safepoint    ] Entering safepoint region: CollectForMetadataAllocation
[2022-06-13T02:53:51.856+0000][1][safepoint    ] Leaving safepoint region
[2022-06-13T02:53:51.856+0000][1][safepoint    ] Total time for which application threads were stopped: 0.0008511 seconds, Stopping threads took: 0.0001899 seconds
[2022-06-13T02:53:51.858+0000][1][gc           ] GC(9) Concurrent Reset
[2022-06-13T02:53:51.861+0000][1][safepoint    ] Application time: 0.0042717 seconds
[2022-06-13T02:53:51.861+0000][1][safepoint    ] Entering safepoint region: CollectForMetadataAllocation
[2022-06-13T02:53:51.865+0000][1][safepoint    ] Leaving safepoint region
[2022-06-13T02:53:51.873+0000][1][safepoint    ] Total time for which application threads were stopped: 0.0119247 seconds, Stopping threads took: 0.0040772 seconds
[2022-06-13T02:53:51.874+0000][1][gc           ] GC(9) Concurrent Reset 15.282ms
[2022-06-13T02:53:51.874+0000][1][gc,cpu       ] GC(9) User=0.04s Sys=0.00s Real=0.02s
[2022-06-13T02:53:51.874+0000][1][gc,heap      ] GC(9) Old: 11343K->14028K(174784K)
[2022-06-13T02:53:51.909+0000][1][safepoint    ] Application time: 0.0355665 seconds
[2022-06-13T02:53:51.911+0000][1][safepoint    ] Entering safepoint region: RevokeBias
[2022-06-13T02:53:51.912+0000][1][safepoint    ] Leaving safepoint region
[2022-06-13T02:53:51.912+0000][1][safepoint    ] Total time for which application threads were stopped: 0.0012245 seconds, Stopping threads took: 0.0004395 seconds
[2022-06-13T02:53:52.214+0000][1][safepoint    ] Application time: 0.2993878 seconds
[2022-06-13T02:53:52.214+0000][1][safepoint    ] Entering safepoint region: Deoptimize
[2022-06-13T02:53:52.215+0000][1][safepoint    ] Leaving safepoint region
[2022-06-13T02:53:52.215+0000][1][safepoint    ] Total time for which application threads were stopped: 0.0010198 seconds, Stopping threads took: 0.0002060 seconds
[2022-06-13T02:53:52.295+0000][1][safepoint    ] Application time: 0.0800007 seconds
[2022-06-13T02:53:52.296+0000][1][safepoint    ] Entering safepoint region: Deoptimize
[2022-06-13T02:53:52.297+0000][1][safepoint    ] Leaving safepoint region
[2022-06-13T02:53:52.297+0000][1][safepoint    ] Total time for which application threads were stopped: 0.0008578 seconds, Stopping threads took: 0.0001639 seconds
[2022-06-13T02:53:52.298+0000][1][safepoint    ] Application time: 0.0005810 seconds
[2022-06-13T02:53:52.298+0000][1][safepoint    ] Entering safepoint region: Deoptimize
[2022-06-13T02:53:52.298+0000][1][safepoint    ] Leaving safepoint region
[2022-06-13T02:53:52.299+0000][1][safepoint    ] Total time for which application threads were stopped: 0.0007903 seconds, Stopping threads took: 0.0001765 seconds
[2022-06-13T02:53:52.310+0000][1][safepoint    ] Application time: 0.0115582 seconds
[2022-06-13T02:53:52.311+0000][1][safepoint    ] Entering safepoint region: RevokeBias
[2022-06-13T02:53:52.311+0000][1][safepoint    ] Leaving safepoint region
[2022-06-13T02:53:52.311+0000][1][safepoint    ] Total time for which application threads were stopped: 0.0004278 seconds, Stopping threads took: 0.0001788 seconds
[2022-06-13T02:53:52.312+0000][1][safepoint    ] Application time: 0.0008537 seconds
[2022-06-13T02:53:52.312+0000][1][safepoint    ] Entering safepoint region: Deoptimize
[2022-06-13T02:53:52.313+0000][1][safepoint    ] Leaving safepoint region
[2022-06-13T02:53:52.313+0000][1][safepoint    ] Total time for which application threads were stopped: 0.0008262 seconds, Stopping threads took: 0.0001605 seconds
[2022-06-13T02:53:52.318+0000][1][safepoint    ] Application time: 0.0049743 seconds
[2022-06-13T02:53:52.319+0000][1][safepoint    ] Entering safepoint region: Deoptimize
[2022-06-13T02:53:52.320+0000][1][safepoint    ] Leaving safepoint region
[2022-06-13T02:53:52.320+0000][1][safepoint    ] Total time for which application threads were stopped: 0.0009915 seconds, Stopping threads took: 0.0003284 seconds
[2022-06-13T02:53:52.427+0000][1][safepoint    ] Application time: 0.1073073 seconds
[2022-06-13T02:53:52.428+0000][1][safepoint    ] Entering safepoint region: GenCollectForAllocation
[2022-06-13T02:53:52.433+0000][1][gc,start     ] GC(12) Pause Young (Allocation Failure)
[2022-06-13T02:53:52.433+0000][1][gc,task      ] GC(12) Using 5 workers of 13 for evacuation
[2022-06-13T02:53:52.460+0000][1][gc,age       ] GC(12) Desired survivor size 4456448 bytes, new threshold 4 (max threshold 6)
[2022-06-13T02:53:52.462+0000][1][gc,age       ] GC(12) Age table with threshold 4 (max threshold 6)
[2022-06-13T02:53:52.468+0000][1][gc,age       ] GC(12) - age   1:    3619600 bytes,    3619600 total
[2022-06-13T02:53:52.468+0000][1][gc,age       ] GC(12) - age   2:     345056 bytes,    3964656 total
[2022-06-13T02:53:52.469+0000][1][gc,age       ] GC(12) - age   3:      98544 bytes,    4063200 total
[2022-06-13T02:53:52.469+0000][1][gc,age       ] GC(12) - age   4:     479624 bytes,    4542824 total
[2022-06-13T02:53:52.469+0000][1][gc,age       ] GC(12) - age   5:     510328 bytes,    5053152 total
[2022-06-13T02:53:52.470+0000][1][gc,age       ] GC(12) - age   6:    1128840 bytes,    6181992 total
[2022-06-13T02:53:52.470+0000][1][gc,heap      ] GC(12) ParNew: 77173K->7247K(78656K)
[2022-06-13T02:53:52.471+0000][1][gc,heap      ] GC(12) CMS: 14028K->14028K(174784K)
[2022-06-13T02:53:52.472+0000][1][gc,metaspace ] GC(12) Metaspace: 26538K->26538K(1073152K)
[2022-06-13T02:53:52.472+0000][1][gc           ] GC(12) Pause Young (Allocation Failure) 89M->20M(247M) 39.012ms
[2022-06-13T02:53:52.472+0000][1][gc,cpu       ] GC(12) User=0.10s Sys=0.00s Real=0.04s
[2022-06-13T02:53:52.472+0000][1][safepoint    ] Leaving safepoint region
[2022-06-13T02:53:52.472+0000][1][safepoint    ] Total time for which application threads were stopped: 0.0445432 seconds, Stopping threads took: 0.0039479 seconds
[2022-06-13T02:53:53.479+0000][1][safepoint    ] Application time: 1.0065619 seconds
[2022-06-13T02:53:53.488+0000][1][safepoint    ] Entering safepoint region: Cleanup
[2022-06-13T02:53:53.488+0000][1][safepoint    ] Leaving safepoint region
[2022-06-13T02:53:53.488+0000][1][safepoint    ] Total time for which application threads were stopped: 0.0008359 seconds, Stopping threads took: 0.0003505 seconds
[2022-06-13T02:53:53.511+0000][1][safepoint    ] Application time: 0.0221062 seconds
[2022-06-13T02:53:53.513+0000][1][safepoint    ] Entering safepoint region: GenCollectForAllocation
[2022-06-13T02:53:53.516+0000][1][gc,start     ] GC(13) Pause Young (Allocation Failure)
[2022-06-13T02:53:53.517+0000][1][gc,task      ] GC(13) Using 5 workers of 13 for evacuation
[2022-06-13T02:53:53.572+0000][1][gc,age       ] GC(13) Desired survivor size 4456448 bytes, new threshold 1 (max threshold 6)
[2022-06-13T02:53:53.572+0000][1][gc,age       ] GC(13) Age table with threshold 1 (max threshold 6)
[2022-06-13T02:53:53.572+0000][1][gc,age       ] GC(13) - age   1:    4945528 bytes,    4945528 total
[2022-06-13T02:53:53.573+0000][1][gc,age       ] GC(13) - age   2:    3523504 bytes,    8469032 total
[2022-06-13T02:53:53.573+0000][1][gc,age       ] GC(13) - age   3:     345056 bytes,    8814088 total
[2022-06-13T02:53:53.573+0000][1][gc,age       ] GC(13) - age   4:      98544 bytes,    8912632 total
[2022-06-13T02:53:53.573+0000][1][gc,heap      ] GC(13) ParNew: 77199K->8704K(78656K)
[2022-06-13T02:53:53.573+0000][1][gc,heap      ] GC(13) CMS: 14028K->25317K(174784K)
[2022-06-13T02:53:53.573+0000][1][gc,metaspace ] GC(13) Metaspace: 27102K->27102K(1075200K)
[2022-06-13T02:53:53.579+0000][1][gc           ] GC(13) Pause Young (Allocation Failure) 89M->33M(247M) 62.844ms
[2022-06-13T02:53:53.581+0000][1][gc,cpu       ] GC(13) User=0.26s Sys=0.00s Real=0.07s
[2022-06-13T02:53:53.582+0000][1][safepoint    ] Leaving safepoint region
[2022-06-13T02:53:53.582+0000][1][safepoint    ] Total time for which application threads were stopped: 0.0690957 seconds, Stopping threads took: 0.0026607 seconds
[2022-06-13T02:53:53.737+0000][1][safepoint    ] Application time: 0.1538332 seconds
[2022-06-13T02:53:53.737+0000][1][safepoint    ] Entering safepoint region: Deoptimize
[2022-06-13T02:53:53.738+0000][1][safepoint    ] Leaving safepoint region
[2022-06-13T02:53:53.738+0000][1][safepoint    ] Total time for which application threads were stopped: 0.0011604 seconds, Stopping threads took: 0.0003397 seconds
[2022-06-13T02:53:54.154+0000][1][safepoint    ] Application time: 0.4155655 seconds
[2022-06-13T02:53:54.154+0000][1][safepoint    ] Entering safepoint region: RevokeBias
[2022-06-13T02:53:54.154+0000][1][safepoint    ] Leaving safepoint region
[2022-06-13T02:53:54.155+0000][1][safepoint    ] Total time for which application threads were stopped: 0.0003730 seconds, Stopping threads took: 0.0001460 seconds
[2022-06-13T02:53:54.599+0000][1][safepoint    ] Application time: 0.4444309 seconds
[2022-06-13T02:53:54.605+0000][1][safepoint    ] Entering safepoint region: GenCollectForAllocation
[2022-06-13T02:53:54.606+0000][1][gc,start     ] GC(14) Pause Young (Allocation Failure)
[2022-06-13T02:53:54.609+0000][1][gc,task      ] GC(14) Using 5 workers of 13 for evacuation
[2022-06-13T02:53:54.683+0000][1][gc,age       ] GC(14) Desired survivor size 4456448 bytes, new threshold 1 (max threshold 6)
[2022-06-13T02:53:54.688+0000][1][gc,age       ] GC(14) Age table with threshold 1 (max threshold 6)
[2022-06-13T02:53:54.688+0000][1][gc,age       ] GC(14) - age   1:    8568248 bytes,    8568248 total
[2022-06-13T02:53:54.689+0000][1][gc,heap      ] GC(14) ParNew: 78656K->8704K(78656K)
[2022-06-13T02:53:54.689+0000][1][gc,heap      ] GC(14) CMS: 25317K->39655K(174784K)
[2022-06-13T02:53:54.689+0000][1][gc,metaspace ] GC(14) Metaspace: 27254K->27254K(1075200K)
[2022-06-13T02:53:54.689+0000][1][gc           ] GC(14) Pause Young (Allocation Failure) 101M->47M(247M) 83.116ms
[2022-06-13T02:53:54.689+0000][1][gc,cpu       ] GC(14) User=0.31s Sys=0.01s Real=0.08s
[2022-06-13T02:53:54.689+0000][1][safepoint    ] Leaving safepoint region
[2022-06-13T02:53:54.690+0000][1][safepoint    ] Total time for which application threads were stopped: 0.0899760 seconds, Stopping threads took: 0.0060807 seconds
[2022-06-13T02:53:55.128+0000][1][safepoint    ] Application time: 0.4378524 seconds
[2022-06-13T02:53:55.131+0000][1][safepoint    ] Entering safepoint region: RevokeBias
[2022-06-13T02:53:55.133+0000][1][safepoint    ] Leaving safepoint region
[2022-06-13T02:53:55.133+0000][1][safepoint    ] Total time for which application threads were stopped: 0.0040202 seconds, Stopping threads took: 0.0035666 seconds
[2022-06-13T02:53:55.617+0000][1][safepoint    ] Application time: 0.4836466 seconds
[2022-06-13T02:53:55.618+0000][1][safepoint    ] Entering safepoint region: GenCollectForAllocation
[2022-06-13T02:53:55.618+0000][1][gc,start     ] GC(15) Pause Young (Allocation Failure)
[2022-06-13T02:53:55.618+0000][1][gc,task      ] GC(15) Using 5 workers of 13 for evacuation
[2022-06-13T02:53:55.647+0000][1][gc,age       ] GC(15) Desired survivor size 4456448 bytes, new threshold 1 (max threshold 6)
[2022-06-13T02:53:55.649+0000][1][gc,age       ] GC(15) Age table with threshold 1 (max threshold 6)
[2022-06-13T02:53:55.649+0000][1][gc,age       ] GC(15) - age   1:    7030744 bytes,    7030744 total
[2022-06-13T02:53:55.649+0000][1][gc,heap      ] GC(15) ParNew: 78656K->8704K(78656K)
[2022-06-13T02:53:55.651+0000][1][gc,heap      ] GC(15) CMS: 39655K->48955K(174784K)
[2022-06-13T02:53:55.651+0000][1][gc,metaspace ] GC(15) Metaspace: 32240K->32240K(1079296K)
[2022-06-13T02:53:55.651+0000][1][gc           ] GC(15) Pause Young (Allocation Failure) 115M->56M(247M) 32.862ms
[2022-06-13T02:53:55.651+0000][1][gc,cpu       ] GC(15) User=0.12s Sys=0.00s Real=0.04s
[2022-06-13T02:53:55.651+0000][1][safepoint    ] Leaving safepoint region
[2022-06-13T02:53:55.651+0000][1][safepoint    ] Total time for which application threads were stopped: 0.0337353 seconds, Stopping threads took: 0.0002676 seconds
[2022-06-13T02:53:55.785+0000][1][safepoint    ] Application time: 0.1333241 seconds
[2022-06-13T02:53:55.785+0000][1][safepoint    ] Entering safepoint region: GenCollectForAllocation
[2022-06-13T02:53:55.786+0000][1][gc,start     ] GC(16) Pause Young (Allocation Failure)
[2022-06-13T02:53:55.786+0000][1][gc,task      ] GC(16) Using 5 workers of 13 for evacuation
[2022-06-13T02:53:55.795+0000][1][gc,age       ] GC(16) Desired survivor size 4456448 bytes, new threshold 6 (max threshold 6)
[2022-06-13T02:53:55.795+0000][1][gc,age       ] GC(16) Age table with threshold 6 (max threshold 6)
[2022-06-13T02:53:55.796+0000][1][gc,age       ] GC(16) - age   1:     346792 bytes,     346792 total
[2022-06-13T02:53:55.796+0000][1][gc,heap      ] GC(16) ParNew: 78656K->7201K(78656K)
[2022-06-13T02:53:55.796+0000][1][gc,heap      ] GC(16) CMS: 48955K->55902K(174784K)
[2022-06-13T02:53:55.796+0000][1][gc,metaspace ] GC(16) Metaspace: 32994K->32994K(1079296K)
[2022-06-13T02:53:55.796+0000][1][gc           ] GC(16) Pause Young (Allocation Failure) 124M->61M(247M) 10.586ms
[2022-06-13T02:53:55.796+0000][1][gc,cpu       ] GC(16) User=0.04s Sys=0.00s Real=0.01s
[2022-06-13T02:53:55.797+0000][1][safepoint    ] Leaving safepoint region
[2022-06-13T02:53:55.797+0000][1][safepoint    ] Total time for which application threads were stopped: 0.0114782 seconds, Stopping threads took: 0.0003675 seconds
[2022-06-13T02:53:56.149+0000][1][safepoint    ] Application time: 0.3518379 seconds
[2022-06-13T02:53:56.149+0000][1][safepoint    ] Entering safepoint region: CollectForMetadataAllocation
[2022-06-13T02:53:56.149+0000][1][safepoint    ] Leaving safepoint region
[2022-06-13T02:53:56.150+0000][1][safepoint    ] Total time for which application threads were stopped: 0.0006033 seconds, Stopping threads took: 0.0001805 seconds
[2022-06-13T02:53:56.172+0000][1][safepoint    ] Application time: 0.0227294 seconds
[2022-06-13T02:53:56.173+0000][1][safepoint    ] Entering safepoint region: CollectForMetadataAllocation
[2022-06-13T02:53:56.173+0000][1][safepoint    ] Leaving safepoint region
[2022-06-13T02:53:56.174+0000][1][safepoint    ] Total time for which application threads were stopped: 0.0005687 seconds, Stopping threads took: 0.0002363 seconds
[2022-06-13T02:53:56.194+0000][1][safepoint    ] Application time: 0.0200700 seconds
[2022-06-13T02:53:56.194+0000][1][safepoint    ] Entering safepoint region: CollectForMetadataAllocation
[2022-06-13T02:53:56.195+0000][1][safepoint    ] Leaving safepoint region
[2022-06-13T02:53:56.196+0000][1][safepoint    ] Total time for which application threads were stopped: 0.0023209 seconds, Stopping threads took: 0.0001526 seconds
[2022-06-13T02:53:56.214+0000][1][safepoint    ] Application time: 0.0172990 seconds
[2022-06-13T02:53:56.214+0000][1][safepoint    ] Entering safepoint region: CollectForMetadataAllocation
[2022-06-13T02:53:56.215+0000][1][safepoint    ] Leaving safepoint region
[2022-06-13T02:53:56.215+0000][1][safepoint    ] Total time for which application threads were stopped: 0.0007841 seconds, Stopping threads took: 0.0004059 seconds
[2022-06-13T02:53:56.250+0000][1][safepoint    ] Application time: 0.0350503 seconds
[2022-06-13T02:53:56.251+0000][1][safepoint    ] Entering safepoint region: CollectForMetadataAllocation
[2022-06-13T02:53:56.251+0000][1][safepoint    ] Leaving safepoint region
[2022-06-13T02:53:56.251+0000][1][safepoint    ] Total time for which application threads were stopped: 0.0008398 seconds, Stopping threads took: 0.0002156 seconds
[2022-06-13T02:53:56.296+0000][1][safepoint    ] Application time: 0.0445232 seconds
[2022-06-13T02:53:56.296+0000][1][safepoint    ] Entering safepoint region: CollectForMetadataAllocation
[2022-06-13T02:53:56.297+0000][1][safepoint    ] Leaving safepoint region
[2022-06-13T02:53:56.297+0000][1][safepoint    ] Total time for which application threads were stopped: 0.0005627 seconds, Stopping threads took: 0.0002076 seconds
[2022-06-13T02:53:56.299+0000][1][safepoint    ] Application time: 0.0017172 seconds
[2022-06-13T02:53:56.301+0000][1][safepoint    ] Entering safepoint region: CollectForMetadataAllocation
[2022-06-13T02:53:56.301+0000][1][safepoint    ] Leaving safepoint region
[2022-06-13T02:53:56.301+0000][1][safepoint    ] Total time for which application threads were stopped: 0.0022182 seconds, Stopping threads took: 0.0016533 seconds
[2022-06-13T02:53:56.316+0000][1][safepoint    ] Application time: 0.0146006 seconds
[2022-06-13T02:53:56.317+0000][1][safepoint    ] Entering safepoint region: RevokeBias
[2022-06-13T02:53:56.317+0000][1][safepoint    ] Leaving safepoint region
[2022-06-13T02:53:56.318+0000][1][safepoint    ] Total time for which application threads were stopped: 0.0007431 seconds, Stopping threads took: 0.0002986 seconds
[2022-06-13T02:53:56.326+0000][1][safepoint    ] Application time: 0.0084268 seconds
[2022-06-13T02:53:56.327+0000][1][safepoint    ] Entering safepoint region: CollectForMetadataAllocation
[2022-06-13T02:53:56.327+0000][1][safepoint    ] Leaving safepoint region
[2022-06-13T02:53:56.327+0000][1][safepoint    ] Total time for which application threads were stopped: 0.0006353 seconds, Stopping threads took: 0.0002070 seconds
[2022-06-13T02:53:56.374+0000][1][safepoint    ] Application time: 0.0465574 seconds
[2022-06-13T02:53:56.384+0000][1][safepoint    ] Entering safepoint region: CollectForMetadataAllocation
[2022-06-13T02:53:56.387+0000][1][safepoint    ] Leaving safepoint region
[2022-06-13T02:53:56.388+0000][1][safepoint    ] Total time for which application threads were stopped: 0.0036711 seconds, Stopping threads took: 0.0006397 seconds
[2022-06-13T02:53:56.424+0000][1][safepoint    ] Application time: 0.0363891 seconds
[2022-06-13T02:53:56.426+0000][1][safepoint    ] Entering safepoint region: CollectForMetadataAllocation
[2022-06-13T02:53:56.427+0000][1][safepoint    ] Leaving safepoint region
[2022-06-13T02:53:56.427+0000][1][safepoint    ] Total time for which application threads were stopped: 0.0008320 seconds, Stopping threads took: 0.0004602 seconds
[2022-06-13T02:53:56.461+0000][1][safepoint    ] Application time: 0.0344135 seconds
[2022-06-13T02:53:56.462+0000][1][safepoint    ] Entering safepoint region: CollectForMetadataAllocation
[2022-06-13T02:53:56.466+0000][1][safepoint    ] Leaving safepoint region
[2022-06-13T02:53:56.466+0000][1][safepoint    ] Total time for which application threads were stopped: 0.0044007 seconds, Stopping threads took: 0.0010919 seconds
[2022-06-13T02:53:56.489+0000][1][safepoint    ] Application time: 0.0224713 seconds
[2022-06-13T02:53:56.489+0000][1][safepoint    ] Entering safepoint region: CollectForMetadataAllocation
[2022-06-13T02:53:56.491+0000][1][safepoint    ] Leaving safepoint region
[2022-06-13T02:53:56.492+0000][1][safepoint    ] Total time for which application threads were stopped: 0.0026165 seconds, Stopping threads took: 0.0014233 seconds
[2022-06-13T02:53:56.519+0000][1][safepoint    ] Application time: 0.0266056 seconds
[2022-06-13T02:53:56.519+0000][1][safepoint    ] Entering safepoint region: CollectForMetadataAllocation
[2022-06-13T02:53:56.520+0000][1][safepoint    ] Leaving safepoint region
[2022-06-13T02:53:56.520+0000][1][safepoint    ] Total time for which application threads were stopped: 0.0005101 seconds, Stopping threads took: 0.0002217 seconds
[2022-06-13T02:53:56.547+0000][1][safepoint    ] Application time: 0.0276082 seconds
[2022-06-13T02:53:56.548+0000][1][safepoint    ] Entering safepoint region: CollectForMetadataAllocation
[2022-06-13T02:53:56.549+0000][1][safepoint    ] Leaving safepoint region
[2022-06-13T02:53:56.549+0000][1][safepoint    ] Total time for which application threads were stopped: 0.0007115 seconds, Stopping threads took: 0.0002523 seconds
[2022-06-13T02:53:56.570+0000][1][safepoint    ] Application time: 0.0212032 seconds
[2022-06-13T02:53:56.570+0000][1][safepoint    ] Entering safepoint region: CollectForMetadataAllocation
[2022-06-13T02:53:56.571+0000][1][safepoint    ] Leaving safepoint region
[2022-06-13T02:53:56.572+0000][1][safepoint    ] Total time for which application threads were stopped: 0.0010981 seconds, Stopping threads took: 0.0003015 seconds
[2022-06-13T02:53:56.591+0000][1][safepoint    ] Application time: 0.0193905 seconds
[2022-06-13T02:53:56.591+0000][1][safepoint    ] Entering safepoint region: CollectForMetadataAllocation
[2022-06-13T02:53:56.592+0000][1][safepoint    ] Leaving safepoint region
[2022-06-13T02:53:56.592+0000][1][safepoint    ] Total time for which application threads were stopped: 0.0005555 seconds, Stopping threads took: 0.0001884 seconds
[2022-06-13T02:53:56.620+0000][1][safepoint    ] Application time: 0.0273877 seconds
[2022-06-13T02:53:56.620+0000][1][safepoint    ] Entering safepoint region: CollectForMetadataAllocation
[2022-06-13T02:53:56.621+0000][1][safepoint    ] Leaving safepoint region
[2022-06-13T02:53:56.621+0000][1][safepoint    ] Total time for which application threads were stopped: 0.0009376 seconds, Stopping threads took: 0.0002187 seconds
[2022-06-13T02:53:56.646+0000][1][safepoint    ] Application time: 0.0246895 seconds
[2022-06-13T02:53:56.646+0000][1][safepoint    ] Entering safepoint region: CollectForMetadataAllocation
[2022-06-13T02:53:56.647+0000][1][safepoint    ] Leaving safepoint region
[2022-06-13T02:53:56.647+0000][1][safepoint    ] Total time for which application threads were stopped: 0.0005386 seconds, Stopping threads took: 0.0001869 seconds
[2022-06-13T02:53:56.672+0000][1][safepoint    ] Application time: 0.0249234 seconds
[2022-06-13T02:53:56.672+0000][1][safepoint    ] Entering safepoint region: CollectForMetadataAllocation
[2022-06-13T02:53:56.673+0000][1][safepoint    ] Leaving safepoint region
[2022-06-13T02:53:56.673+0000][1][safepoint    ] Total time for which application threads were stopped: 0.0010154 seconds, Stopping threads took: 0.0001714 seconds
[2022-06-13T02:53:56.691+0000][1][safepoint    ] Application time: 0.0174971 seconds
[2022-06-13T02:53:56.691+0000][1][safepoint    ] Entering safepoint region: CollectForMetadataAllocation
[2022-06-13T02:53:56.692+0000][1][safepoint    ] Leaving safepoint region
[2022-06-13T02:53:56.692+0000][1][safepoint    ] Total time for which application threads were stopped: 0.0009326 seconds, Stopping threads took: 0.0003950 seconds
[2022-06-13T02:53:56.726+0000][1][safepoint    ] Application time: 0.0333406 seconds
[2022-06-13T02:53:56.726+0000][1][safepoint    ] Entering safepoint region: CollectForMetadataAllocation
[2022-06-13T02:53:56.726+0000][1][safepoint    ] Leaving safepoint region
[2022-06-13T02:53:56.727+0000][1][safepoint    ] Total time for which application threads were stopped: 0.0004822 seconds, Stopping threads took: 0.0001800 seconds
[2022-06-13T02:53:56.747+0000][1][safepoint    ] Application time: 0.0202429 seconds
[2022-06-13T02:53:56.747+0000][1][safepoint    ] Entering safepoint region: CollectForMetadataAllocation
[2022-06-13T02:53:56.748+0000][1][safepoint    ] Leaving safepoint region
[2022-06-13T02:53:56.748+0000][1][safepoint    ] Total time for which application threads were stopped: 0.0007385 seconds, Stopping threads took: 0.0001938 seconds
[2022-06-13T02:53:56.777+0000][1][safepoint    ] Application time: 0.0290063 seconds
[2022-06-13T02:53:56.777+0000][1][safepoint    ] Entering safepoint region: CollectForMetadataAllocation
[2022-06-13T02:53:56.778+0000][1][safepoint    ] Leaving safepoint region
[2022-06-13T02:53:56.778+0000][1][safepoint    ] Total time for which application threads were stopped: 0.0006396 seconds, Stopping threads took: 0.0002413 seconds
[2022-06-13T02:53:56.812+0000][1][safepoint    ] Application time: 0.0335607 seconds
[2022-06-13T02:53:56.812+0000][1][safepoint    ] Entering safepoint region: CollectForMetadataAllocation
[2022-06-13T02:53:56.813+0000][1][safepoint    ] Leaving safepoint region
[2022-06-13T02:53:56.813+0000][1][safepoint    ] Total time for which application threads were stopped: 0.0005165 seconds, Stopping threads took: 0.0001872 seconds
[2022-06-13T02:53:56.832+0000][1][safepoint    ] Application time: 0.0192074 seconds
[2022-06-13T02:53:56.832+0000][1][safepoint    ] Entering safepoint region: CollectForMetadataAllocation
[2022-06-13T02:53:56.833+0000][1][safepoint    ] Leaving safepoint region
[2022-06-13T02:53:56.833+0000][1][safepoint    ] Total time for which application threads were stopped: 0.0005630 seconds, Stopping threads took: 0.0001836 seconds
[2022-06-13T02:53:57.252+0000][1][safepoint    ] Application time: 0.4191370 seconds
[2022-06-13T02:53:57.253+0000][1][safepoint    ] Entering safepoint region: CollectForMetadataAllocation
[2022-06-13T02:53:57.253+0000][1][safepoint    ] Leaving safepoint region
[2022-06-13T02:53:57.253+0000][1][safepoint    ] Total time for which application threads were stopped: 0.0003989 seconds, Stopping threads took: 0.0001609 seconds
[2022-06-13T02:53:57.343+0000][1][safepoint    ] Application time: 0.0897731 seconds
[2022-06-13T02:53:57.343+0000][1][safepoint    ] Entering safepoint region: CollectForMetadataAllocation
[2022-06-13T02:53:57.343+0000][1][safepoint    ] Leaving safepoint region
[2022-06-13T02:53:57.344+0000][1][safepoint    ] Total time for which application threads were stopped: 0.0003896 seconds, Stopping threads took: 0.0001561 seconds
[2022-06-13T02:53:57.511+0000][1][safepoint    ] Application time: 0.1672787 seconds
[2022-06-13T02:53:57.511+0000][1][safepoint    ] Entering safepoint region: GenCollectForAllocation
[2022-06-13T02:53:57.512+0000][1][gc,start     ] GC(17) Pause Young (Allocation Failure)
[2022-06-13T02:53:57.512+0000][1][gc,task      ] GC(17) Using 5 workers of 13 for evacuation
[2022-06-13T02:53:57.517+0000][1][gc,age       ] GC(17) Desired survivor size 4456448 bytes, new threshold 6 (max threshold 6)
[2022-06-13T02:53:57.517+0000][1][gc,age       ] GC(17) Age table with threshold 6 (max threshold 6)
[2022-06-13T02:53:57.517+0000][1][gc,age       ] GC(17) - age   1:    3767536 bytes,    3767536 total
[2022-06-13T02:53:57.517+0000][1][gc,age       ] GC(17) - age   2:     307104 bytes,    4074640 total
[2022-06-13T02:53:57.518+0000][1][gc,heap      ] GC(17) ParNew: 77153K->5219K(78656K)
[2022-06-13T02:53:57.518+0000][1][gc,heap      ] GC(17) CMS: 55902K->55902K(174784K)
[2022-06-13T02:53:57.518+0000][1][gc,metaspace ] GC(17) Metaspace: 42334K->42334K(1089536K)
[2022-06-13T02:53:57.518+0000][1][gc           ] GC(17) Pause Young (Allocation Failure) 129M->59M(247M) 6.592ms
[2022-06-13T02:53:57.518+0000][1][gc,cpu       ] GC(17) User=0.02s Sys=0.01s Real=0.00s
[2022-06-13T02:53:57.519+0000][1][safepoint    ] Leaving safepoint region
[2022-06-13T02:53:57.519+0000][1][safepoint    ] Total time for which application threads were stopped: 0.0074194 seconds, Stopping threads took: 0.0001876 seconds
[2022-06-13T02:53:57.519+0000][1][safepoint    ] Application time: 0.0001418 seconds
[2022-06-13T02:53:57.519+0000][1][safepoint    ] Entering safepoint region: CMS_Initial_Mark
[2022-06-13T02:53:57.519+0000][1][gc,start     ] GC(18) Pause Initial Mark
[2022-06-13T02:53:57.522+0000][1][gc           ] GC(18) Pause Initial Mark 61M->61M(247M) 2.443ms
[2022-06-13T02:53:57.522+0000][1][gc,cpu       ] GC(18) User=0.00s Sys=0.00s Real=0.00s
[2022-06-13T02:53:57.522+0000][1][safepoint    ] Leaving safepoint region
[2022-06-13T02:53:57.524+0000][1][safepoint    ] Total time for which application threads were stopped: 0.0047432 seconds, Stopping threads took: 0.0001993 seconds
[2022-06-13T02:53:57.527+0000][1][gc           ] GC(18) Concurrent Mark
[2022-06-13T02:53:57.527+0000][1][gc,task      ] GC(18) Using 4 workers of 4 for marking
[2022-06-13T02:53:57.558+0000][1][gc           ] GC(18) Concurrent Mark 30.500ms
[2022-06-13T02:53:57.558+0000][1][gc,cpu       ] GC(18) User=0.12s Sys=0.00s Real=0.03s
[2022-06-13T02:53:57.560+0000][1][gc           ] GC(18) Concurrent Preclean
[2022-06-13T02:53:57.563+0000][1][gc           ] GC(18) Concurrent Preclean 2.899ms
[2022-06-13T02:53:57.564+0000][1][gc,cpu       ] GC(18) User=0.00s Sys=0.00s Real=0.00s
[2022-06-13T02:53:57.564+0000][1][gc           ] GC(18) Concurrent Abortable Preclean
[2022-06-13T02:53:57.567+0000][1][safepoint    ] Application time: 0.0394921 seconds
[2022-06-13T02:53:57.567+0000][1][safepoint    ] Entering safepoint region: CollectForMetadataAllocation
[2022-06-13T02:53:57.567+0000][1][safepoint    ] Leaving safepoint region
[2022-06-13T02:53:57.567+0000][1][safepoint    ] Total time for which application threads were stopped: 0.0005058 seconds, Stopping threads took: 0.0001714 seconds
[2022-06-13T02:53:57.785+0000][1][safepoint    ] Application time: 0.2180169 seconds
[2022-06-13T02:53:57.786+0000][1][safepoint    ] Entering safepoint region: CollectForMetadataAllocation
[2022-06-13T02:53:57.786+0000][1][safepoint    ] Leaving safepoint region
[2022-06-13T02:53:57.786+0000][1][safepoint    ] Total time for which application threads were stopped: 0.0005287 seconds, Stopping threads took: 0.0002075 seconds
[2022-06-13T02:53:57.834+0000][1][safepoint    ] Application time: 0.0476547 seconds
[2022-06-13T02:53:57.834+0000][1][safepoint    ] Entering safepoint region: CollectForMetadataAllocation
[2022-06-13T02:53:57.835+0000][1][safepoint    ] Leaving safepoint region
[2022-06-13T02:53:57.835+0000][1][safepoint    ] Total time for which application threads were stopped: 0.0005139 seconds, Stopping threads took: 0.0001802 seconds
[2022-06-13T02:53:57.855+0000][1][safepoint    ] Application time: 0.0199006 seconds
[2022-06-13T02:53:57.855+0000][1][safepoint    ] Entering safepoint region: CollectForMetadataAllocation
[2022-06-13T02:53:57.856+0000][1][safepoint    ] Leaving safepoint region
[2022-06-13T02:53:57.856+0000][1][safepoint    ] Total time for which application threads were stopped: 0.0005821 seconds, Stopping threads took: 0.0002523 seconds
[2022-06-13T02:53:57.898+0000][1][safepoint    ] Application time: 0.0416991 seconds
[2022-06-13T02:53:57.898+0000][1][safepoint    ] Entering safepoint region: CollectForMetadataAllocation
[2022-06-13T02:53:57.900+0000][1][safepoint    ] Leaving safepoint region
[2022-06-13T02:53:57.901+0000][1][safepoint    ] Total time for which application threads were stopped: 0.0029515 seconds, Stopping threads took: 0.0019054 seconds
[2022-06-13T02:53:57.923+0000][1][safepoint    ] Application time: 0.0196030 seconds
[2022-06-13T02:53:57.925+0000][1][safepoint    ] Entering safepoint region: CollectForMetadataAllocation
[2022-06-13T02:53:57.927+0000][1][safepoint    ] Leaving safepoint region
[2022-06-13T02:53:57.928+0000][1][safepoint    ] Total time for which application threads were stopped: 0.0033980 seconds, Stopping threads took: 0.0027187 seconds
[2022-06-13T02:53:57.929+0000][1][gc           ] GC(18) Concurrent Abortable Preclean 364.137ms
[2022-06-13T02:53:57.929+0000][1][gc,cpu       ] GC(18) User=1.69s Sys=0.01s Real=0.36s
[2022-06-13T02:53:57.929+0000][1][safepoint    ] Application time: 0.0016207 seconds
[2022-06-13T02:53:57.930+0000][1][safepoint    ] Entering safepoint region: CMS_Final_Remark
[2022-06-13T02:53:57.930+0000][1][gc,start     ] GC(18) Pause Remark
[2022-06-13T02:53:57.952+0000][1][gc           ] GC(18) Pause Remark 96M->96M(247M) 22.330ms
[2022-06-13T02:53:57.957+0000][1][gc,cpu       ] GC(18) User=0.09s Sys=0.01s Real=0.02s
[2022-06-13T02:53:57.958+0000][1][safepoint    ] Leaving safepoint region
[2022-06-13T02:53:57.963+0000][1][safepoint    ] Total time for which application threads were stopped: 0.0330294 seconds, Stopping threads took: 0.0001841 seconds
[2022-06-13T02:53:57.964+0000][1][gc           ] GC(18) Concurrent Sweep
[2022-06-13T02:53:58.008+0000][1][gc           ] GC(18) Concurrent Sweep 44.921ms
[2022-06-13T02:53:58.011+0000][1][gc,cpu       ] GC(18) User=0.16s Sys=0.01s Real=0.05s
[2022-06-13T02:53:58.012+0000][1][safepoint    ] Application time: 0.0484135 seconds
[2022-06-13T02:53:58.012+0000][1][safepoint    ] Entering safepoint region: CollectForMetadataAllocation
[2022-06-13T02:53:58.013+0000][1][safepoint    ] Leaving safepoint region
[2022-06-13T02:53:58.014+0000][1][safepoint    ] Total time for which application threads were stopped: 0.0014901 seconds, Stopping threads took: 0.0001727 seconds
[2022-06-13T02:53:58.016+0000][1][gc           ] GC(18) Concurrent Reset
[2022-06-13T02:53:58.017+0000][1][gc           ] GC(18) Concurrent Reset 1.598ms
[2022-06-13T02:53:58.018+0000][1][gc,cpu       ] GC(18) User=0.00s Sys=0.00s Real=0.00s
[2022-06-13T02:53:58.018+0000][1][gc,heap      ] GC(18) Old: 55902K->55685K(174784K)
[2022-06-13T02:53:58.077+0000][1][safepoint    ] Application time: 0.0627618 seconds
[2022-06-13T02:53:58.078+0000][1][safepoint    ] Entering safepoint region: RevokeBias
[2022-06-13T02:53:58.078+0000][1][safepoint    ] Leaving safepoint region
[2022-06-13T02:53:58.081+0000][1][safepoint    ] Total time for which application threads were stopped: 0.0035463 seconds, Stopping threads took: 0.0002323 seconds
[2022-06-13T02:53:58.085+0000][1][safepoint    ] Application time: 0.0034524 seconds
[2022-06-13T02:53:58.087+0000][1][safepoint    ] Entering safepoint region: RevokeBias
[2022-06-13T02:53:58.087+0000][1][safepoint    ] Leaving safepoint region
[2022-06-13T02:53:58.087+0000][1][safepoint    ] Total time for which application threads were stopped: 0.0005359 seconds, Stopping threads took: 0.0002864 seconds
[2022-06-13T02:53:58.307+0000][1][safepoint    ] Application time: 0.2198784 seconds
[2022-06-13T02:53:58.307+0000][1][safepoint    ] Entering safepoint region: RevokeBias
[2022-06-13T02:53:58.308+0000][1][safepoint    ] Leaving safepoint region
[2022-06-13T02:53:58.308+0000][1][safepoint    ] Total time for which application threads were stopped: 0.0009811 seconds, Stopping threads took: 0.0003751 seconds
[2022-06-13T02:53:58.309+0000][1][safepoint    ] Application time: 0.0001561 seconds
[2022-06-13T02:53:58.309+0000][1][safepoint    ] Entering safepoint region: RevokeBias
[2022-06-13T02:53:58.309+0000][1][safepoint    ] Leaving safepoint region
[2022-06-13T02:53:58.309+0000][1][safepoint    ] Total time for which application threads were stopped: 0.0003155 seconds, Stopping threads took: 0.0001365 seconds
[2022-06-13T02:53:58.309+0000][1][safepoint    ] Application time: 0.0001248 seconds
[2022-06-13T02:53:58.309+0000][1][safepoint    ] Entering safepoint region: RevokeBias
[2022-06-13T02:53:58.310+0000][1][safepoint    ] Leaving safepoint region
[2022-06-13T02:53:58.310+0000][1][safepoint    ] Total time for which application threads were stopped: 0.0003450 seconds, Stopping threads took: 0.0001637 seconds
[2022-06-13T02:53:58.310+0000][1][safepoint    ] Application time: 0.0001012 seconds
[2022-06-13T02:53:58.310+0000][1][safepoint    ] Entering safepoint region: RevokeBias
[2022-06-13T02:53:58.310+0000][1][safepoint    ] Leaving safepoint region
[2022-06-13T02:53:58.310+0000][1][safepoint    ] Total time for which application threads were stopped: 0.0002901 seconds, Stopping threads took: 0.0001546 seconds
[2022-06-13T02:53:58.311+0000][1][safepoint    ] Application time: 0.0003529 seconds
[2022-06-13T02:53:58.311+0000][1][safepoint    ] Entering safepoint region: RevokeBias
[2022-06-13T02:53:58.311+0000][1][safepoint    ] Leaving safepoint region
[2022-06-13T02:53:58.312+0000][1][safepoint    ] Total time for which application threads were stopped: 0.0003887 seconds, Stopping threads took: 0.0002075 seconds
[2022-06-13T02:53:58.312+0000][1][safepoint    ] Application time: 0.0002477 seconds
[2022-06-13T02:53:58.312+0000][1][safepoint    ] Entering safepoint region: RevokeBias
[2022-06-13T02:53:58.312+0000][1][safepoint    ] Leaving safepoint region
[2022-06-13T02:53:58.313+0000][1][safepoint    ] Total time for which application threads were stopped: 0.0004150 seconds, Stopping threads took: 0.0001946 seconds
[2022-06-13T02:53:58.313+0000][1][safepoint    ] Application time: 0.0002303 seconds
[2022-06-13T02:53:58.313+0000][1][safepoint    ] Entering safepoint region: RevokeBias
[2022-06-13T02:53:58.313+0000][1][safepoint    ] Leaving safepoint region
[2022-06-13T02:53:58.314+0000][1][safepoint    ] Total time for which application threads were stopped: 0.0003661 seconds, Stopping threads took: 0.0002192 seconds
[2022-06-13T02:53:58.314+0000][1][safepoint    ] Application time: 0.0003963 seconds
[2022-06-13T02:53:58.314+0000][1][safepoint    ] Entering safepoint region: RevokeBias
[2022-06-13T02:53:58.315+0000][1][safepoint    ] Leaving safepoint region
[2022-06-13T02:53:58.315+0000][1][safepoint    ] Total time for which application threads were stopped: 0.0004347 seconds, Stopping threads took: 0.0003039 seconds
[2022-06-13T02:53:58.315+0000][1][safepoint    ] Application time: 0.0000880 seconds
[2022-06-13T02:53:58.315+0000][1][safepoint    ] Entering safepoint region: RevokeBias
[2022-06-13T02:53:58.315+0000][1][safepoint    ] Leaving safepoint region
[2022-06-13T02:53:58.315+0000][1][safepoint    ] Total time for which application threads were stopped: 0.0003621 seconds, Stopping threads took: 0.0001713 seconds
[2022-06-13T02:53:58.316+0000][1][safepoint    ] Application time: 0.0000891 seconds
[2022-06-13T02:53:58.316+0000][1][safepoint    ] Entering safepoint region: RevokeBias
[2022-06-13T02:53:58.316+0000][1][safepoint    ] Leaving safepoint region
[2022-06-13T02:53:58.316+0000][1][safepoint    ] Total time for which application threads were stopped: 0.0003222 seconds, Stopping threads took: 0.0001292 seconds
[2022-06-13T02:53:58.316+0000][1][safepoint    ] Application time: 0.0000821 seconds
[2022-06-13T02:53:58.316+0000][1][safepoint    ] Entering safepoint region: RevokeBias
[2022-06-13T02:53:58.317+0000][1][safepoint    ] Leaving safepoint region
[2022-06-13T02:53:58.317+0000][1][safepoint    ] Total time for which application threads were stopped: 0.0003078 seconds, Stopping threads took: 0.0001434 seconds
[2022-06-13T02:53:58.317+0000][1][safepoint    ] Application time: 0.0000849 seconds
[2022-06-13T02:53:58.317+0000][1][safepoint    ] Entering safepoint region: RevokeBias
[2022-06-13T02:53:58.317+0000][1][safepoint    ] Leaving safepoint region
[2022-06-13T02:53:58.317+0000][1][safepoint    ] Total time for which application threads were stopped: 0.0003723 seconds, Stopping threads took: 0.0001595 seconds
[2022-06-13T02:53:58.318+0000][1][safepoint    ] Application time: 0.0000706 seconds
[2022-06-13T02:53:58.318+0000][1][safepoint    ] Entering safepoint region: RevokeBias
[2022-06-13T02:53:58.318+0000][1][safepoint    ] Leaving safepoint region
[2022-06-13T02:53:58.318+0000][1][safepoint    ] Total time for which application threads were stopped: 0.0004096 seconds, Stopping threads took: 0.0001392 seconds
[2022-06-13T02:53:58.319+0000][1][safepoint    ] Application time: 0.0000728 seconds
[2022-06-13T02:53:58.319+0000][1][safepoint    ] Entering safepoint region: RevokeBias
[2022-06-13T02:53:58.319+0000][1][safepoint    ] Leaving safepoint region
[2022-06-13T02:53:58.319+0000][1][safepoint    ] Total time for which application threads were stopped: 0.0003658 seconds, Stopping threads took: 0.0001674 seconds
[2022-06-13T02:53:58.319+0000][1][safepoint    ] Application time: 0.0000781 seconds
[2022-06-13T02:53:58.319+0000][1][safepoint    ] Entering safepoint region: RevokeBias
[2022-06-13T02:53:58.320+0000][1][safepoint    ] Leaving safepoint region
[2022-06-13T02:53:58.320+0000][1][safepoint    ] Total time for which application threads were stopped: 0.0003340 seconds, Stopping threads took: 0.0001206 seconds
[2022-06-13T02:53:58.320+0000][1][safepoint    ] Application time: 0.0000787 seconds
[2022-06-13T02:53:58.320+0000][1][safepoint    ] Entering safepoint region: RevokeBias
[2022-06-13T02:53:58.320+0000][1][safepoint    ] Leaving safepoint region
[2022-06-13T02:53:58.320+0000][1][safepoint    ] Total time for which application threads were stopped: 0.0003798 seconds, Stopping threads took: 0.0001678 seconds
[2022-06-13T02:53:58.321+0000][1][safepoint    ] Application time: 0.0000800 seconds
[2022-06-13T02:53:58.321+0000][1][safepoint    ] Entering safepoint region: RevokeBias
[2022-06-13T02:53:58.321+0000][1][safepoint    ] Leaving safepoint region
[2022-06-13T02:53:58.321+0000][1][safepoint    ] Total time for which application threads were stopped: 0.0003767 seconds, Stopping threads took: 0.0001370 seconds
[2022-06-13T02:53:58.321+0000][1][safepoint    ] Application time: 0.0000874 seconds
[2022-06-13T02:53:58.322+0000][1][safepoint    ] Entering safepoint region: RevokeBias
[2022-06-13T02:53:58.322+0000][1][safepoint    ] Leaving safepoint region
[2022-06-13T02:53:58.322+0000][1][safepoint    ] Total time for which application threads were stopped: 0.0004001 seconds, Stopping threads took: 0.0001897 seconds
[2022-06-13T02:53:58.322+0000][1][safepoint    ] Application time: 0.0000819 seconds
[2022-06-13T02:53:58.322+0000][1][safepoint    ] Entering safepoint region: RevokeBias
[2022-06-13T02:53:58.323+0000][1][safepoint    ] Leaving safepoint region
[2022-06-13T02:53:58.323+0000][1][safepoint    ] Total time for which application threads were stopped: 0.0002605 seconds, Stopping threads took: 0.0001128 seconds
[2022-06-13T02:53:58.323+0000][1][safepoint    ] Application time: 0.0000707 seconds
[2022-06-13T02:53:58.323+0000][1][safepoint    ] Entering safepoint region: RevokeBias
[2022-06-13T02:53:58.323+0000][1][safepoint    ] Leaving safepoint region
[2022-06-13T02:53:58.323+0000][1][safepoint    ] Total time for which application threads were stopped: 0.0003118 seconds, Stopping threads took: 0.0001332 seconds
[2022-06-13T02:53:58.323+0000][1][safepoint    ] Application time: 0.0000758 seconds
[2022-06-13T02:53:58.324+0000][1][safepoint    ] Entering safepoint region: RevokeBias
[2022-06-13T02:53:58.324+0000][1][safepoint    ] Leaving safepoint region
[2022-06-13T02:53:58.324+0000][1][safepoint    ] Total time for which application threads were stopped: 0.0003189 seconds, Stopping threads took: 0.0001365 seconds
[2022-06-13T02:53:58.324+0000][1][safepoint    ] Application time: 0.0000906 seconds
[2022-06-13T02:53:58.324+0000][1][safepoint    ] Entering safepoint region: RevokeBias
[2022-06-13T02:53:58.324+0000][1][safepoint    ] Leaving safepoint region
[2022-06-13T02:53:58.325+0000][1][safepoint    ] Total time for which application threads were stopped: 0.0002986 seconds, Stopping threads took: 0.0001486 seconds
[2022-06-13T02:53:58.325+0000][1][safepoint    ] Application time: 0.0000725 seconds
[2022-06-13T02:53:58.325+0000][1][safepoint    ] Entering safepoint region: RevokeBias
[2022-06-13T02:53:58.325+0000][1][safepoint    ] Leaving safepoint region
[2022-06-13T02:53:58.325+0000][1][safepoint    ] Total time for which application threads were stopped: 0.0003282 seconds, Stopping threads took: 0.0001341 seconds
[2022-06-13T02:53:58.325+0000][1][safepoint    ] Application time: 0.0001116 seconds
[2022-06-13T02:53:58.326+0000][1][safepoint    ] Entering safepoint region: RevokeBias
[2022-06-13T02:53:58.326+0000][1][safepoint    ] Leaving safepoint region
[2022-06-13T02:53:58.326+0000][1][safepoint    ] Total time for which application threads were stopped: 0.0004281 seconds, Stopping threads took: 0.0001823 seconds
[2022-06-13T02:53:58.326+0000][1][safepoint    ] Application time: 0.0000924 seconds
[2022-06-13T02:53:58.327+0000][1][safepoint    ] Entering safepoint region: RevokeBias
[2022-06-13T02:53:58.327+0000][1][safepoint    ] Leaving safepoint region
[2022-06-13T02:53:58.327+0000][1][safepoint    ] Total time for which application threads were stopped: 0.0004022 seconds, Stopping threads took: 0.0001942 seconds
[2022-06-13T02:53:58.327+0000][1][safepoint    ] Application time: 0.0000778 seconds
[2022-06-13T02:53:58.327+0000][1][safepoint    ] Entering safepoint region: RevokeBias
[2022-06-13T02:53:58.328+0000][1][safepoint    ] Leaving safepoint region
[2022-06-13T02:53:58.328+0000][1][safepoint    ] Total time for which application threads were stopped: 0.0003922 seconds, Stopping threads took: 0.0001849 seconds
[2022-06-13T02:53:58.328+0000][1][safepoint    ] Application time: 0.0000984 seconds
[2022-06-13T02:53:58.328+0000][1][safepoint    ] Entering safepoint region: BulkRevokeBias
[2022-06-13T02:53:58.328+0000][1][safepoint    ] Leaving safepoint region
[2022-06-13T02:53:58.328+0000][1][safepoint    ] Total time for which application threads were stopped: 0.0003938 seconds, Stopping threads took: 0.0001943 seconds
[2022-06-13T02:53:58.329+0000][1][safepoint    ] Application time: 0.0002566 seconds
[2022-06-13T02:53:58.329+0000][1][safepoint    ] Entering safepoint region: RevokeBias
[2022-06-13T02:53:58.329+0000][1][safepoint    ] Leaving safepoint region
[2022-06-13T02:53:58.329+0000][1][safepoint    ] Total time for which application threads were stopped: 0.0004405 seconds, Stopping threads took: 0.0002474 seconds
[2022-06-13T02:53:58.330+0000][1][safepoint    ] Application time: 0.0001369 seconds
[2022-06-13T02:53:58.330+0000][1][safepoint    ] Entering safepoint region: RevokeBias
[2022-06-13T02:53:58.330+0000][1][safepoint    ] Leaving safepoint region
[2022-06-13T02:53:58.330+0000][1][safepoint    ] Total time for which application threads were stopped: 0.0003502 seconds, Stopping threads took: 0.0001619 seconds
[2022-06-13T02:53:58.331+0000][1][safepoint    ] Application time: 0.0001917 seconds
[2022-06-13T02:53:58.331+0000][1][safepoint    ] Entering safepoint region: RevokeBias
[2022-06-13T02:53:58.331+0000][1][safepoint    ] Leaving safepoint region
[2022-06-13T02:53:58.331+0000][1][safepoint    ] Total time for which application threads were stopped: 0.0003466 seconds, Stopping threads took: 0.0001681 seconds
[2022-06-13T02:53:58.331+0000][1][safepoint    ] Application time: 0.0001276 seconds
[2022-06-13T02:53:58.332+0000][1][safepoint    ] Entering safepoint region: RevokeBias
[2022-06-13T02:53:58.332+0000][1][safepoint    ] Leaving safepoint region
[2022-06-13T02:53:58.332+0000][1][safepoint    ] Total time for which application threads were stopped: 0.0003906 seconds, Stopping threads took: 0.0002148 seconds
[2022-06-13T02:53:58.332+0000][1][safepoint    ] Application time: 0.0001308 seconds
[2022-06-13T02:53:58.332+0000][1][safepoint    ] Entering safepoint region: RevokeBias
[2022-06-13T02:53:58.333+0000][1][safepoint    ] Leaving safepoint region
[2022-06-13T02:53:58.333+0000][1][safepoint    ] Total time for which application threads were stopped: 0.0004474 seconds, Stopping threads took: 0.0001732 seconds
[2022-06-13T02:53:58.333+0000][1][safepoint    ] Application time: 0.0001077 seconds
[2022-06-13T02:53:58.333+0000][1][safepoint    ] Entering safepoint region: RevokeBias
[2022-06-13T02:53:58.333+0000][1][safepoint    ] Leaving safepoint region
[2022-06-13T02:53:58.333+0000][1][safepoint    ] Total time for which application threads were stopped: 0.0002709 seconds, Stopping threads took: 0.0001076 seconds
[2022-06-13T02:53:58.334+0000][1][safepoint    ] Application time: 0.0001131 seconds
[2022-06-13T02:53:58.334+0000][1][safepoint    ] Entering safepoint region: RevokeBias
[2022-06-13T02:53:58.334+0000][1][safepoint    ] Leaving safepoint region
[2022-06-13T02:53:58.334+0000][1][safepoint    ] Total time for which application threads were stopped: 0.0003180 seconds, Stopping threads took: 0.0001566 seconds
[2022-06-13T02:53:58.334+0000][1][safepoint    ] Application time: 0.0001208 seconds
[2022-06-13T02:53:58.335+0000][1][safepoint    ] Entering safepoint region: RevokeBias
[2022-06-13T02:53:58.335+0000][1][safepoint    ] Leaving safepoint region
[2022-06-13T02:53:58.335+0000][1][safepoint    ] Total time for which application threads were stopped: 0.0004344 seconds, Stopping threads took: 0.0002089 seconds
[2022-06-13T02:53:58.335+0000][1][safepoint    ] Application time: 0.0000943 seconds
[2022-06-13T02:53:58.335+0000][1][safepoint    ] Entering safepoint region: RevokeBias
[2022-06-13T02:53:58.336+0000][1][safepoint    ] Leaving safepoint region
[2022-06-13T02:53:58.336+0000][1][safepoint    ] Total time for which application threads were stopped: 0.0004256 seconds, Stopping threads took: 0.0002698 seconds
[2022-06-13T02:53:58.336+0000][1][safepoint    ] Application time: 0.0000790 seconds
[2022-06-13T02:53:58.336+0000][1][safepoint    ] Entering safepoint region: RevokeBias
[2022-06-13T02:53:58.336+0000][1][safepoint    ] Leaving safepoint region
[2022-06-13T02:53:58.336+0000][1][safepoint    ] Total time for which application threads were stopped: 0.0003253 seconds, Stopping threads took: 0.0001577 seconds
[2022-06-13T02:53:58.337+0000][1][safepoint    ] Application time: 0.0000913 seconds
[2022-06-13T02:53:58.337+0000][1][safepoint    ] Entering safepoint region: RevokeBias
[2022-06-13T02:53:58.337+0000][1][safepoint    ] Leaving safepoint region
[2022-06-13T02:53:58.337+0000][1][safepoint    ] Total time for which application threads were stopped: 0.0003120 seconds, Stopping threads took: 0.0001633 seconds
[2022-06-13T02:53:58.337+0000][1][safepoint    ] Application time: 0.0000802 seconds
[2022-06-13T02:53:58.337+0000][1][safepoint    ] Entering safepoint region: RevokeBias
[2022-06-13T02:53:58.338+0000][1][safepoint    ] Leaving safepoint region
[2022-06-13T02:53:58.338+0000][1][safepoint    ] Total time for which application threads were stopped: 0.0002683 seconds, Stopping threads took: 0.0001192 seconds
[2022-06-13T02:53:58.338+0000][1][safepoint    ] Application time: 0.0000748 seconds
[2022-06-13T02:53:58.338+0000][1][safepoint    ] Entering safepoint region: RevokeBias
[2022-06-13T02:53:58.338+0000][1][safepoint    ] Leaving safepoint region
[2022-06-13T02:53:58.338+0000][1][safepoint    ] Total time for which application threads were stopped: 0.0002772 seconds, Stopping threads took: 0.0001520 seconds
[2022-06-13T02:53:58.338+0000][1][safepoint    ] Application time: 0.0000903 seconds
[2022-06-13T02:53:58.339+0000][1][safepoint    ] Entering safepoint region: RevokeBias
[2022-06-13T02:53:58.339+0000][1][safepoint    ] Leaving safepoint region
[2022-06-13T02:53:58.339+0000][1][safepoint    ] Total time for which application threads were stopped: 0.0003437 seconds, Stopping threads took: 0.0001954 seconds
[2022-06-13T02:53:58.339+0000][1][safepoint    ] Application time: 0.0001010 seconds
[2022-06-13T02:53:58.339+0000][1][safepoint    ] Entering safepoint region: RevokeBias
[2022-06-13T02:53:58.339+0000][1][safepoint    ] Leaving safepoint region
[2022-06-13T02:53:58.340+0000][1][safepoint    ] Total time for which application threads were stopped: 0.0002619 seconds, Stopping threads took: 0.0001133 seconds
[2022-06-13T02:53:58.340+0000][1][safepoint    ] Application time: 0.0000835 seconds
[2022-06-13T02:53:58.340+0000][1][safepoint    ] Entering safepoint region: RevokeBias
[2022-06-13T02:53:58.340+0000][1][safepoint    ] Leaving safepoint region
[2022-06-13T02:53:58.340+0000][1][safepoint    ] Total time for which application threads were stopped: 0.0003060 seconds, Stopping threads took: 0.0001450 seconds
[2022-06-13T02:53:58.340+0000][1][safepoint    ] Application time: 0.0000834 seconds
[2022-06-13T02:53:58.341+0000][1][safepoint    ] Entering safepoint region: RevokeBias
[2022-06-13T02:53:58.341+0000][1][safepoint    ] Leaving safepoint region
[2022-06-13T02:53:58.341+0000][1][safepoint    ] Total time for which application threads were stopped: 0.0003961 seconds, Stopping threads took: 0.0001974 seconds
[2022-06-13T02:53:58.341+0000][1][safepoint    ] Application time: 0.0000832 seconds
[2022-06-13T02:53:58.341+0000][1][safepoint    ] Entering safepoint region: RevokeBias
[2022-06-13T02:53:58.342+0000][1][safepoint    ] Leaving safepoint region
[2022-06-13T02:53:58.342+0000][1][safepoint    ] Total time for which application threads were stopped: 0.0003644 seconds, Stopping threads took: 0.0001810 seconds
[2022-06-13T02:53:58.342+0000][1][safepoint    ] Application time: 0.0000979 seconds
[2022-06-13T02:53:58.342+0000][1][safepoint    ] Entering safepoint region: RevokeBias
[2022-06-13T02:53:58.342+0000][1][safepoint    ] Leaving safepoint region
[2022-06-13T02:53:58.342+0000][1][safepoint    ] Total time for which application threads were stopped: 0.0003111 seconds, Stopping threads took: 0.0001220 seconds
[2022-06-13T02:53:58.343+0000][1][safepoint    ] Application time: 0.0000964 seconds
[2022-06-13T02:53:58.343+0000][1][safepoint    ] Entering safepoint region: RevokeBias
[2022-06-13T02:53:58.343+0000][1][safepoint    ] Leaving safepoint region
[2022-06-13T02:53:58.343+0000][1][safepoint    ] Total time for which application threads were stopped: 0.0003369 seconds, Stopping threads took: 0.0001646 seconds
[2022-06-13T02:53:58.343+0000][1][safepoint    ] Application time: 0.0000997 seconds
[2022-06-13T02:53:58.344+0000][1][safepoint    ] Entering safepoint region: RevokeBias
[2022-06-13T02:53:58.344+0000][1][safepoint    ] Leaving safepoint region
[2022-06-13T02:53:58.344+0000][1][safepoint    ] Total time for which application threads were stopped: 0.0003267 seconds, Stopping threads took: 0.0001594 seconds
[2022-06-13T02:53:58.344+0000][1][safepoint    ] Application time: 0.0000746 seconds
[2022-06-13T02:53:58.344+0000][1][safepoint    ] Entering safepoint region: RevokeBias
[2022-06-13T02:53:58.344+0000][1][safepoint    ] Leaving safepoint region
[2022-06-13T02:53:58.344+0000][1][safepoint    ] Total time for which application threads were stopped: 0.0002586 seconds, Stopping threads took: 0.0001171 seconds
[2022-06-13T02:53:58.345+0000][1][safepoint    ] Application time: 0.0000908 seconds
[2022-06-13T02:53:58.345+0000][1][safepoint    ] Entering safepoint region: RevokeBias
[2022-06-13T02:53:58.345+0000][1][safepoint    ] Leaving safepoint region
[2022-06-13T02:53:58.345+0000][1][safepoint    ] Total time for which application threads were stopped: 0.0002886 seconds, Stopping threads took: 0.0001207 seconds
[2022-06-13T02:53:58.345+0000][1][safepoint    ] Application time: 0.0000734 seconds
[2022-06-13T02:53:58.346+0000][1][safepoint    ] Entering safepoint region: RevokeBias
[2022-06-13T02:53:58.346+0000][1][safepoint    ] Leaving safepoint region
[2022-06-13T02:53:58.346+0000][1][safepoint    ] Total time for which application threads were stopped: 0.0004470 seconds, Stopping threads took: 0.0002381 seconds
[2022-06-13T02:53:58.346+0000][1][safepoint    ] Application time: 0.0000718 seconds
[2022-06-13T02:53:58.346+0000][1][safepoint    ] Entering safepoint region: BulkRevokeBias
[2022-06-13T02:53:58.346+0000][1][safepoint    ] Leaving safepoint region
[2022-06-13T02:53:58.347+0000][1][safepoint    ] Total time for which application threads were stopped: 0.0003352 seconds, Stopping threads took: 0.0001128 seconds
[2022-06-13T02:53:58.347+0000][1][safepoint    ] Application time: 0.0002915 seconds
[2022-06-13T02:53:58.347+0000][1][safepoint    ] Entering safepoint region: RevokeBias
[2022-06-13T02:53:58.347+0000][1][safepoint    ] Leaving safepoint region
[2022-06-13T02:53:58.348+0000][1][safepoint    ] Total time for which application threads were stopped: 0.0003474 seconds, Stopping threads took: 0.0001757 seconds
[2022-06-13T02:53:58.348+0000][1][safepoint    ] Application time: 0.0001145 seconds
[2022-06-13T02:53:58.348+0000][1][safepoint    ] Entering safepoint region: RevokeBias
[2022-06-13T02:53:58.348+0000][1][safepoint    ] Leaving safepoint region
[2022-06-13T02:53:58.348+0000][1][safepoint    ] Total time for which application threads were stopped: 0.0003281 seconds, Stopping threads took: 0.0001503 seconds
[2022-06-13T02:53:58.349+0000][1][safepoint    ] Application time: 0.0001944 seconds
[2022-06-13T02:53:58.349+0000][1][safepoint    ] Entering safepoint region: RevokeBias
[2022-06-13T02:53:58.349+0000][1][safepoint    ] Leaving safepoint region
[2022-06-13T02:53:58.349+0000][1][safepoint    ] Total time for which application threads were stopped: 0.0003310 seconds, Stopping threads took: 0.0001315 seconds
[2022-06-13T02:53:58.349+0000][1][safepoint    ] Application time: 0.0001176 seconds
[2022-06-13T02:53:58.350+0000][1][safepoint    ] Entering safepoint region: RevokeBias
[2022-06-13T02:53:58.350+0000][1][safepoint    ] Leaving safepoint region
[2022-06-13T02:53:58.350+0000][1][safepoint    ] Total time for which application threads were stopped: 0.0006781 seconds, Stopping threads took: 0.0005052 seconds
[2022-06-13T02:53:58.350+0000][1][safepoint    ] Application time: 0.0000964 seconds
[2022-06-13T02:53:58.351+0000][1][safepoint    ] Entering safepoint region: RevokeBias
[2022-06-13T02:53:58.351+0000][1][safepoint    ] Leaving safepoint region
[2022-06-13T02:53:58.351+0000][1][safepoint    ] Total time for which application threads were stopped: 0.0003555 seconds, Stopping threads took: 0.0001949 seconds
[2022-06-13T02:53:58.351+0000][1][safepoint    ] Application time: 0.0000882 seconds
[2022-06-13T02:53:58.351+0000][1][safepoint    ] Entering safepoint region: RevokeBias
[2022-06-13T02:53:58.351+0000][1][safepoint    ] Leaving safepoint region
[2022-06-13T02:53:58.351+0000][1][safepoint    ] Total time for which application threads were stopped: 0.0002929 seconds, Stopping threads took: 0.0001394 seconds
[2022-06-13T02:53:58.352+0000][1][safepoint    ] Application time: 0.0005547 seconds
[2022-06-13T02:53:58.353+0000][1][safepoint    ] Entering safepoint region: RevokeBias
[2022-06-13T02:53:58.353+0000][1][safepoint    ] Leaving safepoint region
[2022-06-13T02:53:58.353+0000][1][safepoint    ] Total time for which application threads were stopped: 0.0008688 seconds, Stopping threads took: 0.0006159 seconds
[2022-06-13T02:53:58.353+0000][1][safepoint    ] Application time: 0.0002016 seconds
[2022-06-13T02:53:58.354+0000][1][safepoint    ] Entering safepoint region: RevokeBias
[2022-06-13T02:53:58.354+0000][1][safepoint    ] Leaving safepoint region
[2022-06-13T02:53:58.354+0000][1][safepoint    ] Total time for which application threads were stopped: 0.0003497 seconds, Stopping threads took: 0.0001553 seconds
[2022-06-13T02:53:58.355+0000][1][safepoint    ] Application time: 0.0006486 seconds
[2022-06-13T02:53:58.355+0000][1][safepoint    ] Entering safepoint region: RevokeBias
[2022-06-13T02:53:58.355+0000][1][safepoint    ] Leaving safepoint region
[2022-06-13T02:53:58.355+0000][1][safepoint    ] Total time for which application threads were stopped: 0.0004091 seconds, Stopping threads took: 0.0001888 seconds
[2022-06-13T02:53:58.356+0000][1][safepoint    ] Application time: 0.0003233 seconds
[2022-06-13T02:53:58.356+0000][1][safepoint    ] Entering safepoint region: RevokeBias
[2022-06-13T02:53:58.357+0000][1][safepoint    ] Leaving safepoint region
[2022-06-13T02:53:58.357+0000][1][safepoint    ] Total time for which application threads were stopped: 0.0008245 seconds, Stopping threads took: 0.0005603 seconds
[2022-06-13T02:53:58.357+0000][1][safepoint    ] Application time: 0.0002983 seconds
[2022-06-13T02:53:58.357+0000][1][safepoint    ] Entering safepoint region: RevokeBias
[2022-06-13T02:53:58.358+0000][1][safepoint    ] Leaving safepoint region
[2022-06-13T02:53:58.358+0000][1][safepoint    ] Total time for which application threads were stopped: 0.0004121 seconds, Stopping threads took: 0.0002102 seconds
[2022-06-13T02:53:58.358+0000][1][safepoint    ] Application time: 0.0001160 seconds
[2022-06-13T02:53:58.358+0000][1][safepoint    ] Entering safepoint region: RevokeBias
[2022-06-13T02:53:58.359+0000][1][safepoint    ] Leaving safepoint region
[2022-06-13T02:53:58.359+0000][1][safepoint    ] Total time for which application threads were stopped: 0.0004602 seconds, Stopping threads took: 0.0002617 seconds
[2022-06-13T02:53:58.359+0000][1][safepoint    ] Application time: 0.0002291 seconds
[2022-06-13T02:53:58.359+0000][1][safepoint    ] Entering safepoint region: RevokeBias
[2022-06-13T02:53:58.359+0000][1][safepoint    ] Leaving safepoint region
[2022-06-13T02:53:58.360+0000][1][safepoint    ] Total time for which application threads were stopped: 0.0003737 seconds, Stopping threads took: 0.0001826 seconds
[2022-06-13T02:53:58.360+0000][1][safepoint    ] Application time: 0.0000986 seconds
[2022-06-13T02:53:58.360+0000][1][safepoint    ] Entering safepoint region: RevokeBias
[2022-06-13T02:53:58.360+0000][1][safepoint    ] Leaving safepoint region
[2022-06-13T02:53:58.360+0000][1][safepoint    ] Total time for which application threads were stopped: 0.0003195 seconds, Stopping threads took: 0.0001527 seconds
[2022-06-13T02:53:58.361+0000][1][safepoint    ] Application time: 0.0003133 seconds
[2022-06-13T02:53:58.361+0000][1][safepoint    ] Entering safepoint region: RevokeBias
[2022-06-13T02:53:58.361+0000][1][safepoint    ] Leaving safepoint region
[2022-06-13T02:53:58.361+0000][1][safepoint    ] Total time for which application threads were stopped: 0.0004393 seconds, Stopping threads took: 0.0001851 seconds
[2022-06-13T02:53:58.362+0000][1][safepoint    ] Application time: 0.0002454 seconds
[2022-06-13T02:53:58.362+0000][1][safepoint    ] Entering safepoint region: RevokeBias
[2022-06-13T02:53:58.362+0000][1][safepoint    ] Leaving safepoint region
[2022-06-13T02:53:58.362+0000][1][safepoint    ] Total time for which application threads were stopped: 0.0003855 seconds, Stopping threads took: 0.0002042 seconds
[2022-06-13T02:53:58.364+0000][1][safepoint    ] Application time: 0.0013597 seconds
[2022-06-13T02:53:58.364+0000][1][safepoint    ] Entering safepoint region: RevokeBias
[2022-06-13T02:53:58.364+0000][1][safepoint    ] Leaving safepoint region
[2022-06-13T02:53:58.364+0000][1][safepoint    ] Total time for which application threads were stopped: 0.0004567 seconds, Stopping threads took: 0.0001717 seconds
[2022-06-13T02:53:58.365+0000][1][safepoint    ] Application time: 0.0001291 seconds
[2022-06-13T02:53:58.365+0000][1][safepoint    ] Entering safepoint region: RevokeBias
[2022-06-13T02:53:58.365+0000][1][safepoint    ] Leaving safepoint region
[2022-06-13T02:53:58.365+0000][1][safepoint    ] Total time for which application threads were stopped: 0.0003645 seconds, Stopping threads took: 0.0001440 seconds
[2022-06-13T02:53:58.366+0000][1][safepoint    ] Application time: 0.0001093 seconds
[2022-06-13T02:53:58.366+0000][1][safepoint    ] Entering safepoint region: RevokeBias
[2022-06-13T02:53:58.366+0000][1][safepoint    ] Leaving safepoint region
[2022-06-13T02:53:58.366+0000][1][safepoint    ] Total time for which application threads were stopped: 0.0003501 seconds, Stopping threads took: 0.0001606 seconds
[2022-06-13T02:53:58.368+0000][1][safepoint    ] Application time: 0.0013125 seconds
[2022-06-13T02:53:58.368+0000][1][safepoint    ] Entering safepoint region: RevokeBias
[2022-06-13T02:53:58.368+0000][1][safepoint    ] Leaving safepoint region
[2022-06-13T02:53:58.368+0000][1][safepoint    ] Total time for which application threads were stopped: 0.0003783 seconds, Stopping threads took: 0.0001909 seconds
[2022-06-13T02:53:58.369+0000][1][safepoint    ] Application time: 0.0010332 seconds
[2022-06-13T02:53:58.370+0000][1][safepoint    ] Entering safepoint region: RevokeBias
[2022-06-13T02:53:58.370+0000][1][safepoint    ] Leaving safepoint region
[2022-06-13T02:53:58.370+0000][1][safepoint    ] Total time for which application threads were stopped: 0.0005476 seconds, Stopping threads took: 0.0003512 seconds
[2022-06-13T02:53:58.370+0000][1][safepoint    ] Application time: 0.0000945 seconds
[2022-06-13T02:53:58.370+0000][1][safepoint    ] Entering safepoint region: RevokeBias
[2022-06-13T02:53:58.371+0000][1][safepoint    ] Leaving safepoint region
[2022-06-13T02:53:58.371+0000][1][safepoint    ] Total time for which application threads were stopped: 0.0003807 seconds, Stopping threads took: 0.0001840 seconds
[2022-06-13T02:53:58.371+0000][1][safepoint    ] Application time: 0.0002514 seconds
[2022-06-13T02:53:58.371+0000][1][safepoint    ] Entering safepoint region: RevokeBias
[2022-06-13T02:53:58.372+0000][1][safepoint    ] Leaving safepoint region
[2022-06-13T02:53:58.372+0000][1][safepoint    ] Total time for which application threads were stopped: 0.0003624 seconds, Stopping threads took: 0.0001733 seconds
[2022-06-13T02:53:58.384+0000][1][safepoint    ] Application time: 0.0122789 seconds
[2022-06-13T02:53:58.384+0000][1][safepoint    ] Entering safepoint region: GenCollectForAllocation
[2022-06-13T02:53:58.384+0000][1][gc,start     ] GC(19) Pause Young (Allocation Failure)
[2022-06-13T02:53:58.385+0000][1][gc,task      ] GC(19) Using 5 workers of 13 for evacuation
[2022-06-13T02:53:58.389+0000][1][gc,age       ] GC(19) Desired survivor size 4456448 bytes, new threshold 2 (max threshold 6)
[2022-06-13T02:53:58.390+0000][1][gc,age       ] GC(19) Age table with threshold 2 (max threshold 6)
[2022-06-13T02:53:58.390+0000][1][gc,age       ] GC(19) - age   1:    3160016 bytes,    3160016 total
[2022-06-13T02:53:58.390+0000][1][gc,age       ] GC(19) - age   2:    3665424 bytes,    6825440 total
[2022-06-13T02:53:58.390+0000][1][gc,age       ] GC(19) - age   3:     306656 bytes,    7132096 total
[2022-06-13T02:53:58.390+0000][1][gc,heap      ] GC(19) ParNew: 75171K->8704K(78656K)
[2022-06-13T02:53:58.391+0000][1][gc,heap      ] GC(19) CMS: 55685K->55685K(174784K)
[2022-06-13T02:53:58.391+0000][1][gc,metaspace ] GC(19) Metaspace: 47290K->47290K(1093632K)
[2022-06-13T02:53:58.391+0000][1][gc           ] GC(19) Pause Young (Allocation Failure) 127M->62M(247M) 6.367ms
[2022-06-13T02:53:58.391+0000][1][gc,cpu       ] GC(19) User=0.02s Sys=0.01s Real=0.01s
[2022-06-13T02:53:58.391+0000][1][safepoint    ] Leaving safepoint region
[2022-06-13T02:53:58.391+0000][1][safepoint    ] Total time for which application threads were stopped: 0.0070803 seconds, Stopping threads took: 0.0001506 seconds
[2022-06-13T02:53:58.895+0000][1][safepoint    ] Application time: 0.5039352 seconds
[2022-06-13T02:53:58.896+0000][1][safepoint    ] Entering safepoint region: GenCollectForAllocation
[2022-06-13T02:53:58.897+0000][1][gc,start     ] GC(20) Pause Young (Allocation Failure)
[2022-06-13T02:53:58.897+0000][1][gc,task      ] GC(20) Using 5 workers of 13 for evacuation
[2022-06-13T02:53:58.903+0000][1][gc,age       ] GC(20) Desired survivor size 4456448 bytes, new threshold 2 (max threshold 6)
[2022-06-13T02:53:58.904+0000][1][gc,age       ] GC(20) Age table with threshold 2 (max threshold 6)
[2022-06-13T02:53:58.904+0000][1][gc,age       ] GC(20) - age   1:    1527336 bytes,    1527336 total
[2022-06-13T02:53:58.904+0000][1][gc,age       ] GC(20) - age   2:    3078680 bytes,    4606016 total
[2022-06-13T02:53:58.904+0000][1][gc,heap      ] GC(20) ParNew: 78656K->7303K(78656K)
[2022-06-13T02:53:58.904+0000][1][gc,heap      ] GC(20) CMS: 55685K->59694K(174784K)
[2022-06-13T02:53:58.904+0000][1][gc,metaspace ] GC(20) Metaspace: 54110K->54110K(1099776K)
[2022-06-13T02:53:58.904+0000][1][gc           ] GC(20) Pause Young (Allocation Failure) 131M->65M(247M) 7.352ms
[2022-06-13T02:53:58.904+0000][1][gc,cpu       ] GC(20) User=0.04s Sys=0.00s Real=0.01s
[2022-06-13T02:53:58.905+0000][1][safepoint    ] Leaving safepoint region
[2022-06-13T02:53:58.905+0000][1][safepoint    ] Total time for which application threads were stopped: 0.0089282 seconds, Stopping threads took: 0.0007109 seconds
[2022-06-13T02:53:58.993+0000][1][safepoint    ] Application time: 0.0884599 seconds
[2022-06-13T02:53:58.994+0000][1][safepoint    ] Entering safepoint region: RevokeBias
[2022-06-13T02:53:58.994+0000][1][safepoint    ] Leaving safepoint region
[2022-06-13T02:53:58.994+0000][1][safepoint    ] Total time for which application threads were stopped: 0.0005283 seconds, Stopping threads took: 0.0002411 seconds
[2022-06-13T02:53:58.994+0000][1][safepoint    ] Application time: 0.0001422 seconds
[2022-06-13T02:53:58.994+0000][1][safepoint    ] Entering safepoint region: RevokeBias
[2022-06-13T02:53:58.995+0000][1][safepoint    ] Leaving safepoint region
[2022-06-13T02:53:58.995+0000][1][safepoint    ] Total time for which application threads were stopped: 0.0003930 seconds, Stopping threads took: 0.0001694 seconds
[2022-06-13T02:53:58.995+0000][1][safepoint    ] Application time: 0.0001861 seconds
[2022-06-13T02:53:58.995+0000][1][safepoint    ] Entering safepoint region: RevokeBias
[2022-06-13T02:53:58.996+0000][1][safepoint    ] Leaving safepoint region
[2022-06-13T02:53:58.996+0000][1][safepoint    ] Total time for which application threads were stopped: 0.0003368 seconds, Stopping threads took: 0.0001576 seconds
[2022-06-13T02:53:58.999+0000][1][safepoint    ] Application time: 0.0028634 seconds
[2022-06-13T02:53:58.999+0000][1][safepoint    ] Entering safepoint region: RevokeBias
[2022-06-13T02:53:58.999+0000][1][safepoint    ] Leaving safepoint region
[2022-06-13T02:53:58.999+0000][1][safepoint    ] Total time for which application threads were stopped: 0.0003891 seconds, Stopping threads took: 0.0001346 seconds
[2022-06-13T02:53:59.172+0000][1][safepoint    ] Application time: 0.1723996 seconds
[2022-06-13T02:53:59.173+0000][1][safepoint    ] Entering safepoint region: Deoptimize
[2022-06-13T02:53:59.176+0000][1][safepoint    ] Leaving safepoint region
[2022-06-13T02:53:59.176+0000][1][safepoint    ] Total time for which application threads were stopped: 0.0028153 seconds, Stopping threads took: 0.0002317 seconds
[2022-06-13T02:53:59.236+0000][1][safepoint    ] Application time: 0.0599048 seconds
[2022-06-13T02:53:59.236+0000][1][safepoint    ] Entering safepoint region: RevokeBias
[2022-06-13T02:53:59.237+0000][1][safepoint    ] Leaving safepoint region
[2022-06-13T02:53:59.237+0000][1][safepoint    ] Total time for which application threads were stopped: 0.0004547 seconds, Stopping threads took: 0.0002047 seconds
[2022-06-13T02:53:59.237+0000][1][safepoint    ] Application time: 0.0000816 seconds
[2022-06-13T02:53:59.237+0000][1][safepoint    ] Entering safepoint region: RevokeBias
[2022-06-13T02:53:59.238+0000][1][safepoint    ] Leaving safepoint region
[2022-06-13T02:53:59.238+0000][1][safepoint    ] Total time for which application threads were stopped: 0.0003423 seconds, Stopping threads took: 0.0001387 seconds
[2022-06-13T02:53:59.238+0000][1][safepoint    ] Application time: 0.0006929 seconds
[2022-06-13T02:53:59.239+0000][1][safepoint    ] Entering safepoint region: RevokeBias
[2022-06-13T02:53:59.239+0000][1][safepoint    ] Leaving safepoint region
[2022-06-13T02:53:59.239+0000][1][safepoint    ] Total time for which application threads were stopped: 0.0007146 seconds, Stopping threads took: 0.0004795 seconds
[2022-06-13T02:53:59.240+0000][1][safepoint    ] Application time: 0.0001015 seconds
[2022-06-13T02:53:59.240+0000][1][safepoint    ] Entering safepoint region: RevokeBias
[2022-06-13T02:53:59.240+0000][1][safepoint    ] Leaving safepoint region
[2022-06-13T02:53:59.240+0000][1][safepoint    ] Total time for which application threads were stopped: 0.0003722 seconds, Stopping threads took: 0.0001713 seconds
[2022-06-13T02:53:59.240+0000][1][safepoint    ] Application time: 0.0000564 seconds
[2022-06-13T02:53:59.246+0000][1][safepoint    ] Entering safepoint region: RevokeBias
[2022-06-13T02:53:59.247+0000][1][safepoint    ] Leaving safepoint region
[2022-06-13T02:53:59.247+0000][1][safepoint    ] Total time for which application threads were stopped: 0.0006116 seconds, Stopping threads took: 0.0003531 seconds
[2022-06-13T02:53:59.249+0000][1][safepoint    ] Application time: 0.0020763 seconds
[2022-06-13T02:53:59.250+0000][1][safepoint    ] Entering safepoint region: RevokeBias
[2022-06-13T02:53:59.250+0000][1][safepoint    ] Leaving safepoint region
[2022-06-13T02:53:59.250+0000][1][safepoint    ] Total time for which application threads were stopped: 0.0008595 seconds, Stopping threads took: 0.0006110 seconds
[2022-06-13T02:53:59.252+0000][1][safepoint    ] Application time: 0.0007031 seconds
[2022-06-13T02:53:59.252+0000][1][safepoint    ] Entering safepoint region: RevokeBias
[2022-06-13T02:53:59.253+0000][1][safepoint    ] Leaving safepoint region
[2022-06-13T02:53:59.253+0000][1][safepoint    ] Total time for which application threads were stopped: 0.0010729 seconds, Stopping threads took: 0.0007293 seconds
[2022-06-13T02:53:59.275+0000][1][safepoint    ] Application time: 0.0212066 seconds
[2022-06-13T02:53:59.275+0000][1][safepoint    ] Entering safepoint region: BulkRevokeBias
[2022-06-13T02:53:59.275+0000][1][safepoint    ] Leaving safepoint region
[2022-06-13T02:53:59.276+0000][1][safepoint    ] Total time for which application threads were stopped: 0.0009903 seconds, Stopping threads took: 0.0001945 seconds
[2022-06-13T02:53:59.634+0000][1][safepoint    ] Application time: 0.3581468 seconds
[2022-06-13T02:53:59.635+0000][1][safepoint    ] Entering safepoint region: RevokeBias
[2022-06-13T02:53:59.635+0000][1][safepoint    ] Leaving safepoint region
[2022-06-13T02:53:59.635+0000][1][safepoint    ] Total time for which application threads were stopped: 0.0004480 seconds, Stopping threads took: 0.0001896 seconds
[2022-06-13T02:53:59.792+0000][1][safepoint    ] Application time: 0.1566002 seconds
[2022-06-13T02:53:59.792+0000][1][safepoint    ] Entering safepoint region: Deoptimize
[2022-06-13T02:53:59.793+0000][1][safepoint    ] Leaving safepoint region
[2022-06-13T02:53:59.793+0000][1][safepoint    ] Total time for which application threads were stopped: 0.0007690 seconds, Stopping threads took: 0.0001026 seconds
[2022-06-13T02:53:59.800+0000][1][safepoint    ] Application time: 0.0070193 seconds
[2022-06-13T02:53:59.800+0000][1][safepoint    ] Entering safepoint region: RevokeBias
[2022-06-13T02:53:59.800+0000][1][safepoint    ] Leaving safepoint region
[2022-06-13T02:53:59.800+0000][1][safepoint    ] Total time for which application threads were stopped: 0.0003073 seconds, Stopping threads took: 0.0001490 seconds
[2022-06-13T02:53:59.801+0000][1][safepoint    ] Application time: 0.0004551 seconds
[2022-06-13T02:53:59.801+0000][1][safepoint    ] Entering safepoint region: BulkRevokeBias
[2022-06-13T02:53:59.801+0000][1][safepoint    ] Leaving safepoint region
[2022-06-13T02:53:59.801+0000][1][safepoint    ] Total time for which application threads were stopped: 0.0003063 seconds, Stopping threads took: 0.0001350 seconds
[2022-06-13T02:53:59.803+0000][1][safepoint    ] Application time: 0.0009168 seconds
[2022-06-13T02:53:59.803+0000][1][safepoint    ] Entering safepoint region: RevokeBias
[2022-06-13T02:53:59.803+0000][1][safepoint    ] Leaving safepoint region
[2022-06-13T02:53:59.803+0000][1][safepoint    ] Total time for which application threads were stopped: 0.0002226 seconds, Stopping threads took: 0.0001010 seconds
[2022-06-13T02:53:59.803+0000][1][safepoint    ] Application time: 0.0003880 seconds
[2022-06-13T02:53:59.803+0000][1][safepoint    ] Entering safepoint region: RevokeBias
[2022-06-13T02:53:59.804+0000][1][safepoint    ] Leaving safepoint region
[2022-06-13T02:53:59.804+0000][1][safepoint    ] Total time for which application threads were stopped: 0.0002215 seconds, Stopping threads took: 0.0001045 seconds
[2022-06-13T02:53:59.804+0000][1][safepoint    ] Application time: 0.0000755 seconds
[2022-06-13T02:53:59.804+0000][1][safepoint    ] Entering safepoint region: RevokeBias
[2022-06-13T02:53:59.804+0000][1][safepoint    ] Leaving safepoint region
[2022-06-13T02:53:59.804+0000][1][safepoint    ] Total time for which application threads were stopped: 0.0002912 seconds, Stopping threads took: 0.0001256 seconds
[2022-06-13T02:53:59.805+0000][1][safepoint    ] Application time: 0.0001175 seconds
[2022-06-13T02:53:59.805+0000][1][safepoint    ] Entering safepoint region: RevokeBias
[2022-06-13T02:53:59.805+0000][1][safepoint    ] Leaving safepoint region
[2022-06-13T02:53:59.805+0000][1][safepoint    ] Total time for which application threads were stopped: 0.0002637 seconds, Stopping threads took: 0.0001236 seconds
[2022-06-13T02:53:59.805+0000][1][safepoint    ] Application time: 0.0002078 seconds
[2022-06-13T02:53:59.805+0000][1][safepoint    ] Entering safepoint region: RevokeBias
[2022-06-13T02:53:59.805+0000][1][safepoint    ] Leaving safepoint region
[2022-06-13T02:53:59.806+0000][1][safepoint    ] Total time for which application threads were stopped: 0.0002206 seconds, Stopping threads took: 0.0001042 seconds
[2022-06-13T02:53:59.806+0000][1][safepoint    ] Application time: 0.0001835 seconds
[2022-06-13T02:53:59.806+0000][1][safepoint    ] Entering safepoint region: RevokeBias
[2022-06-13T02:53:59.806+0000][1][safepoint    ] Leaving safepoint region
[2022-06-13T02:53:59.806+0000][1][safepoint    ] Total time for which application threads were stopped: 0.0002352 seconds, Stopping threads took: 0.0001096 seconds
[2022-06-13T02:53:59.807+0000][1][safepoint    ] Application time: 0.0002197 seconds
[2022-06-13T02:53:59.807+0000][1][safepoint    ] Entering safepoint region: RevokeBias
[2022-06-13T02:53:59.807+0000][1][safepoint    ] Leaving safepoint region
[2022-06-13T02:53:59.807+0000][1][safepoint    ] Total time for which application threads were stopped: 0.0002337 seconds, Stopping threads took: 0.0001056 seconds
[2022-06-13T02:53:59.807+0000][1][safepoint    ] Application time: 0.0000757 seconds
[2022-06-13T02:53:59.807+0000][1][safepoint    ] Entering safepoint region: RevokeBias
[2022-06-13T02:53:59.807+0000][1][safepoint    ] Leaving safepoint region
[2022-06-13T02:53:59.807+0000][1][safepoint    ] Total time for which application threads were stopped: 0.0002505 seconds, Stopping threads took: 0.0001093 seconds
[2022-06-13T02:53:59.809+0000][1][safepoint    ] Application time: 0.0012298 seconds
[2022-06-13T02:53:59.809+0000][1][safepoint    ] Entering safepoint region: RevokeBias
[2022-06-13T02:53:59.809+0000][1][safepoint    ] Leaving safepoint region
[2022-06-13T02:53:59.809+0000][1][safepoint    ] Total time for which application threads were stopped: 0.0003102 seconds, Stopping threads took: 0.0001216 seconds
[2022-06-13T02:53:59.810+0000][1][safepoint    ] Application time: 0.0002347 seconds
[2022-06-13T02:53:59.810+0000][1][safepoint    ] Entering safepoint region: RevokeBias
[2022-06-13T02:53:59.810+0000][1][safepoint    ] Leaving safepoint region
[2022-06-13T02:53:59.810+0000][1][safepoint    ] Total time for which application threads were stopped: 0.0002705 seconds, Stopping threads took: 0.0001235 seconds
[2022-06-13T02:53:59.813+0000][1][safepoint    ] Application time: 0.0027363 seconds
[2022-06-13T02:53:59.813+0000][1][safepoint    ] Entering safepoint region: Deoptimize
[2022-06-13T02:53:59.814+0000][1][safepoint    ] Leaving safepoint region
[2022-06-13T02:53:59.814+0000][1][safepoint    ] Total time for which application threads were stopped: 0.0010039 seconds, Stopping threads took: 0.0001551 seconds
[2022-06-13T02:53:59.815+0000][1][safepoint    ] Application time: 0.0005624 seconds
[2022-06-13T02:53:59.815+0000][1][safepoint    ] Entering safepoint region: RevokeBias
[2022-06-13T02:53:59.815+0000][1][safepoint    ] Leaving safepoint region
[2022-06-13T02:53:59.815+0000][1][safepoint    ] Total time for which application threads were stopped: 0.0002708 seconds, Stopping threads took: 0.0001365 seconds
[2022-06-13T02:53:59.816+0000][1][safepoint    ] Application time: 0.0011438 seconds
[2022-06-13T02:53:59.817+0000][1][safepoint    ] Entering safepoint region: RevokeBias
[2022-06-13T02:53:59.817+0000][1][safepoint    ] Leaving safepoint region
[2022-06-13T02:53:59.817+0000][1][safepoint    ] Total time for which application threads were stopped: 0.0002537 seconds, Stopping threads took: 0.0001006 seconds
[2022-06-13T02:53:59.817+0000][1][safepoint    ] Application time: 0.0001145 seconds
[2022-06-13T02:53:59.817+0000][1][safepoint    ] Entering safepoint region: RevokeBias
[2022-06-13T02:53:59.817+0000][1][safepoint    ] Leaving safepoint region
[2022-06-13T02:53:59.817+0000][1][safepoint    ] Total time for which application threads were stopped: 0.0002199 seconds, Stopping threads took: 0.0001046 seconds
[2022-06-13T02:53:59.818+0000][1][safepoint    ] Application time: 0.0000880 seconds
[2022-06-13T02:53:59.818+0000][1][safepoint    ] Entering safepoint region: RevokeBias
[2022-06-13T02:53:59.818+0000][1][safepoint    ] Leaving safepoint region
[2022-06-13T02:53:59.818+0000][1][safepoint    ] Total time for which application threads were stopped: 0.0001908 seconds, Stopping threads took: 0.0000829 seconds
[2022-06-13T02:53:59.818+0000][1][safepoint    ] Application time: 0.0001898 seconds
[2022-06-13T02:53:59.818+0000][1][safepoint    ] Entering safepoint region: RevokeBias
[2022-06-13T02:53:59.818+0000][1][safepoint    ] Leaving safepoint region
[2022-06-13T02:53:59.818+0000][1][safepoint    ] Total time for which application threads were stopped: 0.0002676 seconds, Stopping threads took: 0.0001135 seconds
[2022-06-13T02:53:59.819+0000][1][safepoint    ] Application time: 0.0001325 seconds
[2022-06-13T02:53:59.819+0000][1][safepoint    ] Entering safepoint region: RevokeBias
[2022-06-13T02:53:59.819+0000][1][safepoint    ] Leaving safepoint region
[2022-06-13T02:53:59.819+0000][1][safepoint    ] Total time for which application threads were stopped: 0.0002346 seconds, Stopping threads took: 0.0001022 seconds
[2022-06-13T02:53:59.839+0000][1][safepoint    ] Application time: 0.0201865 seconds
[2022-06-13T02:53:59.840+0000][1][safepoint    ] Entering safepoint region: GenCollectForAllocation
[2022-06-13T02:53:59.840+0000][1][gc,start     ] GC(21) Pause Young (Allocation Failure)
[2022-06-13T02:53:59.840+0000][1][gc,task      ] GC(21) Using 5 workers of 13 for evacuation
[2022-06-13T02:53:59.846+0000][1][gc,age       ] GC(21) Desired survivor size 4456448 bytes, new threshold 2 (max threshold 6)
[2022-06-13T02:53:59.847+0000][1][gc,age       ] GC(21) Age table with threshold 2 (max threshold 6)
[2022-06-13T02:53:59.847+0000][1][gc,age       ] GC(21) - age   1:    3870000 bytes,    3870000 total
[2022-06-13T02:53:59.847+0000][1][gc,age       ] GC(21) - age   2:    1357544 bytes,    5227544 total
[2022-06-13T02:53:59.847+0000][1][gc,heap      ] GC(21) ParNew: 77255K->6853K(78656K)
[2022-06-13T02:53:59.847+0000][1][gc,heap      ] GC(21) CMS: 59694K->62767K(174784K)
[2022-06-13T02:53:59.847+0000][1][gc,metaspace ] GC(21) Metaspace: 62579K->62579K(1105920K)
[2022-06-13T02:53:59.847+0000][1][gc           ] GC(21) Pause Young (Allocation Failure) 133M->67M(247M) 7.573ms
[2022-06-13T02:53:59.848+0000][1][gc,cpu       ] GC(21) User=0.03s Sys=0.00s Real=0.00s
[2022-06-13T02:53:59.848+0000][1][safepoint    ] Leaving safepoint region
[2022-06-13T02:53:59.848+0000][1][safepoint    ] Total time for which application threads were stopped: 0.0080768 seconds, Stopping threads took: 0.0001283 seconds
[2022-06-13T02:53:59.848+0000][1][safepoint    ] Application time: 0.0001851 seconds
[2022-06-13T02:53:59.848+0000][1][safepoint    ] Entering safepoint region: RevokeBias
[2022-06-13T02:53:59.848+0000][1][safepoint    ] Leaving safepoint region
[2022-06-13T02:53:59.848+0000][1][safepoint    ] Total time for which application threads were stopped: 0.0003084 seconds, Stopping threads took: 0.0001629 seconds
[2022-06-13T02:53:59.849+0000][1][safepoint    ] Application time: 0.0000827 seconds
[2022-06-13T02:53:59.849+0000][1][safepoint    ] Entering safepoint region: RevokeBias
[2022-06-13T02:53:59.849+0000][1][safepoint    ] Leaving safepoint region
[2022-06-13T02:53:59.849+0000][1][safepoint    ] Total time for which application threads were stopped: 0.0003527 seconds, Stopping threads took: 0.0001922 seconds
[2022-06-13T02:53:59.849+0000][1][safepoint    ] Application time: 0.0001769 seconds
[2022-06-13T02:53:59.850+0000][1][safepoint    ] Entering safepoint region: RevokeBias
[2022-06-13T02:53:59.850+0000][1][safepoint    ] Leaving safepoint region
[2022-06-13T02:53:59.850+0000][1][safepoint    ] Total time for which application threads were stopped: 0.0002889 seconds, Stopping threads took: 0.0001337 seconds
[2022-06-13T02:53:59.851+0000][1][safepoint    ] Application time: 0.0007435 seconds
[2022-06-13T02:53:59.851+0000][1][safepoint    ] Entering safepoint region: RevokeBias
[2022-06-13T02:53:59.851+0000][1][safepoint    ] Leaving safepoint region
[2022-06-13T02:53:59.851+0000][1][safepoint    ] Total time for which application threads were stopped: 0.0002801 seconds, Stopping threads took: 0.0001299 seconds
[2022-06-13T02:53:59.852+0000][1][safepoint    ] Application time: 0.0007973 seconds
[2022-06-13T02:53:59.852+0000][1][safepoint    ] Entering safepoint region: RevokeBias
[2022-06-13T02:53:59.852+0000][1][safepoint    ] Leaving safepoint region
[2022-06-13T02:53:59.853+0000][1][safepoint    ] Total time for which application threads were stopped: 0.0003171 seconds, Stopping threads took: 0.0001727 seconds
[2022-06-13T02:53:59.853+0000][1][safepoint    ] Application time: 0.0002186 seconds
[2022-06-13T02:53:59.853+0000][1][safepoint    ] Entering safepoint region: RevokeBias
[2022-06-13T02:53:59.853+0000][1][safepoint    ] Leaving safepoint region
[2022-06-13T02:53:59.853+0000][1][safepoint    ] Total time for which application threads were stopped: 0.0002959 seconds, Stopping threads took: 0.0001677 seconds
[2022-06-13T02:53:59.854+0000][1][safepoint    ] Application time: 0.0001940 seconds
[2022-06-13T02:53:59.854+0000][1][safepoint    ] Entering safepoint region: RevokeBias
[2022-06-13T02:53:59.854+0000][1][safepoint    ] Leaving safepoint region
[2022-06-13T02:53:59.854+0000][1][safepoint    ] Total time for which application threads were stopped: 0.0002848 seconds, Stopping threads took: 0.0001539 seconds
[2022-06-13T02:53:59.854+0000][1][safepoint    ] Application time: 0.0000740 seconds
[2022-06-13T02:53:59.854+0000][1][safepoint    ] Entering safepoint region: RevokeBias
[2022-06-13T02:53:59.855+0000][1][safepoint    ] Leaving safepoint region
[2022-06-13T02:53:59.855+0000][1][safepoint    ] Total time for which application threads were stopped: 0.0002828 seconds, Stopping threads took: 0.0001549 seconds
[2022-06-13T02:53:59.855+0000][1][safepoint    ] Application time: 0.0002799 seconds
[2022-06-13T02:53:59.855+0000][1][safepoint    ] Entering safepoint region: RevokeBias
[2022-06-13T02:53:59.855+0000][1][safepoint    ] Leaving safepoint region
[2022-06-13T02:53:59.855+0000][1][safepoint    ] Total time for which application threads were stopped: 0.0003017 seconds, Stopping threads took: 0.0001425 seconds
[2022-06-13T02:53:59.856+0000][1][safepoint    ] Application time: 0.0000736 seconds
[2022-06-13T02:53:59.856+0000][1][safepoint    ] Entering safepoint region: RevokeBias
[2022-06-13T02:53:59.856+0000][1][safepoint    ] Leaving safepoint region
[2022-06-13T02:53:59.856+0000][1][safepoint    ] Total time for which application threads were stopped: 0.0002612 seconds, Stopping threads took: 0.0001367 seconds
[2022-06-13T02:53:59.857+0000][1][safepoint    ] Application time: 0.0006261 seconds
[2022-06-13T02:53:59.857+0000][1][safepoint    ] Entering safepoint region: RevokeBias
[2022-06-13T02:53:59.857+0000][1][safepoint    ] Leaving safepoint region
[2022-06-13T02:53:59.857+0000][1][safepoint    ] Total time for which application threads were stopped: 0.0003254 seconds, Stopping threads took: 0.0001829 seconds
[2022-06-13T02:53:59.857+0000][1][safepoint    ] Application time: 0.0001213 seconds
[2022-06-13T02:53:59.858+0000][1][safepoint    ] Entering safepoint region: RevokeBias
[2022-06-13T02:53:59.858+0000][1][safepoint    ] Leaving safepoint region
[2022-06-13T02:53:59.858+0000][1][safepoint    ] Total time for which application threads were stopped: 0.0002694 seconds, Stopping threads took: 0.0001422 seconds
[2022-06-13T02:53:59.858+0000][1][safepoint    ] Application time: 0.0000785 seconds
[2022-06-13T02:53:59.858+0000][1][safepoint    ] Entering safepoint region: RevokeBias
[2022-06-13T02:53:59.858+0000][1][safepoint    ] Leaving safepoint region
[2022-06-13T02:53:59.858+0000][1][safepoint    ] Total time for which application threads were stopped: 0.0002405 seconds, Stopping threads took: 0.0001166 seconds
[2022-06-13T02:53:59.859+0000][1][safepoint    ] Application time: 0.0000892 seconds
[2022-06-13T02:53:59.859+0000][1][safepoint    ] Entering safepoint region: RevokeBias
[2022-06-13T02:53:59.859+0000][1][safepoint    ] Leaving safepoint region
[2022-06-13T02:53:59.859+0000][1][safepoint    ] Total time for which application threads were stopped: 0.0002302 seconds, Stopping threads took: 0.0001124 seconds
[2022-06-13T02:53:59.859+0000][1][safepoint    ] Application time: 0.0003058 seconds
[2022-06-13T02:53:59.860+0000][1][safepoint    ] Entering safepoint region: RevokeBias
[2022-06-13T02:53:59.860+0000][1][safepoint    ] Leaving safepoint region
[2022-06-13T02:53:59.860+0000][1][safepoint    ] Total time for which application threads were stopped: 0.0003512 seconds, Stopping threads took: 0.0002039 seconds
[2022-06-13T02:53:59.860+0000][1][safepoint    ] Application time: 0.0002838 seconds
[2022-06-13T02:53:59.860+0000][1][safepoint    ] Entering safepoint region: RevokeBias
[2022-06-13T02:53:59.861+0000][1][safepoint    ] Leaving safepoint region
[2022-06-13T02:53:59.861+0000][1][safepoint    ] Total time for which application threads were stopped: 0.0003360 seconds, Stopping threads took: 0.0001517 seconds
[2022-06-13T02:53:59.861+0000][1][safepoint    ] Application time: 0.0001801 seconds
[2022-06-13T02:53:59.861+0000][1][safepoint    ] Entering safepoint region: RevokeBias
[2022-06-13T02:53:59.861+0000][1][safepoint    ] Leaving safepoint region
[2022-06-13T02:53:59.861+0000][1][safepoint    ] Total time for which application threads were stopped: 0.0003286 seconds, Stopping threads took: 0.0001706 seconds
[2022-06-13T02:53:59.862+0000][1][safepoint    ] Application time: 0.0002255 seconds
[2022-06-13T02:53:59.862+0000][1][safepoint    ] Entering safepoint region: RevokeBias
[2022-06-13T02:53:59.862+0000][1][safepoint    ] Leaving safepoint region
[2022-06-13T02:53:59.862+0000][1][safepoint    ] Total time for which application threads were stopped: 0.0002058 seconds, Stopping threads took: 0.0000979 seconds
[2022-06-13T02:53:59.862+0000][1][safepoint    ] Application time: 0.0003045 seconds
[2022-06-13T02:53:59.863+0000][1][safepoint    ] Entering safepoint region: RevokeBias
[2022-06-13T02:53:59.863+0000][1][safepoint    ] Leaving safepoint region
[2022-06-13T02:53:59.863+0000][1][safepoint    ] Total time for which application threads were stopped: 0.0002830 seconds, Stopping threads took: 0.0001434 seconds
[2022-06-13T02:53:59.863+0000][1][safepoint    ] Application time: 0.0002720 seconds
[2022-06-13T02:53:59.863+0000][1][safepoint    ] Entering safepoint region: RevokeBias
[2022-06-13T02:53:59.863+0000][1][safepoint    ] Leaving safepoint region
[2022-06-13T02:53:59.864+0000][1][safepoint    ] Total time for which application threads were stopped: 0.0003347 seconds, Stopping threads took: 0.0002079 seconds
[2022-06-13T02:53:59.864+0000][1][safepoint    ] Application time: 0.0005296 seconds
[2022-06-13T02:53:59.864+0000][1][safepoint    ] Entering safepoint region: RevokeBias
[2022-06-13T02:53:59.865+0000][1][safepoint    ] Leaving safepoint region
[2022-06-13T02:53:59.865+0000][1][safepoint    ] Total time for which application threads were stopped: 0.0003127 seconds, Stopping threads took: 0.0001754 seconds
[2022-06-13T02:53:59.865+0000][1][safepoint    ] Application time: 0.0001136 seconds
[2022-06-13T02:53:59.865+0000][1][safepoint    ] Entering safepoint region: RevokeBias
[2022-06-13T02:53:59.865+0000][1][safepoint    ] Leaving safepoint region
[2022-06-13T02:53:59.865+0000][1][safepoint    ] Total time for which application threads were stopped: 0.0002800 seconds, Stopping threads took: 0.0001573 seconds
[2022-06-13T02:53:59.866+0000][1][safepoint    ] Application time: 0.0004412 seconds
[2022-06-13T02:53:59.866+0000][1][safepoint    ] Entering safepoint region: RevokeBias
[2022-06-13T02:53:59.866+0000][1][safepoint    ] Leaving safepoint region
[2022-06-13T02:53:59.866+0000][1][safepoint    ] Total time for which application threads were stopped: 0.0003204 seconds, Stopping threads took: 0.0001873 seconds
[2022-06-13T02:53:59.867+0000][1][safepoint    ] Application time: 0.0001440 seconds
[2022-06-13T02:53:59.867+0000][1][safepoint    ] Entering safepoint region: RevokeBias
[2022-06-13T02:53:59.867+0000][1][safepoint    ] Leaving safepoint region
[2022-06-13T02:53:59.867+0000][1][safepoint    ] Total time for which application threads were stopped: 0.0002680 seconds, Stopping threads took: 0.0001317 seconds
[2022-06-13T02:53:59.867+0000][1][safepoint    ] Application time: 0.0001734 seconds
[2022-06-13T02:53:59.867+0000][1][safepoint    ] Entering safepoint region: RevokeBias
[2022-06-13T02:53:59.868+0000][1][safepoint    ] Leaving safepoint region
[2022-06-13T02:53:59.868+0000][1][safepoint    ] Total time for which application threads were stopped: 0.0002773 seconds, Stopping threads took: 0.0001301 seconds
[2022-06-13T02:53:59.868+0000][1][safepoint    ] Application time: 0.0001634 seconds
[2022-06-13T02:53:59.868+0000][1][safepoint    ] Entering safepoint region: RevokeBias
[2022-06-13T02:53:59.868+0000][1][safepoint    ] Leaving safepoint region
[2022-06-13T02:53:59.868+0000][1][safepoint    ] Total time for which application threads were stopped: 0.0002555 seconds, Stopping threads took: 0.0001127 seconds
[2022-06-13T02:53:59.869+0000][1][safepoint    ] Application time: 0.0001315 seconds
[2022-06-13T02:53:59.869+0000][1][safepoint    ] Entering safepoint region: RevokeBias
[2022-06-13T02:53:59.869+0000][1][safepoint    ] Leaving safepoint region
[2022-06-13T02:53:59.869+0000][1][safepoint    ] Total time for which application threads were stopped: 0.0002323 seconds, Stopping threads took: 0.0001047 seconds
[2022-06-13T02:53:59.869+0000][1][safepoint    ] Application time: 0.0000913 seconds
[2022-06-13T02:53:59.869+0000][1][safepoint    ] Entering safepoint region: RevokeBias
[2022-06-13T02:53:59.869+0000][1][safepoint    ] Leaving safepoint region
[2022-06-13T02:53:59.870+0000][1][safepoint    ] Total time for which application threads were stopped: 0.0003364 seconds, Stopping threads took: 0.0001652 seconds
[2022-06-13T02:53:59.870+0000][1][safepoint    ] Application time: 0.0001799 seconds
[2022-06-13T02:53:59.870+0000][1][safepoint    ] Entering safepoint region: RevokeBias
[2022-06-13T02:53:59.870+0000][1][safepoint    ] Leaving safepoint region
[2022-06-13T02:53:59.870+0000][1][safepoint    ] Total time for which application threads were stopped: 0.0002741 seconds, Stopping threads took: 0.0001272 seconds
[2022-06-13T02:53:59.870+0000][1][safepoint    ] Application time: 0.0000731 seconds
[2022-06-13T02:53:59.871+0000][1][safepoint    ] Entering safepoint region: RevokeBias
[2022-06-13T02:53:59.871+0000][1][safepoint    ] Leaving safepoint region
[2022-06-13T02:53:59.871+0000][1][safepoint    ] Total time for which application threads were stopped: 0.0002182 seconds, Stopping threads took: 0.0001051 seconds
[2022-06-13T02:53:59.871+0000][1][safepoint    ] Application time: 0.0001131 seconds
[2022-06-13T02:53:59.871+0000][1][safepoint    ] Entering safepoint region: RevokeBias
[2022-06-13T02:53:59.871+0000][1][safepoint    ] Leaving safepoint region
[2022-06-13T02:53:59.871+0000][1][safepoint    ] Total time for which application threads were stopped: 0.0002030 seconds, Stopping threads took: 0.0000949 seconds
[2022-06-13T02:53:59.873+0000][1][safepoint    ] Application time: 0.0017114 seconds
[2022-06-13T02:53:59.873+0000][1][safepoint    ] Entering safepoint region: RevokeBias
[2022-06-13T02:53:59.874+0000][1][safepoint    ] Leaving safepoint region
[2022-06-13T02:53:59.874+0000][1][safepoint    ] Total time for which application threads were stopped: 0.0003019 seconds, Stopping threads took: 0.0001462 seconds
[2022-06-13T02:53:59.874+0000][1][safepoint    ] Application time: 0.0001029 seconds
[2022-06-13T02:53:59.874+0000][1][safepoint    ] Entering safepoint region: BulkRevokeBias
[2022-06-13T02:53:59.874+0000][1][safepoint    ] Leaving safepoint region
[2022-06-13T02:53:59.874+0000][1][safepoint    ] Total time for which application threads were stopped: 0.0004038 seconds, Stopping threads took: 0.0001299 seconds
[2022-06-13T02:53:59.877+0000][1][safepoint    ] Application time: 0.0019636 seconds
[2022-06-13T02:53:59.877+0000][1][safepoint    ] Entering safepoint region: RevokeBias
[2022-06-13T02:53:59.877+0000][1][safepoint    ] Leaving safepoint region
[2022-06-13T02:53:59.877+0000][1][safepoint    ] Total time for which application threads were stopped: 0.0003533 seconds, Stopping threads took: 0.0001440 seconds
[2022-06-13T02:53:59.877+0000][1][safepoint    ] Application time: 0.0001279 seconds
[2022-06-13T02:53:59.877+0000][1][safepoint    ] Entering safepoint region: RevokeBias
[2022-06-13T02:53:59.878+0000][1][safepoint    ] Leaving safepoint region
[2022-06-13T02:53:59.878+0000][1][safepoint    ] Total time for which application threads were stopped: 0.0004653 seconds, Stopping threads took: 0.0001319 seconds
[2022-06-13T02:53:59.881+0000][1][safepoint    ] Application time: 0.0026432 seconds
[2022-06-13T02:53:59.881+0000][1][safepoint    ] Entering safepoint region: RevokeBias
[2022-06-13T02:53:59.881+0000][1][safepoint    ] Leaving safepoint region
[2022-06-13T02:53:59.881+0000][1][safepoint    ] Total time for which application threads were stopped: 0.0003077 seconds, Stopping threads took: 0.0001577 seconds
[2022-06-13T02:53:59.882+0000][1][safepoint    ] Application time: 0.0004388 seconds
[2022-06-13T02:53:59.882+0000][1][safepoint    ] Entering safepoint region: RevokeBias
[2022-06-13T02:53:59.882+0000][1][safepoint    ] Leaving safepoint region
[2022-06-13T02:53:59.882+0000][1][safepoint    ] Total time for which application threads were stopped: 0.0003424 seconds, Stopping threads took: 0.0001817 seconds
[2022-06-13T02:53:59.882+0000][1][safepoint    ] Application time: 0.0000895 seconds
[2022-06-13T02:53:59.882+0000][1][safepoint    ] Entering safepoint region: RevokeBias
[2022-06-13T02:53:59.883+0000][1][safepoint    ] Leaving safepoint region
[2022-06-13T02:53:59.883+0000][1][safepoint    ] Total time for which application threads were stopped: 0.0002665 seconds, Stopping threads took: 0.0001379 seconds
[2022-06-13T02:53:59.883+0000][1][safepoint    ] Application time: 0.0000740 seconds
[2022-06-13T02:53:59.883+0000][1][safepoint    ] Entering safepoint region: RevokeBias
[2022-06-13T02:53:59.883+0000][1][safepoint    ] Leaving safepoint region
[2022-06-13T02:53:59.883+0000][1][safepoint    ] Total time for which application threads were stopped: 0.0003451 seconds, Stopping threads took: 0.0002004 seconds
[2022-06-13T02:53:59.884+0000][1][safepoint    ] Application time: 0.0006980 seconds
[2022-06-13T02:53:59.885+0000][1][safepoint    ] Entering safepoint region: RevokeBias
[2022-06-13T02:53:59.885+0000][1][safepoint    ] Leaving safepoint region
[2022-06-13T02:53:59.885+0000][1][safepoint    ] Total time for which application threads were stopped: 0.0004935 seconds, Stopping threads took: 0.0003104 seconds
[2022-06-13T02:53:59.885+0000][1][safepoint    ] Application time: 0.0000848 seconds
[2022-06-13T02:53:59.885+0000][1][safepoint    ] Entering safepoint region: RevokeBias
[2022-06-13T02:53:59.885+0000][1][safepoint    ] Leaving safepoint region
[2022-06-13T02:53:59.886+0000][1][safepoint    ] Total time for which application threads were stopped: 0.0003438 seconds, Stopping threads took: 0.0001620 seconds
[2022-06-13T02:53:59.887+0000][1][safepoint    ] Application time: 0.0010302 seconds
[2022-06-13T02:53:59.887+0000][1][safepoint    ] Entering safepoint region: RevokeBias
[2022-06-13T02:53:59.887+0000][1][safepoint    ] Leaving safepoint region
[2022-06-13T02:53:59.887+0000][1][safepoint    ] Total time for which application threads were stopped: 0.0003602 seconds, Stopping threads took: 0.0002107 seconds
[2022-06-13T02:53:59.887+0000][1][safepoint    ] Application time: 0.0000845 seconds
[2022-06-13T02:53:59.888+0000][1][safepoint    ] Entering safepoint region: RevokeBias
[2022-06-13T02:53:59.889+0000][1][safepoint    ] Leaving safepoint region
[2022-06-13T02:53:59.889+0000][1][safepoint    ] Total time for which application threads were stopped: 0.0011174 seconds, Stopping threads took: 0.0009113 seconds
[2022-06-13T02:53:59.891+0000][1][safepoint    ] Application time: 0.0022356 seconds
[2022-06-13T02:53:59.891+0000][1][safepoint    ] Entering safepoint region: RevokeBias
[2022-06-13T02:53:59.891+0000][1][safepoint    ] Leaving safepoint region
[2022-06-13T02:53:59.892+0000][1][safepoint    ] Total time for which application threads were stopped: 0.0003183 seconds, Stopping threads took: 0.0001402 seconds
[2022-06-13T02:53:59.892+0000][1][safepoint    ] Application time: 0.0001278 seconds
[2022-06-13T02:53:59.892+0000][1][safepoint    ] Entering safepoint region: RevokeBias
[2022-06-13T02:53:59.892+0000][1][safepoint    ] Leaving safepoint region
[2022-06-13T02:53:59.892+0000][1][safepoint    ] Total time for which application threads were stopped: 0.0002823 seconds, Stopping threads took: 0.0001247 seconds
[2022-06-13T02:53:59.892+0000][1][safepoint    ] Application time: 0.0001234 seconds
[2022-06-13T02:53:59.893+0000][1][safepoint    ] Entering safepoint region: RevokeBias
[2022-06-13T02:53:59.893+0000][1][safepoint    ] Leaving safepoint region
[2022-06-13T02:53:59.893+0000][1][safepoint    ] Total time for which application threads were stopped: 0.0003069 seconds, Stopping threads took: 0.0001217 seconds
[2022-06-13T02:53:59.893+0000][1][safepoint    ] Application time: 0.0000950 seconds
[2022-06-13T02:53:59.893+0000][1][safepoint    ] Entering safepoint region: RevokeBias
[2022-06-13T02:53:59.893+0000][1][safepoint    ] Leaving safepoint region
[2022-06-13T02:53:59.893+0000][1][safepoint    ] Total time for which application threads were stopped: 0.0002755 seconds, Stopping threads took: 0.0001127 seconds
[2022-06-13T02:53:59.896+0000][1][safepoint    ] Application time: 0.0023729 seconds
[2022-06-13T02:53:59.896+0000][1][safepoint    ] Entering safepoint region: RevokeBias
[2022-06-13T02:53:59.896+0000][1][safepoint    ] Leaving safepoint region
[2022-06-13T02:53:59.896+0000][1][safepoint    ] Total time for which application threads were stopped: 0.0002726 seconds, Stopping threads took: 0.0001317 seconds
[2022-06-13T02:53:59.897+0000][1][safepoint    ] Application time: 0.0001335 seconds
[2022-06-13T02:53:59.897+0000][1][safepoint    ] Entering safepoint region: RevokeBias
[2022-06-13T02:53:59.897+0000][1][safepoint    ] Leaving safepoint region
[2022-06-13T02:53:59.897+0000][1][safepoint    ] Total time for which application threads were stopped: 0.0004279 seconds, Stopping threads took: 0.0002368 seconds
[2022-06-13T02:53:59.897+0000][1][safepoint    ] Application time: 0.0001407 seconds
[2022-06-13T02:53:59.898+0000][1][safepoint    ] Entering safepoint region: RevokeBias
[2022-06-13T02:53:59.898+0000][1][safepoint    ] Leaving safepoint region
[2022-06-13T02:53:59.898+0000][1][safepoint    ] Total time for which application threads were stopped: 0.0003057 seconds, Stopping threads took: 0.0001525 seconds
[2022-06-13T02:53:59.898+0000][1][safepoint    ] Application time: 0.0001575 seconds
[2022-06-13T02:53:59.898+0000][1][safepoint    ] Entering safepoint region: RevokeBias
[2022-06-13T02:53:59.899+0000][1][safepoint    ] Leaving safepoint region
[2022-06-13T02:53:59.899+0000][1][safepoint    ] Total time for which application threads were stopped: 0.0003280 seconds, Stopping threads took: 0.0001866 seconds
[2022-06-13T02:53:59.900+0000][1][safepoint    ] Application time: 0.0016466 seconds
[2022-06-13T02:53:59.901+0000][1][safepoint    ] Entering safepoint region: RevokeBias
[2022-06-13T02:53:59.901+0000][1][safepoint    ] Leaving safepoint region
[2022-06-13T02:53:59.901+0000][1][safepoint    ] Total time for which application threads were stopped: 0.0002901 seconds, Stopping threads took: 0.0001376 seconds
[2022-06-13T02:54:00.252+0000][1][safepoint    ] Application time: 0.3507663 seconds
[2022-06-13T02:54:00.252+0000][1][safepoint    ] Entering safepoint region: RevokeBias
[2022-06-13T02:54:00.252+0000][1][safepoint    ] Leaving safepoint region
[2022-06-13T02:54:00.252+0000][1][safepoint    ] Total time for which application threads were stopped: 0.0003565 seconds, Stopping threads took: 0.0001574 seconds
[2022-06-13T02:54:00.623+0000][1][safepoint    ] Application time: 0.3705680 seconds
[2022-06-13T02:54:00.623+0000][1][safepoint    ] Entering safepoint region: RevokeBias
[2022-06-13T02:54:00.623+0000][1][safepoint    ] Leaving safepoint region
[2022-06-13T02:54:00.624+0000][1][safepoint    ] Total time for which application threads were stopped: 0.0003230 seconds, Stopping threads took: 0.0001508 seconds
[2022-06-13T02:54:00.624+0000][1][safepoint    ] Application time: 0.0001091 seconds
[2022-06-13T02:54:00.624+0000][1][safepoint    ] Entering safepoint region: RevokeBias
[2022-06-13T02:54:00.624+0000][1][safepoint    ] Leaving safepoint region
[2022-06-13T02:54:00.624+0000][1][safepoint    ] Total time for which application threads were stopped: 0.0002927 seconds, Stopping threads took: 0.0001335 seconds
[2022-06-13T02:54:00.624+0000][1][safepoint    ] Application time: 0.0001000 seconds
[2022-06-13T02:54:00.625+0000][1][safepoint    ] Entering safepoint region: RevokeBias
[2022-06-13T02:54:00.625+0000][1][safepoint    ] Leaving safepoint region
[2022-06-13T02:54:00.625+0000][1][safepoint    ] Total time for which application threads were stopped: 0.0002945 seconds, Stopping threads took: 0.0001388 seconds
[2022-06-13T02:54:00.625+0000][1][safepoint    ] Application time: 0.0000929 seconds
[2022-06-13T02:54:00.625+0000][1][safepoint    ] Entering safepoint region: RevokeBias
[2022-06-13T02:54:00.625+0000][1][safepoint    ] Leaving safepoint region
[2022-06-13T02:54:00.625+0000][1][safepoint    ] Total time for which application threads were stopped: 0.0002867 seconds, Stopping threads took: 0.0001074 seconds
[2022-06-13T02:54:00.626+0000][1][safepoint    ] Application time: 0.0000859 seconds
[2022-06-13T02:54:00.626+0000][1][safepoint    ] Entering safepoint region: RevokeBias
[2022-06-13T02:54:00.626+0000][1][safepoint    ] Leaving safepoint region
[2022-06-13T02:54:00.626+0000][1][safepoint    ] Total time for which application threads were stopped: 0.0002715 seconds, Stopping threads took: 0.0001208 seconds
[2022-06-13T02:54:00.626+0000][1][safepoint    ] Application time: 0.0000805 seconds
[2022-06-13T02:54:00.626+0000][1][safepoint    ] Entering safepoint region: RevokeBias
[2022-06-13T02:54:00.627+0000][1][safepoint    ] Leaving safepoint region
[2022-06-13T02:54:00.627+0000][1][safepoint    ] Total time for which application threads were stopped: 0.0005421 seconds, Stopping threads took: 0.0001400 seconds
[2022-06-13T02:54:00.627+0000][1][safepoint    ] Application time: 0.0000745 seconds
[2022-06-13T02:54:00.627+0000][1][safepoint    ] Entering safepoint region: RevokeBias
[2022-06-13T02:54:00.627+0000][1][safepoint    ] Leaving safepoint region
[2022-06-13T02:54:00.628+0000][1][safepoint    ] Total time for which application threads were stopped: 0.0002629 seconds, Stopping threads took: 0.0001142 seconds
[2022-06-13T02:54:00.628+0000][1][safepoint    ] Application time: 0.0000687 seconds
[2022-06-13T02:54:00.628+0000][1][safepoint    ] Entering safepoint region: RevokeBias
[2022-06-13T02:54:00.628+0000][1][safepoint    ] Leaving safepoint region
[2022-06-13T02:54:00.628+0000][1][safepoint    ] Total time for which application threads were stopped: 0.0002939 seconds, Stopping threads took: 0.0001466 seconds
[2022-06-13T02:54:00.840+0000][1][safepoint    ] Application time: 0.2117002 seconds
[2022-06-13T02:54:00.840+0000][1][safepoint    ] Entering safepoint region: RevokeBias
[2022-06-13T02:54:00.840+0000][1][safepoint    ] Leaving safepoint region
[2022-06-13T02:54:00.840+0000][1][safepoint    ] Total time for which application threads were stopped: 0.0002560 seconds, Stopping threads took: 0.0001398 seconds
[2022-06-13T02:54:01.841+0000][1][safepoint    ] Application time: 1.0001540 seconds
[2022-06-13T02:54:01.841+0000][1][safepoint    ] Entering safepoint region: Cleanup
[2022-06-13T02:54:01.841+0000][1][safepoint    ] Leaving safepoint region
[2022-06-13T02:54:01.841+0000][1][safepoint    ] Total time for which application threads were stopped: 0.0003336 seconds, Stopping threads took: 0.0001909 seconds
[2022-06-13T02:54:02.842+0000][1][safepoint    ] Application time: 1.0001103 seconds
[2022-06-13T02:54:02.842+0000][1][safepoint    ] Entering safepoint region: Cleanup
[2022-06-13T02:54:02.842+0000][1][safepoint    ] Leaving safepoint region
[2022-06-13T02:54:02.843+0000][1][safepoint    ] Total time for which application threads were stopped: 0.0003867 seconds, Stopping threads took: 0.0001863 seconds
[2022-06-13T02:54:02.890+0000][1][safepoint    ] Application time: 0.0474700 seconds
[2022-06-13T02:54:02.891+0000][1][safepoint    ] Entering safepoint region: RevokeBias
[2022-06-13T02:54:02.891+0000][1][safepoint    ] Leaving safepoint region
[2022-06-13T02:54:02.891+0000][1][safepoint    ] Total time for which application threads were stopped: 0.0006985 seconds, Stopping threads took: 0.0005042 seconds
[2022-06-13T02:54:02.892+0000][1][safepoint    ] Application time: 0.0003985 seconds
[2022-06-13T02:54:02.892+0000][1][safepoint    ] Entering safepoint region: RevokeBias
[2022-06-13T02:54:02.892+0000][1][safepoint    ] Leaving safepoint region
[2022-06-13T02:54:02.893+0000][1][safepoint    ] Total time for which application threads were stopped: 0.0007043 seconds, Stopping threads took: 0.0002720 seconds
[2022-06-13T02:54:02.893+0000][1][safepoint    ] Application time: 0.0002000 seconds
[2022-06-13T02:54:02.894+0000][1][safepoint    ] Entering safepoint region: RevokeBias
[2022-06-13T02:54:02.894+0000][1][safepoint    ] Leaving safepoint region
[2022-06-13T02:54:02.894+0000][1][safepoint    ] Total time for which application threads were stopped: 0.0006563 seconds, Stopping threads took: 0.0003590 seconds
[2022-06-13T02:54:02.895+0000][1][safepoint    ] Application time: 0.0001476 seconds
[2022-06-13T02:54:02.895+0000][1][safepoint    ] Entering safepoint region: RevokeBias
[2022-06-13T02:54:02.895+0000][1][safepoint    ] Leaving safepoint region
[2022-06-13T02:54:02.896+0000][1][safepoint    ] Total time for which application threads were stopped: 0.0006885 seconds, Stopping threads took: 0.0004691 seconds
[2022-06-13T02:54:02.896+0000][1][safepoint    ] Application time: 0.0004546 seconds
[2022-06-13T02:54:02.896+0000][1][safepoint    ] Entering safepoint region: RevokeBias
[2022-06-13T02:54:02.897+0000][1][safepoint    ] Leaving safepoint region
[2022-06-13T02:54:02.897+0000][1][safepoint    ] Total time for which application threads were stopped: 0.0003622 seconds, Stopping threads took: 0.0001877 seconds
[2022-06-13T02:54:03.842+0000][1][safepoint    ] Application time: 0.9453944 seconds
[2022-06-13T02:54:03.843+0000][1][safepoint    ] Entering safepoint region: RevokeBias
[2022-06-13T02:54:03.843+0000][1][safepoint    ] Leaving safepoint region
[2022-06-13T02:54:03.843+0000][1][safepoint    ] Total time for which application threads were stopped: 0.0002918 seconds, Stopping threads took: 0.0001411 seconds
[2022-06-13T02:54:03.843+0000][1][safepoint    ] Application time: 0.0002960 seconds
[2022-06-13T02:54:03.844+0000][1][safepoint    ] Entering safepoint region: RevokeBias
[2022-06-13T02:54:03.844+0000][1][safepoint    ] Leaving safepoint region
[2022-06-13T02:54:03.844+0000][1][safepoint    ] Total time for which application threads were stopped: 0.0003147 seconds, Stopping threads took: 0.0001308 seconds
[2022-06-13T02:54:03.844+0000][1][safepoint    ] Application time: 0.0001037 seconds
[2022-06-13T02:54:03.844+0000][1][safepoint    ] Entering safepoint region: RevokeBias
[2022-06-13T02:54:03.844+0000][1][safepoint    ] Leaving safepoint region
[2022-06-13T02:54:03.844+0000][1][safepoint    ] Total time for which application threads were stopped: 0.0002372 seconds, Stopping threads took: 0.0001107 seconds
[2022-06-13T02:54:03.845+0000][1][safepoint    ] Application time: 0.0000972 seconds
[2022-06-13T02:54:03.845+0000][1][safepoint    ] Entering safepoint region: RevokeBias
[2022-06-13T02:54:03.845+0000][1][safepoint    ] Leaving safepoint region
[2022-06-13T02:54:03.845+0000][1][safepoint    ] Total time for which application threads were stopped: 0.0003106 seconds, Stopping threads took: 0.0001565 seconds
[2022-06-13T02:54:03.845+0000][1][safepoint    ] Application time: 0.0000755 seconds
[2022-06-13T02:54:03.846+0000][1][safepoint    ] Entering safepoint region: RevokeBias
[2022-06-13T02:54:03.846+0000][1][safepoint    ] Leaving safepoint region
[2022-06-13T02:54:03.846+0000][1][safepoint    ] Total time for which application threads were stopped: 0.0002626 seconds, Stopping threads took: 0.0001577 seconds
[2022-06-13T02:54:03.846+0000][1][safepoint    ] Application time: 0.0001277 seconds
[2022-06-13T02:54:03.846+0000][1][safepoint    ] Entering safepoint region: RevokeBias
[2022-06-13T02:54:03.846+0000][1][safepoint    ] Leaving safepoint region
[2022-06-13T02:54:03.846+0000][1][safepoint    ] Total time for which application threads were stopped: 0.0003373 seconds, Stopping threads took: 0.0001715 seconds
[2022-06-13T02:54:03.847+0000][1][safepoint    ] Application time: 0.0000735 seconds
[2022-06-13T02:54:03.847+0000][1][safepoint    ] Entering safepoint region: RevokeBias
[2022-06-13T02:54:03.847+0000][1][safepoint    ] Leaving safepoint region
[2022-06-13T02:54:03.847+0000][1][safepoint    ] Total time for which application threads were stopped: 0.0002811 seconds, Stopping threads took: 0.0001224 seconds
[2022-06-13T02:54:03.847+0000][1][safepoint    ] Application time: 0.0000807 seconds
[2022-06-13T02:54:03.847+0000][1][safepoint    ] Entering safepoint region: RevokeBias
[2022-06-13T02:54:03.847+0000][1][safepoint    ] Leaving safepoint region
[2022-06-13T02:54:03.848+0000][1][safepoint    ] Total time for which application threads were stopped: 0.0002253 seconds, Stopping threads took: 0.0001031 seconds
[2022-06-13T02:54:04.848+0000][1][safepoint    ] Application time: 1.0001916 seconds
[2022-06-13T02:54:04.849+0000][1][safepoint    ] Entering safepoint region: Cleanup
[2022-06-13T02:54:04.849+0000][1][safepoint    ] Leaving safepoint region
[2022-06-13T02:54:04.850+0000][1][safepoint    ] Total time for which application threads were stopped: 0.0011244 seconds, Stopping threads took: 0.0005047 seconds
[2022-06-13T02:54:06.843+0000][1][safepoint    ] Application time: 1.9924316 seconds
[2022-06-13T02:54:06.843+0000][1][safepoint    ] Entering safepoint region: RevokeBias
[2022-06-13T02:54:06.844+0000][1][safepoint    ] Leaving safepoint region
[2022-06-13T02:54:06.844+0000][1][safepoint    ] Total time for which application threads were stopped: 0.0009078 seconds, Stopping threads took: 0.0006198 seconds
[2022-06-13T02:54:07.845+0000][1][safepoint    ] Application time: 1.0009023 seconds
[2022-06-13T02:54:07.845+0000][1][safepoint    ] Entering safepoint region: RevokeBias
[2022-06-13T02:54:07.846+0000][1][safepoint    ] Leaving safepoint region
[2022-06-13T02:54:07.846+0000][1][safepoint    ] Total time for which application threads were stopped: 0.0008160 seconds, Stopping threads took: 0.0004597 seconds
[2022-06-13T02:54:07.847+0000][1][safepoint    ] Application time: 0.0002700 seconds
[2022-06-13T02:54:07.847+0000][1][safepoint    ] Entering safepoint region: RevokeBias
[2022-06-13T02:54:07.847+0000][1][safepoint    ] Leaving safepoint region
[2022-06-13T02:54:07.847+0000][1][safepoint    ] Total time for which application threads were stopped: 0.0003403 seconds, Stopping threads took: 0.0001507 seconds
[2022-06-13T02:54:07.848+0000][1][safepoint    ] Application time: 0.0001720 seconds
[2022-06-13T02:54:07.848+0000][1][safepoint    ] Entering safepoint region: RevokeBias
[2022-06-13T02:54:07.848+0000][1][safepoint    ] Leaving safepoint region
[2022-06-13T02:54:07.848+0000][1][safepoint    ] Total time for which application threads were stopped: 0.0003874 seconds, Stopping threads took: 0.0002183 seconds
[2022-06-13T02:54:07.849+0000][1][safepoint    ] Application time: 0.0001785 seconds
[2022-06-13T02:54:07.849+0000][1][safepoint    ] Entering safepoint region: RevokeBias
[2022-06-13T02:54:07.849+0000][1][safepoint    ] Leaving safepoint region
[2022-06-13T02:54:07.849+0000][1][safepoint    ] Total time for which application threads were stopped: 0.0002679 seconds, Stopping threads took: 0.0000990 seconds
[2022-06-13T02:54:07.849+0000][1][safepoint    ] Application time: 0.0001026 seconds
[2022-06-13T02:54:07.849+0000][1][safepoint    ] Entering safepoint region: RevokeBias
[2022-06-13T02:54:07.850+0000][1][safepoint    ] Leaving safepoint region
[2022-06-13T02:54:07.850+0000][1][safepoint    ] Total time for which application threads were stopped: 0.0004896 seconds, Stopping threads took: 0.0001418 seconds
[2022-06-13T02:54:07.850+0000][1][safepoint    ] Application time: 0.0000371 seconds
[2022-06-13T02:54:07.850+0000][1][safepoint    ] Entering safepoint region: RevokeBias
[2022-06-13T02:54:07.850+0000][1][safepoint    ] Leaving safepoint region
[2022-06-13T02:54:07.850+0000][1][safepoint    ] Total time for which application threads were stopped: 0.0002891 seconds, Stopping threads took: 0.0001405 seconds
[2022-06-13T02:54:07.851+0000][1][safepoint    ] Application time: 0.0000716 seconds
[2022-06-13T02:54:07.851+0000][1][safepoint    ] Entering safepoint region: RevokeBias
[2022-06-13T02:54:07.851+0000][1][safepoint    ] Leaving safepoint region
[2022-06-13T02:54:07.851+0000][1][safepoint    ] Total time for which application threads were stopped: 0.0003912 seconds, Stopping threads took: 0.0001565 seconds
[2022-06-13T02:54:07.852+0000][1][safepoint    ] Application time: 0.0002437 seconds
[2022-06-13T02:54:07.852+0000][1][safepoint    ] Entering safepoint region: RevokeBias
[2022-06-13T02:54:07.852+0000][1][safepoint    ] Leaving safepoint region
[2022-06-13T02:54:07.852+0000][1][safepoint    ] Total time for which application threads were stopped: 0.0004983 seconds, Stopping threads took: 0.0001492 seconds
[2022-06-13T02:54:08.139+0000][1][safepoint    ] Application time: 0.2865397 seconds
[2022-06-13T02:54:08.139+0000][1][safepoint    ] Entering safepoint region: RevokeBias
[2022-06-13T02:54:08.140+0000][1][safepoint    ] Leaving safepoint region
[2022-06-13T02:54:08.140+0000][1][safepoint    ] Total time for which application threads were stopped: 0.0007365 seconds, Stopping threads took: 0.0003558 seconds
[2022-06-13T02:54:08.141+0000][1][safepoint    ] Application time: 0.0002084 seconds
[2022-06-13T02:54:08.141+0000][1][safepoint    ] Entering safepoint region: RevokeBias
[2022-06-13T02:54:08.141+0000][1][safepoint    ] Leaving safepoint region
[2022-06-13T02:54:08.142+0000][1][safepoint    ] Total time for which application threads were stopped: 0.0004395 seconds, Stopping threads took: 0.0002802 seconds
[2022-06-13T02:54:09.142+0000][1][safepoint    ] Application time: 1.0003200 seconds
[2022-06-13T02:54:09.143+0000][1][safepoint    ] Entering safepoint region: Cleanup
[2022-06-13T02:54:09.143+0000][1][safepoint    ] Leaving safepoint region
[2022-06-13T02:54:09.144+0000][1][safepoint    ] Total time for which application threads were stopped: 0.0010418 seconds, Stopping threads took: 0.0005380 seconds
[2022-06-13T02:54:10.144+0000][1][safepoint    ] Application time: 1.0003159 seconds
[2022-06-13T02:54:10.145+0000][1][safepoint    ] Entering safepoint region: Cleanup
[2022-06-13T02:54:10.146+0000][1][safepoint    ] Leaving safepoint region
[2022-06-13T02:54:10.147+0000][1][safepoint    ] Total time for which application threads were stopped: 0.0012674 seconds, Stopping threads took: 0.0006112 seconds
[2022-06-13T02:54:10.845+0000][1][safepoint    ] Application time: 0.6978334 seconds
[2022-06-13T02:54:10.846+0000][1][safepoint    ] Entering safepoint region: RevokeBias
[2022-06-13T02:54:10.846+0000][1][safepoint    ] Leaving safepoint region
[2022-06-13T02:54:10.846+0000][1][safepoint    ] Total time for which application threads were stopped: 0.0008454 seconds, Stopping threads took: 0.0004588 seconds
[2022-06-13T02:54:10.847+0000][1][safepoint    ] Application time: 0.0002404 seconds
[2022-06-13T02:54:10.847+0000][1][safepoint    ] Entering safepoint region: RevokeBias
[2022-06-13T02:54:10.848+0000][1][safepoint    ] Leaving safepoint region
[2022-06-13T02:54:10.848+0000][1][safepoint    ] Total time for which application threads were stopped: 0.0007283 seconds, Stopping threads took: 0.0003738 seconds
[2022-06-13T02:54:11.847+0000][1][safepoint    ] Application time: 0.9988349 seconds
[2022-06-13T02:54:11.847+0000][1][safepoint    ] Entering safepoint region: RevokeBias
[2022-06-13T02:54:11.848+0000][1][safepoint    ] Leaving safepoint region
[2022-06-13T02:54:11.848+0000][1][safepoint    ] Total time for which application threads were stopped: 0.0006335 seconds, Stopping threads took: 0.0002822 seconds
[2022-06-13T02:54:11.849+0000][1][safepoint    ] Application time: 0.0002661 seconds
[2022-06-13T02:54:11.849+0000][1][safepoint    ] Entering safepoint region: RevokeBias
[2022-06-13T02:54:11.849+0000][1][safepoint    ] Leaving safepoint region
[2022-06-13T02:54:11.849+0000][1][safepoint    ] Total time for which application threads were stopped: 0.0006259 seconds, Stopping threads took: 0.0002909 seconds
[2022-06-13T02:54:11.850+0000][1][safepoint    ] Application time: 0.0003328 seconds
[2022-06-13T02:54:11.850+0000][1][safepoint    ] Entering safepoint region: RevokeBias
[2022-06-13T02:54:11.850+0000][1][safepoint    ] Leaving safepoint region
[2022-06-13T02:54:11.850+0000][1][safepoint    ] Total time for which application threads were stopped: 0.0004387 seconds, Stopping threads took: 0.0002137 seconds
[2022-06-13T02:54:11.851+0000][1][safepoint    ] Application time: 0.0001141 seconds
[2022-06-13T02:54:11.851+0000][1][safepoint    ] Entering safepoint region: RevokeBias
[2022-06-13T02:54:11.851+0000][1][safepoint    ] Leaving safepoint region
[2022-06-13T02:54:11.851+0000][1][safepoint    ] Total time for which application threads were stopped: 0.0004565 seconds, Stopping threads took: 0.0001231 seconds
[2022-06-13T02:54:11.852+0000][1][safepoint    ] Application time: 0.0002313 seconds
[2022-06-13T02:54:11.852+0000][1][safepoint    ] Entering safepoint region: RevokeBias
[2022-06-13T02:54:11.853+0000][1][safepoint    ] Leaving safepoint region
[2022-06-13T02:54:11.853+0000][1][safepoint    ] Total time for which application threads were stopped: 0.0007536 seconds, Stopping threads took: 0.0005227 seconds
[2022-06-13T02:54:11.853+0000][1][safepoint    ] Application time: 0.0001659 seconds
[2022-06-13T02:54:11.853+0000][1][safepoint    ] Entering safepoint region: RevokeBias
[2022-06-13T02:54:11.854+0000][1][safepoint    ] Leaving safepoint region
[2022-06-13T02:54:11.854+0000][1][safepoint    ] Total time for which application threads were stopped: 0.0006160 seconds, Stopping threads took: 0.0001449 seconds
[2022-06-13T02:54:11.854+0000][1][safepoint    ] Application time: 0.0002001 seconds
[2022-06-13T02:54:11.855+0000][1][safepoint    ] Entering safepoint region: RevokeBias
[2022-06-13T02:54:11.855+0000][1][safepoint    ] Leaving safepoint region
[2022-06-13T02:54:11.856+0000][1][safepoint    ] Total time for which application threads were stopped: 0.0009778 seconds, Stopping threads took: 0.0006327 seconds
[2022-06-13T02:54:12.858+0000][1][safepoint    ] Application time: 1.0022689 seconds
[2022-06-13T02:54:12.859+0000][1][safepoint    ] Entering safepoint region: Cleanup
[2022-06-13T02:54:12.859+0000][1][safepoint    ] Leaving safepoint region
[2022-06-13T02:54:12.860+0000][1][safepoint    ] Total time for which application threads were stopped: 0.0009842 seconds, Stopping threads took: 0.0004545 seconds
[2022-06-13T02:54:13.861+0000][1][safepoint    ] Application time: 1.0002230 seconds
[2022-06-13T02:54:13.861+0000][1][safepoint    ] Entering safepoint region: Cleanup
[2022-06-13T02:54:13.861+0000][1][safepoint    ] Leaving safepoint region
[2022-06-13T02:54:13.862+0000][1][safepoint    ] Total time for which application threads were stopped: 0.0007190 seconds, Stopping threads took: 0.0002887 seconds
[2022-06-13T02:54:14.846+0000][1][safepoint    ] Application time: 0.9842460 seconds
[2022-06-13T02:54:14.847+0000][1][safepoint    ] Entering safepoint region: RevokeBias
[2022-06-13T02:54:14.847+0000][1][safepoint    ] Leaving safepoint region
[2022-06-13T02:54:14.847+0000][1][safepoint    ] Total time for which application threads were stopped: 0.0008119 seconds, Stopping threads took: 0.0003949 seconds
[2022-06-13T02:54:14.848+0000][1][safepoint    ] Application time: 0.0005485 seconds
[2022-06-13T02:54:14.849+0000][1][safepoint    ] Entering safepoint region: RevokeBias
[2022-06-13T02:54:14.849+0000][1][safepoint    ] Leaving safepoint region
[2022-06-13T02:54:14.849+0000][1][safepoint    ] Total time for which application threads were stopped: 0.0008155 seconds, Stopping threads took: 0.0003548 seconds
[2022-06-13T02:54:15.849+0000][1][safepoint    ] Application time: 0.9989910 seconds
[2022-06-13T02:54:15.849+0000][1][safepoint    ] Entering safepoint region: RevokeBias
[2022-06-13T02:54:15.851+0000][1][safepoint    ] Leaving safepoint region
[2022-06-13T02:54:15.851+0000][1][safepoint    ] Total time for which application threads were stopped: 0.0014104 seconds, Stopping threads took: 0.0005091 seconds
[2022-06-13T02:54:15.852+0000][1][safepoint    ] Application time: 0.0005324 seconds
[2022-06-13T02:54:15.852+0000][1][safepoint    ] Entering safepoint region: RevokeBias
[2022-06-13T02:54:15.853+0000][1][safepoint    ] Leaving safepoint region
[2022-06-13T02:54:15.853+0000][1][safepoint    ] Total time for which application threads were stopped: 0.0007987 seconds, Stopping threads took: 0.0002360 seconds
[2022-06-13T02:54:15.853+0000][1][safepoint    ] Application time: 0.0001462 seconds
[2022-06-13T02:54:15.854+0000][1][safepoint    ] Entering safepoint region: RevokeBias
[2022-06-13T02:54:15.854+0000][1][safepoint    ] Leaving safepoint region
[2022-06-13T02:54:15.854+0000][1][safepoint    ] Total time for which application threads were stopped: 0.0007765 seconds, Stopping threads took: 0.0004262 seconds
[2022-06-13T02:54:15.855+0000][1][safepoint    ] Application time: 0.0002270 seconds
[2022-06-13T02:54:15.855+0000][1][safepoint    ] Entering safepoint region: RevokeBias
[2022-06-13T02:54:15.856+0000][1][safepoint    ] Leaving safepoint region
[2022-06-13T02:54:15.856+0000][1][safepoint    ] Total time for which application threads were stopped: 0.0005768 seconds, Stopping threads took: 0.0002911 seconds
[2022-06-13T02:54:15.856+0000][1][safepoint    ] Application time: 0.0002830 seconds
[2022-06-13T02:54:15.857+0000][1][safepoint    ] Entering safepoint region: RevokeBias
[2022-06-13T02:54:15.857+0000][1][safepoint    ] Leaving safepoint region
[2022-06-13T02:54:15.857+0000][1][safepoint    ] Total time for which application threads were stopped: 0.0005099 seconds, Stopping threads took: 0.0002257 seconds
[2022-06-13T02:54:15.857+0000][1][safepoint    ] Application time: 0.0002021 seconds
[2022-06-13T02:54:15.858+0000][1][safepoint    ] Entering safepoint region: BulkRevokeBias
[2022-06-13T02:54:15.858+0000][1][safepoint    ] Leaving safepoint region
[2022-06-13T02:54:15.858+0000][1][safepoint    ] Total time for which application threads were stopped: 0.0005736 seconds, Stopping threads took: 0.0001305 seconds
[2022-06-13T02:54:16.859+0000][1][safepoint    ] Application time: 1.0001446 seconds
[2022-06-13T02:54:16.859+0000][1][safepoint    ] Entering safepoint region: Cleanup
[2022-06-13T02:54:16.860+0000][1][safepoint    ] Leaving safepoint region
[2022-06-13T02:54:16.860+0000][1][safepoint    ] Total time for which application threads were stopped: 0.0008197 seconds, Stopping threads took: 0.0003954 seconds
[2022-06-13T02:54:17.861+0000][1][safepoint    ] Application time: 1.0002492 seconds
[2022-06-13T02:54:17.861+0000][1][safepoint    ] Entering safepoint region: Cleanup
[2022-06-13T02:54:17.862+0000][1][safepoint    ] Leaving safepoint region
[2022-06-13T02:54:17.862+0000][1][safepoint    ] Total time for which application threads were stopped: 0.0008652 seconds, Stopping threads took: 0.0005179 seconds
[2022-06-13T02:54:18.849+0000][1][safepoint    ] Application time: 0.9862849 seconds
[2022-06-13T02:54:18.849+0000][1][safepoint    ] Entering safepoint region: RevokeBias
[2022-06-13T02:54:18.850+0000][1][safepoint    ] Leaving safepoint region
[2022-06-13T02:54:18.850+0000][1][safepoint    ] Total time for which application threads were stopped: 0.0008830 seconds, Stopping threads took: 0.0003007 seconds
[2022-06-13T02:54:18.851+0000][1][safepoint    ] Application time: 0.0004072 seconds
[2022-06-13T02:54:18.851+0000][1][safepoint    ] Entering safepoint region: RevokeBias
[2022-06-13T02:54:18.853+0000][1][safepoint    ] Leaving safepoint region
[2022-06-13T02:54:18.853+0000][1][safepoint    ] Total time for which application threads were stopped: 0.0018819 seconds, Stopping threads took: 0.0005646 seconds
[2022-06-13T02:54:19.851+0000][1][safepoint    ] Application time: 0.9977465 seconds
[2022-06-13T02:54:19.852+0000][1][safepoint    ] Entering safepoint region: RevokeBias
[2022-06-13T02:54:19.852+0000][1][safepoint    ] Leaving safepoint region
[2022-06-13T02:54:19.853+0000][1][safepoint    ] Total time for which application threads were stopped: 0.0007062 seconds, Stopping threads took: 0.0003698 seconds
[2022-06-13T02:54:19.853+0000][1][safepoint    ] Application time: 0.0003382 seconds
[2022-06-13T02:54:19.854+0000][1][safepoint    ] Entering safepoint region: RevokeBias
[2022-06-13T02:54:19.854+0000][1][safepoint    ] Leaving safepoint region
[2022-06-13T02:54:19.855+0000][1][safepoint    ] Total time for which application threads were stopped: 0.0008423 seconds, Stopping threads took: 0.0003534 seconds
[2022-06-13T02:54:19.855+0000][1][safepoint    ] Application time: 0.0005390 seconds
[2022-06-13T02:54:19.856+0000][1][safepoint    ] Entering safepoint region: RevokeBias
[2022-06-13T02:54:19.856+0000][1][safepoint    ] Leaving safepoint region
[2022-06-13T02:54:19.856+0000][1][safepoint    ] Total time for which application threads were stopped: 0.0003985 seconds, Stopping threads took: 0.0002139 seconds
[2022-06-13T02:54:20.856+0000][1][safepoint    ] Application time: 1.0001893 seconds
[2022-06-13T02:54:20.857+0000][1][safepoint    ] Entering safepoint region: Cleanup
[2022-06-13T02:54:20.857+0000][1][safepoint    ] Leaving safepoint region
[2022-06-13T02:54:20.858+0000][1][safepoint    ] Total time for which application threads were stopped: 0.0006607 seconds, Stopping threads took: 0.0003089 seconds
[2022-06-13T02:54:21.858+0000][1][safepoint    ] Application time: 1.0001871 seconds
[2022-06-13T02:54:21.859+0000][1][safepoint    ] Entering safepoint region: Cleanup
[2022-06-13T02:54:21.859+0000][1][safepoint    ] Leaving safepoint region
[2022-06-13T02:54:21.859+0000][1][safepoint    ] Total time for which application threads were stopped: 0.0006275 seconds, Stopping threads took: 0.0002806 seconds
[2022-06-13T02:54:22.851+0000][1][safepoint    ] Application time: 0.9912218 seconds
[2022-06-13T02:54:22.851+0000][1][safepoint    ] Entering safepoint region: RevokeBias
[2022-06-13T02:54:22.852+0000][1][safepoint    ] Leaving safepoint region
[2022-06-13T02:54:22.852+0000][1][safepoint    ] Total time for which application threads were stopped: 0.0006819 seconds, Stopping threads took: 0.0003788 seconds
[2022-06-13T02:54:22.853+0000][1][safepoint    ] Application time: 0.0007109 seconds
[2022-06-13T02:54:22.853+0000][1][safepoint    ] Entering safepoint region: RevokeBias
[2022-06-13T02:54:22.854+0000][1][safepoint    ] Leaving safepoint region
[2022-06-13T02:54:22.854+0000][1][safepoint    ] Total time for which application threads were stopped: 0.0004484 seconds, Stopping threads took: 0.0001634 seconds
[2022-06-13T02:54:23.852+0000][1][safepoint    ] Application time: 0.9976399 seconds
[2022-06-13T02:54:23.852+0000][1][safepoint    ] Entering safepoint region: RevokeBias
[2022-06-13T02:54:23.852+0000][1][safepoint    ] Leaving safepoint region
[2022-06-13T02:54:23.853+0000][1][safepoint    ] Total time for which application threads were stopped: 0.0006911 seconds, Stopping threads took: 0.0003212 seconds
[2022-06-13T02:54:23.853+0000][1][safepoint    ] Application time: 0.0003605 seconds
[2022-06-13T02:54:23.853+0000][1][safepoint    ] Entering safepoint region: RevokeBias
[2022-06-13T02:54:23.854+0000][1][safepoint    ] Leaving safepoint region
[2022-06-13T02:54:23.854+0000][1][safepoint    ] Total time for which application threads were stopped: 0.0006864 seconds, Stopping threads took: 0.0003555 seconds
[2022-06-13T02:54:23.855+0000][1][safepoint    ] Application time: 0.0004748 seconds
[2022-06-13T02:54:23.855+0000][1][safepoint    ] Entering safepoint region: RevokeBias
[2022-06-13T02:54:23.855+0000][1][safepoint    ] Leaving safepoint region
[2022-06-13T02:54:23.856+0000][1][safepoint    ] Total time for which application threads were stopped: 0.0006145 seconds, Stopping threads took: 0.0001685 seconds
[2022-06-13T02:54:24.856+0000][1][safepoint    ] Application time: 1.0002165 seconds
[2022-06-13T02:54:24.857+0000][1][safepoint    ] Entering safepoint region: Cleanup
[2022-06-13T02:54:24.857+0000][1][safepoint    ] Leaving safepoint region
[2022-06-13T02:54:24.858+0000][1][safepoint    ] Total time for which application threads were stopped: 0.0010507 seconds, Stopping threads took: 0.0005809 seconds
[2022-06-13T02:54:25.858+0000][1][safepoint    ] Application time: 1.0003164 seconds
[2022-06-13T02:54:25.859+0000][1][safepoint    ] Entering safepoint region: Cleanup
[2022-06-13T02:54:25.859+0000][1][safepoint    ] Leaving safepoint region
[2022-06-13T02:54:25.859+0000][1][safepoint    ] Total time for which application threads were stopped: 0.0007431 seconds, Stopping threads took: 0.0002629 seconds
[2022-06-13T02:54:26.851+0000][1][safepoint    ] Application time: 0.9918024 seconds
[2022-06-13T02:54:26.852+0000][1][safepoint    ] Entering safepoint region: RevokeBias
[2022-06-13T02:54:26.853+0000][1][safepoint    ] Leaving safepoint region
[2022-06-13T02:54:26.853+0000][1][safepoint    ] Total time for which application threads were stopped: 0.0009446 seconds, Stopping threads took: 0.0004889 seconds
[2022-06-13T02:54:26.854+0000][1][safepoint    ] Application time: 0.0002750 seconds
[2022-06-13T02:54:26.854+0000][1][safepoint    ] Entering safepoint region: RevokeBias
[2022-06-13T02:54:26.855+0000][1][safepoint    ] Leaving safepoint region
[2022-06-13T02:54:26.855+0000][1][safepoint    ] Total time for which application threads were stopped: 0.0007199 seconds, Stopping threads took: 0.0002981 seconds
[2022-06-13T02:54:27.853+0000][1][safepoint    ] Application time: 0.9974519 seconds
[2022-06-13T02:54:27.853+0000][1][safepoint    ] Entering safepoint region: RevokeBias
[2022-06-13T02:54:27.854+0000][1][safepoint    ] Leaving safepoint region
[2022-06-13T02:54:27.854+0000][1][safepoint    ] Total time for which application threads were stopped: 0.0009283 seconds, Stopping threads took: 0.0004902 seconds
[2022-06-13T02:54:27.855+0000][1][safepoint    ] Application time: 0.0003652 seconds
[2022-06-13T02:54:27.855+0000][1][safepoint    ] Entering safepoint region: RevokeBias
[2022-06-13T02:54:27.856+0000][1][safepoint    ] Leaving safepoint region
[2022-06-13T02:54:27.856+0000][1][safepoint    ] Total time for which application threads were stopped: 0.0009348 seconds, Stopping threads took: 0.0005981 seconds
[2022-06-13T02:54:27.857+0000][1][safepoint    ] Application time: 0.0005538 seconds
[2022-06-13T02:54:27.857+0000][1][safepoint    ] Entering safepoint region: RevokeBias
[2022-06-13T02:54:27.858+0000][1][safepoint    ] Leaving safepoint region
[2022-06-13T02:54:27.858+0000][1][safepoint    ] Total time for which application threads were stopped: 0.0007856 seconds, Stopping threads took: 0.0003793 seconds
[2022-06-13T02:54:27.859+0000][1][safepoint    ] Application time: 0.0003601 seconds
[2022-06-13T02:54:27.859+0000][1][safepoint    ] Entering safepoint region: RevokeBias
[2022-06-13T02:54:27.859+0000][1][safepoint    ] Leaving safepoint region
[2022-06-13T02:54:27.860+0000][1][safepoint    ] Total time for which application threads were stopped: 0.0006615 seconds, Stopping threads took: 0.0002443 seconds
[2022-06-13T02:54:28.860+0000][1][safepoint    ] Application time: 1.0002205 seconds
[2022-06-13T02:54:28.861+0000][1][safepoint    ] Entering safepoint region: Cleanup
[2022-06-13T02:54:28.861+0000][1][safepoint    ] Leaving safepoint region
[2022-06-13T02:54:28.861+0000][1][safepoint    ] Total time for which application threads were stopped: 0.0007266 seconds, Stopping threads took: 0.0003967 seconds
[2022-06-13T02:54:29.862+0000][1][safepoint    ] Application time: 1.0001059 seconds
[2022-06-13T02:54:29.862+0000][1][safepoint    ] Entering safepoint region: Cleanup
[2022-06-13T02:54:29.862+0000][1][safepoint    ] Leaving safepoint region
[2022-06-13T02:54:29.863+0000][1][safepoint    ] Total time for which application threads were stopped: 0.0005903 seconds, Stopping threads took: 0.0002382 seconds
[2022-06-13T02:54:29.870+0000][1][safepoint    ] Application time: 0.0068704 seconds
[2022-06-13T02:54:29.870+0000][1][safepoint    ] Entering safepoint region: RevokeBias
[2022-06-13T02:54:29.870+0000][1][safepoint    ] Leaving safepoint region
[2022-06-13T02:54:29.871+0000][1][safepoint    ] Total time for which application threads were stopped: 0.0006478 seconds, Stopping threads took: 0.0002322 seconds
[2022-06-13T02:54:29.871+0000][1][safepoint    ] Application time: 0.0002204 seconds
[2022-06-13T02:54:29.871+0000][1][safepoint    ] Entering safepoint region: RevokeBias
[2022-06-13T02:54:29.872+0000][1][safepoint    ] Leaving safepoint region
[2022-06-13T02:54:29.872+0000][1][safepoint    ] Total time for which application threads were stopped: 0.0006155 seconds, Stopping threads took: 0.0002708 seconds
[2022-06-13T02:54:29.874+0000][1][safepoint    ] Application time: 0.0014876 seconds
[2022-06-13T02:54:29.874+0000][1][safepoint    ] Entering safepoint region: RevokeBias
[2022-06-13T02:54:29.874+0000][1][safepoint    ] Leaving safepoint region
[2022-06-13T02:54:29.875+0000][1][safepoint    ] Total time for which application threads were stopped: 0.0007401 seconds, Stopping threads took: 0.0003452 seconds
[2022-06-13T02:54:29.875+0000][1][safepoint    ] Application time: 0.0002729 seconds
[2022-06-13T02:54:29.876+0000][1][safepoint    ] Entering safepoint region: RevokeBias
[2022-06-13T02:54:29.876+0000][1][safepoint    ] Leaving safepoint region
[2022-06-13T02:54:29.876+0000][1][safepoint    ] Total time for which application threads were stopped: 0.0005313 seconds, Stopping threads took: 0.0003256 seconds
[2022-06-13T02:54:30.853+0000][1][safepoint    ] Application time: 0.9766072 seconds
[2022-06-13T02:54:30.854+0000][1][safepoint    ] Entering safepoint region: RevokeBias
[2022-06-13T02:54:30.854+0000][1][safepoint    ] Leaving safepoint region
[2022-06-13T02:54:30.855+0000][1][safepoint    ] Total time for which application threads were stopped: 0.0011018 seconds, Stopping threads took: 0.0005563 seconds
[2022-06-13T02:54:30.855+0000][1][safepoint    ] Application time: 0.0000809 seconds
[2022-06-13T02:54:30.855+0000][1][safepoint    ] Entering safepoint region: RevokeBias
[2022-06-13T02:54:30.856+0000][1][safepoint    ] Leaving safepoint region
[2022-06-13T02:54:30.856+0000][1][safepoint    ] Total time for which application threads were stopped: 0.0008522 seconds, Stopping threads took: 0.0004539 seconds
[2022-06-13T02:54:31.854+0000][1][safepoint    ] Application time: 0.9975629 seconds
[2022-06-13T02:54:31.854+0000][1][safepoint    ] Entering safepoint region: RevokeBias
[2022-06-13T02:54:31.855+0000][1][safepoint    ] Leaving safepoint region
[2022-06-13T02:54:31.855+0000][1][safepoint    ] Total time for which application threads were stopped: 0.0010677 seconds, Stopping threads took: 0.0003116 seconds
[2022-06-13T02:54:31.856+0000][1][safepoint    ] Application time: 0.0003962 seconds
[2022-06-13T02:54:31.856+0000][1][safepoint    ] Entering safepoint region: RevokeBias
[2022-06-13T02:54:31.857+0000][1][safepoint    ] Leaving safepoint region
[2022-06-13T02:54:31.857+0000][1][safepoint    ] Total time for which application threads were stopped: 0.0006740 seconds, Stopping threads took: 0.0001265 seconds
[2022-06-13T02:54:31.858+0000][1][safepoint    ] Application time: 0.0004542 seconds
[2022-06-13T02:54:31.858+0000][1][safepoint    ] Entering safepoint region: RevokeBias
[2022-06-13T02:54:31.859+0000][1][safepoint    ] Leaving safepoint region
[2022-06-13T02:54:31.859+0000][1][safepoint    ] Total time for which application threads were stopped: 0.0008412 seconds, Stopping threads took: 0.0003859 seconds
[2022-06-13T02:54:32.860+0000][1][safepoint    ] Application time: 1.0003111 seconds
[2022-06-13T02:54:32.860+0000][1][safepoint    ] Entering safepoint region: Cleanup
[2022-06-13T02:54:32.860+0000][1][safepoint    ] Leaving safepoint region
[2022-06-13T02:54:32.861+0000][1][safepoint    ] Total time for which application threads were stopped: 0.0007378 seconds, Stopping threads took: 0.0003518 seconds
[2022-06-13T02:54:33.861+0000][1][safepoint    ] Application time: 1.0001485 seconds
[2022-06-13T02:54:33.862+0000][1][safepoint    ] Entering safepoint region: Cleanup
[2022-06-13T02:54:33.862+0000][1][safepoint    ] Leaving safepoint region
[2022-06-13T02:54:33.862+0000][1][safepoint    ] Total time for which application threads were stopped: 0.0006045 seconds, Stopping threads took: 0.0002242 seconds
[2022-06-13T02:54:34.855+0000][1][safepoint    ] Application time: 0.9924713 seconds
[2022-06-13T02:54:34.856+0000][1][safepoint    ] Entering safepoint region: RevokeBias
[2022-06-13T02:54:34.856+0000][1][safepoint    ] Leaving safepoint region
[2022-06-13T02:54:34.857+0000][1][safepoint    ] Total time for which application threads were stopped: 0.0011198 seconds, Stopping threads took: 0.0005417 seconds
[2022-06-13T02:54:34.859+0000][1][safepoint    ] Application time: 0.0023287 seconds
[2022-06-13T02:54:34.860+0000][1][safepoint    ] Entering safepoint region: RevokeBias
[2022-06-13T02:54:34.861+0000][1][safepoint    ] Leaving safepoint region
[2022-06-13T02:54:34.861+0000][1][safepoint    ] Total time for which application threads were stopped: 0.0016403 seconds, Stopping threads took: 0.0004652 seconds
[2022-06-13T02:54:35.862+0000][1][safepoint    ] Application time: 1.0004120 seconds
[2022-06-13T02:54:35.863+0000][1][safepoint    ] Entering safepoint region: Cleanup
[2022-06-13T02:54:35.863+0000][1][safepoint    ] Leaving safepoint region
[2022-06-13T02:54:35.864+0000][1][safepoint    ] Total time for which application threads were stopped: 0.0011537 seconds, Stopping threads took: 0.0005024 seconds
[2022-06-13T02:54:36.865+0000][1][safepoint    ] Application time: 1.0002153 seconds
[2022-06-13T02:54:36.865+0000][1][safepoint    ] Entering safepoint region: Cleanup
[2022-06-13T02:54:36.865+0000][1][safepoint    ] Leaving safepoint region
[2022-06-13T02:54:36.865+0000][1][safepoint    ] Total time for which application threads were stopped: 0.0004447 seconds, Stopping threads took: 0.0001915 seconds
[2022-06-13T02:54:37.860+0000][1][safepoint    ] Application time: 0.9942205 seconds
[2022-06-13T02:54:37.860+0000][1][safepoint    ] Entering safepoint region: RevokeBias
[2022-06-13T02:54:37.862+0000][1][safepoint    ] Leaving safepoint region
[2022-06-13T02:54:37.863+0000][1][safepoint    ] Total time for which application threads were stopped: 0.0021889 seconds, Stopping threads took: 0.0005575 seconds
[2022-06-13T02:54:38.863+0000][1][safepoint    ] Application time: 1.0001532 seconds
[2022-06-13T02:54:38.863+0000][1][safepoint    ] Entering safepoint region: Cleanup
[2022-06-13T02:54:38.864+0000][1][safepoint    ] Leaving safepoint region
[2022-06-13T02:54:38.864+0000][1][safepoint    ] Total time for which application threads were stopped: 0.0005226 seconds, Stopping threads took: 0.0001841 seconds
[2022-06-13T02:54:39.864+0000][1][safepoint    ] Application time: 1.0003288 seconds
[2022-06-13T02:54:39.865+0000][1][safepoint    ] Entering safepoint region: Cleanup
[2022-06-13T02:54:39.865+0000][1][safepoint    ] Leaving safepoint region
[2022-06-13T02:54:39.866+0000][1][safepoint    ] Total time for which application threads were stopped: 0.0008186 seconds, Stopping threads took: 0.0003480 seconds
[2022-06-13T02:54:40.867+0000][1][safepoint    ] Application time: 1.0001873 seconds
[2022-06-13T02:54:40.867+0000][1][safepoint    ] Entering safepoint region: Cleanup
[2022-06-13T02:54:40.867+0000][1][safepoint    ] Leaving safepoint region
[2022-06-13T02:54:40.867+0000][1][safepoint    ] Total time for which application threads were stopped: 0.0005367 seconds, Stopping threads took: 0.0002118 seconds
[2022-06-13T02:54:41.868+0000][1][safepoint    ] Application time: 1.0002076 seconds
[2022-06-13T02:54:41.869+0000][1][safepoint    ] Entering safepoint region: Cleanup
[2022-06-13T02:54:41.869+0000][1][safepoint    ] Leaving safepoint region
[2022-06-13T02:54:41.870+0000][1][safepoint    ] Total time for which application threads were stopped: 0.0011768 seconds, Stopping threads took: 0.0004802 seconds
[2022-06-13T02:54:42.870+0000][1][safepoint    ] Application time: 1.0001969 seconds
[2022-06-13T02:54:42.871+0000][1][safepoint    ] Entering safepoint region: Cleanup
[2022-06-13T02:54:42.871+0000][1][safepoint    ] Leaving safepoint region
[2022-06-13T02:54:42.871+0000][1][safepoint    ] Total time for which application threads were stopped: 0.0005321 seconds, Stopping threads took: 0.0002004 seconds
[2022-06-13T02:54:43.871+0000][1][safepoint    ] Application time: 1.0002442 seconds
[2022-06-13T02:54:43.872+0000][1][safepoint    ] Entering safepoint region: Cleanup
[2022-06-13T02:54:43.872+0000][1][safepoint    ] Leaving safepoint region
[2022-06-13T02:54:43.873+0000][1][safepoint    ] Total time for which application threads were stopped: 0.0005644 seconds, Stopping threads took: 0.0002274 seconds
[2022-06-13T02:54:44.873+0000][1][safepoint    ] Application time: 1.0001371 seconds
[2022-06-13T02:54:44.873+0000][1][safepoint    ] Entering safepoint region: Cleanup
[2022-06-13T02:54:44.873+0000][1][safepoint    ] Leaving safepoint region
[2022-06-13T02:54:44.874+0000][1][safepoint    ] Total time for which application threads were stopped: 0.0005218 seconds, Stopping threads took: 0.0002885 seconds
[2022-06-13T02:54:45.874+0000][1][safepoint    ] Application time: 1.0001058 seconds
[2022-06-13T02:54:45.874+0000][1][safepoint    ] Entering safepoint region: Cleanup
[2022-06-13T02:54:45.874+0000][1][safepoint    ] Leaving safepoint region
[2022-06-13T02:54:45.874+0000][1][safepoint    ] Total time for which application threads were stopped: 0.0002456 seconds, Stopping threads took: 0.0001091 seconds
[2022-06-13T02:54:46.875+0000][1][safepoint    ] Application time: 1.0000826 seconds
[2022-06-13T02:54:46.875+0000][1][safepoint    ] Entering safepoint region: Cleanup
[2022-06-13T02:54:46.875+0000][1][safepoint    ] Leaving safepoint region
[2022-06-13T02:54:46.875+0000][1][safepoint    ] Total time for which application threads were stopped: 0.0005405 seconds, Stopping threads took: 0.0002462 seconds
[2022-06-13T02:54:47.876+0000][1][safepoint    ] Application time: 1.0001306 seconds
[2022-06-13T02:54:47.876+0000][1][safepoint    ] Entering safepoint region: Cleanup
[2022-06-13T02:54:47.877+0000][1][safepoint    ] Leaving safepoint region
[2022-06-13T02:54:47.877+0000][1][safepoint    ] Total time for which application threads were stopped: 0.0007728 seconds, Stopping threads took: 0.0003474 seconds
[2022-06-13T02:54:48.878+0000][1][safepoint    ] Application time: 1.0002067 seconds
[2022-06-13T02:54:48.878+0000][1][safepoint    ] Entering safepoint region: Cleanup
[2022-06-13T02:54:48.879+0000][1][safepoint    ] Leaving safepoint region
[2022-06-13T02:54:48.879+0000][1][safepoint    ] Total time for which application threads were stopped: 0.0008004 seconds, Stopping threads took: 0.0004458 seconds
[2022-06-13T02:54:49.075+0000][1][safepoint    ] Application time: 0.1958337 seconds
[2022-06-13T02:54:49.076+0000][1][safepoint    ] Entering safepoint region: RevokeBias
[2022-06-13T02:54:49.076+0000][1][safepoint    ] Leaving safepoint region
[2022-06-13T02:54:49.076+0000][1][safepoint    ] Total time for which application threads were stopped: 0.0005304 seconds, Stopping threads took: 0.0002058 seconds
[2022-06-13T02:54:50.076+0000][1][safepoint    ] Application time: 1.0001494 seconds
[2022-06-13T02:54:50.077+0000][1][safepoint    ] Entering safepoint region: Cleanup
[2022-06-13T02:54:50.077+0000][1][safepoint    ] Leaving safepoint region
[2022-06-13T02:54:50.077+0000][1][safepoint    ] Total time for which application threads were stopped: 0.0004869 seconds, Stopping threads took: 0.0002027 seconds
[2022-06-13T02:54:53.078+0000][1][safepoint    ] Application time: 3.0004366 seconds
[2022-06-13T02:54:53.078+0000][1][safepoint    ] Entering safepoint region: Cleanup
[2022-06-13T02:54:53.079+0000][1][safepoint    ] Leaving safepoint region
[2022-06-13T02:54:53.079+0000][1][safepoint    ] Total time for which application threads were stopped: 0.0006851 seconds, Stopping threads took: 0.0003224 seconds
[2022-06-13T02:54:54.079+0000][1][safepoint    ] Application time: 1.0001263 seconds
[2022-06-13T02:54:54.079+0000][1][safepoint    ] Entering safepoint region: Cleanup
[2022-06-13T02:54:54.080+0000][1][safepoint    ] Leaving safepoint region
[2022-06-13T02:54:54.080+0000][1][safepoint    ] Total time for which application threads were stopped: 0.0005587 seconds, Stopping threads took: 0.0002483 seconds
[2022-06-13T02:54:55.080+0000][1][safepoint    ] Application time: 1.0001591 seconds
[2022-06-13T02:54:55.081+0000][1][safepoint    ] Entering safepoint region: Cleanup
[2022-06-13T02:54:55.081+0000][1][safepoint    ] Leaving safepoint region
[2022-06-13T02:54:55.082+0000][1][safepoint    ] Total time for which application threads were stopped: 0.0009434 seconds, Stopping threads took: 0.0005218 seconds
[2022-06-13T02:54:55.866+0000][1][safepoint    ] Application time: 0.7845452 seconds
[2022-06-13T02:54:55.867+0000][1][safepoint    ] Entering safepoint region: RevokeBias
[2022-06-13T02:54:55.868+0000][1][safepoint    ] Leaving safepoint region
[2022-06-13T02:54:55.868+0000][1][safepoint    ] Total time for which application threads were stopped: 0.0008883 seconds, Stopping threads took: 0.0004397 seconds
[2022-06-13T02:54:56.869+0000][1][safepoint    ] Application time: 1.0003427 seconds
[2022-06-13T02:54:56.869+0000][1][safepoint    ] Entering safepoint region: Cleanup
[2022-06-13T02:54:56.870+0000][1][safepoint    ] Leaving safepoint region
[2022-06-13T02:54:56.871+0000][1][safepoint    ] Total time for which application threads were stopped: 0.0012876 seconds, Stopping threads took: 0.0006037 seconds
[2022-06-13T02:54:57.872+0000][1][safepoint    ] Application time: 1.0003641 seconds
[2022-06-13T02:54:57.873+0000][1][safepoint    ] Entering safepoint region: Cleanup
[2022-06-13T02:54:57.873+0000][1][safepoint    ] Leaving safepoint region
[2022-06-13T02:54:57.874+0000][1][safepoint    ] Total time for which application threads were stopped: 0.0015199 seconds, Stopping threads took: 0.0007223 seconds
[2022-06-13T02:54:58.875+0000][1][safepoint    ] Application time: 1.0001732 seconds
[2022-06-13T02:54:58.875+0000][1][safepoint    ] Entering safepoint region: Cleanup
[2022-06-13T02:54:58.876+0000][1][safepoint    ] Leaving safepoint region
[2022-06-13T02:54:58.876+0000][1][safepoint    ] Total time for which application threads were stopped: 0.0008848 seconds, Stopping threads took: 0.0004058 seconds
[2022-06-13T02:54:59.877+0000][1][safepoint    ] Application time: 1.0001383 seconds
[2022-06-13T02:54:59.877+0000][1][safepoint    ] Entering safepoint region: Cleanup
[2022-06-13T02:54:59.878+0000][1][safepoint    ] Leaving safepoint region
[2022-06-13T02:54:59.878+0000][1][safepoint    ] Total time for which application threads were stopped: 0.0007322 seconds, Stopping threads took: 0.0003952 seconds
[2022-06-13T02:55:00.878+0000][1][safepoint    ] Application time: 1.0001634 seconds
[2022-06-13T02:55:00.879+0000][1][safepoint    ] Entering safepoint region: Cleanup
[2022-06-13T02:55:00.880+0000][1][safepoint    ] Leaving safepoint region
[2022-06-13T02:55:00.880+0000][1][safepoint    ] Total time for which application threads were stopped: 0.0012933 seconds, Stopping threads took: 0.0006057 seconds
[2022-06-13T02:55:01.881+0000][1][safepoint    ] Application time: 1.0001827 seconds
[2022-06-13T02:55:01.881+0000][1][safepoint    ] Entering safepoint region: Cleanup
[2022-06-13T02:55:01.881+0000][1][safepoint    ] Leaving safepoint region
[2022-06-13T02:55:01.882+0000][1][safepoint    ] Total time for which application threads were stopped: 0.0004685 seconds, Stopping threads took: 0.0001844 seconds
[2022-06-13T02:55:02.882+0000][1][safepoint    ] Application time: 1.0001138 seconds
[2022-06-13T02:55:02.882+0000][1][safepoint    ] Entering safepoint region: Cleanup
[2022-06-13T02:55:02.883+0000][1][safepoint    ] Leaving safepoint region
[2022-06-13T02:55:02.883+0000][1][safepoint    ] Total time for which application threads were stopped: 0.0006104 seconds, Stopping threads took: 0.0002707 seconds
[2022-06-13T02:55:03.883+0000][1][safepoint    ] Application time: 1.0003003 seconds
[2022-06-13T02:55:03.884+0000][1][safepoint    ] Entering safepoint region: Cleanup
[2022-06-13T02:55:03.885+0000][1][safepoint    ] Leaving safepoint region
[2022-06-13T02:55:03.885+0000][1][safepoint    ] Total time for which application threads were stopped: 0.0010872 seconds, Stopping threads took: 0.0005229 seconds
[2022-06-13T02:55:04.886+0000][1][safepoint    ] Application time: 1.0002733 seconds
[2022-06-13T02:55:04.887+0000][1][safepoint    ] Entering safepoint region: Cleanup
[2022-06-13T02:55:04.888+0000][1][safepoint    ] Leaving safepoint region
[2022-06-13T02:55:04.888+0000][1][safepoint    ] Total time for which application threads were stopped: 0.0009985 seconds, Stopping threads took: 0.0004829 seconds
[2022-06-13T02:55:05.889+0000][1][safepoint    ] Application time: 1.0001816 seconds
[2022-06-13T02:55:05.889+0000][1][safepoint    ] Entering safepoint region: Cleanup
[2022-06-13T02:55:05.890+0000][1][safepoint    ] Leaving safepoint region
[2022-06-13T02:55:05.890+0000][1][safepoint    ] Total time for which application threads were stopped: 0.0010680 seconds, Stopping threads took: 0.0005048 seconds
[2022-06-13T02:55:06.891+0000][1][safepoint    ] Application time: 1.0003004 seconds
[2022-06-13T02:55:06.892+0000][1][safepoint    ] Entering safepoint region: Cleanup
[2022-06-13T02:55:06.892+0000][1][safepoint    ] Leaving safepoint region
[2022-06-13T02:55:06.893+0000][1][safepoint    ] Total time for which application threads were stopped: 0.0010382 seconds, Stopping threads took: 0.0004828 seconds
[2022-06-13T02:55:07.893+0000][1][safepoint    ] Application time: 1.0002955 seconds
[2022-06-13T02:55:07.894+0000][1][safepoint    ] Entering safepoint region: Cleanup
[2022-06-13T02:55:07.894+0000][1][safepoint    ] Leaving safepoint region
[2022-06-13T02:55:07.895+0000][1][safepoint    ] Total time for which application threads were stopped: 0.0010139 seconds, Stopping threads took: 0.0005057 seconds
[2022-06-13T02:55:08.896+0000][1][safepoint    ] Application time: 1.0001581 seconds
[2022-06-13T02:55:08.896+0000][1][safepoint    ] Entering safepoint region: Cleanup
[2022-06-13T02:55:08.896+0000][1][safepoint    ] Leaving safepoint region
[2022-06-13T02:55:08.896+0000][1][safepoint    ] Total time for which application threads were stopped: 0.0004473 seconds, Stopping threads took: 0.0001890 seconds
[2022-06-13T02:55:09.897+0000][1][safepoint    ] Application time: 1.0001140 seconds
[2022-06-13T02:55:09.897+0000][1][safepoint    ] Entering safepoint region: Cleanup
[2022-06-13T02:55:09.898+0000][1][safepoint    ] Leaving safepoint region
[2022-06-13T02:55:09.898+0000][1][safepoint    ] Total time for which application threads were stopped: 0.0008040 seconds, Stopping threads took: 0.0004559 seconds
[2022-06-13T02:55:10.899+0000][1][safepoint    ] Application time: 1.0001956 seconds
[2022-06-13T02:55:10.899+0000][1][safepoint    ] Entering safepoint region: Cleanup
[2022-06-13T02:55:10.899+0000][1][safepoint    ] Leaving safepoint region
[2022-06-13T02:55:10.900+0000][1][safepoint    ] Total time for which application threads were stopped: 0.0007051 seconds, Stopping threads took: 0.0003591 seconds
[2022-06-13T02:55:11.900+0000][1][safepoint    ] Application time: 1.0002265 seconds
[2022-06-13T02:55:11.901+0000][1][safepoint    ] Entering safepoint region: Cleanup
[2022-06-13T02:55:11.901+0000][1][safepoint    ] Leaving safepoint region
[2022-06-13T02:55:11.902+0000][1][safepoint    ] Total time for which application threads were stopped: 0.0008768 seconds, Stopping threads took: 0.0004242 seconds
[2022-06-13T02:55:12.902+0000][1][safepoint    ] Application time: 1.0001698 seconds
[2022-06-13T02:55:12.902+0000][1][safepoint    ] Entering safepoint region: Cleanup
[2022-06-13T02:55:12.903+0000][1][safepoint    ] Leaving safepoint region
[2022-06-13T02:55:12.903+0000][1][safepoint    ] Total time for which application threads were stopped: 0.0005530 seconds, Stopping threads took: 0.0002451 seconds
[2022-06-13T02:55:13.904+0000][1][safepoint    ] Application time: 1.0001698 seconds
[2022-06-13T02:55:13.904+0000][1][safepoint    ] Entering safepoint region: Cleanup
[2022-06-13T02:55:13.905+0000][1][safepoint    ] Leaving safepoint region
[2022-06-13T02:55:13.905+0000][1][safepoint    ] Total time for which application threads were stopped: 0.0010130 seconds, Stopping threads took: 0.0007107 seconds
[2022-06-13T02:55:14.906+0000][1][safepoint    ] Application time: 1.0002049 seconds
[2022-06-13T02:55:14.906+0000][1][safepoint    ] Entering safepoint region: Cleanup
[2022-06-13T02:55:14.907+0000][1][safepoint    ] Leaving safepoint region
[2022-06-13T02:55:14.907+0000][1][safepoint    ] Total time for which application threads were stopped: 0.0007821 seconds, Stopping threads took: 0.0003404 seconds
[2022-06-13T02:55:15.907+0000][1][safepoint    ] Application time: 1.0002202 seconds
[2022-06-13T02:55:15.908+0000][1][safepoint    ] Entering safepoint region: Cleanup
[2022-06-13T02:55:15.909+0000][1][safepoint    ] Leaving safepoint region
[2022-06-13T02:55:15.909+0000][1][safepoint    ] Total time for which application threads were stopped: 0.0010359 seconds, Stopping threads took: 0.0005659 seconds
[2022-06-13T02:55:16.910+0000][1][safepoint    ] Application time: 1.0001013 seconds
[2022-06-13T02:55:16.910+0000][1][safepoint    ] Entering safepoint region: Cleanup
[2022-06-13T02:55:16.910+0000][1][safepoint    ] Leaving safepoint region
[2022-06-13T02:55:16.911+0000][1][safepoint    ] Total time for which application threads were stopped: 0.0007320 seconds, Stopping threads took: 0.0002509 seconds
[2022-06-13T02:55:17.911+0000][1][safepoint    ] Application time: 1.0002082 seconds
[2022-06-13T02:55:17.912+0000][1][safepoint    ] Entering safepoint region: Cleanup
[2022-06-13T02:55:17.913+0000][1][safepoint    ] Leaving safepoint region
[2022-06-13T02:55:17.913+0000][1][safepoint    ] Total time for which application threads were stopped: 0.0016097 seconds, Stopping threads took: 0.0007290 seconds
[2022-06-13T02:55:18.914+0000][1][safepoint    ] Application time: 1.0001738 seconds
[2022-06-13T02:55:18.915+0000][1][safepoint    ] Entering safepoint region: Cleanup
[2022-06-13T02:55:18.915+0000][1][safepoint    ] Leaving safepoint region
[2022-06-13T02:55:18.916+0000][1][safepoint    ] Total time for which application threads were stopped: 0.0009980 seconds, Stopping threads took: 0.0004635 seconds
[2022-06-13T02:55:19.916+0000][1][safepoint    ] Application time: 1.0002030 seconds
[2022-06-13T02:55:19.917+0000][1][safepoint    ] Entering safepoint region: Cleanup
[2022-06-13T02:55:19.917+0000][1][safepoint    ] Leaving safepoint region
[2022-06-13T02:55:19.918+0000][1][safepoint    ] Total time for which application threads were stopped: 0.0007467 seconds, Stopping threads took: 0.0003485 seconds
[2022-06-13T02:55:20.918+0000][1][safepoint    ] Application time: 1.0002946 seconds
[2022-06-13T02:55:20.919+0000][1][safepoint    ] Entering safepoint region: Cleanup
[2022-06-13T02:55:20.919+0000][1][safepoint    ] Leaving safepoint region
[2022-06-13T02:55:20.920+0000][1][safepoint    ] Total time for which application threads were stopped: 0.0012719 seconds, Stopping threads took: 0.0005861 seconds
[2022-06-13T02:55:21.921+0000][1][safepoint    ] Application time: 1.0001243 seconds
[2022-06-13T02:55:21.921+0000][1][safepoint    ] Entering safepoint region: Cleanup
[2022-06-13T02:55:21.921+0000][1][safepoint    ] Leaving safepoint region
[2022-06-13T02:55:21.921+0000][1][safepoint    ] Total time for which application threads were stopped: 0.0003553 seconds, Stopping threads took: 0.0001654 seconds
[2022-06-13T02:55:22.922+0000][1][safepoint    ] Application time: 1.0002545 seconds
[2022-06-13T02:55:22.922+0000][1][safepoint    ] Entering safepoint region: Cleanup
[2022-06-13T02:55:22.923+0000][1][safepoint    ] Leaving safepoint region
[2022-06-13T02:55:22.923+0000][1][safepoint    ] Total time for which application threads were stopped: 0.0010120 seconds, Stopping threads took: 0.0004299 seconds
[2022-06-13T02:55:23.924+0000][1][safepoint    ] Application time: 1.0001907 seconds
[2022-06-13T02:55:23.924+0000][1][safepoint    ] Entering safepoint region: Cleanup
[2022-06-13T02:55:23.925+0000][1][safepoint    ] Leaving safepoint region
[2022-06-13T02:55:23.925+0000][1][safepoint    ] Total time for which application threads were stopped: 0.0006880 seconds, Stopping threads took: 0.0003483 seconds
[2022-06-13T02:55:24.926+0000][1][safepoint    ] Application time: 1.0002253 seconds
[2022-06-13T02:55:24.926+0000][1][safepoint    ] Entering safepoint region: Cleanup
[2022-06-13T02:55:24.927+0000][1][safepoint    ] Leaving safepoint region
[2022-06-13T02:55:24.927+0000][1][safepoint    ] Total time for which application threads were stopped: 0.0006272 seconds, Stopping threads took: 0.0003047 seconds
[2022-06-13T02:55:25.927+0000][1][safepoint    ] Application time: 1.0002148 seconds
[2022-06-13T02:55:25.928+0000][1][safepoint    ] Entering safepoint region: Cleanup
[2022-06-13T02:55:25.928+0000][1][safepoint    ] Leaving safepoint region
[2022-06-13T02:55:25.928+0000][1][safepoint    ] Total time for which application threads were stopped: 0.0004666 seconds, Stopping threads took: 0.0002124 seconds
[2022-06-13T02:55:26.929+0000][1][safepoint    ] Application time: 1.0003346 seconds
[2022-06-13T02:55:26.929+0000][1][safepoint    ] Entering safepoint region: Cleanup
[2022-06-13T02:55:26.930+0000][1][safepoint    ] Leaving safepoint region
[2022-06-13T02:55:26.930+0000][1][safepoint    ] Total time for which application threads were stopped: 0.0010928 seconds, Stopping threads took: 0.0005193 seconds
[2022-06-13T02:55:27.931+0000][1][safepoint    ] Application time: 1.0001969 seconds
[2022-06-13T02:55:27.932+0000][1][safepoint    ] Entering safepoint region: Cleanup
[2022-06-13T02:55:27.932+0000][1][safepoint    ] Leaving safepoint region
[2022-06-13T02:55:27.933+0000][1][safepoint    ] Total time for which application threads were stopped: 0.0011014 seconds, Stopping threads took: 0.0005624 seconds
[2022-06-13T02:55:28.933+0000][1][safepoint    ] Application time: 1.0001919 seconds
[2022-06-13T02:55:28.934+0000][1][safepoint    ] Entering safepoint region: Cleanup
[2022-06-13T02:55:28.934+0000][1][safepoint    ] Leaving safepoint region
[2022-06-13T02:55:28.934+0000][1][safepoint    ] Total time for which application threads were stopped: 0.0005891 seconds, Stopping threads took: 0.0002950 seconds
[2022-06-13T02:55:29.935+0000][1][safepoint    ] Application time: 1.0002531 seconds
[2022-06-13T02:55:29.935+0000][1][safepoint    ] Entering safepoint region: Cleanup
[2022-06-13T02:55:29.936+0000][1][safepoint    ] Leaving safepoint region
[2022-06-13T02:55:29.936+0000][1][safepoint    ] Total time for which application threads were stopped: 0.0006189 seconds, Stopping threads took: 0.0002689 seconds
[2022-06-13T02:55:30.936+0000][1][safepoint    ] Application time: 1.0001254 seconds
[2022-06-13T02:55:30.937+0000][1][safepoint    ] Entering safepoint region: Cleanup
[2022-06-13T02:55:30.937+0000][1][safepoint    ] Leaving safepoint region
[2022-06-13T02:55:30.937+0000][1][safepoint    ] Total time for which application threads were stopped: 0.0006144 seconds, Stopping threads took: 0.0002087 seconds
[2022-06-13T02:55:31.938+0000][1][safepoint    ] Application time: 1.0002125 seconds
[2022-06-13T02:55:31.938+0000][1][safepoint    ] Entering safepoint region: Cleanup
[2022-06-13T02:55:31.939+0000][1][safepoint    ] Leaving safepoint region
[2022-06-13T02:55:31.939+0000][1][safepoint    ] Total time for which application threads were stopped: 0.0010906 seconds, Stopping threads took: 0.0004496 seconds
[2022-06-13T02:55:32.940+0000][1][safepoint    ] Application time: 1.0003468 seconds
[2022-06-13T02:55:32.941+0000][1][safepoint    ] Entering safepoint region: Cleanup
[2022-06-13T02:55:32.942+0000][1][safepoint    ] Leaving safepoint region
[2022-06-13T02:55:32.942+0000][1][safepoint    ] Total time for which application threads were stopped: 0.0011122 seconds, Stopping threads took: 0.0005147 seconds
[2022-06-13T02:55:33.943+0000][1][safepoint    ] Application time: 1.0002452 seconds
[2022-06-13T02:55:33.944+0000][1][safepoint    ] Entering safepoint region: Cleanup
[2022-06-13T02:55:33.944+0000][1][safepoint    ] Leaving safepoint region
[2022-06-13T02:55:33.944+0000][1][safepoint    ] Total time for which application threads were stopped: 0.0009245 seconds, Stopping threads took: 0.0003936 seconds
[2022-06-13T02:55:34.945+0000][1][safepoint    ] Application time: 1.0001230 seconds
[2022-06-13T02:55:34.945+0000][1][safepoint    ] Entering safepoint region: Cleanup
[2022-06-13T02:55:34.946+0000][1][safepoint    ] Leaving safepoint region
[2022-06-13T02:55:34.946+0000][1][safepoint    ] Total time for which application threads were stopped: 0.0003355 seconds, Stopping threads took: 0.0001788 seconds
[2022-06-13T02:55:35.946+0000][1][safepoint    ] Application time: 1.0001939 seconds
[2022-06-13T02:55:35.947+0000][1][safepoint    ] Entering safepoint region: Cleanup
[2022-06-13T02:55:35.947+0000][1][safepoint    ] Leaving safepoint region
[2022-06-13T02:55:35.948+0000][1][safepoint    ] Total time for which application threads were stopped: 0.0012125 seconds, Stopping threads took: 0.0004408 seconds
[2022-06-13T02:55:36.948+0000][1][safepoint    ] Application time: 1.0001225 seconds
[2022-06-13T02:55:36.949+0000][1][safepoint    ] Entering safepoint region: Cleanup
[2022-06-13T02:55:36.949+0000][1][safepoint    ] Leaving safepoint region
[2022-06-13T02:55:36.949+0000][1][safepoint    ] Total time for which application threads were stopped: 0.0004840 seconds, Stopping threads took: 0.0002202 seconds
[2022-06-13T02:55:37.950+0000][1][safepoint    ] Application time: 1.0002881 seconds
[2022-06-13T02:55:37.950+0000][1][safepoint    ] Entering safepoint region: Cleanup
[2022-06-13T02:55:37.951+0000][1][safepoint    ] Leaving safepoint region
[2022-06-13T02:55:37.951+0000][1][safepoint    ] Total time for which application threads were stopped: 0.0008277 seconds, Stopping threads took: 0.0003806 seconds
[2022-06-13T02:55:38.951+0000][1][safepoint    ] Application time: 1.0002065 seconds
[2022-06-13T02:55:38.952+0000][1][safepoint    ] Entering safepoint region: Cleanup
[2022-06-13T02:55:38.952+0000][1][safepoint    ] Leaving safepoint region
[2022-06-13T02:55:38.952+0000][1][safepoint    ] Total time for which application threads were stopped: 0.0006134 seconds, Stopping threads took: 0.0003058 seconds
[2022-06-13T02:55:39.953+0000][1][safepoint    ] Application time: 1.0003068 seconds
[2022-06-13T02:55:39.954+0000][1][safepoint    ] Entering safepoint region: Cleanup
[2022-06-13T02:55:39.954+0000][1][safepoint    ] Leaving safepoint region
[2022-06-13T02:55:39.954+0000][1][safepoint    ] Total time for which application threads were stopped: 0.0005849 seconds, Stopping threads took: 0.0003024 seconds
[2022-06-13T02:55:40.955+0000][1][safepoint    ] Application time: 1.0003604 seconds
[2022-06-13T02:55:40.956+0000][1][safepoint    ] Entering safepoint region: Cleanup
[2022-06-13T02:55:40.956+0000][1][safepoint    ] Leaving safepoint region
[2022-06-13T02:55:40.957+0000][1][safepoint    ] Total time for which application threads were stopped: 0.0016037 seconds, Stopping threads took: 0.0006551 seconds
[2022-06-13T02:55:41.958+0000][1][safepoint    ] Application time: 1.0002852 seconds
[2022-06-13T02:55:41.959+0000][1][safepoint    ] Entering safepoint region: Cleanup
[2022-06-13T02:55:41.959+0000][1][safepoint    ] Leaving safepoint region
[2022-06-13T02:55:41.960+0000][1][safepoint    ] Total time for which application threads were stopped: 0.0010080 seconds, Stopping threads took: 0.0003910 seconds
[2022-06-13T02:55:42.960+0000][1][safepoint    ] Application time: 1.0002824 seconds
[2022-06-13T02:55:42.961+0000][1][safepoint    ] Entering safepoint region: Cleanup
[2022-06-13T02:55:42.961+0000][1][safepoint    ] Leaving safepoint region
[2022-06-13T02:55:42.962+0000][1][safepoint    ] Total time for which application threads were stopped: 0.0007980 seconds, Stopping threads took: 0.0002513 seconds
[2022-06-13T02:55:43.962+0000][1][safepoint    ] Application time: 1.0002361 seconds
[2022-06-13T02:55:43.963+0000][1][safepoint    ] Entering safepoint region: Cleanup
[2022-06-13T02:55:43.963+0000][1][safepoint    ] Leaving safepoint region
[2022-06-13T02:55:43.963+0000][1][safepoint    ] Total time for which application threads were stopped: 0.0008751 seconds, Stopping threads took: 0.0004610 seconds
[2022-06-13T02:55:44.964+0000][1][safepoint    ] Application time: 1.0002723 seconds
[2022-06-13T02:55:44.965+0000][1][safepoint    ] Entering safepoint region: Cleanup
[2022-06-13T02:55:44.965+0000][1][safepoint    ] Leaving safepoint region
[2022-06-13T02:55:44.965+0000][1][safepoint    ] Total time for which application threads were stopped: 0.0006977 seconds, Stopping threads took: 0.0003562 seconds
[2022-06-13T02:55:45.966+0000][1][safepoint    ] Application time: 1.0001212 seconds
[2022-06-13T02:55:45.966+0000][1][safepoint    ] Entering safepoint region: Cleanup
[2022-06-13T02:55:45.967+0000][1][safepoint    ] Leaving safepoint region
[2022-06-13T02:55:45.967+0000][1][safepoint    ] Total time for which application threads were stopped: 0.0006275 seconds, Stopping threads took: 0.0002727 seconds
[2022-06-13T02:55:46.967+0000][1][safepoint    ] Application time: 1.0002364 seconds
[2022-06-13T02:55:46.968+0000][1][safepoint    ] Entering safepoint region: Cleanup
[2022-06-13T02:55:46.969+0000][1][safepoint    ] Leaving safepoint region
[2022-06-13T02:55:46.969+0000][1][safepoint    ] Total time for which application threads were stopped: 0.0010076 seconds, Stopping threads took: 0.0004594 seconds
[2022-06-13T02:55:47.970+0000][1][safepoint    ] Application time: 1.0002385 seconds
[2022-06-13T02:55:47.970+0000][1][safepoint    ] Entering safepoint region: Cleanup
[2022-06-13T02:55:47.970+0000][1][safepoint    ] Leaving safepoint region
[2022-06-13T02:55:47.971+0000][1][safepoint    ] Total time for which application threads were stopped: 0.0005925 seconds, Stopping threads took: 0.0003009 seconds
[2022-06-13T02:55:48.971+0000][1][safepoint    ] Application time: 1.0002771 seconds
[2022-06-13T02:55:48.971+0000][1][safepoint    ] Entering safepoint region: Cleanup
[2022-06-13T02:55:48.972+0000][1][safepoint    ] Leaving safepoint region
[2022-06-13T02:55:48.972+0000][1][safepoint    ] Total time for which application threads were stopped: 0.0004265 seconds, Stopping threads took: 0.0001891 seconds
[2022-06-13T02:55:49.972+0000][1][safepoint    ] Application time: 1.0002313 seconds
[2022-06-13T02:55:49.973+0000][1][safepoint    ] Entering safepoint region: Cleanup
[2022-06-13T02:55:49.973+0000][1][safepoint    ] Leaving safepoint region
[2022-06-13T02:55:49.974+0000][1][safepoint    ] Total time for which application threads were stopped: 0.0010258 seconds, Stopping threads took: 0.0003877 seconds
[2022-06-13T02:55:50.974+0000][1][safepoint    ] Application time: 1.0001153 seconds
[2022-06-13T02:55:50.975+0000][1][safepoint    ] Entering safepoint region: Cleanup
[2022-06-13T02:55:50.975+0000][1][safepoint    ] Leaving safepoint region
[2022-06-13T02:55:50.975+0000][1][safepoint    ] Total time for which application threads were stopped: 0.0003467 seconds, Stopping threads took: 0.0001530 seconds
[2022-06-13T02:55:51.975+0000][1][safepoint    ] Application time: 1.0002068 seconds
[2022-06-13T02:55:51.976+0000][1][safepoint    ] Entering safepoint region: Cleanup
[2022-06-13T02:55:51.977+0000][1][safepoint    ] Leaving safepoint region
[2022-06-13T02:55:51.977+0000][1][safepoint    ] Total time for which application threads were stopped: 0.0009904 seconds, Stopping threads took: 0.0004989 seconds
[2022-06-13T02:55:52.978+0000][1][safepoint    ] Application time: 1.0002723 seconds
[2022-06-13T02:55:52.978+0000][1][safepoint    ] Entering safepoint region: Cleanup
[2022-06-13T02:55:52.979+0000][1][safepoint    ] Leaving safepoint region
[2022-06-13T02:55:52.979+0000][1][safepoint    ] Total time for which application threads were stopped: 0.0006490 seconds, Stopping threads took: 0.0003041 seconds
[2022-06-13T02:55:53.979+0000][1][safepoint    ] Application time: 1.0001734 seconds
[2022-06-13T02:55:53.980+0000][1][safepoint    ] Entering safepoint region: Cleanup
[2022-06-13T02:55:53.981+0000][1][safepoint    ] Leaving safepoint region
[2022-06-13T02:55:53.981+0000][1][safepoint    ] Total time for which application threads were stopped: 0.0012159 seconds, Stopping threads took: 0.0005487 seconds
[2022-06-13T02:55:54.982+0000][1][safepoint    ] Application time: 1.0001813 seconds
[2022-06-13T02:55:54.982+0000][1][safepoint    ] Entering safepoint region: Cleanup
[2022-06-13T02:55:54.983+0000][1][safepoint    ] Leaving safepoint region
[2022-06-13T02:55:54.983+0000][1][safepoint    ] Total time for which application threads were stopped: 0.0006524 seconds, Stopping threads took: 0.0001914 seconds
[2022-06-13T02:55:55.984+0000][1][safepoint    ] Application time: 1.0001938 seconds
[2022-06-13T02:55:55.984+0000][1][safepoint    ] Entering safepoint region: Cleanup
[2022-06-13T02:55:55.985+0000][1][safepoint    ] Leaving safepoint region
[2022-06-13T02:55:55.985+0000][1][safepoint    ] Total time for which application threads were stopped: 0.0008146 seconds, Stopping threads took: 0.0003808 seconds
[2022-06-13T02:55:56.986+0000][1][safepoint    ] Application time: 1.0001591 seconds
[2022-06-13T02:55:56.986+0000][1][safepoint    ] Entering safepoint region: Cleanup
[2022-06-13T02:55:56.987+0000][1][safepoint    ] Leaving safepoint region
[2022-06-13T02:55:56.987+0000][1][safepoint    ] Total time for which application threads were stopped: 0.0010011 seconds, Stopping threads took: 0.0004816 seconds
[2022-06-13T02:55:57.988+0000][1][safepoint    ] Application time: 1.0002179 seconds
[2022-06-13T02:55:57.988+0000][1][safepoint    ] Entering safepoint region: Cleanup
[2022-06-13T02:55:57.988+0000][1][safepoint    ] Leaving safepoint region
[2022-06-13T02:55:57.989+0000][1][safepoint    ] Total time for which application threads were stopped: 0.0005243 seconds, Stopping threads took: 0.0002499 seconds
[2022-06-13T02:55:58.989+0000][1][safepoint    ] Application time: 1.0002028 seconds
[2022-06-13T02:55:58.990+0000][1][safepoint    ] Entering safepoint region: Cleanup
[2022-06-13T02:55:58.990+0000][1][safepoint    ] Leaving safepoint region
[2022-06-13T02:55:58.991+0000][1][safepoint    ] Total time for which application threads were stopped: 0.0010225 seconds, Stopping threads took: 0.0004390 seconds
[2022-06-13T02:55:59.992+0000][1][safepoint    ] Application time: 1.0002496 seconds
[2022-06-13T02:55:59.992+0000][1][safepoint    ] Entering safepoint region: Cleanup
[2022-06-13T02:55:59.993+0000][1][safepoint    ] Leaving safepoint region
[2022-06-13T02:55:59.993+0000][1][safepoint    ] Total time for which application threads were stopped: 0.0009139 seconds, Stopping threads took: 0.0004649 seconds
[2022-06-13T02:56:00.994+0000][1][safepoint    ] Application time: 1.0001821 seconds
[2022-06-13T02:56:00.994+0000][1][safepoint    ] Entering safepoint region: Cleanup
[2022-06-13T02:56:00.994+0000][1][safepoint    ] Leaving safepoint region
[2022-06-13T02:56:00.995+0000][1][safepoint    ] Total time for which application threads were stopped: 0.0005796 seconds, Stopping threads took: 0.0002340 seconds
[2022-06-13T02:56:01.995+0000][1][safepoint    ] Application time: 1.0002792 seconds
[2022-06-13T02:56:01.996+0000][1][safepoint    ] Entering safepoint region: Cleanup
[2022-06-13T02:56:01.996+0000][1][safepoint    ] Leaving safepoint region
[2022-06-13T02:56:01.997+0000][1][safepoint    ] Total time for which application threads were stopped: 0.0010179 seconds, Stopping threads took: 0.0004779 seconds
[2022-06-13T02:56:02.997+0000][1][safepoint    ] Application time: 1.0001694 seconds
[2022-06-13T02:56:02.998+0000][1][safepoint    ] Entering safepoint region: Cleanup
[2022-06-13T02:56:02.998+0000][1][safepoint    ] Leaving safepoint region
[2022-06-13T02:56:02.999+0000][1][safepoint    ] Total time for which application threads were stopped: 0.0008729 seconds, Stopping threads took: 0.0004452 seconds
[2022-06-13T02:56:03.999+0000][1][safepoint    ] Application time: 1.0002944 seconds
[2022-06-13T02:56:04.000+0000][1][safepoint    ] Entering safepoint region: Cleanup
[2022-06-13T02:56:04.000+0000][1][safepoint    ] Leaving safepoint region
[2022-06-13T02:56:04.001+0000][1][safepoint    ] Total time for which application threads were stopped: 0.0009082 seconds, Stopping threads took: 0.0003987 seconds
[2022-06-13T02:56:05.001+0000][1][safepoint    ] Application time: 1.0001908 seconds
[2022-06-13T02:56:05.002+0000][1][safepoint    ] Entering safepoint region: Cleanup
[2022-06-13T02:56:05.002+0000][1][safepoint    ] Leaving safepoint region
[2022-06-13T02:56:05.003+0000][1][safepoint    ] Total time for which application threads were stopped: 0.0007793 seconds, Stopping threads took: 0.0003616 seconds
[2022-06-13T02:56:06.003+0000][1][safepoint    ] Application time: 1.0003414 seconds
[2022-06-13T02:56:06.004+0000][1][safepoint    ] Entering safepoint region: Cleanup
[2022-06-13T02:56:06.005+0000][1][safepoint    ] Leaving safepoint region
[2022-06-13T02:56:06.005+0000][1][safepoint    ] Total time for which application threads were stopped: 0.0010421 seconds, Stopping threads took: 0.0005008 seconds
[2022-06-13T02:56:07.006+0000][1][safepoint    ] Application time: 1.0002271 seconds
[2022-06-13T02:56:07.006+0000][1][safepoint    ] Entering safepoint region: Cleanup
[2022-06-13T02:56:07.007+0000][1][safepoint    ] Leaving safepoint region
[2022-06-13T02:56:07.007+0000][1][safepoint    ] Total time for which application threads were stopped: 0.0007859 seconds, Stopping threads took: 0.0003701 seconds
[2022-06-13T02:56:08.008+0000][1][safepoint    ] Application time: 1.0003416 seconds
[2022-06-13T02:56:08.008+0000][1][safepoint    ] Entering safepoint region: Cleanup
[2022-06-13T02:56:08.009+0000][1][safepoint    ] Leaving safepoint region
[2022-06-13T02:56:08.010+0000][1][safepoint    ] Total time for which application threads were stopped: 0.0015719 seconds, Stopping threads took: 0.0007521 seconds
[2022-06-13T02:56:09.011+0000][1][safepoint    ] Application time: 1.0002515 seconds
[2022-06-13T02:56:09.012+0000][1][safepoint    ] Entering safepoint region: Cleanup
[2022-06-13T02:56:09.012+0000][1][safepoint    ] Leaving safepoint region
[2022-06-13T02:56:09.013+0000][1][safepoint    ] Total time for which application threads were stopped: 0.0010481 seconds, Stopping threads took: 0.0006381 seconds
[2022-06-13T02:56:09.698+0000][1][safepoint    ] Application time: 0.6848768 seconds
[2022-06-13T02:56:09.698+0000][1][safepoint    ] Entering safepoint region: GenCollectForAllocation
[2022-06-13T02:56:09.699+0000][1][gc,start     ] GC(22) Pause Young (Allocation Failure)
[2022-06-13T02:56:09.699+0000][1][gc,task      ] GC(22) Using 5 workers of 13 for evacuation
[2022-06-13T02:56:09.705+0000][1][gc,age       ] GC(22) Desired survivor size 4456448 bytes, new threshold 2 (max threshold 6)
[2022-06-13T02:56:09.705+0000][1][gc,age       ] GC(22) Age table with threshold 2 (max threshold 6)
[2022-06-13T02:56:09.705+0000][1][gc,age       ] GC(22) - age   1:     728336 bytes,     728336 total
[2022-06-13T02:56:09.706+0000][1][gc,age       ] GC(22) - age   2:    3806912 bytes,    4535248 total
[2022-06-13T02:56:09.706+0000][1][gc,heap      ] GC(22) ParNew: 76805K->7070K(78656K)
[2022-06-13T02:56:09.706+0000][1][gc,heap      ] GC(22) CMS: 62767K->64148K(174784K)
[2022-06-13T02:56:09.706+0000][1][gc,metaspace ] GC(22) Metaspace: 63704K->63704K(1107968K)
[2022-06-13T02:56:09.707+0000][1][gc           ] GC(22) Pause Young (Allocation Failure) 136M->69M(247M) 7.852ms
[2022-06-13T02:56:09.707+0000][1][gc,cpu       ] GC(22) User=0.03s Sys=0.00s Real=0.01s
[2022-06-13T02:56:09.707+0000][1][safepoint    ] Leaving safepoint region
[2022-06-13T02:56:09.707+0000][1][safepoint    ] Total time for which application threads were stopped: 0.0090736 seconds, Stopping threads took: 0.0003186 seconds
[2022-06-13T02:56:10.708+0000][1][safepoint    ] Application time: 1.0002532 seconds
[2022-06-13T02:56:10.708+0000][1][safepoint    ] Entering safepoint region: Cleanup
[2022-06-13T02:56:10.709+0000][1][safepoint    ] Leaving safepoint region
[2022-06-13T02:56:10.709+0000][1][safepoint    ] Total time for which application threads were stopped: 0.0009160 seconds, Stopping threads took: 0.0004379 seconds
[2022-06-13T02:56:11.710+0000][1][safepoint    ] Application time: 1.0002671 seconds
[2022-06-13T02:56:11.710+0000][1][safepoint    ] Entering safepoint region: Cleanup
[2022-06-13T02:56:11.711+0000][1][safepoint    ] Leaving safepoint region
[2022-06-13T02:56:11.711+0000][1][safepoint    ] Total time for which application threads were stopped: 0.0004800 seconds, Stopping threads took: 0.0002124 seconds
[2022-06-13T02:56:12.711+0000][1][safepoint    ] Application time: 1.0002512 seconds
[2022-06-13T02:56:12.712+0000][1][safepoint    ] Entering safepoint region: Cleanup
[2022-06-13T02:56:12.712+0000][1][safepoint    ] Leaving safepoint region
[2022-06-13T02:56:12.713+0000][1][safepoint    ] Total time for which application threads were stopped: 0.0010203 seconds, Stopping threads took: 0.0005049 seconds
[2022-06-13T02:56:13.714+0000][1][safepoint    ] Application time: 1.0002642 seconds
[2022-06-13T02:56:13.714+0000][1][safepoint    ] Entering safepoint region: Cleanup
[2022-06-13T02:56:13.714+0000][1][safepoint    ] Leaving safepoint region
[2022-06-13T02:56:13.714+0000][1][safepoint    ] Total time for which application threads were stopped: 0.0005301 seconds, Stopping threads took: 0.0002572 seconds
[2022-06-13T02:56:14.715+0000][1][safepoint    ] Application time: 1.0002081 seconds
[2022-06-13T02:56:14.715+0000][1][safepoint    ] Entering safepoint region: Cleanup
[2022-06-13T02:56:14.716+0000][1][safepoint    ] Leaving safepoint region
[2022-06-13T02:56:14.716+0000][1][safepoint    ] Total time for which application threads were stopped: 0.0008545 seconds, Stopping threads took: 0.0003895 seconds
[2022-06-13T02:56:15.717+0000][1][safepoint    ] Application time: 1.0002262 seconds
[2022-06-13T02:56:15.717+0000][1][safepoint    ] Entering safepoint region: Cleanup
[2022-06-13T02:56:15.718+0000][1][safepoint    ] Leaving safepoint region
[2022-06-13T02:56:15.719+0000][1][safepoint    ] Total time for which application threads were stopped: 0.0014688 seconds, Stopping threads took: 0.0006825 seconds
[2022-06-13T02:56:16.720+0000][1][safepoint    ] Application time: 1.0001407 seconds
[2022-06-13T02:56:16.720+0000][1][safepoint    ] Entering safepoint region: Cleanup
[2022-06-13T02:56:16.720+0000][1][safepoint    ] Leaving safepoint region
[2022-06-13T02:56:16.721+0000][1][safepoint    ] Total time for which application threads were stopped: 0.0006304 seconds, Stopping threads took: 0.0002405 seconds
[2022-06-13T02:56:17.721+0000][1][safepoint    ] Application time: 1.0002340 seconds
[2022-06-13T02:56:17.722+0000][1][safepoint    ] Entering safepoint region: Cleanup
[2022-06-13T02:56:17.722+0000][1][safepoint    ] Leaving safepoint region
[2022-06-13T02:56:17.722+0000][1][safepoint    ] Total time for which application threads were stopped: 0.0006819 seconds, Stopping threads took: 0.0003166 seconds
[2022-06-13T02:56:18.723+0000][1][safepoint    ] Application time: 1.0002419 seconds
[2022-06-13T02:56:18.723+0000][1][safepoint    ] Entering safepoint region: Cleanup
[2022-06-13T02:56:18.724+0000][1][safepoint    ] Leaving safepoint region
[2022-06-13T02:56:18.724+0000][1][safepoint    ] Total time for which application threads were stopped: 0.0006416 seconds, Stopping threads took: 0.0003216 seconds
[2022-06-13T02:56:19.724+0000][1][safepoint    ] Application time: 1.0001744 seconds
[2022-06-13T02:56:19.725+0000][1][safepoint    ] Entering safepoint region: Cleanup
[2022-06-13T02:56:19.725+0000][1][safepoint    ] Leaving safepoint region
[2022-06-13T02:56:19.725+0000][1][safepoint    ] Total time for which application threads were stopped: 0.0006192 seconds, Stopping threads took: 0.0002587 seconds
[2022-06-13T02:56:20.726+0000][1][safepoint    ] Application time: 1.0001080 seconds
[2022-06-13T02:56:20.726+0000][1][safepoint    ] Entering safepoint region: Cleanup
[2022-06-13T02:56:20.727+0000][1][safepoint    ] Leaving safepoint region
[2022-06-13T02:56:20.727+0000][1][safepoint    ] Total time for which application threads were stopped: 0.0007260 seconds, Stopping threads took: 0.0003134 seconds
[2022-06-13T02:56:21.727+0000][1][safepoint    ] Application time: 1.0003639 seconds
[2022-06-13T02:56:21.728+0000][1][safepoint    ] Entering safepoint region: Cleanup
[2022-06-13T02:56:21.728+0000][1][safepoint    ] Leaving safepoint region
[2022-06-13T02:56:21.729+0000][1][safepoint    ] Total time for which application threads were stopped: 0.0006478 seconds, Stopping threads took: 0.0003313 seconds
[2022-06-13T02:56:22.729+0000][1][safepoint    ] Application time: 1.0002057 seconds
[2022-06-13T02:56:22.730+0000][1][safepoint    ] Entering safepoint region: Cleanup
[2022-06-13T02:56:22.730+0000][1][safepoint    ] Leaving safepoint region
[2022-06-13T02:56:22.730+0000][1][safepoint    ] Total time for which application threads were stopped: 0.0007552 seconds, Stopping threads took: 0.0003144 seconds
[2022-06-13T02:56:23.731+0000][1][safepoint    ] Application time: 1.0002154 seconds
[2022-06-13T02:56:23.731+0000][1][safepoint    ] Entering safepoint region: Cleanup
[2022-06-13T02:56:23.732+0000][1][safepoint    ] Leaving safepoint region
[2022-06-13T02:56:23.732+0000][1][safepoint    ] Total time for which application threads were stopped: 0.0008519 seconds, Stopping threads took: 0.0004050 seconds
[2022-06-13T02:56:24.733+0000][1][safepoint    ] Application time: 1.0001243 seconds
[2022-06-13T02:56:24.733+0000][1][safepoint    ] Entering safepoint region: Cleanup
[2022-06-13T02:56:24.733+0000][1][safepoint    ] Leaving safepoint region
[2022-06-13T02:56:24.734+0000][1][safepoint    ] Total time for which application threads were stopped: 0.0004657 seconds, Stopping threads took: 0.0002534 seconds
[2022-06-13T02:56:25.734+0000][1][safepoint    ] Application time: 1.0001881 seconds
[2022-06-13T02:56:25.735+0000][1][safepoint    ] Entering safepoint region: Cleanup
[2022-06-13T02:56:25.735+0000][1][safepoint    ] Leaving safepoint region
[2022-06-13T02:56:25.735+0000][1][safepoint    ] Total time for which application threads were stopped: 0.0007299 seconds, Stopping threads took: 0.0003291 seconds
[2022-06-13T02:56:26.736+0000][1][safepoint    ] Application time: 1.0001684 seconds
[2022-06-13T02:56:26.736+0000][1][safepoint    ] Entering safepoint region: Cleanup
[2022-06-13T02:56:26.737+0000][1][safepoint    ] Leaving safepoint region
[2022-06-13T02:56:26.737+0000][1][safepoint    ] Total time for which application threads were stopped: 0.0007358 seconds, Stopping threads took: 0.0003352 seconds
[2022-06-13T02:56:27.738+0000][1][safepoint    ] Application time: 1.0001910 seconds
[2022-06-13T02:56:27.739+0000][1][safepoint    ] Entering safepoint region: Cleanup
[2022-06-13T02:56:27.739+0000][1][safepoint    ] Leaving safepoint region
[2022-06-13T02:56:27.740+0000][1][safepoint    ] Total time for which application threads were stopped: 0.0011709 seconds, Stopping threads took: 0.0006183 seconds
[2022-06-13T02:56:28.740+0000][1][safepoint    ] Application time: 1.0001802 seconds
[2022-06-13T02:56:28.741+0000][1][safepoint    ] Entering safepoint region: Cleanup
[2022-06-13T02:56:28.741+0000][1][safepoint    ] Leaving safepoint region
[2022-06-13T02:56:28.742+0000][1][safepoint    ] Total time for which application threads were stopped: 0.0008554 seconds, Stopping threads took: 0.0003878 seconds
[2022-06-13T02:56:29.742+0000][1][safepoint    ] Application time: 1.0001014 seconds
[2022-06-13T02:56:29.743+0000][1][safepoint    ] Entering safepoint region: Cleanup
[2022-06-13T02:56:29.743+0000][1][safepoint    ] Leaving safepoint region
[2022-06-13T02:56:29.743+0000][1][safepoint    ] Total time for which application threads were stopped: 0.0006989 seconds, Stopping threads took: 0.0002041 seconds
[2022-06-13T02:56:30.744+0000][1][safepoint    ] Application time: 1.0002613 seconds
[2022-06-13T02:56:30.745+0000][1][safepoint    ] Entering safepoint region: Cleanup
[2022-06-13T02:56:30.745+0000][1][safepoint    ] Leaving safepoint region
[2022-06-13T02:56:30.746+0000][1][safepoint    ] Total time for which application threads were stopped: 0.0008935 seconds, Stopping threads took: 0.0003810 seconds
[2022-06-13T02:56:31.746+0000][1][safepoint    ] Application time: 1.0001761 seconds
[2022-06-13T02:56:31.747+0000][1][safepoint    ] Entering safepoint region: Cleanup
[2022-06-13T02:56:31.747+0000][1][safepoint    ] Leaving safepoint region
[2022-06-13T02:56:31.747+0000][1][safepoint    ] Total time for which application threads were stopped: 0.0008396 seconds, Stopping threads took: 0.0003651 seconds
[2022-06-13T02:56:32.748+0000][1][safepoint    ] Application time: 1.0001432 seconds
[2022-06-13T02:56:32.749+0000][1][safepoint    ] Entering safepoint region: Cleanup
[2022-06-13T02:56:32.749+0000][1][safepoint    ] Leaving safepoint region
[2022-06-13T02:56:32.750+0000][1][safepoint    ] Total time for which application threads were stopped: 0.0009599 seconds, Stopping threads took: 0.0004657 seconds
[2022-06-13T02:56:33.750+0000][1][safepoint    ] Application time: 1.0001178 seconds
[2022-06-13T02:56:33.750+0000][1][safepoint    ] Entering safepoint region: Cleanup
[2022-06-13T02:56:33.751+0000][1][safepoint    ] Leaving safepoint region
[2022-06-13T02:56:33.751+0000][1][safepoint    ] Total time for which application threads were stopped: 0.0009851 seconds, Stopping threads took: 0.0006318 seconds
[2022-06-13T02:56:34.752+0000][1][safepoint    ] Application time: 1.0002123 seconds
[2022-06-13T02:56:34.752+0000][1][safepoint    ] Entering safepoint region: Cleanup
[2022-06-13T02:56:34.752+0000][1][safepoint    ] Leaving safepoint region
[2022-06-13T02:56:34.753+0000][1][safepoint    ] Total time for which application threads were stopped: 0.0006024 seconds, Stopping threads took: 0.0002802 seconds
[2022-06-13T02:56:35.753+0000][1][safepoint    ] Application time: 1.0001294 seconds
[2022-06-13T02:56:35.753+0000][1][safepoint    ] Entering safepoint region: Cleanup
[2022-06-13T02:56:35.754+0000][1][safepoint    ] Leaving safepoint region
[2022-06-13T02:56:35.754+0000][1][safepoint    ] Total time for which application threads were stopped: 0.0007414 seconds, Stopping threads took: 0.0003488 seconds
[2022-06-13T02:56:36.755+0000][1][safepoint    ] Application time: 1.0001692 seconds
[2022-06-13T02:56:36.755+0000][1][safepoint    ] Entering safepoint region: Cleanup
[2022-06-13T02:56:36.755+0000][1][safepoint    ] Leaving safepoint region
[2022-06-13T02:56:36.756+0000][1][safepoint    ] Total time for which application threads were stopped: 0.0007967 seconds, Stopping threads took: 0.0003742 seconds
[2022-06-13T02:56:37.756+0000][1][safepoint    ] Application time: 1.0002126 seconds
[2022-06-13T02:56:37.757+0000][1][safepoint    ] Entering safepoint region: Cleanup
[2022-06-13T02:56:37.757+0000][1][safepoint    ] Leaving safepoint region
[2022-06-13T02:56:37.757+0000][1][safepoint    ] Total time for which application threads were stopped: 0.0005989 seconds, Stopping threads took: 0.0002603 seconds
[2022-06-13T02:56:38.758+0000][1][safepoint    ] Application time: 1.0001720 seconds
[2022-06-13T02:56:38.758+0000][1][safepoint    ] Entering safepoint region: Cleanup
[2022-06-13T02:56:38.759+0000][1][safepoint    ] Leaving safepoint region
[2022-06-13T02:56:38.759+0000][1][safepoint    ] Total time for which application threads were stopped: 0.0006882 seconds, Stopping threads took: 0.0002989 seconds
[2022-06-13T02:56:39.759+0000][1][safepoint    ] Application time: 1.0002496 seconds
[2022-06-13T02:56:39.760+0000][1][safepoint    ] Entering safepoint region: Cleanup
[2022-06-13T02:56:39.761+0000][1][safepoint    ] Leaving safepoint region
[2022-06-13T02:56:39.761+0000][1][safepoint    ] Total time for which application threads were stopped: 0.0013842 seconds, Stopping threads took: 0.0006535 seconds
[2022-06-13T02:56:40.762+0000][1][safepoint    ] Application time: 1.0001679 seconds
[2022-06-13T02:56:40.763+0000][1][safepoint    ] Entering safepoint region: Cleanup
[2022-06-13T02:56:40.763+0000][1][safepoint    ] Leaving safepoint region
[2022-06-13T02:56:40.763+0000][1][safepoint    ] Total time for which application threads were stopped: 0.0007183 seconds, Stopping threads took: 0.0003560 seconds
[2022-06-13T02:56:41.764+0000][1][safepoint    ] Application time: 1.0003718 seconds
[2022-06-13T02:56:41.764+0000][1][safepoint    ] Entering safepoint region: Cleanup
[2022-06-13T02:56:41.765+0000][1][safepoint    ] Leaving safepoint region
[2022-06-13T02:56:41.765+0000][1][safepoint    ] Total time for which application threads were stopped: 0.0009631 seconds, Stopping threads took: 0.0005241 seconds
[2022-06-13T02:56:42.766+0000][1][safepoint    ] Application time: 1.0001806 seconds
[2022-06-13T02:56:42.766+0000][1][safepoint    ] Entering safepoint region: Cleanup
[2022-06-13T02:56:42.766+0000][1][safepoint    ] Leaving safepoint region
[2022-06-13T02:56:42.767+0000][1][safepoint    ] Total time for which application threads were stopped: 0.0006770 seconds, Stopping threads took: 0.0003006 seconds
[2022-06-13T02:56:43.767+0000][1][safepoint    ] Application time: 1.0003599 seconds
[2022-06-13T02:56:43.768+0000][1][safepoint    ] Entering safepoint region: Cleanup
[2022-06-13T02:56:43.768+0000][1][safepoint    ] Leaving safepoint region
[2022-06-13T02:56:43.769+0000][1][safepoint    ] Total time for which application threads were stopped: 0.0007346 seconds, Stopping threads took: 0.0003217 seconds
[2022-06-13T02:56:44.769+0000][1][safepoint    ] Application time: 1.0001440 seconds
[2022-06-13T02:56:44.770+0000][1][safepoint    ] Entering safepoint region: Cleanup
[2022-06-13T02:56:44.770+0000][1][safepoint    ] Leaving safepoint region
[2022-06-13T02:56:44.770+0000][1][safepoint    ] Total time for which application threads were stopped: 0.0006426 seconds, Stopping threads took: 0.0003204 seconds
[2022-06-13T02:56:45.770+0000][1][safepoint    ] Application time: 1.0001698 seconds
[2022-06-13T02:56:45.771+0000][1][safepoint    ] Entering safepoint region: Cleanup
[2022-06-13T02:56:45.771+0000][1][safepoint    ] Leaving safepoint region
[2022-06-13T02:56:45.772+0000][1][safepoint    ] Total time for which application threads were stopped: 0.0006403 seconds, Stopping threads took: 0.0002830 seconds
[2022-06-13T02:56:46.772+0000][1][safepoint    ] Application time: 1.0001511 seconds
[2022-06-13T02:56:46.772+0000][1][safepoint    ] Entering safepoint region: Cleanup
[2022-06-13T02:56:46.773+0000][1][safepoint    ] Leaving safepoint region
[2022-06-13T02:56:46.773+0000][1][safepoint    ] Total time for which application threads were stopped: 0.0005790 seconds, Stopping threads took: 0.0002448 seconds
[2022-06-13T02:56:47.773+0000][1][safepoint    ] Application time: 1.0001213 seconds
[2022-06-13T02:56:47.774+0000][1][safepoint    ] Entering safepoint region: Cleanup
[2022-06-13T02:56:47.774+0000][1][safepoint    ] Leaving safepoint region
[2022-06-13T02:56:47.775+0000][1][safepoint    ] Total time for which application threads were stopped: 0.0008550 seconds, Stopping threads took: 0.0004476 seconds
[2022-06-13T02:56:48.775+0000][1][safepoint    ] Application time: 1.0001837 seconds
[2022-06-13T02:56:48.775+0000][1][safepoint    ] Entering safepoint region: Cleanup
[2022-06-13T02:56:48.776+0000][1][safepoint    ] Leaving safepoint region
[2022-06-13T02:56:48.776+0000][1][safepoint    ] Total time for which application threads were stopped: 0.0006014 seconds, Stopping threads took: 0.0002894 seconds
[2022-06-13T02:56:49.776+0000][1][safepoint    ] Application time: 1.0002017 seconds
[2022-06-13T02:56:49.777+0000][1][safepoint    ] Entering safepoint region: Cleanup
[2022-06-13T02:56:49.777+0000][1][safepoint    ] Leaving safepoint region
[2022-06-13T02:56:49.777+0000][1][safepoint    ] Total time for which application threads were stopped: 0.0007548 seconds, Stopping threads took: 0.0002222 seconds
[2022-06-13T02:56:50.778+0000][1][safepoint    ] Application time: 1.0003561 seconds
[2022-06-13T02:56:50.779+0000][1][safepoint    ] Entering safepoint region: Cleanup
[2022-06-13T02:56:50.780+0000][1][safepoint    ] Leaving safepoint region
[2022-06-13T02:56:50.780+0000][1][safepoint    ] Total time for which application threads were stopped: 0.0014316 seconds, Stopping threads took: 0.0006479 seconds
[2022-06-13T02:56:51.781+0000][1][safepoint    ] Application time: 1.0002231 seconds
[2022-06-13T02:56:51.782+0000][1][safepoint    ] Entering safepoint region: Cleanup
[2022-06-13T02:56:51.782+0000][1][safepoint    ] Leaving safepoint region
[2022-06-13T02:56:51.782+0000][1][safepoint    ] Total time for which application threads were stopped: 0.0005671 seconds, Stopping threads took: 0.0002485 seconds
[2022-06-13T02:56:52.783+0000][1][safepoint    ] Application time: 1.0001734 seconds
[2022-06-13T02:56:52.783+0000][1][safepoint    ] Entering safepoint region: Cleanup
[2022-06-13T02:56:52.784+0000][1][safepoint    ] Leaving safepoint region
[2022-06-13T02:56:52.784+0000][1][safepoint    ] Total time for which application threads were stopped: 0.0012972 seconds, Stopping threads took: 0.0005756 seconds
[2022-06-13T02:56:53.785+0000][1][safepoint    ] Application time: 1.0002914 seconds
[2022-06-13T02:56:53.786+0000][1][safepoint    ] Entering safepoint region: Cleanup
[2022-06-13T02:56:53.787+0000][1][safepoint    ] Leaving safepoint region
[2022-06-13T02:56:53.787+0000][1][safepoint    ] Total time for which application threads were stopped: 0.0013148 seconds, Stopping threads took: 0.0006054 seconds
[2022-06-13T02:56:54.788+0000][1][safepoint    ] Application time: 1.0002891 seconds
[2022-06-13T02:56:54.789+0000][1][safepoint    ] Entering safepoint region: Cleanup
[2022-06-13T02:56:54.790+0000][1][safepoint    ] Leaving safepoint region
[2022-06-13T02:56:54.791+0000][1][safepoint    ] Total time for which application threads were stopped: 0.0017275 seconds, Stopping threads took: 0.0007114 seconds
[2022-06-13T02:56:55.792+0000][1][safepoint    ] Application time: 1.0003600 seconds
[2022-06-13T02:56:55.793+0000][1][safepoint    ] Entering safepoint region: Cleanup
[2022-06-13T02:56:55.794+0000][1][safepoint    ] Leaving safepoint region
[2022-06-13T02:56:55.794+0000][1][safepoint    ] Total time for which application threads were stopped: 0.0014981 seconds, Stopping threads took: 0.0007132 seconds
[2022-06-13T02:56:56.795+0000][1][safepoint    ] Application time: 1.0002330 seconds
[2022-06-13T02:56:56.795+0000][1][safepoint    ] Entering safepoint region: Cleanup
[2022-06-13T02:56:56.796+0000][1][safepoint    ] Leaving safepoint region
[2022-06-13T02:56:56.796+0000][1][safepoint    ] Total time for which application threads were stopped: 0.0006181 seconds, Stopping threads took: 0.0002653 seconds
[2022-06-13T02:56:57.796+0000][1][safepoint    ] Application time: 1.0001980 seconds
[2022-06-13T02:56:57.797+0000][1][safepoint    ] Entering safepoint region: Cleanup
[2022-06-13T02:56:57.797+0000][1][safepoint    ] Leaving safepoint region
[2022-06-13T02:56:57.798+0000][1][safepoint    ] Total time for which application threads were stopped: 0.0010300 seconds, Stopping threads took: 0.0003680 seconds
[2022-06-13T02:56:58.799+0000][1][safepoint    ] Application time: 1.0001715 seconds
[2022-06-13T02:56:58.800+0000][1][safepoint    ] Entering safepoint region: Cleanup
[2022-06-13T02:56:58.800+0000][1][safepoint    ] Leaving safepoint region
[2022-06-13T02:56:58.801+0000][1][safepoint    ] Total time for which application threads were stopped: 0.0013727 seconds, Stopping threads took: 0.0007349 seconds
[2022-06-13T02:56:59.801+0000][1][safepoint    ] Application time: 1.0002375 seconds
[2022-06-13T02:56:59.802+0000][1][safepoint    ] Entering safepoint region: Cleanup
[2022-06-13T02:56:59.802+0000][1][safepoint    ] Leaving safepoint region
[2022-06-13T02:56:59.803+0000][1][safepoint    ] Total time for which application threads were stopped: 0.0007610 seconds, Stopping threads took: 0.0003205 seconds
[2022-06-13T02:57:00.803+0000][1][safepoint    ] Application time: 1.0002138 seconds
[2022-06-13T02:57:00.804+0000][1][safepoint    ] Entering safepoint region: Cleanup
[2022-06-13T02:57:00.804+0000][1][safepoint    ] Leaving safepoint region
[2022-06-13T02:57:00.805+0000][1][safepoint    ] Total time for which application threads were stopped: 0.0007893 seconds, Stopping threads took: 0.0003137 seconds
[2022-06-13T02:57:01.805+0000][1][safepoint    ] Application time: 1.0002170 seconds
[2022-06-13T02:57:01.806+0000][1][safepoint    ] Entering safepoint region: Cleanup
[2022-06-13T02:57:01.806+0000][1][safepoint    ] Leaving safepoint region
[2022-06-13T02:57:01.807+0000][1][safepoint    ] Total time for which application threads were stopped: 0.0012146 seconds, Stopping threads took: 0.0003828 seconds
[2022-06-13T02:57:02.808+0000][1][safepoint    ] Application time: 1.0003076 seconds
[2022-06-13T02:57:02.808+0000][1][safepoint    ] Entering safepoint region: Cleanup
[2022-06-13T02:57:02.809+0000][1][safepoint    ] Leaving safepoint region
[2022-06-13T02:57:02.809+0000][1][safepoint    ] Total time for which application threads were stopped: 0.0011991 seconds, Stopping threads took: 0.0005773 seconds
[2022-06-13T02:57:03.810+0000][1][safepoint    ] Application time: 1.0002668 seconds
[2022-06-13T02:57:03.811+0000][1][safepoint    ] Entering safepoint region: Cleanup
[2022-06-13T02:57:03.811+0000][1][safepoint    ] Leaving safepoint region
[2022-06-13T02:57:03.812+0000][1][safepoint    ] Total time for which application threads were stopped: 0.0010193 seconds, Stopping threads took: 0.0004590 seconds
[2022-06-13T02:57:04.813+0000][1][safepoint    ] Application time: 1.0003472 seconds
[2022-06-13T02:57:04.813+0000][1][safepoint    ] Entering safepoint region: Cleanup
[2022-06-13T02:57:04.813+0000][1][safepoint    ] Leaving safepoint region
[2022-06-13T02:57:04.813+0000][1][safepoint    ] Total time for which application threads were stopped: 0.0005586 seconds, Stopping threads took: 0.0002648 seconds
[2022-06-13T02:57:05.814+0000][1][safepoint    ] Application time: 1.0002440 seconds
[2022-06-13T02:57:05.814+0000][1][safepoint    ] Entering safepoint region: Cleanup
[2022-06-13T02:57:05.815+0000][1][safepoint    ] Leaving safepoint region
[2022-06-13T02:57:05.815+0000][1][safepoint    ] Total time for which application threads were stopped: 0.0009829 seconds, Stopping threads took: 0.0003576 seconds
[2022-06-13T02:57:06.816+0000][1][safepoint    ] Application time: 1.0002024 seconds
[2022-06-13T02:57:06.816+0000][1][safepoint    ] Entering safepoint region: Cleanup
[2022-06-13T02:57:06.817+0000][1][safepoint    ] Leaving safepoint region
[2022-06-13T02:57:06.817+0000][1][safepoint    ] Total time for which application threads were stopped: 0.0005636 seconds, Stopping threads took: 0.0002655 seconds
[2022-06-13T02:57:07.817+0000][1][safepoint    ] Application time: 1.0001167 seconds
[2022-06-13T02:57:07.818+0000][1][safepoint    ] Entering safepoint region: Cleanup
[2022-06-13T02:57:07.818+0000][1][safepoint    ] Leaving safepoint region
[2022-06-13T02:57:07.819+0000][1][safepoint    ] Total time for which application threads were stopped: 0.0010316 seconds, Stopping threads took: 0.0004919 seconds
[2022-06-13T02:57:08.819+0000][1][safepoint    ] Application time: 1.0001254 seconds
[2022-06-13T02:57:08.820+0000][1][safepoint    ] Entering safepoint region: Cleanup
[2022-06-13T02:57:08.821+0000][1][safepoint    ] Leaving safepoint region
[2022-06-13T02:57:08.821+0000][1][safepoint    ] Total time for which application threads were stopped: 0.0009578 seconds, Stopping threads took: 0.0005424 seconds
[2022-06-13T02:57:09.822+0000][1][safepoint    ] Application time: 1.0002110 seconds
[2022-06-13T02:57:09.822+0000][1][safepoint    ] Entering safepoint region: Cleanup
[2022-06-13T02:57:09.823+0000][1][safepoint    ] Leaving safepoint region
[2022-06-13T02:57:09.823+0000][1][safepoint    ] Total time for which application threads were stopped: 0.0008161 seconds, Stopping threads took: 0.0003843 seconds
[2022-06-13T02:57:10.824+0000][1][safepoint    ] Application time: 1.0001150 seconds
[2022-06-13T02:57:10.824+0000][1][safepoint    ] Entering safepoint region: Cleanup
[2022-06-13T02:57:10.825+0000][1][safepoint    ] Leaving safepoint region
[2022-06-13T02:57:10.825+0000][1][safepoint    ] Total time for which application threads were stopped: 0.0009859 seconds, Stopping threads took: 0.0006546 seconds
[2022-06-13T02:57:11.826+0000][1][safepoint    ] Application time: 1.0001998 seconds
[2022-06-13T02:57:11.826+0000][1][safepoint    ] Entering safepoint region: Cleanup
[2022-06-13T02:57:11.827+0000][1][safepoint    ] Leaving safepoint region
[2022-06-13T02:57:11.827+0000][1][safepoint    ] Total time for which application threads were stopped: 0.0008081 seconds, Stopping threads took: 0.0003382 seconds
[2022-06-13T02:57:12.828+0000][1][safepoint    ] Application time: 1.0001936 seconds
[2022-06-13T02:57:12.829+0000][1][safepoint    ] Entering safepoint region: Cleanup
[2022-06-13T02:57:12.829+0000][1][safepoint    ] Leaving safepoint region
[2022-06-13T02:57:12.830+0000][1][safepoint    ] Total time for which application threads were stopped: 0.0010753 seconds, Stopping threads took: 0.0005056 seconds
[2022-06-13T02:57:13.830+0000][1][safepoint    ] Application time: 1.0001265 seconds
[2022-06-13T02:57:13.830+0000][1][safepoint    ] Entering safepoint region: Cleanup
[2022-06-13T02:57:13.831+0000][1][safepoint    ] Leaving safepoint region
[2022-06-13T02:57:13.831+0000][1][safepoint    ] Total time for which application threads were stopped: 0.0003648 seconds, Stopping threads took: 0.0001465 seconds
[2022-06-13T02:57:14.831+0000][1][safepoint    ] Application time: 1.0002244 seconds
[2022-06-13T02:57:14.832+0000][1][safepoint    ] Entering safepoint region: Cleanup
[2022-06-13T02:57:14.832+0000][1][safepoint    ] Leaving safepoint region
[2022-06-13T02:57:14.833+0000][1][safepoint    ] Total time for which application threads were stopped: 0.0012400 seconds, Stopping threads took: 0.0005374 seconds
[2022-06-13T02:57:15.834+0000][1][safepoint    ] Application time: 1.0002458 seconds
[2022-06-13T02:57:15.834+0000][1][safepoint    ] Entering safepoint region: Cleanup
[2022-06-13T02:57:15.835+0000][1][safepoint    ] Leaving safepoint region
[2022-06-13T02:57:15.835+0000][1][safepoint    ] Total time for which application threads were stopped: 0.0008125 seconds, Stopping threads took: 0.0003828 seconds
[2022-06-13T02:57:16.836+0000][1][safepoint    ] Application time: 1.0001657 seconds
[2022-06-13T02:57:16.836+0000][1][safepoint    ] Entering safepoint region: Cleanup
[2022-06-13T02:57:16.837+0000][1][safepoint    ] Leaving safepoint region
[2022-06-13T02:57:16.838+0000][1][safepoint    ] Total time for which application threads were stopped: 0.0012388 seconds, Stopping threads took: 0.0005243 seconds
[2022-06-13T02:57:17.838+0000][1][safepoint    ] Application time: 1.0001441 seconds
[2022-06-13T02:57:17.839+0000][1][safepoint    ] Entering safepoint region: Cleanup
[2022-06-13T02:57:17.839+0000][1][safepoint    ] Leaving safepoint region
[2022-06-13T02:57:17.839+0000][1][safepoint    ] Total time for which application threads were stopped: 0.0003789 seconds, Stopping threads took: 0.0001683 seconds
[2022-06-13T02:57:18.839+0000][1][safepoint    ] Application time: 1.0002284 seconds
[2022-06-13T02:57:18.840+0000][1][safepoint    ] Entering safepoint region: Cleanup
[2022-06-13T02:57:18.841+0000][1][safepoint    ] Leaving safepoint region
[2022-06-13T02:57:18.841+0000][1][safepoint    ] Total time for which application threads were stopped: 0.0013395 seconds, Stopping threads took: 0.0004283 seconds
[2022-06-13T02:57:19.842+0000][1][safepoint    ] Application time: 1.0002274 seconds
[2022-06-13T02:57:19.843+0000][1][safepoint    ] Entering safepoint region: Cleanup
[2022-06-13T02:57:19.843+0000][1][safepoint    ] Leaving safepoint region
[2022-06-13T02:57:19.843+0000][1][safepoint    ] Total time for which application threads were stopped: 0.0005722 seconds, Stopping threads took: 0.0003006 seconds
[2022-06-13T02:57:20.844+0000][1][safepoint    ] Application time: 1.0002537 seconds
[2022-06-13T02:57:20.844+0000][1][safepoint    ] Entering safepoint region: Cleanup
[2022-06-13T02:57:20.845+0000][1][safepoint    ] Leaving safepoint region
[2022-06-13T02:57:20.846+0000][1][safepoint    ] Total time for which application threads were stopped: 0.0014164 seconds, Stopping threads took: 0.0006443 seconds
[2022-06-13T02:57:21.847+0000][1][safepoint    ] Application time: 1.0002889 seconds
[2022-06-13T02:57:21.847+0000][1][safepoint    ] Entering safepoint region: Cleanup
[2022-06-13T02:57:21.848+0000][1][safepoint    ] Leaving safepoint region
[2022-06-13T02:57:21.848+0000][1][safepoint    ] Total time for which application threads were stopped: 0.0008164 seconds, Stopping threads took: 0.0003894 seconds
[2022-06-13T02:57:22.849+0000][1][safepoint    ] Application time: 1.0002266 seconds
[2022-06-13T02:57:22.849+0000][1][safepoint    ] Entering safepoint region: Cleanup
[2022-06-13T02:57:22.850+0000][1][safepoint    ] Leaving safepoint region
[2022-06-13T02:57:22.851+0000][1][safepoint    ] Total time for which application threads were stopped: 0.0012974 seconds, Stopping threads took: 0.0005356 seconds
[2022-06-13T02:57:23.852+0000][1][safepoint    ] Application time: 1.0003845 seconds
[2022-06-13T02:57:23.853+0000][1][safepoint    ] Entering safepoint region: Cleanup
[2022-06-13T02:57:23.853+0000][1][safepoint    ] Leaving safepoint region
[2022-06-13T02:57:23.854+0000][1][safepoint    ] Total time for which application threads were stopped: 0.0014498 seconds, Stopping threads took: 0.0008224 seconds
[2022-06-13T02:57:24.855+0000][1][safepoint    ] Application time: 1.0001949 seconds
[2022-06-13T02:57:24.855+0000][1][safepoint    ] Entering safepoint region: Cleanup
[2022-06-13T02:57:24.855+0000][1][safepoint    ] Leaving safepoint region
[2022-06-13T02:57:24.855+0000][1][safepoint    ] Total time for which application threads were stopped: 0.0003232 seconds, Stopping threads took: 0.0001474 seconds
[2022-06-13T02:57:25.855+0000][1][safepoint    ] Application time: 1.0002324 seconds
[2022-06-13T02:57:25.856+0000][1][safepoint    ] Entering safepoint region: Cleanup
[2022-06-13T02:57:25.857+0000][1][safepoint    ] Leaving safepoint region
[2022-06-13T02:57:25.858+0000][1][safepoint    ] Total time for which application threads were stopped: 0.0013977 seconds, Stopping threads took: 0.0006842 seconds
[2022-06-13T02:57:26.858+0000][1][safepoint    ] Application time: 1.0001423 seconds
[2022-06-13T02:57:26.859+0000][1][safepoint    ] Entering safepoint region: Cleanup
[2022-06-13T02:57:26.859+0000][1][safepoint    ] Leaving safepoint region
[2022-06-13T02:57:26.860+0000][1][safepoint    ] Total time for which application threads were stopped: 0.0006329 seconds, Stopping threads took: 0.0002215 seconds
[2022-06-13T02:57:27.860+0000][1][safepoint    ] Application time: 1.0002549 seconds
[2022-06-13T02:57:27.860+0000][1][safepoint    ] Entering safepoint region: Cleanup
[2022-06-13T02:57:27.861+0000][1][safepoint    ] Leaving safepoint region
[2022-06-13T02:57:27.861+0000][1][safepoint    ] Total time for which application threads were stopped: 0.0007981 seconds, Stopping threads took: 0.0003340 seconds
[2022-06-13T02:57:28.862+0000][1][safepoint    ] Application time: 1.0002049 seconds
[2022-06-13T02:57:28.862+0000][1][safepoint    ] Entering safepoint region: Cleanup
[2022-06-13T02:57:28.862+0000][1][safepoint    ] Leaving safepoint region
[2022-06-13T02:57:28.862+0000][1][safepoint    ] Total time for which application threads were stopped: 0.0003650 seconds, Stopping threads took: 0.0001706 seconds
[2022-06-13T02:57:29.863+0000][1][safepoint    ] Application time: 1.0002159 seconds
[2022-06-13T02:57:29.863+0000][1][safepoint    ] Entering safepoint region: Cleanup
[2022-06-13T02:57:29.864+0000][1][safepoint    ] Leaving safepoint region
[2022-06-13T02:57:29.865+0000][1][safepoint    ] Total time for which application threads were stopped: 0.0013393 seconds, Stopping threads took: 0.0006080 seconds
[2022-06-13T02:57:30.865+0000][1][safepoint    ] Application time: 1.0001574 seconds
[2022-06-13T02:57:30.866+0000][1][safepoint    ] Entering safepoint region: Cleanup
[2022-06-13T02:57:30.867+0000][1][safepoint    ] Leaving safepoint region
[2022-06-13T02:57:30.867+0000][1][safepoint    ] Total time for which application threads were stopped: 0.0008498 seconds, Stopping threads took: 0.0003888 seconds
[2022-06-13T02:57:31.868+0000][1][safepoint    ] Application time: 1.0001448 seconds
[2022-06-13T02:57:31.868+0000][1][safepoint    ] Entering safepoint region: Cleanup
[2022-06-13T02:57:31.868+0000][1][safepoint    ] Leaving safepoint region
[2022-06-13T02:57:31.869+0000][1][safepoint    ] Total time for which application threads were stopped: 0.0006012 seconds, Stopping threads took: 0.0002076 seconds
[2022-06-13T02:57:32.869+0000][1][safepoint    ] Application time: 1.0001939 seconds
[2022-06-13T02:57:32.870+0000][1][safepoint    ] Entering safepoint region: Cleanup
[2022-06-13T02:57:32.871+0000][1][safepoint    ] Leaving safepoint region
[2022-06-13T02:57:32.871+0000][1][safepoint    ] Total time for which application threads were stopped: 0.0013195 seconds, Stopping threads took: 0.0006412 seconds
[2022-06-13T02:57:33.872+0000][1][safepoint    ] Application time: 1.0002740 seconds
[2022-06-13T02:57:33.873+0000][1][safepoint    ] Entering safepoint region: Cleanup
[2022-06-13T02:57:33.873+0000][1][safepoint    ] Leaving safepoint region
[2022-06-13T02:57:33.874+0000][1][safepoint    ] Total time for which application threads were stopped: 0.0012343 seconds, Stopping threads took: 0.0005885 seconds
[2022-06-13T02:57:34.874+0000][1][safepoint    ] Application time: 1.0002177 seconds
[2022-06-13T02:57:34.875+0000][1][safepoint    ] Entering safepoint region: Cleanup
[2022-06-13T02:57:34.876+0000][1][safepoint    ] Leaving safepoint region
[2022-06-13T02:57:34.876+0000][1][safepoint    ] Total time for which application threads were stopped: 0.0007666 seconds, Stopping threads took: 0.0003431 seconds
[2022-06-13T02:57:35.876+0000][1][safepoint    ] Application time: 1.0002108 seconds
[2022-06-13T02:57:35.877+0000][1][safepoint    ] Entering safepoint region: Cleanup
[2022-06-13T02:57:35.878+0000][1][safepoint    ] Leaving safepoint region
[2022-06-13T02:57:35.878+0000][1][safepoint    ] Total time for which application threads were stopped: 0.0009226 seconds, Stopping threads took: 0.0003955 seconds
[2022-06-13T02:57:36.878+0000][1][safepoint    ] Application time: 1.0001146 seconds
[2022-06-13T02:57:36.879+0000][1][safepoint    ] Entering safepoint region: Cleanup
[2022-06-13T02:57:36.879+0000][1][safepoint    ] Leaving safepoint region
[2022-06-13T02:57:36.879+0000][1][safepoint    ] Total time for which application threads were stopped: 0.0004998 seconds, Stopping threads took: 0.0001970 seconds
[2022-06-13T02:57:37.880+0000][1][safepoint    ] Application time: 1.0001308 seconds
[2022-06-13T02:57:37.880+0000][1][safepoint    ] Entering safepoint region: Cleanup
[2022-06-13T02:57:37.880+0000][1][safepoint    ] Leaving safepoint region
[2022-06-13T02:57:37.880+0000][1][safepoint    ] Total time for which application threads were stopped: 0.0004907 seconds, Stopping threads took: 0.0002331 seconds
[2022-06-13T02:57:38.881+0000][1][safepoint    ] Application time: 1.0002052 seconds
[2022-06-13T02:57:38.881+0000][1][safepoint    ] Entering safepoint region: Cleanup
[2022-06-13T02:57:38.882+0000][1][safepoint    ] Leaving safepoint region
[2022-06-13T02:57:38.882+0000][1][safepoint    ] Total time for which application threads were stopped: 0.0007596 seconds, Stopping threads took: 0.0003248 seconds
[2022-06-13T02:57:39.882+0000][1][safepoint    ] Application time: 1.0002510 seconds
[2022-06-13T02:57:39.883+0000][1][safepoint    ] Entering safepoint region: Cleanup
[2022-06-13T02:57:39.884+0000][1][safepoint    ] Leaving safepoint region
[2022-06-13T02:57:39.884+0000][1][safepoint    ] Total time for which application threads were stopped: 0.0008530 seconds, Stopping threads took: 0.0003866 seconds
[2022-06-13T02:57:40.884+0000][1][safepoint    ] Application time: 1.0001817 seconds
[2022-06-13T02:57:40.885+0000][1][safepoint    ] Entering safepoint region: Cleanup
[2022-06-13T02:57:40.886+0000][1][safepoint    ] Leaving safepoint region
[2022-06-13T02:57:40.886+0000][1][safepoint    ] Total time for which application threads were stopped: 0.0009163 seconds, Stopping threads took: 0.0004491 seconds
[2022-06-13T02:57:41.886+0000][1][safepoint    ] Application time: 1.0001865 seconds
[2022-06-13T02:57:41.887+0000][1][safepoint    ] Entering safepoint region: Cleanup
[2022-06-13T02:57:41.887+0000][1][safepoint    ] Leaving safepoint region
[2022-06-13T02:57:41.888+0000][1][safepoint    ] Total time for which application threads were stopped: 0.0007201 seconds, Stopping threads took: 0.0003209 seconds
[2022-06-13T02:57:42.888+0000][1][safepoint    ] Application time: 1.0001186 seconds
[2022-06-13T02:57:42.888+0000][1][safepoint    ] Entering safepoint region: Cleanup
[2022-06-13T02:57:42.889+0000][1][safepoint    ] Leaving safepoint region
[2022-06-13T02:57:42.889+0000][1][safepoint    ] Total time for which application threads were stopped: 0.0004990 seconds, Stopping threads took: 0.0002023 seconds
[2022-06-13T02:57:43.889+0000][1][safepoint    ] Application time: 1.0002206 seconds
[2022-06-13T02:57:43.890+0000][1][safepoint    ] Entering safepoint region: Cleanup
[2022-06-13T02:57:43.890+0000][1][safepoint    ] Leaving safepoint region
[2022-06-13T02:57:43.890+0000][1][safepoint    ] Total time for which application threads were stopped: 0.0007472 seconds, Stopping threads took: 0.0003641 seconds
[2022-06-13T02:57:44.891+0000][1][safepoint    ] Application time: 1.0001975 seconds
[2022-06-13T02:57:44.891+0000][1][safepoint    ] Entering safepoint region: Cleanup
[2022-06-13T02:57:44.892+0000][1][safepoint    ] Leaving safepoint region
[2022-06-13T02:57:44.892+0000][1][safepoint    ] Total time for which application threads were stopped: 0.0006185 seconds, Stopping threads took: 0.0002505 seconds
[2022-06-13T02:57:45.892+0000][1][safepoint    ] Application time: 1.0001501 seconds
[2022-06-13T02:57:45.893+0000][1][safepoint    ] Entering safepoint region: Cleanup
[2022-06-13T02:57:45.893+0000][1][safepoint    ] Leaving safepoint region
[2022-06-13T02:57:45.893+0000][1][safepoint    ] Total time for which application threads were stopped: 0.0007699 seconds, Stopping threads took: 0.0003456 seconds
[2022-06-13T02:57:46.894+0000][1][safepoint    ] Application time: 1.0001746 seconds
[2022-06-13T02:57:46.894+0000][1][safepoint    ] Entering safepoint region: Cleanup
[2022-06-13T02:57:46.895+0000][1][safepoint    ] Leaving safepoint region
[2022-06-13T02:57:46.895+0000][1][safepoint    ] Total time for which application threads were stopped: 0.0007442 seconds, Stopping threads took: 0.0003715 seconds
[2022-06-13T02:57:47.896+0000][1][safepoint    ] Application time: 1.0002618 seconds
[2022-06-13T02:57:47.896+0000][1][safepoint    ] Entering safepoint region: Cleanup
[2022-06-13T02:57:47.896+0000][1][safepoint    ] Leaving safepoint region
[2022-06-13T02:57:47.896+0000][1][safepoint    ] Total time for which application threads were stopped: 0.0005531 seconds, Stopping threads took: 0.0002526 seconds
[2022-06-13T02:57:48.897+0000][1][safepoint    ] Application time: 1.0001348 seconds
[2022-06-13T02:57:48.897+0000][1][safepoint    ] Entering safepoint region: Cleanup
[2022-06-13T02:57:48.898+0000][1][safepoint    ] Leaving safepoint region
[2022-06-13T02:57:48.898+0000][1][safepoint    ] Total time for which application threads were stopped: 0.0008708 seconds, Stopping threads took: 0.0003113 seconds
[2022-06-13T02:57:49.899+0000][1][safepoint    ] Application time: 1.0002734 seconds
[2022-06-13T02:57:49.900+0000][1][safepoint    ] Entering safepoint region: Cleanup
[2022-06-13T02:57:49.900+0000][1][safepoint    ] Leaving safepoint region
[2022-06-13T02:57:49.900+0000][1][safepoint    ] Total time for which application threads were stopped: 0.0007446 seconds, Stopping threads took: 0.0003165 seconds
[2022-06-13T02:57:50.901+0000][1][safepoint    ] Application time: 1.0002191 seconds
[2022-06-13T02:57:50.902+0000][1][safepoint    ] Entering safepoint region: Cleanup
[2022-06-13T02:57:50.902+0000][1][safepoint    ] Leaving safepoint region
[2022-06-13T02:57:50.902+0000][1][safepoint    ] Total time for which application threads were stopped: 0.0008872 seconds, Stopping threads took: 0.0004123 seconds
[2022-06-13T02:57:51.903+0000][1][safepoint    ] Application time: 1.0002142 seconds
[2022-06-13T02:57:51.904+0000][1][safepoint    ] Entering safepoint region: Cleanup
[2022-06-13T02:57:51.904+0000][1][safepoint    ] Leaving safepoint region
[2022-06-13T02:57:51.904+0000][1][safepoint    ] Total time for which application threads were stopped: 0.0008839 seconds, Stopping threads took: 0.0003719 seconds
[2022-06-13T02:57:52.905+0000][1][safepoint    ] Application time: 1.0003028 seconds
[2022-06-13T02:57:52.906+0000][1][safepoint    ] Entering safepoint region: Cleanup
[2022-06-13T02:57:52.906+0000][1][safepoint    ] Leaving safepoint region
[2022-06-13T02:57:52.907+0000][1][safepoint    ] Total time for which application threads were stopped: 0.0011071 seconds, Stopping threads took: 0.0005532 seconds
[2022-06-13T02:57:53.908+0000][1][safepoint    ] Application time: 1.0001950 seconds
[2022-06-13T02:57:53.908+0000][1][safepoint    ] Entering safepoint region: Cleanup
[2022-06-13T02:57:53.909+0000][1][safepoint    ] Leaving safepoint region
[2022-06-13T02:57:53.910+0000][1][safepoint    ] Total time for which application threads were stopped: 0.0013680 seconds, Stopping threads took: 0.0005433 seconds
[2022-06-13T02:57:54.911+0000][1][safepoint    ] Application time: 1.0001893 seconds
[2022-06-13T02:57:54.911+0000][1][safepoint    ] Entering safepoint region: Cleanup
[2022-06-13T02:57:54.911+0000][1][safepoint    ] Leaving safepoint region
[2022-06-13T02:57:54.912+0000][1][safepoint    ] Total time for which application threads were stopped: 0.0006587 seconds, Stopping threads took: 0.0002647 seconds
[2022-06-13T02:57:55.912+0000][1][safepoint    ] Application time: 1.0001906 seconds
[2022-06-13T02:57:55.913+0000][1][safepoint    ] Entering safepoint region: Cleanup
[2022-06-13T02:57:55.913+0000][1][safepoint    ] Leaving safepoint region
[2022-06-13T02:57:55.913+0000][1][safepoint    ] Total time for which application threads were stopped: 0.0008217 seconds, Stopping threads took: 0.0003600 seconds
[2022-06-13T02:57:56.914+0000][1][safepoint    ] Application time: 1.0002060 seconds
[2022-06-13T02:57:56.914+0000][1][safepoint    ] Entering safepoint region: Cleanup
[2022-06-13T02:57:56.915+0000][1][safepoint    ] Leaving safepoint region
[2022-06-13T02:57:56.915+0000][1][safepoint    ] Total time for which application threads were stopped: 0.0007677 seconds, Stopping threads took: 0.0003306 seconds
[2022-06-13T02:57:57.916+0000][1][safepoint    ] Application time: 1.0002572 seconds
[2022-06-13T02:57:57.916+0000][1][safepoint    ] Entering safepoint region: Cleanup
[2022-06-13T02:57:57.917+0000][1][safepoint    ] Leaving safepoint region
[2022-06-13T02:57:57.917+0000][1][safepoint    ] Total time for which application threads were stopped: 0.0010358 seconds, Stopping threads took: 0.0004671 seconds
[2022-06-13T02:57:58.918+0000][1][safepoint    ] Application time: 1.0001919 seconds
[2022-06-13T02:57:58.919+0000][1][safepoint    ] Entering safepoint region: Cleanup
[2022-06-13T02:57:58.919+0000][1][safepoint    ] Leaving safepoint region
[2022-06-13T02:57:58.920+0000][1][safepoint    ] Total time for which application threads were stopped: 0.0010538 seconds, Stopping threads took: 0.0004683 seconds
[2022-06-13T02:57:59.920+0000][1][safepoint    ] Application time: 1.0001862 seconds
[2022-06-13T02:57:59.921+0000][1][safepoint    ] Entering safepoint region: Cleanup
[2022-06-13T02:57:59.921+0000][1][safepoint    ] Leaving safepoint region
[2022-06-13T02:57:59.921+0000][1][safepoint    ] Total time for which application threads were stopped: 0.0006190 seconds, Stopping threads took: 0.0002838 seconds
[2022-06-13T02:58:00.922+0000][1][safepoint    ] Application time: 1.0001982 seconds
[2022-06-13T02:58:00.922+0000][1][safepoint    ] Entering safepoint region: Cleanup
[2022-06-13T02:58:00.922+0000][1][safepoint    ] Leaving safepoint region
[2022-06-13T02:58:00.923+0000][1][safepoint    ] Total time for which application threads were stopped: 0.0003749 seconds, Stopping threads took: 0.0001721 seconds
[2022-06-13T02:58:01.923+0000][1][safepoint    ] Application time: 1.0001708 seconds
[2022-06-13T02:58:01.923+0000][1][safepoint    ] Entering safepoint region: Cleanup
[2022-06-13T02:58:01.924+0000][1][safepoint    ] Leaving safepoint region
[2022-06-13T02:58:01.924+0000][1][safepoint    ] Total time for which application threads were stopped: 0.0006689 seconds, Stopping threads took: 0.0002675 seconds
[2022-06-13T02:58:02.924+0000][1][safepoint    ] Application time: 1.0001951 seconds
[2022-06-13T02:58:02.925+0000][1][safepoint    ] Entering safepoint region: Cleanup
[2022-06-13T02:58:02.925+0000][1][safepoint    ] Leaving safepoint region
[2022-06-13T02:58:02.926+0000][1][safepoint    ] Total time for which application threads were stopped: 0.0012702 seconds, Stopping threads took: 0.0005189 seconds
[2022-06-13T02:58:03.927+0000][1][safepoint    ] Application time: 1.0001259 seconds
[2022-06-13T02:58:03.927+0000][1][safepoint    ] Entering safepoint region: Cleanup
[2022-06-13T02:58:03.928+0000][1][safepoint    ] Leaving safepoint region
[2022-06-13T02:58:03.928+0000][1][safepoint    ] Total time for which application threads were stopped: 0.0005308 seconds, Stopping threads took: 0.0002555 seconds
[2022-06-13T02:58:04.928+0000][1][safepoint    ] Application time: 1.0001284 seconds
[2022-06-13T02:58:04.929+0000][1][safepoint    ] Entering safepoint region: Cleanup
[2022-06-13T02:58:04.929+0000][1][safepoint    ] Leaving safepoint region
[2022-06-13T02:58:04.929+0000][1][safepoint    ] Total time for which application threads were stopped: 0.0006102 seconds, Stopping threads took: 0.0001783 seconds
[2022-06-13T02:58:05.929+0000][1][safepoint    ] Application time: 1.0001012 seconds
[2022-06-13T02:58:05.930+0000][1][safepoint    ] Entering safepoint region: Cleanup
[2022-06-13T02:58:05.930+0000][1][safepoint    ] Leaving safepoint region
[2022-06-13T02:58:05.930+0000][1][safepoint    ] Total time for which application threads were stopped: 0.0005318 seconds, Stopping threads took: 0.0002283 seconds
[2022-06-13T02:58:06.931+0000][1][safepoint    ] Application time: 1.0001470 seconds
[2022-06-13T02:58:06.931+0000][1][safepoint    ] Entering safepoint region: Cleanup
[2022-06-13T02:58:06.932+0000][1][safepoint    ] Leaving safepoint region
[2022-06-13T02:58:06.932+0000][1][safepoint    ] Total time for which application threads were stopped: 0.0007307 seconds, Stopping threads took: 0.0003817 seconds
[2022-06-13T02:58:07.932+0000][1][safepoint    ] Application time: 1.0001697 seconds
[2022-06-13T02:58:07.933+0000][1][safepoint    ] Entering safepoint region: Cleanup
[2022-06-13T02:58:07.933+0000][1][safepoint    ] Leaving safepoint region
[2022-06-13T02:58:07.933+0000][1][safepoint    ] Total time for which application threads were stopped: 0.0003184 seconds, Stopping threads took: 0.0001286 seconds
[2022-06-13T02:58:08.933+0000][1][safepoint    ] Application time: 1.0001362 seconds
[2022-06-13T02:58:08.933+0000][1][safepoint    ] Entering safepoint region: Cleanup
[2022-06-13T02:58:08.934+0000][1][safepoint    ] Leaving safepoint region
[2022-06-13T02:58:08.934+0000][1][safepoint    ] Total time for which application threads were stopped: 0.0005788 seconds, Stopping threads took: 0.0002512 seconds
[2022-06-13T02:58:09.934+0000][1][safepoint    ] Application time: 1.0001046 seconds
[2022-06-13T02:58:09.935+0000][1][safepoint    ] Entering safepoint region: Cleanup
[2022-06-13T02:58:09.935+0000][1][safepoint    ] Leaving safepoint region
[2022-06-13T02:58:09.935+0000][1][safepoint    ] Total time for which application threads were stopped: 0.0003821 seconds, Stopping threads took: 0.0001571 seconds
[2022-06-13T02:58:10.935+0000][1][safepoint    ] Application time: 1.0002459 seconds
[2022-06-13T02:58:10.936+0000][1][safepoint    ] Entering safepoint region: Cleanup
[2022-06-13T02:58:10.936+0000][1][safepoint    ] Leaving safepoint region
[2022-06-13T02:58:10.936+0000][1][safepoint    ] Total time for which application threads were stopped: 0.0006898 seconds, Stopping threads took: 0.0001996 seconds
[2022-06-13T02:58:11.937+0000][1][safepoint    ] Application time: 1.0001387 seconds
[2022-06-13T02:58:11.937+0000][1][safepoint    ] Entering safepoint region: Cleanup
[2022-06-13T02:58:11.938+0000][1][safepoint    ] Leaving safepoint region
[2022-06-13T02:58:11.938+0000][1][safepoint    ] Total time for which application threads were stopped: 0.0009394 seconds, Stopping threads took: 0.0004994 seconds
[2022-06-13T02:58:12.939+0000][1][safepoint    ] Application time: 1.0001683 seconds
[2022-06-13T02:58:12.939+0000][1][safepoint    ] Entering safepoint region: Cleanup
[2022-06-13T02:58:12.940+0000][1][safepoint    ] Leaving safepoint region
[2022-06-13T02:58:12.940+0000][1][safepoint    ] Total time for which application threads were stopped: 0.0006391 seconds, Stopping threads took: 0.0003624 seconds
[2022-06-13T02:58:13.940+0000][1][safepoint    ] Application time: 1.0002458 seconds
[2022-06-13T02:58:13.941+0000][1][safepoint    ] Entering safepoint region: Cleanup
[2022-06-13T02:58:13.941+0000][1][safepoint    ] Leaving safepoint region
[2022-06-13T02:58:13.942+0000][1][safepoint    ] Total time for which application threads were stopped: 0.0008559 seconds, Stopping threads took: 0.0003569 seconds
[2022-06-13T02:58:14.943+0000][1][safepoint    ] Application time: 1.0003194 seconds
[2022-06-13T02:58:14.943+0000][1][safepoint    ] Entering safepoint region: Cleanup
[2022-06-13T02:58:14.944+0000][1][safepoint    ] Leaving safepoint region
[2022-06-13T02:58:14.944+0000][1][safepoint    ] Total time for which application threads were stopped: 0.0011092 seconds, Stopping threads took: 0.0005068 seconds
[2022-06-13T02:58:15.945+0000][1][safepoint    ] Application time: 1.0002467 seconds
[2022-06-13T02:58:15.946+0000][1][safepoint    ] Entering safepoint region: Cleanup
[2022-06-13T02:58:15.946+0000][1][safepoint    ] Leaving safepoint region
[2022-06-13T02:58:15.946+0000][1][safepoint    ] Total time for which application threads were stopped: 0.0009424 seconds, Stopping threads took: 0.0005063 seconds
[2022-06-13T02:58:16.947+0000][1][safepoint    ] Application time: 1.0002399 seconds
[2022-06-13T02:58:16.947+0000][1][safepoint    ] Entering safepoint region: Cleanup
[2022-06-13T02:58:16.948+0000][1][safepoint    ] Leaving safepoint region
[2022-06-13T02:58:16.948+0000][1][safepoint    ] Total time for which application threads were stopped: 0.0006082 seconds, Stopping threads took: 0.0002988 seconds
[2022-06-13T02:58:17.948+0000][1][safepoint    ] Application time: 1.0001692 seconds
[2022-06-13T02:58:17.949+0000][1][safepoint    ] Entering safepoint region: Cleanup
[2022-06-13T02:58:17.949+0000][1][safepoint    ] Leaving safepoint region
[2022-06-13T02:58:17.949+0000][1][safepoint    ] Total time for which application threads were stopped: 0.0006731 seconds, Stopping threads took: 0.0002883 seconds
[2022-06-13T02:58:18.950+0000][1][safepoint    ] Application time: 1.0001307 seconds
[2022-06-13T02:58:18.950+0000][1][safepoint    ] Entering safepoint region: Cleanup
[2022-06-13T02:58:18.951+0000][1][safepoint    ] Leaving safepoint region
[2022-06-13T02:58:18.951+0000][1][safepoint    ] Total time for which application threads were stopped: 0.0007324 seconds, Stopping threads took: 0.0004164 seconds
[2022-06-13T02:58:19.951+0000][1][safepoint    ] Application time: 1.0002392 seconds
[2022-06-13T02:58:19.952+0000][1][safepoint    ] Entering safepoint region: Cleanup
[2022-06-13T02:58:19.952+0000][1][safepoint    ] Leaving safepoint region
[2022-06-13T02:58:19.953+0000][1][safepoint    ] Total time for which application threads were stopped: 0.0008293 seconds, Stopping threads took: 0.0004812 seconds
[2022-06-13T02:58:20.953+0000][1][safepoint    ] Application time: 1.0001664 seconds
[2022-06-13T02:58:20.954+0000][1][safepoint    ] Entering safepoint region: Cleanup
[2022-06-13T02:58:20.954+0000][1][safepoint    ] Leaving safepoint region
[2022-06-13T02:58:20.955+0000][1][safepoint    ] Total time for which application threads were stopped: 0.0011019 seconds, Stopping threads took: 0.0005363 seconds
[2022-06-13T02:58:21.955+0000][1][safepoint    ] Application time: 1.0003401 seconds
[2022-06-13T02:58:21.956+0000][1][safepoint    ] Entering safepoint region: Cleanup
[2022-06-13T02:58:21.956+0000][1][safepoint    ] Leaving safepoint region
[2022-06-13T02:58:21.956+0000][1][safepoint    ] Total time for which application threads were stopped: 0.0005872 seconds, Stopping threads took: 0.0003074 seconds
[2022-06-13T02:58:22.957+0000][1][safepoint    ] Application time: 1.0001331 seconds
[2022-06-13T02:58:22.957+0000][1][safepoint    ] Entering safepoint region: Cleanup
[2022-06-13T02:58:22.957+0000][1][safepoint    ] Leaving safepoint region
[2022-06-13T02:58:22.958+0000][1][safepoint    ] Total time for which application threads were stopped: 0.0006539 seconds, Stopping threads took: 0.0003078 seconds
[2022-06-13T02:58:23.959+0000][1][safepoint    ] Application time: 1.0002535 seconds
[2022-06-13T02:58:23.959+0000][1][safepoint    ] Entering safepoint region: Cleanup
[2022-06-13T02:58:23.959+0000][1][safepoint    ] Leaving safepoint region
[2022-06-13T02:58:23.960+0000][1][safepoint    ] Total time for which application threads were stopped: 0.0006951 seconds, Stopping threads took: 0.0003233 seconds
[2022-06-13T02:58:24.960+0000][1][safepoint    ] Application time: 1.0002423 seconds
[2022-06-13T02:58:24.961+0000][1][safepoint    ] Entering safepoint region: Cleanup
[2022-06-13T02:58:24.961+0000][1][safepoint    ] Leaving safepoint region
[2022-06-13T02:58:24.961+0000][1][safepoint    ] Total time for which application threads were stopped: 0.0008176 seconds, Stopping threads took: 0.0004786 seconds
[2022-06-13T02:58:25.962+0000][1][safepoint    ] Application time: 1.0003001 seconds
[2022-06-13T02:58:25.963+0000][1][safepoint    ] Entering safepoint region: Cleanup
[2022-06-13T02:58:25.963+0000][1][safepoint    ] Leaving safepoint region
[2022-06-13T02:58:25.964+0000][1][safepoint    ] Total time for which application threads were stopped: 0.0011135 seconds, Stopping threads took: 0.0004711 seconds
[2022-06-13T02:58:26.964+0000][1][safepoint    ] Application time: 1.0002239 seconds
[2022-06-13T02:58:26.965+0000][1][safepoint    ] Entering safepoint region: Cleanup
[2022-06-13T02:58:26.965+0000][1][safepoint    ] Leaving safepoint region
[2022-06-13T02:58:26.966+0000][1][safepoint    ] Total time for which application threads were stopped: 0.0007833 seconds, Stopping threads took: 0.0003634 seconds
[2022-06-13T02:58:27.966+0000][1][safepoint    ] Application time: 1.0001845 seconds
[2022-06-13T02:58:27.967+0000][1][safepoint    ] Entering safepoint region: Cleanup
[2022-06-13T02:58:27.968+0000][1][safepoint    ] Leaving safepoint region
[2022-06-13T02:58:27.968+0000][1][safepoint    ] Total time for which application threads were stopped: 0.0011594 seconds, Stopping threads took: 0.0005214 seconds
[2022-06-13T02:58:28.968+0000][1][safepoint    ] Application time: 1.0001873 seconds
[2022-06-13T02:58:28.969+0000][1][safepoint    ] Entering safepoint region: Cleanup
[2022-06-13T02:58:28.969+0000][1][safepoint    ] Leaving safepoint region
[2022-06-13T02:58:28.970+0000][1][safepoint    ] Total time for which application threads were stopped: 0.0008944 seconds, Stopping threads took: 0.0004740 seconds
[2022-06-13T02:58:29.970+0000][1][safepoint    ] Application time: 1.0002447 seconds
[2022-06-13T02:58:29.971+0000][1][safepoint    ] Entering safepoint region: Cleanup
[2022-06-13T02:58:29.971+0000][1][safepoint    ] Leaving safepoint region
[2022-06-13T02:58:29.972+0000][1][safepoint    ] Total time for which application threads were stopped: 0.0007863 seconds, Stopping threads took: 0.0004883 seconds
[2022-06-13T02:58:30.972+0000][1][safepoint    ] Application time: 1.0003679 seconds
[2022-06-13T02:58:30.973+0000][1][safepoint    ] Entering safepoint region: Cleanup
[2022-06-13T02:58:30.973+0000][1][safepoint    ] Leaving safepoint region
[2022-06-13T02:58:30.974+0000][1][safepoint    ] Total time for which application threads were stopped: 0.0011224 seconds, Stopping threads took: 0.0004597 seconds
[2022-06-13T02:58:31.975+0000][1][safepoint    ] Application time: 1.0002516 seconds
[2022-06-13T02:58:31.975+0000][1][safepoint    ] Entering safepoint region: Cleanup
[2022-06-13T02:58:31.976+0000][1][safepoint    ] Leaving safepoint region
[2022-06-13T02:58:31.976+0000][1][safepoint    ] Total time for which application threads were stopped: 0.0005157 seconds, Stopping threads took: 0.0003357 seconds
[2022-06-13T02:58:32.976+0000][1][safepoint    ] Application time: 1.0001452 seconds
[2022-06-13T02:58:32.976+0000][1][safepoint    ] Entering safepoint region: Cleanup
[2022-06-13T02:58:32.977+0000][1][safepoint    ] Leaving safepoint region
[2022-06-13T02:58:32.977+0000][1][safepoint    ] Total time for which application threads were stopped: 0.0007724 seconds, Stopping threads took: 0.0004997 seconds
[2022-06-13T02:58:33.978+0000][1][safepoint    ] Application time: 1.0003251 seconds
[2022-06-13T02:58:33.978+0000][1][safepoint    ] Entering safepoint region: Cleanup
[2022-06-13T02:58:33.979+0000][1][safepoint    ] Leaving safepoint region
[2022-06-13T02:58:33.979+0000][1][safepoint    ] Total time for which application threads were stopped: 0.0012102 seconds, Stopping threads took: 0.0005784 seconds
[2022-06-13T02:58:34.808+0000][1][safepoint    ] Application time: 0.8280416 seconds
[2022-06-13T02:58:34.808+0000][1][safepoint    ] Entering safepoint region: GenCollectForAllocation
[2022-06-13T02:58:34.809+0000][1][gc,start     ] GC(23) Pause Young (Allocation Failure)
[2022-06-13T02:58:34.809+0000][1][gc,task      ] GC(23) Using 5 workers of 13 for evacuation
[2022-06-13T02:58:34.814+0000][1][gc,age       ] GC(23) Desired survivor size 4456448 bytes, new threshold 6 (max threshold 6)
[2022-06-13T02:58:34.814+0000][1][gc,age       ] GC(23) Age table with threshold 6 (max threshold 6)
[2022-06-13T02:58:34.815+0000][1][gc,age       ] GC(23) - age   1:      66848 bytes,      66848 total
[2022-06-13T02:58:34.815+0000][1][gc,age       ] GC(23) - age   2:     701024 bytes,     767872 total
[2022-06-13T02:58:34.816+0000][1][gc,heap      ] GC(23) ParNew: 77022K->4584K(78656K)
[2022-06-13T02:58:34.816+0000][1][gc,heap      ] GC(23) CMS: 64148K->67999K(174784K)
[2022-06-13T02:58:34.817+0000][1][gc,metaspace ] GC(23) Metaspace: 64082K->64082K(1107968K)
[2022-06-13T02:58:34.817+0000][1][gc           ] GC(23) Pause Young (Allocation Failure) 137M->70M(247M) 8.293ms
[2022-06-13T02:58:34.817+0000][1][gc,cpu       ] GC(23) User=0.02s Sys=0.00s Real=0.01s
[2022-06-13T02:58:34.818+0000][1][safepoint    ] Leaving safepoint region
[2022-06-13T02:58:34.818+0000][1][safepoint    ] Total time for which application threads were stopped: 0.0100639 seconds, Stopping threads took: 0.0003647 seconds
[2022-06-13T02:58:35.819+0000][1][safepoint    ] Application time: 1.0002069 seconds
[2022-06-13T02:58:35.819+0000][1][safepoint    ] Entering safepoint region: Cleanup
[2022-06-13T02:58:35.820+0000][1][safepoint    ] Leaving safepoint region
[2022-06-13T02:58:35.820+0000][1][safepoint    ] Total time for which application threads were stopped: 0.0006694 seconds, Stopping threads took: 0.0003357 seconds
[2022-06-13T02:58:36.821+0000][1][safepoint    ] Application time: 1.0002390 seconds
[2022-06-13T02:58:36.821+0000][1][safepoint    ] Entering safepoint region: Cleanup
[2022-06-13T02:58:36.822+0000][1][safepoint    ] Leaving safepoint region
[2022-06-13T02:58:36.822+0000][1][safepoint    ] Total time for which application threads were stopped: 0.0010540 seconds, Stopping threads took: 0.0004725 seconds
[2022-06-13T02:58:37.823+0000][1][safepoint    ] Application time: 1.0002037 seconds
[2022-06-13T02:58:37.823+0000][1][safepoint    ] Entering safepoint region: Cleanup
[2022-06-13T02:58:37.824+0000][1][safepoint    ] Leaving safepoint region
[2022-06-13T02:58:37.824+0000][1][safepoint    ] Total time for which application threads were stopped: 0.0006856 seconds, Stopping threads took: 0.0003455 seconds
[2022-06-13T02:58:38.825+0000][1][safepoint    ] Application time: 1.0001829 seconds
[2022-06-13T02:58:38.825+0000][1][safepoint    ] Entering safepoint region: Cleanup
[2022-06-13T02:58:38.826+0000][1][safepoint    ] Leaving safepoint region
[2022-06-13T02:58:38.826+0000][1][safepoint    ] Total time for which application threads were stopped: 0.0010107 seconds, Stopping threads took: 0.0004276 seconds
[2022-06-13T02:58:39.827+0000][1][safepoint    ] Application time: 1.0002719 seconds
[2022-06-13T02:58:39.827+0000][1][safepoint    ] Entering safepoint region: Cleanup
[2022-06-13T02:58:39.828+0000][1][safepoint    ] Leaving safepoint region
[2022-06-13T02:58:39.828+0000][1][safepoint    ] Total time for which application threads were stopped: 0.0009696 seconds, Stopping threads took: 0.0004890 seconds
[2022-06-13T02:58:40.829+0000][1][safepoint    ] Application time: 1.0003647 seconds
[2022-06-13T02:58:40.829+0000][1][safepoint    ] Entering safepoint region: Cleanup
[2022-06-13T02:58:40.830+0000][1][safepoint    ] Leaving safepoint region
[2022-06-13T02:58:40.830+0000][1][safepoint    ] Total time for which application threads were stopped: 0.0006481 seconds, Stopping threads took: 0.0003343 seconds
[2022-06-13T02:58:41.830+0000][1][safepoint    ] Application time: 1.0001386 seconds
[2022-06-13T02:58:41.831+0000][1][safepoint    ] Entering safepoint region: Cleanup
[2022-06-13T02:58:41.831+0000][1][safepoint    ] Leaving safepoint region
[2022-06-13T02:58:41.831+0000][1][safepoint    ] Total time for which application threads were stopped: 0.0006271 seconds, Stopping threads took: 0.0003297 seconds
[2022-06-13T02:58:42.832+0000][1][safepoint    ] Application time: 1.0001690 seconds
[2022-06-13T02:58:42.832+0000][1][safepoint    ] Entering safepoint region: Cleanup
[2022-06-13T02:58:42.832+0000][1][safepoint    ] Leaving safepoint region
[2022-06-13T02:58:42.833+0000][1][safepoint    ] Total time for which application threads were stopped: 0.0007520 seconds, Stopping threads took: 0.0003304 seconds
[2022-06-13T02:58:43.833+0000][1][safepoint    ] Application time: 1.0000930 seconds
[2022-06-13T02:58:43.834+0000][1][safepoint    ] Entering safepoint region: Cleanup
[2022-06-13T02:58:43.834+0000][1][safepoint    ] Leaving safepoint region
[2022-06-13T02:58:43.834+0000][1][safepoint    ] Total time for which application threads were stopped: 0.0005198 seconds, Stopping threads took: 0.0002119 seconds
[2022-06-13T02:58:44.835+0000][1][safepoint    ] Application time: 1.0002502 seconds
[2022-06-13T02:58:44.835+0000][1][safepoint    ] Entering safepoint region: Cleanup
[2022-06-13T02:58:44.835+0000][1][safepoint    ] Leaving safepoint region
[2022-06-13T02:58:44.835+0000][1][safepoint    ] Total time for which application threads were stopped: 0.0005299 seconds, Stopping threads took: 0.0002781 seconds
[2022-06-13T02:58:45.836+0000][1][safepoint    ] Application time: 1.0001771 seconds
[2022-06-13T02:58:45.836+0000][1][safepoint    ] Entering safepoint region: Cleanup
[2022-06-13T02:58:45.837+0000][1][safepoint    ] Leaving safepoint region
[2022-06-13T02:58:45.838+0000][1][safepoint    ] Total time for which application threads were stopped: 0.0011121 seconds, Stopping threads took: 0.0005289 seconds
[2022-06-13T02:58:46.838+0000][1][safepoint    ] Application time: 1.0001931 seconds
[2022-06-13T02:58:46.839+0000][1][safepoint    ] Entering safepoint region: Cleanup
[2022-06-13T02:58:46.840+0000][1][safepoint    ] Leaving safepoint region
[2022-06-13T02:58:46.840+0000][1][safepoint    ] Total time for which application threads were stopped: 0.0011813 seconds, Stopping threads took: 0.0004555 seconds
[2022-06-13T02:58:47.841+0000][1][safepoint    ] Application time: 1.0002208 seconds
[2022-06-13T02:58:47.841+0000][1][safepoint    ] Entering safepoint region: Cleanup
[2022-06-13T02:58:47.842+0000][1][safepoint    ] Leaving safepoint region
[2022-06-13T02:58:47.842+0000][1][safepoint    ] Total time for which application threads were stopped: 0.0005999 seconds, Stopping threads took: 0.0002320 seconds
[2022-06-13T02:58:48.842+0000][1][safepoint    ] Application time: 1.0002145 seconds
[2022-06-13T02:58:48.843+0000][1][safepoint    ] Entering safepoint region: Cleanup
[2022-06-13T02:58:48.843+0000][1][safepoint    ] Leaving safepoint region
[2022-06-13T02:58:48.844+0000][1][safepoint    ] Total time for which application threads were stopped: 0.0008018 seconds, Stopping threads took: 0.0004321 seconds
[2022-06-13T02:58:49.844+0000][1][safepoint    ] Application time: 1.0001978 seconds
[2022-06-13T02:58:49.845+0000][1][safepoint    ] Entering safepoint region: Cleanup
[2022-06-13T02:58:49.845+0000][1][safepoint    ] Leaving safepoint region
[2022-06-13T02:58:49.845+0000][1][safepoint    ] Total time for which application threads were stopped: 0.0007227 seconds, Stopping threads took: 0.0003548 seconds
[2022-06-13T02:58:50.846+0000][1][safepoint    ] Application time: 1.0003531 seconds
[2022-06-13T02:58:50.847+0000][1][safepoint    ] Entering safepoint region: Cleanup
[2022-06-13T02:58:50.847+0000][1][safepoint    ] Leaving safepoint region
[2022-06-13T02:58:50.848+0000][1][safepoint    ] Total time for which application threads were stopped: 0.0011669 seconds, Stopping threads took: 0.0005378 seconds
[2022-06-13T02:58:51.849+0000][1][safepoint    ] Application time: 1.0001987 seconds
[2022-06-13T02:58:51.849+0000][1][safepoint    ] Entering safepoint region: Cleanup
[2022-06-13T02:58:51.849+0000][1][safepoint    ] Leaving safepoint region
[2022-06-13T02:58:51.850+0000][1][safepoint    ] Total time for which application threads were stopped: 0.0004562 seconds, Stopping threads took: 0.0001728 seconds
[2022-06-13T02:58:52.850+0000][1][safepoint    ] Application time: 1.0001101 seconds
[2022-06-13T02:58:52.850+0000][1][safepoint    ] Entering safepoint region: Cleanup
[2022-06-13T02:58:52.851+0000][1][safepoint    ] Leaving safepoint region
[2022-06-13T02:58:52.851+0000][1][safepoint    ] Total time for which application threads were stopped: 0.0006088 seconds, Stopping threads took: 0.0002568 seconds
[2022-06-13T02:58:53.851+0000][1][safepoint    ] Application time: 1.0002050 seconds
[2022-06-13T02:58:53.852+0000][1][safepoint    ] Entering safepoint region: Cleanup
[2022-06-13T02:58:53.852+0000][1][safepoint    ] Leaving safepoint region
[2022-06-13T02:58:53.853+0000][1][safepoint    ] Total time for which application threads were stopped: 0.0007460 seconds, Stopping threads took: 0.0003285 seconds
[2022-06-13T02:58:54.853+0000][1][safepoint    ] Application time: 1.0002262 seconds
[2022-06-13T02:58:54.854+0000][1][safepoint    ] Entering safepoint region: Cleanup
[2022-06-13T02:58:54.854+0000][1][safepoint    ] Leaving safepoint region
[2022-06-13T02:58:54.854+0000][1][safepoint    ] Total time for which application threads were stopped: 0.0006967 seconds, Stopping threads took: 0.0003485 seconds
[2022-06-13T02:58:55.855+0000][1][safepoint    ] Application time: 1.0002026 seconds
[2022-06-13T02:58:55.855+0000][1][safepoint    ] Entering safepoint region: Cleanup
[2022-06-13T02:58:55.855+0000][1][safepoint    ] Leaving safepoint region
[2022-06-13T02:58:55.856+0000][1][safepoint    ] Total time for which application threads were stopped: 0.0005041 seconds, Stopping threads took: 0.0002203 seconds
[2022-06-13T02:58:56.856+0000][1][safepoint    ] Application time: 1.0002391 seconds
[2022-06-13T02:58:56.857+0000][1][safepoint    ] Entering safepoint region: Cleanup
[2022-06-13T02:58:56.857+0000][1][safepoint    ] Leaving safepoint region
[2022-06-13T02:58:56.857+0000][1][safepoint    ] Total time for which application threads were stopped: 0.0006439 seconds, Stopping threads took: 0.0003635 seconds
[2022-06-13T02:58:57.858+0000][1][safepoint    ] Application time: 1.0001984 seconds
[2022-06-13T02:58:57.858+0000][1][safepoint    ] Entering safepoint region: Cleanup
[2022-06-13T02:58:57.859+0000][1][safepoint    ] Leaving safepoint region
[2022-06-13T02:58:57.859+0000][1][safepoint    ] Total time for which application threads were stopped: 0.0007976 seconds, Stopping threads took: 0.0003666 seconds
[2022-06-13T02:58:58.860+0000][1][safepoint    ] Application time: 1.0003447 seconds
[2022-06-13T02:58:58.860+0000][1][safepoint    ] Entering safepoint region: Cleanup
[2022-06-13T02:58:58.861+0000][1][safepoint    ] Leaving safepoint region
[2022-06-13T02:58:58.861+0000][1][safepoint    ] Total time for which application threads were stopped: 0.0009530 seconds, Stopping threads took: 0.0004750 seconds
[2022-06-13T02:58:59.862+0000][1][safepoint    ] Application time: 1.0002548 seconds
[2022-06-13T02:58:59.863+0000][1][safepoint    ] Entering safepoint region: Cleanup
[2022-06-13T02:58:59.863+0000][1][safepoint    ] Leaving safepoint region
[2022-06-13T02:58:59.863+0000][1][safepoint    ] Total time for which application threads were stopped: 0.0007544 seconds, Stopping threads took: 0.0003807 seconds
[2022-06-13T02:59:00.864+0000][1][safepoint    ] Application time: 1.0001919 seconds
[2022-06-13T02:59:00.865+0000][1][safepoint    ] Entering safepoint region: Cleanup
[2022-06-13T02:59:00.865+0000][1][safepoint    ] Leaving safepoint region
[2022-06-13T02:59:00.865+0000][1][safepoint    ] Total time for which application threads were stopped: 0.0008058 seconds, Stopping threads took: 0.0003737 seconds
[2022-06-13T02:59:01.866+0000][1][safepoint    ] Application time: 1.0001938 seconds
[2022-06-13T02:59:01.866+0000][1][safepoint    ] Entering safepoint region: Cleanup
[2022-06-13T02:59:01.867+0000][1][safepoint    ] Leaving safepoint region
[2022-06-13T02:59:01.867+0000][1][safepoint    ] Total time for which application threads were stopped: 0.0007020 seconds, Stopping threads took: 0.0003360 seconds
[2022-06-13T02:59:02.868+0000][1][safepoint    ] Application time: 1.0001878 seconds
[2022-06-13T02:59:02.868+0000][1][safepoint    ] Entering safepoint region: Cleanup
[2022-06-13T02:59:02.868+0000][1][safepoint    ] Leaving safepoint region
[2022-06-13T02:59:02.869+0000][1][safepoint    ] Total time for which application threads were stopped: 0.0009645 seconds, Stopping threads took: 0.0004771 seconds
[2022-06-13T02:59:03.869+0000][1][safepoint    ] Application time: 1.0001838 seconds
[2022-06-13T02:59:03.870+0000][1][safepoint    ] Entering safepoint region: Cleanup
[2022-06-13T02:59:03.871+0000][1][safepoint    ] Leaving safepoint region
[2022-06-13T02:59:03.871+0000][1][safepoint    ] Total time for which application threads were stopped: 0.0011818 seconds, Stopping threads took: 0.0005919 seconds
[2022-06-13T02:59:04.872+0000][1][safepoint    ] Application time: 1.0001911 seconds
[2022-06-13T02:59:04.873+0000][1][safepoint    ] Entering safepoint region: Cleanup
[2022-06-13T02:59:04.873+0000][1][safepoint    ] Leaving safepoint region
[2022-06-13T02:59:04.874+0000][1][safepoint    ] Total time for which application threads were stopped: 0.0008325 seconds, Stopping threads took: 0.0004204 seconds
[2022-06-13T02:59:05.874+0000][1][safepoint    ] Application time: 1.0002079 seconds
[2022-06-13T02:59:05.875+0000][1][safepoint    ] Entering safepoint region: Cleanup
[2022-06-13T02:59:05.875+0000][1][safepoint    ] Leaving safepoint region
[2022-06-13T02:59:05.876+0000][1][safepoint    ] Total time for which application threads were stopped: 0.0009421 seconds, Stopping threads took: 0.0004300 seconds
[2022-06-13T02:59:06.876+0000][1][safepoint    ] Application time: 1.0002083 seconds
[2022-06-13T02:59:06.877+0000][1][safepoint    ] Entering safepoint region: Cleanup
[2022-06-13T02:59:06.878+0000][1][safepoint    ] Leaving safepoint region
[2022-06-13T02:59:06.878+0000][1][safepoint    ] Total time for which application threads were stopped: 0.0010261 seconds, Stopping threads took: 0.0004916 seconds
[2022-06-13T02:59:07.879+0000][1][safepoint    ] Application time: 1.0001452 seconds
[2022-06-13T02:59:07.879+0000][1][safepoint    ] Entering safepoint region: Cleanup
[2022-06-13T02:59:07.880+0000][1][safepoint    ] Leaving safepoint region
[2022-06-13T02:59:07.880+0000][1][safepoint    ] Total time for which application threads were stopped: 0.0012556 seconds, Stopping threads took: 0.0005903 seconds
[2022-06-13T02:59:08.881+0000][1][safepoint    ] Application time: 1.0001410 seconds
[2022-06-13T02:59:08.882+0000][1][safepoint    ] Entering safepoint region: Cleanup
[2022-06-13T02:59:08.882+0000][1][safepoint    ] Leaving safepoint region
[2022-06-13T02:59:08.882+0000][1][safepoint    ] Total time for which application threads were stopped: 0.0008141 seconds, Stopping threads took: 0.0003786 seconds
[2022-06-13T02:59:09.883+0000][1][safepoint    ] Application time: 1.0002384 seconds
[2022-06-13T02:59:09.884+0000][1][safepoint    ] Entering safepoint region: Cleanup
[2022-06-13T02:59:09.884+0000][1][safepoint    ] Leaving safepoint region
[2022-06-13T02:59:09.884+0000][1][safepoint    ] Total time for which application threads were stopped: 0.0007875 seconds, Stopping threads took: 0.0003907 seconds
[2022-06-13T02:59:10.885+0000][1][safepoint    ] Application time: 1.0002031 seconds
[2022-06-13T02:59:10.885+0000][1][safepoint    ] Entering safepoint region: Cleanup
[2022-06-13T02:59:10.886+0000][1][safepoint    ] Leaving safepoint region
[2022-06-13T02:59:10.886+0000][1][safepoint    ] Total time for which application threads were stopped: 0.0005570 seconds, Stopping threads took: 0.0002594 seconds
[2022-06-13T02:59:11.886+0000][1][safepoint    ] Application time: 1.0002550 seconds
[2022-06-13T02:59:11.887+0000][1][safepoint    ] Entering safepoint region: Cleanup
[2022-06-13T02:59:11.887+0000][1][safepoint    ] Leaving safepoint region
[2022-06-13T02:59:11.888+0000][1][safepoint    ] Total time for which application threads were stopped: 0.0007155 seconds, Stopping threads took: 0.0003812 seconds
[2022-06-13T02:59:12.888+0000][1][safepoint    ] Application time: 1.0001659 seconds
[2022-06-13T02:59:12.889+0000][1][safepoint    ] Entering safepoint region: Cleanup
[2022-06-13T02:59:12.889+0000][1][safepoint    ] Leaving safepoint region
[2022-06-13T02:59:12.889+0000][1][safepoint    ] Total time for which application threads were stopped: 0.0007690 seconds, Stopping threads took: 0.0003539 seconds
[2022-06-13T02:59:13.890+0000][1][safepoint    ] Application time: 1.0001566 seconds
[2022-06-13T02:59:13.890+0000][1][safepoint    ] Entering safepoint region: Cleanup
[2022-06-13T02:59:13.891+0000][1][safepoint    ] Leaving safepoint region
[2022-06-13T02:59:13.891+0000][1][safepoint    ] Total time for which application threads were stopped: 0.0004935 seconds, Stopping threads took: 0.0002318 seconds
[2022-06-13T02:59:14.891+0000][1][safepoint    ] Application time: 1.0002069 seconds
[2022-06-13T02:59:14.892+0000][1][safepoint    ] Entering safepoint region: Cleanup
[2022-06-13T02:59:14.892+0000][1][safepoint    ] Leaving safepoint region
[2022-06-13T02:59:14.893+0000][1][safepoint    ] Total time for which application threads were stopped: 0.0008372 seconds, Stopping threads took: 0.0003913 seconds
[2022-06-13T02:59:15.893+0000][1][safepoint    ] Application time: 1.0002217 seconds
[2022-06-13T02:59:15.894+0000][1][safepoint    ] Entering safepoint region: Cleanup
[2022-06-13T02:59:15.894+0000][1][safepoint    ] Leaving safepoint region
[2022-06-13T02:59:15.894+0000][1][safepoint    ] Total time for which application threads were stopped: 0.0006118 seconds, Stopping threads took: 0.0002767 seconds
[2022-06-13T02:59:16.895+0000][1][safepoint    ] Application time: 1.0002615 seconds
[2022-06-13T02:59:16.895+0000][1][safepoint    ] Entering safepoint region: Cleanup
[2022-06-13T02:59:16.896+0000][1][safepoint    ] Leaving safepoint region
[2022-06-13T02:59:16.896+0000][1][safepoint    ] Total time for which application threads were stopped: 0.0007968 seconds, Stopping threads took: 0.0003530 seconds
[2022-06-13T02:59:17.896+0000][1][safepoint    ] Application time: 1.0001373 seconds
[2022-06-13T02:59:17.897+0000][1][safepoint    ] Entering safepoint region: Cleanup
[2022-06-13T02:59:17.897+0000][1][safepoint    ] Leaving safepoint region
[2022-06-13T02:59:17.897+0000][1][safepoint    ] Total time for which application threads were stopped: 0.0003112 seconds, Stopping threads took: 0.0001379 seconds
[2022-06-13T02:59:18.897+0000][1][safepoint    ] Application time: 1.0002297 seconds
[2022-06-13T02:59:18.898+0000][1][safepoint    ] Entering safepoint region: Cleanup
[2022-06-13T02:59:18.898+0000][1][safepoint    ] Leaving safepoint region
[2022-06-13T02:59:18.898+0000][1][safepoint    ] Total time for which application threads were stopped: 0.0004317 seconds, Stopping threads took: 0.0001938 seconds
[2022-06-13T02:59:19.899+0000][1][safepoint    ] Application time: 1.0002066 seconds
[2022-06-13T02:59:19.899+0000][1][safepoint    ] Entering safepoint region: Cleanup
[2022-06-13T02:59:19.899+0000][1][safepoint    ] Leaving safepoint region
[2022-06-13T02:59:19.900+0000][1][safepoint    ] Total time for which application threads were stopped: 0.0006795 seconds, Stopping threads took: 0.0003084 seconds
[2022-06-13T02:59:20.900+0000][1][safepoint    ] Application time: 1.0001443 seconds
[2022-06-13T02:59:20.901+0000][1][safepoint    ] Entering safepoint region: Cleanup
[2022-06-13T02:59:20.901+0000][1][safepoint    ] Leaving safepoint region
[2022-06-13T02:59:20.902+0000][1][safepoint    ] Total time for which application threads were stopped: 0.0012155 seconds, Stopping threads took: 0.0004965 seconds
[2022-06-13T02:59:21.903+0000][1][safepoint    ] Application time: 1.0002962 seconds
[2022-06-13T02:59:21.904+0000][1][safepoint    ] Entering safepoint region: Cleanup
[2022-06-13T02:59:21.905+0000][1][safepoint    ] Leaving safepoint region
[2022-06-13T02:59:21.905+0000][1][safepoint    ] Total time for which application threads were stopped: 0.0013307 seconds, Stopping threads took: 0.0006429 seconds
[2022-06-13T02:59:22.906+0000][1][safepoint    ] Application time: 1.0001929 seconds
[2022-06-13T02:59:22.907+0000][1][safepoint    ] Entering safepoint region: Cleanup
[2022-06-13T02:59:22.907+0000][1][safepoint    ] Leaving safepoint region
[2022-06-13T02:59:22.907+0000][1][safepoint    ] Total time for which application threads were stopped: 0.0009509 seconds, Stopping threads took: 0.0004482 seconds
[2022-06-13T02:59:23.908+0000][1][safepoint    ] Application time: 1.0002092 seconds
[2022-06-13T02:59:23.909+0000][1][safepoint    ] Entering safepoint region: Cleanup
[2022-06-13T02:59:23.910+0000][1][safepoint    ] Leaving safepoint region
[2022-06-13T02:59:23.910+0000][1][safepoint    ] Total time for which application threads were stopped: 0.0014431 seconds, Stopping threads took: 0.0006747 seconds
[2022-06-13T02:59:24.911+0000][1][safepoint    ] Application time: 1.0002071 seconds
[2022-06-13T02:59:24.912+0000][1][safepoint    ] Entering safepoint region: Cleanup
[2022-06-13T02:59:24.912+0000][1][safepoint    ] Leaving safepoint region
[2022-06-13T02:59:24.912+0000][1][safepoint    ] Total time for which application threads were stopped: 0.0006621 seconds, Stopping threads took: 0.0002965 seconds
[2022-06-13T02:59:25.913+0000][1][safepoint    ] Application time: 1.0002340 seconds
[2022-06-13T02:59:25.913+0000][1][safepoint    ] Entering safepoint region: Cleanup
[2022-06-13T02:59:25.914+0000][1][safepoint    ] Leaving safepoint region
[2022-06-13T02:59:25.914+0000][1][safepoint    ] Total time for which application threads were stopped: 0.0008944 seconds, Stopping threads took: 0.0004827 seconds
[2022-06-13T02:59:26.915+0000][1][safepoint    ] Application time: 1.0001278 seconds
[2022-06-13T02:59:26.915+0000][1][safepoint    ] Entering safepoint region: Cleanup
[2022-06-13T02:59:26.915+0000][1][safepoint    ] Leaving safepoint region
[2022-06-13T02:59:26.916+0000][1][safepoint    ] Total time for which application threads were stopped: 0.0006699 seconds, Stopping threads took: 0.0003190 seconds
[2022-06-13T02:59:27.916+0000][1][safepoint    ] Application time: 1.0001095 seconds
[2022-06-13T02:59:27.917+0000][1][safepoint    ] Entering safepoint region: Cleanup
[2022-06-13T02:59:27.917+0000][1][safepoint    ] Leaving safepoint region
[2022-06-13T02:59:27.917+0000][1][safepoint    ] Total time for which application threads were stopped: 0.0005593 seconds, Stopping threads took: 0.0002065 seconds
[2022-06-13T02:59:28.918+0000][1][safepoint    ] Application time: 1.0001557 seconds
[2022-06-13T02:59:28.918+0000][1][safepoint    ] Entering safepoint region: Cleanup
[2022-06-13T02:59:28.918+0000][1][safepoint    ] Leaving safepoint region
[2022-06-13T02:59:28.918+0000][1][safepoint    ] Total time for which application threads were stopped: 0.0004331 seconds, Stopping threads took: 0.0002221 seconds
[2022-06-13T02:59:29.919+0000][1][safepoint    ] Application time: 1.0002419 seconds
[2022-06-13T02:59:29.919+0000][1][safepoint    ] Entering safepoint region: Cleanup
[2022-06-13T02:59:29.920+0000][1][safepoint    ] Leaving safepoint region
[2022-06-13T02:59:29.920+0000][1][safepoint    ] Total time for which application threads were stopped: 0.0011863 seconds, Stopping threads took: 0.0004814 seconds
[2022-06-13T02:59:30.921+0000][1][safepoint    ] Application time: 1.0001429 seconds
[2022-06-13T02:59:30.922+0000][1][safepoint    ] Entering safepoint region: Cleanup
[2022-06-13T02:59:30.922+0000][1][safepoint    ] Leaving safepoint region
[2022-06-13T02:59:30.923+0000][1][safepoint    ] Total time for which application threads were stopped: 0.0009264 seconds, Stopping threads took: 0.0003986 seconds
[2022-06-13T02:59:31.923+0000][1][safepoint    ] Application time: 1.0001284 seconds
[2022-06-13T02:59:31.924+0000][1][safepoint    ] Entering safepoint region: Cleanup
[2022-06-13T02:59:31.924+0000][1][safepoint    ] Leaving safepoint region
[2022-06-13T02:59:31.925+0000][1][safepoint    ] Total time for which application threads were stopped: 0.0008179 seconds, Stopping threads took: 0.0004229 seconds
[2022-06-13T02:59:32.925+0000][1][safepoint    ] Application time: 1.0001880 seconds
[2022-06-13T02:59:32.925+0000][1][safepoint    ] Entering safepoint region: Cleanup
[2022-06-13T02:59:32.926+0000][1][safepoint    ] Leaving safepoint region
[2022-06-13T02:59:32.926+0000][1][safepoint    ] Total time for which application threads were stopped: 0.0005410 seconds, Stopping threads took: 0.0002138 seconds
[2022-06-13T02:59:33.926+0000][1][safepoint    ] Application time: 1.0001457 seconds
[2022-06-13T02:59:33.927+0000][1][safepoint    ] Entering safepoint region: Cleanup
[2022-06-13T02:59:33.927+0000][1][safepoint    ] Leaving safepoint region
[2022-06-13T02:59:33.927+0000][1][safepoint    ] Total time for which application threads were stopped: 0.0004887 seconds, Stopping threads took: 0.0002353 seconds
[2022-06-13T02:59:34.928+0000][1][safepoint    ] Application time: 1.0002318 seconds
[2022-06-13T02:59:34.928+0000][1][safepoint    ] Entering safepoint region: Cleanup
[2022-06-13T02:59:34.929+0000][1][safepoint    ] Leaving safepoint region
[2022-06-13T02:59:34.929+0000][1][safepoint    ] Total time for which application threads were stopped: 0.0011714 seconds, Stopping threads took: 0.0007343 seconds
[2022-06-13T02:59:35.930+0000][1][safepoint    ] Application time: 1.0001651 seconds
[2022-06-13T02:59:35.930+0000][1][safepoint    ] Entering safepoint region: Cleanup
[2022-06-13T02:59:35.931+0000][1][safepoint    ] Leaving safepoint region
[2022-06-13T02:59:35.931+0000][1][safepoint    ] Total time for which application threads were stopped: 0.0006956 seconds, Stopping threads took: 0.0003505 seconds
[2022-06-13T02:59:36.931+0000][1][safepoint    ] Application time: 1.0001233 seconds
[2022-06-13T02:59:36.932+0000][1][safepoint    ] Entering safepoint region: Cleanup
[2022-06-13T02:59:36.932+0000][1][safepoint    ] Leaving safepoint region
[2022-06-13T02:59:36.933+0000][1][safepoint    ] Total time for which application threads were stopped: 0.0009049 seconds, Stopping threads took: 0.0003929 seconds
[2022-06-13T02:59:37.933+0000][1][safepoint    ] Application time: 1.0003146 seconds
[2022-06-13T02:59:37.934+0000][1][safepoint    ] Entering safepoint region: Cleanup
[2022-06-13T02:59:37.935+0000][1][safepoint    ] Leaving safepoint region
[2022-06-13T02:59:37.936+0000][1][safepoint    ] Total time for which application threads were stopped: 0.0016269 seconds, Stopping threads took: 0.0006994 seconds
[2022-06-13T02:59:38.936+0000][1][safepoint    ] Application time: 1.0001616 seconds
[2022-06-13T02:59:38.937+0000][1][safepoint    ] Entering safepoint region: Cleanup
[2022-06-13T02:59:38.937+0000][1][safepoint    ] Leaving safepoint region
[2022-06-13T02:59:38.937+0000][1][safepoint    ] Total time for which application threads were stopped: 0.0005048 seconds, Stopping threads took: 0.0002437 seconds
[2022-06-13T02:59:39.938+0000][1][safepoint    ] Application time: 1.0001947 seconds
[2022-06-13T02:59:39.938+0000][1][safepoint    ] Entering safepoint region: Cleanup
[2022-06-13T02:59:39.938+0000][1][safepoint    ] Leaving safepoint region
[2022-06-13T02:59:39.939+0000][1][safepoint    ] Total time for which application threads were stopped: 0.0010096 seconds, Stopping threads took: 0.0003826 seconds
[2022-06-13T02:59:40.940+0000][1][safepoint    ] Application time: 1.0003262 seconds
[2022-06-13T02:59:40.940+0000][1][safepoint    ] Entering safepoint region: Cleanup
[2022-06-13T02:59:40.941+0000][1][safepoint    ] Leaving safepoint region
[2022-06-13T02:59:40.942+0000][1][safepoint    ] Total time for which application threads were stopped: 0.0013169 seconds, Stopping threads took: 0.0008560 seconds
[2022-06-13T02:59:41.942+0000][1][safepoint    ] Application time: 1.0001259 seconds
[2022-06-13T02:59:41.943+0000][1][safepoint    ] Entering safepoint region: Cleanup
[2022-06-13T02:59:41.943+0000][1][safepoint    ] Leaving safepoint region
[2022-06-13T02:59:41.944+0000][1][safepoint    ] Total time for which application threads were stopped: 0.0007919 seconds, Stopping threads took: 0.0003945 seconds
[2022-06-13T02:59:42.944+0000][1][safepoint    ] Application time: 1.0001334 seconds
[2022-06-13T02:59:42.945+0000][1][safepoint    ] Entering safepoint region: Cleanup
[2022-06-13T02:59:42.945+0000][1][safepoint    ] Leaving safepoint region
[2022-06-13T02:59:42.945+0000][1][safepoint    ] Total time for which application threads were stopped: 0.0007011 seconds, Stopping threads took: 0.0002941 seconds
[2022-06-13T02:59:43.946+0000][1][safepoint    ] Application time: 1.0002350 seconds
[2022-06-13T02:59:43.946+0000][1][safepoint    ] Entering safepoint region: Cleanup
[2022-06-13T02:59:43.946+0000][1][safepoint    ] Leaving safepoint region
[2022-06-13T02:59:43.947+0000][1][safepoint    ] Total time for which application threads were stopped: 0.0006120 seconds, Stopping threads took: 0.0003272 seconds
[2022-06-13T02:59:44.947+0000][1][safepoint    ] Application time: 1.0001105 seconds
[2022-06-13T02:59:44.947+0000][1][safepoint    ] Entering safepoint region: Cleanup
[2022-06-13T02:59:44.948+0000][1][safepoint    ] Leaving safepoint region
[2022-06-13T02:59:44.948+0000][1][safepoint    ] Total time for which application threads were stopped: 0.0008571 seconds, Stopping threads took: 0.0004178 seconds
[2022-06-13T02:59:45.949+0000][1][safepoint    ] Application time: 1.0001964 seconds
[2022-06-13T02:59:45.949+0000][1][safepoint    ] Entering safepoint region: Cleanup
[2022-06-13T02:59:45.950+0000][1][safepoint    ] Leaving safepoint region
[2022-06-13T02:59:45.950+0000][1][safepoint    ] Total time for which application threads were stopped: 0.0011580 seconds, Stopping threads took: 0.0004460 seconds
[2022-06-13T02:59:46.951+0000][1][safepoint    ] Application time: 1.0001152 seconds
[2022-06-13T02:59:46.952+0000][1][safepoint    ] Entering safepoint region: Cleanup
[2022-06-13T02:59:46.952+0000][1][safepoint    ] Leaving safepoint region
[2022-06-13T02:59:46.952+0000][1][safepoint    ] Total time for which application threads were stopped: 0.0008547 seconds, Stopping threads took: 0.0004402 seconds
[2022-06-13T02:59:47.953+0000][1][safepoint    ] Application time: 1.0001362 seconds
[2022-06-13T02:59:47.953+0000][1][safepoint    ] Entering safepoint region: Cleanup
[2022-06-13T02:59:47.954+0000][1][safepoint    ] Leaving safepoint region
[2022-06-13T02:59:47.954+0000][1][safepoint    ] Total time for which application threads were stopped: 0.0005331 seconds, Stopping threads took: 0.0002556 seconds
[2022-06-13T02:59:48.954+0000][1][safepoint    ] Application time: 1.0001212 seconds
[2022-06-13T02:59:48.955+0000][1][safepoint    ] Entering safepoint region: Cleanup
[2022-06-13T02:59:48.955+0000][1][safepoint    ] Leaving safepoint region
[2022-06-13T02:59:48.956+0000][1][safepoint    ] Total time for which application threads were stopped: 0.0008330 seconds, Stopping threads took: 0.0003065 seconds
[2022-06-13T02:59:49.956+0000][1][safepoint    ] Application time: 1.0001801 seconds
[2022-06-13T02:59:49.957+0000][1][safepoint    ] Entering safepoint region: Cleanup
[2022-06-13T02:59:49.957+0000][1][safepoint    ] Leaving safepoint region
[2022-06-13T02:59:49.957+0000][1][safepoint    ] Total time for which application threads were stopped: 0.0007443 seconds, Stopping threads took: 0.0003544 seconds
[2022-06-13T02:59:50.958+0000][1][safepoint    ] Application time: 1.0001379 seconds
[2022-06-13T02:59:50.958+0000][1][safepoint    ] Entering safepoint region: Cleanup
[2022-06-13T02:59:50.959+0000][1][safepoint    ] Leaving safepoint region
[2022-06-13T02:59:50.959+0000][1][safepoint    ] Total time for which application threads were stopped: 0.0008314 seconds, Stopping threads took: 0.0002913 seconds
[2022-06-13T02:59:51.960+0000][1][safepoint    ] Application time: 1.0002315 seconds
[2022-06-13T02:59:51.960+0000][1][safepoint    ] Entering safepoint region: Cleanup
[2022-06-13T02:59:51.961+0000][1][safepoint    ] Leaving safepoint region
[2022-06-13T02:59:51.961+0000][1][safepoint    ] Total time for which application threads were stopped: 0.0009994 seconds, Stopping threads took: 0.0004996 seconds
[2022-06-13T02:59:52.962+0000][1][safepoint    ] Application time: 1.0001972 seconds
[2022-06-13T02:59:52.963+0000][1][safepoint    ] Entering safepoint region: Cleanup
[2022-06-13T02:59:52.963+0000][1][safepoint    ] Leaving safepoint region
[2022-06-13T02:59:52.963+0000][1][safepoint    ] Total time for which application threads were stopped: 0.0009495 seconds, Stopping threads took: 0.0004560 seconds
[2022-06-13T02:59:53.964+0000][1][safepoint    ] Application time: 1.0001921 seconds
[2022-06-13T02:59:53.965+0000][1][safepoint    ] Entering safepoint region: Cleanup
[2022-06-13T02:59:53.965+0000][1][safepoint    ] Leaving safepoint region
[2022-06-13T02:59:53.965+0000][1][safepoint    ] Total time for which application threads were stopped: 0.0008128 seconds, Stopping threads took: 0.0004504 seconds
[2022-06-13T02:59:54.966+0000][1][safepoint    ] Application time: 1.0002466 seconds
[2022-06-13T02:59:54.966+0000][1][safepoint    ] Entering safepoint region: Cleanup
[2022-06-13T02:59:54.967+0000][1][safepoint    ] Leaving safepoint region
[2022-06-13T02:59:54.967+0000][1][safepoint    ] Total time for which application threads were stopped: 0.0008351 seconds, Stopping threads took: 0.0003669 seconds
[2022-06-13T02:59:55.968+0000][1][safepoint    ] Application time: 1.0001940 seconds
[2022-06-13T02:59:55.968+0000][1][safepoint    ] Entering safepoint region: Cleanup
[2022-06-13T02:59:55.968+0000][1][safepoint    ] Leaving safepoint region
[2022-06-13T02:59:55.968+0000][1][safepoint    ] Total time for which application threads were stopped: 0.0004579 seconds, Stopping threads took: 0.0002082 seconds
[2022-06-13T02:59:56.969+0000][1][safepoint    ] Application time: 1.0002220 seconds
[2022-06-13T02:59:56.970+0000][1][safepoint    ] Entering safepoint region: Cleanup
[2022-06-13T02:59:56.970+0000][1][safepoint    ] Leaving safepoint region
[2022-06-13T02:59:56.971+0000][1][safepoint    ] Total time for which application threads were stopped: 0.0012728 seconds, Stopping threads took: 0.0005874 seconds
[2022-06-13T02:59:57.972+0000][1][safepoint    ] Application time: 1.0002414 seconds
[2022-06-13T02:59:57.972+0000][1][safepoint    ] Entering safepoint region: Cleanup
[2022-06-13T02:59:57.973+0000][1][safepoint    ] Leaving safepoint region
[2022-06-13T02:59:57.973+0000][1][safepoint    ] Total time for which application threads were stopped: 0.0008856 seconds, Stopping threads took: 0.0004228 seconds
[2022-06-13T02:59:58.973+0000][1][safepoint    ] Application time: 1.0002076 seconds
[2022-06-13T02:59:58.974+0000][1][safepoint    ] Entering safepoint region: Cleanup
[2022-06-13T02:59:58.975+0000][1][safepoint    ] Leaving safepoint region
[2022-06-13T02:59:58.975+0000][1][safepoint    ] Total time for which application threads were stopped: 0.0013327 seconds, Stopping threads took: 0.0005756 seconds
[2022-06-13T02:59:59.976+0000][1][safepoint    ] Application time: 1.0001891 seconds
[2022-06-13T02:59:59.977+0000][1][safepoint    ] Entering safepoint region: Cleanup
[2022-06-13T02:59:59.977+0000][1][safepoint    ] Leaving safepoint region
[2022-06-13T02:59:59.978+0000][1][safepoint    ] Total time for which application threads were stopped: 0.0011753 seconds, Stopping threads took: 0.0004996 seconds
[2022-06-13T03:00:00.979+0000][1][safepoint    ] Application time: 1.0001898 seconds
[2022-06-13T03:00:00.979+0000][1][safepoint    ] Entering safepoint region: Cleanup
[2022-06-13T03:00:00.980+0000][1][safepoint    ] Leaving safepoint region
[2022-06-13T03:00:00.980+0000][1][safepoint    ] Total time for which application threads were stopped: 0.0008985 seconds, Stopping threads took: 0.0004594 seconds
[2022-06-13T03:00:01.981+0000][1][safepoint    ] Application time: 1.0001212 seconds
[2022-06-13T03:00:01.981+0000][1][safepoint    ] Entering safepoint region: Cleanup
[2022-06-13T03:00:01.981+0000][1][safepoint    ] Leaving safepoint region
[2022-06-13T03:00:01.982+0000][1][safepoint    ] Total time for which application threads were stopped: 0.0007406 seconds, Stopping threads took: 0.0003321 seconds
[2022-06-13T03:00:02.982+0000][1][safepoint    ] Application time: 1.0001523 seconds
[2022-06-13T03:00:02.983+0000][1][safepoint    ] Entering safepoint region: Cleanup
[2022-06-13T03:00:02.983+0000][1][safepoint    ] Leaving safepoint region
[2022-06-13T03:00:02.983+0000][1][safepoint    ] Total time for which application threads were stopped: 0.0009802 seconds, Stopping threads took: 0.0004076 seconds
[2022-06-13T03:00:03.984+0000][1][safepoint    ] Application time: 1.0002584 seconds
[2022-06-13T03:00:03.985+0000][1][safepoint    ] Entering safepoint region: Cleanup
[2022-06-13T03:00:03.985+0000][1][safepoint    ] Leaving safepoint region
[2022-06-13T03:00:03.986+0000][1][safepoint    ] Total time for which application threads were stopped: 0.0011690 seconds, Stopping threads took: 0.0005156 seconds
[2022-06-13T03:00:04.987+0000][1][safepoint    ] Application time: 1.0002835 seconds
[2022-06-13T03:00:04.988+0000][1][safepoint    ] Entering safepoint region: Cleanup
[2022-06-13T03:00:04.989+0000][1][safepoint    ] Leaving safepoint region
[2022-06-13T03:00:04.989+0000][1][safepoint    ] Total time for which application threads were stopped: 0.0018648 seconds, Stopping threads took: 0.0009615 seconds
[2022-06-13T03:00:05.990+0000][1][safepoint    ] Application time: 1.0002728 seconds
[2022-06-13T03:00:05.990+0000][1][safepoint    ] Entering safepoint region: Cleanup
[2022-06-13T03:00:05.991+0000][1][safepoint    ] Leaving safepoint region
[2022-06-13T03:00:05.991+0000][1][safepoint    ] Total time for which application threads were stopped: 0.0004862 seconds, Stopping threads took: 0.0001839 seconds
[2022-06-13T03:00:06.991+0000][1][safepoint    ] Application time: 1.0001291 seconds
[2022-06-13T03:00:06.992+0000][1][safepoint    ] Entering safepoint region: Cleanup
[2022-06-13T03:00:06.992+0000][1][safepoint    ] Leaving safepoint region
[2022-06-13T03:00:06.992+0000][1][safepoint    ] Total time for which application threads were stopped: 0.0005204 seconds, Stopping threads took: 0.0002523 seconds
[2022-06-13T03:00:07.992+0000][1][safepoint    ] Application time: 1.0000922 seconds
[2022-06-13T03:00:07.993+0000][1][safepoint    ] Entering safepoint region: Cleanup
[2022-06-13T03:00:07.993+0000][1][safepoint    ] Leaving safepoint region
[2022-06-13T03:00:07.993+0000][1][safepoint    ] Total time for which application threads were stopped: 0.0007230 seconds, Stopping threads took: 0.0003074 seconds
[2022-06-13T03:00:08.994+0000][1][safepoint    ] Application time: 1.0002784 seconds
[2022-06-13T03:00:08.994+0000][1][safepoint    ] Entering safepoint region: Cleanup
[2022-06-13T03:00:08.995+0000][1][safepoint    ] Leaving safepoint region
[2022-06-13T03:00:08.995+0000][1][safepoint    ] Total time for which application threads were stopped: 0.0008320 seconds, Stopping threads took: 0.0003617 seconds
[2022-06-13T03:00:09.996+0000][1][safepoint    ] Application time: 1.0002197 seconds
[2022-06-13T03:00:09.996+0000][1][safepoint    ] Entering safepoint region: Cleanup
[2022-06-13T03:00:09.996+0000][1][safepoint    ] Leaving safepoint region
[2022-06-13T03:00:09.997+0000][1][safepoint    ] Total time for which application threads were stopped: 0.0009442 seconds, Stopping threads took: 0.0004877 seconds
[2022-06-13T03:00:10.998+0000][1][safepoint    ] Application time: 1.0002100 seconds
[2022-06-13T03:00:10.998+0000][1][safepoint    ] Entering safepoint region: Cleanup
[2022-06-13T03:00:10.998+0000][1][safepoint    ] Leaving safepoint region
[2022-06-13T03:00:10.999+0000][1][safepoint    ] Total time for which application threads were stopped: 0.0007769 seconds, Stopping threads took: 0.0003378 seconds
[2022-06-13T03:00:11.999+0000][1][safepoint    ] Application time: 1.0001087 seconds
[2022-06-13T03:00:12.000+0000][1][safepoint    ] Entering safepoint region: Cleanup
[2022-06-13T03:00:12.000+0000][1][safepoint    ] Leaving safepoint region
[2022-06-13T03:00:12.001+0000][1][safepoint    ] Total time for which application threads were stopped: 0.0008324 seconds, Stopping threads took: 0.0004593 seconds
[2022-06-13T03:00:13.001+0000][1][safepoint    ] Application time: 1.0002315 seconds
[2022-06-13T03:00:13.002+0000][1][safepoint    ] Entering safepoint region: Cleanup
[2022-06-13T03:00:13.002+0000][1][safepoint    ] Leaving safepoint region
[2022-06-13T03:00:13.002+0000][1][safepoint    ] Total time for which application threads were stopped: 0.0007658 seconds, Stopping threads took: 0.0003253 seconds
[2022-06-13T03:00:14.003+0000][1][safepoint    ] Application time: 1.0002081 seconds
[2022-06-13T03:00:14.003+0000][1][safepoint    ] Entering safepoint region: Cleanup
[2022-06-13T03:00:14.004+0000][1][safepoint    ] Leaving safepoint region
[2022-06-13T03:00:14.004+0000][1][safepoint    ] Total time for which application threads were stopped: 0.0006102 seconds, Stopping threads took: 0.0002719 seconds
[2022-06-13T03:00:15.004+0000][1][safepoint    ] Application time: 1.0001083 seconds
[2022-06-13T03:00:15.005+0000][1][safepoint    ] Entering safepoint region: Cleanup
[2022-06-13T03:00:15.005+0000][1][safepoint    ] Leaving safepoint region
[2022-06-13T03:00:15.005+0000][1][safepoint    ] Total time for which application threads were stopped: 0.0005567 seconds, Stopping threads took: 0.0002397 seconds
[2022-06-13T03:00:16.006+0000][1][safepoint    ] Application time: 1.0001087 seconds
[2022-06-13T03:00:16.006+0000][1][safepoint    ] Entering safepoint region: Cleanup
[2022-06-13T03:00:16.007+0000][1][safepoint    ] Leaving safepoint region
[2022-06-13T03:00:16.007+0000][1][safepoint    ] Total time for which application threads were stopped: 0.0006137 seconds, Stopping threads took: 0.0002760 seconds
[2022-06-13T03:00:17.007+0000][1][safepoint    ] Application time: 1.0001216 seconds
[2022-06-13T03:00:17.008+0000][1][safepoint    ] Entering safepoint region: Cleanup
[2022-06-13T03:00:17.008+0000][1][safepoint    ] Leaving safepoint region
[2022-06-13T03:00:17.009+0000][1][safepoint    ] Total time for which application threads were stopped: 0.0007034 seconds, Stopping threads took: 0.0003281 seconds
[2022-06-13T03:00:18.009+0000][1][safepoint    ] Application time: 1.0002159 seconds
[2022-06-13T03:00:18.010+0000][1][safepoint    ] Entering safepoint region: Cleanup
[2022-06-13T03:00:18.010+0000][1][safepoint    ] Leaving safepoint region
[2022-06-13T03:00:18.011+0000][1][safepoint    ] Total time for which application threads were stopped: 0.0008761 seconds, Stopping threads took: 0.0003525 seconds
[2022-06-13T03:00:19.011+0000][1][safepoint    ] Application time: 1.0002353 seconds
[2022-06-13T03:00:19.012+0000][1][safepoint    ] Entering safepoint region: Cleanup
[2022-06-13T03:00:19.013+0000][1][safepoint    ] Leaving safepoint region
[2022-06-13T03:00:19.013+0000][1][safepoint    ] Total time for which application threads were stopped: 0.0007283 seconds, Stopping threads took: 0.0004002 seconds
[2022-06-13T03:00:20.013+0000][1][safepoint    ] Application time: 1.0002613 seconds
[2022-06-13T03:00:20.014+0000][1][safepoint    ] Entering safepoint region: Cleanup
[2022-06-13T03:00:20.014+0000][1][safepoint    ] Leaving safepoint region
[2022-06-13T03:00:20.014+0000][1][safepoint    ] Total time for which application threads were stopped: 0.0005322 seconds, Stopping threads took: 0.0001839 seconds
[2022-06-13T03:00:21.015+0000][1][safepoint    ] Application time: 1.0001682 seconds
[2022-06-13T03:00:21.015+0000][1][safepoint    ] Entering safepoint region: Cleanup
[2022-06-13T03:00:21.016+0000][1][safepoint    ] Leaving safepoint region
[2022-06-13T03:00:21.016+0000][1][safepoint    ] Total time for which application threads were stopped: 0.0009520 seconds, Stopping threads took: 0.0004584 seconds
[2022-06-13T03:00:22.016+0000][1][safepoint    ] Application time: 1.0002972 seconds
[2022-06-13T03:00:22.017+0000][1][safepoint    ] Entering safepoint region: Cleanup
[2022-06-13T03:00:22.017+0000][1][safepoint    ] Leaving safepoint region
[2022-06-13T03:00:22.018+0000][1][safepoint    ] Total time for which application threads were stopped: 0.0008283 seconds, Stopping threads took: 0.0003933 seconds
[2022-06-13T03:00:23.018+0000][1][safepoint    ] Application time: 1.0001749 seconds
[2022-06-13T03:00:23.019+0000][1][safepoint    ] Entering safepoint region: Cleanup
[2022-06-13T03:00:23.019+0000][1][safepoint    ] Leaving safepoint region
[2022-06-13T03:00:23.019+0000][1][safepoint    ] Total time for which application threads were stopped: 0.0006904 seconds, Stopping threads took: 0.0002802 seconds
[2022-06-13T03:00:24.020+0000][1][safepoint    ] Application time: 1.0001096 seconds
[2022-06-13T03:00:24.021+0000][1][safepoint    ] Entering safepoint region: Cleanup
[2022-06-13T03:00:24.021+0000][1][safepoint    ] Leaving safepoint region
[2022-06-13T03:00:24.021+0000][1][safepoint    ] Total time for which application threads were stopped: 0.0005804 seconds, Stopping threads took: 0.0002417 seconds
[2022-06-13T03:00:25.021+0000][1][safepoint    ] Application time: 1.0001548 seconds
[2022-06-13T03:00:25.022+0000][1][safepoint    ] Entering safepoint region: Cleanup
[2022-06-13T03:00:25.022+0000][1][safepoint    ] Leaving safepoint region
[2022-06-13T03:00:25.023+0000][1][safepoint    ] Total time for which application threads were stopped: 0.0008139 seconds, Stopping threads took: 0.0003728 seconds
[2022-06-13T03:00:26.023+0000][1][safepoint    ] Application time: 1.0001762 seconds
[2022-06-13T03:00:26.024+0000][1][safepoint    ] Entering safepoint region: Cleanup
[2022-06-13T03:00:26.024+0000][1][safepoint    ] Leaving safepoint region
[2022-06-13T03:00:26.025+0000][1][safepoint    ] Total time for which application threads were stopped: 0.0007171 seconds, Stopping threads took: 0.0002568 seconds
[2022-06-13T03:00:27.025+0000][1][safepoint    ] Application time: 1.0003130 seconds
[2022-06-13T03:00:27.026+0000][1][safepoint    ] Entering safepoint region: Cleanup
[2022-06-13T03:00:27.026+0000][1][safepoint    ] Leaving safepoint region
[2022-06-13T03:00:27.027+0000][1][safepoint    ] Total time for which application threads were stopped: 0.0012174 seconds, Stopping threads took: 0.0005730 seconds
[2022-06-13T03:00:28.028+0000][1][safepoint    ] Application time: 1.0002485 seconds
[2022-06-13T03:00:28.028+0000][1][safepoint    ] Entering safepoint region: Cleanup
[2022-06-13T03:00:28.029+0000][1][safepoint    ] Leaving safepoint region
[2022-06-13T03:00:28.029+0000][1][safepoint    ] Total time for which application threads were stopped: 0.0009234 seconds, Stopping threads took: 0.0004302 seconds
[2022-06-13T03:00:29.030+0000][1][safepoint    ] Application time: 1.0001949 seconds
[2022-06-13T03:00:29.030+0000][1][safepoint    ] Entering safepoint region: Cleanup
[2022-06-13T03:00:29.031+0000][1][safepoint    ] Leaving safepoint region
[2022-06-13T03:00:29.031+0000][1][safepoint    ] Total time for which application threads were stopped: 0.0008469 seconds, Stopping threads took: 0.0003201 seconds
[2022-06-13T03:00:30.032+0000][1][safepoint    ] Application time: 1.0001732 seconds
[2022-06-13T03:00:30.032+0000][1][safepoint    ] Entering safepoint region: Cleanup
[2022-06-13T03:00:30.032+0000][1][safepoint    ] Leaving safepoint region
[2022-06-13T03:00:30.033+0000][1][safepoint    ] Total time for which application threads were stopped: 0.0005607 seconds, Stopping threads took: 0.0002354 seconds
[2022-06-13T03:00:31.033+0000][1][safepoint    ] Application time: 1.0001958 seconds
[2022-06-13T03:00:31.034+0000][1][safepoint    ] Entering safepoint region: Cleanup
[2022-06-13T03:00:31.035+0000][1][safepoint    ] Leaving safepoint region
[2022-06-13T03:00:31.035+0000][1][safepoint    ] Total time for which application threads were stopped: 0.0011388 seconds, Stopping threads took: 0.0005477 seconds
[2022-06-13T03:00:32.036+0000][1][safepoint    ] Application time: 1.0002405 seconds
[2022-06-13T03:00:32.036+0000][1][safepoint    ] Entering safepoint region: Cleanup
[2022-06-13T03:00:32.037+0000][1][safepoint    ] Leaving safepoint region
[2022-06-13T03:00:32.037+0000][1][safepoint    ] Total time for which application threads were stopped: 0.0005941 seconds, Stopping threads took: 0.0002569 seconds
[2022-06-13T03:00:33.037+0000][1][safepoint    ] Application time: 1.0001668 seconds
[2022-06-13T03:00:33.038+0000][1][safepoint    ] Entering safepoint region: Cleanup
[2022-06-13T03:00:33.038+0000][1][safepoint    ] Leaving safepoint region
[2022-06-13T03:00:33.039+0000][1][safepoint    ] Total time for which application threads were stopped: 0.0006768 seconds, Stopping threads took: 0.0002429 seconds
[2022-06-13T03:00:34.039+0000][1][safepoint    ] Application time: 1.0001346 seconds
[2022-06-13T03:00:34.039+0000][1][safepoint    ] Entering safepoint region: Cleanup
[2022-06-13T03:00:34.040+0000][1][safepoint    ] Leaving safepoint region
[2022-06-13T03:00:34.040+0000][1][safepoint    ] Total time for which application threads were stopped: 0.0003267 seconds, Stopping threads took: 0.0001425 seconds
[2022-06-13T03:00:35.040+0000][1][safepoint    ] Application time: 1.0001127 seconds
[2022-06-13T03:00:35.040+0000][1][safepoint    ] Entering safepoint region: Cleanup
[2022-06-13T03:00:35.040+0000][1][safepoint    ] Leaving safepoint region
[2022-06-13T03:00:35.041+0000][1][safepoint    ] Total time for which application threads were stopped: 0.0004214 seconds, Stopping threads took: 0.0002080 seconds
[2022-06-13T03:00:36.041+0000][1][safepoint    ] Application time: 1.0001985 seconds
[2022-06-13T03:00:36.042+0000][1][safepoint    ] Entering safepoint region: Cleanup
[2022-06-13T03:00:36.042+0000][1][safepoint    ] Leaving safepoint region
[2022-06-13T03:00:36.042+0000][1][safepoint    ] Total time for which application threads were stopped: 0.0008539 seconds, Stopping threads took: 0.0003716 seconds
[2022-06-13T03:00:37.043+0000][1][safepoint    ] Application time: 1.0001110 seconds
[2022-06-13T03:00:37.043+0000][1][safepoint    ] Entering safepoint region: Cleanup
[2022-06-13T03:00:37.043+0000][1][safepoint    ] Leaving safepoint region
[2022-06-13T03:00:37.043+0000][1][safepoint    ] Total time for which application threads were stopped: 0.0003771 seconds, Stopping threads took: 0.0001642 seconds
[2022-06-13T03:00:38.044+0000][1][safepoint    ] Application time: 1.0001681 seconds
[2022-06-13T03:00:38.044+0000][1][safepoint    ] Entering safepoint region: Cleanup
[2022-06-13T03:00:38.045+0000][1][safepoint    ] Leaving safepoint region
[2022-06-13T03:00:38.045+0000][1][safepoint    ] Total time for which application threads were stopped: 0.0006944 seconds, Stopping threads took: 0.0003311 seconds
[2022-06-13T03:00:39.045+0000][1][safepoint    ] Application time: 1.0001997 seconds
[2022-06-13T03:00:39.046+0000][1][safepoint    ] Entering safepoint region: Cleanup
[2022-06-13T03:00:39.046+0000][1][safepoint    ] Leaving safepoint region
[2022-06-13T03:00:39.047+0000][1][safepoint    ] Total time for which application threads were stopped: 0.0007375 seconds, Stopping threads took: 0.0003571 seconds
[2022-06-13T03:00:40.047+0000][1][safepoint    ] Application time: 1.0003350 seconds
[2022-06-13T03:00:40.047+0000][1][safepoint    ] Entering safepoint region: Cleanup
[2022-06-13T03:00:40.048+0000][1][safepoint    ] Leaving safepoint region
[2022-06-13T03:00:40.049+0000][1][safepoint    ] Total time for which application threads were stopped: 0.0013060 seconds, Stopping threads took: 0.0006195 seconds
[2022-06-13T03:00:41.049+0000][1][safepoint    ] Application time: 1.0001526 seconds
[2022-06-13T03:00:41.050+0000][1][safepoint    ] Entering safepoint region: Cleanup
[2022-06-13T03:00:41.050+0000][1][safepoint    ] Leaving safepoint region
[2022-06-13T03:00:41.051+0000][1][safepoint    ] Total time for which application threads were stopped: 0.0006891 seconds, Stopping threads took: 0.0003585 seconds
[2022-06-13T03:00:42.051+0000][1][safepoint    ] Application time: 1.0002435 seconds
[2022-06-13T03:00:42.052+0000][1][safepoint    ] Entering safepoint region: Cleanup
[2022-06-13T03:00:42.053+0000][1][safepoint    ] Leaving safepoint region
[2022-06-13T03:00:42.053+0000][1][safepoint    ] Total time for which application threads were stopped: 0.0010190 seconds, Stopping threads took: 0.0005552 seconds
[2022-06-13T03:00:43.054+0000][1][safepoint    ] Application time: 1.0002376 seconds
[2022-06-13T03:00:43.054+0000][1][safepoint    ] Entering safepoint region: Cleanup
[2022-06-13T03:00:43.055+0000][1][safepoint    ] Leaving safepoint region
[2022-06-13T03:00:43.056+0000][1][safepoint    ] Total time for which application threads were stopped: 0.0013973 seconds, Stopping threads took: 0.0006516 seconds
[2022-06-13T03:00:44.057+0000][1][safepoint    ] Application time: 1.0001735 seconds
[2022-06-13T03:00:44.057+0000][1][safepoint    ] Entering safepoint region: Cleanup
[2022-06-13T03:00:44.058+0000][1][safepoint    ] Leaving safepoint region
[2022-06-13T03:00:44.058+0000][1][safepoint    ] Total time for which application threads were stopped: 0.0007805 seconds, Stopping threads took: 0.0003617 seconds
[2022-06-13T03:00:45.059+0000][1][safepoint    ] Application time: 1.0001710 seconds
[2022-06-13T03:00:45.059+0000][1][safepoint    ] Entering safepoint region: Cleanup
[2022-06-13T03:00:45.060+0000][1][safepoint    ] Leaving safepoint region
[2022-06-13T03:00:45.060+0000][1][safepoint    ] Total time for which application threads were stopped: 0.0011215 seconds, Stopping threads took: 0.0004898 seconds
[2022-06-13T03:00:46.061+0000][1][safepoint    ] Application time: 1.0002561 seconds
[2022-06-13T03:00:46.061+0000][1][safepoint    ] Entering safepoint region: Cleanup
[2022-06-13T03:00:46.062+0000][1][safepoint    ] Leaving safepoint region
[2022-06-13T03:00:46.063+0000][1][safepoint    ] Total time for which application threads were stopped: 0.0011665 seconds, Stopping threads took: 0.0005643 seconds
[2022-06-13T03:00:47.063+0000][1][safepoint    ] Application time: 1.0002910 seconds
[2022-06-13T03:00:47.064+0000][1][safepoint    ] Entering safepoint region: Cleanup
[2022-06-13T03:00:47.065+0000][1][safepoint    ] Leaving safepoint region
[2022-06-13T03:00:47.065+0000][1][safepoint    ] Total time for which application threads were stopped: 0.0014466 seconds, Stopping threads took: 0.0006449 seconds
[2022-06-13T03:00:48.066+0000][1][safepoint    ] Application time: 1.0001344 seconds
[2022-06-13T03:00:48.067+0000][1][safepoint    ] Entering safepoint region: Cleanup
[2022-06-13T03:00:48.067+0000][1][safepoint    ] Leaving safepoint region
[2022-06-13T03:00:48.068+0000][1][safepoint    ] Total time for which application threads were stopped: 0.0009866 seconds, Stopping threads took: 0.0004367 seconds
[2022-06-13T03:00:49.068+0000][1][safepoint    ] Application time: 1.0002588 seconds
[2022-06-13T03:00:49.069+0000][1][safepoint    ] Entering safepoint region: Cleanup
[2022-06-13T03:00:49.069+0000][1][safepoint    ] Leaving safepoint region
[2022-06-13T03:00:49.070+0000][1][safepoint    ] Total time for which application threads were stopped: 0.0008415 seconds, Stopping threads took: 0.0003384 seconds
[2022-06-13T03:00:50.070+0000][1][safepoint    ] Application time: 1.0003026 seconds
[2022-06-13T03:00:50.071+0000][1][safepoint    ] Entering safepoint region: Cleanup
[2022-06-13T03:00:50.071+0000][1][safepoint    ] Leaving safepoint region
[2022-06-13T03:00:50.072+0000][1][safepoint    ] Total time for which application threads were stopped: 0.0012011 seconds, Stopping threads took: 0.0002919 seconds
[2022-06-13T03:00:51.073+0000][1][safepoint    ] Application time: 1.0001257 seconds
[2022-06-13T03:00:51.073+0000][1][safepoint    ] Entering safepoint region: Cleanup
[2022-06-13T03:00:51.073+0000][1][safepoint    ] Leaving safepoint region
[2022-06-13T03:00:51.073+0000][1][safepoint    ] Total time for which application threads were stopped: 0.0003588 seconds, Stopping threads took: 0.0001535 seconds
[2022-06-13T03:00:52.074+0000][1][safepoint    ] Application time: 1.0002627 seconds
[2022-06-13T03:00:52.074+0000][1][safepoint    ] Entering safepoint region: Cleanup
[2022-06-13T03:00:52.075+0000][1][safepoint    ] Leaving safepoint region
[2022-06-13T03:00:52.076+0000][1][safepoint    ] Total time for which application threads were stopped: 0.0012358 seconds, Stopping threads took: 0.0005493 seconds
[2022-06-13T03:00:53.077+0000][1][safepoint    ] Application time: 1.0002376 seconds
[2022-06-13T03:00:53.077+0000][1][safepoint    ] Entering safepoint region: Cleanup
[2022-06-13T03:00:53.078+0000][1][safepoint    ] Leaving safepoint region
[2022-06-13T03:00:53.078+0000][1][safepoint    ] Total time for which application threads were stopped: 0.0011418 seconds, Stopping threads took: 0.0005056 seconds
[2022-06-13T03:00:54.079+0000][1][safepoint    ] Application time: 1.0001933 seconds
[2022-06-13T03:00:54.079+0000][1][safepoint    ] Entering safepoint region: Cleanup
[2022-06-13T03:00:54.080+0000][1][safepoint    ] Leaving safepoint region
[2022-06-13T03:00:54.080+0000][1][safepoint    ] Total time for which application threads were stopped: 0.0010622 seconds, Stopping threads took: 0.0004575 seconds
[2022-06-13T03:00:55.081+0000][1][safepoint    ] Application time: 1.0003426 seconds
[2022-06-13T03:00:55.081+0000][1][safepoint    ] Entering safepoint region: Cleanup
[2022-06-13T03:00:55.082+0000][1][safepoint    ] Leaving safepoint region
[2022-06-13T03:00:55.082+0000][1][safepoint    ] Total time for which application threads were stopped: 0.0007115 seconds, Stopping threads took: 0.0003825 seconds
[2022-06-13T03:00:56.083+0000][1][safepoint    ] Application time: 1.0001861 seconds
[2022-06-13T03:00:56.083+0000][1][safepoint    ] Entering safepoint region: Cleanup
[2022-06-13T03:00:56.084+0000][1][safepoint    ] Leaving safepoint region
[2022-06-13T03:00:56.084+0000][1][safepoint    ] Total time for which application threads were stopped: 0.0008920 seconds, Stopping threads took: 0.0004888 seconds
[2022-06-13T03:00:57.084+0000][1][safepoint    ] Application time: 1.0001886 seconds
[2022-06-13T03:00:57.085+0000][1][safepoint    ] Entering safepoint region: Cleanup
[2022-06-13T03:00:57.086+0000][1][safepoint    ] Leaving safepoint region
[2022-06-13T03:00:57.086+0000][1][safepoint    ] Total time for which application threads were stopped: 0.0008526 seconds, Stopping threads took: 0.0003388 seconds
[2022-06-13T03:00:58.087+0000][1][safepoint    ] Application time: 1.0002509 seconds
[2022-06-13T03:00:58.087+0000][1][safepoint    ] Entering safepoint region: Cleanup
[2022-06-13T03:00:58.087+0000][1][safepoint    ] Leaving safepoint region
[2022-06-13T03:00:58.088+0000][1][safepoint    ] Total time for which application threads were stopped: 0.0007271 seconds, Stopping threads took: 0.0003712 seconds
[2022-06-13T03:00:59.088+0000][1][safepoint    ] Application time: 1.0001930 seconds
[2022-06-13T03:00:59.089+0000][1][safepoint    ] Entering safepoint region: Cleanup
[2022-06-13T03:00:59.089+0000][1][safepoint    ] Leaving safepoint region
[2022-06-13T03:00:59.090+0000][1][safepoint    ] Total time for which application threads were stopped: 0.0009797 seconds, Stopping threads took: 0.0004999 seconds
[2022-06-13T03:01:00.090+0000][1][safepoint    ] Application time: 1.0001729 seconds
[2022-06-13T03:01:00.091+0000][1][safepoint    ] Entering safepoint region: Cleanup
[2022-06-13T03:01:00.091+0000][1][safepoint    ] Leaving safepoint region
[2022-06-13T03:01:00.091+0000][1][safepoint    ] Total time for which application threads were stopped: 0.0004995 seconds, Stopping threads took: 0.0002569 seconds
[2022-06-13T03:01:01.092+0000][1][safepoint    ] Application time: 1.0002741 seconds
[2022-06-13T03:01:01.092+0000][1][safepoint    ] Entering safepoint region: Cleanup
[2022-06-13T03:01:01.093+0000][1][safepoint    ] Leaving safepoint region
[2022-06-13T03:01:01.094+0000][1][safepoint    ] Total time for which application threads were stopped: 0.0011937 seconds, Stopping threads took: 0.0006179 seconds
[2022-06-13T03:01:02.094+0000][1][safepoint    ] Application time: 1.0001799 seconds
[2022-06-13T03:01:02.095+0000][1][safepoint    ] Entering safepoint region: Cleanup
[2022-06-13T03:01:02.096+0000][1][safepoint    ] Leaving safepoint region
[2022-06-13T03:01:02.096+0000][1][safepoint    ] Total time for which application threads were stopped: 0.0011874 seconds, Stopping threads took: 0.0006252 seconds
[2022-06-13T03:01:03.097+0000][1][safepoint    ] Application time: 1.0001799 seconds
[2022-06-13T03:01:03.097+0000][1][safepoint    ] Entering safepoint region: Cleanup
[2022-06-13T03:01:03.097+0000][1][safepoint    ] Leaving safepoint region
[2022-06-13T03:01:03.098+0000][1][safepoint    ] Total time for which application threads were stopped: 0.0006552 seconds, Stopping threads took: 0.0002980 seconds
[2022-06-13T03:01:04.098+0000][1][safepoint    ] Application time: 1.0001229 seconds
[2022-06-13T03:01:04.099+0000][1][safepoint    ] Entering safepoint region: Cleanup
[2022-06-13T03:01:04.099+0000][1][safepoint    ] Leaving safepoint region
[2022-06-13T03:01:04.099+0000][1][safepoint    ] Total time for which application threads were stopped: 0.0003791 seconds, Stopping threads took: 0.0001759 seconds
[2022-06-13T03:01:05.008+0000][1][safepoint    ] Application time: 0.9093886 seconds
[2022-06-13T03:01:05.009+0000][1][safepoint    ] Entering safepoint region: GenCollectForAllocation
[2022-06-13T03:01:05.009+0000][1][gc,start     ] GC(24) Pause Young (Allocation Failure)
[2022-06-13T03:01:05.010+0000][1][gc,task      ] GC(24) Using 5 workers of 13 for evacuation
[2022-06-13T03:01:05.012+0000][1][gc,age       ] GC(24) Desired survivor size 4456448 bytes, new threshold 6 (max threshold 6)
[2022-06-13T03:01:05.013+0000][1][gc,age       ] GC(24) Age table with threshold 6 (max threshold 6)
[2022-06-13T03:01:05.013+0000][1][gc,age       ] GC(24) - age   1:      31216 bytes,      31216 total
[2022-06-13T03:01:05.014+0000][1][gc,age       ] GC(24) - age   2:      48696 bytes,      79912 total
[2022-06-13T03:01:05.015+0000][1][gc,age       ] GC(24) - age   3:     684080 bytes,     763992 total
[2022-06-13T03:01:05.015+0000][1][gc,heap      ] GC(24) ParNew: 74536K->1286K(78656K)
[2022-06-13T03:01:05.016+0000][1][gc,heap      ] GC(24) CMS: 67999K->67999K(174784K)
[2022-06-13T03:01:05.016+0000][1][gc,metaspace ] GC(24) Metaspace: 64241K->64241K(1107968K)
[2022-06-13T03:01:05.017+0000][1][gc           ] GC(24) Pause Young (Allocation Failure) 139M->67M(247M) 7.497ms
[2022-06-13T03:01:05.018+0000][1][gc,cpu       ] GC(24) User=0.00s Sys=0.00s Real=0.00s
[2022-06-13T03:01:05.018+0000][1][safepoint    ] Leaving safepoint region
[2022-06-13T03:01:05.019+0000][1][safepoint    ] Total time for which application threads were stopped: 0.0097610 seconds, Stopping threads took: 0.0004420 seconds
[2022-06-13T03:01:06.019+0000][1][safepoint    ] Application time: 1.0002859 seconds
[2022-06-13T03:01:06.020+0000][1][safepoint    ] Entering safepoint region: Cleanup
[2022-06-13T03:01:06.020+0000][1][safepoint    ] Leaving safepoint region
[2022-06-13T03:01:06.021+0000][1][safepoint    ] Total time for which application threads were stopped: 0.0008323 seconds, Stopping threads took: 0.0004061 seconds
[2022-06-13T03:01:07.021+0000][1][safepoint    ] Application time: 1.0001643 seconds
[2022-06-13T03:01:07.021+0000][1][safepoint    ] Entering safepoint region: Cleanup
[2022-06-13T03:01:07.022+0000][1][safepoint    ] Leaving safepoint region
[2022-06-13T03:01:07.022+0000][1][safepoint    ] Total time for which application threads were stopped: 0.0003296 seconds, Stopping threads took: 0.0001361 seconds
[2022-06-13T03:01:08.022+0000][1][safepoint    ] Application time: 1.0001120 seconds
[2022-06-13T03:01:08.022+0000][1][safepoint    ] Entering safepoint region: Cleanup
[2022-06-13T03:01:08.023+0000][1][safepoint    ] Leaving safepoint region
[2022-06-13T03:01:08.023+0000][1][safepoint    ] Total time for which application threads were stopped: 0.0005572 seconds, Stopping threads took: 0.0001954 seconds
[2022-06-13T03:01:09.023+0000][1][safepoint    ] Application time: 1.0001075 seconds
[2022-06-13T03:01:09.024+0000][1][safepoint    ] Entering safepoint region: Cleanup
[2022-06-13T03:01:09.024+0000][1][safepoint    ] Leaving safepoint region
[2022-06-13T03:01:09.024+0000][1][safepoint    ] Total time for which application threads were stopped: 0.0005235 seconds, Stopping threads took: 0.0002287 seconds
[2022-06-13T03:01:10.024+0000][1][safepoint    ] Application time: 1.0001349 seconds
[2022-06-13T03:01:10.025+0000][1][safepoint    ] Entering safepoint region: Cleanup
[2022-06-13T03:01:10.025+0000][1][safepoint    ] Leaving safepoint region
[2022-06-13T03:01:10.025+0000][1][safepoint    ] Total time for which application threads were stopped: 0.0003519 seconds, Stopping threads took: 0.0001720 seconds
[2022-06-13T03:01:11.025+0000][1][safepoint    ] Application time: 1.0001085 seconds
[2022-06-13T03:01:11.026+0000][1][safepoint    ] Entering safepoint region: Cleanup
[2022-06-13T03:01:11.026+0000][1][safepoint    ] Leaving safepoint region
[2022-06-13T03:01:11.026+0000][1][safepoint    ] Total time for which application threads were stopped: 0.0005344 seconds, Stopping threads took: 0.0002518 seconds
[2022-06-13T03:01:12.026+0000][1][safepoint    ] Application time: 1.0001517 seconds
[2022-06-13T03:01:12.027+0000][1][safepoint    ] Entering safepoint region: Cleanup
[2022-06-13T03:01:12.027+0000][1][safepoint    ] Leaving safepoint region
[2022-06-13T03:01:12.028+0000][1][safepoint    ] Total time for which application threads were stopped: 0.0008390 seconds, Stopping threads took: 0.0003629 seconds
[2022-06-13T03:01:13.028+0000][1][safepoint    ] Application time: 1.0001080 seconds
[2022-06-13T03:01:13.028+0000][1][safepoint    ] Entering safepoint region: Cleanup
[2022-06-13T03:01:13.029+0000][1][safepoint    ] Leaving safepoint region
[2022-06-13T03:01:13.029+0000][1][safepoint    ] Total time for which application threads were stopped: 0.0007258 seconds, Stopping threads took: 0.0003468 seconds
[2022-06-13T03:01:14.030+0000][1][safepoint    ] Application time: 1.0003309 seconds
[2022-06-13T03:01:14.030+0000][1][safepoint    ] Entering safepoint region: Cleanup
[2022-06-13T03:01:14.030+0000][1][safepoint    ] Leaving safepoint region
[2022-06-13T03:01:14.031+0000][1][safepoint    ] Total time for which application threads were stopped: 0.0008088 seconds, Stopping threads took: 0.0003556 seconds
[2022-06-13T03:01:15.031+0000][1][safepoint    ] Application time: 1.0002202 seconds
[2022-06-13T03:01:15.032+0000][1][safepoint    ] Entering safepoint region: Cleanup
[2022-06-13T03:01:15.033+0000][1][safepoint    ] Leaving safepoint region
[2022-06-13T03:01:15.033+0000][1][safepoint    ] Total time for which application threads were stopped: 0.0007630 seconds, Stopping threads took: 0.0003928 seconds
[2022-06-13T03:01:16.033+0000][1][safepoint    ] Application time: 1.0001283 seconds
[2022-06-13T03:01:16.034+0000][1][safepoint    ] Entering safepoint region: Cleanup
[2022-06-13T03:01:16.034+0000][1][safepoint    ] Leaving safepoint region
[2022-06-13T03:01:16.034+0000][1][safepoint    ] Total time for which application threads were stopped: 0.0006543 seconds, Stopping threads took: 0.0002621 seconds
[2022-06-13T03:01:17.035+0000][1][safepoint    ] Application time: 1.0001903 seconds
[2022-06-13T03:01:17.035+0000][1][safepoint    ] Entering safepoint region: Cleanup
[2022-06-13T03:01:17.036+0000][1][safepoint    ] Leaving safepoint region
[2022-06-13T03:01:17.036+0000][1][safepoint    ] Total time for which application threads were stopped: 0.0005001 seconds, Stopping threads took: 0.0002273 seconds
[2022-06-13T03:01:18.036+0000][1][safepoint    ] Application time: 1.0002169 seconds
[2022-06-13T03:01:18.037+0000][1][safepoint    ] Entering safepoint region: Cleanup
[2022-06-13T03:01:18.037+0000][1][safepoint    ] Leaving safepoint region
[2022-06-13T03:01:18.038+0000][1][safepoint    ] Total time for which application threads were stopped: 0.0008597 seconds, Stopping threads took: 0.0003995 seconds
[2022-06-13T03:01:19.038+0000][1][safepoint    ] Application time: 1.0001758 seconds
[2022-06-13T03:01:19.038+0000][1][safepoint    ] Entering safepoint region: Cleanup
[2022-06-13T03:01:19.039+0000][1][safepoint    ] Leaving safepoint region
[2022-06-13T03:01:19.039+0000][1][safepoint    ] Total time for which application threads were stopped: 0.0003396 seconds, Stopping threads took: 0.0001812 seconds
[2022-06-13T03:01:20.039+0000][1][safepoint    ] Application time: 1.0001019 seconds
[2022-06-13T03:01:20.039+0000][1][safepoint    ] Entering safepoint region: Cleanup
[2022-06-13T03:01:20.040+0000][1][safepoint    ] Leaving safepoint region
[2022-06-13T03:01:20.040+0000][1][safepoint    ] Total time for which application threads were stopped: 0.0006314 seconds, Stopping threads took: 0.0003059 seconds
[2022-06-13T03:01:21.040+0000][1][safepoint    ] Application time: 1.0001171 seconds
[2022-06-13T03:01:21.041+0000][1][safepoint    ] Entering safepoint region: Cleanup
[2022-06-13T03:01:21.042+0000][1][safepoint    ] Leaving safepoint region
[2022-06-13T03:01:21.042+0000][1][safepoint    ] Total time for which application threads were stopped: 0.0010600 seconds, Stopping threads took: 0.0005466 seconds
[2022-06-13T03:01:22.043+0000][1][safepoint    ] Application time: 1.0001347 seconds
[2022-06-13T03:01:22.043+0000][1][safepoint    ] Entering safepoint region: Cleanup
[2022-06-13T03:01:22.043+0000][1][safepoint    ] Leaving safepoint region
[2022-06-13T03:01:22.044+0000][1][safepoint    ] Total time for which application threads were stopped: 0.0005789 seconds, Stopping threads took: 0.0002464 seconds
[2022-06-13T03:01:23.044+0000][1][safepoint    ] Application time: 1.0002002 seconds
[2022-06-13T03:01:23.045+0000][1][safepoint    ] Entering safepoint region: Cleanup
[2022-06-13T03:01:23.045+0000][1][safepoint    ] Leaving safepoint region
[2022-06-13T03:01:23.046+0000][1][safepoint    ] Total time for which application threads were stopped: 0.0009427 seconds, Stopping threads took: 0.0004334 seconds
[2022-06-13T03:01:24.046+0000][1][safepoint    ] Application time: 1.0002283 seconds
[2022-06-13T03:01:24.047+0000][1][safepoint    ] Entering safepoint region: Cleanup
[2022-06-13T03:01:24.047+0000][1][safepoint    ] Leaving safepoint region
[2022-06-13T03:01:24.048+0000][1][safepoint    ] Total time for which application threads were stopped: 0.0010005 seconds, Stopping threads took: 0.0005373 seconds
[2022-06-13T03:01:25.048+0000][1][safepoint    ] Application time: 1.0001894 seconds
[2022-06-13T03:01:25.049+0000][1][safepoint    ] Entering safepoint region: Cleanup
[2022-06-13T03:01:25.049+0000][1][safepoint    ] Leaving safepoint region
[2022-06-13T03:01:25.050+0000][1][safepoint    ] Total time for which application threads were stopped: 0.0010562 seconds, Stopping threads took: 0.0004805 seconds
[2022-06-13T03:01:26.050+0000][1][safepoint    ] Application time: 1.0001723 seconds
[2022-06-13T03:01:26.051+0000][1][safepoint    ] Entering safepoint region: Cleanup
[2022-06-13T03:01:26.052+0000][1][safepoint    ] Leaving safepoint region
[2022-06-13T03:01:26.052+0000][1][safepoint    ] Total time for which application threads were stopped: 0.0015062 seconds, Stopping threads took: 0.0006510 seconds
[2022-06-13T03:01:27.053+0000][1][safepoint    ] Application time: 1.0001533 seconds
[2022-06-13T03:01:27.053+0000][1][safepoint    ] Entering safepoint region: Cleanup
[2022-06-13T03:01:27.054+0000][1][safepoint    ] Leaving safepoint region
[2022-06-13T03:01:27.054+0000][1][safepoint    ] Total time for which application threads were stopped: 0.0007079 seconds, Stopping threads took: 0.0004301 seconds
[2022-06-13T03:01:28.055+0000][1][safepoint    ] Application time: 1.0001554 seconds
[2022-06-13T03:01:28.055+0000][1][safepoint    ] Entering safepoint region: Cleanup
[2022-06-13T03:01:28.055+0000][1][safepoint    ] Leaving safepoint region
[2022-06-13T03:01:28.056+0000][1][safepoint    ] Total time for which application threads were stopped: 0.0005117 seconds, Stopping threads took: 0.0001700 seconds
[2022-06-13T03:01:29.056+0000][1][safepoint    ] Application time: 1.0001876 seconds
[2022-06-13T03:01:29.057+0000][1][safepoint    ] Entering safepoint region: Cleanup
[2022-06-13T03:01:29.057+0000][1][safepoint    ] Leaving safepoint region
[2022-06-13T03:01:29.058+0000][1][safepoint    ] Total time for which application threads were stopped: 0.0010425 seconds, Stopping threads took: 0.0004858 seconds
[2022-06-13T03:01:30.058+0000][1][safepoint    ] Application time: 1.0001318 seconds
[2022-06-13T03:01:30.059+0000][1][safepoint    ] Entering safepoint region: Cleanup
[2022-06-13T03:01:30.059+0000][1][safepoint    ] Leaving safepoint region
[2022-06-13T03:01:30.060+0000][1][safepoint    ] Total time for which application threads were stopped: 0.0008934 seconds, Stopping threads took: 0.0005009 seconds
[2022-06-13T03:01:31.060+0000][1][safepoint    ] Application time: 1.0001395 seconds
[2022-06-13T03:01:31.061+0000][1][safepoint    ] Entering safepoint region: Cleanup
[2022-06-13T03:01:31.061+0000][1][safepoint    ] Leaving safepoint region
[2022-06-13T03:01:31.062+0000][1][safepoint    ] Total time for which application threads were stopped: 0.0010330 seconds, Stopping threads took: 0.0005015 seconds
[2022-06-13T03:01:32.062+0000][1][safepoint    ] Application time: 1.0001859 seconds
[2022-06-13T03:01:32.063+0000][1][safepoint    ] Entering safepoint region: Cleanup
[2022-06-13T03:01:32.063+0000][1][safepoint    ] Leaving safepoint region
[2022-06-13T03:01:32.064+0000][1][safepoint    ] Total time for which application threads were stopped: 0.0008087 seconds, Stopping threads took: 0.0004083 seconds
[2022-06-13T03:01:33.064+0000][1][safepoint    ] Application time: 1.0002609 seconds
[2022-06-13T03:01:33.065+0000][1][safepoint    ] Entering safepoint region: Cleanup
[2022-06-13T03:01:33.065+0000][1][safepoint    ] Leaving safepoint region
[2022-06-13T03:01:33.065+0000][1][safepoint    ] Total time for which application threads were stopped: 0.0006956 seconds, Stopping threads took: 0.0002849 seconds
[2022-06-13T03:01:34.066+0000][1][safepoint    ] Application time: 1.0001495 seconds
[2022-06-13T03:01:34.066+0000][1][safepoint    ] Entering safepoint region: Cleanup
[2022-06-13T03:01:34.067+0000][1][safepoint    ] Leaving safepoint region
[2022-06-13T03:01:34.067+0000][1][safepoint    ] Total time for which application threads were stopped: 0.0005427 seconds, Stopping threads took: 0.0002581 seconds
[2022-06-13T03:01:35.067+0000][1][safepoint    ] Application time: 1.0001299 seconds
[2022-06-13T03:01:35.068+0000][1][safepoint    ] Entering safepoint region: Cleanup
[2022-06-13T03:01:35.068+0000][1][safepoint    ] Leaving safepoint region
[2022-06-13T03:01:35.069+0000][1][safepoint    ] Total time for which application threads were stopped: 0.0008056 seconds, Stopping threads took: 0.0003690 seconds
[2022-06-13T03:01:36.069+0000][1][safepoint    ] Application time: 1.0001755 seconds
[2022-06-13T03:01:36.070+0000][1][safepoint    ] Entering safepoint region: Cleanup
[2022-06-13T03:01:36.070+0000][1][safepoint    ] Leaving safepoint region
[2022-06-13T03:01:36.071+0000][1][safepoint    ] Total time for which application threads were stopped: 0.0009771 seconds, Stopping threads took: 0.0004085 seconds
[2022-06-13T03:01:37.071+0000][1][safepoint    ] Application time: 1.0003269 seconds
[2022-06-13T03:01:37.072+0000][1][safepoint    ] Entering safepoint region: Cleanup
[2022-06-13T03:01:37.073+0000][1][safepoint    ] Leaving safepoint region
[2022-06-13T03:01:37.073+0000][1][safepoint    ] Total time for which application threads were stopped: 0.0010064 seconds, Stopping threads took: 0.0005161 seconds
[2022-06-13T03:01:38.074+0000][1][safepoint    ] Application time: 1.0001465 seconds
[2022-06-13T03:01:38.074+0000][1][safepoint    ] Entering safepoint region: Cleanup
[2022-06-13T03:01:38.074+0000][1][safepoint    ] Leaving safepoint region
[2022-06-13T03:01:38.075+0000][1][safepoint    ] Total time for which application threads were stopped: 0.0008830 seconds, Stopping threads took: 0.0002792 seconds
[2022-06-13T03:01:39.075+0000][1][safepoint    ] Application time: 1.0002596 seconds
[2022-06-13T03:01:39.076+0000][1][safepoint    ] Entering safepoint region: Cleanup
[2022-06-13T03:01:39.076+0000][1][safepoint    ] Leaving safepoint region
[2022-06-13T03:01:39.077+0000][1][safepoint    ] Total time for which application threads were stopped: 0.0008260 seconds, Stopping threads took: 0.0003925 seconds
[2022-06-13T03:01:40.077+0000][1][safepoint    ] Application time: 1.0002910 seconds
[2022-06-13T03:01:40.078+0000][1][safepoint    ] Entering safepoint region: Cleanup
[2022-06-13T03:01:40.078+0000][1][safepoint    ] Leaving safepoint region
[2022-06-13T03:01:40.079+0000][1][safepoint    ] Total time for which application threads were stopped: 0.0010154 seconds, Stopping threads took: 0.0004727 seconds
[2022-06-13T03:01:41.079+0000][1][safepoint    ] Application time: 1.0001707 seconds
[2022-06-13T03:01:41.080+0000][1][safepoint    ] Entering safepoint region: Cleanup
[2022-06-13T03:01:41.080+0000][1][safepoint    ] Leaving safepoint region
[2022-06-13T03:01:41.080+0000][1][safepoint    ] Total time for which application threads were stopped: 0.0006210 seconds, Stopping threads took: 0.0003251 seconds
[2022-06-13T03:01:42.081+0000][1][safepoint    ] Application time: 1.0001856 seconds
[2022-06-13T03:01:42.081+0000][1][safepoint    ] Entering safepoint region: Cleanup
[2022-06-13T03:01:42.082+0000][1][safepoint    ] Leaving safepoint region
[2022-06-13T03:01:42.082+0000][1][safepoint    ] Total time for which application threads were stopped: 0.0008657 seconds, Stopping threads took: 0.0003890 seconds
[2022-06-13T03:01:43.083+0000][1][safepoint    ] Application time: 1.0001484 seconds
[2022-06-13T03:01:43.083+0000][1][safepoint    ] Entering safepoint region: Cleanup
[2022-06-13T03:01:43.084+0000][1][safepoint    ] Leaving safepoint region
[2022-06-13T03:01:43.084+0000][1][safepoint    ] Total time for which application threads were stopped: 0.0011704 seconds, Stopping threads took: 0.0006026 seconds
[2022-06-13T03:01:44.085+0000][1][safepoint    ] Application time: 1.0001245 seconds
[2022-06-13T03:01:44.085+0000][1][safepoint    ] Entering safepoint region: Cleanup
[2022-06-13T03:01:44.086+0000][1][safepoint    ] Leaving safepoint region
[2022-06-13T03:01:44.086+0000][1][safepoint    ] Total time for which application threads were stopped: 0.0005722 seconds, Stopping threads took: 0.0002628 seconds
[2022-06-13T03:01:45.086+0000][1][safepoint    ] Application time: 1.0002152 seconds
[2022-06-13T03:01:45.087+0000][1][safepoint    ] Entering safepoint region: Cleanup
[2022-06-13T03:01:45.087+0000][1][safepoint    ] Leaving safepoint region
[2022-06-13T03:01:45.087+0000][1][safepoint    ] Total time for which application threads were stopped: 0.0004911 seconds, Stopping threads took: 0.0002341 seconds
[2022-06-13T03:01:46.088+0000][1][safepoint    ] Application time: 1.0002320 seconds
[2022-06-13T03:01:46.088+0000][1][safepoint    ] Entering safepoint region: Cleanup
[2022-06-13T03:01:46.088+0000][1][safepoint    ] Leaving safepoint region
[2022-06-13T03:01:46.089+0000][1][safepoint    ] Total time for which application threads were stopped: 0.0005608 seconds, Stopping threads took: 0.0002332 seconds
[2022-06-13T03:01:47.089+0000][1][safepoint    ] Application time: 1.0001526 seconds
[2022-06-13T03:01:47.089+0000][1][safepoint    ] Entering safepoint region: Cleanup
[2022-06-13T03:01:47.090+0000][1][safepoint    ] Leaving safepoint region
[2022-06-13T03:01:47.090+0000][1][safepoint    ] Total time for which application threads were stopped: 0.0003469 seconds, Stopping threads took: 0.0001610 seconds
[2022-06-13T03:01:48.090+0000][1][safepoint    ] Application time: 1.0002639 seconds
[2022-06-13T03:01:48.090+0000][1][safepoint    ] Entering safepoint region: Cleanup
[2022-06-13T03:01:48.091+0000][1][safepoint    ] Leaving safepoint region
[2022-06-13T03:01:48.091+0000][1][safepoint    ] Total time for which application threads were stopped: 0.0008713 seconds, Stopping threads took: 0.0004132 seconds
[2022-06-13T03:01:49.092+0000][1][safepoint    ] Application time: 1.0002891 seconds
[2022-06-13T03:01:49.092+0000][1][safepoint    ] Entering safepoint region: Cleanup
[2022-06-13T03:01:49.093+0000][1][safepoint    ] Leaving safepoint region
[2022-06-13T03:01:49.093+0000][1][safepoint    ] Total time for which application threads were stopped: 0.0008740 seconds, Stopping threads took: 0.0004053 seconds
[2022-06-13T03:01:50.094+0000][1][safepoint    ] Application time: 1.0001648 seconds
[2022-06-13T03:01:50.094+0000][1][safepoint    ] Entering safepoint region: Cleanup
[2022-06-13T03:01:50.095+0000][1][safepoint    ] Leaving safepoint region
[2022-06-13T03:01:50.095+0000][1][safepoint    ] Total time for which application threads were stopped: 0.0008732 seconds, Stopping threads took: 0.0004172 seconds
[2022-06-13T03:01:51.096+0000][1][safepoint    ] Application time: 1.0003068 seconds
[2022-06-13T03:01:51.097+0000][1][safepoint    ] Entering safepoint region: Cleanup
[2022-06-13T03:01:51.097+0000][1][safepoint    ] Leaving safepoint region
[2022-06-13T03:01:51.097+0000][1][safepoint    ] Total time for which application threads were stopped: 0.0007731 seconds, Stopping threads took: 0.0004505 seconds
[2022-06-13T03:01:52.098+0000][1][safepoint    ] Application time: 1.0001288 seconds
[2022-06-13T03:01:52.098+0000][1][safepoint    ] Entering safepoint region: Cleanup
[2022-06-13T03:01:52.098+0000][1][safepoint    ] Leaving safepoint region
[2022-06-13T03:01:52.098+0000][1][safepoint    ] Total time for which application threads were stopped: 0.0004349 seconds, Stopping threads took: 0.0001550 seconds
[2022-06-13T03:01:53.099+0000][1][safepoint    ] Application time: 1.0001521 seconds
[2022-06-13T03:01:53.099+0000][1][safepoint    ] Entering safepoint region: Cleanup
[2022-06-13T03:01:53.100+0000][1][safepoint    ] Leaving safepoint region
[2022-06-13T03:01:53.100+0000][1][safepoint    ] Total time for which application threads were stopped: 0.0007422 seconds, Stopping threads took: 0.0003227 seconds
[2022-06-13T03:01:54.101+0000][1][safepoint    ] Application time: 1.0002756 seconds
[2022-06-13T03:01:54.101+0000][1][safepoint    ] Entering safepoint region: Cleanup
[2022-06-13T03:01:54.102+0000][1][safepoint    ] Leaving safepoint region
[2022-06-13T03:01:54.102+0000][1][safepoint    ] Total time for which application threads were stopped: 0.0008672 seconds, Stopping threads took: 0.0003219 seconds
[2022-06-13T03:01:55.103+0000][1][safepoint    ] Application time: 1.0001734 seconds
[2022-06-13T03:01:55.103+0000][1][safepoint    ] Entering safepoint region: Cleanup
[2022-06-13T03:01:55.104+0000][1][safepoint    ] Leaving safepoint region
[2022-06-13T03:01:55.104+0000][1][safepoint    ] Total time for which application threads were stopped: 0.0006324 seconds, Stopping threads took: 0.0003073 seconds
[2022-06-13T03:01:56.104+0000][1][safepoint    ] Application time: 1.0001983 seconds
[2022-06-13T03:01:56.105+0000][1][safepoint    ] Entering safepoint region: Cleanup
[2022-06-13T03:01:56.105+0000][1][safepoint    ] Leaving safepoint region
[2022-06-13T03:01:56.105+0000][1][safepoint    ] Total time for which application threads were stopped: 0.0004900 seconds, Stopping threads took: 0.0001861 seconds
[2022-06-13T03:01:57.106+0000][1][safepoint    ] Application time: 1.0001721 seconds
[2022-06-13T03:01:57.106+0000][1][safepoint    ] Entering safepoint region: Cleanup
[2022-06-13T03:01:57.107+0000][1][safepoint    ] Leaving safepoint region
[2022-06-13T03:01:57.108+0000][1][safepoint    ] Total time for which application threads were stopped: 0.0013189 seconds, Stopping threads took: 0.0006162 seconds
[2022-06-13T03:01:58.108+0000][1][safepoint    ] Application time: 1.0001938 seconds
[2022-06-13T03:01:58.109+0000][1][safepoint    ] Entering safepoint region: Cleanup
[2022-06-13T03:01:58.109+0000][1][safepoint    ] Leaving safepoint region
[2022-06-13T03:01:58.110+0000][1][safepoint    ] Total time for which application threads were stopped: 0.0007296 seconds, Stopping threads took: 0.0003285 seconds
[2022-06-13T03:01:59.110+0000][1][safepoint    ] Application time: 1.0001988 seconds
[2022-06-13T03:01:59.111+0000][1][safepoint    ] Entering safepoint region: Cleanup
[2022-06-13T03:01:59.111+0000][1][safepoint    ] Leaving safepoint region
[2022-06-13T03:01:59.112+0000][1][safepoint    ] Total time for which application threads were stopped: 0.0010434 seconds, Stopping threads took: 0.0004563 seconds
[2022-06-13T03:02:00.113+0000][1][safepoint    ] Application time: 1.0001653 seconds
[2022-06-13T03:02:00.113+0000][1][safepoint    ] Entering safepoint region: Cleanup
[2022-06-13T03:02:00.114+0000][1][safepoint    ] Leaving safepoint region
[2022-06-13T03:02:00.114+0000][1][safepoint    ] Total time for which application threads were stopped: 0.0008774 seconds, Stopping threads took: 0.0003931 seconds
[2022-06-13T03:02:01.115+0000][1][safepoint    ] Application time: 1.0003297 seconds
[2022-06-13T03:02:01.115+0000][1][safepoint    ] Entering safepoint region: Cleanup
[2022-06-13T03:02:01.116+0000][1][safepoint    ] Leaving safepoint region
[2022-06-13T03:02:01.116+0000][1][safepoint    ] Total time for which application threads were stopped: 0.0008757 seconds, Stopping threads took: 0.0005112 seconds
[2022-06-13T03:02:02.117+0000][1][safepoint    ] Application time: 1.0001835 seconds
[2022-06-13T03:02:02.117+0000][1][safepoint    ] Entering safepoint region: Cleanup
[2022-06-13T03:02:02.117+0000][1][safepoint    ] Leaving safepoint region
[2022-06-13T03:02:02.118+0000][1][safepoint    ] Total time for which application threads were stopped: 0.0008018 seconds, Stopping threads took: 0.0003630 seconds
[2022-06-13T03:02:03.118+0000][1][safepoint    ] Application time: 1.0001807 seconds
[2022-06-13T03:02:03.119+0000][1][safepoint    ] Entering safepoint region: Cleanup
[2022-06-13T03:02:03.119+0000][1][safepoint    ] Leaving safepoint region
[2022-06-13T03:02:03.120+0000][1][safepoint    ] Total time for which application threads were stopped: 0.0008821 seconds, Stopping threads took: 0.0003700 seconds
[2022-06-13T03:02:04.120+0000][1][safepoint    ] Application time: 1.0002418 seconds
[2022-06-13T03:02:04.121+0000][1][safepoint    ] Entering safepoint region: Cleanup
[2022-06-13T03:02:04.121+0000][1][safepoint    ] Leaving safepoint region
[2022-06-13T03:02:04.122+0000][1][safepoint    ] Total time for which application threads were stopped: 0.0009109 seconds, Stopping threads took: 0.0003808 seconds
[2022-06-13T03:02:05.122+0000][1][safepoint    ] Application time: 1.0001747 seconds
[2022-06-13T03:02:05.123+0000][1][safepoint    ] Entering safepoint region: Cleanup
[2022-06-13T03:02:05.123+0000][1][safepoint    ] Leaving safepoint region
[2022-06-13T03:02:05.123+0000][1][safepoint    ] Total time for which application threads were stopped: 0.0007993 seconds, Stopping threads took: 0.0003877 seconds
[2022-06-13T03:02:06.124+0000][1][safepoint    ] Application time: 1.0003176 seconds
[2022-06-13T03:02:06.125+0000][1][safepoint    ] Entering safepoint region: Cleanup
[2022-06-13T03:02:06.125+0000][1][safepoint    ] Leaving safepoint region
[2022-06-13T03:02:06.125+0000][1][safepoint    ] Total time for which application threads were stopped: 0.0008727 seconds, Stopping threads took: 0.0004518 seconds
[2022-06-13T03:02:07.126+0000][1][safepoint    ] Application time: 1.0002834 seconds
[2022-06-13T03:02:07.127+0000][1][safepoint    ] Entering safepoint region: Cleanup
[2022-06-13T03:02:07.127+0000][1][safepoint    ] Leaving safepoint region
[2022-06-13T03:02:07.127+0000][1][safepoint    ] Total time for which application threads were stopped: 0.0007087 seconds, Stopping threads took: 0.0002670 seconds
[2022-06-13T03:02:08.128+0000][1][safepoint    ] Application time: 1.0001687 seconds
[2022-06-13T03:02:08.128+0000][1][safepoint    ] Entering safepoint region: Cleanup
[2022-06-13T03:02:08.129+0000][1][safepoint    ] Leaving safepoint region
[2022-06-13T03:02:08.129+0000][1][safepoint    ] Total time for which application threads were stopped: 0.0010883 seconds, Stopping threads took: 0.0004832 seconds
[2022-06-13T03:02:09.130+0000][1][safepoint    ] Application time: 1.0001949 seconds
[2022-06-13T03:02:09.131+0000][1][safepoint    ] Entering safepoint region: Cleanup
[2022-06-13T03:02:09.131+0000][1][safepoint    ] Leaving safepoint region
[2022-06-13T03:02:09.131+0000][1][safepoint    ] Total time for which application threads were stopped: 0.0006654 seconds, Stopping threads took: 0.0003445 seconds
[2022-06-13T03:02:10.132+0000][1][safepoint    ] Application time: 1.0002414 seconds
[2022-06-13T03:02:10.132+0000][1][safepoint    ] Entering safepoint region: Cleanup
[2022-06-13T03:02:10.133+0000][1][safepoint    ] Leaving safepoint region
[2022-06-13T03:02:10.133+0000][1][safepoint    ] Total time for which application threads were stopped: 0.0008508 seconds, Stopping threads took: 0.0003869 seconds
[2022-06-13T03:02:11.134+0000][1][safepoint    ] Application time: 1.0001901 seconds
[2022-06-13T03:02:11.134+0000][1][safepoint    ] Entering safepoint region: Cleanup
[2022-06-13T03:02:11.135+0000][1][safepoint    ] Leaving safepoint region
[2022-06-13T03:02:11.136+0000][1][safepoint    ] Total time for which application threads were stopped: 0.0013642 seconds, Stopping threads took: 0.0006441 seconds
[2022-06-13T03:02:12.137+0000][1][safepoint    ] Application time: 1.0002450 seconds
[2022-06-13T03:02:12.137+0000][1][safepoint    ] Entering safepoint region: Cleanup
[2022-06-13T03:02:12.138+0000][1][safepoint    ] Leaving safepoint region
[2022-06-13T03:02:12.138+0000][1][safepoint    ] Total time for which application threads were stopped: 0.0009187 seconds, Stopping threads took: 0.0004373 seconds
[2022-06-13T03:02:13.139+0000][1][safepoint    ] Application time: 1.0001575 seconds
[2022-06-13T03:02:13.139+0000][1][safepoint    ] Entering safepoint region: Cleanup
[2022-06-13T03:02:13.140+0000][1][safepoint    ] Leaving safepoint region
[2022-06-13T03:02:13.140+0000][1][safepoint    ] Total time for which application threads were stopped: 0.0009046 seconds, Stopping threads took: 0.0004164 seconds
[2022-06-13T03:02:14.141+0000][1][safepoint    ] Application time: 1.0002356 seconds
[2022-06-13T03:02:14.141+0000][1][safepoint    ] Entering safepoint region: Cleanup
[2022-06-13T03:02:14.142+0000][1][safepoint    ] Leaving safepoint region
[2022-06-13T03:02:14.142+0000][1][safepoint    ] Total time for which application threads were stopped: 0.0009258 seconds, Stopping threads took: 0.0004636 seconds
[2022-06-13T03:02:15.143+0000][1][safepoint    ] Application time: 1.0001869 seconds
[2022-06-13T03:02:15.143+0000][1][safepoint    ] Entering safepoint region: Cleanup
[2022-06-13T03:02:15.144+0000][1][safepoint    ] Leaving safepoint region
[2022-06-13T03:02:15.144+0000][1][safepoint    ] Total time for which application threads were stopped: 0.0011303 seconds, Stopping threads took: 0.0005608 seconds
[2022-06-13T03:02:16.145+0000][1][safepoint    ] Application time: 1.0001625 seconds
[2022-06-13T03:02:16.145+0000][1][safepoint    ] Entering safepoint region: Cleanup
[2022-06-13T03:02:16.146+0000][1][safepoint    ] Leaving safepoint region
[2022-06-13T03:02:16.146+0000][1][safepoint    ] Total time for which application threads were stopped: 0.0007026 seconds, Stopping threads took: 0.0002671 seconds
[2022-06-13T03:02:17.147+0000][1][safepoint    ] Application time: 1.0001615 seconds
[2022-06-13T03:02:17.147+0000][1][safepoint    ] Entering safepoint region: Cleanup
[2022-06-13T03:02:17.147+0000][1][safepoint    ] Leaving safepoint region
[2022-06-13T03:02:17.147+0000][1][safepoint    ] Total time for which application threads were stopped: 0.0004603 seconds, Stopping threads took: 0.0001897 seconds
[2022-06-13T03:02:18.148+0000][1][safepoint    ] Application time: 1.0001267 seconds
[2022-06-13T03:02:18.148+0000][1][safepoint    ] Entering safepoint region: Cleanup
[2022-06-13T03:02:18.149+0000][1][safepoint    ] Leaving safepoint region
[2022-06-13T03:02:18.149+0000][1][safepoint    ] Total time for which application threads were stopped: 0.0008865 seconds, Stopping threads took: 0.0004579 seconds
[2022-06-13T03:02:19.150+0000][1][safepoint    ] Application time: 1.0003119 seconds
[2022-06-13T03:02:19.151+0000][1][safepoint    ] Entering safepoint region: Cleanup
[2022-06-13T03:02:19.151+0000][1][safepoint    ] Leaving safepoint region
[2022-06-13T03:02:19.152+0000][1][safepoint    ] Total time for which application threads were stopped: 0.0012148 seconds, Stopping threads took: 0.0005317 seconds
[2022-06-13T03:02:20.153+0000][1][safepoint    ] Application time: 1.0002132 seconds
[2022-06-13T03:02:20.153+0000][1][safepoint    ] Entering safepoint region: Cleanup
[2022-06-13T03:02:20.153+0000][1][safepoint    ] Leaving safepoint region
[2022-06-13T03:02:20.154+0000][1][safepoint    ] Total time for which application threads were stopped: 0.0006164 seconds, Stopping threads took: 0.0002755 seconds
[2022-06-13T03:02:21.154+0000][1][safepoint    ] Application time: 1.0002089 seconds
[2022-06-13T03:02:21.155+0000][1][safepoint    ] Entering safepoint region: Cleanup
[2022-06-13T03:02:21.155+0000][1][safepoint    ] Leaving safepoint region
[2022-06-13T03:02:21.156+0000][1][safepoint    ] Total time for which application threads were stopped: 0.0011056 seconds, Stopping threads took: 0.0005344 seconds
[2022-06-13T03:02:22.156+0000][1][safepoint    ] Application time: 1.0001515 seconds
[2022-06-13T03:02:22.157+0000][1][safepoint    ] Entering safepoint region: Cleanup
[2022-06-13T03:02:22.158+0000][1][safepoint    ] Leaving safepoint region
[2022-06-13T03:02:22.158+0000][1][safepoint    ] Total time for which application threads were stopped: 0.0009946 seconds, Stopping threads took: 0.0004645 seconds
[2022-06-13T03:02:23.159+0000][1][safepoint    ] Application time: 1.0001748 seconds
[2022-06-13T03:02:23.159+0000][1][safepoint    ] Entering safepoint region: Cleanup
[2022-06-13T03:02:23.159+0000][1][safepoint    ] Leaving safepoint region
[2022-06-13T03:02:23.160+0000][1][safepoint    ] Total time for which application threads were stopped: 0.0006148 seconds, Stopping threads took: 0.0003227 seconds
[2022-06-13T03:02:24.160+0000][1][safepoint    ] Application time: 1.0002445 seconds
[2022-06-13T03:02:24.161+0000][1][safepoint    ] Entering safepoint region: Cleanup
[2022-06-13T03:02:24.162+0000][1][safepoint    ] Leaving safepoint region
[2022-06-13T03:02:24.162+0000][1][safepoint    ] Total time for which application threads were stopped: 0.0011710 seconds, Stopping threads took: 0.0005414 seconds
[2022-06-13T03:02:25.163+0000][1][safepoint    ] Application time: 1.0002253 seconds
[2022-06-13T03:02:25.164+0000][1][safepoint    ] Entering safepoint region: Cleanup
[2022-06-13T03:02:25.164+0000][1][safepoint    ] Leaving safepoint region
[2022-06-13T03:02:25.165+0000][1][safepoint    ] Total time for which application threads were stopped: 0.0011693 seconds, Stopping threads took: 0.0004751 seconds
[2022-06-13T03:02:26.166+0000][1][safepoint    ] Application time: 1.0002460 seconds
[2022-06-13T03:02:26.166+0000][1][safepoint    ] Entering safepoint region: Cleanup
[2022-06-13T03:02:26.167+0000][1][safepoint    ] Leaving safepoint region
[2022-06-13T03:02:26.168+0000][1][safepoint    ] Total time for which application threads were stopped: 0.0015079 seconds, Stopping threads took: 0.0006535 seconds
[2022-06-13T03:02:27.169+0000][1][safepoint    ] Application time: 1.0001415 seconds
[2022-06-13T03:02:27.169+0000][1][safepoint    ] Entering safepoint region: Cleanup
[2022-06-13T03:02:27.169+0000][1][safepoint    ] Leaving safepoint region
[2022-06-13T03:02:27.170+0000][1][safepoint    ] Total time for which application threads were stopped: 0.0007226 seconds, Stopping threads took: 0.0003074 seconds
[2022-06-13T03:02:28.170+0000][1][safepoint    ] Application time: 1.0001886 seconds
[2022-06-13T03:02:28.171+0000][1][safepoint    ] Entering safepoint region: Cleanup
[2022-06-13T03:02:28.171+0000][1][safepoint    ] Leaving safepoint region
[2022-06-13T03:02:28.172+0000][1][safepoint    ] Total time for which application threads were stopped: 0.0007928 seconds, Stopping threads took: 0.0003746 seconds
[2022-06-13T03:02:29.172+0000][1][safepoint    ] Application time: 1.0001195 seconds
[2022-06-13T03:02:29.172+0000][1][safepoint    ] Entering safepoint region: Cleanup
[2022-06-13T03:02:29.173+0000][1][safepoint    ] Leaving safepoint region
[2022-06-13T03:02:29.173+0000][1][safepoint    ] Total time for which application threads were stopped: 0.0008322 seconds, Stopping threads took: 0.0003967 seconds
[2022-06-13T03:02:30.174+0000][1][safepoint    ] Application time: 1.0003797 seconds
[2022-06-13T03:02:30.174+0000][1][safepoint    ] Entering safepoint region: Cleanup
[2022-06-13T03:02:30.175+0000][1][safepoint    ] Leaving safepoint region
[2022-06-13T03:02:30.175+0000][1][safepoint    ] Total time for which application threads were stopped: 0.0006868 seconds, Stopping threads took: 0.0003094 seconds
[2022-06-13T03:02:31.176+0000][1][safepoint    ] Application time: 1.0001973 seconds
[2022-06-13T03:02:31.176+0000][1][safepoint    ] Entering safepoint region: Cleanup
[2022-06-13T03:02:31.177+0000][1][safepoint    ] Leaving safepoint region
[2022-06-13T03:02:31.177+0000][1][safepoint    ] Total time for which application threads were stopped: 0.0008266 seconds, Stopping threads took: 0.0003794 seconds
[2022-06-13T03:02:32.178+0000][1][safepoint    ] Application time: 1.0001594 seconds
[2022-06-13T03:02:32.178+0000][1][safepoint    ] Entering safepoint region: Cleanup
[2022-06-13T03:02:32.179+0000][1][safepoint    ] Leaving safepoint region
[2022-06-13T03:02:32.179+0000][1][safepoint    ] Total time for which application threads were stopped: 0.0011723 seconds, Stopping threads took: 0.0004607 seconds
[2022-06-13T03:02:33.180+0000][1][safepoint    ] Application time: 1.0001490 seconds
[2022-06-13T03:02:33.180+0000][1][safepoint    ] Entering safepoint region: Cleanup
[2022-06-13T03:02:33.181+0000][1][safepoint    ] Leaving safepoint region
[2022-06-13T03:02:33.181+0000][1][safepoint    ] Total time for which application threads were stopped: 0.0007703 seconds, Stopping threads took: 0.0003067 seconds
[2022-06-13T03:02:34.182+0000][1][safepoint    ] Application time: 1.0001734 seconds
[2022-06-13T03:02:34.182+0000][1][safepoint    ] Entering safepoint region: Cleanup
[2022-06-13T03:02:34.182+0000][1][safepoint    ] Leaving safepoint region
[2022-06-13T03:02:34.182+0000][1][safepoint    ] Total time for which application threads were stopped: 0.0003013 seconds, Stopping threads took: 0.0001172 seconds
[2022-06-13T03:02:35.182+0000][1][safepoint    ] Application time: 1.0002332 seconds
[2022-06-13T03:02:35.183+0000][1][safepoint    ] Entering safepoint region: Cleanup
[2022-06-13T03:02:35.183+0000][1][safepoint    ] Leaving safepoint region
[2022-06-13T03:02:35.184+0000][1][safepoint    ] Total time for which application threads were stopped: 0.0008342 seconds, Stopping threads took: 0.0003680 seconds
[2022-06-13T03:02:36.185+0000][1][safepoint    ] Application time: 1.0003348 seconds
[2022-06-13T03:02:36.185+0000][1][safepoint    ] Entering safepoint region: Cleanup
[2022-06-13T03:02:36.186+0000][1][safepoint    ] Leaving safepoint region
[2022-06-13T03:02:36.186+0000][1][safepoint    ] Total time for which application threads were stopped: 0.0008526 seconds, Stopping threads took: 0.0003977 seconds
[2022-06-13T03:02:37.187+0000][1][safepoint    ] Application time: 1.0001989 seconds
[2022-06-13T03:02:37.187+0000][1][safepoint    ] Entering safepoint region: Cleanup
[2022-06-13T03:02:37.188+0000][1][safepoint    ] Leaving safepoint region
[2022-06-13T03:02:37.188+0000][1][safepoint    ] Total time for which application threads were stopped: 0.0008611 seconds, Stopping threads took: 0.0004215 seconds
[2022-06-13T03:02:38.189+0000][1][safepoint    ] Application time: 1.0002729 seconds
[2022-06-13T03:02:38.189+0000][1][safepoint    ] Entering safepoint region: Cleanup
[2022-06-13T03:02:38.189+0000][1][safepoint    ] Leaving safepoint region
[2022-06-13T03:02:38.190+0000][1][safepoint    ] Total time for which application threads were stopped: 0.0007625 seconds, Stopping threads took: 0.0003593 seconds
[2022-06-13T03:02:39.190+0000][1][safepoint    ] Application time: 1.0001953 seconds
[2022-06-13T03:02:39.191+0000][1][safepoint    ] Entering safepoint region: Cleanup
[2022-06-13T03:02:39.191+0000][1][safepoint    ] Leaving safepoint region
[2022-06-13T03:02:39.191+0000][1][safepoint    ] Total time for which application threads were stopped: 0.0006780 seconds, Stopping threads took: 0.0001818 seconds
[2022-06-13T03:02:40.192+0000][1][safepoint    ] Application time: 1.0002242 seconds
[2022-06-13T03:02:40.192+0000][1][safepoint    ] Entering safepoint region: Cleanup
[2022-06-13T03:02:40.193+0000][1][safepoint    ] Leaving safepoint region
[2022-06-13T03:02:40.193+0000][1][safepoint    ] Total time for which application threads were stopped: 0.0007738 seconds, Stopping threads took: 0.0003090 seconds
[2022-06-13T03:02:41.194+0000][1][safepoint    ] Application time: 1.0001437 seconds
[2022-06-13T03:02:41.194+0000][1][safepoint    ] Entering safepoint region: Cleanup
[2022-06-13T03:02:41.194+0000][1][safepoint    ] Leaving safepoint region
[2022-06-13T03:02:41.195+0000][1][safepoint    ] Total time for which application threads were stopped: 0.0006302 seconds, Stopping threads took: 0.0002548 seconds
[2022-06-13T03:02:42.195+0000][1][safepoint    ] Application time: 1.0002129 seconds
[2022-06-13T03:02:42.196+0000][1][safepoint    ] Entering safepoint region: Cleanup
[2022-06-13T03:02:42.196+0000][1][safepoint    ] Leaving safepoint region
[2022-06-13T03:02:42.197+0000][1][safepoint    ] Total time for which application threads were stopped: 0.0008775 seconds, Stopping threads took: 0.0003773 seconds
[2022-06-13T03:02:43.197+0000][1][safepoint    ] Application time: 1.0001520 seconds
[2022-06-13T03:02:43.198+0000][1][safepoint    ] Entering safepoint region: Cleanup
[2022-06-13T03:02:43.198+0000][1][safepoint    ] Leaving safepoint region
[2022-06-13T03:02:43.198+0000][1][safepoint    ] Total time for which application threads were stopped: 0.0005621 seconds, Stopping threads took: 0.0002629 seconds
[2022-06-13T03:02:44.198+0000][1][safepoint    ] Application time: 1.0002214 seconds
[2022-06-13T03:02:44.199+0000][1][safepoint    ] Entering safepoint region: Cleanup
[2022-06-13T03:02:44.200+0000][1][safepoint    ] Leaving safepoint region
[2022-06-13T03:02:44.201+0000][1][safepoint    ] Total time for which application threads were stopped: 0.0013676 seconds, Stopping threads took: 0.0006910 seconds
[2022-06-13T03:02:45.201+0000][1][safepoint    ] Application time: 1.0002490 seconds
[2022-06-13T03:02:45.202+0000][1][safepoint    ] Entering safepoint region: Cleanup
[2022-06-13T03:02:45.203+0000][1][safepoint    ] Leaving safepoint region
[2022-06-13T03:02:45.203+0000][1][safepoint    ] Total time for which application threads were stopped: 0.0014227 seconds, Stopping threads took: 0.0006759 seconds
[2022-06-13T03:02:46.204+0000][1][safepoint    ] Application time: 1.0003814 seconds
[2022-06-13T03:02:46.205+0000][1][safepoint    ] Entering safepoint region: Cleanup
[2022-06-13T03:02:46.205+0000][1][safepoint    ] Leaving safepoint region
[2022-06-13T03:02:46.206+0000][1][safepoint    ] Total time for which application threads were stopped: 0.0007369 seconds, Stopping threads took: 0.0003189 seconds
[2022-06-13T03:02:47.206+0000][1][safepoint    ] Application time: 1.0001746 seconds
[2022-06-13T03:02:47.207+0000][1][safepoint    ] Entering safepoint region: Cleanup
[2022-06-13T03:02:47.207+0000][1][safepoint    ] Leaving safepoint region
[2022-06-13T03:02:47.207+0000][1][safepoint    ] Total time for which application threads were stopped: 0.0008422 seconds, Stopping threads took: 0.0003983 seconds
[2022-06-13T03:02:48.208+0000][1][safepoint    ] Application time: 1.0001724 seconds
[2022-06-13T03:02:48.208+0000][1][safepoint    ] Entering safepoint region: Cleanup
[2022-06-13T03:02:48.209+0000][1][safepoint    ] Leaving safepoint region
[2022-06-13T03:02:48.209+0000][1][safepoint    ] Total time for which application threads were stopped: 0.0006404 seconds, Stopping threads took: 0.0003704 seconds
[2022-06-13T03:02:49.209+0000][1][safepoint    ] Application time: 1.0001249 seconds
[2022-06-13T03:02:49.210+0000][1][safepoint    ] Entering safepoint region: Cleanup
[2022-06-13T03:02:49.210+0000][1][safepoint    ] Leaving safepoint region
[2022-06-13T03:02:49.211+0000][1][safepoint    ] Total time for which application threads were stopped: 0.0006766 seconds, Stopping threads took: 0.0002909 seconds
[2022-06-13T03:02:50.211+0000][1][safepoint    ] Application time: 1.0002091 seconds
[2022-06-13T03:02:50.212+0000][1][safepoint    ] Entering safepoint region: Cleanup
[2022-06-13T03:02:50.213+0000][1][safepoint    ] Leaving safepoint region
[2022-06-13T03:02:50.213+0000][1][safepoint    ] Total time for which application threads were stopped: 0.0013359 seconds, Stopping threads took: 0.0006720 seconds
[2022-06-13T03:02:51.214+0000][1][safepoint    ] Application time: 1.0002192 seconds
[2022-06-13T03:02:51.214+0000][1][safepoint    ] Entering safepoint region: Cleanup
[2022-06-13T03:02:51.215+0000][1][safepoint    ] Leaving safepoint region
[2022-06-13T03:02:51.215+0000][1][safepoint    ] Total time for which application threads were stopped: 0.0006307 seconds, Stopping threads took: 0.0003258 seconds
[2022-06-13T03:02:52.215+0000][1][safepoint    ] Application time: 1.0001242 seconds
[2022-06-13T03:02:52.216+0000][1][safepoint    ] Entering safepoint region: Cleanup
[2022-06-13T03:02:52.216+0000][1][safepoint    ] Leaving safepoint region
[2022-06-13T03:02:52.217+0000][1][safepoint    ] Total time for which application threads were stopped: 0.0007118 seconds, Stopping threads took: 0.0002871 seconds
[2022-06-13T03:02:53.217+0000][1][safepoint    ] Application time: 1.0001502 seconds
[2022-06-13T03:02:53.217+0000][1][safepoint    ] Entering safepoint region: Cleanup
[2022-06-13T03:02:53.218+0000][1][safepoint    ] Leaving safepoint region
[2022-06-13T03:02:53.218+0000][1][safepoint    ] Total time for which application threads were stopped: 0.0007941 seconds, Stopping threads took: 0.0003641 seconds
[2022-06-13T03:02:54.219+0000][1][safepoint    ] Application time: 1.0002387 seconds
[2022-06-13T03:02:54.219+0000][1][safepoint    ] Entering safepoint region: Cleanup
[2022-06-13T03:02:54.220+0000][1][safepoint    ] Leaving safepoint region
[2022-06-13T03:02:54.220+0000][1][safepoint    ] Total time for which application threads were stopped: 0.0008341 seconds, Stopping threads took: 0.0003355 seconds
[2022-06-13T03:02:55.221+0000][1][safepoint    ] Application time: 1.0001254 seconds
[2022-06-13T03:02:55.221+0000][1][safepoint    ] Entering safepoint region: Cleanup
[2022-06-13T03:02:55.222+0000][1][safepoint    ] Leaving safepoint region
[2022-06-13T03:02:55.222+0000][1][safepoint    ] Total time for which application threads were stopped: 0.0008283 seconds, Stopping threads took: 0.0003788 seconds
[2022-06-13T03:02:56.223+0000][1][safepoint    ] Application time: 1.0002144 seconds
[2022-06-13T03:02:56.223+0000][1][safepoint    ] Entering safepoint region: Cleanup
[2022-06-13T03:02:56.224+0000][1][safepoint    ] Leaving safepoint region
[2022-06-13T03:02:56.224+0000][1][safepoint    ] Total time for which application threads were stopped: 0.0011641 seconds, Stopping threads took: 0.0005701 seconds
[2022-06-13T03:02:57.225+0000][1][safepoint    ] Application time: 1.0001276 seconds
[2022-06-13T03:02:57.225+0000][1][safepoint    ] Entering safepoint region: Cleanup
[2022-06-13T03:02:57.226+0000][1][safepoint    ] Leaving safepoint region
[2022-06-13T03:02:57.226+0000][1][safepoint    ] Total time for which application threads were stopped: 0.0006620 seconds, Stopping threads took: 0.0003250 seconds
[2022-06-13T03:02:58.227+0000][1][safepoint    ] Application time: 1.0002462 seconds
[2022-06-13T03:02:58.227+0000][1][safepoint    ] Entering safepoint region: Cleanup
[2022-06-13T03:02:58.228+0000][1][safepoint    ] Leaving safepoint region
[2022-06-13T03:02:58.228+0000][1][safepoint    ] Total time for which application threads were stopped: 0.0008499 seconds, Stopping threads took: 0.0003897 seconds
[2022-06-13T03:02:59.229+0000][1][safepoint    ] Application time: 1.0002040 seconds
[2022-06-13T03:02:59.229+0000][1][safepoint    ] Entering safepoint region: Cleanup
[2022-06-13T03:02:59.230+0000][1][safepoint    ] Leaving safepoint region
[2022-06-13T03:02:59.230+0000][1][safepoint    ] Total time for which application threads were stopped: 0.0009641 seconds, Stopping threads took: 0.0003920 seconds
[2022-06-13T03:03:00.231+0000][1][safepoint    ] Application time: 1.0001927 seconds
[2022-06-13T03:03:00.231+0000][1][safepoint    ] Entering safepoint region: Cleanup
[2022-06-13T03:03:00.232+0000][1][safepoint    ] Leaving safepoint region
[2022-06-13T03:03:00.232+0000][1][safepoint    ] Total time for which application threads were stopped: 0.0010667 seconds, Stopping threads took: 0.0004636 seconds
[2022-06-13T03:03:01.233+0000][1][safepoint    ] Application time: 1.0001564 seconds
[2022-06-13T03:03:01.234+0000][1][safepoint    ] Entering safepoint region: Cleanup
[2022-06-13T03:03:01.234+0000][1][safepoint    ] Leaving safepoint region
[2022-06-13T03:03:01.234+0000][1][safepoint    ] Total time for which application threads were stopped: 0.0006250 seconds, Stopping threads took: 0.0002924 seconds
[2022-06-13T03:03:02.235+0000][1][safepoint    ] Application time: 1.0003356 seconds
[2022-06-13T03:03:02.235+0000][1][safepoint    ] Entering safepoint region: Cleanup
[2022-06-13T03:03:02.236+0000][1][safepoint    ] Leaving safepoint region
[2022-06-13T03:03:02.236+0000][1][safepoint    ] Total time for which application threads were stopped: 0.0008292 seconds, Stopping threads took: 0.0003686 seconds
[2022-06-13T03:03:03.237+0000][1][safepoint    ] Application time: 1.0002019 seconds
[2022-06-13T03:03:03.237+0000][1][safepoint    ] Entering safepoint region: Cleanup
[2022-06-13T03:03:03.237+0000][1][safepoint    ] Leaving safepoint region
[2022-06-13T03:03:03.238+0000][1][safepoint    ] Total time for which application threads were stopped: 0.0006230 seconds, Stopping threads took: 0.0003000 seconds
[2022-06-13T03:03:04.238+0000][1][safepoint    ] Application time: 1.0001373 seconds
[2022-06-13T03:03:04.239+0000][1][safepoint    ] Entering safepoint region: Cleanup
[2022-06-13T03:03:04.239+0000][1][safepoint    ] Leaving safepoint region
[2022-06-13T03:03:04.240+0000][1][safepoint    ] Total time for which application threads were stopped: 0.0011232 seconds, Stopping threads took: 0.0005189 seconds
[2022-06-13T03:03:05.240+0000][1][safepoint    ] Application time: 1.0002043 seconds
[2022-06-13T03:03:05.241+0000][1][safepoint    ] Entering safepoint region: Cleanup
[2022-06-13T03:03:05.241+0000][1][safepoint    ] Leaving safepoint region
[2022-06-13T03:03:05.241+0000][1][safepoint    ] Total time for which application threads were stopped: 0.0007974 seconds, Stopping threads took: 0.0003979 seconds
[2022-06-13T03:03:06.242+0000][1][safepoint    ] Application time: 1.0001446 seconds
[2022-06-13T03:03:06.242+0000][1][safepoint    ] Entering safepoint region: Cleanup
[2022-06-13T03:03:06.243+0000][1][safepoint    ] Leaving safepoint region
[2022-06-13T03:03:06.243+0000][1][safepoint    ] Total time for which application threads were stopped: 0.0007048 seconds, Stopping threads took: 0.0003463 seconds
[2022-06-13T03:03:07.243+0000][1][safepoint    ] Application time: 1.0001286 seconds
[2022-06-13T03:03:07.244+0000][1][safepoint    ] Entering safepoint region: Cleanup
[2022-06-13T03:03:07.244+0000][1][safepoint    ] Leaving safepoint region
[2022-06-13T03:03:07.244+0000][1][safepoint    ] Total time for which application threads were stopped: 0.0005467 seconds, Stopping threads took: 0.0002395 seconds
[2022-06-13T03:03:08.245+0000][1][safepoint    ] Application time: 1.0001934 seconds
[2022-06-13T03:03:08.245+0000][1][safepoint    ] Entering safepoint region: Cleanup
[2022-06-13T03:03:08.245+0000][1][safepoint    ] Leaving safepoint region
[2022-06-13T03:03:08.246+0000][1][safepoint    ] Total time for which application threads were stopped: 0.0008848 seconds, Stopping threads took: 0.0003906 seconds
[2022-06-13T03:03:09.246+0000][1][safepoint    ] Application time: 1.0001338 seconds
[2022-06-13T03:03:09.247+0000][1][safepoint    ] Entering safepoint region: Cleanup
[2022-06-13T03:03:09.247+0000][1][safepoint    ] Leaving safepoint region
[2022-06-13T03:03:09.247+0000][1][safepoint    ] Total time for which application threads were stopped: 0.0005906 seconds, Stopping threads took: 0.0003058 seconds
[2022-06-13T03:03:10.248+0000][1][safepoint    ] Application time: 1.0002226 seconds
[2022-06-13T03:03:10.248+0000][1][safepoint    ] Entering safepoint region: Cleanup
[2022-06-13T03:03:10.248+0000][1][safepoint    ] Leaving safepoint region
[2022-06-13T03:03:10.249+0000][1][safepoint    ] Total time for which application threads were stopped: 0.0005743 seconds, Stopping threads took: 0.0002632 seconds
[2022-06-13T03:03:11.249+0000][1][safepoint    ] Application time: 1.0001481 seconds
[2022-06-13T03:03:11.249+0000][1][safepoint    ] Entering safepoint region: Cleanup
[2022-06-13T03:03:11.250+0000][1][safepoint    ] Leaving safepoint region
[2022-06-13T03:03:11.250+0000][1][safepoint    ] Total time for which application threads were stopped: 0.0009746 seconds, Stopping threads took: 0.0004419 seconds
[2022-06-13T03:03:12.251+0000][1][safepoint    ] Application time: 1.0002020 seconds
[2022-06-13T03:03:12.252+0000][1][safepoint    ] Entering safepoint region: Cleanup
[2022-06-13T03:03:12.252+0000][1][safepoint    ] Leaving safepoint region
[2022-06-13T03:03:12.253+0000][1][safepoint    ] Total time for which application threads were stopped: 0.0008627 seconds, Stopping threads took: 0.0003491 seconds
[2022-06-13T03:03:13.253+0000][1][safepoint    ] Application time: 1.0001015 seconds
[2022-06-13T03:03:13.253+0000][1][safepoint    ] Entering safepoint region: Cleanup
[2022-06-13T03:03:13.254+0000][1][safepoint    ] Leaving safepoint region
[2022-06-13T03:03:13.254+0000][1][safepoint    ] Total time for which application threads were stopped: 0.0003944 seconds, Stopping threads took: 0.0001568 seconds
[2022-06-13T03:03:14.254+0000][1][safepoint    ] Application time: 1.0001914 seconds
[2022-06-13T03:03:14.254+0000][1][safepoint    ] Entering safepoint region: Cleanup
[2022-06-13T03:03:14.254+0000][1][safepoint    ] Leaving safepoint region
[2022-06-13T03:03:14.255+0000][1][safepoint    ] Total time for which application threads were stopped: 0.0003211 seconds, Stopping threads took: 0.0001271 seconds
[2022-06-13T03:03:15.255+0000][1][safepoint    ] Application time: 1.0001065 seconds
[2022-06-13T03:03:15.255+0000][1][safepoint    ] Entering safepoint region: Cleanup
[2022-06-13T03:03:15.256+0000][1][safepoint    ] Leaving safepoint region
[2022-06-13T03:03:15.256+0000][1][safepoint    ] Total time for which application threads were stopped: 0.0006435 seconds, Stopping threads took: 0.0003557 seconds
[2022-06-13T03:03:16.256+0000][1][safepoint    ] Application time: 1.0002321 seconds
[2022-06-13T03:03:16.257+0000][1][safepoint    ] Entering safepoint region: Cleanup
[2022-06-13T03:03:16.258+0000][1][safepoint    ] Leaving safepoint region
[2022-06-13T03:03:16.258+0000][1][safepoint    ] Total time for which application threads were stopped: 0.0013136 seconds, Stopping threads took: 0.0006450 seconds
[2022-06-13T03:03:17.259+0000][1][safepoint    ] Application time: 1.0002075 seconds
[2022-06-13T03:03:17.259+0000][1][safepoint    ] Entering safepoint region: Cleanup
[2022-06-13T03:03:17.260+0000][1][safepoint    ] Leaving safepoint region
[2022-06-13T03:03:17.260+0000][1][safepoint    ] Total time for which application threads were stopped: 0.0010480 seconds, Stopping threads took: 0.0004680 seconds
[2022-06-13T03:03:18.261+0000][1][safepoint    ] Application time: 1.0001722 seconds
[2022-06-13T03:03:18.262+0000][1][safepoint    ] Entering safepoint region: Cleanup
[2022-06-13T03:03:18.262+0000][1][safepoint    ] Leaving safepoint region
[2022-06-13T03:03:18.263+0000][1][safepoint    ] Total time for which application threads were stopped: 0.0009104 seconds, Stopping threads took: 0.0004344 seconds
[2022-06-13T03:03:19.263+0000][1][safepoint    ] Application time: 1.0001983 seconds
[2022-06-13T03:03:19.264+0000][1][safepoint    ] Entering safepoint region: Cleanup
[2022-06-13T03:03:19.265+0000][1][safepoint    ] Leaving safepoint region
[2022-06-13T03:03:19.265+0000][1][safepoint    ] Total time for which application threads were stopped: 0.0010105 seconds, Stopping threads took: 0.0004841 seconds
[2022-06-13T03:03:20.265+0000][1][safepoint    ] Application time: 1.0002314 seconds
[2022-06-13T03:03:20.266+0000][1][safepoint    ] Entering safepoint region: Cleanup
[2022-06-13T03:03:20.266+0000][1][safepoint    ] Leaving safepoint region
[2022-06-13T03:03:20.267+0000][1][safepoint    ] Total time for which application threads were stopped: 0.0007343 seconds, Stopping threads took: 0.0003781 seconds
[2022-06-13T03:03:21.267+0000][1][safepoint    ] Application time: 1.0001506 seconds
[2022-06-13T03:03:21.267+0000][1][safepoint    ] Entering safepoint region: Cleanup
[2022-06-13T03:03:21.268+0000][1][safepoint    ] Leaving safepoint region
[2022-06-13T03:03:21.268+0000][1][safepoint    ] Total time for which application threads were stopped: 0.0007860 seconds, Stopping threads took: 0.0003483 seconds
[2022-06-13T03:03:22.269+0000][1][safepoint    ] Application time: 1.0001822 seconds
[2022-06-13T03:03:22.269+0000][1][safepoint    ] Entering safepoint region: Cleanup
[2022-06-13T03:03:22.269+0000][1][safepoint    ] Leaving safepoint region
[2022-06-13T03:03:22.270+0000][1][safepoint    ] Total time for which application threads were stopped: 0.0008867 seconds, Stopping threads took: 0.0004652 seconds
[2022-06-13T03:03:23.270+0000][1][safepoint    ] Application time: 1.0001485 seconds
[2022-06-13T03:03:23.271+0000][1][safepoint    ] Entering safepoint region: Cleanup
[2022-06-13T03:03:23.271+0000][1][safepoint    ] Leaving safepoint region
[2022-06-13T03:03:23.272+0000][1][safepoint    ] Total time for which application threads were stopped: 0.0009404 seconds, Stopping threads took: 0.0003808 seconds
[2022-06-13T03:03:24.272+0000][1][safepoint    ] Application time: 1.0001364 seconds
[2022-06-13T03:03:24.273+0000][1][safepoint    ] Entering safepoint region: Cleanup
[2022-06-13T03:03:24.273+0000][1][safepoint    ] Leaving safepoint region
[2022-06-13T03:03:24.273+0000][1][safepoint    ] Total time for which application threads were stopped: 0.0009284 seconds, Stopping threads took: 0.0004466 seconds
[2022-06-13T03:03:25.274+0000][1][safepoint    ] Application time: 1.0001878 seconds
[2022-06-13T03:03:25.274+0000][1][safepoint    ] Entering safepoint region: Cleanup
[2022-06-13T03:03:25.275+0000][1][safepoint    ] Leaving safepoint region
[2022-06-13T03:03:25.275+0000][1][safepoint    ] Total time for which application threads were stopped: 0.0004293 seconds, Stopping threads took: 0.0001989 seconds
[2022-06-13T03:03:26.275+0000][1][safepoint    ] Application time: 1.0001980 seconds
[2022-06-13T03:03:26.276+0000][1][safepoint    ] Entering safepoint region: Cleanup
[2022-06-13T03:03:26.276+0000][1][safepoint    ] Leaving safepoint region
[2022-06-13T03:03:26.277+0000][1][safepoint    ] Total time for which application threads were stopped: 0.0011511 seconds, Stopping threads took: 0.0005130 seconds
[2022-06-13T03:03:27.278+0000][1][safepoint    ] Application time: 1.0002421 seconds
[2022-06-13T03:03:27.279+0000][1][safepoint    ] Entering safepoint region: Cleanup
[2022-06-13T03:03:27.279+0000][1][safepoint    ] Leaving safepoint region
[2022-06-13T03:03:27.280+0000][1][safepoint    ] Total time for which application threads were stopped: 0.0011005 seconds, Stopping threads took: 0.0004814 seconds
[2022-06-13T03:03:28.280+0000][1][safepoint    ] Application time: 1.0001901 seconds
[2022-06-13T03:03:28.281+0000][1][safepoint    ] Entering safepoint region: Cleanup
[2022-06-13T03:03:28.281+0000][1][safepoint    ] Leaving safepoint region
[2022-06-13T03:03:28.282+0000][1][safepoint    ] Total time for which application threads were stopped: 0.0008452 seconds, Stopping threads took: 0.0004505 seconds
[2022-06-13T03:03:29.282+0000][1][safepoint    ] Application time: 1.0003119 seconds
[2022-06-13T03:03:29.283+0000][1][safepoint    ] Entering safepoint region: Cleanup
[2022-06-13T03:03:29.283+0000][1][safepoint    ] Leaving safepoint region
[2022-06-13T03:03:29.284+0000][1][safepoint    ] Total time for which application threads were stopped: 0.0009008 seconds, Stopping threads took: 0.0003914 seconds
[2022-06-13T03:03:30.284+0000][1][safepoint    ] Application time: 1.0001705 seconds
[2022-06-13T03:03:30.285+0000][1][safepoint    ] Entering safepoint region: Cleanup
[2022-06-13T03:03:30.285+0000][1][safepoint    ] Leaving safepoint region
[2022-06-13T03:03:30.286+0000][1][safepoint    ] Total time for which application threads were stopped: 0.0008452 seconds, Stopping threads took: 0.0003774 seconds
[2022-06-13T03:03:40.288+0000][1][safepoint    ] Application time: 10.0018025 seconds
[2022-06-13T03:03:40.288+0000][1][safepoint    ] Entering safepoint region: Cleanup
[2022-06-13T03:03:40.289+0000][1][safepoint    ] Leaving safepoint region
[2022-06-13T03:03:40.289+0000][1][safepoint    ] Total time for which application threads were stopped: 0.0011033 seconds, Stopping threads took: 0.0005363 seconds
[2022-06-13T03:03:41.064+0000][1][safepoint    ] Application time: 0.7738398 seconds
[2022-06-13T03:03:41.064+0000][1][safepoint    ] Entering safepoint region: GenCollectForAllocation
[2022-06-13T03:03:41.065+0000][1][gc,start     ] GC(25) Pause Young (Allocation Failure)
[2022-06-13T03:03:41.065+0000][1][gc,task      ] GC(25) Using 5 workers of 13 for evacuation
[2022-06-13T03:03:41.067+0000][1][gc,age       ] GC(25) Desired survivor size 4456448 bytes, new threshold 6 (max threshold 6)
[2022-06-13T03:03:41.067+0000][1][gc,age       ] GC(25) Age table with threshold 6 (max threshold 6)
[2022-06-13T03:03:41.068+0000][1][gc,age       ] GC(25) - age   1:      32784 bytes,      32784 total
[2022-06-13T03:03:41.068+0000][1][gc,age       ] GC(25) - age   2:      17032 bytes,      49816 total
[2022-06-13T03:03:41.068+0000][1][gc,age       ] GC(25) - age   3:      48696 bytes,      98512 total
[2022-06-13T03:03:41.069+0000][1][gc,age       ] GC(25) - age   4:     684080 bytes,     782592 total
[2022-06-13T03:03:41.069+0000][1][gc,heap      ] GC(25) ParNew: 71238K->962K(78656K)
[2022-06-13T03:03:41.070+0000][1][gc,heap      ] GC(25) CMS: 67999K->67999K(174784K)
[2022-06-13T03:03:41.070+0000][1][gc,metaspace ] GC(25) Metaspace: 64259K->64259K(1107968K)
[2022-06-13T03:03:41.070+0000][1][gc           ] GC(25) Pause Young (Allocation Failure) 135M->67M(247M) 5.512ms
[2022-06-13T03:03:41.071+0000][1][gc,cpu       ] GC(25) User=0.01s Sys=0.00s Real=0.01s
[2022-06-13T03:03:41.071+0000][1][safepoint    ] Leaving safepoint region
[2022-06-13T03:03:41.071+0000][1][safepoint    ] Total time for which application threads were stopped: 0.0071261 seconds, Stopping threads took: 0.0003771 seconds
[2022-06-13T03:03:45.072+0000][1][safepoint    ] Application time: 4.0006016 seconds
[2022-06-13T03:03:45.073+0000][1][safepoint    ] Entering safepoint region: Cleanup
[2022-06-13T03:03:45.073+0000][1][safepoint    ] Leaving safepoint region
[2022-06-13T03:03:45.073+0000][1][safepoint    ] Total time for which application threads were stopped: 0.0006422 seconds, Stopping threads took: 0.0001164 seconds
[2022-06-13T03:03:46.074+0000][1][safepoint    ] Application time: 1.0000934 seconds
[2022-06-13T03:03:46.074+0000][1][safepoint    ] Entering safepoint region: Cleanup
[2022-06-13T03:03:46.074+0000][1][safepoint    ] Leaving safepoint region
[2022-06-13T03:03:46.075+0000][1][safepoint    ] Total time for which application threads were stopped: 0.0006421 seconds, Stopping threads took: 0.0002982 seconds
[2022-06-13T03:03:47.075+0000][1][safepoint    ] Application time: 1.0002535 seconds
[2022-06-13T03:03:47.076+0000][1][safepoint    ] Entering safepoint region: Cleanup
[2022-06-13T03:03:47.076+0000][1][safepoint    ] Leaving safepoint region
[2022-06-13T03:03:47.077+0000][1][safepoint    ] Total time for which application threads were stopped: 0.0008191 seconds, Stopping threads took: 0.0004017 seconds
[2022-06-13T03:03:48.077+0000][1][safepoint    ] Application time: 1.0001241 seconds
[2022-06-13T03:03:48.078+0000][1][safepoint    ] Entering safepoint region: Cleanup
[2022-06-13T03:03:48.078+0000][1][safepoint    ] Leaving safepoint region
[2022-06-13T03:03:48.078+0000][1][safepoint    ] Total time for which application threads were stopped: 0.0008224 seconds, Stopping threads took: 0.0003468 seconds
[2022-06-13T03:03:49.079+0000][1][safepoint    ] Application time: 1.0000964 seconds
[2022-06-13T03:03:49.079+0000][1][safepoint    ] Entering safepoint region: Cleanup
[2022-06-13T03:03:49.079+0000][1][safepoint    ] Leaving safepoint region
[2022-06-13T03:03:49.080+0000][1][safepoint    ] Total time for which application threads were stopped: 0.0005396 seconds, Stopping threads took: 0.0002738 seconds
[2022-06-13T03:03:50.080+0000][1][safepoint    ] Application time: 1.0001190 seconds
[2022-06-13T03:03:50.081+0000][1][safepoint    ] Entering safepoint region: Cleanup
[2022-06-13T03:03:50.081+0000][1][safepoint    ] Leaving safepoint region
[2022-06-13T03:03:50.081+0000][1][safepoint    ] Total time for which application threads were stopped: 0.0007833 seconds, Stopping threads took: 0.0003748 seconds
[2022-06-13T03:03:51.082+0000][1][safepoint    ] Application time: 1.0003163 seconds
[2022-06-13T03:03:51.083+0000][1][safepoint    ] Entering safepoint region: Cleanup
[2022-06-13T03:03:51.083+0000][1][safepoint    ] Leaving safepoint region
[2022-06-13T03:03:51.083+0000][1][safepoint    ] Total time for which application threads were stopped: 0.0010172 seconds, Stopping threads took: 0.0005319 seconds
[2022-06-13T03:03:52.084+0000][1][safepoint    ] Application time: 1.0001646 seconds
[2022-06-13T03:03:52.084+0000][1][safepoint    ] Entering safepoint region: Cleanup
[2022-06-13T03:03:52.085+0000][1][safepoint    ] Leaving safepoint region
[2022-06-13T03:03:52.085+0000][1][safepoint    ] Total time for which application threads were stopped: 0.0006256 seconds, Stopping threads took: 0.0003053 seconds
[2022-06-13T03:03:53.085+0000][1][safepoint    ] Application time: 1.0001285 seconds
[2022-06-13T03:03:53.085+0000][1][safepoint    ] Entering safepoint region: Cleanup
[2022-06-13T03:03:53.086+0000][1][safepoint    ] Leaving safepoint region
[2022-06-13T03:03:53.086+0000][1][safepoint    ] Total time for which application threads were stopped: 0.0004161 seconds, Stopping threads took: 0.0002019 seconds
[2022-06-13T03:03:54.086+0000][1][safepoint    ] Application time: 1.0002826 seconds
[2022-06-13T03:03:54.087+0000][1][safepoint    ] Entering safepoint region: Cleanup
[2022-06-13T03:03:54.088+0000][1][safepoint    ] Leaving safepoint region
[2022-06-13T03:03:54.088+0000][1][safepoint    ] Total time for which application threads were stopped: 0.0011544 seconds, Stopping threads took: 0.0005736 seconds
[2022-06-13T03:03:55.089+0000][1][safepoint    ] Application time: 1.0002344 seconds
[2022-06-13T03:03:55.089+0000][1][safepoint    ] Entering safepoint region: Cleanup
[2022-06-13T03:03:55.090+0000][1][safepoint    ] Leaving safepoint region
[2022-06-13T03:03:55.090+0000][1][safepoint    ] Total time for which application threads were stopped: 0.0005733 seconds, Stopping threads took: 0.0002550 seconds
[2022-06-13T03:03:56.090+0000][1][safepoint    ] Application time: 1.0002015 seconds
[2022-06-13T03:03:56.091+0000][1][safepoint    ] Entering safepoint region: Cleanup
[2022-06-13T03:03:56.091+0000][1][safepoint    ] Leaving safepoint region
[2022-06-13T03:03:56.091+0000][1][safepoint    ] Total time for which application threads were stopped: 0.0006908 seconds, Stopping threads took: 0.0003399 seconds
[2022-06-13T03:03:57.092+0000][1][safepoint    ] Application time: 1.0002764 seconds
[2022-06-13T03:03:57.092+0000][1][safepoint    ] Entering safepoint region: Cleanup
[2022-06-13T03:03:57.093+0000][1][safepoint    ] Leaving safepoint region
[2022-06-13T03:03:57.093+0000][1][safepoint    ] Total time for which application threads were stopped: 0.0004787 seconds, Stopping threads took: 0.0001893 seconds
[2022-06-13T03:03:58.093+0000][1][safepoint    ] Application time: 1.0001549 seconds
[2022-06-13T03:03:58.094+0000][1][safepoint    ] Entering safepoint region: Cleanup
[2022-06-13T03:03:58.094+0000][1][safepoint    ] Leaving safepoint region
[2022-06-13T03:03:58.095+0000][1][safepoint    ] Total time for which application threads were stopped: 0.0009975 seconds, Stopping threads took: 0.0005022 seconds
[2022-06-13T03:03:59.095+0000][1][safepoint    ] Application time: 1.0003176 seconds
[2022-06-13T03:03:59.096+0000][1][safepoint    ] Entering safepoint region: Cleanup
[2022-06-13T03:03:59.096+0000][1][safepoint    ] Leaving safepoint region
[2022-06-13T03:03:59.097+0000][1][safepoint    ] Total time for which application threads were stopped: 0.0007849 seconds, Stopping threads took: 0.0003431 seconds
[2022-06-13T03:04:00.097+0000][1][safepoint    ] Application time: 1.0001353 seconds
[2022-06-13T03:04:00.098+0000][1][safepoint    ] Entering safepoint region: Cleanup
[2022-06-13T03:04:00.098+0000][1][safepoint    ] Leaving safepoint region
[2022-06-13T03:04:00.098+0000][1][safepoint    ] Total time for which application threads were stopped: 0.0006669 seconds, Stopping threads took: 0.0003066 seconds
[2022-06-13T03:04:01.099+0000][1][safepoint    ] Application time: 1.0001858 seconds
[2022-06-13T03:04:01.100+0000][1][safepoint    ] Entering safepoint region: Cleanup
[2022-06-13T03:04:01.100+0000][1][safepoint    ] Leaving safepoint region
[2022-06-13T03:04:01.100+0000][1][safepoint    ] Total time for which application threads were stopped: 0.0007633 seconds, Stopping threads took: 0.0003575 seconds
[2022-06-13T03:04:02.101+0000][1][safepoint    ] Application time: 1.0002256 seconds
[2022-06-13T03:04:02.102+0000][1][safepoint    ] Entering safepoint region: Cleanup
[2022-06-13T03:04:02.103+0000][1][safepoint    ] Leaving safepoint region
[2022-06-13T03:04:02.103+0000][1][safepoint    ] Total time for which application threads were stopped: 0.0014792 seconds, Stopping threads took: 0.0006762 seconds
[2022-06-13T03:04:03.104+0000][1][safepoint    ] Application time: 1.0002180 seconds
[2022-06-13T03:04:03.104+0000][1][safepoint    ] Entering safepoint region: Cleanup
[2022-06-13T03:04:03.105+0000][1][safepoint    ] Leaving safepoint region
[2022-06-13T03:04:03.105+0000][1][safepoint    ] Total time for which application threads were stopped: 0.0005639 seconds, Stopping threads took: 0.0002630 seconds
[2022-06-13T03:04:04.105+0000][1][safepoint    ] Application time: 1.0001802 seconds
[2022-06-13T03:04:04.106+0000][1][safepoint    ] Entering safepoint region: Cleanup
[2022-06-13T03:04:04.106+0000][1][safepoint    ] Leaving safepoint region
[2022-06-13T03:04:04.106+0000][1][safepoint    ] Total time for which application threads were stopped: 0.0005846 seconds, Stopping threads took: 0.0002725 seconds
[2022-06-13T03:04:05.107+0000][1][safepoint    ] Application time: 1.0001935 seconds
[2022-06-13T03:04:05.107+0000][1][safepoint    ] Entering safepoint region: Cleanup
[2022-06-13T03:04:05.107+0000][1][safepoint    ] Leaving safepoint region
[2022-06-13T03:04:05.107+0000][1][safepoint    ] Total time for which application threads were stopped: 0.0004726 seconds, Stopping threads took: 0.0002152 seconds
[2022-06-13T03:04:06.108+0000][1][safepoint    ] Application time: 1.0001953 seconds
[2022-06-13T03:04:06.108+0000][1][safepoint    ] Entering safepoint region: Cleanup
[2022-06-13T03:04:06.109+0000][1][safepoint    ] Leaving safepoint region
[2022-06-13T03:04:06.109+0000][1][safepoint    ] Total time for which application threads were stopped: 0.0009332 seconds, Stopping threads took: 0.0003715 seconds
[2022-06-13T03:04:07.110+0000][1][safepoint    ] Application time: 1.0001825 seconds
[2022-06-13T03:04:07.110+0000][1][safepoint    ] Entering safepoint region: Cleanup
[2022-06-13T03:04:07.111+0000][1][safepoint    ] Leaving safepoint region
[2022-06-13T03:04:07.111+0000][1][safepoint    ] Total time for which application threads were stopped: 0.0008850 seconds, Stopping threads took: 0.0004127 seconds
[2022-06-13T03:04:08.112+0000][1][safepoint    ] Application time: 1.0003482 seconds
[2022-06-13T03:04:08.113+0000][1][safepoint    ] Entering safepoint region: Cleanup
[2022-06-13T03:04:08.113+0000][1][safepoint    ] Leaving safepoint region
[2022-06-13T03:04:08.114+0000][1][safepoint    ] Total time for which application threads were stopped: 0.0011036 seconds, Stopping threads took: 0.0005328 seconds
[2022-06-13T03:04:09.114+0000][1][safepoint    ] Application time: 1.0001673 seconds
[2022-06-13T03:04:09.115+0000][1][safepoint    ] Entering safepoint region: Cleanup
[2022-06-13T03:04:09.115+0000][1][safepoint    ] Leaving safepoint region
[2022-06-13T03:04:09.115+0000][1][safepoint    ] Total time for which application threads were stopped: 0.0004914 seconds, Stopping threads took: 0.0002297 seconds
[2022-06-13T03:04:10.116+0000][1][safepoint    ] Application time: 1.0001477 seconds
[2022-06-13T03:04:10.116+0000][1][safepoint    ] Entering safepoint region: Cleanup
[2022-06-13T03:04:10.116+0000][1][safepoint    ] Leaving safepoint region
[2022-06-13T03:04:10.116+0000][1][safepoint    ] Total time for which application threads were stopped: 0.0003008 seconds, Stopping threads took: 0.0001116 seconds
[2022-06-13T03:04:11.117+0000][1][safepoint    ] Application time: 1.0002111 seconds
[2022-06-13T03:04:11.117+0000][1][safepoint    ] Entering safepoint region: Cleanup
[2022-06-13T03:04:11.117+0000][1][safepoint    ] Leaving safepoint region
[2022-06-13T03:04:11.117+0000][1][safepoint    ] Total time for which application threads were stopped: 0.0003883 seconds, Stopping threads took: 0.0001612 seconds
[2022-06-13T03:04:12.118+0000][1][safepoint    ] Application time: 1.0001826 seconds
[2022-06-13T03:04:12.118+0000][1][safepoint    ] Entering safepoint region: Cleanup
[2022-06-13T03:04:12.118+0000][1][safepoint    ] Leaving safepoint region
[2022-06-13T03:04:12.119+0000][1][safepoint    ] Total time for which application threads were stopped: 0.0008382 seconds, Stopping threads took: 0.0003786 seconds
[2022-06-13T03:04:13.119+0000][1][safepoint    ] Application time: 1.0001449 seconds
[2022-06-13T03:04:13.120+0000][1][safepoint    ] Entering safepoint region: Cleanup
[2022-06-13T03:04:13.120+0000][1][safepoint    ] Leaving safepoint region
[2022-06-13T03:04:13.120+0000][1][safepoint    ] Total time for which application threads were stopped: 0.0006475 seconds, Stopping threads took: 0.0002440 seconds
[2022-06-13T03:04:14.121+0000][1][safepoint    ] Application time: 1.0003139 seconds
[2022-06-13T03:04:14.121+0000][1][safepoint    ] Entering safepoint region: Cleanup
[2022-06-13T03:04:14.122+0000][1][safepoint    ] Leaving safepoint region
[2022-06-13T03:04:14.122+0000][1][safepoint    ] Total time for which application threads were stopped: 0.0005643 seconds, Stopping threads took: 0.0002926 seconds
[2022-06-13T03:04:15.123+0000][1][safepoint    ] Application time: 1.0003437 seconds
[2022-06-13T03:04:15.123+0000][1][safepoint    ] Entering safepoint region: Cleanup
[2022-06-13T03:04:15.124+0000][1][safepoint    ] Leaving safepoint region
[2022-06-13T03:04:15.124+0000][1][safepoint    ] Total time for which application threads were stopped: 0.0010068 seconds, Stopping threads took: 0.0004995 seconds
[2022-06-13T03:04:16.125+0000][1][safepoint    ] Application time: 1.0001714 seconds
[2022-06-13T03:04:16.126+0000][1][safepoint    ] Entering safepoint region: Cleanup
[2022-06-13T03:04:16.126+0000][1][safepoint    ] Leaving safepoint region
[2022-06-13T03:04:16.127+0000][1][safepoint    ] Total time for which application threads were stopped: 0.0012071 seconds, Stopping threads took: 0.0005337 seconds
[2022-06-13T03:04:17.127+0000][1][safepoint    ] Application time: 1.0001230 seconds
[2022-06-13T03:04:17.128+0000][1][safepoint    ] Entering safepoint region: Cleanup
[2022-06-13T03:04:17.128+0000][1][safepoint    ] Leaving safepoint region
[2022-06-13T03:04:17.128+0000][1][safepoint    ] Total time for which application threads were stopped: 0.0005291 seconds, Stopping threads took: 0.0002458 seconds
[2022-06-13T03:04:18.129+0000][1][safepoint    ] Application time: 1.0001920 seconds
[2022-06-13T03:04:18.129+0000][1][safepoint    ] Entering safepoint region: Cleanup
[2022-06-13T03:04:18.130+0000][1][safepoint    ] Leaving safepoint region
[2022-06-13T03:04:18.130+0000][1][safepoint    ] Total time for which application threads were stopped: 0.0008742 seconds, Stopping threads took: 0.0004254 seconds
[2022-06-13T03:04:19.131+0000][1][safepoint    ] Application time: 1.0001656 seconds
[2022-06-13T03:04:19.132+0000][1][safepoint    ] Entering safepoint region: Cleanup
[2022-06-13T03:04:19.132+0000][1][safepoint    ] Leaving safepoint region
[2022-06-13T03:04:19.133+0000][1][safepoint    ] Total time for which application threads were stopped: 0.0010767 seconds, Stopping threads took: 0.0004933 seconds
[2022-06-13T03:04:21.030+0000][1][safepoint    ] Application time: 1.8973772 seconds
[2022-06-13T03:04:21.031+0000][1][safepoint    ] Entering safepoint region: Cleanup
[2022-06-13T03:04:21.032+0000][1][safepoint    ] Leaving safepoint region
[2022-06-13T03:04:21.032+0000][1][safepoint    ] Total time for which application threads were stopped: 0.0011141 seconds, Stopping threads took: 0.0004742 seconds
[2022-06-13T03:04:22.033+0000][1][safepoint    ] Application time: 1.0001808 seconds
[2022-06-13T03:04:22.033+0000][1][safepoint    ] Entering safepoint region: Cleanup
[2022-06-13T03:04:22.033+0000][1][safepoint    ] Leaving safepoint region
[2022-06-13T03:04:22.034+0000][1][safepoint    ] Total time for which application threads were stopped: 0.0006488 seconds, Stopping threads took: 0.0002837 seconds
[2022-06-13T03:04:23.034+0000][1][safepoint    ] Application time: 1.0001091 seconds
[2022-06-13T03:04:23.035+0000][1][safepoint    ] Entering safepoint region: Cleanup
[2022-06-13T03:04:23.035+0000][1][safepoint    ] Leaving safepoint region
[2022-06-13T03:04:23.035+0000][1][safepoint    ] Total time for which application threads were stopped: 0.0006673 seconds, Stopping threads took: 0.0002972 seconds
[2022-06-13T03:04:24.036+0000][1][safepoint    ] Application time: 1.0000950 seconds
[2022-06-13T03:04:24.036+0000][1][safepoint    ] Entering safepoint region: Cleanup
[2022-06-13T03:04:24.036+0000][1][safepoint    ] Leaving safepoint region
[2022-06-13T03:04:24.036+0000][1][safepoint    ] Total time for which application threads were stopped: 0.0003464 seconds, Stopping threads took: 0.0001372 seconds
[2022-06-13T03:04:25.036+0000][1][safepoint    ] Application time: 1.0002297 seconds
[2022-06-13T03:04:25.037+0000][1][safepoint    ] Entering safepoint region: Cleanup
[2022-06-13T03:04:25.037+0000][1][safepoint    ] Leaving safepoint region
[2022-06-13T03:04:25.037+0000][1][safepoint    ] Total time for which application threads were stopped: 0.0005499 seconds, Stopping threads took: 0.0002117 seconds
[2022-06-13T03:04:26.038+0000][1][safepoint    ] Application time: 1.0001876 seconds
[2022-06-13T03:04:26.038+0000][1][safepoint    ] Entering safepoint region: Cleanup
[2022-06-13T03:04:26.039+0000][1][safepoint    ] Leaving safepoint region
[2022-06-13T03:04:26.039+0000][1][safepoint    ] Total time for which application threads were stopped: 0.0007951 seconds, Stopping threads took: 0.0003972 seconds
[2022-06-13T03:04:27.039+0000][1][safepoint    ] Application time: 1.0001573 seconds
[2022-06-13T03:04:27.040+0000][1][safepoint    ] Entering safepoint region: Cleanup
[2022-06-13T03:04:27.040+0000][1][safepoint    ] Leaving safepoint region
[2022-06-13T03:04:27.041+0000][1][safepoint    ] Total time for which application threads were stopped: 0.0008854 seconds, Stopping threads took: 0.0003799 seconds
[2022-06-13T03:04:28.042+0000][1][safepoint    ] Application time: 1.0002573 seconds
[2022-06-13T03:04:28.042+0000][1][safepoint    ] Entering safepoint region: Cleanup
[2022-06-13T03:04:28.043+0000][1][safepoint    ] Leaving safepoint region
[2022-06-13T03:04:28.044+0000][1][safepoint    ] Total time for which application threads were stopped: 0.0013911 seconds, Stopping threads took: 0.0005628 seconds
[2022-06-13T03:04:29.044+0000][1][safepoint    ] Application time: 1.0001548 seconds
[2022-06-13T03:04:29.045+0000][1][safepoint    ] Entering safepoint region: Cleanup
[2022-06-13T03:04:29.045+0000][1][safepoint    ] Leaving safepoint region
[2022-06-13T03:04:29.045+0000][1][safepoint    ] Total time for which application threads were stopped: 0.0004059 seconds, Stopping threads took: 0.0001743 seconds
[2022-06-13T03:04:30.046+0000][1][safepoint    ] Application time: 1.0002959 seconds
[2022-06-13T03:04:30.046+0000][1][safepoint    ] Entering safepoint region: Cleanup
[2022-06-13T03:04:30.047+0000][1][safepoint    ] Leaving safepoint region
[2022-06-13T03:04:30.047+0000][1][safepoint    ] Total time for which application threads were stopped: 0.0006867 seconds, Stopping threads took: 0.0003287 seconds
[2022-06-13T03:04:31.047+0000][1][safepoint    ] Application time: 1.0001925 seconds
[2022-06-13T03:04:31.048+0000][1][safepoint    ] Entering safepoint region: Cleanup
[2022-06-13T03:04:31.048+0000][1][safepoint    ] Leaving safepoint region
[2022-06-13T03:04:31.049+0000][1][safepoint    ] Total time for which application threads were stopped: 0.0009682 seconds, Stopping threads took: 0.0003843 seconds
[2022-06-13T03:04:32.050+0000][1][safepoint    ] Application time: 1.0002891 seconds
[2022-06-13T03:04:32.051+0000][1][safepoint    ] Entering safepoint region: Cleanup
[2022-06-13T03:04:32.051+0000][1][safepoint    ] Leaving safepoint region
[2022-06-13T03:04:32.051+0000][1][safepoint    ] Total time for which application threads were stopped: 0.0009008 seconds, Stopping threads took: 0.0004311 seconds
[2022-06-13T03:04:33.052+0000][1][safepoint    ] Application time: 1.0001994 seconds
[2022-06-13T03:04:33.053+0000][1][safepoint    ] Entering safepoint region: Cleanup
[2022-06-13T03:04:33.053+0000][1][safepoint    ] Leaving safepoint region
[2022-06-13T03:04:33.053+0000][1][safepoint    ] Total time for which application threads were stopped: 0.0007216 seconds, Stopping threads took: 0.0003353 seconds
[2022-06-13T03:04:34.054+0000][1][safepoint    ] Application time: 1.0001163 seconds
[2022-06-13T03:04:34.054+0000][1][safepoint    ] Entering safepoint region: Cleanup
[2022-06-13T03:04:34.055+0000][1][safepoint    ] Leaving safepoint region
[2022-06-13T03:04:34.055+0000][1][safepoint    ] Total time for which application threads were stopped: 0.0009455 seconds, Stopping threads took: 0.0003957 seconds
[2022-06-13T03:04:35.056+0000][1][safepoint    ] Application time: 1.0002048 seconds
[2022-06-13T03:04:35.056+0000][1][safepoint    ] Entering safepoint region: Cleanup
[2022-06-13T03:04:35.057+0000][1][safepoint    ] Leaving safepoint region
[2022-06-13T03:04:35.057+0000][1][safepoint    ] Total time for which application threads were stopped: 0.0010911 seconds, Stopping threads took: 0.0004390 seconds
[2022-06-13T03:04:36.058+0000][1][safepoint    ] Application time: 1.0003900 seconds
[2022-06-13T03:04:36.059+0000][1][safepoint    ] Entering safepoint region: Cleanup
[2022-06-13T03:04:36.059+0000][1][safepoint    ] Leaving safepoint region
[2022-06-13T03:04:36.060+0000][1][safepoint    ] Total time for which application threads were stopped: 0.0011451 seconds, Stopping threads took: 0.0004461 seconds
[2022-06-13T03:04:37.060+0000][1][safepoint    ] Application time: 1.0001624 seconds
[2022-06-13T03:04:37.061+0000][1][safepoint    ] Entering safepoint region: Cleanup
[2022-06-13T03:04:37.061+0000][1][safepoint    ] Leaving safepoint region
[2022-06-13T03:04:37.062+0000][1][safepoint    ] Total time for which application threads were stopped: 0.0009330 seconds, Stopping threads took: 0.0004477 seconds
[2022-06-13T03:04:38.062+0000][1][safepoint    ] Application time: 1.0001231 seconds
[2022-06-13T03:04:38.063+0000][1][safepoint    ] Entering safepoint region: Cleanup
[2022-06-13T03:04:38.063+0000][1][safepoint    ] Leaving safepoint region
[2022-06-13T03:04:38.063+0000][1][safepoint    ] Total time for which application threads were stopped: 0.0005550 seconds, Stopping threads took: 0.0001762 seconds
[2022-06-13T03:04:39.064+0000][1][safepoint    ] Application time: 1.0002694 seconds
[2022-06-13T03:04:39.064+0000][1][safepoint    ] Entering safepoint region: Cleanup
[2022-06-13T03:04:39.065+0000][1][safepoint    ] Leaving safepoint region
[2022-06-13T03:04:39.065+0000][1][safepoint    ] Total time for which application threads were stopped: 0.0010566 seconds, Stopping threads took: 0.0004573 seconds
[2022-06-13T03:04:40.066+0000][1][safepoint    ] Application time: 1.0001422 seconds
[2022-06-13T03:04:40.067+0000][1][safepoint    ] Entering safepoint region: Cleanup
[2022-06-13T03:04:40.067+0000][1][safepoint    ] Leaving safepoint region
[2022-06-13T03:04:40.068+0000][1][safepoint    ] Total time for which application threads were stopped: 0.0010066 seconds, Stopping threads took: 0.0004980 seconds
[2022-06-13T03:04:41.068+0000][1][safepoint    ] Application time: 1.0001236 seconds
[2022-06-13T03:04:41.069+0000][1][safepoint    ] Entering safepoint region: Cleanup
[2022-06-13T03:04:41.069+0000][1][safepoint    ] Leaving safepoint region
[2022-06-13T03:04:41.069+0000][1][safepoint    ] Total time for which application threads were stopped: 0.0003672 seconds, Stopping threads took: 0.0001580 seconds
[2022-06-13T03:04:42.069+0000][1][safepoint    ] Application time: 1.0001863 seconds
[2022-06-13T03:04:42.070+0000][1][safepoint    ] Entering safepoint region: Cleanup
[2022-06-13T03:04:42.071+0000][1][safepoint    ] Leaving safepoint region
[2022-06-13T03:04:42.071+0000][1][safepoint    ] Total time for which application threads were stopped: 0.0014704 seconds, Stopping threads took: 0.0006840 seconds
[2022-06-13T03:04:43.072+0000][1][safepoint    ] Application time: 1.0002635 seconds
[2022-06-13T03:04:43.073+0000][1][safepoint    ] Entering safepoint region: Cleanup
[2022-06-13T03:04:43.074+0000][1][safepoint    ] Leaving safepoint region
[2022-06-13T03:04:43.074+0000][1][safepoint    ] Total time for which application threads were stopped: 0.0009189 seconds, Stopping threads took: 0.0004276 seconds
[2022-06-13T03:04:44.075+0000][1][safepoint    ] Application time: 1.0001904 seconds
[2022-06-13T03:04:44.075+0000][1][safepoint    ] Entering safepoint region: Cleanup
[2022-06-13T03:04:44.075+0000][1][safepoint    ] Leaving safepoint region
[2022-06-13T03:04:44.076+0000][1][safepoint    ] Total time for which application threads were stopped: 0.0007794 seconds, Stopping threads took: 0.0003692 seconds
[2022-06-13T03:04:45.076+0000][1][safepoint    ] Application time: 1.0001187 seconds
[2022-06-13T03:04:45.077+0000][1][safepoint    ] Entering safepoint region: Cleanup
[2022-06-13T03:04:45.077+0000][1][safepoint    ] Leaving safepoint region
[2022-06-13T03:04:45.078+0000][1][safepoint    ] Total time for which application threads were stopped: 0.0008828 seconds, Stopping threads took: 0.0003384 seconds
[2022-06-13T03:04:46.078+0000][1][safepoint    ] Application time: 1.0002082 seconds
[2022-06-13T03:04:46.079+0000][1][safepoint    ] Entering safepoint region: Cleanup
[2022-06-13T03:04:46.080+0000][1][safepoint    ] Leaving safepoint region
[2022-06-13T03:04:46.080+0000][1][safepoint    ] Total time for which application threads were stopped: 0.0008182 seconds, Stopping threads took: 0.0004004 seconds
[2022-06-13T03:04:47.080+0000][1][safepoint    ] Application time: 1.0002937 seconds
[2022-06-13T03:04:47.081+0000][1][safepoint    ] Entering safepoint region: Cleanup
[2022-06-13T03:04:47.082+0000][1][safepoint    ] Leaving safepoint region
[2022-06-13T03:04:47.082+0000][1][safepoint    ] Total time for which application threads were stopped: 0.0011469 seconds, Stopping threads took: 0.0004910 seconds
[2022-06-13T03:04:48.083+0000][1][safepoint    ] Application time: 1.0002762 seconds
[2022-06-13T03:04:48.084+0000][1][safepoint    ] Entering safepoint region: Cleanup
[2022-06-13T03:04:48.085+0000][1][safepoint    ] Leaving safepoint region
[2022-06-13T03:04:48.085+0000][1][safepoint    ] Total time for which application threads were stopped: 0.0016453 seconds, Stopping threads took: 0.0005949 seconds
[2022-06-13T03:04:49.086+0000][1][safepoint    ] Application time: 1.0002461 seconds
[2022-06-13T03:04:49.087+0000][1][safepoint    ] Entering safepoint region: Cleanup
[2022-06-13T03:04:49.088+0000][1][safepoint    ] Leaving safepoint region
[2022-06-13T03:04:49.088+0000][1][safepoint    ] Total time for which application threads were stopped: 0.0013048 seconds, Stopping threads took: 0.0006421 seconds
[2022-06-13T03:04:50.089+0000][1][safepoint    ] Application time: 1.0001618 seconds
[2022-06-13T03:04:50.090+0000][1][safepoint    ] Entering safepoint region: Cleanup
[2022-06-13T03:04:50.090+0000][1][safepoint    ] Leaving safepoint region
[2022-06-13T03:04:50.090+0000][1][safepoint    ] Total time for which application threads were stopped: 0.0004364 seconds, Stopping threads took: 0.0002247 seconds
[2022-06-13T03:04:51.090+0000][1][safepoint    ] Application time: 1.0001111 seconds
[2022-06-13T03:04:51.091+0000][1][safepoint    ] Entering safepoint region: Cleanup
[2022-06-13T03:04:51.091+0000][1][safepoint    ] Leaving safepoint region
[2022-06-13T03:04:51.091+0000][1][safepoint    ] Total time for which application threads were stopped: 0.0004161 seconds, Stopping threads took: 0.0002285 seconds
[2022-06-13T03:04:52.091+0000][1][safepoint    ] Application time: 1.0002220 seconds
[2022-06-13T03:04:52.092+0000][1][safepoint    ] Entering safepoint region: Cleanup
[2022-06-13T03:04:52.092+0000][1][safepoint    ] Leaving safepoint region
[2022-06-13T03:04:52.093+0000][1][safepoint    ] Total time for which application threads were stopped: 0.0009236 seconds, Stopping threads took: 0.0003493 seconds
[2022-06-13T03:04:53.093+0000][1][safepoint    ] Application time: 1.0001438 seconds
[2022-06-13T03:04:53.093+0000][1][safepoint    ] Entering safepoint region: Cleanup
[2022-06-13T03:04:53.094+0000][1][safepoint    ] Leaving safepoint region
[2022-06-13T03:04:53.094+0000][1][safepoint    ] Total time for which application threads were stopped: 0.0006394 seconds, Stopping threads took: 0.0002513 seconds
[2022-06-13T03:04:54.094+0000][1][safepoint    ] Application time: 1.0001677 seconds
[2022-06-13T03:04:54.095+0000][1][safepoint    ] Entering safepoint region: Cleanup
[2022-06-13T03:04:54.095+0000][1][safepoint    ] Leaving safepoint region
[2022-06-13T03:04:54.096+0000][1][safepoint    ] Total time for which application threads were stopped: 0.0009767 seconds, Stopping threads took: 0.0004251 seconds
[2022-06-13T03:04:55.096+0000][1][safepoint    ] Application time: 1.0001132 seconds
[2022-06-13T03:04:55.097+0000][1][safepoint    ] Entering safepoint region: Cleanup
[2022-06-13T03:04:55.097+0000][1][safepoint    ] Leaving safepoint region
[2022-06-13T03:04:55.097+0000][1][safepoint    ] Total time for which application threads were stopped: 0.0005087 seconds, Stopping threads took: 0.0002381 seconds
[2022-06-13T03:04:56.098+0000][1][safepoint    ] Application time: 1.0001162 seconds
[2022-06-13T03:04:56.098+0000][1][safepoint    ] Entering safepoint region: Cleanup
[2022-06-13T03:04:56.099+0000][1][safepoint    ] Leaving safepoint region
[2022-06-13T03:04:56.099+0000][1][safepoint    ] Total time for which application threads were stopped: 0.0005595 seconds, Stopping threads took: 0.0002753 seconds
[2022-06-13T03:04:57.099+0000][1][safepoint    ] Application time: 1.0001799 seconds
[2022-06-13T03:04:57.100+0000][1][safepoint    ] Entering safepoint region: Cleanup
[2022-06-13T03:04:57.100+0000][1][safepoint    ] Leaving safepoint region
[2022-06-13T03:04:57.100+0000][1][safepoint    ] Total time for which application threads were stopped: 0.0008221 seconds, Stopping threads took: 0.0003521 seconds
[2022-06-13T03:04:58.101+0000][1][safepoint    ] Application time: 1.0002082 seconds
[2022-06-13T03:04:58.102+0000][1][safepoint    ] Entering safepoint region: Cleanup
[2022-06-13T03:04:58.103+0000][1][safepoint    ] Leaving safepoint region
[2022-06-13T03:04:58.103+0000][1][safepoint    ] Total time for which application threads were stopped: 0.0013181 seconds, Stopping threads took: 0.0007314 seconds
[2022-06-13T03:04:59.103+0000][1][safepoint    ] Application time: 1.0001456 seconds
[2022-06-13T03:04:59.104+0000][1][safepoint    ] Entering safepoint region: Cleanup
[2022-06-13T03:04:59.105+0000][1][safepoint    ] Leaving safepoint region
[2022-06-13T03:04:59.105+0000][1][safepoint    ] Total time for which application threads were stopped: 0.0010027 seconds, Stopping threads took: 0.0005485 seconds
[2022-06-13T03:05:00.106+0000][1][safepoint    ] Application time: 1.0002476 seconds
[2022-06-13T03:05:00.107+0000][1][safepoint    ] Entering safepoint region: Cleanup
[2022-06-13T03:05:00.107+0000][1][safepoint    ] Leaving safepoint region
[2022-06-13T03:05:00.108+0000][1][safepoint    ] Total time for which application threads were stopped: 0.0010333 seconds, Stopping threads took: 0.0004726 seconds
[2022-06-13T03:05:01.108+0000][1][safepoint    ] Application time: 1.0002199 seconds
[2022-06-13T03:05:01.109+0000][1][safepoint    ] Entering safepoint region: Cleanup
[2022-06-13T03:05:01.109+0000][1][safepoint    ] Leaving safepoint region
[2022-06-13T03:05:01.110+0000][1][safepoint    ] Total time for which application threads were stopped: 0.0007820 seconds, Stopping threads took: 0.0004147 seconds
[2022-06-13T03:05:02.110+0000][1][safepoint    ] Application time: 1.0002382 seconds
[2022-06-13T03:05:02.111+0000][1][safepoint    ] Entering safepoint region: Cleanup
[2022-06-13T03:05:02.112+0000][1][safepoint    ] Leaving safepoint region
[2022-06-13T03:05:02.112+0000][1][safepoint    ] Total time for which application threads were stopped: 0.0011546 seconds, Stopping threads took: 0.0005183 seconds
[2022-06-13T03:05:03.113+0000][1][safepoint    ] Application time: 1.0002251 seconds
[2022-06-13T03:05:03.114+0000][1][safepoint    ] Entering safepoint region: Cleanup
[2022-06-13T03:05:03.114+0000][1][safepoint    ] Leaving safepoint region
[2022-06-13T03:05:03.114+0000][1][safepoint    ] Total time for which application threads were stopped: 0.0007644 seconds, Stopping threads took: 0.0003375 seconds
[2022-06-13T03:05:04.115+0000][1][safepoint    ] Application time: 1.0002378 seconds
[2022-06-13T03:05:04.115+0000][1][safepoint    ] Entering safepoint region: Cleanup
[2022-06-13T03:05:04.116+0000][1][safepoint    ] Leaving safepoint region
[2022-06-13T03:05:04.116+0000][1][safepoint    ] Total time for which application threads were stopped: 0.0005292 seconds, Stopping threads took: 0.0002665 seconds
[2022-06-13T03:05:05.116+0000][1][safepoint    ] Application time: 1.0001461 seconds
[2022-06-13T03:05:05.117+0000][1][safepoint    ] Entering safepoint region: Cleanup
[2022-06-13T03:05:05.117+0000][1][safepoint    ] Leaving safepoint region
[2022-06-13T03:05:05.117+0000][1][safepoint    ] Total time for which application threads were stopped: 0.0006551 seconds, Stopping threads took: 0.0003199 seconds
[2022-06-13T03:05:06.118+0000][1][safepoint    ] Application time: 1.0001800 seconds
[2022-06-13T03:05:06.118+0000][1][safepoint    ] Entering safepoint region: Cleanup
[2022-06-13T03:05:06.119+0000][1][safepoint    ] Leaving safepoint region
[2022-06-13T03:05:06.119+0000][1][safepoint    ] Total time for which application threads were stopped: 0.0007332 seconds, Stopping threads took: 0.0003120 seconds
[2022-06-13T03:05:07.119+0000][1][safepoint    ] Application time: 1.0001337 seconds
[2022-06-13T03:05:07.120+0000][1][safepoint    ] Entering safepoint region: Cleanup
[2022-06-13T03:05:07.121+0000][1][safepoint    ] Leaving safepoint region
[2022-06-13T03:05:07.121+0000][1][safepoint    ] Total time for which application threads were stopped: 0.0011785 seconds, Stopping threads took: 0.0004010 seconds
[2022-06-13T03:05:08.122+0000][1][safepoint    ] Application time: 1.0001215 seconds
[2022-06-13T03:05:08.122+0000][1][safepoint    ] Entering safepoint region: Cleanup
[2022-06-13T03:05:08.123+0000][1][safepoint    ] Leaving safepoint region
[2022-06-13T03:05:08.123+0000][1][safepoint    ] Total time for which application threads were stopped: 0.0010147 seconds, Stopping threads took: 0.0004499 seconds
[2022-06-13T03:05:09.124+0000][1][safepoint    ] Application time: 1.0002837 seconds
[2022-06-13T03:05:09.124+0000][1][safepoint    ] Entering safepoint region: Cleanup
[2022-06-13T03:05:09.125+0000][1][safepoint    ] Leaving safepoint region
[2022-06-13T03:05:09.125+0000][1][safepoint    ] Total time for which application threads were stopped: 0.0006680 seconds, Stopping threads took: 0.0003095 seconds
[2022-06-13T03:05:10.125+0000][1][safepoint    ] Application time: 1.0002621 seconds
[2022-06-13T03:05:10.126+0000][1][safepoint    ] Entering safepoint region: Cleanup
[2022-06-13T03:05:10.126+0000][1][safepoint    ] Leaving safepoint region
[2022-06-13T03:05:10.126+0000][1][safepoint    ] Total time for which application threads were stopped: 0.0005604 seconds, Stopping threads took: 0.0002530 seconds
[2022-06-13T03:05:11.127+0000][1][safepoint    ] Application time: 1.0001697 seconds
[2022-06-13T03:05:11.127+0000][1][safepoint    ] Entering safepoint region: Cleanup
[2022-06-13T03:05:11.127+0000][1][safepoint    ] Leaving safepoint region
[2022-06-13T03:05:11.127+0000][1][safepoint    ] Total time for which application threads were stopped: 0.0004749 seconds, Stopping threads took: 0.0002391 seconds
[2022-06-13T03:05:12.128+0000][1][safepoint    ] Application time: 1.0002444 seconds
[2022-06-13T03:05:12.128+0000][1][safepoint    ] Entering safepoint region: Cleanup
[2022-06-13T03:05:12.129+0000][1][safepoint    ] Leaving safepoint region
[2022-06-13T03:05:12.129+0000][1][safepoint    ] Total time for which application threads were stopped: 0.0010536 seconds, Stopping threads took: 0.0005352 seconds
[2022-06-13T03:05:13.130+0000][1][safepoint    ] Application time: 1.0002094 seconds
[2022-06-13T03:05:13.130+0000][1][safepoint    ] Entering safepoint region: Cleanup
[2022-06-13T03:05:13.131+0000][1][safepoint    ] Leaving safepoint region
[2022-06-13T03:05:13.131+0000][1][safepoint    ] Total time for which application threads were stopped: 0.0005971 seconds, Stopping threads took: 0.0002670 seconds
[2022-06-13T03:05:14.131+0000][1][safepoint    ] Application time: 1.0001880 seconds
[2022-06-13T03:05:14.132+0000][1][safepoint    ] Entering safepoint region: Cleanup
[2022-06-13T03:05:14.132+0000][1][safepoint    ] Leaving safepoint region
[2022-06-13T03:05:14.133+0000][1][safepoint    ] Total time for which application threads were stopped: 0.0006254 seconds, Stopping threads took: 0.0002371 seconds
[2022-06-13T03:05:15.133+0000][1][safepoint    ] Application time: 1.0001537 seconds
[2022-06-13T03:05:15.133+0000][1][safepoint    ] Entering safepoint region: Cleanup
[2022-06-13T03:05:15.134+0000][1][safepoint    ] Leaving safepoint region
[2022-06-13T03:05:15.134+0000][1][safepoint    ] Total time for which application threads were stopped: 0.0004407 seconds, Stopping threads took: 0.0001799 seconds
[2022-06-13T03:05:16.134+0000][1][safepoint    ] Application time: 1.0002632 seconds
[2022-06-13T03:05:16.135+0000][1][safepoint    ] Entering safepoint region: Cleanup
[2022-06-13T03:05:16.135+0000][1][safepoint    ] Leaving safepoint region
[2022-06-13T03:05:16.136+0000][1][safepoint    ] Total time for which application threads were stopped: 0.0008875 seconds, Stopping threads took: 0.0003594 seconds
[2022-06-13T03:05:17.136+0000][1][safepoint    ] Application time: 1.0002292 seconds
[2022-06-13T03:05:17.137+0000][1][safepoint    ] Entering safepoint region: Cleanup
[2022-06-13T03:05:17.138+0000][1][safepoint    ] Leaving safepoint region
[2022-06-13T03:05:17.138+0000][1][safepoint    ] Total time for which application threads were stopped: 0.0008700 seconds, Stopping threads took: 0.0004362 seconds
[2022-06-13T03:05:18.139+0000][1][safepoint    ] Application time: 1.0002472 seconds
[2022-06-13T03:05:18.139+0000][1][safepoint    ] Entering safepoint region: Cleanup
[2022-06-13T03:05:18.140+0000][1][safepoint    ] Leaving safepoint region
[2022-06-13T03:05:18.140+0000][1][safepoint    ] Total time for which application threads were stopped: 0.0006840 seconds, Stopping threads took: 0.0003290 seconds
[2022-06-13T03:05:19.140+0000][1][safepoint    ] Application time: 1.0002442 seconds
[2022-06-13T03:05:19.141+0000][1][safepoint    ] Entering safepoint region: Cleanup
[2022-06-13T03:05:19.141+0000][1][safepoint    ] Leaving safepoint region
[2022-06-13T03:05:19.141+0000][1][safepoint    ] Total time for which application threads were stopped: 0.0007661 seconds, Stopping threads took: 0.0003564 seconds
[2022-06-13T03:05:20.142+0000][1][safepoint    ] Application time: 1.0001113 seconds
[2022-06-13T03:05:20.142+0000][1][safepoint    ] Entering safepoint region: Cleanup
[2022-06-13T03:05:20.142+0000][1][safepoint    ] Leaving safepoint region
[2022-06-13T03:05:20.143+0000][1][safepoint    ] Total time for which application threads were stopped: 0.0005381 seconds, Stopping threads took: 0.0001582 seconds
[2022-06-13T03:05:21.143+0000][1][safepoint    ] Application time: 1.0001212 seconds
[2022-06-13T03:05:21.143+0000][1][safepoint    ] Entering safepoint region: Cleanup
[2022-06-13T03:05:21.144+0000][1][safepoint    ] Leaving safepoint region
[2022-06-13T03:05:21.144+0000][1][safepoint    ] Total time for which application threads were stopped: 0.0007286 seconds, Stopping threads took: 0.0003871 seconds
[2022-06-13T03:05:22.144+0000][1][safepoint    ] Application time: 1.0001183 seconds
[2022-06-13T03:05:22.145+0000][1][safepoint    ] Entering safepoint region: Cleanup
[2022-06-13T03:05:22.145+0000][1][safepoint    ] Leaving safepoint region
[2022-06-13T03:05:22.145+0000][1][safepoint    ] Total time for which application threads were stopped: 0.0006186 seconds, Stopping threads took: 0.0002612 seconds
[2022-06-13T03:05:23.146+0000][1][safepoint    ] Application time: 1.0001689 seconds
[2022-06-13T03:05:23.146+0000][1][safepoint    ] Entering safepoint region: Cleanup
[2022-06-13T03:05:23.147+0000][1][safepoint    ] Leaving safepoint region
[2022-06-13T03:05:23.147+0000][1][safepoint    ] Total time for which application threads were stopped: 0.0009646 seconds, Stopping threads took: 0.0004447 seconds
[2022-06-13T03:05:24.148+0000][1][safepoint    ] Application time: 1.0001905 seconds
[2022-06-13T03:05:24.148+0000][1][safepoint    ] Entering safepoint region: Cleanup
[2022-06-13T03:05:24.149+0000][1][safepoint    ] Leaving safepoint region
[2022-06-13T03:05:24.149+0000][1][safepoint    ] Total time for which application threads were stopped: 0.0007172 seconds, Stopping threads took: 0.0003256 seconds
[2022-06-13T03:05:25.149+0000][1][safepoint    ] Application time: 1.0002478 seconds
[2022-06-13T03:05:25.150+0000][1][safepoint    ] Entering safepoint region: Cleanup
[2022-06-13T03:05:25.150+0000][1][safepoint    ] Leaving safepoint region
[2022-06-13T03:05:25.151+0000][1][safepoint    ] Total time for which application threads were stopped: 0.0009743 seconds, Stopping threads took: 0.0004051 seconds
[2022-06-13T03:05:26.152+0000][1][safepoint    ] Application time: 1.0002473 seconds
[2022-06-13T03:05:26.152+0000][1][safepoint    ] Entering safepoint region: Cleanup
[2022-06-13T03:05:26.153+0000][1][safepoint    ] Leaving safepoint region
[2022-06-13T03:05:26.153+0000][1][safepoint    ] Total time for which application threads were stopped: 0.0009821 seconds, Stopping threads took: 0.0004421 seconds
[2022-06-13T03:05:27.154+0000][1][safepoint    ] Application time: 1.0003149 seconds
[2022-06-13T03:05:27.154+0000][1][safepoint    ] Entering safepoint region: Cleanup
[2022-06-13T03:05:27.155+0000][1][safepoint    ] Leaving safepoint region
[2022-06-13T03:05:27.155+0000][1][safepoint    ] Total time for which application threads were stopped: 0.0007546 seconds, Stopping threads took: 0.0003240 seconds
[2022-06-13T03:05:28.156+0000][1][safepoint    ] Application time: 1.0001952 seconds
[2022-06-13T03:05:28.156+0000][1][safepoint    ] Entering safepoint region: Cleanup
[2022-06-13T03:05:28.157+0000][1][safepoint    ] Leaving safepoint region
[2022-06-13T03:05:28.158+0000][1][safepoint    ] Total time for which application threads were stopped: 0.0014593 seconds, Stopping threads took: 0.0009329 seconds
[2022-06-13T03:05:29.158+0000][1][safepoint    ] Application time: 1.0002264 seconds
[2022-06-13T03:05:29.159+0000][1][safepoint    ] Entering safepoint region: Cleanup
[2022-06-13T03:05:29.160+0000][1][safepoint    ] Leaving safepoint region
[2022-06-13T03:05:29.160+0000][1][safepoint    ] Total time for which application threads were stopped: 0.0010419 seconds, Stopping threads took: 0.0005412 seconds
[2022-06-13T03:05:30.161+0000][1][safepoint    ] Application time: 1.0002897 seconds
[2022-06-13T03:05:30.162+0000][1][safepoint    ] Entering safepoint region: Cleanup
[2022-06-13T03:05:30.162+0000][1][safepoint    ] Leaving safepoint region
[2022-06-13T03:05:30.162+0000][1][safepoint    ] Total time for which application threads were stopped: 0.0007889 seconds, Stopping threads took: 0.0003630 seconds
[2022-06-13T03:05:31.163+0000][1][safepoint    ] Application time: 1.0001611 seconds
[2022-06-13T03:05:31.164+0000][1][safepoint    ] Entering safepoint region: Cleanup
[2022-06-13T03:05:31.164+0000][1][safepoint    ] Leaving safepoint region
[2022-06-13T03:05:31.164+0000][1][safepoint    ] Total time for which application threads were stopped: 0.0007608 seconds, Stopping threads took: 0.0003626 seconds
[2022-06-13T03:05:32.165+0000][1][safepoint    ] Application time: 1.0002363 seconds
[2022-06-13T03:05:32.166+0000][1][safepoint    ] Entering safepoint region: Cleanup
[2022-06-13T03:05:32.166+0000][1][safepoint    ] Leaving safepoint region
[2022-06-13T03:05:32.167+0000][1][safepoint    ] Total time for which application threads were stopped: 0.0010954 seconds, Stopping threads took: 0.0005641 seconds
[2022-06-13T03:05:33.167+0000][1][safepoint    ] Application time: 1.0003439 seconds
[2022-06-13T03:05:33.168+0000][1][safepoint    ] Entering safepoint region: Cleanup
[2022-06-13T03:05:33.169+0000][1][safepoint    ] Leaving safepoint region
[2022-06-13T03:05:33.169+0000][1][safepoint    ] Total time for which application threads were stopped: 0.0011446 seconds, Stopping threads took: 0.0004370 seconds
[2022-06-13T03:05:34.170+0000][1][safepoint    ] Application time: 1.0001593 seconds
[2022-06-13T03:05:34.170+0000][1][safepoint    ] Entering safepoint region: Cleanup
[2022-06-13T03:05:34.171+0000][1][safepoint    ] Leaving safepoint region
[2022-06-13T03:05:34.171+0000][1][safepoint    ] Total time for which application threads were stopped: 0.0005902 seconds, Stopping threads took: 0.0002087 seconds
[2022-06-13T03:05:35.171+0000][1][safepoint    ] Application time: 1.0002761 seconds
[2022-06-13T03:05:35.172+0000][1][safepoint    ] Entering safepoint region: Cleanup
[2022-06-13T03:05:35.173+0000][1][safepoint    ] Leaving safepoint region
[2022-06-13T03:05:35.173+0000][1][safepoint    ] Total time for which application threads were stopped: 0.0009301 seconds, Stopping threads took: 0.0004219 seconds
[2022-06-13T03:05:36.174+0000][1][safepoint    ] Application time: 1.0003320 seconds
[2022-06-13T03:05:36.174+0000][1][safepoint    ] Entering safepoint region: Cleanup
[2022-06-13T03:05:36.175+0000][1][safepoint    ] Leaving safepoint region
[2022-06-13T03:05:36.175+0000][1][safepoint    ] Total time for which application threads were stopped: 0.0009771 seconds, Stopping threads took: 0.0004487 seconds
[2022-06-13T03:05:37.176+0000][1][safepoint    ] Application time: 1.0002660 seconds
[2022-06-13T03:05:37.177+0000][1][safepoint    ] Entering safepoint region: Cleanup
[2022-06-13T03:05:37.177+0000][1][safepoint    ] Leaving safepoint region
[2022-06-13T03:05:37.177+0000][1][safepoint    ] Total time for which application threads were stopped: 0.0008459 seconds, Stopping threads took: 0.0004169 seconds
[2022-06-13T03:05:38.178+0000][1][safepoint    ] Application time: 1.0002399 seconds
[2022-06-13T03:05:38.179+0000][1][safepoint    ] Entering safepoint region: Cleanup
[2022-06-13T03:05:38.179+0000][1][safepoint    ] Leaving safepoint region
[2022-06-13T03:05:38.179+0000][1][safepoint    ] Total time for which application threads were stopped: 0.0007405 seconds, Stopping threads took: 0.0004431 seconds
[2022-06-13T03:05:39.180+0000][1][safepoint    ] Application time: 1.0001088 seconds
[2022-06-13T03:05:39.180+0000][1][safepoint    ] Entering safepoint region: Cleanup
[2022-06-13T03:05:39.181+0000][1][safepoint    ] Leaving safepoint region
[2022-06-13T03:05:39.181+0000][1][safepoint    ] Total time for which application threads were stopped: 0.0008219 seconds, Stopping threads took: 0.0003769 seconds
[2022-06-13T03:05:40.181+0000][1][safepoint    ] Application time: 1.0001214 seconds
[2022-06-13T03:05:40.182+0000][1][safepoint    ] Entering safepoint region: Cleanup
[2022-06-13T03:05:40.182+0000][1][safepoint    ] Leaving safepoint region
[2022-06-13T03:05:40.183+0000][1][safepoint    ] Total time for which application threads were stopped: 0.0009454 seconds, Stopping threads took: 0.0004508 seconds
[2022-06-13T03:05:41.184+0000][1][safepoint    ] Application time: 1.0004390 seconds
[2022-06-13T03:05:41.184+0000][1][safepoint    ] Entering safepoint region: Cleanup
[2022-06-13T03:05:41.185+0000][1][safepoint    ] Leaving safepoint region
[2022-06-13T03:05:41.185+0000][1][safepoint    ] Total time for which application threads were stopped: 0.0008857 seconds, Stopping threads took: 0.0003874 seconds
[2022-06-13T03:05:42.186+0000][1][safepoint    ] Application time: 1.0003482 seconds
[2022-06-13T03:05:42.187+0000][1][safepoint    ] Entering safepoint region: Cleanup
[2022-06-13T03:05:42.187+0000][1][safepoint    ] Leaving safepoint region
[2022-06-13T03:05:42.188+0000][1][safepoint    ] Total time for which application threads were stopped: 0.0015159 seconds, Stopping threads took: 0.0007260 seconds
[2022-06-13T03:05:43.189+0000][1][safepoint    ] Application time: 1.0002590 seconds
[2022-06-13T03:05:43.190+0000][1][safepoint    ] Entering safepoint region: Cleanup
[2022-06-13T03:05:43.190+0000][1][safepoint    ] Leaving safepoint region
[2022-06-13T03:05:43.191+0000][1][safepoint    ] Total time for which application threads were stopped: 0.0009559 seconds, Stopping threads took: 0.0004997 seconds
[2022-06-13T03:05:44.191+0000][1][safepoint    ] Application time: 1.0003143 seconds
[2022-06-13T03:05:44.192+0000][1][safepoint    ] Entering safepoint region: Cleanup
[2022-06-13T03:05:44.192+0000][1][safepoint    ] Leaving safepoint region
[2022-06-13T03:05:44.193+0000][1][safepoint    ] Total time for which application threads were stopped: 0.0008947 seconds, Stopping threads took: 0.0004286 seconds
[2022-06-13T03:05:45.194+0000][1][safepoint    ] Application time: 1.0003150 seconds
[2022-06-13T03:05:45.194+0000][1][safepoint    ] Entering safepoint region: Cleanup
[2022-06-13T03:05:45.194+0000][1][safepoint    ] Leaving safepoint region
[2022-06-13T03:05:45.195+0000][1][safepoint    ] Total time for which application threads were stopped: 0.0007911 seconds, Stopping threads took: 0.0003027 seconds
[2022-06-13T03:05:46.195+0000][1][safepoint    ] Application time: 1.0002126 seconds
[2022-06-13T03:05:46.196+0000][1][safepoint    ] Entering safepoint region: Cleanup
[2022-06-13T03:05:46.196+0000][1][safepoint    ] Leaving safepoint region
[2022-06-13T03:05:46.196+0000][1][safepoint    ] Total time for which application threads were stopped: 0.0007003 seconds, Stopping threads took: 0.0003486 seconds
[2022-06-13T03:05:47.197+0000][1][safepoint    ] Application time: 1.0001580 seconds
[2022-06-13T03:05:47.197+0000][1][safepoint    ] Entering safepoint region: Cleanup
[2022-06-13T03:05:47.198+0000][1][safepoint    ] Leaving safepoint region
[2022-06-13T03:05:47.198+0000][1][safepoint    ] Total time for which application threads were stopped: 0.0012963 seconds, Stopping threads took: 0.0006329 seconds
[2022-06-13T03:05:48.199+0000][1][safepoint    ] Application time: 1.0002202 seconds
[2022-06-13T03:05:48.200+0000][1][safepoint    ] Entering safepoint region: Cleanup
[2022-06-13T03:05:48.200+0000][1][safepoint    ] Leaving safepoint region
[2022-06-13T03:05:48.201+0000][1][safepoint    ] Total time for which application threads were stopped: 0.0011096 seconds, Stopping threads took: 0.0004368 seconds
[2022-06-13T03:05:49.201+0000][1][safepoint    ] Application time: 1.0002421 seconds
[2022-06-13T03:05:49.202+0000][1][safepoint    ] Entering safepoint region: Cleanup
[2022-06-13T03:05:49.204+0000][1][safepoint    ] Leaving safepoint region
[2022-06-13T03:05:49.204+0000][1][safepoint    ] Total time for which application threads were stopped: 0.0018834 seconds, Stopping threads took: 0.0012854 seconds
[2022-06-13T03:05:50.205+0000][1][safepoint    ] Application time: 1.0003231 seconds
[2022-06-13T03:05:50.206+0000][1][safepoint    ] Entering safepoint region: Cleanup
[2022-06-13T03:05:50.206+0000][1][safepoint    ] Leaving safepoint region
[2022-06-13T03:05:50.206+0000][1][safepoint    ] Total time for which application threads were stopped: 0.0009441 seconds, Stopping threads took: 0.0004066 seconds
[2022-06-13T03:05:51.207+0000][1][safepoint    ] Application time: 1.0002692 seconds
[2022-06-13T03:05:51.208+0000][1][safepoint    ] Entering safepoint region: Cleanup
[2022-06-13T03:05:51.208+0000][1][safepoint    ] Leaving safepoint region
[2022-06-13T03:05:51.209+0000][1][safepoint    ] Total time for which application threads were stopped: 0.0010985 seconds, Stopping threads took: 0.0006606 seconds
[2022-06-13T03:05:52.209+0000][1][safepoint    ] Application time: 1.0002364 seconds
[2022-06-13T03:05:52.210+0000][1][safepoint    ] Entering safepoint region: Cleanup
[2022-06-13T03:05:52.210+0000][1][safepoint    ] Leaving safepoint region
[2022-06-13T03:05:52.210+0000][1][safepoint    ] Total time for which application threads were stopped: 0.0008037 seconds, Stopping threads took: 0.0003660 seconds
[2022-06-13T03:05:53.211+0000][1][safepoint    ] Application time: 1.0002293 seconds
[2022-06-13T03:05:53.211+0000][1][safepoint    ] Entering safepoint region: Cleanup
[2022-06-13T03:05:53.212+0000][1][safepoint    ] Leaving safepoint region
[2022-06-13T03:05:53.212+0000][1][safepoint    ] Total time for which application threads were stopped: 0.0008503 seconds, Stopping threads took: 0.0004052 seconds
[2022-06-13T03:05:54.213+0000][1][safepoint    ] Application time: 1.0001921 seconds
[2022-06-13T03:05:54.213+0000][1][safepoint    ] Entering safepoint region: Cleanup
[2022-06-13T03:05:54.214+0000][1][safepoint    ] Leaving safepoint region
[2022-06-13T03:05:54.214+0000][1][safepoint    ] Total time for which application threads were stopped: 0.0008431 seconds, Stopping threads took: 0.0003863 seconds
[2022-06-13T03:05:55.215+0000][1][safepoint    ] Application time: 1.0001771 seconds
[2022-06-13T03:05:55.215+0000][1][safepoint    ] Entering safepoint region: Cleanup
[2022-06-13T03:05:55.215+0000][1][safepoint    ] Leaving safepoint region
[2022-06-13T03:05:55.215+0000][1][safepoint    ] Total time for which application threads were stopped: 0.0003002 seconds, Stopping threads took: 0.0001482 seconds
[2022-06-13T03:05:56.216+0000][1][safepoint    ] Application time: 1.0002264 seconds
[2022-06-13T03:05:56.217+0000][1][safepoint    ] Entering safepoint region: Cleanup
[2022-06-13T03:05:56.217+0000][1][safepoint    ] Leaving safepoint region
[2022-06-13T03:05:56.218+0000][1][safepoint    ] Total time for which application threads were stopped: 0.0012924 seconds, Stopping threads took: 0.0007650 seconds
[2022-06-13T03:05:57.218+0000][1][safepoint    ] Application time: 1.0001343 seconds
[2022-06-13T03:05:57.219+0000][1][safepoint    ] Entering safepoint region: Cleanup
[2022-06-13T03:05:57.219+0000][1][safepoint    ] Leaving safepoint region
[2022-06-13T03:05:57.219+0000][1][safepoint    ] Total time for which application threads were stopped: 0.0003455 seconds, Stopping threads took: 0.0001863 seconds
[2022-06-13T03:05:58.219+0000][1][safepoint    ] Application time: 1.0000887 seconds
[2022-06-13T03:05:58.219+0000][1][safepoint    ] Entering safepoint region: Cleanup
[2022-06-13T03:05:58.220+0000][1][safepoint    ] Leaving safepoint region
[2022-06-13T03:05:58.220+0000][1][safepoint    ] Total time for which application threads were stopped: 0.0004579 seconds, Stopping threads took: 0.0001757 seconds
[2022-06-13T03:05:59.220+0000][1][safepoint    ] Application time: 1.0002011 seconds
[2022-06-13T03:05:59.221+0000][1][safepoint    ] Entering safepoint region: Cleanup
[2022-06-13T03:05:59.221+0000][1][safepoint    ] Leaving safepoint region
[2022-06-13T03:05:59.221+0000][1][safepoint    ] Total time for which application threads were stopped: 0.0007330 seconds, Stopping threads took: 0.0003431 seconds
[2022-06-13T03:06:00.222+0000][1][safepoint    ] Application time: 1.0001153 seconds
[2022-06-13T03:06:00.222+0000][1][safepoint    ] Entering safepoint region: Cleanup
[2022-06-13T03:06:00.222+0000][1][safepoint    ] Leaving safepoint region
[2022-06-13T03:06:00.222+0000][1][safepoint    ] Total time for which application threads were stopped: 0.0003580 seconds, Stopping threads took: 0.0001306 seconds
[2022-06-13T03:06:01.223+0000][1][safepoint    ] Application time: 1.0002176 seconds
[2022-06-13T03:06:01.223+0000][1][safepoint    ] Entering safepoint region: Cleanup
[2022-06-13T03:06:01.224+0000][1][safepoint    ] Leaving safepoint region
[2022-06-13T03:06:01.224+0000][1][safepoint    ] Total time for which application threads were stopped: 0.0009094 seconds, Stopping threads took: 0.0004336 seconds
[2022-06-13T03:06:02.224+0000][1][safepoint    ] Application time: 1.0002050 seconds
[2022-06-13T03:06:02.225+0000][1][safepoint    ] Entering safepoint region: Cleanup
[2022-06-13T03:06:02.225+0000][1][safepoint    ] Leaving safepoint region
[2022-06-13T03:06:02.226+0000][1][safepoint    ] Total time for which application threads were stopped: 0.0009081 seconds, Stopping threads took: 0.0004625 seconds
[2022-06-13T03:06:03.226+0000][1][safepoint    ] Application time: 1.0001254 seconds
[2022-06-13T03:06:03.227+0000][1][safepoint    ] Entering safepoint region: Cleanup
[2022-06-13T03:06:03.227+0000][1][safepoint    ] Leaving safepoint region
[2022-06-13T03:06:03.228+0000][1][safepoint    ] Total time for which application threads were stopped: 0.0010975 seconds, Stopping threads took: 0.0004936 seconds
[2022-06-13T03:06:04.228+0000][1][safepoint    ] Application time: 1.0002554 seconds
[2022-06-13T03:06:04.229+0000][1][safepoint    ] Entering safepoint region: Cleanup
[2022-06-13T03:06:04.230+0000][1][safepoint    ] Leaving safepoint region
[2022-06-13T03:06:04.230+0000][1][safepoint    ] Total time for which application threads were stopped: 0.0011854 seconds, Stopping threads took: 0.0005367 seconds
[2022-06-13T03:06:05.231+0000][1][safepoint    ] Application time: 1.0001611 seconds
[2022-06-13T03:06:05.231+0000][1][safepoint    ] Entering safepoint region: Cleanup
[2022-06-13T03:06:05.232+0000][1][safepoint    ] Leaving safepoint region
[2022-06-13T03:06:05.232+0000][1][safepoint    ] Total time for which application threads were stopped: 0.0009652 seconds, Stopping threads took: 0.0004696 seconds
[2022-06-13T03:06:06.233+0000][1][safepoint    ] Application time: 1.0002008 seconds
[2022-06-13T03:06:06.233+0000][1][safepoint    ] Entering safepoint region: Cleanup
[2022-06-13T03:06:06.233+0000][1][safepoint    ] Leaving safepoint region
[2022-06-13T03:06:06.234+0000][1][safepoint    ] Total time for which application threads were stopped: 0.0008848 seconds, Stopping threads took: 0.0003922 seconds
[2022-06-13T03:06:07.234+0000][1][safepoint    ] Application time: 1.0000991 seconds
[2022-06-13T03:06:07.235+0000][1][safepoint    ] Entering safepoint region: Cleanup
[2022-06-13T03:06:07.235+0000][1][safepoint    ] Leaving safepoint region
[2022-06-13T03:06:07.236+0000][1][safepoint    ] Total time for which application threads were stopped: 0.0010367 seconds, Stopping threads took: 0.0004830 seconds
[2022-06-13T03:06:08.236+0000][1][safepoint    ] Application time: 1.0001106 seconds
[2022-06-13T03:06:08.237+0000][1][safepoint    ] Entering safepoint region: Cleanup
[2022-06-13T03:06:08.237+0000][1][safepoint    ] Leaving safepoint region
[2022-06-13T03:06:08.238+0000][1][safepoint    ] Total time for which application threads were stopped: 0.0008675 seconds, Stopping threads took: 0.0003899 seconds
[2022-06-13T03:06:09.238+0000][1][safepoint    ] Application time: 1.0001809 seconds
[2022-06-13T03:06:09.238+0000][1][safepoint    ] Entering safepoint region: Cleanup
[2022-06-13T03:06:09.239+0000][1][safepoint    ] Leaving safepoint region
[2022-06-13T03:06:09.239+0000][1][safepoint    ] Total time for which application threads were stopped: 0.0008225 seconds, Stopping threads took: 0.0004453 seconds
[2022-06-13T03:06:10.930+0000][1][safepoint    ] Application time: 1.6908690 seconds
[2022-06-13T03:06:10.931+0000][1][safepoint    ] Entering safepoint region: Cleanup
[2022-06-13T03:06:10.932+0000][1][safepoint    ] Leaving safepoint region
[2022-06-13T03:06:10.932+0000][1][safepoint    ] Total time for which application threads were stopped: 0.0011253 seconds, Stopping threads took: 0.0005257 seconds
[2022-06-13T03:06:11.933+0000][1][safepoint    ] Application time: 1.0002659 seconds
[2022-06-13T03:06:11.934+0000][1][safepoint    ] Entering safepoint region: Cleanup
[2022-06-13T03:06:11.934+0000][1][safepoint    ] Leaving safepoint region
[2022-06-13T03:06:11.934+0000][1][safepoint    ] Total time for which application threads were stopped: 0.0008841 seconds, Stopping threads took: 0.0004472 seconds
[2022-06-13T03:06:12.935+0000][1][safepoint    ] Application time: 1.0001476 seconds
[2022-06-13T03:06:12.935+0000][1][safepoint    ] Entering safepoint region: Cleanup
[2022-06-13T03:06:12.936+0000][1][safepoint    ] Leaving safepoint region
[2022-06-13T03:06:12.936+0000][1][safepoint    ] Total time for which application threads were stopped: 0.0005182 seconds, Stopping threads took: 0.0002197 seconds
[2022-06-13T03:06:13.936+0000][1][safepoint    ] Application time: 1.0001179 seconds
[2022-06-13T03:06:13.937+0000][1][safepoint    ] Entering safepoint region: Cleanup
[2022-06-13T03:06:13.937+0000][1][safepoint    ] Leaving safepoint region
[2022-06-13T03:06:13.937+0000][1][safepoint    ] Total time for which application threads were stopped: 0.0008496 seconds, Stopping threads took: 0.0004073 seconds
[2022-06-13T03:06:14.938+0000][1][safepoint    ] Application time: 1.0002552 seconds
[2022-06-13T03:06:14.939+0000][1][safepoint    ] Entering safepoint region: Cleanup
[2022-06-13T03:06:14.940+0000][1][safepoint    ] Leaving safepoint region
[2022-06-13T03:06:14.940+0000][1][safepoint    ] Total time for which application threads were stopped: 0.0011522 seconds, Stopping threads took: 0.0006213 seconds
[2022-06-13T03:06:15.941+0000][1][safepoint    ] Application time: 1.0001178 seconds
[2022-06-13T03:06:15.941+0000][1][safepoint    ] Entering safepoint region: Cleanup
[2022-06-13T03:06:15.941+0000][1][safepoint    ] Leaving safepoint region
[2022-06-13T03:06:15.941+0000][1][safepoint    ] Total time for which application threads were stopped: 0.0004486 seconds, Stopping threads took: 0.0001351 seconds
[2022-06-13T03:06:16.942+0000][1][safepoint    ] Application time: 1.0001180 seconds
[2022-06-13T03:06:16.942+0000][1][safepoint    ] Entering safepoint region: Cleanup
[2022-06-13T03:06:16.943+0000][1][safepoint    ] Leaving safepoint region
[2022-06-13T03:06:16.943+0000][1][safepoint    ] Total time for which application threads were stopped: 0.0007634 seconds, Stopping threads took: 0.0004284 seconds
[2022-06-13T03:06:17.121+0000][1][safepoint    ] Application time: 0.1778793 seconds
[2022-06-13T03:06:17.121+0000][1][safepoint    ] Entering safepoint region: GenCollectForAllocation
[2022-06-13T03:06:17.122+0000][1][gc,start     ] GC(26) Pause Young (Allocation Failure)
[2022-06-13T03:06:17.122+0000][1][gc,task      ] GC(26) Using 5 workers of 13 for evacuation
[2022-06-13T03:06:17.124+0000][1][gc,age       ] GC(26) Desired survivor size 4456448 bytes, new threshold 6 (max threshold 6)
[2022-06-13T03:06:17.124+0000][1][gc,age       ] GC(26) Age table with threshold 6 (max threshold 6)
[2022-06-13T03:06:17.125+0000][1][gc,age       ] GC(26) - age   1:      25136 bytes,      25136 total
[2022-06-13T03:06:17.125+0000][1][gc,age       ] GC(26) - age   2:      13824 bytes,      38960 total
[2022-06-13T03:06:17.125+0000][1][gc,age       ] GC(26) - age   3:      17032 bytes,      55992 total
[2022-06-13T03:06:17.126+0000][1][gc,age       ] GC(26) - age   4:      48696 bytes,     104688 total
[2022-06-13T03:06:17.126+0000][1][gc,age       ] GC(26) - age   5:     684544 bytes,     789232 total
[2022-06-13T03:06:17.126+0000][1][gc,heap      ] GC(26) ParNew: 70914K->1012K(78656K)
[2022-06-13T03:06:17.127+0000][1][gc,heap      ] GC(26) CMS: 67999K->67999K(174784K)
[2022-06-13T03:06:17.127+0000][1][gc,metaspace ] GC(26) Metaspace: 64278K->64278K(1107968K)
[2022-06-13T03:06:17.127+0000][1][gc           ] GC(26) Pause Young (Allocation Failure) 135M->67M(247M) 5.563ms
[2022-06-13T03:06:17.128+0000][1][gc,cpu       ] GC(26) User=0.01s Sys=0.00s Real=0.00s
[2022-06-13T03:06:17.128+0000][1][safepoint    ] Leaving safepoint region
[2022-06-13T03:06:17.128+0000][1][safepoint    ] Total time for which application threads were stopped: 0.0071510 seconds, Stopping threads took: 0.0003330 seconds
[2022-06-13T03:06:18.129+0000][1][safepoint    ] Application time: 1.0002361 seconds
[2022-06-13T03:06:18.130+0000][1][safepoint    ] Entering safepoint region: Cleanup
[2022-06-13T03:06:18.130+0000][1][safepoint    ] Leaving safepoint region
[2022-06-13T03:06:18.130+0000][1][safepoint    ] Total time for which application threads were stopped: 0.0005706 seconds, Stopping threads took: 0.0002995 seconds
[2022-06-13T03:06:19.131+0000][1][safepoint    ] Application time: 1.0001424 seconds
[2022-06-13T03:06:19.131+0000][1][safepoint    ] Entering safepoint region: Cleanup
[2022-06-13T03:06:19.132+0000][1][safepoint    ] Leaving safepoint region
[2022-06-13T03:06:19.133+0000][1][safepoint    ] Total time for which application threads were stopped: 0.0012505 seconds, Stopping threads took: 0.0005993 seconds
[2022-06-13T03:06:20.133+0000][1][safepoint    ] Application time: 1.0002982 seconds
[2022-06-13T03:06:20.134+0000][1][safepoint    ] Entering safepoint region: Cleanup
[2022-06-13T03:06:20.134+0000][1][safepoint    ] Leaving safepoint region
[2022-06-13T03:06:20.134+0000][1][safepoint    ] Total time for which application threads were stopped: 0.0004246 seconds, Stopping threads took: 0.0002466 seconds
[2022-06-13T03:06:21.134+0000][1][safepoint    ] Application time: 1.0001117 seconds
[2022-06-13T03:06:21.135+0000][1][safepoint    ] Entering safepoint region: Cleanup
[2022-06-13T03:06:21.135+0000][1][safepoint    ] Leaving safepoint region
[2022-06-13T03:06:21.135+0000][1][safepoint    ] Total time for which application threads were stopped: 0.0004411 seconds, Stopping threads took: 0.0002255 seconds
[2022-06-13T03:06:22.136+0000][1][safepoint    ] Application time: 1.0001016 seconds
[2022-06-13T03:06:22.136+0000][1][safepoint    ] Entering safepoint region: Cleanup
[2022-06-13T03:06:22.137+0000][1][safepoint    ] Leaving safepoint region
[2022-06-13T03:06:22.137+0000][1][safepoint    ] Total time for which application threads were stopped: 0.0005346 seconds, Stopping threads took: 0.0002691 seconds
[2022-06-13T03:06:23.137+0000][1][safepoint    ] Application time: 1.0002384 seconds
[2022-06-13T03:06:23.138+0000][1][safepoint    ] Entering safepoint region: Cleanup
[2022-06-13T03:06:23.138+0000][1][safepoint    ] Leaving safepoint region
[2022-06-13T03:06:23.139+0000][1][safepoint    ] Total time for which application threads were stopped: 0.0009082 seconds, Stopping threads took: 0.0003628 seconds
[2022-06-13T03:06:24.139+0000][1][safepoint    ] Application time: 1.0001987 seconds
[2022-06-13T03:06:24.140+0000][1][safepoint    ] Entering safepoint region: Cleanup
[2022-06-13T03:06:24.140+0000][1][safepoint    ] Leaving safepoint region
[2022-06-13T03:06:24.140+0000][1][safepoint    ] Total time for which application threads were stopped: 0.0006623 seconds, Stopping threads took: 0.0003232 seconds
[2022-06-13T03:06:25.141+0000][1][safepoint    ] Application time: 1.0001225 seconds
[2022-06-13T03:06:25.141+0000][1][safepoint    ] Entering safepoint region: Cleanup
[2022-06-13T03:06:25.141+0000][1][safepoint    ] Leaving safepoint region
[2022-06-13T03:06:25.142+0000][1][safepoint    ] Total time for which application threads were stopped: 0.0005411 seconds, Stopping threads took: 0.0001922 seconds
[2022-06-13T03:06:26.142+0000][1][safepoint    ] Application time: 1.0001904 seconds
[2022-06-13T03:06:26.142+0000][1][safepoint    ] Entering safepoint region: Cleanup
[2022-06-13T03:06:26.143+0000][1][safepoint    ] Leaving safepoint region
[2022-06-13T03:06:26.143+0000][1][safepoint    ] Total time for which application threads were stopped: 0.0004928 seconds, Stopping threads took: 0.0002492 seconds
[2022-06-13T03:06:27.143+0000][1][safepoint    ] Application time: 1.0002313 seconds
[2022-06-13T03:06:27.144+0000][1][safepoint    ] Entering safepoint region: Cleanup
[2022-06-13T03:06:27.145+0000][1][safepoint    ] Leaving safepoint region
[2022-06-13T03:06:27.145+0000][1][safepoint    ] Total time for which application threads were stopped: 0.0011141 seconds, Stopping threads took: 0.0004357 seconds
[2022-06-13T03:06:28.146+0000][1][safepoint    ] Application time: 1.0002682 seconds
[2022-06-13T03:06:28.147+0000][1][safepoint    ] Entering safepoint region: Cleanup
[2022-06-13T03:06:28.147+0000][1][safepoint    ] Leaving safepoint region
[2022-06-13T03:06:28.148+0000][1][safepoint    ] Total time for which application threads were stopped: 0.0012239 seconds, Stopping threads took: 0.0005094 seconds
[2022-06-13T03:06:29.149+0000][1][safepoint    ] Application time: 1.0001875 seconds
[2022-06-13T03:06:29.149+0000][1][safepoint    ] Entering safepoint region: Cleanup
[2022-06-13T03:06:29.149+0000][1][safepoint    ] Leaving safepoint region
[2022-06-13T03:06:29.150+0000][1][safepoint    ] Total time for which application threads were stopped: 0.0006935 seconds, Stopping threads took: 0.0003231 seconds
[2022-06-13T03:06:30.150+0000][1][safepoint    ] Application time: 1.0002039 seconds
[2022-06-13T03:06:30.150+0000][1][safepoint    ] Entering safepoint region: Cleanup
[2022-06-13T03:06:30.151+0000][1][safepoint    ] Leaving safepoint region
[2022-06-13T03:06:30.151+0000][1][safepoint    ] Total time for which application threads were stopped: 0.0004330 seconds, Stopping threads took: 0.0001669 seconds
[2022-06-13T03:06:31.151+0000][1][safepoint    ] Application time: 1.0001880 seconds
[2022-06-13T03:06:31.153+0000][1][safepoint    ] Entering safepoint region: Cleanup
[2022-06-13T03:06:31.153+0000][1][safepoint    ] Leaving safepoint region
[2022-06-13T03:06:31.153+0000][1][safepoint    ] Total time for which application threads were stopped: 0.0010898 seconds, Stopping threads took: 0.0005917 seconds
[2022-06-13T03:06:32.154+0000][1][safepoint    ] Application time: 1.0001895 seconds
[2022-06-13T03:06:32.155+0000][1][safepoint    ] Entering safepoint region: Cleanup
[2022-06-13T03:06:32.155+0000][1][safepoint    ] Leaving safepoint region
[2022-06-13T03:06:32.155+0000][1][safepoint    ] Total time for which application threads were stopped: 0.0005638 seconds, Stopping threads took: 0.0002179 seconds
[2022-06-13T03:06:33.155+0000][1][safepoint    ] Application time: 1.0001691 seconds
[2022-06-13T03:06:33.156+0000][1][safepoint    ] Entering safepoint region: Cleanup
[2022-06-13T03:06:33.156+0000][1][safepoint    ] Leaving safepoint region
[2022-06-13T03:06:33.156+0000][1][safepoint    ] Total time for which application threads were stopped: 0.0005578 seconds, Stopping threads took: 0.0002729 seconds
[2022-06-13T03:06:34.157+0000][1][safepoint    ] Application time: 1.0001499 seconds
[2022-06-13T03:06:34.157+0000][1][safepoint    ] Entering safepoint region: Cleanup
[2022-06-13T03:06:34.158+0000][1][safepoint    ] Leaving safepoint region
[2022-06-13T03:06:34.158+0000][1][safepoint    ] Total time for which application threads were stopped: 0.0007663 seconds, Stopping threads took: 0.0003682 seconds
[2022-06-13T03:06:35.159+0000][1][safepoint    ] Application time: 1.0002812 seconds
[2022-06-13T03:06:35.159+0000][1][safepoint    ] Entering safepoint region: Cleanup
[2022-06-13T03:06:35.159+0000][1][safepoint    ] Leaving safepoint region
[2022-06-13T03:06:35.160+0000][1][safepoint    ] Total time for which application threads were stopped: 0.0006277 seconds, Stopping threads took: 0.0003288 seconds
[2022-06-13T03:06:36.160+0000][1][safepoint    ] Application time: 1.0001098 seconds
[2022-06-13T03:06:36.160+0000][1][safepoint    ] Entering safepoint region: Cleanup
[2022-06-13T03:06:36.161+0000][1][safepoint    ] Leaving safepoint region
[2022-06-13T03:06:36.161+0000][1][safepoint    ] Total time for which application threads were stopped: 0.0005249 seconds, Stopping threads took: 0.0002450 seconds
[2022-06-13T03:06:37.161+0000][1][safepoint    ] Application time: 1.0001136 seconds
[2022-06-13T03:06:37.162+0000][1][safepoint    ] Entering safepoint region: Cleanup
[2022-06-13T03:06:37.162+0000][1][safepoint    ] Leaving safepoint region
[2022-06-13T03:06:37.162+0000][1][safepoint    ] Total time for which application threads were stopped: 0.0004966 seconds, Stopping threads took: 0.0001877 seconds
[2022-06-13T03:06:38.162+0000][1][safepoint    ] Application time: 1.0000967 seconds
[2022-06-13T03:06:38.163+0000][1][safepoint    ] Entering safepoint region: Cleanup
[2022-06-13T03:06:38.164+0000][1][safepoint    ] Leaving safepoint region
[2022-06-13T03:06:38.164+0000][1][safepoint    ] Total time for which application threads were stopped: 0.0009879 seconds, Stopping threads took: 0.0005201 seconds
[2022-06-13T03:06:39.165+0000][1][safepoint    ] Application time: 1.0001974 seconds
[2022-06-13T03:06:39.165+0000][1][safepoint    ] Entering safepoint region: Cleanup
[2022-06-13T03:06:39.165+0000][1][safepoint    ] Leaving safepoint region
[2022-06-13T03:06:39.166+0000][1][safepoint    ] Total time for which application threads were stopped: 0.0007260 seconds, Stopping threads took: 0.0003333 seconds
[2022-06-13T03:06:40.166+0000][1][safepoint    ] Application time: 1.0002146 seconds
[2022-06-13T03:06:40.167+0000][1][safepoint    ] Entering safepoint region: Cleanup
[2022-06-13T03:06:40.168+0000][1][safepoint    ] Leaving safepoint region
[2022-06-13T03:06:40.168+0000][1][safepoint    ] Total time for which application threads were stopped: 0.0007978 seconds, Stopping threads took: 0.0004734 seconds
[2022-06-13T03:06:41.168+0000][1][safepoint    ] Application time: 1.0001869 seconds
[2022-06-13T03:06:41.169+0000][1][safepoint    ] Entering safepoint region: Cleanup
[2022-06-13T03:06:41.169+0000][1][safepoint    ] Leaving safepoint region
[2022-06-13T03:06:41.169+0000][1][safepoint    ] Total time for which application threads were stopped: 0.0005031 seconds, Stopping threads took: 0.0002172 seconds
[2022-06-13T03:06:42.170+0000][1][safepoint    ] Application time: 1.0002009 seconds
[2022-06-13T03:06:42.170+0000][1][safepoint    ] Entering safepoint region: Cleanup
[2022-06-13T03:06:42.171+0000][1][safepoint    ] Leaving safepoint region
[2022-06-13T03:06:42.171+0000][1][safepoint    ] Total time for which application threads were stopped: 0.0011818 seconds, Stopping threads took: 0.0004389 seconds
[2022-06-13T03:06:43.172+0000][1][safepoint    ] Application time: 1.0002795 seconds
[2022-06-13T03:06:43.172+0000][1][safepoint    ] Entering safepoint region: Cleanup
[2022-06-13T03:06:43.173+0000][1][safepoint    ] Leaving safepoint region
[2022-06-13T03:06:43.173+0000][1][safepoint    ] Total time for which application threads were stopped: 0.0008518 seconds, Stopping threads took: 0.0003611 seconds
[2022-06-13T03:06:44.174+0000][1][safepoint    ] Application time: 1.0001775 seconds
[2022-06-13T03:06:44.174+0000][1][safepoint    ] Entering safepoint region: Cleanup
[2022-06-13T03:06:44.174+0000][1][safepoint    ] Leaving safepoint region
[2022-06-13T03:06:44.175+0000][1][safepoint    ] Total time for which application threads were stopped: 0.0005526 seconds, Stopping threads took: 0.0002308 seconds
[2022-06-13T03:06:45.175+0000][1][safepoint    ] Application time: 1.0001820 seconds
[2022-06-13T03:06:45.176+0000][1][safepoint    ] Entering safepoint region: Cleanup
[2022-06-13T03:06:45.176+0000][1][safepoint    ] Leaving safepoint region
[2022-06-13T03:06:45.177+0000][1][safepoint    ] Total time for which application threads were stopped: 0.0010363 seconds, Stopping threads took: 0.0004412 seconds
[2022-06-13T03:06:46.177+0000][1][safepoint    ] Application time: 1.0002093 seconds
[2022-06-13T03:06:46.178+0000][1][safepoint    ] Entering safepoint region: Cleanup
[2022-06-13T03:06:46.178+0000][1][safepoint    ] Leaving safepoint region
[2022-06-13T03:06:46.179+0000][1][safepoint    ] Total time for which application threads were stopped: 0.0010316 seconds, Stopping threads took: 0.0004632 seconds
[2022-06-13T03:06:47.179+0000][1][safepoint    ] Application time: 1.0002249 seconds
[2022-06-13T03:06:47.180+0000][1][safepoint    ] Entering safepoint region: Cleanup
[2022-06-13T03:06:47.181+0000][1][safepoint    ] Leaving safepoint region
[2022-06-13T03:06:47.181+0000][1][safepoint    ] Total time for which application threads were stopped: 0.0012258 seconds, Stopping threads took: 0.0006169 seconds
[2022-06-13T03:06:48.182+0000][1][safepoint    ] Application time: 1.0003253 seconds
[2022-06-13T03:06:48.183+0000][1][safepoint    ] Entering safepoint region: Cleanup
[2022-06-13T03:06:48.184+0000][1][safepoint    ] Leaving safepoint region
[2022-06-13T03:06:48.184+0000][1][safepoint    ] Total time for which application threads were stopped: 0.0011612 seconds, Stopping threads took: 0.0004982 seconds
[2022-06-13T03:06:49.185+0000][1][safepoint    ] Application time: 1.0001854 seconds
[2022-06-13T03:06:49.185+0000][1][safepoint    ] Entering safepoint region: Cleanup
[2022-06-13T03:06:49.185+0000][1][safepoint    ] Leaving safepoint region
[2022-06-13T03:06:49.186+0000][1][safepoint    ] Total time for which application threads were stopped: 0.0004905 seconds, Stopping threads took: 0.0002274 seconds
[2022-06-13T03:06:50.186+0000][1][safepoint    ] Application time: 1.0001755 seconds
[2022-06-13T03:06:50.187+0000][1][safepoint    ] Entering safepoint region: Cleanup
[2022-06-13T03:06:50.187+0000][1][safepoint    ] Leaving safepoint region
[2022-06-13T03:06:50.187+0000][1][safepoint    ] Total time for which application threads were stopped: 0.0007003 seconds, Stopping threads took: 0.0003325 seconds
[2022-06-13T03:06:51.188+0000][1][safepoint    ] Application time: 1.0001040 seconds
[2022-06-13T03:06:51.188+0000][1][safepoint    ] Entering safepoint region: Cleanup
[2022-06-13T03:06:51.188+0000][1][safepoint    ] Leaving safepoint region
[2022-06-13T03:06:51.188+0000][1][safepoint    ] Total time for which application threads were stopped: 0.0004336 seconds, Stopping threads took: 0.0001450 seconds
[2022-06-13T03:06:52.189+0000][1][safepoint    ] Application time: 1.0002684 seconds
[2022-06-13T03:06:52.190+0000][1][safepoint    ] Entering safepoint region: Cleanup
[2022-06-13T03:06:52.190+0000][1][safepoint    ] Leaving safepoint region
[2022-06-13T03:06:52.191+0000][1][safepoint    ] Total time for which application threads were stopped: 0.0014330 seconds, Stopping threads took: 0.0006988 seconds
[2022-06-13T03:06:53.192+0000][1][safepoint    ] Application time: 1.0002177 seconds
[2022-06-13T03:06:53.192+0000][1][safepoint    ] Entering safepoint region: Cleanup
[2022-06-13T03:06:53.193+0000][1][safepoint    ] Leaving safepoint region
[2022-06-13T03:06:53.193+0000][1][safepoint    ] Total time for which application threads were stopped: 0.0008556 seconds, Stopping threads took: 0.0004599 seconds
[2022-06-13T03:06:54.194+0000][1][safepoint    ] Application time: 1.0002296 seconds
[2022-06-13T03:06:54.194+0000][1][safepoint    ] Entering safepoint region: Cleanup
[2022-06-13T03:06:54.195+0000][1][safepoint    ] Leaving safepoint region
[2022-06-13T03:06:54.195+0000][1][safepoint    ] Total time for which application threads were stopped: 0.0008391 seconds, Stopping threads took: 0.0003543 seconds
[2022-06-13T03:06:55.196+0000][1][safepoint    ] Application time: 1.0003194 seconds
[2022-06-13T03:06:55.196+0000][1][safepoint    ] Entering safepoint region: Cleanup
[2022-06-13T03:06:55.197+0000][1][safepoint    ] Leaving safepoint region
[2022-06-13T03:06:55.198+0000][1][safepoint    ] Total time for which application threads were stopped: 0.0015028 seconds, Stopping threads took: 0.0007102 seconds
[2022-06-13T03:06:56.199+0000][1][safepoint    ] Application time: 1.0001548 seconds
[2022-06-13T03:06:56.199+0000][1][safepoint    ] Entering safepoint region: Cleanup
[2022-06-13T03:06:56.200+0000][1][safepoint    ] Leaving safepoint region
[2022-06-13T03:06:56.200+0000][1][safepoint    ] Total time for which application threads were stopped: 0.0005480 seconds, Stopping threads took: 0.0003113 seconds
[2022-06-13T03:06:57.200+0000][1][safepoint    ] Application time: 1.0002455 seconds
[2022-06-13T03:06:57.201+0000][1][safepoint    ] Entering safepoint region: Cleanup
[2022-06-13T03:06:57.201+0000][1][safepoint    ] Leaving safepoint region
[2022-06-13T03:06:57.202+0000][1][safepoint    ] Total time for which application threads were stopped: 0.0009444 seconds, Stopping threads took: 0.0004236 seconds
[2022-06-13T03:06:58.202+0000][1][safepoint    ] Application time: 1.0001848 seconds
[2022-06-13T03:06:58.203+0000][1][safepoint    ] Entering safepoint region: Cleanup
[2022-06-13T03:06:58.203+0000][1][safepoint    ] Leaving safepoint region
[2022-06-13T03:06:58.203+0000][1][safepoint    ] Total time for which application threads were stopped: 0.0005220 seconds, Stopping threads took: 0.0002854 seconds
[2022-06-13T03:06:59.204+0000][1][safepoint    ] Application time: 1.0002517 seconds
[2022-06-13T03:06:59.204+0000][1][safepoint    ] Entering safepoint region: Cleanup
[2022-06-13T03:06:59.205+0000][1][safepoint    ] Leaving safepoint region
[2022-06-13T03:06:59.206+0000][1][safepoint    ] Total time for which application threads were stopped: 0.0012939 seconds, Stopping threads took: 0.0005831 seconds
[2022-06-13T03:07:00.206+0000][1][safepoint    ] Application time: 1.0002200 seconds
[2022-06-13T03:07:00.207+0000][1][safepoint    ] Entering safepoint region: Cleanup
[2022-06-13T03:07:00.207+0000][1][safepoint    ] Leaving safepoint region
[2022-06-13T03:07:00.208+0000][1][safepoint    ] Total time for which application threads were stopped: 0.0008658 seconds, Stopping threads took: 0.0003894 seconds
[2022-06-13T03:07:01.208+0000][1][safepoint    ] Application time: 1.0002092 seconds
[2022-06-13T03:07:01.209+0000][1][safepoint    ] Entering safepoint region: Cleanup
[2022-06-13T03:07:01.209+0000][1][safepoint    ] Leaving safepoint region
[2022-06-13T03:07:01.209+0000][1][safepoint    ] Total time for which application threads were stopped: 0.0003384 seconds, Stopping threads took: 0.0001555 seconds
[2022-06-13T03:07:02.209+0000][1][safepoint    ] Application time: 1.0002050 seconds
[2022-06-13T03:07:02.210+0000][1][safepoint    ] Entering safepoint region: Cleanup
[2022-06-13T03:07:02.210+0000][1][safepoint    ] Leaving safepoint region
[2022-06-13T03:07:02.210+0000][1][safepoint    ] Total time for which application threads were stopped: 0.0005856 seconds, Stopping threads took: 0.0002634 seconds
[2022-06-13T03:07:03.211+0000][1][safepoint    ] Application time: 1.0002107 seconds
[2022-06-13T03:07:03.211+0000][1][safepoint    ] Entering safepoint region: Cleanup
[2022-06-13T03:07:03.212+0000][1][safepoint    ] Leaving safepoint region
[2022-06-13T03:07:03.212+0000][1][safepoint    ] Total time for which application threads were stopped: 0.0009990 seconds, Stopping threads took: 0.0004098 seconds
[2022-06-13T03:07:04.213+0000][1][safepoint    ] Application time: 1.0002830 seconds
[2022-06-13T03:07:04.214+0000][1][safepoint    ] Entering safepoint region: Cleanup
[2022-06-13T03:07:04.214+0000][1][safepoint    ] Leaving safepoint region
[2022-06-13T03:07:04.215+0000][1][safepoint    ] Total time for which application threads were stopped: 0.0010028 seconds, Stopping threads took: 0.0005672 seconds
[2022-06-13T03:07:05.215+0000][1][safepoint    ] Application time: 1.0002083 seconds
[2022-06-13T03:07:05.216+0000][1][safepoint    ] Entering safepoint region: Cleanup
[2022-06-13T03:07:05.216+0000][1][safepoint    ] Leaving safepoint region
[2022-06-13T03:07:05.217+0000][1][safepoint    ] Total time for which application threads were stopped: 0.0009388 seconds, Stopping threads took: 0.0004213 seconds
[2022-06-13T03:07:06.217+0000][1][safepoint    ] Application time: 1.0002373 seconds
[2022-06-13T03:07:06.218+0000][1][safepoint    ] Entering safepoint region: Cleanup
[2022-06-13T03:07:06.218+0000][1][safepoint    ] Leaving safepoint region
[2022-06-13T03:07:06.219+0000][1][safepoint    ] Total time for which application threads were stopped: 0.0011344 seconds, Stopping threads took: 0.0006284 seconds
[2022-06-13T03:07:07.219+0000][1][safepoint    ] Application time: 1.0002032 seconds
[2022-06-13T03:07:07.220+0000][1][safepoint    ] Entering safepoint region: Cleanup
[2022-06-13T03:07:07.221+0000][1][safepoint    ] Leaving safepoint region
[2022-06-13T03:07:07.221+0000][1][safepoint    ] Total time for which application threads were stopped: 0.0011724 seconds, Stopping threads took: 0.0005521 seconds
[2022-06-13T03:07:08.222+0000][1][safepoint    ] Application time: 1.0001699 seconds
[2022-06-13T03:07:08.222+0000][1][safepoint    ] Entering safepoint region: Cleanup
[2022-06-13T03:07:08.223+0000][1][safepoint    ] Leaving safepoint region
[2022-06-13T03:07:08.223+0000][1][safepoint    ] Total time for which application threads were stopped: 0.0005818 seconds, Stopping threads took: 0.0002029 seconds
[2022-06-13T03:07:09.223+0000][1][safepoint    ] Application time: 1.0001482 seconds
[2022-06-13T03:07:09.224+0000][1][safepoint    ] Entering safepoint region: Cleanup
[2022-06-13T03:07:09.224+0000][1][safepoint    ] Leaving safepoint region
[2022-06-13T03:07:09.224+0000][1][safepoint    ] Total time for which application threads were stopped: 0.0006375 seconds, Stopping threads took: 0.0003239 seconds
[2022-06-13T03:07:10.225+0000][1][safepoint    ] Application time: 1.0002440 seconds
[2022-06-13T03:07:10.226+0000][1][safepoint    ] Entering safepoint region: Cleanup
[2022-06-13T03:07:10.226+0000][1][safepoint    ] Leaving safepoint region
[2022-06-13T03:07:10.227+0000][1][safepoint    ] Total time for which application threads were stopped: 0.0011091 seconds, Stopping threads took: 0.0004993 seconds
[2022-06-13T03:07:11.227+0000][1][safepoint    ] Application time: 1.0001397 seconds
[2022-06-13T03:07:11.228+0000][1][safepoint    ] Entering safepoint region: Cleanup
[2022-06-13T03:07:11.228+0000][1][safepoint    ] Leaving safepoint region
[2022-06-13T03:07:11.228+0000][1][safepoint    ] Total time for which application threads were stopped: 0.0007551 seconds, Stopping threads took: 0.0003522 seconds
[2022-06-13T03:07:12.229+0000][1][safepoint    ] Application time: 1.0002129 seconds
[2022-06-13T03:07:12.230+0000][1][safepoint    ] Entering safepoint region: Cleanup
[2022-06-13T03:07:12.230+0000][1][safepoint    ] Leaving safepoint region
[2022-06-13T03:07:12.231+0000][1][safepoint    ] Total time for which application threads were stopped: 0.0009466 seconds, Stopping threads took: 0.0004207 seconds
[2022-06-13T03:07:13.231+0000][1][safepoint    ] Application time: 1.0003327 seconds
[2022-06-13T03:07:13.232+0000][1][safepoint    ] Entering safepoint region: Cleanup
[2022-06-13T03:07:13.232+0000][1][safepoint    ] Leaving safepoint region
[2022-06-13T03:07:13.233+0000][1][safepoint    ] Total time for which application threads were stopped: 0.0007853 seconds, Stopping threads took: 0.0002445 seconds
[2022-06-13T03:07:14.233+0000][1][safepoint    ] Application time: 1.0002799 seconds
[2022-06-13T03:07:14.234+0000][1][safepoint    ] Entering safepoint region: Cleanup
[2022-06-13T03:07:14.235+0000][1][safepoint    ] Leaving safepoint region
[2022-06-13T03:07:14.236+0000][1][safepoint    ] Total time for which application threads were stopped: 0.0014241 seconds, Stopping threads took: 0.0006507 seconds
[2022-06-13T03:07:15.236+0000][1][safepoint    ] Application time: 1.0002301 seconds
[2022-06-13T03:07:15.237+0000][1][safepoint    ] Entering safepoint region: Cleanup
[2022-06-13T03:07:15.237+0000][1][safepoint    ] Leaving safepoint region
[2022-06-13T03:07:15.238+0000][1][safepoint    ] Total time for which application threads were stopped: 0.0007089 seconds, Stopping threads took: 0.0002993 seconds
[2022-06-13T03:07:16.238+0000][1][safepoint    ] Application time: 1.0002101 seconds
[2022-06-13T03:07:16.239+0000][1][safepoint    ] Entering safepoint region: Cleanup
[2022-06-13T03:07:16.239+0000][1][safepoint    ] Leaving safepoint region
[2022-06-13T03:07:16.240+0000][1][safepoint    ] Total time for which application threads were stopped: 0.0009994 seconds, Stopping threads took: 0.0004802 seconds
[2022-06-13T03:07:17.240+0000][1][safepoint    ] Application time: 1.0001964 seconds
[2022-06-13T03:07:17.241+0000][1][safepoint    ] Entering safepoint region: Cleanup
[2022-06-13T03:07:17.241+0000][1][safepoint    ] Leaving safepoint region
[2022-06-13T03:07:17.242+0000][1][safepoint    ] Total time for which application threads were stopped: 0.0008021 seconds, Stopping threads took: 0.0003777 seconds
[2022-06-13T03:07:18.242+0000][1][safepoint    ] Application time: 1.0001914 seconds
[2022-06-13T03:07:18.243+0000][1][safepoint    ] Entering safepoint region: Cleanup
[2022-06-13T03:07:18.243+0000][1][safepoint    ] Leaving safepoint region
[2022-06-13T03:07:18.244+0000][1][safepoint    ] Total time for which application threads were stopped: 0.0007916 seconds, Stopping threads took: 0.0002641 seconds
[2022-06-13T03:07:19.244+0000][1][safepoint    ] Application time: 1.0001368 seconds
[2022-06-13T03:07:19.245+0000][1][safepoint    ] Entering safepoint region: Cleanup
[2022-06-13T03:07:19.245+0000][1][safepoint    ] Leaving safepoint region
[2022-06-13T03:07:19.246+0000][1][safepoint    ] Total time for which application threads were stopped: 0.0010927 seconds, Stopping threads took: 0.0005052 seconds
[2022-06-13T03:07:20.246+0000][1][safepoint    ] Application time: 1.0002158 seconds
[2022-06-13T03:07:20.247+0000][1][safepoint    ] Entering safepoint region: Cleanup
[2022-06-13T03:07:20.247+0000][1][safepoint    ] Leaving safepoint region
[2022-06-13T03:07:20.248+0000][1][safepoint    ] Total time for which application threads were stopped: 0.0009250 seconds, Stopping threads took: 0.0004406 seconds
[2022-06-13T03:07:21.248+0000][1][safepoint    ] Application time: 1.0001876 seconds
[2022-06-13T03:07:21.249+0000][1][safepoint    ] Entering safepoint region: Cleanup
[2022-06-13T03:07:21.249+0000][1][safepoint    ] Leaving safepoint region
[2022-06-13T03:07:21.250+0000][1][safepoint    ] Total time for which application threads were stopped: 0.0010452 seconds, Stopping threads took: 0.0004667 seconds
[2022-06-13T03:07:22.251+0000][1][safepoint    ] Application time: 1.0002211 seconds
[2022-06-13T03:07:22.251+0000][1][safepoint    ] Entering safepoint region: Cleanup
[2022-06-13T03:07:22.252+0000][1][safepoint    ] Leaving safepoint region
[2022-06-13T03:07:22.252+0000][1][safepoint    ] Total time for which application threads were stopped: 0.0012111 seconds, Stopping threads took: 0.0006196 seconds
[2022-06-13T03:07:23.253+0000][1][safepoint    ] Application time: 1.0003795 seconds
[2022-06-13T03:07:23.254+0000][1][safepoint    ] Entering safepoint region: Cleanup
[2022-06-13T03:07:23.255+0000][1][safepoint    ] Leaving safepoint region
[2022-06-13T03:07:23.255+0000][1][safepoint    ] Total time for which application threads were stopped: 0.0013788 seconds, Stopping threads took: 0.0005898 seconds
[2022-06-13T03:07:24.256+0000][1][safepoint    ] Application time: 1.0002178 seconds
[2022-06-13T03:07:24.257+0000][1][safepoint    ] Entering safepoint region: Cleanup
[2022-06-13T03:07:24.257+0000][1][safepoint    ] Leaving safepoint region
[2022-06-13T03:07:24.258+0000][1][safepoint    ] Total time for which application threads were stopped: 0.0009077 seconds, Stopping threads took: 0.0003901 seconds
[2022-06-13T03:07:25.258+0000][1][safepoint    ] Application time: 1.0002373 seconds
[2022-06-13T03:07:25.259+0000][1][safepoint    ] Entering safepoint region: Cleanup
[2022-06-13T03:07:25.259+0000][1][safepoint    ] Leaving safepoint region
[2022-06-13T03:07:25.259+0000][1][safepoint    ] Total time for which application threads were stopped: 0.0007282 seconds, Stopping threads took: 0.0003613 seconds
[2022-06-13T03:07:26.260+0000][1][safepoint    ] Application time: 1.0002272 seconds
[2022-06-13T03:07:26.261+0000][1][safepoint    ] Entering safepoint region: Cleanup
[2022-06-13T03:07:26.261+0000][1][safepoint    ] Leaving safepoint region
[2022-06-13T03:07:26.262+0000][1][safepoint    ] Total time for which application threads were stopped: 0.0014769 seconds, Stopping threads took: 0.0006999 seconds
[2022-06-13T03:07:27.263+0000][1][safepoint    ] Application time: 1.0002360 seconds
[2022-06-13T03:07:27.264+0000][1][safepoint    ] Entering safepoint region: Cleanup
[2022-06-13T03:07:27.264+0000][1][safepoint    ] Leaving safepoint region
[2022-06-13T03:07:27.264+0000][1][safepoint    ] Total time for which application threads were stopped: 0.0008037 seconds, Stopping threads took: 0.0003723 seconds
[2022-06-13T03:07:28.265+0000][1][safepoint    ] Application time: 1.0001267 seconds
[2022-06-13T03:07:28.265+0000][1][safepoint    ] Entering safepoint region: Cleanup
[2022-06-13T03:07:28.266+0000][1][safepoint    ] Leaving safepoint region
[2022-06-13T03:07:28.266+0000][1][safepoint    ] Total time for which application threads were stopped: 0.0007784 seconds, Stopping threads took: 0.0003660 seconds
[2022-06-13T03:07:29.267+0000][1][safepoint    ] Application time: 1.0001213 seconds
[2022-06-13T03:07:29.267+0000][1][safepoint    ] Entering safepoint region: Cleanup
[2022-06-13T03:07:29.268+0000][1][safepoint    ] Leaving safepoint region
[2022-06-13T03:07:29.268+0000][1][safepoint    ] Total time for which application threads were stopped: 0.0006272 seconds, Stopping threads took: 0.0002548 seconds
[2022-06-13T03:07:30.268+0000][1][safepoint    ] Application time: 1.0001550 seconds
[2022-06-13T03:07:30.269+0000][1][safepoint    ] Entering safepoint region: Cleanup
[2022-06-13T03:07:30.269+0000][1][safepoint    ] Leaving safepoint region
[2022-06-13T03:07:30.270+0000][1][safepoint    ] Total time for which application threads were stopped: 0.0009915 seconds, Stopping threads took: 0.0004754 seconds
[2022-06-13T03:07:31.270+0000][1][safepoint    ] Application time: 1.0001934 seconds
[2022-06-13T03:07:31.271+0000][1][safepoint    ] Entering safepoint region: Cleanup
[2022-06-13T03:07:31.271+0000][1][safepoint    ] Leaving safepoint region
[2022-06-13T03:07:31.271+0000][1][safepoint    ] Total time for which application threads were stopped: 0.0005408 seconds, Stopping threads took: 0.0002214 seconds
[2022-06-13T03:07:32.272+0000][1][safepoint    ] Application time: 1.0003084 seconds
[2022-06-13T03:07:32.272+0000][1][safepoint    ] Entering safepoint region: Cleanup
[2022-06-13T03:07:32.273+0000][1][safepoint    ] Leaving safepoint region
[2022-06-13T03:07:32.273+0000][1][safepoint    ] Total time for which application threads were stopped: 0.0008903 seconds, Stopping threads took: 0.0004160 seconds
[2022-06-13T03:07:33.274+0000][1][safepoint    ] Application time: 1.0002438 seconds
[2022-06-13T03:07:33.275+0000][1][safepoint    ] Entering safepoint region: Cleanup
[2022-06-13T03:07:33.275+0000][1][safepoint    ] Leaving safepoint region
[2022-06-13T03:07:33.275+0000][1][safepoint    ] Total time for which application threads were stopped: 0.0006993 seconds, Stopping threads took: 0.0002769 seconds
[2022-06-13T03:07:34.276+0000][1][safepoint    ] Application time: 1.0002310 seconds
[2022-06-13T03:07:34.276+0000][1][safepoint    ] Entering safepoint region: Cleanup
[2022-06-13T03:07:34.277+0000][1][safepoint    ] Leaving safepoint region
[2022-06-13T03:07:34.278+0000][1][safepoint    ] Total time for which application threads were stopped: 0.0014492 seconds, Stopping threads took: 0.0007131 seconds
[2022-06-13T03:07:35.279+0000][1][safepoint    ] Application time: 1.0002612 seconds
[2022-06-13T03:07:35.279+0000][1][safepoint    ] Entering safepoint region: Cleanup
[2022-06-13T03:07:35.279+0000][1][safepoint    ] Leaving safepoint region
[2022-06-13T03:07:35.279+0000][1][safepoint    ] Total time for which application threads were stopped: 0.0004195 seconds, Stopping threads took: 0.0001401 seconds
[2022-06-13T03:07:36.280+0000][1][safepoint    ] Application time: 1.0001949 seconds
[2022-06-13T03:07:36.280+0000][1][safepoint    ] Entering safepoint region: Cleanup
[2022-06-13T03:07:36.281+0000][1][safepoint    ] Leaving safepoint region
[2022-06-13T03:07:36.281+0000][1][safepoint    ] Total time for which application threads were stopped: 0.0008230 seconds, Stopping threads took: 0.0003748 seconds
[2022-06-13T03:07:37.282+0000][1][safepoint    ] Application time: 1.0000808 seconds
[2022-06-13T03:07:37.282+0000][1][safepoint    ] Entering safepoint region: Cleanup
[2022-06-13T03:07:37.282+0000][1][safepoint    ] Leaving safepoint region
[2022-06-13T03:07:37.283+0000][1][safepoint    ] Total time for which application threads were stopped: 0.0006534 seconds, Stopping threads took: 0.0003370 seconds
[2022-06-13T03:07:39.153+0000][1][safepoint    ] Application time: 1.8699879 seconds
[2022-06-13T03:07:39.153+0000][1][safepoint    ] Entering safepoint region: Cleanup
[2022-06-13T03:07:39.154+0000][1][safepoint    ] Leaving safepoint region
[2022-06-13T03:07:39.154+0000][1][safepoint    ] Total time for which application threads were stopped: 0.0010008 seconds, Stopping threads took: 0.0005710 seconds
[2022-06-13T03:07:40.155+0000][1][safepoint    ] Application time: 1.0001884 seconds
[2022-06-13T03:07:40.156+0000][1][safepoint    ] Entering safepoint region: Cleanup
[2022-06-13T03:07:40.156+0000][1][safepoint    ] Leaving safepoint region
[2022-06-13T03:07:40.157+0000][1][safepoint    ] Total time for which application threads were stopped: 0.0009861 seconds, Stopping threads took: 0.0004905 seconds
[2022-06-13T03:07:41.157+0000][1][safepoint    ] Application time: 1.0001569 seconds
[2022-06-13T03:07:41.158+0000][1][safepoint    ] Entering safepoint region: Cleanup
[2022-06-13T03:07:41.158+0000][1][safepoint    ] Leaving safepoint region
[2022-06-13T03:07:41.159+0000][1][safepoint    ] Total time for which application threads were stopped: 0.0010260 seconds, Stopping threads took: 0.0003912 seconds
[2022-06-13T03:07:42.159+0000][1][safepoint    ] Application time: 1.0003309 seconds
[2022-06-13T03:07:42.160+0000][1][safepoint    ] Entering safepoint region: Cleanup
[2022-06-13T03:07:42.160+0000][1][safepoint    ] Leaving safepoint region
[2022-06-13T03:07:42.161+0000][1][safepoint    ] Total time for which application threads were stopped: 0.0007798 seconds, Stopping threads took: 0.0003102 seconds
[2022-06-13T03:07:43.161+0000][1][safepoint    ] Application time: 1.0001811 seconds
[2022-06-13T03:07:43.162+0000][1][safepoint    ] Entering safepoint region: Cleanup
[2022-06-13T03:07:43.162+0000][1][safepoint    ] Leaving safepoint region
[2022-06-13T03:07:43.163+0000][1][safepoint    ] Total time for which application threads were stopped: 0.0012066 seconds, Stopping threads took: 0.0005546 seconds
[2022-06-13T03:07:44.164+0000][1][safepoint    ] Application time: 1.0002212 seconds
[2022-06-13T03:07:44.164+0000][1][safepoint    ] Entering safepoint region: Cleanup
[2022-06-13T03:07:44.165+0000][1][safepoint    ] Leaving safepoint region
[2022-06-13T03:07:44.165+0000][1][safepoint    ] Total time for which application threads were stopped: 0.0006709 seconds, Stopping threads took: 0.0003867 seconds
[2022-06-13T03:07:45.166+0000][1][safepoint    ] Application time: 1.0004608 seconds
[2022-06-13T03:07:45.166+0000][1][safepoint    ] Entering safepoint region: Cleanup
[2022-06-13T03:07:45.167+0000][1][safepoint    ] Leaving safepoint region
[2022-06-13T03:07:45.168+0000][1][safepoint    ] Total time for which application threads were stopped: 0.0015556 seconds, Stopping threads took: 0.0007033 seconds
[2022-06-13T03:07:46.169+0000][1][safepoint    ] Application time: 1.0001735 seconds
[2022-06-13T03:07:46.169+0000][1][safepoint    ] Entering safepoint region: Cleanup
[2022-06-13T03:07:46.169+0000][1][safepoint    ] Leaving safepoint region
[2022-06-13T03:07:46.169+0000][1][safepoint    ] Total time for which application threads were stopped: 0.0003722 seconds, Stopping threads took: 0.0001637 seconds
[2022-06-13T03:07:47.170+0000][1][safepoint    ] Application time: 1.0001091 seconds
[2022-06-13T03:07:47.170+0000][1][safepoint    ] Entering safepoint region: Cleanup
[2022-06-13T03:07:47.170+0000][1][safepoint    ] Leaving safepoint region
[2022-06-13T03:07:47.171+0000][1][safepoint    ] Total time for which application threads were stopped: 0.0006624 seconds, Stopping threads took: 0.0003217 seconds
[2022-06-13T03:07:48.171+0000][1][safepoint    ] Application time: 1.0001106 seconds
[2022-06-13T03:07:48.172+0000][1][safepoint    ] Entering safepoint region: Cleanup
[2022-06-13T03:07:48.172+0000][1][safepoint    ] Leaving safepoint region
[2022-06-13T03:07:48.172+0000][1][safepoint    ] Total time for which application threads were stopped: 0.0005567 seconds, Stopping threads took: 0.0002512 seconds
[2022-06-13T03:07:49.173+0000][1][safepoint    ] Application time: 1.0002370 seconds
[2022-06-13T03:07:49.173+0000][1][safepoint    ] Entering safepoint region: Cleanup
[2022-06-13T03:07:49.173+0000][1][safepoint    ] Leaving safepoint region
[2022-06-13T03:07:49.173+0000][1][safepoint    ] Total time for which application threads were stopped: 0.0003972 seconds, Stopping threads took: 0.0002151 seconds
[2022-06-13T03:07:50.174+0000][1][safepoint    ] Application time: 1.0002007 seconds
[2022-06-13T03:07:50.174+0000][1][safepoint    ] Entering safepoint region: Cleanup
[2022-06-13T03:07:50.175+0000][1][safepoint    ] Leaving safepoint region
[2022-06-13T03:07:50.176+0000][1][safepoint    ] Total time for which application threads were stopped: 0.0011493 seconds, Stopping threads took: 0.0005775 seconds
[2022-06-13T03:07:51.176+0000][1][safepoint    ] Application time: 1.0001342 seconds
[2022-06-13T03:07:51.177+0000][1][safepoint    ] Entering safepoint region: Cleanup
[2022-06-13T03:07:51.177+0000][1][safepoint    ] Leaving safepoint region
[2022-06-13T03:07:51.177+0000][1][safepoint    ] Total time for which application threads were stopped: 0.0004344 seconds, Stopping threads took: 0.0002170 seconds
[2022-06-13T03:07:52.177+0000][1][safepoint    ] Application time: 1.0001855 seconds
[2022-06-13T03:07:52.178+0000][1][safepoint    ] Entering safepoint region: Cleanup
[2022-06-13T03:07:52.178+0000][1][safepoint    ] Leaving safepoint region
[2022-06-13T03:07:52.179+0000][1][safepoint    ] Total time for which application threads were stopped: 0.0007400 seconds, Stopping threads took: 0.0003420 seconds
[2022-06-13T03:07:53.179+0000][1][safepoint    ] Application time: 1.0001011 seconds
[2022-06-13T03:07:53.180+0000][1][safepoint    ] Entering safepoint region: Cleanup
[2022-06-13T03:07:53.180+0000][1][safepoint    ] Leaving safepoint region
[2022-06-13T03:07:53.180+0000][1][safepoint    ] Total time for which application threads were stopped: 0.0007331 seconds, Stopping threads took: 0.0002843 seconds
[2022-06-13T03:07:54.181+0000][1][safepoint    ] Application time: 1.0002261 seconds
[2022-06-13T03:07:54.181+0000][1][safepoint    ] Entering safepoint region: Cleanup
[2022-06-13T03:07:54.182+0000][1][safepoint    ] Leaving safepoint region
[2022-06-13T03:07:54.182+0000][1][safepoint    ] Total time for which application threads were stopped: 0.0008732 seconds, Stopping threads took: 0.0004139 seconds
[2022-06-13T03:07:55.183+0000][1][safepoint    ] Application time: 1.0001153 seconds
[2022-06-13T03:07:55.183+0000][1][safepoint    ] Entering safepoint region: Cleanup
[2022-06-13T03:07:55.184+0000][1][safepoint    ] Leaving safepoint region
[2022-06-13T03:07:55.184+0000][1][safepoint    ] Total time for which application threads were stopped: 0.0006747 seconds, Stopping threads took: 0.0003469 seconds
[2022-06-13T03:07:56.184+0000][1][safepoint    ] Application time: 1.0002036 seconds
[2022-06-13T03:07:56.185+0000][1][safepoint    ] Entering safepoint region: Cleanup
[2022-06-13T03:07:56.186+0000][1][safepoint    ] Leaving safepoint region
[2022-06-13T03:07:56.186+0000][1][safepoint    ] Total time for which application threads were stopped: 0.0008492 seconds, Stopping threads took: 0.0004164 seconds
[2022-06-13T03:07:57.186+0000][1][safepoint    ] Application time: 1.0001715 seconds
[2022-06-13T03:07:57.187+0000][1][safepoint    ] Entering safepoint region: Cleanup
[2022-06-13T03:07:57.187+0000][1][safepoint    ] Leaving safepoint region
[2022-06-13T03:07:57.187+0000][1][safepoint    ] Total time for which application threads were stopped: 0.0005558 seconds, Stopping threads took: 0.0002418 seconds
[2022-06-13T03:07:58.188+0000][1][safepoint    ] Application time: 1.0002374 seconds
[2022-06-13T03:07:58.188+0000][1][safepoint    ] Entering safepoint region: Cleanup
[2022-06-13T03:07:58.189+0000][1][safepoint    ] Leaving safepoint region
[2022-06-13T03:07:58.189+0000][1][safepoint    ] Total time for which application threads were stopped: 0.0007742 seconds, Stopping threads took: 0.0004132 seconds
[2022-06-13T03:07:59.190+0000][1][safepoint    ] Application time: 1.0001702 seconds
[2022-06-13T03:07:59.190+0000][1][safepoint    ] Entering safepoint region: Cleanup
[2022-06-13T03:07:59.191+0000][1][safepoint    ] Leaving safepoint region
[2022-06-13T03:07:59.191+0000][1][safepoint    ] Total time for which application threads were stopped: 0.0008526 seconds, Stopping threads took: 0.0004130 seconds
[2022-06-13T03:08:30.197+0000][1][safepoint    ] Application time: 31.0055742 seconds
[2022-06-13T03:08:30.198+0000][1][safepoint    ] Entering safepoint region: Cleanup
[2022-06-13T03:08:30.199+0000][1][safepoint    ] Leaving safepoint region
[2022-06-13T03:08:30.199+0000][1][safepoint    ] Total time for which application threads were stopped: 0.0011448 seconds, Stopping threads took: 0.0005780 seconds
[2022-06-13T03:08:40.201+0000][1][safepoint    ] Application time: 10.0016133 seconds
[2022-06-13T03:08:40.202+0000][1][safepoint    ] Entering safepoint region: Cleanup
[2022-06-13T03:08:40.202+0000][1][safepoint    ] Leaving safepoint region
[2022-06-13T03:08:40.203+0000][1][safepoint    ] Total time for which application threads were stopped: 0.0009854 seconds, Stopping threads took: 0.0003645 seconds
[2022-06-13T03:08:41.203+0000][1][safepoint    ] Application time: 1.0001988 seconds
[2022-06-13T03:08:41.203+0000][1][safepoint    ] Entering safepoint region: Cleanup
[2022-06-13T03:08:41.204+0000][1][safepoint    ] Leaving safepoint region
[2022-06-13T03:08:41.204+0000][1][safepoint    ] Total time for which application threads were stopped: 0.0007749 seconds, Stopping threads took: 0.0003296 seconds
[2022-06-13T03:08:42.205+0000][1][safepoint    ] Application time: 1.0001713 seconds
[2022-06-13T03:08:42.205+0000][1][safepoint    ] Entering safepoint region: Cleanup
[2022-06-13T03:08:42.205+0000][1][safepoint    ] Leaving safepoint region
[2022-06-13T03:08:42.206+0000][1][safepoint    ] Total time for which application threads were stopped: 0.0006002 seconds, Stopping threads took: 0.0003061 seconds
[2022-06-13T03:08:43.206+0000][1][safepoint    ] Application time: 1.0001999 seconds
[2022-06-13T03:08:43.206+0000][1][safepoint    ] Entering safepoint region: Cleanup
[2022-06-13T03:08:43.207+0000][1][safepoint    ] Leaving safepoint region
[2022-06-13T03:08:43.207+0000][1][safepoint    ] Total time for which application threads were stopped: 0.0007120 seconds, Stopping threads took: 0.0003428 seconds
[2022-06-13T03:08:44.208+0000][1][safepoint    ] Application time: 1.0002559 seconds
[2022-06-13T03:08:44.209+0000][1][safepoint    ] Entering safepoint region: Cleanup
[2022-06-13T03:08:44.209+0000][1][safepoint    ] Leaving safepoint region
[2022-06-13T03:08:44.210+0000][1][safepoint    ] Total time for which application threads were stopped: 0.0014114 seconds, Stopping threads took: 0.0005968 seconds
[2022-06-13T03:08:45.211+0000][1][safepoint    ] Application time: 1.0002026 seconds
[2022-06-13T03:08:45.211+0000][1][safepoint    ] Entering safepoint region: Cleanup
[2022-06-13T03:08:45.211+0000][1][safepoint    ] Leaving safepoint region
[2022-06-13T03:08:45.212+0000][1][safepoint    ] Total time for which application threads were stopped: 0.0006797 seconds, Stopping threads took: 0.0003654 seconds
[2022-06-13T03:08:46.212+0000][1][safepoint    ] Application time: 1.0001017 seconds
[2022-06-13T03:08:46.212+0000][1][safepoint    ] Entering safepoint region: Cleanup
[2022-06-13T03:08:46.213+0000][1][safepoint    ] Leaving safepoint region
[2022-06-13T03:08:46.213+0000][1][safepoint    ] Total time for which application threads were stopped: 0.0005810 seconds, Stopping threads took: 0.0002743 seconds
[2022-06-13T03:08:47.213+0000][1][safepoint    ] Application time: 1.0001940 seconds
[2022-06-13T03:08:47.214+0000][1][safepoint    ] Entering safepoint region: Cleanup
[2022-06-13T03:08:47.214+0000][1][safepoint    ] Leaving safepoint region
[2022-06-13T03:08:47.215+0000][1][safepoint    ] Total time for which application threads were stopped: 0.0008410 seconds, Stopping threads took: 0.0004415 seconds
[2022-06-13T03:08:48.215+0000][1][safepoint    ] Application time: 1.0003026 seconds
[2022-06-13T03:08:48.216+0000][1][safepoint    ] Entering safepoint region: Cleanup
[2022-06-13T03:08:48.216+0000][1][safepoint    ] Leaving safepoint region
[2022-06-13T03:08:48.216+0000][1][safepoint    ] Total time for which application threads were stopped: 0.0006131 seconds, Stopping threads took: 0.0003091 seconds
[2022-06-13T03:08:49.217+0000][1][safepoint    ] Application time: 1.0002599 seconds
[2022-06-13T03:08:49.217+0000][1][safepoint    ] Entering safepoint region: Cleanup
[2022-06-13T03:08:49.218+0000][1][safepoint    ] Leaving safepoint region
[2022-06-13T03:08:49.218+0000][1][safepoint    ] Total time for which application threads were stopped: 0.0011335 seconds, Stopping threads took: 0.0004352 seconds
[2022-06-13T03:08:50.219+0000][1][safepoint    ] Application time: 1.0002346 seconds
[2022-06-13T03:08:50.220+0000][1][safepoint    ] Entering safepoint region: Cleanup
[2022-06-13T03:08:50.220+0000][1][safepoint    ] Leaving safepoint region
[2022-06-13T03:08:50.221+0000][1][safepoint    ] Total time for which application threads were stopped: 0.0008990 seconds, Stopping threads took: 0.0004199 seconds
[2022-06-13T03:08:51.221+0000][1][safepoint    ] Application time: 1.0001698 seconds
[2022-06-13T03:08:51.222+0000][1][safepoint    ] Entering safepoint region: Cleanup
[2022-06-13T03:08:51.222+0000][1][safepoint    ] Leaving safepoint region
[2022-06-13T03:08:51.222+0000][1][safepoint    ] Total time for which application threads were stopped: 0.0006855 seconds, Stopping threads took: 0.0003495 seconds
[2022-06-13T03:08:52.223+0000][1][safepoint    ] Application time: 1.0001754 seconds
[2022-06-13T03:08:52.223+0000][1][safepoint    ] Entering safepoint region: Cleanup
[2022-06-13T03:08:52.224+0000][1][safepoint    ] Leaving safepoint region
[2022-06-13T03:08:52.224+0000][1][safepoint    ] Total time for which application threads were stopped: 0.0006759 seconds, Stopping threads took: 0.0003216 seconds
[2022-06-13T03:08:53.192+0000][1][safepoint    ] Application time: 0.9681448 seconds
[2022-06-13T03:08:53.193+0000][1][safepoint    ] Entering safepoint region: GenCollectForAllocation
[2022-06-13T03:08:53.193+0000][1][gc,start     ] GC(27) Pause Young (Allocation Failure)
[2022-06-13T03:08:53.194+0000][1][gc,task      ] GC(27) Using 5 workers of 13 for evacuation
[2022-06-13T03:08:53.195+0000][1][gc,age       ] GC(27) Desired survivor size 4456448 bytes, new threshold 6 (max threshold 6)
[2022-06-13T03:08:53.196+0000][1][gc,age       ] GC(27) Age table with threshold 6 (max threshold 6)
[2022-06-13T03:08:53.196+0000][1][gc,age       ] GC(27) - age   1:      23968 bytes,      23968 total
[2022-06-13T03:08:53.197+0000][1][gc,age       ] GC(27) - age   2:      14408 bytes,      38376 total
[2022-06-13T03:08:53.197+0000][1][gc,age       ] GC(27) - age   3:      13824 bytes,      52200 total
[2022-06-13T03:08:53.197+0000][1][gc,age       ] GC(27) - age   4:      17032 bytes,      69232 total
[2022-06-13T03:08:53.197+0000][1][gc,age       ] GC(27) - age   5:      48696 bytes,     117928 total
[2022-06-13T03:08:53.198+0000][1][gc,age       ] GC(27) - age   6:     684080 bytes,     802008 total
[2022-06-13T03:08:53.198+0000][1][gc,heap      ] GC(27) ParNew: 70964K->1213K(78656K)
[2022-06-13T03:08:53.198+0000][1][gc,heap      ] GC(27) CMS: 67999K->67999K(174784K)
[2022-06-13T03:08:53.199+0000][1][gc,metaspace ] GC(27) Metaspace: 64326K->64326K(1107968K)
[2022-06-13T03:08:53.199+0000][1][gc           ] GC(27) Pause Young (Allocation Failure) 135M->67M(247M) 5.726ms
[2022-06-13T03:08:53.199+0000][1][gc,cpu       ] GC(27) User=0.00s Sys=0.01s Real=0.01s
[2022-06-13T03:08:53.200+0000][1][safepoint    ] Leaving safepoint region
[2022-06-13T03:08:53.200+0000][1][safepoint    ] Total time for which application threads were stopped: 0.0072688 seconds, Stopping threads took: 0.0003219 seconds
[2022-06-13T03:08:54.201+0000][1][safepoint    ] Application time: 1.0003720 seconds
[2022-06-13T03:08:54.201+0000][1][safepoint    ] Entering safepoint region: Cleanup
[2022-06-13T03:08:54.202+0000][1][safepoint    ] Leaving safepoint region
[2022-06-13T03:08:54.202+0000][1][safepoint    ] Total time for which application threads were stopped: 0.0007376 seconds, Stopping threads took: 0.0002463 seconds
[2022-06-13T03:08:55.203+0000][1][safepoint    ] Application time: 1.0002679 seconds
[2022-06-13T03:08:55.203+0000][1][safepoint    ] Entering safepoint region: Cleanup
[2022-06-13T03:08:55.203+0000][1][safepoint    ] Leaving safepoint region
[2022-06-13T03:08:55.204+0000][1][safepoint    ] Total time for which application threads were stopped: 0.0010067 seconds, Stopping threads took: 0.0004700 seconds
[2022-06-13T03:08:56.205+0000][1][safepoint    ] Application time: 1.0002105 seconds
[2022-06-13T03:08:56.205+0000][1][safepoint    ] Entering safepoint region: Cleanup
[2022-06-13T03:08:56.206+0000][1][safepoint    ] Leaving safepoint region
[2022-06-13T03:08:56.206+0000][1][safepoint    ] Total time for which application threads were stopped: 0.0007511 seconds, Stopping threads took: 0.0003753 seconds
[2022-06-13T03:08:57.206+0000][1][safepoint    ] Application time: 1.0002034 seconds
[2022-06-13T03:08:57.207+0000][1][safepoint    ] Entering safepoint region: Cleanup
[2022-06-13T03:08:57.207+0000][1][safepoint    ] Leaving safepoint region
[2022-06-13T03:08:57.208+0000][1][safepoint    ] Total time for which application threads were stopped: 0.0007347 seconds, Stopping threads took: 0.0003096 seconds
[2022-06-13T03:08:58.208+0000][1][safepoint    ] Application time: 1.0002343 seconds
[2022-06-13T03:08:58.209+0000][1][safepoint    ] Entering safepoint region: Cleanup
[2022-06-13T03:08:58.209+0000][1][safepoint    ] Leaving safepoint region
[2022-06-13T03:08:58.210+0000][1][safepoint    ] Total time for which application threads were stopped: 0.0007334 seconds, Stopping threads took: 0.0003767 seconds
[2022-06-13T03:08:59.210+0000][1][safepoint    ] Application time: 1.0001096 seconds
[2022-06-13T03:08:59.210+0000][1][safepoint    ] Entering safepoint region: Cleanup
[2022-06-13T03:08:59.211+0000][1][safepoint    ] Leaving safepoint region
[2022-06-13T03:08:59.211+0000][1][safepoint    ] Total time for which application threads were stopped: 0.0007076 seconds, Stopping threads took: 0.0002712 seconds
[2022-06-13T03:09:00.212+0000][1][safepoint    ] Application time: 1.0002353 seconds
[2022-06-13T03:09:00.213+0000][1][safepoint    ] Entering safepoint region: Cleanup
[2022-06-13T03:09:00.213+0000][1][safepoint    ] Leaving safepoint region
[2022-06-13T03:09:00.214+0000][1][safepoint    ] Total time for which application threads were stopped: 0.0012994 seconds, Stopping threads took: 0.0006063 seconds
[2022-06-13T03:09:01.215+0000][1][safepoint    ] Application time: 1.0002672 seconds
[2022-06-13T03:09:01.215+0000][1][safepoint    ] Entering safepoint region: Cleanup
[2022-06-13T03:09:01.216+0000][1][safepoint    ] Leaving safepoint region
[2022-06-13T03:09:01.216+0000][1][safepoint    ] Total time for which application threads were stopped: 0.0009458 seconds, Stopping threads took: 0.0004267 seconds
[2022-06-13T03:09:02.217+0000][1][safepoint    ] Application time: 1.0002707 seconds
[2022-06-13T03:09:02.218+0000][1][safepoint    ] Entering safepoint region: Cleanup
[2022-06-13T03:09:02.218+0000][1][safepoint    ] Leaving safepoint region
[2022-06-13T03:09:02.218+0000][1][safepoint    ] Total time for which application threads were stopped: 0.0008425 seconds, Stopping threads took: 0.0004032 seconds
[2022-06-13T03:09:03.219+0000][1][safepoint    ] Application time: 1.0001226 seconds
[2022-06-13T03:09:03.219+0000][1][safepoint    ] Entering safepoint region: Cleanup
[2022-06-13T03:09:03.220+0000][1][safepoint    ] Leaving safepoint region
[2022-06-13T03:09:03.220+0000][1][safepoint    ] Total time for which application threads were stopped: 0.0006412 seconds, Stopping threads took: 0.0002546 seconds
[2022-06-13T03:09:04.220+0000][1][safepoint    ] Application time: 1.0001821 seconds
[2022-06-13T03:09:04.221+0000][1][safepoint    ] Entering safepoint region: Cleanup
[2022-06-13T03:09:04.222+0000][1][safepoint    ] Leaving safepoint region
[2022-06-13T03:09:04.222+0000][1][safepoint    ] Total time for which application threads were stopped: 0.0006884 seconds, Stopping threads took: 0.0003502 seconds
[2022-06-13T03:09:05.222+0000][1][safepoint    ] Application time: 1.0001583 seconds
[2022-06-13T03:09:05.223+0000][1][safepoint    ] Entering safepoint region: Cleanup
[2022-06-13T03:09:05.223+0000][1][safepoint    ] Leaving safepoint region
[2022-06-13T03:09:05.223+0000][1][safepoint    ] Total time for which application threads were stopped: 0.0007008 seconds, Stopping threads took: 0.0003489 seconds
[2022-06-13T03:09:06.224+0000][1][safepoint    ] Application time: 1.0003117 seconds
[2022-06-13T03:09:06.224+0000][1][safepoint    ] Entering safepoint region: Cleanup
[2022-06-13T03:09:06.225+0000][1][safepoint    ] Leaving safepoint region
[2022-06-13T03:09:06.225+0000][1][safepoint    ] Total time for which application threads were stopped: 0.0009530 seconds, Stopping threads took: 0.0004785 seconds
[2022-06-13T03:09:07.226+0000][1][safepoint    ] Application time: 1.0002887 seconds
[2022-06-13T03:09:07.227+0000][1][safepoint    ] Entering safepoint region: Cleanup
[2022-06-13T03:09:07.228+0000][1][safepoint    ] Leaving safepoint region
[2022-06-13T03:09:07.228+0000][1][safepoint    ] Total time for which application threads were stopped: 0.0014249 seconds, Stopping threads took: 0.0006559 seconds
[2022-06-13T03:09:08.229+0000][1][safepoint    ] Application time: 1.0003434 seconds
[2022-06-13T03:09:08.230+0000][1][safepoint    ] Entering safepoint region: Cleanup
[2022-06-13T03:09:08.230+0000][1][safepoint    ] Leaving safepoint region
[2022-06-13T03:09:08.230+0000][1][safepoint    ] Total time for which application threads were stopped: 0.0003940 seconds, Stopping threads took: 0.0001653 seconds
[2022-06-13T03:09:09.231+0000][1][safepoint    ] Application time: 1.0003201 seconds
[2022-06-13T03:09:09.232+0000][1][safepoint    ] Entering safepoint region: Cleanup
[2022-06-13T03:09:09.232+0000][1][safepoint    ] Leaving safepoint region
[2022-06-13T03:09:09.232+0000][1][safepoint    ] Total time for which application threads were stopped: 0.0009183 seconds, Stopping threads took: 0.0004313 seconds
[2022-06-13T03:09:10.233+0000][1][safepoint    ] Application time: 1.0001032 seconds
[2022-06-13T03:09:10.233+0000][1][safepoint    ] Entering safepoint region: Cleanup
[2022-06-13T03:09:10.234+0000][1][safepoint    ] Leaving safepoint region
[2022-06-13T03:09:10.234+0000][1][safepoint    ] Total time for which application threads were stopped: 0.0005057 seconds, Stopping threads took: 0.0002436 seconds
[2022-06-13T03:09:11.234+0000][1][safepoint    ] Application time: 1.0001548 seconds
[2022-06-13T03:09:11.235+0000][1][safepoint    ] Entering safepoint region: Cleanup
[2022-06-13T03:09:11.235+0000][1][safepoint    ] Leaving safepoint region
[2022-06-13T03:09:11.235+0000][1][safepoint    ] Total time for which application threads were stopped: 0.0007818 seconds, Stopping threads took: 0.0002717 seconds
[2022-06-13T03:09:12.236+0000][1][safepoint    ] Application time: 1.0001517 seconds
[2022-06-13T03:09:12.236+0000][1][safepoint    ] Entering safepoint region: Cleanup
[2022-06-13T03:09:12.237+0000][1][safepoint    ] Leaving safepoint region
[2022-06-13T03:09:12.237+0000][1][safepoint    ] Total time for which application threads were stopped: 0.0010015 seconds, Stopping threads took: 0.0004850 seconds
[2022-06-13T03:09:13.238+0000][1][safepoint    ] Application time: 1.0002318 seconds
[2022-06-13T03:09:13.239+0000][1][safepoint    ] Entering safepoint region: Cleanup
[2022-06-13T03:09:13.239+0000][1][safepoint    ] Leaving safepoint region
[2022-06-13T03:09:13.240+0000][1][safepoint    ] Total time for which application threads were stopped: 0.0011429 seconds, Stopping threads took: 0.0005614 seconds
[2022-06-13T03:09:14.241+0000][1][safepoint    ] Application time: 1.0002605 seconds
[2022-06-13T03:09:14.241+0000][1][safepoint    ] Entering safepoint region: Cleanup
[2022-06-13T03:09:14.242+0000][1][safepoint    ] Leaving safepoint region
[2022-06-13T03:09:14.242+0000][1][safepoint    ] Total time for which application threads were stopped: 0.0007427 seconds, Stopping threads took: 0.0003937 seconds
[2022-06-13T03:09:15.243+0000][1][safepoint    ] Application time: 1.0002425 seconds
[2022-06-13T03:09:15.243+0000][1][safepoint    ] Entering safepoint region: Cleanup
[2022-06-13T03:09:15.243+0000][1][safepoint    ] Leaving safepoint region
[2022-06-13T03:09:15.244+0000][1][safepoint    ] Total time for which application threads were stopped: 0.0008276 seconds, Stopping threads took: 0.0003845 seconds
[2022-06-13T03:09:16.244+0000][1][safepoint    ] Application time: 1.0002037 seconds
[2022-06-13T03:09:16.245+0000][1][safepoint    ] Entering safepoint region: Cleanup
[2022-06-13T03:09:16.245+0000][1][safepoint    ] Leaving safepoint region
[2022-06-13T03:09:16.245+0000][1][safepoint    ] Total time for which application threads were stopped: 0.0006475 seconds, Stopping threads took: 0.0002819 seconds
[2022-06-13T03:09:17.246+0000][1][safepoint    ] Application time: 1.0001974 seconds
[2022-06-13T03:09:17.246+0000][1][safepoint    ] Entering safepoint region: Cleanup
[2022-06-13T03:09:17.247+0000][1][safepoint    ] Leaving safepoint region
[2022-06-13T03:09:17.247+0000][1][safepoint    ] Total time for which application threads were stopped: 0.0008065 seconds, Stopping threads took: 0.0003578 seconds
[2022-06-13T03:09:18.248+0000][1][safepoint    ] Application time: 1.0001300 seconds
[2022-06-13T03:09:18.248+0000][1][safepoint    ] Entering safepoint region: Cleanup
[2022-06-13T03:09:18.249+0000][1][safepoint    ] Leaving safepoint region
[2022-06-13T03:09:18.250+0000][1][safepoint    ] Total time for which application threads were stopped: 0.0012189 seconds, Stopping threads took: 0.0004270 seconds
[2022-06-13T03:09:19.250+0000][1][safepoint    ] Application time: 1.0001533 seconds
[2022-06-13T03:09:19.251+0000][1][safepoint    ] Entering safepoint region: Cleanup
[2022-06-13T03:09:19.251+0000][1][safepoint    ] Leaving safepoint region
[2022-06-13T03:09:19.251+0000][1][safepoint    ] Total time for which application threads were stopped: 0.0005245 seconds, Stopping threads took: 0.0002323 seconds
[2022-06-13T03:09:20.252+0000][1][safepoint    ] Application time: 1.0003062 seconds
[2022-06-13T03:09:20.252+0000][1][safepoint    ] Entering safepoint region: Cleanup
[2022-06-13T03:09:20.253+0000][1][safepoint    ] Leaving safepoint region
[2022-06-13T03:09:20.253+0000][1][safepoint    ] Total time for which application threads were stopped: 0.0009893 seconds, Stopping threads took: 0.0004522 seconds
[2022-06-13T03:09:21.254+0000][1][safepoint    ] Application time: 1.0001390 seconds
[2022-06-13T03:09:21.255+0000][1][safepoint    ] Entering safepoint region: Cleanup
[2022-06-13T03:09:21.255+0000][1][safepoint    ] Leaving safepoint region
[2022-06-13T03:09:21.256+0000][1][safepoint    ] Total time for which application threads were stopped: 0.0012636 seconds, Stopping threads took: 0.0005316 seconds
[2022-06-13T03:09:22.257+0000][1][safepoint    ] Application time: 1.0002667 seconds
[2022-06-13T03:09:22.257+0000][1][safepoint    ] Entering safepoint region: Cleanup
[2022-06-13T03:09:22.257+0000][1][safepoint    ] Leaving safepoint region
[2022-06-13T03:09:22.258+0000][1][safepoint    ] Total time for which application threads were stopped: 0.0006366 seconds, Stopping threads took: 0.0002289 seconds
[2022-06-13T03:09:23.258+0000][1][safepoint    ] Application time: 1.0002259 seconds
[2022-06-13T03:09:23.259+0000][1][safepoint    ] Entering safepoint region: Cleanup
[2022-06-13T03:09:23.260+0000][1][safepoint    ] Leaving safepoint region
[2022-06-13T03:09:23.260+0000][1][safepoint    ] Total time for which application threads were stopped: 0.0008415 seconds, Stopping threads took: 0.0004513 seconds
[2022-06-13T03:09:24.260+0000][1][safepoint    ] Application time: 1.0001626 seconds
[2022-06-13T03:09:24.261+0000][1][safepoint    ] Entering safepoint region: Cleanup
[2022-06-13T03:09:24.261+0000][1][safepoint    ] Leaving safepoint region
[2022-06-13T03:09:24.262+0000][1][safepoint    ] Total time for which application threads were stopped: 0.0008942 seconds, Stopping threads took: 0.0003636 seconds
[2022-06-13T03:09:25.262+0000][1][safepoint    ] Application time: 1.0002504 seconds
[2022-06-13T03:09:25.263+0000][1][safepoint    ] Entering safepoint region: Cleanup
[2022-06-13T03:09:25.263+0000][1][safepoint    ] Leaving safepoint region
[2022-06-13T03:09:25.263+0000][1][safepoint    ] Total time for which application threads were stopped: 0.0008062 seconds, Stopping threads took: 0.0003401 seconds
[2022-06-13T03:09:26.264+0000][1][safepoint    ] Application time: 1.0001622 seconds
[2022-06-13T03:09:26.265+0000][1][safepoint    ] Entering safepoint region: Cleanup
[2022-06-13T03:09:26.265+0000][1][safepoint    ] Leaving safepoint region
[2022-06-13T03:09:26.265+0000][1][safepoint    ] Total time for which application threads were stopped: 0.0010151 seconds, Stopping threads took: 0.0003937 seconds
[2022-06-13T03:09:27.266+0000][1][safepoint    ] Application time: 1.0004330 seconds
[2022-06-13T03:09:27.267+0000][1][safepoint    ] Entering safepoint region: Cleanup
[2022-06-13T03:09:27.267+0000][1][safepoint    ] Leaving safepoint region
[2022-06-13T03:09:27.268+0000][1][safepoint    ] Total time for which application threads were stopped: 0.0009241 seconds, Stopping threads took: 0.0004559 seconds
[2022-06-13T03:09:28.268+0000][1][safepoint    ] Application time: 1.0001751 seconds
[2022-06-13T03:09:28.269+0000][1][safepoint    ] Entering safepoint region: Cleanup
[2022-06-13T03:09:28.269+0000][1][safepoint    ] Leaving safepoint region
[2022-06-13T03:09:28.270+0000][1][safepoint    ] Total time for which application threads were stopped: 0.0008951 seconds, Stopping threads took: 0.0004522 seconds
[2022-06-13T03:09:29.270+0000][1][safepoint    ] Application time: 1.0002367 seconds
[2022-06-13T03:09:29.271+0000][1][safepoint    ] Entering safepoint region: Cleanup
[2022-06-13T03:09:29.271+0000][1][safepoint    ] Leaving safepoint region
[2022-06-13T03:09:29.272+0000][1][safepoint    ] Total time for which application threads were stopped: 0.0010781 seconds, Stopping threads took: 0.0004215 seconds
[2022-06-13T03:09:30.214+0000][1][safepoint    ] Application time: 0.9414607 seconds
[2022-06-13T03:09:30.214+0000][1][safepoint    ] Entering safepoint region: RevokeBias
[2022-06-13T03:09:30.215+0000][1][safepoint    ] Leaving safepoint region
[2022-06-13T03:09:30.215+0000][1][safepoint    ] Total time for which application threads were stopped: 0.0010697 seconds, Stopping threads took: 0.0004670 seconds
[2022-06-13T03:09:31.216+0000][1][safepoint    ] Application time: 1.0002828 seconds
[2022-06-13T03:09:31.217+0000][1][safepoint    ] Entering safepoint region: Cleanup
[2022-06-13T03:09:31.217+0000][1][safepoint    ] Leaving safepoint region
[2022-06-13T03:09:31.217+0000][1][safepoint    ] Total time for which application threads were stopped: 0.0006857 seconds, Stopping threads took: 0.0003361 seconds
[2022-06-13T03:09:32.218+0000][1][safepoint    ] Application time: 1.0002504 seconds
[2022-06-13T03:09:32.218+0000][1][safepoint    ] Entering safepoint region: Cleanup
[2022-06-13T03:09:32.219+0000][1][safepoint    ] Leaving safepoint region
[2022-06-13T03:09:32.219+0000][1][safepoint    ] Total time for which application threads were stopped: 0.0009105 seconds, Stopping threads took: 0.0004756 seconds
[2022-06-13T03:09:33.220+0000][1][safepoint    ] Application time: 1.0002036 seconds
[2022-06-13T03:09:33.220+0000][1][safepoint    ] Entering safepoint region: Cleanup
[2022-06-13T03:09:33.221+0000][1][safepoint    ] Leaving safepoint region
[2022-06-13T03:09:33.221+0000][1][safepoint    ] Total time for which application threads were stopped: 0.0008258 seconds, Stopping threads took: 0.0003343 seconds
[2022-06-13T03:09:34.222+0000][1][safepoint    ] Application time: 1.0001374 seconds
[2022-06-13T03:09:34.222+0000][1][safepoint    ] Entering safepoint region: Cleanup
[2022-06-13T03:09:34.222+0000][1][safepoint    ] Leaving safepoint region
[2022-06-13T03:09:34.222+0000][1][safepoint    ] Total time for which application threads were stopped: 0.0006268 seconds, Stopping threads took: 0.0002645 seconds
[2022-06-13T03:09:35.223+0000][1][safepoint    ] Application time: 1.0002328 seconds
[2022-06-13T03:09:35.223+0000][1][safepoint    ] Entering safepoint region: Cleanup
[2022-06-13T03:09:35.224+0000][1][safepoint    ] Leaving safepoint region
[2022-06-13T03:09:35.224+0000][1][safepoint    ] Total time for which application threads were stopped: 0.0008716 seconds, Stopping threads took: 0.0004417 seconds
[2022-06-13T03:09:36.225+0000][1][safepoint    ] Application time: 1.0001185 seconds
[2022-06-13T03:09:36.225+0000][1][safepoint    ] Entering safepoint region: Cleanup
[2022-06-13T03:09:36.225+0000][1][safepoint    ] Leaving safepoint region
[2022-06-13T03:09:36.226+0000][1][safepoint    ] Total time for which application threads were stopped: 0.0005543 seconds, Stopping threads took: 0.0002565 seconds
[2022-06-13T03:09:37.226+0000][1][safepoint    ] Application time: 1.0001206 seconds
[2022-06-13T03:09:37.227+0000][1][safepoint    ] Entering safepoint region: Cleanup
[2022-06-13T03:09:37.227+0000][1][safepoint    ] Leaving safepoint region
[2022-06-13T03:09:37.227+0000][1][safepoint    ] Total time for which application threads were stopped: 0.0005707 seconds, Stopping threads took: 0.0002073 seconds
[2022-06-13T03:09:38.228+0000][1][safepoint    ] Application time: 1.0001186 seconds
[2022-06-13T03:09:38.228+0000][1][safepoint    ] Entering safepoint region: Cleanup
[2022-06-13T03:09:38.228+0000][1][safepoint    ] Leaving safepoint region
[2022-06-13T03:09:38.229+0000][1][safepoint    ] Total time for which application threads were stopped: 0.0005894 seconds, Stopping threads took: 0.0003574 seconds
[2022-06-13T03:09:39.229+0000][1][safepoint    ] Application time: 1.0001643 seconds
[2022-06-13T03:09:39.230+0000][1][safepoint    ] Entering safepoint region: Cleanup
[2022-06-13T03:09:39.230+0000][1][safepoint    ] Leaving safepoint region
[2022-06-13T03:09:39.230+0000][1][safepoint    ] Total time for which application threads were stopped: 0.0004773 seconds, Stopping threads took: 0.0001837 seconds
[2022-06-13T03:09:40.230+0000][1][safepoint    ] Application time: 1.0002364 seconds
[2022-06-13T03:09:40.231+0000][1][safepoint    ] Entering safepoint region: Cleanup
[2022-06-13T03:09:40.231+0000][1][safepoint    ] Leaving safepoint region
[2022-06-13T03:09:40.231+0000][1][safepoint    ] Total time for which application threads were stopped: 0.0006533 seconds, Stopping threads took: 0.0002512 seconds
[2022-06-13T03:09:41.232+0000][1][safepoint    ] Application time: 1.0002409 seconds
[2022-06-13T03:09:41.233+0000][1][safepoint    ] Entering safepoint region: Cleanup
[2022-06-13T03:09:41.233+0000][1][safepoint    ] Leaving safepoint region
[2022-06-13T03:09:41.233+0000][1][safepoint    ] Total time for which application threads were stopped: 0.0006079 seconds, Stopping threads took: 0.0002613 seconds
[2022-06-13T03:09:42.234+0000][1][safepoint    ] Application time: 1.0002760 seconds
[2022-06-13T03:09:42.234+0000][1][safepoint    ] Entering safepoint region: Cleanup
[2022-06-13T03:09:42.234+0000][1][safepoint    ] Leaving safepoint region
[2022-06-13T03:09:42.235+0000][1][safepoint    ] Total time for which application threads were stopped: 0.0006184 seconds, Stopping threads took: 0.0002403 seconds
[2022-06-13T03:09:43.235+0000][1][safepoint    ] Application time: 1.0001922 seconds
[2022-06-13T03:09:43.236+0000][1][safepoint    ] Entering safepoint region: Cleanup
[2022-06-13T03:09:43.236+0000][1][safepoint    ] Leaving safepoint region
[2022-06-13T03:09:43.236+0000][1][safepoint    ] Total time for which application threads were stopped: 0.0006791 seconds, Stopping threads took: 0.0002607 seconds
[2022-06-13T03:09:44.237+0000][1][safepoint    ] Application time: 1.0002323 seconds
[2022-06-13T03:09:44.237+0000][1][safepoint    ] Entering safepoint region: Cleanup
[2022-06-13T03:09:44.238+0000][1][safepoint    ] Leaving safepoint region
[2022-06-13T03:09:44.238+0000][1][safepoint    ] Total time for which application threads were stopped: 0.0007904 seconds, Stopping threads took: 0.0003688 seconds
[2022-06-13T03:09:45.239+0000][1][safepoint    ] Application time: 1.0001363 seconds
[2022-06-13T03:09:45.239+0000][1][safepoint    ] Entering safepoint region: Cleanup
[2022-06-13T03:09:45.240+0000][1][safepoint    ] Leaving safepoint region
[2022-06-13T03:09:45.240+0000][1][safepoint    ] Total time for which application threads were stopped: 0.0007943 seconds, Stopping threads took: 0.0003839 seconds
[2022-06-13T03:09:46.241+0000][1][safepoint    ] Application time: 1.0002821 seconds
[2022-06-13T03:09:46.241+0000][1][safepoint    ] Entering safepoint region: Cleanup
[2022-06-13T03:09:46.241+0000][1][safepoint    ] Leaving safepoint region
[2022-06-13T03:09:46.242+0000][1][safepoint    ] Total time for which application threads were stopped: 0.0008853 seconds, Stopping threads took: 0.0004180 seconds
[2022-06-13T03:09:47.243+0000][1][safepoint    ] Application time: 1.0003695 seconds
[2022-06-13T03:09:47.243+0000][1][safepoint    ] Entering safepoint region: Cleanup
[2022-06-13T03:09:47.244+0000][1][safepoint    ] Leaving safepoint region
[2022-06-13T03:09:47.245+0000][1][safepoint    ] Total time for which application threads were stopped: 0.0011406 seconds, Stopping threads took: 0.0004675 seconds
[2022-06-13T03:09:48.245+0000][1][safepoint    ] Application time: 1.0001681 seconds
[2022-06-13T03:09:48.246+0000][1][safepoint    ] Entering safepoint region: Cleanup
[2022-06-13T03:09:48.246+0000][1][safepoint    ] Leaving safepoint region
[2022-06-13T03:09:48.246+0000][1][safepoint    ] Total time for which application threads were stopped: 0.0007244 seconds, Stopping threads took: 0.0002418 seconds
[2022-06-13T03:09:49.247+0000][1][safepoint    ] Application time: 1.0003801 seconds
[2022-06-13T03:09:49.247+0000][1][safepoint    ] Entering safepoint region: Cleanup
[2022-06-13T03:09:49.248+0000][1][safepoint    ] Leaving safepoint region
[2022-06-13T03:09:49.248+0000][1][safepoint    ] Total time for which application threads were stopped: 0.0007354 seconds, Stopping threads took: 0.0002973 seconds
[2022-06-13T03:09:50.249+0000][1][safepoint    ] Application time: 1.0002036 seconds
[2022-06-13T03:09:50.249+0000][1][safepoint    ] Entering safepoint region: Cleanup
[2022-06-13T03:09:50.250+0000][1][safepoint    ] Leaving safepoint region
[2022-06-13T03:09:50.250+0000][1][safepoint    ] Total time for which application threads were stopped: 0.0007356 seconds, Stopping threads took: 0.0003758 seconds
[2022-06-13T03:09:51.260+0000][1][safepoint    ] Application time: 1.0099573 seconds
[2022-06-13T03:09:51.261+0000][1][safepoint    ] Entering safepoint region: Cleanup
[2022-06-13T03:09:51.261+0000][1][safepoint    ] Leaving safepoint region
[2022-06-13T03:09:51.261+0000][1][safepoint    ] Total time for which application threads were stopped: 0.0006705 seconds, Stopping threads took: 0.0003218 seconds
[2022-06-13T03:09:52.262+0000][1][safepoint    ] Application time: 1.0001903 seconds
[2022-06-13T03:09:52.262+0000][1][safepoint    ] Entering safepoint region: Cleanup
[2022-06-13T03:09:52.263+0000][1][safepoint    ] Leaving safepoint region
[2022-06-13T03:09:52.263+0000][1][safepoint    ] Total time for which application threads were stopped: 0.0008957 seconds, Stopping threads took: 0.0003774 seconds
[2022-06-13T03:09:53.264+0000][1][safepoint    ] Application time: 1.0001919 seconds
[2022-06-13T03:09:53.265+0000][1][safepoint    ] Entering safepoint region: Cleanup
[2022-06-13T03:09:53.265+0000][1][safepoint    ] Leaving safepoint region
[2022-06-13T03:09:53.266+0000][1][safepoint    ] Total time for which application threads were stopped: 0.0010415 seconds, Stopping threads took: 0.0004619 seconds
[2022-06-13T03:09:54.266+0000][1][safepoint    ] Application time: 1.0002963 seconds
[2022-06-13T03:09:54.267+0000][1][safepoint    ] Entering safepoint region: Cleanup
[2022-06-13T03:09:54.267+0000][1][safepoint    ] Leaving safepoint region
[2022-06-13T03:09:54.268+0000][1][safepoint    ] Total time for which application threads were stopped: 0.0013709 seconds, Stopping threads took: 0.0003858 seconds
[2022-06-13T03:09:55.269+0000][1][safepoint    ] Application time: 1.0002489 seconds
[2022-06-13T03:09:55.269+0000][1][safepoint    ] Entering safepoint region: Cleanup
[2022-06-13T03:09:55.269+0000][1][safepoint    ] Leaving safepoint region
[2022-06-13T03:09:55.270+0000][1][safepoint    ] Total time for which application threads were stopped: 0.0005674 seconds, Stopping threads took: 0.0002089 seconds
[2022-06-13T03:09:56.270+0000][1][safepoint    ] Application time: 1.0002918 seconds
[2022-06-13T03:09:56.271+0000][1][safepoint    ] Entering safepoint region: Cleanup
[2022-06-13T03:09:56.271+0000][1][safepoint    ] Leaving safepoint region
[2022-06-13T03:09:56.271+0000][1][safepoint    ] Total time for which application threads were stopped: 0.0006797 seconds, Stopping threads took: 0.0003294 seconds
[2022-06-13T03:09:57.272+0000][1][safepoint    ] Application time: 1.0002775 seconds
[2022-06-13T03:09:57.272+0000][1][safepoint    ] Entering safepoint region: Cleanup
[2022-06-13T03:09:57.273+0000][1][safepoint    ] Leaving safepoint region
[2022-06-13T03:09:57.273+0000][1][safepoint    ] Total time for which application threads were stopped: 0.0007681 seconds, Stopping threads took: 0.0003400 seconds
[2022-06-13T03:09:58.274+0000][1][safepoint    ] Application time: 1.0001757 seconds
[2022-06-13T03:09:58.274+0000][1][safepoint    ] Entering safepoint region: Cleanup
[2022-06-13T03:09:58.275+0000][1][safepoint    ] Leaving safepoint region
[2022-06-13T03:09:58.276+0000][1][safepoint    ] Total time for which application threads were stopped: 0.0014164 seconds, Stopping threads took: 0.0006760 seconds
[2022-06-13T03:09:59.277+0000][1][safepoint    ] Application time: 1.0003001 seconds
[2022-06-13T03:09:59.277+0000][1][safepoint    ] Entering safepoint region: Cleanup
[2022-06-13T03:09:59.278+0000][1][safepoint    ] Leaving safepoint region
[2022-06-13T03:09:59.278+0000][1][safepoint    ] Total time for which application threads were stopped: 0.0010699 seconds, Stopping threads took: 0.0004910 seconds
[2022-06-13T03:10:00.279+0000][1][safepoint    ] Application time: 1.0003252 seconds
[2022-06-13T03:10:00.280+0000][1][safepoint    ] Entering safepoint region: Cleanup
[2022-06-13T03:10:00.280+0000][1][safepoint    ] Leaving safepoint region
[2022-06-13T03:10:00.281+0000][1][safepoint    ] Total time for which application threads were stopped: 0.0010318 seconds, Stopping threads took: 0.0004614 seconds
[2022-06-13T03:10:01.281+0000][1][safepoint    ] Application time: 1.0002837 seconds
[2022-06-13T03:10:01.282+0000][1][safepoint    ] Entering safepoint region: Cleanup
[2022-06-13T03:10:01.282+0000][1][safepoint    ] Leaving safepoint region
[2022-06-13T03:10:01.282+0000][1][safepoint    ] Total time for which application threads were stopped: 0.0005764 seconds, Stopping threads took: 0.0002627 seconds
[2022-06-13T03:10:02.283+0000][1][safepoint    ] Application time: 1.0002482 seconds
[2022-06-13T03:10:02.283+0000][1][safepoint    ] Entering safepoint region: Cleanup
[2022-06-13T03:10:02.284+0000][1][safepoint    ] Leaving safepoint region
[2022-06-13T03:10:02.284+0000][1][safepoint    ] Total time for which application threads were stopped: 0.0010016 seconds, Stopping threads took: 0.0004713 seconds
[2022-06-13T03:10:03.285+0000][1][safepoint    ] Application time: 1.0002851 seconds
[2022-06-13T03:10:03.286+0000][1][safepoint    ] Entering safepoint region: Cleanup
[2022-06-13T03:10:03.286+0000][1][safepoint    ] Leaving safepoint region
[2022-06-13T03:10:03.287+0000][1][safepoint    ] Total time for which application threads were stopped: 0.0010593 seconds, Stopping threads took: 0.0004759 seconds
[2022-06-13T03:10:04.287+0000][1][safepoint    ] Application time: 1.0001479 seconds
[2022-06-13T03:10:04.287+0000][1][safepoint    ] Entering safepoint region: Cleanup
[2022-06-13T03:10:04.288+0000][1][safepoint    ] Leaving safepoint region
[2022-06-13T03:10:04.288+0000][1][safepoint    ] Total time for which application threads were stopped: 0.0005576 seconds, Stopping threads took: 0.0002564 seconds
[2022-06-13T03:10:05.288+0000][1][safepoint    ] Application time: 1.0002619 seconds
[2022-06-13T03:10:05.289+0000][1][safepoint    ] Entering safepoint region: Cleanup
[2022-06-13T03:10:05.290+0000][1][safepoint    ] Leaving safepoint region
[2022-06-13T03:10:05.290+0000][1][safepoint    ] Total time for which application threads were stopped: 0.0012532 seconds, Stopping threads took: 0.0005807 seconds
[2022-06-13T03:10:06.291+0000][1][safepoint    ] Application time: 1.0002046 seconds
[2022-06-13T03:10:06.292+0000][1][safepoint    ] Entering safepoint region: Cleanup
[2022-06-13T03:10:06.292+0000][1][safepoint    ] Leaving safepoint region
[2022-06-13T03:10:06.293+0000][1][safepoint    ] Total time for which application threads were stopped: 0.0012146 seconds, Stopping threads took: 0.0005677 seconds
[2022-06-13T03:10:07.294+0000][1][safepoint    ] Application time: 1.0002307 seconds
[2022-06-13T03:10:07.294+0000][1][safepoint    ] Entering safepoint region: Cleanup
[2022-06-13T03:10:07.295+0000][1][safepoint    ] Leaving safepoint region
[2022-06-13T03:10:07.295+0000][1][safepoint    ] Total time for which application threads were stopped: 0.0008007 seconds, Stopping threads took: 0.0003770 seconds
[2022-06-13T03:10:08.296+0000][1][safepoint    ] Application time: 1.0002470 seconds
[2022-06-13T03:10:08.296+0000][1][safepoint    ] Entering safepoint region: Cleanup
[2022-06-13T03:10:08.297+0000][1][safepoint    ] Leaving safepoint region
[2022-06-13T03:10:08.297+0000][1][safepoint    ] Total time for which application threads were stopped: 0.0008090 seconds, Stopping threads took: 0.0004471 seconds
[2022-06-13T03:10:09.298+0000][1][safepoint    ] Application time: 1.0002102 seconds
[2022-06-13T03:10:09.298+0000][1][safepoint    ] Entering safepoint region: Cleanup
[2022-06-13T03:10:09.299+0000][1][safepoint    ] Leaving safepoint region
[2022-06-13T03:10:09.299+0000][1][safepoint    ] Total time for which application threads were stopped: 0.0007827 seconds, Stopping threads took: 0.0003340 seconds
[2022-06-13T03:10:11.263+0000][1][safepoint    ] Application time: 1.9636680 seconds
[2022-06-13T03:10:11.264+0000][1][safepoint    ] Entering safepoint region: Cleanup
[2022-06-13T03:10:11.264+0000][1][safepoint    ] Leaving safepoint region
[2022-06-13T03:10:11.264+0000][1][safepoint    ] Total time for which application threads were stopped: 0.0007778 seconds, Stopping threads took: 0.0003367 seconds
[2022-06-13T03:10:12.265+0000][1][safepoint    ] Application time: 1.0001040 seconds
[2022-06-13T03:10:12.265+0000][1][safepoint    ] Entering safepoint region: Cleanup
[2022-06-13T03:10:12.265+0000][1][safepoint    ] Leaving safepoint region
[2022-06-13T03:10:12.265+0000][1][safepoint    ] Total time for which application threads were stopped: 0.0003385 seconds, Stopping threads took: 0.0001643 seconds
[2022-06-13T03:10:13.266+0000][1][safepoint    ] Application time: 1.0002272 seconds
[2022-06-13T03:10:13.267+0000][1][safepoint    ] Entering safepoint region: Cleanup
[2022-06-13T03:10:13.267+0000][1][safepoint    ] Leaving safepoint region
[2022-06-13T03:10:13.267+0000][1][safepoint    ] Total time for which application threads were stopped: 0.0009191 seconds, Stopping threads took: 0.0004330 seconds
[2022-06-13T03:10:14.268+0000][1][safepoint    ] Application time: 1.0002089 seconds
[2022-06-13T03:10:14.269+0000][1][safepoint    ] Entering safepoint region: Cleanup
[2022-06-13T03:10:14.269+0000][1][safepoint    ] Leaving safepoint region
[2022-06-13T03:10:14.269+0000][1][safepoint    ] Total time for which application threads were stopped: 0.0006511 seconds, Stopping threads took: 0.0003068 seconds
[2022-06-13T03:10:15.270+0000][1][safepoint    ] Application time: 1.0001275 seconds
[2022-06-13T03:10:15.270+0000][1][safepoint    ] Entering safepoint region: Cleanup
[2022-06-13T03:10:15.271+0000][1][safepoint    ] Leaving safepoint region
[2022-06-13T03:10:15.271+0000][1][safepoint    ] Total time for which application threads were stopped: 0.0009457 seconds, Stopping threads took: 0.0004437 seconds
[2022-06-13T03:10:16.272+0000][1][safepoint    ] Application time: 1.0002233 seconds
[2022-06-13T03:10:16.272+0000][1][safepoint    ] Entering safepoint region: Cleanup
[2022-06-13T03:10:16.273+0000][1][safepoint    ] Leaving safepoint region
[2022-06-13T03:10:16.274+0000][1][safepoint    ] Total time for which application threads were stopped: 0.0013276 seconds, Stopping threads took: 0.0005138 seconds
[2022-06-13T03:10:17.275+0000][1][safepoint    ] Application time: 1.0001827 seconds
[2022-06-13T03:10:17.275+0000][1][safepoint    ] Entering safepoint region: Cleanup
[2022-06-13T03:10:17.275+0000][1][safepoint    ] Leaving safepoint region
[2022-06-13T03:10:17.275+0000][1][safepoint    ] Total time for which application threads were stopped: 0.0003278 seconds, Stopping threads took: 0.0001176 seconds
[2022-06-13T03:10:18.275+0000][1][safepoint    ] Application time: 1.0001785 seconds
[2022-06-13T03:10:18.276+0000][1][safepoint    ] Entering safepoint region: Cleanup
[2022-06-13T03:10:18.277+0000][1][safepoint    ] Leaving safepoint region
[2022-06-13T03:10:18.277+0000][1][safepoint    ] Total time for which application threads were stopped: 0.0009165 seconds, Stopping threads took: 0.0004416 seconds
[2022-06-13T03:10:19.278+0000][1][safepoint    ] Application time: 1.0002737 seconds
[2022-06-13T03:10:19.278+0000][1][safepoint    ] Entering safepoint region: Cleanup
[2022-06-13T03:10:19.279+0000][1][safepoint    ] Leaving safepoint region
[2022-06-13T03:10:19.279+0000][1][safepoint    ] Total time for which application threads were stopped: 0.0008908 seconds, Stopping threads took: 0.0004111 seconds
[2022-06-13T03:10:20.280+0000][1][safepoint    ] Application time: 1.0002243 seconds
[2022-06-13T03:10:20.280+0000][1][safepoint    ] Entering safepoint region: Cleanup
[2022-06-13T03:10:20.281+0000][1][safepoint    ] Leaving safepoint region
[2022-06-13T03:10:20.281+0000][1][safepoint    ] Total time for which application threads were stopped: 0.0006897 seconds, Stopping threads took: 0.0004186 seconds
[2022-06-13T03:10:21.281+0000][1][safepoint    ] Application time: 1.0001778 seconds
[2022-06-13T03:10:21.282+0000][1][safepoint    ] Entering safepoint region: Cleanup
[2022-06-13T03:10:21.283+0000][1][safepoint    ] Leaving safepoint region
[2022-06-13T03:10:21.283+0000][1][safepoint    ] Total time for which application threads were stopped: 0.0013158 seconds, Stopping threads took: 0.0006041 seconds
[2022-06-13T03:10:22.284+0000][1][safepoint    ] Application time: 1.0001108 seconds
[2022-06-13T03:10:22.284+0000][1][safepoint    ] Entering safepoint region: Cleanup
[2022-06-13T03:10:22.285+0000][1][safepoint    ] Leaving safepoint region
[2022-06-13T03:10:22.285+0000][1][safepoint    ] Total time for which application threads were stopped: 0.0005977 seconds, Stopping threads took: 0.0002077 seconds
[2022-06-13T03:10:23.285+0000][1][safepoint    ] Application time: 1.0002193 seconds
[2022-06-13T03:10:23.286+0000][1][safepoint    ] Entering safepoint region: Cleanup
[2022-06-13T03:10:23.287+0000][1][safepoint    ] Leaving safepoint region
[2022-06-13T03:10:23.287+0000][1][safepoint    ] Total time for which application threads were stopped: 0.0011444 seconds, Stopping threads took: 0.0005948 seconds
[2022-06-13T03:10:24.288+0000][1][safepoint    ] Application time: 1.0001619 seconds
[2022-06-13T03:10:24.288+0000][1][safepoint    ] Entering safepoint region: Cleanup
[2022-06-13T03:10:24.289+0000][1][safepoint    ] Leaving safepoint region
[2022-06-13T03:10:24.289+0000][1][safepoint    ] Total time for which application threads were stopped: 0.0010236 seconds, Stopping threads took: 0.0005077 seconds
[2022-06-13T03:10:25.289+0000][1][safepoint    ] Application time: 1.0001520 seconds
[2022-06-13T03:10:25.290+0000][1][safepoint    ] Entering safepoint region: Cleanup
[2022-06-13T03:10:25.290+0000][1][safepoint    ] Leaving safepoint region
[2022-06-13T03:10:25.291+0000][1][safepoint    ] Total time for which application threads were stopped: 0.0008270 seconds, Stopping threads took: 0.0003192 seconds
[2022-06-13T03:10:26.291+0000][1][safepoint    ] Application time: 1.0002058 seconds
[2022-06-13T03:10:26.292+0000][1][safepoint    ] Entering safepoint region: Cleanup
[2022-06-13T03:10:26.292+0000][1][safepoint    ] Leaving safepoint region
[2022-06-13T03:10:26.292+0000][1][safepoint    ] Total time for which application threads were stopped: 0.0005906 seconds, Stopping threads took: 0.0003130 seconds
[2022-06-13T03:10:27.293+0000][1][safepoint    ] Application time: 1.0002347 seconds
[2022-06-13T03:10:27.293+0000][1][safepoint    ] Entering safepoint region: Cleanup
[2022-06-13T03:10:27.293+0000][1][safepoint    ] Leaving safepoint region
[2022-06-13T03:10:27.294+0000][1][safepoint    ] Total time for which application threads were stopped: 0.0006775 seconds, Stopping threads took: 0.0002715 seconds
[2022-06-13T03:10:28.294+0000][1][safepoint    ] Application time: 1.0001787 seconds
[2022-06-13T03:10:28.294+0000][1][safepoint    ] Entering safepoint region: Cleanup
[2022-06-13T03:10:28.295+0000][1][safepoint    ] Leaving safepoint region
[2022-06-13T03:10:28.295+0000][1][safepoint    ] Total time for which application threads were stopped: 0.0008734 seconds, Stopping threads took: 0.0003786 seconds
[2022-06-13T03:10:29.296+0000][1][safepoint    ] Application time: 1.0002000 seconds
[2022-06-13T03:10:29.297+0000][1][safepoint    ] Entering safepoint region: Cleanup
[2022-06-13T03:10:29.297+0000][1][safepoint    ] Leaving safepoint region
[2022-06-13T03:10:29.298+0000][1][safepoint    ] Total time for which application threads were stopped: 0.0009971 seconds, Stopping threads took: 0.0005028 seconds
[2022-06-13T03:10:30.298+0000][1][safepoint    ] Application time: 1.0001804 seconds
[2022-06-13T03:10:30.299+0000][1][safepoint    ] Entering safepoint region: Cleanup
[2022-06-13T03:10:30.300+0000][1][safepoint    ] Leaving safepoint region
[2022-06-13T03:10:30.300+0000][1][safepoint    ] Total time for which application threads were stopped: 0.0011037 seconds, Stopping threads took: 0.0005939 seconds
[2022-06-13T03:10:31.301+0000][1][safepoint    ] Application time: 1.0001202 seconds
[2022-06-13T03:10:31.301+0000][1][safepoint    ] Entering safepoint region: Cleanup
[2022-06-13T03:10:31.302+0000][1][safepoint    ] Leaving safepoint region
[2022-06-13T03:10:31.302+0000][1][safepoint    ] Total time for which application threads were stopped: 0.0009601 seconds, Stopping threads took: 0.0003183 seconds
[2022-06-13T03:10:32.303+0000][1][safepoint    ] Application time: 1.0004096 seconds
[2022-06-13T03:10:32.304+0000][1][safepoint    ] Entering safepoint region: Cleanup
[2022-06-13T03:10:32.304+0000][1][safepoint    ] Leaving safepoint region
[2022-06-13T03:10:32.305+0000][1][safepoint    ] Total time for which application threads were stopped: 0.0013219 seconds, Stopping threads took: 0.0006184 seconds
[2022-06-13T03:10:33.306+0000][1][safepoint    ] Application time: 1.0001800 seconds
[2022-06-13T03:10:33.307+0000][1][safepoint    ] Entering safepoint region: Cleanup
[2022-06-13T03:10:33.307+0000][1][safepoint    ] Leaving safepoint region
[2022-06-13T03:10:33.307+0000][1][safepoint    ] Total time for which application threads were stopped: 0.0007102 seconds, Stopping threads took: 0.0003390 seconds
[2022-06-13T03:10:34.308+0000][1][safepoint    ] Application time: 1.0002338 seconds
[2022-06-13T03:10:34.308+0000][1][safepoint    ] Entering safepoint region: Cleanup
[2022-06-13T03:10:34.308+0000][1][safepoint    ] Leaving safepoint region
[2022-06-13T03:10:34.309+0000][1][safepoint    ] Total time for which application threads were stopped: 0.0007795 seconds, Stopping threads took: 0.0002275 seconds
[2022-06-13T03:10:35.309+0000][1][safepoint    ] Application time: 1.0002080 seconds
[2022-06-13T03:10:35.310+0000][1][safepoint    ] Entering safepoint region: Cleanup
[2022-06-13T03:10:35.310+0000][1][safepoint    ] Leaving safepoint region
[2022-06-13T03:10:35.310+0000][1][safepoint    ] Total time for which application threads were stopped: 0.0004503 seconds, Stopping threads took: 0.0001891 seconds
[2022-06-13T03:10:36.310+0000][1][safepoint    ] Application time: 1.0001601 seconds
[2022-06-13T03:10:36.311+0000][1][safepoint    ] Entering safepoint region: Cleanup
[2022-06-13T03:10:36.312+0000][1][safepoint    ] Leaving safepoint region
[2022-06-13T03:10:36.312+0000][1][safepoint    ] Total time for which application threads were stopped: 0.0010622 seconds, Stopping threads took: 0.0005195 seconds
[2022-06-13T03:10:37.313+0000][1][safepoint    ] Application time: 1.0002318 seconds
[2022-06-13T03:10:37.313+0000][1][safepoint    ] Entering safepoint region: Cleanup
[2022-06-13T03:10:37.314+0000][1][safepoint    ] Leaving safepoint region
[2022-06-13T03:10:37.314+0000][1][safepoint    ] Total time for which application threads were stopped: 0.0006224 seconds, Stopping threads took: 0.0002731 seconds
[2022-06-13T03:10:38.314+0000][1][safepoint    ] Application time: 1.0001900 seconds
[2022-06-13T03:10:38.315+0000][1][safepoint    ] Entering safepoint region: Cleanup
[2022-06-13T03:10:38.315+0000][1][safepoint    ] Leaving safepoint region
[2022-06-13T03:10:38.315+0000][1][safepoint    ] Total time for which application threads were stopped: 0.0009146 seconds, Stopping threads took: 0.0004547 seconds
[2022-06-13T03:10:39.316+0000][1][safepoint    ] Application time: 1.0001874 seconds
[2022-06-13T03:10:39.316+0000][1][safepoint    ] Entering safepoint region: Cleanup
[2022-06-13T03:10:39.317+0000][1][safepoint    ] Leaving safepoint region
[2022-06-13T03:10:39.317+0000][1][safepoint    ] Total time for which application threads were stopped: 0.0010259 seconds, Stopping threads took: 0.0004378 seconds
[2022-06-13T03:10:40.318+0000][1][safepoint    ] Application time: 1.0002358 seconds
[2022-06-13T03:10:40.319+0000][1][safepoint    ] Entering safepoint region: Cleanup
[2022-06-13T03:10:40.319+0000][1][safepoint    ] Leaving safepoint region
[2022-06-13T03:10:40.320+0000][1][safepoint    ] Total time for which application threads were stopped: 0.0012168 seconds, Stopping threads took: 0.0006137 seconds
[2022-06-13T03:10:41.320+0000][1][safepoint    ] Application time: 1.0003019 seconds
[2022-06-13T03:10:41.321+0000][1][safepoint    ] Entering safepoint region: Cleanup
[2022-06-13T03:10:41.321+0000][1][safepoint    ] Leaving safepoint region
[2022-06-13T03:10:41.322+0000][1][safepoint    ] Total time for which application threads were stopped: 0.0009136 seconds, Stopping threads took: 0.0004623 seconds
[2022-06-13T03:10:42.323+0000][1][safepoint    ] Application time: 1.0003540 seconds
[2022-06-13T03:10:42.323+0000][1][safepoint    ] Entering safepoint region: Cleanup
[2022-06-13T03:10:42.324+0000][1][safepoint    ] Leaving safepoint region
[2022-06-13T03:10:42.324+0000][1][safepoint    ] Total time for which application threads were stopped: 0.0008588 seconds, Stopping threads took: 0.0004706 seconds
[2022-06-13T03:10:43.325+0000][1][safepoint    ] Application time: 1.0002138 seconds
[2022-06-13T03:10:43.325+0000][1][safepoint    ] Entering safepoint region: Cleanup
[2022-06-13T03:10:43.326+0000][1][safepoint    ] Leaving safepoint region
[2022-06-13T03:10:43.327+0000][1][safepoint    ] Total time for which application threads were stopped: 0.0012612 seconds, Stopping threads took: 0.0006376 seconds
[2022-06-13T03:10:44.328+0000][1][safepoint    ] Application time: 1.0003013 seconds
[2022-06-13T03:10:44.328+0000][1][safepoint    ] Entering safepoint region: Cleanup
[2022-06-13T03:10:44.329+0000][1][safepoint    ] Leaving safepoint region
[2022-06-13T03:10:44.330+0000][1][safepoint    ] Total time for which application threads were stopped: 0.0012064 seconds, Stopping threads took: 0.0006354 seconds
[2022-06-13T03:10:45.330+0000][1][safepoint    ] Application time: 1.0002261 seconds
[2022-06-13T03:10:45.331+0000][1][safepoint    ] Entering safepoint region: Cleanup
[2022-06-13T03:10:45.332+0000][1][safepoint    ] Leaving safepoint region
[2022-06-13T03:10:45.332+0000][1][safepoint    ] Total time for which application threads were stopped: 0.0010123 seconds, Stopping threads took: 0.0004160 seconds
[2022-06-13T03:10:46.333+0000][1][safepoint    ] Application time: 1.0003124 seconds
[2022-06-13T03:10:46.334+0000][1][safepoint    ] Entering safepoint region: Cleanup
[2022-06-13T03:10:46.334+0000][1][safepoint    ] Leaving safepoint region
[2022-06-13T03:10:46.334+0000][1][safepoint    ] Total time for which application threads were stopped: 0.0009246 seconds, Stopping threads took: 0.0004118 seconds
[2022-06-13T03:10:47.335+0000][1][safepoint    ] Application time: 1.0002633 seconds
[2022-06-13T03:10:47.336+0000][1][safepoint    ] Entering safepoint region: Cleanup
[2022-06-13T03:10:47.336+0000][1][safepoint    ] Leaving safepoint region
[2022-06-13T03:10:47.337+0000][1][safepoint    ] Total time for which application threads were stopped: 0.0008899 seconds, Stopping threads took: 0.0003926 seconds
[2022-06-13T03:10:48.337+0000][1][safepoint    ] Application time: 1.0003194 seconds
[2022-06-13T03:10:48.338+0000][1][safepoint    ] Entering safepoint region: Cleanup
[2022-06-13T03:10:48.338+0000][1][safepoint    ] Leaving safepoint region
[2022-06-13T03:10:48.339+0000][1][safepoint    ] Total time for which application threads were stopped: 0.0009459 seconds, Stopping threads took: 0.0005568 seconds
[2022-06-13T03:10:49.339+0000][1][safepoint    ] Application time: 1.0003280 seconds
[2022-06-13T03:10:49.340+0000][1][safepoint    ] Entering safepoint region: Cleanup
[2022-06-13T03:10:49.341+0000][1][safepoint    ] Leaving safepoint region
[2022-06-13T03:10:49.341+0000][1][safepoint    ] Total time for which application threads were stopped: 0.0009794 seconds, Stopping threads took: 0.0004727 seconds
[2022-06-13T03:10:50.342+0000][1][safepoint    ] Application time: 1.0003256 seconds
[2022-06-13T03:10:50.342+0000][1][safepoint    ] Entering safepoint region: Cleanup
[2022-06-13T03:10:50.343+0000][1][safepoint    ] Leaving safepoint region
[2022-06-13T03:10:50.343+0000][1][safepoint    ] Total time for which application threads were stopped: 0.0009854 seconds, Stopping threads took: 0.0003978 seconds
[2022-06-13T03:10:51.344+0000][1][safepoint    ] Application time: 1.0001805 seconds
[2022-06-13T03:10:51.345+0000][1][safepoint    ] Entering safepoint region: Cleanup
[2022-06-13T03:10:51.346+0000][1][safepoint    ] Leaving safepoint region
[2022-06-13T03:10:51.346+0000][1][safepoint    ] Total time for which application threads were stopped: 0.0012237 seconds, Stopping threads took: 0.0006076 seconds
[2022-06-13T03:10:52.347+0000][1][safepoint    ] Application time: 1.0003013 seconds
[2022-06-13T03:10:52.347+0000][1][safepoint    ] Entering safepoint region: Cleanup
[2022-06-13T03:10:52.348+0000][1][safepoint    ] Leaving safepoint region
[2022-06-13T03:10:52.348+0000][1][safepoint    ] Total time for which application threads were stopped: 0.0009129 seconds, Stopping threads took: 0.0004069 seconds
[2022-06-13T03:10:53.349+0000][1][safepoint    ] Application time: 1.0001724 seconds
[2022-06-13T03:10:53.349+0000][1][safepoint    ] Entering safepoint region: Cleanup
[2022-06-13T03:10:53.349+0000][1][safepoint    ] Leaving safepoint region
[2022-06-13T03:10:53.349+0000][1][safepoint    ] Total time for which application threads were stopped: 0.0004727 seconds, Stopping threads took: 0.0002030 seconds
[2022-06-13T03:10:54.350+0000][1][safepoint    ] Application time: 1.0003341 seconds
[2022-06-13T03:10:54.350+0000][1][safepoint    ] Entering safepoint region: Cleanup
[2022-06-13T03:10:54.351+0000][1][safepoint    ] Leaving safepoint region
[2022-06-13T03:10:54.351+0000][1][safepoint    ] Total time for which application threads were stopped: 0.0007964 seconds, Stopping threads took: 0.0003769 seconds
[2022-06-13T03:10:55.351+0000][1][safepoint    ] Application time: 1.0001011 seconds
[2022-06-13T03:10:55.352+0000][1][safepoint    ] Entering safepoint region: Cleanup
[2022-06-13T03:10:55.352+0000][1][safepoint    ] Leaving safepoint region
[2022-06-13T03:10:55.352+0000][1][safepoint    ] Total time for which application threads were stopped: 0.0006210 seconds, Stopping threads took: 0.0002298 seconds
[2022-06-13T03:10:56.353+0000][1][safepoint    ] Application time: 1.0001725 seconds
[2022-06-13T03:10:56.353+0000][1][safepoint    ] Entering safepoint region: Cleanup
[2022-06-13T03:10:56.354+0000][1][safepoint    ] Leaving safepoint region
[2022-06-13T03:10:56.354+0000][1][safepoint    ] Total time for which application threads were stopped: 0.0007225 seconds, Stopping threads took: 0.0003881 seconds
[2022-06-13T03:10:57.354+0000][1][safepoint    ] Application time: 1.0001435 seconds
[2022-06-13T03:10:57.355+0000][1][safepoint    ] Entering safepoint region: Cleanup
[2022-06-13T03:10:57.356+0000][1][safepoint    ] Leaving safepoint region
[2022-06-13T03:10:57.356+0000][1][safepoint    ] Total time for which application threads were stopped: 0.0012181 seconds, Stopping threads took: 0.0008642 seconds
[2022-06-13T03:10:58.357+0000][1][safepoint    ] Application time: 1.0003372 seconds
[2022-06-13T03:10:58.358+0000][1][safepoint    ] Entering safepoint region: Cleanup
[2022-06-13T03:10:58.358+0000][1][safepoint    ] Leaving safepoint region
[2022-06-13T03:10:58.358+0000][1][safepoint    ] Total time for which application threads were stopped: 0.0006243 seconds, Stopping threads took: 0.0003286 seconds
[2022-06-13T03:10:59.358+0000][1][safepoint    ] Application time: 1.0001269 seconds
[2022-06-13T03:10:59.359+0000][1][safepoint    ] Entering safepoint region: Cleanup
[2022-06-13T03:10:59.359+0000][1][safepoint    ] Leaving safepoint region
[2022-06-13T03:10:59.359+0000][1][safepoint    ] Total time for which application threads were stopped: 0.0005522 seconds, Stopping threads took: 0.0003321 seconds
[2022-06-13T03:11:00.360+0000][1][safepoint    ] Application time: 1.0002251 seconds
[2022-06-13T03:11:00.360+0000][1][safepoint    ] Entering safepoint region: Cleanup
[2022-06-13T03:11:00.361+0000][1][safepoint    ] Leaving safepoint region
[2022-06-13T03:11:00.361+0000][1][safepoint    ] Total time for which application threads were stopped: 0.0007261 seconds, Stopping threads took: 0.0003059 seconds
[2022-06-13T03:11:01.361+0000][1][safepoint    ] Application time: 1.0002547 seconds
[2022-06-13T03:11:01.362+0000][1][safepoint    ] Entering safepoint region: Cleanup
[2022-06-13T03:11:01.363+0000][1][safepoint    ] Leaving safepoint region
[2022-06-13T03:11:01.363+0000][1][safepoint    ] Total time for which application threads were stopped: 0.0008298 seconds, Stopping threads took: 0.0004848 seconds
[2022-06-13T03:11:02.363+0000][1][safepoint    ] Application time: 1.0001949 seconds
[2022-06-13T03:11:02.364+0000][1][safepoint    ] Entering safepoint region: Cleanup
[2022-06-13T03:11:02.365+0000][1][safepoint    ] Leaving safepoint region
[2022-06-13T03:11:02.365+0000][1][safepoint    ] Total time for which application threads were stopped: 0.0011922 seconds, Stopping threads took: 0.0006240 seconds
[2022-06-13T03:11:03.366+0000][1][safepoint    ] Application time: 1.0001588 seconds
[2022-06-13T03:11:03.367+0000][1][safepoint    ] Entering safepoint region: Cleanup
[2022-06-13T03:11:03.367+0000][1][safepoint    ] Leaving safepoint region
[2022-06-13T03:11:03.367+0000][1][safepoint    ] Total time for which application threads were stopped: 0.0008317 seconds, Stopping threads took: 0.0003451 seconds
[2022-06-13T03:11:04.368+0000][1][safepoint    ] Application time: 1.0004497 seconds
[2022-06-13T03:11:04.369+0000][1][safepoint    ] Entering safepoint region: Cleanup
[2022-06-13T03:11:04.369+0000][1][safepoint    ] Leaving safepoint region
[2022-06-13T03:11:04.370+0000][1][safepoint    ] Total time for which application threads were stopped: 0.0008843 seconds, Stopping threads took: 0.0003989 seconds
[2022-06-13T03:11:05.370+0000][1][safepoint    ] Application time: 1.0001418 seconds
[2022-06-13T03:11:05.371+0000][1][safepoint    ] Entering safepoint region: Cleanup
[2022-06-13T03:11:05.371+0000][1][safepoint    ] Leaving safepoint region
[2022-06-13T03:11:05.371+0000][1][safepoint    ] Total time for which application threads were stopped: 0.0005101 seconds, Stopping threads took: 0.0002224 seconds
[2022-06-13T03:11:06.371+0000][1][safepoint    ] Application time: 1.0001327 seconds
[2022-06-13T03:11:06.372+0000][1][safepoint    ] Entering safepoint region: Cleanup
[2022-06-13T03:11:06.372+0000][1][safepoint    ] Leaving safepoint region
[2022-06-13T03:11:06.373+0000][1][safepoint    ] Total time for which application threads were stopped: 0.0008276 seconds, Stopping threads took: 0.0004289 seconds
[2022-06-13T03:11:07.373+0000][1][safepoint    ] Application time: 1.0001832 seconds
[2022-06-13T03:11:07.374+0000][1][safepoint    ] Entering safepoint region: Cleanup
[2022-06-13T03:11:07.374+0000][1][safepoint    ] Leaving safepoint region
[2022-06-13T03:11:07.375+0000][1][safepoint    ] Total time for which application threads were stopped: 0.0010178 seconds, Stopping threads took: 0.0004641 seconds
[2022-06-13T03:11:08.375+0000][1][safepoint    ] Application time: 1.0001485 seconds
[2022-06-13T03:11:08.376+0000][1][safepoint    ] Entering safepoint region: Cleanup
[2022-06-13T03:11:08.376+0000][1][safepoint    ] Leaving safepoint region
[2022-06-13T03:11:08.377+0000][1][safepoint    ] Total time for which application threads were stopped: 0.0007315 seconds, Stopping threads took: 0.0004114 seconds
[2022-06-13T03:11:09.377+0000][1][safepoint    ] Application time: 1.0001992 seconds
[2022-06-13T03:11:09.378+0000][1][safepoint    ] Entering safepoint region: Cleanup
[2022-06-13T03:11:09.378+0000][1][safepoint    ] Leaving safepoint region
[2022-06-13T03:11:09.379+0000][1][safepoint    ] Total time for which application threads were stopped: 0.0009650 seconds, Stopping threads took: 0.0004254 seconds
[2022-06-13T03:11:10.379+0000][1][safepoint    ] Application time: 1.0002490 seconds
[2022-06-13T03:11:10.380+0000][1][safepoint    ] Entering safepoint region: Cleanup
[2022-06-13T03:11:10.380+0000][1][safepoint    ] Leaving safepoint region
[2022-06-13T03:11:10.381+0000][1][safepoint    ] Total time for which application threads were stopped: 0.0007113 seconds, Stopping threads took: 0.0002860 seconds
[2022-06-13T03:11:11.381+0000][1][safepoint    ] Application time: 1.0002989 seconds
[2022-06-13T03:11:11.382+0000][1][safepoint    ] Entering safepoint region: Cleanup
[2022-06-13T03:11:11.382+0000][1][safepoint    ] Leaving safepoint region
[2022-06-13T03:11:11.383+0000][1][safepoint    ] Total time for which application threads were stopped: 0.0010732 seconds, Stopping threads took: 0.0004547 seconds
[2022-06-13T03:11:12.383+0000][1][safepoint    ] Application time: 1.0002042 seconds
[2022-06-13T03:11:12.384+0000][1][safepoint    ] Entering safepoint region: Cleanup
[2022-06-13T03:11:12.385+0000][1][safepoint    ] Leaving safepoint region
[2022-06-13T03:11:12.385+0000][1][safepoint    ] Total time for which application threads were stopped: 0.0009601 seconds, Stopping threads took: 0.0004215 seconds
[2022-06-13T03:11:13.386+0000][1][safepoint    ] Application time: 1.0002160 seconds
[2022-06-13T03:11:13.386+0000][1][safepoint    ] Entering safepoint region: Cleanup
[2022-06-13T03:11:13.386+0000][1][safepoint    ] Leaving safepoint region
[2022-06-13T03:11:13.387+0000][1][safepoint    ] Total time for which application threads were stopped: 0.0006945 seconds, Stopping threads took: 0.0003048 seconds
[2022-06-13T03:11:14.387+0000][1][safepoint    ] Application time: 1.0002327 seconds
[2022-06-13T03:11:14.388+0000][1][safepoint    ] Entering safepoint region: Cleanup
[2022-06-13T03:11:14.389+0000][1][safepoint    ] Leaving safepoint region
[2022-06-13T03:11:14.389+0000][1][safepoint    ] Total time for which application threads were stopped: 0.0010245 seconds, Stopping threads took: 0.0004784 seconds
[2022-06-13T03:11:15.390+0000][1][safepoint    ] Application time: 1.0002151 seconds
[2022-06-13T03:11:15.390+0000][1][safepoint    ] Entering safepoint region: Cleanup
[2022-06-13T03:11:15.391+0000][1][safepoint    ] Leaving safepoint region
[2022-06-13T03:11:15.391+0000][1][safepoint    ] Total time for which application threads were stopped: 0.0008425 seconds, Stopping threads took: 0.0003998 seconds
[2022-06-13T03:11:16.392+0000][1][safepoint    ] Application time: 1.0001732 seconds
[2022-06-13T03:11:16.392+0000][1][safepoint    ] Entering safepoint region: Cleanup
[2022-06-13T03:11:16.393+0000][1][safepoint    ] Leaving safepoint region
[2022-06-13T03:11:16.393+0000][1][safepoint    ] Total time for which application threads were stopped: 0.0011555 seconds, Stopping threads took: 0.0004384 seconds
[2022-06-13T03:11:17.394+0000][1][safepoint    ] Application time: 1.0002557 seconds
[2022-06-13T03:11:17.395+0000][1][safepoint    ] Entering safepoint region: Cleanup
[2022-06-13T03:11:17.395+0000][1][safepoint    ] Leaving safepoint region
[2022-06-13T03:11:17.396+0000][1][safepoint    ] Total time for which application threads were stopped: 0.0011442 seconds, Stopping threads took: 0.0005910 seconds
[2022-06-13T03:11:18.396+0000][1][safepoint    ] Application time: 1.0001718 seconds
[2022-06-13T03:11:18.397+0000][1][safepoint    ] Entering safepoint region: Cleanup
[2022-06-13T03:11:18.397+0000][1][safepoint    ] Leaving safepoint region
[2022-06-13T03:11:18.398+0000][1][safepoint    ] Total time for which application threads were stopped: 0.0006245 seconds, Stopping threads took: 0.0002617 seconds
[2022-06-13T03:11:19.398+0000][1][safepoint    ] Application time: 1.0001671 seconds
[2022-06-13T03:11:19.398+0000][1][safepoint    ] Entering safepoint region: Cleanup
[2022-06-13T03:11:19.398+0000][1][safepoint    ] Leaving safepoint region
[2022-06-13T03:11:19.399+0000][1][safepoint    ] Total time for which application threads were stopped: 0.0004921 seconds, Stopping threads took: 0.0002326 seconds
[2022-06-13T03:11:20.399+0000][1][safepoint    ] Application time: 1.0002028 seconds
[2022-06-13T03:11:20.400+0000][1][safepoint    ] Entering safepoint region: Cleanup
[2022-06-13T03:11:20.400+0000][1][safepoint    ] Leaving safepoint region
[2022-06-13T03:11:20.400+0000][1][safepoint    ] Total time for which application threads were stopped: 0.0008425 seconds, Stopping threads took: 0.0004131 seconds
[2022-06-13T03:11:21.401+0000][1][safepoint    ] Application time: 1.0002700 seconds
[2022-06-13T03:11:21.402+0000][1][safepoint    ] Entering safepoint region: Cleanup
[2022-06-13T03:11:21.402+0000][1][safepoint    ] Leaving safepoint region
[2022-06-13T03:11:21.403+0000][1][safepoint    ] Total time for which application threads were stopped: 0.0012978 seconds, Stopping threads took: 0.0005351 seconds
[2022-06-13T03:11:22.404+0000][1][safepoint    ] Application time: 1.0002096 seconds
[2022-06-13T03:11:22.404+0000][1][safepoint    ] Entering safepoint region: Cleanup
[2022-06-13T03:11:22.405+0000][1][safepoint    ] Leaving safepoint region
[2022-06-13T03:11:22.405+0000][1][safepoint    ] Total time for which application threads were stopped: 0.0006216 seconds, Stopping threads took: 0.0004085 seconds
[2022-06-13T03:11:23.405+0000][1][safepoint    ] Application time: 1.0002222 seconds
[2022-06-13T03:11:23.406+0000][1][safepoint    ] Entering safepoint region: Cleanup
[2022-06-13T03:11:23.406+0000][1][safepoint    ] Leaving safepoint region
[2022-06-13T03:11:23.407+0000][1][safepoint    ] Total time for which application threads were stopped: 0.0012010 seconds, Stopping threads took: 0.0004508 seconds
[2022-06-13T03:11:24.407+0000][1][safepoint    ] Application time: 1.0001244 seconds
[2022-06-13T03:11:24.408+0000][1][safepoint    ] Entering safepoint region: Cleanup
[2022-06-13T03:11:24.408+0000][1][safepoint    ] Leaving safepoint region
[2022-06-13T03:11:24.408+0000][1][safepoint    ] Total time for which application threads were stopped: 0.0006249 seconds, Stopping threads took: 0.0002855 seconds
[2022-06-13T03:11:25.409+0000][1][safepoint    ] Application time: 1.0003303 seconds
[2022-06-13T03:11:25.409+0000][1][safepoint    ] Entering safepoint region: Cleanup
[2022-06-13T03:11:25.410+0000][1][safepoint    ] Leaving safepoint region
[2022-06-13T03:11:25.410+0000][1][safepoint    ] Total time for which application threads were stopped: 0.0008411 seconds, Stopping threads took: 0.0003308 seconds
[2022-06-13T03:11:26.292+0000][1][safepoint    ] Application time: 0.8821398 seconds
[2022-06-13T03:11:26.293+0000][1][safepoint    ] Entering safepoint region: GenCollectForAllocation
[2022-06-13T03:11:26.294+0000][1][gc,start     ] GC(28) Pause Young (Allocation Failure)
[2022-06-13T03:11:26.294+0000][1][gc,task      ] GC(28) Using 5 workers of 13 for evacuation
[2022-06-13T03:11:26.298+0000][1][gc,age       ] GC(28) Desired survivor size 4456448 bytes, new threshold 6 (max threshold 6)
[2022-06-13T03:11:26.298+0000][1][gc,age       ] GC(28) Age table with threshold 6 (max threshold 6)
[2022-06-13T03:11:26.298+0000][1][gc,age       ] GC(28) - age   1:      27616 bytes,      27616 total
[2022-06-13T03:11:26.299+0000][1][gc,age       ] GC(28) - age   2:      13464 bytes,      41080 total
[2022-06-13T03:11:26.299+0000][1][gc,age       ] GC(28) - age   3:      14408 bytes,      55488 total
[2022-06-13T03:11:26.300+0000][1][gc,age       ] GC(28) - age   4:      13824 bytes,      69312 total
[2022-06-13T03:11:26.300+0000][1][gc,age       ] GC(28) - age   5:      17032 bytes,      86344 total
[2022-06-13T03:11:26.300+0000][1][gc,age       ] GC(28) - age   6:      48696 bytes,     135040 total
[2022-06-13T03:11:26.301+0000][1][gc,heap      ] GC(28) ParNew: 71165K->777K(78656K)
[2022-06-13T03:11:26.301+0000][1][gc,heap      ] GC(28) CMS: 67999K->68676K(174784K)
[2022-06-13T03:11:26.302+0000][1][gc,metaspace ] GC(28) Metaspace: 64331K->64331K(1107968K)
[2022-06-13T03:11:26.302+0000][1][gc           ] GC(28) Pause Young (Allocation Failure) 135M->67M(247M) 8.497ms
[2022-06-13T03:11:26.303+0000][1][gc,cpu       ] GC(28) User=0.00s Sys=0.01s Real=0.01s
[2022-06-13T03:11:26.303+0000][1][safepoint    ] Leaving safepoint region
[2022-06-13T03:11:26.304+0000][1][safepoint    ] Total time for which application threads were stopped: 0.0107786 seconds, Stopping threads took: 0.0007896 seconds
[2022-06-13T03:11:27.304+0000][1][safepoint    ] Application time: 1.0002726 seconds
[2022-06-13T03:11:27.305+0000][1][safepoint    ] Entering safepoint region: Cleanup
[2022-06-13T03:11:27.305+0000][1][safepoint    ] Leaving safepoint region
[2022-06-13T03:11:27.306+0000][1][safepoint    ] Total time for which application threads were stopped: 0.0008659 seconds, Stopping threads took: 0.0004313 seconds
[2022-06-13T03:11:28.306+0000][1][safepoint    ] Application time: 1.0003525 seconds
[2022-06-13T03:11:28.307+0000][1][safepoint    ] Entering safepoint region: Cleanup
[2022-06-13T03:11:28.307+0000][1][safepoint    ] Leaving safepoint region
[2022-06-13T03:11:28.308+0000][1][safepoint    ] Total time for which application threads were stopped: 0.0009662 seconds, Stopping threads took: 0.0005352 seconds
[2022-06-13T03:11:29.309+0000][1][safepoint    ] Application time: 1.0002542 seconds
[2022-06-13T03:11:29.309+0000][1][safepoint    ] Entering safepoint region: Cleanup
[2022-06-13T03:11:29.310+0000][1][safepoint    ] Leaving safepoint region
[2022-06-13T03:11:29.310+0000][1][safepoint    ] Total time for which application threads were stopped: 0.0006592 seconds, Stopping threads took: 0.0003714 seconds
[2022-06-13T03:11:30.310+0000][1][safepoint    ] Application time: 1.0001066 seconds
[2022-06-13T03:11:30.311+0000][1][safepoint    ] Entering safepoint region: Cleanup
[2022-06-13T03:11:30.312+0000][1][safepoint    ] Leaving safepoint region
[2022-06-13T03:11:30.312+0000][1][safepoint    ] Total time for which application threads were stopped: 0.0010085 seconds, Stopping threads took: 0.0004631 seconds
[2022-06-13T03:11:31.313+0000][1][safepoint    ] Application time: 1.0003572 seconds
[2022-06-13T03:11:31.313+0000][1][safepoint    ] Entering safepoint region: Cleanup
[2022-06-13T03:11:31.314+0000][1][safepoint    ] Leaving safepoint region
[2022-06-13T03:11:31.314+0000][1][safepoint    ] Total time for which application threads were stopped: 0.0008127 seconds, Stopping threads took: 0.0003786 seconds
[2022-06-13T03:11:32.315+0000][1][safepoint    ] Application time: 1.0001129 seconds
[2022-06-13T03:11:32.315+0000][1][safepoint    ] Entering safepoint region: Cleanup
[2022-06-13T03:11:32.316+0000][1][safepoint    ] Leaving safepoint region
[2022-06-13T03:11:32.316+0000][1][safepoint    ] Total time for which application threads were stopped: 0.0008842 seconds, Stopping threads took: 0.0004210 seconds
[2022-06-13T03:11:33.317+0000][1][safepoint    ] Application time: 1.0002520 seconds
[2022-06-13T03:11:33.317+0000][1][safepoint    ] Entering safepoint region: Cleanup
[2022-06-13T03:11:33.318+0000][1][safepoint    ] Leaving safepoint region
[2022-06-13T03:11:33.318+0000][1][safepoint    ] Total time for which application threads were stopped: 0.0010533 seconds, Stopping threads took: 0.0004878 seconds
[2022-06-13T03:11:34.319+0000][1][safepoint    ] Application time: 1.0001939 seconds
[2022-06-13T03:11:34.320+0000][1][safepoint    ] Entering safepoint region: Cleanup
[2022-06-13T03:11:34.320+0000][1][safepoint    ] Leaving safepoint region
[2022-06-13T03:11:34.321+0000][1][safepoint    ] Total time for which application threads were stopped: 0.0010558 seconds, Stopping threads took: 0.0004728 seconds
[2022-06-13T03:11:35.321+0000][1][safepoint    ] Application time: 1.0002428 seconds
[2022-06-13T03:11:35.322+0000][1][safepoint    ] Entering safepoint region: Cleanup
[2022-06-13T03:11:35.322+0000][1][safepoint    ] Leaving safepoint region
[2022-06-13T03:11:35.323+0000][1][safepoint    ] Total time for which application threads were stopped: 0.0010805 seconds, Stopping threads took: 0.0004558 seconds
[2022-06-13T03:11:36.323+0000][1][safepoint    ] Application time: 1.0002095 seconds
[2022-06-13T03:11:36.324+0000][1][safepoint    ] Entering safepoint region: Cleanup
[2022-06-13T03:11:36.325+0000][1][safepoint    ] Leaving safepoint region
[2022-06-13T03:11:36.325+0000][1][safepoint    ] Total time for which application threads were stopped: 0.0011682 seconds, Stopping threads took: 0.0005509 seconds
[2022-06-13T03:11:37.326+0000][1][safepoint    ] Application time: 1.0003097 seconds
[2022-06-13T03:11:37.326+0000][1][safepoint    ] Entering safepoint region: Cleanup
[2022-06-13T03:11:37.327+0000][1][safepoint    ] Leaving safepoint region
[2022-06-13T03:11:37.327+0000][1][safepoint    ] Total time for which application threads were stopped: 0.0006136 seconds, Stopping threads took: 0.0002725 seconds
[2022-06-13T03:11:38.327+0000][1][safepoint    ] Application time: 1.0001172 seconds
[2022-06-13T03:11:38.328+0000][1][safepoint    ] Entering safepoint region: Cleanup
[2022-06-13T03:11:38.328+0000][1][safepoint    ] Leaving safepoint region
[2022-06-13T03:11:38.328+0000][1][safepoint    ] Total time for which application threads were stopped: 0.0006444 seconds, Stopping threads took: 0.0002117 seconds
[2022-06-13T03:11:39.329+0000][1][safepoint    ] Application time: 1.0003049 seconds
[2022-06-13T03:11:39.329+0000][1][safepoint    ] Entering safepoint region: Cleanup
[2022-06-13T03:11:39.330+0000][1][safepoint    ] Leaving safepoint region
[2022-06-13T03:11:39.330+0000][1][safepoint    ] Total time for which application threads were stopped: 0.0008890 seconds, Stopping threads took: 0.0004175 seconds
[2022-06-13T03:11:40.331+0000][1][safepoint    ] Application time: 1.0002249 seconds
[2022-06-13T03:11:40.331+0000][1][safepoint    ] Entering safepoint region: Cleanup
[2022-06-13T03:11:40.332+0000][1][safepoint    ] Leaving safepoint region
[2022-06-13T03:11:40.332+0000][1][safepoint    ] Total time for which application threads were stopped: 0.0007269 seconds, Stopping threads took: 0.0003232 seconds
[2022-06-13T03:11:41.332+0000][1][safepoint    ] Application time: 1.0001120 seconds
[2022-06-13T03:11:41.333+0000][1][safepoint    ] Entering safepoint region: Cleanup
[2022-06-13T03:11:41.333+0000][1][safepoint    ] Leaving safepoint region
[2022-06-13T03:11:41.333+0000][1][safepoint    ] Total time for which application threads were stopped: 0.0007942 seconds, Stopping threads took: 0.0002637 seconds
[2022-06-13T03:11:42.334+0000][1][safepoint    ] Application time: 1.0001722 seconds
[2022-06-13T03:11:42.334+0000][1][safepoint    ] Entering safepoint region: Cleanup
[2022-06-13T03:11:42.335+0000][1][safepoint    ] Leaving safepoint region
[2022-06-13T03:11:42.335+0000][1][safepoint    ] Total time for which application threads were stopped: 0.0008923 seconds, Stopping threads took: 0.0004070 seconds
[2022-06-13T03:11:43.336+0000][1][safepoint    ] Application time: 1.0002118 seconds
[2022-06-13T03:11:43.336+0000][1][safepoint    ] Entering safepoint region: Cleanup
[2022-06-13T03:11:43.336+0000][1][safepoint    ] Leaving safepoint region
[2022-06-13T03:11:43.337+0000][1][safepoint    ] Total time for which application threads were stopped: 0.0003464 seconds, Stopping threads took: 0.0001497 seconds
[2022-06-13T03:11:44.337+0000][1][safepoint    ] Application time: 1.0002314 seconds
[2022-06-13T03:11:44.338+0000][1][safepoint    ] Entering safepoint region: Cleanup
[2022-06-13T03:11:44.338+0000][1][safepoint    ] Leaving safepoint region
[2022-06-13T03:11:44.339+0000][1][safepoint    ] Total time for which application threads were stopped: 0.0013724 seconds, Stopping threads took: 0.0006469 seconds
[2022-06-13T03:11:45.340+0000][1][safepoint    ] Application time: 1.0002923 seconds
[2022-06-13T03:11:45.340+0000][1][safepoint    ] Entering safepoint region: Cleanup
[2022-06-13T03:11:45.341+0000][1][safepoint    ] Leaving safepoint region
[2022-06-13T03:11:45.341+0000][1][safepoint    ] Total time for which application threads were stopped: 0.0007848 seconds, Stopping threads took: 0.0003813 seconds
[2022-06-13T03:11:46.342+0000][1][safepoint    ] Application time: 1.0002722 seconds
[2022-06-13T03:11:46.342+0000][1][safepoint    ] Entering safepoint region: Cleanup
[2022-06-13T03:11:46.343+0000][1][safepoint    ] Leaving safepoint region
[2022-06-13T03:11:46.343+0000][1][safepoint    ] Total time for which application threads were stopped: 0.0008983 seconds, Stopping threads took: 0.0004089 seconds
[2022-06-13T03:11:47.344+0000][1][safepoint    ] Application time: 1.0001846 seconds
[2022-06-13T03:11:47.344+0000][1][safepoint    ] Entering safepoint region: Cleanup
[2022-06-13T03:11:47.345+0000][1][safepoint    ] Leaving safepoint region
[2022-06-13T03:11:47.345+0000][1][safepoint    ] Total time for which application threads were stopped: 0.0007209 seconds, Stopping threads took: 0.0003414 seconds
[2022-06-13T03:11:48.346+0000][1][safepoint    ] Application time: 1.0001595 seconds
[2022-06-13T03:11:48.346+0000][1][safepoint    ] Entering safepoint region: Cleanup
[2022-06-13T03:11:48.347+0000][1][safepoint    ] Leaving safepoint region
[2022-06-13T03:11:48.347+0000][1][safepoint    ] Total time for which application threads were stopped: 0.0009018 seconds, Stopping threads took: 0.0004252 seconds
[2022-06-13T03:11:49.348+0000][1][safepoint    ] Application time: 1.0002292 seconds
[2022-06-13T03:11:49.348+0000][1][safepoint    ] Entering safepoint region: Cleanup
[2022-06-13T03:11:49.348+0000][1][safepoint    ] Leaving safepoint region
[2022-06-13T03:11:49.349+0000][1][safepoint    ] Total time for which application threads were stopped: 0.0005987 seconds, Stopping threads took: 0.0003006 seconds
[2022-06-13T03:11:50.349+0000][1][safepoint    ] Application time: 1.0002284 seconds
[2022-06-13T03:11:50.350+0000][1][safepoint    ] Entering safepoint region: Cleanup
[2022-06-13T03:11:50.350+0000][1][safepoint    ] Leaving safepoint region
[2022-06-13T03:11:50.350+0000][1][safepoint    ] Total time for which application threads were stopped: 0.0005476 seconds, Stopping threads took: 0.0002774 seconds
[2022-06-13T03:11:51.351+0000][1][safepoint    ] Application time: 1.0002058 seconds
[2022-06-13T03:11:51.351+0000][1][safepoint    ] Entering safepoint region: Cleanup
[2022-06-13T03:11:51.352+0000][1][safepoint    ] Leaving safepoint region
[2022-06-13T03:11:51.352+0000][1][safepoint    ] Total time for which application threads were stopped: 0.0009528 seconds, Stopping threads took: 0.0004711 seconds
[2022-06-13T03:11:52.353+0000][1][safepoint    ] Application time: 1.0001820 seconds
[2022-06-13T03:11:52.353+0000][1][safepoint    ] Entering safepoint region: Cleanup
[2022-06-13T03:11:52.354+0000][1][safepoint    ] Leaving safepoint region
[2022-06-13T03:11:52.354+0000][1][safepoint    ] Total time for which application threads were stopped: 0.0010005 seconds, Stopping threads took: 0.0004431 seconds
[2022-06-13T03:11:53.355+0000][1][safepoint    ] Application time: 1.0001070 seconds
[2022-06-13T03:11:53.355+0000][1][safepoint    ] Entering safepoint region: Cleanup
[2022-06-13T03:11:53.355+0000][1][safepoint    ] Leaving safepoint region
[2022-06-13T03:11:53.356+0000][1][safepoint    ] Total time for which application threads were stopped: 0.0005594 seconds, Stopping threads took: 0.0002231 seconds
[2022-06-13T03:11:54.356+0000][1][safepoint    ] Application time: 1.0001280 seconds
[2022-06-13T03:11:54.356+0000][1][safepoint    ] Entering safepoint region: Cleanup
[2022-06-13T03:11:54.357+0000][1][safepoint    ] Leaving safepoint region
[2022-06-13T03:11:54.357+0000][1][safepoint    ] Total time for which application threads were stopped: 0.0004670 seconds, Stopping threads took: 0.0001574 seconds
[2022-06-13T03:11:55.357+0000][1][safepoint    ] Application time: 1.0002160 seconds
[2022-06-13T03:11:55.358+0000][1][safepoint    ] Entering safepoint region: Cleanup
[2022-06-13T03:11:55.358+0000][1][safepoint    ] Leaving safepoint region
[2022-06-13T03:11:55.358+0000][1][safepoint    ] Total time for which application threads were stopped: 0.0007292 seconds, Stopping threads took: 0.0002758 seconds
[2022-06-13T03:11:56.359+0000][1][safepoint    ] Application time: 1.0002150 seconds
[2022-06-13T03:11:56.359+0000][1][safepoint    ] Entering safepoint region: Cleanup
[2022-06-13T03:11:56.359+0000][1][safepoint    ] Leaving safepoint region
[2022-06-13T03:11:56.360+0000][1][safepoint    ] Total time for which application threads were stopped: 0.0004138 seconds, Stopping threads took: 0.0002094 seconds
[2022-06-13T03:11:57.360+0000][1][safepoint    ] Application time: 1.0001447 seconds
[2022-06-13T03:11:57.360+0000][1][safepoint    ] Entering safepoint region: Cleanup
[2022-06-13T03:11:57.361+0000][1][safepoint    ] Leaving safepoint region
[2022-06-13T03:11:57.361+0000][1][safepoint    ] Total time for which application threads were stopped: 0.0003604 seconds, Stopping threads took: 0.0001614 seconds
[2022-06-13T03:11:58.361+0000][1][safepoint    ] Application time: 1.0001302 seconds
[2022-06-13T03:11:58.361+0000][1][safepoint    ] Entering safepoint region: Cleanup
[2022-06-13T03:11:58.362+0000][1][safepoint    ] Leaving safepoint region
[2022-06-13T03:11:58.362+0000][1][safepoint    ] Total time for which application threads were stopped: 0.0007020 seconds, Stopping threads took: 0.0003315 seconds
[2022-06-13T03:11:59.362+0000][1][safepoint    ] Application time: 1.0001099 seconds
[2022-06-13T03:11:59.363+0000][1][safepoint    ] Entering safepoint region: Cleanup
[2022-06-13T03:11:59.363+0000][1][safepoint    ] Leaving safepoint region
[2022-06-13T03:11:59.363+0000][1][safepoint    ] Total time for which application threads were stopped: 0.0006065 seconds, Stopping threads took: 0.0002632 seconds
[2022-06-13T03:12:00.364+0000][1][safepoint    ] Application time: 1.0002376 seconds
[2022-06-13T03:12:00.364+0000][1][safepoint    ] Entering safepoint region: Cleanup
[2022-06-13T03:12:00.365+0000][1][safepoint    ] Leaving safepoint region
[2022-06-13T03:12:00.365+0000][1][safepoint    ] Total time for which application threads were stopped: 0.0009013 seconds, Stopping threads took: 0.0003961 seconds
[2022-06-13T03:12:01.366+0000][1][safepoint    ] Application time: 1.0002187 seconds
[2022-06-13T03:12:01.366+0000][1][safepoint    ] Entering safepoint region: Cleanup
[2022-06-13T03:12:01.367+0000][1][safepoint    ] Leaving safepoint region
[2022-06-13T03:12:01.367+0000][1][safepoint    ] Total time for which application threads were stopped: 0.0008072 seconds, Stopping threads took: 0.0004201 seconds
[2022-06-13T03:12:02.368+0000][1][safepoint    ] Application time: 1.0002136 seconds
[2022-06-13T03:12:02.368+0000][1][safepoint    ] Entering safepoint region: Cleanup
[2022-06-13T03:12:02.368+0000][1][safepoint    ] Leaving safepoint region
[2022-06-13T03:12:02.369+0000][1][safepoint    ] Total time for which application threads were stopped: 0.0007495 seconds, Stopping threads took: 0.0003187 seconds
[2022-06-13T03:12:03.369+0000][1][safepoint    ] Application time: 1.0001878 seconds
[2022-06-13T03:12:03.370+0000][1][safepoint    ] Entering safepoint region: Cleanup
[2022-06-13T03:12:03.370+0000][1][safepoint    ] Leaving safepoint region
[2022-06-13T03:12:03.371+0000][1][safepoint    ] Total time for which application threads were stopped: 0.0011498 seconds, Stopping threads took: 0.0004750 seconds
[2022-06-13T03:12:04.372+0000][1][safepoint    ] Application time: 1.0001688 seconds
[2022-06-13T03:12:04.372+0000][1][safepoint    ] Entering safepoint region: Cleanup
[2022-06-13T03:12:04.372+0000][1][safepoint    ] Leaving safepoint region
[2022-06-13T03:12:04.372+0000][1][safepoint    ] Total time for which application threads were stopped: 0.0005121 seconds, Stopping threads took: 0.0002003 seconds
[2022-06-13T03:12:05.373+0000][1][safepoint    ] Application time: 1.0001788 seconds
[2022-06-13T03:12:05.373+0000][1][safepoint    ] Entering safepoint region: Cleanup
[2022-06-13T03:12:05.373+0000][1][safepoint    ] Leaving safepoint region
[2022-06-13T03:12:05.374+0000][1][safepoint    ] Total time for which application threads were stopped: 0.0007394 seconds, Stopping threads took: 0.0003460 seconds
[2022-06-13T03:12:06.374+0000][1][safepoint    ] Application time: 1.0000955 seconds
[2022-06-13T03:12:06.374+0000][1][safepoint    ] Entering safepoint region: Cleanup
[2022-06-13T03:12:06.374+0000][1][safepoint    ] Leaving safepoint region
[2022-06-13T03:12:06.375+0000][1][safepoint    ] Total time for which application threads were stopped: 0.0003222 seconds, Stopping threads took: 0.0001364 seconds
[2022-06-13T03:12:07.375+0000][1][safepoint    ] Application time: 1.0001425 seconds
[2022-06-13T03:12:07.375+0000][1][safepoint    ] Entering safepoint region: Cleanup
[2022-06-13T03:12:07.376+0000][1][safepoint    ] Leaving safepoint region
[2022-06-13T03:12:07.376+0000][1][safepoint    ] Total time for which application threads were stopped: 0.0006059 seconds, Stopping threads took: 0.0002585 seconds
[2022-06-13T03:12:08.376+0000][1][safepoint    ] Application time: 1.0001847 seconds
[2022-06-13T03:12:08.377+0000][1][safepoint    ] Entering safepoint region: Cleanup
[2022-06-13T03:12:08.378+0000][1][safepoint    ] Leaving safepoint region
[2022-06-13T03:12:08.378+0000][1][safepoint    ] Total time for which application threads were stopped: 0.0011427 seconds, Stopping threads took: 0.0004906 seconds
[2022-06-13T03:12:09.379+0000][1][safepoint    ] Application time: 1.0002128 seconds
[2022-06-13T03:12:09.379+0000][1][safepoint    ] Entering safepoint region: Cleanup
[2022-06-13T03:12:09.380+0000][1][safepoint    ] Leaving safepoint region
[2022-06-13T03:12:09.380+0000][1][safepoint    ] Total time for which application threads were stopped: 0.0007689 seconds, Stopping threads took: 0.0003491 seconds
[2022-06-13T03:12:10.381+0000][1][safepoint    ] Application time: 1.0002655 seconds
[2022-06-13T03:12:10.381+0000][1][safepoint    ] Entering safepoint region: Cleanup
[2022-06-13T03:12:10.382+0000][1][safepoint    ] Leaving safepoint region
[2022-06-13T03:12:10.383+0000][1][safepoint    ] Total time for which application threads were stopped: 0.0014111 seconds, Stopping threads took: 0.0006180 seconds
[2022-06-13T03:12:11.383+0000][1][safepoint    ] Application time: 1.0002020 seconds
[2022-06-13T03:12:11.384+0000][1][safepoint    ] Entering safepoint region: Cleanup
[2022-06-13T03:12:11.384+0000][1][safepoint    ] Leaving safepoint region
[2022-06-13T03:12:11.385+0000][1][safepoint    ] Total time for which application threads were stopped: 0.0007873 seconds, Stopping threads took: 0.0003414 seconds
[2022-06-13T03:12:12.385+0000][1][safepoint    ] Application time: 1.0002074 seconds
[2022-06-13T03:12:12.386+0000][1][safepoint    ] Entering safepoint region: Cleanup
[2022-06-13T03:12:12.386+0000][1][safepoint    ] Leaving safepoint region
[2022-06-13T03:12:12.386+0000][1][safepoint    ] Total time for which application threads were stopped: 0.0006412 seconds, Stopping threads took: 0.0003052 seconds
[2022-06-13T03:12:13.387+0000][1][safepoint    ] Application time: 1.0002244 seconds
[2022-06-13T03:12:13.387+0000][1][safepoint    ] Entering safepoint region: Cleanup
[2022-06-13T03:12:13.388+0000][1][safepoint    ] Leaving safepoint region
[2022-06-13T03:12:13.388+0000][1][safepoint    ] Total time for which application threads were stopped: 0.0007700 seconds, Stopping threads took: 0.0003195 seconds
[2022-06-13T03:12:14.389+0000][1][safepoint    ] Application time: 1.0002594 seconds
[2022-06-13T03:12:14.389+0000][1][safepoint    ] Entering safepoint region: Cleanup
[2022-06-13T03:12:14.390+0000][1][safepoint    ] Leaving safepoint region
[2022-06-13T03:12:14.390+0000][1][safepoint    ] Total time for which application threads were stopped: 0.0007680 seconds, Stopping threads took: 0.0004392 seconds
[2022-06-13T03:12:15.390+0000][1][safepoint    ] Application time: 1.0002150 seconds
[2022-06-13T03:12:15.391+0000][1][safepoint    ] Entering safepoint region: Cleanup
[2022-06-13T03:12:15.392+0000][1][safepoint    ] Leaving safepoint region
[2022-06-13T03:12:15.393+0000][1][safepoint    ] Total time for which application threads were stopped: 0.0013984 seconds, Stopping threads took: 0.0006439 seconds
[2022-06-13T03:12:16.393+0000][1][safepoint    ] Application time: 1.0002524 seconds
[2022-06-13T03:12:16.394+0000][1][safepoint    ] Entering safepoint region: Cleanup
[2022-06-13T03:12:16.394+0000][1][safepoint    ] Leaving safepoint region
[2022-06-13T03:12:16.395+0000][1][safepoint    ] Total time for which application threads were stopped: 0.0006718 seconds, Stopping threads took: 0.0003308 seconds
[2022-06-13T03:12:17.395+0000][1][safepoint    ] Application time: 1.0003298 seconds
[2022-06-13T03:12:17.396+0000][1][safepoint    ] Entering safepoint region: Cleanup
[2022-06-13T03:12:17.396+0000][1][safepoint    ] Leaving safepoint region
[2022-06-13T03:12:17.397+0000][1][safepoint    ] Total time for which application threads were stopped: 0.0009144 seconds, Stopping threads took: 0.0003843 seconds
[2022-06-13T03:12:18.397+0000][1][safepoint    ] Application time: 1.0001550 seconds
[2022-06-13T03:12:18.398+0000][1][safepoint    ] Entering safepoint region: Cleanup
[2022-06-13T03:12:18.398+0000][1][safepoint    ] Leaving safepoint region
[2022-06-13T03:12:18.398+0000][1][safepoint    ] Total time for which application threads were stopped: 0.0005619 seconds, Stopping threads took: 0.0002452 seconds
[2022-06-13T03:12:19.399+0000][1][safepoint    ] Application time: 1.0001376 seconds
[2022-06-13T03:12:19.399+0000][1][safepoint    ] Entering safepoint region: Cleanup
[2022-06-13T03:12:19.399+0000][1][safepoint    ] Leaving safepoint region
[2022-06-13T03:12:19.400+0000][1][safepoint    ] Total time for which application threads were stopped: 0.0005669 seconds, Stopping threads took: 0.0001932 seconds
[2022-06-13T03:12:20.400+0000][1][safepoint    ] Application time: 1.0001340 seconds
[2022-06-13T03:12:20.400+0000][1][safepoint    ] Entering safepoint region: Cleanup
[2022-06-13T03:12:20.401+0000][1][safepoint    ] Leaving safepoint region
[2022-06-13T03:12:20.401+0000][1][safepoint    ] Total time for which application threads were stopped: 0.0007279 seconds, Stopping threads took: 0.0003034 seconds
[2022-06-13T03:12:21.402+0000][1][safepoint    ] Application time: 1.0003334 seconds
[2022-06-13T03:12:21.402+0000][1][safepoint    ] Entering safepoint region: Cleanup
[2022-06-13T03:12:21.403+0000][1][safepoint    ] Leaving safepoint region
[2022-06-13T03:12:21.404+0000][1][safepoint    ] Total time for which application threads were stopped: 0.0012578 seconds, Stopping threads took: 0.0005109 seconds
[2022-06-13T03:12:22.405+0000][1][safepoint    ] Application time: 1.0002657 seconds
[2022-06-13T03:12:22.405+0000][1][safepoint    ] Entering safepoint region: Cleanup
[2022-06-13T03:12:22.405+0000][1][safepoint    ] Leaving safepoint region
[2022-06-13T03:12:22.405+0000][1][safepoint    ] Total time for which application threads were stopped: 0.0006570 seconds, Stopping threads took: 0.0002682 seconds
[2022-06-13T03:12:23.406+0000][1][safepoint    ] Application time: 1.0001747 seconds
[2022-06-13T03:12:23.406+0000][1][safepoint    ] Entering safepoint region: Cleanup
[2022-06-13T03:12:23.407+0000][1][safepoint    ] Leaving safepoint region
[2022-06-13T03:12:23.407+0000][1][safepoint    ] Total time for which application threads were stopped: 0.0004069 seconds, Stopping threads took: 0.0002226 seconds
[2022-06-13T03:12:24.407+0000][1][safepoint    ] Application time: 1.0001818 seconds
[2022-06-13T03:12:24.408+0000][1][safepoint    ] Entering safepoint region: Cleanup
[2022-06-13T03:12:24.408+0000][1][safepoint    ] Leaving safepoint region
[2022-06-13T03:12:24.408+0000][1][safepoint    ] Total time for which application threads were stopped: 0.0009013 seconds, Stopping threads took: 0.0004643 seconds
[2022-06-13T03:12:25.409+0000][1][safepoint    ] Application time: 1.0002462 seconds
[2022-06-13T03:12:25.410+0000][1][safepoint    ] Entering safepoint region: Cleanup
[2022-06-13T03:12:25.410+0000][1][safepoint    ] Leaving safepoint region
[2022-06-13T03:12:25.410+0000][1][safepoint    ] Total time for which application threads were stopped: 0.0006440 seconds, Stopping threads took: 0.0003296 seconds
[2022-06-13T03:12:26.411+0000][1][safepoint    ] Application time: 1.0001898 seconds
[2022-06-13T03:12:26.411+0000][1][safepoint    ] Entering safepoint region: Cleanup
[2022-06-13T03:12:26.412+0000][1][safepoint    ] Leaving safepoint region
[2022-06-13T03:12:26.412+0000][1][safepoint    ] Total time for which application threads were stopped: 0.0007598 seconds, Stopping threads took: 0.0003579 seconds
[2022-06-13T03:12:27.413+0000][1][safepoint    ] Application time: 1.0002101 seconds
[2022-06-13T03:12:27.413+0000][1][safepoint    ] Entering safepoint region: Cleanup
[2022-06-13T03:12:27.413+0000][1][safepoint    ] Leaving safepoint region
[2022-06-13T03:12:27.414+0000][1][safepoint    ] Total time for which application threads were stopped: 0.0008778 seconds, Stopping threads took: 0.0004901 seconds
[2022-06-13T03:12:28.414+0000][1][safepoint    ] Application time: 1.0001934 seconds
[2022-06-13T03:12:28.415+0000][1][safepoint    ] Entering safepoint region: Cleanup
[2022-06-13T03:12:28.415+0000][1][safepoint    ] Leaving safepoint region
[2022-06-13T03:12:28.416+0000][1][safepoint    ] Total time for which application threads were stopped: 0.0008877 seconds, Stopping threads took: 0.0004494 seconds
[2022-06-13T03:12:29.416+0000][1][safepoint    ] Application time: 1.0002024 seconds
[2022-06-13T03:12:29.417+0000][1][safepoint    ] Entering safepoint region: Cleanup
[2022-06-13T03:12:29.417+0000][1][safepoint    ] Leaving safepoint region
[2022-06-13T03:12:29.417+0000][1][safepoint    ] Total time for which application threads were stopped: 0.0008417 seconds, Stopping threads took: 0.0003607 seconds
[2022-06-13T03:12:30.974+0000][1][safepoint    ] Application time: 1.5563630 seconds
[2022-06-13T03:12:30.975+0000][1][safepoint    ] Entering safepoint region: Cleanup
[2022-06-13T03:12:30.975+0000][1][safepoint    ] Leaving safepoint region
[2022-06-13T03:12:30.975+0000][1][safepoint    ] Total time for which application threads were stopped: 0.0007338 seconds, Stopping threads took: 0.0003261 seconds
[2022-06-13T03:12:31.976+0000][1][safepoint    ] Application time: 1.0002402 seconds
[2022-06-13T03:12:31.976+0000][1][safepoint    ] Entering safepoint region: Cleanup
[2022-06-13T03:12:31.977+0000][1][safepoint    ] Leaving safepoint region
[2022-06-13T03:12:31.977+0000][1][safepoint    ] Total time for which application threads were stopped: 0.0005749 seconds, Stopping threads took: 0.0002675 seconds
[2022-06-13T03:12:32.978+0000][1][safepoint    ] Application time: 1.0003295 seconds
[2022-06-13T03:12:32.978+0000][1][safepoint    ] Entering safepoint region: Cleanup
[2022-06-13T03:12:32.979+0000][1][safepoint    ] Leaving safepoint region
[2022-06-13T03:12:32.979+0000][1][safepoint    ] Total time for which application threads were stopped: 0.0011226 seconds, Stopping threads took: 0.0005515 seconds
[2022-06-13T03:12:33.980+0000][1][safepoint    ] Application time: 1.0002305 seconds
[2022-06-13T03:12:33.980+0000][1][safepoint    ] Entering safepoint region: Cleanup
[2022-06-13T03:12:33.981+0000][1][safepoint    ] Leaving safepoint region
[2022-06-13T03:12:33.981+0000][1][safepoint    ] Total time for which application threads were stopped: 0.0005613 seconds, Stopping threads took: 0.0002620 seconds
[2022-06-13T03:12:34.981+0000][1][safepoint    ] Application time: 1.0002566 seconds
[2022-06-13T03:12:34.982+0000][1][safepoint    ] Entering safepoint region: Cleanup
[2022-06-13T03:12:34.982+0000][1][safepoint    ] Leaving safepoint region
[2022-06-13T03:12:34.983+0000][1][safepoint    ] Total time for which application threads were stopped: 0.0007642 seconds, Stopping threads took: 0.0003640 seconds
[2022-06-13T03:12:35.983+0000][1][safepoint    ] Application time: 1.0003521 seconds
[2022-06-13T03:12:35.984+0000][1][safepoint    ] Entering safepoint region: Cleanup
[2022-06-13T03:12:35.985+0000][1][safepoint    ] Leaving safepoint region
[2022-06-13T03:12:35.985+0000][1][safepoint    ] Total time for which application threads were stopped: 0.0011271 seconds, Stopping threads took: 0.0005110 seconds
[2022-06-13T03:12:36.985+0000][1][safepoint    ] Application time: 1.0002012 seconds
[2022-06-13T03:12:36.986+0000][1][safepoint    ] Entering safepoint region: Cleanup
[2022-06-13T03:12:36.987+0000][1][safepoint    ] Leaving safepoint region
[2022-06-13T03:12:36.987+0000][1][safepoint    ] Total time for which application threads were stopped: 0.0008967 seconds, Stopping threads took: 0.0004194 seconds
[2022-06-13T03:12:37.988+0000][1][safepoint    ] Application time: 1.0001758 seconds
[2022-06-13T03:12:37.988+0000][1][safepoint    ] Entering safepoint region: Cleanup
[2022-06-13T03:12:37.989+0000][1][safepoint    ] Leaving safepoint region
[2022-06-13T03:12:37.990+0000][1][safepoint    ] Total time for which application threads were stopped: 0.0014633 seconds, Stopping threads took: 0.0007172 seconds
[2022-06-13T03:12:38.991+0000][1][safepoint    ] Application time: 1.0003908 seconds
[2022-06-13T03:12:38.991+0000][1][safepoint    ] Entering safepoint region: Cleanup
[2022-06-13T03:12:38.992+0000][1][safepoint    ] Leaving safepoint region
[2022-06-13T03:12:38.992+0000][1][safepoint    ] Total time for which application threads were stopped: 0.0008092 seconds, Stopping threads took: 0.0004284 seconds
[2022-06-13T03:12:39.993+0000][1][safepoint    ] Application time: 1.0001579 seconds
[2022-06-13T03:12:39.993+0000][1][safepoint    ] Entering safepoint region: Cleanup
[2022-06-13T03:12:39.994+0000][1][safepoint    ] Leaving safepoint region
[2022-06-13T03:12:39.994+0000][1][safepoint    ] Total time for which application threads were stopped: 0.0006499 seconds, Stopping threads took: 0.0002888 seconds
[2022-06-13T03:12:40.994+0000][1][safepoint    ] Application time: 1.0001705 seconds
[2022-06-13T03:12:40.995+0000][1][safepoint    ] Entering safepoint region: Cleanup
[2022-06-13T03:12:40.995+0000][1][safepoint    ] Leaving safepoint region
[2022-06-13T03:12:40.996+0000][1][safepoint    ] Total time for which application threads were stopped: 0.0006684 seconds, Stopping threads took: 0.0002443 seconds
[2022-06-13T03:12:41.996+0000][1][safepoint    ] Application time: 1.0002259 seconds
[2022-06-13T03:12:41.996+0000][1][safepoint    ] Entering safepoint region: Cleanup
[2022-06-13T03:12:41.997+0000][1][safepoint    ] Leaving safepoint region
[2022-06-13T03:12:41.997+0000][1][safepoint    ] Total time for which application threads were stopped: 0.0006870 seconds, Stopping threads took: 0.0003205 seconds
[2022-06-13T03:12:42.998+0000][1][safepoint    ] Application time: 1.0003591 seconds
[2022-06-13T03:12:42.998+0000][1][safepoint    ] Entering safepoint region: Cleanup
[2022-06-13T03:12:42.999+0000][1][safepoint    ] Leaving safepoint region
[2022-06-13T03:12:42.999+0000][1][safepoint    ] Total time for which application threads were stopped: 0.0009288 seconds, Stopping threads took: 0.0003910 seconds
[2022-06-13T03:12:44.000+0000][1][safepoint    ] Application time: 1.0002737 seconds
[2022-06-13T03:12:44.000+0000][1][safepoint    ] Entering safepoint region: Cleanup
[2022-06-13T03:12:44.001+0000][1][safepoint    ] Leaving safepoint region
[2022-06-13T03:12:44.001+0000][1][safepoint    ] Total time for which application threads were stopped: 0.0010482 seconds, Stopping threads took: 0.0004797 seconds
[2022-06-13T03:12:45.002+0000][1][safepoint    ] Application time: 1.0003404 seconds
[2022-06-13T03:12:45.003+0000][1][safepoint    ] Entering safepoint region: Cleanup
[2022-06-13T03:12:45.003+0000][1][safepoint    ] Leaving safepoint region
[2022-06-13T03:12:45.003+0000][1][safepoint    ] Total time for which application threads were stopped: 0.0005210 seconds, Stopping threads took: 0.0003011 seconds
[2022-06-13T03:12:46.003+0000][1][safepoint    ] Application time: 1.0001138 seconds
[2022-06-13T03:12:46.004+0000][1][safepoint    ] Entering safepoint region: Cleanup
[2022-06-13T03:12:46.004+0000][1][safepoint    ] Leaving safepoint region
[2022-06-13T03:12:46.004+0000][1][safepoint    ] Total time for which application threads were stopped: 0.0004694 seconds, Stopping threads took: 0.0002312 seconds
[2022-06-13T03:12:47.004+0000][1][safepoint    ] Application time: 1.0001023 seconds
[2022-06-13T03:12:47.005+0000][1][safepoint    ] Entering safepoint region: Cleanup
[2022-06-13T03:12:47.005+0000][1][safepoint    ] Leaving safepoint region
[2022-06-13T03:12:47.005+0000][1][safepoint    ] Total time for which application threads were stopped: 0.0003782 seconds, Stopping threads took: 0.0001748 seconds
[2022-06-13T03:12:48.005+0000][1][safepoint    ] Application time: 1.0001014 seconds
[2022-06-13T03:12:48.005+0000][1][safepoint    ] Entering safepoint region: Cleanup
[2022-06-13T03:12:48.006+0000][1][safepoint    ] Leaving safepoint region
[2022-06-13T03:12:48.006+0000][1][safepoint    ] Total time for which application threads were stopped: 0.0004132 seconds, Stopping threads took: 0.0001957 seconds
[2022-06-13T03:12:49.006+0000][1][safepoint    ] Application time: 1.0000985 seconds
[2022-06-13T03:12:49.006+0000][1][safepoint    ] Entering safepoint region: Cleanup
[2022-06-13T03:12:49.006+0000][1][safepoint    ] Leaving safepoint region
[2022-06-13T03:12:49.007+0000][1][safepoint    ] Total time for which application threads were stopped: 0.0004150 seconds, Stopping threads took: 0.0001727 seconds
[2022-06-13T03:12:50.007+0000][1][safepoint    ] Application time: 1.0001001 seconds
[2022-06-13T03:12:50.007+0000][1][safepoint    ] Entering safepoint region: Cleanup
[2022-06-13T03:12:50.007+0000][1][safepoint    ] Leaving safepoint region
[2022-06-13T03:12:50.008+0000][1][safepoint    ] Total time for which application threads were stopped: 0.0006688 seconds, Stopping threads took: 0.0002563 seconds
[2022-06-13T03:12:51.008+0000][1][safepoint    ] Application time: 1.0001021 seconds
[2022-06-13T03:12:51.008+0000][1][safepoint    ] Entering safepoint region: Cleanup
[2022-06-13T03:12:51.009+0000][1][safepoint    ] Leaving safepoint region
[2022-06-13T03:12:51.009+0000][1][safepoint    ] Total time for which application threads were stopped: 0.0006231 seconds, Stopping threads took: 0.0003737 seconds
[2022-06-13T03:12:52.009+0000][1][safepoint    ] Application time: 1.0001214 seconds
[2022-06-13T03:12:52.009+0000][1][safepoint    ] Entering safepoint region: Cleanup
[2022-06-13T03:12:52.010+0000][1][safepoint    ] Leaving safepoint region
[2022-06-13T03:12:52.010+0000][1][safepoint    ] Total time for which application threads were stopped: 0.0003949 seconds, Stopping threads took: 0.0001740 seconds
[2022-06-13T03:12:53.010+0000][1][safepoint    ] Application time: 1.0001017 seconds
[2022-06-13T03:12:53.010+0000][1][safepoint    ] Entering safepoint region: Cleanup
[2022-06-13T03:12:53.010+0000][1][safepoint    ] Leaving safepoint region
[2022-06-13T03:12:53.010+0000][1][safepoint    ] Total time for which application threads were stopped: 0.0003566 seconds, Stopping threads took: 0.0001384 seconds
[2022-06-13T03:12:54.011+0000][1][safepoint    ] Application time: 1.0002105 seconds
[2022-06-13T03:12:54.011+0000][1][safepoint    ] Entering safepoint region: Cleanup
[2022-06-13T03:12:54.011+0000][1][safepoint    ] Leaving safepoint region
[2022-06-13T03:12:54.011+0000][1][safepoint    ] Total time for which application threads were stopped: 0.0003478 seconds, Stopping threads took: 0.0001648 seconds
[2022-06-13T03:12:55.012+0000][1][safepoint    ] Application time: 1.0002306 seconds
[2022-06-13T03:12:55.012+0000][1][safepoint    ] Entering safepoint region: Cleanup
[2022-06-13T03:12:55.012+0000][1][safepoint    ] Leaving safepoint region
[2022-06-13T03:12:55.012+0000][1][safepoint    ] Total time for which application threads were stopped: 0.0003800 seconds, Stopping threads took: 0.0001535 seconds
[2022-06-13T03:12:56.013+0000][1][safepoint    ] Application time: 1.0001170 seconds
[2022-06-13T03:12:56.013+0000][1][safepoint    ] Entering safepoint region: Cleanup
[2022-06-13T03:12:56.013+0000][1][safepoint    ] Leaving safepoint region
[2022-06-13T03:12:56.013+0000][1][safepoint    ] Total time for which application threads were stopped: 0.0005741 seconds, Stopping threads took: 0.0002096 seconds
[2022-06-13T03:12:57.014+0000][1][safepoint    ] Application time: 1.0001159 seconds
[2022-06-13T03:12:57.014+0000][1][safepoint    ] Entering safepoint region: Cleanup
[2022-06-13T03:12:57.014+0000][1][safepoint    ] Leaving safepoint region
[2022-06-13T03:12:57.015+0000][1][safepoint    ] Total time for which application threads were stopped: 0.0005439 seconds, Stopping threads took: 0.0002368 seconds
[2022-06-13T03:12:58.015+0000][1][safepoint    ] Application time: 1.0001044 seconds
[2022-06-13T03:12:58.015+0000][1][safepoint    ] Entering safepoint region: Cleanup
[2022-06-13T03:12:58.015+0000][1][safepoint    ] Leaving safepoint region
[2022-06-13T03:12:58.015+0000][1][safepoint    ] Total time for which application threads were stopped: 0.0003818 seconds, Stopping threads took: 0.0001848 seconds
[2022-06-13T03:12:59.016+0000][1][safepoint    ] Application time: 1.0001007 seconds
[2022-06-13T03:12:59.016+0000][1][safepoint    ] Entering safepoint region: Cleanup
[2022-06-13T03:12:59.016+0000][1][safepoint    ] Leaving safepoint region
[2022-06-13T03:12:59.016+0000][1][safepoint    ] Total time for which application threads were stopped: 0.0004088 seconds, Stopping threads took: 0.0001747 seconds
[2022-06-13T03:13:00.016+0000][1][safepoint    ] Application time: 1.0001064 seconds
[2022-06-13T03:13:00.017+0000][1][safepoint    ] Entering safepoint region: Cleanup
[2022-06-13T03:13:00.018+0000][1][safepoint    ] Leaving safepoint region
[2022-06-13T03:13:00.019+0000][1][safepoint    ] Total time for which application threads were stopped: 0.0017356 seconds, Stopping threads took: 0.0005777 seconds
[2022-06-13T03:13:01.019+0000][1][safepoint    ] Application time: 1.0002628 seconds
[2022-06-13T03:13:01.019+0000][1][safepoint    ] Entering safepoint region: Cleanup
[2022-06-13T03:13:01.020+0000][1][safepoint    ] Leaving safepoint region
[2022-06-13T03:13:01.020+0000][1][safepoint    ] Total time for which application threads were stopped: 0.0003378 seconds, Stopping threads took: 0.0001499 seconds
[2022-06-13T03:13:02.020+0000][1][safepoint    ] Application time: 1.0001023 seconds
[2022-06-13T03:13:02.020+0000][1][safepoint    ] Entering safepoint region: Cleanup
[2022-06-13T03:13:02.020+0000][1][safepoint    ] Leaving safepoint region
[2022-06-13T03:13:02.020+0000][1][safepoint    ] Total time for which application threads were stopped: 0.0003227 seconds, Stopping threads took: 0.0001326 seconds
[2022-06-13T03:13:03.021+0000][1][safepoint    ] Application time: 1.0001896 seconds
[2022-06-13T03:13:03.021+0000][1][safepoint    ] Entering safepoint region: Cleanup
[2022-06-13T03:13:03.022+0000][1][safepoint    ] Leaving safepoint region
[2022-06-13T03:13:03.022+0000][1][safepoint    ] Total time for which application threads were stopped: 0.0006904 seconds, Stopping threads took: 0.0003357 seconds
[2022-06-13T03:13:04.022+0000][1][safepoint    ] Application time: 1.0001435 seconds
[2022-06-13T03:13:04.022+0000][1][safepoint    ] Entering safepoint region: Cleanup
[2022-06-13T03:13:04.023+0000][1][safepoint    ] Leaving safepoint region
[2022-06-13T03:13:04.023+0000][1][safepoint    ] Total time for which application threads were stopped: 0.0004528 seconds, Stopping threads took: 0.0002016 seconds
[2022-06-13T03:13:05.023+0000][1][safepoint    ] Application time: 1.0001055 seconds
[2022-06-13T03:13:05.023+0000][1][safepoint    ] Entering safepoint region: Cleanup
[2022-06-13T03:13:05.023+0000][1][safepoint    ] Leaving safepoint region
[2022-06-13T03:13:05.024+0000][1][safepoint    ] Total time for which application threads were stopped: 0.0003767 seconds, Stopping threads took: 0.0001546 seconds
[2022-06-13T03:13:06.024+0000][1][safepoint    ] Application time: 1.0001122 seconds
[2022-06-13T03:13:06.024+0000][1][safepoint    ] Entering safepoint region: Cleanup
[2022-06-13T03:13:06.024+0000][1][safepoint    ] Leaving safepoint region
[2022-06-13T03:13:06.024+0000][1][safepoint    ] Total time for which application threads were stopped: 0.0003205 seconds, Stopping threads took: 0.0001356 seconds
[2022-06-13T03:13:07.025+0000][1][safepoint    ] Application time: 1.0001367 seconds
[2022-06-13T03:13:07.025+0000][1][safepoint    ] Entering safepoint region: Cleanup
[2022-06-13T03:13:07.025+0000][1][safepoint    ] Leaving safepoint region
[2022-06-13T03:13:07.025+0000][1][safepoint    ] Total time for which application threads were stopped: 0.0005570 seconds, Stopping threads took: 0.0002016 seconds
[2022-06-13T03:13:08.026+0000][1][safepoint    ] Application time: 1.0002309 seconds
[2022-06-13T03:13:08.026+0000][1][safepoint    ] Entering safepoint region: Cleanup
[2022-06-13T03:13:08.026+0000][1][safepoint    ] Leaving safepoint region
[2022-06-13T03:13:08.026+0000][1][safepoint    ] Total time for which application threads were stopped: 0.0003107 seconds, Stopping threads took: 0.0001357 seconds
[2022-06-13T03:13:09.026+0000][1][safepoint    ] Application time: 1.0001224 seconds
[2022-06-13T03:13:09.027+0000][1][safepoint    ] Entering safepoint region: Cleanup
[2022-06-13T03:13:09.027+0000][1][safepoint    ] Leaving safepoint region
[2022-06-13T03:13:09.027+0000][1][safepoint    ] Total time for which application threads were stopped: 0.0004294 seconds, Stopping threads took: 0.0001681 seconds
[2022-06-13T03:13:10.027+0000][1][safepoint    ] Application time: 1.0001214 seconds
[2022-06-13T03:13:10.028+0000][1][safepoint    ] Entering safepoint region: Cleanup
[2022-06-13T03:13:10.028+0000][1][safepoint    ] Leaving safepoint region
[2022-06-13T03:13:10.028+0000][1][safepoint    ] Total time for which application threads were stopped: 0.0003978 seconds, Stopping threads took: 0.0001697 seconds
[2022-06-13T03:13:11.028+0000][1][safepoint    ] Application time: 1.0001151 seconds
[2022-06-13T03:13:11.028+0000][1][safepoint    ] Entering safepoint region: Cleanup
[2022-06-13T03:13:11.029+0000][1][safepoint    ] Leaving safepoint region
[2022-06-13T03:13:11.029+0000][1][safepoint    ] Total time for which application threads were stopped: 0.0004490 seconds, Stopping threads took: 0.0001888 seconds
[2022-06-13T03:13:12.029+0000][1][safepoint    ] Application time: 1.0001392 seconds
[2022-06-13T03:13:12.029+0000][1][safepoint    ] Entering safepoint region: Cleanup
[2022-06-13T03:13:12.030+0000][1][safepoint    ] Leaving safepoint region
[2022-06-13T03:13:12.030+0000][1][safepoint    ] Total time for which application threads were stopped: 0.0003672 seconds, Stopping threads took: 0.0001533 seconds
[2022-06-13T03:13:13.030+0000][1][safepoint    ] Application time: 1.0001020 seconds
[2022-06-13T03:13:13.030+0000][1][safepoint    ] Entering safepoint region: Cleanup
[2022-06-13T03:13:13.030+0000][1][safepoint    ] Leaving safepoint region
[2022-06-13T03:13:13.030+0000][1][safepoint    ] Total time for which application threads were stopped: 0.0004121 seconds, Stopping threads took: 0.0001953 seconds
[2022-06-13T03:13:14.031+0000][1][safepoint    ] Application time: 1.0001212 seconds
[2022-06-13T03:13:14.031+0000][1][safepoint    ] Entering safepoint region: Cleanup
[2022-06-13T03:13:14.031+0000][1][safepoint    ] Leaving safepoint region
[2022-06-13T03:13:14.031+0000][1][safepoint    ] Total time for which application threads were stopped: 0.0003898 seconds, Stopping threads took: 0.0001724 seconds
[2022-06-13T03:13:15.032+0000][1][safepoint    ] Application time: 1.0001155 seconds
[2022-06-13T03:13:15.032+0000][1][safepoint    ] Entering safepoint region: Cleanup
[2022-06-13T03:13:15.032+0000][1][safepoint    ] Leaving safepoint region
[2022-06-13T03:13:15.032+0000][1][safepoint    ] Total time for which application threads were stopped: 0.0004660 seconds, Stopping threads took: 0.0001951 seconds
[2022-06-13T03:13:16.032+0000][1][safepoint    ] Application time: 1.0001092 seconds
[2022-06-13T03:13:16.033+0000][1][safepoint    ] Entering safepoint region: Cleanup
[2022-06-13T03:13:16.033+0000][1][safepoint    ] Leaving safepoint region
[2022-06-13T03:13:16.033+0000][1][safepoint    ] Total time for which application threads were stopped: 0.0004346 seconds, Stopping threads took: 0.0001755 seconds
[2022-06-13T03:13:17.033+0000][1][safepoint    ] Application time: 1.0001141 seconds
[2022-06-13T03:13:17.034+0000][1][safepoint    ] Entering safepoint region: Cleanup
[2022-06-13T03:13:17.034+0000][1][safepoint    ] Leaving safepoint region
[2022-06-13T03:13:17.034+0000][1][safepoint    ] Total time for which application threads were stopped: 0.0004046 seconds, Stopping threads took: 0.0001863 seconds
[2022-06-13T03:13:18.034+0000][1][safepoint    ] Application time: 1.0001121 seconds
[2022-06-13T03:13:18.035+0000][1][safepoint    ] Entering safepoint region: Cleanup
[2022-06-13T03:13:18.035+0000][1][safepoint    ] Leaving safepoint region
[2022-06-13T03:13:18.035+0000][1][safepoint    ] Total time for which application threads were stopped: 0.0004550 seconds, Stopping threads took: 0.0002244 seconds
[2022-06-13T03:13:19.035+0000][1][safepoint    ] Application time: 1.0001039 seconds
[2022-06-13T03:13:19.036+0000][1][safepoint    ] Entering safepoint region: Cleanup
[2022-06-13T03:13:19.036+0000][1][safepoint    ] Leaving safepoint region
[2022-06-13T03:13:19.036+0000][1][safepoint    ] Total time for which application threads were stopped: 0.0003771 seconds, Stopping threads took: 0.0001638 seconds
[2022-06-13T03:13:20.036+0000][1][safepoint    ] Application time: 1.0001126 seconds
[2022-06-13T03:13:20.036+0000][1][safepoint    ] Entering safepoint region: Cleanup
[2022-06-13T03:13:20.037+0000][1][safepoint    ] Leaving safepoint region
[2022-06-13T03:13:20.037+0000][1][safepoint    ] Total time for which application threads were stopped: 0.0003093 seconds, Stopping threads took: 0.0001174 seconds
[2022-06-13T03:13:21.037+0000][1][safepoint    ] Application time: 1.0001072 seconds
[2022-06-13T03:13:21.037+0000][1][safepoint    ] Entering safepoint region: Cleanup
[2022-06-13T03:13:21.037+0000][1][safepoint    ] Leaving safepoint region
[2022-06-13T03:13:21.038+0000][1][safepoint    ] Total time for which application threads were stopped: 0.0004966 seconds, Stopping threads took: 0.0001517 seconds
[2022-06-13T03:13:22.038+0000][1][safepoint    ] Application time: 1.0001001 seconds
[2022-06-13T03:13:22.038+0000][1][safepoint    ] Entering safepoint region: Cleanup
[2022-06-13T03:13:22.038+0000][1][safepoint    ] Leaving safepoint region
[2022-06-13T03:13:22.038+0000][1][safepoint    ] Total time for which application threads were stopped: 0.0003613 seconds, Stopping threads took: 0.0001596 seconds
[2022-06-13T03:13:23.039+0000][1][safepoint    ] Application time: 1.0001005 seconds
[2022-06-13T03:13:23.039+0000][1][safepoint    ] Entering safepoint region: Cleanup
[2022-06-13T03:13:23.039+0000][1][safepoint    ] Leaving safepoint region
[2022-06-13T03:13:23.039+0000][1][safepoint    ] Total time for which application threads were stopped: 0.0004131 seconds, Stopping threads took: 0.0001803 seconds
[2022-06-13T03:13:24.039+0000][1][safepoint    ] Application time: 1.0001013 seconds
[2022-06-13T03:13:24.040+0000][1][safepoint    ] Entering safepoint region: Cleanup
[2022-06-13T03:13:24.040+0000][1][safepoint    ] Leaving safepoint region
[2022-06-13T03:13:24.040+0000][1][safepoint    ] Total time for which application threads were stopped: 0.0003920 seconds, Stopping threads took: 0.0001811 seconds
[2022-06-13T03:13:25.040+0000][1][safepoint    ] Application time: 1.0000986 seconds
[2022-06-13T03:13:25.040+0000][1][safepoint    ] Entering safepoint region: Cleanup
[2022-06-13T03:13:25.041+0000][1][safepoint    ] Leaving safepoint region
[2022-06-13T03:13:25.041+0000][1][safepoint    ] Total time for which application threads were stopped: 0.0003862 seconds, Stopping threads took: 0.0001755 seconds
[2022-06-13T03:13:26.041+0000][1][safepoint    ] Application time: 1.0001015 seconds
[2022-06-13T03:13:26.041+0000][1][safepoint    ] Entering safepoint region: Cleanup
[2022-06-13T03:13:26.041+0000][1][safepoint    ] Leaving safepoint region
[2022-06-13T03:13:26.042+0000][1][safepoint    ] Total time for which application threads were stopped: 0.0003800 seconds, Stopping threads took: 0.0001672 seconds
[2022-06-13T03:13:27.042+0000][1][safepoint    ] Application time: 1.0000997 seconds
[2022-06-13T03:13:27.042+0000][1][safepoint    ] Entering safepoint region: Cleanup
[2022-06-13T03:13:27.042+0000][1][safepoint    ] Leaving safepoint region
[2022-06-13T03:13:27.042+0000][1][safepoint    ] Total time for which application threads were stopped: 0.0004289 seconds, Stopping threads took: 0.0002059 seconds
[2022-06-13T03:13:28.043+0000][1][safepoint    ] Application time: 1.0000925 seconds
[2022-06-13T03:13:28.043+0000][1][safepoint    ] Entering safepoint region: Cleanup
[2022-06-13T03:13:28.043+0000][1][safepoint    ] Leaving safepoint region
[2022-06-13T03:13:28.043+0000][1][safepoint    ] Total time for which application threads were stopped: 0.0003533 seconds, Stopping threads took: 0.0001472 seconds
[2022-06-13T03:13:29.043+0000][1][safepoint    ] Application time: 1.0001069 seconds
[2022-06-13T03:13:29.044+0000][1][safepoint    ] Entering safepoint region: Cleanup
[2022-06-13T03:13:29.044+0000][1][safepoint    ] Leaving safepoint region
[2022-06-13T03:13:29.044+0000][1][safepoint    ] Total time for which application threads were stopped: 0.0003876 seconds, Stopping threads took: 0.0001740 seconds
[2022-06-13T03:13:30.044+0000][1][safepoint    ] Application time: 1.0001152 seconds
[2022-06-13T03:13:30.044+0000][1][safepoint    ] Entering safepoint region: Cleanup
[2022-06-13T03:13:30.045+0000][1][safepoint    ] Leaving safepoint region
[2022-06-13T03:13:30.045+0000][1][safepoint    ] Total time for which application threads were stopped: 0.0003724 seconds, Stopping threads took: 0.0001553 seconds
[2022-06-13T03:13:31.045+0000][1][safepoint    ] Application time: 1.0001071 seconds
[2022-06-13T03:13:31.045+0000][1][safepoint    ] Entering safepoint region: Cleanup
[2022-06-13T03:13:31.045+0000][1][safepoint    ] Leaving safepoint region
[2022-06-13T03:13:31.046+0000][1][safepoint    ] Total time for which application threads were stopped: 0.0004538 seconds, Stopping threads took: 0.0001637 seconds
[2022-06-13T03:13:32.046+0000][1][safepoint    ] Application time: 1.0001008 seconds
[2022-06-13T03:13:32.046+0000][1][safepoint    ] Entering safepoint region: Cleanup
[2022-06-13T03:13:32.046+0000][1][safepoint    ] Leaving safepoint region
[2022-06-13T03:13:32.046+0000][1][safepoint    ] Total time for which application threads were stopped: 0.0003403 seconds, Stopping threads took: 0.0001538 seconds
[2022-06-13T03:13:33.047+0000][1][safepoint    ] Application time: 1.0001083 seconds
[2022-06-13T03:13:33.047+0000][1][safepoint    ] Entering safepoint region: Cleanup
[2022-06-13T03:13:33.047+0000][1][safepoint    ] Leaving safepoint region
[2022-06-13T03:13:33.047+0000][1][safepoint    ] Total time for which application threads were stopped: 0.0004898 seconds, Stopping threads took: 0.0001863 seconds
[2022-06-13T03:13:34.047+0000][1][safepoint    ] Application time: 1.0000989 seconds
[2022-06-13T03:13:34.048+0000][1][safepoint    ] Entering safepoint region: Cleanup
[2022-06-13T03:13:34.048+0000][1][safepoint    ] Leaving safepoint region
[2022-06-13T03:13:34.048+0000][1][safepoint    ] Total time for which application threads were stopped: 0.0006361 seconds, Stopping threads took: 0.0001801 seconds
[2022-06-13T03:13:35.049+0000][1][safepoint    ] Application time: 1.0001058 seconds
[2022-06-13T03:13:35.049+0000][1][safepoint    ] Entering safepoint region: Cleanup
[2022-06-13T03:13:35.049+0000][1][safepoint    ] Leaving safepoint region
[2022-06-13T03:13:35.049+0000][1][safepoint    ] Total time for which application threads were stopped: 0.0005360 seconds, Stopping threads took: 0.0001752 seconds
[2022-06-13T03:13:36.049+0000][1][safepoint    ] Application time: 1.0001002 seconds
[2022-06-13T03:13:36.050+0000][1][safepoint    ] Entering safepoint region: Cleanup
[2022-06-13T03:13:36.050+0000][1][safepoint    ] Leaving safepoint region
[2022-06-13T03:13:36.050+0000][1][safepoint    ] Total time for which application threads were stopped: 0.0004299 seconds, Stopping threads took: 0.0001558 seconds
[2022-06-13T03:13:37.050+0000][1][safepoint    ] Application time: 1.0001010 seconds
[2022-06-13T03:13:37.051+0000][1][safepoint    ] Entering safepoint region: Cleanup
[2022-06-13T03:13:37.051+0000][1][safepoint    ] Leaving safepoint region
[2022-06-13T03:13:37.051+0000][1][safepoint    ] Total time for which application threads were stopped: 0.0006288 seconds, Stopping threads took: 0.0003209 seconds
[2022-06-13T03:13:38.051+0000][1][safepoint    ] Application time: 1.0001085 seconds
[2022-06-13T03:13:38.052+0000][1][safepoint    ] Entering safepoint region: Cleanup
[2022-06-13T03:13:38.052+0000][1][safepoint    ] Leaving safepoint region
[2022-06-13T03:13:38.052+0000][1][safepoint    ] Total time for which application threads were stopped: 0.0004843 seconds, Stopping threads took: 0.0002469 seconds
[2022-06-13T03:13:39.052+0000][1][safepoint    ] Application time: 1.0000916 seconds
[2022-06-13T03:13:39.053+0000][1][safepoint    ] Entering safepoint region: Cleanup
[2022-06-13T03:13:39.053+0000][1][safepoint    ] Leaving safepoint region
[2022-06-13T03:13:39.053+0000][1][safepoint    ] Total time for which application threads were stopped: 0.0004471 seconds, Stopping threads took: 0.0001742 seconds
[2022-06-13T03:13:40.053+0000][1][safepoint    ] Application time: 1.0001033 seconds
[2022-06-13T03:13:40.053+0000][1][safepoint    ] Entering safepoint region: Cleanup
[2022-06-13T03:13:40.054+0000][1][safepoint    ] Leaving safepoint region
[2022-06-13T03:13:40.054+0000][1][safepoint    ] Total time for which application threads were stopped: 0.0003556 seconds, Stopping threads took: 0.0001678 seconds
[2022-06-13T03:13:41.054+0000][1][safepoint    ] Application time: 1.0001051 seconds
[2022-06-13T03:13:41.054+0000][1][safepoint    ] Entering safepoint region: Cleanup
[2022-06-13T03:13:41.054+0000][1][safepoint    ] Leaving safepoint region
[2022-06-13T03:13:41.054+0000][1][safepoint    ] Total time for which application threads were stopped: 0.0003659 seconds, Stopping threads took: 0.0001586 seconds
[2022-06-13T03:13:42.055+0000][1][safepoint    ] Application time: 1.0001171 seconds
[2022-06-13T03:13:42.055+0000][1][safepoint    ] Entering safepoint region: Cleanup
[2022-06-13T03:13:42.055+0000][1][safepoint    ] Leaving safepoint region
[2022-06-13T03:13:42.055+0000][1][safepoint    ] Total time for which application threads were stopped: 0.0003995 seconds, Stopping threads took: 0.0001677 seconds
[2022-06-13T03:13:43.056+0000][1][safepoint    ] Application time: 1.0001164 seconds
[2022-06-13T03:13:43.056+0000][1][safepoint    ] Entering safepoint region: Cleanup
[2022-06-13T03:13:43.056+0000][1][safepoint    ] Leaving safepoint region
[2022-06-13T03:13:43.056+0000][1][safepoint    ] Total time for which application threads were stopped: 0.0004049 seconds, Stopping threads took: 0.0001818 seconds
[2022-06-13T03:13:44.056+0000][1][safepoint    ] Application time: 1.0001020 seconds
[2022-06-13T03:13:44.057+0000][1][safepoint    ] Entering safepoint region: Cleanup
[2022-06-13T03:13:44.057+0000][1][safepoint    ] Leaving safepoint region
[2022-06-13T03:13:44.057+0000][1][safepoint    ] Total time for which application threads were stopped: 0.0003804 seconds, Stopping threads took: 0.0001598 seconds
[2022-06-13T03:13:45.057+0000][1][safepoint    ] Application time: 1.0000988 seconds
[2022-06-13T03:13:45.058+0000][1][safepoint    ] Entering safepoint region: Cleanup
[2022-06-13T03:13:45.058+0000][1][safepoint    ] Leaving safepoint region
[2022-06-13T03:13:45.058+0000][1][safepoint    ] Total time for which application threads were stopped: 0.0004177 seconds, Stopping threads took: 0.0001925 seconds
[2022-06-13T03:13:46.058+0000][1][safepoint    ] Application time: 1.0000976 seconds
[2022-06-13T03:13:46.058+0000][1][safepoint    ] Entering safepoint region: Cleanup
[2022-06-13T03:13:46.059+0000][1][safepoint    ] Leaving safepoint region
[2022-06-13T03:13:46.059+0000][1][safepoint    ] Total time for which application threads were stopped: 0.0004875 seconds, Stopping threads took: 0.0002621 seconds
[2022-06-13T03:13:47.059+0000][1][safepoint    ] Application time: 1.0002075 seconds
[2022-06-13T03:13:47.059+0000][1][safepoint    ] Entering safepoint region: Cleanup
[2022-06-13T03:13:47.060+0000][1][safepoint    ] Leaving safepoint region
[2022-06-13T03:13:47.060+0000][1][safepoint    ] Total time for which application threads were stopped: 0.0004001 seconds, Stopping threads took: 0.0001864 seconds
[2022-06-13T03:13:48.060+0000][1][safepoint    ] Application time: 1.0000951 seconds
[2022-06-13T03:13:48.060+0000][1][safepoint    ] Entering safepoint region: Cleanup
[2022-06-13T03:13:48.060+0000][1][safepoint    ] Leaving safepoint region
[2022-06-13T03:13:48.060+0000][1][safepoint    ] Total time for which application threads were stopped: 0.0003374 seconds, Stopping threads took: 0.0001424 seconds
[2022-06-13T03:13:49.061+0000][1][safepoint    ] Application time: 1.0000924 seconds
[2022-06-13T03:13:49.061+0000][1][safepoint    ] Entering safepoint region: Cleanup
[2022-06-13T03:13:49.061+0000][1][safepoint    ] Leaving safepoint region
[2022-06-13T03:13:49.061+0000][1][safepoint    ] Total time for which application threads were stopped: 0.0005830 seconds, Stopping threads took: 0.0002828 seconds
[2022-06-13T03:13:50.062+0000][1][safepoint    ] Application time: 1.0000968 seconds
[2022-06-13T03:13:50.062+0000][1][safepoint    ] Entering safepoint region: Cleanup
[2022-06-13T03:13:50.062+0000][1][safepoint    ] Leaving safepoint region
[2022-06-13T03:13:50.062+0000][1][safepoint    ] Total time for which application threads were stopped: 0.0003715 seconds, Stopping threads took: 0.0001825 seconds
[2022-06-13T03:13:51.062+0000][1][safepoint    ] Application time: 1.0000963 seconds
[2022-06-13T03:13:51.063+0000][1][safepoint    ] Entering safepoint region: Cleanup
[2022-06-13T03:13:51.063+0000][1][safepoint    ] Leaving safepoint region
[2022-06-13T03:13:51.064+0000][1][safepoint    ] Total time for which application threads were stopped: 0.0012796 seconds, Stopping threads took: 0.0003731 seconds
[2022-06-13T03:13:52.064+0000][1][safepoint    ] Application time: 1.0001330 seconds
[2022-06-13T03:13:52.065+0000][1][safepoint    ] Entering safepoint region: Cleanup
[2022-06-13T03:13:52.065+0000][1][safepoint    ] Leaving safepoint region
[2022-06-13T03:13:52.065+0000][1][safepoint    ] Total time for which application threads were stopped: 0.0007166 seconds, Stopping threads took: 0.0002795 seconds
[2022-06-13T03:13:53.066+0000][1][safepoint    ] Application time: 1.0001102 seconds
[2022-06-13T03:13:53.066+0000][1][safepoint    ] Entering safepoint region: Cleanup
[2022-06-13T03:13:53.066+0000][1][safepoint    ] Leaving safepoint region
[2022-06-13T03:13:53.066+0000][1][safepoint    ] Total time for which application threads were stopped: 0.0003998 seconds, Stopping threads took: 0.0001685 seconds
[2022-06-13T03:13:54.067+0000][1][safepoint    ] Application time: 1.0001052 seconds
[2022-06-13T03:13:54.067+0000][1][safepoint    ] Entering safepoint region: Cleanup
[2022-06-13T03:13:54.067+0000][1][safepoint    ] Leaving safepoint region
[2022-06-13T03:13:54.067+0000][1][safepoint    ] Total time for which application threads were stopped: 0.0003576 seconds, Stopping threads took: 0.0001596 seconds
[2022-06-13T03:13:55.067+0000][1][safepoint    ] Application time: 1.0001010 seconds
[2022-06-13T03:13:55.068+0000][1][safepoint    ] Entering safepoint region: Cleanup
[2022-06-13T03:13:55.068+0000][1][safepoint    ] Leaving safepoint region
[2022-06-13T03:13:55.068+0000][1][safepoint    ] Total time for which application threads were stopped: 0.0005780 seconds, Stopping threads took: 0.0002625 seconds
[2022-06-13T03:13:56.069+0000][1][safepoint    ] Application time: 1.0002074 seconds
[2022-06-13T03:13:56.069+0000][1][safepoint    ] Entering safepoint region: Cleanup
[2022-06-13T03:13:56.069+0000][1][safepoint    ] Leaving safepoint region
[2022-06-13T03:13:56.069+0000][1][safepoint    ] Total time for which application threads were stopped: 0.0003873 seconds, Stopping threads took: 0.0001420 seconds
[2022-06-13T03:13:57.069+0000][1][safepoint    ] Application time: 1.0001015 seconds
[2022-06-13T03:13:57.070+0000][1][safepoint    ] Entering safepoint region: Cleanup
[2022-06-13T03:13:57.070+0000][1][safepoint    ] Leaving safepoint region
[2022-06-13T03:13:57.070+0000][1][safepoint    ] Total time for which application threads were stopped: 0.0004582 seconds, Stopping threads took: 0.0001798 seconds
[2022-06-13T03:13:58.070+0000][1][safepoint    ] Application time: 1.0002358 seconds
[2022-06-13T03:13:58.071+0000][1][safepoint    ] Entering safepoint region: Cleanup
[2022-06-13T03:13:58.071+0000][1][safepoint    ] Leaving safepoint region
[2022-06-13T03:13:58.071+0000][1][safepoint    ] Total time for which application threads were stopped: 0.0005809 seconds, Stopping threads took: 0.0003104 seconds
[2022-06-13T03:13:59.071+0000][1][safepoint    ] Application time: 1.0001001 seconds
[2022-06-13T03:13:59.072+0000][1][safepoint    ] Entering safepoint region: Cleanup
[2022-06-13T03:13:59.072+0000][1][safepoint    ] Leaving safepoint region
[2022-06-13T03:13:59.072+0000][1][safepoint    ] Total time for which application threads were stopped: 0.0003714 seconds, Stopping threads took: 0.0001899 seconds
[2022-06-13T03:14:00.072+0000][1][safepoint    ] Application time: 1.0001109 seconds
[2022-06-13T03:14:00.072+0000][1][safepoint    ] Entering safepoint region: Cleanup
[2022-06-13T03:14:00.073+0000][1][safepoint    ] Leaving safepoint region
[2022-06-13T03:14:00.073+0000][1][safepoint    ] Total time for which application threads were stopped: 0.0003269 seconds, Stopping threads took: 0.0001369 seconds
[2022-06-13T03:14:01.073+0000][1][safepoint    ] Application time: 1.0001020 seconds
[2022-06-13T03:14:01.073+0000][1][safepoint    ] Entering safepoint region: Cleanup
[2022-06-13T03:14:01.073+0000][1][safepoint    ] Leaving safepoint region
[2022-06-13T03:14:01.074+0000][1][safepoint    ] Total time for which application threads were stopped: 0.0004266 seconds, Stopping threads took: 0.0001932 seconds
[2022-06-13T03:14:02.074+0000][1][safepoint    ] Application time: 1.0000956 seconds
[2022-06-13T03:14:02.074+0000][1][safepoint    ] Entering safepoint region: Cleanup
[2022-06-13T03:14:02.074+0000][1][safepoint    ] Leaving safepoint region
[2022-06-13T03:14:02.074+0000][1][safepoint    ] Total time for which application threads were stopped: 0.0003701 seconds, Stopping threads took: 0.0001372 seconds
[2022-06-13T03:14:03.075+0000][1][safepoint    ] Application time: 1.0001078 seconds
[2022-06-13T03:14:03.075+0000][1][safepoint    ] Entering safepoint region: Cleanup
[2022-06-13T03:14:03.075+0000][1][safepoint    ] Leaving safepoint region
[2022-06-13T03:14:03.075+0000][1][safepoint    ] Total time for which application threads were stopped: 0.0003719 seconds, Stopping threads took: 0.0001666 seconds
[2022-06-13T03:14:04.075+0000][1][safepoint    ] Application time: 1.0001100 seconds
[2022-06-13T03:14:04.076+0000][1][safepoint    ] Entering safepoint region: Cleanup
[2022-06-13T03:14:04.076+0000][1][safepoint    ] Leaving safepoint region
[2022-06-13T03:14:04.076+0000][1][safepoint    ] Total time for which application threads were stopped: 0.0003839 seconds, Stopping threads took: 0.0001597 seconds
[2022-06-13T03:14:05.076+0000][1][safepoint    ] Application time: 1.0001154 seconds
[2022-06-13T03:14:05.076+0000][1][safepoint    ] Entering safepoint region: Cleanup
[2022-06-13T03:14:05.077+0000][1][safepoint    ] Leaving safepoint region
[2022-06-13T03:14:05.077+0000][1][safepoint    ] Total time for which application threads were stopped: 0.0003771 seconds, Stopping threads took: 0.0001782 seconds
[2022-06-13T03:14:05.364+0000][1][safepoint    ] Application time: 0.2866692 seconds
[2022-06-13T03:14:05.364+0000][1][safepoint    ] Entering safepoint region: GenCollectForAllocation
[2022-06-13T03:14:05.364+0000][1][gc,start     ] GC(29) Pause Young (Allocation Failure)
[2022-06-13T03:14:05.364+0000][1][gc,task      ] GC(29) Using 5 workers of 13 for evacuation
[2022-06-13T03:14:05.366+0000][1][gc,age       ] GC(29) Desired survivor size 4456448 bytes, new threshold 6 (max threshold 6)
[2022-06-13T03:14:05.366+0000][1][gc,age       ] GC(29) Age table with threshold 6 (max threshold 6)
[2022-06-13T03:14:05.366+0000][1][gc,age       ] GC(29) - age   1:      31624 bytes,      31624 total
[2022-06-13T03:14:05.366+0000][1][gc,age       ] GC(29) - age   2:      14328 bytes,      45952 total
[2022-06-13T03:14:05.366+0000][1][gc,age       ] GC(29) - age   3:      13464 bytes,      59416 total
[2022-06-13T03:14:05.366+0000][1][gc,age       ] GC(29) - age   4:      14408 bytes,      73824 total
[2022-06-13T03:14:05.366+0000][1][gc,age       ] GC(29) - age   5:      13824 bytes,      87648 total
[2022-06-13T03:14:05.366+0000][1][gc,age       ] GC(29) - age   6:      17032 bytes,     104680 total
[2022-06-13T03:14:05.367+0000][1][gc,heap      ] GC(29) ParNew: 70729K->262K(78656K)
[2022-06-13T03:14:05.367+0000][1][gc,heap      ] GC(29) CMS: 68676K->68724K(174784K)
[2022-06-13T03:14:05.367+0000][1][gc,metaspace ] GC(29) Metaspace: 64348K->64348K(1107968K)
[2022-06-13T03:14:05.367+0000][1][gc           ] GC(29) Pause Young (Allocation Failure) 136M->67M(247M) 2.828ms
[2022-06-13T03:14:05.367+0000][1][gc,cpu       ] GC(29) User=0.01s Sys=0.00s Real=0.00s
[2022-06-13T03:14:05.367+0000][1][safepoint    ] Leaving safepoint region
[2022-06-13T03:14:05.367+0000][1][safepoint    ] Total time for which application threads were stopped: 0.0034408 seconds, Stopping threads took: 0.0001574 seconds
[2022-06-13T03:14:06.368+0000][1][safepoint    ] Application time: 1.0001684 seconds
[2022-06-13T03:14:06.368+0000][1][safepoint    ] Entering safepoint region: Cleanup
[2022-06-13T03:14:06.368+0000][1][safepoint    ] Leaving safepoint region
[2022-06-13T03:14:06.368+0000][1][safepoint    ] Total time for which application threads were stopped: 0.0006420 seconds, Stopping threads took: 0.0003263 seconds
[2022-06-13T03:14:07.369+0000][1][safepoint    ] Application time: 1.0000982 seconds
[2022-06-13T03:14:07.369+0000][1][safepoint    ] Entering safepoint region: Cleanup
[2022-06-13T03:14:07.369+0000][1][safepoint    ] Leaving safepoint region
[2022-06-13T03:14:07.370+0000][1][safepoint    ] Total time for which application threads were stopped: 0.0006049 seconds, Stopping threads took: 0.0002283 seconds
[2022-06-13T03:14:08.370+0000][1][safepoint    ] Application time: 1.0001135 seconds
[2022-06-13T03:14:08.370+0000][1][safepoint    ] Entering safepoint region: Cleanup
[2022-06-13T03:14:08.371+0000][1][safepoint    ] Leaving safepoint region
[2022-06-13T03:14:08.371+0000][1][safepoint    ] Total time for which application threads were stopped: 0.0007587 seconds, Stopping threads took: 0.0002753 seconds
[2022-06-13T03:14:09.371+0000][1][safepoint    ] Application time: 1.0001008 seconds
[2022-06-13T03:14:09.371+0000][1][safepoint    ] Entering safepoint region: Cleanup
[2022-06-13T03:14:09.372+0000][1][safepoint    ] Leaving safepoint region
[2022-06-13T03:14:09.372+0000][1][safepoint    ] Total time for which application threads were stopped: 0.0003302 seconds, Stopping threads took: 0.0001460 seconds
[2022-06-13T03:14:10.372+0000][1][safepoint    ] Application time: 1.0001006 seconds
[2022-06-13T03:14:10.372+0000][1][safepoint    ] Entering safepoint region: Cleanup
[2022-06-13T03:14:10.372+0000][1][safepoint    ] Leaving safepoint region
[2022-06-13T03:14:10.372+0000][1][safepoint    ] Total time for which application threads were stopped: 0.0003344 seconds, Stopping threads took: 0.0001402 seconds
[2022-06-13T03:14:11.373+0000][1][safepoint    ] Application time: 1.0000912 seconds
[2022-06-13T03:14:11.373+0000][1][safepoint    ] Entering safepoint region: Cleanup
[2022-06-13T03:14:11.373+0000][1][safepoint    ] Leaving safepoint region
[2022-06-13T03:14:11.373+0000][1][safepoint    ] Total time for which application threads were stopped: 0.0003537 seconds, Stopping threads took: 0.0001382 seconds
[2022-06-13T03:14:12.373+0000][1][safepoint    ] Application time: 1.0000969 seconds
[2022-06-13T03:14:12.373+0000][1][safepoint    ] Entering safepoint region: Cleanup
[2022-06-13T03:14:12.374+0000][1][safepoint    ] Leaving safepoint region
[2022-06-13T03:14:12.374+0000][1][safepoint    ] Total time for which application threads were stopped: 0.0003381 seconds, Stopping threads took: 0.0001438 seconds
[2022-06-13T03:14:13.374+0000][1][safepoint    ] Application time: 1.0001087 seconds
[2022-06-13T03:14:13.374+0000][1][safepoint    ] Entering safepoint region: Cleanup
[2022-06-13T03:14:13.375+0000][1][safepoint    ] Leaving safepoint region
[2022-06-13T03:14:13.375+0000][1][safepoint    ] Total time for which application threads were stopped: 0.0003803 seconds, Stopping threads took: 0.0001437 seconds
[2022-06-13T03:14:14.711+0000][1][safepoint    ] Application time: 1.3358098 seconds
[2022-06-13T03:14:14.711+0000][1][safepoint    ] Entering safepoint region: Cleanup
[2022-06-13T03:14:14.711+0000][1][safepoint    ] Leaving safepoint region
[2022-06-13T03:14:14.711+0000][1][safepoint    ] Total time for which application threads were stopped: 0.0003833 seconds, Stopping threads took: 0.0001424 seconds
[2022-06-13T03:14:15.711+0000][1][safepoint    ] Application time: 1.0001337 seconds
[2022-06-13T03:14:15.712+0000][1][safepoint    ] Entering safepoint region: Cleanup
[2022-06-13T03:14:15.712+0000][1][safepoint    ] Leaving safepoint region
[2022-06-13T03:14:15.712+0000][1][safepoint    ] Total time for which application threads were stopped: 0.0004032 seconds, Stopping threads took: 0.0001870 seconds
[2022-06-13T03:14:16.712+0000][1][safepoint    ] Application time: 1.0001558 seconds
[2022-06-13T03:14:16.712+0000][1][safepoint    ] Entering safepoint region: Cleanup
[2022-06-13T03:14:16.713+0000][1][safepoint    ] Leaving safepoint region
[2022-06-13T03:14:16.713+0000][1][safepoint    ] Total time for which application threads were stopped: 0.0003497 seconds, Stopping threads took: 0.0001386 seconds
[2022-06-13T03:14:17.713+0000][1][safepoint    ] Application time: 1.0001115 seconds
[2022-06-13T03:14:17.713+0000][1][safepoint    ] Entering safepoint region: Cleanup
[2022-06-13T03:14:17.713+0000][1][safepoint    ] Leaving safepoint region
[2022-06-13T03:14:17.714+0000][1][safepoint    ] Total time for which application threads were stopped: 0.0004421 seconds, Stopping threads took: 0.0001806 seconds
[2022-06-13T03:14:18.714+0000][1][safepoint    ] Application time: 1.0001000 seconds
[2022-06-13T03:14:18.714+0000][1][safepoint    ] Entering safepoint region: Cleanup
[2022-06-13T03:14:18.714+0000][1][safepoint    ] Leaving safepoint region
[2022-06-13T03:14:18.714+0000][1][safepoint    ] Total time for which application threads were stopped: 0.0004118 seconds, Stopping threads took: 0.0001620 seconds
[2022-06-13T03:14:19.715+0000][1][safepoint    ] Application time: 1.0001202 seconds
[2022-06-13T03:14:19.715+0000][1][safepoint    ] Entering safepoint region: Cleanup
[2022-06-13T03:14:19.715+0000][1][safepoint    ] Leaving safepoint region
[2022-06-13T03:14:19.715+0000][1][safepoint    ] Total time for which application threads were stopped: 0.0004338 seconds, Stopping threads took: 0.0001975 seconds
[2022-06-13T03:14:20.715+0000][1][safepoint    ] Application time: 1.0001102 seconds
[2022-06-13T03:14:20.716+0000][1][safepoint    ] Entering safepoint region: Cleanup
[2022-06-13T03:14:20.716+0000][1][safepoint    ] Leaving safepoint region
[2022-06-13T03:14:20.716+0000][1][safepoint    ] Total time for which application threads were stopped: 0.0003716 seconds, Stopping threads took: 0.0001414 seconds
[2022-06-13T03:14:21.716+0000][1][safepoint    ] Application time: 1.0001373 seconds
[2022-06-13T03:14:21.716+0000][1][safepoint    ] Entering safepoint region: Cleanup
[2022-06-13T03:14:21.717+0000][1][safepoint    ] Leaving safepoint region
[2022-06-13T03:14:21.717+0000][1][safepoint    ] Total time for which application threads were stopped: 0.0003936 seconds, Stopping threads took: 0.0001795 seconds
[2022-06-13T03:14:22.717+0000][1][safepoint    ] Application time: 1.0000965 seconds
[2022-06-13T03:14:22.717+0000][1][safepoint    ] Entering safepoint region: Cleanup
[2022-06-13T03:14:22.717+0000][1][safepoint    ] Leaving safepoint region
[2022-06-13T03:14:22.718+0000][1][safepoint    ] Total time for which application threads were stopped: 0.0003450 seconds, Stopping threads took: 0.0001446 seconds
[2022-06-13T03:14:23.718+0000][1][safepoint    ] Application time: 1.0000882 seconds
[2022-06-13T03:14:23.718+0000][1][safepoint    ] Entering safepoint region: Cleanup
[2022-06-13T03:14:23.718+0000][1][safepoint    ] Leaving safepoint region
[2022-06-13T03:14:23.719+0000][1][safepoint    ] Total time for which application threads were stopped: 0.0005049 seconds, Stopping threads took: 0.0002751 seconds
[2022-06-13T03:14:24.719+0000][1][safepoint    ] Application time: 1.0001452 seconds
[2022-06-13T03:14:24.719+0000][1][safepoint    ] Entering safepoint region: Cleanup
[2022-06-13T03:14:24.719+0000][1][safepoint    ] Leaving safepoint region
[2022-06-13T03:14:24.719+0000][1][safepoint    ] Total time for which application threads were stopped: 0.0004062 seconds, Stopping threads took: 0.0002037 seconds
[2022-06-13T03:14:25.720+0000][1][safepoint    ] Application time: 1.0000976 seconds
[2022-06-13T03:14:25.720+0000][1][safepoint    ] Entering safepoint region: Cleanup
[2022-06-13T03:14:25.720+0000][1][safepoint    ] Leaving safepoint region
[2022-06-13T03:14:25.720+0000][1][safepoint    ] Total time for which application threads were stopped: 0.0004342 seconds, Stopping threads took: 0.0001785 seconds
[2022-06-13T03:14:26.720+0000][1][safepoint    ] Application time: 1.0000902 seconds
[2022-06-13T03:14:26.721+0000][1][safepoint    ] Entering safepoint region: Cleanup
[2022-06-13T03:14:26.721+0000][1][safepoint    ] Leaving safepoint region
[2022-06-13T03:14:26.721+0000][1][safepoint    ] Total time for which application threads were stopped: 0.0003427 seconds, Stopping threads took: 0.0001291 seconds
[2022-06-13T03:14:27.721+0000][1][safepoint    ] Application time: 1.0000920 seconds
[2022-06-13T03:14:27.721+0000][1][safepoint    ] Entering safepoint region: Cleanup
[2022-06-13T03:14:27.722+0000][1][safepoint    ] Leaving safepoint region
[2022-06-13T03:14:27.722+0000][1][safepoint    ] Total time for which application threads were stopped: 0.0003435 seconds, Stopping threads took: 0.0001576 seconds
[2022-06-13T03:14:28.722+0000][1][safepoint    ] Application time: 1.0000956 seconds
[2022-06-13T03:14:28.722+0000][1][safepoint    ] Entering safepoint region: Cleanup
[2022-06-13T03:14:28.722+0000][1][safepoint    ] Leaving safepoint region
[2022-06-13T03:14:28.722+0000][1][safepoint    ] Total time for which application threads were stopped: 0.0003736 seconds, Stopping threads took: 0.0001629 seconds
[2022-06-13T03:14:29.723+0000][1][safepoint    ] Application time: 1.0000953 seconds
[2022-06-13T03:14:29.723+0000][1][safepoint    ] Entering safepoint region: Cleanup
[2022-06-13T03:14:29.723+0000][1][safepoint    ] Leaving safepoint region
[2022-06-13T03:14:29.723+0000][1][safepoint    ] Total time for which application threads were stopped: 0.0003908 seconds, Stopping threads took: 0.0001464 seconds
[2022-06-13T03:14:30.723+0000][1][safepoint    ] Application time: 1.0001816 seconds
[2022-06-13T03:14:30.724+0000][1][safepoint    ] Entering safepoint region: Cleanup
[2022-06-13T03:14:30.725+0000][1][safepoint    ] Leaving safepoint region
[2022-06-13T03:14:30.725+0000][1][safepoint    ] Total time for which application threads were stopped: 0.0013009 seconds, Stopping threads took: 0.0005812 seconds
[2022-06-13T03:14:31.726+0000][1][safepoint    ] Application time: 1.0001962 seconds
[2022-06-13T03:14:31.727+0000][1][safepoint    ] Entering safepoint region: Cleanup
[2022-06-13T03:14:31.727+0000][1][safepoint    ] Leaving safepoint region
[2022-06-13T03:14:31.728+0000][1][safepoint    ] Total time for which application threads were stopped: 0.0012169 seconds, Stopping threads took: 0.0005662 seconds
[2022-06-13T03:14:32.728+0000][1][safepoint    ] Application time: 1.0001333 seconds
[2022-06-13T03:14:32.729+0000][1][safepoint    ] Entering safepoint region: Cleanup
[2022-06-13T03:14:32.729+0000][1][safepoint    ] Leaving safepoint region
[2022-06-13T03:14:32.729+0000][1][safepoint    ] Total time for which application threads were stopped: 0.0005910 seconds, Stopping threads took: 0.0002376 seconds
[2022-06-13T03:14:33.730+0000][1][safepoint    ] Application time: 1.0002168 seconds
[2022-06-13T03:14:33.730+0000][1][safepoint    ] Entering safepoint region: Cleanup
[2022-06-13T03:14:33.731+0000][1][safepoint    ] Leaving safepoint region
[2022-06-13T03:14:33.731+0000][1][safepoint    ] Total time for which application threads were stopped: 0.0009856 seconds, Stopping threads took: 0.0004128 seconds
[2022-06-13T03:14:34.732+0000][1][safepoint    ] Application time: 1.0001834 seconds
[2022-06-13T03:14:34.732+0000][1][safepoint    ] Entering safepoint region: Cleanup
[2022-06-13T03:14:34.733+0000][1][safepoint    ] Leaving safepoint region
[2022-06-13T03:14:34.733+0000][1][safepoint    ] Total time for which application threads were stopped: 0.0007644 seconds, Stopping threads took: 0.0003149 seconds
[2022-06-13T03:14:35.733+0000][1][safepoint    ] Application time: 1.0002652 seconds
[2022-06-13T03:14:35.734+0000][1][safepoint    ] Entering safepoint region: Cleanup
[2022-06-13T03:14:35.735+0000][1][safepoint    ] Leaving safepoint region
[2022-06-13T03:14:35.735+0000][1][safepoint    ] Total time for which application threads were stopped: 0.0009411 seconds, Stopping threads took: 0.0004296 seconds
[2022-06-13T03:14:36.735+0000][1][safepoint    ] Application time: 1.0002441 seconds
[2022-06-13T03:14:36.736+0000][1][safepoint    ] Entering safepoint region: Cleanup
[2022-06-13T03:14:36.736+0000][1][safepoint    ] Leaving safepoint region
[2022-06-13T03:14:36.737+0000][1][safepoint    ] Total time for which application threads were stopped: 0.0008673 seconds, Stopping threads took: 0.0004478 seconds
[2022-06-13T03:14:40.738+0000][1][safepoint    ] Application time: 4.0007657 seconds
[2022-06-13T03:14:40.738+0000][1][safepoint    ] Entering safepoint region: Cleanup
[2022-06-13T03:14:40.739+0000][1][safepoint    ] Leaving safepoint region
[2022-06-13T03:14:40.739+0000][1][safepoint    ] Total time for which application threads were stopped: 0.0011539 seconds, Stopping threads took: 0.0005112 seconds
[2022-06-13T03:14:45.741+0000][1][safepoint    ] Application time: 5.0009104 seconds
[2022-06-13T03:14:45.741+0000][1][safepoint    ] Entering safepoint region: Cleanup
[2022-06-13T03:14:45.742+0000][1][safepoint    ] Leaving safepoint region
[2022-06-13T03:14:45.742+0000][1][safepoint    ] Total time for which application threads were stopped: 0.0009613 seconds, Stopping threads took: 0.0004292 seconds
[2022-06-13T03:14:49.743+0000][1][safepoint    ] Application time: 4.0007284 seconds
[2022-06-13T03:14:49.744+0000][1][safepoint    ] Entering safepoint region: Cleanup
[2022-06-13T03:14:49.745+0000][1][safepoint    ] Leaving safepoint region
[2022-06-13T03:14:49.745+0000][1][safepoint    ] Total time for which application threads were stopped: 0.0012747 seconds, Stopping threads took: 0.0005607 seconds
[2022-06-13T03:14:50.746+0000][1][safepoint    ] Application time: 1.0001593 seconds
[2022-06-13T03:14:50.746+0000][1][safepoint    ] Entering safepoint region: Cleanup
[2022-06-13T03:14:50.747+0000][1][safepoint    ] Leaving safepoint region
[2022-06-13T03:14:50.747+0000][1][safepoint    ] Total time for which application threads were stopped: 0.0004077 seconds, Stopping threads took: 0.0001761 seconds
[2022-06-13T03:14:51.747+0000][1][safepoint    ] Application time: 1.0001648 seconds
[2022-06-13T03:14:51.747+0000][1][safepoint    ] Entering safepoint region: Cleanup
[2022-06-13T03:14:51.748+0000][1][safepoint    ] Leaving safepoint region
[2022-06-13T03:14:51.748+0000][1][safepoint    ] Total time for which application threads were stopped: 0.0007700 seconds, Stopping threads took: 0.0003706 seconds
[2022-06-13T03:14:52.748+0000][1][safepoint    ] Application time: 1.0001330 seconds
[2022-06-13T03:14:52.749+0000][1][safepoint    ] Entering safepoint region: Cleanup
[2022-06-13T03:14:52.749+0000][1][safepoint    ] Leaving safepoint region
[2022-06-13T03:14:52.749+0000][1][safepoint    ] Total time for which application threads were stopped: 0.0004459 seconds, Stopping threads took: 0.0002193 seconds
[2022-06-13T03:14:53.749+0000][1][safepoint    ] Application time: 1.0001360 seconds
[2022-06-13T03:14:53.750+0000][1][safepoint    ] Entering safepoint region: Cleanup
[2022-06-13T03:14:53.751+0000][1][safepoint    ] Leaving safepoint region
[2022-06-13T03:14:53.751+0000][1][safepoint    ] Total time for which application threads were stopped: 0.0010062 seconds, Stopping threads took: 0.0004691 seconds
[2022-06-13T03:14:54.752+0000][1][safepoint    ] Application time: 1.0002084 seconds
[2022-06-13T03:14:54.752+0000][1][safepoint    ] Entering safepoint region: Cleanup
[2022-06-13T03:14:54.753+0000][1][safepoint    ] Leaving safepoint region
[2022-06-13T03:14:54.753+0000][1][safepoint    ] Total time for which application threads were stopped: 0.0010861 seconds, Stopping threads took: 0.0004947 seconds
[2022-06-13T03:14:55.754+0000][1][safepoint    ] Application time: 1.0001234 seconds
[2022-06-13T03:14:55.754+0000][1][safepoint    ] Entering safepoint region: Cleanup
[2022-06-13T03:14:55.754+0000][1][safepoint    ] Leaving safepoint region
[2022-06-13T03:14:55.755+0000][1][safepoint    ] Total time for which application threads were stopped: 0.0008188 seconds, Stopping threads took: 0.0003370 seconds
[2022-06-13T03:14:56.755+0000][1][safepoint    ] Application time: 1.0002517 seconds
[2022-06-13T03:14:56.756+0000][1][safepoint    ] Entering safepoint region: Cleanup
[2022-06-13T03:14:56.756+0000][1][safepoint    ] Leaving safepoint region
[2022-06-13T03:14:56.757+0000][1][safepoint    ] Total time for which application threads were stopped: 0.0008188 seconds, Stopping threads took: 0.0003577 seconds
[2022-06-13T03:14:57.757+0000][1][safepoint    ] Application time: 1.0002682 seconds
[2022-06-13T03:14:57.758+0000][1][safepoint    ] Entering safepoint region: Cleanup
[2022-06-13T03:14:57.758+0000][1][safepoint    ] Leaving safepoint region
[2022-06-13T03:14:57.759+0000][1][safepoint    ] Total time for which application threads were stopped: 0.0008981 seconds, Stopping threads took: 0.0004232 seconds
[2022-06-13T03:14:58.759+0000][1][safepoint    ] Application time: 1.0001337 seconds
[2022-06-13T03:14:58.759+0000][1][safepoint    ] Entering safepoint region: Cleanup
[2022-06-13T03:14:58.760+0000][1][safepoint    ] Leaving safepoint region
[2022-06-13T03:14:58.760+0000][1][safepoint    ] Total time for which application threads were stopped: 0.0006232 seconds, Stopping threads took: 0.0002755 seconds
[2022-06-13T03:14:59.760+0000][1][safepoint    ] Application time: 1.0001772 seconds
[2022-06-13T03:14:59.761+0000][1][safepoint    ] Entering safepoint region: Cleanup
[2022-06-13T03:14:59.762+0000][1][safepoint    ] Leaving safepoint region
[2022-06-13T03:14:59.762+0000][1][safepoint    ] Total time for which application threads were stopped: 0.0012812 seconds, Stopping threads took: 0.0005468 seconds
[2022-06-13T03:15:00.763+0000][1][safepoint    ] Application time: 1.0001886 seconds
[2022-06-13T03:15:00.763+0000][1][safepoint    ] Entering safepoint region: Cleanup
[2022-06-13T03:15:00.764+0000][1][safepoint    ] Leaving safepoint region
[2022-06-13T03:15:00.764+0000][1][safepoint    ] Total time for which application threads were stopped: 0.0008146 seconds, Stopping threads took: 0.0003773 seconds
[2022-06-13T03:15:01.765+0000][1][safepoint    ] Application time: 1.0003215 seconds
[2022-06-13T03:15:01.766+0000][1][safepoint    ] Entering safepoint region: Cleanup
[2022-06-13T03:15:01.766+0000][1][safepoint    ] Leaving safepoint region
[2022-06-13T03:15:01.767+0000][1][safepoint    ] Total time for which application threads were stopped: 0.0011515 seconds, Stopping threads took: 0.0005079 seconds
[2022-06-13T03:15:02.767+0000][1][safepoint    ] Application time: 1.0001916 seconds
[2022-06-13T03:15:02.768+0000][1][safepoint    ] Entering safepoint region: Cleanup
[2022-06-13T03:15:02.768+0000][1][safepoint    ] Leaving safepoint region
[2022-06-13T03:15:02.769+0000][1][safepoint    ] Total time for which application threads were stopped: 0.0009215 seconds, Stopping threads took: 0.0004322 seconds
[2022-06-13T03:15:03.769+0000][1][safepoint    ] Application time: 1.0002111 seconds
[2022-06-13T03:15:03.770+0000][1][safepoint    ] Entering safepoint region: Cleanup
[2022-06-13T03:15:03.771+0000][1][safepoint    ] Leaving safepoint region
[2022-06-13T03:15:03.771+0000][1][safepoint    ] Total time for which application threads were stopped: 0.0013593 seconds, Stopping threads took: 0.0006162 seconds
[2022-06-13T03:15:04.772+0000][1][safepoint    ] Application time: 1.0002005 seconds
[2022-06-13T03:15:04.772+0000][1][safepoint    ] Entering safepoint region: Cleanup
[2022-06-13T03:15:04.773+0000][1][safepoint    ] Leaving safepoint region
[2022-06-13T03:15:04.773+0000][1][safepoint    ] Total time for which application threads were stopped: 0.0006893 seconds, Stopping threads took: 0.0003300 seconds
[2022-06-13T03:15:05.774+0000][1][safepoint    ] Application time: 1.0002637 seconds
[2022-06-13T03:15:05.774+0000][1][safepoint    ] Entering safepoint region: Cleanup
[2022-06-13T03:15:05.774+0000][1][safepoint    ] Leaving safepoint region
[2022-06-13T03:15:05.775+0000][1][safepoint    ] Total time for which application threads were stopped: 0.0008424 seconds, Stopping threads took: 0.0003526 seconds
[2022-06-13T03:15:06.775+0000][1][safepoint    ] Application time: 1.0002306 seconds
[2022-06-13T03:15:06.776+0000][1][safepoint    ] Entering safepoint region: Cleanup
[2022-06-13T03:15:06.776+0000][1][safepoint    ] Leaving safepoint region
[2022-06-13T03:15:06.777+0000][1][safepoint    ] Total time for which application threads were stopped: 0.0010780 seconds, Stopping threads took: 0.0005022 seconds
[2022-06-13T03:15:07.777+0000][1][safepoint    ] Application time: 1.0001496 seconds
[2022-06-13T03:15:07.778+0000][1][safepoint    ] Entering safepoint region: Cleanup
[2022-06-13T03:15:07.778+0000][1][safepoint    ] Leaving safepoint region
[2022-06-13T03:15:07.778+0000][1][safepoint    ] Total time for which application threads were stopped: 0.0005629 seconds, Stopping threads took: 0.0002470 seconds
[2022-06-13T03:15:08.778+0000][1][safepoint    ] Application time: 1.0001017 seconds
[2022-06-13T03:15:08.779+0000][1][safepoint    ] Entering safepoint region: Cleanup
[2022-06-13T03:15:08.779+0000][1][safepoint    ] Leaving safepoint region
[2022-06-13T03:15:08.780+0000][1][safepoint    ] Total time for which application threads were stopped: 0.0007675 seconds, Stopping threads took: 0.0003936 seconds
[2022-06-13T03:15:09.780+0000][1][safepoint    ] Application time: 1.0002151 seconds
[2022-06-13T03:15:09.781+0000][1][safepoint    ] Entering safepoint region: Cleanup
[2022-06-13T03:15:09.781+0000][1][safepoint    ] Leaving safepoint region
[2022-06-13T03:15:09.782+0000][1][safepoint    ] Total time for which application threads were stopped: 0.0008372 seconds, Stopping threads took: 0.0003890 seconds
[2022-06-13T03:15:10.782+0000][1][safepoint    ] Application time: 1.0001686 seconds
[2022-06-13T03:15:10.783+0000][1][safepoint    ] Entering safepoint region: Cleanup
[2022-06-13T03:15:10.783+0000][1][safepoint    ] Leaving safepoint region
[2022-06-13T03:15:10.783+0000][1][safepoint    ] Total time for which application threads were stopped: 0.0006179 seconds, Stopping threads took: 0.0002927 seconds
[2022-06-13T03:15:11.784+0000][1][safepoint    ] Application time: 1.0001600 seconds
[2022-06-13T03:15:11.784+0000][1][safepoint    ] Entering safepoint region: Cleanup
[2022-06-13T03:15:11.784+0000][1][safepoint    ] Leaving safepoint region
[2022-06-13T03:15:11.785+0000][1][safepoint    ] Total time for which application threads were stopped: 0.0007450 seconds, Stopping threads took: 0.0003796 seconds
[2022-06-13T03:15:12.785+0000][1][safepoint    ] Application time: 1.0000948 seconds
[2022-06-13T03:15:12.785+0000][1][safepoint    ] Entering safepoint region: Cleanup
[2022-06-13T03:15:12.786+0000][1][safepoint    ] Leaving safepoint region
[2022-06-13T03:15:12.786+0000][1][safepoint    ] Total time for which application threads were stopped: 0.0006417 seconds, Stopping threads took: 0.0003653 seconds
[2022-06-13T03:15:13.786+0000][1][safepoint    ] Application time: 1.0002345 seconds
[2022-06-13T03:15:13.787+0000][1][safepoint    ] Entering safepoint region: Cleanup
[2022-06-13T03:15:13.787+0000][1][safepoint    ] Leaving safepoint region
[2022-06-13T03:15:13.788+0000][1][safepoint    ] Total time for which application threads were stopped: 0.0010319 seconds, Stopping threads took: 0.0004682 seconds
[2022-06-13T03:15:14.788+0000][1][safepoint    ] Application time: 1.0002110 seconds
[2022-06-13T03:15:14.789+0000][1][safepoint    ] Entering safepoint region: Cleanup
[2022-06-13T03:15:14.789+0000][1][safepoint    ] Leaving safepoint region
[2022-06-13T03:15:14.790+0000][1][safepoint    ] Total time for which application threads were stopped: 0.0009074 seconds, Stopping threads took: 0.0003871 seconds
[2022-06-13T03:15:15.790+0000][1][safepoint    ] Application time: 1.0001894 seconds
[2022-06-13T03:15:15.791+0000][1][safepoint    ] Entering safepoint region: Cleanup
[2022-06-13T03:15:15.792+0000][1][safepoint    ] Leaving safepoint region
[2022-06-13T03:15:15.792+0000][1][safepoint    ] Total time for which application threads were stopped: 0.0013717 seconds, Stopping threads took: 0.0006523 seconds
[2022-06-13T03:15:16.793+0000][1][safepoint    ] Application time: 1.0001580 seconds
[2022-06-13T03:15:16.794+0000][1][safepoint    ] Entering safepoint region: Cleanup
[2022-06-13T03:15:16.794+0000][1][safepoint    ] Leaving safepoint region
[2022-06-13T03:15:16.795+0000][1][safepoint    ] Total time for which application threads were stopped: 0.0009232 seconds, Stopping threads took: 0.0005011 seconds
[2022-06-13T03:15:17.795+0000][1][safepoint    ] Application time: 1.0001166 seconds
[2022-06-13T03:15:17.795+0000][1][safepoint    ] Entering safepoint region: Cleanup
[2022-06-13T03:15:17.796+0000][1][safepoint    ] Leaving safepoint region
[2022-06-13T03:15:17.796+0000][1][safepoint    ] Total time for which application threads were stopped: 0.0005959 seconds, Stopping threads took: 0.0002786 seconds
[2022-06-13T03:15:18.796+0000][1][safepoint    ] Application time: 1.0001643 seconds
[2022-06-13T03:15:18.797+0000][1][safepoint    ] Entering safepoint region: Cleanup
[2022-06-13T03:15:18.797+0000][1][safepoint    ] Leaving safepoint region
[2022-06-13T03:15:18.797+0000][1][safepoint    ] Total time for which application threads were stopped: 0.0005168 seconds, Stopping threads took: 0.0002549 seconds
[2022-06-13T03:15:19.798+0000][1][safepoint    ] Application time: 1.0001876 seconds
[2022-06-13T03:15:19.798+0000][1][safepoint    ] Entering safepoint region: Cleanup
[2022-06-13T03:15:19.799+0000][1][safepoint    ] Leaving safepoint region
[2022-06-13T03:15:19.800+0000][1][safepoint    ] Total time for which application threads were stopped: 0.0012105 seconds, Stopping threads took: 0.0005290 seconds
[2022-06-13T03:15:20.800+0000][1][safepoint    ] Application time: 1.0001892 seconds
[2022-06-13T03:15:20.801+0000][1][safepoint    ] Entering safepoint region: Cleanup
[2022-06-13T03:15:20.801+0000][1][safepoint    ] Leaving safepoint region
[2022-06-13T03:15:20.801+0000][1][safepoint    ] Total time for which application threads were stopped: 0.0008171 seconds, Stopping threads took: 0.0003850 seconds
[2022-06-13T03:15:21.802+0000][1][safepoint    ] Application time: 1.0001109 seconds
[2022-06-13T03:15:21.802+0000][1][safepoint    ] Entering safepoint region: Cleanup
[2022-06-13T03:15:21.803+0000][1][safepoint    ] Leaving safepoint region
[2022-06-13T03:15:21.803+0000][1][safepoint    ] Total time for which application threads were stopped: 0.0009177 seconds, Stopping threads took: 0.0004597 seconds
[2022-06-13T03:15:22.804+0000][1][safepoint    ] Application time: 1.0001377 seconds
[2022-06-13T03:15:22.804+0000][1][safepoint    ] Entering safepoint region: Cleanup
[2022-06-13T03:15:22.805+0000][1][safepoint    ] Leaving safepoint region
[2022-06-13T03:15:22.805+0000][1][safepoint    ] Total time for which application threads were stopped: 0.0011417 seconds, Stopping threads took: 0.0005268 seconds
[2022-06-13T03:15:23.806+0000][1][safepoint    ] Application time: 1.0001902 seconds
[2022-06-13T03:15:23.806+0000][1][safepoint    ] Entering safepoint region: Cleanup
[2022-06-13T03:15:23.807+0000][1][safepoint    ] Leaving safepoint region
[2022-06-13T03:15:23.807+0000][1][safepoint    ] Total time for which application threads were stopped: 0.0009560 seconds, Stopping threads took: 0.0004335 seconds
[2022-06-13T03:15:24.808+0000][1][safepoint    ] Application time: 1.0001712 seconds
[2022-06-13T03:15:24.808+0000][1][safepoint    ] Entering safepoint region: Cleanup
[2022-06-13T03:15:24.809+0000][1][safepoint    ] Leaving safepoint region
[2022-06-13T03:15:24.810+0000][1][safepoint    ] Total time for which application threads were stopped: 0.0011397 seconds, Stopping threads took: 0.0005718 seconds
[2022-06-13T03:15:25.810+0000][1][safepoint    ] Application time: 1.0001277 seconds
[2022-06-13T03:15:25.811+0000][1][safepoint    ] Entering safepoint region: Cleanup
[2022-06-13T03:15:25.811+0000][1][safepoint    ] Leaving safepoint region
[2022-06-13T03:15:25.811+0000][1][safepoint    ] Total time for which application threads were stopped: 0.0006611 seconds, Stopping threads took: 0.0003403 seconds
[2022-06-13T03:15:26.812+0000][1][safepoint    ] Application time: 1.0001490 seconds
[2022-06-13T03:15:26.813+0000][1][safepoint    ] Entering safepoint region: Cleanup
[2022-06-13T03:15:26.813+0000][1][safepoint    ] Leaving safepoint region
[2022-06-13T03:15:26.813+0000][1][safepoint    ] Total time for which application threads were stopped: 0.0007362 seconds, Stopping threads took: 0.0003612 seconds
[2022-06-13T03:15:27.814+0000][1][safepoint    ] Application time: 1.0001556 seconds
[2022-06-13T03:15:27.814+0000][1][safepoint    ] Entering safepoint region: Cleanup
[2022-06-13T03:15:27.814+0000][1][safepoint    ] Leaving safepoint region
[2022-06-13T03:15:27.814+0000][1][safepoint    ] Total time for which application threads were stopped: 0.0004127 seconds, Stopping threads took: 0.0001694 seconds
[2022-06-13T03:15:28.815+0000][1][safepoint    ] Application time: 1.0001918 seconds
[2022-06-13T03:15:28.815+0000][1][safepoint    ] Entering safepoint region: Cleanup
[2022-06-13T03:15:28.816+0000][1][safepoint    ] Leaving safepoint region
[2022-06-13T03:15:28.816+0000][1][safepoint    ] Total time for which application threads were stopped: 0.0010485 seconds, Stopping threads took: 0.0004734 seconds
[2022-06-13T03:15:29.817+0000][1][safepoint    ] Application time: 1.0001419 seconds
[2022-06-13T03:15:29.817+0000][1][safepoint    ] Entering safepoint region: Cleanup
[2022-06-13T03:15:29.818+0000][1][safepoint    ] Leaving safepoint region
[2022-06-13T03:15:29.818+0000][1][safepoint    ] Total time for which application threads were stopped: 0.0007705 seconds, Stopping threads took: 0.0003543 seconds
[2022-06-13T03:15:30.818+0000][1][safepoint    ] Application time: 1.0000912 seconds
[2022-06-13T03:15:30.818+0000][1][safepoint    ] Entering safepoint region: Cleanup
[2022-06-13T03:15:30.819+0000][1][safepoint    ] Leaving safepoint region
[2022-06-13T03:15:30.819+0000][1][safepoint    ] Total time for which application threads were stopped: 0.0008888 seconds, Stopping threads took: 0.0004349 seconds
[2022-06-13T03:15:31.820+0000][1][safepoint    ] Application time: 1.0002136 seconds
[2022-06-13T03:15:31.820+0000][1][safepoint    ] Entering safepoint region: Cleanup
[2022-06-13T03:15:31.821+0000][1][safepoint    ] Leaving safepoint region
[2022-06-13T03:15:31.821+0000][1][safepoint    ] Total time for which application threads were stopped: 0.0008135 seconds, Stopping threads took: 0.0002816 seconds
[2022-06-13T03:15:32.822+0000][1][safepoint    ] Application time: 1.0003615 seconds
[2022-06-13T03:15:32.822+0000][1][safepoint    ] Entering safepoint region: Cleanup
[2022-06-13T03:15:32.823+0000][1][safepoint    ] Leaving safepoint region
[2022-06-13T03:15:32.823+0000][1][safepoint    ] Total time for which application threads were stopped: 0.0010239 seconds, Stopping threads took: 0.0004533 seconds
[2022-06-13T03:15:33.824+0000][1][safepoint    ] Application time: 1.0003487 seconds
[2022-06-13T03:15:33.825+0000][1][safepoint    ] Entering safepoint region: Cleanup
[2022-06-13T03:15:33.826+0000][1][safepoint    ] Leaving safepoint region
[2022-06-13T03:15:33.826+0000][1][safepoint    ] Total time for which application threads were stopped: 0.0014976 seconds, Stopping threads took: 0.0006875 seconds
[2022-06-13T03:15:34.827+0000][1][safepoint    ] Application time: 1.0002538 seconds
[2022-06-13T03:15:34.828+0000][1][safepoint    ] Entering safepoint region: Cleanup
[2022-06-13T03:15:34.828+0000][1][safepoint    ] Leaving safepoint region
[2022-06-13T03:15:34.829+0000][1][safepoint    ] Total time for which application threads were stopped: 0.0011418 seconds, Stopping threads took: 0.0005665 seconds
[2022-06-13T03:15:35.829+0000][1][safepoint    ] Application time: 1.0001315 seconds
[2022-06-13T03:15:35.830+0000][1][safepoint    ] Entering safepoint region: Cleanup
[2022-06-13T03:15:35.831+0000][1][safepoint    ] Leaving safepoint region
[2022-06-13T03:15:35.832+0000][1][safepoint    ] Total time for which application threads were stopped: 0.0014501 seconds, Stopping threads took: 0.0006705 seconds
[2022-06-13T03:15:36.832+0000][1][safepoint    ] Application time: 1.0001982 seconds
[2022-06-13T03:15:36.833+0000][1][safepoint    ] Entering safepoint region: Cleanup
[2022-06-13T03:15:36.833+0000][1][safepoint    ] Leaving safepoint region
[2022-06-13T03:15:36.834+0000][1][safepoint    ] Total time for which application threads were stopped: 0.0006955 seconds, Stopping threads took: 0.0003460 seconds
[2022-06-13T03:15:38.415+0000][1][safepoint    ] Application time: 1.5807172 seconds
[2022-06-13T03:15:38.415+0000][1][safepoint    ] Entering safepoint region: Cleanup
[2022-06-13T03:15:38.416+0000][1][safepoint    ] Leaving safepoint region
[2022-06-13T03:15:38.416+0000][1][safepoint    ] Total time for which application threads were stopped: 0.0008800 seconds, Stopping threads took: 0.0005112 seconds
[2022-06-13T03:15:39.417+0000][1][safepoint    ] Application time: 1.0003328 seconds
[2022-06-13T03:15:39.417+0000][1][safepoint    ] Entering safepoint region: Cleanup
[2022-06-13T03:15:39.417+0000][1][safepoint    ] Leaving safepoint region
[2022-06-13T03:15:39.418+0000][1][safepoint    ] Total time for which application threads were stopped: 0.0006270 seconds, Stopping threads took: 0.0002337 seconds
[2022-06-13T03:15:40.418+0000][1][safepoint    ] Application time: 1.0002104 seconds
[2022-06-13T03:15:40.419+0000][1][safepoint    ] Entering safepoint region: Cleanup
[2022-06-13T03:15:40.419+0000][1][safepoint    ] Leaving safepoint region
[2022-06-13T03:15:40.419+0000][1][safepoint    ] Total time for which application threads were stopped: 0.0006758 seconds, Stopping threads took: 0.0002941 seconds
[2022-06-13T03:15:41.420+0000][1][safepoint    ] Application time: 1.0001611 seconds
[2022-06-13T03:15:41.420+0000][1][safepoint    ] Entering safepoint region: Cleanup
[2022-06-13T03:15:41.421+0000][1][safepoint    ] Leaving safepoint region
[2022-06-13T03:15:41.421+0000][1][safepoint    ] Total time for which application threads were stopped: 0.0005659 seconds, Stopping threads took: 0.0003349 seconds
[2022-06-13T03:15:42.421+0000][1][safepoint    ] Application time: 1.0001921 seconds
[2022-06-13T03:15:42.422+0000][1][safepoint    ] Entering safepoint region: Cleanup
[2022-06-13T03:15:42.422+0000][1][safepoint    ] Leaving safepoint region
[2022-06-13T03:15:42.422+0000][1][safepoint    ] Total time for which application threads were stopped: 0.0006164 seconds, Stopping threads took: 0.0003466 seconds
[2022-06-13T03:15:43.423+0000][1][safepoint    ] Application time: 1.0001866 seconds
[2022-06-13T03:15:43.423+0000][1][safepoint    ] Entering safepoint region: Cleanup
[2022-06-13T03:15:43.423+0000][1][safepoint    ] Leaving safepoint region
[2022-06-13T03:15:43.424+0000][1][safepoint    ] Total time for which application threads were stopped: 0.0005461 seconds, Stopping threads took: 0.0002530 seconds
[2022-06-13T03:15:44.424+0000][1][safepoint    ] Application time: 1.0001961 seconds
[2022-06-13T03:15:44.425+0000][1][safepoint    ] Entering safepoint region: Cleanup
[2022-06-13T03:15:44.426+0000][1][safepoint    ] Leaving safepoint region
[2022-06-13T03:15:44.426+0000][1][safepoint    ] Total time for which application threads were stopped: 0.0011397 seconds, Stopping threads took: 0.0006205 seconds
[2022-06-13T03:15:45.427+0000][1][safepoint    ] Application time: 1.0001679 seconds
[2022-06-13T03:15:45.427+0000][1][safepoint    ] Entering safepoint region: Cleanup
[2022-06-13T03:15:45.427+0000][1][safepoint    ] Leaving safepoint region
[2022-06-13T03:15:45.428+0000][1][safepoint    ] Total time for which application threads were stopped: 0.0008205 seconds, Stopping threads took: 0.0003690 seconds
[2022-06-13T03:15:46.428+0000][1][safepoint    ] Application time: 1.0002228 seconds
[2022-06-13T03:15:46.429+0000][1][safepoint    ] Entering safepoint region: Cleanup
[2022-06-13T03:15:46.429+0000][1][safepoint    ] Leaving safepoint region
[2022-06-13T03:15:46.430+0000][1][safepoint    ] Total time for which application threads were stopped: 0.0008457 seconds, Stopping threads took: 0.0003310 seconds
[2022-06-13T03:15:47.430+0000][1][safepoint    ] Application time: 1.0001559 seconds
[2022-06-13T03:15:47.430+0000][1][safepoint    ] Entering safepoint region: Cleanup
[2022-06-13T03:15:47.431+0000][1][safepoint    ] Leaving safepoint region
[2022-06-13T03:15:47.431+0000][1][safepoint    ] Total time for which application threads were stopped: 0.0006281 seconds, Stopping threads took: 0.0003928 seconds
[2022-06-13T03:15:48.431+0000][1][safepoint    ] Application time: 1.0001875 seconds
[2022-06-13T03:15:48.432+0000][1][safepoint    ] Entering safepoint region: Cleanup
[2022-06-13T03:15:48.432+0000][1][safepoint    ] Leaving safepoint region
[2022-06-13T03:15:48.433+0000][1][safepoint    ] Total time for which application threads were stopped: 0.0009304 seconds, Stopping threads took: 0.0004252 seconds
[2022-06-13T03:15:49.433+0000][1][safepoint    ] Application time: 1.0001263 seconds
[2022-06-13T03:15:49.434+0000][1][safepoint    ] Entering safepoint region: Cleanup
[2022-06-13T03:15:49.434+0000][1][safepoint    ] Leaving safepoint region
[2022-06-13T03:15:49.434+0000][1][safepoint    ] Total time for which application threads were stopped: 0.0007995 seconds, Stopping threads took: 0.0004975 seconds
[2022-06-13T03:15:50.435+0000][1][safepoint    ] Application time: 1.0001615 seconds
[2022-06-13T03:15:50.435+0000][1][safepoint    ] Entering safepoint region: Cleanup
[2022-06-13T03:15:50.435+0000][1][safepoint    ] Leaving safepoint region
[2022-06-13T03:15:50.436+0000][1][safepoint    ] Total time for which application threads were stopped: 0.0005591 seconds, Stopping threads took: 0.0002623 seconds
[2022-06-13T03:15:51.436+0000][1][safepoint    ] Application time: 1.0002061 seconds
[2022-06-13T03:15:51.437+0000][1][safepoint    ] Entering safepoint region: Cleanup
[2022-06-13T03:15:51.437+0000][1][safepoint    ] Leaving safepoint region
[2022-06-13T03:15:51.437+0000][1][safepoint    ] Total time for which application threads were stopped: 0.0008034 seconds, Stopping threads took: 0.0003882 seconds
[2022-06-13T03:15:52.438+0000][1][safepoint    ] Application time: 1.0001140 seconds
[2022-06-13T03:15:52.438+0000][1][safepoint    ] Entering safepoint region: Cleanup
[2022-06-13T03:15:52.439+0000][1][safepoint    ] Leaving safepoint region
[2022-06-13T03:15:52.439+0000][1][safepoint    ] Total time for which application threads were stopped: 0.0007917 seconds, Stopping threads took: 0.0004576 seconds
[2022-06-13T03:15:53.439+0000][1][safepoint    ] Application time: 1.0002152 seconds
[2022-06-13T03:15:53.440+0000][1][safepoint    ] Entering safepoint region: Cleanup
[2022-06-13T03:15:53.440+0000][1][safepoint    ] Leaving safepoint region
[2022-06-13T03:15:53.441+0000][1][safepoint    ] Total time for which application threads were stopped: 0.0009180 seconds, Stopping threads took: 0.0004379 seconds
[2022-06-13T03:15:54.442+0000][1][safepoint    ] Application time: 1.0001544 seconds
[2022-06-13T03:15:54.442+0000][1][safepoint    ] Entering safepoint region: Cleanup
[2022-06-13T03:15:54.443+0000][1][safepoint    ] Leaving safepoint region
[2022-06-13T03:15:54.443+0000][1][safepoint    ] Total time for which application threads were stopped: 0.0012233 seconds, Stopping threads took: 0.0006840 seconds
[2022-06-13T03:15:55.444+0000][1][safepoint    ] Application time: 1.0003239 seconds
[2022-06-13T03:15:55.445+0000][1][safepoint    ] Entering safepoint region: Cleanup
[2022-06-13T03:15:55.445+0000][1][safepoint    ] Leaving safepoint region
[2022-06-13T03:15:55.446+0000][1][safepoint    ] Total time for which application threads were stopped: 0.0012418 seconds, Stopping threads took: 0.0004488 seconds
[2022-06-13T03:15:56.447+0000][1][safepoint    ] Application time: 1.0002436 seconds
[2022-06-13T03:15:56.447+0000][1][safepoint    ] Entering safepoint region: Cleanup
[2022-06-13T03:15:56.447+0000][1][safepoint    ] Leaving safepoint region
[2022-06-13T03:15:56.447+0000][1][safepoint    ] Total time for which application threads were stopped: 0.0004434 seconds, Stopping threads took: 0.0002206 seconds
[2022-06-13T03:15:57.448+0000][1][safepoint    ] Application time: 1.0001344 seconds
[2022-06-13T03:15:57.448+0000][1][safepoint    ] Entering safepoint region: Cleanup
[2022-06-13T03:15:57.449+0000][1][safepoint    ] Leaving safepoint region
[2022-06-13T03:15:57.449+0000][1][safepoint    ] Total time for which application threads were stopped: 0.0008229 seconds, Stopping threads took: 0.0003472 seconds
[2022-06-13T03:15:58.428+0000][1][safepoint    ] Application time: 0.9783423 seconds
[2022-06-13T03:15:58.428+0000][1][safepoint    ] Entering safepoint region: RevokeBias
[2022-06-13T03:15:58.428+0000][1][safepoint    ] Leaving safepoint region
[2022-06-13T03:15:58.429+0000][1][safepoint    ] Total time for which application threads were stopped: 0.0005830 seconds, Stopping threads took: 0.0002549 seconds
[2022-06-13T03:15:59.429+0000][1][safepoint    ] Application time: 1.0001960 seconds
[2022-06-13T03:15:59.429+0000][1][safepoint    ] Entering safepoint region: Cleanup
[2022-06-13T03:15:59.430+0000][1][safepoint    ] Leaving safepoint region
[2022-06-13T03:15:59.430+0000][1][safepoint    ] Total time for which application threads were stopped: 0.0006772 seconds, Stopping threads took: 0.0003112 seconds
[2022-06-13T03:16:00.430+0000][1][safepoint    ] Application time: 1.0001135 seconds
[2022-06-13T03:16:00.431+0000][1][safepoint    ] Entering safepoint region: Cleanup
[2022-06-13T03:16:00.431+0000][1][safepoint    ] Leaving safepoint region
[2022-06-13T03:16:00.431+0000][1][safepoint    ] Total time for which application threads were stopped: 0.0003996 seconds, Stopping threads took: 0.0001750 seconds
[2022-06-13T03:16:01.431+0000][1][safepoint    ] Application time: 1.0001064 seconds
[2022-06-13T03:16:01.432+0000][1][safepoint    ] Entering safepoint region: Cleanup
[2022-06-13T03:16:01.432+0000][1][safepoint    ] Leaving safepoint region
[2022-06-13T03:16:01.433+0000][1][safepoint    ] Total time for which application threads were stopped: 0.0008330 seconds, Stopping threads took: 0.0003885 seconds
[2022-06-13T03:16:02.433+0000][1][safepoint    ] Application time: 1.0001490 seconds
[2022-06-13T03:16:02.434+0000][1][safepoint    ] Entering safepoint region: Cleanup
[2022-06-13T03:16:02.434+0000][1][safepoint    ] Leaving safepoint region
[2022-06-13T03:16:02.435+0000][1][safepoint    ] Total time for which application threads were stopped: 0.0009296 seconds, Stopping threads took: 0.0004722 seconds
[2022-06-13T03:16:03.435+0000][1][safepoint    ] Application time: 1.0002425 seconds
[2022-06-13T03:16:03.436+0000][1][safepoint    ] Entering safepoint region: Cleanup
[2022-06-13T03:16:03.436+0000][1][safepoint    ] Leaving safepoint region
[2022-06-13T03:16:03.437+0000][1][safepoint    ] Total time for which application threads were stopped: 0.0006987 seconds, Stopping threads took: 0.0003153 seconds
[2022-06-13T03:16:04.437+0000][1][safepoint    ] Application time: 1.0001759 seconds
[2022-06-13T03:16:04.438+0000][1][safepoint    ] Entering safepoint region: Cleanup
[2022-06-13T03:16:04.438+0000][1][safepoint    ] Leaving safepoint region
[2022-06-13T03:16:04.439+0000][1][safepoint    ] Total time for which application threads were stopped: 0.0007163 seconds, Stopping threads took: 0.0003457 seconds
[2022-06-13T03:16:06.432+0000][1][safepoint    ] Application time: 1.9934903 seconds
[2022-06-13T03:16:06.433+0000][1][safepoint    ] Entering safepoint region: Cleanup
[2022-06-13T03:16:06.433+0000][1][safepoint    ] Leaving safepoint region
[2022-06-13T03:16:06.434+0000][1][safepoint    ] Total time for which application threads were stopped: 0.0010475 seconds, Stopping threads took: 0.0004668 seconds
[2022-06-13T03:16:07.434+0000][1][safepoint    ] Application time: 1.0001906 seconds
[2022-06-13T03:16:07.435+0000][1][safepoint    ] Entering safepoint region: Cleanup
[2022-06-13T03:16:07.436+0000][1][safepoint    ] Leaving safepoint region
[2022-06-13T03:16:07.436+0000][1][safepoint    ] Total time for which application threads were stopped: 0.0009123 seconds, Stopping threads took: 0.0004161 seconds
[2022-06-13T03:16:08.436+0000][1][safepoint    ] Application time: 1.0001984 seconds
[2022-06-13T03:16:08.437+0000][1][safepoint    ] Entering safepoint region: Cleanup
[2022-06-13T03:16:08.438+0000][1][safepoint    ] Leaving safepoint region
[2022-06-13T03:16:08.438+0000][1][safepoint    ] Total time for which application threads were stopped: 0.0009188 seconds, Stopping threads took: 0.0004967 seconds
[2022-06-13T03:16:09.439+0000][1][safepoint    ] Application time: 1.0002069 seconds
[2022-06-13T03:16:09.440+0000][1][safepoint    ] Entering safepoint region: Cleanup
[2022-06-13T03:16:09.441+0000][1][safepoint    ] Leaving safepoint region
[2022-06-13T03:16:09.441+0000][1][safepoint    ] Total time for which application threads were stopped: 0.0014734 seconds, Stopping threads took: 0.0008045 seconds
[2022-06-13T03:16:10.442+0000][1][safepoint    ] Application time: 1.0002584 seconds
[2022-06-13T03:16:10.442+0000][1][safepoint    ] Entering safepoint region: Cleanup
[2022-06-13T03:16:10.443+0000][1][safepoint    ] Leaving safepoint region
[2022-06-13T03:16:10.443+0000][1][safepoint    ] Total time for which application threads were stopped: 0.0007589 seconds, Stopping threads took: 0.0004877 seconds
[2022-06-13T03:16:11.443+0000][1][safepoint    ] Application time: 1.0001052 seconds
[2022-06-13T03:16:11.444+0000][1][safepoint    ] Entering safepoint region: Cleanup
[2022-06-13T03:16:11.444+0000][1][safepoint    ] Leaving safepoint region
[2022-06-13T03:16:11.444+0000][1][safepoint    ] Total time for which application threads were stopped: 0.0006828 seconds, Stopping threads took: 0.0003951 seconds
[2022-06-13T03:16:12.445+0000][1][safepoint    ] Application time: 1.0001800 seconds
[2022-06-13T03:16:12.446+0000][1][safepoint    ] Entering safepoint region: Cleanup
[2022-06-13T03:16:12.446+0000][1][safepoint    ] Leaving safepoint region
[2022-06-13T03:16:12.446+0000][1][safepoint    ] Total time for which application threads were stopped: 0.0007618 seconds, Stopping threads took: 0.0002944 seconds
[2022-06-13T03:16:13.447+0000][1][safepoint    ] Application time: 1.0001200 seconds
[2022-06-13T03:16:13.447+0000][1][safepoint    ] Entering safepoint region: Cleanup
[2022-06-13T03:16:13.447+0000][1][safepoint    ] Leaving safepoint region
[2022-06-13T03:16:13.448+0000][1][safepoint    ] Total time for which application threads were stopped: 0.0004750 seconds, Stopping threads took: 0.0002220 seconds
[2022-06-13T03:16:14.448+0000][1][safepoint    ] Application time: 1.0001014 seconds
[2022-06-13T03:16:14.448+0000][1][safepoint    ] Entering safepoint region: Cleanup
[2022-06-13T03:16:14.449+0000][1][safepoint    ] Leaving safepoint region
[2022-06-13T03:16:14.449+0000][1][safepoint    ] Total time for which application threads were stopped: 0.0005466 seconds, Stopping threads took: 0.0002144 seconds
[2022-06-13T03:16:15.449+0000][1][safepoint    ] Application time: 1.0000919 seconds
[2022-06-13T03:16:15.450+0000][1][safepoint    ] Entering safepoint region: Cleanup
[2022-06-13T03:16:15.450+0000][1][safepoint    ] Leaving safepoint region
[2022-06-13T03:16:15.451+0000][1][safepoint    ] Total time for which application threads were stopped: 0.0009556 seconds, Stopping threads took: 0.0004980 seconds
[2022-06-13T03:16:16.451+0000][1][safepoint    ] Application time: 1.0002722 seconds
[2022-06-13T03:16:16.452+0000][1][safepoint    ] Entering safepoint region: Cleanup
[2022-06-13T03:16:16.452+0000][1][safepoint    ] Leaving safepoint region
[2022-06-13T03:16:16.452+0000][1][safepoint    ] Total time for which application threads were stopped: 0.0007826 seconds, Stopping threads took: 0.0003069 seconds
[2022-06-13T03:16:17.453+0000][1][safepoint    ] Application time: 1.0002221 seconds
[2022-06-13T03:16:17.454+0000][1][safepoint    ] Entering safepoint region: Cleanup
[2022-06-13T03:16:17.454+0000][1][safepoint    ] Leaving safepoint region
[2022-06-13T03:16:17.454+0000][1][safepoint    ] Total time for which application threads were stopped: 0.0004827 seconds, Stopping threads took: 0.0002612 seconds
[2022-06-13T03:16:18.455+0000][1][safepoint    ] Application time: 1.0002374 seconds
[2022-06-13T03:16:18.455+0000][1][safepoint    ] Entering safepoint region: Cleanup
[2022-06-13T03:16:18.455+0000][1][safepoint    ] Leaving safepoint region
[2022-06-13T03:16:18.456+0000][1][safepoint    ] Total time for which application threads were stopped: 0.0006413 seconds, Stopping threads took: 0.0002171 seconds
[2022-06-13T03:16:19.456+0000][1][safepoint    ] Application time: 1.0002636 seconds
[2022-06-13T03:16:19.457+0000][1][safepoint    ] Entering safepoint region: Cleanup
[2022-06-13T03:16:19.457+0000][1][safepoint    ] Leaving safepoint region
[2022-06-13T03:16:19.457+0000][1][safepoint    ] Total time for which application threads were stopped: 0.0004141 seconds, Stopping threads took: 0.0001881 seconds
[2022-06-13T03:16:20.457+0000][1][safepoint    ] Application time: 1.0002024 seconds
[2022-06-13T03:16:20.458+0000][1][safepoint    ] Entering safepoint region: Cleanup
[2022-06-13T03:16:20.459+0000][1][safepoint    ] Leaving safepoint region
[2022-06-13T03:16:20.459+0000][1][safepoint    ] Total time for which application threads were stopped: 0.0010899 seconds, Stopping threads took: 0.0005401 seconds
[2022-06-13T03:16:21.460+0000][1][safepoint    ] Application time: 1.0002737 seconds
[2022-06-13T03:16:21.460+0000][1][safepoint    ] Entering safepoint region: Cleanup
[2022-06-13T03:16:21.460+0000][1][safepoint    ] Leaving safepoint region
[2022-06-13T03:16:21.461+0000][1][safepoint    ] Total time for which application threads were stopped: 0.0006323 seconds, Stopping threads took: 0.0003650 seconds
[2022-06-13T03:16:22.461+0000][1][safepoint    ] Application time: 1.0002062 seconds
[2022-06-13T03:16:22.462+0000][1][safepoint    ] Entering safepoint region: Cleanup
[2022-06-13T03:16:22.462+0000][1][safepoint    ] Leaving safepoint region
[2022-06-13T03:16:22.462+0000][1][safepoint    ] Total time for which application threads were stopped: 0.0006408 seconds, Stopping threads took: 0.0002705 seconds
[2022-06-13T03:16:23.463+0000][1][safepoint    ] Application time: 1.0002188 seconds
[2022-06-13T03:16:23.463+0000][1][safepoint    ] Entering safepoint region: Cleanup
[2022-06-13T03:16:23.464+0000][1][safepoint    ] Leaving safepoint region
[2022-06-13T03:16:23.464+0000][1][safepoint    ] Total time for which application threads were stopped: 0.0010058 seconds, Stopping threads took: 0.0004700 seconds
[2022-06-13T03:16:24.465+0000][1][safepoint    ] Application time: 1.0001870 seconds
[2022-06-13T03:16:24.465+0000][1][safepoint    ] Entering safepoint region: Cleanup
[2022-06-13T03:16:24.466+0000][1][safepoint    ] Leaving safepoint region
[2022-06-13T03:16:24.466+0000][1][safepoint    ] Total time for which application threads were stopped: 0.0008747 seconds, Stopping threads took: 0.0004419 seconds
[2022-06-13T03:16:25.467+0000][1][safepoint    ] Application time: 1.0002722 seconds
[2022-06-13T03:16:25.467+0000][1][safepoint    ] Entering safepoint region: Cleanup
[2022-06-13T03:16:25.468+0000][1][safepoint    ] Leaving safepoint region
[2022-06-13T03:16:25.468+0000][1][safepoint    ] Total time for which application threads were stopped: 0.0008395 seconds, Stopping threads took: 0.0003937 seconds
[2022-06-13T03:16:26.469+0000][1][safepoint    ] Application time: 1.0003338 seconds
[2022-06-13T03:16:26.469+0000][1][safepoint    ] Entering safepoint region: Cleanup
[2022-06-13T03:16:26.470+0000][1][safepoint    ] Leaving safepoint region
[2022-06-13T03:16:26.470+0000][1][safepoint    ] Total time for which application threads were stopped: 0.0006537 seconds, Stopping threads took: 0.0002875 seconds
[2022-06-13T03:16:27.471+0000][1][safepoint    ] Application time: 1.0001838 seconds
[2022-06-13T03:16:27.471+0000][1][safepoint    ] Entering safepoint region: Cleanup
[2022-06-13T03:16:27.471+0000][1][safepoint    ] Leaving safepoint region
[2022-06-13T03:16:27.471+0000][1][safepoint    ] Total time for which application threads were stopped: 0.0003954 seconds, Stopping threads took: 0.0002069 seconds
[2022-06-13T03:16:28.472+0000][1][safepoint    ] Application time: 1.0002204 seconds
[2022-06-13T03:16:28.472+0000][1][safepoint    ] Entering safepoint region: Cleanup
[2022-06-13T03:16:28.472+0000][1][safepoint    ] Leaving safepoint region
[2022-06-13T03:16:28.473+0000][1][safepoint    ] Total time for which application threads were stopped: 0.0005568 seconds, Stopping threads took: 0.0002161 seconds
[2022-06-13T03:16:29.473+0000][1][safepoint    ] Application time: 1.0003247 seconds
[2022-06-13T03:16:29.474+0000][1][safepoint    ] Entering safepoint region: Cleanup
[2022-06-13T03:16:29.474+0000][1][safepoint    ] Leaving safepoint region
[2022-06-13T03:16:29.474+0000][1][safepoint    ] Total time for which application threads were stopped: 0.0008674 seconds, Stopping threads took: 0.0004226 seconds
[2022-06-13T03:16:30.475+0000][1][safepoint    ] Application time: 1.0002077 seconds
[2022-06-13T03:16:30.476+0000][1][safepoint    ] Entering safepoint region: Cleanup
[2022-06-13T03:16:30.476+0000][1][safepoint    ] Leaving safepoint region
[2022-06-13T03:16:30.476+0000][1][safepoint    ] Total time for which application threads were stopped: 0.0005190 seconds, Stopping threads took: 0.0002178 seconds
[2022-06-13T03:16:31.477+0000][1][safepoint    ] Application time: 1.0002067 seconds
[2022-06-13T03:16:31.477+0000][1][safepoint    ] Entering safepoint region: Cleanup
[2022-06-13T03:16:31.477+0000][1][safepoint    ] Leaving safepoint region
[2022-06-13T03:16:31.478+0000][1][safepoint    ] Total time for which application threads were stopped: 0.0005680 seconds, Stopping threads took: 0.0003044 seconds
[2022-06-13T03:16:32.478+0000][1][safepoint    ] Application time: 1.0001815 seconds
[2022-06-13T03:16:32.478+0000][1][safepoint    ] Entering safepoint region: Cleanup
[2022-06-13T03:16:32.479+0000][1][safepoint    ] Leaving safepoint region
[2022-06-13T03:16:32.479+0000][1][safepoint    ] Total time for which application threads were stopped: 0.0006253 seconds, Stopping threads took: 0.0002571 seconds
[2022-06-13T03:16:33.480+0000][1][safepoint    ] Application time: 1.0002197 seconds
[2022-06-13T03:16:33.480+0000][1][safepoint    ] Entering safepoint region: Cleanup
[2022-06-13T03:16:33.481+0000][1][safepoint    ] Leaving safepoint region
[2022-06-13T03:16:33.481+0000][1][safepoint    ] Total time for which application threads were stopped: 0.0008857 seconds, Stopping threads took: 0.0003956 seconds
[2022-06-13T03:16:34.482+0000][1][safepoint    ] Application time: 1.0002440 seconds
[2022-06-13T03:16:34.482+0000][1][safepoint    ] Entering safepoint region: Cleanup
[2022-06-13T03:16:34.482+0000][1][safepoint    ] Leaving safepoint region
[2022-06-13T03:16:34.483+0000][1][safepoint    ] Total time for which application threads were stopped: 0.0006752 seconds, Stopping threads took: 0.0003213 seconds
[2022-06-13T03:16:35.483+0000][1][safepoint    ] Application time: 1.0002252 seconds
[2022-06-13T03:16:35.484+0000][1][safepoint    ] Entering safepoint region: Cleanup
[2022-06-13T03:16:35.484+0000][1][safepoint    ] Leaving safepoint region
[2022-06-13T03:16:35.484+0000][1][safepoint    ] Total time for which application threads were stopped: 0.0007434 seconds, Stopping threads took: 0.0003493 seconds
[2022-06-13T03:16:36.485+0000][1][safepoint    ] Application time: 1.0001858 seconds
[2022-06-13T03:16:36.485+0000][1][safepoint    ] Entering safepoint region: Cleanup
[2022-06-13T03:16:36.486+0000][1][safepoint    ] Leaving safepoint region
[2022-06-13T03:16:36.486+0000][1][safepoint    ] Total time for which application threads were stopped: 0.0006314 seconds, Stopping threads took: 0.0003033 seconds
[2022-06-13T03:16:37.486+0000][1][safepoint    ] Application time: 1.0001985 seconds
[2022-06-13T03:16:37.487+0000][1][safepoint    ] Entering safepoint region: Cleanup
[2022-06-13T03:16:37.487+0000][1][safepoint    ] Leaving safepoint region
[2022-06-13T03:16:37.487+0000][1][safepoint    ] Total time for which application threads were stopped: 0.0005156 seconds, Stopping threads took: 0.0002338 seconds
[2022-06-13T03:16:38.488+0000][1][safepoint    ] Application time: 1.0002636 seconds
[2022-06-13T03:16:38.488+0000][1][safepoint    ] Entering safepoint region: Cleanup
[2022-06-13T03:16:38.489+0000][1][safepoint    ] Leaving safepoint region
[2022-06-13T03:16:38.489+0000][1][safepoint    ] Total time for which application threads were stopped: 0.0007551 seconds, Stopping threads took: 0.0003652 seconds
[2022-06-13T03:16:39.489+0000][1][safepoint    ] Application time: 1.0000908 seconds
[2022-06-13T03:16:39.489+0000][1][safepoint    ] Entering safepoint region: Cleanup
[2022-06-13T03:16:39.490+0000][1][safepoint    ] Leaving safepoint region
[2022-06-13T03:16:39.490+0000][1][safepoint    ] Total time for which application threads were stopped: 0.0003041 seconds, Stopping threads took: 0.0001268 seconds
[2022-06-13T03:16:40.448+0000][1][safepoint    ] Application time: 0.9584139 seconds
[2022-06-13T03:16:40.449+0000][1][safepoint    ] Entering safepoint region: GenCollectForAllocation
[2022-06-13T03:16:40.449+0000][1][gc,start     ] GC(30) Pause Young (Allocation Failure)
[2022-06-13T03:16:40.449+0000][1][gc,task      ] GC(30) Using 5 workers of 13 for evacuation
[2022-06-13T03:16:40.451+0000][1][gc,age       ] GC(30) Desired survivor size 4456448 bytes, new threshold 6 (max threshold 6)
[2022-06-13T03:16:40.451+0000][1][gc,age       ] GC(30) Age table with threshold 6 (max threshold 6)
[2022-06-13T03:16:40.452+0000][1][gc,age       ] GC(30) - age   1:      49680 bytes,      49680 total
[2022-06-13T03:16:40.452+0000][1][gc,age       ] GC(30) - age   2:      13928 bytes,      63608 total
[2022-06-13T03:16:40.452+0000][1][gc,age       ] GC(30) - age   3:      14328 bytes,      77936 total
[2022-06-13T03:16:40.452+0000][1][gc,age       ] GC(30) - age   4:      13464 bytes,      91400 total
[2022-06-13T03:16:40.453+0000][1][gc,age       ] GC(30) - age   5:      14408 bytes,     105808 total
[2022-06-13T03:16:40.453+0000][1][gc,age       ] GC(30) - age   6:      13824 bytes,     119632 total
[2022-06-13T03:16:40.453+0000][1][gc,heap      ] GC(30) ParNew: 70214K->176K(78656K)
[2022-06-13T03:16:40.454+0000][1][gc,heap      ] GC(30) CMS: 68724K->68741K(174784K)
[2022-06-13T03:16:40.454+0000][1][gc,metaspace ] GC(30) Metaspace: 64367K->64367K(1107968K)
[2022-06-13T03:16:40.454+0000][1][gc           ] GC(30) Pause Young (Allocation Failure) 135M->67M(247M) 5.357ms
[2022-06-13T03:16:40.455+0000][1][gc,cpu       ] GC(30) User=0.01s Sys=0.00s Real=0.01s
[2022-06-13T03:16:40.455+0000][1][safepoint    ] Leaving safepoint region
[2022-06-13T03:16:40.456+0000][1][safepoint    ] Total time for which application threads were stopped: 0.0069927 seconds, Stopping threads took: 0.0003471 seconds
[2022-06-13T03:16:41.456+0000][1][safepoint    ] Application time: 1.0004018 seconds
[2022-06-13T03:16:41.458+0000][1][safepoint    ] Entering safepoint region: Cleanup
[2022-06-13T03:16:41.458+0000][1][safepoint    ] Leaving safepoint region
[2022-06-13T03:16:41.459+0000][1][safepoint    ] Total time for which application threads were stopped: 0.0015963 seconds, Stopping threads took: 0.0009055 seconds
[2022-06-13T03:16:42.459+0000][1][safepoint    ] Application time: 1.0002703 seconds
[2022-06-13T03:16:42.460+0000][1][safepoint    ] Entering safepoint region: Cleanup
[2022-06-13T03:16:42.460+0000][1][safepoint    ] Leaving safepoint region
[2022-06-13T03:16:42.461+0000][1][safepoint    ] Total time for which application threads were stopped: 0.0006278 seconds, Stopping threads took: 0.0003109 seconds
[2022-06-13T03:16:43.461+0000][1][safepoint    ] Application time: 1.0001171 seconds
[2022-06-13T03:16:43.461+0000][1][safepoint    ] Entering safepoint region: Cleanup
[2022-06-13T03:16:43.462+0000][1][safepoint    ] Leaving safepoint region
[2022-06-13T03:16:43.462+0000][1][safepoint    ] Total time for which application threads were stopped: 0.0007427 seconds, Stopping threads took: 0.0002786 seconds
[2022-06-13T03:16:44.463+0000][1][safepoint    ] Application time: 1.0001129 seconds
[2022-06-13T03:16:44.463+0000][1][safepoint    ] Entering safepoint region: Cleanup
[2022-06-13T03:16:44.463+0000][1][safepoint    ] Leaving safepoint region
[2022-06-13T03:16:44.463+0000][1][safepoint    ] Total time for which application threads were stopped: 0.0004647 seconds, Stopping threads took: 0.0001801 seconds
[2022-06-13T03:16:45.464+0000][1][safepoint    ] Application time: 1.0002052 seconds
[2022-06-13T03:16:45.464+0000][1][safepoint    ] Entering safepoint region: Cleanup
[2022-06-13T03:16:45.465+0000][1][safepoint    ] Leaving safepoint region
[2022-06-13T03:16:45.465+0000][1][safepoint    ] Total time for which application threads were stopped: 0.0007112 seconds, Stopping threads took: 0.0004248 seconds
[2022-06-13T03:16:46.465+0000][1][safepoint    ] Application time: 1.0001750 seconds
[2022-06-13T03:16:46.466+0000][1][safepoint    ] Entering safepoint region: Cleanup
[2022-06-13T03:16:46.467+0000][1][safepoint    ] Leaving safepoint region
[2022-06-13T03:16:46.468+0000][1][safepoint    ] Total time for which application threads were stopped: 0.0014032 seconds, Stopping threads took: 0.0005213 seconds
[2022-06-13T03:16:47.468+0000][1][safepoint    ] Application time: 1.0002330 seconds
[2022-06-13T03:16:47.469+0000][1][safepoint    ] Entering safepoint region: Cleanup
[2022-06-13T03:16:47.469+0000][1][safepoint    ] Leaving safepoint region
[2022-06-13T03:16:47.469+0000][1][safepoint    ] Total time for which application threads were stopped: 0.0005374 seconds, Stopping threads took: 0.0003083 seconds
[2022-06-13T03:16:48.470+0000][1][safepoint    ] Application time: 1.0001670 seconds
[2022-06-13T03:16:48.470+0000][1][safepoint    ] Entering safepoint region: Cleanup
[2022-06-13T03:16:48.470+0000][1][safepoint    ] Leaving safepoint region
[2022-06-13T03:16:48.471+0000][1][safepoint    ] Total time for which application threads were stopped: 0.0005177 seconds, Stopping threads took: 0.0002200 seconds
[2022-06-13T03:16:49.471+0000][1][safepoint    ] Application time: 1.0001036 seconds
[2022-06-13T03:16:49.471+0000][1][safepoint    ] Entering safepoint region: Cleanup
[2022-06-13T03:16:49.472+0000][1][safepoint    ] Leaving safepoint region
[2022-06-13T03:16:49.472+0000][1][safepoint    ] Total time for which application threads were stopped: 0.0007658 seconds, Stopping threads took: 0.0003690 seconds
[2022-06-13T03:16:50.473+0000][1][safepoint    ] Application time: 1.0002109 seconds
[2022-06-13T03:16:50.473+0000][1][safepoint    ] Entering safepoint region: Cleanup
[2022-06-13T03:16:50.474+0000][1][safepoint    ] Leaving safepoint region
[2022-06-13T03:16:50.474+0000][1][safepoint    ] Total time for which application threads were stopped: 0.0006594 seconds, Stopping threads took: 0.0002929 seconds
[2022-06-13T03:16:51.474+0000][1][safepoint    ] Application time: 1.0001796 seconds
[2022-06-13T03:16:51.475+0000][1][safepoint    ] Entering safepoint region: Cleanup
[2022-06-13T03:16:51.475+0000][1][safepoint    ] Leaving safepoint region
[2022-06-13T03:16:51.475+0000][1][safepoint    ] Total time for which application threads were stopped: 0.0006082 seconds, Stopping threads took: 0.0003034 seconds
[2022-06-13T03:16:52.476+0000][1][safepoint    ] Application time: 1.0001014 seconds
[2022-06-13T03:16:52.476+0000][1][safepoint    ] Entering safepoint region: Cleanup
[2022-06-13T03:16:52.476+0000][1][safepoint    ] Leaving safepoint region
[2022-06-13T03:16:52.476+0000][1][safepoint    ] Total time for which application threads were stopped: 0.0004612 seconds, Stopping threads took: 0.0002145 seconds
[2022-06-13T03:16:53.477+0000][1][safepoint    ] Application time: 1.0001139 seconds
[2022-06-13T03:16:53.477+0000][1][safepoint    ] Entering safepoint region: Cleanup
[2022-06-13T03:16:53.478+0000][1][safepoint    ] Leaving safepoint region
[2022-06-13T03:16:53.479+0000][1][safepoint    ] Total time for which application threads were stopped: 0.0012500 seconds, Stopping threads took: 0.0005805 seconds
[2022-06-13T03:16:54.479+0000][1][safepoint    ] Application time: 1.0001605 seconds
[2022-06-13T03:16:54.480+0000][1][safepoint    ] Entering safepoint region: Cleanup
[2022-06-13T03:16:54.480+0000][1][safepoint    ] Leaving safepoint region
[2022-06-13T03:16:54.480+0000][1][safepoint    ] Total time for which application threads were stopped: 0.0005648 seconds, Stopping threads took: 0.0002430 seconds
[2022-06-13T03:16:56.468+0000][1][safepoint    ] Application time: 1.9879350 seconds
[2022-06-13T03:16:56.469+0000][1][safepoint    ] Entering safepoint region: Cleanup
[2022-06-13T03:16:56.469+0000][1][safepoint    ] Leaving safepoint region
[2022-06-13T03:16:56.469+0000][1][safepoint    ] Total time for which application threads were stopped: 0.0005882 seconds, Stopping threads took: 0.0001708 seconds
[2022-06-13T03:16:57.470+0000][1][safepoint    ] Application time: 1.0002451 seconds
[2022-06-13T03:16:57.470+0000][1][safepoint    ] Entering safepoint region: Cleanup
[2022-06-13T03:16:57.471+0000][1][safepoint    ] Leaving safepoint region
[2022-06-13T03:16:57.471+0000][1][safepoint    ] Total time for which application threads were stopped: 0.0006925 seconds, Stopping threads took: 0.0003315 seconds
[2022-06-13T03:16:58.472+0000][1][safepoint    ] Application time: 1.0001500 seconds
[2022-06-13T03:16:58.472+0000][1][safepoint    ] Entering safepoint region: Cleanup
[2022-06-13T03:16:58.472+0000][1][safepoint    ] Leaving safepoint region
[2022-06-13T03:16:58.472+0000][1][safepoint    ] Total time for which application threads were stopped: 0.0005134 seconds, Stopping threads took: 0.0002841 seconds
[2022-06-13T03:16:59.473+0000][1][safepoint    ] Application time: 1.0001495 seconds
[2022-06-13T03:16:59.473+0000][1][safepoint    ] Entering safepoint region: Cleanup
[2022-06-13T03:16:59.474+0000][1][safepoint    ] Leaving safepoint region
[2022-06-13T03:16:59.474+0000][1][safepoint    ] Total time for which application threads were stopped: 0.0005491 seconds, Stopping threads took: 0.0002636 seconds
[2022-06-13T03:17:00.997+0000][1][safepoint    ] Application time: 1.5228525 seconds
[2022-06-13T03:17:00.997+0000][1][safepoint    ] Entering safepoint region: Cleanup
[2022-06-13T03:17:00.998+0000][1][safepoint    ] Leaving safepoint region
[2022-06-13T03:17:00.998+0000][1][safepoint    ] Total time for which application threads were stopped: 0.0009646 seconds, Stopping threads took: 0.0004252 seconds
[2022-06-13T03:17:01.999+0000][1][safepoint    ] Application time: 1.0001987 seconds
[2022-06-13T03:17:01.999+0000][1][safepoint    ] Entering safepoint region: Cleanup
[2022-06-13T03:17:02.000+0000][1][safepoint    ] Leaving safepoint region
[2022-06-13T03:17:02.001+0000][1][safepoint    ] Total time for which application threads were stopped: 0.0014857 seconds, Stopping threads took: 0.0006790 seconds
[2022-06-13T03:17:03.002+0000][1][safepoint    ] Application time: 1.0002721 seconds
[2022-06-13T03:17:03.002+0000][1][safepoint    ] Entering safepoint region: Cleanup
[2022-06-13T03:17:03.003+0000][1][safepoint    ] Leaving safepoint region
[2022-06-13T03:17:03.003+0000][1][safepoint    ] Total time for which application threads were stopped: 0.0008902 seconds, Stopping threads took: 0.0004440 seconds
[2022-06-13T03:17:04.004+0000][1][safepoint    ] Application time: 1.0002239 seconds
[2022-06-13T03:17:04.004+0000][1][safepoint    ] Entering safepoint region: Cleanup
[2022-06-13T03:17:04.005+0000][1][safepoint    ] Leaving safepoint region
[2022-06-13T03:17:04.005+0000][1][safepoint    ] Total time for which application threads were stopped: 0.0010491 seconds, Stopping threads took: 0.0004804 seconds
[2022-06-13T03:17:05.006+0000][1][safepoint    ] Application time: 1.0002339 seconds
[2022-06-13T03:17:05.007+0000][1][safepoint    ] Entering safepoint region: Cleanup
[2022-06-13T03:17:05.007+0000][1][safepoint    ] Leaving safepoint region
[2022-06-13T03:17:05.007+0000][1][safepoint    ] Total time for which application threads were stopped: 0.0005562 seconds, Stopping threads took: 0.0002527 seconds
[2022-06-13T03:17:06.007+0000][1][safepoint    ] Application time: 1.0002146 seconds
[2022-06-13T03:17:06.008+0000][1][safepoint    ] Entering safepoint region: Cleanup
[2022-06-13T03:17:06.008+0000][1][safepoint    ] Leaving safepoint region
[2022-06-13T03:17:06.009+0000][1][safepoint    ] Total time for which application threads were stopped: 0.0006761 seconds, Stopping threads took: 0.0003461 seconds
[2022-06-13T03:17:07.009+0000][1][safepoint    ] Application time: 1.0002125 seconds
[2022-06-13T03:17:07.010+0000][1][safepoint    ] Entering safepoint region: Cleanup
[2022-06-13T03:17:07.010+0000][1][safepoint    ] Leaving safepoint region
[2022-06-13T03:17:07.011+0000][1][safepoint    ] Total time for which application threads were stopped: 0.0013341 seconds, Stopping threads took: 0.0005410 seconds
[2022-06-13T03:17:08.012+0000][1][safepoint    ] Application time: 1.0002308 seconds
[2022-06-13T03:17:08.013+0000][1][safepoint    ] Entering safepoint region: Cleanup
[2022-06-13T03:17:08.013+0000][1][safepoint    ] Leaving safepoint region
[2022-06-13T03:17:08.013+0000][1][safepoint    ] Total time for which application threads were stopped: 0.0008434 seconds, Stopping threads took: 0.0003677 seconds
[2022-06-13T03:17:09.014+0000][1][safepoint    ] Application time: 1.0001594 seconds
[2022-06-13T03:17:09.014+0000][1][safepoint    ] Entering safepoint region: Cleanup
[2022-06-13T03:17:09.015+0000][1][safepoint    ] Leaving safepoint region
[2022-06-13T03:17:09.015+0000][1][safepoint    ] Total time for which application threads were stopped: 0.0005797 seconds, Stopping threads took: 0.0002409 seconds
[2022-06-13T03:17:10.015+0000][1][safepoint    ] Application time: 1.0001272 seconds
[2022-06-13T03:17:10.016+0000][1][safepoint    ] Entering safepoint region: Cleanup
[2022-06-13T03:17:10.016+0000][1][safepoint    ] Leaving safepoint region
[2022-06-13T03:17:10.016+0000][1][safepoint    ] Total time for which application threads were stopped: 0.0007509 seconds, Stopping threads took: 0.0003037 seconds
[2022-06-13T03:17:11.017+0000][1][safepoint    ] Application time: 1.0001736 seconds
[2022-06-13T03:17:11.017+0000][1][safepoint    ] Entering safepoint region: Cleanup
[2022-06-13T03:17:11.018+0000][1][safepoint    ] Leaving safepoint region
[2022-06-13T03:17:11.018+0000][1][safepoint    ] Total time for which application threads were stopped: 0.0008089 seconds, Stopping threads took: 0.0003849 seconds
[2022-06-13T03:17:12.019+0000][1][safepoint    ] Application time: 1.0001815 seconds
[2022-06-13T03:17:12.020+0000][1][safepoint    ] Entering safepoint region: Cleanup
[2022-06-13T03:17:12.020+0000][1][safepoint    ] Leaving safepoint region
[2022-06-13T03:17:12.020+0000][1][safepoint    ] Total time for which application threads were stopped: 0.0007776 seconds, Stopping threads took: 0.0003518 seconds
[2022-06-13T03:17:13.021+0000][1][safepoint    ] Application time: 1.0001644 seconds
[2022-06-13T03:17:13.021+0000][1][safepoint    ] Entering safepoint region: Cleanup
[2022-06-13T03:17:13.022+0000][1][safepoint    ] Leaving safepoint region
[2022-06-13T03:17:13.022+0000][1][safepoint    ] Total time for which application threads were stopped: 0.0008007 seconds, Stopping threads took: 0.0003675 seconds
[2022-06-13T03:17:14.023+0000][1][safepoint    ] Application time: 1.0002803 seconds
[2022-06-13T03:17:14.023+0000][1][safepoint    ] Entering safepoint region: Cleanup
[2022-06-13T03:17:14.024+0000][1][safepoint    ] Leaving safepoint region
[2022-06-13T03:17:14.024+0000][1][safepoint    ] Total time for which application threads were stopped: 0.0009747 seconds, Stopping threads took: 0.0004731 seconds
[2022-06-13T03:17:15.025+0000][1][safepoint    ] Application time: 1.0001829 seconds
[2022-06-13T03:17:15.025+0000][1][safepoint    ] Entering safepoint region: Cleanup
[2022-06-13T03:17:15.026+0000][1][safepoint    ] Leaving safepoint region
[2022-06-13T03:17:15.026+0000][1][safepoint    ] Total time for which application threads were stopped: 0.0006682 seconds, Stopping threads took: 0.0002795 seconds
[2022-06-13T03:17:16.027+0000][1][safepoint    ] Application time: 1.0002179 seconds
[2022-06-13T03:17:16.027+0000][1][safepoint    ] Entering safepoint region: Cleanup
[2022-06-13T03:17:16.028+0000][1][safepoint    ] Leaving safepoint region
[2022-06-13T03:17:16.028+0000][1][safepoint    ] Total time for which application threads were stopped: 0.0008075 seconds, Stopping threads took: 0.0003859 seconds
[2022-06-13T03:17:17.028+0000][1][safepoint    ] Application time: 1.0001895 seconds
[2022-06-13T03:17:17.029+0000][1][safepoint    ] Entering safepoint region: Cleanup
[2022-06-13T03:17:17.029+0000][1][safepoint    ] Leaving safepoint region
[2022-06-13T03:17:17.030+0000][1][safepoint    ] Total time for which application threads were stopped: 0.0007475 seconds, Stopping threads took: 0.0002839 seconds
[2022-06-13T03:17:18.030+0000][1][safepoint    ] Application time: 1.0002379 seconds
[2022-06-13T03:17:18.031+0000][1][safepoint    ] Entering safepoint region: Cleanup
[2022-06-13T03:17:18.031+0000][1][safepoint    ] Leaving safepoint region
[2022-06-13T03:17:18.031+0000][1][safepoint    ] Total time for which application threads were stopped: 0.0007253 seconds, Stopping threads took: 0.0003259 seconds
[2022-06-13T03:17:19.032+0000][1][safepoint    ] Application time: 1.0003207 seconds
[2022-06-13T03:17:19.033+0000][1][safepoint    ] Entering safepoint region: Cleanup
[2022-06-13T03:17:19.033+0000][1][safepoint    ] Leaving safepoint region
[2022-06-13T03:17:19.034+0000][1][safepoint    ] Total time for which application threads were stopped: 0.0011529 seconds, Stopping threads took: 0.0005233 seconds
[2022-06-13T03:17:20.035+0000][1][safepoint    ] Application time: 1.0002098 seconds
[2022-06-13T03:17:20.035+0000][1][safepoint    ] Entering safepoint region: Cleanup
[2022-06-13T03:17:20.035+0000][1][safepoint    ] Leaving safepoint region
[2022-06-13T03:17:20.035+0000][1][safepoint    ] Total time for which application threads were stopped: 0.0004869 seconds, Stopping threads took: 0.0002204 seconds
[2022-06-13T03:17:21.036+0000][1][safepoint    ] Application time: 1.0002332 seconds
[2022-06-13T03:17:21.036+0000][1][safepoint    ] Entering safepoint region: Cleanup
[2022-06-13T03:17:21.037+0000][1][safepoint    ] Leaving safepoint region
[2022-06-13T03:17:21.037+0000][1][safepoint    ] Total time for which application threads were stopped: 0.0009208 seconds, Stopping threads took: 0.0004424 seconds
[2022-06-13T03:17:22.038+0000][1][safepoint    ] Application time: 1.0003001 seconds
[2022-06-13T03:17:22.039+0000][1][safepoint    ] Entering safepoint region: Cleanup
[2022-06-13T03:17:22.039+0000][1][safepoint    ] Leaving safepoint region
[2022-06-13T03:17:22.039+0000][1][safepoint    ] Total time for which application threads were stopped: 0.0007694 seconds, Stopping threads took: 0.0004551 seconds
[2022-06-13T03:17:23.040+0000][1][safepoint    ] Application time: 1.0001917 seconds
[2022-06-13T03:17:23.041+0000][1][safepoint    ] Entering safepoint region: Cleanup
[2022-06-13T03:17:23.041+0000][1][safepoint    ] Leaving safepoint region
[2022-06-13T03:17:23.042+0000][1][safepoint    ] Total time for which application threads were stopped: 0.0009804 seconds, Stopping threads took: 0.0003962 seconds
[2022-06-13T03:17:23.718+0000][1][safepoint    ] Application time: 0.6764431 seconds
[2022-06-13T03:17:23.719+0000][1][safepoint    ] Entering safepoint region: RevokeBias
[2022-06-13T03:17:23.719+0000][1][safepoint    ] Leaving safepoint region
[2022-06-13T03:17:23.719+0000][1][safepoint    ] Total time for which application threads were stopped: 0.0004423 seconds, Stopping threads took: 0.0001928 seconds
[2022-06-13T03:17:23.719+0000][1][safepoint    ] Application time: 0.0001570 seconds
[2022-06-13T03:17:23.720+0000][1][safepoint    ] Entering safepoint region: RevokeBias
[2022-06-13T03:17:23.720+0000][1][safepoint    ] Leaving safepoint region
[2022-06-13T03:17:23.720+0000][1][safepoint    ] Total time for which application threads were stopped: 0.0005611 seconds, Stopping threads took: 0.0002303 seconds
[2022-06-13T03:17:23.721+0000][1][safepoint    ] Application time: 0.0007901 seconds
[2022-06-13T03:17:23.721+0000][1][safepoint    ] Entering safepoint region: RevokeBias
[2022-06-13T03:17:23.722+0000][1][safepoint    ] Leaving safepoint region
[2022-06-13T03:17:23.722+0000][1][safepoint    ] Total time for which application threads were stopped: 0.0003439 seconds, Stopping threads took: 0.0001514 seconds
[2022-06-13T03:17:23.722+0000][1][safepoint    ] Application time: 0.0001451 seconds
[2022-06-13T03:17:23.722+0000][1][safepoint    ] Entering safepoint region: RevokeBias
[2022-06-13T03:17:23.722+0000][1][safepoint    ] Leaving safepoint region
[2022-06-13T03:17:23.722+0000][1][safepoint    ] Total time for which application threads were stopped: 0.0003323 seconds, Stopping threads took: 0.0001372 seconds
[2022-06-13T03:17:23.723+0000][1][safepoint    ] Application time: 0.0008472 seconds
[2022-06-13T03:17:23.724+0000][1][safepoint    ] Entering safepoint region: RevokeBias
[2022-06-13T03:17:23.724+0000][1][safepoint    ] Leaving safepoint region
[2022-06-13T03:17:23.724+0000][1][safepoint    ] Total time for which application threads were stopped: 0.0004176 seconds, Stopping threads took: 0.0001764 seconds
[2022-06-13T03:17:23.725+0000][1][safepoint    ] Application time: 0.0005499 seconds
[2022-06-13T03:17:23.725+0000][1][safepoint    ] Entering safepoint region: RevokeBias
[2022-06-13T03:17:23.725+0000][1][safepoint    ] Leaving safepoint region
[2022-06-13T03:17:23.725+0000][1][safepoint    ] Total time for which application threads were stopped: 0.0003429 seconds, Stopping threads took: 0.0001294 seconds
[2022-06-13T03:17:23.726+0000][1][safepoint    ] Application time: 0.0002876 seconds
[2022-06-13T03:17:23.726+0000][1][safepoint    ] Entering safepoint region: RevokeBias
[2022-06-13T03:17:23.727+0000][1][safepoint    ] Leaving safepoint region
[2022-06-13T03:17:23.727+0000][1][safepoint    ] Total time for which application threads were stopped: 0.0009947 seconds, Stopping threads took: 0.0001854 seconds
[2022-06-13T03:17:23.727+0000][1][safepoint    ] Application time: 0.0004408 seconds
[2022-06-13T03:17:23.728+0000][1][safepoint    ] Entering safepoint region: RevokeBias
[2022-06-13T03:17:23.728+0000][1][safepoint    ] Leaving safepoint region
[2022-06-13T03:17:23.728+0000][1][safepoint    ] Total time for which application threads were stopped: 0.0006993 seconds, Stopping threads took: 0.0002451 seconds
[2022-06-13T03:17:23.729+0000][1][safepoint    ] Application time: 0.0001960 seconds
[2022-06-13T03:17:23.729+0000][1][safepoint    ] Entering safepoint region: RevokeBias
[2022-06-13T03:17:23.729+0000][1][safepoint    ] Leaving safepoint region
[2022-06-13T03:17:23.729+0000][1][safepoint    ] Total time for which application threads were stopped: 0.0004792 seconds, Stopping threads took: 0.0002061 seconds
[2022-06-13T03:17:23.730+0000][1][safepoint    ] Application time: 0.0007925 seconds
[2022-06-13T03:17:23.730+0000][1][safepoint    ] Entering safepoint region: RevokeBias
[2022-06-13T03:17:23.731+0000][1][safepoint    ] Leaving safepoint region
[2022-06-13T03:17:23.731+0000][1][safepoint    ] Total time for which application threads were stopped: 0.0005778 seconds, Stopping threads took: 0.0002964 seconds
[2022-06-13T03:17:23.731+0000][1][safepoint    ] Application time: 0.0003251 seconds
[2022-06-13T03:17:23.732+0000][1][safepoint    ] Entering safepoint region: RevokeBias
[2022-06-13T03:17:23.732+0000][1][safepoint    ] Leaving safepoint region
[2022-06-13T03:17:23.732+0000][1][safepoint    ] Total time for which application threads were stopped: 0.0005869 seconds, Stopping threads took: 0.0002819 seconds
[2022-06-13T03:17:23.733+0000][1][safepoint    ] Application time: 0.0001730 seconds
[2022-06-13T03:17:23.733+0000][1][safepoint    ] Entering safepoint region: RevokeBias
[2022-06-13T03:17:23.733+0000][1][safepoint    ] Leaving safepoint region
[2022-06-13T03:17:23.734+0000][1][safepoint    ] Total time for which application threads were stopped: 0.0006007 seconds, Stopping threads took: 0.0002780 seconds
[2022-06-13T03:17:23.734+0000][1][safepoint    ] Application time: 0.0005022 seconds
[2022-06-13T03:17:23.735+0000][1][safepoint    ] Entering safepoint region: RevokeBias
[2022-06-13T03:17:23.735+0000][1][safepoint    ] Leaving safepoint region
[2022-06-13T03:17:23.735+0000][1][safepoint    ] Total time for which application threads were stopped: 0.0006435 seconds, Stopping threads took: 0.0001798 seconds
[2022-06-13T03:17:23.736+0000][1][safepoint    ] Application time: 0.0001514 seconds
[2022-06-13T03:17:23.736+0000][1][safepoint    ] Entering safepoint region: RevokeBias
[2022-06-13T03:17:23.736+0000][1][safepoint    ] Leaving safepoint region
[2022-06-13T03:17:23.737+0000][1][safepoint    ] Total time for which application threads were stopped: 0.0006219 seconds, Stopping threads took: 0.0002298 seconds
[2022-06-13T03:17:23.737+0000][1][safepoint    ] Application time: 0.0001726 seconds
[2022-06-13T03:17:23.737+0000][1][safepoint    ] Entering safepoint region: RevokeBias
[2022-06-13T03:17:23.738+0000][1][safepoint    ] Leaving safepoint region
[2022-06-13T03:17:23.738+0000][1][safepoint    ] Total time for which application threads were stopped: 0.0008702 seconds, Stopping threads took: 0.0002664 seconds
[2022-06-13T03:17:23.739+0000][1][safepoint    ] Application time: 0.0004024 seconds
[2022-06-13T03:17:23.739+0000][1][safepoint    ] Entering safepoint region: RevokeBias
[2022-06-13T03:17:23.739+0000][1][safepoint    ] Leaving safepoint region
[2022-06-13T03:17:23.739+0000][1][safepoint    ] Total time for which application threads were stopped: 0.0004674 seconds, Stopping threads took: 0.0001844 seconds
[2022-06-13T03:17:23.740+0000][1][safepoint    ] Application time: 0.0001528 seconds
[2022-06-13T03:17:23.740+0000][1][safepoint    ] Entering safepoint region: RevokeBias
[2022-06-13T03:17:23.740+0000][1][safepoint    ] Leaving safepoint region
[2022-06-13T03:17:23.740+0000][1][safepoint    ] Total time for which application threads were stopped: 0.0004000 seconds, Stopping threads took: 0.0001924 seconds
[2022-06-13T03:17:23.741+0000][1][safepoint    ] Application time: 0.0001739 seconds
[2022-06-13T03:17:23.741+0000][1][safepoint    ] Entering safepoint region: RevokeBias
[2022-06-13T03:17:23.741+0000][1][safepoint    ] Leaving safepoint region
[2022-06-13T03:17:23.741+0000][1][safepoint    ] Total time for which application threads were stopped: 0.0003798 seconds, Stopping threads took: 0.0001375 seconds
[2022-06-13T03:17:23.741+0000][1][safepoint    ] Application time: 0.0002394 seconds
[2022-06-13T03:17:23.742+0000][1][safepoint    ] Entering safepoint region: RevokeBias
[2022-06-13T03:17:23.742+0000][1][safepoint    ] Leaving safepoint region
[2022-06-13T03:17:23.742+0000][1][safepoint    ] Total time for which application threads were stopped: 0.0004075 seconds, Stopping threads took: 0.0001495 seconds
[2022-06-13T03:17:23.742+0000][1][safepoint    ] Application time: 0.0003351 seconds
[2022-06-13T03:17:23.743+0000][1][safepoint    ] Entering safepoint region: RevokeBias
[2022-06-13T03:17:23.743+0000][1][safepoint    ] Leaving safepoint region
[2022-06-13T03:17:23.744+0000][1][safepoint    ] Total time for which application threads were stopped: 0.0008472 seconds, Stopping threads took: 0.0001622 seconds
[2022-06-13T03:17:23.744+0000][1][safepoint    ] Application time: 0.0001859 seconds
[2022-06-13T03:17:23.744+0000][1][safepoint    ] Entering safepoint region: RevokeBias
[2022-06-13T03:17:23.744+0000][1][safepoint    ] Leaving safepoint region
[2022-06-13T03:17:23.745+0000][1][safepoint    ] Total time for which application threads were stopped: 0.0005037 seconds, Stopping threads took: 0.0001940 seconds
[2022-06-13T03:17:23.746+0000][1][safepoint    ] Application time: 0.0006214 seconds
[2022-06-13T03:17:23.746+0000][1][safepoint    ] Entering safepoint region: RevokeBias
[2022-06-13T03:17:23.746+0000][1][safepoint    ] Leaving safepoint region
[2022-06-13T03:17:23.746+0000][1][safepoint    ] Total time for which application threads were stopped: 0.0005349 seconds, Stopping threads took: 0.0002246 seconds
[2022-06-13T03:17:23.747+0000][1][safepoint    ] Application time: 0.0001934 seconds
[2022-06-13T03:17:23.747+0000][1][safepoint    ] Entering safepoint region: RevokeBias
[2022-06-13T03:17:23.747+0000][1][safepoint    ] Leaving safepoint region
[2022-06-13T03:17:23.748+0000][1][safepoint    ] Total time for which application threads were stopped: 0.0007379 seconds, Stopping threads took: 0.0001181 seconds
[2022-06-13T03:17:23.748+0000][1][safepoint    ] Application time: 0.0003497 seconds
[2022-06-13T03:17:23.749+0000][1][safepoint    ] Entering safepoint region: RevokeBias
[2022-06-13T03:17:23.749+0000][1][safepoint    ] Leaving safepoint region
[2022-06-13T03:17:23.749+0000][1][safepoint    ] Total time for which application threads were stopped: 0.0004855 seconds, Stopping threads took: 0.0002588 seconds
[2022-06-13T03:17:23.750+0000][1][safepoint    ] Application time: 0.0002791 seconds
[2022-06-13T03:17:23.750+0000][1][safepoint    ] Entering safepoint region: RevokeBias
[2022-06-13T03:17:23.750+0000][1][safepoint    ] Leaving safepoint region
[2022-06-13T03:17:23.750+0000][1][safepoint    ] Total time for which application threads were stopped: 0.0003634 seconds, Stopping threads took: 0.0001643 seconds
[2022-06-13T03:17:23.750+0000][1][safepoint    ] Application time: 0.0002084 seconds
[2022-06-13T03:17:23.751+0000][1][safepoint    ] Entering safepoint region: RevokeBias
[2022-06-13T03:17:23.751+0000][1][safepoint    ] Leaving safepoint region
[2022-06-13T03:17:23.751+0000][1][safepoint    ] Total time for which application threads were stopped: 0.0003393 seconds, Stopping threads took: 0.0001430 seconds
[2022-06-13T03:17:23.751+0000][1][safepoint    ] Application time: 0.0002992 seconds
[2022-06-13T03:17:23.752+0000][1][safepoint    ] Entering safepoint region: RevokeBias
[2022-06-13T03:17:23.752+0000][1][safepoint    ] Leaving safepoint region
[2022-06-13T03:17:23.752+0000][1][safepoint    ] Total time for which application threads were stopped: 0.0003083 seconds, Stopping threads took: 0.0001349 seconds
[2022-06-13T03:17:23.752+0000][1][safepoint    ] Application time: 0.0000799 seconds
[2022-06-13T03:17:23.752+0000][1][safepoint    ] Entering safepoint region: RevokeBias
[2022-06-13T03:17:23.753+0000][1][safepoint    ] Leaving safepoint region
[2022-06-13T03:17:23.753+0000][1][safepoint    ] Total time for which application threads were stopped: 0.0003963 seconds, Stopping threads took: 0.0001681 seconds
[2022-06-13T03:17:23.753+0000][1][safepoint    ] Application time: 0.0003466 seconds
[2022-06-13T03:17:23.754+0000][1][safepoint    ] Entering safepoint region: RevokeBias
[2022-06-13T03:17:23.754+0000][1][safepoint    ] Leaving safepoint region
[2022-06-13T03:17:23.754+0000][1][safepoint    ] Total time for which application threads were stopped: 0.0005146 seconds, Stopping threads took: 0.0002159 seconds
[2022-06-13T03:17:23.754+0000][1][safepoint    ] Application time: 0.0001953 seconds
[2022-06-13T03:17:23.755+0000][1][safepoint    ] Entering safepoint region: RevokeBias
[2022-06-13T03:17:23.755+0000][1][safepoint    ] Leaving safepoint region
[2022-06-13T03:17:23.755+0000][1][safepoint    ] Total time for which application threads were stopped: 0.0003946 seconds, Stopping threads took: 0.0001860 seconds
[2022-06-13T03:17:23.755+0000][1][safepoint    ] Application time: 0.0002160 seconds
[2022-06-13T03:17:23.755+0000][1][safepoint    ] Entering safepoint region: RevokeBias
[2022-06-13T03:17:23.756+0000][1][safepoint    ] Leaving safepoint region
[2022-06-13T03:17:23.756+0000][1][safepoint    ] Total time for which application threads were stopped: 0.0003754 seconds, Stopping threads took: 0.0001528 seconds
[2022-06-13T03:17:23.756+0000][1][safepoint    ] Application time: 0.0001098 seconds
[2022-06-13T03:17:23.756+0000][1][safepoint    ] Entering safepoint region: RevokeBias
[2022-06-13T03:17:23.756+0000][1][safepoint    ] Leaving safepoint region
[2022-06-13T03:17:23.757+0000][1][safepoint    ] Total time for which application threads were stopped: 0.0003247 seconds, Stopping threads took: 0.0001528 seconds
[2022-06-13T03:17:23.758+0000][1][safepoint    ] Application time: 0.0011326 seconds
[2022-06-13T03:17:23.758+0000][1][safepoint    ] Entering safepoint region: RevokeBias
[2022-06-13T03:17:23.758+0000][1][safepoint    ] Leaving safepoint region
[2022-06-13T03:17:23.758+0000][1][safepoint    ] Total time for which application threads were stopped: 0.0003678 seconds, Stopping threads took: 0.0001492 seconds
[2022-06-13T03:17:23.760+0000][1][safepoint    ] Application time: 0.0009276 seconds
[2022-06-13T03:17:23.760+0000][1][safepoint    ] Entering safepoint region: RevokeBias
[2022-06-13T03:17:23.760+0000][1][safepoint    ] Leaving safepoint region
[2022-06-13T03:17:23.760+0000][1][safepoint    ] Total time for which application threads were stopped: 0.0002909 seconds, Stopping threads took: 0.0001421 seconds
[2022-06-13T03:17:23.760+0000][1][safepoint    ] Application time: 0.0001821 seconds
[2022-06-13T03:17:23.760+0000][1][safepoint    ] Entering safepoint region: RevokeBias
[2022-06-13T03:17:23.761+0000][1][safepoint    ] Leaving safepoint region
[2022-06-13T03:17:23.761+0000][1][safepoint    ] Total time for which application threads were stopped: 0.0003419 seconds, Stopping threads took: 0.0001545 seconds
[2022-06-13T03:17:23.761+0000][1][safepoint    ] Application time: 0.0000932 seconds
[2022-06-13T03:17:23.761+0000][1][safepoint    ] Entering safepoint region: RevokeBias
[2022-06-13T03:17:23.761+0000][1][safepoint    ] Leaving safepoint region
[2022-06-13T03:17:23.762+0000][1][safepoint    ] Total time for which application threads were stopped: 0.0006248 seconds, Stopping threads took: 0.0002238 seconds
[2022-06-13T03:17:23.762+0000][1][safepoint    ] Application time: 0.0001441 seconds
[2022-06-13T03:17:23.762+0000][1][safepoint    ] Entering safepoint region: RevokeBias
[2022-06-13T03:17:23.762+0000][1][safepoint    ] Leaving safepoint region
[2022-06-13T03:17:23.763+0000][1][safepoint    ] Total time for which application threads were stopped: 0.0003751 seconds, Stopping threads took: 0.0001733 seconds
[2022-06-13T03:17:23.763+0000][1][safepoint    ] Application time: 0.0001214 seconds
[2022-06-13T03:17:23.763+0000][1][safepoint    ] Entering safepoint region: RevokeBias
[2022-06-13T03:17:23.763+0000][1][safepoint    ] Leaving safepoint region
[2022-06-13T03:17:23.764+0000][1][safepoint    ] Total time for which application threads were stopped: 0.0005397 seconds, Stopping threads took: 0.0003297 seconds
[2022-06-13T03:17:23.764+0000][1][safepoint    ] Application time: 0.0001000 seconds
[2022-06-13T03:17:23.764+0000][1][safepoint    ] Entering safepoint region: RevokeBias
[2022-06-13T03:17:23.764+0000][1][safepoint    ] Leaving safepoint region
[2022-06-13T03:17:23.764+0000][1][safepoint    ] Total time for which application threads were stopped: 0.0005468 seconds, Stopping threads took: 0.0003036 seconds
[2022-06-13T03:17:23.765+0000][1][safepoint    ] Application time: 0.0002645 seconds
[2022-06-13T03:17:23.765+0000][1][safepoint    ] Entering safepoint region: RevokeBias
[2022-06-13T03:17:23.766+0000][1][safepoint    ] Leaving safepoint region
[2022-06-13T03:17:23.766+0000][1][safepoint    ] Total time for which application threads were stopped: 0.0005615 seconds, Stopping threads took: 0.0003696 seconds
[2022-06-13T03:17:23.768+0000][1][safepoint    ] Application time: 0.0022417 seconds
[2022-06-13T03:17:23.768+0000][1][safepoint    ] Entering safepoint region: RevokeBias
[2022-06-13T03:17:23.769+0000][1][safepoint    ] Leaving safepoint region
[2022-06-13T03:17:23.769+0000][1][safepoint    ] Total time for which application threads were stopped: 0.0004356 seconds, Stopping threads took: 0.0001627 seconds
[2022-06-13T03:17:23.769+0000][1][safepoint    ] Application time: 0.0005863 seconds
[2022-06-13T03:17:23.770+0000][1][safepoint    ] Entering safepoint region: RevokeBias
[2022-06-13T03:17:23.770+0000][1][safepoint    ] Leaving safepoint region
[2022-06-13T03:17:23.770+0000][1][safepoint    ] Total time for which application threads were stopped: 0.0006394 seconds, Stopping threads took: 0.0003952 seconds
[2022-06-13T03:17:23.771+0000][1][safepoint    ] Application time: 0.0007856 seconds
[2022-06-13T03:17:23.772+0000][1][safepoint    ] Entering safepoint region: RevokeBias
[2022-06-13T03:17:23.772+0000][1][safepoint    ] Leaving safepoint region
[2022-06-13T03:17:23.772+0000][1][safepoint    ] Total time for which application threads were stopped: 0.0004659 seconds, Stopping threads took: 0.0002415 seconds
[2022-06-13T03:17:23.772+0000][1][safepoint    ] Application time: 0.0001440 seconds
[2022-06-13T03:17:23.772+0000][1][safepoint    ] Entering safepoint region: RevokeBias
[2022-06-13T03:17:23.773+0000][1][safepoint    ] Leaving safepoint region
[2022-06-13T03:17:23.773+0000][1][safepoint    ] Total time for which application threads were stopped: 0.0003381 seconds, Stopping threads took: 0.0001694 seconds
[2022-06-13T03:17:23.773+0000][1][safepoint    ] Application time: 0.0001149 seconds
[2022-06-13T03:17:23.773+0000][1][safepoint    ] Entering safepoint region: RevokeBias
[2022-06-13T03:17:23.773+0000][1][safepoint    ] Leaving safepoint region
[2022-06-13T03:17:23.773+0000][1][safepoint    ] Total time for which application threads were stopped: 0.0003181 seconds, Stopping threads took: 0.0001298 seconds
[2022-06-13T03:17:23.774+0000][1][safepoint    ] Application time: 0.0001036 seconds
[2022-06-13T03:17:23.774+0000][1][safepoint    ] Entering safepoint region: BulkRevokeBias
[2022-06-13T03:17:23.774+0000][1][safepoint    ] Leaving safepoint region
[2022-06-13T03:17:23.774+0000][1][safepoint    ] Total time for which application threads were stopped: 0.0004641 seconds, Stopping threads took: 0.0002051 seconds
[2022-06-13T03:17:23.776+0000][1][safepoint    ] Application time: 0.0013530 seconds
[2022-06-13T03:17:23.776+0000][1][safepoint    ] Entering safepoint region: RevokeBias
[2022-06-13T03:17:23.776+0000][1][safepoint    ] Leaving safepoint region
[2022-06-13T03:17:23.776+0000][1][safepoint    ] Total time for which application threads were stopped: 0.0002768 seconds, Stopping threads took: 0.0001349 seconds
[2022-06-13T03:17:23.783+0000][1][safepoint    ] Application time: 0.0068833 seconds
[2022-06-13T03:17:23.783+0000][1][safepoint    ] Entering safepoint region: RevokeBias
[2022-06-13T03:17:23.784+0000][1][safepoint    ] Leaving safepoint region
[2022-06-13T03:17:23.784+0000][1][safepoint    ] Total time for which application threads were stopped: 0.0004070 seconds, Stopping threads took: 0.0001841 seconds
[2022-06-13T03:17:23.784+0000][1][safepoint    ] Application time: 0.0001338 seconds
[2022-06-13T03:17:23.784+0000][1][safepoint    ] Entering safepoint region: RevokeBias
[2022-06-13T03:17:23.784+0000][1][safepoint    ] Leaving safepoint region
[2022-06-13T03:17:23.785+0000][1][safepoint    ] Total time for which application threads were stopped: 0.0003177 seconds, Stopping threads took: 0.0001035 seconds
[2022-06-13T03:17:23.785+0000][1][safepoint    ] Application time: 0.0000809 seconds
[2022-06-13T03:17:23.785+0000][1][safepoint    ] Entering safepoint region: RevokeBias
[2022-06-13T03:17:23.785+0000][1][safepoint    ] Leaving safepoint region
[2022-06-13T03:17:23.785+0000][1][safepoint    ] Total time for which application threads were stopped: 0.0003138 seconds, Stopping threads took: 0.0001180 seconds
[2022-06-13T03:17:23.786+0000][1][safepoint    ] Application time: 0.0004982 seconds
[2022-06-13T03:17:23.786+0000][1][safepoint    ] Entering safepoint region: RevokeBias
[2022-06-13T03:17:23.786+0000][1][safepoint    ] Leaving safepoint region
[2022-06-13T03:17:23.786+0000][1][safepoint    ] Total time for which application threads were stopped: 0.0003157 seconds, Stopping threads took: 0.0001530 seconds
[2022-06-13T03:17:23.788+0000][1][safepoint    ] Application time: 0.0012732 seconds
[2022-06-13T03:17:23.788+0000][1][safepoint    ] Entering safepoint region: RevokeBias
[2022-06-13T03:17:23.788+0000][1][safepoint    ] Leaving safepoint region
[2022-06-13T03:17:23.788+0000][1][safepoint    ] Total time for which application threads were stopped: 0.0003364 seconds, Stopping threads took: 0.0001422 seconds
[2022-06-13T03:17:23.789+0000][1][safepoint    ] Application time: 0.0003255 seconds
[2022-06-13T03:17:23.789+0000][1][safepoint    ] Entering safepoint region: RevokeBias
[2022-06-13T03:17:23.789+0000][1][safepoint    ] Leaving safepoint region
[2022-06-13T03:17:23.789+0000][1][safepoint    ] Total time for which application threads were stopped: 0.0003844 seconds, Stopping threads took: 0.0002070 seconds
[2022-06-13T03:17:23.791+0000][1][safepoint    ] Application time: 0.0013156 seconds
[2022-06-13T03:17:23.791+0000][1][safepoint    ] Entering safepoint region: RevokeBias
[2022-06-13T03:17:23.791+0000][1][safepoint    ] Leaving safepoint region
[2022-06-13T03:17:23.791+0000][1][safepoint    ] Total time for which application threads were stopped: 0.0003048 seconds, Stopping threads took: 0.0001301 seconds
[2022-06-13T03:17:23.792+0000][1][safepoint    ] Application time: 0.0002994 seconds
[2022-06-13T03:17:23.792+0000][1][safepoint    ] Entering safepoint region: RevokeBias
[2022-06-13T03:17:23.792+0000][1][safepoint    ] Leaving safepoint region
[2022-06-13T03:17:23.792+0000][1][safepoint    ] Total time for which application threads were stopped: 0.0002424 seconds, Stopping threads took: 0.0001174 seconds
[2022-06-13T03:17:23.792+0000][1][safepoint    ] Application time: 0.0001442 seconds
[2022-06-13T03:17:23.793+0000][1][safepoint    ] Entering safepoint region: RevokeBias
[2022-06-13T03:17:23.793+0000][1][safepoint    ] Leaving safepoint region
[2022-06-13T03:17:23.793+0000][1][safepoint    ] Total time for which application threads were stopped: 0.0003042 seconds, Stopping threads took: 0.0001488 seconds
[2022-06-13T03:17:23.794+0000][1][safepoint    ] Application time: 0.0006912 seconds
[2022-06-13T03:17:23.794+0000][1][safepoint    ] Entering safepoint region: RevokeBias
[2022-06-13T03:17:23.794+0000][1][safepoint    ] Leaving safepoint region
[2022-06-13T03:17:23.794+0000][1][safepoint    ] Total time for which application threads were stopped: 0.0003016 seconds, Stopping threads took: 0.0001408 seconds
[2022-06-13T03:17:23.796+0000][1][safepoint    ] Application time: 0.0015036 seconds
[2022-06-13T03:17:23.797+0000][1][safepoint    ] Entering safepoint region: RevokeBias
[2022-06-13T03:17:23.798+0000][1][safepoint    ] Leaving safepoint region
[2022-06-13T03:17:23.798+0000][1][safepoint    ] Total time for which application threads were stopped: 0.0012776 seconds, Stopping threads took: 0.0010564 seconds
[2022-06-13T03:17:23.799+0000][1][safepoint    ] Application time: 0.0005057 seconds
[2022-06-13T03:17:23.799+0000][1][safepoint    ] Entering safepoint region: RevokeBias
[2022-06-13T03:17:23.799+0000][1][safepoint    ] Leaving safepoint region
[2022-06-13T03:17:23.800+0000][1][safepoint    ] Total time for which application threads were stopped: 0.0007361 seconds, Stopping threads took: 0.0004842 seconds
[2022-06-13T03:17:23.802+0000][1][gc,heap,exit ] Heap
[2022-06-13T03:17:23.802+0000][1][gc,heap,exit ]  par new generation   total 78656K, used 25320K [0x00000000f0000000, 0x00000000f5550000, 0x00000000f5550000)
[2022-06-13T03:17:23.803+0000][1][gc,heap,exit ]   eden space 69952K,  35% used [0x00000000f0000000, 0x00000000f188e0b0, 0x00000000f4450000)
[2022-06-13T03:17:23.803+0000][1][gc,heap,exit ]   from space 8704K,   2% used [0x00000000f4cd0000, 0x00000000f4cfc268, 0x00000000f5550000)
[2022-06-13T03:17:23.803+0000][1][gc,heap,exit ]   to   space 8704K,   0% used [0x00000000f4450000, 0x00000000f4450000, 0x00000000f4cd0000)
[2022-06-13T03:17:23.803+0000][1][gc,heap,exit ]  concurrent mark-sweep generation total 174784K, used 68741K [0x00000000f5550000, 0x0000000100000000, 0x0000000100000000)
[2022-06-13T03:17:23.803+0000][1][gc,heap,exit ]  Metaspace       used 64523K, capacity 69167K, committed 69452K, reserved 1107968K
[2022-06-13T03:17:23.803+0000][1][gc,heap,exit ]   class space    used 8610K, capacity 10562K, committed 10684K, reserved 1048576K
[2022-06-13T03:17:23.804+0000][1][safepoint    ] Application time: 0.0038497 seconds
[2022-06-13T03:17:23.804+0000][1][safepoint    ] Entering safepoint region: Exit
