[2022-06-13T04:11:06.261+0000][1][gc] Using Concurrent Mark Sweep
[2022-06-13T04:11:06.261+0000][1][gc,heap,coops] Heap address: 0x00000000f0000000, size: 256 MB, Compressed Oops mode: 32-bit
[2022-06-13T04:11:06.300+0000][1][safepoint    ] Entering safepoint region: EnableBiasedLocking
[2022-06-13T04:11:06.300+0000][1][safepoint    ] Leaving safepoint region
[2022-06-13T04:11:06.301+0000][1][safepoint    ] Total time for which application threads were stopped: 0.0004763 seconds, Stopping threads took: 0.0002507 seconds
[2022-06-13T04:11:06.303+0000][1][safepoint    ] Application time: 0.0019605 seconds
[2022-06-13T04:11:06.303+0000][1][safepoint    ] Entering safepoint region: RevokeBias
[2022-06-13T04:11:06.303+0000][1][safepoint    ] Leaving safepoint region
[2022-06-13T04:11:06.304+0000][1][safepoint    ] Total time for which application threads were stopped: 0.0005046 seconds, Stopping threads took: 0.0003187 seconds
[2022-06-13T04:11:06.311+0000][1][safepoint    ] Application time: 0.0069451 seconds
[2022-06-13T04:11:06.311+0000][1][safepoint    ] Entering safepoint region: Deoptimize
[2022-06-13T04:11:06.311+0000][1][safepoint    ] Leaving safepoint region
[2022-06-13T04:11:06.311+0000][1][safepoint    ] Total time for which application threads were stopped: 0.0002738 seconds, Stopping threads took: 0.0001178 seconds
[2022-06-13T04:11:06.365+0000][1][safepoint    ] Application time: 0.0537931 seconds
[2022-06-13T04:11:06.365+0000][1][safepoint    ] Entering safepoint region: RevokeBias
[2022-06-13T04:11:06.366+0000][1][safepoint    ] Leaving safepoint region
[2022-06-13T04:11:06.366+0000][1][safepoint    ] Total time for which application threads were stopped: 0.0003517 seconds, Stopping threads took: 0.0001729 seconds
[2022-06-13T04:11:06.384+0000][1][safepoint    ] Application time: 0.0177870 seconds
[2022-06-13T04:11:06.384+0000][1][safepoint    ] Entering safepoint region: Deoptimize
[2022-06-13T04:11:06.384+0000][1][safepoint    ] Leaving safepoint region
[2022-06-13T04:11:06.384+0000][1][safepoint    ] Total time for which application threads were stopped: 0.0003674 seconds, Stopping threads took: 0.0001488 seconds
[2022-06-13T04:11:06.605+0000][1][safepoint    ] Application time: 0.2206603 seconds
[2022-06-13T04:11:06.607+0000][1][safepoint    ] Entering safepoint region: Deoptimize
[2022-06-13T04:11:06.608+0000][1][safepoint    ] Leaving safepoint region
[2022-06-13T04:11:06.609+0000][1][safepoint    ] Total time for which application threads were stopped: 0.0013637 seconds, Stopping threads took: 0.0003956 seconds
[2022-06-13T04:11:06.621+0000][1][safepoint    ] Application time: 0.0124695 seconds
[2022-06-13T04:11:06.622+0000][1][safepoint    ] Entering safepoint region: Deoptimize
[2022-06-13T04:11:06.622+0000][1][safepoint    ] Leaving safepoint region
[2022-06-13T04:11:06.622+0000][1][safepoint    ] Total time for which application threads were stopped: 0.0004211 seconds, Stopping threads took: 0.0001521 seconds
[2022-06-13T04:11:06.661+0000][1][safepoint    ] Application time: 0.0383605 seconds
[2022-06-13T04:11:06.661+0000][1][safepoint    ] Entering safepoint region: Deoptimize
[2022-06-13T04:11:06.662+0000][1][safepoint    ] Leaving safepoint region
[2022-06-13T04:11:06.662+0000][1][safepoint    ] Total time for which application threads were stopped: 0.0009223 seconds, Stopping threads took: 0.0006248 seconds
[2022-06-13T04:11:06.671+0000][1][safepoint    ] Application time: 0.0087828 seconds
[2022-06-13T04:11:06.671+0000][1][safepoint    ] Entering safepoint region: Deoptimize
[2022-06-13T04:11:06.671+0000][1][safepoint    ] Leaving safepoint region
[2022-06-13T04:11:06.672+0000][1][safepoint    ] Total time for which application threads were stopped: 0.0004178 seconds, Stopping threads took: 0.0001638 seconds
[2022-06-13T04:11:06.998+0000][1][safepoint    ] Application time: 0.3264348 seconds
[2022-06-13T04:11:06.998+0000][1][safepoint    ] Entering safepoint region: Deoptimize
[2022-06-13T04:11:06.999+0000][1][safepoint    ] Leaving safepoint region
[2022-06-13T04:11:06.999+0000][1][safepoint    ] Total time for which application threads were stopped: 0.0005366 seconds, Stopping threads took: 0.0001441 seconds
[2022-06-13T04:11:07.186+0000][1][safepoint    ] Application time: 0.1864214 seconds
[2022-06-13T04:11:07.186+0000][1][safepoint    ] Entering safepoint region: RevokeBias
[2022-06-13T04:11:07.186+0000][1][safepoint    ] Leaving safepoint region
[2022-06-13T04:11:07.187+0000][1][safepoint    ] Total time for which application threads were stopped: 0.0004529 seconds, Stopping threads took: 0.0002145 seconds
[2022-06-13T04:11:07.259+0000][1][safepoint    ] Application time: 0.0721754 seconds
[2022-06-13T04:11:07.259+0000][1][safepoint    ] Entering safepoint region: Deoptimize
[2022-06-13T04:11:07.259+0000][1][safepoint    ] Leaving safepoint region
[2022-06-13T04:11:07.261+0000][1][safepoint    ] Total time for which application threads were stopped: 0.0022759 seconds, Stopping threads took: 0.0001965 seconds
[2022-06-13T04:11:07.333+0000][1][safepoint    ] Application time: 0.0715775 seconds
[2022-06-13T04:11:07.333+0000][1][safepoint    ] Entering safepoint region: Deoptimize
[2022-06-13T04:11:07.334+0000][1][safepoint    ] Leaving safepoint region
[2022-06-13T04:11:07.334+0000][1][safepoint    ] Total time for which application threads were stopped: 0.0005762 seconds, Stopping threads took: 0.0001633 seconds
[2022-06-13T04:11:07.334+0000][1][safepoint    ] Application time: 0.0001726 seconds
[2022-06-13T04:11:07.335+0000][1][safepoint    ] Entering safepoint region: Deoptimize
[2022-06-13T04:11:07.335+0000][1][safepoint    ] Leaving safepoint region
[2022-06-13T04:11:07.335+0000][1][safepoint    ] Total time for which application threads were stopped: 0.0005238 seconds, Stopping threads took: 0.0001628 seconds
[2022-06-13T04:11:07.362+0000][1][safepoint    ] Application time: 0.0266200 seconds
[2022-06-13T04:11:07.362+0000][1][safepoint    ] Entering safepoint region: Deoptimize
[2022-06-13T04:11:07.363+0000][1][safepoint    ] Leaving safepoint region
[2022-06-13T04:11:07.363+0000][1][safepoint    ] Total time for which application threads were stopped: 0.0005897 seconds, Stopping threads took: 0.0002054 seconds
[2022-06-13T04:11:07.371+0000][1][safepoint    ] Application time: 0.0083426 seconds
[2022-06-13T04:11:07.372+0000][1][safepoint    ] Entering safepoint region: RevokeBias
[2022-06-13T04:11:07.372+0000][1][safepoint    ] Leaving safepoint region
[2022-06-13T04:11:07.372+0000][1][safepoint    ] Total time for which application threads were stopped: 0.0003292 seconds, Stopping threads took: 0.0001353 seconds
[2022-06-13T04:11:07.372+0000][1][safepoint    ] Application time: 0.0000895 seconds
[2022-06-13T04:11:07.373+0000][1][safepoint    ] Entering safepoint region: RevokeBias
[2022-06-13T04:11:07.373+0000][1][safepoint    ] Leaving safepoint region
[2022-06-13T04:11:07.373+0000][1][safepoint    ] Total time for which application threads were stopped: 0.0003218 seconds, Stopping threads took: 0.0001807 seconds
[2022-06-13T04:11:07.373+0000][1][safepoint    ] Application time: 0.0000844 seconds
[2022-06-13T04:11:07.373+0000][1][safepoint    ] Entering safepoint region: RevokeBias
[2022-06-13T04:11:07.373+0000][1][safepoint    ] Leaving safepoint region
[2022-06-13T04:11:07.373+0000][1][safepoint    ] Total time for which application threads were stopped: 0.0002703 seconds, Stopping threads took: 0.0001369 seconds
[2022-06-13T04:11:07.374+0000][1][safepoint    ] Application time: 0.0001639 seconds
[2022-06-13T04:11:07.374+0000][1][safepoint    ] Entering safepoint region: RevokeBias
[2022-06-13T04:11:07.374+0000][1][safepoint    ] Leaving safepoint region
[2022-06-13T04:11:07.374+0000][1][safepoint    ] Total time for which application threads were stopped: 0.0003970 seconds, Stopping threads took: 0.0002026 seconds
[2022-06-13T04:11:07.380+0000][1][safepoint    ] Application time: 0.0057380 seconds
[2022-06-13T04:11:07.381+0000][1][safepoint    ] Entering safepoint region: Deoptimize
[2022-06-13T04:11:07.381+0000][1][safepoint    ] Leaving safepoint region
[2022-06-13T04:11:07.381+0000][1][safepoint    ] Total time for which application threads were stopped: 0.0005495 seconds, Stopping threads took: 0.0001870 seconds
[2022-06-13T04:11:07.438+0000][1][safepoint    ] Application time: 0.0558545 seconds
[2022-06-13T04:11:07.438+0000][1][safepoint    ] Entering safepoint region: GenCollectForAllocation
[2022-06-13T04:11:07.438+0000][1][gc,start     ] GC(0) Pause Young (Allocation Failure)
[2022-06-13T04:11:07.439+0000][1][gc,task      ] GC(0) Using 5 workers of 13 for evacuation
[2022-06-13T04:11:07.443+0000][1][gc,age       ] GC(0) Desired survivor size 4456448 bytes, new threshold 1 (max threshold 6)
[2022-06-13T04:11:07.443+0000][1][gc,age       ] GC(0) Age table with threshold 1 (max threshold 6)
[2022-06-13T04:11:07.443+0000][1][gc,age       ] GC(0) - age   1:    8100808 bytes,    8100808 total
[2022-06-13T04:11:07.443+0000][1][gc,heap      ] GC(0) ParNew: 69952K->8020K(78656K)
[2022-06-13T04:11:07.444+0000][1][gc,heap      ] GC(0) CMS: 0K->0K(174784K)
[2022-06-13T04:11:07.444+0000][1][gc,metaspace ] GC(0) Metaspace: 12367K->12367K(1060864K)
[2022-06-13T04:11:07.444+0000][1][gc           ] GC(0) Pause Young (Allocation Failure) 68M->7M(247M) 5.948ms
[2022-06-13T04:11:07.444+0000][1][gc,cpu       ] GC(0) User=0.05s Sys=0.00s Real=0.01s
[2022-06-13T04:11:07.444+0000][1][safepoint    ] Leaving safepoint region
[2022-06-13T04:11:07.444+0000][1][safepoint    ] Total time for which application threads were stopped: 0.0065310 seconds, Stopping threads took: 0.0001596 seconds
[2022-06-13T04:11:07.445+0000][1][safepoint    ] Application time: 0.0004034 seconds
[2022-06-13T04:11:07.445+0000][1][safepoint    ] Entering safepoint region: RevokeBias
[2022-06-13T04:11:07.445+0000][1][safepoint    ] Leaving safepoint region
[2022-06-13T04:11:07.446+0000][1][safepoint    ] Total time for which application threads were stopped: 0.0013193 seconds, Stopping threads took: 0.0004818 seconds
[2022-06-13T04:11:07.446+0000][1][safepoint    ] Application time: 0.0000661 seconds
[2022-06-13T04:11:07.447+0000][1][safepoint    ] Entering safepoint region: RevokeBias
[2022-06-13T04:11:07.447+0000][1][safepoint    ] Leaving safepoint region
[2022-06-13T04:11:07.447+0000][1][safepoint    ] Total time for which application threads were stopped: 0.0002888 seconds, Stopping threads took: 0.0001443 seconds
[2022-06-13T04:11:07.447+0000][1][safepoint    ] Application time: 0.0000873 seconds
[2022-06-13T04:11:07.447+0000][1][safepoint    ] Entering safepoint region: RevokeBias
[2022-06-13T04:11:07.447+0000][1][safepoint    ] Leaving safepoint region
[2022-06-13T04:11:07.448+0000][1][safepoint    ] Total time for which application threads were stopped: 0.0003587 seconds, Stopping threads took: 0.0001547 seconds
[2022-06-13T04:11:07.448+0000][1][safepoint    ] Application time: 0.0000677 seconds
[2022-06-13T04:11:07.448+0000][1][safepoint    ] Entering safepoint region: RevokeBias
[2022-06-13T04:11:07.448+0000][1][safepoint    ] Leaving safepoint region
[2022-06-13T04:11:07.448+0000][1][safepoint    ] Total time for which application threads were stopped: 0.0003330 seconds, Stopping threads took: 0.0001771 seconds
[2022-06-13T04:11:07.449+0000][1][safepoint    ] Application time: 0.0000891 seconds
[2022-06-13T04:11:07.449+0000][1][safepoint    ] Entering safepoint region: RevokeBias
[2022-06-13T04:11:07.449+0000][1][safepoint    ] Leaving safepoint region
[2022-06-13T04:11:07.450+0000][1][safepoint    ] Total time for which application threads were stopped: 0.0008224 seconds, Stopping threads took: 0.0001496 seconds
[2022-06-13T04:11:07.450+0000][1][safepoint    ] Application time: 0.0001711 seconds
[2022-06-13T04:11:07.450+0000][1][safepoint    ] Entering safepoint region: RevokeBias
[2022-06-13T04:11:07.451+0000][1][safepoint    ] Leaving safepoint region
[2022-06-13T04:11:07.451+0000][1][safepoint    ] Total time for which application threads were stopped: 0.0003052 seconds, Stopping threads took: 0.0001456 seconds
[2022-06-13T04:11:07.451+0000][1][safepoint    ] Application time: 0.0001167 seconds
[2022-06-13T04:11:07.451+0000][1][safepoint    ] Entering safepoint region: RevokeBias
[2022-06-13T04:11:07.452+0000][1][safepoint    ] Leaving safepoint region
[2022-06-13T04:11:07.452+0000][1][safepoint    ] Total time for which application threads were stopped: 0.0006037 seconds, Stopping threads took: 0.0001431 seconds
[2022-06-13T04:11:07.452+0000][1][safepoint    ] Application time: 0.0000227 seconds
[2022-06-13T04:11:07.452+0000][1][safepoint    ] Entering safepoint region: RevokeBias
[2022-06-13T04:11:07.452+0000][1][safepoint    ] Leaving safepoint region
[2022-06-13T04:11:07.452+0000][1][safepoint    ] Total time for which application threads were stopped: 0.0002264 seconds, Stopping threads took: 0.0000997 seconds
[2022-06-13T04:11:07.452+0000][1][safepoint    ] Application time: 0.0000290 seconds
[2022-06-13T04:11:07.452+0000][1][safepoint    ] Entering safepoint region: RevokeBias
[2022-06-13T04:11:07.453+0000][1][safepoint    ] Leaving safepoint region
[2022-06-13T04:11:07.453+0000][1][safepoint    ] Total time for which application threads were stopped: 0.0002238 seconds, Stopping threads took: 0.0000942 seconds
[2022-06-13T04:11:07.453+0000][1][safepoint    ] Application time: 0.0000346 seconds
[2022-06-13T04:11:07.454+0000][1][safepoint    ] Entering safepoint region: RevokeBias
[2022-06-13T04:11:07.454+0000][1][safepoint    ] Leaving safepoint region
[2022-06-13T04:11:07.455+0000][1][safepoint    ] Total time for which application threads were stopped: 0.0003896 seconds, Stopping threads took: 0.0001817 seconds
[2022-06-13T04:11:07.455+0000][1][safepoint    ] Application time: 0.0001481 seconds
[2022-06-13T04:11:07.455+0000][1][safepoint    ] Entering safepoint region: RevokeBias
[2022-06-13T04:11:07.455+0000][1][safepoint    ] Leaving safepoint region
[2022-06-13T04:11:07.455+0000][1][safepoint    ] Total time for which application threads were stopped: 0.0002791 seconds, Stopping threads took: 0.0001437 seconds
[2022-06-13T04:11:07.456+0000][1][safepoint    ] Application time: 0.0000839 seconds
[2022-06-13T04:11:07.456+0000][1][safepoint    ] Entering safepoint region: RevokeBias
[2022-06-13T04:11:07.456+0000][1][safepoint    ] Leaving safepoint region
[2022-06-13T04:11:07.456+0000][1][safepoint    ] Total time for which application threads were stopped: 0.0002420 seconds, Stopping threads took: 0.0001104 seconds
[2022-06-13T04:11:07.456+0000][1][safepoint    ] Application time: 0.0001021 seconds
[2022-06-13T04:11:07.456+0000][1][safepoint    ] Entering safepoint region: RevokeBias
[2022-06-13T04:11:07.456+0000][1][safepoint    ] Leaving safepoint region
[2022-06-13T04:11:07.457+0000][1][safepoint    ] Total time for which application threads were stopped: 0.0002717 seconds, Stopping threads took: 0.0001467 seconds
[2022-06-13T04:11:07.457+0000][1][safepoint    ] Application time: 0.0000828 seconds
[2022-06-13T04:11:07.457+0000][1][safepoint    ] Entering safepoint region: RevokeBias
[2022-06-13T04:11:07.457+0000][1][safepoint    ] Leaving safepoint region
[2022-06-13T04:11:07.457+0000][1][safepoint    ] Total time for which application threads were stopped: 0.0002677 seconds, Stopping threads took: 0.0001336 seconds
[2022-06-13T04:11:07.457+0000][1][safepoint    ] Application time: 0.0001021 seconds
[2022-06-13T04:11:07.458+0000][1][safepoint    ] Entering safepoint region: RevokeBias
[2022-06-13T04:11:07.458+0000][1][safepoint    ] Leaving safepoint region
[2022-06-13T04:11:07.458+0000][1][safepoint    ] Total time for which application threads were stopped: 0.0003088 seconds, Stopping threads took: 0.0001432 seconds
[2022-06-13T04:11:07.458+0000][1][safepoint    ] Application time: 0.0000884 seconds
[2022-06-13T04:11:07.458+0000][1][safepoint    ] Entering safepoint region: RevokeBias
[2022-06-13T04:11:07.458+0000][1][safepoint    ] Leaving safepoint region
[2022-06-13T04:11:07.458+0000][1][safepoint    ] Total time for which application threads were stopped: 0.0003068 seconds, Stopping threads took: 0.0001602 seconds
[2022-06-13T04:11:07.459+0000][1][safepoint    ] Application time: 0.0000941 seconds
[2022-06-13T04:11:07.459+0000][1][safepoint    ] Entering safepoint region: RevokeBias
[2022-06-13T04:11:07.459+0000][1][safepoint    ] Leaving safepoint region
[2022-06-13T04:11:07.459+0000][1][safepoint    ] Total time for which application threads were stopped: 0.0004732 seconds, Stopping threads took: 0.0002769 seconds
[2022-06-13T04:11:07.463+0000][1][safepoint    ] Application time: 0.0032708 seconds
[2022-06-13T04:11:07.463+0000][1][safepoint    ] Entering safepoint region: RevokeBias
[2022-06-13T04:11:07.463+0000][1][safepoint    ] Leaving safepoint region
[2022-06-13T04:11:07.463+0000][1][safepoint    ] Total time for which application threads were stopped: 0.0004829 seconds, Stopping threads took: 0.0002810 seconds
[2022-06-13T04:11:07.464+0000][1][safepoint    ] Application time: 0.0000995 seconds
[2022-06-13T04:11:07.464+0000][1][safepoint    ] Entering safepoint region: RevokeBias
[2022-06-13T04:11:07.464+0000][1][safepoint    ] Leaving safepoint region
[2022-06-13T04:11:07.464+0000][1][safepoint    ] Total time for which application threads were stopped: 0.0003314 seconds, Stopping threads took: 0.0001478 seconds
[2022-06-13T04:11:07.465+0000][1][safepoint    ] Application time: 0.0010863 seconds
[2022-06-13T04:11:07.466+0000][1][safepoint    ] Entering safepoint region: RevokeBias
[2022-06-13T04:11:07.466+0000][1][safepoint    ] Leaving safepoint region
[2022-06-13T04:11:07.466+0000][1][safepoint    ] Total time for which application threads were stopped: 0.0003969 seconds, Stopping threads took: 0.0001886 seconds
[2022-06-13T04:11:07.466+0000][1][safepoint    ] Application time: 0.0000821 seconds
[2022-06-13T04:11:07.466+0000][1][safepoint    ] Entering safepoint region: RevokeBias
[2022-06-13T04:11:07.467+0000][1][safepoint    ] Leaving safepoint region
[2022-06-13T04:11:07.467+0000][1][safepoint    ] Total time for which application threads were stopped: 0.0003467 seconds, Stopping threads took: 0.0001684 seconds
[2022-06-13T04:11:07.467+0000][1][safepoint    ] Application time: 0.0000763 seconds
[2022-06-13T04:11:07.467+0000][1][safepoint    ] Entering safepoint region: RevokeBias
[2022-06-13T04:11:07.467+0000][1][safepoint    ] Leaving safepoint region
[2022-06-13T04:11:07.467+0000][1][safepoint    ] Total time for which application threads were stopped: 0.0003137 seconds, Stopping threads took: 0.0001168 seconds
[2022-06-13T04:11:07.468+0000][1][safepoint    ] Application time: 0.0000794 seconds
[2022-06-13T04:11:07.468+0000][1][safepoint    ] Entering safepoint region: RevokeBias
[2022-06-13T04:11:07.468+0000][1][safepoint    ] Leaving safepoint region
[2022-06-13T04:11:07.468+0000][1][safepoint    ] Total time for which application threads were stopped: 0.0002744 seconds, Stopping threads took: 0.0001147 seconds
[2022-06-13T04:11:07.468+0000][1][safepoint    ] Application time: 0.0000749 seconds
[2022-06-13T04:11:07.468+0000][1][safepoint    ] Entering safepoint region: RevokeBias
[2022-06-13T04:11:07.468+0000][1][safepoint    ] Leaving safepoint region
[2022-06-13T04:11:07.469+0000][1][safepoint    ] Total time for which application threads were stopped: 0.0002670 seconds, Stopping threads took: 0.0001227 seconds
[2022-06-13T04:11:07.469+0000][1][safepoint    ] Application time: 0.0002146 seconds
[2022-06-13T04:11:07.469+0000][1][safepoint    ] Entering safepoint region: RevokeBias
[2022-06-13T04:11:07.469+0000][1][safepoint    ] Leaving safepoint region
[2022-06-13T04:11:07.470+0000][1][safepoint    ] Total time for which application threads were stopped: 0.0005838 seconds, Stopping threads took: 0.0003598 seconds
[2022-06-13T04:11:07.470+0000][1][safepoint    ] Application time: 0.0002972 seconds
[2022-06-13T04:11:07.470+0000][1][safepoint    ] Entering safepoint region: RevokeBias
[2022-06-13T04:11:07.470+0000][1][safepoint    ] Leaving safepoint region
[2022-06-13T04:11:07.471+0000][1][safepoint    ] Total time for which application threads were stopped: 0.0003317 seconds, Stopping threads took: 0.0001424 seconds
[2022-06-13T04:11:07.660+0000][1][safepoint    ] Application time: 0.1890815 seconds
[2022-06-13T04:11:07.660+0000][1][safepoint    ] Entering safepoint region: Deoptimize
[2022-06-13T04:11:07.661+0000][1][safepoint    ] Leaving safepoint region
[2022-06-13T04:11:07.661+0000][1][safepoint    ] Total time for which application threads were stopped: 0.0007722 seconds, Stopping threads took: 0.0002062 seconds
[2022-06-13T04:11:07.788+0000][1][safepoint    ] Application time: 0.1273260 seconds
[2022-06-13T04:11:07.788+0000][1][safepoint    ] Entering safepoint region: RevokeBias
[2022-06-13T04:11:07.789+0000][1][safepoint    ] Leaving safepoint region
[2022-06-13T04:11:07.789+0000][1][safepoint    ] Total time for which application threads were stopped: 0.0004355 seconds, Stopping threads took: 0.0001740 seconds
[2022-06-13T04:11:07.875+0000][1][safepoint    ] Application time: 0.0861046 seconds
[2022-06-13T04:11:07.875+0000][1][safepoint    ] Entering safepoint region: RevokeBias
[2022-06-13T04:11:07.876+0000][1][safepoint    ] Leaving safepoint region
[2022-06-13T04:11:07.876+0000][1][safepoint    ] Total time for which application threads were stopped: 0.0005696 seconds, Stopping threads took: 0.0002793 seconds
[2022-06-13T04:11:07.881+0000][1][safepoint    ] Application time: 0.0050142 seconds
[2022-06-13T04:11:07.881+0000][1][safepoint    ] Entering safepoint region: RevokeBias
[2022-06-13T04:11:07.881+0000][1][safepoint    ] Leaving safepoint region
[2022-06-13T04:11:07.882+0000][1][safepoint    ] Total time for which application threads were stopped: 0.0003552 seconds, Stopping threads took: 0.0001801 seconds
[2022-06-13T04:11:07.884+0000][1][safepoint    ] Application time: 0.0021425 seconds
[2022-06-13T04:11:07.884+0000][1][safepoint    ] Entering safepoint region: RevokeBias
[2022-06-13T04:11:07.884+0000][1][safepoint    ] Leaving safepoint region
[2022-06-13T04:11:07.885+0000][1][safepoint    ] Total time for which application threads were stopped: 0.0004887 seconds, Stopping threads took: 0.0002017 seconds
[2022-06-13T04:11:07.903+0000][1][safepoint    ] Application time: 0.0182991 seconds
[2022-06-13T04:11:07.903+0000][1][safepoint    ] Entering safepoint region: GenCollectForAllocation
[2022-06-13T04:11:07.903+0000][1][gc,start     ] GC(1) Pause Young (Allocation Failure)
[2022-06-13T04:11:07.904+0000][1][gc,task      ] GC(1) Using 5 workers of 13 for evacuation
[2022-06-13T04:11:07.918+0000][1][gc,age       ] GC(1) Desired survivor size 4456448 bytes, new threshold 6 (max threshold 6)
[2022-06-13T04:11:07.918+0000][1][gc,age       ] GC(1) Age table with threshold 6 (max threshold 6)
[2022-06-13T04:11:07.919+0000][1][gc,age       ] GC(1) - age   1:    1958168 bytes,    1958168 total
[2022-06-13T04:11:07.919+0000][1][gc,heap      ] GC(1) ParNew: 77972K->5340K(78656K)
[2022-06-13T04:11:07.919+0000][1][gc,heap      ] GC(1) CMS: 0K->6694K(174784K)
[2022-06-13T04:11:07.919+0000][1][gc,metaspace ] GC(1) Metaspace: 14932K->14932K(1062912K)
[2022-06-13T04:11:07.919+0000][1][gc           ] GC(1) Pause Young (Allocation Failure) 76M->11M(247M) 15.633ms
[2022-06-13T04:11:07.919+0000][1][gc,cpu       ] GC(1) User=0.07s Sys=0.00s Real=0.02s
[2022-06-13T04:11:07.920+0000][1][safepoint    ] Leaving safepoint region
[2022-06-13T04:11:07.920+0000][1][safepoint    ] Total time for which application threads were stopped: 0.0164757 seconds, Stopping threads took: 0.0001703 seconds
[2022-06-13T04:11:07.920+0000][1][safepoint    ] Application time: 0.0002338 seconds
[2022-06-13T04:11:07.920+0000][1][safepoint    ] Entering safepoint region: RevokeBias
[2022-06-13T04:11:07.921+0000][1][safepoint    ] Leaving safepoint region
[2022-06-13T04:11:07.921+0000][1][safepoint    ] Total time for which application threads were stopped: 0.0005289 seconds, Stopping threads took: 0.0002468 seconds
[2022-06-13T04:11:07.921+0000][1][safepoint    ] Application time: 0.0001106 seconds
[2022-06-13T04:11:07.921+0000][1][safepoint    ] Entering safepoint region: RevokeBias
[2022-06-13T04:11:07.922+0000][1][safepoint    ] Leaving safepoint region
[2022-06-13T04:11:07.922+0000][1][safepoint    ] Total time for which application threads were stopped: 0.0005270 seconds, Stopping threads took: 0.0003106 seconds
[2022-06-13T04:11:07.922+0000][1][safepoint    ] Application time: 0.0001117 seconds
[2022-06-13T04:11:07.922+0000][1][safepoint    ] Entering safepoint region: RevokeBias
[2022-06-13T04:11:07.923+0000][1][safepoint    ] Leaving safepoint region
[2022-06-13T04:11:07.923+0000][1][safepoint    ] Total time for which application threads were stopped: 0.0003770 seconds, Stopping threads took: 0.0001500 seconds
[2022-06-13T04:11:07.923+0000][1][safepoint    ] Application time: 0.0001112 seconds
[2022-06-13T04:11:07.923+0000][1][safepoint    ] Entering safepoint region: RevokeBias
[2022-06-13T04:11:07.924+0000][1][safepoint    ] Leaving safepoint region
[2022-06-13T04:11:07.924+0000][1][safepoint    ] Total time for which application threads were stopped: 0.0004061 seconds, Stopping threads took: 0.0001801 seconds
[2022-06-13T04:11:07.924+0000][1][safepoint    ] Application time: 0.0001108 seconds
[2022-06-13T04:11:07.924+0000][1][safepoint    ] Entering safepoint region: RevokeBias
[2022-06-13T04:11:07.924+0000][1][safepoint    ] Leaving safepoint region
[2022-06-13T04:11:07.925+0000][1][safepoint    ] Total time for which application threads were stopped: 0.0005096 seconds, Stopping threads took: 0.0002424 seconds
[2022-06-13T04:11:07.925+0000][1][safepoint    ] Application time: 0.0000820 seconds
[2022-06-13T04:11:07.925+0000][1][safepoint    ] Entering safepoint region: RevokeBias
[2022-06-13T04:11:07.925+0000][1][safepoint    ] Leaving safepoint region
[2022-06-13T04:11:07.925+0000][1][safepoint    ] Total time for which application threads were stopped: 0.0003603 seconds, Stopping threads took: 0.0001475 seconds
[2022-06-13T04:11:07.926+0000][1][safepoint    ] Application time: 0.0001140 seconds
[2022-06-13T04:11:07.926+0000][1][safepoint    ] Entering safepoint region: RevokeBias
[2022-06-13T04:11:07.926+0000][1][safepoint    ] Leaving safepoint region
[2022-06-13T04:11:07.926+0000][1][safepoint    ] Total time for which application threads were stopped: 0.0004619 seconds, Stopping threads took: 0.0002370 seconds
[2022-06-13T04:11:07.927+0000][1][safepoint    ] Application time: 0.0001421 seconds
[2022-06-13T04:11:07.927+0000][1][safepoint    ] Entering safepoint region: RevokeBias
[2022-06-13T04:11:07.927+0000][1][safepoint    ] Leaving safepoint region
[2022-06-13T04:11:07.927+0000][1][safepoint    ] Total time for which application threads were stopped: 0.0004656 seconds, Stopping threads took: 0.0002661 seconds
[2022-06-13T04:11:07.927+0000][1][safepoint    ] Application time: 0.0000932 seconds
[2022-06-13T04:11:07.928+0000][1][safepoint    ] Entering safepoint region: RevokeBias
[2022-06-13T04:11:07.928+0000][1][safepoint    ] Leaving safepoint region
[2022-06-13T04:11:07.928+0000][1][safepoint    ] Total time for which application threads were stopped: 0.0004143 seconds, Stopping threads took: 0.0001692 seconds
[2022-06-13T04:11:07.928+0000][1][safepoint    ] Application time: 0.0000796 seconds
[2022-06-13T04:11:07.928+0000][1][safepoint    ] Entering safepoint region: RevokeBias
[2022-06-13T04:11:07.929+0000][1][safepoint    ] Leaving safepoint region
[2022-06-13T04:11:07.929+0000][1][safepoint    ] Total time for which application threads were stopped: 0.0003495 seconds, Stopping threads took: 0.0001368 seconds
[2022-06-13T04:11:07.929+0000][1][safepoint    ] Application time: 0.0001171 seconds
[2022-06-13T04:11:07.929+0000][1][safepoint    ] Entering safepoint region: BulkRevokeBias
[2022-06-13T04:11:07.930+0000][1][safepoint    ] Leaving safepoint region
[2022-06-13T04:11:07.930+0000][1][safepoint    ] Total time for which application threads were stopped: 0.0004474 seconds, Stopping threads took: 0.0002126 seconds
[2022-06-13T04:11:07.930+0000][1][safepoint    ] Application time: 0.0000871 seconds
[2022-06-13T04:11:07.930+0000][1][safepoint    ] Entering safepoint region: RevokeBias
[2022-06-13T04:11:07.930+0000][1][safepoint    ] Leaving safepoint region
[2022-06-13T04:11:07.930+0000][1][safepoint    ] Total time for which application threads were stopped: 0.0003540 seconds, Stopping threads took: 0.0001672 seconds
[2022-06-13T04:11:07.931+0000][1][safepoint    ] Application time: 0.0001145 seconds
[2022-06-13T04:11:07.931+0000][1][safepoint    ] Entering safepoint region: BulkRevokeBias
[2022-06-13T04:11:07.931+0000][1][safepoint    ] Leaving safepoint region
[2022-06-13T04:11:07.931+0000][1][safepoint    ] Total time for which application threads were stopped: 0.0003902 seconds, Stopping threads took: 0.0002201 seconds
[2022-06-13T04:11:08.039+0000][1][safepoint    ] Application time: 0.1076354 seconds
[2022-06-13T04:11:08.041+0000][1][safepoint    ] Entering safepoint region: GenCollectForAllocation
[2022-06-13T04:11:08.041+0000][1][gc,start     ] GC(2) Pause Young (Allocation Failure)
[2022-06-13T04:11:08.043+0000][1][gc,task      ] GC(2) Using 5 workers of 13 for evacuation
[2022-06-13T04:11:08.048+0000][1][gc,age       ] GC(2) Desired survivor size 4456448 bytes, new threshold 6 (max threshold 6)
[2022-06-13T04:11:08.048+0000][1][gc,age       ] GC(2) Age table with threshold 6 (max threshold 6)
[2022-06-13T04:11:08.048+0000][1][gc,age       ] GC(2) - age   1:    2553976 bytes,    2553976 total
[2022-06-13T04:11:08.048+0000][1][gc,age       ] GC(2) - age   2:    1179992 bytes,    3733968 total
[2022-06-13T04:11:08.048+0000][1][gc,heap      ] GC(2) ParNew: 75292K->4714K(78656K)
[2022-06-13T04:11:08.049+0000][1][gc,heap      ] GC(2) CMS: 6694K->6694K(174784K)
[2022-06-13T04:11:08.049+0000][1][gc,metaspace ] GC(2) Metaspace: 15052K->15052K(1062912K)
[2022-06-13T04:11:08.049+0000][1][gc           ] GC(2) Pause Young (Allocation Failure) 80M->11M(247M) 7.453ms
[2022-06-13T04:11:08.049+0000][1][gc,cpu       ] GC(2) User=0.03s Sys=0.00s Real=0.00s
[2022-06-13T04:11:08.049+0000][1][safepoint    ] Leaving safepoint region
[2022-06-13T04:11:08.049+0000][1][safepoint    ] Total time for which application threads were stopped: 0.0084750 seconds, Stopping threads took: 0.0003908 seconds
[2022-06-13T04:11:08.059+0000][1][safepoint    ] Application time: 0.0059843 seconds
[2022-06-13T04:11:08.059+0000][1][safepoint    ] Entering safepoint region: RevokeBias
[2022-06-13T04:11:08.060+0000][1][safepoint    ] Leaving safepoint region
[2022-06-13T04:11:08.060+0000][1][safepoint    ] Total time for which application threads were stopped: 0.0010408 seconds, Stopping threads took: 0.0008416 seconds
[2022-06-13T04:11:08.061+0000][1][safepoint    ] Application time: 0.0000808 seconds
[2022-06-13T04:11:08.061+0000][1][safepoint    ] Entering safepoint region: RevokeBias
[2022-06-13T04:11:08.061+0000][1][safepoint    ] Leaving safepoint region
[2022-06-13T04:11:08.061+0000][1][safepoint    ] Total time for which application threads were stopped: 0.0003036 seconds, Stopping threads took: 0.0001659 seconds
[2022-06-13T04:11:08.061+0000][1][safepoint    ] Application time: 0.0001273 seconds
[2022-06-13T04:11:08.061+0000][1][safepoint    ] Entering safepoint region: RevokeBias
[2022-06-13T04:11:08.062+0000][1][safepoint    ] Leaving safepoint region
[2022-06-13T04:11:08.062+0000][1][safepoint    ] Total time for which application threads were stopped: 0.0003693 seconds, Stopping threads took: 0.0001838 seconds
[2022-06-13T04:11:08.062+0000][1][safepoint    ] Application time: 0.0000443 seconds
[2022-06-13T04:11:08.062+0000][1][safepoint    ] Entering safepoint region: RevokeBias
[2022-06-13T04:11:08.062+0000][1][safepoint    ] Leaving safepoint region
[2022-06-13T04:11:08.062+0000][1][safepoint    ] Total time for which application threads were stopped: 0.0003140 seconds, Stopping threads took: 0.0001400 seconds
[2022-06-13T04:11:08.063+0000][1][safepoint    ] Application time: 0.0000568 seconds
[2022-06-13T04:11:08.063+0000][1][safepoint    ] Entering safepoint region: RevokeBias
[2022-06-13T04:11:08.063+0000][1][safepoint    ] Leaving safepoint region
[2022-06-13T04:11:08.063+0000][1][safepoint    ] Total time for which application threads were stopped: 0.0004313 seconds, Stopping threads took: 0.0002118 seconds
[2022-06-13T04:11:08.079+0000][1][safepoint    ] Application time: 0.0157508 seconds
[2022-06-13T04:11:08.082+0000][1][safepoint    ] Entering safepoint region: RevokeBias
[2022-06-13T04:11:08.082+0000][1][safepoint    ] Leaving safepoint region
[2022-06-13T04:11:08.082+0000][1][safepoint    ] Total time for which application threads were stopped: 0.0007767 seconds, Stopping threads took: 0.0005226 seconds
[2022-06-13T04:11:08.201+0000][1][safepoint    ] Application time: 0.1183764 seconds
[2022-06-13T04:11:08.201+0000][1][safepoint    ] Entering safepoint region: Deoptimize
[2022-06-13T04:11:08.202+0000][1][safepoint    ] Leaving safepoint region
[2022-06-13T04:11:08.202+0000][1][safepoint    ] Total time for which application threads were stopped: 0.0008248 seconds, Stopping threads took: 0.0001739 seconds
[2022-06-13T04:11:08.202+0000][1][safepoint    ] Application time: 0.0005381 seconds
[2022-06-13T04:11:08.203+0000][1][safepoint    ] Entering safepoint region: Deoptimize
[2022-06-13T04:11:08.203+0000][1][safepoint    ] Leaving safepoint region
[2022-06-13T04:11:08.203+0000][1][safepoint    ] Total time for which application threads were stopped: 0.0007975 seconds, Stopping threads took: 0.0001577 seconds
[2022-06-13T04:11:08.385+0000][1][safepoint    ] Application time: 0.1810777 seconds
[2022-06-13T04:11:08.385+0000][1][safepoint    ] Entering safepoint region: GenCollectForAllocation
[2022-06-13T04:11:08.386+0000][1][gc,start     ] GC(3) Pause Young (Allocation Failure)
[2022-06-13T04:11:08.386+0000][1][gc,task      ] GC(3) Using 5 workers of 13 for evacuation
[2022-06-13T04:11:08.390+0000][1][gc,age       ] GC(3) Desired survivor size 4456448 bytes, new threshold 3 (max threshold 6)
[2022-06-13T04:11:08.390+0000][1][gc,age       ] GC(3) Age table with threshold 3 (max threshold 6)
[2022-06-13T04:11:08.391+0000][1][gc,age       ] GC(3) - age   1:    3200920 bytes,    3200920 total
[2022-06-13T04:11:08.391+0000][1][gc,age       ] GC(3) - age   2:     318552 bytes,    3519472 total
[2022-06-13T04:11:08.391+0000][1][gc,age       ] GC(3) - age   3:    1176976 bytes,    4696448 total
[2022-06-13T04:11:08.391+0000][1][gc,heap      ] GC(3) ParNew: 74666K->6077K(78656K)
[2022-06-13T04:11:08.391+0000][1][gc,heap      ] GC(3) CMS: 6694K->6694K(174784K)
[2022-06-13T04:11:08.391+0000][1][gc,metaspace ] GC(3) Metaspace: 18203K->18203K(1067008K)
[2022-06-13T04:11:08.391+0000][1][gc           ] GC(3) Pause Young (Allocation Failure) 79M->12M(247M) 5.817ms
[2022-06-13T04:11:08.392+0000][1][gc,cpu       ] GC(3) User=0.03s Sys=0.00s Real=0.01s
[2022-06-13T04:11:08.392+0000][1][safepoint    ] Leaving safepoint region
[2022-06-13T04:11:08.392+0000][1][safepoint    ] Total time for which application threads were stopped: 0.0068494 seconds, Stopping threads took: 0.0003281 seconds
[2022-06-13T04:11:08.395+0000][1][safepoint    ] Application time: 0.0025025 seconds
[2022-06-13T04:11:08.395+0000][1][safepoint    ] Entering safepoint region: BulkRevokeBias
[2022-06-13T04:11:08.395+0000][1][safepoint    ] Leaving safepoint region
[2022-06-13T04:11:08.395+0000][1][safepoint    ] Total time for which application threads were stopped: 0.0004786 seconds, Stopping threads took: 0.0001963 seconds
[2022-06-13T04:11:08.396+0000][1][safepoint    ] Application time: 0.0001042 seconds
[2022-06-13T04:11:08.396+0000][1][safepoint    ] Entering safepoint region: RevokeBias
[2022-06-13T04:11:08.397+0000][1][safepoint    ] Leaving safepoint region
[2022-06-13T04:11:08.397+0000][1][safepoint    ] Total time for which application threads were stopped: 0.0005701 seconds, Stopping threads took: 0.0002561 seconds
[2022-06-13T04:11:08.397+0000][1][safepoint    ] Application time: 0.0001019 seconds
[2022-06-13T04:11:08.397+0000][1][safepoint    ] Entering safepoint region: RevokeBias
[2022-06-13T04:11:08.398+0000][1][safepoint    ] Leaving safepoint region
[2022-06-13T04:11:08.398+0000][1][safepoint    ] Total time for which application threads were stopped: 0.0004518 seconds, Stopping threads took: 0.0002278 seconds
[2022-06-13T04:11:08.398+0000][1][safepoint    ] Application time: 0.0000849 seconds
[2022-06-13T04:11:08.398+0000][1][safepoint    ] Entering safepoint region: RevokeBias
[2022-06-13T04:11:08.398+0000][1][safepoint    ] Leaving safepoint region
[2022-06-13T04:11:08.399+0000][1][safepoint    ] Total time for which application threads were stopped: 0.0004861 seconds, Stopping threads took: 0.0002822 seconds
[2022-06-13T04:11:08.399+0000][1][safepoint    ] Application time: 0.0000991 seconds
[2022-06-13T04:11:08.399+0000][1][safepoint    ] Entering safepoint region: RevokeBias
[2022-06-13T04:11:08.399+0000][1][safepoint    ] Leaving safepoint region
[2022-06-13T04:11:08.400+0000][1][safepoint    ] Total time for which application threads were stopped: 0.0005176 seconds, Stopping threads took: 0.0002422 seconds
[2022-06-13T04:11:08.400+0000][1][safepoint    ] Application time: 0.0000845 seconds
[2022-06-13T04:11:08.400+0000][1][safepoint    ] Entering safepoint region: RevokeBias
[2022-06-13T04:11:08.401+0000][1][safepoint    ] Leaving safepoint region
[2022-06-13T04:11:08.404+0000][1][safepoint    ] Total time for which application threads were stopped: 0.0041478 seconds, Stopping threads took: 0.0004241 seconds
[2022-06-13T04:11:08.410+0000][1][safepoint    ] Application time: 0.0028551 seconds
[2022-06-13T04:11:08.410+0000][1][safepoint    ] Entering safepoint region: RevokeBias
[2022-06-13T04:11:08.410+0000][1][safepoint    ] Leaving safepoint region
[2022-06-13T04:11:08.410+0000][1][safepoint    ] Total time for which application threads were stopped: 0.0004427 seconds, Stopping threads took: 0.0001686 seconds
[2022-06-13T04:11:08.410+0000][1][safepoint    ] Application time: 0.0000903 seconds
[2022-06-13T04:11:08.411+0000][1][safepoint    ] Entering safepoint region: RevokeBias
[2022-06-13T04:11:08.411+0000][1][safepoint    ] Leaving safepoint region
[2022-06-13T04:11:08.411+0000][1][safepoint    ] Total time for which application threads were stopped: 0.0003617 seconds, Stopping threads took: 0.0001342 seconds
[2022-06-13T04:11:08.411+0000][1][safepoint    ] Application time: 0.0000953 seconds
[2022-06-13T04:11:08.411+0000][1][safepoint    ] Entering safepoint region: RevokeBias
[2022-06-13T04:11:08.412+0000][1][safepoint    ] Leaving safepoint region
[2022-06-13T04:11:08.412+0000][1][safepoint    ] Total time for which application threads were stopped: 0.0003327 seconds, Stopping threads took: 0.0001392 seconds
[2022-06-13T04:11:08.412+0000][1][safepoint    ] Application time: 0.0000763 seconds
[2022-06-13T04:11:08.412+0000][1][safepoint    ] Entering safepoint region: RevokeBias
[2022-06-13T04:11:08.412+0000][1][safepoint    ] Leaving safepoint region
[2022-06-13T04:11:08.412+0000][1][safepoint    ] Total time for which application threads were stopped: 0.0004439 seconds, Stopping threads took: 0.0001095 seconds
[2022-06-13T04:11:08.413+0000][1][safepoint    ] Application time: 0.0005950 seconds
[2022-06-13T04:11:08.413+0000][1][safepoint    ] Entering safepoint region: RevokeBias
[2022-06-13T04:11:08.414+0000][1][safepoint    ] Leaving safepoint region
[2022-06-13T04:11:08.414+0000][1][safepoint    ] Total time for which application threads were stopped: 0.0004716 seconds, Stopping threads took: 0.0001592 seconds
[2022-06-13T04:11:08.414+0000][1][safepoint    ] Application time: 0.0001009 seconds
[2022-06-13T04:11:08.414+0000][1][safepoint    ] Entering safepoint region: RevokeBias
[2022-06-13T04:11:08.414+0000][1][safepoint    ] Leaving safepoint region
[2022-06-13T04:11:08.415+0000][1][safepoint    ] Total time for which application threads were stopped: 0.0003298 seconds, Stopping threads took: 0.0001191 seconds
[2022-06-13T04:11:08.415+0000][1][safepoint    ] Application time: 0.0001894 seconds
[2022-06-13T04:11:08.415+0000][1][safepoint    ] Entering safepoint region: RevokeBias
[2022-06-13T04:11:08.415+0000][1][safepoint    ] Leaving safepoint region
[2022-06-13T04:11:08.415+0000][1][safepoint    ] Total time for which application threads were stopped: 0.0003386 seconds, Stopping threads took: 0.0001201 seconds
[2022-06-13T04:11:08.416+0000][1][safepoint    ] Application time: 0.0004484 seconds
[2022-06-13T04:11:08.416+0000][1][safepoint    ] Entering safepoint region: RevokeBias
[2022-06-13T04:11:08.416+0000][1][safepoint    ] Leaving safepoint region
[2022-06-13T04:11:08.416+0000][1][safepoint    ] Total time for which application threads were stopped: 0.0003493 seconds, Stopping threads took: 0.0001212 seconds
[2022-06-13T04:11:08.417+0000][1][safepoint    ] Application time: 0.0000961 seconds
[2022-06-13T04:11:08.417+0000][1][safepoint    ] Entering safepoint region: RevokeBias
[2022-06-13T04:11:08.417+0000][1][safepoint    ] Leaving safepoint region
[2022-06-13T04:11:08.417+0000][1][safepoint    ] Total time for which application threads were stopped: 0.0003181 seconds, Stopping threads took: 0.0001098 seconds
[2022-06-13T04:11:08.417+0000][1][safepoint    ] Application time: 0.0000971 seconds
[2022-06-13T04:11:08.418+0000][1][safepoint    ] Entering safepoint region: RevokeBias
[2022-06-13T04:11:08.418+0000][1][safepoint    ] Leaving safepoint region
[2022-06-13T04:11:08.418+0000][1][safepoint    ] Total time for which application threads were stopped: 0.0003021 seconds, Stopping threads took: 0.0001277 seconds
[2022-06-13T04:11:08.418+0000][1][safepoint    ] Application time: 0.0001006 seconds
[2022-06-13T04:11:08.418+0000][1][safepoint    ] Entering safepoint region: RevokeBias
[2022-06-13T04:11:08.418+0000][1][safepoint    ] Leaving safepoint region
[2022-06-13T04:11:08.419+0000][1][safepoint    ] Total time for which application threads were stopped: 0.0003435 seconds, Stopping threads took: 0.0001119 seconds
[2022-06-13T04:11:08.419+0000][1][safepoint    ] Application time: 0.0001273 seconds
[2022-06-13T04:11:08.419+0000][1][safepoint    ] Entering safepoint region: RevokeBias
[2022-06-13T04:11:08.419+0000][1][safepoint    ] Leaving safepoint region
[2022-06-13T04:11:08.419+0000][1][safepoint    ] Total time for which application threads were stopped: 0.0003542 seconds, Stopping threads took: 0.0001590 seconds
[2022-06-13T04:11:08.420+0000][1][safepoint    ] Application time: 0.0000486 seconds
[2022-06-13T04:11:08.421+0000][1][safepoint    ] Entering safepoint region: RevokeBias
[2022-06-13T04:11:08.422+0000][1][safepoint    ] Leaving safepoint region
[2022-06-13T04:11:08.422+0000][1][safepoint    ] Total time for which application threads were stopped: 0.0005483 seconds, Stopping threads took: 0.0002829 seconds
[2022-06-13T04:11:08.422+0000][1][safepoint    ] Application time: 0.0000541 seconds
[2022-06-13T04:11:08.422+0000][1][safepoint    ] Entering safepoint region: RevokeBias
[2022-06-13T04:11:08.423+0000][1][safepoint    ] Leaving safepoint region
[2022-06-13T04:11:08.424+0000][1][safepoint    ] Total time for which application threads were stopped: 0.0012969 seconds, Stopping threads took: 0.0007497 seconds
[2022-06-13T04:11:08.426+0000][1][safepoint    ] Application time: 0.0000570 seconds
[2022-06-13T04:11:08.429+0000][1][safepoint    ] Entering safepoint region: RevokeBias
[2022-06-13T04:11:08.433+0000][1][safepoint    ] Leaving safepoint region
[2022-06-13T04:11:08.433+0000][1][safepoint    ] Total time for which application threads were stopped: 0.0039536 seconds, Stopping threads took: 0.0032952 seconds
[2022-06-13T04:11:08.545+0000][1][safepoint    ] Application time: 0.1112527 seconds
[2022-06-13T04:11:08.545+0000][1][safepoint    ] Entering safepoint region: GenCollectForAllocation
[2022-06-13T04:11:08.545+0000][1][gc,start     ] GC(4) Pause Young (Allocation Failure)
[2022-06-13T04:11:08.545+0000][1][gc,task      ] GC(4) Using 5 workers of 13 for evacuation
[2022-06-13T04:11:08.552+0000][1][gc,age       ] GC(4) Desired survivor size 4456448 bytes, new threshold 3 (max threshold 6)
[2022-06-13T04:11:08.553+0000][1][gc,age       ] GC(4) Age table with threshold 3 (max threshold 6)
[2022-06-13T04:11:08.553+0000][1][gc,age       ] GC(4) - age   1:     973824 bytes,     973824 total
[2022-06-13T04:11:08.553+0000][1][gc,age       ] GC(4) - age   2:    3165632 bytes,    4139456 total
[2022-06-13T04:11:08.553+0000][1][gc,age       ] GC(4) - age   3:     318024 bytes,    4457480 total
[2022-06-13T04:11:08.553+0000][1][gc,heap      ] GC(4) ParNew: 76029K->6740K(78656K)
[2022-06-13T04:11:08.553+0000][1][gc,heap      ] GC(4) CMS: 6694K->7861K(174784K)
[2022-06-13T04:11:08.554+0000][1][gc,metaspace ] GC(4) Metaspace: 18708K->18708K(1067008K)
[2022-06-13T04:11:08.554+0000][1][gc           ] GC(4) Pause Young (Allocation Failure) 80M->14M(247M) 8.447ms
[2022-06-13T04:11:08.554+0000][1][gc,cpu       ] GC(4) User=0.03s Sys=0.00s Real=0.01s
[2022-06-13T04:11:08.554+0000][1][safepoint    ] Leaving safepoint region
[2022-06-13T04:11:08.554+0000][1][safepoint    ] Total time for which application threads were stopped: 0.0092116 seconds, Stopping threads took: 0.0002000 seconds
[2022-06-13T04:11:08.556+0000][1][safepoint    ] Application time: 0.0008858 seconds
[2022-06-13T04:11:08.559+0000][1][safepoint    ] Entering safepoint region: RevokeBias
[2022-06-13T04:11:08.560+0000][1][safepoint    ] Leaving safepoint region
[2022-06-13T04:11:08.560+0000][1][safepoint    ] Total time for which application threads were stopped: 0.0039036 seconds, Stopping threads took: 0.0036567 seconds
[2022-06-13T04:11:08.564+0000][1][safepoint    ] Application time: 0.0040136 seconds
[2022-06-13T04:11:08.565+0000][1][safepoint    ] Entering safepoint region: RevokeBias
[2022-06-13T04:11:08.565+0000][1][safepoint    ] Leaving safepoint region
[2022-06-13T04:11:08.565+0000][1][safepoint    ] Total time for which application threads were stopped: 0.0004823 seconds, Stopping threads took: 0.0002490 seconds
[2022-06-13T04:11:08.565+0000][1][safepoint    ] Application time: 0.0000630 seconds
[2022-06-13T04:11:08.565+0000][1][safepoint    ] Entering safepoint region: RevokeBias
[2022-06-13T04:11:08.566+0000][1][safepoint    ] Leaving safepoint region
[2022-06-13T04:11:08.566+0000][1][safepoint    ] Total time for which application threads were stopped: 0.0004057 seconds, Stopping threads took: 0.0001898 seconds
[2022-06-13T04:11:08.566+0000][1][safepoint    ] Application time: 0.0000217 seconds
[2022-06-13T04:11:08.566+0000][1][safepoint    ] Entering safepoint region: RevokeBias
[2022-06-13T04:11:08.566+0000][1][safepoint    ] Leaving safepoint region
[2022-06-13T04:11:08.567+0000][1][safepoint    ] Total time for which application threads were stopped: 0.0006024 seconds, Stopping threads took: 0.0002839 seconds
[2022-06-13T04:11:08.582+0000][1][safepoint    ] Application time: 0.0153876 seconds
[2022-06-13T04:11:08.588+0000][1][safepoint    ] Entering safepoint region: Deoptimize
[2022-06-13T04:11:08.589+0000][1][safepoint    ] Leaving safepoint region
[2022-06-13T04:11:08.589+0000][1][safepoint    ] Total time for which application threads were stopped: 0.0067462 seconds, Stopping threads took: 0.0058222 seconds
[2022-06-13T04:11:08.638+0000][1][safepoint    ] Application time: 0.0489231 seconds
[2022-06-13T04:11:08.639+0000][1][safepoint    ] Entering safepoint region: Deoptimize
[2022-06-13T04:11:08.640+0000][1][safepoint    ] Leaving safepoint region
[2022-06-13T04:11:08.640+0000][1][safepoint    ] Total time for which application threads were stopped: 0.0009274 seconds, Stopping threads took: 0.0002412 seconds
[2022-06-13T04:11:08.728+0000][1][safepoint    ] Application time: 0.0878284 seconds
[2022-06-13T04:11:08.728+0000][1][safepoint    ] Entering safepoint region: GenCollectForAllocation
[2022-06-13T04:11:08.728+0000][1][gc,start     ] GC(5) Pause Young (Allocation Failure)
[2022-06-13T04:11:08.729+0000][1][gc,task      ] GC(5) Using 5 workers of 13 for evacuation
[2022-06-13T04:11:08.732+0000][1][gc,age       ] GC(5) Desired survivor size 4456448 bytes, new threshold 3 (max threshold 6)
[2022-06-13T04:11:08.732+0000][1][gc,age       ] GC(5) Age table with threshold 3 (max threshold 6)
[2022-06-13T04:11:08.732+0000][1][gc,age       ] GC(5) - age   1:    2176040 bytes,    2176040 total
[2022-06-13T04:11:08.732+0000][1][gc,age       ] GC(5) - age   2:     582824 bytes,    2758864 total
[2022-06-13T04:11:08.732+0000][1][gc,age       ] GC(5) - age   3:    3161432 bytes,    5920296 total
[2022-06-13T04:11:08.732+0000][1][gc,heap      ] GC(5) ParNew: 76692K->7170K(78656K)
[2022-06-13T04:11:08.733+0000][1][gc,heap      ] GC(5) CMS: 7861K->8176K(174784K)
[2022-06-13T04:11:08.733+0000][1][gc,metaspace ] GC(5) Metaspace: 18995K->18995K(1067008K)
[2022-06-13T04:11:08.733+0000][1][gc           ] GC(5) Pause Young (Allocation Failure) 82M->14M(247M) 4.485ms
[2022-06-13T04:11:08.733+0000][1][gc,cpu       ] GC(5) User=0.05s Sys=0.00s Real=0.01s
[2022-06-13T04:11:08.733+0000][1][safepoint    ] Leaving safepoint region
[2022-06-13T04:11:08.733+0000][1][safepoint    ] Total time for which application threads were stopped: 0.0051936 seconds, Stopping threads took: 0.0001689 seconds
[2022-06-13T04:11:08.734+0000][1][safepoint    ] Application time: 0.0001798 seconds
[2022-06-13T04:11:08.734+0000][1][safepoint    ] Entering safepoint region: RevokeBias
[2022-06-13T04:11:08.734+0000][1][safepoint    ] Leaving safepoint region
[2022-06-13T04:11:08.734+0000][1][safepoint    ] Total time for which application threads were stopped: 0.0004113 seconds, Stopping threads took: 0.0002013 seconds
[2022-06-13T04:11:08.734+0000][1][safepoint    ] Application time: 0.0000924 seconds
[2022-06-13T04:11:08.735+0000][1][safepoint    ] Entering safepoint region: RevokeBias
[2022-06-13T04:11:08.735+0000][1][safepoint    ] Leaving safepoint region
[2022-06-13T04:11:08.735+0000][1][safepoint    ] Total time for which application threads were stopped: 0.0003027 seconds, Stopping threads took: 0.0001399 seconds
[2022-06-13T04:11:08.735+0000][1][safepoint    ] Application time: 0.0000925 seconds
[2022-06-13T04:11:08.735+0000][1][safepoint    ] Entering safepoint region: RevokeBias
[2022-06-13T04:11:08.735+0000][1][safepoint    ] Leaving safepoint region
[2022-06-13T04:11:08.735+0000][1][safepoint    ] Total time for which application threads were stopped: 0.0003528 seconds, Stopping threads took: 0.0001824 seconds
[2022-06-13T04:11:08.736+0000][1][safepoint    ] Application time: 0.0000850 seconds
[2022-06-13T04:11:08.736+0000][1][safepoint    ] Entering safepoint region: RevokeBias
[2022-06-13T04:11:08.736+0000][1][safepoint    ] Leaving safepoint region
[2022-06-13T04:11:08.736+0000][1][safepoint    ] Total time for which application threads were stopped: 0.0005678 seconds, Stopping threads took: 0.0001434 seconds
[2022-06-13T04:11:08.737+0000][1][safepoint    ] Application time: 0.0000470 seconds
[2022-06-13T04:11:08.737+0000][1][safepoint    ] Entering safepoint region: RevokeBias
[2022-06-13T04:11:08.737+0000][1][safepoint    ] Leaving safepoint region
[2022-06-13T04:11:08.737+0000][1][safepoint    ] Total time for which application threads were stopped: 0.0004737 seconds, Stopping threads took: 0.0002210 seconds
[2022-06-13T04:11:08.738+0000][1][safepoint    ] Application time: 0.0000901 seconds
[2022-06-13T04:11:08.738+0000][1][safepoint    ] Entering safepoint region: RevokeBias
[2022-06-13T04:11:08.738+0000][1][safepoint    ] Leaving safepoint region
[2022-06-13T04:11:08.738+0000][1][safepoint    ] Total time for which application threads were stopped: 0.0004148 seconds, Stopping threads took: 0.0002374 seconds
[2022-06-13T04:11:08.903+0000][1][safepoint    ] Application time: 0.1646499 seconds
[2022-06-13T04:11:08.903+0000][1][safepoint    ] Entering safepoint region: GenCollectForAllocation
[2022-06-13T04:11:08.903+0000][1][gc,start     ] GC(6) Pause Young (Allocation Failure)
[2022-06-13T04:11:08.904+0000][1][gc,task      ] GC(6) Using 5 workers of 13 for evacuation
[2022-06-13T04:11:08.911+0000][1][gc,age       ] GC(6) Desired survivor size 4456448 bytes, new threshold 6 (max threshold 6)
[2022-06-13T04:11:08.911+0000][1][gc,age       ] GC(6) Age table with threshold 6 (max threshold 6)
[2022-06-13T04:11:08.912+0000][1][gc,age       ] GC(6) - age   1:    1395688 bytes,    1395688 total
[2022-06-13T04:11:08.912+0000][1][gc,age       ] GC(6) - age   2:    2162608 bytes,    3558296 total
[2022-06-13T04:11:08.912+0000][1][gc,age       ] GC(6) - age   3:     582824 bytes,    4141120 total
[2022-06-13T04:11:08.912+0000][1][gc,heap      ] GC(6) ParNew: 77122K->6566K(78656K)
[2022-06-13T04:11:08.912+0000][1][gc,heap      ] GC(6) CMS: 8176K->11297K(174784K)
[2022-06-13T04:11:08.912+0000][1][gc,metaspace ] GC(6) Metaspace: 19370K->19370K(1067008K)
[2022-06-13T04:11:08.913+0000][1][gc           ] GC(6) Pause Young (Allocation Failure) 83M->17M(247M) 9.602ms
[2022-06-13T04:11:08.913+0000][1][gc,cpu       ] GC(6) User=0.03s Sys=0.00s Real=0.01s
[2022-06-13T04:11:08.914+0000][1][safepoint    ] Leaving safepoint region
[2022-06-13T04:11:08.914+0000][1][safepoint    ] Total time for which application threads were stopped: 0.0105894 seconds, Stopping threads took: 0.0001767 seconds
[2022-06-13T04:11:08.914+0000][1][safepoint    ] Application time: 0.0005076 seconds
[2022-06-13T04:11:08.915+0000][1][safepoint    ] Entering safepoint region: RevokeBias
[2022-06-13T04:11:08.915+0000][1][safepoint    ] Leaving safepoint region
[2022-06-13T04:11:08.915+0000][1][safepoint    ] Total time for which application threads were stopped: 0.0003239 seconds, Stopping threads took: 0.0001306 seconds
[2022-06-13T04:11:08.915+0000][1][safepoint    ] Application time: 0.0000223 seconds
[2022-06-13T04:11:08.915+0000][1][safepoint    ] Entering safepoint region: BulkRevokeBias
[2022-06-13T04:11:08.915+0000][1][safepoint    ] Leaving safepoint region
[2022-06-13T04:11:08.915+0000][1][safepoint    ] Total time for which application threads were stopped: 0.0003127 seconds, Stopping threads took: 0.0001127 seconds
[2022-06-13T04:11:08.916+0000][1][safepoint    ] Application time: 0.0000315 seconds
[2022-06-13T04:11:08.916+0000][1][safepoint    ] Entering safepoint region: BulkRevokeBias
[2022-06-13T04:11:08.916+0000][1][safepoint    ] Leaving safepoint region
[2022-06-13T04:11:08.916+0000][1][safepoint    ] Total time for which application threads were stopped: 0.0002981 seconds, Stopping threads took: 0.0001175 seconds
[2022-06-13T04:11:09.012+0000][1][safepoint    ] Application time: 0.0956390 seconds
[2022-06-13T04:11:09.012+0000][1][safepoint    ] Entering safepoint region: GenCollectForAllocation
[2022-06-13T04:11:09.012+0000][1][gc,start     ] GC(7) Pause Young (Allocation Failure)
[2022-06-13T04:11:09.013+0000][1][gc,task      ] GC(7) Using 5 workers of 13 for evacuation
[2022-06-13T04:11:09.015+0000][1][gc,age       ] GC(7) Desired survivor size 4456448 bytes, new threshold 6 (max threshold 6)
[2022-06-13T04:11:09.015+0000][1][gc,age       ] GC(7) Age table with threshold 6 (max threshold 6)
[2022-06-13T04:11:09.015+0000][1][gc,age       ] GC(7) - age   1:     517480 bytes,     517480 total
[2022-06-13T04:11:09.015+0000][1][gc,age       ] GC(7) - age   2:    1162840 bytes,    1680320 total
[2022-06-13T04:11:09.015+0000][1][gc,age       ] GC(7) - age   3:    2162584 bytes,    3842904 total
[2022-06-13T04:11:09.015+0000][1][gc,age       ] GC(7) - age   4:     582824 bytes,    4425728 total
[2022-06-13T04:11:09.015+0000][1][gc,heap      ] GC(7) ParNew: 76518K->6531K(78656K)
[2022-06-13T04:11:09.015+0000][1][gc,heap      ] GC(7) CMS: 11297K->11297K(174784K)
[2022-06-13T04:11:09.016+0000][1][gc,metaspace ] GC(7) Metaspace: 19633K->19633K(1067008K)
[2022-06-13T04:11:09.016+0000][1][gc           ] GC(7) Pause Young (Allocation Failure) 85M->17M(247M) 3.405ms
[2022-06-13T04:11:09.016+0000][1][gc,cpu       ] GC(7) User=0.00s Sys=0.00s Real=0.00s
[2022-06-13T04:11:09.016+0000][1][safepoint    ] Leaving safepoint region
[2022-06-13T04:11:09.016+0000][1][safepoint    ] Total time for which application threads were stopped: 0.0041196 seconds, Stopping threads took: 0.0001873 seconds
[2022-06-13T04:11:09.050+0000][1][safepoint    ] Application time: 0.0334960 seconds
[2022-06-13T04:11:09.050+0000][1][safepoint    ] Entering safepoint region: CollectForMetadataAllocation
[2022-06-13T04:11:09.052+0000][1][safepoint    ] Leaving safepoint region
[2022-06-13T04:11:09.052+0000][1][safepoint    ] Total time for which application threads were stopped: 0.0016119 seconds, Stopping threads took: 0.0012292 seconds
[2022-06-13T04:11:09.077+0000][1][safepoint    ] Application time: 0.0245059 seconds
[2022-06-13T04:11:09.077+0000][1][safepoint    ] Entering safepoint region: CollectForMetadataAllocation
[2022-06-13T04:11:09.078+0000][1][safepoint    ] Leaving safepoint region
[2022-06-13T04:11:09.078+0000][1][safepoint    ] Total time for which application threads were stopped: 0.0004807 seconds, Stopping threads took: 0.0001709 seconds
[2022-06-13T04:11:09.180+0000][1][safepoint    ] Application time: 0.1025787 seconds
[2022-06-13T04:11:09.181+0000][1][safepoint    ] Entering safepoint region: GenCollectForAllocation
[2022-06-13T04:11:09.181+0000][1][gc,start     ] GC(8) Pause Young (Allocation Failure)
[2022-06-13T04:11:09.181+0000][1][gc,task      ] GC(8) Using 5 workers of 13 for evacuation
[2022-06-13T04:11:09.189+0000][1][gc,age       ] GC(8) Desired survivor size 4456448 bytes, new threshold 5 (max threshold 6)
[2022-06-13T04:11:09.190+0000][1][gc,age       ] GC(8) Age table with threshold 5 (max threshold 6)
[2022-06-13T04:11:09.190+0000][1][gc,age       ] GC(8) - age   1:     518936 bytes,     518936 total
[2022-06-13T04:11:09.190+0000][1][gc,age       ] GC(8) - age   2:     469032 bytes,     987968 total
[2022-06-13T04:11:09.190+0000][1][gc,age       ] GC(8) - age   3:    1162744 bytes,    2150712 total
[2022-06-13T04:11:09.190+0000][1][gc,age       ] GC(8) - age   4:    2160392 bytes,    4311104 total
[2022-06-13T04:11:09.190+0000][1][gc,age       ] GC(8) - age   5:     582824 bytes,    4893928 total
[2022-06-13T04:11:09.191+0000][1][gc,heap      ] GC(8) ParNew: 76483K->5824K(78656K)
[2022-06-13T04:11:09.191+0000][1][gc,heap      ] GC(8) CMS: 11297K->11297K(174784K)
[2022-06-13T04:11:09.191+0000][1][gc,metaspace ] GC(8) Metaspace: 20425K->20425K(1069056K)
[2022-06-13T04:11:09.191+0000][1][gc           ] GC(8) Pause Young (Allocation Failure) 85M->16M(247M) 10.167ms
[2022-06-13T04:11:09.191+0000][1][gc,cpu       ] GC(8) User=0.05s Sys=0.00s Real=0.01s
[2022-06-13T04:11:09.191+0000][1][safepoint    ] Leaving safepoint region
[2022-06-13T04:11:09.191+0000][1][safepoint    ] Total time for which application threads were stopped: 0.0108517 seconds, Stopping threads took: 0.0001599 seconds
[2022-06-13T04:11:09.199+0000][1][safepoint    ] Application time: 0.0076916 seconds
[2022-06-13T04:11:09.221+0000][1][safepoint    ] Entering safepoint region: CMS_Initial_Mark
[2022-06-13T04:11:09.221+0000][1][gc,start     ] GC(9) Pause Initial Mark
[2022-06-13T04:11:09.227+0000][1][gc           ] GC(9) Pause Initial Mark 31M->31M(247M) 5.214ms
[2022-06-13T04:11:09.229+0000][1][gc,cpu       ] GC(9) User=0.02s Sys=0.00s Real=0.01s
[2022-06-13T04:11:09.230+0000][1][safepoint    ] Leaving safepoint region
[2022-06-13T04:11:09.230+0000][1][safepoint    ] Total time for which application threads were stopped: 0.0193130 seconds, Stopping threads took: 0.0107422 seconds
[2022-06-13T04:11:09.239+0000][1][gc           ] GC(9) Concurrent Mark
[2022-06-13T04:11:09.259+0000][1][gc,task      ] GC(9) Using 4 workers of 4 for marking
[2022-06-13T04:11:09.287+0000][1][gc           ] GC(9) Concurrent Mark 48.195ms
[2022-06-13T04:11:09.290+0000][1][gc,cpu       ] GC(9) User=0.18s Sys=0.00s Real=0.05s
[2022-06-13T04:11:09.299+0000][1][gc           ] GC(9) Concurrent Preclean
[2022-06-13T04:11:09.310+0000][1][gc           ] GC(9) Concurrent Preclean 10.895ms
[2022-06-13T04:11:09.319+0000][1][gc,cpu       ] GC(9) User=0.06s Sys=0.00s Real=0.02s
[2022-06-13T04:11:09.323+0000][1][safepoint    ] Application time: 0.0933612 seconds
[2022-06-13T04:11:09.329+0000][1][safepoint    ] Entering safepoint region: GenCollectForAllocation
[2022-06-13T04:11:09.330+0000][1][gc,start     ] GC(10) Pause Young (Allocation Failure)
[2022-06-13T04:11:09.330+0000][1][gc,task      ] GC(10) Using 5 workers of 13 for evacuation
[2022-06-13T04:11:09.340+0000][1][gc,age       ] GC(10) Desired survivor size 4456448 bytes, new threshold 5 (max threshold 6)
[2022-06-13T04:11:09.343+0000][1][gc,age       ] GC(10) Age table with threshold 5 (max threshold 6)
[2022-06-13T04:11:09.343+0000][1][gc,age       ] GC(10) - age   1:     935256 bytes,     935256 total
[2022-06-13T04:11:09.343+0000][1][gc,age       ] GC(10) - age   2:     495464 bytes,    1430720 total
[2022-06-13T04:11:09.343+0000][1][gc,age       ] GC(10) - age   3:     468912 bytes,    1899632 total
[2022-06-13T04:11:09.343+0000][1][gc,age       ] GC(10) - age   4:    1162744 bytes,    3062376 total
[2022-06-13T04:11:09.343+0000][1][gc,age       ] GC(10) - age   5:    2160200 bytes,    5222576 total
[2022-06-13T04:11:09.344+0000][1][gc,heap      ] GC(10) ParNew: 75776K->7191K(78656K)
[2022-06-13T04:11:09.344+0000][1][gc,heap      ] GC(10) CMS: 11297K->11877K(174784K)
[2022-06-13T04:11:09.344+0000][1][gc,metaspace ] GC(10) Metaspace: 20541K->20541K(1069056K)
[2022-06-13T04:11:09.344+0000][1][gc           ] GC(10) Pause Young (Allocation Failure) 85M->18M(247M) 14.087ms
[2022-06-13T04:11:09.344+0000][1][gc,cpu       ] GC(10) User=0.02s Sys=0.00s Real=0.01s
[2022-06-13T04:11:09.344+0000][1][safepoint    ] Leaving safepoint region
[2022-06-13T04:11:09.344+0000][1][safepoint    ] Total time for which application threads were stopped: 0.0146862 seconds, Stopping threads took: 0.0001928 seconds
[2022-06-13T04:11:09.351+0000][1][safepoint    ] Application time: 0.0067330 seconds
[2022-06-13T04:11:09.356+0000][1][safepoint    ] Entering safepoint region: CMS_Final_Remark
[2022-06-13T04:11:09.357+0000][1][gc,start     ] GC(9) Pause Remark
[2022-06-13T04:11:09.369+0000][1][gc           ] GC(9) Pause Remark 21M->21M(247M) 12.456ms
[2022-06-13T04:11:09.370+0000][1][gc,cpu       ] GC(9) User=0.02s Sys=0.00s Real=0.02s
[2022-06-13T04:11:09.370+0000][1][safepoint    ] Leaving safepoint region
[2022-06-13T04:11:09.370+0000][1][safepoint    ] Total time for which application threads were stopped: 0.0189042 seconds, Stopping threads took: 0.0057867 seconds
[2022-06-13T04:11:09.371+0000][1][gc           ] GC(9) Concurrent Sweep
[2022-06-13T04:11:09.376+0000][1][gc           ] GC(9) Concurrent Sweep 4.059ms
[2022-06-13T04:11:09.378+0000][1][gc,cpu       ] GC(9) User=0.01s Sys=0.00s Real=0.00s
[2022-06-13T04:11:09.379+0000][1][gc           ] GC(9) Concurrent Reset
[2022-06-13T04:11:09.379+0000][1][gc           ] GC(9) Concurrent Reset 0.707ms
[2022-06-13T04:11:09.380+0000][1][gc,cpu       ] GC(9) User=0.01s Sys=0.00s Real=0.01s
[2022-06-13T04:11:09.380+0000][1][gc,heap      ] GC(9) Old: 11297K->11852K(174784K)
[2022-06-13T04:11:09.481+0000][1][safepoint    ] Application time: 0.1111084 seconds
[2022-06-13T04:11:09.482+0000][1][safepoint    ] Entering safepoint region: GenCollectForAllocation
[2022-06-13T04:11:09.482+0000][1][gc,start     ] GC(11) Pause Young (Allocation Failure)
[2022-06-13T04:11:09.483+0000][1][gc,task      ] GC(11) Using 5 workers of 13 for evacuation
[2022-06-13T04:11:09.492+0000][1][gc,age       ] GC(11) Desired survivor size 4456448 bytes, new threshold 6 (max threshold 6)
[2022-06-13T04:11:09.492+0000][1][gc,age       ] GC(11) Age table with threshold 6 (max threshold 6)
[2022-06-13T04:11:09.492+0000][1][gc,age       ] GC(11) - age   1:    1603048 bytes,    1603048 total
[2022-06-13T04:11:09.492+0000][1][gc,age       ] GC(11) - age   2:     129504 bytes,    1732552 total
[2022-06-13T04:11:09.492+0000][1][gc,age       ] GC(11) - age   3:     495368 bytes,    2227920 total
[2022-06-13T04:11:09.493+0000][1][gc,age       ] GC(11) - age   4:     468760 bytes,    2696680 total
[2022-06-13T04:11:09.493+0000][1][gc,age       ] GC(11) - age   5:    1162456 bytes,    3859136 total
[2022-06-13T04:11:09.493+0000][1][gc,heap      ] GC(11) ParNew: 77143K->5474K(78656K)
[2022-06-13T04:11:09.493+0000][1][gc,heap      ] GC(11) CMS: 11852K->14058K(174784K)
[2022-06-13T04:11:09.493+0000][1][gc,metaspace ] GC(11) Metaspace: 20630K->20630K(1069056K)
[2022-06-13T04:11:09.493+0000][1][gc           ] GC(11) Pause Young (Allocation Failure) 86M->19M(247M) 10.882ms
[2022-06-13T04:11:09.493+0000][1][gc,cpu       ] GC(11) User=0.03s Sys=0.00s Real=0.01s
[2022-06-13T04:11:09.494+0000][1][safepoint    ] Leaving safepoint region
[2022-06-13T04:11:09.494+0000][1][safepoint    ] Total time for which application threads were stopped: 0.0123255 seconds, Stopping threads took: 0.0002556 seconds
[2022-06-13T04:11:09.913+0000][1][safepoint    ] Application time: 0.4187852 seconds
[2022-06-13T04:11:09.917+0000][1][safepoint    ] Entering safepoint region: Deoptimize
[2022-06-13T04:11:09.919+0000][1][safepoint    ] Leaving safepoint region
[2022-06-13T04:11:09.919+0000][1][safepoint    ] Total time for which application threads were stopped: 0.0022265 seconds, Stopping threads took: 0.0005569 seconds
[2022-06-13T04:11:10.003+0000][1][safepoint    ] Application time: 0.0834326 seconds
[2022-06-13T04:11:10.003+0000][1][safepoint    ] Entering safepoint region: Deoptimize
[2022-06-13T04:11:10.004+0000][1][safepoint    ] Leaving safepoint region
[2022-06-13T04:11:10.004+0000][1][safepoint    ] Total time for which application threads were stopped: 0.0008672 seconds, Stopping threads took: 0.0001936 seconds
[2022-06-13T04:11:10.016+0000][1][safepoint    ] Application time: 0.0121591 seconds
[2022-06-13T04:11:10.017+0000][1][safepoint    ] Entering safepoint region: Deoptimize
[2022-06-13T04:11:10.017+0000][1][safepoint    ] Leaving safepoint region
[2022-06-13T04:11:10.017+0000][1][safepoint    ] Total time for which application threads were stopped: 0.0007672 seconds, Stopping threads took: 0.0001423 seconds
[2022-06-13T04:11:10.023+0000][1][safepoint    ] Application time: 0.0057209 seconds
[2022-06-13T04:11:10.024+0000][1][safepoint    ] Entering safepoint region: Deoptimize
[2022-06-13T04:11:10.024+0000][1][safepoint    ] Leaving safepoint region
[2022-06-13T04:11:10.024+0000][1][safepoint    ] Total time for which application threads were stopped: 0.0008327 seconds, Stopping threads took: 0.0002015 seconds
[2022-06-13T04:11:10.056+0000][1][safepoint    ] Application time: 0.0309608 seconds
[2022-06-13T04:11:10.056+0000][1][safepoint    ] Entering safepoint region: GenCollectForAllocation
[2022-06-13T04:11:10.056+0000][1][gc,start     ] GC(12) Pause Young (Allocation Failure)
[2022-06-13T04:11:10.056+0000][1][gc,task      ] GC(12) Using 5 workers of 13 for evacuation
[2022-06-13T04:11:10.060+0000][1][gc,age       ] GC(12) Desired survivor size 4456448 bytes, new threshold 6 (max threshold 6)
[2022-06-13T04:11:10.060+0000][1][gc,age       ] GC(12) Age table with threshold 6 (max threshold 6)
[2022-06-13T04:11:10.060+0000][1][gc,age       ] GC(12) - age   1:    2427624 bytes,    2427624 total
[2022-06-13T04:11:10.060+0000][1][gc,age       ] GC(12) - age   2:     346576 bytes,    2774200 total
[2022-06-13T04:11:10.060+0000][1][gc,age       ] GC(12) - age   3:     129240 bytes,    2903440 total
[2022-06-13T04:11:10.061+0000][1][gc,age       ] GC(12) - age   4:     492296 bytes,    3395736 total
[2022-06-13T04:11:10.061+0000][1][gc,age       ] GC(12) - age   5:     466472 bytes,    3862208 total
[2022-06-13T04:11:10.061+0000][1][gc,age       ] GC(12) - age   6:    1162080 bytes,    5024288 total
[2022-06-13T04:11:10.061+0000][1][gc,heap      ] GC(12) ParNew: 75426K->6347K(78656K)
[2022-06-13T04:11:10.061+0000][1][gc,heap      ] GC(12) CMS: 14058K->14058K(174784K)
[2022-06-13T04:11:10.061+0000][1][gc,metaspace ] GC(12) Metaspace: 26251K->26251K(1073152K)
[2022-06-13T04:11:10.061+0000][1][gc           ] GC(12) Pause Young (Allocation Failure) 87M->19M(247M) 5.492ms
[2022-06-13T04:11:10.062+0000][1][gc,cpu       ] GC(12) User=0.02s Sys=0.00s Real=0.01s
[2022-06-13T04:11:10.062+0000][1][safepoint    ] Leaving safepoint region
[2022-06-13T04:11:10.062+0000][1][safepoint    ] Total time for which application threads were stopped: 0.0061429 seconds, Stopping threads took: 0.0001726 seconds
[2022-06-13T04:11:10.371+0000][1][safepoint    ] Application time: 0.3090285 seconds
[2022-06-13T04:11:10.373+0000][1][safepoint    ] Entering safepoint region: Deoptimize
[2022-06-13T04:11:10.374+0000][1][safepoint    ] Leaving safepoint region
[2022-06-13T04:11:10.374+0000][1][safepoint    ] Total time for which application threads were stopped: 0.0013397 seconds, Stopping threads took: 0.0002971 seconds
[2022-06-13T04:11:10.638+0000][1][safepoint    ] Application time: 0.2636111 seconds
[2022-06-13T04:11:10.640+0000][1][safepoint    ] Entering safepoint region: RevokeBias
[2022-06-13T04:11:10.641+0000][1][safepoint    ] Leaving safepoint region
[2022-06-13T04:11:10.642+0000][1][safepoint    ] Total time for which application threads were stopped: 0.0015100 seconds, Stopping threads took: 0.0011016 seconds
[2022-06-13T04:11:11.052+0000][1][safepoint    ] Application time: 0.4104225 seconds
[2022-06-13T04:11:11.059+0000][1][safepoint    ] Entering safepoint region: GenCollectForAllocation
[2022-06-13T04:11:11.060+0000][1][gc,start     ] GC(13) Pause Young (Allocation Failure)
[2022-06-13T04:11:11.060+0000][1][gc,task      ] GC(13) Using 5 workers of 13 for evacuation
[2022-06-13T04:11:11.142+0000][1][gc,age       ] GC(13) Desired survivor size 4456448 bytes, new threshold 1 (max threshold 6)
[2022-06-13T04:11:11.143+0000][1][gc,age       ] GC(13) Age table with threshold 1 (max threshold 6)
[2022-06-13T04:11:11.143+0000][1][gc,age       ] GC(13) - age   1:    5442704 bytes,    5442704 total
[2022-06-13T04:11:11.143+0000][1][gc,age       ] GC(13) - age   2:    2039120 bytes,    7481824 total
[2022-06-13T04:11:11.143+0000][1][gc,age       ] GC(13) - age   3:     346160 bytes,    7827984 total
[2022-06-13T04:11:11.143+0000][1][gc,age       ] GC(13) - age   4:     129240 bytes,    7957224 total
[2022-06-13T04:11:11.143+0000][1][gc,age       ] GC(13) - age   5:     492064 bytes,    8449288 total
[2022-06-13T04:11:11.143+0000][1][gc,age       ] GC(13) - age   6:     466328 bytes,    8915616 total
[2022-06-13T04:11:11.143+0000][1][gc,heap      ] GC(13) ParNew: 76299K->8704K(78656K)
[2022-06-13T04:11:11.143+0000][1][gc,heap      ] GC(13) CMS: 14058K->25519K(174784K)
[2022-06-13T04:11:11.144+0000][1][gc,metaspace ] GC(13) Metaspace: 27181K->27181K(1075200K)
[2022-06-13T04:11:11.144+0000][1][gc           ] GC(13) Pause Young (Allocation Failure) 88M->33M(247M) 83.968ms
[2022-06-13T04:11:11.144+0000][1][gc,cpu       ] GC(13) User=0.23s Sys=0.01s Real=0.08s
[2022-06-13T04:11:11.144+0000][1][safepoint    ] Leaving safepoint region
[2022-06-13T04:11:11.144+0000][1][safepoint    ] Total time for which application threads were stopped: 0.0848333 seconds, Stopping threads took: 0.0004278 seconds
[2022-06-13T04:11:11.899+0000][1][safepoint    ] Application time: 0.7551031 seconds
[2022-06-13T04:11:11.900+0000][1][safepoint    ] Entering safepoint region: GenCollectForAllocation
[2022-06-13T04:11:11.900+0000][1][gc,start     ] GC(14) Pause Young (Allocation Failure)
[2022-06-13T04:11:11.901+0000][1][gc,task      ] GC(14) Using 5 workers of 13 for evacuation
[2022-06-13T04:11:11.990+0000][1][gc,age       ] GC(14) Desired survivor size 4456448 bytes, new threshold 1 (max threshold 6)
[2022-06-13T04:11:11.999+0000][1][gc,age       ] GC(14) Age table with threshold 1 (max threshold 6)
[2022-06-13T04:11:12.001+0000][1][gc,age       ] GC(14) - age   1:    8754744 bytes,    8754744 total
[2022-06-13T04:11:12.009+0000][1][gc,heap      ] GC(14) ParNew: 78656K->8704K(78656K)
[2022-06-13T04:11:12.025+0000][1][gc,heap      ] GC(14) CMS: 25519K->39325K(174784K)
[2022-06-13T04:11:12.029+0000][1][gc,metaspace ] GC(14) Metaspace: 27210K->27210K(1075200K)
[2022-06-13T04:11:12.030+0000][1][gc           ] GC(14) Pause Young (Allocation Failure) 101M->46M(247M) 130.451ms
[2022-06-13T04:11:12.039+0000][1][gc,cpu       ] GC(14) User=0.31s Sys=0.00s Real=0.14s
[2022-06-13T04:11:12.049+0000][1][safepoint    ] Leaving safepoint region
[2022-06-13T04:11:12.050+0000][1][safepoint    ] Total time for which application threads were stopped: 0.1503689 seconds, Stopping threads took: 0.0001713 seconds
[2022-06-13T04:11:12.378+0000][1][safepoint    ] Application time: 0.3192743 seconds
[2022-06-13T04:11:12.380+0000][1][safepoint    ] Entering safepoint region: RevokeBias
[2022-06-13T04:11:12.380+0000][1][safepoint    ] Leaving safepoint region
[2022-06-13T04:11:12.380+0000][1][safepoint    ] Total time for which application threads were stopped: 0.0004961 seconds, Stopping threads took: 0.0002345 seconds
[2022-06-13T04:11:12.902+0000][1][safepoint    ] Application time: 0.5217528 seconds
[2022-06-13T04:11:12.919+0000][1][safepoint    ] Entering safepoint region: GenCollectForAllocation
[2022-06-13T04:11:12.920+0000][1][gc,start     ] GC(15) Pause Young (Allocation Failure)
[2022-06-13T04:11:12.920+0000][1][gc,task      ] GC(15) Using 5 workers of 13 for evacuation
[2022-06-13T04:11:12.960+0000][1][gc,age       ] GC(15) Desired survivor size 4456448 bytes, new threshold 1 (max threshold 6)
[2022-06-13T04:11:12.960+0000][1][gc,age       ] GC(15) Age table with threshold 1 (max threshold 6)
[2022-06-13T04:11:12.960+0000][1][gc,age       ] GC(15) - age   1:    7552056 bytes,    7552056 total
[2022-06-13T04:11:12.960+0000][1][gc,heap      ] GC(15) ParNew: 78656K->8704K(78656K)
[2022-06-13T04:11:12.961+0000][1][gc,heap      ] GC(15) CMS: 39325K->48676K(174784K)
[2022-06-13T04:11:12.961+0000][1][gc,metaspace ] GC(15) Metaspace: 31536K->31536K(1079296K)
[2022-06-13T04:11:12.961+0000][1][gc           ] GC(15) Pause Young (Allocation Failure) 115M->56M(247M) 41.025ms
[2022-06-13T04:11:12.961+0000][1][gc,cpu       ] GC(15) User=0.11s Sys=0.00s Real=0.04s
[2022-06-13T04:11:12.961+0000][1][safepoint    ] Leaving safepoint region
[2022-06-13T04:11:12.961+0000][1][safepoint    ] Total time for which application threads were stopped: 0.0582999 seconds, Stopping threads took: 0.0165679 seconds
[2022-06-13T04:11:13.169+0000][1][safepoint    ] Application time: 0.2073413 seconds
[2022-06-13T04:11:13.169+0000][1][safepoint    ] Entering safepoint region: GenCollectForAllocation
[2022-06-13T04:11:13.175+0000][1][gc,start     ] GC(16) Pause Young (Allocation Failure)
[2022-06-13T04:11:13.177+0000][1][gc,task      ] GC(16) Using 5 workers of 13 for evacuation
[2022-06-13T04:11:13.196+0000][1][gc,age       ] GC(16) Desired survivor size 4456448 bytes, new threshold 6 (max threshold 6)
[2022-06-13T04:11:13.196+0000][1][gc,age       ] GC(16) Age table with threshold 6 (max threshold 6)
[2022-06-13T04:11:13.197+0000][1][gc,age       ] GC(16) - age   1:     443784 bytes,     443784 total
[2022-06-13T04:11:13.197+0000][1][gc,heap      ] GC(16) ParNew: 78656K->7615K(78656K)
[2022-06-13T04:11:13.197+0000][1][gc,heap      ] GC(16) CMS: 48676K->56087K(174784K)
[2022-06-13T04:11:13.197+0000][1][gc,metaspace ] GC(16) Metaspace: 32940K->32940K(1079296K)
[2022-06-13T04:11:13.197+0000][1][gc           ] GC(16) Pause Young (Allocation Failure) 124M->62M(247M) 21.912ms
[2022-06-13T04:11:13.197+0000][1][gc,cpu       ] GC(16) User=0.06s Sys=0.00s Real=0.02s
[2022-06-13T04:11:13.197+0000][1][safepoint    ] Leaving safepoint region
[2022-06-13T04:11:13.198+0000][1][safepoint    ] Total time for which application threads were stopped: 0.0283665 seconds, Stopping threads took: 0.0058409 seconds
[2022-06-13T04:11:13.509+0000][1][safepoint    ] Application time: 0.3099971 seconds
[2022-06-13T04:11:13.511+0000][1][safepoint    ] Entering safepoint region: CollectForMetadataAllocation
[2022-06-13T04:11:13.512+0000][1][safepoint    ] Leaving safepoint region
[2022-06-13T04:11:13.512+0000][1][safepoint    ] Total time for which application threads were stopped: 0.0007573 seconds, Stopping threads took: 0.0003473 seconds
[2022-06-13T04:11:13.561+0000][1][safepoint    ] Application time: 0.0492488 seconds
[2022-06-13T04:11:13.561+0000][1][safepoint    ] Entering safepoint region: CollectForMetadataAllocation
[2022-06-13T04:11:13.562+0000][1][safepoint    ] Leaving safepoint region
[2022-06-13T04:11:13.563+0000][1][safepoint    ] Total time for which application threads were stopped: 0.0017296 seconds, Stopping threads took: 0.0007204 seconds
[2022-06-13T04:11:13.585+0000][1][safepoint    ] Application time: 0.0217861 seconds
[2022-06-13T04:11:13.587+0000][1][safepoint    ] Entering safepoint region: CollectForMetadataAllocation
[2022-06-13T04:11:13.588+0000][1][safepoint    ] Leaving safepoint region
[2022-06-13T04:11:13.588+0000][1][safepoint    ] Total time for which application threads were stopped: 0.0005968 seconds, Stopping threads took: 0.0003198 seconds
[2022-06-13T04:11:13.618+0000][1][safepoint    ] Application time: 0.0301820 seconds
[2022-06-13T04:11:13.622+0000][1][safepoint    ] Entering safepoint region: CollectForMetadataAllocation
[2022-06-13T04:11:13.622+0000][1][safepoint    ] Leaving safepoint region
[2022-06-13T04:11:13.623+0000][1][safepoint    ] Total time for which application threads were stopped: 0.0008014 seconds, Stopping threads took: 0.0003511 seconds
[2022-06-13T04:11:13.663+0000][1][safepoint    ] Application time: 0.0406163 seconds
[2022-06-13T04:11:13.669+0000][1][safepoint    ] Entering safepoint region: CollectForMetadataAllocation
[2022-06-13T04:11:13.677+0000][1][safepoint    ] Leaving safepoint region
[2022-06-13T04:11:13.678+0000][1][safepoint    ] Total time for which application threads were stopped: 0.0092680 seconds, Stopping threads took: 0.0080690 seconds
[2022-06-13T04:11:13.700+0000][1][safepoint    ] Application time: 0.0211065 seconds
[2022-06-13T04:11:13.700+0000][1][safepoint    ] Entering safepoint region: CollectForMetadataAllocation
[2022-06-13T04:11:13.701+0000][1][safepoint    ] Leaving safepoint region
[2022-06-13T04:11:13.701+0000][1][safepoint    ] Total time for which application threads were stopped: 0.0004289 seconds, Stopping threads took: 0.0001775 seconds
[2022-06-13T04:11:13.725+0000][1][safepoint    ] Application time: 0.0244397 seconds
[2022-06-13T04:11:13.726+0000][1][safepoint    ] Entering safepoint region: CollectForMetadataAllocation
[2022-06-13T04:11:13.726+0000][1][safepoint    ] Leaving safepoint region
[2022-06-13T04:11:13.726+0000][1][safepoint    ] Total time for which application threads were stopped: 0.0004807 seconds, Stopping threads took: 0.0002108 seconds
[2022-06-13T04:11:13.742+0000][1][safepoint    ] Application time: 0.0158316 seconds
[2022-06-13T04:11:13.742+0000][1][safepoint    ] Entering safepoint region: CollectForMetadataAllocation
[2022-06-13T04:11:13.743+0000][1][safepoint    ] Leaving safepoint region
[2022-06-13T04:11:13.743+0000][1][safepoint    ] Total time for which application threads were stopped: 0.0005231 seconds, Stopping threads took: 0.0001907 seconds
[2022-06-13T04:11:13.763+0000][1][safepoint    ] Application time: 0.0201320 seconds
[2022-06-13T04:11:13.763+0000][1][safepoint    ] Entering safepoint region: CollectForMetadataAllocation
[2022-06-13T04:11:13.764+0000][1][safepoint    ] Leaving safepoint region
[2022-06-13T04:11:13.764+0000][1][safepoint    ] Total time for which application threads were stopped: 0.0004921 seconds, Stopping threads took: 0.0001975 seconds
[2022-06-13T04:11:13.784+0000][1][safepoint    ] Application time: 0.0200513 seconds
[2022-06-13T04:11:13.785+0000][1][safepoint    ] Entering safepoint region: RevokeBias
[2022-06-13T04:11:13.786+0000][1][safepoint    ] Leaving safepoint region
[2022-06-13T04:11:13.786+0000][1][safepoint    ] Total time for which application threads were stopped: 0.0011984 seconds, Stopping threads took: 0.0008689 seconds
[2022-06-13T04:11:13.787+0000][1][safepoint    ] Application time: 0.0007029 seconds
[2022-06-13T04:11:13.787+0000][1][safepoint    ] Entering safepoint region: CollectForMetadataAllocation
[2022-06-13T04:11:13.787+0000][1][safepoint    ] Leaving safepoint region
[2022-06-13T04:11:13.787+0000][1][safepoint    ] Total time for which application threads were stopped: 0.0004473 seconds, Stopping threads took: 0.0001763 seconds
[2022-06-13T04:11:13.794+0000][1][safepoint    ] Application time: 0.0062578 seconds
[2022-06-13T04:11:13.794+0000][1][safepoint    ] Entering safepoint region: RevokeBias
[2022-06-13T04:11:13.794+0000][1][safepoint    ] Leaving safepoint region
[2022-06-13T04:11:13.795+0000][1][safepoint    ] Total time for which application threads were stopped: 0.0005237 seconds, Stopping threads took: 0.0002437 seconds
[2022-06-13T04:11:13.812+0000][1][safepoint    ] Application time: 0.0156472 seconds
[2022-06-13T04:11:13.813+0000][1][safepoint    ] Entering safepoint region: RevokeBias
[2022-06-13T04:11:13.813+0000][1][safepoint    ] Leaving safepoint region
[2022-06-13T04:11:13.813+0000][1][safepoint    ] Total time for which application threads were stopped: 0.0006293 seconds, Stopping threads took: 0.0001711 seconds
[2022-06-13T04:11:13.829+0000][1][safepoint    ] Application time: 0.0155884 seconds
[2022-06-13T04:11:13.830+0000][1][safepoint    ] Entering safepoint region: CollectForMetadataAllocation
[2022-06-13T04:11:13.830+0000][1][safepoint    ] Leaving safepoint region
[2022-06-13T04:11:13.830+0000][1][safepoint    ] Total time for which application threads were stopped: 0.0005589 seconds, Stopping threads took: 0.0002294 seconds
[2022-06-13T04:11:13.860+0000][1][safepoint    ] Application time: 0.0300101 seconds
[2022-06-13T04:11:13.861+0000][1][safepoint    ] Entering safepoint region: CollectForMetadataAllocation
[2022-06-13T04:11:13.861+0000][1][safepoint    ] Leaving safepoint region
[2022-06-13T04:11:13.861+0000][1][safepoint    ] Total time for which application threads were stopped: 0.0005276 seconds, Stopping threads took: 0.0002355 seconds
[2022-06-13T04:11:13.879+0000][1][safepoint    ] Application time: 0.0177601 seconds
[2022-06-13T04:11:13.879+0000][1][safepoint    ] Entering safepoint region: CollectForMetadataAllocation
[2022-06-13T04:11:13.880+0000][1][safepoint    ] Leaving safepoint region
[2022-06-13T04:11:13.880+0000][1][safepoint    ] Total time for which application threads were stopped: 0.0003947 seconds, Stopping threads took: 0.0001187 seconds
[2022-06-13T04:11:13.901+0000][1][safepoint    ] Application time: 0.0216909 seconds
[2022-06-13T04:11:13.902+0000][1][safepoint    ] Entering safepoint region: CollectForMetadataAllocation
[2022-06-13T04:11:13.902+0000][1][safepoint    ] Leaving safepoint region
[2022-06-13T04:11:13.902+0000][1][safepoint    ] Total time for which application threads were stopped: 0.0005510 seconds, Stopping threads took: 0.0002276 seconds
[2022-06-13T04:11:13.917+0000][1][safepoint    ] Application time: 0.0147584 seconds
[2022-06-13T04:11:13.918+0000][1][safepoint    ] Entering safepoint region: CollectForMetadataAllocation
[2022-06-13T04:11:13.918+0000][1][safepoint    ] Leaving safepoint region
[2022-06-13T04:11:13.918+0000][1][safepoint    ] Total time for which application threads were stopped: 0.0007039 seconds, Stopping threads took: 0.0003628 seconds
[2022-06-13T04:11:13.938+0000][1][safepoint    ] Application time: 0.0194820 seconds
[2022-06-13T04:11:13.938+0000][1][safepoint    ] Entering safepoint region: CollectForMetadataAllocation
[2022-06-13T04:11:13.939+0000][1][safepoint    ] Leaving safepoint region
[2022-06-13T04:11:13.939+0000][1][safepoint    ] Total time for which application threads were stopped: 0.0005195 seconds, Stopping threads took: 0.0001899 seconds
[2022-06-13T04:11:13.957+0000][1][safepoint    ] Application time: 0.0184967 seconds
[2022-06-13T04:11:13.958+0000][1][safepoint    ] Entering safepoint region: CollectForMetadataAllocation
[2022-06-13T04:11:13.958+0000][1][safepoint    ] Leaving safepoint region
[2022-06-13T04:11:13.958+0000][1][safepoint    ] Total time for which application threads were stopped: 0.0005015 seconds, Stopping threads took: 0.0001940 seconds
[2022-06-13T04:11:13.976+0000][1][safepoint    ] Application time: 0.0176218 seconds
[2022-06-13T04:11:13.976+0000][1][safepoint    ] Entering safepoint region: CollectForMetadataAllocation
[2022-06-13T04:11:13.977+0000][1][safepoint    ] Leaving safepoint region
[2022-06-13T04:11:13.977+0000][1][safepoint    ] Total time for which application threads were stopped: 0.0004507 seconds, Stopping threads took: 0.0001784 seconds
[2022-06-13T04:11:13.994+0000][1][safepoint    ] Application time: 0.0169803 seconds
[2022-06-13T04:11:13.994+0000][1][safepoint    ] Entering safepoint region: CollectForMetadataAllocation
[2022-06-13T04:11:13.995+0000][1][safepoint    ] Leaving safepoint region
[2022-06-13T04:11:13.995+0000][1][safepoint    ] Total time for which application threads were stopped: 0.0004754 seconds, Stopping threads took: 0.0001916 seconds
[2022-06-13T04:11:14.006+0000][1][safepoint    ] Application time: 0.0110577 seconds
[2022-06-13T04:11:14.006+0000][1][safepoint    ] Entering safepoint region: CollectForMetadataAllocation
[2022-06-13T04:11:14.006+0000][1][safepoint    ] Leaving safepoint region
[2022-06-13T04:11:14.007+0000][1][safepoint    ] Total time for which application threads were stopped: 0.0004285 seconds, Stopping threads took: 0.0001852 seconds
[2022-06-13T04:11:14.030+0000][1][safepoint    ] Application time: 0.0232842 seconds
[2022-06-13T04:11:14.030+0000][1][safepoint    ] Entering safepoint region: CollectForMetadataAllocation
[2022-06-13T04:11:14.031+0000][1][safepoint    ] Leaving safepoint region
[2022-06-13T04:11:14.031+0000][1][safepoint    ] Total time for which application threads were stopped: 0.0010838 seconds, Stopping threads took: 0.0001752 seconds
[2022-06-13T04:11:14.052+0000][1][safepoint    ] Application time: 0.0203166 seconds
[2022-06-13T04:11:14.052+0000][1][safepoint    ] Entering safepoint region: CollectForMetadataAllocation
[2022-06-13T04:11:14.052+0000][1][safepoint    ] Leaving safepoint region
[2022-06-13T04:11:14.052+0000][1][safepoint    ] Total time for which application threads were stopped: 0.0005186 seconds, Stopping threads took: 0.0001735 seconds
[2022-06-13T04:11:14.076+0000][1][safepoint    ] Application time: 0.0235280 seconds
[2022-06-13T04:11:14.077+0000][1][safepoint    ] Entering safepoint region: CollectForMetadataAllocation
[2022-06-13T04:11:14.077+0000][1][safepoint    ] Leaving safepoint region
[2022-06-13T04:11:14.077+0000][1][safepoint    ] Total time for which application threads were stopped: 0.0005417 seconds, Stopping threads took: 0.0002062 seconds
[2022-06-13T04:11:14.103+0000][1][safepoint    ] Application time: 0.0257521 seconds
[2022-06-13T04:11:14.103+0000][1][safepoint    ] Entering safepoint region: CollectForMetadataAllocation
[2022-06-13T04:11:14.104+0000][1][safepoint    ] Leaving safepoint region
[2022-06-13T04:11:14.104+0000][1][safepoint    ] Total time for which application threads were stopped: 0.0005401 seconds, Stopping threads took: 0.0001812 seconds
[2022-06-13T04:11:14.125+0000][1][safepoint    ] Application time: 0.0214676 seconds
[2022-06-13T04:11:14.126+0000][1][safepoint    ] Entering safepoint region: CollectForMetadataAllocation
[2022-06-13T04:11:14.126+0000][1][safepoint    ] Leaving safepoint region
[2022-06-13T04:11:14.126+0000][1][safepoint    ] Total time for which application threads were stopped: 0.0005087 seconds, Stopping threads took: 0.0001899 seconds
[2022-06-13T04:11:14.139+0000][1][safepoint    ] Application time: 0.0130716 seconds
[2022-06-13T04:11:14.140+0000][1][safepoint    ] Entering safepoint region: CollectForMetadataAllocation
[2022-06-13T04:11:14.140+0000][1][safepoint    ] Leaving safepoint region
[2022-06-13T04:11:14.141+0000][1][safepoint    ] Total time for which application threads were stopped: 0.0006274 seconds, Stopping threads took: 0.0002316 seconds
[2022-06-13T04:11:14.162+0000][1][safepoint    ] Application time: 0.0215783 seconds
[2022-06-13T04:11:14.163+0000][1][safepoint    ] Entering safepoint region: CollectForMetadataAllocation
[2022-06-13T04:11:14.163+0000][1][safepoint    ] Leaving safepoint region
[2022-06-13T04:11:14.163+0000][1][safepoint    ] Total time for which application threads were stopped: 0.0004909 seconds, Stopping threads took: 0.0001991 seconds
[2022-06-13T04:11:14.367+0000][1][safepoint    ] Application time: 0.2039598 seconds
[2022-06-13T04:11:14.367+0000][1][safepoint    ] Entering safepoint region: CollectForMetadataAllocation
[2022-06-13T04:11:14.368+0000][1][safepoint    ] Leaving safepoint region
[2022-06-13T04:11:14.368+0000][1][safepoint    ] Total time for which application threads were stopped: 0.0003359 seconds, Stopping threads took: 0.0001149 seconds
[2022-06-13T04:11:14.473+0000][1][safepoint    ] Application time: 0.1050999 seconds
[2022-06-13T04:11:14.473+0000][1][safepoint    ] Entering safepoint region: GenCollectForAllocation
[2022-06-13T04:11:14.473+0000][1][gc,start     ] GC(17) Pause Young (Allocation Failure)
[2022-06-13T04:11:14.474+0000][1][gc,task      ] GC(17) Using 5 workers of 13 for evacuation
[2022-06-13T04:11:14.482+0000][1][gc,age       ] GC(17) Desired survivor size 4456448 bytes, new threshold 6 (max threshold 6)
[2022-06-13T04:11:14.482+0000][1][gc,age       ] GC(17) Age table with threshold 6 (max threshold 6)
[2022-06-13T04:11:14.482+0000][1][gc,age       ] GC(17) - age   1:    3641088 bytes,    3641088 total
[2022-06-13T04:11:14.482+0000][1][gc,age       ] GC(17) - age   2:     401832 bytes,    4042920 total
[2022-06-13T04:11:14.482+0000][1][gc,heap      ] GC(17) ParNew: 77567K->4764K(78656K)
[2022-06-13T04:11:14.482+0000][1][gc,heap      ] GC(17) CMS: 56087K->56087K(174784K)
[2022-06-13T04:11:14.482+0000][1][gc,metaspace ] GC(17) Metaspace: 42182K->42182K(1087488K)
[2022-06-13T04:11:14.483+0000][1][gc           ] GC(17) Pause Young (Allocation Failure) 130M->59M(247M) 9.134ms
[2022-06-13T04:11:14.483+0000][1][gc,cpu       ] GC(17) User=0.03s Sys=0.00s Real=0.01s
[2022-06-13T04:11:14.483+0000][1][safepoint    ] Leaving safepoint region
[2022-06-13T04:11:14.483+0000][1][safepoint    ] Total time for which application threads were stopped: 0.0099077 seconds, Stopping threads took: 0.0001942 seconds
[2022-06-13T04:11:14.483+0000][1][safepoint    ] Application time: 0.0001556 seconds
[2022-06-13T04:11:14.484+0000][1][safepoint    ] Entering safepoint region: CMS_Initial_Mark
[2022-06-13T04:11:14.484+0000][1][gc,start     ] GC(18) Pause Initial Mark
[2022-06-13T04:11:14.486+0000][1][gc           ] GC(18) Pause Initial Mark 60M->60M(247M) 2.602ms
[2022-06-13T04:11:14.487+0000][1][gc,cpu       ] GC(18) User=0.00s Sys=0.00s Real=0.00s
[2022-06-13T04:11:14.487+0000][1][safepoint    ] Leaving safepoint region
[2022-06-13T04:11:14.487+0000][1][safepoint    ] Total time for which application threads were stopped: 0.0033724 seconds, Stopping threads took: 0.0001797 seconds
[2022-06-13T04:11:14.488+0000][1][gc           ] GC(18) Concurrent Mark
[2022-06-13T04:11:14.488+0000][1][gc,task      ] GC(18) Using 4 workers of 4 for marking
[2022-06-13T04:11:14.514+0000][1][gc           ] GC(18) Concurrent Mark 26.092ms
[2022-06-13T04:11:14.514+0000][1][gc,cpu       ] GC(18) User=0.14s Sys=0.00s Real=0.03s
[2022-06-13T04:11:14.514+0000][1][gc           ] GC(18) Concurrent Preclean
[2022-06-13T04:11:14.515+0000][1][gc           ] GC(18) Concurrent Preclean 1.253ms
[2022-06-13T04:11:14.516+0000][1][gc,cpu       ] GC(18) User=0.00s Sys=0.00s Real=0.00s
[2022-06-13T04:11:14.516+0000][1][safepoint    ] Application time: 0.0286236 seconds
[2022-06-13T04:11:14.516+0000][1][safepoint    ] Entering safepoint region: CMS_Final_Remark
[2022-06-13T04:11:14.516+0000][1][gc,start     ] GC(18) Pause Remark
[2022-06-13T04:11:14.527+0000][1][gc           ] GC(18) Pause Remark 60M->60M(247M) 10.658ms
[2022-06-13T04:11:14.527+0000][1][gc,cpu       ] GC(18) User=0.03s Sys=0.00s Real=0.01s
[2022-06-13T04:11:14.527+0000][1][safepoint    ] Leaving safepoint region
[2022-06-13T04:11:14.527+0000][1][safepoint    ] Total time for which application threads were stopped: 0.0115495 seconds, Stopping threads took: 0.0001571 seconds
[2022-06-13T04:11:14.528+0000][1][gc           ] GC(18) Concurrent Sweep
[2022-06-13T04:11:14.549+0000][1][gc           ] GC(18) Concurrent Sweep 21.426ms
[2022-06-13T04:11:14.549+0000][1][gc,cpu       ] GC(18) User=0.08s Sys=0.00s Real=0.03s
[2022-06-13T04:11:14.549+0000][1][gc           ] GC(18) Concurrent Reset
[2022-06-13T04:11:14.550+0000][1][gc           ] GC(18) Concurrent Reset 0.447ms
[2022-06-13T04:11:14.550+0000][1][gc,cpu       ] GC(18) User=0.00s Sys=0.00s Real=0.00s
[2022-06-13T04:11:14.550+0000][1][gc,heap      ] GC(18) Old: 56087K->55872K(174784K)
[2022-06-13T04:11:14.679+0000][1][safepoint    ] Application time: 0.1515501 seconds
[2022-06-13T04:11:14.679+0000][1][safepoint    ] Entering safepoint region: RevokeBias
[2022-06-13T04:11:14.681+0000][1][safepoint    ] Leaving safepoint region
[2022-06-13T04:11:14.681+0000][1][safepoint    ] Total time for which application threads were stopped: 0.0013813 seconds, Stopping threads took: 0.0002178 seconds
[2022-06-13T04:11:14.968+0000][1][safepoint    ] Application time: 0.2871281 seconds
[2022-06-13T04:11:14.969+0000][1][safepoint    ] Entering safepoint region: ICBufferFull
[2022-06-13T04:11:14.969+0000][1][safepoint    ] Leaving safepoint region
[2022-06-13T04:11:14.969+0000][1][safepoint    ] Total time for which application threads were stopped: 0.0006486 seconds, Stopping threads took: 0.0002578 seconds
[2022-06-13T04:11:15.019+0000][1][safepoint    ] Application time: 0.0498123 seconds
[2022-06-13T04:11:15.020+0000][1][safepoint    ] Entering safepoint region: RevokeBias
[2022-06-13T04:11:15.020+0000][1][safepoint    ] Leaving safepoint region
[2022-06-13T04:11:15.020+0000][1][safepoint    ] Total time for which application threads were stopped: 0.0008065 seconds, Stopping threads took: 0.0002714 seconds
[2022-06-13T04:11:15.024+0000][1][safepoint    ] Application time: 0.0031250 seconds
[2022-06-13T04:11:15.024+0000][1][safepoint    ] Entering safepoint region: RevokeBias
[2022-06-13T04:11:15.024+0000][1][safepoint    ] Leaving safepoint region
[2022-06-13T04:11:15.024+0000][1][safepoint    ] Total time for which application threads were stopped: 0.0003315 seconds, Stopping threads took: 0.0001504 seconds
[2022-06-13T04:11:15.286+0000][1][safepoint    ] Application time: 0.2611065 seconds
[2022-06-13T04:11:15.299+0000][1][safepoint    ] Entering safepoint region: RevokeBias
[2022-06-13T04:11:15.301+0000][1][safepoint    ] Leaving safepoint region
[2022-06-13T04:11:15.303+0000][1][safepoint    ] Total time for which application threads were stopped: 0.0167793 seconds, Stopping threads took: 0.0133369 seconds
[2022-06-13T04:11:15.304+0000][1][safepoint    ] Application time: 0.0000795 seconds
[2022-06-13T04:11:15.304+0000][1][safepoint    ] Entering safepoint region: RevokeBias
[2022-06-13T04:11:15.304+0000][1][safepoint    ] Leaving safepoint region
[2022-06-13T04:11:15.304+0000][1][safepoint    ] Total time for which application threads were stopped: 0.0003605 seconds, Stopping threads took: 0.0001222 seconds
[2022-06-13T04:11:15.305+0000][1][safepoint    ] Application time: 0.0000759 seconds
[2022-06-13T04:11:15.305+0000][1][safepoint    ] Entering safepoint region: RevokeBias
[2022-06-13T04:11:15.305+0000][1][safepoint    ] Leaving safepoint region
[2022-06-13T04:11:15.305+0000][1][safepoint    ] Total time for which application threads were stopped: 0.0003132 seconds, Stopping threads took: 0.0001169 seconds
[2022-06-13T04:11:15.305+0000][1][safepoint    ] Application time: 0.0000258 seconds
[2022-06-13T04:11:15.305+0000][1][safepoint    ] Entering safepoint region: RevokeBias
[2022-06-13T04:11:15.305+0000][1][safepoint    ] Leaving safepoint region
[2022-06-13T04:11:15.305+0000][1][safepoint    ] Total time for which application threads were stopped: 0.0002653 seconds, Stopping threads took: 0.0000983 seconds
[2022-06-13T04:11:15.306+0000][1][safepoint    ] Application time: 0.0001296 seconds
[2022-06-13T04:11:15.306+0000][1][safepoint    ] Entering safepoint region: RevokeBias
[2022-06-13T04:11:15.306+0000][1][safepoint    ] Leaving safepoint region
[2022-06-13T04:11:15.306+0000][1][safepoint    ] Total time for which application threads were stopped: 0.0002733 seconds, Stopping threads took: 0.0001007 seconds
[2022-06-13T04:11:15.319+0000][1][safepoint    ] Application time: 0.0124098 seconds
[2022-06-13T04:11:15.319+0000][1][safepoint    ] Entering safepoint region: RevokeBias
[2022-06-13T04:11:15.319+0000][1][safepoint    ] Leaving safepoint region
[2022-06-13T04:11:15.320+0000][1][safepoint    ] Total time for which application threads were stopped: 0.0005980 seconds, Stopping threads took: 0.0003748 seconds
[2022-06-13T04:11:15.331+0000][1][safepoint    ] Application time: 0.0116212 seconds
[2022-06-13T04:11:15.332+0000][1][safepoint    ] Entering safepoint region: RevokeBias
[2022-06-13T04:11:15.332+0000][1][safepoint    ] Leaving safepoint region
[2022-06-13T04:11:15.332+0000][1][safepoint    ] Total time for which application threads were stopped: 0.0005196 seconds, Stopping threads took: 0.0002591 seconds
[2022-06-13T04:11:15.334+0000][1][safepoint    ] Application time: 0.0014551 seconds
[2022-06-13T04:11:15.335+0000][1][safepoint    ] Entering safepoint region: RevokeBias
[2022-06-13T04:11:15.335+0000][1][safepoint    ] Leaving safepoint region
[2022-06-13T04:11:15.335+0000][1][safepoint    ] Total time for which application threads were stopped: 0.0004164 seconds, Stopping threads took: 0.0001447 seconds
[2022-06-13T04:11:15.335+0000][1][safepoint    ] Application time: 0.0000379 seconds
[2022-06-13T04:11:15.335+0000][1][safepoint    ] Entering safepoint region: RevokeBias
[2022-06-13T04:11:15.336+0000][1][safepoint    ] Leaving safepoint region
[2022-06-13T04:11:15.336+0000][1][safepoint    ] Total time for which application threads were stopped: 0.0004250 seconds, Stopping threads took: 0.0001297 seconds
[2022-06-13T04:11:15.336+0000][1][safepoint    ] Application time: 0.0001260 seconds
[2022-06-13T04:11:15.337+0000][1][safepoint    ] Entering safepoint region: RevokeBias
[2022-06-13T04:11:15.337+0000][1][safepoint    ] Leaving safepoint region
[2022-06-13T04:11:15.337+0000][1][safepoint    ] Total time for which application threads were stopped: 0.0004522 seconds, Stopping threads took: 0.0002214 seconds
[2022-06-13T04:11:15.338+0000][1][safepoint    ] Application time: 0.0001602 seconds
[2022-06-13T04:11:15.338+0000][1][safepoint    ] Entering safepoint region: RevokeBias
[2022-06-13T04:11:15.338+0000][1][safepoint    ] Leaving safepoint region
[2022-06-13T04:11:15.338+0000][1][safepoint    ] Total time for which application threads were stopped: 0.0004506 seconds, Stopping threads took: 0.0002241 seconds
[2022-06-13T04:11:15.339+0000][1][safepoint    ] Application time: 0.0000974 seconds
[2022-06-13T04:11:15.339+0000][1][safepoint    ] Entering safepoint region: RevokeBias
[2022-06-13T04:11:15.339+0000][1][safepoint    ] Leaving safepoint region
[2022-06-13T04:11:15.339+0000][1][safepoint    ] Total time for which application threads were stopped: 0.0004048 seconds, Stopping threads took: 0.0001304 seconds
[2022-06-13T04:11:15.340+0000][1][safepoint    ] Application time: 0.0003516 seconds
[2022-06-13T04:11:15.340+0000][1][safepoint    ] Entering safepoint region: RevokeBias
[2022-06-13T04:11:15.340+0000][1][safepoint    ] Leaving safepoint region
[2022-06-13T04:11:15.340+0000][1][safepoint    ] Total time for which application threads were stopped: 0.0003965 seconds, Stopping threads took: 0.0001573 seconds
[2022-06-13T04:11:15.341+0000][1][safepoint    ] Application time: 0.0000637 seconds
[2022-06-13T04:11:15.341+0000][1][safepoint    ] Entering safepoint region: RevokeBias
[2022-06-13T04:11:15.341+0000][1][safepoint    ] Leaving safepoint region
[2022-06-13T04:11:15.341+0000][1][safepoint    ] Total time for which application threads were stopped: 0.0003708 seconds, Stopping threads took: 0.0001534 seconds
[2022-06-13T04:11:15.342+0000][1][safepoint    ] Application time: 0.0003520 seconds
[2022-06-13T04:11:15.342+0000][1][safepoint    ] Entering safepoint region: RevokeBias
[2022-06-13T04:11:15.342+0000][1][safepoint    ] Leaving safepoint region
[2022-06-13T04:11:15.342+0000][1][safepoint    ] Total time for which application threads were stopped: 0.0004457 seconds, Stopping threads took: 0.0001402 seconds
[2022-06-13T04:11:15.343+0000][1][safepoint    ] Application time: 0.0001489 seconds
[2022-06-13T04:11:15.343+0000][1][safepoint    ] Entering safepoint region: RevokeBias
[2022-06-13T04:11:15.343+0000][1][safepoint    ] Leaving safepoint region
[2022-06-13T04:11:15.344+0000][1][safepoint    ] Total time for which application threads were stopped: 0.0007251 seconds, Stopping threads took: 0.0005098 seconds
[2022-06-13T04:11:15.344+0000][1][safepoint    ] Application time: 0.0001243 seconds
[2022-06-13T04:11:15.344+0000][1][safepoint    ] Entering safepoint region: RevokeBias
[2022-06-13T04:11:15.344+0000][1][safepoint    ] Leaving safepoint region
[2022-06-13T04:11:15.344+0000][1][safepoint    ] Total time for which application threads were stopped: 0.0004383 seconds, Stopping threads took: 0.0002450 seconds
[2022-06-13T04:11:15.345+0000][1][safepoint    ] Application time: 0.0000758 seconds
[2022-06-13T04:11:15.345+0000][1][safepoint    ] Entering safepoint region: RevokeBias
[2022-06-13T04:11:15.345+0000][1][safepoint    ] Leaving safepoint region
[2022-06-13T04:11:15.345+0000][1][safepoint    ] Total time for which application threads were stopped: 0.0002930 seconds, Stopping threads took: 0.0001136 seconds
[2022-06-13T04:11:15.345+0000][1][safepoint    ] Application time: 0.0000855 seconds
[2022-06-13T04:11:15.345+0000][1][safepoint    ] Entering safepoint region: RevokeBias
[2022-06-13T04:11:15.346+0000][1][safepoint    ] Leaving safepoint region
[2022-06-13T04:11:15.346+0000][1][safepoint    ] Total time for which application threads were stopped: 0.0002968 seconds, Stopping threads took: 0.0001341 seconds
[2022-06-13T04:11:15.346+0000][1][safepoint    ] Application time: 0.0000758 seconds
[2022-06-13T04:11:15.346+0000][1][safepoint    ] Entering safepoint region: RevokeBias
[2022-06-13T04:11:15.346+0000][1][safepoint    ] Leaving safepoint region
[2022-06-13T04:11:15.346+0000][1][safepoint    ] Total time for which application threads were stopped: 0.0003878 seconds, Stopping threads took: 0.0001312 seconds
[2022-06-13T04:11:15.347+0000][1][safepoint    ] Application time: 0.0000731 seconds
[2022-06-13T04:11:15.347+0000][1][safepoint    ] Entering safepoint region: RevokeBias
[2022-06-13T04:11:15.347+0000][1][safepoint    ] Leaving safepoint region
[2022-06-13T04:11:15.347+0000][1][safepoint    ] Total time for which application threads were stopped: 0.0003642 seconds, Stopping threads took: 0.0001698 seconds
[2022-06-13T04:11:15.347+0000][1][safepoint    ] Application time: 0.0000714 seconds
[2022-06-13T04:11:15.347+0000][1][safepoint    ] Entering safepoint region: RevokeBias
[2022-06-13T04:11:15.348+0000][1][safepoint    ] Leaving safepoint region
[2022-06-13T04:11:15.348+0000][1][safepoint    ] Total time for which application threads were stopped: 0.0003948 seconds, Stopping threads took: 0.0001827 seconds
[2022-06-13T04:11:15.348+0000][1][safepoint    ] Application time: 0.0000777 seconds
[2022-06-13T04:11:15.348+0000][1][safepoint    ] Entering safepoint region: RevokeBias
[2022-06-13T04:11:15.348+0000][1][safepoint    ] Leaving safepoint region
[2022-06-13T04:11:15.348+0000][1][safepoint    ] Total time for which application threads were stopped: 0.0003005 seconds, Stopping threads took: 0.0001104 seconds
[2022-06-13T04:11:15.349+0000][1][safepoint    ] Application time: 0.0000812 seconds
[2022-06-13T04:11:15.349+0000][1][safepoint    ] Entering safepoint region: RevokeBias
[2022-06-13T04:11:15.349+0000][1][safepoint    ] Leaving safepoint region
[2022-06-13T04:11:15.349+0000][1][safepoint    ] Total time for which application threads were stopped: 0.0006046 seconds, Stopping threads took: 0.0001359 seconds
[2022-06-13T04:11:15.350+0000][1][safepoint    ] Application time: 0.0000402 seconds
[2022-06-13T04:11:15.350+0000][1][safepoint    ] Entering safepoint region: RevokeBias
[2022-06-13T04:11:15.351+0000][1][safepoint    ] Leaving safepoint region
[2022-06-13T04:11:15.351+0000][1][safepoint    ] Total time for which application threads were stopped: 0.0004552 seconds, Stopping threads took: 0.0001877 seconds
[2022-06-13T04:11:15.351+0000][1][safepoint    ] Application time: 0.0001917 seconds
[2022-06-13T04:11:15.351+0000][1][safepoint    ] Entering safepoint region: RevokeBias
[2022-06-13T04:11:15.351+0000][1][safepoint    ] Leaving safepoint region
[2022-06-13T04:11:15.352+0000][1][safepoint    ] Total time for which application threads were stopped: 0.0003721 seconds, Stopping threads took: 0.0001530 seconds
[2022-06-13T04:11:15.352+0000][1][safepoint    ] Application time: 0.0000376 seconds
[2022-06-13T04:11:15.352+0000][1][safepoint    ] Entering safepoint region: BulkRevokeBias
[2022-06-13T04:11:15.352+0000][1][safepoint    ] Leaving safepoint region
[2022-06-13T04:11:15.352+0000][1][safepoint    ] Total time for which application threads were stopped: 0.0004167 seconds, Stopping threads took: 0.0001594 seconds
[2022-06-13T04:11:15.353+0000][1][safepoint    ] Application time: 0.0001794 seconds
[2022-06-13T04:11:15.353+0000][1][safepoint    ] Entering safepoint region: RevokeBias
[2022-06-13T04:11:15.353+0000][1][safepoint    ] Leaving safepoint region
[2022-06-13T04:11:15.353+0000][1][safepoint    ] Total time for which application threads were stopped: 0.0003542 seconds, Stopping threads took: 0.0001487 seconds
[2022-06-13T04:11:15.353+0000][1][safepoint    ] Application time: 0.0000893 seconds
[2022-06-13T04:11:15.354+0000][1][safepoint    ] Entering safepoint region: RevokeBias
[2022-06-13T04:11:15.354+0000][1][safepoint    ] Leaving safepoint region
[2022-06-13T04:11:15.354+0000][1][safepoint    ] Total time for which application threads were stopped: 0.0003243 seconds, Stopping threads took: 0.0001424 seconds
[2022-06-13T04:11:15.354+0000][1][safepoint    ] Application time: 0.0001375 seconds
[2022-06-13T04:11:15.354+0000][1][safepoint    ] Entering safepoint region: RevokeBias
[2022-06-13T04:11:15.355+0000][1][safepoint    ] Leaving safepoint region
[2022-06-13T04:11:15.355+0000][1][safepoint    ] Total time for which application threads were stopped: 0.0006359 seconds, Stopping threads took: 0.0003690 seconds
[2022-06-13T04:11:15.355+0000][1][safepoint    ] Application time: 0.0000971 seconds
[2022-06-13T04:11:15.359+0000][1][safepoint    ] Entering safepoint region: RevokeBias
[2022-06-13T04:11:15.360+0000][1][safepoint    ] Leaving safepoint region
[2022-06-13T04:11:15.360+0000][1][safepoint    ] Total time for which application threads were stopped: 0.0046251 seconds, Stopping threads took: 0.0041037 seconds
[2022-06-13T04:11:15.361+0000][1][safepoint    ] Application time: 0.0010419 seconds
[2022-06-13T04:11:15.363+0000][1][safepoint    ] Entering safepoint region: RevokeBias
[2022-06-13T04:11:15.364+0000][1][safepoint    ] Leaving safepoint region
[2022-06-13T04:11:15.364+0000][1][safepoint    ] Total time for which application threads were stopped: 0.0024630 seconds, Stopping threads took: 0.0021686 seconds
[2022-06-13T04:11:15.364+0000][1][safepoint    ] Application time: 0.0000725 seconds
[2022-06-13T04:11:15.364+0000][1][safepoint    ] Entering safepoint region: RevokeBias
[2022-06-13T04:11:15.365+0000][1][safepoint    ] Leaving safepoint region
[2022-06-13T04:11:15.365+0000][1][safepoint    ] Total time for which application threads were stopped: 0.0004160 seconds, Stopping threads took: 0.0001348 seconds
[2022-06-13T04:11:15.365+0000][1][safepoint    ] Application time: 0.0002197 seconds
[2022-06-13T04:11:15.365+0000][1][safepoint    ] Entering safepoint region: RevokeBias
[2022-06-13T04:11:15.366+0000][1][safepoint    ] Leaving safepoint region
[2022-06-13T04:11:15.366+0000][1][safepoint    ] Total time for which application threads were stopped: 0.0004793 seconds, Stopping threads took: 0.0001889 seconds
[2022-06-13T04:11:15.366+0000][1][safepoint    ] Application time: 0.0003444 seconds
[2022-06-13T04:11:15.366+0000][1][safepoint    ] Entering safepoint region: RevokeBias
[2022-06-13T04:11:15.367+0000][1][safepoint    ] Leaving safepoint region
[2022-06-13T04:11:15.367+0000][1][safepoint    ] Total time for which application threads were stopped: 0.0003662 seconds, Stopping threads took: 0.0001786 seconds
[2022-06-13T04:11:15.367+0000][1][safepoint    ] Application time: 0.0000581 seconds
[2022-06-13T04:11:15.367+0000][1][safepoint    ] Entering safepoint region: RevokeBias
[2022-06-13T04:11:15.368+0000][1][safepoint    ] Leaving safepoint region
[2022-06-13T04:11:15.368+0000][1][safepoint    ] Total time for which application threads were stopped: 0.0006804 seconds, Stopping threads took: 0.0002608 seconds
[2022-06-13T04:11:15.368+0000][1][safepoint    ] Application time: 0.0004800 seconds
[2022-06-13T04:11:15.369+0000][1][safepoint    ] Entering safepoint region: RevokeBias
[2022-06-13T04:11:15.369+0000][1][safepoint    ] Leaving safepoint region
[2022-06-13T04:11:15.369+0000][1][safepoint    ] Total time for which application threads were stopped: 0.0003849 seconds, Stopping threads took: 0.0001885 seconds
[2022-06-13T04:11:15.372+0000][1][safepoint    ] Application time: 0.0032692 seconds
[2022-06-13T04:11:15.374+0000][1][safepoint    ] Entering safepoint region: RevokeBias
[2022-06-13T04:11:15.375+0000][1][safepoint    ] Leaving safepoint region
[2022-06-13T04:11:15.376+0000][1][safepoint    ] Total time for which application threads were stopped: 0.0017549 seconds, Stopping threads took: 0.0015114 seconds
[2022-06-13T04:11:15.379+0000][1][safepoint    ] Application time: 0.0035631 seconds
[2022-06-13T04:11:15.379+0000][1][safepoint    ] Entering safepoint region: RevokeBias
[2022-06-13T04:11:15.380+0000][1][safepoint    ] Leaving safepoint region
[2022-06-13T04:11:15.380+0000][1][safepoint    ] Total time for which application threads were stopped: 0.0003869 seconds, Stopping threads took: 0.0001519 seconds
[2022-06-13T04:11:15.380+0000][1][safepoint    ] Application time: 0.0000670 seconds
[2022-06-13T04:11:15.380+0000][1][safepoint    ] Entering safepoint region: RevokeBias
[2022-06-13T04:11:15.380+0000][1][safepoint    ] Leaving safepoint region
[2022-06-13T04:11:15.380+0000][1][safepoint    ] Total time for which application threads were stopped: 0.0003615 seconds, Stopping threads took: 0.0001341 seconds
[2022-06-13T04:11:15.381+0000][1][safepoint    ] Application time: 0.0000412 seconds
[2022-06-13T04:11:15.381+0000][1][safepoint    ] Entering safepoint region: RevokeBias
[2022-06-13T04:11:15.381+0000][1][safepoint    ] Leaving safepoint region
[2022-06-13T04:11:15.381+0000][1][safepoint    ] Total time for which application threads were stopped: 0.0005396 seconds, Stopping threads took: 0.0001290 seconds
[2022-06-13T04:11:15.382+0000][1][safepoint    ] Application time: 0.0003610 seconds
[2022-06-13T04:11:15.382+0000][1][safepoint    ] Entering safepoint region: RevokeBias
[2022-06-13T04:11:15.382+0000][1][safepoint    ] Leaving safepoint region
[2022-06-13T04:11:15.382+0000][1][safepoint    ] Total time for which application threads were stopped: 0.0003168 seconds, Stopping threads took: 0.0001136 seconds
[2022-06-13T04:11:15.382+0000][1][safepoint    ] Application time: 0.0000397 seconds
[2022-06-13T04:11:15.383+0000][1][safepoint    ] Entering safepoint region: RevokeBias
[2022-06-13T04:11:15.383+0000][1][safepoint    ] Leaving safepoint region
[2022-06-13T04:11:15.383+0000][1][safepoint    ] Total time for which application threads were stopped: 0.0004041 seconds, Stopping threads took: 0.0001698 seconds
[2022-06-13T04:11:15.383+0000][1][safepoint    ] Application time: 0.0000339 seconds
[2022-06-13T04:11:15.383+0000][1][safepoint    ] Entering safepoint region: RevokeBias
[2022-06-13T04:11:15.383+0000][1][safepoint    ] Leaving safepoint region
[2022-06-13T04:11:15.384+0000][1][safepoint    ] Total time for which application threads were stopped: 0.0003725 seconds, Stopping threads took: 0.0001764 seconds
[2022-06-13T04:11:15.384+0000][1][safepoint    ] Application time: 0.0000248 seconds
[2022-06-13T04:11:15.384+0000][1][safepoint    ] Entering safepoint region: RevokeBias
[2022-06-13T04:11:15.384+0000][1][safepoint    ] Leaving safepoint region
[2022-06-13T04:11:15.384+0000][1][safepoint    ] Total time for which application threads were stopped: 0.0003221 seconds, Stopping threads took: 0.0001088 seconds
[2022-06-13T04:11:15.384+0000][1][safepoint    ] Application time: 0.0000232 seconds
[2022-06-13T04:11:15.385+0000][1][safepoint    ] Entering safepoint region: RevokeBias
[2022-06-13T04:11:15.385+0000][1][safepoint    ] Leaving safepoint region
[2022-06-13T04:11:15.385+0000][1][safepoint    ] Total time for which application threads were stopped: 0.0003688 seconds, Stopping threads took: 0.0001747 seconds
[2022-06-13T04:11:15.385+0000][1][safepoint    ] Application time: 0.0000807 seconds
[2022-06-13T04:11:15.385+0000][1][safepoint    ] Entering safepoint region: RevokeBias
[2022-06-13T04:11:15.386+0000][1][safepoint    ] Leaving safepoint region
[2022-06-13T04:11:15.386+0000][1][safepoint    ] Total time for which application threads were stopped: 0.0003234 seconds, Stopping threads took: 0.0001611 seconds
[2022-06-13T04:11:15.386+0000][1][safepoint    ] Application time: 0.0000448 seconds
[2022-06-13T04:11:15.386+0000][1][safepoint    ] Entering safepoint region: RevokeBias
[2022-06-13T04:11:15.386+0000][1][safepoint    ] Leaving safepoint region
[2022-06-13T04:11:15.387+0000][1][safepoint    ] Total time for which application threads were stopped: 0.0006664 seconds, Stopping threads took: 0.0001692 seconds
[2022-06-13T04:11:15.387+0000][1][safepoint    ] Application time: 0.0000520 seconds
[2022-06-13T04:11:15.387+0000][1][safepoint    ] Entering safepoint region: RevokeBias
[2022-06-13T04:11:15.387+0000][1][safepoint    ] Leaving safepoint region
[2022-06-13T04:11:15.387+0000][1][safepoint    ] Total time for which application threads were stopped: 0.0003520 seconds, Stopping threads took: 0.0001361 seconds
[2022-06-13T04:11:15.388+0000][1][safepoint    ] Application time: 0.0000269 seconds
[2022-06-13T04:11:15.388+0000][1][safepoint    ] Entering safepoint region: RevokeBias
[2022-06-13T04:11:15.388+0000][1][safepoint    ] Leaving safepoint region
[2022-06-13T04:11:15.388+0000][1][safepoint    ] Total time for which application threads were stopped: 0.0005703 seconds, Stopping threads took: 0.0001587 seconds
[2022-06-13T04:11:15.389+0000][1][safepoint    ] Application time: 0.0000262 seconds
[2022-06-13T04:11:15.389+0000][1][safepoint    ] Entering safepoint region: RevokeBias
[2022-06-13T04:11:15.390+0000][1][safepoint    ] Leaving safepoint region
[2022-06-13T04:11:15.390+0000][1][safepoint    ] Total time for which application threads were stopped: 0.0015890 seconds, Stopping threads took: 0.0012627 seconds
[2022-06-13T04:11:15.399+0000][1][safepoint    ] Application time: 0.0086182 seconds
[2022-06-13T04:11:15.400+0000][1][safepoint    ] Entering safepoint region: RevokeBias
[2022-06-13T04:11:15.401+0000][1][safepoint    ] Leaving safepoint region
[2022-06-13T04:11:15.401+0000][1][safepoint    ] Total time for which application threads were stopped: 0.0004720 seconds, Stopping threads took: 0.0002367 seconds
[2022-06-13T04:11:15.401+0000][1][safepoint    ] Application time: 0.0000955 seconds
[2022-06-13T04:11:15.401+0000][1][safepoint    ] Entering safepoint region: RevokeBias
[2022-06-13T04:11:15.401+0000][1][safepoint    ] Leaving safepoint region
[2022-06-13T04:11:15.402+0000][1][safepoint    ] Total time for which application threads were stopped: 0.0006518 seconds, Stopping threads took: 0.0001179 seconds
[2022-06-13T04:11:15.402+0000][1][safepoint    ] Application time: 0.0000414 seconds
[2022-06-13T04:11:15.403+0000][1][safepoint    ] Entering safepoint region: RevokeBias
[2022-06-13T04:11:15.403+0000][1][safepoint    ] Leaving safepoint region
[2022-06-13T04:11:15.403+0000][1][safepoint    ] Total time for which application threads were stopped: 0.0006388 seconds, Stopping threads took: 0.0001715 seconds
[2022-06-13T04:11:15.404+0000][1][safepoint    ] Application time: 0.0000397 seconds
[2022-06-13T04:11:15.404+0000][1][safepoint    ] Entering safepoint region: RevokeBias
[2022-06-13T04:11:15.404+0000][1][safepoint    ] Leaving safepoint region
[2022-06-13T04:11:15.404+0000][1][safepoint    ] Total time for which application threads were stopped: 0.0003461 seconds, Stopping threads took: 0.0001589 seconds
[2022-06-13T04:11:15.404+0000][1][safepoint    ] Application time: 0.0000864 seconds
[2022-06-13T04:11:15.405+0000][1][safepoint    ] Entering safepoint region: RevokeBias
[2022-06-13T04:11:15.405+0000][1][safepoint    ] Leaving safepoint region
[2022-06-13T04:11:15.405+0000][1][safepoint    ] Total time for which application threads were stopped: 0.0003940 seconds, Stopping threads took: 0.0001883 seconds
[2022-06-13T04:11:15.405+0000][1][safepoint    ] Application time: 0.0000861 seconds
[2022-06-13T04:11:15.405+0000][1][safepoint    ] Entering safepoint region: RevokeBias
[2022-06-13T04:11:15.406+0000][1][safepoint    ] Leaving safepoint region
[2022-06-13T04:11:15.406+0000][1][safepoint    ] Total time for which application threads were stopped: 0.0003130 seconds, Stopping threads took: 0.0001553 seconds
[2022-06-13T04:11:15.406+0000][1][safepoint    ] Application time: 0.0000668 seconds
[2022-06-13T04:11:15.406+0000][1][safepoint    ] Entering safepoint region: BulkRevokeBias
[2022-06-13T04:11:15.406+0000][1][safepoint    ] Leaving safepoint region
[2022-06-13T04:11:15.406+0000][1][safepoint    ] Total time for which application threads were stopped: 0.0004073 seconds, Stopping threads took: 0.0001482 seconds
[2022-06-13T04:11:15.407+0000][1][safepoint    ] Application time: 0.0003028 seconds
[2022-06-13T04:11:15.407+0000][1][safepoint    ] Entering safepoint region: RevokeBias
[2022-06-13T04:11:15.407+0000][1][safepoint    ] Leaving safepoint region
[2022-06-13T04:11:15.407+0000][1][safepoint    ] Total time for which application threads were stopped: 0.0003202 seconds, Stopping threads took: 0.0001777 seconds
[2022-06-13T04:11:15.408+0000][1][safepoint    ] Application time: 0.0003718 seconds
[2022-06-13T04:11:15.408+0000][1][safepoint    ] Entering safepoint region: RevokeBias
[2022-06-13T04:11:15.408+0000][1][safepoint    ] Leaving safepoint region
[2022-06-13T04:11:15.408+0000][1][safepoint    ] Total time for which application threads were stopped: 0.0004663 seconds, Stopping threads took: 0.0001831 seconds
[2022-06-13T04:11:15.409+0000][1][safepoint    ] Application time: 0.0005004 seconds
[2022-06-13T04:11:15.409+0000][1][safepoint    ] Entering safepoint region: GenCollectForAllocation
[2022-06-13T04:11:15.409+0000][1][gc,start     ] GC(19) Pause Young (Allocation Failure)
[2022-06-13T04:11:15.410+0000][1][gc,task      ] GC(19) Using 5 workers of 13 for evacuation
[2022-06-13T04:11:15.420+0000][1][gc,age       ] GC(19) Desired survivor size 4456448 bytes, new threshold 2 (max threshold 6)
[2022-06-13T04:11:15.420+0000][1][gc,age       ] GC(19) Age table with threshold 2 (max threshold 6)
[2022-06-13T04:11:15.420+0000][1][gc,age       ] GC(19) - age   1:    3176336 bytes,    3176336 total
[2022-06-13T04:11:15.420+0000][1][gc,age       ] GC(19) - age   2:    3541592 bytes,    6717928 total
[2022-06-13T04:11:15.420+0000][1][gc,age       ] GC(19) - age   3:     399960 bytes,    7117888 total
[2022-06-13T04:11:15.421+0000][1][gc,heap      ] GC(19) ParNew: 74716K->8297K(78656K)
[2022-06-13T04:11:15.421+0000][1][gc,heap      ] GC(19) CMS: 55872K->55872K(174784K)
[2022-06-13T04:11:15.421+0000][1][gc,metaspace ] GC(19) Metaspace: 46983K->46983K(1091584K)
[2022-06-13T04:11:15.421+0000][1][gc           ] GC(19) Pause Young (Allocation Failure) 127M->62M(247M) 11.541ms
[2022-06-13T04:11:15.421+0000][1][gc,cpu       ] GC(19) User=0.01s Sys=0.02s Real=0.01s
[2022-06-13T04:11:15.421+0000][1][safepoint    ] Leaving safepoint region
[2022-06-13T04:11:15.421+0000][1][safepoint    ] Total time for which application threads were stopped: 0.0121679 seconds, Stopping threads took: 0.0001469 seconds
[2022-06-13T04:11:15.422+0000][1][safepoint    ] Application time: 0.0004321 seconds
[2022-06-13T04:11:15.422+0000][1][safepoint    ] Entering safepoint region: RevokeBias
[2022-06-13T04:11:15.422+0000][1][safepoint    ] Leaving safepoint region
[2022-06-13T04:11:15.423+0000][1][safepoint    ] Total time for which application threads were stopped: 0.0003351 seconds, Stopping threads took: 0.0001247 seconds
[2022-06-13T04:11:15.423+0000][1][safepoint    ] Application time: 0.0001217 seconds
[2022-06-13T04:11:15.423+0000][1][safepoint    ] Entering safepoint region: RevokeBias
[2022-06-13T04:11:15.423+0000][1][safepoint    ] Leaving safepoint region
[2022-06-13T04:11:15.423+0000][1][safepoint    ] Total time for which application threads were stopped: 0.0003827 seconds, Stopping threads took: 0.0001962 seconds
[2022-06-13T04:11:15.424+0000][1][safepoint    ] Application time: 0.0000924 seconds
[2022-06-13T04:11:15.426+0000][1][safepoint    ] Entering safepoint region: RevokeBias
[2022-06-13T04:11:15.428+0000][1][safepoint    ] Leaving safepoint region
[2022-06-13T04:11:15.429+0000][1][safepoint    ] Total time for which application threads were stopped: 0.0028784 seconds, Stopping threads took: 0.0025466 seconds
[2022-06-13T04:11:15.429+0000][1][safepoint    ] Application time: 0.0001377 seconds
[2022-06-13T04:11:15.429+0000][1][safepoint    ] Entering safepoint region: RevokeBias
[2022-06-13T04:11:15.429+0000][1][safepoint    ] Leaving safepoint region
[2022-06-13T04:11:15.429+0000][1][safepoint    ] Total time for which application threads were stopped: 0.0004250 seconds, Stopping threads took: 0.0002238 seconds
[2022-06-13T04:11:15.430+0000][1][safepoint    ] Application time: 0.0000965 seconds
[2022-06-13T04:11:15.430+0000][1][safepoint    ] Entering safepoint region: RevokeBias
[2022-06-13T04:11:15.431+0000][1][safepoint    ] Leaving safepoint region
[2022-06-13T04:11:15.431+0000][1][safepoint    ] Total time for which application threads were stopped: 0.0015150 seconds, Stopping threads took: 0.0008945 seconds
[2022-06-13T04:11:15.432+0000][1][safepoint    ] Application time: 0.0000517 seconds
[2022-06-13T04:11:15.432+0000][1][safepoint    ] Entering safepoint region: RevokeBias
[2022-06-13T04:11:15.432+0000][1][safepoint    ] Leaving safepoint region
[2022-06-13T04:11:15.432+0000][1][safepoint    ] Total time for which application threads were stopped: 0.0003916 seconds, Stopping threads took: 0.0001675 seconds
[2022-06-13T04:11:15.433+0000][1][safepoint    ] Application time: 0.0001255 seconds
[2022-06-13T04:11:15.433+0000][1][safepoint    ] Entering safepoint region: RevokeBias
[2022-06-13T04:11:15.435+0000][1][safepoint    ] Leaving safepoint region
[2022-06-13T04:11:15.435+0000][1][safepoint    ] Total time for which application threads were stopped: 0.0023659 seconds, Stopping threads took: 0.0019868 seconds
[2022-06-13T04:11:15.436+0000][1][safepoint    ] Application time: 0.0000699 seconds
[2022-06-13T04:11:15.436+0000][1][safepoint    ] Entering safepoint region: RevokeBias
[2022-06-13T04:11:15.436+0000][1][safepoint    ] Leaving safepoint region
[2022-06-13T04:11:15.436+0000][1][safepoint    ] Total time for which application threads were stopped: 0.0003860 seconds, Stopping threads took: 0.0001518 seconds
[2022-06-13T04:11:15.436+0000][1][safepoint    ] Application time: 0.0000697 seconds
[2022-06-13T04:11:15.436+0000][1][safepoint    ] Entering safepoint region: RevokeBias
[2022-06-13T04:11:15.437+0000][1][safepoint    ] Leaving safepoint region
[2022-06-13T04:11:15.437+0000][1][safepoint    ] Total time for which application threads were stopped: 0.0003681 seconds, Stopping threads took: 0.0001539 seconds
[2022-06-13T04:11:15.437+0000][1][safepoint    ] Application time: 0.0000728 seconds
[2022-06-13T04:11:15.437+0000][1][safepoint    ] Entering safepoint region: RevokeBias
[2022-06-13T04:11:15.438+0000][1][safepoint    ] Leaving safepoint region
[2022-06-13T04:11:15.439+0000][1][safepoint    ] Total time for which application threads were stopped: 0.0015979 seconds, Stopping threads took: 0.0005461 seconds
[2022-06-13T04:11:15.445+0000][1][safepoint    ] Application time: 0.0063765 seconds
[2022-06-13T04:11:15.446+0000][1][safepoint    ] Entering safepoint region: RevokeBias
[2022-06-13T04:11:15.448+0000][1][safepoint    ] Leaving safepoint region
[2022-06-13T04:11:15.449+0000][1][safepoint    ] Total time for which application threads were stopped: 0.0030772 seconds, Stopping threads took: 0.0027429 seconds
[2022-06-13T04:11:15.449+0000][1][safepoint    ] Application time: 0.0000730 seconds
[2022-06-13T04:11:15.450+0000][1][safepoint    ] Entering safepoint region: RevokeBias
[2022-06-13T04:11:15.450+0000][1][safepoint    ] Leaving safepoint region
[2022-06-13T04:11:15.451+0000][1][safepoint    ] Total time for which application threads were stopped: 0.0005001 seconds, Stopping threads took: 0.0002650 seconds
[2022-06-13T04:11:15.451+0000][1][safepoint    ] Application time: 0.0000578 seconds
[2022-06-13T04:11:15.451+0000][1][safepoint    ] Entering safepoint region: RevokeBias
[2022-06-13T04:11:15.451+0000][1][safepoint    ] Leaving safepoint region
[2022-06-13T04:11:15.451+0000][1][safepoint    ] Total time for which application threads were stopped: 0.0004042 seconds, Stopping threads took: 0.0001798 seconds
[2022-06-13T04:11:15.451+0000][1][safepoint    ] Application time: 0.0000542 seconds
[2022-06-13T04:11:15.452+0000][1][safepoint    ] Entering safepoint region: BulkRevokeBias
[2022-06-13T04:11:15.452+0000][1][safepoint    ] Leaving safepoint region
[2022-06-13T04:11:15.452+0000][1][safepoint    ] Total time for which application threads were stopped: 0.0005044 seconds, Stopping threads took: 0.0002157 seconds
[2022-06-13T04:11:15.453+0000][1][safepoint    ] Application time: 0.0005593 seconds
[2022-06-13T04:11:15.455+0000][1][safepoint    ] Entering safepoint region: RevokeBias
[2022-06-13T04:11:15.455+0000][1][safepoint    ] Leaving safepoint region
[2022-06-13T04:11:15.456+0000][1][safepoint    ] Total time for which application threads were stopped: 0.0005497 seconds, Stopping threads took: 0.0002583 seconds
[2022-06-13T04:11:15.456+0000][1][safepoint    ] Application time: 0.0002278 seconds
[2022-06-13T04:11:15.456+0000][1][safepoint    ] Entering safepoint region: RevokeBias
[2022-06-13T04:11:15.457+0000][1][safepoint    ] Leaving safepoint region
[2022-06-13T04:11:15.457+0000][1][safepoint    ] Total time for which application threads were stopped: 0.0006700 seconds, Stopping threads took: 0.0004798 seconds
[2022-06-13T04:11:15.457+0000][1][safepoint    ] Application time: 0.0004297 seconds
[2022-06-13T04:11:15.458+0000][1][safepoint    ] Entering safepoint region: RevokeBias
[2022-06-13T04:11:15.458+0000][1][safepoint    ] Leaving safepoint region
[2022-06-13T04:11:15.458+0000][1][safepoint    ] Total time for which application threads were stopped: 0.0003812 seconds, Stopping threads took: 0.0001938 seconds
[2022-06-13T04:11:15.460+0000][1][safepoint    ] Application time: 0.0017560 seconds
[2022-06-13T04:11:15.460+0000][1][safepoint    ] Entering safepoint region: RevokeBias
[2022-06-13T04:11:15.460+0000][1][safepoint    ] Leaving safepoint region
[2022-06-13T04:11:15.460+0000][1][safepoint    ] Total time for which application threads were stopped: 0.0004076 seconds, Stopping threads took: 0.0001499 seconds
[2022-06-13T04:11:15.466+0000][1][safepoint    ] Application time: 0.0001601 seconds
[2022-06-13T04:11:15.467+0000][1][safepoint    ] Entering safepoint region: RevokeBias
[2022-06-13T04:11:15.467+0000][1][safepoint    ] Leaving safepoint region
[2022-06-13T04:11:15.467+0000][1][safepoint    ] Total time for which application threads were stopped: 0.0004034 seconds, Stopping threads took: 0.0001934 seconds
[2022-06-13T04:11:15.468+0000][1][safepoint    ] Application time: 0.0009199 seconds
[2022-06-13T04:11:15.469+0000][1][safepoint    ] Entering safepoint region: RevokeBias
[2022-06-13T04:11:15.470+0000][1][safepoint    ] Leaving safepoint region
[2022-06-13T04:11:15.470+0000][1][safepoint    ] Total time for which application threads were stopped: 0.0018032 seconds, Stopping threads took: 0.0015573 seconds
[2022-06-13T04:11:15.479+0000][1][safepoint    ] Application time: 0.0086305 seconds
[2022-06-13T04:11:15.482+0000][1][safepoint    ] Entering safepoint region: RevokeBias
[2022-06-13T04:11:15.482+0000][1][safepoint    ] Leaving safepoint region
[2022-06-13T04:11:15.482+0000][1][safepoint    ] Total time for which application threads were stopped: 0.0009594 seconds, Stopping threads took: 0.0007201 seconds
[2022-06-13T04:11:15.483+0000][1][safepoint    ] Application time: 0.0000627 seconds
[2022-06-13T04:11:15.483+0000][1][safepoint    ] Entering safepoint region: RevokeBias
[2022-06-13T04:11:15.483+0000][1][safepoint    ] Leaving safepoint region
[2022-06-13T04:11:15.485+0000][1][safepoint    ] Total time for which application threads were stopped: 0.0023406 seconds, Stopping threads took: 0.0002483 seconds
[2022-06-13T04:11:15.487+0000][1][safepoint    ] Application time: 0.0012899 seconds
[2022-06-13T04:11:15.487+0000][1][safepoint    ] Entering safepoint region: RevokeBias
[2022-06-13T04:11:15.487+0000][1][safepoint    ] Leaving safepoint region
[2022-06-13T04:11:15.487+0000][1][safepoint    ] Total time for which application threads were stopped: 0.0004584 seconds, Stopping threads took: 0.0002012 seconds
[2022-06-13T04:11:15.683+0000][1][safepoint    ] Application time: 0.1953645 seconds
[2022-06-13T04:11:15.683+0000][1][safepoint    ] Entering safepoint region: RevokeBias
[2022-06-13T04:11:15.683+0000][1][safepoint    ] Leaving safepoint region
[2022-06-13T04:11:15.683+0000][1][safepoint    ] Total time for which application threads were stopped: 0.0003919 seconds, Stopping threads took: 0.0001649 seconds
[2022-06-13T04:11:15.873+0000][1][safepoint    ] Application time: 0.1894303 seconds
[2022-06-13T04:11:15.873+0000][1][safepoint    ] Entering safepoint region: RevokeBias
[2022-06-13T04:11:15.874+0000][1][safepoint    ] Leaving safepoint region
[2022-06-13T04:11:15.874+0000][1][safepoint    ] Total time for which application threads were stopped: 0.0007218 seconds, Stopping threads took: 0.0001609 seconds
[2022-06-13T04:11:15.926+0000][1][safepoint    ] Application time: 0.0515875 seconds
[2022-06-13T04:11:15.926+0000][1][safepoint    ] Entering safepoint region: GenCollectForAllocation
[2022-06-13T04:11:15.927+0000][1][gc,start     ] GC(20) Pause Young (Allocation Failure)
[2022-06-13T04:11:15.927+0000][1][gc,task      ] GC(20) Using 5 workers of 13 for evacuation
[2022-06-13T04:11:15.934+0000][1][gc,age       ] GC(20) Desired survivor size 4456448 bytes, new threshold 2 (max threshold 6)
[2022-06-13T04:11:15.934+0000][1][gc,age       ] GC(20) Age table with threshold 2 (max threshold 6)
[2022-06-13T04:11:15.934+0000][1][gc,age       ] GC(20) - age   1:    1470392 bytes,    1470392 total
[2022-06-13T04:11:15.934+0000][1][gc,age       ] GC(20) - age   2:    3117288 bytes,    4587680 total
[2022-06-13T04:11:15.934+0000][1][gc,heap      ] GC(20) ParNew: 78249K->7293K(78656K)
[2022-06-13T04:11:15.934+0000][1][gc,heap      ] GC(20) CMS: 55872K->59820K(174784K)
[2022-06-13T04:11:15.935+0000][1][gc,metaspace ] GC(20) Metaspace: 53854K->53854K(1097728K)
[2022-06-13T04:11:15.935+0000][1][gc           ] GC(20) Pause Young (Allocation Failure) 130M->65M(247M) 7.988ms
[2022-06-13T04:11:15.935+0000][1][gc,cpu       ] GC(20) User=0.04s Sys=0.00s Real=0.01s
[2022-06-13T04:11:15.935+0000][1][safepoint    ] Leaving safepoint region
[2022-06-13T04:11:15.935+0000][1][safepoint    ] Total time for which application threads were stopped: 0.0089382 seconds, Stopping threads took: 0.0001359 seconds
[2022-06-13T04:11:15.978+0000][1][safepoint    ] Application time: 0.0429572 seconds
[2022-06-13T04:11:15.978+0000][1][safepoint    ] Entering safepoint region: RevokeBias
[2022-06-13T04:11:15.978+0000][1][safepoint    ] Leaving safepoint region
[2022-06-13T04:11:15.979+0000][1][safepoint    ] Total time for which application threads were stopped: 0.0003193 seconds, Stopping threads took: 0.0001316 seconds
[2022-06-13T04:11:16.039+0000][1][safepoint    ] Application time: 0.0599527 seconds
[2022-06-13T04:11:16.039+0000][1][safepoint    ] Entering safepoint region: RevokeBias
[2022-06-13T04:11:16.039+0000][1][safepoint    ] Leaving safepoint region
[2022-06-13T04:11:16.039+0000][1][safepoint    ] Total time for which application threads were stopped: 0.0004566 seconds, Stopping threads took: 0.0001769 seconds
[2022-06-13T04:11:16.040+0000][1][safepoint    ] Application time: 0.0000864 seconds
[2022-06-13T04:11:16.040+0000][1][safepoint    ] Entering safepoint region: RevokeBias
[2022-06-13T04:11:16.040+0000][1][safepoint    ] Leaving safepoint region
[2022-06-13T04:11:16.040+0000][1][safepoint    ] Total time for which application threads were stopped: 0.0003594 seconds, Stopping threads took: 0.0001825 seconds
[2022-06-13T04:11:16.040+0000][1][safepoint    ] Application time: 0.0001933 seconds
[2022-06-13T04:11:16.041+0000][1][safepoint    ] Entering safepoint region: RevokeBias
[2022-06-13T04:11:16.041+0000][1][safepoint    ] Leaving safepoint region
[2022-06-13T04:11:16.041+0000][1][safepoint    ] Total time for which application threads were stopped: 0.0003109 seconds, Stopping threads took: 0.0001490 seconds
[2022-06-13T04:11:16.043+0000][1][safepoint    ] Application time: 0.0023398 seconds
[2022-06-13T04:11:16.044+0000][1][safepoint    ] Entering safepoint region: RevokeBias
[2022-06-13T04:11:16.044+0000][1][safepoint    ] Leaving safepoint region
[2022-06-13T04:11:16.044+0000][1][safepoint    ] Total time for which application threads were stopped: 0.0003101 seconds, Stopping threads took: 0.0001420 seconds
[2022-06-13T04:11:16.150+0000][1][safepoint    ] Application time: 0.1055577 seconds
[2022-06-13T04:11:16.150+0000][1][safepoint    ] Entering safepoint region: RevokeBias
[2022-06-13T04:11:16.151+0000][1][safepoint    ] Leaving safepoint region
[2022-06-13T04:11:16.151+0000][1][safepoint    ] Total time for which application threads were stopped: 0.0013326 seconds, Stopping threads took: 0.0001092 seconds
[2022-06-13T04:11:16.194+0000][1][safepoint    ] Application time: 0.0426646 seconds
[2022-06-13T04:11:16.194+0000][1][safepoint    ] Entering safepoint region: Deoptimize
[2022-06-13T04:11:16.195+0000][1][safepoint    ] Leaving safepoint region
[2022-06-13T04:11:16.195+0000][1][safepoint    ] Total time for which application threads were stopped: 0.0009185 seconds, Stopping threads took: 0.0002426 seconds
[2022-06-13T04:11:16.200+0000][1][safepoint    ] Application time: 0.0049538 seconds
[2022-06-13T04:11:16.201+0000][1][safepoint    ] Entering safepoint region: RevokeBias
[2022-06-13T04:11:16.201+0000][1][safepoint    ] Leaving safepoint region
[2022-06-13T04:11:16.201+0000][1][safepoint    ] Total time for which application threads were stopped: 0.0004157 seconds, Stopping threads took: 0.0002222 seconds
[2022-06-13T04:11:16.329+0000][1][safepoint    ] Application time: 0.1275542 seconds
[2022-06-13T04:11:16.329+0000][1][safepoint    ] Entering safepoint region: RevokeBias
[2022-06-13T04:11:16.329+0000][1][safepoint    ] Leaving safepoint region
[2022-06-13T04:11:16.329+0000][1][safepoint    ] Total time for which application threads were stopped: 0.0004268 seconds, Stopping threads took: 0.0001437 seconds
[2022-06-13T04:11:16.514+0000][1][safepoint    ] Application time: 0.1848417 seconds
[2022-06-13T04:11:16.514+0000][1][safepoint    ] Entering safepoint region: RevokeBias
[2022-06-13T04:11:16.515+0000][1][safepoint    ] Leaving safepoint region
[2022-06-13T04:11:16.515+0000][1][safepoint    ] Total time for which application threads were stopped: 0.0003881 seconds, Stopping threads took: 0.0001488 seconds
[2022-06-13T04:11:16.515+0000][1][safepoint    ] Application time: 0.0000802 seconds
[2022-06-13T04:11:16.515+0000][1][safepoint    ] Entering safepoint region: RevokeBias
[2022-06-13T04:11:16.515+0000][1][safepoint    ] Leaving safepoint region
[2022-06-13T04:11:16.515+0000][1][safepoint    ] Total time for which application threads were stopped: 0.0002685 seconds, Stopping threads took: 0.0001141 seconds
[2022-06-13T04:11:16.650+0000][1][safepoint    ] Application time: 0.1346001 seconds
[2022-06-13T04:11:16.650+0000][1][safepoint    ] Entering safepoint region: RevokeBias
[2022-06-13T04:11:16.651+0000][1][safepoint    ] Leaving safepoint region
[2022-06-13T04:11:16.651+0000][1][safepoint    ] Total time for which application threads were stopped: 0.0003453 seconds, Stopping threads took: 0.0001375 seconds
[2022-06-13T04:11:16.687+0000][1][safepoint    ] Application time: 0.0359537 seconds
[2022-06-13T04:11:16.687+0000][1][safepoint    ] Entering safepoint region: Deoptimize
[2022-06-13T04:11:16.688+0000][1][safepoint    ] Leaving safepoint region
[2022-06-13T04:11:16.688+0000][1][safepoint    ] Total time for which application threads were stopped: 0.0009048 seconds, Stopping threads took: 0.0001777 seconds
[2022-06-13T04:11:16.700+0000][1][safepoint    ] Application time: 0.0115270 seconds
[2022-06-13T04:11:16.701+0000][1][safepoint    ] Entering safepoint region: RevokeBias
[2022-06-13T04:11:16.701+0000][1][safepoint    ] Leaving safepoint region
[2022-06-13T04:11:16.701+0000][1][safepoint    ] Total time for which application threads were stopped: 0.0004810 seconds, Stopping threads took: 0.0002324 seconds
[2022-06-13T04:11:16.704+0000][1][safepoint    ] Application time: 0.0025090 seconds
[2022-06-13T04:11:16.705+0000][1][safepoint    ] Entering safepoint region: RevokeBias
[2022-06-13T04:11:16.705+0000][1][safepoint    ] Leaving safepoint region
[2022-06-13T04:11:16.705+0000][1][safepoint    ] Total time for which application threads were stopped: 0.0006444 seconds, Stopping threads took: 0.0004175 seconds
[2022-06-13T04:11:16.707+0000][1][safepoint    ] Application time: 0.0012814 seconds
[2022-06-13T04:11:16.707+0000][1][safepoint    ] Entering safepoint region: RevokeBias
[2022-06-13T04:11:16.707+0000][1][safepoint    ] Leaving safepoint region
[2022-06-13T04:11:16.707+0000][1][safepoint    ] Total time for which application threads were stopped: 0.0004756 seconds, Stopping threads took: 0.0001548 seconds
[2022-06-13T04:11:16.708+0000][1][safepoint    ] Application time: 0.0006436 seconds
[2022-06-13T04:11:16.708+0000][1][safepoint    ] Entering safepoint region: RevokeBias
[2022-06-13T04:11:16.708+0000][1][safepoint    ] Leaving safepoint region
[2022-06-13T04:11:16.708+0000][1][safepoint    ] Total time for which application threads were stopped: 0.0003297 seconds, Stopping threads took: 0.0001537 seconds
[2022-06-13T04:11:16.709+0000][1][safepoint    ] Application time: 0.0000744 seconds
[2022-06-13T04:11:16.709+0000][1][safepoint    ] Entering safepoint region: RevokeBias
[2022-06-13T04:11:16.709+0000][1][safepoint    ] Leaving safepoint region
[2022-06-13T04:11:16.709+0000][1][safepoint    ] Total time for which application threads were stopped: 0.0002139 seconds, Stopping threads took: 0.0000889 seconds
[2022-06-13T04:11:16.709+0000][1][safepoint    ] Application time: 0.0001272 seconds
[2022-06-13T04:11:16.709+0000][1][safepoint    ] Entering safepoint region: RevokeBias
[2022-06-13T04:11:16.709+0000][1][safepoint    ] Leaving safepoint region
[2022-06-13T04:11:16.709+0000][1][safepoint    ] Total time for which application threads were stopped: 0.0002213 seconds, Stopping threads took: 0.0001015 seconds
[2022-06-13T04:11:16.710+0000][1][safepoint    ] Application time: 0.0001994 seconds
[2022-06-13T04:11:16.710+0000][1][safepoint    ] Entering safepoint region: RevokeBias
[2022-06-13T04:11:16.710+0000][1][safepoint    ] Leaving safepoint region
[2022-06-13T04:11:16.710+0000][1][safepoint    ] Total time for which application threads were stopped: 0.0002320 seconds, Stopping threads took: 0.0001117 seconds
[2022-06-13T04:11:16.710+0000][1][safepoint    ] Application time: 0.0002249 seconds
[2022-06-13T04:11:16.711+0000][1][safepoint    ] Entering safepoint region: RevokeBias
[2022-06-13T04:11:16.711+0000][1][safepoint    ] Leaving safepoint region
[2022-06-13T04:11:16.711+0000][1][safepoint    ] Total time for which application threads were stopped: 0.0002003 seconds, Stopping threads took: 0.0000908 seconds
[2022-06-13T04:11:16.711+0000][1][safepoint    ] Application time: 0.0002312 seconds
[2022-06-13T04:11:16.711+0000][1][safepoint    ] Entering safepoint region: RevokeBias
[2022-06-13T04:11:16.711+0000][1][safepoint    ] Leaving safepoint region
[2022-06-13T04:11:16.711+0000][1][safepoint    ] Total time for which application threads were stopped: 0.0002165 seconds, Stopping threads took: 0.0000936 seconds
[2022-06-13T04:11:16.712+0000][1][safepoint    ] Application time: 0.0006884 seconds
[2022-06-13T04:11:16.712+0000][1][safepoint    ] Entering safepoint region: RevokeBias
[2022-06-13T04:11:16.713+0000][1][safepoint    ] Leaving safepoint region
[2022-06-13T04:11:16.713+0000][1][safepoint    ] Total time for which application threads were stopped: 0.0003426 seconds, Stopping threads took: 0.0001548 seconds
[2022-06-13T04:11:16.714+0000][1][safepoint    ] Application time: 0.0007463 seconds
[2022-06-13T04:11:16.714+0000][1][safepoint    ] Entering safepoint region: BulkRevokeBias
[2022-06-13T04:11:16.714+0000][1][safepoint    ] Leaving safepoint region
[2022-06-13T04:11:16.714+0000][1][safepoint    ] Total time for which application threads were stopped: 0.0003635 seconds, Stopping threads took: 0.0001475 seconds
[2022-06-13T04:11:16.719+0000][1][safepoint    ] Application time: 0.0047254 seconds
[2022-06-13T04:11:16.719+0000][1][safepoint    ] Entering safepoint region: RevokeBias
[2022-06-13T04:11:16.720+0000][1][safepoint    ] Leaving safepoint region
[2022-06-13T04:11:16.720+0000][1][safepoint    ] Total time for which application threads were stopped: 0.0006563 seconds, Stopping threads took: 0.0004285 seconds
[2022-06-13T04:11:16.722+0000][1][safepoint    ] Application time: 0.0013688 seconds
[2022-06-13T04:11:16.722+0000][1][safepoint    ] Entering safepoint region: RevokeBias
[2022-06-13T04:11:16.722+0000][1][safepoint    ] Leaving safepoint region
[2022-06-13T04:11:16.722+0000][1][safepoint    ] Total time for which application threads were stopped: 0.0003348 seconds, Stopping threads took: 0.0001431 seconds
[2022-06-13T04:11:16.722+0000][1][safepoint    ] Application time: 0.0001577 seconds
[2022-06-13T04:11:16.723+0000][1][safepoint    ] Entering safepoint region: RevokeBias
[2022-06-13T04:11:16.723+0000][1][safepoint    ] Leaving safepoint region
[2022-06-13T04:11:16.723+0000][1][safepoint    ] Total time for which application threads were stopped: 0.0003315 seconds, Stopping threads took: 0.0001337 seconds
[2022-06-13T04:11:16.726+0000][1][safepoint    ] Application time: 0.0027158 seconds
[2022-06-13T04:11:16.726+0000][1][safepoint    ] Entering safepoint region: Deoptimize
[2022-06-13T04:11:16.727+0000][1][safepoint    ] Leaving safepoint region
[2022-06-13T04:11:16.727+0000][1][safepoint    ] Total time for which application threads were stopped: 0.0008874 seconds, Stopping threads took: 0.0001580 seconds
[2022-06-13T04:11:16.728+0000][1][safepoint    ] Application time: 0.0003816 seconds
[2022-06-13T04:11:16.728+0000][1][safepoint    ] Entering safepoint region: RevokeBias
[2022-06-13T04:11:16.728+0000][1][safepoint    ] Leaving safepoint region
[2022-06-13T04:11:16.728+0000][1][safepoint    ] Total time for which application threads were stopped: 0.0002986 seconds, Stopping threads took: 0.0001388 seconds
[2022-06-13T04:11:16.728+0000][1][safepoint    ] Application time: 0.0001421 seconds
[2022-06-13T04:11:16.728+0000][1][safepoint    ] Entering safepoint region: RevokeBias
[2022-06-13T04:11:16.728+0000][1][safepoint    ] Leaving safepoint region
[2022-06-13T04:11:16.729+0000][1][safepoint    ] Total time for which application threads were stopped: 0.0002509 seconds, Stopping threads took: 0.0001114 seconds
[2022-06-13T04:11:16.734+0000][1][safepoint    ] Application time: 0.0048175 seconds
[2022-06-13T04:11:16.734+0000][1][safepoint    ] Entering safepoint region: GenCollectForAllocation
[2022-06-13T04:11:16.734+0000][1][gc,start     ] GC(21) Pause Young (Allocation Failure)
[2022-06-13T04:11:16.734+0000][1][gc,task      ] GC(21) Using 5 workers of 13 for evacuation
[2022-06-13T04:11:16.744+0000][1][gc,age       ] GC(21) Desired survivor size 4456448 bytes, new threshold 2 (max threshold 6)
[2022-06-13T04:11:16.745+0000][1][gc,age       ] GC(21) Age table with threshold 2 (max threshold 6)
[2022-06-13T04:11:16.745+0000][1][gc,age       ] GC(21) - age   1:    3942616 bytes,    3942616 total
[2022-06-13T04:11:16.745+0000][1][gc,age       ] GC(21) - age   2:    1360232 bytes,    5302848 total
[2022-06-13T04:11:16.745+0000][1][gc,heap      ] GC(21) ParNew: 77245K->5852K(78656K)
[2022-06-13T04:11:16.745+0000][1][gc,heap      ] GC(21) CMS: 59820K->62932K(174784K)
[2022-06-13T04:11:16.746+0000][1][gc,metaspace ] GC(21) Metaspace: 62339K->62339K(1105920K)
[2022-06-13T04:11:16.746+0000][1][gc           ] GC(21) Pause Young (Allocation Failure) 133M->67M(247M) 11.654ms
[2022-06-13T04:11:16.746+0000][1][gc,cpu       ] GC(21) User=0.04s Sys=0.00s Real=0.01s
[2022-06-13T04:11:16.746+0000][1][safepoint    ] Leaving safepoint region
[2022-06-13T04:11:16.746+0000][1][safepoint    ] Total time for which application threads were stopped: 0.0123330 seconds, Stopping threads took: 0.0001448 seconds
[2022-06-13T04:11:16.750+0000][1][safepoint    ] Application time: 0.0034163 seconds
[2022-06-13T04:11:16.750+0000][1][safepoint    ] Entering safepoint region: RevokeBias
[2022-06-13T04:11:16.750+0000][1][safepoint    ] Leaving safepoint region
[2022-06-13T04:11:16.750+0000][1][safepoint    ] Total time for which application threads were stopped: 0.0002794 seconds, Stopping threads took: 0.0001488 seconds
[2022-06-13T04:11:16.761+0000][1][safepoint    ] Application time: 0.0108913 seconds
[2022-06-13T04:11:16.762+0000][1][safepoint    ] Entering safepoint region: RevokeBias
[2022-06-13T04:11:16.762+0000][1][safepoint    ] Leaving safepoint region
[2022-06-13T04:11:16.762+0000][1][safepoint    ] Total time for which application threads were stopped: 0.0003581 seconds, Stopping threads took: 0.0001769 seconds
[2022-06-13T04:11:16.762+0000][1][safepoint    ] Application time: 0.0000855 seconds
[2022-06-13T04:11:16.762+0000][1][safepoint    ] Entering safepoint region: RevokeBias
[2022-06-13T04:11:16.762+0000][1][safepoint    ] Leaving safepoint region
[2022-06-13T04:11:16.762+0000][1][safepoint    ] Total time for which application threads were stopped: 0.0002598 seconds, Stopping threads took: 0.0001272 seconds
[2022-06-13T04:11:16.763+0000][1][safepoint    ] Application time: 0.0003363 seconds
[2022-06-13T04:11:16.763+0000][1][safepoint    ] Entering safepoint region: RevokeBias
[2022-06-13T04:11:16.763+0000][1][safepoint    ] Leaving safepoint region
[2022-06-13T04:11:16.763+0000][1][safepoint    ] Total time for which application threads were stopped: 0.0004083 seconds, Stopping threads took: 0.0002203 seconds
[2022-06-13T04:11:16.764+0000][1][safepoint    ] Application time: 0.0001070 seconds
[2022-06-13T04:11:16.764+0000][1][safepoint    ] Entering safepoint region: RevokeBias
[2022-06-13T04:11:16.764+0000][1][safepoint    ] Leaving safepoint region
[2022-06-13T04:11:16.764+0000][1][safepoint    ] Total time for which application threads were stopped: 0.0003376 seconds, Stopping threads took: 0.0001724 seconds
[2022-06-13T04:11:16.765+0000][1][safepoint    ] Application time: 0.0011971 seconds
[2022-06-13T04:11:16.766+0000][1][safepoint    ] Entering safepoint region: RevokeBias
[2022-06-13T04:11:16.766+0000][1][safepoint    ] Leaving safepoint region
[2022-06-13T04:11:16.766+0000][1][safepoint    ] Total time for which application threads were stopped: 0.0003799 seconds, Stopping threads took: 0.0002281 seconds
[2022-06-13T04:11:16.766+0000][1][safepoint    ] Application time: 0.0001441 seconds
[2022-06-13T04:11:16.767+0000][1][safepoint    ] Entering safepoint region: RevokeBias
[2022-06-13T04:11:16.767+0000][1][safepoint    ] Leaving safepoint region
[2022-06-13T04:11:16.767+0000][1][safepoint    ] Total time for which application threads were stopped: 0.0003174 seconds, Stopping threads took: 0.0001712 seconds
[2022-06-13T04:11:16.767+0000][1][safepoint    ] Application time: 0.0004082 seconds
[2022-06-13T04:11:16.768+0000][1][safepoint    ] Entering safepoint region: RevokeBias
[2022-06-13T04:11:16.768+0000][1][safepoint    ] Leaving safepoint region
[2022-06-13T04:11:16.768+0000][1][safepoint    ] Total time for which application threads were stopped: 0.0003952 seconds, Stopping threads took: 0.0002117 seconds
[2022-06-13T04:11:16.768+0000][1][safepoint    ] Application time: 0.0001069 seconds
[2022-06-13T04:11:16.768+0000][1][safepoint    ] Entering safepoint region: RevokeBias
[2022-06-13T04:11:16.769+0000][1][safepoint    ] Leaving safepoint region
[2022-06-13T04:11:16.769+0000][1][safepoint    ] Total time for which application threads were stopped: 0.0003762 seconds, Stopping threads took: 0.0002003 seconds
[2022-06-13T04:11:16.769+0000][1][safepoint    ] Application time: 0.0003706 seconds
[2022-06-13T04:11:16.769+0000][1][safepoint    ] Entering safepoint region: RevokeBias
[2022-06-13T04:11:16.770+0000][1][safepoint    ] Leaving safepoint region
[2022-06-13T04:11:16.770+0000][1][safepoint    ] Total time for which application threads were stopped: 0.0003387 seconds, Stopping threads took: 0.0001946 seconds
[2022-06-13T04:11:16.770+0000][1][safepoint    ] Application time: 0.0001052 seconds
[2022-06-13T04:11:16.770+0000][1][safepoint    ] Entering safepoint region: RevokeBias
[2022-06-13T04:11:16.770+0000][1][safepoint    ] Leaving safepoint region
[2022-06-13T04:11:16.770+0000][1][safepoint    ] Total time for which application threads were stopped: 0.0003544 seconds, Stopping threads took: 0.0001980 seconds
[2022-06-13T04:11:16.771+0000][1][safepoint    ] Application time: 0.0001261 seconds
[2022-06-13T04:11:16.771+0000][1][safepoint    ] Entering safepoint region: RevokeBias
[2022-06-13T04:11:16.771+0000][1][safepoint    ] Leaving safepoint region
[2022-06-13T04:11:16.771+0000][1][safepoint    ] Total time for which application threads were stopped: 0.0003117 seconds, Stopping threads took: 0.0001647 seconds
[2022-06-13T04:11:16.771+0000][1][safepoint    ] Application time: 0.0003005 seconds
[2022-06-13T04:11:16.772+0000][1][safepoint    ] Entering safepoint region: RevokeBias
[2022-06-13T04:11:16.772+0000][1][safepoint    ] Leaving safepoint region
[2022-06-13T04:11:16.772+0000][1][safepoint    ] Total time for which application threads were stopped: 0.0002518 seconds, Stopping threads took: 0.0001301 seconds
[2022-06-13T04:11:16.772+0000][1][safepoint    ] Application time: 0.0000794 seconds
[2022-06-13T04:11:16.772+0000][1][safepoint    ] Entering safepoint region: RevokeBias
[2022-06-13T04:11:16.772+0000][1][safepoint    ] Leaving safepoint region
[2022-06-13T04:11:16.773+0000][1][safepoint    ] Total time for which application threads were stopped: 0.0004265 seconds, Stopping threads took: 0.0002852 seconds
[2022-06-13T04:11:16.773+0000][1][safepoint    ] Application time: 0.0005445 seconds
[2022-06-13T04:11:16.773+0000][1][safepoint    ] Entering safepoint region: RevokeBias
[2022-06-13T04:11:16.774+0000][1][safepoint    ] Leaving safepoint region
[2022-06-13T04:11:16.774+0000][1][safepoint    ] Total time for which application threads were stopped: 0.0003307 seconds, Stopping threads took: 0.0001965 seconds
[2022-06-13T04:11:16.774+0000][1][safepoint    ] Application time: 0.0001810 seconds
[2022-06-13T04:11:16.774+0000][1][safepoint    ] Entering safepoint region: RevokeBias
[2022-06-13T04:11:16.774+0000][1][safepoint    ] Leaving safepoint region
[2022-06-13T04:11:16.775+0000][1][safepoint    ] Total time for which application threads were stopped: 0.0004612 seconds, Stopping threads took: 0.0001985 seconds
[2022-06-13T04:11:16.775+0000][1][safepoint    ] Application time: 0.0001240 seconds
[2022-06-13T04:11:16.775+0000][1][safepoint    ] Entering safepoint region: RevokeBias
[2022-06-13T04:11:16.775+0000][1][safepoint    ] Leaving safepoint region
[2022-06-13T04:11:16.775+0000][1][safepoint    ] Total time for which application threads were stopped: 0.0003331 seconds, Stopping threads took: 0.0001666 seconds
[2022-06-13T04:11:16.776+0000][1][safepoint    ] Application time: 0.0001172 seconds
[2022-06-13T04:11:16.776+0000][1][safepoint    ] Entering safepoint region: RevokeBias
[2022-06-13T04:11:16.776+0000][1][safepoint    ] Leaving safepoint region
[2022-06-13T04:11:16.776+0000][1][safepoint    ] Total time for which application threads were stopped: 0.0002885 seconds, Stopping threads took: 0.0001535 seconds
[2022-06-13T04:11:16.777+0000][1][safepoint    ] Application time: 0.0009226 seconds
[2022-06-13T04:11:16.777+0000][1][safepoint    ] Entering safepoint region: RevokeBias
[2022-06-13T04:11:16.777+0000][1][safepoint    ] Leaving safepoint region
[2022-06-13T04:11:16.777+0000][1][safepoint    ] Total time for which application threads were stopped: 0.0003399 seconds, Stopping threads took: 0.0001791 seconds
[2022-06-13T04:11:16.780+0000][1][safepoint    ] Application time: 0.0021836 seconds
[2022-06-13T04:11:16.780+0000][1][safepoint    ] Entering safepoint region: RevokeBias
[2022-06-13T04:11:16.780+0000][1][safepoint    ] Leaving safepoint region
[2022-06-13T04:11:16.780+0000][1][safepoint    ] Total time for which application threads were stopped: 0.0002428 seconds, Stopping threads took: 0.0001241 seconds
[2022-06-13T04:11:16.780+0000][1][safepoint    ] Application time: 0.0001908 seconds
[2022-06-13T04:11:16.781+0000][1][safepoint    ] Entering safepoint region: RevokeBias
[2022-06-13T04:11:16.781+0000][1][safepoint    ] Leaving safepoint region
[2022-06-13T04:11:16.781+0000][1][safepoint    ] Total time for which application threads were stopped: 0.0002716 seconds, Stopping threads took: 0.0001537 seconds
[2022-06-13T04:11:16.781+0000][1][safepoint    ] Application time: 0.0001025 seconds
[2022-06-13T04:11:16.781+0000][1][safepoint    ] Entering safepoint region: RevokeBias
[2022-06-13T04:11:16.781+0000][1][safepoint    ] Leaving safepoint region
[2022-06-13T04:11:16.781+0000][1][safepoint    ] Total time for which application threads were stopped: 0.0002671 seconds, Stopping threads took: 0.0001483 seconds
[2022-06-13T04:11:16.782+0000][1][safepoint    ] Application time: 0.0002025 seconds
[2022-06-13T04:11:16.782+0000][1][safepoint    ] Entering safepoint region: RevokeBias
[2022-06-13T04:11:16.782+0000][1][safepoint    ] Leaving safepoint region
[2022-06-13T04:11:16.782+0000][1][safepoint    ] Total time for which application threads were stopped: 0.0004078 seconds, Stopping threads took: 0.0002546 seconds
[2022-06-13T04:11:16.783+0000][1][safepoint    ] Application time: 0.0010990 seconds
[2022-06-13T04:11:16.784+0000][1][safepoint    ] Entering safepoint region: RevokeBias
[2022-06-13T04:11:16.784+0000][1][safepoint    ] Leaving safepoint region
[2022-06-13T04:11:16.784+0000][1][safepoint    ] Total time for which application threads were stopped: 0.0002177 seconds, Stopping threads took: 0.0000920 seconds
[2022-06-13T04:11:16.784+0000][1][safepoint    ] Application time: 0.0001185 seconds
[2022-06-13T04:11:16.784+0000][1][safepoint    ] Entering safepoint region: RevokeBias
[2022-06-13T04:11:16.784+0000][1][safepoint    ] Leaving safepoint region
[2022-06-13T04:11:16.784+0000][1][safepoint    ] Total time for which application threads were stopped: 0.0002420 seconds, Stopping threads took: 0.0001132 seconds
[2022-06-13T04:11:16.784+0000][1][safepoint    ] Application time: 0.0001077 seconds
[2022-06-13T04:11:16.785+0000][1][safepoint    ] Entering safepoint region: RevokeBias
[2022-06-13T04:11:16.785+0000][1][safepoint    ] Leaving safepoint region
[2022-06-13T04:11:16.785+0000][1][safepoint    ] Total time for which application threads were stopped: 0.0002444 seconds, Stopping threads took: 0.0001134 seconds
[2022-06-13T04:11:16.785+0000][1][safepoint    ] Application time: 0.0001205 seconds
[2022-06-13T04:11:16.785+0000][1][safepoint    ] Entering safepoint region: RevokeBias
[2022-06-13T04:11:16.785+0000][1][safepoint    ] Leaving safepoint region
[2022-06-13T04:11:16.785+0000][1][safepoint    ] Total time for which application threads were stopped: 0.0002066 seconds, Stopping threads took: 0.0000883 seconds
[2022-06-13T04:11:16.786+0000][1][safepoint    ] Application time: 0.0003649 seconds
[2022-06-13T04:11:16.786+0000][1][safepoint    ] Entering safepoint region: RevokeBias
[2022-06-13T04:11:16.786+0000][1][safepoint    ] Leaving safepoint region
[2022-06-13T04:11:16.786+0000][1][safepoint    ] Total time for which application threads were stopped: 0.0003042 seconds, Stopping threads took: 0.0001480 seconds
[2022-06-13T04:11:16.786+0000][1][safepoint    ] Application time: 0.0000729 seconds
[2022-06-13T04:11:16.787+0000][1][safepoint    ] Entering safepoint region: RevokeBias
[2022-06-13T04:11:16.787+0000][1][safepoint    ] Leaving safepoint region
[2022-06-13T04:11:16.787+0000][1][safepoint    ] Total time for which application threads were stopped: 0.0001876 seconds, Stopping threads took: 0.0000839 seconds
[2022-06-13T04:11:16.790+0000][1][safepoint    ] Application time: 0.0028994 seconds
[2022-06-13T04:11:16.790+0000][1][safepoint    ] Entering safepoint region: RevokeBias
[2022-06-13T04:11:16.790+0000][1][safepoint    ] Leaving safepoint region
[2022-06-13T04:11:16.790+0000][1][safepoint    ] Total time for which application threads were stopped: 0.0003861 seconds, Stopping threads took: 0.0002254 seconds
[2022-06-13T04:11:16.791+0000][1][safepoint    ] Application time: 0.0001025 seconds
[2022-06-13T04:11:16.791+0000][1][safepoint    ] Entering safepoint region: RevokeBias
[2022-06-13T04:11:16.791+0000][1][safepoint    ] Leaving safepoint region
[2022-06-13T04:11:16.791+0000][1][safepoint    ] Total time for which application threads were stopped: 0.0003774 seconds, Stopping threads took: 0.0001331 seconds
[2022-06-13T04:11:16.793+0000][1][safepoint    ] Application time: 0.0022924 seconds
[2022-06-13T04:11:16.794+0000][1][safepoint    ] Entering safepoint region: RevokeBias
[2022-06-13T04:11:16.794+0000][1][safepoint    ] Leaving safepoint region
[2022-06-13T04:11:16.794+0000][1][safepoint    ] Total time for which application threads were stopped: 0.0005046 seconds, Stopping threads took: 0.0001988 seconds
[2022-06-13T04:11:16.795+0000][1][safepoint    ] Application time: 0.0003116 seconds
[2022-06-13T04:11:16.795+0000][1][safepoint    ] Entering safepoint region: RevokeBias
[2022-06-13T04:11:16.795+0000][1][safepoint    ] Leaving safepoint region
[2022-06-13T04:11:16.795+0000][1][safepoint    ] Total time for which application threads were stopped: 0.0003490 seconds, Stopping threads took: 0.0001201 seconds
[2022-06-13T04:11:16.797+0000][1][safepoint    ] Application time: 0.0017812 seconds
[2022-06-13T04:11:16.797+0000][1][safepoint    ] Entering safepoint region: RevokeBias
[2022-06-13T04:11:16.797+0000][1][safepoint    ] Leaving safepoint region
[2022-06-13T04:11:16.798+0000][1][safepoint    ] Total time for which application threads were stopped: 0.0003604 seconds, Stopping threads took: 0.0001597 seconds
[2022-06-13T04:11:16.809+0000][1][safepoint    ] Application time: 0.0115797 seconds
[2022-06-13T04:11:16.810+0000][1][safepoint    ] Entering safepoint region: RevokeBias
[2022-06-13T04:11:16.810+0000][1][safepoint    ] Leaving safepoint region
[2022-06-13T04:11:16.810+0000][1][safepoint    ] Total time for which application threads were stopped: 0.0003546 seconds, Stopping threads took: 0.0001648 seconds
[2022-06-13T04:11:16.810+0000][1][safepoint    ] Application time: 0.0002152 seconds
[2022-06-13T04:11:16.811+0000][1][safepoint    ] Entering safepoint region: RevokeBias
[2022-06-13T04:11:16.811+0000][1][safepoint    ] Leaving safepoint region
[2022-06-13T04:11:16.811+0000][1][safepoint    ] Total time for which application threads were stopped: 0.0004831 seconds, Stopping threads took: 0.0002546 seconds
[2022-06-13T04:11:16.812+0000][1][safepoint    ] Application time: 0.0003728 seconds
[2022-06-13T04:11:16.812+0000][1][safepoint    ] Entering safepoint region: RevokeBias
[2022-06-13T04:11:16.812+0000][1][safepoint    ] Leaving safepoint region
[2022-06-13T04:11:16.812+0000][1][safepoint    ] Total time for which application threads were stopped: 0.0004188 seconds, Stopping threads took: 0.0001583 seconds
[2022-06-13T04:11:16.812+0000][1][safepoint    ] Application time: 0.0000735 seconds
[2022-06-13T04:11:16.813+0000][1][safepoint    ] Entering safepoint region: RevokeBias
[2022-06-13T04:11:16.813+0000][1][safepoint    ] Leaving safepoint region
[2022-06-13T04:11:16.813+0000][1][safepoint    ] Total time for which application threads were stopped: 0.0003501 seconds, Stopping threads took: 0.0001381 seconds
[2022-06-13T04:11:16.816+0000][1][safepoint    ] Application time: 0.0025989 seconds
[2022-06-13T04:11:16.816+0000][1][safepoint    ] Entering safepoint region: RevokeBias
[2022-06-13T04:11:16.816+0000][1][safepoint    ] Leaving safepoint region
[2022-06-13T04:11:16.816+0000][1][safepoint    ] Total time for which application threads were stopped: 0.0003943 seconds, Stopping threads took: 0.0001819 seconds
[2022-06-13T04:11:16.817+0000][1][safepoint    ] Application time: 0.0000846 seconds
[2022-06-13T04:11:16.817+0000][1][safepoint    ] Entering safepoint region: RevokeBias
[2022-06-13T04:11:16.817+0000][1][safepoint    ] Leaving safepoint region
[2022-06-13T04:11:16.817+0000][1][safepoint    ] Total time for which application threads were stopped: 0.0003568 seconds, Stopping threads took: 0.0001504 seconds
[2022-06-13T04:11:16.820+0000][1][safepoint    ] Application time: 0.0031790 seconds
[2022-06-13T04:11:16.821+0000][1][safepoint    ] Entering safepoint region: RevokeBias
[2022-06-13T04:11:16.821+0000][1][safepoint    ] Leaving safepoint region
[2022-06-13T04:11:16.821+0000][1][safepoint    ] Total time for which application threads were stopped: 0.0004417 seconds, Stopping threads took: 0.0002100 seconds
[2022-06-13T04:11:16.822+0000][1][safepoint    ] Application time: 0.0001956 seconds
[2022-06-13T04:11:16.822+0000][1][safepoint    ] Entering safepoint region: RevokeBias
[2022-06-13T04:11:16.828+0000][1][safepoint    ] Leaving safepoint region
[2022-06-13T04:11:16.828+0000][1][safepoint    ] Total time for which application threads were stopped: 0.0063853 seconds, Stopping threads took: 0.0059059 seconds
[2022-06-13T04:11:16.829+0000][1][safepoint    ] Application time: 0.0001031 seconds
[2022-06-13T04:11:16.829+0000][1][safepoint    ] Entering safepoint region: RevokeBias
[2022-06-13T04:11:16.829+0000][1][safepoint    ] Leaving safepoint region
[2022-06-13T04:11:16.829+0000][1][safepoint    ] Total time for which application threads were stopped: 0.0004579 seconds, Stopping threads took: 0.0001924 seconds
[2022-06-13T04:11:16.830+0000][1][safepoint    ] Application time: 0.0001156 seconds
[2022-06-13T04:11:16.830+0000][1][safepoint    ] Entering safepoint region: RevokeBias
[2022-06-13T04:11:16.830+0000][1][safepoint    ] Leaving safepoint region
[2022-06-13T04:11:16.830+0000][1][safepoint    ] Total time for which application threads were stopped: 0.0003493 seconds, Stopping threads took: 0.0001379 seconds
[2022-06-13T04:11:16.833+0000][1][safepoint    ] Application time: 0.0031402 seconds
[2022-06-13T04:11:16.834+0000][1][safepoint    ] Entering safepoint region: RevokeBias
[2022-06-13T04:11:16.834+0000][1][safepoint    ] Leaving safepoint region
[2022-06-13T04:11:16.834+0000][1][safepoint    ] Total time for which application threads were stopped: 0.0004298 seconds, Stopping threads took: 0.0002118 seconds
[2022-06-13T04:11:16.835+0000][1][safepoint    ] Application time: 0.0003188 seconds
[2022-06-13T04:11:16.835+0000][1][safepoint    ] Entering safepoint region: RevokeBias
[2022-06-13T04:11:16.835+0000][1][safepoint    ] Leaving safepoint region
[2022-06-13T04:11:16.835+0000][1][safepoint    ] Total time for which application threads were stopped: 0.0003777 seconds, Stopping threads took: 0.0001968 seconds
[2022-06-13T04:11:16.835+0000][1][safepoint    ] Application time: 0.0001412 seconds
[2022-06-13T04:11:16.836+0000][1][safepoint    ] Entering safepoint region: RevokeBias
[2022-06-13T04:11:16.836+0000][1][safepoint    ] Leaving safepoint region
[2022-06-13T04:11:16.836+0000][1][safepoint    ] Total time for which application threads were stopped: 0.0003195 seconds, Stopping threads took: 0.0001770 seconds
[2022-06-13T04:11:16.836+0000][1][safepoint    ] Application time: 0.0003608 seconds
[2022-06-13T04:11:16.837+0000][1][safepoint    ] Entering safepoint region: RevokeBias
[2022-06-13T04:11:16.837+0000][1][safepoint    ] Leaving safepoint region
[2022-06-13T04:11:16.837+0000][1][safepoint    ] Total time for which application threads were stopped: 0.0003212 seconds, Stopping threads took: 0.0001663 seconds
[2022-06-13T04:11:16.839+0000][1][safepoint    ] Application time: 0.0018751 seconds
[2022-06-13T04:11:16.842+0000][1][safepoint    ] Entering safepoint region: RevokeBias
[2022-06-13T04:11:16.842+0000][1][safepoint    ] Leaving safepoint region
[2022-06-13T04:11:16.842+0000][1][safepoint    ] Total time for which application threads were stopped: 0.0006075 seconds, Stopping threads took: 0.0003244 seconds
[2022-06-13T04:11:16.844+0000][1][safepoint    ] Application time: 0.0015639 seconds
[2022-06-13T04:11:16.844+0000][1][safepoint    ] Entering safepoint region: RevokeBias
[2022-06-13T04:11:16.844+0000][1][safepoint    ] Leaving safepoint region
[2022-06-13T04:11:16.844+0000][1][safepoint    ] Total time for which application threads were stopped: 0.0003018 seconds, Stopping threads took: 0.0001284 seconds
[2022-06-13T04:11:16.845+0000][1][safepoint    ] Application time: 0.0008428 seconds
[2022-06-13T04:11:16.846+0000][1][safepoint    ] Entering safepoint region: RevokeBias
[2022-06-13T04:11:16.846+0000][1][safepoint    ] Leaving safepoint region
[2022-06-13T04:11:16.846+0000][1][safepoint    ] Total time for which application threads were stopped: 0.0004929 seconds, Stopping threads took: 0.0002815 seconds
[2022-06-13T04:11:16.846+0000][1][safepoint    ] Application time: 0.0001556 seconds
[2022-06-13T04:11:16.847+0000][1][safepoint    ] Entering safepoint region: RevokeBias
[2022-06-13T04:11:16.847+0000][1][safepoint    ] Leaving safepoint region
[2022-06-13T04:11:16.847+0000][1][safepoint    ] Total time for which application threads were stopped: 0.0003261 seconds, Stopping threads took: 0.0001673 seconds
[2022-06-13T04:11:16.847+0000][1][safepoint    ] Application time: 0.0001227 seconds
[2022-06-13T04:11:16.847+0000][1][safepoint    ] Entering safepoint region: RevokeBias
[2022-06-13T04:11:16.847+0000][1][safepoint    ] Leaving safepoint region
[2022-06-13T04:11:16.848+0000][1][safepoint    ] Total time for which application threads were stopped: 0.0003126 seconds, Stopping threads took: 0.0001452 seconds
[2022-06-13T04:11:17.202+0000][1][safepoint    ] Application time: 0.3542671 seconds
[2022-06-13T04:11:17.202+0000][1][safepoint    ] Entering safepoint region: RevokeBias
[2022-06-13T04:11:17.203+0000][1][safepoint    ] Leaving safepoint region
[2022-06-13T04:11:17.203+0000][1][safepoint    ] Total time for which application threads were stopped: 0.0008053 seconds, Stopping threads took: 0.0004365 seconds
[2022-06-13T04:11:17.503+0000][1][safepoint    ] Application time: 0.2997262 seconds
[2022-06-13T04:11:17.503+0000][1][safepoint    ] Entering safepoint region: RevokeBias
[2022-06-13T04:11:17.504+0000][1][safepoint    ] Leaving safepoint region
[2022-06-13T04:11:17.504+0000][1][safepoint    ] Total time for which application threads were stopped: 0.0003387 seconds, Stopping threads took: 0.0001449 seconds
[2022-06-13T04:11:17.504+0000][1][safepoint    ] Application time: 0.0001071 seconds
[2022-06-13T04:11:17.504+0000][1][safepoint    ] Entering safepoint region: RevokeBias
[2022-06-13T04:11:17.504+0000][1][safepoint    ] Leaving safepoint region
[2022-06-13T04:11:17.505+0000][1][safepoint    ] Total time for which application threads were stopped: 0.0004383 seconds, Stopping threads took: 0.0002403 seconds
[2022-06-13T04:11:17.505+0000][1][safepoint    ] Application time: 0.0000921 seconds
[2022-06-13T04:11:17.505+0000][1][safepoint    ] Entering safepoint region: RevokeBias
[2022-06-13T04:11:17.506+0000][1][safepoint    ] Leaving safepoint region
[2022-06-13T04:11:17.506+0000][1][safepoint    ] Total time for which application threads were stopped: 0.0006306 seconds, Stopping threads took: 0.0004259 seconds
[2022-06-13T04:11:17.506+0000][1][safepoint    ] Application time: 0.0000976 seconds
[2022-06-13T04:11:17.506+0000][1][safepoint    ] Entering safepoint region: RevokeBias
[2022-06-13T04:11:17.506+0000][1][safepoint    ] Leaving safepoint region
[2022-06-13T04:11:17.507+0000][1][safepoint    ] Total time for which application threads were stopped: 0.0004960 seconds, Stopping threads took: 0.0002109 seconds
[2022-06-13T04:11:17.507+0000][1][safepoint    ] Application time: 0.0000810 seconds
[2022-06-13T04:11:17.507+0000][1][safepoint    ] Entering safepoint region: RevokeBias
[2022-06-13T04:11:17.508+0000][1][safepoint    ] Leaving safepoint region
[2022-06-13T04:11:17.508+0000][1][safepoint    ] Total time for which application threads were stopped: 0.0004383 seconds, Stopping threads took: 0.0002797 seconds
[2022-06-13T04:11:17.508+0000][1][safepoint    ] Application time: 0.0001858 seconds
[2022-06-13T04:11:17.508+0000][1][safepoint    ] Entering safepoint region: RevokeBias
[2022-06-13T04:11:17.509+0000][1][safepoint    ] Leaving safepoint region
[2022-06-13T04:11:17.509+0000][1][safepoint    ] Total time for which application threads were stopped: 0.0003024 seconds, Stopping threads took: 0.0001603 seconds
[2022-06-13T04:11:17.509+0000][1][safepoint    ] Application time: 0.0000874 seconds
[2022-06-13T04:11:17.509+0000][1][safepoint    ] Entering safepoint region: RevokeBias
[2022-06-13T04:11:17.509+0000][1][safepoint    ] Leaving safepoint region
[2022-06-13T04:11:17.510+0000][1][safepoint    ] Total time for which application threads were stopped: 0.0004027 seconds, Stopping threads took: 0.0002250 seconds
[2022-06-13T04:11:17.510+0000][1][safepoint    ] Application time: 0.0001701 seconds
[2022-06-13T04:11:17.510+0000][1][safepoint    ] Entering safepoint region: RevokeBias
[2022-06-13T04:11:17.510+0000][1][safepoint    ] Leaving safepoint region
[2022-06-13T04:11:17.510+0000][1][safepoint    ] Total time for which application threads were stopped: 0.0002947 seconds, Stopping threads took: 0.0001479 seconds
[2022-06-13T04:11:17.764+0000][1][safepoint    ] Application time: 0.2538142 seconds
[2022-06-13T04:11:17.765+0000][1][safepoint    ] Entering safepoint region: RevokeBias
[2022-06-13T04:11:17.765+0000][1][safepoint    ] Leaving safepoint region
[2022-06-13T04:11:17.765+0000][1][safepoint    ] Total time for which application threads were stopped: 0.0003575 seconds, Stopping threads took: 0.0001511 seconds
[2022-06-13T04:11:17.765+0000][1][safepoint    ] Application time: 0.0003434 seconds
[2022-06-13T04:11:17.766+0000][1][safepoint    ] Entering safepoint region: RevokeBias
[2022-06-13T04:11:17.766+0000][1][safepoint    ] Leaving safepoint region
[2022-06-13T04:11:17.766+0000][1][safepoint    ] Total time for which application threads were stopped: 0.0003361 seconds, Stopping threads took: 0.0001473 seconds
[2022-06-13T04:11:17.766+0000][1][safepoint    ] Application time: 0.0001232 seconds
[2022-06-13T04:11:17.766+0000][1][safepoint    ] Entering safepoint region: RevokeBias
[2022-06-13T04:11:17.767+0000][1][safepoint    ] Leaving safepoint region
[2022-06-13T04:11:17.767+0000][1][safepoint    ] Total time for which application threads were stopped: 0.0007299 seconds, Stopping threads took: 0.0003674 seconds
[2022-06-13T04:11:17.768+0000][1][safepoint    ] Application time: 0.0002154 seconds
[2022-06-13T04:11:17.768+0000][1][safepoint    ] Entering safepoint region: RevokeBias
[2022-06-13T04:11:17.768+0000][1][safepoint    ] Leaving safepoint region
[2022-06-13T04:11:17.769+0000][1][safepoint    ] Total time for which application threads were stopped: 0.0006261 seconds, Stopping threads took: 0.0003100 seconds
[2022-06-13T04:11:17.769+0000][1][safepoint    ] Application time: 0.0001635 seconds
[2022-06-13T04:11:17.769+0000][1][safepoint    ] Entering safepoint region: RevokeBias
[2022-06-13T04:11:17.770+0000][1][safepoint    ] Leaving safepoint region
[2022-06-13T04:11:17.770+0000][1][safepoint    ] Total time for which application threads were stopped: 0.0004577 seconds, Stopping threads took: 0.0002229 seconds
[2022-06-13T04:11:17.770+0000][1][safepoint    ] Application time: 0.0001260 seconds
[2022-06-13T04:11:17.771+0000][1][safepoint    ] Entering safepoint region: RevokeBias
[2022-06-13T04:11:17.771+0000][1][safepoint    ] Leaving safepoint region
[2022-06-13T04:11:17.771+0000][1][safepoint    ] Total time for which application threads were stopped: 0.0004651 seconds, Stopping threads took: 0.0002660 seconds
[2022-06-13T04:11:17.771+0000][1][safepoint    ] Application time: 0.0001064 seconds
[2022-06-13T04:11:17.772+0000][1][safepoint    ] Entering safepoint region: RevokeBias
[2022-06-13T04:11:17.772+0000][1][safepoint    ] Leaving safepoint region
[2022-06-13T04:11:17.772+0000][1][safepoint    ] Total time for which application threads were stopped: 0.0007229 seconds, Stopping threads took: 0.0005204 seconds
[2022-06-13T04:11:17.773+0000][1][safepoint    ] Application time: 0.0006217 seconds
[2022-06-13T04:11:17.773+0000][1][safepoint    ] Entering safepoint region: RevokeBias
[2022-06-13T04:11:17.773+0000][1][safepoint    ] Leaving safepoint region
[2022-06-13T04:11:17.774+0000][1][safepoint    ] Total time for which application threads were stopped: 0.0003388 seconds, Stopping threads took: 0.0001860 seconds
[2022-06-13T04:11:17.775+0000][1][safepoint    ] Application time: 0.0013163 seconds
[2022-06-13T04:11:17.775+0000][1][safepoint    ] Entering safepoint region: RevokeBias
[2022-06-13T04:11:17.775+0000][1][safepoint    ] Leaving safepoint region
[2022-06-13T04:11:17.775+0000][1][safepoint    ] Total time for which application threads were stopped: 0.0002790 seconds, Stopping threads took: 0.0001164 seconds
[2022-06-13T04:11:17.776+0000][1][safepoint    ] Application time: 0.0001036 seconds
[2022-06-13T04:11:17.776+0000][1][safepoint    ] Entering safepoint region: RevokeBias
[2022-06-13T04:11:17.776+0000][1][safepoint    ] Leaving safepoint region
[2022-06-13T04:11:17.776+0000][1][safepoint    ] Total time for which application threads were stopped: 0.0003708 seconds, Stopping threads took: 0.0001734 seconds
[2022-06-13T04:11:17.776+0000][1][safepoint    ] Application time: 0.0001327 seconds
[2022-06-13T04:11:17.777+0000][1][safepoint    ] Entering safepoint region: RevokeBias
[2022-06-13T04:11:17.777+0000][1][safepoint    ] Leaving safepoint region
[2022-06-13T04:11:17.777+0000][1][safepoint    ] Total time for which application threads were stopped: 0.0004215 seconds, Stopping threads took: 0.0002101 seconds
[2022-06-13T04:11:17.777+0000][1][safepoint    ] Application time: 0.0000955 seconds
[2022-06-13T04:11:17.778+0000][1][safepoint    ] Entering safepoint region: RevokeBias
[2022-06-13T04:11:17.778+0000][1][safepoint    ] Leaving safepoint region
[2022-06-13T04:11:17.778+0000][1][safepoint    ] Total time for which application threads were stopped: 0.0004953 seconds, Stopping threads took: 0.0002366 seconds
[2022-06-13T04:11:17.779+0000][1][safepoint    ] Application time: 0.0008932 seconds
[2022-06-13T04:11:17.779+0000][1][safepoint    ] Entering safepoint region: RevokeBias
[2022-06-13T04:11:17.780+0000][1][safepoint    ] Leaving safepoint region
[2022-06-13T04:11:17.780+0000][1][safepoint    ] Total time for which application threads were stopped: 0.0003782 seconds, Stopping threads took: 0.0001732 seconds
[2022-06-13T04:11:17.780+0000][1][safepoint    ] Application time: 0.0005934 seconds
[2022-06-13T04:11:17.781+0000][1][safepoint    ] Entering safepoint region: RevokeBias
[2022-06-13T04:11:17.781+0000][1][safepoint    ] Leaving safepoint region
[2022-06-13T04:11:17.781+0000][1][safepoint    ] Total time for which application threads were stopped: 0.0004327 seconds, Stopping threads took: 0.0001989 seconds
[2022-06-13T04:11:17.781+0000][1][safepoint    ] Application time: 0.0001369 seconds
[2022-06-13T04:11:17.781+0000][1][safepoint    ] Entering safepoint region: RevokeBias
[2022-06-13T04:11:17.782+0000][1][safepoint    ] Leaving safepoint region
[2022-06-13T04:11:17.782+0000][1][safepoint    ] Total time for which application threads were stopped: 0.0004243 seconds, Stopping threads took: 0.0002257 seconds
[2022-06-13T04:11:17.785+0000][1][safepoint    ] Application time: 0.0032210 seconds
[2022-06-13T04:11:17.786+0000][1][safepoint    ] Entering safepoint region: RevokeBias
[2022-06-13T04:11:17.786+0000][1][safepoint    ] Leaving safepoint region
[2022-06-13T04:11:17.786+0000][1][safepoint    ] Total time for which application threads were stopped: 0.0004466 seconds, Stopping threads took: 0.0002333 seconds
[2022-06-13T04:11:17.786+0000][1][safepoint    ] Application time: 0.0001009 seconds
[2022-06-13T04:11:17.786+0000][1][safepoint    ] Entering safepoint region: RevokeBias
[2022-06-13T04:11:17.786+0000][1][safepoint    ] Leaving safepoint region
[2022-06-13T04:11:17.787+0000][1][safepoint    ] Total time for which application threads were stopped: 0.0003392 seconds, Stopping threads took: 0.0001421 seconds
[2022-06-13T04:11:17.802+0000][1][safepoint    ] Application time: 0.0152785 seconds
[2022-06-13T04:11:17.802+0000][1][safepoint    ] Entering safepoint region: RevokeBias
[2022-06-13T04:11:17.803+0000][1][safepoint    ] Leaving safepoint region
[2022-06-13T04:11:17.803+0000][1][safepoint    ] Total time for which application threads were stopped: 0.0005848 seconds, Stopping threads took: 0.0002834 seconds
[2022-06-13T04:11:17.815+0000][1][safepoint    ] Application time: 0.0112798 seconds
[2022-06-13T04:11:17.815+0000][1][safepoint    ] Entering safepoint region: RevokeBias
[2022-06-13T04:11:17.815+0000][1][safepoint    ] Leaving safepoint region
[2022-06-13T04:11:17.816+0000][1][safepoint    ] Total time for which application threads were stopped: 0.0008670 seconds, Stopping threads took: 0.0003455 seconds
[2022-06-13T04:11:17.818+0000][1][safepoint    ] Application time: 0.0017607 seconds
[2022-06-13T04:11:17.818+0000][1][safepoint    ] Entering safepoint region: RevokeBias
[2022-06-13T04:11:17.819+0000][1][safepoint    ] Leaving safepoint region
[2022-06-13T04:11:17.819+0000][1][safepoint    ] Total time for which application threads were stopped: 0.0007428 seconds, Stopping threads took: 0.0003335 seconds
[2022-06-13T04:11:17.820+0000][1][safepoint    ] Application time: 0.0005583 seconds
[2022-06-13T04:11:17.820+0000][1][safepoint    ] Entering safepoint region: RevokeBias
[2022-06-13T04:11:17.821+0000][1][safepoint    ] Leaving safepoint region
[2022-06-13T04:11:17.821+0000][1][safepoint    ] Total time for which application threads were stopped: 0.0008938 seconds, Stopping threads took: 0.0003869 seconds
[2022-06-13T04:11:17.829+0000][1][safepoint    ] Application time: 0.0076616 seconds
[2022-06-13T04:11:17.830+0000][1][safepoint    ] Entering safepoint region: RevokeBias
[2022-06-13T04:11:17.830+0000][1][safepoint    ] Leaving safepoint region
[2022-06-13T04:11:17.830+0000][1][safepoint    ] Total time for which application threads were stopped: 0.0006624 seconds, Stopping threads took: 0.0004220 seconds
[2022-06-13T04:11:17.831+0000][1][safepoint    ] Application time: 0.0000863 seconds
[2022-06-13T04:11:17.831+0000][1][safepoint    ] Entering safepoint region: RevokeBias
[2022-06-13T04:11:17.831+0000][1][safepoint    ] Leaving safepoint region
[2022-06-13T04:11:17.831+0000][1][safepoint    ] Total time for which application threads were stopped: 0.0006066 seconds, Stopping threads took: 0.0002417 seconds
[2022-06-13T04:11:17.832+0000][1][safepoint    ] Application time: 0.0004862 seconds
[2022-06-13T04:11:17.832+0000][1][safepoint    ] Entering safepoint region: RevokeBias
[2022-06-13T04:11:17.833+0000][1][safepoint    ] Leaving safepoint region
[2022-06-13T04:11:17.833+0000][1][safepoint    ] Total time for which application threads were stopped: 0.0005437 seconds, Stopping threads took: 0.0002816 seconds
[2022-06-13T04:11:17.847+0000][1][safepoint    ] Application time: 0.0138776 seconds
[2022-06-13T04:11:17.847+0000][1][safepoint    ] Entering safepoint region: RevokeBias
[2022-06-13T04:11:17.848+0000][1][safepoint    ] Leaving safepoint region
[2022-06-13T04:11:17.848+0000][1][safepoint    ] Total time for which application threads were stopped: 0.0008030 seconds, Stopping threads took: 0.0004642 seconds
[2022-06-13T04:11:17.849+0000][1][safepoint    ] Application time: 0.0005320 seconds
[2022-06-13T04:11:17.849+0000][1][safepoint    ] Entering safepoint region: RevokeBias
[2022-06-13T04:11:17.849+0000][1][safepoint    ] Leaving safepoint region
[2022-06-13T04:11:17.849+0000][1][safepoint    ] Total time for which application threads were stopped: 0.0004972 seconds, Stopping threads took: 0.0001511 seconds
[2022-06-13T04:11:17.854+0000][1][safepoint    ] Application time: 0.0047909 seconds
[2022-06-13T04:11:17.860+0000][1][safepoint    ] Entering safepoint region: RevokeBias
[2022-06-13T04:11:17.860+0000][1][safepoint    ] Leaving safepoint region
[2022-06-13T04:11:17.860+0000][1][safepoint    ] Total time for which application threads were stopped: 0.0059559 seconds, Stopping threads took: 0.0056118 seconds
[2022-06-13T04:11:17.861+0000][1][safepoint    ] Application time: 0.0000790 seconds
[2022-06-13T04:11:17.861+0000][1][safepoint    ] Entering safepoint region: RevokeBias
[2022-06-13T04:11:17.862+0000][1][safepoint    ] Leaving safepoint region
[2022-06-13T04:11:17.862+0000][1][safepoint    ] Total time for which application threads were stopped: 0.0007070 seconds, Stopping threads took: 0.0003614 seconds
[2022-06-13T04:11:17.864+0000][1][safepoint    ] Application time: 0.0018183 seconds
[2022-06-13T04:11:17.864+0000][1][safepoint    ] Entering safepoint region: RevokeBias
[2022-06-13T04:11:17.865+0000][1][safepoint    ] Leaving safepoint region
[2022-06-13T04:11:17.865+0000][1][safepoint    ] Total time for which application threads were stopped: 0.0010159 seconds, Stopping threads took: 0.0003188 seconds
[2022-06-13T04:11:17.870+0000][1][safepoint    ] Application time: 0.0040753 seconds
[2022-06-13T04:11:17.871+0000][1][safepoint    ] Entering safepoint region: RevokeBias
[2022-06-13T04:11:17.871+0000][1][safepoint    ] Leaving safepoint region
[2022-06-13T04:11:17.871+0000][1][safepoint    ] Total time for which application threads were stopped: 0.0006899 seconds, Stopping threads took: 0.0004553 seconds
[2022-06-13T04:11:17.879+0000][1][safepoint    ] Application time: 0.0079912 seconds
[2022-06-13T04:11:17.880+0000][1][safepoint    ] Entering safepoint region: RevokeBias
[2022-06-13T04:11:17.881+0000][1][safepoint    ] Leaving safepoint region
[2022-06-13T04:11:17.881+0000][1][safepoint    ] Total time for which application threads were stopped: 0.0012622 seconds, Stopping threads took: 0.0004627 seconds
[2022-06-13T04:11:17.884+0000][1][safepoint    ] Application time: 0.0024814 seconds
[2022-06-13T04:11:17.884+0000][1][safepoint    ] Entering safepoint region: RevokeBias
[2022-06-13T04:11:17.885+0000][1][safepoint    ] Leaving safepoint region
[2022-06-13T04:11:17.885+0000][1][safepoint    ] Total time for which application threads were stopped: 0.0010964 seconds, Stopping threads took: 0.0005668 seconds
[2022-06-13T04:11:17.888+0000][1][safepoint    ] Application time: 0.0021231 seconds
[2022-06-13T04:11:17.888+0000][1][safepoint    ] Entering safepoint region: RevokeBias
[2022-06-13T04:11:17.888+0000][1][safepoint    ] Leaving safepoint region
[2022-06-13T04:11:17.888+0000][1][safepoint    ] Total time for which application threads were stopped: 0.0005642 seconds, Stopping threads took: 0.0002476 seconds
[2022-06-13T04:11:17.889+0000][1][safepoint    ] Application time: 0.0005668 seconds
[2022-06-13T04:11:17.889+0000][1][safepoint    ] Entering safepoint region: RevokeBias
[2022-06-13T04:11:17.890+0000][1][safepoint    ] Leaving safepoint region
[2022-06-13T04:11:17.890+0000][1][safepoint    ] Total time for which application threads were stopped: 0.0004910 seconds, Stopping threads took: 0.0002484 seconds
[2022-06-13T04:11:17.890+0000][1][safepoint    ] Application time: 0.0001323 seconds
[2022-06-13T04:11:17.890+0000][1][safepoint    ] Entering safepoint region: RevokeBias
[2022-06-13T04:11:17.891+0000][1][safepoint    ] Leaving safepoint region
[2022-06-13T04:11:17.891+0000][1][safepoint    ] Total time for which application threads were stopped: 0.0004964 seconds, Stopping threads took: 0.0001950 seconds
[2022-06-13T04:11:17.892+0000][1][safepoint    ] Application time: 0.0005397 seconds
[2022-06-13T04:11:17.892+0000][1][safepoint    ] Entering safepoint region: RevokeBias
[2022-06-13T04:11:17.892+0000][1][safepoint    ] Leaving safepoint region
[2022-06-13T04:11:17.892+0000][1][safepoint    ] Total time for which application threads were stopped: 0.0004875 seconds, Stopping threads took: 0.0002206 seconds
[2022-06-13T04:11:17.893+0000][1][safepoint    ] Application time: 0.0001646 seconds
[2022-06-13T04:11:17.893+0000][1][safepoint    ] Entering safepoint region: RevokeBias
[2022-06-13T04:11:17.893+0000][1][safepoint    ] Leaving safepoint region
[2022-06-13T04:11:17.893+0000][1][safepoint    ] Total time for which application threads were stopped: 0.0004549 seconds, Stopping threads took: 0.0001990 seconds
[2022-06-13T04:11:17.893+0000][1][safepoint    ] Application time: 0.0001012 seconds
[2022-06-13T04:11:17.894+0000][1][safepoint    ] Entering safepoint region: RevokeBias
[2022-06-13T04:11:17.894+0000][1][safepoint    ] Leaving safepoint region
[2022-06-13T04:11:17.894+0000][1][safepoint    ] Total time for which application threads were stopped: 0.0004470 seconds, Stopping threads took: 0.0001785 seconds
[2022-06-13T04:11:17.895+0000][1][safepoint    ] Application time: 0.0005810 seconds
[2022-06-13T04:11:17.895+0000][1][safepoint    ] Entering safepoint region: RevokeBias
[2022-06-13T04:11:17.896+0000][1][safepoint    ] Leaving safepoint region
[2022-06-13T04:11:17.896+0000][1][safepoint    ] Total time for which application threads were stopped: 0.0005444 seconds, Stopping threads took: 0.0002613 seconds
[2022-06-13T04:11:17.899+0000][1][safepoint    ] Application time: 0.0032105 seconds
[2022-06-13T04:11:17.899+0000][1][safepoint    ] Entering safepoint region: RevokeBias
[2022-06-13T04:11:17.900+0000][1][safepoint    ] Leaving safepoint region
[2022-06-13T04:11:17.900+0000][1][safepoint    ] Total time for which application threads were stopped: 0.0003236 seconds, Stopping threads took: 0.0001411 seconds
[2022-06-13T04:11:17.900+0000][1][safepoint    ] Application time: 0.0001607 seconds
[2022-06-13T04:11:17.901+0000][1][safepoint    ] Entering safepoint region: RevokeBias
[2022-06-13T04:11:17.901+0000][1][safepoint    ] Leaving safepoint region
[2022-06-13T04:11:17.901+0000][1][safepoint    ] Total time for which application threads were stopped: 0.0004036 seconds, Stopping threads took: 0.0002282 seconds
[2022-06-13T04:11:17.902+0000][1][safepoint    ] Application time: 0.0006264 seconds
[2022-06-13T04:11:17.902+0000][1][safepoint    ] Entering safepoint region: RevokeBias
[2022-06-13T04:11:17.902+0000][1][safepoint    ] Leaving safepoint region
[2022-06-13T04:11:17.902+0000][1][safepoint    ] Total time for which application threads were stopped: 0.0004968 seconds, Stopping threads took: 0.0002438 seconds
[2022-06-13T04:11:17.903+0000][1][safepoint    ] Application time: 0.0001835 seconds
[2022-06-13T04:11:17.903+0000][1][safepoint    ] Entering safepoint region: RevokeBias
[2022-06-13T04:11:17.903+0000][1][safepoint    ] Leaving safepoint region
[2022-06-13T04:11:17.903+0000][1][safepoint    ] Total time for which application threads were stopped: 0.0003241 seconds, Stopping threads took: 0.0001664 seconds
[2022-06-13T04:11:17.904+0000][1][safepoint    ] Application time: 0.0003152 seconds
[2022-06-13T04:11:17.904+0000][1][safepoint    ] Entering safepoint region: RevokeBias
[2022-06-13T04:11:17.904+0000][1][safepoint    ] Leaving safepoint region
[2022-06-13T04:11:17.904+0000][1][safepoint    ] Total time for which application threads were stopped: 0.0006540 seconds, Stopping threads took: 0.0002161 seconds
[2022-06-13T04:11:17.905+0000][1][safepoint    ] Application time: 0.0001554 seconds
[2022-06-13T04:11:17.905+0000][1][safepoint    ] Entering safepoint region: RevokeBias
[2022-06-13T04:11:17.905+0000][1][safepoint    ] Leaving safepoint region
[2022-06-13T04:11:17.905+0000][1][safepoint    ] Total time for which application threads were stopped: 0.0003023 seconds, Stopping threads took: 0.0001229 seconds
[2022-06-13T04:11:17.906+0000][1][safepoint    ] Application time: 0.0005205 seconds
[2022-06-13T04:11:17.906+0000][1][safepoint    ] Entering safepoint region: RevokeBias
[2022-06-13T04:11:17.906+0000][1][safepoint    ] Leaving safepoint region
[2022-06-13T04:11:17.906+0000][1][safepoint    ] Total time for which application threads were stopped: 0.0003380 seconds, Stopping threads took: 0.0001517 seconds
[2022-06-13T04:11:17.907+0000][1][safepoint    ] Application time: 0.0004734 seconds
[2022-06-13T04:11:17.907+0000][1][safepoint    ] Entering safepoint region: RevokeBias
[2022-06-13T04:11:17.907+0000][1][safepoint    ] Leaving safepoint region
[2022-06-13T04:11:17.908+0000][1][safepoint    ] Total time for which application threads were stopped: 0.0004714 seconds, Stopping threads took: 0.0002558 seconds
[2022-06-13T04:11:17.908+0000][1][safepoint    ] Application time: 0.0001363 seconds
[2022-06-13T04:11:17.908+0000][1][safepoint    ] Entering safepoint region: RevokeBias
[2022-06-13T04:11:17.909+0000][1][safepoint    ] Leaving safepoint region
[2022-06-13T04:11:17.909+0000][1][safepoint    ] Total time for which application threads were stopped: 0.0007364 seconds, Stopping threads took: 0.0004237 seconds
[2022-06-13T04:11:17.909+0000][1][safepoint    ] Application time: 0.0001518 seconds
[2022-06-13T04:11:17.910+0000][1][safepoint    ] Entering safepoint region: RevokeBias
[2022-06-13T04:11:17.911+0000][1][safepoint    ] Leaving safepoint region
[2022-06-13T04:11:17.911+0000][1][safepoint    ] Total time for which application threads were stopped: 0.0011038 seconds, Stopping threads took: 0.0007723 seconds
[2022-06-13T04:11:17.911+0000][1][safepoint    ] Application time: 0.0002459 seconds
[2022-06-13T04:11:17.912+0000][1][safepoint    ] Entering safepoint region: RevokeBias
[2022-06-13T04:11:17.912+0000][1][safepoint    ] Leaving safepoint region
[2022-06-13T04:11:17.912+0000][1][safepoint    ] Total time for which application threads were stopped: 0.0004833 seconds, Stopping threads took: 0.0002073 seconds
[2022-06-13T04:11:17.913+0000][1][safepoint    ] Application time: 0.0005189 seconds
[2022-06-13T04:11:17.913+0000][1][safepoint    ] Entering safepoint region: RevokeBias
[2022-06-13T04:11:17.913+0000][1][safepoint    ] Leaving safepoint region
[2022-06-13T04:11:17.914+0000][1][safepoint    ] Total time for which application threads were stopped: 0.0003735 seconds, Stopping threads took: 0.0001977 seconds
[2022-06-13T04:11:17.914+0000][1][safepoint    ] Application time: 0.0006728 seconds
[2022-06-13T04:11:17.915+0000][1][safepoint    ] Entering safepoint region: RevokeBias
[2022-06-13T04:11:17.915+0000][1][safepoint    ] Leaving safepoint region
[2022-06-13T04:11:17.915+0000][1][safepoint    ] Total time for which application threads were stopped: 0.0005428 seconds, Stopping threads took: 0.0001851 seconds
[2022-06-13T04:11:17.917+0000][1][safepoint    ] Application time: 0.0014390 seconds
[2022-06-13T04:11:17.917+0000][1][safepoint    ] Entering safepoint region: RevokeBias
[2022-06-13T04:11:17.917+0000][1][safepoint    ] Leaving safepoint region
[2022-06-13T04:11:17.917+0000][1][safepoint    ] Total time for which application threads were stopped: 0.0003324 seconds, Stopping threads took: 0.0001398 seconds
[2022-06-13T04:11:17.919+0000][1][safepoint    ] Application time: 0.0019048 seconds
[2022-06-13T04:11:17.920+0000][1][safepoint    ] Entering safepoint region: RevokeBias
[2022-06-13T04:11:17.920+0000][1][safepoint    ] Leaving safepoint region
[2022-06-13T04:11:17.920+0000][1][safepoint    ] Total time for which application threads were stopped: 0.0005652 seconds, Stopping threads took: 0.0003091 seconds
[2022-06-13T04:11:17.922+0000][1][safepoint    ] Application time: 0.0014822 seconds
[2022-06-13T04:11:17.922+0000][1][safepoint    ] Entering safepoint region: RevokeBias
[2022-06-13T04:11:17.922+0000][1][safepoint    ] Leaving safepoint region
[2022-06-13T04:11:17.922+0000][1][safepoint    ] Total time for which application threads were stopped: 0.0003761 seconds, Stopping threads took: 0.0001632 seconds
[2022-06-13T04:11:17.925+0000][1][safepoint    ] Application time: 0.0027745 seconds
[2022-06-13T04:11:17.926+0000][1][safepoint    ] Entering safepoint region: RevokeBias
[2022-06-13T04:11:17.926+0000][1][safepoint    ] Leaving safepoint region
[2022-06-13T04:11:17.926+0000][1][safepoint    ] Total time for which application threads were stopped: 0.0003608 seconds, Stopping threads took: 0.0001352 seconds
[2022-06-13T04:11:17.927+0000][1][safepoint    ] Application time: 0.0009612 seconds
[2022-06-13T04:11:17.927+0000][1][safepoint    ] Entering safepoint region: BulkRevokeBias
[2022-06-13T04:11:17.928+0000][1][safepoint    ] Leaving safepoint region
[2022-06-13T04:11:17.928+0000][1][safepoint    ] Total time for which application threads were stopped: 0.0007208 seconds, Stopping threads took: 0.0002827 seconds
[2022-06-13T04:11:17.931+0000][1][safepoint    ] Application time: 0.0033057 seconds
[2022-06-13T04:11:17.932+0000][1][safepoint    ] Entering safepoint region: RevokeBias
[2022-06-13T04:11:17.932+0000][1][safepoint    ] Leaving safepoint region
[2022-06-13T04:11:17.932+0000][1][safepoint    ] Total time for which application threads were stopped: 0.0004209 seconds, Stopping threads took: 0.0002175 seconds
[2022-06-13T04:11:17.949+0000][1][safepoint    ] Application time: 0.0164423 seconds
[2022-06-13T04:11:17.949+0000][1][safepoint    ] Entering safepoint region: RevokeBias
[2022-06-13T04:11:17.949+0000][1][safepoint    ] Leaving safepoint region
[2022-06-13T04:11:17.949+0000][1][safepoint    ] Total time for which application threads were stopped: 0.0003085 seconds, Stopping threads took: 0.0001256 seconds
[2022-06-13T04:11:17.950+0000][1][safepoint    ] Application time: 0.0009722 seconds
[2022-06-13T04:11:17.950+0000][1][safepoint    ] Entering safepoint region: RevokeBias
[2022-06-13T04:11:17.951+0000][1][safepoint    ] Leaving safepoint region
[2022-06-13T04:11:17.951+0000][1][safepoint    ] Total time for which application threads were stopped: 0.0002562 seconds, Stopping threads took: 0.0001019 seconds
[2022-06-13T04:11:17.951+0000][1][safepoint    ] Application time: 0.0000949 seconds
[2022-06-13T04:11:17.951+0000][1][safepoint    ] Entering safepoint region: RevokeBias
[2022-06-13T04:11:17.951+0000][1][safepoint    ] Leaving safepoint region
[2022-06-13T04:11:17.951+0000][1][safepoint    ] Total time for which application threads were stopped: 0.0003716 seconds, Stopping threads took: 0.0001627 seconds
[2022-06-13T04:11:17.958+0000][1][safepoint    ] Application time: 0.0063579 seconds
[2022-06-13T04:11:17.958+0000][1][safepoint    ] Entering safepoint region: RevokeBias
[2022-06-13T04:11:17.958+0000][1][safepoint    ] Leaving safepoint region
[2022-06-13T04:11:17.959+0000][1][safepoint    ] Total time for which application threads were stopped: 0.0004089 seconds, Stopping threads took: 0.0001591 seconds
[2022-06-13T04:11:18.763+0000][1][safepoint    ] Application time: 0.8044609 seconds
[2022-06-13T04:11:18.764+0000][1][safepoint    ] Entering safepoint region: RevokeBias
[2022-06-13T04:11:18.764+0000][1][safepoint    ] Leaving safepoint region
[2022-06-13T04:11:18.764+0000][1][safepoint    ] Total time for which application threads were stopped: 0.0005386 seconds, Stopping threads took: 0.0003143 seconds
[2022-06-13T04:11:18.766+0000][1][safepoint    ] Application time: 0.0016218 seconds
[2022-06-13T04:11:18.766+0000][1][safepoint    ] Entering safepoint region: BulkRevokeBias
[2022-06-13T04:11:18.767+0000][1][safepoint    ] Leaving safepoint region
[2022-06-13T04:11:18.767+0000][1][safepoint    ] Total time for which application threads were stopped: 0.0008681 seconds, Stopping threads took: 0.0003478 seconds
[2022-06-13T04:11:18.767+0000][1][safepoint    ] Application time: 0.0003283 seconds
[2022-06-13T04:11:18.768+0000][1][safepoint    ] Entering safepoint region: RevokeBias
[2022-06-13T04:11:18.768+0000][1][safepoint    ] Leaving safepoint region
[2022-06-13T04:11:18.768+0000][1][safepoint    ] Total time for which application threads were stopped: 0.0004177 seconds, Stopping threads took: 0.0002364 seconds
[2022-06-13T04:11:18.768+0000][1][safepoint    ] Application time: 0.0001443 seconds
[2022-06-13T04:11:18.768+0000][1][safepoint    ] Entering safepoint region: RevokeBias
[2022-06-13T04:11:18.769+0000][1][safepoint    ] Leaving safepoint region
[2022-06-13T04:11:18.769+0000][1][safepoint    ] Total time for which application threads were stopped: 0.0003742 seconds, Stopping threads took: 0.0001648 seconds
[2022-06-13T04:11:18.769+0000][1][safepoint    ] Application time: 0.0001122 seconds
[2022-06-13T04:11:18.769+0000][1][safepoint    ] Entering safepoint region: BulkRevokeBias
[2022-06-13T04:11:18.770+0000][1][safepoint    ] Leaving safepoint region
[2022-06-13T04:11:18.770+0000][1][safepoint    ] Total time for which application threads were stopped: 0.0008398 seconds, Stopping threads took: 0.0002502 seconds
[2022-06-13T04:11:18.771+0000][1][safepoint    ] Application time: 0.0004168 seconds
[2022-06-13T04:11:18.771+0000][1][safepoint    ] Entering safepoint region: RevokeBias
[2022-06-13T04:11:18.771+0000][1][safepoint    ] Leaving safepoint region
[2022-06-13T04:11:18.771+0000][1][safepoint    ] Total time for which application threads were stopped: 0.0004803 seconds, Stopping threads took: 0.0001585 seconds
[2022-06-13T04:11:18.772+0000][1][safepoint    ] Application time: 0.0001484 seconds
[2022-06-13T04:11:18.772+0000][1][safepoint    ] Entering safepoint region: RevokeBias
[2022-06-13T04:11:18.772+0000][1][safepoint    ] Leaving safepoint region
[2022-06-13T04:11:18.772+0000][1][safepoint    ] Total time for which application threads were stopped: 0.0004165 seconds, Stopping threads took: 0.0001971 seconds
[2022-06-13T04:11:18.773+0000][1][safepoint    ] Application time: 0.0002002 seconds
[2022-06-13T04:11:18.773+0000][1][safepoint    ] Entering safepoint region: RevokeBias
[2022-06-13T04:11:18.773+0000][1][safepoint    ] Leaving safepoint region
[2022-06-13T04:11:18.773+0000][1][safepoint    ] Total time for which application threads were stopped: 0.0005334 seconds, Stopping threads took: 0.0003208 seconds
[2022-06-13T04:11:18.775+0000][1][safepoint    ] Application time: 0.0013664 seconds
[2022-06-13T04:11:18.775+0000][1][safepoint    ] Entering safepoint region: RevokeBias
[2022-06-13T04:11:18.776+0000][1][safepoint    ] Leaving safepoint region
[2022-06-13T04:11:18.776+0000][1][safepoint    ] Total time for which application threads were stopped: 0.0006203 seconds, Stopping threads took: 0.0003485 seconds
[2022-06-13T04:11:18.777+0000][1][safepoint    ] Application time: 0.0010332 seconds
[2022-06-13T04:11:18.777+0000][1][safepoint    ] Entering safepoint region: RevokeBias
[2022-06-13T04:11:18.778+0000][1][safepoint    ] Leaving safepoint region
[2022-06-13T04:11:18.778+0000][1][safepoint    ] Total time for which application threads were stopped: 0.0004611 seconds, Stopping threads took: 0.0002410 seconds
[2022-06-13T04:11:18.779+0000][1][safepoint    ] Application time: 0.0006920 seconds
[2022-06-13T04:11:18.779+0000][1][safepoint    ] Entering safepoint region: RevokeBias
[2022-06-13T04:11:18.779+0000][1][safepoint    ] Leaving safepoint region
[2022-06-13T04:11:18.779+0000][1][safepoint    ] Total time for which application threads were stopped: 0.0003785 seconds, Stopping threads took: 0.0001358 seconds
[2022-06-13T04:11:18.779+0000][1][safepoint    ] Application time: 0.0000763 seconds
[2022-06-13T04:11:18.780+0000][1][safepoint    ] Entering safepoint region: RevokeBias
[2022-06-13T04:11:18.780+0000][1][safepoint    ] Leaving safepoint region
[2022-06-13T04:11:18.780+0000][1][safepoint    ] Total time for which application threads were stopped: 0.0005501 seconds, Stopping threads took: 0.0002808 seconds
[2022-06-13T04:11:19.764+0000][1][safepoint    ] Application time: 0.9833618 seconds
[2022-06-13T04:11:19.764+0000][1][safepoint    ] Entering safepoint region: RevokeBias
[2022-06-13T04:11:19.765+0000][1][safepoint    ] Leaving safepoint region
[2022-06-13T04:11:19.765+0000][1][safepoint    ] Total time for which application threads were stopped: 0.0008408 seconds, Stopping threads took: 0.0005719 seconds
[2022-06-13T04:11:19.767+0000][1][safepoint    ] Application time: 0.0011690 seconds
[2022-06-13T04:11:19.767+0000][1][safepoint    ] Entering safepoint region: RevokeBias
[2022-06-13T04:11:19.768+0000][1][safepoint    ] Leaving safepoint region
[2022-06-13T04:11:19.768+0000][1][safepoint    ] Total time for which application threads were stopped: 0.0006698 seconds, Stopping threads took: 0.0003355 seconds
[2022-06-13T04:11:19.769+0000][1][safepoint    ] Application time: 0.0001315 seconds
[2022-06-13T04:11:19.769+0000][1][safepoint    ] Entering safepoint region: RevokeBias
[2022-06-13T04:11:19.769+0000][1][safepoint    ] Leaving safepoint region
[2022-06-13T04:11:19.770+0000][1][safepoint    ] Total time for which application threads were stopped: 0.0006243 seconds, Stopping threads took: 0.0002366 seconds
[2022-06-13T04:11:19.770+0000][1][safepoint    ] Application time: 0.0003655 seconds
[2022-06-13T04:11:19.771+0000][1][safepoint    ] Entering safepoint region: RevokeBias
[2022-06-13T04:11:19.771+0000][1][safepoint    ] Leaving safepoint region
[2022-06-13T04:11:19.772+0000][1][safepoint    ] Total time for which application threads were stopped: 0.0008680 seconds, Stopping threads took: 0.0002545 seconds
[2022-06-13T04:11:19.772+0000][1][safepoint    ] Application time: 0.0002952 seconds
[2022-06-13T04:11:19.773+0000][1][safepoint    ] Entering safepoint region: RevokeBias
[2022-06-13T04:11:19.773+0000][1][safepoint    ] Leaving safepoint region
[2022-06-13T04:11:19.773+0000][1][safepoint    ] Total time for which application threads were stopped: 0.0006841 seconds, Stopping threads took: 0.0003045 seconds
[2022-06-13T04:11:19.774+0000][1][safepoint    ] Application time: 0.0001508 seconds
[2022-06-13T04:11:19.774+0000][1][safepoint    ] Entering safepoint region: RevokeBias
[2022-06-13T04:11:19.774+0000][1][safepoint    ] Leaving safepoint region
[2022-06-13T04:11:19.774+0000][1][safepoint    ] Total time for which application threads were stopped: 0.0006775 seconds, Stopping threads took: 0.0003822 seconds
[2022-06-13T04:11:19.775+0000][1][safepoint    ] Application time: 0.0002375 seconds
[2022-06-13T04:11:19.775+0000][1][safepoint    ] Entering safepoint region: RevokeBias
[2022-06-13T04:11:19.775+0000][1][safepoint    ] Leaving safepoint region
[2022-06-13T04:11:19.776+0000][1][safepoint    ] Total time for which application threads were stopped: 0.0003742 seconds, Stopping threads took: 0.0001705 seconds
[2022-06-13T04:11:19.778+0000][1][safepoint    ] Application time: 0.0022821 seconds
[2022-06-13T04:11:19.779+0000][1][safepoint    ] Entering safepoint region: BulkRevokeBias
[2022-06-13T04:11:19.780+0000][1][safepoint    ] Leaving safepoint region
[2022-06-13T04:11:19.780+0000][1][safepoint    ] Total time for which application threads were stopped: 0.0013380 seconds, Stopping threads took: 0.0004602 seconds
[2022-06-13T04:11:19.781+0000][1][safepoint    ] Application time: 0.0009212 seconds
[2022-06-13T04:11:19.781+0000][1][safepoint    ] Entering safepoint region: RevokeBias
[2022-06-13T04:11:19.782+0000][1][safepoint    ] Leaving safepoint region
[2022-06-13T04:11:19.782+0000][1][safepoint    ] Total time for which application threads were stopped: 0.0005606 seconds, Stopping threads took: 0.0003694 seconds
[2022-06-13T04:11:19.783+0000][1][safepoint    ] Application time: 0.0004637 seconds
[2022-06-13T04:11:19.783+0000][1][safepoint    ] Entering safepoint region: RevokeBias
[2022-06-13T04:11:19.783+0000][1][safepoint    ] Leaving safepoint region
[2022-06-13T04:11:19.783+0000][1][safepoint    ] Total time for which application threads were stopped: 0.0005379 seconds, Stopping threads took: 0.0002975 seconds
[2022-06-13T04:11:20.767+0000][1][safepoint    ] Application time: 0.9830549 seconds
[2022-06-13T04:11:20.767+0000][1][safepoint    ] Entering safepoint region: RevokeBias
[2022-06-13T04:11:20.767+0000][1][safepoint    ] Leaving safepoint region
[2022-06-13T04:11:20.768+0000][1][safepoint    ] Total time for which application threads were stopped: 0.0006958 seconds, Stopping threads took: 0.0003573 seconds
[2022-06-13T04:11:20.769+0000][1][safepoint    ] Application time: 0.0007275 seconds
[2022-06-13T04:11:20.769+0000][1][safepoint    ] Entering safepoint region: RevokeBias
[2022-06-13T04:11:20.769+0000][1][safepoint    ] Leaving safepoint region
[2022-06-13T04:11:20.769+0000][1][safepoint    ] Total time for which application threads were stopped: 0.0006424 seconds, Stopping threads took: 0.0003454 seconds
[2022-06-13T04:11:20.771+0000][1][safepoint    ] Application time: 0.0003461 seconds
[2022-06-13T04:11:20.771+0000][1][safepoint    ] Entering safepoint region: RevokeBias
[2022-06-13T04:11:20.772+0000][1][safepoint    ] Leaving safepoint region
[2022-06-13T04:11:20.772+0000][1][safepoint    ] Total time for which application threads were stopped: 0.0006084 seconds, Stopping threads took: 0.0002428 seconds
[2022-06-13T04:11:20.772+0000][1][safepoint    ] Application time: 0.0001753 seconds
[2022-06-13T04:11:20.772+0000][1][safepoint    ] Entering safepoint region: RevokeBias
[2022-06-13T04:11:20.773+0000][1][safepoint    ] Leaving safepoint region
[2022-06-13T04:11:20.773+0000][1][safepoint    ] Total time for which application threads were stopped: 0.0006340 seconds, Stopping threads took: 0.0002661 seconds
[2022-06-13T04:11:20.773+0000][1][safepoint    ] Application time: 0.0000944 seconds
[2022-06-13T04:11:20.774+0000][1][safepoint    ] Entering safepoint region: RevokeBias
[2022-06-13T04:11:20.774+0000][1][safepoint    ] Leaving safepoint region
[2022-06-13T04:11:20.775+0000][1][safepoint    ] Total time for which application threads were stopped: 0.0010694 seconds, Stopping threads took: 0.0005816 seconds
[2022-06-13T04:11:20.778+0000][1][safepoint    ] Application time: 0.0033419 seconds
[2022-06-13T04:11:20.779+0000][1][safepoint    ] Entering safepoint region: RevokeBias
[2022-06-13T04:11:20.779+0000][1][safepoint    ] Leaving safepoint region
[2022-06-13T04:11:20.779+0000][1][safepoint    ] Total time for which application threads were stopped: 0.0004786 seconds, Stopping threads took: 0.0002259 seconds
[2022-06-13T04:11:21.767+0000][1][safepoint    ] Application time: 0.9880657 seconds
[2022-06-13T04:11:21.768+0000][1][safepoint    ] Entering safepoint region: RevokeBias
[2022-06-13T04:11:21.769+0000][1][safepoint    ] Leaving safepoint region
[2022-06-13T04:11:21.769+0000][1][safepoint    ] Total time for which application threads were stopped: 0.0011174 seconds, Stopping threads took: 0.0006790 seconds
[2022-06-13T04:11:21.770+0000][1][safepoint    ] Application time: 0.0007728 seconds
[2022-06-13T04:11:21.771+0000][1][safepoint    ] Entering safepoint region: RevokeBias
[2022-06-13T04:11:21.772+0000][1][safepoint    ] Leaving safepoint region
[2022-06-13T04:11:21.772+0000][1][safepoint    ] Total time for which application threads were stopped: 0.0006483 seconds, Stopping threads took: 0.0002646 seconds
[2022-06-13T04:11:21.773+0000][1][safepoint    ] Application time: 0.0003950 seconds
[2022-06-13T04:11:21.774+0000][1][safepoint    ] Entering safepoint region: RevokeBias
[2022-06-13T04:11:21.774+0000][1][safepoint    ] Leaving safepoint region
[2022-06-13T04:11:21.774+0000][1][safepoint    ] Total time for which application threads were stopped: 0.0008296 seconds, Stopping threads took: 0.0003432 seconds
[2022-06-13T04:11:21.775+0000][1][safepoint    ] Application time: 0.0001716 seconds
[2022-06-13T04:11:21.775+0000][1][safepoint    ] Entering safepoint region: RevokeBias
[2022-06-13T04:11:21.775+0000][1][safepoint    ] Leaving safepoint region
[2022-06-13T04:11:21.776+0000][1][safepoint    ] Total time for which application threads were stopped: 0.0006736 seconds, Stopping threads took: 0.0001901 seconds
[2022-06-13T04:11:21.776+0000][1][safepoint    ] Application time: 0.0001440 seconds
[2022-06-13T04:11:21.777+0000][1][safepoint    ] Entering safepoint region: RevokeBias
[2022-06-13T04:11:21.777+0000][1][safepoint    ] Leaving safepoint region
[2022-06-13T04:11:21.777+0000][1][safepoint    ] Total time for which application threads were stopped: 0.0005844 seconds, Stopping threads took: 0.0002865 seconds
[2022-06-13T04:11:21.778+0000][1][safepoint    ] Application time: 0.0003026 seconds
[2022-06-13T04:11:21.779+0000][1][safepoint    ] Entering safepoint region: RevokeBias
[2022-06-13T04:11:21.779+0000][1][safepoint    ] Leaving safepoint region
[2022-06-13T04:11:21.780+0000][1][safepoint    ] Total time for which application threads were stopped: 0.0011615 seconds, Stopping threads took: 0.0003835 seconds
[2022-06-13T04:11:21.783+0000][1][safepoint    ] Application time: 0.0025905 seconds
[2022-06-13T04:11:21.784+0000][1][safepoint    ] Entering safepoint region: RevokeBias
[2022-06-13T04:11:21.784+0000][1][safepoint    ] Leaving safepoint region
[2022-06-13T04:11:21.785+0000][1][safepoint    ] Total time for which application threads were stopped: 0.0011894 seconds, Stopping threads took: 0.0006233 seconds
[2022-06-13T04:11:21.785+0000][1][safepoint    ] Application time: 0.0003923 seconds
[2022-06-13T04:11:21.785+0000][1][safepoint    ] Entering safepoint region: BulkRevokeBias
[2022-06-13T04:11:21.787+0000][1][safepoint    ] Leaving safepoint region
[2022-06-13T04:11:21.787+0000][1][safepoint    ] Total time for which application threads were stopped: 0.0016414 seconds, Stopping threads took: 0.0002284 seconds
[2022-06-13T04:11:22.768+0000][1][safepoint    ] Application time: 0.9805490 seconds
[2022-06-13T04:11:22.768+0000][1][safepoint    ] Entering safepoint region: RevokeBias
[2022-06-13T04:11:22.769+0000][1][safepoint    ] Leaving safepoint region
[2022-06-13T04:11:22.769+0000][1][safepoint    ] Total time for which application threads were stopped: 0.0007938 seconds, Stopping threads took: 0.0003134 seconds
[2022-06-13T04:11:22.770+0000][1][safepoint    ] Application time: 0.0007950 seconds
[2022-06-13T04:11:22.770+0000][1][safepoint    ] Entering safepoint region: RevokeBias
[2022-06-13T04:11:22.771+0000][1][safepoint    ] Leaving safepoint region
[2022-06-13T04:11:22.771+0000][1][safepoint    ] Total time for which application threads were stopped: 0.0005030 seconds, Stopping threads took: 0.0001763 seconds
[2022-06-13T04:11:22.771+0000][1][safepoint    ] Application time: 0.0002612 seconds
[2022-06-13T04:11:22.772+0000][1][safepoint    ] Entering safepoint region: RevokeBias
[2022-06-13T04:11:22.772+0000][1][safepoint    ] Leaving safepoint region
[2022-06-13T04:11:22.772+0000][1][safepoint    ] Total time for which application threads were stopped: 0.0007061 seconds, Stopping threads took: 0.0002245 seconds
[2022-06-13T04:11:22.776+0000][1][safepoint    ] Application time: 0.0034694 seconds
[2022-06-13T04:11:22.777+0000][1][safepoint    ] Entering safepoint region: RevokeBias
[2022-06-13T04:11:22.777+0000][1][safepoint    ] Leaving safepoint region
[2022-06-13T04:11:22.777+0000][1][safepoint    ] Total time for which application threads were stopped: 0.0005860 seconds, Stopping threads took: 0.0001925 seconds
[2022-06-13T04:11:23.769+0000][1][safepoint    ] Application time: 0.9909001 seconds
[2022-06-13T04:11:23.769+0000][1][safepoint    ] Entering safepoint region: RevokeBias
[2022-06-13T04:11:23.769+0000][1][safepoint    ] Leaving safepoint region
[2022-06-13T04:11:23.770+0000][1][safepoint    ] Total time for which application threads were stopped: 0.0008013 seconds, Stopping threads took: 0.0003511 seconds
[2022-06-13T04:11:23.771+0000][1][safepoint    ] Application time: 0.0006462 seconds
[2022-06-13T04:11:23.771+0000][1][safepoint    ] Entering safepoint region: RevokeBias
[2022-06-13T04:11:23.772+0000][1][safepoint    ] Leaving safepoint region
[2022-06-13T04:11:23.772+0000][1][safepoint    ] Total time for which application threads were stopped: 0.0006107 seconds, Stopping threads took: 0.0002400 seconds
[2022-06-13T04:11:23.775+0000][1][safepoint    ] Application time: 0.0032806 seconds
[2022-06-13T04:11:23.776+0000][1][safepoint    ] Entering safepoint region: RevokeBias
[2022-06-13T04:11:23.776+0000][1][safepoint    ] Leaving safepoint region
[2022-06-13T04:11:23.776+0000][1][safepoint    ] Total time for which application threads were stopped: 0.0007352 seconds, Stopping threads took: 0.0003137 seconds
[2022-06-13T04:11:23.777+0000][1][safepoint    ] Application time: 0.0002041 seconds
[2022-06-13T04:11:23.777+0000][1][safepoint    ] Entering safepoint region: RevokeBias
[2022-06-13T04:11:23.777+0000][1][safepoint    ] Leaving safepoint region
[2022-06-13T04:11:23.778+0000][1][safepoint    ] Total time for which application threads were stopped: 0.0007065 seconds, Stopping threads took: 0.0002433 seconds
[2022-06-13T04:11:24.770+0000][1][safepoint    ] Application time: 0.9916279 seconds
[2022-06-13T04:11:24.770+0000][1][safepoint    ] Entering safepoint region: RevokeBias
[2022-06-13T04:11:24.771+0000][1][safepoint    ] Leaving safepoint region
[2022-06-13T04:11:24.771+0000][1][safepoint    ] Total time for which application threads were stopped: 0.0007553 seconds, Stopping threads took: 0.0002600 seconds
[2022-06-13T04:11:24.772+0000][1][safepoint    ] Application time: 0.0008089 seconds
[2022-06-13T04:11:24.772+0000][1][safepoint    ] Entering safepoint region: RevokeBias
[2022-06-13T04:11:24.773+0000][1][safepoint    ] Leaving safepoint region
[2022-06-13T04:11:24.773+0000][1][safepoint    ] Total time for which application threads were stopped: 0.0008101 seconds, Stopping threads took: 0.0004116 seconds
[2022-06-13T04:11:24.777+0000][1][safepoint    ] Application time: 0.0033861 seconds
[2022-06-13T04:11:24.777+0000][1][safepoint    ] Entering safepoint region: RevokeBias
[2022-06-13T04:11:24.778+0000][1][safepoint    ] Leaving safepoint region
[2022-06-13T04:11:24.778+0000][1][safepoint    ] Total time for which application threads were stopped: 0.0006583 seconds, Stopping threads took: 0.0002991 seconds
[2022-06-13T04:11:24.779+0000][1][safepoint    ] Application time: 0.0005129 seconds
[2022-06-13T04:11:24.779+0000][1][safepoint    ] Entering safepoint region: RevokeBias
[2022-06-13T04:11:24.779+0000][1][safepoint    ] Leaving safepoint region
[2022-06-13T04:11:24.780+0000][1][safepoint    ] Total time for which application threads were stopped: 0.0007847 seconds, Stopping threads took: 0.0004406 seconds
[2022-06-13T04:11:25.078+0000][1][safepoint    ] Application time: 0.2979749 seconds
[2022-06-13T04:11:25.078+0000][1][safepoint    ] Entering safepoint region: RevokeBias
[2022-06-13T04:11:25.079+0000][1][safepoint    ] Leaving safepoint region
[2022-06-13T04:11:25.079+0000][1][safepoint    ] Total time for which application threads were stopped: 0.0010301 seconds, Stopping threads took: 0.0004581 seconds
[2022-06-13T04:11:25.080+0000][1][safepoint    ] Application time: 0.0002263 seconds
[2022-06-13T04:11:25.081+0000][1][safepoint    ] Entering safepoint region: RevokeBias
[2022-06-13T04:11:25.081+0000][1][safepoint    ] Leaving safepoint region
[2022-06-13T04:11:25.082+0000][1][safepoint    ] Total time for which application threads were stopped: 0.0011811 seconds, Stopping threads took: 0.0006577 seconds
[2022-06-13T04:11:25.771+0000][1][safepoint    ] Application time: 0.6890944 seconds
[2022-06-13T04:11:25.772+0000][1][safepoint    ] Entering safepoint region: BulkRevokeBias
[2022-06-13T04:11:25.773+0000][1][safepoint    ] Leaving safepoint region
[2022-06-13T04:11:25.773+0000][1][safepoint    ] Total time for which application threads were stopped: 0.0013591 seconds, Stopping threads took: 0.0003534 seconds
[2022-06-13T04:11:25.777+0000][1][safepoint    ] Application time: 0.0029330 seconds
[2022-06-13T04:11:25.777+0000][1][safepoint    ] Entering safepoint region: RevokeBias
[2022-06-13T04:11:25.777+0000][1][safepoint    ] Leaving safepoint region
[2022-06-13T04:11:25.778+0000][1][safepoint    ] Total time for which application threads were stopped: 0.0010860 seconds, Stopping threads took: 0.0003555 seconds
[2022-06-13T04:11:26.766+0000][1][safepoint    ] Application time: 0.9874542 seconds
[2022-06-13T04:11:26.766+0000][1][safepoint    ] Entering safepoint region: RevokeBias
[2022-06-13T04:11:26.767+0000][1][safepoint    ] Leaving safepoint region
[2022-06-13T04:11:26.767+0000][1][safepoint    ] Total time for which application threads were stopped: 0.0009780 seconds, Stopping threads took: 0.0004646 seconds
[2022-06-13T04:11:26.776+0000][1][safepoint    ] Application time: 0.0087923 seconds
[2022-06-13T04:11:26.777+0000][1][safepoint    ] Entering safepoint region: RevokeBias
[2022-06-13T04:11:26.777+0000][1][safepoint    ] Leaving safepoint region
[2022-06-13T04:11:26.777+0000][1][safepoint    ] Total time for which application threads were stopped: 0.0007105 seconds, Stopping threads took: 0.0002570 seconds
[2022-06-13T04:11:26.778+0000][1][safepoint    ] Application time: 0.0008236 seconds
[2022-06-13T04:11:26.779+0000][1][safepoint    ] Entering safepoint region: RevokeBias
[2022-06-13T04:11:26.779+0000][1][safepoint    ] Leaving safepoint region
[2022-06-13T04:11:26.779+0000][1][safepoint    ] Total time for which application threads were stopped: 0.0008275 seconds, Stopping threads took: 0.0004131 seconds
[2022-06-13T04:11:26.782+0000][1][safepoint    ] Application time: 0.0020477 seconds
[2022-06-13T04:11:26.782+0000][1][safepoint    ] Entering safepoint region: BulkRevokeBias
[2022-06-13T04:11:26.782+0000][1][safepoint    ] Leaving safepoint region
[2022-06-13T04:11:26.783+0000][1][safepoint    ] Total time for which application threads were stopped: 0.0007719 seconds, Stopping threads took: 0.0001447 seconds
[2022-06-13T04:11:27.777+0000][1][safepoint    ] Application time: 0.9942118 seconds
[2022-06-13T04:11:27.778+0000][1][safepoint    ] Entering safepoint region: RevokeBias
[2022-06-13T04:11:27.778+0000][1][safepoint    ] Leaving safepoint region
[2022-06-13T04:11:27.779+0000][1][safepoint    ] Total time for which application threads were stopped: 0.0014439 seconds, Stopping threads took: 0.0009283 seconds
[2022-06-13T04:11:27.780+0000][1][safepoint    ] Application time: 0.0004024 seconds
[2022-06-13T04:11:27.780+0000][1][safepoint    ] Entering safepoint region: RevokeBias
[2022-06-13T04:11:27.780+0000][1][safepoint    ] Leaving safepoint region
[2022-06-13T04:11:27.780+0000][1][safepoint    ] Total time for which application threads were stopped: 0.0004659 seconds, Stopping threads took: 0.0001850 seconds
[2022-06-13T04:11:28.779+0000][1][safepoint    ] Application time: 0.9983103 seconds
[2022-06-13T04:11:28.780+0000][1][safepoint    ] Entering safepoint region: RevokeBias
[2022-06-13T04:11:28.781+0000][1][safepoint    ] Leaving safepoint region
[2022-06-13T04:11:28.781+0000][1][safepoint    ] Total time for which application threads were stopped: 0.0013983 seconds, Stopping threads took: 0.0007324 seconds
[2022-06-13T04:11:29.781+0000][1][safepoint    ] Application time: 1.0001476 seconds
[2022-06-13T04:11:29.782+0000][1][safepoint    ] Entering safepoint region: Cleanup
[2022-06-13T04:11:29.782+0000][1][safepoint    ] Leaving safepoint region
[2022-06-13T04:11:29.783+0000][1][safepoint    ] Total time for which application threads were stopped: 0.0010037 seconds, Stopping threads took: 0.0003878 seconds
[2022-06-13T04:11:30.783+0000][1][safepoint    ] Application time: 1.0001687 seconds
[2022-06-13T04:11:30.784+0000][1][safepoint    ] Entering safepoint region: Cleanup
[2022-06-13T04:11:30.784+0000][1][safepoint    ] Leaving safepoint region
[2022-06-13T04:11:30.784+0000][1][safepoint    ] Total time for which application threads were stopped: 0.0007678 seconds, Stopping threads took: 0.0003958 seconds
[2022-06-13T04:11:31.785+0000][1][safepoint    ] Application time: 1.0001629 seconds
[2022-06-13T04:11:31.785+0000][1][safepoint    ] Entering safepoint region: Cleanup
[2022-06-13T04:11:31.786+0000][1][safepoint    ] Leaving safepoint region
[2022-06-13T04:11:31.786+0000][1][safepoint    ] Total time for which application threads were stopped: 0.0011062 seconds, Stopping threads took: 0.0005193 seconds
[2022-06-13T04:11:32.787+0000][1][safepoint    ] Application time: 1.0001992 seconds
[2022-06-13T04:11:32.787+0000][1][safepoint    ] Entering safepoint region: Cleanup
[2022-06-13T04:11:32.788+0000][1][safepoint    ] Leaving safepoint region
[2022-06-13T04:11:32.788+0000][1][safepoint    ] Total time for which application threads were stopped: 0.0009283 seconds, Stopping threads took: 0.0002719 seconds
[2022-06-13T04:11:32.790+0000][1][safepoint    ] Application time: 0.0017044 seconds
[2022-06-13T04:11:32.791+0000][1][safepoint    ] Entering safepoint region: BulkRevokeBias
[2022-06-13T04:11:32.791+0000][1][safepoint    ] Leaving safepoint region
[2022-06-13T04:11:32.792+0000][1][safepoint    ] Total time for which application threads were stopped: 0.0009937 seconds, Stopping threads took: 0.0003877 seconds
[2022-06-13T04:11:33.792+0000][1][safepoint    ] Application time: 1.0001623 seconds
[2022-06-13T04:11:33.792+0000][1][safepoint    ] Entering safepoint region: Cleanup
[2022-06-13T04:11:33.792+0000][1][safepoint    ] Leaving safepoint region
[2022-06-13T04:11:33.793+0000][1][safepoint    ] Total time for which application threads were stopped: 0.0002967 seconds, Stopping threads took: 0.0001265 seconds
[2022-06-13T04:11:34.793+0000][1][safepoint    ] Application time: 1.0000984 seconds
[2022-06-13T04:11:34.793+0000][1][safepoint    ] Entering safepoint region: Cleanup
[2022-06-13T04:11:34.793+0000][1][safepoint    ] Leaving safepoint region
[2022-06-13T04:11:34.794+0000][1][safepoint    ] Total time for which application threads were stopped: 0.0008003 seconds, Stopping threads took: 0.0004620 seconds
[2022-06-13T04:11:35.794+0000][1][safepoint    ] Application time: 1.0001582 seconds
[2022-06-13T04:11:35.795+0000][1][safepoint    ] Entering safepoint region: Cleanup
[2022-06-13T04:11:35.795+0000][1][safepoint    ] Leaving safepoint region
[2022-06-13T04:11:35.796+0000][1][safepoint    ] Total time for which application threads were stopped: 0.0009786 seconds, Stopping threads took: 0.0004333 seconds
[2022-06-13T04:11:36.772+0000][1][safepoint    ] Application time: 0.9755685 seconds
[2022-06-13T04:11:36.772+0000][1][safepoint    ] Entering safepoint region: RevokeBias
[2022-06-13T04:11:36.773+0000][1][safepoint    ] Leaving safepoint region
[2022-06-13T04:11:36.773+0000][1][safepoint    ] Total time for which application threads were stopped: 0.0009957 seconds, Stopping threads took: 0.0004919 seconds
[2022-06-13T04:11:36.790+0000][1][safepoint    ] Application time: 0.0170041 seconds
[2022-06-13T04:11:36.791+0000][1][safepoint    ] Entering safepoint region: BulkRevokeBias
[2022-06-13T04:11:36.791+0000][1][safepoint    ] Leaving safepoint region
[2022-06-13T04:11:36.792+0000][1][safepoint    ] Total time for which application threads were stopped: 0.0010366 seconds, Stopping threads took: 0.0002816 seconds
[2022-06-13T04:11:37.792+0000][1][safepoint    ] Application time: 1.0002160 seconds
[2022-06-13T04:11:37.793+0000][1][safepoint    ] Entering safepoint region: Cleanup
[2022-06-13T04:11:37.794+0000][1][safepoint    ] Leaving safepoint region
[2022-06-13T04:11:37.794+0000][1][safepoint    ] Total time for which application threads were stopped: 0.0010480 seconds, Stopping threads took: 0.0005756 seconds
[2022-06-13T04:11:38.795+0000][1][safepoint    ] Application time: 1.0001884 seconds
[2022-06-13T04:11:38.795+0000][1][safepoint    ] Entering safepoint region: Cleanup
[2022-06-13T04:11:38.795+0000][1][safepoint    ] Leaving safepoint region
[2022-06-13T04:11:38.796+0000][1][safepoint    ] Total time for which application threads were stopped: 0.0005123 seconds, Stopping threads took: 0.0002103 seconds
[2022-06-13T04:11:39.793+0000][1][safepoint    ] Application time: 0.9970617 seconds
[2022-06-13T04:11:39.793+0000][1][safepoint    ] Entering safepoint region: GenCollectForAllocation
[2022-06-13T04:11:39.794+0000][1][gc,start     ] GC(22) Pause Young (Allocation Failure)
[2022-06-13T04:11:39.794+0000][1][gc,task      ] GC(22) Using 5 workers of 13 for evacuation
[2022-06-13T04:11:39.799+0000][1][gc,age       ] GC(22) Desired survivor size 4456448 bytes, new threshold 2 (max threshold 6)
[2022-06-13T04:11:39.800+0000][1][gc,age       ] GC(22) Age table with threshold 2 (max threshold 6)
[2022-06-13T04:11:39.801+0000][1][gc,age       ] GC(22) - age   1:    1565904 bytes,    1565904 total
[2022-06-13T04:11:39.801+0000][1][gc,age       ] GC(22) - age   2:    3842600 bytes,    5408504 total
[2022-06-13T04:11:39.801+0000][1][gc,heap      ] GC(22) ParNew: 75804K->8164K(78656K)
[2022-06-13T04:11:39.802+0000][1][gc,heap      ] GC(22) CMS: 62932K->64283K(174784K)
[2022-06-13T04:11:39.803+0000][1][gc,metaspace ] GC(22) Metaspace: 64513K->64513K(1107968K)
[2022-06-13T04:11:39.803+0000][1][gc           ] GC(22) Pause Young (Allocation Failure) 135M->70M(247M) 9.178ms
[2022-06-13T04:11:39.804+0000][1][gc,cpu       ] GC(22) User=0.02s Sys=0.00s Real=0.01s
[2022-06-13T04:11:39.804+0000][1][safepoint    ] Leaving safepoint region
[2022-06-13T04:11:39.804+0000][1][safepoint    ] Total time for which application threads were stopped: 0.0112457 seconds, Stopping threads took: 0.0005593 seconds
[2022-06-13T04:11:40.805+0000][1][safepoint    ] Application time: 1.0002379 seconds
[2022-06-13T04:11:40.806+0000][1][safepoint    ] Entering safepoint region: Cleanup
[2022-06-13T04:11:40.806+0000][1][safepoint    ] Leaving safepoint region
[2022-06-13T04:11:40.807+0000][1][safepoint    ] Total time for which application threads were stopped: 0.0010273 seconds, Stopping threads took: 0.0004212 seconds
[2022-06-13T04:11:41.807+0000][1][safepoint    ] Application time: 1.0001365 seconds
[2022-06-13T04:11:41.808+0000][1][safepoint    ] Entering safepoint region: Cleanup
[2022-06-13T04:11:41.808+0000][1][safepoint    ] Leaving safepoint region
[2022-06-13T04:11:41.809+0000][1][safepoint    ] Total time for which application threads were stopped: 0.0010263 seconds, Stopping threads took: 0.0004480 seconds
[2022-06-13T04:11:42.809+0000][1][safepoint    ] Application time: 1.0002093 seconds
[2022-06-13T04:11:42.810+0000][1][safepoint    ] Entering safepoint region: Cleanup
[2022-06-13T04:11:42.811+0000][1][safepoint    ] Leaving safepoint region
[2022-06-13T04:11:42.811+0000][1][safepoint    ] Total time for which application threads were stopped: 0.0013774 seconds, Stopping threads took: 0.0006817 seconds
[2022-06-13T04:11:43.812+0000][1][safepoint    ] Application time: 1.0002970 seconds
[2022-06-13T04:11:43.812+0000][1][safepoint    ] Entering safepoint region: Cleanup
[2022-06-13T04:11:43.813+0000][1][safepoint    ] Leaving safepoint region
[2022-06-13T04:11:43.813+0000][1][safepoint    ] Total time for which application threads were stopped: 0.0007137 seconds, Stopping threads took: 0.0003127 seconds
[2022-06-13T04:11:44.814+0000][1][safepoint    ] Application time: 1.0002354 seconds
[2022-06-13T04:11:44.815+0000][1][safepoint    ] Entering safepoint region: Cleanup
[2022-06-13T04:11:44.816+0000][1][safepoint    ] Leaving safepoint region
[2022-06-13T04:11:44.817+0000][1][safepoint    ] Total time for which application threads were stopped: 0.0021777 seconds, Stopping threads took: 0.0008638 seconds
[2022-06-13T04:11:45.817+0000][1][safepoint    ] Application time: 1.0001559 seconds
[2022-06-13T04:11:45.818+0000][1][safepoint    ] Entering safepoint region: Cleanup
[2022-06-13T04:11:45.818+0000][1][safepoint    ] Leaving safepoint region
[2022-06-13T04:11:45.819+0000][1][safepoint    ] Total time for which application threads were stopped: 0.0006407 seconds, Stopping threads took: 0.0003390 seconds
[2022-06-13T04:11:46.776+0000][1][safepoint    ] Application time: 0.9574183 seconds
[2022-06-13T04:11:46.777+0000][1][safepoint    ] Entering safepoint region: RevokeBias
[2022-06-13T04:11:46.777+0000][1][safepoint    ] Leaving safepoint region
[2022-06-13T04:11:46.777+0000][1][safepoint    ] Total time for which application threads were stopped: 0.0007814 seconds, Stopping threads took: 0.0003633 seconds
[2022-06-13T04:11:46.789+0000][1][safepoint    ] Application time: 0.0109879 seconds
[2022-06-13T04:11:46.789+0000][1][safepoint    ] Entering safepoint region: RevokeBias
[2022-06-13T04:11:46.790+0000][1][safepoint    ] Leaving safepoint region
[2022-06-13T04:11:46.790+0000][1][safepoint    ] Total time for which application threads were stopped: 0.0007693 seconds, Stopping threads took: 0.0003468 seconds
[2022-06-13T04:11:47.790+0000][1][safepoint    ] Application time: 1.0001739 seconds
[2022-06-13T04:11:47.791+0000][1][safepoint    ] Entering safepoint region: Cleanup
[2022-06-13T04:11:47.792+0000][1][safepoint    ] Leaving safepoint region
[2022-06-13T04:11:47.793+0000][1][safepoint    ] Total time for which application threads were stopped: 0.0014991 seconds, Stopping threads took: 0.0009132 seconds
[2022-06-13T04:11:48.793+0000][1][safepoint    ] Application time: 1.0001336 seconds
[2022-06-13T04:11:48.794+0000][1][safepoint    ] Entering safepoint region: Cleanup
[2022-06-13T04:11:48.794+0000][1][safepoint    ] Leaving safepoint region
[2022-06-13T04:11:48.794+0000][1][safepoint    ] Total time for which application threads were stopped: 0.0008286 seconds, Stopping threads took: 0.0005026 seconds
[2022-06-13T04:11:49.795+0000][1][safepoint    ] Application time: 1.0001522 seconds
[2022-06-13T04:11:49.795+0000][1][safepoint    ] Entering safepoint region: Cleanup
[2022-06-13T04:11:49.796+0000][1][safepoint    ] Leaving safepoint region
[2022-06-13T04:11:49.796+0000][1][safepoint    ] Total time for which application threads were stopped: 0.0008230 seconds, Stopping threads took: 0.0003714 seconds
[2022-06-13T04:11:50.797+0000][1][safepoint    ] Application time: 1.0002931 seconds
[2022-06-13T04:11:50.797+0000][1][safepoint    ] Entering safepoint region: Cleanup
[2022-06-13T04:11:50.797+0000][1][safepoint    ] Leaving safepoint region
[2022-06-13T04:11:50.798+0000][1][safepoint    ] Total time for which application threads were stopped: 0.0009019 seconds, Stopping threads took: 0.0004691 seconds
[2022-06-13T04:11:51.798+0000][1][safepoint    ] Application time: 1.0002866 seconds
[2022-06-13T04:11:51.799+0000][1][safepoint    ] Entering safepoint region: Cleanup
[2022-06-13T04:11:51.799+0000][1][safepoint    ] Leaving safepoint region
[2022-06-13T04:11:51.800+0000][1][safepoint    ] Total time for which application threads were stopped: 0.0009264 seconds, Stopping threads took: 0.0005799 seconds
[2022-06-13T04:11:52.800+0000][1][safepoint    ] Application time: 1.0002516 seconds
[2022-06-13T04:11:52.801+0000][1][safepoint    ] Entering safepoint region: Cleanup
[2022-06-13T04:11:52.801+0000][1][safepoint    ] Leaving safepoint region
[2022-06-13T04:11:52.801+0000][1][safepoint    ] Total time for which application threads were stopped: 0.0006308 seconds, Stopping threads took: 0.0003755 seconds
[2022-06-13T04:11:52.802+0000][1][safepoint    ] Application time: 0.0008642 seconds
[2022-06-13T04:11:52.803+0000][1][safepoint    ] Entering safepoint region: BulkRevokeBias
[2022-06-13T04:11:52.803+0000][1][safepoint    ] Leaving safepoint region
[2022-06-13T04:11:52.804+0000][1][safepoint    ] Total time for which application threads were stopped: 0.0010862 seconds, Stopping threads took: 0.0002616 seconds
[2022-06-13T04:11:53.804+0000][1][safepoint    ] Application time: 1.0002572 seconds
[2022-06-13T04:11:53.805+0000][1][safepoint    ] Entering safepoint region: Cleanup
[2022-06-13T04:11:53.806+0000][1][safepoint    ] Leaving safepoint region
[2022-06-13T04:11:53.806+0000][1][safepoint    ] Total time for which application threads were stopped: 0.0012502 seconds, Stopping threads took: 0.0006437 seconds
[2022-06-13T04:11:54.807+0000][1][safepoint    ] Application time: 1.0002787 seconds
[2022-06-13T04:11:54.807+0000][1][safepoint    ] Entering safepoint region: Cleanup
[2022-06-13T04:11:54.807+0000][1][safepoint    ] Leaving safepoint region
[2022-06-13T04:11:54.808+0000][1][safepoint    ] Total time for which application threads were stopped: 0.0007308 seconds, Stopping threads took: 0.0003089 seconds
[2022-06-13T04:11:55.808+0000][1][safepoint    ] Application time: 1.0000939 seconds
[2022-06-13T04:11:55.808+0000][1][safepoint    ] Entering safepoint region: Cleanup
[2022-06-13T04:11:55.809+0000][1][safepoint    ] Leaving safepoint region
[2022-06-13T04:11:55.809+0000][1][safepoint    ] Total time for which application threads were stopped: 0.0006530 seconds, Stopping threads took: 0.0003189 seconds
[2022-06-13T04:11:56.781+0000][1][safepoint    ] Application time: 0.9712929 seconds
[2022-06-13T04:11:56.781+0000][1][safepoint    ] Entering safepoint region: RevokeBias
[2022-06-13T04:11:56.782+0000][1][safepoint    ] Leaving safepoint region
[2022-06-13T04:11:56.782+0000][1][safepoint    ] Total time for which application threads were stopped: 0.0008119 seconds, Stopping threads took: 0.0003852 seconds
[2022-06-13T04:11:57.783+0000][1][safepoint    ] Application time: 1.0002711 seconds
[2022-06-13T04:11:57.783+0000][1][safepoint    ] Entering safepoint region: Cleanup
[2022-06-13T04:11:57.784+0000][1][safepoint    ] Leaving safepoint region
[2022-06-13T04:11:57.784+0000][1][safepoint    ] Total time for which application threads were stopped: 0.0007866 seconds, Stopping threads took: 0.0003763 seconds
[2022-06-13T04:11:58.785+0000][1][safepoint    ] Application time: 1.0001048 seconds
[2022-06-13T04:11:58.785+0000][1][safepoint    ] Entering safepoint region: Cleanup
[2022-06-13T04:11:58.785+0000][1][safepoint    ] Leaving safepoint region
[2022-06-13T04:11:58.786+0000][1][safepoint    ] Total time for which application threads were stopped: 0.0006742 seconds, Stopping threads took: 0.0002961 seconds
[2022-06-13T04:11:59.786+0000][1][safepoint    ] Application time: 1.0002329 seconds
[2022-06-13T04:11:59.787+0000][1][safepoint    ] Entering safepoint region: Cleanup
[2022-06-13T04:11:59.787+0000][1][safepoint    ] Leaving safepoint region
[2022-06-13T04:11:59.788+0000][1][safepoint    ] Total time for which application threads were stopped: 0.0007598 seconds, Stopping threads took: 0.0003521 seconds
[2022-06-13T04:12:00.788+0000][1][safepoint    ] Application time: 1.0002638 seconds
[2022-06-13T04:12:00.789+0000][1][safepoint    ] Entering safepoint region: Cleanup
[2022-06-13T04:12:00.789+0000][1][safepoint    ] Leaving safepoint region
[2022-06-13T04:12:00.790+0000][1][safepoint    ] Total time for which application threads were stopped: 0.0009648 seconds, Stopping threads took: 0.0003740 seconds
[2022-06-13T04:12:01.791+0000][1][safepoint    ] Application time: 1.0002243 seconds
[2022-06-13T04:12:01.791+0000][1][safepoint    ] Entering safepoint region: Cleanup
[2022-06-13T04:12:01.792+0000][1][safepoint    ] Leaving safepoint region
[2022-06-13T04:12:01.793+0000][1][safepoint    ] Total time for which application threads were stopped: 0.0013323 seconds, Stopping threads took: 0.0005642 seconds
[2022-06-13T04:12:02.793+0000][1][safepoint    ] Application time: 1.0001983 seconds
[2022-06-13T04:12:02.794+0000][1][safepoint    ] Entering safepoint region: Cleanup
[2022-06-13T04:12:02.795+0000][1][safepoint    ] Leaving safepoint region
[2022-06-13T04:12:02.795+0000][1][safepoint    ] Total time for which application threads were stopped: 0.0010577 seconds, Stopping threads took: 0.0005686 seconds
[2022-06-13T04:12:03.796+0000][1][safepoint    ] Application time: 1.0002247 seconds
[2022-06-13T04:12:03.796+0000][1][safepoint    ] Entering safepoint region: Cleanup
[2022-06-13T04:12:03.797+0000][1][safepoint    ] Leaving safepoint region
[2022-06-13T04:12:03.797+0000][1][safepoint    ] Total time for which application threads were stopped: 0.0006525 seconds, Stopping threads took: 0.0003253 seconds
[2022-06-13T04:12:04.797+0000][1][safepoint    ] Application time: 1.0001180 seconds
[2022-06-13T04:12:04.798+0000][1][safepoint    ] Entering safepoint region: Cleanup
[2022-06-13T04:12:04.798+0000][1][safepoint    ] Leaving safepoint region
[2022-06-13T04:12:04.798+0000][1][safepoint    ] Total time for which application threads were stopped: 0.0005887 seconds, Stopping threads took: 0.0003335 seconds
[2022-06-13T04:12:05.799+0000][1][safepoint    ] Application time: 1.0003394 seconds
[2022-06-13T04:12:05.800+0000][1][safepoint    ] Entering safepoint region: Cleanup
[2022-06-13T04:12:05.800+0000][1][safepoint    ] Leaving safepoint region
[2022-06-13T04:12:05.800+0000][1][safepoint    ] Total time for which application threads were stopped: 0.0005076 seconds, Stopping threads took: 0.0001632 seconds
[2022-06-13T04:12:06.785+0000][1][safepoint    ] Application time: 0.9852381 seconds
[2022-06-13T04:12:06.786+0000][1][safepoint    ] Entering safepoint region: RevokeBias
[2022-06-13T04:12:06.786+0000][1][safepoint    ] Leaving safepoint region
[2022-06-13T04:12:06.787+0000][1][safepoint    ] Total time for which application threads were stopped: 0.0007187 seconds, Stopping threads took: 0.0003355 seconds
[2022-06-13T04:12:07.787+0000][1][safepoint    ] Application time: 1.0002129 seconds
[2022-06-13T04:12:07.788+0000][1][safepoint    ] Entering safepoint region: Cleanup
[2022-06-13T04:12:07.788+0000][1][safepoint    ] Leaving safepoint region
[2022-06-13T04:12:07.788+0000][1][safepoint    ] Total time for which application threads were stopped: 0.0008404 seconds, Stopping threads took: 0.0003623 seconds
[2022-06-13T04:12:08.789+0000][1][safepoint    ] Application time: 1.0002776 seconds
[2022-06-13T04:12:08.790+0000][1][safepoint    ] Entering safepoint region: Cleanup
[2022-06-13T04:12:08.790+0000][1][safepoint    ] Leaving safepoint region
[2022-06-13T04:12:08.790+0000][1][safepoint    ] Total time for which application threads were stopped: 0.0007398 seconds, Stopping threads took: 0.0002963 seconds
[2022-06-13T04:12:09.791+0000][1][safepoint    ] Application time: 1.0001895 seconds
[2022-06-13T04:12:09.792+0000][1][safepoint    ] Entering safepoint region: Cleanup
[2022-06-13T04:12:09.792+0000][1][safepoint    ] Leaving safepoint region
[2022-06-13T04:12:09.792+0000][1][safepoint    ] Total time for which application threads were stopped: 0.0008369 seconds, Stopping threads took: 0.0003826 seconds
[2022-06-13T04:12:10.793+0000][1][safepoint    ] Application time: 1.0002210 seconds
[2022-06-13T04:12:10.793+0000][1][safepoint    ] Entering safepoint region: Cleanup
[2022-06-13T04:12:10.794+0000][1][safepoint    ] Leaving safepoint region
[2022-06-13T04:12:10.794+0000][1][safepoint    ] Total time for which application threads were stopped: 0.0006001 seconds, Stopping threads took: 0.0002636 seconds
[2022-06-13T04:12:11.539+0000][1][safepoint    ] Application time: 0.7445752 seconds
[2022-06-13T04:12:11.539+0000][1][safepoint    ] Entering safepoint region: GenCollectForAllocation
[2022-06-13T04:12:11.540+0000][1][gc,start     ] GC(23) Pause Young (Allocation Failure)
[2022-06-13T04:12:11.540+0000][1][gc,task      ] GC(23) Using 5 workers of 13 for evacuation
[2022-06-13T04:12:11.545+0000][1][gc,age       ] GC(23) Desired survivor size 4456448 bytes, new threshold 6 (max threshold 6)
[2022-06-13T04:12:11.545+0000][1][gc,age       ] GC(23) Age table with threshold 6 (max threshold 6)
[2022-06-13T04:12:11.546+0000][1][gc,age       ] GC(23) - age   1:     494464 bytes,     494464 total
[2022-06-13T04:12:11.546+0000][1][gc,age       ] GC(23) - age   2:    1386832 bytes,    1881296 total
[2022-06-13T04:12:11.547+0000][1][gc,heap      ] GC(23) ParNew: 78116K->5236K(78656K)
[2022-06-13T04:12:11.547+0000][1][gc,heap      ] GC(23) CMS: 64283K->68174K(174784K)
[2022-06-13T04:12:11.547+0000][1][gc,metaspace ] GC(23) Metaspace: 65045K->65045K(1107968K)
[2022-06-13T04:12:11.548+0000][1][gc           ] GC(23) Pause Young (Allocation Failure) 139M->71M(247M) 8.178ms
[2022-06-13T04:12:11.548+0000][1][gc,cpu       ] GC(23) User=0.02s Sys=0.01s Real=0.00s
[2022-06-13T04:12:11.549+0000][1][safepoint    ] Leaving safepoint region
[2022-06-13T04:12:11.549+0000][1][safepoint    ] Total time for which application threads were stopped: 0.0098279 seconds, Stopping threads took: 0.0004116 seconds
[2022-06-13T04:12:12.549+0000][1][safepoint    ] Application time: 1.0002421 seconds
[2022-06-13T04:12:12.550+0000][1][safepoint    ] Entering safepoint region: Cleanup
[2022-06-13T04:12:12.550+0000][1][safepoint    ] Leaving safepoint region
[2022-06-13T04:12:12.550+0000][1][safepoint    ] Total time for which application threads were stopped: 0.0005885 seconds, Stopping threads took: 0.0002906 seconds
[2022-06-13T04:12:13.551+0000][1][safepoint    ] Application time: 1.0002416 seconds
[2022-06-13T04:12:13.551+0000][1][safepoint    ] Entering safepoint region: Cleanup
[2022-06-13T04:12:13.552+0000][1][safepoint    ] Leaving safepoint region
[2022-06-13T04:12:13.552+0000][1][safepoint    ] Total time for which application threads were stopped: 0.0007824 seconds, Stopping threads took: 0.0003797 seconds
[2022-06-13T04:12:14.552+0000][1][safepoint    ] Application time: 1.0002312 seconds
[2022-06-13T04:12:14.553+0000][1][safepoint    ] Entering safepoint region: Cleanup
[2022-06-13T04:12:14.553+0000][1][safepoint    ] Leaving safepoint region
[2022-06-13T04:12:14.553+0000][1][safepoint    ] Total time for which application threads were stopped: 0.0006595 seconds, Stopping threads took: 0.0002884 seconds
[2022-06-13T04:12:15.554+0000][1][safepoint    ] Application time: 1.0002993 seconds
[2022-06-13T04:12:15.554+0000][1][safepoint    ] Entering safepoint region: Cleanup
[2022-06-13T04:12:15.555+0000][1][safepoint    ] Leaving safepoint region
[2022-06-13T04:12:15.555+0000][1][safepoint    ] Total time for which application threads were stopped: 0.0010836 seconds, Stopping threads took: 0.0005241 seconds
[2022-06-13T04:12:16.556+0000][1][safepoint    ] Application time: 1.0001416 seconds
[2022-06-13T04:12:16.557+0000][1][safepoint    ] Entering safepoint region: Cleanup
[2022-06-13T04:12:16.557+0000][1][safepoint    ] Leaving safepoint region
[2022-06-13T04:12:16.557+0000][1][safepoint    ] Total time for which application threads were stopped: 0.0009599 seconds, Stopping threads took: 0.0005320 seconds
[2022-06-13T04:12:16.790+0000][1][safepoint    ] Application time: 0.2319428 seconds
[2022-06-13T04:12:16.790+0000][1][safepoint    ] Entering safepoint region: RevokeBias
[2022-06-13T04:12:16.790+0000][1][safepoint    ] Leaving safepoint region
[2022-06-13T04:12:16.791+0000][1][safepoint    ] Total time for which application threads were stopped: 0.0007911 seconds, Stopping threads took: 0.0003322 seconds
[2022-06-13T04:12:17.791+0000][1][safepoint    ] Application time: 1.0001173 seconds
[2022-06-13T04:12:17.792+0000][1][safepoint    ] Entering safepoint region: Cleanup
[2022-06-13T04:12:17.792+0000][1][safepoint    ] Leaving safepoint region
[2022-06-13T04:12:17.793+0000][1][safepoint    ] Total time for which application threads were stopped: 0.0010274 seconds, Stopping threads took: 0.0004754 seconds
[2022-06-13T04:12:18.794+0000][1][safepoint    ] Application time: 1.0001682 seconds
[2022-06-13T04:12:18.794+0000][1][safepoint    ] Entering safepoint region: Cleanup
[2022-06-13T04:12:18.795+0000][1][safepoint    ] Leaving safepoint region
[2022-06-13T04:12:18.795+0000][1][safepoint    ] Total time for which application threads were stopped: 0.0010268 seconds, Stopping threads took: 0.0004165 seconds
[2022-06-13T04:12:19.796+0000][1][safepoint    ] Application time: 1.0002574 seconds
[2022-06-13T04:12:19.796+0000][1][safepoint    ] Entering safepoint region: Cleanup
[2022-06-13T04:12:19.797+0000][1][safepoint    ] Leaving safepoint region
[2022-06-13T04:12:19.797+0000][1][safepoint    ] Total time for which application threads were stopped: 0.0009300 seconds, Stopping threads took: 0.0004136 seconds
[2022-06-13T04:12:20.798+0000][1][safepoint    ] Application time: 1.0001268 seconds
[2022-06-13T04:12:20.798+0000][1][safepoint    ] Entering safepoint region: Cleanup
[2022-06-13T04:12:20.799+0000][1][safepoint    ] Leaving safepoint region
[2022-06-13T04:12:20.799+0000][1][safepoint    ] Total time for which application threads were stopped: 0.0003706 seconds, Stopping threads took: 0.0001564 seconds
[2022-06-13T04:12:21.799+0000][1][safepoint    ] Application time: 1.0003189 seconds
[2022-06-13T04:12:21.800+0000][1][safepoint    ] Entering safepoint region: Cleanup
[2022-06-13T04:12:21.801+0000][1][safepoint    ] Leaving safepoint region
[2022-06-13T04:12:21.801+0000][1][safepoint    ] Total time for which application threads were stopped: 0.0012087 seconds, Stopping threads took: 0.0005499 seconds
[2022-06-13T04:12:22.802+0000][1][safepoint    ] Application time: 1.0002662 seconds
[2022-06-13T04:12:22.803+0000][1][safepoint    ] Entering safepoint region: Cleanup
[2022-06-13T04:12:22.803+0000][1][safepoint    ] Leaving safepoint region
[2022-06-13T04:12:22.804+0000][1][safepoint    ] Total time for which application threads were stopped: 0.0009665 seconds, Stopping threads took: 0.0004369 seconds
[2022-06-13T04:12:23.804+0000][1][safepoint    ] Application time: 1.0002195 seconds
[2022-06-13T04:12:23.805+0000][1][safepoint    ] Entering safepoint region: Cleanup
[2022-06-13T04:12:23.805+0000][1][safepoint    ] Leaving safepoint region
[2022-06-13T04:12:23.806+0000][1][safepoint    ] Total time for which application threads were stopped: 0.0008929 seconds, Stopping threads took: 0.0004215 seconds
[2022-06-13T04:12:24.806+0000][1][safepoint    ] Application time: 1.0001064 seconds
[2022-06-13T04:12:24.807+0000][1][safepoint    ] Entering safepoint region: Cleanup
[2022-06-13T04:12:24.807+0000][1][safepoint    ] Leaving safepoint region
[2022-06-13T04:12:24.807+0000][1][safepoint    ] Total time for which application threads were stopped: 0.0007011 seconds, Stopping threads took: 0.0004418 seconds
[2022-06-13T04:12:25.808+0000][1][safepoint    ] Application time: 1.0001603 seconds
[2022-06-13T04:12:25.809+0000][1][safepoint    ] Entering safepoint region: Cleanup
[2022-06-13T04:12:25.809+0000][1][safepoint    ] Leaving safepoint region
[2022-06-13T04:12:25.810+0000][1][safepoint    ] Total time for which application threads were stopped: 0.0012901 seconds, Stopping threads took: 0.0005064 seconds
[2022-06-13T04:12:26.794+0000][1][safepoint    ] Application time: 0.9832279 seconds
[2022-06-13T04:12:26.794+0000][1][safepoint    ] Entering safepoint region: RevokeBias
[2022-06-13T04:12:26.795+0000][1][safepoint    ] Leaving safepoint region
[2022-06-13T04:12:26.795+0000][1][safepoint    ] Total time for which application threads were stopped: 0.0006786 seconds, Stopping threads took: 0.0003650 seconds
[2022-06-13T04:12:27.795+0000][1][safepoint    ] Application time: 1.0001537 seconds
[2022-06-13T04:12:27.796+0000][1][safepoint    ] Entering safepoint region: Cleanup
[2022-06-13T04:12:27.796+0000][1][safepoint    ] Leaving safepoint region
[2022-06-13T04:12:27.796+0000][1][safepoint    ] Total time for which application threads were stopped: 0.0005978 seconds, Stopping threads took: 0.0002551 seconds
[2022-06-13T04:12:28.797+0000][1][safepoint    ] Application time: 1.0001248 seconds
[2022-06-13T04:12:28.797+0000][1][safepoint    ] Entering safepoint region: Cleanup
[2022-06-13T04:12:28.797+0000][1][safepoint    ] Leaving safepoint region
[2022-06-13T04:12:28.798+0000][1][safepoint    ] Total time for which application threads were stopped: 0.0006428 seconds, Stopping threads took: 0.0002869 seconds
[2022-06-13T04:12:29.798+0000][1][safepoint    ] Application time: 1.0002550 seconds
[2022-06-13T04:12:29.799+0000][1][safepoint    ] Entering safepoint region: Cleanup
[2022-06-13T04:12:29.799+0000][1][safepoint    ] Leaving safepoint region
[2022-06-13T04:12:29.800+0000][1][safepoint    ] Total time for which application threads were stopped: 0.0011748 seconds, Stopping threads took: 0.0004861 seconds
[2022-06-13T04:12:30.801+0000][1][safepoint    ] Application time: 1.0002559 seconds
[2022-06-13T04:12:30.801+0000][1][safepoint    ] Entering safepoint region: Cleanup
[2022-06-13T04:12:30.802+0000][1][safepoint    ] Leaving safepoint region
[2022-06-13T04:12:30.802+0000][1][safepoint    ] Total time for which application threads were stopped: 0.0007578 seconds, Stopping threads took: 0.0003717 seconds
[2022-06-13T04:12:31.803+0000][1][safepoint    ] Application time: 1.0002656 seconds
[2022-06-13T04:12:31.804+0000][1][safepoint    ] Entering safepoint region: Cleanup
[2022-06-13T04:12:31.804+0000][1][safepoint    ] Leaving safepoint region
[2022-06-13T04:12:31.805+0000][1][safepoint    ] Total time for which application threads were stopped: 0.0013698 seconds, Stopping threads took: 0.0005965 seconds
[2022-06-13T04:12:32.806+0000][1][safepoint    ] Application time: 1.0001380 seconds
[2022-06-13T04:12:32.806+0000][1][safepoint    ] Entering safepoint region: Cleanup
[2022-06-13T04:12:32.807+0000][1][safepoint    ] Leaving safepoint region
[2022-06-13T04:12:32.807+0000][1][safepoint    ] Total time for which application threads were stopped: 0.0012060 seconds, Stopping threads took: 0.0007002 seconds
[2022-06-13T04:12:33.808+0000][1][safepoint    ] Application time: 1.0002371 seconds
[2022-06-13T04:12:33.809+0000][1][safepoint    ] Entering safepoint region: Cleanup
[2022-06-13T04:12:33.809+0000][1][safepoint    ] Leaving safepoint region
[2022-06-13T04:12:33.809+0000][1][safepoint    ] Total time for which application threads were stopped: 0.0007570 seconds, Stopping threads took: 0.0003284 seconds
[2022-06-13T04:12:34.810+0000][1][safepoint    ] Application time: 1.0001972 seconds
[2022-06-13T04:12:34.811+0000][1][safepoint    ] Entering safepoint region: Cleanup
[2022-06-13T04:12:34.811+0000][1][safepoint    ] Leaving safepoint region
[2022-06-13T04:12:34.812+0000][1][safepoint    ] Total time for which application threads were stopped: 0.0008283 seconds, Stopping threads took: 0.0003871 seconds
[2022-06-13T04:12:35.812+0000][1][safepoint    ] Application time: 1.0002957 seconds
[2022-06-13T04:12:35.813+0000][1][safepoint    ] Entering safepoint region: Cleanup
[2022-06-13T04:12:35.813+0000][1][safepoint    ] Leaving safepoint region
[2022-06-13T04:12:35.814+0000][1][safepoint    ] Total time for which application threads were stopped: 0.0010062 seconds, Stopping threads took: 0.0003978 seconds
[2022-06-13T04:12:36.798+0000][1][safepoint    ] Application time: 0.9833934 seconds
[2022-06-13T04:12:36.798+0000][1][safepoint    ] Entering safepoint region: RevokeBias
[2022-06-13T04:12:36.798+0000][1][safepoint    ] Leaving safepoint region
[2022-06-13T04:12:36.799+0000][1][safepoint    ] Total time for which application threads were stopped: 0.0009228 seconds, Stopping threads took: 0.0003961 seconds
[2022-06-13T04:12:37.800+0000][1][safepoint    ] Application time: 1.0002537 seconds
[2022-06-13T04:12:37.800+0000][1][safepoint    ] Entering safepoint region: Cleanup
[2022-06-13T04:12:37.801+0000][1][safepoint    ] Leaving safepoint region
[2022-06-13T04:12:37.801+0000][1][safepoint    ] Total time for which application threads were stopped: 0.0009376 seconds, Stopping threads took: 0.0004524 seconds
[2022-06-13T04:12:38.802+0000][1][safepoint    ] Application time: 1.0001299 seconds
[2022-06-13T04:12:38.802+0000][1][safepoint    ] Entering safepoint region: Cleanup
[2022-06-13T04:12:38.802+0000][1][safepoint    ] Leaving safepoint region
[2022-06-13T04:12:38.802+0000][1][safepoint    ] Total time for which application threads were stopped: 0.0002780 seconds, Stopping threads took: 0.0001122 seconds
[2022-06-13T04:12:39.802+0000][1][safepoint    ] Application time: 1.0001422 seconds
[2022-06-13T04:12:39.803+0000][1][safepoint    ] Entering safepoint region: Cleanup
[2022-06-13T04:12:39.803+0000][1][safepoint    ] Leaving safepoint region
[2022-06-13T04:12:39.804+0000][1][safepoint    ] Total time for which application threads were stopped: 0.0006126 seconds, Stopping threads took: 0.0002478 seconds
[2022-06-13T04:12:40.804+0000][1][safepoint    ] Application time: 1.0001934 seconds
[2022-06-13T04:12:40.805+0000][1][safepoint    ] Entering safepoint region: Cleanup
[2022-06-13T04:12:40.805+0000][1][safepoint    ] Leaving safepoint region
[2022-06-13T04:12:40.805+0000][1][safepoint    ] Total time for which application threads were stopped: 0.0008952 seconds, Stopping threads took: 0.0003981 seconds
[2022-06-13T04:12:41.806+0000][1][safepoint    ] Application time: 1.0001727 seconds
[2022-06-13T04:12:41.807+0000][1][safepoint    ] Entering safepoint region: Cleanup
[2022-06-13T04:12:41.807+0000][1][safepoint    ] Leaving safepoint region
[2022-06-13T04:12:41.808+0000][1][safepoint    ] Total time for which application threads were stopped: 0.0010235 seconds, Stopping threads took: 0.0004267 seconds
[2022-06-13T04:12:42.808+0000][1][safepoint    ] Application time: 1.0003462 seconds
[2022-06-13T04:12:42.809+0000][1][safepoint    ] Entering safepoint region: Cleanup
[2022-06-13T04:12:42.810+0000][1][safepoint    ] Leaving safepoint region
[2022-06-13T04:12:42.810+0000][1][safepoint    ] Total time for which application threads were stopped: 0.0010342 seconds, Stopping threads took: 0.0004661 seconds
[2022-06-13T04:12:43.811+0000][1][safepoint    ] Application time: 1.0001798 seconds
[2022-06-13T04:12:43.812+0000][1][safepoint    ] Entering safepoint region: Cleanup
[2022-06-13T04:12:43.812+0000][1][safepoint    ] Leaving safepoint region
[2022-06-13T04:12:43.812+0000][1][safepoint    ] Total time for which application threads were stopped: 0.0009686 seconds, Stopping threads took: 0.0005272 seconds
[2022-06-13T04:12:44.813+0000][1][safepoint    ] Application time: 1.0001699 seconds
[2022-06-13T04:12:44.814+0000][1][safepoint    ] Entering safepoint region: Cleanup
[2022-06-13T04:12:44.814+0000][1][safepoint    ] Leaving safepoint region
[2022-06-13T04:12:44.815+0000][1][safepoint    ] Total time for which application threads were stopped: 0.0008758 seconds, Stopping threads took: 0.0004240 seconds
[2022-06-13T04:12:45.815+0000][1][safepoint    ] Application time: 1.0001087 seconds
[2022-06-13T04:12:45.816+0000][1][safepoint    ] Entering safepoint region: Cleanup
[2022-06-13T04:12:45.816+0000][1][safepoint    ] Leaving safepoint region
[2022-06-13T04:12:45.816+0000][1][safepoint    ] Total time for which application threads were stopped: 0.0007964 seconds, Stopping threads took: 0.0004175 seconds
[2022-06-13T04:12:46.572+0000][1][safepoint    ] Application time: 0.7553150 seconds
[2022-06-13T04:12:46.573+0000][1][safepoint    ] Entering safepoint region: GenCollectForAllocation
[2022-06-13T04:12:46.573+0000][1][gc,start     ] GC(24) Pause Young (Allocation Failure)
[2022-06-13T04:12:46.574+0000][1][gc,task      ] GC(24) Using 5 workers of 13 for evacuation
[2022-06-13T04:12:46.576+0000][1][gc,age       ] GC(24) Desired survivor size 4456448 bytes, new threshold 6 (max threshold 6)
[2022-06-13T04:12:46.577+0000][1][gc,age       ] GC(24) Age table with threshold 6 (max threshold 6)
[2022-06-13T04:12:46.577+0000][1][gc,age       ] GC(24) - age   1:     112880 bytes,     112880 total
[2022-06-13T04:12:46.578+0000][1][gc,age       ] GC(24) - age   2:     432272 bytes,     545152 total
[2022-06-13T04:12:46.578+0000][1][gc,age       ] GC(24) - age   3:    1386680 bytes,    1931832 total
[2022-06-13T04:12:46.578+0000][1][gc,heap      ] GC(24) ParNew: 75188K->3183K(78656K)
[2022-06-13T04:12:46.579+0000][1][gc,heap      ] GC(24) CMS: 68174K->68174K(174784K)
[2022-06-13T04:12:46.579+0000][1][gc,metaspace ] GC(24) Metaspace: 65403K->65403K(1110016K)
[2022-06-13T04:12:46.580+0000][1][gc           ] GC(24) Pause Young (Allocation Failure) 140M->69M(247M) 6.378ms
[2022-06-13T04:12:46.580+0000][1][gc,cpu       ] GC(24) User=0.01s Sys=0.00s Real=0.01s
[2022-06-13T04:12:46.581+0000][1][safepoint    ] Leaving safepoint region
[2022-06-13T04:12:46.581+0000][1][safepoint    ] Total time for which application threads were stopped: 0.0084062 seconds, Stopping threads took: 0.0004338 seconds
[2022-06-13T04:12:46.802+0000][1][safepoint    ] Application time: 0.2203196 seconds
[2022-06-13T04:12:46.802+0000][1][safepoint    ] Entering safepoint region: RevokeBias
[2022-06-13T04:12:46.803+0000][1][safepoint    ] Leaving safepoint region
[2022-06-13T04:12:46.803+0000][1][safepoint    ] Total time for which application threads were stopped: 0.0008786 seconds, Stopping threads took: 0.0003919 seconds
[2022-06-13T04:12:47.804+0000][1][safepoint    ] Application time: 1.0001621 seconds
[2022-06-13T04:12:47.804+0000][1][safepoint    ] Entering safepoint region: Cleanup
[2022-06-13T04:12:47.805+0000][1][safepoint    ] Leaving safepoint region
[2022-06-13T04:12:47.805+0000][1][safepoint    ] Total time for which application threads were stopped: 0.0010365 seconds, Stopping threads took: 0.0004750 seconds
[2022-06-13T04:12:48.806+0000][1][safepoint    ] Application time: 1.0001165 seconds
[2022-06-13T04:12:48.806+0000][1][safepoint    ] Entering safepoint region: Cleanup
[2022-06-13T04:12:48.806+0000][1][safepoint    ] Leaving safepoint region
[2022-06-13T04:12:48.807+0000][1][safepoint    ] Total time for which application threads were stopped: 0.0005653 seconds, Stopping threads took: 0.0001994 seconds
[2022-06-13T04:12:49.807+0000][1][safepoint    ] Application time: 1.0001209 seconds
[2022-06-13T04:12:49.807+0000][1][safepoint    ] Entering safepoint region: Cleanup
[2022-06-13T04:12:49.808+0000][1][safepoint    ] Leaving safepoint region
[2022-06-13T04:12:49.808+0000][1][safepoint    ] Total time for which application threads were stopped: 0.0008450 seconds, Stopping threads took: 0.0003967 seconds
[2022-06-13T04:12:50.809+0000][1][safepoint    ] Application time: 1.0001807 seconds
[2022-06-13T04:12:50.809+0000][1][safepoint    ] Entering safepoint region: Cleanup
[2022-06-13T04:12:50.810+0000][1][safepoint    ] Leaving safepoint region
[2022-06-13T04:12:50.810+0000][1][safepoint    ] Total time for which application threads were stopped: 0.0009024 seconds, Stopping threads took: 0.0004279 seconds
[2022-06-13T04:12:51.811+0000][1][safepoint    ] Application time: 1.0002577 seconds
[2022-06-13T04:12:51.811+0000][1][safepoint    ] Entering safepoint region: Cleanup
[2022-06-13T04:12:51.812+0000][1][safepoint    ] Leaving safepoint region
[2022-06-13T04:12:51.812+0000][1][safepoint    ] Total time for which application threads were stopped: 0.0008169 seconds, Stopping threads took: 0.0003893 seconds
[2022-06-13T04:12:52.813+0000][1][safepoint    ] Application time: 1.0003560 seconds
[2022-06-13T04:12:52.814+0000][1][safepoint    ] Entering safepoint region: Cleanup
[2022-06-13T04:12:52.814+0000][1][safepoint    ] Leaving safepoint region
[2022-06-13T04:12:52.815+0000][1][safepoint    ] Total time for which application threads were stopped: 0.0010148 seconds, Stopping threads took: 0.0005211 seconds
[2022-06-13T04:12:53.815+0000][1][safepoint    ] Application time: 1.0002933 seconds
[2022-06-13T04:12:53.816+0000][1][safepoint    ] Entering safepoint region: Cleanup
[2022-06-13T04:12:53.817+0000][1][safepoint    ] Leaving safepoint region
[2022-06-13T04:12:53.817+0000][1][safepoint    ] Total time for which application threads were stopped: 0.0012806 seconds, Stopping threads took: 0.0005908 seconds
[2022-06-13T04:12:54.818+0000][1][safepoint    ] Application time: 1.0001714 seconds
[2022-06-13T04:12:54.818+0000][1][safepoint    ] Entering safepoint region: Cleanup
[2022-06-13T04:12:54.819+0000][1][safepoint    ] Leaving safepoint region
[2022-06-13T04:12:54.819+0000][1][safepoint    ] Total time for which application threads were stopped: 0.0007937 seconds, Stopping threads took: 0.0002958 seconds
[2022-06-13T04:12:55.820+0000][1][safepoint    ] Application time: 1.0001544 seconds
[2022-06-13T04:12:55.820+0000][1][safepoint    ] Entering safepoint region: Cleanup
[2022-06-13T04:12:55.821+0000][1][safepoint    ] Leaving safepoint region
[2022-06-13T04:12:55.821+0000][1][safepoint    ] Total time for which application threads were stopped: 0.0007566 seconds, Stopping threads took: 0.0003515 seconds
[2022-06-13T04:12:56.806+0000][1][safepoint    ] Application time: 0.9851928 seconds
[2022-06-13T04:12:56.807+0000][1][safepoint    ] Entering safepoint region: RevokeBias
[2022-06-13T04:12:56.808+0000][1][safepoint    ] Leaving safepoint region
[2022-06-13T04:12:56.808+0000][1][safepoint    ] Total time for which application threads were stopped: 0.0011804 seconds, Stopping threads took: 0.0006527 seconds
[2022-06-13T04:12:57.809+0000][1][safepoint    ] Application time: 1.0002492 seconds
[2022-06-13T04:12:57.810+0000][1][safepoint    ] Entering safepoint region: Cleanup
[2022-06-13T04:12:57.810+0000][1][safepoint    ] Leaving safepoint region
[2022-06-13T04:12:57.811+0000][1][safepoint    ] Total time for which application threads were stopped: 0.0010913 seconds, Stopping threads took: 0.0004702 seconds
[2022-06-13T04:12:58.811+0000][1][safepoint    ] Application time: 1.0001683 seconds
[2022-06-13T04:12:58.812+0000][1][safepoint    ] Entering safepoint region: Cleanup
[2022-06-13T04:12:58.812+0000][1][safepoint    ] Leaving safepoint region
[2022-06-13T04:12:58.813+0000][1][safepoint    ] Total time for which application threads were stopped: 0.0011554 seconds, Stopping threads took: 0.0005796 seconds
[2022-06-13T04:12:59.813+0000][1][safepoint    ] Application time: 1.0001827 seconds
[2022-06-13T04:12:59.814+0000][1][safepoint    ] Entering safepoint region: Cleanup
[2022-06-13T04:12:59.815+0000][1][safepoint    ] Leaving safepoint region
[2022-06-13T04:12:59.815+0000][1][safepoint    ] Total time for which application threads were stopped: 0.0009630 seconds, Stopping threads took: 0.0004267 seconds
[2022-06-13T04:13:00.816+0000][1][safepoint    ] Application time: 1.0002290 seconds
[2022-06-13T04:13:00.817+0000][1][safepoint    ] Entering safepoint region: Cleanup
[2022-06-13T04:13:00.817+0000][1][safepoint    ] Leaving safepoint region
[2022-06-13T04:13:00.818+0000][1][safepoint    ] Total time for which application threads were stopped: 0.0016121 seconds, Stopping threads took: 0.0006749 seconds
[2022-06-13T04:13:01.819+0000][1][safepoint    ] Application time: 1.0002875 seconds
[2022-06-13T04:13:01.820+0000][1][safepoint    ] Entering safepoint region: Cleanup
[2022-06-13T04:13:01.820+0000][1][safepoint    ] Leaving safepoint region
[2022-06-13T04:13:01.821+0000][1][safepoint    ] Total time for which application threads were stopped: 0.0009267 seconds, Stopping threads took: 0.0004071 seconds
[2022-06-13T04:13:02.821+0000][1][safepoint    ] Application time: 1.0002289 seconds
[2022-06-13T04:13:02.822+0000][1][safepoint    ] Entering safepoint region: Cleanup
[2022-06-13T04:13:02.822+0000][1][safepoint    ] Leaving safepoint region
[2022-06-13T04:13:02.822+0000][1][safepoint    ] Total time for which application threads were stopped: 0.0007374 seconds, Stopping threads took: 0.0003444 seconds
[2022-06-13T04:13:03.823+0000][1][safepoint    ] Application time: 1.0002377 seconds
[2022-06-13T04:13:03.823+0000][1][safepoint    ] Entering safepoint region: Cleanup
[2022-06-13T04:13:03.824+0000][1][safepoint    ] Leaving safepoint region
[2022-06-13T04:13:03.824+0000][1][safepoint    ] Total time for which application threads were stopped: 0.0006607 seconds, Stopping threads took: 0.0002592 seconds
[2022-06-13T04:13:04.824+0000][1][safepoint    ] Application time: 1.0001258 seconds
[2022-06-13T04:13:04.825+0000][1][safepoint    ] Entering safepoint region: Cleanup
[2022-06-13T04:13:04.825+0000][1][safepoint    ] Leaving safepoint region
[2022-06-13T04:13:04.825+0000][1][safepoint    ] Total time for which application threads were stopped: 0.0006107 seconds, Stopping threads took: 0.0001754 seconds
[2022-06-13T04:13:05.826+0000][1][safepoint    ] Application time: 1.0003183 seconds
[2022-06-13T04:13:05.827+0000][1][safepoint    ] Entering safepoint region: Cleanup
[2022-06-13T04:13:05.827+0000][1][safepoint    ] Leaving safepoint region
[2022-06-13T04:13:05.827+0000][1][safepoint    ] Total time for which application threads were stopped: 0.0007140 seconds, Stopping threads took: 0.0003043 seconds
[2022-06-13T04:13:06.810+0000][1][safepoint    ] Application time: 0.9829507 seconds
[2022-06-13T04:13:06.811+0000][1][safepoint    ] Entering safepoint region: RevokeBias
[2022-06-13T04:13:06.811+0000][1][safepoint    ] Leaving safepoint region
[2022-06-13T04:13:06.811+0000][1][safepoint    ] Total time for which application threads were stopped: 0.0005299 seconds, Stopping threads took: 0.0001839 seconds
