[2022-06-13T02:10:41.654+0000][1][gc] Using Concurrent Mark Sweep
[2022-06-13T02:10:41.655+0000][1][gc,heap,coops] Heap address: 0x00000000f0000000, size: 256 MB, Compressed Oops mode: 32-bit
[2022-06-13T02:10:41.685+0000][1][safepoint    ] Entering safepoint region: EnableBiasedLocking
[2022-06-13T02:10:41.685+0000][1][safepoint    ] Leaving safepoint region
[2022-06-13T02:10:41.685+0000][1][safepoint    ] Total time for which application threads were stopped: 0.0005977 seconds, Stopping threads took: 0.0003751 seconds
[2022-06-13T02:10:41.687+0000][1][safepoint    ] Application time: 0.0018411 seconds
[2022-06-13T02:10:41.688+0000][1][safepoint    ] Entering safepoint region: RevokeBias
[2022-06-13T02:10:41.748+0000][1][safepoint    ] Leaving safepoint region
[2022-06-13T02:10:41.748+0000][1][safepoint    ] Total time for which application threads were stopped: 0.0608824 seconds, Stopping threads took: 0.0605868 seconds
[2022-06-13T02:10:41.759+0000][1][safepoint    ] Application time: 0.0101095 seconds
[2022-06-13T02:10:41.759+0000][1][safepoint    ] Entering safepoint region: Deoptimize
[2022-06-13T02:10:41.759+0000][1][safepoint    ] Leaving safepoint region
[2022-06-13T02:10:41.759+0000][1][safepoint    ] Total time for which application threads were stopped: 0.0004570 seconds, Stopping threads took: 0.0001780 seconds
[2022-06-13T02:10:41.826+0000][1][safepoint    ] Application time: 0.0660883 seconds
[2022-06-13T02:10:41.826+0000][1][safepoint    ] Entering safepoint region: RevokeBias
[2022-06-13T02:10:41.826+0000][1][safepoint    ] Leaving safepoint region
[2022-06-13T02:10:41.826+0000][1][safepoint    ] Total time for which application threads were stopped: 0.0004551 seconds, Stopping threads took: 0.0002274 seconds
[2022-06-13T02:10:41.851+0000][1][safepoint    ] Application time: 0.0245802 seconds
[2022-06-13T02:10:41.851+0000][1][safepoint    ] Entering safepoint region: Deoptimize
[2022-06-13T02:10:41.852+0000][1][safepoint    ] Leaving safepoint region
[2022-06-13T02:10:41.852+0000][1][safepoint    ] Total time for which application threads were stopped: 0.0005375 seconds, Stopping threads took: 0.0002425 seconds
[2022-06-13T02:10:42.130+0000][1][safepoint    ] Application time: 0.2778061 seconds
[2022-06-13T02:10:42.130+0000][1][safepoint    ] Entering safepoint region: Deoptimize
[2022-06-13T02:10:42.131+0000][1][safepoint    ] Leaving safepoint region
[2022-06-13T02:10:42.131+0000][1][safepoint    ] Total time for which application threads were stopped: 0.0005062 seconds, Stopping threads took: 0.0001726 seconds
[2022-06-13T02:10:42.144+0000][1][safepoint    ] Application time: 0.0128503 seconds
[2022-06-13T02:10:42.144+0000][1][safepoint    ] Entering safepoint region: Deoptimize
[2022-06-13T02:10:42.144+0000][1][safepoint    ] Leaving safepoint region
[2022-06-13T02:10:42.144+0000][1][safepoint    ] Total time for which application threads were stopped: 0.0004585 seconds, Stopping threads took: 0.0001719 seconds
[2022-06-13T02:10:42.177+0000][1][safepoint    ] Application time: 0.0323671 seconds
[2022-06-13T02:10:42.178+0000][1][safepoint    ] Entering safepoint region: Deoptimize
[2022-06-13T02:10:42.178+0000][1][safepoint    ] Leaving safepoint region
[2022-06-13T02:10:42.178+0000][1][safepoint    ] Total time for which application threads were stopped: 0.0007049 seconds, Stopping threads took: 0.0003282 seconds
[2022-06-13T02:10:42.195+0000][1][safepoint    ] Application time: 0.0168164 seconds
[2022-06-13T02:10:42.201+0000][1][safepoint    ] Entering safepoint region: Deoptimize
[2022-06-13T02:10:42.201+0000][1][safepoint    ] Leaving safepoint region
[2022-06-13T02:10:42.202+0000][1][safepoint    ] Total time for which application threads were stopped: 0.0010937 seconds, Stopping threads took: 0.0002835 seconds
[2022-06-13T02:10:42.477+0000][1][safepoint    ] Application time: 0.2751556 seconds
[2022-06-13T02:10:42.477+0000][1][safepoint    ] Entering safepoint region: Deoptimize
[2022-06-13T02:10:42.478+0000][1][safepoint    ] Leaving safepoint region
[2022-06-13T02:10:42.478+0000][1][safepoint    ] Total time for which application threads were stopped: 0.0006109 seconds, Stopping threads took: 0.0001618 seconds
[2022-06-13T02:10:42.689+0000][1][safepoint    ] Application time: 0.2111953 seconds
[2022-06-13T02:10:42.690+0000][1][safepoint    ] Entering safepoint region: RevokeBias
[2022-06-13T02:10:42.690+0000][1][safepoint    ] Leaving safepoint region
[2022-06-13T02:10:42.690+0000][1][safepoint    ] Total time for which application threads were stopped: 0.0004478 seconds, Stopping threads took: 0.0001848 seconds
[2022-06-13T02:10:42.788+0000][1][safepoint    ] Application time: 0.0979923 seconds
[2022-06-13T02:10:42.788+0000][1][safepoint    ] Entering safepoint region: Deoptimize
[2022-06-13T02:10:42.789+0000][1][safepoint    ] Leaving safepoint region
[2022-06-13T02:10:42.789+0000][1][safepoint    ] Total time for which application threads were stopped: 0.0006105 seconds, Stopping threads took: 0.0001868 seconds
[2022-06-13T02:10:42.915+0000][1][safepoint    ] Application time: 0.1260304 seconds
[2022-06-13T02:10:42.915+0000][1][safepoint    ] Entering safepoint region: Deoptimize
[2022-06-13T02:10:42.916+0000][1][safepoint    ] Leaving safepoint region
[2022-06-13T02:10:42.916+0000][1][safepoint    ] Total time for which application threads were stopped: 0.0005904 seconds, Stopping threads took: 0.0001416 seconds
[2022-06-13T02:10:42.916+0000][1][safepoint    ] Application time: 0.0001562 seconds
[2022-06-13T02:10:42.916+0000][1][safepoint    ] Entering safepoint region: Deoptimize
[2022-06-13T02:10:42.917+0000][1][safepoint    ] Leaving safepoint region
[2022-06-13T02:10:42.917+0000][1][safepoint    ] Total time for which application threads were stopped: 0.0004910 seconds, Stopping threads took: 0.0001377 seconds
[2022-06-13T02:10:42.944+0000][1][safepoint    ] Application time: 0.0265231 seconds
[2022-06-13T02:10:42.944+0000][1][safepoint    ] Entering safepoint region: Deoptimize
[2022-06-13T02:10:42.944+0000][1][safepoint    ] Leaving safepoint region
[2022-06-13T02:10:42.944+0000][1][safepoint    ] Total time for which application threads were stopped: 0.0005703 seconds, Stopping threads took: 0.0001506 seconds
[2022-06-13T02:10:42.950+0000][1][safepoint    ] Application time: 0.0050583 seconds
[2022-06-13T02:10:42.950+0000][1][safepoint    ] Entering safepoint region: RevokeBias
[2022-06-13T02:10:42.950+0000][1][safepoint    ] Leaving safepoint region
[2022-06-13T02:10:42.950+0000][1][safepoint    ] Total time for which application threads were stopped: 0.0003680 seconds, Stopping threads took: 0.0001893 seconds
[2022-06-13T02:10:42.950+0000][1][safepoint    ] Application time: 0.0001038 seconds
[2022-06-13T02:10:42.951+0000][1][safepoint    ] Entering safepoint region: RevokeBias
[2022-06-13T02:10:42.951+0000][1][safepoint    ] Leaving safepoint region
[2022-06-13T02:10:42.951+0000][1][safepoint    ] Total time for which application threads were stopped: 0.0003740 seconds, Stopping threads took: 0.0002002 seconds
[2022-06-13T02:10:42.951+0000][1][safepoint    ] Application time: 0.0001632 seconds
[2022-06-13T02:10:42.951+0000][1][safepoint    ] Entering safepoint region: RevokeBias
[2022-06-13T02:10:42.951+0000][1][safepoint    ] Leaving safepoint region
[2022-06-13T02:10:42.952+0000][1][safepoint    ] Total time for which application threads were stopped: 0.0003176 seconds, Stopping threads took: 0.0001621 seconds
[2022-06-13T02:10:42.952+0000][1][safepoint    ] Application time: 0.0001147 seconds
[2022-06-13T02:10:42.952+0000][1][safepoint    ] Entering safepoint region: RevokeBias
[2022-06-13T02:10:42.952+0000][1][safepoint    ] Leaving safepoint region
[2022-06-13T02:10:42.952+0000][1][safepoint    ] Total time for which application threads were stopped: 0.0002624 seconds, Stopping threads took: 0.0001229 seconds
[2022-06-13T02:10:42.953+0000][1][safepoint    ] Application time: 0.0001010 seconds
[2022-06-13T02:10:42.953+0000][1][safepoint    ] Entering safepoint region: RevokeBias
[2022-06-13T02:10:42.953+0000][1][safepoint    ] Leaving safepoint region
[2022-06-13T02:10:42.953+0000][1][safepoint    ] Total time for which application threads were stopped: 0.0003212 seconds, Stopping threads took: 0.0001724 seconds
[2022-06-13T02:10:42.953+0000][1][safepoint    ] Application time: 0.0001984 seconds
[2022-06-13T02:10:42.954+0000][1][safepoint    ] Entering safepoint region: RevokeBias
[2022-06-13T02:10:42.954+0000][1][safepoint    ] Leaving safepoint region
[2022-06-13T02:10:42.954+0000][1][safepoint    ] Total time for which application threads were stopped: 0.0003318 seconds, Stopping threads took: 0.0001573 seconds
[2022-06-13T02:10:43.014+0000][1][safepoint    ] Application time: 0.0599897 seconds
[2022-06-13T02:10:43.014+0000][1][safepoint    ] Entering safepoint region: GenCollectForAllocation
[2022-06-13T02:10:43.014+0000][1][gc,start     ] GC(0) Pause Young (Allocation Failure)
[2022-06-13T02:10:43.015+0000][1][gc,task      ] GC(0) Using 5 workers of 13 for evacuation
[2022-06-13T02:10:43.020+0000][1][gc,age       ] GC(0) Desired survivor size 4456448 bytes, new threshold 1 (max threshold 6)
[2022-06-13T02:10:43.020+0000][1][gc,age       ] GC(0) Age table with threshold 1 (max threshold 6)
[2022-06-13T02:10:43.021+0000][1][gc,age       ] GC(0) - age   1:    8132936 bytes,    8132936 total
[2022-06-13T02:10:43.022+0000][1][gc,heap      ] GC(0) ParNew: 69952K->8048K(78656K)
[2022-06-13T02:10:43.023+0000][1][gc,heap      ] GC(0) CMS: 0K->0K(174784K)
[2022-06-13T02:10:43.023+0000][1][gc,metaspace ] GC(0) Metaspace: 12258K->12258K(1060864K)
[2022-06-13T02:10:43.023+0000][1][gc           ] GC(0) Pause Young (Allocation Failure) 68M->7M(247M) 8.485ms
[2022-06-13T02:10:43.023+0000][1][gc,cpu       ] GC(0) User=0.05s Sys=0.00s Real=0.01s
[2022-06-13T02:10:43.023+0000][1][safepoint    ] Leaving safepoint region
[2022-06-13T02:10:43.023+0000][1][safepoint    ] Total time for which application threads were stopped: 0.0092982 seconds, Stopping threads took: 0.0001876 seconds
[2022-06-13T02:10:43.030+0000][1][safepoint    ] Application time: 0.0062397 seconds
[2022-06-13T02:10:43.030+0000][1][safepoint    ] Entering safepoint region: RevokeBias
[2022-06-13T02:10:43.030+0000][1][safepoint    ] Leaving safepoint region
[2022-06-13T02:10:43.030+0000][1][safepoint    ] Total time for which application threads were stopped: 0.0003479 seconds, Stopping threads took: 0.0001401 seconds
[2022-06-13T02:10:43.031+0000][1][safepoint    ] Application time: 0.0000839 seconds
[2022-06-13T02:10:43.031+0000][1][safepoint    ] Entering safepoint region: RevokeBias
[2022-06-13T02:10:43.031+0000][1][safepoint    ] Leaving safepoint region
[2022-06-13T02:10:43.031+0000][1][safepoint    ] Total time for which application threads were stopped: 0.0003190 seconds, Stopping threads took: 0.0001478 seconds
[2022-06-13T02:10:43.032+0000][1][safepoint    ] Application time: 0.0000839 seconds
[2022-06-13T02:10:43.032+0000][1][safepoint    ] Entering safepoint region: RevokeBias
[2022-06-13T02:10:43.032+0000][1][safepoint    ] Leaving safepoint region
[2022-06-13T02:10:43.033+0000][1][safepoint    ] Total time for which application threads were stopped: 0.0003422 seconds, Stopping threads took: 0.0001518 seconds
[2022-06-13T02:10:43.033+0000][1][safepoint    ] Application time: 0.0000734 seconds
[2022-06-13T02:10:43.033+0000][1][safepoint    ] Entering safepoint region: RevokeBias
[2022-06-13T02:10:43.033+0000][1][safepoint    ] Leaving safepoint region
[2022-06-13T02:10:43.033+0000][1][safepoint    ] Total time for which application threads were stopped: 0.0003961 seconds, Stopping threads took: 0.0001890 seconds
[2022-06-13T02:10:43.034+0000][1][safepoint    ] Application time: 0.0001070 seconds
[2022-06-13T02:10:43.034+0000][1][safepoint    ] Entering safepoint region: RevokeBias
[2022-06-13T02:10:43.034+0000][1][safepoint    ] Leaving safepoint region
[2022-06-13T02:10:43.034+0000][1][safepoint    ] Total time for which application threads were stopped: 0.0003456 seconds, Stopping threads took: 0.0002005 seconds
[2022-06-13T02:10:43.034+0000][1][safepoint    ] Application time: 0.0001024 seconds
[2022-06-13T02:10:43.034+0000][1][safepoint    ] Entering safepoint region: RevokeBias
[2022-06-13T02:10:43.035+0000][1][safepoint    ] Leaving safepoint region
[2022-06-13T02:10:43.035+0000][1][safepoint    ] Total time for which application threads were stopped: 0.0003995 seconds, Stopping threads took: 0.0002359 seconds
[2022-06-13T02:10:43.035+0000][1][safepoint    ] Application time: 0.0001123 seconds
[2022-06-13T02:10:43.035+0000][1][safepoint    ] Entering safepoint region: RevokeBias
[2022-06-13T02:10:43.036+0000][1][safepoint    ] Leaving safepoint region
[2022-06-13T02:10:43.036+0000][1][safepoint    ] Total time for which application threads were stopped: 0.0004402 seconds, Stopping threads took: 0.0002182 seconds
[2022-06-13T02:10:43.036+0000][1][safepoint    ] Application time: 0.0000891 seconds
[2022-06-13T02:10:43.036+0000][1][safepoint    ] Entering safepoint region: RevokeBias
[2022-06-13T02:10:43.036+0000][1][safepoint    ] Leaving safepoint region
[2022-06-13T02:10:43.037+0000][1][safepoint    ] Total time for which application threads were stopped: 0.0005071 seconds, Stopping threads took: 0.0002244 seconds
[2022-06-13T02:10:43.037+0000][1][safepoint    ] Application time: 0.0001070 seconds
[2022-06-13T02:10:43.037+0000][1][safepoint    ] Entering safepoint region: RevokeBias
[2022-06-13T02:10:43.037+0000][1][safepoint    ] Leaving safepoint region
[2022-06-13T02:10:43.037+0000][1][safepoint    ] Total time for which application threads were stopped: 0.0003867 seconds, Stopping threads took: 0.0001659 seconds
[2022-06-13T02:10:43.038+0000][1][safepoint    ] Application time: 0.0000949 seconds
[2022-06-13T02:10:43.038+0000][1][safepoint    ] Entering safepoint region: RevokeBias
[2022-06-13T02:10:43.038+0000][1][safepoint    ] Leaving safepoint region
[2022-06-13T02:10:43.038+0000][1][safepoint    ] Total time for which application threads were stopped: 0.0003480 seconds, Stopping threads took: 0.0001723 seconds
[2022-06-13T02:10:43.038+0000][1][safepoint    ] Application time: 0.0001147 seconds
[2022-06-13T02:10:43.039+0000][1][safepoint    ] Entering safepoint region: RevokeBias
[2022-06-13T02:10:43.039+0000][1][safepoint    ] Leaving safepoint region
[2022-06-13T02:10:43.039+0000][1][safepoint    ] Total time for which application threads were stopped: 0.0003417 seconds, Stopping threads took: 0.0001857 seconds
[2022-06-13T02:10:43.039+0000][1][safepoint    ] Application time: 0.0000802 seconds
[2022-06-13T02:10:43.039+0000][1][safepoint    ] Entering safepoint region: RevokeBias
[2022-06-13T02:10:43.040+0000][1][safepoint    ] Leaving safepoint region
[2022-06-13T02:10:43.040+0000][1][safepoint    ] Total time for which application threads were stopped: 0.0003745 seconds, Stopping threads took: 0.0001962 seconds
[2022-06-13T02:10:43.040+0000][1][safepoint    ] Application time: 0.0003113 seconds
[2022-06-13T02:10:43.040+0000][1][safepoint    ] Entering safepoint region: RevokeBias
[2022-06-13T02:10:43.041+0000][1][safepoint    ] Leaving safepoint region
[2022-06-13T02:10:43.041+0000][1][safepoint    ] Total time for which application threads were stopped: 0.0003890 seconds, Stopping threads took: 0.0002306 seconds
[2022-06-13T02:10:43.041+0000][1][safepoint    ] Application time: 0.0000798 seconds
[2022-06-13T02:10:43.041+0000][1][safepoint    ] Entering safepoint region: RevokeBias
[2022-06-13T02:10:43.041+0000][1][safepoint    ] Leaving safepoint region
[2022-06-13T02:10:43.041+0000][1][safepoint    ] Total time for which application threads were stopped: 0.0003667 seconds, Stopping threads took: 0.0002075 seconds
[2022-06-13T02:10:43.042+0000][1][safepoint    ] Application time: 0.0001059 seconds
[2022-06-13T02:10:43.042+0000][1][safepoint    ] Entering safepoint region: RevokeBias
[2022-06-13T02:10:43.042+0000][1][safepoint    ] Leaving safepoint region
[2022-06-13T02:10:43.042+0000][1][safepoint    ] Total time for which application threads were stopped: 0.0003864 seconds, Stopping threads took: 0.0001611 seconds
[2022-06-13T02:10:43.042+0000][1][safepoint    ] Application time: 0.0000723 seconds
[2022-06-13T02:10:43.043+0000][1][safepoint    ] Entering safepoint region: RevokeBias
[2022-06-13T02:10:43.043+0000][1][safepoint    ] Leaving safepoint region
[2022-06-13T02:10:43.043+0000][1][safepoint    ] Total time for which application threads were stopped: 0.0004524 seconds, Stopping threads took: 0.0002540 seconds
[2022-06-13T02:10:43.043+0000][1][safepoint    ] Application time: 0.0001313 seconds
[2022-06-13T02:10:43.044+0000][1][safepoint    ] Entering safepoint region: RevokeBias
[2022-06-13T02:10:43.044+0000][1][safepoint    ] Leaving safepoint region
[2022-06-13T02:10:43.044+0000][1][safepoint    ] Total time for which application threads were stopped: 0.0003463 seconds, Stopping threads took: 0.0001876 seconds
[2022-06-13T02:10:43.044+0000][1][safepoint    ] Application time: 0.0000957 seconds
[2022-06-13T02:10:43.044+0000][1][safepoint    ] Entering safepoint region: RevokeBias
[2022-06-13T02:10:43.045+0000][1][safepoint    ] Leaving safepoint region
[2022-06-13T02:10:43.045+0000][1][safepoint    ] Total time for which application threads were stopped: 0.0004734 seconds, Stopping threads took: 0.0003000 seconds
[2022-06-13T02:10:43.045+0000][1][safepoint    ] Application time: 0.0000565 seconds
[2022-06-13T02:10:43.045+0000][1][safepoint    ] Entering safepoint region: RevokeBias
[2022-06-13T02:10:43.045+0000][1][safepoint    ] Leaving safepoint region
[2022-06-13T02:10:43.045+0000][1][safepoint    ] Total time for which application threads were stopped: 0.0003287 seconds, Stopping threads took: 0.0001560 seconds
[2022-06-13T02:10:43.045+0000][1][safepoint    ] Application time: 0.0000324 seconds
[2022-06-13T02:10:43.046+0000][1][safepoint    ] Entering safepoint region: RevokeBias
[2022-06-13T02:10:43.046+0000][1][safepoint    ] Leaving safepoint region
[2022-06-13T02:10:43.047+0000][1][safepoint    ] Total time for which application threads were stopped: 0.0009828 seconds, Stopping threads took: 0.0001374 seconds
[2022-06-13T02:10:43.047+0000][1][safepoint    ] Application time: 0.0000957 seconds
[2022-06-13T02:10:43.047+0000][1][safepoint    ] Entering safepoint region: RevokeBias
[2022-06-13T02:10:43.047+0000][1][safepoint    ] Leaving safepoint region
[2022-06-13T02:10:43.048+0000][1][safepoint    ] Total time for which application threads were stopped: 0.0002952 seconds, Stopping threads took: 0.0001196 seconds
[2022-06-13T02:10:43.048+0000][1][safepoint    ] Application time: 0.0000763 seconds
[2022-06-13T02:10:43.048+0000][1][safepoint    ] Entering safepoint region: RevokeBias
[2022-06-13T02:10:43.048+0000][1][safepoint    ] Leaving safepoint region
[2022-06-13T02:10:43.048+0000][1][safepoint    ] Total time for which application threads were stopped: 0.0002830 seconds, Stopping threads took: 0.0001129 seconds
[2022-06-13T02:10:43.048+0000][1][safepoint    ] Application time: 0.0001131 seconds
[2022-06-13T02:10:43.049+0000][1][safepoint    ] Entering safepoint region: RevokeBias
[2022-06-13T02:10:43.049+0000][1][safepoint    ] Leaving safepoint region
[2022-06-13T02:10:43.049+0000][1][safepoint    ] Total time for which application threads were stopped: 0.0004920 seconds, Stopping threads took: 0.0003129 seconds
[2022-06-13T02:10:43.064+0000][1][safepoint    ] Application time: 0.0147637 seconds
[2022-06-13T02:10:43.064+0000][1][safepoint    ] Entering safepoint region: RevokeBias
[2022-06-13T02:10:43.065+0000][1][safepoint    ] Leaving safepoint region
[2022-06-13T02:10:43.065+0000][1][safepoint    ] Total time for which application threads were stopped: 0.0004757 seconds, Stopping threads took: 0.0002058 seconds
[2022-06-13T02:10:43.065+0000][1][safepoint    ] Application time: 0.0001073 seconds
[2022-06-13T02:10:43.065+0000][1][safepoint    ] Entering safepoint region: RevokeBias
[2022-06-13T02:10:43.065+0000][1][safepoint    ] Leaving safepoint region
[2022-06-13T02:10:43.066+0000][1][safepoint    ] Total time for which application threads were stopped: 0.0003802 seconds, Stopping threads took: 0.0002193 seconds
[2022-06-13T02:10:43.066+0000][1][safepoint    ] Application time: 0.0000945 seconds
[2022-06-13T02:10:43.066+0000][1][safepoint    ] Entering safepoint region: RevokeBias
[2022-06-13T02:10:43.066+0000][1][safepoint    ] Leaving safepoint region
[2022-06-13T02:10:43.066+0000][1][safepoint    ] Total time for which application threads were stopped: 0.0003453 seconds, Stopping threads took: 0.0001699 seconds
[2022-06-13T02:10:43.279+0000][1][safepoint    ] Application time: 0.2127641 seconds
[2022-06-13T02:10:43.280+0000][1][safepoint    ] Entering safepoint region: Deoptimize
[2022-06-13T02:10:43.281+0000][1][safepoint    ] Leaving safepoint region
[2022-06-13T02:10:43.281+0000][1][safepoint    ] Total time for which application threads were stopped: 0.0009306 seconds, Stopping threads took: 0.0002291 seconds
[2022-06-13T02:10:43.489+0000][1][safepoint    ] Application time: 0.2082238 seconds
[2022-06-13T02:10:43.494+0000][1][safepoint    ] Entering safepoint region: RevokeBias
[2022-06-13T02:10:43.497+0000][1][safepoint    ] Leaving safepoint region
[2022-06-13T02:10:43.498+0000][1][safepoint    ] Total time for which application threads were stopped: 0.0034581 seconds, Stopping threads took: 0.0028826 seconds
[2022-06-13T02:10:43.601+0000][1][safepoint    ] Application time: 0.1025984 seconds
[2022-06-13T02:10:43.609+0000][1][safepoint    ] Entering safepoint region: RevokeBias
[2022-06-13T02:10:43.609+0000][1][safepoint    ] Leaving safepoint region
[2022-06-13T02:10:43.610+0000][1][safepoint    ] Total time for which application threads were stopped: 0.0006576 seconds, Stopping threads took: 0.0003280 seconds
[2022-06-13T02:10:43.633+0000][1][safepoint    ] Application time: 0.0229134 seconds
[2022-06-13T02:10:43.633+0000][1][safepoint    ] Entering safepoint region: GenCollectForAllocation
[2022-06-13T02:10:43.636+0000][1][gc,start     ] GC(1) Pause Young (Allocation Failure)
[2022-06-13T02:10:43.637+0000][1][gc,task      ] GC(1) Using 5 workers of 13 for evacuation
[2022-06-13T02:10:43.665+0000][1][gc,age       ] GC(1) Desired survivor size 4456448 bytes, new threshold 6 (max threshold 6)
[2022-06-13T02:10:43.666+0000][1][gc,age       ] GC(1) Age table with threshold 6 (max threshold 6)
[2022-06-13T02:10:43.666+0000][1][gc,age       ] GC(1) - age   1:    2002352 bytes,    2002352 total
[2022-06-13T02:10:43.666+0000][1][gc,heap      ] GC(1) ParNew: 78000K->5373K(78656K)
[2022-06-13T02:10:43.666+0000][1][gc,heap      ] GC(1) CMS: 0K->6658K(174784K)
[2022-06-13T02:10:43.667+0000][1][gc,metaspace ] GC(1) Metaspace: 14850K->14850K(1062912K)
[2022-06-13T02:10:43.667+0000][1][gc           ] GC(1) Pause Young (Allocation Failure) 76M->11M(247M) 30.313ms
[2022-06-13T02:10:43.667+0000][1][gc,cpu       ] GC(1) User=0.08s Sys=0.03s Real=0.03s
[2022-06-13T02:10:43.667+0000][1][safepoint    ] Leaving safepoint region
[2022-06-13T02:10:43.667+0000][1][safepoint    ] Total time for which application threads were stopped: 0.0343133 seconds, Stopping threads took: 0.0033725 seconds
[2022-06-13T02:10:43.669+0000][1][safepoint    ] Application time: 0.0012487 seconds
[2022-06-13T02:10:43.669+0000][1][safepoint    ] Entering safepoint region: RevokeBias
[2022-06-13T02:10:43.669+0000][1][safepoint    ] Leaving safepoint region
[2022-06-13T02:10:43.669+0000][1][safepoint    ] Total time for which application threads were stopped: 0.0004636 seconds, Stopping threads took: 0.0001900 seconds
[2022-06-13T02:10:43.670+0000][1][safepoint    ] Application time: 0.0004099 seconds
[2022-06-13T02:10:43.670+0000][1][safepoint    ] Entering safepoint region: RevokeBias
[2022-06-13T02:10:43.671+0000][1][safepoint    ] Leaving safepoint region
[2022-06-13T02:10:43.671+0000][1][safepoint    ] Total time for which application threads were stopped: 0.0004236 seconds, Stopping threads took: 0.0001940 seconds
[2022-06-13T02:10:43.671+0000][1][safepoint    ] Application time: 0.0001301 seconds
[2022-06-13T02:10:43.672+0000][1][safepoint    ] Entering safepoint region: RevokeBias
[2022-06-13T02:10:43.672+0000][1][safepoint    ] Leaving safepoint region
[2022-06-13T02:10:43.672+0000][1][safepoint    ] Total time for which application threads were stopped: 0.0003701 seconds, Stopping threads took: 0.0001644 seconds
[2022-06-13T02:10:43.674+0000][1][safepoint    ] Application time: 0.0019617 seconds
[2022-06-13T02:10:43.674+0000][1][safepoint    ] Entering safepoint region: RevokeBias
[2022-06-13T02:10:43.675+0000][1][safepoint    ] Leaving safepoint region
[2022-06-13T02:10:43.675+0000][1][safepoint    ] Total time for which application threads were stopped: 0.0004052 seconds, Stopping threads took: 0.0001701 seconds
[2022-06-13T02:10:43.677+0000][1][safepoint    ] Application time: 0.0019597 seconds
[2022-06-13T02:10:43.682+0000][1][safepoint    ] Entering safepoint region: RevokeBias
[2022-06-13T02:10:43.683+0000][1][safepoint    ] Leaving safepoint region
[2022-06-13T02:10:43.683+0000][1][safepoint    ] Total time for which application threads were stopped: 0.0009229 seconds, Stopping threads took: 0.0006506 seconds
[2022-06-13T02:10:43.683+0000][1][safepoint    ] Application time: 0.0001042 seconds
[2022-06-13T02:10:43.683+0000][1][safepoint    ] Entering safepoint region: RevokeBias
[2022-06-13T02:10:43.683+0000][1][safepoint    ] Leaving safepoint region
[2022-06-13T02:10:43.683+0000][1][safepoint    ] Total time for which application threads were stopped: 0.0003082 seconds, Stopping threads took: 0.0001341 seconds
[2022-06-13T02:10:43.687+0000][1][safepoint    ] Application time: 0.0039143 seconds
[2022-06-13T02:10:43.689+0000][1][safepoint    ] Entering safepoint region: RevokeBias
[2022-06-13T02:10:43.689+0000][1][safepoint    ] Leaving safepoint region
[2022-06-13T02:10:43.691+0000][1][safepoint    ] Total time for which application threads were stopped: 0.0024602 seconds, Stopping threads took: 0.0002830 seconds
[2022-06-13T02:10:43.693+0000][1][safepoint    ] Application time: 0.0000589 seconds
[2022-06-13T02:10:43.695+0000][1][safepoint    ] Entering safepoint region: RevokeBias
[2022-06-13T02:10:43.695+0000][1][safepoint    ] Leaving safepoint region
[2022-06-13T02:10:43.696+0000][1][safepoint    ] Total time for which application threads were stopped: 0.0015166 seconds, Stopping threads took: 0.0004320 seconds
[2022-06-13T02:10:43.697+0000][1][safepoint    ] Application time: 0.0000864 seconds
[2022-06-13T02:10:43.699+0000][1][safepoint    ] Entering safepoint region: RevokeBias
[2022-06-13T02:10:43.700+0000][1][safepoint    ] Leaving safepoint region
[2022-06-13T02:10:43.700+0000][1][safepoint    ] Total time for which application threads were stopped: 0.0005130 seconds, Stopping threads took: 0.0002185 seconds
[2022-06-13T02:10:43.702+0000][1][safepoint    ] Application time: 0.0022577 seconds
[2022-06-13T02:10:43.703+0000][1][safepoint    ] Entering safepoint region: RevokeBias
[2022-06-13T02:10:43.703+0000][1][safepoint    ] Leaving safepoint region
[2022-06-13T02:10:43.704+0000][1][safepoint    ] Total time for which application threads were stopped: 0.0010856 seconds, Stopping threads took: 0.0007934 seconds
[2022-06-13T02:10:43.704+0000][1][safepoint    ] Application time: 0.0004638 seconds
[2022-06-13T02:10:43.705+0000][1][safepoint    ] Entering safepoint region: BulkRevokeBias
[2022-06-13T02:10:43.705+0000][1][safepoint    ] Leaving safepoint region
[2022-06-13T02:10:43.705+0000][1][safepoint    ] Total time for which application threads were stopped: 0.0006445 seconds, Stopping threads took: 0.0003923 seconds
[2022-06-13T02:10:43.706+0000][1][safepoint    ] Application time: 0.0001180 seconds
[2022-06-13T02:10:43.706+0000][1][safepoint    ] Entering safepoint region: RevokeBias
[2022-06-13T02:10:43.706+0000][1][safepoint    ] Leaving safepoint region
[2022-06-13T02:10:43.706+0000][1][safepoint    ] Total time for which application threads were stopped: 0.0003249 seconds, Stopping threads took: 0.0001359 seconds
[2022-06-13T02:10:43.709+0000][1][safepoint    ] Application time: 0.0028654 seconds
[2022-06-13T02:10:43.710+0000][1][safepoint    ] Entering safepoint region: BulkRevokeBias
[2022-06-13T02:10:43.710+0000][1][safepoint    ] Leaving safepoint region
[2022-06-13T02:10:43.710+0000][1][safepoint    ] Total time for which application threads were stopped: 0.0004948 seconds, Stopping threads took: 0.0002435 seconds
[2022-06-13T02:10:43.807+0000][1][safepoint    ] Application time: 0.0960884 seconds
[2022-06-13T02:10:43.807+0000][1][safepoint    ] Entering safepoint region: GenCollectForAllocation
[2022-06-13T02:10:43.810+0000][1][gc,start     ] GC(2) Pause Young (Allocation Failure)
[2022-06-13T02:10:43.810+0000][1][gc,task      ] GC(2) Using 5 workers of 13 for evacuation
[2022-06-13T02:10:43.820+0000][1][gc,age       ] GC(2) Desired survivor size 4456448 bytes, new threshold 6 (max threshold 6)
[2022-06-13T02:10:43.820+0000][1][gc,age       ] GC(2) Age table with threshold 6 (max threshold 6)
[2022-06-13T02:10:43.820+0000][1][gc,age       ] GC(2) - age   1:    2642416 bytes,    2642416 total
[2022-06-13T02:10:43.820+0000][1][gc,age       ] GC(2) - age   2:    1181096 bytes,    3823512 total
[2022-06-13T02:10:43.821+0000][1][gc,heap      ] GC(2) ParNew: 75325K->4031K(78656K)
[2022-06-13T02:10:43.821+0000][1][gc,heap      ] GC(2) CMS: 6658K->6658K(174784K)
[2022-06-13T02:10:43.822+0000][1][gc,metaspace ] GC(2) Metaspace: 14999K->14999K(1062912K)
[2022-06-13T02:10:43.822+0000][1][gc           ] GC(2) Pause Young (Allocation Failure) 80M->10M(247M) 12.250ms
[2022-06-13T02:10:43.822+0000][1][gc,cpu       ] GC(2) User=0.04s Sys=0.00s Real=0.01s
[2022-06-13T02:10:43.822+0000][1][safepoint    ] Leaving safepoint region
[2022-06-13T02:10:43.822+0000][1][safepoint    ] Total time for which application threads were stopped: 0.0149752 seconds, Stopping threads took: 0.0021344 seconds
[2022-06-13T02:10:43.823+0000][1][safepoint    ] Application time: 0.0004014 seconds
[2022-06-13T02:10:43.823+0000][1][safepoint    ] Entering safepoint region: RevokeBias
[2022-06-13T02:10:43.823+0000][1][safepoint    ] Leaving safepoint region
[2022-06-13T02:10:43.823+0000][1][safepoint    ] Total time for which application threads were stopped: 0.0004843 seconds, Stopping threads took: 0.0002680 seconds
[2022-06-13T02:10:43.827+0000][1][safepoint    ] Application time: 0.0038499 seconds
[2022-06-13T02:10:43.828+0000][1][safepoint    ] Entering safepoint region: RevokeBias
[2022-06-13T02:10:43.828+0000][1][safepoint    ] Leaving safepoint region
[2022-06-13T02:10:43.828+0000][1][safepoint    ] Total time for which application threads were stopped: 0.0005387 seconds, Stopping threads took: 0.0003061 seconds
[2022-06-13T02:10:43.838+0000][1][safepoint    ] Application time: 0.0094309 seconds
[2022-06-13T02:10:43.845+0000][1][safepoint    ] Entering safepoint region: RevokeBias
[2022-06-13T02:10:43.845+0000][1][safepoint    ] Leaving safepoint region
[2022-06-13T02:10:43.846+0000][1][safepoint    ] Total time for which application threads were stopped: 0.0067665 seconds, Stopping threads took: 0.0060943 seconds
[2022-06-13T02:10:43.848+0000][1][safepoint    ] Application time: 0.0003705 seconds
[2022-06-13T02:10:43.848+0000][1][safepoint    ] Entering safepoint region: RevokeBias
[2022-06-13T02:10:43.848+0000][1][safepoint    ] Leaving safepoint region
[2022-06-13T02:10:43.848+0000][1][safepoint    ] Total time for which application threads were stopped: 0.0003460 seconds, Stopping threads took: 0.0001740 seconds
[2022-06-13T02:10:43.848+0000][1][safepoint    ] Application time: 0.0001004 seconds
[2022-06-13T02:10:43.849+0000][1][safepoint    ] Entering safepoint region: RevokeBias
[2022-06-13T02:10:43.849+0000][1][safepoint    ] Leaving safepoint region
[2022-06-13T02:10:43.849+0000][1][safepoint    ] Total time for which application threads were stopped: 0.0005107 seconds, Stopping threads took: 0.0002426 seconds
[2022-06-13T02:10:43.849+0000][1][safepoint    ] Application time: 0.0000309 seconds
[2022-06-13T02:10:43.850+0000][1][safepoint    ] Entering safepoint region: RevokeBias
[2022-06-13T02:10:43.850+0000][1][safepoint    ] Leaving safepoint region
[2022-06-13T02:10:43.850+0000][1][safepoint    ] Total time for which application threads were stopped: 0.0005976 seconds, Stopping threads took: 0.0003986 seconds
[2022-06-13T02:10:43.977+0000][1][safepoint    ] Application time: 0.1270094 seconds
[2022-06-13T02:10:43.979+0000][1][safepoint    ] Entering safepoint region: Deoptimize
[2022-06-13T02:10:43.980+0000][1][safepoint    ] Leaving safepoint region
[2022-06-13T02:10:43.980+0000][1][safepoint    ] Total time for which application threads were stopped: 0.0010032 seconds, Stopping threads took: 0.0003464 seconds
[2022-06-13T02:10:43.983+0000][1][safepoint    ] Application time: 0.0025838 seconds
[2022-06-13T02:10:43.983+0000][1][safepoint    ] Entering safepoint region: Deoptimize
[2022-06-13T02:10:43.984+0000][1][safepoint    ] Leaving safepoint region
[2022-06-13T02:10:43.984+0000][1][safepoint    ] Total time for which application threads were stopped: 0.0009995 seconds, Stopping threads took: 0.0002183 seconds
[2022-06-13T02:10:44.211+0000][1][safepoint    ] Application time: 0.2265332 seconds
[2022-06-13T02:10:44.213+0000][1][safepoint    ] Entering safepoint region: GenCollectForAllocation
[2022-06-13T02:10:44.216+0000][1][gc,start     ] GC(3) Pause Young (Allocation Failure)
[2022-06-13T02:10:44.224+0000][1][gc,task      ] GC(3) Using 5 workers of 13 for evacuation
[2022-06-13T02:10:44.233+0000][1][gc,age       ] GC(3) Desired survivor size 4456448 bytes, new threshold 3 (max threshold 6)
[2022-06-13T02:10:44.234+0000][1][gc,age       ] GC(3) Age table with threshold 3 (max threshold 6)
[2022-06-13T02:10:44.234+0000][1][gc,age       ] GC(3) - age   1:    3358360 bytes,    3358360 total
[2022-06-13T02:10:44.235+0000][1][gc,age       ] GC(3) - age   2:     295160 bytes,    3653520 total
[2022-06-13T02:10:44.235+0000][1][gc,age       ] GC(3) - age   3:    1177792 bytes,    4831312 total
[2022-06-13T02:10:44.235+0000][1][gc,heap      ] GC(3) ParNew: 73983K->6523K(78656K)
[2022-06-13T02:10:44.237+0000][1][gc,heap      ] GC(3) CMS: 6658K->6658K(174784K)
[2022-06-13T02:10:44.237+0000][1][gc,metaspace ] GC(3) Metaspace: 18455K->18455K(1067008K)
[2022-06-13T02:10:44.238+0000][1][gc           ] GC(3) Pause Young (Allocation Failure) 78M->12M(247M) 21.352ms
[2022-06-13T02:10:44.238+0000][1][gc,cpu       ] GC(3) User=0.04s Sys=0.00s Real=0.02s
[2022-06-13T02:10:44.238+0000][1][safepoint    ] Leaving safepoint region
[2022-06-13T02:10:44.238+0000][1][safepoint    ] Total time for which application threads were stopped: 0.0249479 seconds, Stopping threads took: 0.0027520 seconds
[2022-06-13T02:10:44.248+0000][1][safepoint    ] Application time: 0.0062815 seconds
[2022-06-13T02:10:44.251+0000][1][safepoint    ] Entering safepoint region: RevokeBias
[2022-06-13T02:10:44.252+0000][1][safepoint    ] Leaving safepoint region
[2022-06-13T02:10:44.252+0000][1][safepoint    ] Total time for which application threads were stopped: 0.0011186 seconds, Stopping threads took: 0.0007072 seconds
[2022-06-13T02:10:44.254+0000][1][safepoint    ] Application time: 0.0001688 seconds
[2022-06-13T02:10:44.262+0000][1][safepoint    ] Entering safepoint region: RevokeBias
[2022-06-13T02:10:44.263+0000][1][safepoint    ] Leaving safepoint region
[2022-06-13T02:10:44.263+0000][1][safepoint    ] Total time for which application threads were stopped: 0.0006917 seconds, Stopping threads took: 0.0003814 seconds
[2022-06-13T02:10:44.264+0000][1][safepoint    ] Application time: 0.0010252 seconds
[2022-06-13T02:10:44.264+0000][1][safepoint    ] Entering safepoint region: RevokeBias
[2022-06-13T02:10:44.269+0000][1][safepoint    ] Leaving safepoint region
[2022-06-13T02:10:44.270+0000][1][safepoint    ] Total time for which application threads were stopped: 0.0055496 seconds, Stopping threads took: 0.0043425 seconds
[2022-06-13T02:10:44.272+0000][1][safepoint    ] Application time: 0.0002106 seconds
[2022-06-13T02:10:44.273+0000][1][safepoint    ] Entering safepoint region: RevokeBias
[2022-06-13T02:10:44.274+0000][1][safepoint    ] Leaving safepoint region
[2022-06-13T02:10:44.274+0000][1][safepoint    ] Total time for which application threads were stopped: 0.0008715 seconds, Stopping threads took: 0.0004571 seconds
[2022-06-13T02:10:44.274+0000][1][safepoint    ] Application time: 0.0001666 seconds
[2022-06-13T02:10:44.274+0000][1][safepoint    ] Entering safepoint region: RevokeBias
[2022-06-13T02:10:44.275+0000][1][safepoint    ] Leaving safepoint region
[2022-06-13T02:10:44.275+0000][1][safepoint    ] Total time for which application threads were stopped: 0.0006273 seconds, Stopping threads took: 0.0003093 seconds
[2022-06-13T02:10:44.275+0000][1][safepoint    ] Application time: 0.0000589 seconds
[2022-06-13T02:10:44.275+0000][1][safepoint    ] Entering safepoint region: RevokeBias
[2022-06-13T02:10:44.275+0000][1][safepoint    ] Leaving safepoint region
[2022-06-13T02:10:44.276+0000][1][safepoint    ] Total time for which application threads were stopped: 0.0003568 seconds, Stopping threads took: 0.0001450 seconds
[2022-06-13T02:10:44.276+0000][1][safepoint    ] Application time: 0.0000632 seconds
[2022-06-13T02:10:44.276+0000][1][safepoint    ] Entering safepoint region: RevokeBias
[2022-06-13T02:10:44.276+0000][1][safepoint    ] Leaving safepoint region
[2022-06-13T02:10:44.276+0000][1][safepoint    ] Total time for which application threads were stopped: 0.0004045 seconds, Stopping threads took: 0.0001754 seconds
[2022-06-13T02:10:44.277+0000][1][safepoint    ] Application time: 0.0001110 seconds
[2022-06-13T02:10:44.280+0000][1][safepoint    ] Entering safepoint region: RevokeBias
[2022-06-13T02:10:44.281+0000][1][safepoint    ] Leaving safepoint region
[2022-06-13T02:10:44.281+0000][1][safepoint    ] Total time for which application threads were stopped: 0.0016195 seconds, Stopping threads took: 0.0013079 seconds
[2022-06-13T02:10:44.282+0000][1][safepoint    ] Application time: 0.0001249 seconds
[2022-06-13T02:10:44.282+0000][1][safepoint    ] Entering safepoint region: RevokeBias
[2022-06-13T02:10:44.282+0000][1][safepoint    ] Leaving safepoint region
[2022-06-13T02:10:44.282+0000][1][safepoint    ] Total time for which application threads were stopped: 0.0004406 seconds, Stopping threads took: 0.0001883 seconds
[2022-06-13T02:10:44.283+0000][1][safepoint    ] Application time: 0.0001050 seconds
[2022-06-13T02:10:44.285+0000][1][safepoint    ] Entering safepoint region: RevokeBias
[2022-06-13T02:10:44.285+0000][1][safepoint    ] Leaving safepoint region
[2022-06-13T02:10:44.285+0000][1][safepoint    ] Total time for which application threads were stopped: 0.0004703 seconds, Stopping threads took: 0.0002667 seconds
[2022-06-13T02:10:44.292+0000][1][safepoint    ] Application time: 0.0063722 seconds
[2022-06-13T02:10:44.295+0000][1][safepoint    ] Entering safepoint region: RevokeBias
[2022-06-13T02:10:44.295+0000][1][safepoint    ] Leaving safepoint region
[2022-06-13T02:10:44.296+0000][1][safepoint    ] Total time for which application threads were stopped: 0.0008847 seconds, Stopping threads took: 0.0006204 seconds
[2022-06-13T02:10:44.297+0000][1][safepoint    ] Application time: 0.0008340 seconds
[2022-06-13T02:10:44.298+0000][1][safepoint    ] Entering safepoint region: RevokeBias
[2022-06-13T02:10:44.299+0000][1][safepoint    ] Leaving safepoint region
[2022-06-13T02:10:44.299+0000][1][safepoint    ] Total time for which application threads were stopped: 0.0004668 seconds, Stopping threads took: 0.0002194 seconds
[2022-06-13T02:10:44.299+0000][1][safepoint    ] Application time: 0.0000855 seconds
[2022-06-13T02:10:44.300+0000][1][safepoint    ] Entering safepoint region: RevokeBias
[2022-06-13T02:10:44.300+0000][1][safepoint    ] Leaving safepoint region
[2022-06-13T02:10:44.301+0000][1][safepoint    ] Total time for which application threads were stopped: 0.0004778 seconds, Stopping threads took: 0.0002118 seconds
[2022-06-13T02:10:44.301+0000][1][safepoint    ] Application time: 0.0001669 seconds
[2022-06-13T02:10:44.301+0000][1][safepoint    ] Entering safepoint region: RevokeBias
[2022-06-13T02:10:44.302+0000][1][safepoint    ] Leaving safepoint region
[2022-06-13T02:10:44.302+0000][1][safepoint    ] Total time for which application threads were stopped: 0.0004437 seconds, Stopping threads took: 0.0002453 seconds
[2022-06-13T02:10:44.302+0000][1][safepoint    ] Application time: 0.0001490 seconds
[2022-06-13T02:10:44.302+0000][1][safepoint    ] Entering safepoint region: RevokeBias
[2022-06-13T02:10:44.303+0000][1][safepoint    ] Leaving safepoint region
[2022-06-13T02:10:44.303+0000][1][safepoint    ] Total time for which application threads were stopped: 0.0004313 seconds, Stopping threads took: 0.0002321 seconds
[2022-06-13T02:10:44.303+0000][1][safepoint    ] Application time: 0.0000587 seconds
[2022-06-13T02:10:44.303+0000][1][safepoint    ] Entering safepoint region: RevokeBias
[2022-06-13T02:10:44.304+0000][1][safepoint    ] Leaving safepoint region
[2022-06-13T02:10:44.304+0000][1][safepoint    ] Total time for which application threads were stopped: 0.0005038 seconds, Stopping threads took: 0.0002700 seconds
[2022-06-13T02:10:44.304+0000][1][safepoint    ] Application time: 0.0000520 seconds
[2022-06-13T02:10:44.304+0000][1][safepoint    ] Entering safepoint region: RevokeBias
[2022-06-13T02:10:44.305+0000][1][safepoint    ] Leaving safepoint region
[2022-06-13T02:10:44.305+0000][1][safepoint    ] Total time for which application threads were stopped: 0.0004992 seconds, Stopping threads took: 0.0002658 seconds
[2022-06-13T02:10:44.305+0000][1][safepoint    ] Application time: 0.0000472 seconds
[2022-06-13T02:10:44.305+0000][1][safepoint    ] Entering safepoint region: RevokeBias
[2022-06-13T02:10:44.305+0000][1][safepoint    ] Leaving safepoint region
[2022-06-13T02:10:44.306+0000][1][safepoint    ] Total time for which application threads were stopped: 0.0003333 seconds, Stopping threads took: 0.0001440 seconds
[2022-06-13T02:10:44.306+0000][1][safepoint    ] Application time: 0.0000486 seconds
[2022-06-13T02:10:44.306+0000][1][safepoint    ] Entering safepoint region: RevokeBias
[2022-06-13T02:10:44.307+0000][1][safepoint    ] Leaving safepoint region
[2022-06-13T02:10:44.307+0000][1][safepoint    ] Total time for which application threads were stopped: 0.0005905 seconds, Stopping threads took: 0.0003459 seconds
[2022-06-13T02:10:44.307+0000][1][safepoint    ] Application time: 0.0003826 seconds
[2022-06-13T02:10:44.308+0000][1][safepoint    ] Entering safepoint region: RevokeBias
[2022-06-13T02:10:44.308+0000][1][safepoint    ] Leaving safepoint region
[2022-06-13T02:10:44.308+0000][1][safepoint    ] Total time for which application threads were stopped: 0.0004273 seconds, Stopping threads took: 0.0002272 seconds
[2022-06-13T02:10:44.308+0000][1][safepoint    ] Application time: 0.0001050 seconds
[2022-06-13T02:10:44.308+0000][1][safepoint    ] Entering safepoint region: RevokeBias
[2022-06-13T02:10:44.309+0000][1][safepoint    ] Leaving safepoint region
[2022-06-13T02:10:44.309+0000][1][safepoint    ] Total time for which application threads were stopped: 0.0004726 seconds, Stopping threads took: 0.0001726 seconds
[2022-06-13T02:10:44.399+0000][1][safepoint    ] Application time: 0.0903684 seconds
[2022-06-13T02:10:44.410+0000][1][safepoint    ] Entering safepoint region: GenCollectForAllocation
[2022-06-13T02:10:44.413+0000][1][gc,start     ] GC(4) Pause Young (Allocation Failure)
[2022-06-13T02:10:44.414+0000][1][gc,task      ] GC(4) Using 5 workers of 13 for evacuation
[2022-06-13T02:10:44.424+0000][1][gc,age       ] GC(4) Desired survivor size 4456448 bytes, new threshold 2 (max threshold 6)
[2022-06-13T02:10:44.424+0000][1][gc,age       ] GC(4) Age table with threshold 2 (max threshold 6)
[2022-06-13T02:10:44.424+0000][1][gc,age       ] GC(4) - age   1:    1685216 bytes,    1685216 total
[2022-06-13T02:10:44.425+0000][1][gc,age       ] GC(4) - age   2:    3231848 bytes,    4917064 total
[2022-06-13T02:10:44.425+0000][1][gc,age       ] GC(4) - age   3:     294632 bytes,    5211696 total
[2022-06-13T02:10:44.425+0000][1][gc,heap      ] GC(4) ParNew: 76475K->7117K(78656K)
[2022-06-13T02:10:44.427+0000][1][gc,heap      ] GC(4) CMS: 6658K->7826K(174784K)
[2022-06-13T02:10:44.429+0000][1][gc,metaspace ] GC(4) Metaspace: 18681K->18681K(1067008K)
[2022-06-13T02:10:44.429+0000][1][gc           ] GC(4) Pause Young (Allocation Failure) 81M->14M(247M) 16.383ms
[2022-06-13T02:10:44.429+0000][1][gc,cpu       ] GC(4) User=0.04s Sys=0.00s Real=0.02s
[2022-06-13T02:10:44.429+0000][1][safepoint    ] Leaving safepoint region
[2022-06-13T02:10:44.429+0000][1][safepoint    ] Total time for which application threads were stopped: 0.0203785 seconds, Stopping threads took: 0.0031083 seconds
[2022-06-13T02:10:44.430+0000][1][safepoint    ] Application time: 0.0003170 seconds
[2022-06-13T02:10:44.431+0000][1][safepoint    ] Entering safepoint region: RevokeBias
[2022-06-13T02:10:44.431+0000][1][safepoint    ] Leaving safepoint region
[2022-06-13T02:10:44.431+0000][1][safepoint    ] Total time for which application threads were stopped: 0.0004936 seconds, Stopping threads took: 0.0002728 seconds
[2022-06-13T02:10:44.431+0000][1][safepoint    ] Application time: 0.0001090 seconds
[2022-06-13T02:10:44.432+0000][1][safepoint    ] Entering safepoint region: RevokeBias
[2022-06-13T02:10:44.432+0000][1][safepoint    ] Leaving safepoint region
[2022-06-13T02:10:44.432+0000][1][safepoint    ] Total time for which application threads were stopped: 0.0003833 seconds, Stopping threads took: 0.0001918 seconds
[2022-06-13T02:10:44.433+0000][1][safepoint    ] Application time: 0.0006322 seconds
[2022-06-13T02:10:44.433+0000][1][safepoint    ] Entering safepoint region: RevokeBias
[2022-06-13T02:10:44.434+0000][1][safepoint    ] Leaving safepoint region
[2022-06-13T02:10:44.434+0000][1][safepoint    ] Total time for which application threads were stopped: 0.0012486 seconds, Stopping threads took: 0.0010071 seconds
[2022-06-13T02:10:44.435+0000][1][safepoint    ] Application time: 0.0000606 seconds
[2022-06-13T02:10:44.435+0000][1][safepoint    ] Entering safepoint region: RevokeBias
[2022-06-13T02:10:44.435+0000][1][safepoint    ] Leaving safepoint region
[2022-06-13T02:10:44.435+0000][1][safepoint    ] Total time for which application threads were stopped: 0.0003515 seconds, Stopping threads took: 0.0001488 seconds
[2022-06-13T02:10:44.456+0000][1][safepoint    ] Application time: 0.0210157 seconds
[2022-06-13T02:10:44.456+0000][1][safepoint    ] Entering safepoint region: Deoptimize
[2022-06-13T02:10:44.457+0000][1][safepoint    ] Leaving safepoint region
[2022-06-13T02:10:44.457+0000][1][safepoint    ] Total time for which application threads were stopped: 0.0009342 seconds, Stopping threads took: 0.0001564 seconds
[2022-06-13T02:10:44.492+0000][1][safepoint    ] Application time: 0.0348932 seconds
[2022-06-13T02:10:44.492+0000][1][safepoint    ] Entering safepoint region: Deoptimize
[2022-06-13T02:10:44.493+0000][1][safepoint    ] Leaving safepoint region
[2022-06-13T02:10:44.493+0000][1][safepoint    ] Total time for which application threads were stopped: 0.0008477 seconds, Stopping threads took: 0.0001773 seconds
[2022-06-13T02:10:44.582+0000][1][safepoint    ] Application time: 0.0887270 seconds
[2022-06-13T02:10:44.588+0000][1][safepoint    ] Entering safepoint region: GenCollectForAllocation
[2022-06-13T02:10:44.589+0000][1][gc,start     ] GC(5) Pause Young (Allocation Failure)
[2022-06-13T02:10:44.589+0000][1][gc,task      ] GC(5) Using 5 workers of 13 for evacuation
[2022-06-13T02:10:44.599+0000][1][gc,age       ] GC(5) Desired survivor size 4456448 bytes, new threshold 6 (max threshold 6)
[2022-06-13T02:10:44.600+0000][1][gc,age       ] GC(5) Age table with threshold 6 (max threshold 6)
[2022-06-13T02:10:44.600+0000][1][gc,age       ] GC(5) - age   1:    2457632 bytes,    2457632 total
[2022-06-13T02:10:44.601+0000][1][gc,age       ] GC(5) - age   2:     543880 bytes,    3001512 total
[2022-06-13T02:10:44.601+0000][1][gc,heap      ] GC(5) ParNew: 77069K->4783K(78656K)
[2022-06-13T02:10:44.601+0000][1][gc,heap      ] GC(5) CMS: 7826K->11295K(174784K)
[2022-06-13T02:10:44.601+0000][1][gc,metaspace ] GC(5) Metaspace: 19019K->19019K(1067008K)
[2022-06-13T02:10:44.601+0000][1][gc           ] GC(5) Pause Young (Allocation Failure) 82M->15M(247M) 12.944ms
[2022-06-13T02:10:44.602+0000][1][gc,cpu       ] GC(5) User=0.07s Sys=0.01s Real=0.02s
[2022-06-13T02:10:44.602+0000][1][safepoint    ] Leaving safepoint region
[2022-06-13T02:10:44.602+0000][1][safepoint    ] Total time for which application threads were stopped: 0.0194223 seconds, Stopping threads took: 0.0056728 seconds
[2022-06-13T02:10:44.606+0000][1][safepoint    ] Application time: 0.0041990 seconds
[2022-06-13T02:10:44.607+0000][1][safepoint    ] Entering safepoint region: RevokeBias
[2022-06-13T02:10:44.610+0000][1][safepoint    ] Leaving safepoint region
[2022-06-13T02:10:44.611+0000][1][safepoint    ] Total time for which application threads were stopped: 0.0040126 seconds, Stopping threads took: 0.0032621 seconds
[2022-06-13T02:10:44.611+0000][1][safepoint    ] Application time: 0.0000915 seconds
[2022-06-13T02:10:44.613+0000][1][safepoint    ] Entering safepoint region: RevokeBias
[2022-06-13T02:10:44.616+0000][1][safepoint    ] Leaving safepoint region
[2022-06-13T02:10:44.616+0000][1][safepoint    ] Total time for which application threads were stopped: 0.0031767 seconds, Stopping threads took: 0.0025714 seconds
[2022-06-13T02:10:44.621+0000][1][safepoint    ] Application time: 0.0039113 seconds
[2022-06-13T02:10:44.623+0000][1][safepoint    ] Entering safepoint region: RevokeBias
[2022-06-13T02:10:44.623+0000][1][safepoint    ] Leaving safepoint region
[2022-06-13T02:10:44.623+0000][1][safepoint    ] Total time for which application threads were stopped: 0.0009860 seconds, Stopping threads took: 0.0007007 seconds
[2022-06-13T02:10:44.624+0000][1][safepoint    ] Application time: 0.0002247 seconds
[2022-06-13T02:10:44.624+0000][1][safepoint    ] Entering safepoint region: RevokeBias
[2022-06-13T02:10:44.626+0000][1][safepoint    ] Leaving safepoint region
[2022-06-13T02:10:44.626+0000][1][safepoint    ] Total time for which application threads were stopped: 0.0017731 seconds, Stopping threads took: 0.0010677 seconds
[2022-06-13T02:10:44.627+0000][1][safepoint    ] Application time: 0.0000875 seconds
[2022-06-13T02:10:44.629+0000][1][safepoint    ] Entering safepoint region: RevokeBias
[2022-06-13T02:10:44.629+0000][1][safepoint    ] Leaving safepoint region
[2022-06-13T02:10:44.629+0000][1][safepoint    ] Total time for which application threads were stopped: 0.0006146 seconds, Stopping threads took: 0.0001940 seconds
[2022-06-13T02:10:44.631+0000][1][safepoint    ] Application time: 0.0000769 seconds
[2022-06-13T02:10:44.632+0000][1][safepoint    ] Entering safepoint region: RevokeBias
[2022-06-13T02:10:44.632+0000][1][safepoint    ] Leaving safepoint region
[2022-06-13T02:10:44.632+0000][1][safepoint    ] Total time for which application threads were stopped: 0.0005752 seconds, Stopping threads took: 0.0001721 seconds
[2022-06-13T02:10:44.727+0000][1][safepoint    ] Application time: 0.0942779 seconds
[2022-06-13T02:10:44.727+0000][1][safepoint    ] Entering safepoint region: RevokeBias
[2022-06-13T02:10:44.728+0000][1][safepoint    ] Leaving safepoint region
[2022-06-13T02:10:44.728+0000][1][safepoint    ] Total time for which application threads were stopped: 0.0004366 seconds, Stopping threads took: 0.0002151 seconds
[2022-06-13T02:10:44.728+0000][1][safepoint    ] Application time: 0.0002608 seconds
[2022-06-13T02:10:44.728+0000][1][safepoint    ] Entering safepoint region: BulkRevokeBias
[2022-06-13T02:10:44.729+0000][1][safepoint    ] Leaving safepoint region
[2022-06-13T02:10:44.729+0000][1][safepoint    ] Total time for which application threads were stopped: 0.0007199 seconds, Stopping threads took: 0.0001497 seconds
[2022-06-13T02:10:44.784+0000][1][safepoint    ] Application time: 0.0543456 seconds
[2022-06-13T02:10:44.784+0000][1][safepoint    ] Entering safepoint region: GenCollectForAllocation
[2022-06-13T02:10:44.784+0000][1][gc,start     ] GC(6) Pause Young (Allocation Failure)
[2022-06-13T02:10:44.784+0000][1][gc,task      ] GC(6) Using 5 workers of 13 for evacuation
[2022-06-13T02:10:44.788+0000][1][gc,age       ] GC(6) Desired survivor size 4456448 bytes, new threshold 6 (max threshold 6)
[2022-06-13T02:10:44.788+0000][1][gc,age       ] GC(6) Age table with threshold 6 (max threshold 6)
[2022-06-13T02:10:44.788+0000][1][gc,age       ] GC(6) - age   1:    1403312 bytes,    1403312 total
[2022-06-13T02:10:44.788+0000][1][gc,age       ] GC(6) - age   2:    2196584 bytes,    3599896 total
[2022-06-13T02:10:44.789+0000][1][gc,age       ] GC(6) - age   3:     543880 bytes,    4143776 total
[2022-06-13T02:10:44.789+0000][1][gc,heap      ] GC(6) ParNew: 74735K->5858K(78656K)
[2022-06-13T02:10:44.789+0000][1][gc,heap      ] GC(6) CMS: 11295K->11295K(174784K)
[2022-06-13T02:10:44.789+0000][1][gc,metaspace ] GC(6) Metaspace: 19324K->19324K(1067008K)
[2022-06-13T02:10:44.790+0000][1][gc           ] GC(6) Pause Young (Allocation Failure) 84M->16M(247M) 5.344ms
[2022-06-13T02:10:44.790+0000][1][gc,cpu       ] GC(6) User=0.02s Sys=0.00s Real=0.01s
[2022-06-13T02:10:44.790+0000][1][safepoint    ] Leaving safepoint region
[2022-06-13T02:10:44.790+0000][1][safepoint    ] Total time for which application threads were stopped: 0.0062200 seconds, Stopping threads took: 0.0002729 seconds
[2022-06-13T02:10:44.791+0000][1][safepoint    ] Application time: 0.0003065 seconds
[2022-06-13T02:10:44.791+0000][1][safepoint    ] Entering safepoint region: BulkRevokeBias
[2022-06-13T02:10:44.791+0000][1][safepoint    ] Leaving safepoint region
[2022-06-13T02:10:44.791+0000][1][safepoint    ] Total time for which application threads were stopped: 0.0005526 seconds, Stopping threads took: 0.0002657 seconds
[2022-06-13T02:10:45.058+0000][1][safepoint    ] Application time: 0.2666675 seconds
[2022-06-13T02:10:45.058+0000][1][safepoint    ] Entering safepoint region: GenCollectForAllocation
[2022-06-13T02:10:45.059+0000][1][gc,start     ] GC(7) Pause Young (Allocation Failure)
[2022-06-13T02:10:45.059+0000][1][gc,task      ] GC(7) Using 5 workers of 13 for evacuation
[2022-06-13T02:10:45.062+0000][1][gc,age       ] GC(7) Desired survivor size 4456448 bytes, new threshold 6 (max threshold 6)
[2022-06-13T02:10:45.063+0000][1][gc,age       ] GC(7) Age table with threshold 6 (max threshold 6)
[2022-06-13T02:10:45.064+0000][1][gc,age       ] GC(7) - age   1:     558200 bytes,     558200 total
[2022-06-13T02:10:45.069+0000][1][gc,age       ] GC(7) - age   2:    1129288 bytes,    1687488 total
[2022-06-13T02:10:45.072+0000][1][gc,age       ] GC(7) - age   3:    2194576 bytes,    3882064 total
[2022-06-13T02:10:45.072+0000][1][gc,age       ] GC(7) - age   4:     543880 bytes,    4425944 total
[2022-06-13T02:10:45.073+0000][1][gc,heap      ] GC(7) ParNew: 75810K->5415K(78656K)
[2022-06-13T02:10:45.073+0000][1][gc,heap      ] GC(7) CMS: 11295K->11295K(174784K)
[2022-06-13T02:10:45.073+0000][1][gc,metaspace ] GC(7) Metaspace: 19994K->19994K(1067008K)
[2022-06-13T02:10:45.073+0000][1][gc           ] GC(7) Pause Young (Allocation Failure) 85M->16M(247M) 14.614ms
[2022-06-13T02:10:45.073+0000][1][gc,cpu       ] GC(7) User=0.06s Sys=0.01s Real=0.02s
[2022-06-13T02:10:45.074+0000][1][safepoint    ] Leaving safepoint region
[2022-06-13T02:10:45.074+0000][1][safepoint    ] Total time for which application threads were stopped: 0.0155782 seconds, Stopping threads took: 0.0001455 seconds
[2022-06-13T02:10:45.078+0000][1][safepoint    ] Application time: 0.0042766 seconds
[2022-06-13T02:10:45.079+0000][1][safepoint    ] Entering safepoint region: CollectForMetadataAllocation
[2022-06-13T02:10:45.079+0000][1][safepoint    ] Leaving safepoint region
[2022-06-13T02:10:45.080+0000][1][safepoint    ] Total time for which application threads were stopped: 0.0007127 seconds, Stopping threads took: 0.0002071 seconds
[2022-06-13T02:10:45.129+0000][1][safepoint    ] Application time: 0.0496554 seconds
[2022-06-13T02:10:45.130+0000][1][safepoint    ] Entering safepoint region: CollectForMetadataAllocation
[2022-06-13T02:10:45.130+0000][1][safepoint    ] Leaving safepoint region
[2022-06-13T02:10:45.130+0000][1][safepoint    ] Total time for which application threads were stopped: 0.0005215 seconds, Stopping threads took: 0.0001939 seconds
[2022-06-13T02:10:45.285+0000][1][safepoint    ] Application time: 0.1549469 seconds
[2022-06-13T02:10:45.288+0000][1][safepoint    ] Entering safepoint region: GenCollectForAllocation
[2022-06-13T02:10:45.289+0000][1][gc,start     ] GC(8) Pause Young (Allocation Failure)
[2022-06-13T02:10:45.292+0000][1][gc,task      ] GC(8) Using 5 workers of 13 for evacuation
[2022-06-13T02:10:45.296+0000][1][gc,age       ] GC(8) Desired survivor size 4456448 bytes, new threshold 4 (max threshold 6)
[2022-06-13T02:10:45.298+0000][1][gc,age       ] GC(8) Age table with threshold 4 (max threshold 6)
[2022-06-13T02:10:45.298+0000][1][gc,age       ] GC(8) - age   1:     841640 bytes,     841640 total
[2022-06-13T02:10:45.299+0000][1][gc,age       ] GC(8) - age   2:     538464 bytes,    1380104 total
[2022-06-13T02:10:45.304+0000][1][gc,age       ] GC(8) - age   3:    1129192 bytes,    2509296 total
[2022-06-13T02:10:45.306+0000][1][gc,age       ] GC(8) - age   4:    2194288 bytes,    4703584 total
[2022-06-13T02:10:45.307+0000][1][gc,age       ] GC(8) - age   5:     543880 bytes,    5247464 total
[2022-06-13T02:10:45.308+0000][1][gc,heap      ] GC(8) ParNew: 75367K->6526K(78656K)
[2022-06-13T02:10:45.308+0000][1][gc,heap      ] GC(8) CMS: 11295K->11295K(174784K)
[2022-06-13T02:10:45.308+0000][1][gc,metaspace ] GC(8) Metaspace: 20384K->20384K(1069056K)
[2022-06-13T02:10:45.308+0000][1][gc           ] GC(8) Pause Young (Allocation Failure) 84M->17M(247M) 19.491ms
[2022-06-13T02:10:45.308+0000][1][gc,cpu       ] GC(8) User=0.08s Sys=0.01s Real=0.02s
[2022-06-13T02:10:45.308+0000][1][safepoint    ] Leaving safepoint region
[2022-06-13T02:10:45.309+0000][1][safepoint    ] Total time for which application threads were stopped: 0.0205563 seconds, Stopping threads took: 0.0005319 seconds
[2022-06-13T02:10:45.309+0000][1][safepoint    ] Application time: 0.0001875 seconds
[2022-06-13T02:10:45.309+0000][1][safepoint    ] Entering safepoint region: CMS_Initial_Mark
[2022-06-13T02:10:45.309+0000][1][gc,start     ] GC(9) Pause Initial Mark
[2022-06-13T02:10:45.311+0000][1][gc           ] GC(9) Pause Initial Mark 18M->18M(247M) 1.218ms
[2022-06-13T02:10:45.311+0000][1][gc,cpu       ] GC(9) User=0.02s Sys=0.00s Real=0.01s
[2022-06-13T02:10:45.311+0000][1][safepoint    ] Leaving safepoint region
[2022-06-13T02:10:45.311+0000][1][safepoint    ] Total time for which application threads were stopped: 0.0020279 seconds, Stopping threads took: 0.0001777 seconds
[2022-06-13T02:10:45.312+0000][1][gc           ] GC(9) Concurrent Mark
[2022-06-13T02:10:45.313+0000][1][gc,task      ] GC(9) Using 4 workers of 4 for marking
[2022-06-13T02:10:45.329+0000][1][gc           ] GC(9) Concurrent Mark 17.117ms
[2022-06-13T02:10:45.329+0000][1][gc,cpu       ] GC(9) User=0.08s Sys=0.00s Real=0.01s
[2022-06-13T02:10:45.329+0000][1][gc           ] GC(9) Concurrent Preclean
[2022-06-13T02:10:45.330+0000][1][gc           ] GC(9) Concurrent Preclean 0.783ms
[2022-06-13T02:10:45.330+0000][1][gc,cpu       ] GC(9) User=0.00s Sys=0.00s Real=0.00s
[2022-06-13T02:10:45.330+0000][1][gc           ] GC(9) Concurrent Abortable Preclean
[2022-06-13T02:10:45.413+0000][1][safepoint    ] Application time: 0.1016353 seconds
[2022-06-13T02:10:45.413+0000][1][safepoint    ] Entering safepoint region: GenCollectForAllocation
[2022-06-13T02:10:45.414+0000][1][gc,start     ] GC(10) Pause Young (Allocation Failure)
[2022-06-13T02:10:45.414+0000][1][gc,task      ] GC(10) Using 5 workers of 13 for evacuation
[2022-06-13T02:10:45.417+0000][1][gc,age       ] GC(10) Desired survivor size 4456448 bytes, new threshold 6 (max threshold 6)
[2022-06-13T02:10:45.417+0000][1][gc,age       ] GC(10) Age table with threshold 6 (max threshold 6)
[2022-06-13T02:10:45.417+0000][1][gc,age       ] GC(10) - age   1:     301768 bytes,     301768 total
[2022-06-13T02:10:45.418+0000][1][gc,age       ] GC(10) - age   2:     457440 bytes,     759208 total
[2022-06-13T02:10:45.418+0000][1][gc,age       ] GC(10) - age   3:     538344 bytes,    1297552 total
[2022-06-13T02:10:45.418+0000][1][gc,age       ] GC(10) - age   4:    1129192 bytes,    2426744 total
[2022-06-13T02:10:45.418+0000][1][gc,heap      ] GC(10) ParNew: 76478K->5371K(78656K)
[2022-06-13T02:10:45.418+0000][1][gc,heap      ] GC(10) CMS: 11295K->14056K(174784K)
[2022-06-13T02:10:45.418+0000][1][gc,metaspace ] GC(10) Metaspace: 20489K->20489K(1069056K)
[2022-06-13T02:10:45.419+0000][1][gc           ] GC(10) Pause Young (Allocation Failure) 85M->18M(247M) 5.074ms
[2022-06-13T02:10:45.419+0000][1][gc,cpu       ] GC(10) User=0.02s Sys=0.00s Real=0.00s
[2022-06-13T02:10:45.419+0000][1][safepoint    ] Leaving safepoint region
[2022-06-13T02:10:45.419+0000][1][safepoint    ] Total time for which application threads were stopped: 0.0059122 seconds, Stopping threads took: 0.0002053 seconds
[2022-06-13T02:10:45.510+0000][1][safepoint    ] Application time: 0.0902221 seconds
[2022-06-13T02:10:45.510+0000][1][safepoint    ] Entering safepoint region: GenCollectForAllocation
[2022-06-13T02:10:45.510+0000][1][gc,start     ] GC(11) Pause Young (Allocation Failure)
[2022-06-13T02:10:45.510+0000][1][gc,task      ] GC(11) Using 5 workers of 13 for evacuation
[2022-06-13T02:10:45.513+0000][1][gc,age       ] GC(11) Desired survivor size 4456448 bytes, new threshold 6 (max threshold 6)
[2022-06-13T02:10:45.514+0000][1][gc,age       ] GC(11) Age table with threshold 6 (max threshold 6)
[2022-06-13T02:10:45.514+0000][1][gc,age       ] GC(11) - age   1:    1974688 bytes,    1974688 total
[2022-06-13T02:10:45.514+0000][1][gc,age       ] GC(11) - age   2:      99208 bytes,    2073896 total
[2022-06-13T02:10:45.514+0000][1][gc,age       ] GC(11) - age   3:     457440 bytes,    2531336 total
[2022-06-13T02:10:45.515+0000][1][gc,age       ] GC(11) - age   4:     538192 bytes,    3069528 total
[2022-06-13T02:10:45.515+0000][1][gc,age       ] GC(11) - age   5:    1128904 bytes,    4198432 total
[2022-06-13T02:10:45.515+0000][1][gc,heap      ] GC(11) ParNew: 75323K->5019K(78656K)
[2022-06-13T02:10:45.515+0000][1][gc,heap      ] GC(11) CMS: 14056K->14056K(174784K)
[2022-06-13T02:10:45.515+0000][1][gc,metaspace ] GC(11) Metaspace: 20566K->20566K(1069056K)
[2022-06-13T02:10:45.515+0000][1][gc           ] GC(11) Pause Young (Allocation Failure) 87M->18M(247M) 5.193ms
[2022-06-13T02:10:45.516+0000][1][gc,cpu       ] GC(11) User=0.01s Sys=0.01s Real=0.00s
[2022-06-13T02:10:45.516+0000][1][safepoint    ] Leaving safepoint region
[2022-06-13T02:10:45.516+0000][1][safepoint    ] Total time for which application threads were stopped: 0.0059533 seconds, Stopping threads took: 0.0002011 seconds
[2022-06-13T02:10:45.557+0000][1][safepoint    ] Application time: 0.0406632 seconds
[2022-06-13T02:10:45.557+0000][1][safepoint    ] Entering safepoint region: CollectForMetadataAllocation
[2022-06-13T02:10:45.557+0000][1][safepoint    ] Leaving safepoint region
[2022-06-13T02:10:45.557+0000][1][safepoint    ] Total time for which application threads were stopped: 0.0004551 seconds, Stopping threads took: 0.0001464 seconds
[2022-06-13T02:10:45.571+0000][1][gc           ] GC(9) Concurrent Abortable Preclean 240.686ms
[2022-06-13T02:10:45.572+0000][1][gc,cpu       ] GC(9) User=0.80s Sys=0.05s Real=0.24s
[2022-06-13T02:10:45.573+0000][1][safepoint    ] Application time: 0.0158658 seconds
[2022-06-13T02:10:45.574+0000][1][safepoint    ] Entering safepoint region: CMS_Final_Remark
[2022-06-13T02:10:45.574+0000][1][gc,start     ] GC(9) Pause Remark
[2022-06-13T02:10:45.584+0000][1][gc           ] GC(9) Pause Remark 54M->54M(247M) 10.542ms
[2022-06-13T02:10:45.585+0000][1][gc,cpu       ] GC(9) User=0.03s Sys=0.00s Real=0.01s
[2022-06-13T02:10:45.585+0000][1][safepoint    ] Leaving safepoint region
[2022-06-13T02:10:45.585+0000][1][safepoint    ] Total time for which application threads were stopped: 0.0115885 seconds, Stopping threads took: 0.0002331 seconds
[2022-06-13T02:10:45.585+0000][1][gc           ] GC(9) Concurrent Sweep
[2022-06-13T02:10:45.590+0000][1][gc           ] GC(9) Concurrent Sweep 4.695ms
[2022-06-13T02:10:45.591+0000][1][gc,cpu       ] GC(9) User=0.03s Sys=0.00s Real=0.01s
[2022-06-13T02:10:45.591+0000][1][gc           ] GC(9) Concurrent Reset
[2022-06-13T02:10:45.591+0000][1][gc           ] GC(9) Concurrent Reset 0.534ms
[2022-06-13T02:10:45.592+0000][1][gc,cpu       ] GC(9) User=0.00s Sys=0.00s Real=0.00s
[2022-06-13T02:10:45.592+0000][1][gc,heap      ] GC(9) Old: 11295K->14031K(174784K)
[2022-06-13T02:10:45.920+0000][1][safepoint    ] Application time: 0.3340962 seconds
[2022-06-13T02:10:45.920+0000][1][safepoint    ] Entering safepoint region: Deoptimize
[2022-06-13T02:10:45.922+0000][1][safepoint    ] Leaving safepoint region
[2022-06-13T02:10:45.923+0000][1][safepoint    ] Total time for which application threads were stopped: 0.0024381 seconds, Stopping threads took: 0.0002506 seconds
[2022-06-13T02:10:46.010+0000][1][safepoint    ] Application time: 0.0877393 seconds
[2022-06-13T02:10:46.011+0000][1][safepoint    ] Entering safepoint region: Deoptimize
[2022-06-13T02:10:46.012+0000][1][safepoint    ] Leaving safepoint region
[2022-06-13T02:10:46.013+0000][1][safepoint    ] Total time for which application threads were stopped: 0.0023656 seconds, Stopping threads took: 0.0002398 seconds
[2022-06-13T02:10:46.024+0000][1][safepoint    ] Application time: 0.0097566 seconds
[2022-06-13T02:10:46.025+0000][1][safepoint    ] Entering safepoint region: RevokeBias
[2022-06-13T02:10:46.025+0000][1][safepoint    ] Leaving safepoint region
[2022-06-13T02:10:46.025+0000][1][safepoint    ] Total time for which application threads were stopped: 0.0006444 seconds, Stopping threads took: 0.0001464 seconds
[2022-06-13T02:10:46.026+0000][1][safepoint    ] Application time: 0.0008863 seconds
[2022-06-13T02:10:46.027+0000][1][safepoint    ] Entering safepoint region: Deoptimize
[2022-06-13T02:10:46.028+0000][1][safepoint    ] Leaving safepoint region
[2022-06-13T02:10:46.028+0000][1][safepoint    ] Total time for which application threads were stopped: 0.0016230 seconds, Stopping threads took: 0.0001997 seconds
[2022-06-13T02:10:46.049+0000][1][safepoint    ] Application time: 0.0204741 seconds
[2022-06-13T02:10:46.051+0000][1][safepoint    ] Entering safepoint region: Deoptimize
[2022-06-13T02:10:46.052+0000][1][safepoint    ] Leaving safepoint region
[2022-06-13T02:10:46.052+0000][1][safepoint    ] Total time for which application threads were stopped: 0.0016504 seconds, Stopping threads took: 0.0003719 seconds
[2022-06-13T02:10:46.263+0000][1][safepoint    ] Application time: 0.2078926 seconds
[2022-06-13T02:10:46.266+0000][1][safepoint    ] Entering safepoint region: GenCollectForAllocation
[2022-06-13T02:10:46.267+0000][1][gc,start     ] GC(12) Pause Young (Allocation Failure)
[2022-06-13T02:10:46.267+0000][1][gc,task      ] GC(12) Using 5 workers of 13 for evacuation
[2022-06-13T02:10:46.285+0000][1][gc,age       ] GC(12) Desired survivor size 4456448 bytes, new threshold 4 (max threshold 6)
[2022-06-13T02:10:46.287+0000][1][gc,age       ] GC(12) Age table with threshold 4 (max threshold 6)
[2022-06-13T02:10:46.287+0000][1][gc,age       ] GC(12) - age   1:    3896728 bytes,    3896728 total
[2022-06-13T02:10:46.288+0000][1][gc,age       ] GC(12) - age   2:     344544 bytes,    4241272 total
[2022-06-13T02:10:46.288+0000][1][gc,age       ] GC(12) - age   3:      98944 bytes,    4340216 total
[2022-06-13T02:10:46.288+0000][1][gc,age       ] GC(12) - age   4:     457184 bytes,    4797400 total
[2022-06-13T02:10:46.288+0000][1][gc,age       ] GC(12) - age   5:     533088 bytes,    5330488 total
[2022-06-13T02:10:46.288+0000][1][gc,age       ] GC(12) - age   6:    1128744 bytes,    6459232 total
[2022-06-13T02:10:46.288+0000][1][gc,heap      ] GC(12) ParNew: 74971K->7131K(78656K)
[2022-06-13T02:10:46.288+0000][1][gc,heap      ] GC(12) CMS: 14031K->14031K(174784K)
[2022-06-13T02:10:46.289+0000][1][gc,metaspace ] GC(12) Metaspace: 26372K->26372K(1073152K)
[2022-06-13T02:10:46.289+0000][1][gc           ] GC(12) Pause Young (Allocation Failure) 86M->20M(247M) 21.573ms
[2022-06-13T02:10:46.289+0000][1][gc,cpu       ] GC(12) User=0.08s Sys=0.00s Real=0.02s
[2022-06-13T02:10:46.289+0000][1][safepoint    ] Leaving safepoint region
[2022-06-13T02:10:46.289+0000][1][safepoint    ] Total time for which application threads were stopped: 0.0248045 seconds, Stopping threads took: 0.0026477 seconds
[2022-06-13T02:10:46.905+0000][1][safepoint    ] Application time: 0.6160031 seconds
[2022-06-13T02:10:46.906+0000][1][safepoint    ] Entering safepoint region: Deoptimize
[2022-06-13T02:10:46.908+0000][1][safepoint    ] Leaving safepoint region
[2022-06-13T02:10:46.909+0000][1][safepoint    ] Total time for which application threads were stopped: 0.0025949 seconds, Stopping threads took: 0.0013169 seconds
[2022-06-13T02:10:47.179+0000][1][safepoint    ] Application time: 0.2698572 seconds
[2022-06-13T02:10:47.189+0000][1][safepoint    ] Entering safepoint region: RevokeBias
[2022-06-13T02:10:47.193+0000][1][safepoint    ] Leaving safepoint region
[2022-06-13T02:10:47.194+0000][1][safepoint    ] Total time for which application threads were stopped: 0.0140781 seconds, Stopping threads took: 0.0136150 seconds
[2022-06-13T02:10:47.299+0000][1][safepoint    ] Application time: 0.1057264 seconds
[2022-06-13T02:10:47.319+0000][1][safepoint    ] Entering safepoint region: GenCollectForAllocation
[2022-06-13T02:10:47.329+0000][1][gc,start     ] GC(13) Pause Young (Allocation Failure)
[2022-06-13T02:10:47.331+0000][1][gc,task      ] GC(13) Using 5 workers of 13 for evacuation
[2022-06-13T02:10:47.392+0000][1][gc,age       ] GC(13) Desired survivor size 4456448 bytes, new threshold 1 (max threshold 6)
[2022-06-13T02:10:47.392+0000][1][gc,age       ] GC(13) Age table with threshold 1 (max threshold 6)
[2022-06-13T02:10:47.392+0000][1][gc,age       ] GC(13) - age   1:    4489776 bytes,    4489776 total
[2022-06-13T02:10:47.392+0000][1][gc,age       ] GC(13) - age   2:    3736624 bytes,    8226400 total
[2022-06-13T02:10:47.392+0000][1][gc,age       ] GC(13) - age   3:     344280 bytes,    8570680 total
[2022-06-13T02:10:47.393+0000][1][gc,age       ] GC(13) - age   4:      98944 bytes,    8669624 total
[2022-06-13T02:10:47.393+0000][1][gc,heap      ] GC(13) ParNew: 77083K->8704K(78656K)
[2022-06-13T02:10:47.393+0000][1][gc,heap      ] GC(13) CMS: 14031K->26586K(174784K)
[2022-06-13T02:10:47.393+0000][1][gc,metaspace ] GC(13) Metaspace: 27105K->27105K(1075200K)
[2022-06-13T02:10:47.393+0000][1][gc           ] GC(13) Pause Young (Allocation Failure) 88M->34M(247M) 63.641ms
[2022-06-13T02:10:47.393+0000][1][gc,cpu       ] GC(13) User=0.22s Sys=0.02s Real=0.06s
[2022-06-13T02:10:47.393+0000][1][safepoint    ] Leaving safepoint region
[2022-06-13T02:10:47.393+0000][1][safepoint    ] Total time for which application threads were stopped: 0.0876243 seconds, Stopping threads took: 0.0235134 seconds
[2022-06-13T02:10:48.204+0000][1][safepoint    ] Application time: 0.8111458 seconds
[2022-06-13T02:10:48.205+0000][1][safepoint    ] Entering safepoint region: GenCollectForAllocation
[2022-06-13T02:10:48.206+0000][1][gc,start     ] GC(14) Pause Young (Allocation Failure)
[2022-06-13T02:10:48.207+0000][1][gc,task      ] GC(14) Using 5 workers of 13 for evacuation
[2022-06-13T02:10:48.245+0000][1][gc,age       ] GC(14) Desired survivor size 4456448 bytes, new threshold 1 (max threshold 6)
[2022-06-13T02:10:48.245+0000][1][gc,age       ] GC(14) Age table with threshold 1 (max threshold 6)
[2022-06-13T02:10:48.245+0000][1][gc,age       ] GC(14) - age   1:    8912480 bytes,    8912480 total
[2022-06-13T02:10:48.246+0000][1][gc,heap      ] GC(14) ParNew: 78656K->8704K(78656K)
[2022-06-13T02:10:48.246+0000][1][gc,heap      ] GC(14) CMS: 26586K->39745K(174784K)
[2022-06-13T02:10:48.247+0000][1][gc,metaspace ] GC(14) Metaspace: 27138K->27138K(1075200K)
[2022-06-13T02:10:48.247+0000][1][gc           ] GC(14) Pause Young (Allocation Failure) 102M->47M(247M) 40.664ms
[2022-06-13T02:10:48.247+0000][1][gc,cpu       ] GC(14) User=0.16s Sys=0.01s Real=0.04s
[2022-06-13T02:10:48.247+0000][1][safepoint    ] Leaving safepoint region
[2022-06-13T02:10:48.248+0000][1][safepoint    ] Total time for which application threads were stopped: 0.0425472 seconds, Stopping threads took: 0.0008075 seconds
[2022-06-13T02:10:48.494+0000][1][safepoint    ] Application time: 0.2459821 seconds
[2022-06-13T02:10:48.495+0000][1][safepoint    ] Entering safepoint region: RevokeBias
[2022-06-13T02:10:48.495+0000][1][safepoint    ] Leaving safepoint region
[2022-06-13T02:10:48.495+0000][1][safepoint    ] Total time for which application threads were stopped: 0.0004510 seconds, Stopping threads took: 0.0002040 seconds
[2022-06-13T02:10:48.690+0000][1][safepoint    ] Application time: 0.1950458 seconds
[2022-06-13T02:10:48.691+0000][1][safepoint    ] Entering safepoint region: RevokeBias
[2022-06-13T02:10:48.691+0000][1][safepoint    ] Leaving safepoint region
[2022-06-13T02:10:48.691+0000][1][safepoint    ] Total time for which application threads were stopped: 0.0004324 seconds, Stopping threads took: 0.0001868 seconds
[2022-06-13T02:10:48.694+0000][1][safepoint    ] Application time: 0.0029161 seconds
[2022-06-13T02:10:48.694+0000][1][safepoint    ] Entering safepoint region: RevokeBias
[2022-06-13T02:10:48.695+0000][1][safepoint    ] Leaving safepoint region
[2022-06-13T02:10:48.695+0000][1][safepoint    ] Total time for which application threads were stopped: 0.0003957 seconds, Stopping threads took: 0.0001902 seconds
[2022-06-13T02:10:48.906+0000][1][safepoint    ] Application time: 0.2106604 seconds
[2022-06-13T02:10:48.906+0000][1][safepoint    ] Entering safepoint region: GenCollectForAllocation
[2022-06-13T02:10:48.907+0000][1][gc,start     ] GC(15) Pause Young (Allocation Failure)
[2022-06-13T02:10:48.908+0000][1][gc,task      ] GC(15) Using 5 workers of 13 for evacuation
[2022-06-13T02:10:48.925+0000][1][gc,age       ] GC(15) Desired survivor size 4456448 bytes, new threshold 1 (max threshold 6)
[2022-06-13T02:10:48.926+0000][1][gc,age       ] GC(15) Age table with threshold 1 (max threshold 6)
[2022-06-13T02:10:48.926+0000][1][gc,age       ] GC(15) - age   1:    6052208 bytes,    6052208 total
[2022-06-13T02:10:48.926+0000][1][gc,heap      ] GC(15) ParNew: 78656K->8704K(78656K)
[2022-06-13T02:10:48.926+0000][1][gc,heap      ] GC(15) CMS: 39745K->49845K(174784K)
[2022-06-13T02:10:48.926+0000][1][gc,metaspace ] GC(15) Metaspace: 32539K->32539K(1079296K)
[2022-06-13T02:10:48.926+0000][1][gc           ] GC(15) Pause Young (Allocation Failure) 115M->57M(247M) 19.505ms
[2022-06-13T02:10:48.926+0000][1][gc,cpu       ] GC(15) User=0.09s Sys=0.00s Real=0.02s
[2022-06-13T02:10:48.926+0000][1][safepoint    ] Leaving safepoint region
[2022-06-13T02:10:48.927+0000][1][safepoint    ] Total time for which application threads were stopped: 0.0205818 seconds, Stopping threads took: 0.0004902 seconds
[2022-06-13T02:10:49.018+0000][1][safepoint    ] Application time: 0.0908471 seconds
[2022-06-13T02:10:49.018+0000][1][safepoint    ] Entering safepoint region: GenCollectForAllocation
[2022-06-13T02:10:49.018+0000][1][gc,start     ] GC(16) Pause Young (Allocation Failure)
[2022-06-13T02:10:49.018+0000][1][gc,task      ] GC(16) Using 5 workers of 13 for evacuation
[2022-06-13T02:10:49.026+0000][1][gc,age       ] GC(16) Desired survivor size 4456448 bytes, new threshold 6 (max threshold 6)
[2022-06-13T02:10:49.026+0000][1][gc,age       ] GC(16) Age table with threshold 6 (max threshold 6)
[2022-06-13T02:10:49.026+0000][1][gc,age       ] GC(16) - age   1:     251448 bytes,     251448 total
[2022-06-13T02:10:49.027+0000][1][gc,heap      ] GC(16) ParNew: 78656K->5235K(78656K)
[2022-06-13T02:10:49.027+0000][1][gc,heap      ] GC(16) CMS: 49845K->55801K(174784K)
[2022-06-13T02:10:49.027+0000][1][gc,metaspace ] GC(16) Metaspace: 32885K->32885K(1079296K)
[2022-06-13T02:10:49.027+0000][1][gc           ] GC(16) Pause Young (Allocation Failure) 125M->59M(247M) 8.856ms
[2022-06-13T02:10:49.027+0000][1][gc,cpu       ] GC(16) User=0.03s Sys=0.00s Real=0.01s
[2022-06-13T02:10:49.027+0000][1][safepoint    ] Leaving safepoint region
[2022-06-13T02:10:49.027+0000][1][safepoint    ] Total time for which application threads were stopped: 0.0095830 seconds, Stopping threads took: 0.0001884 seconds
[2022-06-13T02:10:49.264+0000][1][safepoint    ] Application time: 0.2366306 seconds
[2022-06-13T02:10:49.265+0000][1][safepoint    ] Entering safepoint region: CollectForMetadataAllocation
[2022-06-13T02:10:49.265+0000][1][safepoint    ] Leaving safepoint region
[2022-06-13T02:10:49.265+0000][1][safepoint    ] Total time for which application threads were stopped: 0.0006722 seconds, Stopping threads took: 0.0002099 seconds
[2022-06-13T02:10:49.280+0000][1][safepoint    ] Application time: 0.0142642 seconds
[2022-06-13T02:10:49.280+0000][1][safepoint    ] Entering safepoint region: CollectForMetadataAllocation
[2022-06-13T02:10:49.281+0000][1][safepoint    ] Leaving safepoint region
[2022-06-13T02:10:49.281+0000][1][safepoint    ] Total time for which application threads were stopped: 0.0007946 seconds, Stopping threads took: 0.0001937 seconds
[2022-06-13T02:10:49.296+0000][1][safepoint    ] Application time: 0.0151825 seconds
[2022-06-13T02:10:49.297+0000][1][safepoint    ] Entering safepoint region: CollectForMetadataAllocation
[2022-06-13T02:10:49.297+0000][1][safepoint    ] Leaving safepoint region
[2022-06-13T02:10:49.297+0000][1][safepoint    ] Total time for which application threads were stopped: 0.0006375 seconds, Stopping threads took: 0.0002707 seconds
[2022-06-13T02:10:49.323+0000][1][safepoint    ] Application time: 0.0254669 seconds
[2022-06-13T02:10:49.323+0000][1][safepoint    ] Entering safepoint region: CollectForMetadataAllocation
[2022-06-13T02:10:49.323+0000][1][safepoint    ] Leaving safepoint region
[2022-06-13T02:10:49.324+0000][1][safepoint    ] Total time for which application threads were stopped: 0.0005011 seconds, Stopping threads took: 0.0002144 seconds
[2022-06-13T02:10:49.340+0000][1][safepoint    ] Application time: 0.0165045 seconds
[2022-06-13T02:10:49.341+0000][1][safepoint    ] Entering safepoint region: CollectForMetadataAllocation
[2022-06-13T02:10:49.342+0000][1][safepoint    ] Leaving safepoint region
[2022-06-13T02:10:49.342+0000][1][safepoint    ] Total time for which application threads were stopped: 0.0005958 seconds, Stopping threads took: 0.0001999 seconds
[2022-06-13T02:10:49.381+0000][1][safepoint    ] Application time: 0.0384404 seconds
[2022-06-13T02:10:49.381+0000][1][safepoint    ] Entering safepoint region: CollectForMetadataAllocation
[2022-06-13T02:10:49.381+0000][1][safepoint    ] Leaving safepoint region
[2022-06-13T02:10:49.381+0000][1][safepoint    ] Total time for which application threads were stopped: 0.0003876 seconds, Stopping threads took: 0.0001212 seconds
[2022-06-13T02:10:49.400+0000][1][safepoint    ] Application time: 0.0185312 seconds
[2022-06-13T02:10:49.400+0000][1][safepoint    ] Entering safepoint region: CollectForMetadataAllocation
[2022-06-13T02:10:49.400+0000][1][safepoint    ] Leaving safepoint region
[2022-06-13T02:10:49.400+0000][1][safepoint    ] Total time for which application threads were stopped: 0.0005046 seconds, Stopping threads took: 0.0002174 seconds
[2022-06-13T02:10:49.411+0000][1][safepoint    ] Application time: 0.0103942 seconds
[2022-06-13T02:10:49.411+0000][1][safepoint    ] Entering safepoint region: RevokeBias
[2022-06-13T02:10:49.411+0000][1][safepoint    ] Leaving safepoint region
[2022-06-13T02:10:49.412+0000][1][safepoint    ] Total time for which application threads were stopped: 0.0004317 seconds, Stopping threads took: 0.0001549 seconds
[2022-06-13T02:10:49.418+0000][1][safepoint    ] Application time: 0.0058739 seconds
[2022-06-13T02:10:49.418+0000][1][safepoint    ] Entering safepoint region: CollectForMetadataAllocation
[2022-06-13T02:10:49.418+0000][1][safepoint    ] Leaving safepoint region
[2022-06-13T02:10:49.418+0000][1][safepoint    ] Total time for which application threads were stopped: 0.0005495 seconds, Stopping threads took: 0.0002089 seconds
[2022-06-13T02:10:49.438+0000][1][safepoint    ] Application time: 0.0194556 seconds
[2022-06-13T02:10:49.438+0000][1][safepoint    ] Entering safepoint region: CollectForMetadataAllocation
[2022-06-13T02:10:49.439+0000][1][safepoint    ] Leaving safepoint region
[2022-06-13T02:10:49.439+0000][1][safepoint    ] Total time for which application threads were stopped: 0.0010169 seconds, Stopping threads took: 0.0001464 seconds
[2022-06-13T02:10:49.453+0000][1][safepoint    ] Application time: 0.0131406 seconds
[2022-06-13T02:10:49.453+0000][1][safepoint    ] Entering safepoint region: CollectForMetadataAllocation
[2022-06-13T02:10:49.453+0000][1][safepoint    ] Leaving safepoint region
[2022-06-13T02:10:49.453+0000][1][safepoint    ] Total time for which application threads were stopped: 0.0003237 seconds, Stopping threads took: 0.0001322 seconds
[2022-06-13T02:10:49.476+0000][1][safepoint    ] Application time: 0.0230191 seconds
[2022-06-13T02:10:49.477+0000][1][safepoint    ] Entering safepoint region: CollectForMetadataAllocation
[2022-06-13T02:10:49.477+0000][1][safepoint    ] Leaving safepoint region
[2022-06-13T02:10:49.477+0000][1][safepoint    ] Total time for which application threads were stopped: 0.0004585 seconds, Stopping threads took: 0.0001616 seconds
[2022-06-13T02:10:49.492+0000][1][safepoint    ] Application time: 0.0143543 seconds
[2022-06-13T02:10:49.492+0000][1][safepoint    ] Entering safepoint region: CollectForMetadataAllocation
[2022-06-13T02:10:49.492+0000][1][safepoint    ] Leaving safepoint region
[2022-06-13T02:10:49.492+0000][1][safepoint    ] Total time for which application threads were stopped: 0.0004052 seconds, Stopping threads took: 0.0001496 seconds
[2022-06-13T02:10:49.506+0000][1][safepoint    ] Application time: 0.0137744 seconds
[2022-06-13T02:10:49.506+0000][1][safepoint    ] Entering safepoint region: CollectForMetadataAllocation
[2022-06-13T02:10:49.507+0000][1][safepoint    ] Leaving safepoint region
[2022-06-13T02:10:49.507+0000][1][safepoint    ] Total time for which application threads were stopped: 0.0005168 seconds, Stopping threads took: 0.0001740 seconds
[2022-06-13T02:10:49.529+0000][1][safepoint    ] Application time: 0.0216865 seconds
[2022-06-13T02:10:49.529+0000][1][safepoint    ] Entering safepoint region: CollectForMetadataAllocation
[2022-06-13T02:10:49.529+0000][1][safepoint    ] Leaving safepoint region
[2022-06-13T02:10:49.529+0000][1][safepoint    ] Total time for which application threads were stopped: 0.0004875 seconds, Stopping threads took: 0.0001832 seconds
[2022-06-13T02:10:49.549+0000][1][safepoint    ] Application time: 0.0192680 seconds
[2022-06-13T02:10:49.549+0000][1][safepoint    ] Entering safepoint region: CollectForMetadataAllocation
[2022-06-13T02:10:49.550+0000][1][safepoint    ] Leaving safepoint region
[2022-06-13T02:10:49.550+0000][1][safepoint    ] Total time for which application threads were stopped: 0.0005847 seconds, Stopping threads took: 0.0002077 seconds
[2022-06-13T02:10:49.569+0000][1][safepoint    ] Application time: 0.0193792 seconds
[2022-06-13T02:10:49.570+0000][1][safepoint    ] Entering safepoint region: CollectForMetadataAllocation
[2022-06-13T02:10:49.570+0000][1][safepoint    ] Leaving safepoint region
[2022-06-13T02:10:49.570+0000][1][safepoint    ] Total time for which application threads were stopped: 0.0004841 seconds, Stopping threads took: 0.0001766 seconds
[2022-06-13T02:10:49.586+0000][1][safepoint    ] Application time: 0.0161400 seconds
[2022-06-13T02:10:49.587+0000][1][safepoint    ] Entering safepoint region: CollectForMetadataAllocation
[2022-06-13T02:10:49.587+0000][1][safepoint    ] Leaving safepoint region
[2022-06-13T02:10:49.588+0000][1][safepoint    ] Total time for which application threads were stopped: 0.0008947 seconds, Stopping threads took: 0.0001347 seconds
[2022-06-13T02:10:49.608+0000][1][safepoint    ] Application time: 0.0198676 seconds
[2022-06-13T02:10:49.608+0000][1][safepoint    ] Entering safepoint region: CollectForMetadataAllocation
[2022-06-13T02:10:49.608+0000][1][safepoint    ] Leaving safepoint region
[2022-06-13T02:10:49.608+0000][1][safepoint    ] Total time for which application threads were stopped: 0.0004618 seconds, Stopping threads took: 0.0001612 seconds
[2022-06-13T02:10:49.626+0000][1][safepoint    ] Application time: 0.0178176 seconds
[2022-06-13T02:10:49.627+0000][1][safepoint    ] Entering safepoint region: CollectForMetadataAllocation
[2022-06-13T02:10:49.627+0000][1][safepoint    ] Leaving safepoint region
[2022-06-13T02:10:49.628+0000][1][safepoint    ] Total time for which application threads were stopped: 0.0010171 seconds, Stopping threads took: 0.0001867 seconds
[2022-06-13T02:10:49.644+0000][1][safepoint    ] Application time: 0.0167534 seconds
[2022-06-13T02:10:49.645+0000][1][safepoint    ] Entering safepoint region: CollectForMetadataAllocation
[2022-06-13T02:10:49.645+0000][1][safepoint    ] Leaving safepoint region
[2022-06-13T02:10:49.645+0000][1][safepoint    ] Total time for which application threads were stopped: 0.0004716 seconds, Stopping threads took: 0.0001743 seconds
[2022-06-13T02:10:49.722+0000][1][safepoint    ] Application time: 0.0768385 seconds
[2022-06-13T02:10:49.723+0000][1][safepoint    ] Entering safepoint region: CollectForMetadataAllocation
[2022-06-13T02:10:49.728+0000][1][safepoint    ] Leaving safepoint region
[2022-06-13T02:10:49.728+0000][1][safepoint    ] Total time for which application threads were stopped: 0.0055926 seconds, Stopping threads took: 0.0048734 seconds
[2022-06-13T02:10:49.780+0000][1][safepoint    ] Application time: 0.0475794 seconds
[2022-06-13T02:10:49.781+0000][1][safepoint    ] Entering safepoint region: CollectForMetadataAllocation
[2022-06-13T02:10:49.782+0000][1][safepoint    ] Leaving safepoint region
[2022-06-13T02:10:49.782+0000][1][safepoint    ] Total time for which application threads were stopped: 0.0007142 seconds, Stopping threads took: 0.0003884 seconds
[2022-06-13T02:10:49.805+0000][1][safepoint    ] Application time: 0.0228272 seconds
[2022-06-13T02:10:49.805+0000][1][safepoint    ] Entering safepoint region: CollectForMetadataAllocation
[2022-06-13T02:10:49.805+0000][1][safepoint    ] Leaving safepoint region
[2022-06-13T02:10:49.806+0000][1][safepoint    ] Total time for which application threads were stopped: 0.0004741 seconds, Stopping threads took: 0.0001745 seconds
[2022-06-13T02:10:49.844+0000][1][safepoint    ] Application time: 0.0378519 seconds
[2022-06-13T02:10:49.845+0000][1][safepoint    ] Entering safepoint region: CollectForMetadataAllocation
[2022-06-13T02:10:49.845+0000][1][safepoint    ] Leaving safepoint region
[2022-06-13T02:10:49.847+0000][1][safepoint    ] Total time for which application threads were stopped: 0.0022458 seconds, Stopping threads took: 0.0003331 seconds
[2022-06-13T02:10:49.874+0000][1][safepoint    ] Application time: 0.0262733 seconds
[2022-06-13T02:10:49.874+0000][1][safepoint    ] Entering safepoint region: CollectForMetadataAllocation
[2022-06-13T02:10:49.875+0000][1][safepoint    ] Leaving safepoint region
[2022-06-13T02:10:49.875+0000][1][safepoint    ] Total time for which application threads were stopped: 0.0010258 seconds, Stopping threads took: 0.0001614 seconds
[2022-06-13T02:10:50.302+0000][1][safepoint    ] Application time: 0.4263285 seconds
[2022-06-13T02:10:50.302+0000][1][safepoint    ] Entering safepoint region: CollectForMetadataAllocation
[2022-06-13T02:10:50.303+0000][1][safepoint    ] Leaving safepoint region
[2022-06-13T02:10:50.303+0000][1][safepoint    ] Total time for which application threads were stopped: 0.0005633 seconds, Stopping threads took: 0.0001887 seconds
[2022-06-13T02:10:50.544+0000][1][safepoint    ] Application time: 0.2407445 seconds
[2022-06-13T02:10:50.544+0000][1][safepoint    ] Entering safepoint region: CollectForMetadataAllocation
[2022-06-13T02:10:50.544+0000][1][safepoint    ] Leaving safepoint region
[2022-06-13T02:10:50.544+0000][1][safepoint    ] Total time for which application threads were stopped: 0.0004001 seconds, Stopping threads took: 0.0001720 seconds
[2022-06-13T02:10:50.555+0000][1][safepoint    ] Application time: 0.0102270 seconds
[2022-06-13T02:10:50.555+0000][1][safepoint    ] Entering safepoint region: GenCollectForAllocation
[2022-06-13T02:10:50.555+0000][1][gc,start     ] GC(17) Pause Young (Allocation Failure)
[2022-06-13T02:10:50.556+0000][1][gc,task      ] GC(17) Using 5 workers of 13 for evacuation
[2022-06-13T02:10:50.559+0000][1][gc,age       ] GC(17) Desired survivor size 4456448 bytes, new threshold 6 (max threshold 6)
[2022-06-13T02:10:50.560+0000][1][gc,age       ] GC(17) Age table with threshold 6 (max threshold 6)
[2022-06-13T02:10:50.560+0000][1][gc,age       ] GC(17) - age   1:    4092112 bytes,    4092112 total
[2022-06-13T02:10:50.560+0000][1][gc,age       ] GC(17) - age   2:     249872 bytes,    4341984 total
[2022-06-13T02:10:50.560+0000][1][gc,heap      ] GC(17) ParNew: 75187K->5383K(78656K)
[2022-06-13T02:10:50.560+0000][1][gc,heap      ] GC(17) CMS: 55801K->55801K(174784K)
[2022-06-13T02:10:50.560+0000][1][gc,metaspace ] GC(17) Metaspace: 42415K->42415K(1087488K)
[2022-06-13T02:10:50.561+0000][1][gc           ] GC(17) Pause Young (Allocation Failure) 127M->59M(247M) 5.102ms
[2022-06-13T02:10:50.561+0000][1][gc,cpu       ] GC(17) User=0.01s Sys=0.00s Real=0.01s
[2022-06-13T02:10:50.561+0000][1][safepoint    ] Leaving safepoint region
[2022-06-13T02:10:50.561+0000][1][safepoint    ] Total time for which application threads were stopped: 0.0057081 seconds, Stopping threads took: 0.0001705 seconds
[2022-06-13T02:10:50.561+0000][1][safepoint    ] Application time: 0.0001563 seconds
[2022-06-13T02:10:50.561+0000][1][safepoint    ] Entering safepoint region: CMS_Initial_Mark
[2022-06-13T02:10:50.562+0000][1][gc,start     ] GC(18) Pause Initial Mark
[2022-06-13T02:10:50.563+0000][1][gc           ] GC(18) Pause Initial Mark 61M->61M(247M) 1.722ms
[2022-06-13T02:10:50.564+0000][1][gc,cpu       ] GC(18) User=0.00s Sys=0.00s Real=0.00s
[2022-06-13T02:10:50.564+0000][1][safepoint    ] Leaving safepoint region
[2022-06-13T02:10:50.564+0000][1][safepoint    ] Total time for which application threads were stopped: 0.0025263 seconds, Stopping threads took: 0.0003122 seconds
[2022-06-13T02:10:50.564+0000][1][gc           ] GC(18) Concurrent Mark
[2022-06-13T02:10:50.564+0000][1][gc,task      ] GC(18) Using 4 workers of 4 for marking
[2022-06-13T02:10:50.582+0000][1][gc           ] GC(18) Concurrent Mark 17.937ms
[2022-06-13T02:10:50.582+0000][1][gc,cpu       ] GC(18) User=0.09s Sys=0.00s Real=0.02s
[2022-06-13T02:10:50.582+0000][1][gc           ] GC(18) Concurrent Preclean
[2022-06-13T02:10:50.583+0000][1][safepoint    ] Application time: 0.0192530 seconds
[2022-06-13T02:10:50.583+0000][1][safepoint    ] Entering safepoint region: CollectForMetadataAllocation
[2022-06-13T02:10:50.584+0000][1][safepoint    ] Leaving safepoint region
[2022-06-13T02:10:50.584+0000][1][safepoint    ] Total time for which application threads were stopped: 0.0004438 seconds, Stopping threads took: 0.0001707 seconds
[2022-06-13T02:10:50.585+0000][1][gc           ] GC(18) Concurrent Preclean 2.608ms
[2022-06-13T02:10:50.585+0000][1][gc,cpu       ] GC(18) User=0.00s Sys=0.00s Real=0.00s
[2022-06-13T02:10:50.585+0000][1][gc           ] GC(18) Concurrent Abortable Preclean
[2022-06-13T02:10:50.744+0000][1][safepoint    ] Application time: 0.1600320 seconds
[2022-06-13T02:10:50.744+0000][1][safepoint    ] Entering safepoint region: CollectForMetadataAllocation
[2022-06-13T02:10:50.745+0000][1][safepoint    ] Leaving safepoint region
[2022-06-13T02:10:50.745+0000][1][safepoint    ] Total time for which application threads were stopped: 0.0006174 seconds, Stopping threads took: 0.0001957 seconds
[2022-06-13T02:10:50.769+0000][1][safepoint    ] Application time: 0.0240673 seconds
[2022-06-13T02:10:50.770+0000][1][safepoint    ] Entering safepoint region: CollectForMetadataAllocation
[2022-06-13T02:10:50.770+0000][1][safepoint    ] Leaving safepoint region
[2022-06-13T02:10:50.770+0000][1][safepoint    ] Total time for which application threads were stopped: 0.0007553 seconds, Stopping threads took: 0.0003695 seconds
[2022-06-13T02:10:50.781+0000][1][safepoint    ] Application time: 0.0108638 seconds
[2022-06-13T02:10:50.782+0000][1][safepoint    ] Entering safepoint region: CollectForMetadataAllocation
[2022-06-13T02:10:50.782+0000][1][safepoint    ] Leaving safepoint region
[2022-06-13T02:10:50.782+0000][1][safepoint    ] Total time for which application threads were stopped: 0.0004764 seconds, Stopping threads took: 0.0001774 seconds
[2022-06-13T02:10:50.812+0000][1][safepoint    ] Application time: 0.0296102 seconds
[2022-06-13T02:10:50.812+0000][1][safepoint    ] Entering safepoint region: CollectForMetadataAllocation
[2022-06-13T02:10:50.812+0000][1][safepoint    ] Leaving safepoint region
[2022-06-13T02:10:50.812+0000][1][safepoint    ] Total time for which application threads were stopped: 0.0004149 seconds, Stopping threads took: 0.0001116 seconds
[2022-06-13T02:10:50.836+0000][1][safepoint    ] Application time: 0.0235677 seconds
[2022-06-13T02:10:50.836+0000][1][safepoint    ] Entering safepoint region: CollectForMetadataAllocation
[2022-06-13T02:10:50.837+0000][1][safepoint    ] Leaving safepoint region
[2022-06-13T02:10:50.837+0000][1][safepoint    ] Total time for which application threads were stopped: 0.0004838 seconds, Stopping threads took: 0.0001536 seconds
[2022-06-13T02:10:50.838+0000][1][gc           ] GC(18) Concurrent Abortable Preclean 252.573ms
[2022-06-13T02:10:50.838+0000][1][gc,cpu       ] GC(18) User=1.27s Sys=0.02s Real=0.25s
[2022-06-13T02:10:50.838+0000][1][safepoint    ] Application time: 0.0010958 seconds
[2022-06-13T02:10:50.838+0000][1][safepoint    ] Entering safepoint region: CMS_Final_Remark
[2022-06-13T02:10:50.838+0000][1][gc,start     ] GC(18) Pause Remark
[2022-06-13T02:10:50.855+0000][1][gc           ] GC(18) Pause Remark 95M->95M(247M) 17.014ms
[2022-06-13T02:10:50.856+0000][1][gc,cpu       ] GC(18) User=0.06s Sys=0.00s Real=0.02s
[2022-06-13T02:10:50.856+0000][1][safepoint    ] Leaving safepoint region
[2022-06-13T02:10:50.856+0000][1][safepoint    ] Total time for which application threads were stopped: 0.0178251 seconds, Stopping threads took: 0.0001383 seconds
[2022-06-13T02:10:50.856+0000][1][gc           ] GC(18) Concurrent Sweep
[2022-06-13T02:10:50.859+0000][1][safepoint    ] Application time: 0.0029383 seconds
[2022-06-13T02:10:50.860+0000][1][safepoint    ] Entering safepoint region: RevokeBias
[2022-06-13T02:10:50.860+0000][1][safepoint    ] Leaving safepoint region
[2022-06-13T02:10:50.861+0000][1][safepoint    ] Total time for which application threads were stopped: 0.0011404 seconds, Stopping threads took: 0.0003232 seconds
[2022-06-13T02:10:50.862+0000][1][safepoint    ] Application time: 0.0015238 seconds
[2022-06-13T02:10:50.863+0000][1][safepoint    ] Entering safepoint region: RevokeBias
[2022-06-13T02:10:50.863+0000][1][safepoint    ] Leaving safepoint region
[2022-06-13T02:10:50.863+0000][1][safepoint    ] Total time for which application threads were stopped: 0.0006943 seconds, Stopping threads took: 0.0004950 seconds
[2022-06-13T02:10:50.864+0000][1][safepoint    ] Application time: 0.0010315 seconds
[2022-06-13T02:10:50.865+0000][1][safepoint    ] Entering safepoint region: RevokeBias
[2022-06-13T02:10:50.866+0000][1][safepoint    ] Leaving safepoint region
[2022-06-13T02:10:50.866+0000][1][safepoint    ] Total time for which application threads were stopped: 0.0012346 seconds, Stopping threads took: 0.0010561 seconds
[2022-06-13T02:10:50.873+0000][1][safepoint    ] Application time: 0.0071827 seconds
[2022-06-13T02:10:50.873+0000][1][safepoint    ] Entering safepoint region: CollectForMetadataAllocation
[2022-06-13T02:10:50.874+0000][1][safepoint    ] Leaving safepoint region
[2022-06-13T02:10:50.874+0000][1][safepoint    ] Total time for which application threads were stopped: 0.0003359 seconds, Stopping threads took: 0.0001333 seconds
[2022-06-13T02:10:50.879+0000][1][gc           ] GC(18) Concurrent Sweep 23.062ms
[2022-06-13T02:10:50.880+0000][1][gc,cpu       ] GC(18) User=0.09s Sys=0.01s Real=0.03s
[2022-06-13T02:10:50.881+0000][1][gc           ] GC(18) Concurrent Reset
[2022-06-13T02:10:50.881+0000][1][gc           ] GC(18) Concurrent Reset 0.568ms
[2022-06-13T02:10:50.882+0000][1][gc,cpu       ] GC(18) User=0.00s Sys=0.00s Real=0.00s
[2022-06-13T02:10:50.882+0000][1][gc,heap      ] GC(18) Old: 55801K->55560K(174784K)
[2022-06-13T02:10:50.912+0000][1][safepoint    ] Application time: 0.0381962 seconds
[2022-06-13T02:10:50.912+0000][1][safepoint    ] Entering safepoint region: RevokeBias
[2022-06-13T02:10:50.913+0000][1][safepoint    ] Leaving safepoint region
[2022-06-13T02:10:50.913+0000][1][safepoint    ] Total time for which application threads were stopped: 0.0004314 seconds, Stopping threads took: 0.0001872 seconds
[2022-06-13T02:10:50.916+0000][1][safepoint    ] Application time: 0.0031681 seconds
[2022-06-13T02:10:50.916+0000][1][safepoint    ] Entering safepoint region: RevokeBias
[2022-06-13T02:10:50.917+0000][1][safepoint    ] Leaving safepoint region
[2022-06-13T02:10:50.917+0000][1][safepoint    ] Total time for which application threads were stopped: 0.0003789 seconds, Stopping threads took: 0.0001651 seconds
[2022-06-13T02:10:51.087+0000][1][safepoint    ] Application time: 0.1702042 seconds
[2022-06-13T02:10:51.087+0000][1][safepoint    ] Entering safepoint region: RevokeBias
[2022-06-13T02:10:51.088+0000][1][safepoint    ] Leaving safepoint region
[2022-06-13T02:10:51.088+0000][1][safepoint    ] Total time for which application threads were stopped: 0.0008936 seconds, Stopping threads took: 0.0002456 seconds
[2022-06-13T02:10:51.089+0000][1][safepoint    ] Application time: 0.0000982 seconds
[2022-06-13T02:10:51.089+0000][1][safepoint    ] Entering safepoint region: RevokeBias
[2022-06-13T02:10:51.089+0000][1][safepoint    ] Leaving safepoint region
[2022-06-13T02:10:51.089+0000][1][safepoint    ] Total time for which application threads were stopped: 0.0003256 seconds, Stopping threads took: 0.0001501 seconds
[2022-06-13T02:10:51.089+0000][1][safepoint    ] Application time: 0.0001127 seconds
[2022-06-13T02:10:51.089+0000][1][safepoint    ] Entering safepoint region: RevokeBias
[2022-06-13T02:10:51.090+0000][1][safepoint    ] Leaving safepoint region
[2022-06-13T02:10:51.090+0000][1][safepoint    ] Total time for which application threads were stopped: 0.0003218 seconds, Stopping threads took: 0.0001696 seconds
[2022-06-13T02:10:51.090+0000][1][safepoint    ] Application time: 0.0000790 seconds
[2022-06-13T02:10:51.090+0000][1][safepoint    ] Entering safepoint region: RevokeBias
[2022-06-13T02:10:51.090+0000][1][safepoint    ] Leaving safepoint region
[2022-06-13T02:10:51.090+0000][1][safepoint    ] Total time for which application threads were stopped: 0.0002441 seconds, Stopping threads took: 0.0001199 seconds
[2022-06-13T02:10:51.091+0000][1][safepoint    ] Application time: 0.0002629 seconds
[2022-06-13T02:10:51.091+0000][1][safepoint    ] Entering safepoint region: RevokeBias
[2022-06-13T02:10:51.091+0000][1][safepoint    ] Leaving safepoint region
[2022-06-13T02:10:51.091+0000][1][safepoint    ] Total time for which application threads were stopped: 0.0003422 seconds, Stopping threads took: 0.0001907 seconds
[2022-06-13T02:10:51.091+0000][1][safepoint    ] Application time: 0.0002055 seconds
[2022-06-13T02:10:51.092+0000][1][safepoint    ] Entering safepoint region: RevokeBias
[2022-06-13T02:10:51.092+0000][1][safepoint    ] Leaving safepoint region
[2022-06-13T02:10:51.092+0000][1][safepoint    ] Total time for which application threads were stopped: 0.0002685 seconds, Stopping threads took: 0.0001307 seconds
[2022-06-13T02:10:51.092+0000][1][safepoint    ] Application time: 0.0001119 seconds
[2022-06-13T02:10:51.092+0000][1][safepoint    ] Entering safepoint region: RevokeBias
[2022-06-13T02:10:51.092+0000][1][safepoint    ] Leaving safepoint region
[2022-06-13T02:10:51.092+0000][1][safepoint    ] Total time for which application threads were stopped: 0.0002903 seconds, Stopping threads took: 0.0001492 seconds
[2022-06-13T02:10:51.093+0000][1][safepoint    ] Application time: 0.0003145 seconds
[2022-06-13T02:10:51.093+0000][1][safepoint    ] Entering safepoint region: RevokeBias
[2022-06-13T02:10:51.093+0000][1][safepoint    ] Leaving safepoint region
[2022-06-13T02:10:51.093+0000][1][safepoint    ] Total time for which application threads were stopped: 0.0002644 seconds, Stopping threads took: 0.0001333 seconds
[2022-06-13T02:10:51.093+0000][1][safepoint    ] Application time: 0.0000734 seconds
[2022-06-13T02:10:51.094+0000][1][safepoint    ] Entering safepoint region: RevokeBias
[2022-06-13T02:10:51.094+0000][1][safepoint    ] Leaving safepoint region
[2022-06-13T02:10:51.094+0000][1][safepoint    ] Total time for which application threads were stopped: 0.0002714 seconds, Stopping threads took: 0.0001187 seconds
[2022-06-13T02:10:51.094+0000][1][safepoint    ] Application time: 0.0000709 seconds
[2022-06-13T02:10:51.094+0000][1][safepoint    ] Entering safepoint region: RevokeBias
[2022-06-13T02:10:51.094+0000][1][safepoint    ] Leaving safepoint region
[2022-06-13T02:10:51.094+0000][1][safepoint    ] Total time for which application threads were stopped: 0.0002325 seconds, Stopping threads took: 0.0001073 seconds
[2022-06-13T02:10:51.095+0000][1][safepoint    ] Application time: 0.0000660 seconds
[2022-06-13T02:10:51.095+0000][1][safepoint    ] Entering safepoint region: RevokeBias
[2022-06-13T02:10:51.095+0000][1][safepoint    ] Leaving safepoint region
[2022-06-13T02:10:51.095+0000][1][safepoint    ] Total time for which application threads were stopped: 0.0002939 seconds, Stopping threads took: 0.0001461 seconds
[2022-06-13T02:10:51.095+0000][1][safepoint    ] Application time: 0.0000606 seconds
[2022-06-13T02:10:51.095+0000][1][safepoint    ] Entering safepoint region: RevokeBias
[2022-06-13T02:10:51.095+0000][1][safepoint    ] Leaving safepoint region
[2022-06-13T02:10:51.096+0000][1][safepoint    ] Total time for which application threads were stopped: 0.0002852 seconds, Stopping threads took: 0.0001379 seconds
[2022-06-13T02:10:51.096+0000][1][safepoint    ] Application time: 0.0000559 seconds
[2022-06-13T02:10:51.096+0000][1][safepoint    ] Entering safepoint region: RevokeBias
[2022-06-13T02:10:51.096+0000][1][safepoint    ] Leaving safepoint region
[2022-06-13T02:10:51.096+0000][1][safepoint    ] Total time for which application threads were stopped: 0.0002513 seconds, Stopping threads took: 0.0001126 seconds
[2022-06-13T02:10:51.096+0000][1][safepoint    ] Application time: 0.0000565 seconds
[2022-06-13T02:10:51.096+0000][1][safepoint    ] Entering safepoint region: RevokeBias
[2022-06-13T02:10:51.096+0000][1][safepoint    ] Leaving safepoint region
[2022-06-13T02:10:51.097+0000][1][safepoint    ] Total time for which application threads were stopped: 0.0002047 seconds, Stopping threads took: 0.0000840 seconds
[2022-06-13T02:10:51.097+0000][1][safepoint    ] Application time: 0.0000533 seconds
[2022-06-13T02:10:51.097+0000][1][safepoint    ] Entering safepoint region: RevokeBias
[2022-06-13T02:10:51.097+0000][1][safepoint    ] Leaving safepoint region
[2022-06-13T02:10:51.097+0000][1][safepoint    ] Total time for which application threads were stopped: 0.0002554 seconds, Stopping threads took: 0.0000884 seconds
[2022-06-13T02:10:51.097+0000][1][safepoint    ] Application time: 0.0000669 seconds
[2022-06-13T02:10:51.097+0000][1][safepoint    ] Entering safepoint region: RevokeBias
[2022-06-13T02:10:51.097+0000][1][safepoint    ] Leaving safepoint region
[2022-06-13T02:10:51.098+0000][1][safepoint    ] Total time for which application threads were stopped: 0.0002183 seconds, Stopping threads took: 0.0000932 seconds
[2022-06-13T02:10:51.098+0000][1][safepoint    ] Application time: 0.0000538 seconds
[2022-06-13T02:10:51.098+0000][1][safepoint    ] Entering safepoint region: RevokeBias
[2022-06-13T02:10:51.098+0000][1][safepoint    ] Leaving safepoint region
[2022-06-13T02:10:51.098+0000][1][safepoint    ] Total time for which application threads were stopped: 0.0002092 seconds, Stopping threads took: 0.0000929 seconds
[2022-06-13T02:10:51.098+0000][1][safepoint    ] Application time: 0.0000577 seconds
[2022-06-13T02:10:51.098+0000][1][safepoint    ] Entering safepoint region: RevokeBias
[2022-06-13T02:10:51.098+0000][1][safepoint    ] Leaving safepoint region
[2022-06-13T02:10:51.098+0000][1][safepoint    ] Total time for which application threads were stopped: 0.0002222 seconds, Stopping threads took: 0.0000925 seconds
[2022-06-13T02:10:51.099+0000][1][safepoint    ] Application time: 0.0000601 seconds
[2022-06-13T02:10:51.099+0000][1][safepoint    ] Entering safepoint region: RevokeBias
[2022-06-13T02:10:51.099+0000][1][safepoint    ] Leaving safepoint region
[2022-06-13T02:10:51.099+0000][1][safepoint    ] Total time for which application threads were stopped: 0.0002007 seconds, Stopping threads took: 0.0000860 seconds
[2022-06-13T02:10:51.099+0000][1][safepoint    ] Application time: 0.0000554 seconds
[2022-06-13T02:10:51.099+0000][1][safepoint    ] Entering safepoint region: RevokeBias
[2022-06-13T02:10:51.099+0000][1][safepoint    ] Leaving safepoint region
[2022-06-13T02:10:51.099+0000][1][safepoint    ] Total time for which application threads were stopped: 0.0002903 seconds, Stopping threads took: 0.0001506 seconds
[2022-06-13T02:10:51.100+0000][1][safepoint    ] Application time: 0.0000615 seconds
[2022-06-13T02:10:51.100+0000][1][safepoint    ] Entering safepoint region: RevokeBias
[2022-06-13T02:10:51.100+0000][1][safepoint    ] Leaving safepoint region
[2022-06-13T02:10:51.100+0000][1][safepoint    ] Total time for which application threads were stopped: 0.0002285 seconds, Stopping threads took: 0.0000922 seconds
[2022-06-13T02:10:51.100+0000][1][safepoint    ] Application time: 0.0000510 seconds
[2022-06-13T02:10:51.100+0000][1][safepoint    ] Entering safepoint region: RevokeBias
[2022-06-13T02:10:51.100+0000][1][safepoint    ] Leaving safepoint region
[2022-06-13T02:10:51.100+0000][1][safepoint    ] Total time for which application threads were stopped: 0.0002324 seconds, Stopping threads took: 0.0001028 seconds
[2022-06-13T02:10:51.101+0000][1][safepoint    ] Application time: 0.0000676 seconds
[2022-06-13T02:10:51.101+0000][1][safepoint    ] Entering safepoint region: RevokeBias
[2022-06-13T02:10:51.101+0000][1][safepoint    ] Leaving safepoint region
[2022-06-13T02:10:51.101+0000][1][safepoint    ] Total time for which application threads were stopped: 0.0002367 seconds, Stopping threads took: 0.0001075 seconds
[2022-06-13T02:10:51.101+0000][1][safepoint    ] Application time: 0.0000706 seconds
[2022-06-13T02:10:51.101+0000][1][safepoint    ] Entering safepoint region: RevokeBias
[2022-06-13T02:10:51.101+0000][1][safepoint    ] Leaving safepoint region
[2022-06-13T02:10:51.101+0000][1][safepoint    ] Total time for which application threads were stopped: 0.0002545 seconds, Stopping threads took: 0.0001099 seconds
[2022-06-13T02:10:51.102+0000][1][safepoint    ] Application time: 0.0000637 seconds
[2022-06-13T02:10:51.102+0000][1][safepoint    ] Entering safepoint region: RevokeBias
[2022-06-13T02:10:51.102+0000][1][safepoint    ] Leaving safepoint region
[2022-06-13T02:10:51.102+0000][1][safepoint    ] Total time for which application threads were stopped: 0.0002266 seconds, Stopping threads took: 0.0000995 seconds
[2022-06-13T02:10:51.102+0000][1][safepoint    ] Application time: 0.0000565 seconds
[2022-06-13T02:10:51.102+0000][1][safepoint    ] Entering safepoint region: RevokeBias
[2022-06-13T02:10:51.102+0000][1][safepoint    ] Leaving safepoint region
[2022-06-13T02:10:51.102+0000][1][safepoint    ] Total time for which application threads were stopped: 0.0002195 seconds, Stopping threads took: 0.0000963 seconds
[2022-06-13T02:10:51.103+0000][1][safepoint    ] Application time: 0.0000589 seconds
[2022-06-13T02:10:51.103+0000][1][safepoint    ] Entering safepoint region: BulkRevokeBias
[2022-06-13T02:10:51.103+0000][1][safepoint    ] Leaving safepoint region
[2022-06-13T02:10:51.103+0000][1][safepoint    ] Total time for which application threads were stopped: 0.0002811 seconds, Stopping threads took: 0.0001124 seconds
[2022-06-13T02:10:51.103+0000][1][safepoint    ] Application time: 0.0002137 seconds
[2022-06-13T02:10:51.103+0000][1][safepoint    ] Entering safepoint region: RevokeBias
[2022-06-13T02:10:51.104+0000][1][safepoint    ] Leaving safepoint region
[2022-06-13T02:10:51.104+0000][1][safepoint    ] Total time for which application threads were stopped: 0.0002337 seconds, Stopping threads took: 0.0001135 seconds
[2022-06-13T02:10:51.104+0000][1][safepoint    ] Application time: 0.0000760 seconds
[2022-06-13T02:10:51.104+0000][1][safepoint    ] Entering safepoint region: RevokeBias
[2022-06-13T02:10:51.104+0000][1][safepoint    ] Leaving safepoint region
[2022-06-13T02:10:51.104+0000][1][safepoint    ] Total time for which application threads were stopped: 0.0002214 seconds, Stopping threads took: 0.0000996 seconds
[2022-06-13T02:10:51.104+0000][1][safepoint    ] Application time: 0.0000813 seconds
[2022-06-13T02:10:51.104+0000][1][safepoint    ] Entering safepoint region: RevokeBias
[2022-06-13T02:10:51.105+0000][1][safepoint    ] Leaving safepoint region
[2022-06-13T02:10:51.105+0000][1][safepoint    ] Total time for which application threads were stopped: 0.0002291 seconds, Stopping threads took: 0.0001044 seconds
[2022-06-13T02:10:51.105+0000][1][safepoint    ] Application time: 0.0000817 seconds
[2022-06-13T02:10:51.105+0000][1][safepoint    ] Entering safepoint region: RevokeBias
[2022-06-13T02:10:51.105+0000][1][safepoint    ] Leaving safepoint region
[2022-06-13T02:10:51.105+0000][1][safepoint    ] Total time for which application threads were stopped: 0.0003220 seconds, Stopping threads took: 0.0001501 seconds
[2022-06-13T02:10:51.106+0000][1][safepoint    ] Application time: 0.0001275 seconds
[2022-06-13T02:10:51.106+0000][1][safepoint    ] Entering safepoint region: RevokeBias
[2022-06-13T02:10:51.106+0000][1][safepoint    ] Leaving safepoint region
[2022-06-13T02:10:51.106+0000][1][safepoint    ] Total time for which application threads were stopped: 0.0003881 seconds, Stopping threads took: 0.0001226 seconds
[2022-06-13T02:10:51.106+0000][1][safepoint    ] Application time: 0.0000923 seconds
[2022-06-13T02:10:51.106+0000][1][safepoint    ] Entering safepoint region: RevokeBias
[2022-06-13T02:10:51.107+0000][1][safepoint    ] Leaving safepoint region
[2022-06-13T02:10:51.107+0000][1][safepoint    ] Total time for which application threads were stopped: 0.0002867 seconds, Stopping threads took: 0.0001068 seconds
[2022-06-13T02:10:51.107+0000][1][safepoint    ] Application time: 0.0000911 seconds
[2022-06-13T02:10:51.107+0000][1][safepoint    ] Entering safepoint region: RevokeBias
[2022-06-13T02:10:51.107+0000][1][safepoint    ] Leaving safepoint region
[2022-06-13T02:10:51.107+0000][1][safepoint    ] Total time for which application threads were stopped: 0.0002997 seconds, Stopping threads took: 0.0001150 seconds
[2022-06-13T02:10:51.108+0000][1][safepoint    ] Application time: 0.0000974 seconds
[2022-06-13T02:10:51.108+0000][1][safepoint    ] Entering safepoint region: RevokeBias
[2022-06-13T02:10:51.108+0000][1][safepoint    ] Leaving safepoint region
[2022-06-13T02:10:51.108+0000][1][safepoint    ] Total time for which application threads were stopped: 0.0003294 seconds, Stopping threads took: 0.0001295 seconds
[2022-06-13T02:10:51.108+0000][1][safepoint    ] Application time: 0.0001073 seconds
[2022-06-13T02:10:51.109+0000][1][safepoint    ] Entering safepoint region: RevokeBias
[2022-06-13T02:10:51.109+0000][1][safepoint    ] Leaving safepoint region
[2022-06-13T02:10:51.109+0000][1][safepoint    ] Total time for which application threads were stopped: 0.0004184 seconds, Stopping threads took: 0.0002461 seconds
[2022-06-13T02:10:51.109+0000][1][safepoint    ] Application time: 0.0000812 seconds
[2022-06-13T02:10:51.109+0000][1][safepoint    ] Entering safepoint region: RevokeBias
[2022-06-13T02:10:51.109+0000][1][safepoint    ] Leaving safepoint region
[2022-06-13T02:10:51.110+0000][1][safepoint    ] Total time for which application threads were stopped: 0.0002945 seconds, Stopping threads took: 0.0001399 seconds
[2022-06-13T02:10:51.110+0000][1][safepoint    ] Application time: 0.0000701 seconds
[2022-06-13T02:10:51.110+0000][1][safepoint    ] Entering safepoint region: RevokeBias
[2022-06-13T02:10:51.110+0000][1][safepoint    ] Leaving safepoint region
[2022-06-13T02:10:51.110+0000][1][safepoint    ] Total time for which application threads were stopped: 0.0003066 seconds, Stopping threads took: 0.0001468 seconds
[2022-06-13T02:10:51.110+0000][1][safepoint    ] Application time: 0.0000582 seconds
[2022-06-13T02:10:51.110+0000][1][safepoint    ] Entering safepoint region: RevokeBias
[2022-06-13T02:10:51.111+0000][1][safepoint    ] Leaving safepoint region
[2022-06-13T02:10:51.111+0000][1][safepoint    ] Total time for which application threads were stopped: 0.0003118 seconds, Stopping threads took: 0.0001436 seconds
[2022-06-13T02:10:51.111+0000][1][safepoint    ] Application time: 0.0000733 seconds
[2022-06-13T02:10:51.111+0000][1][safepoint    ] Entering safepoint region: RevokeBias
[2022-06-13T02:10:51.111+0000][1][safepoint    ] Leaving safepoint region
[2022-06-13T02:10:51.111+0000][1][safepoint    ] Total time for which application threads were stopped: 0.0003042 seconds, Stopping threads took: 0.0001493 seconds
[2022-06-13T02:10:51.112+0000][1][safepoint    ] Application time: 0.0000812 seconds
[2022-06-13T02:10:51.112+0000][1][safepoint    ] Entering safepoint region: RevokeBias
[2022-06-13T02:10:51.112+0000][1][safepoint    ] Leaving safepoint region
[2022-06-13T02:10:51.112+0000][1][safepoint    ] Total time for which application threads were stopped: 0.0003393 seconds, Stopping threads took: 0.0001363 seconds
[2022-06-13T02:10:51.112+0000][1][safepoint    ] Application time: 0.0000944 seconds
[2022-06-13T02:10:51.113+0000][1][safepoint    ] Entering safepoint region: RevokeBias
[2022-06-13T02:10:51.113+0000][1][safepoint    ] Leaving safepoint region
[2022-06-13T02:10:51.113+0000][1][safepoint    ] Total time for which application threads were stopped: 0.0003489 seconds, Stopping threads took: 0.0001753 seconds
[2022-06-13T02:10:51.113+0000][1][safepoint    ] Application time: 0.0000621 seconds
[2022-06-13T02:10:51.113+0000][1][safepoint    ] Entering safepoint region: RevokeBias
[2022-06-13T02:10:51.113+0000][1][safepoint    ] Leaving safepoint region
[2022-06-13T02:10:51.114+0000][1][safepoint    ] Total time for which application threads were stopped: 0.0003314 seconds, Stopping threads took: 0.0001508 seconds
[2022-06-13T02:10:51.114+0000][1][safepoint    ] Application time: 0.0000712 seconds
[2022-06-13T02:10:51.114+0000][1][safepoint    ] Entering safepoint region: RevokeBias
[2022-06-13T02:10:51.114+0000][1][safepoint    ] Leaving safepoint region
[2022-06-13T02:10:51.114+0000][1][safepoint    ] Total time for which application threads were stopped: 0.0003076 seconds, Stopping threads took: 0.0001204 seconds
[2022-06-13T02:10:51.114+0000][1][safepoint    ] Application time: 0.0000805 seconds
[2022-06-13T02:10:51.115+0000][1][safepoint    ] Entering safepoint region: RevokeBias
[2022-06-13T02:10:51.115+0000][1][safepoint    ] Leaving safepoint region
[2022-06-13T02:10:51.115+0000][1][safepoint    ] Total time for which application threads were stopped: 0.0003809 seconds, Stopping threads took: 0.0001729 seconds
[2022-06-13T02:10:51.115+0000][1][safepoint    ] Application time: 0.0000930 seconds
[2022-06-13T02:10:51.115+0000][1][safepoint    ] Entering safepoint region: RevokeBias
[2022-06-13T02:10:51.116+0000][1][safepoint    ] Leaving safepoint region
[2022-06-13T02:10:51.116+0000][1][safepoint    ] Total time for which application threads were stopped: 0.0003263 seconds, Stopping threads took: 0.0001805 seconds
[2022-06-13T02:10:51.116+0000][1][safepoint    ] Application time: 0.0000754 seconds
[2022-06-13T02:10:51.116+0000][1][safepoint    ] Entering safepoint region: RevokeBias
[2022-06-13T02:10:51.116+0000][1][safepoint    ] Leaving safepoint region
[2022-06-13T02:10:51.116+0000][1][safepoint    ] Total time for which application threads were stopped: 0.0002634 seconds, Stopping threads took: 0.0001269 seconds
[2022-06-13T02:10:51.116+0000][1][safepoint    ] Application time: 0.0000748 seconds
[2022-06-13T02:10:51.117+0000][1][safepoint    ] Entering safepoint region: RevokeBias
[2022-06-13T02:10:51.117+0000][1][safepoint    ] Leaving safepoint region
[2022-06-13T02:10:51.117+0000][1][safepoint    ] Total time for which application threads were stopped: 0.0002729 seconds, Stopping threads took: 0.0001454 seconds
[2022-06-13T02:10:51.117+0000][1][safepoint    ] Application time: 0.0000816 seconds
[2022-06-13T02:10:51.117+0000][1][safepoint    ] Entering safepoint region: RevokeBias
[2022-06-13T02:10:51.117+0000][1][safepoint    ] Leaving safepoint region
[2022-06-13T02:10:51.117+0000][1][safepoint    ] Total time for which application threads were stopped: 0.0002827 seconds, Stopping threads took: 0.0001467 seconds
[2022-06-13T02:10:51.118+0000][1][safepoint    ] Application time: 0.0000905 seconds
[2022-06-13T02:10:51.118+0000][1][safepoint    ] Entering safepoint region: RevokeBias
[2022-06-13T02:10:51.118+0000][1][safepoint    ] Leaving safepoint region
[2022-06-13T02:10:51.118+0000][1][safepoint    ] Total time for which application threads were stopped: 0.0003021 seconds, Stopping threads took: 0.0001511 seconds
[2022-06-13T02:10:51.118+0000][1][safepoint    ] Application time: 0.0000795 seconds
[2022-06-13T02:10:51.118+0000][1][safepoint    ] Entering safepoint region: BulkRevokeBias
[2022-06-13T02:10:51.119+0000][1][safepoint    ] Leaving safepoint region
[2022-06-13T02:10:51.119+0000][1][safepoint    ] Total time for which application threads were stopped: 0.0003977 seconds, Stopping threads took: 0.0001934 seconds
[2022-06-13T02:10:51.119+0000][1][safepoint    ] Application time: 0.0003796 seconds
[2022-06-13T02:10:51.119+0000][1][safepoint    ] Entering safepoint region: RevokeBias
[2022-06-13T02:10:51.120+0000][1][safepoint    ] Leaving safepoint region
[2022-06-13T02:10:51.120+0000][1][safepoint    ] Total time for which application threads were stopped: 0.0003657 seconds, Stopping threads took: 0.0002279 seconds
[2022-06-13T02:10:51.120+0000][1][safepoint    ] Application time: 0.0001146 seconds
[2022-06-13T02:10:51.120+0000][1][safepoint    ] Entering safepoint region: RevokeBias
[2022-06-13T02:10:51.120+0000][1][safepoint    ] Leaving safepoint region
[2022-06-13T02:10:51.121+0000][1][safepoint    ] Total time for which application threads were stopped: 0.0005128 seconds, Stopping threads took: 0.0003278 seconds
[2022-06-13T02:10:51.121+0000][1][safepoint    ] Application time: 0.0002611 seconds
[2022-06-13T02:10:51.121+0000][1][safepoint    ] Entering safepoint region: RevokeBias
[2022-06-13T02:10:51.121+0000][1][safepoint    ] Leaving safepoint region
[2022-06-13T02:10:51.121+0000][1][safepoint    ] Total time for which application threads were stopped: 0.0003143 seconds, Stopping threads took: 0.0001308 seconds
[2022-06-13T02:10:51.122+0000][1][safepoint    ] Application time: 0.0001099 seconds
[2022-06-13T02:10:51.122+0000][1][safepoint    ] Entering safepoint region: RevokeBias
[2022-06-13T02:10:51.122+0000][1][safepoint    ] Leaving safepoint region
[2022-06-13T02:10:51.122+0000][1][safepoint    ] Total time for which application threads were stopped: 0.0004172 seconds, Stopping threads took: 0.0002028 seconds
[2022-06-13T02:10:51.122+0000][1][safepoint    ] Application time: 0.0000964 seconds
[2022-06-13T02:10:51.123+0000][1][safepoint    ] Entering safepoint region: RevokeBias
[2022-06-13T02:10:51.123+0000][1][safepoint    ] Leaving safepoint region
[2022-06-13T02:10:51.123+0000][1][safepoint    ] Total time for which application threads were stopped: 0.0006270 seconds, Stopping threads took: 0.0004633 seconds
[2022-06-13T02:10:51.123+0000][1][safepoint    ] Application time: 0.0001023 seconds
[2022-06-13T02:10:51.124+0000][1][safepoint    ] Entering safepoint region: RevokeBias
[2022-06-13T02:10:51.124+0000][1][safepoint    ] Leaving safepoint region
[2022-06-13T02:10:51.124+0000][1][safepoint    ] Total time for which application threads were stopped: 0.0003713 seconds, Stopping threads took: 0.0001918 seconds
[2022-06-13T02:10:51.124+0000][1][safepoint    ] Application time: 0.0002830 seconds
[2022-06-13T02:10:51.125+0000][1][safepoint    ] Entering safepoint region: RevokeBias
[2022-06-13T02:10:51.125+0000][1][safepoint    ] Leaving safepoint region
[2022-06-13T02:10:51.125+0000][1][safepoint    ] Total time for which application threads were stopped: 0.0003059 seconds, Stopping threads took: 0.0001557 seconds
[2022-06-13T02:10:51.125+0000][1][safepoint    ] Application time: 0.0003559 seconds
[2022-06-13T02:10:51.126+0000][1][safepoint    ] Entering safepoint region: RevokeBias
[2022-06-13T02:10:51.126+0000][1][safepoint    ] Leaving safepoint region
[2022-06-13T02:10:51.126+0000][1][safepoint    ] Total time for which application threads were stopped: 0.0006721 seconds, Stopping threads took: 0.0005537 seconds
[2022-06-13T02:10:51.127+0000][1][safepoint    ] Application time: 0.0004194 seconds
[2022-06-13T02:10:51.127+0000][1][safepoint    ] Entering safepoint region: RevokeBias
[2022-06-13T02:10:51.127+0000][1][safepoint    ] Leaving safepoint region
[2022-06-13T02:10:51.127+0000][1][safepoint    ] Total time for which application threads were stopped: 0.0002645 seconds, Stopping threads took: 0.0001322 seconds
[2022-06-13T02:10:51.127+0000][1][safepoint    ] Application time: 0.0003069 seconds
[2022-06-13T02:10:51.128+0000][1][safepoint    ] Entering safepoint region: RevokeBias
[2022-06-13T02:10:51.128+0000][1][safepoint    ] Leaving safepoint region
[2022-06-13T02:10:51.128+0000][1][safepoint    ] Total time for which application threads were stopped: 0.0002969 seconds, Stopping threads took: 0.0001591 seconds
[2022-06-13T02:10:51.128+0000][1][safepoint    ] Application time: 0.0004078 seconds
[2022-06-13T02:10:51.129+0000][1][safepoint    ] Entering safepoint region: RevokeBias
[2022-06-13T02:10:51.129+0000][1][safepoint    ] Leaving safepoint region
[2022-06-13T02:10:51.129+0000][1][safepoint    ] Total time for which application threads were stopped: 0.0005291 seconds, Stopping threads took: 0.0003558 seconds
[2022-06-13T02:10:51.129+0000][1][safepoint    ] Application time: 0.0001349 seconds
[2022-06-13T02:10:51.130+0000][1][safepoint    ] Entering safepoint region: RevokeBias
[2022-06-13T02:10:51.130+0000][1][safepoint    ] Leaving safepoint region
[2022-06-13T02:10:51.130+0000][1][safepoint    ] Total time for which application threads were stopped: 0.0003084 seconds, Stopping threads took: 0.0001514 seconds
[2022-06-13T02:10:51.130+0000][1][safepoint    ] Application time: 0.0001309 seconds
[2022-06-13T02:10:51.130+0000][1][safepoint    ] Entering safepoint region: RevokeBias
[2022-06-13T02:10:51.130+0000][1][safepoint    ] Leaving safepoint region
[2022-06-13T02:10:51.131+0000][1][safepoint    ] Total time for which application threads were stopped: 0.0003035 seconds, Stopping threads took: 0.0001656 seconds
[2022-06-13T02:10:51.131+0000][1][safepoint    ] Application time: 0.0002814 seconds
[2022-06-13T02:10:51.131+0000][1][safepoint    ] Entering safepoint region: RevokeBias
[2022-06-13T02:10:51.131+0000][1][safepoint    ] Leaving safepoint region
[2022-06-13T02:10:51.131+0000][1][safepoint    ] Total time for which application threads were stopped: 0.0003106 seconds, Stopping threads took: 0.0001600 seconds
[2022-06-13T02:10:51.132+0000][1][safepoint    ] Application time: 0.0002475 seconds
[2022-06-13T02:10:51.132+0000][1][safepoint    ] Entering safepoint region: RevokeBias
[2022-06-13T02:10:51.132+0000][1][safepoint    ] Leaving safepoint region
[2022-06-13T02:10:51.132+0000][1][safepoint    ] Total time for which application threads were stopped: 0.0002415 seconds, Stopping threads took: 0.0001084 seconds
[2022-06-13T02:10:51.133+0000][1][safepoint    ] Application time: 0.0012624 seconds
[2022-06-13T02:10:51.134+0000][1][safepoint    ] Entering safepoint region: RevokeBias
[2022-06-13T02:10:51.134+0000][1][safepoint    ] Leaving safepoint region
[2022-06-13T02:10:51.134+0000][1][safepoint    ] Total time for which application threads were stopped: 0.0004235 seconds, Stopping threads took: 0.0002584 seconds
[2022-06-13T02:10:51.134+0000][1][safepoint    ] Application time: 0.0001399 seconds
[2022-06-13T02:10:51.134+0000][1][safepoint    ] Entering safepoint region: RevokeBias
[2022-06-13T02:10:51.135+0000][1][safepoint    ] Leaving safepoint region
[2022-06-13T02:10:51.135+0000][1][safepoint    ] Total time for which application threads were stopped: 0.0002953 seconds, Stopping threads took: 0.0001300 seconds
[2022-06-13T02:10:51.135+0000][1][safepoint    ] Application time: 0.0001384 seconds
[2022-06-13T02:10:51.135+0000][1][safepoint    ] Entering safepoint region: RevokeBias
[2022-06-13T02:10:51.135+0000][1][safepoint    ] Leaving safepoint region
[2022-06-13T02:10:51.135+0000][1][safepoint    ] Total time for which application threads were stopped: 0.0003058 seconds, Stopping threads took: 0.0001162 seconds
[2022-06-13T02:10:51.136+0000][1][safepoint    ] Application time: 0.0006428 seconds
[2022-06-13T02:10:51.136+0000][1][safepoint    ] Entering safepoint region: RevokeBias
[2022-06-13T02:10:51.137+0000][1][safepoint    ] Leaving safepoint region
[2022-06-13T02:10:51.137+0000][1][safepoint    ] Total time for which application threads were stopped: 0.0003050 seconds, Stopping threads took: 0.0001531 seconds
[2022-06-13T02:10:51.137+0000][1][safepoint    ] Application time: 0.0007371 seconds
[2022-06-13T02:10:51.138+0000][1][safepoint    ] Entering safepoint region: RevokeBias
[2022-06-13T02:10:51.138+0000][1][safepoint    ] Leaving safepoint region
[2022-06-13T02:10:51.139+0000][1][safepoint    ] Total time for which application threads were stopped: 0.0008594 seconds, Stopping threads took: 0.0006351 seconds
[2022-06-13T02:10:51.139+0000][1][safepoint    ] Application time: 0.0001126 seconds
[2022-06-13T02:10:51.139+0000][1][safepoint    ] Entering safepoint region: RevokeBias
[2022-06-13T02:10:51.139+0000][1][safepoint    ] Leaving safepoint region
[2022-06-13T02:10:51.140+0000][1][safepoint    ] Total time for which application threads were stopped: 0.0006019 seconds, Stopping threads took: 0.0004569 seconds
[2022-06-13T02:10:51.140+0000][1][safepoint    ] Application time: 0.0002517 seconds
[2022-06-13T02:10:51.140+0000][1][safepoint    ] Entering safepoint region: RevokeBias
[2022-06-13T02:10:51.141+0000][1][safepoint    ] Leaving safepoint region
[2022-06-13T02:10:51.141+0000][1][safepoint    ] Total time for which application threads were stopped: 0.0005692 seconds, Stopping threads took: 0.0004171 seconds
[2022-06-13T02:10:51.160+0000][1][safepoint    ] Application time: 0.0196152 seconds
[2022-06-13T02:10:51.161+0000][1][safepoint    ] Entering safepoint region: GenCollectForAllocation
[2022-06-13T02:10:51.161+0000][1][gc,start     ] GC(19) Pause Young (Allocation Failure)
[2022-06-13T02:10:51.161+0000][1][gc,task      ] GC(19) Using 5 workers of 13 for evacuation
[2022-06-13T02:10:51.165+0000][1][gc,age       ] GC(19) Desired survivor size 4456448 bytes, new threshold 2 (max threshold 6)
[2022-06-13T02:10:51.165+0000][1][gc,age       ] GC(19) Age table with threshold 2 (max threshold 6)
[2022-06-13T02:10:51.165+0000][1][gc,age       ] GC(19) - age   1:    2855992 bytes,    2855992 total
[2022-06-13T02:10:51.165+0000][1][gc,age       ] GC(19) - age   2:    3980400 bytes,    6836392 total
[2022-06-13T02:10:51.165+0000][1][gc,age       ] GC(19) - age   3:     249648 bytes,    7086040 total
[2022-06-13T02:10:51.166+0000][1][gc,heap      ] GC(19) ParNew: 75335K->8704K(78656K)
[2022-06-13T02:10:51.166+0000][1][gc,heap      ] GC(19) CMS: 55560K->55560K(174784K)
[2022-06-13T02:10:51.166+0000][1][gc,metaspace ] GC(19) Metaspace: 47406K->47406K(1093632K)
[2022-06-13T02:10:51.166+0000][1][gc           ] GC(19) Pause Young (Allocation Failure) 127M->62M(247M) 5.268ms
[2022-06-13T02:10:51.166+0000][1][gc,cpu       ] GC(19) User=0.02s Sys=0.00s Real=0.00s
[2022-06-13T02:10:51.166+0000][1][safepoint    ] Leaving safepoint region
[2022-06-13T02:10:51.166+0000][1][safepoint    ] Total time for which application threads were stopped: 0.0059035 seconds, Stopping threads took: 0.0001151 seconds
[2022-06-13T02:10:51.576+0000][1][safepoint    ] Application time: 0.4095346 seconds
[2022-06-13T02:10:51.576+0000][1][safepoint    ] Entering safepoint region: GenCollectForAllocation
[2022-06-13T02:10:51.577+0000][1][gc,start     ] GC(20) Pause Young (Allocation Failure)
[2022-06-13T02:10:51.577+0000][1][gc,task      ] GC(20) Using 5 workers of 13 for evacuation
[2022-06-13T02:10:51.585+0000][1][gc,age       ] GC(20) Desired survivor size 4456448 bytes, new threshold 2 (max threshold 6)
[2022-06-13T02:10:51.586+0000][1][gc,age       ] GC(20) Age table with threshold 2 (max threshold 6)
[2022-06-13T02:10:51.586+0000][1][gc,age       ] GC(20) - age   1:    1684696 bytes,    1684696 total
[2022-06-13T02:10:51.586+0000][1][gc,age       ] GC(20) - age   2:    2810464 bytes,    4495160 total
[2022-06-13T02:10:51.586+0000][1][gc,heap      ] GC(20) ParNew: 78656K->7307K(78656K)
[2022-06-13T02:10:51.586+0000][1][gc,heap      ] GC(20) CMS: 55560K->59838K(174784K)
[2022-06-13T02:10:51.586+0000][1][gc,metaspace ] GC(20) Metaspace: 54830K->54830K(1099776K)
[2022-06-13T02:10:51.587+0000][1][gc           ] GC(20) Pause Young (Allocation Failure) 131M->65M(247M) 9.374ms
[2022-06-13T02:10:51.587+0000][1][gc,cpu       ] GC(20) User=0.05s Sys=0.00s Real=0.01s
[2022-06-13T02:10:51.587+0000][1][safepoint    ] Leaving safepoint region
[2022-06-13T02:10:51.587+0000][1][safepoint    ] Total time for which application threads were stopped: 0.0104924 seconds, Stopping threads took: 0.0001923 seconds
[2022-06-13T02:10:51.619+0000][1][safepoint    ] Application time: 0.0324260 seconds
[2022-06-13T02:10:51.620+0000][1][safepoint    ] Entering safepoint region: RevokeBias
[2022-06-13T02:10:51.620+0000][1][safepoint    ] Leaving safepoint region
[2022-06-13T02:10:51.620+0000][1][safepoint    ] Total time for which application threads were stopped: 0.0003814 seconds, Stopping threads took: 0.0001677 seconds
[2022-06-13T02:10:51.620+0000][1][safepoint    ] Application time: 0.0001197 seconds
[2022-06-13T02:10:51.621+0000][1][safepoint    ] Entering safepoint region: RevokeBias
[2022-06-13T02:10:51.621+0000][1][safepoint    ] Leaving safepoint region
[2022-06-13T02:10:51.621+0000][1][safepoint    ] Total time for which application threads were stopped: 0.0002786 seconds, Stopping threads took: 0.0001395 seconds
[2022-06-13T02:10:51.621+0000][1][safepoint    ] Application time: 0.0001485 seconds
[2022-06-13T02:10:51.621+0000][1][safepoint    ] Entering safepoint region: RevokeBias
[2022-06-13T02:10:51.621+0000][1][safepoint    ] Leaving safepoint region
[2022-06-13T02:10:51.621+0000][1][safepoint    ] Total time for which application threads were stopped: 0.0002329 seconds, Stopping threads took: 0.0001041 seconds
[2022-06-13T02:10:51.624+0000][1][safepoint    ] Application time: 0.0022192 seconds
[2022-06-13T02:10:51.624+0000][1][safepoint    ] Entering safepoint region: RevokeBias
[2022-06-13T02:10:51.624+0000][1][safepoint    ] Leaving safepoint region
[2022-06-13T02:10:51.624+0000][1][safepoint    ] Total time for which application threads were stopped: 0.0002431 seconds, Stopping threads took: 0.0001100 seconds
[2022-06-13T02:10:51.774+0000][1][safepoint    ] Application time: 0.1500032 seconds
[2022-06-13T02:10:51.775+0000][1][safepoint    ] Entering safepoint region: Deoptimize
[2022-06-13T02:10:51.777+0000][1][safepoint    ] Leaving safepoint region
[2022-06-13T02:10:51.777+0000][1][safepoint    ] Total time for which application threads were stopped: 0.0023192 seconds, Stopping threads took: 0.0001831 seconds
[2022-06-13T02:10:52.026+0000][1][safepoint    ] Application time: 0.2493921 seconds
[2022-06-13T02:10:52.027+0000][1][safepoint    ] Entering safepoint region: RevokeBias
[2022-06-13T02:10:52.027+0000][1][safepoint    ] Leaving safepoint region
[2022-06-13T02:10:52.027+0000][1][safepoint    ] Total time for which application threads were stopped: 0.0004666 seconds, Stopping threads took: 0.0002574 seconds
[2022-06-13T02:10:52.027+0000][1][safepoint    ] Application time: 0.0001277 seconds
[2022-06-13T02:10:52.028+0000][1][safepoint    ] Entering safepoint region: RevokeBias
[2022-06-13T02:10:52.028+0000][1][safepoint    ] Leaving safepoint region
[2022-06-13T02:10:52.028+0000][1][safepoint    ] Total time for which application threads were stopped: 0.0004814 seconds, Stopping threads took: 0.0002443 seconds
[2022-06-13T02:10:52.029+0000][1][safepoint    ] Application time: 0.0005884 seconds
[2022-06-13T02:10:52.029+0000][1][safepoint    ] Entering safepoint region: RevokeBias
[2022-06-13T02:10:52.029+0000][1][safepoint    ] Leaving safepoint region
[2022-06-13T02:10:52.029+0000][1][safepoint    ] Total time for which application threads were stopped: 0.0003496 seconds, Stopping threads took: 0.0001464 seconds
[2022-06-13T02:10:52.083+0000][1][safepoint    ] Application time: 0.0533069 seconds
[2022-06-13T02:10:52.083+0000][1][safepoint    ] Entering safepoint region: RevokeBias
[2022-06-13T02:10:52.083+0000][1][safepoint    ] Leaving safepoint region
[2022-06-13T02:10:52.083+0000][1][safepoint    ] Total time for which application threads were stopped: 0.0003911 seconds, Stopping threads took: 0.0001949 seconds
[2022-06-13T02:10:52.083+0000][1][safepoint    ] Application time: 0.0000802 seconds
[2022-06-13T02:10:52.084+0000][1][safepoint    ] Entering safepoint region: RevokeBias
[2022-06-13T02:10:52.084+0000][1][safepoint    ] Leaving safepoint region
[2022-06-13T02:10:52.084+0000][1][safepoint    ] Total time for which application threads were stopped: 0.0002977 seconds, Stopping threads took: 0.0001272 seconds
[2022-06-13T02:10:52.222+0000][1][safepoint    ] Application time: 0.1375267 seconds
[2022-06-13T02:10:52.222+0000][1][safepoint    ] Entering safepoint region: Deoptimize
[2022-06-13T02:10:52.223+0000][1][safepoint    ] Leaving safepoint region
[2022-06-13T02:10:52.223+0000][1][safepoint    ] Total time for which application threads were stopped: 0.0008358 seconds, Stopping threads took: 0.0001191 seconds
[2022-06-13T02:10:52.228+0000][1][safepoint    ] Application time: 0.0052243 seconds
[2022-06-13T02:10:52.228+0000][1][safepoint    ] Entering safepoint region: RevokeBias
[2022-06-13T02:10:52.229+0000][1][safepoint    ] Leaving safepoint region
[2022-06-13T02:10:52.229+0000][1][safepoint    ] Total time for which application threads were stopped: 0.0006670 seconds, Stopping threads took: 0.0002813 seconds
[2022-06-13T02:10:52.230+0000][1][safepoint    ] Application time: 0.0002743 seconds
[2022-06-13T02:10:52.230+0000][1][safepoint    ] Entering safepoint region: RevokeBias
[2022-06-13T02:10:52.230+0000][1][safepoint    ] Leaving safepoint region
[2022-06-13T02:10:52.231+0000][1][safepoint    ] Total time for which application threads were stopped: 0.0006123 seconds, Stopping threads took: 0.0002234 seconds
[2022-06-13T02:10:52.231+0000][1][safepoint    ] Application time: 0.0002251 seconds
[2022-06-13T02:10:52.232+0000][1][safepoint    ] Entering safepoint region: BulkRevokeBias
[2022-06-13T02:10:52.232+0000][1][safepoint    ] Leaving safepoint region
[2022-06-13T02:10:52.232+0000][1][safepoint    ] Total time for which application threads were stopped: 0.0005427 seconds, Stopping threads took: 0.0002502 seconds
[2022-06-13T02:10:52.233+0000][1][safepoint    ] Application time: 0.0005870 seconds
[2022-06-13T02:10:52.233+0000][1][safepoint    ] Entering safepoint region: RevokeBias
[2022-06-13T02:10:52.234+0000][1][safepoint    ] Leaving safepoint region
[2022-06-13T02:10:52.234+0000][1][safepoint    ] Total time for which application threads were stopped: 0.0005017 seconds, Stopping threads took: 0.0002558 seconds
[2022-06-13T02:10:52.234+0000][1][safepoint    ] Application time: 0.0003674 seconds
[2022-06-13T02:10:52.235+0000][1][safepoint    ] Entering safepoint region: RevokeBias
[2022-06-13T02:10:52.235+0000][1][safepoint    ] Leaving safepoint region
[2022-06-13T02:10:52.235+0000][1][safepoint    ] Total time for which application threads were stopped: 0.0005005 seconds, Stopping threads took: 0.0002173 seconds
[2022-06-13T02:10:52.235+0000][1][safepoint    ] Application time: 0.0001806 seconds
[2022-06-13T02:10:52.236+0000][1][safepoint    ] Entering safepoint region: RevokeBias
[2022-06-13T02:10:52.236+0000][1][safepoint    ] Leaving safepoint region
[2022-06-13T02:10:52.236+0000][1][safepoint    ] Total time for which application threads were stopped: 0.0004043 seconds, Stopping threads took: 0.0002082 seconds
[2022-06-13T02:10:52.236+0000][1][safepoint    ] Application time: 0.0000990 seconds
[2022-06-13T02:10:52.237+0000][1][safepoint    ] Entering safepoint region: RevokeBias
[2022-06-13T02:10:52.237+0000][1][safepoint    ] Leaving safepoint region
[2022-06-13T02:10:52.237+0000][1][safepoint    ] Total time for which application threads were stopped: 0.0004407 seconds, Stopping threads took: 0.0001224 seconds
[2022-06-13T02:10:52.238+0000][1][safepoint    ] Application time: 0.0002057 seconds
[2022-06-13T02:10:52.238+0000][1][safepoint    ] Entering safepoint region: RevokeBias
[2022-06-13T02:10:52.238+0000][1][safepoint    ] Leaving safepoint region
[2022-06-13T02:10:52.238+0000][1][safepoint    ] Total time for which application threads were stopped: 0.0005319 seconds, Stopping threads took: 0.0003226 seconds
[2022-06-13T02:10:52.239+0000][1][safepoint    ] Application time: 0.0002376 seconds
[2022-06-13T02:10:52.239+0000][1][safepoint    ] Entering safepoint region: RevokeBias
[2022-06-13T02:10:52.239+0000][1][safepoint    ] Leaving safepoint region
[2022-06-13T02:10:52.239+0000][1][safepoint    ] Total time for which application threads were stopped: 0.0002939 seconds, Stopping threads took: 0.0001110 seconds
[2022-06-13T02:10:52.240+0000][1][safepoint    ] Application time: 0.0002464 seconds
[2022-06-13T02:10:52.240+0000][1][safepoint    ] Entering safepoint region: RevokeBias
[2022-06-13T02:10:52.240+0000][1][safepoint    ] Leaving safepoint region
[2022-06-13T02:10:52.240+0000][1][safepoint    ] Total time for which application threads were stopped: 0.0002481 seconds, Stopping threads took: 0.0001251 seconds
[2022-06-13T02:10:52.240+0000][1][safepoint    ] Application time: 0.0000714 seconds
[2022-06-13T02:10:52.240+0000][1][safepoint    ] Entering safepoint region: RevokeBias
[2022-06-13T02:10:52.240+0000][1][safepoint    ] Leaving safepoint region
[2022-06-13T02:10:52.241+0000][1][safepoint    ] Total time for which application threads were stopped: 0.0009381 seconds, Stopping threads took: 0.0001136 seconds
[2022-06-13T02:10:52.242+0000][1][safepoint    ] Application time: 0.0006008 seconds
[2022-06-13T02:10:52.242+0000][1][safepoint    ] Entering safepoint region: BulkRevokeBias
[2022-06-13T02:10:52.243+0000][1][safepoint    ] Leaving safepoint region
[2022-06-13T02:10:52.243+0000][1][safepoint    ] Total time for which application threads were stopped: 0.0005005 seconds, Stopping threads took: 0.0002273 seconds
[2022-06-13T02:10:52.244+0000][1][safepoint    ] Application time: 0.0009349 seconds
[2022-06-13T02:10:52.244+0000][1][safepoint    ] Entering safepoint region: RevokeBias
[2022-06-13T02:10:52.244+0000][1][safepoint    ] Leaving safepoint region
[2022-06-13T02:10:52.244+0000][1][safepoint    ] Total time for which application threads were stopped: 0.0002510 seconds, Stopping threads took: 0.0001189 seconds
[2022-06-13T02:10:52.245+0000][1][safepoint    ] Application time: 0.0001011 seconds
[2022-06-13T02:10:52.245+0000][1][safepoint    ] Entering safepoint region: RevokeBias
[2022-06-13T02:10:52.245+0000][1][safepoint    ] Leaving safepoint region
[2022-06-13T02:10:52.245+0000][1][safepoint    ] Total time for which application threads were stopped: 0.0001970 seconds, Stopping threads took: 0.0000753 seconds
[2022-06-13T02:10:52.247+0000][1][safepoint    ] Application time: 0.0016786 seconds
[2022-06-13T02:10:52.247+0000][1][safepoint    ] Entering safepoint region: Deoptimize
[2022-06-13T02:10:52.247+0000][1][safepoint    ] Leaving safepoint region
[2022-06-13T02:10:52.248+0000][1][safepoint    ] Total time for which application threads were stopped: 0.0008105 seconds, Stopping threads took: 0.0001091 seconds
[2022-06-13T02:10:52.248+0000][1][safepoint    ] Application time: 0.0004299 seconds
[2022-06-13T02:10:52.248+0000][1][safepoint    ] Entering safepoint region: RevokeBias
[2022-06-13T02:10:52.249+0000][1][safepoint    ] Leaving safepoint region
[2022-06-13T02:10:52.249+0000][1][safepoint    ] Total time for which application threads were stopped: 0.0004035 seconds, Stopping threads took: 0.0002667 seconds
[2022-06-13T02:10:52.250+0000][1][safepoint    ] Application time: 0.0007872 seconds
[2022-06-13T02:10:52.250+0000][1][safepoint    ] Entering safepoint region: RevokeBias
[2022-06-13T02:10:52.250+0000][1][safepoint    ] Leaving safepoint region
[2022-06-13T02:10:52.250+0000][1][safepoint    ] Total time for which application threads were stopped: 0.0002419 seconds, Stopping threads took: 0.0001107 seconds
[2022-06-13T02:10:52.250+0000][1][safepoint    ] Application time: 0.0001068 seconds
[2022-06-13T02:10:52.250+0000][1][safepoint    ] Entering safepoint region: RevokeBias
[2022-06-13T02:10:52.250+0000][1][safepoint    ] Leaving safepoint region
[2022-06-13T02:10:52.251+0000][1][safepoint    ] Total time for which application threads were stopped: 0.0002782 seconds, Stopping threads took: 0.0001590 seconds
[2022-06-13T02:10:52.251+0000][1][safepoint    ] Application time: 0.0000927 seconds
[2022-06-13T02:10:52.251+0000][1][safepoint    ] Entering safepoint region: RevokeBias
[2022-06-13T02:10:52.251+0000][1][safepoint    ] Leaving safepoint region
[2022-06-13T02:10:52.251+0000][1][safepoint    ] Total time for which application threads were stopped: 0.0002498 seconds, Stopping threads took: 0.0001044 seconds
[2022-06-13T02:10:52.251+0000][1][safepoint    ] Application time: 0.0001766 seconds
[2022-06-13T02:10:52.251+0000][1][safepoint    ] Entering safepoint region: RevokeBias
[2022-06-13T02:10:52.252+0000][1][safepoint    ] Leaving safepoint region
[2022-06-13T02:10:52.252+0000][1][safepoint    ] Total time for which application threads were stopped: 0.0002824 seconds, Stopping threads took: 0.0001256 seconds
[2022-06-13T02:10:52.252+0000][1][safepoint    ] Application time: 0.0000934 seconds
[2022-06-13T02:10:52.252+0000][1][safepoint    ] Entering safepoint region: RevokeBias
[2022-06-13T02:10:52.252+0000][1][safepoint    ] Leaving safepoint region
[2022-06-13T02:10:52.252+0000][1][safepoint    ] Total time for which application threads were stopped: 0.0002075 seconds, Stopping threads took: 0.0000916 seconds
[2022-06-13T02:10:52.261+0000][1][safepoint    ] Application time: 0.0083749 seconds
[2022-06-13T02:10:52.261+0000][1][safepoint    ] Entering safepoint region: RevokeBias
[2022-06-13T02:10:52.261+0000][1][safepoint    ] Leaving safepoint region
[2022-06-13T02:10:52.261+0000][1][safepoint    ] Total time for which application threads were stopped: 0.0002360 seconds, Stopping threads took: 0.0001079 seconds
[2022-06-13T02:10:52.270+0000][1][safepoint    ] Application time: 0.0084103 seconds
[2022-06-13T02:10:52.270+0000][1][safepoint    ] Entering safepoint region: RevokeBias
[2022-06-13T02:10:52.270+0000][1][safepoint    ] Leaving safepoint region
[2022-06-13T02:10:52.270+0000][1][safepoint    ] Total time for which application threads were stopped: 0.0003135 seconds, Stopping threads took: 0.0001591 seconds
[2022-06-13T02:10:52.270+0000][1][safepoint    ] Application time: 0.0000895 seconds
[2022-06-13T02:10:52.270+0000][1][safepoint    ] Entering safepoint region: RevokeBias
[2022-06-13T02:10:52.271+0000][1][safepoint    ] Leaving safepoint region
[2022-06-13T02:10:52.271+0000][1][safepoint    ] Total time for which application threads were stopped: 0.0002675 seconds, Stopping threads took: 0.0001357 seconds
[2022-06-13T02:10:52.272+0000][1][safepoint    ] Application time: 0.0012727 seconds
[2022-06-13T02:10:52.272+0000][1][safepoint    ] Entering safepoint region: RevokeBias
[2022-06-13T02:10:52.272+0000][1][safepoint    ] Leaving safepoint region
[2022-06-13T02:10:52.272+0000][1][safepoint    ] Total time for which application threads were stopped: 0.0002971 seconds, Stopping threads took: 0.0001532 seconds
[2022-06-13T02:10:52.273+0000][1][safepoint    ] Application time: 0.0002102 seconds
[2022-06-13T02:10:52.273+0000][1][safepoint    ] Entering safepoint region: RevokeBias
[2022-06-13T02:10:52.273+0000][1][safepoint    ] Leaving safepoint region
[2022-06-13T02:10:52.273+0000][1][safepoint    ] Total time for which application threads were stopped: 0.0003702 seconds, Stopping threads took: 0.0002261 seconds
[2022-06-13T02:10:52.274+0000][1][safepoint    ] Application time: 0.0001885 seconds
[2022-06-13T02:10:52.274+0000][1][safepoint    ] Entering safepoint region: RevokeBias
[2022-06-13T02:10:52.274+0000][1][safepoint    ] Leaving safepoint region
[2022-06-13T02:10:52.274+0000][1][safepoint    ] Total time for which application threads were stopped: 0.0003114 seconds, Stopping threads took: 0.0001655 seconds
[2022-06-13T02:10:52.274+0000][1][safepoint    ] Application time: 0.0001341 seconds
[2022-06-13T02:10:52.274+0000][1][safepoint    ] Entering safepoint region: RevokeBias
[2022-06-13T02:10:52.275+0000][1][safepoint    ] Leaving safepoint region
[2022-06-13T02:10:52.275+0000][1][safepoint    ] Total time for which application threads were stopped: 0.0003966 seconds, Stopping threads took: 0.0002508 seconds
[2022-06-13T02:10:52.275+0000][1][safepoint    ] Application time: 0.0004763 seconds
[2022-06-13T02:10:52.276+0000][1][safepoint    ] Entering safepoint region: RevokeBias
[2022-06-13T02:10:52.276+0000][1][safepoint    ] Leaving safepoint region
[2022-06-13T02:10:52.276+0000][1][safepoint    ] Total time for which application threads were stopped: 0.0003028 seconds, Stopping threads took: 0.0001698 seconds
[2022-06-13T02:10:52.276+0000][1][safepoint    ] Application time: 0.0001690 seconds
[2022-06-13T02:10:52.276+0000][1][safepoint    ] Entering safepoint region: RevokeBias
[2022-06-13T02:10:52.276+0000][1][safepoint    ] Leaving safepoint region
[2022-06-13T02:10:52.276+0000][1][safepoint    ] Total time for which application threads were stopped: 0.0002820 seconds, Stopping threads took: 0.0001244 seconds
[2022-06-13T02:10:52.277+0000][1][safepoint    ] Application time: 0.0000827 seconds
[2022-06-13T02:10:52.277+0000][1][safepoint    ] Entering safepoint region: RevokeBias
[2022-06-13T02:10:52.277+0000][1][safepoint    ] Leaving safepoint region
[2022-06-13T02:10:52.277+0000][1][safepoint    ] Total time for which application threads were stopped: 0.0002784 seconds, Stopping threads took: 0.0001364 seconds
[2022-06-13T02:10:52.278+0000][1][safepoint    ] Application time: 0.0005249 seconds
[2022-06-13T02:10:52.278+0000][1][safepoint    ] Entering safepoint region: RevokeBias
[2022-06-13T02:10:52.278+0000][1][safepoint    ] Leaving safepoint region
[2022-06-13T02:10:52.278+0000][1][safepoint    ] Total time for which application threads were stopped: 0.0002578 seconds, Stopping threads took: 0.0001474 seconds
[2022-06-13T02:10:52.279+0000][1][safepoint    ] Application time: 0.0005581 seconds
[2022-06-13T02:10:52.279+0000][1][safepoint    ] Entering safepoint region: RevokeBias
[2022-06-13T02:10:52.279+0000][1][safepoint    ] Leaving safepoint region
[2022-06-13T02:10:52.279+0000][1][safepoint    ] Total time for which application threads were stopped: 0.0002483 seconds, Stopping threads took: 0.0001060 seconds
[2022-06-13T02:10:52.280+0000][1][safepoint    ] Application time: 0.0007387 seconds
[2022-06-13T02:10:52.280+0000][1][safepoint    ] Entering safepoint region: RevokeBias
[2022-06-13T02:10:52.280+0000][1][safepoint    ] Leaving safepoint region
[2022-06-13T02:10:52.280+0000][1][safepoint    ] Total time for which application threads were stopped: 0.0002615 seconds, Stopping threads took: 0.0001504 seconds
[2022-06-13T02:10:52.281+0000][1][safepoint    ] Application time: 0.0002827 seconds
[2022-06-13T02:10:52.281+0000][1][safepoint    ] Entering safepoint region: RevokeBias
[2022-06-13T02:10:52.281+0000][1][safepoint    ] Leaving safepoint region
[2022-06-13T02:10:52.281+0000][1][safepoint    ] Total time for which application threads were stopped: 0.0002947 seconds, Stopping threads took: 0.0001628 seconds
[2022-06-13T02:10:52.281+0000][1][safepoint    ] Application time: 0.0002760 seconds
[2022-06-13T02:10:52.282+0000][1][safepoint    ] Entering safepoint region: RevokeBias
[2022-06-13T02:10:52.282+0000][1][safepoint    ] Leaving safepoint region
[2022-06-13T02:10:52.282+0000][1][safepoint    ] Total time for which application threads were stopped: 0.0003264 seconds, Stopping threads took: 0.0001729 seconds
[2022-06-13T02:10:52.282+0000][1][safepoint    ] Application time: 0.0003785 seconds
[2022-06-13T02:10:52.283+0000][1][safepoint    ] Entering safepoint region: RevokeBias
[2022-06-13T02:10:52.283+0000][1][safepoint    ] Leaving safepoint region
[2022-06-13T02:10:52.283+0000][1][safepoint    ] Total time for which application threads were stopped: 0.0002866 seconds, Stopping threads took: 0.0001191 seconds
[2022-06-13T02:10:52.283+0000][1][safepoint    ] Application time: 0.0001422 seconds
[2022-06-13T02:10:52.283+0000][1][safepoint    ] Entering safepoint region: RevokeBias
[2022-06-13T02:10:52.283+0000][1][safepoint    ] Leaving safepoint region
[2022-06-13T02:10:52.284+0000][1][safepoint    ] Total time for which application threads were stopped: 0.0002981 seconds, Stopping threads took: 0.0001501 seconds
[2022-06-13T02:10:52.284+0000][1][safepoint    ] Application time: 0.0000953 seconds
[2022-06-13T02:10:52.284+0000][1][safepoint    ] Entering safepoint region: RevokeBias
[2022-06-13T02:10:52.284+0000][1][safepoint    ] Leaving safepoint region
[2022-06-13T02:10:52.284+0000][1][safepoint    ] Total time for which application threads were stopped: 0.0002478 seconds, Stopping threads took: 0.0001166 seconds
[2022-06-13T02:10:52.284+0000][1][safepoint    ] Application time: 0.0000786 seconds
[2022-06-13T02:10:52.284+0000][1][safepoint    ] Entering safepoint region: RevokeBias
[2022-06-13T02:10:52.285+0000][1][safepoint    ] Leaving safepoint region
[2022-06-13T02:10:52.285+0000][1][safepoint    ] Total time for which application threads were stopped: 0.0003620 seconds, Stopping threads took: 0.0002073 seconds
[2022-06-13T02:10:52.285+0000][1][safepoint    ] Application time: 0.0001902 seconds
[2022-06-13T02:10:52.285+0000][1][safepoint    ] Entering safepoint region: RevokeBias
[2022-06-13T02:10:52.285+0000][1][safepoint    ] Leaving safepoint region
[2022-06-13T02:10:52.285+0000][1][safepoint    ] Total time for which application threads were stopped: 0.0002606 seconds, Stopping threads took: 0.0001109 seconds
[2022-06-13T02:10:52.286+0000][1][safepoint    ] Application time: 0.0000773 seconds
[2022-06-13T02:10:52.286+0000][1][safepoint    ] Entering safepoint region: RevokeBias
[2022-06-13T02:10:52.286+0000][1][safepoint    ] Leaving safepoint region
[2022-06-13T02:10:52.286+0000][1][safepoint    ] Total time for which application threads were stopped: 0.0002334 seconds, Stopping threads took: 0.0001055 seconds
[2022-06-13T02:10:52.286+0000][1][safepoint    ] Application time: 0.0001270 seconds
[2022-06-13T02:10:52.286+0000][1][safepoint    ] Entering safepoint region: RevokeBias
[2022-06-13T02:10:52.286+0000][1][safepoint    ] Leaving safepoint region
[2022-06-13T02:10:52.287+0000][1][safepoint    ] Total time for which application threads were stopped: 0.0002684 seconds, Stopping threads took: 0.0001300 seconds
[2022-06-13T02:10:52.289+0000][1][safepoint    ] Application time: 0.0023461 seconds
[2022-06-13T02:10:52.289+0000][1][safepoint    ] Entering safepoint region: RevokeBias
[2022-06-13T02:10:52.289+0000][1][safepoint    ] Leaving safepoint region
[2022-06-13T02:10:52.289+0000][1][safepoint    ] Total time for which application threads were stopped: 0.0002670 seconds, Stopping threads took: 0.0001394 seconds
[2022-06-13T02:10:52.290+0000][1][safepoint    ] Application time: 0.0001504 seconds
[2022-06-13T02:10:52.290+0000][1][safepoint    ] Entering safepoint region: RevokeBias
[2022-06-13T02:10:52.290+0000][1][safepoint    ] Leaving safepoint region
[2022-06-13T02:10:52.290+0000][1][safepoint    ] Total time for which application threads were stopped: 0.0003753 seconds, Stopping threads took: 0.0001210 seconds
[2022-06-13T02:10:52.292+0000][1][safepoint    ] Application time: 0.0016654 seconds
[2022-06-13T02:10:52.292+0000][1][safepoint    ] Entering safepoint region: RevokeBias
[2022-06-13T02:10:52.292+0000][1][safepoint    ] Leaving safepoint region
[2022-06-13T02:10:52.292+0000][1][safepoint    ] Total time for which application threads were stopped: 0.0003528 seconds, Stopping threads took: 0.0001878 seconds
[2022-06-13T02:10:52.293+0000][1][safepoint    ] Application time: 0.0000382 seconds
[2022-06-13T02:10:52.293+0000][1][safepoint    ] Entering safepoint region: RevokeBias
[2022-06-13T02:10:52.293+0000][1][safepoint    ] Leaving safepoint region
[2022-06-13T02:10:52.293+0000][1][safepoint    ] Total time for which application threads were stopped: 0.0003468 seconds, Stopping threads took: 0.0002071 seconds
[2022-06-13T02:10:52.293+0000][1][safepoint    ] Application time: 0.0001743 seconds
[2022-06-13T02:10:52.293+0000][1][safepoint    ] Entering safepoint region: RevokeBias
[2022-06-13T02:10:52.294+0000][1][safepoint    ] Leaving safepoint region
[2022-06-13T02:10:52.294+0000][1][safepoint    ] Total time for which application threads were stopped: 0.0003896 seconds, Stopping threads took: 0.0002261 seconds
[2022-06-13T02:10:52.294+0000][1][safepoint    ] Application time: 0.0001652 seconds
[2022-06-13T02:10:52.294+0000][1][safepoint    ] Entering safepoint region: RevokeBias
[2022-06-13T02:10:52.294+0000][1][safepoint    ] Leaving safepoint region
[2022-06-13T02:10:52.294+0000][1][safepoint    ] Total time for which application threads were stopped: 0.0003256 seconds, Stopping threads took: 0.0002096 seconds
[2022-06-13T02:10:52.295+0000][1][safepoint    ] Application time: 0.0000629 seconds
[2022-06-13T02:10:52.295+0000][1][safepoint    ] Entering safepoint region: RevokeBias
[2022-06-13T02:10:52.295+0000][1][safepoint    ] Leaving safepoint region
[2022-06-13T02:10:52.295+0000][1][safepoint    ] Total time for which application threads were stopped: 0.0003313 seconds, Stopping threads took: 0.0001809 seconds
[2022-06-13T02:10:52.295+0000][1][safepoint    ] Application time: 0.0000982 seconds
[2022-06-13T02:10:52.295+0000][1][safepoint    ] Entering safepoint region: RevokeBias
[2022-06-13T02:10:52.296+0000][1][safepoint    ] Leaving safepoint region
[2022-06-13T02:10:52.296+0000][1][safepoint    ] Total time for which application threads were stopped: 0.0003241 seconds, Stopping threads took: 0.0001615 seconds
[2022-06-13T02:10:52.296+0000][1][safepoint    ] Application time: 0.0003758 seconds
[2022-06-13T02:10:52.296+0000][1][safepoint    ] Entering safepoint region: RevokeBias
[2022-06-13T02:10:52.297+0000][1][safepoint    ] Leaving safepoint region
[2022-06-13T02:10:52.297+0000][1][safepoint    ] Total time for which application threads were stopped: 0.0005798 seconds, Stopping threads took: 0.0003039 seconds
[2022-06-13T02:10:52.298+0000][1][safepoint    ] Application time: 0.0004116 seconds
[2022-06-13T02:10:52.298+0000][1][safepoint    ] Entering safepoint region: RevokeBias
[2022-06-13T02:10:52.298+0000][1][safepoint    ] Leaving safepoint region
[2022-06-13T02:10:52.298+0000][1][safepoint    ] Total time for which application threads were stopped: 0.0003280 seconds, Stopping threads took: 0.0001799 seconds
[2022-06-13T02:10:52.298+0000][1][safepoint    ] Application time: 0.0001632 seconds
[2022-06-13T02:10:52.299+0000][1][safepoint    ] Entering safepoint region: RevokeBias
[2022-06-13T02:10:52.299+0000][1][safepoint    ] Leaving safepoint region
[2022-06-13T02:10:52.299+0000][1][safepoint    ] Total time for which application threads were stopped: 0.0002864 seconds, Stopping threads took: 0.0001276 seconds
[2022-06-13T02:10:52.300+0000][1][safepoint    ] Application time: 0.0006100 seconds
[2022-06-13T02:10:52.300+0000][1][safepoint    ] Entering safepoint region: BulkRevokeBias
[2022-06-13T02:10:52.300+0000][1][safepoint    ] Leaving safepoint region
[2022-06-13T02:10:52.301+0000][1][safepoint    ] Total time for which application threads were stopped: 0.0007381 seconds, Stopping threads took: 0.0003254 seconds
[2022-06-13T02:10:52.301+0000][1][safepoint    ] Application time: 0.0005381 seconds
[2022-06-13T02:10:52.302+0000][1][safepoint    ] Entering safepoint region: RevokeBias
[2022-06-13T02:10:52.302+0000][1][safepoint    ] Leaving safepoint region
[2022-06-13T02:10:52.302+0000][1][safepoint    ] Total time for which application threads were stopped: 0.0004849 seconds, Stopping threads took: 0.0002222 seconds
[2022-06-13T02:10:52.303+0000][1][safepoint    ] Application time: 0.0000879 seconds
[2022-06-13T02:10:52.303+0000][1][safepoint    ] Entering safepoint region: RevokeBias
[2022-06-13T02:10:52.303+0000][1][safepoint    ] Leaving safepoint region
[2022-06-13T02:10:52.303+0000][1][safepoint    ] Total time for which application threads were stopped: 0.0004381 seconds, Stopping threads took: 0.0001729 seconds
[2022-06-13T02:10:52.305+0000][1][safepoint    ] Application time: 0.0018611 seconds
[2022-06-13T02:10:52.305+0000][1][safepoint    ] Entering safepoint region: GenCollectForAllocation
[2022-06-13T02:10:52.306+0000][1][gc,start     ] GC(21) Pause Young (Allocation Failure)
[2022-06-13T02:10:52.306+0000][1][gc,task      ] GC(21) Using 5 workers of 13 for evacuation
[2022-06-13T02:10:52.312+0000][1][gc,age       ] GC(21) Desired survivor size 4456448 bytes, new threshold 2 (max threshold 6)
[2022-06-13T02:10:52.312+0000][1][gc,age       ] GC(21) Age table with threshold 2 (max threshold 6)
[2022-06-13T02:10:52.313+0000][1][gc,age       ] GC(21) - age   1:    3735984 bytes,    3735984 total
[2022-06-13T02:10:52.313+0000][1][gc,age       ] GC(21) - age   2:    1560400 bytes,    5296384 total
[2022-06-13T02:10:52.313+0000][1][gc,heap      ] GC(21) ParNew: 77259K->7703K(78656K)
[2022-06-13T02:10:52.313+0000][1][gc,heap      ] GC(21) CMS: 59838K->62640K(174784K)
[2022-06-13T02:10:52.314+0000][1][gc,metaspace ] GC(21) Metaspace: 62922K->62922K(1105920K)
[2022-06-13T02:10:52.314+0000][1][gc           ] GC(21) Pause Young (Allocation Failure) 133M->68M(247M) 8.126ms
[2022-06-13T02:10:52.314+0000][1][gc,cpu       ] GC(21) User=0.04s Sys=0.00s Real=0.01s
[2022-06-13T02:10:52.314+0000][1][safepoint    ] Leaving safepoint region
[2022-06-13T02:10:52.314+0000][1][safepoint    ] Total time for which application threads were stopped: 0.0089569 seconds, Stopping threads took: 0.0002031 seconds
[2022-06-13T02:10:52.316+0000][1][safepoint    ] Application time: 0.0010918 seconds
[2022-06-13T02:10:52.316+0000][1][safepoint    ] Entering safepoint region: RevokeBias
[2022-06-13T02:10:52.316+0000][1][safepoint    ] Leaving safepoint region
[2022-06-13T02:10:52.317+0000][1][safepoint    ] Total time for which application threads were stopped: 0.0006166 seconds, Stopping threads took: 0.0003229 seconds
[2022-06-13T02:10:52.317+0000][1][safepoint    ] Application time: 0.0001632 seconds
[2022-06-13T02:10:52.317+0000][1][safepoint    ] Entering safepoint region: RevokeBias
[2022-06-13T02:10:52.317+0000][1][safepoint    ] Leaving safepoint region
[2022-06-13T02:10:52.317+0000][1][safepoint    ] Total time for which application threads were stopped: 0.0003376 seconds, Stopping threads took: 0.0001241 seconds
[2022-06-13T02:10:52.318+0000][1][safepoint    ] Application time: 0.0001346 seconds
[2022-06-13T02:10:52.318+0000][1][safepoint    ] Entering safepoint region: RevokeBias
[2022-06-13T02:10:52.318+0000][1][safepoint    ] Leaving safepoint region
[2022-06-13T02:10:52.318+0000][1][safepoint    ] Total time for which application threads were stopped: 0.0003130 seconds, Stopping threads took: 0.0001768 seconds
[2022-06-13T02:10:52.319+0000][1][safepoint    ] Application time: 0.0001770 seconds
[2022-06-13T02:10:52.319+0000][1][safepoint    ] Entering safepoint region: RevokeBias
[2022-06-13T02:10:52.319+0000][1][safepoint    ] Leaving safepoint region
[2022-06-13T02:10:52.319+0000][1][safepoint    ] Total time for which application threads were stopped: 0.0002937 seconds, Stopping threads took: 0.0001262 seconds
[2022-06-13T02:10:52.321+0000][1][safepoint    ] Application time: 0.0020074 seconds
[2022-06-13T02:10:52.322+0000][1][safepoint    ] Entering safepoint region: RevokeBias
[2022-06-13T02:10:52.322+0000][1][safepoint    ] Leaving safepoint region
[2022-06-13T02:10:52.322+0000][1][safepoint    ] Total time for which application threads were stopped: 0.0004167 seconds, Stopping threads took: 0.0002341 seconds
[2022-06-13T02:10:52.322+0000][1][safepoint    ] Application time: 0.0001449 seconds
[2022-06-13T02:10:52.322+0000][1][safepoint    ] Entering safepoint region: RevokeBias
[2022-06-13T02:10:52.323+0000][1][safepoint    ] Leaving safepoint region
[2022-06-13T02:10:52.323+0000][1][safepoint    ] Total time for which application threads were stopped: 0.0004333 seconds, Stopping threads took: 0.0002907 seconds
[2022-06-13T02:10:52.323+0000][1][safepoint    ] Application time: 0.0001465 seconds
[2022-06-13T02:10:52.323+0000][1][safepoint    ] Entering safepoint region: RevokeBias
[2022-06-13T02:10:52.323+0000][1][safepoint    ] Leaving safepoint region
[2022-06-13T02:10:52.324+0000][1][safepoint    ] Total time for which application threads were stopped: 0.0003194 seconds, Stopping threads took: 0.0001499 seconds
[2022-06-13T02:10:52.324+0000][1][safepoint    ] Application time: 0.0001385 seconds
[2022-06-13T02:10:52.324+0000][1][safepoint    ] Entering safepoint region: RevokeBias
[2022-06-13T02:10:52.324+0000][1][safepoint    ] Leaving safepoint region
[2022-06-13T02:10:52.324+0000][1][safepoint    ] Total time for which application threads were stopped: 0.0003446 seconds, Stopping threads took: 0.0001920 seconds
[2022-06-13T02:10:52.326+0000][1][safepoint    ] Application time: 0.0014468 seconds
[2022-06-13T02:10:52.326+0000][1][safepoint    ] Entering safepoint region: RevokeBias
[2022-06-13T02:10:52.326+0000][1][safepoint    ] Leaving safepoint region
[2022-06-13T02:10:52.326+0000][1][safepoint    ] Total time for which application threads were stopped: 0.0002398 seconds, Stopping threads took: 0.0001122 seconds
[2022-06-13T02:10:53.030+0000][1][safepoint    ] Application time: 0.7041156 seconds
[2022-06-13T02:10:53.031+0000][1][safepoint    ] Entering safepoint region: RevokeBias
[2022-06-13T02:10:53.031+0000][1][safepoint    ] Leaving safepoint region
[2022-06-13T02:10:53.032+0000][1][safepoint    ] Total time for which application threads were stopped: 0.0010840 seconds, Stopping threads took: 0.0004350 seconds
[2022-06-13T02:10:53.076+0000][1][safepoint    ] Application time: 0.0439408 seconds
[2022-06-13T02:10:53.077+0000][1][safepoint    ] Entering safepoint region: RevokeBias
[2022-06-13T02:10:53.077+0000][1][safepoint    ] Leaving safepoint region
[2022-06-13T02:10:53.078+0000][1][safepoint    ] Total time for which application threads were stopped: 0.0008988 seconds, Stopping threads took: 0.0003410 seconds
[2022-06-13T02:10:53.078+0000][1][safepoint    ] Application time: 0.0001014 seconds
[2022-06-13T02:10:53.079+0000][1][safepoint    ] Entering safepoint region: RevokeBias
[2022-06-13T02:10:53.079+0000][1][safepoint    ] Leaving safepoint region
[2022-06-13T02:10:53.079+0000][1][safepoint    ] Total time for which application threads were stopped: 0.0007120 seconds, Stopping threads took: 0.0003278 seconds
[2022-06-13T02:10:53.080+0000][1][safepoint    ] Application time: 0.0002437 seconds
[2022-06-13T02:10:53.080+0000][1][safepoint    ] Entering safepoint region: RevokeBias
[2022-06-13T02:10:53.081+0000][1][safepoint    ] Leaving safepoint region
[2022-06-13T02:10:53.081+0000][1][safepoint    ] Total time for which application threads were stopped: 0.0008021 seconds, Stopping threads took: 0.0003995 seconds
[2022-06-13T02:10:53.082+0000][1][safepoint    ] Application time: 0.0001785 seconds
[2022-06-13T02:10:53.082+0000][1][safepoint    ] Entering safepoint region: RevokeBias
[2022-06-13T02:10:53.082+0000][1][safepoint    ] Leaving safepoint region
[2022-06-13T02:10:53.083+0000][1][safepoint    ] Total time for which application threads were stopped: 0.0007919 seconds, Stopping threads took: 0.0003148 seconds
[2022-06-13T02:10:53.083+0000][1][safepoint    ] Application time: 0.0000793 seconds
[2022-06-13T02:10:53.084+0000][1][safepoint    ] Entering safepoint region: RevokeBias
[2022-06-13T02:10:53.084+0000][1][safepoint    ] Leaving safepoint region
[2022-06-13T02:10:53.085+0000][1][safepoint    ] Total time for which application threads were stopped: 0.0007524 seconds, Stopping threads took: 0.0003769 seconds
[2022-06-13T02:10:53.085+0000][1][safepoint    ] Application time: 0.0001725 seconds
[2022-06-13T02:10:53.085+0000][1][safepoint    ] Entering safepoint region: RevokeBias
[2022-06-13T02:10:53.086+0000][1][safepoint    ] Leaving safepoint region
[2022-06-13T02:10:53.086+0000][1][safepoint    ] Total time for which application threads were stopped: 0.0007804 seconds, Stopping threads took: 0.0003620 seconds
[2022-06-13T02:10:53.087+0000][1][safepoint    ] Application time: 0.0001697 seconds
[2022-06-13T02:10:53.087+0000][1][safepoint    ] Entering safepoint region: RevokeBias
[2022-06-13T02:10:53.087+0000][1][safepoint    ] Leaving safepoint region
[2022-06-13T02:10:53.087+0000][1][safepoint    ] Total time for which application threads were stopped: 0.0003870 seconds, Stopping threads took: 0.0002196 seconds
[2022-06-13T02:10:53.088+0000][1][safepoint    ] Application time: 0.0000715 seconds
[2022-06-13T02:10:53.088+0000][1][safepoint    ] Entering safepoint region: RevokeBias
[2022-06-13T02:10:53.088+0000][1][safepoint    ] Leaving safepoint region
[2022-06-13T02:10:53.088+0000][1][safepoint    ] Total time for which application threads were stopped: 0.0002508 seconds, Stopping threads took: 0.0001118 seconds
[2022-06-13T02:10:53.270+0000][1][safepoint    ] Application time: 0.1823730 seconds
[2022-06-13T02:10:53.271+0000][1][safepoint    ] Entering safepoint region: RevokeBias
[2022-06-13T02:10:53.271+0000][1][safepoint    ] Leaving safepoint region
[2022-06-13T02:10:53.271+0000][1][safepoint    ] Total time for which application threads were stopped: 0.0006318 seconds, Stopping threads took: 0.0003462 seconds
[2022-06-13T02:10:54.272+0000][1][safepoint    ] Application time: 1.0001674 seconds
[2022-06-13T02:10:54.272+0000][1][safepoint    ] Entering safepoint region: Cleanup
[2022-06-13T02:10:54.273+0000][1][safepoint    ] Leaving safepoint region
[2022-06-13T02:10:54.274+0000][1][safepoint    ] Total time for which application threads were stopped: 0.0013812 seconds, Stopping threads took: 0.0006383 seconds
[2022-06-13T02:10:55.274+0000][1][safepoint    ] Application time: 1.0001956 seconds
[2022-06-13T02:10:55.275+0000][1][safepoint    ] Entering safepoint region: Cleanup
[2022-06-13T02:10:55.275+0000][1][safepoint    ] Leaving safepoint region
[2022-06-13T02:10:55.275+0000][1][safepoint    ] Total time for which application threads were stopped: 0.0004599 seconds, Stopping threads took: 0.0002174 seconds
[2022-06-13T02:10:55.303+0000][1][safepoint    ] Application time: 0.0271833 seconds
[2022-06-13T02:10:55.303+0000][1][safepoint    ] Entering safepoint region: RevokeBias
[2022-06-13T02:10:55.304+0000][1][safepoint    ] Leaving safepoint region
[2022-06-13T02:10:55.304+0000][1][safepoint    ] Total time for which application threads were stopped: 0.0008675 seconds, Stopping threads took: 0.0004449 seconds
[2022-06-13T02:10:55.305+0000][1][safepoint    ] Application time: 0.0001989 seconds
[2022-06-13T02:10:55.305+0000][1][safepoint    ] Entering safepoint region: RevokeBias
[2022-06-13T02:10:55.305+0000][1][safepoint    ] Leaving safepoint region
[2022-06-13T02:10:55.306+0000][1][safepoint    ] Total time for which application threads were stopped: 0.0008358 seconds, Stopping threads took: 0.0004306 seconds
[2022-06-13T02:10:55.306+0000][1][safepoint    ] Application time: 0.0003196 seconds
[2022-06-13T02:10:55.307+0000][1][safepoint    ] Entering safepoint region: RevokeBias
[2022-06-13T02:10:55.307+0000][1][safepoint    ] Leaving safepoint region
[2022-06-13T02:10:55.307+0000][1][safepoint    ] Total time for which application threads were stopped: 0.0006560 seconds, Stopping threads took: 0.0004827 seconds
[2022-06-13T02:10:56.274+0000][1][safepoint    ] Application time: 0.9660636 seconds
[2022-06-13T02:10:56.274+0000][1][safepoint    ] Entering safepoint region: RevokeBias
[2022-06-13T02:10:56.275+0000][1][safepoint    ] Leaving safepoint region
[2022-06-13T02:10:56.275+0000][1][safepoint    ] Total time for which application threads were stopped: 0.0008090 seconds, Stopping threads took: 0.0003813 seconds
[2022-06-13T02:10:56.276+0000][1][safepoint    ] Application time: 0.0003907 seconds
[2022-06-13T02:10:56.276+0000][1][safepoint    ] Entering safepoint region: RevokeBias
[2022-06-13T02:10:56.277+0000][1][safepoint    ] Leaving safepoint region
[2022-06-13T02:10:56.277+0000][1][safepoint    ] Total time for which application threads were stopped: 0.0006495 seconds, Stopping threads took: 0.0002048 seconds
[2022-06-13T02:10:56.278+0000][1][safepoint    ] Application time: 0.0001805 seconds
[2022-06-13T02:10:56.278+0000][1][safepoint    ] Entering safepoint region: RevokeBias
[2022-06-13T02:10:56.278+0000][1][safepoint    ] Leaving safepoint region
[2022-06-13T02:10:56.279+0000][1][safepoint    ] Total time for which application threads were stopped: 0.0007527 seconds, Stopping threads took: 0.0003991 seconds
[2022-06-13T02:10:56.279+0000][1][safepoint    ] Application time: 0.0002244 seconds
[2022-06-13T02:10:56.280+0000][1][safepoint    ] Entering safepoint region: RevokeBias
[2022-06-13T02:10:56.280+0000][1][safepoint    ] Leaving safepoint region
[2022-06-13T02:10:56.280+0000][1][safepoint    ] Total time for which application threads were stopped: 0.0006618 seconds, Stopping threads took: 0.0002699 seconds
[2022-06-13T02:10:56.281+0000][1][safepoint    ] Application time: 0.0002072 seconds
[2022-06-13T02:10:56.281+0000][1][safepoint    ] Entering safepoint region: RevokeBias
[2022-06-13T02:10:56.281+0000][1][safepoint    ] Leaving safepoint region
[2022-06-13T02:10:56.282+0000][1][safepoint    ] Total time for which application threads were stopped: 0.0005899 seconds, Stopping threads took: 0.0002254 seconds
[2022-06-13T02:10:56.282+0000][1][safepoint    ] Application time: 0.0002059 seconds
[2022-06-13T02:10:56.283+0000][1][safepoint    ] Entering safepoint region: RevokeBias
[2022-06-13T02:10:56.283+0000][1][safepoint    ] Leaving safepoint region
[2022-06-13T02:10:56.284+0000][1][safepoint    ] Total time for which application threads were stopped: 0.0011256 seconds, Stopping threads took: 0.0006292 seconds
[2022-06-13T02:10:56.284+0000][1][safepoint    ] Application time: 0.0003708 seconds
[2022-06-13T02:10:56.284+0000][1][safepoint    ] Entering safepoint region: RevokeBias
[2022-06-13T02:10:56.285+0000][1][safepoint    ] Leaving safepoint region
[2022-06-13T02:10:56.285+0000][1][safepoint    ] Total time for which application threads were stopped: 0.0007096 seconds, Stopping threads took: 0.0004360 seconds
[2022-06-13T02:10:57.286+0000][1][safepoint    ] Application time: 1.0002430 seconds
[2022-06-13T02:10:57.286+0000][1][safepoint    ] Entering safepoint region: Cleanup
[2022-06-13T02:10:57.286+0000][1][safepoint    ] Leaving safepoint region
[2022-06-13T02:10:57.286+0000][1][safepoint    ] Total time for which application threads were stopped: 0.0004964 seconds, Stopping threads took: 0.0002567 seconds
[2022-06-13T02:10:58.287+0000][1][safepoint    ] Application time: 1.0001061 seconds
[2022-06-13T02:10:58.287+0000][1][safepoint    ] Entering safepoint region: Cleanup
[2022-06-13T02:10:58.287+0000][1][safepoint    ] Leaving safepoint region
[2022-06-13T02:10:58.288+0000][1][safepoint    ] Total time for which application threads were stopped: 0.0007818 seconds, Stopping threads took: 0.0003798 seconds
[2022-06-13T02:10:59.274+0000][1][safepoint    ] Application time: 0.9857137 seconds
[2022-06-13T02:10:59.275+0000][1][safepoint    ] Entering safepoint region: RevokeBias
[2022-06-13T02:10:59.275+0000][1][safepoint    ] Leaving safepoint region
[2022-06-13T02:10:59.275+0000][1][safepoint    ] Total time for which application threads were stopped: 0.0009304 seconds, Stopping threads took: 0.0004846 seconds
[2022-06-13T02:11:00.275+0000][1][safepoint    ] Application time: 0.9992697 seconds
[2022-06-13T02:11:00.276+0000][1][safepoint    ] Entering safepoint region: RevokeBias
[2022-06-13T02:11:00.276+0000][1][safepoint    ] Leaving safepoint region
[2022-06-13T02:11:00.276+0000][1][safepoint    ] Total time for which application threads were stopped: 0.0007457 seconds, Stopping threads took: 0.0003331 seconds
[2022-06-13T02:11:00.277+0000][1][safepoint    ] Application time: 0.0004751 seconds
[2022-06-13T02:11:00.277+0000][1][safepoint    ] Entering safepoint region: RevokeBias
[2022-06-13T02:11:00.278+0000][1][safepoint    ] Leaving safepoint region
[2022-06-13T02:11:00.278+0000][1][safepoint    ] Total time for which application threads were stopped: 0.0008508 seconds, Stopping threads took: 0.0003782 seconds
[2022-06-13T02:11:00.279+0000][1][safepoint    ] Application time: 0.0001297 seconds
[2022-06-13T02:11:00.279+0000][1][safepoint    ] Entering safepoint region: RevokeBias
[2022-06-13T02:11:00.280+0000][1][safepoint    ] Leaving safepoint region
[2022-06-13T02:11:00.280+0000][1][safepoint    ] Total time for which application threads were stopped: 0.0008922 seconds, Stopping threads took: 0.0004559 seconds
[2022-06-13T02:11:00.281+0000][1][safepoint    ] Application time: 0.0003124 seconds
[2022-06-13T02:11:00.281+0000][1][safepoint    ] Entering safepoint region: RevokeBias
[2022-06-13T02:11:00.281+0000][1][safepoint    ] Leaving safepoint region
[2022-06-13T02:11:00.282+0000][1][safepoint    ] Total time for which application threads were stopped: 0.0005738 seconds, Stopping threads took: 0.0003101 seconds
[2022-06-13T02:11:00.282+0000][1][safepoint    ] Application time: 0.0001952 seconds
[2022-06-13T02:11:00.282+0000][1][safepoint    ] Entering safepoint region: RevokeBias
[2022-06-13T02:11:00.283+0000][1][safepoint    ] Leaving safepoint region
[2022-06-13T02:11:00.283+0000][1][safepoint    ] Total time for which application threads were stopped: 0.0007704 seconds, Stopping threads took: 0.0003503 seconds
[2022-06-13T02:11:00.284+0000][1][safepoint    ] Application time: 0.0001967 seconds
[2022-06-13T02:11:00.284+0000][1][safepoint    ] Entering safepoint region: RevokeBias
[2022-06-13T02:11:00.284+0000][1][safepoint    ] Leaving safepoint region
[2022-06-13T02:11:00.285+0000][1][safepoint    ] Total time for which application threads were stopped: 0.0008090 seconds, Stopping threads took: 0.0003071 seconds
[2022-06-13T02:11:00.286+0000][1][safepoint    ] Application time: 0.0003083 seconds
[2022-06-13T02:11:00.286+0000][1][safepoint    ] Entering safepoint region: RevokeBias
[2022-06-13T02:11:00.286+0000][1][safepoint    ] Leaving safepoint region
[2022-06-13T02:11:00.287+0000][1][safepoint    ] Total time for which application threads were stopped: 0.0008150 seconds, Stopping threads took: 0.0003708 seconds
[2022-06-13T02:11:00.956+0000][1][safepoint    ] Application time: 0.6684594 seconds
[2022-06-13T02:11:00.956+0000][1][safepoint    ] Entering safepoint region: RevokeBias
[2022-06-13T02:11:00.957+0000][1][safepoint    ] Leaving safepoint region
[2022-06-13T02:11:00.957+0000][1][safepoint    ] Total time for which application threads were stopped: 0.0014136 seconds, Stopping threads took: 0.0006460 seconds
[2022-06-13T02:11:00.958+0000][1][safepoint    ] Application time: 0.0003222 seconds
[2022-06-13T02:11:00.959+0000][1][safepoint    ] Entering safepoint region: RevokeBias
[2022-06-13T02:11:00.960+0000][1][safepoint    ] Leaving safepoint region
[2022-06-13T02:11:00.960+0000][1][safepoint    ] Total time for which application threads were stopped: 0.0010699 seconds, Stopping threads took: 0.0005518 seconds
[2022-06-13T02:11:03.276+0000][1][safepoint    ] Application time: 2.3150641 seconds
[2022-06-13T02:11:03.276+0000][1][safepoint    ] Entering safepoint region: RevokeBias
[2022-06-13T02:11:03.277+0000][1][safepoint    ] Leaving safepoint region
[2022-06-13T02:11:03.277+0000][1][safepoint    ] Total time for which application threads were stopped: 0.0009832 seconds, Stopping threads took: 0.0005321 seconds
[2022-06-13T02:11:03.278+0000][1][safepoint    ] Application time: 0.0002496 seconds
[2022-06-13T02:11:03.278+0000][1][safepoint    ] Entering safepoint region: RevokeBias
[2022-06-13T02:11:03.279+0000][1][safepoint    ] Leaving safepoint region
[2022-06-13T02:11:03.279+0000][1][safepoint    ] Total time for which application threads were stopped: 0.0012124 seconds, Stopping threads took: 0.0007165 seconds
[2022-06-13T02:11:04.277+0000][1][safepoint    ] Application time: 0.9978661 seconds
[2022-06-13T02:11:04.278+0000][1][safepoint    ] Entering safepoint region: RevokeBias
[2022-06-13T02:11:04.278+0000][1][safepoint    ] Leaving safepoint region
[2022-06-13T02:11:04.279+0000][1][safepoint    ] Total time for which application threads were stopped: 0.0008477 seconds, Stopping threads took: 0.0004469 seconds
[2022-06-13T02:11:04.279+0000][1][safepoint    ] Application time: 0.0002782 seconds
[2022-06-13T02:11:04.280+0000][1][safepoint    ] Entering safepoint region: RevokeBias
[2022-06-13T02:11:04.280+0000][1][safepoint    ] Leaving safepoint region
[2022-06-13T02:11:04.280+0000][1][safepoint    ] Total time for which application threads were stopped: 0.0006548 seconds, Stopping threads took: 0.0002867 seconds
[2022-06-13T02:11:04.281+0000][1][safepoint    ] Application time: 0.0000975 seconds
[2022-06-13T02:11:04.281+0000][1][safepoint    ] Entering safepoint region: RevokeBias
[2022-06-13T02:11:04.281+0000][1][safepoint    ] Leaving safepoint region
[2022-06-13T02:11:04.281+0000][1][safepoint    ] Total time for which application threads were stopped: 0.0007023 seconds, Stopping threads took: 0.0001625 seconds
[2022-06-13T02:11:04.282+0000][1][safepoint    ] Application time: 0.0001244 seconds
[2022-06-13T02:11:04.282+0000][1][safepoint    ] Entering safepoint region: RevokeBias
[2022-06-13T02:11:04.282+0000][1][safepoint    ] Leaving safepoint region
[2022-06-13T02:11:04.283+0000][1][safepoint    ] Total time for which application threads were stopped: 0.0006977 seconds, Stopping threads took: 0.0003250 seconds
[2022-06-13T02:11:04.283+0000][1][safepoint    ] Application time: 0.0001502 seconds
[2022-06-13T02:11:04.284+0000][1][safepoint    ] Entering safepoint region: RevokeBias
[2022-06-13T02:11:04.284+0000][1][safepoint    ] Leaving safepoint region
[2022-06-13T02:11:04.284+0000][1][safepoint    ] Total time for which application threads were stopped: 0.0006602 seconds, Stopping threads took: 0.0003621 seconds
[2022-06-13T02:11:04.285+0000][1][safepoint    ] Application time: 0.0001360 seconds
[2022-06-13T02:11:04.285+0000][1][safepoint    ] Entering safepoint region: RevokeBias
[2022-06-13T02:11:04.285+0000][1][safepoint    ] Leaving safepoint region
[2022-06-13T02:11:04.285+0000][1][safepoint    ] Total time for which application threads were stopped: 0.0002914 seconds, Stopping threads took: 0.0001173 seconds
[2022-06-13T02:11:04.286+0000][1][safepoint    ] Application time: 0.0001928 seconds
[2022-06-13T02:11:04.286+0000][1][safepoint    ] Entering safepoint region: RevokeBias
[2022-06-13T02:11:04.286+0000][1][safepoint    ] Leaving safepoint region
[2022-06-13T02:11:04.286+0000][1][safepoint    ] Total time for which application threads were stopped: 0.0002740 seconds, Stopping threads took: 0.0001147 seconds
[2022-06-13T02:11:05.286+0000][1][safepoint    ] Application time: 1.0001249 seconds
[2022-06-13T02:11:05.286+0000][1][safepoint    ] Entering safepoint region: Cleanup
[2022-06-13T02:11:05.287+0000][1][safepoint    ] Leaving safepoint region
[2022-06-13T02:11:05.287+0000][1][safepoint    ] Total time for which application threads were stopped: 0.0002572 seconds, Stopping threads took: 0.0001100 seconds
[2022-06-13T02:11:06.287+0000][1][safepoint    ] Application time: 1.0001856 seconds
[2022-06-13T02:11:06.288+0000][1][safepoint    ] Entering safepoint region: Cleanup
[2022-06-13T02:11:06.288+0000][1][safepoint    ] Leaving safepoint region
[2022-06-13T02:11:06.289+0000][1][safepoint    ] Total time for which application threads were stopped: 0.0010393 seconds, Stopping threads took: 0.0006034 seconds
[2022-06-13T02:11:07.277+0000][1][safepoint    ] Application time: 0.9882852 seconds
[2022-06-13T02:11:07.278+0000][1][safepoint    ] Entering safepoint region: RevokeBias
[2022-06-13T02:11:07.279+0000][1][safepoint    ] Leaving safepoint region
[2022-06-13T02:11:07.279+0000][1][safepoint    ] Total time for which application threads were stopped: 0.0008750 seconds, Stopping threads took: 0.0004663 seconds
[2022-06-13T02:11:07.279+0000][1][safepoint    ] Application time: 0.0002731 seconds
[2022-06-13T02:11:07.280+0000][1][safepoint    ] Entering safepoint region: RevokeBias
[2022-06-13T02:11:07.281+0000][1][safepoint    ] Leaving safepoint region
[2022-06-13T02:11:07.281+0000][1][safepoint    ] Total time for which application threads were stopped: 0.0011362 seconds, Stopping threads took: 0.0007339 seconds
[2022-06-13T02:11:07.281+0000][1][safepoint    ] Application time: 0.0001350 seconds
[2022-06-13T02:11:07.282+0000][1][safepoint    ] Entering safepoint region: RevokeBias
[2022-06-13T02:11:07.282+0000][1][safepoint    ] Leaving safepoint region
[2022-06-13T02:11:07.283+0000][1][safepoint    ] Total time for which application threads were stopped: 0.0010742 seconds, Stopping threads took: 0.0004403 seconds
[2022-06-13T02:11:08.279+0000][1][safepoint    ] Application time: 0.9955800 seconds
[2022-06-13T02:11:08.280+0000][1][safepoint    ] Entering safepoint region: RevokeBias
[2022-06-13T02:11:08.280+0000][1][safepoint    ] Leaving safepoint region
[2022-06-13T02:11:08.281+0000][1][safepoint    ] Total time for which application threads were stopped: 0.0012927 seconds, Stopping threads took: 0.0003652 seconds
[2022-06-13T02:11:08.282+0000][1][safepoint    ] Application time: 0.0006547 seconds
[2022-06-13T02:11:08.282+0000][1][safepoint    ] Entering safepoint region: RevokeBias
[2022-06-13T02:11:08.283+0000][1][safepoint    ] Leaving safepoint region
[2022-06-13T02:11:08.283+0000][1][safepoint    ] Total time for which application threads were stopped: 0.0012346 seconds, Stopping threads took: 0.0004148 seconds
[2022-06-13T02:11:08.284+0000][1][safepoint    ] Application time: 0.0002173 seconds
[2022-06-13T02:11:08.284+0000][1][safepoint    ] Entering safepoint region: RevokeBias
[2022-06-13T02:11:08.285+0000][1][safepoint    ] Leaving safepoint region
[2022-06-13T02:11:08.286+0000][1][safepoint    ] Total time for which application threads were stopped: 0.0010508 seconds, Stopping threads took: 0.0004960 seconds
[2022-06-13T02:11:08.286+0000][1][safepoint    ] Application time: 0.0003929 seconds
[2022-06-13T02:11:08.287+0000][1][safepoint    ] Entering safepoint region: RevokeBias
[2022-06-13T02:11:08.287+0000][1][safepoint    ] Leaving safepoint region
[2022-06-13T02:11:08.287+0000][1][safepoint    ] Total time for which application threads were stopped: 0.0004252 seconds, Stopping threads took: 0.0001981 seconds
[2022-06-13T02:11:08.288+0000][1][safepoint    ] Application time: 0.0001687 seconds
[2022-06-13T02:11:08.288+0000][1][safepoint    ] Entering safepoint region: RevokeBias
[2022-06-13T02:11:08.288+0000][1][safepoint    ] Leaving safepoint region
[2022-06-13T02:11:08.288+0000][1][safepoint    ] Total time for which application threads were stopped: 0.0004471 seconds, Stopping threads took: 0.0002009 seconds
[2022-06-13T02:11:08.289+0000][1][safepoint    ] Application time: 0.0000357 seconds
[2022-06-13T02:11:08.289+0000][1][safepoint    ] Entering safepoint region: BulkRevokeBias
[2022-06-13T02:11:08.289+0000][1][safepoint    ] Leaving safepoint region
[2022-06-13T02:11:08.290+0000][1][safepoint    ] Total time for which application threads were stopped: 0.0008976 seconds, Stopping threads took: 0.0001624 seconds
[2022-06-13T02:11:09.290+0000][1][safepoint    ] Application time: 1.0001194 seconds
[2022-06-13T02:11:09.290+0000][1][safepoint    ] Entering safepoint region: Cleanup
[2022-06-13T02:11:09.291+0000][1][safepoint    ] Leaving safepoint region
[2022-06-13T02:11:09.291+0000][1][safepoint    ] Total time for which application threads were stopped: 0.0011022 seconds, Stopping threads took: 0.0004771 seconds
[2022-06-13T02:11:10.292+0000][1][safepoint    ] Application time: 1.0001819 seconds
[2022-06-13T02:11:10.292+0000][1][safepoint    ] Entering safepoint region: Cleanup
[2022-06-13T02:11:10.293+0000][1][safepoint    ] Leaving safepoint region
[2022-06-13T02:11:10.293+0000][1][safepoint    ] Total time for which application threads were stopped: 0.0005899 seconds, Stopping threads took: 0.0002469 seconds
[2022-06-13T02:11:11.280+0000][1][safepoint    ] Application time: 0.9865072 seconds
[2022-06-13T02:11:11.280+0000][1][safepoint    ] Entering safepoint region: RevokeBias
[2022-06-13T02:11:11.281+0000][1][safepoint    ] Leaving safepoint region
[2022-06-13T02:11:11.282+0000][1][safepoint    ] Total time for which application threads were stopped: 0.0011915 seconds, Stopping threads took: 0.0005869 seconds
[2022-06-13T02:11:11.282+0000][1][safepoint    ] Application time: 0.0000521 seconds
[2022-06-13T02:11:11.283+0000][1][safepoint    ] Entering safepoint region: RevokeBias
[2022-06-13T02:11:11.284+0000][1][safepoint    ] Leaving safepoint region
[2022-06-13T02:11:11.284+0000][1][safepoint    ] Total time for which application threads were stopped: 0.0014693 seconds, Stopping threads took: 0.0005068 seconds
[2022-06-13T02:11:12.280+0000][1][safepoint    ] Application time: 0.9952828 seconds
[2022-06-13T02:11:12.281+0000][1][safepoint    ] Entering safepoint region: RevokeBias
[2022-06-13T02:11:12.281+0000][1][safepoint    ] Leaving safepoint region
[2022-06-13T02:11:12.281+0000][1][safepoint    ] Total time for which application threads were stopped: 0.0010094 seconds, Stopping threads took: 0.0006120 seconds
[2022-06-13T02:11:12.282+0000][1][safepoint    ] Application time: 0.0003711 seconds
[2022-06-13T02:11:12.282+0000][1][safepoint    ] Entering safepoint region: RevokeBias
[2022-06-13T02:11:12.283+0000][1][safepoint    ] Leaving safepoint region
[2022-06-13T02:11:12.283+0000][1][safepoint    ] Total time for which application threads were stopped: 0.0006018 seconds, Stopping threads took: 0.0002491 seconds
[2022-06-13T02:11:12.284+0000][1][safepoint    ] Application time: 0.0004005 seconds
[2022-06-13T02:11:12.284+0000][1][safepoint    ] Entering safepoint region: RevokeBias
[2022-06-13T02:11:12.284+0000][1][safepoint    ] Leaving safepoint region
[2022-06-13T02:11:12.284+0000][1][safepoint    ] Total time for which application threads were stopped: 0.0007359 seconds, Stopping threads took: 0.0003285 seconds
[2022-06-13T02:11:12.285+0000][1][safepoint    ] Application time: 0.0002692 seconds
[2022-06-13T02:11:12.285+0000][1][safepoint    ] Entering safepoint region: RevokeBias
[2022-06-13T02:11:12.286+0000][1][safepoint    ] Leaving safepoint region
[2022-06-13T02:11:12.286+0000][1][safepoint    ] Total time for which application threads were stopped: 0.0004659 seconds, Stopping threads took: 0.0001238 seconds
[2022-06-13T02:11:13.286+0000][1][safepoint    ] Application time: 1.0002630 seconds
[2022-06-13T02:11:13.287+0000][1][safepoint    ] Entering safepoint region: Cleanup
[2022-06-13T02:11:13.287+0000][1][safepoint    ] Leaving safepoint region
[2022-06-13T02:11:13.288+0000][1][safepoint    ] Total time for which application threads were stopped: 0.0009760 seconds, Stopping threads took: 0.0004752 seconds
[2022-06-13T02:11:14.288+0000][1][safepoint    ] Application time: 1.0001649 seconds
[2022-06-13T02:11:14.289+0000][1][safepoint    ] Entering safepoint region: Cleanup
[2022-06-13T02:11:14.289+0000][1][safepoint    ] Leaving safepoint region
[2022-06-13T02:11:14.290+0000][1][safepoint    ] Total time for which application threads were stopped: 0.0007442 seconds, Stopping threads took: 0.0003993 seconds
[2022-06-13T02:11:15.280+0000][1][safepoint    ] Application time: 0.9903068 seconds
[2022-06-13T02:11:15.281+0000][1][safepoint    ] Entering safepoint region: RevokeBias
[2022-06-13T02:11:15.281+0000][1][safepoint    ] Leaving safepoint region
[2022-06-13T02:11:15.282+0000][1][safepoint    ] Total time for which application threads were stopped: 0.0010660 seconds, Stopping threads took: 0.0005638 seconds
[2022-06-13T02:11:15.283+0000][1][safepoint    ] Application time: 0.0002698 seconds
[2022-06-13T02:11:15.283+0000][1][safepoint    ] Entering safepoint region: RevokeBias
[2022-06-13T02:11:15.283+0000][1][safepoint    ] Leaving safepoint region
[2022-06-13T02:11:15.283+0000][1][safepoint    ] Total time for which application threads were stopped: 0.0007329 seconds, Stopping threads took: 0.0003526 seconds
[2022-06-13T02:11:15.284+0000][1][safepoint    ] Application time: 0.0002664 seconds
[2022-06-13T02:11:15.284+0000][1][safepoint    ] Entering safepoint region: RevokeBias
[2022-06-13T02:11:15.285+0000][1][safepoint    ] Leaving safepoint region
[2022-06-13T02:11:15.285+0000][1][safepoint    ] Total time for which application threads were stopped: 0.0007258 seconds, Stopping threads took: 0.0003375 seconds
[2022-06-13T02:11:15.286+0000][1][safepoint    ] Application time: 0.0004147 seconds
[2022-06-13T02:11:15.286+0000][1][safepoint    ] Entering safepoint region: RevokeBias
[2022-06-13T02:11:15.286+0000][1][safepoint    ] Leaving safepoint region
[2022-06-13T02:11:15.286+0000][1][safepoint    ] Total time for which application threads were stopped: 0.0004013 seconds, Stopping threads took: 0.0002135 seconds
[2022-06-13T02:11:15.287+0000][1][safepoint    ] Application time: 0.0002368 seconds
[2022-06-13T02:11:15.287+0000][1][safepoint    ] Entering safepoint region: RevokeBias
[2022-06-13T02:11:15.287+0000][1][safepoint    ] Leaving safepoint region
[2022-06-13T02:11:15.287+0000][1][safepoint    ] Total time for which application threads were stopped: 0.0003007 seconds, Stopping threads took: 0.0001236 seconds
[2022-06-13T02:11:15.287+0000][1][safepoint    ] Application time: 0.0002797 seconds
[2022-06-13T02:11:15.288+0000][1][safepoint    ] Entering safepoint region: RevokeBias
[2022-06-13T02:11:15.288+0000][1][safepoint    ] Leaving safepoint region
[2022-06-13T02:11:15.288+0000][1][safepoint    ] Total time for which application threads were stopped: 0.0004518 seconds, Stopping threads took: 0.0001877 seconds
[2022-06-13T02:11:16.283+0000][1][safepoint    ] Application time: 0.9946820 seconds
[2022-06-13T02:11:16.284+0000][1][safepoint    ] Entering safepoint region: RevokeBias
[2022-06-13T02:11:16.285+0000][1][safepoint    ] Leaving safepoint region
[2022-06-13T02:11:16.285+0000][1][safepoint    ] Total time for which application threads were stopped: 0.0013274 seconds, Stopping threads took: 0.0007095 seconds
[2022-06-13T02:11:16.286+0000][1][safepoint    ] Application time: 0.0007631 seconds
[2022-06-13T02:11:16.287+0000][1][safepoint    ] Entering safepoint region: RevokeBias
[2022-06-13T02:11:16.287+0000][1][safepoint    ] Leaving safepoint region
[2022-06-13T02:11:16.288+0000][1][safepoint    ] Total time for which application threads were stopped: 0.0011811 seconds, Stopping threads took: 0.0005584 seconds
[2022-06-13T02:11:16.290+0000][1][safepoint    ] Application time: 0.0008466 seconds
[2022-06-13T02:11:16.290+0000][1][safepoint    ] Entering safepoint region: RevokeBias
[2022-06-13T02:11:16.291+0000][1][safepoint    ] Leaving safepoint region
[2022-06-13T02:11:16.291+0000][1][safepoint    ] Total time for which application threads were stopped: 0.0011771 seconds, Stopping threads took: 0.0003947 seconds
[2022-06-13T02:11:17.292+0000][1][safepoint    ] Application time: 1.0002676 seconds
[2022-06-13T02:11:17.293+0000][1][safepoint    ] Entering safepoint region: Cleanup
[2022-06-13T02:11:17.294+0000][1][safepoint    ] Leaving safepoint region
[2022-06-13T02:11:17.294+0000][1][safepoint    ] Total time for which application threads were stopped: 0.0014782 seconds, Stopping threads took: 0.0007645 seconds
[2022-06-13T02:11:18.286+0000][1][safepoint    ] Application time: 0.9913691 seconds
[2022-06-13T02:11:18.287+0000][1][safepoint    ] Entering safepoint region: RevokeBias
[2022-06-13T02:11:18.287+0000][1][safepoint    ] Leaving safepoint region
[2022-06-13T02:11:18.287+0000][1][safepoint    ] Total time for which application threads were stopped: 0.0008564 seconds, Stopping threads took: 0.0004128 seconds
[2022-06-13T02:11:19.283+0000][1][safepoint    ] Application time: 0.9957393 seconds
[2022-06-13T02:11:19.284+0000][1][safepoint    ] Entering safepoint region: RevokeBias
[2022-06-13T02:11:19.284+0000][1][safepoint    ] Leaving safepoint region
[2022-06-13T02:11:19.285+0000][1][safepoint    ] Total time for which application threads were stopped: 0.0008015 seconds, Stopping threads took: 0.0003600 seconds
[2022-06-13T02:11:19.285+0000][1][safepoint    ] Application time: 0.0004244 seconds
[2022-06-13T02:11:19.286+0000][1][safepoint    ] Entering safepoint region: RevokeBias
[2022-06-13T02:11:19.286+0000][1][safepoint    ] Leaving safepoint region
[2022-06-13T02:11:19.286+0000][1][safepoint    ] Total time for which application threads were stopped: 0.0007203 seconds, Stopping threads took: 0.0003152 seconds
[2022-06-13T02:11:19.287+0000][1][safepoint    ] Application time: 0.0003788 seconds
[2022-06-13T02:11:19.288+0000][1][safepoint    ] Entering safepoint region: RevokeBias
[2022-06-13T02:11:19.288+0000][1][safepoint    ] Leaving safepoint region
[2022-06-13T02:11:19.288+0000][1][safepoint    ] Total time for which application threads were stopped: 0.0007688 seconds, Stopping threads took: 0.0002874 seconds
[2022-06-13T02:11:19.289+0000][1][safepoint    ] Application time: 0.0006862 seconds
[2022-06-13T02:11:19.290+0000][1][safepoint    ] Entering safepoint region: RevokeBias
[2022-06-13T02:11:19.290+0000][1][safepoint    ] Leaving safepoint region
[2022-06-13T02:11:19.290+0000][1][safepoint    ] Total time for which application threads were stopped: 0.0004447 seconds, Stopping threads took: 0.0002270 seconds
[2022-06-13T02:11:20.284+0000][1][safepoint    ] Application time: 0.9934024 seconds
[2022-06-13T02:11:20.284+0000][1][safepoint    ] Entering safepoint region: RevokeBias
[2022-06-13T02:11:20.284+0000][1][safepoint    ] Leaving safepoint region
[2022-06-13T02:11:20.284+0000][1][safepoint    ] Total time for which application threads were stopped: 0.0003610 seconds, Stopping threads took: 0.0001450 seconds
[2022-06-13T02:11:20.285+0000][1][safepoint    ] Application time: 0.0002684 seconds
[2022-06-13T02:11:20.285+0000][1][safepoint    ] Entering safepoint region: RevokeBias
[2022-06-13T02:11:20.285+0000][1][safepoint    ] Leaving safepoint region
[2022-06-13T02:11:20.285+0000][1][safepoint    ] Total time for which application threads were stopped: 0.0003599 seconds, Stopping threads took: 0.0001870 seconds
[2022-06-13T02:11:20.286+0000][1][safepoint    ] Application time: 0.0004483 seconds
[2022-06-13T02:11:20.286+0000][1][safepoint    ] Entering safepoint region: RevokeBias
[2022-06-13T02:11:20.286+0000][1][safepoint    ] Leaving safepoint region
[2022-06-13T02:11:20.286+0000][1][safepoint    ] Total time for which application threads were stopped: 0.0004182 seconds, Stopping threads took: 0.0001202 seconds
[2022-06-13T02:11:22.286+0000][1][safepoint    ] Application time: 1.9993976 seconds
[2022-06-13T02:11:22.287+0000][1][safepoint    ] Entering safepoint region: RevokeBias
[2022-06-13T02:11:22.287+0000][1][safepoint    ] Leaving safepoint region
[2022-06-13T02:11:22.288+0000][1][safepoint    ] Total time for which application threads were stopped: 0.0012262 seconds, Stopping threads took: 0.0006510 seconds
[2022-06-13T02:11:22.290+0000][1][safepoint    ] Application time: 0.0019953 seconds
[2022-06-13T02:11:22.291+0000][1][safepoint    ] Entering safepoint region: RevokeBias
[2022-06-13T02:11:22.291+0000][1][safepoint    ] Leaving safepoint region
[2022-06-13T02:11:22.292+0000][1][safepoint    ] Total time for which application threads were stopped: 0.0010243 seconds, Stopping threads took: 0.0004304 seconds
[2022-06-13T02:11:22.296+0000][1][safepoint    ] Application time: 0.0036523 seconds
[2022-06-13T02:11:22.296+0000][1][safepoint    ] Entering safepoint region: RevokeBias
[2022-06-13T02:11:22.297+0000][1][safepoint    ] Leaving safepoint region
[2022-06-13T02:11:22.297+0000][1][safepoint    ] Total time for which application threads were stopped: 0.0011478 seconds, Stopping threads took: 0.0006273 seconds
[2022-06-13T02:11:22.298+0000][1][safepoint    ] Application time: 0.0004406 seconds
[2022-06-13T02:11:22.299+0000][1][safepoint    ] Entering safepoint region: RevokeBias
[2022-06-13T02:11:22.299+0000][1][safepoint    ] Leaving safepoint region
[2022-06-13T02:11:22.300+0000][1][safepoint    ] Total time for which application threads were stopped: 0.0009829 seconds, Stopping threads took: 0.0004005 seconds
[2022-06-13T02:11:22.301+0000][1][safepoint    ] Application time: 0.0014405 seconds
[2022-06-13T02:11:22.302+0000][1][safepoint    ] Entering safepoint region: RevokeBias
[2022-06-13T02:11:22.302+0000][1][safepoint    ] Leaving safepoint region
[2022-06-13T02:11:22.302+0000][1][safepoint    ] Total time for which application threads were stopped: 0.0006996 seconds, Stopping threads took: 0.0002568 seconds
[2022-06-13T02:11:22.303+0000][1][safepoint    ] Application time: 0.0002264 seconds
[2022-06-13T02:11:22.303+0000][1][safepoint    ] Entering safepoint region: RevokeBias
[2022-06-13T02:11:22.304+0000][1][safepoint    ] Leaving safepoint region
[2022-06-13T02:11:22.304+0000][1][safepoint    ] Total time for which application threads were stopped: 0.0005784 seconds, Stopping threads took: 0.0002309 seconds
[2022-06-13T02:11:23.285+0000][1][safepoint    ] Application time: 0.9808159 seconds
[2022-06-13T02:11:23.286+0000][1][safepoint    ] Entering safepoint region: RevokeBias
[2022-06-13T02:11:23.286+0000][1][safepoint    ] Leaving safepoint region
[2022-06-13T02:11:23.287+0000][1][safepoint    ] Total time for which application threads were stopped: 0.0017276 seconds, Stopping threads took: 0.0009145 seconds
[2022-06-13T02:11:23.289+0000][1][safepoint    ] Application time: 0.0009456 seconds
[2022-06-13T02:11:23.289+0000][1][safepoint    ] Entering safepoint region: RevokeBias
[2022-06-13T02:11:23.290+0000][1][safepoint    ] Leaving safepoint region
[2022-06-13T02:11:23.291+0000][1][safepoint    ] Total time for which application threads were stopped: 0.0013985 seconds, Stopping threads took: 0.0006214 seconds
[2022-06-13T02:11:23.292+0000][1][safepoint    ] Application time: 0.0007698 seconds
[2022-06-13T02:11:23.293+0000][1][safepoint    ] Entering safepoint region: RevokeBias
[2022-06-13T02:11:23.293+0000][1][safepoint    ] Leaving safepoint region
[2022-06-13T02:11:23.294+0000][1][safepoint    ] Total time for which application threads were stopped: 0.0008590 seconds, Stopping threads took: 0.0004922 seconds
[2022-06-13T02:11:23.295+0000][1][safepoint    ] Application time: 0.0004802 seconds
[2022-06-13T02:11:23.295+0000][1][safepoint    ] Entering safepoint region: RevokeBias
[2022-06-13T02:11:23.296+0000][1][safepoint    ] Leaving safepoint region
[2022-06-13T02:11:23.296+0000][1][safepoint    ] Total time for which application threads were stopped: 0.0011248 seconds, Stopping threads took: 0.0005598 seconds
[2022-06-13T02:11:24.286+0000][1][safepoint    ] Application time: 0.9893256 seconds
[2022-06-13T02:11:24.287+0000][1][safepoint    ] Entering safepoint region: RevokeBias
[2022-06-13T02:11:24.287+0000][1][safepoint    ] Leaving safepoint region
[2022-06-13T02:11:24.287+0000][1][safepoint    ] Total time for which application threads were stopped: 0.0007246 seconds, Stopping threads took: 0.0003010 seconds
[2022-06-13T02:11:24.288+0000][1][safepoint    ] Application time: 0.0005127 seconds
[2022-06-13T02:11:24.289+0000][1][safepoint    ] Entering safepoint region: RevokeBias
[2022-06-13T02:11:24.289+0000][1][safepoint    ] Leaving safepoint region
[2022-06-13T02:11:24.289+0000][1][safepoint    ] Total time for which application threads were stopped: 0.0006711 seconds, Stopping threads took: 0.0002915 seconds
[2022-06-13T02:11:24.290+0000][1][safepoint    ] Application time: 0.0005080 seconds
[2022-06-13T02:11:24.291+0000][1][safepoint    ] Entering safepoint region: RevokeBias
[2022-06-13T02:11:24.291+0000][1][safepoint    ] Leaving safepoint region
[2022-06-13T02:11:24.291+0000][1][safepoint    ] Total time for which application threads were stopped: 0.0008493 seconds, Stopping threads took: 0.0003301 seconds
[2022-06-13T02:11:25.292+0000][1][safepoint    ] Application time: 1.0003043 seconds
[2022-06-13T02:11:25.293+0000][1][safepoint    ] Entering safepoint region: Cleanup
[2022-06-13T02:11:25.294+0000][1][safepoint    ] Leaving safepoint region
[2022-06-13T02:11:25.294+0000][1][safepoint    ] Total time for which application threads were stopped: 0.0013640 seconds, Stopping threads took: 0.0006335 seconds
[2022-06-13T02:11:26.289+0000][1][safepoint    ] Application time: 0.9946354 seconds
[2022-06-13T02:11:26.290+0000][1][safepoint    ] Entering safepoint region: RevokeBias
[2022-06-13T02:11:26.290+0000][1][safepoint    ] Leaving safepoint region
[2022-06-13T02:11:26.291+0000][1][safepoint    ] Total time for which application threads were stopped: 0.0009850 seconds, Stopping threads took: 0.0003939 seconds
[2022-06-13T02:11:27.287+0000][1][safepoint    ] Application time: 0.9953777 seconds
[2022-06-13T02:11:27.288+0000][1][safepoint    ] Entering safepoint region: RevokeBias
[2022-06-13T02:11:27.288+0000][1][safepoint    ] Leaving safepoint region
[2022-06-13T02:11:27.289+0000][1][safepoint    ] Total time for which application threads were stopped: 0.0013148 seconds, Stopping threads took: 0.0008354 seconds
[2022-06-13T02:11:27.289+0000][1][safepoint    ] Application time: 0.0003449 seconds
[2022-06-13T02:11:27.290+0000][1][safepoint    ] Entering safepoint region: RevokeBias
[2022-06-13T02:11:27.290+0000][1][safepoint    ] Leaving safepoint region
[2022-06-13T02:11:27.290+0000][1][safepoint    ] Total time for which application threads were stopped: 0.0007879 seconds, Stopping threads took: 0.0003989 seconds
[2022-06-13T02:11:27.291+0000][1][safepoint    ] Application time: 0.0002066 seconds
[2022-06-13T02:11:27.291+0000][1][safepoint    ] Entering safepoint region: BulkRevokeBias
[2022-06-13T02:11:27.293+0000][1][safepoint    ] Leaving safepoint region
[2022-06-13T02:11:27.293+0000][1][safepoint    ] Total time for which application threads were stopped: 0.0019461 seconds, Stopping threads took: 0.0003497 seconds
[2022-06-13T02:11:27.294+0000][1][safepoint    ] Application time: 0.0004088 seconds
[2022-06-13T02:11:27.294+0000][1][safepoint    ] Entering safepoint region: BulkRevokeBias
[2022-06-13T02:11:27.295+0000][1][safepoint    ] Leaving safepoint region
[2022-06-13T02:11:27.295+0000][1][safepoint    ] Total time for which application threads were stopped: 0.0010984 seconds, Stopping threads took: 0.0003308 seconds
[2022-06-13T02:11:28.296+0000][1][safepoint    ] Application time: 1.0001433 seconds
[2022-06-13T02:11:28.296+0000][1][safepoint    ] Entering safepoint region: Cleanup
[2022-06-13T02:11:28.297+0000][1][safepoint    ] Leaving safepoint region
[2022-06-13T02:11:28.297+0000][1][safepoint    ] Total time for which application threads were stopped: 0.0007311 seconds, Stopping threads took: 0.0003228 seconds
[2022-06-13T02:11:30.290+0000][1][safepoint    ] Application time: 1.9928731 seconds
[2022-06-13T02:11:30.291+0000][1][safepoint    ] Entering safepoint region: RevokeBias
[2022-06-13T02:11:30.291+0000][1][safepoint    ] Leaving safepoint region
[2022-06-13T02:11:30.292+0000][1][safepoint    ] Total time for which application threads were stopped: 0.0011295 seconds, Stopping threads took: 0.0006094 seconds
[2022-06-13T02:11:30.292+0000][1][safepoint    ] Application time: 0.0003186 seconds
[2022-06-13T02:11:30.292+0000][1][safepoint    ] Entering safepoint region: RevokeBias
[2022-06-13T02:11:30.293+0000][1][safepoint    ] Leaving safepoint region
[2022-06-13T02:11:30.293+0000][1][safepoint    ] Total time for which application threads were stopped: 0.0004112 seconds, Stopping threads took: 0.0001398 seconds
[2022-06-13T02:11:31.289+0000][1][safepoint    ] Application time: 0.9957702 seconds
[2022-06-13T02:11:31.289+0000][1][safepoint    ] Entering safepoint region: RevokeBias
[2022-06-13T02:11:31.292+0000][1][safepoint    ] Leaving safepoint region
[2022-06-13T02:11:31.292+0000][1][safepoint    ] Total time for which application threads were stopped: 0.0031831 seconds, Stopping threads took: 0.0009349 seconds
[2022-06-13T02:11:32.293+0000][1][safepoint    ] Application time: 1.0002056 seconds
[2022-06-13T02:11:32.294+0000][1][safepoint    ] Entering safepoint region: Cleanup
[2022-06-13T02:11:32.294+0000][1][safepoint    ] Leaving safepoint region
[2022-06-13T02:11:32.294+0000][1][safepoint    ] Total time for which application threads were stopped: 0.0006407 seconds, Stopping threads took: 0.0002664 seconds
[2022-06-13T02:11:34.295+0000][1][safepoint    ] Application time: 2.0002932 seconds
[2022-06-13T02:11:34.295+0000][1][safepoint    ] Entering safepoint region: Cleanup
[2022-06-13T02:11:34.295+0000][1][safepoint    ] Leaving safepoint region
[2022-06-13T02:11:34.295+0000][1][safepoint    ] Total time for which application threads were stopped: 0.0003683 seconds, Stopping threads took: 0.0001651 seconds
[2022-06-13T02:11:35.295+0000][1][safepoint    ] Application time: 1.0001425 seconds
[2022-06-13T02:11:35.296+0000][1][safepoint    ] Entering safepoint region: Cleanup
[2022-06-13T02:11:35.296+0000][1][safepoint    ] Leaving safepoint region
[2022-06-13T02:11:35.297+0000][1][safepoint    ] Total time for which application threads were stopped: 0.0006784 seconds, Stopping threads took: 0.0002712 seconds
[2022-06-13T02:11:36.297+0000][1][safepoint    ] Application time: 1.0001887 seconds
[2022-06-13T02:11:36.298+0000][1][safepoint    ] Entering safepoint region: Cleanup
[2022-06-13T02:11:36.298+0000][1][safepoint    ] Leaving safepoint region
[2022-06-13T02:11:36.299+0000][1][safepoint    ] Total time for which application threads were stopped: 0.0011831 seconds, Stopping threads took: 0.0003521 seconds
[2022-06-13T02:11:37.299+0000][1][safepoint    ] Application time: 1.0001722 seconds
[2022-06-13T02:11:37.300+0000][1][safepoint    ] Entering safepoint region: Cleanup
[2022-06-13T02:11:37.300+0000][1][safepoint    ] Leaving safepoint region
[2022-06-13T02:11:37.301+0000][1][safepoint    ] Total time for which application threads were stopped: 0.0009001 seconds, Stopping threads took: 0.0003295 seconds
[2022-06-13T02:11:38.301+0000][1][safepoint    ] Application time: 1.0001648 seconds
[2022-06-13T02:11:38.302+0000][1][safepoint    ] Entering safepoint region: Cleanup
[2022-06-13T02:11:38.302+0000][1][safepoint    ] Leaving safepoint region
[2022-06-13T02:11:38.303+0000][1][safepoint    ] Total time for which application threads were stopped: 0.0011898 seconds, Stopping threads took: 0.0004584 seconds
[2022-06-13T02:11:39.303+0000][1][safepoint    ] Application time: 1.0001921 seconds
[2022-06-13T02:11:39.304+0000][1][safepoint    ] Entering safepoint region: Cleanup
[2022-06-13T02:11:39.304+0000][1][safepoint    ] Leaving safepoint region
[2022-06-13T02:11:39.305+0000][1][safepoint    ] Total time for which application threads were stopped: 0.0007361 seconds, Stopping threads took: 0.0003436 seconds
[2022-06-13T02:11:40.305+0000][1][safepoint    ] Application time: 1.0002061 seconds
[2022-06-13T02:11:40.306+0000][1][safepoint    ] Entering safepoint region: Cleanup
[2022-06-13T02:11:40.307+0000][1][safepoint    ] Leaving safepoint region
[2022-06-13T02:11:40.307+0000][1][safepoint    ] Total time for which application threads were stopped: 0.0008508 seconds, Stopping threads took: 0.0004295 seconds
[2022-06-13T02:11:41.307+0000][1][safepoint    ] Application time: 1.0001620 seconds
[2022-06-13T02:11:41.308+0000][1][safepoint    ] Entering safepoint region: Cleanup
[2022-06-13T02:11:41.309+0000][1][safepoint    ] Leaving safepoint region
[2022-06-13T02:11:41.309+0000][1][safepoint    ] Total time for which application threads were stopped: 0.0011240 seconds, Stopping threads took: 0.0005649 seconds
[2022-06-13T02:11:42.310+0000][1][safepoint    ] Application time: 1.0001665 seconds
[2022-06-13T02:11:42.310+0000][1][safepoint    ] Entering safepoint region: Cleanup
[2022-06-13T02:11:42.311+0000][1][safepoint    ] Leaving safepoint region
[2022-06-13T02:11:42.311+0000][1][safepoint    ] Total time for which application threads were stopped: 0.0006462 seconds, Stopping threads took: 0.0003697 seconds
[2022-06-13T02:11:42.955+0000][1][safepoint    ] Application time: 0.6436872 seconds
[2022-06-13T02:11:42.955+0000][1][safepoint    ] Entering safepoint region: RevokeBias
[2022-06-13T02:11:42.955+0000][1][safepoint    ] Leaving safepoint region
[2022-06-13T02:11:42.956+0000][1][safepoint    ] Total time for which application threads were stopped: 0.0004797 seconds, Stopping threads took: 0.0001668 seconds
[2022-06-13T02:11:43.956+0000][1][safepoint    ] Application time: 1.0004125 seconds
[2022-06-13T02:11:43.957+0000][1][safepoint    ] Entering safepoint region: Cleanup
[2022-06-13T02:11:43.957+0000][1][safepoint    ] Leaving safepoint region
[2022-06-13T02:11:43.958+0000][1][safepoint    ] Total time for which application threads were stopped: 0.0009092 seconds, Stopping threads took: 0.0003982 seconds
[2022-06-13T02:11:44.958+0000][1][safepoint    ] Application time: 1.0002086 seconds
[2022-06-13T02:11:44.959+0000][1][safepoint    ] Entering safepoint region: Cleanup
[2022-06-13T02:11:44.959+0000][1][safepoint    ] Leaving safepoint region
[2022-06-13T02:11:44.959+0000][1][safepoint    ] Total time for which application threads were stopped: 0.0007825 seconds, Stopping threads took: 0.0003241 seconds
[2022-06-13T02:11:45.960+0000][1][safepoint    ] Application time: 1.0001851 seconds
[2022-06-13T02:11:45.960+0000][1][safepoint    ] Entering safepoint region: Cleanup
[2022-06-13T02:11:45.961+0000][1][safepoint    ] Leaving safepoint region
[2022-06-13T02:11:45.961+0000][1][safepoint    ] Total time for which application threads were stopped: 0.0009435 seconds, Stopping threads took: 0.0005701 seconds
[2022-06-13T02:11:46.962+0000][1][safepoint    ] Application time: 1.0002022 seconds
[2022-06-13T02:11:46.962+0000][1][safepoint    ] Entering safepoint region: Cleanup
[2022-06-13T02:11:46.962+0000][1][safepoint    ] Leaving safepoint region
[2022-06-13T02:11:46.963+0000][1][safepoint    ] Total time for which application threads were stopped: 0.0006073 seconds, Stopping threads took: 0.0003158 seconds
[2022-06-13T02:11:48.963+0000][1][safepoint    ] Application time: 2.0003129 seconds
[2022-06-13T02:11:48.963+0000][1][safepoint    ] Entering safepoint region: Cleanup
[2022-06-13T02:11:48.964+0000][1][safepoint    ] Leaving safepoint region
[2022-06-13T02:11:48.964+0000][1][safepoint    ] Total time for which application threads were stopped: 0.0002770 seconds, Stopping threads took: 0.0001198 seconds
[2022-06-13T02:11:49.964+0000][1][safepoint    ] Application time: 1.0001609 seconds
[2022-06-13T02:11:49.964+0000][1][safepoint    ] Entering safepoint region: Cleanup
[2022-06-13T02:11:49.965+0000][1][safepoint    ] Leaving safepoint region
[2022-06-13T02:11:49.965+0000][1][safepoint    ] Total time for which application threads were stopped: 0.0007557 seconds, Stopping threads took: 0.0003284 seconds
[2022-06-13T02:11:50.966+0000][1][safepoint    ] Application time: 1.0001643 seconds
[2022-06-13T02:11:50.966+0000][1][safepoint    ] Entering safepoint region: Cleanup
[2022-06-13T02:11:50.967+0000][1][safepoint    ] Leaving safepoint region
[2022-06-13T02:11:50.967+0000][1][safepoint    ] Total time for which application threads were stopped: 0.0009285 seconds, Stopping threads took: 0.0003150 seconds
[2022-06-13T02:11:51.968+0000][1][safepoint    ] Application time: 1.0002082 seconds
[2022-06-13T02:11:51.968+0000][1][safepoint    ] Entering safepoint region: Cleanup
[2022-06-13T02:11:51.969+0000][1][safepoint    ] Leaving safepoint region
[2022-06-13T02:11:51.969+0000][1][safepoint    ] Total time for which application threads were stopped: 0.0005408 seconds, Stopping threads took: 0.0001822 seconds
[2022-06-13T02:11:52.969+0000][1][safepoint    ] Application time: 1.0001273 seconds
[2022-06-13T02:11:52.970+0000][1][safepoint    ] Entering safepoint region: Cleanup
[2022-06-13T02:11:52.970+0000][1][safepoint    ] Leaving safepoint region
[2022-06-13T02:11:52.970+0000][1][safepoint    ] Total time for which application threads were stopped: 0.0006453 seconds, Stopping threads took: 0.0002865 seconds
[2022-06-13T02:11:53.971+0000][1][safepoint    ] Application time: 1.0003419 seconds
[2022-06-13T02:11:53.972+0000][1][safepoint    ] Entering safepoint region: Cleanup
[2022-06-13T02:11:53.972+0000][1][safepoint    ] Leaving safepoint region
[2022-06-13T02:11:53.972+0000][1][safepoint    ] Total time for which application threads were stopped: 0.0009541 seconds, Stopping threads took: 0.0004178 seconds
[2022-06-13T02:11:54.299+0000][1][safepoint    ] Application time: 0.3263365 seconds
[2022-06-13T02:11:54.300+0000][1][safepoint    ] Entering safepoint region: RevokeBias
[2022-06-13T02:11:54.300+0000][1][safepoint    ] Leaving safepoint region
[2022-06-13T02:11:54.301+0000][1][safepoint    ] Total time for which application threads were stopped: 0.0011192 seconds, Stopping threads took: 0.0004979 seconds
[2022-06-13T02:11:55.301+0000][1][safepoint    ] Application time: 1.0002200 seconds
[2022-06-13T02:11:55.302+0000][1][safepoint    ] Entering safepoint region: Cleanup
[2022-06-13T02:11:55.302+0000][1][safepoint    ] Leaving safepoint region
[2022-06-13T02:11:55.302+0000][1][safepoint    ] Total time for which application threads were stopped: 0.0007689 seconds, Stopping threads took: 0.0003438 seconds
[2022-06-13T02:11:56.303+0000][1][safepoint    ] Application time: 1.0002240 seconds
[2022-06-13T02:11:56.304+0000][1][safepoint    ] Entering safepoint region: Cleanup
[2022-06-13T02:11:56.304+0000][1][safepoint    ] Leaving safepoint region
[2022-06-13T02:11:56.305+0000][1][safepoint    ] Total time for which application threads were stopped: 0.0011971 seconds, Stopping threads took: 0.0004532 seconds
[2022-06-13T02:11:57.306+0000][1][safepoint    ] Application time: 1.0003586 seconds
[2022-06-13T02:11:57.306+0000][1][safepoint    ] Entering safepoint region: Cleanup
[2022-06-13T02:11:57.307+0000][1][safepoint    ] Leaving safepoint region
[2022-06-13T02:11:57.307+0000][1][safepoint    ] Total time for which application threads were stopped: 0.0006282 seconds, Stopping threads took: 0.0002488 seconds
[2022-06-13T02:11:58.307+0000][1][safepoint    ] Application time: 1.0001499 seconds
[2022-06-13T02:11:58.308+0000][1][safepoint    ] Entering safepoint region: Cleanup
[2022-06-13T02:11:58.308+0000][1][safepoint    ] Leaving safepoint region
[2022-06-13T02:11:58.308+0000][1][safepoint    ] Total time for which application threads were stopped: 0.0006029 seconds, Stopping threads took: 0.0002523 seconds
[2022-06-13T02:11:59.309+0000][1][safepoint    ] Application time: 1.0001183 seconds
[2022-06-13T02:11:59.309+0000][1][safepoint    ] Entering safepoint region: Cleanup
[2022-06-13T02:11:59.309+0000][1][safepoint    ] Leaving safepoint region
[2022-06-13T02:11:59.310+0000][1][safepoint    ] Total time for which application threads were stopped: 0.0004084 seconds, Stopping threads took: 0.0001446 seconds
[2022-06-13T02:12:00.310+0000][1][safepoint    ] Application time: 1.0001917 seconds
[2022-06-13T02:12:00.310+0000][1][safepoint    ] Entering safepoint region: Cleanup
[2022-06-13T02:12:00.311+0000][1][safepoint    ] Leaving safepoint region
[2022-06-13T02:12:00.311+0000][1][safepoint    ] Total time for which application threads were stopped: 0.0006802 seconds, Stopping threads took: 0.0004108 seconds
[2022-06-13T02:12:01.302+0000][1][safepoint    ] Application time: 0.9908318 seconds
[2022-06-13T02:12:01.302+0000][1][safepoint    ] Entering safepoint region: RevokeBias
[2022-06-13T02:12:01.303+0000][1][safepoint    ] Leaving safepoint region
[2022-06-13T02:12:01.303+0000][1][safepoint    ] Total time for which application threads were stopped: 0.0010117 seconds, Stopping threads took: 0.0004890 seconds
[2022-06-13T02:12:02.304+0000][1][safepoint    ] Application time: 1.0001681 seconds
[2022-06-13T02:12:02.304+0000][1][safepoint    ] Entering safepoint region: Cleanup
[2022-06-13T02:12:02.305+0000][1][safepoint    ] Leaving safepoint region
[2022-06-13T02:12:02.305+0000][1][safepoint    ] Total time for which application threads were stopped: 0.0006388 seconds, Stopping threads took: 0.0002646 seconds
[2022-06-13T02:12:03.305+0000][1][safepoint    ] Application time: 1.0002488 seconds
[2022-06-13T02:12:03.306+0000][1][safepoint    ] Entering safepoint region: Cleanup
[2022-06-13T02:12:03.306+0000][1][safepoint    ] Leaving safepoint region
[2022-06-13T02:12:03.307+0000][1][safepoint    ] Total time for which application threads were stopped: 0.0007907 seconds, Stopping threads took: 0.0003307 seconds
[2022-06-13T02:12:04.307+0000][1][safepoint    ] Application time: 1.0002634 seconds
[2022-06-13T02:12:04.308+0000][1][safepoint    ] Entering safepoint region: Cleanup
[2022-06-13T02:12:04.308+0000][1][safepoint    ] Leaving safepoint region
[2022-06-13T02:12:04.308+0000][1][safepoint    ] Total time for which application threads were stopped: 0.0008023 seconds, Stopping threads took: 0.0003616 seconds
[2022-06-13T02:12:05.309+0000][1][safepoint    ] Application time: 1.0002100 seconds
[2022-06-13T02:12:05.310+0000][1][safepoint    ] Entering safepoint region: Cleanup
[2022-06-13T02:12:05.310+0000][1][safepoint    ] Leaving safepoint region
[2022-06-13T02:12:05.310+0000][1][safepoint    ] Total time for which application threads were stopped: 0.0006351 seconds, Stopping threads took: 0.0002969 seconds
[2022-06-13T02:12:06.311+0000][1][safepoint    ] Application time: 1.0002249 seconds
[2022-06-13T02:12:06.311+0000][1][safepoint    ] Entering safepoint region: Cleanup
[2022-06-13T02:12:06.312+0000][1][safepoint    ] Leaving safepoint region
[2022-06-13T02:12:06.312+0000][1][safepoint    ] Total time for which application threads were stopped: 0.0009081 seconds, Stopping threads took: 0.0004037 seconds
[2022-06-13T02:12:07.313+0000][1][safepoint    ] Application time: 1.0001627 seconds
[2022-06-13T02:12:07.313+0000][1][safepoint    ] Entering safepoint region: Cleanup
[2022-06-13T02:12:07.314+0000][1][safepoint    ] Leaving safepoint region
[2022-06-13T02:12:07.314+0000][1][safepoint    ] Total time for which application threads were stopped: 0.0008331 seconds, Stopping threads took: 0.0003021 seconds
[2022-06-13T02:12:08.315+0000][1][safepoint    ] Application time: 1.0002395 seconds
[2022-06-13T02:12:08.315+0000][1][safepoint    ] Entering safepoint region: Cleanup
[2022-06-13T02:12:08.316+0000][1][safepoint    ] Leaving safepoint region
[2022-06-13T02:12:08.316+0000][1][safepoint    ] Total time for which application threads were stopped: 0.0008878 seconds, Stopping threads took: 0.0003556 seconds
[2022-06-13T02:12:09.317+0000][1][safepoint    ] Application time: 1.0003315 seconds
[2022-06-13T02:12:09.318+0000][1][safepoint    ] Entering safepoint region: Cleanup
[2022-06-13T02:12:09.319+0000][1][safepoint    ] Leaving safepoint region
[2022-06-13T02:12:09.319+0000][1][safepoint    ] Total time for which application threads were stopped: 0.0014414 seconds, Stopping threads took: 0.0007333 seconds
[2022-06-13T02:12:10.320+0000][1][safepoint    ] Application time: 1.0002025 seconds
[2022-06-13T02:12:10.321+0000][1][safepoint    ] Entering safepoint region: Cleanup
[2022-06-13T02:12:10.321+0000][1][safepoint    ] Leaving safepoint region
[2022-06-13T02:12:10.321+0000][1][safepoint    ] Total time for which application threads were stopped: 0.0007905 seconds, Stopping threads took: 0.0003818 seconds
[2022-06-13T02:12:11.322+0000][1][safepoint    ] Application time: 1.0002377 seconds
[2022-06-13T02:12:11.322+0000][1][safepoint    ] Entering safepoint region: Cleanup
[2022-06-13T02:12:11.323+0000][1][safepoint    ] Leaving safepoint region
[2022-06-13T02:12:11.323+0000][1][safepoint    ] Total time for which application threads were stopped: 0.0009802 seconds, Stopping threads took: 0.0004568 seconds
[2022-06-13T02:12:12.324+0000][1][safepoint    ] Application time: 1.0002042 seconds
[2022-06-13T02:12:12.325+0000][1][safepoint    ] Entering safepoint region: Cleanup
[2022-06-13T02:12:12.325+0000][1][safepoint    ] Leaving safepoint region
[2022-06-13T02:12:12.326+0000][1][safepoint    ] Total time for which application threads were stopped: 0.0010171 seconds, Stopping threads took: 0.0004054 seconds
[2022-06-13T02:12:13.327+0000][1][safepoint    ] Application time: 1.0002930 seconds
[2022-06-13T02:12:13.327+0000][1][safepoint    ] Entering safepoint region: Cleanup
[2022-06-13T02:12:13.328+0000][1][safepoint    ] Leaving safepoint region
[2022-06-13T02:12:13.328+0000][1][safepoint    ] Total time for which application threads were stopped: 0.0007806 seconds, Stopping threads took: 0.0003513 seconds
[2022-06-13T02:12:14.329+0000][1][safepoint    ] Application time: 1.0003519 seconds
[2022-06-13T02:12:14.329+0000][1][safepoint    ] Entering safepoint region: Cleanup
[2022-06-13T02:12:14.330+0000][1][safepoint    ] Leaving safepoint region
[2022-06-13T02:12:14.330+0000][1][safepoint    ] Total time for which application threads were stopped: 0.0005857 seconds, Stopping threads took: 0.0002787 seconds
[2022-06-13T02:12:15.331+0000][1][safepoint    ] Application time: 1.0003716 seconds
[2022-06-13T02:12:15.331+0000][1][safepoint    ] Entering safepoint region: Cleanup
[2022-06-13T02:12:15.332+0000][1][safepoint    ] Leaving safepoint region
[2022-06-13T02:12:15.332+0000][1][safepoint    ] Total time for which application threads were stopped: 0.0009079 seconds, Stopping threads took: 0.0004024 seconds
[2022-06-13T02:12:16.333+0000][1][safepoint    ] Application time: 1.0001755 seconds
[2022-06-13T02:12:16.333+0000][1][safepoint    ] Entering safepoint region: Cleanup
[2022-06-13T02:12:16.333+0000][1][safepoint    ] Leaving safepoint region
[2022-06-13T02:12:16.334+0000][1][safepoint    ] Total time for which application threads were stopped: 0.0006029 seconds, Stopping threads took: 0.0002437 seconds
[2022-06-13T02:12:17.334+0000][1][safepoint    ] Application time: 1.0001583 seconds
[2022-06-13T02:12:17.334+0000][1][safepoint    ] Entering safepoint region: Cleanup
[2022-06-13T02:12:17.335+0000][1][safepoint    ] Leaving safepoint region
[2022-06-13T02:12:17.335+0000][1][safepoint    ] Total time for which application threads were stopped: 0.0008397 seconds, Stopping threads took: 0.0004397 seconds
[2022-06-13T02:12:18.336+0000][1][safepoint    ] Application time: 1.0002552 seconds
[2022-06-13T02:12:18.336+0000][1][safepoint    ] Entering safepoint region: Cleanup
[2022-06-13T02:12:18.337+0000][1][safepoint    ] Leaving safepoint region
[2022-06-13T02:12:18.337+0000][1][safepoint    ] Total time for which application threads were stopped: 0.0007773 seconds, Stopping threads took: 0.0003578 seconds
[2022-06-13T02:12:19.338+0000][1][safepoint    ] Application time: 1.0001387 seconds
[2022-06-13T02:12:19.338+0000][1][safepoint    ] Entering safepoint region: Cleanup
[2022-06-13T02:12:19.338+0000][1][safepoint    ] Leaving safepoint region
[2022-06-13T02:12:19.338+0000][1][safepoint    ] Total time for which application threads were stopped: 0.0005302 seconds, Stopping threads took: 0.0002116 seconds
[2022-06-13T02:12:20.339+0000][1][safepoint    ] Application time: 1.0001542 seconds
[2022-06-13T02:12:20.339+0000][1][safepoint    ] Entering safepoint region: Cleanup
[2022-06-13T02:12:20.339+0000][1][safepoint    ] Leaving safepoint region
[2022-06-13T02:12:20.340+0000][1][safepoint    ] Total time for which application threads were stopped: 0.0006187 seconds, Stopping threads took: 0.0003209 seconds
[2022-06-13T02:12:21.340+0000][1][safepoint    ] Application time: 1.0003270 seconds
[2022-06-13T02:12:21.341+0000][1][safepoint    ] Entering safepoint region: Cleanup
[2022-06-13T02:12:21.342+0000][1][safepoint    ] Leaving safepoint region
[2022-06-13T02:12:21.342+0000][1][safepoint    ] Total time for which application threads were stopped: 0.0014799 seconds, Stopping threads took: 0.0006492 seconds
[2022-06-13T02:12:22.343+0000][1][safepoint    ] Application time: 1.0001401 seconds
[2022-06-13T02:12:22.344+0000][1][safepoint    ] Entering safepoint region: Cleanup
[2022-06-13T02:12:22.344+0000][1][safepoint    ] Leaving safepoint region
[2022-06-13T02:12:22.344+0000][1][safepoint    ] Total time for which application threads were stopped: 0.0005900 seconds, Stopping threads took: 0.0002725 seconds
[2022-06-13T02:12:23.345+0000][1][safepoint    ] Application time: 1.0002305 seconds
[2022-06-13T02:12:23.345+0000][1][safepoint    ] Entering safepoint region: Cleanup
[2022-06-13T02:12:23.346+0000][1][safepoint    ] Leaving safepoint region
[2022-06-13T02:12:23.346+0000][1][safepoint    ] Total time for which application threads were stopped: 0.0007808 seconds, Stopping threads took: 0.0003371 seconds
[2022-06-13T02:12:24.347+0000][1][safepoint    ] Application time: 1.0001969 seconds
[2022-06-13T02:12:24.347+0000][1][safepoint    ] Entering safepoint region: Cleanup
[2022-06-13T02:12:24.348+0000][1][safepoint    ] Leaving safepoint region
[2022-06-13T02:12:24.348+0000][1][safepoint    ] Total time for which application threads were stopped: 0.0008813 seconds, Stopping threads took: 0.0003469 seconds
[2022-06-13T02:12:25.349+0000][1][safepoint    ] Application time: 1.0001420 seconds
[2022-06-13T02:12:25.349+0000][1][safepoint    ] Entering safepoint region: Cleanup
[2022-06-13T02:12:25.350+0000][1][safepoint    ] Leaving safepoint region
[2022-06-13T02:12:25.350+0000][1][safepoint    ] Total time for which application threads were stopped: 0.0007036 seconds, Stopping threads took: 0.0002898 seconds
[2022-06-13T02:12:26.350+0000][1][safepoint    ] Application time: 1.0001301 seconds
[2022-06-13T02:12:26.351+0000][1][safepoint    ] Entering safepoint region: Cleanup
[2022-06-13T02:12:26.351+0000][1][safepoint    ] Leaving safepoint region
[2022-06-13T02:12:26.351+0000][1][safepoint    ] Total time for which application threads were stopped: 0.0004736 seconds, Stopping threads took: 0.0002127 seconds
[2022-06-13T02:12:27.352+0000][1][safepoint    ] Application time: 1.0001611 seconds
[2022-06-13T02:12:27.352+0000][1][safepoint    ] Entering safepoint region: Cleanup
[2022-06-13T02:12:27.353+0000][1][safepoint    ] Leaving safepoint region
[2022-06-13T02:12:27.353+0000][1][safepoint    ] Total time for which application threads were stopped: 0.0010221 seconds, Stopping threads took: 0.0004602 seconds
[2022-06-13T02:12:28.354+0000][1][safepoint    ] Application time: 1.0000917 seconds
[2022-06-13T02:12:28.354+0000][1][safepoint    ] Entering safepoint region: Cleanup
[2022-06-13T02:12:28.355+0000][1][safepoint    ] Leaving safepoint region
[2022-06-13T02:12:28.355+0000][1][safepoint    ] Total time for which application threads were stopped: 0.0006527 seconds, Stopping threads took: 0.0003140 seconds
[2022-06-13T02:12:29.355+0000][1][safepoint    ] Application time: 1.0001387 seconds
[2022-06-13T02:12:29.356+0000][1][safepoint    ] Entering safepoint region: Cleanup
[2022-06-13T02:12:29.356+0000][1][safepoint    ] Leaving safepoint region
[2022-06-13T02:12:29.356+0000][1][safepoint    ] Total time for which application threads were stopped: 0.0005916 seconds, Stopping threads took: 0.0002514 seconds
[2022-06-13T02:12:30.357+0000][1][safepoint    ] Application time: 1.0001641 seconds
[2022-06-13T02:12:30.357+0000][1][safepoint    ] Entering safepoint region: Cleanup
[2022-06-13T02:12:30.358+0000][1][safepoint    ] Leaving safepoint region
[2022-06-13T02:12:30.358+0000][1][safepoint    ] Total time for which application threads were stopped: 0.0006293 seconds, Stopping threads took: 0.0002763 seconds
[2022-06-13T02:12:31.358+0000][1][safepoint    ] Application time: 1.0001801 seconds
[2022-06-13T02:12:31.359+0000][1][safepoint    ] Entering safepoint region: Cleanup
[2022-06-13T02:12:31.359+0000][1][safepoint    ] Leaving safepoint region
[2022-06-13T02:12:31.360+0000][1][safepoint    ] Total time for which application threads were stopped: 0.0007631 seconds, Stopping threads took: 0.0002494 seconds
[2022-06-13T02:12:32.360+0000][1][safepoint    ] Application time: 1.0001847 seconds
[2022-06-13T02:12:32.361+0000][1][safepoint    ] Entering safepoint region: Cleanup
[2022-06-13T02:12:32.362+0000][1][safepoint    ] Leaving safepoint region
[2022-06-13T02:12:32.362+0000][1][safepoint    ] Total time for which application threads were stopped: 0.0011783 seconds, Stopping threads took: 0.0006485 seconds
[2022-06-13T02:12:35.363+0000][1][safepoint    ] Application time: 3.0004644 seconds
[2022-06-13T02:12:35.363+0000][1][safepoint    ] Entering safepoint region: Cleanup
[2022-06-13T02:12:35.364+0000][1][safepoint    ] Leaving safepoint region
[2022-06-13T02:12:35.364+0000][1][safepoint    ] Total time for which application threads were stopped: 0.0003503 seconds, Stopping threads took: 0.0001302 seconds
[2022-06-13T02:12:36.364+0000][1][safepoint    ] Application time: 1.0002170 seconds
[2022-06-13T02:12:36.364+0000][1][safepoint    ] Entering safepoint region: Cleanup
[2022-06-13T02:12:36.365+0000][1][safepoint    ] Leaving safepoint region
[2022-06-13T02:12:36.365+0000][1][safepoint    ] Total time for which application threads were stopped: 0.0005732 seconds, Stopping threads took: 0.0001809 seconds
[2022-06-13T02:12:37.365+0000][1][safepoint    ] Application time: 1.0001862 seconds
[2022-06-13T02:12:37.366+0000][1][safepoint    ] Entering safepoint region: Cleanup
[2022-06-13T02:12:37.366+0000][1][safepoint    ] Leaving safepoint region
[2022-06-13T02:12:37.366+0000][1][safepoint    ] Total time for which application threads were stopped: 0.0005350 seconds, Stopping threads took: 0.0002368 seconds
[2022-06-13T02:12:38.367+0000][1][safepoint    ] Application time: 1.0001076 seconds
[2022-06-13T02:12:38.367+0000][1][safepoint    ] Entering safepoint region: Cleanup
[2022-06-13T02:12:38.367+0000][1][safepoint    ] Leaving safepoint region
[2022-06-13T02:12:38.368+0000][1][safepoint    ] Total time for which application threads were stopped: 0.0006066 seconds, Stopping threads took: 0.0002064 seconds
[2022-06-13T02:12:39.368+0000][1][safepoint    ] Application time: 1.0001871 seconds
[2022-06-13T02:12:39.368+0000][1][safepoint    ] Entering safepoint region: Cleanup
[2022-06-13T02:12:39.369+0000][1][safepoint    ] Leaving safepoint region
[2022-06-13T02:12:39.369+0000][1][safepoint    ] Total time for which application threads were stopped: 0.0006510 seconds, Stopping threads took: 0.0003012 seconds
[2022-06-13T02:12:40.369+0000][1][safepoint    ] Application time: 1.0002318 seconds
[2022-06-13T02:12:40.370+0000][1][safepoint    ] Entering safepoint region: Cleanup
[2022-06-13T02:12:40.371+0000][1][safepoint    ] Leaving safepoint region
[2022-06-13T02:12:40.371+0000][1][safepoint    ] Total time for which application threads were stopped: 0.0009290 seconds, Stopping threads took: 0.0004209 seconds
[2022-06-13T02:12:41.371+0000][1][safepoint    ] Application time: 1.0001713 seconds
[2022-06-13T02:12:41.373+0000][1][safepoint    ] Entering safepoint region: Cleanup
[2022-06-13T02:12:41.374+0000][1][safepoint    ] Leaving safepoint region
[2022-06-13T02:12:41.374+0000][1][safepoint    ] Total time for which application threads were stopped: 0.0017493 seconds, Stopping threads took: 0.0007852 seconds
[2022-06-13T02:12:42.375+0000][1][safepoint    ] Application time: 1.0001587 seconds
[2022-06-13T02:12:42.375+0000][1][safepoint    ] Entering safepoint region: Cleanup
[2022-06-13T02:12:42.375+0000][1][safepoint    ] Leaving safepoint region
[2022-06-13T02:12:42.376+0000][1][safepoint    ] Total time for which application threads were stopped: 0.0006575 seconds, Stopping threads took: 0.0002099 seconds
[2022-06-13T02:12:43.376+0000][1][safepoint    ] Application time: 1.0001345 seconds
[2022-06-13T02:12:43.376+0000][1][safepoint    ] Entering safepoint region: Cleanup
[2022-06-13T02:12:43.377+0000][1][safepoint    ] Leaving safepoint region
[2022-06-13T02:12:43.377+0000][1][safepoint    ] Total time for which application threads were stopped: 0.0005594 seconds, Stopping threads took: 0.0002384 seconds
[2022-06-13T02:12:44.377+0000][1][safepoint    ] Application time: 1.0001653 seconds
[2022-06-13T02:12:44.377+0000][1][safepoint    ] Entering safepoint region: Cleanup
[2022-06-13T02:12:44.378+0000][1][safepoint    ] Leaving safepoint region
[2022-06-13T02:12:44.378+0000][1][safepoint    ] Total time for which application threads were stopped: 0.0006225 seconds, Stopping threads took: 0.0002561 seconds
[2022-06-13T02:12:45.378+0000][1][safepoint    ] Application time: 1.0001441 seconds
[2022-06-13T02:12:45.379+0000][1][safepoint    ] Entering safepoint region: Cleanup
[2022-06-13T02:12:45.379+0000][1][safepoint    ] Leaving safepoint region
[2022-06-13T02:12:45.379+0000][1][safepoint    ] Total time for which application threads were stopped: 0.0005385 seconds, Stopping threads took: 0.0002085 seconds
[2022-06-13T02:12:46.380+0000][1][safepoint    ] Application time: 1.0001098 seconds
[2022-06-13T02:12:46.380+0000][1][safepoint    ] Entering safepoint region: Cleanup
[2022-06-13T02:12:46.380+0000][1][safepoint    ] Leaving safepoint region
[2022-06-13T02:12:46.381+0000][1][safepoint    ] Total time for which application threads were stopped: 0.0006499 seconds, Stopping threads took: 0.0003240 seconds
[2022-06-13T02:12:47.381+0000][1][safepoint    ] Application time: 1.0001860 seconds
[2022-06-13T02:12:47.382+0000][1][safepoint    ] Entering safepoint region: Cleanup
[2022-06-13T02:12:47.382+0000][1][safepoint    ] Leaving safepoint region
[2022-06-13T02:12:47.383+0000][1][safepoint    ] Total time for which application threads were stopped: 0.0009239 seconds, Stopping threads took: 0.0004163 seconds
[2022-06-13T02:12:48.383+0000][1][safepoint    ] Application time: 1.0002201 seconds
[2022-06-13T02:12:48.384+0000][1][safepoint    ] Entering safepoint region: Cleanup
[2022-06-13T02:12:48.385+0000][1][safepoint    ] Leaving safepoint region
[2022-06-13T02:12:48.385+0000][1][safepoint    ] Total time for which application threads were stopped: 0.0011858 seconds, Stopping threads took: 0.0004263 seconds
[2022-06-13T02:12:49.386+0000][1][safepoint    ] Application time: 1.0001283 seconds
[2022-06-13T02:12:49.386+0000][1][safepoint    ] Entering safepoint region: Cleanup
[2022-06-13T02:12:49.386+0000][1][safepoint    ] Leaving safepoint region
[2022-06-13T02:12:49.387+0000][1][safepoint    ] Total time for which application threads were stopped: 0.0006824 seconds, Stopping threads took: 0.0002630 seconds
[2022-06-13T02:12:50.387+0000][1][safepoint    ] Application time: 1.0001261 seconds
[2022-06-13T02:12:50.387+0000][1][safepoint    ] Entering safepoint region: Cleanup
[2022-06-13T02:12:50.388+0000][1][safepoint    ] Leaving safepoint region
[2022-06-13T02:12:50.388+0000][1][safepoint    ] Total time for which application threads were stopped: 0.0003372 seconds, Stopping threads took: 0.0001446 seconds
[2022-06-13T02:12:51.388+0000][1][safepoint    ] Application time: 1.0001519 seconds
[2022-06-13T02:12:51.389+0000][1][safepoint    ] Entering safepoint region: Cleanup
[2022-06-13T02:12:51.389+0000][1][safepoint    ] Leaving safepoint region
[2022-06-13T02:12:51.389+0000][1][safepoint    ] Total time for which application threads were stopped: 0.0008780 seconds, Stopping threads took: 0.0003957 seconds
[2022-06-13T02:12:52.390+0000][1][safepoint    ] Application time: 1.0002334 seconds
[2022-06-13T02:12:52.391+0000][1][safepoint    ] Entering safepoint region: Cleanup
[2022-06-13T02:12:52.391+0000][1][safepoint    ] Leaving safepoint region
[2022-06-13T02:12:52.391+0000][1][safepoint    ] Total time for which application threads were stopped: 0.0007739 seconds, Stopping threads took: 0.0003277 seconds
[2022-06-13T02:12:53.392+0000][1][safepoint    ] Application time: 1.0002916 seconds
[2022-06-13T02:12:53.393+0000][1][safepoint    ] Entering safepoint region: Cleanup
[2022-06-13T02:12:53.393+0000][1][safepoint    ] Leaving safepoint region
[2022-06-13T02:12:53.394+0000][1][safepoint    ] Total time for which application threads were stopped: 0.0011177 seconds, Stopping threads took: 0.0005472 seconds
[2022-06-13T02:12:54.394+0000][1][safepoint    ] Application time: 1.0001599 seconds
[2022-06-13T02:12:54.394+0000][1][safepoint    ] Entering safepoint region: Cleanup
[2022-06-13T02:12:54.395+0000][1][safepoint    ] Leaving safepoint region
[2022-06-13T02:12:54.395+0000][1][safepoint    ] Total time for which application threads were stopped: 0.0004939 seconds, Stopping threads took: 0.0002525 seconds
[2022-06-13T02:12:55.395+0000][1][safepoint    ] Application time: 1.0002469 seconds
[2022-06-13T02:12:55.396+0000][1][safepoint    ] Entering safepoint region: Cleanup
[2022-06-13T02:12:55.396+0000][1][safepoint    ] Leaving safepoint region
[2022-06-13T02:12:55.397+0000][1][safepoint    ] Total time for which application threads were stopped: 0.0010456 seconds, Stopping threads took: 0.0004872 seconds
[2022-06-13T02:12:56.397+0000][1][safepoint    ] Application time: 1.0001201 seconds
[2022-06-13T02:12:56.398+0000][1][safepoint    ] Entering safepoint region: Cleanup
[2022-06-13T02:12:56.398+0000][1][safepoint    ] Leaving safepoint region
[2022-06-13T02:12:56.398+0000][1][safepoint    ] Total time for which application threads were stopped: 0.0004373 seconds, Stopping threads took: 0.0002082 seconds
[2022-06-13T02:12:57.399+0000][1][safepoint    ] Application time: 1.0003439 seconds
[2022-06-13T02:12:57.399+0000][1][safepoint    ] Entering safepoint region: Cleanup
[2022-06-13T02:12:57.400+0000][1][safepoint    ] Leaving safepoint region
[2022-06-13T02:12:57.400+0000][1][safepoint    ] Total time for which application threads were stopped: 0.0007836 seconds, Stopping threads took: 0.0003566 seconds
[2022-06-13T02:12:58.401+0000][1][safepoint    ] Application time: 1.0001384 seconds
[2022-06-13T02:12:58.401+0000][1][safepoint    ] Entering safepoint region: Cleanup
[2022-06-13T02:12:58.402+0000][1][safepoint    ] Leaving safepoint region
[2022-06-13T02:12:58.402+0000][1][safepoint    ] Total time for which application threads were stopped: 0.0008526 seconds, Stopping threads took: 0.0004312 seconds
[2022-06-13T02:12:59.402+0000][1][safepoint    ] Application time: 1.0001010 seconds
[2022-06-13T02:12:59.403+0000][1][safepoint    ] Entering safepoint region: Cleanup
[2022-06-13T02:12:59.404+0000][1][safepoint    ] Leaving safepoint region
[2022-06-13T02:12:59.404+0000][1][safepoint    ] Total time for which application threads were stopped: 0.0017616 seconds, Stopping threads took: 0.0009253 seconds
[2022-06-13T02:13:00.405+0000][1][safepoint    ] Application time: 1.0004036 seconds
[2022-06-13T02:13:00.406+0000][1][safepoint    ] Entering safepoint region: Cleanup
[2022-06-13T02:13:00.407+0000][1][safepoint    ] Leaving safepoint region
[2022-06-13T02:13:00.407+0000][1][safepoint    ] Total time for which application threads were stopped: 0.0010466 seconds, Stopping threads took: 0.0005657 seconds
[2022-06-13T02:13:01.408+0000][1][safepoint    ] Application time: 1.0002763 seconds
[2022-06-13T02:13:01.408+0000][1][safepoint    ] Entering safepoint region: Cleanup
[2022-06-13T02:13:01.409+0000][1][safepoint    ] Leaving safepoint region
[2022-06-13T02:13:01.409+0000][1][safepoint    ] Total time for which application threads were stopped: 0.0009343 seconds, Stopping threads took: 0.0004213 seconds
[2022-06-13T02:13:02.410+0000][1][safepoint    ] Application time: 1.0002354 seconds
[2022-06-13T02:13:02.410+0000][1][safepoint    ] Entering safepoint region: Cleanup
[2022-06-13T02:13:02.410+0000][1][safepoint    ] Leaving safepoint region
[2022-06-13T02:13:02.411+0000][1][safepoint    ] Total time for which application threads were stopped: 0.0006597 seconds, Stopping threads took: 0.0002584 seconds
[2022-06-13T02:13:03.411+0000][1][safepoint    ] Application time: 1.0002166 seconds
[2022-06-13T02:13:03.412+0000][1][safepoint    ] Entering safepoint region: Cleanup
[2022-06-13T02:13:03.412+0000][1][safepoint    ] Leaving safepoint region
[2022-06-13T02:13:03.413+0000][1][safepoint    ] Total time for which application threads were stopped: 0.0008786 seconds, Stopping threads took: 0.0004546 seconds
[2022-06-13T02:13:04.413+0000][1][safepoint    ] Application time: 1.0002291 seconds
[2022-06-13T02:13:04.414+0000][1][safepoint    ] Entering safepoint region: Cleanup
[2022-06-13T02:13:04.414+0000][1][safepoint    ] Leaving safepoint region
[2022-06-13T02:13:04.414+0000][1][safepoint    ] Total time for which application threads were stopped: 0.0007931 seconds, Stopping threads took: 0.0003491 seconds
[2022-06-13T02:13:05.415+0000][1][safepoint    ] Application time: 1.0001840 seconds
[2022-06-13T02:13:05.415+0000][1][safepoint    ] Entering safepoint region: Cleanup
[2022-06-13T02:13:05.416+0000][1][safepoint    ] Leaving safepoint region
[2022-06-13T02:13:05.416+0000][1][safepoint    ] Total time for which application threads were stopped: 0.0009906 seconds, Stopping threads took: 0.0004287 seconds
[2022-06-13T02:13:06.417+0000][1][safepoint    ] Application time: 1.0002703 seconds
[2022-06-13T02:13:06.418+0000][1][safepoint    ] Entering safepoint region: Cleanup
[2022-06-13T02:13:06.418+0000][1][safepoint    ] Leaving safepoint region
[2022-06-13T02:13:06.419+0000][1][safepoint    ] Total time for which application threads were stopped: 0.0011299 seconds, Stopping threads took: 0.0004608 seconds
[2022-06-13T02:13:07.420+0000][1][safepoint    ] Application time: 1.0002327 seconds
[2022-06-13T02:13:07.421+0000][1][safepoint    ] Entering safepoint region: Cleanup
[2022-06-13T02:13:07.421+0000][1][safepoint    ] Leaving safepoint region
[2022-06-13T02:13:07.422+0000][1][safepoint    ] Total time for which application threads were stopped: 0.0012269 seconds, Stopping threads took: 0.0004339 seconds
[2022-06-13T02:13:08.423+0000][1][safepoint    ] Application time: 1.0003167 seconds
[2022-06-13T02:13:08.423+0000][1][safepoint    ] Entering safepoint region: Cleanup
[2022-06-13T02:13:08.424+0000][1][safepoint    ] Leaving safepoint region
[2022-06-13T02:13:08.424+0000][1][safepoint    ] Total time for which application threads were stopped: 0.0006933 seconds, Stopping threads took: 0.0003692 seconds
[2022-06-13T02:13:09.424+0000][1][safepoint    ] Application time: 1.0002883 seconds
[2022-06-13T02:13:09.425+0000][1][safepoint    ] Entering safepoint region: Cleanup
[2022-06-13T02:13:09.425+0000][1][safepoint    ] Leaving safepoint region
[2022-06-13T02:13:09.426+0000][1][safepoint    ] Total time for which application threads were stopped: 0.0006132 seconds, Stopping threads took: 0.0002106 seconds
[2022-06-13T02:13:10.426+0000][1][safepoint    ] Application time: 1.0002006 seconds
[2022-06-13T02:13:10.427+0000][1][safepoint    ] Entering safepoint region: Cleanup
[2022-06-13T02:13:10.427+0000][1][safepoint    ] Leaving safepoint region
[2022-06-13T02:13:10.428+0000][1][safepoint    ] Total time for which application threads were stopped: 0.0010080 seconds, Stopping threads took: 0.0004492 seconds
[2022-06-13T02:13:11.428+0000][1][safepoint    ] Application time: 1.0001484 seconds
[2022-06-13T02:13:11.429+0000][1][safepoint    ] Entering safepoint region: Cleanup
[2022-06-13T02:13:11.429+0000][1][safepoint    ] Leaving safepoint region
[2022-06-13T02:13:11.430+0000][1][safepoint    ] Total time for which application threads were stopped: 0.0008930 seconds, Stopping threads took: 0.0004402 seconds
[2022-06-13T02:13:12.430+0000][1][safepoint    ] Application time: 1.0002970 seconds
[2022-06-13T02:13:12.431+0000][1][safepoint    ] Entering safepoint region: Cleanup
[2022-06-13T02:13:12.432+0000][1][safepoint    ] Leaving safepoint region
[2022-06-13T02:13:12.432+0000][1][safepoint    ] Total time for which application threads were stopped: 0.0012130 seconds, Stopping threads took: 0.0005520 seconds
[2022-06-13T02:13:13.331+0000][1][safepoint    ] Application time: 0.8987031 seconds
[2022-06-13T02:13:13.332+0000][1][safepoint    ] Entering safepoint region: GenCollectForAllocation
[2022-06-13T02:13:13.332+0000][1][gc,start     ] GC(22) Pause Young (Allocation Failure)
[2022-06-13T02:13:13.333+0000][1][gc,task      ] GC(22) Using 5 workers of 13 for evacuation
[2022-06-13T02:13:13.338+0000][1][gc,age       ] GC(22) Desired survivor size 4456448 bytes, new threshold 6 (max threshold 6)
[2022-06-13T02:13:13.338+0000][1][gc,age       ] GC(22) Age table with threshold 6 (max threshold 6)
[2022-06-13T02:13:13.339+0000][1][gc,age       ] GC(22) - age   1:     608520 bytes,     608520 total
[2022-06-13T02:13:13.339+0000][1][gc,age       ] GC(22) - age   2:    3651496 bytes,    4260016 total
[2022-06-13T02:13:13.339+0000][1][gc,heap      ] GC(22) ParNew: 77655K->6098K(78656K)
[2022-06-13T02:13:13.339+0000][1][gc,heap      ] GC(22) CMS: 62640K->64223K(174784K)
[2022-06-13T02:13:13.340+0000][1][gc,metaspace ] GC(22) Metaspace: 63648K->63648K(1107968K)
[2022-06-13T02:13:13.340+0000][1][gc           ] GC(22) Pause Young (Allocation Failure) 137M->68M(247M) 7.440ms
[2022-06-13T02:13:13.340+0000][1][gc,cpu       ] GC(22) User=0.02s Sys=0.01s Real=0.01s
[2022-06-13T02:13:13.340+0000][1][safepoint    ] Leaving safepoint region
[2022-06-13T02:13:13.341+0000][1][safepoint    ] Total time for which application threads were stopped: 0.0089202 seconds, Stopping threads took: 0.0003654 seconds
[2022-06-13T02:13:14.341+0000][1][safepoint    ] Application time: 1.0001513 seconds
[2022-06-13T02:13:14.342+0000][1][safepoint    ] Entering safepoint region: Cleanup
[2022-06-13T02:13:14.342+0000][1][safepoint    ] Leaving safepoint region
[2022-06-13T02:13:14.342+0000][1][safepoint    ] Total time for which application threads were stopped: 0.0006178 seconds, Stopping threads took: 0.0002765 seconds
[2022-06-13T02:13:15.343+0000][1][safepoint    ] Application time: 1.0001121 seconds
[2022-06-13T02:13:15.343+0000][1][safepoint    ] Entering safepoint region: Cleanup
[2022-06-13T02:13:15.343+0000][1][safepoint    ] Leaving safepoint region
[2022-06-13T02:13:15.344+0000][1][safepoint    ] Total time for which application threads were stopped: 0.0008682 seconds, Stopping threads took: 0.0003291 seconds
[2022-06-13T02:13:16.344+0000][1][safepoint    ] Application time: 1.0001971 seconds
[2022-06-13T02:13:16.345+0000][1][safepoint    ] Entering safepoint region: Cleanup
[2022-06-13T02:13:16.345+0000][1][safepoint    ] Leaving safepoint region
[2022-06-13T02:13:16.346+0000][1][safepoint    ] Total time for which application threads were stopped: 0.0008228 seconds, Stopping threads took: 0.0004134 seconds
[2022-06-13T02:13:17.346+0000][1][safepoint    ] Application time: 1.0002477 seconds
[2022-06-13T02:13:17.347+0000][1][safepoint    ] Entering safepoint region: Cleanup
[2022-06-13T02:13:17.347+0000][1][safepoint    ] Leaving safepoint region
[2022-06-13T02:13:17.348+0000][1][safepoint    ] Total time for which application threads were stopped: 0.0007090 seconds, Stopping threads took: 0.0003619 seconds
[2022-06-13T02:13:18.348+0000][1][safepoint    ] Application time: 1.0001685 seconds
[2022-06-13T02:13:18.348+0000][1][safepoint    ] Entering safepoint region: Cleanup
[2022-06-13T02:13:18.349+0000][1][safepoint    ] Leaving safepoint region
[2022-06-13T02:13:18.349+0000][1][safepoint    ] Total time for which application threads were stopped: 0.0007327 seconds, Stopping threads took: 0.0003148 seconds
[2022-06-13T02:13:19.350+0000][1][safepoint    ] Application time: 1.0001276 seconds
[2022-06-13T02:13:19.350+0000][1][safepoint    ] Entering safepoint region: Cleanup
[2022-06-13T02:13:19.351+0000][1][safepoint    ] Leaving safepoint region
[2022-06-13T02:13:19.351+0000][1][safepoint    ] Total time for which application threads were stopped: 0.0007131 seconds, Stopping threads took: 0.0003065 seconds
[2022-06-13T02:13:20.351+0000][1][safepoint    ] Application time: 1.0001502 seconds
[2022-06-13T02:13:20.352+0000][1][safepoint    ] Entering safepoint region: Cleanup
[2022-06-13T02:13:20.353+0000][1][safepoint    ] Leaving safepoint region
[2022-06-13T02:13:20.353+0000][1][safepoint    ] Total time for which application threads were stopped: 0.0009564 seconds, Stopping threads took: 0.0004800 seconds
[2022-06-13T02:13:21.354+0000][1][safepoint    ] Application time: 1.0001999 seconds
[2022-06-13T02:13:21.354+0000][1][safepoint    ] Entering safepoint region: Cleanup
[2022-06-13T02:13:21.355+0000][1][safepoint    ] Leaving safepoint region
[2022-06-13T02:13:21.355+0000][1][safepoint    ] Total time for which application threads were stopped: 0.0010823 seconds, Stopping threads took: 0.0004967 seconds
[2022-06-13T02:13:22.356+0000][1][safepoint    ] Application time: 1.0001215 seconds
[2022-06-13T02:13:22.356+0000][1][safepoint    ] Entering safepoint region: Cleanup
[2022-06-13T02:13:22.356+0000][1][safepoint    ] Leaving safepoint region
[2022-06-13T02:13:22.357+0000][1][safepoint    ] Total time for which application threads were stopped: 0.0004260 seconds, Stopping threads took: 0.0001572 seconds
[2022-06-13T02:13:23.357+0000][1][safepoint    ] Application time: 1.0002068 seconds
[2022-06-13T02:13:23.357+0000][1][safepoint    ] Entering safepoint region: Cleanup
[2022-06-13T02:13:23.358+0000][1][safepoint    ] Leaving safepoint region
[2022-06-13T02:13:23.359+0000][1][safepoint    ] Total time for which application threads were stopped: 0.0013359 seconds, Stopping threads took: 0.0008268 seconds
[2022-06-13T02:13:24.360+0000][1][safepoint    ] Application time: 1.0001169 seconds
[2022-06-13T02:13:24.360+0000][1][safepoint    ] Entering safepoint region: Cleanup
[2022-06-13T02:13:24.360+0000][1][safepoint    ] Leaving safepoint region
[2022-06-13T02:13:24.361+0000][1][safepoint    ] Total time for which application threads were stopped: 0.0005169 seconds, Stopping threads took: 0.0002222 seconds
[2022-06-13T02:13:25.361+0000][1][safepoint    ] Application time: 1.0001360 seconds
[2022-06-13T02:13:25.361+0000][1][safepoint    ] Entering safepoint region: Cleanup
[2022-06-13T02:13:25.362+0000][1][safepoint    ] Leaving safepoint region
[2022-06-13T02:13:25.362+0000][1][safepoint    ] Total time for which application threads were stopped: 0.0004450 seconds, Stopping threads took: 0.0001663 seconds
[2022-06-13T02:13:26.362+0000][1][safepoint    ] Application time: 1.0001172 seconds
[2022-06-13T02:13:26.362+0000][1][safepoint    ] Entering safepoint region: Cleanup
[2022-06-13T02:13:26.362+0000][1][safepoint    ] Leaving safepoint region
[2022-06-13T02:13:26.363+0000][1][safepoint    ] Total time for which application threads were stopped: 0.0004397 seconds, Stopping threads took: 0.0001789 seconds
[2022-06-13T02:13:27.363+0000][1][safepoint    ] Application time: 1.0001163 seconds
[2022-06-13T02:13:27.364+0000][1][safepoint    ] Entering safepoint region: Cleanup
[2022-06-13T02:13:27.364+0000][1][safepoint    ] Leaving safepoint region
[2022-06-13T02:13:27.365+0000][1][safepoint    ] Total time for which application threads were stopped: 0.0010493 seconds, Stopping threads took: 0.0005007 seconds
[2022-06-13T02:13:28.365+0000][1][safepoint    ] Application time: 1.0001588 seconds
[2022-06-13T02:13:28.365+0000][1][safepoint    ] Entering safepoint region: Cleanup
[2022-06-13T02:13:28.366+0000][1][safepoint    ] Leaving safepoint region
[2022-06-13T02:13:28.366+0000][1][safepoint    ] Total time for which application threads were stopped: 0.0005124 seconds, Stopping threads took: 0.0001540 seconds
[2022-06-13T02:13:29.366+0000][1][safepoint    ] Application time: 1.0001160 seconds
[2022-06-13T02:13:29.366+0000][1][safepoint    ] Entering safepoint region: Cleanup
[2022-06-13T02:13:29.367+0000][1][safepoint    ] Leaving safepoint region
[2022-06-13T02:13:29.367+0000][1][safepoint    ] Total time for which application threads were stopped: 0.0004117 seconds, Stopping threads took: 0.0001735 seconds
[2022-06-13T02:13:30.367+0000][1][safepoint    ] Application time: 1.0001755 seconds
[2022-06-13T02:13:30.368+0000][1][safepoint    ] Entering safepoint region: Cleanup
[2022-06-13T02:13:30.368+0000][1][safepoint    ] Leaving safepoint region
[2022-06-13T02:13:30.368+0000][1][safepoint    ] Total time for which application threads were stopped: 0.0006604 seconds, Stopping threads took: 0.0002921 seconds
[2022-06-13T02:13:31.369+0000][1][safepoint    ] Application time: 1.0001204 seconds
[2022-06-13T02:13:31.370+0000][1][safepoint    ] Entering safepoint region: Cleanup
[2022-06-13T02:13:31.370+0000][1][safepoint    ] Leaving safepoint region
[2022-06-13T02:13:31.371+0000][1][safepoint    ] Total time for which application threads were stopped: 0.0011471 seconds, Stopping threads took: 0.0005157 seconds
[2022-06-13T02:13:32.371+0000][1][safepoint    ] Application time: 1.0003411 seconds
[2022-06-13T02:13:32.372+0000][1][safepoint    ] Entering safepoint region: Cleanup
[2022-06-13T02:13:32.373+0000][1][safepoint    ] Leaving safepoint region
[2022-06-13T02:13:32.373+0000][1][safepoint    ] Total time for which application threads were stopped: 0.0009232 seconds, Stopping threads took: 0.0003621 seconds
[2022-06-13T02:13:33.374+0000][1][safepoint    ] Application time: 1.0001624 seconds
[2022-06-13T02:13:33.374+0000][1][safepoint    ] Entering safepoint region: Cleanup
[2022-06-13T02:13:33.375+0000][1][safepoint    ] Leaving safepoint region
[2022-06-13T02:13:33.375+0000][1][safepoint    ] Total time for which application threads were stopped: 0.0009156 seconds, Stopping threads took: 0.0004104 seconds
[2022-06-13T02:13:34.375+0000][1][safepoint    ] Application time: 1.0001270 seconds
[2022-06-13T02:13:34.376+0000][1][safepoint    ] Entering safepoint region: Cleanup
[2022-06-13T02:13:34.377+0000][1][safepoint    ] Leaving safepoint region
[2022-06-13T02:13:34.377+0000][1][safepoint    ] Total time for which application threads were stopped: 0.0011672 seconds, Stopping threads took: 0.0007497 seconds
[2022-06-13T02:13:35.378+0000][1][safepoint    ] Application time: 1.0002183 seconds
[2022-06-13T02:13:35.378+0000][1][safepoint    ] Entering safepoint region: Cleanup
[2022-06-13T02:13:35.379+0000][1][safepoint    ] Leaving safepoint region
[2022-06-13T02:13:35.379+0000][1][safepoint    ] Total time for which application threads were stopped: 0.0009612 seconds, Stopping threads took: 0.0003825 seconds
[2022-06-13T02:13:36.380+0000][1][safepoint    ] Application time: 1.0002445 seconds
[2022-06-13T02:13:36.380+0000][1][safepoint    ] Entering safepoint region: Cleanup
[2022-06-13T02:13:36.381+0000][1][safepoint    ] Leaving safepoint region
[2022-06-13T02:13:36.381+0000][1][safepoint    ] Total time for which application threads were stopped: 0.0008695 seconds, Stopping threads took: 0.0003644 seconds
[2022-06-13T02:13:37.382+0000][1][safepoint    ] Application time: 1.0001905 seconds
[2022-06-13T02:13:37.382+0000][1][safepoint    ] Entering safepoint region: Cleanup
[2022-06-13T02:13:37.383+0000][1][safepoint    ] Leaving safepoint region
[2022-06-13T02:13:37.383+0000][1][safepoint    ] Total time for which application threads were stopped: 0.0007513 seconds, Stopping threads took: 0.0003816 seconds
[2022-06-13T02:13:38.383+0000][1][safepoint    ] Application time: 1.0002024 seconds
[2022-06-13T02:13:38.384+0000][1][safepoint    ] Entering safepoint region: Cleanup
[2022-06-13T02:13:38.384+0000][1][safepoint    ] Leaving safepoint region
[2022-06-13T02:13:38.384+0000][1][safepoint    ] Total time for which application threads were stopped: 0.0007231 seconds, Stopping threads took: 0.0003514 seconds
[2022-06-13T02:13:39.385+0000][1][safepoint    ] Application time: 1.0001679 seconds
[2022-06-13T02:13:39.385+0000][1][safepoint    ] Entering safepoint region: Cleanup
[2022-06-13T02:13:39.386+0000][1][safepoint    ] Leaving safepoint region
[2022-06-13T02:13:39.386+0000][1][safepoint    ] Total time for which application threads were stopped: 0.0008699 seconds, Stopping threads took: 0.0002814 seconds
[2022-06-13T02:13:40.387+0000][1][safepoint    ] Application time: 1.0002321 seconds
[2022-06-13T02:13:40.387+0000][1][safepoint    ] Entering safepoint region: Cleanup
[2022-06-13T02:13:40.388+0000][1][safepoint    ] Leaving safepoint region
[2022-06-13T02:13:40.388+0000][1][safepoint    ] Total time for which application threads were stopped: 0.0007954 seconds, Stopping threads took: 0.0003672 seconds
[2022-06-13T02:13:41.389+0000][1][safepoint    ] Application time: 1.0002095 seconds
[2022-06-13T02:13:41.389+0000][1][safepoint    ] Entering safepoint region: Cleanup
[2022-06-13T02:13:41.390+0000][1][safepoint    ] Leaving safepoint region
[2022-06-13T02:13:41.390+0000][1][safepoint    ] Total time for which application threads were stopped: 0.0007189 seconds, Stopping threads took: 0.0003755 seconds
[2022-06-13T02:13:42.390+0000][1][safepoint    ] Application time: 1.0002384 seconds
[2022-06-13T02:13:42.391+0000][1][safepoint    ] Entering safepoint region: Cleanup
[2022-06-13T02:13:42.391+0000][1][safepoint    ] Leaving safepoint region
[2022-06-13T02:13:42.392+0000][1][safepoint    ] Total time for which application threads were stopped: 0.0007833 seconds, Stopping threads took: 0.0003852 seconds
[2022-06-13T02:13:43.392+0000][1][safepoint    ] Application time: 1.0001645 seconds
[2022-06-13T02:13:43.392+0000][1][safepoint    ] Entering safepoint region: Cleanup
[2022-06-13T02:13:43.393+0000][1][safepoint    ] Leaving safepoint region
[2022-06-13T02:13:43.393+0000][1][safepoint    ] Total time for which application threads were stopped: 0.0002808 seconds, Stopping threads took: 0.0001073 seconds
[2022-06-13T02:13:44.393+0000][1][safepoint    ] Application time: 1.0001269 seconds
[2022-06-13T02:13:44.393+0000][1][safepoint    ] Entering safepoint region: Cleanup
[2022-06-13T02:13:44.393+0000][1][safepoint    ] Leaving safepoint region
[2022-06-13T02:13:44.394+0000][1][safepoint    ] Total time for which application threads were stopped: 0.0004670 seconds, Stopping threads took: 0.0001761 seconds
[2022-06-13T02:13:45.394+0000][1][safepoint    ] Application time: 1.0001095 seconds
[2022-06-13T02:13:45.394+0000][1][safepoint    ] Entering safepoint region: Cleanup
[2022-06-13T02:13:45.395+0000][1][safepoint    ] Leaving safepoint region
[2022-06-13T02:13:45.396+0000][1][safepoint    ] Total time for which application threads were stopped: 0.0012713 seconds, Stopping threads took: 0.0006622 seconds
[2022-06-13T02:13:46.396+0000][1][safepoint    ] Application time: 1.0003042 seconds
[2022-06-13T02:13:46.397+0000][1][safepoint    ] Entering safepoint region: Cleanup
[2022-06-13T02:13:46.398+0000][1][safepoint    ] Leaving safepoint region
[2022-06-13T02:13:46.398+0000][1][safepoint    ] Total time for which application threads were stopped: 0.0010039 seconds, Stopping threads took: 0.0004323 seconds
[2022-06-13T02:13:47.399+0000][1][safepoint    ] Application time: 1.0001805 seconds
[2022-06-13T02:13:47.399+0000][1][safepoint    ] Entering safepoint region: Cleanup
[2022-06-13T02:13:47.400+0000][1][safepoint    ] Leaving safepoint region
[2022-06-13T02:13:47.400+0000][1][safepoint    ] Total time for which application threads were stopped: 0.0008029 seconds, Stopping threads took: 0.0004078 seconds
[2022-06-13T02:13:48.401+0000][1][safepoint    ] Application time: 1.0003865 seconds
[2022-06-13T02:13:48.402+0000][1][safepoint    ] Entering safepoint region: Cleanup
[2022-06-13T02:13:48.402+0000][1][safepoint    ] Leaving safepoint region
[2022-06-13T02:13:48.402+0000][1][safepoint    ] Total time for which application threads were stopped: 0.0008331 seconds, Stopping threads took: 0.0003841 seconds
[2022-06-13T02:13:49.403+0000][1][safepoint    ] Application time: 1.0002202 seconds
[2022-06-13T02:13:49.403+0000][1][safepoint    ] Entering safepoint region: Cleanup
[2022-06-13T02:13:49.404+0000][1][safepoint    ] Leaving safepoint region
[2022-06-13T02:13:49.404+0000][1][safepoint    ] Total time for which application threads were stopped: 0.0006503 seconds, Stopping threads took: 0.0003270 seconds
[2022-06-13T02:13:50.405+0000][1][safepoint    ] Application time: 1.0002552 seconds
[2022-06-13T02:13:50.405+0000][1][safepoint    ] Entering safepoint region: Cleanup
[2022-06-13T02:13:50.406+0000][1][safepoint    ] Leaving safepoint region
[2022-06-13T02:13:50.406+0000][1][safepoint    ] Total time for which application threads were stopped: 0.0008347 seconds, Stopping threads took: 0.0003946 seconds
[2022-06-13T02:13:51.407+0000][1][safepoint    ] Application time: 1.0001651 seconds
[2022-06-13T02:13:51.407+0000][1][safepoint    ] Entering safepoint region: Cleanup
[2022-06-13T02:13:51.408+0000][1][safepoint    ] Leaving safepoint region
[2022-06-13T02:13:51.408+0000][1][safepoint    ] Total time for which application threads were stopped: 0.0007951 seconds, Stopping threads took: 0.0003760 seconds
[2022-06-13T02:13:52.408+0000][1][safepoint    ] Application time: 1.0001107 seconds
[2022-06-13T02:13:52.411+0000][1][safepoint    ] Entering safepoint region: Cleanup
[2022-06-13T02:13:52.412+0000][1][safepoint    ] Leaving safepoint region
[2022-06-13T02:13:52.412+0000][1][safepoint    ] Total time for which application threads were stopped: 0.0008787 seconds, Stopping threads took: 0.0003675 seconds
[2022-06-13T02:13:53.413+0000][1][safepoint    ] Application time: 1.0002227 seconds
[2022-06-13T02:13:53.414+0000][1][safepoint    ] Entering safepoint region: Cleanup
[2022-06-13T02:13:53.414+0000][1][safepoint    ] Leaving safepoint region
[2022-06-13T02:13:53.414+0000][1][safepoint    ] Total time for which application threads were stopped: 0.0009485 seconds, Stopping threads took: 0.0004540 seconds
[2022-06-13T02:13:54.415+0000][1][safepoint    ] Application time: 1.0001961 seconds
[2022-06-13T02:13:54.416+0000][1][safepoint    ] Entering safepoint region: Cleanup
[2022-06-13T02:13:54.416+0000][1][safepoint    ] Leaving safepoint region
[2022-06-13T02:13:54.417+0000][1][safepoint    ] Total time for which application threads were stopped: 0.0010534 seconds, Stopping threads took: 0.0004481 seconds
[2022-06-13T02:13:55.417+0000][1][safepoint    ] Application time: 1.0002582 seconds
[2022-06-13T02:13:55.418+0000][1][safepoint    ] Entering safepoint region: Cleanup
[2022-06-13T02:13:55.419+0000][1][safepoint    ] Leaving safepoint region
[2022-06-13T02:13:55.419+0000][1][safepoint    ] Total time for which application threads were stopped: 0.0007560 seconds, Stopping threads took: 0.0003638 seconds
[2022-06-13T02:13:56.419+0000][1][safepoint    ] Application time: 1.0001930 seconds
[2022-06-13T02:13:56.420+0000][1][safepoint    ] Entering safepoint region: Cleanup
[2022-06-13T02:13:56.420+0000][1][safepoint    ] Leaving safepoint region
[2022-06-13T02:13:56.421+0000][1][safepoint    ] Total time for which application threads were stopped: 0.0009013 seconds, Stopping threads took: 0.0004279 seconds
[2022-06-13T02:13:57.422+0000][1][safepoint    ] Application time: 1.0003094 seconds
[2022-06-13T02:13:57.422+0000][1][safepoint    ] Entering safepoint region: Cleanup
[2022-06-13T02:13:57.423+0000][1][safepoint    ] Leaving safepoint region
[2022-06-13T02:13:57.423+0000][1][safepoint    ] Total time for which application threads were stopped: 0.0007606 seconds, Stopping threads took: 0.0003009 seconds
[2022-06-13T02:13:58.423+0000][1][safepoint    ] Application time: 1.0001702 seconds
[2022-06-13T02:13:58.424+0000][1][safepoint    ] Entering safepoint region: Cleanup
[2022-06-13T02:13:58.424+0000][1][safepoint    ] Leaving safepoint region
[2022-06-13T02:13:58.425+0000][1][safepoint    ] Total time for which application threads were stopped: 0.0010585 seconds, Stopping threads took: 0.0004867 seconds
[2022-06-13T02:13:59.426+0000][1][safepoint    ] Application time: 1.0002926 seconds
[2022-06-13T02:13:59.426+0000][1][safepoint    ] Entering safepoint region: Cleanup
[2022-06-13T02:13:59.426+0000][1][safepoint    ] Leaving safepoint region
[2022-06-13T02:13:59.427+0000][1][safepoint    ] Total time for which application threads were stopped: 0.0007047 seconds, Stopping threads took: 0.0003101 seconds
[2022-06-13T02:14:00.427+0000][1][safepoint    ] Application time: 1.0002738 seconds
[2022-06-13T02:14:00.428+0000][1][safepoint    ] Entering safepoint region: Cleanup
[2022-06-13T02:14:00.429+0000][1][safepoint    ] Leaving safepoint region
[2022-06-13T02:14:00.429+0000][1][safepoint    ] Total time for which application threads were stopped: 0.0013651 seconds, Stopping threads took: 0.0005874 seconds
[2022-06-13T02:14:01.430+0000][1][safepoint    ] Application time: 1.0002406 seconds
[2022-06-13T02:14:01.431+0000][1][safepoint    ] Entering safepoint region: Cleanup
[2022-06-13T02:14:01.431+0000][1][safepoint    ] Leaving safepoint region
[2022-06-13T02:14:01.432+0000][1][safepoint    ] Total time for which application threads were stopped: 0.0009310 seconds, Stopping threads took: 0.0003984 seconds
[2022-06-13T02:14:02.432+0000][1][safepoint    ] Application time: 1.0002149 seconds
[2022-06-13T02:14:02.433+0000][1][safepoint    ] Entering safepoint region: Cleanup
[2022-06-13T02:14:02.433+0000][1][safepoint    ] Leaving safepoint region
[2022-06-13T02:14:02.434+0000][1][safepoint    ] Total time for which application threads were stopped: 0.0007022 seconds, Stopping threads took: 0.0003082 seconds
[2022-06-13T02:14:03.434+0000][1][safepoint    ] Application time: 1.0002115 seconds
[2022-06-13T02:14:03.435+0000][1][safepoint    ] Entering safepoint region: Cleanup
[2022-06-13T02:14:03.436+0000][1][safepoint    ] Leaving safepoint region
[2022-06-13T02:14:03.436+0000][1][safepoint    ] Total time for which application threads were stopped: 0.0011060 seconds, Stopping threads took: 0.0005211 seconds
[2022-06-13T02:14:04.437+0000][1][safepoint    ] Application time: 1.0001465 seconds
[2022-06-13T02:14:04.437+0000][1][safepoint    ] Entering safepoint region: Cleanup
[2022-06-13T02:14:04.438+0000][1][safepoint    ] Leaving safepoint region
[2022-06-13T02:14:04.438+0000][1][safepoint    ] Total time for which application threads were stopped: 0.0007331 seconds, Stopping threads took: 0.0003538 seconds
[2022-06-13T02:14:05.438+0000][1][safepoint    ] Application time: 1.0002895 seconds
[2022-06-13T02:14:05.439+0000][1][safepoint    ] Entering safepoint region: Cleanup
[2022-06-13T02:14:05.440+0000][1][safepoint    ] Leaving safepoint region
[2022-06-13T02:14:05.440+0000][1][safepoint    ] Total time for which application threads were stopped: 0.0013711 seconds, Stopping threads took: 0.0007311 seconds
[2022-06-13T02:14:06.441+0000][1][safepoint    ] Application time: 1.0003123 seconds
[2022-06-13T02:14:06.442+0000][1][safepoint    ] Entering safepoint region: Cleanup
[2022-06-13T02:14:06.442+0000][1][safepoint    ] Leaving safepoint region
[2022-06-13T02:14:06.443+0000][1][safepoint    ] Total time for which application threads were stopped: 0.0006973 seconds, Stopping threads took: 0.0003410 seconds
[2022-06-13T02:14:07.443+0000][1][safepoint    ] Application time: 1.0001430 seconds
[2022-06-13T02:14:07.444+0000][1][safepoint    ] Entering safepoint region: Cleanup
[2022-06-13T02:14:07.444+0000][1][safepoint    ] Leaving safepoint region
[2022-06-13T02:14:07.444+0000][1][safepoint    ] Total time for which application threads were stopped: 0.0006958 seconds, Stopping threads took: 0.0003122 seconds
[2022-06-13T02:14:08.445+0000][1][safepoint    ] Application time: 1.0003116 seconds
[2022-06-13T02:14:08.445+0000][1][safepoint    ] Entering safepoint region: Cleanup
[2022-06-13T02:14:08.446+0000][1][safepoint    ] Leaving safepoint region
[2022-06-13T02:14:08.447+0000][1][safepoint    ] Total time for which application threads were stopped: 0.0012964 seconds, Stopping threads took: 0.0005216 seconds
[2022-06-13T02:14:09.447+0000][1][safepoint    ] Application time: 1.0001937 seconds
[2022-06-13T02:14:09.448+0000][1][safepoint    ] Entering safepoint region: Cleanup
[2022-06-13T02:14:09.448+0000][1][safepoint    ] Leaving safepoint region
[2022-06-13T02:14:09.449+0000][1][safepoint    ] Total time for which application threads were stopped: 0.0007406 seconds, Stopping threads took: 0.0003363 seconds
[2022-06-13T02:14:10.449+0000][1][safepoint    ] Application time: 1.0002075 seconds
[2022-06-13T02:14:10.450+0000][1][safepoint    ] Entering safepoint region: Cleanup
[2022-06-13T02:14:10.451+0000][1][safepoint    ] Leaving safepoint region
[2022-06-13T02:14:10.451+0000][1][safepoint    ] Total time for which application threads were stopped: 0.0009691 seconds, Stopping threads took: 0.0004301 seconds
[2022-06-13T02:14:11.452+0000][1][safepoint    ] Application time: 1.0002437 seconds
[2022-06-13T02:14:11.452+0000][1][safepoint    ] Entering safepoint region: Cleanup
[2022-06-13T02:14:11.452+0000][1][safepoint    ] Leaving safepoint region
[2022-06-13T02:14:11.453+0000][1][safepoint    ] Total time for which application threads were stopped: 0.0007399 seconds, Stopping threads took: 0.0003596 seconds
[2022-06-13T02:14:12.453+0000][1][safepoint    ] Application time: 1.0003008 seconds
[2022-06-13T02:14:12.454+0000][1][safepoint    ] Entering safepoint region: Cleanup
[2022-06-13T02:14:12.454+0000][1][safepoint    ] Leaving safepoint region
[2022-06-13T02:14:12.454+0000][1][safepoint    ] Total time for which application threads were stopped: 0.0005994 seconds, Stopping threads took: 0.0002626 seconds
[2022-06-13T02:14:13.455+0000][1][safepoint    ] Application time: 1.0002552 seconds
[2022-06-13T02:14:13.455+0000][1][safepoint    ] Entering safepoint region: Cleanup
[2022-06-13T02:14:13.456+0000][1][safepoint    ] Leaving safepoint region
[2022-06-13T02:14:13.457+0000][1][safepoint    ] Total time for which application threads were stopped: 0.0012358 seconds, Stopping threads took: 0.0006097 seconds
[2022-06-13T02:14:14.458+0000][1][safepoint    ] Application time: 1.0002069 seconds
[2022-06-13T02:14:14.458+0000][1][safepoint    ] Entering safepoint region: Cleanup
[2022-06-13T02:14:14.459+0000][1][safepoint    ] Leaving safepoint region
[2022-06-13T02:14:14.459+0000][1][safepoint    ] Total time for which application threads were stopped: 0.0007711 seconds, Stopping threads took: 0.0003724 seconds
[2022-06-13T02:14:15.459+0000][1][safepoint    ] Application time: 1.0001976 seconds
[2022-06-13T02:14:15.460+0000][1][safepoint    ] Entering safepoint region: Cleanup
[2022-06-13T02:14:15.460+0000][1][safepoint    ] Leaving safepoint region
[2022-06-13T02:14:15.461+0000][1][safepoint    ] Total time for which application threads were stopped: 0.0008041 seconds, Stopping threads took: 0.0003525 seconds
[2022-06-13T02:14:16.461+0000][1][safepoint    ] Application time: 1.0001616 seconds
[2022-06-13T02:14:16.462+0000][1][safepoint    ] Entering safepoint region: Cleanup
[2022-06-13T02:14:16.462+0000][1][safepoint    ] Leaving safepoint region
[2022-06-13T02:14:16.463+0000][1][safepoint    ] Total time for which application threads were stopped: 0.0009840 seconds, Stopping threads took: 0.0005192 seconds
[2022-06-13T02:14:17.463+0000][1][safepoint    ] Application time: 1.0002447 seconds
[2022-06-13T02:14:17.464+0000][1][safepoint    ] Entering safepoint region: Cleanup
[2022-06-13T02:14:17.464+0000][1][safepoint    ] Leaving safepoint region
[2022-06-13T02:14:17.465+0000][1][safepoint    ] Total time for which application threads were stopped: 0.0009347 seconds, Stopping threads took: 0.0004637 seconds
[2022-06-13T02:14:18.465+0000][1][safepoint    ] Application time: 1.0003292 seconds
[2022-06-13T02:14:18.466+0000][1][safepoint    ] Entering safepoint region: Cleanup
[2022-06-13T02:14:18.467+0000][1][safepoint    ] Leaving safepoint region
[2022-06-13T02:14:18.468+0000][1][safepoint    ] Total time for which application threads were stopped: 0.0014217 seconds, Stopping threads took: 0.0006909 seconds
[2022-06-13T02:14:19.468+0000][1][safepoint    ] Application time: 1.0002084 seconds
[2022-06-13T02:14:19.469+0000][1][safepoint    ] Entering safepoint region: Cleanup
[2022-06-13T02:14:19.470+0000][1][safepoint    ] Leaving safepoint region
[2022-06-13T02:14:19.470+0000][1][safepoint    ] Total time for which application threads were stopped: 0.0009369 seconds, Stopping threads took: 0.0003271 seconds
[2022-06-13T02:14:20.470+0000][1][safepoint    ] Application time: 1.0001825 seconds
[2022-06-13T02:14:20.471+0000][1][safepoint    ] Entering safepoint region: Cleanup
[2022-06-13T02:14:20.471+0000][1][safepoint    ] Leaving safepoint region
[2022-06-13T02:14:20.472+0000][1][safepoint    ] Total time for which application threads were stopped: 0.0007280 seconds, Stopping threads took: 0.0003310 seconds
[2022-06-13T02:14:21.472+0000][1][safepoint    ] Application time: 1.0002881 seconds
[2022-06-13T02:14:21.473+0000][1][safepoint    ] Entering safepoint region: Cleanup
[2022-06-13T02:14:21.473+0000][1][safepoint    ] Leaving safepoint region
[2022-06-13T02:14:21.473+0000][1][safepoint    ] Total time for which application threads were stopped: 0.0006355 seconds, Stopping threads took: 0.0003048 seconds
[2022-06-13T02:14:22.474+0000][1][safepoint    ] Application time: 1.0001742 seconds
[2022-06-13T02:14:22.474+0000][1][safepoint    ] Entering safepoint region: Cleanup
[2022-06-13T02:14:22.475+0000][1][safepoint    ] Leaving safepoint region
[2022-06-13T02:14:22.475+0000][1][safepoint    ] Total time for which application threads were stopped: 0.0008206 seconds, Stopping threads took: 0.0003799 seconds
[2022-06-13T02:14:23.476+0000][1][safepoint    ] Application time: 1.0002925 seconds
[2022-06-13T02:14:23.477+0000][1][safepoint    ] Entering safepoint region: Cleanup
[2022-06-13T02:14:23.477+0000][1][safepoint    ] Leaving safepoint region
[2022-06-13T02:14:23.478+0000][1][safepoint    ] Total time for which application threads were stopped: 0.0010453 seconds, Stopping threads took: 0.0004696 seconds
[2022-06-13T02:14:24.478+0000][1][safepoint    ] Application time: 1.0002342 seconds
[2022-06-13T02:14:24.479+0000][1][safepoint    ] Entering safepoint region: Cleanup
[2022-06-13T02:14:24.479+0000][1][safepoint    ] Leaving safepoint region
[2022-06-13T02:14:24.480+0000][1][safepoint    ] Total time for which application threads were stopped: 0.0010539 seconds, Stopping threads took: 0.0005137 seconds
[2022-06-13T02:14:25.480+0000][1][safepoint    ] Application time: 1.0001003 seconds
[2022-06-13T02:14:25.481+0000][1][safepoint    ] Entering safepoint region: Cleanup
[2022-06-13T02:14:25.481+0000][1][safepoint    ] Leaving safepoint region
[2022-06-13T02:14:25.482+0000][1][safepoint    ] Total time for which application threads were stopped: 0.0007657 seconds, Stopping threads took: 0.0002862 seconds
[2022-06-13T02:14:26.482+0000][1][safepoint    ] Application time: 1.0002059 seconds
[2022-06-13T02:14:26.482+0000][1][safepoint    ] Entering safepoint region: Cleanup
[2022-06-13T02:14:26.483+0000][1][safepoint    ] Leaving safepoint region
[2022-06-13T02:14:26.483+0000][1][safepoint    ] Total time for which application threads were stopped: 0.0004950 seconds, Stopping threads took: 0.0002089 seconds
[2022-06-13T02:14:27.483+0000][1][safepoint    ] Application time: 1.0001056 seconds
[2022-06-13T02:14:27.484+0000][1][safepoint    ] Entering safepoint region: Cleanup
[2022-06-13T02:14:27.484+0000][1][safepoint    ] Leaving safepoint region
[2022-06-13T02:14:27.484+0000][1][safepoint    ] Total time for which application threads were stopped: 0.0007046 seconds, Stopping threads took: 0.0003208 seconds
[2022-06-13T02:14:28.485+0000][1][safepoint    ] Application time: 1.0001744 seconds
[2022-06-13T02:14:28.485+0000][1][safepoint    ] Entering safepoint region: Cleanup
[2022-06-13T02:14:28.486+0000][1][safepoint    ] Leaving safepoint region
[2022-06-13T02:14:28.486+0000][1][safepoint    ] Total time for which application threads were stopped: 0.0007483 seconds, Stopping threads took: 0.0003438 seconds
[2022-06-13T02:14:29.487+0000][1][safepoint    ] Application time: 1.0001433 seconds
[2022-06-13T02:14:29.487+0000][1][safepoint    ] Entering safepoint region: Cleanup
[2022-06-13T02:14:29.487+0000][1][safepoint    ] Leaving safepoint region
[2022-06-13T02:14:29.487+0000][1][safepoint    ] Total time for which application threads were stopped: 0.0003171 seconds, Stopping threads took: 0.0001430 seconds
[2022-06-13T02:14:30.487+0000][1][safepoint    ] Application time: 1.0001454 seconds
[2022-06-13T02:14:30.488+0000][1][safepoint    ] Entering safepoint region: Cleanup
[2022-06-13T02:14:30.488+0000][1][safepoint    ] Leaving safepoint region
[2022-06-13T02:14:30.489+0000][1][safepoint    ] Total time for which application threads were stopped: 0.0008959 seconds, Stopping threads took: 0.0003560 seconds
[2022-06-13T02:14:31.489+0000][1][safepoint    ] Application time: 1.0002015 seconds
[2022-06-13T02:14:31.490+0000][1][safepoint    ] Entering safepoint region: Cleanup
[2022-06-13T02:14:31.490+0000][1][safepoint    ] Leaving safepoint region
[2022-06-13T02:14:31.491+0000][1][safepoint    ] Total time for which application threads were stopped: 0.0009112 seconds, Stopping threads took: 0.0003945 seconds
[2022-06-13T02:14:32.492+0000][1][safepoint    ] Application time: 1.0002547 seconds
[2022-06-13T02:14:32.492+0000][1][safepoint    ] Entering safepoint region: Cleanup
[2022-06-13T02:14:32.493+0000][1][safepoint    ] Leaving safepoint region
[2022-06-13T02:14:32.493+0000][1][safepoint    ] Total time for which application threads were stopped: 0.0008905 seconds, Stopping threads took: 0.0004414 seconds
[2022-06-13T02:14:33.494+0000][1][safepoint    ] Application time: 1.0003623 seconds
[2022-06-13T02:14:33.495+0000][1][safepoint    ] Entering safepoint region: Cleanup
[2022-06-13T02:14:33.495+0000][1][safepoint    ] Leaving safepoint region
[2022-06-13T02:14:33.495+0000][1][safepoint    ] Total time for which application threads were stopped: 0.0009993 seconds, Stopping threads took: 0.0004307 seconds
[2022-06-13T02:14:34.496+0000][1][safepoint    ] Application time: 1.0002246 seconds
[2022-06-13T02:14:34.497+0000][1][safepoint    ] Entering safepoint region: Cleanup
[2022-06-13T02:14:34.498+0000][1][safepoint    ] Leaving safepoint region
[2022-06-13T02:14:34.498+0000][1][safepoint    ] Total time for which application threads were stopped: 0.0010002 seconds, Stopping threads took: 0.0004894 seconds
[2022-06-13T02:14:35.499+0000][1][safepoint    ] Application time: 1.0002180 seconds
[2022-06-13T02:14:35.499+0000][1][safepoint    ] Entering safepoint region: Cleanup
[2022-06-13T02:14:35.499+0000][1][safepoint    ] Leaving safepoint region
[2022-06-13T02:14:35.500+0000][1][safepoint    ] Total time for which application threads were stopped: 0.0006880 seconds, Stopping threads took: 0.0003513 seconds
[2022-06-13T02:14:36.500+0000][1][safepoint    ] Application time: 1.0002403 seconds
[2022-06-13T02:14:36.501+0000][1][safepoint    ] Entering safepoint region: Cleanup
[2022-06-13T02:14:36.502+0000][1][safepoint    ] Leaving safepoint region
[2022-06-13T02:14:36.502+0000][1][safepoint    ] Total time for which application threads were stopped: 0.0014183 seconds, Stopping threads took: 0.0006714 seconds
[2022-06-13T02:14:37.503+0000][1][safepoint    ] Application time: 1.0003354 seconds
[2022-06-13T02:14:37.504+0000][1][safepoint    ] Entering safepoint region: Cleanup
[2022-06-13T02:14:37.504+0000][1][safepoint    ] Leaving safepoint region
[2022-06-13T02:14:37.505+0000][1][safepoint    ] Total time for which application threads were stopped: 0.0008078 seconds, Stopping threads took: 0.0003765 seconds
[2022-06-13T02:14:38.505+0000][1][safepoint    ] Application time: 1.0002647 seconds
[2022-06-13T02:14:38.506+0000][1][safepoint    ] Entering safepoint region: Cleanup
[2022-06-13T02:14:38.506+0000][1][safepoint    ] Leaving safepoint region
[2022-06-13T02:14:38.506+0000][1][safepoint    ] Total time for which application threads were stopped: 0.0005256 seconds, Stopping threads took: 0.0002366 seconds
[2022-06-13T02:14:39.507+0000][1][safepoint    ] Application time: 1.0001958 seconds
[2022-06-13T02:14:39.507+0000][1][safepoint    ] Entering safepoint region: Cleanup
[2022-06-13T02:14:39.508+0000][1][safepoint    ] Leaving safepoint region
[2022-06-13T02:14:39.508+0000][1][safepoint    ] Total time for which application threads were stopped: 0.0010205 seconds, Stopping threads took: 0.0004502 seconds
[2022-06-13T02:14:40.509+0000][1][safepoint    ] Application time: 1.0003187 seconds
[2022-06-13T02:14:40.509+0000][1][safepoint    ] Entering safepoint region: Cleanup
[2022-06-13T02:14:40.510+0000][1][safepoint    ] Leaving safepoint region
[2022-06-13T02:14:40.511+0000][1][safepoint    ] Total time for which application threads were stopped: 0.0012006 seconds, Stopping threads took: 0.0005272 seconds
[2022-06-13T02:14:41.511+0000][1][safepoint    ] Application time: 1.0002300 seconds
[2022-06-13T02:14:41.512+0000][1][safepoint    ] Entering safepoint region: Cleanup
[2022-06-13T02:14:41.513+0000][1][safepoint    ] Leaving safepoint region
[2022-06-13T02:14:41.514+0000][1][safepoint    ] Total time for which application threads were stopped: 0.0015546 seconds, Stopping threads took: 0.0007449 seconds
[2022-06-13T02:14:42.515+0000][1][safepoint    ] Application time: 1.0004212 seconds
[2022-06-13T02:14:42.515+0000][1][safepoint    ] Entering safepoint region: Cleanup
[2022-06-13T02:14:42.516+0000][1][safepoint    ] Leaving safepoint region
[2022-06-13T02:14:42.517+0000][1][safepoint    ] Total time for which application threads were stopped: 0.0014704 seconds, Stopping threads took: 0.0006338 seconds
[2022-06-13T02:14:43.517+0000][1][safepoint    ] Application time: 1.0002277 seconds
[2022-06-13T02:14:43.518+0000][1][safepoint    ] Entering safepoint region: Cleanup
[2022-06-13T02:14:43.518+0000][1][safepoint    ] Leaving safepoint region
[2022-06-13T02:14:43.519+0000][1][safepoint    ] Total time for which application threads were stopped: 0.0009065 seconds, Stopping threads took: 0.0004635 seconds
[2022-06-13T02:14:44.519+0000][1][safepoint    ] Application time: 1.0001277 seconds
[2022-06-13T02:14:44.520+0000][1][safepoint    ] Entering safepoint region: Cleanup
[2022-06-13T02:14:44.520+0000][1][safepoint    ] Leaving safepoint region
[2022-06-13T02:14:44.520+0000][1][safepoint    ] Total time for which application threads were stopped: 0.0006406 seconds, Stopping threads took: 0.0001837 seconds
[2022-06-13T02:14:45.521+0000][1][safepoint    ] Application time: 1.0003196 seconds
[2022-06-13T02:14:45.522+0000][1][safepoint    ] Entering safepoint region: Cleanup
[2022-06-13T02:14:45.523+0000][1][safepoint    ] Leaving safepoint region
[2022-06-13T02:14:45.523+0000][1][safepoint    ] Total time for which application threads were stopped: 0.0012597 seconds, Stopping threads took: 0.0006348 seconds
[2022-06-13T02:14:46.524+0000][1][safepoint    ] Application time: 1.0001200 seconds
[2022-06-13T02:14:46.524+0000][1][safepoint    ] Entering safepoint region: Cleanup
[2022-06-13T02:14:46.525+0000][1][safepoint    ] Leaving safepoint region
[2022-06-13T02:14:46.525+0000][1][safepoint    ] Total time for which application threads were stopped: 0.0008414 seconds, Stopping threads took: 0.0004229 seconds
[2022-06-13T02:14:47.526+0000][1][safepoint    ] Application time: 1.0002393 seconds
[2022-06-13T02:14:47.527+0000][1][safepoint    ] Entering safepoint region: Cleanup
[2022-06-13T02:14:47.527+0000][1][safepoint    ] Leaving safepoint region
[2022-06-13T02:14:47.528+0000][1][safepoint    ] Total time for which application threads were stopped: 0.0008254 seconds, Stopping threads took: 0.0002862 seconds
[2022-06-13T02:14:48.528+0000][1][safepoint    ] Application time: 1.0002452 seconds
[2022-06-13T02:14:48.529+0000][1][safepoint    ] Entering safepoint region: Cleanup
[2022-06-13T02:14:48.529+0000][1][safepoint    ] Leaving safepoint region
[2022-06-13T02:14:48.530+0000][1][safepoint    ] Total time for which application threads were stopped: 0.0008729 seconds, Stopping threads took: 0.0004254 seconds
[2022-06-13T02:14:49.530+0000][1][safepoint    ] Application time: 1.0001806 seconds
[2022-06-13T02:14:49.531+0000][1][safepoint    ] Entering safepoint region: Cleanup
[2022-06-13T02:14:49.531+0000][1][safepoint    ] Leaving safepoint region
[2022-06-13T02:14:49.531+0000][1][safepoint    ] Total time for which application threads were stopped: 0.0005056 seconds, Stopping threads took: 0.0002142 seconds
[2022-06-13T02:14:50.532+0000][1][safepoint    ] Application time: 1.0002894 seconds
[2022-06-13T02:14:50.532+0000][1][safepoint    ] Entering safepoint region: Cleanup
[2022-06-13T02:14:50.533+0000][1][safepoint    ] Leaving safepoint region
[2022-06-13T02:14:50.533+0000][1][safepoint    ] Total time for which application threads were stopped: 0.0007132 seconds, Stopping threads took: 0.0003254 seconds
[2022-06-13T02:14:51.533+0000][1][safepoint    ] Application time: 1.0003391 seconds
[2022-06-13T02:14:51.534+0000][1][safepoint    ] Entering safepoint region: Cleanup
[2022-06-13T02:14:51.535+0000][1][safepoint    ] Leaving safepoint region
[2022-06-13T02:14:51.535+0000][1][safepoint    ] Total time for which application threads were stopped: 0.0009784 seconds, Stopping threads took: 0.0005321 seconds
[2022-06-13T02:14:52.536+0000][1][safepoint    ] Application time: 1.0001790 seconds
[2022-06-13T02:14:52.536+0000][1][safepoint    ] Entering safepoint region: Cleanup
[2022-06-13T02:14:52.537+0000][1][safepoint    ] Leaving safepoint region
[2022-06-13T02:14:52.537+0000][1][safepoint    ] Total time for which application threads were stopped: 0.0009911 seconds, Stopping threads took: 0.0004669 seconds
[2022-06-13T02:14:53.538+0000][1][safepoint    ] Application time: 1.0002583 seconds
[2022-06-13T02:14:53.538+0000][1][safepoint    ] Entering safepoint region: Cleanup
[2022-06-13T02:14:53.539+0000][1][safepoint    ] Leaving safepoint region
[2022-06-13T02:14:53.539+0000][1][safepoint    ] Total time for which application threads were stopped: 0.0007658 seconds, Stopping threads took: 0.0003518 seconds
[2022-06-13T02:14:54.540+0000][1][safepoint    ] Application time: 1.0001221 seconds
[2022-06-13T02:14:54.540+0000][1][safepoint    ] Entering safepoint region: Cleanup
[2022-06-13T02:14:54.541+0000][1][safepoint    ] Leaving safepoint region
[2022-06-13T02:14:54.541+0000][1][safepoint    ] Total time for which application threads were stopped: 0.0006717 seconds, Stopping threads took: 0.0003195 seconds
[2022-06-13T02:14:55.541+0000][1][safepoint    ] Application time: 1.0001817 seconds
[2022-06-13T02:14:55.542+0000][1][safepoint    ] Entering safepoint region: Cleanup
[2022-06-13T02:14:55.542+0000][1][safepoint    ] Leaving safepoint region
[2022-06-13T02:14:55.543+0000][1][safepoint    ] Total time for which application threads were stopped: 0.0006837 seconds, Stopping threads took: 0.0003211 seconds
[2022-06-13T02:14:56.543+0000][1][safepoint    ] Application time: 1.0001465 seconds
[2022-06-13T02:14:56.544+0000][1][safepoint    ] Entering safepoint region: Cleanup
[2022-06-13T02:14:56.544+0000][1][safepoint    ] Leaving safepoint region
[2022-06-13T02:14:56.544+0000][1][safepoint    ] Total time for which application threads were stopped: 0.0009719 seconds, Stopping threads took: 0.0004492 seconds
[2022-06-13T02:14:57.545+0000][1][safepoint    ] Application time: 1.0002351 seconds
[2022-06-13T02:14:57.546+0000][1][safepoint    ] Entering safepoint region: Cleanup
[2022-06-13T02:14:57.547+0000][1][safepoint    ] Leaving safepoint region
[2022-06-13T02:14:57.547+0000][1][safepoint    ] Total time for which application threads were stopped: 0.0015512 seconds, Stopping threads took: 0.0007350 seconds
[2022-06-13T02:14:58.548+0000][1][safepoint    ] Application time: 1.0002204 seconds
[2022-06-13T02:14:58.549+0000][1][safepoint    ] Entering safepoint region: Cleanup
[2022-06-13T02:14:58.549+0000][1][safepoint    ] Leaving safepoint region
[2022-06-13T02:14:58.550+0000][1][safepoint    ] Total time for which application threads were stopped: 0.0006466 seconds, Stopping threads took: 0.0003280 seconds
[2022-06-13T02:14:59.550+0000][1][safepoint    ] Application time: 1.0001163 seconds
[2022-06-13T02:14:59.550+0000][1][safepoint    ] Entering safepoint region: Cleanup
[2022-06-13T02:14:59.551+0000][1][safepoint    ] Leaving safepoint region
[2022-06-13T02:14:59.551+0000][1][safepoint    ] Total time for which application threads were stopped: 0.0010004 seconds, Stopping threads took: 0.0005019 seconds
[2022-06-13T02:15:01.379+0000][1][safepoint    ] Application time: 1.8269562 seconds
[2022-06-13T02:15:01.379+0000][1][safepoint    ] Entering safepoint region: Cleanup
[2022-06-13T02:15:01.379+0000][1][safepoint    ] Leaving safepoint region
[2022-06-13T02:15:01.379+0000][1][safepoint    ] Total time for which application threads were stopped: 0.0004637 seconds, Stopping threads took: 0.0001353 seconds
[2022-06-13T02:15:02.380+0000][1][safepoint    ] Application time: 1.0002253 seconds
[2022-06-13T02:15:02.380+0000][1][safepoint    ] Entering safepoint region: Cleanup
[2022-06-13T02:15:02.381+0000][1][safepoint    ] Leaving safepoint region
[2022-06-13T02:15:02.381+0000][1][safepoint    ] Total time for which application threads were stopped: 0.0008383 seconds, Stopping threads took: 0.0004050 seconds
[2022-06-13T02:15:03.382+0000][1][safepoint    ] Application time: 1.0003376 seconds
[2022-06-13T02:15:03.382+0000][1][safepoint    ] Entering safepoint region: Cleanup
[2022-06-13T02:15:03.383+0000][1][safepoint    ] Leaving safepoint region
[2022-06-13T02:15:03.383+0000][1][safepoint    ] Total time for which application threads were stopped: 0.0007232 seconds, Stopping threads took: 0.0003316 seconds
[2022-06-13T02:15:04.384+0000][1][safepoint    ] Application time: 1.0001776 seconds
[2022-06-13T02:15:04.384+0000][1][safepoint    ] Entering safepoint region: Cleanup
[2022-06-13T02:15:04.384+0000][1][safepoint    ] Leaving safepoint region
[2022-06-13T02:15:04.385+0000][1][safepoint    ] Total time for which application threads were stopped: 0.0004933 seconds, Stopping threads took: 0.0003012 seconds
[2022-06-13T02:15:05.385+0000][1][safepoint    ] Application time: 1.0002677 seconds
[2022-06-13T02:15:05.386+0000][1][safepoint    ] Entering safepoint region: Cleanup
[2022-06-13T02:15:05.386+0000][1][safepoint    ] Leaving safepoint region
[2022-06-13T02:15:05.386+0000][1][safepoint    ] Total time for which application threads were stopped: 0.0008398 seconds, Stopping threads took: 0.0004060 seconds
[2022-06-13T02:15:06.387+0000][1][safepoint    ] Application time: 1.0001551 seconds
[2022-06-13T02:15:06.387+0000][1][safepoint    ] Entering safepoint region: Cleanup
[2022-06-13T02:15:06.387+0000][1][safepoint    ] Leaving safepoint region
[2022-06-13T02:15:06.388+0000][1][safepoint    ] Total time for which application threads were stopped: 0.0004067 seconds, Stopping threads took: 0.0002264 seconds
[2022-06-13T02:15:07.388+0000][1][safepoint    ] Application time: 1.0002127 seconds
[2022-06-13T02:15:07.389+0000][1][safepoint    ] Entering safepoint region: Cleanup
[2022-06-13T02:15:07.389+0000][1][safepoint    ] Leaving safepoint region
[2022-06-13T02:15:07.389+0000][1][safepoint    ] Total time for which application threads were stopped: 0.0007270 seconds, Stopping threads took: 0.0002388 seconds
[2022-06-13T02:15:08.390+0000][1][safepoint    ] Application time: 1.0001202 seconds
[2022-06-13T02:15:08.390+0000][1][safepoint    ] Entering safepoint region: Cleanup
[2022-06-13T02:15:08.391+0000][1][safepoint    ] Leaving safepoint region
[2022-06-13T02:15:08.391+0000][1][safepoint    ] Total time for which application threads were stopped: 0.0005732 seconds, Stopping threads took: 0.0002173 seconds
[2022-06-13T02:15:09.391+0000][1][safepoint    ] Application time: 1.0001152 seconds
[2022-06-13T02:15:09.392+0000][1][safepoint    ] Entering safepoint region: Cleanup
[2022-06-13T02:15:09.392+0000][1][safepoint    ] Leaving safepoint region
[2022-06-13T02:15:09.393+0000][1][safepoint    ] Total time for which application threads were stopped: 0.0008194 seconds, Stopping threads took: 0.0004103 seconds
[2022-06-13T02:15:10.393+0000][1][safepoint    ] Application time: 1.0002840 seconds
[2022-06-13T02:15:10.394+0000][1][safepoint    ] Entering safepoint region: Cleanup
[2022-06-13T02:15:10.394+0000][1][safepoint    ] Leaving safepoint region
[2022-06-13T02:15:10.395+0000][1][safepoint    ] Total time for which application threads were stopped: 0.0009381 seconds, Stopping threads took: 0.0003956 seconds
[2022-06-13T02:15:11.395+0000][1][safepoint    ] Application time: 1.0001586 seconds
[2022-06-13T02:15:11.396+0000][1][safepoint    ] Entering safepoint region: Cleanup
[2022-06-13T02:15:11.396+0000][1][safepoint    ] Leaving safepoint region
[2022-06-13T02:15:11.396+0000][1][safepoint    ] Total time for which application threads were stopped: 0.0005303 seconds, Stopping threads took: 0.0002648 seconds
[2022-06-13T02:15:12.397+0000][1][safepoint    ] Application time: 1.0001988 seconds
[2022-06-13T02:15:12.397+0000][1][safepoint    ] Entering safepoint region: Cleanup
[2022-06-13T02:15:12.398+0000][1][safepoint    ] Leaving safepoint region
[2022-06-13T02:15:12.398+0000][1][safepoint    ] Total time for which application threads were stopped: 0.0009162 seconds, Stopping threads took: 0.0004227 seconds
[2022-06-13T02:15:13.399+0000][1][safepoint    ] Application time: 1.0001996 seconds
[2022-06-13T02:15:13.400+0000][1][safepoint    ] Entering safepoint region: Cleanup
[2022-06-13T02:15:13.400+0000][1][safepoint    ] Leaving safepoint region
[2022-06-13T02:15:13.400+0000][1][safepoint    ] Total time for which application threads were stopped: 0.0008676 seconds, Stopping threads took: 0.0003936 seconds
[2022-06-13T02:15:14.401+0000][1][safepoint    ] Application time: 1.0001470 seconds
[2022-06-13T02:15:14.402+0000][1][safepoint    ] Entering safepoint region: Cleanup
[2022-06-13T02:15:14.402+0000][1][safepoint    ] Leaving safepoint region
[2022-06-13T02:15:14.403+0000][1][safepoint    ] Total time for which application threads were stopped: 0.0016004 seconds, Stopping threads took: 0.0006058 seconds
[2022-06-13T02:15:15.404+0000][1][safepoint    ] Application time: 1.0001971 seconds
[2022-06-13T02:15:15.404+0000][1][safepoint    ] Entering safepoint region: Cleanup
[2022-06-13T02:15:15.405+0000][1][safepoint    ] Leaving safepoint region
[2022-06-13T02:15:15.405+0000][1][safepoint    ] Total time for which application threads were stopped: 0.0008488 seconds, Stopping threads took: 0.0003753 seconds
[2022-06-13T02:15:16.406+0000][1][safepoint    ] Application time: 1.0002087 seconds
[2022-06-13T02:15:16.406+0000][1][safepoint    ] Entering safepoint region: Cleanup
[2022-06-13T02:15:16.407+0000][1][safepoint    ] Leaving safepoint region
[2022-06-13T02:15:16.407+0000][1][safepoint    ] Total time for which application threads were stopped: 0.0009426 seconds, Stopping threads took: 0.0004670 seconds
[2022-06-13T02:15:17.408+0000][1][safepoint    ] Application time: 1.0001631 seconds
[2022-06-13T02:15:17.408+0000][1][safepoint    ] Entering safepoint region: Cleanup
[2022-06-13T02:15:17.409+0000][1][safepoint    ] Leaving safepoint region
[2022-06-13T02:15:17.409+0000][1][safepoint    ] Total time for which application threads were stopped: 0.0009105 seconds, Stopping threads took: 0.0005406 seconds
[2022-06-13T02:15:18.410+0000][1][safepoint    ] Application time: 1.0001055 seconds
[2022-06-13T02:15:18.410+0000][1][safepoint    ] Entering safepoint region: Cleanup
[2022-06-13T02:15:18.411+0000][1][safepoint    ] Leaving safepoint region
[2022-06-13T02:15:18.411+0000][1][safepoint    ] Total time for which application threads were stopped: 0.0004425 seconds, Stopping threads took: 0.0002305 seconds
[2022-06-13T02:15:19.411+0000][1][safepoint    ] Application time: 1.0001718 seconds
[2022-06-13T02:15:19.412+0000][1][safepoint    ] Entering safepoint region: Cleanup
[2022-06-13T02:15:19.412+0000][1][safepoint    ] Leaving safepoint region
[2022-06-13T02:15:19.412+0000][1][safepoint    ] Total time for which application threads were stopped: 0.0007718 seconds, Stopping threads took: 0.0002834 seconds
[2022-06-13T02:15:20.413+0000][1][safepoint    ] Application time: 1.0002182 seconds
[2022-06-13T02:15:20.414+0000][1][safepoint    ] Entering safepoint region: Cleanup
[2022-06-13T02:15:20.414+0000][1][safepoint    ] Leaving safepoint region
[2022-06-13T02:15:20.414+0000][1][safepoint    ] Total time for which application threads were stopped: 0.0007603 seconds, Stopping threads took: 0.0003102 seconds
[2022-06-13T02:15:21.415+0000][1][safepoint    ] Application time: 1.0002269 seconds
[2022-06-13T02:15:21.416+0000][1][safepoint    ] Entering safepoint region: Cleanup
[2022-06-13T02:15:21.416+0000][1][safepoint    ] Leaving safepoint region
[2022-06-13T02:15:21.417+0000][1][safepoint    ] Total time for which application threads were stopped: 0.0012327 seconds, Stopping threads took: 0.0003977 seconds
[2022-06-13T02:15:22.418+0000][1][safepoint    ] Application time: 1.0003325 seconds
[2022-06-13T02:15:22.419+0000][1][safepoint    ] Entering safepoint region: Cleanup
[2022-06-13T02:15:22.419+0000][1][safepoint    ] Leaving safepoint region
[2022-06-13T02:15:22.420+0000][1][safepoint    ] Total time for which application threads were stopped: 0.0011468 seconds, Stopping threads took: 0.0004552 seconds
[2022-06-13T02:15:23.421+0000][1][safepoint    ] Application time: 1.0002846 seconds
[2022-06-13T02:15:23.421+0000][1][safepoint    ] Entering safepoint region: Cleanup
[2022-06-13T02:15:23.421+0000][1][safepoint    ] Leaving safepoint region
[2022-06-13T02:15:23.422+0000][1][safepoint    ] Total time for which application threads were stopped: 0.0006470 seconds, Stopping threads took: 0.0003063 seconds
[2022-06-13T02:15:24.422+0000][1][safepoint    ] Application time: 1.0001161 seconds
[2022-06-13T02:15:24.422+0000][1][safepoint    ] Entering safepoint region: Cleanup
[2022-06-13T02:15:24.423+0000][1][safepoint    ] Leaving safepoint region
[2022-06-13T02:15:24.423+0000][1][safepoint    ] Total time for which application threads were stopped: 0.0006175 seconds, Stopping threads took: 0.0002529 seconds
[2022-06-13T02:15:25.424+0000][1][safepoint    ] Application time: 1.0001203 seconds
[2022-06-13T02:15:25.424+0000][1][safepoint    ] Entering safepoint region: Cleanup
[2022-06-13T02:15:25.424+0000][1][safepoint    ] Leaving safepoint region
[2022-06-13T02:15:25.424+0000][1][safepoint    ] Total time for which application threads were stopped: 0.0002794 seconds, Stopping threads took: 0.0001117 seconds
[2022-06-13T02:15:26.424+0000][1][safepoint    ] Application time: 1.0001735 seconds
[2022-06-13T02:15:26.425+0000][1][safepoint    ] Entering safepoint region: Cleanup
[2022-06-13T02:15:26.425+0000][1][safepoint    ] Leaving safepoint region
[2022-06-13T02:15:26.426+0000][1][safepoint    ] Total time for which application threads were stopped: 0.0008284 seconds, Stopping threads took: 0.0003847 seconds
[2022-06-13T02:15:27.426+0000][1][safepoint    ] Application time: 1.0001754 seconds
[2022-06-13T02:15:27.427+0000][1][safepoint    ] Entering safepoint region: Cleanup
[2022-06-13T02:15:27.427+0000][1][safepoint    ] Leaving safepoint region
[2022-06-13T02:15:27.428+0000][1][safepoint    ] Total time for which application threads were stopped: 0.0009047 seconds, Stopping threads took: 0.0003903 seconds
[2022-06-13T02:15:28.428+0000][1][safepoint    ] Application time: 1.0003129 seconds
[2022-06-13T02:15:28.429+0000][1][safepoint    ] Entering safepoint region: Cleanup
[2022-06-13T02:15:28.429+0000][1][safepoint    ] Leaving safepoint region
[2022-06-13T02:15:28.430+0000][1][safepoint    ] Total time for which application threads were stopped: 0.0007627 seconds, Stopping threads took: 0.0003263 seconds
[2022-06-13T02:15:29.430+0000][1][safepoint    ] Application time: 1.0001243 seconds
[2022-06-13T02:15:29.430+0000][1][safepoint    ] Entering safepoint region: Cleanup
[2022-06-13T02:15:29.431+0000][1][safepoint    ] Leaving safepoint region
[2022-06-13T02:15:29.431+0000][1][safepoint    ] Total time for which application threads were stopped: 0.0003701 seconds, Stopping threads took: 0.0001800 seconds
[2022-06-13T02:15:30.431+0000][1][safepoint    ] Application time: 1.0001486 seconds
[2022-06-13T02:15:30.431+0000][1][safepoint    ] Entering safepoint region: Cleanup
[2022-06-13T02:15:30.432+0000][1][safepoint    ] Leaving safepoint region
[2022-06-13T02:15:30.432+0000][1][safepoint    ] Total time for which application threads were stopped: 0.0010207 seconds, Stopping threads took: 0.0006189 seconds
[2022-06-13T02:15:31.433+0000][1][safepoint    ] Application time: 1.0001819 seconds
[2022-06-13T02:15:31.433+0000][1][safepoint    ] Entering safepoint region: Cleanup
[2022-06-13T02:15:31.434+0000][1][safepoint    ] Leaving safepoint region
[2022-06-13T02:15:31.434+0000][1][safepoint    ] Total time for which application threads were stopped: 0.0008412 seconds, Stopping threads took: 0.0004567 seconds
[2022-06-13T02:15:32.435+0000][1][safepoint    ] Application time: 1.0001568 seconds
[2022-06-13T02:15:32.435+0000][1][safepoint    ] Entering safepoint region: Cleanup
[2022-06-13T02:15:32.436+0000][1][safepoint    ] Leaving safepoint region
[2022-06-13T02:15:32.436+0000][1][safepoint    ] Total time for which application threads were stopped: 0.0009628 seconds, Stopping threads took: 0.0004522 seconds
[2022-06-13T02:15:33.437+0000][1][safepoint    ] Application time: 1.0001432 seconds
[2022-06-13T02:15:33.437+0000][1][safepoint    ] Entering safepoint region: Cleanup
[2022-06-13T02:15:33.437+0000][1][safepoint    ] Leaving safepoint region
[2022-06-13T02:15:33.438+0000][1][safepoint    ] Total time for which application threads were stopped: 0.0006439 seconds, Stopping threads took: 0.0002538 seconds
[2022-06-13T02:15:34.438+0000][1][safepoint    ] Application time: 1.0002136 seconds
[2022-06-13T02:15:34.438+0000][1][safepoint    ] Entering safepoint region: Cleanup
[2022-06-13T02:15:34.439+0000][1][safepoint    ] Leaving safepoint region
[2022-06-13T02:15:34.439+0000][1][safepoint    ] Total time for which application threads were stopped: 0.0006526 seconds, Stopping threads took: 0.0003562 seconds
[2022-06-13T02:15:35.440+0000][1][safepoint    ] Application time: 1.0002352 seconds
[2022-06-13T02:15:35.440+0000][1][safepoint    ] Entering safepoint region: Cleanup
[2022-06-13T02:15:35.441+0000][1][safepoint    ] Leaving safepoint region
[2022-06-13T02:15:35.441+0000][1][safepoint    ] Total time for which application threads were stopped: 0.0008189 seconds, Stopping threads took: 0.0003780 seconds
[2022-06-13T02:15:36.442+0000][1][safepoint    ] Application time: 1.0002454 seconds
[2022-06-13T02:15:36.443+0000][1][safepoint    ] Entering safepoint region: Cleanup
[2022-06-13T02:15:36.443+0000][1][safepoint    ] Leaving safepoint region
[2022-06-13T02:15:36.443+0000][1][safepoint    ] Total time for which application threads were stopped: 0.0009120 seconds, Stopping threads took: 0.0004660 seconds
[2022-06-13T02:15:37.444+0000][1][safepoint    ] Application time: 1.0003181 seconds
[2022-06-13T02:15:37.444+0000][1][safepoint    ] Entering safepoint region: Cleanup
[2022-06-13T02:15:37.445+0000][1][safepoint    ] Leaving safepoint region
[2022-06-13T02:15:37.445+0000][1][safepoint    ] Total time for which application threads were stopped: 0.0004705 seconds, Stopping threads took: 0.0002430 seconds
[2022-06-13T02:15:38.445+0000][1][safepoint    ] Application time: 1.0002248 seconds
[2022-06-13T02:15:38.446+0000][1][safepoint    ] Entering safepoint region: Cleanup
[2022-06-13T02:15:38.447+0000][1][safepoint    ] Leaving safepoint region
[2022-06-13T02:15:38.447+0000][1][safepoint    ] Total time for which application threads were stopped: 0.0009562 seconds, Stopping threads took: 0.0004612 seconds
[2022-06-13T02:15:39.448+0000][1][safepoint    ] Application time: 1.0002884 seconds
[2022-06-13T02:15:39.448+0000][1][safepoint    ] Entering safepoint region: Cleanup
[2022-06-13T02:15:39.449+0000][1][safepoint    ] Leaving safepoint region
[2022-06-13T02:15:39.449+0000][1][safepoint    ] Total time for which application threads were stopped: 0.0007430 seconds, Stopping threads took: 0.0003448 seconds
[2022-06-13T02:15:40.450+0000][1][safepoint    ] Application time: 1.0002775 seconds
[2022-06-13T02:15:40.450+0000][1][safepoint    ] Entering safepoint region: Cleanup
[2022-06-13T02:15:40.451+0000][1][safepoint    ] Leaving safepoint region
[2022-06-13T02:15:40.451+0000][1][safepoint    ] Total time for which application threads were stopped: 0.0008318 seconds, Stopping threads took: 0.0003698 seconds
[2022-06-13T02:15:41.452+0000][1][safepoint    ] Application time: 1.0002012 seconds
[2022-06-13T02:15:41.452+0000][1][safepoint    ] Entering safepoint region: Cleanup
[2022-06-13T02:15:41.453+0000][1][safepoint    ] Leaving safepoint region
[2022-06-13T02:15:41.453+0000][1][safepoint    ] Total time for which application threads were stopped: 0.0010757 seconds, Stopping threads took: 0.0004924 seconds
[2022-06-13T02:15:42.454+0000][1][safepoint    ] Application time: 1.0001325 seconds
[2022-06-13T02:15:42.455+0000][1][safepoint    ] Entering safepoint region: Cleanup
[2022-06-13T02:15:42.455+0000][1][safepoint    ] Leaving safepoint region
[2022-06-13T02:15:42.456+0000][1][safepoint    ] Total time for which application threads were stopped: 0.0011509 seconds, Stopping threads took: 0.0004665 seconds
[2022-06-13T02:15:43.457+0000][1][safepoint    ] Application time: 1.0001928 seconds
[2022-06-13T02:15:43.457+0000][1][safepoint    ] Entering safepoint region: Cleanup
[2022-06-13T02:15:43.457+0000][1][safepoint    ] Leaving safepoint region
[2022-06-13T02:15:43.458+0000][1][safepoint    ] Total time for which application threads were stopped: 0.0006223 seconds, Stopping threads took: 0.0002839 seconds
[2022-06-13T02:15:44.458+0000][1][safepoint    ] Application time: 1.0001979 seconds
[2022-06-13T02:15:44.459+0000][1][safepoint    ] Entering safepoint region: Cleanup
[2022-06-13T02:15:44.459+0000][1][safepoint    ] Leaving safepoint region
[2022-06-13T02:15:44.460+0000][1][safepoint    ] Total time for which application threads were stopped: 0.0009862 seconds, Stopping threads took: 0.0004102 seconds
[2022-06-13T02:15:45.461+0000][1][safepoint    ] Application time: 1.0002144 seconds
[2022-06-13T02:15:45.461+0000][1][safepoint    ] Entering safepoint region: Cleanup
[2022-06-13T02:15:45.462+0000][1][safepoint    ] Leaving safepoint region
[2022-06-13T02:15:45.462+0000][1][safepoint    ] Total time for which application threads were stopped: 0.0012186 seconds, Stopping threads took: 0.0005289 seconds
[2022-06-13T02:15:46.463+0000][1][safepoint    ] Application time: 1.0001762 seconds
[2022-06-13T02:15:46.464+0000][1][safepoint    ] Entering safepoint region: Cleanup
[2022-06-13T02:15:46.464+0000][1][safepoint    ] Leaving safepoint region
[2022-06-13T02:15:46.464+0000][1][safepoint    ] Total time for which application threads were stopped: 0.0007671 seconds, Stopping threads took: 0.0003804 seconds
[2022-06-13T02:15:47.282+0000][1][safepoint    ] Application time: 0.8168767 seconds
[2022-06-13T02:15:47.282+0000][1][safepoint    ] Entering safepoint region: GenCollectForAllocation
[2022-06-13T02:15:47.283+0000][1][gc,start     ] GC(23) Pause Young (Allocation Failure)
[2022-06-13T02:15:47.283+0000][1][gc,task      ] GC(23) Using 5 workers of 13 for evacuation
[2022-06-13T02:15:47.287+0000][1][gc,age       ] GC(23) Desired survivor size 4456448 bytes, new threshold 6 (max threshold 6)
[2022-06-13T02:15:47.288+0000][1][gc,age       ] GC(23) Age table with threshold 6 (max threshold 6)
[2022-06-13T02:15:47.288+0000][1][gc,age       ] GC(23) - age   1:      67232 bytes,      67232 total
[2022-06-13T02:15:47.288+0000][1][gc,age       ] GC(23) - age   2:     586680 bytes,     653912 total
[2022-06-13T02:15:47.289+0000][1][gc,age       ] GC(23) - age   3:    3650672 bytes,    4304584 total
[2022-06-13T02:15:47.289+0000][1][gc,heap      ] GC(23) ParNew: 76050K->6146K(78656K)
[2022-06-13T02:15:47.290+0000][1][gc,heap      ] GC(23) CMS: 64223K->64223K(174784K)
[2022-06-13T02:15:47.290+0000][1][gc,metaspace ] GC(23) Metaspace: 64004K->64004K(1107968K)
[2022-06-13T02:15:47.290+0000][1][gc           ] GC(23) Pause Young (Allocation Failure) 136M->68M(247M) 7.738ms
[2022-06-13T02:15:47.291+0000][1][gc,cpu       ] GC(23) User=0.01s Sys=0.00s Real=0.01s
[2022-06-13T02:15:47.291+0000][1][safepoint    ] Leaving safepoint region
[2022-06-13T02:15:47.292+0000][1][safepoint    ] Total time for which application threads were stopped: 0.0095879 seconds, Stopping threads took: 0.0005015 seconds
[2022-06-13T02:15:48.292+0000][1][safepoint    ] Application time: 1.0002036 seconds
[2022-06-13T02:15:48.293+0000][1][safepoint    ] Entering safepoint region: Cleanup
[2022-06-13T02:15:48.293+0000][1][safepoint    ] Leaving safepoint region
[2022-06-13T02:15:48.293+0000][1][safepoint    ] Total time for which application threads were stopped: 0.0007945 seconds, Stopping threads took: 0.0004184 seconds
[2022-06-13T02:15:49.294+0000][1][safepoint    ] Application time: 1.0002068 seconds
[2022-06-13T02:15:49.294+0000][1][safepoint    ] Entering safepoint region: Cleanup
[2022-06-13T02:15:49.295+0000][1][safepoint    ] Leaving safepoint region
[2022-06-13T02:15:49.295+0000][1][safepoint    ] Total time for which application threads were stopped: 0.0010005 seconds, Stopping threads took: 0.0005793 seconds
[2022-06-13T02:15:50.296+0000][1][safepoint    ] Application time: 1.0001574 seconds
[2022-06-13T02:15:50.296+0000][1][safepoint    ] Entering safepoint region: Cleanup
[2022-06-13T02:15:50.297+0000][1][safepoint    ] Leaving safepoint region
[2022-06-13T02:15:50.297+0000][1][safepoint    ] Total time for which application threads were stopped: 0.0007212 seconds, Stopping threads took: 0.0004011 seconds
[2022-06-13T02:15:51.297+0000][1][safepoint    ] Application time: 1.0001764 seconds
[2022-06-13T02:15:51.298+0000][1][safepoint    ] Entering safepoint region: Cleanup
[2022-06-13T02:15:51.299+0000][1][safepoint    ] Leaving safepoint region
[2022-06-13T02:15:51.299+0000][1][safepoint    ] Total time for which application threads were stopped: 0.0009270 seconds, Stopping threads took: 0.0004380 seconds
[2022-06-13T02:15:52.299+0000][1][safepoint    ] Application time: 1.0002084 seconds
[2022-06-13T02:15:52.300+0000][1][safepoint    ] Entering safepoint region: Cleanup
[2022-06-13T02:15:52.300+0000][1][safepoint    ] Leaving safepoint region
[2022-06-13T02:15:52.300+0000][1][safepoint    ] Total time for which application threads were stopped: 0.0006627 seconds, Stopping threads took: 0.0003268 seconds
[2022-06-13T02:15:53.301+0000][1][safepoint    ] Application time: 1.0001095 seconds
[2022-06-13T02:15:53.301+0000][1][safepoint    ] Entering safepoint region: Cleanup
[2022-06-13T02:15:53.302+0000][1][safepoint    ] Leaving safepoint region
[2022-06-13T02:15:53.302+0000][1][safepoint    ] Total time for which application threads were stopped: 0.0009653 seconds, Stopping threads took: 0.0004666 seconds
[2022-06-13T02:15:54.303+0000][1][safepoint    ] Application time: 1.0001721 seconds
[2022-06-13T02:15:54.303+0000][1][safepoint    ] Entering safepoint region: Cleanup
[2022-06-13T02:15:54.303+0000][1][safepoint    ] Leaving safepoint region
[2022-06-13T02:15:54.304+0000][1][safepoint    ] Total time for which application threads were stopped: 0.0006733 seconds, Stopping threads took: 0.0002403 seconds
[2022-06-13T02:15:55.304+0000][1][safepoint    ] Application time: 1.0002600 seconds
[2022-06-13T02:15:55.305+0000][1][safepoint    ] Entering safepoint region: Cleanup
[2022-06-13T02:15:55.305+0000][1][safepoint    ] Leaving safepoint region
[2022-06-13T02:15:55.306+0000][1][safepoint    ] Total time for which application threads were stopped: 0.0010764 seconds, Stopping threads took: 0.0004645 seconds
[2022-06-13T02:15:56.306+0000][1][safepoint    ] Application time: 1.0001181 seconds
[2022-06-13T02:15:56.307+0000][1][safepoint    ] Entering safepoint region: Cleanup
[2022-06-13T02:15:56.307+0000][1][safepoint    ] Leaving safepoint region
[2022-06-13T02:15:56.307+0000][1][safepoint    ] Total time for which application threads were stopped: 0.0004960 seconds, Stopping threads took: 0.0002000 seconds
[2022-06-13T02:15:57.307+0000][1][safepoint    ] Application time: 1.0002233 seconds
[2022-06-13T02:15:57.308+0000][1][safepoint    ] Entering safepoint region: Cleanup
[2022-06-13T02:15:57.308+0000][1][safepoint    ] Leaving safepoint region
[2022-06-13T02:15:57.309+0000][1][safepoint    ] Total time for which application threads were stopped: 0.0008385 seconds, Stopping threads took: 0.0003565 seconds
[2022-06-13T02:15:58.309+0000][1][safepoint    ] Application time: 1.0001494 seconds
[2022-06-13T02:15:58.310+0000][1][safepoint    ] Entering safepoint region: Cleanup
[2022-06-13T02:15:58.310+0000][1][safepoint    ] Leaving safepoint region
[2022-06-13T02:15:58.311+0000][1][safepoint    ] Total time for which application threads were stopped: 0.0008326 seconds, Stopping threads took: 0.0004249 seconds
[2022-06-13T02:15:59.311+0000][1][safepoint    ] Application time: 1.0001613 seconds
[2022-06-13T02:15:59.312+0000][1][safepoint    ] Entering safepoint region: Cleanup
[2022-06-13T02:15:59.313+0000][1][safepoint    ] Leaving safepoint region
[2022-06-13T02:15:59.313+0000][1][safepoint    ] Total time for which application threads were stopped: 0.0011289 seconds, Stopping threads took: 0.0006140 seconds
[2022-06-13T02:16:00.314+0000][1][safepoint    ] Application time: 1.0001198 seconds
[2022-06-13T02:16:00.314+0000][1][safepoint    ] Entering safepoint region: Cleanup
[2022-06-13T02:16:00.315+0000][1][safepoint    ] Leaving safepoint region
[2022-06-13T02:16:00.315+0000][1][safepoint    ] Total time for which application threads were stopped: 0.0006373 seconds, Stopping threads took: 0.0003256 seconds
[2022-06-13T02:16:01.315+0000][1][safepoint    ] Application time: 1.0002745 seconds
[2022-06-13T02:16:01.316+0000][1][safepoint    ] Entering safepoint region: Cleanup
[2022-06-13T02:16:01.316+0000][1][safepoint    ] Leaving safepoint region
[2022-06-13T02:16:01.317+0000][1][safepoint    ] Total time for which application threads were stopped: 0.0010374 seconds, Stopping threads took: 0.0004247 seconds
[2022-06-13T02:16:02.318+0000][1][safepoint    ] Application time: 1.0001840 seconds
[2022-06-13T02:16:02.318+0000][1][safepoint    ] Entering safepoint region: Cleanup
[2022-06-13T02:16:02.319+0000][1][safepoint    ] Leaving safepoint region
[2022-06-13T02:16:02.319+0000][1][safepoint    ] Total time for which application threads were stopped: 0.0008261 seconds, Stopping threads took: 0.0004640 seconds
[2022-06-13T02:16:03.320+0000][1][safepoint    ] Application time: 1.0001674 seconds
[2022-06-13T02:16:03.320+0000][1][safepoint    ] Entering safepoint region: Cleanup
[2022-06-13T02:16:03.321+0000][1][safepoint    ] Leaving safepoint region
[2022-06-13T02:16:03.321+0000][1][safepoint    ] Total time for which application threads were stopped: 0.0012433 seconds, Stopping threads took: 0.0005398 seconds
[2022-06-13T02:16:04.322+0000][1][safepoint    ] Application time: 1.0002229 seconds
[2022-06-13T02:16:04.322+0000][1][safepoint    ] Entering safepoint region: Cleanup
[2022-06-13T02:16:04.323+0000][1][safepoint    ] Leaving safepoint region
[2022-06-13T02:16:04.323+0000][1][safepoint    ] Total time for which application threads were stopped: 0.0006479 seconds, Stopping threads took: 0.0003081 seconds
[2022-06-13T02:16:05.323+0000][1][safepoint    ] Application time: 1.0001043 seconds
[2022-06-13T02:16:05.324+0000][1][safepoint    ] Entering safepoint region: Cleanup
[2022-06-13T02:16:05.324+0000][1][safepoint    ] Leaving safepoint region
[2022-06-13T02:16:05.324+0000][1][safepoint    ] Total time for which application threads were stopped: 0.0008160 seconds, Stopping threads took: 0.0003584 seconds
[2022-06-13T02:16:06.325+0000][1][safepoint    ] Application time: 1.0001493 seconds
[2022-06-13T02:16:06.325+0000][1][safepoint    ] Entering safepoint region: Cleanup
[2022-06-13T02:16:06.326+0000][1][safepoint    ] Leaving safepoint region
[2022-06-13T02:16:06.326+0000][1][safepoint    ] Total time for which application threads were stopped: 0.0007668 seconds, Stopping threads took: 0.0004404 seconds
[2022-06-13T02:16:07.327+0000][1][safepoint    ] Application time: 1.0001705 seconds
[2022-06-13T02:16:07.327+0000][1][safepoint    ] Entering safepoint region: Cleanup
[2022-06-13T02:16:07.328+0000][1][safepoint    ] Leaving safepoint region
[2022-06-13T02:16:07.328+0000][1][safepoint    ] Total time for which application threads were stopped: 0.0006980 seconds, Stopping threads took: 0.0004320 seconds
[2022-06-13T02:16:08.328+0000][1][safepoint    ] Application time: 1.0001911 seconds
[2022-06-13T02:16:08.329+0000][1][safepoint    ] Entering safepoint region: Cleanup
[2022-06-13T02:16:08.329+0000][1][safepoint    ] Leaving safepoint region
[2022-06-13T02:16:08.330+0000][1][safepoint    ] Total time for which application threads were stopped: 0.0007628 seconds, Stopping threads took: 0.0003007 seconds
[2022-06-13T02:16:09.330+0000][1][safepoint    ] Application time: 1.0002280 seconds
[2022-06-13T02:16:09.331+0000][1][safepoint    ] Entering safepoint region: Cleanup
[2022-06-13T02:16:09.331+0000][1][safepoint    ] Leaving safepoint region
[2022-06-13T02:16:09.332+0000][1][safepoint    ] Total time for which application threads were stopped: 0.0009877 seconds, Stopping threads took: 0.0004761 seconds
[2022-06-13T02:16:10.332+0000][1][safepoint    ] Application time: 1.0001993 seconds
[2022-06-13T02:16:10.333+0000][1][safepoint    ] Entering safepoint region: Cleanup
[2022-06-13T02:16:10.333+0000][1][safepoint    ] Leaving safepoint region
[2022-06-13T02:16:10.334+0000][1][safepoint    ] Total time for which application threads were stopped: 0.0010356 seconds, Stopping threads took: 0.0005583 seconds
[2022-06-13T02:16:11.334+0000][1][safepoint    ] Application time: 1.0001821 seconds
[2022-06-13T02:16:11.335+0000][1][safepoint    ] Entering safepoint region: Cleanup
[2022-06-13T02:16:11.335+0000][1][safepoint    ] Leaving safepoint region
[2022-06-13T02:16:11.336+0000][1][safepoint    ] Total time for which application threads were stopped: 0.0010719 seconds, Stopping threads took: 0.0004906 seconds
[2022-06-13T02:16:12.393+0000][1][safepoint    ] Application time: 1.0571006 seconds
[2022-06-13T02:16:12.394+0000][1][safepoint    ] Entering safepoint region: Cleanup
[2022-06-13T02:16:12.395+0000][1][safepoint    ] Leaving safepoint region
[2022-06-13T02:16:12.395+0000][1][safepoint    ] Total time for which application threads were stopped: 0.0013295 seconds, Stopping threads took: 0.0006077 seconds
[2022-06-13T02:16:13.396+0000][1][safepoint    ] Application time: 1.0001687 seconds
[2022-06-13T02:16:13.396+0000][1][safepoint    ] Entering safepoint region: Cleanup
[2022-06-13T02:16:13.397+0000][1][safepoint    ] Leaving safepoint region
[2022-06-13T02:16:13.397+0000][1][safepoint    ] Total time for which application threads were stopped: 0.0008611 seconds, Stopping threads took: 0.0003245 seconds
[2022-06-13T02:16:14.398+0000][1][safepoint    ] Application time: 1.0003366 seconds
[2022-06-13T02:16:14.398+0000][1][safepoint    ] Entering safepoint region: Cleanup
[2022-06-13T02:16:14.399+0000][1][safepoint    ] Leaving safepoint region
[2022-06-13T02:16:14.399+0000][1][safepoint    ] Total time for which application threads were stopped: 0.0007843 seconds, Stopping threads took: 0.0003514 seconds
[2022-06-13T02:16:15.400+0000][1][safepoint    ] Application time: 1.0002142 seconds
[2022-06-13T02:16:15.400+0000][1][safepoint    ] Entering safepoint region: Cleanup
[2022-06-13T02:16:15.401+0000][1][safepoint    ] Leaving safepoint region
[2022-06-13T02:16:15.401+0000][1][safepoint    ] Total time for which application threads were stopped: 0.0009245 seconds, Stopping threads took: 0.0004182 seconds
[2022-06-13T02:16:16.402+0000][1][safepoint    ] Application time: 1.0002499 seconds
[2022-06-13T02:16:16.402+0000][1][safepoint    ] Entering safepoint region: Cleanup
[2022-06-13T02:16:16.403+0000][1][safepoint    ] Leaving safepoint region
[2022-06-13T02:16:16.403+0000][1][safepoint    ] Total time for which application threads were stopped: 0.0005428 seconds, Stopping threads took: 0.0002977 seconds
[2022-06-13T02:16:17.403+0000][1][safepoint    ] Application time: 1.0003261 seconds
[2022-06-13T02:16:17.404+0000][1][safepoint    ] Entering safepoint region: Cleanup
[2022-06-13T02:16:17.404+0000][1][safepoint    ] Leaving safepoint region
[2022-06-13T02:16:17.404+0000][1][safepoint    ] Total time for which application threads were stopped: 0.0005300 seconds, Stopping threads took: 0.0002567 seconds
[2022-06-13T02:16:18.405+0000][1][safepoint    ] Application time: 1.0003308 seconds
[2022-06-13T02:16:18.405+0000][1][safepoint    ] Entering safepoint region: Cleanup
[2022-06-13T02:16:18.406+0000][1][safepoint    ] Leaving safepoint region
[2022-06-13T02:16:18.406+0000][1][safepoint    ] Total time for which application threads were stopped: 0.0010116 seconds, Stopping threads took: 0.0004309 seconds
[2022-06-13T02:16:19.407+0000][1][safepoint    ] Application time: 1.0001293 seconds
[2022-06-13T02:16:19.407+0000][1][safepoint    ] Entering safepoint region: Cleanup
[2022-06-13T02:16:19.408+0000][1][safepoint    ] Leaving safepoint region
[2022-06-13T02:16:19.408+0000][1][safepoint    ] Total time for which application threads were stopped: 0.0006749 seconds, Stopping threads took: 0.0002802 seconds
[2022-06-13T02:16:20.408+0000][1][safepoint    ] Application time: 1.0001036 seconds
[2022-06-13T02:16:20.409+0000][1][safepoint    ] Entering safepoint region: Cleanup
[2022-06-13T02:16:20.409+0000][1][safepoint    ] Leaving safepoint region
[2022-06-13T02:16:20.409+0000][1][safepoint    ] Total time for which application threads were stopped: 0.0005910 seconds, Stopping threads took: 0.0002273 seconds
[2022-06-13T02:16:21.410+0000][1][safepoint    ] Application time: 1.0002473 seconds
[2022-06-13T02:16:21.411+0000][1][safepoint    ] Entering safepoint region: Cleanup
[2022-06-13T02:16:21.412+0000][1][safepoint    ] Leaving safepoint region
[2022-06-13T02:16:21.412+0000][1][safepoint    ] Total time for which application threads were stopped: 0.0016818 seconds, Stopping threads took: 0.0007468 seconds
[2022-06-13T02:16:22.413+0000][1][safepoint    ] Application time: 1.0003244 seconds
[2022-06-13T02:16:22.414+0000][1][safepoint    ] Entering safepoint region: Cleanup
[2022-06-13T02:16:22.414+0000][1][safepoint    ] Leaving safepoint region
[2022-06-13T02:16:22.415+0000][1][safepoint    ] Total time for which application threads were stopped: 0.0009151 seconds, Stopping threads took: 0.0003954 seconds
[2022-06-13T02:16:23.415+0000][1][safepoint    ] Application time: 1.0001868 seconds
[2022-06-13T02:16:23.416+0000][1][safepoint    ] Entering safepoint region: Cleanup
[2022-06-13T02:16:23.416+0000][1][safepoint    ] Leaving safepoint region
[2022-06-13T02:16:23.417+0000][1][safepoint    ] Total time for which application threads were stopped: 0.0009799 seconds, Stopping threads took: 0.0004666 seconds
[2022-06-13T02:16:24.417+0000][1][safepoint    ] Application time: 1.0001525 seconds
[2022-06-13T02:16:24.418+0000][1][safepoint    ] Entering safepoint region: Cleanup
[2022-06-13T02:16:24.418+0000][1][safepoint    ] Leaving safepoint region
[2022-06-13T02:16:24.419+0000][1][safepoint    ] Total time for which application threads were stopped: 0.0008793 seconds, Stopping threads took: 0.0004653 seconds
[2022-06-13T02:16:25.419+0000][1][safepoint    ] Application time: 1.0001141 seconds
[2022-06-13T02:16:25.420+0000][1][safepoint    ] Entering safepoint region: Cleanup
[2022-06-13T02:16:25.420+0000][1][safepoint    ] Leaving safepoint region
[2022-06-13T02:16:25.421+0000][1][safepoint    ] Total time for which application threads were stopped: 0.0009049 seconds, Stopping threads took: 0.0004865 seconds
[2022-06-13T02:16:26.421+0000][1][safepoint    ] Application time: 1.0002000 seconds
[2022-06-13T02:16:26.422+0000][1][safepoint    ] Entering safepoint region: Cleanup
[2022-06-13T02:16:26.422+0000][1][safepoint    ] Leaving safepoint region
[2022-06-13T02:16:26.423+0000][1][safepoint    ] Total time for which application threads were stopped: 0.0007488 seconds, Stopping threads took: 0.0003545 seconds
[2022-06-13T02:16:27.423+0000][1][safepoint    ] Application time: 1.0001906 seconds
[2022-06-13T02:16:27.424+0000][1][safepoint    ] Entering safepoint region: Cleanup
[2022-06-13T02:16:27.424+0000][1][safepoint    ] Leaving safepoint region
[2022-06-13T02:16:27.425+0000][1][safepoint    ] Total time for which application threads were stopped: 0.0010103 seconds, Stopping threads took: 0.0004383 seconds
[2022-06-13T02:16:28.426+0000][1][safepoint    ] Application time: 1.0003164 seconds
[2022-06-13T02:16:28.426+0000][1][safepoint    ] Entering safepoint region: Cleanup
[2022-06-13T02:16:28.426+0000][1][safepoint    ] Leaving safepoint region
[2022-06-13T02:16:28.427+0000][1][safepoint    ] Total time for which application threads were stopped: 0.0008194 seconds, Stopping threads took: 0.0002985 seconds
[2022-06-13T02:16:29.427+0000][1][safepoint    ] Application time: 1.0001775 seconds
[2022-06-13T02:16:29.428+0000][1][safepoint    ] Entering safepoint region: Cleanup
[2022-06-13T02:16:29.428+0000][1][safepoint    ] Leaving safepoint region
[2022-06-13T02:16:29.429+0000][1][safepoint    ] Total time for which application threads were stopped: 0.0008192 seconds, Stopping threads took: 0.0003997 seconds
[2022-06-13T02:16:30.430+0000][1][safepoint    ] Application time: 1.0002555 seconds
[2022-06-13T02:16:30.430+0000][1][safepoint    ] Entering safepoint region: Cleanup
[2022-06-13T02:16:30.431+0000][1][safepoint    ] Leaving safepoint region
[2022-06-13T02:16:30.431+0000][1][safepoint    ] Total time for which application threads were stopped: 0.0010468 seconds, Stopping threads took: 0.0005138 seconds
[2022-06-13T02:16:31.432+0000][1][safepoint    ] Application time: 1.0001586 seconds
[2022-06-13T02:16:31.432+0000][1][safepoint    ] Entering safepoint region: Cleanup
[2022-06-13T02:16:31.433+0000][1][safepoint    ] Leaving safepoint region
[2022-06-13T02:16:31.433+0000][1][safepoint    ] Total time for which application threads were stopped: 0.0009704 seconds, Stopping threads took: 0.0003859 seconds
[2022-06-13T02:16:32.434+0000][1][safepoint    ] Application time: 1.0001799 seconds
[2022-06-13T02:16:32.434+0000][1][safepoint    ] Entering safepoint region: Cleanup
[2022-06-13T02:16:32.435+0000][1][safepoint    ] Leaving safepoint region
[2022-06-13T02:16:32.435+0000][1][safepoint    ] Total time for which application threads were stopped: 0.0010801 seconds, Stopping threads took: 0.0004647 seconds
[2022-06-13T02:16:33.436+0000][1][safepoint    ] Application time: 1.0002741 seconds
[2022-06-13T02:16:33.437+0000][1][safepoint    ] Entering safepoint region: Cleanup
[2022-06-13T02:16:33.437+0000][1][safepoint    ] Leaving safepoint region
[2022-06-13T02:16:33.437+0000][1][safepoint    ] Total time for which application threads were stopped: 0.0004651 seconds, Stopping threads took: 0.0002671 seconds
[2022-06-13T02:16:34.437+0000][1][safepoint    ] Application time: 1.0001989 seconds
[2022-06-13T02:16:34.438+0000][1][safepoint    ] Entering safepoint region: Cleanup
[2022-06-13T02:16:34.438+0000][1][safepoint    ] Leaving safepoint region
[2022-06-13T02:16:34.438+0000][1][safepoint    ] Total time for which application threads were stopped: 0.0004470 seconds, Stopping threads took: 0.0001559 seconds
[2022-06-13T02:16:35.439+0000][1][safepoint    ] Application time: 1.0001637 seconds
[2022-06-13T02:16:35.439+0000][1][safepoint    ] Entering safepoint region: Cleanup
[2022-06-13T02:16:35.439+0000][1][safepoint    ] Leaving safepoint region
[2022-06-13T02:16:35.440+0000][1][safepoint    ] Total time for which application threads were stopped: 0.0006583 seconds, Stopping threads took: 0.0003881 seconds
[2022-06-13T02:16:36.440+0000][1][safepoint    ] Application time: 1.0002495 seconds
[2022-06-13T02:16:36.441+0000][1][safepoint    ] Entering safepoint region: Cleanup
[2022-06-13T02:16:36.442+0000][1][safepoint    ] Leaving safepoint region
[2022-06-13T02:16:36.442+0000][1][safepoint    ] Total time for which application threads were stopped: 0.0014710 seconds, Stopping threads took: 0.0006181 seconds
[2022-06-13T02:16:37.443+0000][1][safepoint    ] Application time: 1.0001222 seconds
[2022-06-13T02:16:37.443+0000][1][safepoint    ] Entering safepoint region: Cleanup
[2022-06-13T02:16:37.444+0000][1][safepoint    ] Leaving safepoint region
[2022-06-13T02:16:37.444+0000][1][safepoint    ] Total time for which application threads were stopped: 0.0007546 seconds, Stopping threads took: 0.0003219 seconds
[2022-06-13T02:16:38.445+0000][1][safepoint    ] Application time: 1.0002433 seconds
[2022-06-13T02:16:38.445+0000][1][safepoint    ] Entering safepoint region: Cleanup
[2022-06-13T02:16:38.446+0000][1][safepoint    ] Leaving safepoint region
[2022-06-13T02:16:38.446+0000][1][safepoint    ] Total time for which application threads were stopped: 0.0009913 seconds, Stopping threads took: 0.0004362 seconds
[2022-06-13T02:16:39.447+0000][1][safepoint    ] Application time: 1.0002660 seconds
[2022-06-13T02:16:39.448+0000][1][safepoint    ] Entering safepoint region: Cleanup
[2022-06-13T02:16:39.448+0000][1][safepoint    ] Leaving safepoint region
[2022-06-13T02:16:39.449+0000][1][safepoint    ] Total time for which application threads were stopped: 0.0011071 seconds, Stopping threads took: 0.0006424 seconds
[2022-06-13T02:16:40.449+0000][1][safepoint    ] Application time: 1.0001909 seconds
[2022-06-13T02:16:40.450+0000][1][safepoint    ] Entering safepoint region: Cleanup
[2022-06-13T02:16:40.451+0000][1][safepoint    ] Leaving safepoint region
[2022-06-13T02:16:40.451+0000][1][safepoint    ] Total time for which application threads were stopped: 0.0009480 seconds, Stopping threads took: 0.0004455 seconds
[2022-06-13T02:16:41.451+0000][1][safepoint    ] Application time: 1.0001648 seconds
[2022-06-13T02:16:41.452+0000][1][safepoint    ] Entering safepoint region: Cleanup
[2022-06-13T02:16:41.452+0000][1][safepoint    ] Leaving safepoint region
[2022-06-13T02:16:41.453+0000][1][safepoint    ] Total time for which application threads were stopped: 0.0008647 seconds, Stopping threads took: 0.0003925 seconds
[2022-06-13T02:16:42.453+0000][1][safepoint    ] Application time: 1.0001784 seconds
[2022-06-13T02:16:42.454+0000][1][safepoint    ] Entering safepoint region: Cleanup
[2022-06-13T02:16:42.454+0000][1][safepoint    ] Leaving safepoint region
[2022-06-13T02:16:42.455+0000][1][safepoint    ] Total time for which application threads were stopped: 0.0009844 seconds, Stopping threads took: 0.0004752 seconds
[2022-06-13T02:16:43.455+0000][1][safepoint    ] Application time: 1.0001149 seconds
[2022-06-13T02:16:43.456+0000][1][safepoint    ] Entering safepoint region: Cleanup
[2022-06-13T02:16:43.456+0000][1][safepoint    ] Leaving safepoint region
[2022-06-13T02:16:43.456+0000][1][safepoint    ] Total time for which application threads were stopped: 0.0006652 seconds, Stopping threads took: 0.0002470 seconds
[2022-06-13T02:16:44.457+0000][1][safepoint    ] Application time: 1.0001738 seconds
[2022-06-13T02:16:44.458+0000][1][safepoint    ] Entering safepoint region: Cleanup
[2022-06-13T02:16:44.458+0000][1][safepoint    ] Leaving safepoint region
[2022-06-13T02:16:44.458+0000][1][safepoint    ] Total time for which application threads were stopped: 0.0007104 seconds, Stopping threads took: 0.0003320 seconds
[2022-06-13T02:16:45.459+0000][1][safepoint    ] Application time: 1.0001938 seconds
[2022-06-13T02:16:45.459+0000][1][safepoint    ] Entering safepoint region: Cleanup
[2022-06-13T02:16:45.460+0000][1][safepoint    ] Leaving safepoint region
[2022-06-13T02:16:45.460+0000][1][safepoint    ] Total time for which application threads were stopped: 0.0009566 seconds, Stopping threads took: 0.0003905 seconds
[2022-06-13T02:16:46.461+0000][1][safepoint    ] Application time: 1.0002249 seconds
[2022-06-13T02:16:46.462+0000][1][safepoint    ] Entering safepoint region: Cleanup
[2022-06-13T02:16:46.462+0000][1][safepoint    ] Leaving safepoint region
[2022-06-13T02:16:46.463+0000][1][safepoint    ] Total time for which application threads were stopped: 0.0013007 seconds, Stopping threads took: 0.0004986 seconds
[2022-06-13T02:16:47.463+0000][1][safepoint    ] Application time: 1.0002908 seconds
[2022-06-13T02:16:47.464+0000][1][safepoint    ] Entering safepoint region: Cleanup
[2022-06-13T02:16:47.465+0000][1][safepoint    ] Leaving safepoint region
[2022-06-13T02:16:47.465+0000][1][safepoint    ] Total time for which application threads were stopped: 0.0009801 seconds, Stopping threads took: 0.0004221 seconds
[2022-06-13T02:16:48.466+0000][1][safepoint    ] Application time: 1.0001485 seconds
[2022-06-13T02:16:48.466+0000][1][safepoint    ] Entering safepoint region: Cleanup
[2022-06-13T02:16:48.466+0000][1][safepoint    ] Leaving safepoint region
[2022-06-13T02:16:48.467+0000][1][safepoint    ] Total time for which application threads were stopped: 0.0006122 seconds, Stopping threads took: 0.0002974 seconds
[2022-06-13T02:16:49.467+0000][1][safepoint    ] Application time: 1.0002055 seconds
[2022-06-13T02:16:49.468+0000][1][safepoint    ] Entering safepoint region: Cleanup
[2022-06-13T02:16:49.468+0000][1][safepoint    ] Leaving safepoint region
[2022-06-13T02:16:49.468+0000][1][safepoint    ] Total time for which application threads were stopped: 0.0006856 seconds, Stopping threads took: 0.0003719 seconds
[2022-06-13T02:16:50.469+0000][1][safepoint    ] Application time: 1.0002393 seconds
[2022-06-13T02:16:50.470+0000][1][safepoint    ] Entering safepoint region: Cleanup
[2022-06-13T02:16:50.470+0000][1][safepoint    ] Leaving safepoint region
[2022-06-13T02:16:50.470+0000][1][safepoint    ] Total time for which application threads were stopped: 0.0008097 seconds, Stopping threads took: 0.0003102 seconds
[2022-06-13T02:16:51.471+0000][1][safepoint    ] Application time: 1.0001075 seconds
[2022-06-13T02:16:51.471+0000][1][safepoint    ] Entering safepoint region: Cleanup
[2022-06-13T02:16:51.472+0000][1][safepoint    ] Leaving safepoint region
[2022-06-13T02:16:51.472+0000][1][safepoint    ] Total time for which application threads were stopped: 0.0007385 seconds, Stopping threads took: 0.0003373 seconds
[2022-06-13T02:16:52.473+0000][1][safepoint    ] Application time: 1.0001965 seconds
[2022-06-13T02:16:52.473+0000][1][safepoint    ] Entering safepoint region: Cleanup
[2022-06-13T02:16:52.473+0000][1][safepoint    ] Leaving safepoint region
[2022-06-13T02:16:52.473+0000][1][safepoint    ] Total time for which application threads were stopped: 0.0005074 seconds, Stopping threads took: 0.0002509 seconds
[2022-06-13T02:16:53.474+0000][1][safepoint    ] Application time: 1.0002734 seconds
[2022-06-13T02:16:53.474+0000][1][safepoint    ] Entering safepoint region: Cleanup
[2022-06-13T02:16:53.475+0000][1][safepoint    ] Leaving safepoint region
[2022-06-13T02:16:53.475+0000][1][safepoint    ] Total time for which application threads were stopped: 0.0009945 seconds, Stopping threads took: 0.0004274 seconds
[2022-06-13T02:16:54.476+0000][1][safepoint    ] Application time: 1.0002209 seconds
[2022-06-13T02:16:54.476+0000][1][safepoint    ] Entering safepoint region: Cleanup
[2022-06-13T02:16:54.477+0000][1][safepoint    ] Leaving safepoint region
[2022-06-13T02:16:54.477+0000][1][safepoint    ] Total time for which application threads were stopped: 0.0007707 seconds, Stopping threads took: 0.0002833 seconds
[2022-06-13T02:16:55.478+0000][1][safepoint    ] Application time: 1.0002474 seconds
[2022-06-13T02:16:55.478+0000][1][safepoint    ] Entering safepoint region: Cleanup
[2022-06-13T02:16:55.478+0000][1][safepoint    ] Leaving safepoint region
[2022-06-13T02:16:55.478+0000][1][safepoint    ] Total time for which application threads were stopped: 0.0004234 seconds, Stopping threads took: 0.0002304 seconds
[2022-06-13T02:16:56.479+0000][1][safepoint    ] Application time: 1.0003124 seconds
[2022-06-13T02:16:56.479+0000][1][safepoint    ] Entering safepoint region: Cleanup
[2022-06-13T02:16:56.480+0000][1][safepoint    ] Leaving safepoint region
[2022-06-13T02:16:56.480+0000][1][safepoint    ] Total time for which application threads were stopped: 0.0008995 seconds, Stopping threads took: 0.0004329 seconds
[2022-06-13T02:16:57.481+0000][1][safepoint    ] Application time: 1.0003398 seconds
[2022-06-13T02:16:57.482+0000][1][safepoint    ] Entering safepoint region: Cleanup
[2022-06-13T02:16:57.483+0000][1][safepoint    ] Leaving safepoint region
[2022-06-13T02:16:57.483+0000][1][safepoint    ] Total time for which application threads were stopped: 0.0010237 seconds, Stopping threads took: 0.0004885 seconds
[2022-06-13T02:16:58.484+0000][1][safepoint    ] Application time: 1.0002958 seconds
[2022-06-13T02:16:58.484+0000][1][safepoint    ] Entering safepoint region: Cleanup
[2022-06-13T02:16:58.485+0000][1][safepoint    ] Leaving safepoint region
[2022-06-13T02:16:58.486+0000][1][safepoint    ] Total time for which application threads were stopped: 0.0012418 seconds, Stopping threads took: 0.0005838 seconds
[2022-06-13T02:16:59.486+0000][1][safepoint    ] Application time: 1.0002038 seconds
[2022-06-13T02:16:59.487+0000][1][safepoint    ] Entering safepoint region: Cleanup
[2022-06-13T02:16:59.487+0000][1][safepoint    ] Leaving safepoint region
[2022-06-13T02:16:59.488+0000][1][safepoint    ] Total time for which application threads were stopped: 0.0008055 seconds, Stopping threads took: 0.0003429 seconds
[2022-06-13T02:17:00.488+0000][1][safepoint    ] Application time: 1.0001920 seconds
[2022-06-13T02:17:00.489+0000][1][safepoint    ] Entering safepoint region: Cleanup
[2022-06-13T02:17:00.490+0000][1][safepoint    ] Leaving safepoint region
[2022-06-13T02:17:00.490+0000][1][safepoint    ] Total time for which application threads were stopped: 0.0011157 seconds, Stopping threads took: 0.0005637 seconds
[2022-06-13T02:17:01.491+0000][1][safepoint    ] Application time: 1.0001866 seconds
[2022-06-13T02:17:01.492+0000][1][safepoint    ] Entering safepoint region: Cleanup
[2022-06-13T02:17:01.492+0000][1][safepoint    ] Leaving safepoint region
[2022-06-13T02:17:01.493+0000][1][safepoint    ] Total time for which application threads were stopped: 0.0011220 seconds, Stopping threads took: 0.0005151 seconds
[2022-06-13T02:17:02.493+0000][1][safepoint    ] Application time: 1.0002852 seconds
[2022-06-13T02:17:02.494+0000][1][safepoint    ] Entering safepoint region: Cleanup
[2022-06-13T02:17:02.494+0000][1][safepoint    ] Leaving safepoint region
[2022-06-13T02:17:02.494+0000][1][safepoint    ] Total time for which application threads were stopped: 0.0006902 seconds, Stopping threads took: 0.0003341 seconds
[2022-06-13T02:17:03.495+0000][1][safepoint    ] Application time: 1.0001893 seconds
[2022-06-13T02:17:03.496+0000][1][safepoint    ] Entering safepoint region: Cleanup
[2022-06-13T02:17:03.496+0000][1][safepoint    ] Leaving safepoint region
[2022-06-13T02:17:03.496+0000][1][safepoint    ] Total time for which application threads were stopped: 0.0007999 seconds, Stopping threads took: 0.0003836 seconds
[2022-06-13T02:17:04.497+0000][1][safepoint    ] Application time: 1.0001956 seconds
[2022-06-13T02:17:04.497+0000][1][safepoint    ] Entering safepoint region: Cleanup
[2022-06-13T02:17:04.498+0000][1][safepoint    ] Leaving safepoint region
[2022-06-13T02:17:04.498+0000][1][safepoint    ] Total time for which application threads were stopped: 0.0009211 seconds, Stopping threads took: 0.0004811 seconds
[2022-06-13T02:17:05.499+0000][1][safepoint    ] Application time: 1.0001714 seconds
[2022-06-13T02:17:05.499+0000][1][safepoint    ] Entering safepoint region: Cleanup
[2022-06-13T02:17:05.500+0000][1][safepoint    ] Leaving safepoint region
[2022-06-13T02:17:05.500+0000][1][safepoint    ] Total time for which application threads were stopped: 0.0008303 seconds, Stopping threads took: 0.0003559 seconds
[2022-06-13T02:17:06.501+0000][1][safepoint    ] Application time: 1.0002893 seconds
[2022-06-13T02:17:06.501+0000][1][safepoint    ] Entering safepoint region: Cleanup
[2022-06-13T02:17:06.502+0000][1][safepoint    ] Leaving safepoint region
[2022-06-13T02:17:06.502+0000][1][safepoint    ] Total time for which application threads were stopped: 0.0009945 seconds, Stopping threads took: 0.0004502 seconds
[2022-06-13T02:17:07.503+0000][1][safepoint    ] Application time: 1.0003381 seconds
[2022-06-13T02:17:07.504+0000][1][safepoint    ] Entering safepoint region: Cleanup
[2022-06-13T02:17:07.504+0000][1][safepoint    ] Leaving safepoint region
[2022-06-13T02:17:07.505+0000][1][safepoint    ] Total time for which application threads were stopped: 0.0008711 seconds, Stopping threads took: 0.0003427 seconds
[2022-06-13T02:17:08.505+0000][1][safepoint    ] Application time: 1.0002740 seconds
[2022-06-13T02:17:08.506+0000][1][safepoint    ] Entering safepoint region: Cleanup
[2022-06-13T02:17:08.506+0000][1][safepoint    ] Leaving safepoint region
[2022-06-13T02:17:08.507+0000][1][safepoint    ] Total time for which application threads were stopped: 0.0008590 seconds, Stopping threads took: 0.0004826 seconds
[2022-06-13T02:17:09.507+0000][1][safepoint    ] Application time: 1.0002313 seconds
[2022-06-13T02:17:09.508+0000][1][safepoint    ] Entering safepoint region: Cleanup
[2022-06-13T02:17:09.509+0000][1][safepoint    ] Leaving safepoint region
[2022-06-13T02:17:09.509+0000][1][safepoint    ] Total time for which application threads were stopped: 0.0011661 seconds, Stopping threads took: 0.0005065 seconds
[2022-06-13T02:17:10.510+0000][1][safepoint    ] Application time: 1.0002458 seconds
[2022-06-13T02:17:10.511+0000][1][safepoint    ] Entering safepoint region: Cleanup
[2022-06-13T02:17:10.511+0000][1][safepoint    ] Leaving safepoint region
[2022-06-13T02:17:10.511+0000][1][safepoint    ] Total time for which application threads were stopped: 0.0009482 seconds, Stopping threads took: 0.0004389 seconds
[2022-06-13T02:17:11.512+0000][1][safepoint    ] Application time: 1.0001903 seconds
[2022-06-13T02:17:11.513+0000][1][safepoint    ] Entering safepoint region: Cleanup
[2022-06-13T02:17:11.513+0000][1][safepoint    ] Leaving safepoint region
[2022-06-13T02:17:11.514+0000][1][safepoint    ] Total time for which application threads were stopped: 0.0011464 seconds, Stopping threads took: 0.0005316 seconds
[2022-06-13T02:17:12.514+0000][1][safepoint    ] Application time: 1.0003209 seconds
[2022-06-13T02:17:12.515+0000][1][safepoint    ] Entering safepoint region: Cleanup
[2022-06-13T02:17:12.516+0000][1][safepoint    ] Leaving safepoint region
[2022-06-13T02:17:12.516+0000][1][safepoint    ] Total time for which application threads were stopped: 0.0010160 seconds, Stopping threads took: 0.0005489 seconds
[2022-06-13T02:17:13.517+0000][1][safepoint    ] Application time: 1.0001552 seconds
[2022-06-13T02:17:13.517+0000][1][safepoint    ] Entering safepoint region: Cleanup
[2022-06-13T02:17:13.518+0000][1][safepoint    ] Leaving safepoint region
[2022-06-13T02:17:13.518+0000][1][safepoint    ] Total time for which application threads were stopped: 0.0009028 seconds, Stopping threads took: 0.0004067 seconds
[2022-06-13T02:17:14.519+0000][1][safepoint    ] Application time: 1.0003978 seconds
[2022-06-13T02:17:14.520+0000][1][safepoint    ] Entering safepoint region: Cleanup
[2022-06-13T02:17:14.520+0000][1][safepoint    ] Leaving safepoint region
[2022-06-13T02:17:14.520+0000][1][safepoint    ] Total time for which application threads were stopped: 0.0008747 seconds, Stopping threads took: 0.0003454 seconds
[2022-06-13T02:17:15.521+0000][1][safepoint    ] Application time: 1.0001899 seconds
[2022-06-13T02:17:15.522+0000][1][safepoint    ] Entering safepoint region: Cleanup
[2022-06-13T02:17:15.523+0000][1][safepoint    ] Leaving safepoint region
[2022-06-13T02:17:15.524+0000][1][safepoint    ] Total time for which application threads were stopped: 0.0017039 seconds, Stopping threads took: 0.0007086 seconds
[2022-06-13T02:17:16.525+0000][1][safepoint    ] Application time: 1.0002619 seconds
[2022-06-13T02:17:16.525+0000][1][safepoint    ] Entering safepoint region: Cleanup
[2022-06-13T02:17:16.526+0000][1][safepoint    ] Leaving safepoint region
[2022-06-13T02:17:16.527+0000][1][safepoint    ] Total time for which application threads were stopped: 0.0013308 seconds, Stopping threads took: 0.0005768 seconds
[2022-06-13T02:17:17.527+0000][1][safepoint    ] Application time: 1.0002788 seconds
[2022-06-13T02:17:17.528+0000][1][safepoint    ] Entering safepoint region: Cleanup
[2022-06-13T02:17:17.528+0000][1][safepoint    ] Leaving safepoint region
[2022-06-13T02:17:17.529+0000][1][safepoint    ] Total time for which application threads were stopped: 0.0008939 seconds, Stopping threads took: 0.0004197 seconds
[2022-06-13T02:17:18.529+0000][1][safepoint    ] Application time: 1.0002961 seconds
[2022-06-13T02:17:18.530+0000][1][safepoint    ] Entering safepoint region: Cleanup
[2022-06-13T02:17:18.531+0000][1][safepoint    ] Leaving safepoint region
[2022-06-13T02:17:18.531+0000][1][safepoint    ] Total time for which application threads were stopped: 0.0010702 seconds, Stopping threads took: 0.0004886 seconds
[2022-06-13T02:17:19.532+0000][1][safepoint    ] Application time: 1.0003353 seconds
[2022-06-13T02:17:19.533+0000][1][safepoint    ] Entering safepoint region: Cleanup
[2022-06-13T02:17:19.533+0000][1][safepoint    ] Leaving safepoint region
[2022-06-13T02:17:19.534+0000][1][safepoint    ] Total time for which application threads were stopped: 0.0008681 seconds, Stopping threads took: 0.0004432 seconds
[2022-06-13T02:17:20.534+0000][1][safepoint    ] Application time: 1.0001780 seconds
[2022-06-13T02:17:20.535+0000][1][safepoint    ] Entering safepoint region: Cleanup
[2022-06-13T02:17:20.535+0000][1][safepoint    ] Leaving safepoint region
[2022-06-13T02:17:20.535+0000][1][safepoint    ] Total time for which application threads were stopped: 0.0006682 seconds, Stopping threads took: 0.0002667 seconds
[2022-06-13T02:17:21.536+0000][1][safepoint    ] Application time: 1.0001359 seconds
[2022-06-13T02:17:21.536+0000][1][safepoint    ] Entering safepoint region: Cleanup
[2022-06-13T02:17:21.536+0000][1][safepoint    ] Leaving safepoint region
[2022-06-13T02:17:21.536+0000][1][safepoint    ] Total time for which application threads were stopped: 0.0003355 seconds, Stopping threads took: 0.0001682 seconds
[2022-06-13T02:17:22.537+0000][1][safepoint    ] Application time: 1.0003265 seconds
[2022-06-13T02:17:22.538+0000][1][safepoint    ] Entering safepoint region: Cleanup
[2022-06-13T02:17:22.538+0000][1][safepoint    ] Leaving safepoint region
[2022-06-13T02:17:22.539+0000][1][safepoint    ] Total time for which application threads were stopped: 0.0013785 seconds, Stopping threads took: 0.0005987 seconds
[2022-06-13T02:17:23.540+0000][1][safepoint    ] Application time: 1.0003634 seconds
[2022-06-13T02:17:23.540+0000][1][safepoint    ] Entering safepoint region: Cleanup
[2022-06-13T02:17:23.541+0000][1][safepoint    ] Leaving safepoint region
[2022-06-13T02:17:23.541+0000][1][safepoint    ] Total time for which application threads were stopped: 0.0006884 seconds, Stopping threads took: 0.0004001 seconds
[2022-06-13T02:17:24.541+0000][1][safepoint    ] Application time: 1.0001270 seconds
[2022-06-13T02:17:24.542+0000][1][safepoint    ] Entering safepoint region: Cleanup
[2022-06-13T02:17:24.542+0000][1][safepoint    ] Leaving safepoint region
[2022-06-13T02:17:24.542+0000][1][safepoint    ] Total time for which application threads were stopped: 0.0003560 seconds, Stopping threads took: 0.0001690 seconds
[2022-06-13T02:17:25.542+0000][1][safepoint    ] Application time: 1.0002663 seconds
[2022-06-13T02:17:25.543+0000][1][safepoint    ] Entering safepoint region: Cleanup
[2022-06-13T02:17:25.544+0000][1][safepoint    ] Leaving safepoint region
[2022-06-13T02:17:25.545+0000][1][safepoint    ] Total time for which application threads were stopped: 0.0012959 seconds, Stopping threads took: 0.0005832 seconds
[2022-06-13T02:17:26.545+0000][1][safepoint    ] Application time: 1.0001510 seconds
[2022-06-13T02:17:26.546+0000][1][safepoint    ] Entering safepoint region: Cleanup
[2022-06-13T02:17:26.546+0000][1][safepoint    ] Leaving safepoint region
[2022-06-13T02:17:26.546+0000][1][safepoint    ] Total time for which application threads were stopped: 0.0007857 seconds, Stopping threads took: 0.0003795 seconds
[2022-06-13T02:17:27.547+0000][1][safepoint    ] Application time: 1.0001645 seconds
[2022-06-13T02:17:27.547+0000][1][safepoint    ] Entering safepoint region: Cleanup
[2022-06-13T02:17:27.548+0000][1][safepoint    ] Leaving safepoint region
[2022-06-13T02:17:27.548+0000][1][safepoint    ] Total time for which application threads were stopped: 0.0009275 seconds, Stopping threads took: 0.0004392 seconds
[2022-06-13T02:17:28.549+0000][1][safepoint    ] Application time: 1.0001683 seconds
[2022-06-13T02:17:28.549+0000][1][safepoint    ] Entering safepoint region: Cleanup
[2022-06-13T02:17:28.549+0000][1][safepoint    ] Leaving safepoint region
[2022-06-13T02:17:28.550+0000][1][safepoint    ] Total time for which application threads were stopped: 0.0004824 seconds, Stopping threads took: 0.0001837 seconds
[2022-06-13T02:17:29.550+0000][1][safepoint    ] Application time: 1.0001078 seconds
[2022-06-13T02:17:29.550+0000][1][safepoint    ] Entering safepoint region: Cleanup
[2022-06-13T02:17:29.550+0000][1][safepoint    ] Leaving safepoint region
[2022-06-13T02:17:29.550+0000][1][safepoint    ] Total time for which application threads were stopped: 0.0002807 seconds, Stopping threads took: 0.0001098 seconds
[2022-06-13T02:17:30.551+0000][1][safepoint    ] Application time: 1.0001436 seconds
[2022-06-13T02:17:30.551+0000][1][safepoint    ] Entering safepoint region: Cleanup
[2022-06-13T02:17:30.552+0000][1][safepoint    ] Leaving safepoint region
[2022-06-13T02:17:30.552+0000][1][safepoint    ] Total time for which application threads were stopped: 0.0010132 seconds, Stopping threads took: 0.0004534 seconds
[2022-06-13T02:17:31.553+0000][1][safepoint    ] Application time: 1.0002489 seconds
[2022-06-13T02:17:31.554+0000][1][safepoint    ] Entering safepoint region: Cleanup
[2022-06-13T02:17:31.554+0000][1][safepoint    ] Leaving safepoint region
[2022-06-13T02:17:31.555+0000][1][safepoint    ] Total time for which application threads were stopped: 0.0010428 seconds, Stopping threads took: 0.0003861 seconds
[2022-06-13T02:17:32.555+0000][1][safepoint    ] Application time: 1.0001755 seconds
[2022-06-13T02:17:32.556+0000][1][safepoint    ] Entering safepoint region: Cleanup
[2022-06-13T02:17:32.557+0000][1][safepoint    ] Leaving safepoint region
[2022-06-13T02:17:32.557+0000][1][safepoint    ] Total time for which application threads were stopped: 0.0009787 seconds, Stopping threads took: 0.0004565 seconds
[2022-06-13T02:17:33.558+0000][1][safepoint    ] Application time: 1.0002611 seconds
[2022-06-13T02:17:33.558+0000][1][safepoint    ] Entering safepoint region: Cleanup
[2022-06-13T02:17:33.559+0000][1][safepoint    ] Leaving safepoint region
[2022-06-13T02:17:33.559+0000][1][safepoint    ] Total time for which application threads were stopped: 0.0010470 seconds, Stopping threads took: 0.0004655 seconds
[2022-06-13T02:17:34.560+0000][1][safepoint    ] Application time: 1.0002213 seconds
[2022-06-13T02:17:34.561+0000][1][safepoint    ] Entering safepoint region: Cleanup
[2022-06-13T02:17:34.561+0000][1][safepoint    ] Leaving safepoint region
[2022-06-13T02:17:34.561+0000][1][safepoint    ] Total time for which application threads were stopped: 0.0008339 seconds, Stopping threads took: 0.0004002 seconds
[2022-06-13T02:17:35.562+0000][1][safepoint    ] Application time: 1.0001937 seconds
[2022-06-13T02:17:35.563+0000][1][safepoint    ] Entering safepoint region: Cleanup
[2022-06-13T02:17:35.564+0000][1][safepoint    ] Leaving safepoint region
[2022-06-13T02:17:35.564+0000][1][safepoint    ] Total time for which application threads were stopped: 0.0013341 seconds, Stopping threads took: 0.0005850 seconds
[2022-06-13T02:17:36.565+0000][1][safepoint    ] Application time: 1.0001959 seconds
[2022-06-13T02:17:36.566+0000][1][safepoint    ] Entering safepoint region: Cleanup
[2022-06-13T02:17:36.566+0000][1][safepoint    ] Leaving safepoint region
[2022-06-13T02:17:36.567+0000][1][safepoint    ] Total time for which application threads were stopped: 0.0011640 seconds, Stopping threads took: 0.0007119 seconds
[2022-06-13T02:17:37.567+0000][1][safepoint    ] Application time: 1.0002129 seconds
[2022-06-13T02:17:37.568+0000][1][safepoint    ] Entering safepoint region: Cleanup
[2022-06-13T02:17:37.568+0000][1][safepoint    ] Leaving safepoint region
[2022-06-13T02:17:37.568+0000][1][safepoint    ] Total time for which application threads were stopped: 0.0006566 seconds, Stopping threads took: 0.0002693 seconds
[2022-06-13T02:17:38.569+0000][1][safepoint    ] Application time: 1.0001849 seconds
[2022-06-13T02:17:38.570+0000][1][safepoint    ] Entering safepoint region: Cleanup
[2022-06-13T02:17:38.571+0000][1][safepoint    ] Leaving safepoint region
[2022-06-13T02:17:38.571+0000][1][safepoint    ] Total time for which application threads were stopped: 0.0009494 seconds, Stopping threads took: 0.0004062 seconds
[2022-06-13T02:17:39.572+0000][1][safepoint    ] Application time: 1.0003225 seconds
[2022-06-13T02:17:39.572+0000][1][safepoint    ] Entering safepoint region: Cleanup
[2022-06-13T02:17:39.573+0000][1][safepoint    ] Leaving safepoint region
[2022-06-13T02:17:39.573+0000][1][safepoint    ] Total time for which application threads were stopped: 0.0010263 seconds, Stopping threads took: 0.0004416 seconds
[2022-06-13T02:17:40.574+0000][1][safepoint    ] Application time: 1.0002451 seconds
[2022-06-13T02:17:40.574+0000][1][safepoint    ] Entering safepoint region: Cleanup
[2022-06-13T02:17:40.575+0000][1][safepoint    ] Leaving safepoint region
[2022-06-13T02:17:40.575+0000][1][safepoint    ] Total time for which application threads were stopped: 0.0006007 seconds, Stopping threads took: 0.0003582 seconds
[2022-06-13T02:17:41.575+0000][1][safepoint    ] Application time: 1.0003264 seconds
[2022-06-13T02:17:41.576+0000][1][safepoint    ] Entering safepoint region: Cleanup
[2022-06-13T02:17:41.577+0000][1][safepoint    ] Leaving safepoint region
[2022-06-13T02:17:41.577+0000][1][safepoint    ] Total time for which application threads were stopped: 0.0008992 seconds, Stopping threads took: 0.0004208 seconds
[2022-06-13T02:17:42.578+0000][1][safepoint    ] Application time: 1.0002233 seconds
[2022-06-13T02:17:42.579+0000][1][safepoint    ] Entering safepoint region: Cleanup
[2022-06-13T02:17:42.579+0000][1][safepoint    ] Leaving safepoint region
[2022-06-13T02:17:42.580+0000][1][safepoint    ] Total time for which application threads were stopped: 0.0012639 seconds, Stopping threads took: 0.0006183 seconds
[2022-06-13T02:17:43.581+0000][1][safepoint    ] Application time: 1.0002437 seconds
[2022-06-13T02:17:43.581+0000][1][safepoint    ] Entering safepoint region: Cleanup
[2022-06-13T02:17:43.582+0000][1][safepoint    ] Leaving safepoint region
[2022-06-13T02:17:43.582+0000][1][safepoint    ] Total time for which application threads were stopped: 0.0009105 seconds, Stopping threads took: 0.0004183 seconds
[2022-06-13T02:17:44.583+0000][1][safepoint    ] Application time: 1.0002421 seconds
[2022-06-13T02:17:44.583+0000][1][safepoint    ] Entering safepoint region: Cleanup
[2022-06-13T02:17:44.583+0000][1][safepoint    ] Leaving safepoint region
[2022-06-13T02:17:44.584+0000][1][safepoint    ] Total time for which application threads were stopped: 0.0007135 seconds, Stopping threads took: 0.0002524 seconds
[2022-06-13T02:17:45.584+0000][1][safepoint    ] Application time: 1.0002435 seconds
[2022-06-13T02:17:45.585+0000][1][safepoint    ] Entering safepoint region: Cleanup
[2022-06-13T02:17:45.586+0000][1][safepoint    ] Leaving safepoint region
[2022-06-13T02:17:45.587+0000][1][safepoint    ] Total time for which application threads were stopped: 0.0016524 seconds, Stopping threads took: 0.0008699 seconds
[2022-06-13T02:17:46.587+0000][1][safepoint    ] Application time: 1.0001822 seconds
[2022-06-13T02:17:46.588+0000][1][safepoint    ] Entering safepoint region: Cleanup
[2022-06-13T02:17:46.588+0000][1][safepoint    ] Leaving safepoint region
[2022-06-13T02:17:46.588+0000][1][safepoint    ] Total time for which application threads were stopped: 0.0003831 seconds, Stopping threads took: 0.0001574 seconds
[2022-06-13T02:17:47.588+0000][1][safepoint    ] Application time: 1.0001958 seconds
[2022-06-13T02:17:47.589+0000][1][safepoint    ] Entering safepoint region: Cleanup
[2022-06-13T02:17:47.589+0000][1][safepoint    ] Leaving safepoint region
[2022-06-13T02:17:47.590+0000][1][safepoint    ] Total time for which application threads were stopped: 0.0007772 seconds, Stopping threads took: 0.0002820 seconds
[2022-06-13T02:17:48.590+0000][1][safepoint    ] Application time: 1.0003349 seconds
[2022-06-13T02:17:48.591+0000][1][safepoint    ] Entering safepoint region: Cleanup
[2022-06-13T02:17:48.592+0000][1][safepoint    ] Leaving safepoint region
[2022-06-13T02:17:48.592+0000][1][safepoint    ] Total time for which application threads were stopped: 0.0010806 seconds, Stopping threads took: 0.0004699 seconds
[2022-06-13T02:17:49.593+0000][1][safepoint    ] Application time: 1.0001913 seconds
[2022-06-13T02:17:49.593+0000][1][safepoint    ] Entering safepoint region: Cleanup
[2022-06-13T02:17:49.593+0000][1][safepoint    ] Leaving safepoint region
[2022-06-13T02:17:49.594+0000][1][safepoint    ] Total time for which application threads were stopped: 0.0004670 seconds, Stopping threads took: 0.0002627 seconds
[2022-06-13T02:17:50.594+0000][1][safepoint    ] Application time: 1.0001193 seconds
[2022-06-13T02:17:50.594+0000][1][safepoint    ] Entering safepoint region: Cleanup
[2022-06-13T02:17:50.594+0000][1][safepoint    ] Leaving safepoint region
[2022-06-13T02:17:50.594+0000][1][safepoint    ] Total time for which application threads were stopped: 0.0003638 seconds, Stopping threads took: 0.0001734 seconds
[2022-06-13T02:17:51.595+0000][1][safepoint    ] Application time: 1.0001801 seconds
[2022-06-13T02:17:51.595+0000][1][safepoint    ] Entering safepoint region: Cleanup
[2022-06-13T02:17:51.596+0000][1][safepoint    ] Leaving safepoint region
[2022-06-13T02:17:51.596+0000][1][safepoint    ] Total time for which application threads were stopped: 0.0006775 seconds, Stopping threads took: 0.0002959 seconds
[2022-06-13T02:17:52.596+0000][1][safepoint    ] Application time: 1.0002091 seconds
[2022-06-13T02:17:52.597+0000][1][safepoint    ] Entering safepoint region: Cleanup
[2022-06-13T02:17:52.597+0000][1][safepoint    ] Leaving safepoint region
[2022-06-13T02:17:52.598+0000][1][safepoint    ] Total time for which application threads were stopped: 0.0008808 seconds, Stopping threads took: 0.0003908 seconds
[2022-06-13T02:17:53.598+0000][1][safepoint    ] Application time: 1.0001134 seconds
[2022-06-13T02:17:53.599+0000][1][safepoint    ] Entering safepoint region: Cleanup
[2022-06-13T02:17:53.599+0000][1][safepoint    ] Leaving safepoint region
[2022-06-13T02:17:53.599+0000][1][safepoint    ] Total time for which application threads were stopped: 0.0009000 seconds, Stopping threads took: 0.0004620 seconds
[2022-06-13T02:17:54.600+0000][1][safepoint    ] Application time: 1.0002855 seconds
[2022-06-13T02:17:54.601+0000][1][safepoint    ] Entering safepoint region: Cleanup
[2022-06-13T02:17:54.601+0000][1][safepoint    ] Leaving safepoint region
[2022-06-13T02:17:54.601+0000][1][safepoint    ] Total time for which application threads were stopped: 0.0007833 seconds, Stopping threads took: 0.0003812 seconds
[2022-06-13T02:17:55.602+0000][1][safepoint    ] Application time: 1.0002588 seconds
[2022-06-13T02:17:55.603+0000][1][safepoint    ] Entering safepoint region: Cleanup
[2022-06-13T02:17:55.603+0000][1][safepoint    ] Leaving safepoint region
[2022-06-13T02:17:55.603+0000][1][safepoint    ] Total time for which application threads were stopped: 0.0008176 seconds, Stopping threads took: 0.0003690 seconds
[2022-06-13T02:17:56.604+0000][1][safepoint    ] Application time: 1.0001454 seconds
[2022-06-13T02:17:56.604+0000][1][safepoint    ] Entering safepoint region: Cleanup
[2022-06-13T02:17:56.605+0000][1][safepoint    ] Leaving safepoint region
[2022-06-13T02:17:56.605+0000][1][safepoint    ] Total time for which application threads were stopped: 0.0005131 seconds, Stopping threads took: 0.0002218 seconds
[2022-06-13T02:17:57.605+0000][1][safepoint    ] Application time: 1.0002289 seconds
[2022-06-13T02:17:57.605+0000][1][safepoint    ] Entering safepoint region: Cleanup
[2022-06-13T02:17:57.606+0000][1][safepoint    ] Leaving safepoint region
[2022-06-13T02:17:57.606+0000][1][safepoint    ] Total time for which application threads were stopped: 0.0003268 seconds, Stopping threads took: 0.0001606 seconds
[2022-06-13T02:17:58.606+0000][1][safepoint    ] Application time: 1.0002606 seconds
[2022-06-13T02:17:58.607+0000][1][safepoint    ] Entering safepoint region: Cleanup
[2022-06-13T02:17:58.607+0000][1][safepoint    ] Leaving safepoint region
[2022-06-13T02:17:58.608+0000][1][safepoint    ] Total time for which application threads were stopped: 0.0012075 seconds, Stopping threads took: 0.0004295 seconds
[2022-06-13T02:17:59.608+0000][1][safepoint    ] Application time: 1.0002190 seconds
[2022-06-13T02:17:59.609+0000][1][safepoint    ] Entering safepoint region: Cleanup
[2022-06-13T02:17:59.609+0000][1][safepoint    ] Leaving safepoint region
[2022-06-13T02:17:59.609+0000][1][safepoint    ] Total time for which application threads were stopped: 0.0006262 seconds, Stopping threads took: 0.0002466 seconds
[2022-06-13T02:18:00.610+0000][1][safepoint    ] Application time: 1.0002469 seconds
[2022-06-13T02:18:00.610+0000][1][safepoint    ] Entering safepoint region: Cleanup
[2022-06-13T02:18:00.611+0000][1][safepoint    ] Leaving safepoint region
[2022-06-13T02:18:00.611+0000][1][safepoint    ] Total time for which application threads were stopped: 0.0009089 seconds, Stopping threads took: 0.0004124 seconds
[2022-06-13T02:18:01.612+0000][1][safepoint    ] Application time: 1.0002519 seconds
[2022-06-13T02:18:01.613+0000][1][safepoint    ] Entering safepoint region: Cleanup
[2022-06-13T02:18:01.613+0000][1][safepoint    ] Leaving safepoint region
[2022-06-13T02:18:01.613+0000][1][safepoint    ] Total time for which application threads were stopped: 0.0007440 seconds, Stopping threads took: 0.0003551 seconds
[2022-06-13T02:18:02.614+0000][1][safepoint    ] Application time: 1.0002120 seconds
[2022-06-13T02:18:02.614+0000][1][safepoint    ] Entering safepoint region: Cleanup
[2022-06-13T02:18:02.615+0000][1][safepoint    ] Leaving safepoint region
[2022-06-13T02:18:02.615+0000][1][safepoint    ] Total time for which application threads were stopped: 0.0010008 seconds, Stopping threads took: 0.0004096 seconds
[2022-06-13T02:18:03.616+0000][1][safepoint    ] Application time: 1.0003270 seconds
[2022-06-13T02:18:03.617+0000][1][safepoint    ] Entering safepoint region: Cleanup
[2022-06-13T02:18:03.618+0000][1][safepoint    ] Leaving safepoint region
[2022-06-13T02:18:03.618+0000][1][safepoint    ] Total time for which application threads were stopped: 0.0011450 seconds, Stopping threads took: 0.0005503 seconds
[2022-06-13T02:18:04.619+0000][1][safepoint    ] Application time: 1.0002149 seconds
[2022-06-13T02:18:04.619+0000][1][safepoint    ] Entering safepoint region: Cleanup
[2022-06-13T02:18:04.620+0000][1][safepoint    ] Leaving safepoint region
[2022-06-13T02:18:04.620+0000][1][safepoint    ] Total time for which application threads were stopped: 0.0010132 seconds, Stopping threads took: 0.0005185 seconds
[2022-06-13T02:18:05.621+0000][1][safepoint    ] Application time: 1.0001120 seconds
[2022-06-13T02:18:05.621+0000][1][safepoint    ] Entering safepoint region: Cleanup
[2022-06-13T02:18:05.621+0000][1][safepoint    ] Leaving safepoint region
[2022-06-13T02:18:05.622+0000][1][safepoint    ] Total time for which application threads were stopped: 0.0006201 seconds, Stopping threads took: 0.0002705 seconds
[2022-06-13T02:18:06.622+0000][1][safepoint    ] Application time: 1.0002076 seconds
[2022-06-13T02:18:06.623+0000][1][safepoint    ] Entering safepoint region: Cleanup
[2022-06-13T02:18:06.623+0000][1][safepoint    ] Leaving safepoint region
[2022-06-13T02:18:06.624+0000][1][safepoint    ] Total time for which application threads were stopped: 0.0012075 seconds, Stopping threads took: 0.0005006 seconds
[2022-06-13T02:18:07.625+0000][1][safepoint    ] Application time: 1.0002144 seconds
[2022-06-13T02:18:07.625+0000][1][safepoint    ] Entering safepoint region: Cleanup
[2022-06-13T02:18:07.626+0000][1][safepoint    ] Leaving safepoint region
[2022-06-13T02:18:07.626+0000][1][safepoint    ] Total time for which application threads were stopped: 0.0009249 seconds, Stopping threads took: 0.0004384 seconds
[2022-06-13T02:18:08.627+0000][1][safepoint    ] Application time: 1.0001667 seconds
[2022-06-13T02:18:08.628+0000][1][safepoint    ] Entering safepoint region: Cleanup
[2022-06-13T02:18:08.628+0000][1][safepoint    ] Leaving safepoint region
[2022-06-13T02:18:08.629+0000][1][safepoint    ] Total time for which application threads were stopped: 0.0010573 seconds, Stopping threads took: 0.0004940 seconds
[2022-06-13T02:18:09.629+0000][1][safepoint    ] Application time: 1.0001907 seconds
[2022-06-13T02:18:09.630+0000][1][safepoint    ] Entering safepoint region: Cleanup
[2022-06-13T02:18:09.630+0000][1][safepoint    ] Leaving safepoint region
[2022-06-13T02:18:09.631+0000][1][safepoint    ] Total time for which application threads were stopped: 0.0010099 seconds, Stopping threads took: 0.0004303 seconds
[2022-06-13T02:18:10.632+0000][1][safepoint    ] Application time: 1.0002837 seconds
[2022-06-13T02:18:10.632+0000][1][safepoint    ] Entering safepoint region: Cleanup
[2022-06-13T02:18:10.633+0000][1][safepoint    ] Leaving safepoint region
[2022-06-13T02:18:10.633+0000][1][safepoint    ] Total time for which application threads were stopped: 0.0011763 seconds, Stopping threads took: 0.0005778 seconds
[2022-06-13T02:18:11.634+0000][1][safepoint    ] Application time: 1.0001921 seconds
[2022-06-13T02:18:11.635+0000][1][safepoint    ] Entering safepoint region: Cleanup
[2022-06-13T02:18:11.635+0000][1][safepoint    ] Leaving safepoint region
[2022-06-13T02:18:11.636+0000][1][safepoint    ] Total time for which application threads were stopped: 0.0010609 seconds, Stopping threads took: 0.0004257 seconds
[2022-06-13T02:18:12.637+0000][1][safepoint    ] Application time: 1.0001708 seconds
[2022-06-13T02:18:12.637+0000][1][safepoint    ] Entering safepoint region: Cleanup
[2022-06-13T02:18:12.637+0000][1][safepoint    ] Leaving safepoint region
[2022-06-13T02:18:12.638+0000][1][safepoint    ] Total time for which application threads were stopped: 0.0007954 seconds, Stopping threads took: 0.0003709 seconds
[2022-06-13T02:18:13.638+0000][1][safepoint    ] Application time: 1.0002087 seconds
[2022-06-13T02:18:13.639+0000][1][safepoint    ] Entering safepoint region: Cleanup
[2022-06-13T02:18:13.640+0000][1][safepoint    ] Leaving safepoint region
[2022-06-13T02:18:13.640+0000][1][safepoint    ] Total time for which application threads were stopped: 0.0009571 seconds, Stopping threads took: 0.0004229 seconds
[2022-06-13T02:18:14.640+0000][1][safepoint    ] Application time: 1.0001820 seconds
[2022-06-13T02:18:14.641+0000][1][safepoint    ] Entering safepoint region: Cleanup
[2022-06-13T02:18:14.641+0000][1][safepoint    ] Leaving safepoint region
[2022-06-13T02:18:14.642+0000][1][safepoint    ] Total time for which application threads were stopped: 0.0008208 seconds, Stopping threads took: 0.0003950 seconds
[2022-06-13T02:18:15.643+0000][1][safepoint    ] Application time: 1.0003318 seconds
[2022-06-13T02:18:15.643+0000][1][safepoint    ] Entering safepoint region: Cleanup
[2022-06-13T02:18:15.644+0000][1][safepoint    ] Leaving safepoint region
[2022-06-13T02:18:15.644+0000][1][safepoint    ] Total time for which application threads were stopped: 0.0010334 seconds, Stopping threads took: 0.0004791 seconds
[2022-06-13T02:18:16.645+0000][1][safepoint    ] Application time: 1.0001296 seconds
[2022-06-13T02:18:16.645+0000][1][safepoint    ] Entering safepoint region: Cleanup
[2022-06-13T02:18:16.645+0000][1][safepoint    ] Leaving safepoint region
[2022-06-13T02:18:16.646+0000][1][safepoint    ] Total time for which application threads were stopped: 0.0006109 seconds, Stopping threads took: 0.0003059 seconds
[2022-06-13T02:18:17.646+0000][1][safepoint    ] Application time: 1.0002009 seconds
[2022-06-13T02:18:17.647+0000][1][safepoint    ] Entering safepoint region: Cleanup
[2022-06-13T02:18:17.647+0000][1][safepoint    ] Leaving safepoint region
[2022-06-13T02:18:17.648+0000][1][safepoint    ] Total time for which application threads were stopped: 0.0011437 seconds, Stopping threads took: 0.0004840 seconds
[2022-06-13T02:18:18.649+0000][1][safepoint    ] Application time: 1.0001826 seconds
[2022-06-13T02:18:18.649+0000][1][safepoint    ] Entering safepoint region: Cleanup
[2022-06-13T02:18:18.650+0000][1][safepoint    ] Leaving safepoint region
[2022-06-13T02:18:18.650+0000][1][safepoint    ] Total time for which application threads were stopped: 0.0009523 seconds, Stopping threads took: 0.0004370 seconds
[2022-06-13T02:18:19.651+0000][1][safepoint    ] Application time: 1.0001191 seconds
[2022-06-13T02:18:19.651+0000][1][safepoint    ] Entering safepoint region: Cleanup
[2022-06-13T02:18:19.652+0000][1][safepoint    ] Leaving safepoint region
[2022-06-13T02:18:19.652+0000][1][safepoint    ] Total time for which application threads were stopped: 0.0008526 seconds, Stopping threads took: 0.0003950 seconds
[2022-06-13T02:18:20.652+0000][1][safepoint    ] Application time: 1.0001119 seconds
[2022-06-13T02:18:20.653+0000][1][safepoint    ] Entering safepoint region: Cleanup
[2022-06-13T02:18:20.653+0000][1][safepoint    ] Leaving safepoint region
[2022-06-13T02:18:20.653+0000][1][safepoint    ] Total time for which application threads were stopped: 0.0003607 seconds, Stopping threads took: 0.0001728 seconds
[2022-06-13T02:18:21.654+0000][1][safepoint    ] Application time: 1.0002349 seconds
[2022-06-13T02:18:21.654+0000][1][safepoint    ] Entering safepoint region: Cleanup
[2022-06-13T02:18:21.655+0000][1][safepoint    ] Leaving safepoint region
[2022-06-13T02:18:21.655+0000][1][safepoint    ] Total time for which application threads were stopped: 0.0009382 seconds, Stopping threads took: 0.0004151 seconds
[2022-06-13T02:18:22.383+0000][1][safepoint    ] Application time: 0.7275553 seconds
[2022-06-13T02:18:22.383+0000][1][safepoint    ] Entering safepoint region: GenCollectForAllocation
[2022-06-13T02:18:22.384+0000][1][gc,start     ] GC(24) Pause Young (Allocation Failure)
[2022-06-13T02:18:22.384+0000][1][gc,task      ] GC(24) Using 5 workers of 13 for evacuation
[2022-06-13T02:18:22.388+0000][1][gc,age       ] GC(24) Desired survivor size 4456448 bytes, new threshold 6 (max threshold 6)
[2022-06-13T02:18:22.388+0000][1][gc,age       ] GC(24) Age table with threshold 6 (max threshold 6)
[2022-06-13T02:18:22.389+0000][1][gc,age       ] GC(24) - age   1:      48328 bytes,      48328 total
[2022-06-13T02:18:22.389+0000][1][gc,age       ] GC(24) - age   2:      49120 bytes,      97448 total
[2022-06-13T02:18:22.389+0000][1][gc,age       ] GC(24) - age   3:     585392 bytes,     682840 total
[2022-06-13T02:18:22.390+0000][1][gc,age       ] GC(24) - age   4:    3318384 bytes,    4001224 total
[2022-06-13T02:18:22.390+0000][1][gc,heap      ] GC(24) ParNew: 76098K->5100K(78656K)
[2022-06-13T02:18:22.390+0000][1][gc,heap      ] GC(24) CMS: 64223K->64223K(174784K)
[2022-06-13T02:18:22.391+0000][1][gc,metaspace ] GC(24) Metaspace: 64165K->64165K(1107968K)
[2022-06-13T02:18:22.391+0000][1][gc           ] GC(24) Pause Young (Allocation Failure) 137M->67M(247M) 7.324ms
[2022-06-13T02:18:22.392+0000][1][gc,cpu       ] GC(24) User=0.01s Sys=0.01s Real=0.01s
[2022-06-13T02:18:22.392+0000][1][safepoint    ] Leaving safepoint region
[2022-06-13T02:18:22.392+0000][1][safepoint    ] Total time for which application threads were stopped: 0.0088277 seconds, Stopping threads took: 0.0002781 seconds
[2022-06-13T02:18:23.393+0000][1][safepoint    ] Application time: 1.0003135 seconds
[2022-06-13T02:18:23.393+0000][1][safepoint    ] Entering safepoint region: Cleanup
[2022-06-13T02:18:23.394+0000][1][safepoint    ] Leaving safepoint region
[2022-06-13T02:18:23.394+0000][1][safepoint    ] Total time for which application threads were stopped: 0.0011342 seconds, Stopping threads took: 0.0005448 seconds
[2022-06-13T02:18:24.395+0000][1][safepoint    ] Application time: 1.0002561 seconds
[2022-06-13T02:18:24.396+0000][1][safepoint    ] Entering safepoint region: Cleanup
[2022-06-13T02:18:24.396+0000][1][safepoint    ] Leaving safepoint region
[2022-06-13T02:18:24.397+0000][1][safepoint    ] Total time for which application threads were stopped: 0.0009528 seconds, Stopping threads took: 0.0004927 seconds
[2022-06-13T02:18:25.397+0000][1][safepoint    ] Application time: 1.0002366 seconds
[2022-06-13T02:18:25.398+0000][1][safepoint    ] Entering safepoint region: Cleanup
[2022-06-13T02:18:25.398+0000][1][safepoint    ] Leaving safepoint region
[2022-06-13T02:18:25.399+0000][1][safepoint    ] Total time for which application threads were stopped: 0.0009686 seconds, Stopping threads took: 0.0004351 seconds
[2022-06-13T02:18:26.399+0000][1][safepoint    ] Application time: 1.0001418 seconds
[2022-06-13T02:18:26.400+0000][1][safepoint    ] Entering safepoint region: Cleanup
[2022-06-13T02:18:26.400+0000][1][safepoint    ] Leaving safepoint region
[2022-06-13T02:18:26.401+0000][1][safepoint    ] Total time for which application threads were stopped: 0.0011029 seconds, Stopping threads took: 0.0004899 seconds
[2022-06-13T02:18:27.401+0000][1][safepoint    ] Application time: 1.0001095 seconds
[2022-06-13T02:18:27.402+0000][1][safepoint    ] Entering safepoint region: Cleanup
[2022-06-13T02:18:27.402+0000][1][safepoint    ] Leaving safepoint region
[2022-06-13T02:18:27.403+0000][1][safepoint    ] Total time for which application threads were stopped: 0.0009422 seconds, Stopping threads took: 0.0004057 seconds
[2022-06-13T02:18:28.403+0000][1][safepoint    ] Application time: 1.0001367 seconds
[2022-06-13T02:18:28.404+0000][1][safepoint    ] Entering safepoint region: Cleanup
[2022-06-13T02:18:28.404+0000][1][safepoint    ] Leaving safepoint region
[2022-06-13T02:18:28.405+0000][1][safepoint    ] Total time for which application threads were stopped: 0.0010372 seconds, Stopping threads took: 0.0004293 seconds
[2022-06-13T02:18:29.405+0000][1][safepoint    ] Application time: 1.0001187 seconds
[2022-06-13T02:18:29.406+0000][1][safepoint    ] Entering safepoint region: Cleanup
[2022-06-13T02:18:29.406+0000][1][safepoint    ] Leaving safepoint region
[2022-06-13T02:18:29.406+0000][1][safepoint    ] Total time for which application threads were stopped: 0.0008019 seconds, Stopping threads took: 0.0003114 seconds
[2022-06-13T02:18:30.407+0000][1][safepoint    ] Application time: 1.0001149 seconds
[2022-06-13T02:18:30.407+0000][1][safepoint    ] Entering safepoint region: Cleanup
[2022-06-13T02:18:30.408+0000][1][safepoint    ] Leaving safepoint region
[2022-06-13T02:18:30.408+0000][1][safepoint    ] Total time for which application threads were stopped: 0.0006601 seconds, Stopping threads took: 0.0003130 seconds
[2022-06-13T02:18:31.408+0000][1][safepoint    ] Application time: 1.0003130 seconds
[2022-06-13T02:18:31.409+0000][1][safepoint    ] Entering safepoint region: Cleanup
[2022-06-13T02:18:31.409+0000][1][safepoint    ] Leaving safepoint region
[2022-06-13T02:18:31.410+0000][1][safepoint    ] Total time for which application threads were stopped: 0.0008959 seconds, Stopping threads took: 0.0003752 seconds
[2022-06-13T02:18:32.411+0000][1][safepoint    ] Application time: 1.0002390 seconds
[2022-06-13T02:18:32.411+0000][1][safepoint    ] Entering safepoint region: Cleanup
[2022-06-13T02:18:32.412+0000][1][safepoint    ] Leaving safepoint region
[2022-06-13T02:18:32.412+0000][1][safepoint    ] Total time for which application threads were stopped: 0.0011661 seconds, Stopping threads took: 0.0005050 seconds
[2022-06-13T02:18:33.413+0000][1][safepoint    ] Application time: 1.0003486 seconds
[2022-06-13T02:18:33.414+0000][1][safepoint    ] Entering safepoint region: Cleanup
[2022-06-13T02:18:33.414+0000][1][safepoint    ] Leaving safepoint region
[2022-06-13T02:18:33.415+0000][1][safepoint    ] Total time for which application threads were stopped: 0.0009897 seconds, Stopping threads took: 0.0004491 seconds
[2022-06-13T02:18:34.415+0000][1][safepoint    ] Application time: 1.0002886 seconds
[2022-06-13T02:18:34.416+0000][1][safepoint    ] Entering safepoint region: Cleanup
[2022-06-13T02:18:34.416+0000][1][safepoint    ] Leaving safepoint region
[2022-06-13T02:18:34.417+0000][1][safepoint    ] Total time for which application threads were stopped: 0.0011027 seconds, Stopping threads took: 0.0005309 seconds
[2022-06-13T02:18:35.417+0000][1][safepoint    ] Application time: 1.0001546 seconds
[2022-06-13T02:18:35.418+0000][1][safepoint    ] Entering safepoint region: Cleanup
[2022-06-13T02:18:35.419+0000][1][safepoint    ] Leaving safepoint region
[2022-06-13T02:18:35.419+0000][1][safepoint    ] Total time for which application threads were stopped: 0.0010055 seconds, Stopping threads took: 0.0005975 seconds
[2022-06-13T02:18:36.419+0000][1][safepoint    ] Application time: 1.0001810 seconds
[2022-06-13T02:18:36.420+0000][1][safepoint    ] Entering safepoint region: Cleanup
[2022-06-13T02:18:36.421+0000][1][safepoint    ] Leaving safepoint region
[2022-06-13T02:18:36.421+0000][1][safepoint    ] Total time for which application threads were stopped: 0.0015884 seconds, Stopping threads took: 0.0007613 seconds
[2022-06-13T02:18:37.422+0000][1][safepoint    ] Application time: 1.0002018 seconds
[2022-06-13T02:18:37.423+0000][1][safepoint    ] Entering safepoint region: Cleanup
[2022-06-13T02:18:37.423+0000][1][safepoint    ] Leaving safepoint region
[2022-06-13T02:18:37.424+0000][1][safepoint    ] Total time for which application threads were stopped: 0.0008717 seconds, Stopping threads took: 0.0003879 seconds
[2022-06-13T02:18:38.424+0000][1][safepoint    ] Application time: 1.0002639 seconds
[2022-06-13T02:18:38.425+0000][1][safepoint    ] Entering safepoint region: Cleanup
[2022-06-13T02:18:38.426+0000][1][safepoint    ] Leaving safepoint region
[2022-06-13T02:18:38.426+0000][1][safepoint    ] Total time for which application threads were stopped: 0.0008823 seconds, Stopping threads took: 0.0003699 seconds
[2022-06-13T02:18:39.426+0000][1][safepoint    ] Application time: 1.0001501 seconds
[2022-06-13T02:18:39.427+0000][1][safepoint    ] Entering safepoint region: Cleanup
[2022-06-13T02:18:39.427+0000][1][safepoint    ] Leaving safepoint region
[2022-06-13T02:18:39.428+0000][1][safepoint    ] Total time for which application threads were stopped: 0.0009853 seconds, Stopping threads took: 0.0003682 seconds
[2022-06-13T02:18:40.429+0000][1][safepoint    ] Application time: 1.0002097 seconds
[2022-06-13T02:18:40.429+0000][1][safepoint    ] Entering safepoint region: Cleanup
[2022-06-13T02:18:40.430+0000][1][safepoint    ] Leaving safepoint region
[2022-06-13T02:18:40.430+0000][1][safepoint    ] Total time for which application threads were stopped: 0.0010088 seconds, Stopping threads took: 0.0004512 seconds
[2022-06-13T02:18:41.431+0000][1][safepoint    ] Application time: 1.0003087 seconds
[2022-06-13T02:18:41.431+0000][1][safepoint    ] Entering safepoint region: Cleanup
[2022-06-13T02:18:41.432+0000][1][safepoint    ] Leaving safepoint region
[2022-06-13T02:18:41.432+0000][1][safepoint    ] Total time for which application threads were stopped: 0.0010469 seconds, Stopping threads took: 0.0004568 seconds
[2022-06-13T02:18:42.433+0000][1][safepoint    ] Application time: 1.0001412 seconds
[2022-06-13T02:18:42.433+0000][1][safepoint    ] Entering safepoint region: Cleanup
[2022-06-13T02:18:42.434+0000][1][safepoint    ] Leaving safepoint region
[2022-06-13T02:18:42.434+0000][1][safepoint    ] Total time for which application threads were stopped: 0.0010082 seconds, Stopping threads took: 0.0004428 seconds
[2022-06-13T02:18:43.435+0000][1][safepoint    ] Application time: 1.0003130 seconds
[2022-06-13T02:18:43.436+0000][1][safepoint    ] Entering safepoint region: Cleanup
[2022-06-13T02:18:43.436+0000][1][safepoint    ] Leaving safepoint region
[2022-06-13T02:18:43.437+0000][1][safepoint    ] Total time for which application threads were stopped: 0.0010645 seconds, Stopping threads took: 0.0004981 seconds
[2022-06-13T02:18:44.437+0000][1][safepoint    ] Application time: 1.0002546 seconds
[2022-06-13T02:18:44.438+0000][1][safepoint    ] Entering safepoint region: Cleanup
[2022-06-13T02:18:44.438+0000][1][safepoint    ] Leaving safepoint region
[2022-06-13T02:18:44.439+0000][1][safepoint    ] Total time for which application threads were stopped: 0.0010135 seconds, Stopping threads took: 0.0004308 seconds
[2022-06-13T02:18:45.439+0000][1][safepoint    ] Application time: 1.0002298 seconds
[2022-06-13T02:18:45.440+0000][1][safepoint    ] Entering safepoint region: Cleanup
[2022-06-13T02:18:45.441+0000][1][safepoint    ] Leaving safepoint region
[2022-06-13T02:18:45.441+0000][1][safepoint    ] Total time for which application threads were stopped: 0.0011863 seconds, Stopping threads took: 0.0005286 seconds
[2022-06-13T02:18:46.442+0000][1][safepoint    ] Application time: 1.0001742 seconds
[2022-06-13T02:18:46.443+0000][1][safepoint    ] Entering safepoint region: Cleanup
[2022-06-13T02:18:46.443+0000][1][safepoint    ] Leaving safepoint region
[2022-06-13T02:18:46.443+0000][1][safepoint    ] Total time for which application threads were stopped: 0.0009251 seconds, Stopping threads took: 0.0003663 seconds
[2022-06-13T02:18:47.444+0000][1][safepoint    ] Application time: 1.0001332 seconds
[2022-06-13T02:18:47.444+0000][1][safepoint    ] Entering safepoint region: Cleanup
[2022-06-13T02:18:47.444+0000][1][safepoint    ] Leaving safepoint region
[2022-06-13T02:18:47.445+0000][1][safepoint    ] Total time for which application threads were stopped: 0.0007651 seconds, Stopping threads took: 0.0002313 seconds
[2022-06-13T02:18:48.445+0000][1][safepoint    ] Application time: 1.0001764 seconds
[2022-06-13T02:18:48.446+0000][1][safepoint    ] Entering safepoint region: Cleanup
[2022-06-13T02:18:48.446+0000][1][safepoint    ] Leaving safepoint region
[2022-06-13T02:18:48.447+0000][1][safepoint    ] Total time for which application threads were stopped: 0.0010939 seconds, Stopping threads took: 0.0004985 seconds
[2022-06-13T02:18:49.448+0000][1][safepoint    ] Application time: 1.0002390 seconds
[2022-06-13T02:18:49.448+0000][1][safepoint    ] Entering safepoint region: Cleanup
[2022-06-13T02:18:49.449+0000][1][safepoint    ] Leaving safepoint region
[2022-06-13T02:18:49.449+0000][1][safepoint    ] Total time for which application threads were stopped: 0.0007088 seconds, Stopping threads took: 0.0002460 seconds
[2022-06-13T02:18:50.449+0000][1][safepoint    ] Application time: 1.0001568 seconds
[2022-06-13T02:18:50.450+0000][1][safepoint    ] Entering safepoint region: Cleanup
[2022-06-13T02:18:50.451+0000][1][safepoint    ] Leaving safepoint region
[2022-06-13T02:18:50.451+0000][1][safepoint    ] Total time for which application threads were stopped: 0.0008768 seconds, Stopping threads took: 0.0004032 seconds
[2022-06-13T02:18:51.452+0000][1][safepoint    ] Application time: 1.0002651 seconds
[2022-06-13T02:18:51.452+0000][1][safepoint    ] Entering safepoint region: Cleanup
[2022-06-13T02:18:51.452+0000][1][safepoint    ] Leaving safepoint region
[2022-06-13T02:18:51.453+0000][1][safepoint    ] Total time for which application threads were stopped: 0.0008578 seconds, Stopping threads took: 0.0004374 seconds
[2022-06-13T02:18:52.453+0000][1][safepoint    ] Application time: 1.0002406 seconds
[2022-06-13T02:18:52.454+0000][1][safepoint    ] Entering safepoint region: Cleanup
[2022-06-13T02:18:52.455+0000][1][safepoint    ] Leaving safepoint region
[2022-06-13T02:18:52.455+0000][1][safepoint    ] Total time for which application threads were stopped: 0.0012312 seconds, Stopping threads took: 0.0005863 seconds
[2022-06-13T02:18:53.456+0000][1][safepoint    ] Application time: 1.0001410 seconds
[2022-06-13T02:18:53.456+0000][1][safepoint    ] Entering safepoint region: Cleanup
[2022-06-13T02:18:53.457+0000][1][safepoint    ] Leaving safepoint region
[2022-06-13T02:18:53.457+0000][1][safepoint    ] Total time for which application threads were stopped: 0.0008836 seconds, Stopping threads took: 0.0004064 seconds
[2022-06-13T02:18:54.458+0000][1][safepoint    ] Application time: 1.0005812 seconds
[2022-06-13T02:18:54.459+0000][1][safepoint    ] Entering safepoint region: Cleanup
[2022-06-13T02:18:54.460+0000][1][safepoint    ] Leaving safepoint region
[2022-06-13T02:18:54.460+0000][1][safepoint    ] Total time for which application threads were stopped: 0.0011552 seconds, Stopping threads took: 0.0005690 seconds
[2022-06-13T02:18:55.461+0000][1][safepoint    ] Application time: 1.0001420 seconds
[2022-06-13T02:18:55.461+0000][1][safepoint    ] Entering safepoint region: Cleanup
[2022-06-13T02:18:55.461+0000][1][safepoint    ] Leaving safepoint region
[2022-06-13T02:18:55.461+0000][1][safepoint    ] Total time for which application threads were stopped: 0.0004311 seconds, Stopping threads took: 0.0001791 seconds
[2022-06-13T02:18:56.462+0000][1][safepoint    ] Application time: 1.0001310 seconds
[2022-06-13T02:18:56.462+0000][1][safepoint    ] Entering safepoint region: Cleanup
[2022-06-13T02:18:56.462+0000][1][safepoint    ] Leaving safepoint region
[2022-06-13T02:18:56.463+0000][1][safepoint    ] Total time for which application threads were stopped: 0.0006602 seconds, Stopping threads took: 0.0002475 seconds
[2022-06-13T02:18:57.463+0000][1][safepoint    ] Application time: 1.0002542 seconds
[2022-06-13T02:18:57.464+0000][1][safepoint    ] Entering safepoint region: Cleanup
[2022-06-13T02:18:57.464+0000][1][safepoint    ] Leaving safepoint region
[2022-06-13T02:18:57.464+0000][1][safepoint    ] Total time for which application threads were stopped: 0.0005869 seconds, Stopping threads took: 0.0002293 seconds
[2022-06-13T02:18:58.465+0000][1][safepoint    ] Application time: 1.0001364 seconds
[2022-06-13T02:18:58.465+0000][1][safepoint    ] Entering safepoint region: Cleanup
[2022-06-13T02:18:58.465+0000][1][safepoint    ] Leaving safepoint region
[2022-06-13T02:18:58.465+0000][1][safepoint    ] Total time for which application threads were stopped: 0.0003394 seconds, Stopping threads took: 0.0001723 seconds
[2022-06-13T02:18:59.465+0000][1][safepoint    ] Application time: 1.0001780 seconds
[2022-06-13T02:18:59.466+0000][1][safepoint    ] Entering safepoint region: Cleanup
[2022-06-13T02:18:59.467+0000][1][safepoint    ] Leaving safepoint region
[2022-06-13T02:18:59.467+0000][1][safepoint    ] Total time for which application threads were stopped: 0.0013234 seconds, Stopping threads took: 0.0004850 seconds
[2022-06-13T02:19:00.468+0000][1][safepoint    ] Application time: 1.0002117 seconds
[2022-06-13T02:19:00.469+0000][1][safepoint    ] Entering safepoint region: Cleanup
[2022-06-13T02:19:00.469+0000][1][safepoint    ] Leaving safepoint region
[2022-06-13T02:19:00.470+0000][1][safepoint    ] Total time for which application threads were stopped: 0.0013323 seconds, Stopping threads took: 0.0005809 seconds
[2022-06-13T02:19:01.471+0000][1][safepoint    ] Application time: 1.0002571 seconds
[2022-06-13T02:19:01.471+0000][1][safepoint    ] Entering safepoint region: Cleanup
[2022-06-13T02:19:01.471+0000][1][safepoint    ] Leaving safepoint region
[2022-06-13T02:19:01.472+0000][1][safepoint    ] Total time for which application threads were stopped: 0.0007200 seconds, Stopping threads took: 0.0002871 seconds
[2022-06-13T02:19:02.472+0000][1][safepoint    ] Application time: 1.0003048 seconds
[2022-06-13T02:19:02.473+0000][1][safepoint    ] Entering safepoint region: Cleanup
[2022-06-13T02:19:02.474+0000][1][safepoint    ] Leaving safepoint region
[2022-06-13T02:19:02.475+0000][1][safepoint    ] Total time for which application threads were stopped: 0.0014087 seconds, Stopping threads took: 0.0006032 seconds
[2022-06-13T02:19:03.476+0000][1][safepoint    ] Application time: 1.0002530 seconds
[2022-06-13T02:19:03.476+0000][1][safepoint    ] Entering safepoint region: Cleanup
[2022-06-13T02:19:03.477+0000][1][safepoint    ] Leaving safepoint region
[2022-06-13T02:19:03.478+0000][1][safepoint    ] Total time for which application threads were stopped: 0.0015991 seconds, Stopping threads took: 0.0005697 seconds
[2022-06-13T02:19:04.479+0000][1][safepoint    ] Application time: 1.0001663 seconds
[2022-06-13T02:19:04.479+0000][1][safepoint    ] Entering safepoint region: Cleanup
[2022-06-13T02:19:04.479+0000][1][safepoint    ] Leaving safepoint region
[2022-06-13T02:19:04.480+0000][1][safepoint    ] Total time for which application threads were stopped: 0.0005352 seconds, Stopping threads took: 0.0002755 seconds
[2022-06-13T02:19:05.480+0000][1][safepoint    ] Application time: 1.0001696 seconds
[2022-06-13T02:19:05.480+0000][1][safepoint    ] Entering safepoint region: Cleanup
[2022-06-13T02:19:05.480+0000][1][safepoint    ] Leaving safepoint region
[2022-06-13T02:19:05.481+0000][1][safepoint    ] Total time for which application threads were stopped: 0.0006838 seconds, Stopping threads took: 0.0002363 seconds
[2022-06-13T02:19:06.481+0000][1][safepoint    ] Application time: 1.0002434 seconds
[2022-06-13T02:19:06.482+0000][1][safepoint    ] Entering safepoint region: Cleanup
[2022-06-13T02:19:06.482+0000][1][safepoint    ] Leaving safepoint region
[2022-06-13T02:19:06.483+0000][1][safepoint    ] Total time for which application threads were stopped: 0.0008988 seconds, Stopping threads took: 0.0004145 seconds
[2022-06-13T02:19:07.483+0000][1][safepoint    ] Application time: 1.0001840 seconds
[2022-06-13T02:19:07.484+0000][1][safepoint    ] Entering safepoint region: Cleanup
[2022-06-13T02:19:07.484+0000][1][safepoint    ] Leaving safepoint region
[2022-06-13T02:19:07.484+0000][1][safepoint    ] Total time for which application threads were stopped: 0.0008144 seconds, Stopping threads took: 0.0004025 seconds
[2022-06-13T02:19:08.485+0000][1][safepoint    ] Application time: 1.0002527 seconds
[2022-06-13T02:19:08.485+0000][1][safepoint    ] Entering safepoint region: Cleanup
[2022-06-13T02:19:08.486+0000][1][safepoint    ] Leaving safepoint region
[2022-06-13T02:19:08.487+0000][1][safepoint    ] Total time for which application threads were stopped: 0.0011315 seconds, Stopping threads took: 0.0004898 seconds
[2022-06-13T02:19:09.487+0000][1][safepoint    ] Application time: 1.0001916 seconds
[2022-06-13T02:19:09.487+0000][1][safepoint    ] Entering safepoint region: Cleanup
[2022-06-13T02:19:09.488+0000][1][safepoint    ] Leaving safepoint region
[2022-06-13T02:19:09.488+0000][1][safepoint    ] Total time for which application threads were stopped: 0.0008835 seconds, Stopping threads took: 0.0003466 seconds
[2022-06-13T02:19:10.489+0000][1][safepoint    ] Application time: 1.0001554 seconds
[2022-06-13T02:19:10.489+0000][1][safepoint    ] Entering safepoint region: Cleanup
[2022-06-13T02:19:10.489+0000][1][safepoint    ] Leaving safepoint region
[2022-06-13T02:19:10.490+0000][1][safepoint    ] Total time for which application threads were stopped: 0.0003035 seconds, Stopping threads took: 0.0001305 seconds
[2022-06-13T02:19:11.490+0000][1][safepoint    ] Application time: 1.0001574 seconds
[2022-06-13T02:19:11.490+0000][1][safepoint    ] Entering safepoint region: Cleanup
[2022-06-13T02:19:11.490+0000][1][safepoint    ] Leaving safepoint region
[2022-06-13T02:19:11.491+0000][1][safepoint    ] Total time for which application threads were stopped: 0.0005672 seconds, Stopping threads took: 0.0003303 seconds
[2022-06-13T02:19:12.491+0000][1][safepoint    ] Application time: 1.0001695 seconds
[2022-06-13T02:19:12.492+0000][1][safepoint    ] Entering safepoint region: Cleanup
[2022-06-13T02:19:12.492+0000][1][safepoint    ] Leaving safepoint region
[2022-06-13T02:19:12.493+0000][1][safepoint    ] Total time for which application threads were stopped: 0.0010682 seconds, Stopping threads took: 0.0005989 seconds
[2022-06-13T02:19:13.493+0000][1][safepoint    ] Application time: 1.0001484 seconds
[2022-06-13T02:19:13.493+0000][1][safepoint    ] Entering safepoint region: Cleanup
[2022-06-13T02:19:13.494+0000][1][safepoint    ] Leaving safepoint region
[2022-06-13T02:19:13.494+0000][1][safepoint    ] Total time for which application threads were stopped: 0.0004914 seconds, Stopping threads took: 0.0002148 seconds
[2022-06-13T02:19:14.494+0000][1][safepoint    ] Application time: 1.0001786 seconds
[2022-06-13T02:19:14.495+0000][1][safepoint    ] Entering safepoint region: Cleanup
[2022-06-13T02:19:14.496+0000][1][safepoint    ] Leaving safepoint region
[2022-06-13T02:19:14.496+0000][1][safepoint    ] Total time for which application threads were stopped: 0.0013620 seconds, Stopping threads took: 0.0006159 seconds
[2022-06-13T02:19:15.497+0000][1][safepoint    ] Application time: 1.0001033 seconds
[2022-06-13T02:19:15.497+0000][1][safepoint    ] Entering safepoint region: Cleanup
[2022-06-13T02:19:15.498+0000][1][safepoint    ] Leaving safepoint region
[2022-06-13T02:19:15.498+0000][1][safepoint    ] Total time for which application threads were stopped: 0.0008931 seconds, Stopping threads took: 0.0005339 seconds
[2022-06-13T02:19:16.499+0000][1][safepoint    ] Application time: 1.0001012 seconds
[2022-06-13T02:19:16.499+0000][1][safepoint    ] Entering safepoint region: Cleanup
[2022-06-13T02:19:16.499+0000][1][safepoint    ] Leaving safepoint region
[2022-06-13T02:19:16.499+0000][1][safepoint    ] Total time for which application threads were stopped: 0.0002734 seconds, Stopping threads took: 0.0001107 seconds
[2022-06-13T02:19:17.499+0000][1][safepoint    ] Application time: 1.0000988 seconds
[2022-06-13T02:19:17.500+0000][1][safepoint    ] Entering safepoint region: Cleanup
[2022-06-13T02:19:17.501+0000][1][safepoint    ] Leaving safepoint region
[2022-06-13T02:19:17.501+0000][1][safepoint    ] Total time for which application threads were stopped: 0.0012008 seconds, Stopping threads took: 0.0004445 seconds
[2022-06-13T02:19:18.502+0000][1][safepoint    ] Application time: 1.0002766 seconds
[2022-06-13T02:19:18.502+0000][1][safepoint    ] Entering safepoint region: Cleanup
[2022-06-13T02:19:18.503+0000][1][safepoint    ] Leaving safepoint region
[2022-06-13T02:19:18.503+0000][1][safepoint    ] Total time for which application threads were stopped: 0.0009642 seconds, Stopping threads took: 0.0004120 seconds
[2022-06-13T02:19:19.504+0000][1][safepoint    ] Application time: 1.0001656 seconds
[2022-06-13T02:19:19.504+0000][1][safepoint    ] Entering safepoint region: Cleanup
[2022-06-13T02:19:19.504+0000][1][safepoint    ] Leaving safepoint region
[2022-06-13T02:19:19.505+0000][1][safepoint    ] Total time for which application threads were stopped: 0.0006611 seconds, Stopping threads took: 0.0003118 seconds
[2022-06-13T02:19:20.505+0000][1][safepoint    ] Application time: 1.0001706 seconds
[2022-06-13T02:19:20.506+0000][1][safepoint    ] Entering safepoint region: Cleanup
[2022-06-13T02:19:20.506+0000][1][safepoint    ] Leaving safepoint region
[2022-06-13T02:19:20.506+0000][1][safepoint    ] Total time for which application threads were stopped: 0.0008458 seconds, Stopping threads took: 0.0003519 seconds
[2022-06-13T02:19:21.507+0000][1][safepoint    ] Application time: 1.0002380 seconds
[2022-06-13T02:19:21.508+0000][1][safepoint    ] Entering safepoint region: Cleanup
[2022-06-13T02:19:21.508+0000][1][safepoint    ] Leaving safepoint region
[2022-06-13T02:19:21.509+0000][1][safepoint    ] Total time for which application threads were stopped: 0.0014529 seconds, Stopping threads took: 0.0007729 seconds
[2022-06-13T02:19:22.510+0000][1][safepoint    ] Application time: 1.0001811 seconds
[2022-06-13T02:19:22.510+0000][1][safepoint    ] Entering safepoint region: Cleanup
[2022-06-13T02:19:22.511+0000][1][safepoint    ] Leaving safepoint region
[2022-06-13T02:19:22.511+0000][1][safepoint    ] Total time for which application threads were stopped: 0.0009862 seconds, Stopping threads took: 0.0004453 seconds
[2022-06-13T02:19:23.512+0000][1][safepoint    ] Application time: 1.0002550 seconds
[2022-06-13T02:19:23.512+0000][1][safepoint    ] Entering safepoint region: Cleanup
[2022-06-13T02:19:23.513+0000][1][safepoint    ] Leaving safepoint region
[2022-06-13T02:19:23.513+0000][1][safepoint    ] Total time for which application threads were stopped: 0.0006094 seconds, Stopping threads took: 0.0002397 seconds
[2022-06-13T02:19:24.513+0000][1][safepoint    ] Application time: 1.0001822 seconds
[2022-06-13T02:19:24.514+0000][1][safepoint    ] Entering safepoint region: Cleanup
[2022-06-13T02:19:24.515+0000][1][safepoint    ] Leaving safepoint region
[2022-06-13T02:19:24.515+0000][1][safepoint    ] Total time for which application threads were stopped: 0.0011410 seconds, Stopping threads took: 0.0005012 seconds
[2022-06-13T02:19:25.516+0000][1][safepoint    ] Application time: 1.0002620 seconds
[2022-06-13T02:19:25.516+0000][1][safepoint    ] Entering safepoint region: Cleanup
[2022-06-13T02:19:25.517+0000][1][safepoint    ] Leaving safepoint region
[2022-06-13T02:19:25.518+0000][1][safepoint    ] Total time for which application threads were stopped: 0.0011726 seconds, Stopping threads took: 0.0005154 seconds
[2022-06-13T02:19:26.518+0000][1][safepoint    ] Application time: 1.0002308 seconds
[2022-06-13T02:19:26.519+0000][1][safepoint    ] Entering safepoint region: Cleanup
[2022-06-13T02:19:26.519+0000][1][safepoint    ] Leaving safepoint region
[2022-06-13T02:19:26.520+0000][1][safepoint    ] Total time for which application threads were stopped: 0.0009459 seconds, Stopping threads took: 0.0003667 seconds
[2022-06-13T02:19:27.520+0000][1][safepoint    ] Application time: 1.0002057 seconds
[2022-06-13T02:19:27.521+0000][1][safepoint    ] Entering safepoint region: Cleanup
[2022-06-13T02:19:27.521+0000][1][safepoint    ] Leaving safepoint region
[2022-06-13T02:19:27.522+0000][1][safepoint    ] Total time for which application threads were stopped: 0.0010159 seconds, Stopping threads took: 0.0003397 seconds
[2022-06-13T02:19:28.522+0000][1][safepoint    ] Application time: 1.0002217 seconds
[2022-06-13T02:19:28.523+0000][1][safepoint    ] Entering safepoint region: Cleanup
[2022-06-13T02:19:28.523+0000][1][safepoint    ] Leaving safepoint region
[2022-06-13T02:19:28.524+0000][1][safepoint    ] Total time for which application threads were stopped: 0.0010251 seconds, Stopping threads took: 0.0004452 seconds
[2022-06-13T02:19:29.524+0000][1][safepoint    ] Application time: 1.0001902 seconds
[2022-06-13T02:19:29.525+0000][1][safepoint    ] Entering safepoint region: Cleanup
[2022-06-13T02:19:29.525+0000][1][safepoint    ] Leaving safepoint region
[2022-06-13T02:19:29.525+0000][1][safepoint    ] Total time for which application threads were stopped: 0.0006245 seconds, Stopping threads took: 0.0003260 seconds
[2022-06-13T02:19:30.526+0000][1][safepoint    ] Application time: 1.0001883 seconds
[2022-06-13T02:19:30.526+0000][1][safepoint    ] Entering safepoint region: Cleanup
[2022-06-13T02:19:30.526+0000][1][safepoint    ] Leaving safepoint region
[2022-06-13T02:19:30.526+0000][1][safepoint    ] Total time for which application threads were stopped: 0.0005744 seconds, Stopping threads took: 0.0002625 seconds
[2022-06-13T02:19:31.527+0000][1][safepoint    ] Application time: 1.0001862 seconds
[2022-06-13T02:19:31.527+0000][1][safepoint    ] Entering safepoint region: Cleanup
[2022-06-13T02:19:31.528+0000][1][safepoint    ] Leaving safepoint region
[2022-06-13T02:19:31.528+0000][1][safepoint    ] Total time for which application threads were stopped: 0.0006332 seconds, Stopping threads took: 0.0003361 seconds
[2022-06-13T02:19:32.528+0000][1][safepoint    ] Application time: 1.0003043 seconds
[2022-06-13T02:19:32.529+0000][1][safepoint    ] Entering safepoint region: Cleanup
[2022-06-13T02:19:32.530+0000][1][safepoint    ] Leaving safepoint region
[2022-06-13T02:19:32.530+0000][1][safepoint    ] Total time for which application threads were stopped: 0.0013605 seconds, Stopping threads took: 0.0006620 seconds
[2022-06-13T02:19:33.531+0000][1][safepoint    ] Application time: 1.0002356 seconds
[2022-06-13T02:19:33.531+0000][1][safepoint    ] Entering safepoint region: Cleanup
[2022-06-13T02:19:33.532+0000][1][safepoint    ] Leaving safepoint region
[2022-06-13T02:19:33.532+0000][1][safepoint    ] Total time for which application threads were stopped: 0.0008558 seconds, Stopping threads took: 0.0003355 seconds
[2022-06-13T02:19:34.533+0000][1][safepoint    ] Application time: 1.0003002 seconds
[2022-06-13T02:19:34.534+0000][1][safepoint    ] Entering safepoint region: Cleanup
[2022-06-13T02:19:34.534+0000][1][safepoint    ] Leaving safepoint region
[2022-06-13T02:19:34.535+0000][1][safepoint    ] Total time for which application threads were stopped: 0.0010849 seconds, Stopping threads took: 0.0005448 seconds
[2022-06-13T02:19:35.535+0000][1][safepoint    ] Application time: 1.0002624 seconds
[2022-06-13T02:19:35.536+0000][1][safepoint    ] Entering safepoint region: Cleanup
[2022-06-13T02:19:35.537+0000][1][safepoint    ] Leaving safepoint region
[2022-06-13T02:19:35.537+0000][1][safepoint    ] Total time for which application threads were stopped: 0.0011354 seconds, Stopping threads took: 0.0007058 seconds
[2022-06-13T02:19:36.538+0000][1][safepoint    ] Application time: 1.0001651 seconds
[2022-06-13T02:19:36.538+0000][1][safepoint    ] Entering safepoint region: Cleanup
[2022-06-13T02:19:36.539+0000][1][safepoint    ] Leaving safepoint region
[2022-06-13T02:19:36.539+0000][1][safepoint    ] Total time for which application threads were stopped: 0.0008711 seconds, Stopping threads took: 0.0004004 seconds
[2022-06-13T02:19:37.540+0000][1][safepoint    ] Application time: 1.0001923 seconds
[2022-06-13T02:19:37.540+0000][1][safepoint    ] Entering safepoint region: Cleanup
[2022-06-13T02:19:37.541+0000][1][safepoint    ] Leaving safepoint region
[2022-06-13T02:19:37.542+0000][1][safepoint    ] Total time for which application threads were stopped: 0.0011727 seconds, Stopping threads took: 0.0005084 seconds
[2022-06-13T02:19:38.542+0000][1][safepoint    ] Application time: 1.0002496 seconds
[2022-06-13T02:19:38.543+0000][1][safepoint    ] Entering safepoint region: Cleanup
[2022-06-13T02:19:38.544+0000][1][safepoint    ] Leaving safepoint region
[2022-06-13T02:19:38.544+0000][1][safepoint    ] Total time for which application threads were stopped: 0.0012443 seconds, Stopping threads took: 0.0006089 seconds
[2022-06-13T02:19:39.545+0000][1][safepoint    ] Application time: 1.0001090 seconds
[2022-06-13T02:19:39.545+0000][1][safepoint    ] Entering safepoint region: Cleanup
[2022-06-13T02:19:39.545+0000][1][safepoint    ] Leaving safepoint region
[2022-06-13T02:19:39.546+0000][1][safepoint    ] Total time for which application threads were stopped: 0.0006705 seconds, Stopping threads took: 0.0003162 seconds
[2022-06-13T02:19:40.546+0000][1][safepoint    ] Application time: 1.0001013 seconds
[2022-06-13T02:19:40.547+0000][1][safepoint    ] Entering safepoint region: Cleanup
[2022-06-13T02:19:40.547+0000][1][safepoint    ] Leaving safepoint region
[2022-06-13T02:19:40.548+0000][1][safepoint    ] Total time for which application threads were stopped: 0.0012367 seconds, Stopping threads took: 0.0006360 seconds
[2022-06-13T02:19:41.548+0000][1][safepoint    ] Application time: 1.0001260 seconds
[2022-06-13T02:19:41.549+0000][1][safepoint    ] Entering safepoint region: Cleanup
[2022-06-13T02:19:41.549+0000][1][safepoint    ] Leaving safepoint region
[2022-06-13T02:19:41.549+0000][1][safepoint    ] Total time for which application threads were stopped: 0.0005880 seconds, Stopping threads took: 0.0001968 seconds
[2022-06-13T02:19:42.550+0000][1][safepoint    ] Application time: 1.0001086 seconds
[2022-06-13T02:19:42.550+0000][1][safepoint    ] Entering safepoint region: Cleanup
[2022-06-13T02:19:42.550+0000][1][safepoint    ] Leaving safepoint region
[2022-06-13T02:19:42.551+0000][1][safepoint    ] Total time for which application threads were stopped: 0.0009707 seconds, Stopping threads took: 0.0003840 seconds
[2022-06-13T02:19:43.551+0000][1][safepoint    ] Application time: 1.0001786 seconds
[2022-06-13T02:19:43.552+0000][1][safepoint    ] Entering safepoint region: Cleanup
[2022-06-13T02:19:43.552+0000][1][safepoint    ] Leaving safepoint region
[2022-06-13T02:19:43.553+0000][1][safepoint    ] Total time for which application threads were stopped: 0.0010534 seconds, Stopping threads took: 0.0004209 seconds
[2022-06-13T02:19:44.553+0000][1][safepoint    ] Application time: 1.0001062 seconds
[2022-06-13T02:19:44.554+0000][1][safepoint    ] Entering safepoint region: Cleanup
[2022-06-13T02:19:44.554+0000][1][safepoint    ] Leaving safepoint region
[2022-06-13T02:19:44.554+0000][1][safepoint    ] Total time for which application threads were stopped: 0.0003473 seconds, Stopping threads took: 0.0001539 seconds
[2022-06-13T02:19:45.554+0000][1][safepoint    ] Application time: 1.0001897 seconds
[2022-06-13T02:19:45.555+0000][1][safepoint    ] Entering safepoint region: Cleanup
[2022-06-13T02:19:45.555+0000][1][safepoint    ] Leaving safepoint region
[2022-06-13T02:19:45.555+0000][1][safepoint    ] Total time for which application threads were stopped: 0.0007674 seconds, Stopping threads took: 0.0003443 seconds
[2022-06-13T02:19:46.556+0000][1][safepoint    ] Application time: 1.0002069 seconds
[2022-06-13T02:19:46.557+0000][1][safepoint    ] Entering safepoint region: Cleanup
[2022-06-13T02:19:46.557+0000][1][safepoint    ] Leaving safepoint region
[2022-06-13T02:19:46.558+0000][1][safepoint    ] Total time for which application threads were stopped: 0.0011852 seconds, Stopping threads took: 0.0005189 seconds
[2022-06-13T02:19:47.558+0000][1][safepoint    ] Application time: 1.0002546 seconds
[2022-06-13T02:19:47.559+0000][1][safepoint    ] Entering safepoint region: Cleanup
[2022-06-13T02:19:47.560+0000][1][safepoint    ] Leaving safepoint region
[2022-06-13T02:19:47.560+0000][1][safepoint    ] Total time for which application threads were stopped: 0.0011740 seconds, Stopping threads took: 0.0005043 seconds
[2022-06-13T02:19:48.561+0000][1][safepoint    ] Application time: 1.0003132 seconds
[2022-06-13T02:19:48.562+0000][1][safepoint    ] Entering safepoint region: Cleanup
[2022-06-13T02:19:48.562+0000][1][safepoint    ] Leaving safepoint region
[2022-06-13T02:19:48.563+0000][1][safepoint    ] Total time for which application threads were stopped: 0.0012617 seconds, Stopping threads took: 0.0005971 seconds
[2022-06-13T02:19:49.563+0000][1][safepoint    ] Application time: 1.0002078 seconds
[2022-06-13T02:19:49.564+0000][1][safepoint    ] Entering safepoint region: Cleanup
[2022-06-13T02:19:49.565+0000][1][safepoint    ] Leaving safepoint region
[2022-06-13T02:19:49.565+0000][1][safepoint    ] Total time for which application threads were stopped: 0.0010048 seconds, Stopping threads took: 0.0004390 seconds
[2022-06-13T02:19:50.566+0000][1][safepoint    ] Application time: 1.0001420 seconds
[2022-06-13T02:19:50.566+0000][1][safepoint    ] Entering safepoint region: Cleanup
[2022-06-13T02:19:50.566+0000][1][safepoint    ] Leaving safepoint region
[2022-06-13T02:19:50.567+0000][1][safepoint    ] Total time for which application threads were stopped: 0.0006922 seconds, Stopping threads took: 0.0003189 seconds
[2022-06-13T02:19:51.567+0000][1][safepoint    ] Application time: 1.0002233 seconds
[2022-06-13T02:19:51.568+0000][1][safepoint    ] Entering safepoint region: Cleanup
[2022-06-13T02:19:51.568+0000][1][safepoint    ] Leaving safepoint region
[2022-06-13T02:19:51.569+0000][1][safepoint    ] Total time for which application threads were stopped: 0.0011090 seconds, Stopping threads took: 0.0004202 seconds
[2022-06-13T02:19:52.569+0000][1][safepoint    ] Application time: 1.0001444 seconds
[2022-06-13T02:19:52.570+0000][1][safepoint    ] Entering safepoint region: Cleanup
[2022-06-13T02:19:52.570+0000][1][safepoint    ] Leaving safepoint region
[2022-06-13T02:19:52.570+0000][1][safepoint    ] Total time for which application threads were stopped: 0.0005254 seconds, Stopping threads took: 0.0002453 seconds
[2022-06-13T02:19:53.571+0000][1][safepoint    ] Application time: 1.0002303 seconds
[2022-06-13T02:19:53.571+0000][1][safepoint    ] Entering safepoint region: Cleanup
[2022-06-13T02:19:53.572+0000][1][safepoint    ] Leaving safepoint region
[2022-06-13T02:19:53.572+0000][1][safepoint    ] Total time for which application threads were stopped: 0.0007762 seconds, Stopping threads took: 0.0003966 seconds
[2022-06-13T02:19:54.573+0000][1][safepoint    ] Application time: 1.0001908 seconds
[2022-06-13T02:19:54.573+0000][1][safepoint    ] Entering safepoint region: Cleanup
[2022-06-13T02:19:54.573+0000][1][safepoint    ] Leaving safepoint region
[2022-06-13T02:19:54.574+0000][1][safepoint    ] Total time for which application threads were stopped: 0.0006775 seconds, Stopping threads took: 0.0003660 seconds
[2022-06-13T02:19:55.574+0000][1][safepoint    ] Application time: 1.0002315 seconds
[2022-06-13T02:19:55.575+0000][1][safepoint    ] Entering safepoint region: Cleanup
[2022-06-13T02:19:55.576+0000][1][safepoint    ] Leaving safepoint region
[2022-06-13T02:19:55.576+0000][1][safepoint    ] Total time for which application threads were stopped: 0.0014675 seconds, Stopping threads took: 0.0006754 seconds
[2022-06-13T02:19:56.577+0000][1][safepoint    ] Application time: 1.0002640 seconds
[2022-06-13T02:19:56.578+0000][1][safepoint    ] Entering safepoint region: Cleanup
[2022-06-13T02:19:56.578+0000][1][safepoint    ] Leaving safepoint region
[2022-06-13T02:19:56.579+0000][1][safepoint    ] Total time for which application threads were stopped: 0.0009483 seconds, Stopping threads took: 0.0004251 seconds
[2022-06-13T02:19:57.579+0000][1][safepoint    ] Application time: 1.0001855 seconds
[2022-06-13T02:19:57.580+0000][1][safepoint    ] Entering safepoint region: Cleanup
[2022-06-13T02:19:57.581+0000][1][safepoint    ] Leaving safepoint region
[2022-06-13T02:19:57.581+0000][1][safepoint    ] Total time for which application threads were stopped: 0.0010250 seconds, Stopping threads took: 0.0004964 seconds
[2022-06-13T02:19:58.582+0000][1][safepoint    ] Application time: 1.0001890 seconds
[2022-06-13T02:19:58.582+0000][1][safepoint    ] Entering safepoint region: Cleanup
[2022-06-13T02:19:58.583+0000][1][safepoint    ] Leaving safepoint region
[2022-06-13T02:19:58.583+0000][1][safepoint    ] Total time for which application threads were stopped: 0.0009838 seconds, Stopping threads took: 0.0005323 seconds
[2022-06-13T02:19:59.584+0000][1][safepoint    ] Application time: 1.0002451 seconds
[2022-06-13T02:19:59.584+0000][1][safepoint    ] Entering safepoint region: Cleanup
[2022-06-13T02:19:59.585+0000][1][safepoint    ] Leaving safepoint region
[2022-06-13T02:19:59.586+0000][1][safepoint    ] Total time for which application threads were stopped: 0.0015372 seconds, Stopping threads took: 0.0007106 seconds
[2022-06-13T02:20:00.587+0000][1][safepoint    ] Application time: 1.0002372 seconds
[2022-06-13T02:20:00.587+0000][1][safepoint    ] Entering safepoint region: Cleanup
[2022-06-13T02:20:00.588+0000][1][safepoint    ] Leaving safepoint region
[2022-06-13T02:20:00.588+0000][1][safepoint    ] Total time for which application threads were stopped: 0.0006798 seconds, Stopping threads took: 0.0003545 seconds
[2022-06-13T02:20:01.588+0000][1][safepoint    ] Application time: 1.0002765 seconds
[2022-06-13T02:20:01.589+0000][1][safepoint    ] Entering safepoint region: Cleanup
[2022-06-13T02:20:01.589+0000][1][safepoint    ] Leaving safepoint region
[2022-06-13T02:20:01.589+0000][1][safepoint    ] Total time for which application threads were stopped: 0.0007415 seconds, Stopping threads took: 0.0003408 seconds
[2022-06-13T02:20:02.590+0000][1][safepoint    ] Application time: 1.0002105 seconds
[2022-06-13T02:20:02.590+0000][1][safepoint    ] Entering safepoint region: Cleanup
[2022-06-13T02:20:02.591+0000][1][safepoint    ] Leaving safepoint region
[2022-06-13T02:20:02.592+0000][1][safepoint    ] Total time for which application threads were stopped: 0.0010911 seconds, Stopping threads took: 0.0004325 seconds
[2022-06-13T02:20:03.592+0000][1][safepoint    ] Application time: 1.0002025 seconds
[2022-06-13T02:20:03.592+0000][1][safepoint    ] Entering safepoint region: Cleanup
[2022-06-13T02:20:03.593+0000][1][safepoint    ] Leaving safepoint region
[2022-06-13T02:20:03.593+0000][1][safepoint    ] Total time for which application threads were stopped: 0.0007308 seconds, Stopping threads took: 0.0003496 seconds
[2022-06-13T02:20:04.594+0000][1][safepoint    ] Application time: 1.0001721 seconds
[2022-06-13T02:20:04.594+0000][1][safepoint    ] Entering safepoint region: Cleanup
[2022-06-13T02:20:04.595+0000][1][safepoint    ] Leaving safepoint region
[2022-06-13T02:20:04.595+0000][1][safepoint    ] Total time for which application threads were stopped: 0.0008487 seconds, Stopping threads took: 0.0004528 seconds
[2022-06-13T02:20:05.595+0000][1][safepoint    ] Application time: 1.0001822 seconds
[2022-06-13T02:20:05.596+0000][1][safepoint    ] Entering safepoint region: Cleanup
[2022-06-13T02:20:05.596+0000][1][safepoint    ] Leaving safepoint region
[2022-06-13T02:20:05.597+0000][1][safepoint    ] Total time for which application threads were stopped: 0.0008573 seconds, Stopping threads took: 0.0004309 seconds
[2022-06-13T02:20:06.597+0000][1][safepoint    ] Application time: 1.0002426 seconds
[2022-06-13T02:20:06.598+0000][1][safepoint    ] Entering safepoint region: Cleanup
[2022-06-13T02:20:06.598+0000][1][safepoint    ] Leaving safepoint region
[2022-06-13T02:20:06.599+0000][1][safepoint    ] Total time for which application threads were stopped: 0.0008281 seconds, Stopping threads took: 0.0003935 seconds
[2022-06-13T02:20:07.599+0000][1][safepoint    ] Application time: 1.0003290 seconds
[2022-06-13T02:20:07.600+0000][1][safepoint    ] Entering safepoint region: Cleanup
[2022-06-13T02:20:07.601+0000][1][safepoint    ] Leaving safepoint region
[2022-06-13T02:20:07.601+0000][1][safepoint    ] Total time for which application threads were stopped: 0.0011028 seconds, Stopping threads took: 0.0004735 seconds
[2022-06-13T02:20:08.602+0000][1][safepoint    ] Application time: 1.0002682 seconds
[2022-06-13T02:20:08.603+0000][1][safepoint    ] Entering safepoint region: Cleanup
[2022-06-13T02:20:08.603+0000][1][safepoint    ] Leaving safepoint region
[2022-06-13T02:20:08.604+0000][1][safepoint    ] Total time for which application threads were stopped: 0.0012100 seconds, Stopping threads took: 0.0005419 seconds
[2022-06-13T02:20:09.605+0000][1][safepoint    ] Application time: 1.0002488 seconds
[2022-06-13T02:20:09.605+0000][1][safepoint    ] Entering safepoint region: Cleanup
[2022-06-13T02:20:09.606+0000][1][safepoint    ] Leaving safepoint region
[2022-06-13T02:20:09.607+0000][1][safepoint    ] Total time for which application threads were stopped: 0.0014320 seconds, Stopping threads took: 0.0006339 seconds
[2022-06-13T02:20:10.608+0000][1][safepoint    ] Application time: 1.0003284 seconds
[2022-06-13T02:20:10.608+0000][1][safepoint    ] Entering safepoint region: Cleanup
[2022-06-13T02:20:10.609+0000][1][safepoint    ] Leaving safepoint region
[2022-06-13T02:20:10.609+0000][1][safepoint    ] Total time for which application threads were stopped: 0.0007149 seconds, Stopping threads took: 0.0003302 seconds
[2022-06-13T02:20:11.610+0000][1][safepoint    ] Application time: 1.0001916 seconds
[2022-06-13T02:20:11.610+0000][1][safepoint    ] Entering safepoint region: Cleanup
[2022-06-13T02:20:11.611+0000][1][safepoint    ] Leaving safepoint region
[2022-06-13T02:20:11.612+0000][1][safepoint    ] Total time for which application threads were stopped: 0.0013967 seconds, Stopping threads took: 0.0006566 seconds
[2022-06-13T02:20:12.613+0000][1][safepoint    ] Application time: 1.0002677 seconds
[2022-06-13T02:20:12.614+0000][1][safepoint    ] Entering safepoint region: Cleanup
[2022-06-13T02:20:12.614+0000][1][safepoint    ] Leaving safepoint region
[2022-06-13T02:20:12.615+0000][1][safepoint    ] Total time for which application threads were stopped: 0.0011837 seconds, Stopping threads took: 0.0005581 seconds
[2022-06-13T02:20:13.615+0000][1][safepoint    ] Application time: 1.0002415 seconds
[2022-06-13T02:20:13.616+0000][1][safepoint    ] Entering safepoint region: Cleanup
[2022-06-13T02:20:13.616+0000][1][safepoint    ] Leaving safepoint region
[2022-06-13T02:20:13.616+0000][1][safepoint    ] Total time for which application threads were stopped: 0.0006770 seconds, Stopping threads took: 0.0003218 seconds
[2022-06-13T02:20:14.617+0000][1][safepoint    ] Application time: 1.0002588 seconds
[2022-06-13T02:20:14.617+0000][1][safepoint    ] Entering safepoint region: Cleanup
[2022-06-13T02:20:14.618+0000][1][safepoint    ] Leaving safepoint region
[2022-06-13T02:20:14.618+0000][1][safepoint    ] Total time for which application threads were stopped: 0.0006184 seconds, Stopping threads took: 0.0002919 seconds
[2022-06-13T02:20:15.618+0000][1][safepoint    ] Application time: 1.0001535 seconds
[2022-06-13T02:20:15.619+0000][1][safepoint    ] Entering safepoint region: Cleanup
[2022-06-13T02:20:15.620+0000][1][safepoint    ] Leaving safepoint region
[2022-06-13T02:20:15.620+0000][1][safepoint    ] Total time for which application threads were stopped: 0.0013572 seconds, Stopping threads took: 0.0006490 seconds
[2022-06-13T02:20:16.621+0000][1][safepoint    ] Application time: 1.0001850 seconds
[2022-06-13T02:20:16.622+0000][1][safepoint    ] Entering safepoint region: Cleanup
[2022-06-13T02:20:16.622+0000][1][safepoint    ] Leaving safepoint region
[2022-06-13T02:20:16.622+0000][1][safepoint    ] Total time for which application threads were stopped: 0.0007785 seconds, Stopping threads took: 0.0003693 seconds
[2022-06-13T02:20:17.623+0000][1][safepoint    ] Application time: 1.0001920 seconds
[2022-06-13T02:20:17.623+0000][1][safepoint    ] Entering safepoint region: Cleanup
[2022-06-13T02:20:17.624+0000][1][safepoint    ] Leaving safepoint region
[2022-06-13T02:20:17.624+0000][1][safepoint    ] Total time for which application threads were stopped: 0.0008772 seconds, Stopping threads took: 0.0004195 seconds
[2022-06-13T02:20:18.625+0000][1][safepoint    ] Application time: 1.0002825 seconds
[2022-06-13T02:20:18.626+0000][1][safepoint    ] Entering safepoint region: Cleanup
[2022-06-13T02:20:18.626+0000][1][safepoint    ] Leaving safepoint region
[2022-06-13T02:20:18.627+0000][1][safepoint    ] Total time for which application threads were stopped: 0.0011581 seconds, Stopping threads took: 0.0005492 seconds
[2022-06-13T02:20:19.628+0000][1][safepoint    ] Application time: 1.0002683 seconds
[2022-06-13T02:20:19.628+0000][1][safepoint    ] Entering safepoint region: Cleanup
[2022-06-13T02:20:19.628+0000][1][safepoint    ] Leaving safepoint region
[2022-06-13T02:20:19.629+0000][1][safepoint    ] Total time for which application threads were stopped: 0.0006189 seconds, Stopping threads took: 0.0002376 seconds
[2022-06-13T02:20:20.629+0000][1][safepoint    ] Application time: 1.0002344 seconds
[2022-06-13T02:20:20.630+0000][1][safepoint    ] Entering safepoint region: Cleanup
[2022-06-13T02:20:20.631+0000][1][safepoint    ] Leaving safepoint region
[2022-06-13T02:20:20.631+0000][1][safepoint    ] Total time for which application threads were stopped: 0.0012798 seconds, Stopping threads took: 0.0005614 seconds
[2022-06-13T02:20:21.632+0000][1][safepoint    ] Application time: 1.0002522 seconds
[2022-06-13T02:20:21.633+0000][1][safepoint    ] Entering safepoint region: Cleanup
[2022-06-13T02:20:21.633+0000][1][safepoint    ] Leaving safepoint region
[2022-06-13T02:20:21.634+0000][1][safepoint    ] Total time for which application threads were stopped: 0.0008419 seconds, Stopping threads took: 0.0003794 seconds
[2022-06-13T02:20:22.634+0000][1][safepoint    ] Application time: 1.0001429 seconds
[2022-06-13T02:20:22.635+0000][1][safepoint    ] Entering safepoint region: Cleanup
[2022-06-13T02:20:22.635+0000][1][safepoint    ] Leaving safepoint region
[2022-06-13T02:20:22.635+0000][1][safepoint    ] Total time for which application threads were stopped: 0.0008385 seconds, Stopping threads took: 0.0002754 seconds
[2022-06-13T02:20:23.636+0000][1][safepoint    ] Application time: 1.0001496 seconds
[2022-06-13T02:20:23.636+0000][1][safepoint    ] Entering safepoint region: Cleanup
[2022-06-13T02:20:23.637+0000][1][safepoint    ] Leaving safepoint region
[2022-06-13T02:20:23.637+0000][1][safepoint    ] Total time for which application threads were stopped: 0.0008308 seconds, Stopping threads took: 0.0003494 seconds
[2022-06-13T02:20:24.638+0000][1][safepoint    ] Application time: 1.0002314 seconds
[2022-06-13T02:20:24.638+0000][1][safepoint    ] Entering safepoint region: Cleanup
[2022-06-13T02:20:24.639+0000][1][safepoint    ] Leaving safepoint region
[2022-06-13T02:20:24.639+0000][1][safepoint    ] Total time for which application threads were stopped: 0.0008646 seconds, Stopping threads took: 0.0004268 seconds
[2022-06-13T02:20:25.640+0000][1][safepoint    ] Application time: 1.0002271 seconds
[2022-06-13T02:20:25.641+0000][1][safepoint    ] Entering safepoint region: Cleanup
[2022-06-13T02:20:25.641+0000][1][safepoint    ] Leaving safepoint region
[2022-06-13T02:20:25.641+0000][1][safepoint    ] Total time for which application threads were stopped: 0.0008171 seconds, Stopping threads took: 0.0003753 seconds
[2022-06-13T02:20:26.642+0000][1][safepoint    ] Application time: 1.0001350 seconds
[2022-06-13T02:20:26.643+0000][1][safepoint    ] Entering safepoint region: Cleanup
[2022-06-13T02:20:26.643+0000][1][safepoint    ] Leaving safepoint region
[2022-06-13T02:20:26.644+0000][1][safepoint    ] Total time for which application threads were stopped: 0.0008567 seconds, Stopping threads took: 0.0004160 seconds
[2022-06-13T02:20:27.644+0000][1][safepoint    ] Application time: 1.0001981 seconds
[2022-06-13T02:20:27.645+0000][1][safepoint    ] Entering safepoint region: Cleanup
[2022-06-13T02:20:27.645+0000][1][safepoint    ] Leaving safepoint region
[2022-06-13T02:20:27.645+0000][1][safepoint    ] Total time for which application threads were stopped: 0.0007130 seconds, Stopping threads took: 0.0003267 seconds
[2022-06-13T02:20:28.646+0000][1][safepoint    ] Application time: 1.0002442 seconds
[2022-06-13T02:20:28.646+0000][1][safepoint    ] Entering safepoint region: Cleanup
[2022-06-13T02:20:28.646+0000][1][safepoint    ] Leaving safepoint region
[2022-06-13T02:20:28.647+0000][1][safepoint    ] Total time for which application threads were stopped: 0.0006208 seconds, Stopping threads took: 0.0002891 seconds
[2022-06-13T02:20:29.647+0000][1][safepoint    ] Application time: 1.0001990 seconds
[2022-06-13T02:20:29.648+0000][1][safepoint    ] Entering safepoint region: Cleanup
[2022-06-13T02:20:29.648+0000][1][safepoint    ] Leaving safepoint region
[2022-06-13T02:20:29.648+0000][1][safepoint    ] Total time for which application threads were stopped: 0.0008101 seconds, Stopping threads took: 0.0003784 seconds
[2022-06-13T02:20:30.649+0000][1][safepoint    ] Application time: 1.0002781 seconds
[2022-06-13T02:20:30.649+0000][1][safepoint    ] Entering safepoint region: Cleanup
[2022-06-13T02:20:30.650+0000][1][safepoint    ] Leaving safepoint region
[2022-06-13T02:20:30.650+0000][1][safepoint    ] Total time for which application threads were stopped: 0.0009124 seconds, Stopping threads took: 0.0005957 seconds
[2022-06-13T02:20:31.651+0000][1][safepoint    ] Application time: 1.0001797 seconds
[2022-06-13T02:20:31.651+0000][1][safepoint    ] Entering safepoint region: Cleanup
[2022-06-13T02:20:31.651+0000][1][safepoint    ] Leaving safepoint region
[2022-06-13T02:20:31.652+0000][1][safepoint    ] Total time for which application threads were stopped: 0.0006083 seconds, Stopping threads took: 0.0002741 seconds
[2022-06-13T02:20:32.652+0000][1][safepoint    ] Application time: 1.0003366 seconds
[2022-06-13T02:20:32.653+0000][1][safepoint    ] Entering safepoint region: Cleanup
[2022-06-13T02:20:32.653+0000][1][safepoint    ] Leaving safepoint region
[2022-06-13T02:20:32.653+0000][1][safepoint    ] Total time for which application threads were stopped: 0.0006553 seconds, Stopping threads took: 0.0002683 seconds
[2022-06-13T02:20:33.654+0000][1][safepoint    ] Application time: 1.0003692 seconds
[2022-06-13T02:20:33.655+0000][1][safepoint    ] Entering safepoint region: Cleanup
[2022-06-13T02:20:33.656+0000][1][safepoint    ] Leaving safepoint region
[2022-06-13T02:20:33.656+0000][1][safepoint    ] Total time for which application threads were stopped: 0.0015552 seconds, Stopping threads took: 0.0007228 seconds
[2022-06-13T02:20:34.657+0000][1][safepoint    ] Application time: 1.0001658 seconds
[2022-06-13T02:20:34.658+0000][1][safepoint    ] Entering safepoint region: Cleanup
[2022-06-13T02:20:34.658+0000][1][safepoint    ] Leaving safepoint region
[2022-06-13T02:20:34.658+0000][1][safepoint    ] Total time for which application threads were stopped: 0.0007168 seconds, Stopping threads took: 0.0003261 seconds
[2022-06-13T02:20:35.659+0000][1][safepoint    ] Application time: 1.0002111 seconds
[2022-06-13T02:20:35.659+0000][1][safepoint    ] Entering safepoint region: Cleanup
[2022-06-13T02:20:35.660+0000][1][safepoint    ] Leaving safepoint region
[2022-06-13T02:20:35.660+0000][1][safepoint    ] Total time for which application threads were stopped: 0.0006561 seconds, Stopping threads took: 0.0003468 seconds
[2022-06-13T02:20:36.660+0000][1][safepoint    ] Application time: 1.0001217 seconds
[2022-06-13T02:20:36.661+0000][1][safepoint    ] Entering safepoint region: Cleanup
[2022-06-13T02:20:36.661+0000][1][safepoint    ] Leaving safepoint region
[2022-06-13T02:20:36.661+0000][1][safepoint    ] Total time for which application threads were stopped: 0.0005577 seconds, Stopping threads took: 0.0002298 seconds
[2022-06-13T02:20:37.662+0000][1][safepoint    ] Application time: 1.0002164 seconds
[2022-06-13T02:20:37.662+0000][1][safepoint    ] Entering safepoint region: Cleanup
[2022-06-13T02:20:37.663+0000][1][safepoint    ] Leaving safepoint region
[2022-06-13T02:20:37.663+0000][1][safepoint    ] Total time for which application threads were stopped: 0.0006244 seconds, Stopping threads took: 0.0002434 seconds
[2022-06-13T02:20:38.663+0000][1][safepoint    ] Application time: 1.0002494 seconds
[2022-06-13T02:20:38.664+0000][1][safepoint    ] Entering safepoint region: Cleanup
[2022-06-13T02:20:38.664+0000][1][safepoint    ] Leaving safepoint region
[2022-06-13T02:20:38.664+0000][1][safepoint    ] Total time for which application threads were stopped: 0.0006786 seconds, Stopping threads took: 0.0004043 seconds
[2022-06-13T02:20:39.665+0000][1][safepoint    ] Application time: 1.0002079 seconds
[2022-06-13T02:20:39.665+0000][1][safepoint    ] Entering safepoint region: Cleanup
[2022-06-13T02:20:39.666+0000][1][safepoint    ] Leaving safepoint region
[2022-06-13T02:20:39.666+0000][1][safepoint    ] Total time for which application threads were stopped: 0.0006176 seconds, Stopping threads took: 0.0002544 seconds
[2022-06-13T02:20:41.347+0000][1][safepoint    ] Application time: 1.6810086 seconds
[2022-06-13T02:20:41.348+0000][1][safepoint    ] Entering safepoint region: Cleanup
[2022-06-13T02:20:41.348+0000][1][safepoint    ] Leaving safepoint region
[2022-06-13T02:20:41.348+0000][1][safepoint    ] Total time for which application threads were stopped: 0.0004397 seconds, Stopping threads took: 0.0001750 seconds
[2022-06-13T02:20:42.348+0000][1][safepoint    ] Application time: 1.0002054 seconds
[2022-06-13T02:20:42.349+0000][1][safepoint    ] Entering safepoint region: Cleanup
[2022-06-13T02:20:42.349+0000][1][safepoint    ] Leaving safepoint region
[2022-06-13T02:20:42.350+0000][1][safepoint    ] Total time for which application threads were stopped: 0.0008278 seconds, Stopping threads took: 0.0003122 seconds
[2022-06-13T02:20:43.350+0000][1][safepoint    ] Application time: 1.0002880 seconds
[2022-06-13T02:20:43.351+0000][1][safepoint    ] Entering safepoint region: Cleanup
[2022-06-13T02:20:43.352+0000][1][safepoint    ] Leaving safepoint region
[2022-06-13T02:20:43.352+0000][1][safepoint    ] Total time for which application threads were stopped: 0.0010135 seconds, Stopping threads took: 0.0004734 seconds
[2022-06-13T02:20:44.353+0000][1][safepoint    ] Application time: 1.0002557 seconds
[2022-06-13T02:20:44.353+0000][1][safepoint    ] Entering safepoint region: Cleanup
[2022-06-13T02:20:44.353+0000][1][safepoint    ] Leaving safepoint region
[2022-06-13T02:20:44.354+0000][1][safepoint    ] Total time for which application threads were stopped: 0.0006355 seconds, Stopping threads took: 0.0002471 seconds
[2022-06-13T02:20:45.354+0000][1][safepoint    ] Application time: 1.0002394 seconds
[2022-06-13T02:20:45.354+0000][1][safepoint    ] Entering safepoint region: Cleanup
[2022-06-13T02:20:45.355+0000][1][safepoint    ] Leaving safepoint region
[2022-06-13T02:20:45.355+0000][1][safepoint    ] Total time for which application threads were stopped: 0.0008075 seconds, Stopping threads took: 0.0003231 seconds
[2022-06-13T02:20:46.356+0000][1][safepoint    ] Application time: 1.0001213 seconds
[2022-06-13T02:20:46.356+0000][1][safepoint    ] Entering safepoint region: Cleanup
[2022-06-13T02:20:46.357+0000][1][safepoint    ] Leaving safepoint region
[2022-06-13T02:20:46.357+0000][1][safepoint    ] Total time for which application threads were stopped: 0.0006935 seconds, Stopping threads took: 0.0004053 seconds
[2022-06-13T02:20:47.357+0000][1][safepoint    ] Application time: 1.0001293 seconds
[2022-06-13T02:20:47.358+0000][1][safepoint    ] Entering safepoint region: Cleanup
[2022-06-13T02:20:47.358+0000][1][safepoint    ] Leaving safepoint region
[2022-06-13T02:20:47.358+0000][1][safepoint    ] Total time for which application threads were stopped: 0.0005835 seconds, Stopping threads took: 0.0003171 seconds
[2022-06-13T02:20:48.359+0000][1][safepoint    ] Application time: 1.0002730 seconds
[2022-06-13T02:20:48.359+0000][1][safepoint    ] Entering safepoint region: Cleanup
[2022-06-13T02:20:48.360+0000][1][safepoint    ] Leaving safepoint region
[2022-06-13T02:20:48.360+0000][1][safepoint    ] Total time for which application threads were stopped: 0.0009289 seconds, Stopping threads took: 0.0004018 seconds
[2022-06-13T02:20:49.361+0000][1][safepoint    ] Application time: 1.0002637 seconds
[2022-06-13T02:20:49.361+0000][1][safepoint    ] Entering safepoint region: Cleanup
[2022-06-13T02:20:49.362+0000][1][safepoint    ] Leaving safepoint region
[2022-06-13T02:20:49.362+0000][1][safepoint    ] Total time for which application threads were stopped: 0.0007921 seconds, Stopping threads took: 0.0004191 seconds
[2022-06-13T02:20:50.363+0000][1][safepoint    ] Application time: 1.0002904 seconds
[2022-06-13T02:20:50.363+0000][1][safepoint    ] Entering safepoint region: Cleanup
[2022-06-13T02:20:50.364+0000][1][safepoint    ] Leaving safepoint region
[2022-06-13T02:20:50.364+0000][1][safepoint    ] Total time for which application threads were stopped: 0.0006786 seconds, Stopping threads took: 0.0003236 seconds
[2022-06-13T02:20:51.364+0000][1][safepoint    ] Application time: 1.0002936 seconds
[2022-06-13T02:20:51.365+0000][1][safepoint    ] Entering safepoint region: Cleanup
[2022-06-13T02:20:51.365+0000][1][safepoint    ] Leaving safepoint region
[2022-06-13T02:20:51.365+0000][1][safepoint    ] Total time for which application threads were stopped: 0.0006238 seconds, Stopping threads took: 0.0002479 seconds
[2022-06-13T02:20:52.366+0000][1][safepoint    ] Application time: 1.0003197 seconds
[2022-06-13T02:20:52.366+0000][1][safepoint    ] Entering safepoint region: Cleanup
[2022-06-13T02:20:52.367+0000][1][safepoint    ] Leaving safepoint region
[2022-06-13T02:20:52.368+0000][1][safepoint    ] Total time for which application threads were stopped: 0.0013096 seconds, Stopping threads took: 0.0006005 seconds
[2022-06-13T02:20:53.368+0000][1][safepoint    ] Application time: 1.0002092 seconds
[2022-06-13T02:20:53.369+0000][1][safepoint    ] Entering safepoint region: Cleanup
[2022-06-13T02:20:53.369+0000][1][safepoint    ] Leaving safepoint region
[2022-06-13T02:20:53.370+0000][1][safepoint    ] Total time for which application threads were stopped: 0.0006488 seconds, Stopping threads took: 0.0003634 seconds
[2022-06-13T02:20:54.370+0000][1][safepoint    ] Application time: 1.0002924 seconds
[2022-06-13T02:20:54.371+0000][1][safepoint    ] Entering safepoint region: Cleanup
[2022-06-13T02:20:54.371+0000][1][safepoint    ] Leaving safepoint region
[2022-06-13T02:20:54.371+0000][1][safepoint    ] Total time for which application threads were stopped: 0.0006449 seconds, Stopping threads took: 0.0003318 seconds
[2022-06-13T02:20:55.372+0000][1][safepoint    ] Application time: 1.0001695 seconds
[2022-06-13T02:20:55.372+0000][1][safepoint    ] Entering safepoint region: Cleanup
[2022-06-13T02:20:55.372+0000][1][safepoint    ] Leaving safepoint region
[2022-06-13T02:20:55.372+0000][1][safepoint    ] Total time for which application threads were stopped: 0.0003282 seconds, Stopping threads took: 0.0001468 seconds
[2022-06-13T02:20:56.373+0000][1][safepoint    ] Application time: 1.0000979 seconds
[2022-06-13T02:20:56.373+0000][1][safepoint    ] Entering safepoint region: Cleanup
[2022-06-13T02:20:56.373+0000][1][safepoint    ] Leaving safepoint region
[2022-06-13T02:20:56.374+0000][1][safepoint    ] Total time for which application threads were stopped: 0.0006534 seconds, Stopping threads took: 0.0003224 seconds
[2022-06-13T02:20:57.374+0000][1][safepoint    ] Application time: 1.0002545 seconds
[2022-06-13T02:20:57.375+0000][1][safepoint    ] Entering safepoint region: Cleanup
[2022-06-13T02:20:57.375+0000][1][safepoint    ] Leaving safepoint region
[2022-06-13T02:20:57.375+0000][1][safepoint    ] Total time for which application threads were stopped: 0.0007875 seconds, Stopping threads took: 0.0003690 seconds
[2022-06-13T02:20:57.481+0000][1][safepoint    ] Application time: 0.1057178 seconds
[2022-06-13T02:20:57.482+0000][1][safepoint    ] Entering safepoint region: GenCollectForAllocation
[2022-06-13T02:20:57.482+0000][1][gc,start     ] GC(25) Pause Young (Allocation Failure)
[2022-06-13T02:20:57.482+0000][1][gc,task      ] GC(25) Using 5 workers of 13 for evacuation
[2022-06-13T02:20:57.486+0000][1][gc,age       ] GC(25) Desired survivor size 4456448 bytes, new threshold 6 (max threshold 6)
[2022-06-13T02:20:57.486+0000][1][gc,age       ] GC(25) Age table with threshold 6 (max threshold 6)
[2022-06-13T02:20:57.487+0000][1][gc,age       ] GC(25) - age   1:      32832 bytes,      32832 total
[2022-06-13T02:20:57.487+0000][1][gc,age       ] GC(25) - age   2:      31176 bytes,      64008 total
[2022-06-13T02:20:57.488+0000][1][gc,age       ] GC(25) - age   3:      49120 bytes,     113128 total
[2022-06-13T02:20:57.488+0000][1][gc,age       ] GC(25) - age   4:     585408 bytes,     698536 total
[2022-06-13T02:20:57.488+0000][1][gc,age       ] GC(25) - age   5:    3318280 bytes,    4016816 total
[2022-06-13T02:20:57.489+0000][1][gc,heap      ] GC(25) ParNew: 75052K->6388K(78656K)
[2022-06-13T02:20:57.489+0000][1][gc,heap      ] GC(25) CMS: 64223K->64223K(174784K)
[2022-06-13T02:20:57.489+0000][1][gc,metaspace ] GC(25) Metaspace: 64181K->64181K(1107968K)
[2022-06-13T02:20:57.490+0000][1][gc           ] GC(25) Pause Young (Allocation Failure) 136M->68M(247M) 7.788ms
[2022-06-13T02:20:57.490+0000][1][gc,cpu       ] GC(25) User=0.01s Sys=0.00s Real=0.01s
[2022-06-13T02:20:57.490+0000][1][safepoint    ] Leaving safepoint region
[2022-06-13T02:20:57.491+0000][1][safepoint    ] Total time for which application threads were stopped: 0.0091909 seconds, Stopping threads took: 0.0002413 seconds
[2022-06-13T02:20:58.491+0000][1][safepoint    ] Application time: 1.0002862 seconds
[2022-06-13T02:20:58.492+0000][1][safepoint    ] Entering safepoint region: Cleanup
[2022-06-13T02:20:58.492+0000][1][safepoint    ] Leaving safepoint region
[2022-06-13T02:20:58.492+0000][1][safepoint    ] Total time for which application threads were stopped: 0.0005524 seconds, Stopping threads took: 0.0002180 seconds
[2022-06-13T02:20:59.493+0000][1][safepoint    ] Application time: 1.0002566 seconds
[2022-06-13T02:20:59.493+0000][1][safepoint    ] Entering safepoint region: Cleanup
[2022-06-13T02:20:59.494+0000][1][safepoint    ] Leaving safepoint region
[2022-06-13T02:20:59.495+0000][1][safepoint    ] Total time for which application threads were stopped: 0.0012939 seconds, Stopping threads took: 0.0006420 seconds
[2022-06-13T02:21:00.495+0000][1][safepoint    ] Application time: 1.0001621 seconds
[2022-06-13T02:21:00.496+0000][1][safepoint    ] Entering safepoint region: Cleanup
[2022-06-13T02:21:00.496+0000][1][safepoint    ] Leaving safepoint region
[2022-06-13T02:21:00.496+0000][1][safepoint    ] Total time for which application threads were stopped: 0.0004627 seconds, Stopping threads took: 0.0001980 seconds
[2022-06-13T02:21:01.496+0000][1][safepoint    ] Application time: 1.0002017 seconds
[2022-06-13T02:21:01.497+0000][1][safepoint    ] Entering safepoint region: Cleanup
[2022-06-13T02:21:01.497+0000][1][safepoint    ] Leaving safepoint region
[2022-06-13T02:21:01.498+0000][1][safepoint    ] Total time for which application threads were stopped: 0.0009056 seconds, Stopping threads took: 0.0004182 seconds
[2022-06-13T02:21:02.499+0000][1][safepoint    ] Application time: 1.0002483 seconds
[2022-06-13T02:21:02.499+0000][1][safepoint    ] Entering safepoint region: Cleanup
[2022-06-13T02:21:02.500+0000][1][safepoint    ] Leaving safepoint region
[2022-06-13T02:21:02.500+0000][1][safepoint    ] Total time for which application threads were stopped: 0.0008756 seconds, Stopping threads took: 0.0004563 seconds
[2022-06-13T02:21:03.501+0000][1][safepoint    ] Application time: 1.0001967 seconds
[2022-06-13T02:21:03.501+0000][1][safepoint    ] Entering safepoint region: Cleanup
[2022-06-13T02:21:03.502+0000][1][safepoint    ] Leaving safepoint region
[2022-06-13T02:21:03.502+0000][1][safepoint    ] Total time for which application threads were stopped: 0.0009376 seconds, Stopping threads took: 0.0004080 seconds
[2022-06-13T02:21:04.503+0000][1][safepoint    ] Application time: 1.0001480 seconds
[2022-06-13T02:21:04.503+0000][1][safepoint    ] Entering safepoint region: Cleanup
[2022-06-13T02:21:04.504+0000][1][safepoint    ] Leaving safepoint region
[2022-06-13T02:21:04.504+0000][1][safepoint    ] Total time for which application threads were stopped: 0.0008779 seconds, Stopping threads took: 0.0003030 seconds
[2022-06-13T02:21:05.505+0000][1][safepoint    ] Application time: 1.0002589 seconds
[2022-06-13T02:21:05.505+0000][1][safepoint    ] Entering safepoint region: Cleanup
[2022-06-13T02:21:05.506+0000][1][safepoint    ] Leaving safepoint region
[2022-06-13T02:21:05.506+0000][1][safepoint    ] Total time for which application threads were stopped: 0.0010020 seconds, Stopping threads took: 0.0005349 seconds
[2022-06-13T02:21:06.507+0000][1][safepoint    ] Application time: 1.0002611 seconds
[2022-06-13T02:21:06.508+0000][1][safepoint    ] Entering safepoint region: Cleanup
[2022-06-13T02:21:06.508+0000][1][safepoint    ] Leaving safepoint region
[2022-06-13T02:21:06.508+0000][1][safepoint    ] Total time for which application threads were stopped: 0.0007671 seconds, Stopping threads took: 0.0004133 seconds
[2022-06-13T02:21:07.509+0000][1][safepoint    ] Application time: 1.0001627 seconds
[2022-06-13T02:21:07.509+0000][1][safepoint    ] Entering safepoint region: Cleanup
[2022-06-13T02:21:07.509+0000][1][safepoint    ] Leaving safepoint region
[2022-06-13T02:21:07.510+0000][1][safepoint    ] Total time for which application threads were stopped: 0.0005288 seconds, Stopping threads took: 0.0002805 seconds
[2022-06-13T02:21:08.510+0000][1][safepoint    ] Application time: 1.0001767 seconds
[2022-06-13T02:21:08.510+0000][1][safepoint    ] Entering safepoint region: Cleanup
[2022-06-13T02:21:08.511+0000][1][safepoint    ] Leaving safepoint region
[2022-06-13T02:21:08.511+0000][1][safepoint    ] Total time for which application threads were stopped: 0.0008178 seconds, Stopping threads took: 0.0001736 seconds
[2022-06-13T02:21:09.512+0000][1][safepoint    ] Application time: 1.0001239 seconds
[2022-06-13T02:21:09.512+0000][1][safepoint    ] Entering safepoint region: Cleanup
[2022-06-13T02:21:09.512+0000][1][safepoint    ] Leaving safepoint region
[2022-06-13T02:21:09.513+0000][1][safepoint    ] Total time for which application threads were stopped: 0.0009471 seconds, Stopping threads took: 0.0003114 seconds
[2022-06-13T02:21:10.514+0000][1][safepoint    ] Application time: 1.0002749 seconds
[2022-06-13T02:21:10.514+0000][1][safepoint    ] Entering safepoint region: Cleanup
[2022-06-13T02:21:10.514+0000][1][safepoint    ] Leaving safepoint region
[2022-06-13T02:21:10.515+0000][1][safepoint    ] Total time for which application threads were stopped: 0.0008212 seconds, Stopping threads took: 0.0003808 seconds
[2022-06-13T02:21:11.515+0000][1][safepoint    ] Application time: 1.0002051 seconds
[2022-06-13T02:21:11.516+0000][1][safepoint    ] Entering safepoint region: Cleanup
[2022-06-13T02:21:11.516+0000][1][safepoint    ] Leaving safepoint region
[2022-06-13T02:21:11.517+0000][1][safepoint    ] Total time for which application threads were stopped: 0.0009175 seconds, Stopping threads took: 0.0004452 seconds
[2022-06-13T02:21:13.498+0000][1][safepoint    ] Application time: 1.9811516 seconds
[2022-06-13T02:21:13.499+0000][1][safepoint    ] Entering safepoint region: Cleanup
[2022-06-13T02:21:13.499+0000][1][safepoint    ] Leaving safepoint region
[2022-06-13T02:21:13.500+0000][1][safepoint    ] Total time for which application threads were stopped: 0.0009235 seconds, Stopping threads took: 0.0004465 seconds
[2022-06-13T02:21:14.500+0000][1][safepoint    ] Application time: 1.0002852 seconds
[2022-06-13T02:21:14.501+0000][1][safepoint    ] Entering safepoint region: Cleanup
[2022-06-13T02:21:14.501+0000][1][safepoint    ] Leaving safepoint region
[2022-06-13T02:21:14.502+0000][1][safepoint    ] Total time for which application threads were stopped: 0.0008810 seconds, Stopping threads took: 0.0004428 seconds
[2022-06-13T02:21:15.502+0000][1][safepoint    ] Application time: 1.0002049 seconds
[2022-06-13T02:21:15.503+0000][1][safepoint    ] Entering safepoint region: Cleanup
[2022-06-13T02:21:15.503+0000][1][safepoint    ] Leaving safepoint region
[2022-06-13T02:21:15.504+0000][1][safepoint    ] Total time for which application threads were stopped: 0.0008370 seconds, Stopping threads took: 0.0003746 seconds
[2022-06-13T02:21:16.504+0000][1][safepoint    ] Application time: 1.0001211 seconds
[2022-06-13T02:21:16.505+0000][1][safepoint    ] Entering safepoint region: Cleanup
[2022-06-13T02:21:16.505+0000][1][safepoint    ] Leaving safepoint region
[2022-06-13T02:21:16.505+0000][1][safepoint    ] Total time for which application threads were stopped: 0.0008195 seconds, Stopping threads took: 0.0003772 seconds
[2022-06-13T02:21:17.506+0000][1][safepoint    ] Application time: 1.0001896 seconds
[2022-06-13T02:21:17.506+0000][1][safepoint    ] Entering safepoint region: Cleanup
[2022-06-13T02:21:17.507+0000][1][safepoint    ] Leaving safepoint region
[2022-06-13T02:21:17.507+0000][1][safepoint    ] Total time for which application threads were stopped: 0.0003456 seconds, Stopping threads took: 0.0001461 seconds
[2022-06-13T02:21:18.507+0000][1][safepoint    ] Application time: 1.0001823 seconds
[2022-06-13T02:21:18.507+0000][1][safepoint    ] Entering safepoint region: Cleanup
[2022-06-13T02:21:18.508+0000][1][safepoint    ] Leaving safepoint region
[2022-06-13T02:21:18.508+0000][1][safepoint    ] Total time for which application threads were stopped: 0.0005725 seconds, Stopping threads took: 0.0002633 seconds
[2022-06-13T02:21:19.509+0000][1][safepoint    ] Application time: 1.0003711 seconds
[2022-06-13T02:21:19.509+0000][1][safepoint    ] Entering safepoint region: Cleanup
[2022-06-13T02:21:19.510+0000][1][safepoint    ] Leaving safepoint region
[2022-06-13T02:21:19.510+0000][1][safepoint    ] Total time for which application threads were stopped: 0.0006861 seconds, Stopping threads took: 0.0003663 seconds
[2022-06-13T02:21:20.510+0000][1][safepoint    ] Application time: 1.0001355 seconds
[2022-06-13T02:21:20.511+0000][1][safepoint    ] Entering safepoint region: Cleanup
[2022-06-13T02:21:20.511+0000][1][safepoint    ] Leaving safepoint region
[2022-06-13T02:21:20.512+0000][1][safepoint    ] Total time for which application threads were stopped: 0.0008729 seconds, Stopping threads took: 0.0004061 seconds
[2022-06-13T02:21:21.512+0000][1][safepoint    ] Application time: 1.0001644 seconds
[2022-06-13T02:21:21.512+0000][1][safepoint    ] Entering safepoint region: Cleanup
[2022-06-13T02:21:21.513+0000][1][safepoint    ] Leaving safepoint region
[2022-06-13T02:21:21.513+0000][1][safepoint    ] Total time for which application threads were stopped: 0.0007833 seconds, Stopping threads took: 0.0003763 seconds
[2022-06-13T02:21:22.514+0000][1][safepoint    ] Application time: 1.0003582 seconds
[2022-06-13T02:21:22.514+0000][1][safepoint    ] Entering safepoint region: Cleanup
[2022-06-13T02:21:22.515+0000][1][safepoint    ] Leaving safepoint region
[2022-06-13T02:21:22.515+0000][1][safepoint    ] Total time for which application threads were stopped: 0.0008117 seconds, Stopping threads took: 0.0003942 seconds
[2022-06-13T02:21:23.516+0000][1][safepoint    ] Application time: 1.0002435 seconds
[2022-06-13T02:21:23.516+0000][1][safepoint    ] Entering safepoint region: Cleanup
[2022-06-13T02:21:23.516+0000][1][safepoint    ] Leaving safepoint region
[2022-06-13T02:21:23.517+0000][1][safepoint    ] Total time for which application threads were stopped: 0.0008318 seconds, Stopping threads took: 0.0003881 seconds
[2022-06-13T02:21:24.517+0000][1][safepoint    ] Application time: 1.0002795 seconds
[2022-06-13T02:21:24.518+0000][1][safepoint    ] Entering safepoint region: Cleanup
[2022-06-13T02:21:24.518+0000][1][safepoint    ] Leaving safepoint region
[2022-06-13T02:21:24.519+0000][1][safepoint    ] Total time for which application threads were stopped: 0.0008817 seconds, Stopping threads took: 0.0004418 seconds
[2022-06-13T02:21:25.519+0000][1][safepoint    ] Application time: 1.0002465 seconds
[2022-06-13T02:21:25.520+0000][1][safepoint    ] Entering safepoint region: Cleanup
[2022-06-13T02:21:25.520+0000][1][safepoint    ] Leaving safepoint region
[2022-06-13T02:21:25.521+0000][1][safepoint    ] Total time for which application threads were stopped: 0.0008839 seconds, Stopping threads took: 0.0004825 seconds
[2022-06-13T02:21:26.521+0000][1][safepoint    ] Application time: 1.0002404 seconds
[2022-06-13T02:21:26.522+0000][1][safepoint    ] Entering safepoint region: Cleanup
[2022-06-13T02:21:26.522+0000][1][safepoint    ] Leaving safepoint region
[2022-06-13T02:21:26.523+0000][1][safepoint    ] Total time for which application threads were stopped: 0.0007028 seconds, Stopping threads took: 0.0002943 seconds
[2022-06-13T02:21:27.523+0000][1][safepoint    ] Application time: 1.0003266 seconds
[2022-06-13T02:21:27.524+0000][1][safepoint    ] Entering safepoint region: Cleanup
[2022-06-13T02:21:27.524+0000][1][safepoint    ] Leaving safepoint region
[2022-06-13T02:21:27.524+0000][1][safepoint    ] Total time for which application threads were stopped: 0.0008336 seconds, Stopping threads took: 0.0004069 seconds
[2022-06-13T02:21:28.525+0000][1][safepoint    ] Application time: 1.0001919 seconds
[2022-06-13T02:21:28.526+0000][1][safepoint    ] Entering safepoint region: Cleanup
[2022-06-13T02:21:28.526+0000][1][safepoint    ] Leaving safepoint region
[2022-06-13T02:21:28.526+0000][1][safepoint    ] Total time for which application threads were stopped: 0.0004295 seconds, Stopping threads took: 0.0001533 seconds
[2022-06-13T02:21:29.526+0000][1][safepoint    ] Application time: 1.0001237 seconds
[2022-06-13T02:21:29.527+0000][1][safepoint    ] Entering safepoint region: Cleanup
[2022-06-13T02:21:29.527+0000][1][safepoint    ] Leaving safepoint region
[2022-06-13T02:21:29.527+0000][1][safepoint    ] Total time for which application threads were stopped: 0.0007567 seconds, Stopping threads took: 0.0003501 seconds
[2022-06-13T02:21:30.528+0000][1][safepoint    ] Application time: 1.0004704 seconds
[2022-06-13T02:21:30.529+0000][1][safepoint    ] Entering safepoint region: Cleanup
[2022-06-13T02:21:30.529+0000][1][safepoint    ] Leaving safepoint region
[2022-06-13T02:21:30.530+0000][1][safepoint    ] Total time for which application threads were stopped: 0.0009684 seconds, Stopping threads took: 0.0002966 seconds
[2022-06-13T02:21:31.531+0000][1][safepoint    ] Application time: 1.0002994 seconds
[2022-06-13T02:21:31.531+0000][1][safepoint    ] Entering safepoint region: Cleanup
[2022-06-13T02:21:31.531+0000][1][safepoint    ] Leaving safepoint region
[2022-06-13T02:21:31.532+0000][1][safepoint    ] Total time for which application threads were stopped: 0.0006521 seconds, Stopping threads took: 0.0002776 seconds
[2022-06-13T02:21:32.532+0000][1][safepoint    ] Application time: 1.0002807 seconds
[2022-06-13T02:21:32.533+0000][1][safepoint    ] Entering safepoint region: Cleanup
[2022-06-13T02:21:32.533+0000][1][safepoint    ] Leaving safepoint region
[2022-06-13T02:21:32.533+0000][1][safepoint    ] Total time for which application threads were stopped: 0.0008509 seconds, Stopping threads took: 0.0004295 seconds
[2022-06-13T02:21:33.534+0000][1][safepoint    ] Application time: 1.0002803 seconds
[2022-06-13T02:21:33.535+0000][1][safepoint    ] Entering safepoint region: Cleanup
[2022-06-13T02:21:33.535+0000][1][safepoint    ] Leaving safepoint region
[2022-06-13T02:21:33.535+0000][1][safepoint    ] Total time for which application threads were stopped: 0.0006511 seconds, Stopping threads took: 0.0002094 seconds
[2022-06-13T02:21:34.536+0000][1][safepoint    ] Application time: 1.0002981 seconds
[2022-06-13T02:21:34.536+0000][1][safepoint    ] Entering safepoint region: Cleanup
[2022-06-13T02:21:34.537+0000][1][safepoint    ] Leaving safepoint region
[2022-06-13T02:21:34.537+0000][1][safepoint    ] Total time for which application threads were stopped: 0.0007948 seconds, Stopping threads took: 0.0003563 seconds
[2022-06-13T02:21:35.538+0000][1][safepoint    ] Application time: 1.0002311 seconds
[2022-06-13T02:21:35.538+0000][1][safepoint    ] Entering safepoint region: Cleanup
[2022-06-13T02:21:35.539+0000][1][safepoint    ] Leaving safepoint region
[2022-06-13T02:21:35.539+0000][1][safepoint    ] Total time for which application threads were stopped: 0.0006858 seconds, Stopping threads took: 0.0003016 seconds
[2022-06-13T02:21:36.540+0000][1][safepoint    ] Application time: 1.0002072 seconds
[2022-06-13T02:21:36.540+0000][1][safepoint    ] Entering safepoint region: Cleanup
[2022-06-13T02:21:36.541+0000][1][safepoint    ] Leaving safepoint region
[2022-06-13T02:21:36.541+0000][1][safepoint    ] Total time for which application threads were stopped: 0.0010262 seconds, Stopping threads took: 0.0006991 seconds
[2022-06-13T02:21:37.542+0000][1][safepoint    ] Application time: 1.0001482 seconds
[2022-06-13T02:21:37.542+0000][1][safepoint    ] Entering safepoint region: Cleanup
[2022-06-13T02:21:37.542+0000][1][safepoint    ] Leaving safepoint region
[2022-06-13T02:21:37.543+0000][1][safepoint    ] Total time for which application threads were stopped: 0.0007974 seconds, Stopping threads took: 0.0003307 seconds
[2022-06-13T02:21:38.543+0000][1][safepoint    ] Application time: 1.0001937 seconds
[2022-06-13T02:21:38.544+0000][1][safepoint    ] Entering safepoint region: Cleanup
[2022-06-13T02:21:38.544+0000][1][safepoint    ] Leaving safepoint region
[2022-06-13T02:21:38.545+0000][1][safepoint    ] Total time for which application threads were stopped: 0.0009837 seconds, Stopping threads took: 0.0004465 seconds
[2022-06-13T02:21:39.545+0000][1][safepoint    ] Application time: 1.0002070 seconds
[2022-06-13T02:21:39.546+0000][1][safepoint    ] Entering safepoint region: Cleanup
[2022-06-13T02:21:39.547+0000][1][safepoint    ] Leaving safepoint region
[2022-06-13T02:21:39.547+0000][1][safepoint    ] Total time for which application threads were stopped: 0.0006578 seconds, Stopping threads took: 0.0003101 seconds
[2022-06-13T02:21:40.547+0000][1][safepoint    ] Application time: 1.0001038 seconds
[2022-06-13T02:21:40.548+0000][1][safepoint    ] Entering safepoint region: Cleanup
[2022-06-13T02:21:40.548+0000][1][safepoint    ] Leaving safepoint region
[2022-06-13T02:21:40.548+0000][1][safepoint    ] Total time for which application threads were stopped: 0.0004724 seconds, Stopping threads took: 0.0002121 seconds
[2022-06-13T02:21:41.549+0000][1][safepoint    ] Application time: 1.0003224 seconds
[2022-06-13T02:21:41.549+0000][1][safepoint    ] Entering safepoint region: Cleanup
[2022-06-13T02:21:41.550+0000][1][safepoint    ] Leaving safepoint region
[2022-06-13T02:21:41.550+0000][1][safepoint    ] Total time for which application threads were stopped: 0.0007783 seconds, Stopping threads took: 0.0004047 seconds
[2022-06-13T02:21:42.551+0000][1][safepoint    ] Application time: 1.0001813 seconds
[2022-06-13T02:21:42.551+0000][1][safepoint    ] Entering safepoint region: Cleanup
[2022-06-13T02:21:42.552+0000][1][safepoint    ] Leaving safepoint region
[2022-06-13T02:21:42.552+0000][1][safepoint    ] Total time for which application threads were stopped: 0.0009730 seconds, Stopping threads took: 0.0004509 seconds
[2022-06-13T02:21:43.552+0000][1][safepoint    ] Application time: 1.0001744 seconds
[2022-06-13T02:21:43.553+0000][1][safepoint    ] Entering safepoint region: Cleanup
[2022-06-13T02:21:43.553+0000][1][safepoint    ] Leaving safepoint region
[2022-06-13T02:21:43.553+0000][1][safepoint    ] Total time for which application threads were stopped: 0.0004946 seconds, Stopping threads took: 0.0002248 seconds
[2022-06-13T02:21:44.554+0000][1][safepoint    ] Application time: 1.0001758 seconds
[2022-06-13T02:21:44.554+0000][1][safepoint    ] Entering safepoint region: Cleanup
[2022-06-13T02:21:44.555+0000][1][safepoint    ] Leaving safepoint region
[2022-06-13T02:21:44.555+0000][1][safepoint    ] Total time for which application threads were stopped: 0.0008583 seconds, Stopping threads took: 0.0004307 seconds
[2022-06-13T02:21:45.556+0000][1][safepoint    ] Application time: 1.0001280 seconds
[2022-06-13T02:21:45.556+0000][1][safepoint    ] Entering safepoint region: Cleanup
[2022-06-13T02:21:45.557+0000][1][safepoint    ] Leaving safepoint region
[2022-06-13T02:21:45.557+0000][1][safepoint    ] Total time for which application threads were stopped: 0.0008115 seconds, Stopping threads took: 0.0003740 seconds
[2022-06-13T02:21:46.558+0000][1][safepoint    ] Application time: 1.0001972 seconds
[2022-06-13T02:21:46.558+0000][1][safepoint    ] Entering safepoint region: Cleanup
[2022-06-13T02:21:46.559+0000][1][safepoint    ] Leaving safepoint region
[2022-06-13T02:21:46.559+0000][1][safepoint    ] Total time for which application threads were stopped: 0.0008453 seconds, Stopping threads took: 0.0004026 seconds
[2022-06-13T02:21:47.560+0000][1][safepoint    ] Application time: 1.0001653 seconds
[2022-06-13T02:21:47.561+0000][1][safepoint    ] Entering safepoint region: Cleanup
[2022-06-13T02:21:47.561+0000][1][safepoint    ] Leaving safepoint region
[2022-06-13T02:21:47.562+0000][1][safepoint    ] Total time for which application threads were stopped: 0.0012297 seconds, Stopping threads took: 0.0004911 seconds
[2022-06-13T02:21:48.562+0000][1][safepoint    ] Application time: 1.0001083 seconds
[2022-06-13T02:21:48.563+0000][1][safepoint    ] Entering safepoint region: Cleanup
[2022-06-13T02:21:48.563+0000][1][safepoint    ] Leaving safepoint region
[2022-06-13T02:21:48.563+0000][1][safepoint    ] Total time for which application threads were stopped: 0.0003886 seconds, Stopping threads took: 0.0002084 seconds
[2022-06-13T02:21:49.563+0000][1][safepoint    ] Application time: 1.0001217 seconds
[2022-06-13T02:21:49.564+0000][1][safepoint    ] Entering safepoint region: Cleanup
[2022-06-13T02:21:49.564+0000][1][safepoint    ] Leaving safepoint region
[2022-06-13T02:21:49.565+0000][1][safepoint    ] Total time for which application threads were stopped: 0.0008353 seconds, Stopping threads took: 0.0002808 seconds
[2022-06-13T02:21:50.565+0000][1][safepoint    ] Application time: 1.0001357 seconds
[2022-06-13T02:21:50.566+0000][1][safepoint    ] Entering safepoint region: Cleanup
[2022-06-13T02:21:50.566+0000][1][safepoint    ] Leaving safepoint region
[2022-06-13T02:21:50.567+0000][1][safepoint    ] Total time for which application threads were stopped: 0.0009070 seconds, Stopping threads took: 0.0004376 seconds
[2022-06-13T02:22:02.569+0000][1][safepoint    ] Application time: 12.0019182 seconds
[2022-06-13T02:22:02.569+0000][1][safepoint    ] Entering safepoint region: Cleanup
[2022-06-13T02:22:02.570+0000][1][safepoint    ] Leaving safepoint region
[2022-06-13T02:22:02.570+0000][1][safepoint    ] Total time for which application threads were stopped: 0.0008880 seconds, Stopping threads took: 0.0004105 seconds
[2022-06-13T02:22:05.529+0000][1][safepoint    ] Application time: 2.9583557 seconds
[2022-06-13T02:22:05.529+0000][1][safepoint    ] Entering safepoint region: RevokeBias
[2022-06-13T02:22:05.530+0000][1][safepoint    ] Leaving safepoint region
[2022-06-13T02:22:05.530+0000][1][safepoint    ] Total time for which application threads were stopped: 0.0006846 seconds, Stopping threads took: 0.0002664 seconds
[2022-06-13T02:22:22.533+0000][1][safepoint    ] Application time: 17.0026755 seconds
[2022-06-13T02:22:22.533+0000][1][safepoint    ] Entering safepoint region: Cleanup
[2022-06-13T02:22:22.534+0000][1][safepoint    ] Leaving safepoint region
[2022-06-13T02:22:22.534+0000][1][safepoint    ] Total time for which application threads were stopped: 0.0005514 seconds, Stopping threads took: 0.0002619 seconds
[2022-06-13T02:22:25.535+0000][1][safepoint    ] Application time: 3.0004747 seconds
[2022-06-13T02:22:25.535+0000][1][safepoint    ] Entering safepoint region: Cleanup
[2022-06-13T02:22:25.536+0000][1][safepoint    ] Leaving safepoint region
[2022-06-13T02:22:25.536+0000][1][safepoint    ] Total time for which application threads were stopped: 0.0012180 seconds, Stopping threads took: 0.0005508 seconds
[2022-06-13T02:22:31.538+0000][1][safepoint    ] Application time: 6.0008604 seconds
[2022-06-13T02:22:31.538+0000][1][safepoint    ] Entering safepoint region: Cleanup
[2022-06-13T02:22:31.538+0000][1][safepoint    ] Leaving safepoint region
[2022-06-13T02:22:31.539+0000][1][safepoint    ] Total time for which application threads were stopped: 0.0007549 seconds, Stopping threads took: 0.0003869 seconds
[2022-06-13T02:22:32.539+0000][1][safepoint    ] Application time: 1.0001111 seconds
[2022-06-13T02:22:32.539+0000][1][safepoint    ] Entering safepoint region: Cleanup
[2022-06-13T02:22:32.540+0000][1][safepoint    ] Leaving safepoint region
[2022-06-13T02:22:32.540+0000][1][safepoint    ] Total time for which application threads were stopped: 0.0007782 seconds, Stopping threads took: 0.0003822 seconds
[2022-06-13T02:22:33.541+0000][1][safepoint    ] Application time: 1.0003023 seconds
[2022-06-13T02:22:33.542+0000][1][safepoint    ] Entering safepoint region: Cleanup
[2022-06-13T02:22:33.543+0000][1][safepoint    ] Leaving safepoint region
[2022-06-13T02:22:33.543+0000][1][safepoint    ] Total time for which application threads were stopped: 0.0017956 seconds, Stopping threads took: 0.0010363 seconds
[2022-06-13T02:22:34.544+0000][1][safepoint    ] Application time: 1.0001220 seconds
[2022-06-13T02:22:34.545+0000][1][safepoint    ] Entering safepoint region: Cleanup
[2022-06-13T02:22:34.545+0000][1][safepoint    ] Leaving safepoint region
[2022-06-13T02:22:34.545+0000][1][safepoint    ] Total time for which application threads were stopped: 0.0007788 seconds, Stopping threads took: 0.0003929 seconds
[2022-06-13T02:22:35.546+0000][1][safepoint    ] Application time: 1.0001874 seconds
[2022-06-13T02:22:35.546+0000][1][safepoint    ] Entering safepoint region: Cleanup
[2022-06-13T02:22:35.546+0000][1][safepoint    ] Leaving safepoint region
[2022-06-13T02:22:35.547+0000][1][safepoint    ] Total time for which application threads were stopped: 0.0004861 seconds, Stopping threads took: 0.0002129 seconds
[2022-06-13T02:22:36.547+0000][1][safepoint    ] Application time: 1.0002851 seconds
[2022-06-13T02:22:36.548+0000][1][safepoint    ] Entering safepoint region: Cleanup
[2022-06-13T02:22:36.548+0000][1][safepoint    ] Leaving safepoint region
[2022-06-13T02:22:36.548+0000][1][safepoint    ] Total time for which application threads were stopped: 0.0006600 seconds, Stopping threads took: 0.0003248 seconds
[2022-06-13T02:22:37.549+0000][1][safepoint    ] Application time: 1.0001300 seconds
[2022-06-13T02:22:37.549+0000][1][safepoint    ] Entering safepoint region: Cleanup
[2022-06-13T02:22:37.550+0000][1][safepoint    ] Leaving safepoint region
[2022-06-13T02:22:37.550+0000][1][safepoint    ] Total time for which application threads were stopped: 0.0005817 seconds, Stopping threads took: 0.0003002 seconds
[2022-06-13T02:22:38.550+0000][1][safepoint    ] Application time: 1.0003492 seconds
[2022-06-13T02:22:38.551+0000][1][safepoint    ] Entering safepoint region: Cleanup
[2022-06-13T02:22:38.551+0000][1][safepoint    ] Leaving safepoint region
[2022-06-13T02:22:38.551+0000][1][safepoint    ] Total time for which application threads were stopped: 0.0007299 seconds, Stopping threads took: 0.0004148 seconds
[2022-06-13T02:22:39.552+0000][1][safepoint    ] Application time: 1.0001020 seconds
[2022-06-13T02:22:39.552+0000][1][safepoint    ] Entering safepoint region: Cleanup
[2022-06-13T02:22:39.552+0000][1][safepoint    ] Leaving safepoint region
[2022-06-13T02:22:39.552+0000][1][safepoint    ] Total time for which application threads were stopped: 0.0004014 seconds, Stopping threads took: 0.0002100 seconds
[2022-06-13T02:22:40.552+0000][1][safepoint    ] Application time: 1.0001164 seconds
[2022-06-13T02:22:40.553+0000][1][safepoint    ] Entering safepoint region: Cleanup
[2022-06-13T02:22:40.554+0000][1][safepoint    ] Leaving safepoint region
[2022-06-13T02:22:40.554+0000][1][safepoint    ] Total time for which application threads were stopped: 0.0009528 seconds, Stopping threads took: 0.0005533 seconds
[2022-06-13T02:22:41.554+0000][1][safepoint    ] Application time: 1.0001882 seconds
[2022-06-13T02:22:41.555+0000][1][safepoint    ] Entering safepoint region: Cleanup
[2022-06-13T02:22:41.556+0000][1][safepoint    ] Leaving safepoint region
[2022-06-13T02:22:41.556+0000][1][safepoint    ] Total time for which application threads were stopped: 0.0007442 seconds, Stopping threads took: 0.0003460 seconds
[2022-06-13T02:22:42.556+0000][1][safepoint    ] Application time: 1.0001176 seconds
[2022-06-13T02:22:42.557+0000][1][safepoint    ] Entering safepoint region: Cleanup
[2022-06-13T02:22:42.557+0000][1][safepoint    ] Leaving safepoint region
[2022-06-13T02:22:42.557+0000][1][safepoint    ] Total time for which application threads were stopped: 0.0005501 seconds, Stopping threads took: 0.0002446 seconds
[2022-06-13T02:22:43.558+0000][1][safepoint    ] Application time: 1.0001632 seconds
[2022-06-13T02:22:43.558+0000][1][safepoint    ] Entering safepoint region: Cleanup
[2022-06-13T02:22:43.559+0000][1][safepoint    ] Leaving safepoint region
[2022-06-13T02:22:43.559+0000][1][safepoint    ] Total time for which application threads were stopped: 0.0009383 seconds, Stopping threads took: 0.0003875 seconds
[2022-06-13T02:22:44.559+0000][1][safepoint    ] Application time: 1.0001327 seconds
[2022-06-13T02:22:44.560+0000][1][safepoint    ] Entering safepoint region: Cleanup
[2022-06-13T02:22:44.560+0000][1][safepoint    ] Leaving safepoint region
[2022-06-13T02:22:44.560+0000][1][safepoint    ] Total time for which application threads were stopped: 0.0007076 seconds, Stopping threads took: 0.0003267 seconds
[2022-06-13T02:22:45.561+0000][1][safepoint    ] Application time: 1.0002552 seconds
[2022-06-13T02:22:45.561+0000][1][safepoint    ] Entering safepoint region: Cleanup
[2022-06-13T02:22:45.562+0000][1][safepoint    ] Leaving safepoint region
[2022-06-13T02:22:45.562+0000][1][safepoint    ] Total time for which application threads were stopped: 0.0006643 seconds, Stopping threads took: 0.0003354 seconds
[2022-06-13T02:22:46.562+0000][1][safepoint    ] Application time: 1.0001643 seconds
[2022-06-13T02:22:46.563+0000][1][safepoint    ] Entering safepoint region: Cleanup
[2022-06-13T02:22:46.563+0000][1][safepoint    ] Leaving safepoint region
[2022-06-13T02:22:46.564+0000][1][safepoint    ] Total time for which application threads were stopped: 0.0009261 seconds, Stopping threads took: 0.0005132 seconds
[2022-06-13T02:22:47.564+0000][1][safepoint    ] Application time: 1.0002015 seconds
[2022-06-13T02:22:47.565+0000][1][safepoint    ] Entering safepoint region: Cleanup
[2022-06-13T02:22:47.565+0000][1][safepoint    ] Leaving safepoint region
[2022-06-13T02:22:47.565+0000][1][safepoint    ] Total time for which application threads were stopped: 0.0007484 seconds, Stopping threads took: 0.0003825 seconds
[2022-06-13T02:22:48.566+0000][1][safepoint    ] Application time: 1.0002468 seconds
[2022-06-13T02:22:48.566+0000][1][safepoint    ] Entering safepoint region: Cleanup
[2022-06-13T02:22:48.567+0000][1][safepoint    ] Leaving safepoint region
[2022-06-13T02:22:48.567+0000][1][safepoint    ] Total time for which application threads were stopped: 0.0008277 seconds, Stopping threads took: 0.0003710 seconds
[2022-06-13T02:22:49.568+0000][1][safepoint    ] Application time: 1.0002008 seconds
[2022-06-13T02:22:49.568+0000][1][safepoint    ] Entering safepoint region: Cleanup
[2022-06-13T02:22:49.568+0000][1][safepoint    ] Leaving safepoint region
[2022-06-13T02:22:49.569+0000][1][safepoint    ] Total time for which application threads were stopped: 0.0008504 seconds, Stopping threads took: 0.0004225 seconds
[2022-06-13T02:22:50.570+0000][1][safepoint    ] Application time: 1.0002391 seconds
[2022-06-13T02:22:50.570+0000][1][safepoint    ] Entering safepoint region: Cleanup
[2022-06-13T02:22:50.570+0000][1][safepoint    ] Leaving safepoint region
[2022-06-13T02:22:50.571+0000][1][safepoint    ] Total time for which application threads were stopped: 0.0007810 seconds, Stopping threads took: 0.0004231 seconds
[2022-06-13T02:22:51.571+0000][1][safepoint    ] Application time: 1.0001886 seconds
[2022-06-13T02:22:51.572+0000][1][safepoint    ] Entering safepoint region: Cleanup
[2022-06-13T02:22:51.572+0000][1][safepoint    ] Leaving safepoint region
[2022-06-13T02:22:51.572+0000][1][safepoint    ] Total time for which application threads were stopped: 0.0007580 seconds, Stopping threads took: 0.0003209 seconds
[2022-06-13T02:22:52.573+0000][1][safepoint    ] Application time: 1.0002056 seconds
[2022-06-13T02:22:52.573+0000][1][safepoint    ] Entering safepoint region: Cleanup
[2022-06-13T02:22:52.574+0000][1][safepoint    ] Leaving safepoint region
[2022-06-13T02:22:52.574+0000][1][safepoint    ] Total time for which application threads were stopped: 0.0010219 seconds, Stopping threads took: 0.0006106 seconds
[2022-06-13T02:22:53.575+0000][1][safepoint    ] Application time: 1.0001004 seconds
[2022-06-13T02:22:53.575+0000][1][safepoint    ] Entering safepoint region: Cleanup
[2022-06-13T02:22:53.575+0000][1][safepoint    ] Leaving safepoint region
[2022-06-13T02:22:53.576+0000][1][safepoint    ] Total time for which application threads were stopped: 0.0005706 seconds, Stopping threads took: 0.0002796 seconds
[2022-06-13T02:22:54.576+0000][1][safepoint    ] Application time: 1.0002265 seconds
[2022-06-13T02:22:54.577+0000][1][safepoint    ] Entering safepoint region: Cleanup
[2022-06-13T02:22:54.577+0000][1][safepoint    ] Leaving safepoint region
[2022-06-13T02:22:54.578+0000][1][safepoint    ] Total time for which application threads were stopped: 0.0009453 seconds, Stopping threads took: 0.0004074 seconds
[2022-06-13T02:22:55.578+0000][1][safepoint    ] Application time: 1.0001230 seconds
[2022-06-13T02:22:55.578+0000][1][safepoint    ] Entering safepoint region: Cleanup
[2022-06-13T02:22:55.579+0000][1][safepoint    ] Leaving safepoint region
[2022-06-13T02:22:55.579+0000][1][safepoint    ] Total time for which application threads were stopped: 0.0004151 seconds, Stopping threads took: 0.0001935 seconds
[2022-06-13T02:22:56.579+0000][1][safepoint    ] Application time: 1.0001859 seconds
[2022-06-13T02:22:56.580+0000][1][safepoint    ] Entering safepoint region: Cleanup
[2022-06-13T02:22:56.580+0000][1][safepoint    ] Leaving safepoint region
[2022-06-13T02:22:56.580+0000][1][safepoint    ] Total time for which application threads were stopped: 0.0008202 seconds, Stopping threads took: 0.0003664 seconds
[2022-06-13T02:22:57.581+0000][1][safepoint    ] Application time: 1.0001976 seconds
[2022-06-13T02:22:57.581+0000][1][safepoint    ] Entering safepoint region: Cleanup
[2022-06-13T02:22:57.582+0000][1][safepoint    ] Leaving safepoint region
[2022-06-13T02:22:57.582+0000][1][safepoint    ] Total time for which application threads were stopped: 0.0009697 seconds, Stopping threads took: 0.0004391 seconds
[2022-06-13T02:22:58.583+0000][1][safepoint    ] Application time: 1.0001832 seconds
[2022-06-13T02:22:58.583+0000][1][safepoint    ] Entering safepoint region: Cleanup
[2022-06-13T02:22:58.584+0000][1][safepoint    ] Leaving safepoint region
[2022-06-13T02:22:58.584+0000][1][safepoint    ] Total time for which application threads were stopped: 0.0007097 seconds, Stopping threads took: 0.0003278 seconds
[2022-06-13T02:23:00.562+0000][1][safepoint    ] Application time: 1.9773802 seconds
[2022-06-13T02:23:00.562+0000][1][safepoint    ] Entering safepoint region: Cleanup
[2022-06-13T02:23:00.563+0000][1][safepoint    ] Leaving safepoint region
[2022-06-13T02:23:00.563+0000][1][safepoint    ] Total time for which application threads were stopped: 0.0008056 seconds, Stopping threads took: 0.0003989 seconds
[2022-06-13T02:23:01.564+0000][1][safepoint    ] Application time: 1.0001055 seconds
[2022-06-13T02:23:01.564+0000][1][safepoint    ] Entering safepoint region: Cleanup
[2022-06-13T02:23:01.565+0000][1][safepoint    ] Leaving safepoint region
[2022-06-13T02:23:01.565+0000][1][safepoint    ] Total time for which application threads were stopped: 0.0006802 seconds, Stopping threads took: 0.0003320 seconds
[2022-06-13T02:23:02.566+0000][1][safepoint    ] Application time: 1.0002083 seconds
[2022-06-13T02:23:02.566+0000][1][safepoint    ] Entering safepoint region: Cleanup
[2022-06-13T02:23:02.566+0000][1][safepoint    ] Leaving safepoint region
[2022-06-13T02:23:02.567+0000][1][safepoint    ] Total time for which application threads were stopped: 0.0008283 seconds, Stopping threads took: 0.0003301 seconds
[2022-06-13T02:23:03.567+0000][1][safepoint    ] Application time: 1.0002670 seconds
[2022-06-13T02:23:03.568+0000][1][safepoint    ] Entering safepoint region: Cleanup
[2022-06-13T02:23:03.568+0000][1][safepoint    ] Leaving safepoint region
[2022-06-13T02:23:03.569+0000][1][safepoint    ] Total time for which application threads were stopped: 0.0007169 seconds, Stopping threads took: 0.0002112 seconds
[2022-06-13T02:23:04.569+0000][1][safepoint    ] Application time: 1.0002493 seconds
[2022-06-13T02:23:04.570+0000][1][safepoint    ] Entering safepoint region: Cleanup
[2022-06-13T02:23:04.570+0000][1][safepoint    ] Leaving safepoint region
[2022-06-13T02:23:04.570+0000][1][safepoint    ] Total time for which application threads were stopped: 0.0006693 seconds, Stopping threads took: 0.0003348 seconds
[2022-06-13T02:23:05.571+0000][1][safepoint    ] Application time: 1.0001930 seconds
[2022-06-13T02:23:05.571+0000][1][safepoint    ] Entering safepoint region: Cleanup
[2022-06-13T02:23:05.572+0000][1][safepoint    ] Leaving safepoint region
[2022-06-13T02:23:05.572+0000][1][safepoint    ] Total time for which application threads were stopped: 0.0009687 seconds, Stopping threads took: 0.0004463 seconds
[2022-06-13T02:23:06.573+0000][1][safepoint    ] Application time: 1.0002456 seconds
[2022-06-13T02:23:06.573+0000][1][safepoint    ] Entering safepoint region: Cleanup
[2022-06-13T02:23:06.573+0000][1][safepoint    ] Leaving safepoint region
[2022-06-13T02:23:06.573+0000][1][safepoint    ] Total time for which application threads were stopped: 0.0003570 seconds, Stopping threads took: 0.0001678 seconds
[2022-06-13T02:23:07.574+0000][1][safepoint    ] Application time: 1.0002305 seconds
[2022-06-13T02:23:07.574+0000][1][safepoint    ] Entering safepoint region: Cleanup
[2022-06-13T02:23:07.575+0000][1][safepoint    ] Leaving safepoint region
[2022-06-13T02:23:07.575+0000][1][safepoint    ] Total time for which application threads were stopped: 0.0007862 seconds, Stopping threads took: 0.0004256 seconds
[2022-06-13T02:23:08.576+0000][1][safepoint    ] Application time: 1.0001037 seconds
[2022-06-13T02:23:08.576+0000][1][safepoint    ] Entering safepoint region: Cleanup
[2022-06-13T02:23:08.576+0000][1][safepoint    ] Leaving safepoint region
[2022-06-13T02:23:08.576+0000][1][safepoint    ] Total time for which application threads were stopped: 0.0003375 seconds, Stopping threads took: 0.0001546 seconds
[2022-06-13T02:23:09.576+0000][1][safepoint    ] Application time: 1.0000991 seconds
[2022-06-13T02:23:09.577+0000][1][safepoint    ] Entering safepoint region: Cleanup
[2022-06-13T02:23:09.577+0000][1][safepoint    ] Leaving safepoint region
[2022-06-13T02:23:09.578+0000][1][safepoint    ] Total time for which application threads were stopped: 0.0009279 seconds, Stopping threads took: 0.0003989 seconds
[2022-06-13T02:23:10.578+0000][1][safepoint    ] Application time: 1.0001843 seconds
[2022-06-13T02:23:10.579+0000][1][safepoint    ] Entering safepoint region: Cleanup
[2022-06-13T02:23:10.579+0000][1][safepoint    ] Leaving safepoint region
[2022-06-13T02:23:10.580+0000][1][safepoint    ] Total time for which application threads were stopped: 0.0006020 seconds, Stopping threads took: 0.0002837 seconds
[2022-06-13T02:23:11.580+0000][1][safepoint    ] Application time: 1.0002748 seconds
[2022-06-13T02:23:11.581+0000][1][safepoint    ] Entering safepoint region: Cleanup
[2022-06-13T02:23:11.581+0000][1][safepoint    ] Leaving safepoint region
[2022-06-13T02:23:11.581+0000][1][safepoint    ] Total time for which application threads were stopped: 0.0006511 seconds, Stopping threads took: 0.0002572 seconds
[2022-06-13T02:23:12.582+0000][1][safepoint    ] Application time: 1.0001374 seconds
[2022-06-13T02:23:12.582+0000][1][safepoint    ] Entering safepoint region: Cleanup
[2022-06-13T02:23:12.582+0000][1][safepoint    ] Leaving safepoint region
[2022-06-13T02:23:12.583+0000][1][safepoint    ] Total time for which application threads were stopped: 0.0004079 seconds, Stopping threads took: 0.0001762 seconds
[2022-06-13T02:23:13.583+0000][1][safepoint    ] Application time: 1.0003052 seconds
[2022-06-13T02:23:13.584+0000][1][safepoint    ] Entering safepoint region: Cleanup
[2022-06-13T02:23:13.584+0000][1][safepoint    ] Leaving safepoint region
[2022-06-13T02:23:13.584+0000][1][safepoint    ] Total time for which application threads were stopped: 0.0008708 seconds, Stopping threads took: 0.0004702 seconds
[2022-06-13T02:23:14.585+0000][1][safepoint    ] Application time: 1.0002411 seconds
[2022-06-13T02:23:14.585+0000][1][safepoint    ] Entering safepoint region: Cleanup
[2022-06-13T02:23:14.586+0000][1][safepoint    ] Leaving safepoint region
[2022-06-13T02:23:14.586+0000][1][safepoint    ] Total time for which application threads were stopped: 0.0006326 seconds, Stopping threads took: 0.0003571 seconds
[2022-06-13T02:23:15.587+0000][1][safepoint    ] Application time: 1.0001848 seconds
[2022-06-13T02:23:15.587+0000][1][safepoint    ] Entering safepoint region: Cleanup
[2022-06-13T02:23:15.588+0000][1][safepoint    ] Leaving safepoint region
[2022-06-13T02:23:15.588+0000][1][safepoint    ] Total time for which application threads were stopped: 0.0008225 seconds, Stopping threads took: 0.0003823 seconds
[2022-06-13T02:23:16.588+0000][1][safepoint    ] Application time: 1.0001901 seconds
[2022-06-13T02:23:16.589+0000][1][safepoint    ] Entering safepoint region: Cleanup
[2022-06-13T02:23:16.589+0000][1][safepoint    ] Leaving safepoint region
[2022-06-13T02:23:16.590+0000][1][safepoint    ] Total time for which application threads were stopped: 0.0006769 seconds, Stopping threads took: 0.0003446 seconds
[2022-06-13T02:23:17.590+0000][1][safepoint    ] Application time: 1.0001276 seconds
[2022-06-13T02:23:17.591+0000][1][safepoint    ] Entering safepoint region: Cleanup
[2022-06-13T02:23:17.591+0000][1][safepoint    ] Leaving safepoint region
[2022-06-13T02:23:17.592+0000][1][safepoint    ] Total time for which application threads were stopped: 0.0010623 seconds, Stopping threads took: 0.0004647 seconds
[2022-06-13T02:23:18.592+0000][1][safepoint    ] Application time: 1.0002202 seconds
[2022-06-13T02:23:18.593+0000][1][safepoint    ] Entering safepoint region: Cleanup
[2022-06-13T02:23:18.593+0000][1][safepoint    ] Leaving safepoint region
[2022-06-13T02:23:18.594+0000][1][safepoint    ] Total time for which application threads were stopped: 0.0006844 seconds, Stopping threads took: 0.0003123 seconds
[2022-06-13T02:23:19.594+0000][1][safepoint    ] Application time: 1.0002284 seconds
[2022-06-13T02:23:19.595+0000][1][safepoint    ] Entering safepoint region: Cleanup
[2022-06-13T02:23:19.595+0000][1][safepoint    ] Leaving safepoint region
[2022-06-13T02:23:19.595+0000][1][safepoint    ] Total time for which application threads were stopped: 0.0007791 seconds, Stopping threads took: 0.0003729 seconds
[2022-06-13T02:23:20.596+0000][1][safepoint    ] Application time: 1.0001626 seconds
[2022-06-13T02:23:20.596+0000][1][safepoint    ] Entering safepoint region: Cleanup
[2022-06-13T02:23:20.597+0000][1][safepoint    ] Leaving safepoint region
[2022-06-13T02:23:20.597+0000][1][safepoint    ] Total time for which application threads were stopped: 0.0008043 seconds, Stopping threads took: 0.0002616 seconds
[2022-06-13T02:23:21.598+0000][1][safepoint    ] Application time: 1.0001149 seconds
[2022-06-13T02:23:21.598+0000][1][safepoint    ] Entering safepoint region: Cleanup
[2022-06-13T02:23:21.598+0000][1][safepoint    ] Leaving safepoint region
[2022-06-13T02:23:21.599+0000][1][safepoint    ] Total time for which application threads were stopped: 0.0006615 seconds, Stopping threads took: 0.0002485 seconds
[2022-06-13T02:23:22.599+0000][1][safepoint    ] Application time: 1.0003570 seconds
[2022-06-13T02:23:22.600+0000][1][safepoint    ] Entering safepoint region: Cleanup
[2022-06-13T02:23:22.600+0000][1][safepoint    ] Leaving safepoint region
[2022-06-13T02:23:22.601+0000][1][safepoint    ] Total time for which application threads were stopped: 0.0008246 seconds, Stopping threads took: 0.0003773 seconds
[2022-06-13T02:23:23.601+0000][1][safepoint    ] Application time: 1.0001767 seconds
[2022-06-13T02:23:23.602+0000][1][safepoint    ] Entering safepoint region: Cleanup
[2022-06-13T02:23:23.602+0000][1][safepoint    ] Leaving safepoint region
[2022-06-13T02:23:23.603+0000][1][safepoint    ] Total time for which application threads were stopped: 0.0009232 seconds, Stopping threads took: 0.0004472 seconds
[2022-06-13T02:23:24.604+0000][1][safepoint    ] Application time: 1.0002533 seconds
[2022-06-13T02:23:24.604+0000][1][safepoint    ] Entering safepoint region: Cleanup
[2022-06-13T02:23:24.604+0000][1][safepoint    ] Leaving safepoint region
[2022-06-13T02:23:24.605+0000][1][safepoint    ] Total time for which application threads were stopped: 0.0009445 seconds, Stopping threads took: 0.0003779 seconds
[2022-06-13T02:23:25.606+0000][1][safepoint    ] Application time: 1.0001956 seconds
[2022-06-13T02:23:25.606+0000][1][safepoint    ] Entering safepoint region: Cleanup
[2022-06-13T02:23:25.606+0000][1][safepoint    ] Leaving safepoint region
[2022-06-13T02:23:25.607+0000][1][safepoint    ] Total time for which application threads were stopped: 0.0008786 seconds, Stopping threads took: 0.0004633 seconds
[2022-06-13T02:23:26.607+0000][1][safepoint    ] Application time: 1.0003292 seconds
[2022-06-13T02:23:26.608+0000][1][safepoint    ] Entering safepoint region: Cleanup
[2022-06-13T02:23:26.609+0000][1][safepoint    ] Leaving safepoint region
[2022-06-13T02:23:26.609+0000][1][safepoint    ] Total time for which application threads were stopped: 0.0009518 seconds, Stopping threads took: 0.0003909 seconds
[2022-06-13T02:23:27.609+0000][1][safepoint    ] Application time: 1.0000930 seconds
[2022-06-13T02:23:27.610+0000][1][safepoint    ] Entering safepoint region: Cleanup
[2022-06-13T02:23:27.610+0000][1][safepoint    ] Leaving safepoint region
[2022-06-13T02:23:27.610+0000][1][safepoint    ] Total time for which application threads were stopped: 0.0006259 seconds, Stopping threads took: 0.0003222 seconds
[2022-06-13T02:23:28.611+0000][1][safepoint    ] Application time: 1.0001427 seconds
[2022-06-13T02:23:28.611+0000][1][safepoint    ] Entering safepoint region: Cleanup
[2022-06-13T02:23:28.611+0000][1][safepoint    ] Leaving safepoint region
[2022-06-13T02:23:28.611+0000][1][safepoint    ] Total time for which application threads were stopped: 0.0003669 seconds, Stopping threads took: 0.0001740 seconds
[2022-06-13T02:23:29.612+0000][1][safepoint    ] Application time: 1.0002152 seconds
[2022-06-13T02:23:29.612+0000][1][safepoint    ] Entering safepoint region: Cleanup
[2022-06-13T02:23:29.613+0000][1][safepoint    ] Leaving safepoint region
[2022-06-13T02:23:29.613+0000][1][safepoint    ] Total time for which application threads were stopped: 0.0006201 seconds, Stopping threads took: 0.0002929 seconds
[2022-06-13T02:23:30.613+0000][1][safepoint    ] Application time: 1.0002753 seconds
[2022-06-13T02:23:30.614+0000][1][safepoint    ] Entering safepoint region: Cleanup
[2022-06-13T02:23:30.614+0000][1][safepoint    ] Leaving safepoint region
[2022-06-13T02:23:30.615+0000][1][safepoint    ] Total time for which application threads were stopped: 0.0009114 seconds, Stopping threads took: 0.0004508 seconds
[2022-06-13T02:23:31.615+0000][1][safepoint    ] Application time: 1.0001668 seconds
[2022-06-13T02:23:31.616+0000][1][safepoint    ] Entering safepoint region: Cleanup
[2022-06-13T02:23:31.616+0000][1][safepoint    ] Leaving safepoint region
[2022-06-13T02:23:31.616+0000][1][safepoint    ] Total time for which application threads were stopped: 0.0004343 seconds, Stopping threads took: 0.0001797 seconds
[2022-06-13T02:23:32.617+0000][1][safepoint    ] Application time: 1.0001926 seconds
[2022-06-13T02:23:32.617+0000][1][safepoint    ] Entering safepoint region: Cleanup
[2022-06-13T02:23:32.618+0000][1][safepoint    ] Leaving safepoint region
[2022-06-13T02:23:32.618+0000][1][safepoint    ] Total time for which application threads were stopped: 0.0009498 seconds, Stopping threads took: 0.0004240 seconds
[2022-06-13T02:23:33.619+0000][1][safepoint    ] Application time: 1.0003314 seconds
[2022-06-13T02:23:33.620+0000][1][safepoint    ] Entering safepoint region: Cleanup
[2022-06-13T02:23:33.620+0000][1][safepoint    ] Leaving safepoint region
[2022-06-13T02:23:33.621+0000][1][safepoint    ] Total time for which application threads were stopped: 0.0007921 seconds, Stopping threads took: 0.0003721 seconds
[2022-06-13T02:23:34.621+0000][1][safepoint    ] Application time: 1.0002318 seconds
[2022-06-13T02:23:34.622+0000][1][safepoint    ] Entering safepoint region: Cleanup
[2022-06-13T02:23:34.622+0000][1][safepoint    ] Leaving safepoint region
[2022-06-13T02:23:34.622+0000][1][safepoint    ] Total time for which application threads were stopped: 0.0007661 seconds, Stopping threads took: 0.0003439 seconds
[2022-06-13T02:23:35.623+0000][1][safepoint    ] Application time: 1.0001255 seconds
[2022-06-13T02:23:35.623+0000][1][safepoint    ] Entering safepoint region: Cleanup
[2022-06-13T02:23:35.624+0000][1][safepoint    ] Leaving safepoint region
[2022-06-13T02:23:35.624+0000][1][safepoint    ] Total time for which application threads were stopped: 0.0009363 seconds, Stopping threads took: 0.0004678 seconds
[2022-06-13T02:23:36.625+0000][1][safepoint    ] Application time: 1.0001600 seconds
[2022-06-13T02:23:36.625+0000][1][safepoint    ] Entering safepoint region: Cleanup
[2022-06-13T02:23:36.625+0000][1][safepoint    ] Leaving safepoint region
[2022-06-13T02:23:36.626+0000][1][safepoint    ] Total time for which application threads were stopped: 0.0004370 seconds, Stopping threads took: 0.0001824 seconds
[2022-06-13T02:23:37.573+0000][1][safepoint    ] Application time: 0.9471438 seconds
[2022-06-13T02:23:37.573+0000][1][safepoint    ] Entering safepoint region: GenCollectForAllocation
[2022-06-13T02:23:37.574+0000][1][gc,start     ] GC(26) Pause Young (Allocation Failure)
[2022-06-13T02:23:37.574+0000][1][gc,task      ] GC(26) Using 5 workers of 13 for evacuation
[2022-06-13T02:23:37.578+0000][1][gc,age       ] GC(26) Desired survivor size 4456448 bytes, new threshold 6 (max threshold 6)
[2022-06-13T02:23:37.579+0000][1][gc,age       ] GC(26) Age table with threshold 6 (max threshold 6)
[2022-06-13T02:23:37.579+0000][1][gc,age       ] GC(26) - age   1:      20880 bytes,      20880 total
[2022-06-13T02:23:37.579+0000][1][gc,age       ] GC(26) - age   2:      14688 bytes,      35568 total
[2022-06-13T02:23:37.580+0000][1][gc,age       ] GC(26) - age   3:      31176 bytes,      66744 total
[2022-06-13T02:23:37.580+0000][1][gc,age       ] GC(26) - age   4:      49120 bytes,     115864 total
[2022-06-13T02:23:37.581+0000][1][gc,age       ] GC(26) - age   5:     585392 bytes,     701256 total
[2022-06-13T02:23:37.582+0000][1][gc,age       ] GC(26) - age   6:    3318312 bytes,    4019568 total
[2022-06-13T02:23:37.582+0000][1][gc,heap      ] GC(26) ParNew: 76340K->4728K(78656K)
[2022-06-13T02:23:37.582+0000][1][gc,heap      ] GC(26) CMS: 64223K->64223K(174784K)
[2022-06-13T02:23:37.583+0000][1][gc,metaspace ] GC(26) Metaspace: 64231K->64231K(1107968K)
[2022-06-13T02:23:37.583+0000][1][gc           ] GC(26) Pause Young (Allocation Failure) 137M->67M(247M) 9.111ms
[2022-06-13T02:23:37.584+0000][1][gc,cpu       ] GC(26) User=0.02s Sys=0.00s Real=0.01s
[2022-06-13T02:23:37.584+0000][1][safepoint    ] Leaving safepoint region
[2022-06-13T02:23:37.585+0000][1][safepoint    ] Total time for which application threads were stopped: 0.0110883 seconds, Stopping threads took: 0.0003318 seconds
[2022-06-13T02:23:38.585+0000][1][safepoint    ] Application time: 1.0004291 seconds
[2022-06-13T02:23:38.586+0000][1][safepoint    ] Entering safepoint region: Cleanup
[2022-06-13T02:23:38.586+0000][1][safepoint    ] Leaving safepoint region
[2022-06-13T02:23:38.587+0000][1][safepoint    ] Total time for which application threads were stopped: 0.0008575 seconds, Stopping threads took: 0.0003269 seconds
[2022-06-13T02:23:39.587+0000][1][safepoint    ] Application time: 1.0003299 seconds
[2022-06-13T02:23:39.588+0000][1][safepoint    ] Entering safepoint region: Cleanup
[2022-06-13T02:23:39.589+0000][1][safepoint    ] Leaving safepoint region
[2022-06-13T02:23:39.589+0000][1][safepoint    ] Total time for which application threads were stopped: 0.0014057 seconds, Stopping threads took: 0.0007840 seconds
[2022-06-13T02:23:40.590+0000][1][safepoint    ] Application time: 1.0002368 seconds
[2022-06-13T02:23:40.591+0000][1][safepoint    ] Entering safepoint region: Cleanup
[2022-06-13T02:23:40.591+0000][1][safepoint    ] Leaving safepoint region
[2022-06-13T02:23:40.592+0000][1][safepoint    ] Total time for which application threads were stopped: 0.0008595 seconds, Stopping threads took: 0.0004597 seconds
[2022-06-13T02:23:41.592+0000][1][safepoint    ] Application time: 1.0003037 seconds
[2022-06-13T02:23:41.593+0000][1][safepoint    ] Entering safepoint region: Cleanup
[2022-06-13T02:23:41.594+0000][1][safepoint    ] Leaving safepoint region
[2022-06-13T02:23:41.594+0000][1][safepoint    ] Total time for which application threads were stopped: 0.0015412 seconds, Stopping threads took: 0.0008253 seconds
[2022-06-13T02:23:42.595+0000][1][safepoint    ] Application time: 1.0001253 seconds
[2022-06-13T02:23:42.595+0000][1][safepoint    ] Entering safepoint region: Cleanup
[2022-06-13T02:23:42.596+0000][1][safepoint    ] Leaving safepoint region
[2022-06-13T02:23:42.596+0000][1][safepoint    ] Total time for which application threads were stopped: 0.0006973 seconds, Stopping threads took: 0.0002717 seconds
[2022-06-13T02:23:43.596+0000][1][safepoint    ] Application time: 1.0001289 seconds
[2022-06-13T02:23:43.597+0000][1][safepoint    ] Entering safepoint region: Cleanup
[2022-06-13T02:23:43.597+0000][1][safepoint    ] Leaving safepoint region
[2022-06-13T02:23:43.597+0000][1][safepoint    ] Total time for which application threads were stopped: 0.0007628 seconds, Stopping threads took: 0.0003337 seconds
[2022-06-13T02:23:44.598+0000][1][safepoint    ] Application time: 1.0001876 seconds
[2022-06-13T02:23:44.598+0000][1][safepoint    ] Entering safepoint region: Cleanup
[2022-06-13T02:23:44.599+0000][1][safepoint    ] Leaving safepoint region
[2022-06-13T02:23:44.600+0000][1][safepoint    ] Total time for which application threads were stopped: 0.0014098 seconds, Stopping threads took: 0.0003979 seconds
[2022-06-13T02:23:45.600+0000][1][safepoint    ] Application time: 1.0001871 seconds
[2022-06-13T02:23:45.601+0000][1][safepoint    ] Entering safepoint region: Cleanup
[2022-06-13T02:23:45.601+0000][1][safepoint    ] Leaving safepoint region
[2022-06-13T02:23:45.602+0000][1][safepoint    ] Total time for which application threads were stopped: 0.0009689 seconds, Stopping threads took: 0.0003802 seconds
[2022-06-13T02:23:46.602+0000][1][safepoint    ] Application time: 1.0001829 seconds
[2022-06-13T02:23:46.603+0000][1][safepoint    ] Entering safepoint region: Cleanup
[2022-06-13T02:23:46.603+0000][1][safepoint    ] Leaving safepoint region
[2022-06-13T02:23:46.604+0000][1][safepoint    ] Total time for which application threads were stopped: 0.0008663 seconds, Stopping threads took: 0.0003992 seconds
[2022-06-13T02:23:47.604+0000][1][safepoint    ] Application time: 1.0001811 seconds
[2022-06-13T02:23:47.605+0000][1][safepoint    ] Entering safepoint region: Cleanup
[2022-06-13T02:23:47.605+0000][1][safepoint    ] Leaving safepoint region
[2022-06-13T02:23:47.606+0000][1][safepoint    ] Total time for which application threads were stopped: 0.0009462 seconds, Stopping threads took: 0.0004047 seconds
[2022-06-13T02:23:48.606+0000][1][safepoint    ] Application time: 1.0004114 seconds
[2022-06-13T02:23:48.607+0000][1][safepoint    ] Entering safepoint region: Cleanup
[2022-06-13T02:23:48.607+0000][1][safepoint    ] Leaving safepoint region
[2022-06-13T02:23:48.608+0000][1][safepoint    ] Total time for which application threads were stopped: 0.0005029 seconds, Stopping threads took: 0.0003224 seconds
[2022-06-13T02:23:49.608+0000][1][safepoint    ] Application time: 1.0002675 seconds
[2022-06-13T02:23:49.609+0000][1][safepoint    ] Entering safepoint region: Cleanup
[2022-06-13T02:23:49.609+0000][1][safepoint    ] Leaving safepoint region
[2022-06-13T02:23:49.609+0000][1][safepoint    ] Total time for which application threads were stopped: 0.0008778 seconds, Stopping threads took: 0.0003927 seconds
[2022-06-13T02:23:50.610+0000][1][safepoint    ] Application time: 1.0001971 seconds
[2022-06-13T02:23:50.611+0000][1][safepoint    ] Entering safepoint region: Cleanup
[2022-06-13T02:23:50.611+0000][1][safepoint    ] Leaving safepoint region
[2022-06-13T02:23:50.611+0000][1][safepoint    ] Total time for which application threads were stopped: 0.0008841 seconds, Stopping threads took: 0.0003854 seconds
[2022-06-13T02:23:51.612+0000][1][safepoint    ] Application time: 1.0001900 seconds
[2022-06-13T02:23:51.612+0000][1][safepoint    ] Entering safepoint region: Cleanup
[2022-06-13T02:23:51.613+0000][1][safepoint    ] Leaving safepoint region
[2022-06-13T02:23:51.613+0000][1][safepoint    ] Total time for which application threads were stopped: 0.0009013 seconds, Stopping threads took: 0.0004427 seconds
[2022-06-13T02:23:52.614+0000][1][safepoint    ] Application time: 1.0001928 seconds
[2022-06-13T02:23:52.614+0000][1][safepoint    ] Entering safepoint region: Cleanup
[2022-06-13T02:23:52.615+0000][1][safepoint    ] Leaving safepoint region
[2022-06-13T02:23:52.615+0000][1][safepoint    ] Total time for which application threads were stopped: 0.0007626 seconds, Stopping threads took: 0.0003551 seconds
[2022-06-13T02:23:53.615+0000][1][safepoint    ] Application time: 1.0001189 seconds
[2022-06-13T02:23:53.616+0000][1][safepoint    ] Entering safepoint region: Cleanup
[2022-06-13T02:23:53.616+0000][1][safepoint    ] Leaving safepoint region
[2022-06-13T02:23:53.617+0000][1][safepoint    ] Total time for which application threads were stopped: 0.0007872 seconds, Stopping threads took: 0.0003790 seconds
[2022-06-13T02:23:54.617+0000][1][safepoint    ] Application time: 1.0002413 seconds
[2022-06-13T02:23:54.618+0000][1][safepoint    ] Entering safepoint region: Cleanup
[2022-06-13T02:23:54.619+0000][1][safepoint    ] Leaving safepoint region
[2022-06-13T02:23:54.619+0000][1][safepoint    ] Total time for which application threads were stopped: 0.0009244 seconds, Stopping threads took: 0.0004871 seconds
[2022-06-13T02:23:55.619+0000][1][safepoint    ] Application time: 1.0001897 seconds
[2022-06-13T02:23:55.619+0000][1][safepoint    ] Entering safepoint region: Cleanup
[2022-06-13T02:23:55.620+0000][1][safepoint    ] Leaving safepoint region
[2022-06-13T02:23:55.620+0000][1][safepoint    ] Total time for which application threads were stopped: 0.0009268 seconds, Stopping threads took: 0.0002804 seconds
[2022-06-13T02:23:56.621+0000][1][safepoint    ] Application time: 1.0002243 seconds
[2022-06-13T02:23:56.622+0000][1][safepoint    ] Entering safepoint region: Cleanup
[2022-06-13T02:23:56.622+0000][1][safepoint    ] Leaving safepoint region
[2022-06-13T02:23:56.622+0000][1][safepoint    ] Total time for which application threads were stopped: 0.0008977 seconds, Stopping threads took: 0.0004087 seconds
[2022-06-13T02:23:57.623+0000][1][safepoint    ] Application time: 1.0001633 seconds
[2022-06-13T02:23:57.624+0000][1][safepoint    ] Entering safepoint region: Cleanup
[2022-06-13T02:23:57.624+0000][1][safepoint    ] Leaving safepoint region
[2022-06-13T02:23:57.624+0000][1][safepoint    ] Total time for which application threads were stopped: 0.0006822 seconds, Stopping threads took: 0.0002997 seconds
[2022-06-13T02:23:58.625+0000][1][safepoint    ] Application time: 1.0002076 seconds
[2022-06-13T02:23:58.625+0000][1][safepoint    ] Entering safepoint region: Cleanup
[2022-06-13T02:23:58.626+0000][1][safepoint    ] Leaving safepoint region
[2022-06-13T02:23:58.626+0000][1][safepoint    ] Total time for which application threads were stopped: 0.0010657 seconds, Stopping threads took: 0.0004756 seconds
[2022-06-13T02:23:59.627+0000][1][safepoint    ] Application time: 1.0002892 seconds
[2022-06-13T02:23:59.628+0000][1][safepoint    ] Entering safepoint region: Cleanup
[2022-06-13T02:23:59.628+0000][1][safepoint    ] Leaving safepoint region
[2022-06-13T02:23:59.629+0000][1][safepoint    ] Total time for which application threads were stopped: 0.0010236 seconds, Stopping threads took: 0.0004674 seconds
[2022-06-13T02:24:00.629+0000][1][safepoint    ] Application time: 1.0002080 seconds
[2022-06-13T02:24:00.630+0000][1][safepoint    ] Entering safepoint region: Cleanup
[2022-06-13T02:24:00.630+0000][1][safepoint    ] Leaving safepoint region
[2022-06-13T02:24:00.631+0000][1][safepoint    ] Total time for which application threads were stopped: 0.0009226 seconds, Stopping threads took: 0.0003807 seconds
[2022-06-13T02:24:01.631+0000][1][safepoint    ] Application time: 1.0002440 seconds
[2022-06-13T02:24:01.632+0000][1][safepoint    ] Entering safepoint region: Cleanup
[2022-06-13T02:24:01.632+0000][1][safepoint    ] Leaving safepoint region
[2022-06-13T02:24:01.633+0000][1][safepoint    ] Total time for which application threads were stopped: 0.0007983 seconds, Stopping threads took: 0.0003775 seconds
[2022-06-13T02:24:02.633+0000][1][safepoint    ] Application time: 1.0001832 seconds
[2022-06-13T02:24:02.634+0000][1][safepoint    ] Entering safepoint region: Cleanup
[2022-06-13T02:24:02.634+0000][1][safepoint    ] Leaving safepoint region
[2022-06-13T02:24:02.635+0000][1][safepoint    ] Total time for which application threads were stopped: 0.0010660 seconds, Stopping threads took: 0.0004632 seconds
[2022-06-13T02:24:03.636+0000][1][safepoint    ] Application time: 1.0002267 seconds
[2022-06-13T02:24:03.636+0000][1][safepoint    ] Entering safepoint region: Cleanup
[2022-06-13T02:24:03.637+0000][1][safepoint    ] Leaving safepoint region
[2022-06-13T02:24:03.637+0000][1][safepoint    ] Total time for which application threads were stopped: 0.0010017 seconds, Stopping threads took: 0.0004659 seconds
[2022-06-13T02:24:04.638+0000][1][safepoint    ] Application time: 1.0001014 seconds
[2022-06-13T02:24:04.638+0000][1][safepoint    ] Entering safepoint region: Cleanup
[2022-06-13T02:24:04.638+0000][1][safepoint    ] Leaving safepoint region
[2022-06-13T02:24:04.639+0000][1][safepoint    ] Total time for which application threads were stopped: 0.0006875 seconds, Stopping threads took: 0.0003644 seconds
[2022-06-13T02:24:05.639+0000][1][safepoint    ] Application time: 1.0001246 seconds
[2022-06-13T02:24:05.639+0000][1][safepoint    ] Entering safepoint region: Cleanup
[2022-06-13T02:24:05.640+0000][1][safepoint    ] Leaving safepoint region
[2022-06-13T02:24:05.640+0000][1][safepoint    ] Total time for which application threads were stopped: 0.0004098 seconds, Stopping threads took: 0.0001703 seconds
[2022-06-13T02:24:06.640+0000][1][safepoint    ] Application time: 1.0001053 seconds
[2022-06-13T02:24:06.641+0000][1][safepoint    ] Entering safepoint region: Cleanup
[2022-06-13T02:24:06.641+0000][1][safepoint    ] Leaving safepoint region
[2022-06-13T02:24:06.641+0000][1][safepoint    ] Total time for which application threads were stopped: 0.0006426 seconds, Stopping threads took: 0.0003211 seconds
[2022-06-13T02:24:07.642+0000][1][safepoint    ] Application time: 1.0002289 seconds
[2022-06-13T02:24:07.642+0000][1][safepoint    ] Entering safepoint region: Cleanup
[2022-06-13T02:24:07.643+0000][1][safepoint    ] Leaving safepoint region
[2022-06-13T02:24:07.643+0000][1][safepoint    ] Total time for which application threads were stopped: 0.0008152 seconds, Stopping threads took: 0.0002811 seconds
[2022-06-13T02:24:08.644+0000][1][safepoint    ] Application time: 1.0003759 seconds
[2022-06-13T02:24:08.644+0000][1][safepoint    ] Entering safepoint region: Cleanup
[2022-06-13T02:24:08.645+0000][1][safepoint    ] Leaving safepoint region
[2022-06-13T02:24:08.645+0000][1][safepoint    ] Total time for which application threads were stopped: 0.0007525 seconds, Stopping threads took: 0.0002753 seconds
[2022-06-13T02:24:09.646+0000][1][safepoint    ] Application time: 1.0001906 seconds
[2022-06-13T02:24:09.646+0000][1][safepoint    ] Entering safepoint region: Cleanup
[2022-06-13T02:24:09.647+0000][1][safepoint    ] Leaving safepoint region
[2022-06-13T02:24:09.647+0000][1][safepoint    ] Total time for which application threads were stopped: 0.0007726 seconds, Stopping threads took: 0.0003684 seconds
[2022-06-13T02:24:10.648+0000][1][safepoint    ] Application time: 1.0002695 seconds
[2022-06-13T02:24:10.648+0000][1][safepoint    ] Entering safepoint region: Cleanup
[2022-06-13T02:24:10.649+0000][1][safepoint    ] Leaving safepoint region
[2022-06-13T02:24:10.649+0000][1][safepoint    ] Total time for which application threads were stopped: 0.0008754 seconds, Stopping threads took: 0.0004839 seconds
[2022-06-13T02:24:11.650+0000][1][safepoint    ] Application time: 1.0002380 seconds
[2022-06-13T02:24:11.650+0000][1][safepoint    ] Entering safepoint region: Cleanup
[2022-06-13T02:24:11.651+0000][1][safepoint    ] Leaving safepoint region
[2022-06-13T02:24:11.651+0000][1][safepoint    ] Total time for which application threads were stopped: 0.0009671 seconds, Stopping threads took: 0.0004616 seconds
[2022-06-13T02:24:12.652+0000][1][safepoint    ] Application time: 1.0004048 seconds
[2022-06-13T02:24:12.652+0000][1][safepoint    ] Entering safepoint region: Cleanup
[2022-06-13T02:24:12.653+0000][1][safepoint    ] Leaving safepoint region
[2022-06-13T02:24:12.653+0000][1][safepoint    ] Total time for which application threads were stopped: 0.0009221 seconds, Stopping threads took: 0.0004115 seconds
[2022-06-13T02:24:13.654+0000][1][safepoint    ] Application time: 1.0002910 seconds
[2022-06-13T02:24:13.655+0000][1][safepoint    ] Entering safepoint region: Cleanup
[2022-06-13T02:24:13.655+0000][1][safepoint    ] Leaving safepoint region
[2022-06-13T02:24:13.655+0000][1][safepoint    ] Total time for which application threads were stopped: 0.0008460 seconds, Stopping threads took: 0.0004146 seconds
[2022-06-13T02:24:14.656+0000][1][safepoint    ] Application time: 1.0001356 seconds
[2022-06-13T02:24:14.657+0000][1][safepoint    ] Entering safepoint region: Cleanup
[2022-06-13T02:24:14.657+0000][1][safepoint    ] Leaving safepoint region
[2022-06-13T02:24:14.657+0000][1][safepoint    ] Total time for which application threads were stopped: 0.0008331 seconds, Stopping threads took: 0.0003628 seconds
[2022-06-13T02:24:27.660+0000][1][safepoint    ] Application time: 13.0021685 seconds
[2022-06-13T02:24:27.660+0000][1][safepoint    ] Entering safepoint region: Cleanup
[2022-06-13T02:24:27.661+0000][1][safepoint    ] Leaving safepoint region
[2022-06-13T02:24:27.661+0000][1][safepoint    ] Total time for which application threads were stopped: 0.0006995 seconds, Stopping threads took: 0.0003715 seconds
[2022-06-13T02:24:30.662+0000][1][safepoint    ] Application time: 3.0006576 seconds
[2022-06-13T02:24:30.662+0000][1][safepoint    ] Entering safepoint region: Cleanup
[2022-06-13T02:24:30.663+0000][1][safepoint    ] Leaving safepoint region
[2022-06-13T02:24:30.663+0000][1][safepoint    ] Total time for which application threads were stopped: 0.0010310 seconds, Stopping threads took: 0.0004401 seconds
[2022-06-13T02:24:31.664+0000][1][safepoint    ] Application time: 1.0001886 seconds
[2022-06-13T02:24:31.665+0000][1][safepoint    ] Entering safepoint region: Cleanup
[2022-06-13T02:24:31.665+0000][1][safepoint    ] Leaving safepoint region
[2022-06-13T02:24:31.665+0000][1][safepoint    ] Total time for which application threads were stopped: 0.0008955 seconds, Stopping threads took: 0.0004799 seconds
[2022-06-13T02:24:32.666+0000][1][safepoint    ] Application time: 1.0003878 seconds
[2022-06-13T02:24:32.667+0000][1][safepoint    ] Entering safepoint region: Cleanup
[2022-06-13T02:24:32.667+0000][1][safepoint    ] Leaving safepoint region
[2022-06-13T02:24:32.668+0000][1][safepoint    ] Total time for which application threads were stopped: 0.0009308 seconds, Stopping threads took: 0.0004033 seconds
[2022-06-13T02:24:33.668+0000][1][safepoint    ] Application time: 1.0002412 seconds
[2022-06-13T02:24:33.669+0000][1][safepoint    ] Entering safepoint region: Cleanup
[2022-06-13T02:24:33.669+0000][1][safepoint    ] Leaving safepoint region
[2022-06-13T02:24:33.669+0000][1][safepoint    ] Total time for which application threads were stopped: 0.0009354 seconds, Stopping threads took: 0.0003533 seconds
[2022-06-13T02:24:34.670+0000][1][safepoint    ] Application time: 1.0001694 seconds
[2022-06-13T02:24:34.670+0000][1][safepoint    ] Entering safepoint region: Cleanup
[2022-06-13T02:24:34.671+0000][1][safepoint    ] Leaving safepoint region
[2022-06-13T02:24:34.671+0000][1][safepoint    ] Total time for which application threads were stopped: 0.0009662 seconds, Stopping threads took: 0.0004502 seconds
[2022-06-13T02:24:35.672+0000][1][safepoint    ] Application time: 1.0002381 seconds
[2022-06-13T02:24:35.673+0000][1][safepoint    ] Entering safepoint region: Cleanup
[2022-06-13T02:24:35.673+0000][1][safepoint    ] Leaving safepoint region
[2022-06-13T02:24:35.673+0000][1][safepoint    ] Total time for which application threads were stopped: 0.0007891 seconds, Stopping threads took: 0.0003565 seconds
[2022-06-13T02:24:36.674+0000][1][safepoint    ] Application time: 1.0001612 seconds
[2022-06-13T02:24:36.674+0000][1][safepoint    ] Entering safepoint region: Cleanup
[2022-06-13T02:24:36.675+0000][1][safepoint    ] Leaving safepoint region
[2022-06-13T02:24:36.675+0000][1][safepoint    ] Total time for which application threads were stopped: 0.0012358 seconds, Stopping threads took: 0.0005560 seconds
[2022-06-13T02:24:37.676+0000][1][safepoint    ] Application time: 1.0001307 seconds
[2022-06-13T02:24:37.676+0000][1][safepoint    ] Entering safepoint region: Cleanup
[2022-06-13T02:24:37.677+0000][1][safepoint    ] Leaving safepoint region
[2022-06-13T02:24:37.678+0000][1][safepoint    ] Total time for which application threads were stopped: 0.0011606 seconds, Stopping threads took: 0.0006780 seconds
[2022-06-13T02:24:38.678+0000][1][safepoint    ] Application time: 1.0002037 seconds
[2022-06-13T02:24:38.679+0000][1][safepoint    ] Entering safepoint region: Cleanup
[2022-06-13T02:24:38.679+0000][1][safepoint    ] Leaving safepoint region
[2022-06-13T02:24:38.680+0000][1][safepoint    ] Total time for which application threads were stopped: 0.0008390 seconds, Stopping threads took: 0.0003516 seconds
[2022-06-13T02:24:39.680+0000][1][safepoint    ] Application time: 1.0001768 seconds
[2022-06-13T02:24:39.681+0000][1][safepoint    ] Entering safepoint region: Cleanup
[2022-06-13T02:24:39.681+0000][1][safepoint    ] Leaving safepoint region
[2022-06-13T02:24:39.682+0000][1][safepoint    ] Total time for which application threads were stopped: 0.0007809 seconds, Stopping threads took: 0.0003700 seconds
[2022-06-13T02:24:40.682+0000][1][safepoint    ] Application time: 1.0002516 seconds
[2022-06-13T02:24:40.683+0000][1][safepoint    ] Entering safepoint region: Cleanup
[2022-06-13T02:24:40.684+0000][1][safepoint    ] Leaving safepoint region
[2022-06-13T02:24:40.684+0000][1][safepoint    ] Total time for which application threads were stopped: 0.0011377 seconds, Stopping threads took: 0.0005289 seconds
[2022-06-13T02:24:41.685+0000][1][safepoint    ] Application time: 1.0001728 seconds
[2022-06-13T02:24:41.685+0000][1][safepoint    ] Entering safepoint region: Cleanup
[2022-06-13T02:24:41.686+0000][1][safepoint    ] Leaving safepoint region
[2022-06-13T02:24:41.686+0000][1][safepoint    ] Total time for which application threads were stopped: 0.0009249 seconds, Stopping threads took: 0.0004214 seconds
[2022-06-13T02:24:42.687+0000][1][safepoint    ] Application time: 1.0002566 seconds
[2022-06-13T02:24:42.687+0000][1][safepoint    ] Entering safepoint region: Cleanup
[2022-06-13T02:24:42.687+0000][1][safepoint    ] Leaving safepoint region
[2022-06-13T02:24:42.688+0000][1][safepoint    ] Total time for which application threads were stopped: 0.0005562 seconds, Stopping threads took: 0.0002437 seconds
[2022-06-13T02:24:43.688+0000][1][safepoint    ] Application time: 1.0001964 seconds
[2022-06-13T02:24:43.689+0000][1][safepoint    ] Entering safepoint region: Cleanup
[2022-06-13T02:24:43.689+0000][1][safepoint    ] Leaving safepoint region
[2022-06-13T02:24:43.689+0000][1][safepoint    ] Total time for which application threads were stopped: 0.0006705 seconds, Stopping threads took: 0.0003398 seconds
[2022-06-13T02:24:44.690+0000][1][safepoint    ] Application time: 1.0002229 seconds
[2022-06-13T02:24:44.690+0000][1][safepoint    ] Entering safepoint region: Cleanup
[2022-06-13T02:24:44.691+0000][1][safepoint    ] Leaving safepoint region
[2022-06-13T02:24:44.691+0000][1][safepoint    ] Total time for which application threads were stopped: 0.0010118 seconds, Stopping threads took: 0.0004400 seconds
[2022-06-13T02:24:45.692+0000][1][safepoint    ] Application time: 1.0001156 seconds
[2022-06-13T02:24:45.692+0000][1][safepoint    ] Entering safepoint region: Cleanup
[2022-06-13T02:24:45.693+0000][1][safepoint    ] Leaving safepoint region
[2022-06-13T02:24:45.693+0000][1][safepoint    ] Total time for which application threads were stopped: 0.0005215 seconds, Stopping threads took: 0.0002872 seconds
[2022-06-13T02:24:46.693+0000][1][safepoint    ] Application time: 1.0001875 seconds
[2022-06-13T02:24:46.694+0000][1][safepoint    ] Entering safepoint region: Cleanup
[2022-06-13T02:24:46.695+0000][1][safepoint    ] Leaving safepoint region
[2022-06-13T02:24:46.695+0000][1][safepoint    ] Total time for which application threads were stopped: 0.0012985 seconds, Stopping threads took: 0.0006402 seconds
[2022-06-13T02:24:47.696+0000][1][safepoint    ] Application time: 1.0001683 seconds
[2022-06-13T02:24:47.696+0000][1][safepoint    ] Entering safepoint region: Cleanup
[2022-06-13T02:24:47.697+0000][1][safepoint    ] Leaving safepoint region
[2022-06-13T02:24:47.697+0000][1][safepoint    ] Total time for which application threads were stopped: 0.0007072 seconds, Stopping threads took: 0.0003047 seconds
[2022-06-13T02:24:48.697+0000][1][safepoint    ] Application time: 1.0001163 seconds
[2022-06-13T02:24:48.698+0000][1][safepoint    ] Entering safepoint region: Cleanup
[2022-06-13T02:24:48.698+0000][1][safepoint    ] Leaving safepoint region
[2022-06-13T02:24:48.699+0000][1][safepoint    ] Total time for which application threads were stopped: 0.0007884 seconds, Stopping threads took: 0.0003791 seconds
[2022-06-13T02:24:49.699+0000][1][safepoint    ] Application time: 1.0002096 seconds
[2022-06-13T02:24:49.700+0000][1][safepoint    ] Entering safepoint region: Cleanup
[2022-06-13T02:24:49.701+0000][1][safepoint    ] Leaving safepoint region
[2022-06-13T02:24:49.701+0000][1][safepoint    ] Total time for which application threads were stopped: 0.0011048 seconds, Stopping threads took: 0.0005288 seconds
[2022-06-13T02:24:50.701+0000][1][safepoint    ] Application time: 1.0002316 seconds
[2022-06-13T02:24:50.702+0000][1][safepoint    ] Entering safepoint region: Cleanup
[2022-06-13T02:24:50.702+0000][1][safepoint    ] Leaving safepoint region
[2022-06-13T02:24:50.702+0000][1][safepoint    ] Total time for which application threads were stopped: 0.0005082 seconds, Stopping threads took: 0.0002115 seconds
[2022-06-13T02:24:51.703+0000][1][safepoint    ] Application time: 1.0003650 seconds
[2022-06-13T02:24:51.703+0000][1][safepoint    ] Entering safepoint region: Cleanup
[2022-06-13T02:24:51.704+0000][1][safepoint    ] Leaving safepoint region
[2022-06-13T02:24:51.704+0000][1][safepoint    ] Total time for which application threads were stopped: 0.0009194 seconds, Stopping threads took: 0.0004425 seconds
[2022-06-13T02:24:52.705+0000][1][safepoint    ] Application time: 1.0003199 seconds
[2022-06-13T02:24:52.706+0000][1][safepoint    ] Entering safepoint region: Cleanup
[2022-06-13T02:24:52.707+0000][1][safepoint    ] Leaving safepoint region
[2022-06-13T02:24:52.707+0000][1][safepoint    ] Total time for which application threads were stopped: 0.0017150 seconds, Stopping threads took: 0.0009047 seconds
[2022-06-13T02:24:53.708+0000][1][safepoint    ] Application time: 1.0003228 seconds
[2022-06-13T02:24:53.709+0000][1][safepoint    ] Entering safepoint region: Cleanup
[2022-06-13T02:24:53.709+0000][1][safepoint    ] Leaving safepoint region
[2022-06-13T02:24:53.710+0000][1][safepoint    ] Total time for which application threads were stopped: 0.0009124 seconds, Stopping threads took: 0.0003625 seconds
[2022-06-13T02:24:54.710+0000][1][safepoint    ] Application time: 1.0002218 seconds
[2022-06-13T02:24:54.711+0000][1][safepoint    ] Entering safepoint region: Cleanup
[2022-06-13T02:24:54.711+0000][1][safepoint    ] Leaving safepoint region
[2022-06-13T02:24:54.712+0000][1][safepoint    ] Total time for which application threads were stopped: 0.0009155 seconds, Stopping threads took: 0.0004331 seconds
[2022-06-13T02:24:55.712+0000][1][safepoint    ] Application time: 1.0001222 seconds
[2022-06-13T02:24:55.713+0000][1][safepoint    ] Entering safepoint region: Cleanup
[2022-06-13T02:24:55.713+0000][1][safepoint    ] Leaving safepoint region
[2022-06-13T02:24:55.713+0000][1][safepoint    ] Total time for which application threads were stopped: 0.0005995 seconds, Stopping threads took: 0.0002637 seconds
[2022-06-13T02:24:56.714+0000][1][safepoint    ] Application time: 1.0003047 seconds
[2022-06-13T02:24:56.714+0000][1][safepoint    ] Entering safepoint region: Cleanup
[2022-06-13T02:24:56.715+0000][1][safepoint    ] Leaving safepoint region
[2022-06-13T02:24:56.715+0000][1][safepoint    ] Total time for which application threads were stopped: 0.0009422 seconds, Stopping threads took: 0.0003900 seconds
[2022-06-13T02:24:57.716+0000][1][safepoint    ] Application time: 1.0003589 seconds
[2022-06-13T02:24:57.716+0000][1][safepoint    ] Entering safepoint region: Cleanup
[2022-06-13T02:24:57.717+0000][1][safepoint    ] Leaving safepoint region
[2022-06-13T02:24:57.717+0000][1][safepoint    ] Total time for which application threads were stopped: 0.0010893 seconds, Stopping threads took: 0.0005646 seconds
[2022-06-13T02:24:58.718+0000][1][safepoint    ] Application time: 1.0003270 seconds
[2022-06-13T02:24:58.719+0000][1][safepoint    ] Entering safepoint region: Cleanup
[2022-06-13T02:24:58.719+0000][1][safepoint    ] Leaving safepoint region
[2022-06-13T02:24:58.720+0000][1][safepoint    ] Total time for which application threads were stopped: 0.0013424 seconds, Stopping threads took: 0.0006009 seconds
[2022-06-13T02:24:59.721+0000][1][safepoint    ] Application time: 1.0002487 seconds
[2022-06-13T02:24:59.721+0000][1][safepoint    ] Entering safepoint region: Cleanup
[2022-06-13T02:24:59.722+0000][1][safepoint    ] Leaving safepoint region
[2022-06-13T02:24:59.722+0000][1][safepoint    ] Total time for which application threads were stopped: 0.0006271 seconds, Stopping threads took: 0.0003144 seconds
[2022-06-13T02:25:00.722+0000][1][safepoint    ] Application time: 1.0002716 seconds
[2022-06-13T02:25:00.723+0000][1][safepoint    ] Entering safepoint region: Cleanup
[2022-06-13T02:25:00.724+0000][1][safepoint    ] Leaving safepoint region
[2022-06-13T02:25:00.724+0000][1][safepoint    ] Total time for which application threads were stopped: 0.0008738 seconds, Stopping threads took: 0.0003049 seconds
[2022-06-13T02:25:01.725+0000][1][safepoint    ] Application time: 1.0002051 seconds
[2022-06-13T02:25:01.725+0000][1][safepoint    ] Entering safepoint region: Cleanup
[2022-06-13T02:25:01.725+0000][1][safepoint    ] Leaving safepoint region
[2022-06-13T02:25:01.726+0000][1][safepoint    ] Total time for which application threads were stopped: 0.0007088 seconds, Stopping threads took: 0.0003400 seconds
[2022-06-13T02:25:02.726+0000][1][safepoint    ] Application time: 1.0002149 seconds
[2022-06-13T02:25:02.727+0000][1][safepoint    ] Entering safepoint region: Cleanup
[2022-06-13T02:25:02.727+0000][1][safepoint    ] Leaving safepoint region
[2022-06-13T02:25:02.727+0000][1][safepoint    ] Total time for which application threads were stopped: 0.0004863 seconds, Stopping threads took: 0.0002240 seconds
[2022-06-13T02:25:03.728+0000][1][safepoint    ] Application time: 1.0003353 seconds
[2022-06-13T02:25:03.728+0000][1][safepoint    ] Entering safepoint region: Cleanup
[2022-06-13T02:25:03.729+0000][1][safepoint    ] Leaving safepoint region
[2022-06-13T02:25:03.729+0000][1][safepoint    ] Total time for which application threads were stopped: 0.0008546 seconds, Stopping threads took: 0.0003246 seconds
[2022-06-13T02:25:04.730+0000][1][safepoint    ] Application time: 1.0001769 seconds
[2022-06-13T02:25:04.730+0000][1][safepoint    ] Entering safepoint region: Cleanup
[2022-06-13T02:25:04.731+0000][1][safepoint    ] Leaving safepoint region
[2022-06-13T02:25:04.731+0000][1][safepoint    ] Total time for which application threads were stopped: 0.0005781 seconds, Stopping threads took: 0.0002214 seconds
[2022-06-13T02:25:05.731+0000][1][safepoint    ] Application time: 1.0003000 seconds
[2022-06-13T02:25:05.732+0000][1][safepoint    ] Entering safepoint region: Cleanup
[2022-06-13T02:25:05.733+0000][1][safepoint    ] Leaving safepoint region
[2022-06-13T02:25:05.733+0000][1][safepoint    ] Total time for which application threads were stopped: 0.0014086 seconds, Stopping threads took: 0.0005887 seconds
[2022-06-13T02:25:06.734+0000][1][safepoint    ] Application time: 1.0002217 seconds
[2022-06-13T02:25:06.735+0000][1][safepoint    ] Entering safepoint region: Cleanup
[2022-06-13T02:25:06.736+0000][1][safepoint    ] Leaving safepoint region
[2022-06-13T02:25:06.737+0000][1][safepoint    ] Total time for which application threads were stopped: 0.0012556 seconds, Stopping threads took: 0.0005946 seconds
[2022-06-13T02:25:07.737+0000][1][safepoint    ] Application time: 1.0002266 seconds
[2022-06-13T02:25:07.738+0000][1][safepoint    ] Entering safepoint region: Cleanup
[2022-06-13T02:25:07.738+0000][1][safepoint    ] Leaving safepoint region
[2022-06-13T02:25:07.739+0000][1][safepoint    ] Total time for which application threads were stopped: 0.0009999 seconds, Stopping threads took: 0.0004710 seconds
[2022-06-13T02:25:08.739+0000][1][safepoint    ] Application time: 1.0002066 seconds
[2022-06-13T02:25:08.740+0000][1][safepoint    ] Entering safepoint region: Cleanup
[2022-06-13T02:25:08.740+0000][1][safepoint    ] Leaving safepoint region
[2022-06-13T02:25:08.740+0000][1][safepoint    ] Total time for which application threads were stopped: 0.0006241 seconds, Stopping threads took: 0.0003016 seconds
[2022-06-13T02:25:09.741+0000][1][safepoint    ] Application time: 1.0002175 seconds
[2022-06-13T02:25:09.742+0000][1][safepoint    ] Entering safepoint region: Cleanup
[2022-06-13T02:25:09.742+0000][1][safepoint    ] Leaving safepoint region
[2022-06-13T02:25:09.743+0000][1][safepoint    ] Total time for which application threads were stopped: 0.0012919 seconds, Stopping threads took: 0.0004307 seconds
[2022-06-13T02:25:10.744+0000][1][safepoint    ] Application time: 1.0003423 seconds
[2022-06-13T02:25:10.744+0000][1][safepoint    ] Entering safepoint region: Cleanup
[2022-06-13T02:25:10.745+0000][1][safepoint    ] Leaving safepoint region
[2022-06-13T02:25:10.745+0000][1][safepoint    ] Total time for which application threads were stopped: 0.0010203 seconds, Stopping threads took: 0.0005068 seconds
[2022-06-13T02:25:11.746+0000][1][safepoint    ] Application time: 1.0002084 seconds
[2022-06-13T02:25:11.747+0000][1][safepoint    ] Entering safepoint region: Cleanup
[2022-06-13T02:25:11.748+0000][1][safepoint    ] Leaving safepoint region
[2022-06-13T02:25:11.748+0000][1][safepoint    ] Total time for which application threads were stopped: 0.0015219 seconds, Stopping threads took: 0.0006918 seconds
[2022-06-13T02:25:13.364+0000][1][safepoint    ] Application time: 1.6147761 seconds
[2022-06-13T02:25:13.364+0000][1][safepoint    ] Entering safepoint region: Cleanup
[2022-06-13T02:25:13.364+0000][1][safepoint    ] Leaving safepoint region
[2022-06-13T02:25:13.365+0000][1][safepoint    ] Total time for which application threads were stopped: 0.0008612 seconds, Stopping threads took: 0.0003633 seconds
[2022-06-13T02:25:14.365+0000][1][safepoint    ] Application time: 1.0001894 seconds
[2022-06-13T02:25:14.366+0000][1][safepoint    ] Entering safepoint region: Cleanup
[2022-06-13T02:25:14.366+0000][1][safepoint    ] Leaving safepoint region
[2022-06-13T02:25:14.367+0000][1][safepoint    ] Total time for which application threads were stopped: 0.0009529 seconds, Stopping threads took: 0.0004617 seconds
[2022-06-13T02:25:15.367+0000][1][safepoint    ] Application time: 1.0001995 seconds
[2022-06-13T02:25:15.368+0000][1][safepoint    ] Entering safepoint region: Cleanup
[2022-06-13T02:25:15.368+0000][1][safepoint    ] Leaving safepoint region
[2022-06-13T02:25:15.369+0000][1][safepoint    ] Total time for which application threads were stopped: 0.0009288 seconds, Stopping threads took: 0.0004377 seconds
[2022-06-13T02:25:16.369+0000][1][safepoint    ] Application time: 1.0002221 seconds
[2022-06-13T02:25:16.370+0000][1][safepoint    ] Entering safepoint region: Cleanup
[2022-06-13T02:25:16.371+0000][1][safepoint    ] Leaving safepoint region
[2022-06-13T02:25:16.371+0000][1][safepoint    ] Total time for which application threads were stopped: 0.0009019 seconds, Stopping threads took: 0.0005210 seconds
[2022-06-13T02:25:17.371+0000][1][safepoint    ] Application time: 1.0001434 seconds
[2022-06-13T02:25:17.372+0000][1][safepoint    ] Entering safepoint region: Cleanup
[2022-06-13T02:25:17.372+0000][1][safepoint    ] Leaving safepoint region
[2022-06-13T02:25:17.373+0000][1][safepoint    ] Total time for which application threads were stopped: 0.0009497 seconds, Stopping threads took: 0.0004297 seconds
[2022-06-13T02:25:18.373+0000][1][safepoint    ] Application time: 1.0001879 seconds
[2022-06-13T02:25:18.374+0000][1][safepoint    ] Entering safepoint region: Cleanup
[2022-06-13T02:25:18.375+0000][1][safepoint    ] Leaving safepoint region
[2022-06-13T02:25:18.375+0000][1][safepoint    ] Total time for which application threads were stopped: 0.0011277 seconds, Stopping threads took: 0.0005111 seconds
[2022-06-13T02:25:19.376+0000][1][safepoint    ] Application time: 1.0001845 seconds
[2022-06-13T02:25:19.377+0000][1][safepoint    ] Entering safepoint region: Cleanup
[2022-06-13T02:25:19.377+0000][1][safepoint    ] Leaving safepoint region
[2022-06-13T02:25:19.378+0000][1][safepoint    ] Total time for which application threads were stopped: 0.0009058 seconds, Stopping threads took: 0.0004794 seconds
[2022-06-13T02:25:20.378+0000][1][safepoint    ] Application time: 1.0001931 seconds
[2022-06-13T02:25:20.379+0000][1][safepoint    ] Entering safepoint region: Cleanup
[2022-06-13T02:25:20.379+0000][1][safepoint    ] Leaving safepoint region
[2022-06-13T02:25:20.379+0000][1][safepoint    ] Total time for which application threads were stopped: 0.0005881 seconds, Stopping threads took: 0.0002326 seconds
[2022-06-13T02:25:21.380+0000][1][safepoint    ] Application time: 1.0003187 seconds
[2022-06-13T02:25:21.381+0000][1][safepoint    ] Entering safepoint region: Cleanup
[2022-06-13T02:25:21.381+0000][1][safepoint    ] Leaving safepoint region
[2022-06-13T02:25:21.382+0000][1][safepoint    ] Total time for which application threads were stopped: 0.0012628 seconds, Stopping threads took: 0.0005586 seconds
[2022-06-13T02:25:22.383+0000][1][safepoint    ] Application time: 1.0003056 seconds
[2022-06-13T02:25:22.383+0000][1][safepoint    ] Entering safepoint region: Cleanup
[2022-06-13T02:25:22.384+0000][1][safepoint    ] Leaving safepoint region
[2022-06-13T02:25:22.384+0000][1][safepoint    ] Total time for which application threads were stopped: 0.0008745 seconds, Stopping threads took: 0.0004262 seconds
[2022-06-13T02:25:23.385+0000][1][safepoint    ] Application time: 1.0003615 seconds
[2022-06-13T02:25:23.385+0000][1][safepoint    ] Entering safepoint region: Cleanup
[2022-06-13T02:25:23.386+0000][1][safepoint    ] Leaving safepoint region
[2022-06-13T02:25:23.386+0000][1][safepoint    ] Total time for which application threads were stopped: 0.0007337 seconds, Stopping threads took: 0.0003169 seconds
[2022-06-13T02:25:24.387+0000][1][safepoint    ] Application time: 1.0002460 seconds
[2022-06-13T02:25:24.387+0000][1][safepoint    ] Entering safepoint region: Cleanup
[2022-06-13T02:25:24.388+0000][1][safepoint    ] Leaving safepoint region
[2022-06-13T02:25:24.388+0000][1][safepoint    ] Total time for which application threads were stopped: 0.0009656 seconds, Stopping threads took: 0.0004756 seconds
[2022-06-13T02:25:25.389+0000][1][safepoint    ] Application time: 1.0002174 seconds
[2022-06-13T02:25:25.389+0000][1][safepoint    ] Entering safepoint region: Cleanup
[2022-06-13T02:25:25.390+0000][1][safepoint    ] Leaving safepoint region
[2022-06-13T02:25:25.390+0000][1][safepoint    ] Total time for which application threads were stopped: 0.0008720 seconds, Stopping threads took: 0.0003818 seconds
[2022-06-13T02:25:26.391+0000][1][safepoint    ] Application time: 1.0001694 seconds
[2022-06-13T02:25:26.391+0000][1][safepoint    ] Entering safepoint region: Cleanup
[2022-06-13T02:25:26.392+0000][1][safepoint    ] Leaving safepoint region
[2022-06-13T02:25:26.392+0000][1][safepoint    ] Total time for which application threads were stopped: 0.0009962 seconds, Stopping threads took: 0.0003997 seconds
[2022-06-13T02:25:27.393+0000][1][safepoint    ] Application time: 1.0001362 seconds
[2022-06-13T02:25:27.394+0000][1][safepoint    ] Entering safepoint region: Cleanup
[2022-06-13T02:25:27.394+0000][1][safepoint    ] Leaving safepoint region
[2022-06-13T02:25:27.394+0000][1][safepoint    ] Total time for which application threads were stopped: 0.0007757 seconds, Stopping threads took: 0.0003806 seconds
[2022-06-13T02:25:28.395+0000][1][safepoint    ] Application time: 1.0001109 seconds
[2022-06-13T02:25:28.395+0000][1][safepoint    ] Entering safepoint region: Cleanup
[2022-06-13T02:25:28.395+0000][1][safepoint    ] Leaving safepoint region
[2022-06-13T02:25:28.396+0000][1][safepoint    ] Total time for which application threads were stopped: 0.0005491 seconds, Stopping threads took: 0.0001738 seconds
[2022-06-13T02:25:29.396+0000][1][safepoint    ] Application time: 1.0002325 seconds
[2022-06-13T02:25:29.396+0000][1][safepoint    ] Entering safepoint region: Cleanup
[2022-06-13T02:25:29.397+0000][1][safepoint    ] Leaving safepoint region
[2022-06-13T02:25:29.397+0000][1][safepoint    ] Total time for which application threads were stopped: 0.0008188 seconds, Stopping threads took: 0.0002952 seconds
[2022-06-13T02:25:30.398+0000][1][safepoint    ] Application time: 1.0001285 seconds
[2022-06-13T02:25:30.398+0000][1][safepoint    ] Entering safepoint region: Cleanup
[2022-06-13T02:25:30.399+0000][1][safepoint    ] Leaving safepoint region
[2022-06-13T02:25:30.399+0000][1][safepoint    ] Total time for which application threads were stopped: 0.0008844 seconds, Stopping threads took: 0.0004362 seconds
[2022-06-13T02:25:31.400+0000][1][safepoint    ] Application time: 1.0001514 seconds
[2022-06-13T02:25:31.400+0000][1][safepoint    ] Entering safepoint region: Cleanup
[2022-06-13T02:25:31.400+0000][1][safepoint    ] Leaving safepoint region
[2022-06-13T02:25:31.401+0000][1][safepoint    ] Total time for which application threads were stopped: 0.0006349 seconds, Stopping threads took: 0.0002600 seconds
[2022-06-13T02:25:32.401+0000][1][safepoint    ] Application time: 1.0002759 seconds
[2022-06-13T02:25:32.402+0000][1][safepoint    ] Entering safepoint region: Cleanup
[2022-06-13T02:25:32.402+0000][1][safepoint    ] Leaving safepoint region
[2022-06-13T02:25:32.402+0000][1][safepoint    ] Total time for which application threads were stopped: 0.0005211 seconds, Stopping threads took: 0.0002285 seconds
[2022-06-13T02:25:33.403+0000][1][safepoint    ] Application time: 1.0001463 seconds
[2022-06-13T02:25:33.403+0000][1][safepoint    ] Entering safepoint region: Cleanup
[2022-06-13T02:25:33.404+0000][1][safepoint    ] Leaving safepoint region
[2022-06-13T02:25:33.404+0000][1][safepoint    ] Total time for which application threads were stopped: 0.0009184 seconds, Stopping threads took: 0.0004244 seconds
[2022-06-13T02:25:34.405+0000][1][safepoint    ] Application time: 1.0003382 seconds
[2022-06-13T02:25:34.405+0000][1][safepoint    ] Entering safepoint region: Cleanup
[2022-06-13T02:25:34.406+0000][1][safepoint    ] Leaving safepoint region
[2022-06-13T02:25:34.406+0000][1][safepoint    ] Total time for which application threads were stopped: 0.0009058 seconds, Stopping threads took: 0.0003677 seconds
[2022-06-13T02:25:35.407+0000][1][safepoint    ] Application time: 1.0001507 seconds
[2022-06-13T02:25:35.407+0000][1][safepoint    ] Entering safepoint region: Cleanup
[2022-06-13T02:25:35.407+0000][1][safepoint    ] Leaving safepoint region
[2022-06-13T02:25:35.408+0000][1][safepoint    ] Total time for which application threads were stopped: 0.0005406 seconds, Stopping threads took: 0.0002411 seconds
[2022-06-13T02:25:36.408+0000][1][safepoint    ] Application time: 1.0002814 seconds
[2022-06-13T02:25:36.408+0000][1][safepoint    ] Entering safepoint region: Cleanup
[2022-06-13T02:25:36.409+0000][1][safepoint    ] Leaving safepoint region
[2022-06-13T02:25:36.410+0000][1][safepoint    ] Total time for which application threads were stopped: 0.0011855 seconds, Stopping threads took: 0.0004253 seconds
[2022-06-13T02:25:37.410+0000][1][safepoint    ] Application time: 1.0001364 seconds
[2022-06-13T02:25:37.411+0000][1][safepoint    ] Entering safepoint region: Cleanup
[2022-06-13T02:25:37.411+0000][1][safepoint    ] Leaving safepoint region
[2022-06-13T02:25:37.412+0000][1][safepoint    ] Total time for which application threads were stopped: 0.0011023 seconds, Stopping threads took: 0.0003641 seconds
[2022-06-13T02:25:38.412+0000][1][safepoint    ] Application time: 1.0001976 seconds
[2022-06-13T02:25:38.413+0000][1][safepoint    ] Entering safepoint region: Cleanup
[2022-06-13T02:25:38.413+0000][1][safepoint    ] Leaving safepoint region
[2022-06-13T02:25:38.413+0000][1][safepoint    ] Total time for which application threads were stopped: 0.0006468 seconds, Stopping threads took: 0.0002968 seconds
[2022-06-13T02:25:39.414+0000][1][safepoint    ] Application time: 1.0001462 seconds
[2022-06-13T02:25:39.414+0000][1][safepoint    ] Entering safepoint region: Cleanup
[2022-06-13T02:25:39.414+0000][1][safepoint    ] Leaving safepoint region
[2022-06-13T02:25:39.415+0000][1][safepoint    ] Total time for which application threads were stopped: 0.0005859 seconds, Stopping threads took: 0.0002278 seconds
[2022-06-13T02:25:40.415+0000][1][safepoint    ] Application time: 1.0001226 seconds
[2022-06-13T02:25:40.415+0000][1][safepoint    ] Entering safepoint region: Cleanup
[2022-06-13T02:25:40.416+0000][1][safepoint    ] Leaving safepoint region
[2022-06-13T02:25:40.416+0000][1][safepoint    ] Total time for which application threads were stopped: 0.0006652 seconds, Stopping threads took: 0.0002430 seconds
[2022-06-13T02:25:41.416+0000][1][safepoint    ] Application time: 1.0002042 seconds
[2022-06-13T02:25:41.417+0000][1][safepoint    ] Entering safepoint region: Cleanup
[2022-06-13T02:25:41.417+0000][1][safepoint    ] Leaving safepoint region
[2022-06-13T02:25:41.418+0000][1][safepoint    ] Total time for which application threads were stopped: 0.0007418 seconds, Stopping threads took: 0.0003658 seconds
[2022-06-13T02:25:42.418+0000][1][safepoint    ] Application time: 1.0002138 seconds
[2022-06-13T02:25:42.419+0000][1][safepoint    ] Entering safepoint region: Cleanup
[2022-06-13T02:25:42.419+0000][1][safepoint    ] Leaving safepoint region
[2022-06-13T02:25:42.420+0000][1][safepoint    ] Total time for which application threads were stopped: 0.0007630 seconds, Stopping threads took: 0.0003573 seconds
[2022-06-13T02:25:43.420+0000][1][safepoint    ] Application time: 1.0001789 seconds
[2022-06-13T02:25:43.420+0000][1][safepoint    ] Entering safepoint region: Cleanup
[2022-06-13T02:25:43.421+0000][1][safepoint    ] Leaving safepoint region
[2022-06-13T02:25:43.421+0000][1][safepoint    ] Total time for which application threads were stopped: 0.0007402 seconds, Stopping threads took: 0.0002298 seconds
[2022-06-13T02:25:44.422+0000][1][safepoint    ] Application time: 1.0002386 seconds
[2022-06-13T02:25:44.422+0000][1][safepoint    ] Entering safepoint region: Cleanup
[2022-06-13T02:25:44.423+0000][1][safepoint    ] Leaving safepoint region
[2022-06-13T02:25:44.423+0000][1][safepoint    ] Total time for which application threads were stopped: 0.0007071 seconds, Stopping threads took: 0.0003251 seconds
[2022-06-13T02:25:45.424+0000][1][safepoint    ] Application time: 1.0001291 seconds
[2022-06-13T02:25:45.424+0000][1][safepoint    ] Entering safepoint region: Cleanup
[2022-06-13T02:25:45.425+0000][1][safepoint    ] Leaving safepoint region
[2022-06-13T02:25:45.425+0000][1][safepoint    ] Total time for which application threads were stopped: 0.0011847 seconds, Stopping threads took: 0.0005842 seconds
[2022-06-13T02:25:46.426+0000][1][safepoint    ] Application time: 1.0002278 seconds
[2022-06-13T02:25:46.427+0000][1][safepoint    ] Entering safepoint region: Cleanup
[2022-06-13T02:25:46.427+0000][1][safepoint    ] Leaving safepoint region
[2022-06-13T02:25:46.428+0000][1][safepoint    ] Total time for which application threads were stopped: 0.0013279 seconds, Stopping threads took: 0.0005023 seconds
[2022-06-13T02:25:47.429+0000][1][safepoint    ] Application time: 1.0001799 seconds
[2022-06-13T02:25:47.429+0000][1][safepoint    ] Entering safepoint region: Cleanup
[2022-06-13T02:25:47.430+0000][1][safepoint    ] Leaving safepoint region
[2022-06-13T02:25:47.430+0000][1][safepoint    ] Total time for which application threads were stopped: 0.0008573 seconds, Stopping threads took: 0.0003860 seconds
[2022-06-13T02:25:48.431+0000][1][safepoint    ] Application time: 1.0002666 seconds
[2022-06-13T02:25:48.431+0000][1][safepoint    ] Entering safepoint region: Cleanup
[2022-06-13T02:25:48.432+0000][1][safepoint    ] Leaving safepoint region
[2022-06-13T02:25:48.432+0000][1][safepoint    ] Total time for which application threads were stopped: 0.0006715 seconds, Stopping threads took: 0.0003154 seconds
[2022-06-13T02:25:49.432+0000][1][safepoint    ] Application time: 1.0002215 seconds
[2022-06-13T02:25:49.433+0000][1][safepoint    ] Entering safepoint region: Cleanup
[2022-06-13T02:25:49.433+0000][1][safepoint    ] Leaving safepoint region
[2022-06-13T02:25:49.434+0000][1][safepoint    ] Total time for which application threads were stopped: 0.0010163 seconds, Stopping threads took: 0.0004623 seconds
[2022-06-13T02:25:50.434+0000][1][safepoint    ] Application time: 1.0001408 seconds
[2022-06-13T02:25:50.435+0000][1][safepoint    ] Entering safepoint region: Cleanup
[2022-06-13T02:25:50.435+0000][1][safepoint    ] Leaving safepoint region
[2022-06-13T02:25:50.435+0000][1][safepoint    ] Total time for which application threads were stopped: 0.0003153 seconds, Stopping threads took: 0.0001386 seconds
[2022-06-13T02:25:51.435+0000][1][safepoint    ] Application time: 1.0001938 seconds
[2022-06-13T02:25:51.436+0000][1][safepoint    ] Entering safepoint region: Cleanup
[2022-06-13T02:25:51.436+0000][1][safepoint    ] Leaving safepoint region
[2022-06-13T02:25:51.436+0000][1][safepoint    ] Total time for which application threads were stopped: 0.0006285 seconds, Stopping threads took: 0.0002635 seconds
[2022-06-13T02:25:52.437+0000][1][safepoint    ] Application time: 1.0002157 seconds
[2022-06-13T02:25:52.437+0000][1][safepoint    ] Entering safepoint region: Cleanup
[2022-06-13T02:25:52.438+0000][1][safepoint    ] Leaving safepoint region
[2022-06-13T02:25:52.438+0000][1][safepoint    ] Total time for which application threads were stopped: 0.0009962 seconds, Stopping threads took: 0.0004080 seconds
[2022-06-13T02:25:53.439+0000][1][safepoint    ] Application time: 1.0001851 seconds
[2022-06-13T02:25:53.439+0000][1][safepoint    ] Entering safepoint region: Cleanup
[2022-06-13T02:25:53.440+0000][1][safepoint    ] Leaving safepoint region
[2022-06-13T02:25:53.440+0000][1][safepoint    ] Total time for which application threads were stopped: 0.0007999 seconds, Stopping threads took: 0.0003918 seconds
[2022-06-13T02:25:54.441+0000][1][safepoint    ] Application time: 1.0001603 seconds
[2022-06-13T02:25:54.441+0000][1][safepoint    ] Entering safepoint region: Cleanup
[2022-06-13T02:25:54.441+0000][1][safepoint    ] Leaving safepoint region
[2022-06-13T02:25:54.442+0000][1][safepoint    ] Total time for which application threads were stopped: 0.0006797 seconds, Stopping threads took: 0.0002578 seconds
[2022-06-13T02:25:55.442+0000][1][safepoint    ] Application time: 1.0001169 seconds
[2022-06-13T02:25:55.442+0000][1][safepoint    ] Entering safepoint region: Cleanup
[2022-06-13T02:25:55.443+0000][1][safepoint    ] Leaving safepoint region
[2022-06-13T02:25:55.443+0000][1][safepoint    ] Total time for which application threads were stopped: 0.0004081 seconds, Stopping threads took: 0.0001926 seconds
[2022-06-13T02:25:56.443+0000][1][safepoint    ] Application time: 1.0002059 seconds
[2022-06-13T02:25:56.443+0000][1][safepoint    ] Entering safepoint region: Cleanup
[2022-06-13T02:25:56.444+0000][1][safepoint    ] Leaving safepoint region
[2022-06-13T02:25:56.444+0000][1][safepoint    ] Total time for which application threads were stopped: 0.0006483 seconds, Stopping threads took: 0.0003135 seconds
[2022-06-13T02:25:57.445+0000][1][safepoint    ] Application time: 1.0002300 seconds
[2022-06-13T02:25:57.445+0000][1][safepoint    ] Entering safepoint region: Cleanup
[2022-06-13T02:25:57.445+0000][1][safepoint    ] Leaving safepoint region
[2022-06-13T02:25:57.446+0000][1][safepoint    ] Total time for which application threads were stopped: 0.0004460 seconds, Stopping threads took: 0.0001982 seconds
[2022-06-13T02:25:58.446+0000][1][safepoint    ] Application time: 1.0001059 seconds
[2022-06-13T02:25:58.446+0000][1][safepoint    ] Entering safepoint region: Cleanup
[2022-06-13T02:25:58.447+0000][1][safepoint    ] Leaving safepoint region
[2022-06-13T02:25:58.447+0000][1][safepoint    ] Total time for which application threads were stopped: 0.0004992 seconds, Stopping threads took: 0.0002246 seconds
[2022-06-13T02:25:59.447+0000][1][safepoint    ] Application time: 1.0002076 seconds
[2022-06-13T02:25:59.448+0000][1][safepoint    ] Entering safepoint region: Cleanup
[2022-06-13T02:25:59.449+0000][1][safepoint    ] Leaving safepoint region
[2022-06-13T02:25:59.449+0000][1][safepoint    ] Total time for which application threads were stopped: 0.0012972 seconds, Stopping threads took: 0.0005345 seconds
[2022-06-13T02:26:01.399+0000][1][safepoint    ] Application time: 1.9499462 seconds
[2022-06-13T02:26:01.400+0000][1][safepoint    ] Entering safepoint region: Cleanup
[2022-06-13T02:26:01.400+0000][1][safepoint    ] Leaving safepoint region
[2022-06-13T02:26:01.401+0000][1][safepoint    ] Total time for which application threads were stopped: 0.0006862 seconds, Stopping threads took: 0.0002948 seconds
[2022-06-13T02:26:02.401+0000][1][safepoint    ] Application time: 1.0001849 seconds
[2022-06-13T02:26:02.401+0000][1][safepoint    ] Entering safepoint region: Cleanup
[2022-06-13T02:26:02.402+0000][1][safepoint    ] Leaving safepoint region
[2022-06-13T02:26:02.402+0000][1][safepoint    ] Total time for which application threads were stopped: 0.0004271 seconds, Stopping threads took: 0.0001654 seconds
[2022-06-13T02:26:03.402+0000][1][safepoint    ] Application time: 1.0001875 seconds
[2022-06-13T02:26:03.403+0000][1][safepoint    ] Entering safepoint region: Cleanup
[2022-06-13T02:26:03.403+0000][1][safepoint    ] Leaving safepoint region
[2022-06-13T02:26:03.403+0000][1][safepoint    ] Total time for which application threads were stopped: 0.0006074 seconds, Stopping threads took: 0.0002918 seconds
[2022-06-13T02:26:04.404+0000][1][safepoint    ] Application time: 1.0001775 seconds
[2022-06-13T02:26:04.404+0000][1][safepoint    ] Entering safepoint region: Cleanup
[2022-06-13T02:26:04.405+0000][1][safepoint    ] Leaving safepoint region
[2022-06-13T02:26:04.405+0000][1][safepoint    ] Total time for which application threads were stopped: 0.0008401 seconds, Stopping threads took: 0.0003912 seconds
[2022-06-13T02:26:05.406+0000][1][safepoint    ] Application time: 1.0001451 seconds
[2022-06-13T02:26:05.406+0000][1][safepoint    ] Entering safepoint region: Cleanup
[2022-06-13T02:26:05.406+0000][1][safepoint    ] Leaving safepoint region
[2022-06-13T02:26:05.407+0000][1][safepoint    ] Total time for which application threads were stopped: 0.0004997 seconds, Stopping threads took: 0.0001965 seconds
[2022-06-13T02:26:06.407+0000][1][safepoint    ] Application time: 1.0002352 seconds
[2022-06-13T02:26:06.407+0000][1][safepoint    ] Entering safepoint region: Cleanup
[2022-06-13T02:26:06.408+0000][1][safepoint    ] Leaving safepoint region
[2022-06-13T02:26:06.408+0000][1][safepoint    ] Total time for which application threads were stopped: 0.0006051 seconds, Stopping threads took: 0.0003038 seconds
[2022-06-13T02:26:07.408+0000][1][safepoint    ] Application time: 1.0001737 seconds
[2022-06-13T02:26:07.409+0000][1][safepoint    ] Entering safepoint region: Cleanup
[2022-06-13T02:26:07.409+0000][1][safepoint    ] Leaving safepoint region
[2022-06-13T02:26:07.410+0000][1][safepoint    ] Total time for which application threads were stopped: 0.0007522 seconds, Stopping threads took: 0.0003430 seconds
[2022-06-13T02:26:08.410+0000][1][safepoint    ] Application time: 1.0001936 seconds
[2022-06-13T02:26:08.411+0000][1][safepoint    ] Entering safepoint region: Cleanup
[2022-06-13T02:26:08.412+0000][1][safepoint    ] Leaving safepoint region
[2022-06-13T02:26:08.412+0000][1][safepoint    ] Total time for which application threads were stopped: 0.0009569 seconds, Stopping threads took: 0.0004273 seconds
[2022-06-13T02:26:09.413+0000][1][safepoint    ] Application time: 1.0002842 seconds
[2022-06-13T02:26:09.413+0000][1][safepoint    ] Entering safepoint region: Cleanup
[2022-06-13T02:26:09.414+0000][1][safepoint    ] Leaving safepoint region
[2022-06-13T02:26:09.414+0000][1][safepoint    ] Total time for which application threads were stopped: 0.0009995 seconds, Stopping threads took: 0.0004646 seconds
[2022-06-13T02:26:10.415+0000][1][safepoint    ] Application time: 1.0003070 seconds
[2022-06-13T02:26:10.416+0000][1][safepoint    ] Entering safepoint region: Cleanup
[2022-06-13T02:26:10.416+0000][1][safepoint    ] Leaving safepoint region
[2022-06-13T02:26:10.416+0000][1][safepoint    ] Total time for which application threads were stopped: 0.0006879 seconds, Stopping threads took: 0.0003245 seconds
[2022-06-13T02:26:11.417+0000][1][safepoint    ] Application time: 1.0002017 seconds
[2022-06-13T02:26:11.417+0000][1][safepoint    ] Entering safepoint region: Cleanup
[2022-06-13T02:26:11.418+0000][1][safepoint    ] Leaving safepoint region
[2022-06-13T02:26:11.418+0000][1][safepoint    ] Total time for which application threads were stopped: 0.0008911 seconds, Stopping threads took: 0.0004270 seconds
[2022-06-13T02:26:12.419+0000][1][safepoint    ] Application time: 1.0001104 seconds
[2022-06-13T02:26:12.419+0000][1][safepoint    ] Entering safepoint region: Cleanup
[2022-06-13T02:26:12.420+0000][1][safepoint    ] Leaving safepoint region
[2022-06-13T02:26:12.420+0000][1][safepoint    ] Total time for which application threads were stopped: 0.0006957 seconds, Stopping threads took: 0.0003236 seconds
[2022-06-13T02:26:12.670+0000][1][safepoint    ] Application time: 0.2500709 seconds
[2022-06-13T02:26:12.671+0000][1][safepoint    ] Entering safepoint region: GenCollectForAllocation
[2022-06-13T02:26:12.671+0000][1][gc,start     ] GC(27) Pause Young (Allocation Failure)
[2022-06-13T02:26:12.671+0000][1][gc,task      ] GC(27) Using 5 workers of 13 for evacuation
[2022-06-13T02:26:12.676+0000][1][gc,age       ] GC(27) Desired survivor size 4456448 bytes, new threshold 6 (max threshold 6)
[2022-06-13T02:26:12.676+0000][1][gc,age       ] GC(27) Age table with threshold 6 (max threshold 6)
[2022-06-13T02:26:12.677+0000][1][gc,age       ] GC(27) - age   1:      47520 bytes,      47520 total
[2022-06-13T02:26:12.677+0000][1][gc,age       ] GC(27) - age   2:      15784 bytes,      63304 total
[2022-06-13T02:26:12.677+0000][1][gc,age       ] GC(27) - age   3:      14688 bytes,      77992 total
[2022-06-13T02:26:12.677+0000][1][gc,age       ] GC(27) - age   4:      31176 bytes,     109168 total
[2022-06-13T02:26:12.678+0000][1][gc,age       ] GC(27) - age   5:      49120 bytes,     158288 total
[2022-06-13T02:26:12.678+0000][1][gc,age       ] GC(27) - age   6:     585392 bytes,     743680 total
[2022-06-13T02:26:12.678+0000][1][gc,heap      ] GC(27) ParNew: 74680K->3929K(78656K)
[2022-06-13T02:26:12.678+0000][1][gc,heap      ] GC(27) CMS: 64223K->67575K(174784K)
[2022-06-13T02:26:12.678+0000][1][gc,metaspace ] GC(27) Metaspace: 64245K->64245K(1107968K)
[2022-06-13T02:26:12.679+0000][1][gc           ] GC(27) Pause Young (Allocation Failure) 135M->69M(247M) 7.602ms
[2022-06-13T02:26:12.679+0000][1][gc,cpu       ] GC(27) User=0.02s Sys=0.00s Real=0.00s
[2022-06-13T02:26:12.679+0000][1][safepoint    ] Leaving safepoint region
[2022-06-13T02:26:12.680+0000][1][safepoint    ] Total time for which application threads were stopped: 0.0091240 seconds, Stopping threads took: 0.0003140 seconds
[2022-06-13T02:26:13.680+0000][1][safepoint    ] Application time: 1.0002910 seconds
[2022-06-13T02:26:13.681+0000][1][safepoint    ] Entering safepoint region: Cleanup
[2022-06-13T02:26:13.682+0000][1][safepoint    ] Leaving safepoint region
[2022-06-13T02:26:13.682+0000][1][safepoint    ] Total time for which application threads were stopped: 0.0012361 seconds, Stopping threads took: 0.0004496 seconds
[2022-06-13T02:26:14.683+0000][1][safepoint    ] Application time: 1.0001297 seconds
[2022-06-13T02:26:14.683+0000][1][safepoint    ] Entering safepoint region: Cleanup
[2022-06-13T02:26:14.683+0000][1][safepoint    ] Leaving safepoint region
[2022-06-13T02:26:14.683+0000][1][safepoint    ] Total time for which application threads were stopped: 0.0004191 seconds, Stopping threads took: 0.0001914 seconds
[2022-06-13T02:26:15.684+0000][1][safepoint    ] Application time: 1.0001147 seconds
[2022-06-13T02:26:15.684+0000][1][safepoint    ] Entering safepoint region: Cleanup
[2022-06-13T02:26:15.685+0000][1][safepoint    ] Leaving safepoint region
[2022-06-13T02:26:15.685+0000][1][safepoint    ] Total time for which application threads were stopped: 0.0009142 seconds, Stopping threads took: 0.0004595 seconds
[2022-06-13T02:26:16.686+0000][1][safepoint    ] Application time: 1.0001207 seconds
[2022-06-13T02:26:16.686+0000][1][safepoint    ] Entering safepoint region: Cleanup
[2022-06-13T02:26:16.687+0000][1][safepoint    ] Leaving safepoint region
[2022-06-13T02:26:16.687+0000][1][safepoint    ] Total time for which application threads were stopped: 0.0008783 seconds, Stopping threads took: 0.0003437 seconds
[2022-06-13T02:26:17.688+0000][1][safepoint    ] Application time: 1.0002183 seconds
[2022-06-13T02:26:17.688+0000][1][safepoint    ] Entering safepoint region: Cleanup
[2022-06-13T02:26:17.688+0000][1][safepoint    ] Leaving safepoint region
[2022-06-13T02:26:17.689+0000][1][safepoint    ] Total time for which application threads were stopped: 0.0006718 seconds, Stopping threads took: 0.0002937 seconds
[2022-06-13T02:26:18.689+0000][1][safepoint    ] Application time: 1.0001685 seconds
[2022-06-13T02:26:18.690+0000][1][safepoint    ] Entering safepoint region: Cleanup
[2022-06-13T02:26:18.690+0000][1][safepoint    ] Leaving safepoint region
[2022-06-13T02:26:18.691+0000][1][safepoint    ] Total time for which application threads were stopped: 0.0008145 seconds, Stopping threads took: 0.0003827 seconds
[2022-06-13T02:26:19.691+0000][1][safepoint    ] Application time: 1.0001321 seconds
[2022-06-13T02:26:19.692+0000][1][safepoint    ] Entering safepoint region: Cleanup
[2022-06-13T02:26:19.692+0000][1][safepoint    ] Leaving safepoint region
[2022-06-13T02:26:19.692+0000][1][safepoint    ] Total time for which application threads were stopped: 0.0006501 seconds, Stopping threads took: 0.0002277 seconds
[2022-06-13T02:26:20.692+0000][1][safepoint    ] Application time: 1.0001526 seconds
[2022-06-13T02:26:20.693+0000][1][safepoint    ] Entering safepoint region: Cleanup
[2022-06-13T02:26:20.693+0000][1][safepoint    ] Leaving safepoint region
[2022-06-13T02:26:20.693+0000][1][safepoint    ] Total time for which application threads were stopped: 0.0005493 seconds, Stopping threads took: 0.0002814 seconds
[2022-06-13T02:26:21.694+0000][1][safepoint    ] Application time: 1.0001209 seconds
[2022-06-13T02:26:21.694+0000][1][safepoint    ] Entering safepoint region: Cleanup
[2022-06-13T02:26:21.695+0000][1][safepoint    ] Leaving safepoint region
[2022-06-13T02:26:21.695+0000][1][safepoint    ] Total time for which application threads were stopped: 0.0005112 seconds, Stopping threads took: 0.0002399 seconds
[2022-06-13T02:26:22.695+0000][1][safepoint    ] Application time: 1.0001700 seconds
[2022-06-13T02:26:22.695+0000][1][safepoint    ] Entering safepoint region: Cleanup
[2022-06-13T02:26:22.696+0000][1][safepoint    ] Leaving safepoint region
[2022-06-13T02:26:22.696+0000][1][safepoint    ] Total time for which application threads were stopped: 0.0007302 seconds, Stopping threads took: 0.0003077 seconds
[2022-06-13T02:26:23.697+0000][1][safepoint    ] Application time: 1.0002612 seconds
[2022-06-13T02:26:23.697+0000][1][safepoint    ] Entering safepoint region: Cleanup
[2022-06-13T02:26:23.698+0000][1][safepoint    ] Leaving safepoint region
[2022-06-13T02:26:23.698+0000][1][safepoint    ] Total time for which application threads were stopped: 0.0008986 seconds, Stopping threads took: 0.0004749 seconds
[2022-06-13T02:26:24.699+0000][1][safepoint    ] Application time: 1.0002656 seconds
[2022-06-13T02:26:24.699+0000][1][safepoint    ] Entering safepoint region: Cleanup
[2022-06-13T02:26:24.700+0000][1][safepoint    ] Leaving safepoint region
[2022-06-13T02:26:24.701+0000][1][safepoint    ] Total time for which application threads were stopped: 0.0015265 seconds, Stopping threads took: 0.0007413 seconds
[2022-06-13T02:26:25.702+0000][1][safepoint    ] Application time: 1.0002843 seconds
[2022-06-13T02:26:25.703+0000][1][safepoint    ] Entering safepoint region: Cleanup
[2022-06-13T02:26:25.703+0000][1][safepoint    ] Leaving safepoint region
[2022-06-13T02:26:25.704+0000][1][safepoint    ] Total time for which application threads were stopped: 0.0011480 seconds, Stopping threads took: 0.0005840 seconds
[2022-06-13T02:26:26.705+0000][1][safepoint    ] Application time: 1.0002177 seconds
[2022-06-13T02:26:26.705+0000][1][safepoint    ] Entering safepoint region: Cleanup
[2022-06-13T02:26:26.706+0000][1][safepoint    ] Leaving safepoint region
[2022-06-13T02:26:26.706+0000][1][safepoint    ] Total time for which application threads were stopped: 0.0009547 seconds, Stopping threads took: 0.0004068 seconds
[2022-06-13T02:26:27.707+0000][1][safepoint    ] Application time: 1.0003137 seconds
[2022-06-13T02:26:27.708+0000][1][safepoint    ] Entering safepoint region: Cleanup
[2022-06-13T02:26:27.708+0000][1][safepoint    ] Leaving safepoint region
[2022-06-13T02:26:27.708+0000][1][safepoint    ] Total time for which application threads were stopped: 0.0005184 seconds, Stopping threads took: 0.0002791 seconds
[2022-06-13T02:26:28.708+0000][1][safepoint    ] Application time: 1.0002127 seconds
[2022-06-13T02:26:28.709+0000][1][safepoint    ] Entering safepoint region: Cleanup
[2022-06-13T02:26:28.709+0000][1][safepoint    ] Leaving safepoint region
[2022-06-13T02:26:28.710+0000][1][safepoint    ] Total time for which application threads were stopped: 0.0007595 seconds, Stopping threads took: 0.0002897 seconds
[2022-06-13T02:26:29.710+0000][1][safepoint    ] Application time: 1.0001036 seconds
[2022-06-13T02:26:29.710+0000][1][safepoint    ] Entering safepoint region: Cleanup
[2022-06-13T02:26:29.711+0000][1][safepoint    ] Leaving safepoint region
[2022-06-13T02:26:29.711+0000][1][safepoint    ] Total time for which application threads were stopped: 0.0006859 seconds, Stopping threads took: 0.0003448 seconds
[2022-06-13T02:26:30.712+0000][1][safepoint    ] Application time: 1.0002940 seconds
[2022-06-13T02:26:30.712+0000][1][safepoint    ] Entering safepoint region: Cleanup
[2022-06-13T02:26:30.713+0000][1][safepoint    ] Leaving safepoint region
[2022-06-13T02:26:30.714+0000][1][safepoint    ] Total time for which application threads were stopped: 0.0012355 seconds, Stopping threads took: 0.0004475 seconds
[2022-06-13T02:26:31.714+0000][1][safepoint    ] Application time: 1.0001452 seconds
[2022-06-13T02:26:31.715+0000][1][safepoint    ] Entering safepoint region: Cleanup
[2022-06-13T02:26:31.715+0000][1][safepoint    ] Leaving safepoint region
[2022-06-13T02:26:31.716+0000][1][safepoint    ] Total time for which application threads were stopped: 0.0008809 seconds, Stopping threads took: 0.0004266 seconds
[2022-06-13T02:26:32.716+0000][1][safepoint    ] Application time: 1.0001502 seconds
[2022-06-13T02:26:32.717+0000][1][safepoint    ] Entering safepoint region: Cleanup
[2022-06-13T02:26:32.717+0000][1][safepoint    ] Leaving safepoint region
[2022-06-13T02:26:32.717+0000][1][safepoint    ] Total time for which application threads were stopped: 0.0006337 seconds, Stopping threads took: 0.0002976 seconds
[2022-06-13T02:26:33.718+0000][1][safepoint    ] Application time: 1.0002449 seconds
[2022-06-13T02:26:33.718+0000][1][safepoint    ] Entering safepoint region: Cleanup
[2022-06-13T02:26:33.719+0000][1][safepoint    ] Leaving safepoint region
[2022-06-13T02:26:33.719+0000][1][safepoint    ] Total time for which application threads were stopped: 0.0007721 seconds, Stopping threads took: 0.0002991 seconds
[2022-06-13T02:26:34.719+0000][1][safepoint    ] Application time: 1.0002171 seconds
[2022-06-13T02:26:34.720+0000][1][safepoint    ] Entering safepoint region: Cleanup
[2022-06-13T02:26:34.720+0000][1][safepoint    ] Leaving safepoint region
[2022-06-13T02:26:34.720+0000][1][safepoint    ] Total time for which application threads were stopped: 0.0006879 seconds, Stopping threads took: 0.0003299 seconds
[2022-06-13T02:26:35.721+0000][1][safepoint    ] Application time: 1.0001352 seconds
[2022-06-13T02:26:35.721+0000][1][safepoint    ] Entering safepoint region: Cleanup
[2022-06-13T02:26:35.722+0000][1][safepoint    ] Leaving safepoint region
[2022-06-13T02:26:35.722+0000][1][safepoint    ] Total time for which application threads were stopped: 0.0009476 seconds, Stopping threads took: 0.0003596 seconds
[2022-06-13T02:26:36.722+0000][1][safepoint    ] Application time: 1.0000993 seconds
[2022-06-13T02:26:36.723+0000][1][safepoint    ] Entering safepoint region: Cleanup
[2022-06-13T02:26:36.723+0000][1][safepoint    ] Leaving safepoint region
[2022-06-13T02:26:36.724+0000][1][safepoint    ] Total time for which application threads were stopped: 0.0007477 seconds, Stopping threads took: 0.0003485 seconds
[2022-06-13T02:26:37.724+0000][1][safepoint    ] Application time: 1.0002026 seconds
[2022-06-13T02:26:37.725+0000][1][safepoint    ] Entering safepoint region: Cleanup
[2022-06-13T02:26:37.725+0000][1][safepoint    ] Leaving safepoint region
[2022-06-13T02:26:37.726+0000][1][safepoint    ] Total time for which application threads were stopped: 0.0008637 seconds, Stopping threads took: 0.0003493 seconds
[2022-06-13T02:26:38.727+0000][1][safepoint    ] Application time: 1.0006081 seconds
[2022-06-13T02:26:38.727+0000][1][safepoint    ] Entering safepoint region: Cleanup
[2022-06-13T02:26:38.728+0000][1][safepoint    ] Leaving safepoint region
[2022-06-13T02:26:38.728+0000][1][safepoint    ] Total time for which application threads were stopped: 0.0006752 seconds, Stopping threads took: 0.0004718 seconds
[2022-06-13T02:26:39.728+0000][1][safepoint    ] Application time: 1.0001284 seconds
[2022-06-13T02:26:39.729+0000][1][safepoint    ] Entering safepoint region: Cleanup
[2022-06-13T02:26:39.729+0000][1][safepoint    ] Leaving safepoint region
[2022-06-13T02:26:39.729+0000][1][safepoint    ] Total time for which application threads were stopped: 0.0003735 seconds, Stopping threads took: 0.0001546 seconds
[2022-06-13T02:26:40.729+0000][1][safepoint    ] Application time: 1.0001380 seconds
[2022-06-13T02:26:40.730+0000][1][safepoint    ] Entering safepoint region: Cleanup
[2022-06-13T02:26:40.730+0000][1][safepoint    ] Leaving safepoint region
[2022-06-13T02:26:40.730+0000][1][safepoint    ] Total time for which application threads were stopped: 0.0005915 seconds, Stopping threads took: 0.0002868 seconds
[2022-06-13T02:26:41.731+0000][1][safepoint    ] Application time: 1.0001616 seconds
[2022-06-13T02:26:41.731+0000][1][safepoint    ] Entering safepoint region: Cleanup
[2022-06-13T02:26:41.731+0000][1][safepoint    ] Leaving safepoint region
[2022-06-13T02:26:41.731+0000][1][safepoint    ] Total time for which application threads were stopped: 0.0003312 seconds, Stopping threads took: 0.0001463 seconds
[2022-06-13T02:26:42.732+0000][1][safepoint    ] Application time: 1.0001748 seconds
[2022-06-13T02:26:42.732+0000][1][safepoint    ] Entering safepoint region: Cleanup
[2022-06-13T02:26:42.733+0000][1][safepoint    ] Leaving safepoint region
[2022-06-13T02:26:42.733+0000][1][safepoint    ] Total time for which application threads were stopped: 0.0010109 seconds, Stopping threads took: 0.0004173 seconds
[2022-06-13T02:26:43.734+0000][1][safepoint    ] Application time: 1.0002534 seconds
[2022-06-13T02:26:43.734+0000][1][safepoint    ] Entering safepoint region: Cleanup
[2022-06-13T02:26:43.735+0000][1][safepoint    ] Leaving safepoint region
[2022-06-13T02:26:43.735+0000][1][safepoint    ] Total time for which application threads were stopped: 0.0008457 seconds, Stopping threads took: 0.0004502 seconds
[2022-06-13T02:26:44.736+0000][1][safepoint    ] Application time: 1.0002390 seconds
[2022-06-13T02:26:44.736+0000][1][safepoint    ] Entering safepoint region: Cleanup
[2022-06-13T02:26:44.736+0000][1][safepoint    ] Leaving safepoint region
[2022-06-13T02:26:44.737+0000][1][safepoint    ] Total time for which application threads were stopped: 0.0004876 seconds, Stopping threads took: 0.0002408 seconds
[2022-06-13T02:26:45.737+0000][1][safepoint    ] Application time: 1.0002301 seconds
[2022-06-13T02:26:45.738+0000][1][safepoint    ] Entering safepoint region: Cleanup
[2022-06-13T02:26:45.739+0000][1][safepoint    ] Leaving safepoint region
[2022-06-13T02:26:45.739+0000][1][safepoint    ] Total time for which application threads were stopped: 0.0012818 seconds, Stopping threads took: 0.0005953 seconds
[2022-06-13T02:26:46.740+0000][1][safepoint    ] Application time: 1.0002150 seconds
[2022-06-13T02:26:46.740+0000][1][safepoint    ] Entering safepoint region: Cleanup
[2022-06-13T02:26:46.741+0000][1][safepoint    ] Leaving safepoint region
[2022-06-13T02:26:46.741+0000][1][safepoint    ] Total time for which application threads were stopped: 0.0007243 seconds, Stopping threads took: 0.0003237 seconds
[2022-06-13T02:26:47.742+0000][1][safepoint    ] Application time: 1.0002583 seconds
[2022-06-13T02:26:47.742+0000][1][safepoint    ] Entering safepoint region: Cleanup
[2022-06-13T02:26:47.743+0000][1][safepoint    ] Leaving safepoint region
[2022-06-13T02:26:47.743+0000][1][safepoint    ] Total time for which application threads were stopped: 0.0009800 seconds, Stopping threads took: 0.0004807 seconds
[2022-06-13T02:26:48.744+0000][1][safepoint    ] Application time: 1.0003032 seconds
[2022-06-13T02:26:48.744+0000][1][safepoint    ] Entering safepoint region: Cleanup
[2022-06-13T02:26:48.744+0000][1][safepoint    ] Leaving safepoint region
[2022-06-13T02:26:48.745+0000][1][safepoint    ] Total time for which application threads were stopped: 0.0006730 seconds, Stopping threads took: 0.0002394 seconds
[2022-06-13T02:26:49.745+0000][1][safepoint    ] Application time: 1.0001211 seconds
[2022-06-13T02:26:49.746+0000][1][safepoint    ] Entering safepoint region: Cleanup
[2022-06-13T02:26:49.746+0000][1][safepoint    ] Leaving safepoint region
[2022-06-13T02:26:49.746+0000][1][safepoint    ] Total time for which application threads were stopped: 0.0003554 seconds, Stopping threads took: 0.0001582 seconds
[2022-06-13T02:26:50.746+0000][1][safepoint    ] Application time: 1.0002866 seconds
[2022-06-13T02:26:50.747+0000][1][safepoint    ] Entering safepoint region: Cleanup
[2022-06-13T02:26:50.747+0000][1][safepoint    ] Leaving safepoint region
[2022-06-13T02:26:50.747+0000][1][safepoint    ] Total time for which application threads were stopped: 0.0006391 seconds, Stopping threads took: 0.0002670 seconds
[2022-06-13T02:26:51.748+0000][1][safepoint    ] Application time: 1.0001793 seconds
[2022-06-13T02:26:51.749+0000][1][safepoint    ] Entering safepoint region: Cleanup
[2022-06-13T02:26:51.749+0000][1][safepoint    ] Leaving safepoint region
[2022-06-13T02:26:51.749+0000][1][safepoint    ] Total time for which application threads were stopped: 0.0008126 seconds, Stopping threads took: 0.0003466 seconds
[2022-06-13T02:26:52.750+0000][1][safepoint    ] Application time: 1.0001899 seconds
[2022-06-13T02:26:52.750+0000][1][safepoint    ] Entering safepoint region: Cleanup
[2022-06-13T02:26:52.751+0000][1][safepoint    ] Leaving safepoint region
[2022-06-13T02:26:52.751+0000][1][safepoint    ] Total time for which application threads were stopped: 0.0008864 seconds, Stopping threads took: 0.0003782 seconds
[2022-06-13T02:26:53.752+0000][1][safepoint    ] Application time: 1.0001783 seconds
[2022-06-13T02:26:53.753+0000][1][safepoint    ] Entering safepoint region: Cleanup
[2022-06-13T02:26:53.753+0000][1][safepoint    ] Leaving safepoint region
[2022-06-13T02:26:53.753+0000][1][safepoint    ] Total time for which application threads were stopped: 0.0006447 seconds, Stopping threads took: 0.0003130 seconds
[2022-06-13T02:26:54.754+0000][1][safepoint    ] Application time: 1.0002100 seconds
[2022-06-13T02:26:54.754+0000][1][safepoint    ] Entering safepoint region: Cleanup
[2022-06-13T02:26:54.755+0000][1][safepoint    ] Leaving safepoint region
[2022-06-13T02:26:54.755+0000][1][safepoint    ] Total time for which application threads were stopped: 0.0008753 seconds, Stopping threads took: 0.0003889 seconds
[2022-06-13T02:26:55.756+0000][1][safepoint    ] Application time: 1.0002283 seconds
[2022-06-13T02:26:55.757+0000][1][safepoint    ] Entering safepoint region: Cleanup
[2022-06-13T02:26:55.757+0000][1][safepoint    ] Leaving safepoint region
[2022-06-13T02:26:55.758+0000][1][safepoint    ] Total time for which application threads were stopped: 0.0012806 seconds, Stopping threads took: 0.0006168 seconds
[2022-06-13T02:26:56.759+0000][1][safepoint    ] Application time: 1.0001801 seconds
[2022-06-13T02:26:56.759+0000][1][safepoint    ] Entering safepoint region: Cleanup
[2022-06-13T02:26:56.760+0000][1][safepoint    ] Leaving safepoint region
[2022-06-13T02:26:56.760+0000][1][safepoint    ] Total time for which application threads were stopped: 0.0010239 seconds, Stopping threads took: 0.0005236 seconds
[2022-06-13T02:26:57.761+0000][1][safepoint    ] Application time: 1.0002798 seconds
[2022-06-13T02:26:57.761+0000][1][safepoint    ] Entering safepoint region: Cleanup
[2022-06-13T02:26:57.761+0000][1][safepoint    ] Leaving safepoint region
[2022-06-13T02:26:57.762+0000][1][safepoint    ] Total time for which application threads were stopped: 0.0004982 seconds, Stopping threads took: 0.0002160 seconds
[2022-06-13T02:26:58.762+0000][1][safepoint    ] Application time: 1.0001558 seconds
[2022-06-13T02:26:58.763+0000][1][safepoint    ] Entering safepoint region: Cleanup
[2022-06-13T02:26:58.763+0000][1][safepoint    ] Leaving safepoint region
[2022-06-13T02:26:58.764+0000][1][safepoint    ] Total time for which application threads were stopped: 0.0009878 seconds, Stopping threads took: 0.0004417 seconds
[2022-06-13T02:26:59.764+0000][1][safepoint    ] Application time: 1.0001032 seconds
[2022-06-13T02:26:59.764+0000][1][safepoint    ] Entering safepoint region: Cleanup
[2022-06-13T02:26:59.765+0000][1][safepoint    ] Leaving safepoint region
[2022-06-13T02:26:59.765+0000][1][safepoint    ] Total time for which application threads were stopped: 0.0005053 seconds, Stopping threads took: 0.0002332 seconds
[2022-06-13T02:27:00.765+0000][1][safepoint    ] Application time: 1.0003335 seconds
[2022-06-13T02:27:00.766+0000][1][safepoint    ] Entering safepoint region: Cleanup
[2022-06-13T02:27:00.767+0000][1][safepoint    ] Leaving safepoint region
[2022-06-13T02:27:00.767+0000][1][safepoint    ] Total time for which application threads were stopped: 0.0009695 seconds, Stopping threads took: 0.0004639 seconds
[2022-06-13T02:27:01.768+0000][1][safepoint    ] Application time: 1.0002097 seconds
[2022-06-13T02:27:01.768+0000][1][safepoint    ] Entering safepoint region: Cleanup
[2022-06-13T02:27:01.768+0000][1][safepoint    ] Leaving safepoint region
[2022-06-13T02:27:01.769+0000][1][safepoint    ] Total time for which application threads were stopped: 0.0006166 seconds, Stopping threads took: 0.0003058 seconds
[2022-06-13T02:27:02.769+0000][1][safepoint    ] Application time: 1.0001901 seconds
[2022-06-13T02:27:02.770+0000][1][safepoint    ] Entering safepoint region: Cleanup
[2022-06-13T02:27:02.770+0000][1][safepoint    ] Leaving safepoint region
[2022-06-13T02:27:02.770+0000][1][safepoint    ] Total time for which application threads were stopped: 0.0007483 seconds, Stopping threads took: 0.0003052 seconds
[2022-06-13T02:27:03.771+0000][1][safepoint    ] Application time: 1.0001523 seconds
[2022-06-13T02:27:03.771+0000][1][safepoint    ] Entering safepoint region: Cleanup
[2022-06-13T02:27:03.772+0000][1][safepoint    ] Leaving safepoint region
[2022-06-13T02:27:03.772+0000][1][safepoint    ] Total time for which application threads were stopped: 0.0005473 seconds, Stopping threads took: 0.0002759 seconds
[2022-06-13T02:27:04.772+0000][1][safepoint    ] Application time: 1.0002773 seconds
[2022-06-13T02:27:04.773+0000][1][safepoint    ] Entering safepoint region: Cleanup
[2022-06-13T02:27:04.773+0000][1][safepoint    ] Leaving safepoint region
[2022-06-13T02:27:04.774+0000][1][safepoint    ] Total time for which application threads were stopped: 0.0011562 seconds, Stopping threads took: 0.0006138 seconds
[2022-06-13T02:27:05.775+0000][1][safepoint    ] Application time: 1.0002964 seconds
[2022-06-13T02:27:05.775+0000][1][safepoint    ] Entering safepoint region: Cleanup
[2022-06-13T02:27:05.776+0000][1][safepoint    ] Leaving safepoint region
[2022-06-13T02:27:05.776+0000][1][safepoint    ] Total time for which application threads were stopped: 0.0009361 seconds, Stopping threads took: 0.0004573 seconds
[2022-06-13T02:27:06.777+0000][1][safepoint    ] Application time: 1.0003212 seconds
[2022-06-13T02:27:06.777+0000][1][safepoint    ] Entering safepoint region: Cleanup
[2022-06-13T02:27:06.778+0000][1][safepoint    ] Leaving safepoint region
[2022-06-13T02:27:06.778+0000][1][safepoint    ] Total time for which application threads were stopped: 0.0007371 seconds, Stopping threads took: 0.0003461 seconds
[2022-06-13T02:27:07.779+0000][1][safepoint    ] Application time: 1.0001698 seconds
[2022-06-13T02:27:07.779+0000][1][safepoint    ] Entering safepoint region: Cleanup
[2022-06-13T02:27:07.779+0000][1][safepoint    ] Leaving safepoint region
[2022-06-13T02:27:07.780+0000][1][safepoint    ] Total time for which application threads were stopped: 0.0008438 seconds, Stopping threads took: 0.0003773 seconds
[2022-06-13T02:27:08.780+0000][1][safepoint    ] Application time: 1.0001921 seconds
[2022-06-13T02:27:08.781+0000][1][safepoint    ] Entering safepoint region: Cleanup
[2022-06-13T02:27:08.782+0000][1][safepoint    ] Leaving safepoint region
[2022-06-13T02:27:08.782+0000][1][safepoint    ] Total time for which application threads were stopped: 0.0009272 seconds, Stopping threads took: 0.0004108 seconds
[2022-06-13T02:27:09.783+0000][1][safepoint    ] Application time: 1.0001809 seconds
[2022-06-13T02:27:09.783+0000][1][safepoint    ] Entering safepoint region: Cleanup
[2022-06-13T02:27:09.784+0000][1][safepoint    ] Leaving safepoint region
[2022-06-13T02:27:09.785+0000][1][safepoint    ] Total time for which application threads were stopped: 0.0014105 seconds, Stopping threads took: 0.0007196 seconds
[2022-06-13T02:27:10.786+0000][1][safepoint    ] Application time: 1.0002786 seconds
[2022-06-13T02:27:10.786+0000][1][safepoint    ] Entering safepoint region: Cleanup
[2022-06-13T02:27:10.786+0000][1][safepoint    ] Leaving safepoint region
[2022-06-13T02:27:10.787+0000][1][safepoint    ] Total time for which application threads were stopped: 0.0008120 seconds, Stopping threads took: 0.0003700 seconds
[2022-06-13T02:27:11.788+0000][1][safepoint    ] Application time: 1.0002577 seconds
[2022-06-13T02:27:11.788+0000][1][safepoint    ] Entering safepoint region: Cleanup
[2022-06-13T02:27:11.789+0000][1][safepoint    ] Leaving safepoint region
[2022-06-13T02:27:11.789+0000][1][safepoint    ] Total time for which application threads were stopped: 0.0008780 seconds, Stopping threads took: 0.0004066 seconds
[2022-06-13T02:27:12.790+0000][1][safepoint    ] Application time: 1.0002382 seconds
[2022-06-13T02:27:12.790+0000][1][safepoint    ] Entering safepoint region: Cleanup
[2022-06-13T02:27:12.790+0000][1][safepoint    ] Leaving safepoint region
[2022-06-13T02:27:12.791+0000][1][safepoint    ] Total time for which application threads were stopped: 0.0006867 seconds, Stopping threads took: 0.0002445 seconds
[2022-06-13T02:27:13.791+0000][1][safepoint    ] Application time: 1.0001482 seconds
[2022-06-13T02:27:13.792+0000][1][safepoint    ] Entering safepoint region: Cleanup
[2022-06-13T02:27:13.792+0000][1][safepoint    ] Leaving safepoint region
[2022-06-13T02:27:13.792+0000][1][safepoint    ] Total time for which application threads were stopped: 0.0008001 seconds, Stopping threads took: 0.0002454 seconds
[2022-06-13T02:27:14.793+0000][1][safepoint    ] Application time: 1.0002249 seconds
[2022-06-13T02:27:14.794+0000][1][safepoint    ] Entering safepoint region: Cleanup
[2022-06-13T02:27:14.795+0000][1][safepoint    ] Leaving safepoint region
[2022-06-13T02:27:14.795+0000][1][safepoint    ] Total time for which application threads were stopped: 0.0012206 seconds, Stopping threads took: 0.0005666 seconds
[2022-06-13T02:27:15.796+0000][1][safepoint    ] Application time: 1.0002106 seconds
[2022-06-13T02:27:15.797+0000][1][safepoint    ] Entering safepoint region: Cleanup
[2022-06-13T02:27:15.797+0000][1][safepoint    ] Leaving safepoint region
[2022-06-13T02:27:15.798+0000][1][safepoint    ] Total time for which application threads were stopped: 0.0010678 seconds, Stopping threads took: 0.0004834 seconds
[2022-06-13T02:27:16.798+0000][1][safepoint    ] Application time: 1.0002240 seconds
[2022-06-13T02:27:16.799+0000][1][safepoint    ] Entering safepoint region: Cleanup
[2022-06-13T02:27:16.799+0000][1][safepoint    ] Leaving safepoint region
[2022-06-13T02:27:16.800+0000][1][safepoint    ] Total time for which application threads were stopped: 0.0009096 seconds, Stopping threads took: 0.0004220 seconds
[2022-06-13T02:27:17.800+0000][1][safepoint    ] Application time: 1.0002069 seconds
[2022-06-13T02:27:17.801+0000][1][safepoint    ] Entering safepoint region: Cleanup
[2022-06-13T02:27:17.801+0000][1][safepoint    ] Leaving safepoint region
[2022-06-13T02:27:17.802+0000][1][safepoint    ] Total time for which application threads were stopped: 0.0008792 seconds, Stopping threads took: 0.0004098 seconds
[2022-06-13T02:27:18.802+0000][1][safepoint    ] Application time: 1.0003158 seconds
[2022-06-13T02:27:18.803+0000][1][safepoint    ] Entering safepoint region: Cleanup
[2022-06-13T02:27:18.804+0000][1][safepoint    ] Leaving safepoint region
[2022-06-13T02:27:18.805+0000][1][safepoint    ] Total time for which application threads were stopped: 0.0014758 seconds, Stopping threads took: 0.0007172 seconds
[2022-06-13T02:27:19.805+0000][1][safepoint    ] Application time: 1.0001278 seconds
[2022-06-13T02:27:19.806+0000][1][safepoint    ] Entering safepoint region: Cleanup
[2022-06-13T02:27:19.806+0000][1][safepoint    ] Leaving safepoint region
[2022-06-13T02:27:19.807+0000][1][safepoint    ] Total time for which application threads were stopped: 0.0008749 seconds, Stopping threads took: 0.0003670 seconds
[2022-06-13T02:27:20.807+0000][1][safepoint    ] Application time: 1.0001915 seconds
[2022-06-13T02:27:20.808+0000][1][safepoint    ] Entering safepoint region: Cleanup
[2022-06-13T02:27:20.809+0000][1][safepoint    ] Leaving safepoint region
[2022-06-13T02:27:20.809+0000][1][safepoint    ] Total time for which application threads were stopped: 0.0011311 seconds, Stopping threads took: 0.0005097 seconds
[2022-06-13T02:27:21.810+0000][1][safepoint    ] Application time: 1.0002212 seconds
[2022-06-13T02:27:21.810+0000][1][safepoint    ] Entering safepoint region: Cleanup
[2022-06-13T02:27:21.811+0000][1][safepoint    ] Leaving safepoint region
[2022-06-13T02:27:21.811+0000][1][safepoint    ] Total time for which application threads were stopped: 0.0010329 seconds, Stopping threads took: 0.0003933 seconds
[2022-06-13T02:27:22.812+0000][1][safepoint    ] Application time: 1.0001941 seconds
[2022-06-13T02:27:22.813+0000][1][safepoint    ] Entering safepoint region: Cleanup
[2022-06-13T02:27:22.813+0000][1][safepoint    ] Leaving safepoint region
[2022-06-13T02:27:22.813+0000][1][safepoint    ] Total time for which application threads were stopped: 0.0007862 seconds, Stopping threads took: 0.0003534 seconds
[2022-06-13T02:27:23.814+0000][1][safepoint    ] Application time: 1.0002150 seconds
[2022-06-13T02:27:23.815+0000][1][safepoint    ] Entering safepoint region: Cleanup
[2022-06-13T02:27:23.816+0000][1][safepoint    ] Leaving safepoint region
[2022-06-13T02:27:23.816+0000][1][safepoint    ] Total time for which application threads were stopped: 0.0014782 seconds, Stopping threads took: 0.0006904 seconds
[2022-06-13T02:27:24.817+0000][1][safepoint    ] Application time: 1.0001631 seconds
[2022-06-13T02:27:24.817+0000][1][safepoint    ] Entering safepoint region: Cleanup
[2022-06-13T02:27:24.818+0000][1][safepoint    ] Leaving safepoint region
[2022-06-13T02:27:24.818+0000][1][safepoint    ] Total time for which application threads were stopped: 0.0009287 seconds, Stopping threads took: 0.0003824 seconds
[2022-06-13T02:27:25.819+0000][1][safepoint    ] Application time: 1.0002478 seconds
[2022-06-13T02:27:25.820+0000][1][safepoint    ] Entering safepoint region: Cleanup
[2022-06-13T02:27:25.820+0000][1][safepoint    ] Leaving safepoint region
[2022-06-13T02:27:25.821+0000][1][safepoint    ] Total time for which application threads were stopped: 0.0009035 seconds, Stopping threads took: 0.0004056 seconds
[2022-06-13T02:27:26.821+0000][1][safepoint    ] Application time: 1.0003474 seconds
[2022-06-13T02:27:26.822+0000][1][safepoint    ] Entering safepoint region: Cleanup
[2022-06-13T02:27:26.823+0000][1][safepoint    ] Leaving safepoint region
[2022-06-13T02:27:26.823+0000][1][safepoint    ] Total time for which application threads were stopped: 0.0012253 seconds, Stopping threads took: 0.0005452 seconds
[2022-06-13T02:27:27.824+0000][1][safepoint    ] Application time: 1.0001569 seconds
[2022-06-13T02:27:27.825+0000][1][safepoint    ] Entering safepoint region: Cleanup
[2022-06-13T02:27:27.825+0000][1][safepoint    ] Leaving safepoint region
[2022-06-13T02:27:27.826+0000][1][safepoint    ] Total time for which application threads were stopped: 0.0010559 seconds, Stopping threads took: 0.0005436 seconds
[2022-06-13T02:27:28.826+0000][1][safepoint    ] Application time: 1.0001796 seconds
[2022-06-13T02:27:28.827+0000][1][safepoint    ] Entering safepoint region: Cleanup
[2022-06-13T02:27:28.827+0000][1][safepoint    ] Leaving safepoint region
[2022-06-13T02:27:28.828+0000][1][safepoint    ] Total time for which application threads were stopped: 0.0007382 seconds, Stopping threads took: 0.0003444 seconds
[2022-06-13T02:27:29.828+0000][1][safepoint    ] Application time: 1.0002241 seconds
[2022-06-13T02:27:29.829+0000][1][safepoint    ] Entering safepoint region: Cleanup
[2022-06-13T02:27:29.830+0000][1][safepoint    ] Leaving safepoint region
[2022-06-13T02:27:29.830+0000][1][safepoint    ] Total time for which application threads were stopped: 0.0011494 seconds, Stopping threads took: 0.0006537 seconds
[2022-06-13T02:27:30.831+0000][1][safepoint    ] Application time: 1.0001638 seconds
[2022-06-13T02:27:30.831+0000][1][safepoint    ] Entering safepoint region: Cleanup
[2022-06-13T02:27:30.831+0000][1][safepoint    ] Leaving safepoint region
[2022-06-13T02:27:30.832+0000][1][safepoint    ] Total time for which application threads were stopped: 0.0008959 seconds, Stopping threads took: 0.0004063 seconds
[2022-06-13T02:27:31.832+0000][1][safepoint    ] Application time: 1.0001588 seconds
[2022-06-13T02:27:31.833+0000][1][safepoint    ] Entering safepoint region: Cleanup
[2022-06-13T02:27:31.833+0000][1][safepoint    ] Leaving safepoint region
[2022-06-13T02:27:31.834+0000][1][safepoint    ] Total time for which application threads were stopped: 0.0006224 seconds, Stopping threads took: 0.0002666 seconds
[2022-06-13T02:27:32.834+0000][1][safepoint    ] Application time: 1.0001431 seconds
[2022-06-13T02:27:32.834+0000][1][safepoint    ] Entering safepoint region: Cleanup
[2022-06-13T02:27:32.835+0000][1][safepoint    ] Leaving safepoint region
[2022-06-13T02:27:32.835+0000][1][safepoint    ] Total time for which application threads were stopped: 0.0006750 seconds, Stopping threads took: 0.0002902 seconds
[2022-06-13T02:27:33.836+0000][1][safepoint    ] Application time: 1.0004169 seconds
[2022-06-13T02:27:33.837+0000][1][safepoint    ] Entering safepoint region: Cleanup
[2022-06-13T02:27:33.837+0000][1][safepoint    ] Leaving safepoint region
[2022-06-13T02:27:33.838+0000][1][safepoint    ] Total time for which application threads were stopped: 0.0015149 seconds, Stopping threads took: 0.0006885 seconds
[2022-06-13T02:27:34.839+0000][1][safepoint    ] Application time: 1.0003101 seconds
[2022-06-13T02:27:34.839+0000][1][safepoint    ] Entering safepoint region: Cleanup
[2022-06-13T02:27:34.840+0000][1][safepoint    ] Leaving safepoint region
[2022-06-13T02:27:34.840+0000][1][safepoint    ] Total time for which application threads were stopped: 0.0007681 seconds, Stopping threads took: 0.0003506 seconds
[2022-06-13T02:27:35.841+0000][1][safepoint    ] Application time: 1.0001863 seconds
[2022-06-13T02:27:35.841+0000][1][safepoint    ] Entering safepoint region: Cleanup
[2022-06-13T02:27:35.842+0000][1][safepoint    ] Leaving safepoint region
[2022-06-13T02:27:35.842+0000][1][safepoint    ] Total time for which application threads were stopped: 0.0009608 seconds, Stopping threads took: 0.0004318 seconds
[2022-06-13T02:27:36.843+0000][1][safepoint    ] Application time: 1.0002047 seconds
[2022-06-13T02:27:36.843+0000][1][safepoint    ] Entering safepoint region: Cleanup
[2022-06-13T02:27:36.844+0000][1][safepoint    ] Leaving safepoint region
[2022-06-13T02:27:36.844+0000][1][safepoint    ] Total time for which application threads were stopped: 0.0009384 seconds, Stopping threads took: 0.0004357 seconds
[2022-06-13T02:27:37.845+0000][1][safepoint    ] Application time: 1.0002028 seconds
[2022-06-13T02:27:37.846+0000][1][safepoint    ] Entering safepoint region: Cleanup
[2022-06-13T02:27:37.846+0000][1][safepoint    ] Leaving safepoint region
[2022-06-13T02:27:37.846+0000][1][safepoint    ] Total time for which application threads were stopped: 0.0008881 seconds, Stopping threads took: 0.0003828 seconds
[2022-06-13T02:27:38.847+0000][1][safepoint    ] Application time: 1.0002165 seconds
[2022-06-13T02:27:38.848+0000][1][safepoint    ] Entering safepoint region: Cleanup
[2022-06-13T02:27:38.848+0000][1][safepoint    ] Leaving safepoint region
[2022-06-13T02:27:38.849+0000][1][safepoint    ] Total time for which application threads were stopped: 0.0010328 seconds, Stopping threads took: 0.0005075 seconds
[2022-06-13T02:27:39.849+0000][1][safepoint    ] Application time: 1.0003151 seconds
[2022-06-13T02:27:39.850+0000][1][safepoint    ] Entering safepoint region: Cleanup
[2022-06-13T02:27:39.850+0000][1][safepoint    ] Leaving safepoint region
[2022-06-13T02:27:39.851+0000][1][safepoint    ] Total time for which application threads were stopped: 0.0007305 seconds, Stopping threads took: 0.0003450 seconds
[2022-06-13T02:27:40.851+0000][1][safepoint    ] Application time: 1.0003655 seconds
[2022-06-13T02:27:40.852+0000][1][safepoint    ] Entering safepoint region: Cleanup
[2022-06-13T02:27:40.853+0000][1][safepoint    ] Leaving safepoint region
[2022-06-13T02:27:40.853+0000][1][safepoint    ] Total time for which application threads were stopped: 0.0012906 seconds, Stopping threads took: 0.0005392 seconds
[2022-06-13T02:27:41.854+0000][1][safepoint    ] Application time: 1.0001535 seconds
[2022-06-13T02:27:41.855+0000][1][safepoint    ] Entering safepoint region: Cleanup
[2022-06-13T02:27:41.855+0000][1][safepoint    ] Leaving safepoint region
[2022-06-13T02:27:41.856+0000][1][safepoint    ] Total time for which application threads were stopped: 0.0007902 seconds, Stopping threads took: 0.0003298 seconds
[2022-06-13T02:27:42.856+0000][1][safepoint    ] Application time: 1.0002921 seconds
[2022-06-13T02:27:42.857+0000][1][safepoint    ] Entering safepoint region: Cleanup
[2022-06-13T02:27:42.857+0000][1][safepoint    ] Leaving safepoint region
[2022-06-13T02:27:42.858+0000][1][safepoint    ] Total time for which application threads were stopped: 0.0010949 seconds, Stopping threads took: 0.0005900 seconds
[2022-06-13T02:27:43.859+0000][1][safepoint    ] Application time: 1.0001919 seconds
[2022-06-13T02:27:43.859+0000][1][safepoint    ] Entering safepoint region: Cleanup
[2022-06-13T02:27:43.860+0000][1][safepoint    ] Leaving safepoint region
[2022-06-13T02:27:43.860+0000][1][safepoint    ] Total time for which application threads were stopped: 0.0008687 seconds, Stopping threads took: 0.0003925 seconds
[2022-06-13T02:27:44.861+0000][1][safepoint    ] Application time: 1.0002586 seconds
[2022-06-13T02:27:44.861+0000][1][safepoint    ] Entering safepoint region: Cleanup
[2022-06-13T02:27:44.862+0000][1][safepoint    ] Leaving safepoint region
[2022-06-13T02:27:44.862+0000][1][safepoint    ] Total time for which application threads were stopped: 0.0006767 seconds, Stopping threads took: 0.0004662 seconds
[2022-06-13T02:27:45.862+0000][1][safepoint    ] Application time: 1.0003133 seconds
[2022-06-13T02:27:45.863+0000][1][safepoint    ] Entering safepoint region: Cleanup
[2022-06-13T02:27:45.863+0000][1][safepoint    ] Leaving safepoint region
[2022-06-13T02:27:45.864+0000][1][safepoint    ] Total time for which application threads were stopped: 0.0009155 seconds, Stopping threads took: 0.0004361 seconds
[2022-06-13T02:27:46.864+0000][1][safepoint    ] Application time: 1.0002002 seconds
[2022-06-13T02:27:46.865+0000][1][safepoint    ] Entering safepoint region: Cleanup
[2022-06-13T02:27:46.865+0000][1][safepoint    ] Leaving safepoint region
[2022-06-13T02:27:46.865+0000][1][safepoint    ] Total time for which application threads were stopped: 0.0004396 seconds, Stopping threads took: 0.0002145 seconds
[2022-06-13T02:27:47.866+0000][1][safepoint    ] Application time: 1.0002096 seconds
[2022-06-13T02:27:47.866+0000][1][safepoint    ] Entering safepoint region: Cleanup
[2022-06-13T02:27:47.867+0000][1][safepoint    ] Leaving safepoint region
[2022-06-13T02:27:47.867+0000][1][safepoint    ] Total time for which application threads were stopped: 0.0008634 seconds, Stopping threads took: 0.0003955 seconds
[2022-06-13T02:27:48.868+0000][1][safepoint    ] Application time: 1.0002366 seconds
[2022-06-13T02:27:48.868+0000][1][safepoint    ] Entering safepoint region: Cleanup
[2022-06-13T02:27:48.869+0000][1][safepoint    ] Leaving safepoint region
[2022-06-13T02:27:48.870+0000][1][safepoint    ] Total time for which application threads were stopped: 0.0012141 seconds, Stopping threads took: 0.0004543 seconds
[2022-06-13T02:27:49.870+0000][1][safepoint    ] Application time: 1.0002089 seconds
[2022-06-13T02:27:49.871+0000][1][safepoint    ] Entering safepoint region: Cleanup
[2022-06-13T02:27:49.871+0000][1][safepoint    ] Leaving safepoint region
[2022-06-13T02:27:49.872+0000][1][safepoint    ] Total time for which application threads were stopped: 0.0010158 seconds, Stopping threads took: 0.0005135 seconds
[2022-06-13T02:27:50.872+0000][1][safepoint    ] Application time: 1.0001671 seconds
[2022-06-13T02:27:50.873+0000][1][safepoint    ] Entering safepoint region: Cleanup
[2022-06-13T02:27:50.873+0000][1][safepoint    ] Leaving safepoint region
[2022-06-13T02:27:50.873+0000][1][safepoint    ] Total time for which application threads were stopped: 0.0003717 seconds, Stopping threads took: 0.0001513 seconds
[2022-06-13T02:27:51.873+0000][1][safepoint    ] Application time: 1.0001082 seconds
[2022-06-13T02:27:51.874+0000][1][safepoint    ] Entering safepoint region: Cleanup
[2022-06-13T02:27:51.874+0000][1][safepoint    ] Leaving safepoint region
[2022-06-13T02:27:51.875+0000][1][safepoint    ] Total time for which application threads were stopped: 0.0009010 seconds, Stopping threads took: 0.0003796 seconds
[2022-06-13T02:27:52.876+0000][1][safepoint    ] Application time: 1.0001925 seconds
[2022-06-13T02:27:52.876+0000][1][safepoint    ] Entering safepoint region: Cleanup
[2022-06-13T02:27:52.877+0000][1][safepoint    ] Leaving safepoint region
[2022-06-13T02:27:52.877+0000][1][safepoint    ] Total time for which application threads were stopped: 0.0010956 seconds, Stopping threads took: 0.0004952 seconds
[2022-06-13T02:27:53.878+0000][1][safepoint    ] Application time: 1.0002472 seconds
[2022-06-13T02:27:53.879+0000][1][safepoint    ] Entering safepoint region: Cleanup
[2022-06-13T02:27:53.879+0000][1][safepoint    ] Leaving safepoint region
[2022-06-13T02:27:53.880+0000][1][safepoint    ] Total time for which application threads were stopped: 0.0010053 seconds, Stopping threads took: 0.0004815 seconds
[2022-06-13T02:27:54.880+0000][1][safepoint    ] Application time: 1.0002344 seconds
[2022-06-13T02:27:54.881+0000][1][safepoint    ] Entering safepoint region: Cleanup
[2022-06-13T02:27:54.881+0000][1][safepoint    ] Leaving safepoint region
[2022-06-13T02:27:54.881+0000][1][safepoint    ] Total time for which application threads were stopped: 0.0005786 seconds, Stopping threads took: 0.0002606 seconds
[2022-06-13T02:27:55.882+0000][1][safepoint    ] Application time: 1.0002658 seconds
[2022-06-13T02:27:55.882+0000][1][safepoint    ] Entering safepoint region: Cleanup
[2022-06-13T02:27:55.883+0000][1][safepoint    ] Leaving safepoint region
[2022-06-13T02:27:55.883+0000][1][safepoint    ] Total time for which application threads were stopped: 0.0010485 seconds, Stopping threads took: 0.0004848 seconds
[2022-06-13T02:27:56.884+0000][1][safepoint    ] Application time: 1.0001791 seconds
[2022-06-13T02:27:56.885+0000][1][safepoint    ] Entering safepoint region: Cleanup
[2022-06-13T02:27:56.885+0000][1][safepoint    ] Leaving safepoint region
[2022-06-13T02:27:56.886+0000][1][safepoint    ] Total time for which application threads were stopped: 0.0009090 seconds, Stopping threads took: 0.0004018 seconds
[2022-06-13T02:27:57.886+0000][1][safepoint    ] Application time: 1.0002024 seconds
[2022-06-13T02:27:57.887+0000][1][safepoint    ] Entering safepoint region: Cleanup
[2022-06-13T02:27:57.888+0000][1][safepoint    ] Leaving safepoint region
[2022-06-13T02:27:57.888+0000][1][safepoint    ] Total time for which application threads were stopped: 0.0011548 seconds, Stopping threads took: 0.0006118 seconds
[2022-06-13T02:27:58.889+0000][1][safepoint    ] Application time: 1.0001081 seconds
[2022-06-13T02:27:58.889+0000][1][safepoint    ] Entering safepoint region: Cleanup
[2022-06-13T02:27:58.890+0000][1][safepoint    ] Leaving safepoint region
[2022-06-13T02:27:58.890+0000][1][safepoint    ] Total time for which application threads were stopped: 0.0010922 seconds, Stopping threads took: 0.0005117 seconds
[2022-06-13T02:27:59.891+0000][1][safepoint    ] Application time: 1.0001217 seconds
[2022-06-13T02:27:59.891+0000][1][safepoint    ] Entering safepoint region: Cleanup
[2022-06-13T02:27:59.892+0000][1][safepoint    ] Leaving safepoint region
[2022-06-13T02:27:59.892+0000][1][safepoint    ] Total time for which application threads were stopped: 0.0010206 seconds, Stopping threads took: 0.0004731 seconds
[2022-06-13T02:28:00.893+0000][1][safepoint    ] Application time: 1.0001863 seconds
[2022-06-13T02:28:00.894+0000][1][safepoint    ] Entering safepoint region: Cleanup
[2022-06-13T02:28:00.894+0000][1][safepoint    ] Leaving safepoint region
[2022-06-13T02:28:00.894+0000][1][safepoint    ] Total time for which application threads were stopped: 0.0006309 seconds, Stopping threads took: 0.0002991 seconds
[2022-06-13T02:28:01.895+0000][1][safepoint    ] Application time: 1.0002426 seconds
[2022-06-13T02:28:01.895+0000][1][safepoint    ] Entering safepoint region: Cleanup
[2022-06-13T02:28:01.896+0000][1][safepoint    ] Leaving safepoint region
[2022-06-13T02:28:01.896+0000][1][safepoint    ] Total time for which application threads were stopped: 0.0010048 seconds, Stopping threads took: 0.0004466 seconds
[2022-06-13T02:28:02.897+0000][1][safepoint    ] Application time: 1.0001141 seconds
[2022-06-13T02:28:02.897+0000][1][safepoint    ] Entering safepoint region: Cleanup
[2022-06-13T02:28:02.898+0000][1][safepoint    ] Leaving safepoint region
[2022-06-13T02:28:02.898+0000][1][safepoint    ] Total time for which application threads were stopped: 0.0009209 seconds, Stopping threads took: 0.0004062 seconds
[2022-06-13T02:28:03.899+0000][1][safepoint    ] Application time: 1.0001225 seconds
[2022-06-13T02:28:03.899+0000][1][safepoint    ] Entering safepoint region: Cleanup
[2022-06-13T02:28:03.900+0000][1][safepoint    ] Leaving safepoint region
[2022-06-13T02:28:03.900+0000][1][safepoint    ] Total time for which application threads were stopped: 0.0009413 seconds, Stopping threads took: 0.0004627 seconds
[2022-06-13T02:28:04.901+0000][1][safepoint    ] Application time: 1.0001870 seconds
[2022-06-13T02:28:04.902+0000][1][safepoint    ] Entering safepoint region: Cleanup
[2022-06-13T02:28:04.902+0000][1][safepoint    ] Leaving safepoint region
[2022-06-13T02:28:04.902+0000][1][safepoint    ] Total time for which application threads were stopped: 0.0008746 seconds, Stopping threads took: 0.0004042 seconds
[2022-06-13T02:28:05.903+0000][1][safepoint    ] Application time: 1.0001329 seconds
[2022-06-13T02:28:05.904+0000][1][safepoint    ] Entering safepoint region: Cleanup
[2022-06-13T02:28:05.904+0000][1][safepoint    ] Leaving safepoint region
[2022-06-13T02:28:05.904+0000][1][safepoint    ] Total time for which application threads were stopped: 0.0009191 seconds, Stopping threads took: 0.0004141 seconds
[2022-06-13T02:28:06.905+0000][1][safepoint    ] Application time: 1.0002721 seconds
[2022-06-13T02:28:06.905+0000][1][safepoint    ] Entering safepoint region: Cleanup
[2022-06-13T02:28:06.906+0000][1][safepoint    ] Leaving safepoint region
[2022-06-13T02:28:06.906+0000][1][safepoint    ] Total time for which application threads were stopped: 0.0006572 seconds, Stopping threads took: 0.0003094 seconds
[2022-06-13T02:28:07.907+0000][1][safepoint    ] Application time: 1.0001585 seconds
[2022-06-13T02:28:07.907+0000][1][safepoint    ] Entering safepoint region: Cleanup
[2022-06-13T02:28:07.907+0000][1][safepoint    ] Leaving safepoint region
[2022-06-13T02:28:07.908+0000][1][safepoint    ] Total time for which application threads were stopped: 0.0008078 seconds, Stopping threads took: 0.0003799 seconds
[2022-06-13T02:28:08.908+0000][1][safepoint    ] Application time: 1.0002179 seconds
[2022-06-13T02:28:08.909+0000][1][safepoint    ] Entering safepoint region: Cleanup
[2022-06-13T02:28:08.909+0000][1][safepoint    ] Leaving safepoint region
[2022-06-13T02:28:08.909+0000][1][safepoint    ] Total time for which application threads were stopped: 0.0007084 seconds, Stopping threads took: 0.0003278 seconds
[2022-06-13T02:28:09.910+0000][1][safepoint    ] Application time: 1.0001972 seconds
[2022-06-13T02:28:09.910+0000][1][safepoint    ] Entering safepoint region: Cleanup
[2022-06-13T02:28:09.911+0000][1][safepoint    ] Leaving safepoint region
[2022-06-13T02:28:09.911+0000][1][safepoint    ] Total time for which application threads were stopped: 0.0008167 seconds, Stopping threads took: 0.0003929 seconds
[2022-06-13T02:28:10.912+0000][1][safepoint    ] Application time: 1.0002006 seconds
[2022-06-13T02:28:10.912+0000][1][safepoint    ] Entering safepoint region: Cleanup
[2022-06-13T02:28:10.913+0000][1][safepoint    ] Leaving safepoint region
[2022-06-13T02:28:10.913+0000][1][safepoint    ] Total time for which application threads were stopped: 0.0008732 seconds, Stopping threads took: 0.0004183 seconds
[2022-06-13T02:28:11.914+0000][1][safepoint    ] Application time: 1.0003244 seconds
[2022-06-13T02:28:11.915+0000][1][safepoint    ] Entering safepoint region: Cleanup
[2022-06-13T02:28:11.915+0000][1][safepoint    ] Leaving safepoint region
[2022-06-13T02:28:11.915+0000][1][safepoint    ] Total time for which application threads were stopped: 0.0008585 seconds, Stopping threads took: 0.0004064 seconds
[2022-06-13T02:28:12.916+0000][1][safepoint    ] Application time: 1.0001421 seconds
[2022-06-13T02:28:12.917+0000][1][safepoint    ] Entering safepoint region: Cleanup
[2022-06-13T02:28:12.917+0000][1][safepoint    ] Leaving safepoint region
[2022-06-13T02:28:12.918+0000][1][safepoint    ] Total time for which application threads were stopped: 0.0010169 seconds, Stopping threads took: 0.0004903 seconds
[2022-06-13T02:28:13.918+0000][1][safepoint    ] Application time: 1.0001958 seconds
[2022-06-13T02:28:13.919+0000][1][safepoint    ] Entering safepoint region: Cleanup
[2022-06-13T02:28:13.920+0000][1][safepoint    ] Leaving safepoint region
[2022-06-13T02:28:13.920+0000][1][safepoint    ] Total time for which application threads were stopped: 0.0009830 seconds, Stopping threads took: 0.0004862 seconds
[2022-06-13T02:28:14.921+0000][1][safepoint    ] Application time: 1.0002612 seconds
[2022-06-13T02:28:14.921+0000][1][safepoint    ] Entering safepoint region: Cleanup
[2022-06-13T02:28:14.922+0000][1][safepoint    ] Leaving safepoint region
[2022-06-13T02:28:14.922+0000][1][safepoint    ] Total time for which application threads were stopped: 0.0008360 seconds, Stopping threads took: 0.0003122 seconds
[2022-06-13T02:28:15.923+0000][1][safepoint    ] Application time: 1.0002674 seconds
[2022-06-13T02:28:15.923+0000][1][safepoint    ] Entering safepoint region: Cleanup
[2022-06-13T02:28:15.923+0000][1][safepoint    ] Leaving safepoint region
[2022-06-13T02:28:15.923+0000][1][safepoint    ] Total time for which application threads were stopped: 0.0003393 seconds, Stopping threads took: 0.0001447 seconds
[2022-06-13T02:28:16.924+0000][1][safepoint    ] Application time: 1.0001926 seconds
[2022-06-13T02:28:16.924+0000][1][safepoint    ] Entering safepoint region: Cleanup
[2022-06-13T02:28:16.924+0000][1][safepoint    ] Leaving safepoint region
[2022-06-13T02:28:16.924+0000][1][safepoint    ] Total time for which application threads were stopped: 0.0006124 seconds, Stopping threads took: 0.0002765 seconds
[2022-06-13T02:28:17.925+0000][1][safepoint    ] Application time: 1.0003399 seconds
[2022-06-13T02:28:17.926+0000][1][safepoint    ] Entering safepoint region: Cleanup
[2022-06-13T02:28:17.926+0000][1][safepoint    ] Leaving safepoint region
[2022-06-13T02:28:17.927+0000][1][safepoint    ] Total time for which application threads were stopped: 0.0009029 seconds, Stopping threads took: 0.0004158 seconds
[2022-06-13T02:28:18.927+0000][1][safepoint    ] Application time: 1.0003277 seconds
[2022-06-13T02:28:18.928+0000][1][safepoint    ] Entering safepoint region: Cleanup
[2022-06-13T02:28:18.928+0000][1][safepoint    ] Leaving safepoint region
[2022-06-13T02:28:18.929+0000][1][safepoint    ] Total time for which application threads were stopped: 0.0009410 seconds, Stopping threads took: 0.0004520 seconds
[2022-06-13T02:28:19.930+0000][1][safepoint    ] Application time: 1.0003486 seconds
[2022-06-13T02:28:19.930+0000][1][safepoint    ] Entering safepoint region: Cleanup
[2022-06-13T02:28:19.931+0000][1][safepoint    ] Leaving safepoint region
[2022-06-13T02:28:19.931+0000][1][safepoint    ] Total time for which application threads were stopped: 0.0009939 seconds, Stopping threads took: 0.0004708 seconds
[2022-06-13T02:28:20.932+0000][1][safepoint    ] Application time: 1.0002864 seconds
[2022-06-13T02:28:20.932+0000][1][safepoint    ] Entering safepoint region: Cleanup
[2022-06-13T02:28:20.933+0000][1][safepoint    ] Leaving safepoint region
[2022-06-13T02:28:20.933+0000][1][safepoint    ] Total time for which application threads were stopped: 0.0010152 seconds, Stopping threads took: 0.0004923 seconds
[2022-06-13T02:28:21.934+0000][1][safepoint    ] Application time: 1.0002081 seconds
[2022-06-13T02:28:21.935+0000][1][safepoint    ] Entering safepoint region: Cleanup
[2022-06-13T02:28:21.935+0000][1][safepoint    ] Leaving safepoint region
[2022-06-13T02:28:21.936+0000][1][safepoint    ] Total time for which application threads were stopped: 0.0008201 seconds, Stopping threads took: 0.0003565 seconds
[2022-06-13T02:28:22.936+0000][1][safepoint    ] Application time: 1.0003534 seconds
[2022-06-13T02:28:22.937+0000][1][safepoint    ] Entering safepoint region: Cleanup
[2022-06-13T02:28:22.937+0000][1][safepoint    ] Leaving safepoint region
[2022-06-13T02:28:22.938+0000][1][safepoint    ] Total time for which application threads were stopped: 0.0009287 seconds, Stopping threads took: 0.0004514 seconds
[2022-06-13T02:28:23.938+0000][1][safepoint    ] Application time: 1.0001925 seconds
[2022-06-13T02:28:23.939+0000][1][safepoint    ] Entering safepoint region: Cleanup
[2022-06-13T02:28:23.939+0000][1][safepoint    ] Leaving safepoint region
[2022-06-13T02:28:23.940+0000][1][safepoint    ] Total time for which application threads were stopped: 0.0008015 seconds, Stopping threads took: 0.0003230 seconds
[2022-06-13T02:28:24.940+0000][1][safepoint    ] Application time: 1.0001810 seconds
[2022-06-13T02:28:24.941+0000][1][safepoint    ] Entering safepoint region: Cleanup
[2022-06-13T02:28:24.941+0000][1][safepoint    ] Leaving safepoint region
[2022-06-13T02:28:24.941+0000][1][safepoint    ] Total time for which application threads were stopped: 0.0005842 seconds, Stopping threads took: 0.0002752 seconds
[2022-06-13T02:28:25.942+0000][1][safepoint    ] Application time: 1.0001813 seconds
[2022-06-13T02:28:25.942+0000][1][safepoint    ] Entering safepoint region: Cleanup
[2022-06-13T02:28:25.942+0000][1][safepoint    ] Leaving safepoint region
[2022-06-13T02:28:25.943+0000][1][safepoint    ] Total time for which application threads were stopped: 0.0008125 seconds, Stopping threads took: 0.0003483 seconds
[2022-06-13T02:28:26.943+0000][1][safepoint    ] Application time: 1.0001903 seconds
[2022-06-13T02:28:26.944+0000][1][safepoint    ] Entering safepoint region: Cleanup
[2022-06-13T02:28:26.944+0000][1][safepoint    ] Leaving safepoint region
[2022-06-13T02:28:26.945+0000][1][safepoint    ] Total time for which application threads were stopped: 0.0007975 seconds, Stopping threads took: 0.0003713 seconds
[2022-06-13T02:28:27.945+0000][1][safepoint    ] Application time: 1.0001944 seconds
[2022-06-13T02:28:27.946+0000][1][safepoint    ] Entering safepoint region: Cleanup
[2022-06-13T02:28:27.946+0000][1][safepoint    ] Leaving safepoint region
[2022-06-13T02:28:27.947+0000][1][safepoint    ] Total time for which application threads were stopped: 0.0008797 seconds, Stopping threads took: 0.0006108 seconds
[2022-06-13T02:28:28.947+0000][1][safepoint    ] Application time: 1.0002061 seconds
[2022-06-13T02:28:28.948+0000][1][safepoint    ] Entering safepoint region: Cleanup
[2022-06-13T02:28:28.948+0000][1][safepoint    ] Leaving safepoint region
[2022-06-13T02:28:28.949+0000][1][safepoint    ] Total time for which application threads were stopped: 0.0009133 seconds, Stopping threads took: 0.0004026 seconds
[2022-06-13T02:28:29.949+0000][1][safepoint    ] Application time: 1.0002018 seconds
[2022-06-13T02:28:29.950+0000][1][safepoint    ] Entering safepoint region: Cleanup
[2022-06-13T02:28:29.950+0000][1][safepoint    ] Leaving safepoint region
[2022-06-13T02:28:29.950+0000][1][safepoint    ] Total time for which application threads were stopped: 0.0005716 seconds, Stopping threads took: 0.0002869 seconds
[2022-06-13T02:28:30.951+0000][1][safepoint    ] Application time: 1.0002321 seconds
[2022-06-13T02:28:30.951+0000][1][safepoint    ] Entering safepoint region: Cleanup
[2022-06-13T02:28:30.952+0000][1][safepoint    ] Leaving safepoint region
[2022-06-13T02:28:30.952+0000][1][safepoint    ] Total time for which application threads were stopped: 0.0010019 seconds, Stopping threads took: 0.0004680 seconds
[2022-06-13T02:28:31.953+0000][1][safepoint    ] Application time: 1.0001965 seconds
[2022-06-13T02:28:31.954+0000][1][safepoint    ] Entering safepoint region: Cleanup
[2022-06-13T02:28:31.954+0000][1][safepoint    ] Leaving safepoint region
[2022-06-13T02:28:31.955+0000][1][safepoint    ] Total time for which application threads were stopped: 0.0009727 seconds, Stopping threads took: 0.0004394 seconds
[2022-06-13T02:28:32.955+0000][1][safepoint    ] Application time: 1.0001735 seconds
[2022-06-13T02:28:32.956+0000][1][safepoint    ] Entering safepoint region: Cleanup
[2022-06-13T02:28:32.956+0000][1][safepoint    ] Leaving safepoint region
[2022-06-13T02:28:32.957+0000][1][safepoint    ] Total time for which application threads were stopped: 0.0008157 seconds, Stopping threads took: 0.0003389 seconds
[2022-06-13T02:28:33.957+0000][1][safepoint    ] Application time: 1.0001740 seconds
[2022-06-13T02:28:33.958+0000][1][safepoint    ] Entering safepoint region: Cleanup
[2022-06-13T02:28:33.958+0000][1][safepoint    ] Leaving safepoint region
[2022-06-13T02:28:33.959+0000][1][safepoint    ] Total time for which application threads were stopped: 0.0009215 seconds, Stopping threads took: 0.0004457 seconds
[2022-06-13T02:28:34.959+0000][1][safepoint    ] Application time: 1.0001572 seconds
[2022-06-13T02:28:34.960+0000][1][safepoint    ] Entering safepoint region: Cleanup
[2022-06-13T02:28:34.960+0000][1][safepoint    ] Leaving safepoint region
[2022-06-13T02:28:34.961+0000][1][safepoint    ] Total time for which application threads were stopped: 0.0009135 seconds, Stopping threads took: 0.0004178 seconds
[2022-06-13T02:28:35.961+0000][1][safepoint    ] Application time: 1.0002617 seconds
[2022-06-13T02:28:35.962+0000][1][safepoint    ] Entering safepoint region: Cleanup
[2022-06-13T02:28:35.963+0000][1][safepoint    ] Leaving safepoint region
[2022-06-13T02:28:35.963+0000][1][safepoint    ] Total time for which application threads were stopped: 0.0009853 seconds, Stopping threads took: 0.0004398 seconds
[2022-06-13T02:28:36.964+0000][1][safepoint    ] Application time: 1.0001303 seconds
[2022-06-13T02:28:36.964+0000][1][safepoint    ] Entering safepoint region: Cleanup
[2022-06-13T02:28:36.965+0000][1][safepoint    ] Leaving safepoint region
[2022-06-13T02:28:36.965+0000][1][safepoint    ] Total time for which application threads were stopped: 0.0010298 seconds, Stopping threads took: 0.0004711 seconds
[2022-06-13T02:28:37.966+0000][1][safepoint    ] Application time: 1.0002575 seconds
[2022-06-13T02:28:37.967+0000][1][safepoint    ] Entering safepoint region: Cleanup
[2022-06-13T02:28:37.967+0000][1][safepoint    ] Leaving safepoint region
[2022-06-13T02:28:37.968+0000][1][safepoint    ] Total time for which application threads were stopped: 0.0011829 seconds, Stopping threads took: 0.0005313 seconds
[2022-06-13T02:28:38.968+0000][1][safepoint    ] Application time: 1.0001974 seconds
[2022-06-13T02:28:38.969+0000][1][safepoint    ] Entering safepoint region: Cleanup
[2022-06-13T02:28:38.970+0000][1][safepoint    ] Leaving safepoint region
[2022-06-13T02:28:38.970+0000][1][safepoint    ] Total time for which application threads were stopped: 0.0008236 seconds, Stopping threads took: 0.0003304 seconds
[2022-06-13T02:28:39.970+0000][1][safepoint    ] Application time: 1.0001932 seconds
[2022-06-13T02:28:39.971+0000][1][safepoint    ] Entering safepoint region: Cleanup
[2022-06-13T02:28:39.972+0000][1][safepoint    ] Leaving safepoint region
[2022-06-13T02:28:39.972+0000][1][safepoint    ] Total time for which application threads were stopped: 0.0010950 seconds, Stopping threads took: 0.0004860 seconds
[2022-06-13T02:28:40.973+0000][1][safepoint    ] Application time: 1.0001883 seconds
[2022-06-13T02:28:40.973+0000][1][safepoint    ] Entering safepoint region: Cleanup
[2022-06-13T02:28:40.974+0000][1][safepoint    ] Leaving safepoint region
[2022-06-13T02:28:40.974+0000][1][safepoint    ] Total time for which application threads were stopped: 0.0009029 seconds, Stopping threads took: 0.0004454 seconds
[2022-06-13T02:28:41.975+0000][1][safepoint    ] Application time: 1.0001800 seconds
[2022-06-13T02:28:41.975+0000][1][safepoint    ] Entering safepoint region: Cleanup
[2022-06-13T02:28:41.976+0000][1][safepoint    ] Leaving safepoint region
[2022-06-13T02:28:41.976+0000][1][safepoint    ] Total time for which application threads were stopped: 0.0008577 seconds, Stopping threads took: 0.0003819 seconds
[2022-06-13T02:28:42.977+0000][1][safepoint    ] Application time: 1.0002386 seconds
[2022-06-13T02:28:42.978+0000][1][safepoint    ] Entering safepoint region: Cleanup
[2022-06-13T02:28:42.978+0000][1][safepoint    ] Leaving safepoint region
[2022-06-13T02:28:42.979+0000][1][safepoint    ] Total time for which application threads were stopped: 0.0007091 seconds, Stopping threads took: 0.0002758 seconds
[2022-06-13T02:28:43.979+0000][1][safepoint    ] Application time: 1.0003322 seconds
[2022-06-13T02:28:43.980+0000][1][safepoint    ] Entering safepoint region: Cleanup
[2022-06-13T02:28:43.981+0000][1][safepoint    ] Leaving safepoint region
[2022-06-13T02:28:43.981+0000][1][safepoint    ] Total time for which application threads were stopped: 0.0009711 seconds, Stopping threads took: 0.0004199 seconds
[2022-06-13T02:28:44.982+0000][1][safepoint    ] Application time: 1.0001593 seconds
[2022-06-13T02:28:44.982+0000][1][safepoint    ] Entering safepoint region: Cleanup
[2022-06-13T02:28:44.983+0000][1][safepoint    ] Leaving safepoint region
[2022-06-13T02:28:44.983+0000][1][safepoint    ] Total time for which application threads were stopped: 0.0010268 seconds, Stopping threads took: 0.0004570 seconds
[2022-06-13T02:28:45.984+0000][1][safepoint    ] Application time: 1.0003361 seconds
[2022-06-13T02:28:45.985+0000][1][safepoint    ] Entering safepoint region: Cleanup
[2022-06-13T02:28:45.985+0000][1][safepoint    ] Leaving safepoint region
[2022-06-13T02:28:45.986+0000][1][safepoint    ] Total time for which application threads were stopped: 0.0009013 seconds, Stopping threads took: 0.0004200 seconds
[2022-06-13T02:28:46.986+0000][1][safepoint    ] Application time: 1.0002404 seconds
[2022-06-13T02:28:46.987+0000][1][safepoint    ] Entering safepoint region: Cleanup
[2022-06-13T02:28:46.987+0000][1][safepoint    ] Leaving safepoint region
[2022-06-13T02:28:46.988+0000][1][safepoint    ] Total time for which application threads were stopped: 0.0009776 seconds, Stopping threads took: 0.0004568 seconds
[2022-06-13T02:28:47.764+0000][1][safepoint    ] Application time: 0.7755476 seconds
[2022-06-13T02:28:47.764+0000][1][safepoint    ] Entering safepoint region: GenCollectForAllocation
[2022-06-13T02:28:47.765+0000][1][gc,start     ] GC(28) Pause Young (Allocation Failure)
[2022-06-13T02:28:47.765+0000][1][gc,task      ] GC(28) Using 5 workers of 13 for evacuation
[2022-06-13T02:28:47.767+0000][1][gc,age       ] GC(28) Desired survivor size 4456448 bytes, new threshold 6 (max threshold 6)
[2022-06-13T02:28:47.768+0000][1][gc,age       ] GC(28) Age table with threshold 6 (max threshold 6)
[2022-06-13T02:28:47.768+0000][1][gc,age       ] GC(28) - age   1:      32696 bytes,      32696 total
[2022-06-13T02:28:47.769+0000][1][gc,age       ] GC(28) - age   2:      29136 bytes,      61832 total
[2022-06-13T02:28:47.769+0000][1][gc,age       ] GC(28) - age   3:      15784 bytes,      77616 total
[2022-06-13T02:28:47.769+0000][1][gc,age       ] GC(28) - age   4:      14688 bytes,      92304 total
[2022-06-13T02:28:47.770+0000][1][gc,age       ] GC(28) - age   5:      31176 bytes,     123480 total
[2022-06-13T02:28:47.770+0000][1][gc,age       ] GC(28) - age   6:      49120 bytes,     172600 total
[2022-06-13T02:28:47.771+0000][1][gc,heap      ] GC(28) ParNew: 73881K->1118K(78656K)
[2022-06-13T02:28:47.771+0000][1][gc,heap      ] GC(28) CMS: 67575K->68154K(174784K)
[2022-06-13T02:28:47.771+0000][1][gc,metaspace ] GC(28) Metaspace: 64250K->64250K(1107968K)
[2022-06-13T02:28:47.771+0000][1][gc           ] GC(28) Pause Young (Allocation Failure) 138M->67M(247M) 6.738ms
[2022-06-13T02:28:47.772+0000][1][gc,cpu       ] GC(28) User=0.00s Sys=0.01s Real=0.01s
[2022-06-13T02:28:47.772+0000][1][safepoint    ] Leaving safepoint region
[2022-06-13T02:28:47.773+0000][1][safepoint    ] Total time for which application threads were stopped: 0.0085874 seconds, Stopping threads took: 0.0005401 seconds
[2022-06-13T02:28:48.773+0000][1][safepoint    ] Application time: 1.0001720 seconds
[2022-06-13T02:28:48.774+0000][1][safepoint    ] Entering safepoint region: Cleanup
[2022-06-13T02:28:48.774+0000][1][safepoint    ] Leaving safepoint region
[2022-06-13T02:28:48.774+0000][1][safepoint    ] Total time for which application threads were stopped: 0.0007480 seconds, Stopping threads took: 0.0003274 seconds
[2022-06-13T02:28:49.775+0000][1][safepoint    ] Application time: 1.0002769 seconds
[2022-06-13T02:28:49.776+0000][1][safepoint    ] Entering safepoint region: Cleanup
[2022-06-13T02:28:49.776+0000][1][safepoint    ] Leaving safepoint region
[2022-06-13T02:28:49.777+0000][1][safepoint    ] Total time for which application threads were stopped: 0.0015024 seconds, Stopping threads took: 0.0006329 seconds
[2022-06-13T02:28:50.778+0000][1][safepoint    ] Application time: 1.0003187 seconds
[2022-06-13T02:28:50.778+0000][1][safepoint    ] Entering safepoint region: Cleanup
[2022-06-13T02:28:50.778+0000][1][safepoint    ] Leaving safepoint region
[2022-06-13T02:28:50.778+0000][1][safepoint    ] Total time for which application threads were stopped: 0.0006112 seconds, Stopping threads took: 0.0002932 seconds
[2022-06-13T02:28:51.779+0000][1][safepoint    ] Application time: 1.0002303 seconds
[2022-06-13T02:28:51.780+0000][1][safepoint    ] Entering safepoint region: Cleanup
[2022-06-13T02:28:51.780+0000][1][safepoint    ] Leaving safepoint region
[2022-06-13T02:28:51.781+0000][1][safepoint    ] Total time for which application threads were stopped: 0.0013053 seconds, Stopping threads took: 0.0005005 seconds
[2022-06-13T02:28:52.781+0000][1][safepoint    ] Application time: 1.0001877 seconds
[2022-06-13T02:28:52.782+0000][1][safepoint    ] Entering safepoint region: Cleanup
[2022-06-13T02:28:52.782+0000][1][safepoint    ] Leaving safepoint region
[2022-06-13T02:28:52.782+0000][1][safepoint    ] Total time for which application threads were stopped: 0.0006609 seconds, Stopping threads took: 0.0003417 seconds
[2022-06-13T02:28:53.783+0000][1][safepoint    ] Application time: 1.0002064 seconds
[2022-06-13T02:28:53.783+0000][1][safepoint    ] Entering safepoint region: Cleanup
[2022-06-13T02:28:53.784+0000][1][safepoint    ] Leaving safepoint region
[2022-06-13T02:28:53.784+0000][1][safepoint    ] Total time for which application threads were stopped: 0.0007340 seconds, Stopping threads took: 0.0002990 seconds
[2022-06-13T02:28:54.785+0000][1][safepoint    ] Application time: 1.0001995 seconds
[2022-06-13T02:28:54.785+0000][1][safepoint    ] Entering safepoint region: Cleanup
[2022-06-13T02:28:54.786+0000][1][safepoint    ] Leaving safepoint region
[2022-06-13T02:28:54.786+0000][1][safepoint    ] Total time for which application threads were stopped: 0.0008902 seconds, Stopping threads took: 0.0005563 seconds
[2022-06-13T02:28:55.787+0000][1][safepoint    ] Application time: 1.0001488 seconds
[2022-06-13T02:28:55.787+0000][1][safepoint    ] Entering safepoint region: Cleanup
[2022-06-13T02:28:55.787+0000][1][safepoint    ] Leaving safepoint region
[2022-06-13T02:28:55.787+0000][1][safepoint    ] Total time for which application threads were stopped: 0.0006698 seconds, Stopping threads took: 0.0002743 seconds
[2022-06-13T02:28:56.788+0000][1][safepoint    ] Application time: 1.0002269 seconds
[2022-06-13T02:28:56.788+0000][1][safepoint    ] Entering safepoint region: Cleanup
[2022-06-13T02:28:56.789+0000][1][safepoint    ] Leaving safepoint region
[2022-06-13T02:28:56.789+0000][1][safepoint    ] Total time for which application threads were stopped: 0.0005701 seconds, Stopping threads took: 0.0002461 seconds
[2022-06-13T02:28:58.786+0000][1][safepoint    ] Application time: 1.9965003 seconds
[2022-06-13T02:28:58.786+0000][1][safepoint    ] Entering safepoint region: Cleanup
[2022-06-13T02:28:58.787+0000][1][safepoint    ] Leaving safepoint region
[2022-06-13T02:28:58.787+0000][1][safepoint    ] Total time for which application threads were stopped: 0.0010547 seconds, Stopping threads took: 0.0004988 seconds
[2022-06-13T02:28:59.788+0000][1][safepoint    ] Application time: 1.0001740 seconds
[2022-06-13T02:28:59.788+0000][1][safepoint    ] Entering safepoint region: Cleanup
[2022-06-13T02:28:59.788+0000][1][safepoint    ] Leaving safepoint region
[2022-06-13T02:28:59.788+0000][1][safepoint    ] Total time for which application threads were stopped: 0.0003003 seconds, Stopping threads took: 0.0001142 seconds
[2022-06-13T02:29:00.789+0000][1][safepoint    ] Application time: 1.0002618 seconds
[2022-06-13T02:29:00.789+0000][1][safepoint    ] Entering safepoint region: Cleanup
[2022-06-13T02:29:00.790+0000][1][safepoint    ] Leaving safepoint region
[2022-06-13T02:29:00.790+0000][1][safepoint    ] Total time for which application threads were stopped: 0.0010688 seconds, Stopping threads took: 0.0005795 seconds
[2022-06-13T02:29:01.791+0000][1][safepoint    ] Application time: 1.0001576 seconds
[2022-06-13T02:29:01.791+0000][1][safepoint    ] Entering safepoint region: Cleanup
[2022-06-13T02:29:01.792+0000][1][safepoint    ] Leaving safepoint region
[2022-06-13T02:29:01.792+0000][1][safepoint    ] Total time for which application threads were stopped: 0.0011653 seconds, Stopping threads took: 0.0004807 seconds
[2022-06-13T02:29:02.793+0000][1][safepoint    ] Application time: 1.0003643 seconds
[2022-06-13T02:29:02.794+0000][1][safepoint    ] Entering safepoint region: Cleanup
[2022-06-13T02:29:02.794+0000][1][safepoint    ] Leaving safepoint region
[2022-06-13T02:29:02.795+0000][1][safepoint    ] Total time for which application threads were stopped: 0.0014885 seconds, Stopping threads took: 0.0005259 seconds
[2022-06-13T02:29:03.795+0000][1][safepoint    ] Application time: 1.0001071 seconds
[2022-06-13T02:29:03.796+0000][1][safepoint    ] Entering safepoint region: Cleanup
[2022-06-13T02:29:03.796+0000][1][safepoint    ] Leaving safepoint region
[2022-06-13T02:29:03.796+0000][1][safepoint    ] Total time for which application threads were stopped: 0.0005794 seconds, Stopping threads took: 0.0002434 seconds
[2022-06-13T02:29:04.797+0000][1][safepoint    ] Application time: 1.0001368 seconds
[2022-06-13T02:29:04.797+0000][1][safepoint    ] Entering safepoint region: Cleanup
[2022-06-13T02:29:04.797+0000][1][safepoint    ] Leaving safepoint region
[2022-06-13T02:29:04.797+0000][1][safepoint    ] Total time for which application threads were stopped: 0.0004701 seconds, Stopping threads took: 0.0002352 seconds
[2022-06-13T02:29:05.798+0000][1][safepoint    ] Application time: 1.0001656 seconds
[2022-06-13T02:29:05.798+0000][1][safepoint    ] Entering safepoint region: Cleanup
[2022-06-13T02:29:05.798+0000][1][safepoint    ] Leaving safepoint region
[2022-06-13T02:29:05.799+0000][1][safepoint    ] Total time for which application threads were stopped: 0.0008237 seconds, Stopping threads took: 0.0003441 seconds
[2022-06-13T02:29:06.799+0000][1][safepoint    ] Application time: 1.0001780 seconds
[2022-06-13T02:29:06.800+0000][1][safepoint    ] Entering safepoint region: Cleanup
[2022-06-13T02:29:06.801+0000][1][safepoint    ] Leaving safepoint region
[2022-06-13T02:29:06.802+0000][1][safepoint    ] Total time for which application threads were stopped: 0.0012995 seconds, Stopping threads took: 0.0005716 seconds
[2022-06-13T02:29:07.802+0000][1][safepoint    ] Application time: 1.0001253 seconds
[2022-06-13T02:29:07.803+0000][1][safepoint    ] Entering safepoint region: Cleanup
[2022-06-13T02:29:07.803+0000][1][safepoint    ] Leaving safepoint region
[2022-06-13T02:29:07.803+0000][1][safepoint    ] Total time for which application threads were stopped: 0.0005029 seconds, Stopping threads took: 0.0002366 seconds
[2022-06-13T02:29:08.803+0000][1][safepoint    ] Application time: 1.0001094 seconds
[2022-06-13T02:29:08.804+0000][1][safepoint    ] Entering safepoint region: Cleanup
[2022-06-13T02:29:08.804+0000][1][safepoint    ] Leaving safepoint region
[2022-06-13T02:29:08.804+0000][1][safepoint    ] Total time for which application threads were stopped: 0.0004229 seconds, Stopping threads took: 0.0002060 seconds
[2022-06-13T02:29:09.804+0000][1][safepoint    ] Application time: 1.0001377 seconds
[2022-06-13T02:29:09.805+0000][1][safepoint    ] Entering safepoint region: Cleanup
[2022-06-13T02:29:09.806+0000][1][safepoint    ] Leaving safepoint region
[2022-06-13T02:29:09.806+0000][1][safepoint    ] Total time for which application threads were stopped: 0.0009850 seconds, Stopping threads took: 0.0004847 seconds
[2022-06-13T02:29:10.807+0000][1][safepoint    ] Application time: 1.0001707 seconds
[2022-06-13T02:29:10.807+0000][1][safepoint    ] Entering safepoint region: Cleanup
[2022-06-13T02:29:10.807+0000][1][safepoint    ] Leaving safepoint region
[2022-06-13T02:29:10.807+0000][1][safepoint    ] Total time for which application threads were stopped: 0.0005385 seconds, Stopping threads took: 0.0003182 seconds
[2022-06-13T02:29:11.808+0000][1][safepoint    ] Application time: 1.0001533 seconds
[2022-06-13T02:29:11.808+0000][1][safepoint    ] Entering safepoint region: Cleanup
[2022-06-13T02:29:11.808+0000][1][safepoint    ] Leaving safepoint region
[2022-06-13T02:29:11.808+0000][1][safepoint    ] Total time for which application threads were stopped: 0.0004613 seconds, Stopping threads took: 0.0001660 seconds
[2022-06-13T02:29:12.809+0000][1][safepoint    ] Application time: 1.0001543 seconds
[2022-06-13T02:29:12.809+0000][1][safepoint    ] Entering safepoint region: Cleanup
[2022-06-13T02:29:12.810+0000][1][safepoint    ] Leaving safepoint region
[2022-06-13T02:29:12.810+0000][1][safepoint    ] Total time for which application threads were stopped: 0.0008315 seconds, Stopping threads took: 0.0004196 seconds
[2022-06-13T02:29:13.810+0000][1][safepoint    ] Application time: 1.0002555 seconds
[2022-06-13T02:29:13.811+0000][1][safepoint    ] Entering safepoint region: Cleanup
[2022-06-13T02:29:13.812+0000][1][safepoint    ] Leaving safepoint region
[2022-06-13T02:29:13.812+0000][1][safepoint    ] Total time for which application threads were stopped: 0.0010848 seconds, Stopping threads took: 0.0005161 seconds
[2022-06-13T02:29:14.813+0000][1][safepoint    ] Application time: 1.0002063 seconds
[2022-06-13T02:29:14.813+0000][1][safepoint    ] Entering safepoint region: Cleanup
[2022-06-13T02:29:14.814+0000][1][safepoint    ] Leaving safepoint region
[2022-06-13T02:29:14.814+0000][1][safepoint    ] Total time for which application threads were stopped: 0.0009027 seconds, Stopping threads took: 0.0004403 seconds
[2022-06-13T02:29:15.814+0000][1][safepoint    ] Application time: 1.0001840 seconds
[2022-06-13T02:29:15.815+0000][1][safepoint    ] Entering safepoint region: Cleanup
[2022-06-13T02:29:15.815+0000][1][safepoint    ] Leaving safepoint region
[2022-06-13T02:29:15.815+0000][1][safepoint    ] Total time for which application threads were stopped: 0.0004961 seconds, Stopping threads took: 0.0002185 seconds
[2022-06-13T02:29:16.816+0000][1][safepoint    ] Application time: 1.0001736 seconds
[2022-06-13T02:29:16.816+0000][1][safepoint    ] Entering safepoint region: Cleanup
[2022-06-13T02:29:16.816+0000][1][safepoint    ] Leaving safepoint region
[2022-06-13T02:29:16.817+0000][1][safepoint    ] Total time for which application threads were stopped: 0.0010104 seconds, Stopping threads took: 0.0004382 seconds
[2022-06-13T02:29:17.817+0000][1][safepoint    ] Application time: 1.0001421 seconds
[2022-06-13T02:29:17.818+0000][1][safepoint    ] Entering safepoint region: Cleanup
[2022-06-13T02:29:17.819+0000][1][safepoint    ] Leaving safepoint region
[2022-06-13T02:29:17.819+0000][1][safepoint    ] Total time for which application threads were stopped: 0.0012063 seconds, Stopping threads took: 0.0006052 seconds
[2022-06-13T02:29:18.820+0000][1][safepoint    ] Application time: 1.0002134 seconds
[2022-06-13T02:29:18.820+0000][1][safepoint    ] Entering safepoint region: Cleanup
[2022-06-13T02:29:18.820+0000][1][safepoint    ] Leaving safepoint region
[2022-06-13T02:29:18.821+0000][1][safepoint    ] Total time for which application threads were stopped: 0.0005813 seconds, Stopping threads took: 0.0002672 seconds
[2022-06-13T02:29:19.821+0000][1][safepoint    ] Application time: 1.0002100 seconds
[2022-06-13T02:29:19.822+0000][1][safepoint    ] Entering safepoint region: Cleanup
[2022-06-13T02:29:19.822+0000][1][safepoint    ] Leaving safepoint region
[2022-06-13T02:29:19.823+0000][1][safepoint    ] Total time for which application threads were stopped: 0.0010433 seconds, Stopping threads took: 0.0004873 seconds
[2022-06-13T02:29:20.823+0000][1][safepoint    ] Application time: 1.0001559 seconds
[2022-06-13T02:29:20.823+0000][1][safepoint    ] Entering safepoint region: Cleanup
[2022-06-13T02:29:20.824+0000][1][safepoint    ] Leaving safepoint region
[2022-06-13T02:29:20.824+0000][1][safepoint    ] Total time for which application threads were stopped: 0.0007645 seconds, Stopping threads took: 0.0003526 seconds
[2022-06-13T02:29:21.824+0000][1][safepoint    ] Application time: 1.0001173 seconds
[2022-06-13T02:29:21.825+0000][1][safepoint    ] Entering safepoint region: Cleanup
[2022-06-13T02:29:21.825+0000][1][safepoint    ] Leaving safepoint region
[2022-06-13T02:29:21.825+0000][1][safepoint    ] Total time for which application threads were stopped: 0.0002591 seconds, Stopping threads took: 0.0001123 seconds
[2022-06-13T02:29:23.392+0000][1][safepoint    ] Application time: 1.5670257 seconds
[2022-06-13T02:29:23.393+0000][1][safepoint    ] Entering safepoint region: Cleanup
[2022-06-13T02:29:23.393+0000][1][safepoint    ] Leaving safepoint region
[2022-06-13T02:29:23.393+0000][1][safepoint    ] Total time for which application threads were stopped: 0.0008077 seconds, Stopping threads took: 0.0003787 seconds
[2022-06-13T02:29:24.394+0000][1][safepoint    ] Application time: 1.0001930 seconds
[2022-06-13T02:29:24.394+0000][1][safepoint    ] Entering safepoint region: Cleanup
[2022-06-13T02:29:24.395+0000][1][safepoint    ] Leaving safepoint region
[2022-06-13T02:29:24.395+0000][1][safepoint    ] Total time for which application threads were stopped: 0.0006702 seconds, Stopping threads took: 0.0003091 seconds
[2022-06-13T02:29:25.395+0000][1][safepoint    ] Application time: 1.0001982 seconds
[2022-06-13T02:29:25.396+0000][1][safepoint    ] Entering safepoint region: Cleanup
[2022-06-13T02:29:25.397+0000][1][safepoint    ] Leaving safepoint region
[2022-06-13T02:29:25.397+0000][1][safepoint    ] Total time for which application threads were stopped: 0.0010531 seconds, Stopping threads took: 0.0006990 seconds
[2022-06-13T02:29:26.398+0000][1][safepoint    ] Application time: 1.0001498 seconds
[2022-06-13T02:29:26.398+0000][1][safepoint    ] Entering safepoint region: Cleanup
[2022-06-13T02:29:26.399+0000][1][safepoint    ] Leaving safepoint region
[2022-06-13T02:29:26.399+0000][1][safepoint    ] Total time for which application threads were stopped: 0.0006833 seconds, Stopping threads took: 0.0003862 seconds
[2022-06-13T02:29:27.399+0000][1][safepoint    ] Application time: 1.0001291 seconds
[2022-06-13T02:29:27.400+0000][1][safepoint    ] Entering safepoint region: Cleanup
[2022-06-13T02:29:27.400+0000][1][safepoint    ] Leaving safepoint region
[2022-06-13T02:29:27.400+0000][1][safepoint    ] Total time for which application threads were stopped: 0.0004206 seconds, Stopping threads took: 0.0001905 seconds
[2022-06-13T02:29:28.400+0000][1][safepoint    ] Application time: 1.0001205 seconds
[2022-06-13T02:29:28.401+0000][1][safepoint    ] Entering safepoint region: Cleanup
[2022-06-13T02:29:28.401+0000][1][safepoint    ] Leaving safepoint region
[2022-06-13T02:29:28.401+0000][1][safepoint    ] Total time for which application threads were stopped: 0.0005544 seconds, Stopping threads took: 0.0002494 seconds
[2022-06-13T02:29:29.402+0000][1][safepoint    ] Application time: 1.0001570 seconds
[2022-06-13T02:29:29.402+0000][1][safepoint    ] Entering safepoint region: Cleanup
[2022-06-13T02:29:29.402+0000][1][safepoint    ] Leaving safepoint region
[2022-06-13T02:29:29.403+0000][1][safepoint    ] Total time for which application threads were stopped: 0.0008212 seconds, Stopping threads took: 0.0003593 seconds
[2022-06-13T02:29:30.403+0000][1][safepoint    ] Application time: 1.0001986 seconds
[2022-06-13T02:29:30.404+0000][1][safepoint    ] Entering safepoint region: Cleanup
[2022-06-13T02:29:30.405+0000][1][safepoint    ] Leaving safepoint region
[2022-06-13T02:29:30.405+0000][1][safepoint    ] Total time for which application threads were stopped: 0.0009271 seconds, Stopping threads took: 0.0005506 seconds
[2022-06-13T02:29:31.405+0000][1][safepoint    ] Application time: 1.0002454 seconds
[2022-06-13T02:29:31.406+0000][1][safepoint    ] Entering safepoint region: Cleanup
[2022-06-13T02:29:31.407+0000][1][safepoint    ] Leaving safepoint region
[2022-06-13T02:29:31.407+0000][1][safepoint    ] Total time for which application threads were stopped: 0.0008960 seconds, Stopping threads took: 0.0004170 seconds
[2022-06-13T02:29:32.407+0000][1][safepoint    ] Application time: 1.0001840 seconds
[2022-06-13T02:29:32.408+0000][1][safepoint    ] Entering safepoint region: Cleanup
[2022-06-13T02:29:32.408+0000][1][safepoint    ] Leaving safepoint region
[2022-06-13T02:29:32.408+0000][1][safepoint    ] Total time for which application threads were stopped: 0.0005103 seconds, Stopping threads took: 0.0002254 seconds
[2022-06-13T02:29:33.409+0000][1][safepoint    ] Application time: 1.0001439 seconds
[2022-06-13T02:29:33.409+0000][1][safepoint    ] Entering safepoint region: Cleanup
[2022-06-13T02:29:33.409+0000][1][safepoint    ] Leaving safepoint region
[2022-06-13T02:29:33.410+0000][1][safepoint    ] Total time for which application threads were stopped: 0.0008390 seconds, Stopping threads took: 0.0002324 seconds
[2022-06-13T02:29:34.410+0000][1][safepoint    ] Application time: 1.0002874 seconds
[2022-06-13T02:29:34.411+0000][1][safepoint    ] Entering safepoint region: Cleanup
[2022-06-13T02:29:34.411+0000][1][safepoint    ] Leaving safepoint region
[2022-06-13T02:29:34.411+0000][1][safepoint    ] Total time for which application threads were stopped: 0.0007365 seconds, Stopping threads took: 0.0002644 seconds
[2022-06-13T02:29:35.412+0000][1][safepoint    ] Application time: 1.0002514 seconds
[2022-06-13T02:29:35.413+0000][1][safepoint    ] Entering safepoint region: Cleanup
[2022-06-13T02:29:35.413+0000][1][safepoint    ] Leaving safepoint region
[2022-06-13T02:29:35.414+0000][1][safepoint    ] Total time for which application threads were stopped: 0.0010048 seconds, Stopping threads took: 0.0005133 seconds
[2022-06-13T02:29:36.415+0000][1][safepoint    ] Application time: 1.0002409 seconds
[2022-06-13T02:29:36.415+0000][1][safepoint    ] Entering safepoint region: Cleanup
[2022-06-13T02:29:36.416+0000][1][safepoint    ] Leaving safepoint region
[2022-06-13T02:29:36.417+0000][1][safepoint    ] Total time for which application threads were stopped: 0.0013450 seconds, Stopping threads took: 0.0006261 seconds
[2022-06-13T02:29:37.417+0000][1][safepoint    ] Application time: 1.0001595 seconds
[2022-06-13T02:29:37.417+0000][1][safepoint    ] Entering safepoint region: Cleanup
[2022-06-13T02:29:37.418+0000][1][safepoint    ] Leaving safepoint region
[2022-06-13T02:29:37.418+0000][1][safepoint    ] Total time for which application threads were stopped: 0.0004666 seconds, Stopping threads took: 0.0001964 seconds
[2022-06-13T02:29:38.418+0000][1][safepoint    ] Application time: 1.0001173 seconds
[2022-06-13T02:29:38.418+0000][1][safepoint    ] Entering safepoint region: Cleanup
[2022-06-13T02:29:38.419+0000][1][safepoint    ] Leaving safepoint region
[2022-06-13T02:29:38.419+0000][1][safepoint    ] Total time for which application threads were stopped: 0.0004129 seconds, Stopping threads took: 0.0001591 seconds
[2022-06-13T02:29:39.419+0000][1][safepoint    ] Application time: 1.0002084 seconds
[2022-06-13T02:29:39.420+0000][1][safepoint    ] Entering safepoint region: Cleanup
[2022-06-13T02:29:39.420+0000][1][safepoint    ] Leaving safepoint region
[2022-06-13T02:29:39.421+0000][1][safepoint    ] Total time for which application threads were stopped: 0.0010359 seconds, Stopping threads took: 0.0004879 seconds
[2022-06-13T02:29:40.421+0000][1][safepoint    ] Application time: 1.0002132 seconds
[2022-06-13T02:29:40.422+0000][1][safepoint    ] Entering safepoint region: Cleanup
[2022-06-13T02:29:40.423+0000][1][safepoint    ] Leaving safepoint region
[2022-06-13T02:29:40.423+0000][1][safepoint    ] Total time for which application threads were stopped: 0.0009359 seconds, Stopping threads took: 0.0004554 seconds
[2022-06-13T02:29:41.424+0000][1][safepoint    ] Application time: 1.0001947 seconds
[2022-06-13T02:29:41.424+0000][1][safepoint    ] Entering safepoint region: Cleanup
[2022-06-13T02:29:41.425+0000][1][safepoint    ] Leaving safepoint region
[2022-06-13T02:29:41.425+0000][1][safepoint    ] Total time for which application threads were stopped: 0.0010134 seconds, Stopping threads took: 0.0005348 seconds
[2022-06-13T02:29:43.391+0000][1][safepoint    ] Application time: 1.9649023 seconds
[2022-06-13T02:29:43.391+0000][1][safepoint    ] Entering safepoint region: Cleanup
[2022-06-13T02:29:43.392+0000][1][safepoint    ] Leaving safepoint region
[2022-06-13T02:29:43.393+0000][1][safepoint    ] Total time for which application threads were stopped: 0.0014117 seconds, Stopping threads took: 0.0006549 seconds
[2022-06-13T02:29:44.394+0000][1][safepoint    ] Application time: 1.0002030 seconds
[2022-06-13T02:29:44.394+0000][1][safepoint    ] Entering safepoint region: Cleanup
[2022-06-13T02:29:44.394+0000][1][safepoint    ] Leaving safepoint region
[2022-06-13T02:29:44.395+0000][1][safepoint    ] Total time for which application threads were stopped: 0.0006435 seconds, Stopping threads took: 0.0003497 seconds
[2022-06-13T02:29:45.395+0000][1][safepoint    ] Application time: 1.0001815 seconds
[2022-06-13T02:29:45.395+0000][1][safepoint    ] Entering safepoint region: Cleanup
[2022-06-13T02:29:45.396+0000][1][safepoint    ] Leaving safepoint region
[2022-06-13T02:29:45.397+0000][1][safepoint    ] Total time for which application threads were stopped: 0.0012234 seconds, Stopping threads took: 0.0004973 seconds
[2022-06-13T02:29:46.398+0000][1][safepoint    ] Application time: 1.0003303 seconds
[2022-06-13T02:29:46.398+0000][1][safepoint    ] Entering safepoint region: Cleanup
[2022-06-13T02:29:46.399+0000][1][safepoint    ] Leaving safepoint region
[2022-06-13T02:29:46.399+0000][1][safepoint    ] Total time for which application threads were stopped: 0.0007184 seconds, Stopping threads took: 0.0003846 seconds
[2022-06-13T02:29:47.399+0000][1][safepoint    ] Application time: 1.0002491 seconds
[2022-06-13T02:29:47.400+0000][1][safepoint    ] Entering safepoint region: Cleanup
[2022-06-13T02:29:47.400+0000][1][safepoint    ] Leaving safepoint region
[2022-06-13T02:29:47.400+0000][1][safepoint    ] Total time for which application threads were stopped: 0.0006691 seconds, Stopping threads took: 0.0003348 seconds
[2022-06-13T02:29:48.401+0000][1][safepoint    ] Application time: 1.0000934 seconds
[2022-06-13T02:29:48.401+0000][1][safepoint    ] Entering safepoint region: Cleanup
[2022-06-13T02:29:48.401+0000][1][safepoint    ] Leaving safepoint region
[2022-06-13T02:29:48.402+0000][1][safepoint    ] Total time for which application threads were stopped: 0.0007764 seconds, Stopping threads took: 0.0004149 seconds
[2022-06-13T02:29:49.402+0000][1][safepoint    ] Application time: 1.0002712 seconds
[2022-06-13T02:29:49.403+0000][1][safepoint    ] Entering safepoint region: Cleanup
[2022-06-13T02:29:49.403+0000][1][safepoint    ] Leaving safepoint region
[2022-06-13T02:29:49.403+0000][1][safepoint    ] Total time for which application threads were stopped: 0.0007427 seconds, Stopping threads took: 0.0003099 seconds
[2022-06-13T02:29:50.404+0000][1][safepoint    ] Application time: 1.0001989 seconds
[2022-06-13T02:29:50.404+0000][1][safepoint    ] Entering safepoint region: Cleanup
[2022-06-13T02:29:50.405+0000][1][safepoint    ] Leaving safepoint region
[2022-06-13T02:29:50.405+0000][1][safepoint    ] Total time for which application threads were stopped: 0.0009332 seconds, Stopping threads took: 0.0004655 seconds
[2022-06-13T02:29:51.406+0000][1][safepoint    ] Application time: 1.0001963 seconds
[2022-06-13T02:29:51.407+0000][1][safepoint    ] Entering safepoint region: Cleanup
[2022-06-13T02:29:51.408+0000][1][safepoint    ] Leaving safepoint region
[2022-06-13T02:29:51.409+0000][1][safepoint    ] Total time for which application threads were stopped: 0.0016222 seconds, Stopping threads took: 0.0008122 seconds
[2022-06-13T02:29:52.410+0000][1][safepoint    ] Application time: 1.0003628 seconds
[2022-06-13T02:29:52.410+0000][1][safepoint    ] Entering safepoint region: Cleanup
[2022-06-13T02:29:52.411+0000][1][safepoint    ] Leaving safepoint region
[2022-06-13T02:29:52.411+0000][1][safepoint    ] Total time for which application threads were stopped: 0.0006198 seconds, Stopping threads took: 0.0003585 seconds
[2022-06-13T02:29:53.411+0000][1][safepoint    ] Application time: 1.0001547 seconds
[2022-06-13T02:29:53.412+0000][1][safepoint    ] Entering safepoint region: Cleanup
[2022-06-13T02:29:53.412+0000][1][safepoint    ] Leaving safepoint region
[2022-06-13T02:29:53.412+0000][1][safepoint    ] Total time for which application threads were stopped: 0.0005476 seconds, Stopping threads took: 0.0002938 seconds
[2022-06-13T02:29:54.413+0000][1][safepoint    ] Application time: 1.0001332 seconds
[2022-06-13T02:29:54.413+0000][1][safepoint    ] Entering safepoint region: Cleanup
[2022-06-13T02:29:54.414+0000][1][safepoint    ] Leaving safepoint region
[2022-06-13T02:29:54.414+0000][1][safepoint    ] Total time for which application threads were stopped: 0.0009040 seconds, Stopping threads took: 0.0004365 seconds
[2022-06-13T02:29:55.414+0000][1][safepoint    ] Application time: 1.0001861 seconds
[2022-06-13T02:29:55.415+0000][1][safepoint    ] Entering safepoint region: Cleanup
[2022-06-13T02:29:55.415+0000][1][safepoint    ] Leaving safepoint region
[2022-06-13T02:29:55.416+0000][1][safepoint    ] Total time for which application threads were stopped: 0.0007792 seconds, Stopping threads took: 0.0004220 seconds
[2022-06-13T02:29:56.416+0000][1][safepoint    ] Application time: 1.0001994 seconds
[2022-06-13T02:29:56.417+0000][1][safepoint    ] Entering safepoint region: Cleanup
[2022-06-13T02:29:56.417+0000][1][safepoint    ] Leaving safepoint region
[2022-06-13T02:29:56.417+0000][1][safepoint    ] Total time for which application threads were stopped: 0.0006500 seconds, Stopping threads took: 0.0003186 seconds
[2022-06-13T02:29:57.418+0000][1][safepoint    ] Application time: 1.0001937 seconds
[2022-06-13T02:29:57.418+0000][1][safepoint    ] Entering safepoint region: Cleanup
[2022-06-13T02:29:57.419+0000][1][safepoint    ] Leaving safepoint region
[2022-06-13T02:29:57.419+0000][1][safepoint    ] Total time for which application threads were stopped: 0.0007492 seconds, Stopping threads took: 0.0003808 seconds
[2022-06-13T02:29:58.420+0000][1][safepoint    ] Application time: 1.0002684 seconds
[2022-06-13T02:29:58.420+0000][1][safepoint    ] Entering safepoint region: Cleanup
[2022-06-13T02:29:58.421+0000][1][safepoint    ] Leaving safepoint region
[2022-06-13T02:29:58.421+0000][1][safepoint    ] Total time for which application threads were stopped: 0.0008147 seconds, Stopping threads took: 0.0003955 seconds
[2022-06-13T02:29:59.422+0000][1][safepoint    ] Application time: 1.0002233 seconds
[2022-06-13T02:29:59.422+0000][1][safepoint    ] Entering safepoint region: Cleanup
[2022-06-13T02:29:59.423+0000][1][safepoint    ] Leaving safepoint region
[2022-06-13T02:29:59.423+0000][1][safepoint    ] Total time for which application threads were stopped: 0.0009719 seconds, Stopping threads took: 0.0005301 seconds
[2022-06-13T02:30:00.424+0000][1][safepoint    ] Application time: 1.0001887 seconds
[2022-06-13T02:30:00.424+0000][1][safepoint    ] Entering safepoint region: Cleanup
[2022-06-13T02:30:00.425+0000][1][safepoint    ] Leaving safepoint region
[2022-06-13T02:30:00.425+0000][1][safepoint    ] Total time for which application threads were stopped: 0.0010660 seconds, Stopping threads took: 0.0005735 seconds
[2022-06-13T02:30:01.426+0000][1][safepoint    ] Application time: 1.0002549 seconds
[2022-06-13T02:30:01.427+0000][1][safepoint    ] Entering safepoint region: Cleanup
[2022-06-13T02:30:01.427+0000][1][safepoint    ] Leaving safepoint region
[2022-06-13T02:30:01.428+0000][1][safepoint    ] Total time for which application threads were stopped: 0.0010695 seconds, Stopping threads took: 0.0004848 seconds
[2022-06-13T02:30:02.428+0000][1][safepoint    ] Application time: 1.0001313 seconds
[2022-06-13T02:30:02.429+0000][1][safepoint    ] Entering safepoint region: Cleanup
[2022-06-13T02:30:02.429+0000][1][safepoint    ] Leaving safepoint region
[2022-06-13T02:30:02.429+0000][1][safepoint    ] Total time for which application threads were stopped: 0.0009092 seconds, Stopping threads took: 0.0004107 seconds
[2022-06-13T02:30:03.430+0000][1][safepoint    ] Application time: 1.0002816 seconds
[2022-06-13T02:30:03.431+0000][1][safepoint    ] Entering safepoint region: Cleanup
[2022-06-13T02:30:03.431+0000][1][safepoint    ] Leaving safepoint region
[2022-06-13T02:30:03.431+0000][1][safepoint    ] Total time for which application threads were stopped: 0.0007164 seconds, Stopping threads took: 0.0003897 seconds
[2022-06-13T02:30:04.432+0000][1][safepoint    ] Application time: 1.0002264 seconds
[2022-06-13T02:30:04.432+0000][1][safepoint    ] Entering safepoint region: Cleanup
[2022-06-13T02:30:04.433+0000][1][safepoint    ] Leaving safepoint region
[2022-06-13T02:30:04.434+0000][1][safepoint    ] Total time for which application threads were stopped: 0.0013379 seconds, Stopping threads took: 0.0006859 seconds
[2022-06-13T02:30:05.434+0000][1][safepoint    ] Application time: 1.0001604 seconds
[2022-06-13T02:30:05.435+0000][1][safepoint    ] Entering safepoint region: Cleanup
[2022-06-13T02:30:05.436+0000][1][safepoint    ] Leaving safepoint region
[2022-06-13T02:30:05.436+0000][1][safepoint    ] Total time for which application threads were stopped: 0.0014166 seconds, Stopping threads took: 0.0007961 seconds
[2022-06-13T02:30:06.437+0000][1][safepoint    ] Application time: 1.0001827 seconds
[2022-06-13T02:30:06.437+0000][1][safepoint    ] Entering safepoint region: Cleanup
[2022-06-13T02:30:06.438+0000][1][safepoint    ] Leaving safepoint region
[2022-06-13T02:30:06.438+0000][1][safepoint    ] Total time for which application threads were stopped: 0.0007602 seconds, Stopping threads took: 0.0003592 seconds
[2022-06-13T02:30:07.439+0000][1][safepoint    ] Application time: 1.0003145 seconds
[2022-06-13T02:30:07.439+0000][1][safepoint    ] Entering safepoint region: Cleanup
[2022-06-13T02:30:07.440+0000][1][safepoint    ] Leaving safepoint region
[2022-06-13T02:30:07.440+0000][1][safepoint    ] Total time for which application threads were stopped: 0.0011620 seconds, Stopping threads took: 0.0005010 seconds
[2022-06-13T02:30:08.441+0000][1][safepoint    ] Application time: 1.0001390 seconds
[2022-06-13T02:30:08.442+0000][1][safepoint    ] Entering safepoint region: Cleanup
[2022-06-13T02:30:08.442+0000][1][safepoint    ] Leaving safepoint region
[2022-06-13T02:30:08.442+0000][1][safepoint    ] Total time for which application threads were stopped: 0.0009480 seconds, Stopping threads took: 0.0004373 seconds
[2022-06-13T02:30:09.443+0000][1][safepoint    ] Application time: 1.0001479 seconds
[2022-06-13T02:30:09.444+0000][1][safepoint    ] Entering safepoint region: Cleanup
[2022-06-13T02:30:09.444+0000][1][safepoint    ] Leaving safepoint region
[2022-06-13T02:30:09.444+0000][1][safepoint    ] Total time for which application threads were stopped: 0.0008204 seconds, Stopping threads took: 0.0003804 seconds
[2022-06-13T02:30:10.445+0000][1][safepoint    ] Application time: 1.0001842 seconds
[2022-06-13T02:30:10.446+0000][1][safepoint    ] Entering safepoint region: Cleanup
[2022-06-13T02:30:10.446+0000][1][safepoint    ] Leaving safepoint region
[2022-06-13T02:30:10.447+0000][1][safepoint    ] Total time for which application threads were stopped: 0.0010789 seconds, Stopping threads took: 0.0005565 seconds
[2022-06-13T02:30:11.447+0000][1][safepoint    ] Application time: 1.0002356 seconds
[2022-06-13T02:30:11.448+0000][1][safepoint    ] Entering safepoint region: Cleanup
[2022-06-13T02:30:11.449+0000][1][safepoint    ] Leaving safepoint region
[2022-06-13T02:30:11.449+0000][1][safepoint    ] Total time for which application threads were stopped: 0.0013827 seconds, Stopping threads took: 0.0006458 seconds
[2022-06-13T02:30:12.450+0000][1][safepoint    ] Application time: 1.0001389 seconds
[2022-06-13T02:30:12.451+0000][1][safepoint    ] Entering safepoint region: Cleanup
[2022-06-13T02:30:12.451+0000][1][safepoint    ] Leaving safepoint region
[2022-06-13T02:30:12.452+0000][1][safepoint    ] Total time for which application threads were stopped: 0.0010487 seconds, Stopping threads took: 0.0004316 seconds
[2022-06-13T02:30:13.452+0000][1][safepoint    ] Application time: 1.0002003 seconds
[2022-06-13T02:30:13.453+0000][1][safepoint    ] Entering safepoint region: Cleanup
[2022-06-13T02:30:13.454+0000][1][safepoint    ] Leaving safepoint region
[2022-06-13T02:30:13.454+0000][1][safepoint    ] Total time for which application threads were stopped: 0.0013202 seconds, Stopping threads took: 0.0007255 seconds
[2022-06-13T02:30:14.455+0000][1][safepoint    ] Application time: 1.0002434 seconds
[2022-06-13T02:30:14.455+0000][1][safepoint    ] Entering safepoint region: Cleanup
[2022-06-13T02:30:14.456+0000][1][safepoint    ] Leaving safepoint region
[2022-06-13T02:30:14.456+0000][1][safepoint    ] Total time for which application threads were stopped: 0.0010417 seconds, Stopping threads took: 0.0005588 seconds
[2022-06-13T02:30:15.457+0000][1][safepoint    ] Application time: 1.0003024 seconds
[2022-06-13T02:30:15.458+0000][1][safepoint    ] Entering safepoint region: Cleanup
[2022-06-13T02:30:15.458+0000][1][safepoint    ] Leaving safepoint region
[2022-06-13T02:30:15.459+0000][1][safepoint    ] Total time for which application threads were stopped: 0.0009109 seconds, Stopping threads took: 0.0004806 seconds
[2022-06-13T02:30:16.459+0000][1][safepoint    ] Application time: 1.0001039 seconds
[2022-06-13T02:30:16.459+0000][1][safepoint    ] Entering safepoint region: Cleanup
[2022-06-13T02:30:16.459+0000][1][safepoint    ] Leaving safepoint region
[2022-06-13T02:30:16.459+0000][1][safepoint    ] Total time for which application threads were stopped: 0.0002776 seconds, Stopping threads took: 0.0001193 seconds
[2022-06-13T02:30:17.460+0000][1][safepoint    ] Application time: 1.0001337 seconds
[2022-06-13T02:30:17.460+0000][1][safepoint    ] Entering safepoint region: Cleanup
[2022-06-13T02:30:17.460+0000][1][safepoint    ] Leaving safepoint region
[2022-06-13T02:30:17.461+0000][1][safepoint    ] Total time for which application threads were stopped: 0.0005516 seconds, Stopping threads took: 0.0002293 seconds
[2022-06-13T02:30:18.461+0000][1][safepoint    ] Application time: 1.0001909 seconds
[2022-06-13T02:30:18.461+0000][1][safepoint    ] Entering safepoint region: Cleanup
[2022-06-13T02:30:18.462+0000][1][safepoint    ] Leaving safepoint region
[2022-06-13T02:30:18.462+0000][1][safepoint    ] Total time for which application threads were stopped: 0.0006039 seconds, Stopping threads took: 0.0002612 seconds
[2022-06-13T02:30:19.463+0000][1][safepoint    ] Application time: 1.0003283 seconds
[2022-06-13T02:30:19.463+0000][1][safepoint    ] Entering safepoint region: Cleanup
[2022-06-13T02:30:19.464+0000][1][safepoint    ] Leaving safepoint region
[2022-06-13T02:30:19.464+0000][1][safepoint    ] Total time for which application threads were stopped: 0.0010169 seconds, Stopping threads took: 0.0005396 seconds
[2022-06-13T02:30:20.465+0000][1][safepoint    ] Application time: 1.0001952 seconds
[2022-06-13T02:30:20.465+0000][1][safepoint    ] Entering safepoint region: Cleanup
[2022-06-13T02:30:20.466+0000][1][safepoint    ] Leaving safepoint region
[2022-06-13T02:30:20.466+0000][1][safepoint    ] Total time for which application threads were stopped: 0.0009281 seconds, Stopping threads took: 0.0004274 seconds
[2022-06-13T02:30:21.467+0000][1][safepoint    ] Application time: 1.0003403 seconds
[2022-06-13T02:30:21.467+0000][1][safepoint    ] Entering safepoint region: Cleanup
[2022-06-13T02:30:21.468+0000][1][safepoint    ] Leaving safepoint region
[2022-06-13T02:30:21.468+0000][1][safepoint    ] Total time for which application threads were stopped: 0.0005801 seconds, Stopping threads took: 0.0002424 seconds
[2022-06-13T02:30:22.468+0000][1][safepoint    ] Application time: 1.0002473 seconds
[2022-06-13T02:30:22.469+0000][1][safepoint    ] Entering safepoint region: Cleanup
[2022-06-13T02:30:22.469+0000][1][safepoint    ] Leaving safepoint region
[2022-06-13T02:30:22.470+0000][1][safepoint    ] Total time for which application threads were stopped: 0.0009420 seconds, Stopping threads took: 0.0004644 seconds
[2022-06-13T02:30:23.470+0000][1][safepoint    ] Application time: 1.0002371 seconds
[2022-06-13T02:30:23.471+0000][1][safepoint    ] Entering safepoint region: Cleanup
[2022-06-13T02:30:23.471+0000][1][safepoint    ] Leaving safepoint region
[2022-06-13T02:30:23.471+0000][1][safepoint    ] Total time for which application threads were stopped: 0.0005255 seconds, Stopping threads took: 0.0002383 seconds
[2022-06-13T02:30:24.472+0000][1][safepoint    ] Application time: 1.0002375 seconds
[2022-06-13T02:30:24.472+0000][1][safepoint    ] Entering safepoint region: Cleanup
[2022-06-13T02:30:24.473+0000][1][safepoint    ] Leaving safepoint region
[2022-06-13T02:30:24.473+0000][1][safepoint    ] Total time for which application threads were stopped: 0.0010677 seconds, Stopping threads took: 0.0004863 seconds
[2022-06-13T02:30:25.474+0000][1][safepoint    ] Application time: 1.0001286 seconds
[2022-06-13T02:30:25.474+0000][1][safepoint    ] Entering safepoint region: Cleanup
[2022-06-13T02:30:25.475+0000][1][safepoint    ] Leaving safepoint region
[2022-06-13T02:30:25.475+0000][1][safepoint    ] Total time for which application threads were stopped: 0.0009218 seconds, Stopping threads took: 0.0004023 seconds
[2022-06-13T02:30:26.476+0000][1][safepoint    ] Application time: 1.0002095 seconds
[2022-06-13T02:30:26.477+0000][1][safepoint    ] Entering safepoint region: Cleanup
[2022-06-13T02:30:26.477+0000][1][safepoint    ] Leaving safepoint region
[2022-06-13T02:30:26.477+0000][1][safepoint    ] Total time for which application threads were stopped: 0.0008950 seconds, Stopping threads took: 0.0004126 seconds
[2022-06-13T02:30:27.478+0000][1][safepoint    ] Application time: 1.0003136 seconds
[2022-06-13T02:30:27.479+0000][1][safepoint    ] Entering safepoint region: Cleanup
[2022-06-13T02:30:27.479+0000][1][safepoint    ] Leaving safepoint region
[2022-06-13T02:30:27.480+0000][1][safepoint    ] Total time for which application threads were stopped: 0.0010828 seconds, Stopping threads took: 0.0004948 seconds
[2022-06-13T02:30:28.481+0000][1][safepoint    ] Application time: 1.0002417 seconds
[2022-06-13T02:30:28.481+0000][1][safepoint    ] Entering safepoint region: Cleanup
[2022-06-13T02:30:28.482+0000][1][safepoint    ] Leaving safepoint region
[2022-06-13T02:30:28.482+0000][1][safepoint    ] Total time for which application threads were stopped: 0.0009160 seconds, Stopping threads took: 0.0004634 seconds
[2022-06-13T02:30:29.483+0000][1][safepoint    ] Application time: 1.0002005 seconds
[2022-06-13T02:30:29.483+0000][1][safepoint    ] Entering safepoint region: Cleanup
[2022-06-13T02:30:29.483+0000][1][safepoint    ] Leaving safepoint region
[2022-06-13T02:30:29.484+0000][1][safepoint    ] Total time for which application threads were stopped: 0.0005083 seconds, Stopping threads took: 0.0002154 seconds
[2022-06-13T02:30:30.484+0000][1][safepoint    ] Application time: 1.0001610 seconds
[2022-06-13T02:30:30.484+0000][1][safepoint    ] Entering safepoint region: Cleanup
[2022-06-13T02:30:30.485+0000][1][safepoint    ] Leaving safepoint region
[2022-06-13T02:30:30.485+0000][1][safepoint    ] Total time for which application threads were stopped: 0.0004217 seconds, Stopping threads took: 0.0001790 seconds
[2022-06-13T02:30:31.485+0000][1][safepoint    ] Application time: 1.0001062 seconds
[2022-06-13T02:30:31.485+0000][1][safepoint    ] Entering safepoint region: Cleanup
[2022-06-13T02:30:31.486+0000][1][safepoint    ] Leaving safepoint region
[2022-06-13T02:30:31.486+0000][1][safepoint    ] Total time for which application threads were stopped: 0.0006574 seconds, Stopping threads took: 0.0003072 seconds
[2022-06-13T02:30:32.486+0000][1][safepoint    ] Application time: 1.0002317 seconds
[2022-06-13T02:30:32.487+0000][1][safepoint    ] Entering safepoint region: Cleanup
[2022-06-13T02:30:32.488+0000][1][safepoint    ] Leaving safepoint region
[2022-06-13T02:30:32.488+0000][1][safepoint    ] Total time for which application threads were stopped: 0.0008296 seconds, Stopping threads took: 0.0004267 seconds
[2022-06-13T02:30:33.489+0000][1][safepoint    ] Application time: 1.0002029 seconds
[2022-06-13T02:30:33.489+0000][1][safepoint    ] Entering safepoint region: Cleanup
[2022-06-13T02:30:33.489+0000][1][safepoint    ] Leaving safepoint region
[2022-06-13T02:30:33.490+0000][1][safepoint    ] Total time for which application threads were stopped: 0.0005674 seconds, Stopping threads took: 0.0002124 seconds
[2022-06-13T02:30:34.490+0000][1][safepoint    ] Application time: 1.0002677 seconds
[2022-06-13T02:30:34.491+0000][1][safepoint    ] Entering safepoint region: Cleanup
[2022-06-13T02:30:34.491+0000][1][safepoint    ] Leaving safepoint region
[2022-06-13T02:30:34.492+0000][1][safepoint    ] Total time for which application threads were stopped: 0.0011599 seconds, Stopping threads took: 0.0004446 seconds
[2022-06-13T02:30:35.492+0000][1][safepoint    ] Application time: 1.0001761 seconds
[2022-06-13T02:30:35.493+0000][1][safepoint    ] Entering safepoint region: Cleanup
[2022-06-13T02:30:35.493+0000][1][safepoint    ] Leaving safepoint region
[2022-06-13T02:30:35.493+0000][1][safepoint    ] Total time for which application threads were stopped: 0.0004687 seconds, Stopping threads took: 0.0002123 seconds
[2022-06-13T02:30:36.494+0000][1][safepoint    ] Application time: 1.0001725 seconds
[2022-06-13T02:30:36.494+0000][1][safepoint    ] Entering safepoint region: Cleanup
[2022-06-13T02:30:36.495+0000][1][safepoint    ] Leaving safepoint region
[2022-06-13T02:30:36.495+0000][1][safepoint    ] Total time for which application threads were stopped: 0.0007043 seconds, Stopping threads took: 0.0003469 seconds
[2022-06-13T02:30:37.495+0000][1][safepoint    ] Application time: 1.0002607 seconds
[2022-06-13T02:30:37.496+0000][1][safepoint    ] Entering safepoint region: Cleanup
[2022-06-13T02:30:37.496+0000][1][safepoint    ] Leaving safepoint region
[2022-06-13T02:30:37.497+0000][1][safepoint    ] Total time for which application threads were stopped: 0.0008081 seconds, Stopping threads took: 0.0003900 seconds
[2022-06-13T02:30:38.497+0000][1][safepoint    ] Application time: 1.0002029 seconds
[2022-06-13T02:30:38.498+0000][1][safepoint    ] Entering safepoint region: Cleanup
[2022-06-13T02:30:38.499+0000][1][safepoint    ] Leaving safepoint region
[2022-06-13T02:30:38.499+0000][1][safepoint    ] Total time for which application threads were stopped: 0.0008651 seconds, Stopping threads took: 0.0004171 seconds
[2022-06-13T02:30:39.499+0000][1][safepoint    ] Application time: 1.0001167 seconds
[2022-06-13T02:30:39.500+0000][1][safepoint    ] Entering safepoint region: Cleanup
[2022-06-13T02:30:39.501+0000][1][safepoint    ] Leaving safepoint region
[2022-06-13T02:30:39.501+0000][1][safepoint    ] Total time for which application threads were stopped: 0.0009996 seconds, Stopping threads took: 0.0004385 seconds
[2022-06-13T02:30:40.502+0000][1][safepoint    ] Application time: 1.0002510 seconds
[2022-06-13T02:30:40.502+0000][1][safepoint    ] Entering safepoint region: Cleanup
[2022-06-13T02:30:40.503+0000][1][safepoint    ] Leaving safepoint region
[2022-06-13T02:30:40.503+0000][1][safepoint    ] Total time for which application threads were stopped: 0.0008051 seconds, Stopping threads took: 0.0002916 seconds
[2022-06-13T02:30:41.504+0000][1][safepoint    ] Application time: 1.0001845 seconds
[2022-06-13T02:30:41.504+0000][1][safepoint    ] Entering safepoint region: Cleanup
[2022-06-13T02:30:41.504+0000][1][safepoint    ] Leaving safepoint region
[2022-06-13T02:30:41.505+0000][1][safepoint    ] Total time for which application threads were stopped: 0.0005223 seconds, Stopping threads took: 0.0001403 seconds
[2022-06-13T02:30:42.505+0000][1][safepoint    ] Application time: 1.0001884 seconds
[2022-06-13T02:30:42.505+0000][1][safepoint    ] Entering safepoint region: Cleanup
[2022-06-13T02:30:42.506+0000][1][safepoint    ] Leaving safepoint region
[2022-06-13T02:30:42.506+0000][1][safepoint    ] Total time for which application threads were stopped: 0.0008509 seconds, Stopping threads took: 0.0005907 seconds
[2022-06-13T02:30:43.507+0000][1][safepoint    ] Application time: 1.0001845 seconds
[2022-06-13T02:30:43.507+0000][1][safepoint    ] Entering safepoint region: Cleanup
[2022-06-13T02:30:43.507+0000][1][safepoint    ] Leaving safepoint region
[2022-06-13T02:30:43.507+0000][1][safepoint    ] Total time for which application threads were stopped: 0.0002723 seconds, Stopping threads took: 0.0001096 seconds
[2022-06-13T02:30:44.508+0000][1][safepoint    ] Application time: 1.0001198 seconds
[2022-06-13T02:30:44.508+0000][1][safepoint    ] Entering safepoint region: Cleanup
[2022-06-13T02:30:44.508+0000][1][safepoint    ] Leaving safepoint region
[2022-06-13T02:30:44.508+0000][1][safepoint    ] Total time for which application threads were stopped: 0.0005135 seconds, Stopping threads took: 0.0001995 seconds
[2022-06-13T02:30:45.509+0000][1][safepoint    ] Application time: 1.0001134 seconds
[2022-06-13T02:30:45.509+0000][1][safepoint    ] Entering safepoint region: Cleanup
[2022-06-13T02:30:45.509+0000][1][safepoint    ] Leaving safepoint region
[2022-06-13T02:30:45.509+0000][1][safepoint    ] Total time for which application threads were stopped: 0.0004520 seconds, Stopping threads took: 0.0001974 seconds
[2022-06-13T02:30:46.510+0000][1][safepoint    ] Application time: 1.0001123 seconds
[2022-06-13T02:30:46.510+0000][1][safepoint    ] Entering safepoint region: Cleanup
[2022-06-13T02:30:46.510+0000][1][safepoint    ] Leaving safepoint region
[2022-06-13T02:30:46.511+0000][1][safepoint    ] Total time for which application threads were stopped: 0.0005680 seconds, Stopping threads took: 0.0002339 seconds
[2022-06-13T02:30:47.511+0000][1][safepoint    ] Application time: 1.0002673 seconds
[2022-06-13T02:30:47.511+0000][1][safepoint    ] Entering safepoint region: Cleanup
[2022-06-13T02:30:47.512+0000][1][safepoint    ] Leaving safepoint region
[2022-06-13T02:30:47.512+0000][1][safepoint    ] Total time for which application threads were stopped: 0.0005377 seconds, Stopping threads took: 0.0002404 seconds
[2022-06-13T02:30:48.512+0000][1][safepoint    ] Application time: 1.0001026 seconds
[2022-06-13T02:30:48.513+0000][1][safepoint    ] Entering safepoint region: Cleanup
[2022-06-13T02:30:48.513+0000][1][safepoint    ] Leaving safepoint region
[2022-06-13T02:30:48.513+0000][1][safepoint    ] Total time for which application threads were stopped: 0.0005454 seconds, Stopping threads took: 0.0002881 seconds
[2022-06-13T02:30:49.513+0000][1][safepoint    ] Application time: 1.0002165 seconds
[2022-06-13T02:30:49.515+0000][1][safepoint    ] Entering safepoint region: Cleanup
[2022-06-13T02:30:49.515+0000][1][safepoint    ] Leaving safepoint region
[2022-06-13T02:30:49.516+0000][1][safepoint    ] Total time for which application threads were stopped: 0.0011839 seconds, Stopping threads took: 0.0006178 seconds
[2022-06-13T02:30:50.516+0000][1][safepoint    ] Application time: 1.0001838 seconds
[2022-06-13T02:30:50.517+0000][1][safepoint    ] Entering safepoint region: Cleanup
[2022-06-13T02:30:50.518+0000][1][safepoint    ] Leaving safepoint region
[2022-06-13T02:30:50.518+0000][1][safepoint    ] Total time for which application threads were stopped: 0.0009950 seconds, Stopping threads took: 0.0005038 seconds
[2022-06-13T02:30:51.519+0000][1][safepoint    ] Application time: 1.0003418 seconds
[2022-06-13T02:30:51.519+0000][1][safepoint    ] Entering safepoint region: Cleanup
[2022-06-13T02:30:51.520+0000][1][safepoint    ] Leaving safepoint region
[2022-06-13T02:30:51.520+0000][1][safepoint    ] Total time for which application threads were stopped: 0.0008000 seconds, Stopping threads took: 0.0004699 seconds
[2022-06-13T02:30:52.521+0000][1][safepoint    ] Application time: 1.0002333 seconds
[2022-06-13T02:30:52.521+0000][1][safepoint    ] Entering safepoint region: Cleanup
[2022-06-13T02:30:52.522+0000][1][safepoint    ] Leaving safepoint region
[2022-06-13T02:30:52.522+0000][1][safepoint    ] Total time for which application threads were stopped: 0.0010148 seconds, Stopping threads took: 0.0004887 seconds
[2022-06-13T02:30:53.523+0000][1][safepoint    ] Application time: 1.0001943 seconds
[2022-06-13T02:30:53.523+0000][1][safepoint    ] Entering safepoint region: Cleanup
[2022-06-13T02:30:53.523+0000][1][safepoint    ] Leaving safepoint region
[2022-06-13T02:30:53.524+0000][1][safepoint    ] Total time for which application threads were stopped: 0.0005250 seconds, Stopping threads took: 0.0001993 seconds
[2022-06-13T02:30:54.524+0000][1][safepoint    ] Application time: 1.0002005 seconds
[2022-06-13T02:30:54.525+0000][1][safepoint    ] Entering safepoint region: Cleanup
[2022-06-13T02:30:54.525+0000][1][safepoint    ] Leaving safepoint region
[2022-06-13T02:30:54.526+0000][1][safepoint    ] Total time for which application threads were stopped: 0.0009576 seconds, Stopping threads took: 0.0004367 seconds
[2022-06-13T02:30:55.526+0000][1][safepoint    ] Application time: 1.0002407 seconds
[2022-06-13T02:30:55.527+0000][1][safepoint    ] Entering safepoint region: Cleanup
[2022-06-13T02:30:55.527+0000][1][safepoint    ] Leaving safepoint region
[2022-06-13T02:30:55.528+0000][1][safepoint    ] Total time for which application threads were stopped: 0.0008014 seconds, Stopping threads took: 0.0003081 seconds
[2022-06-13T02:30:56.528+0000][1][safepoint    ] Application time: 1.0001819 seconds
[2022-06-13T02:30:56.529+0000][1][safepoint    ] Entering safepoint region: Cleanup
[2022-06-13T02:30:56.529+0000][1][safepoint    ] Leaving safepoint region
[2022-06-13T02:30:56.529+0000][1][safepoint    ] Total time for which application threads were stopped: 0.0004855 seconds, Stopping threads took: 0.0001953 seconds
[2022-06-13T02:30:57.529+0000][1][safepoint    ] Application time: 1.0001661 seconds
[2022-06-13T02:30:57.530+0000][1][safepoint    ] Entering safepoint region: Cleanup
[2022-06-13T02:30:57.530+0000][1][safepoint    ] Leaving safepoint region
[2022-06-13T02:30:57.531+0000][1][safepoint    ] Total time for which application threads were stopped: 0.0006786 seconds, Stopping threads took: 0.0002922 seconds
[2022-06-13T02:30:58.531+0000][1][safepoint    ] Application time: 1.0002027 seconds
[2022-06-13T02:30:58.531+0000][1][safepoint    ] Entering safepoint region: Cleanup
[2022-06-13T02:30:58.532+0000][1][safepoint    ] Leaving safepoint region
[2022-06-13T02:30:58.532+0000][1][safepoint    ] Total time for which application threads were stopped: 0.0009362 seconds, Stopping threads took: 0.0004968 seconds
[2022-06-13T02:30:59.533+0000][1][safepoint    ] Application time: 1.0004748 seconds
[2022-06-13T02:30:59.534+0000][1][safepoint    ] Entering safepoint region: Cleanup
[2022-06-13T02:30:59.534+0000][1][safepoint    ] Leaving safepoint region
[2022-06-13T02:30:59.534+0000][1][safepoint    ] Total time for which application threads were stopped: 0.0007857 seconds, Stopping threads took: 0.0004815 seconds
[2022-06-13T02:31:00.535+0000][1][safepoint    ] Application time: 1.0001701 seconds
[2022-06-13T02:31:00.535+0000][1][safepoint    ] Entering safepoint region: Cleanup
[2022-06-13T02:31:00.536+0000][1][safepoint    ] Leaving safepoint region
[2022-06-13T02:31:00.536+0000][1][safepoint    ] Total time for which application threads were stopped: 0.0008687 seconds, Stopping threads took: 0.0003894 seconds
[2022-06-13T02:31:01.537+0000][1][safepoint    ] Application time: 1.0002562 seconds
[2022-06-13T02:31:01.538+0000][1][safepoint    ] Entering safepoint region: Cleanup
[2022-06-13T02:31:01.538+0000][1][safepoint    ] Leaving safepoint region
[2022-06-13T02:31:01.539+0000][1][safepoint    ] Total time for which application threads were stopped: 0.0015686 seconds, Stopping threads took: 0.0006873 seconds
[2022-06-13T02:31:02.540+0000][1][safepoint    ] Application time: 1.0001352 seconds
[2022-06-13T02:31:02.540+0000][1][safepoint    ] Entering safepoint region: Cleanup
[2022-06-13T02:31:02.540+0000][1][safepoint    ] Leaving safepoint region
[2022-06-13T02:31:02.540+0000][1][safepoint    ] Total time for which application threads were stopped: 0.0003723 seconds, Stopping threads took: 0.0001663 seconds
[2022-06-13T02:31:03.541+0000][1][safepoint    ] Application time: 1.0001599 seconds
[2022-06-13T02:31:03.541+0000][1][safepoint    ] Entering safepoint region: Cleanup
[2022-06-13T02:31:03.542+0000][1][safepoint    ] Leaving safepoint region
[2022-06-13T02:31:03.542+0000][1][safepoint    ] Total time for which application threads were stopped: 0.0012055 seconds, Stopping threads took: 0.0004861 seconds
[2022-06-13T02:31:04.543+0000][1][safepoint    ] Application time: 1.0002145 seconds
[2022-06-13T02:31:04.544+0000][1][safepoint    ] Entering safepoint region: Cleanup
[2022-06-13T02:31:04.544+0000][1][safepoint    ] Leaving safepoint region
[2022-06-13T02:31:04.545+0000][1][safepoint    ] Total time for which application threads were stopped: 0.0009490 seconds, Stopping threads took: 0.0004781 seconds
[2022-06-13T02:31:05.545+0000][1][safepoint    ] Application time: 1.0002603 seconds
[2022-06-13T02:31:05.546+0000][1][safepoint    ] Entering safepoint region: Cleanup
[2022-06-13T02:31:05.546+0000][1][safepoint    ] Leaving safepoint region
[2022-06-13T02:31:05.547+0000][1][safepoint    ] Total time for which application threads were stopped: 0.0010231 seconds, Stopping threads took: 0.0004596 seconds
[2022-06-13T02:31:06.548+0000][1][safepoint    ] Application time: 1.0001625 seconds
[2022-06-13T02:31:06.548+0000][1][safepoint    ] Entering safepoint region: Cleanup
[2022-06-13T02:31:06.549+0000][1][safepoint    ] Leaving safepoint region
[2022-06-13T02:31:06.549+0000][1][safepoint    ] Total time for which application threads were stopped: 0.0011743 seconds, Stopping threads took: 0.0004398 seconds
[2022-06-13T02:31:07.550+0000][1][safepoint    ] Application time: 1.0003011 seconds
[2022-06-13T02:31:07.551+0000][1][safepoint    ] Entering safepoint region: Cleanup
[2022-06-13T02:31:07.552+0000][1][safepoint    ] Leaving safepoint region
[2022-06-13T02:31:07.552+0000][1][safepoint    ] Total time for which application threads were stopped: 0.0012479 seconds, Stopping threads took: 0.0005754 seconds
[2022-06-13T02:31:08.553+0000][1][safepoint    ] Application time: 1.0002268 seconds
[2022-06-13T02:31:08.554+0000][1][safepoint    ] Entering safepoint region: Cleanup
[2022-06-13T02:31:08.555+0000][1][safepoint    ] Leaving safepoint region
[2022-06-13T02:31:08.555+0000][1][safepoint    ] Total time for which application threads were stopped: 0.0012989 seconds, Stopping threads took: 0.0005663 seconds
[2022-06-13T02:31:09.556+0000][1][safepoint    ] Application time: 1.0001936 seconds
[2022-06-13T02:31:09.556+0000][1][safepoint    ] Entering safepoint region: Cleanup
[2022-06-13T02:31:09.556+0000][1][safepoint    ] Leaving safepoint region
[2022-06-13T02:31:09.557+0000][1][safepoint    ] Total time for which application threads were stopped: 0.0005675 seconds, Stopping threads took: 0.0002540 seconds
[2022-06-13T02:31:10.557+0000][1][safepoint    ] Application time: 1.0002818 seconds
[2022-06-13T02:31:10.558+0000][1][safepoint    ] Entering safepoint region: Cleanup
[2022-06-13T02:31:10.558+0000][1][safepoint    ] Leaving safepoint region
[2022-06-13T02:31:10.559+0000][1][safepoint    ] Total time for which application threads were stopped: 0.0013493 seconds, Stopping threads took: 0.0005612 seconds
[2022-06-13T02:31:11.560+0000][1][safepoint    ] Application time: 1.0002409 seconds
[2022-06-13T02:31:11.560+0000][1][safepoint    ] Entering safepoint region: Cleanup
[2022-06-13T02:31:11.561+0000][1][safepoint    ] Leaving safepoint region
[2022-06-13T02:31:11.561+0000][1][safepoint    ] Total time for which application threads were stopped: 0.0008327 seconds, Stopping threads took: 0.0003968 seconds
[2022-06-13T02:31:12.562+0000][1][safepoint    ] Application time: 1.0002245 seconds
[2022-06-13T02:31:12.563+0000][1][safepoint    ] Entering safepoint region: Cleanup
[2022-06-13T02:31:12.564+0000][1][safepoint    ] Leaving safepoint region
[2022-06-13T02:31:12.564+0000][1][safepoint    ] Total time for which application threads were stopped: 0.0014195 seconds, Stopping threads took: 0.0006829 seconds
[2022-06-13T02:31:13.565+0000][1][safepoint    ] Application time: 1.0001877 seconds
[2022-06-13T02:31:13.565+0000][1][safepoint    ] Entering safepoint region: Cleanup
[2022-06-13T02:31:13.566+0000][1][safepoint    ] Leaving safepoint region
[2022-06-13T02:31:13.566+0000][1][safepoint    ] Total time for which application threads were stopped: 0.0005508 seconds, Stopping threads took: 0.0002845 seconds
[2022-06-13T02:31:14.566+0000][1][safepoint    ] Application time: 1.0002624 seconds
[2022-06-13T02:31:14.585+0000][1][safepoint    ] Entering safepoint region: Cleanup
[2022-06-13T02:31:14.585+0000][1][safepoint    ] Leaving safepoint region
[2022-06-13T02:31:14.586+0000][1][safepoint    ] Total time for which application threads were stopped: 0.0192358 seconds, Stopping threads took: 0.0185966 seconds
[2022-06-13T02:31:15.587+0000][1][safepoint    ] Application time: 1.0002911 seconds
[2022-06-13T02:31:15.587+0000][1][safepoint    ] Entering safepoint region: Cleanup
[2022-06-13T02:31:15.588+0000][1][safepoint    ] Leaving safepoint region
[2022-06-13T02:31:15.588+0000][1][safepoint    ] Total time for which application threads were stopped: 0.0009612 seconds, Stopping threads took: 0.0004195 seconds
[2022-06-13T02:31:16.589+0000][1][safepoint    ] Application time: 1.0003014 seconds
[2022-06-13T02:31:16.589+0000][1][safepoint    ] Entering safepoint region: Cleanup
[2022-06-13T02:31:16.590+0000][1][safepoint    ] Leaving safepoint region
[2022-06-13T02:31:16.590+0000][1][safepoint    ] Total time for which application threads were stopped: 0.0005893 seconds, Stopping threads took: 0.0002650 seconds
[2022-06-13T02:31:17.590+0000][1][safepoint    ] Application time: 1.0001812 seconds
[2022-06-13T02:31:17.591+0000][1][safepoint    ] Entering safepoint region: Cleanup
[2022-06-13T02:31:17.592+0000][1][safepoint    ] Leaving safepoint region
[2022-06-13T02:31:17.592+0000][1][safepoint    ] Total time for which application threads were stopped: 0.0008357 seconds, Stopping threads took: 0.0003980 seconds
[2022-06-13T02:31:18.855+0000][1][safepoint    ] Application time: 1.2630055 seconds
[2022-06-13T02:31:18.856+0000][1][safepoint    ] Entering safepoint region: Cleanup
[2022-06-13T02:31:18.856+0000][1][safepoint    ] Leaving safepoint region
[2022-06-13T02:31:18.856+0000][1][safepoint    ] Total time for which application threads were stopped: 0.0007659 seconds, Stopping threads took: 0.0004038 seconds
[2022-06-13T02:31:19.857+0000][1][safepoint    ] Application time: 1.0001038 seconds
[2022-06-13T02:31:19.857+0000][1][safepoint    ] Entering safepoint region: Cleanup
[2022-06-13T02:31:19.857+0000][1][safepoint    ] Leaving safepoint region
[2022-06-13T02:31:19.858+0000][1][safepoint    ] Total time for which application threads were stopped: 0.0007133 seconds, Stopping threads took: 0.0003109 seconds
[2022-06-13T02:31:20.858+0000][1][safepoint    ] Application time: 1.0002460 seconds
[2022-06-13T02:31:20.859+0000][1][safepoint    ] Entering safepoint region: Cleanup
[2022-06-13T02:31:20.859+0000][1][safepoint    ] Leaving safepoint region
[2022-06-13T02:31:20.860+0000][1][safepoint    ] Total time for which application threads were stopped: 0.0010610 seconds, Stopping threads took: 0.0003616 seconds
[2022-06-13T02:31:21.860+0000][1][safepoint    ] Application time: 1.0001623 seconds
[2022-06-13T02:31:21.861+0000][1][safepoint    ] Entering safepoint region: Cleanup
[2022-06-13T02:31:21.861+0000][1][safepoint    ] Leaving safepoint region
[2022-06-13T02:31:21.862+0000][1][safepoint    ] Total time for which application threads were stopped: 0.0011045 seconds, Stopping threads took: 0.0003289 seconds
[2022-06-13T02:31:22.862+0000][1][safepoint    ] Application time: 1.0002181 seconds
[2022-06-13T02:31:22.863+0000][1][safepoint    ] Entering safepoint region: Cleanup
[2022-06-13T02:31:22.864+0000][1][safepoint    ] Leaving safepoint region
[2022-06-13T02:31:22.864+0000][1][safepoint    ] Total time for which application threads were stopped: 0.0010570 seconds, Stopping threads took: 0.0004042 seconds
[2022-06-13T02:31:23.856+0000][1][safepoint    ] Application time: 0.9918685 seconds
[2022-06-13T02:31:23.857+0000][1][safepoint    ] Entering safepoint region: GenCollectForAllocation
[2022-06-13T02:31:23.857+0000][1][gc,start     ] GC(29) Pause Young (Allocation Failure)
[2022-06-13T02:31:23.858+0000][1][gc,task      ] GC(29) Using 5 workers of 13 for evacuation
[2022-06-13T02:31:23.859+0000][1][gc,age       ] GC(29) Desired survivor size 4456448 bytes, new threshold 6 (max threshold 6)
[2022-06-13T02:31:23.860+0000][1][gc,age       ] GC(29) Age table with threshold 6 (max threshold 6)
[2022-06-13T02:31:23.860+0000][1][gc,age       ] GC(29) - age   1:      27976 bytes,      27976 total
[2022-06-13T02:31:23.860+0000][1][gc,age       ] GC(29) - age   2:      14392 bytes,      42368 total
[2022-06-13T02:31:23.861+0000][1][gc,age       ] GC(29) - age   3:      29136 bytes,      71504 total
[2022-06-13T02:31:23.861+0000][1][gc,age       ] GC(29) - age   4:      15784 bytes,      87288 total
[2022-06-13T02:31:23.861+0000][1][gc,age       ] GC(29) - age   5:      14688 bytes,     101976 total
[2022-06-13T02:31:23.862+0000][1][gc,age       ] GC(29) - age   6:      31176 bytes,     133152 total
[2022-06-13T02:31:23.862+0000][1][gc,heap      ] GC(29) ParNew: 71070K->373K(78656K)
[2022-06-13T02:31:23.863+0000][1][gc,heap      ] GC(29) CMS: 68154K->68202K(174784K)
[2022-06-13T02:31:23.863+0000][1][gc,metaspace ] GC(29) Metaspace: 64267K->64267K(1107968K)
[2022-06-13T02:31:23.863+0000][1][gc           ] GC(29) Pause Young (Allocation Failure) 135M->66M(247M) 6.036ms
[2022-06-13T02:31:23.864+0000][1][gc,cpu       ] GC(29) User=0.00s Sys=0.00s Real=0.01s
[2022-06-13T02:31:23.864+0000][1][safepoint    ] Leaving safepoint region
[2022-06-13T02:31:23.864+0000][1][safepoint    ] Total time for which application threads were stopped: 0.0075877 seconds, Stopping threads took: 0.0004819 seconds
[2022-06-13T02:31:24.865+0000][1][safepoint    ] Application time: 1.0001505 seconds
[2022-06-13T02:31:24.865+0000][1][safepoint    ] Entering safepoint region: Cleanup
[2022-06-13T02:31:24.866+0000][1][safepoint    ] Leaving safepoint region
[2022-06-13T02:31:24.866+0000][1][safepoint    ] Total time for which application threads were stopped: 0.0008355 seconds, Stopping threads took: 0.0003765 seconds
[2022-06-13T02:31:25.866+0000][1][safepoint    ] Application time: 1.0001634 seconds
[2022-06-13T02:31:25.867+0000][1][safepoint    ] Entering safepoint region: Cleanup
[2022-06-13T02:31:25.867+0000][1][safepoint    ] Leaving safepoint region
[2022-06-13T02:31:25.867+0000][1][safepoint    ] Total time for which application threads were stopped: 0.0006267 seconds, Stopping threads took: 0.0002701 seconds
[2022-06-13T02:31:26.867+0000][1][safepoint    ] Application time: 1.0000912 seconds
[2022-06-13T02:31:26.868+0000][1][safepoint    ] Entering safepoint region: Cleanup
[2022-06-13T02:31:26.868+0000][1][safepoint    ] Leaving safepoint region
[2022-06-13T02:31:26.868+0000][1][safepoint    ] Total time for which application threads were stopped: 0.0003769 seconds, Stopping threads took: 0.0001508 seconds
[2022-06-13T02:31:27.868+0000][1][safepoint    ] Application time: 1.0001281 seconds
[2022-06-13T02:31:27.869+0000][1][safepoint    ] Entering safepoint region: Cleanup
[2022-06-13T02:31:27.869+0000][1][safepoint    ] Leaving safepoint region
[2022-06-13T02:31:27.869+0000][1][safepoint    ] Total time for which application threads were stopped: 0.0005594 seconds, Stopping threads took: 0.0002346 seconds
[2022-06-13T02:31:28.870+0000][1][safepoint    ] Application time: 1.0001161 seconds
[2022-06-13T02:31:28.870+0000][1][safepoint    ] Entering safepoint region: Cleanup
[2022-06-13T02:31:28.870+0000][1][safepoint    ] Leaving safepoint region
[2022-06-13T02:31:28.870+0000][1][safepoint    ] Total time for which application threads were stopped: 0.0004142 seconds, Stopping threads took: 0.0001975 seconds
[2022-06-13T02:31:29.870+0000][1][safepoint    ] Application time: 1.0001134 seconds
[2022-06-13T02:31:29.871+0000][1][safepoint    ] Entering safepoint region: Cleanup
[2022-06-13T02:31:29.871+0000][1][safepoint    ] Leaving safepoint region
[2022-06-13T02:31:29.872+0000][1][safepoint    ] Total time for which application threads were stopped: 0.0007469 seconds, Stopping threads took: 0.0002693 seconds
[2022-06-13T02:31:30.872+0000][1][safepoint    ] Application time: 1.0001275 seconds
[2022-06-13T02:31:30.872+0000][1][safepoint    ] Entering safepoint region: Cleanup
[2022-06-13T02:31:30.872+0000][1][safepoint    ] Leaving safepoint region
[2022-06-13T02:31:30.873+0000][1][safepoint    ] Total time for which application threads were stopped: 0.0005258 seconds, Stopping threads took: 0.0002250 seconds
[2022-06-13T02:31:31.873+0000][1][safepoint    ] Application time: 1.0001084 seconds
[2022-06-13T02:31:31.874+0000][1][safepoint    ] Entering safepoint region: Cleanup
[2022-06-13T02:31:31.874+0000][1][safepoint    ] Leaving safepoint region
[2022-06-13T02:31:31.875+0000][1][safepoint    ] Total time for which application threads were stopped: 0.0012179 seconds, Stopping threads took: 0.0005768 seconds
[2022-06-13T02:31:32.876+0000][1][safepoint    ] Application time: 1.0001862 seconds
[2022-06-13T02:31:32.876+0000][1][safepoint    ] Entering safepoint region: Cleanup
[2022-06-13T02:31:32.876+0000][1][safepoint    ] Leaving safepoint region
[2022-06-13T02:31:32.876+0000][1][safepoint    ] Total time for which application threads were stopped: 0.0004401 seconds, Stopping threads took: 0.0001564 seconds
[2022-06-13T02:31:33.876+0000][1][safepoint    ] Application time: 1.0000906 seconds
[2022-06-13T02:31:33.877+0000][1][safepoint    ] Entering safepoint region: Cleanup
[2022-06-13T02:31:33.877+0000][1][safepoint    ] Leaving safepoint region
[2022-06-13T02:31:33.877+0000][1][safepoint    ] Total time for which application threads were stopped: 0.0004794 seconds, Stopping threads took: 0.0002611 seconds
[2022-06-13T02:31:34.878+0000][1][safepoint    ] Application time: 1.0002101 seconds
[2022-06-13T02:31:34.878+0000][1][safepoint    ] Entering safepoint region: Cleanup
[2022-06-13T02:31:34.879+0000][1][safepoint    ] Leaving safepoint region
[2022-06-13T02:31:34.879+0000][1][safepoint    ] Total time for which application threads were stopped: 0.0008155 seconds, Stopping threads took: 0.0004155 seconds
[2022-06-13T02:31:35.880+0000][1][safepoint    ] Application time: 1.0002546 seconds
[2022-06-13T02:31:35.880+0000][1][safepoint    ] Entering safepoint region: Cleanup
[2022-06-13T02:31:35.881+0000][1][safepoint    ] Leaving safepoint region
[2022-06-13T02:31:35.881+0000][1][safepoint    ] Total time for which application threads were stopped: 0.0004712 seconds, Stopping threads took: 0.0002570 seconds
[2022-06-13T02:31:36.881+0000][1][safepoint    ] Application time: 1.0002157 seconds
[2022-06-13T02:31:36.882+0000][1][safepoint    ] Entering safepoint region: Cleanup
[2022-06-13T02:31:36.882+0000][1][safepoint    ] Leaving safepoint region
[2022-06-13T02:31:36.882+0000][1][safepoint    ] Total time for which application threads were stopped: 0.0005950 seconds, Stopping threads took: 0.0003074 seconds
[2022-06-13T02:31:37.883+0000][1][safepoint    ] Application time: 1.0002248 seconds
[2022-06-13T02:31:37.883+0000][1][safepoint    ] Entering safepoint region: Cleanup
[2022-06-13T02:31:37.883+0000][1][safepoint    ] Leaving safepoint region
[2022-06-13T02:31:37.884+0000][1][safepoint    ] Total time for which application threads were stopped: 0.0007217 seconds, Stopping threads took: 0.0003080 seconds
[2022-06-13T02:31:38.884+0000][1][safepoint    ] Application time: 1.0001473 seconds
[2022-06-13T02:31:38.885+0000][1][safepoint    ] Entering safepoint region: Cleanup
[2022-06-13T02:31:38.885+0000][1][safepoint    ] Leaving safepoint region
[2022-06-13T02:31:38.885+0000][1][safepoint    ] Total time for which application threads were stopped: 0.0005320 seconds, Stopping threads took: 0.0001412 seconds
[2022-06-13T02:31:39.886+0000][1][safepoint    ] Application time: 1.0002411 seconds
[2022-06-13T02:31:39.886+0000][1][safepoint    ] Entering safepoint region: Cleanup
[2022-06-13T02:31:39.887+0000][1][safepoint    ] Leaving safepoint region
[2022-06-13T02:31:39.887+0000][1][safepoint    ] Total time for which application threads were stopped: 0.0008489 seconds, Stopping threads took: 0.0003760 seconds
[2022-06-13T02:31:40.888+0000][1][safepoint    ] Application time: 1.0003158 seconds
[2022-06-13T02:31:40.888+0000][1][safepoint    ] Entering safepoint region: Cleanup
[2022-06-13T02:31:40.889+0000][1][safepoint    ] Leaving safepoint region
[2022-06-13T02:31:40.890+0000][1][safepoint    ] Total time for which application threads were stopped: 0.0010884 seconds, Stopping threads took: 0.0005204 seconds
[2022-06-13T02:31:41.890+0000][1][safepoint    ] Application time: 1.0002723 seconds
[2022-06-13T02:31:41.891+0000][1][safepoint    ] Entering safepoint region: Cleanup
[2022-06-13T02:31:41.891+0000][1][safepoint    ] Leaving safepoint region
[2022-06-13T02:31:41.891+0000][1][safepoint    ] Total time for which application threads were stopped: 0.0007222 seconds, Stopping threads took: 0.0003563 seconds
[2022-06-13T02:31:42.892+0000][1][safepoint    ] Application time: 1.0002374 seconds
[2022-06-13T02:31:42.893+0000][1][safepoint    ] Entering safepoint region: Cleanup
[2022-06-13T02:31:42.893+0000][1][safepoint    ] Leaving safepoint region
[2022-06-13T02:31:42.894+0000][1][safepoint    ] Total time for which application threads were stopped: 0.0009945 seconds, Stopping threads took: 0.0003979 seconds
[2022-06-13T02:31:43.894+0000][1][safepoint    ] Application time: 1.0002938 seconds
[2022-06-13T02:31:43.895+0000][1][safepoint    ] Entering safepoint region: Cleanup
[2022-06-13T02:31:43.895+0000][1][safepoint    ] Leaving safepoint region
[2022-06-13T02:31:43.895+0000][1][safepoint    ] Total time for which application threads were stopped: 0.0005935 seconds, Stopping threads took: 0.0002559 seconds
[2022-06-13T02:31:44.896+0000][1][safepoint    ] Application time: 1.0001237 seconds
[2022-06-13T02:31:44.897+0000][1][safepoint    ] Entering safepoint region: Cleanup
[2022-06-13T02:31:44.897+0000][1][safepoint    ] Leaving safepoint region
[2022-06-13T02:31:44.897+0000][1][safepoint    ] Total time for which application threads were stopped: 0.0008084 seconds, Stopping threads took: 0.0004189 seconds
[2022-06-13T02:31:45.898+0000][1][safepoint    ] Application time: 1.0002254 seconds
[2022-06-13T02:31:45.898+0000][1][safepoint    ] Entering safepoint region: Cleanup
[2022-06-13T02:31:45.899+0000][1][safepoint    ] Leaving safepoint region
[2022-06-13T02:31:45.899+0000][1][safepoint    ] Total time for which application threads were stopped: 0.0008928 seconds, Stopping threads took: 0.0004299 seconds
[2022-06-13T02:31:46.900+0000][1][safepoint    ] Application time: 1.0002650 seconds
[2022-06-13T02:31:46.900+0000][1][safepoint    ] Entering safepoint region: Cleanup
[2022-06-13T02:31:46.901+0000][1][safepoint    ] Leaving safepoint region
[2022-06-13T02:31:46.901+0000][1][safepoint    ] Total time for which application threads were stopped: 0.0008058 seconds, Stopping threads took: 0.0004610 seconds
[2022-06-13T02:31:47.902+0000][1][safepoint    ] Application time: 1.0001608 seconds
[2022-06-13T02:31:47.902+0000][1][safepoint    ] Entering safepoint region: Cleanup
[2022-06-13T02:31:47.902+0000][1][safepoint    ] Leaving safepoint region
[2022-06-13T02:31:47.903+0000][1][safepoint    ] Total time for which application threads were stopped: 0.0006659 seconds, Stopping threads took: 0.0002704 seconds
[2022-06-13T02:31:48.903+0000][1][safepoint    ] Application time: 1.0003562 seconds
[2022-06-13T02:31:48.904+0000][1][safepoint    ] Entering safepoint region: Cleanup
[2022-06-13T02:31:48.904+0000][1][safepoint    ] Leaving safepoint region
[2022-06-13T02:31:48.905+0000][1][safepoint    ] Total time for which application threads were stopped: 0.0005699 seconds, Stopping threads took: 0.0003144 seconds
[2022-06-13T02:31:49.905+0000][1][safepoint    ] Application time: 1.0002711 seconds
[2022-06-13T02:31:49.906+0000][1][safepoint    ] Entering safepoint region: Cleanup
[2022-06-13T02:31:49.906+0000][1][safepoint    ] Leaving safepoint region
[2022-06-13T02:31:49.906+0000][1][safepoint    ] Total time for which application threads were stopped: 0.0008338 seconds, Stopping threads took: 0.0003610 seconds
[2022-06-13T02:31:50.907+0000][1][safepoint    ] Application time: 1.0002278 seconds
[2022-06-13T02:31:50.908+0000][1][safepoint    ] Entering safepoint region: Cleanup
[2022-06-13T02:31:50.908+0000][1][safepoint    ] Leaving safepoint region
[2022-06-13T02:31:50.908+0000][1][safepoint    ] Total time for which application threads were stopped: 0.0008104 seconds, Stopping threads took: 0.0003622 seconds
[2022-06-13T02:31:51.909+0000][1][safepoint    ] Application time: 1.0002832 seconds
[2022-06-13T02:31:51.910+0000][1][safepoint    ] Entering safepoint region: Cleanup
[2022-06-13T02:31:51.910+0000][1][safepoint    ] Leaving safepoint region
[2022-06-13T02:31:51.910+0000][1][safepoint    ] Total time for which application threads were stopped: 0.0007961 seconds, Stopping threads took: 0.0003350 seconds
[2022-06-13T02:31:52.911+0000][1][safepoint    ] Application time: 1.0002147 seconds
[2022-06-13T02:31:52.911+0000][1][safepoint    ] Entering safepoint region: Cleanup
[2022-06-13T02:31:52.912+0000][1][safepoint    ] Leaving safepoint region
[2022-06-13T02:31:52.912+0000][1][safepoint    ] Total time for which application threads were stopped: 0.0007074 seconds, Stopping threads took: 0.0003575 seconds
[2022-06-13T02:31:53.913+0000][1][safepoint    ] Application time: 1.0001910 seconds
[2022-06-13T02:31:53.913+0000][1][safepoint    ] Entering safepoint region: Cleanup
[2022-06-13T02:31:53.914+0000][1][safepoint    ] Leaving safepoint region
[2022-06-13T02:31:53.914+0000][1][safepoint    ] Total time for which application threads were stopped: 0.0009482 seconds, Stopping threads took: 0.0004740 seconds
[2022-06-13T02:31:54.915+0000][1][safepoint    ] Application time: 1.0003497 seconds
[2022-06-13T02:31:54.916+0000][1][safepoint    ] Entering safepoint region: Cleanup
[2022-06-13T02:31:54.916+0000][1][safepoint    ] Leaving safepoint region
[2022-06-13T02:31:54.917+0000][1][safepoint    ] Total time for which application threads were stopped: 0.0010515 seconds, Stopping threads took: 0.0004808 seconds
[2022-06-13T02:31:55.917+0000][1][safepoint    ] Application time: 1.0001859 seconds
[2022-06-13T02:31:55.918+0000][1][safepoint    ] Entering safepoint region: Cleanup
[2022-06-13T02:31:55.919+0000][1][safepoint    ] Leaving safepoint region
[2022-06-13T02:31:55.919+0000][1][safepoint    ] Total time for which application threads were stopped: 0.0010140 seconds, Stopping threads took: 0.0004916 seconds
[2022-06-13T02:31:56.919+0000][1][safepoint    ] Application time: 1.0001290 seconds
[2022-06-13T02:31:56.920+0000][1][safepoint    ] Entering safepoint region: Cleanup
[2022-06-13T02:31:56.920+0000][1][safepoint    ] Leaving safepoint region
[2022-06-13T02:31:56.921+0000][1][safepoint    ] Total time for which application threads were stopped: 0.0008153 seconds, Stopping threads took: 0.0003772 seconds
[2022-06-13T02:31:57.921+0000][1][safepoint    ] Application time: 1.0003786 seconds
[2022-06-13T02:31:57.922+0000][1][safepoint    ] Entering safepoint region: Cleanup
[2022-06-13T02:31:57.923+0000][1][safepoint    ] Leaving safepoint region
[2022-06-13T02:31:57.923+0000][1][safepoint    ] Total time for which application threads were stopped: 0.0011946 seconds, Stopping threads took: 0.0006475 seconds
[2022-06-13T02:31:58.924+0000][1][safepoint    ] Application time: 1.0001147 seconds
[2022-06-13T02:31:58.924+0000][1][safepoint    ] Entering safepoint region: Cleanup
[2022-06-13T02:31:58.924+0000][1][safepoint    ] Leaving safepoint region
[2022-06-13T02:31:58.925+0000][1][safepoint    ] Total time for which application threads were stopped: 0.0006569 seconds, Stopping threads took: 0.0003341 seconds
[2022-06-13T02:31:59.925+0000][1][safepoint    ] Application time: 1.0003137 seconds
[2022-06-13T02:31:59.926+0000][1][safepoint    ] Entering safepoint region: Cleanup
[2022-06-13T02:31:59.926+0000][1][safepoint    ] Leaving safepoint region
[2022-06-13T02:31:59.927+0000][1][safepoint    ] Total time for which application threads were stopped: 0.0010204 seconds, Stopping threads took: 0.0004730 seconds
[2022-06-13T02:32:00.927+0000][1][safepoint    ] Application time: 1.0001194 seconds
[2022-06-13T02:32:00.928+0000][1][safepoint    ] Entering safepoint region: Cleanup
[2022-06-13T02:32:00.928+0000][1][safepoint    ] Leaving safepoint region
[2022-06-13T02:32:00.929+0000][1][safepoint    ] Total time for which application threads were stopped: 0.0010516 seconds, Stopping threads took: 0.0004717 seconds
[2022-06-13T02:32:01.929+0000][1][safepoint    ] Application time: 1.0001125 seconds
[2022-06-13T02:32:01.930+0000][1][safepoint    ] Entering safepoint region: Cleanup
[2022-06-13T02:32:01.930+0000][1][safepoint    ] Leaving safepoint region
[2022-06-13T02:32:01.930+0000][1][safepoint    ] Total time for which application threads were stopped: 0.0004270 seconds, Stopping threads took: 0.0001714 seconds
[2022-06-13T02:32:02.930+0000][1][safepoint    ] Application time: 1.0002151 seconds
[2022-06-13T02:32:02.931+0000][1][safepoint    ] Entering safepoint region: Cleanup
[2022-06-13T02:32:02.931+0000][1][safepoint    ] Leaving safepoint region
[2022-06-13T02:32:02.932+0000][1][safepoint    ] Total time for which application threads were stopped: 0.0008853 seconds, Stopping threads took: 0.0003742 seconds
[2022-06-13T02:32:03.932+0000][1][safepoint    ] Application time: 1.0001562 seconds
[2022-06-13T02:32:03.933+0000][1][safepoint    ] Entering safepoint region: Cleanup
[2022-06-13T02:32:03.933+0000][1][safepoint    ] Leaving safepoint region
[2022-06-13T02:32:03.933+0000][1][safepoint    ] Total time for which application threads were stopped: 0.0008016 seconds, Stopping threads took: 0.0003228 seconds
[2022-06-13T02:32:04.934+0000][1][safepoint    ] Application time: 1.0001497 seconds
[2022-06-13T02:32:04.934+0000][1][safepoint    ] Entering safepoint region: Cleanup
[2022-06-13T02:32:04.934+0000][1][safepoint    ] Leaving safepoint region
[2022-06-13T02:32:04.935+0000][1][safepoint    ] Total time for which application threads were stopped: 0.0005368 seconds, Stopping threads took: 0.0002141 seconds
[2022-06-13T02:32:05.935+0000][1][safepoint    ] Application time: 1.0002782 seconds
[2022-06-13T02:32:05.936+0000][1][safepoint    ] Entering safepoint region: Cleanup
[2022-06-13T02:32:05.936+0000][1][safepoint    ] Leaving safepoint region
[2022-06-13T02:32:05.937+0000][1][safepoint    ] Total time for which application threads were stopped: 0.0011312 seconds, Stopping threads took: 0.0005274 seconds
[2022-06-13T02:32:06.937+0000][1][safepoint    ] Application time: 1.0003496 seconds
[2022-06-13T02:32:06.938+0000][1][safepoint    ] Entering safepoint region: Cleanup
[2022-06-13T02:32:06.938+0000][1][safepoint    ] Leaving safepoint region
[2022-06-13T02:32:06.939+0000][1][safepoint    ] Total time for which application threads were stopped: 0.0009281 seconds, Stopping threads took: 0.0005258 seconds
[2022-06-13T02:32:07.939+0000][1][safepoint    ] Application time: 1.0002123 seconds
[2022-06-13T02:32:07.939+0000][1][safepoint    ] Entering safepoint region: Cleanup
[2022-06-13T02:32:07.940+0000][1][safepoint    ] Leaving safepoint region
[2022-06-13T02:32:07.940+0000][1][safepoint    ] Total time for which application threads were stopped: 0.0007045 seconds, Stopping threads took: 0.0003122 seconds
[2022-06-13T02:32:08.940+0000][1][safepoint    ] Application time: 1.0001052 seconds
[2022-06-13T02:32:08.941+0000][1][safepoint    ] Entering safepoint region: Cleanup
[2022-06-13T02:32:08.941+0000][1][safepoint    ] Leaving safepoint region
[2022-06-13T02:32:08.942+0000][1][safepoint    ] Total time for which application threads were stopped: 0.0007906 seconds, Stopping threads took: 0.0003333 seconds
[2022-06-13T02:32:09.942+0000][1][safepoint    ] Application time: 1.0001230 seconds
[2022-06-13T02:32:09.943+0000][1][safepoint    ] Entering safepoint region: Cleanup
[2022-06-13T02:32:09.943+0000][1][safepoint    ] Leaving safepoint region
[2022-06-13T02:32:09.943+0000][1][safepoint    ] Total time for which application threads were stopped: 0.0009135 seconds, Stopping threads took: 0.0004652 seconds
[2022-06-13T02:32:10.944+0000][1][safepoint    ] Application time: 1.0002014 seconds
[2022-06-13T02:32:10.945+0000][1][safepoint    ] Entering safepoint region: Cleanup
[2022-06-13T02:32:10.945+0000][1][safepoint    ] Leaving safepoint region
[2022-06-13T02:32:10.945+0000][1][safepoint    ] Total time for which application threads were stopped: 0.0007463 seconds, Stopping threads took: 0.0003737 seconds
[2022-06-13T02:32:11.946+0000][1][safepoint    ] Application time: 1.0002829 seconds
[2022-06-13T02:32:11.946+0000][1][safepoint    ] Entering safepoint region: Cleanup
[2022-06-13T02:32:11.947+0000][1][safepoint    ] Leaving safepoint region
[2022-06-13T02:32:11.947+0000][1][safepoint    ] Total time for which application threads were stopped: 0.0010838 seconds, Stopping threads took: 0.0005560 seconds
[2022-06-13T02:32:12.948+0000][1][safepoint    ] Application time: 1.0001473 seconds
[2022-06-13T02:32:12.949+0000][1][safepoint    ] Entering safepoint region: Cleanup
[2022-06-13T02:32:12.949+0000][1][safepoint    ] Leaving safepoint region
[2022-06-13T02:32:12.950+0000][1][safepoint    ] Total time for which application threads were stopped: 0.0011367 seconds, Stopping threads took: 0.0005244 seconds
[2022-06-13T02:32:13.951+0000][1][safepoint    ] Application time: 1.0001765 seconds
[2022-06-13T02:32:13.951+0000][1][safepoint    ] Entering safepoint region: Cleanup
[2022-06-13T02:32:13.952+0000][1][safepoint    ] Leaving safepoint region
[2022-06-13T02:32:13.953+0000][1][safepoint    ] Total time for which application threads were stopped: 0.0017456 seconds, Stopping threads took: 0.0008155 seconds
[2022-06-13T02:32:14.954+0000][1][safepoint    ] Application time: 1.0002014 seconds
[2022-06-13T02:32:14.954+0000][1][safepoint    ] Entering safepoint region: Cleanup
[2022-06-13T02:32:14.955+0000][1][safepoint    ] Leaving safepoint region
[2022-06-13T02:32:14.955+0000][1][safepoint    ] Total time for which application threads were stopped: 0.0005204 seconds, Stopping threads took: 0.0002534 seconds
[2022-06-13T02:32:15.955+0000][1][safepoint    ] Application time: 1.0001868 seconds
[2022-06-13T02:32:15.956+0000][1][safepoint    ] Entering safepoint region: Cleanup
[2022-06-13T02:32:15.956+0000][1][safepoint    ] Leaving safepoint region
[2022-06-13T02:32:15.956+0000][1][safepoint    ] Total time for which application threads were stopped: 0.0005923 seconds, Stopping threads took: 0.0004011 seconds
[2022-06-13T02:32:16.957+0000][1][safepoint    ] Application time: 1.0002992 seconds
[2022-06-13T02:32:16.957+0000][1][safepoint    ] Entering safepoint region: Cleanup
[2022-06-13T02:32:16.958+0000][1][safepoint    ] Leaving safepoint region
[2022-06-13T02:32:16.959+0000][1][safepoint    ] Total time for which application threads were stopped: 0.0011788 seconds, Stopping threads took: 0.0005021 seconds
[2022-06-13T02:32:17.960+0000][1][safepoint    ] Application time: 1.0004515 seconds
[2022-06-13T02:32:17.960+0000][1][safepoint    ] Entering safepoint region: Cleanup
[2022-06-13T02:32:17.961+0000][1][safepoint    ] Leaving safepoint region
[2022-06-13T02:32:17.962+0000][1][safepoint    ] Total time for which application threads were stopped: 0.0013903 seconds, Stopping threads took: 0.0007193 seconds
[2022-06-13T02:32:22.963+0000][1][safepoint    ] Application time: 5.0008800 seconds
[2022-06-13T02:32:22.964+0000][1][safepoint    ] Entering safepoint region: Cleanup
[2022-06-13T02:32:22.964+0000][1][safepoint    ] Leaving safepoint region
[2022-06-13T02:32:22.964+0000][1][safepoint    ] Total time for which application threads were stopped: 0.0006971 seconds, Stopping threads took: 0.0003535 seconds
[2022-06-13T02:32:26.965+0000][1][safepoint    ] Application time: 4.0007938 seconds
[2022-06-13T02:32:26.966+0000][1][safepoint    ] Entering safepoint region: Cleanup
[2022-06-13T02:32:26.966+0000][1][safepoint    ] Leaving safepoint region
[2022-06-13T02:32:26.966+0000][1][safepoint    ] Total time for which application threads were stopped: 0.0005270 seconds, Stopping threads took: 0.0002499 seconds
[2022-06-13T02:32:38.969+0000][1][safepoint    ] Application time: 12.0020520 seconds
[2022-06-13T02:32:38.969+0000][1][safepoint    ] Entering safepoint region: Cleanup
[2022-06-13T02:32:38.970+0000][1][safepoint    ] Leaving safepoint region
[2022-06-13T02:32:38.970+0000][1][safepoint    ] Total time for which application threads were stopped: 0.0011591 seconds, Stopping threads took: 0.0004829 seconds
[2022-06-13T02:33:06.976+0000][1][safepoint    ] Application time: 28.0051956 seconds
[2022-06-13T02:33:06.976+0000][1][safepoint    ] Entering safepoint region: Cleanup
[2022-06-13T02:33:06.977+0000][1][safepoint    ] Leaving safepoint region
[2022-06-13T02:33:06.977+0000][1][safepoint    ] Total time for which application threads were stopped: 0.0006512 seconds, Stopping threads took: 0.0001981 seconds
[2022-06-13T02:33:16.979+0000][1][safepoint    ] Application time: 10.0018285 seconds
[2022-06-13T02:33:16.979+0000][1][safepoint    ] Entering safepoint region: Cleanup
[2022-06-13T02:33:16.980+0000][1][safepoint    ] Leaving safepoint region
[2022-06-13T02:33:16.980+0000][1][safepoint    ] Total time for which application threads were stopped: 0.0010203 seconds, Stopping threads took: 0.0004527 seconds
[2022-06-13T02:33:48.987+0000][1][safepoint    ] Application time: 32.0063959 seconds
[2022-06-13T02:33:48.988+0000][1][safepoint    ] Entering safepoint region: Cleanup
[2022-06-13T02:33:48.988+0000][1][safepoint    ] Leaving safepoint region
[2022-06-13T02:33:48.989+0000][1][safepoint    ] Total time for which application threads were stopped: 0.0011083 seconds, Stopping threads took: 0.0004657 seconds
[2022-06-13T02:33:57.949+0000][1][safepoint    ] Application time: 8.9595225 seconds
[2022-06-13T02:33:57.949+0000][1][safepoint    ] Entering safepoint region: GenCollectForAllocation
[2022-06-13T02:33:57.950+0000][1][gc,start     ] GC(30) Pause Young (Allocation Failure)
[2022-06-13T02:33:57.950+0000][1][gc,task      ] GC(30) Using 5 workers of 13 for evacuation
[2022-06-13T02:33:57.951+0000][1][gc,age       ] GC(30) Desired survivor size 4456448 bytes, new threshold 6 (max threshold 6)
[2022-06-13T02:33:57.952+0000][1][gc,age       ] GC(30) Age table with threshold 6 (max threshold 6)
[2022-06-13T02:33:57.952+0000][1][gc,age       ] GC(30) - age   1:      29848 bytes,      29848 total
[2022-06-13T02:33:57.952+0000][1][gc,age       ] GC(30) - age   2:      13960 bytes,      43808 total
[2022-06-13T02:33:57.953+0000][1][gc,age       ] GC(30) - age   3:      14392 bytes,      58200 total
[2022-06-13T02:33:57.953+0000][1][gc,age       ] GC(30) - age   4:      29136 bytes,      87336 total
[2022-06-13T02:33:57.953+0000][1][gc,age       ] GC(30) - age   5:      15784 bytes,     103120 total
[2022-06-13T02:33:57.954+0000][1][gc,age       ] GC(30) - age   6:      14688 bytes,     117808 total
[2022-06-13T02:33:57.954+0000][1][gc,heap      ] GC(30) ParNew: 70325K->184K(78656K)
[2022-06-13T02:33:57.954+0000][1][gc,heap      ] GC(30) CMS: 68202K->68233K(174784K)
[2022-06-13T02:33:57.955+0000][1][gc,metaspace ] GC(30) Metaspace: 64290K->64290K(1107968K)
[2022-06-13T02:33:57.955+0000][1][gc           ] GC(30) Pause Young (Allocation Failure) 135M->66M(247M) 5.632ms
[2022-06-13T02:33:57.956+0000][1][gc,cpu       ] GC(30) User=0.01s Sys=0.00s Real=0.00s
[2022-06-13T02:33:57.956+0000][1][safepoint    ] Leaving safepoint region
[2022-06-13T02:33:57.956+0000][1][safepoint    ] Total time for which application threads were stopped: 0.0072432 seconds, Stopping threads took: 0.0002810 seconds
[2022-06-13T02:33:58.957+0000][1][safepoint    ] Application time: 1.0003962 seconds
[2022-06-13T02:33:58.958+0000][1][safepoint    ] Entering safepoint region: Cleanup
[2022-06-13T02:33:58.959+0000][1][safepoint    ] Leaving safepoint region
[2022-06-13T02:33:58.959+0000][1][safepoint    ] Total time for which application threads were stopped: 0.0011197 seconds, Stopping threads took: 0.0006320 seconds
[2022-06-13T02:33:59.960+0000][1][safepoint    ] Application time: 1.0001973 seconds
[2022-06-13T02:33:59.960+0000][1][safepoint    ] Entering safepoint region: Cleanup
[2022-06-13T02:33:59.961+0000][1][safepoint    ] Leaving safepoint region
[2022-06-13T02:33:59.962+0000][1][safepoint    ] Total time for which application threads were stopped: 0.0013453 seconds, Stopping threads took: 0.0007206 seconds
[2022-06-13T02:34:00.962+0000][1][safepoint    ] Application time: 1.0001437 seconds
[2022-06-13T02:34:00.963+0000][1][safepoint    ] Entering safepoint region: Cleanup
[2022-06-13T02:34:00.963+0000][1][safepoint    ] Leaving safepoint region
[2022-06-13T02:34:00.964+0000][1][safepoint    ] Total time for which application threads were stopped: 0.0006357 seconds, Stopping threads took: 0.0002949 seconds
[2022-06-13T02:34:01.964+0000][1][safepoint    ] Application time: 1.0003219 seconds
[2022-06-13T02:34:01.965+0000][1][safepoint    ] Entering safepoint region: Cleanup
[2022-06-13T02:34:01.965+0000][1][safepoint    ] Leaving safepoint region
[2022-06-13T02:34:01.965+0000][1][safepoint    ] Total time for which application threads were stopped: 0.0006069 seconds, Stopping threads took: 0.0002593 seconds
[2022-06-13T02:34:02.966+0000][1][safepoint    ] Application time: 1.0001162 seconds
[2022-06-13T02:34:02.966+0000][1][safepoint    ] Entering safepoint region: Cleanup
[2022-06-13T02:34:02.967+0000][1][safepoint    ] Leaving safepoint region
[2022-06-13T02:34:02.967+0000][1][safepoint    ] Total time for which application threads were stopped: 0.0006855 seconds, Stopping threads took: 0.0002275 seconds
[2022-06-13T02:34:03.968+0000][1][safepoint    ] Application time: 1.0003427 seconds
[2022-06-13T02:34:03.968+0000][1][safepoint    ] Entering safepoint region: Cleanup
[2022-06-13T02:34:03.969+0000][1][safepoint    ] Leaving safepoint region
[2022-06-13T02:34:03.969+0000][1][safepoint    ] Total time for which application threads were stopped: 0.0010444 seconds, Stopping threads took: 0.0005932 seconds
[2022-06-13T02:34:04.970+0000][1][safepoint    ] Application time: 1.0001556 seconds
[2022-06-13T02:34:04.970+0000][1][safepoint    ] Entering safepoint region: Cleanup
[2022-06-13T02:34:04.971+0000][1][safepoint    ] Leaving safepoint region
[2022-06-13T02:34:04.971+0000][1][safepoint    ] Total time for which application threads were stopped: 0.0003255 seconds, Stopping threads took: 0.0001446 seconds
[2022-06-13T02:34:05.971+0000][1][safepoint    ] Application time: 1.0002285 seconds
[2022-06-13T02:34:05.972+0000][1][safepoint    ] Entering safepoint region: Cleanup
[2022-06-13T02:34:05.972+0000][1][safepoint    ] Leaving safepoint region
[2022-06-13T02:34:05.973+0000][1][safepoint    ] Total time for which application threads were stopped: 0.0010741 seconds, Stopping threads took: 0.0005954 seconds
[2022-06-13T02:34:06.974+0000][1][safepoint    ] Application time: 1.0001994 seconds
[2022-06-13T02:34:06.974+0000][1][safepoint    ] Entering safepoint region: Cleanup
[2022-06-13T02:34:06.974+0000][1][safepoint    ] Leaving safepoint region
[2022-06-13T02:34:06.974+0000][1][safepoint    ] Total time for which application threads were stopped: 0.0004951 seconds, Stopping threads took: 0.0002193 seconds
[2022-06-13T02:34:07.975+0000][1][safepoint    ] Application time: 1.0003568 seconds
[2022-06-13T02:34:07.975+0000][1][safepoint    ] Entering safepoint region: Cleanup
[2022-06-13T02:34:07.976+0000][1][safepoint    ] Leaving safepoint region
[2022-06-13T02:34:07.977+0000][1][safepoint    ] Total time for which application threads were stopped: 0.0011085 seconds, Stopping threads took: 0.0004927 seconds
[2022-06-13T02:34:08.977+0000][1][safepoint    ] Application time: 1.0002042 seconds
[2022-06-13T02:34:08.978+0000][1][safepoint    ] Entering safepoint region: Cleanup
[2022-06-13T02:34:08.978+0000][1][safepoint    ] Leaving safepoint region
[2022-06-13T02:34:08.978+0000][1][safepoint    ] Total time for which application threads were stopped: 0.0007367 seconds, Stopping threads took: 0.0003829 seconds
[2022-06-13T02:34:09.979+0000][1][safepoint    ] Application time: 1.0001667 seconds
[2022-06-13T02:34:09.980+0000][1][safepoint    ] Entering safepoint region: Cleanup
[2022-06-13T02:34:09.980+0000][1][safepoint    ] Leaving safepoint region
[2022-06-13T02:34:09.981+0000][1][safepoint    ] Total time for which application threads were stopped: 0.0011250 seconds, Stopping threads took: 0.0005142 seconds
[2022-06-13T02:34:10.981+0000][1][safepoint    ] Application time: 1.0002887 seconds
[2022-06-13T02:34:10.982+0000][1][safepoint    ] Entering safepoint region: Cleanup
[2022-06-13T02:34:10.983+0000][1][safepoint    ] Leaving safepoint region
[2022-06-13T02:34:10.983+0000][1][safepoint    ] Total time for which application threads were stopped: 0.0008564 seconds, Stopping threads took: 0.0003682 seconds
[2022-06-13T02:34:11.983+0000][1][safepoint    ] Application time: 1.0001931 seconds
[2022-06-13T02:34:11.984+0000][1][safepoint    ] Entering safepoint region: Cleanup
[2022-06-13T02:34:11.984+0000][1][safepoint    ] Leaving safepoint region
[2022-06-13T02:34:11.985+0000][1][safepoint    ] Total time for which application threads were stopped: 0.0008430 seconds, Stopping threads took: 0.0004108 seconds
[2022-06-13T02:34:12.985+0000][1][safepoint    ] Application time: 1.0002369 seconds
[2022-06-13T02:34:12.985+0000][1][safepoint    ] Entering safepoint region: Cleanup
[2022-06-13T02:34:12.986+0000][1][safepoint    ] Leaving safepoint region
[2022-06-13T02:34:12.986+0000][1][safepoint    ] Total time for which application threads were stopped: 0.0005832 seconds, Stopping threads took: 0.0002184 seconds
[2022-06-13T02:34:13.987+0000][1][safepoint    ] Application time: 1.0001996 seconds
[2022-06-13T02:34:13.987+0000][1][safepoint    ] Entering safepoint region: Cleanup
[2022-06-13T02:34:13.987+0000][1][safepoint    ] Leaving safepoint region
[2022-06-13T02:34:13.988+0000][1][safepoint    ] Total time for which application threads were stopped: 0.0009029 seconds, Stopping threads took: 0.0003877 seconds
[2022-06-13T02:34:14.988+0000][1][safepoint    ] Application time: 1.0001460 seconds
[2022-06-13T02:34:14.989+0000][1][safepoint    ] Entering safepoint region: Cleanup
[2022-06-13T02:34:14.989+0000][1][safepoint    ] Leaving safepoint region
[2022-06-13T02:34:14.990+0000][1][safepoint    ] Total time for which application threads were stopped: 0.0008217 seconds, Stopping threads took: 0.0004687 seconds
[2022-06-13T02:34:15.990+0000][1][safepoint    ] Application time: 1.0002740 seconds
[2022-06-13T02:34:15.991+0000][1][safepoint    ] Entering safepoint region: Cleanup
[2022-06-13T02:34:15.992+0000][1][safepoint    ] Leaving safepoint region
[2022-06-13T02:34:15.992+0000][1][safepoint    ] Total time for which application threads were stopped: 0.0011766 seconds, Stopping threads took: 0.0005542 seconds
[2022-06-13T02:34:16.993+0000][1][safepoint    ] Application time: 1.0001826 seconds
[2022-06-13T02:34:16.993+0000][1][safepoint    ] Entering safepoint region: Cleanup
[2022-06-13T02:34:16.994+0000][1][safepoint    ] Leaving safepoint region
[2022-06-13T02:34:16.994+0000][1][safepoint    ] Total time for which application threads were stopped: 0.0004888 seconds, Stopping threads took: 0.0002252 seconds
[2022-06-13T02:34:17.994+0000][1][safepoint    ] Application time: 1.0001291 seconds
[2022-06-13T02:34:17.994+0000][1][safepoint    ] Entering safepoint region: Cleanup
[2022-06-13T02:34:17.995+0000][1][safepoint    ] Leaving safepoint region
[2022-06-13T02:34:17.995+0000][1][safepoint    ] Total time for which application threads were stopped: 0.0005094 seconds, Stopping threads took: 0.0003195 seconds
[2022-06-13T02:34:18.995+0000][1][safepoint    ] Application time: 1.0002476 seconds
[2022-06-13T02:34:18.996+0000][1][safepoint    ] Entering safepoint region: Cleanup
[2022-06-13T02:34:18.997+0000][1][safepoint    ] Leaving safepoint region
[2022-06-13T02:34:18.997+0000][1][safepoint    ] Total time for which application threads were stopped: 0.0011425 seconds, Stopping threads took: 0.0004880 seconds
[2022-06-13T02:34:19.998+0000][1][safepoint    ] Application time: 1.0001449 seconds
[2022-06-13T02:34:19.998+0000][1][safepoint    ] Entering safepoint region: Cleanup
[2022-06-13T02:34:19.999+0000][1][safepoint    ] Leaving safepoint region
[2022-06-13T02:34:19.999+0000][1][safepoint    ] Total time for which application threads were stopped: 0.0005601 seconds, Stopping threads took: 0.0002480 seconds
[2022-06-13T02:34:20.999+0000][1][safepoint    ] Application time: 1.0000934 seconds
[2022-06-13T02:34:20.999+0000][1][safepoint    ] Entering safepoint region: Cleanup
[2022-06-13T02:34:21.000+0000][1][safepoint    ] Leaving safepoint region
[2022-06-13T02:34:21.000+0000][1][safepoint    ] Total time for which application threads were stopped: 0.0003321 seconds, Stopping threads took: 0.0001433 seconds
[2022-06-13T02:34:22.000+0000][1][safepoint    ] Application time: 1.0001898 seconds
[2022-06-13T02:34:22.000+0000][1][safepoint    ] Entering safepoint region: Cleanup
[2022-06-13T02:34:22.001+0000][1][safepoint    ] Leaving safepoint region
[2022-06-13T02:34:22.001+0000][1][safepoint    ] Total time for which application threads were stopped: 0.0005873 seconds, Stopping threads took: 0.0001963 seconds
[2022-06-13T02:34:23.001+0000][1][safepoint    ] Application time: 1.0001469 seconds
[2022-06-13T02:34:23.002+0000][1][safepoint    ] Entering safepoint region: Cleanup
[2022-06-13T02:34:23.002+0000][1][safepoint    ] Leaving safepoint region
[2022-06-13T02:34:23.003+0000][1][safepoint    ] Total time for which application threads were stopped: 0.0009101 seconds, Stopping threads took: 0.0005005 seconds
[2022-06-13T02:34:24.003+0000][1][safepoint    ] Application time: 1.0002210 seconds
[2022-06-13T02:34:24.004+0000][1][safepoint    ] Entering safepoint region: Cleanup
[2022-06-13T02:34:24.004+0000][1][safepoint    ] Leaving safepoint region
[2022-06-13T02:34:24.005+0000][1][safepoint    ] Total time for which application threads were stopped: 0.0009223 seconds, Stopping threads took: 0.0004234 seconds
[2022-06-13T02:34:25.005+0000][1][safepoint    ] Application time: 1.0002770 seconds
[2022-06-13T02:34:25.006+0000][1][safepoint    ] Entering safepoint region: Cleanup
[2022-06-13T02:34:25.007+0000][1][safepoint    ] Leaving safepoint region
[2022-06-13T02:34:25.007+0000][1][safepoint    ] Total time for which application threads were stopped: 0.0011681 seconds, Stopping threads took: 0.0004850 seconds
[2022-06-13T02:34:26.008+0000][1][safepoint    ] Application time: 1.0002189 seconds
[2022-06-13T02:34:26.008+0000][1][safepoint    ] Entering safepoint region: Cleanup
[2022-06-13T02:34:26.009+0000][1][safepoint    ] Leaving safepoint region
[2022-06-13T02:34:26.010+0000][1][safepoint    ] Total time for which application threads were stopped: 0.0010867 seconds, Stopping threads took: 0.0004970 seconds
[2022-06-13T02:34:27.010+0000][1][safepoint    ] Application time: 1.0003002 seconds
[2022-06-13T02:34:27.011+0000][1][safepoint    ] Entering safepoint region: Cleanup
[2022-06-13T02:34:27.012+0000][1][safepoint    ] Leaving safepoint region
[2022-06-13T02:34:27.012+0000][1][safepoint    ] Total time for which application threads were stopped: 0.0010653 seconds, Stopping threads took: 0.0005515 seconds
[2022-06-13T02:34:28.013+0000][1][safepoint    ] Application time: 1.0001291 seconds
[2022-06-13T02:34:28.013+0000][1][safepoint    ] Entering safepoint region: Cleanup
[2022-06-13T02:34:28.013+0000][1][safepoint    ] Leaving safepoint region
[2022-06-13T02:34:28.013+0000][1][safepoint    ] Total time for which application threads were stopped: 0.0004917 seconds, Stopping threads took: 0.0002308 seconds
[2022-06-13T02:34:29.014+0000][1][safepoint    ] Application time: 1.0001093 seconds
[2022-06-13T02:34:29.014+0000][1][safepoint    ] Entering safepoint region: Cleanup
[2022-06-13T02:34:29.015+0000][1][safepoint    ] Leaving safepoint region
[2022-06-13T02:34:29.015+0000][1][safepoint    ] Total time for which application threads were stopped: 0.0007259 seconds, Stopping threads took: 0.0003260 seconds
[2022-06-13T02:34:30.015+0000][1][safepoint    ] Application time: 1.0002939 seconds
[2022-06-13T02:34:30.016+0000][1][safepoint    ] Entering safepoint region: Cleanup
[2022-06-13T02:34:30.016+0000][1][safepoint    ] Leaving safepoint region
[2022-06-13T02:34:30.016+0000][1][safepoint    ] Total time for which application threads were stopped: 0.0005681 seconds, Stopping threads took: 0.0003088 seconds
[2022-06-13T02:34:31.017+0000][1][safepoint    ] Application time: 1.0002344 seconds
[2022-06-13T02:34:31.017+0000][1][safepoint    ] Entering safepoint region: Cleanup
[2022-06-13T02:34:31.017+0000][1][safepoint    ] Leaving safepoint region
[2022-06-13T02:34:31.018+0000][1][safepoint    ] Total time for which application threads were stopped: 0.0006120 seconds, Stopping threads took: 0.0003227 seconds
[2022-06-13T02:34:32.018+0000][1][safepoint    ] Application time: 1.0001944 seconds
[2022-06-13T02:34:32.018+0000][1][safepoint    ] Entering safepoint region: Cleanup
[2022-06-13T02:34:32.019+0000][1][safepoint    ] Leaving safepoint region
[2022-06-13T02:34:32.019+0000][1][safepoint    ] Total time for which application threads were stopped: 0.0008588 seconds, Stopping threads took: 0.0003917 seconds
[2022-06-13T02:34:33.020+0000][1][safepoint    ] Application time: 1.0002192 seconds
[2022-06-13T02:34:33.020+0000][1][safepoint    ] Entering safepoint region: Cleanup
[2022-06-13T02:34:33.021+0000][1][safepoint    ] Leaving safepoint region
[2022-06-13T02:34:33.021+0000][1][safepoint    ] Total time for which application threads were stopped: 0.0007440 seconds, Stopping threads took: 0.0003595 seconds
[2022-06-13T02:34:34.022+0000][1][safepoint    ] Application time: 1.0002832 seconds
[2022-06-13T02:34:34.022+0000][1][safepoint    ] Entering safepoint region: Cleanup
[2022-06-13T02:34:34.023+0000][1][safepoint    ] Leaving safepoint region
[2022-06-13T02:34:34.024+0000][1][safepoint    ] Total time for which application threads were stopped: 0.0011462 seconds, Stopping threads took: 0.0005724 seconds
[2022-06-13T02:34:35.024+0000][1][safepoint    ] Application time: 1.0002405 seconds
[2022-06-13T02:34:35.025+0000][1][safepoint    ] Entering safepoint region: Cleanup
[2022-06-13T02:34:35.025+0000][1][safepoint    ] Leaving safepoint region
[2022-06-13T02:34:35.026+0000][1][safepoint    ] Total time for which application threads were stopped: 0.0006888 seconds, Stopping threads took: 0.0003126 seconds
[2022-06-13T02:34:36.026+0000][1][safepoint    ] Application time: 1.0002577 seconds
[2022-06-13T02:34:36.027+0000][1][safepoint    ] Entering safepoint region: Cleanup
[2022-06-13T02:34:36.027+0000][1][safepoint    ] Leaving safepoint region
[2022-06-13T02:34:36.028+0000][1][safepoint    ] Total time for which application threads were stopped: 0.0010130 seconds, Stopping threads took: 0.0004388 seconds
[2022-06-13T02:34:37.028+0000][1][safepoint    ] Application time: 1.0002785 seconds
[2022-06-13T02:34:37.029+0000][1][safepoint    ] Entering safepoint region: Cleanup
[2022-06-13T02:34:37.030+0000][1][safepoint    ] Leaving safepoint region
[2022-06-13T02:34:37.030+0000][1][safepoint    ] Total time for which application threads were stopped: 0.0008968 seconds, Stopping threads took: 0.0004923 seconds
[2022-06-13T02:34:38.030+0000][1][safepoint    ] Application time: 1.0000913 seconds
[2022-06-13T02:34:38.031+0000][1][safepoint    ] Entering safepoint region: Cleanup
[2022-06-13T02:34:38.031+0000][1][safepoint    ] Leaving safepoint region
[2022-06-13T02:34:38.031+0000][1][safepoint    ] Total time for which application threads were stopped: 0.0005961 seconds, Stopping threads took: 0.0002766 seconds
[2022-06-13T02:34:39.032+0000][1][safepoint    ] Application time: 1.0001729 seconds
[2022-06-13T02:34:39.032+0000][1][safepoint    ] Entering safepoint region: Cleanup
[2022-06-13T02:34:39.033+0000][1][safepoint    ] Leaving safepoint region
[2022-06-13T02:34:39.033+0000][1][safepoint    ] Total time for which application threads were stopped: 0.0008936 seconds, Stopping threads took: 0.0004226 seconds
[2022-06-13T02:34:40.034+0000][1][safepoint    ] Application time: 1.0002052 seconds
[2022-06-13T02:34:40.034+0000][1][safepoint    ] Entering safepoint region: Cleanup
[2022-06-13T02:34:40.035+0000][1][safepoint    ] Leaving safepoint region
[2022-06-13T02:34:40.035+0000][1][safepoint    ] Total time for which application threads were stopped: 0.0006278 seconds, Stopping threads took: 0.0002850 seconds
[2022-06-13T02:34:41.036+0000][1][safepoint    ] Application time: 1.0001114 seconds
[2022-06-13T02:34:41.036+0000][1][safepoint    ] Entering safepoint region: Cleanup
[2022-06-13T02:34:41.037+0000][1][safepoint    ] Leaving safepoint region
[2022-06-13T02:34:41.037+0000][1][safepoint    ] Total time for which application threads were stopped: 0.0011889 seconds, Stopping threads took: 0.0004616 seconds
[2022-06-13T02:34:42.038+0000][1][safepoint    ] Application time: 1.0002755 seconds
[2022-06-13T02:34:42.039+0000][1][safepoint    ] Entering safepoint region: Cleanup
[2022-06-13T02:34:42.039+0000][1][safepoint    ] Leaving safepoint region
[2022-06-13T02:34:42.039+0000][1][safepoint    ] Total time for which application threads were stopped: 0.0007795 seconds, Stopping threads took: 0.0003650 seconds
[2022-06-13T02:34:43.040+0000][1][safepoint    ] Application time: 1.0002069 seconds
[2022-06-13T02:34:43.041+0000][1][safepoint    ] Entering safepoint region: Cleanup
[2022-06-13T02:34:43.041+0000][1][safepoint    ] Leaving safepoint region
[2022-06-13T02:34:43.042+0000][1][safepoint    ] Total time for which application threads were stopped: 0.0011885 seconds, Stopping threads took: 0.0004723 seconds
[2022-06-13T02:34:44.043+0000][1][safepoint    ] Application time: 1.0002300 seconds
[2022-06-13T02:34:44.043+0000][1][safepoint    ] Entering safepoint region: Cleanup
[2022-06-13T02:34:44.044+0000][1][safepoint    ] Leaving safepoint region
[2022-06-13T02:34:44.044+0000][1][safepoint    ] Total time for which application threads were stopped: 0.0011665 seconds, Stopping threads took: 0.0005227 seconds
[2022-06-13T02:34:45.045+0000][1][safepoint    ] Application time: 1.0002464 seconds
[2022-06-13T02:34:45.046+0000][1][safepoint    ] Entering safepoint region: Cleanup
[2022-06-13T02:34:45.047+0000][1][safepoint    ] Leaving safepoint region
[2022-06-13T02:34:45.048+0000][1][safepoint    ] Total time for which application threads were stopped: 0.0014827 seconds, Stopping threads took: 0.0007823 seconds
[2022-06-13T02:34:46.048+0000][1][safepoint    ] Application time: 1.0002039 seconds
[2022-06-13T02:34:46.049+0000][1][safepoint    ] Entering safepoint region: Cleanup
[2022-06-13T02:34:46.049+0000][1][safepoint    ] Leaving safepoint region
[2022-06-13T02:34:46.050+0000][1][safepoint    ] Total time for which application threads were stopped: 0.0007530 seconds, Stopping threads took: 0.0004167 seconds
[2022-06-13T02:34:47.050+0000][1][safepoint    ] Application time: 1.0002300 seconds
[2022-06-13T02:34:47.051+0000][1][safepoint    ] Entering safepoint region: Cleanup
[2022-06-13T02:34:47.052+0000][1][safepoint    ] Leaving safepoint region
[2022-06-13T02:34:47.052+0000][1][safepoint    ] Total time for which application threads were stopped: 0.0008784 seconds, Stopping threads took: 0.0004725 seconds
[2022-06-13T02:34:48.053+0000][1][safepoint    ] Application time: 1.0004461 seconds
[2022-06-13T02:34:48.053+0000][1][safepoint    ] Entering safepoint region: Cleanup
[2022-06-13T02:34:48.054+0000][1][safepoint    ] Leaving safepoint region
[2022-06-13T02:34:48.055+0000][1][safepoint    ] Total time for which application threads were stopped: 0.0012180 seconds, Stopping threads took: 0.0005850 seconds
[2022-06-13T02:34:49.055+0000][1][safepoint    ] Application time: 1.0001956 seconds
[2022-06-13T02:34:49.056+0000][1][safepoint    ] Entering safepoint region: Cleanup
[2022-06-13T02:34:49.056+0000][1][safepoint    ] Leaving safepoint region
[2022-06-13T02:34:49.056+0000][1][safepoint    ] Total time for which application threads were stopped: 0.0007052 seconds, Stopping threads took: 0.0002737 seconds
[2022-06-13T02:34:50.057+0000][1][safepoint    ] Application time: 1.0003063 seconds
[2022-06-13T02:34:50.058+0000][1][safepoint    ] Entering safepoint region: Cleanup
[2022-06-13T02:34:50.058+0000][1][safepoint    ] Leaving safepoint region
[2022-06-13T02:34:50.058+0000][1][safepoint    ] Total time for which application threads were stopped: 0.0009335 seconds, Stopping threads took: 0.0004412 seconds
[2022-06-13T02:34:51.059+0000][1][safepoint    ] Application time: 1.0001095 seconds
[2022-06-13T02:34:51.059+0000][1][safepoint    ] Entering safepoint region: Cleanup
[2022-06-13T02:34:51.060+0000][1][safepoint    ] Leaving safepoint region
[2022-06-13T02:34:51.060+0000][1][safepoint    ] Total time for which application threads were stopped: 0.0006263 seconds, Stopping threads took: 0.0002928 seconds
[2022-06-13T02:34:52.061+0000][1][safepoint    ] Application time: 1.0001501 seconds
[2022-06-13T02:34:52.061+0000][1][safepoint    ] Entering safepoint region: Cleanup
[2022-06-13T02:34:52.062+0000][1][safepoint    ] Leaving safepoint region
[2022-06-13T02:34:52.062+0000][1][safepoint    ] Total time for which application threads were stopped: 0.0009425 seconds, Stopping threads took: 0.0004575 seconds
[2022-06-13T02:34:53.063+0000][1][safepoint    ] Application time: 1.0002001 seconds
[2022-06-13T02:34:53.063+0000][1][safepoint    ] Entering safepoint region: Cleanup
[2022-06-13T02:34:53.064+0000][1][safepoint    ] Leaving safepoint region
[2022-06-13T02:34:53.064+0000][1][safepoint    ] Total time for which application threads were stopped: 0.0007475 seconds, Stopping threads took: 0.0003633 seconds
[2022-06-13T02:34:54.065+0000][1][safepoint    ] Application time: 1.0002951 seconds
[2022-06-13T02:34:54.065+0000][1][safepoint    ] Entering safepoint region: Cleanup
[2022-06-13T02:34:54.065+0000][1][safepoint    ] Leaving safepoint region
[2022-06-13T02:34:54.066+0000][1][safepoint    ] Total time for which application threads were stopped: 0.0008180 seconds, Stopping threads took: 0.0003324 seconds
[2022-06-13T02:34:55.066+0000][1][safepoint    ] Application time: 1.0002695 seconds
[2022-06-13T02:34:55.067+0000][1][safepoint    ] Entering safepoint region: Cleanup
[2022-06-13T02:34:55.067+0000][1][safepoint    ] Leaving safepoint region
[2022-06-13T02:34:55.067+0000][1][safepoint    ] Total time for which application threads were stopped: 0.0008527 seconds, Stopping threads took: 0.0004517 seconds
[2022-06-13T02:34:56.068+0000][1][safepoint    ] Application time: 1.0001078 seconds
[2022-06-13T02:34:56.068+0000][1][safepoint    ] Entering safepoint region: Cleanup
[2022-06-13T02:34:56.069+0000][1][safepoint    ] Leaving safepoint region
[2022-06-13T02:34:56.069+0000][1][safepoint    ] Total time for which application threads were stopped: 0.0006900 seconds, Stopping threads took: 0.0003251 seconds
[2022-06-13T02:34:57.070+0000][1][safepoint    ] Application time: 1.0003408 seconds
[2022-06-13T02:34:57.070+0000][1][safepoint    ] Entering safepoint region: Cleanup
[2022-06-13T02:34:57.071+0000][1][safepoint    ] Leaving safepoint region
[2022-06-13T02:34:57.071+0000][1][safepoint    ] Total time for which application threads were stopped: 0.0008054 seconds, Stopping threads took: 0.0003851 seconds
[2022-06-13T02:34:58.072+0000][1][safepoint    ] Application time: 1.0002502 seconds
[2022-06-13T02:34:58.072+0000][1][safepoint    ] Entering safepoint region: Cleanup
[2022-06-13T02:34:58.073+0000][1][safepoint    ] Leaving safepoint region
[2022-06-13T02:34:58.074+0000][1][safepoint    ] Total time for which application threads were stopped: 0.0015416 seconds, Stopping threads took: 0.0007251 seconds
[2022-06-13T02:34:59.075+0000][1][safepoint    ] Application time: 1.0001873 seconds
[2022-06-13T02:34:59.075+0000][1][safepoint    ] Entering safepoint region: Cleanup
[2022-06-13T02:34:59.076+0000][1][safepoint    ] Leaving safepoint region
[2022-06-13T02:34:59.077+0000][1][safepoint    ] Total time for which application threads were stopped: 0.0013598 seconds, Stopping threads took: 0.0006333 seconds
[2022-06-13T02:35:00.078+0000][1][safepoint    ] Application time: 1.0003096 seconds
[2022-06-13T02:35:00.078+0000][1][safepoint    ] Entering safepoint region: Cleanup
[2022-06-13T02:35:00.079+0000][1][safepoint    ] Leaving safepoint region
[2022-06-13T02:35:00.079+0000][1][safepoint    ] Total time for which application threads were stopped: 0.0008134 seconds, Stopping threads took: 0.0003342 seconds
[2022-06-13T02:35:01.080+0000][1][safepoint    ] Application time: 1.0001785 seconds
[2022-06-13T02:35:01.080+0000][1][safepoint    ] Entering safepoint region: Cleanup
[2022-06-13T02:35:01.081+0000][1][safepoint    ] Leaving safepoint region
[2022-06-13T02:35:01.081+0000][1][safepoint    ] Total time for which application threads were stopped: 0.0008066 seconds, Stopping threads took: 0.0003969 seconds
[2022-06-13T02:35:02.081+0000][1][safepoint    ] Application time: 1.0001463 seconds
[2022-06-13T02:35:02.082+0000][1][safepoint    ] Entering safepoint region: Cleanup
[2022-06-13T02:35:02.082+0000][1][safepoint    ] Leaving safepoint region
[2022-06-13T02:35:02.083+0000][1][safepoint    ] Total time for which application threads were stopped: 0.0008372 seconds, Stopping threads took: 0.0003802 seconds
[2022-06-13T02:35:03.083+0000][1][safepoint    ] Application time: 1.0002089 seconds
[2022-06-13T02:35:03.084+0000][1][safepoint    ] Entering safepoint region: Cleanup
[2022-06-13T02:35:03.085+0000][1][safepoint    ] Leaving safepoint region
[2022-06-13T02:35:03.086+0000][1][safepoint    ] Total time for which application threads were stopped: 0.0014337 seconds, Stopping threads took: 0.0006262 seconds
[2022-06-13T02:35:04.086+0000][1][safepoint    ] Application time: 1.0001445 seconds
[2022-06-13T02:35:04.087+0000][1][safepoint    ] Entering safepoint region: Cleanup
[2022-06-13T02:35:04.087+0000][1][safepoint    ] Leaving safepoint region
[2022-06-13T02:35:04.087+0000][1][safepoint    ] Total time for which application threads were stopped: 0.0005357 seconds, Stopping threads took: 0.0001498 seconds
[2022-06-13T02:35:05.088+0000][1][safepoint    ] Application time: 1.0001768 seconds
[2022-06-13T02:35:05.088+0000][1][safepoint    ] Entering safepoint region: Cleanup
[2022-06-13T02:35:05.089+0000][1][safepoint    ] Leaving safepoint region
[2022-06-13T02:35:05.089+0000][1][safepoint    ] Total time for which application threads were stopped: 0.0010353 seconds, Stopping threads took: 0.0004935 seconds
[2022-06-13T02:35:06.090+0000][1][safepoint    ] Application time: 1.0002369 seconds
[2022-06-13T02:35:06.091+0000][1][safepoint    ] Entering safepoint region: Cleanup
[2022-06-13T02:35:06.091+0000][1][safepoint    ] Leaving safepoint region
[2022-06-13T02:35:06.091+0000][1][safepoint    ] Total time for which application threads were stopped: 0.0009851 seconds, Stopping threads took: 0.0006053 seconds
[2022-06-13T02:35:07.092+0000][1][safepoint    ] Application time: 1.0002426 seconds
[2022-06-13T02:35:07.093+0000][1][safepoint    ] Entering safepoint region: Cleanup
[2022-06-13T02:35:07.093+0000][1][safepoint    ] Leaving safepoint region
[2022-06-13T02:35:07.094+0000][1][safepoint    ] Total time for which application threads were stopped: 0.0008511 seconds, Stopping threads took: 0.0003473 seconds
[2022-06-13T02:35:08.094+0000][1][safepoint    ] Application time: 1.0003482 seconds
[2022-06-13T02:35:08.095+0000][1][safepoint    ] Entering safepoint region: Cleanup
[2022-06-13T02:35:08.095+0000][1][safepoint    ] Leaving safepoint region
[2022-06-13T02:35:08.095+0000][1][safepoint    ] Total time for which application threads were stopped: 0.0007070 seconds, Stopping threads took: 0.0002961 seconds
[2022-06-13T02:35:09.096+0000][1][safepoint    ] Application time: 1.0003110 seconds
[2022-06-13T02:35:09.097+0000][1][safepoint    ] Entering safepoint region: Cleanup
[2022-06-13T02:35:09.098+0000][1][safepoint    ] Leaving safepoint region
[2022-06-13T02:35:09.099+0000][1][safepoint    ] Total time for which application threads were stopped: 0.0018652 seconds, Stopping threads took: 0.0007023 seconds
[2022-06-13T02:35:10.100+0000][1][safepoint    ] Application time: 1.0003704 seconds
[2022-06-13T02:35:10.101+0000][1][safepoint    ] Entering safepoint region: Cleanup
[2022-06-13T02:35:10.101+0000][1][safepoint    ] Leaving safepoint region
[2022-06-13T02:35:10.102+0000][1][safepoint    ] Total time for which application threads were stopped: 0.0012173 seconds, Stopping threads took: 0.0005709 seconds
[2022-06-13T02:35:11.103+0000][1][safepoint    ] Application time: 1.0002634 seconds
[2022-06-13T02:35:11.104+0000][1][safepoint    ] Entering safepoint region: Cleanup
[2022-06-13T02:35:11.104+0000][1][safepoint    ] Leaving safepoint region
[2022-06-13T02:35:11.105+0000][1][safepoint    ] Total time for which application threads were stopped: 0.0012051 seconds, Stopping threads took: 0.0006424 seconds
[2022-06-13T02:35:12.998+0000][1][safepoint    ] Application time: 1.8926854 seconds
[2022-06-13T02:35:12.998+0000][1][safepoint    ] Entering safepoint region: Cleanup
[2022-06-13T02:35:12.999+0000][1][safepoint    ] Leaving safepoint region
[2022-06-13T02:35:12.999+0000][1][safepoint    ] Total time for which application threads were stopped: 0.0007024 seconds, Stopping threads took: 0.0002902 seconds
[2022-06-13T02:35:14.000+0000][1][safepoint    ] Application time: 1.0002815 seconds
[2022-06-13T02:35:14.000+0000][1][safepoint    ] Entering safepoint region: Cleanup
[2022-06-13T02:35:14.001+0000][1][safepoint    ] Leaving safepoint region
[2022-06-13T02:35:14.002+0000][1][safepoint    ] Total time for which application threads were stopped: 0.0015479 seconds, Stopping threads took: 0.0007132 seconds
[2022-06-13T02:35:15.002+0000][1][safepoint    ] Application time: 1.0002486 seconds
[2022-06-13T02:35:15.003+0000][1][safepoint    ] Entering safepoint region: Cleanup
[2022-06-13T02:35:15.003+0000][1][safepoint    ] Leaving safepoint region
[2022-06-13T02:35:15.004+0000][1][safepoint    ] Total time for which application threads were stopped: 0.0007212 seconds, Stopping threads took: 0.0002238 seconds
[2022-06-13T02:35:16.004+0000][1][safepoint    ] Application time: 1.0002079 seconds
[2022-06-13T02:35:16.004+0000][1][safepoint    ] Entering safepoint region: Cleanup
[2022-06-13T02:35:16.005+0000][1][safepoint    ] Leaving safepoint region
[2022-06-13T02:35:16.005+0000][1][safepoint    ] Total time for which application threads were stopped: 0.0005020 seconds, Stopping threads took: 0.0001900 seconds
[2022-06-13T02:35:17.006+0000][1][safepoint    ] Application time: 1.0003245 seconds
[2022-06-13T02:35:17.006+0000][1][safepoint    ] Entering safepoint region: Cleanup
[2022-06-13T02:35:17.007+0000][1][safepoint    ] Leaving safepoint region
[2022-06-13T02:35:17.007+0000][1][safepoint    ] Total time for which application threads were stopped: 0.0008255 seconds, Stopping threads took: 0.0002902 seconds
[2022-06-13T02:35:18.007+0000][1][safepoint    ] Application time: 1.0001089 seconds
[2022-06-13T02:35:18.008+0000][1][safepoint    ] Entering safepoint region: Cleanup
[2022-06-13T02:35:18.008+0000][1][safepoint    ] Leaving safepoint region
[2022-06-13T02:35:18.008+0000][1][safepoint    ] Total time for which application threads were stopped: 0.0002959 seconds, Stopping threads took: 0.0001419 seconds
[2022-06-13T02:35:19.008+0000][1][safepoint    ] Application time: 1.0002686 seconds
[2022-06-13T02:35:19.009+0000][1][safepoint    ] Entering safepoint region: Cleanup
[2022-06-13T02:35:19.009+0000][1][safepoint    ] Leaving safepoint region
[2022-06-13T02:35:19.010+0000][1][safepoint    ] Total time for which application threads were stopped: 0.0008751 seconds, Stopping threads took: 0.0003895 seconds
[2022-06-13T02:35:20.010+0000][1][safepoint    ] Application time: 1.0001903 seconds
[2022-06-13T02:35:20.011+0000][1][safepoint    ] Entering safepoint region: Cleanup
[2022-06-13T02:35:20.011+0000][1][safepoint    ] Leaving safepoint region
[2022-06-13T02:35:20.011+0000][1][safepoint    ] Total time for which application threads were stopped: 0.0004368 seconds, Stopping threads took: 0.0002335 seconds
[2022-06-13T02:35:21.011+0000][1][safepoint    ] Application time: 1.0001801 seconds
[2022-06-13T02:35:21.012+0000][1][safepoint    ] Entering safepoint region: Cleanup
[2022-06-13T02:35:21.012+0000][1][safepoint    ] Leaving safepoint region
[2022-06-13T02:35:21.013+0000][1][safepoint    ] Total time for which application threads were stopped: 0.0007432 seconds, Stopping threads took: 0.0002756 seconds
[2022-06-13T02:35:22.013+0000][1][safepoint    ] Application time: 1.0001376 seconds
[2022-06-13T02:35:22.014+0000][1][safepoint    ] Entering safepoint region: Cleanup
[2022-06-13T02:35:22.014+0000][1][safepoint    ] Leaving safepoint region
[2022-06-13T02:35:22.014+0000][1][safepoint    ] Total time for which application threads were stopped: 0.0004608 seconds, Stopping threads took: 0.0001857 seconds
[2022-06-13T02:35:23.014+0000][1][safepoint    ] Application time: 1.0000989 seconds
[2022-06-13T02:35:23.015+0000][1][safepoint    ] Entering safepoint region: Cleanup
[2022-06-13T02:35:23.015+0000][1][safepoint    ] Leaving safepoint region
[2022-06-13T02:35:23.016+0000][1][safepoint    ] Total time for which application threads were stopped: 0.0009367 seconds, Stopping threads took: 0.0002239 seconds
[2022-06-13T02:35:24.016+0000][1][safepoint    ] Application time: 1.0002510 seconds
[2022-06-13T02:35:24.017+0000][1][safepoint    ] Entering safepoint region: Cleanup
[2022-06-13T02:35:24.017+0000][1][safepoint    ] Leaving safepoint region
[2022-06-13T02:35:24.018+0000][1][safepoint    ] Total time for which application threads were stopped: 0.0013364 seconds, Stopping threads took: 0.0006044 seconds
[2022-06-13T02:35:25.019+0000][1][safepoint    ] Application time: 1.0004472 seconds
[2022-06-13T02:35:25.020+0000][1][safepoint    ] Entering safepoint region: Cleanup
[2022-06-13T02:35:25.020+0000][1][safepoint    ] Leaving safepoint region
[2022-06-13T02:35:25.020+0000][1][safepoint    ] Total time for which application threads were stopped: 0.0008133 seconds, Stopping threads took: 0.0003925 seconds
[2022-06-13T02:35:26.021+0000][1][safepoint    ] Application time: 1.0002529 seconds
[2022-06-13T02:35:26.022+0000][1][safepoint    ] Entering safepoint region: Cleanup
[2022-06-13T02:35:26.022+0000][1][safepoint    ] Leaving safepoint region
[2022-06-13T02:35:26.023+0000][1][safepoint    ] Total time for which application threads were stopped: 0.0009885 seconds, Stopping threads took: 0.0004534 seconds
[2022-06-13T02:35:27.023+0000][1][safepoint    ] Application time: 1.0001684 seconds
[2022-06-13T02:35:27.024+0000][1][safepoint    ] Entering safepoint region: Cleanup
[2022-06-13T02:35:27.024+0000][1][safepoint    ] Leaving safepoint region
[2022-06-13T02:35:27.025+0000][1][safepoint    ] Total time for which application threads were stopped: 0.0013085 seconds, Stopping threads took: 0.0005863 seconds
[2022-06-13T02:35:28.026+0000][1][safepoint    ] Application time: 1.0002250 seconds
[2022-06-13T02:35:28.026+0000][1][safepoint    ] Entering safepoint region: Cleanup
[2022-06-13T02:35:28.027+0000][1][safepoint    ] Leaving safepoint region
[2022-06-13T02:35:28.027+0000][1][safepoint    ] Total time for which application threads were stopped: 0.0009607 seconds, Stopping threads took: 0.0004288 seconds
[2022-06-13T02:35:29.028+0000][1][safepoint    ] Application time: 1.0001763 seconds
[2022-06-13T02:35:29.028+0000][1][safepoint    ] Entering safepoint region: Cleanup
[2022-06-13T02:35:29.029+0000][1][safepoint    ] Leaving safepoint region
[2022-06-13T02:35:29.029+0000][1][safepoint    ] Total time for which application threads were stopped: 0.0008580 seconds, Stopping threads took: 0.0003693 seconds
[2022-06-13T02:35:30.029+0000][1][safepoint    ] Application time: 1.0002183 seconds
[2022-06-13T02:35:30.030+0000][1][safepoint    ] Entering safepoint region: Cleanup
[2022-06-13T02:35:30.030+0000][1][safepoint    ] Leaving safepoint region
[2022-06-13T02:35:30.031+0000][1][safepoint    ] Total time for which application threads were stopped: 0.0007690 seconds, Stopping threads took: 0.0003509 seconds
[2022-06-13T02:35:31.031+0000][1][safepoint    ] Application time: 1.0002121 seconds
[2022-06-13T02:35:31.032+0000][1][safepoint    ] Entering safepoint region: Cleanup
[2022-06-13T02:35:31.032+0000][1][safepoint    ] Leaving safepoint region
[2022-06-13T02:35:31.033+0000][1][safepoint    ] Total time for which application threads were stopped: 0.0008977 seconds, Stopping threads took: 0.0002627 seconds
[2022-06-13T02:35:32.033+0000][1][safepoint    ] Application time: 1.0001928 seconds
[2022-06-13T02:35:32.034+0000][1][safepoint    ] Entering safepoint region: Cleanup
[2022-06-13T02:35:32.034+0000][1][safepoint    ] Leaving safepoint region
[2022-06-13T02:35:32.034+0000][1][safepoint    ] Total time for which application threads were stopped: 0.0006042 seconds, Stopping threads took: 0.0002739 seconds
[2022-06-13T02:35:33.035+0000][1][safepoint    ] Application time: 1.0002090 seconds
[2022-06-13T02:35:33.035+0000][1][safepoint    ] Entering safepoint region: Cleanup
[2022-06-13T02:35:33.036+0000][1][safepoint    ] Leaving safepoint region
[2022-06-13T02:35:33.036+0000][1][safepoint    ] Total time for which application threads were stopped: 0.0009197 seconds, Stopping threads took: 0.0004247 seconds
[2022-06-13T02:35:34.036+0000][1][safepoint    ] Application time: 1.0001094 seconds
[2022-06-13T02:35:34.037+0000][1][safepoint    ] Entering safepoint region: Cleanup
[2022-06-13T02:35:34.037+0000][1][safepoint    ] Leaving safepoint region
[2022-06-13T02:35:34.038+0000][1][safepoint    ] Total time for which application threads were stopped: 0.0007819 seconds, Stopping threads took: 0.0003777 seconds
[2022-06-13T02:35:35.039+0000][1][safepoint    ] Application time: 1.0003448 seconds
[2022-06-13T02:35:35.039+0000][1][safepoint    ] Entering safepoint region: Cleanup
[2022-06-13T02:35:35.039+0000][1][safepoint    ] Leaving safepoint region
[2022-06-13T02:35:35.040+0000][1][safepoint    ] Total time for which application threads were stopped: 0.0007116 seconds, Stopping threads took: 0.0002982 seconds
[2022-06-13T02:35:36.040+0000][1][safepoint    ] Application time: 1.0001456 seconds
[2022-06-13T02:35:36.041+0000][1][safepoint    ] Entering safepoint region: Cleanup
[2022-06-13T02:35:36.041+0000][1][safepoint    ] Leaving safepoint region
[2022-06-13T02:35:36.042+0000][1][safepoint    ] Total time for which application threads were stopped: 0.0007972 seconds, Stopping threads took: 0.0003661 seconds
[2022-06-13T02:35:38.012+0000][1][safepoint    ] Application time: 1.9695479 seconds
[2022-06-13T02:35:38.012+0000][1][safepoint    ] Entering safepoint region: Cleanup
[2022-06-13T02:35:38.012+0000][1][safepoint    ] Leaving safepoint region
[2022-06-13T02:35:38.013+0000][1][safepoint    ] Total time for which application threads were stopped: 0.0008818 seconds, Stopping threads took: 0.0004144 seconds
[2022-06-13T02:35:39.013+0000][1][safepoint    ] Application time: 1.0002406 seconds
[2022-06-13T02:35:39.014+0000][1][safepoint    ] Entering safepoint region: Cleanup
[2022-06-13T02:35:39.014+0000][1][safepoint    ] Leaving safepoint region
[2022-06-13T02:35:39.015+0000][1][safepoint    ] Total time for which application threads were stopped: 0.0010196 seconds, Stopping threads took: 0.0004256 seconds
[2022-06-13T02:35:40.015+0000][1][safepoint    ] Application time: 1.0001960 seconds
[2022-06-13T02:35:40.016+0000][1][safepoint    ] Entering safepoint region: Cleanup
[2022-06-13T02:35:40.016+0000][1][safepoint    ] Leaving safepoint region
[2022-06-13T02:35:40.017+0000][1][safepoint    ] Total time for which application threads were stopped: 0.0008161 seconds, Stopping threads took: 0.0003920 seconds
[2022-06-13T02:35:41.017+0000][1][safepoint    ] Application time: 1.0001922 seconds
[2022-06-13T02:35:41.017+0000][1][safepoint    ] Entering safepoint region: Cleanup
[2022-06-13T02:35:41.018+0000][1][safepoint    ] Leaving safepoint region
[2022-06-13T02:35:41.018+0000][1][safepoint    ] Total time for which application threads were stopped: 0.0005819 seconds, Stopping threads took: 0.0002767 seconds
[2022-06-13T02:35:42.018+0000][1][safepoint    ] Application time: 1.0001858 seconds
[2022-06-13T02:35:42.019+0000][1][safepoint    ] Entering safepoint region: Cleanup
[2022-06-13T02:35:42.019+0000][1][safepoint    ] Leaving safepoint region
[2022-06-13T02:35:42.020+0000][1][safepoint    ] Total time for which application threads were stopped: 0.0008242 seconds, Stopping threads took: 0.0003921 seconds
[2022-06-13T02:35:43.020+0000][1][safepoint    ] Application time: 1.0001990 seconds
[2022-06-13T02:35:43.021+0000][1][safepoint    ] Entering safepoint region: Cleanup
[2022-06-13T02:35:43.021+0000][1][safepoint    ] Leaving safepoint region
[2022-06-13T02:35:43.022+0000][1][safepoint    ] Total time for which application threads were stopped: 0.0009472 seconds, Stopping threads took: 0.0004328 seconds
[2022-06-13T02:35:44.022+0000][1][safepoint    ] Application time: 1.0001184 seconds
[2022-06-13T02:35:44.023+0000][1][safepoint    ] Entering safepoint region: Cleanup
[2022-06-13T02:35:44.024+0000][1][safepoint    ] Leaving safepoint region
[2022-06-13T02:35:44.024+0000][1][safepoint    ] Total time for which application threads were stopped: 0.0015165 seconds, Stopping threads took: 0.0009134 seconds
[2022-06-13T02:35:45.025+0000][1][safepoint    ] Application time: 1.0001993 seconds
[2022-06-13T02:35:45.025+0000][1][safepoint    ] Entering safepoint region: Cleanup
[2022-06-13T02:35:45.026+0000][1][safepoint    ] Leaving safepoint region
[2022-06-13T02:35:45.026+0000][1][safepoint    ] Total time for which application threads were stopped: 0.0010934 seconds, Stopping threads took: 0.0004326 seconds
[2022-06-13T02:35:46.027+0000][1][safepoint    ] Application time: 1.0003131 seconds
[2022-06-13T02:35:46.028+0000][1][safepoint    ] Entering safepoint region: Cleanup
[2022-06-13T02:35:46.028+0000][1][safepoint    ] Leaving safepoint region
[2022-06-13T02:35:46.029+0000][1][safepoint    ] Total time for which application threads were stopped: 0.0008347 seconds, Stopping threads took: 0.0004717 seconds
[2022-06-13T02:35:47.029+0000][1][safepoint    ] Application time: 1.0001915 seconds
[2022-06-13T02:35:47.030+0000][1][safepoint    ] Entering safepoint region: Cleanup
[2022-06-13T02:35:47.030+0000][1][safepoint    ] Leaving safepoint region
[2022-06-13T02:35:47.030+0000][1][safepoint    ] Total time for which application threads were stopped: 0.0006233 seconds, Stopping threads took: 0.0001688 seconds
[2022-06-13T02:35:48.031+0000][1][safepoint    ] Application time: 1.0001615 seconds
[2022-06-13T02:35:48.031+0000][1][safepoint    ] Entering safepoint region: Cleanup
[2022-06-13T02:35:48.032+0000][1][safepoint    ] Leaving safepoint region
[2022-06-13T02:35:48.032+0000][1][safepoint    ] Total time for which application threads were stopped: 0.0011837 seconds, Stopping threads took: 0.0005900 seconds
[2022-06-13T02:35:49.033+0000][1][safepoint    ] Application time: 1.0001051 seconds
[2022-06-13T02:35:49.033+0000][1][safepoint    ] Entering safepoint region: Cleanup
[2022-06-13T02:35:49.034+0000][1][safepoint    ] Leaving safepoint region
[2022-06-13T02:35:49.034+0000][1][safepoint    ] Total time for which application threads were stopped: 0.0003902 seconds, Stopping threads took: 0.0001741 seconds
[2022-06-13T02:35:50.034+0000][1][safepoint    ] Application time: 1.0002412 seconds
[2022-06-13T02:35:50.034+0000][1][safepoint    ] Entering safepoint region: Cleanup
[2022-06-13T02:35:50.035+0000][1][safepoint    ] Leaving safepoint region
[2022-06-13T02:35:50.035+0000][1][safepoint    ] Total time for which application threads were stopped: 0.0006766 seconds, Stopping threads took: 0.0003428 seconds
[2022-06-13T02:35:51.035+0000][1][safepoint    ] Application time: 1.0001637 seconds
[2022-06-13T02:35:51.036+0000][1][safepoint    ] Entering safepoint region: Cleanup
[2022-06-13T02:35:51.036+0000][1][safepoint    ] Leaving safepoint region
[2022-06-13T02:35:51.036+0000][1][safepoint    ] Total time for which application threads were stopped: 0.0004912 seconds, Stopping threads took: 0.0002827 seconds
[2022-06-13T02:35:52.037+0000][1][safepoint    ] Application time: 1.0001263 seconds
[2022-06-13T02:35:52.037+0000][1][safepoint    ] Entering safepoint region: Cleanup
[2022-06-13T02:35:52.037+0000][1][safepoint    ] Leaving safepoint region
[2022-06-13T02:35:52.038+0000][1][safepoint    ] Total time for which application threads were stopped: 0.0007403 seconds, Stopping threads took: 0.0003260 seconds
[2022-06-13T02:35:53.038+0000][1][safepoint    ] Application time: 1.0002142 seconds
[2022-06-13T02:35:53.039+0000][1][safepoint    ] Entering safepoint region: Cleanup
[2022-06-13T02:35:53.039+0000][1][safepoint    ] Leaving safepoint region
[2022-06-13T02:35:53.040+0000][1][safepoint    ] Total time for which application threads were stopped: 0.0008453 seconds, Stopping threads took: 0.0003595 seconds
[2022-06-13T02:35:54.040+0000][1][safepoint    ] Application time: 1.0002626 seconds
[2022-06-13T02:35:54.041+0000][1][safepoint    ] Entering safepoint region: Cleanup
[2022-06-13T02:35:54.042+0000][1][safepoint    ] Leaving safepoint region
[2022-06-13T02:35:54.042+0000][1][safepoint    ] Total time for which application threads were stopped: 0.0009562 seconds, Stopping threads took: 0.0004402 seconds
[2022-06-13T02:35:55.043+0000][1][safepoint    ] Application time: 1.0001954 seconds
[2022-06-13T02:35:55.043+0000][1][safepoint    ] Entering safepoint region: Cleanup
[2022-06-13T02:35:55.044+0000][1][safepoint    ] Leaving safepoint region
[2022-06-13T02:35:55.044+0000][1][safepoint    ] Total time for which application threads were stopped: 0.0010182 seconds, Stopping threads took: 0.0004452 seconds
[2022-06-13T02:35:56.045+0000][1][safepoint    ] Application time: 1.0002334 seconds
[2022-06-13T02:35:56.045+0000][1][safepoint    ] Entering safepoint region: Cleanup
[2022-06-13T02:35:56.046+0000][1][safepoint    ] Leaving safepoint region
[2022-06-13T02:35:56.047+0000][1][safepoint    ] Total time for which application threads were stopped: 0.0014438 seconds, Stopping threads took: 0.0006646 seconds
[2022-06-13T02:35:57.047+0000][1][safepoint    ] Application time: 1.0001264 seconds
[2022-06-13T02:35:57.047+0000][1][safepoint    ] Entering safepoint region: Cleanup
[2022-06-13T02:35:57.048+0000][1][safepoint    ] Leaving safepoint region
[2022-06-13T02:35:57.048+0000][1][safepoint    ] Total time for which application threads were stopped: 0.0006603 seconds, Stopping threads took: 0.0002387 seconds
[2022-06-13T02:35:58.049+0000][1][safepoint    ] Application time: 1.0001257 seconds
[2022-06-13T02:35:58.049+0000][1][safepoint    ] Entering safepoint region: Cleanup
[2022-06-13T02:35:58.049+0000][1][safepoint    ] Leaving safepoint region
[2022-06-13T02:35:58.049+0000][1][safepoint    ] Total time for which application threads were stopped: 0.0004494 seconds, Stopping threads took: 0.0001895 seconds
[2022-06-13T02:35:59.050+0000][1][safepoint    ] Application time: 1.0002731 seconds
[2022-06-13T02:35:59.050+0000][1][safepoint    ] Entering safepoint region: Cleanup
[2022-06-13T02:35:59.051+0000][1][safepoint    ] Leaving safepoint region
[2022-06-13T02:35:59.051+0000][1][safepoint    ] Total time for which application threads were stopped: 0.0005783 seconds, Stopping threads took: 0.0002722 seconds
[2022-06-13T02:36:00.051+0000][1][safepoint    ] Application time: 1.0002010 seconds
[2022-06-13T02:36:00.052+0000][1][safepoint    ] Entering safepoint region: Cleanup
[2022-06-13T02:36:00.052+0000][1][safepoint    ] Leaving safepoint region
[2022-06-13T02:36:00.052+0000][1][safepoint    ] Total time for which application threads were stopped: 0.0006262 seconds, Stopping threads took: 0.0002670 seconds
[2022-06-13T02:36:01.053+0000][1][safepoint    ] Application time: 1.0001130 seconds
[2022-06-13T02:36:01.053+0000][1][safepoint    ] Entering safepoint region: Cleanup
[2022-06-13T02:36:01.054+0000][1][safepoint    ] Leaving safepoint region
[2022-06-13T02:36:01.054+0000][1][safepoint    ] Total time for which application threads were stopped: 0.0006133 seconds, Stopping threads took: 0.0003452 seconds
[2022-06-13T02:36:02.054+0000][1][safepoint    ] Application time: 1.0002310 seconds
[2022-06-13T02:36:02.055+0000][1][safepoint    ] Entering safepoint region: Cleanup
[2022-06-13T02:36:02.056+0000][1][safepoint    ] Leaving safepoint region
[2022-06-13T02:36:02.056+0000][1][safepoint    ] Total time for which application threads were stopped: 0.0013064 seconds, Stopping threads took: 0.0010206 seconds
[2022-06-13T02:36:03.056+0000][1][safepoint    ] Application time: 1.0002114 seconds
[2022-06-13T02:36:03.057+0000][1][safepoint    ] Entering safepoint region: Cleanup
[2022-06-13T02:36:03.057+0000][1][safepoint    ] Leaving safepoint region
[2022-06-13T02:36:03.058+0000][1][safepoint    ] Total time for which application threads were stopped: 0.0008139 seconds, Stopping threads took: 0.0003410 seconds
[2022-06-13T02:36:04.058+0000][1][safepoint    ] Application time: 1.0001233 seconds
[2022-06-13T02:36:04.059+0000][1][safepoint    ] Entering safepoint region: Cleanup
[2022-06-13T02:36:04.060+0000][1][safepoint    ] Leaving safepoint region
[2022-06-13T02:36:04.060+0000][1][safepoint    ] Total time for which application threads were stopped: 0.0014919 seconds, Stopping threads took: 0.0006219 seconds
[2022-06-13T02:36:05.061+0000][1][safepoint    ] Application time: 1.0002691 seconds
[2022-06-13T02:36:05.062+0000][1][safepoint    ] Entering safepoint region: Cleanup
[2022-06-13T02:36:05.063+0000][1][safepoint    ] Leaving safepoint region
[2022-06-13T02:36:05.063+0000][1][safepoint    ] Total time for which application threads were stopped: 0.0013731 seconds, Stopping threads took: 0.0006484 seconds
[2022-06-13T02:36:06.064+0000][1][safepoint    ] Application time: 1.0002279 seconds
[2022-06-13T02:36:06.065+0000][1][safepoint    ] Entering safepoint region: Cleanup
[2022-06-13T02:36:06.065+0000][1][safepoint    ] Leaving safepoint region
[2022-06-13T02:36:06.066+0000][1][safepoint    ] Total time for which application threads were stopped: 0.0014230 seconds, Stopping threads took: 0.0006452 seconds
[2022-06-13T02:36:07.067+0000][1][safepoint    ] Application time: 1.0002638 seconds
[2022-06-13T02:36:07.068+0000][1][safepoint    ] Entering safepoint region: Cleanup
[2022-06-13T02:36:07.068+0000][1][safepoint    ] Leaving safepoint region
[2022-06-13T02:36:07.069+0000][1][safepoint    ] Total time for which application threads were stopped: 0.0009969 seconds, Stopping threads took: 0.0005087 seconds
[2022-06-13T02:36:08.069+0000][1][safepoint    ] Application time: 1.0002509 seconds
[2022-06-13T02:36:08.070+0000][1][safepoint    ] Entering safepoint region: Cleanup
[2022-06-13T02:36:08.070+0000][1][safepoint    ] Leaving safepoint region
[2022-06-13T02:36:08.070+0000][1][safepoint    ] Total time for which application threads were stopped: 0.0008084 seconds, Stopping threads took: 0.0003376 seconds
[2022-06-13T02:36:09.071+0000][1][safepoint    ] Application time: 1.0001754 seconds
[2022-06-13T02:36:09.071+0000][1][safepoint    ] Entering safepoint region: Cleanup
[2022-06-13T02:36:09.072+0000][1][safepoint    ] Leaving safepoint region
[2022-06-13T02:36:09.072+0000][1][safepoint    ] Total time for which application threads were stopped: 0.0008452 seconds, Stopping threads took: 0.0002665 seconds
[2022-06-13T02:36:10.073+0000][1][safepoint    ] Application time: 1.0002588 seconds
[2022-06-13T02:36:10.074+0000][1][safepoint    ] Entering safepoint region: Cleanup
[2022-06-13T02:36:10.074+0000][1][safepoint    ] Leaving safepoint region
[2022-06-13T02:36:10.075+0000][1][safepoint    ] Total time for which application threads were stopped: 0.0010871 seconds, Stopping threads took: 0.0004414 seconds
[2022-06-13T02:36:11.075+0000][1][safepoint    ] Application time: 1.0001935 seconds
[2022-06-13T02:36:11.075+0000][1][safepoint    ] Entering safepoint region: Cleanup
[2022-06-13T02:36:11.076+0000][1][safepoint    ] Leaving safepoint region
[2022-06-13T02:36:11.076+0000][1][safepoint    ] Total time for which application threads were stopped: 0.0004729 seconds, Stopping threads took: 0.0002155 seconds
[2022-06-13T02:36:12.076+0000][1][safepoint    ] Application time: 1.0001820 seconds
[2022-06-13T02:36:12.077+0000][1][safepoint    ] Entering safepoint region: Cleanup
[2022-06-13T02:36:12.077+0000][1][safepoint    ] Leaving safepoint region
[2022-06-13T02:36:12.078+0000][1][safepoint    ] Total time for which application threads were stopped: 0.0009791 seconds, Stopping threads took: 0.0005390 seconds
[2022-06-13T02:36:13.078+0000][1][safepoint    ] Application time: 1.0001704 seconds
[2022-06-13T02:36:13.078+0000][1][safepoint    ] Entering safepoint region: Cleanup
[2022-06-13T02:36:13.079+0000][1][safepoint    ] Leaving safepoint region
[2022-06-13T02:36:13.079+0000][1][safepoint    ] Total time for which application threads were stopped: 0.0003373 seconds, Stopping threads took: 0.0001611 seconds
[2022-06-13T02:36:14.079+0000][1][safepoint    ] Application time: 1.0002560 seconds
[2022-06-13T02:36:14.080+0000][1][safepoint    ] Entering safepoint region: Cleanup
[2022-06-13T02:36:14.080+0000][1][safepoint    ] Leaving safepoint region
[2022-06-13T02:36:14.081+0000][1][safepoint    ] Total time for which application threads were stopped: 0.0010430 seconds, Stopping threads took: 0.0004688 seconds
[2022-06-13T02:36:15.081+0000][1][safepoint    ] Application time: 1.0001978 seconds
[2022-06-13T02:36:15.082+0000][1][safepoint    ] Entering safepoint region: Cleanup
[2022-06-13T02:36:15.082+0000][1][safepoint    ] Leaving safepoint region
[2022-06-13T02:36:15.083+0000][1][safepoint    ] Total time for which application threads were stopped: 0.0007874 seconds, Stopping threads took: 0.0003759 seconds
[2022-06-13T02:36:16.083+0000][1][safepoint    ] Application time: 1.0003383 seconds
[2022-06-13T02:36:16.084+0000][1][safepoint    ] Entering safepoint region: Cleanup
[2022-06-13T02:36:16.084+0000][1][safepoint    ] Leaving safepoint region
[2022-06-13T02:36:16.084+0000][1][safepoint    ] Total time for which application threads were stopped: 0.0005797 seconds, Stopping threads took: 0.0002786 seconds
[2022-06-13T02:36:17.085+0000][1][safepoint    ] Application time: 1.0001020 seconds
[2022-06-13T02:36:17.085+0000][1][safepoint    ] Entering safepoint region: Cleanup
[2022-06-13T02:36:17.085+0000][1][safepoint    ] Leaving safepoint region
[2022-06-13T02:36:17.086+0000][1][safepoint    ] Total time for which application threads were stopped: 0.0005794 seconds, Stopping threads took: 0.0002501 seconds
[2022-06-13T02:36:18.086+0000][1][safepoint    ] Application time: 1.0003387 seconds
[2022-06-13T02:36:18.087+0000][1][safepoint    ] Entering safepoint region: Cleanup
[2022-06-13T02:36:18.087+0000][1][safepoint    ] Leaving safepoint region
[2022-06-13T02:36:18.088+0000][1][safepoint    ] Total time for which application threads were stopped: 0.0009658 seconds, Stopping threads took: 0.0004509 seconds
[2022-06-13T02:36:19.088+0000][1][safepoint    ] Application time: 1.0002445 seconds
[2022-06-13T02:36:19.089+0000][1][safepoint    ] Entering safepoint region: Cleanup
[2022-06-13T02:36:19.090+0000][1][safepoint    ] Leaving safepoint region
[2022-06-13T02:36:19.090+0000][1][safepoint    ] Total time for which application threads were stopped: 0.0008940 seconds, Stopping threads took: 0.0004282 seconds
[2022-06-13T02:36:21.060+0000][1][safepoint    ] Application time: 1.9692114 seconds
[2022-06-13T02:36:21.060+0000][1][safepoint    ] Entering safepoint region: Cleanup
[2022-06-13T02:36:21.060+0000][1][safepoint    ] Leaving safepoint region
[2022-06-13T02:36:21.061+0000][1][safepoint    ] Total time for which application threads were stopped: 0.0006718 seconds, Stopping threads took: 0.0003058 seconds
[2022-06-13T02:36:22.061+0000][1][safepoint    ] Application time: 1.0001050 seconds
[2022-06-13T02:36:22.062+0000][1][safepoint    ] Entering safepoint region: Cleanup
[2022-06-13T02:36:22.062+0000][1][safepoint    ] Leaving safepoint region
[2022-06-13T02:36:22.062+0000][1][safepoint    ] Total time for which application threads were stopped: 0.0008640 seconds, Stopping threads took: 0.0004365 seconds
[2022-06-13T02:36:23.063+0000][1][safepoint    ] Application time: 1.0003549 seconds
[2022-06-13T02:36:23.064+0000][1][safepoint    ] Entering safepoint region: Cleanup
[2022-06-13T02:36:23.064+0000][1][safepoint    ] Leaving safepoint region
[2022-06-13T02:36:23.065+0000][1][safepoint    ] Total time for which application threads were stopped: 0.0009591 seconds, Stopping threads took: 0.0004142 seconds
[2022-06-13T02:36:24.065+0000][1][safepoint    ] Application time: 1.0002104 seconds
[2022-06-13T02:36:24.066+0000][1][safepoint    ] Entering safepoint region: Cleanup
[2022-06-13T02:36:24.066+0000][1][safepoint    ] Leaving safepoint region
[2022-06-13T02:36:24.067+0000][1][safepoint    ] Total time for which application threads were stopped: 0.0008930 seconds, Stopping threads took: 0.0003749 seconds
[2022-06-13T02:36:25.067+0000][1][safepoint    ] Application time: 1.0002049 seconds
[2022-06-13T02:36:25.067+0000][1][safepoint    ] Entering safepoint region: Cleanup
[2022-06-13T02:36:25.068+0000][1][safepoint    ] Leaving safepoint region
[2022-06-13T02:36:25.068+0000][1][safepoint    ] Total time for which application threads were stopped: 0.0008588 seconds, Stopping threads took: 0.0003385 seconds
[2022-06-13T02:36:26.069+0000][1][safepoint    ] Application time: 1.0002050 seconds
[2022-06-13T02:36:26.069+0000][1][safepoint    ] Entering safepoint region: Cleanup
[2022-06-13T02:36:26.070+0000][1][safepoint    ] Leaving safepoint region
[2022-06-13T02:36:26.070+0000][1][safepoint    ] Total time for which application threads were stopped: 0.0007634 seconds, Stopping threads took: 0.0003672 seconds
[2022-06-13T02:36:27.071+0000][1][safepoint    ] Application time: 1.0000984 seconds
[2022-06-13T02:36:27.071+0000][1][safepoint    ] Entering safepoint region: Cleanup
[2022-06-13T02:36:27.071+0000][1][safepoint    ] Leaving safepoint region
[2022-06-13T02:36:27.072+0000][1][safepoint    ] Total time for which application threads were stopped: 0.0005852 seconds, Stopping threads took: 0.0003364 seconds
[2022-06-13T02:36:28.072+0000][1][safepoint    ] Application time: 1.0001156 seconds
[2022-06-13T02:36:28.072+0000][1][safepoint    ] Entering safepoint region: Cleanup
[2022-06-13T02:36:28.072+0000][1][safepoint    ] Leaving safepoint region
[2022-06-13T02:36:28.073+0000][1][safepoint    ] Total time for which application threads were stopped: 0.0003852 seconds, Stopping threads took: 0.0001758 seconds
[2022-06-13T02:36:29.073+0000][1][safepoint    ] Application time: 1.0001819 seconds
[2022-06-13T02:36:29.073+0000][1][safepoint    ] Entering safepoint region: Cleanup
[2022-06-13T02:36:29.074+0000][1][safepoint    ] Leaving safepoint region
[2022-06-13T02:36:29.074+0000][1][safepoint    ] Total time for which application threads were stopped: 0.0005211 seconds, Stopping threads took: 0.0001950 seconds
[2022-06-13T02:36:30.074+0000][1][safepoint    ] Application time: 1.0001828 seconds
[2022-06-13T02:36:30.075+0000][1][safepoint    ] Entering safepoint region: Cleanup
[2022-06-13T02:36:30.075+0000][1][safepoint    ] Leaving safepoint region
[2022-06-13T02:36:30.075+0000][1][safepoint    ] Total time for which application threads were stopped: 0.0005472 seconds, Stopping threads took: 0.0002293 seconds
[2022-06-13T02:36:31.076+0000][1][safepoint    ] Application time: 1.0001332 seconds
[2022-06-13T02:36:31.076+0000][1][safepoint    ] Entering safepoint region: Cleanup
[2022-06-13T02:36:31.076+0000][1][safepoint    ] Leaving safepoint region
[2022-06-13T02:36:31.077+0000][1][safepoint    ] Total time for which application threads were stopped: 0.0007284 seconds, Stopping threads took: 0.0002520 seconds
[2022-06-13T02:36:32.077+0000][1][safepoint    ] Application time: 1.0002669 seconds
[2022-06-13T02:36:32.078+0000][1][safepoint    ] Entering safepoint region: Cleanup
[2022-06-13T02:36:32.079+0000][1][safepoint    ] Leaving safepoint region
[2022-06-13T02:36:32.079+0000][1][safepoint    ] Total time for which application threads were stopped: 0.0011039 seconds, Stopping threads took: 0.0004525 seconds
[2022-06-13T02:36:33.080+0000][1][safepoint    ] Application time: 1.0001303 seconds
[2022-06-13T02:36:33.080+0000][1][safepoint    ] Entering safepoint region: Cleanup
[2022-06-13T02:36:33.080+0000][1][safepoint    ] Leaving safepoint region
[2022-06-13T02:36:33.080+0000][1][safepoint    ] Total time for which application threads were stopped: 0.0003555 seconds, Stopping threads took: 0.0001502 seconds
[2022-06-13T02:36:34.081+0000][1][safepoint    ] Application time: 1.0001263 seconds
[2022-06-13T02:36:34.081+0000][1][safepoint    ] Entering safepoint region: Cleanup
[2022-06-13T02:36:34.081+0000][1][safepoint    ] Leaving safepoint region
[2022-06-13T02:36:34.081+0000][1][safepoint    ] Total time for which application threads were stopped: 0.0004593 seconds, Stopping threads took: 0.0001745 seconds
[2022-06-13T02:36:35.082+0000][1][safepoint    ] Application time: 1.0002755 seconds
[2022-06-13T02:36:35.082+0000][1][safepoint    ] Entering safepoint region: Cleanup
[2022-06-13T02:36:35.083+0000][1][safepoint    ] Leaving safepoint region
[2022-06-13T02:36:35.083+0000][1][safepoint    ] Total time for which application threads were stopped: 0.0008846 seconds, Stopping threads took: 0.0004121 seconds
[2022-06-13T02:36:36.084+0000][1][safepoint    ] Application time: 1.0001328 seconds
[2022-06-13T02:36:36.084+0000][1][safepoint    ] Entering safepoint region: Cleanup
[2022-06-13T02:36:36.085+0000][1][safepoint    ] Leaving safepoint region
[2022-06-13T02:36:36.085+0000][1][safepoint    ] Total time for which application threads were stopped: 0.0011635 seconds, Stopping threads took: 0.0005165 seconds
[2022-06-13T02:36:37.086+0000][1][safepoint    ] Application time: 1.0001978 seconds
[2022-06-13T02:36:37.087+0000][1][safepoint    ] Entering safepoint region: Cleanup
[2022-06-13T02:36:37.087+0000][1][safepoint    ] Leaving safepoint region
[2022-06-13T02:36:37.087+0000][1][safepoint    ] Total time for which application threads were stopped: 0.0005302 seconds, Stopping threads took: 0.0002466 seconds
[2022-06-13T02:36:38.045+0000][1][safepoint    ] Application time: 0.9576195 seconds
[2022-06-13T02:36:38.045+0000][1][safepoint    ] Entering safepoint region: GenCollectForAllocation
[2022-06-13T02:36:38.046+0000][1][gc,start     ] GC(31) Pause Young (Allocation Failure)
[2022-06-13T02:36:38.046+0000][1][gc,task      ] GC(31) Using 5 workers of 13 for evacuation
[2022-06-13T02:36:38.047+0000][1][gc,age       ] GC(31) Desired survivor size 4456448 bytes, new threshold 6 (max threshold 6)
[2022-06-13T02:36:38.048+0000][1][gc,age       ] GC(31) Age table with threshold 6 (max threshold 6)
[2022-06-13T02:36:38.048+0000][1][gc,age       ] GC(31) - age   1:      35400 bytes,      35400 total
[2022-06-13T02:36:38.048+0000][1][gc,age       ] GC(31) - age   2:      14304 bytes,      49704 total
[2022-06-13T02:36:38.049+0000][1][gc,age       ] GC(31) - age   3:      13960 bytes,      63664 total
[2022-06-13T02:36:38.049+0000][1][gc,age       ] GC(31) - age   4:      14392 bytes,      78056 total
[2022-06-13T02:36:38.049+0000][1][gc,age       ] GC(31) - age   5:      29136 bytes,     107192 total
[2022-06-13T02:36:38.049+0000][1][gc,age       ] GC(31) - age   6:      15784 bytes,     122976 total
[2022-06-13T02:36:38.050+0000][1][gc,heap      ] GC(31) ParNew: 70136K->180K(78656K)
[2022-06-13T02:36:38.050+0000][1][gc,heap      ] GC(31) CMS: 68233K->68247K(174784K)
[2022-06-13T02:36:38.050+0000][1][gc,metaspace ] GC(31) Metaspace: 64295K->64295K(1107968K)
[2022-06-13T02:36:38.050+0000][1][gc           ] GC(31) Pause Young (Allocation Failure) 135M->66M(247M) 4.691ms
[2022-06-13T02:36:38.051+0000][1][gc,cpu       ] GC(31) User=0.00s Sys=0.00s Real=0.01s
[2022-06-13T02:36:38.051+0000][1][safepoint    ] Leaving safepoint region
[2022-06-13T02:36:38.051+0000][1][safepoint    ] Total time for which application threads were stopped: 0.0057592 seconds, Stopping threads took: 0.0002273 seconds
[2022-06-13T02:36:39.052+0000][1][safepoint    ] Application time: 1.0002054 seconds
[2022-06-13T02:36:39.052+0000][1][safepoint    ] Entering safepoint region: Cleanup
[2022-06-13T02:36:39.053+0000][1][safepoint    ] Leaving safepoint region
[2022-06-13T02:36:39.054+0000][1][safepoint    ] Total time for which application threads were stopped: 0.0014354 seconds, Stopping threads took: 0.0005803 seconds
[2022-06-13T02:36:40.055+0000][1][safepoint    ] Application time: 1.0001531 seconds
[2022-06-13T02:36:40.055+0000][1][safepoint    ] Entering safepoint region: Cleanup
[2022-06-13T02:36:40.055+0000][1][safepoint    ] Leaving safepoint region
[2022-06-13T02:36:40.056+0000][1][safepoint    ] Total time for which application threads were stopped: 0.0007740 seconds, Stopping threads took: 0.0002498 seconds
[2022-06-13T02:36:41.056+0000][1][safepoint    ] Application time: 1.0002285 seconds
[2022-06-13T02:36:41.057+0000][1][safepoint    ] Entering safepoint region: Cleanup
[2022-06-13T02:36:41.057+0000][1][safepoint    ] Leaving safepoint region
[2022-06-13T02:36:41.057+0000][1][safepoint    ] Total time for which application threads were stopped: 0.0005454 seconds, Stopping threads took: 0.0002892 seconds
[2022-06-13T02:36:42.058+0000][1][safepoint    ] Application time: 1.0002039 seconds
[2022-06-13T02:36:42.058+0000][1][safepoint    ] Entering safepoint region: Cleanup
[2022-06-13T02:36:42.059+0000][1][safepoint    ] Leaving safepoint region
[2022-06-13T02:36:42.059+0000][1][safepoint    ] Total time for which application threads were stopped: 0.0008795 seconds, Stopping threads took: 0.0002473 seconds
[2022-06-13T02:36:43.060+0000][1][safepoint    ] Application time: 1.0001938 seconds
[2022-06-13T02:36:43.060+0000][1][safepoint    ] Entering safepoint region: Cleanup
[2022-06-13T02:36:43.061+0000][1][safepoint    ] Leaving safepoint region
[2022-06-13T02:36:43.061+0000][1][safepoint    ] Total time for which application threads were stopped: 0.0008489 seconds, Stopping threads took: 0.0003979 seconds
[2022-06-13T02:36:44.061+0000][1][safepoint    ] Application time: 1.0001765 seconds
[2022-06-13T02:36:44.062+0000][1][safepoint    ] Entering safepoint region: Cleanup
[2022-06-13T02:36:44.063+0000][1][safepoint    ] Leaving safepoint region
[2022-06-13T02:36:44.063+0000][1][safepoint    ] Total time for which application threads were stopped: 0.0009847 seconds, Stopping threads took: 0.0004308 seconds
[2022-06-13T02:36:45.064+0000][1][safepoint    ] Application time: 1.0001489 seconds
[2022-06-13T02:36:45.064+0000][1][safepoint    ] Entering safepoint region: Cleanup
[2022-06-13T02:36:45.065+0000][1][safepoint    ] Leaving safepoint region
[2022-06-13T02:36:45.065+0000][1][safepoint    ] Total time for which application threads were stopped: 0.0006673 seconds, Stopping threads took: 0.0003507 seconds
[2022-06-13T02:36:46.066+0000][1][safepoint    ] Application time: 1.0001813 seconds
[2022-06-13T02:36:46.066+0000][1][safepoint    ] Entering safepoint region: Cleanup
[2022-06-13T02:36:46.067+0000][1][safepoint    ] Leaving safepoint region
[2022-06-13T02:36:46.067+0000][1][safepoint    ] Total time for which application threads were stopped: 0.0008658 seconds, Stopping threads took: 0.0004262 seconds
[2022-06-13T02:36:47.068+0000][1][safepoint    ] Application time: 1.0002098 seconds
[2022-06-13T02:36:47.069+0000][1][safepoint    ] Entering safepoint region: Cleanup
[2022-06-13T02:36:47.069+0000][1][safepoint    ] Leaving safepoint region
[2022-06-13T02:36:47.069+0000][1][safepoint    ] Total time for which application threads were stopped: 0.0007568 seconds, Stopping threads took: 0.0004291 seconds
[2022-06-13T02:36:48.070+0000][1][safepoint    ] Application time: 1.0001208 seconds
[2022-06-13T02:36:48.071+0000][1][safepoint    ] Entering safepoint region: Cleanup
[2022-06-13T02:36:48.071+0000][1][safepoint    ] Leaving safepoint region
[2022-06-13T02:36:48.072+0000][1][safepoint    ] Total time for which application threads were stopped: 0.0011423 seconds, Stopping threads took: 0.0005285 seconds
[2022-06-13T02:36:49.072+0000][1][safepoint    ] Application time: 1.0001030 seconds
[2022-06-13T02:36:49.072+0000][1][safepoint    ] Entering safepoint region: Cleanup
[2022-06-13T02:36:49.073+0000][1][safepoint    ] Leaving safepoint region
[2022-06-13T02:36:49.073+0000][1][safepoint    ] Total time for which application threads were stopped: 0.0006568 seconds, Stopping threads took: 0.0002327 seconds
[2022-06-13T02:36:50.074+0000][1][safepoint    ] Application time: 1.0002031 seconds
[2022-06-13T02:36:50.074+0000][1][safepoint    ] Entering safepoint region: Cleanup
[2022-06-13T02:36:50.075+0000][1][safepoint    ] Leaving safepoint region
[2022-06-13T02:36:50.075+0000][1][safepoint    ] Total time for which application threads were stopped: 0.0010015 seconds, Stopping threads took: 0.0004851 seconds
[2022-06-13T02:36:52.062+0000][1][safepoint    ] Application time: 1.9869033 seconds
[2022-06-13T02:36:52.063+0000][1][safepoint    ] Entering safepoint region: Cleanup
[2022-06-13T02:36:52.064+0000][1][safepoint    ] Leaving safepoint region
[2022-06-13T02:36:52.064+0000][1][safepoint    ] Total time for which application threads were stopped: 0.0013748 seconds, Stopping threads took: 0.0005971 seconds
[2022-06-13T02:36:53.065+0000][1][safepoint    ] Application time: 1.0001512 seconds
[2022-06-13T02:36:53.065+0000][1][safepoint    ] Entering safepoint region: Cleanup
[2022-06-13T02:36:53.065+0000][1][safepoint    ] Leaving safepoint region
[2022-06-13T02:36:53.066+0000][1][safepoint    ] Total time for which application threads were stopped: 0.0006537 seconds, Stopping threads took: 0.0003266 seconds
[2022-06-13T02:36:54.066+0000][1][safepoint    ] Application time: 1.0000945 seconds
[2022-06-13T02:36:54.067+0000][1][safepoint    ] Entering safepoint region: Cleanup
[2022-06-13T02:36:54.067+0000][1][safepoint    ] Leaving safepoint region
[2022-06-13T02:36:54.067+0000][1][safepoint    ] Total time for which application threads were stopped: 0.0007833 seconds, Stopping threads took: 0.0003979 seconds
[2022-06-13T02:36:55.068+0000][1][safepoint    ] Application time: 1.0002122 seconds
[2022-06-13T02:36:55.068+0000][1][safepoint    ] Entering safepoint region: Cleanup
[2022-06-13T02:36:55.069+0000][1][safepoint    ] Leaving safepoint region
[2022-06-13T02:36:55.069+0000][1][safepoint    ] Total time for which application threads were stopped: 0.0004769 seconds, Stopping threads took: 0.0001392 seconds
[2022-06-13T02:36:56.069+0000][1][safepoint    ] Application time: 1.0002376 seconds
[2022-06-13T02:36:56.070+0000][1][safepoint    ] Entering safepoint region: Cleanup
[2022-06-13T02:36:56.070+0000][1][safepoint    ] Leaving safepoint region
[2022-06-13T02:36:56.070+0000][1][safepoint    ] Total time for which application threads were stopped: 0.0006827 seconds, Stopping threads took: 0.0002907 seconds
[2022-06-13T02:36:57.071+0000][1][safepoint    ] Application time: 1.0002965 seconds
[2022-06-13T02:36:57.071+0000][1][safepoint    ] Entering safepoint region: Cleanup
[2022-06-13T02:36:57.072+0000][1][safepoint    ] Leaving safepoint region
[2022-06-13T02:36:57.072+0000][1][safepoint    ] Total time for which application threads were stopped: 0.0004726 seconds, Stopping threads took: 0.0001998 seconds
[2022-06-13T02:36:58.072+0000][1][safepoint    ] Application time: 1.0001923 seconds
[2022-06-13T02:36:58.073+0000][1][safepoint    ] Entering safepoint region: Cleanup
[2022-06-13T02:36:58.073+0000][1][safepoint    ] Leaving safepoint region
[2022-06-13T02:36:58.074+0000][1][safepoint    ] Total time for which application threads were stopped: 0.0007174 seconds, Stopping threads took: 0.0003588 seconds
[2022-06-13T02:36:59.074+0000][1][safepoint    ] Application time: 1.0003125 seconds
[2022-06-13T02:36:59.075+0000][1][safepoint    ] Entering safepoint region: Cleanup
[2022-06-13T02:36:59.075+0000][1][safepoint    ] Leaving safepoint region
[2022-06-13T02:36:59.075+0000][1][safepoint    ] Total time for which application threads were stopped: 0.0006794 seconds, Stopping threads took: 0.0003870 seconds
[2022-06-13T02:37:00.076+0000][1][safepoint    ] Application time: 1.0001261 seconds
[2022-06-13T02:37:00.076+0000][1][safepoint    ] Entering safepoint region: Cleanup
[2022-06-13T02:37:00.077+0000][1][safepoint    ] Leaving safepoint region
[2022-06-13T02:37:00.077+0000][1][safepoint    ] Total time for which application threads were stopped: 0.0008673 seconds, Stopping threads took: 0.0004025 seconds
[2022-06-13T02:37:01.078+0000][1][safepoint    ] Application time: 1.0002413 seconds
[2022-06-13T02:37:01.078+0000][1][safepoint    ] Entering safepoint region: Cleanup
[2022-06-13T02:37:01.079+0000][1][safepoint    ] Leaving safepoint region
[2022-06-13T02:37:01.079+0000][1][safepoint    ] Total time for which application threads were stopped: 0.0005329 seconds, Stopping threads took: 0.0002941 seconds
[2022-06-13T02:37:02.079+0000][1][safepoint    ] Application time: 1.0001427 seconds
[2022-06-13T02:37:02.080+0000][1][safepoint    ] Entering safepoint region: Cleanup
[2022-06-13T02:37:02.080+0000][1][safepoint    ] Leaving safepoint region
[2022-06-13T02:37:02.080+0000][1][safepoint    ] Total time for which application threads were stopped: 0.0006619 seconds, Stopping threads took: 0.0002234 seconds
[2022-06-13T02:37:03.081+0000][1][safepoint    ] Application time: 1.0003231 seconds
[2022-06-13T02:37:03.081+0000][1][safepoint    ] Entering safepoint region: Cleanup
[2022-06-13T02:37:03.082+0000][1][safepoint    ] Leaving safepoint region
[2022-06-13T02:37:03.082+0000][1][safepoint    ] Total time for which application threads were stopped: 0.0007083 seconds, Stopping threads took: 0.0002459 seconds
[2022-06-13T02:37:04.083+0000][1][safepoint    ] Application time: 1.0002661 seconds
[2022-06-13T02:37:04.083+0000][1][safepoint    ] Entering safepoint region: Cleanup
[2022-06-13T02:37:04.084+0000][1][safepoint    ] Leaving safepoint region
[2022-06-13T02:37:04.084+0000][1][safepoint    ] Total time for which application threads were stopped: 0.0009660 seconds, Stopping threads took: 0.0005640 seconds
[2022-06-13T02:37:05.085+0000][1][safepoint    ] Application time: 1.0001954 seconds
[2022-06-13T02:37:05.085+0000][1][safepoint    ] Entering safepoint region: Cleanup
[2022-06-13T02:37:05.086+0000][1][safepoint    ] Leaving safepoint region
[2022-06-13T02:37:05.086+0000][1][safepoint    ] Total time for which application threads were stopped: 0.0006666 seconds, Stopping threads took: 0.0003145 seconds
[2022-06-13T02:37:06.086+0000][1][safepoint    ] Application time: 1.0003215 seconds
[2022-06-13T02:37:06.087+0000][1][safepoint    ] Entering safepoint region: Cleanup
[2022-06-13T02:37:06.087+0000][1][safepoint    ] Leaving safepoint region
[2022-06-13T02:37:06.088+0000][1][safepoint    ] Total time for which application threads were stopped: 0.0007642 seconds, Stopping threads took: 0.0003670 seconds
[2022-06-13T02:37:07.089+0000][1][safepoint    ] Application time: 1.0003421 seconds
[2022-06-13T02:37:07.089+0000][1][safepoint    ] Entering safepoint region: Cleanup
[2022-06-13T02:37:07.090+0000][1][safepoint    ] Leaving safepoint region
[2022-06-13T02:37:07.090+0000][1][safepoint    ] Total time for which application threads were stopped: 0.0009371 seconds, Stopping threads took: 0.0004775 seconds
[2022-06-13T02:37:08.090+0000][1][safepoint    ] Application time: 1.0001020 seconds
[2022-06-13T02:37:08.091+0000][1][safepoint    ] Entering safepoint region: Cleanup
[2022-06-13T02:37:08.091+0000][1][safepoint    ] Leaving safepoint region
[2022-06-13T02:37:08.091+0000][1][safepoint    ] Total time for which application threads were stopped: 0.0003300 seconds, Stopping threads took: 0.0001604 seconds
[2022-06-13T02:37:09.091+0000][1][safepoint    ] Application time: 1.0001267 seconds
[2022-06-13T02:37:09.092+0000][1][safepoint    ] Entering safepoint region: Cleanup
[2022-06-13T02:37:09.092+0000][1][safepoint    ] Leaving safepoint region
[2022-06-13T02:37:09.092+0000][1][safepoint    ] Total time for which application threads were stopped: 0.0003355 seconds, Stopping threads took: 0.0001318 seconds
[2022-06-13T02:37:10.092+0000][1][safepoint    ] Application time: 1.0002210 seconds
[2022-06-13T02:37:10.093+0000][1][safepoint    ] Entering safepoint region: Cleanup
[2022-06-13T02:37:10.093+0000][1][safepoint    ] Leaving safepoint region
[2022-06-13T02:37:10.094+0000][1][safepoint    ] Total time for which application threads were stopped: 0.0006498 seconds, Stopping threads took: 0.0002847 seconds
[2022-06-13T02:37:11.094+0000][1][safepoint    ] Application time: 1.0002679 seconds
[2022-06-13T02:37:11.095+0000][1][safepoint    ] Entering safepoint region: Cleanup
[2022-06-13T02:37:11.095+0000][1][safepoint    ] Leaving safepoint region
[2022-06-13T02:37:11.096+0000][1][safepoint    ] Total time for which application threads were stopped: 0.0008713 seconds, Stopping threads took: 0.0004109 seconds
[2022-06-13T02:37:12.096+0000][1][safepoint    ] Application time: 1.0001375 seconds
[2022-06-13T02:37:12.097+0000][1][safepoint    ] Entering safepoint region: Cleanup
[2022-06-13T02:37:12.097+0000][1][safepoint    ] Leaving safepoint region
[2022-06-13T02:37:12.098+0000][1][safepoint    ] Total time for which application threads were stopped: 0.0006806 seconds, Stopping threads took: 0.0002778 seconds
[2022-06-13T02:37:13.098+0000][1][safepoint    ] Application time: 1.0001508 seconds
[2022-06-13T02:37:13.099+0000][1][safepoint    ] Entering safepoint region: Cleanup
[2022-06-13T02:37:13.099+0000][1][safepoint    ] Leaving safepoint region
[2022-06-13T02:37:13.099+0000][1][safepoint    ] Total time for which application threads were stopped: 0.0007952 seconds, Stopping threads took: 0.0003467 seconds
[2022-06-13T02:37:14.100+0000][1][safepoint    ] Application time: 1.0003366 seconds
[2022-06-13T02:37:14.101+0000][1][safepoint    ] Entering safepoint region: Cleanup
[2022-06-13T02:37:14.101+0000][1][safepoint    ] Leaving safepoint region
[2022-06-13T02:37:14.102+0000][1][safepoint    ] Total time for which application threads were stopped: 0.0010392 seconds, Stopping threads took: 0.0005450 seconds
[2022-06-13T02:37:15.102+0000][1][safepoint    ] Application time: 1.0001051 seconds
[2022-06-13T02:37:15.103+0000][1][safepoint    ] Entering safepoint region: Cleanup
[2022-06-13T02:37:15.103+0000][1][safepoint    ] Leaving safepoint region
[2022-06-13T02:37:15.104+0000][1][safepoint    ] Total time for which application threads were stopped: 0.0009267 seconds, Stopping threads took: 0.0004154 seconds
[2022-06-13T02:37:16.104+0000][1][safepoint    ] Application time: 1.0001469 seconds
[2022-06-13T02:37:16.105+0000][1][safepoint    ] Entering safepoint region: Cleanup
[2022-06-13T02:37:16.105+0000][1][safepoint    ] Leaving safepoint region
[2022-06-13T02:37:16.105+0000][1][safepoint    ] Total time for which application threads were stopped: 0.0006203 seconds, Stopping threads took: 0.0002944 seconds
[2022-06-13T02:37:17.106+0000][1][safepoint    ] Application time: 1.0003457 seconds
[2022-06-13T02:37:17.107+0000][1][safepoint    ] Entering safepoint region: Cleanup
[2022-06-13T02:37:17.108+0000][1][safepoint    ] Leaving safepoint region
[2022-06-13T02:37:17.108+0000][1][safepoint    ] Total time for which application threads were stopped: 0.0013005 seconds, Stopping threads took: 0.0006142 seconds
[2022-06-13T02:37:18.109+0000][1][safepoint    ] Application time: 1.0001079 seconds
[2022-06-13T02:37:18.109+0000][1][safepoint    ] Entering safepoint region: Cleanup
[2022-06-13T02:37:18.110+0000][1][safepoint    ] Leaving safepoint region
[2022-06-13T02:37:18.110+0000][1][safepoint    ] Total time for which application threads were stopped: 0.0007091 seconds, Stopping threads took: 0.0003597 seconds
[2022-06-13T02:37:19.111+0000][1][safepoint    ] Application time: 1.0002108 seconds
[2022-06-13T02:37:19.111+0000][1][safepoint    ] Entering safepoint region: Cleanup
[2022-06-13T02:37:19.112+0000][1][safepoint    ] Leaving safepoint region
[2022-06-13T02:37:19.112+0000][1][safepoint    ] Total time for which application threads were stopped: 0.0008059 seconds, Stopping threads took: 0.0003120 seconds
[2022-06-13T02:37:20.112+0000][1][safepoint    ] Application time: 1.0002699 seconds
[2022-06-13T02:37:20.113+0000][1][safepoint    ] Entering safepoint region: Cleanup
[2022-06-13T02:37:20.113+0000][1][safepoint    ] Leaving safepoint region
[2022-06-13T02:37:20.114+0000][1][safepoint    ] Total time for which application threads were stopped: 0.0008433 seconds, Stopping threads took: 0.0004024 seconds
[2022-06-13T02:37:21.114+0000][1][safepoint    ] Application time: 1.0001215 seconds
[2022-06-13T02:37:21.115+0000][1][safepoint    ] Entering safepoint region: Cleanup
[2022-06-13T02:37:21.115+0000][1][safepoint    ] Leaving safepoint region
[2022-06-13T02:37:21.115+0000][1][safepoint    ] Total time for which application threads were stopped: 0.0003822 seconds, Stopping threads took: 0.0001683 seconds
[2022-06-13T02:37:22.115+0000][1][safepoint    ] Application time: 1.0001414 seconds
[2022-06-13T02:37:22.116+0000][1][safepoint    ] Entering safepoint region: Cleanup
[2022-06-13T02:37:22.116+0000][1][safepoint    ] Leaving safepoint region
[2022-06-13T02:37:22.116+0000][1][safepoint    ] Total time for which application threads were stopped: 0.0004049 seconds, Stopping threads took: 0.0001796 seconds
[2022-06-13T02:37:23.116+0000][1][safepoint    ] Application time: 1.0001911 seconds
[2022-06-13T02:37:23.117+0000][1][safepoint    ] Entering safepoint region: Cleanup
[2022-06-13T02:37:23.117+0000][1][safepoint    ] Leaving safepoint region
[2022-06-13T02:37:23.117+0000][1][safepoint    ] Total time for which application threads were stopped: 0.0006532 seconds, Stopping threads took: 0.0003222 seconds
[2022-06-13T02:37:24.118+0000][1][safepoint    ] Application time: 1.0001392 seconds
[2022-06-13T02:37:24.118+0000][1][safepoint    ] Entering safepoint region: Cleanup
[2022-06-13T02:37:24.119+0000][1][safepoint    ] Leaving safepoint region
[2022-06-13T02:37:24.119+0000][1][safepoint    ] Total time for which application threads were stopped: 0.0005337 seconds, Stopping threads took: 0.0002314 seconds
[2022-06-13T02:37:25.119+0000][1][safepoint    ] Application time: 1.0002309 seconds
[2022-06-13T02:37:25.120+0000][1][safepoint    ] Entering safepoint region: Cleanup
[2022-06-13T02:37:25.120+0000][1][safepoint    ] Leaving safepoint region
[2022-06-13T02:37:25.120+0000][1][safepoint    ] Total time for which application threads were stopped: 0.0006125 seconds, Stopping threads took: 0.0002468 seconds
[2022-06-13T02:37:26.121+0000][1][safepoint    ] Application time: 1.0002064 seconds
[2022-06-13T02:37:26.121+0000][1][safepoint    ] Entering safepoint region: Cleanup
[2022-06-13T02:37:26.122+0000][1][safepoint    ] Leaving safepoint region
[2022-06-13T02:37:26.122+0000][1][safepoint    ] Total time for which application threads were stopped: 0.0007713 seconds, Stopping threads took: 0.0003567 seconds
[2022-06-13T02:37:27.122+0000][1][safepoint    ] Application time: 1.0001125 seconds
[2022-06-13T02:37:27.123+0000][1][safepoint    ] Entering safepoint region: Cleanup
[2022-06-13T02:37:27.123+0000][1][safepoint    ] Leaving safepoint region
[2022-06-13T02:37:27.123+0000][1][safepoint    ] Total time for which application threads were stopped: 0.0006721 seconds, Stopping threads took: 0.0002453 seconds
[2022-06-13T02:37:28.124+0000][1][safepoint    ] Application time: 1.0002144 seconds
[2022-06-13T02:37:28.125+0000][1][safepoint    ] Entering safepoint region: Cleanup
[2022-06-13T02:37:28.125+0000][1][safepoint    ] Leaving safepoint region
[2022-06-13T02:37:28.125+0000][1][safepoint    ] Total time for which application threads were stopped: 0.0007147 seconds, Stopping threads took: 0.0003844 seconds
[2022-06-13T02:37:29.126+0000][1][safepoint    ] Application time: 1.0002383 seconds
[2022-06-13T02:37:29.126+0000][1][safepoint    ] Entering safepoint region: Cleanup
[2022-06-13T02:37:29.126+0000][1][safepoint    ] Leaving safepoint region
[2022-06-13T02:37:29.127+0000][1][safepoint    ] Total time for which application threads were stopped: 0.0006251 seconds, Stopping threads took: 0.0002867 seconds
[2022-06-13T02:37:30.127+0000][1][safepoint    ] Application time: 1.0001590 seconds
[2022-06-13T02:37:30.127+0000][1][safepoint    ] Entering safepoint region: Cleanup
[2022-06-13T02:37:30.128+0000][1][safepoint    ] Leaving safepoint region
[2022-06-13T02:37:30.128+0000][1][safepoint    ] Total time for which application threads were stopped: 0.0004344 seconds, Stopping threads took: 0.0001931 seconds
[2022-06-13T02:37:31.128+0000][1][safepoint    ] Application time: 1.0001869 seconds
[2022-06-13T02:37:31.129+0000][1][safepoint    ] Entering safepoint region: Cleanup
[2022-06-13T02:37:31.129+0000][1][safepoint    ] Leaving safepoint region
[2022-06-13T02:37:31.129+0000][1][safepoint    ] Total time for which application threads were stopped: 0.0008457 seconds, Stopping threads took: 0.0002924 seconds
[2022-06-13T02:37:32.130+0000][1][safepoint    ] Application time: 1.0002252 seconds
[2022-06-13T02:37:32.131+0000][1][safepoint    ] Entering safepoint region: Cleanup
[2022-06-13T02:37:32.131+0000][1][safepoint    ] Leaving safepoint region
[2022-06-13T02:37:32.131+0000][1][safepoint    ] Total time for which application threads were stopped: 0.0008508 seconds, Stopping threads took: 0.0004220 seconds
[2022-06-13T02:37:33.132+0000][1][safepoint    ] Application time: 1.0001609 seconds
[2022-06-13T02:37:33.132+0000][1][safepoint    ] Entering safepoint region: Cleanup
[2022-06-13T02:37:33.133+0000][1][safepoint    ] Leaving safepoint region
[2022-06-13T02:37:33.133+0000][1][safepoint    ] Total time for which application threads were stopped: 0.0006860 seconds, Stopping threads took: 0.0002776 seconds
[2022-06-13T02:37:34.133+0000][1][safepoint    ] Application time: 1.0002209 seconds
[2022-06-13T02:37:34.134+0000][1][safepoint    ] Entering safepoint region: Cleanup
[2022-06-13T02:37:34.135+0000][1][safepoint    ] Leaving safepoint region
[2022-06-13T02:37:34.135+0000][1][safepoint    ] Total time for which application threads were stopped: 0.0014036 seconds, Stopping threads took: 0.0005524 seconds
[2022-06-13T02:37:35.136+0000][1][safepoint    ] Application time: 1.0002393 seconds
[2022-06-13T02:37:35.137+0000][1][safepoint    ] Entering safepoint region: Cleanup
[2022-06-13T02:37:35.137+0000][1][safepoint    ] Leaving safepoint region
[2022-06-13T02:37:35.138+0000][1][safepoint    ] Total time for which application threads were stopped: 0.0008373 seconds, Stopping threads took: 0.0003813 seconds
[2022-06-13T02:37:36.138+0000][1][safepoint    ] Application time: 1.0003126 seconds
[2022-06-13T02:37:36.139+0000][1][safepoint    ] Entering safepoint region: Cleanup
[2022-06-13T02:37:36.139+0000][1][safepoint    ] Leaving safepoint region
[2022-06-13T02:37:36.139+0000][1][safepoint    ] Total time for which application threads were stopped: 0.0008675 seconds, Stopping threads took: 0.0003446 seconds
[2022-06-13T02:37:37.140+0000][1][safepoint    ] Application time: 1.0002082 seconds
[2022-06-13T02:37:37.141+0000][1][safepoint    ] Entering safepoint region: Cleanup
[2022-06-13T02:37:37.141+0000][1][safepoint    ] Leaving safepoint region
[2022-06-13T02:37:37.142+0000][1][safepoint    ] Total time for which application threads were stopped: 0.0009661 seconds, Stopping threads took: 0.0004634 seconds
[2022-06-13T02:37:38.142+0000][1][safepoint    ] Application time: 1.0002676 seconds
[2022-06-13T02:37:38.143+0000][1][safepoint    ] Entering safepoint region: Cleanup
[2022-06-13T02:37:38.143+0000][1][safepoint    ] Leaving safepoint region
[2022-06-13T02:37:38.144+0000][1][safepoint    ] Total time for which application threads were stopped: 0.0007979 seconds, Stopping threads took: 0.0003799 seconds
[2022-06-13T02:37:39.144+0000][1][safepoint    ] Application time: 1.0002022 seconds
[2022-06-13T02:37:39.145+0000][1][safepoint    ] Entering safepoint region: Cleanup
[2022-06-13T02:37:39.145+0000][1][safepoint    ] Leaving safepoint region
[2022-06-13T02:37:39.145+0000][1][safepoint    ] Total time for which application threads were stopped: 0.0006900 seconds, Stopping threads took: 0.0003526 seconds
[2022-06-13T02:37:40.146+0000][1][safepoint    ] Application time: 1.0003079 seconds
[2022-06-13T02:37:40.147+0000][1][safepoint    ] Entering safepoint region: Cleanup
[2022-06-13T02:37:40.147+0000][1][safepoint    ] Leaving safepoint region
[2022-06-13T02:37:40.148+0000][1][safepoint    ] Total time for which application threads were stopped: 0.0008379 seconds, Stopping threads took: 0.0003929 seconds
[2022-06-13T02:37:41.148+0000][1][safepoint    ] Application time: 1.0002978 seconds
[2022-06-13T02:37:41.149+0000][1][safepoint    ] Entering safepoint region: Cleanup
[2022-06-13T02:37:41.149+0000][1][safepoint    ] Leaving safepoint region
[2022-06-13T02:37:41.150+0000][1][safepoint    ] Total time for which application threads were stopped: 0.0007889 seconds, Stopping threads took: 0.0003640 seconds
[2022-06-13T02:37:42.150+0000][1][safepoint    ] Application time: 1.0002378 seconds
[2022-06-13T02:37:42.151+0000][1][safepoint    ] Entering safepoint region: Cleanup
[2022-06-13T02:37:42.151+0000][1][safepoint    ] Leaving safepoint region
[2022-06-13T02:37:42.152+0000][1][safepoint    ] Total time for which application threads were stopped: 0.0011725 seconds, Stopping threads took: 0.0005278 seconds
[2022-06-13T02:37:43.153+0000][1][safepoint    ] Application time: 1.0002324 seconds
[2022-06-13T02:37:43.154+0000][1][safepoint    ] Entering safepoint region: Cleanup
[2022-06-13T02:37:43.154+0000][1][safepoint    ] Leaving safepoint region
[2022-06-13T02:37:43.155+0000][1][safepoint    ] Total time for which application threads were stopped: 0.0014024 seconds, Stopping threads took: 0.0006525 seconds
[2022-06-13T02:37:44.156+0000][1][safepoint    ] Application time: 1.0001961 seconds
[2022-06-13T02:37:44.156+0000][1][safepoint    ] Entering safepoint region: Cleanup
[2022-06-13T02:37:44.157+0000][1][safepoint    ] Leaving safepoint region
[2022-06-13T02:37:44.157+0000][1][safepoint    ] Total time for which application threads were stopped: 0.0007135 seconds, Stopping threads took: 0.0003101 seconds
[2022-06-13T02:37:45.157+0000][1][safepoint    ] Application time: 1.0001570 seconds
[2022-06-13T02:37:45.158+0000][1][safepoint    ] Entering safepoint region: Cleanup
[2022-06-13T02:37:45.158+0000][1][safepoint    ] Leaving safepoint region
[2022-06-13T02:37:45.159+0000][1][safepoint    ] Total time for which application threads were stopped: 0.0008361 seconds, Stopping threads took: 0.0003775 seconds
[2022-06-13T02:37:46.159+0000][1][safepoint    ] Application time: 1.0002879 seconds
[2022-06-13T02:37:46.160+0000][1][safepoint    ] Entering safepoint region: Cleanup
[2022-06-13T02:37:46.161+0000][1][safepoint    ] Leaving safepoint region
[2022-06-13T02:37:46.161+0000][1][safepoint    ] Total time for which application threads were stopped: 0.0009311 seconds, Stopping threads took: 0.0004433 seconds
[2022-06-13T02:37:47.162+0000][1][safepoint    ] Application time: 1.0002659 seconds
[2022-06-13T02:37:47.162+0000][1][safepoint    ] Entering safepoint region: Cleanup
[2022-06-13T02:37:47.163+0000][1][safepoint    ] Leaving safepoint region
[2022-06-13T02:37:47.163+0000][1][safepoint    ] Total time for which application threads were stopped: 0.0009321 seconds, Stopping threads took: 0.0004392 seconds
[2022-06-13T02:37:48.164+0000][1][safepoint    ] Application time: 1.0001426 seconds
[2022-06-13T02:37:48.164+0000][1][safepoint    ] Entering safepoint region: Cleanup
[2022-06-13T02:37:48.165+0000][1][safepoint    ] Leaving safepoint region
[2022-06-13T02:37:48.165+0000][1][safepoint    ] Total time for which application threads were stopped: 0.0012245 seconds, Stopping threads took: 0.0006183 seconds
[2022-06-13T02:37:49.166+0000][1][safepoint    ] Application time: 1.0001943 seconds
[2022-06-13T02:37:49.166+0000][1][safepoint    ] Entering safepoint region: Cleanup
[2022-06-13T02:37:49.167+0000][1][safepoint    ] Leaving safepoint region
[2022-06-13T02:37:49.167+0000][1][safepoint    ] Total time for which application threads were stopped: 0.0007656 seconds, Stopping threads took: 0.0003644 seconds
[2022-06-13T02:37:50.168+0000][1][safepoint    ] Application time: 1.0002008 seconds
[2022-06-13T02:37:50.168+0000][1][safepoint    ] Entering safepoint region: Cleanup
[2022-06-13T02:37:50.169+0000][1][safepoint    ] Leaving safepoint region
[2022-06-13T02:37:50.169+0000][1][safepoint    ] Total time for which application threads were stopped: 0.0008728 seconds, Stopping threads took: 0.0004110 seconds
[2022-06-13T02:37:51.170+0000][1][safepoint    ] Application time: 1.0001772 seconds
[2022-06-13T02:37:51.170+0000][1][safepoint    ] Entering safepoint region: Cleanup
[2022-06-13T02:37:51.171+0000][1][safepoint    ] Leaving safepoint region
[2022-06-13T02:37:51.171+0000][1][safepoint    ] Total time for which application threads were stopped: 0.0004649 seconds, Stopping threads took: 0.0002106 seconds
[2022-06-13T02:37:53.099+0000][1][safepoint    ] Application time: 1.9282349 seconds
[2022-06-13T02:37:53.099+0000][1][safepoint    ] Entering safepoint region: Cleanup
[2022-06-13T02:37:53.100+0000][1][safepoint    ] Leaving safepoint region
[2022-06-13T02:37:53.100+0000][1][safepoint    ] Total time for which application threads were stopped: 0.0009634 seconds, Stopping threads took: 0.0004135 seconds
[2022-06-13T02:37:54.101+0000][1][safepoint    ] Application time: 1.0001975 seconds
[2022-06-13T02:37:54.102+0000][1][safepoint    ] Entering safepoint region: Cleanup
[2022-06-13T02:37:54.102+0000][1][safepoint    ] Leaving safepoint region
[2022-06-13T02:37:54.103+0000][1][safepoint    ] Total time for which application threads were stopped: 0.0011309 seconds, Stopping threads took: 0.0004454 seconds
[2022-06-13T02:37:55.103+0000][1][safepoint    ] Application time: 1.0002549 seconds
[2022-06-13T02:37:55.104+0000][1][safepoint    ] Entering safepoint region: Cleanup
[2022-06-13T02:37:55.105+0000][1][safepoint    ] Leaving safepoint region
[2022-06-13T02:37:55.105+0000][1][safepoint    ] Total time for which application threads were stopped: 0.0008835 seconds, Stopping threads took: 0.0004966 seconds
[2022-06-13T02:37:56.105+0000][1][safepoint    ] Application time: 1.0003476 seconds
[2022-06-13T02:37:56.106+0000][1][safepoint    ] Entering safepoint region: Cleanup
[2022-06-13T02:37:56.106+0000][1][safepoint    ] Leaving safepoint region
[2022-06-13T02:37:56.107+0000][1][safepoint    ] Total time for which application threads were stopped: 0.0011971 seconds, Stopping threads took: 0.0004668 seconds
[2022-06-13T02:37:57.108+0000][1][safepoint    ] Application time: 1.0002943 seconds
[2022-06-13T02:37:57.108+0000][1][safepoint    ] Entering safepoint region: Cleanup
[2022-06-13T02:37:57.109+0000][1][safepoint    ] Leaving safepoint region
[2022-06-13T02:37:57.109+0000][1][safepoint    ] Total time for which application threads were stopped: 0.0008779 seconds, Stopping threads took: 0.0003814 seconds
[2022-06-13T02:37:58.110+0000][1][safepoint    ] Application time: 1.0003060 seconds
[2022-06-13T02:37:58.110+0000][1][safepoint    ] Entering safepoint region: Cleanup
[2022-06-13T02:37:58.110+0000][1][safepoint    ] Leaving safepoint region
[2022-06-13T02:37:58.111+0000][1][safepoint    ] Total time for which application threads were stopped: 0.0003484 seconds, Stopping threads took: 0.0001310 seconds
[2022-06-13T02:37:59.111+0000][1][safepoint    ] Application time: 1.0001819 seconds
[2022-06-13T02:37:59.111+0000][1][safepoint    ] Entering safepoint region: Cleanup
[2022-06-13T02:37:59.112+0000][1][safepoint    ] Leaving safepoint region
[2022-06-13T02:37:59.112+0000][1][safepoint    ] Total time for which application threads were stopped: 0.0008314 seconds, Stopping threads took: 0.0003850 seconds
[2022-06-13T02:38:00.113+0000][1][safepoint    ] Application time: 1.0002565 seconds
[2022-06-13T02:38:00.114+0000][1][safepoint    ] Entering safepoint region: Cleanup
[2022-06-13T02:38:00.114+0000][1][safepoint    ] Leaving safepoint region
[2022-06-13T02:38:00.115+0000][1][safepoint    ] Total time for which application threads were stopped: 0.0014636 seconds, Stopping threads took: 0.0006919 seconds
[2022-06-13T02:38:01.116+0000][1][safepoint    ] Application time: 1.0002045 seconds
[2022-06-13T02:38:01.116+0000][1][safepoint    ] Entering safepoint region: Cleanup
[2022-06-13T02:38:01.117+0000][1][safepoint    ] Leaving safepoint region
[2022-06-13T02:38:01.117+0000][1][safepoint    ] Total time for which application threads were stopped: 0.0006746 seconds, Stopping threads took: 0.0002729 seconds
[2022-06-13T02:38:02.117+0000][1][safepoint    ] Application time: 1.0003175 seconds
[2022-06-13T02:38:02.118+0000][1][safepoint    ] Entering safepoint region: Cleanup
[2022-06-13T02:38:02.119+0000][1][safepoint    ] Leaving safepoint region
[2022-06-13T02:38:02.119+0000][1][safepoint    ] Total time for which application threads were stopped: 0.0011135 seconds, Stopping threads took: 0.0004835 seconds
[2022-06-13T02:38:03.120+0000][1][safepoint    ] Application time: 1.0002039 seconds
[2022-06-13T02:38:03.120+0000][1][safepoint    ] Entering safepoint region: Cleanup
[2022-06-13T02:38:03.121+0000][1][safepoint    ] Leaving safepoint region
[2022-06-13T02:38:03.121+0000][1][safepoint    ] Total time for which application threads were stopped: 0.0009189 seconds, Stopping threads took: 0.0004282 seconds
[2022-06-13T02:38:04.122+0000][1][safepoint    ] Application time: 1.0001760 seconds
[2022-06-13T02:38:04.122+0000][1][safepoint    ] Entering safepoint region: Cleanup
[2022-06-13T02:38:04.123+0000][1][safepoint    ] Leaving safepoint region
[2022-06-13T02:38:04.123+0000][1][safepoint    ] Total time for which application threads were stopped: 0.0008788 seconds, Stopping threads took: 0.0004093 seconds
[2022-06-13T02:38:05.124+0000][1][safepoint    ] Application time: 1.0001495 seconds
[2022-06-13T02:38:05.124+0000][1][safepoint    ] Entering safepoint region: Cleanup
[2022-06-13T02:38:05.125+0000][1][safepoint    ] Leaving safepoint region
[2022-06-13T02:38:05.125+0000][1][safepoint    ] Total time for which application threads were stopped: 0.0008178 seconds, Stopping threads took: 0.0004011 seconds
[2022-06-13T02:38:06.126+0000][1][safepoint    ] Application time: 1.0001413 seconds
[2022-06-13T02:38:06.126+0000][1][safepoint    ] Entering safepoint region: Cleanup
[2022-06-13T02:38:06.126+0000][1][safepoint    ] Leaving safepoint region
[2022-06-13T02:38:06.127+0000][1][safepoint    ] Total time for which application threads were stopped: 0.0006752 seconds, Stopping threads took: 0.0003471 seconds
[2022-06-13T02:38:07.127+0000][1][safepoint    ] Application time: 1.0001692 seconds
[2022-06-13T02:38:07.128+0000][1][safepoint    ] Entering safepoint region: Cleanup
[2022-06-13T02:38:07.128+0000][1][safepoint    ] Leaving safepoint region
[2022-06-13T02:38:07.128+0000][1][safepoint    ] Total time for which application threads were stopped: 0.0005459 seconds, Stopping threads took: 0.0002446 seconds
[2022-06-13T02:38:08.129+0000][1][safepoint    ] Application time: 1.0002392 seconds
[2022-06-13T02:38:08.129+0000][1][safepoint    ] Entering safepoint region: Cleanup
[2022-06-13T02:38:08.129+0000][1][safepoint    ] Leaving safepoint region
[2022-06-13T02:38:08.130+0000][1][safepoint    ] Total time for which application threads were stopped: 0.0007691 seconds, Stopping threads took: 0.0002899 seconds
[2022-06-13T02:38:09.130+0000][1][safepoint    ] Application time: 1.0002004 seconds
[2022-06-13T02:38:09.131+0000][1][safepoint    ] Entering safepoint region: Cleanup
[2022-06-13T02:38:09.131+0000][1][safepoint    ] Leaving safepoint region
[2022-06-13T02:38:09.131+0000][1][safepoint    ] Total time for which application threads were stopped: 0.0008137 seconds, Stopping threads took: 0.0003501 seconds
[2022-06-13T02:38:10.132+0000][1][safepoint    ] Application time: 1.0000855 seconds
[2022-06-13T02:38:10.132+0000][1][safepoint    ] Entering safepoint region: Cleanup
[2022-06-13T02:38:10.132+0000][1][safepoint    ] Leaving safepoint region
[2022-06-13T02:38:10.132+0000][1][safepoint    ] Total time for which application threads were stopped: 0.0004128 seconds, Stopping threads took: 0.0002198 seconds
[2022-06-13T02:38:11.133+0000][1][safepoint    ] Application time: 1.0001903 seconds
[2022-06-13T02:38:11.133+0000][1][safepoint    ] Entering safepoint region: Cleanup
[2022-06-13T02:38:11.134+0000][1][safepoint    ] Leaving safepoint region
[2022-06-13T02:38:11.134+0000][1][safepoint    ] Total time for which application threads were stopped: 0.0005151 seconds, Stopping threads took: 0.0002741 seconds
[2022-06-13T02:38:12.134+0000][1][safepoint    ] Application time: 1.0001351 seconds
[2022-06-13T02:38:12.134+0000][1][safepoint    ] Entering safepoint region: Cleanup
[2022-06-13T02:38:12.134+0000][1][safepoint    ] Leaving safepoint region
[2022-06-13T02:38:12.135+0000][1][safepoint    ] Total time for which application threads were stopped: 0.0002982 seconds, Stopping threads took: 0.0001326 seconds
[2022-06-13T02:38:13.135+0000][1][safepoint    ] Application time: 1.0002427 seconds
[2022-06-13T02:38:13.135+0000][1][safepoint    ] Entering safepoint region: Cleanup
[2022-06-13T02:38:13.136+0000][1][safepoint    ] Leaving safepoint region
[2022-06-13T02:38:13.136+0000][1][safepoint    ] Total time for which application threads were stopped: 0.0007838 seconds, Stopping threads took: 0.0003703 seconds
[2022-06-13T02:38:14.137+0000][1][safepoint    ] Application time: 1.0002407 seconds
[2022-06-13T02:38:14.138+0000][1][safepoint    ] Entering safepoint region: Cleanup
[2022-06-13T02:38:14.138+0000][1][safepoint    ] Leaving safepoint region
[2022-06-13T02:38:14.139+0000][1][safepoint    ] Total time for which application threads were stopped: 0.0011008 seconds, Stopping threads took: 0.0005237 seconds
[2022-06-13T02:38:15.140+0000][1][safepoint    ] Application time: 1.0002382 seconds
[2022-06-13T02:38:15.140+0000][1][safepoint    ] Entering safepoint region: Cleanup
[2022-06-13T02:38:15.141+0000][1][safepoint    ] Leaving safepoint region
[2022-06-13T02:38:15.142+0000][1][safepoint    ] Total time for which application threads were stopped: 0.0014704 seconds, Stopping threads took: 0.0006930 seconds
[2022-06-13T02:38:16.142+0000][1][safepoint    ] Application time: 1.0001227 seconds
[2022-06-13T02:38:16.143+0000][1][safepoint    ] Entering safepoint region: Cleanup
[2022-06-13T02:38:16.143+0000][1][safepoint    ] Leaving safepoint region
[2022-06-13T02:38:16.144+0000][1][safepoint    ] Total time for which application threads were stopped: 0.0006714 seconds, Stopping threads took: 0.0002962 seconds
[2022-06-13T02:38:17.144+0000][1][safepoint    ] Application time: 1.0001799 seconds
[2022-06-13T02:38:17.145+0000][1][safepoint    ] Entering safepoint region: Cleanup
[2022-06-13T02:38:17.145+0000][1][safepoint    ] Leaving safepoint region
[2022-06-13T02:38:17.146+0000][1][safepoint    ] Total time for which application threads were stopped: 0.0011508 seconds, Stopping threads took: 0.0005010 seconds
[2022-06-13T02:38:18.147+0000][1][safepoint    ] Application time: 1.0002633 seconds
[2022-06-13T02:38:18.147+0000][1][safepoint    ] Entering safepoint region: Cleanup
[2022-06-13T02:38:18.148+0000][1][safepoint    ] Leaving safepoint region
[2022-06-13T02:38:18.148+0000][1][safepoint    ] Total time for which application threads were stopped: 0.0011037 seconds, Stopping threads took: 0.0005936 seconds
[2022-06-13T02:38:19.149+0000][1][safepoint    ] Application time: 1.0001193 seconds
[2022-06-13T02:38:19.149+0000][1][safepoint    ] Entering safepoint region: Cleanup
[2022-06-13T02:38:19.150+0000][1][safepoint    ] Leaving safepoint region
[2022-06-13T02:38:19.150+0000][1][safepoint    ] Total time for which application threads were stopped: 0.0010434 seconds, Stopping threads took: 0.0004602 seconds
[2022-06-13T02:38:20.151+0000][1][safepoint    ] Application time: 1.0002080 seconds
[2022-06-13T02:38:20.152+0000][1][safepoint    ] Entering safepoint region: Cleanup
[2022-06-13T02:38:20.152+0000][1][safepoint    ] Leaving safepoint region
[2022-06-13T02:38:20.153+0000][1][safepoint    ] Total time for which application threads were stopped: 0.0009672 seconds, Stopping threads took: 0.0004433 seconds
[2022-06-13T02:38:21.153+0000][1][safepoint    ] Application time: 1.0001354 seconds
[2022-06-13T02:38:21.154+0000][1][safepoint    ] Entering safepoint region: Cleanup
[2022-06-13T02:38:21.154+0000][1][safepoint    ] Leaving safepoint region
[2022-06-13T02:38:21.155+0000][1][safepoint    ] Total time for which application threads were stopped: 0.0011389 seconds, Stopping threads took: 0.0005455 seconds
[2022-06-13T02:38:22.156+0000][1][safepoint    ] Application time: 1.0002609 seconds
[2022-06-13T02:38:22.156+0000][1][safepoint    ] Entering safepoint region: Cleanup
[2022-06-13T02:38:22.157+0000][1][safepoint    ] Leaving safepoint region
[2022-06-13T02:38:22.157+0000][1][safepoint    ] Total time for which application threads were stopped: 0.0009129 seconds, Stopping threads took: 0.0004598 seconds
[2022-06-13T02:38:23.158+0000][1][safepoint    ] Application time: 1.0002484 seconds
[2022-06-13T02:38:23.158+0000][1][safepoint    ] Entering safepoint region: Cleanup
[2022-06-13T02:38:23.159+0000][1][safepoint    ] Leaving safepoint region
[2022-06-13T02:38:23.159+0000][1][safepoint    ] Total time for which application threads were stopped: 0.0009693 seconds, Stopping threads took: 0.0003929 seconds
[2022-06-13T02:38:24.160+0000][1][safepoint    ] Application time: 1.0002368 seconds
[2022-06-13T02:38:24.161+0000][1][safepoint    ] Entering safepoint region: Cleanup
[2022-06-13T02:38:24.161+0000][1][safepoint    ] Leaving safepoint region
[2022-06-13T02:38:24.161+0000][1][safepoint    ] Total time for which application threads were stopped: 0.0009796 seconds, Stopping threads took: 0.0004540 seconds
[2022-06-13T02:38:25.162+0000][1][safepoint    ] Application time: 1.0002779 seconds
[2022-06-13T02:38:25.163+0000][1][safepoint    ] Entering safepoint region: Cleanup
[2022-06-13T02:38:25.163+0000][1][safepoint    ] Leaving safepoint region
[2022-06-13T02:38:25.164+0000][1][safepoint    ] Total time for which application threads were stopped: 0.0009690 seconds, Stopping threads took: 0.0004490 seconds
[2022-06-13T02:38:26.164+0000][1][safepoint    ] Application time: 1.0001432 seconds
[2022-06-13T02:38:26.165+0000][1][safepoint    ] Entering safepoint region: Cleanup
[2022-06-13T02:38:26.165+0000][1][safepoint    ] Leaving safepoint region
[2022-06-13T02:38:26.165+0000][1][safepoint    ] Total time for which application threads were stopped: 0.0009160 seconds, Stopping threads took: 0.0004355 seconds
[2022-06-13T02:38:27.166+0000][1][safepoint    ] Application time: 1.0001838 seconds
[2022-06-13T02:38:27.167+0000][1][safepoint    ] Entering safepoint region: Cleanup
[2022-06-13T02:38:27.167+0000][1][safepoint    ] Leaving safepoint region
[2022-06-13T02:38:27.168+0000][1][safepoint    ] Total time for which application threads were stopped: 0.0010547 seconds, Stopping threads took: 0.0005729 seconds
[2022-06-13T02:38:28.168+0000][1][safepoint    ] Application time: 1.0003884 seconds
[2022-06-13T02:38:28.169+0000][1][safepoint    ] Entering safepoint region: Cleanup
[2022-06-13T02:38:28.170+0000][1][safepoint    ] Leaving safepoint region
[2022-06-13T02:38:28.171+0000][1][safepoint    ] Total time for which application threads were stopped: 0.0014188 seconds, Stopping threads took: 0.0006221 seconds
[2022-06-13T02:38:29.171+0000][1][safepoint    ] Application time: 1.0001896 seconds
[2022-06-13T02:38:29.172+0000][1][safepoint    ] Entering safepoint region: Cleanup
[2022-06-13T02:38:29.172+0000][1][safepoint    ] Leaving safepoint region
[2022-06-13T02:38:29.172+0000][1][safepoint    ] Total time for which application threads were stopped: 0.0007619 seconds, Stopping threads took: 0.0003689 seconds
[2022-06-13T02:38:30.173+0000][1][safepoint    ] Application time: 1.0001096 seconds
[2022-06-13T02:38:30.173+0000][1][safepoint    ] Entering safepoint region: Cleanup
[2022-06-13T02:38:30.174+0000][1][safepoint    ] Leaving safepoint region
[2022-06-13T02:38:30.174+0000][1][safepoint    ] Total time for which application threads were stopped: 0.0009011 seconds, Stopping threads took: 0.0004424 seconds
[2022-06-13T02:38:31.175+0000][1][safepoint    ] Application time: 1.0003110 seconds
[2022-06-13T02:38:31.175+0000][1][safepoint    ] Entering safepoint region: Cleanup
[2022-06-13T02:38:31.176+0000][1][safepoint    ] Leaving safepoint region
[2022-06-13T02:38:31.177+0000][1][safepoint    ] Total time for which application threads were stopped: 0.0011783 seconds, Stopping threads took: 0.0005247 seconds
[2022-06-13T02:38:32.177+0000][1][safepoint    ] Application time: 1.0001944 seconds
[2022-06-13T02:38:32.178+0000][1][safepoint    ] Entering safepoint region: Cleanup
[2022-06-13T02:38:32.178+0000][1][safepoint    ] Leaving safepoint region
[2022-06-13T02:38:32.178+0000][1][safepoint    ] Total time for which application threads were stopped: 0.0007632 seconds, Stopping threads took: 0.0003025 seconds
[2022-06-13T02:38:33.179+0000][1][safepoint    ] Application time: 1.0002691 seconds
[2022-06-13T02:38:33.179+0000][1][safepoint    ] Entering safepoint region: Cleanup
[2022-06-13T02:38:33.180+0000][1][safepoint    ] Leaving safepoint region
[2022-06-13T02:38:33.180+0000][1][safepoint    ] Total time for which application threads were stopped: 0.0008528 seconds, Stopping threads took: 0.0003843 seconds
[2022-06-13T02:38:34.181+0000][1][safepoint    ] Application time: 1.0001421 seconds
[2022-06-13T02:38:34.181+0000][1][safepoint    ] Entering safepoint region: Cleanup
[2022-06-13T02:38:34.182+0000][1][safepoint    ] Leaving safepoint region
[2022-06-13T02:38:34.183+0000][1][safepoint    ] Total time for which application threads were stopped: 0.0011683 seconds, Stopping threads took: 0.0005128 seconds
[2022-06-13T02:38:35.183+0000][1][safepoint    ] Application time: 1.0002152 seconds
[2022-06-13T02:38:35.184+0000][1][safepoint    ] Entering safepoint region: Cleanup
[2022-06-13T02:38:35.184+0000][1][safepoint    ] Leaving safepoint region
[2022-06-13T02:38:35.184+0000][1][safepoint    ] Total time for which application threads were stopped: 0.0006140 seconds, Stopping threads took: 0.0002185 seconds
[2022-06-13T02:38:36.185+0000][1][safepoint    ] Application time: 1.0001538 seconds
[2022-06-13T02:38:36.185+0000][1][safepoint    ] Entering safepoint region: Cleanup
[2022-06-13T02:38:36.186+0000][1][safepoint    ] Leaving safepoint region
[2022-06-13T02:38:36.186+0000][1][safepoint    ] Total time for which application threads were stopped: 0.0007043 seconds, Stopping threads took: 0.0003423 seconds
[2022-06-13T02:38:37.186+0000][1][safepoint    ] Application time: 1.0002904 seconds
[2022-06-13T02:38:37.187+0000][1][safepoint    ] Entering safepoint region: Cleanup
[2022-06-13T02:38:37.188+0000][1][safepoint    ] Leaving safepoint region
[2022-06-13T02:38:37.188+0000][1][safepoint    ] Total time for which application threads were stopped: 0.0010155 seconds, Stopping threads took: 0.0006063 seconds
[2022-06-13T02:38:38.189+0000][1][safepoint    ] Application time: 1.0002194 seconds
[2022-06-13T02:38:38.189+0000][1][safepoint    ] Entering safepoint region: Cleanup
[2022-06-13T02:38:38.190+0000][1][safepoint    ] Leaving safepoint region
[2022-06-13T02:38:38.190+0000][1][safepoint    ] Total time for which application threads were stopped: 0.0009463 seconds, Stopping threads took: 0.0004158 seconds
[2022-06-13T02:38:39.191+0000][1][safepoint    ] Application time: 1.0002599 seconds
[2022-06-13T02:38:39.191+0000][1][safepoint    ] Entering safepoint region: Cleanup
[2022-06-13T02:38:39.192+0000][1][safepoint    ] Leaving safepoint region
[2022-06-13T02:38:39.192+0000][1][safepoint    ] Total time for which application threads were stopped: 0.0008078 seconds, Stopping threads took: 0.0003635 seconds
[2022-06-13T02:38:40.193+0000][1][safepoint    ] Application time: 1.0002806 seconds
[2022-06-13T02:38:40.193+0000][1][safepoint    ] Entering safepoint region: Cleanup
[2022-06-13T02:38:40.194+0000][1][safepoint    ] Leaving safepoint region
[2022-06-13T02:38:40.194+0000][1][safepoint    ] Total time for which application threads were stopped: 0.0009182 seconds, Stopping threads took: 0.0004334 seconds
[2022-06-13T02:38:41.195+0000][1][safepoint    ] Application time: 1.0002233 seconds
[2022-06-13T02:38:41.195+0000][1][safepoint    ] Entering safepoint region: Cleanup
[2022-06-13T02:38:41.196+0000][1][safepoint    ] Leaving safepoint region
[2022-06-13T02:38:41.196+0000][1][safepoint    ] Total time for which application threads were stopped: 0.0007321 seconds, Stopping threads took: 0.0003244 seconds
[2022-06-13T02:38:42.197+0000][1][safepoint    ] Application time: 1.0001971 seconds
[2022-06-13T02:38:42.197+0000][1][safepoint    ] Entering safepoint region: Cleanup
[2022-06-13T02:38:42.197+0000][1][safepoint    ] Leaving safepoint region
[2022-06-13T02:38:42.198+0000][1][safepoint    ] Total time for which application threads were stopped: 0.0007238 seconds, Stopping threads took: 0.0003216 seconds
[2022-06-13T02:38:44.128+0000][1][safepoint    ] Application time: 1.9296965 seconds
[2022-06-13T02:38:44.128+0000][1][safepoint    ] Entering safepoint region: Cleanup
[2022-06-13T02:38:44.128+0000][1][safepoint    ] Leaving safepoint region
[2022-06-13T02:38:44.129+0000][1][safepoint    ] Total time for which application threads were stopped: 0.0006799 seconds, Stopping threads took: 0.0002875 seconds
[2022-06-13T02:38:45.129+0000][1][safepoint    ] Application time: 1.0002443 seconds
[2022-06-13T02:38:45.130+0000][1][safepoint    ] Entering safepoint region: Cleanup
[2022-06-13T02:38:45.130+0000][1][safepoint    ] Leaving safepoint region
[2022-06-13T02:38:45.131+0000][1][safepoint    ] Total time for which application threads were stopped: 0.0011928 seconds, Stopping threads took: 0.0006081 seconds
[2022-06-13T02:38:46.131+0000][1][safepoint    ] Application time: 1.0001974 seconds
[2022-06-13T02:38:46.132+0000][1][safepoint    ] Entering safepoint region: Cleanup
[2022-06-13T02:38:46.132+0000][1][safepoint    ] Leaving safepoint region
[2022-06-13T02:38:46.132+0000][1][safepoint    ] Total time for which application threads were stopped: 0.0005845 seconds, Stopping threads took: 0.0003612 seconds
[2022-06-13T02:38:47.133+0000][1][safepoint    ] Application time: 1.0001666 seconds
[2022-06-13T02:38:47.133+0000][1][safepoint    ] Entering safepoint region: Cleanup
[2022-06-13T02:38:47.133+0000][1][safepoint    ] Leaving safepoint region
[2022-06-13T02:38:47.134+0000][1][safepoint    ] Total time for which application threads were stopped: 0.0006290 seconds, Stopping threads took: 0.0002876 seconds
[2022-06-13T02:38:48.134+0000][1][safepoint    ] Application time: 1.0001892 seconds
[2022-06-13T02:38:48.135+0000][1][safepoint    ] Entering safepoint region: Cleanup
[2022-06-13T02:38:48.135+0000][1][safepoint    ] Leaving safepoint region
[2022-06-13T02:38:48.136+0000][1][safepoint    ] Total time for which application threads were stopped: 0.0007900 seconds, Stopping threads took: 0.0003483 seconds
[2022-06-13T02:38:49.136+0000][1][safepoint    ] Application time: 1.0002742 seconds
[2022-06-13T02:38:49.136+0000][1][safepoint    ] Entering safepoint region: Cleanup
[2022-06-13T02:38:49.137+0000][1][safepoint    ] Leaving safepoint region
[2022-06-13T02:38:49.137+0000][1][safepoint    ] Total time for which application threads were stopped: 0.0004536 seconds, Stopping threads took: 0.0001765 seconds
[2022-06-13T02:38:50.137+0000][1][safepoint    ] Application time: 1.0002776 seconds
[2022-06-13T02:38:50.138+0000][1][safepoint    ] Entering safepoint region: Cleanup
[2022-06-13T02:38:50.138+0000][1][safepoint    ] Leaving safepoint region
[2022-06-13T02:38:50.139+0000][1][safepoint    ] Total time for which application threads were stopped: 0.0011632 seconds, Stopping threads took: 0.0003973 seconds
[2022-06-13T02:38:51.139+0000][1][safepoint    ] Application time: 1.0001317 seconds
[2022-06-13T02:38:51.139+0000][1][safepoint    ] Entering safepoint region: Cleanup
[2022-06-13T02:38:51.140+0000][1][safepoint    ] Leaving safepoint region
[2022-06-13T02:38:51.140+0000][1][safepoint    ] Total time for which application threads were stopped: 0.0004795 seconds, Stopping threads took: 0.0001563 seconds
[2022-06-13T02:38:52.140+0000][1][safepoint    ] Application time: 1.0001284 seconds
[2022-06-13T02:38:52.141+0000][1][safepoint    ] Entering safepoint region: Cleanup
[2022-06-13T02:38:52.141+0000][1][safepoint    ] Leaving safepoint region
[2022-06-13T02:38:52.141+0000][1][safepoint    ] Total time for which application threads were stopped: 0.0006333 seconds, Stopping threads took: 0.0002844 seconds
[2022-06-13T02:38:53.141+0000][1][safepoint    ] Application time: 1.0001152 seconds
[2022-06-13T02:38:53.142+0000][1][safepoint    ] Entering safepoint region: Cleanup
[2022-06-13T02:38:53.142+0000][1][safepoint    ] Leaving safepoint region
[2022-06-13T02:38:53.142+0000][1][safepoint    ] Total time for which application threads were stopped: 0.0005450 seconds, Stopping threads took: 0.0002657 seconds
[2022-06-13T02:38:54.143+0000][1][safepoint    ] Application time: 1.0000923 seconds
[2022-06-13T02:38:54.143+0000][1][safepoint    ] Entering safepoint region: Cleanup
[2022-06-13T02:38:54.144+0000][1][safepoint    ] Leaving safepoint region
[2022-06-13T02:38:54.144+0000][1][safepoint    ] Total time for which application threads were stopped: 0.0007478 seconds, Stopping threads took: 0.0004330 seconds
[2022-06-13T02:38:55.144+0000][1][safepoint    ] Application time: 1.0002757 seconds
[2022-06-13T02:38:55.145+0000][1][safepoint    ] Entering safepoint region: Cleanup
[2022-06-13T02:38:55.146+0000][1][safepoint    ] Leaving safepoint region
[2022-06-13T02:38:55.146+0000][1][safepoint    ] Total time for which application threads were stopped: 0.0011779 seconds, Stopping threads took: 0.0005357 seconds
[2022-06-13T02:38:56.147+0000][1][safepoint    ] Application time: 1.0003279 seconds
[2022-06-13T02:38:56.148+0000][1][safepoint    ] Entering safepoint region: Cleanup
[2022-06-13T02:38:56.149+0000][1][safepoint    ] Leaving safepoint region
[2022-06-13T02:38:56.150+0000][1][safepoint    ] Total time for which application threads were stopped: 0.0017284 seconds, Stopping threads took: 0.0006894 seconds
[2022-06-13T02:38:57.150+0000][1][safepoint    ] Application time: 1.0002336 seconds
[2022-06-13T02:38:57.151+0000][1][safepoint    ] Entering safepoint region: Cleanup
[2022-06-13T02:38:57.151+0000][1][safepoint    ] Leaving safepoint region
[2022-06-13T02:38:57.151+0000][1][safepoint    ] Total time for which application threads were stopped: 0.0006754 seconds, Stopping threads took: 0.0002809 seconds
[2022-06-13T02:38:58.152+0000][1][safepoint    ] Application time: 1.0000967 seconds
[2022-06-13T02:38:58.152+0000][1][safepoint    ] Entering safepoint region: Cleanup
[2022-06-13T02:38:58.153+0000][1][safepoint    ] Leaving safepoint region
[2022-06-13T02:38:58.153+0000][1][safepoint    ] Total time for which application threads were stopped: 0.0008480 seconds, Stopping threads took: 0.0003429 seconds
[2022-06-13T02:38:59.153+0000][1][safepoint    ] Application time: 1.0001450 seconds
[2022-06-13T02:38:59.154+0000][1][safepoint    ] Entering safepoint region: Cleanup
[2022-06-13T02:38:59.154+0000][1][safepoint    ] Leaving safepoint region
[2022-06-13T02:38:59.154+0000][1][safepoint    ] Total time for which application threads were stopped: 0.0006045 seconds, Stopping threads took: 0.0002402 seconds
[2022-06-13T02:39:00.155+0000][1][safepoint    ] Application time: 1.0001785 seconds
[2022-06-13T02:39:00.155+0000][1][safepoint    ] Entering safepoint region: Cleanup
[2022-06-13T02:39:00.156+0000][1][safepoint    ] Leaving safepoint region
[2022-06-13T02:39:00.156+0000][1][safepoint    ] Total time for which application threads were stopped: 0.0006939 seconds, Stopping threads took: 0.0003364 seconds
[2022-06-13T02:39:01.156+0000][1][safepoint    ] Application time: 1.0001846 seconds
[2022-06-13T02:39:01.157+0000][1][safepoint    ] Entering safepoint region: Cleanup
[2022-06-13T02:39:01.157+0000][1][safepoint    ] Leaving safepoint region
[2022-06-13T02:39:01.157+0000][1][safepoint    ] Total time for which application threads were stopped: 0.0005715 seconds, Stopping threads took: 0.0002921 seconds
[2022-06-13T02:39:02.158+0000][1][safepoint    ] Application time: 1.0002631 seconds
[2022-06-13T02:39:02.158+0000][1][safepoint    ] Entering safepoint region: Cleanup
[2022-06-13T02:39:02.158+0000][1][safepoint    ] Leaving safepoint region
[2022-06-13T02:39:02.158+0000][1][safepoint    ] Total time for which application threads were stopped: 0.0005395 seconds, Stopping threads took: 0.0002723 seconds
[2022-06-13T02:39:03.159+0000][1][safepoint    ] Application time: 1.0001635 seconds
[2022-06-13T02:39:03.159+0000][1][safepoint    ] Entering safepoint region: Cleanup
[2022-06-13T02:39:03.160+0000][1][safepoint    ] Leaving safepoint region
[2022-06-13T02:39:03.160+0000][1][safepoint    ] Total time for which application threads were stopped: 0.0009165 seconds, Stopping threads took: 0.0004797 seconds
[2022-06-13T02:39:04.160+0000][1][safepoint    ] Application time: 1.0001157 seconds
[2022-06-13T02:39:04.161+0000][1][safepoint    ] Entering safepoint region: Cleanup
[2022-06-13T02:39:04.161+0000][1][safepoint    ] Leaving safepoint region
[2022-06-13T02:39:04.161+0000][1][safepoint    ] Total time for which application threads were stopped: 0.0005799 seconds, Stopping threads took: 0.0002425 seconds
[2022-06-13T02:39:05.162+0000][1][safepoint    ] Application time: 1.0000983 seconds
[2022-06-13T02:39:05.162+0000][1][safepoint    ] Entering safepoint region: Cleanup
[2022-06-13T02:39:05.162+0000][1][safepoint    ] Leaving safepoint region
[2022-06-13T02:39:05.163+0000][1][safepoint    ] Total time for which application threads were stopped: 0.0010593 seconds, Stopping threads took: 0.0004097 seconds
[2022-06-13T02:39:06.164+0000][1][safepoint    ] Application time: 1.0002403 seconds
[2022-06-13T02:39:06.164+0000][1][safepoint    ] Entering safepoint region: Cleanup
[2022-06-13T02:39:06.164+0000][1][safepoint    ] Leaving safepoint region
[2022-06-13T02:39:06.165+0000][1][safepoint    ] Total time for which application threads were stopped: 0.0005747 seconds, Stopping threads took: 0.0002346 seconds
[2022-06-13T02:39:07.165+0000][1][safepoint    ] Application time: 1.0002178 seconds
[2022-06-13T02:39:07.166+0000][1][safepoint    ] Entering safepoint region: Cleanup
[2022-06-13T02:39:07.166+0000][1][safepoint    ] Leaving safepoint region
[2022-06-13T02:39:07.167+0000][1][safepoint    ] Total time for which application threads were stopped: 0.0012020 seconds, Stopping threads took: 0.0005869 seconds
[2022-06-13T02:39:08.167+0000][1][safepoint    ] Application time: 1.0003307 seconds
[2022-06-13T02:39:08.168+0000][1][safepoint    ] Entering safepoint region: Cleanup
[2022-06-13T02:39:08.168+0000][1][safepoint    ] Leaving safepoint region
[2022-06-13T02:39:08.168+0000][1][safepoint    ] Total time for which application threads were stopped: 0.0004347 seconds, Stopping threads took: 0.0001920 seconds
[2022-06-13T02:39:09.168+0000][1][safepoint    ] Application time: 1.0000964 seconds
[2022-06-13T02:39:09.169+0000][1][safepoint    ] Entering safepoint region: Cleanup
[2022-06-13T02:39:09.169+0000][1][safepoint    ] Leaving safepoint region
[2022-06-13T02:39:09.169+0000][1][safepoint    ] Total time for which application threads were stopped: 0.0005679 seconds, Stopping threads took: 0.0002515 seconds
[2022-06-13T02:39:10.170+0000][1][safepoint    ] Application time: 1.0001174 seconds
[2022-06-13T02:39:10.170+0000][1][safepoint    ] Entering safepoint region: Cleanup
[2022-06-13T02:39:10.170+0000][1][safepoint    ] Leaving safepoint region
[2022-06-13T02:39:10.170+0000][1][safepoint    ] Total time for which application threads were stopped: 0.0003047 seconds, Stopping threads took: 0.0001227 seconds
[2022-06-13T02:39:11.170+0000][1][safepoint    ] Application time: 1.0001718 seconds
[2022-06-13T02:39:11.171+0000][1][safepoint    ] Entering safepoint region: Cleanup
[2022-06-13T02:39:11.171+0000][1][safepoint    ] Leaving safepoint region
[2022-06-13T02:39:11.171+0000][1][safepoint    ] Total time for which application threads were stopped: 0.0003146 seconds, Stopping threads took: 0.0001400 seconds
[2022-06-13T02:39:12.669+0000][1][safepoint    ] Application time: 1.4983633 seconds
[2022-06-13T02:39:12.670+0000][1][safepoint    ] Entering safepoint region: Cleanup
[2022-06-13T02:39:12.670+0000][1][safepoint    ] Leaving safepoint region
[2022-06-13T02:39:12.671+0000][1][safepoint    ] Total time for which application threads were stopped: 0.0008075 seconds, Stopping threads took: 0.0003644 seconds
[2022-06-13T02:39:13.140+0000][1][safepoint    ] Application time: 0.4690951 seconds
[2022-06-13T02:39:13.140+0000][1][safepoint    ] Entering safepoint region: GenCollectForAllocation
[2022-06-13T02:39:13.141+0000][1][gc,start     ] GC(32) Pause Young (Allocation Failure)
[2022-06-13T02:39:13.141+0000][1][gc,task      ] GC(32) Using 5 workers of 13 for evacuation
[2022-06-13T02:39:13.143+0000][1][gc,age       ] GC(32) Desired survivor size 4456448 bytes, new threshold 6 (max threshold 6)
[2022-06-13T02:39:13.143+0000][1][gc,age       ] GC(32) Age table with threshold 6 (max threshold 6)
[2022-06-13T02:39:13.144+0000][1][gc,age       ] GC(32) - age   1:      32384 bytes,      32384 total
[2022-06-13T02:39:13.144+0000][1][gc,age       ] GC(32) - age   2:      16840 bytes,      49224 total
[2022-06-13T02:39:13.145+0000][1][gc,age       ] GC(32) - age   3:      14304 bytes,      63528 total
[2022-06-13T02:39:13.145+0000][1][gc,age       ] GC(32) - age   4:      13960 bytes,      77488 total
[2022-06-13T02:39:13.145+0000][1][gc,age       ] GC(32) - age   5:      14392 bytes,      91880 total
[2022-06-13T02:39:13.146+0000][1][gc,age       ] GC(32) - age   6:      29136 bytes,     121016 total
[2022-06-13T02:39:13.146+0000][1][gc,heap      ] GC(32) ParNew: 70132K->185K(78656K)
[2022-06-13T02:39:13.146+0000][1][gc,heap      ] GC(32) CMS: 68247K->68263K(174784K)
[2022-06-13T02:39:13.147+0000][1][gc,metaspace ] GC(32) Metaspace: 64313K->64313K(1107968K)
[2022-06-13T02:39:13.147+0000][1][gc           ] GC(32) Pause Young (Allocation Failure) 135M->66M(247M) 6.236ms
[2022-06-13T02:39:13.148+0000][1][gc,cpu       ] GC(32) User=0.01s Sys=0.00s Real=0.00s
[2022-06-13T02:39:13.148+0000][1][safepoint    ] Leaving safepoint region
[2022-06-13T02:39:13.148+0000][1][safepoint    ] Total time for which application threads were stopped: 0.0076753 seconds, Stopping threads took: 0.0002573 seconds
[2022-06-13T02:39:14.149+0000][1][safepoint    ] Application time: 1.0002357 seconds
[2022-06-13T02:39:14.149+0000][1][safepoint    ] Entering safepoint region: Cleanup
[2022-06-13T02:39:14.150+0000][1][safepoint    ] Leaving safepoint region
[2022-06-13T02:39:14.150+0000][1][safepoint    ] Total time for which application threads were stopped: 0.0006945 seconds, Stopping threads took: 0.0002955 seconds
[2022-06-13T02:39:15.150+0000][1][safepoint    ] Application time: 1.0002694 seconds
[2022-06-13T02:39:15.151+0000][1][safepoint    ] Entering safepoint region: Cleanup
[2022-06-13T02:39:15.151+0000][1][safepoint    ] Leaving safepoint region
[2022-06-13T02:39:15.152+0000][1][safepoint    ] Total time for which application threads were stopped: 0.0008706 seconds, Stopping threads took: 0.0004786 seconds
[2022-06-13T02:39:16.152+0000][1][safepoint    ] Application time: 1.0002049 seconds
[2022-06-13T02:39:16.152+0000][1][safepoint    ] Entering safepoint region: Cleanup
[2022-06-13T02:39:16.153+0000][1][safepoint    ] Leaving safepoint region
[2022-06-13T02:39:16.153+0000][1][safepoint    ] Total time for which application threads were stopped: 0.0007012 seconds, Stopping threads took: 0.0002765 seconds
[2022-06-13T02:39:17.154+0000][1][safepoint    ] Application time: 1.0002247 seconds
[2022-06-13T02:39:17.154+0000][1][safepoint    ] Entering safepoint region: Cleanup
[2022-06-13T02:39:17.155+0000][1][safepoint    ] Leaving safepoint region
[2022-06-13T02:39:17.155+0000][1][safepoint    ] Total time for which application threads were stopped: 0.0008941 seconds, Stopping threads took: 0.0005129 seconds
[2022-06-13T02:39:18.156+0000][1][safepoint    ] Application time: 1.0001639 seconds
[2022-06-13T02:39:18.156+0000][1][safepoint    ] Entering safepoint region: Cleanup
[2022-06-13T02:39:18.157+0000][1][safepoint    ] Leaving safepoint region
[2022-06-13T02:39:18.157+0000][1][safepoint    ] Total time for which application threads were stopped: 0.0004856 seconds, Stopping threads took: 0.0002106 seconds
[2022-06-13T02:39:19.157+0000][1][safepoint    ] Application time: 1.0001725 seconds
[2022-06-13T02:39:19.158+0000][1][safepoint    ] Entering safepoint region: Cleanup
[2022-06-13T02:39:19.158+0000][1][safepoint    ] Leaving safepoint region
[2022-06-13T02:39:19.158+0000][1][safepoint    ] Total time for which application threads were stopped: 0.0004997 seconds, Stopping threads took: 0.0002171 seconds
[2022-06-13T02:39:20.159+0000][1][safepoint    ] Application time: 1.0001188 seconds
[2022-06-13T02:39:20.159+0000][1][safepoint    ] Entering safepoint region: Cleanup
[2022-06-13T02:39:20.159+0000][1][safepoint    ] Leaving safepoint region
[2022-06-13T02:39:20.160+0000][1][safepoint    ] Total time for which application threads were stopped: 0.0007355 seconds, Stopping threads took: 0.0003004 seconds
[2022-06-13T02:39:21.160+0000][1][safepoint    ] Application time: 1.0001796 seconds
[2022-06-13T02:39:21.161+0000][1][safepoint    ] Entering safepoint region: Cleanup
[2022-06-13T02:39:21.162+0000][1][safepoint    ] Leaving safepoint region
[2022-06-13T02:39:21.162+0000][1][safepoint    ] Total time for which application threads were stopped: 0.0010162 seconds, Stopping threads took: 0.0004297 seconds
[2022-06-13T02:39:22.163+0000][1][safepoint    ] Application time: 1.0001886 seconds
[2022-06-13T02:39:22.163+0000][1][safepoint    ] Entering safepoint region: Cleanup
[2022-06-13T02:39:22.164+0000][1][safepoint    ] Leaving safepoint region
[2022-06-13T02:39:22.164+0000][1][safepoint    ] Total time for which application threads were stopped: 0.0008128 seconds, Stopping threads took: 0.0003321 seconds
[2022-06-13T02:39:23.165+0000][1][safepoint    ] Application time: 1.0001141 seconds
[2022-06-13T02:39:23.165+0000][1][safepoint    ] Entering safepoint region: Cleanup
[2022-06-13T02:39:23.166+0000][1][safepoint    ] Leaving safepoint region
[2022-06-13T02:39:23.166+0000][1][safepoint    ] Total time for which application threads were stopped: 0.0007667 seconds, Stopping threads took: 0.0003838 seconds
[2022-06-13T02:39:24.166+0000][1][safepoint    ] Application time: 1.0001720 seconds
[2022-06-13T02:39:24.167+0000][1][safepoint    ] Entering safepoint region: Cleanup
[2022-06-13T02:39:24.167+0000][1][safepoint    ] Leaving safepoint region
[2022-06-13T02:39:24.167+0000][1][safepoint    ] Total time for which application threads were stopped: 0.0005610 seconds, Stopping threads took: 0.0002462 seconds
[2022-06-13T02:39:25.168+0000][1][safepoint    ] Application time: 1.0001264 seconds
[2022-06-13T02:39:25.168+0000][1][safepoint    ] Entering safepoint region: Cleanup
[2022-06-13T02:39:25.168+0000][1][safepoint    ] Leaving safepoint region
[2022-06-13T02:39:25.169+0000][1][safepoint    ] Total time for which application threads were stopped: 0.0008953 seconds, Stopping threads took: 0.0003304 seconds
[2022-06-13T02:39:26.169+0000][1][safepoint    ] Application time: 1.0001671 seconds
[2022-06-13T02:39:26.170+0000][1][safepoint    ] Entering safepoint region: Cleanup
[2022-06-13T02:39:26.171+0000][1][safepoint    ] Leaving safepoint region
[2022-06-13T02:39:26.171+0000][1][safepoint    ] Total time for which application threads were stopped: 0.0009275 seconds, Stopping threads took: 0.0003934 seconds
[2022-06-13T02:39:27.172+0000][1][safepoint    ] Application time: 1.0001781 seconds
[2022-06-13T02:39:27.172+0000][1][safepoint    ] Entering safepoint region: Cleanup
[2022-06-13T02:39:27.173+0000][1][safepoint    ] Leaving safepoint region
[2022-06-13T02:39:27.173+0000][1][safepoint    ] Total time for which application threads were stopped: 0.0008455 seconds, Stopping threads took: 0.0003874 seconds
[2022-06-13T02:39:28.174+0000][1][safepoint    ] Application time: 1.0001736 seconds
[2022-06-13T02:39:28.174+0000][1][safepoint    ] Entering safepoint region: Cleanup
[2022-06-13T02:39:28.175+0000][1][safepoint    ] Leaving safepoint region
[2022-06-13T02:39:28.175+0000][1][safepoint    ] Total time for which application threads were stopped: 0.0008564 seconds, Stopping threads took: 0.0004086 seconds
[2022-06-13T02:39:29.176+0000][1][safepoint    ] Application time: 1.0003263 seconds
[2022-06-13T02:39:29.177+0000][1][safepoint    ] Entering safepoint region: Cleanup
[2022-06-13T02:39:29.177+0000][1][safepoint    ] Leaving safepoint region
[2022-06-13T02:39:29.178+0000][1][safepoint    ] Total time for which application threads were stopped: 0.0014023 seconds, Stopping threads took: 0.0006165 seconds
[2022-06-13T02:39:30.179+0000][1][safepoint    ] Application time: 1.0002374 seconds
[2022-06-13T02:39:30.179+0000][1][safepoint    ] Entering safepoint region: Cleanup
[2022-06-13T02:39:30.180+0000][1][safepoint    ] Leaving safepoint region
[2022-06-13T02:39:30.180+0000][1][safepoint    ] Total time for which application threads were stopped: 0.0008512 seconds, Stopping threads took: 0.0004141 seconds
[2022-06-13T02:39:31.181+0000][1][safepoint    ] Application time: 1.0001647 seconds
[2022-06-13T02:39:31.181+0000][1][safepoint    ] Entering safepoint region: Cleanup
[2022-06-13T02:39:31.182+0000][1][safepoint    ] Leaving safepoint region
[2022-06-13T02:39:31.182+0000][1][safepoint    ] Total time for which application threads were stopped: 0.0006786 seconds, Stopping threads took: 0.0003200 seconds
[2022-06-13T02:39:32.183+0000][1][safepoint    ] Application time: 1.0002205 seconds
[2022-06-13T02:39:32.183+0000][1][safepoint    ] Entering safepoint region: Cleanup
[2022-06-13T02:39:32.184+0000][1][safepoint    ] Leaving safepoint region
[2022-06-13T02:39:32.184+0000][1][safepoint    ] Total time for which application threads were stopped: 0.0008779 seconds, Stopping threads took: 0.0004091 seconds
[2022-06-13T02:39:33.448+0000][1][safepoint    ] Application time: 1.2636932 seconds
[2022-06-13T02:39:33.449+0000][1][safepoint    ] Entering safepoint region: Cleanup
[2022-06-13T02:39:33.449+0000][1][safepoint    ] Leaving safepoint region
[2022-06-13T02:39:33.449+0000][1][safepoint    ] Total time for which application threads were stopped: 0.0009060 seconds, Stopping threads took: 0.0003920 seconds
[2022-06-13T02:39:34.450+0000][1][safepoint    ] Application time: 1.0001856 seconds
[2022-06-13T02:39:34.450+0000][1][safepoint    ] Entering safepoint region: Cleanup
[2022-06-13T02:39:34.451+0000][1][safepoint    ] Leaving safepoint region
[2022-06-13T02:39:34.451+0000][1][safepoint    ] Total time for which application threads were stopped: 0.0007340 seconds, Stopping threads took: 0.0003365 seconds
[2022-06-13T02:39:35.452+0000][1][safepoint    ] Application time: 1.0002557 seconds
[2022-06-13T02:39:35.452+0000][1][safepoint    ] Entering safepoint region: Cleanup
[2022-06-13T02:39:35.453+0000][1][safepoint    ] Leaving safepoint region
[2022-06-13T02:39:35.453+0000][1][safepoint    ] Total time for which application threads were stopped: 0.0010704 seconds, Stopping threads took: 0.0004490 seconds
[2022-06-13T02:39:36.454+0000][1][safepoint    ] Application time: 1.0002008 seconds
[2022-06-13T02:39:36.454+0000][1][safepoint    ] Entering safepoint region: Cleanup
[2022-06-13T02:39:36.455+0000][1][safepoint    ] Leaving safepoint region
[2022-06-13T02:39:36.455+0000][1][safepoint    ] Total time for which application threads were stopped: 0.0010065 seconds, Stopping threads took: 0.0005232 seconds
[2022-06-13T02:39:37.456+0000][1][safepoint    ] Application time: 1.0001514 seconds
[2022-06-13T02:39:37.456+0000][1][safepoint    ] Entering safepoint region: Cleanup
[2022-06-13T02:39:37.457+0000][1][safepoint    ] Leaving safepoint region
[2022-06-13T02:39:37.457+0000][1][safepoint    ] Total time for which application threads were stopped: 0.0005736 seconds, Stopping threads took: 0.0002714 seconds
[2022-06-13T02:39:38.457+0000][1][safepoint    ] Application time: 1.0002583 seconds
[2022-06-13T02:39:38.458+0000][1][safepoint    ] Entering safepoint region: Cleanup
[2022-06-13T02:39:38.459+0000][1][safepoint    ] Leaving safepoint region
[2022-06-13T02:39:38.459+0000][1][safepoint    ] Total time for which application threads were stopped: 0.0012348 seconds, Stopping threads took: 0.0006494 seconds
[2022-06-13T02:39:39.460+0000][1][safepoint    ] Application time: 1.0002124 seconds
[2022-06-13T02:39:39.460+0000][1][safepoint    ] Entering safepoint region: Cleanup
[2022-06-13T02:39:39.461+0000][1][safepoint    ] Leaving safepoint region
[2022-06-13T02:39:39.461+0000][1][safepoint    ] Total time for which application threads were stopped: 0.0010721 seconds, Stopping threads took: 0.0005045 seconds
[2022-06-13T02:39:40.462+0000][1][safepoint    ] Application time: 1.0001798 seconds
[2022-06-13T02:39:40.462+0000][1][safepoint    ] Entering safepoint region: Cleanup
[2022-06-13T02:39:40.463+0000][1][safepoint    ] Leaving safepoint region
[2022-06-13T02:39:40.463+0000][1][safepoint    ] Total time for which application threads were stopped: 0.0012391 seconds, Stopping threads took: 0.0005116 seconds
[2022-06-13T02:39:41.464+0000][1][safepoint    ] Application time: 1.0002282 seconds
[2022-06-13T02:39:41.465+0000][1][safepoint    ] Entering safepoint region: Cleanup
[2022-06-13T02:39:41.465+0000][1][safepoint    ] Leaving safepoint region
[2022-06-13T02:39:41.466+0000][1][safepoint    ] Total time for which application threads were stopped: 0.0008881 seconds, Stopping threads took: 0.0003844 seconds
[2022-06-13T02:39:42.466+0000][1][safepoint    ] Application time: 1.0002284 seconds
[2022-06-13T02:39:42.467+0000][1][safepoint    ] Entering safepoint region: Cleanup
[2022-06-13T02:39:42.468+0000][1][safepoint    ] Leaving safepoint region
[2022-06-13T02:39:42.469+0000][1][safepoint    ] Total time for which application threads were stopped: 0.0016863 seconds, Stopping threads took: 0.0007621 seconds
[2022-06-13T02:39:43.470+0000][1][safepoint    ] Application time: 1.0003530 seconds
[2022-06-13T02:39:43.471+0000][1][safepoint    ] Entering safepoint region: Cleanup
[2022-06-13T02:39:43.471+0000][1][safepoint    ] Leaving safepoint region
[2022-06-13T02:39:43.472+0000][1][safepoint    ] Total time for which application threads were stopped: 0.0014118 seconds, Stopping threads took: 0.0006826 seconds
[2022-06-13T02:39:44.473+0000][1][safepoint    ] Application time: 1.0002084 seconds
[2022-06-13T02:39:44.473+0000][1][safepoint    ] Entering safepoint region: Cleanup
[2022-06-13T02:39:44.474+0000][1][safepoint    ] Leaving safepoint region
[2022-06-13T02:39:44.475+0000][1][safepoint    ] Total time for which application threads were stopped: 0.0012363 seconds, Stopping threads took: 0.0004264 seconds
[2022-06-13T02:39:45.475+0000][1][safepoint    ] Application time: 1.0001381 seconds
[2022-06-13T02:39:45.476+0000][1][safepoint    ] Entering safepoint region: Cleanup
[2022-06-13T02:39:45.477+0000][1][safepoint    ] Leaving safepoint region
[2022-06-13T02:39:45.477+0000][1][safepoint    ] Total time for which application threads were stopped: 0.0014635 seconds, Stopping threads took: 0.0006763 seconds
[2022-06-13T02:39:46.478+0000][1][safepoint    ] Application time: 1.0003782 seconds
[2022-06-13T02:39:46.479+0000][1][safepoint    ] Entering safepoint region: Cleanup
[2022-06-13T02:39:46.480+0000][1][safepoint    ] Leaving safepoint region
[2022-06-13T02:39:46.480+0000][1][safepoint    ] Total time for which application threads were stopped: 0.0014613 seconds, Stopping threads took: 0.0006392 seconds
[2022-06-13T02:39:47.481+0000][1][safepoint    ] Application time: 1.0003100 seconds
[2022-06-13T02:39:47.482+0000][1][safepoint    ] Entering safepoint region: Cleanup
[2022-06-13T02:39:47.482+0000][1][safepoint    ] Leaving safepoint region
[2022-06-13T02:39:47.483+0000][1][safepoint    ] Total time for which application threads were stopped: 0.0007415 seconds, Stopping threads took: 0.0003413 seconds
[2022-06-13T02:39:48.483+0000][1][safepoint    ] Application time: 1.0003533 seconds
[2022-06-13T02:39:48.484+0000][1][safepoint    ] Entering safepoint region: Cleanup
[2022-06-13T02:39:48.485+0000][1][safepoint    ] Leaving safepoint region
[2022-06-13T02:39:48.485+0000][1][safepoint    ] Total time for which application threads were stopped: 0.0013307 seconds, Stopping threads took: 0.0006028 seconds
[2022-06-13T02:39:49.486+0000][1][safepoint    ] Application time: 1.0002896 seconds
[2022-06-13T02:39:49.487+0000][1][safepoint    ] Entering safepoint region: Cleanup
[2022-06-13T02:39:49.487+0000][1][safepoint    ] Leaving safepoint region
[2022-06-13T02:39:49.487+0000][1][safepoint    ] Total time for which application threads were stopped: 0.0007257 seconds, Stopping threads took: 0.0003445 seconds
[2022-06-13T02:39:50.488+0000][1][safepoint    ] Application time: 1.0002249 seconds
[2022-06-13T02:39:50.489+0000][1][safepoint    ] Entering safepoint region: Cleanup
[2022-06-13T02:39:50.489+0000][1][safepoint    ] Leaving safepoint region
[2022-06-13T02:39:50.489+0000][1][safepoint    ] Total time for which application threads were stopped: 0.0009829 seconds, Stopping threads took: 0.0004879 seconds
[2022-06-13T02:39:51.490+0000][1][safepoint    ] Application time: 1.0003515 seconds
[2022-06-13T02:39:51.491+0000][1][safepoint    ] Entering safepoint region: Cleanup
[2022-06-13T02:39:51.491+0000][1][safepoint    ] Leaving safepoint region
[2022-06-13T02:39:51.492+0000][1][safepoint    ] Total time for which application threads were stopped: 0.0010957 seconds, Stopping threads took: 0.0004567 seconds
[2022-06-13T02:39:52.493+0000][1][safepoint    ] Application time: 1.0002829 seconds
[2022-06-13T02:39:52.493+0000][1][safepoint    ] Entering safepoint region: Cleanup
[2022-06-13T02:39:52.494+0000][1][safepoint    ] Leaving safepoint region
[2022-06-13T02:39:52.495+0000][1][safepoint    ] Total time for which application threads were stopped: 0.0011586 seconds, Stopping threads took: 0.0005124 seconds
[2022-06-13T02:39:53.495+0000][1][safepoint    ] Application time: 1.0002498 seconds
[2022-06-13T02:39:53.496+0000][1][safepoint    ] Entering safepoint region: Cleanup
[2022-06-13T02:39:53.497+0000][1][safepoint    ] Leaving safepoint region
[2022-06-13T02:39:53.498+0000][1][safepoint    ] Total time for which application threads were stopped: 0.0014700 seconds, Stopping threads took: 0.0006375 seconds
[2022-06-13T02:39:54.498+0000][1][safepoint    ] Application time: 1.0001308 seconds
[2022-06-13T02:39:54.499+0000][1][safepoint    ] Entering safepoint region: Cleanup
[2022-06-13T02:39:54.499+0000][1][safepoint    ] Leaving safepoint region
[2022-06-13T02:39:54.499+0000][1][safepoint    ] Total time for which application threads were stopped: 0.0006744 seconds, Stopping threads took: 0.0003425 seconds
[2022-06-13T02:39:55.500+0000][1][safepoint    ] Application time: 1.0002305 seconds
[2022-06-13T02:39:55.501+0000][1][safepoint    ] Entering safepoint region: Cleanup
[2022-06-13T02:39:55.502+0000][1][safepoint    ] Leaving safepoint region
[2022-06-13T02:39:55.502+0000][1][safepoint    ] Total time for which application threads were stopped: 0.0014115 seconds, Stopping threads took: 0.0006432 seconds
[2022-06-13T02:39:56.503+0000][1][safepoint    ] Application time: 1.0003500 seconds
[2022-06-13T02:39:56.504+0000][1][safepoint    ] Entering safepoint region: Cleanup
[2022-06-13T02:39:56.504+0000][1][safepoint    ] Leaving safepoint region
[2022-06-13T02:39:56.504+0000][1][safepoint    ] Total time for which application threads were stopped: 0.0006102 seconds, Stopping threads took: 0.0002546 seconds
[2022-06-13T02:39:57.505+0000][1][safepoint    ] Application time: 1.0002378 seconds
[2022-06-13T02:39:57.505+0000][1][safepoint    ] Entering safepoint region: Cleanup
[2022-06-13T02:39:57.506+0000][1][safepoint    ] Leaving safepoint region
[2022-06-13T02:39:57.506+0000][1][safepoint    ] Total time for which application threads were stopped: 0.0008712 seconds, Stopping threads took: 0.0003953 seconds
[2022-06-13T02:39:58.507+0000][1][safepoint    ] Application time: 1.0002048 seconds
[2022-06-13T02:39:58.507+0000][1][safepoint    ] Entering safepoint region: Cleanup
[2022-06-13T02:39:58.507+0000][1][safepoint    ] Leaving safepoint region
[2022-06-13T02:39:58.508+0000][1][safepoint    ] Total time for which application threads were stopped: 0.0006483 seconds, Stopping threads took: 0.0003037 seconds
[2022-06-13T02:39:59.508+0000][1][safepoint    ] Application time: 1.0001954 seconds
[2022-06-13T02:39:59.509+0000][1][safepoint    ] Entering safepoint region: Cleanup
[2022-06-13T02:39:59.509+0000][1][safepoint    ] Leaving safepoint region
[2022-06-13T02:39:59.509+0000][1][safepoint    ] Total time for which application threads were stopped: 0.0007168 seconds, Stopping threads took: 0.0003218 seconds
[2022-06-13T02:40:00.510+0000][1][safepoint    ] Application time: 1.0001897 seconds
[2022-06-13T02:40:00.510+0000][1][safepoint    ] Entering safepoint region: Cleanup
[2022-06-13T02:40:00.511+0000][1][safepoint    ] Leaving safepoint region
[2022-06-13T02:40:00.511+0000][1][safepoint    ] Total time for which application threads were stopped: 0.0009854 seconds, Stopping threads took: 0.0004699 seconds
[2022-06-13T02:40:01.512+0000][1][safepoint    ] Application time: 1.0002900 seconds
[2022-06-13T02:40:01.512+0000][1][safepoint    ] Entering safepoint region: Cleanup
[2022-06-13T02:40:01.513+0000][1][safepoint    ] Leaving safepoint region
[2022-06-13T02:40:01.513+0000][1][safepoint    ] Total time for which application threads were stopped: 0.0005704 seconds, Stopping threads took: 0.0002524 seconds
[2022-06-13T02:40:02.513+0000][1][safepoint    ] Application time: 1.0002445 seconds
[2022-06-13T02:40:02.514+0000][1][safepoint    ] Entering safepoint region: Cleanup
[2022-06-13T02:40:02.515+0000][1][safepoint    ] Leaving safepoint region
[2022-06-13T02:40:02.515+0000][1][safepoint    ] Total time for which application threads were stopped: 0.0011482 seconds, Stopping threads took: 0.0005619 seconds
[2022-06-13T02:40:03.516+0000][1][safepoint    ] Application time: 1.0003021 seconds
[2022-06-13T02:40:03.517+0000][1][safepoint    ] Entering safepoint region: Cleanup
[2022-06-13T02:40:03.517+0000][1][safepoint    ] Leaving safepoint region
[2022-06-13T02:40:03.517+0000][1][safepoint    ] Total time for which application threads were stopped: 0.0007302 seconds, Stopping threads took: 0.0003194 seconds
[2022-06-13T02:40:04.518+0000][1][safepoint    ] Application time: 1.0003308 seconds
[2022-06-13T02:40:04.519+0000][1][safepoint    ] Entering safepoint region: Cleanup
[2022-06-13T02:40:04.519+0000][1][safepoint    ] Leaving safepoint region
[2022-06-13T02:40:04.519+0000][1][safepoint    ] Total time for which application threads were stopped: 0.0007928 seconds, Stopping threads took: 0.0002387 seconds
[2022-06-13T02:40:05.520+0000][1][safepoint    ] Application time: 1.0002576 seconds
[2022-06-13T02:40:05.521+0000][1][safepoint    ] Entering safepoint region: Cleanup
[2022-06-13T02:40:05.521+0000][1][safepoint    ] Leaving safepoint region
[2022-06-13T02:40:05.522+0000][1][safepoint    ] Total time for which application threads were stopped: 0.0010273 seconds, Stopping threads took: 0.0004728 seconds
[2022-06-13T02:40:06.522+0000][1][safepoint    ] Application time: 1.0001711 seconds
[2022-06-13T02:40:06.523+0000][1][safepoint    ] Entering safepoint region: Cleanup
[2022-06-13T02:40:06.523+0000][1][safepoint    ] Leaving safepoint region
[2022-06-13T02:40:06.524+0000][1][safepoint    ] Total time for which application threads were stopped: 0.0008867 seconds, Stopping threads took: 0.0003979 seconds
[2022-06-13T02:40:07.525+0000][1][safepoint    ] Application time: 1.0004077 seconds
[2022-06-13T02:40:07.525+0000][1][safepoint    ] Entering safepoint region: Cleanup
[2022-06-13T02:40:07.526+0000][1][safepoint    ] Leaving safepoint region
[2022-06-13T02:40:07.526+0000][1][safepoint    ] Total time for which application threads were stopped: 0.0011214 seconds, Stopping threads took: 0.0006036 seconds
[2022-06-13T02:40:08.527+0000][1][safepoint    ] Application time: 1.0002800 seconds
[2022-06-13T02:40:08.528+0000][1][safepoint    ] Entering safepoint region: Cleanup
[2022-06-13T02:40:08.528+0000][1][safepoint    ] Leaving safepoint region
[2022-06-13T02:40:08.528+0000][1][safepoint    ] Total time for which application threads were stopped: 0.0007876 seconds, Stopping threads took: 0.0003056 seconds
[2022-06-13T02:40:09.529+0000][1][safepoint    ] Application time: 1.0002927 seconds
[2022-06-13T02:40:09.529+0000][1][safepoint    ] Entering safepoint region: Cleanup
[2022-06-13T02:40:09.530+0000][1][safepoint    ] Leaving safepoint region
[2022-06-13T02:40:09.530+0000][1][safepoint    ] Total time for which application threads were stopped: 0.0007949 seconds, Stopping threads took: 0.0003248 seconds
[2022-06-13T02:40:10.531+0000][1][safepoint    ] Application time: 1.0001176 seconds
[2022-06-13T02:40:10.531+0000][1][safepoint    ] Entering safepoint region: Cleanup
[2022-06-13T02:40:10.531+0000][1][safepoint    ] Leaving safepoint region
[2022-06-13T02:40:10.532+0000][1][safepoint    ] Total time for which application threads were stopped: 0.0007407 seconds, Stopping threads took: 0.0003412 seconds
[2022-06-13T02:40:11.532+0000][1][safepoint    ] Application time: 1.0003064 seconds
[2022-06-13T02:40:11.533+0000][1][safepoint    ] Entering safepoint region: Cleanup
[2022-06-13T02:40:11.533+0000][1][safepoint    ] Leaving safepoint region
[2022-06-13T02:40:11.533+0000][1][safepoint    ] Total time for which application threads were stopped: 0.0004900 seconds, Stopping threads took: 0.0001574 seconds
[2022-06-13T02:40:12.534+0000][1][safepoint    ] Application time: 1.0003713 seconds
[2022-06-13T02:40:12.535+0000][1][safepoint    ] Entering safepoint region: Cleanup
[2022-06-13T02:40:12.535+0000][1][safepoint    ] Leaving safepoint region
[2022-06-13T02:40:12.535+0000][1][safepoint    ] Total time for which application threads were stopped: 0.0008357 seconds, Stopping threads took: 0.0003796 seconds
[2022-06-13T02:40:13.536+0000][1][safepoint    ] Application time: 1.0001556 seconds
[2022-06-13T02:40:13.536+0000][1][safepoint    ] Entering safepoint region: Cleanup
[2022-06-13T02:40:13.537+0000][1][safepoint    ] Leaving safepoint region
[2022-06-13T02:40:13.537+0000][1][safepoint    ] Total time for which application threads were stopped: 0.0003737 seconds, Stopping threads took: 0.0001679 seconds
[2022-06-13T02:40:14.537+0000][1][safepoint    ] Application time: 1.0001887 seconds
[2022-06-13T02:40:14.538+0000][1][safepoint    ] Entering safepoint region: Cleanup
[2022-06-13T02:40:14.538+0000][1][safepoint    ] Leaving safepoint region
[2022-06-13T02:40:14.539+0000][1][safepoint    ] Total time for which application threads were stopped: 0.0010450 seconds, Stopping threads took: 0.0004936 seconds
[2022-06-13T02:40:15.540+0000][1][safepoint    ] Application time: 1.0002602 seconds
[2022-06-13T02:40:15.540+0000][1][safepoint    ] Entering safepoint region: Cleanup
[2022-06-13T02:40:15.541+0000][1][safepoint    ] Leaving safepoint region
[2022-06-13T02:40:15.541+0000][1][safepoint    ] Total time for which application threads were stopped: 0.0007352 seconds, Stopping threads took: 0.0003487 seconds
[2022-06-13T02:40:16.541+0000][1][safepoint    ] Application time: 1.0001744 seconds
[2022-06-13T02:40:16.542+0000][1][safepoint    ] Entering safepoint region: Cleanup
[2022-06-13T02:40:16.543+0000][1][safepoint    ] Leaving safepoint region
[2022-06-13T02:40:16.543+0000][1][safepoint    ] Total time for which application threads were stopped: 0.0010391 seconds, Stopping threads took: 0.0004542 seconds
[2022-06-13T02:40:17.544+0000][1][safepoint    ] Application time: 1.0002214 seconds
[2022-06-13T02:40:17.544+0000][1][safepoint    ] Entering safepoint region: Cleanup
[2022-06-13T02:40:17.545+0000][1][safepoint    ] Leaving safepoint region
[2022-06-13T02:40:17.545+0000][1][safepoint    ] Total time for which application threads were stopped: 0.0009782 seconds, Stopping threads took: 0.0004324 seconds
[2022-06-13T02:40:18.546+0000][1][safepoint    ] Application time: 1.0001306 seconds
[2022-06-13T02:40:18.546+0000][1][safepoint    ] Entering safepoint region: Cleanup
[2022-06-13T02:40:18.547+0000][1][safepoint    ] Leaving safepoint region
[2022-06-13T02:40:18.547+0000][1][safepoint    ] Total time for which application threads were stopped: 0.0006470 seconds, Stopping threads took: 0.0002565 seconds
[2022-06-13T02:40:19.547+0000][1][safepoint    ] Application time: 1.0002379 seconds
[2022-06-13T02:40:19.548+0000][1][safepoint    ] Entering safepoint region: Cleanup
[2022-06-13T02:40:19.548+0000][1][safepoint    ] Leaving safepoint region
[2022-06-13T02:40:19.548+0000][1][safepoint    ] Total time for which application threads were stopped: 0.0003395 seconds, Stopping threads took: 0.0001494 seconds
[2022-06-13T02:40:20.548+0000][1][safepoint    ] Application time: 1.0001634 seconds
[2022-06-13T02:40:20.549+0000][1][safepoint    ] Entering safepoint region: Cleanup
[2022-06-13T02:40:20.549+0000][1][safepoint    ] Leaving safepoint region
[2022-06-13T02:40:20.549+0000][1][safepoint    ] Total time for which application threads were stopped: 0.0008550 seconds, Stopping threads took: 0.0003827 seconds
[2022-06-13T02:40:21.550+0000][1][safepoint    ] Application time: 1.0002333 seconds
[2022-06-13T02:40:21.551+0000][1][safepoint    ] Entering safepoint region: Cleanup
[2022-06-13T02:40:21.551+0000][1][safepoint    ] Leaving safepoint region
[2022-06-13T02:40:21.551+0000][1][safepoint    ] Total time for which application threads were stopped: 0.0007559 seconds, Stopping threads took: 0.0003790 seconds
[2022-06-13T02:40:22.552+0000][1][safepoint    ] Application time: 1.0003058 seconds
[2022-06-13T02:40:22.553+0000][1][safepoint    ] Entering safepoint region: Cleanup
[2022-06-13T02:40:22.553+0000][1][safepoint    ] Leaving safepoint region
[2022-06-13T02:40:22.554+0000][1][safepoint    ] Total time for which application threads were stopped: 0.0013317 seconds, Stopping threads took: 0.0006208 seconds
[2022-06-13T02:40:23.555+0000][1][safepoint    ] Application time: 1.0002385 seconds
[2022-06-13T02:40:23.555+0000][1][safepoint    ] Entering safepoint region: Cleanup
[2022-06-13T02:40:23.556+0000][1][safepoint    ] Leaving safepoint region
[2022-06-13T02:40:23.556+0000][1][safepoint    ] Total time for which application threads were stopped: 0.0009026 seconds, Stopping threads took: 0.0003462 seconds
[2022-06-13T02:40:24.557+0000][1][safepoint    ] Application time: 1.0002133 seconds
[2022-06-13T02:40:24.557+0000][1][safepoint    ] Entering safepoint region: Cleanup
[2022-06-13T02:40:24.558+0000][1][safepoint    ] Leaving safepoint region
[2022-06-13T02:40:24.558+0000][1][safepoint    ] Total time for which application threads were stopped: 0.0007868 seconds, Stopping threads took: 0.0002705 seconds
[2022-06-13T02:40:25.559+0000][1][safepoint    ] Application time: 1.0002227 seconds
[2022-06-13T02:40:25.559+0000][1][safepoint    ] Entering safepoint region: Cleanup
[2022-06-13T02:40:25.560+0000][1][safepoint    ] Leaving safepoint region
[2022-06-13T02:40:25.560+0000][1][safepoint    ] Total time for which application threads were stopped: 0.0005818 seconds, Stopping threads took: 0.0002479 seconds
[2022-06-13T02:40:26.560+0000][1][safepoint    ] Application time: 1.0002738 seconds
[2022-06-13T02:40:26.561+0000][1][safepoint    ] Entering safepoint region: Cleanup
[2022-06-13T02:40:26.561+0000][1][safepoint    ] Leaving safepoint region
[2022-06-13T02:40:26.562+0000][1][safepoint    ] Total time for which application threads were stopped: 0.0010154 seconds, Stopping threads took: 0.0003732 seconds
[2022-06-13T02:40:27.563+0000][1][safepoint    ] Application time: 1.0003315 seconds
[2022-06-13T02:40:27.563+0000][1][safepoint    ] Entering safepoint region: Cleanup
[2022-06-13T02:40:27.564+0000][1][safepoint    ] Leaving safepoint region
[2022-06-13T02:40:27.564+0000][1][safepoint    ] Total time for which application threads were stopped: 0.0008914 seconds, Stopping threads took: 0.0004206 seconds
[2022-06-13T02:40:28.565+0000][1][safepoint    ] Application time: 1.0002679 seconds
[2022-06-13T02:40:28.565+0000][1][safepoint    ] Entering safepoint region: Cleanup
[2022-06-13T02:40:28.566+0000][1][safepoint    ] Leaving safepoint region
[2022-06-13T02:40:28.566+0000][1][safepoint    ] Total time for which application threads were stopped: 0.0009648 seconds, Stopping threads took: 0.0004419 seconds
[2022-06-13T02:40:29.567+0000][1][safepoint    ] Application time: 1.0002922 seconds
[2022-06-13T02:40:29.567+0000][1][safepoint    ] Entering safepoint region: Cleanup
[2022-06-13T02:40:29.568+0000][1][safepoint    ] Leaving safepoint region
[2022-06-13T02:40:29.568+0000][1][safepoint    ] Total time for which application threads were stopped: 0.0004613 seconds, Stopping threads took: 0.0002335 seconds
[2022-06-13T02:40:30.568+0000][1][safepoint    ] Application time: 1.0001521 seconds
[2022-06-13T02:40:30.569+0000][1][safepoint    ] Entering safepoint region: Cleanup
[2022-06-13T02:40:30.569+0000][1][safepoint    ] Leaving safepoint region
[2022-06-13T02:40:30.569+0000][1][safepoint    ] Total time for which application threads were stopped: 0.0006339 seconds, Stopping threads took: 0.0002895 seconds
[2022-06-13T02:40:31.570+0000][1][safepoint    ] Application time: 1.0001915 seconds
[2022-06-13T02:40:31.570+0000][1][safepoint    ] Entering safepoint region: Cleanup
[2022-06-13T02:40:31.570+0000][1][safepoint    ] Leaving safepoint region
[2022-06-13T02:40:31.571+0000][1][safepoint    ] Total time for which application threads were stopped: 0.0005718 seconds, Stopping threads took: 0.0002581 seconds
[2022-06-13T02:40:32.571+0000][1][safepoint    ] Application time: 1.0003360 seconds
[2022-06-13T02:40:32.572+0000][1][safepoint    ] Entering safepoint region: Cleanup
[2022-06-13T02:40:32.572+0000][1][safepoint    ] Leaving safepoint region
[2022-06-13T02:40:32.573+0000][1][safepoint    ] Total time for which application threads were stopped: 0.0009435 seconds, Stopping threads took: 0.0004405 seconds
[2022-06-13T02:40:33.573+0000][1][safepoint    ] Application time: 1.0001267 seconds
[2022-06-13T02:40:33.574+0000][1][safepoint    ] Entering safepoint region: Cleanup
[2022-06-13T02:40:33.574+0000][1][safepoint    ] Leaving safepoint region
[2022-06-13T02:40:33.574+0000][1][safepoint    ] Total time for which application threads were stopped: 0.0005642 seconds, Stopping threads took: 0.0002229 seconds
[2022-06-13T02:40:34.574+0000][1][safepoint    ] Application time: 1.0001225 seconds
[2022-06-13T02:40:34.575+0000][1][safepoint    ] Entering safepoint region: Cleanup
[2022-06-13T02:40:34.575+0000][1][safepoint    ] Leaving safepoint region
[2022-06-13T02:40:34.575+0000][1][safepoint    ] Total time for which application threads were stopped: 0.0005695 seconds, Stopping threads took: 0.0002532 seconds
[2022-06-13T02:40:35.576+0000][1][safepoint    ] Application time: 1.0001974 seconds
[2022-06-13T02:40:35.576+0000][1][safepoint    ] Entering safepoint region: Cleanup
[2022-06-13T02:40:35.577+0000][1][safepoint    ] Leaving safepoint region
[2022-06-13T02:40:35.577+0000][1][safepoint    ] Total time for which application threads were stopped: 0.0008165 seconds, Stopping threads took: 0.0003730 seconds
[2022-06-13T02:40:36.578+0000][1][safepoint    ] Application time: 1.0003328 seconds
[2022-06-13T02:40:36.578+0000][1][safepoint    ] Entering safepoint region: Cleanup
[2022-06-13T02:40:36.578+0000][1][safepoint    ] Leaving safepoint region
[2022-06-13T02:40:36.578+0000][1][safepoint    ] Total time for which application threads were stopped: 0.0004464 seconds, Stopping threads took: 0.0002127 seconds
[2022-06-13T02:40:37.579+0000][1][safepoint    ] Application time: 1.0001345 seconds
[2022-06-13T02:40:37.579+0000][1][safepoint    ] Entering safepoint region: Cleanup
[2022-06-13T02:40:37.579+0000][1][safepoint    ] Leaving safepoint region
[2022-06-13T02:40:37.580+0000][1][safepoint    ] Total time for which application threads were stopped: 0.0007239 seconds, Stopping threads took: 0.0002664 seconds
[2022-06-13T02:40:38.580+0000][1][safepoint    ] Application time: 1.0002821 seconds
[2022-06-13T02:40:38.581+0000][1][safepoint    ] Entering safepoint region: Cleanup
[2022-06-13T02:40:38.581+0000][1][safepoint    ] Leaving safepoint region
[2022-06-13T02:40:38.582+0000][1][safepoint    ] Total time for which application threads were stopped: 0.0007745 seconds, Stopping threads took: 0.0003687 seconds
[2022-06-13T02:40:40.203+0000][1][safepoint    ] Application time: 1.6216120 seconds
[2022-06-13T02:40:40.204+0000][1][safepoint    ] Entering safepoint region: Cleanup
[2022-06-13T02:40:40.204+0000][1][safepoint    ] Leaving safepoint region
[2022-06-13T02:40:40.205+0000][1][safepoint    ] Total time for which application threads were stopped: 0.0008299 seconds, Stopping threads took: 0.0003578 seconds
[2022-06-13T02:40:41.205+0000][1][safepoint    ] Application time: 1.0003195 seconds
[2022-06-13T02:40:41.206+0000][1][safepoint    ] Entering safepoint region: Cleanup
[2022-06-13T02:40:41.206+0000][1][safepoint    ] Leaving safepoint region
[2022-06-13T02:40:41.207+0000][1][safepoint    ] Total time for which application threads were stopped: 0.0010686 seconds, Stopping threads took: 0.0004686 seconds
[2022-06-13T02:40:42.207+0000][1][safepoint    ] Application time: 1.0002645 seconds
[2022-06-13T02:40:42.208+0000][1][safepoint    ] Entering safepoint region: Cleanup
[2022-06-13T02:40:42.208+0000][1][safepoint    ] Leaving safepoint region
[2022-06-13T02:40:42.209+0000][1][safepoint    ] Total time for which application threads were stopped: 0.0006315 seconds, Stopping threads took: 0.0002678 seconds
[2022-06-13T02:40:43.209+0000][1][safepoint    ] Application time: 1.0001436 seconds
[2022-06-13T02:40:43.209+0000][1][safepoint    ] Entering safepoint region: Cleanup
[2022-06-13T02:40:43.210+0000][1][safepoint    ] Leaving safepoint region
[2022-06-13T02:40:43.210+0000][1][safepoint    ] Total time for which application threads were stopped: 0.0007686 seconds, Stopping threads took: 0.0003202 seconds
[2022-06-13T02:40:44.211+0000][1][safepoint    ] Application time: 1.0002647 seconds
[2022-06-13T02:40:44.211+0000][1][safepoint    ] Entering safepoint region: Cleanup
[2022-06-13T02:40:44.212+0000][1][safepoint    ] Leaving safepoint region
[2022-06-13T02:40:44.212+0000][1][safepoint    ] Total time for which application threads were stopped: 0.0009784 seconds, Stopping threads took: 0.0003707 seconds
[2022-06-13T02:40:45.213+0000][1][safepoint    ] Application time: 1.0001379 seconds
[2022-06-13T02:40:45.213+0000][1][safepoint    ] Entering safepoint region: Cleanup
[2022-06-13T02:40:45.213+0000][1][safepoint    ] Leaving safepoint region
[2022-06-13T02:40:45.214+0000][1][safepoint    ] Total time for which application threads were stopped: 0.0007180 seconds, Stopping threads took: 0.0003443 seconds
[2022-06-13T02:40:46.214+0000][1][safepoint    ] Application time: 1.0001067 seconds
[2022-06-13T02:40:46.215+0000][1][safepoint    ] Entering safepoint region: Cleanup
[2022-06-13T02:40:46.215+0000][1][safepoint    ] Leaving safepoint region
[2022-06-13T02:40:46.215+0000][1][safepoint    ] Total time for which application threads were stopped: 0.0007036 seconds, Stopping threads took: 0.0001874 seconds
[2022-06-13T02:40:47.216+0000][1][safepoint    ] Application time: 1.0002244 seconds
[2022-06-13T02:40:47.217+0000][1][safepoint    ] Entering safepoint region: Cleanup
[2022-06-13T02:40:47.217+0000][1][safepoint    ] Leaving safepoint region
[2022-06-13T02:40:47.217+0000][1][safepoint    ] Total time for which application threads were stopped: 0.0008433 seconds, Stopping threads took: 0.0005703 seconds
[2022-06-13T02:40:48.218+0000][1][safepoint    ] Application time: 1.0001908 seconds
[2022-06-13T02:40:48.219+0000][1][safepoint    ] Entering safepoint region: Cleanup
[2022-06-13T02:40:48.219+0000][1][safepoint    ] Leaving safepoint region
[2022-06-13T02:40:48.220+0000][1][safepoint    ] Total time for which application threads were stopped: 0.0010694 seconds, Stopping threads took: 0.0004711 seconds
[2022-06-13T02:40:49.220+0000][1][safepoint    ] Application time: 1.0002075 seconds
[2022-06-13T02:40:49.221+0000][1][safepoint    ] Entering safepoint region: Cleanup
[2022-06-13T02:40:49.221+0000][1][safepoint    ] Leaving safepoint region
[2022-06-13T02:40:49.222+0000][1][safepoint    ] Total time for which application threads were stopped: 0.0009988 seconds, Stopping threads took: 0.0004959 seconds
[2022-06-13T02:40:50.222+0000][1][safepoint    ] Application time: 1.0001727 seconds
[2022-06-13T02:40:50.223+0000][1][safepoint    ] Entering safepoint region: Cleanup
[2022-06-13T02:40:50.223+0000][1][safepoint    ] Leaving safepoint region
[2022-06-13T02:40:50.224+0000][1][safepoint    ] Total time for which application threads were stopped: 0.0009784 seconds, Stopping threads took: 0.0004445 seconds
[2022-06-13T02:40:51.224+0000][1][safepoint    ] Application time: 1.0001813 seconds
[2022-06-13T02:40:51.225+0000][1][safepoint    ] Entering safepoint region: Cleanup
[2022-06-13T02:40:51.226+0000][1][safepoint    ] Leaving safepoint region
[2022-06-13T02:40:51.226+0000][1][safepoint    ] Total time for which application threads were stopped: 0.0010746 seconds, Stopping threads took: 0.0005036 seconds
[2022-06-13T02:40:52.227+0000][1][safepoint    ] Application time: 1.0002530 seconds
[2022-06-13T02:40:52.227+0000][1][safepoint    ] Entering safepoint region: Cleanup
[2022-06-13T02:40:52.228+0000][1][safepoint    ] Leaving safepoint region
[2022-06-13T02:40:52.228+0000][1][safepoint    ] Total time for which application threads were stopped: 0.0011046 seconds, Stopping threads took: 0.0005606 seconds
[2022-06-13T02:40:53.229+0000][1][safepoint    ] Application time: 1.0002851 seconds
[2022-06-13T02:40:53.229+0000][1][safepoint    ] Entering safepoint region: Cleanup
[2022-06-13T02:40:53.230+0000][1][safepoint    ] Leaving safepoint region
[2022-06-13T02:40:53.230+0000][1][safepoint    ] Total time for which application threads were stopped: 0.0010215 seconds, Stopping threads took: 0.0004743 seconds
[2022-06-13T02:40:54.231+0000][1][safepoint    ] Application time: 1.0002403 seconds
[2022-06-13T02:40:54.232+0000][1][safepoint    ] Entering safepoint region: Cleanup
[2022-06-13T02:40:54.232+0000][1][safepoint    ] Leaving safepoint region
[2022-06-13T02:40:54.232+0000][1][safepoint    ] Total time for which application threads were stopped: 0.0009249 seconds, Stopping threads took: 0.0004296 seconds
[2022-06-13T02:40:55.233+0000][1][safepoint    ] Application time: 1.0002394 seconds
[2022-06-13T02:40:55.234+0000][1][safepoint    ] Entering safepoint region: Cleanup
[2022-06-13T02:40:55.234+0000][1][safepoint    ] Leaving safepoint region
[2022-06-13T02:40:55.235+0000][1][safepoint    ] Total time for which application threads were stopped: 0.0006928 seconds, Stopping threads took: 0.0002909 seconds
[2022-06-13T02:40:56.235+0000][1][safepoint    ] Application time: 1.0002501 seconds
[2022-06-13T02:40:56.236+0000][1][safepoint    ] Entering safepoint region: Cleanup
[2022-06-13T02:40:56.236+0000][1][safepoint    ] Leaving safepoint region
[2022-06-13T02:40:56.237+0000][1][safepoint    ] Total time for which application threads were stopped: 0.0011087 seconds, Stopping threads took: 0.0005520 seconds
[2022-06-13T02:40:57.237+0000][1][safepoint    ] Application time: 1.0001816 seconds
[2022-06-13T02:40:57.238+0000][1][safepoint    ] Entering safepoint region: Cleanup
[2022-06-13T02:40:57.238+0000][1][safepoint    ] Leaving safepoint region
[2022-06-13T02:40:57.239+0000][1][safepoint    ] Total time for which application threads were stopped: 0.0009791 seconds, Stopping threads took: 0.0004294 seconds
[2022-06-13T02:40:58.239+0000][1][safepoint    ] Application time: 1.0001239 seconds
[2022-06-13T02:40:58.240+0000][1][safepoint    ] Entering safepoint region: Cleanup
[2022-06-13T02:40:58.240+0000][1][safepoint    ] Leaving safepoint region
[2022-06-13T02:40:58.241+0000][1][safepoint    ] Total time for which application threads were stopped: 0.0009705 seconds, Stopping threads took: 0.0004325 seconds
[2022-06-13T02:40:59.241+0000][1][safepoint    ] Application time: 1.0001787 seconds
[2022-06-13T02:40:59.242+0000][1][safepoint    ] Entering safepoint region: Cleanup
[2022-06-13T02:40:59.242+0000][1][safepoint    ] Leaving safepoint region
[2022-06-13T02:40:59.243+0000][1][safepoint    ] Total time for which application threads were stopped: 0.0010181 seconds, Stopping threads took: 0.0004774 seconds
[2022-06-13T02:41:00.243+0000][1][safepoint    ] Application time: 1.0001147 seconds
[2022-06-13T02:41:00.244+0000][1][safepoint    ] Entering safepoint region: Cleanup
[2022-06-13T02:41:00.244+0000][1][safepoint    ] Leaving safepoint region
[2022-06-13T02:41:00.245+0000][1][safepoint    ] Total time for which application threads were stopped: 0.0008341 seconds, Stopping threads took: 0.0003641 seconds
[2022-06-13T02:41:01.245+0000][1][safepoint    ] Application time: 1.0002094 seconds
[2022-06-13T02:41:01.246+0000][1][safepoint    ] Entering safepoint region: Cleanup
[2022-06-13T02:41:01.246+0000][1][safepoint    ] Leaving safepoint region
[2022-06-13T02:41:01.247+0000][1][safepoint    ] Total time for which application threads were stopped: 0.0008129 seconds, Stopping threads took: 0.0003813 seconds
[2022-06-13T02:41:02.247+0000][1][safepoint    ] Application time: 1.0002954 seconds
[2022-06-13T02:41:02.248+0000][1][safepoint    ] Entering safepoint region: Cleanup
[2022-06-13T02:41:02.248+0000][1][safepoint    ] Leaving safepoint region
[2022-06-13T02:41:02.249+0000][1][safepoint    ] Total time for which application threads were stopped: 0.0009215 seconds, Stopping threads took: 0.0004406 seconds
[2022-06-13T02:41:03.249+0000][1][safepoint    ] Application time: 1.0002272 seconds
[2022-06-13T02:41:03.250+0000][1][safepoint    ] Entering safepoint region: Cleanup
[2022-06-13T02:41:03.250+0000][1][safepoint    ] Leaving safepoint region
[2022-06-13T02:41:03.251+0000][1][safepoint    ] Total time for which application threads were stopped: 0.0008120 seconds, Stopping threads took: 0.0003437 seconds
[2022-06-13T02:41:04.251+0000][1][safepoint    ] Application time: 1.0002365 seconds
[2022-06-13T02:41:04.252+0000][1][safepoint    ] Entering safepoint region: Cleanup
[2022-06-13T02:41:04.252+0000][1][safepoint    ] Leaving safepoint region
[2022-06-13T02:41:04.253+0000][1][safepoint    ] Total time for which application threads were stopped: 0.0009550 seconds, Stopping threads took: 0.0005286 seconds
[2022-06-13T02:41:05.253+0000][1][safepoint    ] Application time: 1.0001801 seconds
[2022-06-13T02:41:05.254+0000][1][safepoint    ] Entering safepoint region: Cleanup
[2022-06-13T02:41:05.254+0000][1][safepoint    ] Leaving safepoint region
[2022-06-13T02:41:05.254+0000][1][safepoint    ] Total time for which application threads were stopped: 0.0007567 seconds, Stopping threads took: 0.0003550 seconds
[2022-06-13T02:41:06.255+0000][1][safepoint    ] Application time: 1.0001177 seconds
[2022-06-13T02:41:06.256+0000][1][safepoint    ] Entering safepoint region: Cleanup
[2022-06-13T02:41:06.256+0000][1][safepoint    ] Leaving safepoint region
[2022-06-13T02:41:06.256+0000][1][safepoint    ] Total time for which application threads were stopped: 0.0007202 seconds, Stopping threads took: 0.0003567 seconds
[2022-06-13T02:41:07.257+0000][1][safepoint    ] Application time: 1.0002064 seconds
[2022-06-13T02:41:07.257+0000][1][safepoint    ] Entering safepoint region: Cleanup
[2022-06-13T02:41:07.258+0000][1][safepoint    ] Leaving safepoint region
[2022-06-13T02:41:07.258+0000][1][safepoint    ] Total time for which application threads were stopped: 0.0009179 seconds, Stopping threads took: 0.0004114 seconds
[2022-06-13T02:41:08.259+0000][1][safepoint    ] Application time: 1.0002457 seconds
[2022-06-13T02:41:08.259+0000][1][safepoint    ] Entering safepoint region: Cleanup
[2022-06-13T02:41:08.260+0000][1][safepoint    ] Leaving safepoint region
[2022-06-13T02:41:08.260+0000][1][safepoint    ] Total time for which application threads were stopped: 0.0010051 seconds, Stopping threads took: 0.0004647 seconds
[2022-06-13T02:41:09.261+0000][1][safepoint    ] Application time: 1.0002004 seconds
[2022-06-13T02:41:09.262+0000][1][safepoint    ] Entering safepoint region: Cleanup
[2022-06-13T02:41:09.262+0000][1][safepoint    ] Leaving safepoint region
[2022-06-13T02:41:09.262+0000][1][safepoint    ] Total time for which application threads were stopped: 0.0007201 seconds, Stopping threads took: 0.0002960 seconds
[2022-06-13T02:41:10.263+0000][1][safepoint    ] Application time: 1.0001342 seconds
[2022-06-13T02:41:10.263+0000][1][safepoint    ] Entering safepoint region: Cleanup
[2022-06-13T02:41:10.264+0000][1][safepoint    ] Leaving safepoint region
[2022-06-13T02:41:10.264+0000][1][safepoint    ] Total time for which application threads were stopped: 0.0007549 seconds, Stopping threads took: 0.0003323 seconds
[2022-06-13T02:41:11.264+0000][1][safepoint    ] Application time: 1.0001872 seconds
[2022-06-13T02:41:11.265+0000][1][safepoint    ] Entering safepoint region: Cleanup
[2022-06-13T02:41:11.265+0000][1][safepoint    ] Leaving safepoint region
[2022-06-13T02:41:11.266+0000][1][safepoint    ] Total time for which application threads were stopped: 0.0007953 seconds, Stopping threads took: 0.0003574 seconds
[2022-06-13T02:41:12.266+0000][1][safepoint    ] Application time: 1.0002607 seconds
[2022-06-13T02:41:12.267+0000][1][safepoint    ] Entering safepoint region: Cleanup
[2022-06-13T02:41:12.267+0000][1][safepoint    ] Leaving safepoint region
[2022-06-13T02:41:12.268+0000][1][safepoint    ] Total time for which application threads were stopped: 0.0007333 seconds, Stopping threads took: 0.0003092 seconds
[2022-06-13T02:41:13.269+0000][1][safepoint    ] Application time: 1.0001209 seconds
[2022-06-13T02:41:13.269+0000][1][safepoint    ] Entering safepoint region: Cleanup
[2022-06-13T02:41:13.269+0000][1][safepoint    ] Leaving safepoint region
[2022-06-13T02:41:13.270+0000][1][safepoint    ] Total time for which application threads were stopped: 0.0007237 seconds, Stopping threads took: 0.0002571 seconds
[2022-06-13T02:41:14.270+0000][1][safepoint    ] Application time: 1.0002503 seconds
[2022-06-13T02:41:14.271+0000][1][safepoint    ] Entering safepoint region: Cleanup
[2022-06-13T02:41:14.271+0000][1][safepoint    ] Leaving safepoint region
[2022-06-13T02:41:14.272+0000][1][safepoint    ] Total time for which application threads were stopped: 0.0009456 seconds, Stopping threads took: 0.0004447 seconds
[2022-06-13T02:41:15.272+0000][1][safepoint    ] Application time: 1.0001624 seconds
[2022-06-13T02:41:15.273+0000][1][safepoint    ] Entering safepoint region: Cleanup
[2022-06-13T02:41:15.273+0000][1][safepoint    ] Leaving safepoint region
[2022-06-13T02:41:15.273+0000][1][safepoint    ] Total time for which application threads were stopped: 0.0008053 seconds, Stopping threads took: 0.0003908 seconds
[2022-06-13T02:41:16.274+0000][1][safepoint    ] Application time: 1.0001780 seconds
[2022-06-13T02:41:16.275+0000][1][safepoint    ] Entering safepoint region: Cleanup
[2022-06-13T02:41:16.275+0000][1][safepoint    ] Leaving safepoint region
[2022-06-13T02:41:16.275+0000][1][safepoint    ] Total time for which application threads were stopped: 0.0008336 seconds, Stopping threads took: 0.0004240 seconds
[2022-06-13T02:41:17.276+0000][1][safepoint    ] Application time: 1.0001325 seconds
[2022-06-13T02:41:17.277+0000][1][safepoint    ] Entering safepoint region: Cleanup
[2022-06-13T02:41:17.277+0000][1][safepoint    ] Leaving safepoint region
[2022-06-13T02:41:17.277+0000][1][safepoint    ] Total time for which application threads were stopped: 0.0005971 seconds, Stopping threads took: 0.0002218 seconds
[2022-06-13T02:41:18.278+0000][1][safepoint    ] Application time: 1.0002997 seconds
[2022-06-13T02:41:18.278+0000][1][safepoint    ] Entering safepoint region: Cleanup
[2022-06-13T02:41:18.279+0000][1][safepoint    ] Leaving safepoint region
[2022-06-13T02:41:18.279+0000][1][safepoint    ] Total time for which application threads were stopped: 0.0008049 seconds, Stopping threads took: 0.0003573 seconds
[2022-06-13T02:41:19.280+0000][1][safepoint    ] Application time: 1.0001595 seconds
[2022-06-13T02:41:19.280+0000][1][safepoint    ] Entering safepoint region: Cleanup
[2022-06-13T02:41:19.281+0000][1][safepoint    ] Leaving safepoint region
[2022-06-13T02:41:19.281+0000][1][safepoint    ] Total time for which application threads were stopped: 0.0009602 seconds, Stopping threads took: 0.0003666 seconds
[2022-06-13T02:41:20.282+0000][1][safepoint    ] Application time: 1.0003199 seconds
[2022-06-13T02:41:20.282+0000][1][safepoint    ] Entering safepoint region: Cleanup
[2022-06-13T02:41:20.283+0000][1][safepoint    ] Leaving safepoint region
[2022-06-13T02:41:20.283+0000][1][safepoint    ] Total time for which application threads were stopped: 0.0008232 seconds, Stopping threads took: 0.0003953 seconds
[2022-06-13T02:41:21.284+0000][1][safepoint    ] Application time: 1.0002525 seconds
[2022-06-13T02:41:21.285+0000][1][safepoint    ] Entering safepoint region: Cleanup
[2022-06-13T02:41:21.286+0000][1][safepoint    ] Leaving safepoint region
[2022-06-13T02:41:21.286+0000][1][safepoint    ] Total time for which application threads were stopped: 0.0012207 seconds, Stopping threads took: 0.0005879 seconds
[2022-06-13T02:41:22.287+0000][1][safepoint    ] Application time: 1.0002245 seconds
[2022-06-13T02:41:22.288+0000][1][safepoint    ] Entering safepoint region: Cleanup
[2022-06-13T02:41:22.288+0000][1][safepoint    ] Leaving safepoint region
[2022-06-13T02:41:22.289+0000][1][safepoint    ] Total time for which application threads were stopped: 0.0009089 seconds, Stopping threads took: 0.0004049 seconds
[2022-06-13T02:41:23.452+0000][1][safepoint    ] Application time: 1.1624943 seconds
[2022-06-13T02:41:23.452+0000][1][safepoint    ] Entering safepoint region: Cleanup
[2022-06-13T02:41:23.453+0000][1][safepoint    ] Leaving safepoint region
[2022-06-13T02:41:23.453+0000][1][safepoint    ] Total time for which application threads were stopped: 0.0010847 seconds, Stopping threads took: 0.0004724 seconds
[2022-06-13T02:41:24.454+0000][1][safepoint    ] Application time: 1.0001994 seconds
[2022-06-13T02:41:24.455+0000][1][safepoint    ] Entering safepoint region: Cleanup
[2022-06-13T02:41:24.455+0000][1][safepoint    ] Leaving safepoint region
[2022-06-13T02:41:24.455+0000][1][safepoint    ] Total time for which application threads were stopped: 0.0007682 seconds, Stopping threads took: 0.0003514 seconds
[2022-06-13T02:41:25.456+0000][1][safepoint    ] Application time: 1.0003477 seconds
[2022-06-13T02:41:25.456+0000][1][safepoint    ] Entering safepoint region: Cleanup
[2022-06-13T02:41:25.457+0000][1][safepoint    ] Leaving safepoint region
[2022-06-13T02:41:25.457+0000][1][safepoint    ] Total time for which application threads were stopped: 0.0005670 seconds, Stopping threads took: 0.0002589 seconds
[2022-06-13T02:41:26.457+0000][1][safepoint    ] Application time: 1.0001839 seconds
[2022-06-13T02:41:26.458+0000][1][safepoint    ] Entering safepoint region: Cleanup
[2022-06-13T02:41:26.458+0000][1][safepoint    ] Leaving safepoint region
[2022-06-13T02:41:26.458+0000][1][safepoint    ] Total time for which application threads were stopped: 0.0007359 seconds, Stopping threads took: 0.0002443 seconds
[2022-06-13T02:41:27.459+0000][1][safepoint    ] Application time: 1.0002502 seconds
[2022-06-13T02:41:27.460+0000][1][safepoint    ] Entering safepoint region: Cleanup
[2022-06-13T02:41:27.460+0000][1][safepoint    ] Leaving safepoint region
[2022-06-13T02:41:27.461+0000][1][safepoint    ] Total time for which application threads were stopped: 0.0008645 seconds, Stopping threads took: 0.0004003 seconds
[2022-06-13T02:41:28.461+0000][1][safepoint    ] Application time: 1.0002390 seconds
[2022-06-13T02:41:28.462+0000][1][safepoint    ] Entering safepoint region: Cleanup
[2022-06-13T02:41:28.462+0000][1][safepoint    ] Leaving safepoint region
[2022-06-13T02:41:28.463+0000][1][safepoint    ] Total time for which application threads were stopped: 0.0008749 seconds, Stopping threads took: 0.0004409 seconds
[2022-06-13T02:41:29.463+0000][1][safepoint    ] Application time: 1.0002871 seconds
[2022-06-13T02:41:29.464+0000][1][safepoint    ] Entering safepoint region: Cleanup
[2022-06-13T02:41:29.465+0000][1][safepoint    ] Leaving safepoint region
[2022-06-13T02:41:29.465+0000][1][safepoint    ] Total time for which application threads were stopped: 0.0013311 seconds, Stopping threads took: 0.0005710 seconds
[2022-06-13T02:41:30.466+0000][1][safepoint    ] Application time: 1.0001267 seconds
[2022-06-13T02:41:30.467+0000][1][safepoint    ] Entering safepoint region: Cleanup
[2022-06-13T02:41:30.467+0000][1][safepoint    ] Leaving safepoint region
[2022-06-13T02:41:30.468+0000][1][safepoint    ] Total time for which application threads were stopped: 0.0009911 seconds, Stopping threads took: 0.0004818 seconds
[2022-06-13T02:41:31.468+0000][1][safepoint    ] Application time: 1.0001975 seconds
[2022-06-13T02:41:31.469+0000][1][safepoint    ] Entering safepoint region: Cleanup
[2022-06-13T02:41:31.469+0000][1][safepoint    ] Leaving safepoint region
[2022-06-13T02:41:31.470+0000][1][safepoint    ] Total time for which application threads were stopped: 0.0008946 seconds, Stopping threads took: 0.0004018 seconds
[2022-06-13T02:41:32.470+0000][1][safepoint    ] Application time: 1.0002415 seconds
[2022-06-13T02:41:32.471+0000][1][safepoint    ] Entering safepoint region: Cleanup
[2022-06-13T02:41:32.471+0000][1][safepoint    ] Leaving safepoint region
[2022-06-13T02:41:32.472+0000][1][safepoint    ] Total time for which application threads were stopped: 0.0005613 seconds, Stopping threads took: 0.0002600 seconds
[2022-06-13T02:41:33.472+0000][1][safepoint    ] Application time: 1.0002135 seconds
[2022-06-13T02:41:33.473+0000][1][safepoint    ] Entering safepoint region: Cleanup
[2022-06-13T02:41:33.473+0000][1][safepoint    ] Leaving safepoint region
[2022-06-13T02:41:33.474+0000][1][safepoint    ] Total time for which application threads were stopped: 0.0012337 seconds, Stopping threads took: 0.0005961 seconds
[2022-06-13T02:41:34.474+0000][1][safepoint    ] Application time: 1.0002021 seconds
[2022-06-13T02:41:34.475+0000][1][safepoint    ] Entering safepoint region: Cleanup
[2022-06-13T02:41:34.475+0000][1][safepoint    ] Leaving safepoint region
[2022-06-13T02:41:34.475+0000][1][safepoint    ] Total time for which application threads were stopped: 0.0005595 seconds, Stopping threads took: 0.0001794 seconds
[2022-06-13T02:41:35.476+0000][1][safepoint    ] Application time: 1.0001057 seconds
[2022-06-13T02:41:35.476+0000][1][safepoint    ] Entering safepoint region: Cleanup
[2022-06-13T02:41:35.477+0000][1][safepoint    ] Leaving safepoint region
[2022-06-13T02:41:35.477+0000][1][safepoint    ] Total time for which application threads were stopped: 0.0008493 seconds, Stopping threads took: 0.0003503 seconds
[2022-06-13T02:41:36.478+0000][1][safepoint    ] Application time: 1.0001729 seconds
[2022-06-13T02:41:36.478+0000][1][safepoint    ] Entering safepoint region: Cleanup
[2022-06-13T02:41:36.478+0000][1][safepoint    ] Leaving safepoint region
[2022-06-13T02:41:36.478+0000][1][safepoint    ] Total time for which application threads were stopped: 0.0004889 seconds, Stopping threads took: 0.0001522 seconds
[2022-06-13T02:41:37.479+0000][1][safepoint    ] Application time: 1.0002234 seconds
[2022-06-13T02:41:37.479+0000][1][safepoint    ] Entering safepoint region: Cleanup
[2022-06-13T02:41:37.480+0000][1][safepoint    ] Leaving safepoint region
[2022-06-13T02:41:37.480+0000][1][safepoint    ] Total time for which application threads were stopped: 0.0011269 seconds, Stopping threads took: 0.0005454 seconds
[2022-06-13T02:41:38.481+0000][1][safepoint    ] Application time: 1.0001860 seconds
[2022-06-13T02:41:38.482+0000][1][safepoint    ] Entering safepoint region: Cleanup
[2022-06-13T02:41:38.482+0000][1][safepoint    ] Leaving safepoint region
[2022-06-13T02:41:38.482+0000][1][safepoint    ] Total time for which application threads were stopped: 0.0005050 seconds, Stopping threads took: 0.0001733 seconds
[2022-06-13T02:41:39.482+0000][1][safepoint    ] Application time: 1.0001990 seconds
[2022-06-13T02:41:39.483+0000][1][safepoint    ] Entering safepoint region: Cleanup
[2022-06-13T02:41:39.484+0000][1][safepoint    ] Leaving safepoint region
[2022-06-13T02:41:39.484+0000][1][safepoint    ] Total time for which application threads were stopped: 0.0012446 seconds, Stopping threads took: 0.0005605 seconds
[2022-06-13T02:41:40.485+0000][1][safepoint    ] Application time: 1.0002010 seconds
[2022-06-13T02:41:40.486+0000][1][safepoint    ] Entering safepoint region: Cleanup
[2022-06-13T02:41:40.486+0000][1][safepoint    ] Leaving safepoint region
[2022-06-13T02:41:40.487+0000][1][safepoint    ] Total time for which application threads were stopped: 0.0008154 seconds, Stopping threads took: 0.0003416 seconds
[2022-06-13T02:41:41.487+0000][1][safepoint    ] Application time: 1.0001390 seconds
[2022-06-13T02:41:41.488+0000][1][safepoint    ] Entering safepoint region: Cleanup
[2022-06-13T02:41:41.488+0000][1][safepoint    ] Leaving safepoint region
[2022-06-13T02:41:41.489+0000][1][safepoint    ] Total time for which application threads were stopped: 0.0009837 seconds, Stopping threads took: 0.0004625 seconds
[2022-06-13T02:41:42.489+0000][1][safepoint    ] Application time: 1.0002650 seconds
[2022-06-13T02:41:42.490+0000][1][safepoint    ] Entering safepoint region: Cleanup
[2022-06-13T02:41:42.491+0000][1][safepoint    ] Leaving safepoint region
[2022-06-13T02:41:42.491+0000][1][safepoint    ] Total time for which application threads were stopped: 0.0011538 seconds, Stopping threads took: 0.0005613 seconds
[2022-06-13T02:41:43.492+0000][1][safepoint    ] Application time: 1.0001888 seconds
[2022-06-13T02:41:43.493+0000][1][safepoint    ] Entering safepoint region: Cleanup
[2022-06-13T02:41:43.493+0000][1][safepoint    ] Leaving safepoint region
[2022-06-13T02:41:43.494+0000][1][safepoint    ] Total time for which application threads were stopped: 0.0009251 seconds, Stopping threads took: 0.0004557 seconds
[2022-06-13T02:41:44.494+0000][1][safepoint    ] Application time: 1.0001846 seconds
[2022-06-13T02:41:44.494+0000][1][safepoint    ] Entering safepoint region: Cleanup
[2022-06-13T02:41:44.495+0000][1][safepoint    ] Leaving safepoint region
[2022-06-13T02:41:44.495+0000][1][safepoint    ] Total time for which application threads were stopped: 0.0005450 seconds, Stopping threads took: 0.0002542 seconds
[2022-06-13T02:41:45.495+0000][1][safepoint    ] Application time: 1.0002071 seconds
[2022-06-13T02:41:45.496+0000][1][safepoint    ] Entering safepoint region: Cleanup
[2022-06-13T02:41:45.497+0000][1][safepoint    ] Leaving safepoint region
[2022-06-13T02:41:45.497+0000][1][safepoint    ] Total time for which application threads were stopped: 0.0008109 seconds, Stopping threads took: 0.0003508 seconds
[2022-06-13T02:41:46.497+0000][1][safepoint    ] Application time: 1.0002065 seconds
[2022-06-13T02:41:46.498+0000][1][safepoint    ] Entering safepoint region: Cleanup
[2022-06-13T02:41:46.499+0000][1][safepoint    ] Leaving safepoint region
[2022-06-13T02:41:46.499+0000][1][safepoint    ] Total time for which application threads were stopped: 0.0008666 seconds, Stopping threads took: 0.0004059 seconds
[2022-06-13T02:41:47.500+0000][1][safepoint    ] Application time: 1.0001683 seconds
[2022-06-13T02:41:47.500+0000][1][safepoint    ] Entering safepoint region: Cleanup
[2022-06-13T02:41:47.500+0000][1][safepoint    ] Leaving safepoint region
[2022-06-13T02:41:47.501+0000][1][safepoint    ] Total time for which application threads were stopped: 0.0006336 seconds, Stopping threads took: 0.0003010 seconds
[2022-06-13T02:41:48.239+0000][1][safepoint    ] Application time: 0.7377866 seconds
[2022-06-13T02:41:48.239+0000][1][safepoint    ] Entering safepoint region: GenCollectForAllocation
[2022-06-13T02:41:48.239+0000][1][gc,start     ] GC(33) Pause Young (Allocation Failure)
[2022-06-13T02:41:48.240+0000][1][gc,task      ] GC(33) Using 5 workers of 13 for evacuation
[2022-06-13T02:41:48.241+0000][1][gc,age       ] GC(33) Desired survivor size 4456448 bytes, new threshold 6 (max threshold 6)
[2022-06-13T02:41:48.242+0000][1][gc,age       ] GC(33) Age table with threshold 6 (max threshold 6)
[2022-06-13T02:41:48.242+0000][1][gc,age       ] GC(33) - age   1:      32136 bytes,      32136 total
[2022-06-13T02:41:48.243+0000][1][gc,age       ] GC(33) - age   2:      13824 bytes,      45960 total
[2022-06-13T02:41:48.243+0000][1][gc,age       ] GC(33) - age   3:      16840 bytes,      62800 total
[2022-06-13T02:41:48.244+0000][1][gc,age       ] GC(33) - age   4:      14304 bytes,      77104 total
[2022-06-13T02:41:48.244+0000][1][gc,age       ] GC(33) - age   5:      13960 bytes,      91064 total
[2022-06-13T02:41:48.244+0000][1][gc,age       ] GC(33) - age   6:      14392 bytes,     105456 total
[2022-06-13T02:41:48.245+0000][1][gc,heap      ] GC(33) ParNew: 70137K->176K(78656K)
[2022-06-13T02:41:48.245+0000][1][gc,heap      ] GC(33) CMS: 68263K->68291K(174784K)
[2022-06-13T02:41:48.246+0000][1][gc,metaspace ] GC(33) Metaspace: 64319K->64319K(1107968K)
[2022-06-13T02:41:48.246+0000][1][gc           ] GC(33) Pause Young (Allocation Failure) 135M->66M(247M) 6.649ms
[2022-06-13T02:41:48.247+0000][1][gc,cpu       ] GC(33) User=0.00s Sys=0.00s Real=0.00s
[2022-06-13T02:41:48.247+0000][1][safepoint    ] Leaving safepoint region
[2022-06-13T02:41:48.247+0000][1][safepoint    ] Total time for which application threads were stopped: 0.0083963 seconds, Stopping threads took: 0.0002836 seconds
[2022-06-13T02:41:49.248+0000][1][safepoint    ] Application time: 1.0001729 seconds
[2022-06-13T02:41:49.249+0000][1][safepoint    ] Entering safepoint region: Cleanup
[2022-06-13T02:41:49.249+0000][1][safepoint    ] Leaving safepoint region
[2022-06-13T02:41:49.249+0000][1][safepoint    ] Total time for which application threads were stopped: 0.0007547 seconds, Stopping threads took: 0.0003231 seconds
[2022-06-13T02:41:50.250+0000][1][safepoint    ] Application time: 1.0001900 seconds
[2022-06-13T02:41:50.250+0000][1][safepoint    ] Entering safepoint region: Cleanup
[2022-06-13T02:41:50.251+0000][1][safepoint    ] Leaving safepoint region
[2022-06-13T02:41:50.251+0000][1][safepoint    ] Total time for which application threads were stopped: 0.0010144 seconds, Stopping threads took: 0.0003783 seconds
[2022-06-13T02:41:51.252+0000][1][safepoint    ] Application time: 1.0002531 seconds
[2022-06-13T02:41:51.253+0000][1][safepoint    ] Entering safepoint region: Cleanup
[2022-06-13T02:41:51.253+0000][1][safepoint    ] Leaving safepoint region
[2022-06-13T02:41:51.254+0000][1][safepoint    ] Total time for which application threads were stopped: 0.0013492 seconds, Stopping threads took: 0.0006628 seconds
[2022-06-13T02:41:52.255+0000][1][safepoint    ] Application time: 1.0002112 seconds
[2022-06-13T02:41:52.255+0000][1][safepoint    ] Entering safepoint region: Cleanup
[2022-06-13T02:41:52.255+0000][1][safepoint    ] Leaving safepoint region
[2022-06-13T02:41:52.256+0000][1][safepoint    ] Total time for which application threads were stopped: 0.0007704 seconds, Stopping threads took: 0.0003277 seconds
[2022-06-13T02:41:53.256+0000][1][safepoint    ] Application time: 1.0002488 seconds
[2022-06-13T02:41:53.257+0000][1][safepoint    ] Entering safepoint region: Cleanup
[2022-06-13T02:41:53.257+0000][1][safepoint    ] Leaving safepoint region
[2022-06-13T02:41:53.258+0000][1][safepoint    ] Total time for which application threads were stopped: 0.0011767 seconds, Stopping threads took: 0.0006639 seconds
[2022-06-13T02:41:54.258+0000][1][safepoint    ] Application time: 1.0001984 seconds
[2022-06-13T02:41:54.259+0000][1][safepoint    ] Entering safepoint region: Cleanup
[2022-06-13T02:41:54.259+0000][1][safepoint    ] Leaving safepoint region
[2022-06-13T02:41:54.260+0000][1][safepoint    ] Total time for which application threads were stopped: 0.0007057 seconds, Stopping threads took: 0.0003824 seconds
[2022-06-13T02:41:55.260+0000][1][safepoint    ] Application time: 1.0001719 seconds
[2022-06-13T02:41:55.261+0000][1][safepoint    ] Entering safepoint region: Cleanup
[2022-06-13T02:41:55.261+0000][1][safepoint    ] Leaving safepoint region
[2022-06-13T02:41:55.262+0000][1][safepoint    ] Total time for which application threads were stopped: 0.0010690 seconds, Stopping threads took: 0.0005211 seconds
[2022-06-13T02:41:56.262+0000][1][safepoint    ] Application time: 1.0001936 seconds
[2022-06-13T02:41:56.263+0000][1][safepoint    ] Entering safepoint region: Cleanup
[2022-06-13T02:41:56.263+0000][1][safepoint    ] Leaving safepoint region
[2022-06-13T02:41:56.263+0000][1][safepoint    ] Total time for which application threads were stopped: 0.0006679 seconds, Stopping threads took: 0.0002133 seconds
[2022-06-13T02:41:57.264+0000][1][safepoint    ] Application time: 1.0001688 seconds
[2022-06-13T02:41:57.264+0000][1][safepoint    ] Entering safepoint region: Cleanup
[2022-06-13T02:41:57.265+0000][1][safepoint    ] Leaving safepoint region
[2022-06-13T02:41:57.265+0000][1][safepoint    ] Total time for which application threads were stopped: 0.0009191 seconds, Stopping threads took: 0.0003901 seconds
[2022-06-13T02:41:58.266+0000][1][safepoint    ] Application time: 1.0001163 seconds
[2022-06-13T02:41:58.266+0000][1][safepoint    ] Entering safepoint region: Cleanup
[2022-06-13T02:41:58.267+0000][1][safepoint    ] Leaving safepoint region
[2022-06-13T02:41:58.267+0000][1][safepoint    ] Total time for which application threads were stopped: 0.0007009 seconds, Stopping threads took: 0.0003659 seconds
[2022-06-13T02:41:59.267+0000][1][safepoint    ] Application time: 1.0002791 seconds
[2022-06-13T02:41:59.268+0000][1][safepoint    ] Entering safepoint region: Cleanup
[2022-06-13T02:41:59.268+0000][1][safepoint    ] Leaving safepoint region
[2022-06-13T02:41:59.269+0000][1][safepoint    ] Total time for which application threads were stopped: 0.0011311 seconds, Stopping threads took: 0.0004812 seconds
[2022-06-13T02:42:01.266+0000][1][safepoint    ] Application time: 1.9963307 seconds
[2022-06-13T02:42:01.267+0000][1][safepoint    ] Entering safepoint region: Cleanup
[2022-06-13T02:42:01.267+0000][1][safepoint    ] Leaving safepoint region
[2022-06-13T02:42:01.267+0000][1][safepoint    ] Total time for which application threads were stopped: 0.0009383 seconds, Stopping threads took: 0.0004467 seconds
[2022-06-13T02:42:02.268+0000][1][safepoint    ] Application time: 1.0001011 seconds
[2022-06-13T02:42:02.269+0000][1][safepoint    ] Entering safepoint region: Cleanup
[2022-06-13T02:42:02.269+0000][1][safepoint    ] Leaving safepoint region
[2022-06-13T02:42:02.270+0000][1][safepoint    ] Total time for which application threads were stopped: 0.0011162 seconds, Stopping threads took: 0.0004719 seconds
[2022-06-13T02:42:03.270+0000][1][safepoint    ] Application time: 1.0001735 seconds
[2022-06-13T02:42:03.271+0000][1][safepoint    ] Entering safepoint region: Cleanup
[2022-06-13T02:42:03.272+0000][1][safepoint    ] Leaving safepoint region
[2022-06-13T02:42:03.272+0000][1][safepoint    ] Total time for which application threads were stopped: 0.0014688 seconds, Stopping threads took: 0.0006926 seconds
[2022-06-13T02:42:04.273+0000][1][safepoint    ] Application time: 1.0001565 seconds
[2022-06-13T02:42:04.274+0000][1][safepoint    ] Entering safepoint region: Cleanup
[2022-06-13T02:42:04.274+0000][1][safepoint    ] Leaving safepoint region
[2022-06-13T02:42:04.275+0000][1][safepoint    ] Total time for which application threads were stopped: 0.0009547 seconds, Stopping threads took: 0.0004752 seconds
[2022-06-13T02:42:05.275+0000][1][safepoint    ] Application time: 1.0001089 seconds
[2022-06-13T02:42:05.276+0000][1][safepoint    ] Entering safepoint region: Cleanup
[2022-06-13T02:42:05.276+0000][1][safepoint    ] Leaving safepoint region
[2022-06-13T02:42:05.276+0000][1][safepoint    ] Total time for which application threads were stopped: 0.0007119 seconds, Stopping threads took: 0.0004450 seconds
[2022-06-13T02:42:06.277+0000][1][safepoint    ] Application time: 1.0001307 seconds
[2022-06-13T02:42:06.277+0000][1][safepoint    ] Entering safepoint region: Cleanup
[2022-06-13T02:42:06.278+0000][1][safepoint    ] Leaving safepoint region
[2022-06-13T02:42:06.278+0000][1][safepoint    ] Total time for which application threads were stopped: 0.0005787 seconds, Stopping threads took: 0.0002220 seconds
[2022-06-13T02:42:07.278+0000][1][safepoint    ] Application time: 1.0002406 seconds
[2022-06-13T02:42:07.279+0000][1][safepoint    ] Entering safepoint region: Cleanup
[2022-06-13T02:42:07.280+0000][1][safepoint    ] Leaving safepoint region
[2022-06-13T02:42:07.280+0000][1][safepoint    ] Total time for which application threads were stopped: 0.0009318 seconds, Stopping threads took: 0.0004531 seconds
[2022-06-13T02:42:08.280+0000][1][safepoint    ] Application time: 1.0001700 seconds
[2022-06-13T02:42:08.281+0000][1][safepoint    ] Entering safepoint region: Cleanup
[2022-06-13T02:42:08.281+0000][1][safepoint    ] Leaving safepoint region
[2022-06-13T02:42:08.282+0000][1][safepoint    ] Total time for which application threads were stopped: 0.0007557 seconds, Stopping threads took: 0.0003525 seconds
[2022-06-13T02:42:09.282+0000][1][safepoint    ] Application time: 1.0001985 seconds
[2022-06-13T02:42:09.283+0000][1][safepoint    ] Entering safepoint region: Cleanup
[2022-06-13T02:42:09.284+0000][1][safepoint    ] Leaving safepoint region
[2022-06-13T02:42:09.284+0000][1][safepoint    ] Total time for which application threads were stopped: 0.0011795 seconds, Stopping threads took: 0.0005364 seconds
[2022-06-13T02:42:10.285+0000][1][safepoint    ] Application time: 1.0003735 seconds
[2022-06-13T02:42:10.286+0000][1][safepoint    ] Entering safepoint region: Cleanup
[2022-06-13T02:42:10.286+0000][1][safepoint    ] Leaving safepoint region
[2022-06-13T02:42:10.287+0000][1][safepoint    ] Total time for which application threads were stopped: 0.0012239 seconds, Stopping threads took: 0.0004648 seconds
[2022-06-13T02:42:11.288+0000][1][safepoint    ] Application time: 1.0001149 seconds
[2022-06-13T02:42:11.288+0000][1][safepoint    ] Entering safepoint region: Cleanup
[2022-06-13T02:42:11.288+0000][1][safepoint    ] Leaving safepoint region
[2022-06-13T02:42:11.289+0000][1][safepoint    ] Total time for which application threads were stopped: 0.0006341 seconds, Stopping threads took: 0.0002405 seconds
[2022-06-13T02:42:12.289+0000][1][safepoint    ] Application time: 1.0001790 seconds
[2022-06-13T02:42:12.290+0000][1][safepoint    ] Entering safepoint region: Cleanup
[2022-06-13T02:42:12.290+0000][1][safepoint    ] Leaving safepoint region
[2022-06-13T02:42:12.290+0000][1][safepoint    ] Total time for which application threads were stopped: 0.0007653 seconds, Stopping threads took: 0.0003819 seconds
[2022-06-13T02:42:13.291+0000][1][safepoint    ] Application time: 1.0002248 seconds
[2022-06-13T02:42:13.292+0000][1][safepoint    ] Entering safepoint region: Cleanup
[2022-06-13T02:42:13.292+0000][1][safepoint    ] Leaving safepoint region
[2022-06-13T02:42:13.293+0000][1][safepoint    ] Total time for which application threads were stopped: 0.0010477 seconds, Stopping threads took: 0.0005178 seconds
[2022-06-13T02:42:14.293+0000][1][safepoint    ] Application time: 1.0000999 seconds
[2022-06-13T02:42:14.294+0000][1][safepoint    ] Entering safepoint region: Cleanup
[2022-06-13T02:42:14.294+0000][1][safepoint    ] Leaving safepoint region
[2022-06-13T02:42:14.294+0000][1][safepoint    ] Total time for which application threads were stopped: 0.0006871 seconds, Stopping threads took: 0.0003290 seconds
[2022-06-13T02:42:15.295+0000][1][safepoint    ] Application time: 1.0001428 seconds
[2022-06-13T02:42:15.295+0000][1][safepoint    ] Entering safepoint region: Cleanup
[2022-06-13T02:42:15.296+0000][1][safepoint    ] Leaving safepoint region
[2022-06-13T02:42:15.296+0000][1][safepoint    ] Total time for which application threads were stopped: 0.0007042 seconds, Stopping threads took: 0.0003923 seconds
[2022-06-13T02:42:16.296+0000][1][safepoint    ] Application time: 1.0001868 seconds
[2022-06-13T02:42:16.297+0000][1][safepoint    ] Entering safepoint region: Cleanup
[2022-06-13T02:42:16.297+0000][1][safepoint    ] Leaving safepoint region
[2022-06-13T02:42:16.298+0000][1][safepoint    ] Total time for which application threads were stopped: 0.0007638 seconds, Stopping threads took: 0.0003429 seconds
[2022-06-13T02:42:17.298+0000][1][safepoint    ] Application time: 1.0001819 seconds
[2022-06-13T02:42:17.299+0000][1][safepoint    ] Entering safepoint region: Cleanup
[2022-06-13T02:42:17.299+0000][1][safepoint    ] Leaving safepoint region
[2022-06-13T02:42:17.300+0000][1][safepoint    ] Total time for which application threads were stopped: 0.0007831 seconds, Stopping threads took: 0.0003307 seconds
[2022-06-13T02:42:18.300+0000][1][safepoint    ] Application time: 1.0001529 seconds
[2022-06-13T02:42:18.301+0000][1][safepoint    ] Entering safepoint region: Cleanup
[2022-06-13T02:42:18.301+0000][1][safepoint    ] Leaving safepoint region
[2022-06-13T02:42:18.301+0000][1][safepoint    ] Total time for which application threads were stopped: 0.0007300 seconds, Stopping threads took: 0.0003270 seconds
[2022-06-13T02:42:19.302+0000][1][safepoint    ] Application time: 1.0001769 seconds
[2022-06-13T02:42:19.302+0000][1][safepoint    ] Entering safepoint region: Cleanup
[2022-06-13T02:42:19.303+0000][1][safepoint    ] Leaving safepoint region
[2022-06-13T02:42:19.303+0000][1][safepoint    ] Total time for which application threads were stopped: 0.0007728 seconds, Stopping threads took: 0.0002951 seconds
[2022-06-13T02:42:20.304+0000][1][safepoint    ] Application time: 1.0003195 seconds
[2022-06-13T02:42:20.304+0000][1][safepoint    ] Entering safepoint region: Cleanup
[2022-06-13T02:42:20.305+0000][1][safepoint    ] Leaving safepoint region
[2022-06-13T02:42:20.306+0000][1][safepoint    ] Total time for which application threads were stopped: 0.0014756 seconds, Stopping threads took: 0.0007539 seconds
[2022-06-13T02:42:21.307+0000][1][safepoint    ] Application time: 1.0002086 seconds
[2022-06-13T02:42:21.308+0000][1][safepoint    ] Entering safepoint region: Cleanup
[2022-06-13T02:42:21.308+0000][1][safepoint    ] Leaving safepoint region
[2022-06-13T02:42:21.309+0000][1][safepoint    ] Total time for which application threads were stopped: 0.0013216 seconds, Stopping threads took: 0.0006235 seconds
[2022-06-13T02:42:22.310+0000][1][safepoint    ] Application time: 1.0001589 seconds
[2022-06-13T02:42:22.310+0000][1][safepoint    ] Entering safepoint region: Cleanup
[2022-06-13T02:42:22.311+0000][1][safepoint    ] Leaving safepoint region
[2022-06-13T02:42:22.311+0000][1][safepoint    ] Total time for which application threads were stopped: 0.0008295 seconds, Stopping threads took: 0.0004314 seconds
[2022-06-13T02:42:23.312+0000][1][safepoint    ] Application time: 1.0001882 seconds
[2022-06-13T02:42:23.312+0000][1][safepoint    ] Entering safepoint region: Cleanup
[2022-06-13T02:42:23.313+0000][1][safepoint    ] Leaving safepoint region
[2022-06-13T02:42:23.313+0000][1][safepoint    ] Total time for which application threads were stopped: 0.0008427 seconds, Stopping threads took: 0.0003836 seconds
[2022-06-13T02:42:24.314+0000][1][safepoint    ] Application time: 1.0001244 seconds
[2022-06-13T02:42:24.314+0000][1][safepoint    ] Entering safepoint region: Cleanup
[2022-06-13T02:42:24.315+0000][1][safepoint    ] Leaving safepoint region
[2022-06-13T02:42:24.315+0000][1][safepoint    ] Total time for which application threads were stopped: 0.0009006 seconds, Stopping threads took: 0.0004336 seconds
[2022-06-13T02:42:25.316+0000][1][safepoint    ] Application time: 1.0001935 seconds
[2022-06-13T02:42:25.316+0000][1][safepoint    ] Entering safepoint region: Cleanup
[2022-06-13T02:42:25.317+0000][1][safepoint    ] Leaving safepoint region
[2022-06-13T02:42:25.318+0000][1][safepoint    ] Total time for which application threads were stopped: 0.0013839 seconds, Stopping threads took: 0.0006983 seconds
[2022-06-13T02:42:26.318+0000][1][safepoint    ] Application time: 1.0001855 seconds
[2022-06-13T02:42:26.319+0000][1][safepoint    ] Entering safepoint region: Cleanup
[2022-06-13T02:42:26.319+0000][1][safepoint    ] Leaving safepoint region
[2022-06-13T02:42:26.320+0000][1][safepoint    ] Total time for which application threads were stopped: 0.0007841 seconds, Stopping threads took: 0.0003560 seconds
[2022-06-13T02:42:27.320+0000][1][safepoint    ] Application time: 1.0002227 seconds
[2022-06-13T02:42:27.321+0000][1][safepoint    ] Entering safepoint region: Cleanup
[2022-06-13T02:42:27.321+0000][1][safepoint    ] Leaving safepoint region
[2022-06-13T02:42:27.322+0000][1][safepoint    ] Total time for which application threads were stopped: 0.0007984 seconds, Stopping threads took: 0.0003344 seconds
[2022-06-13T02:42:28.322+0000][1][safepoint    ] Application time: 1.0001481 seconds
[2022-06-13T02:42:28.322+0000][1][safepoint    ] Entering safepoint region: Cleanup
[2022-06-13T02:42:28.323+0000][1][safepoint    ] Leaving safepoint region
[2022-06-13T02:42:28.323+0000][1][safepoint    ] Total time for which application threads were stopped: 0.0005526 seconds, Stopping threads took: 0.0002351 seconds
[2022-06-13T02:42:29.324+0000][1][safepoint    ] Application time: 1.0003429 seconds
[2022-06-13T02:42:29.324+0000][1][safepoint    ] Entering safepoint region: Cleanup
[2022-06-13T02:42:29.325+0000][1][safepoint    ] Leaving safepoint region
[2022-06-13T02:42:29.326+0000][1][safepoint    ] Total time for which application threads were stopped: 0.0017127 seconds, Stopping threads took: 0.0007478 seconds
[2022-06-13T02:42:30.327+0000][1][safepoint    ] Application time: 1.0002312 seconds
[2022-06-13T02:42:30.327+0000][1][safepoint    ] Entering safepoint region: Cleanup
[2022-06-13T02:42:30.328+0000][1][safepoint    ] Leaving safepoint region
[2022-06-13T02:42:30.328+0000][1][safepoint    ] Total time for which application threads were stopped: 0.0004292 seconds, Stopping threads took: 0.0001887 seconds
[2022-06-13T02:42:31.328+0000][1][safepoint    ] Application time: 1.0001296 seconds
[2022-06-13T02:42:31.329+0000][1][safepoint    ] Entering safepoint region: Cleanup
[2022-06-13T02:42:31.329+0000][1][safepoint    ] Leaving safepoint region
[2022-06-13T02:42:31.330+0000][1][safepoint    ] Total time for which application threads were stopped: 0.0008578 seconds, Stopping threads took: 0.0003681 seconds
[2022-06-13T02:42:33.281+0000][1][safepoint    ] Application time: 1.9509342 seconds
[2022-06-13T02:42:33.282+0000][1][safepoint    ] Entering safepoint region: Cleanup
[2022-06-13T02:42:33.282+0000][1][safepoint    ] Leaving safepoint region
[2022-06-13T02:42:33.282+0000][1][safepoint    ] Total time for which application threads were stopped: 0.0008524 seconds, Stopping threads took: 0.0004103 seconds
[2022-06-13T02:42:34.283+0000][1][safepoint    ] Application time: 1.0001318 seconds
[2022-06-13T02:42:34.283+0000][1][safepoint    ] Entering safepoint region: Cleanup
[2022-06-13T02:42:34.284+0000][1][safepoint    ] Leaving safepoint region
[2022-06-13T02:42:34.284+0000][1][safepoint    ] Total time for which application threads were stopped: 0.0005215 seconds, Stopping threads took: 0.0002352 seconds
[2022-06-13T02:42:35.284+0000][1][safepoint    ] Application time: 1.0002152 seconds
[2022-06-13T02:42:35.285+0000][1][safepoint    ] Entering safepoint region: Cleanup
[2022-06-13T02:42:35.285+0000][1][safepoint    ] Leaving safepoint region
[2022-06-13T02:42:35.285+0000][1][safepoint    ] Total time for which application threads were stopped: 0.0007744 seconds, Stopping threads took: 0.0003534 seconds
[2022-06-13T02:42:36.286+0000][1][safepoint    ] Application time: 1.0001649 seconds
[2022-06-13T02:42:36.286+0000][1][safepoint    ] Entering safepoint region: Cleanup
[2022-06-13T02:42:36.287+0000][1][safepoint    ] Leaving safepoint region
[2022-06-13T02:42:36.287+0000][1][safepoint    ] Total time for which application threads were stopped: 0.0007524 seconds, Stopping threads took: 0.0003244 seconds
[2022-06-13T02:42:37.288+0000][1][safepoint    ] Application time: 1.0001996 seconds
[2022-06-13T02:42:37.289+0000][1][safepoint    ] Entering safepoint region: Cleanup
[2022-06-13T02:42:37.289+0000][1][safepoint    ] Leaving safepoint region
[2022-06-13T02:42:37.290+0000][1][safepoint    ] Total time for which application threads were stopped: 0.0010770 seconds, Stopping threads took: 0.0004358 seconds
[2022-06-13T02:42:38.291+0000][1][safepoint    ] Application time: 1.0003613 seconds
[2022-06-13T02:42:38.291+0000][1][safepoint    ] Entering safepoint region: Cleanup
[2022-06-13T02:42:38.292+0000][1][safepoint    ] Leaving safepoint region
[2022-06-13T02:42:38.292+0000][1][safepoint    ] Total time for which application threads were stopped: 0.0007377 seconds, Stopping threads took: 0.0003439 seconds
[2022-06-13T02:42:39.293+0000][1][safepoint    ] Application time: 1.0002530 seconds
[2022-06-13T02:42:39.293+0000][1][safepoint    ] Entering safepoint region: Cleanup
[2022-06-13T02:42:39.293+0000][1][safepoint    ] Leaving safepoint region
[2022-06-13T02:42:39.294+0000][1][safepoint    ] Total time for which application threads were stopped: 0.0009157 seconds, Stopping threads took: 0.0003917 seconds
[2022-06-13T02:42:40.295+0000][1][safepoint    ] Application time: 1.0003378 seconds
[2022-06-13T02:42:40.295+0000][1][safepoint    ] Entering safepoint region: Cleanup
[2022-06-13T02:42:40.296+0000][1][safepoint    ] Leaving safepoint region
[2022-06-13T02:42:40.297+0000][1][safepoint    ] Total time for which application threads were stopped: 0.0012768 seconds, Stopping threads took: 0.0005909 seconds
[2022-06-13T02:42:41.298+0000][1][safepoint    ] Application time: 1.0002056 seconds
[2022-06-13T02:42:41.298+0000][1][safepoint    ] Entering safepoint region: Cleanup
[2022-06-13T02:42:41.299+0000][1][safepoint    ] Leaving safepoint region
[2022-06-13T02:42:41.299+0000][1][safepoint    ] Total time for which application threads were stopped: 0.0008723 seconds, Stopping threads took: 0.0003843 seconds
[2022-06-13T02:42:42.300+0000][1][safepoint    ] Application time: 1.0002631 seconds
[2022-06-13T02:42:42.300+0000][1][safepoint    ] Entering safepoint region: Cleanup
[2022-06-13T02:42:42.301+0000][1][safepoint    ] Leaving safepoint region
[2022-06-13T02:42:42.302+0000][1][safepoint    ] Total time for which application threads were stopped: 0.0013966 seconds, Stopping threads took: 0.0006721 seconds
[2022-06-13T02:42:43.303+0000][1][safepoint    ] Application time: 1.0003090 seconds
[2022-06-13T02:42:43.303+0000][1][safepoint    ] Entering safepoint region: Cleanup
[2022-06-13T02:42:43.304+0000][1][safepoint    ] Leaving safepoint region
[2022-06-13T02:42:43.304+0000][1][safepoint    ] Total time for which application threads were stopped: 0.0010796 seconds, Stopping threads took: 0.0004990 seconds
[2022-06-13T02:42:44.305+0000][1][safepoint    ] Application time: 1.0001102 seconds
[2022-06-13T02:42:44.305+0000][1][safepoint    ] Entering safepoint region: Cleanup
[2022-06-13T02:42:44.306+0000][1][safepoint    ] Leaving safepoint region
[2022-06-13T02:42:44.306+0000][1][safepoint    ] Total time for which application threads were stopped: 0.0006207 seconds, Stopping threads took: 0.0003032 seconds
[2022-06-13T02:42:45.306+0000][1][safepoint    ] Application time: 1.0001302 seconds
[2022-06-13T02:42:45.307+0000][1][safepoint    ] Entering safepoint region: Cleanup
[2022-06-13T02:42:45.307+0000][1][safepoint    ] Leaving safepoint region
[2022-06-13T02:42:45.307+0000][1][safepoint    ] Total time for which application threads were stopped: 0.0003658 seconds, Stopping threads took: 0.0001646 seconds
[2022-06-13T02:42:46.308+0000][1][safepoint    ] Application time: 1.0004148 seconds
[2022-06-13T02:42:46.308+0000][1][safepoint    ] Entering safepoint region: Cleanup
[2022-06-13T02:42:46.308+0000][1][safepoint    ] Leaving safepoint region
[2022-06-13T02:42:46.309+0000][1][safepoint    ] Total time for which application threads were stopped: 0.0008295 seconds, Stopping threads took: 0.0004387 seconds
[2022-06-13T02:42:47.309+0000][1][safepoint    ] Application time: 1.0000947 seconds
[2022-06-13T02:42:47.310+0000][1][safepoint    ] Entering safepoint region: Cleanup
[2022-06-13T02:42:47.310+0000][1][safepoint    ] Leaving safepoint region
[2022-06-13T02:42:47.311+0000][1][safepoint    ] Total time for which application threads were stopped: 0.0011208 seconds, Stopping threads took: 0.0004825 seconds
[2022-06-13T02:42:48.312+0000][1][safepoint    ] Application time: 1.0003190 seconds
[2022-06-13T02:42:48.313+0000][1][safepoint    ] Entering safepoint region: Cleanup
[2022-06-13T02:42:48.314+0000][1][safepoint    ] Leaving safepoint region
[2022-06-13T02:42:48.314+0000][1][safepoint    ] Total time for which application threads were stopped: 0.0013624 seconds, Stopping threads took: 0.0009132 seconds
[2022-06-13T02:42:49.315+0000][1][safepoint    ] Application time: 1.0002050 seconds
[2022-06-13T02:42:49.315+0000][1][safepoint    ] Entering safepoint region: Cleanup
[2022-06-13T02:42:49.316+0000][1][safepoint    ] Leaving safepoint region
[2022-06-13T02:42:49.316+0000][1][safepoint    ] Total time for which application threads were stopped: 0.0006778 seconds, Stopping threads took: 0.0003106 seconds
[2022-06-13T02:42:50.316+0000][1][safepoint    ] Application time: 1.0001805 seconds
[2022-06-13T02:42:50.317+0000][1][safepoint    ] Entering safepoint region: Cleanup
[2022-06-13T02:42:50.318+0000][1][safepoint    ] Leaving safepoint region
[2022-06-13T02:42:50.318+0000][1][safepoint    ] Total time for which application threads were stopped: 0.0010623 seconds, Stopping threads took: 0.0005874 seconds
[2022-06-13T02:42:51.318+0000][1][safepoint    ] Application time: 1.0002094 seconds
[2022-06-13T02:42:51.319+0000][1][safepoint    ] Entering safepoint region: Cleanup
[2022-06-13T02:42:51.319+0000][1][safepoint    ] Leaving safepoint region
[2022-06-13T02:42:51.320+0000][1][safepoint    ] Total time for which application threads were stopped: 0.0006918 seconds, Stopping threads took: 0.0002369 seconds
[2022-06-13T02:42:52.320+0000][1][safepoint    ] Application time: 1.0002910 seconds
[2022-06-13T02:42:52.321+0000][1][safepoint    ] Entering safepoint region: Cleanup
[2022-06-13T02:42:52.321+0000][1][safepoint    ] Leaving safepoint region
[2022-06-13T02:42:52.322+0000][1][safepoint    ] Total time for which application threads were stopped: 0.0007892 seconds, Stopping threads took: 0.0003418 seconds
[2022-06-13T02:42:53.322+0000][1][safepoint    ] Application time: 1.0001019 seconds
[2022-06-13T02:42:53.323+0000][1][safepoint    ] Entering safepoint region: Cleanup
[2022-06-13T02:42:53.323+0000][1][safepoint    ] Leaving safepoint region
[2022-06-13T02:42:53.323+0000][1][safepoint    ] Total time for which application threads were stopped: 0.0008262 seconds, Stopping threads took: 0.0004084 seconds
[2022-06-13T02:42:54.324+0000][1][safepoint    ] Application time: 1.0003030 seconds
[2022-06-13T02:42:54.324+0000][1][safepoint    ] Entering safepoint region: Cleanup
[2022-06-13T02:42:54.325+0000][1][safepoint    ] Leaving safepoint region
[2022-06-13T02:42:54.325+0000][1][safepoint    ] Total time for which application threads were stopped: 0.0010508 seconds, Stopping threads took: 0.0004092 seconds
[2022-06-13T02:42:55.326+0000][1][safepoint    ] Application time: 1.0002207 seconds
[2022-06-13T02:42:55.326+0000][1][safepoint    ] Entering safepoint region: Cleanup
[2022-06-13T02:42:55.327+0000][1][safepoint    ] Leaving safepoint region
[2022-06-13T02:42:55.327+0000][1][safepoint    ] Total time for which application threads were stopped: 0.0008405 seconds, Stopping threads took: 0.0003679 seconds
[2022-06-13T02:42:56.328+0000][1][safepoint    ] Application time: 1.0002389 seconds
[2022-06-13T02:42:56.328+0000][1][safepoint    ] Entering safepoint region: Cleanup
[2022-06-13T02:42:56.329+0000][1][safepoint    ] Leaving safepoint region
[2022-06-13T02:42:56.329+0000][1][safepoint    ] Total time for which application threads were stopped: 0.0007486 seconds, Stopping threads took: 0.0003243 seconds
[2022-06-13T02:42:57.330+0000][1][safepoint    ] Application time: 1.0002352 seconds
[2022-06-13T02:42:57.330+0000][1][safepoint    ] Entering safepoint region: Cleanup
[2022-06-13T02:42:57.331+0000][1][safepoint    ] Leaving safepoint region
[2022-06-13T02:42:57.331+0000][1][safepoint    ] Total time for which application threads were stopped: 0.0007045 seconds, Stopping threads took: 0.0003401 seconds
[2022-06-13T02:42:58.331+0000][1][safepoint    ] Application time: 1.0001585 seconds
[2022-06-13T02:42:58.332+0000][1][safepoint    ] Entering safepoint region: Cleanup
[2022-06-13T02:42:58.333+0000][1][safepoint    ] Leaving safepoint region
[2022-06-13T02:42:58.333+0000][1][safepoint    ] Total time for which application threads were stopped: 0.0006965 seconds, Stopping threads took: 0.0003522 seconds
[2022-06-13T02:42:59.333+0000][1][safepoint    ] Application time: 1.0002815 seconds
[2022-06-13T02:42:59.334+0000][1][safepoint    ] Entering safepoint region: Cleanup
[2022-06-13T02:42:59.335+0000][1][safepoint    ] Leaving safepoint region
[2022-06-13T02:42:59.335+0000][1][safepoint    ] Total time for which application threads were stopped: 0.0013337 seconds, Stopping threads took: 0.0005516 seconds
[2022-06-13T02:43:00.336+0000][1][safepoint    ] Application time: 1.0003356 seconds
[2022-06-13T02:43:00.337+0000][1][safepoint    ] Entering safepoint region: Cleanup
[2022-06-13T02:43:00.338+0000][1][safepoint    ] Leaving safepoint region
[2022-06-13T02:43:00.338+0000][1][safepoint    ] Total time for which application threads were stopped: 0.0011364 seconds, Stopping threads took: 0.0004970 seconds
[2022-06-13T02:43:01.339+0000][1][safepoint    ] Application time: 1.0003547 seconds
[2022-06-13T02:43:01.340+0000][1][safepoint    ] Entering safepoint region: Cleanup
[2022-06-13T02:43:01.340+0000][1][safepoint    ] Leaving safepoint region
[2022-06-13T02:43:01.341+0000][1][safepoint    ] Total time for which application threads were stopped: 0.0010846 seconds, Stopping threads took: 0.0004826 seconds
[2022-06-13T02:43:02.341+0000][1][safepoint    ] Application time: 1.0001725 seconds
[2022-06-13T02:43:02.342+0000][1][safepoint    ] Entering safepoint region: Cleanup
[2022-06-13T02:43:02.342+0000][1][safepoint    ] Leaving safepoint region
[2022-06-13T02:43:02.342+0000][1][safepoint    ] Total time for which application threads were stopped: 0.0005078 seconds, Stopping threads took: 0.0002294 seconds
[2022-06-13T02:43:03.343+0000][1][safepoint    ] Application time: 1.0002090 seconds
[2022-06-13T02:43:03.343+0000][1][safepoint    ] Entering safepoint region: Cleanup
[2022-06-13T02:43:03.344+0000][1][safepoint    ] Leaving safepoint region
[2022-06-13T02:43:03.345+0000][1][safepoint    ] Total time for which application threads were stopped: 0.0012685 seconds, Stopping threads took: 0.0006927 seconds
[2022-06-13T02:43:04.345+0000][1][safepoint    ] Application time: 1.0002068 seconds
[2022-06-13T02:43:04.346+0000][1][safepoint    ] Entering safepoint region: Cleanup
[2022-06-13T02:43:04.346+0000][1][safepoint    ] Leaving safepoint region
[2022-06-13T02:43:04.347+0000][1][safepoint    ] Total time for which application threads were stopped: 0.0011834 seconds, Stopping threads took: 0.0005275 seconds
[2022-06-13T02:43:05.348+0000][1][safepoint    ] Application time: 1.0001944 seconds
[2022-06-13T02:43:05.348+0000][1][safepoint    ] Entering safepoint region: Cleanup
[2022-06-13T02:43:05.348+0000][1][safepoint    ] Leaving safepoint region
[2022-06-13T02:43:05.349+0000][1][safepoint    ] Total time for which application threads were stopped: 0.0007485 seconds, Stopping threads took: 0.0004365 seconds
[2022-06-13T02:43:06.349+0000][1][safepoint    ] Application time: 1.0001399 seconds
[2022-06-13T02:43:06.350+0000][1][safepoint    ] Entering safepoint region: Cleanup
[2022-06-13T02:43:06.350+0000][1][safepoint    ] Leaving safepoint region
[2022-06-13T02:43:06.351+0000][1][safepoint    ] Total time for which application threads were stopped: 0.0009546 seconds, Stopping threads took: 0.0004281 seconds
[2022-06-13T02:43:07.351+0000][1][safepoint    ] Application time: 1.0001056 seconds
[2022-06-13T02:43:07.352+0000][1][safepoint    ] Entering safepoint region: Cleanup
[2022-06-13T02:43:07.352+0000][1][safepoint    ] Leaving safepoint region
[2022-06-13T02:43:07.352+0000][1][safepoint    ] Total time for which application threads were stopped: 0.0007170 seconds, Stopping threads took: 0.0003424 seconds
[2022-06-13T02:43:08.353+0000][1][safepoint    ] Application time: 1.0002093 seconds
[2022-06-13T02:43:08.354+0000][1][safepoint    ] Entering safepoint region: Cleanup
[2022-06-13T02:43:08.355+0000][1][safepoint    ] Leaving safepoint region
[2022-06-13T02:43:08.355+0000][1][safepoint    ] Total time for which application threads were stopped: 0.0015367 seconds, Stopping threads took: 0.0009183 seconds
[2022-06-13T02:43:09.356+0000][1][safepoint    ] Application time: 1.0003108 seconds
[2022-06-13T02:43:09.357+0000][1][safepoint    ] Entering safepoint region: Cleanup
[2022-06-13T02:43:09.357+0000][1][safepoint    ] Leaving safepoint region
[2022-06-13T02:43:09.358+0000][1][safepoint    ] Total time for which application threads were stopped: 0.0007793 seconds, Stopping threads took: 0.0003443 seconds
[2022-06-13T02:43:10.358+0000][1][safepoint    ] Application time: 1.0001202 seconds
[2022-06-13T02:43:10.359+0000][1][safepoint    ] Entering safepoint region: Cleanup
[2022-06-13T02:43:10.359+0000][1][safepoint    ] Leaving safepoint region
[2022-06-13T02:43:10.360+0000][1][safepoint    ] Total time for which application threads were stopped: 0.0009259 seconds, Stopping threads took: 0.0004132 seconds
[2022-06-13T02:43:11.360+0000][1][safepoint    ] Application time: 1.0002530 seconds
[2022-06-13T02:43:11.361+0000][1][safepoint    ] Entering safepoint region: Cleanup
[2022-06-13T02:43:11.361+0000][1][safepoint    ] Leaving safepoint region
[2022-06-13T02:43:11.362+0000][1][safepoint    ] Total time for which application threads were stopped: 0.0010944 seconds, Stopping threads took: 0.0005499 seconds
[2022-06-13T02:43:12.363+0000][1][safepoint    ] Application time: 1.0002235 seconds
[2022-06-13T02:43:12.363+0000][1][safepoint    ] Entering safepoint region: Cleanup
[2022-06-13T02:43:12.364+0000][1][safepoint    ] Leaving safepoint region
[2022-06-13T02:43:12.365+0000][1][safepoint    ] Total time for which application threads were stopped: 0.0015435 seconds, Stopping threads took: 0.0005487 seconds
[2022-06-13T02:43:13.366+0000][1][safepoint    ] Application time: 1.0003205 seconds
[2022-06-13T02:43:13.366+0000][1][safepoint    ] Entering safepoint region: Cleanup
[2022-06-13T02:43:13.367+0000][1][safepoint    ] Leaving safepoint region
[2022-06-13T02:43:13.367+0000][1][safepoint    ] Total time for which application threads were stopped: 0.0009683 seconds, Stopping threads took: 0.0004524 seconds
[2022-06-13T02:43:14.368+0000][1][safepoint    ] Application time: 1.0001387 seconds
[2022-06-13T02:43:14.369+0000][1][safepoint    ] Entering safepoint region: Cleanup
[2022-06-13T02:43:14.369+0000][1][safepoint    ] Leaving safepoint region
[2022-06-13T02:43:14.370+0000][1][safepoint    ] Total time for which application threads were stopped: 0.0010599 seconds, Stopping threads took: 0.0004679 seconds
[2022-06-13T02:43:15.370+0000][1][safepoint    ] Application time: 1.0003138 seconds
[2022-06-13T02:43:15.371+0000][1][safepoint    ] Entering safepoint region: Cleanup
[2022-06-13T02:43:15.372+0000][1][safepoint    ] Leaving safepoint region
[2022-06-13T02:43:15.373+0000][1][safepoint    ] Total time for which application threads were stopped: 0.0014339 seconds, Stopping threads took: 0.0006191 seconds
[2022-06-13T02:43:16.374+0000][1][safepoint    ] Application time: 1.0002379 seconds
[2022-06-13T02:43:16.374+0000][1][safepoint    ] Entering safepoint region: Cleanup
[2022-06-13T02:43:16.375+0000][1][safepoint    ] Leaving safepoint region
[2022-06-13T02:43:16.375+0000][1][safepoint    ] Total time for which application threads were stopped: 0.0008018 seconds, Stopping threads took: 0.0003592 seconds
[2022-06-13T02:43:17.376+0000][1][safepoint    ] Application time: 1.0002964 seconds
[2022-06-13T02:43:17.376+0000][1][safepoint    ] Entering safepoint region: Cleanup
[2022-06-13T02:43:17.377+0000][1][safepoint    ] Leaving safepoint region
[2022-06-13T02:43:17.377+0000][1][safepoint    ] Total time for which application threads were stopped: 0.0007332 seconds, Stopping threads took: 0.0003813 seconds
[2022-06-13T02:43:18.378+0000][1][safepoint    ] Application time: 1.0003818 seconds
[2022-06-13T02:43:18.378+0000][1][safepoint    ] Entering safepoint region: Cleanup
[2022-06-13T02:43:18.379+0000][1][safepoint    ] Leaving safepoint region
[2022-06-13T02:43:18.379+0000][1][safepoint    ] Total time for which application threads were stopped: 0.0008851 seconds, Stopping threads took: 0.0003440 seconds
[2022-06-13T02:43:19.380+0000][1][safepoint    ] Application time: 1.0001909 seconds
[2022-06-13T02:43:19.380+0000][1][safepoint    ] Entering safepoint region: Cleanup
[2022-06-13T02:43:19.381+0000][1][safepoint    ] Leaving safepoint region
[2022-06-13T02:43:19.381+0000][1][safepoint    ] Total time for which application threads were stopped: 0.0006003 seconds, Stopping threads took: 0.0003010 seconds
[2022-06-13T02:43:20.382+0000][1][safepoint    ] Application time: 1.0002805 seconds
[2022-06-13T02:43:20.382+0000][1][safepoint    ] Entering safepoint region: Cleanup
[2022-06-13T02:43:20.383+0000][1][safepoint    ] Leaving safepoint region
[2022-06-13T02:43:20.384+0000][1][safepoint    ] Total time for which application threads were stopped: 0.0012698 seconds, Stopping threads took: 0.0006027 seconds
[2022-06-13T02:43:21.385+0000][1][safepoint    ] Application time: 1.0002733 seconds
[2022-06-13T02:43:21.385+0000][1][safepoint    ] Entering safepoint region: Cleanup
[2022-06-13T02:43:21.386+0000][1][safepoint    ] Leaving safepoint region
[2022-06-13T02:43:21.387+0000][1][safepoint    ] Total time for which application threads were stopped: 0.0012873 seconds, Stopping threads took: 0.0005756 seconds
[2022-06-13T02:43:22.387+0000][1][safepoint    ] Application time: 1.0003451 seconds
[2022-06-13T02:43:22.388+0000][1][safepoint    ] Entering safepoint region: Cleanup
[2022-06-13T02:43:22.389+0000][1][safepoint    ] Leaving safepoint region
[2022-06-13T02:43:22.389+0000][1][safepoint    ] Total time for which application threads were stopped: 0.0010956 seconds, Stopping threads took: 0.0005132 seconds
[2022-06-13T02:43:23.390+0000][1][safepoint    ] Application time: 1.0001837 seconds
[2022-06-13T02:43:23.390+0000][1][safepoint    ] Entering safepoint region: Cleanup
[2022-06-13T02:43:23.391+0000][1][safepoint    ] Leaving safepoint region
[2022-06-13T02:43:23.391+0000][1][safepoint    ] Total time for which application threads were stopped: 0.0009545 seconds, Stopping threads took: 0.0004361 seconds
[2022-06-13T02:43:24.392+0000][1][safepoint    ] Application time: 1.0002098 seconds
[2022-06-13T02:43:24.393+0000][1][safepoint    ] Entering safepoint region: Cleanup
[2022-06-13T02:43:24.393+0000][1][safepoint    ] Leaving safepoint region
[2022-06-13T02:43:24.394+0000][1][safepoint    ] Total time for which application threads were stopped: 0.0013611 seconds, Stopping threads took: 0.0007010 seconds
[2022-06-13T02:43:25.395+0000][1][safepoint    ] Application time: 1.0001974 seconds
[2022-06-13T02:43:25.395+0000][1][safepoint    ] Entering safepoint region: Cleanup
[2022-06-13T02:43:25.396+0000][1][safepoint    ] Leaving safepoint region
[2022-06-13T02:43:25.396+0000][1][safepoint    ] Total time for which application threads were stopped: 0.0005963 seconds, Stopping threads took: 0.0002791 seconds
[2022-06-13T02:43:26.396+0000][1][safepoint    ] Application time: 1.0002262 seconds
[2022-06-13T02:43:26.397+0000][1][safepoint    ] Entering safepoint region: Cleanup
[2022-06-13T02:43:26.398+0000][1][safepoint    ] Leaving safepoint region
[2022-06-13T02:43:26.398+0000][1][safepoint    ] Total time for which application threads were stopped: 0.0011688 seconds, Stopping threads took: 0.0005294 seconds
[2022-06-13T02:43:27.399+0000][1][safepoint    ] Application time: 1.0001399 seconds
[2022-06-13T02:43:27.399+0000][1][safepoint    ] Entering safepoint region: Cleanup
[2022-06-13T02:43:27.400+0000][1][safepoint    ] Leaving safepoint region
[2022-06-13T02:43:27.400+0000][1][safepoint    ] Total time for which application threads were stopped: 0.0008247 seconds, Stopping threads took: 0.0004187 seconds
[2022-06-13T02:43:28.401+0000][1][safepoint    ] Application time: 1.0003540 seconds
[2022-06-13T02:43:28.402+0000][1][safepoint    ] Entering safepoint region: Cleanup
[2022-06-13T02:43:28.402+0000][1][safepoint    ] Leaving safepoint region
[2022-06-13T02:43:28.403+0000][1][safepoint    ] Total time for which application threads were stopped: 0.0010120 seconds, Stopping threads took: 0.0004548 seconds
[2022-06-13T02:43:29.403+0000][1][safepoint    ] Application time: 1.0003484 seconds
[2022-06-13T02:43:29.404+0000][1][safepoint    ] Entering safepoint region: Cleanup
[2022-06-13T02:43:29.405+0000][1][safepoint    ] Leaving safepoint region
[2022-06-13T02:43:29.406+0000][1][safepoint    ] Total time for which application threads were stopped: 0.0012996 seconds, Stopping threads took: 0.0005652 seconds
[2022-06-13T02:43:30.407+0000][1][safepoint    ] Application time: 1.0002914 seconds
[2022-06-13T02:43:30.407+0000][1][safepoint    ] Entering safepoint region: Cleanup
[2022-06-13T02:43:30.407+0000][1][safepoint    ] Leaving safepoint region
[2022-06-13T02:43:30.407+0000][1][safepoint    ] Total time for which application threads were stopped: 0.0006190 seconds, Stopping threads took: 0.0002803 seconds
[2022-06-13T02:43:31.408+0000][1][safepoint    ] Application time: 1.0002132 seconds
[2022-06-13T02:43:31.409+0000][1][safepoint    ] Entering safepoint region: Cleanup
[2022-06-13T02:43:31.409+0000][1][safepoint    ] Leaving safepoint region
[2022-06-13T02:43:31.410+0000][1][safepoint    ] Total time for which application threads were stopped: 0.0011989 seconds, Stopping threads took: 0.0006411 seconds
[2022-06-13T02:43:32.410+0000][1][safepoint    ] Application time: 1.0002034 seconds
[2022-06-13T02:43:32.411+0000][1][safepoint    ] Entering safepoint region: Cleanup
[2022-06-13T02:43:32.412+0000][1][safepoint    ] Leaving safepoint region
[2022-06-13T02:43:32.412+0000][1][safepoint    ] Total time for which application threads were stopped: 0.0008222 seconds, Stopping threads took: 0.0003863 seconds
[2022-06-13T02:43:33.412+0000][1][safepoint    ] Application time: 1.0001883 seconds
[2022-06-13T02:43:33.413+0000][1][safepoint    ] Entering safepoint region: Cleanup
[2022-06-13T02:43:33.413+0000][1][safepoint    ] Leaving safepoint region
[2022-06-13T02:43:33.413+0000][1][safepoint    ] Total time for which application threads were stopped: 0.0005292 seconds, Stopping threads took: 0.0002500 seconds
[2022-06-13T02:43:34.414+0000][1][safepoint    ] Application time: 1.0002095 seconds
[2022-06-13T02:43:34.415+0000][1][safepoint    ] Entering safepoint region: Cleanup
[2022-06-13T02:43:34.415+0000][1][safepoint    ] Leaving safepoint region
[2022-06-13T02:43:34.416+0000][1][safepoint    ] Total time for which application threads were stopped: 0.0011521 seconds, Stopping threads took: 0.0006370 seconds
[2022-06-13T02:43:35.416+0000][1][safepoint    ] Application time: 1.0003091 seconds
[2022-06-13T02:43:35.417+0000][1][safepoint    ] Entering safepoint region: Cleanup
[2022-06-13T02:43:35.418+0000][1][safepoint    ] Leaving safepoint region
[2022-06-13T02:43:35.418+0000][1][safepoint    ] Total time for which application threads were stopped: 0.0013493 seconds, Stopping threads took: 0.0005854 seconds
[2022-06-13T02:43:36.419+0000][1][safepoint    ] Application time: 1.0003035 seconds
[2022-06-13T02:43:36.420+0000][1][safepoint    ] Entering safepoint region: Cleanup
[2022-06-13T02:43:36.420+0000][1][safepoint    ] Leaving safepoint region
[2022-06-13T02:43:36.420+0000][1][safepoint    ] Total time for which application threads were stopped: 0.0007240 seconds, Stopping threads took: 0.0003635 seconds
[2022-06-13T02:43:37.421+0000][1][safepoint    ] Application time: 1.0003123 seconds
[2022-06-13T02:43:37.422+0000][1][safepoint    ] Entering safepoint region: Cleanup
[2022-06-13T02:43:37.422+0000][1][safepoint    ] Leaving safepoint region
[2022-06-13T02:43:37.423+0000][1][safepoint    ] Total time for which application threads were stopped: 0.0011835 seconds, Stopping threads took: 0.0005836 seconds
[2022-06-13T02:43:38.424+0000][1][safepoint    ] Application time: 1.0002025 seconds
[2022-06-13T02:43:38.424+0000][1][safepoint    ] Entering safepoint region: Cleanup
[2022-06-13T02:43:38.424+0000][1][safepoint    ] Leaving safepoint region
[2022-06-13T02:43:38.425+0000][1][safepoint    ] Total time for which application threads were stopped: 0.0008106 seconds, Stopping threads took: 0.0003840 seconds
[2022-06-13T02:43:39.425+0000][1][safepoint    ] Application time: 1.0002035 seconds
[2022-06-13T02:43:39.425+0000][1][safepoint    ] Entering safepoint region: Cleanup
[2022-06-13T02:43:39.426+0000][1][safepoint    ] Leaving safepoint region
[2022-06-13T02:43:39.426+0000][1][safepoint    ] Total time for which application threads were stopped: 0.0004085 seconds, Stopping threads took: 0.0001643 seconds
[2022-06-13T02:43:40.426+0000][1][safepoint    ] Application time: 1.0001888 seconds
[2022-06-13T02:43:40.427+0000][1][safepoint    ] Entering safepoint region: Cleanup
[2022-06-13T02:43:40.427+0000][1][safepoint    ] Leaving safepoint region
[2022-06-13T02:43:40.427+0000][1][safepoint    ] Total time for which application threads were stopped: 0.0008101 seconds, Stopping threads took: 0.0003621 seconds
[2022-06-13T02:43:41.428+0000][1][safepoint    ] Application time: 1.0001661 seconds
[2022-06-13T02:43:41.428+0000][1][safepoint    ] Entering safepoint region: Cleanup
[2022-06-13T02:43:41.429+0000][1][safepoint    ] Leaving safepoint region
[2022-06-13T02:43:41.429+0000][1][safepoint    ] Total time for which application threads were stopped: 0.0006981 seconds, Stopping threads took: 0.0003388 seconds
[2022-06-13T02:43:42.429+0000][1][safepoint    ] Application time: 1.0002333 seconds
[2022-06-13T02:43:42.430+0000][1][safepoint    ] Entering safepoint region: Cleanup
[2022-06-13T02:43:42.431+0000][1][safepoint    ] Leaving safepoint region
[2022-06-13T02:43:42.431+0000][1][safepoint    ] Total time for which application threads were stopped: 0.0012847 seconds, Stopping threads took: 0.0005757 seconds
[2022-06-13T02:43:43.432+0000][1][safepoint    ] Application time: 1.0001965 seconds
[2022-06-13T02:43:43.433+0000][1][safepoint    ] Entering safepoint region: Cleanup
[2022-06-13T02:43:43.433+0000][1][safepoint    ] Leaving safepoint region
[2022-06-13T02:43:43.434+0000][1][safepoint    ] Total time for which application threads were stopped: 0.0008258 seconds, Stopping threads took: 0.0003865 seconds
[2022-06-13T02:43:44.434+0000][1][safepoint    ] Application time: 1.0002027 seconds
[2022-06-13T02:43:44.435+0000][1][safepoint    ] Entering safepoint region: Cleanup
[2022-06-13T02:43:44.435+0000][1][safepoint    ] Leaving safepoint region
[2022-06-13T02:43:44.436+0000][1][safepoint    ] Total time for which application threads were stopped: 0.0008205 seconds, Stopping threads took: 0.0003857 seconds
[2022-06-13T02:43:45.436+0000][1][safepoint    ] Application time: 1.0001880 seconds
[2022-06-13T02:43:45.437+0000][1][safepoint    ] Entering safepoint region: Cleanup
[2022-06-13T02:43:45.437+0000][1][safepoint    ] Leaving safepoint region
[2022-06-13T02:43:45.437+0000][1][safepoint    ] Total time for which application threads were stopped: 0.0008257 seconds, Stopping threads took: 0.0003900 seconds
[2022-06-13T02:43:46.438+0000][1][safepoint    ] Application time: 1.0001452 seconds
[2022-06-13T02:43:46.439+0000][1][safepoint    ] Entering safepoint region: Cleanup
[2022-06-13T02:43:46.439+0000][1][safepoint    ] Leaving safepoint region
[2022-06-13T02:43:46.440+0000][1][safepoint    ] Total time for which application threads were stopped: 0.0008301 seconds, Stopping threads took: 0.0003530 seconds
[2022-06-13T02:43:47.440+0000][1][safepoint    ] Application time: 1.0001848 seconds
[2022-06-13T02:43:47.441+0000][1][safepoint    ] Entering safepoint region: Cleanup
[2022-06-13T02:43:47.441+0000][1][safepoint    ] Leaving safepoint region
[2022-06-13T02:43:47.441+0000][1][safepoint    ] Total time for which application threads were stopped: 0.0009053 seconds, Stopping threads took: 0.0004347 seconds
[2022-06-13T02:43:48.442+0000][1][safepoint    ] Application time: 1.0001775 seconds
[2022-06-13T02:43:48.442+0000][1][safepoint    ] Entering safepoint region: Cleanup
[2022-06-13T02:43:48.443+0000][1][safepoint    ] Leaving safepoint region
[2022-06-13T02:43:48.443+0000][1][safepoint    ] Total time for which application threads were stopped: 0.0003551 seconds, Stopping threads took: 0.0001659 seconds
[2022-06-13T02:43:49.443+0000][1][safepoint    ] Application time: 1.0001643 seconds
[2022-06-13T02:43:49.443+0000][1][safepoint    ] Entering safepoint region: Cleanup
[2022-06-13T02:43:49.444+0000][1][safepoint    ] Leaving safepoint region
[2022-06-13T02:43:49.444+0000][1][safepoint    ] Total time for which application threads were stopped: 0.0007951 seconds, Stopping threads took: 0.0003878 seconds
[2022-06-13T02:43:50.445+0000][1][safepoint    ] Application time: 1.0001877 seconds
[2022-06-13T02:43:50.445+0000][1][safepoint    ] Entering safepoint region: Cleanup
[2022-06-13T02:43:50.446+0000][1][safepoint    ] Leaving safepoint region
[2022-06-13T02:43:50.446+0000][1][safepoint    ] Total time for which application threads were stopped: 0.0007988 seconds, Stopping threads took: 0.0003754 seconds
[2022-06-13T02:43:51.447+0000][1][safepoint    ] Application time: 1.0002459 seconds
[2022-06-13T02:43:51.447+0000][1][safepoint    ] Entering safepoint region: Cleanup
[2022-06-13T02:43:51.448+0000][1][safepoint    ] Leaving safepoint region
[2022-06-13T02:43:51.448+0000][1][safepoint    ] Total time for which application threads were stopped: 0.0007239 seconds, Stopping threads took: 0.0003499 seconds
[2022-06-13T02:43:52.449+0000][1][safepoint    ] Application time: 1.0001928 seconds
[2022-06-13T02:43:52.449+0000][1][safepoint    ] Entering safepoint region: Cleanup
[2022-06-13T02:43:52.450+0000][1][safepoint    ] Leaving safepoint region
[2022-06-13T02:43:52.450+0000][1][safepoint    ] Total time for which application threads were stopped: 0.0007713 seconds, Stopping threads took: 0.0003603 seconds
[2022-06-13T02:43:53.465+0000][1][safepoint    ] Application time: 1.0150923 seconds
[2022-06-13T02:43:53.466+0000][1][safepoint    ] Entering safepoint region: Cleanup
[2022-06-13T02:43:53.466+0000][1][safepoint    ] Leaving safepoint region
[2022-06-13T02:43:53.467+0000][1][safepoint    ] Total time for which application threads were stopped: 0.0008196 seconds, Stopping threads took: 0.0003677 seconds
[2022-06-13T02:43:54.467+0000][1][safepoint    ] Application time: 1.0002858 seconds
[2022-06-13T02:43:54.468+0000][1][safepoint    ] Entering safepoint region: Cleanup
[2022-06-13T02:43:54.468+0000][1][safepoint    ] Leaving safepoint region
[2022-06-13T02:43:54.468+0000][1][safepoint    ] Total time for which application threads were stopped: 0.0005746 seconds, Stopping threads took: 0.0002612 seconds
[2022-06-13T02:43:55.469+0000][1][safepoint    ] Application time: 1.0002432 seconds
[2022-06-13T02:43:55.470+0000][1][safepoint    ] Entering safepoint region: Cleanup
[2022-06-13T02:43:55.470+0000][1][safepoint    ] Leaving safepoint region
[2022-06-13T02:43:55.471+0000][1][safepoint    ] Total time for which application threads were stopped: 0.0011835 seconds, Stopping threads took: 0.0005965 seconds
[2022-06-13T02:43:56.471+0000][1][safepoint    ] Application time: 1.0001768 seconds
[2022-06-13T02:43:56.472+0000][1][safepoint    ] Entering safepoint region: Cleanup
[2022-06-13T02:43:56.472+0000][1][safepoint    ] Leaving safepoint region
[2022-06-13T02:43:56.473+0000][1][safepoint    ] Total time for which application threads were stopped: 0.0008314 seconds, Stopping threads took: 0.0003943 seconds
[2022-06-13T02:43:57.473+0000][1][safepoint    ] Application time: 1.0001937 seconds
[2022-06-13T02:43:57.474+0000][1][safepoint    ] Entering safepoint region: Cleanup
[2022-06-13T02:43:57.474+0000][1][safepoint    ] Leaving safepoint region
[2022-06-13T02:43:57.475+0000][1][safepoint    ] Total time for which application threads were stopped: 0.0010476 seconds, Stopping threads took: 0.0004827 seconds
[2022-06-13T02:43:58.475+0000][1][safepoint    ] Application time: 1.0002009 seconds
[2022-06-13T02:43:58.476+0000][1][safepoint    ] Entering safepoint region: Cleanup
[2022-06-13T02:43:58.476+0000][1][safepoint    ] Leaving safepoint region
[2022-06-13T02:43:58.476+0000][1][safepoint    ] Total time for which application threads were stopped: 0.0005679 seconds, Stopping threads took: 0.0002401 seconds
[2022-06-13T02:43:59.477+0000][1][safepoint    ] Application time: 1.0002105 seconds
[2022-06-13T02:43:59.477+0000][1][safepoint    ] Entering safepoint region: Cleanup
[2022-06-13T02:43:59.478+0000][1][safepoint    ] Leaving safepoint region
[2022-06-13T02:43:59.479+0000][1][safepoint    ] Total time for which application threads were stopped: 0.0011664 seconds, Stopping threads took: 0.0005392 seconds
[2022-06-13T02:44:00.479+0000][1][safepoint    ] Application time: 1.0002409 seconds
[2022-06-13T02:44:00.480+0000][1][safepoint    ] Entering safepoint region: Cleanup
[2022-06-13T02:44:00.480+0000][1][safepoint    ] Leaving safepoint region
[2022-06-13T02:44:00.481+0000][1][safepoint    ] Total time for which application threads were stopped: 0.0008584 seconds, Stopping threads took: 0.0003649 seconds
[2022-06-13T02:44:01.481+0000][1][safepoint    ] Application time: 1.0001934 seconds
[2022-06-13T02:44:01.482+0000][1][safepoint    ] Entering safepoint region: Cleanup
[2022-06-13T02:44:01.482+0000][1][safepoint    ] Leaving safepoint region
[2022-06-13T02:44:01.482+0000][1][safepoint    ] Total time for which application threads were stopped: 0.0006025 seconds, Stopping threads took: 0.0002497 seconds
[2022-06-13T02:44:02.483+0000][1][safepoint    ] Application time: 1.0001512 seconds
[2022-06-13T02:44:02.483+0000][1][safepoint    ] Entering safepoint region: Cleanup
[2022-06-13T02:44:02.484+0000][1][safepoint    ] Leaving safepoint region
[2022-06-13T02:44:02.484+0000][1][safepoint    ] Total time for which application threads were stopped: 0.0006052 seconds, Stopping threads took: 0.0002493 seconds
[2022-06-13T02:44:03.484+0000][1][safepoint    ] Application time: 1.0003636 seconds
[2022-06-13T02:44:03.485+0000][1][safepoint    ] Entering safepoint region: Cleanup
[2022-06-13T02:44:03.486+0000][1][safepoint    ] Leaving safepoint region
[2022-06-13T02:44:03.486+0000][1][safepoint    ] Total time for which application threads were stopped: 0.0008888 seconds, Stopping threads took: 0.0005348 seconds
[2022-06-13T02:44:04.486+0000][1][safepoint    ] Application time: 1.0001979 seconds
[2022-06-13T02:44:04.487+0000][1][safepoint    ] Entering safepoint region: Cleanup
[2022-06-13T02:44:04.487+0000][1][safepoint    ] Leaving safepoint region
[2022-06-13T02:44:04.488+0000][1][safepoint    ] Total time for which application threads were stopped: 0.0008263 seconds, Stopping threads took: 0.0003852 seconds
[2022-06-13T02:44:05.488+0000][1][safepoint    ] Application time: 1.0002131 seconds
[2022-06-13T02:44:05.489+0000][1][safepoint    ] Entering safepoint region: Cleanup
[2022-06-13T02:44:05.489+0000][1][safepoint    ] Leaving safepoint region
[2022-06-13T02:44:05.489+0000][1][safepoint    ] Total time for which application threads were stopped: 0.0005996 seconds, Stopping threads took: 0.0001573 seconds
[2022-06-13T02:44:06.490+0000][1][safepoint    ] Application time: 1.0002487 seconds
[2022-06-13T02:44:06.491+0000][1][safepoint    ] Entering safepoint region: Cleanup
[2022-06-13T02:44:06.491+0000][1][safepoint    ] Leaving safepoint region
[2022-06-13T02:44:06.492+0000][1][safepoint    ] Total time for which application threads were stopped: 0.0013265 seconds, Stopping threads took: 0.0006426 seconds
[2022-06-13T02:44:07.493+0000][1][safepoint    ] Application time: 1.0002559 seconds
[2022-06-13T02:44:07.494+0000][1][safepoint    ] Entering safepoint region: Cleanup
[2022-06-13T02:44:07.494+0000][1][safepoint    ] Leaving safepoint region
[2022-06-13T02:44:07.494+0000][1][safepoint    ] Total time for which application threads were stopped: 0.0008511 seconds, Stopping threads took: 0.0003585 seconds
[2022-06-13T02:44:08.495+0000][1][safepoint    ] Application time: 1.0001481 seconds
[2022-06-13T02:44:08.495+0000][1][safepoint    ] Entering safepoint region: Cleanup
[2022-06-13T02:44:08.496+0000][1][safepoint    ] Leaving safepoint region
[2022-06-13T02:44:08.496+0000][1][safepoint    ] Total time for which application threads were stopped: 0.0011052 seconds, Stopping threads took: 0.0003687 seconds
[2022-06-13T02:44:09.497+0000][1][safepoint    ] Application time: 1.0002447 seconds
[2022-06-13T02:44:09.498+0000][1][safepoint    ] Entering safepoint region: Cleanup
[2022-06-13T02:44:09.499+0000][1][safepoint    ] Leaving safepoint region
[2022-06-13T02:44:09.499+0000][1][safepoint    ] Total time for which application threads were stopped: 0.0013180 seconds, Stopping threads took: 0.0006274 seconds
[2022-06-13T02:44:10.500+0000][1][safepoint    ] Application time: 1.0002578 seconds
[2022-06-13T02:44:10.501+0000][1][safepoint    ] Entering safepoint region: Cleanup
[2022-06-13T02:44:10.501+0000][1][safepoint    ] Leaving safepoint region
[2022-06-13T02:44:10.501+0000][1][safepoint    ] Total time for which application threads were stopped: 0.0005593 seconds, Stopping threads took: 0.0002462 seconds
[2022-06-13T02:44:11.502+0000][1][safepoint    ] Application time: 1.0003343 seconds
[2022-06-13T02:44:11.502+0000][1][safepoint    ] Entering safepoint region: Cleanup
[2022-06-13T02:44:11.503+0000][1][safepoint    ] Leaving safepoint region
[2022-06-13T02:44:11.503+0000][1][safepoint    ] Total time for which application threads were stopped: 0.0008122 seconds, Stopping threads took: 0.0004233 seconds
[2022-06-13T02:44:12.504+0000][1][safepoint    ] Application time: 1.0002411 seconds
[2022-06-13T02:44:12.504+0000][1][safepoint    ] Entering safepoint region: Cleanup
[2022-06-13T02:44:12.505+0000][1][safepoint    ] Leaving safepoint region
[2022-06-13T02:44:12.505+0000][1][safepoint    ] Total time for which application threads were stopped: 0.0005562 seconds, Stopping threads took: 0.0002773 seconds
[2022-06-13T02:44:13.505+0000][1][safepoint    ] Application time: 1.0001336 seconds
[2022-06-13T02:44:13.506+0000][1][safepoint    ] Entering safepoint region: Cleanup
[2022-06-13T02:44:13.506+0000][1][safepoint    ] Leaving safepoint region
[2022-06-13T02:44:13.507+0000][1][safepoint    ] Total time for which application threads were stopped: 0.0008217 seconds, Stopping threads took: 0.0003343 seconds
[2022-06-13T02:44:14.507+0000][1][safepoint    ] Application time: 1.0001959 seconds
[2022-06-13T02:44:14.508+0000][1][safepoint    ] Entering safepoint region: Cleanup
[2022-06-13T02:44:14.508+0000][1][safepoint    ] Leaving safepoint region
[2022-06-13T02:44:14.509+0000][1][safepoint    ] Total time for which application threads were stopped: 0.0011522 seconds, Stopping threads took: 0.0005434 seconds
[2022-06-13T02:44:15.510+0000][1][safepoint    ] Application time: 1.0002807 seconds
[2022-06-13T02:44:15.510+0000][1][safepoint    ] Entering safepoint region: Cleanup
[2022-06-13T02:44:15.511+0000][1][safepoint    ] Leaving safepoint region
[2022-06-13T02:44:15.511+0000][1][safepoint    ] Total time for which application threads were stopped: 0.0008429 seconds, Stopping threads took: 0.0003850 seconds
[2022-06-13T02:44:16.512+0000][1][safepoint    ] Application time: 1.0002567 seconds
[2022-06-13T02:44:16.512+0000][1][safepoint    ] Entering safepoint region: Cleanup
[2022-06-13T02:44:16.512+0000][1][safepoint    ] Leaving safepoint region
[2022-06-13T02:44:16.513+0000][1][safepoint    ] Total time for which application threads were stopped: 0.0007394 seconds, Stopping threads took: 0.0003201 seconds
[2022-06-13T02:44:17.513+0000][1][safepoint    ] Application time: 1.0002091 seconds
[2022-06-13T02:44:17.514+0000][1][safepoint    ] Entering safepoint region: Cleanup
[2022-06-13T02:44:17.514+0000][1][safepoint    ] Leaving safepoint region
[2022-06-13T02:44:17.514+0000][1][safepoint    ] Total time for which application threads were stopped: 0.0006304 seconds, Stopping threads took: 0.0002588 seconds
[2022-06-13T02:44:18.515+0000][1][safepoint    ] Application time: 1.0002012 seconds
[2022-06-13T02:44:18.516+0000][1][safepoint    ] Entering safepoint region: Cleanup
[2022-06-13T02:44:18.516+0000][1][safepoint    ] Leaving safepoint region
[2022-06-13T02:44:18.517+0000][1][safepoint    ] Total time for which application threads were stopped: 0.0009893 seconds, Stopping threads took: 0.0004559 seconds
[2022-06-13T02:44:19.517+0000][1][safepoint    ] Application time: 1.0002490 seconds
[2022-06-13T02:44:19.518+0000][1][safepoint    ] Entering safepoint region: Cleanup
[2022-06-13T02:44:19.518+0000][1][safepoint    ] Leaving safepoint region
[2022-06-13T02:44:19.518+0000][1][safepoint    ] Total time for which application threads were stopped: 0.0008174 seconds, Stopping threads took: 0.0003813 seconds
[2022-06-13T02:44:20.519+0000][1][safepoint    ] Application time: 1.0001422 seconds
[2022-06-13T02:44:20.519+0000][1][safepoint    ] Entering safepoint region: Cleanup
[2022-06-13T02:44:20.520+0000][1][safepoint    ] Leaving safepoint region
[2022-06-13T02:44:20.520+0000][1][safepoint    ] Total time for which application threads were stopped: 0.0008847 seconds, Stopping threads took: 0.0003335 seconds
[2022-06-13T02:44:21.521+0000][1][safepoint    ] Application time: 1.0002353 seconds
[2022-06-13T02:44:21.522+0000][1][safepoint    ] Entering safepoint region: Cleanup
[2022-06-13T02:44:21.523+0000][1][safepoint    ] Leaving safepoint region
[2022-06-13T02:44:21.523+0000][1][safepoint    ] Total time for which application threads were stopped: 0.0014795 seconds, Stopping threads took: 0.0006565 seconds
[2022-06-13T02:44:22.524+0000][1][safepoint    ] Application time: 1.0002028 seconds
[2022-06-13T02:44:22.525+0000][1][safepoint    ] Entering safepoint region: Cleanup
[2022-06-13T02:44:22.526+0000][1][safepoint    ] Leaving safepoint region
[2022-06-13T02:44:22.526+0000][1][safepoint    ] Total time for which application threads were stopped: 0.0014380 seconds, Stopping threads took: 0.0006459 seconds
[2022-06-13T02:44:23.527+0000][1][safepoint    ] Application time: 1.0002759 seconds
[2022-06-13T02:44:23.528+0000][1][safepoint    ] Entering safepoint region: Cleanup
[2022-06-13T02:44:23.528+0000][1][safepoint    ] Leaving safepoint region
[2022-06-13T02:44:23.528+0000][1][safepoint    ] Total time for which application threads were stopped: 0.0009428 seconds, Stopping threads took: 0.0004393 seconds
[2022-06-13T02:44:24.529+0000][1][safepoint    ] Application time: 1.0001757 seconds
[2022-06-13T02:44:24.530+0000][1][safepoint    ] Entering safepoint region: Cleanup
[2022-06-13T02:44:24.530+0000][1][safepoint    ] Leaving safepoint region
[2022-06-13T02:44:24.530+0000][1][safepoint    ] Total time for which application threads were stopped: 0.0009072 seconds, Stopping threads took: 0.0003853 seconds
[2022-06-13T02:44:25.346+0000][1][safepoint    ] Application time: 0.8147864 seconds
[2022-06-13T02:44:25.346+0000][1][safepoint    ] Entering safepoint region: GenCollectForAllocation
[2022-06-13T02:44:25.347+0000][1][gc,start     ] GC(34) Pause Young (Allocation Failure)
[2022-06-13T02:44:25.347+0000][1][gc,task      ] GC(34) Using 5 workers of 13 for evacuation
[2022-06-13T02:44:25.349+0000][1][gc,age       ] GC(34) Desired survivor size 4456448 bytes, new threshold 6 (max threshold 6)
[2022-06-13T02:44:25.349+0000][1][gc,age       ] GC(34) Age table with threshold 6 (max threshold 6)
[2022-06-13T02:44:25.349+0000][1][gc,age       ] GC(34) - age   1:      24912 bytes,      24912 total
[2022-06-13T02:44:25.350+0000][1][gc,age       ] GC(34) - age   2:      13712 bytes,      38624 total
[2022-06-13T02:44:25.350+0000][1][gc,age       ] GC(34) - age   3:      13824 bytes,      52448 total
[2022-06-13T02:44:25.351+0000][1][gc,age       ] GC(34) - age   4:      16840 bytes,      69288 total
[2022-06-13T02:44:25.351+0000][1][gc,age       ] GC(34) - age   5:      14304 bytes,      83592 total
[2022-06-13T02:44:25.352+0000][1][gc,age       ] GC(34) - age   6:      13960 bytes,      97552 total
[2022-06-13T02:44:25.352+0000][1][gc,heap      ] GC(34) ParNew: 70128K->132K(78656K)
[2022-06-13T02:44:25.352+0000][1][gc,heap      ] GC(34) CMS: 68291K->68305K(174784K)
[2022-06-13T02:44:25.353+0000][1][gc,metaspace ] GC(34) Metaspace: 64356K->64356K(1107968K)
[2022-06-13T02:44:25.353+0000][1][gc           ] GC(34) Pause Young (Allocation Failure) 135M->66M(247M) 6.646ms
[2022-06-13T02:44:25.354+0000][1][gc,cpu       ] GC(34) User=0.00s Sys=0.00s Real=0.01s
[2022-06-13T02:44:25.354+0000][1][safepoint    ] Leaving safepoint region
[2022-06-13T02:44:25.355+0000][1][safepoint    ] Total time for which application threads were stopped: 0.0084805 seconds, Stopping threads took: 0.0005191 seconds
[2022-06-13T02:44:26.355+0000][1][safepoint    ] Application time: 1.0002340 seconds
[2022-06-13T02:44:26.356+0000][1][safepoint    ] Entering safepoint region: Cleanup
[2022-06-13T02:44:26.356+0000][1][safepoint    ] Leaving safepoint region
[2022-06-13T02:44:26.357+0000][1][safepoint    ] Total time for which application threads were stopped: 0.0008795 seconds, Stopping threads took: 0.0004017 seconds
[2022-06-13T02:44:27.357+0000][1][safepoint    ] Application time: 1.0002140 seconds
[2022-06-13T02:44:27.357+0000][1][safepoint    ] Entering safepoint region: Cleanup
[2022-06-13T02:44:27.358+0000][1][safepoint    ] Leaving safepoint region
[2022-06-13T02:44:27.358+0000][1][safepoint    ] Total time for which application threads were stopped: 0.0007814 seconds, Stopping threads took: 0.0003340 seconds
[2022-06-13T02:44:28.359+0000][1][safepoint    ] Application time: 1.0003077 seconds
[2022-06-13T02:44:28.359+0000][1][safepoint    ] Entering safepoint region: Cleanup
[2022-06-13T02:44:28.360+0000][1][safepoint    ] Leaving safepoint region
[2022-06-13T02:44:28.360+0000][1][safepoint    ] Total time for which application threads were stopped: 0.0009018 seconds, Stopping threads took: 0.0004744 seconds
[2022-06-13T02:44:29.361+0000][1][safepoint    ] Application time: 1.0001310 seconds
[2022-06-13T02:44:29.362+0000][1][safepoint    ] Entering safepoint region: Cleanup
[2022-06-13T02:44:29.363+0000][1][safepoint    ] Leaving safepoint region
[2022-06-13T02:44:29.363+0000][1][safepoint    ] Total time for which application threads were stopped: 0.0015127 seconds, Stopping threads took: 0.0007412 seconds
[2022-06-13T02:44:30.364+0000][1][safepoint    ] Application time: 1.0002340 seconds
[2022-06-13T02:44:30.364+0000][1][safepoint    ] Entering safepoint region: Cleanup
[2022-06-13T02:44:30.365+0000][1][safepoint    ] Leaving safepoint region
[2022-06-13T02:44:30.365+0000][1][safepoint    ] Total time for which application threads were stopped: 0.0009492 seconds, Stopping threads took: 0.0004093 seconds
[2022-06-13T02:44:31.366+0000][1][safepoint    ] Application time: 1.0001354 seconds
[2022-06-13T02:44:31.366+0000][1][safepoint    ] Entering safepoint region: Cleanup
[2022-06-13T02:44:31.367+0000][1][safepoint    ] Leaving safepoint region
[2022-06-13T02:44:31.367+0000][1][safepoint    ] Total time for which application threads were stopped: 0.0006342 seconds, Stopping threads took: 0.0003201 seconds
[2022-06-13T02:44:32.367+0000][1][safepoint    ] Application time: 1.0001518 seconds
[2022-06-13T02:44:32.368+0000][1][safepoint    ] Entering safepoint region: Cleanup
[2022-06-13T02:44:32.369+0000][1][safepoint    ] Leaving safepoint region
[2022-06-13T02:44:32.370+0000][1][safepoint    ] Total time for which application threads were stopped: 0.0016254 seconds, Stopping threads took: 0.0007382 seconds
[2022-06-13T02:44:33.371+0000][1][safepoint    ] Application time: 1.0001132 seconds
[2022-06-13T02:44:33.371+0000][1][safepoint    ] Entering safepoint region: Cleanup
[2022-06-13T02:44:33.372+0000][1][safepoint    ] Leaving safepoint region
[2022-06-13T02:44:33.372+0000][1][safepoint    ] Total time for which application threads were stopped: 0.0007256 seconds, Stopping threads took: 0.0003389 seconds
[2022-06-13T02:44:34.372+0000][1][safepoint    ] Application time: 1.0002338 seconds
[2022-06-13T02:44:34.373+0000][1][safepoint    ] Entering safepoint region: Cleanup
[2022-06-13T02:44:34.374+0000][1][safepoint    ] Leaving safepoint region
[2022-06-13T02:44:34.374+0000][1][safepoint    ] Total time for which application threads were stopped: 0.0008853 seconds, Stopping threads took: 0.0004203 seconds
[2022-06-13T02:44:35.375+0000][1][safepoint    ] Application time: 1.0001826 seconds
[2022-06-13T02:44:35.375+0000][1][safepoint    ] Entering safepoint region: Cleanup
[2022-06-13T02:44:35.375+0000][1][safepoint    ] Leaving safepoint region
[2022-06-13T02:44:35.375+0000][1][safepoint    ] Total time for which application threads were stopped: 0.0004790 seconds, Stopping threads took: 0.0002231 seconds
[2022-06-13T02:44:36.376+0000][1][safepoint    ] Application time: 1.0002861 seconds
[2022-06-13T02:44:36.376+0000][1][safepoint    ] Entering safepoint region: Cleanup
[2022-06-13T02:44:36.377+0000][1][safepoint    ] Leaving safepoint region
[2022-06-13T02:44:36.377+0000][1][safepoint    ] Total time for which application threads were stopped: 0.0009667 seconds, Stopping threads took: 0.0003842 seconds
[2022-06-13T02:44:37.378+0000][1][safepoint    ] Application time: 1.0002025 seconds
[2022-06-13T02:44:37.379+0000][1][safepoint    ] Entering safepoint region: Cleanup
[2022-06-13T02:44:37.379+0000][1][safepoint    ] Leaving safepoint region
[2022-06-13T02:44:37.379+0000][1][safepoint    ] Total time for which application threads were stopped: 0.0007160 seconds, Stopping threads took: 0.0003458 seconds
[2022-06-13T02:44:38.380+0000][1][safepoint    ] Application time: 1.0003298 seconds
[2022-06-13T02:44:38.380+0000][1][safepoint    ] Entering safepoint region: Cleanup
[2022-06-13T02:44:38.381+0000][1][safepoint    ] Leaving safepoint region
[2022-06-13T02:44:38.382+0000][1][safepoint    ] Total time for which application threads were stopped: 0.0011538 seconds, Stopping threads took: 0.0005183 seconds
[2022-06-13T02:44:39.382+0000][1][safepoint    ] Application time: 1.0002266 seconds
[2022-06-13T02:44:39.383+0000][1][safepoint    ] Entering safepoint region: Cleanup
[2022-06-13T02:44:39.383+0000][1][safepoint    ] Leaving safepoint region
[2022-06-13T02:44:39.384+0000][1][safepoint    ] Total time for which application threads were stopped: 0.0008302 seconds, Stopping threads took: 0.0003581 seconds
[2022-06-13T02:44:40.384+0000][1][safepoint    ] Application time: 1.0001097 seconds
[2022-06-13T02:44:40.385+0000][1][safepoint    ] Entering safepoint region: Cleanup
[2022-06-13T02:44:40.385+0000][1][safepoint    ] Leaving safepoint region
[2022-06-13T02:44:40.385+0000][1][safepoint    ] Total time for which application threads were stopped: 0.0005241 seconds, Stopping threads took: 0.0002035 seconds
[2022-06-13T02:44:41.385+0000][1][safepoint    ] Application time: 1.0000968 seconds
[2022-06-13T02:44:41.385+0000][1][safepoint    ] Entering safepoint region: Cleanup
[2022-06-13T02:44:41.386+0000][1][safepoint    ] Leaving safepoint region
[2022-06-13T02:44:41.386+0000][1][safepoint    ] Total time for which application threads were stopped: 0.0004175 seconds, Stopping threads took: 0.0002101 seconds
[2022-06-13T02:44:42.386+0000][1][safepoint    ] Application time: 1.0002075 seconds
[2022-06-13T02:44:42.387+0000][1][safepoint    ] Entering safepoint region: Cleanup
[2022-06-13T02:44:42.387+0000][1][safepoint    ] Leaving safepoint region
[2022-06-13T02:44:42.388+0000][1][safepoint    ] Total time for which application threads were stopped: 0.0009074 seconds, Stopping threads took: 0.0004035 seconds
[2022-06-13T02:44:43.388+0000][1][safepoint    ] Application time: 1.0001145 seconds
[2022-06-13T02:44:43.389+0000][1][safepoint    ] Entering safepoint region: Cleanup
[2022-06-13T02:44:43.389+0000][1][safepoint    ] Leaving safepoint region
[2022-06-13T02:44:43.389+0000][1][safepoint    ] Total time for which application threads were stopped: 0.0004594 seconds, Stopping threads took: 0.0002470 seconds
[2022-06-13T02:44:44.389+0000][1][safepoint    ] Application time: 1.0001988 seconds
[2022-06-13T02:44:44.390+0000][1][safepoint    ] Entering safepoint region: Cleanup
[2022-06-13T02:44:44.390+0000][1][safepoint    ] Leaving safepoint region
[2022-06-13T02:44:44.391+0000][1][safepoint    ] Total time for which application threads were stopped: 0.0008106 seconds, Stopping threads took: 0.0003546 seconds
[2022-06-13T02:44:45.391+0000][1][safepoint    ] Application time: 1.0001479 seconds
[2022-06-13T02:44:45.392+0000][1][safepoint    ] Entering safepoint region: Cleanup
[2022-06-13T02:44:45.392+0000][1][safepoint    ] Leaving safepoint region
[2022-06-13T02:44:45.392+0000][1][safepoint    ] Total time for which application threads were stopped: 0.0005739 seconds, Stopping threads took: 0.0002588 seconds
[2022-06-13T02:44:46.393+0000][1][safepoint    ] Application time: 1.0002595 seconds
[2022-06-13T02:44:46.393+0000][1][safepoint    ] Entering safepoint region: Cleanup
[2022-06-13T02:44:46.394+0000][1][safepoint    ] Leaving safepoint region
[2022-06-13T02:44:46.394+0000][1][safepoint    ] Total time for which application threads were stopped: 0.0010871 seconds, Stopping threads took: 0.0004561 seconds
[2022-06-13T02:44:47.395+0000][1][safepoint    ] Application time: 1.0002195 seconds
[2022-06-13T02:44:47.396+0000][1][safepoint    ] Entering safepoint region: Cleanup
[2022-06-13T02:44:47.396+0000][1][safepoint    ] Leaving safepoint region
[2022-06-13T02:44:47.396+0000][1][safepoint    ] Total time for which application threads were stopped: 0.0008347 seconds, Stopping threads took: 0.0004012 seconds
[2022-06-13T02:44:48.397+0000][1][safepoint    ] Application time: 1.0001847 seconds
[2022-06-13T02:44:48.397+0000][1][safepoint    ] Entering safepoint region: Cleanup
[2022-06-13T02:44:48.398+0000][1][safepoint    ] Leaving safepoint region
[2022-06-13T02:44:48.398+0000][1][safepoint    ] Total time for which application threads were stopped: 0.0005549 seconds, Stopping threads took: 0.0002071 seconds
[2022-06-13T02:44:49.398+0000][1][safepoint    ] Application time: 1.0002254 seconds
[2022-06-13T02:44:49.399+0000][1][safepoint    ] Entering safepoint region: Cleanup
[2022-06-13T02:44:49.399+0000][1][safepoint    ] Leaving safepoint region
[2022-06-13T02:44:49.399+0000][1][safepoint    ] Total time for which application threads were stopped: 0.0007747 seconds, Stopping threads took: 0.0004820 seconds
[2022-06-13T02:44:50.400+0000][1][safepoint    ] Application time: 1.0001185 seconds
[2022-06-13T02:44:50.400+0000][1][safepoint    ] Entering safepoint region: Cleanup
[2022-06-13T02:44:50.401+0000][1][safepoint    ] Leaving safepoint region
[2022-06-13T02:44:50.401+0000][1][safepoint    ] Total time for which application threads were stopped: 0.0005208 seconds, Stopping threads took: 0.0002298 seconds
[2022-06-13T02:44:51.401+0000][1][safepoint    ] Application time: 1.0002193 seconds
[2022-06-13T02:44:51.402+0000][1][safepoint    ] Entering safepoint region: Cleanup
[2022-06-13T02:44:51.402+0000][1][safepoint    ] Leaving safepoint region
[2022-06-13T02:44:51.403+0000][1][safepoint    ] Total time for which application threads were stopped: 0.0009284 seconds, Stopping threads took: 0.0004397 seconds
[2022-06-13T02:44:52.403+0000][1][safepoint    ] Application time: 1.0003024 seconds
[2022-06-13T02:44:52.404+0000][1][safepoint    ] Entering safepoint region: Cleanup
[2022-06-13T02:44:52.405+0000][1][safepoint    ] Leaving safepoint region
[2022-06-13T02:44:52.405+0000][1][safepoint    ] Total time for which application threads were stopped: 0.0013268 seconds, Stopping threads took: 0.0006912 seconds
[2022-06-13T02:44:53.406+0000][1][safepoint    ] Application time: 1.0002601 seconds
[2022-06-13T02:44:53.407+0000][1][safepoint    ] Entering safepoint region: Cleanup
[2022-06-13T02:44:53.408+0000][1][safepoint    ] Leaving safepoint region
[2022-06-13T02:44:53.409+0000][1][safepoint    ] Total time for which application threads were stopped: 0.0013459 seconds, Stopping threads took: 0.0006031 seconds
[2022-06-13T02:44:54.409+0000][1][safepoint    ] Application time: 1.0001466 seconds
[2022-06-13T02:44:54.410+0000][1][safepoint    ] Entering safepoint region: Cleanup
[2022-06-13T02:44:54.411+0000][1][safepoint    ] Leaving safepoint region
[2022-06-13T02:44:54.411+0000][1][safepoint    ] Total time for which application threads were stopped: 0.0008896 seconds, Stopping threads took: 0.0004660 seconds
[2022-06-13T02:44:55.412+0000][1][safepoint    ] Application time: 1.0002203 seconds
[2022-06-13T02:44:55.412+0000][1][safepoint    ] Entering safepoint region: Cleanup
[2022-06-13T02:44:55.413+0000][1][safepoint    ] Leaving safepoint region
[2022-06-13T02:44:55.414+0000][1][safepoint    ] Total time for which application threads were stopped: 0.0014541 seconds, Stopping threads took: 0.0006637 seconds
[2022-06-13T02:44:56.415+0000][1][safepoint    ] Application time: 1.0001980 seconds
[2022-06-13T02:44:56.415+0000][1][safepoint    ] Entering safepoint region: Cleanup
[2022-06-13T02:44:56.415+0000][1][safepoint    ] Leaving safepoint region
[2022-06-13T02:44:56.416+0000][1][safepoint    ] Total time for which application threads were stopped: 0.0005581 seconds, Stopping threads took: 0.0002939 seconds
[2022-06-13T02:44:57.416+0000][1][safepoint    ] Application time: 1.0002146 seconds
[2022-06-13T02:44:57.417+0000][1][safepoint    ] Entering safepoint region: Cleanup
[2022-06-13T02:44:57.417+0000][1][safepoint    ] Leaving safepoint region
[2022-06-13T02:44:57.417+0000][1][safepoint    ] Total time for which application threads were stopped: 0.0007793 seconds, Stopping threads took: 0.0003313 seconds
[2022-06-13T02:44:58.418+0000][1][safepoint    ] Application time: 1.0001366 seconds
[2022-06-13T02:44:58.418+0000][1][safepoint    ] Entering safepoint region: Cleanup
[2022-06-13T02:44:58.419+0000][1][safepoint    ] Leaving safepoint region
[2022-06-13T02:44:58.419+0000][1][safepoint    ] Total time for which application threads were stopped: 0.0008091 seconds, Stopping threads took: 0.0003972 seconds
[2022-06-13T02:44:59.420+0000][1][safepoint    ] Application time: 1.0001905 seconds
[2022-06-13T02:44:59.420+0000][1][safepoint    ] Entering safepoint region: Cleanup
[2022-06-13T02:44:59.421+0000][1][safepoint    ] Leaving safepoint region
[2022-06-13T02:44:59.422+0000][1][safepoint    ] Total time for which application threads were stopped: 0.0012464 seconds, Stopping threads took: 0.0005633 seconds
[2022-06-13T02:45:00.422+0000][1][safepoint    ] Application time: 1.0001998 seconds
[2022-06-13T02:45:00.423+0000][1][safepoint    ] Entering safepoint region: Cleanup
[2022-06-13T02:45:00.423+0000][1][safepoint    ] Leaving safepoint region
[2022-06-13T02:45:00.424+0000][1][safepoint    ] Total time for which application threads were stopped: 0.0007588 seconds, Stopping threads took: 0.0003469 seconds
[2022-06-13T02:45:01.424+0000][1][safepoint    ] Application time: 1.0001695 seconds
[2022-06-13T02:45:01.425+0000][1][safepoint    ] Entering safepoint region: Cleanup
[2022-06-13T02:45:01.425+0000][1][safepoint    ] Leaving safepoint region
[2022-06-13T02:45:01.425+0000][1][safepoint    ] Total time for which application threads were stopped: 0.0006312 seconds, Stopping threads took: 0.0003837 seconds
[2022-06-13T02:45:02.426+0000][1][safepoint    ] Application time: 1.0001788 seconds
[2022-06-13T02:45:02.426+0000][1][safepoint    ] Entering safepoint region: Cleanup
[2022-06-13T02:45:02.427+0000][1][safepoint    ] Leaving safepoint region
[2022-06-13T02:45:02.427+0000][1][safepoint    ] Total time for which application threads were stopped: 0.0009695 seconds, Stopping threads took: 0.0003839 seconds
[2022-06-13T02:45:03.427+0000][1][safepoint    ] Application time: 1.0002109 seconds
[2022-06-13T02:45:03.428+0000][1][safepoint    ] Entering safepoint region: Cleanup
[2022-06-13T02:45:03.428+0000][1][safepoint    ] Leaving safepoint region
[2022-06-13T02:45:03.428+0000][1][safepoint    ] Total time for which application threads were stopped: 0.0007101 seconds, Stopping threads took: 0.0002601 seconds
[2022-06-13T02:45:04.429+0000][1][safepoint    ] Application time: 1.0001116 seconds
[2022-06-13T02:45:04.429+0000][1][safepoint    ] Entering safepoint region: Cleanup
[2022-06-13T02:45:04.429+0000][1][safepoint    ] Leaving safepoint region
[2022-06-13T02:45:04.430+0000][1][safepoint    ] Total time for which application threads were stopped: 0.0006443 seconds, Stopping threads took: 0.0003146 seconds
[2022-06-13T02:45:05.430+0000][1][safepoint    ] Application time: 1.0001701 seconds
[2022-06-13T02:45:05.430+0000][1][safepoint    ] Entering safepoint region: Cleanup
[2022-06-13T02:45:05.431+0000][1][safepoint    ] Leaving safepoint region
[2022-06-13T02:45:05.431+0000][1][safepoint    ] Total time for which application threads were stopped: 0.0006177 seconds, Stopping threads took: 0.0002836 seconds
[2022-06-13T02:45:06.431+0000][1][safepoint    ] Application time: 1.0001821 seconds
[2022-06-13T02:45:06.432+0000][1][safepoint    ] Entering safepoint region: Cleanup
[2022-06-13T02:45:06.432+0000][1][safepoint    ] Leaving safepoint region
[2022-06-13T02:45:06.433+0000][1][safepoint    ] Total time for which application threads were stopped: 0.0007002 seconds, Stopping threads took: 0.0003023 seconds
[2022-06-13T02:45:07.433+0000][1][safepoint    ] Application time: 1.0002340 seconds
[2022-06-13T02:45:07.433+0000][1][safepoint    ] Entering safepoint region: Cleanup
[2022-06-13T02:45:07.434+0000][1][safepoint    ] Leaving safepoint region
[2022-06-13T02:45:07.434+0000][1][safepoint    ] Total time for which application threads were stopped: 0.0004741 seconds, Stopping threads took: 0.0001789 seconds
[2022-06-13T02:45:08.434+0000][1][safepoint    ] Application time: 1.0002519 seconds
[2022-06-13T02:45:08.435+0000][1][safepoint    ] Entering safepoint region: Cleanup
[2022-06-13T02:45:08.435+0000][1][safepoint    ] Leaving safepoint region
[2022-06-13T02:45:08.435+0000][1][safepoint    ] Total time for which application threads were stopped: 0.0005487 seconds, Stopping threads took: 0.0002473 seconds
[2022-06-13T02:45:09.436+0000][1][safepoint    ] Application time: 1.0001912 seconds
[2022-06-13T02:45:09.436+0000][1][safepoint    ] Entering safepoint region: Cleanup
[2022-06-13T02:45:09.437+0000][1][safepoint    ] Leaving safepoint region
[2022-06-13T02:45:09.437+0000][1][safepoint    ] Total time for which application threads were stopped: 0.0008493 seconds, Stopping threads took: 0.0003918 seconds
[2022-06-13T02:45:10.438+0000][1][safepoint    ] Application time: 1.0002156 seconds
[2022-06-13T02:45:10.439+0000][1][safepoint    ] Entering safepoint region: Cleanup
[2022-06-13T02:45:10.439+0000][1][safepoint    ] Leaving safepoint region
[2022-06-13T02:45:10.440+0000][1][safepoint    ] Total time for which application threads were stopped: 0.0011448 seconds, Stopping threads took: 0.0005121 seconds
[2022-06-13T02:45:11.440+0000][1][safepoint    ] Application time: 1.0002231 seconds
[2022-06-13T02:45:11.441+0000][1][safepoint    ] Entering safepoint region: Cleanup
[2022-06-13T02:45:11.442+0000][1][safepoint    ] Leaving safepoint region
[2022-06-13T02:45:11.442+0000][1][safepoint    ] Total time for which application threads were stopped: 0.0008430 seconds, Stopping threads took: 0.0005345 seconds
[2022-06-13T02:45:12.442+0000][1][safepoint    ] Application time: 1.0001671 seconds
[2022-06-13T02:45:12.443+0000][1][safepoint    ] Entering safepoint region: Cleanup
[2022-06-13T02:45:12.444+0000][1][safepoint    ] Leaving safepoint region
[2022-06-13T02:45:12.444+0000][1][safepoint    ] Total time for which application threads were stopped: 0.0012279 seconds, Stopping threads took: 0.0005578 seconds
[2022-06-13T02:45:13.445+0000][1][safepoint    ] Application time: 1.0001030 seconds
[2022-06-13T02:45:13.445+0000][1][safepoint    ] Entering safepoint region: Cleanup
[2022-06-13T02:45:13.446+0000][1][safepoint    ] Leaving safepoint region
[2022-06-13T02:45:13.446+0000][1][safepoint    ] Total time for which application threads were stopped: 0.0007263 seconds, Stopping threads took: 0.0003646 seconds
[2022-06-13T02:45:14.446+0000][1][safepoint    ] Application time: 1.0001027 seconds
[2022-06-13T02:45:14.447+0000][1][safepoint    ] Entering safepoint region: Cleanup
[2022-06-13T02:45:14.447+0000][1][safepoint    ] Leaving safepoint region
[2022-06-13T02:45:14.447+0000][1][safepoint    ] Total time for which application threads were stopped: 0.0005573 seconds, Stopping threads took: 0.0002424 seconds
[2022-06-13T02:45:15.448+0000][1][safepoint    ] Application time: 1.0001411 seconds
[2022-06-13T02:45:15.448+0000][1][safepoint    ] Entering safepoint region: Cleanup
[2022-06-13T02:45:15.449+0000][1][safepoint    ] Leaving safepoint region
[2022-06-13T02:45:15.449+0000][1][safepoint    ] Total time for which application threads were stopped: 0.0008364 seconds, Stopping threads took: 0.0004246 seconds
[2022-06-13T02:45:16.450+0000][1][safepoint    ] Application time: 1.0003104 seconds
[2022-06-13T02:45:16.450+0000][1][safepoint    ] Entering safepoint region: Cleanup
[2022-06-13T02:45:16.450+0000][1][safepoint    ] Leaving safepoint region
[2022-06-13T02:45:16.450+0000][1][safepoint    ] Total time for which application threads were stopped: 0.0004025 seconds, Stopping threads took: 0.0001816 seconds
[2022-06-13T02:45:17.451+0000][1][safepoint    ] Application time: 1.0003486 seconds
[2022-06-13T02:45:17.452+0000][1][safepoint    ] Entering safepoint region: Cleanup
[2022-06-13T02:45:17.452+0000][1][safepoint    ] Leaving safepoint region
[2022-06-13T02:45:17.452+0000][1][safepoint    ] Total time for which application threads were stopped: 0.0007064 seconds, Stopping threads took: 0.0003112 seconds
[2022-06-13T02:45:18.453+0000][1][safepoint    ] Application time: 1.0002020 seconds
[2022-06-13T02:45:18.453+0000][1][safepoint    ] Entering safepoint region: Cleanup
[2022-06-13T02:45:18.454+0000][1][safepoint    ] Leaving safepoint region
[2022-06-13T02:45:18.454+0000][1][safepoint    ] Total time for which application threads were stopped: 0.0009553 seconds, Stopping threads took: 0.0004458 seconds
[2022-06-13T02:45:19.455+0000][1][safepoint    ] Application time: 1.0001854 seconds
[2022-06-13T02:45:19.455+0000][1][safepoint    ] Entering safepoint region: Cleanup
[2022-06-13T02:45:19.456+0000][1][safepoint    ] Leaving safepoint region
[2022-06-13T02:45:19.456+0000][1][safepoint    ] Total time for which application threads were stopped: 0.0005008 seconds, Stopping threads took: 0.0002511 seconds
[2022-06-13T02:45:20.456+0000][1][safepoint    ] Application time: 1.0001922 seconds
[2022-06-13T02:45:20.457+0000][1][safepoint    ] Entering safepoint region: Cleanup
[2022-06-13T02:45:20.457+0000][1][safepoint    ] Leaving safepoint region
[2022-06-13T02:45:20.457+0000][1][safepoint    ] Total time for which application threads were stopped: 0.0007292 seconds, Stopping threads took: 0.0002831 seconds
[2022-06-13T02:45:21.458+0000][1][safepoint    ] Application time: 1.0002487 seconds
[2022-06-13T02:45:21.459+0000][1][safepoint    ] Entering safepoint region: Cleanup
[2022-06-13T02:45:21.459+0000][1][safepoint    ] Leaving safepoint region
[2022-06-13T02:45:21.460+0000][1][safepoint    ] Total time for which application threads were stopped: 0.0009339 seconds, Stopping threads took: 0.0004979 seconds
[2022-06-13T02:45:22.460+0000][1][safepoint    ] Application time: 1.0002148 seconds
[2022-06-13T02:45:22.461+0000][1][safepoint    ] Entering safepoint region: Cleanup
[2022-06-13T02:45:22.461+0000][1][safepoint    ] Leaving safepoint region
[2022-06-13T02:45:22.461+0000][1][safepoint    ] Total time for which application threads were stopped: 0.0008374 seconds, Stopping threads took: 0.0003868 seconds
[2022-06-13T02:45:23.462+0000][1][safepoint    ] Application time: 1.0001120 seconds
[2022-06-13T02:45:23.462+0000][1][safepoint    ] Entering safepoint region: Cleanup
[2022-06-13T02:45:23.463+0000][1][safepoint    ] Leaving safepoint region
[2022-06-13T02:45:23.463+0000][1][safepoint    ] Total time for which application threads were stopped: 0.0010796 seconds, Stopping threads took: 0.0004956 seconds
[2022-06-13T02:45:24.464+0000][1][safepoint    ] Application time: 1.0002482 seconds
[2022-06-13T02:45:24.465+0000][1][safepoint    ] Entering safepoint region: Cleanup
[2022-06-13T02:45:24.465+0000][1][safepoint    ] Leaving safepoint region
[2022-06-13T02:45:24.465+0000][1][safepoint    ] Total time for which application threads were stopped: 0.0008019 seconds, Stopping threads took: 0.0003529 seconds
[2022-06-13T02:45:25.466+0000][1][safepoint    ] Application time: 1.0001822 seconds
[2022-06-13T02:45:25.467+0000][1][safepoint    ] Entering safepoint region: Cleanup
[2022-06-13T02:45:25.467+0000][1][safepoint    ] Leaving safepoint region
[2022-06-13T02:45:25.468+0000][1][safepoint    ] Total time for which application threads were stopped: 0.0010302 seconds, Stopping threads took: 0.0004265 seconds
[2022-06-13T02:45:26.468+0000][1][safepoint    ] Application time: 1.0001393 seconds
[2022-06-13T02:45:26.469+0000][1][safepoint    ] Entering safepoint region: Cleanup
[2022-06-13T02:45:26.469+0000][1][safepoint    ] Leaving safepoint region
[2022-06-13T02:45:26.469+0000][1][safepoint    ] Total time for which application threads were stopped: 0.0005388 seconds, Stopping threads took: 0.0002323 seconds
[2022-06-13T02:45:27.470+0000][1][safepoint    ] Application time: 1.0002301 seconds
[2022-06-13T02:45:27.471+0000][1][safepoint    ] Entering safepoint region: Cleanup
[2022-06-13T02:45:27.471+0000][1][safepoint    ] Leaving safepoint region
[2022-06-13T02:45:27.471+0000][1][safepoint    ] Total time for which application threads were stopped: 0.0008955 seconds, Stopping threads took: 0.0004090 seconds
[2022-06-13T02:45:28.472+0000][1][safepoint    ] Application time: 1.0001900 seconds
[2022-06-13T02:45:28.473+0000][1][safepoint    ] Entering safepoint region: Cleanup
[2022-06-13T02:45:28.473+0000][1][safepoint    ] Leaving safepoint region
[2022-06-13T02:45:28.473+0000][1][safepoint    ] Total time for which application threads were stopped: 0.0007263 seconds, Stopping threads took: 0.0003623 seconds
[2022-06-13T02:45:29.474+0000][1][safepoint    ] Application time: 1.0001554 seconds
[2022-06-13T02:45:29.474+0000][1][safepoint    ] Entering safepoint region: Cleanup
[2022-06-13T02:45:29.475+0000][1][safepoint    ] Leaving safepoint region
[2022-06-13T02:45:29.475+0000][1][safepoint    ] Total time for which application threads were stopped: 0.0007945 seconds, Stopping threads took: 0.0004184 seconds
[2022-06-13T02:45:31.393+0000][1][safepoint    ] Application time: 1.9179382 seconds
[2022-06-13T02:45:31.394+0000][1][safepoint    ] Entering safepoint region: Cleanup
[2022-06-13T02:45:31.395+0000][1][safepoint    ] Leaving safepoint region
[2022-06-13T02:45:31.395+0000][1][safepoint    ] Total time for which application threads were stopped: 0.0012611 seconds, Stopping threads took: 0.0005592 seconds
[2022-06-13T02:45:32.396+0000][1][safepoint    ] Application time: 1.0002370 seconds
[2022-06-13T02:45:32.397+0000][1][safepoint    ] Entering safepoint region: Cleanup
[2022-06-13T02:45:32.397+0000][1][safepoint    ] Leaving safepoint region
[2022-06-13T02:45:32.397+0000][1][safepoint    ] Total time for which application threads were stopped: 0.0006766 seconds, Stopping threads took: 0.0002987 seconds
[2022-06-13T02:45:33.398+0000][1][safepoint    ] Application time: 1.0002773 seconds
[2022-06-13T02:45:33.398+0000][1][safepoint    ] Entering safepoint region: Cleanup
[2022-06-13T02:45:33.399+0000][1][safepoint    ] Leaving safepoint region
[2022-06-13T02:45:33.399+0000][1][safepoint    ] Total time for which application threads were stopped: 0.0009812 seconds, Stopping threads took: 0.0004612 seconds
[2022-06-13T02:45:34.400+0000][1][safepoint    ] Application time: 1.0001931 seconds
[2022-06-13T02:45:34.400+0000][1][safepoint    ] Entering safepoint region: Cleanup
[2022-06-13T02:45:34.401+0000][1][safepoint    ] Leaving safepoint region
[2022-06-13T02:45:34.401+0000][1][safepoint    ] Total time for which application threads were stopped: 0.0004283 seconds, Stopping threads took: 0.0002115 seconds
[2022-06-13T02:45:35.401+0000][1][safepoint    ] Application time: 1.0001552 seconds
[2022-06-13T02:45:35.402+0000][1][safepoint    ] Entering safepoint region: Cleanup
[2022-06-13T02:45:35.402+0000][1][safepoint    ] Leaving safepoint region
[2022-06-13T02:45:35.403+0000][1][safepoint    ] Total time for which application threads were stopped: 0.0012703 seconds, Stopping threads took: 0.0005775 seconds
[2022-06-13T02:45:36.404+0000][1][safepoint    ] Application time: 1.0003310 seconds
[2022-06-13T02:45:36.404+0000][1][safepoint    ] Entering safepoint region: Cleanup
[2022-06-13T02:45:36.405+0000][1][safepoint    ] Leaving safepoint region
[2022-06-13T02:45:36.405+0000][1][safepoint    ] Total time for which application threads were stopped: 0.0010414 seconds, Stopping threads took: 0.0005408 seconds
[2022-06-13T02:45:37.406+0000][1][safepoint    ] Application time: 1.0001694 seconds
[2022-06-13T02:45:37.406+0000][1][safepoint    ] Entering safepoint region: Cleanup
[2022-06-13T02:45:37.407+0000][1][safepoint    ] Leaving safepoint region
[2022-06-13T02:45:37.407+0000][1][safepoint    ] Total time for which application threads were stopped: 0.0006442 seconds, Stopping threads took: 0.0003835 seconds
[2022-06-13T02:45:38.408+0000][1][safepoint    ] Application time: 1.0003362 seconds
[2022-06-13T02:45:38.408+0000][1][safepoint    ] Entering safepoint region: Cleanup
[2022-06-13T02:45:38.409+0000][1][safepoint    ] Leaving safepoint region
[2022-06-13T02:45:38.409+0000][1][safepoint    ] Total time for which application threads were stopped: 0.0008421 seconds, Stopping threads took: 0.0003862 seconds
[2022-06-13T02:45:39.410+0000][1][safepoint    ] Application time: 1.0001877 seconds
[2022-06-13T02:45:39.410+0000][1][safepoint    ] Entering safepoint region: Cleanup
[2022-06-13T02:45:39.411+0000][1][safepoint    ] Leaving safepoint region
[2022-06-13T02:45:39.411+0000][1][safepoint    ] Total time for which application threads were stopped: 0.0009631 seconds, Stopping threads took: 0.0005298 seconds
[2022-06-13T02:45:40.412+0000][1][safepoint    ] Application time: 1.0000999 seconds
[2022-06-13T02:45:40.412+0000][1][safepoint    ] Entering safepoint region: Cleanup
[2022-06-13T02:45:40.413+0000][1][safepoint    ] Leaving safepoint region
[2022-06-13T02:45:40.413+0000][1][safepoint    ] Total time for which application threads were stopped: 0.0009478 seconds, Stopping threads took: 0.0004337 seconds
[2022-06-13T02:45:41.414+0000][1][safepoint    ] Application time: 1.0001767 seconds
[2022-06-13T02:45:41.415+0000][1][safepoint    ] Entering safepoint region: Cleanup
[2022-06-13T02:45:41.415+0000][1][safepoint    ] Leaving safepoint region
[2022-06-13T02:45:41.416+0000][1][safepoint    ] Total time for which application threads were stopped: 0.0011327 seconds, Stopping threads took: 0.0005221 seconds
[2022-06-13T02:45:42.417+0000][1][safepoint    ] Application time: 1.0002558 seconds
[2022-06-13T02:45:42.417+0000][1][safepoint    ] Entering safepoint region: Cleanup
[2022-06-13T02:45:42.418+0000][1][safepoint    ] Leaving safepoint region
[2022-06-13T02:45:42.418+0000][1][safepoint    ] Total time for which application threads were stopped: 0.0007521 seconds, Stopping threads took: 0.0003554 seconds
[2022-06-13T02:45:43.418+0000][1][safepoint    ] Application time: 1.0001835 seconds
[2022-06-13T02:45:43.419+0000][1][safepoint    ] Entering safepoint region: Cleanup
[2022-06-13T02:45:43.419+0000][1][safepoint    ] Leaving safepoint region
[2022-06-13T02:45:43.420+0000][1][safepoint    ] Total time for which application threads were stopped: 0.0008230 seconds, Stopping threads took: 0.0002849 seconds
[2022-06-13T02:45:44.421+0000][1][safepoint    ] Application time: 1.0001807 seconds
[2022-06-13T02:45:44.421+0000][1][safepoint    ] Entering safepoint region: Cleanup
[2022-06-13T02:45:44.422+0000][1][safepoint    ] Leaving safepoint region
[2022-06-13T02:45:44.422+0000][1][safepoint    ] Total time for which application threads were stopped: 0.0010014 seconds, Stopping threads took: 0.0004774 seconds
[2022-06-13T02:45:45.423+0000][1][safepoint    ] Application time: 1.0002805 seconds
[2022-06-13T02:45:45.423+0000][1][safepoint    ] Entering safepoint region: Cleanup
[2022-06-13T02:45:45.424+0000][1][safepoint    ] Leaving safepoint region
[2022-06-13T02:45:45.424+0000][1][safepoint    ] Total time for which application threads were stopped: 0.0007702 seconds, Stopping threads took: 0.0003636 seconds
[2022-06-13T02:45:46.425+0000][1][safepoint    ] Application time: 1.0003022 seconds
[2022-06-13T02:45:46.425+0000][1][safepoint    ] Entering safepoint region: Cleanup
[2022-06-13T02:45:46.426+0000][1][safepoint    ] Leaving safepoint region
[2022-06-13T02:45:46.426+0000][1][safepoint    ] Total time for which application threads were stopped: 0.0008685 seconds, Stopping threads took: 0.0004151 seconds
[2022-06-13T02:45:47.427+0000][1][safepoint    ] Application time: 1.0003063 seconds
[2022-06-13T02:45:47.427+0000][1][safepoint    ] Entering safepoint region: Cleanup
[2022-06-13T02:45:47.428+0000][1][safepoint    ] Leaving safepoint region
[2022-06-13T02:45:47.428+0000][1][safepoint    ] Total time for which application threads were stopped: 0.0012014 seconds, Stopping threads took: 0.0006290 seconds
[2022-06-13T02:45:48.429+0000][1][safepoint    ] Application time: 1.0002815 seconds
[2022-06-13T02:45:48.430+0000][1][safepoint    ] Entering safepoint region: Cleanup
[2022-06-13T02:45:48.430+0000][1][safepoint    ] Leaving safepoint region
[2022-06-13T02:45:48.431+0000][1][safepoint    ] Total time for which application threads were stopped: 0.0008473 seconds, Stopping threads took: 0.0003228 seconds
[2022-06-13T02:45:49.431+0000][1][safepoint    ] Application time: 1.0001802 seconds
[2022-06-13T02:45:49.431+0000][1][safepoint    ] Entering safepoint region: Cleanup
[2022-06-13T02:45:49.432+0000][1][safepoint    ] Leaving safepoint region
[2022-06-13T02:45:49.432+0000][1][safepoint    ] Total time for which application threads were stopped: 0.0008396 seconds, Stopping threads took: 0.0003369 seconds
[2022-06-13T02:45:50.433+0000][1][safepoint    ] Application time: 1.0002262 seconds
[2022-06-13T02:45:50.434+0000][1][safepoint    ] Entering safepoint region: Cleanup
[2022-06-13T02:45:50.434+0000][1][safepoint    ] Leaving safepoint region
[2022-06-13T02:45:50.435+0000][1][safepoint    ] Total time for which application threads were stopped: 0.0009942 seconds, Stopping threads took: 0.0005350 seconds
[2022-06-13T02:45:51.435+0000][1][safepoint    ] Application time: 1.0001789 seconds
[2022-06-13T02:45:51.436+0000][1][safepoint    ] Entering safepoint region: Cleanup
[2022-06-13T02:45:51.436+0000][1][safepoint    ] Leaving safepoint region
[2022-06-13T02:45:51.437+0000][1][safepoint    ] Total time for which application threads were stopped: 0.0010089 seconds, Stopping threads took: 0.0006785 seconds
[2022-06-13T02:45:52.437+0000][1][safepoint    ] Application time: 1.0002092 seconds
[2022-06-13T02:45:52.438+0000][1][safepoint    ] Entering safepoint region: Cleanup
[2022-06-13T02:45:52.438+0000][1][safepoint    ] Leaving safepoint region
[2022-06-13T02:45:52.438+0000][1][safepoint    ] Total time for which application threads were stopped: 0.0006517 seconds, Stopping threads took: 0.0003393 seconds
[2022-06-13T02:45:53.439+0000][1][safepoint    ] Application time: 1.0001428 seconds
[2022-06-13T02:45:53.439+0000][1][safepoint    ] Entering safepoint region: Cleanup
[2022-06-13T02:45:53.440+0000][1][safepoint    ] Leaving safepoint region
[2022-06-13T02:45:53.440+0000][1][safepoint    ] Total time for which application threads were stopped: 0.0006648 seconds, Stopping threads took: 0.0003096 seconds
[2022-06-13T02:45:54.440+0000][1][safepoint    ] Application time: 1.0001271 seconds
[2022-06-13T02:45:54.441+0000][1][safepoint    ] Entering safepoint region: Cleanup
[2022-06-13T02:45:54.441+0000][1][safepoint    ] Leaving safepoint region
[2022-06-13T02:45:54.442+0000][1][safepoint    ] Total time for which application threads were stopped: 0.0009204 seconds, Stopping threads took: 0.0004095 seconds
[2022-06-13T02:45:55.442+0000][1][safepoint    ] Application time: 1.0001111 seconds
[2022-06-13T02:45:55.443+0000][1][safepoint    ] Entering safepoint region: Cleanup
[2022-06-13T02:45:55.443+0000][1][safepoint    ] Leaving safepoint region
[2022-06-13T02:45:55.443+0000][1][safepoint    ] Total time for which application threads were stopped: 0.0008335 seconds, Stopping threads took: 0.0005138 seconds
[2022-06-13T02:45:56.444+0000][1][safepoint    ] Application time: 1.0001182 seconds
[2022-06-13T02:45:56.444+0000][1][safepoint    ] Entering safepoint region: Cleanup
[2022-06-13T02:45:56.445+0000][1][safepoint    ] Leaving safepoint region
[2022-06-13T02:45:56.445+0000][1][safepoint    ] Total time for which application threads were stopped: 0.0008265 seconds, Stopping threads took: 0.0003899 seconds
[2022-06-13T02:45:57.446+0000][1][safepoint    ] Application time: 1.0001848 seconds
[2022-06-13T02:45:57.446+0000][1][safepoint    ] Entering safepoint region: Cleanup
[2022-06-13T02:45:57.447+0000][1][safepoint    ] Leaving safepoint region
[2022-06-13T02:45:57.447+0000][1][safepoint    ] Total time for which application threads were stopped: 0.0009734 seconds, Stopping threads took: 0.0004489 seconds
[2022-06-13T02:45:58.448+0000][1][safepoint    ] Application time: 1.0001378 seconds
[2022-06-13T02:45:58.449+0000][1][safepoint    ] Entering safepoint region: Cleanup
[2022-06-13T02:45:58.449+0000][1][safepoint    ] Leaving safepoint region
[2022-06-13T02:45:58.450+0000][1][safepoint    ] Total time for which application threads were stopped: 0.0010849 seconds, Stopping threads took: 0.0005425 seconds
[2022-06-13T02:45:59.450+0000][1][safepoint    ] Application time: 1.0001724 seconds
[2022-06-13T02:45:59.451+0000][1][safepoint    ] Entering safepoint region: Cleanup
[2022-06-13T02:45:59.452+0000][1][safepoint    ] Leaving safepoint region
[2022-06-13T02:45:59.452+0000][1][safepoint    ] Total time for which application threads were stopped: 0.0012278 seconds, Stopping threads took: 0.0008480 seconds
[2022-06-13T02:46:00.453+0000][1][safepoint    ] Application time: 1.0001710 seconds
[2022-06-13T02:46:00.453+0000][1][safepoint    ] Entering safepoint region: Cleanup
[2022-06-13T02:46:00.454+0000][1][safepoint    ] Leaving safepoint region
[2022-06-13T02:46:00.454+0000][1][safepoint    ] Total time for which application threads were stopped: 0.0007332 seconds, Stopping threads took: 0.0004229 seconds
[2022-06-13T02:46:01.454+0000][1][safepoint    ] Application time: 1.0002205 seconds
[2022-06-13T02:46:01.455+0000][1][safepoint    ] Entering safepoint region: Cleanup
[2022-06-13T02:46:01.455+0000][1][safepoint    ] Leaving safepoint region
[2022-06-13T02:46:01.456+0000][1][safepoint    ] Total time for which application threads were stopped: 0.0008771 seconds, Stopping threads took: 0.0003610 seconds
[2022-06-13T02:46:02.456+0000][1][safepoint    ] Application time: 1.0001306 seconds
[2022-06-13T02:46:02.457+0000][1][safepoint    ] Entering safepoint region: Cleanup
[2022-06-13T02:46:02.457+0000][1][safepoint    ] Leaving safepoint region
[2022-06-13T02:46:02.457+0000][1][safepoint    ] Total time for which application threads were stopped: 0.0005242 seconds, Stopping threads took: 0.0002512 seconds
[2022-06-13T02:46:03.457+0000][1][safepoint    ] Application time: 1.0001692 seconds
[2022-06-13T02:46:03.458+0000][1][safepoint    ] Entering safepoint region: Cleanup
[2022-06-13T02:46:03.458+0000][1][safepoint    ] Leaving safepoint region
[2022-06-13T02:46:03.459+0000][1][safepoint    ] Total time for which application threads were stopped: 0.0010157 seconds, Stopping threads took: 0.0004982 seconds
[2022-06-13T02:46:04.459+0000][1][safepoint    ] Application time: 1.0002027 seconds
[2022-06-13T02:46:04.460+0000][1][safepoint    ] Entering safepoint region: Cleanup
[2022-06-13T02:46:04.460+0000][1][safepoint    ] Leaving safepoint region
[2022-06-13T02:46:04.461+0000][1][safepoint    ] Total time for which application threads were stopped: 0.0008577 seconds, Stopping threads took: 0.0003937 seconds
[2022-06-13T02:46:05.461+0000][1][safepoint    ] Application time: 1.0002889 seconds
[2022-06-13T02:46:05.462+0000][1][safepoint    ] Entering safepoint region: Cleanup
[2022-06-13T02:46:05.462+0000][1][safepoint    ] Leaving safepoint region
[2022-06-13T02:46:05.462+0000][1][safepoint    ] Total time for which application threads were stopped: 0.0005680 seconds, Stopping threads took: 0.0002503 seconds
[2022-06-13T02:46:06.463+0000][1][safepoint    ] Application time: 1.0002065 seconds
[2022-06-13T02:46:06.463+0000][1][safepoint    ] Entering safepoint region: Cleanup
[2022-06-13T02:46:06.463+0000][1][safepoint    ] Leaving safepoint region
[2022-06-13T02:46:06.464+0000][1][safepoint    ] Total time for which application threads were stopped: 0.0006583 seconds, Stopping threads took: 0.0002432 seconds
[2022-06-13T02:46:07.464+0000][1][safepoint    ] Application time: 1.0002354 seconds
[2022-06-13T02:46:07.465+0000][1][safepoint    ] Entering safepoint region: Cleanup
[2022-06-13T02:46:07.465+0000][1][safepoint    ] Leaving safepoint region
[2022-06-13T02:46:07.466+0000][1][safepoint    ] Total time for which application threads were stopped: 0.0008785 seconds, Stopping threads took: 0.0003095 seconds
[2022-06-13T02:46:08.467+0000][1][safepoint    ] Application time: 1.0002353 seconds
[2022-06-13T02:46:08.467+0000][1][safepoint    ] Entering safepoint region: Cleanup
[2022-06-13T02:46:08.468+0000][1][safepoint    ] Leaving safepoint region
[2022-06-13T02:46:08.468+0000][1][safepoint    ] Total time for which application threads were stopped: 0.0009832 seconds, Stopping threads took: 0.0003684 seconds
[2022-06-13T02:46:09.469+0000][1][safepoint    ] Application time: 1.0001983 seconds
[2022-06-13T02:46:09.469+0000][1][safepoint    ] Entering safepoint region: Cleanup
[2022-06-13T02:46:09.470+0000][1][safepoint    ] Leaving safepoint region
[2022-06-13T02:46:09.470+0000][1][safepoint    ] Total time for which application threads were stopped: 0.0009277 seconds, Stopping threads took: 0.0004291 seconds
[2022-06-13T02:46:10.470+0000][1][safepoint    ] Application time: 1.0001151 seconds
[2022-06-13T02:46:10.471+0000][1][safepoint    ] Entering safepoint region: Cleanup
[2022-06-13T02:46:10.471+0000][1][safepoint    ] Leaving safepoint region
[2022-06-13T02:46:10.472+0000][1][safepoint    ] Total time for which application threads were stopped: 0.0007252 seconds, Stopping threads took: 0.0004062 seconds
[2022-06-13T02:46:11.472+0000][1][safepoint    ] Application time: 1.0001060 seconds
[2022-06-13T02:46:11.472+0000][1][safepoint    ] Entering safepoint region: Cleanup
[2022-06-13T02:46:11.472+0000][1][safepoint    ] Leaving safepoint region
[2022-06-13T02:46:11.473+0000][1][safepoint    ] Total time for which application threads were stopped: 0.0004083 seconds, Stopping threads took: 0.0001791 seconds
[2022-06-13T02:46:12.473+0000][1][safepoint    ] Application time: 1.0002053 seconds
[2022-06-13T02:46:12.473+0000][1][safepoint    ] Entering safepoint region: Cleanup
[2022-06-13T02:46:12.474+0000][1][safepoint    ] Leaving safepoint region
[2022-06-13T02:46:12.474+0000][1][safepoint    ] Total time for which application threads were stopped: 0.0008733 seconds, Stopping threads took: 0.0004364 seconds
[2022-06-13T02:46:13.475+0000][1][safepoint    ] Application time: 1.0002021 seconds
[2022-06-13T02:46:13.475+0000][1][safepoint    ] Entering safepoint region: Cleanup
[2022-06-13T02:46:13.475+0000][1][safepoint    ] Leaving safepoint region
[2022-06-13T02:46:13.476+0000][1][safepoint    ] Total time for which application threads were stopped: 0.0006216 seconds, Stopping threads took: 0.0003272 seconds
[2022-06-13T02:46:14.476+0000][1][safepoint    ] Application time: 1.0001400 seconds
[2022-06-13T02:46:14.476+0000][1][safepoint    ] Entering safepoint region: Cleanup
[2022-06-13T02:46:14.477+0000][1][safepoint    ] Leaving safepoint region
[2022-06-13T02:46:14.477+0000][1][safepoint    ] Total time for which application threads were stopped: 0.0004099 seconds, Stopping threads took: 0.0001763 seconds
[2022-06-13T02:46:15.477+0000][1][safepoint    ] Application time: 1.0001276 seconds
[2022-06-13T02:46:15.477+0000][1][safepoint    ] Entering safepoint region: Cleanup
[2022-06-13T02:46:15.478+0000][1][safepoint    ] Leaving safepoint region
[2022-06-13T02:46:15.478+0000][1][safepoint    ] Total time for which application threads were stopped: 0.0008492 seconds, Stopping threads took: 0.0003940 seconds
[2022-06-13T02:46:16.479+0000][1][safepoint    ] Application time: 1.0002736 seconds
[2022-06-13T02:46:16.479+0000][1][safepoint    ] Entering safepoint region: Cleanup
[2022-06-13T02:46:16.480+0000][1][safepoint    ] Leaving safepoint region
[2022-06-13T02:46:16.480+0000][1][safepoint    ] Total time for which application threads were stopped: 0.0007079 seconds, Stopping threads took: 0.0002625 seconds
[2022-06-13T02:46:17.481+0000][1][safepoint    ] Application time: 1.0001873 seconds
[2022-06-13T02:46:17.481+0000][1][safepoint    ] Entering safepoint region: Cleanup
[2022-06-13T02:46:17.482+0000][1][safepoint    ] Leaving safepoint region
[2022-06-13T02:46:17.482+0000][1][safepoint    ] Total time for which application threads were stopped: 0.0008307 seconds, Stopping threads took: 0.0003757 seconds
[2022-06-13T02:46:18.483+0000][1][safepoint    ] Application time: 1.0002580 seconds
[2022-06-13T02:46:18.483+0000][1][safepoint    ] Entering safepoint region: Cleanup
[2022-06-13T02:46:18.484+0000][1][safepoint    ] Leaving safepoint region
[2022-06-13T02:46:18.485+0000][1][safepoint    ] Total time for which application threads were stopped: 0.0015273 seconds, Stopping threads took: 0.0007292 seconds
[2022-06-13T02:46:19.486+0000][1][safepoint    ] Application time: 1.0002829 seconds
[2022-06-13T02:46:19.487+0000][1][safepoint    ] Entering safepoint region: Cleanup
[2022-06-13T02:46:19.487+0000][1][safepoint    ] Leaving safepoint region
[2022-06-13T02:46:19.487+0000][1][safepoint    ] Total time for which application threads were stopped: 0.0009317 seconds, Stopping threads took: 0.0003975 seconds
[2022-06-13T02:46:20.488+0000][1][safepoint    ] Application time: 1.0001684 seconds
[2022-06-13T02:46:20.489+0000][1][safepoint    ] Entering safepoint region: Cleanup
[2022-06-13T02:46:20.489+0000][1][safepoint    ] Leaving safepoint region
[2022-06-13T02:46:20.489+0000][1][safepoint    ] Total time for which application threads were stopped: 0.0006726 seconds, Stopping threads took: 0.0004087 seconds
[2022-06-13T02:46:21.490+0000][1][safepoint    ] Application time: 1.0002306 seconds
[2022-06-13T02:46:21.490+0000][1][safepoint    ] Entering safepoint region: Cleanup
[2022-06-13T02:46:21.491+0000][1][safepoint    ] Leaving safepoint region
[2022-06-13T02:46:21.491+0000][1][safepoint    ] Total time for which application threads were stopped: 0.0009502 seconds, Stopping threads took: 0.0004549 seconds
[2022-06-13T02:46:22.492+0000][1][safepoint    ] Application time: 1.0002405 seconds
[2022-06-13T02:46:22.492+0000][1][safepoint    ] Entering safepoint region: Cleanup
[2022-06-13T02:46:22.493+0000][1][safepoint    ] Leaving safepoint region
[2022-06-13T02:46:22.493+0000][1][safepoint    ] Total time for which application threads were stopped: 0.0006943 seconds, Stopping threads took: 0.0002108 seconds
[2022-06-13T02:46:23.494+0000][1][safepoint    ] Application time: 1.0001131 seconds
[2022-06-13T02:46:23.494+0000][1][safepoint    ] Entering safepoint region: Cleanup
[2022-06-13T02:46:23.495+0000][1][safepoint    ] Leaving safepoint region
[2022-06-13T02:46:23.495+0000][1][safepoint    ] Total time for which application threads were stopped: 0.0009003 seconds, Stopping threads took: 0.0004396 seconds
[2022-06-13T02:46:25.420+0000][1][safepoint    ] Application time: 1.9244727 seconds
[2022-06-13T02:46:25.420+0000][1][safepoint    ] Entering safepoint region: Cleanup
[2022-06-13T02:46:25.421+0000][1][safepoint    ] Leaving safepoint region
[2022-06-13T02:46:25.421+0000][1][safepoint    ] Total time for which application threads were stopped: 0.0009880 seconds, Stopping threads took: 0.0005088 seconds
[2022-06-13T02:46:26.422+0000][1][safepoint    ] Application time: 1.0002159 seconds
[2022-06-13T02:46:26.422+0000][1][safepoint    ] Entering safepoint region: Cleanup
[2022-06-13T02:46:26.423+0000][1][safepoint    ] Leaving safepoint region
[2022-06-13T02:46:26.423+0000][1][safepoint    ] Total time for which application threads were stopped: 0.0006822 seconds, Stopping threads took: 0.0003269 seconds
[2022-06-13T02:46:27.423+0000][1][safepoint    ] Application time: 1.0002533 seconds
[2022-06-13T02:46:27.424+0000][1][safepoint    ] Entering safepoint region: Cleanup
[2022-06-13T02:46:27.425+0000][1][safepoint    ] Leaving safepoint region
[2022-06-13T02:46:27.425+0000][1][safepoint    ] Total time for which application threads were stopped: 0.0007641 seconds, Stopping threads took: 0.0004731 seconds
[2022-06-13T02:46:28.425+0000][1][safepoint    ] Application time: 1.0002321 seconds
[2022-06-13T02:46:28.426+0000][1][safepoint    ] Entering safepoint region: Cleanup
[2022-06-13T02:46:28.426+0000][1][safepoint    ] Leaving safepoint region
[2022-06-13T02:46:28.426+0000][1][safepoint    ] Total time for which application threads were stopped: 0.0005740 seconds, Stopping threads took: 0.0002803 seconds
[2022-06-13T02:46:29.427+0000][1][safepoint    ] Application time: 1.0001657 seconds
[2022-06-13T02:46:29.427+0000][1][safepoint    ] Entering safepoint region: Cleanup
[2022-06-13T02:46:29.427+0000][1][safepoint    ] Leaving safepoint region
[2022-06-13T02:46:29.428+0000][1][safepoint    ] Total time for which application threads were stopped: 0.0006101 seconds, Stopping threads took: 0.0002733 seconds
[2022-06-13T02:46:30.428+0000][1][safepoint    ] Application time: 1.0001416 seconds
[2022-06-13T02:46:30.428+0000][1][safepoint    ] Entering safepoint region: Cleanup
[2022-06-13T02:46:30.429+0000][1][safepoint    ] Leaving safepoint region
[2022-06-13T02:46:30.429+0000][1][safepoint    ] Total time for which application threads were stopped: 0.0004533 seconds, Stopping threads took: 0.0002171 seconds
[2022-06-13T02:46:31.429+0000][1][safepoint    ] Application time: 1.0002550 seconds
[2022-06-13T02:46:31.430+0000][1][safepoint    ] Entering safepoint region: Cleanup
[2022-06-13T02:46:31.430+0000][1][safepoint    ] Leaving safepoint region
[2022-06-13T02:46:31.431+0000][1][safepoint    ] Total time for which application threads were stopped: 0.0008179 seconds, Stopping threads took: 0.0002400 seconds
[2022-06-13T02:46:32.431+0000][1][safepoint    ] Application time: 1.0002108 seconds
[2022-06-13T02:46:32.432+0000][1][safepoint    ] Entering safepoint region: Cleanup
[2022-06-13T02:46:32.433+0000][1][safepoint    ] Leaving safepoint region
[2022-06-13T02:46:32.433+0000][1][safepoint    ] Total time for which application threads were stopped: 0.0010248 seconds, Stopping threads took: 0.0006806 seconds
[2022-06-13T02:46:33.434+0000][1][safepoint    ] Application time: 1.0002193 seconds
[2022-06-13T02:46:33.434+0000][1][safepoint    ] Entering safepoint region: Cleanup
[2022-06-13T02:46:33.434+0000][1][safepoint    ] Leaving safepoint region
[2022-06-13T02:46:33.434+0000][1][safepoint    ] Total time for which application threads were stopped: 0.0003880 seconds, Stopping threads took: 0.0001475 seconds
[2022-06-13T02:46:34.435+0000][1][safepoint    ] Application time: 1.0001916 seconds
[2022-06-13T02:46:34.435+0000][1][safepoint    ] Entering safepoint region: Cleanup
[2022-06-13T02:46:34.436+0000][1][safepoint    ] Leaving safepoint region
[2022-06-13T02:46:34.436+0000][1][safepoint    ] Total time for which application threads were stopped: 0.0004770 seconds, Stopping threads took: 0.0002145 seconds
[2022-06-13T02:46:35.436+0000][1][safepoint    ] Application time: 1.0001781 seconds
[2022-06-13T02:46:35.437+0000][1][safepoint    ] Entering safepoint region: Cleanup
[2022-06-13T02:46:35.437+0000][1][safepoint    ] Leaving safepoint region
[2022-06-13T02:46:35.438+0000][1][safepoint    ] Total time for which application threads were stopped: 0.0008908 seconds, Stopping threads took: 0.0004244 seconds
[2022-06-13T02:46:36.438+0000][1][safepoint    ] Application time: 1.0001231 seconds
[2022-06-13T02:46:36.439+0000][1][safepoint    ] Entering safepoint region: Cleanup
[2022-06-13T02:46:36.439+0000][1][safepoint    ] Leaving safepoint region
[2022-06-13T02:46:36.440+0000][1][safepoint    ] Total time for which application threads were stopped: 0.0008915 seconds, Stopping threads took: 0.0004767 seconds
[2022-06-13T02:46:37.440+0000][1][safepoint    ] Application time: 1.0002267 seconds
[2022-06-13T02:46:37.441+0000][1][safepoint    ] Entering safepoint region: Cleanup
[2022-06-13T02:46:37.441+0000][1][safepoint    ] Leaving safepoint region
[2022-06-13T02:46:37.441+0000][1][safepoint    ] Total time for which application threads were stopped: 0.0004337 seconds, Stopping threads took: 0.0001638 seconds
[2022-06-13T02:46:38.442+0000][1][safepoint    ] Application time: 1.0001554 seconds
[2022-06-13T02:46:38.442+0000][1][safepoint    ] Entering safepoint region: Cleanup
[2022-06-13T02:46:38.443+0000][1][safepoint    ] Leaving safepoint region
[2022-06-13T02:46:38.443+0000][1][safepoint    ] Total time for which application threads were stopped: 0.0009309 seconds, Stopping threads took: 0.0004245 seconds
[2022-06-13T02:46:39.444+0000][1][safepoint    ] Application time: 1.0003307 seconds
[2022-06-13T02:46:39.444+0000][1][safepoint    ] Entering safepoint region: Cleanup
[2022-06-13T02:46:39.445+0000][1][safepoint    ] Leaving safepoint region
[2022-06-13T02:46:39.445+0000][1][safepoint    ] Total time for which application threads were stopped: 0.0008583 seconds, Stopping threads took: 0.0004176 seconds
[2022-06-13T02:46:40.446+0000][1][safepoint    ] Application time: 1.0002650 seconds
[2022-06-13T02:46:40.446+0000][1][safepoint    ] Entering safepoint region: Cleanup
[2022-06-13T02:46:40.447+0000][1][safepoint    ] Leaving safepoint region
[2022-06-13T02:46:40.447+0000][1][safepoint    ] Total time for which application threads were stopped: 0.0007319 seconds, Stopping threads took: 0.0003118 seconds
[2022-06-13T02:46:41.447+0000][1][safepoint    ] Application time: 1.0002867 seconds
[2022-06-13T02:46:41.448+0000][1][safepoint    ] Entering safepoint region: Cleanup
[2022-06-13T02:46:41.448+0000][1][safepoint    ] Leaving safepoint region
[2022-06-13T02:46:41.449+0000][1][safepoint    ] Total time for which application threads were stopped: 0.0010380 seconds, Stopping threads took: 0.0004416 seconds
[2022-06-13T02:46:42.449+0000][1][safepoint    ] Application time: 1.0001115 seconds
[2022-06-13T02:46:42.450+0000][1][safepoint    ] Entering safepoint region: Cleanup
[2022-06-13T02:46:42.450+0000][1][safepoint    ] Leaving safepoint region
[2022-06-13T02:46:42.451+0000][1][safepoint    ] Total time for which application threads were stopped: 0.0008103 seconds, Stopping threads took: 0.0003674 seconds
[2022-06-13T02:46:43.452+0000][1][safepoint    ] Application time: 1.0002841 seconds
[2022-06-13T02:46:43.452+0000][1][safepoint    ] Entering safepoint region: Cleanup
[2022-06-13T02:46:43.453+0000][1][safepoint    ] Leaving safepoint region
[2022-06-13T02:46:43.453+0000][1][safepoint    ] Total time for which application threads were stopped: 0.0011938 seconds, Stopping threads took: 0.0005519 seconds
[2022-06-13T02:46:44.454+0000][1][safepoint    ] Application time: 1.0002050 seconds
[2022-06-13T02:46:44.454+0000][1][safepoint    ] Entering safepoint region: Cleanup
[2022-06-13T02:46:44.455+0000][1][safepoint    ] Leaving safepoint region
[2022-06-13T02:46:44.455+0000][1][safepoint    ] Total time for which application threads were stopped: 0.0005170 seconds, Stopping threads took: 0.0002579 seconds
[2022-06-13T02:46:45.455+0000][1][safepoint    ] Application time: 1.0002138 seconds
[2022-06-13T02:46:45.456+0000][1][safepoint    ] Entering safepoint region: Cleanup
[2022-06-13T02:46:45.456+0000][1][safepoint    ] Leaving safepoint region
[2022-06-13T02:46:45.457+0000][1][safepoint    ] Total time for which application threads were stopped: 0.0007889 seconds, Stopping threads took: 0.0003749 seconds
[2022-06-13T02:46:46.457+0000][1][safepoint    ] Application time: 1.0001865 seconds
[2022-06-13T02:46:46.458+0000][1][safepoint    ] Entering safepoint region: Cleanup
[2022-06-13T02:46:46.459+0000][1][safepoint    ] Leaving safepoint region
[2022-06-13T02:46:46.460+0000][1][safepoint    ] Total time for which application threads were stopped: 0.0016072 seconds, Stopping threads took: 0.0007217 seconds
[2022-06-13T02:46:47.461+0000][1][safepoint    ] Application time: 1.0002751 seconds
[2022-06-13T02:46:47.461+0000][1][safepoint    ] Entering safepoint region: Cleanup
[2022-06-13T02:46:47.462+0000][1][safepoint    ] Leaving safepoint region
[2022-06-13T02:46:47.462+0000][1][safepoint    ] Total time for which application threads were stopped: 0.0009281 seconds, Stopping threads took: 0.0004020 seconds
[2022-06-13T02:46:48.463+0000][1][safepoint    ] Application time: 1.0001691 seconds
[2022-06-13T02:46:48.463+0000][1][safepoint    ] Entering safepoint region: Cleanup
[2022-06-13T02:46:48.464+0000][1][safepoint    ] Leaving safepoint region
[2022-06-13T02:46:48.464+0000][1][safepoint    ] Total time for which application threads were stopped: 0.0006744 seconds, Stopping threads took: 0.0003711 seconds
[2022-06-13T02:46:49.464+0000][1][safepoint    ] Application time: 1.0001879 seconds
[2022-06-13T02:46:49.465+0000][1][safepoint    ] Entering safepoint region: Cleanup
[2022-06-13T02:46:49.465+0000][1][safepoint    ] Leaving safepoint region
[2022-06-13T02:46:49.466+0000][1][safepoint    ] Total time for which application threads were stopped: 0.0007815 seconds, Stopping threads took: 0.0003558 seconds
[2022-06-13T02:46:50.466+0000][1][safepoint    ] Application time: 1.0002469 seconds
[2022-06-13T02:46:50.467+0000][1][safepoint    ] Entering safepoint region: Cleanup
[2022-06-13T02:46:50.468+0000][1][safepoint    ] Leaving safepoint region
[2022-06-13T02:46:50.468+0000][1][safepoint    ] Total time for which application threads were stopped: 0.0011297 seconds, Stopping threads took: 0.0005054 seconds
[2022-06-13T02:46:51.469+0000][1][safepoint    ] Application time: 1.0001192 seconds
[2022-06-13T02:46:51.469+0000][1][safepoint    ] Entering safepoint region: Cleanup
[2022-06-13T02:46:51.469+0000][1][safepoint    ] Leaving safepoint region
[2022-06-13T02:46:51.470+0000][1][safepoint    ] Total time for which application threads were stopped: 0.0004268 seconds, Stopping threads took: 0.0002040 seconds
[2022-06-13T02:46:52.470+0000][1][safepoint    ] Application time: 1.0003639 seconds
[2022-06-13T02:46:52.471+0000][1][safepoint    ] Entering safepoint region: Cleanup
[2022-06-13T02:46:52.472+0000][1][safepoint    ] Leaving safepoint region
[2022-06-13T02:46:52.473+0000][1][safepoint    ] Total time for which application threads were stopped: 0.0015029 seconds, Stopping threads took: 0.0006924 seconds
[2022-06-13T02:46:53.473+0000][1][safepoint    ] Application time: 1.0002201 seconds
[2022-06-13T02:46:53.474+0000][1][safepoint    ] Entering safepoint region: Cleanup
[2022-06-13T02:46:53.474+0000][1][safepoint    ] Leaving safepoint region
[2022-06-13T02:46:53.474+0000][1][safepoint    ] Total time for which application threads were stopped: 0.0006783 seconds, Stopping threads took: 0.0003443 seconds
[2022-06-13T02:46:54.475+0000][1][safepoint    ] Application time: 1.0002490 seconds
[2022-06-13T02:46:54.475+0000][1][safepoint    ] Entering safepoint region: Cleanup
[2022-06-13T02:46:54.476+0000][1][safepoint    ] Leaving safepoint region
[2022-06-13T02:46:54.476+0000][1][safepoint    ] Total time for which application threads were stopped: 0.0006993 seconds, Stopping threads took: 0.0003138 seconds
[2022-06-13T02:46:55.477+0000][1][safepoint    ] Application time: 1.0003036 seconds
[2022-06-13T02:46:55.477+0000][1][safepoint    ] Entering safepoint region: Cleanup
[2022-06-13T02:46:55.477+0000][1][safepoint    ] Leaving safepoint region
[2022-06-13T02:46:55.478+0000][1][safepoint    ] Total time for which application threads were stopped: 0.0007263 seconds, Stopping threads took: 0.0003054 seconds
[2022-06-13T02:46:56.478+0000][1][safepoint    ] Application time: 1.0002333 seconds
[2022-06-13T02:46:56.479+0000][1][safepoint    ] Entering safepoint region: Cleanup
[2022-06-13T02:46:56.480+0000][1][safepoint    ] Leaving safepoint region
[2022-06-13T02:46:56.480+0000][1][safepoint    ] Total time for which application threads were stopped: 0.0011767 seconds, Stopping threads took: 0.0005133 seconds
[2022-06-13T02:46:57.481+0000][1][safepoint    ] Application time: 1.0001619 seconds
[2022-06-13T02:46:57.481+0000][1][safepoint    ] Entering safepoint region: Cleanup
[2022-06-13T02:46:57.481+0000][1][safepoint    ] Leaving safepoint region
[2022-06-13T02:46:57.482+0000][1][safepoint    ] Total time for which application threads were stopped: 0.0004466 seconds, Stopping threads took: 0.0001854 seconds
[2022-06-13T02:46:58.482+0000][1][safepoint    ] Application time: 1.0002920 seconds
[2022-06-13T02:46:58.483+0000][1][safepoint    ] Entering safepoint region: Cleanup
[2022-06-13T02:46:58.483+0000][1][safepoint    ] Leaving safepoint region
[2022-06-13T02:46:58.483+0000][1][safepoint    ] Total time for which application threads were stopped: 0.0008819 seconds, Stopping threads took: 0.0004304 seconds
[2022-06-13T02:46:59.484+0000][1][safepoint    ] Application time: 1.0003652 seconds
[2022-06-13T02:46:59.485+0000][1][safepoint    ] Entering safepoint region: Cleanup
[2022-06-13T02:46:59.486+0000][1][safepoint    ] Leaving safepoint region
[2022-06-13T02:46:59.486+0000][1][safepoint    ] Total time for which application threads were stopped: 0.0014467 seconds, Stopping threads took: 0.0007043 seconds
[2022-06-13T02:47:00.487+0000][1][safepoint    ] Application time: 1.0002710 seconds
[2022-06-13T02:47:00.488+0000][1][safepoint    ] Entering safepoint region: Cleanup
[2022-06-13T02:47:00.488+0000][1][safepoint    ] Leaving safepoint region
[2022-06-13T02:47:00.489+0000][1][safepoint    ] Total time for which application threads were stopped: 0.0008421 seconds, Stopping threads took: 0.0003820 seconds
[2022-06-13T02:47:01.489+0000][1][safepoint    ] Application time: 1.0002547 seconds
[2022-06-13T02:47:01.490+0000][1][safepoint    ] Entering safepoint region: Cleanup
[2022-06-13T02:47:01.491+0000][1][safepoint    ] Leaving safepoint region
[2022-06-13T02:47:01.491+0000][1][safepoint    ] Total time for which application threads were stopped: 0.0009631 seconds, Stopping threads took: 0.0004589 seconds
[2022-06-13T02:47:02.492+0000][1][safepoint    ] Application time: 1.0001905 seconds
[2022-06-13T02:47:02.492+0000][1][safepoint    ] Entering safepoint region: Cleanup
[2022-06-13T02:47:02.492+0000][1][safepoint    ] Leaving safepoint region
[2022-06-13T02:47:02.493+0000][1][safepoint    ] Total time for which application threads were stopped: 0.0006528 seconds, Stopping threads took: 0.0002469 seconds
[2022-06-13T02:47:03.435+0000][1][safepoint    ] Application time: 0.9416814 seconds
[2022-06-13T02:47:03.435+0000][1][safepoint    ] Entering safepoint region: GenCollectForAllocation
[2022-06-13T02:47:03.435+0000][1][gc,start     ] GC(35) Pause Young (Allocation Failure)
[2022-06-13T02:47:03.436+0000][1][gc,task      ] GC(35) Using 5 workers of 13 for evacuation
[2022-06-13T02:47:03.436+0000][1][gc,age       ] GC(35) Desired survivor size 4456448 bytes, new threshold 6 (max threshold 6)
[2022-06-13T02:47:03.437+0000][1][gc,age       ] GC(35) Age table with threshold 6 (max threshold 6)
[2022-06-13T02:47:03.437+0000][1][gc,age       ] GC(35) - age   1:      32232 bytes,      32232 total
[2022-06-13T02:47:03.437+0000][1][gc,age       ] GC(35) - age   2:      13432 bytes,      45664 total
[2022-06-13T02:47:03.437+0000][1][gc,age       ] GC(35) - age   3:      13712 bytes,      59376 total
[2022-06-13T02:47:03.438+0000][1][gc,age       ] GC(35) - age   4:      13824 bytes,      73200 total
[2022-06-13T02:47:03.438+0000][1][gc,age       ] GC(35) - age   5:      16840 bytes,      90040 total
[2022-06-13T02:47:03.438+0000][1][gc,age       ] GC(35) - age   6:      14304 bytes,     104344 total
[2022-06-13T02:47:03.438+0000][1][gc,heap      ] GC(35) ParNew: 70084K->140K(78656K)
[2022-06-13T02:47:03.439+0000][1][gc,heap      ] GC(35) CMS: 68305K->68319K(174784K)
[2022-06-13T02:47:03.439+0000][1][gc,metaspace ] GC(35) Metaspace: 64390K->64390K(1107968K)
[2022-06-13T02:47:03.439+0000][1][gc           ] GC(35) Pause Young (Allocation Failure) 135M->66M(247M) 3.786ms
[2022-06-13T02:47:03.439+0000][1][gc,cpu       ] GC(35) User=0.00s Sys=0.00s Real=0.01s
[2022-06-13T02:47:03.440+0000][1][safepoint    ] Leaving safepoint region
[2022-06-13T02:47:03.440+0000][1][safepoint    ] Total time for which application threads were stopped: 0.0050507 seconds, Stopping threads took: 0.0002163 seconds
[2022-06-13T02:47:04.441+0000][1][safepoint    ] Application time: 1.0002361 seconds
[2022-06-13T02:47:04.441+0000][1][safepoint    ] Entering safepoint region: Cleanup
[2022-06-13T02:47:04.442+0000][1][safepoint    ] Leaving safepoint region
[2022-06-13T02:47:04.442+0000][1][safepoint    ] Total time for which application threads were stopped: 0.0006396 seconds, Stopping threads took: 0.0003004 seconds
[2022-06-13T02:47:05.442+0000][1][safepoint    ] Application time: 1.0001494 seconds
[2022-06-13T02:47:05.443+0000][1][safepoint    ] Entering safepoint region: Cleanup
[2022-06-13T02:47:05.443+0000][1][safepoint    ] Leaving safepoint region
[2022-06-13T02:47:05.443+0000][1][safepoint    ] Total time for which application threads were stopped: 0.0006033 seconds, Stopping threads took: 0.0004397 seconds
[2022-06-13T02:47:06.444+0000][1][safepoint    ] Application time: 1.0002896 seconds
[2022-06-13T02:47:06.444+0000][1][safepoint    ] Entering safepoint region: Cleanup
[2022-06-13T02:47:06.444+0000][1][safepoint    ] Leaving safepoint region
[2022-06-13T02:47:06.445+0000][1][safepoint    ] Total time for which application threads were stopped: 0.0007548 seconds, Stopping threads took: 0.0003191 seconds
[2022-06-13T02:47:07.445+0000][1][safepoint    ] Application time: 1.0002559 seconds
[2022-06-13T02:47:07.466+0000][1][safepoint    ] Entering safepoint region: Cleanup
[2022-06-13T02:47:07.466+0000][1][safepoint    ] Leaving safepoint region
[2022-06-13T02:47:07.467+0000][1][safepoint    ] Total time for which application threads were stopped: 0.0211194 seconds, Stopping threads took: 0.0206632 seconds
[2022-06-13T02:47:08.467+0000][1][safepoint    ] Application time: 1.0001904 seconds
[2022-06-13T02:47:08.468+0000][1][safepoint    ] Entering safepoint region: Cleanup
[2022-06-13T02:47:08.468+0000][1][safepoint    ] Leaving safepoint region
[2022-06-13T02:47:08.468+0000][1][safepoint    ] Total time for which application threads were stopped: 0.0007724 seconds, Stopping threads took: 0.0003650 seconds
[2022-06-13T02:47:09.469+0000][1][safepoint    ] Application time: 1.0003297 seconds
[2022-06-13T02:47:09.470+0000][1][safepoint    ] Entering safepoint region: Cleanup
[2022-06-13T02:47:09.470+0000][1][safepoint    ] Leaving safepoint region
[2022-06-13T02:47:09.471+0000][1][safepoint    ] Total time for which application threads were stopped: 0.0011066 seconds, Stopping threads took: 0.0004551 seconds
[2022-06-13T02:47:10.472+0000][1][safepoint    ] Application time: 1.0001799 seconds
[2022-06-13T02:47:10.472+0000][1][safepoint    ] Entering safepoint region: Cleanup
[2022-06-13T02:47:10.472+0000][1][safepoint    ] Leaving safepoint region
[2022-06-13T02:47:10.472+0000][1][safepoint    ] Total time for which application threads were stopped: 0.0004927 seconds, Stopping threads took: 0.0002194 seconds
[2022-06-13T02:47:11.473+0000][1][safepoint    ] Application time: 1.0001896 seconds
[2022-06-13T02:47:11.473+0000][1][safepoint    ] Entering safepoint region: Cleanup
[2022-06-13T02:47:11.474+0000][1][safepoint    ] Leaving safepoint region
[2022-06-13T02:47:11.474+0000][1][safepoint    ] Total time for which application threads were stopped: 0.0009988 seconds, Stopping threads took: 0.0004972 seconds
[2022-06-13T02:47:12.475+0000][1][safepoint    ] Application time: 1.0003413 seconds
[2022-06-13T02:47:12.476+0000][1][safepoint    ] Entering safepoint region: Cleanup
[2022-06-13T02:47:12.476+0000][1][safepoint    ] Leaving safepoint region
[2022-06-13T02:47:12.476+0000][1][safepoint    ] Total time for which application threads were stopped: 0.0008156 seconds, Stopping threads took: 0.0003853 seconds
[2022-06-13T02:47:13.477+0000][1][safepoint    ] Application time: 1.0002474 seconds
[2022-06-13T02:47:13.477+0000][1][safepoint    ] Entering safepoint region: Cleanup
[2022-06-13T02:47:13.478+0000][1][safepoint    ] Leaving safepoint region
[2022-06-13T02:47:13.478+0000][1][safepoint    ] Total time for which application threads were stopped: 0.0004341 seconds, Stopping threads took: 0.0002212 seconds
[2022-06-13T02:47:14.478+0000][1][safepoint    ] Application time: 1.0001266 seconds
[2022-06-13T02:47:14.478+0000][1][safepoint    ] Entering safepoint region: Cleanup
[2022-06-13T02:47:14.479+0000][1][safepoint    ] Leaving safepoint region
[2022-06-13T02:47:14.479+0000][1][safepoint    ] Total time for which application threads were stopped: 0.0005718 seconds, Stopping threads took: 0.0003047 seconds
[2022-06-13T02:47:15.479+0000][1][safepoint    ] Application time: 1.0001718 seconds
[2022-06-13T02:47:15.480+0000][1][safepoint    ] Entering safepoint region: Cleanup
[2022-06-13T02:47:15.480+0000][1][safepoint    ] Leaving safepoint region
[2022-06-13T02:47:15.480+0000][1][safepoint    ] Total time for which application threads were stopped: 0.0005259 seconds, Stopping threads took: 0.0002442 seconds
[2022-06-13T02:47:16.480+0000][1][safepoint    ] Application time: 1.0001275 seconds
[2022-06-13T02:47:16.481+0000][1][safepoint    ] Entering safepoint region: Cleanup
[2022-06-13T02:47:16.481+0000][1][safepoint    ] Leaving safepoint region
[2022-06-13T02:47:16.482+0000][1][safepoint    ] Total time for which application threads were stopped: 0.0006722 seconds, Stopping threads took: 0.0002755 seconds
[2022-06-13T02:47:17.482+0000][1][safepoint    ] Application time: 1.0003816 seconds
[2022-06-13T02:47:17.483+0000][1][safepoint    ] Entering safepoint region: Cleanup
[2022-06-13T02:47:17.483+0000][1][safepoint    ] Leaving safepoint region
[2022-06-13T02:47:17.483+0000][1][safepoint    ] Total time for which application threads were stopped: 0.0006214 seconds, Stopping threads took: 0.0003160 seconds
[2022-06-13T02:47:18.484+0000][1][safepoint    ] Application time: 1.0001252 seconds
[2022-06-13T02:47:18.484+0000][1][safepoint    ] Entering safepoint region: Cleanup
[2022-06-13T02:47:18.485+0000][1][safepoint    ] Leaving safepoint region
[2022-06-13T02:47:18.485+0000][1][safepoint    ] Total time for which application threads were stopped: 0.0006938 seconds, Stopping threads took: 0.0003076 seconds
[2022-06-13T02:47:19.485+0000][1][safepoint    ] Application time: 1.0001586 seconds
[2022-06-13T02:47:19.486+0000][1][safepoint    ] Entering safepoint region: Cleanup
[2022-06-13T02:47:19.486+0000][1][safepoint    ] Leaving safepoint region
[2022-06-13T02:47:19.486+0000][1][safepoint    ] Total time for which application threads were stopped: 0.0003569 seconds, Stopping threads took: 0.0001336 seconds
[2022-06-13T02:47:19.556+0000][1][safepoint    ] Application time: 0.0699484 seconds
[2022-06-13T02:47:19.556+0000][1][safepoint    ] Entering safepoint region: RevokeBias
[2022-06-13T02:47:19.556+0000][1][safepoint    ] Leaving safepoint region
[2022-06-13T02:47:19.557+0000][1][safepoint    ] Total time for which application threads were stopped: 0.0006071 seconds, Stopping threads took: 0.0002028 seconds
[2022-06-13T02:47:19.557+0000][1][safepoint    ] Application time: 0.0001445 seconds
[2022-06-13T02:47:19.557+0000][1][safepoint    ] Entering safepoint region: RevokeBias
[2022-06-13T02:47:19.558+0000][1][safepoint    ] Leaving safepoint region
[2022-06-13T02:47:19.558+0000][1][safepoint    ] Total time for which application threads were stopped: 0.0007957 seconds, Stopping threads took: 0.0004105 seconds
[2022-06-13T02:47:19.560+0000][1][safepoint    ] Application time: 0.0013389 seconds
[2022-06-13T02:47:19.560+0000][1][safepoint    ] Entering safepoint region: RevokeBias
[2022-06-13T02:47:19.561+0000][1][safepoint    ] Leaving safepoint region
[2022-06-13T02:47:19.561+0000][1][safepoint    ] Total time for which application threads were stopped: 0.0005906 seconds, Stopping threads took: 0.0003218 seconds
[2022-06-13T02:47:19.561+0000][1][safepoint    ] Application time: 0.0001506 seconds
[2022-06-13T02:47:19.562+0000][1][safepoint    ] Entering safepoint region: RevokeBias
[2022-06-13T02:47:19.562+0000][1][safepoint    ] Leaving safepoint region
[2022-06-13T02:47:19.563+0000][1][safepoint    ] Total time for which application threads were stopped: 0.0014843 seconds, Stopping threads took: 0.0007695 seconds
[2022-06-13T02:47:19.563+0000][1][safepoint    ] Application time: 0.0003744 seconds
[2022-06-13T02:47:19.564+0000][1][safepoint    ] Entering safepoint region: RevokeBias
[2022-06-13T02:47:19.565+0000][1][safepoint    ] Leaving safepoint region
[2022-06-13T02:47:19.565+0000][1][safepoint    ] Total time for which application threads were stopped: 0.0015299 seconds, Stopping threads took: 0.0008452 seconds
[2022-06-13T02:47:19.566+0000][1][safepoint    ] Application time: 0.0009267 seconds
[2022-06-13T02:47:19.567+0000][1][safepoint    ] Entering safepoint region: RevokeBias
[2022-06-13T02:47:19.567+0000][1][safepoint    ] Leaving safepoint region
[2022-06-13T02:47:19.568+0000][1][safepoint    ] Total time for which application threads were stopped: 0.0009777 seconds, Stopping threads took: 0.0006381 seconds
[2022-06-13T02:47:19.569+0000][1][safepoint    ] Application time: 0.0006985 seconds
[2022-06-13T02:47:19.569+0000][1][safepoint    ] Entering safepoint region: RevokeBias
[2022-06-13T02:47:19.570+0000][1][safepoint    ] Leaving safepoint region
[2022-06-13T02:47:19.570+0000][1][safepoint    ] Total time for which application threads were stopped: 0.0013212 seconds, Stopping threads took: 0.0004537 seconds
[2022-06-13T02:47:19.571+0000][1][safepoint    ] Application time: 0.0005630 seconds
[2022-06-13T02:47:19.571+0000][1][safepoint    ] Entering safepoint region: RevokeBias
[2022-06-13T02:47:19.571+0000][1][safepoint    ] Leaving safepoint region
[2022-06-13T02:47:19.572+0000][1][safepoint    ] Total time for which application threads were stopped: 0.0004298 seconds, Stopping threads took: 0.0002579 seconds
[2022-06-13T02:47:19.572+0000][1][safepoint    ] Application time: 0.0001342 seconds
[2022-06-13T02:47:19.573+0000][1][safepoint    ] Entering safepoint region: RevokeBias
[2022-06-13T02:47:19.573+0000][1][safepoint    ] Leaving safepoint region
[2022-06-13T02:47:19.573+0000][1][safepoint    ] Total time for which application threads were stopped: 0.0009831 seconds, Stopping threads took: 0.0005369 seconds
[2022-06-13T02:47:19.574+0000][1][safepoint    ] Application time: 0.0007900 seconds
[2022-06-13T02:47:19.575+0000][1][safepoint    ] Entering safepoint region: RevokeBias
[2022-06-13T02:47:19.575+0000][1][safepoint    ] Leaving safepoint region
[2022-06-13T02:47:19.575+0000][1][safepoint    ] Total time for which application threads were stopped: 0.0006315 seconds, Stopping threads took: 0.0003134 seconds
[2022-06-13T02:47:19.579+0000][1][safepoint    ] Application time: 0.0032336 seconds
[2022-06-13T02:47:19.579+0000][1][safepoint    ] Entering safepoint region: RevokeBias
[2022-06-13T02:47:19.580+0000][1][safepoint    ] Leaving safepoint region
[2022-06-13T02:47:19.581+0000][1][safepoint    ] Total time for which application threads were stopped: 0.0016433 seconds, Stopping threads took: 0.0005151 seconds
[2022-06-13T02:47:19.581+0000][1][safepoint    ] Application time: 0.0002012 seconds
[2022-06-13T02:47:19.581+0000][1][safepoint    ] Entering safepoint region: RevokeBias
[2022-06-13T02:47:19.582+0000][1][safepoint    ] Leaving safepoint region
[2022-06-13T02:47:19.582+0000][1][safepoint    ] Total time for which application threads were stopped: 0.0007044 seconds, Stopping threads took: 0.0002998 seconds
[2022-06-13T02:47:19.583+0000][1][safepoint    ] Application time: 0.0003267 seconds
[2022-06-13T02:47:19.583+0000][1][safepoint    ] Entering safepoint region: RevokeBias
[2022-06-13T02:47:19.583+0000][1][safepoint    ] Leaving safepoint region
[2022-06-13T02:47:19.583+0000][1][safepoint    ] Total time for which application threads were stopped: 0.0006408 seconds, Stopping threads took: 0.0001533 seconds
[2022-06-13T02:47:19.584+0000][1][safepoint    ] Application time: 0.0005853 seconds
[2022-06-13T02:47:19.584+0000][1][safepoint    ] Entering safepoint region: RevokeBias
[2022-06-13T02:47:19.584+0000][1][safepoint    ] Leaving safepoint region
[2022-06-13T02:47:19.585+0000][1][safepoint    ] Total time for which application threads were stopped: 0.0003927 seconds, Stopping threads took: 0.0002042 seconds
[2022-06-13T02:47:19.585+0000][1][safepoint    ] Application time: 0.0001350 seconds
[2022-06-13T02:47:19.585+0000][1][safepoint    ] Entering safepoint region: RevokeBias
[2022-06-13T02:47:19.585+0000][1][safepoint    ] Leaving safepoint region
[2022-06-13T02:47:19.585+0000][1][safepoint    ] Total time for which application threads were stopped: 0.0002868 seconds, Stopping threads took: 0.0001184 seconds
[2022-06-13T02:47:19.585+0000][1][safepoint    ] Application time: 0.0001098 seconds
[2022-06-13T02:47:19.586+0000][1][safepoint    ] Entering safepoint region: RevokeBias
[2022-06-13T02:47:19.586+0000][1][safepoint    ] Leaving safepoint region
[2022-06-13T02:47:19.586+0000][1][safepoint    ] Total time for which application threads were stopped: 0.0002880 seconds, Stopping threads took: 0.0001181 seconds
[2022-06-13T02:47:19.586+0000][1][safepoint    ] Application time: 0.0001038 seconds
[2022-06-13T02:47:19.586+0000][1][safepoint    ] Entering safepoint region: RevokeBias
[2022-06-13T02:47:19.587+0000][1][safepoint    ] Leaving safepoint region
[2022-06-13T02:47:19.587+0000][1][safepoint    ] Total time for which application threads were stopped: 0.0003347 seconds, Stopping threads took: 0.0001846 seconds
[2022-06-13T02:47:19.587+0000][1][safepoint    ] Application time: 0.0005148 seconds
[2022-06-13T02:47:19.587+0000][1][safepoint    ] Entering safepoint region: RevokeBias
[2022-06-13T02:47:19.588+0000][1][safepoint    ] Leaving safepoint region
[2022-06-13T02:47:19.588+0000][1][safepoint    ] Total time for which application threads were stopped: 0.0002990 seconds, Stopping threads took: 0.0001612 seconds
[2022-06-13T02:47:19.588+0000][1][safepoint    ] Application time: 0.0000819 seconds
[2022-06-13T02:47:19.588+0000][1][safepoint    ] Entering safepoint region: RevokeBias
[2022-06-13T02:47:19.588+0000][1][safepoint    ] Leaving safepoint region
[2022-06-13T02:47:19.588+0000][1][safepoint    ] Total time for which application threads were stopped: 0.0002972 seconds, Stopping threads took: 0.0001579 seconds
[2022-06-13T02:47:19.589+0000][1][safepoint    ] Application time: 0.0001650 seconds
[2022-06-13T02:47:19.589+0000][1][safepoint    ] Entering safepoint region: RevokeBias
[2022-06-13T02:47:19.589+0000][1][safepoint    ] Leaving safepoint region
[2022-06-13T02:47:19.589+0000][1][safepoint    ] Total time for which application threads were stopped: 0.0002224 seconds, Stopping threads took: 0.0001004 seconds
[2022-06-13T02:47:19.589+0000][1][safepoint    ] Application time: 0.0000975 seconds
[2022-06-13T02:47:19.589+0000][1][safepoint    ] Entering safepoint region: RevokeBias
[2022-06-13T02:47:19.590+0000][1][safepoint    ] Leaving safepoint region
[2022-06-13T02:47:19.590+0000][1][safepoint    ] Total time for which application threads were stopped: 0.0005266 seconds, Stopping threads took: 0.0003575 seconds
[2022-06-13T02:47:19.591+0000][1][safepoint    ] Application time: 0.0011905 seconds
[2022-06-13T02:47:19.591+0000][1][safepoint    ] Entering safepoint region: RevokeBias
[2022-06-13T02:47:19.592+0000][1][safepoint    ] Leaving safepoint region
[2022-06-13T02:47:19.592+0000][1][safepoint    ] Total time for which application threads were stopped: 0.0004294 seconds, Stopping threads took: 0.0001843 seconds
[2022-06-13T02:47:19.593+0000][1][safepoint    ] Application time: 0.0011298 seconds
[2022-06-13T02:47:19.593+0000][1][safepoint    ] Entering safepoint region: RevokeBias
[2022-06-13T02:47:19.593+0000][1][safepoint    ] Leaving safepoint region
[2022-06-13T02:47:19.594+0000][1][safepoint    ] Total time for which application threads were stopped: 0.0003904 seconds, Stopping threads took: 0.0002307 seconds
[2022-06-13T02:47:19.594+0000][1][safepoint    ] Application time: 0.0002572 seconds
[2022-06-13T02:47:19.594+0000][1][safepoint    ] Entering safepoint region: RevokeBias
[2022-06-13T02:47:19.595+0000][1][safepoint    ] Leaving safepoint region
[2022-06-13T02:47:19.595+0000][1][safepoint    ] Total time for which application threads were stopped: 0.0006556 seconds, Stopping threads took: 0.0003972 seconds
[2022-06-13T02:47:19.595+0000][1][safepoint    ] Application time: 0.0000654 seconds
[2022-06-13T02:47:19.595+0000][1][safepoint    ] Entering safepoint region: RevokeBias
[2022-06-13T02:47:19.595+0000][1][safepoint    ] Leaving safepoint region
[2022-06-13T02:47:19.596+0000][1][safepoint    ] Total time for which application threads were stopped: 0.0002289 seconds, Stopping threads took: 0.0001024 seconds
[2022-06-13T02:47:19.596+0000][1][safepoint    ] Application time: 0.0001153 seconds
[2022-06-13T02:47:19.596+0000][1][safepoint    ] Entering safepoint region: RevokeBias
[2022-06-13T02:47:19.596+0000][1][safepoint    ] Leaving safepoint region
[2022-06-13T02:47:19.596+0000][1][safepoint    ] Total time for which application threads were stopped: 0.0003577 seconds, Stopping threads took: 0.0001851 seconds
[2022-06-13T02:47:19.597+0000][1][safepoint    ] Application time: 0.0001033 seconds
[2022-06-13T02:47:19.597+0000][1][safepoint    ] Entering safepoint region: RevokeBias
[2022-06-13T02:47:19.597+0000][1][safepoint    ] Leaving safepoint region
[2022-06-13T02:47:19.597+0000][1][safepoint    ] Total time for which application threads were stopped: 0.0004722 seconds, Stopping threads took: 0.0003406 seconds
[2022-06-13T02:47:19.598+0000][1][safepoint    ] Application time: 0.0005868 seconds
[2022-06-13T02:47:19.598+0000][1][safepoint    ] Entering safepoint region: RevokeBias
[2022-06-13T02:47:19.598+0000][1][safepoint    ] Leaving safepoint region
[2022-06-13T02:47:19.598+0000][1][safepoint    ] Total time for which application threads were stopped: 0.0003708 seconds, Stopping threads took: 0.0001760 seconds
[2022-06-13T02:47:19.600+0000][1][safepoint    ] Application time: 0.0018337 seconds
[2022-06-13T02:47:19.601+0000][1][safepoint    ] Entering safepoint region: RevokeBias
[2022-06-13T02:47:19.601+0000][1][safepoint    ] Leaving safepoint region
[2022-06-13T02:47:19.601+0000][1][safepoint    ] Total time for which application threads were stopped: 0.0005381 seconds, Stopping threads took: 0.0002878 seconds
[2022-06-13T02:47:19.602+0000][1][safepoint    ] Application time: 0.0003581 seconds
[2022-06-13T02:47:19.602+0000][1][safepoint    ] Entering safepoint region: RevokeBias
[2022-06-13T02:47:19.602+0000][1][safepoint    ] Leaving safepoint region
[2022-06-13T02:47:19.602+0000][1][safepoint    ] Total time for which application threads were stopped: 0.0006173 seconds, Stopping threads took: 0.0002770 seconds
[2022-06-13T02:47:19.603+0000][1][safepoint    ] Application time: 0.0001512 seconds
[2022-06-13T02:47:19.603+0000][1][safepoint    ] Entering safepoint region: RevokeBias
[2022-06-13T02:47:19.603+0000][1][safepoint    ] Leaving safepoint region
[2022-06-13T02:47:19.604+0000][1][safepoint    ] Total time for which application threads were stopped: 0.0005252 seconds, Stopping threads took: 0.0001351 seconds
[2022-06-13T02:47:19.604+0000][1][safepoint    ] Application time: 0.0002642 seconds
[2022-06-13T02:47:19.604+0000][1][safepoint    ] Entering safepoint region: RevokeBias
[2022-06-13T02:47:19.604+0000][1][safepoint    ] Leaving safepoint region
[2022-06-13T02:47:19.605+0000][1][safepoint    ] Total time for which application threads were stopped: 0.0003079 seconds, Stopping threads took: 0.0001967 seconds
[2022-06-13T02:47:19.605+0000][1][safepoint    ] Application time: 0.0002363 seconds
[2022-06-13T02:47:19.605+0000][1][safepoint    ] Entering safepoint region: RevokeBias
[2022-06-13T02:47:19.605+0000][1][safepoint    ] Leaving safepoint region
[2022-06-13T02:47:19.605+0000][1][safepoint    ] Total time for which application threads were stopped: 0.0001970 seconds, Stopping threads took: 0.0000874 seconds
[2022-06-13T02:47:19.605+0000][1][safepoint    ] Application time: 0.0000699 seconds
[2022-06-13T02:47:19.606+0000][1][safepoint    ] Entering safepoint region: BulkRevokeBias
[2022-06-13T02:47:19.606+0000][1][safepoint    ] Leaving safepoint region
[2022-06-13T02:47:19.606+0000][1][safepoint    ] Total time for which application threads were stopped: 0.0003624 seconds, Stopping threads took: 0.0001134 seconds
[2022-06-13T02:47:19.606+0000][1][safepoint    ] Application time: 0.0002368 seconds
[2022-06-13T02:47:19.606+0000][1][safepoint    ] Entering safepoint region: RevokeBias
[2022-06-13T02:47:19.607+0000][1][safepoint    ] Leaving safepoint region
[2022-06-13T02:47:19.607+0000][1][safepoint    ] Total time for which application threads were stopped: 0.0002072 seconds, Stopping threads took: 0.0001057 seconds
[2022-06-13T02:47:19.607+0000][1][safepoint    ] Application time: 0.0000873 seconds
[2022-06-13T02:47:19.607+0000][1][safepoint    ] Entering safepoint region: RevokeBias
[2022-06-13T02:47:19.607+0000][1][safepoint    ] Leaving safepoint region
[2022-06-13T02:47:19.607+0000][1][safepoint    ] Total time for which application threads were stopped: 0.0002422 seconds, Stopping threads took: 0.0001027 seconds
[2022-06-13T02:47:19.607+0000][1][safepoint    ] Application time: 0.0000837 seconds
[2022-06-13T02:47:19.607+0000][1][safepoint    ] Entering safepoint region: RevokeBias
[2022-06-13T02:47:19.608+0000][1][safepoint    ] Leaving safepoint region
[2022-06-13T02:47:19.608+0000][1][safepoint    ] Total time for which application threads were stopped: 0.0002393 seconds, Stopping threads took: 0.0000952 seconds
[2022-06-13T02:47:19.608+0000][1][safepoint    ] Application time: 0.0001054 seconds
[2022-06-13T02:47:19.608+0000][1][safepoint    ] Entering safepoint region: RevokeBias
[2022-06-13T02:47:19.608+0000][1][safepoint    ] Leaving safepoint region
[2022-06-13T02:47:19.608+0000][1][safepoint    ] Total time for which application threads were stopped: 0.0002586 seconds, Stopping threads took: 0.0001266 seconds
[2022-06-13T02:47:19.610+0000][1][safepoint    ] Application time: 0.0014170 seconds
[2022-06-13T02:47:19.610+0000][1][safepoint    ] Entering safepoint region: RevokeBias
[2022-06-13T02:47:19.610+0000][1][safepoint    ] Leaving safepoint region
[2022-06-13T02:47:19.610+0000][1][safepoint    ] Total time for which application threads were stopped: 0.0002517 seconds, Stopping threads took: 0.0001087 seconds
[2022-06-13T02:47:19.615+0000][1][safepoint    ] Application time: 0.0040933 seconds
[2022-06-13T02:47:19.615+0000][1][safepoint    ] Entering safepoint region: RevokeBias
[2022-06-13T02:47:19.615+0000][1][safepoint    ] Leaving safepoint region
[2022-06-13T02:47:19.615+0000][1][safepoint    ] Total time for which application threads were stopped: 0.0002894 seconds, Stopping threads took: 0.0001314 seconds
[2022-06-13T02:47:19.615+0000][1][safepoint    ] Application time: 0.0001264 seconds
[2022-06-13T02:47:19.615+0000][1][safepoint    ] Entering safepoint region: RevokeBias
[2022-06-13T02:47:19.615+0000][1][safepoint    ] Leaving safepoint region
[2022-06-13T02:47:19.616+0000][1][safepoint    ] Total time for which application threads were stopped: 0.0002112 seconds, Stopping threads took: 0.0000911 seconds
[2022-06-13T02:47:19.616+0000][1][safepoint    ] Application time: 0.0000877 seconds
[2022-06-13T02:47:19.616+0000][1][safepoint    ] Entering safepoint region: RevokeBias
[2022-06-13T02:47:19.616+0000][1][safepoint    ] Leaving safepoint region
[2022-06-13T02:47:19.616+0000][1][safepoint    ] Total time for which application threads were stopped: 0.0002060 seconds, Stopping threads took: 0.0000933 seconds
[2022-06-13T02:47:19.617+0000][1][safepoint    ] Application time: 0.0003889 seconds
[2022-06-13T02:47:19.617+0000][1][safepoint    ] Entering safepoint region: RevokeBias
[2022-06-13T02:47:19.617+0000][1][safepoint    ] Leaving safepoint region
[2022-06-13T02:47:19.617+0000][1][safepoint    ] Total time for which application threads were stopped: 0.0002757 seconds, Stopping threads took: 0.0001279 seconds
[2022-06-13T02:47:19.618+0000][1][safepoint    ] Application time: 0.0007385 seconds
[2022-06-13T02:47:19.618+0000][1][safepoint    ] Entering safepoint region: RevokeBias
[2022-06-13T02:47:19.618+0000][1][safepoint    ] Leaving safepoint region
[2022-06-13T02:47:19.618+0000][1][safepoint    ] Total time for which application threads were stopped: 0.0002185 seconds, Stopping threads took: 0.0001018 seconds
[2022-06-13T02:47:19.619+0000][1][safepoint    ] Application time: 0.0002516 seconds
[2022-06-13T02:47:19.619+0000][1][safepoint    ] Entering safepoint region: RevokeBias
[2022-06-13T02:47:19.619+0000][1][safepoint    ] Leaving safepoint region
[2022-06-13T02:47:19.619+0000][1][safepoint    ] Total time for which application threads were stopped: 0.0002441 seconds, Stopping threads took: 0.0001365 seconds
[2022-06-13T02:47:19.620+0000][1][safepoint    ] Application time: 0.0009334 seconds
[2022-06-13T02:47:19.620+0000][1][safepoint    ] Entering safepoint region: RevokeBias
[2022-06-13T02:47:19.620+0000][1][safepoint    ] Leaving safepoint region
[2022-06-13T02:47:19.620+0000][1][safepoint    ] Total time for which application threads were stopped: 0.0002212 seconds, Stopping threads took: 0.0001054 seconds
[2022-06-13T02:47:19.621+0000][1][safepoint    ] Application time: 0.0002497 seconds
[2022-06-13T02:47:19.621+0000][1][safepoint    ] Entering safepoint region: RevokeBias
[2022-06-13T02:47:19.621+0000][1][safepoint    ] Leaving safepoint region
[2022-06-13T02:47:19.621+0000][1][safepoint    ] Total time for which application threads were stopped: 0.0002030 seconds, Stopping threads took: 0.0001003 seconds
[2022-06-13T02:47:19.621+0000][1][safepoint    ] Application time: 0.0001040 seconds
[2022-06-13T02:47:19.621+0000][1][safepoint    ] Entering safepoint region: RevokeBias
[2022-06-13T02:47:19.621+0000][1][safepoint    ] Leaving safepoint region
[2022-06-13T02:47:19.621+0000][1][safepoint    ] Total time for which application threads were stopped: 0.0002267 seconds, Stopping threads took: 0.0001038 seconds
[2022-06-13T02:47:19.622+0000][1][safepoint    ] Application time: 0.0004615 seconds
[2022-06-13T02:47:19.622+0000][1][safepoint    ] Entering safepoint region: RevokeBias
[2022-06-13T02:47:19.622+0000][1][safepoint    ] Leaving safepoint region
[2022-06-13T02:47:19.622+0000][1][safepoint    ] Total time for which application threads were stopped: 0.0002010 seconds, Stopping threads took: 0.0000939 seconds
[2022-06-13T02:47:19.623+0000][1][safepoint    ] Application time: 0.0008615 seconds
[2022-06-13T02:47:19.624+0000][1][safepoint    ] Entering safepoint region: RevokeBias
[2022-06-13T02:47:19.624+0000][1][safepoint    ] Leaving safepoint region
[2022-06-13T02:47:19.624+0000][1][safepoint    ] Total time for which application threads were stopped: 0.0002479 seconds, Stopping threads took: 0.0001169 seconds
[2022-06-13T02:47:19.624+0000][1][safepoint    ] Application time: 0.0003123 seconds
[2022-06-13T02:47:19.624+0000][1][safepoint    ] Entering safepoint region: RevokeBias
[2022-06-13T02:47:19.624+0000][1][safepoint    ] Leaving safepoint region
[2022-06-13T02:47:19.625+0000][1][safepoint    ] Total time for which application threads were stopped: 0.0002954 seconds, Stopping threads took: 0.0001354 seconds
[2022-06-13T02:47:19.627+0000][1][gc,heap,exit ] Heap
[2022-06-13T02:47:19.627+0000][1][gc,heap,exit ]  par new generation   total 78656K, used 14709K [0x00000000f0000000, 0x00000000f5550000, 0x00000000f5550000)
[2022-06-13T02:47:19.627+0000][1][gc,heap,exit ]   eden space 69952K,  20% used [0x00000000f0000000, 0x00000000f0e3a150, 0x00000000f4450000)
[2022-06-13T02:47:19.627+0000][1][gc,heap,exit ]   from space 8704K,   1% used [0x00000000f4450000, 0x00000000f4473300, 0x00000000f4cd0000)
[2022-06-13T02:47:19.627+0000][1][gc,heap,exit ]   to   space 8704K,   0% used [0x00000000f4cd0000, 0x00000000f4cd0000, 0x00000000f5550000)
[2022-06-13T02:47:19.627+0000][1][gc,heap,exit ]  concurrent mark-sweep generation total 174784K, used 68319K [0x00000000f5550000, 0x0000000100000000, 0x0000000100000000)
[2022-06-13T02:47:19.627+0000][1][gc,heap,exit ]  Metaspace       used 64546K, capacity 69127K, committed 69364K, reserved 1107968K
[2022-06-13T02:47:19.627+0000][1][gc,heap,exit ]   class space    used 8604K, capacity 10563K, committed 10600K, reserved 1048576K
[2022-06-13T02:47:19.628+0000][1][safepoint    ] Application time: 0.0027890 seconds
[2022-06-13T02:47:19.628+0000][1][safepoint    ] Entering safepoint region: Exit
