[2022-06-13T02:06:08.665+0000][1][gc] Using Concurrent Mark Sweep
[2022-06-13T02:06:08.666+0000][1][gc,heap,coops] Heap address: 0x00000000f0000000, size: 256 MB, Compressed Oops mode: 32-bit
[2022-06-13T02:06:08.704+0000][1][safepoint    ] Entering safepoint region: EnableBiasedLocking
[2022-06-13T02:06:08.704+0000][1][safepoint    ] Leaving safepoint region
[2022-06-13T02:06:08.705+0000][1][safepoint    ] Total time for which application threads were stopped: 0.0004359 seconds, Stopping threads took: 0.0001926 seconds
[2022-06-13T02:06:08.707+0000][1][safepoint    ] Application time: 0.0018453 seconds
[2022-06-13T02:06:08.707+0000][1][safepoint    ] Entering safepoint region: RevokeBias
[2022-06-13T02:06:08.707+0000][1][safepoint    ] Leaving safepoint region
[2022-06-13T02:06:08.708+0000][1][safepoint    ] Total time for which application threads were stopped: 0.0005195 seconds, Stopping threads took: 0.0003410 seconds
[2022-06-13T02:06:08.717+0000][1][safepoint    ] Application time: 0.0088621 seconds
[2022-06-13T02:06:08.717+0000][1][safepoint    ] Entering safepoint region: Deoptimize
[2022-06-13T02:06:08.717+0000][1][safepoint    ] Leaving safepoint region
[2022-06-13T02:06:08.717+0000][1][safepoint    ] Total time for which application threads were stopped: 0.0004146 seconds, Stopping threads took: 0.0001809 seconds
[2022-06-13T02:06:08.783+0000][1][safepoint    ] Application time: 0.0653624 seconds
[2022-06-13T02:06:08.783+0000][1][safepoint    ] Entering safepoint region: RevokeBias
[2022-06-13T02:06:08.783+0000][1][safepoint    ] Leaving safepoint region
[2022-06-13T02:06:08.784+0000][1][safepoint    ] Total time for which application threads were stopped: 0.0003622 seconds, Stopping threads took: 0.0001448 seconds
[2022-06-13T02:06:08.805+0000][1][safepoint    ] Application time: 0.0215707 seconds
[2022-06-13T02:06:08.805+0000][1][safepoint    ] Entering safepoint region: Deoptimize
[2022-06-13T02:06:08.806+0000][1][safepoint    ] Leaving safepoint region
[2022-06-13T02:06:08.806+0000][1][safepoint    ] Total time for which application threads were stopped: 0.0003199 seconds, Stopping threads took: 0.0001446 seconds
[2022-06-13T02:06:09.050+0000][1][safepoint    ] Application time: 0.2443600 seconds
[2022-06-13T02:06:09.050+0000][1][safepoint    ] Entering safepoint region: Deoptimize
[2022-06-13T02:06:09.051+0000][1][safepoint    ] Leaving safepoint region
[2022-06-13T02:06:09.051+0000][1][safepoint    ] Total time for which application threads were stopped: 0.0004916 seconds, Stopping threads took: 0.0001471 seconds
[2022-06-13T02:06:09.064+0000][1][safepoint    ] Application time: 0.0126814 seconds
[2022-06-13T02:06:09.064+0000][1][safepoint    ] Entering safepoint region: Deoptimize
[2022-06-13T02:06:09.064+0000][1][safepoint    ] Leaving safepoint region
[2022-06-13T02:06:09.064+0000][1][safepoint    ] Total time for which application threads were stopped: 0.0003721 seconds, Stopping threads took: 0.0001352 seconds
[2022-06-13T02:06:09.098+0000][1][safepoint    ] Application time: 0.0331909 seconds
[2022-06-13T02:06:09.098+0000][1][safepoint    ] Entering safepoint region: Deoptimize
[2022-06-13T02:06:09.098+0000][1][safepoint    ] Leaving safepoint region
[2022-06-13T02:06:09.099+0000][1][safepoint    ] Total time for which application threads were stopped: 0.0005448 seconds, Stopping threads took: 0.0001622 seconds
[2022-06-13T02:06:09.108+0000][1][safepoint    ] Application time: 0.0093952 seconds
[2022-06-13T02:06:09.108+0000][1][safepoint    ] Entering safepoint region: Deoptimize
[2022-06-13T02:06:09.109+0000][1][safepoint    ] Leaving safepoint region
[2022-06-13T02:06:09.109+0000][1][safepoint    ] Total time for which application threads were stopped: 0.0005378 seconds, Stopping threads took: 0.0001989 seconds
[2022-06-13T02:06:09.487+0000][1][safepoint    ] Application time: 0.3774233 seconds
[2022-06-13T02:06:09.487+0000][1][safepoint    ] Entering safepoint region: Deoptimize
[2022-06-13T02:06:09.488+0000][1][safepoint    ] Leaving safepoint region
[2022-06-13T02:06:09.488+0000][1][safepoint    ] Total time for which application threads were stopped: 0.0006611 seconds, Stopping threads took: 0.0001967 seconds
[2022-06-13T02:06:09.703+0000][1][safepoint    ] Application time: 0.2148933 seconds
[2022-06-13T02:06:09.703+0000][1][safepoint    ] Entering safepoint region: RevokeBias
[2022-06-13T02:06:09.704+0000][1][safepoint    ] Leaving safepoint region
[2022-06-13T02:06:09.704+0000][1][safepoint    ] Total time for which application threads were stopped: 0.0004231 seconds, Stopping threads took: 0.0001773 seconds
[2022-06-13T02:06:09.782+0000][1][safepoint    ] Application time: 0.0776753 seconds
[2022-06-13T02:06:09.782+0000][1][safepoint    ] Entering safepoint region: Deoptimize
[2022-06-13T02:06:09.782+0000][1][safepoint    ] Leaving safepoint region
[2022-06-13T02:06:09.782+0000][1][safepoint    ] Total time for which application threads were stopped: 0.0006068 seconds, Stopping threads took: 0.0001881 seconds
[2022-06-13T02:06:09.871+0000][1][safepoint    ] Application time: 0.0887147 seconds
[2022-06-13T02:06:09.872+0000][1][safepoint    ] Entering safepoint region: Deoptimize
[2022-06-13T02:06:09.872+0000][1][safepoint    ] Leaving safepoint region
[2022-06-13T02:06:09.872+0000][1][safepoint    ] Total time for which application threads were stopped: 0.0006206 seconds, Stopping threads took: 0.0001663 seconds
[2022-06-13T02:06:09.873+0000][1][safepoint    ] Application time: 0.0001705 seconds
[2022-06-13T02:06:09.873+0000][1][safepoint    ] Entering safepoint region: Deoptimize
[2022-06-13T02:06:09.873+0000][1][safepoint    ] Leaving safepoint region
[2022-06-13T02:06:09.873+0000][1][safepoint    ] Total time for which application threads were stopped: 0.0004723 seconds, Stopping threads took: 0.0001375 seconds
[2022-06-13T02:06:09.903+0000][1][safepoint    ] Application time: 0.0293334 seconds
[2022-06-13T02:06:09.903+0000][1][safepoint    ] Entering safepoint region: Deoptimize
[2022-06-13T02:06:09.903+0000][1][safepoint    ] Leaving safepoint region
[2022-06-13T02:06:09.904+0000][1][safepoint    ] Total time for which application threads were stopped: 0.0006216 seconds, Stopping threads took: 0.0001577 seconds
[2022-06-13T02:06:09.911+0000][1][safepoint    ] Application time: 0.0073710 seconds
[2022-06-13T02:06:09.912+0000][1][safepoint    ] Entering safepoint region: RevokeBias
[2022-06-13T02:06:09.912+0000][1][safepoint    ] Leaving safepoint region
[2022-06-13T02:06:09.912+0000][1][safepoint    ] Total time for which application threads were stopped: 0.0005439 seconds, Stopping threads took: 0.0003163 seconds
[2022-06-13T02:06:09.913+0000][1][safepoint    ] Application time: 0.0001105 seconds
[2022-06-13T02:06:09.913+0000][1][safepoint    ] Entering safepoint region: RevokeBias
[2022-06-13T02:06:09.913+0000][1][safepoint    ] Leaving safepoint region
[2022-06-13T02:06:09.913+0000][1][safepoint    ] Total time for which application threads were stopped: 0.0003943 seconds, Stopping threads took: 0.0001995 seconds
[2022-06-13T02:06:09.914+0000][1][safepoint    ] Application time: 0.0003352 seconds
[2022-06-13T02:06:09.916+0000][1][safepoint    ] Entering safepoint region: RevokeBias
[2022-06-13T02:06:09.916+0000][1][safepoint    ] Leaving safepoint region
[2022-06-13T02:06:09.916+0000][1][safepoint    ] Total time for which application threads were stopped: 0.0007625 seconds, Stopping threads took: 0.0005508 seconds
[2022-06-13T02:06:09.917+0000][1][safepoint    ] Application time: 0.0000720 seconds
[2022-06-13T02:06:09.917+0000][1][safepoint    ] Entering safepoint region: RevokeBias
[2022-06-13T02:06:09.917+0000][1][safepoint    ] Leaving safepoint region
[2022-06-13T02:06:09.917+0000][1][safepoint    ] Total time for which application threads were stopped: 0.0002180 seconds, Stopping threads took: 0.0000884 seconds
[2022-06-13T02:06:09.917+0000][1][safepoint    ] Application time: 0.0001214 seconds
[2022-06-13T02:06:09.918+0000][1][safepoint    ] Entering safepoint region: RevokeBias
[2022-06-13T02:06:09.918+0000][1][safepoint    ] Leaving safepoint region
[2022-06-13T02:06:09.918+0000][1][safepoint    ] Total time for which application threads were stopped: 0.0004686 seconds, Stopping threads took: 0.0003015 seconds
[2022-06-13T02:06:09.918+0000][1][safepoint    ] Application time: 0.0002013 seconds
[2022-06-13T02:06:09.919+0000][1][safepoint    ] Entering safepoint region: RevokeBias
[2022-06-13T02:06:09.919+0000][1][safepoint    ] Leaving safepoint region
[2022-06-13T02:06:09.919+0000][1][safepoint    ] Total time for which application threads were stopped: 0.0003866 seconds, Stopping threads took: 0.0002054 seconds
[2022-06-13T02:06:09.984+0000][1][safepoint    ] Application time: 0.0648844 seconds
[2022-06-13T02:06:09.985+0000][1][safepoint    ] Entering safepoint region: GenCollectForAllocation
[2022-06-13T02:06:09.989+0000][1][gc,start     ] GC(0) Pause Young (Allocation Failure)
[2022-06-13T02:06:09.990+0000][1][gc,task      ] GC(0) Using 5 workers of 13 for evacuation
[2022-06-13T02:06:09.999+0000][1][gc,age       ] GC(0) Desired survivor size 4456448 bytes, new threshold 1 (max threshold 6)
[2022-06-13T02:06:09.999+0000][1][gc,age       ] GC(0) Age table with threshold 1 (max threshold 6)
[2022-06-13T02:06:09.999+0000][1][gc,age       ] GC(0) - age   1:    8086472 bytes,    8086472 total
[2022-06-13T02:06:10.000+0000][1][gc,heap      ] GC(0) ParNew: 69952K->8004K(78656K)
[2022-06-13T02:06:10.000+0000][1][gc,heap      ] GC(0) CMS: 0K->0K(174784K)
[2022-06-13T02:06:10.000+0000][1][gc,metaspace ] GC(0) Metaspace: 12218K->12218K(1060864K)
[2022-06-13T02:06:10.000+0000][1][gc           ] GC(0) Pause Young (Allocation Failure) 68M->7M(247M) 11.414ms
[2022-06-13T02:06:10.000+0000][1][gc,cpu       ] GC(0) User=0.03s Sys=0.01s Real=0.02s
[2022-06-13T02:06:10.001+0000][1][safepoint    ] Leaving safepoint region
[2022-06-13T02:06:10.001+0000][1][safepoint    ] Total time for which application threads were stopped: 0.0161687 seconds, Stopping threads took: 0.0042035 seconds
[2022-06-13T02:06:10.003+0000][1][safepoint    ] Application time: 0.0019621 seconds
[2022-06-13T02:06:10.005+0000][1][safepoint    ] Entering safepoint region: RevokeBias
[2022-06-13T02:06:10.005+0000][1][safepoint    ] Leaving safepoint region
[2022-06-13T02:06:10.006+0000][1][safepoint    ] Total time for which application threads were stopped: 0.0007086 seconds, Stopping threads took: 0.0004350 seconds
[2022-06-13T02:06:10.006+0000][1][safepoint    ] Application time: 0.0001198 seconds
[2022-06-13T02:06:10.006+0000][1][safepoint    ] Entering safepoint region: RevokeBias
[2022-06-13T02:06:10.006+0000][1][safepoint    ] Leaving safepoint region
[2022-06-13T02:06:10.007+0000][1][safepoint    ] Total time for which application threads were stopped: 0.0003847 seconds, Stopping threads took: 0.0001962 seconds
[2022-06-13T02:06:10.007+0000][1][safepoint    ] Application time: 0.0000373 seconds
[2022-06-13T02:06:10.007+0000][1][safepoint    ] Entering safepoint region: RevokeBias
[2022-06-13T02:06:10.007+0000][1][safepoint    ] Leaving safepoint region
[2022-06-13T02:06:10.007+0000][1][safepoint    ] Total time for which application threads were stopped: 0.0002851 seconds, Stopping threads took: 0.0001188 seconds
[2022-06-13T02:06:10.007+0000][1][safepoint    ] Application time: 0.0000221 seconds
[2022-06-13T02:06:10.007+0000][1][safepoint    ] Entering safepoint region: RevokeBias
[2022-06-13T02:06:10.007+0000][1][safepoint    ] Leaving safepoint region
[2022-06-13T02:06:10.008+0000][1][safepoint    ] Total time for which application threads were stopped: 0.0002808 seconds, Stopping threads took: 0.0001090 seconds
[2022-06-13T02:06:10.008+0000][1][safepoint    ] Application time: 0.0002519 seconds
[2022-06-13T02:06:10.011+0000][1][safepoint    ] Entering safepoint region: RevokeBias
[2022-06-13T02:06:10.011+0000][1][safepoint    ] Leaving safepoint region
[2022-06-13T02:06:10.012+0000][1][safepoint    ] Total time for which application threads were stopped: 0.0010087 seconds, Stopping threads took: 0.0007224 seconds
[2022-06-13T02:06:10.012+0000][1][safepoint    ] Application time: 0.0000991 seconds
[2022-06-13T02:06:10.013+0000][1][safepoint    ] Entering safepoint region: RevokeBias
[2022-06-13T02:06:10.014+0000][1][safepoint    ] Leaving safepoint region
[2022-06-13T02:06:10.014+0000][1][safepoint    ] Total time for which application threads were stopped: 0.0007178 seconds, Stopping threads took: 0.0004572 seconds
[2022-06-13T02:06:10.014+0000][1][safepoint    ] Application time: 0.0000860 seconds
[2022-06-13T02:06:10.014+0000][1][safepoint    ] Entering safepoint region: RevokeBias
[2022-06-13T02:06:10.015+0000][1][safepoint    ] Leaving safepoint region
[2022-06-13T02:06:10.015+0000][1][safepoint    ] Total time for which application threads were stopped: 0.0004728 seconds, Stopping threads took: 0.0002655 seconds
[2022-06-13T02:06:10.015+0000][1][safepoint    ] Application time: 0.0000353 seconds
[2022-06-13T02:06:10.015+0000][1][safepoint    ] Entering safepoint region: RevokeBias
[2022-06-13T02:06:10.015+0000][1][safepoint    ] Leaving safepoint region
[2022-06-13T02:06:10.015+0000][1][safepoint    ] Total time for which application threads were stopped: 0.0003915 seconds, Stopping threads took: 0.0001723 seconds
[2022-06-13T02:06:10.016+0000][1][safepoint    ] Application time: 0.0000975 seconds
[2022-06-13T02:06:10.016+0000][1][safepoint    ] Entering safepoint region: RevokeBias
[2022-06-13T02:06:10.016+0000][1][safepoint    ] Leaving safepoint region
[2022-06-13T02:06:10.016+0000][1][safepoint    ] Total time for which application threads were stopped: 0.0003801 seconds, Stopping threads took: 0.0001675 seconds
[2022-06-13T02:06:10.016+0000][1][safepoint    ] Application time: 0.0001263 seconds
[2022-06-13T02:06:10.018+0000][1][safepoint    ] Entering safepoint region: RevokeBias
[2022-06-13T02:06:10.018+0000][1][safepoint    ] Leaving safepoint region
[2022-06-13T02:06:10.018+0000][1][safepoint    ] Total time for which application threads were stopped: 0.0004012 seconds, Stopping threads took: 0.0002339 seconds
[2022-06-13T02:06:10.018+0000][1][safepoint    ] Application time: 0.0001020 seconds
[2022-06-13T02:06:10.018+0000][1][safepoint    ] Entering safepoint region: RevokeBias
[2022-06-13T02:06:10.019+0000][1][safepoint    ] Leaving safepoint region
[2022-06-13T02:06:10.019+0000][1][safepoint    ] Total time for which application threads were stopped: 0.0003804 seconds, Stopping threads took: 0.0001842 seconds
[2022-06-13T02:06:10.019+0000][1][safepoint    ] Application time: 0.0000642 seconds
[2022-06-13T02:06:10.020+0000][1][safepoint    ] Entering safepoint region: RevokeBias
[2022-06-13T02:06:10.020+0000][1][safepoint    ] Leaving safepoint region
[2022-06-13T02:06:10.020+0000][1][safepoint    ] Total time for which application threads were stopped: 0.0008331 seconds, Stopping threads took: 0.0004459 seconds
[2022-06-13T02:06:10.021+0000][1][safepoint    ] Application time: 0.0003408 seconds
[2022-06-13T02:06:10.022+0000][1][safepoint    ] Entering safepoint region: RevokeBias
[2022-06-13T02:06:10.022+0000][1][safepoint    ] Leaving safepoint region
[2022-06-13T02:06:10.023+0000][1][safepoint    ] Total time for which application threads were stopped: 0.0011312 seconds, Stopping threads took: 0.0007925 seconds
[2022-06-13T02:06:10.024+0000][1][safepoint    ] Application time: 0.0007932 seconds
[2022-06-13T02:06:10.024+0000][1][safepoint    ] Entering safepoint region: RevokeBias
[2022-06-13T02:06:10.024+0000][1][safepoint    ] Leaving safepoint region
[2022-06-13T02:06:10.024+0000][1][safepoint    ] Total time for which application threads were stopped: 0.0003138 seconds, Stopping threads took: 0.0001526 seconds
[2022-06-13T02:06:10.024+0000][1][safepoint    ] Application time: 0.0001128 seconds
[2022-06-13T02:06:10.025+0000][1][safepoint    ] Entering safepoint region: RevokeBias
[2022-06-13T02:06:10.025+0000][1][safepoint    ] Leaving safepoint region
[2022-06-13T02:06:10.025+0000][1][safepoint    ] Total time for which application threads were stopped: 0.0006129 seconds, Stopping threads took: 0.0003911 seconds
[2022-06-13T02:06:10.026+0000][1][safepoint    ] Application time: 0.0000494 seconds
[2022-06-13T02:06:10.026+0000][1][safepoint    ] Entering safepoint region: RevokeBias
[2022-06-13T02:06:10.026+0000][1][safepoint    ] Leaving safepoint region
[2022-06-13T02:06:10.026+0000][1][safepoint    ] Total time for which application threads were stopped: 0.0004592 seconds, Stopping threads took: 0.0002706 seconds
[2022-06-13T02:06:10.027+0000][1][safepoint    ] Application time: 0.0003513 seconds
[2022-06-13T02:06:10.027+0000][1][safepoint    ] Entering safepoint region: RevokeBias
[2022-06-13T02:06:10.027+0000][1][safepoint    ] Leaving safepoint region
[2022-06-13T02:06:10.027+0000][1][safepoint    ] Total time for which application threads were stopped: 0.0003908 seconds, Stopping threads took: 0.0002272 seconds
[2022-06-13T02:06:10.028+0000][1][safepoint    ] Application time: 0.0001297 seconds
[2022-06-13T02:06:10.028+0000][1][safepoint    ] Entering safepoint region: RevokeBias
[2022-06-13T02:06:10.028+0000][1][safepoint    ] Leaving safepoint region
[2022-06-13T02:06:10.028+0000][1][safepoint    ] Total time for which application threads were stopped: 0.0003218 seconds, Stopping threads took: 0.0001683 seconds
[2022-06-13T02:06:10.028+0000][1][safepoint    ] Application time: 0.0000968 seconds
[2022-06-13T02:06:10.028+0000][1][safepoint    ] Entering safepoint region: RevokeBias
[2022-06-13T02:06:10.029+0000][1][safepoint    ] Leaving safepoint region
[2022-06-13T02:06:10.029+0000][1][safepoint    ] Total time for which application threads were stopped: 0.0003349 seconds, Stopping threads took: 0.0001767 seconds
[2022-06-13T02:06:10.029+0000][1][safepoint    ] Application time: 0.0000341 seconds
[2022-06-13T02:06:10.029+0000][1][safepoint    ] Entering safepoint region: RevokeBias
[2022-06-13T02:06:10.029+0000][1][safepoint    ] Leaving safepoint region
[2022-06-13T02:06:10.029+0000][1][safepoint    ] Total time for which application threads were stopped: 0.0003410 seconds, Stopping threads took: 0.0001750 seconds
[2022-06-13T02:06:10.030+0000][1][safepoint    ] Application time: 0.0003726 seconds
[2022-06-13T02:06:10.030+0000][1][safepoint    ] Entering safepoint region: RevokeBias
[2022-06-13T02:06:10.030+0000][1][safepoint    ] Leaving safepoint region
[2022-06-13T02:06:10.030+0000][1][safepoint    ] Total time for which application threads were stopped: 0.0003394 seconds, Stopping threads took: 0.0001660 seconds
[2022-06-13T02:06:10.031+0000][1][safepoint    ] Application time: 0.0000866 seconds
[2022-06-13T02:06:10.031+0000][1][safepoint    ] Entering safepoint region: RevokeBias
[2022-06-13T02:06:10.031+0000][1][safepoint    ] Leaving safepoint region
[2022-06-13T02:06:10.031+0000][1][safepoint    ] Total time for which application threads were stopped: 0.0003325 seconds, Stopping threads took: 0.0001924 seconds
[2022-06-13T02:06:10.031+0000][1][safepoint    ] Application time: 0.0001302 seconds
[2022-06-13T02:06:10.031+0000][1][safepoint    ] Entering safepoint region: RevokeBias
[2022-06-13T02:06:10.032+0000][1][safepoint    ] Leaving safepoint region
[2022-06-13T02:06:10.032+0000][1][safepoint    ] Total time for which application threads were stopped: 0.0002912 seconds, Stopping threads took: 0.0001391 seconds
[2022-06-13T02:06:10.032+0000][1][safepoint    ] Application time: 0.0001006 seconds
[2022-06-13T02:06:10.032+0000][1][safepoint    ] Entering safepoint region: RevokeBias
[2022-06-13T02:06:10.032+0000][1][safepoint    ] Leaving safepoint region
[2022-06-13T02:06:10.033+0000][1][safepoint    ] Total time for which application threads were stopped: 0.0005201 seconds, Stopping threads took: 0.0002010 seconds
[2022-06-13T02:06:10.033+0000][1][safepoint    ] Application time: 0.0001017 seconds
[2022-06-13T02:06:10.033+0000][1][safepoint    ] Entering safepoint region: RevokeBias
[2022-06-13T02:06:10.033+0000][1][safepoint    ] Leaving safepoint region
[2022-06-13T02:06:10.033+0000][1][safepoint    ] Total time for which application threads were stopped: 0.0003138 seconds, Stopping threads took: 0.0001779 seconds
[2022-06-13T02:06:10.034+0000][1][safepoint    ] Application time: 0.0000794 seconds
[2022-06-13T02:06:10.034+0000][1][safepoint    ] Entering safepoint region: RevokeBias
[2022-06-13T02:06:10.034+0000][1][safepoint    ] Leaving safepoint region
[2022-06-13T02:06:10.034+0000][1][safepoint    ] Total time for which application threads were stopped: 0.0003066 seconds, Stopping threads took: 0.0001417 seconds
[2022-06-13T02:06:10.204+0000][1][safepoint    ] Application time: 0.1694762 seconds
[2022-06-13T02:06:10.204+0000][1][safepoint    ] Entering safepoint region: Deoptimize
[2022-06-13T02:06:10.204+0000][1][safepoint    ] Leaving safepoint region
[2022-06-13T02:06:10.204+0000][1][safepoint    ] Total time for which application threads were stopped: 0.0006715 seconds, Stopping threads took: 0.0001446 seconds
[2022-06-13T02:06:10.311+0000][1][safepoint    ] Application time: 0.1068787 seconds
[2022-06-13T02:06:10.312+0000][1][safepoint    ] Entering safepoint region: RevokeBias
[2022-06-13T02:06:10.312+0000][1][safepoint    ] Leaving safepoint region
[2022-06-13T02:06:10.312+0000][1][safepoint    ] Total time for which application threads were stopped: 0.0004840 seconds, Stopping threads took: 0.0002256 seconds
[2022-06-13T02:06:10.402+0000][1][safepoint    ] Application time: 0.0893355 seconds
[2022-06-13T02:06:10.402+0000][1][safepoint    ] Entering safepoint region: RevokeBias
[2022-06-13T02:06:10.402+0000][1][safepoint    ] Leaving safepoint region
[2022-06-13T02:06:10.402+0000][1][safepoint    ] Total time for which application threads were stopped: 0.0003694 seconds, Stopping threads took: 0.0001600 seconds
[2022-06-13T02:06:10.405+0000][1][safepoint    ] Application time: 0.0029233 seconds
[2022-06-13T02:06:10.406+0000][1][safepoint    ] Entering safepoint region: RevokeBias
[2022-06-13T02:06:10.406+0000][1][safepoint    ] Leaving safepoint region
[2022-06-13T02:06:10.406+0000][1][safepoint    ] Total time for which application threads were stopped: 0.0003346 seconds, Stopping threads took: 0.0001568 seconds
[2022-06-13T02:06:10.423+0000][1][safepoint    ] Application time: 0.0166704 seconds
[2022-06-13T02:06:10.423+0000][1][safepoint    ] Entering safepoint region: GenCollectForAllocation
[2022-06-13T02:06:10.423+0000][1][gc,start     ] GC(1) Pause Young (Allocation Failure)
[2022-06-13T02:06:10.423+0000][1][gc,task      ] GC(1) Using 5 workers of 13 for evacuation
[2022-06-13T02:06:10.438+0000][1][gc,age       ] GC(1) Desired survivor size 4456448 bytes, new threshold 6 (max threshold 6)
[2022-06-13T02:06:10.439+0000][1][gc,age       ] GC(1) Age table with threshold 6 (max threshold 6)
[2022-06-13T02:06:10.439+0000][1][gc,age       ] GC(1) - age   1:    1928848 bytes,    1928848 total
[2022-06-13T02:06:10.439+0000][1][gc,heap      ] GC(1) ParNew: 77956K->5318K(78656K)
[2022-06-13T02:06:10.439+0000][1][gc,heap      ] GC(1) CMS: 0K->6649K(174784K)
[2022-06-13T02:06:10.439+0000][1][gc,metaspace ] GC(1) Metaspace: 14821K->14821K(1062912K)
[2022-06-13T02:06:10.439+0000][1][gc           ] GC(1) Pause Young (Allocation Failure) 76M->11M(247M) 16.294ms
[2022-06-13T02:06:10.440+0000][1][gc,cpu       ] GC(1) User=0.06s Sys=0.00s Real=0.02s
[2022-06-13T02:06:10.440+0000][1][safepoint    ] Leaving safepoint region
[2022-06-13T02:06:10.440+0000][1][safepoint    ] Total time for which application threads were stopped: 0.0169630 seconds, Stopping threads took: 0.0001412 seconds
[2022-06-13T02:06:10.440+0000][1][safepoint    ] Application time: 0.0002813 seconds
[2022-06-13T02:06:10.440+0000][1][safepoint    ] Entering safepoint region: RevokeBias
[2022-06-13T02:06:10.441+0000][1][safepoint    ] Leaving safepoint region
[2022-06-13T02:06:10.441+0000][1][safepoint    ] Total time for which application threads were stopped: 0.0004189 seconds, Stopping threads took: 0.0001439 seconds
[2022-06-13T02:06:10.441+0000][1][safepoint    ] Application time: 0.0001121 seconds
[2022-06-13T02:06:10.441+0000][1][safepoint    ] Entering safepoint region: RevokeBias
[2022-06-13T02:06:10.442+0000][1][safepoint    ] Leaving safepoint region
[2022-06-13T02:06:10.442+0000][1][safepoint    ] Total time for which application threads were stopped: 0.0003926 seconds, Stopping threads took: 0.0001896 seconds
[2022-06-13T02:06:10.442+0000][1][safepoint    ] Application time: 0.0002733 seconds
[2022-06-13T02:06:10.442+0000][1][safepoint    ] Entering safepoint region: RevokeBias
[2022-06-13T02:06:10.443+0000][1][safepoint    ] Leaving safepoint region
[2022-06-13T02:06:10.443+0000][1][safepoint    ] Total time for which application threads were stopped: 0.0004169 seconds, Stopping threads took: 0.0002313 seconds
[2022-06-13T02:06:10.443+0000][1][safepoint    ] Application time: 0.0001880 seconds
[2022-06-13T02:06:10.443+0000][1][safepoint    ] Entering safepoint region: RevokeBias
[2022-06-13T02:06:10.443+0000][1][safepoint    ] Leaving safepoint region
[2022-06-13T02:06:10.444+0000][1][safepoint    ] Total time for which application threads were stopped: 0.0003726 seconds, Stopping threads took: 0.0002022 seconds
[2022-06-13T02:06:10.444+0000][1][safepoint    ] Application time: 0.0001100 seconds
[2022-06-13T02:06:10.444+0000][1][safepoint    ] Entering safepoint region: RevokeBias
[2022-06-13T02:06:10.444+0000][1][safepoint    ] Leaving safepoint region
[2022-06-13T02:06:10.444+0000][1][safepoint    ] Total time for which application threads were stopped: 0.0003223 seconds, Stopping threads took: 0.0001558 seconds
[2022-06-13T02:06:10.445+0000][1][safepoint    ] Application time: 0.0000811 seconds
[2022-06-13T02:06:10.445+0000][1][safepoint    ] Entering safepoint region: RevokeBias
[2022-06-13T02:06:10.445+0000][1][safepoint    ] Leaving safepoint region
[2022-06-13T02:06:10.445+0000][1][safepoint    ] Total time for which application threads were stopped: 0.0004135 seconds, Stopping threads took: 0.0002044 seconds
[2022-06-13T02:06:10.445+0000][1][safepoint    ] Application time: 0.0000631 seconds
[2022-06-13T02:06:10.446+0000][1][safepoint    ] Entering safepoint region: RevokeBias
[2022-06-13T02:06:10.446+0000][1][safepoint    ] Leaving safepoint region
[2022-06-13T02:06:10.446+0000][1][safepoint    ] Total time for which application threads were stopped: 0.0003919 seconds, Stopping threads took: 0.0001643 seconds
[2022-06-13T02:06:10.446+0000][1][safepoint    ] Application time: 0.0000920 seconds
[2022-06-13T02:06:10.446+0000][1][safepoint    ] Entering safepoint region: RevokeBias
[2022-06-13T02:06:10.446+0000][1][safepoint    ] Leaving safepoint region
[2022-06-13T02:06:10.447+0000][1][safepoint    ] Total time for which application threads were stopped: 0.0003162 seconds, Stopping threads took: 0.0001428 seconds
[2022-06-13T02:06:10.447+0000][1][safepoint    ] Application time: 0.0000838 seconds
[2022-06-13T02:06:10.447+0000][1][safepoint    ] Entering safepoint region: RevokeBias
[2022-06-13T02:06:10.447+0000][1][safepoint    ] Leaving safepoint region
[2022-06-13T02:06:10.447+0000][1][safepoint    ] Total time for which application threads were stopped: 0.0003238 seconds, Stopping threads took: 0.0001365 seconds
[2022-06-13T02:06:10.447+0000][1][safepoint    ] Application time: 0.0000401 seconds
[2022-06-13T02:06:10.448+0000][1][safepoint    ] Entering safepoint region: RevokeBias
[2022-06-13T02:06:10.448+0000][1][safepoint    ] Leaving safepoint region
[2022-06-13T02:06:10.448+0000][1][safepoint    ] Total time for which application threads were stopped: 0.0002108 seconds, Stopping threads took: 0.0000941 seconds
[2022-06-13T02:06:10.448+0000][1][safepoint    ] Application time: 0.0001146 seconds
[2022-06-13T02:06:10.448+0000][1][safepoint    ] Entering safepoint region: BulkRevokeBias
[2022-06-13T02:06:10.449+0000][1][safepoint    ] Leaving safepoint region
[2022-06-13T02:06:10.449+0000][1][safepoint    ] Total time for which application threads were stopped: 0.0004638 seconds, Stopping threads took: 0.0002386 seconds
[2022-06-13T02:06:10.449+0000][1][safepoint    ] Application time: 0.0000895 seconds
[2022-06-13T02:06:10.449+0000][1][safepoint    ] Entering safepoint region: RevokeBias
[2022-06-13T02:06:10.449+0000][1][safepoint    ] Leaving safepoint region
[2022-06-13T02:06:10.450+0000][1][safepoint    ] Total time for which application threads were stopped: 0.0004861 seconds, Stopping threads took: 0.0002938 seconds
[2022-06-13T02:06:10.450+0000][1][safepoint    ] Application time: 0.0002109 seconds
[2022-06-13T02:06:10.450+0000][1][safepoint    ] Entering safepoint region: BulkRevokeBias
[2022-06-13T02:06:10.450+0000][1][safepoint    ] Leaving safepoint region
[2022-06-13T02:06:10.451+0000][1][safepoint    ] Total time for which application threads were stopped: 0.0004810 seconds, Stopping threads took: 0.0002727 seconds
[2022-06-13T02:06:10.570+0000][1][safepoint    ] Application time: 0.1198438 seconds
[2022-06-13T02:06:10.571+0000][1][safepoint    ] Entering safepoint region: GenCollectForAllocation
[2022-06-13T02:06:10.571+0000][1][gc,start     ] GC(2) Pause Young (Allocation Failure)
[2022-06-13T02:06:10.571+0000][1][gc,task      ] GC(2) Using 5 workers of 13 for evacuation
[2022-06-13T02:06:10.576+0000][1][gc,age       ] GC(2) Desired survivor size 4456448 bytes, new threshold 6 (max threshold 6)
[2022-06-13T02:06:10.576+0000][1][gc,age       ] GC(2) Age table with threshold 6 (max threshold 6)
[2022-06-13T02:06:10.576+0000][1][gc,age       ] GC(2) - age   1:    2512784 bytes,    2512784 total
[2022-06-13T02:06:10.577+0000][1][gc,age       ] GC(2) - age   2:    1180904 bytes,    3693688 total
[2022-06-13T02:06:10.577+0000][1][gc,heap      ] GC(2) ParNew: 75270K->4321K(78656K)
[2022-06-13T02:06:10.577+0000][1][gc,heap      ] GC(2) CMS: 6649K->6649K(174784K)
[2022-06-13T02:06:10.578+0000][1][gc,metaspace ] GC(2) Metaspace: 14951K->14951K(1062912K)
[2022-06-13T02:06:10.578+0000][1][gc           ] GC(2) Pause Young (Allocation Failure) 80M->10M(247M) 6.614ms
[2022-06-13T02:06:10.578+0000][1][gc,cpu       ] GC(2) User=0.02s Sys=0.00s Real=0.00s
[2022-06-13T02:06:10.578+0000][1][safepoint    ] Leaving safepoint region
[2022-06-13T02:06:10.578+0000][1][safepoint    ] Total time for which application threads were stopped: 0.0074117 seconds, Stopping threads took: 0.0001951 seconds
[2022-06-13T02:06:10.580+0000][1][safepoint    ] Application time: 0.0018111 seconds
[2022-06-13T02:06:10.581+0000][1][safepoint    ] Entering safepoint region: RevokeBias
[2022-06-13T02:06:10.581+0000][1][safepoint    ] Leaving safepoint region
[2022-06-13T02:06:10.581+0000][1][safepoint    ] Total time for which application threads were stopped: 0.0005119 seconds, Stopping threads took: 0.0002607 seconds
[2022-06-13T02:06:10.581+0000][1][safepoint    ] Application time: 0.0000964 seconds
[2022-06-13T02:06:10.581+0000][1][safepoint    ] Entering safepoint region: RevokeBias
[2022-06-13T02:06:10.582+0000][1][safepoint    ] Leaving safepoint region
[2022-06-13T02:06:10.582+0000][1][safepoint    ] Total time for which application threads were stopped: 0.0004147 seconds, Stopping threads took: 0.0001847 seconds
[2022-06-13T02:06:10.582+0000][1][safepoint    ] Application time: 0.0001163 seconds
[2022-06-13T02:06:10.582+0000][1][safepoint    ] Entering safepoint region: RevokeBias
[2022-06-13T02:06:10.583+0000][1][safepoint    ] Leaving safepoint region
[2022-06-13T02:06:10.583+0000][1][safepoint    ] Total time for which application threads were stopped: 0.0004057 seconds, Stopping threads took: 0.0002048 seconds
[2022-06-13T02:06:10.583+0000][1][safepoint    ] Application time: 0.0000762 seconds
[2022-06-13T02:06:10.583+0000][1][safepoint    ] Entering safepoint region: RevokeBias
[2022-06-13T02:06:10.583+0000][1][safepoint    ] Leaving safepoint region
[2022-06-13T02:06:10.583+0000][1][safepoint    ] Total time for which application threads were stopped: 0.0003279 seconds, Stopping threads took: 0.0001562 seconds
[2022-06-13T02:06:10.584+0000][1][safepoint    ] Application time: 0.0001042 seconds
[2022-06-13T02:06:10.584+0000][1][safepoint    ] Entering safepoint region: RevokeBias
[2022-06-13T02:06:10.584+0000][1][safepoint    ] Leaving safepoint region
[2022-06-13T02:06:10.584+0000][1][safepoint    ] Total time for which application threads were stopped: 0.0005031 seconds, Stopping threads took: 0.0002248 seconds
[2022-06-13T02:06:10.585+0000][1][safepoint    ] Application time: 0.0000399 seconds
[2022-06-13T02:06:10.585+0000][1][safepoint    ] Entering safepoint region: RevokeBias
[2022-06-13T02:06:10.585+0000][1][safepoint    ] Leaving safepoint region
[2022-06-13T02:06:10.587+0000][1][safepoint    ] Total time for which application threads were stopped: 0.0022217 seconds, Stopping threads took: 0.0002135 seconds
[2022-06-13T02:06:10.709+0000][1][safepoint    ] Application time: 0.1219126 seconds
[2022-06-13T02:06:10.709+0000][1][safepoint    ] Entering safepoint region: Deoptimize
[2022-06-13T02:06:10.710+0000][1][safepoint    ] Leaving safepoint region
[2022-06-13T02:06:10.710+0000][1][safepoint    ] Total time for which application threads were stopped: 0.0009235 seconds, Stopping threads took: 0.0002111 seconds
[2022-06-13T02:06:10.711+0000][1][safepoint    ] Application time: 0.0005321 seconds
[2022-06-13T02:06:10.711+0000][1][safepoint    ] Entering safepoint region: Deoptimize
[2022-06-13T02:06:10.712+0000][1][safepoint    ] Leaving safepoint region
[2022-06-13T02:06:10.712+0000][1][safepoint    ] Total time for which application threads were stopped: 0.0007233 seconds, Stopping threads took: 0.0001596 seconds
[2022-06-13T02:06:10.883+0000][1][safepoint    ] Application time: 0.1705545 seconds
[2022-06-13T02:06:10.883+0000][1][safepoint    ] Entering safepoint region: GenCollectForAllocation
[2022-06-13T02:06:10.883+0000][1][gc,start     ] GC(3) Pause Young (Allocation Failure)
[2022-06-13T02:06:10.883+0000][1][gc,task      ] GC(3) Using 5 workers of 13 for evacuation
[2022-06-13T02:06:10.891+0000][1][gc,age       ] GC(3) Desired survivor size 4456448 bytes, new threshold 3 (max threshold 6)
[2022-06-13T02:06:10.891+0000][1][gc,age       ] GC(3) Age table with threshold 3 (max threshold 6)
[2022-06-13T02:06:10.891+0000][1][gc,age       ] GC(3) - age   1:    3234320 bytes,    3234320 total
[2022-06-13T02:06:10.891+0000][1][gc,age       ] GC(3) - age   2:     293992 bytes,    3528312 total
[2022-06-13T02:06:10.892+0000][1][gc,age       ] GC(3) - age   3:    1177728 bytes,    4706040 total
[2022-06-13T02:06:10.892+0000][1][gc,heap      ] GC(3) ParNew: 74273K->6102K(78656K)
[2022-06-13T02:06:10.892+0000][1][gc,heap      ] GC(3) CMS: 6649K->6649K(174784K)
[2022-06-13T02:06:10.892+0000][1][gc,metaspace ] GC(3) Metaspace: 18197K->18197K(1067008K)
[2022-06-13T02:06:10.893+0000][1][gc           ] GC(3) Pause Young (Allocation Failure) 79M->12M(247M) 9.231ms
[2022-06-13T02:06:10.893+0000][1][gc,cpu       ] GC(3) User=0.03s Sys=0.00s Real=0.01s
[2022-06-13T02:06:10.893+0000][1][safepoint    ] Leaving safepoint region
[2022-06-13T02:06:10.893+0000][1][safepoint    ] Total time for which application threads were stopped: 0.0100215 seconds, Stopping threads took: 0.0002193 seconds
[2022-06-13T02:06:10.894+0000][1][safepoint    ] Application time: 0.0005653 seconds
[2022-06-13T02:06:10.895+0000][1][safepoint    ] Entering safepoint region: BulkRevokeBias
[2022-06-13T02:06:10.895+0000][1][safepoint    ] Leaving safepoint region
[2022-06-13T02:06:10.895+0000][1][safepoint    ] Total time for which application threads were stopped: 0.0007093 seconds, Stopping threads took: 0.0004067 seconds
[2022-06-13T02:06:10.896+0000][1][safepoint    ] Application time: 0.0008664 seconds
[2022-06-13T02:06:10.897+0000][1][safepoint    ] Entering safepoint region: RevokeBias
[2022-06-13T02:06:10.898+0000][1][safepoint    ] Leaving safepoint region
[2022-06-13T02:06:10.899+0000][1][safepoint    ] Total time for which application threads were stopped: 0.0017206 seconds, Stopping threads took: 0.0008648 seconds
[2022-06-13T02:06:10.899+0000][1][safepoint    ] Application time: 0.0002579 seconds
[2022-06-13T02:06:10.900+0000][1][safepoint    ] Entering safepoint region: RevokeBias
[2022-06-13T02:06:10.900+0000][1][safepoint    ] Leaving safepoint region
[2022-06-13T02:06:10.900+0000][1][safepoint    ] Total time for which application threads were stopped: 0.0005715 seconds, Stopping threads took: 0.0002854 seconds
[2022-06-13T02:06:10.901+0000][1][safepoint    ] Application time: 0.0006568 seconds
[2022-06-13T02:06:10.902+0000][1][safepoint    ] Entering safepoint region: RevokeBias
[2022-06-13T02:06:10.903+0000][1][safepoint    ] Leaving safepoint region
[2022-06-13T02:06:10.903+0000][1][safepoint    ] Total time for which application threads were stopped: 0.0005836 seconds, Stopping threads took: 0.0003155 seconds
[2022-06-13T02:06:10.903+0000][1][safepoint    ] Application time: 0.0001077 seconds
[2022-06-13T02:06:10.903+0000][1][safepoint    ] Entering safepoint region: RevokeBias
[2022-06-13T02:06:10.903+0000][1][safepoint    ] Leaving safepoint region
[2022-06-13T02:06:10.903+0000][1][safepoint    ] Total time for which application threads were stopped: 0.0004174 seconds, Stopping threads took: 0.0001757 seconds
[2022-06-13T02:06:10.904+0000][1][safepoint    ] Application time: 0.0001368 seconds
[2022-06-13T02:06:10.904+0000][1][safepoint    ] Entering safepoint region: RevokeBias
[2022-06-13T02:06:10.904+0000][1][safepoint    ] Leaving safepoint region
[2022-06-13T02:06:10.904+0000][1][safepoint    ] Total time for which application threads were stopped: 0.0003871 seconds, Stopping threads took: 0.0001650 seconds
[2022-06-13T02:06:10.905+0000][1][safepoint    ] Application time: 0.0001678 seconds
[2022-06-13T02:06:10.905+0000][1][safepoint    ] Entering safepoint region: RevokeBias
[2022-06-13T02:06:10.905+0000][1][safepoint    ] Leaving safepoint region
[2022-06-13T02:06:10.905+0000][1][safepoint    ] Total time for which application threads were stopped: 0.0004335 seconds, Stopping threads took: 0.0001527 seconds
[2022-06-13T02:06:10.905+0000][1][safepoint    ] Application time: 0.0000393 seconds
[2022-06-13T02:06:10.906+0000][1][safepoint    ] Entering safepoint region: RevokeBias
[2022-06-13T02:06:10.906+0000][1][safepoint    ] Leaving safepoint region
[2022-06-13T02:06:10.906+0000][1][safepoint    ] Total time for which application threads were stopped: 0.0003499 seconds, Stopping threads took: 0.0001477 seconds
[2022-06-13T02:06:10.906+0000][1][safepoint    ] Application time: 0.0000574 seconds
[2022-06-13T02:06:10.906+0000][1][safepoint    ] Entering safepoint region: RevokeBias
[2022-06-13T02:06:10.907+0000][1][safepoint    ] Leaving safepoint region
[2022-06-13T02:06:10.907+0000][1][safepoint    ] Total time for which application threads were stopped: 0.0007038 seconds, Stopping threads took: 0.0004603 seconds
[2022-06-13T02:06:10.908+0000][1][safepoint    ] Application time: 0.0003700 seconds
[2022-06-13T02:06:10.908+0000][1][safepoint    ] Entering safepoint region: RevokeBias
[2022-06-13T02:06:10.909+0000][1][safepoint    ] Leaving safepoint region
[2022-06-13T02:06:10.909+0000][1][safepoint    ] Total time for which application threads were stopped: 0.0007026 seconds, Stopping threads took: 0.0005030 seconds
[2022-06-13T02:06:10.909+0000][1][safepoint    ] Application time: 0.0001364 seconds
[2022-06-13T02:06:10.909+0000][1][safepoint    ] Entering safepoint region: RevokeBias
[2022-06-13T02:06:10.909+0000][1][safepoint    ] Leaving safepoint region
[2022-06-13T02:06:10.909+0000][1][safepoint    ] Total time for which application threads were stopped: 0.0003666 seconds, Stopping threads took: 0.0001688 seconds
[2022-06-13T02:06:10.910+0000][1][safepoint    ] Application time: 0.0002010 seconds
[2022-06-13T02:06:10.910+0000][1][safepoint    ] Entering safepoint region: RevokeBias
[2022-06-13T02:06:10.910+0000][1][safepoint    ] Leaving safepoint region
[2022-06-13T02:06:10.910+0000][1][safepoint    ] Total time for which application threads were stopped: 0.0004034 seconds, Stopping threads took: 0.0002038 seconds
[2022-06-13T02:06:10.911+0000][1][safepoint    ] Application time: 0.0001082 seconds
[2022-06-13T02:06:10.911+0000][1][safepoint    ] Entering safepoint region: RevokeBias
[2022-06-13T02:06:10.911+0000][1][safepoint    ] Leaving safepoint region
[2022-06-13T02:06:10.911+0000][1][safepoint    ] Total time for which application threads were stopped: 0.0004465 seconds, Stopping threads took: 0.0001275 seconds
[2022-06-13T02:06:10.911+0000][1][safepoint    ] Application time: 0.0001076 seconds
[2022-06-13T02:06:10.912+0000][1][safepoint    ] Entering safepoint region: RevokeBias
[2022-06-13T02:06:10.912+0000][1][safepoint    ] Leaving safepoint region
[2022-06-13T02:06:10.912+0000][1][safepoint    ] Total time for which application threads were stopped: 0.0004409 seconds, Stopping threads took: 0.0001722 seconds
[2022-06-13T02:06:10.912+0000][1][safepoint    ] Application time: 0.0003222 seconds
[2022-06-13T02:06:10.914+0000][1][safepoint    ] Entering safepoint region: RevokeBias
[2022-06-13T02:06:10.914+0000][1][safepoint    ] Leaving safepoint region
[2022-06-13T02:06:10.914+0000][1][safepoint    ] Total time for which application threads were stopped: 0.0004932 seconds, Stopping threads took: 0.0002703 seconds
[2022-06-13T02:06:10.916+0000][1][safepoint    ] Application time: 0.0010538 seconds
[2022-06-13T02:06:10.925+0000][1][safepoint    ] Entering safepoint region: RevokeBias
[2022-06-13T02:06:10.925+0000][1][safepoint    ] Leaving safepoint region
[2022-06-13T02:06:10.925+0000][1][safepoint    ] Total time for which application threads were stopped: 0.0090687 seconds, Stopping threads took: 0.0088195 seconds
[2022-06-13T02:06:10.925+0000][1][safepoint    ] Application time: 0.0000988 seconds
[2022-06-13T02:06:10.926+0000][1][safepoint    ] Entering safepoint region: RevokeBias
[2022-06-13T02:06:10.926+0000][1][safepoint    ] Leaving safepoint region
[2022-06-13T02:06:10.926+0000][1][safepoint    ] Total time for which application threads were stopped: 0.0003153 seconds, Stopping threads took: 0.0001129 seconds
[2022-06-13T02:06:10.926+0000][1][safepoint    ] Application time: 0.0001564 seconds
[2022-06-13T02:06:10.926+0000][1][safepoint    ] Entering safepoint region: RevokeBias
[2022-06-13T02:06:10.927+0000][1][safepoint    ] Leaving safepoint region
[2022-06-13T02:06:10.927+0000][1][safepoint    ] Total time for which application threads were stopped: 0.0003972 seconds, Stopping threads took: 0.0002536 seconds
[2022-06-13T02:06:10.927+0000][1][safepoint    ] Application time: 0.0001718 seconds
[2022-06-13T02:06:10.927+0000][1][safepoint    ] Entering safepoint region: RevokeBias
[2022-06-13T02:06:10.927+0000][1][safepoint    ] Leaving safepoint region
[2022-06-13T02:06:10.928+0000][1][safepoint    ] Total time for which application threads were stopped: 0.0004001 seconds, Stopping threads took: 0.0002052 seconds
[2022-06-13T02:06:10.928+0000][1][safepoint    ] Application time: 0.0000581 seconds
[2022-06-13T02:06:10.928+0000][1][safepoint    ] Entering safepoint region: RevokeBias
[2022-06-13T02:06:10.928+0000][1][safepoint    ] Leaving safepoint region
[2022-06-13T02:06:10.928+0000][1][safepoint    ] Total time for which application threads were stopped: 0.0003067 seconds, Stopping threads took: 0.0001331 seconds
[2022-06-13T02:06:10.928+0000][1][safepoint    ] Application time: 0.0000804 seconds
[2022-06-13T02:06:10.930+0000][1][safepoint    ] Entering safepoint region: RevokeBias
[2022-06-13T02:06:10.931+0000][1][safepoint    ] Leaving safepoint region
[2022-06-13T02:06:10.931+0000][1][safepoint    ] Total time for which application threads were stopped: 0.0024402 seconds, Stopping threads took: 0.0010868 seconds
[2022-06-13T02:06:11.049+0000][1][safepoint    ] Application time: 0.1174821 seconds
[2022-06-13T02:06:11.065+0000][1][safepoint    ] Entering safepoint region: GenCollectForAllocation
[2022-06-13T02:06:11.065+0000][1][gc,start     ] GC(4) Pause Young (Allocation Failure)
[2022-06-13T02:06:11.065+0000][1][gc,task      ] GC(4) Using 5 workers of 13 for evacuation
[2022-06-13T02:06:11.069+0000][1][gc,age       ] GC(4) Desired survivor size 4456448 bytes, new threshold 3 (max threshold 6)
[2022-06-13T02:06:11.070+0000][1][gc,age       ] GC(4) Age table with threshold 3 (max threshold 6)
[2022-06-13T02:06:11.070+0000][1][gc,age       ] GC(4) - age   1:    1072008 bytes,    1072008 total
[2022-06-13T02:06:11.070+0000][1][gc,age       ] GC(4) - age   2:    3199832 bytes,    4271840 total
[2022-06-13T02:06:11.071+0000][1][gc,age       ] GC(4) - age   3:     293488 bytes,    4565328 total
[2022-06-13T02:06:11.071+0000][1][gc,heap      ] GC(4) ParNew: 76054K->6466K(78656K)
[2022-06-13T02:06:11.071+0000][1][gc,heap      ] GC(4) CMS: 6649K->7817K(174784K)
[2022-06-13T02:06:11.071+0000][1][gc,metaspace ] GC(4) Metaspace: 18697K->18697K(1067008K)
[2022-06-13T02:06:11.071+0000][1][gc           ] GC(4) Pause Young (Allocation Failure) 80M->13M(247M) 6.142ms
[2022-06-13T02:06:11.071+0000][1][gc,cpu       ] GC(4) User=0.05s Sys=0.00s Real=0.01s
[2022-06-13T02:06:11.071+0000][1][safepoint    ] Leaving safepoint region
[2022-06-13T02:06:11.072+0000][1][safepoint    ] Total time for which application threads were stopped: 0.0124139 seconds, Stopping threads took: 0.0057508 seconds
[2022-06-13T02:06:11.072+0000][1][safepoint    ] Application time: 0.0002574 seconds
[2022-06-13T02:06:11.072+0000][1][safepoint    ] Entering safepoint region: RevokeBias
[2022-06-13T02:06:11.072+0000][1][safepoint    ] Leaving safepoint region
[2022-06-13T02:06:11.072+0000][1][safepoint    ] Total time for which application threads were stopped: 0.0003955 seconds, Stopping threads took: 0.0001912 seconds
[2022-06-13T02:06:11.073+0000][1][safepoint    ] Application time: 0.0000388 seconds
[2022-06-13T02:06:11.073+0000][1][safepoint    ] Entering safepoint region: RevokeBias
[2022-06-13T02:06:11.073+0000][1][safepoint    ] Leaving safepoint region
[2022-06-13T02:06:11.073+0000][1][safepoint    ] Total time for which application threads were stopped: 0.0003624 seconds, Stopping threads took: 0.0001528 seconds
[2022-06-13T02:06:11.073+0000][1][safepoint    ] Application time: 0.0000546 seconds
[2022-06-13T02:06:11.074+0000][1][safepoint    ] Entering safepoint region: RevokeBias
[2022-06-13T02:06:11.074+0000][1][safepoint    ] Leaving safepoint region
[2022-06-13T02:06:11.074+0000][1][safepoint    ] Total time for which application threads were stopped: 0.0003201 seconds, Stopping threads took: 0.0001278 seconds
[2022-06-13T02:06:11.074+0000][1][safepoint    ] Application time: 0.0000233 seconds
[2022-06-13T02:06:11.074+0000][1][safepoint    ] Entering safepoint region: RevokeBias
[2022-06-13T02:06:11.074+0000][1][safepoint    ] Leaving safepoint region
[2022-06-13T02:06:11.074+0000][1][safepoint    ] Total time for which application threads were stopped: 0.0002989 seconds, Stopping threads took: 0.0001262 seconds
[2022-06-13T02:06:11.095+0000][1][safepoint    ] Application time: 0.0206805 seconds
[2022-06-13T02:06:11.096+0000][1][safepoint    ] Entering safepoint region: Deoptimize
[2022-06-13T02:06:11.096+0000][1][safepoint    ] Leaving safepoint region
[2022-06-13T02:06:11.097+0000][1][safepoint    ] Total time for which application threads were stopped: 0.0009433 seconds, Stopping threads took: 0.0002076 seconds
[2022-06-13T02:06:11.131+0000][1][safepoint    ] Application time: 0.0338179 seconds
[2022-06-13T02:06:11.131+0000][1][safepoint    ] Entering safepoint region: Deoptimize
[2022-06-13T02:06:11.132+0000][1][safepoint    ] Leaving safepoint region
[2022-06-13T02:06:11.132+0000][1][safepoint    ] Total time for which application threads were stopped: 0.0008942 seconds, Stopping threads took: 0.0002000 seconds
[2022-06-13T02:06:11.217+0000][1][safepoint    ] Application time: 0.0851423 seconds
[2022-06-13T02:06:11.217+0000][1][safepoint    ] Entering safepoint region: GenCollectForAllocation
[2022-06-13T02:06:11.218+0000][1][gc,start     ] GC(5) Pause Young (Allocation Failure)
[2022-06-13T02:06:11.218+0000][1][gc,task      ] GC(5) Using 5 workers of 13 for evacuation
[2022-06-13T02:06:11.222+0000][1][gc,age       ] GC(5) Desired survivor size 4456448 bytes, new threshold 3 (max threshold 6)
[2022-06-13T02:06:11.223+0000][1][gc,age       ] GC(5) Age table with threshold 3 (max threshold 6)
[2022-06-13T02:06:11.223+0000][1][gc,age       ] GC(5) - age   1:    2179504 bytes,    2179504 total
[2022-06-13T02:06:11.223+0000][1][gc,age       ] GC(5) - age   2:     576184 bytes,    2755688 total
[2022-06-13T02:06:11.223+0000][1][gc,age       ] GC(5) - age   3:    3195440 bytes,    5951128 total
[2022-06-13T02:06:11.223+0000][1][gc,heap      ] GC(5) ParNew: 76418K->7943K(78656K)
[2022-06-13T02:06:11.224+0000][1][gc,heap      ] GC(5) CMS: 7817K->8107K(174784K)
[2022-06-13T02:06:11.224+0000][1][gc,metaspace ] GC(5) Metaspace: 18981K->18981K(1067008K)
[2022-06-13T02:06:11.225+0000][1][gc           ] GC(5) Pause Young (Allocation Failure) 82M->15M(247M) 7.186ms
[2022-06-13T02:06:11.226+0000][1][gc,cpu       ] GC(5) User=0.03s Sys=0.00s Real=0.01s
[2022-06-13T02:06:11.227+0000][1][safepoint    ] Leaving safepoint region
[2022-06-13T02:06:11.227+0000][1][safepoint    ] Total time for which application threads were stopped: 0.0092556 seconds, Stopping threads took: 0.0001862 seconds
[2022-06-13T02:06:11.230+0000][1][safepoint    ] Application time: 0.0033269 seconds
[2022-06-13T02:06:11.231+0000][1][safepoint    ] Entering safepoint region: RevokeBias
[2022-06-13T02:06:11.232+0000][1][safepoint    ] Leaving safepoint region
[2022-06-13T02:06:11.232+0000][1][safepoint    ] Total time for which application threads were stopped: 0.0019627 seconds, Stopping threads took: 0.0014348 seconds
[2022-06-13T02:06:11.234+0000][1][safepoint    ] Application time: 0.0000854 seconds
[2022-06-13T02:06:11.236+0000][1][safepoint    ] Entering safepoint region: RevokeBias
[2022-06-13T02:06:11.237+0000][1][safepoint    ] Leaving safepoint region
[2022-06-13T02:06:11.237+0000][1][safepoint    ] Total time for which application threads were stopped: 0.0012507 seconds, Stopping threads took: 0.0008097 seconds
[2022-06-13T02:06:11.238+0000][1][safepoint    ] Application time: 0.0004138 seconds
[2022-06-13T02:06:11.238+0000][1][safepoint    ] Entering safepoint region: RevokeBias
[2022-06-13T02:06:11.239+0000][1][safepoint    ] Leaving safepoint region
[2022-06-13T02:06:11.241+0000][1][safepoint    ] Total time for which application threads were stopped: 0.0029464 seconds, Stopping threads took: 0.0006147 seconds
[2022-06-13T02:06:11.242+0000][1][safepoint    ] Application time: 0.0000714 seconds
[2022-06-13T02:06:11.245+0000][1][safepoint    ] Entering safepoint region: RevokeBias
[2022-06-13T02:06:11.246+0000][1][safepoint    ] Leaving safepoint region
[2022-06-13T02:06:11.246+0000][1][safepoint    ] Total time for which application threads were stopped: 0.0033467 seconds, Stopping threads took: 0.0030679 seconds
[2022-06-13T02:06:11.248+0000][1][safepoint    ] Application time: 0.0023620 seconds
[2022-06-13T02:06:11.249+0000][1][safepoint    ] Entering safepoint region: RevokeBias
[2022-06-13T02:06:11.250+0000][1][safepoint    ] Leaving safepoint region
[2022-06-13T02:06:11.250+0000][1][safepoint    ] Total time for which application threads were stopped: 0.0016432 seconds, Stopping threads took: 0.0011497 seconds
[2022-06-13T02:06:11.252+0000][1][safepoint    ] Application time: 0.0000494 seconds
[2022-06-13T02:06:11.253+0000][1][safepoint    ] Entering safepoint region: RevokeBias
[2022-06-13T02:06:11.253+0000][1][safepoint    ] Leaving safepoint region
[2022-06-13T02:06:11.253+0000][1][safepoint    ] Total time for which application threads were stopped: 0.0005402 seconds, Stopping threads took: 0.0002305 seconds
[2022-06-13T02:06:11.387+0000][1][safepoint    ] Application time: 0.1337369 seconds
[2022-06-13T02:06:11.387+0000][1][safepoint    ] Entering safepoint region: RevokeBias
[2022-06-13T02:06:11.387+0000][1][safepoint    ] Leaving safepoint region
[2022-06-13T02:06:11.388+0000][1][safepoint    ] Total time for which application threads were stopped: 0.0003584 seconds, Stopping threads took: 0.0001434 seconds
[2022-06-13T02:06:11.417+0000][1][safepoint    ] Application time: 0.0295945 seconds
[2022-06-13T02:06:11.418+0000][1][safepoint    ] Entering safepoint region: GenCollectForAllocation
[2022-06-13T02:06:11.418+0000][1][gc,start     ] GC(6) Pause Young (Allocation Failure)
[2022-06-13T02:06:11.418+0000][1][gc,task      ] GC(6) Using 5 workers of 13 for evacuation
[2022-06-13T02:06:11.430+0000][1][gc,age       ] GC(6) Desired survivor size 4456448 bytes, new threshold 6 (max threshold 6)
[2022-06-13T02:06:11.430+0000][1][gc,age       ] GC(6) Age table with threshold 6 (max threshold 6)
[2022-06-13T02:06:11.430+0000][1][gc,age       ] GC(6) - age   1:    1370872 bytes,    1370872 total
[2022-06-13T02:06:11.431+0000][1][gc,age       ] GC(6) - age   2:    2166496 bytes,    3537368 total
[2022-06-13T02:06:11.431+0000][1][gc,age       ] GC(6) - age   3:     576184 bytes,    4113552 total
[2022-06-13T02:06:11.431+0000][1][gc,heap      ] GC(6) ParNew: 77895K->6098K(78656K)
[2022-06-13T02:06:11.431+0000][1][gc,heap      ] GC(6) CMS: 8107K->11270K(174784K)
[2022-06-13T02:06:11.431+0000][1][gc,metaspace ] GC(6) Metaspace: 19335K->19335K(1067008K)
[2022-06-13T02:06:11.431+0000][1][gc           ] GC(6) Pause Young (Allocation Failure) 83M->16M(247M) 13.518ms
[2022-06-13T02:06:11.432+0000][1][gc,cpu       ] GC(6) User=0.06s Sys=0.00s Real=0.02s
[2022-06-13T02:06:11.432+0000][1][safepoint    ] Leaving safepoint region
[2022-06-13T02:06:11.432+0000][1][safepoint    ] Total time for which application threads were stopped: 0.0142580 seconds, Stopping threads took: 0.0001818 seconds
[2022-06-13T02:06:11.439+0000][1][safepoint    ] Application time: 0.0070791 seconds
[2022-06-13T02:06:11.440+0000][1][safepoint    ] Entering safepoint region: BulkRevokeBias
[2022-06-13T02:06:11.440+0000][1][safepoint    ] Leaving safepoint region
[2022-06-13T02:06:11.440+0000][1][safepoint    ] Total time for which application threads were stopped: 0.0004662 seconds, Stopping threads took: 0.0002140 seconds
[2022-06-13T02:06:11.440+0000][1][safepoint    ] Application time: 0.0000575 seconds
[2022-06-13T02:06:11.440+0000][1][safepoint    ] Entering safepoint region: BulkRevokeBias
[2022-06-13T02:06:11.441+0000][1][safepoint    ] Leaving safepoint region
[2022-06-13T02:06:11.441+0000][1][safepoint    ] Total time for which application threads were stopped: 0.0003831 seconds, Stopping threads took: 0.0001852 seconds
[2022-06-13T02:06:11.563+0000][1][safepoint    ] Application time: 0.1219929 seconds
[2022-06-13T02:06:11.563+0000][1][safepoint    ] Entering safepoint region: GenCollectForAllocation
[2022-06-13T02:06:11.564+0000][1][gc,start     ] GC(7) Pause Young (Allocation Failure)
[2022-06-13T02:06:11.565+0000][1][gc,task      ] GC(7) Using 5 workers of 13 for evacuation
[2022-06-13T02:06:11.568+0000][1][gc,age       ] GC(7) Desired survivor size 4456448 bytes, new threshold 6 (max threshold 6)
[2022-06-13T02:06:11.568+0000][1][gc,age       ] GC(7) Age table with threshold 6 (max threshold 6)
[2022-06-13T02:06:11.569+0000][1][gc,age       ] GC(7) - age   1:     459544 bytes,     459544 total
[2022-06-13T02:06:11.569+0000][1][gc,age       ] GC(7) - age   2:    1158576 bytes,    1618120 total
[2022-06-13T02:06:11.569+0000][1][gc,age       ] GC(7) - age   3:    2166496 bytes,    3784616 total
[2022-06-13T02:06:11.569+0000][1][gc,age       ] GC(7) - age   4:     576184 bytes,    4360800 total
[2022-06-13T02:06:11.569+0000][1][gc,heap      ] GC(7) ParNew: 76050K->7280K(78656K)
[2022-06-13T02:06:11.570+0000][1][gc,heap      ] GC(7) CMS: 11270K->11270K(174784K)
[2022-06-13T02:06:11.570+0000][1][gc,metaspace ] GC(7) Metaspace: 19581K->19581K(1067008K)
[2022-06-13T02:06:11.570+0000][1][gc           ] GC(7) Pause Young (Allocation Failure) 85M->18M(247M) 6.249ms
[2022-06-13T02:06:11.570+0000][1][gc,cpu       ] GC(7) User=0.02s Sys=0.00s Real=0.01s
[2022-06-13T02:06:11.570+0000][1][safepoint    ] Leaving safepoint region
[2022-06-13T02:06:11.570+0000][1][safepoint    ] Total time for which application threads were stopped: 0.0069852 seconds, Stopping threads took: 0.0001746 seconds
[2022-06-13T02:06:11.611+0000][1][safepoint    ] Application time: 0.0404751 seconds
[2022-06-13T02:06:11.614+0000][1][safepoint    ] Entering safepoint region: CollectForMetadataAllocation
[2022-06-13T02:06:11.616+0000][1][safepoint    ] Leaving safepoint region
[2022-06-13T02:06:11.620+0000][1][safepoint    ] Total time for which application threads were stopped: 0.0055813 seconds, Stopping threads took: 0.0009763 seconds
[2022-06-13T02:06:11.657+0000][1][safepoint    ] Application time: 0.0366858 seconds
[2022-06-13T02:06:11.658+0000][1][safepoint    ] Entering safepoint region: CollectForMetadataAllocation
[2022-06-13T02:06:11.658+0000][1][safepoint    ] Leaving safepoint region
[2022-06-13T02:06:11.659+0000][1][safepoint    ] Total time for which application threads were stopped: 0.0013297 seconds, Stopping threads took: 0.0005862 seconds
[2022-06-13T02:06:11.659+0000][1][safepoint    ] Application time: 0.0000689 seconds
[2022-06-13T02:06:11.665+0000][1][safepoint    ] Entering safepoint region: CollectForMetadataAllocation
[2022-06-13T02:06:11.666+0000][1][safepoint    ] Leaving safepoint region
[2022-06-13T02:06:11.666+0000][1][safepoint    ] Total time for which application threads were stopped: 0.0066150 seconds, Stopping threads took: 0.0063985 seconds
[2022-06-13T02:06:11.753+0000][1][safepoint    ] Application time: 0.0865748 seconds
[2022-06-13T02:06:11.753+0000][1][safepoint    ] Entering safepoint region: GenCollectForAllocation
[2022-06-13T02:06:11.753+0000][1][gc,start     ] GC(8) Pause Young (Allocation Failure)
[2022-06-13T02:06:11.753+0000][1][gc,task      ] GC(8) Using 5 workers of 13 for evacuation
[2022-06-13T02:06:11.771+0000][1][gc,age       ] GC(8) Desired survivor size 4456448 bytes, new threshold 4 (max threshold 6)
[2022-06-13T02:06:11.771+0000][1][gc,age       ] GC(8) Age table with threshold 4 (max threshold 6)
[2022-06-13T02:06:11.771+0000][1][gc,age       ] GC(8) - age   1:    2416288 bytes,    2416288 total
[2022-06-13T02:06:11.771+0000][1][gc,age       ] GC(8) - age   2:     436560 bytes,    2852848 total
[2022-06-13T02:06:11.771+0000][1][gc,age       ] GC(8) - age   3:    1158432 bytes,    4011280 total
[2022-06-13T02:06:11.772+0000][1][gc,age       ] GC(8) - age   4:    2164280 bytes,    6175560 total
[2022-06-13T02:06:11.772+0000][1][gc,age       ] GC(8) - age   5:     576184 bytes,    6751744 total
[2022-06-13T02:06:11.772+0000][1][gc,heap      ] GC(8) ParNew: 77232K->7644K(78656K)
[2022-06-13T02:06:11.772+0000][1][gc,heap      ] GC(8) CMS: 11270K->11270K(174784K)
[2022-06-13T02:06:11.772+0000][1][gc,metaspace ] GC(8) Metaspace: 20382K->20382K(1069056K)
[2022-06-13T02:06:11.772+0000][1][gc           ] GC(8) Pause Young (Allocation Failure) 86M->18M(247M) 19.244ms
[2022-06-13T02:06:11.773+0000][1][gc,cpu       ] GC(8) User=0.08s Sys=0.00s Real=0.02s
[2022-06-13T02:06:11.773+0000][1][safepoint    ] Leaving safepoint region
[2022-06-13T02:06:11.773+0000][1][safepoint    ] Total time for which application threads were stopped: 0.0202382 seconds, Stopping threads took: 0.0001881 seconds
[2022-06-13T02:06:11.774+0000][1][safepoint    ] Application time: 0.0007491 seconds
[2022-06-13T02:06:11.774+0000][1][safepoint    ] Entering safepoint region: CMS_Initial_Mark
[2022-06-13T02:06:11.774+0000][1][gc,start     ] GC(9) Pause Initial Mark
[2022-06-13T02:06:11.776+0000][1][gc           ] GC(9) Pause Initial Mark 19M->19M(247M) 1.189ms
[2022-06-13T02:06:11.776+0000][1][gc,cpu       ] GC(9) User=0.00s Sys=0.00s Real=0.00s
[2022-06-13T02:06:11.776+0000][1][safepoint    ] Leaving safepoint region
[2022-06-13T02:06:11.776+0000][1][safepoint    ] Total time for which application threads were stopped: 0.0019484 seconds, Stopping threads took: 0.0002128 seconds
[2022-06-13T02:06:11.776+0000][1][gc           ] GC(9) Concurrent Mark
[2022-06-13T02:06:11.778+0000][1][gc,task      ] GC(9) Using 4 workers of 4 for marking
[2022-06-13T02:06:11.786+0000][1][gc           ] GC(9) Concurrent Mark 9.252ms
[2022-06-13T02:06:11.786+0000][1][gc,cpu       ] GC(9) User=0.06s Sys=0.00s Real=0.01s
[2022-06-13T02:06:11.786+0000][1][gc           ] GC(9) Concurrent Preclean
[2022-06-13T02:06:11.787+0000][1][gc           ] GC(9) Concurrent Preclean 0.824ms
[2022-06-13T02:06:11.787+0000][1][gc,cpu       ] GC(9) User=0.00s Sys=0.00s Real=0.00s
[2022-06-13T02:06:11.787+0000][1][gc           ] GC(9) Concurrent Abortable Preclean
[2022-06-13T02:06:11.869+0000][1][safepoint    ] Application time: 0.0931325 seconds
[2022-06-13T02:06:11.874+0000][1][safepoint    ] Entering safepoint region: GenCollectForAllocation
[2022-06-13T02:06:11.876+0000][1][gc,start     ] GC(10) Pause Young (Allocation Failure)
[2022-06-13T02:06:11.877+0000][1][gc,task      ] GC(10) Using 5 workers of 13 for evacuation
[2022-06-13T02:06:11.888+0000][1][gc,age       ] GC(10) Desired survivor size 4456448 bytes, new threshold 6 (max threshold 6)
[2022-06-13T02:06:11.892+0000][1][gc,age       ] GC(10) Age table with threshold 6 (max threshold 6)
[2022-06-13T02:06:11.894+0000][1][gc,age       ] GC(10) - age   1:     637496 bytes,     637496 total
[2022-06-13T02:06:11.896+0000][1][gc,age       ] GC(10) - age   2:     530696 bytes,    1168192 total
[2022-06-13T02:06:11.898+0000][1][gc,age       ] GC(10) - age   3:     436440 bytes,    1604632 total
[2022-06-13T02:06:11.899+0000][1][gc,age       ] GC(10) - age   4:    1158432 bytes,    2763064 total
[2022-06-13T02:06:11.899+0000][1][gc,heap      ] GC(10) ParNew: 77596K->5104K(78656K)
[2022-06-13T02:06:11.899+0000][1][gc,heap      ] GC(10) CMS: 11270K->14040K(174784K)
[2022-06-13T02:06:11.899+0000][1][gc,metaspace ] GC(10) Metaspace: 20498K->20498K(1069056K)
[2022-06-13T02:06:11.900+0000][1][gc           ] GC(10) Pause Young (Allocation Failure) 86M->18M(247M) 23.947ms
[2022-06-13T02:06:11.900+0000][1][gc,cpu       ] GC(10) User=0.09s Sys=0.00s Real=0.03s
[2022-06-13T02:06:11.901+0000][1][safepoint    ] Leaving safepoint region
[2022-06-13T02:06:11.902+0000][1][safepoint    ] Total time for which application threads were stopped: 0.0272531 seconds, Stopping threads took: 0.0012717 seconds
[2022-06-13T02:06:12.013+0000][1][safepoint    ] Application time: 0.1110290 seconds
[2022-06-13T02:06:12.014+0000][1][safepoint    ] Entering safepoint region: GenCollectForAllocation
[2022-06-13T02:06:12.014+0000][1][gc,start     ] GC(11) Pause Young (Allocation Failure)
[2022-06-13T02:06:12.014+0000][1][gc,task      ] GC(11) Using 5 workers of 13 for evacuation
[2022-06-13T02:06:12.023+0000][1][gc,age       ] GC(11) Desired survivor size 4456448 bytes, new threshold 6 (max threshold 6)
[2022-06-13T02:06:12.023+0000][1][gc,age       ] GC(11) Age table with threshold 6 (max threshold 6)
[2022-06-13T02:06:12.026+0000][1][gc,age       ] GC(11) - age   1:    1458320 bytes,    1458320 total
[2022-06-13T02:06:12.027+0000][1][gc,age       ] GC(11) - age   2:     131744 bytes,    1590064 total
[2022-06-13T02:06:12.027+0000][1][gc,age       ] GC(11) - age   3:     530648 bytes,    2120712 total
[2022-06-13T02:06:12.027+0000][1][gc,age       ] GC(11) - age   4:     436336 bytes,    2557048 total
[2022-06-13T02:06:12.027+0000][1][gc,age       ] GC(11) - age   5:    1158144 bytes,    3715192 total
[2022-06-13T02:06:12.027+0000][1][gc,heap      ] GC(11) ParNew: 75056K->4892K(78656K)
[2022-06-13T02:06:12.027+0000][1][gc,heap      ] GC(11) CMS: 14040K->14040K(174784K)
[2022-06-13T02:06:12.027+0000][1][gc,metaspace ] GC(11) Metaspace: 20576K->20576K(1069056K)
[2022-06-13T02:06:12.028+0000][1][gc           ] GC(11) Pause Young (Allocation Failure) 87M->18M(247M) 13.387ms
[2022-06-13T02:06:12.028+0000][1][gc,cpu       ] GC(11) User=0.05s Sys=0.00s Real=0.01s
[2022-06-13T02:06:12.033+0000][1][safepoint    ] Leaving safepoint region
[2022-06-13T02:06:12.034+0000][1][safepoint    ] Total time for which application threads were stopped: 0.0199163 seconds, Stopping threads took: 0.0002092 seconds
[2022-06-13T02:06:12.129+0000][1][safepoint    ] Application time: 0.0947033 seconds
[2022-06-13T02:06:12.141+0000][1][safepoint    ] Entering safepoint region: CollectForMetadataAllocation
[2022-06-13T02:06:12.142+0000][1][safepoint    ] Leaving safepoint region
[2022-06-13T02:06:12.142+0000][1][safepoint    ] Total time for which application threads were stopped: 0.0007236 seconds, Stopping threads took: 0.0003975 seconds
[2022-06-13T02:06:12.156+0000][1][gc           ] GC(9) Concurrent Abortable Preclean 368.141ms
[2022-06-13T02:06:12.157+0000][1][gc,cpu       ] GC(9) User=1.46s Sys=0.01s Real=0.37s
[2022-06-13T02:06:12.158+0000][1][safepoint    ] Application time: 0.0164580 seconds
[2022-06-13T02:06:12.159+0000][1][safepoint    ] Entering safepoint region: CMS_Final_Remark
[2022-06-13T02:06:12.159+0000][1][gc,start     ] GC(9) Pause Remark
[2022-06-13T02:06:12.182+0000][1][gc           ] GC(9) Pause Remark 59M->59M(247M) 22.672ms
[2022-06-13T02:06:12.189+0000][1][gc,cpu       ] GC(9) User=0.10s Sys=0.00s Real=0.04s
[2022-06-13T02:06:12.192+0000][1][safepoint    ] Leaving safepoint region
[2022-06-13T02:06:12.196+0000][1][safepoint    ] Total time for which application threads were stopped: 0.0374686 seconds, Stopping threads took: 0.0002045 seconds
[2022-06-13T02:06:12.197+0000][1][gc           ] GC(9) Concurrent Sweep
[2022-06-13T02:06:12.211+0000][1][gc           ] GC(9) Concurrent Sweep 14.149ms
[2022-06-13T02:06:12.225+0000][1][gc,cpu       ] GC(9) User=0.10s Sys=0.04s Real=0.03s
[2022-06-13T02:06:12.231+0000][1][safepoint    ] Application time: 0.0345098 seconds
[2022-06-13T02:06:12.239+0000][1][safepoint    ] Entering safepoint region: CollectForMetadataAllocation
[2022-06-13T02:06:12.241+0000][1][safepoint    ] Leaving safepoint region
[2022-06-13T02:06:12.243+0000][1][safepoint    ] Total time for which application threads were stopped: 0.0031357 seconds, Stopping threads took: 0.0013291 seconds
[2022-06-13T02:06:12.245+0000][1][gc           ] GC(9) Concurrent Reset
[2022-06-13T02:06:12.252+0000][1][gc           ] GC(9) Concurrent Reset 6.606ms
[2022-06-13T02:06:12.252+0000][1][gc,cpu       ] GC(9) User=0.02s Sys=0.00s Real=0.01s
[2022-06-13T02:06:12.253+0000][1][gc,heap      ] GC(9) Old: 11270K->14015K(174784K)
[2022-06-13T02:06:12.663+0000][1][safepoint    ] Application time: 0.4177289 seconds
[2022-06-13T02:06:12.663+0000][1][safepoint    ] Entering safepoint region: Deoptimize
[2022-06-13T02:06:12.664+0000][1][safepoint    ] Leaving safepoint region
[2022-06-13T02:06:12.665+0000][1][safepoint    ] Total time for which application threads were stopped: 0.0013133 seconds, Stopping threads took: 0.0001829 seconds
[2022-06-13T02:06:12.746+0000][1][safepoint    ] Application time: 0.0815232 seconds
[2022-06-13T02:06:12.747+0000][1][safepoint    ] Entering safepoint region: Deoptimize
[2022-06-13T02:06:12.747+0000][1][safepoint    ] Leaving safepoint region
[2022-06-13T02:06:12.748+0000][1][safepoint    ] Total time for which application threads were stopped: 0.0008058 seconds, Stopping threads took: 0.0001652 seconds
[2022-06-13T02:06:12.758+0000][1][safepoint    ] Application time: 0.0106347 seconds
[2022-06-13T02:06:12.759+0000][1][safepoint    ] Entering safepoint region: Deoptimize
[2022-06-13T02:06:12.759+0000][1][safepoint    ] Leaving safepoint region
[2022-06-13T02:06:12.760+0000][1][safepoint    ] Total time for which application threads were stopped: 0.0009523 seconds, Stopping threads took: 0.0002035 seconds
[2022-06-13T02:06:12.767+0000][1][safepoint    ] Application time: 0.0068878 seconds
[2022-06-13T02:06:12.767+0000][1][safepoint    ] Entering safepoint region: Deoptimize
[2022-06-13T02:06:12.768+0000][1][safepoint    ] Leaving safepoint region
[2022-06-13T02:06:12.768+0000][1][safepoint    ] Total time for which application threads were stopped: 0.0008968 seconds, Stopping threads took: 0.0001618 seconds
[2022-06-13T02:06:12.775+0000][1][safepoint    ] Application time: 0.0069814 seconds
[2022-06-13T02:06:12.776+0000][1][safepoint    ] Entering safepoint region: GenCollectForAllocation
[2022-06-13T02:06:12.777+0000][1][gc,start     ] GC(12) Pause Young (Allocation Failure)
[2022-06-13T02:06:12.777+0000][1][gc,task      ] GC(12) Using 5 workers of 13 for evacuation
[2022-06-13T02:06:12.780+0000][1][gc,age       ] GC(12) Desired survivor size 4456448 bytes, new threshold 6 (max threshold 6)
[2022-06-13T02:06:12.780+0000][1][gc,age       ] GC(12) Age table with threshold 6 (max threshold 6)
[2022-06-13T02:06:12.780+0000][1][gc,age       ] GC(12) - age   1:    2165200 bytes,    2165200 total
[2022-06-13T02:06:12.781+0000][1][gc,age       ] GC(12) - age   2:     345000 bytes,    2510200 total
[2022-06-13T02:06:12.781+0000][1][gc,age       ] GC(12) - age   3:     131480 bytes,    2641680 total
[2022-06-13T02:06:12.781+0000][1][gc,age       ] GC(12) - age   4:     527576 bytes,    3169256 total
[2022-06-13T02:06:12.781+0000][1][gc,age       ] GC(12) - age   5:     434048 bytes,    3603304 total
[2022-06-13T02:06:12.781+0000][1][gc,age       ] GC(12) - age   6:    1157768 bytes,    4761072 total
[2022-06-13T02:06:12.781+0000][1][gc,heap      ] GC(12) ParNew: 74844K->6213K(78656K)
[2022-06-13T02:06:12.782+0000][1][gc,heap      ] GC(12) CMS: 14015K->14015K(174784K)
[2022-06-13T02:06:12.782+0000][1][gc,metaspace ] GC(12) Metaspace: 26073K->26073K(1073152K)
[2022-06-13T02:06:12.782+0000][1][gc           ] GC(12) Pause Young (Allocation Failure) 86M->19M(247M) 5.153ms
[2022-06-13T02:06:12.782+0000][1][gc,cpu       ] GC(12) User=0.02s Sys=0.00s Real=0.01s
[2022-06-13T02:06:12.782+0000][1][safepoint    ] Leaving safepoint region
[2022-06-13T02:06:12.782+0000][1][safepoint    ] Total time for which application threads were stopped: 0.0059859 seconds, Stopping threads took: 0.0002712 seconds
[2022-06-13T02:06:12.910+0000][1][safepoint    ] Application time: 0.1278920 seconds
[2022-06-13T02:06:12.911+0000][1][safepoint    ] Entering safepoint region: RevokeBias
[2022-06-13T02:06:12.911+0000][1][safepoint    ] Leaving safepoint region
[2022-06-13T02:06:12.911+0000][1][safepoint    ] Total time for which application threads were stopped: 0.0006337 seconds, Stopping threads took: 0.0001768 seconds
[2022-06-13T02:06:13.545+0000][1][safepoint    ] Application time: 0.6334004 seconds
[2022-06-13T02:06:13.549+0000][1][safepoint    ] Entering safepoint region: Deoptimize
[2022-06-13T02:06:13.550+0000][1][safepoint    ] Leaving safepoint region
[2022-06-13T02:06:13.550+0000][1][safepoint    ] Total time for which application threads were stopped: 0.0051142 seconds, Stopping threads took: 0.0043215 seconds
[2022-06-13T02:06:13.617+0000][1][safepoint    ] Application time: 0.0662131 seconds
[2022-06-13T02:06:13.622+0000][1][safepoint    ] Entering safepoint region: GenCollectForAllocation
[2022-06-13T02:06:13.623+0000][1][gc,start     ] GC(13) Pause Young (Allocation Failure)
[2022-06-13T02:06:13.626+0000][1][gc,task      ] GC(13) Using 5 workers of 13 for evacuation
[2022-06-13T02:06:13.672+0000][1][gc,age       ] GC(13) Desired survivor size 4456448 bytes, new threshold 1 (max threshold 6)
[2022-06-13T02:06:13.679+0000][1][gc,age       ] GC(13) Age table with threshold 1 (max threshold 6)
[2022-06-13T02:06:13.683+0000][1][gc,age       ] GC(13) - age   1:    5569680 bytes,    5569680 total
[2022-06-13T02:06:13.689+0000][1][gc,age       ] GC(13) - age   2:    1902752 bytes,    7472432 total
[2022-06-13T02:06:13.689+0000][1][gc,age       ] GC(13) - age   3:     344880 bytes,    7817312 total
[2022-06-13T02:06:13.690+0000][1][gc,age       ] GC(13) - age   4:     131448 bytes,    7948760 total
[2022-06-13T02:06:13.690+0000][1][gc,age       ] GC(13) - age   5:     527576 bytes,    8476336 total
[2022-06-13T02:06:13.690+0000][1][gc,age       ] GC(13) - age   6:     434048 bytes,    8910384 total
[2022-06-13T02:06:13.690+0000][1][gc,heap      ] GC(13) ParNew: 76165K->8704K(78656K)
[2022-06-13T02:06:13.690+0000][1][gc,heap      ] GC(13) CMS: 14015K->25374K(174784K)
[2022-06-13T02:06:13.690+0000][1][gc,metaspace ] GC(13) Metaspace: 27096K->27096K(1075200K)
[2022-06-13T02:06:13.690+0000][1][gc           ] GC(13) Pause Young (Allocation Failure) 88M->33M(247M) 67.632ms
[2022-06-13T02:06:13.690+0000][1][gc,cpu       ] GC(13) User=0.25s Sys=0.01s Real=0.07s
[2022-06-13T02:06:13.691+0000][1][safepoint    ] Leaving safepoint region
[2022-06-13T02:06:13.691+0000][1][safepoint    ] Total time for which application threads were stopped: 0.0689272 seconds, Stopping threads took: 0.0008530 seconds
[2022-06-13T02:06:14.226+0000][1][safepoint    ] Application time: 0.5352320 seconds
[2022-06-13T02:06:14.226+0000][1][safepoint    ] Entering safepoint region: GenCollectForAllocation
[2022-06-13T02:06:14.227+0000][1][gc,start     ] GC(14) Pause Young (Allocation Failure)
[2022-06-13T02:06:14.227+0000][1][gc,task      ] GC(14) Using 5 workers of 13 for evacuation
[2022-06-13T02:06:14.260+0000][1][gc,age       ] GC(14) Desired survivor size 4456448 bytes, new threshold 1 (max threshold 6)
[2022-06-13T02:06:14.261+0000][1][gc,age       ] GC(14) Age table with threshold 1 (max threshold 6)
[2022-06-13T02:06:14.263+0000][1][gc,age       ] GC(14) - age   1:    8179752 bytes,    8179752 total
[2022-06-13T02:06:14.267+0000][1][gc,heap      ] GC(14) ParNew: 78656K->8704K(78656K)
[2022-06-13T02:06:14.267+0000][1][gc,heap      ] GC(14) CMS: 25374K->40017K(174784K)
[2022-06-13T02:06:14.267+0000][1][gc,metaspace ] GC(14) Metaspace: 27140K->27140K(1075200K)
[2022-06-13T02:06:14.267+0000][1][gc           ] GC(14) Pause Young (Allocation Failure) 101M->47M(247M) 40.635ms
[2022-06-13T02:06:14.267+0000][1][gc,cpu       ] GC(14) User=0.15s Sys=0.00s Real=0.04s
[2022-06-13T02:06:14.267+0000][1][safepoint    ] Leaving safepoint region
[2022-06-13T02:06:14.268+0000][1][safepoint    ] Total time for which application threads were stopped: 0.0413228 seconds, Stopping threads took: 0.0001528 seconds
[2022-06-13T02:06:14.553+0000][1][safepoint    ] Application time: 0.2851897 seconds
[2022-06-13T02:06:14.553+0000][1][safepoint    ] Entering safepoint region: RevokeBias
[2022-06-13T02:06:14.554+0000][1][safepoint    ] Leaving safepoint region
[2022-06-13T02:06:14.554+0000][1][safepoint    ] Total time for which application threads were stopped: 0.0004036 seconds, Stopping threads took: 0.0001791 seconds
[2022-06-13T02:06:14.969+0000][1][safepoint    ] Application time: 0.4153653 seconds
[2022-06-13T02:06:14.970+0000][1][safepoint    ] Entering safepoint region: GenCollectForAllocation
[2022-06-13T02:06:14.972+0000][1][gc,start     ] GC(15) Pause Young (Allocation Failure)
[2022-06-13T02:06:14.973+0000][1][gc,task      ] GC(15) Using 5 workers of 13 for evacuation
[2022-06-13T02:06:14.988+0000][1][gc,age       ] GC(15) Desired survivor size 4456448 bytes, new threshold 1 (max threshold 6)
[2022-06-13T02:06:14.989+0000][1][gc,age       ] GC(15) Age table with threshold 1 (max threshold 6)
[2022-06-13T02:06:14.989+0000][1][gc,age       ] GC(15) - age   1:    7432368 bytes,    7432368 total
[2022-06-13T02:06:14.989+0000][1][gc,heap      ] GC(15) ParNew: 78656K->8704K(78656K)
[2022-06-13T02:06:14.989+0000][1][gc,heap      ] GC(15) CMS: 40017K->48473K(174784K)
[2022-06-13T02:06:14.989+0000][1][gc,metaspace ] GC(15) Metaspace: 31346K->31346K(1079296K)
[2022-06-13T02:06:14.990+0000][1][gc           ] GC(15) Pause Young (Allocation Failure) 115M->55M(247M) 17.968ms
[2022-06-13T02:06:14.990+0000][1][gc,cpu       ] GC(15) User=0.05s Sys=0.01s Real=0.02s
[2022-06-13T02:06:14.990+0000][1][safepoint    ] Leaving safepoint region
[2022-06-13T02:06:14.990+0000][1][safepoint    ] Total time for which application threads were stopped: 0.0197317 seconds, Stopping threads took: 0.0006009 seconds
[2022-06-13T02:06:15.149+0000][1][safepoint    ] Application time: 0.1593627 seconds
[2022-06-13T02:06:15.150+0000][1][safepoint    ] Entering safepoint region: GenCollectForAllocation
[2022-06-13T02:06:15.150+0000][1][gc,start     ] GC(16) Pause Young (Allocation Failure)
[2022-06-13T02:06:15.150+0000][1][gc,task      ] GC(16) Using 5 workers of 13 for evacuation
[2022-06-13T02:06:15.156+0000][1][gc,age       ] GC(16) Desired survivor size 4456448 bytes, new threshold 6 (max threshold 6)
[2022-06-13T02:06:15.156+0000][1][gc,age       ] GC(16) Age table with threshold 6 (max threshold 6)
[2022-06-13T02:06:15.156+0000][1][gc,age       ] GC(16) - age   1:     485528 bytes,     485528 total
[2022-06-13T02:06:15.157+0000][1][gc,heap      ] GC(16) ParNew: 78656K->7404K(78656K)
[2022-06-13T02:06:15.157+0000][1][gc,heap      ] GC(16) CMS: 48473K->55787K(174784K)
[2022-06-13T02:06:15.157+0000][1][gc,metaspace ] GC(16) Metaspace: 32932K->32932K(1079296K)
[2022-06-13T02:06:15.157+0000][1][gc           ] GC(16) Pause Young (Allocation Failure) 124M->61M(247M) 7.060ms
[2022-06-13T02:06:15.157+0000][1][gc,cpu       ] GC(16) User=0.02s Sys=0.00s Real=0.00s
[2022-06-13T02:06:15.157+0000][1][safepoint    ] Leaving safepoint region
[2022-06-13T02:06:15.157+0000][1][safepoint    ] Total time for which application threads were stopped: 0.0076030 seconds, Stopping threads took: 0.0001455 seconds
[2022-06-13T02:06:15.353+0000][1][safepoint    ] Application time: 0.1958408 seconds
[2022-06-13T02:06:15.353+0000][1][safepoint    ] Entering safepoint region: CollectForMetadataAllocation
[2022-06-13T02:06:15.354+0000][1][safepoint    ] Leaving safepoint region
[2022-06-13T02:06:15.354+0000][1][safepoint    ] Total time for which application threads were stopped: 0.0005966 seconds, Stopping threads took: 0.0001778 seconds
[2022-06-13T02:06:15.371+0000][1][safepoint    ] Application time: 0.0171536 seconds
[2022-06-13T02:06:15.372+0000][1][safepoint    ] Entering safepoint region: CollectForMetadataAllocation
[2022-06-13T02:06:15.372+0000][1][safepoint    ] Leaving safepoint region
[2022-06-13T02:06:15.372+0000][1][safepoint    ] Total time for which application threads were stopped: 0.0004938 seconds, Stopping threads took: 0.0001885 seconds
[2022-06-13T02:06:15.389+0000][1][safepoint    ] Application time: 0.0168106 seconds
[2022-06-13T02:06:15.390+0000][1][safepoint    ] Entering safepoint region: CollectForMetadataAllocation
[2022-06-13T02:06:15.390+0000][1][safepoint    ] Leaving safepoint region
[2022-06-13T02:06:15.390+0000][1][safepoint    ] Total time for which application threads were stopped: 0.0004647 seconds, Stopping threads took: 0.0002091 seconds
[2022-06-13T02:06:15.405+0000][1][safepoint    ] Application time: 0.0150724 seconds
[2022-06-13T02:06:15.406+0000][1][safepoint    ] Entering safepoint region: CollectForMetadataAllocation
[2022-06-13T02:06:15.407+0000][1][safepoint    ] Leaving safepoint region
[2022-06-13T02:06:15.407+0000][1][safepoint    ] Total time for which application threads were stopped: 0.0005046 seconds, Stopping threads took: 0.0002072 seconds
[2022-06-13T02:06:15.429+0000][1][safepoint    ] Application time: 0.0217632 seconds
[2022-06-13T02:06:15.429+0000][1][safepoint    ] Entering safepoint region: CollectForMetadataAllocation
[2022-06-13T02:06:15.429+0000][1][safepoint    ] Leaving safepoint region
[2022-06-13T02:06:15.430+0000][1][safepoint    ] Total time for which application threads were stopped: 0.0005501 seconds, Stopping threads took: 0.0002169 seconds
[2022-06-13T02:06:15.462+0000][1][safepoint    ] Application time: 0.0322501 seconds
[2022-06-13T02:06:15.462+0000][1][safepoint    ] Entering safepoint region: CollectForMetadataAllocation
[2022-06-13T02:06:15.463+0000][1][safepoint    ] Leaving safepoint region
[2022-06-13T02:06:15.463+0000][1][safepoint    ] Total time for which application threads were stopped: 0.0004780 seconds, Stopping threads took: 0.0001550 seconds
[2022-06-13T02:06:15.481+0000][1][safepoint    ] Application time: 0.0186925 seconds
[2022-06-13T02:06:15.482+0000][1][safepoint    ] Entering safepoint region: CollectForMetadataAllocation
[2022-06-13T02:06:15.482+0000][1][safepoint    ] Leaving safepoint region
[2022-06-13T02:06:15.482+0000][1][safepoint    ] Total time for which application threads were stopped: 0.0004867 seconds, Stopping threads took: 0.0001313 seconds
[2022-06-13T02:06:15.497+0000][1][safepoint    ] Application time: 0.0142927 seconds
[2022-06-13T02:06:15.497+0000][1][safepoint    ] Entering safepoint region: RevokeBias
[2022-06-13T02:06:15.497+0000][1][safepoint    ] Leaving safepoint region
[2022-06-13T02:06:15.497+0000][1][safepoint    ] Total time for which application threads were stopped: 0.0005439 seconds, Stopping threads took: 0.0002202 seconds
[2022-06-13T02:06:15.502+0000][1][safepoint    ] Application time: 0.0040452 seconds
[2022-06-13T02:06:15.502+0000][1][safepoint    ] Entering safepoint region: CollectForMetadataAllocation
[2022-06-13T02:06:15.502+0000][1][safepoint    ] Leaving safepoint region
[2022-06-13T02:06:15.502+0000][1][safepoint    ] Total time for which application threads were stopped: 0.0004552 seconds, Stopping threads took: 0.0001652 seconds
[2022-06-13T02:06:15.525+0000][1][safepoint    ] Application time: 0.0221891 seconds
[2022-06-13T02:06:15.525+0000][1][safepoint    ] Entering safepoint region: CollectForMetadataAllocation
[2022-06-13T02:06:15.526+0000][1][safepoint    ] Leaving safepoint region
[2022-06-13T02:06:15.526+0000][1][safepoint    ] Total time for which application threads were stopped: 0.0005771 seconds, Stopping threads took: 0.0002067 seconds
[2022-06-13T02:06:15.541+0000][1][safepoint    ] Application time: 0.0153170 seconds
[2022-06-13T02:06:15.542+0000][1][safepoint    ] Entering safepoint region: CollectForMetadataAllocation
[2022-06-13T02:06:15.542+0000][1][safepoint    ] Leaving safepoint region
[2022-06-13T02:06:15.542+0000][1][safepoint    ] Total time for which application threads were stopped: 0.0004807 seconds, Stopping threads took: 0.0001860 seconds
[2022-06-13T02:06:15.563+0000][1][safepoint    ] Application time: 0.0209956 seconds
[2022-06-13T02:06:15.564+0000][1][safepoint    ] Entering safepoint region: CollectForMetadataAllocation
[2022-06-13T02:06:15.564+0000][1][safepoint    ] Leaving safepoint region
[2022-06-13T02:06:15.564+0000][1][safepoint    ] Total time for which application threads were stopped: 0.0004098 seconds, Stopping threads took: 0.0001474 seconds
[2022-06-13T02:06:15.577+0000][1][safepoint    ] Application time: 0.0122441 seconds
[2022-06-13T02:06:15.577+0000][1][safepoint    ] Entering safepoint region: CollectForMetadataAllocation
[2022-06-13T02:06:15.577+0000][1][safepoint    ] Leaving safepoint region
[2022-06-13T02:06:15.577+0000][1][safepoint    ] Total time for which application threads were stopped: 0.0004543 seconds, Stopping threads took: 0.0001587 seconds
[2022-06-13T02:06:15.591+0000][1][safepoint    ] Application time: 0.0138858 seconds
[2022-06-13T02:06:15.592+0000][1][safepoint    ] Entering safepoint region: CollectForMetadataAllocation
[2022-06-13T02:06:15.593+0000][1][safepoint    ] Leaving safepoint region
[2022-06-13T02:06:15.593+0000][1][safepoint    ] Total time for which application threads were stopped: 0.0011994 seconds, Stopping threads took: 0.0001770 seconds
[2022-06-13T02:06:15.611+0000][1][safepoint    ] Application time: 0.0181479 seconds
[2022-06-13T02:06:15.612+0000][1][safepoint    ] Entering safepoint region: CollectForMetadataAllocation
[2022-06-13T02:06:15.612+0000][1][safepoint    ] Leaving safepoint region
[2022-06-13T02:06:15.612+0000][1][safepoint    ] Total time for which application threads were stopped: 0.0004957 seconds, Stopping threads took: 0.0001833 seconds
[2022-06-13T02:06:15.632+0000][1][safepoint    ] Application time: 0.0192791 seconds
[2022-06-13T02:06:15.632+0000][1][safepoint    ] Entering safepoint region: CollectForMetadataAllocation
[2022-06-13T02:06:15.632+0000][1][safepoint    ] Leaving safepoint region
[2022-06-13T02:06:15.632+0000][1][safepoint    ] Total time for which application threads were stopped: 0.0004523 seconds, Stopping threads took: 0.0001994 seconds
[2022-06-13T02:06:15.651+0000][1][safepoint    ] Application time: 0.0182247 seconds
[2022-06-13T02:06:15.651+0000][1][safepoint    ] Entering safepoint region: CollectForMetadataAllocation
[2022-06-13T02:06:15.651+0000][1][safepoint    ] Leaving safepoint region
[2022-06-13T02:06:15.651+0000][1][safepoint    ] Total time for which application threads were stopped: 0.0004325 seconds, Stopping threads took: 0.0001685 seconds
[2022-06-13T02:06:15.667+0000][1][safepoint    ] Application time: 0.0156218 seconds
[2022-06-13T02:06:15.667+0000][1][safepoint    ] Entering safepoint region: CollectForMetadataAllocation
[2022-06-13T02:06:15.668+0000][1][safepoint    ] Leaving safepoint region
[2022-06-13T02:06:15.668+0000][1][safepoint    ] Total time for which application threads were stopped: 0.0004644 seconds, Stopping threads took: 0.0002561 seconds
[2022-06-13T02:06:15.686+0000][1][safepoint    ] Application time: 0.0177851 seconds
[2022-06-13T02:06:15.686+0000][1][safepoint    ] Entering safepoint region: CollectForMetadataAllocation
[2022-06-13T02:06:15.687+0000][1][safepoint    ] Leaving safepoint region
[2022-06-13T02:06:15.687+0000][1][safepoint    ] Total time for which application threads were stopped: 0.0004422 seconds, Stopping threads took: 0.0001899 seconds
[2022-06-13T02:06:15.705+0000][1][safepoint    ] Application time: 0.0183404 seconds
[2022-06-13T02:06:15.705+0000][1][safepoint    ] Entering safepoint region: CollectForMetadataAllocation
[2022-06-13T02:06:15.706+0000][1][safepoint    ] Leaving safepoint region
[2022-06-13T02:06:15.706+0000][1][safepoint    ] Total time for which application threads were stopped: 0.0004207 seconds, Stopping threads took: 0.0001773 seconds
[2022-06-13T02:06:15.714+0000][1][safepoint    ] Application time: 0.0080737 seconds
[2022-06-13T02:06:15.714+0000][1][safepoint    ] Entering safepoint region: CollectForMetadataAllocation
[2022-06-13T02:06:15.715+0000][1][safepoint    ] Leaving safepoint region
[2022-06-13T02:06:15.715+0000][1][safepoint    ] Total time for which application threads were stopped: 0.0004377 seconds, Stopping threads took: 0.0001704 seconds
[2022-06-13T02:06:15.733+0000][1][safepoint    ] Application time: 0.0185630 seconds
[2022-06-13T02:06:15.734+0000][1][safepoint    ] Entering safepoint region: CollectForMetadataAllocation
[2022-06-13T02:06:15.734+0000][1][safepoint    ] Leaving safepoint region
[2022-06-13T02:06:15.734+0000][1][safepoint    ] Total time for which application threads were stopped: 0.0003407 seconds, Stopping threads took: 0.0001422 seconds
[2022-06-13T02:06:15.761+0000][1][safepoint    ] Application time: 0.0268154 seconds
[2022-06-13T02:06:15.761+0000][1][safepoint    ] Entering safepoint region: CollectForMetadataAllocation
[2022-06-13T02:06:15.761+0000][1][safepoint    ] Leaving safepoint region
[2022-06-13T02:06:15.761+0000][1][safepoint    ] Total time for which application threads were stopped: 0.0003995 seconds, Stopping threads took: 0.0001580 seconds
[2022-06-13T02:06:15.780+0000][1][safepoint    ] Application time: 0.0182992 seconds
[2022-06-13T02:06:15.780+0000][1][safepoint    ] Entering safepoint region: CollectForMetadataAllocation
[2022-06-13T02:06:15.780+0000][1][safepoint    ] Leaving safepoint region
[2022-06-13T02:06:15.780+0000][1][safepoint    ] Total time for which application threads were stopped: 0.0003459 seconds, Stopping threads took: 0.0001462 seconds
[2022-06-13T02:06:15.795+0000][1][safepoint    ] Application time: 0.0144840 seconds
[2022-06-13T02:06:15.795+0000][1][safepoint    ] Entering safepoint region: CollectForMetadataAllocation
[2022-06-13T02:06:15.796+0000][1][safepoint    ] Leaving safepoint region
[2022-06-13T02:06:15.796+0000][1][safepoint    ] Total time for which application threads were stopped: 0.0003772 seconds, Stopping threads took: 0.0001717 seconds
[2022-06-13T02:06:15.812+0000][1][safepoint    ] Application time: 0.0167015 seconds
[2022-06-13T02:06:15.813+0000][1][safepoint    ] Entering safepoint region: RevokeBias
[2022-06-13T02:06:15.813+0000][1][safepoint    ] Leaving safepoint region
[2022-06-13T02:06:15.813+0000][1][safepoint    ] Total time for which application threads were stopped: 0.0004349 seconds, Stopping threads took: 0.0001963 seconds
[2022-06-13T02:06:15.821+0000][1][safepoint    ] Application time: 0.0078210 seconds
[2022-06-13T02:06:15.821+0000][1][safepoint    ] Entering safepoint region: CollectForMetadataAllocation
[2022-06-13T02:06:15.821+0000][1][safepoint    ] Leaving safepoint region
[2022-06-13T02:06:15.822+0000][1][safepoint    ] Total time for which application threads were stopped: 0.0004281 seconds, Stopping threads took: 0.0001346 seconds
[2022-06-13T02:06:15.986+0000][1][safepoint    ] Application time: 0.1637862 seconds
[2022-06-13T02:06:15.986+0000][1][safepoint    ] Entering safepoint region: CollectForMetadataAllocation
[2022-06-13T02:06:15.986+0000][1][safepoint    ] Leaving safepoint region
[2022-06-13T02:06:15.986+0000][1][safepoint    ] Total time for which application threads were stopped: 0.0003483 seconds, Stopping threads took: 0.0001290 seconds
[2022-06-13T02:06:16.071+0000][1][safepoint    ] Application time: 0.0854052 seconds
[2022-06-13T02:06:16.072+0000][1][safepoint    ] Entering safepoint region: GenCollectForAllocation
[2022-06-13T02:06:16.072+0000][1][gc,start     ] GC(17) Pause Young (Allocation Failure)
[2022-06-13T02:06:16.072+0000][1][gc,task      ] GC(17) Using 5 workers of 13 for evacuation
[2022-06-13T02:06:16.076+0000][1][gc,age       ] GC(17) Desired survivor size 4456448 bytes, new threshold 6 (max threshold 6)
[2022-06-13T02:06:16.076+0000][1][gc,age       ] GC(17) Age table with threshold 6 (max threshold 6)
[2022-06-13T02:06:16.077+0000][1][gc,age       ] GC(17) - age   1:    3677984 bytes,    3677984 total
[2022-06-13T02:06:16.077+0000][1][gc,age       ] GC(17) - age   2:     441416 bytes,    4119400 total
[2022-06-13T02:06:16.077+0000][1][gc,heap      ] GC(17) ParNew: 77356K->5044K(78656K)
[2022-06-13T02:06:16.077+0000][1][gc,heap      ] GC(17) CMS: 55787K->55787K(174784K)
[2022-06-13T02:06:16.077+0000][1][gc,metaspace ] GC(17) Metaspace: 42136K->42136K(1087488K)
[2022-06-13T02:06:16.077+0000][1][gc           ] GC(17) Pause Young (Allocation Failure) 130M->59M(247M) 5.163ms
[2022-06-13T02:06:16.077+0000][1][gc,cpu       ] GC(17) User=0.02s Sys=0.00s Real=0.00s
[2022-06-13T02:06:16.077+0000][1][safepoint    ] Leaving safepoint region
[2022-06-13T02:06:16.077+0000][1][safepoint    ] Total time for which application threads were stopped: 0.0056523 seconds, Stopping threads took: 0.0001492 seconds
[2022-06-13T02:06:16.078+0000][1][safepoint    ] Application time: 0.0001827 seconds
[2022-06-13T02:06:16.078+0000][1][safepoint    ] Entering safepoint region: CMS_Initial_Mark
[2022-06-13T02:06:16.079+0000][1][gc,start     ] GC(18) Pause Initial Mark
[2022-06-13T02:06:16.080+0000][1][gc           ] GC(18) Pause Initial Mark 60M->60M(247M) 1.226ms
[2022-06-13T02:06:16.080+0000][1][gc,cpu       ] GC(18) User=0.01s Sys=0.00s Real=0.01s
[2022-06-13T02:06:16.080+0000][1][safepoint    ] Leaving safepoint region
[2022-06-13T02:06:16.080+0000][1][safepoint    ] Total time for which application threads were stopped: 0.0023917 seconds, Stopping threads took: 0.0007853 seconds
[2022-06-13T02:06:16.080+0000][1][gc           ] GC(18) Concurrent Mark
[2022-06-13T02:06:16.080+0000][1][gc,task      ] GC(18) Using 4 workers of 4 for marking
[2022-06-13T02:06:16.099+0000][1][gc           ] GC(18) Concurrent Mark 18.409ms
[2022-06-13T02:06:16.099+0000][1][gc,cpu       ] GC(18) User=0.09s Sys=0.00s Real=0.01s
[2022-06-13T02:06:16.099+0000][1][gc           ] GC(18) Concurrent Preclean
[2022-06-13T02:06:16.100+0000][1][gc           ] GC(18) Concurrent Preclean 1.196ms
[2022-06-13T02:06:16.100+0000][1][gc,cpu       ] GC(18) User=0.00s Sys=0.00s Real=0.00s
[2022-06-13T02:06:16.101+0000][1][safepoint    ] Application time: 0.0204344 seconds
[2022-06-13T02:06:16.101+0000][1][safepoint    ] Entering safepoint region: CMS_Final_Remark
[2022-06-13T02:06:16.101+0000][1][gc,start     ] GC(18) Pause Remark
[2022-06-13T02:06:16.111+0000][1][gc           ] GC(18) Pause Remark 60M->60M(247M) 10.466ms
[2022-06-13T02:06:16.112+0000][1][gc,cpu       ] GC(18) User=0.02s Sys=0.00s Real=0.01s
[2022-06-13T02:06:16.112+0000][1][safepoint    ] Leaving safepoint region
[2022-06-13T02:06:16.112+0000][1][safepoint    ] Total time for which application threads were stopped: 0.0111162 seconds, Stopping threads took: 0.0001200 seconds
[2022-06-13T02:06:16.112+0000][1][gc           ] GC(18) Concurrent Sweep
[2022-06-13T02:06:16.129+0000][1][gc           ] GC(18) Concurrent Sweep 16.460ms
[2022-06-13T02:06:16.129+0000][1][gc,cpu       ] GC(18) User=0.04s Sys=0.00s Real=0.01s
[2022-06-13T02:06:16.129+0000][1][gc           ] GC(18) Concurrent Reset
[2022-06-13T02:06:16.129+0000][1][gc           ] GC(18) Concurrent Reset 0.370ms
[2022-06-13T02:06:16.130+0000][1][gc,cpu       ] GC(18) User=0.00s Sys=0.00s Real=0.00s
[2022-06-13T02:06:16.130+0000][1][gc,heap      ] GC(18) Old: 55787K->55572K(174784K)
[2022-06-13T02:06:16.448+0000][1][safepoint    ] Application time: 0.3358676 seconds
[2022-06-13T02:06:16.448+0000][1][safepoint    ] Entering safepoint region: ICBufferFull
[2022-06-13T02:06:16.449+0000][1][safepoint    ] Leaving safepoint region
[2022-06-13T02:06:16.449+0000][1][safepoint    ] Total time for which application threads were stopped: 0.0010381 seconds, Stopping threads took: 0.0001377 seconds
[2022-06-13T02:06:16.480+0000][1][safepoint    ] Application time: 0.0309965 seconds
[2022-06-13T02:06:16.481+0000][1][safepoint    ] Entering safepoint region: Deoptimize
[2022-06-13T02:06:16.481+0000][1][safepoint    ] Leaving safepoint region
[2022-06-13T02:06:16.482+0000][1][safepoint    ] Total time for which application threads were stopped: 0.0009849 seconds, Stopping threads took: 0.0001672 seconds
[2022-06-13T02:06:16.529+0000][1][safepoint    ] Application time: 0.0476572 seconds
[2022-06-13T02:06:16.530+0000][1][safepoint    ] Entering safepoint region: RevokeBias
[2022-06-13T02:06:16.530+0000][1][safepoint    ] Leaving safepoint region
[2022-06-13T02:06:16.530+0000][1][safepoint    ] Total time for which application threads were stopped: 0.0003726 seconds, Stopping threads took: 0.0001343 seconds
[2022-06-13T02:06:16.533+0000][1][safepoint    ] Application time: 0.0028935 seconds
[2022-06-13T02:06:16.533+0000][1][safepoint    ] Entering safepoint region: RevokeBias
[2022-06-13T02:06:16.533+0000][1][safepoint    ] Leaving safepoint region
[2022-06-13T02:06:16.534+0000][1][safepoint    ] Total time for which application threads were stopped: 0.0003478 seconds, Stopping threads took: 0.0001694 seconds
[2022-06-13T02:06:16.759+0000][1][safepoint    ] Application time: 0.2254596 seconds
[2022-06-13T02:06:16.760+0000][1][safepoint    ] Entering safepoint region: RevokeBias
[2022-06-13T02:06:16.770+0000][1][safepoint    ] Leaving safepoint region
[2022-06-13T02:06:16.779+0000][1][safepoint    ] Total time for which application threads were stopped: 0.0195696 seconds, Stopping threads took: 0.0095750 seconds
[2022-06-13T02:06:16.789+0000][1][safepoint    ] Application time: 0.0012736 seconds
[2022-06-13T02:06:16.793+0000][1][safepoint    ] Entering safepoint region: RevokeBias
[2022-06-13T02:06:16.794+0000][1][safepoint    ] Leaving safepoint region
[2022-06-13T02:06:16.794+0000][1][safepoint    ] Total time for which application threads were stopped: 0.0027823 seconds, Stopping threads took: 0.0025156 seconds
[2022-06-13T02:06:16.795+0000][1][safepoint    ] Application time: 0.0008166 seconds
[2022-06-13T02:06:16.795+0000][1][safepoint    ] Entering safepoint region: RevokeBias
[2022-06-13T02:06:16.795+0000][1][safepoint    ] Leaving safepoint region
[2022-06-13T02:06:16.798+0000][1][safepoint    ] Total time for which application threads were stopped: 0.0027187 seconds, Stopping threads took: 0.0003050 seconds
[2022-06-13T02:06:16.799+0000][1][safepoint    ] Application time: 0.0003220 seconds
[2022-06-13T02:06:16.799+0000][1][safepoint    ] Entering safepoint region: RevokeBias
[2022-06-13T02:06:16.800+0000][1][safepoint    ] Leaving safepoint region
[2022-06-13T02:06:16.800+0000][1][safepoint    ] Total time for which application threads were stopped: 0.0010695 seconds, Stopping threads took: 0.0008412 seconds
[2022-06-13T02:06:16.800+0000][1][safepoint    ] Application time: 0.0003891 seconds
[2022-06-13T02:06:16.806+0000][1][safepoint    ] Entering safepoint region: RevokeBias
[2022-06-13T02:06:16.809+0000][1][safepoint    ] Leaving safepoint region
[2022-06-13T02:06:16.809+0000][1][safepoint    ] Total time for which application threads were stopped: 0.0037889 seconds, Stopping threads took: 0.0034973 seconds
[2022-06-13T02:06:16.819+0000][1][safepoint    ] Application time: 0.0094025 seconds
[2022-06-13T02:06:16.819+0000][1][safepoint    ] Entering safepoint region: RevokeBias
[2022-06-13T02:06:16.820+0000][1][safepoint    ] Leaving safepoint region
[2022-06-13T02:06:16.820+0000][1][safepoint    ] Total time for which application threads were stopped: 0.0004256 seconds, Stopping threads took: 0.0001565 seconds
[2022-06-13T02:06:16.820+0000][1][safepoint    ] Application time: 0.0000404 seconds
[2022-06-13T02:06:16.820+0000][1][safepoint    ] Entering safepoint region: RevokeBias
[2022-06-13T02:06:16.820+0000][1][safepoint    ] Leaving safepoint region
[2022-06-13T02:06:16.820+0000][1][safepoint    ] Total time for which application threads were stopped: 0.0003226 seconds, Stopping threads took: 0.0000977 seconds
[2022-06-13T02:06:16.820+0000][1][safepoint    ] Application time: 0.0000191 seconds
[2022-06-13T02:06:16.821+0000][1][safepoint    ] Entering safepoint region: RevokeBias
[2022-06-13T02:06:16.821+0000][1][safepoint    ] Leaving safepoint region
[2022-06-13T02:06:16.821+0000][1][safepoint    ] Total time for which application threads were stopped: 0.0002703 seconds, Stopping threads took: 0.0001037 seconds
[2022-06-13T02:06:16.821+0000][1][safepoint    ] Application time: 0.0000147 seconds
[2022-06-13T02:06:16.821+0000][1][safepoint    ] Entering safepoint region: RevokeBias
[2022-06-13T02:06:16.821+0000][1][safepoint    ] Leaving safepoint region
[2022-06-13T02:06:16.821+0000][1][safepoint    ] Total time for which application threads were stopped: 0.0002581 seconds, Stopping threads took: 0.0001030 seconds
[2022-06-13T02:06:16.821+0000][1][safepoint    ] Application time: 0.0000192 seconds
[2022-06-13T02:06:16.822+0000][1][safepoint    ] Entering safepoint region: RevokeBias
[2022-06-13T02:06:16.822+0000][1][safepoint    ] Leaving safepoint region
[2022-06-13T02:06:16.822+0000][1][safepoint    ] Total time for which application threads were stopped: 0.0002492 seconds, Stopping threads took: 0.0000982 seconds
[2022-06-13T02:06:16.822+0000][1][safepoint    ] Application time: 0.0000161 seconds
[2022-06-13T02:06:16.822+0000][1][safepoint    ] Entering safepoint region: RevokeBias
[2022-06-13T02:06:16.822+0000][1][safepoint    ] Leaving safepoint region
[2022-06-13T02:06:16.822+0000][1][safepoint    ] Total time for which application threads were stopped: 0.0002212 seconds, Stopping threads took: 0.0000944 seconds
[2022-06-13T02:06:16.822+0000][1][safepoint    ] Application time: 0.0000139 seconds
[2022-06-13T02:06:16.822+0000][1][safepoint    ] Entering safepoint region: RevokeBias
[2022-06-13T02:06:16.823+0000][1][safepoint    ] Leaving safepoint region
[2022-06-13T02:06:16.823+0000][1][safepoint    ] Total time for which application threads were stopped: 0.0002246 seconds, Stopping threads took: 0.0000944 seconds
[2022-06-13T02:06:16.823+0000][1][safepoint    ] Application time: 0.0000137 seconds
[2022-06-13T02:06:16.823+0000][1][safepoint    ] Entering safepoint region: RevokeBias
[2022-06-13T02:06:16.823+0000][1][safepoint    ] Leaving safepoint region
[2022-06-13T02:06:16.823+0000][1][safepoint    ] Total time for which application threads were stopped: 0.0002430 seconds, Stopping threads took: 0.0001072 seconds
[2022-06-13T02:06:16.823+0000][1][safepoint    ] Application time: 0.0000252 seconds
[2022-06-13T02:06:16.823+0000][1][safepoint    ] Entering safepoint region: RevokeBias
[2022-06-13T02:06:16.824+0000][1][safepoint    ] Leaving safepoint region
[2022-06-13T02:06:16.824+0000][1][safepoint    ] Total time for which application threads were stopped: 0.0002154 seconds, Stopping threads took: 0.0000901 seconds
[2022-06-13T02:06:16.824+0000][1][safepoint    ] Application time: 0.0000145 seconds
[2022-06-13T02:06:16.824+0000][1][safepoint    ] Entering safepoint region: RevokeBias
[2022-06-13T02:06:16.824+0000][1][safepoint    ] Leaving safepoint region
[2022-06-13T02:06:16.824+0000][1][safepoint    ] Total time for which application threads were stopped: 0.0002320 seconds, Stopping threads took: 0.0001048 seconds
[2022-06-13T02:06:16.824+0000][1][safepoint    ] Application time: 0.0000130 seconds
[2022-06-13T02:06:16.824+0000][1][safepoint    ] Entering safepoint region: RevokeBias
[2022-06-13T02:06:16.824+0000][1][safepoint    ] Leaving safepoint region
[2022-06-13T02:06:16.825+0000][1][safepoint    ] Total time for which application threads were stopped: 0.0002186 seconds, Stopping threads took: 0.0000913 seconds
[2022-06-13T02:06:16.825+0000][1][safepoint    ] Application time: 0.0000157 seconds
[2022-06-13T02:06:16.825+0000][1][safepoint    ] Entering safepoint region: RevokeBias
[2022-06-13T02:06:16.825+0000][1][safepoint    ] Leaving safepoint region
[2022-06-13T02:06:16.825+0000][1][safepoint    ] Total time for which application threads were stopped: 0.0002300 seconds, Stopping threads took: 0.0000885 seconds
[2022-06-13T02:06:16.825+0000][1][safepoint    ] Application time: 0.0000130 seconds
[2022-06-13T02:06:16.825+0000][1][safepoint    ] Entering safepoint region: BulkRevokeBias
[2022-06-13T02:06:16.825+0000][1][safepoint    ] Leaving safepoint region
[2022-06-13T02:06:16.825+0000][1][safepoint    ] Total time for which application threads were stopped: 0.0003042 seconds, Stopping threads took: 0.0001017 seconds
[2022-06-13T02:06:16.826+0000][1][safepoint    ] Application time: 0.0001024 seconds
[2022-06-13T02:06:16.826+0000][1][safepoint    ] Entering safepoint region: RevokeBias
[2022-06-13T02:06:16.826+0000][1][safepoint    ] Leaving safepoint region
[2022-06-13T02:06:16.826+0000][1][safepoint    ] Total time for which application threads were stopped: 0.0002332 seconds, Stopping threads took: 0.0000983 seconds
[2022-06-13T02:06:16.838+0000][1][safepoint    ] Application time: 0.0121744 seconds
[2022-06-13T02:06:16.839+0000][1][safepoint    ] Entering safepoint region: RevokeBias
[2022-06-13T02:06:16.839+0000][1][safepoint    ] Leaving safepoint region
[2022-06-13T02:06:16.839+0000][1][safepoint    ] Total time for which application threads were stopped: 0.0005680 seconds, Stopping threads took: 0.0003467 seconds
[2022-06-13T02:06:16.852+0000][1][safepoint    ] Application time: 0.0123752 seconds
[2022-06-13T02:06:16.865+0000][1][safepoint    ] Entering safepoint region: RevokeBias
[2022-06-13T02:06:16.866+0000][1][safepoint    ] Leaving safepoint region
[2022-06-13T02:06:16.867+0000][1][safepoint    ] Total time for which application threads were stopped: 0.0140854 seconds, Stopping threads took: 0.0131363 seconds
[2022-06-13T02:06:16.875+0000][1][safepoint    ] Application time: 0.0086310 seconds
[2022-06-13T02:06:16.876+0000][1][safepoint    ] Entering safepoint region: RevokeBias
[2022-06-13T02:06:16.876+0000][1][safepoint    ] Leaving safepoint region
[2022-06-13T02:06:16.876+0000][1][safepoint    ] Total time for which application threads were stopped: 0.0004245 seconds, Stopping threads took: 0.0001777 seconds
[2022-06-13T02:06:16.876+0000][1][safepoint    ] Application time: 0.0000538 seconds
[2022-06-13T02:06:16.876+0000][1][safepoint    ] Entering safepoint region: RevokeBias
[2022-06-13T02:06:16.877+0000][1][safepoint    ] Leaving safepoint region
[2022-06-13T02:06:16.877+0000][1][safepoint    ] Total time for which application threads were stopped: 0.0004050 seconds, Stopping threads took: 0.0001267 seconds
[2022-06-13T02:06:16.877+0000][1][safepoint    ] Application time: 0.0000633 seconds
[2022-06-13T02:06:16.877+0000][1][safepoint    ] Entering safepoint region: RevokeBias
[2022-06-13T02:06:16.882+0000][1][safepoint    ] Leaving safepoint region
[2022-06-13T02:06:16.882+0000][1][safepoint    ] Total time for which application threads were stopped: 0.0046108 seconds, Stopping threads took: 0.0043109 seconds
[2022-06-13T02:06:16.882+0000][1][safepoint    ] Application time: 0.0000526 seconds
[2022-06-13T02:06:16.882+0000][1][safepoint    ] Entering safepoint region: RevokeBias
[2022-06-13T02:06:16.882+0000][1][safepoint    ] Leaving safepoint region
[2022-06-13T02:06:16.882+0000][1][safepoint    ] Total time for which application threads were stopped: 0.0003314 seconds, Stopping threads took: 0.0001506 seconds
[2022-06-13T02:06:16.882+0000][1][safepoint    ] Application time: 0.0000354 seconds
[2022-06-13T02:06:16.883+0000][1][safepoint    ] Entering safepoint region: RevokeBias
[2022-06-13T02:06:16.883+0000][1][safepoint    ] Leaving safepoint region
[2022-06-13T02:06:16.883+0000][1][safepoint    ] Total time for which application threads were stopped: 0.0002769 seconds, Stopping threads took: 0.0001017 seconds
[2022-06-13T02:06:16.883+0000][1][safepoint    ] Application time: 0.0000247 seconds
[2022-06-13T02:06:16.883+0000][1][safepoint    ] Entering safepoint region: RevokeBias
[2022-06-13T02:06:16.883+0000][1][safepoint    ] Leaving safepoint region
[2022-06-13T02:06:16.883+0000][1][safepoint    ] Total time for which application threads were stopped: 0.0002653 seconds, Stopping threads took: 0.0001009 seconds
[2022-06-13T02:06:16.883+0000][1][safepoint    ] Application time: 0.0000223 seconds
[2022-06-13T02:06:16.884+0000][1][safepoint    ] Entering safepoint region: RevokeBias
[2022-06-13T02:06:16.884+0000][1][safepoint    ] Leaving safepoint region
[2022-06-13T02:06:16.884+0000][1][safepoint    ] Total time for which application threads were stopped: 0.0002805 seconds, Stopping threads took: 0.0001095 seconds
[2022-06-13T02:06:16.884+0000][1][safepoint    ] Application time: 0.0000230 seconds
[2022-06-13T02:06:16.884+0000][1][safepoint    ] Entering safepoint region: RevokeBias
[2022-06-13T02:06:16.884+0000][1][safepoint    ] Leaving safepoint region
[2022-06-13T02:06:16.884+0000][1][safepoint    ] Total time for which application threads were stopped: 0.0002619 seconds, Stopping threads took: 0.0001046 seconds
[2022-06-13T02:06:16.884+0000][1][safepoint    ] Application time: 0.0000212 seconds
[2022-06-13T02:06:16.885+0000][1][safepoint    ] Entering safepoint region: RevokeBias
[2022-06-13T02:06:16.885+0000][1][safepoint    ] Leaving safepoint region
[2022-06-13T02:06:16.885+0000][1][safepoint    ] Total time for which application threads were stopped: 0.0002678 seconds, Stopping threads took: 0.0001237 seconds
[2022-06-13T02:06:16.885+0000][1][safepoint    ] Application time: 0.0000305 seconds
[2022-06-13T02:06:16.885+0000][1][safepoint    ] Entering safepoint region: RevokeBias
[2022-06-13T02:06:16.885+0000][1][safepoint    ] Leaving safepoint region
[2022-06-13T02:06:16.885+0000][1][safepoint    ] Total time for which application threads were stopped: 0.0002294 seconds, Stopping threads took: 0.0000961 seconds
[2022-06-13T02:06:16.886+0000][1][safepoint    ] Application time: 0.0000207 seconds
[2022-06-13T02:06:16.886+0000][1][safepoint    ] Entering safepoint region: RevokeBias
[2022-06-13T02:06:16.886+0000][1][safepoint    ] Leaving safepoint region
[2022-06-13T02:06:16.886+0000][1][safepoint    ] Total time for which application threads were stopped: 0.0002225 seconds, Stopping threads took: 0.0000905 seconds
[2022-06-13T02:06:16.886+0000][1][safepoint    ] Application time: 0.0000231 seconds
[2022-06-13T02:06:16.886+0000][1][safepoint    ] Entering safepoint region: RevokeBias
[2022-06-13T02:06:16.886+0000][1][safepoint    ] Leaving safepoint region
[2022-06-13T02:06:16.886+0000][1][safepoint    ] Total time for which application threads were stopped: 0.0002461 seconds, Stopping threads took: 0.0001129 seconds
[2022-06-13T02:06:16.886+0000][1][safepoint    ] Application time: 0.0000196 seconds
[2022-06-13T02:06:16.886+0000][1][safepoint    ] Entering safepoint region: RevokeBias
[2022-06-13T02:06:16.887+0000][1][safepoint    ] Leaving safepoint region
[2022-06-13T02:06:16.887+0000][1][safepoint    ] Total time for which application threads were stopped: 0.0002316 seconds, Stopping threads took: 0.0001050 seconds
[2022-06-13T02:06:16.887+0000][1][safepoint    ] Application time: 0.0000198 seconds
[2022-06-13T02:06:16.887+0000][1][safepoint    ] Entering safepoint region: RevokeBias
[2022-06-13T02:06:16.887+0000][1][safepoint    ] Leaving safepoint region
[2022-06-13T02:06:16.887+0000][1][safepoint    ] Total time for which application threads were stopped: 0.0002899 seconds, Stopping threads took: 0.0001303 seconds
[2022-06-13T02:06:16.887+0000][1][safepoint    ] Application time: 0.0000247 seconds
[2022-06-13T02:06:16.888+0000][1][safepoint    ] Entering safepoint region: RevokeBias
[2022-06-13T02:06:16.888+0000][1][safepoint    ] Leaving safepoint region
[2022-06-13T02:06:16.888+0000][1][safepoint    ] Total time for which application threads were stopped: 0.0002269 seconds, Stopping threads took: 0.0001005 seconds
[2022-06-13T02:06:16.888+0000][1][safepoint    ] Application time: 0.0000194 seconds
[2022-06-13T02:06:16.888+0000][1][safepoint    ] Entering safepoint region: RevokeBias
[2022-06-13T02:06:16.888+0000][1][safepoint    ] Leaving safepoint region
[2022-06-13T02:06:16.888+0000][1][safepoint    ] Total time for which application threads were stopped: 0.0002498 seconds, Stopping threads took: 0.0000961 seconds
[2022-06-13T02:06:16.888+0000][1][safepoint    ] Application time: 0.0000285 seconds
[2022-06-13T02:06:16.888+0000][1][safepoint    ] Entering safepoint region: RevokeBias
[2022-06-13T02:06:16.889+0000][1][safepoint    ] Leaving safepoint region
[2022-06-13T02:06:16.889+0000][1][safepoint    ] Total time for which application threads were stopped: 0.0002363 seconds, Stopping threads took: 0.0001072 seconds
[2022-06-13T02:06:16.889+0000][1][safepoint    ] Application time: 0.0000217 seconds
[2022-06-13T02:06:16.889+0000][1][safepoint    ] Entering safepoint region: RevokeBias
[2022-06-13T02:06:16.889+0000][1][safepoint    ] Leaving safepoint region
[2022-06-13T02:06:16.889+0000][1][safepoint    ] Total time for which application threads were stopped: 0.0002482 seconds, Stopping threads took: 0.0001058 seconds
[2022-06-13T02:06:16.889+0000][1][safepoint    ] Application time: 0.0000247 seconds
[2022-06-13T02:06:16.889+0000][1][safepoint    ] Entering safepoint region: RevokeBias
[2022-06-13T02:06:16.889+0000][1][safepoint    ] Leaving safepoint region
[2022-06-13T02:06:16.890+0000][1][safepoint    ] Total time for which application threads were stopped: 0.0002384 seconds, Stopping threads took: 0.0001032 seconds
[2022-06-13T02:06:16.890+0000][1][safepoint    ] Application time: 0.0000237 seconds
[2022-06-13T02:06:16.890+0000][1][safepoint    ] Entering safepoint region: BulkRevokeBias
[2022-06-13T02:06:16.890+0000][1][safepoint    ] Leaving safepoint region
[2022-06-13T02:06:16.890+0000][1][safepoint    ] Total time for which application threads were stopped: 0.0003518 seconds, Stopping threads took: 0.0001063 seconds
[2022-06-13T02:06:16.891+0000][1][safepoint    ] Application time: 0.0001952 seconds
[2022-06-13T02:06:16.891+0000][1][safepoint    ] Entering safepoint region: RevokeBias
[2022-06-13T02:06:16.891+0000][1][safepoint    ] Leaving safepoint region
[2022-06-13T02:06:16.891+0000][1][safepoint    ] Total time for which application threads were stopped: 0.0002763 seconds, Stopping threads took: 0.0001219 seconds
[2022-06-13T02:06:16.891+0000][1][safepoint    ] Application time: 0.0001793 seconds
[2022-06-13T02:06:16.891+0000][1][safepoint    ] Entering safepoint region: RevokeBias
[2022-06-13T02:06:16.891+0000][1][safepoint    ] Leaving safepoint region
[2022-06-13T02:06:16.892+0000][1][safepoint    ] Total time for which application threads were stopped: 0.0002291 seconds, Stopping threads took: 0.0001001 seconds
[2022-06-13T02:06:16.892+0000][1][safepoint    ] Application time: 0.0000514 seconds
[2022-06-13T02:06:16.892+0000][1][safepoint    ] Entering safepoint region: RevokeBias
[2022-06-13T02:06:16.892+0000][1][safepoint    ] Leaving safepoint region
[2022-06-13T02:06:16.892+0000][1][safepoint    ] Total time for which application threads were stopped: 0.0002213 seconds, Stopping threads took: 0.0000950 seconds
[2022-06-13T02:06:16.892+0000][1][safepoint    ] Application time: 0.0000749 seconds
[2022-06-13T02:06:16.892+0000][1][safepoint    ] Entering safepoint region: RevokeBias
[2022-06-13T02:06:16.892+0000][1][safepoint    ] Leaving safepoint region
[2022-06-13T02:06:16.893+0000][1][safepoint    ] Total time for which application threads were stopped: 0.0002218 seconds, Stopping threads took: 0.0000933 seconds
[2022-06-13T02:06:16.893+0000][1][safepoint    ] Application time: 0.0000267 seconds
[2022-06-13T02:06:16.893+0000][1][safepoint    ] Entering safepoint region: RevokeBias
[2022-06-13T02:06:16.893+0000][1][safepoint    ] Leaving safepoint region
[2022-06-13T02:06:16.893+0000][1][safepoint    ] Total time for which application threads were stopped: 0.0002228 seconds, Stopping threads took: 0.0000961 seconds
[2022-06-13T02:06:16.893+0000][1][safepoint    ] Application time: 0.0000981 seconds
[2022-06-13T02:06:16.893+0000][1][safepoint    ] Entering safepoint region: RevokeBias
[2022-06-13T02:06:16.893+0000][1][safepoint    ] Leaving safepoint region
[2022-06-13T02:06:16.894+0000][1][safepoint    ] Total time for which application threads were stopped: 0.0002589 seconds, Stopping threads took: 0.0001045 seconds
[2022-06-13T02:06:16.894+0000][1][safepoint    ] Application time: 0.0003307 seconds
[2022-06-13T02:06:16.894+0000][1][safepoint    ] Entering safepoint region: RevokeBias
[2022-06-13T02:06:16.899+0000][1][safepoint    ] Leaving safepoint region
[2022-06-13T02:06:16.899+0000][1][safepoint    ] Total time for which application threads were stopped: 0.0049976 seconds, Stopping threads took: 0.0045828 seconds
[2022-06-13T02:06:16.899+0000][1][safepoint    ] Application time: 0.0001052 seconds
[2022-06-13T02:06:16.899+0000][1][safepoint    ] Entering safepoint region: RevokeBias
[2022-06-13T02:06:16.900+0000][1][safepoint    ] Leaving safepoint region
[2022-06-13T02:06:16.900+0000][1][safepoint    ] Total time for which application threads were stopped: 0.0003132 seconds, Stopping threads took: 0.0001207 seconds
[2022-06-13T02:06:16.901+0000][1][safepoint    ] Application time: 0.0007002 seconds
[2022-06-13T02:06:16.901+0000][1][safepoint    ] Entering safepoint region: RevokeBias
[2022-06-13T02:06:16.902+0000][1][safepoint    ] Leaving safepoint region
[2022-06-13T02:06:16.902+0000][1][safepoint    ] Total time for which application threads were stopped: 0.0016296 seconds, Stopping threads took: 0.0010893 seconds
[2022-06-13T02:06:16.903+0000][1][safepoint    ] Application time: 0.0000669 seconds
[2022-06-13T02:06:16.903+0000][1][safepoint    ] Entering safepoint region: RevokeBias
[2022-06-13T02:06:16.903+0000][1][safepoint    ] Leaving safepoint region
[2022-06-13T02:06:16.903+0000][1][safepoint    ] Total time for which application threads were stopped: 0.0003579 seconds, Stopping threads took: 0.0001277 seconds
[2022-06-13T02:06:16.903+0000][1][safepoint    ] Application time: 0.0000311 seconds
[2022-06-13T02:06:16.903+0000][1][safepoint    ] Entering safepoint region: RevokeBias
[2022-06-13T02:06:16.904+0000][1][safepoint    ] Leaving safepoint region
[2022-06-13T02:06:16.904+0000][1][safepoint    ] Total time for which application threads were stopped: 0.0003214 seconds, Stopping threads took: 0.0001251 seconds
[2022-06-13T02:06:16.904+0000][1][safepoint    ] Application time: 0.0000259 seconds
[2022-06-13T02:06:16.904+0000][1][safepoint    ] Entering safepoint region: RevokeBias
[2022-06-13T02:06:16.904+0000][1][safepoint    ] Leaving safepoint region
[2022-06-13T02:06:16.904+0000][1][safepoint    ] Total time for which application threads were stopped: 0.0002809 seconds, Stopping threads took: 0.0001184 seconds
[2022-06-13T02:06:16.905+0000][1][safepoint    ] Application time: 0.0003364 seconds
[2022-06-13T02:06:16.905+0000][1][safepoint    ] Entering safepoint region: RevokeBias
[2022-06-13T02:06:16.906+0000][1][safepoint    ] Leaving safepoint region
[2022-06-13T02:06:16.906+0000][1][safepoint    ] Total time for which application threads were stopped: 0.0009887 seconds, Stopping threads took: 0.0006132 seconds
[2022-06-13T02:06:16.906+0000][1][safepoint    ] Application time: 0.0001644 seconds
[2022-06-13T02:06:16.906+0000][1][safepoint    ] Entering safepoint region: RevokeBias
[2022-06-13T02:06:16.907+0000][1][safepoint    ] Leaving safepoint region
[2022-06-13T02:06:16.907+0000][1][safepoint    ] Total time for which application threads were stopped: 0.0003277 seconds, Stopping threads took: 0.0001618 seconds
[2022-06-13T02:06:16.907+0000][1][safepoint    ] Application time: 0.0005307 seconds
[2022-06-13T02:06:16.908+0000][1][safepoint    ] Entering safepoint region: RevokeBias
[2022-06-13T02:06:16.909+0000][1][safepoint    ] Leaving safepoint region
[2022-06-13T02:06:16.909+0000][1][safepoint    ] Total time for which application threads were stopped: 0.0004156 seconds, Stopping threads took: 0.0002051 seconds
[2022-06-13T02:06:16.910+0000][1][safepoint    ] Application time: 0.0005841 seconds
[2022-06-13T02:06:16.910+0000][1][safepoint    ] Entering safepoint region: RevokeBias
[2022-06-13T02:06:16.910+0000][1][safepoint    ] Leaving safepoint region
[2022-06-13T02:06:16.910+0000][1][safepoint    ] Total time for which application threads were stopped: 0.0003486 seconds, Stopping threads took: 0.0001409 seconds
[2022-06-13T02:06:16.911+0000][1][safepoint    ] Application time: 0.0004881 seconds
[2022-06-13T02:06:16.911+0000][1][safepoint    ] Entering safepoint region: RevokeBias
[2022-06-13T02:06:16.911+0000][1][safepoint    ] Leaving safepoint region
[2022-06-13T02:06:16.911+0000][1][safepoint    ] Total time for which application threads were stopped: 0.0003673 seconds, Stopping threads took: 0.0001811 seconds
[2022-06-13T02:06:16.913+0000][1][safepoint    ] Application time: 0.0018140 seconds
[2022-06-13T02:06:16.913+0000][1][safepoint    ] Entering safepoint region: RevokeBias
[2022-06-13T02:06:16.913+0000][1][safepoint    ] Leaving safepoint region
[2022-06-13T02:06:16.914+0000][1][safepoint    ] Total time for which application threads were stopped: 0.0003140 seconds, Stopping threads took: 0.0001417 seconds
[2022-06-13T02:06:16.919+0000][1][safepoint    ] Application time: 0.0053895 seconds
[2022-06-13T02:06:16.920+0000][1][safepoint    ] Entering safepoint region: RevokeBias
[2022-06-13T02:06:16.920+0000][1][safepoint    ] Leaving safepoint region
[2022-06-13T02:06:16.921+0000][1][safepoint    ] Total time for which application threads were stopped: 0.0013619 seconds, Stopping threads took: 0.0003725 seconds
[2022-06-13T02:06:16.921+0000][1][safepoint    ] Application time: 0.0000501 seconds
[2022-06-13T02:06:16.922+0000][1][safepoint    ] Entering safepoint region: RevokeBias
[2022-06-13T02:06:16.922+0000][1][safepoint    ] Leaving safepoint region
[2022-06-13T02:06:16.922+0000][1][safepoint    ] Total time for which application threads were stopped: 0.0003371 seconds, Stopping threads took: 0.0001427 seconds
[2022-06-13T02:06:16.922+0000][1][safepoint    ] Application time: 0.0000419 seconds
[2022-06-13T02:06:16.922+0000][1][safepoint    ] Entering safepoint region: RevokeBias
[2022-06-13T02:06:16.922+0000][1][safepoint    ] Leaving safepoint region
[2022-06-13T02:06:16.923+0000][1][safepoint    ] Total time for which application threads were stopped: 0.0003269 seconds, Stopping threads took: 0.0001531 seconds
[2022-06-13T02:06:16.923+0000][1][safepoint    ] Application time: 0.0000378 seconds
[2022-06-13T02:06:16.923+0000][1][safepoint    ] Entering safepoint region: RevokeBias
[2022-06-13T02:06:16.923+0000][1][safepoint    ] Leaving safepoint region
[2022-06-13T02:06:16.923+0000][1][safepoint    ] Total time for which application threads were stopped: 0.0003682 seconds, Stopping threads took: 0.0001826 seconds
[2022-06-13T02:06:16.923+0000][1][safepoint    ] Application time: 0.0000377 seconds
[2022-06-13T02:06:16.924+0000][1][safepoint    ] Entering safepoint region: RevokeBias
[2022-06-13T02:06:16.924+0000][1][safepoint    ] Leaving safepoint region
[2022-06-13T02:06:16.924+0000][1][safepoint    ] Total time for which application threads were stopped: 0.0003795 seconds, Stopping threads took: 0.0002014 seconds
[2022-06-13T02:06:16.924+0000][1][safepoint    ] Application time: 0.0000386 seconds
[2022-06-13T02:06:16.924+0000][1][safepoint    ] Entering safepoint region: RevokeBias
[2022-06-13T02:06:16.924+0000][1][safepoint    ] Leaving safepoint region
[2022-06-13T02:06:16.924+0000][1][safepoint    ] Total time for which application threads were stopped: 0.0002871 seconds, Stopping threads took: 0.0001427 seconds
[2022-06-13T02:06:16.925+0000][1][safepoint    ] Application time: 0.0000488 seconds
[2022-06-13T02:06:16.925+0000][1][safepoint    ] Entering safepoint region: RevokeBias
[2022-06-13T02:06:16.925+0000][1][safepoint    ] Leaving safepoint region
[2022-06-13T02:06:16.925+0000][1][safepoint    ] Total time for which application threads were stopped: 0.0002469 seconds, Stopping threads took: 0.0001064 seconds
[2022-06-13T02:06:16.925+0000][1][safepoint    ] Application time: 0.0000427 seconds
[2022-06-13T02:06:16.925+0000][1][safepoint    ] Entering safepoint region: RevokeBias
[2022-06-13T02:06:16.925+0000][1][safepoint    ] Leaving safepoint region
[2022-06-13T02:06:16.926+0000][1][safepoint    ] Total time for which application threads were stopped: 0.0003271 seconds, Stopping threads took: 0.0001503 seconds
[2022-06-13T02:06:16.926+0000][1][safepoint    ] Application time: 0.0000407 seconds
[2022-06-13T02:06:16.926+0000][1][safepoint    ] Entering safepoint region: RevokeBias
[2022-06-13T02:06:16.927+0000][1][safepoint    ] Leaving safepoint region
[2022-06-13T02:06:16.927+0000][1][safepoint    ] Total time for which application threads were stopped: 0.0007708 seconds, Stopping threads took: 0.0005810 seconds
[2022-06-13T02:06:16.927+0000][1][safepoint    ] Application time: 0.0000440 seconds
[2022-06-13T02:06:16.927+0000][1][safepoint    ] Entering safepoint region: RevokeBias
[2022-06-13T02:06:16.927+0000][1][safepoint    ] Leaving safepoint region
[2022-06-13T02:06:16.927+0000][1][safepoint    ] Total time for which application threads were stopped: 0.0002763 seconds, Stopping threads took: 0.0001377 seconds
[2022-06-13T02:06:16.928+0000][1][safepoint    ] Application time: 0.0000765 seconds
[2022-06-13T02:06:16.928+0000][1][safepoint    ] Entering safepoint region: RevokeBias
[2022-06-13T02:06:16.928+0000][1][safepoint    ] Leaving safepoint region
[2022-06-13T02:06:16.928+0000][1][safepoint    ] Total time for which application threads were stopped: 0.0003295 seconds, Stopping threads took: 0.0001558 seconds
[2022-06-13T02:06:16.928+0000][1][safepoint    ] Application time: 0.0000971 seconds
[2022-06-13T02:06:16.929+0000][1][safepoint    ] Entering safepoint region: RevokeBias
[2022-06-13T02:06:16.929+0000][1][safepoint    ] Leaving safepoint region
[2022-06-13T02:06:16.929+0000][1][safepoint    ] Total time for which application threads were stopped: 0.0004052 seconds, Stopping threads took: 0.0002310 seconds
[2022-06-13T02:06:16.929+0000][1][safepoint    ] Application time: 0.0001096 seconds
[2022-06-13T02:06:16.929+0000][1][safepoint    ] Entering safepoint region: RevokeBias
[2022-06-13T02:06:16.930+0000][1][safepoint    ] Leaving safepoint region
[2022-06-13T02:06:16.930+0000][1][safepoint    ] Total time for which application threads were stopped: 0.0005985 seconds, Stopping threads took: 0.0002459 seconds
[2022-06-13T02:06:16.931+0000][1][safepoint    ] Application time: 0.0006798 seconds
[2022-06-13T02:06:16.931+0000][1][safepoint    ] Entering safepoint region: RevokeBias
[2022-06-13T02:06:16.931+0000][1][safepoint    ] Leaving safepoint region
[2022-06-13T02:06:16.931+0000][1][safepoint    ] Total time for which application threads were stopped: 0.0003412 seconds, Stopping threads took: 0.0001798 seconds
[2022-06-13T02:06:16.931+0000][1][safepoint    ] Application time: 0.0000917 seconds
[2022-06-13T02:06:16.932+0000][1][safepoint    ] Entering safepoint region: RevokeBias
[2022-06-13T02:06:16.932+0000][1][safepoint    ] Leaving safepoint region
[2022-06-13T02:06:16.932+0000][1][safepoint    ] Total time for which application threads were stopped: 0.0003356 seconds, Stopping threads took: 0.0001888 seconds
[2022-06-13T02:06:16.932+0000][1][safepoint    ] Application time: 0.0000954 seconds
[2022-06-13T02:06:16.932+0000][1][safepoint    ] Entering safepoint region: RevokeBias
[2022-06-13T02:06:16.932+0000][1][safepoint    ] Leaving safepoint region
[2022-06-13T02:06:16.933+0000][1][safepoint    ] Total time for which application threads were stopped: 0.0003295 seconds, Stopping threads took: 0.0001483 seconds
[2022-06-13T02:06:16.933+0000][1][safepoint    ] Application time: 0.0001105 seconds
[2022-06-13T02:06:16.933+0000][1][safepoint    ] Entering safepoint region: RevokeBias
[2022-06-13T02:06:16.933+0000][1][safepoint    ] Leaving safepoint region
[2022-06-13T02:06:16.933+0000][1][safepoint    ] Total time for which application threads were stopped: 0.0003760 seconds, Stopping threads took: 0.0001629 seconds
[2022-06-13T02:06:16.934+0000][1][safepoint    ] Application time: 0.0001149 seconds
[2022-06-13T02:06:16.934+0000][1][safepoint    ] Entering safepoint region: RevokeBias
[2022-06-13T02:06:16.934+0000][1][safepoint    ] Leaving safepoint region
[2022-06-13T02:06:16.934+0000][1][safepoint    ] Total time for which application threads were stopped: 0.0004256 seconds, Stopping threads took: 0.0002630 seconds
[2022-06-13T02:06:16.934+0000][1][safepoint    ] Application time: 0.0000702 seconds
[2022-06-13T02:06:16.934+0000][1][safepoint    ] Entering safepoint region: RevokeBias
[2022-06-13T02:06:16.935+0000][1][safepoint    ] Leaving safepoint region
[2022-06-13T02:06:16.935+0000][1][safepoint    ] Total time for which application threads were stopped: 0.0003146 seconds, Stopping threads took: 0.0001546 seconds
[2022-06-13T02:06:16.935+0000][1][safepoint    ] Application time: 0.0001087 seconds
[2022-06-13T02:06:16.935+0000][1][safepoint    ] Entering safepoint region: BulkRevokeBias
[2022-06-13T02:06:16.935+0000][1][safepoint    ] Leaving safepoint region
[2022-06-13T02:06:16.936+0000][1][safepoint    ] Total time for which application threads were stopped: 0.0004704 seconds, Stopping threads took: 0.0002178 seconds
[2022-06-13T02:06:16.937+0000][1][safepoint    ] Application time: 0.0013070 seconds
[2022-06-13T02:06:16.937+0000][1][safepoint    ] Entering safepoint region: RevokeBias
[2022-06-13T02:06:16.937+0000][1][safepoint    ] Leaving safepoint region
[2022-06-13T02:06:16.937+0000][1][safepoint    ] Total time for which application threads were stopped: 0.0003042 seconds, Stopping threads took: 0.0001488 seconds
[2022-06-13T02:06:16.938+0000][1][safepoint    ] Application time: 0.0008823 seconds
[2022-06-13T02:06:16.939+0000][1][safepoint    ] Entering safepoint region: RevokeBias
[2022-06-13T02:06:16.939+0000][1][safepoint    ] Leaving safepoint region
[2022-06-13T02:06:16.939+0000][1][safepoint    ] Total time for which application threads were stopped: 0.0003588 seconds, Stopping threads took: 0.0001989 seconds
[2022-06-13T02:06:16.939+0000][1][safepoint    ] Application time: 0.0000679 seconds
[2022-06-13T02:06:16.940+0000][1][safepoint    ] Entering safepoint region: RevokeBias
[2022-06-13T02:06:16.941+0000][1][gc,start     ] GC(19) Pause Young (Allocation Failure)
[2022-06-13T02:06:16.941+0000][1][gc,task      ] GC(19) Using 5 workers of 13 for evacuation
[2022-06-13T02:06:16.946+0000][1][gc,age       ] GC(19) Desired survivor size 4456448 bytes, new threshold 2 (max threshold 6)
[2022-06-13T02:06:16.946+0000][1][gc,age       ] GC(19) Age table with threshold 2 (max threshold 6)
[2022-06-13T02:06:16.946+0000][1][gc,age       ] GC(19) - age   1:    3199392 bytes,    3199392 total
[2022-06-13T02:06:16.946+0000][1][gc,age       ] GC(19) - age   2:    3538992 bytes,    6738384 total
[2022-06-13T02:06:16.946+0000][1][gc,age       ] GC(19) - age   3:     439480 bytes,    7177864 total
[2022-06-13T02:06:16.946+0000][1][gc,heap      ] GC(19) ParNew: 74996K->8405K(78656K)
[2022-06-13T02:06:16.946+0000][1][gc,heap      ] GC(19) CMS: 55572K->55572K(174784K)
[2022-06-13T02:06:16.946+0000][1][gc,metaspace ] GC(19) Metaspace: 47031K->47031K(1091584K)
[2022-06-13T02:06:16.947+0000][1][gc           ] GC(19) Pause Young (Allocation Failure) 127M->62M(247M) 5.959ms
[2022-06-13T02:06:16.947+0000][1][gc,cpu       ] GC(19) User=0.02s Sys=0.00s Real=0.00s
[2022-06-13T02:06:16.947+0000][1][safepoint    ] Leaving safepoint region
[2022-06-13T02:06:16.947+0000][1][safepoint    ] Total time for which application threads were stopped: 0.0066461 seconds, Stopping threads took: 0.0001851 seconds
[2022-06-13T02:06:16.947+0000][1][safepoint    ] Application time: 0.0003278 seconds
[2022-06-13T02:06:16.948+0000][1][safepoint    ] Entering safepoint region: RevokeBias
[2022-06-13T02:06:16.948+0000][1][safepoint    ] Leaving safepoint region
[2022-06-13T02:06:16.948+0000][1][safepoint    ] Total time for which application threads were stopped: 0.0003729 seconds, Stopping threads took: 0.0002296 seconds
[2022-06-13T02:06:16.948+0000][1][safepoint    ] Application time: 0.0001738 seconds
[2022-06-13T02:06:16.948+0000][1][safepoint    ] Entering safepoint region: RevokeBias
[2022-06-13T02:06:16.949+0000][1][safepoint    ] Leaving safepoint region
[2022-06-13T02:06:16.949+0000][1][safepoint    ] Total time for which application threads were stopped: 0.0002828 seconds, Stopping threads took: 0.0001367 seconds
[2022-06-13T02:06:17.166+0000][1][safepoint    ] Application time: 0.2175409 seconds
[2022-06-13T02:06:17.167+0000][1][safepoint    ] Entering safepoint region: RevokeBias
[2022-06-13T02:06:17.167+0000][1][safepoint    ] Leaving safepoint region
[2022-06-13T02:06:17.167+0000][1][safepoint    ] Total time for which application threads were stopped: 0.0003028 seconds, Stopping threads took: 0.0001166 seconds
[2022-06-13T02:06:17.168+0000][1][safepoint    ] Application time: 0.0005161 seconds
[2022-06-13T02:06:17.168+0000][1][safepoint    ] Entering safepoint region: RevokeBias
[2022-06-13T02:06:17.168+0000][1][safepoint    ] Leaving safepoint region
[2022-06-13T02:06:17.168+0000][1][safepoint    ] Total time for which application threads were stopped: 0.0003748 seconds, Stopping threads took: 0.0001653 seconds
[2022-06-13T02:06:17.214+0000][1][safepoint    ] Application time: 0.0459283 seconds
[2022-06-13T02:06:17.214+0000][1][safepoint    ] Entering safepoint region: RevokeBias
[2022-06-13T02:06:17.215+0000][1][safepoint    ] Leaving safepoint region
[2022-06-13T02:06:17.215+0000][1][safepoint    ] Total time for which application threads were stopped: 0.0003580 seconds, Stopping threads took: 0.0001530 seconds
[2022-06-13T02:06:17.217+0000][1][safepoint    ] Application time: 0.0010669 seconds
[2022-06-13T02:06:17.217+0000][1][safepoint    ] Entering safepoint region: RevokeBias
[2022-06-13T02:06:17.217+0000][1][safepoint    ] Leaving safepoint region
[2022-06-13T02:06:17.217+0000][1][safepoint    ] Total time for which application threads were stopped: 0.0003291 seconds, Stopping threads took: 0.0001625 seconds
[2022-06-13T02:06:17.223+0000][1][safepoint    ] Application time: 0.0050684 seconds
[2022-06-13T02:06:17.223+0000][1][safepoint    ] Entering safepoint region: RevokeBias
[2022-06-13T02:06:17.223+0000][1][safepoint    ] Leaving safepoint region
[2022-06-13T02:06:17.223+0000][1][safepoint    ] Total time for which application threads were stopped: 0.0003588 seconds, Stopping threads took: 0.0001569 seconds
[2022-06-13T02:06:17.226+0000][1][safepoint    ] Application time: 0.0023985 seconds
[2022-06-13T02:06:17.226+0000][1][safepoint    ] Entering safepoint region: RevokeBias
[2022-06-13T02:06:17.226+0000][1][safepoint    ] Leaving safepoint region
[2022-06-13T02:06:17.226+0000][1][safepoint    ] Total time for which application threads were stopped: 0.0003863 seconds, Stopping threads took: 0.0001718 seconds
[2022-06-13T02:06:17.231+0000][1][safepoint    ] Application time: 0.0046886 seconds
[2022-06-13T02:06:17.231+0000][1][safepoint    ] Entering safepoint region: RevokeBias
[2022-06-13T02:06:17.232+0000][1][safepoint    ] Leaving safepoint region
[2022-06-13T02:06:17.232+0000][1][safepoint    ] Total time for which application threads were stopped: 0.0006154 seconds, Stopping threads took: 0.0003241 seconds
[2022-06-13T02:06:17.240+0000][1][safepoint    ] Application time: 0.0073550 seconds
[2022-06-13T02:06:17.240+0000][1][safepoint    ] Entering safepoint region: RevokeBias
[2022-06-13T02:06:17.240+0000][1][safepoint    ] Leaving safepoint region
[2022-06-13T02:06:17.240+0000][1][safepoint    ] Total time for which application threads were stopped: 0.0003729 seconds, Stopping threads took: 0.0001672 seconds
[2022-06-13T02:06:17.245+0000][1][safepoint    ] Application time: 0.0049584 seconds
[2022-06-13T02:06:17.246+0000][1][safepoint    ] Entering safepoint region: RevokeBias
[2022-06-13T02:06:17.246+0000][1][safepoint    ] Leaving safepoint region
[2022-06-13T02:06:17.246+0000][1][safepoint    ] Total time for which application threads were stopped: 0.0004260 seconds, Stopping threads took: 0.0002147 seconds
[2022-06-13T02:06:17.258+0000][1][safepoint    ] Application time: 0.0121741 seconds
[2022-06-13T02:06:17.259+0000][1][safepoint    ] Entering safepoint region: RevokeBias
[2022-06-13T02:06:17.259+0000][1][safepoint    ] Leaving safepoint region
[2022-06-13T02:06:17.259+0000][1][safepoint    ] Total time for which application threads were stopped: 0.0003510 seconds, Stopping threads took: 0.0001713 seconds
[2022-06-13T02:06:17.415+0000][1][safepoint    ] Application time: 0.1556815 seconds
[2022-06-13T02:06:17.415+0000][1][safepoint    ] Entering safepoint region: RevokeBias
[2022-06-13T02:06:17.416+0000][1][safepoint    ] Leaving safepoint region
[2022-06-13T02:06:17.416+0000][1][safepoint    ] Total time for which application threads were stopped: 0.0008213 seconds, Stopping threads took: 0.0001147 seconds
[2022-06-13T02:06:17.417+0000][1][safepoint    ] Application time: 0.0012854 seconds
[2022-06-13T02:06:17.418+0000][1][safepoint    ] Entering safepoint region: RevokeBias
[2022-06-13T02:06:17.418+0000][1][safepoint    ] Leaving safepoint region
[2022-06-13T02:06:17.418+0000][1][safepoint    ] Total time for which application threads were stopped: 0.0004099 seconds, Stopping threads took: 0.0002074 seconds
[2022-06-13T02:06:17.490+0000][1][safepoint    ] Application time: 0.0713727 seconds
[2022-06-13T02:06:17.490+0000][1][safepoint    ] Entering safepoint region: GenCollectForAllocation
[2022-06-13T02:06:17.491+0000][1][gc,start     ] GC(20) Pause Young (Allocation Failure)
[2022-06-13T02:06:17.491+0000][1][gc,task      ] GC(20) Using 5 workers of 13 for evacuation
[2022-06-13T02:06:17.498+0000][1][gc,age       ] GC(20) Desired survivor size 4456448 bytes, new threshold 2 (max threshold 6)
[2022-06-13T02:06:17.498+0000][1][gc,age       ] GC(20) Age table with threshold 2 (max threshold 6)
[2022-06-13T02:06:17.499+0000][1][gc,age       ] GC(20) - age   1:    1423824 bytes,    1423824 total
[2022-06-13T02:06:17.499+0000][1][gc,age       ] GC(20) - age   2:    3137816 bytes,    4561640 total
[2022-06-13T02:06:17.499+0000][1][gc,heap      ] GC(20) ParNew: 78357K->6132K(78656K)
[2022-06-13T02:06:17.499+0000][1][gc,heap      ] GC(20) CMS: 55572K->59557K(174784K)
[2022-06-13T02:06:17.499+0000][1][gc,metaspace ] GC(20) Metaspace: 53906K->53906K(1097728K)
[2022-06-13T02:06:17.499+0000][1][gc           ] GC(20) Pause Young (Allocation Failure) 130M->64M(247M) 8.792ms
[2022-06-13T02:06:17.499+0000][1][gc,cpu       ] GC(20) User=0.03s Sys=0.00s Real=0.00s
[2022-06-13T02:06:17.500+0000][1][safepoint    ] Leaving safepoint region
[2022-06-13T02:06:17.500+0000][1][safepoint    ] Total time for which application threads were stopped: 0.0098587 seconds, Stopping threads took: 0.0001505 seconds
[2022-06-13T02:06:17.602+0000][1][safepoint    ] Application time: 0.1024701 seconds
[2022-06-13T02:06:17.603+0000][1][safepoint    ] Entering safepoint region: RevokeBias
[2022-06-13T02:06:17.603+0000][1][safepoint    ] Leaving safepoint region
[2022-06-13T02:06:17.603+0000][1][safepoint    ] Total time for which application threads were stopped: 0.0005000 seconds, Stopping threads took: 0.0001773 seconds
[2022-06-13T02:06:17.604+0000][1][safepoint    ] Application time: 0.0005375 seconds
[2022-06-13T02:06:17.604+0000][1][safepoint    ] Entering safepoint region: RevokeBias
[2022-06-13T02:06:17.604+0000][1][safepoint    ] Leaving safepoint region
[2022-06-13T02:06:17.604+0000][1][safepoint    ] Total time for which application threads were stopped: 0.0002888 seconds, Stopping threads took: 0.0001208 seconds
[2022-06-13T02:06:17.609+0000][1][safepoint    ] Application time: 0.0044851 seconds
[2022-06-13T02:06:17.609+0000][1][safepoint    ] Entering safepoint region: RevokeBias
[2022-06-13T02:06:17.610+0000][1][safepoint    ] Leaving safepoint region
[2022-06-13T02:06:17.610+0000][1][safepoint    ] Total time for which application threads were stopped: 0.0003586 seconds, Stopping threads took: 0.0001710 seconds
[2022-06-13T02:06:17.612+0000][1][safepoint    ] Application time: 0.0023978 seconds
[2022-06-13T02:06:17.612+0000][1][safepoint    ] Entering safepoint region: RevokeBias
[2022-06-13T02:06:17.613+0000][1][safepoint    ] Leaving safepoint region
[2022-06-13T02:06:17.613+0000][1][safepoint    ] Total time for which application threads were stopped: 0.0003087 seconds, Stopping threads took: 0.0001470 seconds
[2022-06-13T02:06:17.614+0000][1][safepoint    ] Application time: 0.0006556 seconds
[2022-06-13T02:06:17.614+0000][1][safepoint    ] Entering safepoint region: BulkRevokeBias
[2022-06-13T02:06:17.614+0000][1][safepoint    ] Leaving safepoint region
[2022-06-13T02:06:17.614+0000][1][safepoint    ] Total time for which application threads were stopped: 0.0004178 seconds, Stopping threads took: 0.0001497 seconds
[2022-06-13T02:06:17.635+0000][1][safepoint    ] Application time: 0.0207063 seconds
[2022-06-13T02:06:17.635+0000][1][safepoint    ] Entering safepoint region: RevokeBias
[2022-06-13T02:06:17.635+0000][1][safepoint    ] Leaving safepoint region
[2022-06-13T02:06:17.636+0000][1][safepoint    ] Total time for which application threads were stopped: 0.0003402 seconds, Stopping threads took: 0.0001491 seconds
[2022-06-13T02:06:17.636+0000][1][safepoint    ] Application time: 0.0001147 seconds
[2022-06-13T02:06:17.636+0000][1][safepoint    ] Entering safepoint region: RevokeBias
[2022-06-13T02:06:17.636+0000][1][safepoint    ] Leaving safepoint region
[2022-06-13T02:06:17.636+0000][1][safepoint    ] Total time for which application threads were stopped: 0.0002198 seconds, Stopping threads took: 0.0000986 seconds
[2022-06-13T02:06:17.636+0000][1][safepoint    ] Application time: 0.0001685 seconds
[2022-06-13T02:06:17.638+0000][1][safepoint    ] Entering safepoint region: RevokeBias
[2022-06-13T02:06:17.638+0000][1][safepoint    ] Leaving safepoint region
[2022-06-13T02:06:17.638+0000][1][safepoint    ] Total time for which application threads were stopped: 0.0003871 seconds, Stopping threads took: 0.0001739 seconds
[2022-06-13T02:06:17.641+0000][1][safepoint    ] Application time: 0.0022741 seconds
[2022-06-13T02:06:17.641+0000][1][safepoint    ] Entering safepoint region: RevokeBias
[2022-06-13T02:06:17.641+0000][1][safepoint    ] Leaving safepoint region
[2022-06-13T02:06:17.641+0000][1][safepoint    ] Total time for which application threads were stopped: 0.0003215 seconds, Stopping threads took: 0.0001272 seconds
[2022-06-13T02:06:17.710+0000][1][safepoint    ] Application time: 0.0686054 seconds
[2022-06-13T02:06:17.710+0000][1][safepoint    ] Entering safepoint region: RevokeBias
[2022-06-13T02:06:17.712+0000][1][safepoint    ] Leaving safepoint region
[2022-06-13T02:06:17.712+0000][1][safepoint    ] Total time for which application threads were stopped: 0.0017269 seconds, Stopping threads took: 0.0002296 seconds
[2022-06-13T02:06:17.815+0000][1][safepoint    ] Application time: 0.1025635 seconds
[2022-06-13T02:06:17.815+0000][1][safepoint    ] Entering safepoint region: Deoptimize
[2022-06-13T02:06:17.816+0000][1][safepoint    ] Leaving safepoint region
[2022-06-13T02:06:17.816+0000][1][safepoint    ] Total time for which application threads were stopped: 0.0010707 seconds, Stopping threads took: 0.0002107 seconds
[2022-06-13T02:06:18.212+0000][1][safepoint    ] Application time: 0.3954872 seconds
[2022-06-13T02:06:18.212+0000][1][safepoint    ] Entering safepoint region: RevokeBias
[2022-06-13T02:06:18.212+0000][1][safepoint    ] Leaving safepoint region
[2022-06-13T02:06:18.212+0000][1][safepoint    ] Total time for which application threads were stopped: 0.0003853 seconds, Stopping threads took: 0.0001599 seconds
[2022-06-13T02:06:18.422+0000][1][safepoint    ] Application time: 0.2094457 seconds
[2022-06-13T02:06:18.422+0000][1][safepoint    ] Entering safepoint region: Deoptimize
[2022-06-13T02:06:18.423+0000][1][safepoint    ] Leaving safepoint region
[2022-06-13T02:06:18.423+0000][1][safepoint    ] Total time for which application threads were stopped: 0.0011217 seconds, Stopping threads took: 0.0002472 seconds
[2022-06-13T02:06:18.432+0000][1][safepoint    ] Application time: 0.0079524 seconds
[2022-06-13T02:06:18.432+0000][1][safepoint    ] Entering safepoint region: RevokeBias
[2022-06-13T02:06:18.432+0000][1][safepoint    ] Leaving safepoint region
[2022-06-13T02:06:18.432+0000][1][safepoint    ] Total time for which application threads were stopped: 0.0005430 seconds, Stopping threads took: 0.0002875 seconds
[2022-06-13T02:06:18.433+0000][1][safepoint    ] Application time: 0.0005122 seconds
[2022-06-13T02:06:18.433+0000][1][safepoint    ] Entering safepoint region: RevokeBias
[2022-06-13T02:06:18.433+0000][1][safepoint    ] Leaving safepoint region
[2022-06-13T02:06:18.434+0000][1][safepoint    ] Total time for which application threads were stopped: 0.0003682 seconds, Stopping threads took: 0.0001661 seconds
[2022-06-13T02:06:18.435+0000][1][safepoint    ] Application time: 0.0009685 seconds
[2022-06-13T02:06:18.435+0000][1][safepoint    ] Entering safepoint region: RevokeBias
[2022-06-13T02:06:18.435+0000][1][safepoint    ] Leaving safepoint region
[2022-06-13T02:06:18.435+0000][1][safepoint    ] Total time for which application threads were stopped: 0.0003428 seconds, Stopping threads took: 0.0001681 seconds
[2022-06-13T02:06:18.436+0000][1][safepoint    ] Application time: 0.0008416 seconds
[2022-06-13T02:06:18.436+0000][1][safepoint    ] Entering safepoint region: GenCollectForAllocation
[2022-06-13T02:06:18.437+0000][1][gc,start     ] GC(21) Pause Young (Allocation Failure)
[2022-06-13T02:06:18.437+0000][1][gc,task      ] GC(21) Using 5 workers of 13 for evacuation
[2022-06-13T02:06:18.447+0000][1][gc,age       ] GC(21) Desired survivor size 4456448 bytes, new threshold 2 (max threshold 6)
[2022-06-13T02:06:18.447+0000][1][gc,age       ] GC(21) Age table with threshold 2 (max threshold 6)
[2022-06-13T02:06:18.447+0000][1][gc,age       ] GC(21) - age   1:    3910008 bytes,    3910008 total
[2022-06-13T02:06:18.448+0000][1][gc,age       ] GC(21) - age   2:    1331528 bytes,    5241536 total
[2022-06-13T02:06:18.448+0000][1][gc,heap      ] GC(21) ParNew: 76084K->7798K(78656K)
[2022-06-13T02:06:18.448+0000][1][gc,heap      ] GC(21) CMS: 59557K->62695K(174784K)
[2022-06-13T02:06:18.448+0000][1][gc,metaspace ] GC(21) Metaspace: 62189K->62189K(1105920K)
[2022-06-13T02:06:18.448+0000][1][gc           ] GC(21) Pause Young (Allocation Failure) 132M->68M(247M) 11.587ms
[2022-06-13T02:06:18.448+0000][1][gc,cpu       ] GC(21) User=0.06s Sys=0.00s Real=0.01s
[2022-06-13T02:06:18.449+0000][1][safepoint    ] Leaving safepoint region
[2022-06-13T02:06:18.449+0000][1][safepoint    ] Total time for which application threads were stopped: 0.0123102 seconds, Stopping threads took: 0.0001547 seconds
[2022-06-13T02:06:18.449+0000][1][safepoint    ] Application time: 0.0002515 seconds
[2022-06-13T02:06:18.449+0000][1][safepoint    ] Entering safepoint region: RevokeBias
[2022-06-13T02:06:18.450+0000][1][safepoint    ] Leaving safepoint region
[2022-06-13T02:06:18.450+0000][1][safepoint    ] Total time for which application threads were stopped: 0.0003892 seconds, Stopping threads took: 0.0001714 seconds
[2022-06-13T02:06:18.450+0000][1][safepoint    ] Application time: 0.0000952 seconds
[2022-06-13T02:06:18.450+0000][1][safepoint    ] Entering safepoint region: RevokeBias
[2022-06-13T02:06:18.450+0000][1][safepoint    ] Leaving safepoint region
[2022-06-13T02:06:18.450+0000][1][safepoint    ] Total time for which application threads were stopped: 0.0002891 seconds, Stopping threads took: 0.0001140 seconds
[2022-06-13T02:06:18.451+0000][1][safepoint    ] Application time: 0.0006837 seconds
[2022-06-13T02:06:18.451+0000][1][safepoint    ] Entering safepoint region: RevokeBias
[2022-06-13T02:06:18.452+0000][1][safepoint    ] Leaving safepoint region
[2022-06-13T02:06:18.453+0000][1][safepoint    ] Total time for which application threads were stopped: 0.0012906 seconds, Stopping threads took: 0.0007297 seconds
[2022-06-13T02:06:18.455+0000][1][safepoint    ] Application time: 0.0006888 seconds
[2022-06-13T02:06:18.455+0000][1][safepoint    ] Entering safepoint region: RevokeBias
[2022-06-13T02:06:18.455+0000][1][safepoint    ] Leaving safepoint region
[2022-06-13T02:06:18.456+0000][1][safepoint    ] Total time for which application threads were stopped: 0.0004621 seconds, Stopping threads took: 0.0001824 seconds
[2022-06-13T02:06:18.456+0000][1][safepoint    ] Application time: 0.0003622 seconds
[2022-06-13T02:06:18.456+0000][1][safepoint    ] Entering safepoint region: RevokeBias
[2022-06-13T02:06:18.456+0000][1][safepoint    ] Leaving safepoint region
[2022-06-13T02:06:18.457+0000][1][safepoint    ] Total time for which application threads were stopped: 0.0003406 seconds, Stopping threads took: 0.0001486 seconds
[2022-06-13T02:06:18.457+0000][1][safepoint    ] Application time: 0.0000962 seconds
[2022-06-13T02:06:18.457+0000][1][safepoint    ] Entering safepoint region: RevokeBias
[2022-06-13T02:06:18.457+0000][1][safepoint    ] Leaving safepoint region
[2022-06-13T02:06:18.457+0000][1][safepoint    ] Total time for which application threads were stopped: 0.0003253 seconds, Stopping threads took: 0.0001359 seconds
[2022-06-13T02:06:18.458+0000][1][safepoint    ] Application time: 0.0008420 seconds
[2022-06-13T02:06:18.458+0000][1][safepoint    ] Entering safepoint region: BulkRevokeBias
[2022-06-13T02:06:18.459+0000][1][safepoint    ] Leaving safepoint region
[2022-06-13T02:06:18.459+0000][1][safepoint    ] Total time for which application threads were stopped: 0.0004724 seconds, Stopping threads took: 0.0001821 seconds
[2022-06-13T02:06:18.460+0000][1][safepoint    ] Application time: 0.0014237 seconds
[2022-06-13T02:06:18.461+0000][1][safepoint    ] Entering safepoint region: RevokeBias
[2022-06-13T02:06:18.461+0000][1][safepoint    ] Leaving safepoint region
[2022-06-13T02:06:18.461+0000][1][safepoint    ] Total time for which application threads were stopped: 0.0003767 seconds, Stopping threads took: 0.0001743 seconds
[2022-06-13T02:06:18.461+0000][1][safepoint    ] Application time: 0.0001562 seconds
[2022-06-13T02:06:18.462+0000][1][safepoint    ] Entering safepoint region: RevokeBias
[2022-06-13T02:06:18.462+0000][1][safepoint    ] Leaving safepoint region
[2022-06-13T02:06:18.462+0000][1][safepoint    ] Total time for which application threads were stopped: 0.0003748 seconds, Stopping threads took: 0.0001871 seconds
[2022-06-13T02:06:18.465+0000][1][safepoint    ] Application time: 0.0031524 seconds
[2022-06-13T02:06:18.466+0000][1][safepoint    ] Entering safepoint region: Deoptimize
[2022-06-13T02:06:18.466+0000][1][safepoint    ] Leaving safepoint region
[2022-06-13T02:06:18.467+0000][1][safepoint    ] Total time for which application threads were stopped: 0.0010123 seconds, Stopping threads took: 0.0001948 seconds
[2022-06-13T02:06:18.467+0000][1][safepoint    ] Application time: 0.0008033 seconds
[2022-06-13T02:06:18.468+0000][1][safepoint    ] Entering safepoint region: RevokeBias
[2022-06-13T02:06:18.468+0000][1][safepoint    ] Leaving safepoint region
[2022-06-13T02:06:18.468+0000][1][safepoint    ] Total time for which application threads were stopped: 0.0003043 seconds, Stopping threads took: 0.0001300 seconds
[2022-06-13T02:06:18.470+0000][1][safepoint    ] Application time: 0.0015005 seconds
[2022-06-13T02:06:18.470+0000][1][safepoint    ] Entering safepoint region: RevokeBias
[2022-06-13T02:06:18.470+0000][1][safepoint    ] Leaving safepoint region
[2022-06-13T02:06:18.470+0000][1][safepoint    ] Total time for which application threads were stopped: 0.0005550 seconds, Stopping threads took: 0.0003762 seconds
[2022-06-13T02:06:18.471+0000][1][safepoint    ] Application time: 0.0001714 seconds
[2022-06-13T02:06:18.471+0000][1][safepoint    ] Entering safepoint region: RevokeBias
[2022-06-13T02:06:18.471+0000][1][safepoint    ] Leaving safepoint region
[2022-06-13T02:06:18.471+0000][1][safepoint    ] Total time for which application threads were stopped: 0.0003297 seconds, Stopping threads took: 0.0001452 seconds
[2022-06-13T02:06:18.471+0000][1][safepoint    ] Application time: 0.0001332 seconds
[2022-06-13T02:06:18.472+0000][1][safepoint    ] Entering safepoint region: RevokeBias
[2022-06-13T02:06:18.472+0000][1][safepoint    ] Leaving safepoint region
[2022-06-13T02:06:18.472+0000][1][safepoint    ] Total time for which application threads were stopped: 0.0002911 seconds, Stopping threads took: 0.0001331 seconds
[2022-06-13T02:06:18.472+0000][1][safepoint    ] Application time: 0.0002802 seconds
[2022-06-13T02:06:18.472+0000][1][safepoint    ] Entering safepoint region: RevokeBias
[2022-06-13T02:06:18.473+0000][1][safepoint    ] Leaving safepoint region
[2022-06-13T02:06:18.473+0000][1][safepoint    ] Total time for which application threads were stopped: 0.0003723 seconds, Stopping threads took: 0.0002059 seconds
[2022-06-13T02:06:18.473+0000][1][safepoint    ] Application time: 0.0001366 seconds
[2022-06-13T02:06:18.473+0000][1][safepoint    ] Entering safepoint region: RevokeBias
[2022-06-13T02:06:18.473+0000][1][safepoint    ] Leaving safepoint region
[2022-06-13T02:06:18.473+0000][1][safepoint    ] Total time for which application threads were stopped: 0.0002982 seconds, Stopping threads took: 0.0001192 seconds
[2022-06-13T02:06:18.499+0000][1][safepoint    ] Application time: 0.0250169 seconds
[2022-06-13T02:06:18.499+0000][1][safepoint    ] Entering safepoint region: RevokeBias
[2022-06-13T02:06:18.499+0000][1][safepoint    ] Leaving safepoint region
[2022-06-13T02:06:18.499+0000][1][safepoint    ] Total time for which application threads were stopped: 0.0004984 seconds, Stopping threads took: 0.0002605 seconds
[2022-06-13T02:06:18.500+0000][1][safepoint    ] Application time: 0.0000932 seconds
[2022-06-13T02:06:18.500+0000][1][safepoint    ] Entering safepoint region: RevokeBias
[2022-06-13T02:06:18.500+0000][1][safepoint    ] Leaving safepoint region
[2022-06-13T02:06:18.500+0000][1][safepoint    ] Total time for which application threads were stopped: 0.0003337 seconds, Stopping threads took: 0.0001647 seconds
[2022-06-13T02:06:18.502+0000][1][safepoint    ] Application time: 0.0015112 seconds
[2022-06-13T02:06:18.502+0000][1][safepoint    ] Entering safepoint region: RevokeBias
[2022-06-13T02:06:18.502+0000][1][safepoint    ] Leaving safepoint region
[2022-06-13T02:06:18.503+0000][1][safepoint    ] Total time for which application threads were stopped: 0.0005753 seconds, Stopping threads took: 0.0003807 seconds
[2022-06-13T02:06:18.503+0000][1][safepoint    ] Application time: 0.0002321 seconds
[2022-06-13T02:06:18.503+0000][1][safepoint    ] Entering safepoint region: RevokeBias
[2022-06-13T02:06:18.503+0000][1][safepoint    ] Leaving safepoint region
[2022-06-13T02:06:18.504+0000][1][safepoint    ] Total time for which application threads were stopped: 0.0004447 seconds, Stopping threads took: 0.0002811 seconds
[2022-06-13T02:06:18.504+0000][1][safepoint    ] Application time: 0.0001194 seconds
[2022-06-13T02:06:18.504+0000][1][safepoint    ] Entering safepoint region: RevokeBias
[2022-06-13T02:06:18.504+0000][1][safepoint    ] Leaving safepoint region
[2022-06-13T02:06:18.504+0000][1][safepoint    ] Total time for which application threads were stopped: 0.0003912 seconds, Stopping threads took: 0.0001784 seconds
[2022-06-13T02:06:18.505+0000][1][safepoint    ] Application time: 0.0001950 seconds
[2022-06-13T02:06:18.505+0000][1][safepoint    ] Entering safepoint region: RevokeBias
[2022-06-13T02:06:18.505+0000][1][safepoint    ] Leaving safepoint region
[2022-06-13T02:06:18.505+0000][1][safepoint    ] Total time for which application threads were stopped: 0.0003789 seconds, Stopping threads took: 0.0001653 seconds
[2022-06-13T02:06:18.506+0000][1][safepoint    ] Application time: 0.0007875 seconds
[2022-06-13T02:06:18.507+0000][1][safepoint    ] Entering safepoint region: RevokeBias
[2022-06-13T02:06:18.507+0000][1][safepoint    ] Leaving safepoint region
[2022-06-13T02:06:18.507+0000][1][safepoint    ] Total time for which application threads were stopped: 0.0003771 seconds, Stopping threads took: 0.0001548 seconds
[2022-06-13T02:06:18.507+0000][1][safepoint    ] Application time: 0.0001150 seconds
[2022-06-13T02:06:18.507+0000][1][safepoint    ] Entering safepoint region: RevokeBias
[2022-06-13T02:06:18.508+0000][1][safepoint    ] Leaving safepoint region
[2022-06-13T02:06:18.508+0000][1][safepoint    ] Total time for which application threads were stopped: 0.0003399 seconds, Stopping threads took: 0.0001429 seconds
[2022-06-13T02:06:18.510+0000][1][safepoint    ] Application time: 0.0020188 seconds
[2022-06-13T02:06:18.510+0000][1][safepoint    ] Entering safepoint region: RevokeBias
[2022-06-13T02:06:18.510+0000][1][safepoint    ] Leaving safepoint region
[2022-06-13T02:06:18.511+0000][1][safepoint    ] Total time for which application threads were stopped: 0.0004116 seconds, Stopping threads took: 0.0002019 seconds
[2022-06-13T02:06:18.513+0000][1][safepoint    ] Application time: 0.0017553 seconds
[2022-06-13T02:06:18.513+0000][1][safepoint    ] Entering safepoint region: RevokeBias
[2022-06-13T02:06:18.513+0000][1][safepoint    ] Leaving safepoint region
[2022-06-13T02:06:18.514+0000][1][safepoint    ] Total time for which application threads were stopped: 0.0004894 seconds, Stopping threads took: 0.0001867 seconds
[2022-06-13T02:06:18.514+0000][1][safepoint    ] Application time: 0.0002372 seconds
[2022-06-13T02:06:18.514+0000][1][safepoint    ] Entering safepoint region: RevokeBias
[2022-06-13T02:06:18.515+0000][1][safepoint    ] Leaving safepoint region
[2022-06-13T02:06:18.515+0000][1][safepoint    ] Total time for which application threads were stopped: 0.0004135 seconds, Stopping threads took: 0.0002264 seconds
[2022-06-13T02:06:18.515+0000][1][safepoint    ] Application time: 0.0001229 seconds
[2022-06-13T02:06:18.515+0000][1][safepoint    ] Entering safepoint region: RevokeBias
[2022-06-13T02:06:18.515+0000][1][safepoint    ] Leaving safepoint region
[2022-06-13T02:06:18.515+0000][1][safepoint    ] Total time for which application threads were stopped: 0.0003364 seconds, Stopping threads took: 0.0001515 seconds
[2022-06-13T02:06:18.516+0000][1][safepoint    ] Application time: 0.0003136 seconds
[2022-06-13T02:06:18.517+0000][1][safepoint    ] Entering safepoint region: RevokeBias
[2022-06-13T02:06:18.517+0000][1][safepoint    ] Leaving safepoint region
[2022-06-13T02:06:18.517+0000][1][safepoint    ] Total time for which application threads were stopped: 0.0010664 seconds, Stopping threads took: 0.0008501 seconds
[2022-06-13T02:06:18.517+0000][1][safepoint    ] Application time: 0.0001636 seconds
[2022-06-13T02:06:18.518+0000][1][safepoint    ] Entering safepoint region: RevokeBias
[2022-06-13T02:06:18.518+0000][1][safepoint    ] Leaving safepoint region
[2022-06-13T02:06:18.518+0000][1][safepoint    ] Total time for which application threads were stopped: 0.0003635 seconds, Stopping threads took: 0.0001962 seconds
[2022-06-13T02:06:18.519+0000][1][safepoint    ] Application time: 0.0013738 seconds
[2022-06-13T02:06:18.519+0000][1][safepoint    ] Entering safepoint region: RevokeBias
[2022-06-13T02:06:18.520+0000][1][safepoint    ] Leaving safepoint region
[2022-06-13T02:06:18.520+0000][1][safepoint    ] Total time for which application threads were stopped: 0.0003328 seconds, Stopping threads took: 0.0001461 seconds
[2022-06-13T02:06:18.520+0000][1][safepoint    ] Application time: 0.0002563 seconds
[2022-06-13T02:06:18.520+0000][1][safepoint    ] Entering safepoint region: RevokeBias
[2022-06-13T02:06:18.521+0000][1][safepoint    ] Leaving safepoint region
[2022-06-13T02:06:18.521+0000][1][safepoint    ] Total time for which application threads were stopped: 0.0003405 seconds, Stopping threads took: 0.0001572 seconds
[2022-06-13T02:06:18.521+0000][1][safepoint    ] Application time: 0.0001201 seconds
[2022-06-13T02:06:18.521+0000][1][safepoint    ] Entering safepoint region: RevokeBias
[2022-06-13T02:06:18.521+0000][1][safepoint    ] Leaving safepoint region
[2022-06-13T02:06:18.521+0000][1][safepoint    ] Total time for which application threads were stopped: 0.0002833 seconds, Stopping threads took: 0.0001253 seconds
[2022-06-13T02:06:18.523+0000][1][safepoint    ] Application time: 0.0015008 seconds
[2022-06-13T02:06:18.523+0000][1][safepoint    ] Entering safepoint region: RevokeBias
[2022-06-13T02:06:18.523+0000][1][safepoint    ] Leaving safepoint region
[2022-06-13T02:06:18.524+0000][1][safepoint    ] Total time for which application threads were stopped: 0.0002982 seconds, Stopping threads took: 0.0001534 seconds
[2022-06-13T02:06:18.524+0000][1][safepoint    ] Application time: 0.0001120 seconds
[2022-06-13T02:06:18.524+0000][1][safepoint    ] Entering safepoint region: RevokeBias
[2022-06-13T02:06:18.524+0000][1][safepoint    ] Leaving safepoint region
[2022-06-13T02:06:18.524+0000][1][safepoint    ] Total time for which application threads were stopped: 0.0003406 seconds, Stopping threads took: 0.0001545 seconds
[2022-06-13T02:06:18.528+0000][1][safepoint    ] Application time: 0.0032155 seconds
[2022-06-13T02:06:18.528+0000][1][safepoint    ] Entering safepoint region: RevokeBias
[2022-06-13T02:06:18.528+0000][1][safepoint    ] Leaving safepoint region
[2022-06-13T02:06:18.528+0000][1][safepoint    ] Total time for which application threads were stopped: 0.0004516 seconds, Stopping threads took: 0.0002235 seconds
[2022-06-13T02:06:18.529+0000][1][safepoint    ] Application time: 0.0001268 seconds
[2022-06-13T02:06:18.529+0000][1][safepoint    ] Entering safepoint region: RevokeBias
[2022-06-13T02:06:18.529+0000][1][safepoint    ] Leaving safepoint region
[2022-06-13T02:06:18.530+0000][1][safepoint    ] Total time for which application threads were stopped: 0.0008376 seconds, Stopping threads took: 0.0004413 seconds
[2022-06-13T02:06:18.532+0000][1][safepoint    ] Application time: 0.0022334 seconds
[2022-06-13T02:06:18.532+0000][1][safepoint    ] Entering safepoint region: RevokeBias
[2022-06-13T02:06:18.533+0000][1][safepoint    ] Leaving safepoint region
[2022-06-13T02:06:18.533+0000][1][safepoint    ] Total time for which application threads were stopped: 0.0004826 seconds, Stopping threads took: 0.0002416 seconds
[2022-06-13T02:06:18.533+0000][1][safepoint    ] Application time: 0.0005031 seconds
[2022-06-13T02:06:18.533+0000][1][safepoint    ] Entering safepoint region: RevokeBias
[2022-06-13T02:06:18.534+0000][1][safepoint    ] Leaving safepoint region
[2022-06-13T02:06:18.534+0000][1][safepoint    ] Total time for which application threads were stopped: 0.0002999 seconds, Stopping threads took: 0.0001555 seconds
[2022-06-13T02:06:18.534+0000][1][safepoint    ] Application time: 0.0000711 seconds
[2022-06-13T02:06:18.534+0000][1][safepoint    ] Entering safepoint region: RevokeBias
[2022-06-13T02:06:18.534+0000][1][safepoint    ] Leaving safepoint region
[2022-06-13T02:06:18.534+0000][1][safepoint    ] Total time for which application threads were stopped: 0.0002923 seconds, Stopping threads took: 0.0001346 seconds
[2022-06-13T02:06:18.535+0000][1][safepoint    ] Application time: 0.0001042 seconds
[2022-06-13T02:06:18.535+0000][1][safepoint    ] Entering safepoint region: RevokeBias
[2022-06-13T02:06:18.535+0000][1][safepoint    ] Leaving safepoint region
[2022-06-13T02:06:18.535+0000][1][safepoint    ] Total time for which application threads were stopped: 0.0003210 seconds, Stopping threads took: 0.0001679 seconds
[2022-06-13T02:06:18.536+0000][1][safepoint    ] Application time: 0.0010271 seconds
[2022-06-13T02:06:18.536+0000][1][safepoint    ] Entering safepoint region: RevokeBias
[2022-06-13T02:06:18.537+0000][1][safepoint    ] Leaving safepoint region
[2022-06-13T02:06:18.537+0000][1][safepoint    ] Total time for which application threads were stopped: 0.0003759 seconds, Stopping threads took: 0.0001588 seconds
[2022-06-13T02:06:18.537+0000][1][safepoint    ] Application time: 0.0001060 seconds
[2022-06-13T02:06:18.537+0000][1][safepoint    ] Entering safepoint region: RevokeBias
[2022-06-13T02:06:18.537+0000][1][safepoint    ] Leaving safepoint region
[2022-06-13T02:06:18.537+0000][1][safepoint    ] Total time for which application threads were stopped: 0.0003193 seconds, Stopping threads took: 0.0001656 seconds
[2022-06-13T02:06:18.539+0000][1][safepoint    ] Application time: 0.0014080 seconds
[2022-06-13T02:06:18.539+0000][1][safepoint    ] Entering safepoint region: RevokeBias
[2022-06-13T02:06:18.540+0000][1][safepoint    ] Leaving safepoint region
[2022-06-13T02:06:18.540+0000][1][safepoint    ] Total time for which application threads were stopped: 0.0004842 seconds, Stopping threads took: 0.0002514 seconds
[2022-06-13T02:06:18.540+0000][1][safepoint    ] Application time: 0.0001659 seconds
[2022-06-13T02:06:18.541+0000][1][safepoint    ] Entering safepoint region: RevokeBias
[2022-06-13T02:06:18.541+0000][1][safepoint    ] Leaving safepoint region
[2022-06-13T02:06:18.541+0000][1][safepoint    ] Total time for which application threads were stopped: 0.0004482 seconds, Stopping threads took: 0.0002345 seconds
[2022-06-13T02:06:18.544+0000][1][safepoint    ] Application time: 0.0024315 seconds
[2022-06-13T02:06:18.544+0000][1][safepoint    ] Entering safepoint region: RevokeBias
[2022-06-13T02:06:18.544+0000][1][safepoint    ] Leaving safepoint region
[2022-06-13T02:06:18.544+0000][1][safepoint    ] Total time for which application threads were stopped: 0.0004573 seconds, Stopping threads took: 0.0001803 seconds
[2022-06-13T02:06:18.545+0000][1][safepoint    ] Application time: 0.0001668 seconds
[2022-06-13T02:06:18.545+0000][1][safepoint    ] Entering safepoint region: RevokeBias
[2022-06-13T02:06:18.545+0000][1][safepoint    ] Leaving safepoint region
[2022-06-13T02:06:18.545+0000][1][safepoint    ] Total time for which application threads were stopped: 0.0003743 seconds, Stopping threads took: 0.0001511 seconds
[2022-06-13T02:06:18.545+0000][1][safepoint    ] Application time: 0.0001504 seconds
[2022-06-13T02:06:18.546+0000][1][safepoint    ] Entering safepoint region: RevokeBias
[2022-06-13T02:06:18.546+0000][1][safepoint    ] Leaving safepoint region
[2022-06-13T02:06:18.546+0000][1][safepoint    ] Total time for which application threads were stopped: 0.0002982 seconds, Stopping threads took: 0.0001339 seconds
[2022-06-13T02:06:18.546+0000][1][safepoint    ] Application time: 0.0000339 seconds
[2022-06-13T02:06:18.546+0000][1][safepoint    ] Entering safepoint region: RevokeBias
[2022-06-13T02:06:18.546+0000][1][safepoint    ] Leaving safepoint region
[2022-06-13T02:06:18.546+0000][1][safepoint    ] Total time for which application threads were stopped: 0.0002860 seconds, Stopping threads took: 0.0001181 seconds
[2022-06-13T02:06:18.549+0000][1][safepoint    ] Application time: 0.0028913 seconds
[2022-06-13T02:06:18.550+0000][1][safepoint    ] Entering safepoint region: RevokeBias
[2022-06-13T02:06:18.550+0000][1][safepoint    ] Leaving safepoint region
[2022-06-13T02:06:18.550+0000][1][safepoint    ] Total time for which application threads were stopped: 0.0003631 seconds, Stopping threads took: 0.0001766 seconds
[2022-06-13T02:06:18.550+0000][1][safepoint    ] Application time: 0.0001399 seconds
[2022-06-13T02:06:18.551+0000][1][safepoint    ] Entering safepoint region: RevokeBias
[2022-06-13T02:06:18.551+0000][1][safepoint    ] Leaving safepoint region
[2022-06-13T02:06:18.551+0000][1][safepoint    ] Total time for which application threads were stopped: 0.0004848 seconds, Stopping threads took: 0.0002588 seconds
[2022-06-13T02:06:18.551+0000][1][safepoint    ] Application time: 0.0001527 seconds
[2022-06-13T02:06:18.552+0000][1][safepoint    ] Entering safepoint region: RevokeBias
[2022-06-13T02:06:18.552+0000][1][safepoint    ] Leaving safepoint region
[2022-06-13T02:06:18.552+0000][1][safepoint    ] Total time for which application threads were stopped: 0.0004349 seconds, Stopping threads took: 0.0002292 seconds
[2022-06-13T02:06:18.552+0000][1][safepoint    ] Application time: 0.0001622 seconds
[2022-06-13T02:06:18.553+0000][1][safepoint    ] Entering safepoint region: RevokeBias
[2022-06-13T02:06:18.553+0000][1][safepoint    ] Leaving safepoint region
[2022-06-13T02:06:18.553+0000][1][safepoint    ] Total time for which application threads were stopped: 0.0004843 seconds, Stopping threads took: 0.0002607 seconds
[2022-06-13T02:06:18.555+0000][1][safepoint    ] Application time: 0.0019185 seconds
[2022-06-13T02:06:18.555+0000][1][safepoint    ] Entering safepoint region: RevokeBias
[2022-06-13T02:06:18.556+0000][1][safepoint    ] Leaving safepoint region
[2022-06-13T02:06:18.556+0000][1][safepoint    ] Total time for which application threads were stopped: 0.0004928 seconds, Stopping threads took: 0.0001750 seconds
[2022-06-13T02:06:18.713+0000][1][safepoint    ] Application time: 0.1571380 seconds
[2022-06-13T02:06:18.713+0000][1][safepoint    ] Entering safepoint region: RevokeBias
[2022-06-13T02:06:18.714+0000][1][safepoint    ] Leaving safepoint region
[2022-06-13T02:06:18.714+0000][1][safepoint    ] Total time for which application threads were stopped: 0.0003905 seconds, Stopping threads took: 0.0002061 seconds
[2022-06-13T02:06:19.203+0000][1][safepoint    ] Application time: 0.4894833 seconds
[2022-06-13T02:06:19.204+0000][1][safepoint    ] Entering safepoint region: RevokeBias
[2022-06-13T02:06:19.205+0000][1][safepoint    ] Leaving safepoint region
[2022-06-13T02:06:19.205+0000][1][safepoint    ] Total time for which application threads were stopped: 0.0010815 seconds, Stopping threads took: 0.0006433 seconds
[2022-06-13T02:06:19.206+0000][1][safepoint    ] Application time: 0.0001489 seconds
[2022-06-13T02:06:19.206+0000][1][safepoint    ] Entering safepoint region: RevokeBias
[2022-06-13T02:06:19.206+0000][1][safepoint    ] Leaving safepoint region
[2022-06-13T02:06:19.207+0000][1][safepoint    ] Total time for which application threads were stopped: 0.0007581 seconds, Stopping threads took: 0.0002722 seconds
[2022-06-13T02:06:19.207+0000][1][safepoint    ] Application time: 0.0002091 seconds
[2022-06-13T02:06:19.208+0000][1][safepoint    ] Entering safepoint region: RevokeBias
[2022-06-13T02:06:19.208+0000][1][safepoint    ] Leaving safepoint region
[2022-06-13T02:06:19.209+0000][1][safepoint    ] Total time for which application threads were stopped: 0.0007652 seconds, Stopping threads took: 0.0003555 seconds
[2022-06-13T02:06:19.209+0000][1][safepoint    ] Application time: 0.0002008 seconds
[2022-06-13T02:06:19.210+0000][1][safepoint    ] Entering safepoint region: RevokeBias
[2022-06-13T02:06:19.210+0000][1][safepoint    ] Leaving safepoint region
[2022-06-13T02:06:19.211+0000][1][safepoint    ] Total time for which application threads were stopped: 0.0010128 seconds, Stopping threads took: 0.0004885 seconds
[2022-06-13T02:06:19.211+0000][1][safepoint    ] Application time: 0.0002755 seconds
[2022-06-13T02:06:19.212+0000][1][safepoint    ] Entering safepoint region: RevokeBias
[2022-06-13T02:06:19.212+0000][1][safepoint    ] Leaving safepoint region
[2022-06-13T02:06:19.213+0000][1][safepoint    ] Total time for which application threads were stopped: 0.0010502 seconds, Stopping threads took: 0.0004765 seconds
[2022-06-13T02:06:19.214+0000][1][safepoint    ] Application time: 0.0002370 seconds
[2022-06-13T02:06:19.214+0000][1][safepoint    ] Entering safepoint region: RevokeBias
[2022-06-13T02:06:19.215+0000][1][safepoint    ] Leaving safepoint region
[2022-06-13T02:06:19.215+0000][1][safepoint    ] Total time for which application threads were stopped: 0.0006176 seconds, Stopping threads took: 0.0003963 seconds
[2022-06-13T02:06:19.215+0000][1][safepoint    ] Application time: 0.0002004 seconds
[2022-06-13T02:06:19.216+0000][1][safepoint    ] Entering safepoint region: RevokeBias
[2022-06-13T02:06:19.216+0000][1][safepoint    ] Leaving safepoint region
[2022-06-13T02:06:19.217+0000][1][safepoint    ] Total time for which application threads were stopped: 0.0008862 seconds, Stopping threads took: 0.0004022 seconds
[2022-06-13T02:06:19.217+0000][1][safepoint    ] Application time: 0.0001614 seconds
[2022-06-13T02:06:19.217+0000][1][safepoint    ] Entering safepoint region: RevokeBias
[2022-06-13T02:06:19.217+0000][1][safepoint    ] Leaving safepoint region
[2022-06-13T02:06:19.218+0000][1][safepoint    ] Total time for which application threads were stopped: 0.0005259 seconds, Stopping threads took: 0.0001614 seconds
[2022-06-13T02:06:19.500+0000][1][safepoint    ] Application time: 0.2818506 seconds
[2022-06-13T02:06:19.500+0000][1][safepoint    ] Entering safepoint region: RevokeBias
[2022-06-13T02:06:19.501+0000][1][safepoint    ] Leaving safepoint region
[2022-06-13T02:06:19.501+0000][1][safepoint    ] Total time for which application threads were stopped: 0.0007558 seconds, Stopping threads took: 0.0003767 seconds
[2022-06-13T02:06:20.501+0000][1][safepoint    ] Application time: 1.0001230 seconds
[2022-06-13T02:06:20.502+0000][1][safepoint    ] Entering safepoint region: Cleanup
[2022-06-13T02:06:20.502+0000][1][safepoint    ] Leaving safepoint region
[2022-06-13T02:06:20.502+0000][1][safepoint    ] Total time for which application threads were stopped: 0.0003282 seconds, Stopping threads took: 0.0001671 seconds
[2022-06-13T02:06:21.502+0000][1][safepoint    ] Application time: 1.0001324 seconds
[2022-06-13T02:06:21.503+0000][1][safepoint    ] Entering safepoint region: Cleanup
[2022-06-13T02:06:21.503+0000][1][safepoint    ] Leaving safepoint region
[2022-06-13T02:06:21.503+0000][1][safepoint    ] Total time for which application threads were stopped: 0.0006141 seconds, Stopping threads took: 0.0003607 seconds
[2022-06-13T02:06:21.541+0000][1][safepoint    ] Application time: 0.0373073 seconds
[2022-06-13T02:06:21.542+0000][1][safepoint    ] Entering safepoint region: RevokeBias
[2022-06-13T02:06:21.542+0000][1][safepoint    ] Leaving safepoint region
[2022-06-13T02:06:21.542+0000][1][safepoint    ] Total time for which application threads were stopped: 0.0007977 seconds, Stopping threads took: 0.0002666 seconds
[2022-06-13T02:06:21.543+0000][1][safepoint    ] Application time: 0.0006499 seconds
[2022-06-13T02:06:21.544+0000][1][safepoint    ] Entering safepoint region: RevokeBias
[2022-06-13T02:06:21.544+0000][1][safepoint    ] Leaving safepoint region
[2022-06-13T02:06:21.544+0000][1][safepoint    ] Total time for which application threads were stopped: 0.0006824 seconds, Stopping threads took: 0.0003954 seconds
[2022-06-13T02:06:21.545+0000][1][safepoint    ] Application time: 0.0002523 seconds
[2022-06-13T02:06:21.545+0000][1][safepoint    ] Entering safepoint region: RevokeBias
[2022-06-13T02:06:21.546+0000][1][safepoint    ] Leaving safepoint region
[2022-06-13T02:06:21.546+0000][1][safepoint    ] Total time for which application threads were stopped: 0.0008336 seconds, Stopping threads took: 0.0004843 seconds
[2022-06-13T02:06:22.504+0000][1][safepoint    ] Application time: 0.9576003 seconds
[2022-06-13T02:06:22.505+0000][1][safepoint    ] Entering safepoint region: RevokeBias
[2022-06-13T02:06:22.505+0000][1][safepoint    ] Leaving safepoint region
[2022-06-13T02:06:22.506+0000][1][safepoint    ] Total time for which application threads were stopped: 0.0013603 seconds, Stopping threads took: 0.0006167 seconds
[2022-06-13T02:06:22.508+0000][1][safepoint    ] Application time: 0.0011093 seconds
[2022-06-13T02:06:22.508+0000][1][safepoint    ] Entering safepoint region: RevokeBias
[2022-06-13T02:06:22.509+0000][1][safepoint    ] Leaving safepoint region
[2022-06-13T02:06:22.510+0000][1][safepoint    ] Total time for which application threads were stopped: 0.0013279 seconds, Stopping threads took: 0.0006732 seconds
[2022-06-13T02:06:22.510+0000][1][safepoint    ] Application time: 0.0003036 seconds
[2022-06-13T02:06:22.511+0000][1][safepoint    ] Entering safepoint region: RevokeBias
[2022-06-13T02:06:22.512+0000][1][safepoint    ] Leaving safepoint region
[2022-06-13T02:06:22.512+0000][1][safepoint    ] Total time for which application threads were stopped: 0.0012316 seconds, Stopping threads took: 0.0007469 seconds
[2022-06-13T02:06:22.513+0000][1][safepoint    ] Application time: 0.0002310 seconds
[2022-06-13T02:06:22.513+0000][1][safepoint    ] Entering safepoint region: RevokeBias
[2022-06-13T02:06:22.514+0000][1][safepoint    ] Leaving safepoint region
[2022-06-13T02:06:22.514+0000][1][safepoint    ] Total time for which application threads were stopped: 0.0011420 seconds, Stopping threads took: 0.0005560 seconds
[2022-06-13T02:06:22.515+0000][1][safepoint    ] Application time: 0.0002839 seconds
[2022-06-13T02:06:22.516+0000][1][safepoint    ] Entering safepoint region: RevokeBias
[2022-06-13T02:06:22.516+0000][1][safepoint    ] Leaving safepoint region
[2022-06-13T02:06:22.516+0000][1][safepoint    ] Total time for which application threads were stopped: 0.0007928 seconds, Stopping threads took: 0.0003686 seconds
[2022-06-13T02:06:22.517+0000][1][safepoint    ] Application time: 0.0002121 seconds
[2022-06-13T02:06:22.518+0000][1][safepoint    ] Entering safepoint region: RevokeBias
[2022-06-13T02:06:22.518+0000][1][safepoint    ] Leaving safepoint region
[2022-06-13T02:06:22.519+0000][1][safepoint    ] Total time for which application threads were stopped: 0.0009762 seconds, Stopping threads took: 0.0005383 seconds
[2022-06-13T02:06:22.519+0000][1][safepoint    ] Application time: 0.0004694 seconds
[2022-06-13T02:06:22.520+0000][1][safepoint    ] Entering safepoint region: RevokeBias
[2022-06-13T02:06:22.520+0000][1][safepoint    ] Leaving safepoint region
[2022-06-13T02:06:22.521+0000][1][safepoint    ] Total time for which application threads were stopped: 0.0008709 seconds, Stopping threads took: 0.0003757 seconds
[2022-06-13T02:06:23.521+0000][1][safepoint    ] Application time: 1.0003349 seconds
[2022-06-13T02:06:23.522+0000][1][safepoint    ] Entering safepoint region: Cleanup
[2022-06-13T02:06:23.522+0000][1][safepoint    ] Leaving safepoint region
[2022-06-13T02:06:23.523+0000][1][safepoint    ] Total time for which application threads were stopped: 0.0009079 seconds, Stopping threads took: 0.0004502 seconds
[2022-06-13T02:06:24.523+0000][1][safepoint    ] Application time: 1.0001602 seconds
[2022-06-13T02:06:24.524+0000][1][safepoint    ] Entering safepoint region: Cleanup
[2022-06-13T02:06:24.525+0000][1][safepoint    ] Leaving safepoint region
[2022-06-13T02:06:24.525+0000][1][safepoint    ] Total time for which application threads were stopped: 0.0009066 seconds, Stopping threads took: 0.0004328 seconds
[2022-06-13T02:06:25.504+0000][1][safepoint    ] Application time: 0.9787690 seconds
[2022-06-13T02:06:25.505+0000][1][safepoint    ] Entering safepoint region: RevokeBias
[2022-06-13T02:06:25.505+0000][1][safepoint    ] Leaving safepoint region
[2022-06-13T02:06:25.506+0000][1][safepoint    ] Total time for which application threads were stopped: 0.0008785 seconds, Stopping threads took: 0.0004731 seconds
[2022-06-13T02:06:25.508+0000][1][safepoint    ] Application time: 0.0023188 seconds
[2022-06-13T02:06:25.509+0000][1][safepoint    ] Entering safepoint region: RevokeBias
[2022-06-13T02:06:25.509+0000][1][safepoint    ] Leaving safepoint region
[2022-06-13T02:06:25.509+0000][1][safepoint    ] Total time for which application threads were stopped: 0.0004678 seconds, Stopping threads took: 0.0001955 seconds
[2022-06-13T02:06:26.505+0000][1][safepoint    ] Application time: 0.9953919 seconds
[2022-06-13T02:06:26.505+0000][1][safepoint    ] Entering safepoint region: RevokeBias
[2022-06-13T02:06:26.505+0000][1][safepoint    ] Leaving safepoint region
[2022-06-13T02:06:26.505+0000][1][safepoint    ] Total time for which application threads were stopped: 0.0002815 seconds, Stopping threads took: 0.0001331 seconds
[2022-06-13T02:06:26.506+0000][1][safepoint    ] Application time: 0.0003163 seconds
[2022-06-13T02:06:26.506+0000][1][safepoint    ] Entering safepoint region: RevokeBias
[2022-06-13T02:06:26.506+0000][1][safepoint    ] Leaving safepoint region
[2022-06-13T02:06:26.506+0000][1][safepoint    ] Total time for which application threads were stopped: 0.0002030 seconds, Stopping threads took: 0.0000875 seconds
[2022-06-13T02:06:26.506+0000][1][safepoint    ] Application time: 0.0000823 seconds
[2022-06-13T02:06:26.506+0000][1][safepoint    ] Entering safepoint region: RevokeBias
[2022-06-13T02:06:26.507+0000][1][safepoint    ] Leaving safepoint region
[2022-06-13T02:06:26.507+0000][1][safepoint    ] Total time for which application threads were stopped: 0.0001802 seconds, Stopping threads took: 0.0000878 seconds
[2022-06-13T02:06:26.507+0000][1][safepoint    ] Application time: 0.0000887 seconds
[2022-06-13T02:06:26.507+0000][1][safepoint    ] Entering safepoint region: RevokeBias
[2022-06-13T02:06:26.507+0000][1][safepoint    ] Leaving safepoint region
[2022-06-13T02:06:26.507+0000][1][safepoint    ] Total time for which application threads were stopped: 0.0003151 seconds, Stopping threads took: 0.0001569 seconds
[2022-06-13T02:06:26.507+0000][1][safepoint    ] Application time: 0.0000609 seconds
[2022-06-13T02:06:26.508+0000][1][safepoint    ] Entering safepoint region: RevokeBias
[2022-06-13T02:06:26.508+0000][1][safepoint    ] Leaving safepoint region
[2022-06-13T02:06:26.508+0000][1][safepoint    ] Total time for which application threads were stopped: 0.0002856 seconds, Stopping threads took: 0.0001191 seconds
[2022-06-13T02:06:26.508+0000][1][safepoint    ] Application time: 0.0000427 seconds
[2022-06-13T02:06:26.508+0000][1][safepoint    ] Entering safepoint region: RevokeBias
[2022-06-13T02:06:26.508+0000][1][safepoint    ] Leaving safepoint region
[2022-06-13T02:06:26.508+0000][1][safepoint    ] Total time for which application threads were stopped: 0.0002890 seconds, Stopping threads took: 0.0001048 seconds
[2022-06-13T02:06:26.509+0000][1][safepoint    ] Application time: 0.0000584 seconds
[2022-06-13T02:06:26.509+0000][1][safepoint    ] Entering safepoint region: RevokeBias
[2022-06-13T02:06:26.509+0000][1][safepoint    ] Leaving safepoint region
[2022-06-13T02:06:26.509+0000][1][safepoint    ] Total time for which application threads were stopped: 0.0002996 seconds, Stopping threads took: 0.0001437 seconds
[2022-06-13T02:06:26.509+0000][1][safepoint    ] Application time: 0.0000797 seconds
[2022-06-13T02:06:26.509+0000][1][safepoint    ] Entering safepoint region: RevokeBias
[2022-06-13T02:06:26.509+0000][1][safepoint    ] Leaving safepoint region
[2022-06-13T02:06:26.510+0000][1][safepoint    ] Total time for which application threads were stopped: 0.0002289 seconds, Stopping threads took: 0.0001115 seconds
[2022-06-13T02:06:26.577+0000][1][safepoint    ] Application time: 0.0672931 seconds
[2022-06-13T02:06:26.577+0000][1][safepoint    ] Entering safepoint region: RevokeBias
[2022-06-13T02:06:26.578+0000][1][safepoint    ] Leaving safepoint region
[2022-06-13T02:06:26.578+0000][1][safepoint    ] Total time for which application threads were stopped: 0.0005903 seconds, Stopping threads took: 0.0002748 seconds
[2022-06-13T02:06:26.578+0000][1][safepoint    ] Application time: 0.0001237 seconds
[2022-06-13T02:06:26.579+0000][1][safepoint    ] Entering safepoint region: RevokeBias
[2022-06-13T02:06:26.579+0000][1][safepoint    ] Leaving safepoint region
[2022-06-13T02:06:26.579+0000][1][safepoint    ] Total time for which application threads were stopped: 0.0005923 seconds, Stopping threads took: 0.0003258 seconds
[2022-06-13T02:06:27.580+0000][1][safepoint    ] Application time: 1.0002273 seconds
[2022-06-13T02:06:27.580+0000][1][safepoint    ] Entering safepoint region: Cleanup
[2022-06-13T02:06:27.581+0000][1][safepoint    ] Leaving safepoint region
[2022-06-13T02:06:27.582+0000][1][safepoint    ] Total time for which application threads were stopped: 0.0013307 seconds, Stopping threads took: 0.0006204 seconds
[2022-06-13T02:06:29.227+0000][1][safepoint    ] Application time: 1.6443294 seconds
[2022-06-13T02:06:29.227+0000][1][safepoint    ] Entering safepoint region: Cleanup
[2022-06-13T02:06:29.228+0000][1][safepoint    ] Leaving safepoint region
[2022-06-13T02:06:29.228+0000][1][safepoint    ] Total time for which application threads were stopped: 0.0008794 seconds, Stopping threads took: 0.0004295 seconds
[2022-06-13T02:06:29.505+0000][1][safepoint    ] Application time: 0.2764340 seconds
[2022-06-13T02:06:29.506+0000][1][safepoint    ] Entering safepoint region: RevokeBias
[2022-06-13T02:06:29.506+0000][1][safepoint    ] Leaving safepoint region
[2022-06-13T02:06:29.506+0000][1][safepoint    ] Total time for which application threads were stopped: 0.0009462 seconds, Stopping threads took: 0.0004886 seconds
[2022-06-13T02:06:29.507+0000][1][safepoint    ] Application time: 0.0001996 seconds
[2022-06-13T02:06:29.508+0000][1][safepoint    ] Entering safepoint region: RevokeBias
[2022-06-13T02:06:29.508+0000][1][safepoint    ] Leaving safepoint region
[2022-06-13T02:06:29.508+0000][1][safepoint    ] Total time for which application threads were stopped: 0.0008572 seconds, Stopping threads took: 0.0004212 seconds
[2022-06-13T02:06:29.509+0000][1][safepoint    ] Application time: 0.0001653 seconds
[2022-06-13T02:06:29.510+0000][1][safepoint    ] Entering safepoint region: RevokeBias
[2022-06-13T02:06:29.510+0000][1][safepoint    ] Leaving safepoint region
[2022-06-13T02:06:29.510+0000][1][safepoint    ] Total time for which application threads were stopped: 0.0010455 seconds, Stopping threads took: 0.0006576 seconds
[2022-06-13T02:06:30.508+0000][1][safepoint    ] Application time: 0.9976075 seconds
[2022-06-13T02:06:30.509+0000][1][safepoint    ] Entering safepoint region: RevokeBias
[2022-06-13T02:06:30.509+0000][1][safepoint    ] Leaving safepoint region
[2022-06-13T02:06:30.510+0000][1][safepoint    ] Total time for which application threads were stopped: 0.0007471 seconds, Stopping threads took: 0.0002732 seconds
[2022-06-13T02:06:30.510+0000][1][safepoint    ] Application time: 0.0004470 seconds
[2022-06-13T02:06:30.511+0000][1][safepoint    ] Entering safepoint region: RevokeBias
[2022-06-13T02:06:30.511+0000][1][safepoint    ] Leaving safepoint region
[2022-06-13T02:06:30.512+0000][1][safepoint    ] Total time for which application threads were stopped: 0.0010891 seconds, Stopping threads took: 0.0004556 seconds
[2022-06-13T02:06:30.513+0000][1][safepoint    ] Application time: 0.0002659 seconds
[2022-06-13T02:06:30.513+0000][1][safepoint    ] Entering safepoint region: RevokeBias
[2022-06-13T02:06:30.514+0000][1][safepoint    ] Leaving safepoint region
[2022-06-13T02:06:30.514+0000][1][safepoint    ] Total time for which application threads were stopped: 0.0009114 seconds, Stopping threads took: 0.0004382 seconds
[2022-06-13T02:06:30.515+0000][1][safepoint    ] Application time: 0.0004400 seconds
[2022-06-13T02:06:30.515+0000][1][safepoint    ] Entering safepoint region: RevokeBias
[2022-06-13T02:06:30.516+0000][1][safepoint    ] Leaving safepoint region
[2022-06-13T02:06:30.516+0000][1][safepoint    ] Total time for which application threads were stopped: 0.0007805 seconds, Stopping threads took: 0.0003651 seconds
[2022-06-13T02:06:30.517+0000][1][safepoint    ] Application time: 0.0001603 seconds
[2022-06-13T02:06:30.517+0000][1][safepoint    ] Entering safepoint region: RevokeBias
[2022-06-13T02:06:30.517+0000][1][safepoint    ] Leaving safepoint region
[2022-06-13T02:06:30.518+0000][1][safepoint    ] Total time for which application threads were stopped: 0.0007791 seconds, Stopping threads took: 0.0003584 seconds
[2022-06-13T02:06:30.518+0000][1][safepoint    ] Application time: 0.0003031 seconds
[2022-06-13T02:06:30.519+0000][1][safepoint    ] Entering safepoint region: RevokeBias
[2022-06-13T02:06:30.519+0000][1][safepoint    ] Leaving safepoint region
[2022-06-13T02:06:30.519+0000][1][safepoint    ] Total time for which application threads were stopped: 0.0003993 seconds, Stopping threads took: 0.0002330 seconds
[2022-06-13T02:06:30.519+0000][1][safepoint    ] Application time: 0.0001906 seconds
[2022-06-13T02:06:30.520+0000][1][safepoint    ] Entering safepoint region: RevokeBias
[2022-06-13T02:06:30.520+0000][1][safepoint    ] Leaving safepoint region
[2022-06-13T02:06:30.520+0000][1][safepoint    ] Total time for which application threads were stopped: 0.0002361 seconds, Stopping threads took: 0.0001078 seconds
[2022-06-13T02:06:31.520+0000][1][safepoint    ] Application time: 1.0002265 seconds
[2022-06-13T02:06:31.521+0000][1][safepoint    ] Entering safepoint region: Cleanup
[2022-06-13T02:06:31.521+0000][1][safepoint    ] Leaving safepoint region
[2022-06-13T02:06:31.522+0000][1][safepoint    ] Total time for which application threads were stopped: 0.0008466 seconds, Stopping threads took: 0.0003590 seconds
[2022-06-13T02:06:32.522+0000][1][safepoint    ] Application time: 1.0002029 seconds
[2022-06-13T02:06:32.523+0000][1][safepoint    ] Entering safepoint region: Cleanup
[2022-06-13T02:06:32.523+0000][1][safepoint    ] Leaving safepoint region
[2022-06-13T02:06:32.524+0000][1][safepoint    ] Total time for which application threads were stopped: 0.0007725 seconds, Stopping threads took: 0.0003699 seconds
[2022-06-13T02:06:33.508+0000][1][safepoint    ] Application time: 0.9841549 seconds
[2022-06-13T02:06:33.509+0000][1][safepoint    ] Entering safepoint region: RevokeBias
[2022-06-13T02:06:33.509+0000][1][safepoint    ] Leaving safepoint region
[2022-06-13T02:06:33.510+0000][1][safepoint    ] Total time for which application threads were stopped: 0.0013258 seconds, Stopping threads took: 0.0007249 seconds
[2022-06-13T02:06:33.511+0000][1][safepoint    ] Application time: 0.0005303 seconds
[2022-06-13T02:06:33.511+0000][1][safepoint    ] Entering safepoint region: RevokeBias
[2022-06-13T02:06:33.512+0000][1][safepoint    ] Leaving safepoint region
[2022-06-13T02:06:33.512+0000][1][safepoint    ] Total time for which application threads were stopped: 0.0008492 seconds, Stopping threads took: 0.0004049 seconds
[2022-06-13T02:06:34.509+0000][1][safepoint    ] Application time: 0.9966306 seconds
[2022-06-13T02:06:34.510+0000][1][safepoint    ] Entering safepoint region: RevokeBias
[2022-06-13T02:06:34.511+0000][1][safepoint    ] Leaving safepoint region
[2022-06-13T02:06:34.511+0000][1][safepoint    ] Total time for which application threads were stopped: 0.0013191 seconds, Stopping threads took: 0.0003497 seconds
[2022-06-13T02:06:34.512+0000][1][safepoint    ] Application time: 0.0002852 seconds
[2022-06-13T02:06:34.512+0000][1][safepoint    ] Entering safepoint region: RevokeBias
[2022-06-13T02:06:34.513+0000][1][safepoint    ] Leaving safepoint region
[2022-06-13T02:06:34.513+0000][1][safepoint    ] Total time for which application threads were stopped: 0.0007732 seconds, Stopping threads took: 0.0003224 seconds
[2022-06-13T02:06:34.513+0000][1][safepoint    ] Application time: 0.0001851 seconds
[2022-06-13T02:06:34.514+0000][1][safepoint    ] Entering safepoint region: RevokeBias
[2022-06-13T02:06:34.514+0000][1][safepoint    ] Leaving safepoint region
[2022-06-13T02:06:34.515+0000][1][safepoint    ] Total time for which application threads were stopped: 0.0007260 seconds, Stopping threads took: 0.0003559 seconds
[2022-06-13T02:06:34.515+0000][1][safepoint    ] Application time: 0.0001392 seconds
[2022-06-13T02:06:34.515+0000][1][safepoint    ] Entering safepoint region: RevokeBias
[2022-06-13T02:06:34.516+0000][1][safepoint    ] Leaving safepoint region
[2022-06-13T02:06:34.516+0000][1][safepoint    ] Total time for which application threads were stopped: 0.0004234 seconds, Stopping threads took: 0.0002290 seconds
[2022-06-13T02:06:34.516+0000][1][safepoint    ] Application time: 0.0001261 seconds
[2022-06-13T02:06:34.516+0000][1][safepoint    ] Entering safepoint region: RevokeBias
[2022-06-13T02:06:34.517+0000][1][safepoint    ] Leaving safepoint region
[2022-06-13T02:06:34.517+0000][1][safepoint    ] Total time for which application threads were stopped: 0.0004235 seconds, Stopping threads took: 0.0001152 seconds
[2022-06-13T02:06:34.517+0000][1][safepoint    ] Application time: 0.0001609 seconds
[2022-06-13T02:06:34.517+0000][1][safepoint    ] Entering safepoint region: BulkRevokeBias
[2022-06-13T02:06:34.518+0000][1][safepoint    ] Leaving safepoint region
[2022-06-13T02:06:34.518+0000][1][safepoint    ] Total time for which application threads were stopped: 0.0009985 seconds, Stopping threads took: 0.0003193 seconds
[2022-06-13T02:06:35.518+0000][1][safepoint    ] Application time: 1.0001973 seconds
[2022-06-13T02:06:35.519+0000][1][safepoint    ] Entering safepoint region: Cleanup
[2022-06-13T02:06:35.519+0000][1][safepoint    ] Leaving safepoint region
[2022-06-13T02:06:35.520+0000][1][safepoint    ] Total time for which application threads were stopped: 0.0005937 seconds, Stopping threads took: 0.0002701 seconds
[2022-06-13T02:06:36.520+0000][1][safepoint    ] Application time: 1.0002403 seconds
[2022-06-13T02:06:36.520+0000][1][safepoint    ] Entering safepoint region: Cleanup
[2022-06-13T02:06:36.521+0000][1][safepoint    ] Leaving safepoint region
[2022-06-13T02:06:36.521+0000][1][safepoint    ] Total time for which application threads were stopped: 0.0007040 seconds, Stopping threads took: 0.0002795 seconds
[2022-06-13T02:06:37.509+0000][1][safepoint    ] Application time: 0.9877901 seconds
[2022-06-13T02:06:37.510+0000][1][safepoint    ] Entering safepoint region: RevokeBias
[2022-06-13T02:06:37.510+0000][1][safepoint    ] Leaving safepoint region
[2022-06-13T02:06:37.510+0000][1][safepoint    ] Total time for which application threads were stopped: 0.0006988 seconds, Stopping threads took: 0.0004019 seconds
[2022-06-13T02:06:37.511+0000][1][safepoint    ] Application time: 0.0002756 seconds
[2022-06-13T02:06:37.512+0000][1][safepoint    ] Entering safepoint region: RevokeBias
[2022-06-13T02:06:37.512+0000][1][safepoint    ] Leaving safepoint region
[2022-06-13T02:06:37.512+0000][1][safepoint    ] Total time for which application threads were stopped: 0.0005996 seconds, Stopping threads took: 0.0003254 seconds
[2022-06-13T02:06:37.513+0000][1][safepoint    ] Application time: 0.0003158 seconds
[2022-06-13T02:06:37.513+0000][1][safepoint    ] Entering safepoint region: RevokeBias
[2022-06-13T02:06:37.514+0000][1][safepoint    ] Leaving safepoint region
[2022-06-13T02:06:37.514+0000][1][safepoint    ] Total time for which application threads were stopped: 0.0007697 seconds, Stopping threads took: 0.0003840 seconds
[2022-06-13T02:06:37.514+0000][1][safepoint    ] Application time: 0.0003123 seconds
[2022-06-13T02:06:37.515+0000][1][safepoint    ] Entering safepoint region: BulkRevokeBias
[2022-06-13T02:06:37.516+0000][1][safepoint    ] Leaving safepoint region
[2022-06-13T02:06:37.516+0000][1][safepoint    ] Total time for which application threads were stopped: 0.0011356 seconds, Stopping threads took: 0.0004155 seconds
[2022-06-13T02:06:37.517+0000][1][safepoint    ] Application time: 0.0003641 seconds
[2022-06-13T02:06:37.517+0000][1][safepoint    ] Entering safepoint region: BulkRevokeBias
[2022-06-13T02:06:37.517+0000][1][safepoint    ] Leaving safepoint region
[2022-06-13T02:06:37.518+0000][1][safepoint    ] Total time for which application threads were stopped: 0.0008056 seconds, Stopping threads took: 0.0004181 seconds
[2022-06-13T02:06:38.511+0000][1][safepoint    ] Application time: 0.9935841 seconds
[2022-06-13T02:06:38.512+0000][1][safepoint    ] Entering safepoint region: RevokeBias
[2022-06-13T02:06:38.512+0000][1][safepoint    ] Leaving safepoint region
[2022-06-13T02:06:38.513+0000][1][safepoint    ] Total time for which application threads were stopped: 0.0007648 seconds, Stopping threads took: 0.0003220 seconds
[2022-06-13T02:06:38.513+0000][1][safepoint    ] Application time: 0.0003874 seconds
[2022-06-13T02:06:38.514+0000][1][safepoint    ] Entering safepoint region: RevokeBias
[2022-06-13T02:06:38.514+0000][1][safepoint    ] Leaving safepoint region
[2022-06-13T02:06:38.514+0000][1][safepoint    ] Total time for which application threads were stopped: 0.0007965 seconds, Stopping threads took: 0.0003583 seconds
[2022-06-13T02:06:38.515+0000][1][safepoint    ] Application time: 0.0006628 seconds
[2022-06-13T02:06:38.516+0000][1][safepoint    ] Entering safepoint region: RevokeBias
[2022-06-13T02:06:38.516+0000][1][safepoint    ] Leaving safepoint region
[2022-06-13T02:06:38.516+0000][1][safepoint    ] Total time for which application threads were stopped: 0.0006187 seconds, Stopping threads took: 0.0002444 seconds
[2022-06-13T02:06:39.517+0000][1][safepoint    ] Application time: 1.0003236 seconds
[2022-06-13T02:06:39.517+0000][1][safepoint    ] Entering safepoint region: Cleanup
[2022-06-13T02:06:39.518+0000][1][safepoint    ] Leaving safepoint region
[2022-06-13T02:06:39.518+0000][1][safepoint    ] Total time for which application threads were stopped: 0.0007741 seconds, Stopping threads took: 0.0002642 seconds
[2022-06-13T02:06:40.519+0000][1][safepoint    ] Application time: 1.0001650 seconds
[2022-06-13T02:06:40.519+0000][1][safepoint    ] Entering safepoint region: Cleanup
[2022-06-13T02:06:40.519+0000][1][safepoint    ] Leaving safepoint region
[2022-06-13T02:06:40.520+0000][1][safepoint    ] Total time for which application threads were stopped: 0.0005705 seconds, Stopping threads took: 0.0001486 seconds
[2022-06-13T02:06:41.512+0000][1][safepoint    ] Application time: 0.9915601 seconds
[2022-06-13T02:06:41.512+0000][1][safepoint    ] Entering safepoint region: RevokeBias
[2022-06-13T02:06:41.513+0000][1][safepoint    ] Leaving safepoint region
[2022-06-13T02:06:41.513+0000][1][safepoint    ] Total time for which application threads were stopped: 0.0009016 seconds, Stopping threads took: 0.0004351 seconds
[2022-06-13T02:06:42.512+0000][1][safepoint    ] Application time: 0.9985710 seconds
[2022-06-13T02:06:42.512+0000][1][safepoint    ] Entering safepoint region: RevokeBias
[2022-06-13T02:06:42.513+0000][1][safepoint    ] Leaving safepoint region
[2022-06-13T02:06:42.513+0000][1][safepoint    ] Total time for which application threads were stopped: 0.0003210 seconds, Stopping threads took: 0.0001481 seconds
[2022-06-13T02:06:42.513+0000][1][safepoint    ] Application time: 0.0003693 seconds
[2022-06-13T02:06:42.513+0000][1][safepoint    ] Entering safepoint region: RevokeBias
[2022-06-13T02:06:42.513+0000][1][safepoint    ] Leaving safepoint region
[2022-06-13T02:06:42.514+0000][1][safepoint    ] Total time for which application threads were stopped: 0.0002582 seconds, Stopping threads took: 0.0001156 seconds
[2022-06-13T02:06:42.514+0000][1][safepoint    ] Application time: 0.0002285 seconds
[2022-06-13T02:06:42.515+0000][1][safepoint    ] Entering safepoint region: RevokeBias
[2022-06-13T02:06:42.515+0000][1][safepoint    ] Leaving safepoint region
[2022-06-13T02:06:42.515+0000][1][safepoint    ] Total time for which application threads were stopped: 0.0004212 seconds, Stopping threads took: 0.0002571 seconds
[2022-06-13T02:06:42.515+0000][1][safepoint    ] Application time: 0.0002087 seconds
[2022-06-13T02:06:42.515+0000][1][safepoint    ] Entering safepoint region: RevokeBias
[2022-06-13T02:06:42.515+0000][1][safepoint    ] Leaving safepoint region
[2022-06-13T02:06:42.516+0000][1][safepoint    ] Total time for which application threads were stopped: 0.0002851 seconds, Stopping threads took: 0.0001399 seconds
[2022-06-13T02:06:43.516+0000][1][safepoint    ] Application time: 1.0002060 seconds
[2022-06-13T02:06:43.516+0000][1][safepoint    ] Entering safepoint region: Cleanup
[2022-06-13T02:06:43.517+0000][1][safepoint    ] Leaving safepoint region
[2022-06-13T02:06:43.517+0000][1][safepoint    ] Total time for which application threads were stopped: 0.0008612 seconds, Stopping threads took: 0.0004131 seconds
[2022-06-13T02:06:44.518+0000][1][safepoint    ] Application time: 1.0001853 seconds
[2022-06-13T02:06:44.518+0000][1][safepoint    ] Entering safepoint region: Cleanup
[2022-06-13T02:06:44.519+0000][1][safepoint    ] Leaving safepoint region
[2022-06-13T02:06:44.519+0000][1][safepoint    ] Total time for which application threads were stopped: 0.0010710 seconds, Stopping threads took: 0.0004866 seconds
[2022-06-13T02:06:45.513+0000][1][safepoint    ] Application time: 0.9927070 seconds
[2022-06-13T02:06:45.513+0000][1][safepoint    ] Entering safepoint region: RevokeBias
[2022-06-13T02:06:45.514+0000][1][safepoint    ] Leaving safepoint region
[2022-06-13T02:06:45.514+0000][1][safepoint    ] Total time for which application threads were stopped: 0.0011161 seconds, Stopping threads took: 0.0005731 seconds
[2022-06-13T02:06:45.515+0000][1][safepoint    ] Application time: 0.0007737 seconds
[2022-06-13T02:06:45.516+0000][1][safepoint    ] Entering safepoint region: RevokeBias
[2022-06-13T02:06:45.516+0000][1][safepoint    ] Leaving safepoint region
[2022-06-13T02:06:45.516+0000][1][safepoint    ] Total time for which application threads were stopped: 0.0008676 seconds, Stopping threads took: 0.0004957 seconds
[2022-06-13T02:06:46.515+0000][1][safepoint    ] Application time: 0.9984542 seconds
[2022-06-13T02:06:46.516+0000][1][safepoint    ] Entering safepoint region: RevokeBias
[2022-06-13T02:06:46.517+0000][1][safepoint    ] Leaving safepoint region
[2022-06-13T02:06:46.517+0000][1][safepoint    ] Total time for which application threads were stopped: 0.0013106 seconds, Stopping threads took: 0.0005213 seconds
[2022-06-13T02:06:46.519+0000][1][safepoint    ] Application time: 0.0008605 seconds
[2022-06-13T02:06:46.519+0000][1][safepoint    ] Entering safepoint region: RevokeBias
[2022-06-13T02:06:46.520+0000][1][safepoint    ] Leaving safepoint region
[2022-06-13T02:06:46.521+0000][1][safepoint    ] Total time for which application threads were stopped: 0.0013359 seconds, Stopping threads took: 0.0005566 seconds
[2022-06-13T02:06:46.522+0000][1][safepoint    ] Application time: 0.0010994 seconds
[2022-06-13T02:06:46.523+0000][1][safepoint    ] Entering safepoint region: RevokeBias
[2022-06-13T02:06:46.523+0000][1][safepoint    ] Leaving safepoint region
[2022-06-13T02:06:46.524+0000][1][safepoint    ] Total time for which application threads were stopped: 0.0010346 seconds, Stopping threads took: 0.0005762 seconds
[2022-06-13T02:06:46.525+0000][1][safepoint    ] Application time: 0.0007316 seconds
[2022-06-13T02:06:46.526+0000][1][safepoint    ] Entering safepoint region: RevokeBias
[2022-06-13T02:06:46.526+0000][1][safepoint    ] Leaving safepoint region
[2022-06-13T02:06:46.526+0000][1][safepoint    ] Total time for which application threads were stopped: 0.0009719 seconds, Stopping threads took: 0.0005531 seconds
[2022-06-13T02:06:47.527+0000][1][safepoint    ] Application time: 1.0002832 seconds
[2022-06-13T02:06:47.528+0000][1][safepoint    ] Entering safepoint region: Cleanup
[2022-06-13T02:06:47.528+0000][1][safepoint    ] Leaving safepoint region
[2022-06-13T02:06:47.529+0000][1][safepoint    ] Total time for which application threads were stopped: 0.0011495 seconds, Stopping threads took: 0.0006006 seconds
[2022-06-13T02:06:48.525+0000][1][safepoint    ] Application time: 0.9959671 seconds
[2022-06-13T02:06:48.525+0000][1][safepoint    ] Entering safepoint region: RevokeBias
[2022-06-13T02:06:48.526+0000][1][safepoint    ] Leaving safepoint region
[2022-06-13T02:06:48.526+0000][1][safepoint    ] Total time for which application threads were stopped: 0.0006731 seconds, Stopping threads took: 0.0002989 seconds
[2022-06-13T02:06:48.526+0000][1][safepoint    ] Application time: 0.0002531 seconds
[2022-06-13T02:06:48.527+0000][1][safepoint    ] Entering safepoint region: RevokeBias
[2022-06-13T02:06:48.527+0000][1][safepoint    ] Leaving safepoint region
[2022-06-13T02:06:48.527+0000][1][safepoint    ] Total time for which application threads were stopped: 0.0004757 seconds, Stopping threads took: 0.0002416 seconds
[2022-06-13T02:06:48.529+0000][1][safepoint    ] Application time: 0.0018409 seconds
[2022-06-13T02:06:48.530+0000][1][safepoint    ] Entering safepoint region: RevokeBias
[2022-06-13T02:06:48.530+0000][1][safepoint    ] Leaving safepoint region
[2022-06-13T02:06:48.530+0000][1][safepoint    ] Total time for which application threads were stopped: 0.0007654 seconds, Stopping threads took: 0.0003456 seconds
[2022-06-13T02:06:48.531+0000][1][safepoint    ] Application time: 0.0002981 seconds
[2022-06-13T02:06:48.531+0000][1][safepoint    ] Entering safepoint region: RevokeBias
[2022-06-13T02:06:48.531+0000][1][safepoint    ] Leaving safepoint region
[2022-06-13T02:06:48.532+0000][1][safepoint    ] Total time for which application threads were stopped: 0.0007394 seconds, Stopping threads took: 0.0002662 seconds
[2022-06-13T02:06:49.515+0000][1][safepoint    ] Application time: 0.9830228 seconds
[2022-06-13T02:06:49.516+0000][1][safepoint    ] Entering safepoint region: RevokeBias
[2022-06-13T02:06:49.516+0000][1][safepoint    ] Leaving safepoint region
[2022-06-13T02:06:49.516+0000][1][safepoint    ] Total time for which application threads were stopped: 0.0006675 seconds, Stopping threads took: 0.0003299 seconds
[2022-06-13T02:06:49.517+0000][1][safepoint    ] Application time: 0.0003211 seconds
[2022-06-13T02:06:49.517+0000][1][safepoint    ] Entering safepoint region: RevokeBias
[2022-06-13T02:06:49.518+0000][1][safepoint    ] Leaving safepoint region
[2022-06-13T02:06:49.518+0000][1][safepoint    ] Total time for which application threads were stopped: 0.0005501 seconds, Stopping threads took: 0.0002442 seconds
[2022-06-13T02:06:49.519+0000][1][safepoint    ] Application time: 0.0008527 seconds
[2022-06-13T02:06:49.519+0000][1][safepoint    ] Entering safepoint region: RevokeBias
[2022-06-13T02:06:49.520+0000][1][safepoint    ] Leaving safepoint region
[2022-06-13T02:06:49.520+0000][1][safepoint    ] Total time for which application threads were stopped: 0.0006447 seconds, Stopping threads took: 0.0003567 seconds
[2022-06-13T02:06:50.516+0000][1][safepoint    ] Application time: 0.9958921 seconds
[2022-06-13T02:06:50.516+0000][1][safepoint    ] Entering safepoint region: RevokeBias
[2022-06-13T02:06:50.517+0000][1][safepoint    ] Leaving safepoint region
[2022-06-13T02:06:50.517+0000][1][safepoint    ] Total time for which application threads were stopped: 0.0010468 seconds, Stopping threads took: 0.0003072 seconds
[2022-06-13T02:06:50.518+0000][1][safepoint    ] Application time: 0.0002979 seconds
[2022-06-13T02:06:50.518+0000][1][safepoint    ] Entering safepoint region: RevokeBias
[2022-06-13T02:06:50.519+0000][1][safepoint    ] Leaving safepoint region
[2022-06-13T02:06:50.519+0000][1][safepoint    ] Total time for which application threads were stopped: 0.0010017 seconds, Stopping threads took: 0.0002943 seconds
[2022-06-13T02:06:50.520+0000][1][safepoint    ] Application time: 0.0003547 seconds
[2022-06-13T02:06:50.520+0000][1][safepoint    ] Entering safepoint region: RevokeBias
[2022-06-13T02:06:50.521+0000][1][safepoint    ] Leaving safepoint region
[2022-06-13T02:06:50.521+0000][1][safepoint    ] Total time for which application threads were stopped: 0.0006476 seconds, Stopping threads took: 0.0004071 seconds
[2022-06-13T02:06:51.521+0000][1][safepoint    ] Application time: 1.0003127 seconds
[2022-06-13T02:06:51.522+0000][1][safepoint    ] Entering safepoint region: Cleanup
[2022-06-13T02:06:51.523+0000][1][safepoint    ] Leaving safepoint region
[2022-06-13T02:06:51.524+0000][1][safepoint    ] Total time for which application threads were stopped: 0.0012764 seconds, Stopping threads took: 0.0006197 seconds
[2022-06-13T02:06:52.524+0000][1][safepoint    ] Application time: 1.0003350 seconds
[2022-06-13T02:06:52.525+0000][1][safepoint    ] Entering safepoint region: Cleanup
[2022-06-13T02:06:52.525+0000][1][safepoint    ] Leaving safepoint region
[2022-06-13T02:06:52.525+0000][1][safepoint    ] Total time for which application threads were stopped: 0.0005697 seconds, Stopping threads took: 0.0002874 seconds
[2022-06-13T02:06:53.516+0000][1][safepoint    ] Application time: 0.9907092 seconds
[2022-06-13T02:06:53.517+0000][1][safepoint    ] Entering safepoint region: RevokeBias
[2022-06-13T02:06:53.518+0000][1][safepoint    ] Leaving safepoint region
[2022-06-13T02:06:53.518+0000][1][safepoint    ] Total time for which application threads were stopped: 0.0007394 seconds, Stopping threads took: 0.0003764 seconds
[2022-06-13T02:06:53.519+0000][1][safepoint    ] Application time: 0.0007076 seconds
[2022-06-13T02:06:53.519+0000][1][safepoint    ] Entering safepoint region: RevokeBias
[2022-06-13T02:06:53.520+0000][1][safepoint    ] Leaving safepoint region
[2022-06-13T02:06:53.520+0000][1][safepoint    ] Total time for which application threads were stopped: 0.0005259 seconds, Stopping threads took: 0.0002347 seconds
[2022-06-13T02:06:53.521+0000][1][safepoint    ] Application time: 0.0004152 seconds
[2022-06-13T02:06:53.521+0000][1][safepoint    ] Entering safepoint region: RevokeBias
[2022-06-13T02:06:53.521+0000][1][safepoint    ] Leaving safepoint region
[2022-06-13T02:06:53.521+0000][1][safepoint    ] Total time for which application threads were stopped: 0.0005332 seconds, Stopping threads took: 0.0003600 seconds
[2022-06-13T02:06:53.523+0000][1][safepoint    ] Application time: 0.0009706 seconds
[2022-06-13T02:06:53.523+0000][1][safepoint    ] Entering safepoint region: RevokeBias
[2022-06-13T02:06:53.524+0000][1][safepoint    ] Leaving safepoint region
[2022-06-13T02:06:53.524+0000][1][safepoint    ] Total time for which application threads were stopped: 0.0013292 seconds, Stopping threads took: 0.0003309 seconds
[2022-06-13T02:06:54.525+0000][1][safepoint    ] Application time: 1.0001267 seconds
[2022-06-13T02:06:54.525+0000][1][safepoint    ] Entering safepoint region: Cleanup
[2022-06-13T02:06:54.526+0000][1][safepoint    ] Leaving safepoint region
[2022-06-13T02:06:54.526+0000][1][safepoint    ] Total time for which application threads were stopped: 0.0006399 seconds, Stopping threads took: 0.0003141 seconds
[2022-06-13T02:06:55.526+0000][1][safepoint    ] Application time: 1.0003408 seconds
[2022-06-13T02:06:55.527+0000][1][safepoint    ] Entering safepoint region: Cleanup
[2022-06-13T02:06:55.527+0000][1][safepoint    ] Leaving safepoint region
[2022-06-13T02:06:55.528+0000][1][safepoint    ] Total time for which application threads were stopped: 0.0007857 seconds, Stopping threads took: 0.0003817 seconds
[2022-06-13T02:06:56.523+0000][1][safepoint    ] Application time: 0.9952520 seconds
[2022-06-13T02:06:56.524+0000][1][safepoint    ] Entering safepoint region: RevokeBias
[2022-06-13T02:06:56.525+0000][1][safepoint    ] Leaving safepoint region
[2022-06-13T02:06:56.526+0000][1][safepoint    ] Total time for which application threads were stopped: 0.0014685 seconds, Stopping threads took: 0.0005690 seconds
[2022-06-13T02:06:57.519+0000][1][safepoint    ] Application time: 0.9928263 seconds
[2022-06-13T02:06:57.520+0000][1][safepoint    ] Entering safepoint region: BulkRevokeBias
[2022-06-13T02:06:57.521+0000][1][safepoint    ] Leaving safepoint region
[2022-06-13T02:06:57.521+0000][1][safepoint    ] Total time for which application threads were stopped: 0.0013505 seconds, Stopping threads took: 0.0004163 seconds
[2022-06-13T02:06:58.521+0000][1][safepoint    ] Application time: 1.0001663 seconds
[2022-06-13T02:06:58.522+0000][1][safepoint    ] Entering safepoint region: Cleanup
[2022-06-13T02:06:58.523+0000][1][safepoint    ] Leaving safepoint region
[2022-06-13T02:06:58.523+0000][1][safepoint    ] Total time for which application threads were stopped: 0.0007535 seconds, Stopping threads took: 0.0004014 seconds
[2022-06-13T02:07:00.524+0000][1][safepoint    ] Application time: 2.0004114 seconds
[2022-06-13T02:07:00.524+0000][1][safepoint    ] Entering safepoint region: Cleanup
[2022-06-13T02:07:00.525+0000][1][safepoint    ] Leaving safepoint region
[2022-06-13T02:07:00.525+0000][1][safepoint    ] Total time for which application threads were stopped: 0.0009721 seconds, Stopping threads took: 0.0004220 seconds
[2022-06-13T02:07:01.526+0000][1][safepoint    ] Application time: 1.0002157 seconds
[2022-06-13T02:07:01.527+0000][1][safepoint    ] Entering safepoint region: Cleanup
[2022-06-13T02:07:01.527+0000][1][safepoint    ] Leaving safepoint region
[2022-06-13T02:07:01.527+0000][1][safepoint    ] Total time for which application threads were stopped: 0.0008793 seconds, Stopping threads took: 0.0004042 seconds
[2022-06-13T02:07:02.528+0000][1][safepoint    ] Application time: 1.0002223 seconds
[2022-06-13T02:07:02.529+0000][1][safepoint    ] Entering safepoint region: Cleanup
[2022-06-13T02:07:02.529+0000][1][safepoint    ] Leaving safepoint region
[2022-06-13T02:07:02.529+0000][1][safepoint    ] Total time for which application threads were stopped: 0.0007218 seconds, Stopping threads took: 0.0003541 seconds
[2022-06-13T02:07:03.530+0000][1][safepoint    ] Application time: 1.0001175 seconds
[2022-06-13T02:07:03.530+0000][1][safepoint    ] Entering safepoint region: Cleanup
[2022-06-13T02:07:03.530+0000][1][safepoint    ] Leaving safepoint region
[2022-06-13T02:07:03.530+0000][1][safepoint    ] Total time for which application threads were stopped: 0.0003592 seconds, Stopping threads took: 0.0001424 seconds
[2022-06-13T02:07:04.531+0000][1][safepoint    ] Application time: 1.0001619 seconds
[2022-06-13T02:07:04.531+0000][1][safepoint    ] Entering safepoint region: Cleanup
[2022-06-13T02:07:04.531+0000][1][safepoint    ] Leaving safepoint region
[2022-06-13T02:07:04.531+0000][1][safepoint    ] Total time for which application threads were stopped: 0.0006089 seconds, Stopping threads took: 0.0001660 seconds
[2022-06-13T02:07:05.532+0000][1][safepoint    ] Application time: 1.0001201 seconds
[2022-06-13T02:07:05.532+0000][1][safepoint    ] Entering safepoint region: Cleanup
[2022-06-13T02:07:05.533+0000][1][safepoint    ] Leaving safepoint region
[2022-06-13T02:07:05.533+0000][1][safepoint    ] Total time for which application threads were stopped: 0.0004949 seconds, Stopping threads took: 0.0001856 seconds
[2022-06-13T02:07:08.534+0000][1][safepoint    ] Application time: 3.0004985 seconds
[2022-06-13T02:07:08.534+0000][1][safepoint    ] Entering safepoint region: Cleanup
[2022-06-13T02:07:08.534+0000][1][safepoint    ] Leaving safepoint region
[2022-06-13T02:07:08.535+0000][1][safepoint    ] Total time for which application threads were stopped: 0.0009534 seconds, Stopping threads took: 0.0003886 seconds
[2022-06-13T02:07:09.920+0000][1][safepoint    ] Application time: 1.3845420 seconds
[2022-06-13T02:07:09.920+0000][1][safepoint    ] Entering safepoint region: RevokeBias
[2022-06-13T02:07:09.920+0000][1][safepoint    ] Leaving safepoint region
[2022-06-13T02:07:09.920+0000][1][safepoint    ] Total time for which application threads were stopped: 0.0003663 seconds, Stopping threads took: 0.0001415 seconds
[2022-06-13T02:07:11.921+0000][1][safepoint    ] Application time: 2.0002881 seconds
[2022-06-13T02:07:11.921+0000][1][safepoint    ] Entering safepoint region: Cleanup
[2022-06-13T02:07:11.922+0000][1][safepoint    ] Leaving safepoint region
[2022-06-13T02:07:11.922+0000][1][safepoint    ] Total time for which application threads were stopped: 0.0010424 seconds, Stopping threads took: 0.0004617 seconds
[2022-06-13T02:07:12.923+0000][1][safepoint    ] Application time: 1.0001475 seconds
[2022-06-13T02:07:12.923+0000][1][safepoint    ] Entering safepoint region: Cleanup
[2022-06-13T02:07:12.924+0000][1][safepoint    ] Leaving safepoint region
[2022-06-13T02:07:12.924+0000][1][safepoint    ] Total time for which application threads were stopped: 0.0009237 seconds, Stopping threads took: 0.0004247 seconds
[2022-06-13T02:07:14.925+0000][1][safepoint    ] Application time: 2.0003322 seconds
[2022-06-13T02:07:14.926+0000][1][safepoint    ] Entering safepoint region: Cleanup
[2022-06-13T02:07:14.926+0000][1][safepoint    ] Leaving safepoint region
[2022-06-13T02:07:14.927+0000][1][safepoint    ] Total time for which application threads were stopped: 0.0010588 seconds, Stopping threads took: 0.0004834 seconds
[2022-06-13T02:07:15.927+0000][1][safepoint    ] Application time: 1.0001700 seconds
[2022-06-13T02:07:15.928+0000][1][safepoint    ] Entering safepoint region: Cleanup
[2022-06-13T02:07:15.929+0000][1][safepoint    ] Leaving safepoint region
[2022-06-13T02:07:15.929+0000][1][safepoint    ] Total time for which application threads were stopped: 0.0009475 seconds, Stopping threads took: 0.0005015 seconds
[2022-06-13T02:07:16.929+0000][1][safepoint    ] Application time: 1.0001520 seconds
[2022-06-13T02:07:16.930+0000][1][safepoint    ] Entering safepoint region: Cleanup
[2022-06-13T02:07:16.930+0000][1][safepoint    ] Leaving safepoint region
[2022-06-13T02:07:16.931+0000][1][safepoint    ] Total time for which application threads were stopped: 0.0008471 seconds, Stopping threads took: 0.0003950 seconds
[2022-06-13T02:07:17.931+0000][1][safepoint    ] Application time: 1.0001861 seconds
[2022-06-13T02:07:17.932+0000][1][safepoint    ] Entering safepoint region: Cleanup
[2022-06-13T02:07:17.933+0000][1][safepoint    ] Leaving safepoint region
[2022-06-13T02:07:17.933+0000][1][safepoint    ] Total time for which application threads were stopped: 0.0010800 seconds, Stopping threads took: 0.0005914 seconds
[2022-06-13T02:07:18.934+0000][1][safepoint    ] Application time: 1.0001988 seconds
[2022-06-13T02:07:18.934+0000][1][safepoint    ] Entering safepoint region: Cleanup
[2022-06-13T02:07:18.934+0000][1][safepoint    ] Leaving safepoint region
[2022-06-13T02:07:18.935+0000][1][safepoint    ] Total time for which application threads were stopped: 0.0005727 seconds, Stopping threads took: 0.0002642 seconds
[2022-06-13T02:07:19.935+0000][1][safepoint    ] Application time: 1.0001207 seconds
[2022-06-13T02:07:19.935+0000][1][safepoint    ] Entering safepoint region: Cleanup
[2022-06-13T02:07:19.936+0000][1][safepoint    ] Leaving safepoint region
[2022-06-13T02:07:19.936+0000][1][safepoint    ] Total time for which application threads were stopped: 0.0007071 seconds, Stopping threads took: 0.0002708 seconds
[2022-06-13T02:07:20.936+0000][1][safepoint    ] Application time: 1.0001909 seconds
[2022-06-13T02:07:20.937+0000][1][safepoint    ] Entering safepoint region: Cleanup
[2022-06-13T02:07:20.937+0000][1][safepoint    ] Leaving safepoint region
[2022-06-13T02:07:20.938+0000][1][safepoint    ] Total time for which application threads were stopped: 0.0008851 seconds, Stopping threads took: 0.0003939 seconds
[2022-06-13T02:07:21.938+0000][1][safepoint    ] Application time: 1.0001901 seconds
[2022-06-13T02:07:21.939+0000][1][safepoint    ] Entering safepoint region: Cleanup
[2022-06-13T02:07:21.939+0000][1][safepoint    ] Leaving safepoint region
[2022-06-13T02:07:21.940+0000][1][safepoint    ] Total time for which application threads were stopped: 0.0007980 seconds, Stopping threads took: 0.0003241 seconds
[2022-06-13T02:07:24.941+0000][1][safepoint    ] Application time: 3.0007135 seconds
[2022-06-13T02:07:24.941+0000][1][safepoint    ] Entering safepoint region: Cleanup
[2022-06-13T02:07:24.942+0000][1][safepoint    ] Leaving safepoint region
[2022-06-13T02:07:24.942+0000][1][safepoint    ] Total time for which application threads were stopped: 0.0008951 seconds, Stopping threads took: 0.0004390 seconds
[2022-06-13T02:07:25.943+0000][1][safepoint    ] Application time: 1.0001608 seconds
[2022-06-13T02:07:25.943+0000][1][safepoint    ] Entering safepoint region: Cleanup
[2022-06-13T02:07:25.944+0000][1][safepoint    ] Leaving safepoint region
[2022-06-13T02:07:25.944+0000][1][safepoint    ] Total time for which application threads were stopped: 0.0010211 seconds, Stopping threads took: 0.0003968 seconds
[2022-06-13T02:07:26.945+0000][1][safepoint    ] Application time: 1.0001245 seconds
[2022-06-13T02:07:26.945+0000][1][safepoint    ] Entering safepoint region: Cleanup
[2022-06-13T02:07:26.945+0000][1][safepoint    ] Leaving safepoint region
[2022-06-13T02:07:26.946+0000][1][safepoint    ] Total time for which application threads were stopped: 0.0005507 seconds, Stopping threads took: 0.0002358 seconds
[2022-06-13T02:07:27.946+0000][1][safepoint    ] Application time: 1.0001913 seconds
[2022-06-13T02:07:27.947+0000][1][safepoint    ] Entering safepoint region: Cleanup
[2022-06-13T02:07:27.947+0000][1][safepoint    ] Leaving safepoint region
[2022-06-13T02:07:27.947+0000][1][safepoint    ] Total time for which application threads were stopped: 0.0008703 seconds, Stopping threads took: 0.0004485 seconds
[2022-06-13T02:07:28.948+0000][1][safepoint    ] Application time: 1.0001880 seconds
[2022-06-13T02:07:28.949+0000][1][safepoint    ] Entering safepoint region: Cleanup
[2022-06-13T02:07:28.949+0000][1][safepoint    ] Leaving safepoint region
[2022-06-13T02:07:28.949+0000][1][safepoint    ] Total time for which application threads were stopped: 0.0009099 seconds, Stopping threads took: 0.0003835 seconds
[2022-06-13T02:07:29.950+0000][1][safepoint    ] Application time: 1.0001256 seconds
[2022-06-13T02:07:29.951+0000][1][safepoint    ] Entering safepoint region: Cleanup
[2022-06-13T02:07:29.951+0000][1][safepoint    ] Leaving safepoint region
[2022-06-13T02:07:29.952+0000][1][safepoint    ] Total time for which application threads were stopped: 0.0012889 seconds, Stopping threads took: 0.0005604 seconds
[2022-06-13T02:07:30.953+0000][1][safepoint    ] Application time: 1.0002704 seconds
[2022-06-13T02:07:30.953+0000][1][safepoint    ] Entering safepoint region: Cleanup
[2022-06-13T02:07:30.954+0000][1][safepoint    ] Leaving safepoint region
[2022-06-13T02:07:30.954+0000][1][safepoint    ] Total time for which application threads were stopped: 0.0009214 seconds, Stopping threads took: 0.0004822 seconds
[2022-06-13T02:07:31.955+0000][1][safepoint    ] Application time: 1.0001893 seconds
[2022-06-13T02:07:31.956+0000][1][safepoint    ] Entering safepoint region: Cleanup
[2022-06-13T02:07:31.956+0000][1][safepoint    ] Leaving safepoint region
[2022-06-13T02:07:31.957+0000][1][safepoint    ] Total time for which application threads were stopped: 0.0011753 seconds, Stopping threads took: 0.0005259 seconds
[2022-06-13T02:07:32.958+0000][1][safepoint    ] Application time: 1.0002896 seconds
[2022-06-13T02:07:32.958+0000][1][safepoint    ] Entering safepoint region: Cleanup
[2022-06-13T02:07:32.959+0000][1][safepoint    ] Leaving safepoint region
[2022-06-13T02:07:32.960+0000][1][safepoint    ] Total time for which application threads were stopped: 0.0012161 seconds, Stopping threads took: 0.0005295 seconds
[2022-06-13T02:07:33.960+0000][1][safepoint    ] Application time: 1.0001836 seconds
[2022-06-13T02:07:33.960+0000][1][safepoint    ] Entering safepoint region: Cleanup
[2022-06-13T02:07:33.961+0000][1][safepoint    ] Leaving safepoint region
[2022-06-13T02:07:33.961+0000][1][safepoint    ] Total time for which application threads were stopped: 0.0004304 seconds, Stopping threads took: 0.0001865 seconds
[2022-06-13T02:07:34.961+0000][1][safepoint    ] Application time: 1.0002134 seconds
[2022-06-13T02:07:34.962+0000][1][safepoint    ] Entering safepoint region: Cleanup
[2022-06-13T02:07:34.962+0000][1][safepoint    ] Leaving safepoint region
[2022-06-13T02:07:34.963+0000][1][safepoint    ] Total time for which application threads were stopped: 0.0009432 seconds, Stopping threads took: 0.0004542 seconds
[2022-06-13T02:07:35.963+0000][1][safepoint    ] Application time: 1.0003646 seconds
[2022-06-13T02:07:35.964+0000][1][safepoint    ] Entering safepoint region: Cleanup
[2022-06-13T02:07:35.964+0000][1][safepoint    ] Leaving safepoint region
[2022-06-13T02:07:35.965+0000][1][safepoint    ] Total time for which application threads were stopped: 0.0007873 seconds, Stopping threads took: 0.0004021 seconds
[2022-06-13T02:07:36.965+0000][1][safepoint    ] Application time: 1.0001156 seconds
[2022-06-13T02:07:36.965+0000][1][safepoint    ] Entering safepoint region: Cleanup
[2022-06-13T02:07:36.966+0000][1][safepoint    ] Leaving safepoint region
[2022-06-13T02:07:36.966+0000][1][safepoint    ] Total time for which application threads were stopped: 0.0004194 seconds, Stopping threads took: 0.0001767 seconds
[2022-06-13T02:07:37.966+0000][1][safepoint    ] Application time: 1.0001795 seconds
[2022-06-13T02:07:37.967+0000][1][safepoint    ] Entering safepoint region: Cleanup
[2022-06-13T02:07:37.967+0000][1][safepoint    ] Leaving safepoint region
[2022-06-13T02:07:37.967+0000][1][safepoint    ] Total time for which application threads were stopped: 0.0008069 seconds, Stopping threads took: 0.0003398 seconds
[2022-06-13T02:07:38.968+0000][1][safepoint    ] Application time: 1.0001062 seconds
[2022-06-13T02:07:38.968+0000][1][safepoint    ] Entering safepoint region: Cleanup
[2022-06-13T02:07:38.969+0000][1][safepoint    ] Leaving safepoint region
[2022-06-13T02:07:38.969+0000][1][safepoint    ] Total time for which application threads were stopped: 0.0004948 seconds, Stopping threads took: 0.0002470 seconds
[2022-06-13T02:07:39.969+0000][1][safepoint    ] Application time: 1.0002045 seconds
[2022-06-13T02:07:39.970+0000][1][safepoint    ] Entering safepoint region: Cleanup
[2022-06-13T02:07:39.970+0000][1][safepoint    ] Leaving safepoint region
[2022-06-13T02:07:39.970+0000][1][safepoint    ] Total time for which application threads were stopped: 0.0008100 seconds, Stopping threads took: 0.0003157 seconds
[2022-06-13T02:07:40.971+0000][1][safepoint    ] Application time: 1.0002161 seconds
[2022-06-13T02:07:40.972+0000][1][safepoint    ] Entering safepoint region: Cleanup
[2022-06-13T02:07:40.972+0000][1][safepoint    ] Leaving safepoint region
[2022-06-13T02:07:40.972+0000][1][safepoint    ] Total time for which application threads were stopped: 0.0007979 seconds, Stopping threads took: 0.0003583 seconds
[2022-06-13T02:07:41.973+0000][1][safepoint    ] Application time: 1.0001357 seconds
[2022-06-13T02:07:41.973+0000][1][safepoint    ] Entering safepoint region: Cleanup
[2022-06-13T02:07:41.974+0000][1][safepoint    ] Leaving safepoint region
[2022-06-13T02:07:41.974+0000][1][safepoint    ] Total time for which application threads were stopped: 0.0007975 seconds, Stopping threads took: 0.0003047 seconds
[2022-06-13T02:07:42.974+0000][1][safepoint    ] Application time: 1.0001417 seconds
[2022-06-13T02:07:42.975+0000][1][safepoint    ] Entering safepoint region: Cleanup
[2022-06-13T02:07:42.975+0000][1][safepoint    ] Leaving safepoint region
[2022-06-13T02:07:42.976+0000][1][safepoint    ] Total time for which application threads were stopped: 0.0008211 seconds, Stopping threads took: 0.0003988 seconds
[2022-06-13T02:07:43.976+0000][1][safepoint    ] Application time: 1.0002707 seconds
[2022-06-13T02:07:43.977+0000][1][safepoint    ] Entering safepoint region: Cleanup
[2022-06-13T02:07:43.977+0000][1][safepoint    ] Leaving safepoint region
[2022-06-13T02:07:43.978+0000][1][safepoint    ] Total time for which application threads were stopped: 0.0007321 seconds, Stopping threads took: 0.0003919 seconds
[2022-06-13T02:07:44.978+0000][1][safepoint    ] Application time: 1.0002660 seconds
[2022-06-13T02:07:44.979+0000][1][safepoint    ] Entering safepoint region: Cleanup
[2022-06-13T02:07:44.979+0000][1][safepoint    ] Leaving safepoint region
[2022-06-13T02:07:44.980+0000][1][safepoint    ] Total time for which application threads were stopped: 0.0012398 seconds, Stopping threads took: 0.0005614 seconds
[2022-06-13T02:07:45.981+0000][1][safepoint    ] Application time: 1.0001386 seconds
[2022-06-13T02:07:45.981+0000][1][safepoint    ] Entering safepoint region: Cleanup
[2022-06-13T02:07:45.981+0000][1][safepoint    ] Leaving safepoint region
[2022-06-13T02:07:45.982+0000][1][safepoint    ] Total time for which application threads were stopped: 0.0006489 seconds, Stopping threads took: 0.0003011 seconds
[2022-06-13T02:07:46.982+0000][1][safepoint    ] Application time: 1.0001471 seconds
[2022-06-13T02:07:46.983+0000][1][safepoint    ] Entering safepoint region: Cleanup
[2022-06-13T02:07:46.983+0000][1][safepoint    ] Leaving safepoint region
[2022-06-13T02:07:46.984+0000][1][safepoint    ] Total time for which application threads were stopped: 0.0010832 seconds, Stopping threads took: 0.0004525 seconds
[2022-06-13T02:07:47.984+0000][1][safepoint    ] Application time: 1.0002203 seconds
[2022-06-13T02:07:47.985+0000][1][safepoint    ] Entering safepoint region: Cleanup
[2022-06-13T02:07:47.985+0000][1][safepoint    ] Leaving safepoint region
[2022-06-13T02:07:47.986+0000][1][safepoint    ] Total time for which application threads were stopped: 0.0007729 seconds, Stopping threads took: 0.0003506 seconds
[2022-06-13T02:07:48.986+0000][1][safepoint    ] Application time: 1.0001835 seconds
[2022-06-13T02:07:48.987+0000][1][safepoint    ] Entering safepoint region: Cleanup
[2022-06-13T02:07:48.987+0000][1][safepoint    ] Leaving safepoint region
[2022-06-13T02:07:48.988+0000][1][safepoint    ] Total time for which application threads were stopped: 0.0008771 seconds, Stopping threads took: 0.0004132 seconds
[2022-06-13T02:07:49.988+0000][1][safepoint    ] Application time: 1.0002655 seconds
[2022-06-13T02:07:49.989+0000][1][safepoint    ] Entering safepoint region: Cleanup
[2022-06-13T02:07:49.989+0000][1][safepoint    ] Leaving safepoint region
[2022-06-13T02:07:49.989+0000][1][safepoint    ] Total time for which application threads were stopped: 0.0006982 seconds, Stopping threads took: 0.0002644 seconds
[2022-06-13T02:07:50.990+0000][1][safepoint    ] Application time: 1.0001551 seconds
[2022-06-13T02:07:50.990+0000][1][safepoint    ] Entering safepoint region: Cleanup
[2022-06-13T02:07:50.991+0000][1][safepoint    ] Leaving safepoint region
[2022-06-13T02:07:50.991+0000][1][safepoint    ] Total time for which application threads were stopped: 0.0008023 seconds, Stopping threads took: 0.0003671 seconds
[2022-06-13T02:07:51.992+0000][1][safepoint    ] Application time: 1.0001194 seconds
[2022-06-13T02:07:51.992+0000][1][safepoint    ] Entering safepoint region: Cleanup
[2022-06-13T02:07:51.992+0000][1][safepoint    ] Leaving safepoint region
[2022-06-13T02:07:51.993+0000][1][safepoint    ] Total time for which application threads were stopped: 0.0008171 seconds, Stopping threads took: 0.0003691 seconds
[2022-06-13T02:07:52.993+0000][1][safepoint    ] Application time: 1.0001863 seconds
[2022-06-13T02:07:52.994+0000][1][safepoint    ] Entering safepoint region: Cleanup
[2022-06-13T02:07:52.994+0000][1][safepoint    ] Leaving safepoint region
[2022-06-13T02:07:52.994+0000][1][safepoint    ] Total time for which application threads were stopped: 0.0006775 seconds, Stopping threads took: 0.0003175 seconds
[2022-06-13T02:07:53.995+0000][1][safepoint    ] Application time: 1.0002286 seconds
[2022-06-13T02:07:53.996+0000][1][safepoint    ] Entering safepoint region: Cleanup
[2022-06-13T02:07:53.996+0000][1][safepoint    ] Leaving safepoint region
[2022-06-13T02:07:53.996+0000][1][safepoint    ] Total time for which application threads were stopped: 0.0007998 seconds, Stopping threads took: 0.0004093 seconds
[2022-06-13T02:07:54.997+0000][1][safepoint    ] Application time: 1.0001343 seconds
[2022-06-13T02:07:54.997+0000][1][safepoint    ] Entering safepoint region: Cleanup
[2022-06-13T02:07:54.997+0000][1][safepoint    ] Leaving safepoint region
[2022-06-13T02:07:54.998+0000][1][safepoint    ] Total time for which application threads were stopped: 0.0003773 seconds, Stopping threads took: 0.0001695 seconds
[2022-06-13T02:07:55.998+0000][1][safepoint    ] Application time: 1.0001714 seconds
[2022-06-13T02:07:55.998+0000][1][safepoint    ] Entering safepoint region: Cleanup
[2022-06-13T02:07:55.998+0000][1][safepoint    ] Leaving safepoint region
[2022-06-13T02:07:55.999+0000][1][safepoint    ] Total time for which application threads were stopped: 0.0006890 seconds, Stopping threads took: 0.0003042 seconds
[2022-06-13T02:07:56.999+0000][1][safepoint    ] Application time: 1.0001722 seconds
[2022-06-13T02:07:57.000+0000][1][safepoint    ] Entering safepoint region: Cleanup
[2022-06-13T02:07:57.000+0000][1][safepoint    ] Leaving safepoint region
[2022-06-13T02:07:57.001+0000][1][safepoint    ] Total time for which application threads were stopped: 0.0009121 seconds, Stopping threads took: 0.0003727 seconds
[2022-06-13T02:07:58.001+0000][1][safepoint    ] Application time: 1.0002215 seconds
[2022-06-13T02:07:58.002+0000][1][safepoint    ] Entering safepoint region: Cleanup
[2022-06-13T02:07:58.002+0000][1][safepoint    ] Leaving safepoint region
[2022-06-13T02:07:58.003+0000][1][safepoint    ] Total time for which application threads were stopped: 0.0008683 seconds, Stopping threads took: 0.0003947 seconds
[2022-06-13T02:07:59.003+0000][1][safepoint    ] Application time: 1.0001206 seconds
[2022-06-13T02:07:59.003+0000][1][safepoint    ] Entering safepoint region: Cleanup
[2022-06-13T02:07:59.004+0000][1][safepoint    ] Leaving safepoint region
[2022-06-13T02:07:59.004+0000][1][safepoint    ] Total time for which application threads were stopped: 0.0004712 seconds, Stopping threads took: 0.0002390 seconds
[2022-06-13T02:08:00.004+0000][1][safepoint    ] Application time: 1.0001763 seconds
[2022-06-13T02:08:00.005+0000][1][safepoint    ] Entering safepoint region: Cleanup
[2022-06-13T02:08:00.005+0000][1][safepoint    ] Leaving safepoint region
[2022-06-13T02:08:00.006+0000][1][safepoint    ] Total time for which application threads were stopped: 0.0009073 seconds, Stopping threads took: 0.0003615 seconds
[2022-06-13T02:08:01.006+0000][1][safepoint    ] Application time: 1.0001601 seconds
[2022-06-13T02:08:01.007+0000][1][safepoint    ] Entering safepoint region: Cleanup
[2022-06-13T02:08:01.007+0000][1][safepoint    ] Leaving safepoint region
[2022-06-13T02:08:01.007+0000][1][safepoint    ] Total time for which application threads were stopped: 0.0007961 seconds, Stopping threads took: 0.0003557 seconds
[2022-06-13T02:08:02.008+0000][1][safepoint    ] Application time: 1.0002301 seconds
[2022-06-13T02:08:02.008+0000][1][safepoint    ] Entering safepoint region: Cleanup
[2022-06-13T02:08:02.009+0000][1][safepoint    ] Leaving safepoint region
[2022-06-13T02:08:02.009+0000][1][safepoint    ] Total time for which application threads were stopped: 0.0007230 seconds, Stopping threads took: 0.0003419 seconds
[2022-06-13T02:08:03.010+0000][1][safepoint    ] Application time: 1.0002038 seconds
[2022-06-13T02:08:03.010+0000][1][safepoint    ] Entering safepoint region: Cleanup
[2022-06-13T02:08:03.010+0000][1][safepoint    ] Leaving safepoint region
[2022-06-13T02:08:03.011+0000][1][safepoint    ] Total time for which application threads were stopped: 0.0006233 seconds, Stopping threads took: 0.0001908 seconds
[2022-06-13T02:08:04.011+0000][1][safepoint    ] Application time: 1.0002097 seconds
[2022-06-13T02:08:04.012+0000][1][safepoint    ] Entering safepoint region: Cleanup
[2022-06-13T02:08:04.013+0000][1][safepoint    ] Leaving safepoint region
[2022-06-13T02:08:04.013+0000][1][safepoint    ] Total time for which application threads were stopped: 0.0015373 seconds, Stopping threads took: 0.0006841 seconds
[2022-06-13T02:08:05.014+0000][1][safepoint    ] Application time: 1.0001277 seconds
[2022-06-13T02:08:05.015+0000][1][safepoint    ] Entering safepoint region: Cleanup
[2022-06-13T02:08:05.015+0000][1][safepoint    ] Leaving safepoint region
[2022-06-13T02:08:05.015+0000][1][safepoint    ] Total time for which application threads were stopped: 0.0005003 seconds, Stopping threads took: 0.0002339 seconds
[2022-06-13T02:08:06.015+0000][1][safepoint    ] Application time: 1.0001161 seconds
[2022-06-13T02:08:06.016+0000][1][safepoint    ] Entering safepoint region: Cleanup
[2022-06-13T02:08:06.016+0000][1][safepoint    ] Leaving safepoint region
[2022-06-13T02:08:06.016+0000][1][safepoint    ] Total time for which application threads were stopped: 0.0007830 seconds, Stopping threads took: 0.0003744 seconds
[2022-06-13T02:08:07.017+0000][1][safepoint    ] Application time: 1.0001828 seconds
[2022-06-13T02:08:07.017+0000][1][safepoint    ] Entering safepoint region: Cleanup
[2022-06-13T02:08:07.018+0000][1][safepoint    ] Leaving safepoint region
[2022-06-13T02:08:07.018+0000][1][safepoint    ] Total time for which application threads were stopped: 0.0005867 seconds, Stopping threads took: 0.0002506 seconds
[2022-06-13T02:08:08.018+0000][1][safepoint    ] Application time: 1.0001827 seconds
[2022-06-13T02:08:08.019+0000][1][safepoint    ] Entering safepoint region: Cleanup
[2022-06-13T02:08:08.020+0000][1][safepoint    ] Leaving safepoint region
[2022-06-13T02:08:08.020+0000][1][safepoint    ] Total time for which application threads were stopped: 0.0012201 seconds, Stopping threads took: 0.0004466 seconds
[2022-06-13T02:08:09.021+0000][1][safepoint    ] Application time: 1.0001975 seconds
[2022-06-13T02:08:09.021+0000][1][safepoint    ] Entering safepoint region: Cleanup
[2022-06-13T02:08:09.022+0000][1][safepoint    ] Leaving safepoint region
[2022-06-13T02:08:09.022+0000][1][safepoint    ] Total time for which application threads were stopped: 0.0009909 seconds, Stopping threads took: 0.0004149 seconds
[2022-06-13T02:08:10.023+0000][1][safepoint    ] Application time: 1.0001076 seconds
[2022-06-13T02:08:10.023+0000][1][safepoint    ] Entering safepoint region: Cleanup
[2022-06-13T02:08:10.024+0000][1][safepoint    ] Leaving safepoint region
[2022-06-13T02:08:10.024+0000][1][safepoint    ] Total time for which application threads were stopped: 0.0005276 seconds, Stopping threads took: 0.0001950 seconds
[2022-06-13T02:08:11.025+0000][1][safepoint    ] Application time: 1.0002327 seconds
[2022-06-13T02:08:11.025+0000][1][safepoint    ] Entering safepoint region: Cleanup
[2022-06-13T02:08:11.026+0000][1][safepoint    ] Leaving safepoint region
[2022-06-13T02:08:11.026+0000][1][safepoint    ] Total time for which application threads were stopped: 0.0007375 seconds, Stopping threads took: 0.0003321 seconds
[2022-06-13T02:08:12.026+0000][1][safepoint    ] Application time: 1.0002098 seconds
[2022-06-13T02:08:12.027+0000][1][safepoint    ] Entering safepoint region: Cleanup
[2022-06-13T02:08:12.027+0000][1][safepoint    ] Leaving safepoint region
[2022-06-13T02:08:12.027+0000][1][safepoint    ] Total time for which application threads were stopped: 0.0003138 seconds, Stopping threads took: 0.0001351 seconds
[2022-06-13T02:08:13.027+0000][1][safepoint    ] Application time: 1.0002994 seconds
[2022-06-13T02:08:13.028+0000][1][safepoint    ] Entering safepoint region: Cleanup
[2022-06-13T02:08:13.028+0000][1][safepoint    ] Leaving safepoint region
[2022-06-13T02:08:13.029+0000][1][safepoint    ] Total time for which application threads were stopped: 0.0009000 seconds, Stopping threads took: 0.0002665 seconds
[2022-06-13T02:08:14.029+0000][1][safepoint    ] Application time: 1.0001186 seconds
[2022-06-13T02:08:14.030+0000][1][safepoint    ] Entering safepoint region: Cleanup
[2022-06-13T02:08:14.030+0000][1][safepoint    ] Leaving safepoint region
[2022-06-13T02:08:14.030+0000][1][safepoint    ] Total time for which application threads were stopped: 0.0006948 seconds, Stopping threads took: 0.0003094 seconds
[2022-06-13T02:08:15.031+0000][1][safepoint    ] Application time: 1.0001165 seconds
[2022-06-13T02:08:15.031+0000][1][safepoint    ] Entering safepoint region: Cleanup
[2022-06-13T02:08:15.031+0000][1][safepoint    ] Leaving safepoint region
[2022-06-13T02:08:15.031+0000][1][safepoint    ] Total time for which application threads were stopped: 0.0004656 seconds, Stopping threads took: 0.0002360 seconds
[2022-06-13T02:08:16.032+0000][1][safepoint    ] Application time: 1.0001454 seconds
[2022-06-13T02:08:16.032+0000][1][safepoint    ] Entering safepoint region: Cleanup
[2022-06-13T02:08:16.033+0000][1][safepoint    ] Leaving safepoint region
[2022-06-13T02:08:16.033+0000][1][safepoint    ] Total time for which application threads were stopped: 0.0009235 seconds, Stopping threads took: 0.0003990 seconds
[2022-06-13T02:08:17.034+0000][1][safepoint    ] Application time: 1.0003877 seconds
[2022-06-13T02:08:17.035+0000][1][safepoint    ] Entering safepoint region: Cleanup
[2022-06-13T02:08:17.035+0000][1][safepoint    ] Leaving safepoint region
[2022-06-13T02:08:17.035+0000][1][safepoint    ] Total time for which application threads were stopped: 0.0008755 seconds, Stopping threads took: 0.0003871 seconds
[2022-06-13T02:08:18.036+0000][1][safepoint    ] Application time: 1.0001723 seconds
[2022-06-13T02:08:18.036+0000][1][safepoint    ] Entering safepoint region: Cleanup
[2022-06-13T02:08:18.037+0000][1][safepoint    ] Leaving safepoint region
[2022-06-13T02:08:18.037+0000][1][safepoint    ] Total time for which application threads were stopped: 0.0009000 seconds, Stopping threads took: 0.0003971 seconds
[2022-06-13T02:08:18.285+0000][1][safepoint    ] Application time: 0.2474395 seconds
[2022-06-13T02:08:18.285+0000][1][safepoint    ] Entering safepoint region: GenCollectForAllocation
[2022-06-13T02:08:18.286+0000][1][gc,start     ] GC(22) Pause Young (Allocation Failure)
[2022-06-13T02:08:18.286+0000][1][gc,task      ] GC(22) Using 5 workers of 13 for evacuation
[2022-06-13T02:08:18.291+0000][1][gc,age       ] GC(22) Desired survivor size 4456448 bytes, new threshold 2 (max threshold 6)
[2022-06-13T02:08:18.291+0000][1][gc,age       ] GC(22) Age table with threshold 2 (max threshold 6)
[2022-06-13T02:08:18.292+0000][1][gc,age       ] GC(22) - age   1:     811032 bytes,     811032 total
[2022-06-13T02:08:18.292+0000][1][gc,age       ] GC(22) - age   2:    3855416 bytes,    4666448 total
[2022-06-13T02:08:18.292+0000][1][gc,heap      ] GC(22) ParNew: 77750K->6068K(78656K)
[2022-06-13T02:08:18.292+0000][1][gc,heap      ] GC(22) CMS: 62695K->64044K(174784K)
[2022-06-13T02:08:18.292+0000][1][gc,metaspace ] GC(22) Metaspace: 63632K->63632K(1107968K)
[2022-06-13T02:08:18.293+0000][1][gc           ] GC(22) Pause Young (Allocation Failure) 137M->68M(247M) 7.188ms
[2022-06-13T02:08:18.293+0000][1][gc,cpu       ] GC(22) User=0.02s Sys=0.00s Real=0.01s
[2022-06-13T02:08:18.293+0000][1][safepoint    ] Leaving safepoint region
[2022-06-13T02:08:18.294+0000][1][safepoint    ] Total time for which application threads were stopped: 0.0087059 seconds, Stopping threads took: 0.0001962 seconds
[2022-06-13T02:08:19.295+0000][1][safepoint    ] Application time: 1.0002398 seconds
[2022-06-13T02:08:19.296+0000][1][safepoint    ] Entering safepoint region: Cleanup
[2022-06-13T02:08:19.297+0000][1][safepoint    ] Leaving safepoint region
[2022-06-13T02:08:19.298+0000][1][safepoint    ] Total time for which application threads were stopped: 0.0024799 seconds, Stopping threads took: 0.0016758 seconds
[2022-06-13T02:08:20.299+0000][1][safepoint    ] Application time: 1.0004088 seconds
[2022-06-13T02:08:20.299+0000][1][safepoint    ] Entering safepoint region: Cleanup
[2022-06-13T02:08:20.300+0000][1][safepoint    ] Leaving safepoint region
[2022-06-13T02:08:20.300+0000][1][safepoint    ] Total time for which application threads were stopped: 0.0009268 seconds, Stopping threads took: 0.0004577 seconds
[2022-06-13T02:08:21.301+0000][1][safepoint    ] Application time: 1.0001703 seconds
[2022-06-13T02:08:21.301+0000][1][safepoint    ] Entering safepoint region: Cleanup
[2022-06-13T02:08:21.302+0000][1][safepoint    ] Leaving safepoint region
[2022-06-13T02:08:21.303+0000][1][safepoint    ] Total time for which application threads were stopped: 0.0011281 seconds, Stopping threads took: 0.0005282 seconds
[2022-06-13T02:08:22.303+0000][1][safepoint    ] Application time: 1.0001482 seconds
[2022-06-13T02:08:22.304+0000][1][safepoint    ] Entering safepoint region: Cleanup
[2022-06-13T02:08:22.304+0000][1][safepoint    ] Leaving safepoint region
[2022-06-13T02:08:22.304+0000][1][safepoint    ] Total time for which application threads were stopped: 0.0007687 seconds, Stopping threads took: 0.0003540 seconds
[2022-06-13T02:08:23.305+0000][1][safepoint    ] Application time: 1.0002100 seconds
[2022-06-13T02:08:23.305+0000][1][safepoint    ] Entering safepoint region: Cleanup
[2022-06-13T02:08:23.306+0000][1][safepoint    ] Leaving safepoint region
[2022-06-13T02:08:23.306+0000][1][safepoint    ] Total time for which application threads were stopped: 0.0009940 seconds, Stopping threads took: 0.0003931 seconds
[2022-06-13T02:08:24.307+0000][1][safepoint    ] Application time: 1.0001492 seconds
[2022-06-13T02:08:24.307+0000][1][safepoint    ] Entering safepoint region: Cleanup
[2022-06-13T02:08:24.308+0000][1][safepoint    ] Leaving safepoint region
[2022-06-13T02:08:24.308+0000][1][safepoint    ] Total time for which application threads were stopped: 0.0004332 seconds, Stopping threads took: 0.0001738 seconds
[2022-06-13T02:08:25.308+0000][1][safepoint    ] Application time: 1.0002093 seconds
[2022-06-13T02:08:25.308+0000][1][safepoint    ] Entering safepoint region: Cleanup
[2022-06-13T02:08:25.309+0000][1][safepoint    ] Leaving safepoint region
[2022-06-13T02:08:25.309+0000][1][safepoint    ] Total time for which application threads were stopped: 0.0008529 seconds, Stopping threads took: 0.0004861 seconds
[2022-06-13T02:08:26.310+0000][1][safepoint    ] Application time: 1.0002299 seconds
[2022-06-13T02:08:26.310+0000][1][safepoint    ] Entering safepoint region: Cleanup
[2022-06-13T02:08:26.311+0000][1][safepoint    ] Leaving safepoint region
[2022-06-13T02:08:26.311+0000][1][safepoint    ] Total time for which application threads were stopped: 0.0007186 seconds, Stopping threads took: 0.0002699 seconds
[2022-06-13T02:08:27.312+0000][1][safepoint    ] Application time: 1.0001952 seconds
[2022-06-13T02:08:27.312+0000][1][safepoint    ] Entering safepoint region: Cleanup
[2022-06-13T02:08:27.312+0000][1][safepoint    ] Leaving safepoint region
[2022-06-13T02:08:27.313+0000][1][safepoint    ] Total time for which application threads were stopped: 0.0005513 seconds, Stopping threads took: 0.0002571 seconds
[2022-06-13T02:08:28.313+0000][1][safepoint    ] Application time: 1.0001877 seconds
[2022-06-13T02:08:28.313+0000][1][safepoint    ] Entering safepoint region: Cleanup
[2022-06-13T02:08:28.314+0000][1][safepoint    ] Leaving safepoint region
[2022-06-13T02:08:28.314+0000][1][safepoint    ] Total time for which application threads were stopped: 0.0008007 seconds, Stopping threads took: 0.0003195 seconds
[2022-06-13T02:08:29.315+0000][1][safepoint    ] Application time: 1.0002123 seconds
[2022-06-13T02:08:29.315+0000][1][safepoint    ] Entering safepoint region: Cleanup
[2022-06-13T02:08:29.316+0000][1][safepoint    ] Leaving safepoint region
[2022-06-13T02:08:29.316+0000][1][safepoint    ] Total time for which application threads were stopped: 0.0011918 seconds, Stopping threads took: 0.0005388 seconds
[2022-06-13T02:08:30.317+0000][1][safepoint    ] Application time: 1.0002134 seconds
[2022-06-13T02:08:30.317+0000][1][safepoint    ] Entering safepoint region: Cleanup
[2022-06-13T02:08:30.318+0000][1][safepoint    ] Leaving safepoint region
[2022-06-13T02:08:30.318+0000][1][safepoint    ] Total time for which application threads were stopped: 0.0007108 seconds, Stopping threads took: 0.0002915 seconds
[2022-06-13T02:08:31.319+0000][1][safepoint    ] Application time: 1.0002683 seconds
[2022-06-13T02:08:31.319+0000][1][safepoint    ] Entering safepoint region: Cleanup
[2022-06-13T02:08:31.320+0000][1][safepoint    ] Leaving safepoint region
[2022-06-13T02:08:31.320+0000][1][safepoint    ] Total time for which application threads were stopped: 0.0009784 seconds, Stopping threads took: 0.0004456 seconds
[2022-06-13T02:08:32.321+0000][1][safepoint    ] Application time: 1.0001870 seconds
[2022-06-13T02:08:32.322+0000][1][safepoint    ] Entering safepoint region: Cleanup
[2022-06-13T02:08:32.322+0000][1][safepoint    ] Leaving safepoint region
[2022-06-13T02:08:32.323+0000][1][safepoint    ] Total time for which application threads were stopped: 0.0010174 seconds, Stopping threads took: 0.0004510 seconds
[2022-06-13T02:08:33.323+0000][1][safepoint    ] Application time: 1.0001943 seconds
[2022-06-13T02:08:33.324+0000][1][safepoint    ] Entering safepoint region: Cleanup
[2022-06-13T02:08:33.325+0000][1][safepoint    ] Leaving safepoint region
[2022-06-13T02:08:33.326+0000][1][safepoint    ] Total time for which application threads were stopped: 0.0016041 seconds, Stopping threads took: 0.0007375 seconds
[2022-06-13T02:08:34.326+0000][1][safepoint    ] Application time: 1.0003023 seconds
[2022-06-13T02:08:34.327+0000][1][safepoint    ] Entering safepoint region: Cleanup
[2022-06-13T02:08:34.328+0000][1][safepoint    ] Leaving safepoint region
[2022-06-13T02:08:34.329+0000][1][safepoint    ] Total time for which application threads were stopped: 0.0014867 seconds, Stopping threads took: 0.0006218 seconds
[2022-06-13T02:08:35.329+0000][1][safepoint    ] Application time: 1.0001586 seconds
[2022-06-13T02:08:35.330+0000][1][safepoint    ] Entering safepoint region: Cleanup
[2022-06-13T02:08:35.330+0000][1][safepoint    ] Leaving safepoint region
[2022-06-13T02:08:35.330+0000][1][safepoint    ] Total time for which application threads were stopped: 0.0006082 seconds, Stopping threads took: 0.0002101 seconds
[2022-06-13T02:08:36.331+0000][1][safepoint    ] Application time: 1.0002298 seconds
[2022-06-13T02:08:36.332+0000][1][safepoint    ] Entering safepoint region: Cleanup
[2022-06-13T02:08:36.332+0000][1][safepoint    ] Leaving safepoint region
[2022-06-13T02:08:36.332+0000][1][safepoint    ] Total time for which application threads were stopped: 0.0007176 seconds, Stopping threads took: 0.0003120 seconds
[2022-06-13T02:08:37.333+0000][1][safepoint    ] Application time: 1.0002232 seconds
[2022-06-13T02:08:37.333+0000][1][safepoint    ] Entering safepoint region: Cleanup
[2022-06-13T02:08:37.334+0000][1][safepoint    ] Leaving safepoint region
[2022-06-13T02:08:37.334+0000][1][safepoint    ] Total time for which application threads were stopped: 0.0008361 seconds, Stopping threads took: 0.0003364 seconds
[2022-06-13T02:08:38.335+0000][1][safepoint    ] Application time: 1.0001338 seconds
[2022-06-13T02:08:38.335+0000][1][safepoint    ] Entering safepoint region: Cleanup
[2022-06-13T02:08:38.336+0000][1][safepoint    ] Leaving safepoint region
[2022-06-13T02:08:38.336+0000][1][safepoint    ] Total time for which application threads were stopped: 0.0007483 seconds, Stopping threads took: 0.0003135 seconds
[2022-06-13T02:08:39.337+0000][1][safepoint    ] Application time: 1.0002853 seconds
[2022-06-13T02:08:39.337+0000][1][safepoint    ] Entering safepoint region: Cleanup
[2022-06-13T02:08:39.338+0000][1][safepoint    ] Leaving safepoint region
[2022-06-13T02:08:39.338+0000][1][safepoint    ] Total time for which application threads were stopped: 0.0011883 seconds, Stopping threads took: 0.0004528 seconds
[2022-06-13T02:08:40.339+0000][1][safepoint    ] Application time: 1.0004146 seconds
[2022-06-13T02:08:40.340+0000][1][safepoint    ] Entering safepoint region: Cleanup
[2022-06-13T02:08:40.341+0000][1][safepoint    ] Leaving safepoint region
[2022-06-13T02:08:40.341+0000][1][safepoint    ] Total time for which application threads were stopped: 0.0011708 seconds, Stopping threads took: 0.0005516 seconds
[2022-06-13T02:08:41.342+0000][1][safepoint    ] Application time: 1.0002123 seconds
[2022-06-13T02:08:41.342+0000][1][safepoint    ] Entering safepoint region: Cleanup
[2022-06-13T02:08:41.343+0000][1][safepoint    ] Leaving safepoint region
[2022-06-13T02:08:41.343+0000][1][safepoint    ] Total time for which application threads were stopped: 0.0005688 seconds, Stopping threads took: 0.0002825 seconds
[2022-06-13T02:08:42.343+0000][1][safepoint    ] Application time: 1.0001952 seconds
[2022-06-13T02:08:42.344+0000][1][safepoint    ] Entering safepoint region: Cleanup
[2022-06-13T02:08:42.344+0000][1][safepoint    ] Leaving safepoint region
[2022-06-13T02:08:42.344+0000][1][safepoint    ] Total time for which application threads were stopped: 0.0007170 seconds, Stopping threads took: 0.0002371 seconds
[2022-06-13T02:08:43.345+0000][1][safepoint    ] Application time: 1.0001633 seconds
[2022-06-13T02:08:43.345+0000][1][safepoint    ] Entering safepoint region: Cleanup
[2022-06-13T02:08:43.346+0000][1][safepoint    ] Leaving safepoint region
[2022-06-13T02:08:43.346+0000][1][safepoint    ] Total time for which application threads were stopped: 0.0008050 seconds, Stopping threads took: 0.0003719 seconds
[2022-06-13T02:08:44.347+0000][1][safepoint    ] Application time: 1.0002290 seconds
[2022-06-13T02:08:44.347+0000][1][safepoint    ] Entering safepoint region: Cleanup
[2022-06-13T02:08:44.348+0000][1][safepoint    ] Leaving safepoint region
[2022-06-13T02:08:44.348+0000][1][safepoint    ] Total time for which application threads were stopped: 0.0009743 seconds, Stopping threads took: 0.0004537 seconds
[2022-06-13T02:08:45.349+0000][1][safepoint    ] Application time: 1.0001889 seconds
[2022-06-13T02:08:45.349+0000][1][safepoint    ] Entering safepoint region: Cleanup
[2022-06-13T02:08:45.349+0000][1][safepoint    ] Leaving safepoint region
[2022-06-13T02:08:45.350+0000][1][safepoint    ] Total time for which application threads were stopped: 0.0004835 seconds, Stopping threads took: 0.0002085 seconds
[2022-06-13T02:08:46.350+0000][1][safepoint    ] Application time: 1.0001888 seconds
[2022-06-13T02:08:46.350+0000][1][safepoint    ] Entering safepoint region: Cleanup
[2022-06-13T02:08:46.351+0000][1][safepoint    ] Leaving safepoint region
[2022-06-13T02:08:46.351+0000][1][safepoint    ] Total time for which application threads were stopped: 0.0006115 seconds, Stopping threads took: 0.0002712 seconds
[2022-06-13T02:08:47.352+0000][1][safepoint    ] Application time: 1.0002121 seconds
[2022-06-13T02:08:47.352+0000][1][safepoint    ] Entering safepoint region: Cleanup
[2022-06-13T02:08:47.353+0000][1][safepoint    ] Leaving safepoint region
[2022-06-13T02:08:47.354+0000][1][safepoint    ] Total time for which application threads were stopped: 0.0014373 seconds, Stopping threads took: 0.0006226 seconds
[2022-06-13T02:08:48.355+0000][1][safepoint    ] Application time: 1.0001398 seconds
[2022-06-13T02:08:48.355+0000][1][safepoint    ] Entering safepoint region: Cleanup
[2022-06-13T02:08:48.355+0000][1][safepoint    ] Leaving safepoint region
[2022-06-13T02:08:48.356+0000][1][safepoint    ] Total time for which application threads were stopped: 0.0005365 seconds, Stopping threads took: 0.0002211 seconds
[2022-06-13T02:08:49.356+0000][1][safepoint    ] Application time: 1.0001749 seconds
[2022-06-13T02:08:49.357+0000][1][safepoint    ] Entering safepoint region: Cleanup
[2022-06-13T02:08:49.357+0000][1][safepoint    ] Leaving safepoint region
[2022-06-13T02:08:49.358+0000][1][safepoint    ] Total time for which application threads were stopped: 0.0009376 seconds, Stopping threads took: 0.0004331 seconds
[2022-06-13T02:08:50.358+0000][1][safepoint    ] Application time: 1.0001274 seconds
[2022-06-13T02:08:50.359+0000][1][safepoint    ] Entering safepoint region: Cleanup
[2022-06-13T02:08:50.359+0000][1][safepoint    ] Leaving safepoint region
[2022-06-13T02:08:50.359+0000][1][safepoint    ] Total time for which application threads were stopped: 0.0006987 seconds, Stopping threads took: 0.0003126 seconds
[2022-06-13T02:08:51.360+0000][1][safepoint    ] Application time: 1.0001827 seconds
[2022-06-13T02:08:51.360+0000][1][safepoint    ] Entering safepoint region: Cleanup
[2022-06-13T02:08:51.361+0000][1][safepoint    ] Leaving safepoint region
[2022-06-13T02:08:51.361+0000][1][safepoint    ] Total time for which application threads were stopped: 0.0010041 seconds, Stopping threads took: 0.0005057 seconds
[2022-06-13T02:08:52.362+0000][1][safepoint    ] Application time: 1.0002313 seconds
[2022-06-13T02:08:52.362+0000][1][safepoint    ] Entering safepoint region: Cleanup
[2022-06-13T02:08:52.363+0000][1][safepoint    ] Leaving safepoint region
[2022-06-13T02:08:52.363+0000][1][safepoint    ] Total time for which application threads were stopped: 0.0006876 seconds, Stopping threads took: 0.0003343 seconds
[2022-06-13T02:08:53.364+0000][1][safepoint    ] Application time: 1.0002146 seconds
[2022-06-13T02:08:53.364+0000][1][safepoint    ] Entering safepoint region: Cleanup
[2022-06-13T02:08:53.365+0000][1][safepoint    ] Leaving safepoint region
[2022-06-13T02:08:53.365+0000][1][safepoint    ] Total time for which application threads were stopped: 0.0012464 seconds, Stopping threads took: 0.0004970 seconds
[2022-06-13T02:08:54.366+0000][1][safepoint    ] Application time: 1.0002431 seconds
[2022-06-13T02:08:54.366+0000][1][safepoint    ] Entering safepoint region: Cleanup
[2022-06-13T02:08:54.367+0000][1][safepoint    ] Leaving safepoint region
[2022-06-13T02:08:54.367+0000][1][safepoint    ] Total time for which application threads were stopped: 0.0007087 seconds, Stopping threads took: 0.0003197 seconds
[2022-06-13T02:08:55.368+0000][1][safepoint    ] Application time: 1.0001222 seconds
[2022-06-13T02:08:55.368+0000][1][safepoint    ] Entering safepoint region: Cleanup
[2022-06-13T02:08:55.368+0000][1][safepoint    ] Leaving safepoint region
[2022-06-13T02:08:55.368+0000][1][safepoint    ] Total time for which application threads were stopped: 0.0004950 seconds, Stopping threads took: 0.0002064 seconds
[2022-06-13T02:08:56.369+0000][1][safepoint    ] Application time: 1.0002311 seconds
[2022-06-13T02:08:56.369+0000][1][safepoint    ] Entering safepoint region: Cleanup
[2022-06-13T02:08:56.370+0000][1][safepoint    ] Leaving safepoint region
[2022-06-13T02:08:56.370+0000][1][safepoint    ] Total time for which application threads were stopped: 0.0008103 seconds, Stopping threads took: 0.0003755 seconds
[2022-06-13T02:08:57.371+0000][1][safepoint    ] Application time: 1.0003231 seconds
[2022-06-13T02:08:57.371+0000][1][safepoint    ] Entering safepoint region: Cleanup
[2022-06-13T02:08:57.372+0000][1][safepoint    ] Leaving safepoint region
[2022-06-13T02:08:57.372+0000][1][safepoint    ] Total time for which application threads were stopped: 0.0007843 seconds, Stopping threads took: 0.0003039 seconds
[2022-06-13T02:08:58.372+0000][1][safepoint    ] Application time: 1.0001353 seconds
[2022-06-13T02:08:58.373+0000][1][safepoint    ] Entering safepoint region: Cleanup
[2022-06-13T02:08:58.373+0000][1][safepoint    ] Leaving safepoint region
[2022-06-13T02:08:58.374+0000][1][safepoint    ] Total time for which application threads were stopped: 0.0006059 seconds, Stopping threads took: 0.0003569 seconds
[2022-06-13T02:08:59.374+0000][1][safepoint    ] Application time: 1.0003040 seconds
[2022-06-13T02:08:59.375+0000][1][safepoint    ] Entering safepoint region: Cleanup
[2022-06-13T02:08:59.375+0000][1][safepoint    ] Leaving safepoint region
[2022-06-13T02:08:59.375+0000][1][safepoint    ] Total time for which application threads were stopped: 0.0008026 seconds, Stopping threads took: 0.0003913 seconds
[2022-06-13T02:09:00.376+0000][1][safepoint    ] Application time: 1.0002544 seconds
[2022-06-13T02:09:00.376+0000][1][safepoint    ] Entering safepoint region: Cleanup
[2022-06-13T02:09:00.377+0000][1][safepoint    ] Leaving safepoint region
[2022-06-13T02:09:00.377+0000][1][safepoint    ] Total time for which application threads were stopped: 0.0005262 seconds, Stopping threads took: 0.0001557 seconds
[2022-06-13T02:09:01.377+0000][1][safepoint    ] Application time: 1.0002351 seconds
[2022-06-13T02:09:01.378+0000][1][safepoint    ] Entering safepoint region: Cleanup
[2022-06-13T02:09:01.378+0000][1][safepoint    ] Leaving safepoint region
[2022-06-13T02:09:01.378+0000][1][safepoint    ] Total time for which application threads were stopped: 0.0008610 seconds, Stopping threads took: 0.0004791 seconds
[2022-06-13T02:09:02.379+0000][1][safepoint    ] Application time: 1.0001485 seconds
[2022-06-13T02:09:02.379+0000][1][safepoint    ] Entering safepoint region: Cleanup
[2022-06-13T02:09:02.380+0000][1][safepoint    ] Leaving safepoint region
[2022-06-13T02:09:02.380+0000][1][safepoint    ] Total time for which application threads were stopped: 0.0009061 seconds, Stopping threads took: 0.0004234 seconds
[2022-06-13T02:09:03.381+0000][1][safepoint    ] Application time: 1.0003729 seconds
[2022-06-13T02:09:03.381+0000][1][safepoint    ] Entering safepoint region: Cleanup
[2022-06-13T02:09:03.382+0000][1][safepoint    ] Leaving safepoint region
[2022-06-13T02:09:03.382+0000][1][safepoint    ] Total time for which application threads were stopped: 0.0009862 seconds, Stopping threads took: 0.0005146 seconds
[2022-06-13T02:09:04.383+0000][1][safepoint    ] Application time: 1.0002780 seconds
[2022-06-13T02:09:04.384+0000][1][safepoint    ] Entering safepoint region: Cleanup
[2022-06-13T02:09:04.384+0000][1][safepoint    ] Leaving safepoint region
[2022-06-13T02:09:04.384+0000][1][safepoint    ] Total time for which application threads were stopped: 0.0005648 seconds, Stopping threads took: 0.0002658 seconds
[2022-06-13T02:09:05.385+0000][1][safepoint    ] Application time: 1.0001741 seconds
[2022-06-13T02:09:05.386+0000][1][safepoint    ] Entering safepoint region: Cleanup
[2022-06-13T02:09:05.386+0000][1][safepoint    ] Leaving safepoint region
[2022-06-13T02:09:05.387+0000][1][safepoint    ] Total time for which application threads were stopped: 0.0011800 seconds, Stopping threads took: 0.0004935 seconds
[2022-06-13T02:09:06.388+0000][1][safepoint    ] Application time: 1.0002510 seconds
[2022-06-13T02:09:06.389+0000][1][safepoint    ] Entering safepoint region: Cleanup
[2022-06-13T02:09:06.389+0000][1][safepoint    ] Leaving safepoint region
[2022-06-13T02:09:06.390+0000][1][safepoint    ] Total time for which application threads were stopped: 0.0008817 seconds, Stopping threads took: 0.0005138 seconds
[2022-06-13T02:09:07.390+0000][1][safepoint    ] Application time: 1.0001920 seconds
[2022-06-13T02:09:07.391+0000][1][safepoint    ] Entering safepoint region: Cleanup
[2022-06-13T02:09:07.391+0000][1][safepoint    ] Leaving safepoint region
[2022-06-13T02:09:07.392+0000][1][safepoint    ] Total time for which application threads were stopped: 0.0008863 seconds, Stopping threads took: 0.0004018 seconds
[2022-06-13T02:09:08.392+0000][1][safepoint    ] Application time: 1.0001439 seconds
[2022-06-13T02:09:08.393+0000][1][safepoint    ] Entering safepoint region: Cleanup
[2022-06-13T02:09:08.394+0000][1][safepoint    ] Leaving safepoint region
[2022-06-13T02:09:08.394+0000][1][safepoint    ] Total time for which application threads were stopped: 0.0015645 seconds, Stopping threads took: 0.0005760 seconds
[2022-06-13T02:09:09.395+0000][1][safepoint    ] Application time: 1.0002811 seconds
[2022-06-13T02:09:09.396+0000][1][safepoint    ] Entering safepoint region: Cleanup
[2022-06-13T02:09:09.396+0000][1][safepoint    ] Leaving safepoint region
[2022-06-13T02:09:09.396+0000][1][safepoint    ] Total time for which application threads were stopped: 0.0007399 seconds, Stopping threads took: 0.0003716 seconds
[2022-06-13T02:09:10.397+0000][1][safepoint    ] Application time: 1.0002332 seconds
[2022-06-13T02:09:10.397+0000][1][safepoint    ] Entering safepoint region: Cleanup
[2022-06-13T02:09:10.398+0000][1][safepoint    ] Leaving safepoint region
[2022-06-13T02:09:10.398+0000][1][safepoint    ] Total time for which application threads were stopped: 0.0008766 seconds, Stopping threads took: 0.0004713 seconds
[2022-06-13T02:09:11.399+0000][1][safepoint    ] Application time: 1.0002164 seconds
[2022-06-13T02:09:11.399+0000][1][safepoint    ] Entering safepoint region: Cleanup
[2022-06-13T02:09:11.400+0000][1][safepoint    ] Leaving safepoint region
[2022-06-13T02:09:11.400+0000][1][safepoint    ] Total time for which application threads were stopped: 0.0008863 seconds, Stopping threads took: 0.0003989 seconds
[2022-06-13T02:09:12.401+0000][1][safepoint    ] Application time: 1.0002895 seconds
[2022-06-13T02:09:12.402+0000][1][safepoint    ] Entering safepoint region: Cleanup
[2022-06-13T02:09:12.402+0000][1][safepoint    ] Leaving safepoint region
[2022-06-13T02:09:12.402+0000][1][safepoint    ] Total time for which application threads were stopped: 0.0008806 seconds, Stopping threads took: 0.0004157 seconds
[2022-06-13T02:09:13.403+0000][1][safepoint    ] Application time: 1.0002722 seconds
[2022-06-13T02:09:13.404+0000][1][safepoint    ] Entering safepoint region: Cleanup
[2022-06-13T02:09:13.404+0000][1][safepoint    ] Leaving safepoint region
[2022-06-13T02:09:13.404+0000][1][safepoint    ] Total time for which application threads were stopped: 0.0008116 seconds, Stopping threads took: 0.0003699 seconds
[2022-06-13T02:09:14.405+0000][1][safepoint    ] Application time: 1.0002538 seconds
[2022-06-13T02:09:14.406+0000][1][safepoint    ] Entering safepoint region: Cleanup
[2022-06-13T02:09:14.406+0000][1][safepoint    ] Leaving safepoint region
[2022-06-13T02:09:14.406+0000][1][safepoint    ] Total time for which application threads were stopped: 0.0007759 seconds, Stopping threads took: 0.0003671 seconds
[2022-06-13T02:09:15.407+0000][1][safepoint    ] Application time: 1.0002134 seconds
[2022-06-13T02:09:15.407+0000][1][safepoint    ] Entering safepoint region: Cleanup
[2022-06-13T02:09:15.408+0000][1][safepoint    ] Leaving safepoint region
[2022-06-13T02:09:15.408+0000][1][safepoint    ] Total time for which application threads were stopped: 0.0006996 seconds, Stopping threads took: 0.0002593 seconds
[2022-06-13T02:09:16.408+0000][1][safepoint    ] Application time: 1.0001730 seconds
[2022-06-13T02:09:16.409+0000][1][safepoint    ] Entering safepoint region: Cleanup
[2022-06-13T02:09:16.410+0000][1][safepoint    ] Leaving safepoint region
[2022-06-13T02:09:16.410+0000][1][safepoint    ] Total time for which application threads were stopped: 0.0009249 seconds, Stopping threads took: 0.0004831 seconds
[2022-06-13T02:09:17.410+0000][1][safepoint    ] Application time: 1.0001178 seconds
[2022-06-13T02:09:17.411+0000][1][safepoint    ] Entering safepoint region: Cleanup
[2022-06-13T02:09:17.412+0000][1][safepoint    ] Leaving safepoint region
[2022-06-13T02:09:17.412+0000][1][safepoint    ] Total time for which application threads were stopped: 0.0011261 seconds, Stopping threads took: 0.0004214 seconds
[2022-06-13T02:09:18.413+0000][1][safepoint    ] Application time: 1.0001763 seconds
[2022-06-13T02:09:18.413+0000][1][safepoint    ] Entering safepoint region: Cleanup
[2022-06-13T02:09:18.413+0000][1][safepoint    ] Leaving safepoint region
[2022-06-13T02:09:18.413+0000][1][safepoint    ] Total time for which application threads were stopped: 0.0003299 seconds, Stopping threads took: 0.0001453 seconds
[2022-06-13T02:09:19.414+0000][1][safepoint    ] Application time: 1.0001354 seconds
[2022-06-13T02:09:19.414+0000][1][safepoint    ] Entering safepoint region: Cleanup
[2022-06-13T02:09:19.414+0000][1][safepoint    ] Leaving safepoint region
[2022-06-13T02:09:19.414+0000][1][safepoint    ] Total time for which application threads were stopped: 0.0003940 seconds, Stopping threads took: 0.0001734 seconds
[2022-06-13T02:09:20.415+0000][1][safepoint    ] Application time: 1.0002266 seconds
[2022-06-13T02:09:20.416+0000][1][safepoint    ] Entering safepoint region: Cleanup
[2022-06-13T02:09:20.416+0000][1][safepoint    ] Leaving safepoint region
[2022-06-13T02:09:20.417+0000][1][safepoint    ] Total time for which application threads were stopped: 0.0014453 seconds, Stopping threads took: 0.0006414 seconds
[2022-06-13T02:09:21.418+0000][1][safepoint    ] Application time: 1.0002839 seconds
[2022-06-13T02:09:21.419+0000][1][safepoint    ] Entering safepoint region: Cleanup
[2022-06-13T02:09:21.419+0000][1][safepoint    ] Leaving safepoint region
[2022-06-13T02:09:21.420+0000][1][safepoint    ] Total time for which application threads were stopped: 0.0009318 seconds, Stopping threads took: 0.0003171 seconds
[2022-06-13T02:09:22.420+0000][1][safepoint    ] Application time: 1.0001921 seconds
[2022-06-13T02:09:22.421+0000][1][safepoint    ] Entering safepoint region: Cleanup
[2022-06-13T02:09:22.421+0000][1][safepoint    ] Leaving safepoint region
[2022-06-13T02:09:22.421+0000][1][safepoint    ] Total time for which application threads were stopped: 0.0005801 seconds, Stopping threads took: 0.0002712 seconds
[2022-06-13T02:09:23.422+0000][1][safepoint    ] Application time: 1.0001319 seconds
[2022-06-13T02:09:23.422+0000][1][safepoint    ] Entering safepoint region: Cleanup
[2022-06-13T02:09:23.423+0000][1][safepoint    ] Leaving safepoint region
[2022-06-13T02:09:23.424+0000][1][safepoint    ] Total time for which application threads were stopped: 0.0012303 seconds, Stopping threads took: 0.0005648 seconds
[2022-06-13T02:09:24.424+0000][1][safepoint    ] Application time: 1.0002476 seconds
[2022-06-13T02:09:24.425+0000][1][safepoint    ] Entering safepoint region: Cleanup
[2022-06-13T02:09:24.425+0000][1][safepoint    ] Leaving safepoint region
[2022-06-13T02:09:24.425+0000][1][safepoint    ] Total time for which application threads were stopped: 0.0004860 seconds, Stopping threads took: 0.0002218 seconds
[2022-06-13T02:09:25.426+0000][1][safepoint    ] Application time: 1.0004084 seconds
[2022-06-13T02:09:25.427+0000][1][safepoint    ] Entering safepoint region: Cleanup
[2022-06-13T02:09:25.427+0000][1][safepoint    ] Leaving safepoint region
[2022-06-13T02:09:25.428+0000][1][safepoint    ] Total time for which application threads were stopped: 0.0011589 seconds, Stopping threads took: 0.0004765 seconds
[2022-06-13T02:09:26.428+0000][1][safepoint    ] Application time: 1.0002483 seconds
[2022-06-13T02:09:26.429+0000][1][safepoint    ] Entering safepoint region: Cleanup
[2022-06-13T02:09:26.429+0000][1][safepoint    ] Leaving safepoint region
[2022-06-13T02:09:26.430+0000][1][safepoint    ] Total time for which application threads were stopped: 0.0006850 seconds, Stopping threads took: 0.0002722 seconds
[2022-06-13T02:09:27.430+0000][1][safepoint    ] Application time: 1.0001151 seconds
[2022-06-13T02:09:27.431+0000][1][safepoint    ] Entering safepoint region: Cleanup
[2022-06-13T02:09:27.431+0000][1][safepoint    ] Leaving safepoint region
[2022-06-13T02:09:27.431+0000][1][safepoint    ] Total time for which application threads were stopped: 0.0004791 seconds, Stopping threads took: 0.0002228 seconds
[2022-06-13T02:09:28.432+0000][1][safepoint    ] Application time: 1.0003696 seconds
[2022-06-13T02:09:28.432+0000][1][safepoint    ] Entering safepoint region: Cleanup
[2022-06-13T02:09:28.433+0000][1][safepoint    ] Leaving safepoint region
[2022-06-13T02:09:28.433+0000][1][safepoint    ] Total time for which application threads were stopped: 0.0011135 seconds, Stopping threads took: 0.0005694 seconds
[2022-06-13T02:09:29.434+0000][1][safepoint    ] Application time: 1.0002002 seconds
[2022-06-13T02:09:29.435+0000][1][safepoint    ] Entering safepoint region: Cleanup
[2022-06-13T02:09:29.435+0000][1][safepoint    ] Leaving safepoint region
[2022-06-13T02:09:29.436+0000][1][safepoint    ] Total time for which application threads were stopped: 0.0009015 seconds, Stopping threads took: 0.0004106 seconds
[2022-06-13T02:09:30.436+0000][1][safepoint    ] Application time: 1.0001998 seconds
[2022-06-13T02:09:30.437+0000][1][safepoint    ] Entering safepoint region: Cleanup
[2022-06-13T02:09:30.438+0000][1][safepoint    ] Leaving safepoint region
[2022-06-13T02:09:30.439+0000][1][safepoint    ] Total time for which application threads were stopped: 0.0015106 seconds, Stopping threads took: 0.0007507 seconds
[2022-06-13T02:09:31.439+0000][1][safepoint    ] Application time: 1.0002172 seconds
[2022-06-13T02:09:31.440+0000][1][safepoint    ] Entering safepoint region: Cleanup
[2022-06-13T02:09:31.440+0000][1][safepoint    ] Leaving safepoint region
[2022-06-13T02:09:31.441+0000][1][safepoint    ] Total time for which application threads were stopped: 0.0008595 seconds, Stopping threads took: 0.0003788 seconds
[2022-06-13T02:09:32.441+0000][1][safepoint    ] Application time: 1.0001230 seconds
[2022-06-13T02:09:32.442+0000][1][safepoint    ] Entering safepoint region: Cleanup
[2022-06-13T02:09:32.442+0000][1][safepoint    ] Leaving safepoint region
[2022-06-13T02:09:32.442+0000][1][safepoint    ] Total time for which application threads were stopped: 0.0006444 seconds, Stopping threads took: 0.0003160 seconds
[2022-06-13T02:09:33.443+0000][1][safepoint    ] Application time: 1.0002774 seconds
[2022-06-13T02:09:33.444+0000][1][safepoint    ] Entering safepoint region: Cleanup
[2022-06-13T02:09:33.444+0000][1][safepoint    ] Leaving safepoint region
[2022-06-13T02:09:33.445+0000][1][safepoint    ] Total time for which application threads were stopped: 0.0009780 seconds, Stopping threads took: 0.0004855 seconds
[2022-06-13T02:09:34.445+0000][1][safepoint    ] Application time: 1.0002591 seconds
[2022-06-13T02:09:34.446+0000][1][safepoint    ] Entering safepoint region: Cleanup
[2022-06-13T02:09:34.446+0000][1][safepoint    ] Leaving safepoint region
[2022-06-13T02:09:34.447+0000][1][safepoint    ] Total time for which application threads were stopped: 0.0007933 seconds, Stopping threads took: 0.0004341 seconds
[2022-06-13T02:09:35.447+0000][1][safepoint    ] Application time: 1.0001060 seconds
[2022-06-13T02:09:35.448+0000][1][safepoint    ] Entering safepoint region: Cleanup
[2022-06-13T02:09:35.448+0000][1][safepoint    ] Leaving safepoint region
[2022-06-13T02:09:35.448+0000][1][safepoint    ] Total time for which application threads were stopped: 0.0008842 seconds, Stopping threads took: 0.0003238 seconds
[2022-06-13T02:09:36.449+0000][1][safepoint    ] Application time: 1.0002239 seconds
[2022-06-13T02:09:36.450+0000][1][safepoint    ] Entering safepoint region: Cleanup
[2022-06-13T02:09:36.450+0000][1][safepoint    ] Leaving safepoint region
[2022-06-13T02:09:36.450+0000][1][safepoint    ] Total time for which application threads were stopped: 0.0009002 seconds, Stopping threads took: 0.0004009 seconds
[2022-06-13T02:09:37.451+0000][1][safepoint    ] Application time: 1.0002962 seconds
[2022-06-13T02:09:37.452+0000][1][safepoint    ] Entering safepoint region: Cleanup
[2022-06-13T02:09:37.452+0000][1][safepoint    ] Leaving safepoint region
[2022-06-13T02:09:37.453+0000][1][safepoint    ] Total time for which application threads were stopped: 0.0012138 seconds, Stopping threads took: 0.0005543 seconds
[2022-06-13T02:09:38.454+0000][1][safepoint    ] Application time: 1.0002706 seconds
[2022-06-13T02:09:38.454+0000][1][safepoint    ] Entering safepoint region: Cleanup
[2022-06-13T02:09:38.455+0000][1][safepoint    ] Leaving safepoint region
[2022-06-13T02:09:38.455+0000][1][safepoint    ] Total time for which application threads were stopped: 0.0007691 seconds, Stopping threads took: 0.0003786 seconds
[2022-06-13T02:09:39.456+0000][1][safepoint    ] Application time: 1.0002726 seconds
[2022-06-13T02:09:39.456+0000][1][safepoint    ] Entering safepoint region: Cleanup
[2022-06-13T02:09:39.457+0000][1][safepoint    ] Leaving safepoint region
[2022-06-13T02:09:39.457+0000][1][safepoint    ] Total time for which application threads were stopped: 0.0008556 seconds, Stopping threads took: 0.0003966 seconds
[2022-06-13T02:09:40.457+0000][1][safepoint    ] Application time: 1.0001732 seconds
[2022-06-13T02:09:40.458+0000][1][safepoint    ] Entering safepoint region: Cleanup
[2022-06-13T02:09:40.458+0000][1][safepoint    ] Leaving safepoint region
[2022-06-13T02:09:40.459+0000][1][safepoint    ] Total time for which application threads were stopped: 0.0008273 seconds, Stopping threads took: 0.0003979 seconds
[2022-06-13T02:09:41.459+0000][1][safepoint    ] Application time: 1.0001876 seconds
[2022-06-13T02:09:41.460+0000][1][safepoint    ] Entering safepoint region: Cleanup
[2022-06-13T02:09:41.460+0000][1][safepoint    ] Leaving safepoint region
[2022-06-13T02:09:41.460+0000][1][safepoint    ] Total time for which application threads were stopped: 0.0005875 seconds, Stopping threads took: 0.0002481 seconds
[2022-06-13T02:09:42.461+0000][1][safepoint    ] Application time: 1.0002022 seconds
[2022-06-13T02:09:42.461+0000][1][safepoint    ] Entering safepoint region: Cleanup
[2022-06-13T02:09:42.462+0000][1][safepoint    ] Leaving safepoint region
[2022-06-13T02:09:42.462+0000][1][safepoint    ] Total time for which application threads were stopped: 0.0005867 seconds, Stopping threads took: 0.0002627 seconds
[2022-06-13T02:09:43.462+0000][1][safepoint    ] Application time: 1.0002083 seconds
[2022-06-13T02:09:43.463+0000][1][safepoint    ] Entering safepoint region: Cleanup
[2022-06-13T02:09:43.463+0000][1][safepoint    ] Leaving safepoint region
[2022-06-13T02:09:43.464+0000][1][safepoint    ] Total time for which application threads were stopped: 0.0010279 seconds, Stopping threads took: 0.0004547 seconds
[2022-06-13T02:09:44.465+0000][1][safepoint    ] Application time: 1.0002340 seconds
[2022-06-13T02:09:44.465+0000][1][safepoint    ] Entering safepoint region: Cleanup
[2022-06-13T02:09:44.465+0000][1][safepoint    ] Leaving safepoint region
[2022-06-13T02:09:44.466+0000][1][safepoint    ] Total time for which application threads were stopped: 0.0006993 seconds, Stopping threads took: 0.0003066 seconds
[2022-06-13T02:09:45.466+0000][1][safepoint    ] Application time: 1.0003102 seconds
[2022-06-13T02:09:45.467+0000][1][safepoint    ] Entering safepoint region: Cleanup
[2022-06-13T02:09:45.468+0000][1][safepoint    ] Leaving safepoint region
[2022-06-13T02:09:45.469+0000][1][safepoint    ] Total time for which application threads were stopped: 0.0015088 seconds, Stopping threads took: 0.0006975 seconds
[2022-06-13T02:09:46.470+0000][1][safepoint    ] Application time: 1.0001978 seconds
[2022-06-13T02:09:46.470+0000][1][safepoint    ] Entering safepoint region: Cleanup
[2022-06-13T02:09:46.470+0000][1][safepoint    ] Leaving safepoint region
[2022-06-13T02:09:46.471+0000][1][safepoint    ] Total time for which application threads were stopped: 0.0008010 seconds, Stopping threads took: 0.0002976 seconds
[2022-06-13T02:09:47.472+0000][1][safepoint    ] Application time: 1.0002206 seconds
[2022-06-13T02:09:47.472+0000][1][safepoint    ] Entering safepoint region: Cleanup
[2022-06-13T02:09:47.473+0000][1][safepoint    ] Leaving safepoint region
[2022-06-13T02:09:47.473+0000][1][safepoint    ] Total time for which application threads were stopped: 0.0012068 seconds, Stopping threads took: 0.0005518 seconds
[2022-06-13T02:09:48.474+0000][1][safepoint    ] Application time: 1.0001755 seconds
[2022-06-13T02:09:48.475+0000][1][safepoint    ] Entering safepoint region: Cleanup
[2022-06-13T02:09:48.475+0000][1][safepoint    ] Leaving safepoint region
[2022-06-13T02:09:48.476+0000][1][safepoint    ] Total time for which application threads were stopped: 0.0009213 seconds, Stopping threads took: 0.0005141 seconds
[2022-06-13T02:09:49.476+0000][1][safepoint    ] Application time: 1.0003636 seconds
[2022-06-13T02:09:49.477+0000][1][safepoint    ] Entering safepoint region: Cleanup
[2022-06-13T02:09:49.478+0000][1][safepoint    ] Leaving safepoint region
[2022-06-13T02:09:49.479+0000][1][safepoint    ] Total time for which application threads were stopped: 0.0014062 seconds, Stopping threads took: 0.0006758 seconds
[2022-06-13T02:09:50.479+0000][1][safepoint    ] Application time: 1.0002631 seconds
[2022-06-13T02:09:50.480+0000][1][safepoint    ] Entering safepoint region: Cleanup
[2022-06-13T02:09:50.480+0000][1][safepoint    ] Leaving safepoint region
[2022-06-13T02:09:50.481+0000][1][safepoint    ] Total time for which application threads were stopped: 0.0004858 seconds, Stopping threads took: 0.0001883 seconds
[2022-06-13T02:09:51.481+0000][1][safepoint    ] Application time: 1.0001549 seconds
[2022-06-13T02:09:51.482+0000][1][safepoint    ] Entering safepoint region: Cleanup
[2022-06-13T02:09:51.482+0000][1][safepoint    ] Leaving safepoint region
[2022-06-13T02:09:51.483+0000][1][safepoint    ] Total time for which application threads were stopped: 0.0009428 seconds, Stopping threads took: 0.0004305 seconds
[2022-06-13T02:09:52.483+0000][1][safepoint    ] Application time: 1.0002349 seconds
[2022-06-13T02:09:52.484+0000][1][safepoint    ] Entering safepoint region: Cleanup
[2022-06-13T02:09:52.484+0000][1][safepoint    ] Leaving safepoint region
[2022-06-13T02:09:52.484+0000][1][safepoint    ] Total time for which application threads were stopped: 0.0006200 seconds, Stopping threads took: 0.0002795 seconds
[2022-06-13T02:09:53.485+0000][1][safepoint    ] Application time: 1.0002533 seconds
[2022-06-13T02:09:53.485+0000][1][safepoint    ] Entering safepoint region: Cleanup
[2022-06-13T02:09:53.486+0000][1][safepoint    ] Leaving safepoint region
[2022-06-13T02:09:53.486+0000][1][safepoint    ] Total time for which application threads were stopped: 0.0007938 seconds, Stopping threads took: 0.0003922 seconds
[2022-06-13T02:09:54.487+0000][1][safepoint    ] Application time: 1.0001420 seconds
[2022-06-13T02:09:54.487+0000][1][safepoint    ] Entering safepoint region: Cleanup
[2022-06-13T02:09:54.487+0000][1][safepoint    ] Leaving safepoint region
[2022-06-13T02:09:54.488+0000][1][safepoint    ] Total time for which application threads were stopped: 0.0006998 seconds, Stopping threads took: 0.0002813 seconds
[2022-06-13T02:09:55.488+0000][1][safepoint    ] Application time: 1.0002944 seconds
[2022-06-13T02:09:55.489+0000][1][safepoint    ] Entering safepoint region: Cleanup
[2022-06-13T02:09:55.489+0000][1][safepoint    ] Leaving safepoint region
[2022-06-13T02:09:55.490+0000][1][safepoint    ] Total time for which application threads were stopped: 0.0010843 seconds, Stopping threads took: 0.0005249 seconds
[2022-06-13T02:09:56.491+0000][1][safepoint    ] Application time: 1.0002534 seconds
[2022-06-13T02:09:56.491+0000][1][safepoint    ] Entering safepoint region: Cleanup
[2022-06-13T02:09:56.492+0000][1][safepoint    ] Leaving safepoint region
[2022-06-13T02:09:56.492+0000][1][safepoint    ] Total time for which application threads were stopped: 0.0008186 seconds, Stopping threads took: 0.0003745 seconds
[2022-06-13T02:09:57.493+0000][1][safepoint    ] Application time: 1.0002541 seconds
[2022-06-13T02:09:57.493+0000][1][safepoint    ] Entering safepoint region: Cleanup
[2022-06-13T02:09:57.494+0000][1][safepoint    ] Leaving safepoint region
[2022-06-13T02:09:57.494+0000][1][safepoint    ] Total time for which application threads were stopped: 0.0009103 seconds, Stopping threads took: 0.0004269 seconds
[2022-06-13T02:09:58.495+0000][1][safepoint    ] Application time: 1.0001900 seconds
[2022-06-13T02:09:58.495+0000][1][safepoint    ] Entering safepoint region: Cleanup
[2022-06-13T02:09:58.496+0000][1][safepoint    ] Leaving safepoint region
[2022-06-13T02:09:58.496+0000][1][safepoint    ] Total time for which application threads were stopped: 0.0007122 seconds, Stopping threads took: 0.0003604 seconds
[2022-06-13T02:09:59.594+0000][1][safepoint    ] Application time: 1.0979270 seconds
[2022-06-13T02:09:59.595+0000][1][safepoint    ] Entering safepoint region: Cleanup
[2022-06-13T02:09:59.595+0000][1][safepoint    ] Leaving safepoint region
[2022-06-13T02:09:59.595+0000][1][safepoint    ] Total time for which application threads were stopped: 0.0004095 seconds, Stopping threads took: 0.0001733 seconds
[2022-06-13T02:10:00.595+0000][1][safepoint    ] Application time: 1.0002729 seconds
[2022-06-13T02:10:00.596+0000][1][safepoint    ] Entering safepoint region: Cleanup
[2022-06-13T02:10:00.596+0000][1][safepoint    ] Leaving safepoint region
[2022-06-13T02:10:00.597+0000][1][safepoint    ] Total time for which application threads were stopped: 0.0009358 seconds, Stopping threads took: 0.0004526 seconds
[2022-06-13T02:10:01.597+0000][1][safepoint    ] Application time: 1.0002331 seconds
[2022-06-13T02:10:01.598+0000][1][safepoint    ] Entering safepoint region: Cleanup
[2022-06-13T02:10:01.598+0000][1][safepoint    ] Leaving safepoint region
[2022-06-13T02:10:01.599+0000][1][safepoint    ] Total time for which application threads were stopped: 0.0006486 seconds, Stopping threads took: 0.0003241 seconds
[2022-06-13T02:10:02.599+0000][1][safepoint    ] Application time: 1.0001240 seconds
[2022-06-13T02:10:02.600+0000][1][safepoint    ] Entering safepoint region: Cleanup
[2022-06-13T02:10:02.600+0000][1][safepoint    ] Leaving safepoint region
[2022-06-13T02:10:02.600+0000][1][safepoint    ] Total time for which application threads were stopped: 0.0006840 seconds, Stopping threads took: 0.0003144 seconds
[2022-06-13T02:10:03.601+0000][1][safepoint    ] Application time: 1.0001259 seconds
[2022-06-13T02:10:03.601+0000][1][safepoint    ] Entering safepoint region: Cleanup
[2022-06-13T02:10:03.602+0000][1][safepoint    ] Leaving safepoint region
[2022-06-13T02:10:03.602+0000][1][safepoint    ] Total time for which application threads were stopped: 0.0008187 seconds, Stopping threads took: 0.0002916 seconds
[2022-06-13T02:10:04.602+0000][1][safepoint    ] Application time: 1.0001113 seconds
[2022-06-13T02:10:04.603+0000][1][safepoint    ] Entering safepoint region: Cleanup
[2022-06-13T02:10:04.603+0000][1][safepoint    ] Leaving safepoint region
[2022-06-13T02:10:04.604+0000][1][safepoint    ] Total time for which application threads were stopped: 0.0008232 seconds, Stopping threads took: 0.0003325 seconds
[2022-06-13T02:10:05.604+0000][1][safepoint    ] Application time: 1.0001557 seconds
[2022-06-13T02:10:05.605+0000][1][safepoint    ] Entering safepoint region: Cleanup
[2022-06-13T02:10:05.605+0000][1][safepoint    ] Leaving safepoint region
[2022-06-13T02:10:05.605+0000][1][safepoint    ] Total time for which application threads were stopped: 0.0006510 seconds, Stopping threads took: 0.0001888 seconds
[2022-06-13T02:10:06.606+0000][1][safepoint    ] Application time: 1.0001885 seconds
[2022-06-13T02:10:06.606+0000][1][safepoint    ] Entering safepoint region: Cleanup
[2022-06-13T02:10:06.607+0000][1][safepoint    ] Leaving safepoint region
[2022-06-13T02:10:06.607+0000][1][safepoint    ] Total time for which application threads were stopped: 0.0007754 seconds, Stopping threads took: 0.0003975 seconds
[2022-06-13T02:10:07.607+0000][1][safepoint    ] Application time: 1.0001621 seconds
[2022-06-13T02:10:07.608+0000][1][safepoint    ] Entering safepoint region: Cleanup
[2022-06-13T02:10:07.609+0000][1][safepoint    ] Leaving safepoint region
[2022-06-13T02:10:07.609+0000][1][safepoint    ] Total time for which application threads were stopped: 0.0010732 seconds, Stopping threads took: 0.0005937 seconds
[2022-06-13T02:10:08.609+0000][1][safepoint    ] Application time: 1.0001192 seconds
[2022-06-13T02:10:08.610+0000][1][safepoint    ] Entering safepoint region: Cleanup
[2022-06-13T02:10:08.611+0000][1][safepoint    ] Leaving safepoint region
[2022-06-13T02:10:08.611+0000][1][safepoint    ] Total time for which application threads were stopped: 0.0009441 seconds, Stopping threads took: 0.0004643 seconds
[2022-06-13T02:10:09.611+0000][1][safepoint    ] Application time: 1.0002051 seconds
[2022-06-13T02:10:09.612+0000][1][safepoint    ] Entering safepoint region: Cleanup
[2022-06-13T02:10:09.613+0000][1][safepoint    ] Leaving safepoint region
[2022-06-13T02:10:09.613+0000][1][safepoint    ] Total time for which application threads were stopped: 0.0010165 seconds, Stopping threads took: 0.0003833 seconds
[2022-06-13T02:10:10.614+0000][1][safepoint    ] Application time: 1.0001801 seconds
[2022-06-13T02:10:10.614+0000][1][safepoint    ] Entering safepoint region: Cleanup
[2022-06-13T02:10:10.614+0000][1][safepoint    ] Leaving safepoint region
[2022-06-13T02:10:10.615+0000][1][safepoint    ] Total time for which application threads were stopped: 0.0006126 seconds, Stopping threads took: 0.0002604 seconds
[2022-06-13T02:10:11.615+0000][1][safepoint    ] Application time: 1.0003364 seconds
[2022-06-13T02:10:11.616+0000][1][safepoint    ] Entering safepoint region: Cleanup
[2022-06-13T02:10:11.617+0000][1][safepoint    ] Leaving safepoint region
[2022-06-13T02:10:11.617+0000][1][safepoint    ] Total time for which application threads were stopped: 0.0013555 seconds, Stopping threads took: 0.0006525 seconds
[2022-06-13T02:10:12.618+0000][1][safepoint    ] Application time: 1.0002249 seconds
[2022-06-13T02:10:12.619+0000][1][safepoint    ] Entering safepoint region: Cleanup
[2022-06-13T02:10:12.619+0000][1][safepoint    ] Leaving safepoint region
[2022-06-13T02:10:12.620+0000][1][safepoint    ] Total time for which application threads were stopped: 0.0010920 seconds, Stopping threads took: 0.0004131 seconds
[2022-06-13T02:10:13.620+0000][1][safepoint    ] Application time: 1.0001332 seconds
[2022-06-13T02:10:13.621+0000][1][safepoint    ] Entering safepoint region: Cleanup
[2022-06-13T02:10:13.622+0000][1][safepoint    ] Leaving safepoint region
[2022-06-13T02:10:13.622+0000][1][safepoint    ] Total time for which application threads were stopped: 0.0012107 seconds, Stopping threads took: 0.0005675 seconds
[2022-06-13T02:10:14.623+0000][1][safepoint    ] Application time: 1.0002842 seconds
[2022-06-13T02:10:14.624+0000][1][safepoint    ] Entering safepoint region: Cleanup
[2022-06-13T02:10:14.624+0000][1][safepoint    ] Leaving safepoint region
[2022-06-13T02:10:14.625+0000][1][safepoint    ] Total time for which application threads were stopped: 0.0007577 seconds, Stopping threads took: 0.0003341 seconds
[2022-06-13T02:10:15.625+0000][1][safepoint    ] Application time: 1.0004303 seconds
[2022-06-13T02:10:15.626+0000][1][safepoint    ] Entering safepoint region: Cleanup
[2022-06-13T02:10:15.627+0000][1][safepoint    ] Leaving safepoint region
[2022-06-13T02:10:15.627+0000][1][safepoint    ] Total time for which application threads were stopped: 0.0010523 seconds, Stopping threads took: 0.0005458 seconds
[2022-06-13T02:10:16.628+0000][1][safepoint    ] Application time: 1.0002397 seconds
[2022-06-13T02:10:16.628+0000][1][safepoint    ] Entering safepoint region: Cleanup
[2022-06-13T02:10:16.629+0000][1][safepoint    ] Leaving safepoint region
[2022-06-13T02:10:16.629+0000][1][safepoint    ] Total time for which application threads were stopped: 0.0006360 seconds, Stopping threads took: 0.0002927 seconds
[2022-06-13T02:10:17.630+0000][1][safepoint    ] Application time: 1.0003374 seconds
[2022-06-13T02:10:17.630+0000][1][safepoint    ] Entering safepoint region: Cleanup
[2022-06-13T02:10:17.631+0000][1][safepoint    ] Leaving safepoint region
[2022-06-13T02:10:17.631+0000][1][safepoint    ] Total time for which application threads were stopped: 0.0009538 seconds, Stopping threads took: 0.0004647 seconds
[2022-06-13T02:10:18.632+0000][1][safepoint    ] Application time: 1.0001767 seconds
[2022-06-13T02:10:18.632+0000][1][safepoint    ] Entering safepoint region: Cleanup
[2022-06-13T02:10:18.633+0000][1][safepoint    ] Leaving safepoint region
[2022-06-13T02:10:18.633+0000][1][safepoint    ] Total time for which application threads were stopped: 0.0009307 seconds, Stopping threads took: 0.0003868 seconds
[2022-06-13T02:10:19.634+0000][1][safepoint    ] Application time: 1.0001969 seconds
[2022-06-13T02:10:19.634+0000][1][safepoint    ] Entering safepoint region: Cleanup
[2022-06-13T02:10:19.635+0000][1][safepoint    ] Leaving safepoint region
[2022-06-13T02:10:19.635+0000][1][safepoint    ] Total time for which application threads were stopped: 0.0005732 seconds, Stopping threads took: 0.0002466 seconds
[2022-06-13T02:10:20.635+0000][1][safepoint    ] Application time: 1.0001723 seconds
[2022-06-13T02:10:20.636+0000][1][safepoint    ] Entering safepoint region: Cleanup
[2022-06-13T02:10:20.636+0000][1][safepoint    ] Leaving safepoint region
[2022-06-13T02:10:20.636+0000][1][safepoint    ] Total time for which application threads were stopped: 0.0003636 seconds, Stopping threads took: 0.0001874 seconds
[2022-06-13T02:10:21.636+0000][1][safepoint    ] Application time: 1.0002980 seconds
[2022-06-13T02:10:21.637+0000][1][safepoint    ] Entering safepoint region: Cleanup
[2022-06-13T02:10:21.637+0000][1][safepoint    ] Leaving safepoint region
[2022-06-13T02:10:21.638+0000][1][safepoint    ] Total time for which application threads were stopped: 0.0007531 seconds, Stopping threads took: 0.0003675 seconds
[2022-06-13T02:10:22.638+0000][1][safepoint    ] Application time: 1.0002709 seconds
[2022-06-13T02:10:22.639+0000][1][safepoint    ] Entering safepoint region: Cleanup
[2022-06-13T02:10:22.640+0000][1][safepoint    ] Leaving safepoint region
[2022-06-13T02:10:22.641+0000][1][safepoint    ] Total time for which application threads were stopped: 0.0017210 seconds, Stopping threads took: 0.0008652 seconds
[2022-06-13T02:10:23.641+0000][1][safepoint    ] Application time: 1.0001313 seconds
[2022-06-13T02:10:23.642+0000][1][safepoint    ] Entering safepoint region: Cleanup
[2022-06-13T02:10:23.642+0000][1][safepoint    ] Leaving safepoint region
[2022-06-13T02:10:23.643+0000][1][safepoint    ] Total time for which application threads were stopped: 0.0007759 seconds, Stopping threads took: 0.0003774 seconds
[2022-06-13T02:10:24.643+0000][1][safepoint    ] Application time: 1.0001652 seconds
[2022-06-13T02:10:24.643+0000][1][safepoint    ] Entering safepoint region: Cleanup
[2022-06-13T02:10:24.644+0000][1][safepoint    ] Leaving safepoint region
[2022-06-13T02:10:24.644+0000][1][safepoint    ] Total time for which application threads were stopped: 0.0005951 seconds, Stopping threads took: 0.0002003 seconds
[2022-06-13T02:10:25.645+0000][1][safepoint    ] Application time: 1.0003329 seconds
[2022-06-13T02:10:25.645+0000][1][safepoint    ] Entering safepoint region: Cleanup
[2022-06-13T02:10:25.646+0000][1][safepoint    ] Leaving safepoint region
[2022-06-13T02:10:25.646+0000][1][safepoint    ] Total time for which application threads were stopped: 0.0011780 seconds, Stopping threads took: 0.0005304 seconds
[2022-06-13T02:10:26.647+0000][1][safepoint    ] Application time: 1.0001696 seconds
[2022-06-13T02:10:26.648+0000][1][safepoint    ] Entering safepoint region: Cleanup
[2022-06-13T02:10:26.648+0000][1][safepoint    ] Leaving safepoint region
[2022-06-13T02:10:26.648+0000][1][safepoint    ] Total time for which application threads were stopped: 0.0005513 seconds, Stopping threads took: 0.0002483 seconds
[2022-06-13T02:10:27.649+0000][1][safepoint    ] Application time: 1.0002641 seconds
[2022-06-13T02:10:27.649+0000][1][safepoint    ] Entering safepoint region: Cleanup
[2022-06-13T02:10:27.650+0000][1][safepoint    ] Leaving safepoint region
[2022-06-13T02:10:27.650+0000][1][safepoint    ] Total time for which application threads were stopped: 0.0006254 seconds, Stopping threads took: 0.0001905 seconds
[2022-06-13T02:10:28.651+0000][1][safepoint    ] Application time: 1.0002938 seconds
[2022-06-13T02:10:28.651+0000][1][safepoint    ] Entering safepoint region: Cleanup
[2022-06-13T02:10:28.652+0000][1][safepoint    ] Leaving safepoint region
[2022-06-13T02:10:28.652+0000][1][safepoint    ] Total time for which application threads were stopped: 0.0007760 seconds, Stopping threads took: 0.0003773 seconds
[2022-06-13T02:10:29.653+0000][1][safepoint    ] Application time: 1.0002151 seconds
[2022-06-13T02:10:29.653+0000][1][safepoint    ] Entering safepoint region: Cleanup
[2022-06-13T02:10:29.654+0000][1][safepoint    ] Leaving safepoint region
[2022-06-13T02:10:29.655+0000][1][safepoint    ] Total time for which application threads were stopped: 0.0012816 seconds, Stopping threads took: 0.0006661 seconds
[2022-06-13T02:10:30.655+0000][1][safepoint    ] Application time: 1.0003082 seconds
[2022-06-13T02:10:30.656+0000][1][safepoint    ] Entering safepoint region: Cleanup
[2022-06-13T02:10:30.656+0000][1][safepoint    ] Leaving safepoint region
[2022-06-13T02:10:30.657+0000][1][safepoint    ] Total time for which application threads were stopped: 0.0008619 seconds, Stopping threads took: 0.0003188 seconds
[2022-06-13T02:10:31.657+0000][1][safepoint    ] Application time: 1.0001987 seconds
[2022-06-13T02:10:31.658+0000][1][safepoint    ] Entering safepoint region: Cleanup
[2022-06-13T02:10:31.658+0000][1][safepoint    ] Leaving safepoint region
[2022-06-13T02:10:31.659+0000][1][safepoint    ] Total time for which application threads were stopped: 0.0009105 seconds, Stopping threads took: 0.0004183 seconds
[2022-06-13T02:10:32.659+0000][1][safepoint    ] Application time: 1.0001970 seconds
[2022-06-13T02:10:32.660+0000][1][safepoint    ] Entering safepoint region: Cleanup
[2022-06-13T02:10:32.660+0000][1][safepoint    ] Leaving safepoint region
[2022-06-13T02:10:32.661+0000][1][safepoint    ] Total time for which application threads were stopped: 0.0007431 seconds, Stopping threads took: 0.0003430 seconds
[2022-06-13T02:10:33.661+0000][1][safepoint    ] Application time: 1.0001718 seconds
[2022-06-13T02:10:33.662+0000][1][safepoint    ] Entering safepoint region: Cleanup
[2022-06-13T02:10:33.662+0000][1][safepoint    ] Leaving safepoint region
[2022-06-13T02:10:33.663+0000][1][safepoint    ] Total time for which application threads were stopped: 0.0011048 seconds, Stopping threads took: 0.0005247 seconds
[2022-06-13T02:10:34.403+0000][1][safepoint    ] Application time: 0.7391701 seconds
[2022-06-13T02:10:34.403+0000][1][safepoint    ] Entering safepoint region: RevokeBias
[2022-06-13T02:10:34.403+0000][1][safepoint    ] Leaving safepoint region
[2022-06-13T02:10:34.403+0000][1][safepoint    ] Total time for which application threads were stopped: 0.0005016 seconds, Stopping threads took: 0.0002125 seconds
[2022-06-13T02:10:34.404+0000][1][safepoint    ] Application time: 0.0000866 seconds
[2022-06-13T02:10:34.404+0000][1][safepoint    ] Entering safepoint region: RevokeBias
[2022-06-13T02:10:34.404+0000][1][safepoint    ] Leaving safepoint region
[2022-06-13T02:10:34.404+0000][1][safepoint    ] Total time for which application threads were stopped: 0.0002552 seconds, Stopping threads took: 0.0001064 seconds
[2022-06-13T02:10:34.405+0000][1][safepoint    ] Application time: 0.0006138 seconds
[2022-06-13T02:10:34.408+0000][1][safepoint    ] Entering safepoint region: RevokeBias
[2022-06-13T02:10:34.408+0000][1][safepoint    ] Leaving safepoint region
[2022-06-13T02:10:34.408+0000][1][safepoint    ] Total time for which application threads were stopped: 0.0004585 seconds, Stopping threads took: 0.0002182 seconds
[2022-06-13T02:10:34.408+0000][1][safepoint    ] Application time: 0.0002285 seconds
[2022-06-13T02:10:34.409+0000][1][safepoint    ] Entering safepoint region: RevokeBias
[2022-06-13T02:10:34.409+0000][1][safepoint    ] Leaving safepoint region
[2022-06-13T02:10:34.409+0000][1][safepoint    ] Total time for which application threads were stopped: 0.0003269 seconds, Stopping threads took: 0.0001744 seconds
[2022-06-13T02:10:34.409+0000][1][safepoint    ] Application time: 0.0004730 seconds
[2022-06-13T02:10:34.410+0000][1][safepoint    ] Entering safepoint region: RevokeBias
[2022-06-13T02:10:34.410+0000][1][safepoint    ] Leaving safepoint region
[2022-06-13T02:10:34.410+0000][1][safepoint    ] Total time for which application threads were stopped: 0.0004079 seconds, Stopping threads took: 0.0001821 seconds
[2022-06-13T02:10:34.411+0000][1][safepoint    ] Application time: 0.0004913 seconds
[2022-06-13T02:10:34.411+0000][1][safepoint    ] Entering safepoint region: RevokeBias
[2022-06-13T02:10:34.411+0000][1][safepoint    ] Leaving safepoint region
[2022-06-13T02:10:34.411+0000][1][safepoint    ] Total time for which application threads were stopped: 0.0002485 seconds, Stopping threads took: 0.0001002 seconds
[2022-06-13T02:10:34.412+0000][1][safepoint    ] Application time: 0.0003947 seconds
[2022-06-13T02:10:34.412+0000][1][safepoint    ] Entering safepoint region: RevokeBias
[2022-06-13T02:10:34.412+0000][1][safepoint    ] Leaving safepoint region
[2022-06-13T02:10:34.412+0000][1][safepoint    ] Total time for which application threads were stopped: 0.0007054 seconds, Stopping threads took: 0.0003608 seconds
[2022-06-13T02:10:34.413+0000][1][safepoint    ] Application time: 0.0000899 seconds
[2022-06-13T02:10:34.413+0000][1][safepoint    ] Entering safepoint region: RevokeBias
[2022-06-13T02:10:34.414+0000][1][safepoint    ] Leaving safepoint region
[2022-06-13T02:10:34.414+0000][1][safepoint    ] Total time for which application threads were stopped: 0.0011011 seconds, Stopping threads took: 0.0003272 seconds
[2022-06-13T02:10:34.415+0000][1][safepoint    ] Application time: 0.0007049 seconds
[2022-06-13T02:10:34.415+0000][1][safepoint    ] Entering safepoint region: RevokeBias
[2022-06-13T02:10:34.416+0000][1][safepoint    ] Leaving safepoint region
[2022-06-13T02:10:34.416+0000][1][safepoint    ] Total time for which application threads were stopped: 0.0004179 seconds, Stopping threads took: 0.0002294 seconds
[2022-06-13T02:10:34.416+0000][1][safepoint    ] Application time: 0.0004401 seconds
[2022-06-13T02:10:34.417+0000][1][safepoint    ] Entering safepoint region: RevokeBias
[2022-06-13T02:10:34.417+0000][1][safepoint    ] Leaving safepoint region
[2022-06-13T02:10:34.417+0000][1][safepoint    ] Total time for which application threads were stopped: 0.0005982 seconds, Stopping threads took: 0.0002987 seconds
[2022-06-13T02:10:34.418+0000][1][safepoint    ] Application time: 0.0001921 seconds
[2022-06-13T02:10:34.418+0000][1][safepoint    ] Entering safepoint region: RevokeBias
[2022-06-13T02:10:34.418+0000][1][safepoint    ] Leaving safepoint region
[2022-06-13T02:10:34.418+0000][1][safepoint    ] Total time for which application threads were stopped: 0.0003802 seconds, Stopping threads took: 0.0001826 seconds
[2022-06-13T02:10:34.419+0000][1][safepoint    ] Application time: 0.0005495 seconds
[2022-06-13T02:10:34.419+0000][1][safepoint    ] Entering safepoint region: RevokeBias
[2022-06-13T02:10:34.420+0000][1][safepoint    ] Leaving safepoint region
[2022-06-13T02:10:34.420+0000][1][safepoint    ] Total time for which application threads were stopped: 0.0004631 seconds, Stopping threads took: 0.0002759 seconds
[2022-06-13T02:10:34.420+0000][1][safepoint    ] Application time: 0.0001556 seconds
[2022-06-13T02:10:34.420+0000][1][safepoint    ] Entering safepoint region: RevokeBias
[2022-06-13T02:10:34.421+0000][1][safepoint    ] Leaving safepoint region
[2022-06-13T02:10:34.421+0000][1][safepoint    ] Total time for which application threads were stopped: 0.0005918 seconds, Stopping threads took: 0.0002998 seconds
[2022-06-13T02:10:34.421+0000][1][safepoint    ] Application time: 0.0002899 seconds
[2022-06-13T02:10:34.421+0000][1][safepoint    ] Entering safepoint region: RevokeBias
[2022-06-13T02:10:34.422+0000][1][safepoint    ] Leaving safepoint region
[2022-06-13T02:10:34.422+0000][1][safepoint    ] Total time for which application threads were stopped: 0.0004803 seconds, Stopping threads took: 0.0001719 seconds
[2022-06-13T02:10:34.422+0000][1][safepoint    ] Application time: 0.0001415 seconds
[2022-06-13T02:10:34.423+0000][1][safepoint    ] Entering safepoint region: RevokeBias
[2022-06-13T02:10:34.423+0000][1][safepoint    ] Leaving safepoint region
[2022-06-13T02:10:34.423+0000][1][safepoint    ] Total time for which application threads were stopped: 0.0006114 seconds, Stopping threads took: 0.0002248 seconds
[2022-06-13T02:10:34.424+0000][1][safepoint    ] Application time: 0.0003345 seconds
[2022-06-13T02:10:34.424+0000][1][safepoint    ] Entering safepoint region: RevokeBias
[2022-06-13T02:10:34.424+0000][1][safepoint    ] Leaving safepoint region
[2022-06-13T02:10:34.424+0000][1][safepoint    ] Total time for which application threads were stopped: 0.0005180 seconds, Stopping threads took: 0.0001954 seconds
[2022-06-13T02:10:34.425+0000][1][safepoint    ] Application time: 0.0006370 seconds
[2022-06-13T02:10:34.425+0000][1][safepoint    ] Entering safepoint region: RevokeBias
[2022-06-13T02:10:34.426+0000][1][safepoint    ] Leaving safepoint region
[2022-06-13T02:10:34.426+0000][1][safepoint    ] Total time for which application threads were stopped: 0.0003437 seconds, Stopping threads took: 0.0001714 seconds
[2022-06-13T02:10:34.426+0000][1][safepoint    ] Application time: 0.0005056 seconds
[2022-06-13T02:10:34.427+0000][1][safepoint    ] Entering safepoint region: RevokeBias
[2022-06-13T02:10:34.427+0000][1][safepoint    ] Leaving safepoint region
[2022-06-13T02:10:34.427+0000][1][safepoint    ] Total time for which application threads were stopped: 0.0008062 seconds, Stopping threads took: 0.0002376 seconds
[2022-06-13T02:10:34.428+0000][1][safepoint    ] Application time: 0.0002659 seconds
[2022-06-13T02:10:34.428+0000][1][safepoint    ] Entering safepoint region: RevokeBias
[2022-06-13T02:10:34.428+0000][1][safepoint    ] Leaving safepoint region
[2022-06-13T02:10:34.428+0000][1][safepoint    ] Total time for which application threads were stopped: 0.0004485 seconds, Stopping threads took: 0.0002014 seconds
[2022-06-13T02:10:34.429+0000][1][safepoint    ] Application time: 0.0002062 seconds
[2022-06-13T02:10:34.429+0000][1][safepoint    ] Entering safepoint region: RevokeBias
[2022-06-13T02:10:34.429+0000][1][safepoint    ] Leaving safepoint region
[2022-06-13T02:10:34.429+0000][1][safepoint    ] Total time for which application threads were stopped: 0.0004050 seconds, Stopping threads took: 0.0002165 seconds
[2022-06-13T02:10:34.430+0000][1][safepoint    ] Application time: 0.0002659 seconds
[2022-06-13T02:10:34.430+0000][1][safepoint    ] Entering safepoint region: RevokeBias
[2022-06-13T02:10:34.430+0000][1][safepoint    ] Leaving safepoint region
[2022-06-13T02:10:34.431+0000][1][safepoint    ] Total time for which application threads were stopped: 0.0006065 seconds, Stopping threads took: 0.0002358 seconds
[2022-06-13T02:10:34.431+0000][1][safepoint    ] Application time: 0.0001595 seconds
[2022-06-13T02:10:34.431+0000][1][safepoint    ] Entering safepoint region: RevokeBias
[2022-06-13T02:10:34.431+0000][1][safepoint    ] Leaving safepoint region
[2022-06-13T02:10:34.432+0000][1][safepoint    ] Total time for which application threads were stopped: 0.0004287 seconds, Stopping threads took: 0.0002126 seconds
[2022-06-13T02:10:34.432+0000][1][safepoint    ] Application time: 0.0001767 seconds
[2022-06-13T02:10:34.432+0000][1][safepoint    ] Entering safepoint region: RevokeBias
[2022-06-13T02:10:34.433+0000][1][safepoint    ] Leaving safepoint region
[2022-06-13T02:10:34.433+0000][1][safepoint    ] Total time for which application threads were stopped: 0.0006828 seconds, Stopping threads took: 0.0002708 seconds
[2022-06-13T02:10:34.433+0000][1][safepoint    ] Application time: 0.0001218 seconds
[2022-06-13T02:10:34.433+0000][1][safepoint    ] Entering safepoint region: RevokeBias
[2022-06-13T02:10:34.433+0000][1][safepoint    ] Leaving safepoint region
[2022-06-13T02:10:34.434+0000][1][safepoint    ] Total time for which application threads were stopped: 0.0003967 seconds, Stopping threads took: 0.0002219 seconds
[2022-06-13T02:10:34.434+0000][1][safepoint    ] Application time: 0.0005080 seconds
[2022-06-13T02:10:34.434+0000][1][safepoint    ] Entering safepoint region: RevokeBias
[2022-06-13T02:10:34.435+0000][1][safepoint    ] Leaving safepoint region
[2022-06-13T02:10:34.435+0000][1][safepoint    ] Total time for which application threads were stopped: 0.0003684 seconds, Stopping threads took: 0.0001858 seconds
[2022-06-13T02:10:34.435+0000][1][safepoint    ] Application time: 0.0001264 seconds
[2022-06-13T02:10:34.435+0000][1][safepoint    ] Entering safepoint region: RevokeBias
[2022-06-13T02:10:34.435+0000][1][safepoint    ] Leaving safepoint region
[2022-06-13T02:10:34.435+0000][1][safepoint    ] Total time for which application threads were stopped: 0.0003859 seconds, Stopping threads took: 0.0002177 seconds
[2022-06-13T02:10:34.436+0000][1][safepoint    ] Application time: 0.0003125 seconds
[2022-06-13T02:10:34.436+0000][1][safepoint    ] Entering safepoint region: RevokeBias
[2022-06-13T02:10:34.436+0000][1][safepoint    ] Leaving safepoint region
[2022-06-13T02:10:34.436+0000][1][safepoint    ] Total time for which application threads were stopped: 0.0004079 seconds, Stopping threads took: 0.0002190 seconds
[2022-06-13T02:10:34.437+0000][1][safepoint    ] Application time: 0.0000720 seconds
[2022-06-13T02:10:34.437+0000][1][safepoint    ] Entering safepoint region: RevokeBias
[2022-06-13T02:10:34.437+0000][1][safepoint    ] Leaving safepoint region
[2022-06-13T02:10:34.437+0000][1][safepoint    ] Total time for which application threads were stopped: 0.0003524 seconds, Stopping threads took: 0.0001976 seconds
[2022-06-13T02:10:34.438+0000][1][safepoint    ] Application time: 0.0001732 seconds
[2022-06-13T02:10:34.438+0000][1][safepoint    ] Entering safepoint region: RevokeBias
[2022-06-13T02:10:34.438+0000][1][safepoint    ] Leaving safepoint region
[2022-06-13T02:10:34.438+0000][1][safepoint    ] Total time for which application threads were stopped: 0.0003233 seconds, Stopping threads took: 0.0001426 seconds
[2022-06-13T02:10:34.438+0000][1][safepoint    ] Application time: 0.0001149 seconds
[2022-06-13T02:10:34.439+0000][1][safepoint    ] Entering safepoint region: RevokeBias
[2022-06-13T02:10:34.439+0000][1][safepoint    ] Leaving safepoint region
[2022-06-13T02:10:34.439+0000][1][safepoint    ] Total time for which application threads were stopped: 0.0003579 seconds, Stopping threads took: 0.0001807 seconds
[2022-06-13T02:10:34.440+0000][1][safepoint    ] Application time: 0.0004419 seconds
[2022-06-13T02:10:34.440+0000][1][safepoint    ] Entering safepoint region: RevokeBias
[2022-06-13T02:10:34.440+0000][1][safepoint    ] Leaving safepoint region
[2022-06-13T02:10:34.440+0000][1][safepoint    ] Total time for which application threads were stopped: 0.0003470 seconds, Stopping threads took: 0.0002026 seconds
[2022-06-13T02:10:34.441+0000][1][safepoint    ] Application time: 0.0009419 seconds
[2022-06-13T02:10:34.441+0000][1][safepoint    ] Entering safepoint region: RevokeBias
[2022-06-13T02:10:34.442+0000][1][safepoint    ] Leaving safepoint region
[2022-06-13T02:10:34.442+0000][1][safepoint    ] Total time for which application threads were stopped: 0.0004610 seconds, Stopping threads took: 0.0002665 seconds
[2022-06-13T02:10:34.443+0000][1][safepoint    ] Application time: 0.0009616 seconds
[2022-06-13T02:10:34.443+0000][1][safepoint    ] Entering safepoint region: RevokeBias
[2022-06-13T02:10:34.443+0000][1][safepoint    ] Leaving safepoint region
[2022-06-13T02:10:34.443+0000][1][safepoint    ] Total time for which application threads were stopped: 0.0003249 seconds, Stopping threads took: 0.0001680 seconds
[2022-06-13T02:10:34.444+0000][1][safepoint    ] Application time: 0.0002081 seconds
[2022-06-13T02:10:34.444+0000][1][safepoint    ] Entering safepoint region: RevokeBias
[2022-06-13T02:10:34.444+0000][1][safepoint    ] Leaving safepoint region
[2022-06-13T02:10:34.444+0000][1][safepoint    ] Total time for which application threads were stopped: 0.0004179 seconds, Stopping threads took: 0.0002350 seconds
[2022-06-13T02:10:34.445+0000][1][safepoint    ] Application time: 0.0002260 seconds
[2022-06-13T02:10:34.445+0000][1][safepoint    ] Entering safepoint region: RevokeBias
[2022-06-13T02:10:34.445+0000][1][safepoint    ] Leaving safepoint region
[2022-06-13T02:10:34.445+0000][1][safepoint    ] Total time for which application threads were stopped: 0.0004218 seconds, Stopping threads took: 0.0001815 seconds
[2022-06-13T02:10:34.446+0000][1][safepoint    ] Application time: 0.0002029 seconds
[2022-06-13T02:10:34.446+0000][1][safepoint    ] Entering safepoint region: RevokeBias
[2022-06-13T02:10:34.446+0000][1][safepoint    ] Leaving safepoint region
[2022-06-13T02:10:34.446+0000][1][safepoint    ] Total time for which application threads were stopped: 0.0003961 seconds, Stopping threads took: 0.0002384 seconds
[2022-06-13T02:10:34.447+0000][1][safepoint    ] Application time: 0.0002096 seconds
[2022-06-13T02:10:34.447+0000][1][safepoint    ] Entering safepoint region: RevokeBias
[2022-06-13T02:10:34.447+0000][1][gc,start     ] GC(23) Pause Young (Allocation Failure)
[2022-06-13T02:10:34.447+0000][1][gc,task      ] GC(23) Using 6 workers of 13 for evacuation
[2022-06-13T02:10:34.451+0000][1][gc,age       ] GC(23) Desired survivor size 4456448 bytes, new threshold 6 (max threshold 6)
[2022-06-13T02:10:34.452+0000][1][gc,age       ] GC(23) Age table with threshold 6 (max threshold 6)
[2022-06-13T02:10:34.452+0000][1][gc,age       ] GC(23) - age   1:      78456 bytes,      78456 total
[2022-06-13T02:10:34.452+0000][1][gc,age       ] GC(23) - age   2:     435640 bytes,     514096 total
[2022-06-13T02:10:34.452+0000][1][gc,heap      ] GC(23) ParNew: 76020K->4679K(78656K)
[2022-06-13T02:10:34.452+0000][1][gc,heap      ] GC(23) CMS: 64044K->68027K(174784K)
[2022-06-13T02:10:34.452+0000][1][gc,metaspace ] GC(23) Metaspace: 63978K->63978K(1107968K)
[2022-06-13T02:10:34.452+0000][1][gc           ] GC(23) Pause Young (Allocation Failure) 136M->71M(247M) 5.190ms
[2022-06-13T02:10:34.452+0000][1][gc,cpu       ] GC(23) User=0.02s Sys=0.00s Real=0.01s
[2022-06-13T02:10:34.453+0000][1][safepoint    ] Leaving safepoint region
[2022-06-13T02:10:34.453+0000][1][safepoint    ] Total time for which application threads were stopped: 0.0059925 seconds, Stopping threads took: 0.0002010 seconds
[2022-06-13T02:10:34.455+0000][1][safepoint    ] Application time: 0.0022602 seconds
[2022-06-13T02:10:34.455+0000][1][safepoint    ] Entering safepoint region: RevokeBias
[2022-06-13T02:10:34.456+0000][1][safepoint    ] Leaving safepoint region
[2022-06-13T02:10:34.456+0000][1][safepoint    ] Total time for which application threads were stopped: 0.0003523 seconds, Stopping threads took: 0.0001528 seconds
[2022-06-13T02:10:34.456+0000][1][safepoint    ] Application time: 0.0003691 seconds
[2022-06-13T02:10:34.456+0000][1][safepoint    ] Entering safepoint region: RevokeBias
[2022-06-13T02:10:34.457+0000][1][safepoint    ] Leaving safepoint region
[2022-06-13T02:10:34.457+0000][1][safepoint    ] Total time for which application threads were stopped: 0.0004384 seconds, Stopping threads took: 0.0002963 seconds
[2022-06-13T02:10:34.457+0000][1][safepoint    ] Application time: 0.0004075 seconds
[2022-06-13T02:10:34.457+0000][1][safepoint    ] Entering safepoint region: RevokeBias
[2022-06-13T02:10:34.458+0000][1][safepoint    ] Leaving safepoint region
[2022-06-13T02:10:34.458+0000][1][safepoint    ] Total time for which application threads were stopped: 0.0002589 seconds, Stopping threads took: 0.0001509 seconds
[2022-06-13T02:10:34.458+0000][1][safepoint    ] Application time: 0.0001186 seconds
[2022-06-13T02:10:34.458+0000][1][safepoint    ] Entering safepoint region: RevokeBias
[2022-06-13T02:10:34.458+0000][1][safepoint    ] Leaving safepoint region
[2022-06-13T02:10:34.458+0000][1][safepoint    ] Total time for which application threads were stopped: 0.0002149 seconds, Stopping threads took: 0.0000867 seconds
[2022-06-13T02:10:34.458+0000][1][safepoint    ] Application time: 0.0001054 seconds
[2022-06-13T02:10:34.458+0000][1][safepoint    ] Entering safepoint region: RevokeBias
[2022-06-13T02:10:34.459+0000][1][safepoint    ] Leaving safepoint region
[2022-06-13T02:10:34.459+0000][1][safepoint    ] Total time for which application threads were stopped: 0.0002538 seconds, Stopping threads took: 0.0001322 seconds
[2022-06-13T02:10:34.459+0000][1][safepoint    ] Application time: 0.0000988 seconds
[2022-06-13T02:10:34.459+0000][1][safepoint    ] Entering safepoint region: BulkRevokeBias
[2022-06-13T02:10:34.459+0000][1][safepoint    ] Leaving safepoint region
[2022-06-13T02:10:34.459+0000][1][safepoint    ] Total time for which application threads were stopped: 0.0003390 seconds, Stopping threads took: 0.0001079 seconds
[2022-06-13T02:10:34.461+0000][1][safepoint    ] Application time: 0.0011642 seconds
[2022-06-13T02:10:34.461+0000][1][safepoint    ] Entering safepoint region: RevokeBias
[2022-06-13T02:10:34.461+0000][1][safepoint    ] Leaving safepoint region
[2022-06-13T02:10:34.461+0000][1][safepoint    ] Total time for which application threads were stopped: 0.0002432 seconds, Stopping threads took: 0.0001216 seconds
[2022-06-13T02:10:34.465+0000][1][safepoint    ] Application time: 0.0037713 seconds
[2022-06-13T02:10:34.465+0000][1][safepoint    ] Entering safepoint region: RevokeBias
[2022-06-13T02:10:34.465+0000][1][safepoint    ] Leaving safepoint region
[2022-06-13T02:10:34.465+0000][1][safepoint    ] Total time for which application threads were stopped: 0.0002691 seconds, Stopping threads took: 0.0001162 seconds
[2022-06-13T02:10:34.465+0000][1][safepoint    ] Application time: 0.0000953 seconds
[2022-06-13T02:10:34.466+0000][1][safepoint    ] Entering safepoint region: RevokeBias
[2022-06-13T02:10:34.466+0000][1][safepoint    ] Leaving safepoint region
[2022-06-13T02:10:34.466+0000][1][safepoint    ] Total time for which application threads were stopped: 0.0002530 seconds, Stopping threads took: 0.0001255 seconds
[2022-06-13T02:10:34.466+0000][1][safepoint    ] Application time: 0.0000672 seconds
[2022-06-13T02:10:34.466+0000][1][safepoint    ] Entering safepoint region: RevokeBias
[2022-06-13T02:10:34.466+0000][1][safepoint    ] Leaving safepoint region
[2022-06-13T02:10:34.466+0000][1][safepoint    ] Total time for which application threads were stopped: 0.0002131 seconds, Stopping threads took: 0.0000941 seconds
[2022-06-13T02:10:34.467+0000][1][safepoint    ] Application time: 0.0004763 seconds
[2022-06-13T02:10:34.467+0000][1][safepoint    ] Entering safepoint region: RevokeBias
[2022-06-13T02:10:34.467+0000][1][safepoint    ] Leaving safepoint region
[2022-06-13T02:10:34.467+0000][1][safepoint    ] Total time for which application threads were stopped: 0.0002361 seconds, Stopping threads took: 0.0001115 seconds
[2022-06-13T02:10:34.468+0000][1][safepoint    ] Application time: 0.0006152 seconds
[2022-06-13T02:10:34.468+0000][1][safepoint    ] Entering safepoint region: RevokeBias
[2022-06-13T02:10:34.468+0000][1][safepoint    ] Leaving safepoint region
[2022-06-13T02:10:34.468+0000][1][safepoint    ] Total time for which application threads were stopped: 0.0002459 seconds, Stopping threads took: 0.0001313 seconds
[2022-06-13T02:10:34.469+0000][1][safepoint    ] Application time: 0.0003142 seconds
[2022-06-13T02:10:34.469+0000][1][safepoint    ] Entering safepoint region: RevokeBias
[2022-06-13T02:10:34.469+0000][1][safepoint    ] Leaving safepoint region
[2022-06-13T02:10:34.469+0000][1][safepoint    ] Total time for which application threads were stopped: 0.0003869 seconds, Stopping threads took: 0.0002337 seconds
[2022-06-13T02:10:34.471+0000][1][safepoint    ] Application time: 0.0010156 seconds
[2022-06-13T02:10:34.471+0000][1][safepoint    ] Entering safepoint region: RevokeBias
[2022-06-13T02:10:34.471+0000][1][safepoint    ] Leaving safepoint region
[2022-06-13T02:10:34.471+0000][1][safepoint    ] Total time for which application threads were stopped: 0.0002468 seconds, Stopping threads took: 0.0001301 seconds
[2022-06-13T02:10:34.471+0000][1][safepoint    ] Application time: 0.0002698 seconds
[2022-06-13T02:10:34.471+0000][1][safepoint    ] Entering safepoint region: RevokeBias
[2022-06-13T02:10:34.472+0000][1][safepoint    ] Leaving safepoint region
[2022-06-13T02:10:34.472+0000][1][safepoint    ] Total time for which application threads were stopped: 0.0002798 seconds, Stopping threads took: 0.0001466 seconds
[2022-06-13T02:10:34.472+0000][1][safepoint    ] Application time: 0.0001124 seconds
[2022-06-13T02:10:34.472+0000][1][safepoint    ] Entering safepoint region: RevokeBias
[2022-06-13T02:10:34.472+0000][1][safepoint    ] Leaving safepoint region
[2022-06-13T02:10:34.472+0000][1][safepoint    ] Total time for which application threads were stopped: 0.0002625 seconds, Stopping threads took: 0.0001035 seconds
[2022-06-13T02:10:34.473+0000][1][safepoint    ] Application time: 0.0003837 seconds
[2022-06-13T02:10:34.473+0000][1][safepoint    ] Entering safepoint region: RevokeBias
[2022-06-13T02:10:34.473+0000][1][safepoint    ] Leaving safepoint region
[2022-06-13T02:10:34.473+0000][1][safepoint    ] Total time for which application threads were stopped: 0.0002168 seconds, Stopping threads took: 0.0001180 seconds
[2022-06-13T02:10:34.474+0000][1][safepoint    ] Application time: 0.0009039 seconds
[2022-06-13T02:10:34.474+0000][1][safepoint    ] Entering safepoint region: RevokeBias
[2022-06-13T02:10:34.474+0000][1][safepoint    ] Leaving safepoint region
[2022-06-13T02:10:34.474+0000][1][safepoint    ] Total time for which application threads were stopped: 0.0002183 seconds, Stopping threads took: 0.0001105 seconds
[2022-06-13T02:10:34.475+0000][1][safepoint    ] Application time: 0.0002537 seconds
[2022-06-13T02:10:34.475+0000][1][safepoint    ] Entering safepoint region: RevokeBias
[2022-06-13T02:10:34.475+0000][1][safepoint    ] Leaving safepoint region
[2022-06-13T02:10:34.475+0000][1][safepoint    ] Total time for which application threads were stopped: 0.0002703 seconds, Stopping threads took: 0.0001169 seconds
[2022-06-13T02:10:34.477+0000][1][gc,heap,exit ] Heap
[2022-06-13T02:10:34.477+0000][1][gc,heap,exit ]  par new generation   total 78656K, used 11107K [0x00000000f0000000, 0x00000000f5550000, 0x00000000f5550000)
[2022-06-13T02:10:34.477+0000][1][gc,heap,exit ]   eden space 69952K,   9% used [0x00000000f0000000, 0x00000000f06472a8, 0x00000000f4450000)
[2022-06-13T02:10:34.477+0000][1][gc,heap,exit ]   from space 8704K,  53% used [0x00000000f4450000, 0x00000000f48e1c10, 0x00000000f4cd0000)
[2022-06-13T02:10:34.477+0000][1][gc,heap,exit ]   to   space 8704K,   0% used [0x00000000f4cd0000, 0x00000000f4cd0000, 0x00000000f5550000)
[2022-06-13T02:10:34.477+0000][1][gc,heap,exit ]  concurrent mark-sweep generation total 174784K, used 68027K [0x00000000f5550000, 0x0000000100000000, 0x0000000100000000)
[2022-06-13T02:10:34.477+0000][1][gc,heap,exit ]  Metaspace       used 64112K, capacity 68746K, committed 68836K, reserved 1107968K
[2022-06-13T02:10:34.477+0000][1][gc,heap,exit ]   class space    used 8604K, capacity 10566K, committed 10576K, reserved 1048576K
[2022-06-13T02:10:34.478+0000][1][safepoint    ] Application time: 0.0023071 seconds
[2022-06-13T02:10:34.478+0000][1][safepoint    ] Entering safepoint region: Exit
