[2022-06-13T01:32:13.396+0000][1][gc] Using Concurrent Mark Sweep
[2022-06-13T01:32:13.396+0000][1][gc,heap,coops] Heap address: 0x00000000f0000000, size: 256 MB, Compressed Oops mode: 32-bit
[2022-06-13T01:32:13.450+0000][1][safepoint    ] Entering safepoint region: EnableBiasedLocking
[2022-06-13T01:32:13.450+0000][1][safepoint    ] Leaving safepoint region
[2022-06-13T01:32:13.451+0000][1][safepoint    ] Total time for which application threads were stopped: 0.0007477 seconds, Stopping threads took: 0.0003729 seconds
[2022-06-13T01:32:13.455+0000][1][safepoint    ] Application time: 0.0032916 seconds
[2022-06-13T01:32:13.455+0000][1][safepoint    ] Entering safepoint region: RevokeBias
[2022-06-13T01:32:13.491+0000][1][safepoint    ] Leaving safepoint region
[2022-06-13T01:32:13.491+0000][1][safepoint    ] Total time for which application threads were stopped: 0.0364049 seconds, Stopping threads took: 0.0359477 seconds
[2022-06-13T01:32:13.505+0000][1][safepoint    ] Application time: 0.0128202 seconds
[2022-06-13T01:32:13.505+0000][1][safepoint    ] Entering safepoint region: Deoptimize
[2022-06-13T01:32:13.505+0000][1][safepoint    ] Leaving safepoint region
[2022-06-13T01:32:13.505+0000][1][safepoint    ] Total time for which application threads were stopped: 0.0005816 seconds, Stopping threads took: 0.0002410 seconds
[2022-06-13T01:32:13.634+0000][1][safepoint    ] Application time: 0.1278495 seconds
[2022-06-13T01:32:13.634+0000][1][safepoint    ] Entering safepoint region: RevokeBias
[2022-06-13T01:32:13.634+0000][1][safepoint    ] Leaving safepoint region
[2022-06-13T01:32:13.635+0000][1][safepoint    ] Total time for which application threads were stopped: 0.0005774 seconds, Stopping threads took: 0.0002456 seconds
[2022-06-13T01:32:13.680+0000][1][safepoint    ] Application time: 0.0451517 seconds
[2022-06-13T01:32:13.680+0000][1][safepoint    ] Entering safepoint region: Deoptimize
[2022-06-13T01:32:13.681+0000][1][safepoint    ] Leaving safepoint region
[2022-06-13T01:32:13.681+0000][1][safepoint    ] Total time for which application threads were stopped: 0.0005436 seconds, Stopping threads took: 0.0002476 seconds
[2022-06-13T01:32:14.110+0000][1][safepoint    ] Application time: 0.4290872 seconds
[2022-06-13T01:32:14.111+0000][1][safepoint    ] Entering safepoint region: Deoptimize
[2022-06-13T01:32:14.111+0000][1][safepoint    ] Leaving safepoint region
[2022-06-13T01:32:14.111+0000][1][safepoint    ] Total time for which application threads were stopped: 0.0006869 seconds, Stopping threads took: 0.0002299 seconds
[2022-06-13T01:32:14.135+0000][1][safepoint    ] Application time: 0.0232867 seconds
[2022-06-13T01:32:14.135+0000][1][safepoint    ] Entering safepoint region: Deoptimize
[2022-06-13T01:32:14.136+0000][1][safepoint    ] Leaving safepoint region
[2022-06-13T01:32:14.136+0000][1][safepoint    ] Total time for which application threads were stopped: 0.0008398 seconds, Stopping threads took: 0.0004214 seconds
[2022-06-13T01:32:14.215+0000][1][safepoint    ] Application time: 0.0785717 seconds
[2022-06-13T01:32:14.217+0000][1][safepoint    ] Entering safepoint region: Deoptimize
[2022-06-13T01:32:14.218+0000][1][safepoint    ] Leaving safepoint region
[2022-06-13T01:32:14.218+0000][1][safepoint    ] Total time for which application threads were stopped: 0.0027591 seconds, Stopping threads took: 0.0022222 seconds
[2022-06-13T01:32:14.241+0000][1][safepoint    ] Application time: 0.0220257 seconds
[2022-06-13T01:32:14.241+0000][1][safepoint    ] Entering safepoint region: Deoptimize
[2022-06-13T01:32:14.242+0000][1][safepoint    ] Leaving safepoint region
[2022-06-13T01:32:14.242+0000][1][safepoint    ] Total time for which application threads were stopped: 0.0007196 seconds, Stopping threads took: 0.0002959 seconds
[2022-06-13T01:32:14.884+0000][1][safepoint    ] Application time: 0.6422140 seconds
[2022-06-13T01:32:14.885+0000][1][safepoint    ] Entering safepoint region: Deoptimize
[2022-06-13T01:32:14.885+0000][1][safepoint    ] Leaving safepoint region
[2022-06-13T01:32:14.886+0000][1][safepoint    ] Total time for which application threads were stopped: 0.0011059 seconds, Stopping threads took: 0.0003052 seconds
[2022-06-13T01:32:15.236+0000][1][safepoint    ] Application time: 0.3493415 seconds
[2022-06-13T01:32:15.236+0000][1][safepoint    ] Entering safepoint region: RevokeBias
[2022-06-13T01:32:15.236+0000][1][safepoint    ] Leaving safepoint region
[2022-06-13T01:32:15.237+0000][1][safepoint    ] Total time for which application threads were stopped: 0.0006254 seconds, Stopping threads took: 0.0002409 seconds
[2022-06-13T01:32:15.385+0000][1][safepoint    ] Application time: 0.1484950 seconds
[2022-06-13T01:32:15.386+0000][1][safepoint    ] Entering safepoint region: Deoptimize
[2022-06-13T01:32:15.387+0000][1][safepoint    ] Leaving safepoint region
[2022-06-13T01:32:15.387+0000][1][safepoint    ] Total time for which application threads were stopped: 0.0009917 seconds, Stopping threads took: 0.0003300 seconds
[2022-06-13T01:32:15.547+0000][1][safepoint    ] Application time: 0.1598418 seconds
[2022-06-13T01:32:15.547+0000][1][safepoint    ] Entering safepoint region: Deoptimize
[2022-06-13T01:32:15.548+0000][1][safepoint    ] Leaving safepoint region
[2022-06-13T01:32:15.548+0000][1][safepoint    ] Total time for which application threads were stopped: 0.0010862 seconds, Stopping threads took: 0.0003017 seconds
[2022-06-13T01:32:15.549+0000][1][safepoint    ] Application time: 0.0002857 seconds
[2022-06-13T01:32:15.549+0000][1][safepoint    ] Entering safepoint region: Deoptimize
[2022-06-13T01:32:15.550+0000][1][safepoint    ] Leaving safepoint region
[2022-06-13T01:32:15.551+0000][1][safepoint    ] Total time for which application threads were stopped: 0.0015910 seconds, Stopping threads took: 0.0005331 seconds
[2022-06-13T01:32:15.607+0000][1][safepoint    ] Application time: 0.0558658 seconds
[2022-06-13T01:32:15.607+0000][1][safepoint    ] Entering safepoint region: Deoptimize
[2022-06-13T01:32:15.608+0000][1][safepoint    ] Leaving safepoint region
[2022-06-13T01:32:15.609+0000][1][safepoint    ] Total time for which application threads were stopped: 0.0011666 seconds, Stopping threads took: 0.0003220 seconds
[2022-06-13T01:32:15.621+0000][1][safepoint    ] Application time: 0.0121271 seconds
[2022-06-13T01:32:15.622+0000][1][safepoint    ] Entering safepoint region: RevokeBias
[2022-06-13T01:32:15.622+0000][1][safepoint    ] Leaving safepoint region
[2022-06-13T01:32:15.623+0000][1][safepoint    ] Total time for which application threads were stopped: 0.0013553 seconds, Stopping threads took: 0.0009912 seconds
[2022-06-13T01:32:15.623+0000][1][safepoint    ] Application time: 0.0005056 seconds
[2022-06-13T01:32:15.624+0000][1][safepoint    ] Entering safepoint region: RevokeBias
[2022-06-13T01:32:15.624+0000][1][safepoint    ] Leaving safepoint region
[2022-06-13T01:32:15.625+0000][1][safepoint    ] Total time for which application threads were stopped: 0.0007921 seconds, Stopping threads took: 0.0004677 seconds
[2022-06-13T01:32:15.625+0000][1][safepoint    ] Application time: 0.0001114 seconds
[2022-06-13T01:32:15.625+0000][1][safepoint    ] Entering safepoint region: RevokeBias
[2022-06-13T01:32:15.626+0000][1][safepoint    ] Leaving safepoint region
[2022-06-13T01:32:15.626+0000][1][safepoint    ] Total time for which application threads were stopped: 0.0005969 seconds, Stopping threads took: 0.0003360 seconds
[2022-06-13T01:32:15.627+0000][1][safepoint    ] Application time: 0.0002996 seconds
[2022-06-13T01:32:15.627+0000][1][safepoint    ] Entering safepoint region: RevokeBias
[2022-06-13T01:32:15.628+0000][1][safepoint    ] Leaving safepoint region
[2022-06-13T01:32:15.628+0000][1][safepoint    ] Total time for which application threads were stopped: 0.0011466 seconds, Stopping threads took: 0.0007543 seconds
[2022-06-13T01:32:15.629+0000][1][safepoint    ] Application time: 0.0007760 seconds
[2022-06-13T01:32:15.630+0000][1][safepoint    ] Entering safepoint region: RevokeBias
[2022-06-13T01:32:15.630+0000][1][safepoint    ] Leaving safepoint region
[2022-06-13T01:32:15.630+0000][1][safepoint    ] Total time for which application threads were stopped: 0.0007178 seconds, Stopping threads took: 0.0003124 seconds
[2022-06-13T01:32:15.765+0000][1][safepoint    ] Application time: 0.1341131 seconds
[2022-06-13T01:32:15.765+0000][1][safepoint    ] Entering safepoint region: GenCollectForAllocation
[2022-06-13T01:32:15.766+0000][1][gc,start     ] GC(0) Pause Young (Allocation Failure)
[2022-06-13T01:32:15.767+0000][1][gc,task      ] GC(0) Using 5 workers of 13 for evacuation
[2022-06-13T01:32:15.777+0000][1][gc,age       ] GC(0) Desired survivor size 4456448 bytes, new threshold 1 (max threshold 6)
[2022-06-13T01:32:15.778+0000][1][gc,age       ] GC(0) Age table with threshold 1 (max threshold 6)
[2022-06-13T01:32:15.778+0000][1][gc,age       ] GC(0) - age   1:    8149488 bytes,    8149488 total
[2022-06-13T01:32:15.778+0000][1][gc,heap      ] GC(0) ParNew: 69952K->8067K(78656K)
[2022-06-13T01:32:15.779+0000][1][gc,heap      ] GC(0) CMS: 0K->0K(174784K)
[2022-06-13T01:32:15.779+0000][1][gc,metaspace ] GC(0) Metaspace: 12366K->12366K(1060864K)
[2022-06-13T01:32:15.779+0000][1][gc           ] GC(0) Pause Young (Allocation Failure) 68M->7M(247M) 13.683ms
[2022-06-13T01:32:15.780+0000][1][gc,cpu       ] GC(0) User=0.07s Sys=0.01s Real=0.02s
[2022-06-13T01:32:15.781+0000][1][safepoint    ] Leaving safepoint region
[2022-06-13T01:32:15.781+0000][1][safepoint    ] Total time for which application threads were stopped: 0.0160713 seconds, Stopping threads took: 0.0004353 seconds
[2022-06-13T01:32:15.782+0000][1][safepoint    ] Application time: 0.0004379 seconds
[2022-06-13T01:32:15.783+0000][1][safepoint    ] Entering safepoint region: RevokeBias
[2022-06-13T01:32:15.783+0000][1][safepoint    ] Leaving safepoint region
[2022-06-13T01:32:15.783+0000][1][safepoint    ] Total time for which application threads were stopped: 0.0009352 seconds, Stopping threads took: 0.0004415 seconds
[2022-06-13T01:32:15.784+0000][1][safepoint    ] Application time: 0.0001806 seconds
[2022-06-13T01:32:15.788+0000][1][safepoint    ] Entering safepoint region: RevokeBias
[2022-06-13T01:32:15.788+0000][1][safepoint    ] Leaving safepoint region
[2022-06-13T01:32:15.788+0000][1][safepoint    ] Total time for which application threads were stopped: 0.0006487 seconds, Stopping threads took: 0.0003222 seconds
[2022-06-13T01:32:15.789+0000][1][safepoint    ] Application time: 0.0002197 seconds
[2022-06-13T01:32:15.789+0000][1][safepoint    ] Entering safepoint region: RevokeBias
[2022-06-13T01:32:15.790+0000][1][safepoint    ] Leaving safepoint region
[2022-06-13T01:32:15.790+0000][1][safepoint    ] Total time for which application threads were stopped: 0.0007682 seconds, Stopping threads took: 0.0004062 seconds
[2022-06-13T01:32:15.790+0000][1][safepoint    ] Application time: 0.0001904 seconds
[2022-06-13T01:32:15.791+0000][1][safepoint    ] Entering safepoint region: RevokeBias
[2022-06-13T01:32:15.792+0000][1][safepoint    ] Leaving safepoint region
[2022-06-13T01:32:15.792+0000][1][safepoint    ] Total time for which application threads were stopped: 0.0013405 seconds, Stopping threads took: 0.0006668 seconds
[2022-06-13T01:32:15.793+0000][1][safepoint    ] Application time: 0.0002117 seconds
[2022-06-13T01:32:15.793+0000][1][safepoint    ] Entering safepoint region: RevokeBias
[2022-06-13T01:32:15.794+0000][1][safepoint    ] Leaving safepoint region
[2022-06-13T01:32:15.794+0000][1][safepoint    ] Total time for which application threads were stopped: 0.0011552 seconds, Stopping threads took: 0.0004115 seconds
[2022-06-13T01:32:15.795+0000][1][safepoint    ] Application time: 0.0003635 seconds
[2022-06-13T01:32:15.796+0000][1][safepoint    ] Entering safepoint region: RevokeBias
[2022-06-13T01:32:15.796+0000][1][safepoint    ] Leaving safepoint region
[2022-06-13T01:32:15.796+0000][1][safepoint    ] Total time for which application threads were stopped: 0.0007440 seconds, Stopping threads took: 0.0004157 seconds
[2022-06-13T01:32:15.797+0000][1][safepoint    ] Application time: 0.0002820 seconds
[2022-06-13T01:32:15.798+0000][1][safepoint    ] Entering safepoint region: RevokeBias
[2022-06-13T01:32:15.798+0000][1][safepoint    ] Leaving safepoint region
[2022-06-13T01:32:15.798+0000][1][safepoint    ] Total time for which application threads were stopped: 0.0007591 seconds, Stopping threads took: 0.0004542 seconds
[2022-06-13T01:32:15.799+0000][1][safepoint    ] Application time: 0.0002751 seconds
[2022-06-13T01:32:15.799+0000][1][safepoint    ] Entering safepoint region: RevokeBias
[2022-06-13T01:32:15.800+0000][1][safepoint    ] Leaving safepoint region
[2022-06-13T01:32:15.800+0000][1][safepoint    ] Total time for which application threads were stopped: 0.0007391 seconds, Stopping threads took: 0.0004581 seconds
[2022-06-13T01:32:15.801+0000][1][safepoint    ] Application time: 0.0002484 seconds
[2022-06-13T01:32:15.801+0000][1][safepoint    ] Entering safepoint region: RevokeBias
[2022-06-13T01:32:15.801+0000][1][safepoint    ] Leaving safepoint region
[2022-06-13T01:32:15.802+0000][1][safepoint    ] Total time for which application threads were stopped: 0.0006821 seconds, Stopping threads took: 0.0003128 seconds
[2022-06-13T01:32:15.803+0000][1][safepoint    ] Application time: 0.0004738 seconds
[2022-06-13T01:32:15.803+0000][1][safepoint    ] Entering safepoint region: RevokeBias
[2022-06-13T01:32:15.804+0000][1][safepoint    ] Leaving safepoint region
[2022-06-13T01:32:15.804+0000][1][safepoint    ] Total time for which application threads were stopped: 0.0008063 seconds, Stopping threads took: 0.0003969 seconds
[2022-06-13T01:32:15.805+0000][1][safepoint    ] Application time: 0.0001746 seconds
[2022-06-13T01:32:15.806+0000][1][safepoint    ] Entering safepoint region: RevokeBias
[2022-06-13T01:32:15.806+0000][1][safepoint    ] Leaving safepoint region
[2022-06-13T01:32:15.806+0000][1][safepoint    ] Total time for which application threads were stopped: 0.0015545 seconds, Stopping threads took: 0.0011359 seconds
[2022-06-13T01:32:15.807+0000][1][safepoint    ] Application time: 0.0002841 seconds
[2022-06-13T01:32:15.808+0000][1][safepoint    ] Entering safepoint region: RevokeBias
[2022-06-13T01:32:15.808+0000][1][safepoint    ] Leaving safepoint region
[2022-06-13T01:32:15.809+0000][1][safepoint    ] Total time for which application threads were stopped: 0.0014348 seconds, Stopping threads took: 0.0006673 seconds
[2022-06-13T01:32:15.810+0000][1][safepoint    ] Application time: 0.0001838 seconds
[2022-06-13T01:32:15.811+0000][1][safepoint    ] Entering safepoint region: RevokeBias
[2022-06-13T01:32:15.811+0000][1][safepoint    ] Leaving safepoint region
[2022-06-13T01:32:15.812+0000][1][safepoint    ] Total time for which application threads were stopped: 0.0012049 seconds, Stopping threads took: 0.0006202 seconds
[2022-06-13T01:32:15.813+0000][1][safepoint    ] Application time: 0.0003371 seconds
[2022-06-13T01:32:15.813+0000][1][safepoint    ] Entering safepoint region: RevokeBias
[2022-06-13T01:32:15.813+0000][1][safepoint    ] Leaving safepoint region
[2022-06-13T01:32:15.814+0000][1][safepoint    ] Total time for which application threads were stopped: 0.0007313 seconds, Stopping threads took: 0.0004194 seconds
[2022-06-13T01:32:15.814+0000][1][safepoint    ] Application time: 0.0001900 seconds
[2022-06-13T01:32:15.815+0000][1][safepoint    ] Entering safepoint region: RevokeBias
[2022-06-13T01:32:15.815+0000][1][safepoint    ] Leaving safepoint region
[2022-06-13T01:32:15.815+0000][1][safepoint    ] Total time for which application threads were stopped: 0.0007790 seconds, Stopping threads took: 0.0004357 seconds
[2022-06-13T01:32:15.816+0000][1][safepoint    ] Application time: 0.0002427 seconds
[2022-06-13T01:32:15.816+0000][1][safepoint    ] Entering safepoint region: RevokeBias
[2022-06-13T01:32:15.817+0000][1][safepoint    ] Leaving safepoint region
[2022-06-13T01:32:15.817+0000][1][safepoint    ] Total time for which application threads were stopped: 0.0008412 seconds, Stopping threads took: 0.0003980 seconds
[2022-06-13T01:32:15.819+0000][1][safepoint    ] Application time: 0.0013316 seconds
[2022-06-13T01:32:15.819+0000][1][safepoint    ] Entering safepoint region: RevokeBias
[2022-06-13T01:32:15.820+0000][1][safepoint    ] Leaving safepoint region
[2022-06-13T01:32:15.820+0000][1][safepoint    ] Total time for which application threads were stopped: 0.0012134 seconds, Stopping threads took: 0.0007555 seconds
[2022-06-13T01:32:15.821+0000][1][safepoint    ] Application time: 0.0002139 seconds
[2022-06-13T01:32:15.821+0000][1][safepoint    ] Entering safepoint region: RevokeBias
[2022-06-13T01:32:15.822+0000][1][safepoint    ] Leaving safepoint region
[2022-06-13T01:32:15.822+0000][1][safepoint    ] Total time for which application threads were stopped: 0.0010488 seconds, Stopping threads took: 0.0007100 seconds
[2022-06-13T01:32:15.823+0000][1][safepoint    ] Application time: 0.0001954 seconds
[2022-06-13T01:32:15.823+0000][1][safepoint    ] Entering safepoint region: RevokeBias
[2022-06-13T01:32:15.824+0000][1][safepoint    ] Leaving safepoint region
[2022-06-13T01:32:15.824+0000][1][safepoint    ] Total time for which application threads were stopped: 0.0014010 seconds, Stopping threads took: 0.0010217 seconds
[2022-06-13T01:32:15.826+0000][1][safepoint    ] Application time: 0.0003782 seconds
[2022-06-13T01:32:15.826+0000][1][safepoint    ] Entering safepoint region: RevokeBias
[2022-06-13T01:32:15.826+0000][1][safepoint    ] Leaving safepoint region
[2022-06-13T01:32:15.828+0000][1][safepoint    ] Total time for which application threads were stopped: 0.0018195 seconds, Stopping threads took: 0.0003871 seconds
[2022-06-13T01:32:15.829+0000][1][safepoint    ] Application time: 0.0004646 seconds
[2022-06-13T01:32:15.830+0000][1][safepoint    ] Entering safepoint region: RevokeBias
[2022-06-13T01:32:15.830+0000][1][safepoint    ] Leaving safepoint region
[2022-06-13T01:32:15.831+0000][1][safepoint    ] Total time for which application threads were stopped: 0.0013307 seconds, Stopping threads took: 0.0009424 seconds
[2022-06-13T01:32:15.831+0000][1][safepoint    ] Application time: 0.0002538 seconds
[2022-06-13T01:32:15.832+0000][1][safepoint    ] Entering safepoint region: RevokeBias
[2022-06-13T01:32:15.833+0000][1][safepoint    ] Leaving safepoint region
[2022-06-13T01:32:15.833+0000][1][safepoint    ] Total time for which application threads were stopped: 0.0015808 seconds, Stopping threads took: 0.0012009 seconds
[2022-06-13T01:32:15.834+0000][1][safepoint    ] Application time: 0.0000781 seconds
[2022-06-13T01:32:15.834+0000][1][safepoint    ] Entering safepoint region: RevokeBias
[2022-06-13T01:32:15.834+0000][1][safepoint    ] Leaving safepoint region
[2022-06-13T01:32:15.835+0000][1][safepoint    ] Total time for which application threads were stopped: 0.0008319 seconds, Stopping threads took: 0.0004621 seconds
[2022-06-13T01:32:15.835+0000][1][safepoint    ] Application time: 0.0002215 seconds
[2022-06-13T01:32:15.836+0000][1][safepoint    ] Entering safepoint region: RevokeBias
[2022-06-13T01:32:15.836+0000][1][safepoint    ] Leaving safepoint region
[2022-06-13T01:32:15.836+0000][1][safepoint    ] Total time for which application threads were stopped: 0.0006307 seconds, Stopping threads took: 0.0002597 seconds
[2022-06-13T01:32:15.837+0000][1][safepoint    ] Application time: 0.0003749 seconds
[2022-06-13T01:32:15.838+0000][1][safepoint    ] Entering safepoint region: RevokeBias
[2022-06-13T01:32:15.838+0000][1][safepoint    ] Leaving safepoint region
[2022-06-13T01:32:15.838+0000][1][safepoint    ] Total time for which application threads were stopped: 0.0006005 seconds, Stopping threads took: 0.0003228 seconds
[2022-06-13T01:32:15.839+0000][1][safepoint    ] Application time: 0.0002210 seconds
[2022-06-13T01:32:15.839+0000][1][safepoint    ] Entering safepoint region: RevokeBias
[2022-06-13T01:32:15.839+0000][1][safepoint    ] Leaving safepoint region
[2022-06-13T01:32:15.840+0000][1][safepoint    ] Total time for which application threads were stopped: 0.0008037 seconds, Stopping threads took: 0.0004267 seconds
[2022-06-13T01:32:15.840+0000][1][safepoint    ] Application time: 0.0001007 seconds
[2022-06-13T01:32:15.840+0000][1][safepoint    ] Entering safepoint region: RevokeBias
[2022-06-13T01:32:15.841+0000][1][safepoint    ] Leaving safepoint region
[2022-06-13T01:32:15.842+0000][1][safepoint    ] Total time for which application threads were stopped: 0.0013050 seconds, Stopping threads took: 0.0003448 seconds
[2022-06-13T01:32:16.387+0000][1][safepoint    ] Application time: 0.5446007 seconds
[2022-06-13T01:32:16.387+0000][1][safepoint    ] Entering safepoint region: Deoptimize
[2022-06-13T01:32:16.388+0000][1][safepoint    ] Leaving safepoint region
[2022-06-13T01:32:16.388+0000][1][safepoint    ] Total time for which application threads were stopped: 0.0013335 seconds, Stopping threads took: 0.0003337 seconds
[2022-06-13T01:32:16.733+0000][1][safepoint    ] Application time: 0.3438858 seconds
[2022-06-13T01:32:16.733+0000][1][safepoint    ] Entering safepoint region: RevokeBias
[2022-06-13T01:32:16.733+0000][1][safepoint    ] Leaving safepoint region
[2022-06-13T01:32:16.734+0000][1][safepoint    ] Total time for which application threads were stopped: 0.0009020 seconds, Stopping threads took: 0.0002583 seconds
[2022-06-13T01:32:16.961+0000][1][safepoint    ] Application time: 0.2268667 seconds
[2022-06-13T01:32:16.962+0000][1][safepoint    ] Entering safepoint region: RevokeBias
[2022-06-13T01:32:16.963+0000][1][safepoint    ] Leaving safepoint region
[2022-06-13T01:32:16.964+0000][1][safepoint    ] Total time for which application threads were stopped: 0.0018602 seconds, Stopping threads took: 0.0008960 seconds
[2022-06-13T01:32:16.972+0000][1][safepoint    ] Application time: 0.0079693 seconds
[2022-06-13T01:32:16.989+0000][1][safepoint    ] Entering safepoint region: RevokeBias
[2022-06-13T01:32:16.990+0000][1][safepoint    ] Leaving safepoint region
[2022-06-13T01:32:16.991+0000][1][safepoint    ] Total time for which application threads were stopped: 0.0015073 seconds, Stopping threads took: 0.0008759 seconds
[2022-06-13T01:32:17.057+0000][1][safepoint    ] Application time: 0.0652710 seconds
[2022-06-13T01:32:17.060+0000][1][safepoint    ] Entering safepoint region: GenCollectForAllocation
[2022-06-13T01:32:17.060+0000][1][gc,start     ] GC(1) Pause Young (Allocation Failure)
[2022-06-13T01:32:17.060+0000][1][gc,task      ] GC(1) Using 5 workers of 13 for evacuation
[2022-06-13T01:32:17.122+0000][1][gc,age       ] GC(1) Desired survivor size 4456448 bytes, new threshold 6 (max threshold 6)
[2022-06-13T01:32:17.122+0000][1][gc,age       ] GC(1) Age table with threshold 6 (max threshold 6)
[2022-06-13T01:32:17.123+0000][1][gc,age       ] GC(1) - age   1:    1960152 bytes,    1960152 total
[2022-06-13T01:32:17.123+0000][1][gc,heap      ] GC(1) ParNew: 78019K->6466K(78656K)
[2022-06-13T01:32:17.123+0000][1][gc,heap      ] GC(1) CMS: 0K->6706K(174784K)
[2022-06-13T01:32:17.126+0000][1][gc,metaspace ] GC(1) Metaspace: 14980K->14980K(1062912K)
[2022-06-13T01:32:17.127+0000][1][gc           ] GC(1) Pause Young (Allocation Failure) 76M->12M(247M) 66.877ms
[2022-06-13T01:32:17.127+0000][1][gc,cpu       ] GC(1) User=0.25s Sys=0.04s Real=0.07s
[2022-06-13T01:32:17.127+0000][1][safepoint    ] Leaving safepoint region
[2022-06-13T01:32:17.128+0000][1][safepoint    ] Total time for which application threads were stopped: 0.0683144 seconds, Stopping threads took: 0.0003241 seconds
[2022-06-13T01:32:17.136+0000][1][safepoint    ] Application time: 0.0075356 seconds
[2022-06-13T01:32:17.141+0000][1][safepoint    ] Entering safepoint region: BulkRevokeBias
[2022-06-13T01:32:17.142+0000][1][safepoint    ] Leaving safepoint region
[2022-06-13T01:32:17.142+0000][1][safepoint    ] Total time for which application threads were stopped: 0.0018414 seconds, Stopping threads took: 0.0013934 seconds
[2022-06-13T01:32:17.145+0000][1][safepoint    ] Application time: 0.0018660 seconds
[2022-06-13T01:32:17.145+0000][1][safepoint    ] Entering safepoint region: RevokeBias
[2022-06-13T01:32:17.146+0000][1][safepoint    ] Leaving safepoint region
[2022-06-13T01:32:17.147+0000][1][safepoint    ] Total time for which application threads were stopped: 0.0024107 seconds, Stopping threads took: 0.0008394 seconds
[2022-06-13T01:32:17.148+0000][1][safepoint    ] Application time: 0.0001134 seconds
[2022-06-13T01:32:17.149+0000][1][safepoint    ] Entering safepoint region: RevokeBias
[2022-06-13T01:32:17.149+0000][1][safepoint    ] Leaving safepoint region
[2022-06-13T01:32:17.150+0000][1][safepoint    ] Total time for which application threads were stopped: 0.0014739 seconds, Stopping threads took: 0.0011142 seconds
[2022-06-13T01:32:17.150+0000][1][safepoint    ] Application time: 0.0001595 seconds
[2022-06-13T01:32:17.151+0000][1][safepoint    ] Entering safepoint region: RevokeBias
[2022-06-13T01:32:17.151+0000][1][safepoint    ] Leaving safepoint region
[2022-06-13T01:32:17.152+0000][1][safepoint    ] Total time for which application threads were stopped: 0.0010024 seconds, Stopping threads took: 0.0004103 seconds
[2022-06-13T01:32:17.152+0000][1][safepoint    ] Application time: 0.0001055 seconds
[2022-06-13T01:32:17.152+0000][1][safepoint    ] Entering safepoint region: RevokeBias
[2022-06-13T01:32:17.153+0000][1][safepoint    ] Leaving safepoint region
[2022-06-13T01:32:17.153+0000][1][safepoint    ] Total time for which application threads were stopped: 0.0009232 seconds, Stopping threads took: 0.0005122 seconds
[2022-06-13T01:32:17.158+0000][1][safepoint    ] Application time: 0.0007103 seconds
[2022-06-13T01:32:17.158+0000][1][safepoint    ] Entering safepoint region: RevokeBias
[2022-06-13T01:32:17.159+0000][1][safepoint    ] Leaving safepoint region
[2022-06-13T01:32:17.159+0000][1][safepoint    ] Total time for which application threads were stopped: 0.0011802 seconds, Stopping threads took: 0.0004656 seconds
[2022-06-13T01:32:17.160+0000][1][safepoint    ] Application time: 0.0002632 seconds
[2022-06-13T01:32:17.160+0000][1][safepoint    ] Entering safepoint region: RevokeBias
[2022-06-13T01:32:17.161+0000][1][safepoint    ] Leaving safepoint region
[2022-06-13T01:32:17.161+0000][1][safepoint    ] Total time for which application threads were stopped: 0.0007126 seconds, Stopping threads took: 0.0003880 seconds
[2022-06-13T01:32:17.161+0000][1][safepoint    ] Application time: 0.0001581 seconds
[2022-06-13T01:32:17.162+0000][1][safepoint    ] Entering safepoint region: RevokeBias
[2022-06-13T01:32:17.162+0000][1][safepoint    ] Leaving safepoint region
[2022-06-13T01:32:17.162+0000][1][safepoint    ] Total time for which application threads were stopped: 0.0007139 seconds, Stopping threads took: 0.0003386 seconds
[2022-06-13T01:32:17.163+0000][1][safepoint    ] Application time: 0.0002086 seconds
[2022-06-13T01:32:17.163+0000][1][safepoint    ] Entering safepoint region: RevokeBias
[2022-06-13T01:32:17.164+0000][1][safepoint    ] Leaving safepoint region
[2022-06-13T01:32:17.164+0000][1][safepoint    ] Total time for which application threads were stopped: 0.0009228 seconds, Stopping threads took: 0.0004506 seconds
[2022-06-13T01:32:17.165+0000][1][safepoint    ] Application time: 0.0001788 seconds
[2022-06-13T01:32:17.165+0000][1][safepoint    ] Entering safepoint region: RevokeBias
[2022-06-13T01:32:17.165+0000][1][safepoint    ] Leaving safepoint region
[2022-06-13T01:32:17.166+0000][1][safepoint    ] Total time for which application threads were stopped: 0.0008391 seconds, Stopping threads took: 0.0003463 seconds
[2022-06-13T01:32:17.166+0000][1][safepoint    ] Application time: 0.0002093 seconds
[2022-06-13T01:32:17.167+0000][1][safepoint    ] Entering safepoint region: BulkRevokeBias
[2022-06-13T01:32:17.167+0000][1][safepoint    ] Leaving safepoint region
[2022-06-13T01:32:17.168+0000][1][safepoint    ] Total time for which application threads were stopped: 0.0017000 seconds, Stopping threads took: 0.0004473 seconds
[2022-06-13T01:32:17.169+0000][1][safepoint    ] Application time: 0.0001623 seconds
[2022-06-13T01:32:17.169+0000][1][safepoint    ] Entering safepoint region: RevokeBias
[2022-06-13T01:32:17.170+0000][1][safepoint    ] Leaving safepoint region
[2022-06-13T01:32:17.170+0000][1][safepoint    ] Total time for which application threads were stopped: 0.0006829 seconds, Stopping threads took: 0.0003972 seconds
[2022-06-13T01:32:17.170+0000][1][safepoint    ] Application time: 0.0001051 seconds
[2022-06-13T01:32:17.171+0000][1][safepoint    ] Entering safepoint region: BulkRevokeBias
[2022-06-13T01:32:17.171+0000][1][safepoint    ] Leaving safepoint region
[2022-06-13T01:32:17.172+0000][1][safepoint    ] Total time for which application threads were stopped: 0.0008137 seconds, Stopping threads took: 0.0003911 seconds
[2022-06-13T01:32:17.417+0000][1][safepoint    ] Application time: 0.2445759 seconds
[2022-06-13T01:32:17.418+0000][1][safepoint    ] Entering safepoint region: GenCollectForAllocation
[2022-06-13T01:32:17.419+0000][1][gc,start     ] GC(2) Pause Young (Allocation Failure)
[2022-06-13T01:32:17.419+0000][1][gc,task      ] GC(2) Using 5 workers of 13 for evacuation
[2022-06-13T01:32:17.429+0000][1][gc,age       ] GC(2) Desired survivor size 4456448 bytes, new threshold 6 (max threshold 6)
[2022-06-13T01:32:17.430+0000][1][gc,age       ] GC(2) Age table with threshold 6 (max threshold 6)
[2022-06-13T01:32:17.431+0000][1][gc,age       ] GC(2) - age   1:    2553680 bytes,    2553680 total
[2022-06-13T01:32:17.431+0000][1][gc,age       ] GC(2) - age   2:    1181296 bytes,    3734976 total
[2022-06-13T01:32:17.431+0000][1][gc,heap      ] GC(2) ParNew: 76418K->4016K(78656K)
[2022-06-13T01:32:17.432+0000][1][gc,heap      ] GC(2) CMS: 6706K->6706K(174784K)
[2022-06-13T01:32:17.432+0000][1][gc,metaspace ] GC(2) Metaspace: 15122K->15122K(1062912K)
[2022-06-13T01:32:17.432+0000][1][gc           ] GC(2) Pause Young (Allocation Failure) 81M->10M(247M) 13.748ms
[2022-06-13T01:32:17.433+0000][1][gc,cpu       ] GC(2) User=0.05s Sys=0.02s Real=0.02s
[2022-06-13T01:32:17.434+0000][1][safepoint    ] Leaving safepoint region
[2022-06-13T01:32:17.435+0000][1][safepoint    ] Total time for which application threads were stopped: 0.0167716 seconds, Stopping threads took: 0.0006825 seconds
[2022-06-13T01:32:17.443+0000][1][safepoint    ] Application time: 0.0073169 seconds
[2022-06-13T01:32:17.444+0000][1][safepoint    ] Entering safepoint region: RevokeBias
[2022-06-13T01:32:17.445+0000][1][safepoint    ] Leaving safepoint region
[2022-06-13T01:32:17.445+0000][1][safepoint    ] Total time for which application threads were stopped: 0.0013783 seconds, Stopping threads took: 0.0009512 seconds
[2022-06-13T01:32:17.446+0000][1][safepoint    ] Application time: 0.0001329 seconds
[2022-06-13T01:32:17.446+0000][1][safepoint    ] Entering safepoint region: RevokeBias
[2022-06-13T01:32:17.446+0000][1][safepoint    ] Leaving safepoint region
[2022-06-13T01:32:17.447+0000][1][safepoint    ] Total time for which application threads were stopped: 0.0010205 seconds, Stopping threads took: 0.0003715 seconds
[2022-06-13T01:32:17.447+0000][1][safepoint    ] Application time: 0.0001999 seconds
[2022-06-13T01:32:17.448+0000][1][safepoint    ] Entering safepoint region: RevokeBias
[2022-06-13T01:32:17.448+0000][1][safepoint    ] Leaving safepoint region
[2022-06-13T01:32:17.448+0000][1][safepoint    ] Total time for which application threads were stopped: 0.0007415 seconds, Stopping threads took: 0.0002920 seconds
[2022-06-13T01:32:17.449+0000][1][safepoint    ] Application time: 0.0001532 seconds
[2022-06-13T01:32:17.449+0000][1][safepoint    ] Entering safepoint region: RevokeBias
[2022-06-13T01:32:17.450+0000][1][safepoint    ] Leaving safepoint region
[2022-06-13T01:32:17.451+0000][1][safepoint    ] Total time for which application threads were stopped: 0.0015671 seconds, Stopping threads took: 0.0003338 seconds
[2022-06-13T01:32:17.451+0000][1][safepoint    ] Application time: 0.0000937 seconds
[2022-06-13T01:32:17.451+0000][1][safepoint    ] Entering safepoint region: RevokeBias
[2022-06-13T01:32:17.452+0000][1][safepoint    ] Leaving safepoint region
[2022-06-13T01:32:17.452+0000][1][safepoint    ] Total time for which application threads were stopped: 0.0005904 seconds, Stopping threads took: 0.0002604 seconds
[2022-06-13T01:32:17.452+0000][1][safepoint    ] Application time: 0.0000363 seconds
[2022-06-13T01:32:17.452+0000][1][safepoint    ] Entering safepoint region: RevokeBias
[2022-06-13T01:32:17.454+0000][1][safepoint    ] Leaving safepoint region
[2022-06-13T01:32:17.455+0000][1][safepoint    ] Total time for which application threads were stopped: 0.0026421 seconds, Stopping threads took: 0.0016171 seconds
[2022-06-13T01:32:17.720+0000][1][safepoint    ] Application time: 0.2645919 seconds
[2022-06-13T01:32:17.721+0000][1][safepoint    ] Entering safepoint region: Deoptimize
[2022-06-13T01:32:17.722+0000][1][safepoint    ] Leaving safepoint region
[2022-06-13T01:32:17.724+0000][1][safepoint    ] Total time for which application threads were stopped: 0.0027794 seconds, Stopping threads took: 0.0003542 seconds
[2022-06-13T01:32:17.725+0000][1][safepoint    ] Application time: 0.0008924 seconds
[2022-06-13T01:32:17.725+0000][1][safepoint    ] Entering safepoint region: Deoptimize
[2022-06-13T01:32:17.726+0000][1][safepoint    ] Leaving safepoint region
[2022-06-13T01:32:17.726+0000][1][safepoint    ] Total time for which application threads were stopped: 0.0010599 seconds, Stopping threads took: 0.0002894 seconds
[2022-06-13T01:32:18.079+0000][1][safepoint    ] Application time: 0.3525733 seconds
[2022-06-13T01:32:18.089+0000][1][safepoint    ] Entering safepoint region: GenCollectForAllocation
[2022-06-13T01:32:18.094+0000][1][gc,start     ] GC(3) Pause Young (Allocation Failure)
[2022-06-13T01:32:18.095+0000][1][gc,task      ] GC(3) Using 5 workers of 13 for evacuation
[2022-06-13T01:32:18.102+0000][1][gc,age       ] GC(3) Desired survivor size 4456448 bytes, new threshold 3 (max threshold 6)
[2022-06-13T01:32:18.110+0000][1][gc,age       ] GC(3) Age table with threshold 3 (max threshold 6)
[2022-06-13T01:32:18.123+0000][1][gc,age       ] GC(3) - age   1:    3215944 bytes,    3215944 total
[2022-06-13T01:32:18.125+0000][1][gc,age       ] GC(3) - age   2:     319416 bytes,    3535360 total
[2022-06-13T01:32:18.126+0000][1][gc,age       ] GC(3) - age   3:    1178360 bytes,    4713720 total
[2022-06-13T01:32:18.127+0000][1][gc,heap      ] GC(3) ParNew: 73968K->6390K(78656K)
[2022-06-13T01:32:18.127+0000][1][gc,heap      ] GC(3) CMS: 6706K->6706K(174784K)
[2022-06-13T01:32:18.128+0000][1][gc,metaspace ] GC(3) Metaspace: 18414K->18414K(1067008K)
[2022-06-13T01:32:18.128+0000][1][gc           ] GC(3) Pause Young (Allocation Failure) 78M->12M(247M) 33.654ms
[2022-06-13T01:32:18.128+0000][1][gc,cpu       ] GC(3) User=0.07s Sys=0.02s Real=0.03s
[2022-06-13T01:32:18.129+0000][1][safepoint    ] Leaving safepoint region
[2022-06-13T01:32:18.129+0000][1][safepoint    ] Total time for which application threads were stopped: 0.0399307 seconds, Stopping threads took: 0.0048709 seconds
[2022-06-13T01:32:18.130+0000][1][safepoint    ] Application time: 0.0004101 seconds
[2022-06-13T01:32:18.136+0000][1][safepoint    ] Entering safepoint region: BulkRevokeBias
[2022-06-13T01:32:18.139+0000][1][safepoint    ] Leaving safepoint region
[2022-06-13T01:32:18.140+0000][1][safepoint    ] Total time for which application threads were stopped: 0.0062277 seconds, Stopping threads took: 0.0051561 seconds
[2022-06-13T01:32:18.142+0000][1][safepoint    ] Application time: 0.0019344 seconds
[2022-06-13T01:32:18.143+0000][1][safepoint    ] Entering safepoint region: RevokeBias
[2022-06-13T01:32:18.143+0000][1][safepoint    ] Leaving safepoint region
[2022-06-13T01:32:18.143+0000][1][safepoint    ] Total time for which application threads were stopped: 0.0006450 seconds, Stopping threads took: 0.0003052 seconds
[2022-06-13T01:32:18.145+0000][1][safepoint    ] Application time: 0.0015116 seconds
[2022-06-13T01:32:18.146+0000][1][safepoint    ] Entering safepoint region: RevokeBias
[2022-06-13T01:32:18.146+0000][1][safepoint    ] Leaving safepoint region
[2022-06-13T01:32:18.148+0000][1][safepoint    ] Total time for which application threads were stopped: 0.0024136 seconds, Stopping threads took: 0.0005466 seconds
[2022-06-13T01:32:18.148+0000][1][safepoint    ] Application time: 0.0001711 seconds
[2022-06-13T01:32:18.149+0000][1][safepoint    ] Entering safepoint region: RevokeBias
[2022-06-13T01:32:18.149+0000][1][safepoint    ] Leaving safepoint region
[2022-06-13T01:32:18.150+0000][1][safepoint    ] Total time for which application threads were stopped: 0.0007610 seconds, Stopping threads took: 0.0003711 seconds
[2022-06-13T01:32:18.150+0000][1][safepoint    ] Application time: 0.0001833 seconds
[2022-06-13T01:32:18.150+0000][1][safepoint    ] Entering safepoint region: RevokeBias
[2022-06-13T01:32:18.151+0000][1][safepoint    ] Leaving safepoint region
[2022-06-13T01:32:18.151+0000][1][safepoint    ] Total time for which application threads were stopped: 0.0005827 seconds, Stopping threads took: 0.0002412 seconds
[2022-06-13T01:32:18.151+0000][1][safepoint    ] Application time: 0.0001436 seconds
[2022-06-13T01:32:18.152+0000][1][safepoint    ] Entering safepoint region: RevokeBias
[2022-06-13T01:32:18.152+0000][1][safepoint    ] Leaving safepoint region
[2022-06-13T01:32:18.152+0000][1][safepoint    ] Total time for which application threads were stopped: 0.0006862 seconds, Stopping threads took: 0.0002356 seconds
[2022-06-13T01:32:18.153+0000][1][safepoint    ] Application time: 0.0001711 seconds
[2022-06-13T01:32:18.154+0000][1][safepoint    ] Entering safepoint region: RevokeBias
[2022-06-13T01:32:18.154+0000][1][safepoint    ] Leaving safepoint region
[2022-06-13T01:32:18.154+0000][1][safepoint    ] Total time for which application threads were stopped: 0.0007310 seconds, Stopping threads took: 0.0004142 seconds
[2022-06-13T01:32:18.155+0000][1][safepoint    ] Application time: 0.0000564 seconds
[2022-06-13T01:32:18.155+0000][1][safepoint    ] Entering safepoint region: RevokeBias
[2022-06-13T01:32:18.156+0000][1][safepoint    ] Leaving safepoint region
[2022-06-13T01:32:18.156+0000][1][safepoint    ] Total time for which application threads were stopped: 0.0006315 seconds, Stopping threads took: 0.0002812 seconds
[2022-06-13T01:32:18.159+0000][1][safepoint    ] Application time: 0.0001285 seconds
[2022-06-13T01:32:18.160+0000][1][safepoint    ] Entering safepoint region: RevokeBias
[2022-06-13T01:32:18.161+0000][1][safepoint    ] Leaving safepoint region
[2022-06-13T01:32:18.161+0000][1][safepoint    ] Total time for which application threads were stopped: 0.0011896 seconds, Stopping threads took: 0.0006423 seconds
[2022-06-13T01:32:18.162+0000][1][safepoint    ] Application time: 0.0008048 seconds
[2022-06-13T01:32:18.166+0000][1][safepoint    ] Entering safepoint region: RevokeBias
[2022-06-13T01:32:18.167+0000][1][safepoint    ] Leaving safepoint region
[2022-06-13T01:32:18.167+0000][1][safepoint    ] Total time for which application threads were stopped: 0.0014229 seconds, Stopping threads took: 0.0008527 seconds
[2022-06-13T01:32:18.168+0000][1][safepoint    ] Application time: 0.0001892 seconds
[2022-06-13T01:32:18.168+0000][1][safepoint    ] Entering safepoint region: RevokeBias
[2022-06-13T01:32:18.169+0000][1][safepoint    ] Leaving safepoint region
[2022-06-13T01:32:18.169+0000][1][safepoint    ] Total time for which application threads were stopped: 0.0009577 seconds, Stopping threads took: 0.0004510 seconds
[2022-06-13T01:32:18.169+0000][1][safepoint    ] Application time: 0.0000418 seconds
[2022-06-13T01:32:18.170+0000][1][safepoint    ] Entering safepoint region: RevokeBias
[2022-06-13T01:32:18.170+0000][1][safepoint    ] Leaving safepoint region
[2022-06-13T01:32:18.171+0000][1][safepoint    ] Total time for which application threads were stopped: 0.0006461 seconds, Stopping threads took: 0.0002649 seconds
[2022-06-13T01:32:18.171+0000][1][safepoint    ] Application time: 0.0001452 seconds
[2022-06-13T01:32:18.171+0000][1][safepoint    ] Entering safepoint region: RevokeBias
[2022-06-13T01:32:18.172+0000][1][safepoint    ] Leaving safepoint region
[2022-06-13T01:32:18.172+0000][1][safepoint    ] Total time for which application threads were stopped: 0.0006391 seconds, Stopping threads took: 0.0002986 seconds
[2022-06-13T01:32:18.172+0000][1][safepoint    ] Application time: 0.0001818 seconds
[2022-06-13T01:32:18.173+0000][1][safepoint    ] Entering safepoint region: RevokeBias
[2022-06-13T01:32:18.173+0000][1][safepoint    ] Leaving safepoint region
[2022-06-13T01:32:18.173+0000][1][safepoint    ] Total time for which application threads were stopped: 0.0006574 seconds, Stopping threads took: 0.0002804 seconds
[2022-06-13T01:32:18.174+0000][1][safepoint    ] Application time: 0.0001967 seconds
[2022-06-13T01:32:18.175+0000][1][safepoint    ] Entering safepoint region: RevokeBias
[2022-06-13T01:32:18.176+0000][1][safepoint    ] Leaving safepoint region
[2022-06-13T01:32:18.235+0000][1][safepoint    ] Total time for which application threads were stopped: 0.0596503 seconds, Stopping threads took: 0.0003724 seconds
[2022-06-13T01:32:18.236+0000][1][safepoint    ] Application time: 0.0002864 seconds
[2022-06-13T01:32:18.236+0000][1][safepoint    ] Entering safepoint region: RevokeBias
[2022-06-13T01:32:18.239+0000][1][safepoint    ] Leaving safepoint region
[2022-06-13T01:32:18.240+0000][1][safepoint    ] Total time for which application threads were stopped: 0.0039226 seconds, Stopping threads took: 0.0031709 seconds
[2022-06-13T01:32:18.240+0000][1][safepoint    ] Application time: 0.0001598 seconds
[2022-06-13T01:32:18.241+0000][1][safepoint    ] Entering safepoint region: RevokeBias
[2022-06-13T01:32:18.242+0000][1][safepoint    ] Leaving safepoint region
[2022-06-13T01:32:18.243+0000][1][safepoint    ] Total time for which application threads were stopped: 0.0023497 seconds, Stopping threads took: 0.0014553 seconds
[2022-06-13T01:32:18.244+0000][1][safepoint    ] Application time: 0.0002773 seconds
[2022-06-13T01:32:18.244+0000][1][safepoint    ] Entering safepoint region: RevokeBias
[2022-06-13T01:32:18.245+0000][1][safepoint    ] Leaving safepoint region
[2022-06-13T01:32:18.245+0000][1][safepoint    ] Total time for which application threads were stopped: 0.0011384 seconds, Stopping threads took: 0.0006276 seconds
[2022-06-13T01:32:18.246+0000][1][safepoint    ] Application time: 0.0001849 seconds
[2022-06-13T01:32:18.246+0000][1][safepoint    ] Entering safepoint region: RevokeBias
[2022-06-13T01:32:18.247+0000][1][safepoint    ] Leaving safepoint region
[2022-06-13T01:32:18.247+0000][1][safepoint    ] Total time for which application threads were stopped: 0.0009408 seconds, Stopping threads took: 0.0005103 seconds
[2022-06-13T01:32:18.248+0000][1][safepoint    ] Application time: 0.0001717 seconds
[2022-06-13T01:32:18.248+0000][1][safepoint    ] Entering safepoint region: RevokeBias
[2022-06-13T01:32:18.249+0000][1][safepoint    ] Leaving safepoint region
[2022-06-13T01:32:18.249+0000][1][safepoint    ] Total time for which application threads were stopped: 0.0007717 seconds, Stopping threads took: 0.0004036 seconds
[2022-06-13T01:32:18.250+0000][1][safepoint    ] Application time: 0.0001298 seconds
[2022-06-13T01:32:18.251+0000][1][safepoint    ] Entering safepoint region: RevokeBias
[2022-06-13T01:32:18.251+0000][1][safepoint    ] Leaving safepoint region
[2022-06-13T01:32:18.252+0000][1][safepoint    ] Total time for which application threads were stopped: 0.0008379 seconds, Stopping threads took: 0.0003172 seconds
[2022-06-13T01:32:18.454+0000][1][safepoint    ] Application time: 0.2021211 seconds
[2022-06-13T01:32:18.455+0000][1][safepoint    ] Entering safepoint region: GenCollectForAllocation
[2022-06-13T01:32:18.455+0000][1][gc,start     ] GC(4) Pause Young (Allocation Failure)
[2022-06-13T01:32:18.456+0000][1][gc,task      ] GC(4) Using 5 workers of 13 for evacuation
[2022-06-13T01:32:18.464+0000][1][gc,age       ] GC(4) Desired survivor size 4456448 bytes, new threshold 2 (max threshold 6)
[2022-06-13T01:32:18.465+0000][1][gc,age       ] GC(4) Age table with threshold 2 (max threshold 6)
[2022-06-13T01:32:18.465+0000][1][gc,age       ] GC(4) - age   1:    1402912 bytes,    1402912 total
[2022-06-13T01:32:18.466+0000][1][gc,age       ] GC(4) - age   2:    3180848 bytes,    4583760 total
[2022-06-13T01:32:18.466+0000][1][gc,age       ] GC(4) - age   3:     318888 bytes,    4902648 total
[2022-06-13T01:32:18.466+0000][1][gc,heap      ] GC(4) ParNew: 76342K->6793K(78656K)
[2022-06-13T01:32:18.467+0000][1][gc,heap      ] GC(4) CMS: 6706K->7907K(174784K)
[2022-06-13T01:32:18.467+0000][1][gc,metaspace ] GC(4) Metaspace: 18798K->18798K(1067008K)
[2022-06-13T01:32:18.468+0000][1][gc           ] GC(4) Pause Young (Allocation Failure) 81M->14M(247M) 12.299ms
[2022-06-13T01:32:18.468+0000][1][gc,cpu       ] GC(4) User=0.05s Sys=0.00s Real=0.01s
[2022-06-13T01:32:18.468+0000][1][safepoint    ] Leaving safepoint region
[2022-06-13T01:32:18.469+0000][1][safepoint    ] Total time for which application threads were stopped: 0.0138443 seconds, Stopping threads took: 0.0003242 seconds
[2022-06-13T01:32:18.469+0000][1][safepoint    ] Application time: 0.0003728 seconds
[2022-06-13T01:32:18.470+0000][1][safepoint    ] Entering safepoint region: RevokeBias
[2022-06-13T01:32:18.470+0000][1][safepoint    ] Leaving safepoint region
[2022-06-13T01:32:18.470+0000][1][safepoint    ] Total time for which application threads were stopped: 0.0008273 seconds, Stopping threads took: 0.0003768 seconds
[2022-06-13T01:32:18.471+0000][1][safepoint    ] Application time: 0.0001929 seconds
[2022-06-13T01:32:18.471+0000][1][safepoint    ] Entering safepoint region: RevokeBias
[2022-06-13T01:32:18.472+0000][1][safepoint    ] Leaving safepoint region
[2022-06-13T01:32:18.472+0000][1][safepoint    ] Total time for which application threads were stopped: 0.0008177 seconds, Stopping threads took: 0.0003452 seconds
[2022-06-13T01:32:18.473+0000][1][safepoint    ] Application time: 0.0002498 seconds
[2022-06-13T01:32:18.476+0000][1][safepoint    ] Entering safepoint region: RevokeBias
[2022-06-13T01:32:18.476+0000][1][safepoint    ] Leaving safepoint region
[2022-06-13T01:32:18.477+0000][1][safepoint    ] Total time for which application threads were stopped: 0.0014696 seconds, Stopping threads took: 0.0007110 seconds
[2022-06-13T01:32:18.477+0000][1][safepoint    ] Application time: 0.0000856 seconds
[2022-06-13T01:32:18.478+0000][1][safepoint    ] Entering safepoint region: RevokeBias
[2022-06-13T01:32:18.478+0000][1][safepoint    ] Leaving safepoint region
[2022-06-13T01:32:18.478+0000][1][safepoint    ] Total time for which application threads were stopped: 0.0006187 seconds, Stopping threads took: 0.0002853 seconds
[2022-06-13T01:32:18.522+0000][1][safepoint    ] Application time: 0.0431640 seconds
[2022-06-13T01:32:18.523+0000][1][safepoint    ] Entering safepoint region: Deoptimize
[2022-06-13T01:32:18.524+0000][1][safepoint    ] Leaving safepoint region
[2022-06-13T01:32:18.524+0000][1][safepoint    ] Total time for which application threads were stopped: 0.0012470 seconds, Stopping threads took: 0.0003820 seconds
[2022-06-13T01:32:18.635+0000][1][safepoint    ] Application time: 0.1105296 seconds
[2022-06-13T01:32:18.636+0000][1][safepoint    ] Entering safepoint region: Deoptimize
[2022-06-13T01:32:18.638+0000][1][safepoint    ] Leaving safepoint region
[2022-06-13T01:32:18.643+0000][1][safepoint    ] Total time for which application threads were stopped: 0.0070507 seconds, Stopping threads took: 0.0014464 seconds
[2022-06-13T01:32:18.865+0000][1][safepoint    ] Application time: 0.2204122 seconds
[2022-06-13T01:32:18.866+0000][1][safepoint    ] Entering safepoint region: GenCollectForAllocation
[2022-06-13T01:32:18.866+0000][1][gc,start     ] GC(5) Pause Young (Allocation Failure)
[2022-06-13T01:32:18.867+0000][1][gc,task      ] GC(5) Using 5 workers of 13 for evacuation
[2022-06-13T01:32:18.879+0000][1][gc,age       ] GC(5) Desired survivor size 4456448 bytes, new threshold 6 (max threshold 6)
[2022-06-13T01:32:18.888+0000][1][gc,age       ] GC(5) Age table with threshold 6 (max threshold 6)
[2022-06-13T01:32:18.889+0000][1][gc,age       ] GC(5) - age   1:    2207976 bytes,    2207976 total
[2022-06-13T01:32:18.889+0000][1][gc,age       ] GC(5) - age   2:     566896 bytes,    2774872 total
[2022-06-13T01:32:18.889+0000][1][gc,heap      ] GC(5) ParNew: 76745K->5582K(78656K)
[2022-06-13T01:32:18.889+0000][1][gc,heap      ] GC(5) CMS: 7907K->11349K(174784K)
[2022-06-13T01:32:18.890+0000][1][gc,metaspace ] GC(5) Metaspace: 19130K->19130K(1067008K)
[2022-06-13T01:32:18.890+0000][1][gc           ] GC(5) Pause Young (Allocation Failure) 82M->16M(247M) 23.810ms
[2022-06-13T01:32:18.891+0000][1][gc,cpu       ] GC(5) User=0.08s Sys=0.00s Real=0.03s
[2022-06-13T01:32:18.891+0000][1][safepoint    ] Leaving safepoint region
[2022-06-13T01:32:18.891+0000][1][safepoint    ] Total time for which application threads were stopped: 0.0255896 seconds, Stopping threads took: 0.0003220 seconds
[2022-06-13T01:32:18.892+0000][1][safepoint    ] Application time: 0.0006101 seconds
[2022-06-13T01:32:18.893+0000][1][safepoint    ] Entering safepoint region: RevokeBias
[2022-06-13T01:32:18.893+0000][1][safepoint    ] Leaving safepoint region
[2022-06-13T01:32:18.894+0000][1][safepoint    ] Total time for which application threads were stopped: 0.0008802 seconds, Stopping threads took: 0.0004659 seconds
[2022-06-13T01:32:18.894+0000][1][safepoint    ] Application time: 0.0001519 seconds
[2022-06-13T01:32:18.894+0000][1][safepoint    ] Entering safepoint region: RevokeBias
[2022-06-13T01:32:18.894+0000][1][safepoint    ] Leaving safepoint region
[2022-06-13T01:32:18.895+0000][1][safepoint    ] Total time for which application threads were stopped: 0.0004840 seconds, Stopping threads took: 0.0001827 seconds
[2022-06-13T01:32:18.895+0000][1][safepoint    ] Application time: 0.0000885 seconds
[2022-06-13T01:32:18.895+0000][1][safepoint    ] Entering safepoint region: RevokeBias
[2022-06-13T01:32:18.896+0000][1][safepoint    ] Leaving safepoint region
[2022-06-13T01:32:18.896+0000][1][safepoint    ] Total time for which application threads were stopped: 0.0006892 seconds, Stopping threads took: 0.0003168 seconds
[2022-06-13T01:32:18.897+0000][1][safepoint    ] Application time: 0.0002667 seconds
[2022-06-13T01:32:18.897+0000][1][safepoint    ] Entering safepoint region: RevokeBias
[2022-06-13T01:32:18.897+0000][1][safepoint    ] Leaving safepoint region
[2022-06-13T01:32:18.898+0000][1][safepoint    ] Total time for which application threads were stopped: 0.0007540 seconds, Stopping threads took: 0.0004694 seconds
[2022-06-13T01:32:18.898+0000][1][safepoint    ] Application time: 0.0000465 seconds
[2022-06-13T01:32:18.898+0000][1][safepoint    ] Entering safepoint region: RevokeBias
[2022-06-13T01:32:18.898+0000][1][safepoint    ] Leaving safepoint region
[2022-06-13T01:32:18.899+0000][1][safepoint    ] Total time for which application threads were stopped: 0.0004829 seconds, Stopping threads took: 0.0002103 seconds
[2022-06-13T01:32:18.899+0000][1][safepoint    ] Application time: 0.0000649 seconds
[2022-06-13T01:32:18.899+0000][1][safepoint    ] Entering safepoint region: RevokeBias
[2022-06-13T01:32:18.899+0000][1][safepoint    ] Leaving safepoint region
[2022-06-13T01:32:18.909+0000][1][safepoint    ] Total time for which application threads were stopped: 0.0097826 seconds, Stopping threads took: 0.0002979 seconds
[2022-06-13T01:32:19.116+0000][1][safepoint    ] Application time: 0.2066473 seconds
[2022-06-13T01:32:19.116+0000][1][safepoint    ] Entering safepoint region: GenCollectForAllocation
[2022-06-13T01:32:19.117+0000][1][gc,start     ] GC(6) Pause Young (Allocation Failure)
[2022-06-13T01:32:19.117+0000][1][gc,task      ] GC(6) Using 5 workers of 13 for evacuation
[2022-06-13T01:32:19.130+0000][1][gc,age       ] GC(6) Desired survivor size 4456448 bytes, new threshold 6 (max threshold 6)
[2022-06-13T01:32:19.131+0000][1][gc,age       ] GC(6) Age table with threshold 6 (max threshold 6)
[2022-06-13T01:32:19.132+0000][1][gc,age       ] GC(6) - age   1:    1491224 bytes,    1491224 total
[2022-06-13T01:32:19.132+0000][1][gc,age       ] GC(6) - age   2:    2196360 bytes,    3687584 total
[2022-06-13T01:32:19.132+0000][1][gc,age       ] GC(6) - age   3:     566896 bytes,    4254480 total
[2022-06-13T01:32:19.133+0000][1][gc,heap      ] GC(6) ParNew: 75534K->4741K(78656K)
[2022-06-13T01:32:19.133+0000][1][gc,heap      ] GC(6) CMS: 11349K->11349K(174784K)
[2022-06-13T01:32:19.134+0000][1][gc,metaspace ] GC(6) Metaspace: 19437K->19437K(1067008K)
[2022-06-13T01:32:19.134+0000][1][gc           ] GC(6) Pause Young (Allocation Failure) 84M->15M(247M) 17.094ms
[2022-06-13T01:32:19.134+0000][1][gc,cpu       ] GC(6) User=0.04s Sys=0.00s Real=0.02s
[2022-06-13T01:32:19.135+0000][1][safepoint    ] Leaving safepoint region
[2022-06-13T01:32:19.135+0000][1][safepoint    ] Total time for which application threads were stopped: 0.0185979 seconds, Stopping threads took: 0.0004124 seconds
[2022-06-13T01:32:19.139+0000][1][safepoint    ] Application time: 0.0040157 seconds
[2022-06-13T01:32:19.141+0000][1][safepoint    ] Entering safepoint region: RevokeBias
[2022-06-13T01:32:19.141+0000][1][safepoint    ] Leaving safepoint region
[2022-06-13T01:32:19.141+0000][1][safepoint    ] Total time for which application threads were stopped: 0.0012980 seconds, Stopping threads took: 0.0009433 seconds
[2022-06-13T01:32:19.149+0000][1][safepoint    ] Application time: 0.0078078 seconds
[2022-06-13T01:32:19.152+0000][1][safepoint    ] Entering safepoint region: BulkRevokeBias
[2022-06-13T01:32:19.153+0000][1][safepoint    ] Leaving safepoint region
[2022-06-13T01:32:19.153+0000][1][safepoint    ] Total time for which application threads were stopped: 0.0010190 seconds, Stopping threads took: 0.0005561 seconds
[2022-06-13T01:32:19.155+0000][1][safepoint    ] Application time: 0.0014199 seconds
[2022-06-13T01:32:19.155+0000][1][safepoint    ] Entering safepoint region: BulkRevokeBias
[2022-06-13T01:32:19.157+0000][1][safepoint    ] Leaving safepoint region
[2022-06-13T01:32:19.157+0000][1][safepoint    ] Total time for which application threads were stopped: 0.0022064 seconds, Stopping threads took: 0.0018034 seconds
[2022-06-13T01:32:19.328+0000][1][safepoint    ] Application time: 0.1701825 seconds
[2022-06-13T01:32:19.328+0000][1][safepoint    ] Entering safepoint region: GenCollectForAllocation
[2022-06-13T01:32:19.329+0000][1][gc,start     ] GC(7) Pause Young (Allocation Failure)
[2022-06-13T01:32:19.329+0000][1][gc,task      ] GC(7) Using 5 workers of 13 for evacuation
[2022-06-13T01:32:19.339+0000][1][gc,age       ] GC(7) Desired survivor size 4456448 bytes, new threshold 6 (max threshold 6)
[2022-06-13T01:32:19.340+0000][1][gc,age       ] GC(7) Age table with threshold 6 (max threshold 6)
[2022-06-13T01:32:19.340+0000][1][gc,age       ] GC(7) - age   1:     548680 bytes,     548680 total
[2022-06-13T01:32:19.341+0000][1][gc,age       ] GC(7) - age   2:    1132920 bytes,    1681600 total
[2022-06-13T01:32:19.341+0000][1][gc,age       ] GC(7) - age   3:    2194432 bytes,    3876032 total
[2022-06-13T01:32:19.341+0000][1][gc,age       ] GC(7) - age   4:     566896 bytes,    4442928 total
[2022-06-13T01:32:19.341+0000][1][gc,heap      ] GC(7) ParNew: 74693K->5339K(78656K)
[2022-06-13T01:32:19.342+0000][1][gc,heap      ] GC(7) CMS: 11349K->11349K(174784K)
[2022-06-13T01:32:19.342+0000][1][gc,metaspace ] GC(7) Metaspace: 19767K->19767K(1067008K)
[2022-06-13T01:32:19.342+0000][1][gc           ] GC(7) Pause Young (Allocation Failure) 84M->16M(247M) 13.665ms
[2022-06-13T01:32:19.343+0000][1][gc,cpu       ] GC(7) User=0.07s Sys=0.00s Real=0.02s
[2022-06-13T01:32:19.343+0000][1][safepoint    ] Leaving safepoint region
[2022-06-13T01:32:19.343+0000][1][safepoint    ] Total time for which application threads were stopped: 0.0149519 seconds, Stopping threads took: 0.0005043 seconds
[2022-06-13T01:32:19.390+0000][1][safepoint    ] Application time: 0.0471548 seconds
[2022-06-13T01:32:19.391+0000][1][safepoint    ] Entering safepoint region: CollectForMetadataAllocation
[2022-06-13T01:32:19.392+0000][1][safepoint    ] Leaving safepoint region
[2022-06-13T01:32:19.392+0000][1][safepoint    ] Total time for which application threads were stopped: 0.0008390 seconds, Stopping threads took: 0.0003325 seconds
[2022-06-13T01:32:19.420+0000][1][safepoint    ] Application time: 0.0276221 seconds
[2022-06-13T01:32:19.420+0000][1][safepoint    ] Entering safepoint region: CollectForMetadataAllocation
[2022-06-13T01:32:19.421+0000][1][safepoint    ] Leaving safepoint region
[2022-06-13T01:32:19.421+0000][1][safepoint    ] Total time for which application threads were stopped: 0.0007634 seconds, Stopping threads took: 0.0002991 seconds
[2022-06-13T01:32:19.569+0000][1][safepoint    ] Application time: 0.1479767 seconds
[2022-06-13T01:32:19.570+0000][1][safepoint    ] Entering safepoint region: GenCollectForAllocation
[2022-06-13T01:32:19.570+0000][1][gc,start     ] GC(8) Pause Young (Allocation Failure)
[2022-06-13T01:32:19.570+0000][1][gc,task      ] GC(8) Using 5 workers of 13 for evacuation
[2022-06-13T01:32:19.582+0000][1][gc,age       ] GC(8) Desired survivor size 4456448 bytes, new threshold 5 (max threshold 6)
[2022-06-13T01:32:19.583+0000][1][gc,age       ] GC(8) Age table with threshold 5 (max threshold 6)
[2022-06-13T01:32:19.583+0000][1][gc,age       ] GC(8) - age   1:     499040 bytes,     499040 total
[2022-06-13T01:32:19.583+0000][1][gc,age       ] GC(8) - age   2:     485024 bytes,     984064 total
[2022-06-13T01:32:19.585+0000][1][gc,age       ] GC(8) - age   3:    1132824 bytes,    2116888 total
[2022-06-13T01:32:19.588+0000][1][gc,age       ] GC(8) - age   4:    2194144 bytes,    4311032 total
[2022-06-13T01:32:19.588+0000][1][gc,age       ] GC(8) - age   5:     566896 bytes,    4877928 total
[2022-06-13T01:32:19.589+0000][1][gc,heap      ] GC(8) ParNew: 75291K->5792K(78656K)
[2022-06-13T01:32:19.589+0000][1][gc,heap      ] GC(8) CMS: 11349K->11349K(174784K)
[2022-06-13T01:32:19.589+0000][1][gc,metaspace ] GC(8) Metaspace: 20487K->20487K(1069056K)
[2022-06-13T01:32:19.590+0000][1][gc           ] GC(8) Pause Young (Allocation Failure) 84M->16M(247M) 19.879ms
[2022-06-13T01:32:19.590+0000][1][gc,cpu       ] GC(8) User=0.10s Sys=0.00s Real=0.02s
[2022-06-13T01:32:19.591+0000][1][safepoint    ] Leaving safepoint region
[2022-06-13T01:32:19.591+0000][1][safepoint    ] Total time for which application threads were stopped: 0.0213723 seconds, Stopping threads took: 0.0003853 seconds
[2022-06-13T01:32:19.592+0000][1][safepoint    ] Application time: 0.0010802 seconds
[2022-06-13T01:32:19.597+0000][1][safepoint    ] Entering safepoint region: CMS_Initial_Mark
[2022-06-13T01:32:19.597+0000][1][gc,start     ] GC(9) Pause Initial Mark
[2022-06-13T01:32:19.601+0000][1][gc           ] GC(9) Pause Initial Mark 18M->18M(247M) 3.401ms
[2022-06-13T01:32:19.601+0000][1][gc,cpu       ] GC(9) User=0.03s Sys=0.00s Real=0.01s
[2022-06-13T01:32:19.603+0000][1][safepoint    ] Leaving safepoint region
[2022-06-13T01:32:19.603+0000][1][safepoint    ] Total time for which application threads were stopped: 0.0071106 seconds, Stopping threads took: 0.0009921 seconds
[2022-06-13T01:32:19.605+0000][1][gc           ] GC(9) Concurrent Mark
[2022-06-13T01:32:19.610+0000][1][gc,task      ] GC(9) Using 4 workers of 4 for marking
[2022-06-13T01:32:19.639+0000][1][gc           ] GC(9) Concurrent Mark 33.679ms
[2022-06-13T01:32:19.649+0000][1][gc,cpu       ] GC(9) User=0.25s Sys=0.00s Real=0.05s
[2022-06-13T01:32:19.650+0000][1][gc           ] GC(9) Concurrent Preclean
[2022-06-13T01:32:19.653+0000][1][gc           ] GC(9) Concurrent Preclean 3.163ms
[2022-06-13T01:32:19.653+0000][1][gc,cpu       ] GC(9) User=0.00s Sys=0.00s Real=0.00s
[2022-06-13T01:32:19.653+0000][1][gc           ] GC(9) Concurrent Abortable Preclean
[2022-06-13T01:32:19.773+0000][1][safepoint    ] Application time: 0.1689409 seconds
[2022-06-13T01:32:19.773+0000][1][safepoint    ] Entering safepoint region: GenCollectForAllocation
[2022-06-13T01:32:19.773+0000][1][gc,start     ] GC(10) Pause Young (Allocation Failure)
[2022-06-13T01:32:19.774+0000][1][gc,task      ] GC(10) Using 5 workers of 13 for evacuation
[2022-06-13T01:32:19.788+0000][1][gc,age       ] GC(10) Desired survivor size 4456448 bytes, new threshold 5 (max threshold 6)
[2022-06-13T01:32:19.789+0000][1][gc,age       ] GC(10) Age table with threshold 5 (max threshold 6)
[2022-06-13T01:32:19.789+0000][1][gc,age       ] GC(10) - age   1:     934792 bytes,     934792 total
[2022-06-13T01:32:19.789+0000][1][gc,age       ] GC(10) - age   2:     487720 bytes,    1422512 total
[2022-06-13T01:32:19.789+0000][1][gc,age       ] GC(10) - age   3:     484904 bytes,    1907416 total
[2022-06-13T01:32:19.790+0000][1][gc,age       ] GC(10) - age   4:    1132824 bytes,    3040240 total
[2022-06-13T01:32:19.790+0000][1][gc,age       ] GC(10) - age   5:    2193824 bytes,    5234064 total
[2022-06-13T01:32:19.790+0000][1][gc,heap      ] GC(10) ParNew: 75744K->7372K(78656K)
[2022-06-13T01:32:19.790+0000][1][gc,heap      ] GC(10) CMS: 11349K->11914K(174784K)
[2022-06-13T01:32:19.791+0000][1][gc,metaspace ] GC(10) Metaspace: 20600K->20600K(1069056K)
[2022-06-13T01:32:19.791+0000][1][gc           ] GC(10) Pause Young (Allocation Failure) 85M->18M(247M) 18.003ms
[2022-06-13T01:32:19.792+0000][1][gc,cpu       ] GC(10) User=0.07s Sys=0.00s Real=0.02s
[2022-06-13T01:32:19.792+0000][1][safepoint    ] Leaving safepoint region
[2022-06-13T01:32:19.792+0000][1][safepoint    ] Total time for which application threads were stopped: 0.0192852 seconds, Stopping threads took: 0.0002945 seconds
[2022-06-13T01:32:19.999+0000][1][safepoint    ] Application time: 0.2066650 seconds
[2022-06-13T01:32:20.000+0000][1][safepoint    ] Entering safepoint region: GenCollectForAllocation
[2022-06-13T01:32:20.000+0000][1][gc,start     ] GC(11) Pause Young (Allocation Failure)
[2022-06-13T01:32:20.000+0000][1][gc,task      ] GC(11) Using 5 workers of 13 for evacuation
[2022-06-13T01:32:20.011+0000][1][gc,age       ] GC(11) Desired survivor size 4456448 bytes, new threshold 6 (max threshold 6)
[2022-06-13T01:32:20.011+0000][1][gc,age       ] GC(11) Age table with threshold 6 (max threshold 6)
[2022-06-13T01:32:20.011+0000][1][gc,age       ] GC(11) - age   1:    1707240 bytes,    1707240 total
[2022-06-13T01:32:20.012+0000][1][gc,age       ] GC(11) - age   2:     126488 bytes,    1833728 total
[2022-06-13T01:32:20.017+0000][1][gc,age       ] GC(11) - age   3:     487720 bytes,    2321448 total
[2022-06-13T01:32:20.018+0000][1][gc,age       ] GC(11) - age   4:     484752 bytes,    2806200 total
[2022-06-13T01:32:20.018+0000][1][gc,age       ] GC(11) - age   5:    1132536 bytes,    3938736 total
[2022-06-13T01:32:20.018+0000][1][gc,heap      ] GC(11) ParNew: 77324K->5373K(78656K)
[2022-06-13T01:32:20.019+0000][1][gc,heap      ] GC(11) CMS: 11914K->14091K(174784K)
[2022-06-13T01:32:20.019+0000][1][gc,metaspace ] GC(11) Metaspace: 20677K->20677K(1069056K)
[2022-06-13T01:32:20.019+0000][1][gc           ] GC(11) Pause Young (Allocation Failure) 87M->19M(247M) 18.962ms
[2022-06-13T01:32:20.019+0000][1][gc,cpu       ] GC(11) User=0.09s Sys=0.01s Real=0.02s
[2022-06-13T01:32:20.019+0000][1][safepoint    ] Leaving safepoint region
[2022-06-13T01:32:20.020+0000][1][safepoint    ] Total time for which application threads were stopped: 0.0200268 seconds, Stopping threads took: 0.0002974 seconds
[2022-06-13T01:32:20.030+0000][1][gc           ] GC(9) Concurrent Abortable Preclean 376.523ms
[2022-06-13T01:32:20.030+0000][1][gc,cpu       ] GC(9) User=1.91s Sys=0.05s Real=0.38s
[2022-06-13T01:32:20.031+0000][1][safepoint    ] Application time: 0.0112996 seconds
[2022-06-13T01:32:20.034+0000][1][safepoint    ] Entering safepoint region: CMS_Final_Remark
[2022-06-13T01:32:20.036+0000][1][gc,start     ] GC(9) Pause Remark
[2022-06-13T01:32:20.050+0000][1][gc           ] GC(9) Pause Remark 25M->25M(247M) 14.062ms
[2022-06-13T01:32:20.055+0000][1][gc,cpu       ] GC(9) User=0.09s Sys=0.00s Real=0.02s
[2022-06-13T01:32:20.057+0000][1][safepoint    ] Leaving safepoint region
[2022-06-13T01:32:20.058+0000][1][safepoint    ] Total time for which application threads were stopped: 0.0234839 seconds, Stopping threads took: 0.0019833 seconds
[2022-06-13T01:32:20.058+0000][1][gc           ] GC(9) Concurrent Sweep
[2022-06-13T01:32:20.066+0000][1][gc           ] GC(9) Concurrent Sweep 7.365ms
[2022-06-13T01:32:20.067+0000][1][gc,cpu       ] GC(9) User=0.04s Sys=0.00s Real=0.01s
[2022-06-13T01:32:20.069+0000][1][gc           ] GC(9) Concurrent Reset
[2022-06-13T01:32:20.076+0000][1][gc           ] GC(9) Concurrent Reset 6.801ms
[2022-06-13T01:32:20.076+0000][1][gc,cpu       ] GC(9) User=0.04s Sys=0.00s Real=0.01s
[2022-06-13T01:32:20.076+0000][1][gc,heap      ] GC(9) Old: 11349K->14065K(174784K)
[2022-06-13T01:32:20.576+0000][1][safepoint    ] Application time: 0.5178495 seconds
[2022-06-13T01:32:20.576+0000][1][safepoint    ] Entering safepoint region: Deoptimize
[2022-06-13T01:32:20.578+0000][1][safepoint    ] Leaving safepoint region
[2022-06-13T01:32:20.578+0000][1][safepoint    ] Total time for which application threads were stopped: 0.0019999 seconds, Stopping threads took: 0.0003349 seconds
[2022-06-13T01:32:20.690+0000][1][safepoint    ] Application time: 0.1111697 seconds
[2022-06-13T01:32:20.690+0000][1][safepoint    ] Entering safepoint region: Deoptimize
[2022-06-13T01:32:20.691+0000][1][safepoint    ] Leaving safepoint region
[2022-06-13T01:32:20.692+0000][1][safepoint    ] Total time for which application threads were stopped: 0.0013779 seconds, Stopping threads took: 0.0005499 seconds
[2022-06-13T01:32:20.711+0000][1][safepoint    ] Application time: 0.0186625 seconds
[2022-06-13T01:32:20.711+0000][1][safepoint    ] Entering safepoint region: RevokeBias
[2022-06-13T01:32:20.712+0000][1][safepoint    ] Leaving safepoint region
[2022-06-13T01:32:20.712+0000][1][safepoint    ] Total time for which application threads were stopped: 0.0009277 seconds, Stopping threads took: 0.0005512 seconds
[2022-06-13T01:32:20.714+0000][1][safepoint    ] Application time: 0.0019575 seconds
[2022-06-13T01:32:20.714+0000][1][safepoint    ] Entering safepoint region: Deoptimize
[2022-06-13T01:32:20.715+0000][1][safepoint    ] Leaving safepoint region
[2022-06-13T01:32:20.716+0000][1][safepoint    ] Total time for which application threads were stopped: 0.0012256 seconds, Stopping threads took: 0.0002556 seconds
[2022-06-13T01:32:20.726+0000][1][safepoint    ] Application time: 0.0097312 seconds
[2022-06-13T01:32:20.726+0000][1][safepoint    ] Entering safepoint region: Deoptimize
[2022-06-13T01:32:20.727+0000][1][safepoint    ] Leaving safepoint region
[2022-06-13T01:32:20.727+0000][1][safepoint    ] Total time for which application threads were stopped: 0.0014341 seconds, Stopping threads took: 0.0004118 seconds
[2022-06-13T01:32:20.835+0000][1][safepoint    ] Application time: 0.1072193 seconds
[2022-06-13T01:32:20.836+0000][1][safepoint    ] Entering safepoint region: GenCollectForAllocation
[2022-06-13T01:32:20.836+0000][1][gc,start     ] GC(12) Pause Young (Allocation Failure)
[2022-06-13T01:32:20.836+0000][1][gc,task      ] GC(12) Using 5 workers of 13 for evacuation
[2022-06-13T01:32:20.842+0000][1][gc,age       ] GC(12) Desired survivor size 4456448 bytes, new threshold 6 (max threshold 6)
[2022-06-13T01:32:20.843+0000][1][gc,age       ] GC(12) Age table with threshold 6 (max threshold 6)
[2022-06-13T01:32:20.843+0000][1][gc,age       ] GC(12) - age   1:    2767184 bytes,    2767184 total
[2022-06-13T01:32:20.843+0000][1][gc,age       ] GC(12) - age   2:     344944 bytes,    3112128 total
[2022-06-13T01:32:20.844+0000][1][gc,age       ] GC(12) - age   3:     126224 bytes,    3238352 total
[2022-06-13T01:32:20.844+0000][1][gc,age       ] GC(12) - age   4:     487096 bytes,    3725448 total
[2022-06-13T01:32:20.844+0000][1][gc,age       ] GC(12) - age   5:     480016 bytes,    4205464 total
[2022-06-13T01:32:20.845+0000][1][gc,age       ] GC(12) - age   6:    1132376 bytes,    5337840 total
[2022-06-13T01:32:20.845+0000][1][gc,heap      ] GC(12) ParNew: 75325K->7207K(78656K)
[2022-06-13T01:32:20.845+0000][1][gc,heap      ] GC(12) CMS: 14065K->14065K(174784K)
[2022-06-13T01:32:20.846+0000][1][gc,metaspace ] GC(12) Metaspace: 26359K->26359K(1073152K)
[2022-06-13T01:32:20.846+0000][1][gc           ] GC(12) Pause Young (Allocation Failure) 87M->20M(247M) 9.849ms
[2022-06-13T01:32:20.846+0000][1][gc,cpu       ] GC(12) User=0.06s Sys=0.00s Real=0.01s
[2022-06-13T01:32:20.847+0000][1][safepoint    ] Leaving safepoint region
[2022-06-13T01:32:20.847+0000][1][safepoint    ] Total time for which application threads were stopped: 0.0119562 seconds, Stopping threads took: 0.0005239 seconds
[2022-06-13T01:32:21.499+0000][1][safepoint    ] Application time: 0.6509831 seconds
[2022-06-13T01:32:21.500+0000][1][safepoint    ] Entering safepoint region: RevokeBias
[2022-06-13T01:32:21.500+0000][1][safepoint    ] Leaving safepoint region
[2022-06-13T01:32:21.501+0000][1][safepoint    ] Total time for which application threads were stopped: 0.0009219 seconds, Stopping threads took: 0.0002730 seconds
[2022-06-13T01:32:22.505+0000][1][safepoint    ] Application time: 1.0043571 seconds
[2022-06-13T01:32:22.529+0000][1][safepoint    ] Entering safepoint region: Cleanup
[2022-06-13T01:32:22.530+0000][1][safepoint    ] Leaving safepoint region
[2022-06-13T01:32:22.532+0000][1][safepoint    ] Total time for which application threads were stopped: 0.0202516 seconds, Stopping threads took: 0.0199031 seconds
[2022-06-13T01:32:22.688+0000][1][safepoint    ] Application time: 0.1552198 seconds
[2022-06-13T01:32:22.688+0000][1][safepoint    ] Entering safepoint region: GenCollectForAllocation
[2022-06-13T01:32:22.689+0000][1][gc,start     ] GC(13) Pause Young (Allocation Failure)
[2022-06-13T01:32:22.689+0000][1][gc,task      ] GC(13) Using 5 workers of 13 for evacuation
[2022-06-13T01:32:22.771+0000][1][gc,age       ] GC(13) Desired survivor size 4456448 bytes, new threshold 1 (max threshold 6)
[2022-06-13T01:32:22.772+0000][1][gc,age       ] GC(13) Age table with threshold 1 (max threshold 6)
[2022-06-13T01:32:22.772+0000][1][gc,age       ] GC(13) - age   1:    5685440 bytes,    5685440 total
[2022-06-13T01:32:22.772+0000][1][gc,age       ] GC(13) - age   2:    1817976 bytes,    7503416 total
[2022-06-13T01:32:22.772+0000][1][gc,age       ] GC(13) - age   3:     343688 bytes,    7847104 total
[2022-06-13T01:32:22.773+0000][1][gc,age       ] GC(13) - age   4:     125600 bytes,    7972704 total
[2022-06-13T01:32:22.773+0000][1][gc,age       ] GC(13) - age   5:     465904 bytes,    8438608 total
[2022-06-13T01:32:22.773+0000][1][gc,age       ] GC(13) - age   6:     472792 bytes,    8911400 total
[2022-06-13T01:32:22.773+0000][1][gc,heap      ] GC(13) ParNew: 77159K->8704K(78656K)
[2022-06-13T01:32:22.773+0000][1][gc,heap      ] GC(13) CMS: 14065K->25762K(174784K)
[2022-06-13T01:32:22.773+0000][1][gc,metaspace ] GC(13) Metaspace: 27093K->27093K(1075200K)
[2022-06-13T01:32:22.774+0000][1][gc           ] GC(13) Pause Young (Allocation Failure) 89M->33M(247M) 85.009ms
[2022-06-13T01:32:22.774+0000][1][gc,cpu       ] GC(13) User=0.40s Sys=0.00s Real=0.09s
[2022-06-13T01:32:22.774+0000][1][safepoint    ] Leaving safepoint region
[2022-06-13T01:32:22.774+0000][1][safepoint    ] Total time for which application threads were stopped: 0.0860509 seconds, Stopping threads took: 0.0003165 seconds
[2022-06-13T01:32:23.782+0000][1][safepoint    ] Application time: 1.0073777 seconds
[2022-06-13T01:32:23.783+0000][1][safepoint    ] Entering safepoint region: Cleanup
[2022-06-13T01:32:23.783+0000][1][safepoint    ] Leaving safepoint region
[2022-06-13T01:32:23.783+0000][1][safepoint    ] Total time for which application threads were stopped: 0.0006135 seconds, Stopping threads took: 0.0003246 seconds
[2022-06-13T01:32:24.028+0000][1][safepoint    ] Application time: 0.2447649 seconds
[2022-06-13T01:32:24.034+0000][1][safepoint    ] Entering safepoint region: GenCollectForAllocation
[2022-06-13T01:32:24.037+0000][1][gc,start     ] GC(14) Pause Young (Allocation Failure)
[2022-06-13T01:32:24.038+0000][1][gc,task      ] GC(14) Using 5 workers of 13 for evacuation
[2022-06-13T01:32:24.123+0000][1][gc,age       ] GC(14) Desired survivor size 4456448 bytes, new threshold 1 (max threshold 6)
[2022-06-13T01:32:24.125+0000][1][gc,age       ] GC(14) Age table with threshold 1 (max threshold 6)
[2022-06-13T01:32:24.126+0000][1][gc,age       ] GC(14) - age   1:    8832248 bytes,    8832248 total
[2022-06-13T01:32:24.126+0000][1][gc,heap      ] GC(14) ParNew: 78656K->8704K(78656K)
[2022-06-13T01:32:24.126+0000][1][gc,heap      ] GC(14) CMS: 25762K->39209K(174784K)
[2022-06-13T01:32:24.126+0000][1][gc,metaspace ] GC(14) Metaspace: 27139K->27139K(1075200K)
[2022-06-13T01:32:24.126+0000][1][gc           ] GC(14) Pause Young (Allocation Failure) 101M->46M(247M) 89.114ms
[2022-06-13T01:32:24.127+0000][1][gc,cpu       ] GC(14) User=0.42s Sys=0.02s Real=0.09s
[2022-06-13T01:32:24.127+0000][1][safepoint    ] Leaving safepoint region
[2022-06-13T01:32:24.127+0000][1][safepoint    ] Total time for which application threads were stopped: 0.0933678 seconds, Stopping threads took: 0.0031098 seconds
[2022-06-13T01:32:24.315+0000][1][safepoint    ] Application time: 0.1878074 seconds
[2022-06-13T01:32:24.317+0000][1][safepoint    ] Entering safepoint region: Deoptimize
[2022-06-13T01:32:24.319+0000][1][safepoint    ] Leaving safepoint region
[2022-06-13T01:32:24.320+0000][1][safepoint    ] Total time for which application threads were stopped: 0.0027298 seconds, Stopping threads took: 0.0017764 seconds
[2022-06-13T01:32:24.588+0000][1][safepoint    ] Application time: 0.2685978 seconds
[2022-06-13T01:32:24.589+0000][1][safepoint    ] Entering safepoint region: RevokeBias
[2022-06-13T01:32:24.589+0000][1][safepoint    ] Leaving safepoint region
[2022-06-13T01:32:24.590+0000][1][safepoint    ] Total time for which application threads were stopped: 0.0012364 seconds, Stopping threads took: 0.0003310 seconds
[2022-06-13T01:32:24.948+0000][1][safepoint    ] Application time: 0.3577049 seconds
[2022-06-13T01:32:24.949+0000][1][safepoint    ] Entering safepoint region: RevokeBias
[2022-06-13T01:32:24.949+0000][1][safepoint    ] Leaving safepoint region
[2022-06-13T01:32:24.950+0000][1][safepoint    ] Total time for which application threads were stopped: 0.0009296 seconds, Stopping threads took: 0.0004151 seconds
[2022-06-13T01:32:24.952+0000][1][safepoint    ] Application time: 0.0025695 seconds
[2022-06-13T01:32:24.953+0000][1][safepoint    ] Entering safepoint region: RevokeBias
[2022-06-13T01:32:24.954+0000][1][safepoint    ] Leaving safepoint region
[2022-06-13T01:32:24.954+0000][1][safepoint    ] Total time for which application threads were stopped: 0.0012305 seconds, Stopping threads took: 0.0008644 seconds
[2022-06-13T01:32:24.958+0000][1][safepoint    ] Application time: 0.0034294 seconds
[2022-06-13T01:32:24.958+0000][1][safepoint    ] Entering safepoint region: RevokeBias
[2022-06-13T01:32:24.958+0000][1][safepoint    ] Leaving safepoint region
[2022-06-13T01:32:24.958+0000][1][safepoint    ] Total time for which application threads were stopped: 0.0004624 seconds, Stopping threads took: 0.0002221 seconds
[2022-06-13T01:32:25.155+0000][1][safepoint    ] Application time: 0.1959494 seconds
[2022-06-13T01:32:25.158+0000][1][safepoint    ] Entering safepoint region: GenCollectForAllocation
[2022-06-13T01:32:25.159+0000][1][gc,start     ] GC(15) Pause Young (Allocation Failure)
[2022-06-13T01:32:25.160+0000][1][gc,task      ] GC(15) Using 5 workers of 13 for evacuation
[2022-06-13T01:32:25.192+0000][1][gc,age       ] GC(15) Desired survivor size 4456448 bytes, new threshold 1 (max threshold 6)
[2022-06-13T01:32:25.192+0000][1][gc,age       ] GC(15) Age table with threshold 1 (max threshold 6)
[2022-06-13T01:32:25.193+0000][1][gc,age       ] GC(15) - age   1:    7264600 bytes,    7264600 total
[2022-06-13T01:32:25.193+0000][1][gc,heap      ] GC(15) ParNew: 78656K->8704K(78656K)
[2022-06-13T01:32:25.193+0000][1][gc,heap      ] GC(15) CMS: 39209K->48696K(174784K)
[2022-06-13T01:32:25.193+0000][1][gc,metaspace ] GC(15) Metaspace: 31654K->31654K(1079296K)
[2022-06-13T01:32:25.194+0000][1][gc           ] GC(15) Pause Young (Allocation Failure) 115M->56M(247M) 34.958ms
[2022-06-13T01:32:25.194+0000][1][gc,cpu       ] GC(15) User=0.15s Sys=0.00s Real=0.04s
[2022-06-13T01:32:25.194+0000][1][safepoint    ] Leaving safepoint region
[2022-06-13T01:32:25.194+0000][1][safepoint    ] Total time for which application threads were stopped: 0.0368162 seconds, Stopping threads took: 0.0008772 seconds
[2022-06-13T01:32:25.314+0000][1][safepoint    ] Application time: 0.1198032 seconds
[2022-06-13T01:32:25.315+0000][1][safepoint    ] Entering safepoint region: RevokeBias
[2022-06-13T01:32:25.316+0000][1][safepoint    ] Leaving safepoint region
[2022-06-13T01:32:25.316+0000][1][safepoint    ] Total time for which application threads were stopped: 0.0010285 seconds, Stopping threads took: 0.0002889 seconds
[2022-06-13T01:32:25.494+0000][1][safepoint    ] Application time: 0.1771828 seconds
[2022-06-13T01:32:25.494+0000][1][safepoint    ] Entering safepoint region: GenCollectForAllocation
[2022-06-13T01:32:25.495+0000][1][gc,start     ] GC(16) Pause Young (Allocation Failure)
[2022-06-13T01:32:25.495+0000][1][gc,task      ] GC(16) Using 5 workers of 13 for evacuation
[2022-06-13T01:32:25.512+0000][1][gc,age       ] GC(16) Desired survivor size 4456448 bytes, new threshold 6 (max threshold 6)
[2022-06-13T01:32:25.513+0000][1][gc,age       ] GC(16) Age table with threshold 6 (max threshold 6)
[2022-06-13T01:32:25.513+0000][1][gc,age       ] GC(16) - age   1:     430272 bytes,     430272 total
[2022-06-13T01:32:25.515+0000][1][gc,heap      ] GC(16) ParNew: 78656K->5938K(78656K)
[2022-06-13T01:32:25.515+0000][1][gc,heap      ] GC(16) CMS: 48696K->55846K(174784K)
[2022-06-13T01:32:25.515+0000][1][gc,metaspace ] GC(16) Metaspace: 33016K->33016K(1079296K)
[2022-06-13T01:32:25.516+0000][1][gc           ] GC(16) Pause Young (Allocation Failure) 124M->60M(247M) 20.989ms
[2022-06-13T01:32:25.516+0000][1][gc,cpu       ] GC(16) User=0.05s Sys=0.00s Real=0.02s
[2022-06-13T01:32:25.516+0000][1][safepoint    ] Leaving safepoint region
[2022-06-13T01:32:25.517+0000][1][safepoint    ] Total time for which application threads were stopped: 0.0227260 seconds, Stopping threads took: 0.0002952 seconds
[2022-06-13T01:32:25.913+0000][1][safepoint    ] Application time: 0.3961377 seconds
[2022-06-13T01:32:25.914+0000][1][safepoint    ] Entering safepoint region: CollectForMetadataAllocation
[2022-06-13T01:32:25.915+0000][1][safepoint    ] Leaving safepoint region
[2022-06-13T01:32:25.915+0000][1][safepoint    ] Total time for which application threads were stopped: 0.0008726 seconds, Stopping threads took: 0.0003136 seconds
[2022-06-13T01:32:25.962+0000][1][safepoint    ] Application time: 0.0472591 seconds
[2022-06-13T01:32:25.963+0000][1][safepoint    ] Entering safepoint region: CollectForMetadataAllocation
[2022-06-13T01:32:25.963+0000][1][safepoint    ] Leaving safepoint region
[2022-06-13T01:32:25.964+0000][1][safepoint    ] Total time for which application threads were stopped: 0.0010827 seconds, Stopping threads took: 0.0005817 seconds
[2022-06-13T01:32:25.988+0000][1][safepoint    ] Application time: 0.0240518 seconds
[2022-06-13T01:32:25.989+0000][1][safepoint    ] Entering safepoint region: CollectForMetadataAllocation
[2022-06-13T01:32:25.989+0000][1][safepoint    ] Leaving safepoint region
[2022-06-13T01:32:25.990+0000][1][safepoint    ] Total time for which application threads were stopped: 0.0011947 seconds, Stopping threads took: 0.0003363 seconds
[2022-06-13T01:32:26.017+0000][1][safepoint    ] Application time: 0.0272973 seconds
[2022-06-13T01:32:26.018+0000][1][safepoint    ] Entering safepoint region: CollectForMetadataAllocation
[2022-06-13T01:32:26.019+0000][1][safepoint    ] Leaving safepoint region
[2022-06-13T01:32:26.019+0000][1][safepoint    ] Total time for which application threads were stopped: 0.0014276 seconds, Stopping threads took: 0.0002537 seconds
[2022-06-13T01:32:26.062+0000][1][safepoint    ] Application time: 0.0399827 seconds
[2022-06-13T01:32:26.063+0000][1][safepoint    ] Entering safepoint region: CollectForMetadataAllocation
[2022-06-13T01:32:26.065+0000][1][safepoint    ] Leaving safepoint region
[2022-06-13T01:32:26.065+0000][1][safepoint    ] Total time for which application threads were stopped: 0.0023053 seconds, Stopping threads took: 0.0017874 seconds
[2022-06-13T01:32:26.093+0000][1][safepoint    ] Application time: 0.0277872 seconds
[2022-06-13T01:32:26.093+0000][1][safepoint    ] Entering safepoint region: CollectForMetadataAllocation
[2022-06-13T01:32:26.094+0000][1][safepoint    ] Leaving safepoint region
[2022-06-13T01:32:26.094+0000][1][safepoint    ] Total time for which application threads were stopped: 0.0006869 seconds, Stopping threads took: 0.0002642 seconds
[2022-06-13T01:32:26.142+0000][1][safepoint    ] Application time: 0.0475067 seconds
[2022-06-13T01:32:26.142+0000][1][safepoint    ] Entering safepoint region: CollectForMetadataAllocation
[2022-06-13T01:32:26.143+0000][1][safepoint    ] Leaving safepoint region
[2022-06-13T01:32:26.143+0000][1][safepoint    ] Total time for which application threads were stopped: 0.0007186 seconds, Stopping threads took: 0.0002723 seconds
[2022-06-13T01:32:26.175+0000][1][safepoint    ] Application time: 0.0320235 seconds
[2022-06-13T01:32:26.175+0000][1][safepoint    ] Entering safepoint region: CollectForMetadataAllocation
[2022-06-13T01:32:26.176+0000][1][safepoint    ] Leaving safepoint region
[2022-06-13T01:32:26.176+0000][1][safepoint    ] Total time for which application threads were stopped: 0.0005496 seconds, Stopping threads took: 0.0002142 seconds
[2022-06-13T01:32:26.207+0000][1][safepoint    ] Application time: 0.0309230 seconds
[2022-06-13T01:32:26.207+0000][1][safepoint    ] Entering safepoint region: CollectForMetadataAllocation
[2022-06-13T01:32:26.208+0000][1][safepoint    ] Leaving safepoint region
[2022-06-13T01:32:26.208+0000][1][safepoint    ] Total time for which application threads were stopped: 0.0009003 seconds, Stopping threads took: 0.0001891 seconds
[2022-06-13T01:32:26.228+0000][1][safepoint    ] Application time: 0.0200177 seconds
[2022-06-13T01:32:26.229+0000][1][safepoint    ] Entering safepoint region: RevokeBias
[2022-06-13T01:32:26.230+0000][1][safepoint    ] Leaving safepoint region
[2022-06-13T01:32:26.230+0000][1][safepoint    ] Total time for which application threads were stopped: 0.0006838 seconds, Stopping threads took: 0.0003010 seconds
[2022-06-13T01:32:26.235+0000][1][safepoint    ] Application time: 0.0051864 seconds
[2022-06-13T01:32:26.236+0000][1][safepoint    ] Entering safepoint region: CollectForMetadataAllocation
[2022-06-13T01:32:26.236+0000][1][safepoint    ] Leaving safepoint region
[2022-06-13T01:32:26.236+0000][1][safepoint    ] Total time for which application threads were stopped: 0.0007429 seconds, Stopping threads took: 0.0002467 seconds
[2022-06-13T01:32:26.265+0000][1][safepoint    ] Application time: 0.0280531 seconds
[2022-06-13T01:32:26.265+0000][1][safepoint    ] Entering safepoint region: CollectForMetadataAllocation
[2022-06-13T01:32:26.266+0000][1][safepoint    ] Leaving safepoint region
[2022-06-13T01:32:26.266+0000][1][safepoint    ] Total time for which application threads were stopped: 0.0007586 seconds, Stopping threads took: 0.0002611 seconds
[2022-06-13T01:32:26.320+0000][1][safepoint    ] Application time: 0.0537681 seconds
[2022-06-13T01:32:26.321+0000][1][safepoint    ] Entering safepoint region: CollectForMetadataAllocation
[2022-06-13T01:32:26.321+0000][1][safepoint    ] Leaving safepoint region
[2022-06-13T01:32:26.322+0000][1][safepoint    ] Total time for which application threads were stopped: 0.0009475 seconds, Stopping threads took: 0.0004920 seconds
[2022-06-13T01:32:26.352+0000][1][safepoint    ] Application time: 0.0301025 seconds
[2022-06-13T01:32:26.353+0000][1][safepoint    ] Entering safepoint region: CollectForMetadataAllocation
[2022-06-13T01:32:26.353+0000][1][safepoint    ] Leaving safepoint region
[2022-06-13T01:32:26.353+0000][1][safepoint    ] Total time for which application threads were stopped: 0.0009880 seconds, Stopping threads took: 0.0002671 seconds
[2022-06-13T01:32:26.373+0000][1][safepoint    ] Application time: 0.0190487 seconds
[2022-06-13T01:32:26.373+0000][1][safepoint    ] Entering safepoint region: CollectForMetadataAllocation
[2022-06-13T01:32:26.374+0000][1][safepoint    ] Leaving safepoint region
[2022-06-13T01:32:26.374+0000][1][safepoint    ] Total time for which application threads were stopped: 0.0007234 seconds, Stopping threads took: 0.0002455 seconds
[2022-06-13T01:32:26.401+0000][1][safepoint    ] Application time: 0.0266706 seconds
[2022-06-13T01:32:26.401+0000][1][safepoint    ] Entering safepoint region: CollectForMetadataAllocation
[2022-06-13T01:32:26.401+0000][1][safepoint    ] Leaving safepoint region
[2022-06-13T01:32:26.402+0000][1][safepoint    ] Total time for which application threads were stopped: 0.0006366 seconds, Stopping threads took: 0.0002183 seconds
[2022-06-13T01:32:26.439+0000][1][safepoint    ] Application time: 0.0371145 seconds
[2022-06-13T01:32:26.439+0000][1][safepoint    ] Entering safepoint region: CollectForMetadataAllocation
[2022-06-13T01:32:26.440+0000][1][safepoint    ] Leaving safepoint region
[2022-06-13T01:32:26.440+0000][1][safepoint    ] Total time for which application threads were stopped: 0.0006331 seconds, Stopping threads took: 0.0002642 seconds
[2022-06-13T01:32:26.473+0000][1][safepoint    ] Application time: 0.0330004 seconds
[2022-06-13T01:32:26.474+0000][1][safepoint    ] Entering safepoint region: CollectForMetadataAllocation
[2022-06-13T01:32:26.474+0000][1][safepoint    ] Leaving safepoint region
[2022-06-13T01:32:26.474+0000][1][safepoint    ] Total time for which application threads were stopped: 0.0008802 seconds, Stopping threads took: 0.0002792 seconds
[2022-06-13T01:32:26.504+0000][1][safepoint    ] Application time: 0.0292227 seconds
[2022-06-13T01:32:26.504+0000][1][safepoint    ] Entering safepoint region: CollectForMetadataAllocation
[2022-06-13T01:32:26.505+0000][1][safepoint    ] Leaving safepoint region
[2022-06-13T01:32:26.505+0000][1][safepoint    ] Total time for which application threads were stopped: 0.0009371 seconds, Stopping threads took: 0.0003209 seconds
[2022-06-13T01:32:26.531+0000][1][safepoint    ] Application time: 0.0250093 seconds
[2022-06-13T01:32:26.531+0000][1][safepoint    ] Entering safepoint region: CollectForMetadataAllocation
[2022-06-13T01:32:26.531+0000][1][safepoint    ] Leaving safepoint region
[2022-06-13T01:32:26.531+0000][1][safepoint    ] Total time for which application threads were stopped: 0.0005947 seconds, Stopping threads took: 0.0002553 seconds
[2022-06-13T01:32:26.552+0000][1][safepoint    ] Application time: 0.0207859 seconds
[2022-06-13T01:32:26.553+0000][1][safepoint    ] Entering safepoint region: CollectForMetadataAllocation
[2022-06-13T01:32:26.553+0000][1][safepoint    ] Leaving safepoint region
[2022-06-13T01:32:26.553+0000][1][safepoint    ] Total time for which application threads were stopped: 0.0007124 seconds, Stopping threads took: 0.0002733 seconds
[2022-06-13T01:32:26.576+0000][1][safepoint    ] Application time: 0.0220896 seconds
[2022-06-13T01:32:26.576+0000][1][safepoint    ] Entering safepoint region: CollectForMetadataAllocation
[2022-06-13T01:32:26.577+0000][1][safepoint    ] Leaving safepoint region
[2022-06-13T01:32:26.577+0000][1][safepoint    ] Total time for which application threads were stopped: 0.0006821 seconds, Stopping threads took: 0.0002802 seconds
[2022-06-13T01:32:26.614+0000][1][safepoint    ] Application time: 0.0373436 seconds
[2022-06-13T01:32:26.615+0000][1][safepoint    ] Entering safepoint region: CollectForMetadataAllocation
[2022-06-13T01:32:26.616+0000][1][safepoint    ] Leaving safepoint region
[2022-06-13T01:32:26.616+0000][1][safepoint    ] Total time for which application threads were stopped: 0.0014266 seconds, Stopping threads took: 0.0007068 seconds
[2022-06-13T01:32:26.646+0000][1][safepoint    ] Application time: 0.0291250 seconds
[2022-06-13T01:32:26.647+0000][1][safepoint    ] Entering safepoint region: CollectForMetadataAllocation
[2022-06-13T01:32:26.648+0000][1][safepoint    ] Leaving safepoint region
[2022-06-13T01:32:26.648+0000][1][safepoint    ] Total time for which application threads were stopped: 0.0013353 seconds, Stopping threads took: 0.0005180 seconds
[2022-06-13T01:32:26.675+0000][1][safepoint    ] Application time: 0.0261171 seconds
[2022-06-13T01:32:26.675+0000][1][safepoint    ] Entering safepoint region: CollectForMetadataAllocation
[2022-06-13T01:32:26.676+0000][1][safepoint    ] Leaving safepoint region
[2022-06-13T01:32:26.676+0000][1][safepoint    ] Total time for which application threads were stopped: 0.0010863 seconds, Stopping threads took: 0.0004579 seconds
[2022-06-13T01:32:26.713+0000][1][safepoint    ] Application time: 0.0360172 seconds
[2022-06-13T01:32:26.713+0000][1][safepoint    ] Entering safepoint region: CollectForMetadataAllocation
[2022-06-13T01:32:26.714+0000][1][safepoint    ] Leaving safepoint region
[2022-06-13T01:32:26.714+0000][1][safepoint    ] Total time for which application threads were stopped: 0.0010891 seconds, Stopping threads took: 0.0002007 seconds
[2022-06-13T01:32:26.749+0000][1][safepoint    ] Application time: 0.0349727 seconds
[2022-06-13T01:32:26.750+0000][1][safepoint    ] Entering safepoint region: CollectForMetadataAllocation
[2022-06-13T01:32:26.751+0000][1][safepoint    ] Leaving safepoint region
[2022-06-13T01:32:26.751+0000][1][safepoint    ] Total time for which application threads were stopped: 0.0008698 seconds, Stopping threads took: 0.0004341 seconds
[2022-06-13T01:32:26.770+0000][1][safepoint    ] Application time: 0.0183733 seconds
[2022-06-13T01:32:26.771+0000][1][safepoint    ] Entering safepoint region: RevokeBias
[2022-06-13T01:32:26.771+0000][1][safepoint    ] Leaving safepoint region
[2022-06-13T01:32:26.771+0000][1][safepoint    ] Total time for which application threads were stopped: 0.0007387 seconds, Stopping threads took: 0.0003661 seconds
[2022-06-13T01:32:26.772+0000][1][safepoint    ] Application time: 0.0003589 seconds
[2022-06-13T01:32:26.774+0000][1][safepoint    ] Entering safepoint region: RevokeBias
[2022-06-13T01:32:26.774+0000][1][safepoint    ] Leaving safepoint region
[2022-06-13T01:32:26.774+0000][1][safepoint    ] Total time for which application threads were stopped: 0.0017835 seconds, Stopping threads took: 0.0013810 seconds
[2022-06-13T01:32:26.781+0000][1][safepoint    ] Application time: 0.0064055 seconds
[2022-06-13T01:32:26.782+0000][1][safepoint    ] Entering safepoint region: CollectForMetadataAllocation
[2022-06-13T01:32:26.783+0000][1][safepoint    ] Leaving safepoint region
[2022-06-13T01:32:26.783+0000][1][safepoint    ] Total time for which application threads were stopped: 0.0011144 seconds, Stopping threads took: 0.0005608 seconds
[2022-06-13T01:32:27.206+0000][1][safepoint    ] Application time: 0.4231608 seconds
[2022-06-13T01:32:27.207+0000][1][safepoint    ] Entering safepoint region: CollectForMetadataAllocation
[2022-06-13T01:32:27.207+0000][1][safepoint    ] Leaving safepoint region
[2022-06-13T01:32:27.208+0000][1][safepoint    ] Total time for which application threads were stopped: 0.0010899 seconds, Stopping threads took: 0.0004127 seconds
[2022-06-13T01:32:27.519+0000][1][safepoint    ] Application time: 0.3103535 seconds
[2022-06-13T01:32:27.519+0000][1][safepoint    ] Entering safepoint region: CMS_Initial_Mark
[2022-06-13T01:32:27.519+0000][1][gc,start     ] GC(17) Pause Initial Mark
[2022-06-13T01:32:27.526+0000][1][gc           ] GC(17) Pause Initial Mark 127M->127M(247M) 6.881ms
[2022-06-13T01:32:27.527+0000][1][gc,cpu       ] GC(17) User=0.03s Sys=0.00s Real=0.00s
[2022-06-13T01:32:27.527+0000][1][safepoint    ] Leaving safepoint region
[2022-06-13T01:32:27.527+0000][1][safepoint    ] Total time for which application threads were stopped: 0.0081537 seconds, Stopping threads took: 0.0003222 seconds
[2022-06-13T01:32:27.527+0000][1][gc           ] GC(17) Concurrent Mark
[2022-06-13T01:32:27.528+0000][1][gc,task      ] GC(17) Using 4 workers of 4 for marking
[2022-06-13T01:32:27.563+0000][1][gc           ] GC(17) Concurrent Mark 36.001ms
[2022-06-13T01:32:27.564+0000][1][gc,cpu       ] GC(17) User=0.17s Sys=0.00s Real=0.04s
[2022-06-13T01:32:27.564+0000][1][gc           ] GC(17) Concurrent Preclean
[2022-06-13T01:32:27.569+0000][1][gc           ] GC(17) Concurrent Preclean 4.316ms
[2022-06-13T01:32:27.569+0000][1][gc,cpu       ] GC(17) User=0.00s Sys=0.00s Real=0.00s
[2022-06-13T01:32:27.569+0000][1][gc           ] GC(17) Concurrent Abortable Preclean
[2022-06-13T01:32:27.650+0000][1][safepoint    ] Application time: 0.1223219 seconds
[2022-06-13T01:32:27.650+0000][1][safepoint    ] Entering safepoint region: CollectForMetadataAllocation
[2022-06-13T01:32:27.650+0000][1][safepoint    ] Leaving safepoint region
[2022-06-13T01:32:27.651+0000][1][safepoint    ] Total time for which application threads were stopped: 0.0008155 seconds, Stopping threads took: 0.0002619 seconds
[2022-06-13T01:32:27.652+0000][1][safepoint    ] Application time: 0.0013900 seconds
[2022-06-13T01:32:27.653+0000][1][safepoint    ] Entering safepoint region: GenCollectForAllocation
[2022-06-13T01:32:27.653+0000][1][gc,start     ] GC(18) Pause Young (Allocation Failure)
[2022-06-13T01:32:27.653+0000][1][gc,task      ] GC(18) Using 5 workers of 13 for evacuation
[2022-06-13T01:32:27.658+0000][1][gc,age       ] GC(18) Desired survivor size 4456448 bytes, new threshold 6 (max threshold 6)
[2022-06-13T01:32:27.659+0000][1][gc,age       ] GC(18) Age table with threshold 6 (max threshold 6)
[2022-06-13T01:32:27.659+0000][1][gc,age       ] GC(18) - age   1:    3771752 bytes,    3771752 total
[2022-06-13T01:32:27.659+0000][1][gc,age       ] GC(18) - age   2:     388984 bytes,    4160736 total
[2022-06-13T01:32:27.659+0000][1][gc,heap      ] GC(18) ParNew: 75890K->5029K(78656K)
[2022-06-13T01:32:27.659+0000][1][gc,heap      ] GC(18) CMS: 55846K->55846K(174784K)
[2022-06-13T01:32:27.660+0000][1][gc,metaspace ] GC(18) Metaspace: 42356K->42356K(1089536K)
[2022-06-13T01:32:27.660+0000][1][gc           ] GC(18) Pause Young (Allocation Failure) 128M->59M(247M) 6.861ms
[2022-06-13T01:32:27.660+0000][1][gc,cpu       ] GC(18) User=0.03s Sys=0.00s Real=0.01s
[2022-06-13T01:32:27.660+0000][1][safepoint    ] Leaving safepoint region
[2022-06-13T01:32:27.661+0000][1][safepoint    ] Total time for which application threads were stopped: 0.0079976 seconds, Stopping threads took: 0.0003041 seconds
[2022-06-13T01:32:27.662+0000][1][safepoint    ] Application time: 0.0008173 seconds
[2022-06-13T01:32:27.662+0000][1][safepoint    ] Entering safepoint region: RevokeBias
[2022-06-13T01:32:27.662+0000][1][safepoint    ] Leaving safepoint region
[2022-06-13T01:32:27.662+0000][1][safepoint    ] Total time for which application threads were stopped: 0.0005456 seconds, Stopping threads took: 0.0002329 seconds
[2022-06-13T01:32:27.702+0000][1][safepoint    ] Application time: 0.0391500 seconds
[2022-06-13T01:32:27.702+0000][1][safepoint    ] Entering safepoint region: CollectForMetadataAllocation
[2022-06-13T01:32:27.702+0000][1][safepoint    ] Leaving safepoint region
[2022-06-13T01:32:27.703+0000][1][safepoint    ] Total time for which application threads were stopped: 0.0007817 seconds, Stopping threads took: 0.0001617 seconds
[2022-06-13T01:32:27.999+0000][1][safepoint    ] Application time: 0.2963910 seconds
[2022-06-13T01:32:28.001+0000][1][safepoint    ] Entering safepoint region: CollectForMetadataAllocation
[2022-06-13T01:32:28.003+0000][1][safepoint    ] Leaving safepoint region
[2022-06-13T01:32:28.004+0000][1][safepoint    ] Total time for which application threads were stopped: 0.0032214 seconds, Stopping threads took: 0.0012341 seconds
[2022-06-13T01:32:28.054+0000][1][safepoint    ] Application time: 0.0480570 seconds
[2022-06-13T01:32:28.054+0000][1][safepoint    ] Entering safepoint region: CollectForMetadataAllocation
[2022-06-13T01:32:28.055+0000][1][safepoint    ] Leaving safepoint region
[2022-06-13T01:32:28.055+0000][1][safepoint    ] Total time for which application threads were stopped: 0.0007085 seconds, Stopping threads took: 0.0002761 seconds
[2022-06-13T01:32:28.079+0000][1][safepoint    ] Application time: 0.0241109 seconds
[2022-06-13T01:32:28.080+0000][1][safepoint    ] Entering safepoint region: CollectForMetadataAllocation
[2022-06-13T01:32:28.081+0000][1][safepoint    ] Leaving safepoint region
[2022-06-13T01:32:28.081+0000][1][safepoint    ] Total time for which application threads were stopped: 0.0014368 seconds, Stopping threads took: 0.0005132 seconds
[2022-06-13T01:32:28.145+0000][1][safepoint    ] Application time: 0.0631636 seconds
[2022-06-13T01:32:28.145+0000][1][safepoint    ] Entering safepoint region: CollectForMetadataAllocation
[2022-06-13T01:32:28.146+0000][1][safepoint    ] Leaving safepoint region
[2022-06-13T01:32:28.147+0000][1][safepoint    ] Total time for which application threads were stopped: 0.0011096 seconds, Stopping threads took: 0.0003284 seconds
[2022-06-13T01:32:28.147+0000][1][gc           ] GC(17) Concurrent Abortable Preclean 577.712ms
[2022-06-13T01:32:28.147+0000][1][gc,cpu       ] GC(17) User=2.36s Sys=0.04s Real=0.57s
[2022-06-13T01:32:28.148+0000][1][safepoint    ] Application time: 0.0006380 seconds
[2022-06-13T01:32:28.148+0000][1][safepoint    ] Entering safepoint region: CMS_Final_Remark
[2022-06-13T01:32:28.148+0000][1][gc,start     ] GC(17) Pause Remark
[2022-06-13T01:32:28.187+0000][1][gc           ] GC(17) Pause Remark 95M->95M(247M) 38.305ms
[2022-06-13T01:32:28.188+0000][1][gc,cpu       ] GC(17) User=0.10s Sys=0.01s Real=0.04s
[2022-06-13T01:32:28.190+0000][1][safepoint    ] Leaving safepoint region
[2022-06-13T01:32:28.191+0000][1][safepoint    ] Total time for which application threads were stopped: 0.0432741 seconds, Stopping threads took: 0.0003135 seconds
[2022-06-13T01:32:28.203+0000][1][gc           ] GC(17) Concurrent Sweep
[2022-06-13T01:32:28.241+0000][1][gc           ] GC(17) Concurrent Sweep 37.785ms
[2022-06-13T01:32:28.242+0000][1][gc,cpu       ] GC(17) User=0.12s Sys=0.00s Real=0.04s
[2022-06-13T01:32:28.242+0000][1][gc           ] GC(17) Concurrent Reset
[2022-06-13T01:32:28.244+0000][1][gc           ] GC(17) Concurrent Reset 2.163ms
[2022-06-13T01:32:28.246+0000][1][gc,cpu       ] GC(17) User=0.01s Sys=0.00s Real=0.00s
[2022-06-13T01:32:28.246+0000][1][gc,heap      ] GC(17) Old: 55846K->55630K(174784K)
[2022-06-13T01:32:28.287+0000][1][safepoint    ] Application time: 0.0951094 seconds
[2022-06-13T01:32:28.288+0000][1][safepoint    ] Entering safepoint region: RevokeBias
[2022-06-13T01:32:28.291+0000][1][safepoint    ] Leaving safepoint region
[2022-06-13T01:32:28.291+0000][1][safepoint    ] Total time for which application threads were stopped: 0.0035341 seconds, Stopping threads took: 0.0018992 seconds
[2022-06-13T01:32:28.294+0000][1][safepoint    ] Application time: 0.0026975 seconds
[2022-06-13T01:32:28.295+0000][1][safepoint    ] Entering safepoint region: RevokeBias
[2022-06-13T01:32:28.295+0000][1][safepoint    ] Leaving safepoint region
[2022-06-13T01:32:28.296+0000][1][safepoint    ] Total time for which application threads were stopped: 0.0011827 seconds, Stopping threads took: 0.0006131 seconds
[2022-06-13T01:32:28.389+0000][1][safepoint    ] Application time: 0.0929413 seconds
[2022-06-13T01:32:28.396+0000][1][safepoint    ] Entering safepoint region: RevokeBias
[2022-06-13T01:32:28.396+0000][1][safepoint    ] Leaving safepoint region
[2022-06-13T01:32:28.397+0000][1][safepoint    ] Total time for which application threads were stopped: 0.0010553 seconds, Stopping threads took: 0.0004534 seconds
[2022-06-13T01:32:28.431+0000][1][safepoint    ] Application time: 0.0335665 seconds
[2022-06-13T01:32:28.431+0000][1][safepoint    ] Entering safepoint region: RevokeBias
[2022-06-13T01:32:28.431+0000][1][safepoint    ] Leaving safepoint region
[2022-06-13T01:32:28.432+0000][1][safepoint    ] Total time for which application threads were stopped: 0.0005555 seconds, Stopping threads took: 0.0002800 seconds
[2022-06-13T01:32:28.439+0000][1][safepoint    ] Application time: 0.0067007 seconds
[2022-06-13T01:32:28.439+0000][1][safepoint    ] Entering safepoint region: RevokeBias
[2022-06-13T01:32:28.439+0000][1][safepoint    ] Leaving safepoint region
[2022-06-13T01:32:28.439+0000][1][safepoint    ] Total time for which application threads were stopped: 0.0005998 seconds, Stopping threads took: 0.0002531 seconds
[2022-06-13T01:32:28.793+0000][1][safepoint    ] Application time: 0.3536233 seconds
[2022-06-13T01:32:28.794+0000][1][safepoint    ] Entering safepoint region: RevokeBias
[2022-06-13T01:32:28.795+0000][1][safepoint    ] Leaving safepoint region
[2022-06-13T01:32:28.795+0000][1][safepoint    ] Total time for which application threads were stopped: 0.0017197 seconds, Stopping threads took: 0.0006994 seconds
[2022-06-13T01:32:28.796+0000][1][safepoint    ] Application time: 0.0001126 seconds
[2022-06-13T01:32:28.796+0000][1][safepoint    ] Entering safepoint region: RevokeBias
[2022-06-13T01:32:28.797+0000][1][safepoint    ] Leaving safepoint region
[2022-06-13T01:32:28.797+0000][1][safepoint    ] Total time for which application threads were stopped: 0.0006865 seconds, Stopping threads took: 0.0002982 seconds
[2022-06-13T01:32:28.797+0000][1][safepoint    ] Application time: 0.0003408 seconds
[2022-06-13T01:32:28.798+0000][1][safepoint    ] Entering safepoint region: RevokeBias
[2022-06-13T01:32:28.798+0000][1][safepoint    ] Leaving safepoint region
[2022-06-13T01:32:28.798+0000][1][safepoint    ] Total time for which application threads were stopped: 0.0005318 seconds, Stopping threads took: 0.0002654 seconds
[2022-06-13T01:32:28.799+0000][1][safepoint    ] Application time: 0.0009176 seconds
[2022-06-13T01:32:28.800+0000][1][safepoint    ] Entering safepoint region: RevokeBias
[2022-06-13T01:32:28.801+0000][1][safepoint    ] Leaving safepoint region
[2022-06-13T01:32:28.801+0000][1][safepoint    ] Total time for which application threads were stopped: 0.0007299 seconds, Stopping threads took: 0.0003362 seconds
[2022-06-13T01:32:28.802+0000][1][safepoint    ] Application time: 0.0005722 seconds
[2022-06-13T01:32:28.802+0000][1][safepoint    ] Entering safepoint region: RevokeBias
[2022-06-13T01:32:28.803+0000][1][safepoint    ] Leaving safepoint region
[2022-06-13T01:32:28.803+0000][1][safepoint    ] Total time for which application threads were stopped: 0.0007947 seconds, Stopping threads took: 0.0004702 seconds
[2022-06-13T01:32:28.803+0000][1][safepoint    ] Application time: 0.0002912 seconds
[2022-06-13T01:32:28.804+0000][1][safepoint    ] Entering safepoint region: RevokeBias
[2022-06-13T01:32:28.804+0000][1][safepoint    ] Leaving safepoint region
[2022-06-13T01:32:28.805+0000][1][safepoint    ] Total time for which application threads were stopped: 0.0006378 seconds, Stopping threads took: 0.0003821 seconds
[2022-06-13T01:32:28.807+0000][1][safepoint    ] Application time: 0.0022168 seconds
[2022-06-13T01:32:28.808+0000][1][safepoint    ] Entering safepoint region: RevokeBias
[2022-06-13T01:32:28.808+0000][1][safepoint    ] Leaving safepoint region
[2022-06-13T01:32:28.808+0000][1][safepoint    ] Total time for which application threads were stopped: 0.0008963 seconds, Stopping threads took: 0.0004855 seconds
[2022-06-13T01:32:28.809+0000][1][safepoint    ] Application time: 0.0002124 seconds
[2022-06-13T01:32:28.809+0000][1][safepoint    ] Entering safepoint region: RevokeBias
[2022-06-13T01:32:28.810+0000][1][safepoint    ] Leaving safepoint region
[2022-06-13T01:32:28.810+0000][1][safepoint    ] Total time for which application threads were stopped: 0.0006865 seconds, Stopping threads took: 0.0003299 seconds
[2022-06-13T01:32:28.810+0000][1][safepoint    ] Application time: 0.0000874 seconds
[2022-06-13T01:32:28.811+0000][1][safepoint    ] Entering safepoint region: RevokeBias
[2022-06-13T01:32:28.811+0000][1][safepoint    ] Leaving safepoint region
[2022-06-13T01:32:28.812+0000][1][safepoint    ] Total time for which application threads were stopped: 0.0012044 seconds, Stopping threads took: 0.0008897 seconds
[2022-06-13T01:32:28.812+0000][1][safepoint    ] Application time: 0.0000906 seconds
[2022-06-13T01:32:28.812+0000][1][safepoint    ] Entering safepoint region: RevokeBias
[2022-06-13T01:32:28.813+0000][1][safepoint    ] Leaving safepoint region
[2022-06-13T01:32:28.813+0000][1][safepoint    ] Total time for which application threads were stopped: 0.0005837 seconds, Stopping threads took: 0.0002610 seconds
[2022-06-13T01:32:28.813+0000][1][safepoint    ] Application time: 0.0000745 seconds
[2022-06-13T01:32:28.814+0000][1][safepoint    ] Entering safepoint region: RevokeBias
[2022-06-13T01:32:28.814+0000][1][safepoint    ] Leaving safepoint region
[2022-06-13T01:32:28.814+0000][1][safepoint    ] Total time for which application threads were stopped: 0.0007120 seconds, Stopping threads took: 0.0004427 seconds
[2022-06-13T01:32:28.814+0000][1][safepoint    ] Application time: 0.0001348 seconds
[2022-06-13T01:32:28.815+0000][1][safepoint    ] Entering safepoint region: RevokeBias
[2022-06-13T01:32:28.815+0000][1][safepoint    ] Leaving safepoint region
[2022-06-13T01:32:28.816+0000][1][safepoint    ] Total time for which application threads were stopped: 0.0007842 seconds, Stopping threads took: 0.0002919 seconds
[2022-06-13T01:32:28.816+0000][1][safepoint    ] Application time: 0.0001586 seconds
[2022-06-13T01:32:28.816+0000][1][safepoint    ] Entering safepoint region: RevokeBias
[2022-06-13T01:32:28.817+0000][1][safepoint    ] Leaving safepoint region
[2022-06-13T01:32:28.817+0000][1][safepoint    ] Total time for which application threads were stopped: 0.0006443 seconds, Stopping threads took: 0.0002740 seconds
[2022-06-13T01:32:28.818+0000][1][safepoint    ] Application time: 0.0003968 seconds
[2022-06-13T01:32:28.818+0000][1][safepoint    ] Entering safepoint region: RevokeBias
[2022-06-13T01:32:28.818+0000][1][safepoint    ] Leaving safepoint region
[2022-06-13T01:32:28.819+0000][1][safepoint    ] Total time for which application threads were stopped: 0.0005961 seconds, Stopping threads took: 0.0002787 seconds
[2022-06-13T01:32:28.820+0000][1][safepoint    ] Application time: 0.0005231 seconds
[2022-06-13T01:32:28.820+0000][1][safepoint    ] Entering safepoint region: RevokeBias
[2022-06-13T01:32:28.820+0000][1][safepoint    ] Leaving safepoint region
[2022-06-13T01:32:28.820+0000][1][safepoint    ] Total time for which application threads were stopped: 0.0005860 seconds, Stopping threads took: 0.0002816 seconds
[2022-06-13T01:32:28.821+0000][1][safepoint    ] Application time: 0.0002767 seconds
[2022-06-13T01:32:28.822+0000][1][safepoint    ] Entering safepoint region: RevokeBias
[2022-06-13T01:32:28.822+0000][1][safepoint    ] Leaving safepoint region
[2022-06-13T01:32:28.823+0000][1][safepoint    ] Total time for which application threads were stopped: 0.0012142 seconds, Stopping threads took: 0.0008952 seconds
[2022-06-13T01:32:28.823+0000][1][safepoint    ] Application time: 0.0003220 seconds
[2022-06-13T01:32:28.824+0000][1][safepoint    ] Entering safepoint region: RevokeBias
[2022-06-13T01:32:28.824+0000][1][safepoint    ] Leaving safepoint region
[2022-06-13T01:32:28.824+0000][1][safepoint    ] Total time for which application threads were stopped: 0.0006485 seconds, Stopping threads took: 0.0003042 seconds
[2022-06-13T01:32:28.825+0000][1][safepoint    ] Application time: 0.0002037 seconds
[2022-06-13T01:32:28.825+0000][1][safepoint    ] Entering safepoint region: RevokeBias
[2022-06-13T01:32:28.825+0000][1][safepoint    ] Leaving safepoint region
[2022-06-13T01:32:28.826+0000][1][safepoint    ] Total time for which application threads were stopped: 0.0006233 seconds, Stopping threads took: 0.0002271 seconds
[2022-06-13T01:32:28.826+0000][1][safepoint    ] Application time: 0.0001498 seconds
[2022-06-13T01:32:28.826+0000][1][safepoint    ] Entering safepoint region: RevokeBias
[2022-06-13T01:32:28.827+0000][1][safepoint    ] Leaving safepoint region
[2022-06-13T01:32:28.827+0000][1][safepoint    ] Total time for which application threads were stopped: 0.0005066 seconds, Stopping threads took: 0.0002558 seconds
[2022-06-13T01:32:28.827+0000][1][safepoint    ] Application time: 0.0001686 seconds
[2022-06-13T01:32:28.828+0000][1][safepoint    ] Entering safepoint region: RevokeBias
[2022-06-13T01:32:28.828+0000][1][safepoint    ] Leaving safepoint region
[2022-06-13T01:32:28.828+0000][1][safepoint    ] Total time for which application threads were stopped: 0.0007327 seconds, Stopping threads took: 0.0002924 seconds
[2022-06-13T01:32:28.829+0000][1][safepoint    ] Application time: 0.0001268 seconds
[2022-06-13T01:32:28.829+0000][1][safepoint    ] Entering safepoint region: RevokeBias
[2022-06-13T01:32:28.829+0000][1][safepoint    ] Leaving safepoint region
[2022-06-13T01:32:28.830+0000][1][safepoint    ] Total time for which application threads were stopped: 0.0006650 seconds, Stopping threads took: 0.0004398 seconds
[2022-06-13T01:32:28.830+0000][1][safepoint    ] Application time: 0.0001333 seconds
[2022-06-13T01:32:28.830+0000][1][safepoint    ] Entering safepoint region: RevokeBias
[2022-06-13T01:32:28.831+0000][1][safepoint    ] Leaving safepoint region
[2022-06-13T01:32:28.831+0000][1][safepoint    ] Total time for which application threads were stopped: 0.0006730 seconds, Stopping threads took: 0.0002774 seconds
[2022-06-13T01:32:28.831+0000][1][safepoint    ] Application time: 0.0001429 seconds
[2022-06-13T01:32:28.832+0000][1][safepoint    ] Entering safepoint region: RevokeBias
[2022-06-13T01:32:28.832+0000][1][safepoint    ] Leaving safepoint region
[2022-06-13T01:32:28.832+0000][1][safepoint    ] Total time for which application threads were stopped: 0.0006754 seconds, Stopping threads took: 0.0003494 seconds
[2022-06-13T01:32:28.833+0000][1][safepoint    ] Application time: 0.0001422 seconds
[2022-06-13T01:32:28.833+0000][1][safepoint    ] Entering safepoint region: RevokeBias
[2022-06-13T01:32:28.833+0000][1][safepoint    ] Leaving safepoint region
[2022-06-13T01:32:28.834+0000][1][safepoint    ] Total time for which application threads were stopped: 0.0007492 seconds, Stopping threads took: 0.0003069 seconds
[2022-06-13T01:32:28.834+0000][1][safepoint    ] Application time: 0.0001311 seconds
[2022-06-13T01:32:28.834+0000][1][safepoint    ] Entering safepoint region: RevokeBias
[2022-06-13T01:32:28.835+0000][1][safepoint    ] Leaving safepoint region
[2022-06-13T01:32:28.835+0000][1][safepoint    ] Total time for which application threads were stopped: 0.0008079 seconds, Stopping threads took: 0.0005025 seconds
[2022-06-13T01:32:28.836+0000][1][safepoint    ] Application time: 0.0001505 seconds
[2022-06-13T01:32:28.836+0000][1][safepoint    ] Entering safepoint region: RevokeBias
[2022-06-13T01:32:28.836+0000][1][safepoint    ] Leaving safepoint region
[2022-06-13T01:32:28.836+0000][1][safepoint    ] Total time for which application threads were stopped: 0.0005297 seconds, Stopping threads took: 0.0002331 seconds
[2022-06-13T01:32:28.837+0000][1][safepoint    ] Application time: 0.0001283 seconds
[2022-06-13T01:32:28.837+0000][1][safepoint    ] Entering safepoint region: RevokeBias
[2022-06-13T01:32:28.837+0000][1][safepoint    ] Leaving safepoint region
[2022-06-13T01:32:28.837+0000][1][safepoint    ] Total time for which application threads were stopped: 0.0004824 seconds, Stopping threads took: 0.0002166 seconds
[2022-06-13T01:32:28.838+0000][1][safepoint    ] Application time: 0.0001650 seconds
[2022-06-13T01:32:28.838+0000][1][safepoint    ] Entering safepoint region: RevokeBias
[2022-06-13T01:32:28.838+0000][1][safepoint    ] Leaving safepoint region
[2022-06-13T01:32:28.839+0000][1][safepoint    ] Total time for which application threads were stopped: 0.0005162 seconds, Stopping threads took: 0.0002286 seconds
[2022-06-13T01:32:28.839+0000][1][safepoint    ] Application time: 0.0001635 seconds
[2022-06-13T01:32:28.839+0000][1][safepoint    ] Entering safepoint region: RevokeBias
[2022-06-13T01:32:28.840+0000][1][safepoint    ] Leaving safepoint region
[2022-06-13T01:32:28.840+0000][1][safepoint    ] Total time for which application threads were stopped: 0.0005334 seconds, Stopping threads took: 0.0002910 seconds
[2022-06-13T01:32:28.840+0000][1][safepoint    ] Application time: 0.0001027 seconds
[2022-06-13T01:32:28.840+0000][1][safepoint    ] Entering safepoint region: RevokeBias
[2022-06-13T01:32:28.841+0000][1][safepoint    ] Leaving safepoint region
[2022-06-13T01:32:28.841+0000][1][safepoint    ] Total time for which application threads were stopped: 0.0005744 seconds, Stopping threads took: 0.0002620 seconds
[2022-06-13T01:32:28.841+0000][1][safepoint    ] Application time: 0.0001230 seconds
[2022-06-13T01:32:28.841+0000][1][safepoint    ] Entering safepoint region: RevokeBias
[2022-06-13T01:32:28.842+0000][1][safepoint    ] Leaving safepoint region
[2022-06-13T01:32:28.842+0000][1][safepoint    ] Total time for which application threads were stopped: 0.0005854 seconds, Stopping threads took: 0.0002207 seconds
[2022-06-13T01:32:28.842+0000][1][safepoint    ] Application time: 0.0001223 seconds
[2022-06-13T01:32:28.843+0000][1][safepoint    ] Entering safepoint region: RevokeBias
[2022-06-13T01:32:28.843+0000][1][safepoint    ] Leaving safepoint region
[2022-06-13T01:32:28.843+0000][1][safepoint    ] Total time for which application threads were stopped: 0.0005325 seconds, Stopping threads took: 0.0002584 seconds
[2022-06-13T01:32:28.844+0000][1][safepoint    ] Application time: 0.0001207 seconds
[2022-06-13T01:32:28.844+0000][1][safepoint    ] Entering safepoint region: RevokeBias
[2022-06-13T01:32:28.844+0000][1][safepoint    ] Leaving safepoint region
[2022-06-13T01:32:28.844+0000][1][safepoint    ] Total time for which application threads were stopped: 0.0005376 seconds, Stopping threads took: 0.0002276 seconds
[2022-06-13T01:32:28.845+0000][1][safepoint    ] Application time: 0.0001602 seconds
[2022-06-13T01:32:28.845+0000][1][safepoint    ] Entering safepoint region: RevokeBias
[2022-06-13T01:32:28.845+0000][1][safepoint    ] Leaving safepoint region
[2022-06-13T01:32:28.846+0000][1][safepoint    ] Total time for which application threads were stopped: 0.0008918 seconds, Stopping threads took: 0.0003918 seconds
[2022-06-13T01:32:28.846+0000][1][safepoint    ] Application time: 0.0001420 seconds
[2022-06-13T01:32:28.847+0000][1][safepoint    ] Entering safepoint region: BulkRevokeBias
[2022-06-13T01:32:28.847+0000][1][safepoint    ] Leaving safepoint region
[2022-06-13T01:32:28.847+0000][1][safepoint    ] Total time for which application threads were stopped: 0.0006649 seconds, Stopping threads took: 0.0002740 seconds
[2022-06-13T01:32:28.848+0000][1][safepoint    ] Application time: 0.0003874 seconds
[2022-06-13T01:32:28.848+0000][1][safepoint    ] Entering safepoint region: RevokeBias
[2022-06-13T01:32:28.848+0000][1][safepoint    ] Leaving safepoint region
[2022-06-13T01:32:28.849+0000][1][safepoint    ] Total time for which application threads were stopped: 0.0005389 seconds, Stopping threads took: 0.0002682 seconds
[2022-06-13T01:32:28.849+0000][1][safepoint    ] Application time: 0.0001584 seconds
[2022-06-13T01:32:28.849+0000][1][safepoint    ] Entering safepoint region: RevokeBias
[2022-06-13T01:32:28.849+0000][1][safepoint    ] Leaving safepoint region
[2022-06-13T01:32:28.850+0000][1][safepoint    ] Total time for which application threads were stopped: 0.0004736 seconds, Stopping threads took: 0.0001967 seconds
[2022-06-13T01:32:28.850+0000][1][safepoint    ] Application time: 0.0003137 seconds
[2022-06-13T01:32:28.850+0000][1][safepoint    ] Entering safepoint region: RevokeBias
[2022-06-13T01:32:28.851+0000][1][safepoint    ] Leaving safepoint region
[2022-06-13T01:32:28.851+0000][1][safepoint    ] Total time for which application threads were stopped: 0.0005946 seconds, Stopping threads took: 0.0002224 seconds
[2022-06-13T01:32:28.852+0000][1][safepoint    ] Application time: 0.0002712 seconds
[2022-06-13T01:32:28.852+0000][1][safepoint    ] Entering safepoint region: RevokeBias
[2022-06-13T01:32:28.852+0000][1][safepoint    ] Leaving safepoint region
[2022-06-13T01:32:28.852+0000][1][safepoint    ] Total time for which application threads were stopped: 0.0006070 seconds, Stopping threads took: 0.0002976 seconds
[2022-06-13T01:32:28.853+0000][1][safepoint    ] Application time: 0.0001840 seconds
[2022-06-13T01:32:28.853+0000][1][safepoint    ] Entering safepoint region: RevokeBias
[2022-06-13T01:32:28.854+0000][1][safepoint    ] Leaving safepoint region
[2022-06-13T01:32:28.854+0000][1][safepoint    ] Total time for which application threads were stopped: 0.0006524 seconds, Stopping threads took: 0.0003237 seconds
[2022-06-13T01:32:28.854+0000][1][safepoint    ] Application time: 0.0001545 seconds
[2022-06-13T01:32:28.855+0000][1][safepoint    ] Entering safepoint region: RevokeBias
[2022-06-13T01:32:28.855+0000][1][safepoint    ] Leaving safepoint region
[2022-06-13T01:32:28.855+0000][1][safepoint    ] Total time for which application threads were stopped: 0.0005336 seconds, Stopping threads took: 0.0002383 seconds
[2022-06-13T01:32:28.856+0000][1][safepoint    ] Application time: 0.0001573 seconds
[2022-06-13T01:32:28.856+0000][1][safepoint    ] Entering safepoint region: RevokeBias
[2022-06-13T01:32:28.856+0000][1][safepoint    ] Leaving safepoint region
[2022-06-13T01:32:28.856+0000][1][safepoint    ] Total time for which application threads were stopped: 0.0006470 seconds, Stopping threads took: 0.0002656 seconds
[2022-06-13T01:32:28.857+0000][1][safepoint    ] Application time: 0.0001663 seconds
[2022-06-13T01:32:28.857+0000][1][safepoint    ] Entering safepoint region: RevokeBias
[2022-06-13T01:32:28.857+0000][1][safepoint    ] Leaving safepoint region
[2022-06-13T01:32:28.858+0000][1][safepoint    ] Total time for which application threads were stopped: 0.0006333 seconds, Stopping threads took: 0.0002955 seconds
[2022-06-13T01:32:28.858+0000][1][safepoint    ] Application time: 0.0001503 seconds
[2022-06-13T01:32:28.858+0000][1][safepoint    ] Entering safepoint region: RevokeBias
[2022-06-13T01:32:28.859+0000][1][safepoint    ] Leaving safepoint region
[2022-06-13T01:32:28.859+0000][1][safepoint    ] Total time for which application threads were stopped: 0.0006375 seconds, Stopping threads took: 0.0002780 seconds
[2022-06-13T01:32:28.860+0000][1][safepoint    ] Application time: 0.0001424 seconds
[2022-06-13T01:32:28.860+0000][1][safepoint    ] Entering safepoint region: RevokeBias
[2022-06-13T01:32:28.860+0000][1][safepoint    ] Leaving safepoint region
[2022-06-13T01:32:28.861+0000][1][safepoint    ] Total time for which application threads were stopped: 0.0008252 seconds, Stopping threads took: 0.0002873 seconds
[2022-06-13T01:32:28.861+0000][1][safepoint    ] Application time: 0.0001524 seconds
[2022-06-13T01:32:28.862+0000][1][safepoint    ] Entering safepoint region: RevokeBias
[2022-06-13T01:32:28.862+0000][1][safepoint    ] Leaving safepoint region
[2022-06-13T01:32:28.862+0000][1][safepoint    ] Total time for which application threads were stopped: 0.0005911 seconds, Stopping threads took: 0.0002519 seconds
[2022-06-13T01:32:28.863+0000][1][safepoint    ] Application time: 0.0001045 seconds
[2022-06-13T01:32:28.863+0000][1][safepoint    ] Entering safepoint region: RevokeBias
[2022-06-13T01:32:28.863+0000][1][safepoint    ] Leaving safepoint region
[2022-06-13T01:32:28.863+0000][1][safepoint    ] Total time for which application threads were stopped: 0.0004189 seconds, Stopping threads took: 0.0001850 seconds
[2022-06-13T01:32:28.863+0000][1][safepoint    ] Application time: 0.0001272 seconds
[2022-06-13T01:32:28.864+0000][1][safepoint    ] Entering safepoint region: RevokeBias
[2022-06-13T01:32:28.864+0000][1][safepoint    ] Leaving safepoint region
[2022-06-13T01:32:28.864+0000][1][safepoint    ] Total time for which application threads were stopped: 0.0004671 seconds, Stopping threads took: 0.0002130 seconds
[2022-06-13T01:32:28.864+0000][1][safepoint    ] Application time: 0.0000992 seconds
[2022-06-13T01:32:28.865+0000][1][safepoint    ] Entering safepoint region: RevokeBias
[2022-06-13T01:32:28.865+0000][1][safepoint    ] Leaving safepoint region
[2022-06-13T01:32:28.865+0000][1][safepoint    ] Total time for which application threads were stopped: 0.0004160 seconds, Stopping threads took: 0.0001824 seconds
[2022-06-13T01:32:28.865+0000][1][safepoint    ] Application time: 0.0001128 seconds
[2022-06-13T01:32:28.865+0000][1][safepoint    ] Entering safepoint region: RevokeBias
[2022-06-13T01:32:28.866+0000][1][safepoint    ] Leaving safepoint region
[2022-06-13T01:32:28.866+0000][1][safepoint    ] Total time for which application threads were stopped: 0.0004807 seconds, Stopping threads took: 0.0002213 seconds
[2022-06-13T01:32:28.866+0000][1][safepoint    ] Application time: 0.0001207 seconds
[2022-06-13T01:32:28.867+0000][1][safepoint    ] Entering safepoint region: RevokeBias
[2022-06-13T01:32:28.867+0000][1][safepoint    ] Leaving safepoint region
[2022-06-13T01:32:28.867+0000][1][safepoint    ] Total time for which application threads were stopped: 0.0004801 seconds, Stopping threads took: 0.0002375 seconds
[2022-06-13T01:32:28.867+0000][1][safepoint    ] Application time: 0.0001135 seconds
[2022-06-13T01:32:28.868+0000][1][safepoint    ] Entering safepoint region: RevokeBias
[2022-06-13T01:32:28.868+0000][1][safepoint    ] Leaving safepoint region
[2022-06-13T01:32:28.868+0000][1][safepoint    ] Total time for which application threads were stopped: 0.0004112 seconds, Stopping threads took: 0.0001922 seconds
[2022-06-13T01:32:28.868+0000][1][safepoint    ] Application time: 0.0001359 seconds
[2022-06-13T01:32:28.868+0000][1][safepoint    ] Entering safepoint region: RevokeBias
[2022-06-13T01:32:28.869+0000][1][safepoint    ] Leaving safepoint region
[2022-06-13T01:32:28.869+0000][1][safepoint    ] Total time for which application threads were stopped: 0.0004938 seconds, Stopping threads took: 0.0002041 seconds
[2022-06-13T01:32:28.869+0000][1][safepoint    ] Application time: 0.0001211 seconds
[2022-06-13T01:32:28.870+0000][1][safepoint    ] Entering safepoint region: RevokeBias
[2022-06-13T01:32:28.870+0000][1][safepoint    ] Leaving safepoint region
[2022-06-13T01:32:28.870+0000][1][safepoint    ] Total time for which application threads were stopped: 0.0005772 seconds, Stopping threads took: 0.0002899 seconds
[2022-06-13T01:32:28.871+0000][1][safepoint    ] Application time: 0.0002744 seconds
[2022-06-13T01:32:28.871+0000][1][safepoint    ] Entering safepoint region: RevokeBias
[2022-06-13T01:32:28.871+0000][1][safepoint    ] Leaving safepoint region
[2022-06-13T01:32:28.872+0000][1][safepoint    ] Total time for which application threads were stopped: 0.0005439 seconds, Stopping threads took: 0.0002574 seconds
[2022-06-13T01:32:28.872+0000][1][safepoint    ] Application time: 0.0001193 seconds
[2022-06-13T01:32:28.872+0000][1][safepoint    ] Entering safepoint region: RevokeBias
[2022-06-13T01:32:28.873+0000][1][safepoint    ] Leaving safepoint region
[2022-06-13T01:32:28.873+0000][1][safepoint    ] Total time for which application threads were stopped: 0.0005390 seconds, Stopping threads took: 0.0002842 seconds
[2022-06-13T01:32:28.873+0000][1][safepoint    ] Application time: 0.0000662 seconds
[2022-06-13T01:32:28.873+0000][1][safepoint    ] Entering safepoint region: RevokeBias
[2022-06-13T01:32:28.874+0000][1][safepoint    ] Leaving safepoint region
[2022-06-13T01:32:28.874+0000][1][safepoint    ] Total time for which application threads were stopped: 0.0006185 seconds, Stopping threads took: 0.0002761 seconds
[2022-06-13T01:32:28.874+0000][1][safepoint    ] Application time: 0.0001476 seconds
[2022-06-13T01:32:28.875+0000][1][safepoint    ] Entering safepoint region: RevokeBias
[2022-06-13T01:32:28.875+0000][1][safepoint    ] Leaving safepoint region
[2022-06-13T01:32:28.875+0000][1][safepoint    ] Total time for which application threads were stopped: 0.0005937 seconds, Stopping threads took: 0.0002659 seconds
[2022-06-13T01:32:28.876+0000][1][safepoint    ] Application time: 0.0001448 seconds
[2022-06-13T01:32:28.876+0000][1][safepoint    ] Entering safepoint region: RevokeBias
[2022-06-13T01:32:28.876+0000][1][safepoint    ] Leaving safepoint region
[2022-06-13T01:32:28.877+0000][1][safepoint    ] Total time for which application threads were stopped: 0.0007638 seconds, Stopping threads took: 0.0003295 seconds
[2022-06-13T01:32:28.877+0000][1][safepoint    ] Application time: 0.0001467 seconds
[2022-06-13T01:32:28.877+0000][1][safepoint    ] Entering safepoint region: BulkRevokeBias
[2022-06-13T01:32:28.878+0000][1][safepoint    ] Leaving safepoint region
[2022-06-13T01:32:28.878+0000][1][safepoint    ] Total time for which application threads were stopped: 0.0006845 seconds, Stopping threads took: 0.0002543 seconds
[2022-06-13T01:32:28.879+0000][1][safepoint    ] Application time: 0.0005743 seconds
[2022-06-13T01:32:28.880+0000][1][safepoint    ] Entering safepoint region: RevokeBias
[2022-06-13T01:32:28.880+0000][1][safepoint    ] Leaving safepoint region
[2022-06-13T01:32:28.880+0000][1][safepoint    ] Total time for which application threads were stopped: 0.0007820 seconds, Stopping threads took: 0.0005592 seconds
[2022-06-13T01:32:28.880+0000][1][safepoint    ] Application time: 0.0002086 seconds
[2022-06-13T01:32:28.881+0000][1][safepoint    ] Entering safepoint region: RevokeBias
[2022-06-13T01:32:28.881+0000][1][safepoint    ] Leaving safepoint region
[2022-06-13T01:32:28.881+0000][1][safepoint    ] Total time for which application threads were stopped: 0.0004419 seconds, Stopping threads took: 0.0002106 seconds
[2022-06-13T01:32:28.882+0000][1][safepoint    ] Application time: 0.0003024 seconds
[2022-06-13T01:32:28.882+0000][1][safepoint    ] Entering safepoint region: RevokeBias
[2022-06-13T01:32:28.882+0000][1][safepoint    ] Leaving safepoint region
[2022-06-13T01:32:28.883+0000][1][safepoint    ] Total time for which application threads were stopped: 0.0008615 seconds, Stopping threads took: 0.0005165 seconds
[2022-06-13T01:32:28.883+0000][1][safepoint    ] Application time: 0.0001868 seconds
[2022-06-13T01:32:28.883+0000][1][safepoint    ] Entering safepoint region: RevokeBias
[2022-06-13T01:32:28.884+0000][1][safepoint    ] Leaving safepoint region
[2022-06-13T01:32:28.884+0000][1][safepoint    ] Total time for which application threads were stopped: 0.0006571 seconds, Stopping threads took: 0.0004076 seconds
[2022-06-13T01:32:28.884+0000][1][safepoint    ] Application time: 0.0001327 seconds
[2022-06-13T01:32:28.885+0000][1][safepoint    ] Entering safepoint region: RevokeBias
[2022-06-13T01:32:28.886+0000][1][safepoint    ] Leaving safepoint region
[2022-06-13T01:32:28.886+0000][1][safepoint    ] Total time for which application threads were stopped: 0.0013024 seconds, Stopping threads took: 0.0009201 seconds
[2022-06-13T01:32:28.886+0000][1][safepoint    ] Application time: 0.0000714 seconds
[2022-06-13T01:32:28.887+0000][1][safepoint    ] Entering safepoint region: RevokeBias
[2022-06-13T01:32:28.887+0000][1][safepoint    ] Leaving safepoint region
[2022-06-13T01:32:28.888+0000][1][safepoint    ] Total time for which application threads were stopped: 0.0009476 seconds, Stopping threads took: 0.0005650 seconds
[2022-06-13T01:32:28.888+0000][1][safepoint    ] Application time: 0.0005838 seconds
[2022-06-13T01:32:28.889+0000][1][safepoint    ] Entering safepoint region: RevokeBias
[2022-06-13T01:32:28.889+0000][1][safepoint    ] Leaving safepoint region
[2022-06-13T01:32:28.889+0000][1][safepoint    ] Total time for which application threads were stopped: 0.0006917 seconds, Stopping threads took: 0.0003308 seconds
[2022-06-13T01:32:28.890+0000][1][safepoint    ] Application time: 0.0003224 seconds
[2022-06-13T01:32:28.891+0000][1][safepoint    ] Entering safepoint region: RevokeBias
[2022-06-13T01:32:28.891+0000][1][safepoint    ] Leaving safepoint region
[2022-06-13T01:32:28.891+0000][1][safepoint    ] Total time for which application threads were stopped: 0.0010673 seconds, Stopping threads took: 0.0005447 seconds
[2022-06-13T01:32:28.893+0000][1][safepoint    ] Application time: 0.0009269 seconds
[2022-06-13T01:32:28.893+0000][1][safepoint    ] Entering safepoint region: RevokeBias
[2022-06-13T01:32:28.894+0000][1][safepoint    ] Leaving safepoint region
[2022-06-13T01:32:28.894+0000][1][safepoint    ] Total time for which application threads were stopped: 0.0006273 seconds, Stopping threads took: 0.0002634 seconds
[2022-06-13T01:32:28.895+0000][1][safepoint    ] Application time: 0.0008919 seconds
[2022-06-13T01:32:28.895+0000][1][safepoint    ] Entering safepoint region: RevokeBias
[2022-06-13T01:32:28.896+0000][1][safepoint    ] Leaving safepoint region
[2022-06-13T01:32:28.896+0000][1][safepoint    ] Total time for which application threads were stopped: 0.0006522 seconds, Stopping threads took: 0.0002586 seconds
[2022-06-13T01:32:28.897+0000][1][safepoint    ] Application time: 0.0002523 seconds
[2022-06-13T01:32:28.897+0000][1][safepoint    ] Entering safepoint region: RevokeBias
[2022-06-13T01:32:28.897+0000][1][safepoint    ] Leaving safepoint region
[2022-06-13T01:32:28.898+0000][1][safepoint    ] Total time for which application threads were stopped: 0.0006930 seconds, Stopping threads took: 0.0003144 seconds
[2022-06-13T01:32:28.898+0000][1][safepoint    ] Application time: 0.0003413 seconds
[2022-06-13T01:32:28.899+0000][1][safepoint    ] Entering safepoint region: BulkRevokeBias
[2022-06-13T01:32:28.899+0000][1][safepoint    ] Leaving safepoint region
[2022-06-13T01:32:28.900+0000][1][safepoint    ] Total time for which application threads were stopped: 0.0007377 seconds, Stopping threads took: 0.0002748 seconds
[2022-06-13T01:32:28.900+0000][1][safepoint    ] Application time: 0.0001786 seconds
[2022-06-13T01:32:28.900+0000][1][safepoint    ] Entering safepoint region: RevokeBias
[2022-06-13T01:32:28.901+0000][1][safepoint    ] Leaving safepoint region
[2022-06-13T01:32:28.901+0000][1][safepoint    ] Total time for which application threads were stopped: 0.0005470 seconds, Stopping threads took: 0.0002451 seconds
[2022-06-13T01:32:28.902+0000][1][safepoint    ] Application time: 0.0007865 seconds
[2022-06-13T01:32:28.903+0000][1][safepoint    ] Entering safepoint region: RevokeBias
[2022-06-13T01:32:28.903+0000][1][safepoint    ] Leaving safepoint region
[2022-06-13T01:32:28.903+0000][1][safepoint    ] Total time for which application threads were stopped: 0.0006806 seconds, Stopping threads took: 0.0002947 seconds
[2022-06-13T01:32:28.907+0000][1][safepoint    ] Application time: 0.0031485 seconds
[2022-06-13T01:32:28.907+0000][1][safepoint    ] Entering safepoint region: RevokeBias
[2022-06-13T01:32:28.907+0000][1][safepoint    ] Leaving safepoint region
[2022-06-13T01:32:28.907+0000][1][safepoint    ] Total time for which application threads were stopped: 0.0005806 seconds, Stopping threads took: 0.0002413 seconds
[2022-06-13T01:32:28.908+0000][1][safepoint    ] Application time: 0.0001671 seconds
[2022-06-13T01:32:28.908+0000][1][safepoint    ] Entering safepoint region: RevokeBias
[2022-06-13T01:32:28.909+0000][1][safepoint    ] Leaving safepoint region
[2022-06-13T01:32:28.909+0000][1][safepoint    ] Total time for which application threads were stopped: 0.0006463 seconds, Stopping threads took: 0.0003143 seconds
[2022-06-13T01:32:28.911+0000][1][safepoint    ] Application time: 0.0019538 seconds
[2022-06-13T01:32:28.913+0000][1][safepoint    ] Entering safepoint region: RevokeBias
[2022-06-13T01:32:28.913+0000][1][safepoint    ] Leaving safepoint region
[2022-06-13T01:32:28.913+0000][1][safepoint    ] Total time for which application threads were stopped: 0.0018971 seconds, Stopping threads took: 0.0015240 seconds
[2022-06-13T01:32:28.915+0000][1][safepoint    ] Application time: 0.0017347 seconds
[2022-06-13T01:32:28.916+0000][1][safepoint    ] Entering safepoint region: RevokeBias
[2022-06-13T01:32:28.916+0000][1][safepoint    ] Leaving safepoint region
[2022-06-13T01:32:28.916+0000][1][safepoint    ] Total time for which application threads were stopped: 0.0006215 seconds, Stopping threads took: 0.0002565 seconds
[2022-06-13T01:32:28.916+0000][1][safepoint    ] Application time: 0.0001344 seconds
[2022-06-13T01:32:28.917+0000][1][safepoint    ] Entering safepoint region: RevokeBias
[2022-06-13T01:32:28.917+0000][1][safepoint    ] Leaving safepoint region
[2022-06-13T01:32:28.917+0000][1][safepoint    ] Total time for which application threads were stopped: 0.0005347 seconds, Stopping threads took: 0.0002218 seconds
[2022-06-13T01:32:28.918+0000][1][safepoint    ] Application time: 0.0004729 seconds
[2022-06-13T01:32:28.918+0000][1][safepoint    ] Entering safepoint region: RevokeBias
[2022-06-13T01:32:28.919+0000][1][safepoint    ] Leaving safepoint region
[2022-06-13T01:32:28.919+0000][1][safepoint    ] Total time for which application threads were stopped: 0.0007527 seconds, Stopping threads took: 0.0003500 seconds
[2022-06-13T01:32:28.938+0000][1][safepoint    ] Application time: 0.0182681 seconds
[2022-06-13T01:32:28.938+0000][1][safepoint    ] Entering safepoint region: GenCollectForAllocation
[2022-06-13T01:32:28.939+0000][1][gc,start     ] GC(19) Pause Young (Allocation Failure)
[2022-06-13T01:32:28.939+0000][1][gc,task      ] GC(19) Using 5 workers of 13 for evacuation
[2022-06-13T01:32:28.945+0000][1][gc,age       ] GC(19) Desired survivor size 4456448 bytes, new threshold 2 (max threshold 6)
[2022-06-13T01:32:28.946+0000][1][gc,age       ] GC(19) Age table with threshold 2 (max threshold 6)
[2022-06-13T01:32:28.946+0000][1][gc,age       ] GC(19) - age   1:    3112264 bytes,    3112264 total
[2022-06-13T01:32:28.946+0000][1][gc,age       ] GC(19) - age   2:    3665832 bytes,    6778096 total
[2022-06-13T01:32:28.946+0000][1][gc,age       ] GC(19) - age   3:     387008 bytes,    7165104 total
[2022-06-13T01:32:28.947+0000][1][gc,heap      ] GC(19) ParNew: 74981K->8473K(78656K)
[2022-06-13T01:32:28.947+0000][1][gc,heap      ] GC(19) CMS: 55630K->55630K(174784K)
[2022-06-13T01:32:28.947+0000][1][gc,metaspace ] GC(19) Metaspace: 47275K->47275K(1093632K)
[2022-06-13T01:32:28.947+0000][1][gc           ] GC(19) Pause Young (Allocation Failure) 127M->62M(247M) 8.796ms
[2022-06-13T01:32:28.948+0000][1][gc,cpu       ] GC(19) User=0.03s Sys=0.00s Real=0.01s
[2022-06-13T01:32:28.948+0000][1][safepoint    ] Leaving safepoint region
[2022-06-13T01:32:28.948+0000][1][safepoint    ] Total time for which application threads were stopped: 0.0104869 seconds, Stopping threads took: 0.0006742 seconds
[2022-06-13T01:32:29.252+0000][1][safepoint    ] Application time: 0.3032681 seconds
[2022-06-13T01:32:29.253+0000][1][safepoint    ] Entering safepoint region: RevokeBias
[2022-06-13T01:32:29.253+0000][1][safepoint    ] Leaving safepoint region
[2022-06-13T01:32:29.253+0000][1][safepoint    ] Total time for which application threads were stopped: 0.0008608 seconds, Stopping threads took: 0.0003578 seconds
[2022-06-13T01:32:29.586+0000][1][safepoint    ] Application time: 0.3326155 seconds
[2022-06-13T01:32:29.587+0000][1][safepoint    ] Entering safepoint region: RevokeBias
[2022-06-13T01:32:29.588+0000][1][safepoint    ] Leaving safepoint region
[2022-06-13T01:32:29.588+0000][1][safepoint    ] Total time for which application threads were stopped: 0.0010976 seconds, Stopping threads took: 0.0003129 seconds
[2022-06-13T01:32:29.694+0000][1][safepoint    ] Application time: 0.1055949 seconds
[2022-06-13T01:32:29.695+0000][1][safepoint    ] Entering safepoint region: RevokeBias
[2022-06-13T01:32:29.695+0000][1][safepoint    ] Leaving safepoint region
[2022-06-13T01:32:29.696+0000][1][safepoint    ] Total time for which application threads were stopped: 0.0014452 seconds, Stopping threads took: 0.0004666 seconds
[2022-06-13T01:32:29.697+0000][1][safepoint    ] Application time: 0.0009257 seconds
[2022-06-13T01:32:29.697+0000][1][safepoint    ] Entering safepoint region: RevokeBias
[2022-06-13T01:32:29.698+0000][1][safepoint    ] Leaving safepoint region
[2022-06-13T01:32:29.698+0000][1][safepoint    ] Total time for which application threads were stopped: 0.0007969 seconds, Stopping threads took: 0.0004333 seconds
[2022-06-13T01:32:29.699+0000][1][safepoint    ] Application time: 0.0003026 seconds
[2022-06-13T01:32:29.700+0000][1][safepoint    ] Entering safepoint region: RevokeBias
[2022-06-13T01:32:29.700+0000][1][safepoint    ] Leaving safepoint region
[2022-06-13T01:32:29.700+0000][1][safepoint    ] Total time for which application threads were stopped: 0.0012926 seconds, Stopping threads took: 0.0009162 seconds
[2022-06-13T01:32:29.733+0000][1][safepoint    ] Application time: 0.0326188 seconds
[2022-06-13T01:32:29.734+0000][1][safepoint    ] Entering safepoint region: GenCollectForAllocation
[2022-06-13T01:32:29.734+0000][1][gc,start     ] GC(20) Pause Young (Allocation Failure)
[2022-06-13T01:32:29.734+0000][1][gc,task      ] GC(20) Using 5 workers of 13 for evacuation
[2022-06-13T01:32:29.746+0000][1][gc,age       ] GC(20) Desired survivor size 4456448 bytes, new threshold 2 (max threshold 6)
[2022-06-13T01:32:29.746+0000][1][gc,age       ] GC(20) Age table with threshold 2 (max threshold 6)
[2022-06-13T01:32:29.746+0000][1][gc,age       ] GC(20) - age   1:    1465768 bytes,    1465768 total
[2022-06-13T01:32:29.746+0000][1][gc,age       ] GC(20) - age   2:    3054368 bytes,    4520136 total
[2022-06-13T01:32:29.747+0000][1][gc,heap      ] GC(20) ParNew: 78425K->6130K(78656K)
[2022-06-13T01:32:29.747+0000][1][gc,heap      ] GC(20) CMS: 55630K->59693K(174784K)
[2022-06-13T01:32:29.747+0000][1][gc,metaspace ] GC(20) Metaspace: 54100K->54100K(1099776K)
[2022-06-13T01:32:29.747+0000][1][gc           ] GC(20) Pause Young (Allocation Failure) 130M->64M(247M) 13.145ms
[2022-06-13T01:32:29.747+0000][1][gc,cpu       ] GC(20) User=0.06s Sys=0.00s Real=0.01s
[2022-06-13T01:32:29.748+0000][1][safepoint    ] Leaving safepoint region
[2022-06-13T01:32:29.748+0000][1][safepoint    ] Total time for which application threads were stopped: 0.0140334 seconds, Stopping threads took: 0.0003906 seconds
[2022-06-13T01:32:29.885+0000][1][safepoint    ] Application time: 0.1367063 seconds
[2022-06-13T01:32:29.885+0000][1][safepoint    ] Entering safepoint region: RevokeBias
[2022-06-13T01:32:29.886+0000][1][safepoint    ] Leaving safepoint region
[2022-06-13T01:32:29.886+0000][1][safepoint    ] Total time for which application threads were stopped: 0.0010400 seconds, Stopping threads took: 0.0004702 seconds
[2022-06-13T01:32:29.886+0000][1][safepoint    ] Application time: 0.0002568 seconds
[2022-06-13T01:32:29.887+0000][1][safepoint    ] Entering safepoint region: RevokeBias
[2022-06-13T01:32:29.887+0000][1][safepoint    ] Leaving safepoint region
[2022-06-13T01:32:29.888+0000][1][safepoint    ] Total time for which application threads were stopped: 0.0008038 seconds, Stopping threads took: 0.0004139 seconds
[2022-06-13T01:32:29.888+0000][1][safepoint    ] Application time: 0.0002963 seconds
[2022-06-13T01:32:29.888+0000][1][safepoint    ] Entering safepoint region: RevokeBias
[2022-06-13T01:32:29.889+0000][1][safepoint    ] Leaving safepoint region
[2022-06-13T01:32:29.889+0000][1][safepoint    ] Total time for which application threads were stopped: 0.0008040 seconds, Stopping threads took: 0.0004681 seconds
[2022-06-13T01:32:29.893+0000][1][safepoint    ] Application time: 0.0038044 seconds
[2022-06-13T01:32:29.894+0000][1][safepoint    ] Entering safepoint region: RevokeBias
[2022-06-13T01:32:29.894+0000][1][safepoint    ] Leaving safepoint region
[2022-06-13T01:32:29.894+0000][1][safepoint    ] Total time for which application threads were stopped: 0.0006202 seconds, Stopping threads took: 0.0003029 seconds
[2022-06-13T01:32:30.069+0000][1][safepoint    ] Application time: 0.1740625 seconds
[2022-06-13T01:32:30.069+0000][1][safepoint    ] Entering safepoint region: RevokeBias
[2022-06-13T01:32:30.071+0000][1][safepoint    ] Leaving safepoint region
[2022-06-13T01:32:30.071+0000][1][safepoint    ] Total time for which application threads were stopped: 0.0023662 seconds, Stopping threads took: 0.0002624 seconds
[2022-06-13T01:32:30.164+0000][1][safepoint    ] Application time: 0.0919938 seconds
[2022-06-13T01:32:30.164+0000][1][safepoint    ] Entering safepoint region: Deoptimize
[2022-06-13T01:32:30.165+0000][1][safepoint    ] Leaving safepoint region
[2022-06-13T01:32:30.165+0000][1][safepoint    ] Total time for which application threads were stopped: 0.0013674 seconds, Stopping threads took: 0.0004716 seconds
[2022-06-13T01:32:30.261+0000][1][safepoint    ] Application time: 0.0958256 seconds
[2022-06-13T01:32:30.262+0000][1][safepoint    ] Entering safepoint region: RevokeBias
[2022-06-13T01:32:30.262+0000][1][safepoint    ] Leaving safepoint region
[2022-06-13T01:32:30.263+0000][1][safepoint    ] Total time for which application threads were stopped: 0.0006095 seconds, Stopping threads took: 0.0003191 seconds
[2022-06-13T01:32:30.702+0000][1][safepoint    ] Application time: 0.4393567 seconds
[2022-06-13T01:32:30.703+0000][1][safepoint    ] Entering safepoint region: RevokeBias
[2022-06-13T01:32:30.703+0000][1][safepoint    ] Leaving safepoint region
[2022-06-13T01:32:30.703+0000][1][safepoint    ] Total time for which application threads were stopped: 0.0007242 seconds, Stopping threads took: 0.0003607 seconds
[2022-06-13T01:32:30.704+0000][1][safepoint    ] Application time: 0.0001592 seconds
[2022-06-13T01:32:30.704+0000][1][safepoint    ] Entering safepoint region: RevokeBias
[2022-06-13T01:32:30.704+0000][1][safepoint    ] Leaving safepoint region
[2022-06-13T01:32:30.705+0000][1][safepoint    ] Total time for which application threads were stopped: 0.0006198 seconds, Stopping threads took: 0.0003191 seconds
[2022-06-13T01:32:30.705+0000][1][safepoint    ] Application time: 0.0002166 seconds
[2022-06-13T01:32:30.705+0000][1][safepoint    ] Entering safepoint region: RevokeBias
[2022-06-13T01:32:30.706+0000][1][safepoint    ] Leaving safepoint region
[2022-06-13T01:32:30.706+0000][1][safepoint    ] Total time for which application threads were stopped: 0.0007114 seconds, Stopping threads took: 0.0003542 seconds
[2022-06-13T01:32:30.707+0000][1][safepoint    ] Application time: 0.0003670 seconds
[2022-06-13T01:32:30.707+0000][1][safepoint    ] Entering safepoint region: RevokeBias
[2022-06-13T01:32:30.707+0000][1][safepoint    ] Leaving safepoint region
[2022-06-13T01:32:30.708+0000][1][safepoint    ] Total time for which application threads were stopped: 0.0008323 seconds, Stopping threads took: 0.0003145 seconds
[2022-06-13T01:32:30.750+0000][1][safepoint    ] Application time: 0.0416055 seconds
[2022-06-13T01:32:30.750+0000][1][safepoint    ] Entering safepoint region: RevokeBias
[2022-06-13T01:32:30.751+0000][1][safepoint    ] Leaving safepoint region
[2022-06-13T01:32:30.751+0000][1][safepoint    ] Total time for which application threads were stopped: 0.0006623 seconds, Stopping threads took: 0.0003162 seconds
[2022-06-13T01:32:30.987+0000][1][safepoint    ] Application time: 0.2357293 seconds
[2022-06-13T01:32:30.987+0000][1][safepoint    ] Entering safepoint region: Deoptimize
[2022-06-13T01:32:30.988+0000][1][safepoint    ] Leaving safepoint region
[2022-06-13T01:32:30.989+0000][1][safepoint    ] Total time for which application threads were stopped: 0.0013207 seconds, Stopping threads took: 0.0002284 seconds
[2022-06-13T01:32:31.002+0000][1][safepoint    ] Application time: 0.0129670 seconds
[2022-06-13T01:32:31.002+0000][1][safepoint    ] Entering safepoint region: RevokeBias
[2022-06-13T01:32:31.003+0000][1][safepoint    ] Leaving safepoint region
[2022-06-13T01:32:31.003+0000][1][safepoint    ] Total time for which application threads were stopped: 0.0006342 seconds, Stopping threads took: 0.0003230 seconds
[2022-06-13T01:32:31.004+0000][1][safepoint    ] Application time: 0.0008433 seconds
[2022-06-13T01:32:31.004+0000][1][safepoint    ] Entering safepoint region: BulkRevokeBias
[2022-06-13T01:32:31.005+0000][1][safepoint    ] Leaving safepoint region
[2022-06-13T01:32:31.005+0000][1][safepoint    ] Total time for which application threads were stopped: 0.0009735 seconds, Stopping threads took: 0.0003187 seconds
[2022-06-13T01:32:31.007+0000][1][safepoint    ] Application time: 0.0015584 seconds
[2022-06-13T01:32:31.007+0000][1][safepoint    ] Entering safepoint region: RevokeBias
[2022-06-13T01:32:31.008+0000][1][safepoint    ] Leaving safepoint region
[2022-06-13T01:32:31.008+0000][1][safepoint    ] Total time for which application threads were stopped: 0.0005334 seconds, Stopping threads took: 0.0002560 seconds
[2022-06-13T01:32:31.009+0000][1][safepoint    ] Application time: 0.0008142 seconds
[2022-06-13T01:32:31.009+0000][1][safepoint    ] Entering safepoint region: RevokeBias
[2022-06-13T01:32:31.010+0000][1][safepoint    ] Leaving safepoint region
[2022-06-13T01:32:31.010+0000][1][safepoint    ] Total time for which application threads were stopped: 0.0006217 seconds, Stopping threads took: 0.0002830 seconds
[2022-06-13T01:32:31.010+0000][1][safepoint    ] Application time: 0.0001711 seconds
[2022-06-13T01:32:31.011+0000][1][safepoint    ] Entering safepoint region: RevokeBias
[2022-06-13T01:32:31.011+0000][1][safepoint    ] Leaving safepoint region
[2022-06-13T01:32:31.011+0000][1][safepoint    ] Total time for which application threads were stopped: 0.0006036 seconds, Stopping threads took: 0.0002424 seconds
[2022-06-13T01:32:31.012+0000][1][safepoint    ] Application time: 0.0001881 seconds
[2022-06-13T01:32:31.012+0000][1][safepoint    ] Entering safepoint region: RevokeBias
[2022-06-13T01:32:31.012+0000][1][safepoint    ] Leaving safepoint region
[2022-06-13T01:32:31.012+0000][1][safepoint    ] Total time for which application threads were stopped: 0.0006203 seconds, Stopping threads took: 0.0002499 seconds
[2022-06-13T01:32:31.013+0000][1][safepoint    ] Application time: 0.0004156 seconds
[2022-06-13T01:32:31.013+0000][1][safepoint    ] Entering safepoint region: RevokeBias
[2022-06-13T01:32:31.014+0000][1][safepoint    ] Leaving safepoint region
[2022-06-13T01:32:31.014+0000][1][safepoint    ] Total time for which application threads were stopped: 0.0005738 seconds, Stopping threads took: 0.0002676 seconds
[2022-06-13T01:32:31.015+0000][1][safepoint    ] Application time: 0.0004142 seconds
[2022-06-13T01:32:31.015+0000][1][safepoint    ] Entering safepoint region: RevokeBias
[2022-06-13T01:32:31.015+0000][1][safepoint    ] Leaving safepoint region
[2022-06-13T01:32:31.016+0000][1][safepoint    ] Total time for which application threads were stopped: 0.0006144 seconds, Stopping threads took: 0.0003129 seconds
[2022-06-13T01:32:31.016+0000][1][safepoint    ] Application time: 0.0004334 seconds
[2022-06-13T01:32:31.016+0000][1][safepoint    ] Entering safepoint region: RevokeBias
[2022-06-13T01:32:31.017+0000][1][safepoint    ] Leaving safepoint region
[2022-06-13T01:32:31.017+0000][1][safepoint    ] Total time for which application threads were stopped: 0.0004709 seconds, Stopping threads took: 0.0002223 seconds
[2022-06-13T01:32:31.017+0000][1][safepoint    ] Application time: 0.0001095 seconds
[2022-06-13T01:32:31.017+0000][1][safepoint    ] Entering safepoint region: RevokeBias
[2022-06-13T01:32:31.018+0000][1][safepoint    ] Leaving safepoint region
[2022-06-13T01:32:31.018+0000][1][safepoint    ] Total time for which application threads were stopped: 0.0006179 seconds, Stopping threads took: 0.0002523 seconds
[2022-06-13T01:32:31.020+0000][1][safepoint    ] Application time: 0.0012393 seconds
[2022-06-13T01:32:31.020+0000][1][safepoint    ] Entering safepoint region: RevokeBias
[2022-06-13T01:32:31.020+0000][1][safepoint    ] Leaving safepoint region
[2022-06-13T01:32:31.020+0000][1][safepoint    ] Total time for which application threads were stopped: 0.0006407 seconds, Stopping threads took: 0.0003216 seconds
[2022-06-13T01:32:31.022+0000][1][safepoint    ] Application time: 0.0016383 seconds
[2022-06-13T01:32:31.023+0000][1][safepoint    ] Entering safepoint region: RevokeBias
[2022-06-13T01:32:31.023+0000][1][safepoint    ] Leaving safepoint region
[2022-06-13T01:32:31.023+0000][1][safepoint    ] Total time for which application threads were stopped: 0.0006025 seconds, Stopping threads took: 0.0002445 seconds
[2022-06-13T01:32:31.024+0000][1][safepoint    ] Application time: 0.0002038 seconds
[2022-06-13T01:32:31.024+0000][1][safepoint    ] Entering safepoint region: RevokeBias
[2022-06-13T01:32:31.024+0000][1][safepoint    ] Leaving safepoint region
[2022-06-13T01:32:31.025+0000][1][safepoint    ] Total time for which application threads were stopped: 0.0007127 seconds, Stopping threads took: 0.0003076 seconds
[2022-06-13T01:32:31.029+0000][1][safepoint    ] Application time: 0.0038634 seconds
[2022-06-13T01:32:31.030+0000][1][safepoint    ] Entering safepoint region: RevokeBias
[2022-06-13T01:32:31.031+0000][1][safepoint    ] Leaving safepoint region
[2022-06-13T01:32:31.031+0000][1][safepoint    ] Total time for which application threads were stopped: 0.0013068 seconds, Stopping threads took: 0.0003516 seconds
[2022-06-13T01:32:31.032+0000][1][safepoint    ] Application time: 0.0010990 seconds
[2022-06-13T01:32:31.033+0000][1][safepoint    ] Entering safepoint region: RevokeBias
[2022-06-13T01:32:31.033+0000][1][safepoint    ] Leaving safepoint region
[2022-06-13T01:32:31.033+0000][1][safepoint    ] Total time for which application threads were stopped: 0.0006408 seconds, Stopping threads took: 0.0003431 seconds
[2022-06-13T01:32:31.035+0000][1][safepoint    ] Application time: 0.0017628 seconds
[2022-06-13T01:32:31.036+0000][1][safepoint    ] Entering safepoint region: RevokeBias
[2022-06-13T01:32:31.036+0000][1][safepoint    ] Leaving safepoint region
[2022-06-13T01:32:31.036+0000][1][safepoint    ] Total time for which application threads were stopped: 0.0006893 seconds, Stopping threads took: 0.0002352 seconds
[2022-06-13T01:32:31.037+0000][1][safepoint    ] Application time: 0.0002270 seconds
[2022-06-13T01:32:31.037+0000][1][safepoint    ] Entering safepoint region: RevokeBias
[2022-06-13T01:32:31.038+0000][1][safepoint    ] Leaving safepoint region
[2022-06-13T01:32:31.038+0000][1][safepoint    ] Total time for which application threads were stopped: 0.0005982 seconds, Stopping threads took: 0.0002486 seconds
[2022-06-13T01:32:31.038+0000][1][safepoint    ] Application time: 0.0001853 seconds
[2022-06-13T01:32:31.039+0000][1][safepoint    ] Entering safepoint region: RevokeBias
[2022-06-13T01:32:31.039+0000][1][safepoint    ] Leaving safepoint region
[2022-06-13T01:32:31.039+0000][1][safepoint    ] Total time for which application threads were stopped: 0.0004216 seconds, Stopping threads took: 0.0001768 seconds
[2022-06-13T01:32:31.039+0000][1][safepoint    ] Application time: 0.0002839 seconds
[2022-06-13T01:32:31.040+0000][1][safepoint    ] Entering safepoint region: RevokeBias
[2022-06-13T01:32:31.040+0000][1][safepoint    ] Leaving safepoint region
[2022-06-13T01:32:31.040+0000][1][safepoint    ] Total time for which application threads were stopped: 0.0006808 seconds, Stopping threads took: 0.0002235 seconds
[2022-06-13T01:32:31.041+0000][1][safepoint    ] Application time: 0.0002006 seconds
[2022-06-13T01:32:31.041+0000][1][safepoint    ] Entering safepoint region: RevokeBias
[2022-06-13T01:32:31.041+0000][1][safepoint    ] Leaving safepoint region
[2022-06-13T01:32:31.042+0000][1][safepoint    ] Total time for which application threads were stopped: 0.0007548 seconds, Stopping threads took: 0.0002276 seconds
[2022-06-13T01:32:31.062+0000][1][safepoint    ] Application time: 0.0201089 seconds
[2022-06-13T01:32:31.062+0000][1][safepoint    ] Entering safepoint region: RevokeBias
[2022-06-13T01:32:31.063+0000][1][safepoint    ] Leaving safepoint region
[2022-06-13T01:32:31.063+0000][1][safepoint    ] Total time for which application threads were stopped: 0.0005619 seconds, Stopping threads took: 0.0002475 seconds
[2022-06-13T01:32:31.083+0000][1][safepoint    ] Application time: 0.0199047 seconds
[2022-06-13T01:32:31.084+0000][1][safepoint    ] Entering safepoint region: GenCollectForAllocation
[2022-06-13T01:32:31.084+0000][1][gc,start     ] GC(21) Pause Young (Allocation Failure)
[2022-06-13T01:32:31.084+0000][1][gc,task      ] GC(21) Using 5 workers of 13 for evacuation
[2022-06-13T01:32:31.097+0000][1][gc,age       ] GC(21) Desired survivor size 4456448 bytes, new threshold 2 (max threshold 6)
[2022-06-13T01:32:31.098+0000][1][gc,age       ] GC(21) Age table with threshold 2 (max threshold 6)
[2022-06-13T01:32:31.098+0000][1][gc,age       ] GC(21) - age   1:    3904216 bytes,    3904216 total
[2022-06-13T01:32:31.098+0000][1][gc,age       ] GC(21) - age   2:    1383600 bytes,    5287816 total
[2022-06-13T01:32:31.098+0000][1][gc,heap      ] GC(21) ParNew: 76082K->6780K(78656K)
[2022-06-13T01:32:31.099+0000][1][gc,heap      ] GC(21) CMS: 59693K->62739K(174784K)
[2022-06-13T01:32:31.099+0000][1][gc,metaspace ] GC(21) Metaspace: 62615K->62615K(1105920K)
[2022-06-13T01:32:31.099+0000][1][gc           ] GC(21) Pause Young (Allocation Failure) 132M->67M(247M) 15.198ms
[2022-06-13T01:32:31.100+0000][1][gc,cpu       ] GC(21) User=0.07s Sys=0.00s Real=0.02s
[2022-06-13T01:32:31.100+0000][1][safepoint    ] Leaving safepoint region
[2022-06-13T01:32:31.100+0000][1][safepoint    ] Total time for which application threads were stopped: 0.0166339 seconds, Stopping threads took: 0.0004526 seconds
[2022-06-13T01:32:31.101+0000][1][safepoint    ] Application time: 0.0002056 seconds
[2022-06-13T01:32:31.101+0000][1][safepoint    ] Entering safepoint region: RevokeBias
[2022-06-13T01:32:31.101+0000][1][safepoint    ] Leaving safepoint region
[2022-06-13T01:32:31.102+0000][1][safepoint    ] Total time for which application threads were stopped: 0.0007070 seconds, Stopping threads took: 0.0003638 seconds
[2022-06-13T01:32:31.103+0000][1][safepoint    ] Application time: 0.0010741 seconds
[2022-06-13T01:32:31.103+0000][1][safepoint    ] Entering safepoint region: RevokeBias
[2022-06-13T01:32:31.104+0000][1][safepoint    ] Leaving safepoint region
[2022-06-13T01:32:31.104+0000][1][safepoint    ] Total time for which application threads were stopped: 0.0011188 seconds, Stopping threads took: 0.0006981 seconds
[2022-06-13T01:32:31.105+0000][1][safepoint    ] Application time: 0.0002320 seconds
[2022-06-13T01:32:31.105+0000][1][safepoint    ] Entering safepoint region: RevokeBias
[2022-06-13T01:32:31.106+0000][1][safepoint    ] Leaving safepoint region
[2022-06-13T01:32:31.106+0000][1][safepoint    ] Total time for which application threads were stopped: 0.0007726 seconds, Stopping threads took: 0.0003780 seconds
[2022-06-13T01:32:31.106+0000][1][safepoint    ] Application time: 0.0001667 seconds
[2022-06-13T01:32:31.107+0000][1][safepoint    ] Entering safepoint region: RevokeBias
[2022-06-13T01:32:31.107+0000][1][safepoint    ] Leaving safepoint region
[2022-06-13T01:32:31.109+0000][1][safepoint    ] Total time for which application threads were stopped: 0.0026242 seconds, Stopping threads took: 0.0003306 seconds
[2022-06-13T01:32:31.110+0000][1][safepoint    ] Application time: 0.0003516 seconds
[2022-06-13T01:32:31.110+0000][1][safepoint    ] Entering safepoint region: RevokeBias
[2022-06-13T01:32:31.111+0000][1][safepoint    ] Leaving safepoint region
[2022-06-13T01:32:31.111+0000][1][safepoint    ] Total time for which application threads were stopped: 0.0006149 seconds, Stopping threads took: 0.0002761 seconds
[2022-06-13T01:32:31.114+0000][1][safepoint    ] Application time: 0.0026607 seconds
[2022-06-13T01:32:31.114+0000][1][safepoint    ] Entering safepoint region: RevokeBias
[2022-06-13T01:32:31.115+0000][1][safepoint    ] Leaving safepoint region
[2022-06-13T01:32:31.115+0000][1][safepoint    ] Total time for which application threads were stopped: 0.0010190 seconds, Stopping threads took: 0.0004545 seconds
[2022-06-13T01:32:31.116+0000][1][safepoint    ] Application time: 0.0003520 seconds
[2022-06-13T01:32:31.116+0000][1][safepoint    ] Entering safepoint region: RevokeBias
[2022-06-13T01:32:31.117+0000][1][safepoint    ] Leaving safepoint region
[2022-06-13T01:32:31.117+0000][1][safepoint    ] Total time for which application threads were stopped: 0.0010218 seconds, Stopping threads took: 0.0006750 seconds
[2022-06-13T01:32:31.118+0000][1][safepoint    ] Application time: 0.0002537 seconds
[2022-06-13T01:32:31.118+0000][1][safepoint    ] Entering safepoint region: RevokeBias
[2022-06-13T01:32:31.119+0000][1][safepoint    ] Leaving safepoint region
[2022-06-13T01:32:31.119+0000][1][safepoint    ] Total time for which application threads were stopped: 0.0012552 seconds, Stopping threads took: 0.0007560 seconds
[2022-06-13T01:32:31.120+0000][1][safepoint    ] Application time: 0.0008776 seconds
[2022-06-13T01:32:31.121+0000][1][safepoint    ] Entering safepoint region: RevokeBias
[2022-06-13T01:32:31.121+0000][1][safepoint    ] Leaving safepoint region
[2022-06-13T01:32:31.121+0000][1][safepoint    ] Total time for which application threads were stopped: 0.0006027 seconds, Stopping threads took: 0.0003136 seconds
[2022-06-13T01:32:31.122+0000][1][safepoint    ] Application time: 0.0003604 seconds
[2022-06-13T01:32:31.122+0000][1][safepoint    ] Entering safepoint region: RevokeBias
[2022-06-13T01:32:31.123+0000][1][safepoint    ] Leaving safepoint region
[2022-06-13T01:32:31.123+0000][1][safepoint    ] Total time for which application threads were stopped: 0.0007097 seconds, Stopping threads took: 0.0002932 seconds
[2022-06-13T01:32:31.123+0000][1][safepoint    ] Application time: 0.0002859 seconds
[2022-06-13T01:32:31.124+0000][1][safepoint    ] Entering safepoint region: RevokeBias
[2022-06-13T01:32:31.124+0000][1][safepoint    ] Leaving safepoint region
[2022-06-13T01:32:31.124+0000][1][safepoint    ] Total time for which application threads were stopped: 0.0005417 seconds, Stopping threads took: 0.0002891 seconds
[2022-06-13T01:32:31.125+0000][1][safepoint    ] Application time: 0.0004056 seconds
[2022-06-13T01:32:31.125+0000][1][safepoint    ] Entering safepoint region: RevokeBias
[2022-06-13T01:32:31.125+0000][1][safepoint    ] Leaving safepoint region
[2022-06-13T01:32:31.125+0000][1][safepoint    ] Total time for which application threads were stopped: 0.0004354 seconds, Stopping threads took: 0.0002029 seconds
[2022-06-13T01:32:31.126+0000][1][safepoint    ] Application time: 0.0001459 seconds
[2022-06-13T01:32:31.126+0000][1][safepoint    ] Entering safepoint region: RevokeBias
[2022-06-13T01:32:31.126+0000][1][safepoint    ] Leaving safepoint region
[2022-06-13T01:32:31.127+0000][1][safepoint    ] Total time for which application threads were stopped: 0.0006065 seconds, Stopping threads took: 0.0003076 seconds
[2022-06-13T01:32:31.128+0000][1][safepoint    ] Application time: 0.0011574 seconds
[2022-06-13T01:32:31.128+0000][1][safepoint    ] Entering safepoint region: RevokeBias
[2022-06-13T01:32:31.129+0000][1][safepoint    ] Leaving safepoint region
[2022-06-13T01:32:31.129+0000][1][safepoint    ] Total time for which application threads were stopped: 0.0006518 seconds, Stopping threads took: 0.0003953 seconds
[2022-06-13T01:32:31.129+0000][1][safepoint    ] Application time: 0.0002108 seconds
[2022-06-13T01:32:31.130+0000][1][safepoint    ] Entering safepoint region: RevokeBias
[2022-06-13T01:32:31.130+0000][1][safepoint    ] Leaving safepoint region
[2022-06-13T01:32:31.131+0000][1][safepoint    ] Total time for which application threads were stopped: 0.0009912 seconds, Stopping threads took: 0.0004474 seconds
[2022-06-13T01:32:31.131+0000][1][safepoint    ] Application time: 0.0002233 seconds
[2022-06-13T01:32:31.132+0000][1][safepoint    ] Entering safepoint region: RevokeBias
[2022-06-13T01:32:31.132+0000][1][safepoint    ] Leaving safepoint region
[2022-06-13T01:32:31.132+0000][1][safepoint    ] Total time for which application threads were stopped: 0.0007165 seconds, Stopping threads took: 0.0003305 seconds
[2022-06-13T01:32:31.133+0000][1][safepoint    ] Application time: 0.0003549 seconds
[2022-06-13T01:32:31.133+0000][1][safepoint    ] Entering safepoint region: RevokeBias
[2022-06-13T01:32:31.133+0000][1][safepoint    ] Leaving safepoint region
[2022-06-13T01:32:31.134+0000][1][safepoint    ] Total time for which application threads were stopped: 0.0004943 seconds, Stopping threads took: 0.0002140 seconds
[2022-06-13T01:32:31.135+0000][1][safepoint    ] Application time: 0.0013920 seconds
[2022-06-13T01:32:31.136+0000][1][safepoint    ] Entering safepoint region: RevokeBias
[2022-06-13T01:32:31.136+0000][1][safepoint    ] Leaving safepoint region
[2022-06-13T01:32:31.137+0000][1][safepoint    ] Total time for which application threads were stopped: 0.0008681 seconds, Stopping threads took: 0.0006154 seconds
[2022-06-13T01:32:31.137+0000][1][safepoint    ] Application time: 0.0002079 seconds
[2022-06-13T01:32:31.138+0000][1][safepoint    ] Entering safepoint region: RevokeBias
[2022-06-13T01:32:31.138+0000][1][safepoint    ] Leaving safepoint region
[2022-06-13T01:32:31.138+0000][1][safepoint    ] Total time for which application threads were stopped: 0.0006851 seconds, Stopping threads took: 0.0004055 seconds
[2022-06-13T01:32:31.141+0000][1][safepoint    ] Application time: 0.0026806 seconds
[2022-06-13T01:32:31.141+0000][1][safepoint    ] Entering safepoint region: RevokeBias
[2022-06-13T01:32:31.142+0000][1][safepoint    ] Leaving safepoint region
[2022-06-13T01:32:31.142+0000][1][safepoint    ] Total time for which application threads were stopped: 0.0008772 seconds, Stopping threads took: 0.0003815 seconds
[2022-06-13T01:32:31.143+0000][1][safepoint    ] Application time: 0.0006173 seconds
[2022-06-13T01:32:31.143+0000][1][safepoint    ] Entering safepoint region: RevokeBias
[2022-06-13T01:32:31.144+0000][1][safepoint    ] Leaving safepoint region
[2022-06-13T01:32:31.144+0000][1][safepoint    ] Total time for which application threads were stopped: 0.0007829 seconds, Stopping threads took: 0.0002631 seconds
[2022-06-13T01:32:31.146+0000][1][safepoint    ] Application time: 0.0018193 seconds
[2022-06-13T01:32:31.147+0000][1][safepoint    ] Entering safepoint region: RevokeBias
[2022-06-13T01:32:31.147+0000][1][safepoint    ] Leaving safepoint region
[2022-06-13T01:32:31.147+0000][1][safepoint    ] Total time for which application threads were stopped: 0.0005330 seconds, Stopping threads took: 0.0002477 seconds
[2022-06-13T01:32:31.148+0000][1][safepoint    ] Application time: 0.0002326 seconds
[2022-06-13T01:32:31.148+0000][1][safepoint    ] Entering safepoint region: RevokeBias
[2022-06-13T01:32:31.148+0000][1][safepoint    ] Leaving safepoint region
[2022-06-13T01:32:31.148+0000][1][safepoint    ] Total time for which application threads were stopped: 0.0006664 seconds, Stopping threads took: 0.0002511 seconds
[2022-06-13T01:32:31.149+0000][1][safepoint    ] Application time: 0.0001847 seconds
[2022-06-13T01:32:31.149+0000][1][safepoint    ] Entering safepoint region: RevokeBias
[2022-06-13T01:32:31.150+0000][1][safepoint    ] Leaving safepoint region
[2022-06-13T01:32:31.150+0000][1][safepoint    ] Total time for which application threads were stopped: 0.0006880 seconds, Stopping threads took: 0.0003176 seconds
[2022-06-13T01:32:31.151+0000][1][safepoint    ] Application time: 0.0009477 seconds
[2022-06-13T01:32:31.151+0000][1][safepoint    ] Entering safepoint region: RevokeBias
[2022-06-13T01:32:31.152+0000][1][safepoint    ] Leaving safepoint region
[2022-06-13T01:32:31.152+0000][1][safepoint    ] Total time for which application threads were stopped: 0.0005701 seconds, Stopping threads took: 0.0002951 seconds
[2022-06-13T01:32:31.152+0000][1][safepoint    ] Application time: 0.0001356 seconds
[2022-06-13T01:32:31.152+0000][1][safepoint    ] Entering safepoint region: RevokeBias
[2022-06-13T01:32:31.153+0000][1][safepoint    ] Leaving safepoint region
[2022-06-13T01:32:31.153+0000][1][safepoint    ] Total time for which application threads were stopped: 0.0004415 seconds, Stopping threads took: 0.0002068 seconds
[2022-06-13T01:32:31.159+0000][1][safepoint    ] Application time: 0.0057945 seconds
[2022-06-13T01:32:31.159+0000][1][safepoint    ] Entering safepoint region: RevokeBias
[2022-06-13T01:32:31.160+0000][1][safepoint    ] Leaving safepoint region
[2022-06-13T01:32:31.160+0000][1][safepoint    ] Total time for which application threads were stopped: 0.0006888 seconds, Stopping threads took: 0.0003298 seconds
[2022-06-13T01:32:31.161+0000][1][safepoint    ] Application time: 0.0003556 seconds
[2022-06-13T01:32:31.161+0000][1][safepoint    ] Entering safepoint region: BulkRevokeBias
[2022-06-13T01:32:31.162+0000][1][safepoint    ] Leaving safepoint region
[2022-06-13T01:32:31.162+0000][1][safepoint    ] Total time for which application threads were stopped: 0.0012296 seconds, Stopping threads took: 0.0006440 seconds
[2022-06-13T01:32:31.166+0000][1][safepoint    ] Application time: 0.0038473 seconds
[2022-06-13T01:32:31.167+0000][1][safepoint    ] Entering safepoint region: RevokeBias
[2022-06-13T01:32:31.167+0000][1][safepoint    ] Leaving safepoint region
[2022-06-13T01:32:31.168+0000][1][safepoint    ] Total time for which application threads were stopped: 0.0010781 seconds, Stopping threads took: 0.0005389 seconds
[2022-06-13T01:32:31.169+0000][1][safepoint    ] Application time: 0.0008493 seconds
[2022-06-13T01:32:31.169+0000][1][safepoint    ] Entering safepoint region: RevokeBias
[2022-06-13T01:32:31.170+0000][1][safepoint    ] Leaving safepoint region
[2022-06-13T01:32:31.170+0000][1][safepoint    ] Total time for which application threads were stopped: 0.0007550 seconds, Stopping threads took: 0.0004299 seconds
[2022-06-13T01:32:31.170+0000][1][safepoint    ] Application time: 0.0001848 seconds
[2022-06-13T01:32:31.171+0000][1][safepoint    ] Entering safepoint region: RevokeBias
[2022-06-13T01:32:31.171+0000][1][safepoint    ] Leaving safepoint region
[2022-06-13T01:32:31.172+0000][1][safepoint    ] Total time for which application threads were stopped: 0.0009825 seconds, Stopping threads took: 0.0006215 seconds
[2022-06-13T01:32:31.172+0000][1][safepoint    ] Application time: 0.0001877 seconds
[2022-06-13T01:32:31.173+0000][1][safepoint    ] Entering safepoint region: RevokeBias
[2022-06-13T01:32:31.173+0000][1][safepoint    ] Leaving safepoint region
[2022-06-13T01:32:31.173+0000][1][safepoint    ] Total time for which application threads were stopped: 0.0008063 seconds, Stopping threads took: 0.0004027 seconds
[2022-06-13T01:32:31.175+0000][1][safepoint    ] Application time: 0.0017999 seconds
[2022-06-13T01:32:31.176+0000][1][safepoint    ] Entering safepoint region: RevokeBias
[2022-06-13T01:32:31.176+0000][1][safepoint    ] Leaving safepoint region
[2022-06-13T01:32:31.176+0000][1][safepoint    ] Total time for which application threads were stopped: 0.0006015 seconds, Stopping threads took: 0.0003339 seconds
[2022-06-13T01:32:31.177+0000][1][safepoint    ] Application time: 0.0001952 seconds
[2022-06-13T01:32:31.177+0000][1][safepoint    ] Entering safepoint region: RevokeBias
[2022-06-13T01:32:31.178+0000][1][safepoint    ] Leaving safepoint region
[2022-06-13T01:32:31.178+0000][1][safepoint    ] Total time for which application threads were stopped: 0.0010917 seconds, Stopping threads took: 0.0006455 seconds
[2022-06-13T01:32:31.181+0000][1][safepoint    ] Application time: 0.0027342 seconds
[2022-06-13T01:32:31.182+0000][1][safepoint    ] Entering safepoint region: RevokeBias
[2022-06-13T01:32:31.182+0000][1][safepoint    ] Leaving safepoint region
[2022-06-13T01:32:31.183+0000][1][safepoint    ] Total time for which application threads were stopped: 0.0010835 seconds, Stopping threads took: 0.0007214 seconds
[2022-06-13T01:32:31.183+0000][1][safepoint    ] Application time: 0.0001532 seconds
[2022-06-13T01:32:31.183+0000][1][safepoint    ] Entering safepoint region: RevokeBias
[2022-06-13T01:32:31.184+0000][1][safepoint    ] Leaving safepoint region
[2022-06-13T01:32:31.184+0000][1][safepoint    ] Total time for which application threads were stopped: 0.0006347 seconds, Stopping threads took: 0.0003617 seconds
[2022-06-13T01:32:31.190+0000][1][safepoint    ] Application time: 0.0055071 seconds
[2022-06-13T01:32:31.190+0000][1][safepoint    ] Entering safepoint region: RevokeBias
[2022-06-13T01:32:31.191+0000][1][safepoint    ] Leaving safepoint region
[2022-06-13T01:32:31.191+0000][1][safepoint    ] Total time for which application threads were stopped: 0.0008381 seconds, Stopping threads took: 0.0004192 seconds
[2022-06-13T01:32:31.192+0000][1][safepoint    ] Application time: 0.0004586 seconds
[2022-06-13T01:32:31.192+0000][1][safepoint    ] Entering safepoint region: RevokeBias
[2022-06-13T01:32:31.192+0000][1][safepoint    ] Leaving safepoint region
[2022-06-13T01:32:31.193+0000][1][safepoint    ] Total time for which application threads were stopped: 0.0005569 seconds, Stopping threads took: 0.0002447 seconds
[2022-06-13T01:32:31.194+0000][1][safepoint    ] Application time: 0.0009007 seconds
[2022-06-13T01:32:31.194+0000][1][safepoint    ] Entering safepoint region: RevokeBias
[2022-06-13T01:32:31.195+0000][1][safepoint    ] Leaving safepoint region
[2022-06-13T01:32:31.195+0000][1][safepoint    ] Total time for which application threads were stopped: 0.0007001 seconds, Stopping threads took: 0.0003517 seconds
[2022-06-13T01:32:31.195+0000][1][safepoint    ] Application time: 0.0002047 seconds
[2022-06-13T01:32:31.196+0000][1][safepoint    ] Entering safepoint region: RevokeBias
[2022-06-13T01:32:31.196+0000][1][safepoint    ] Leaving safepoint region
[2022-06-13T01:32:31.196+0000][1][safepoint    ] Total time for which application threads were stopped: 0.0006165 seconds, Stopping threads took: 0.0002844 seconds
[2022-06-13T01:32:31.204+0000][1][safepoint    ] Application time: 0.0075791 seconds
[2022-06-13T01:32:31.204+0000][1][safepoint    ] Entering safepoint region: RevokeBias
[2022-06-13T01:32:31.205+0000][1][safepoint    ] Leaving safepoint region
[2022-06-13T01:32:31.205+0000][1][safepoint    ] Total time for which application threads were stopped: 0.0007594 seconds, Stopping threads took: 0.0003786 seconds
[2022-06-13T01:32:31.206+0000][1][safepoint    ] Application time: 0.0002511 seconds
[2022-06-13T01:32:31.206+0000][1][safepoint    ] Entering safepoint region: RevokeBias
[2022-06-13T01:32:31.206+0000][1][safepoint    ] Leaving safepoint region
[2022-06-13T01:32:31.206+0000][1][safepoint    ] Total time for which application threads were stopped: 0.0006493 seconds, Stopping threads took: 0.0003079 seconds
[2022-06-13T01:32:31.207+0000][1][safepoint    ] Application time: 0.0001903 seconds
[2022-06-13T01:32:31.207+0000][1][safepoint    ] Entering safepoint region: RevokeBias
[2022-06-13T01:32:31.208+0000][1][safepoint    ] Leaving safepoint region
[2022-06-13T01:32:31.208+0000][1][safepoint    ] Total time for which application threads were stopped: 0.0006827 seconds, Stopping threads took: 0.0003479 seconds
[2022-06-13T01:32:31.209+0000][1][safepoint    ] Application time: 0.0008344 seconds
[2022-06-13T01:32:31.209+0000][1][safepoint    ] Entering safepoint region: RevokeBias
[2022-06-13T01:32:31.210+0000][1][safepoint    ] Leaving safepoint region
[2022-06-13T01:32:31.210+0000][1][safepoint    ] Total time for which application threads were stopped: 0.0007534 seconds, Stopping threads took: 0.0004062 seconds
[2022-06-13T01:32:31.215+0000][1][safepoint    ] Application time: 0.0033005 seconds
[2022-06-13T01:32:31.215+0000][1][safepoint    ] Entering safepoint region: RevokeBias
[2022-06-13T01:32:31.216+0000][1][safepoint    ] Leaving safepoint region
[2022-06-13T01:32:31.216+0000][1][safepoint    ] Total time for which application threads were stopped: 0.0007064 seconds, Stopping threads took: 0.0003142 seconds
[2022-06-13T01:32:31.732+0000][1][safepoint    ] Application time: 0.5161834 seconds
[2022-06-13T01:32:31.733+0000][1][safepoint    ] Entering safepoint region: RevokeBias
[2022-06-13T01:32:31.733+0000][1][safepoint    ] Leaving safepoint region
[2022-06-13T01:32:31.734+0000][1][safepoint    ] Total time for which application threads were stopped: 0.0007642 seconds, Stopping threads took: 0.0003616 seconds
[2022-06-13T01:32:31.734+0000][1][safepoint    ] Application time: 0.0003133 seconds
[2022-06-13T01:32:31.735+0000][1][safepoint    ] Entering safepoint region: RevokeBias
[2022-06-13T01:32:31.735+0000][1][safepoint    ] Leaving safepoint region
[2022-06-13T01:32:31.735+0000][1][safepoint    ] Total time for which application threads were stopped: 0.0009143 seconds, Stopping threads took: 0.0005217 seconds
[2022-06-13T01:32:31.736+0000][1][safepoint    ] Application time: 0.0001968 seconds
[2022-06-13T01:32:31.736+0000][1][safepoint    ] Entering safepoint region: RevokeBias
[2022-06-13T01:32:31.737+0000][1][safepoint    ] Leaving safepoint region
[2022-06-13T01:32:31.737+0000][1][safepoint    ] Total time for which application threads were stopped: 0.0004874 seconds, Stopping threads took: 0.0002099 seconds
[2022-06-13T01:32:31.737+0000][1][safepoint    ] Application time: 0.0001504 seconds
[2022-06-13T01:32:31.737+0000][1][safepoint    ] Entering safepoint region: RevokeBias
[2022-06-13T01:32:31.738+0000][1][safepoint    ] Leaving safepoint region
[2022-06-13T01:32:31.738+0000][1][safepoint    ] Total time for which application threads were stopped: 0.0006044 seconds, Stopping threads took: 0.0002641 seconds
[2022-06-13T01:32:31.738+0000][1][safepoint    ] Application time: 0.0001759 seconds
[2022-06-13T01:32:31.739+0000][1][safepoint    ] Entering safepoint region: RevokeBias
[2022-06-13T01:32:31.739+0000][1][safepoint    ] Leaving safepoint region
[2022-06-13T01:32:31.739+0000][1][safepoint    ] Total time for which application threads were stopped: 0.0004585 seconds, Stopping threads took: 0.0002020 seconds
[2022-06-13T01:32:31.739+0000][1][safepoint    ] Application time: 0.0001085 seconds
[2022-06-13T01:32:31.740+0000][1][safepoint    ] Entering safepoint region: RevokeBias
[2022-06-13T01:32:31.740+0000][1][safepoint    ] Leaving safepoint region
[2022-06-13T01:32:31.740+0000][1][safepoint    ] Total time for which application threads were stopped: 0.0003146 seconds, Stopping threads took: 0.0001485 seconds
[2022-06-13T01:32:31.740+0000][1][safepoint    ] Application time: 0.0001159 seconds
[2022-06-13T01:32:31.740+0000][1][safepoint    ] Entering safepoint region: RevokeBias
[2022-06-13T01:32:31.740+0000][1][safepoint    ] Leaving safepoint region
[2022-06-13T01:32:31.741+0000][1][safepoint    ] Total time for which application threads were stopped: 0.0003612 seconds, Stopping threads took: 0.0001563 seconds
[2022-06-13T01:32:31.741+0000][1][safepoint    ] Application time: 0.0001425 seconds
[2022-06-13T01:32:31.741+0000][1][safepoint    ] Entering safepoint region: RevokeBias
[2022-06-13T01:32:31.741+0000][1][safepoint    ] Leaving safepoint region
[2022-06-13T01:32:31.742+0000][1][safepoint    ] Total time for which application threads were stopped: 0.0004094 seconds, Stopping threads took: 0.0001934 seconds
[2022-06-13T01:32:32.084+0000][1][safepoint    ] Application time: 0.3425818 seconds
[2022-06-13T01:32:32.085+0000][1][safepoint    ] Entering safepoint region: RevokeBias
[2022-06-13T01:32:32.085+0000][1][safepoint    ] Leaving safepoint region
[2022-06-13T01:32:32.085+0000][1][safepoint    ] Total time for which application threads were stopped: 0.0006981 seconds, Stopping threads took: 0.0003241 seconds
[2022-06-13T01:32:33.086+0000][1][safepoint    ] Application time: 1.0001930 seconds
[2022-06-13T01:32:33.086+0000][1][safepoint    ] Entering safepoint region: Cleanup
[2022-06-13T01:32:33.087+0000][1][safepoint    ] Leaving safepoint region
[2022-06-13T01:32:33.087+0000][1][safepoint    ] Total time for which application threads were stopped: 0.0007771 seconds, Stopping threads took: 0.0004267 seconds
[2022-06-13T01:32:34.088+0000][1][safepoint    ] Application time: 1.0004474 seconds
[2022-06-13T01:32:34.089+0000][1][safepoint    ] Entering safepoint region: Cleanup
[2022-06-13T01:32:34.090+0000][1][safepoint    ] Leaving safepoint region
[2022-06-13T01:32:34.090+0000][1][safepoint    ] Total time for which application threads were stopped: 0.0012431 seconds, Stopping threads took: 0.0006357 seconds
[2022-06-13T01:32:34.183+0000][1][safepoint    ] Application time: 0.0923748 seconds
[2022-06-13T01:32:34.184+0000][1][safepoint    ] Entering safepoint region: RevokeBias
[2022-06-13T01:32:34.184+0000][1][safepoint    ] Leaving safepoint region
[2022-06-13T01:32:34.185+0000][1][safepoint    ] Total time for which application threads were stopped: 0.0015049 seconds, Stopping threads took: 0.0007784 seconds
[2022-06-13T01:32:34.186+0000][1][safepoint    ] Application time: 0.0005509 seconds
[2022-06-13T01:32:34.187+0000][1][safepoint    ] Entering safepoint region: RevokeBias
[2022-06-13T01:32:34.188+0000][1][safepoint    ] Leaving safepoint region
[2022-06-13T01:32:34.188+0000][1][safepoint    ] Total time for which application threads were stopped: 0.0014379 seconds, Stopping threads took: 0.0008065 seconds
[2022-06-13T01:32:34.189+0000][1][safepoint    ] Application time: 0.0005532 seconds
[2022-06-13T01:32:34.190+0000][1][safepoint    ] Entering safepoint region: RevokeBias
[2022-06-13T01:32:34.191+0000][1][safepoint    ] Leaving safepoint region
[2022-06-13T01:32:34.191+0000][1][safepoint    ] Total time for which application threads were stopped: 0.0014943 seconds, Stopping threads took: 0.0008620 seconds
[2022-06-13T01:32:35.087+0000][1][safepoint    ] Application time: 0.8957804 seconds
[2022-06-13T01:32:35.088+0000][1][safepoint    ] Entering safepoint region: RevokeBias
[2022-06-13T01:32:35.088+0000][1][safepoint    ] Leaving safepoint region
[2022-06-13T01:32:35.088+0000][1][safepoint    ] Total time for which application threads were stopped: 0.0004348 seconds, Stopping threads took: 0.0002549 seconds
[2022-06-13T01:32:35.089+0000][1][safepoint    ] Application time: 0.0004518 seconds
[2022-06-13T01:32:35.089+0000][1][safepoint    ] Entering safepoint region: RevokeBias
[2022-06-13T01:32:35.089+0000][1][safepoint    ] Leaving safepoint region
[2022-06-13T01:32:35.090+0000][1][safepoint    ] Total time for which application threads were stopped: 0.0004741 seconds, Stopping threads took: 0.0002349 seconds
[2022-06-13T01:32:35.090+0000][1][safepoint    ] Application time: 0.0001500 seconds
[2022-06-13T01:32:35.090+0000][1][safepoint    ] Entering safepoint region: RevokeBias
[2022-06-13T01:32:35.090+0000][1][safepoint    ] Leaving safepoint region
[2022-06-13T01:32:35.091+0000][1][safepoint    ] Total time for which application threads were stopped: 0.0004683 seconds, Stopping threads took: 0.0002664 seconds
[2022-06-13T01:32:35.091+0000][1][safepoint    ] Application time: 0.0001379 seconds
[2022-06-13T01:32:35.091+0000][1][safepoint    ] Entering safepoint region: RevokeBias
[2022-06-13T01:32:35.091+0000][1][safepoint    ] Leaving safepoint region
[2022-06-13T01:32:35.091+0000][1][safepoint    ] Total time for which application threads were stopped: 0.0003893 seconds, Stopping threads took: 0.0002302 seconds
[2022-06-13T01:32:35.092+0000][1][safepoint    ] Application time: 0.0005888 seconds
[2022-06-13T01:32:35.093+0000][1][safepoint    ] Entering safepoint region: RevokeBias
[2022-06-13T01:32:35.093+0000][1][safepoint    ] Leaving safepoint region
[2022-06-13T01:32:35.094+0000][1][safepoint    ] Total time for which application threads were stopped: 0.0006837 seconds, Stopping threads took: 0.0004349 seconds
[2022-06-13T01:32:35.094+0000][1][safepoint    ] Application time: 0.0004125 seconds
[2022-06-13T01:32:35.095+0000][1][safepoint    ] Entering safepoint region: RevokeBias
[2022-06-13T01:32:35.095+0000][1][safepoint    ] Leaving safepoint region
[2022-06-13T01:32:35.096+0000][1][safepoint    ] Total time for which application threads were stopped: 0.0008216 seconds, Stopping threads took: 0.0005098 seconds
[2022-06-13T01:32:35.096+0000][1][safepoint    ] Application time: 0.0004897 seconds
[2022-06-13T01:32:35.097+0000][1][safepoint    ] Entering safepoint region: RevokeBias
[2022-06-13T01:32:35.097+0000][1][safepoint    ] Leaving safepoint region
[2022-06-13T01:32:35.098+0000][1][safepoint    ] Total time for which application threads were stopped: 0.0007302 seconds, Stopping threads took: 0.0004543 seconds
[2022-06-13T01:32:36.098+0000][1][safepoint    ] Application time: 1.0002368 seconds
[2022-06-13T01:32:36.099+0000][1][safepoint    ] Entering safepoint region: Cleanup
[2022-06-13T01:32:36.100+0000][1][safepoint    ] Leaving safepoint region
[2022-06-13T01:32:36.100+0000][1][safepoint    ] Total time for which application threads were stopped: 0.0013970 seconds, Stopping threads took: 0.0009036 seconds
[2022-06-13T01:32:37.101+0000][1][safepoint    ] Application time: 1.0002317 seconds
[2022-06-13T01:32:37.101+0000][1][safepoint    ] Entering safepoint region: Cleanup
[2022-06-13T01:32:37.102+0000][1][safepoint    ] Leaving safepoint region
[2022-06-13T01:32:37.102+0000][1][safepoint    ] Total time for which application threads were stopped: 0.0006975 seconds, Stopping threads took: 0.0003649 seconds
[2022-06-13T01:32:38.088+0000][1][safepoint    ] Application time: 0.9857512 seconds
[2022-06-13T01:32:38.089+0000][1][safepoint    ] Entering safepoint region: RevokeBias
[2022-06-13T01:32:38.089+0000][1][safepoint    ] Leaving safepoint region
[2022-06-13T01:32:38.089+0000][1][safepoint    ] Total time for which application threads were stopped: 0.0006712 seconds, Stopping threads took: 0.0003116 seconds
[2022-06-13T01:32:38.090+0000][1][safepoint    ] Application time: 0.0007328 seconds
[2022-06-13T01:32:38.091+0000][1][safepoint    ] Entering safepoint region: RevokeBias
[2022-06-13T01:32:38.092+0000][1][safepoint    ] Leaving safepoint region
[2022-06-13T01:32:38.092+0000][1][safepoint    ] Total time for which application threads were stopped: 0.0008689 seconds, Stopping threads took: 0.0005869 seconds
[2022-06-13T01:32:38.524+0000][1][safepoint    ] Application time: 0.4321782 seconds
[2022-06-13T01:32:38.525+0000][1][safepoint    ] Entering safepoint region: RevokeBias
[2022-06-13T01:32:38.525+0000][1][safepoint    ] Leaving safepoint region
[2022-06-13T01:32:38.526+0000][1][safepoint    ] Total time for which application threads were stopped: 0.0008719 seconds, Stopping threads took: 0.0004391 seconds
[2022-06-13T01:32:38.526+0000][1][safepoint    ] Application time: 0.0001359 seconds
[2022-06-13T01:32:38.526+0000][1][safepoint    ] Entering safepoint region: RevokeBias
[2022-06-13T01:32:38.527+0000][1][safepoint    ] Leaving safepoint region
[2022-06-13T01:32:38.527+0000][1][safepoint    ] Total time for which application threads were stopped: 0.0007491 seconds, Stopping threads took: 0.0003301 seconds
[2022-06-13T01:32:39.091+0000][1][safepoint    ] Application time: 0.5639918 seconds
[2022-06-13T01:32:39.092+0000][1][safepoint    ] Entering safepoint region: RevokeBias
[2022-06-13T01:32:39.093+0000][1][safepoint    ] Leaving safepoint region
[2022-06-13T01:32:39.093+0000][1][safepoint    ] Total time for which application threads were stopped: 0.0011993 seconds, Stopping threads took: 0.0006053 seconds
[2022-06-13T01:32:39.095+0000][1][safepoint    ] Application time: 0.0013161 seconds
[2022-06-13T01:32:39.095+0000][1][safepoint    ] Entering safepoint region: RevokeBias
[2022-06-13T01:32:39.096+0000][1][safepoint    ] Leaving safepoint region
[2022-06-13T01:32:39.096+0000][1][safepoint    ] Total time for which application threads were stopped: 0.0007226 seconds, Stopping threads took: 0.0003127 seconds
[2022-06-13T01:32:39.097+0000][1][safepoint    ] Application time: 0.0002054 seconds
[2022-06-13T01:32:39.097+0000][1][safepoint    ] Entering safepoint region: RevokeBias
[2022-06-13T01:32:39.097+0000][1][safepoint    ] Leaving safepoint region
[2022-06-13T01:32:39.097+0000][1][safepoint    ] Total time for which application threads were stopped: 0.0006323 seconds, Stopping threads took: 0.0003485 seconds
[2022-06-13T01:32:39.098+0000][1][safepoint    ] Application time: 0.0002958 seconds
[2022-06-13T01:32:39.098+0000][1][safepoint    ] Entering safepoint region: RevokeBias
[2022-06-13T01:32:39.099+0000][1][safepoint    ] Leaving safepoint region
[2022-06-13T01:32:39.099+0000][1][safepoint    ] Total time for which application threads were stopped: 0.0007958 seconds, Stopping threads took: 0.0001942 seconds
[2022-06-13T01:32:39.100+0000][1][safepoint    ] Application time: 0.0002376 seconds
[2022-06-13T01:32:39.100+0000][1][safepoint    ] Entering safepoint region: RevokeBias
[2022-06-13T01:32:39.101+0000][1][safepoint    ] Leaving safepoint region
[2022-06-13T01:32:39.101+0000][1][safepoint    ] Total time for which application threads were stopped: 0.0008145 seconds, Stopping threads took: 0.0002931 seconds
[2022-06-13T01:32:39.102+0000][1][safepoint    ] Application time: 0.0002348 seconds
[2022-06-13T01:32:39.102+0000][1][safepoint    ] Entering safepoint region: RevokeBias
[2022-06-13T01:32:39.103+0000][1][safepoint    ] Leaving safepoint region
[2022-06-13T01:32:39.103+0000][1][safepoint    ] Total time for which application threads were stopped: 0.0007130 seconds, Stopping threads took: 0.0003420 seconds
[2022-06-13T01:32:39.104+0000][1][safepoint    ] Application time: 0.0004460 seconds
[2022-06-13T01:32:39.104+0000][1][safepoint    ] Entering safepoint region: RevokeBias
[2022-06-13T01:32:39.105+0000][1][safepoint    ] Leaving safepoint region
[2022-06-13T01:32:39.105+0000][1][safepoint    ] Total time for which application threads were stopped: 0.0006274 seconds, Stopping threads took: 0.0003049 seconds
[2022-06-13T01:32:40.106+0000][1][safepoint    ] Application time: 1.0002945 seconds
[2022-06-13T01:32:40.107+0000][1][safepoint    ] Entering safepoint region: Cleanup
[2022-06-13T01:32:40.108+0000][1][safepoint    ] Leaving safepoint region
[2022-06-13T01:32:40.108+0000][1][safepoint    ] Total time for which application threads were stopped: 0.0016797 seconds, Stopping threads took: 0.0007022 seconds
[2022-06-13T01:32:41.109+0000][1][safepoint    ] Application time: 1.0003886 seconds
[2022-06-13T01:32:41.110+0000][1][safepoint    ] Entering safepoint region: Cleanup
[2022-06-13T01:32:41.110+0000][1][safepoint    ] Leaving safepoint region
[2022-06-13T01:32:41.111+0000][1][safepoint    ] Total time for which application threads were stopped: 0.0007679 seconds, Stopping threads took: 0.0003734 seconds
[2022-06-13T01:32:42.091+0000][1][safepoint    ] Application time: 0.9798986 seconds
[2022-06-13T01:32:42.093+0000][1][safepoint    ] Entering safepoint region: RevokeBias
[2022-06-13T01:32:42.094+0000][1][safepoint    ] Leaving safepoint region
[2022-06-13T01:32:42.094+0000][1][safepoint    ] Total time for which application threads were stopped: 0.0022444 seconds, Stopping threads took: 0.0014353 seconds
[2022-06-13T01:32:42.096+0000][1][safepoint    ] Application time: 0.0009247 seconds
[2022-06-13T01:32:42.097+0000][1][safepoint    ] Entering safepoint region: RevokeBias
[2022-06-13T01:32:42.097+0000][1][safepoint    ] Leaving safepoint region
[2022-06-13T01:32:42.098+0000][1][safepoint    ] Total time for which application threads were stopped: 0.0010275 seconds, Stopping threads took: 0.0005430 seconds
[2022-06-13T01:32:43.093+0000][1][safepoint    ] Application time: 0.9951026 seconds
[2022-06-13T01:32:43.093+0000][1][safepoint    ] Entering safepoint region: RevokeBias
[2022-06-13T01:32:43.094+0000][1][safepoint    ] Leaving safepoint region
[2022-06-13T01:32:43.095+0000][1][safepoint    ] Total time for which application threads were stopped: 0.0011765 seconds, Stopping threads took: 0.0005345 seconds
[2022-06-13T01:32:43.095+0000][1][safepoint    ] Application time: 0.0004044 seconds
[2022-06-13T01:32:43.096+0000][1][safepoint    ] Entering safepoint region: RevokeBias
[2022-06-13T01:32:43.096+0000][1][safepoint    ] Leaving safepoint region
[2022-06-13T01:32:43.097+0000][1][safepoint    ] Total time for which application threads were stopped: 0.0010775 seconds, Stopping threads took: 0.0004897 seconds
[2022-06-13T01:32:43.098+0000][1][safepoint    ] Application time: 0.0005471 seconds
[2022-06-13T01:32:43.098+0000][1][safepoint    ] Entering safepoint region: RevokeBias
[2022-06-13T01:32:43.099+0000][1][safepoint    ] Leaving safepoint region
[2022-06-13T01:32:43.099+0000][1][safepoint    ] Total time for which application threads were stopped: 0.0010108 seconds, Stopping threads took: 0.0006445 seconds
[2022-06-13T01:32:43.100+0000][1][safepoint    ] Application time: 0.0004342 seconds
[2022-06-13T01:32:43.101+0000][1][safepoint    ] Entering safepoint region: RevokeBias
[2022-06-13T01:32:43.101+0000][1][safepoint    ] Leaving safepoint region
[2022-06-13T01:32:43.102+0000][1][safepoint    ] Total time for which application threads were stopped: 0.0010268 seconds, Stopping threads took: 0.0004380 seconds
[2022-06-13T01:32:43.103+0000][1][safepoint    ] Application time: 0.0004147 seconds
[2022-06-13T01:32:43.103+0000][1][safepoint    ] Entering safepoint region: RevokeBias
[2022-06-13T01:32:43.103+0000][1][safepoint    ] Leaving safepoint region
[2022-06-13T01:32:43.104+0000][1][safepoint    ] Total time for which application threads were stopped: 0.0008369 seconds, Stopping threads took: 0.0002580 seconds
[2022-06-13T01:32:43.105+0000][1][safepoint    ] Application time: 0.0003643 seconds
[2022-06-13T01:32:43.105+0000][1][safepoint    ] Entering safepoint region: RevokeBias
[2022-06-13T01:32:43.106+0000][1][safepoint    ] Leaving safepoint region
[2022-06-13T01:32:43.106+0000][1][safepoint    ] Total time for which application threads were stopped: 0.0010270 seconds, Stopping threads took: 0.0004872 seconds
[2022-06-13T01:32:43.108+0000][1][safepoint    ] Application time: 0.0007933 seconds
[2022-06-13T01:32:43.108+0000][1][safepoint    ] Entering safepoint region: RevokeBias
[2022-06-13T01:32:43.109+0000][1][safepoint    ] Leaving safepoint region
[2022-06-13T01:32:43.110+0000][1][safepoint    ] Total time for which application threads were stopped: 0.0016874 seconds, Stopping threads took: 0.0008506 seconds
[2022-06-13T01:32:44.111+0000][1][safepoint    ] Application time: 1.0002543 seconds
[2022-06-13T01:32:44.111+0000][1][safepoint    ] Entering safepoint region: Cleanup
[2022-06-13T01:32:44.112+0000][1][safepoint    ] Leaving safepoint region
[2022-06-13T01:32:44.112+0000][1][safepoint    ] Total time for which application threads were stopped: 0.0008424 seconds, Stopping threads took: 0.0002801 seconds
[2022-06-13T01:32:45.113+0000][1][safepoint    ] Application time: 1.0001803 seconds
[2022-06-13T01:32:45.113+0000][1][safepoint    ] Entering safepoint region: Cleanup
[2022-06-13T01:32:45.114+0000][1][safepoint    ] Leaving safepoint region
[2022-06-13T01:32:45.115+0000][1][safepoint    ] Total time for which application threads were stopped: 0.0016768 seconds, Stopping threads took: 0.0008952 seconds
[2022-06-13T01:32:46.093+0000][1][safepoint    ] Application time: 0.9777958 seconds
[2022-06-13T01:32:46.094+0000][1][safepoint    ] Entering safepoint region: RevokeBias
[2022-06-13T01:32:46.094+0000][1][safepoint    ] Leaving safepoint region
[2022-06-13T01:32:46.095+0000][1][safepoint    ] Total time for which application threads were stopped: 0.0009519 seconds, Stopping threads took: 0.0005017 seconds
[2022-06-13T01:32:46.095+0000][1][safepoint    ] Application time: 0.0001896 seconds
[2022-06-13T01:32:46.096+0000][1][safepoint    ] Entering safepoint region: RevokeBias
[2022-06-13T01:32:46.096+0000][1][safepoint    ] Leaving safepoint region
[2022-06-13T01:32:46.096+0000][1][safepoint    ] Total time for which application threads were stopped: 0.0008914 seconds, Stopping threads took: 0.0003757 seconds
[2022-06-13T01:32:46.098+0000][1][safepoint    ] Application time: 0.0010864 seconds
[2022-06-13T01:32:46.098+0000][1][safepoint    ] Entering safepoint region: RevokeBias
[2022-06-13T01:32:46.099+0000][1][safepoint    ] Leaving safepoint region
[2022-06-13T01:32:46.100+0000][1][safepoint    ] Total time for which application threads were stopped: 0.0014443 seconds, Stopping threads took: 0.0005796 seconds
[2022-06-13T01:32:46.100+0000][1][safepoint    ] Application time: 0.0003496 seconds
[2022-06-13T01:32:46.101+0000][1][safepoint    ] Entering safepoint region: RevokeBias
[2022-06-13T01:32:46.102+0000][1][safepoint    ] Leaving safepoint region
[2022-06-13T01:32:46.102+0000][1][safepoint    ] Total time for which application threads were stopped: 0.0012501 seconds, Stopping threads took: 0.0004563 seconds
[2022-06-13T01:32:47.097+0000][1][safepoint    ] Application time: 0.9941573 seconds
[2022-06-13T01:32:47.097+0000][1][safepoint    ] Entering safepoint region: RevokeBias
[2022-06-13T01:32:47.099+0000][1][safepoint    ] Leaving safepoint region
[2022-06-13T01:32:47.099+0000][1][safepoint    ] Total time for which application threads were stopped: 0.0017413 seconds, Stopping threads took: 0.0003227 seconds
[2022-06-13T01:32:47.100+0000][1][safepoint    ] Application time: 0.0005679 seconds
[2022-06-13T01:32:47.101+0000][1][safepoint    ] Entering safepoint region: RevokeBias
[2022-06-13T01:32:47.101+0000][1][safepoint    ] Leaving safepoint region
[2022-06-13T01:32:47.102+0000][1][safepoint    ] Total time for which application threads were stopped: 0.0014521 seconds, Stopping threads took: 0.0005191 seconds
[2022-06-13T01:32:47.103+0000][1][safepoint    ] Application time: 0.0002647 seconds
[2022-06-13T01:32:47.103+0000][1][safepoint    ] Entering safepoint region: RevokeBias
[2022-06-13T01:32:47.103+0000][1][safepoint    ] Leaving safepoint region
[2022-06-13T01:32:47.103+0000][1][safepoint    ] Total time for which application threads were stopped: 0.0006514 seconds, Stopping threads took: 0.0003119 seconds
[2022-06-13T01:32:47.104+0000][1][safepoint    ] Application time: 0.0002933 seconds
[2022-06-13T01:32:47.105+0000][1][safepoint    ] Entering safepoint region: RevokeBias
[2022-06-13T01:32:47.105+0000][1][safepoint    ] Leaving safepoint region
[2022-06-13T01:32:47.105+0000][1][safepoint    ] Total time for which application threads were stopped: 0.0010474 seconds, Stopping threads took: 0.0003996 seconds
[2022-06-13T01:32:47.106+0000][1][safepoint    ] Application time: 0.0002465 seconds
[2022-06-13T01:32:47.107+0000][1][safepoint    ] Entering safepoint region: RevokeBias
[2022-06-13T01:32:47.108+0000][1][safepoint    ] Leaving safepoint region
[2022-06-13T01:32:47.108+0000][1][safepoint    ] Total time for which application threads were stopped: 0.0013869 seconds, Stopping threads took: 0.0003320 seconds
[2022-06-13T01:32:47.109+0000][1][safepoint    ] Application time: 0.0003709 seconds
[2022-06-13T01:32:47.109+0000][1][safepoint    ] Entering safepoint region: BulkRevokeBias
[2022-06-13T01:32:47.110+0000][1][safepoint    ] Leaving safepoint region
[2022-06-13T01:32:47.110+0000][1][safepoint    ] Total time for which application threads were stopped: 0.0010302 seconds, Stopping threads took: 0.0002446 seconds
[2022-06-13T01:32:48.111+0000][1][safepoint    ] Application time: 1.0003709 seconds
[2022-06-13T01:32:48.111+0000][1][safepoint    ] Entering safepoint region: Cleanup
[2022-06-13T01:32:48.112+0000][1][safepoint    ] Leaving safepoint region
[2022-06-13T01:32:48.112+0000][1][safepoint    ] Total time for which application threads were stopped: 0.0009601 seconds, Stopping threads took: 0.0004361 seconds
[2022-06-13T01:32:49.113+0000][1][safepoint    ] Application time: 1.0001630 seconds
[2022-06-13T01:32:49.114+0000][1][safepoint    ] Entering safepoint region: Cleanup
[2022-06-13T01:32:49.114+0000][1][safepoint    ] Leaving safepoint region
[2022-06-13T01:32:49.115+0000][1][safepoint    ] Total time for which application threads were stopped: 0.0010057 seconds, Stopping threads took: 0.0004923 seconds
[2022-06-13T01:32:50.097+0000][1][safepoint    ] Application time: 0.9822075 seconds
[2022-06-13T01:32:50.098+0000][1][safepoint    ] Entering safepoint region: RevokeBias
[2022-06-13T01:32:50.099+0000][1][safepoint    ] Leaving safepoint region
[2022-06-13T01:32:50.100+0000][1][safepoint    ] Total time for which application threads were stopped: 0.0019291 seconds, Stopping threads took: 0.0004593 seconds
[2022-06-13T01:32:51.099+0000][1][safepoint    ] Application time: 0.9991689 seconds
[2022-06-13T01:32:51.100+0000][1][safepoint    ] Entering safepoint region: RevokeBias
[2022-06-13T01:32:51.100+0000][1][safepoint    ] Leaving safepoint region
[2022-06-13T01:32:51.101+0000][1][safepoint    ] Total time for which application threads were stopped: 0.0011475 seconds, Stopping threads took: 0.0005691 seconds
[2022-06-13T01:32:51.101+0000][1][safepoint    ] Application time: 0.0004138 seconds
[2022-06-13T01:32:51.102+0000][1][safepoint    ] Entering safepoint region: RevokeBias
[2022-06-13T01:32:51.102+0000][1][safepoint    ] Leaving safepoint region
[2022-06-13T01:32:51.103+0000][1][safepoint    ] Total time for which application threads were stopped: 0.0008341 seconds, Stopping threads took: 0.0003290 seconds
[2022-06-13T01:32:51.104+0000][1][safepoint    ] Application time: 0.0008249 seconds
[2022-06-13T01:32:51.105+0000][1][safepoint    ] Entering safepoint region: RevokeBias
[2022-06-13T01:32:51.106+0000][1][safepoint    ] Leaving safepoint region
[2022-06-13T01:32:51.107+0000][1][safepoint    ] Total time for which application threads were stopped: 0.0016059 seconds, Stopping threads took: 0.0009080 seconds
[2022-06-13T01:32:52.109+0000][1][safepoint    ] Application time: 1.0014994 seconds
[2022-06-13T01:32:52.109+0000][1][safepoint    ] Entering safepoint region: Cleanup
[2022-06-13T01:32:52.110+0000][1][safepoint    ] Leaving safepoint region
[2022-06-13T01:32:52.110+0000][1][safepoint    ] Total time for which application threads were stopped: 0.0006590 seconds, Stopping threads took: 0.0002606 seconds
[2022-06-13T01:32:53.110+0000][1][safepoint    ] Application time: 1.0001954 seconds
[2022-06-13T01:32:53.111+0000][1][safepoint    ] Entering safepoint region: Cleanup
[2022-06-13T01:32:53.111+0000][1][safepoint    ] Leaving safepoint region
[2022-06-13T01:32:53.112+0000][1][safepoint    ] Total time for which application threads were stopped: 0.0009115 seconds, Stopping threads took: 0.0003609 seconds
[2022-06-13T01:32:54.099+0000][1][safepoint    ] Application time: 0.9864618 seconds
[2022-06-13T01:32:54.100+0000][1][safepoint    ] Entering safepoint region: RevokeBias
[2022-06-13T01:32:54.100+0000][1][safepoint    ] Leaving safepoint region
[2022-06-13T01:32:54.100+0000][1][safepoint    ] Total time for which application threads were stopped: 0.0008409 seconds, Stopping threads took: 0.0004796 seconds
[2022-06-13T01:32:54.101+0000][1][safepoint    ] Application time: 0.0001553 seconds
[2022-06-13T01:32:54.101+0000][1][safepoint    ] Entering safepoint region: RevokeBias
[2022-06-13T01:32:54.101+0000][1][safepoint    ] Leaving safepoint region
[2022-06-13T01:32:54.101+0000][1][safepoint    ] Total time for which application threads were stopped: 0.0005833 seconds, Stopping threads took: 0.0002967 seconds
[2022-06-13T01:32:54.103+0000][1][safepoint    ] Application time: 0.0013212 seconds
[2022-06-13T01:32:54.103+0000][1][safepoint    ] Entering safepoint region: RevokeBias
[2022-06-13T01:32:54.104+0000][1][safepoint    ] Leaving safepoint region
[2022-06-13T01:32:54.104+0000][1][safepoint    ] Total time for which application threads were stopped: 0.0010881 seconds, Stopping threads took: 0.0002995 seconds
[2022-06-13T01:32:55.103+0000][1][safepoint    ] Application time: 0.9979825 seconds
[2022-06-13T01:32:55.104+0000][1][safepoint    ] Entering safepoint region: RevokeBias
[2022-06-13T01:32:55.105+0000][1][safepoint    ] Leaving safepoint region
[2022-06-13T01:32:55.105+0000][1][safepoint    ] Total time for which application threads were stopped: 0.0015723 seconds, Stopping threads took: 0.0009096 seconds
[2022-06-13T01:32:55.107+0000][1][safepoint    ] Application time: 0.0009118 seconds
[2022-06-13T01:32:55.108+0000][1][safepoint    ] Entering safepoint region: RevokeBias
[2022-06-13T01:32:55.108+0000][1][safepoint    ] Leaving safepoint region
[2022-06-13T01:32:55.109+0000][1][safepoint    ] Total time for which application threads were stopped: 0.0013759 seconds, Stopping threads took: 0.0007509 seconds
[2022-06-13T01:32:55.110+0000][1][safepoint    ] Application time: 0.0007478 seconds
[2022-06-13T01:32:55.111+0000][1][safepoint    ] Entering safepoint region: RevokeBias
[2022-06-13T01:32:55.112+0000][1][safepoint    ] Leaving safepoint region
[2022-06-13T01:32:55.112+0000][1][safepoint    ] Total time for which application threads were stopped: 0.0010974 seconds, Stopping threads took: 0.0005154 seconds
[2022-06-13T01:32:55.113+0000][1][safepoint    ] Application time: 0.0005891 seconds
[2022-06-13T01:32:55.114+0000][1][safepoint    ] Entering safepoint region: RevokeBias
[2022-06-13T01:32:55.114+0000][1][safepoint    ] Leaving safepoint region
[2022-06-13T01:32:55.115+0000][1][safepoint    ] Total time for which application threads were stopped: 0.0010874 seconds, Stopping threads took: 0.0005229 seconds
[2022-06-13T01:32:56.116+0000][1][safepoint    ] Application time: 1.0003407 seconds
[2022-06-13T01:32:56.117+0000][1][safepoint    ] Entering safepoint region: Cleanup
[2022-06-13T01:32:56.117+0000][1][safepoint    ] Leaving safepoint region
[2022-06-13T01:32:56.118+0000][1][safepoint    ] Total time for which application threads were stopped: 0.0012904 seconds, Stopping threads took: 0.0005080 seconds
[2022-06-13T01:32:57.119+0000][1][safepoint    ] Application time: 1.0001806 seconds
[2022-06-13T01:32:57.119+0000][1][safepoint    ] Entering safepoint region: Cleanup
[2022-06-13T01:32:57.120+0000][1][safepoint    ] Leaving safepoint region
[2022-06-13T01:32:57.120+0000][1][safepoint    ] Total time for which application threads were stopped: 0.0006584 seconds, Stopping threads took: 0.0002272 seconds
[2022-06-13T01:32:58.103+0000][1][safepoint    ] Application time: 0.9825886 seconds
[2022-06-13T01:32:58.104+0000][1][safepoint    ] Entering safepoint region: RevokeBias
[2022-06-13T01:32:58.105+0000][1][safepoint    ] Leaving safepoint region
[2022-06-13T01:32:58.105+0000][1][safepoint    ] Total time for which application threads were stopped: 0.0017950 seconds, Stopping threads took: 0.0008972 seconds
[2022-06-13T01:32:58.107+0000][1][safepoint    ] Application time: 0.0008984 seconds
[2022-06-13T01:32:58.107+0000][1][safepoint    ] Entering safepoint region: RevokeBias
[2022-06-13T01:32:58.108+0000][1][safepoint    ] Leaving safepoint region
[2022-06-13T01:32:58.109+0000][1][safepoint    ] Total time for which application threads were stopped: 0.0016339 seconds, Stopping threads took: 0.0007706 seconds
[2022-06-13T01:32:58.111+0000][1][safepoint    ] Application time: 0.0009758 seconds
[2022-06-13T01:32:58.111+0000][1][safepoint    ] Entering safepoint region: RevokeBias
[2022-06-13T01:32:58.112+0000][1][safepoint    ] Leaving safepoint region
[2022-06-13T01:32:58.113+0000][1][safepoint    ] Total time for which application threads were stopped: 0.0014218 seconds, Stopping threads took: 0.0006850 seconds
[2022-06-13T01:32:59.104+0000][1][safepoint    ] Application time: 0.9909227 seconds
[2022-06-13T01:32:59.105+0000][1][safepoint    ] Entering safepoint region: RevokeBias
[2022-06-13T01:32:59.105+0000][1][safepoint    ] Leaving safepoint region
[2022-06-13T01:32:59.106+0000][1][safepoint    ] Total time for which application threads were stopped: 0.0014550 seconds, Stopping threads took: 0.0006152 seconds
[2022-06-13T01:32:59.107+0000][1][safepoint    ] Application time: 0.0007545 seconds
[2022-06-13T01:32:59.108+0000][1][safepoint    ] Entering safepoint region: RevokeBias
[2022-06-13T01:32:59.109+0000][1][safepoint    ] Leaving safepoint region
[2022-06-13T01:32:59.109+0000][1][safepoint    ] Total time for which application threads were stopped: 0.0017573 seconds, Stopping threads took: 0.0008732 seconds
[2022-06-13T01:32:59.111+0000][1][safepoint    ] Application time: 0.0009127 seconds
[2022-06-13T01:32:59.112+0000][1][safepoint    ] Entering safepoint region: RevokeBias
[2022-06-13T01:32:59.113+0000][1][safepoint    ] Leaving safepoint region
[2022-06-13T01:32:59.113+0000][1][safepoint    ] Total time for which application threads were stopped: 0.0014748 seconds, Stopping threads took: 0.0006371 seconds
[2022-06-13T01:33:00.114+0000][1][safepoint    ] Application time: 1.0004402 seconds
[2022-06-13T01:33:00.115+0000][1][safepoint    ] Entering safepoint region: Cleanup
[2022-06-13T01:33:00.116+0000][1][safepoint    ] Leaving safepoint region
[2022-06-13T01:33:00.118+0000][1][safepoint    ] Total time for which application threads were stopped: 0.0024094 seconds, Stopping threads took: 0.0008351 seconds
[2022-06-13T01:33:01.119+0000][1][safepoint    ] Application time: 1.0001866 seconds
[2022-06-13T01:33:01.119+0000][1][safepoint    ] Entering safepoint region: Cleanup
[2022-06-13T01:33:01.120+0000][1][safepoint    ] Leaving safepoint region
[2022-06-13T01:33:01.120+0000][1][safepoint    ] Total time for which application threads were stopped: 0.0011675 seconds, Stopping threads took: 0.0008086 seconds
[2022-06-13T01:33:01.154+0000][1][safepoint    ] Application time: 0.0329389 seconds
[2022-06-13T01:33:01.155+0000][1][safepoint    ] Entering safepoint region: RevokeBias
[2022-06-13T01:33:01.155+0000][1][safepoint    ] Leaving safepoint region
[2022-06-13T01:33:01.156+0000][1][safepoint    ] Total time for which application threads were stopped: 0.0014370 seconds, Stopping threads took: 0.0006590 seconds
[2022-06-13T01:33:01.158+0000][1][safepoint    ] Application time: 0.0010945 seconds
[2022-06-13T01:33:01.158+0000][1][safepoint    ] Entering safepoint region: RevokeBias
[2022-06-13T01:33:01.159+0000][1][safepoint    ] Leaving safepoint region
[2022-06-13T01:33:01.160+0000][1][safepoint    ] Total time for which application threads were stopped: 0.0012079 seconds, Stopping threads took: 0.0005165 seconds
[2022-06-13T01:33:01.165+0000][1][safepoint    ] Application time: 0.0045488 seconds
[2022-06-13T01:33:01.165+0000][1][safepoint    ] Entering safepoint region: RevokeBias
[2022-06-13T01:33:01.166+0000][1][safepoint    ] Leaving safepoint region
[2022-06-13T01:33:01.166+0000][1][safepoint    ] Total time for which application threads were stopped: 0.0010575 seconds, Stopping threads took: 0.0004530 seconds
[2022-06-13T01:33:01.168+0000][1][safepoint    ] Application time: 0.0005574 seconds
[2022-06-13T01:33:01.168+0000][1][safepoint    ] Entering safepoint region: RevokeBias
[2022-06-13T01:33:01.169+0000][1][safepoint    ] Leaving safepoint region
[2022-06-13T01:33:01.170+0000][1][safepoint    ] Total time for which application threads were stopped: 0.0018333 seconds, Stopping threads took: 0.0009802 seconds
[2022-06-13T01:33:02.104+0000][1][safepoint    ] Application time: 0.9333076 seconds
[2022-06-13T01:33:02.105+0000][1][safepoint    ] Entering safepoint region: RevokeBias
[2022-06-13T01:33:02.105+0000][1][safepoint    ] Leaving safepoint region
[2022-06-13T01:33:02.106+0000][1][safepoint    ] Total time for which application threads were stopped: 0.0014738 seconds, Stopping threads took: 0.0006493 seconds
[2022-06-13T01:33:02.107+0000][1][safepoint    ] Application time: 0.0004088 seconds
[2022-06-13T01:33:02.108+0000][1][safepoint    ] Entering safepoint region: RevokeBias
[2022-06-13T01:33:02.109+0000][1][safepoint    ] Leaving safepoint region
[2022-06-13T01:33:02.109+0000][1][safepoint    ] Total time for which application threads were stopped: 0.0012853 seconds, Stopping threads took: 0.0008062 seconds
[2022-06-13T01:33:03.105+0000][1][safepoint    ] Application time: 0.9952277 seconds
[2022-06-13T01:33:03.106+0000][1][safepoint    ] Entering safepoint region: RevokeBias
[2022-06-13T01:33:03.106+0000][1][safepoint    ] Leaving safepoint region
[2022-06-13T01:33:03.107+0000][1][safepoint    ] Total time for which application threads were stopped: 0.0015420 seconds, Stopping threads took: 0.0004423 seconds
[2022-06-13T01:33:03.108+0000][1][safepoint    ] Application time: 0.0006300 seconds
[2022-06-13T01:33:03.108+0000][1][safepoint    ] Entering safepoint region: RevokeBias
[2022-06-13T01:33:03.109+0000][1][safepoint    ] Leaving safepoint region
[2022-06-13T01:33:03.110+0000][1][safepoint    ] Total time for which application threads were stopped: 0.0017289 seconds, Stopping threads took: 0.0003764 seconds
[2022-06-13T01:33:03.111+0000][1][safepoint    ] Application time: 0.0005169 seconds
[2022-06-13T01:33:03.111+0000][1][safepoint    ] Entering safepoint region: RevokeBias
[2022-06-13T01:33:03.112+0000][1][safepoint    ] Leaving safepoint region
[2022-06-13T01:33:03.112+0000][1][safepoint    ] Total time for which application threads were stopped: 0.0004978 seconds, Stopping threads took: 0.0002292 seconds
[2022-06-13T01:33:04.112+0000][1][safepoint    ] Application time: 1.0004533 seconds
[2022-06-13T01:33:04.113+0000][1][safepoint    ] Entering safepoint region: Cleanup
[2022-06-13T01:33:04.114+0000][1][safepoint    ] Leaving safepoint region
[2022-06-13T01:33:04.114+0000][1][safepoint    ] Total time for which application threads were stopped: 0.0012255 seconds, Stopping threads took: 0.0003102 seconds
[2022-06-13T01:33:05.115+0000][1][safepoint    ] Application time: 1.0004337 seconds
[2022-06-13T01:33:05.116+0000][1][safepoint    ] Entering safepoint region: Cleanup
[2022-06-13T01:33:05.117+0000][1][safepoint    ] Leaving safepoint region
[2022-06-13T01:33:05.117+0000][1][safepoint    ] Total time for which application threads were stopped: 0.0013202 seconds, Stopping threads took: 0.0007231 seconds
[2022-06-13T01:33:06.106+0000][1][safepoint    ] Application time: 0.9889420 seconds
[2022-06-13T01:33:06.107+0000][1][safepoint    ] Entering safepoint region: RevokeBias
[2022-06-13T01:33:06.108+0000][1][safepoint    ] Leaving safepoint region
[2022-06-13T01:33:06.108+0000][1][safepoint    ] Total time for which application threads were stopped: 0.0014188 seconds, Stopping threads took: 0.0006430 seconds
[2022-06-13T01:33:06.112+0000][1][safepoint    ] Application time: 0.0031701 seconds
[2022-06-13T01:33:06.113+0000][1][safepoint    ] Entering safepoint region: RevokeBias
[2022-06-13T01:33:06.114+0000][1][safepoint    ] Leaving safepoint region
[2022-06-13T01:33:06.115+0000][1][safepoint    ] Total time for which application threads were stopped: 0.0018577 seconds, Stopping threads took: 0.0006140 seconds
[2022-06-13T01:33:07.115+0000][1][safepoint    ] Application time: 1.0002475 seconds
[2022-06-13T01:33:07.116+0000][1][safepoint    ] Entering safepoint region: Cleanup
[2022-06-13T01:33:07.116+0000][1][safepoint    ] Leaving safepoint region
[2022-06-13T01:33:07.116+0000][1][safepoint    ] Total time for which application threads were stopped: 0.0006499 seconds, Stopping threads took: 0.0002817 seconds
[2022-06-13T01:33:08.117+0000][1][safepoint    ] Application time: 1.0002762 seconds
[2022-06-13T01:33:08.118+0000][1][safepoint    ] Entering safepoint region: Cleanup
[2022-06-13T01:33:08.118+0000][1][safepoint    ] Leaving safepoint region
[2022-06-13T01:33:08.119+0000][1][safepoint    ] Total time for which application threads were stopped: 0.0014725 seconds, Stopping threads took: 0.0006219 seconds
[2022-06-13T01:33:09.113+0000][1][safepoint    ] Application time: 0.9928682 seconds
[2022-06-13T01:33:09.113+0000][1][safepoint    ] Entering safepoint region: RevokeBias
[2022-06-13T01:33:09.115+0000][1][safepoint    ] Leaving safepoint region
[2022-06-13T01:33:09.116+0000][1][safepoint    ] Total time for which application threads were stopped: 0.0023827 seconds, Stopping threads took: 0.0005147 seconds
[2022-06-13T01:33:10.116+0000][1][safepoint    ] Application time: 1.0002869 seconds
[2022-06-13T01:33:10.117+0000][1][safepoint    ] Entering safepoint region: Cleanup
[2022-06-13T01:33:10.118+0000][1][safepoint    ] Leaving safepoint region
[2022-06-13T01:33:10.118+0000][1][safepoint    ] Total time for which application threads were stopped: 0.0014325 seconds, Stopping threads took: 0.0008243 seconds
[2022-06-13T01:33:11.119+0000][1][safepoint    ] Application time: 1.0002390 seconds
[2022-06-13T01:33:11.120+0000][1][safepoint    ] Entering safepoint region: Cleanup
[2022-06-13T01:33:11.120+0000][1][safepoint    ] Leaving safepoint region
[2022-06-13T01:33:11.120+0000][1][safepoint    ] Total time for which application threads were stopped: 0.0006553 seconds, Stopping threads took: 0.0002887 seconds
[2022-06-13T01:33:12.121+0000][1][safepoint    ] Application time: 1.0002307 seconds
[2022-06-13T01:33:12.122+0000][1][safepoint    ] Entering safepoint region: Cleanup
[2022-06-13T01:33:12.123+0000][1][safepoint    ] Leaving safepoint region
[2022-06-13T01:33:12.123+0000][1][safepoint    ] Total time for which application threads were stopped: 0.0017493 seconds, Stopping threads took: 0.0009979 seconds
[2022-06-13T01:33:13.124+0000][1][safepoint    ] Application time: 1.0003830 seconds
[2022-06-13T01:33:13.125+0000][1][safepoint    ] Entering safepoint region: Cleanup
[2022-06-13T01:33:13.126+0000][1][safepoint    ] Leaving safepoint region
[2022-06-13T01:33:13.127+0000][1][safepoint    ] Total time for which application threads were stopped: 0.0015726 seconds, Stopping threads took: 0.0006664 seconds
[2022-06-13T01:33:14.127+0000][1][safepoint    ] Application time: 1.0003130 seconds
[2022-06-13T01:33:14.128+0000][1][safepoint    ] Entering safepoint region: Cleanup
[2022-06-13T01:33:14.129+0000][1][safepoint    ] Leaving safepoint region
[2022-06-13T01:33:14.130+0000][1][safepoint    ] Total time for which application threads were stopped: 0.0018969 seconds, Stopping threads took: 0.0009372 seconds
[2022-06-13T01:33:15.131+0000][1][safepoint    ] Application time: 1.0003014 seconds
[2022-06-13T01:33:15.132+0000][1][safepoint    ] Entering safepoint region: Cleanup
[2022-06-13T01:33:15.133+0000][1][safepoint    ] Leaving safepoint region
[2022-06-13T01:33:15.133+0000][1][safepoint    ] Total time for which application threads were stopped: 0.0010488 seconds, Stopping threads took: 0.0004470 seconds
[2022-06-13T01:33:15.632+0000][1][safepoint    ] Application time: 0.4982703 seconds
[2022-06-13T01:33:15.633+0000][1][safepoint    ] Entering safepoint region: RevokeBias
[2022-06-13T01:33:15.634+0000][1][safepoint    ] Leaving safepoint region
[2022-06-13T01:33:15.635+0000][1][safepoint    ] Total time for which application threads were stopped: 0.0018403 seconds, Stopping threads took: 0.0007131 seconds
[2022-06-13T01:33:16.636+0000][1][safepoint    ] Application time: 1.0002042 seconds
[2022-06-13T01:33:16.636+0000][1][safepoint    ] Entering safepoint region: Cleanup
[2022-06-13T01:33:16.637+0000][1][safepoint    ] Leaving safepoint region
[2022-06-13T01:33:16.637+0000][1][safepoint    ] Total time for which application threads were stopped: 0.0011680 seconds, Stopping threads took: 0.0004043 seconds
[2022-06-13T01:33:17.638+0000][1][safepoint    ] Application time: 1.0002286 seconds
[2022-06-13T01:33:17.638+0000][1][safepoint    ] Entering safepoint region: Cleanup
[2022-06-13T01:33:17.640+0000][1][safepoint    ] Leaving safepoint region
[2022-06-13T01:33:17.640+0000][1][safepoint    ] Total time for which application threads were stopped: 0.0017537 seconds, Stopping threads took: 0.0008693 seconds
[2022-06-13T01:33:18.641+0000][1][safepoint    ] Application time: 1.0003973 seconds
[2022-06-13T01:33:18.642+0000][1][safepoint    ] Entering safepoint region: Cleanup
[2022-06-13T01:33:18.643+0000][1][safepoint    ] Leaving safepoint region
[2022-06-13T01:33:18.643+0000][1][safepoint    ] Total time for which application threads were stopped: 0.0009733 seconds, Stopping threads took: 0.0003748 seconds
[2022-06-13T01:33:19.644+0000][1][safepoint    ] Application time: 1.0001913 seconds
[2022-06-13T01:33:19.644+0000][1][safepoint    ] Entering safepoint region: Cleanup
[2022-06-13T01:33:19.645+0000][1][safepoint    ] Leaving safepoint region
[2022-06-13T01:33:19.645+0000][1][safepoint    ] Total time for which application threads were stopped: 0.0009404 seconds, Stopping threads took: 0.0003468 seconds
[2022-06-13T01:33:20.646+0000][1][safepoint    ] Application time: 1.0002491 seconds
[2022-06-13T01:33:20.647+0000][1][safepoint    ] Entering safepoint region: Cleanup
[2022-06-13T01:33:20.648+0000][1][safepoint    ] Leaving safepoint region
[2022-06-13T01:33:20.648+0000][1][safepoint    ] Total time for which application threads were stopped: 0.0013119 seconds, Stopping threads took: 0.0006156 seconds
[2022-06-13T01:33:21.649+0000][1][safepoint    ] Application time: 1.0003355 seconds
[2022-06-13T01:33:21.650+0000][1][safepoint    ] Entering safepoint region: Cleanup
[2022-06-13T01:33:21.651+0000][1][safepoint    ] Leaving safepoint region
[2022-06-13T01:33:21.652+0000][1][safepoint    ] Total time for which application threads were stopped: 0.0021614 seconds, Stopping threads took: 0.0007957 seconds
[2022-06-13T01:33:22.653+0000][1][safepoint    ] Application time: 1.0002646 seconds
[2022-06-13T01:33:22.654+0000][1][safepoint    ] Entering safepoint region: Cleanup
[2022-06-13T01:33:22.655+0000][1][safepoint    ] Leaving safepoint region
[2022-06-13T01:33:22.656+0000][1][safepoint    ] Total time for which application threads were stopped: 0.0017872 seconds, Stopping threads took: 0.0008324 seconds
[2022-06-13T01:33:24.657+0000][1][safepoint    ] Application time: 2.0004148 seconds
[2022-06-13T01:33:24.658+0000][1][safepoint    ] Entering safepoint region: Cleanup
[2022-06-13T01:33:24.659+0000][1][safepoint    ] Leaving safepoint region
[2022-06-13T01:33:24.659+0000][1][safepoint    ] Total time for which application threads were stopped: 0.0014573 seconds, Stopping threads took: 0.0008026 seconds
[2022-06-13T01:33:25.660+0000][1][safepoint    ] Application time: 1.0003220 seconds
[2022-06-13T01:33:25.661+0000][1][safepoint    ] Entering safepoint region: Cleanup
[2022-06-13T01:33:25.663+0000][1][safepoint    ] Leaving safepoint region
[2022-06-13T01:33:25.663+0000][1][safepoint    ] Total time for which application threads were stopped: 0.0020138 seconds, Stopping threads took: 0.0009158 seconds
[2022-06-13T01:33:26.664+0000][1][safepoint    ] Application time: 1.0002645 seconds
[2022-06-13T01:33:26.665+0000][1][safepoint    ] Entering safepoint region: Cleanup
[2022-06-13T01:33:26.666+0000][1][safepoint    ] Leaving safepoint region
[2022-06-13T01:33:26.666+0000][1][safepoint    ] Total time for which application threads were stopped: 0.0010862 seconds, Stopping threads took: 0.0005635 seconds
[2022-06-13T01:33:27.667+0000][1][safepoint    ] Application time: 1.0003257 seconds
[2022-06-13T01:33:27.667+0000][1][safepoint    ] Entering safepoint region: Cleanup
[2022-06-13T01:33:27.668+0000][1][safepoint    ] Leaving safepoint region
[2022-06-13T01:33:27.669+0000][1][safepoint    ] Total time for which application threads were stopped: 0.0014861 seconds, Stopping threads took: 0.0006112 seconds
[2022-06-13T01:33:28.670+0000][1][safepoint    ] Application time: 1.0003398 seconds
[2022-06-13T01:33:28.671+0000][1][safepoint    ] Entering safepoint region: Cleanup
[2022-06-13T01:33:28.671+0000][1][safepoint    ] Leaving safepoint region
[2022-06-13T01:33:28.672+0000][1][safepoint    ] Total time for which application threads were stopped: 0.0009305 seconds, Stopping threads took: 0.0002875 seconds
[2022-06-13T01:33:29.673+0000][1][safepoint    ] Application time: 1.0003222 seconds
[2022-06-13T01:33:29.674+0000][1][safepoint    ] Entering safepoint region: Cleanup
[2022-06-13T01:33:29.675+0000][1][safepoint    ] Leaving safepoint region
[2022-06-13T01:33:29.676+0000][1][safepoint    ] Total time for which application threads were stopped: 0.0021278 seconds, Stopping threads took: 0.0009937 seconds
[2022-06-13T01:33:30.676+0000][1][safepoint    ] Application time: 1.0002496 seconds
[2022-06-13T01:33:30.677+0000][1][safepoint    ] Entering safepoint region: Cleanup
[2022-06-13T01:33:30.678+0000][1][safepoint    ] Leaving safepoint region
[2022-06-13T01:33:30.679+0000][1][safepoint    ] Total time for which application threads were stopped: 0.0016167 seconds, Stopping threads took: 0.0006486 seconds
[2022-06-13T01:33:31.680+0000][1][safepoint    ] Application time: 1.0002739 seconds
[2022-06-13T01:33:31.680+0000][1][safepoint    ] Entering safepoint region: Cleanup
[2022-06-13T01:33:31.681+0000][1][safepoint    ] Leaving safepoint region
[2022-06-13T01:33:31.682+0000][1][safepoint    ] Total time for which application threads were stopped: 0.0010655 seconds, Stopping threads took: 0.0004657 seconds
[2022-06-13T01:33:32.682+0000][1][safepoint    ] Application time: 1.0003284 seconds
[2022-06-13T01:33:32.684+0000][1][safepoint    ] Entering safepoint region: Cleanup
[2022-06-13T01:33:32.684+0000][1][safepoint    ] Leaving safepoint region
[2022-06-13T01:33:32.685+0000][1][safepoint    ] Total time for which application threads were stopped: 0.0016602 seconds, Stopping threads took: 0.0007406 seconds
[2022-06-13T01:33:33.686+0000][1][safepoint    ] Application time: 1.0001800 seconds
[2022-06-13T01:33:33.687+0000][1][safepoint    ] Entering safepoint region: Cleanup
[2022-06-13T01:33:33.687+0000][1][safepoint    ] Leaving safepoint region
[2022-06-13T01:33:33.688+0000][1][safepoint    ] Total time for which application threads were stopped: 0.0010675 seconds, Stopping threads took: 0.0005042 seconds
[2022-06-13T01:33:34.688+0000][1][safepoint    ] Application time: 1.0002668 seconds
[2022-06-13T01:33:34.689+0000][1][safepoint    ] Entering safepoint region: Cleanup
[2022-06-13T01:33:34.690+0000][1][safepoint    ] Leaving safepoint region
[2022-06-13T01:33:34.691+0000][1][safepoint    ] Total time for which application threads were stopped: 0.0016476 seconds, Stopping threads took: 0.0008233 seconds
[2022-06-13T01:33:35.692+0000][1][safepoint    ] Application time: 1.0003052 seconds
[2022-06-13T01:33:35.693+0000][1][safepoint    ] Entering safepoint region: Cleanup
[2022-06-13T01:33:35.694+0000][1][safepoint    ] Leaving safepoint region
[2022-06-13T01:33:35.694+0000][1][safepoint    ] Total time for which application threads were stopped: 0.0016107 seconds, Stopping threads took: 0.0008210 seconds
[2022-06-13T01:33:36.695+0000][1][safepoint    ] Application time: 1.0001946 seconds
[2022-06-13T01:33:36.696+0000][1][safepoint    ] Entering safepoint region: Cleanup
[2022-06-13T01:33:36.697+0000][1][safepoint    ] Leaving safepoint region
[2022-06-13T01:33:36.698+0000][1][safepoint    ] Total time for which application threads were stopped: 0.0018789 seconds, Stopping threads took: 0.0007995 seconds
[2022-06-13T01:33:37.699+0000][1][safepoint    ] Application time: 1.0002771 seconds
[2022-06-13T01:33:37.700+0000][1][safepoint    ] Entering safepoint region: Cleanup
[2022-06-13T01:33:37.701+0000][1][safepoint    ] Leaving safepoint region
[2022-06-13T01:33:37.701+0000][1][safepoint    ] Total time for which application threads were stopped: 0.0017269 seconds, Stopping threads took: 0.0007946 seconds
[2022-06-13T01:33:38.702+0000][1][safepoint    ] Application time: 1.0003368 seconds
[2022-06-13T01:33:38.704+0000][1][safepoint    ] Entering safepoint region: Cleanup
[2022-06-13T01:33:38.704+0000][1][safepoint    ] Leaving safepoint region
[2022-06-13T01:33:38.705+0000][1][safepoint    ] Total time for which application threads were stopped: 0.0013743 seconds, Stopping threads took: 0.0005866 seconds
[2022-06-13T01:33:39.706+0000][1][safepoint    ] Application time: 1.0003500 seconds
[2022-06-13T01:33:39.706+0000][1][safepoint    ] Entering safepoint region: Cleanup
[2022-06-13T01:33:39.707+0000][1][safepoint    ] Leaving safepoint region
[2022-06-13T01:33:39.707+0000][1][safepoint    ] Total time for which application threads were stopped: 0.0006432 seconds, Stopping threads took: 0.0003103 seconds
[2022-06-13T01:33:40.708+0000][1][safepoint    ] Application time: 1.0002526 seconds
[2022-06-13T01:33:40.708+0000][1][safepoint    ] Entering safepoint region: Cleanup
[2022-06-13T01:33:40.709+0000][1][safepoint    ] Leaving safepoint region
[2022-06-13T01:33:40.709+0000][1][safepoint    ] Total time for which application threads were stopped: 0.0009285 seconds, Stopping threads took: 0.0002998 seconds
[2022-06-13T01:33:41.710+0000][1][safepoint    ] Application time: 1.0002971 seconds
[2022-06-13T01:33:41.711+0000][1][safepoint    ] Entering safepoint region: Cleanup
[2022-06-13T01:33:41.712+0000][1][safepoint    ] Leaving safepoint region
[2022-06-13T01:33:41.712+0000][1][safepoint    ] Total time for which application threads were stopped: 0.0016681 seconds, Stopping threads took: 0.0009253 seconds
[2022-06-13T01:33:42.713+0000][1][safepoint    ] Application time: 1.0003300 seconds
[2022-06-13T01:33:42.714+0000][1][safepoint    ] Entering safepoint region: Cleanup
[2022-06-13T01:33:42.714+0000][1][safepoint    ] Leaving safepoint region
[2022-06-13T01:33:42.715+0000][1][safepoint    ] Total time for which application threads were stopped: 0.0011101 seconds, Stopping threads took: 0.0005027 seconds
[2022-06-13T01:33:43.715+0000][1][safepoint    ] Application time: 1.0002350 seconds
[2022-06-13T01:33:43.716+0000][1][safepoint    ] Entering safepoint region: Cleanup
[2022-06-13T01:33:43.717+0000][1][safepoint    ] Leaving safepoint region
[2022-06-13T01:33:43.717+0000][1][safepoint    ] Total time for which application threads were stopped: 0.0009253 seconds, Stopping threads took: 0.0005179 seconds
[2022-06-13T01:33:44.718+0000][1][safepoint    ] Application time: 1.0001897 seconds
[2022-06-13T01:33:44.719+0000][1][safepoint    ] Entering safepoint region: Cleanup
[2022-06-13T01:33:44.719+0000][1][safepoint    ] Leaving safepoint region
[2022-06-13T01:33:44.720+0000][1][safepoint    ] Total time for which application threads were stopped: 0.0012084 seconds, Stopping threads took: 0.0004572 seconds
[2022-06-13T01:33:45.721+0000][1][safepoint    ] Application time: 1.0002170 seconds
[2022-06-13T01:33:45.722+0000][1][safepoint    ] Entering safepoint region: Cleanup
[2022-06-13T01:33:45.723+0000][1][safepoint    ] Leaving safepoint region
[2022-06-13T01:33:45.723+0000][1][safepoint    ] Total time for which application threads were stopped: 0.0014269 seconds, Stopping threads took: 0.0005358 seconds
[2022-06-13T01:33:46.724+0000][1][safepoint    ] Application time: 1.0001247 seconds
[2022-06-13T01:33:46.724+0000][1][safepoint    ] Entering safepoint region: Cleanup
[2022-06-13T01:33:46.725+0000][1][safepoint    ] Leaving safepoint region
[2022-06-13T01:33:46.725+0000][1][safepoint    ] Total time for which application threads were stopped: 0.0011024 seconds, Stopping threads took: 0.0004427 seconds
[2022-06-13T01:33:47.726+0000][1][safepoint    ] Application time: 1.0003093 seconds
[2022-06-13T01:33:47.727+0000][1][safepoint    ] Entering safepoint region: Cleanup
[2022-06-13T01:33:47.728+0000][1][safepoint    ] Leaving safepoint region
[2022-06-13T01:33:47.729+0000][1][safepoint    ] Total time for which application threads were stopped: 0.0020742 seconds, Stopping threads took: 0.0008270 seconds
[2022-06-13T01:33:48.730+0000][1][safepoint    ] Application time: 1.0002711 seconds
[2022-06-13T01:33:48.730+0000][1][safepoint    ] Entering safepoint region: Cleanup
[2022-06-13T01:33:48.731+0000][1][safepoint    ] Leaving safepoint region
[2022-06-13T01:33:48.731+0000][1][safepoint    ] Total time for which application threads were stopped: 0.0010222 seconds, Stopping threads took: 0.0004774 seconds
[2022-06-13T01:33:49.732+0000][1][safepoint    ] Application time: 1.0002402 seconds
[2022-06-13T01:33:49.733+0000][1][safepoint    ] Entering safepoint region: Cleanup
[2022-06-13T01:33:49.734+0000][1][safepoint    ] Leaving safepoint region
[2022-06-13T01:33:49.735+0000][1][safepoint    ] Total time for which application threads were stopped: 0.0018747 seconds, Stopping threads took: 0.0008578 seconds
[2022-06-13T01:33:50.736+0000][1][safepoint    ] Application time: 1.0004552 seconds
[2022-06-13T01:33:50.736+0000][1][safepoint    ] Entering safepoint region: Cleanup
[2022-06-13T01:33:50.737+0000][1][safepoint    ] Leaving safepoint region
[2022-06-13T01:33:50.737+0000][1][safepoint    ] Total time for which application threads were stopped: 0.0010978 seconds, Stopping threads took: 0.0006333 seconds
[2022-06-13T01:33:51.133+0000][1][safepoint    ] Application time: 0.3954993 seconds
[2022-06-13T01:33:51.134+0000][1][safepoint    ] Entering safepoint region: RevokeBias
[2022-06-13T01:33:51.135+0000][1][safepoint    ] Leaving safepoint region
[2022-06-13T01:33:51.136+0000][1][safepoint    ] Total time for which application threads were stopped: 0.0019562 seconds, Stopping threads took: 0.0008796 seconds
[2022-06-13T01:33:52.137+0000][1][safepoint    ] Application time: 1.0004421 seconds
[2022-06-13T01:33:52.138+0000][1][safepoint    ] Entering safepoint region: Cleanup
[2022-06-13T01:33:52.139+0000][1][safepoint    ] Leaving safepoint region
[2022-06-13T01:33:52.140+0000][1][safepoint    ] Total time for which application threads were stopped: 0.0014814 seconds, Stopping threads took: 0.0005402 seconds
[2022-06-13T01:33:53.141+0000][1][safepoint    ] Application time: 1.0002703 seconds
[2022-06-13T01:33:53.141+0000][1][safepoint    ] Entering safepoint region: Cleanup
[2022-06-13T01:33:53.142+0000][1][safepoint    ] Leaving safepoint region
[2022-06-13T01:33:53.142+0000][1][safepoint    ] Total time for which application threads were stopped: 0.0008329 seconds, Stopping threads took: 0.0005342 seconds
[2022-06-13T01:33:54.143+0000][1][safepoint    ] Application time: 1.0002584 seconds
[2022-06-13T01:33:54.143+0000][1][safepoint    ] Entering safepoint region: Cleanup
[2022-06-13T01:33:54.144+0000][1][safepoint    ] Leaving safepoint region
[2022-06-13T01:33:54.144+0000][1][safepoint    ] Total time for which application threads were stopped: 0.0009433 seconds, Stopping threads took: 0.0004096 seconds
[2022-06-13T01:33:55.145+0000][1][safepoint    ] Application time: 1.0002253 seconds
[2022-06-13T01:33:55.146+0000][1][safepoint    ] Entering safepoint region: Cleanup
[2022-06-13T01:33:55.146+0000][1][safepoint    ] Leaving safepoint region
[2022-06-13T01:33:55.147+0000][1][safepoint    ] Total time for which application threads were stopped: 0.0010871 seconds, Stopping threads took: 0.0004500 seconds
[2022-06-13T01:33:56.147+0000][1][safepoint    ] Application time: 1.0002138 seconds
[2022-06-13T01:33:56.148+0000][1][safepoint    ] Entering safepoint region: Cleanup
[2022-06-13T01:33:56.149+0000][1][safepoint    ] Leaving safepoint region
[2022-06-13T01:33:56.149+0000][1][safepoint    ] Total time for which application threads were stopped: 0.0010191 seconds, Stopping threads took: 0.0002974 seconds
[2022-06-13T01:33:57.150+0000][1][safepoint    ] Application time: 1.0002376 seconds
[2022-06-13T01:33:57.150+0000][1][safepoint    ] Entering safepoint region: Cleanup
[2022-06-13T01:33:57.151+0000][1][safepoint    ] Leaving safepoint region
[2022-06-13T01:33:57.151+0000][1][safepoint    ] Total time for which application threads were stopped: 0.0006975 seconds, Stopping threads took: 0.0002596 seconds
[2022-06-13T01:33:58.152+0000][1][safepoint    ] Application time: 1.0001072 seconds
[2022-06-13T01:33:58.152+0000][1][safepoint    ] Entering safepoint region: Cleanup
[2022-06-13T01:33:58.153+0000][1][safepoint    ] Leaving safepoint region
[2022-06-13T01:33:58.153+0000][1][safepoint    ] Total time for which application threads were stopped: 0.0008538 seconds, Stopping threads took: 0.0003931 seconds
[2022-06-13T01:33:59.154+0000][1][safepoint    ] Application time: 1.0002484 seconds
[2022-06-13T01:33:59.154+0000][1][safepoint    ] Entering safepoint region: Cleanup
[2022-06-13T01:33:59.155+0000][1][safepoint    ] Leaving safepoint region
[2022-06-13T01:33:59.155+0000][1][safepoint    ] Total time for which application threads were stopped: 0.0009307 seconds, Stopping threads took: 0.0003821 seconds
[2022-06-13T01:34:00.156+0000][1][safepoint    ] Application time: 1.0001146 seconds
[2022-06-13T01:34:00.157+0000][1][safepoint    ] Entering safepoint region: Cleanup
[2022-06-13T01:34:00.157+0000][1][safepoint    ] Leaving safepoint region
[2022-06-13T01:34:00.157+0000][1][safepoint    ] Total time for which application threads were stopped: 0.0005438 seconds, Stopping threads took: 0.0002579 seconds
[2022-06-13T01:34:01.158+0000][1][safepoint    ] Application time: 1.0003866 seconds
[2022-06-13T01:34:01.158+0000][1][safepoint    ] Entering safepoint region: Cleanup
[2022-06-13T01:34:01.159+0000][1][safepoint    ] Leaving safepoint region
[2022-06-13T01:34:01.159+0000][1][safepoint    ] Total time for which application threads were stopped: 0.0007859 seconds, Stopping threads took: 0.0002795 seconds
[2022-06-13T01:34:02.160+0000][1][safepoint    ] Application time: 1.0001793 seconds
[2022-06-13T01:34:02.160+0000][1][safepoint    ] Entering safepoint region: Cleanup
[2022-06-13T01:34:02.161+0000][1][safepoint    ] Leaving safepoint region
[2022-06-13T01:34:02.161+0000][1][safepoint    ] Total time for which application threads were stopped: 0.0011867 seconds, Stopping threads took: 0.0004363 seconds
[2022-06-13T01:34:03.162+0000][1][safepoint    ] Application time: 1.0001498 seconds
[2022-06-13T01:34:03.163+0000][1][safepoint    ] Entering safepoint region: Cleanup
[2022-06-13T01:34:03.164+0000][1][safepoint    ] Leaving safepoint region
[2022-06-13T01:34:03.165+0000][1][safepoint    ] Total time for which application threads were stopped: 0.0015899 seconds, Stopping threads took: 0.0005759 seconds
[2022-06-13T01:34:04.166+0000][1][safepoint    ] Application time: 1.0001959 seconds
[2022-06-13T01:34:04.166+0000][1][safepoint    ] Entering safepoint region: Cleanup
[2022-06-13T01:34:04.167+0000][1][safepoint    ] Leaving safepoint region
[2022-06-13T01:34:04.167+0000][1][safepoint    ] Total time for which application threads were stopped: 0.0007624 seconds, Stopping threads took: 0.0003541 seconds
[2022-06-13T01:34:05.168+0000][1][safepoint    ] Application time: 1.0002824 seconds
[2022-06-13T01:34:05.168+0000][1][safepoint    ] Entering safepoint region: Cleanup
[2022-06-13T01:34:05.169+0000][1][safepoint    ] Leaving safepoint region
[2022-06-13T01:34:05.169+0000][1][safepoint    ] Total time for which application threads were stopped: 0.0010442 seconds, Stopping threads took: 0.0005000 seconds
[2022-06-13T01:34:06.170+0000][1][safepoint    ] Application time: 1.0002888 seconds
[2022-06-13T01:34:06.171+0000][1][safepoint    ] Entering safepoint region: Cleanup
[2022-06-13T01:34:06.172+0000][1][safepoint    ] Leaving safepoint region
[2022-06-13T01:34:06.172+0000][1][safepoint    ] Total time for which application threads were stopped: 0.0016226 seconds, Stopping threads took: 0.0006342 seconds
[2022-06-13T01:34:07.173+0000][1][safepoint    ] Application time: 1.0002383 seconds
[2022-06-13T01:34:07.174+0000][1][safepoint    ] Entering safepoint region: Cleanup
[2022-06-13T01:34:07.175+0000][1][safepoint    ] Leaving safepoint region
[2022-06-13T01:34:07.176+0000][1][safepoint    ] Total time for which application threads were stopped: 0.0016786 seconds, Stopping threads took: 0.0007903 seconds
[2022-06-13T01:34:08.176+0000][1][safepoint    ] Application time: 1.0002544 seconds
[2022-06-13T01:34:08.177+0000][1][safepoint    ] Entering safepoint region: Cleanup
[2022-06-13T01:34:08.177+0000][1][safepoint    ] Leaving safepoint region
[2022-06-13T01:34:08.178+0000][1][safepoint    ] Total time for which application threads were stopped: 0.0008013 seconds, Stopping threads took: 0.0003105 seconds
[2022-06-13T01:34:09.178+0000][1][safepoint    ] Application time: 1.0002517 seconds
[2022-06-13T01:34:09.179+0000][1][safepoint    ] Entering safepoint region: Cleanup
[2022-06-13T01:34:09.180+0000][1][safepoint    ] Leaving safepoint region
[2022-06-13T01:34:09.180+0000][1][safepoint    ] Total time for which application threads were stopped: 0.0009479 seconds, Stopping threads took: 0.0004322 seconds
[2022-06-13T01:34:10.181+0000][1][safepoint    ] Application time: 1.0001904 seconds
[2022-06-13T01:34:10.181+0000][1][safepoint    ] Entering safepoint region: Cleanup
[2022-06-13T01:34:10.182+0000][1][safepoint    ] Leaving safepoint region
[2022-06-13T01:34:10.182+0000][1][safepoint    ] Total time for which application threads were stopped: 0.0010418 seconds, Stopping threads took: 0.0004741 seconds
[2022-06-13T01:34:11.183+0000][1][safepoint    ] Application time: 1.0003321 seconds
[2022-06-13T01:34:11.184+0000][1][safepoint    ] Entering safepoint region: Cleanup
[2022-06-13T01:34:11.185+0000][1][safepoint    ] Leaving safepoint region
[2022-06-13T01:34:11.186+0000][1][safepoint    ] Total time for which application threads were stopped: 0.0018555 seconds, Stopping threads took: 0.0008594 seconds
[2022-06-13T01:34:12.187+0000][1][safepoint    ] Application time: 1.0002316 seconds
[2022-06-13T01:34:12.187+0000][1][safepoint    ] Entering safepoint region: Cleanup
[2022-06-13T01:34:12.188+0000][1][safepoint    ] Leaving safepoint region
[2022-06-13T01:34:12.188+0000][1][safepoint    ] Total time for which application threads were stopped: 0.0006460 seconds, Stopping threads took: 0.0002757 seconds
[2022-06-13T01:34:13.189+0000][1][safepoint    ] Application time: 1.0001980 seconds
[2022-06-13T01:34:13.189+0000][1][safepoint    ] Entering safepoint region: Cleanup
[2022-06-13T01:34:13.190+0000][1][safepoint    ] Leaving safepoint region
[2022-06-13T01:34:13.190+0000][1][safepoint    ] Total time for which application threads were stopped: 0.0007487 seconds, Stopping threads took: 0.0003640 seconds
[2022-06-13T01:34:14.191+0000][1][safepoint    ] Application time: 1.0002299 seconds
[2022-06-13T01:34:14.191+0000][1][safepoint    ] Entering safepoint region: Cleanup
[2022-06-13T01:34:14.192+0000][1][safepoint    ] Leaving safepoint region
[2022-06-13T01:34:14.192+0000][1][safepoint    ] Total time for which application threads were stopped: 0.0009565 seconds, Stopping threads took: 0.0003744 seconds
[2022-06-13T01:34:15.193+0000][1][safepoint    ] Application time: 1.0002164 seconds
[2022-06-13T01:34:15.193+0000][1][safepoint    ] Entering safepoint region: Cleanup
[2022-06-13T01:34:15.194+0000][1][safepoint    ] Leaving safepoint region
[2022-06-13T01:34:15.194+0000][1][safepoint    ] Total time for which application threads were stopped: 0.0009777 seconds, Stopping threads took: 0.0004762 seconds
[2022-06-13T01:34:16.195+0000][1][safepoint    ] Application time: 1.0003125 seconds
[2022-06-13T01:34:16.195+0000][1][safepoint    ] Entering safepoint region: Cleanup
[2022-06-13T01:34:16.196+0000][1][safepoint    ] Leaving safepoint region
[2022-06-13T01:34:16.197+0000][1][safepoint    ] Total time for which application threads were stopped: 0.0011801 seconds, Stopping threads took: 0.0005498 seconds
[2022-06-13T01:34:17.197+0000][1][safepoint    ] Application time: 1.0003242 seconds
[2022-06-13T01:34:17.198+0000][1][safepoint    ] Entering safepoint region: Cleanup
[2022-06-13T01:34:17.198+0000][1][safepoint    ] Leaving safepoint region
[2022-06-13T01:34:17.199+0000][1][safepoint    ] Total time for which application threads were stopped: 0.0008160 seconds, Stopping threads took: 0.0004167 seconds
[2022-06-13T01:34:18.199+0000][1][safepoint    ] Application time: 1.0002278 seconds
[2022-06-13T01:34:18.200+0000][1][safepoint    ] Entering safepoint region: Cleanup
[2022-06-13T01:34:18.201+0000][1][safepoint    ] Leaving safepoint region
[2022-06-13T01:34:18.202+0000][1][safepoint    ] Total time for which application threads were stopped: 0.0016628 seconds, Stopping threads took: 0.0009699 seconds
[2022-06-13T01:34:19.203+0000][1][safepoint    ] Application time: 1.0002640 seconds
[2022-06-13T01:34:19.203+0000][1][safepoint    ] Entering safepoint region: Cleanup
[2022-06-13T01:34:19.203+0000][1][safepoint    ] Leaving safepoint region
[2022-06-13T01:34:19.204+0000][1][safepoint    ] Total time for which application threads were stopped: 0.0007747 seconds, Stopping threads took: 0.0003020 seconds
[2022-06-13T01:34:20.204+0000][1][safepoint    ] Application time: 1.0001458 seconds
[2022-06-13T01:34:20.205+0000][1][safepoint    ] Entering safepoint region: Cleanup
[2022-06-13T01:34:20.206+0000][1][safepoint    ] Leaving safepoint region
[2022-06-13T01:34:20.207+0000][1][safepoint    ] Total time for which application threads were stopped: 0.0012190 seconds, Stopping threads took: 0.0006175 seconds
[2022-06-13T01:34:21.207+0000][1][safepoint    ] Application time: 1.0003810 seconds
[2022-06-13T01:34:21.208+0000][1][safepoint    ] Entering safepoint region: Cleanup
[2022-06-13T01:34:21.210+0000][1][safepoint    ] Leaving safepoint region
[2022-06-13T01:34:21.210+0000][1][safepoint    ] Total time for which application threads were stopped: 0.0021493 seconds, Stopping threads took: 0.0010383 seconds
[2022-06-13T01:34:22.211+0000][1][safepoint    ] Application time: 1.0002477 seconds
[2022-06-13T01:34:22.213+0000][1][safepoint    ] Entering safepoint region: Cleanup
[2022-06-13T01:34:22.213+0000][1][safepoint    ] Leaving safepoint region
[2022-06-13T01:34:22.214+0000][1][safepoint    ] Total time for which application threads were stopped: 0.0015814 seconds, Stopping threads took: 0.0006862 seconds
[2022-06-13T01:34:23.215+0000][1][safepoint    ] Application time: 1.0002710 seconds
[2022-06-13T01:34:23.216+0000][1][safepoint    ] Entering safepoint region: Cleanup
[2022-06-13T01:34:23.217+0000][1][safepoint    ] Leaving safepoint region
[2022-06-13T01:34:23.217+0000][1][safepoint    ] Total time for which application threads were stopped: 0.0013890 seconds, Stopping threads took: 0.0007064 seconds
[2022-06-13T01:34:24.218+0000][1][safepoint    ] Application time: 1.0003931 seconds
[2022-06-13T01:34:24.219+0000][1][safepoint    ] Entering safepoint region: Cleanup
[2022-06-13T01:34:24.220+0000][1][safepoint    ] Leaving safepoint region
[2022-06-13T01:34:24.221+0000][1][safepoint    ] Total time for which application threads were stopped: 0.0014876 seconds, Stopping threads took: 0.0006391 seconds
[2022-06-13T01:34:25.222+0000][1][safepoint    ] Application time: 1.0005424 seconds
[2022-06-13T01:34:25.223+0000][1][safepoint    ] Entering safepoint region: Cleanup
[2022-06-13T01:34:25.223+0000][1][safepoint    ] Leaving safepoint region
[2022-06-13T01:34:25.224+0000][1][safepoint    ] Total time for which application threads were stopped: 0.0015556 seconds, Stopping threads took: 0.0005975 seconds
[2022-06-13T01:34:26.226+0000][1][safepoint    ] Application time: 1.0003481 seconds
[2022-06-13T01:34:26.226+0000][1][safepoint    ] Entering safepoint region: Cleanup
[2022-06-13T01:34:26.227+0000][1][safepoint    ] Leaving safepoint region
[2022-06-13T01:34:26.227+0000][1][safepoint    ] Total time for which application threads were stopped: 0.0009157 seconds, Stopping threads took: 0.0004277 seconds
[2022-06-13T01:34:27.228+0000][1][safepoint    ] Application time: 1.0003198 seconds
[2022-06-13T01:34:27.228+0000][1][safepoint    ] Entering safepoint region: Cleanup
[2022-06-13T01:34:27.229+0000][1][safepoint    ] Leaving safepoint region
[2022-06-13T01:34:27.230+0000][1][safepoint    ] Total time for which application threads were stopped: 0.0012543 seconds, Stopping threads took: 0.0006911 seconds
[2022-06-13T01:34:28.230+0000][1][safepoint    ] Application time: 1.0001620 seconds
[2022-06-13T01:34:28.231+0000][1][safepoint    ] Entering safepoint region: Cleanup
[2022-06-13T01:34:28.232+0000][1][safepoint    ] Leaving safepoint region
[2022-06-13T01:34:28.232+0000][1][safepoint    ] Total time for which application threads were stopped: 0.0009316 seconds, Stopping threads took: 0.0004150 seconds
[2022-06-13T01:34:29.233+0000][1][safepoint    ] Application time: 1.0002788 seconds
[2022-06-13T01:34:29.234+0000][1][safepoint    ] Entering safepoint region: Cleanup
[2022-06-13T01:34:29.235+0000][1][safepoint    ] Leaving safepoint region
[2022-06-13T01:34:29.235+0000][1][safepoint    ] Total time for which application threads were stopped: 0.0015035 seconds, Stopping threads took: 0.0007886 seconds
[2022-06-13T01:34:30.236+0000][1][safepoint    ] Application time: 1.0002368 seconds
[2022-06-13T01:34:30.237+0000][1][safepoint    ] Entering safepoint region: Cleanup
[2022-06-13T01:34:30.237+0000][1][safepoint    ] Leaving safepoint region
[2022-06-13T01:34:30.238+0000][1][safepoint    ] Total time for which application threads were stopped: 0.0013352 seconds, Stopping threads took: 0.0006034 seconds
[2022-06-13T01:34:31.239+0000][1][safepoint    ] Application time: 1.0002800 seconds
[2022-06-13T01:34:31.240+0000][1][safepoint    ] Entering safepoint region: Cleanup
[2022-06-13T01:34:31.241+0000][1][safepoint    ] Leaving safepoint region
[2022-06-13T01:34:31.242+0000][1][safepoint    ] Total time for which application threads were stopped: 0.0020176 seconds, Stopping threads took: 0.0009545 seconds
[2022-06-13T01:34:32.243+0000][1][safepoint    ] Application time: 1.0002725 seconds
[2022-06-13T01:34:32.244+0000][1][safepoint    ] Entering safepoint region: Cleanup
[2022-06-13T01:34:32.245+0000][1][safepoint    ] Leaving safepoint region
[2022-06-13T01:34:32.246+0000][1][safepoint    ] Total time for which application threads were stopped: 0.0019822 seconds, Stopping threads took: 0.0008597 seconds
[2022-06-13T01:34:33.247+0000][1][safepoint    ] Application time: 1.0002822 seconds
[2022-06-13T01:34:33.247+0000][1][safepoint    ] Entering safepoint region: Cleanup
[2022-06-13T01:34:33.248+0000][1][safepoint    ] Leaving safepoint region
[2022-06-13T01:34:33.248+0000][1][safepoint    ] Total time for which application threads were stopped: 0.0010386 seconds, Stopping threads took: 0.0003893 seconds
[2022-06-13T01:34:34.249+0000][1][safepoint    ] Application time: 1.0001675 seconds
[2022-06-13T01:34:34.250+0000][1][safepoint    ] Entering safepoint region: Cleanup
[2022-06-13T01:34:34.250+0000][1][safepoint    ] Leaving safepoint region
[2022-06-13T01:34:34.251+0000][1][safepoint    ] Total time for which application threads were stopped: 0.0009423 seconds, Stopping threads took: 0.0003633 seconds
[2022-06-13T01:34:35.251+0000][1][safepoint    ] Application time: 1.0002344 seconds
[2022-06-13T01:34:35.252+0000][1][safepoint    ] Entering safepoint region: Cleanup
[2022-06-13T01:34:35.252+0000][1][safepoint    ] Leaving safepoint region
[2022-06-13T01:34:35.252+0000][1][safepoint    ] Total time for which application threads were stopped: 0.0006434 seconds, Stopping threads took: 0.0002584 seconds
[2022-06-13T01:34:36.253+0000][1][safepoint    ] Application time: 1.0003521 seconds
[2022-06-13T01:34:36.254+0000][1][safepoint    ] Entering safepoint region: Cleanup
[2022-06-13T01:34:36.255+0000][1][safepoint    ] Leaving safepoint region
[2022-06-13T01:34:36.255+0000][1][safepoint    ] Total time for which application threads were stopped: 0.0014165 seconds, Stopping threads took: 0.0004826 seconds
[2022-06-13T01:34:38.256+0000][1][safepoint    ] Application time: 2.0004057 seconds
[2022-06-13T01:34:38.257+0000][1][safepoint    ] Entering safepoint region: Cleanup
[2022-06-13T01:34:38.258+0000][1][safepoint    ] Leaving safepoint region
[2022-06-13T01:34:38.259+0000][1][safepoint    ] Total time for which application threads were stopped: 0.0014662 seconds, Stopping threads took: 0.0007144 seconds
[2022-06-13T01:34:39.260+0000][1][safepoint    ] Application time: 1.0003151 seconds
[2022-06-13T01:34:39.260+0000][1][safepoint    ] Entering safepoint region: Cleanup
[2022-06-13T01:34:39.261+0000][1][safepoint    ] Leaving safepoint region
[2022-06-13T01:34:39.262+0000][1][safepoint    ] Total time for which application threads were stopped: 0.0014030 seconds, Stopping threads took: 0.0006644 seconds
[2022-06-13T01:34:40.862+0000][1][safepoint    ] Application time: 1.5996061 seconds
[2022-06-13T01:34:40.863+0000][1][safepoint    ] Entering safepoint region: GenCollectForAllocation
[2022-06-13T01:34:40.863+0000][1][gc,start     ] GC(22) Pause Young (Allocation Failure)
[2022-06-13T01:34:40.864+0000][1][gc,task      ] GC(22) Using 5 workers of 13 for evacuation
[2022-06-13T01:34:40.871+0000][1][gc,age       ] GC(22) Desired survivor size 4456448 bytes, new threshold 2 (max threshold 6)
[2022-06-13T01:34:40.872+0000][1][gc,age       ] GC(22) Age table with threshold 2 (max threshold 6)
[2022-06-13T01:34:40.872+0000][1][gc,age       ] GC(22) - age   1:     713168 bytes,     713168 total
[2022-06-13T01:34:40.872+0000][1][gc,age       ] GC(22) - age   2:    3833592 bytes,    4546760 total
[2022-06-13T01:34:40.873+0000][1][gc,heap      ] GC(22) ParNew: 76732K->6092K(78656K)
[2022-06-13T01:34:40.873+0000][1][gc,heap      ] GC(22) CMS: 62739K->64139K(174784K)
[2022-06-13T01:34:40.874+0000][1][gc,metaspace ] GC(22) Metaspace: 63735K->63735K(1107968K)
[2022-06-13T01:34:40.874+0000][1][gc           ] GC(22) Pause Young (Allocation Failure) 136M->68M(247M) 10.897ms
[2022-06-13T01:34:40.875+0000][1][gc,cpu       ] GC(22) User=0.03s Sys=0.00s Real=0.01s
[2022-06-13T01:34:40.875+0000][1][safepoint    ] Leaving safepoint region
[2022-06-13T01:34:40.875+0000][1][safepoint    ] Total time for which application threads were stopped: 0.0126848 seconds, Stopping threads took: 0.0005007 seconds
[2022-06-13T01:34:44.877+0000][1][safepoint    ] Application time: 4.0011355 seconds
[2022-06-13T01:34:44.878+0000][1][safepoint    ] Entering safepoint region: Cleanup
[2022-06-13T01:34:44.878+0000][1][safepoint    ] Leaving safepoint region
[2022-06-13T01:34:44.879+0000][1][safepoint    ] Total time for which application threads were stopped: 0.0009698 seconds, Stopping threads took: 0.0004872 seconds
[2022-06-13T01:34:51.880+0000][1][safepoint    ] Application time: 7.0014433 seconds
[2022-06-13T01:34:51.881+0000][1][safepoint    ] Entering safepoint region: Cleanup
[2022-06-13T01:34:51.882+0000][1][safepoint    ] Leaving safepoint region
[2022-06-13T01:34:51.883+0000][1][safepoint    ] Total time for which application threads were stopped: 0.0015558 seconds, Stopping threads took: 0.0006699 seconds
[2022-06-13T01:34:54.884+0000][1][safepoint    ] Application time: 3.0007915 seconds
[2022-06-13T01:34:54.885+0000][1][safepoint    ] Entering safepoint region: Cleanup
[2022-06-13T01:34:54.886+0000][1][safepoint    ] Leaving safepoint region
[2022-06-13T01:34:54.886+0000][1][safepoint    ] Total time for which application threads were stopped: 0.0010180 seconds, Stopping threads took: 0.0003906 seconds
[2022-06-13T01:34:55.887+0000][1][safepoint    ] Application time: 1.0002723 seconds
[2022-06-13T01:34:55.887+0000][1][safepoint    ] Entering safepoint region: Cleanup
[2022-06-13T01:34:55.888+0000][1][safepoint    ] Leaving safepoint region
[2022-06-13T01:34:55.888+0000][1][safepoint    ] Total time for which application threads were stopped: 0.0010051 seconds, Stopping threads took: 0.0004948 seconds
[2022-06-13T01:34:58.889+0000][1][safepoint    ] Application time: 3.0007186 seconds
[2022-06-13T01:34:58.890+0000][1][safepoint    ] Entering safepoint region: Cleanup
[2022-06-13T01:34:58.891+0000][1][safepoint    ] Leaving safepoint region
[2022-06-13T01:34:58.892+0000][1][safepoint    ] Total time for which application threads were stopped: 0.0019146 seconds, Stopping threads took: 0.0008516 seconds
[2022-06-13T01:35:00.893+0000][1][safepoint    ] Application time: 2.0003809 seconds
[2022-06-13T01:35:00.894+0000][1][safepoint    ] Entering safepoint region: Cleanup
[2022-06-13T01:35:00.894+0000][1][safepoint    ] Leaving safepoint region
[2022-06-13T01:35:00.895+0000][1][safepoint    ] Total time for which application threads were stopped: 0.0016588 seconds, Stopping threads took: 0.0005551 seconds
[2022-06-13T01:35:01.897+0000][1][safepoint    ] Application time: 1.0002943 seconds
[2022-06-13T01:35:01.897+0000][1][safepoint    ] Entering safepoint region: Cleanup
[2022-06-13T01:35:01.898+0000][1][safepoint    ] Leaving safepoint region
[2022-06-13T01:35:01.898+0000][1][safepoint    ] Total time for which application threads were stopped: 0.0011770 seconds, Stopping threads took: 0.0007251 seconds
[2022-06-13T01:35:02.899+0000][1][safepoint    ] Application time: 1.0002388 seconds
[2022-06-13T01:35:02.899+0000][1][safepoint    ] Entering safepoint region: Cleanup
[2022-06-13T01:35:02.900+0000][1][safepoint    ] Leaving safepoint region
[2022-06-13T01:35:02.900+0000][1][safepoint    ] Total time for which application threads were stopped: 0.0007933 seconds, Stopping threads took: 0.0003863 seconds
[2022-06-13T01:35:03.901+0000][1][safepoint    ] Application time: 1.0002561 seconds
[2022-06-13T01:35:03.902+0000][1][safepoint    ] Entering safepoint region: Cleanup
[2022-06-13T01:35:03.903+0000][1][safepoint    ] Leaving safepoint region
[2022-06-13T01:35:03.904+0000][1][safepoint    ] Total time for which application threads were stopped: 0.0019397 seconds, Stopping threads took: 0.0008530 seconds
[2022-06-13T01:35:04.905+0000][1][safepoint    ] Application time: 1.0004357 seconds
[2022-06-13T01:35:04.906+0000][1][safepoint    ] Entering safepoint region: Cleanup
[2022-06-13T01:35:04.906+0000][1][safepoint    ] Leaving safepoint region
[2022-06-13T01:35:04.907+0000][1][safepoint    ] Total time for which application threads were stopped: 0.0011595 seconds, Stopping threads took: 0.0003857 seconds
[2022-06-13T01:35:05.908+0000][1][safepoint    ] Application time: 1.0001914 seconds
[2022-06-13T01:35:05.908+0000][1][safepoint    ] Entering safepoint region: Cleanup
[2022-06-13T01:35:05.908+0000][1][safepoint    ] Leaving safepoint region
[2022-06-13T01:35:05.909+0000][1][safepoint    ] Total time for which application threads were stopped: 0.0008369 seconds, Stopping threads took: 0.0002676 seconds
[2022-06-13T01:35:06.909+0000][1][safepoint    ] Application time: 1.0001879 seconds
[2022-06-13T01:35:06.910+0000][1][safepoint    ] Entering safepoint region: Cleanup
[2022-06-13T01:35:06.911+0000][1][safepoint    ] Leaving safepoint region
[2022-06-13T01:35:06.911+0000][1][safepoint    ] Total time for which application threads were stopped: 0.0007425 seconds, Stopping threads took: 0.0003384 seconds
[2022-06-13T01:35:07.911+0000][1][safepoint    ] Application time: 1.0001325 seconds
[2022-06-13T01:35:07.912+0000][1][safepoint    ] Entering safepoint region: Cleanup
[2022-06-13T01:35:07.912+0000][1][safepoint    ] Leaving safepoint region
[2022-06-13T01:35:07.913+0000][1][safepoint    ] Total time for which application threads were stopped: 0.0009657 seconds, Stopping threads took: 0.0004137 seconds
[2022-06-13T01:35:08.913+0000][1][safepoint    ] Application time: 1.0003277 seconds
[2022-06-13T01:35:08.914+0000][1][safepoint    ] Entering safepoint region: Cleanup
[2022-06-13T01:35:08.915+0000][1][safepoint    ] Leaving safepoint region
[2022-06-13T01:35:08.916+0000][1][safepoint    ] Total time for which application threads were stopped: 0.0016585 seconds, Stopping threads took: 0.0007584 seconds
[2022-06-13T01:35:09.917+0000][1][safepoint    ] Application time: 1.0001585 seconds
[2022-06-13T01:35:09.917+0000][1][safepoint    ] Entering safepoint region: Cleanup
[2022-06-13T01:35:09.918+0000][1][safepoint    ] Leaving safepoint region
[2022-06-13T01:35:09.919+0000][1][safepoint    ] Total time for which application threads were stopped: 0.0019558 seconds, Stopping threads took: 0.0007343 seconds
[2022-06-13T01:35:10.920+0000][1][safepoint    ] Application time: 1.0001614 seconds
[2022-06-13T01:35:10.921+0000][1][safepoint    ] Entering safepoint region: Cleanup
[2022-06-13T01:35:10.921+0000][1][safepoint    ] Leaving safepoint region
[2022-06-13T01:35:10.921+0000][1][safepoint    ] Total time for which application threads were stopped: 0.0008062 seconds, Stopping threads took: 0.0003295 seconds
[2022-06-13T01:35:11.922+0000][1][safepoint    ] Application time: 1.0002335 seconds
[2022-06-13T01:35:11.923+0000][1][safepoint    ] Entering safepoint region: Cleanup
[2022-06-13T01:35:11.923+0000][1][safepoint    ] Leaving safepoint region
[2022-06-13T01:35:11.923+0000][1][safepoint    ] Total time for which application threads were stopped: 0.0007583 seconds, Stopping threads took: 0.0003202 seconds
[2022-06-13T01:35:12.924+0000][1][safepoint    ] Application time: 1.0001818 seconds
[2022-06-13T01:35:12.925+0000][1][safepoint    ] Entering safepoint region: Cleanup
[2022-06-13T01:35:12.925+0000][1][safepoint    ] Leaving safepoint region
[2022-06-13T01:35:12.926+0000][1][safepoint    ] Total time for which application threads were stopped: 0.0018359 seconds, Stopping threads took: 0.0007556 seconds
[2022-06-13T01:35:13.928+0000][1][safepoint    ] Application time: 1.0003567 seconds
[2022-06-13T01:35:13.929+0000][1][safepoint    ] Entering safepoint region: Cleanup
[2022-06-13T01:35:13.929+0000][1][safepoint    ] Leaving safepoint region
[2022-06-13T01:35:13.930+0000][1][safepoint    ] Total time for which application threads were stopped: 0.0013596 seconds, Stopping threads took: 0.0005648 seconds
[2022-06-13T01:35:14.931+0000][1][safepoint    ] Application time: 1.0002611 seconds
[2022-06-13T01:35:14.931+0000][1][safepoint    ] Entering safepoint region: Cleanup
[2022-06-13T01:35:14.932+0000][1][safepoint    ] Leaving safepoint region
[2022-06-13T01:35:14.933+0000][1][safepoint    ] Total time for which application threads were stopped: 0.0016749 seconds, Stopping threads took: 0.0006595 seconds
[2022-06-13T01:35:15.934+0000][1][safepoint    ] Application time: 1.0004643 seconds
[2022-06-13T01:35:15.936+0000][1][safepoint    ] Entering safepoint region: Cleanup
[2022-06-13T01:35:15.937+0000][1][safepoint    ] Leaving safepoint region
[2022-06-13T01:35:15.937+0000][1][safepoint    ] Total time for which application threads were stopped: 0.0014923 seconds, Stopping threads took: 0.0007139 seconds
[2022-06-13T01:35:16.938+0000][1][safepoint    ] Application time: 1.0003220 seconds
[2022-06-13T01:35:16.939+0000][1][safepoint    ] Entering safepoint region: Cleanup
[2022-06-13T01:35:16.939+0000][1][safepoint    ] Leaving safepoint region
[2022-06-13T01:35:16.940+0000][1][safepoint    ] Total time for which application threads were stopped: 0.0013988 seconds, Stopping threads took: 0.0007238 seconds
[2022-06-13T01:35:17.941+0000][1][safepoint    ] Application time: 1.0002340 seconds
[2022-06-13T01:35:17.942+0000][1][safepoint    ] Entering safepoint region: Cleanup
[2022-06-13T01:35:17.942+0000][1][safepoint    ] Leaving safepoint region
[2022-06-13T01:35:17.943+0000][1][safepoint    ] Total time for which application threads were stopped: 0.0010478 seconds, Stopping threads took: 0.0005321 seconds
[2022-06-13T01:35:18.943+0000][1][safepoint    ] Application time: 1.0001786 seconds
[2022-06-13T01:35:18.944+0000][1][safepoint    ] Entering safepoint region: Cleanup
[2022-06-13T01:35:18.945+0000][1][safepoint    ] Leaving safepoint region
[2022-06-13T01:35:18.945+0000][1][safepoint    ] Total time for which application threads were stopped: 0.0008053 seconds, Stopping threads took: 0.0003454 seconds
[2022-06-13T01:35:19.946+0000][1][safepoint    ] Application time: 1.0005118 seconds
[2022-06-13T01:35:19.946+0000][1][safepoint    ] Entering safepoint region: Cleanup
[2022-06-13T01:35:19.947+0000][1][safepoint    ] Leaving safepoint region
[2022-06-13T01:35:19.947+0000][1][safepoint    ] Total time for which application threads were stopped: 0.0009245 seconds, Stopping threads took: 0.0005705 seconds
[2022-06-13T01:35:20.948+0000][1][safepoint    ] Application time: 1.0002013 seconds
[2022-06-13T01:35:20.949+0000][1][safepoint    ] Entering safepoint region: Cleanup
[2022-06-13T01:35:20.950+0000][1][safepoint    ] Leaving safepoint region
[2022-06-13T01:35:20.950+0000][1][safepoint    ] Total time for which application threads were stopped: 0.0015520 seconds, Stopping threads took: 0.0008472 seconds
[2022-06-13T01:35:21.951+0000][1][safepoint    ] Application time: 1.0002088 seconds
[2022-06-13T01:35:21.951+0000][1][safepoint    ] Entering safepoint region: Cleanup
[2022-06-13T01:35:21.952+0000][1][safepoint    ] Leaving safepoint region
[2022-06-13T01:35:21.952+0000][1][safepoint    ] Total time for which application threads were stopped: 0.0008934 seconds, Stopping threads took: 0.0004124 seconds
[2022-06-13T01:35:22.953+0000][1][safepoint    ] Application time: 1.0002333 seconds
[2022-06-13T01:35:22.953+0000][1][safepoint    ] Entering safepoint region: Cleanup
[2022-06-13T01:35:22.954+0000][1][safepoint    ] Leaving safepoint region
[2022-06-13T01:35:22.955+0000][1][safepoint    ] Total time for which application threads were stopped: 0.0011962 seconds, Stopping threads took: 0.0004473 seconds
[2022-06-13T01:35:23.955+0000][1][safepoint    ] Application time: 1.0002497 seconds
[2022-06-13T01:35:23.956+0000][1][safepoint    ] Entering safepoint region: Cleanup
[2022-06-13T01:35:23.957+0000][1][safepoint    ] Leaving safepoint region
[2022-06-13T01:35:23.958+0000][1][safepoint    ] Total time for which application threads were stopped: 0.0017547 seconds, Stopping threads took: 0.0007636 seconds
[2022-06-13T01:35:24.959+0000][1][safepoint    ] Application time: 1.0002595 seconds
[2022-06-13T01:35:24.960+0000][1][safepoint    ] Entering safepoint region: Cleanup
[2022-06-13T01:35:24.960+0000][1][safepoint    ] Leaving safepoint region
[2022-06-13T01:35:24.960+0000][1][safepoint    ] Total time for which application threads were stopped: 0.0008070 seconds, Stopping threads took: 0.0003065 seconds
[2022-06-13T01:35:25.961+0000][1][safepoint    ] Application time: 1.0001631 seconds
[2022-06-13T01:35:25.962+0000][1][safepoint    ] Entering safepoint region: Cleanup
[2022-06-13T01:35:25.962+0000][1][safepoint    ] Leaving safepoint region
[2022-06-13T01:35:25.963+0000][1][safepoint    ] Total time for which application threads were stopped: 0.0012714 seconds, Stopping threads took: 0.0005142 seconds
[2022-06-13T01:35:26.964+0000][1][safepoint    ] Application time: 1.0002542 seconds
[2022-06-13T01:35:26.965+0000][1][safepoint    ] Entering safepoint region: Cleanup
[2022-06-13T01:35:26.965+0000][1][safepoint    ] Leaving safepoint region
[2022-06-13T01:35:26.966+0000][1][safepoint    ] Total time for which application threads were stopped: 0.0011154 seconds, Stopping threads took: 0.0004888 seconds
[2022-06-13T01:35:27.966+0000][1][safepoint    ] Application time: 1.0002309 seconds
[2022-06-13T01:35:27.967+0000][1][safepoint    ] Entering safepoint region: Cleanup
[2022-06-13T01:35:27.967+0000][1][safepoint    ] Leaving safepoint region
[2022-06-13T01:35:27.968+0000][1][safepoint    ] Total time for which application threads were stopped: 0.0009556 seconds, Stopping threads took: 0.0003518 seconds
[2022-06-13T01:35:28.968+0000][1][safepoint    ] Application time: 1.0002135 seconds
[2022-06-13T01:35:28.969+0000][1][safepoint    ] Entering safepoint region: Cleanup
[2022-06-13T01:35:28.970+0000][1][safepoint    ] Leaving safepoint region
[2022-06-13T01:35:28.971+0000][1][safepoint    ] Total time for which application threads were stopped: 0.0013744 seconds, Stopping threads took: 0.0006514 seconds
[2022-06-13T01:35:29.972+0000][1][safepoint    ] Application time: 1.0003306 seconds
[2022-06-13T01:35:29.972+0000][1][safepoint    ] Entering safepoint region: Cleanup
[2022-06-13T01:35:29.973+0000][1][safepoint    ] Leaving safepoint region
[2022-06-13T01:35:29.974+0000][1][safepoint    ] Total time for which application threads were stopped: 0.0013818 seconds, Stopping threads took: 0.0006230 seconds
[2022-06-13T01:35:30.974+0000][1][safepoint    ] Application time: 1.0001703 seconds
[2022-06-13T01:35:30.975+0000][1][safepoint    ] Entering safepoint region: Cleanup
[2022-06-13T01:35:30.976+0000][1][safepoint    ] Leaving safepoint region
[2022-06-13T01:35:30.976+0000][1][safepoint    ] Total time for which application threads were stopped: 0.0012645 seconds, Stopping threads took: 0.0006366 seconds
[2022-06-13T01:35:31.977+0000][1][safepoint    ] Application time: 1.0002081 seconds
[2022-06-13T01:35:31.978+0000][1][safepoint    ] Entering safepoint region: Cleanup
[2022-06-13T01:35:31.978+0000][1][safepoint    ] Leaving safepoint region
[2022-06-13T01:35:31.979+0000][1][safepoint    ] Total time for which application threads were stopped: 0.0010281 seconds, Stopping threads took: 0.0003691 seconds
[2022-06-13T01:35:32.980+0000][1][safepoint    ] Application time: 1.0001477 seconds
[2022-06-13T01:35:32.980+0000][1][safepoint    ] Entering safepoint region: Cleanup
[2022-06-13T01:35:32.981+0000][1][safepoint    ] Leaving safepoint region
[2022-06-13T01:35:32.981+0000][1][safepoint    ] Total time for which application threads were stopped: 0.0007554 seconds, Stopping threads took: 0.0003600 seconds
[2022-06-13T01:35:33.982+0000][1][safepoint    ] Application time: 1.0001821 seconds
[2022-06-13T01:35:33.982+0000][1][safepoint    ] Entering safepoint region: Cleanup
[2022-06-13T01:35:33.983+0000][1][safepoint    ] Leaving safepoint region
[2022-06-13T01:35:33.984+0000][1][safepoint    ] Total time for which application threads were stopped: 0.0011254 seconds, Stopping threads took: 0.0005043 seconds
[2022-06-13T01:35:49.988+0000][1][safepoint    ] Application time: 16.0035077 seconds
[2022-06-13T01:35:49.988+0000][1][safepoint    ] Entering safepoint region: Cleanup
[2022-06-13T01:35:49.989+0000][1][safepoint    ] Leaving safepoint region
[2022-06-13T01:35:49.989+0000][1][safepoint    ] Total time for which application threads were stopped: 0.0009588 seconds, Stopping threads took: 0.0005634 seconds
[2022-06-13T01:35:51.989+0000][1][safepoint    ] Application time: 2.0001878 seconds
[2022-06-13T01:35:51.990+0000][1][safepoint    ] Entering safepoint region: Cleanup
[2022-06-13T01:35:51.991+0000][1][safepoint    ] Leaving safepoint region
[2022-06-13T01:35:51.991+0000][1][safepoint    ] Total time for which application threads were stopped: 0.0013675 seconds, Stopping threads took: 0.0005982 seconds
[2022-06-13T01:35:52.992+0000][1][safepoint    ] Application time: 1.0003346 seconds
[2022-06-13T01:35:52.993+0000][1][safepoint    ] Entering safepoint region: Cleanup
[2022-06-13T01:35:52.994+0000][1][safepoint    ] Leaving safepoint region
[2022-06-13T01:35:52.995+0000][1][safepoint    ] Total time for which application threads were stopped: 0.0017220 seconds, Stopping threads took: 0.0007510 seconds
[2022-06-13T01:35:53.996+0000][1][safepoint    ] Application time: 1.0003053 seconds
[2022-06-13T01:35:53.997+0000][1][safepoint    ] Entering safepoint region: Cleanup
[2022-06-13T01:35:53.997+0000][1][safepoint    ] Leaving safepoint region
[2022-06-13T01:35:53.998+0000][1][safepoint    ] Total time for which application threads were stopped: 0.0008762 seconds, Stopping threads took: 0.0004144 seconds
[2022-06-13T01:35:54.998+0000][1][safepoint    ] Application time: 1.0002307 seconds
[2022-06-13T01:35:54.999+0000][1][safepoint    ] Entering safepoint region: Cleanup
[2022-06-13T01:35:54.999+0000][1][safepoint    ] Leaving safepoint region
[2022-06-13T01:35:55.000+0000][1][safepoint    ] Total time for which application threads were stopped: 0.0010375 seconds, Stopping threads took: 0.0005151 seconds
[2022-06-13T01:36:13.004+0000][1][safepoint    ] Application time: 18.0040869 seconds
[2022-06-13T01:36:13.005+0000][1][safepoint    ] Entering safepoint region: Cleanup
[2022-06-13T01:36:13.005+0000][1][safepoint    ] Leaving safepoint region
[2022-06-13T01:36:13.006+0000][1][safepoint    ] Total time for which application threads were stopped: 0.0009042 seconds, Stopping threads took: 0.0003171 seconds
[2022-06-13T01:36:19.007+0000][1][safepoint    ] Application time: 6.0008891 seconds
[2022-06-13T01:36:19.007+0000][1][safepoint    ] Entering safepoint region: Cleanup
[2022-06-13T01:36:19.008+0000][1][safepoint    ] Leaving safepoint region
[2022-06-13T01:36:19.009+0000][1][safepoint    ] Total time for which application threads were stopped: 0.0012219 seconds, Stopping threads took: 0.0004440 seconds
[2022-06-13T01:36:24.010+0000][1][safepoint    ] Application time: 5.0011579 seconds
[2022-06-13T01:36:24.011+0000][1][safepoint    ] Entering safepoint region: Cleanup
[2022-06-13T01:36:24.012+0000][1][safepoint    ] Leaving safepoint region
[2022-06-13T01:36:24.012+0000][1][safepoint    ] Total time for which application threads were stopped: 0.0014073 seconds, Stopping threads took: 0.0006651 seconds
[2022-06-13T01:36:27.014+0000][1][safepoint    ] Application time: 3.0008852 seconds
[2022-06-13T01:36:27.014+0000][1][safepoint    ] Entering safepoint region: Cleanup
[2022-06-13T01:36:27.015+0000][1][safepoint    ] Leaving safepoint region
[2022-06-13T01:36:27.015+0000][1][safepoint    ] Total time for which application threads were stopped: 0.0007332 seconds, Stopping threads took: 0.0003468 seconds
[2022-06-13T01:36:30.016+0000][1][safepoint    ] Application time: 3.0008684 seconds
[2022-06-13T01:36:30.016+0000][1][safepoint    ] Entering safepoint region: Cleanup
[2022-06-13T01:36:30.017+0000][1][safepoint    ] Leaving safepoint region
[2022-06-13T01:36:30.018+0000][1][safepoint    ] Total time for which application threads were stopped: 0.0012292 seconds, Stopping threads took: 0.0003760 seconds
[2022-06-13T01:36:31.019+0000][1][safepoint    ] Application time: 1.0001707 seconds
[2022-06-13T01:36:31.019+0000][1][safepoint    ] Entering safepoint region: Cleanup
[2022-06-13T01:36:31.019+0000][1][safepoint    ] Leaving safepoint region
[2022-06-13T01:36:31.020+0000][1][safepoint    ] Total time for which application threads were stopped: 0.0008135 seconds, Stopping threads took: 0.0003504 seconds
[2022-06-13T01:36:32.020+0000][1][safepoint    ] Application time: 1.0002822 seconds
[2022-06-13T01:36:32.021+0000][1][safepoint    ] Entering safepoint region: Cleanup
[2022-06-13T01:36:32.022+0000][1][safepoint    ] Leaving safepoint region
[2022-06-13T01:36:32.023+0000][1][safepoint    ] Total time for which application threads were stopped: 0.0017530 seconds, Stopping threads took: 0.0007928 seconds
[2022-06-13T01:36:33.024+0000][1][safepoint    ] Application time: 1.0001877 seconds
[2022-06-13T01:36:33.025+0000][1][safepoint    ] Entering safepoint region: Cleanup
[2022-06-13T01:36:33.026+0000][1][safepoint    ] Leaving safepoint region
[2022-06-13T01:36:33.026+0000][1][safepoint    ] Total time for which application threads were stopped: 0.0011573 seconds, Stopping threads took: 0.0005939 seconds
[2022-06-13T01:36:34.027+0000][1][safepoint    ] Application time: 1.0003617 seconds
[2022-06-13T01:36:34.028+0000][1][safepoint    ] Entering safepoint region: Cleanup
[2022-06-13T01:36:34.028+0000][1][safepoint    ] Leaving safepoint region
[2022-06-13T01:36:34.029+0000][1][safepoint    ] Total time for which application threads were stopped: 0.0012207 seconds, Stopping threads took: 0.0005706 seconds
[2022-06-13T01:36:35.029+0000][1][safepoint    ] Application time: 1.0001980 seconds
[2022-06-13T01:36:35.030+0000][1][safepoint    ] Entering safepoint region: Cleanup
[2022-06-13T01:36:35.030+0000][1][safepoint    ] Leaving safepoint region
[2022-06-13T01:36:35.031+0000][1][safepoint    ] Total time for which application threads were stopped: 0.0008768 seconds, Stopping threads took: 0.0004441 seconds
[2022-06-13T01:36:36.031+0000][1][safepoint    ] Application time: 1.0002175 seconds
[2022-06-13T01:36:36.031+0000][1][safepoint    ] Entering safepoint region: Cleanup
[2022-06-13T01:36:36.032+0000][1][safepoint    ] Leaving safepoint region
[2022-06-13T01:36:36.032+0000][1][safepoint    ] Total time for which application threads were stopped: 0.0007929 seconds, Stopping threads took: 0.0004061 seconds
[2022-06-13T01:36:37.033+0000][1][safepoint    ] Application time: 1.0003355 seconds
[2022-06-13T01:36:37.034+0000][1][safepoint    ] Entering safepoint region: Cleanup
[2022-06-13T01:36:37.034+0000][1][safepoint    ] Leaving safepoint region
[2022-06-13T01:36:37.035+0000][1][safepoint    ] Total time for which application threads were stopped: 0.0012390 seconds, Stopping threads took: 0.0004445 seconds
[2022-06-13T01:36:38.036+0000][1][safepoint    ] Application time: 1.0002356 seconds
[2022-06-13T01:36:38.036+0000][1][safepoint    ] Entering safepoint region: Cleanup
[2022-06-13T01:36:38.037+0000][1][safepoint    ] Leaving safepoint region
[2022-06-13T01:36:38.037+0000][1][safepoint    ] Total time for which application threads were stopped: 0.0009222 seconds, Stopping threads took: 0.0005406 seconds
[2022-06-13T01:36:39.037+0000][1][safepoint    ] Application time: 1.0002596 seconds
[2022-06-13T01:36:39.038+0000][1][safepoint    ] Entering safepoint region: Cleanup
[2022-06-13T01:36:39.039+0000][1][safepoint    ] Leaving safepoint region
[2022-06-13T01:36:39.040+0000][1][safepoint    ] Total time for which application threads were stopped: 0.0018391 seconds, Stopping threads took: 0.0006731 seconds
[2022-06-13T01:36:40.041+0000][1][safepoint    ] Application time: 1.0002080 seconds
[2022-06-13T01:36:40.042+0000][1][safepoint    ] Entering safepoint region: Cleanup
[2022-06-13T01:36:40.043+0000][1][safepoint    ] Leaving safepoint region
[2022-06-13T01:36:40.044+0000][1][safepoint    ] Total time for which application threads were stopped: 0.0015882 seconds, Stopping threads took: 0.0007625 seconds
[2022-06-13T01:36:41.045+0000][1][safepoint    ] Application time: 1.0002764 seconds
[2022-06-13T01:36:41.046+0000][1][safepoint    ] Entering safepoint region: Cleanup
[2022-06-13T01:36:41.046+0000][1][safepoint    ] Leaving safepoint region
[2022-06-13T01:36:41.047+0000][1][safepoint    ] Total time for which application threads were stopped: 0.0017866 seconds, Stopping threads took: 0.0003732 seconds
[2022-06-13T01:36:42.048+0000][1][safepoint    ] Application time: 1.0002323 seconds
[2022-06-13T01:36:42.049+0000][1][safepoint    ] Entering safepoint region: Cleanup
[2022-06-13T01:36:42.049+0000][1][safepoint    ] Leaving safepoint region
[2022-06-13T01:36:42.049+0000][1][safepoint    ] Total time for which application threads were stopped: 0.0009348 seconds, Stopping threads took: 0.0003831 seconds
[2022-06-13T01:36:43.050+0000][1][safepoint    ] Application time: 1.0002362 seconds
[2022-06-13T01:36:43.051+0000][1][safepoint    ] Entering safepoint region: Cleanup
[2022-06-13T01:36:43.051+0000][1][safepoint    ] Leaving safepoint region
[2022-06-13T01:36:43.051+0000][1][safepoint    ] Total time for which application threads were stopped: 0.0009211 seconds, Stopping threads took: 0.0003512 seconds
[2022-06-13T01:36:44.052+0000][1][safepoint    ] Application time: 1.0001823 seconds
[2022-06-13T01:36:44.053+0000][1][safepoint    ] Entering safepoint region: Cleanup
[2022-06-13T01:36:44.054+0000][1][safepoint    ] Leaving safepoint region
[2022-06-13T01:36:44.054+0000][1][safepoint    ] Total time for which application threads were stopped: 0.0013515 seconds, Stopping threads took: 0.0005862 seconds
[2022-06-13T01:36:45.055+0000][1][safepoint    ] Application time: 1.0003065 seconds
[2022-06-13T01:36:45.056+0000][1][safepoint    ] Entering safepoint region: Cleanup
[2022-06-13T01:36:45.057+0000][1][safepoint    ] Leaving safepoint region
[2022-06-13T01:36:45.057+0000][1][safepoint    ] Total time for which application threads were stopped: 0.0014724 seconds, Stopping threads took: 0.0007198 seconds
[2022-06-13T01:36:46.058+0000][1][safepoint    ] Application time: 1.0004257 seconds
[2022-06-13T01:36:46.059+0000][1][safepoint    ] Entering safepoint region: Cleanup
[2022-06-13T01:36:46.060+0000][1][safepoint    ] Leaving safepoint region
[2022-06-13T01:36:46.061+0000][1][safepoint    ] Total time for which application threads were stopped: 0.0014648 seconds, Stopping threads took: 0.0006606 seconds
[2022-06-13T01:36:47.061+0000][1][safepoint    ] Application time: 1.0003013 seconds
[2022-06-13T01:36:47.062+0000][1][safepoint    ] Entering safepoint region: Cleanup
[2022-06-13T01:36:47.063+0000][1][safepoint    ] Leaving safepoint region
[2022-06-13T01:36:47.063+0000][1][safepoint    ] Total time for which application threads were stopped: 0.0013022 seconds, Stopping threads took: 0.0006055 seconds
[2022-06-13T01:36:48.064+0000][1][safepoint    ] Application time: 1.0002291 seconds
[2022-06-13T01:36:48.065+0000][1][safepoint    ] Entering safepoint region: Cleanup
[2022-06-13T01:36:48.066+0000][1][safepoint    ] Leaving safepoint region
[2022-06-13T01:36:48.066+0000][1][safepoint    ] Total time for which application threads were stopped: 0.0015423 seconds, Stopping threads took: 0.0005853 seconds
[2022-06-13T01:36:49.067+0000][1][safepoint    ] Application time: 1.0002351 seconds
[2022-06-13T01:36:49.068+0000][1][safepoint    ] Entering safepoint region: Cleanup
[2022-06-13T01:36:49.069+0000][1][safepoint    ] Leaving safepoint region
[2022-06-13T01:36:49.069+0000][1][safepoint    ] Total time for which application threads were stopped: 0.0013514 seconds, Stopping threads took: 0.0005103 seconds
[2022-06-13T01:36:50.070+0000][1][safepoint    ] Application time: 1.0001905 seconds
[2022-06-13T01:36:50.070+0000][1][safepoint    ] Entering safepoint region: Cleanup
[2022-06-13T01:36:50.071+0000][1][safepoint    ] Leaving safepoint region
[2022-06-13T01:36:50.071+0000][1][safepoint    ] Total time for which application threads were stopped: 0.0006347 seconds, Stopping threads took: 0.0002783 seconds
[2022-06-13T01:36:51.072+0000][1][safepoint    ] Application time: 1.0003858 seconds
[2022-06-13T01:36:51.073+0000][1][safepoint    ] Entering safepoint region: Cleanup
[2022-06-13T01:36:51.074+0000][1][safepoint    ] Leaving safepoint region
[2022-06-13T01:36:51.074+0000][1][safepoint    ] Total time for which application threads were stopped: 0.0014193 seconds, Stopping threads took: 0.0008256 seconds
[2022-06-13T01:36:52.075+0000][1][safepoint    ] Application time: 1.0003346 seconds
[2022-06-13T01:36:52.076+0000][1][safepoint    ] Entering safepoint region: Cleanup
[2022-06-13T01:36:52.077+0000][1][safepoint    ] Leaving safepoint region
[2022-06-13T01:36:52.077+0000][1][safepoint    ] Total time for which application threads were stopped: 0.0011964 seconds, Stopping threads took: 0.0005961 seconds
[2022-06-13T01:36:53.078+0000][1][safepoint    ] Application time: 1.0002991 seconds
[2022-06-13T01:36:53.079+0000][1][safepoint    ] Entering safepoint region: Cleanup
[2022-06-13T01:36:53.079+0000][1][safepoint    ] Leaving safepoint region
[2022-06-13T01:36:53.080+0000][1][safepoint    ] Total time for which application threads were stopped: 0.0011176 seconds, Stopping threads took: 0.0005312 seconds
[2022-06-13T01:36:54.080+0000][1][safepoint    ] Application time: 1.0002459 seconds
[2022-06-13T01:36:54.081+0000][1][safepoint    ] Entering safepoint region: Cleanup
[2022-06-13T01:36:54.082+0000][1][safepoint    ] Leaving safepoint region
[2022-06-13T01:36:54.082+0000][1][safepoint    ] Total time for which application threads were stopped: 0.0008936 seconds, Stopping threads took: 0.0004020 seconds
[2022-06-13T01:36:55.083+0000][1][safepoint    ] Application time: 1.0002376 seconds
[2022-06-13T01:36:55.084+0000][1][safepoint    ] Entering safepoint region: Cleanup
[2022-06-13T01:36:55.084+0000][1][safepoint    ] Leaving safepoint region
[2022-06-13T01:36:55.085+0000][1][safepoint    ] Total time for which application threads were stopped: 0.0012969 seconds, Stopping threads took: 0.0006685 seconds
[2022-06-13T01:36:56.086+0000][1][safepoint    ] Application time: 1.0002881 seconds
[2022-06-13T01:36:56.087+0000][1][safepoint    ] Entering safepoint region: Cleanup
[2022-06-13T01:36:56.088+0000][1][safepoint    ] Leaving safepoint region
[2022-06-13T01:36:56.088+0000][1][safepoint    ] Total time for which application threads were stopped: 0.0015057 seconds, Stopping threads took: 0.0006585 seconds
[2022-06-13T01:36:57.090+0000][1][safepoint    ] Application time: 1.0002568 seconds
[2022-06-13T01:36:57.091+0000][1][safepoint    ] Entering safepoint region: Cleanup
[2022-06-13T01:36:57.091+0000][1][safepoint    ] Leaving safepoint region
[2022-06-13T01:36:57.092+0000][1][safepoint    ] Total time for which application threads were stopped: 0.0018575 seconds, Stopping threads took: 0.0008290 seconds
[2022-06-13T01:36:58.093+0000][1][safepoint    ] Application time: 1.0003181 seconds
[2022-06-13T01:36:58.094+0000][1][safepoint    ] Entering safepoint region: Cleanup
[2022-06-13T01:36:58.094+0000][1][safepoint    ] Leaving safepoint region
[2022-06-13T01:36:58.095+0000][1][safepoint    ] Total time for which application threads were stopped: 0.0008787 seconds, Stopping threads took: 0.0003304 seconds
[2022-06-13T01:36:59.095+0000][1][safepoint    ] Application time: 1.0002533 seconds
[2022-06-13T01:36:59.097+0000][1][safepoint    ] Entering safepoint region: Cleanup
[2022-06-13T01:36:59.098+0000][1][safepoint    ] Leaving safepoint region
[2022-06-13T01:36:59.098+0000][1][safepoint    ] Total time for which application threads were stopped: 0.0016821 seconds, Stopping threads took: 0.0008547 seconds
[2022-06-13T01:37:00.099+0000][1][safepoint    ] Application time: 1.0003498 seconds
[2022-06-13T01:37:00.100+0000][1][safepoint    ] Entering safepoint region: Cleanup
[2022-06-13T01:37:00.101+0000][1][safepoint    ] Leaving safepoint region
[2022-06-13T01:37:00.102+0000][1][safepoint    ] Total time for which application threads were stopped: 0.0014697 seconds, Stopping threads took: 0.0007840 seconds
[2022-06-13T01:37:01.103+0000][1][safepoint    ] Application time: 1.0001590 seconds
[2022-06-13T01:37:01.103+0000][1][safepoint    ] Entering safepoint region: Cleanup
[2022-06-13T01:37:01.104+0000][1][safepoint    ] Leaving safepoint region
[2022-06-13T01:37:01.104+0000][1][safepoint    ] Total time for which application threads were stopped: 0.0004920 seconds, Stopping threads took: 0.0002072 seconds
[2022-06-13T01:37:02.104+0000][1][safepoint    ] Application time: 1.0003587 seconds
[2022-06-13T01:37:02.106+0000][1][safepoint    ] Entering safepoint region: Cleanup
[2022-06-13T01:37:02.107+0000][1][safepoint    ] Leaving safepoint region
[2022-06-13T01:37:02.107+0000][1][safepoint    ] Total time for which application threads were stopped: 0.0014049 seconds, Stopping threads took: 0.0006357 seconds
[2022-06-13T01:37:03.108+0000][1][safepoint    ] Application time: 1.0001901 seconds
[2022-06-13T01:37:03.109+0000][1][safepoint    ] Entering safepoint region: Cleanup
[2022-06-13T01:37:03.109+0000][1][safepoint    ] Leaving safepoint region
[2022-06-13T01:37:03.110+0000][1][safepoint    ] Total time for which application threads were stopped: 0.0017273 seconds, Stopping threads took: 0.0007650 seconds
[2022-06-13T01:37:04.111+0000][1][safepoint    ] Application time: 1.0002756 seconds
[2022-06-13T01:37:04.112+0000][1][safepoint    ] Entering safepoint region: Cleanup
[2022-06-13T01:37:04.112+0000][1][safepoint    ] Leaving safepoint region
[2022-06-13T01:37:04.113+0000][1][safepoint    ] Total time for which application threads were stopped: 0.0007954 seconds, Stopping threads took: 0.0004339 seconds
[2022-06-13T01:37:05.113+0000][1][safepoint    ] Application time: 1.0002130 seconds
[2022-06-13T01:37:05.114+0000][1][safepoint    ] Entering safepoint region: Cleanup
[2022-06-13T01:37:05.114+0000][1][safepoint    ] Leaving safepoint region
[2022-06-13T01:37:05.115+0000][1][safepoint    ] Total time for which application threads were stopped: 0.0007179 seconds, Stopping threads took: 0.0003519 seconds
[2022-06-13T01:37:06.115+0000][1][safepoint    ] Application time: 1.0001693 seconds
[2022-06-13T01:37:06.116+0000][1][safepoint    ] Entering safepoint region: Cleanup
[2022-06-13T01:37:06.117+0000][1][safepoint    ] Leaving safepoint region
[2022-06-13T01:37:06.117+0000][1][safepoint    ] Total time for which application threads were stopped: 0.0010827 seconds, Stopping threads took: 0.0004915 seconds
[2022-06-13T01:37:07.117+0000][1][safepoint    ] Application time: 1.0001489 seconds
[2022-06-13T01:37:07.118+0000][1][safepoint    ] Entering safepoint region: Cleanup
[2022-06-13T01:37:07.118+0000][1][safepoint    ] Leaving safepoint region
[2022-06-13T01:37:07.118+0000][1][safepoint    ] Total time for which application threads were stopped: 0.0004582 seconds, Stopping threads took: 0.0002080 seconds
[2022-06-13T01:37:08.119+0000][1][safepoint    ] Application time: 1.0002233 seconds
[2022-06-13T01:37:08.120+0000][1][safepoint    ] Entering safepoint region: Cleanup
[2022-06-13T01:37:08.121+0000][1][safepoint    ] Leaving safepoint region
[2022-06-13T01:37:08.121+0000][1][safepoint    ] Total time for which application threads were stopped: 0.0017181 seconds, Stopping threads took: 0.0007709 seconds
[2022-06-13T01:37:09.123+0000][1][safepoint    ] Application time: 1.0003775 seconds
[2022-06-13T01:37:09.124+0000][1][safepoint    ] Entering safepoint region: Cleanup
[2022-06-13T01:37:09.125+0000][1][safepoint    ] Leaving safepoint region
[2022-06-13T01:37:09.126+0000][1][safepoint    ] Total time for which application threads were stopped: 0.0016259 seconds, Stopping threads took: 0.0007426 seconds
[2022-06-13T01:37:10.127+0000][1][safepoint    ] Application time: 1.0001687 seconds
[2022-06-13T01:37:10.127+0000][1][safepoint    ] Entering safepoint region: Cleanup
[2022-06-13T01:37:10.128+0000][1][safepoint    ] Leaving safepoint region
[2022-06-13T01:37:10.128+0000][1][safepoint    ] Total time for which application threads were stopped: 0.0010781 seconds, Stopping threads took: 0.0005065 seconds
[2022-06-13T01:37:11.027+0000][1][safepoint    ] Application time: 0.8979076 seconds
[2022-06-13T01:37:11.028+0000][1][safepoint    ] Entering safepoint region: GenCollectForAllocation
[2022-06-13T01:37:11.029+0000][1][gc,start     ] GC(23) Pause Young (Allocation Failure)
[2022-06-13T01:37:11.030+0000][1][gc,task      ] GC(23) Using 5 workers of 13 for evacuation
[2022-06-13T01:37:11.039+0000][1][gc,age       ] GC(23) Desired survivor size 4456448 bytes, new threshold 6 (max threshold 6)
[2022-06-13T01:37:11.040+0000][1][gc,age       ] GC(23) Age table with threshold 6 (max threshold 6)
[2022-06-13T01:37:11.041+0000][1][gc,age       ] GC(23) - age   1:      66528 bytes,      66528 total
[2022-06-13T01:37:11.041+0000][1][gc,age       ] GC(23) - age   2:     686336 bytes,     752864 total
[2022-06-13T01:37:11.042+0000][1][gc,heap      ] GC(23) ParNew: 76044K->4599K(78656K)
[2022-06-13T01:37:11.042+0000][1][gc,heap      ] GC(23) CMS: 64139K->68020K(174784K)
[2022-06-13T01:37:11.043+0000][1][gc,metaspace ] GC(23) Metaspace: 64048K->64048K(1107968K)
[2022-06-13T01:37:11.044+0000][1][gc           ] GC(23) Pause Young (Allocation Failure) 136M->70M(247M) 14.788ms
[2022-06-13T01:37:11.044+0000][1][gc,cpu       ] GC(23) User=0.05s Sys=0.00s Real=0.02s
[2022-06-13T01:37:11.045+0000][1][safepoint    ] Leaving safepoint region
[2022-06-13T01:37:11.046+0000][1][safepoint    ] Total time for which application threads were stopped: 0.0177990 seconds, Stopping threads took: 0.0007502 seconds
[2022-06-13T01:37:12.047+0000][1][safepoint    ] Application time: 1.0002891 seconds
[2022-06-13T01:37:12.047+0000][1][safepoint    ] Entering safepoint region: Cleanup
[2022-06-13T01:37:12.047+0000][1][safepoint    ] Leaving safepoint region
[2022-06-13T01:37:12.047+0000][1][safepoint    ] Total time for which application threads were stopped: 0.0005239 seconds, Stopping threads took: 0.0002249 seconds
[2022-06-13T01:37:13.048+0000][1][safepoint    ] Application time: 1.0002858 seconds
[2022-06-13T01:37:13.049+0000][1][safepoint    ] Entering safepoint region: Cleanup
[2022-06-13T01:37:13.050+0000][1][safepoint    ] Leaving safepoint region
[2022-06-13T01:37:13.051+0000][1][safepoint    ] Total time for which application threads were stopped: 0.0017826 seconds, Stopping threads took: 0.0007597 seconds
[2022-06-13T01:37:14.052+0000][1][safepoint    ] Application time: 1.0002588 seconds
[2022-06-13T01:37:14.052+0000][1][safepoint    ] Entering safepoint region: Cleanup
[2022-06-13T01:37:14.054+0000][1][safepoint    ] Leaving safepoint region
[2022-06-13T01:37:14.054+0000][1][safepoint    ] Total time for which application threads were stopped: 0.0019765 seconds, Stopping threads took: 0.0011814 seconds
[2022-06-13T01:37:15.055+0000][1][safepoint    ] Application time: 1.0001627 seconds
[2022-06-13T01:37:15.055+0000][1][safepoint    ] Entering safepoint region: Cleanup
[2022-06-13T01:37:15.056+0000][1][safepoint    ] Leaving safepoint region
[2022-06-13T01:37:15.057+0000][1][safepoint    ] Total time for which application threads were stopped: 0.0015539 seconds, Stopping threads took: 0.0007561 seconds
[2022-06-13T01:37:16.058+0000][1][safepoint    ] Application time: 1.0001873 seconds
[2022-06-13T01:37:16.059+0000][1][safepoint    ] Entering safepoint region: Cleanup
[2022-06-13T01:37:16.059+0000][1][safepoint    ] Leaving safepoint region
[2022-06-13T01:37:16.060+0000][1][safepoint    ] Total time for which application threads were stopped: 0.0016914 seconds, Stopping threads took: 0.0009499 seconds
[2022-06-13T01:37:17.061+0000][1][safepoint    ] Application time: 1.0002970 seconds
[2022-06-13T01:37:17.062+0000][1][safepoint    ] Entering safepoint region: Cleanup
[2022-06-13T01:37:17.062+0000][1][safepoint    ] Leaving safepoint region
[2022-06-13T01:37:17.062+0000][1][safepoint    ] Total time for which application threads were stopped: 0.0008823 seconds, Stopping threads took: 0.0004929 seconds
[2022-06-13T01:37:18.063+0000][1][safepoint    ] Application time: 1.0002763 seconds
[2022-06-13T01:37:18.064+0000][1][safepoint    ] Entering safepoint region: Cleanup
[2022-06-13T01:37:18.065+0000][1][safepoint    ] Leaving safepoint region
[2022-06-13T01:37:18.065+0000][1][safepoint    ] Total time for which application threads were stopped: 0.0010870 seconds, Stopping threads took: 0.0004794 seconds
[2022-06-13T01:37:19.066+0000][1][safepoint    ] Application time: 1.0002457 seconds
[2022-06-13T01:37:19.066+0000][1][safepoint    ] Entering safepoint region: Cleanup
[2022-06-13T01:37:19.066+0000][1][safepoint    ] Leaving safepoint region
[2022-06-13T01:37:19.067+0000][1][safepoint    ] Total time for which application threads were stopped: 0.0006846 seconds, Stopping threads took: 0.0002267 seconds
[2022-06-13T01:37:20.067+0000][1][safepoint    ] Application time: 1.0001687 seconds
[2022-06-13T01:37:20.068+0000][1][safepoint    ] Entering safepoint region: Cleanup
[2022-06-13T01:37:20.069+0000][1][safepoint    ] Leaving safepoint region
[2022-06-13T01:37:20.069+0000][1][safepoint    ] Total time for which application threads were stopped: 0.0012570 seconds, Stopping threads took: 0.0005693 seconds
[2022-06-13T01:37:21.070+0000][1][safepoint    ] Application time: 1.0002570 seconds
[2022-06-13T01:37:21.071+0000][1][safepoint    ] Entering safepoint region: Cleanup
[2022-06-13T01:37:21.072+0000][1][safepoint    ] Leaving safepoint region
[2022-06-13T01:37:21.072+0000][1][safepoint    ] Total time for which application threads were stopped: 0.0016449 seconds, Stopping threads took: 0.0006639 seconds
[2022-06-13T01:37:22.073+0000][1][safepoint    ] Application time: 1.0001343 seconds
[2022-06-13T01:37:22.074+0000][1][safepoint    ] Entering safepoint region: Cleanup
[2022-06-13T01:37:22.075+0000][1][safepoint    ] Leaving safepoint region
[2022-06-13T01:37:22.075+0000][1][safepoint    ] Total time for which application threads were stopped: 0.0013005 seconds, Stopping threads took: 0.0006828 seconds
[2022-06-13T01:37:23.076+0000][1][safepoint    ] Application time: 1.0004195 seconds
[2022-06-13T01:37:23.077+0000][1][safepoint    ] Entering safepoint region: Cleanup
[2022-06-13T01:37:23.078+0000][1][safepoint    ] Leaving safepoint region
[2022-06-13T01:37:23.078+0000][1][safepoint    ] Total time for which application threads were stopped: 0.0010816 seconds, Stopping threads took: 0.0004895 seconds
[2022-06-13T01:37:24.079+0000][1][safepoint    ] Application time: 1.0002186 seconds
[2022-06-13T01:37:24.079+0000][1][safepoint    ] Entering safepoint region: Cleanup
[2022-06-13T01:37:24.080+0000][1][safepoint    ] Leaving safepoint region
[2022-06-13T01:37:24.080+0000][1][safepoint    ] Total time for which application threads were stopped: 0.0010216 seconds, Stopping threads took: 0.0004862 seconds
[2022-06-13T01:37:25.081+0000][1][safepoint    ] Application time: 1.0004910 seconds
[2022-06-13T01:37:25.083+0000][1][safepoint    ] Entering safepoint region: Cleanup
[2022-06-13T01:37:25.083+0000][1][safepoint    ] Leaving safepoint region
[2022-06-13T01:37:25.084+0000][1][safepoint    ] Total time for which application threads were stopped: 0.0017209 seconds, Stopping threads took: 0.0007774 seconds
[2022-06-13T01:37:26.085+0000][1][safepoint    ] Application time: 1.0002636 seconds
[2022-06-13T01:37:26.086+0000][1][safepoint    ] Entering safepoint region: Cleanup
[2022-06-13T01:37:26.086+0000][1][safepoint    ] Leaving safepoint region
[2022-06-13T01:37:26.087+0000][1][safepoint    ] Total time for which application threads were stopped: 0.0010276 seconds, Stopping threads took: 0.0005984 seconds
[2022-06-13T01:37:27.087+0000][1][safepoint    ] Application time: 1.0001595 seconds
[2022-06-13T01:37:27.088+0000][1][safepoint    ] Entering safepoint region: Cleanup
[2022-06-13T01:37:27.089+0000][1][safepoint    ] Leaving safepoint region
[2022-06-13T01:37:27.090+0000][1][safepoint    ] Total time for which application threads were stopped: 0.0015782 seconds, Stopping threads took: 0.0006150 seconds
[2022-06-13T01:37:28.090+0000][1][safepoint    ] Application time: 1.0002373 seconds
[2022-06-13T01:37:28.091+0000][1][safepoint    ] Entering safepoint region: Cleanup
[2022-06-13T01:37:28.092+0000][1][safepoint    ] Leaving safepoint region
[2022-06-13T01:37:28.092+0000][1][safepoint    ] Total time for which application threads were stopped: 0.0013615 seconds, Stopping threads took: 0.0006520 seconds
[2022-06-13T01:37:29.094+0000][1][safepoint    ] Application time: 1.0004567 seconds
[2022-06-13T01:37:29.095+0000][1][safepoint    ] Entering safepoint region: Cleanup
[2022-06-13T01:37:29.095+0000][1][safepoint    ] Leaving safepoint region
[2022-06-13T01:37:29.096+0000][1][safepoint    ] Total time for which application threads were stopped: 0.0011901 seconds, Stopping threads took: 0.0005555 seconds
[2022-06-13T01:37:30.096+0000][1][safepoint    ] Application time: 1.0001345 seconds
[2022-06-13T01:37:30.097+0000][1][safepoint    ] Entering safepoint region: Cleanup
[2022-06-13T01:37:30.098+0000][1][safepoint    ] Leaving safepoint region
[2022-06-13T01:37:30.098+0000][1][safepoint    ] Total time for which application threads were stopped: 0.0011696 seconds, Stopping threads took: 0.0005810 seconds
[2022-06-13T01:37:31.099+0000][1][safepoint    ] Application time: 1.0001784 seconds
[2022-06-13T01:37:31.100+0000][1][safepoint    ] Entering safepoint region: Cleanup
[2022-06-13T01:37:31.101+0000][1][safepoint    ] Leaving safepoint region
[2022-06-13T01:37:31.101+0000][1][safepoint    ] Total time for which application threads were stopped: 0.0016337 seconds, Stopping threads took: 0.0006750 seconds
[2022-06-13T01:37:32.102+0000][1][safepoint    ] Application time: 1.0002376 seconds
[2022-06-13T01:37:32.103+0000][1][safepoint    ] Entering safepoint region: Cleanup
[2022-06-13T01:37:32.104+0000][1][safepoint    ] Leaving safepoint region
[2022-06-13T01:37:32.105+0000][1][safepoint    ] Total time for which application threads were stopped: 0.0016135 seconds, Stopping threads took: 0.0007573 seconds
[2022-06-13T01:37:33.106+0000][1][safepoint    ] Application time: 1.0003171 seconds
[2022-06-13T01:37:33.106+0000][1][safepoint    ] Entering safepoint region: Cleanup
[2022-06-13T01:37:33.107+0000][1][safepoint    ] Leaving safepoint region
[2022-06-13T01:37:33.107+0000][1][safepoint    ] Total time for which application threads were stopped: 0.0008491 seconds, Stopping threads took: 0.0004053 seconds
[2022-06-13T01:37:34.108+0000][1][safepoint    ] Application time: 1.0001403 seconds
[2022-06-13T01:37:34.109+0000][1][safepoint    ] Entering safepoint region: Cleanup
[2022-06-13T01:37:34.109+0000][1][safepoint    ] Leaving safepoint region
[2022-06-13T01:37:34.110+0000][1][safepoint    ] Total time for which application threads were stopped: 0.0016000 seconds, Stopping threads took: 0.0006108 seconds
[2022-06-13T01:37:35.111+0000][1][safepoint    ] Application time: 1.0003407 seconds
[2022-06-13T01:37:35.112+0000][1][safepoint    ] Entering safepoint region: Cleanup
[2022-06-13T01:37:35.113+0000][1][safepoint    ] Leaving safepoint region
[2022-06-13T01:37:35.114+0000][1][safepoint    ] Total time for which application threads were stopped: 0.0015260 seconds, Stopping threads took: 0.0006982 seconds
[2022-06-13T01:37:36.116+0000][1][safepoint    ] Application time: 1.0011694 seconds
[2022-06-13T01:37:36.116+0000][1][safepoint    ] Entering safepoint region: Cleanup
[2022-06-13T01:37:36.117+0000][1][safepoint    ] Leaving safepoint region
[2022-06-13T01:37:36.118+0000][1][safepoint    ] Total time for which application threads were stopped: 0.0011913 seconds, Stopping threads took: 0.0004836 seconds
[2022-06-13T01:37:37.119+0000][1][safepoint    ] Application time: 1.0004421 seconds
[2022-06-13T01:37:37.120+0000][1][safepoint    ] Entering safepoint region: Cleanup
[2022-06-13T01:37:37.121+0000][1][safepoint    ] Leaving safepoint region
[2022-06-13T01:37:37.121+0000][1][safepoint    ] Total time for which application threads were stopped: 0.0015467 seconds, Stopping threads took: 0.0006010 seconds
[2022-06-13T01:37:38.122+0000][1][safepoint    ] Application time: 1.0002644 seconds
[2022-06-13T01:37:38.123+0000][1][safepoint    ] Entering safepoint region: Cleanup
[2022-06-13T01:37:38.124+0000][1][safepoint    ] Leaving safepoint region
[2022-06-13T01:37:38.125+0000][1][safepoint    ] Total time for which application threads were stopped: 0.0017350 seconds, Stopping threads took: 0.0008416 seconds
[2022-06-13T01:37:39.126+0000][1][safepoint    ] Application time: 1.0003248 seconds
[2022-06-13T01:37:39.127+0000][1][safepoint    ] Entering safepoint region: Cleanup
[2022-06-13T01:37:39.127+0000][1][safepoint    ] Leaving safepoint region
[2022-06-13T01:37:39.128+0000][1][safepoint    ] Total time for which application threads were stopped: 0.0015845 seconds, Stopping threads took: 0.0007954 seconds
[2022-06-13T01:37:40.129+0000][1][safepoint    ] Application time: 1.0002968 seconds
[2022-06-13T01:37:40.130+0000][1][safepoint    ] Entering safepoint region: Cleanup
[2022-06-13T01:37:40.130+0000][1][safepoint    ] Leaving safepoint region
[2022-06-13T01:37:40.131+0000][1][safepoint    ] Total time for which application threads were stopped: 0.0009490 seconds, Stopping threads took: 0.0004855 seconds
[2022-06-13T01:37:41.131+0000][1][safepoint    ] Application time: 1.0001571 seconds
[2022-06-13T01:37:41.132+0000][1][safepoint    ] Entering safepoint region: Cleanup
[2022-06-13T01:37:41.132+0000][1][safepoint    ] Leaving safepoint region
[2022-06-13T01:37:41.132+0000][1][safepoint    ] Total time for which application threads were stopped: 0.0006298 seconds, Stopping threads took: 0.0003583 seconds
[2022-06-13T01:37:42.133+0000][1][safepoint    ] Application time: 1.0001929 seconds
[2022-06-13T01:37:42.133+0000][1][safepoint    ] Entering safepoint region: Cleanup
[2022-06-13T01:37:42.134+0000][1][safepoint    ] Leaving safepoint region
[2022-06-13T01:37:42.134+0000][1][safepoint    ] Total time for which application threads were stopped: 0.0010255 seconds, Stopping threads took: 0.0004955 seconds
[2022-06-13T01:37:43.135+0000][1][safepoint    ] Application time: 1.0003460 seconds
[2022-06-13T01:37:43.136+0000][1][safepoint    ] Entering safepoint region: Cleanup
[2022-06-13T01:37:43.137+0000][1][safepoint    ] Leaving safepoint region
[2022-06-13T01:37:43.138+0000][1][safepoint    ] Total time for which application threads were stopped: 0.0015920 seconds, Stopping threads took: 0.0007075 seconds
[2022-06-13T01:37:44.139+0000][1][safepoint    ] Application time: 1.0003221 seconds
[2022-06-13T01:37:44.139+0000][1][safepoint    ] Entering safepoint region: Cleanup
[2022-06-13T01:37:44.140+0000][1][safepoint    ] Leaving safepoint region
[2022-06-13T01:37:44.141+0000][1][safepoint    ] Total time for which application threads were stopped: 0.0017526 seconds, Stopping threads took: 0.0007722 seconds
[2022-06-13T01:37:45.142+0000][1][safepoint    ] Application time: 1.0002464 seconds
[2022-06-13T01:37:45.143+0000][1][safepoint    ] Entering safepoint region: Cleanup
[2022-06-13T01:37:45.144+0000][1][safepoint    ] Leaving safepoint region
[2022-06-13T01:37:45.145+0000][1][safepoint    ] Total time for which application threads were stopped: 0.0017768 seconds, Stopping threads took: 0.0008053 seconds
[2022-06-13T01:37:46.146+0000][1][safepoint    ] Application time: 1.0002304 seconds
[2022-06-13T01:37:46.146+0000][1][safepoint    ] Entering safepoint region: Cleanup
[2022-06-13T01:37:46.146+0000][1][safepoint    ] Leaving safepoint region
[2022-06-13T01:37:46.147+0000][1][safepoint    ] Total time for which application threads were stopped: 0.0009962 seconds, Stopping threads took: 0.0003109 seconds
[2022-06-13T01:37:47.148+0000][1][safepoint    ] Application time: 1.0002994 seconds
[2022-06-13T01:37:47.148+0000][1][safepoint    ] Entering safepoint region: Cleanup
[2022-06-13T01:37:47.149+0000][1][safepoint    ] Leaving safepoint region
[2022-06-13T01:37:47.150+0000][1][safepoint    ] Total time for which application threads were stopped: 0.0012873 seconds, Stopping threads took: 0.0005521 seconds
[2022-06-13T01:37:48.151+0000][1][safepoint    ] Application time: 1.0003606 seconds
[2022-06-13T01:37:48.152+0000][1][safepoint    ] Entering safepoint region: Cleanup
[2022-06-13T01:37:48.152+0000][1][safepoint    ] Leaving safepoint region
[2022-06-13T01:37:48.153+0000][1][safepoint    ] Total time for which application threads were stopped: 0.0014911 seconds, Stopping threads took: 0.0007925 seconds
[2022-06-13T01:37:49.154+0000][1][safepoint    ] Application time: 1.0003524 seconds
[2022-06-13T01:37:49.155+0000][1][safepoint    ] Entering safepoint region: Cleanup
[2022-06-13T01:37:49.155+0000][1][safepoint    ] Leaving safepoint region
[2022-06-13T01:37:49.156+0000][1][safepoint    ] Total time for which application threads were stopped: 0.0006864 seconds, Stopping threads took: 0.0003435 seconds
[2022-06-13T01:37:50.156+0000][1][safepoint    ] Application time: 1.0002587 seconds
[2022-06-13T01:37:50.157+0000][1][safepoint    ] Entering safepoint region: Cleanup
[2022-06-13T01:37:50.157+0000][1][safepoint    ] Leaving safepoint region
[2022-06-13T01:37:50.158+0000][1][safepoint    ] Total time for which application threads were stopped: 0.0008329 seconds, Stopping threads took: 0.0003937 seconds
[2022-06-13T01:37:51.158+0000][1][safepoint    ] Application time: 1.0002563 seconds
[2022-06-13T01:37:51.159+0000][1][safepoint    ] Entering safepoint region: Cleanup
[2022-06-13T01:37:51.160+0000][1][safepoint    ] Leaving safepoint region
[2022-06-13T01:37:51.161+0000][1][safepoint    ] Total time for which application threads were stopped: 0.0017163 seconds, Stopping threads took: 0.0007594 seconds
[2022-06-13T01:37:52.162+0000][1][safepoint    ] Application time: 1.0001835 seconds
[2022-06-13T01:37:52.162+0000][1][safepoint    ] Entering safepoint region: Cleanup
[2022-06-13T01:37:52.163+0000][1][safepoint    ] Leaving safepoint region
[2022-06-13T01:37:52.163+0000][1][safepoint    ] Total time for which application threads were stopped: 0.0008093 seconds, Stopping threads took: 0.0004265 seconds
[2022-06-13T01:37:53.164+0000][1][safepoint    ] Application time: 1.0001838 seconds
[2022-06-13T01:37:53.164+0000][1][safepoint    ] Entering safepoint region: Cleanup
[2022-06-13T01:37:53.165+0000][1][safepoint    ] Leaving safepoint region
[2022-06-13T01:37:53.165+0000][1][safepoint    ] Total time for which application threads were stopped: 0.0010622 seconds, Stopping threads took: 0.0004237 seconds
[2022-06-13T01:37:54.166+0000][1][safepoint    ] Application time: 1.0002779 seconds
[2022-06-13T01:37:54.167+0000][1][safepoint    ] Entering safepoint region: Cleanup
[2022-06-13T01:37:54.167+0000][1][safepoint    ] Leaving safepoint region
[2022-06-13T01:37:54.168+0000][1][safepoint    ] Total time for which application threads were stopped: 0.0008673 seconds, Stopping threads took: 0.0004180 seconds
[2022-06-13T01:37:55.168+0000][1][safepoint    ] Application time: 1.0002523 seconds
[2022-06-13T01:37:55.169+0000][1][safepoint    ] Entering safepoint region: Cleanup
[2022-06-13T01:37:55.170+0000][1][safepoint    ] Leaving safepoint region
[2022-06-13T01:37:55.171+0000][1][safepoint    ] Total time for which application threads were stopped: 0.0016013 seconds, Stopping threads took: 0.0006659 seconds
[2022-06-13T01:37:56.172+0000][1][safepoint    ] Application time: 1.0002475 seconds
[2022-06-13T01:37:56.173+0000][1][safepoint    ] Entering safepoint region: Cleanup
[2022-06-13T01:37:56.173+0000][1][safepoint    ] Leaving safepoint region
[2022-06-13T01:37:56.174+0000][1][safepoint    ] Total time for which application threads were stopped: 0.0015552 seconds, Stopping threads took: 0.0006852 seconds
[2022-06-13T01:37:57.175+0000][1][safepoint    ] Application time: 1.0003487 seconds
[2022-06-13T01:37:57.176+0000][1][safepoint    ] Entering safepoint region: Cleanup
[2022-06-13T01:37:57.177+0000][1][safepoint    ] Leaving safepoint region
[2022-06-13T01:37:57.178+0000][1][safepoint    ] Total time for which application threads were stopped: 0.0018590 seconds, Stopping threads took: 0.0010352 seconds
[2022-06-13T01:37:58.179+0000][1][safepoint    ] Application time: 1.0002152 seconds
[2022-06-13T01:37:58.179+0000][1][safepoint    ] Entering safepoint region: Cleanup
[2022-06-13T01:37:58.180+0000][1][safepoint    ] Leaving safepoint region
[2022-06-13T01:37:58.181+0000][1][safepoint    ] Total time for which application threads were stopped: 0.0017450 seconds, Stopping threads took: 0.0007536 seconds
[2022-06-13T01:37:59.182+0000][1][safepoint    ] Application time: 1.0002769 seconds
[2022-06-13T01:37:59.183+0000][1][safepoint    ] Entering safepoint region: Cleanup
[2022-06-13T01:37:59.183+0000][1][safepoint    ] Leaving safepoint region
[2022-06-13T01:37:59.184+0000][1][safepoint    ] Total time for which application threads were stopped: 0.0009911 seconds, Stopping threads took: 0.0004659 seconds
[2022-06-13T01:38:00.184+0000][1][safepoint    ] Application time: 1.0001629 seconds
[2022-06-13T01:38:00.185+0000][1][safepoint    ] Entering safepoint region: Cleanup
[2022-06-13T01:38:00.185+0000][1][safepoint    ] Leaving safepoint region
[2022-06-13T01:38:00.186+0000][1][safepoint    ] Total time for which application threads were stopped: 0.0008385 seconds, Stopping threads took: 0.0003677 seconds
[2022-06-13T01:38:01.186+0000][1][safepoint    ] Application time: 1.0001482 seconds
[2022-06-13T01:38:01.187+0000][1][safepoint    ] Entering safepoint region: Cleanup
[2022-06-13T01:38:01.187+0000][1][safepoint    ] Leaving safepoint region
[2022-06-13T01:38:01.187+0000][1][safepoint    ] Total time for which application threads were stopped: 0.0010253 seconds, Stopping threads took: 0.0004648 seconds
[2022-06-13T01:38:02.188+0000][1][safepoint    ] Application time: 1.0002229 seconds
[2022-06-13T01:38:02.189+0000][1][safepoint    ] Entering safepoint region: Cleanup
[2022-06-13T01:38:02.190+0000][1][safepoint    ] Leaving safepoint region
[2022-06-13T01:38:02.190+0000][1][safepoint    ] Total time for which application threads were stopped: 0.0016308 seconds, Stopping threads took: 0.0007274 seconds
[2022-06-13T01:38:03.191+0000][1][safepoint    ] Application time: 1.0002640 seconds
[2022-06-13T01:38:03.192+0000][1][safepoint    ] Entering safepoint region: Cleanup
[2022-06-13T01:38:03.192+0000][1][safepoint    ] Leaving safepoint region
[2022-06-13T01:38:03.193+0000][1][safepoint    ] Total time for which application threads were stopped: 0.0010496 seconds, Stopping threads took: 0.0004412 seconds
[2022-06-13T01:38:04.194+0000][1][safepoint    ] Application time: 1.0003979 seconds
[2022-06-13T01:38:04.194+0000][1][safepoint    ] Entering safepoint region: Cleanup
[2022-06-13T01:38:04.195+0000][1][safepoint    ] Leaving safepoint region
[2022-06-13T01:38:04.195+0000][1][safepoint    ] Total time for which application threads were stopped: 0.0006874 seconds, Stopping threads took: 0.0002776 seconds
[2022-06-13T01:38:05.196+0000][1][safepoint    ] Application time: 1.0003288 seconds
[2022-06-13T01:38:05.196+0000][1][safepoint    ] Entering safepoint region: Cleanup
[2022-06-13T01:38:05.197+0000][1][safepoint    ] Leaving safepoint region
[2022-06-13T01:38:05.198+0000][1][safepoint    ] Total time for which application threads were stopped: 0.0017042 seconds, Stopping threads took: 0.0008054 seconds
[2022-06-13T01:38:06.199+0000][1][safepoint    ] Application time: 1.0002276 seconds
[2022-06-13T01:38:06.199+0000][1][safepoint    ] Entering safepoint region: Cleanup
[2022-06-13T01:38:06.200+0000][1][safepoint    ] Leaving safepoint region
[2022-06-13T01:38:06.200+0000][1][safepoint    ] Total time for which application threads were stopped: 0.0008839 seconds, Stopping threads took: 0.0004454 seconds
[2022-06-13T01:38:07.201+0000][1][safepoint    ] Application time: 1.0001638 seconds
[2022-06-13T01:38:07.202+0000][1][safepoint    ] Entering safepoint region: Cleanup
[2022-06-13T01:38:07.203+0000][1][safepoint    ] Leaving safepoint region
[2022-06-13T01:38:07.204+0000][1][safepoint    ] Total time for which application threads were stopped: 0.0016559 seconds, Stopping threads took: 0.0006932 seconds
[2022-06-13T01:38:08.205+0000][1][safepoint    ] Application time: 1.0002669 seconds
[2022-06-13T01:38:08.206+0000][1][safepoint    ] Entering safepoint region: Cleanup
[2022-06-13T01:38:08.206+0000][1][safepoint    ] Leaving safepoint region
[2022-06-13T01:38:08.207+0000][1][safepoint    ] Total time for which application threads were stopped: 0.0010335 seconds, Stopping threads took: 0.0006546 seconds
[2022-06-13T01:38:09.207+0000][1][safepoint    ] Application time: 1.0002364 seconds
[2022-06-13T01:38:09.208+0000][1][safepoint    ] Entering safepoint region: Cleanup
[2022-06-13T01:38:09.209+0000][1][safepoint    ] Leaving safepoint region
[2022-06-13T01:38:09.210+0000][1][safepoint    ] Total time for which application threads were stopped: 0.0016769 seconds, Stopping threads took: 0.0007656 seconds
[2022-06-13T01:38:10.211+0000][1][safepoint    ] Application time: 1.0003129 seconds
[2022-06-13T01:38:10.211+0000][1][safepoint    ] Entering safepoint region: Cleanup
[2022-06-13T01:38:10.212+0000][1][safepoint    ] Leaving safepoint region
[2022-06-13T01:38:10.212+0000][1][safepoint    ] Total time for which application threads were stopped: 0.0005418 seconds, Stopping threads took: 0.0002414 seconds
[2022-06-13T01:38:11.212+0000][1][safepoint    ] Application time: 1.0001772 seconds
[2022-06-13T01:38:11.213+0000][1][safepoint    ] Entering safepoint region: Cleanup
[2022-06-13T01:38:11.214+0000][1][safepoint    ] Leaving safepoint region
[2022-06-13T01:38:11.215+0000][1][safepoint    ] Total time for which application threads were stopped: 0.0016475 seconds, Stopping threads took: 0.0007935 seconds
[2022-06-13T01:38:12.216+0000][1][safepoint    ] Application time: 1.0002625 seconds
[2022-06-13T01:38:12.216+0000][1][safepoint    ] Entering safepoint region: Cleanup
[2022-06-13T01:38:12.217+0000][1][safepoint    ] Leaving safepoint region
[2022-06-13T01:38:12.218+0000][1][safepoint    ] Total time for which application threads were stopped: 0.0010767 seconds, Stopping threads took: 0.0005409 seconds
[2022-06-13T01:38:13.218+0000][1][safepoint    ] Application time: 1.0002513 seconds
[2022-06-13T01:38:13.219+0000][1][safepoint    ] Entering safepoint region: Cleanup
[2022-06-13T01:38:13.220+0000][1][safepoint    ] Leaving safepoint region
[2022-06-13T01:38:13.221+0000][1][safepoint    ] Total time for which application threads were stopped: 0.0016969 seconds, Stopping threads took: 0.0007998 seconds
[2022-06-13T01:38:14.222+0000][1][safepoint    ] Application time: 1.0003391 seconds
[2022-06-13T01:38:14.223+0000][1][safepoint    ] Entering safepoint region: Cleanup
[2022-06-13T01:38:14.224+0000][1][safepoint    ] Leaving safepoint region
[2022-06-13T01:38:14.225+0000][1][safepoint    ] Total time for which application threads were stopped: 0.0016545 seconds, Stopping threads took: 0.0007623 seconds
[2022-06-13T01:38:15.226+0000][1][safepoint    ] Application time: 1.0005389 seconds
[2022-06-13T01:38:15.227+0000][1][safepoint    ] Entering safepoint region: Cleanup
[2022-06-13T01:38:15.227+0000][1][safepoint    ] Leaving safepoint region
[2022-06-13T01:38:15.227+0000][1][safepoint    ] Total time for which application threads were stopped: 0.0007855 seconds, Stopping threads took: 0.0003314 seconds
[2022-06-13T01:38:16.228+0000][1][safepoint    ] Application time: 1.0002041 seconds
[2022-06-13T01:38:16.228+0000][1][safepoint    ] Entering safepoint region: Cleanup
[2022-06-13T01:38:16.229+0000][1][safepoint    ] Leaving safepoint region
[2022-06-13T01:38:16.229+0000][1][safepoint    ] Total time for which application threads were stopped: 0.0008463 seconds, Stopping threads took: 0.0004514 seconds
[2022-06-13T01:38:17.230+0000][1][safepoint    ] Application time: 1.0002477 seconds
[2022-06-13T01:38:17.230+0000][1][safepoint    ] Entering safepoint region: Cleanup
[2022-06-13T01:38:17.231+0000][1][safepoint    ] Leaving safepoint region
[2022-06-13T01:38:17.231+0000][1][safepoint    ] Total time for which application threads were stopped: 0.0007537 seconds, Stopping threads took: 0.0004160 seconds
[2022-06-13T01:38:18.232+0000][1][safepoint    ] Application time: 1.0002114 seconds
[2022-06-13T01:38:18.232+0000][1][safepoint    ] Entering safepoint region: Cleanup
[2022-06-13T01:38:18.233+0000][1][safepoint    ] Leaving safepoint region
[2022-06-13T01:38:18.233+0000][1][safepoint    ] Total time for which application threads were stopped: 0.0008184 seconds, Stopping threads took: 0.0003543 seconds
[2022-06-13T01:38:19.234+0000][1][safepoint    ] Application time: 1.0002668 seconds
[2022-06-13T01:38:19.234+0000][1][safepoint    ] Entering safepoint region: Cleanup
[2022-06-13T01:38:19.235+0000][1][safepoint    ] Leaving safepoint region
[2022-06-13T01:38:19.236+0000][1][safepoint    ] Total time for which application threads were stopped: 0.0017907 seconds, Stopping threads took: 0.0009310 seconds
[2022-06-13T01:38:20.237+0000][1][safepoint    ] Application time: 1.0002594 seconds
[2022-06-13T01:38:20.238+0000][1][safepoint    ] Entering safepoint region: Cleanup
[2022-06-13T01:38:20.239+0000][1][safepoint    ] Leaving safepoint region
[2022-06-13T01:38:20.239+0000][1][safepoint    ] Total time for which application threads were stopped: 0.0011060 seconds, Stopping threads took: 0.0004434 seconds
[2022-06-13T01:38:21.240+0000][1][safepoint    ] Application time: 1.0002205 seconds
[2022-06-13T01:38:21.241+0000][1][safepoint    ] Entering safepoint region: Cleanup
[2022-06-13T01:38:21.242+0000][1][safepoint    ] Leaving safepoint region
[2022-06-13T01:38:21.243+0000][1][safepoint    ] Total time for which application threads were stopped: 0.0017531 seconds, Stopping threads took: 0.0007426 seconds
[2022-06-13T01:38:22.244+0000][1][safepoint    ] Application time: 1.0002912 seconds
[2022-06-13T01:38:22.245+0000][1][safepoint    ] Entering safepoint region: Cleanup
[2022-06-13T01:38:22.245+0000][1][safepoint    ] Leaving safepoint region
[2022-06-13T01:38:22.246+0000][1][safepoint    ] Total time for which application threads were stopped: 0.0012141 seconds, Stopping threads took: 0.0005280 seconds
[2022-06-13T01:38:23.298+0000][1][safepoint    ] Application time: 1.0513863 seconds
[2022-06-13T01:38:23.298+0000][1][safepoint    ] Entering safepoint region: Cleanup
[2022-06-13T01:38:23.299+0000][1][safepoint    ] Leaving safepoint region
[2022-06-13T01:38:23.300+0000][1][safepoint    ] Total time for which application threads were stopped: 0.0011950 seconds, Stopping threads took: 0.0004526 seconds
[2022-06-13T01:38:24.300+0000][1][safepoint    ] Application time: 1.0001103 seconds
[2022-06-13T01:38:24.301+0000][1][safepoint    ] Entering safepoint region: Cleanup
[2022-06-13T01:38:24.301+0000][1][safepoint    ] Leaving safepoint region
[2022-06-13T01:38:24.301+0000][1][safepoint    ] Total time for which application threads were stopped: 0.0006270 seconds, Stopping threads took: 0.0002882 seconds
[2022-06-13T01:38:25.302+0000][1][safepoint    ] Application time: 1.0002094 seconds
[2022-06-13T01:38:25.302+0000][1][safepoint    ] Entering safepoint region: Cleanup
[2022-06-13T01:38:25.303+0000][1][safepoint    ] Leaving safepoint region
[2022-06-13T01:38:25.303+0000][1][safepoint    ] Total time for which application threads were stopped: 0.0005963 seconds, Stopping threads took: 0.0003043 seconds
[2022-06-13T01:38:26.303+0000][1][safepoint    ] Application time: 1.0002088 seconds
[2022-06-13T01:38:26.304+0000][1][safepoint    ] Entering safepoint region: Cleanup
[2022-06-13T01:38:26.304+0000][1][safepoint    ] Leaving safepoint region
[2022-06-13T01:38:26.305+0000][1][safepoint    ] Total time for which application threads were stopped: 0.0008859 seconds, Stopping threads took: 0.0004256 seconds
[2022-06-13T01:38:27.306+0000][1][safepoint    ] Application time: 1.0003102 seconds
[2022-06-13T01:38:27.306+0000][1][safepoint    ] Entering safepoint region: Cleanup
[2022-06-13T01:38:27.307+0000][1][safepoint    ] Leaving safepoint region
[2022-06-13T01:38:27.308+0000][1][safepoint    ] Total time for which application threads were stopped: 0.0018318 seconds, Stopping threads took: 0.0005692 seconds
[2022-06-13T01:38:28.309+0000][1][safepoint    ] Application time: 1.0004155 seconds
[2022-06-13T01:38:28.310+0000][1][safepoint    ] Entering safepoint region: Cleanup
[2022-06-13T01:38:28.310+0000][1][safepoint    ] Leaving safepoint region
[2022-06-13T01:38:28.311+0000][1][safepoint    ] Total time for which application threads were stopped: 0.0009158 seconds, Stopping threads took: 0.0005212 seconds
[2022-06-13T01:38:29.311+0000][1][safepoint    ] Application time: 1.0002401 seconds
[2022-06-13T01:38:29.312+0000][1][safepoint    ] Entering safepoint region: Cleanup
[2022-06-13T01:38:29.313+0000][1][safepoint    ] Leaving safepoint region
[2022-06-13T01:38:29.313+0000][1][safepoint    ] Total time for which application threads were stopped: 0.0010359 seconds, Stopping threads took: 0.0004335 seconds
[2022-06-13T01:38:30.314+0000][1][safepoint    ] Application time: 1.0003774 seconds
[2022-06-13T01:38:30.315+0000][1][safepoint    ] Entering safepoint region: Cleanup
[2022-06-13T01:38:30.316+0000][1][safepoint    ] Leaving safepoint region
[2022-06-13T01:38:30.317+0000][1][safepoint    ] Total time for which application threads were stopped: 0.0014918 seconds, Stopping threads took: 0.0007476 seconds
[2022-06-13T01:38:31.318+0000][1][safepoint    ] Application time: 1.0002436 seconds
[2022-06-13T01:38:31.348+0000][1][safepoint    ] Entering safepoint region: Cleanup
[2022-06-13T01:38:31.349+0000][1][safepoint    ] Leaving safepoint region
[2022-06-13T01:38:31.349+0000][1][safepoint    ] Total time for which application threads were stopped: 0.0014898 seconds, Stopping threads took: 0.0005569 seconds
[2022-06-13T01:38:32.350+0000][1][safepoint    ] Application time: 1.0002928 seconds
[2022-06-13T01:38:32.351+0000][1][safepoint    ] Entering safepoint region: Cleanup
[2022-06-13T01:38:32.352+0000][1][safepoint    ] Leaving safepoint region
[2022-06-13T01:38:32.352+0000][1][safepoint    ] Total time for which application threads were stopped: 0.0013738 seconds, Stopping threads took: 0.0005844 seconds
[2022-06-13T01:38:33.353+0000][1][safepoint    ] Application time: 1.0002409 seconds
[2022-06-13T01:38:33.354+0000][1][safepoint    ] Entering safepoint region: Cleanup
[2022-06-13T01:38:33.354+0000][1][safepoint    ] Leaving safepoint region
[2022-06-13T01:38:33.355+0000][1][safepoint    ] Total time for which application threads were stopped: 0.0009788 seconds, Stopping threads took: 0.0004579 seconds
[2022-06-13T01:38:34.356+0000][1][safepoint    ] Application time: 1.0002182 seconds
[2022-06-13T01:38:34.356+0000][1][safepoint    ] Entering safepoint region: Cleanup
[2022-06-13T01:38:34.357+0000][1][safepoint    ] Leaving safepoint region
[2022-06-13T01:38:34.357+0000][1][safepoint    ] Total time for which application threads were stopped: 0.0011981 seconds, Stopping threads took: 0.0005517 seconds
[2022-06-13T01:38:35.358+0000][1][safepoint    ] Application time: 1.0001614 seconds
[2022-06-13T01:38:35.359+0000][1][safepoint    ] Entering safepoint region: Cleanup
[2022-06-13T01:38:35.359+0000][1][safepoint    ] Leaving safepoint region
[2022-06-13T01:38:35.360+0000][1][safepoint    ] Total time for which application threads were stopped: 0.0011125 seconds, Stopping threads took: 0.0004013 seconds
[2022-06-13T01:38:36.361+0000][1][safepoint    ] Application time: 1.0003279 seconds
[2022-06-13T01:38:36.362+0000][1][safepoint    ] Entering safepoint region: Cleanup
[2022-06-13T01:38:36.363+0000][1][safepoint    ] Leaving safepoint region
[2022-06-13T01:38:36.364+0000][1][safepoint    ] Total time for which application threads were stopped: 0.0018975 seconds, Stopping threads took: 0.0008621 seconds
[2022-06-13T01:38:37.365+0000][1][safepoint    ] Application time: 1.0002936 seconds
[2022-06-13T01:38:37.365+0000][1][safepoint    ] Entering safepoint region: Cleanup
[2022-06-13T01:38:37.366+0000][1][safepoint    ] Leaving safepoint region
[2022-06-13T01:38:37.367+0000][1][safepoint    ] Total time for which application threads were stopped: 0.0013863 seconds, Stopping threads took: 0.0006800 seconds
[2022-06-13T01:38:38.368+0000][1][safepoint    ] Application time: 1.0001527 seconds
[2022-06-13T01:38:38.368+0000][1][safepoint    ] Entering safepoint region: Cleanup
[2022-06-13T01:38:38.369+0000][1][safepoint    ] Leaving safepoint region
[2022-06-13T01:38:38.370+0000][1][safepoint    ] Total time for which application threads were stopped: 0.0011168 seconds, Stopping threads took: 0.0005472 seconds
[2022-06-13T01:38:39.370+0000][1][safepoint    ] Application time: 1.0002415 seconds
[2022-06-13T01:38:39.371+0000][1][safepoint    ] Entering safepoint region: Cleanup
[2022-06-13T01:38:39.372+0000][1][safepoint    ] Leaving safepoint region
[2022-06-13T01:38:39.372+0000][1][safepoint    ] Total time for which application threads were stopped: 0.0007204 seconds, Stopping threads took: 0.0003716 seconds
[2022-06-13T01:38:40.373+0000][1][safepoint    ] Application time: 1.0001565 seconds
[2022-06-13T01:38:40.373+0000][1][safepoint    ] Entering safepoint region: Cleanup
[2022-06-13T01:38:40.373+0000][1][safepoint    ] Leaving safepoint region
[2022-06-13T01:38:40.374+0000][1][safepoint    ] Total time for which application threads were stopped: 0.0004258 seconds, Stopping threads took: 0.0001982 seconds
[2022-06-13T01:38:41.374+0000][1][safepoint    ] Application time: 1.0002649 seconds
[2022-06-13T01:38:41.375+0000][1][safepoint    ] Entering safepoint region: Cleanup
[2022-06-13T01:38:41.375+0000][1][safepoint    ] Leaving safepoint region
[2022-06-13T01:38:41.375+0000][1][safepoint    ] Total time for which application threads were stopped: 0.0006670 seconds, Stopping threads took: 0.0002719 seconds
[2022-06-13T01:38:42.376+0000][1][safepoint    ] Application time: 1.0003209 seconds
[2022-06-13T01:38:42.377+0000][1][safepoint    ] Entering safepoint region: Cleanup
[2022-06-13T01:38:42.378+0000][1][safepoint    ] Leaving safepoint region
[2022-06-13T01:38:42.379+0000][1][safepoint    ] Total time for which application threads were stopped: 0.0017851 seconds, Stopping threads took: 0.0006895 seconds
[2022-06-13T01:38:43.380+0000][1][safepoint    ] Application time: 1.0003384 seconds
[2022-06-13T01:38:43.380+0000][1][safepoint    ] Entering safepoint region: Cleanup
[2022-06-13T01:38:43.381+0000][1][safepoint    ] Leaving safepoint region
[2022-06-13T01:38:43.381+0000][1][safepoint    ] Total time for which application threads were stopped: 0.0009838 seconds, Stopping threads took: 0.0003024 seconds
[2022-06-13T01:38:44.382+0000][1][safepoint    ] Application time: 1.0002728 seconds
[2022-06-13T01:38:44.383+0000][1][safepoint    ] Entering safepoint region: Cleanup
[2022-06-13T01:38:44.383+0000][1][safepoint    ] Leaving safepoint region
[2022-06-13T01:38:44.384+0000][1][safepoint    ] Total time for which application threads were stopped: 0.0011210 seconds, Stopping threads took: 0.0004939 seconds
[2022-06-13T01:38:45.385+0000][1][safepoint    ] Application time: 1.0002603 seconds
[2022-06-13T01:38:45.386+0000][1][safepoint    ] Entering safepoint region: Cleanup
[2022-06-13T01:38:45.387+0000][1][safepoint    ] Leaving safepoint region
[2022-06-13T01:38:45.388+0000][1][safepoint    ] Total time for which application threads were stopped: 0.0019123 seconds, Stopping threads took: 0.0009759 seconds
[2022-06-13T01:38:46.389+0000][1][safepoint    ] Application time: 1.0003056 seconds
[2022-06-13T01:38:46.390+0000][1][safepoint    ] Entering safepoint region: Cleanup
[2022-06-13T01:38:46.390+0000][1][safepoint    ] Leaving safepoint region
[2022-06-13T01:38:46.391+0000][1][safepoint    ] Total time for which application threads were stopped: 0.0013066 seconds, Stopping threads took: 0.0006024 seconds
[2022-06-13T01:38:47.392+0000][1][safepoint    ] Application time: 1.0002052 seconds
[2022-06-13T01:38:47.393+0000][1][safepoint    ] Entering safepoint region: Cleanup
[2022-06-13T01:38:47.393+0000][1][safepoint    ] Leaving safepoint region
[2022-06-13T01:38:47.394+0000][1][safepoint    ] Total time for which application threads were stopped: 0.0012976 seconds, Stopping threads took: 0.0005585 seconds
[2022-06-13T01:38:48.395+0000][1][safepoint    ] Application time: 1.0002359 seconds
[2022-06-13T01:38:48.395+0000][1][safepoint    ] Entering safepoint region: Cleanup
[2022-06-13T01:38:48.396+0000][1][safepoint    ] Leaving safepoint region
[2022-06-13T01:38:48.396+0000][1][safepoint    ] Total time for which application threads were stopped: 0.0008712 seconds, Stopping threads took: 0.0004040 seconds
[2022-06-13T01:38:49.397+0000][1][safepoint    ] Application time: 1.0002639 seconds
[2022-06-13T01:38:49.397+0000][1][safepoint    ] Entering safepoint region: Cleanup
[2022-06-13T01:38:49.398+0000][1][safepoint    ] Leaving safepoint region
[2022-06-13T01:38:49.398+0000][1][safepoint    ] Total time for which application threads were stopped: 0.0007227 seconds, Stopping threads took: 0.0003390 seconds
[2022-06-13T01:38:50.399+0000][1][safepoint    ] Application time: 1.0002212 seconds
[2022-06-13T01:38:50.399+0000][1][safepoint    ] Entering safepoint region: Cleanup
[2022-06-13T01:38:50.400+0000][1][safepoint    ] Leaving safepoint region
[2022-06-13T01:38:50.400+0000][1][safepoint    ] Total time for which application threads were stopped: 0.0010072 seconds, Stopping threads took: 0.0004386 seconds
[2022-06-13T01:38:51.401+0000][1][safepoint    ] Application time: 1.0003102 seconds
[2022-06-13T01:38:51.402+0000][1][safepoint    ] Entering safepoint region: Cleanup
[2022-06-13T01:38:51.402+0000][1][safepoint    ] Leaving safepoint region
[2022-06-13T01:38:51.402+0000][1][safepoint    ] Total time for which application threads were stopped: 0.0007243 seconds, Stopping threads took: 0.0002901 seconds
[2022-06-13T01:38:52.403+0000][1][safepoint    ] Application time: 1.0003708 seconds
[2022-06-13T01:38:52.404+0000][1][safepoint    ] Entering safepoint region: Cleanup
[2022-06-13T01:38:52.405+0000][1][safepoint    ] Leaving safepoint region
[2022-06-13T01:38:52.406+0000][1][safepoint    ] Total time for which application threads were stopped: 0.0016636 seconds, Stopping threads took: 0.0007599 seconds
[2022-06-13T01:38:53.407+0000][1][safepoint    ] Application time: 1.0004770 seconds
[2022-06-13T01:38:53.408+0000][1][safepoint    ] Entering safepoint region: Cleanup
[2022-06-13T01:38:53.409+0000][1][safepoint    ] Leaving safepoint region
[2022-06-13T01:38:53.410+0000][1][safepoint    ] Total time for which application threads were stopped: 0.0018667 seconds, Stopping threads took: 0.0009030 seconds
[2022-06-13T01:38:54.410+0000][1][safepoint    ] Application time: 1.0002504 seconds
[2022-06-13T01:38:54.411+0000][1][safepoint    ] Entering safepoint region: Cleanup
[2022-06-13T01:38:54.412+0000][1][safepoint    ] Leaving safepoint region
[2022-06-13T01:38:54.412+0000][1][safepoint    ] Total time for which application threads were stopped: 0.0010794 seconds, Stopping threads took: 0.0005530 seconds
[2022-06-13T01:38:55.413+0000][1][safepoint    ] Application time: 1.0003400 seconds
[2022-06-13T01:38:55.413+0000][1][safepoint    ] Entering safepoint region: Cleanup
[2022-06-13T01:38:55.414+0000][1][safepoint    ] Leaving safepoint region
[2022-06-13T01:38:55.414+0000][1][safepoint    ] Total time for which application threads were stopped: 0.0009829 seconds, Stopping threads took: 0.0004089 seconds
[2022-06-13T01:38:56.415+0000][1][safepoint    ] Application time: 1.0002860 seconds
[2022-06-13T01:38:56.415+0000][1][safepoint    ] Entering safepoint region: Cleanup
[2022-06-13T01:38:56.416+0000][1][safepoint    ] Leaving safepoint region
[2022-06-13T01:38:56.416+0000][1][safepoint    ] Total time for which application threads were stopped: 0.0005040 seconds, Stopping threads took: 0.0002356 seconds
[2022-06-13T01:38:57.416+0000][1][safepoint    ] Application time: 1.0003043 seconds
[2022-06-13T01:38:57.417+0000][1][safepoint    ] Entering safepoint region: Cleanup
[2022-06-13T01:38:57.418+0000][1][safepoint    ] Leaving safepoint region
[2022-06-13T01:38:57.419+0000][1][safepoint    ] Total time for which application threads were stopped: 0.0017321 seconds, Stopping threads took: 0.0008192 seconds
[2022-06-13T01:38:58.419+0000][1][safepoint    ] Application time: 1.0002302 seconds
[2022-06-13T01:38:58.420+0000][1][safepoint    ] Entering safepoint region: Cleanup
[2022-06-13T01:38:58.420+0000][1][safepoint    ] Leaving safepoint region
[2022-06-13T01:38:58.421+0000][1][safepoint    ] Total time for which application threads were stopped: 0.0007503 seconds, Stopping threads took: 0.0004020 seconds
[2022-06-13T01:38:59.421+0000][1][safepoint    ] Application time: 1.0002401 seconds
[2022-06-13T01:38:59.422+0000][1][safepoint    ] Entering safepoint region: Cleanup
[2022-06-13T01:38:59.423+0000][1][safepoint    ] Leaving safepoint region
[2022-06-13T01:38:59.423+0000][1][safepoint    ] Total time for which application threads were stopped: 0.0011391 seconds, Stopping threads took: 0.0005764 seconds
[2022-06-13T01:39:00.424+0000][1][safepoint    ] Application time: 1.0003606 seconds
[2022-06-13T01:39:00.425+0000][1][safepoint    ] Entering safepoint region: Cleanup
[2022-06-13T01:39:00.426+0000][1][safepoint    ] Leaving safepoint region
[2022-06-13T01:39:00.427+0000][1][safepoint    ] Total time for which application threads were stopped: 0.0016636 seconds, Stopping threads took: 0.0007999 seconds
[2022-06-13T01:39:01.428+0000][1][safepoint    ] Application time: 1.0002366 seconds
[2022-06-13T01:39:01.428+0000][1][safepoint    ] Entering safepoint region: Cleanup
[2022-06-13T01:39:01.429+0000][1][safepoint    ] Leaving safepoint region
[2022-06-13T01:39:01.429+0000][1][safepoint    ] Total time for which application threads were stopped: 0.0005872 seconds, Stopping threads took: 0.0002765 seconds
[2022-06-13T01:39:02.429+0000][1][safepoint    ] Application time: 1.0002950 seconds
[2022-06-13T01:39:02.430+0000][1][safepoint    ] Entering safepoint region: Cleanup
[2022-06-13T01:39:02.431+0000][1][safepoint    ] Leaving safepoint region
[2022-06-13T01:39:02.431+0000][1][safepoint    ] Total time for which application threads were stopped: 0.0012067 seconds, Stopping threads took: 0.0007255 seconds
[2022-06-13T01:39:03.432+0000][1][safepoint    ] Application time: 1.0002235 seconds
[2022-06-13T01:39:03.433+0000][1][safepoint    ] Entering safepoint region: Cleanup
[2022-06-13T01:39:03.433+0000][1][safepoint    ] Leaving safepoint region
[2022-06-13T01:39:03.433+0000][1][safepoint    ] Total time for which application threads were stopped: 0.0008094 seconds, Stopping threads took: 0.0004616 seconds
[2022-06-13T01:39:04.434+0000][1][safepoint    ] Application time: 1.0001770 seconds
[2022-06-13T01:39:04.435+0000][1][safepoint    ] Entering safepoint region: Cleanup
[2022-06-13T01:39:04.435+0000][1][safepoint    ] Leaving safepoint region
[2022-06-13T01:39:04.436+0000][1][safepoint    ] Total time for which application threads were stopped: 0.0013481 seconds, Stopping threads took: 0.0007011 seconds
[2022-06-13T01:39:05.436+0000][1][safepoint    ] Application time: 1.0001736 seconds
[2022-06-13T01:39:05.437+0000][1][safepoint    ] Entering safepoint region: Cleanup
[2022-06-13T01:39:05.437+0000][1][safepoint    ] Leaving safepoint region
[2022-06-13T01:39:05.438+0000][1][safepoint    ] Total time for which application threads were stopped: 0.0009201 seconds, Stopping threads took: 0.0003113 seconds
[2022-06-13T01:39:06.438+0000][1][safepoint    ] Application time: 1.0001676 seconds
[2022-06-13T01:39:06.439+0000][1][safepoint    ] Entering safepoint region: Cleanup
[2022-06-13T01:39:06.439+0000][1][safepoint    ] Leaving safepoint region
[2022-06-13T01:39:06.439+0000][1][safepoint    ] Total time for which application threads were stopped: 0.0004020 seconds, Stopping threads took: 0.0002074 seconds
[2022-06-13T01:39:07.440+0000][1][safepoint    ] Application time: 1.0001938 seconds
[2022-06-13T01:39:07.440+0000][1][safepoint    ] Entering safepoint region: Cleanup
[2022-06-13T01:39:07.441+0000][1][safepoint    ] Leaving safepoint region
[2022-06-13T01:39:07.441+0000][1][safepoint    ] Total time for which application threads were stopped: 0.0008939 seconds, Stopping threads took: 0.0004147 seconds
[2022-06-13T01:39:08.442+0000][1][safepoint    ] Application time: 1.0002925 seconds
[2022-06-13T01:39:08.442+0000][1][safepoint    ] Entering safepoint region: Cleanup
[2022-06-13T01:39:08.443+0000][1][safepoint    ] Leaving safepoint region
[2022-06-13T01:39:08.443+0000][1][safepoint    ] Total time for which application threads were stopped: 0.0010159 seconds, Stopping threads took: 0.0004928 seconds
[2022-06-13T01:39:09.444+0000][1][safepoint    ] Application time: 1.0003524 seconds
[2022-06-13T01:39:09.445+0000][1][safepoint    ] Entering safepoint region: Cleanup
[2022-06-13T01:39:09.445+0000][1][safepoint    ] Leaving safepoint region
[2022-06-13T01:39:09.446+0000][1][safepoint    ] Total time for which application threads were stopped: 0.0009448 seconds, Stopping threads took: 0.0003076 seconds
[2022-06-13T01:39:10.446+0000][1][safepoint    ] Application time: 1.0003178 seconds
[2022-06-13T01:39:10.447+0000][1][safepoint    ] Entering safepoint region: Cleanup
[2022-06-13T01:39:10.448+0000][1][safepoint    ] Leaving safepoint region
[2022-06-13T01:39:10.449+0000][1][safepoint    ] Total time for which application threads were stopped: 0.0018620 seconds, Stopping threads took: 0.0008089 seconds
[2022-06-13T01:39:11.450+0000][1][safepoint    ] Application time: 1.0003686 seconds
[2022-06-13T01:39:11.451+0000][1][safepoint    ] Entering safepoint region: Cleanup
[2022-06-13T01:39:11.452+0000][1][safepoint    ] Leaving safepoint region
[2022-06-13T01:39:11.452+0000][1][safepoint    ] Total time for which application threads were stopped: 0.0011685 seconds, Stopping threads took: 0.0004274 seconds
[2022-06-13T01:39:12.453+0000][1][safepoint    ] Application time: 1.0001463 seconds
[2022-06-13T01:39:12.454+0000][1][safepoint    ] Entering safepoint region: Cleanup
[2022-06-13T01:39:12.455+0000][1][safepoint    ] Leaving safepoint region
[2022-06-13T01:39:12.455+0000][1][safepoint    ] Total time for which application threads were stopped: 0.0011447 seconds, Stopping threads took: 0.0005032 seconds
[2022-06-13T01:39:13.456+0000][1][safepoint    ] Application time: 1.0001509 seconds
[2022-06-13T01:39:13.456+0000][1][safepoint    ] Entering safepoint region: Cleanup
[2022-06-13T01:39:13.456+0000][1][safepoint    ] Leaving safepoint region
[2022-06-13T01:39:13.456+0000][1][safepoint    ] Total time for which application threads were stopped: 0.0004027 seconds, Stopping threads took: 0.0001743 seconds
[2022-06-13T01:39:14.457+0000][1][safepoint    ] Application time: 1.0001165 seconds
[2022-06-13T01:39:14.458+0000][1][safepoint    ] Entering safepoint region: Cleanup
[2022-06-13T01:39:14.459+0000][1][safepoint    ] Leaving safepoint region
[2022-06-13T01:39:14.459+0000][1][safepoint    ] Total time for which application threads were stopped: 0.0012410 seconds, Stopping threads took: 0.0007687 seconds
[2022-06-13T01:39:15.459+0000][1][safepoint    ] Application time: 1.0001447 seconds
[2022-06-13T01:39:15.460+0000][1][safepoint    ] Entering safepoint region: Cleanup
[2022-06-13T01:39:15.461+0000][1][safepoint    ] Leaving safepoint region
[2022-06-13T01:39:15.461+0000][1][safepoint    ] Total time for which application threads were stopped: 0.0012451 seconds, Stopping threads took: 0.0006204 seconds
[2022-06-13T01:39:16.462+0000][1][safepoint    ] Application time: 1.0002185 seconds
[2022-06-13T01:39:16.463+0000][1][safepoint    ] Entering safepoint region: Cleanup
[2022-06-13T01:39:16.463+0000][1][safepoint    ] Leaving safepoint region
[2022-06-13T01:39:16.464+0000][1][safepoint    ] Total time for which application threads were stopped: 0.0011541 seconds, Stopping threads took: 0.0004637 seconds
[2022-06-13T01:39:17.464+0000][1][safepoint    ] Application time: 1.0002106 seconds
[2022-06-13T01:39:17.465+0000][1][safepoint    ] Entering safepoint region: Cleanup
[2022-06-13T01:39:17.466+0000][1][safepoint    ] Leaving safepoint region
[2022-06-13T01:39:17.466+0000][1][safepoint    ] Total time for which application threads were stopped: 0.0012101 seconds, Stopping threads took: 0.0005488 seconds
[2022-06-13T01:39:18.467+0000][1][safepoint    ] Application time: 1.0002528 seconds
[2022-06-13T01:39:18.468+0000][1][safepoint    ] Entering safepoint region: Cleanup
[2022-06-13T01:39:18.469+0000][1][safepoint    ] Leaving safepoint region
[2022-06-13T01:39:18.470+0000][1][safepoint    ] Total time for which application threads were stopped: 0.0019354 seconds, Stopping threads took: 0.0010312 seconds
[2022-06-13T01:39:19.471+0000][1][safepoint    ] Application time: 1.0003103 seconds
[2022-06-13T01:39:19.472+0000][1][safepoint    ] Entering safepoint region: Cleanup
[2022-06-13T01:39:19.473+0000][1][safepoint    ] Leaving safepoint region
[2022-06-13T01:39:19.474+0000][1][safepoint    ] Total time for which application threads were stopped: 0.0017083 seconds, Stopping threads took: 0.0008708 seconds
[2022-06-13T01:39:20.475+0000][1][safepoint    ] Application time: 1.0003276 seconds
[2022-06-13T01:39:20.475+0000][1][safepoint    ] Entering safepoint region: Cleanup
[2022-06-13T01:39:20.475+0000][1][safepoint    ] Leaving safepoint region
[2022-06-13T01:39:20.476+0000][1][safepoint    ] Total time for which application threads were stopped: 0.0006987 seconds, Stopping threads took: 0.0003217 seconds
[2022-06-13T01:39:21.476+0000][1][safepoint    ] Application time: 1.0002962 seconds
[2022-06-13T01:39:21.477+0000][1][safepoint    ] Entering safepoint region: Cleanup
[2022-06-13T01:39:21.477+0000][1][safepoint    ] Leaving safepoint region
[2022-06-13T01:39:21.478+0000][1][safepoint    ] Total time for which application threads were stopped: 0.0007316 seconds, Stopping threads took: 0.0003342 seconds
[2022-06-13T01:39:22.478+0000][1][safepoint    ] Application time: 1.0003098 seconds
[2022-06-13T01:39:22.479+0000][1][safepoint    ] Entering safepoint region: Cleanup
[2022-06-13T01:39:22.479+0000][1][safepoint    ] Leaving safepoint region
[2022-06-13T01:39:22.480+0000][1][safepoint    ] Total time for which application threads were stopped: 0.0010688 seconds, Stopping threads took: 0.0004575 seconds
[2022-06-13T01:39:23.481+0000][1][safepoint    ] Application time: 1.0001862 seconds
[2022-06-13T01:39:23.481+0000][1][safepoint    ] Entering safepoint region: Cleanup
[2022-06-13T01:39:23.482+0000][1][safepoint    ] Leaving safepoint region
[2022-06-13T01:39:23.482+0000][1][safepoint    ] Total time for which application threads were stopped: 0.0007406 seconds, Stopping threads took: 0.0003509 seconds
[2022-06-13T01:39:24.483+0000][1][safepoint    ] Application time: 1.0001441 seconds
[2022-06-13T01:39:24.483+0000][1][safepoint    ] Entering safepoint region: Cleanup
[2022-06-13T01:39:24.483+0000][1][safepoint    ] Leaving safepoint region
[2022-06-13T01:39:24.483+0000][1][safepoint    ] Total time for which application threads were stopped: 0.0005033 seconds, Stopping threads took: 0.0002376 seconds
[2022-06-13T01:39:25.484+0000][1][safepoint    ] Application time: 1.0001796 seconds
[2022-06-13T01:39:25.484+0000][1][safepoint    ] Entering safepoint region: Cleanup
[2022-06-13T01:39:25.485+0000][1][safepoint    ] Leaving safepoint region
[2022-06-13T01:39:25.485+0000][1][safepoint    ] Total time for which application threads were stopped: 0.0008011 seconds, Stopping threads took: 0.0003209 seconds
[2022-06-13T01:39:26.486+0000][1][safepoint    ] Application time: 1.0001427 seconds
[2022-06-13T01:39:26.486+0000][1][safepoint    ] Entering safepoint region: Cleanup
[2022-06-13T01:39:26.487+0000][1][safepoint    ] Leaving safepoint region
[2022-06-13T01:39:26.487+0000][1][safepoint    ] Total time for which application threads were stopped: 0.0011667 seconds, Stopping threads took: 0.0005560 seconds
[2022-06-13T01:39:27.488+0000][1][safepoint    ] Application time: 1.0002946 seconds
[2022-06-13T01:39:27.488+0000][1][safepoint    ] Entering safepoint region: Cleanup
[2022-06-13T01:39:27.489+0000][1][safepoint    ] Leaving safepoint region
[2022-06-13T01:39:27.489+0000][1][safepoint    ] Total time for which application threads were stopped: 0.0005447 seconds, Stopping threads took: 0.0002260 seconds
[2022-06-13T01:39:28.489+0000][1][safepoint    ] Application time: 1.0002535 seconds
[2022-06-13T01:39:28.490+0000][1][safepoint    ] Entering safepoint region: Cleanup
[2022-06-13T01:39:28.491+0000][1][safepoint    ] Leaving safepoint region
[2022-06-13T01:39:28.491+0000][1][safepoint    ] Total time for which application threads were stopped: 0.0008961 seconds, Stopping threads took: 0.0004562 seconds
[2022-06-13T01:39:29.492+0000][1][safepoint    ] Application time: 1.0002554 seconds
[2022-06-13T01:39:29.492+0000][1][safepoint    ] Entering safepoint region: Cleanup
[2022-06-13T01:39:29.493+0000][1][safepoint    ] Leaving safepoint region
[2022-06-13T01:39:29.494+0000][1][safepoint    ] Total time for which application threads were stopped: 0.0016015 seconds, Stopping threads took: 0.0005381 seconds
[2022-06-13T01:39:30.495+0000][1][safepoint    ] Application time: 1.0002174 seconds
[2022-06-13T01:39:30.495+0000][1][safepoint    ] Entering safepoint region: Cleanup
[2022-06-13T01:39:30.496+0000][1][safepoint    ] Leaving safepoint region
[2022-06-13T01:39:30.496+0000][1][safepoint    ] Total time for which application threads were stopped: 0.0008945 seconds, Stopping threads took: 0.0003940 seconds
[2022-06-13T01:39:31.497+0000][1][safepoint    ] Application time: 1.0001658 seconds
[2022-06-13T01:39:31.498+0000][1][safepoint    ] Entering safepoint region: Cleanup
[2022-06-13T01:39:31.498+0000][1][safepoint    ] Leaving safepoint region
[2022-06-13T01:39:31.498+0000][1][safepoint    ] Total time for which application threads were stopped: 0.0006904 seconds, Stopping threads took: 0.0002675 seconds
[2022-06-13T01:39:32.499+0000][1][safepoint    ] Application time: 1.0002201 seconds
[2022-06-13T01:39:32.499+0000][1][safepoint    ] Entering safepoint region: Cleanup
[2022-06-13T01:39:32.500+0000][1][safepoint    ] Leaving safepoint region
[2022-06-13T01:39:32.500+0000][1][safepoint    ] Total time for which application threads were stopped: 0.0007058 seconds, Stopping threads took: 0.0003117 seconds
[2022-06-13T01:39:33.500+0000][1][safepoint    ] Application time: 1.0002629 seconds
[2022-06-13T01:39:33.501+0000][1][safepoint    ] Entering safepoint region: Cleanup
[2022-06-13T01:39:33.501+0000][1][safepoint    ] Leaving safepoint region
[2022-06-13T01:39:33.502+0000][1][safepoint    ] Total time for which application threads were stopped: 0.0007601 seconds, Stopping threads took: 0.0003359 seconds
[2022-06-13T01:39:34.502+0000][1][safepoint    ] Application time: 1.0002720 seconds
[2022-06-13T01:39:34.503+0000][1][safepoint    ] Entering safepoint region: Cleanup
[2022-06-13T01:39:34.504+0000][1][safepoint    ] Leaving safepoint region
[2022-06-13T01:39:34.504+0000][1][safepoint    ] Total time for which application threads were stopped: 0.0008018 seconds, Stopping threads took: 0.0003892 seconds
[2022-06-13T01:39:35.505+0000][1][safepoint    ] Application time: 1.0003636 seconds
[2022-06-13T01:39:35.506+0000][1][safepoint    ] Entering safepoint region: Cleanup
[2022-06-13T01:39:35.506+0000][1][safepoint    ] Leaving safepoint region
[2022-06-13T01:39:35.507+0000][1][safepoint    ] Total time for which application threads were stopped: 0.0011251 seconds, Stopping threads took: 0.0005714 seconds
[2022-06-13T01:39:36.507+0000][1][safepoint    ] Application time: 1.0002560 seconds
[2022-06-13T01:39:36.508+0000][1][safepoint    ] Entering safepoint region: Cleanup
[2022-06-13T01:39:36.509+0000][1][safepoint    ] Leaving safepoint region
[2022-06-13T01:39:36.510+0000][1][safepoint    ] Total time for which application threads were stopped: 0.0018796 seconds, Stopping threads took: 0.0007401 seconds
[2022-06-13T01:39:37.511+0000][1][safepoint    ] Application time: 1.0003204 seconds
[2022-06-13T01:39:37.512+0000][1][safepoint    ] Entering safepoint region: Cleanup
[2022-06-13T01:39:37.512+0000][1][safepoint    ] Leaving safepoint region
[2022-06-13T01:39:37.513+0000][1][safepoint    ] Total time for which application threads were stopped: 0.0008394 seconds, Stopping threads took: 0.0003986 seconds
[2022-06-13T01:39:38.513+0000][1][safepoint    ] Application time: 1.0002397 seconds
[2022-06-13T01:39:38.514+0000][1][safepoint    ] Entering safepoint region: Cleanup
[2022-06-13T01:39:38.514+0000][1][safepoint    ] Leaving safepoint region
[2022-06-13T01:39:38.515+0000][1][safepoint    ] Total time for which application threads were stopped: 0.0006955 seconds, Stopping threads took: 0.0003100 seconds
[2022-06-13T01:39:39.515+0000][1][safepoint    ] Application time: 1.0001884 seconds
[2022-06-13T01:39:39.516+0000][1][safepoint    ] Entering safepoint region: Cleanup
[2022-06-13T01:39:39.516+0000][1][safepoint    ] Leaving safepoint region
[2022-06-13T01:39:39.517+0000][1][safepoint    ] Total time for which application threads were stopped: 0.0008818 seconds, Stopping threads took: 0.0003937 seconds
[2022-06-13T01:39:40.517+0000][1][safepoint    ] Application time: 1.0002741 seconds
[2022-06-13T01:39:40.518+0000][1][safepoint    ] Entering safepoint region: Cleanup
[2022-06-13T01:39:40.519+0000][1][safepoint    ] Leaving safepoint region
[2022-06-13T01:39:40.520+0000][1][safepoint    ] Total time for which application threads were stopped: 0.0014151 seconds, Stopping threads took: 0.0006484 seconds
[2022-06-13T01:39:41.199+0000][1][safepoint    ] Application time: 0.6791795 seconds
[2022-06-13T01:39:41.200+0000][1][safepoint    ] Entering safepoint region: GenCollectForAllocation
[2022-06-13T01:39:41.200+0000][1][gc,start     ] GC(24) Pause Young (Allocation Failure)
[2022-06-13T01:39:41.201+0000][1][gc,task      ] GC(24) Using 5 workers of 13 for evacuation
[2022-06-13T01:39:41.203+0000][1][gc,age       ] GC(24) Desired survivor size 4456448 bytes, new threshold 6 (max threshold 6)
[2022-06-13T01:39:41.203+0000][1][gc,age       ] GC(24) Age table with threshold 6 (max threshold 6)
[2022-06-13T01:39:41.204+0000][1][gc,age       ] GC(24) - age   1:      33712 bytes,      33712 total
[2022-06-13T01:39:41.205+0000][1][gc,age       ] GC(24) - age   2:      48392 bytes,      82104 total
[2022-06-13T01:39:41.205+0000][1][gc,age       ] GC(24) - age   3:     669424 bytes,     751528 total
[2022-06-13T01:39:41.206+0000][1][gc,heap      ] GC(24) ParNew: 74551K->1545K(78656K)
[2022-06-13T01:39:41.206+0000][1][gc,heap      ] GC(24) CMS: 68020K->68020K(174784K)
[2022-06-13T01:39:41.206+0000][1][gc,metaspace ] GC(24) Metaspace: 64263K->64263K(1107968K)
[2022-06-13T01:39:41.206+0000][1][gc           ] GC(24) Pause Young (Allocation Failure) 139M->67M(247M) 6.000ms
[2022-06-13T01:39:41.207+0000][1][gc,cpu       ] GC(24) User=0.00s Sys=0.00s Real=0.00s
[2022-06-13T01:39:41.207+0000][1][safepoint    ] Leaving safepoint region
[2022-06-13T01:39:41.207+0000][1][safepoint    ] Total time for which application threads were stopped: 0.0075982 seconds, Stopping threads took: 0.0003413 seconds
[2022-06-13T01:39:42.208+0000][1][safepoint    ] Application time: 1.0001708 seconds
[2022-06-13T01:39:42.236+0000][1][safepoint    ] Entering safepoint region: Cleanup
[2022-06-13T01:39:42.236+0000][1][safepoint    ] Leaving safepoint region
[2022-06-13T01:39:42.237+0000][1][safepoint    ] Total time for which application threads were stopped: 0.0014643 seconds, Stopping threads took: 0.0007116 seconds
[2022-06-13T01:39:43.238+0000][1][safepoint    ] Application time: 1.0002772 seconds
[2022-06-13T01:39:43.239+0000][1][safepoint    ] Entering safepoint region: Cleanup
[2022-06-13T01:39:43.240+0000][1][safepoint    ] Leaving safepoint region
[2022-06-13T01:39:43.240+0000][1][safepoint    ] Total time for which application threads were stopped: 0.0017197 seconds, Stopping threads took: 0.0007079 seconds
[2022-06-13T01:39:44.242+0000][1][safepoint    ] Application time: 1.0001820 seconds
[2022-06-13T01:39:44.242+0000][1][safepoint    ] Entering safepoint region: Cleanup
[2022-06-13T01:39:44.243+0000][1][safepoint    ] Leaving safepoint region
[2022-06-13T01:39:44.243+0000][1][safepoint    ] Total time for which application threads were stopped: 0.0008322 seconds, Stopping threads took: 0.0003828 seconds
[2022-06-13T01:39:45.243+0000][1][safepoint    ] Application time: 1.0001131 seconds
[2022-06-13T01:39:45.244+0000][1][safepoint    ] Entering safepoint region: Cleanup
[2022-06-13T01:39:45.245+0000][1][safepoint    ] Leaving safepoint region
[2022-06-13T01:39:45.245+0000][1][safepoint    ] Total time for which application threads were stopped: 0.0011980 seconds, Stopping threads took: 0.0005895 seconds
[2022-06-13T01:39:46.246+0000][1][safepoint    ] Application time: 1.0002599 seconds
[2022-06-13T01:39:46.247+0000][1][safepoint    ] Entering safepoint region: Cleanup
[2022-06-13T01:39:46.248+0000][1][safepoint    ] Leaving safepoint region
[2022-06-13T01:39:46.249+0000][1][safepoint    ] Total time for which application threads were stopped: 0.0016559 seconds, Stopping threads took: 0.0007699 seconds
[2022-06-13T01:39:47.249+0000][1][safepoint    ] Application time: 1.0002677 seconds
[2022-06-13T01:39:47.250+0000][1][safepoint    ] Entering safepoint region: Cleanup
[2022-06-13T01:39:47.251+0000][1][safepoint    ] Leaving safepoint region
[2022-06-13T01:39:47.251+0000][1][safepoint    ] Total time for which application threads were stopped: 0.0009767 seconds, Stopping threads took: 0.0004093 seconds
[2022-06-13T01:39:48.252+0000][1][safepoint    ] Application time: 1.0002309 seconds
[2022-06-13T01:39:48.252+0000][1][safepoint    ] Entering safepoint region: Cleanup
[2022-06-13T01:39:48.253+0000][1][safepoint    ] Leaving safepoint region
[2022-06-13T01:39:48.253+0000][1][safepoint    ] Total time for which application threads were stopped: 0.0008202 seconds, Stopping threads took: 0.0003402 seconds
[2022-06-13T01:39:49.254+0000][1][safepoint    ] Application time: 1.0001539 seconds
[2022-06-13T01:39:49.254+0000][1][safepoint    ] Entering safepoint region: Cleanup
[2022-06-13T01:39:49.255+0000][1][safepoint    ] Leaving safepoint region
[2022-06-13T01:39:49.255+0000][1][safepoint    ] Total time for which application threads were stopped: 0.0007070 seconds, Stopping threads took: 0.0003276 seconds
[2022-06-13T01:39:50.255+0000][1][safepoint    ] Application time: 1.0002310 seconds
[2022-06-13T01:39:50.256+0000][1][safepoint    ] Entering safepoint region: Cleanup
[2022-06-13T01:39:50.257+0000][1][safepoint    ] Leaving safepoint region
[2022-06-13T01:39:50.258+0000][1][safepoint    ] Total time for which application threads were stopped: 0.0016291 seconds, Stopping threads took: 0.0006964 seconds
[2022-06-13T01:39:51.259+0000][1][safepoint    ] Application time: 1.0002547 seconds
[2022-06-13T01:39:51.260+0000][1][safepoint    ] Entering safepoint region: Cleanup
[2022-06-13T01:39:51.260+0000][1][safepoint    ] Leaving safepoint region
[2022-06-13T01:39:51.261+0000][1][safepoint    ] Total time for which application threads were stopped: 0.0016327 seconds, Stopping threads took: 0.0007832 seconds
[2022-06-13T01:39:52.262+0000][1][safepoint    ] Application time: 1.0002646 seconds
[2022-06-13T01:39:52.263+0000][1][safepoint    ] Entering safepoint region: Cleanup
[2022-06-13T01:39:52.264+0000][1][safepoint    ] Leaving safepoint region
[2022-06-13T01:39:52.265+0000][1][safepoint    ] Total time for which application threads were stopped: 0.0016224 seconds, Stopping threads took: 0.0007193 seconds
[2022-06-13T01:39:53.266+0000][1][safepoint    ] Application time: 1.0002630 seconds
[2022-06-13T01:39:53.266+0000][1][safepoint    ] Entering safepoint region: Cleanup
[2022-06-13T01:39:53.267+0000][1][safepoint    ] Leaving safepoint region
[2022-06-13T01:39:53.268+0000][1][safepoint    ] Total time for which application threads were stopped: 0.0015192 seconds, Stopping threads took: 0.0006571 seconds
[2022-06-13T01:39:54.269+0000][1][safepoint    ] Application time: 1.0002290 seconds
[2022-06-13T01:39:54.270+0000][1][safepoint    ] Entering safepoint region: Cleanup
[2022-06-13T01:39:54.270+0000][1][safepoint    ] Leaving safepoint region
[2022-06-13T01:39:54.271+0000][1][safepoint    ] Total time for which application threads were stopped: 0.0010928 seconds, Stopping threads took: 0.0005241 seconds
[2022-06-13T01:39:55.271+0000][1][safepoint    ] Application time: 1.0002102 seconds
[2022-06-13T01:39:55.272+0000][1][safepoint    ] Entering safepoint region: Cleanup
[2022-06-13T01:39:55.273+0000][1][safepoint    ] Leaving safepoint region
[2022-06-13T01:39:55.274+0000][1][safepoint    ] Total time for which application threads were stopped: 0.0018199 seconds, Stopping threads took: 0.0008743 seconds
[2022-06-13T01:39:56.275+0000][1][safepoint    ] Application time: 1.0003303 seconds
[2022-06-13T01:39:56.276+0000][1][safepoint    ] Entering safepoint region: Cleanup
[2022-06-13T01:39:56.277+0000][1][safepoint    ] Leaving safepoint region
[2022-06-13T01:39:56.278+0000][1][safepoint    ] Total time for which application threads were stopped: 0.0017321 seconds, Stopping threads took: 0.0008244 seconds
[2022-06-13T01:39:57.279+0000][1][safepoint    ] Application time: 1.0002197 seconds
[2022-06-13T01:39:57.279+0000][1][safepoint    ] Entering safepoint region: Cleanup
[2022-06-13T01:39:57.280+0000][1][safepoint    ] Leaving safepoint region
[2022-06-13T01:39:57.281+0000][1][safepoint    ] Total time for which application threads were stopped: 0.0012306 seconds, Stopping threads took: 0.0005404 seconds
[2022-06-13T01:39:58.281+0000][1][safepoint    ] Application time: 1.0002193 seconds
[2022-06-13T01:39:58.282+0000][1][safepoint    ] Entering safepoint region: Cleanup
[2022-06-13T01:39:58.283+0000][1][safepoint    ] Leaving safepoint region
[2022-06-13T01:39:58.284+0000][1][safepoint    ] Total time for which application threads were stopped: 0.0016066 seconds, Stopping threads took: 0.0005987 seconds
[2022-06-13T01:39:59.285+0000][1][safepoint    ] Application time: 1.0002636 seconds
[2022-06-13T01:39:59.285+0000][1][safepoint    ] Entering safepoint region: Cleanup
[2022-06-13T01:39:59.286+0000][1][safepoint    ] Leaving safepoint region
[2022-06-13T01:39:59.286+0000][1][safepoint    ] Total time for which application threads were stopped: 0.0010346 seconds, Stopping threads took: 0.0004974 seconds
[2022-06-13T01:40:00.287+0000][1][safepoint    ] Application time: 1.0003101 seconds
[2022-06-13T01:40:00.288+0000][1][safepoint    ] Entering safepoint region: Cleanup
[2022-06-13T01:40:00.289+0000][1][safepoint    ] Leaving safepoint region
[2022-06-13T01:40:00.289+0000][1][safepoint    ] Total time for which application threads were stopped: 0.0015502 seconds, Stopping threads took: 0.0007943 seconds
[2022-06-13T01:40:01.290+0000][1][safepoint    ] Application time: 1.0003361 seconds
[2022-06-13T01:40:01.311+0000][1][safepoint    ] Entering safepoint region: Cleanup
[2022-06-13T01:40:01.311+0000][1][safepoint    ] Leaving safepoint region
[2022-06-13T01:40:01.312+0000][1][safepoint    ] Total time for which application threads were stopped: 0.0011372 seconds, Stopping threads took: 0.0004427 seconds
[2022-06-13T01:40:02.312+0000][1][safepoint    ] Application time: 1.0002249 seconds
[2022-06-13T01:40:02.313+0000][1][safepoint    ] Entering safepoint region: Cleanup
[2022-06-13T01:40:02.314+0000][1][safepoint    ] Leaving safepoint region
[2022-06-13T01:40:02.314+0000][1][safepoint    ] Total time for which application threads were stopped: 0.0011932 seconds, Stopping threads took: 0.0006388 seconds
[2022-06-13T01:40:03.315+0000][1][safepoint    ] Application time: 1.0002444 seconds
[2022-06-13T01:40:03.316+0000][1][safepoint    ] Entering safepoint region: Cleanup
[2022-06-13T01:40:03.316+0000][1][safepoint    ] Leaving safepoint region
[2022-06-13T01:40:03.317+0000][1][safepoint    ] Total time for which application threads were stopped: 0.0008339 seconds, Stopping threads took: 0.0004517 seconds
[2022-06-13T01:40:04.317+0000][1][safepoint    ] Application time: 1.0002131 seconds
[2022-06-13T01:40:04.318+0000][1][safepoint    ] Entering safepoint region: Cleanup
[2022-06-13T01:40:04.318+0000][1][safepoint    ] Leaving safepoint region
[2022-06-13T01:40:04.319+0000][1][safepoint    ] Total time for which application threads were stopped: 0.0007267 seconds, Stopping threads took: 0.0003011 seconds
[2022-06-13T01:40:05.319+0000][1][safepoint    ] Application time: 1.0001991 seconds
[2022-06-13T01:40:05.320+0000][1][safepoint    ] Entering safepoint region: Cleanup
[2022-06-13T01:40:05.321+0000][1][safepoint    ] Leaving safepoint region
[2022-06-13T01:40:05.322+0000][1][safepoint    ] Total time for which application threads were stopped: 0.0019570 seconds, Stopping threads took: 0.0009767 seconds
[2022-06-13T01:40:06.323+0000][1][safepoint    ] Application time: 1.0003066 seconds
[2022-06-13T01:40:06.324+0000][1][safepoint    ] Entering safepoint region: Cleanup
[2022-06-13T01:40:06.325+0000][1][safepoint    ] Leaving safepoint region
[2022-06-13T01:40:06.325+0000][1][safepoint    ] Total time for which application threads were stopped: 0.0016392 seconds, Stopping threads took: 0.0008264 seconds
[2022-06-13T01:40:07.326+0000][1][safepoint    ] Application time: 1.0001610 seconds
[2022-06-13T01:40:07.327+0000][1][safepoint    ] Entering safepoint region: Cleanup
[2022-06-13T01:40:07.327+0000][1][safepoint    ] Leaving safepoint region
[2022-06-13T01:40:07.328+0000][1][safepoint    ] Total time for which application threads were stopped: 0.0007880 seconds, Stopping threads took: 0.0004780 seconds
[2022-06-13T01:40:08.328+0000][1][safepoint    ] Application time: 1.0001784 seconds
[2022-06-13T01:40:08.329+0000][1][safepoint    ] Entering safepoint region: Cleanup
[2022-06-13T01:40:08.329+0000][1][safepoint    ] Leaving safepoint region
[2022-06-13T01:40:08.329+0000][1][safepoint    ] Total time for which application threads were stopped: 0.0008265 seconds, Stopping threads took: 0.0004783 seconds
[2022-06-13T01:40:09.331+0000][1][safepoint    ] Application time: 1.0007767 seconds
[2022-06-13T01:40:09.332+0000][1][safepoint    ] Entering safepoint region: Cleanup
[2022-06-13T01:40:09.332+0000][1][safepoint    ] Leaving safepoint region
[2022-06-13T01:40:09.333+0000][1][safepoint    ] Total time for which application threads were stopped: 0.0012996 seconds, Stopping threads took: 0.0004413 seconds
[2022-06-13T01:40:10.334+0000][1][safepoint    ] Application time: 1.0001997 seconds
[2022-06-13T01:40:10.334+0000][1][safepoint    ] Entering safepoint region: Cleanup
[2022-06-13T01:40:10.335+0000][1][safepoint    ] Leaving safepoint region
[2022-06-13T01:40:10.335+0000][1][safepoint    ] Total time for which application threads were stopped: 0.0007415 seconds, Stopping threads took: 0.0003904 seconds
[2022-06-13T01:40:11.336+0000][1][safepoint    ] Application time: 1.0002093 seconds
[2022-06-13T01:40:11.336+0000][1][safepoint    ] Entering safepoint region: Cleanup
[2022-06-13T01:40:11.337+0000][1][safepoint    ] Leaving safepoint region
[2022-06-13T01:40:11.338+0000][1][safepoint    ] Total time for which application threads were stopped: 0.0012168 seconds, Stopping threads took: 0.0005629 seconds
[2022-06-13T01:40:12.338+0000][1][safepoint    ] Application time: 1.0001875 seconds
[2022-06-13T01:40:12.339+0000][1][safepoint    ] Entering safepoint region: Cleanup
[2022-06-13T01:40:12.340+0000][1][safepoint    ] Leaving safepoint region
[2022-06-13T01:40:12.341+0000][1][safepoint    ] Total time for which application threads were stopped: 0.0015382 seconds, Stopping threads took: 0.0007578 seconds
[2022-06-13T01:40:13.342+0000][1][safepoint    ] Application time: 1.0002836 seconds
[2022-06-13T01:40:13.343+0000][1][safepoint    ] Entering safepoint region: Cleanup
[2022-06-13T01:40:13.344+0000][1][safepoint    ] Leaving safepoint region
[2022-06-13T01:40:13.344+0000][1][safepoint    ] Total time for which application threads were stopped: 0.0016337 seconds, Stopping threads took: 0.0008162 seconds
[2022-06-13T01:40:14.345+0000][1][safepoint    ] Application time: 1.0002258 seconds
[2022-06-13T01:40:14.346+0000][1][safepoint    ] Entering safepoint region: Cleanup
[2022-06-13T01:40:14.346+0000][1][safepoint    ] Leaving safepoint region
[2022-06-13T01:40:14.346+0000][1][safepoint    ] Total time for which application threads were stopped: 0.0007563 seconds, Stopping threads took: 0.0003765 seconds
[2022-06-13T01:40:15.347+0000][1][safepoint    ] Application time: 1.0002195 seconds
[2022-06-13T01:40:15.348+0000][1][safepoint    ] Entering safepoint region: Cleanup
[2022-06-13T01:40:15.348+0000][1][safepoint    ] Leaving safepoint region
[2022-06-13T01:40:15.348+0000][1][safepoint    ] Total time for which application threads were stopped: 0.0006780 seconds, Stopping threads took: 0.0003678 seconds
[2022-06-13T01:40:16.349+0000][1][safepoint    ] Application time: 1.0002607 seconds
[2022-06-13T01:40:16.350+0000][1][safepoint    ] Entering safepoint region: Cleanup
[2022-06-13T01:40:16.350+0000][1][safepoint    ] Leaving safepoint region
[2022-06-13T01:40:16.351+0000][1][safepoint    ] Total time for which application threads were stopped: 0.0014579 seconds, Stopping threads took: 0.0005718 seconds
[2022-06-13T01:40:17.352+0000][1][safepoint    ] Application time: 1.0003448 seconds
[2022-06-13T01:40:17.353+0000][1][safepoint    ] Entering safepoint region: Cleanup
[2022-06-13T01:40:17.354+0000][1][safepoint    ] Leaving safepoint region
[2022-06-13T01:40:17.354+0000][1][safepoint    ] Total time for which application threads were stopped: 0.0015986 seconds, Stopping threads took: 0.0007579 seconds
[2022-06-13T01:40:18.355+0000][1][safepoint    ] Application time: 1.0002672 seconds
[2022-06-13T01:40:18.357+0000][1][safepoint    ] Entering safepoint region: Cleanup
[2022-06-13T01:40:18.357+0000][1][safepoint    ] Leaving safepoint region
[2022-06-13T01:40:18.358+0000][1][safepoint    ] Total time for which application threads were stopped: 0.0014772 seconds, Stopping threads took: 0.0006821 seconds
[2022-06-13T01:40:19.359+0000][1][safepoint    ] Application time: 1.0002748 seconds
[2022-06-13T01:40:19.360+0000][1][safepoint    ] Entering safepoint region: Cleanup
[2022-06-13T01:40:19.360+0000][1][safepoint    ] Leaving safepoint region
[2022-06-13T01:40:19.361+0000][1][safepoint    ] Total time for which application threads were stopped: 0.0009635 seconds, Stopping threads took: 0.0004245 seconds
[2022-06-13T01:40:20.362+0000][1][safepoint    ] Application time: 1.0002005 seconds
[2022-06-13T01:40:20.397+0000][1][safepoint    ] Entering safepoint region: Cleanup
[2022-06-13T01:40:20.397+0000][1][safepoint    ] Leaving safepoint region
[2022-06-13T01:40:20.398+0000][1][safepoint    ] Total time for which application threads were stopped: 0.0014339 seconds, Stopping threads took: 0.0006862 seconds
[2022-06-13T01:40:21.399+0000][1][safepoint    ] Application time: 1.0002887 seconds
[2022-06-13T01:40:21.400+0000][1][safepoint    ] Entering safepoint region: Cleanup
[2022-06-13T01:40:21.400+0000][1][safepoint    ] Leaving safepoint region
[2022-06-13T01:40:21.401+0000][1][safepoint    ] Total time for which application threads were stopped: 0.0010669 seconds, Stopping threads took: 0.0004359 seconds
[2022-06-13T01:40:22.401+0000][1][safepoint    ] Application time: 1.0001992 seconds
[2022-06-13T01:40:22.402+0000][1][safepoint    ] Entering safepoint region: Cleanup
[2022-06-13T01:40:22.403+0000][1][safepoint    ] Leaving safepoint region
[2022-06-13T01:40:22.403+0000][1][safepoint    ] Total time for which application threads were stopped: 0.0009468 seconds, Stopping threads took: 0.0004369 seconds
[2022-06-13T01:40:23.404+0000][1][safepoint    ] Application time: 1.0002399 seconds
[2022-06-13T01:40:23.405+0000][1][safepoint    ] Entering safepoint region: Cleanup
[2022-06-13T01:40:23.406+0000][1][safepoint    ] Leaving safepoint region
[2022-06-13T01:40:23.406+0000][1][safepoint    ] Total time for which application threads were stopped: 0.0016105 seconds, Stopping threads took: 0.0008175 seconds
[2022-06-13T01:40:24.407+0000][1][safepoint    ] Application time: 1.0002121 seconds
[2022-06-13T01:40:24.408+0000][1][safepoint    ] Entering safepoint region: Cleanup
[2022-06-13T01:40:24.408+0000][1][safepoint    ] Leaving safepoint region
[2022-06-13T01:40:24.409+0000][1][safepoint    ] Total time for which application threads were stopped: 0.0008060 seconds, Stopping threads took: 0.0003292 seconds
[2022-06-13T01:40:25.410+0000][1][safepoint    ] Application time: 1.0004399 seconds
[2022-06-13T01:40:25.410+0000][1][safepoint    ] Entering safepoint region: Cleanup
[2022-06-13T01:40:25.411+0000][1][safepoint    ] Leaving safepoint region
[2022-06-13T01:40:25.411+0000][1][safepoint    ] Total time for which application threads were stopped: 0.0009438 seconds, Stopping threads took: 0.0003072 seconds
[2022-06-13T01:40:26.412+0000][1][safepoint    ] Application time: 1.0004432 seconds
[2022-06-13T01:40:26.412+0000][1][safepoint    ] Entering safepoint region: Cleanup
[2022-06-13T01:40:26.413+0000][1][safepoint    ] Leaving safepoint region
[2022-06-13T01:40:26.413+0000][1][safepoint    ] Total time for which application threads were stopped: 0.0006994 seconds, Stopping threads took: 0.0003236 seconds
[2022-06-13T01:40:27.413+0000][1][safepoint    ] Application time: 1.0002111 seconds
[2022-06-13T01:40:27.414+0000][1][safepoint    ] Entering safepoint region: Cleanup
[2022-06-13T01:40:27.415+0000][1][safepoint    ] Leaving safepoint region
[2022-06-13T01:40:27.415+0000][1][safepoint    ] Total time for which application threads were stopped: 0.0009530 seconds, Stopping threads took: 0.0004242 seconds
[2022-06-13T01:40:28.416+0000][1][safepoint    ] Application time: 1.0002581 seconds
[2022-06-13T01:40:28.417+0000][1][safepoint    ] Entering safepoint region: Cleanup
[2022-06-13T01:40:28.417+0000][1][safepoint    ] Leaving safepoint region
[2022-06-13T01:40:28.418+0000][1][safepoint    ] Total time for which application threads were stopped: 0.0017036 seconds, Stopping threads took: 0.0006941 seconds
[2022-06-13T01:40:29.419+0000][1][safepoint    ] Application time: 1.0002051 seconds
[2022-06-13T01:40:29.420+0000][1][safepoint    ] Entering safepoint region: Cleanup
[2022-06-13T01:40:29.421+0000][1][safepoint    ] Leaving safepoint region
[2022-06-13T01:40:29.421+0000][1][safepoint    ] Total time for which application threads were stopped: 0.0009421 seconds, Stopping threads took: 0.0003892 seconds
[2022-06-13T01:40:30.421+0000][1][safepoint    ] Application time: 1.0001103 seconds
[2022-06-13T01:40:30.422+0000][1][safepoint    ] Entering safepoint region: Cleanup
[2022-06-13T01:40:30.423+0000][1][safepoint    ] Leaving safepoint region
[2022-06-13T01:40:30.423+0000][1][safepoint    ] Total time for which application threads were stopped: 0.0009690 seconds, Stopping threads took: 0.0005301 seconds
[2022-06-13T01:40:31.424+0000][1][safepoint    ] Application time: 1.0002407 seconds
[2022-06-13T01:40:31.424+0000][1][safepoint    ] Entering safepoint region: Cleanup
[2022-06-13T01:40:31.425+0000][1][safepoint    ] Leaving safepoint region
[2022-06-13T01:40:31.425+0000][1][safepoint    ] Total time for which application threads were stopped: 0.0009719 seconds, Stopping threads took: 0.0003310 seconds
[2022-06-13T01:40:32.426+0000][1][safepoint    ] Application time: 1.0002305 seconds
[2022-06-13T01:40:32.427+0000][1][safepoint    ] Entering safepoint region: Cleanup
[2022-06-13T01:40:32.427+0000][1][safepoint    ] Leaving safepoint region
[2022-06-13T01:40:32.428+0000][1][safepoint    ] Total time for which application threads were stopped: 0.0012053 seconds, Stopping threads took: 0.0005857 seconds
[2022-06-13T01:40:33.429+0000][1][safepoint    ] Application time: 1.0001560 seconds
[2022-06-13T01:40:33.430+0000][1][safepoint    ] Entering safepoint region: Cleanup
[2022-06-13T01:40:33.431+0000][1][safepoint    ] Leaving safepoint region
[2022-06-13T01:40:33.431+0000][1][safepoint    ] Total time for which application threads were stopped: 0.0013717 seconds, Stopping threads took: 0.0007870 seconds
[2022-06-13T01:40:34.432+0000][1][safepoint    ] Application time: 1.0002554 seconds
[2022-06-13T01:40:34.432+0000][1][safepoint    ] Entering safepoint region: Cleanup
[2022-06-13T01:40:34.433+0000][1][safepoint    ] Leaving safepoint region
[2022-06-13T01:40:34.433+0000][1][safepoint    ] Total time for which application threads were stopped: 0.0009163 seconds, Stopping threads took: 0.0004611 seconds
[2022-06-13T01:40:35.434+0000][1][safepoint    ] Application time: 1.0002298 seconds
[2022-06-13T01:40:35.434+0000][1][safepoint    ] Entering safepoint region: Cleanup
[2022-06-13T01:40:35.435+0000][1][safepoint    ] Leaving safepoint region
[2022-06-13T01:40:35.435+0000][1][safepoint    ] Total time for which application threads were stopped: 0.0010692 seconds, Stopping threads took: 0.0005031 seconds
[2022-06-13T01:40:36.436+0000][1][safepoint    ] Application time: 1.0003279 seconds
[2022-06-13T01:40:36.437+0000][1][safepoint    ] Entering safepoint region: Cleanup
[2022-06-13T01:40:36.437+0000][1][safepoint    ] Leaving safepoint region
[2022-06-13T01:40:36.437+0000][1][safepoint    ] Total time for which application threads were stopped: 0.0007911 seconds, Stopping threads took: 0.0004034 seconds
[2022-06-13T01:40:37.438+0000][1][safepoint    ] Application time: 1.0001894 seconds
[2022-06-13T01:40:37.438+0000][1][safepoint    ] Entering safepoint region: Cleanup
[2022-06-13T01:40:37.439+0000][1][safepoint    ] Leaving safepoint region
[2022-06-13T01:40:37.439+0000][1][safepoint    ] Total time for which application threads were stopped: 0.0009583 seconds, Stopping threads took: 0.0004595 seconds
[2022-06-13T01:40:38.440+0000][1][safepoint    ] Application time: 1.0001908 seconds
[2022-06-13T01:40:38.441+0000][1][safepoint    ] Entering safepoint region: Cleanup
[2022-06-13T01:40:38.441+0000][1][safepoint    ] Leaving safepoint region
[2022-06-13T01:40:38.441+0000][1][safepoint    ] Total time for which application threads were stopped: 0.0007888 seconds, Stopping threads took: 0.0003514 seconds
[2022-06-13T01:40:39.442+0000][1][safepoint    ] Application time: 1.0002458 seconds
[2022-06-13T01:40:39.443+0000][1][safepoint    ] Entering safepoint region: Cleanup
[2022-06-13T01:40:39.444+0000][1][safepoint    ] Leaving safepoint region
[2022-06-13T01:40:39.478+0000][1][safepoint    ] Total time for which application threads were stopped: 0.0358909 seconds, Stopping threads took: 0.0008044 seconds
[2022-06-13T01:40:40.479+0000][1][safepoint    ] Application time: 1.0002113 seconds
[2022-06-13T01:40:40.480+0000][1][safepoint    ] Entering safepoint region: Cleanup
[2022-06-13T01:40:40.480+0000][1][safepoint    ] Leaving safepoint region
[2022-06-13T01:40:40.481+0000][1][safepoint    ] Total time for which application threads were stopped: 0.0014919 seconds, Stopping threads took: 0.0005420 seconds
[2022-06-13T01:40:41.482+0000][1][safepoint    ] Application time: 1.0003763 seconds
[2022-06-13T01:40:41.483+0000][1][safepoint    ] Entering safepoint region: Cleanup
[2022-06-13T01:40:41.484+0000][1][safepoint    ] Leaving safepoint region
[2022-06-13T01:40:41.485+0000][1][safepoint    ] Total time for which application threads were stopped: 0.0016737 seconds, Stopping threads took: 0.0007999 seconds
[2022-06-13T01:40:42.486+0000][1][safepoint    ] Application time: 1.0002838 seconds
[2022-06-13T01:40:42.486+0000][1][safepoint    ] Entering safepoint region: Cleanup
[2022-06-13T01:40:42.487+0000][1][safepoint    ] Leaving safepoint region
[2022-06-13T01:40:42.487+0000][1][safepoint    ] Total time for which application threads were stopped: 0.0006349 seconds, Stopping threads took: 0.0003367 seconds
[2022-06-13T01:40:43.487+0000][1][safepoint    ] Application time: 1.0002166 seconds
[2022-06-13T01:40:43.488+0000][1][safepoint    ] Entering safepoint region: Cleanup
[2022-06-13T01:40:43.488+0000][1][safepoint    ] Leaving safepoint region
[2022-06-13T01:40:43.489+0000][1][safepoint    ] Total time for which application threads were stopped: 0.0005231 seconds, Stopping threads took: 0.0002603 seconds
[2022-06-13T01:40:44.489+0000][1][safepoint    ] Application time: 1.0001043 seconds
[2022-06-13T01:40:44.489+0000][1][safepoint    ] Entering safepoint region: Cleanup
[2022-06-13T01:40:44.490+0000][1][safepoint    ] Leaving safepoint region
[2022-06-13T01:40:44.490+0000][1][safepoint    ] Total time for which application threads were stopped: 0.0010043 seconds, Stopping threads took: 0.0004919 seconds
[2022-06-13T01:40:45.491+0000][1][safepoint    ] Application time: 1.0002033 seconds
[2022-06-13T01:40:45.492+0000][1][safepoint    ] Entering safepoint region: Cleanup
[2022-06-13T01:40:45.493+0000][1][safepoint    ] Leaving safepoint region
[2022-06-13T01:40:45.494+0000][1][safepoint    ] Total time for which application threads were stopped: 0.0016828 seconds, Stopping threads took: 0.0007296 seconds
[2022-06-13T01:40:46.495+0000][1][safepoint    ] Application time: 1.0001985 seconds
[2022-06-13T01:40:46.495+0000][1][safepoint    ] Entering safepoint region: Cleanup
[2022-06-13T01:40:46.496+0000][1][safepoint    ] Leaving safepoint region
[2022-06-13T01:40:46.496+0000][1][safepoint    ] Total time for which application threads were stopped: 0.0007142 seconds, Stopping threads took: 0.0003316 seconds
[2022-06-13T01:40:47.496+0000][1][safepoint    ] Application time: 1.0002601 seconds
[2022-06-13T01:40:47.497+0000][1][safepoint    ] Entering safepoint region: Cleanup
[2022-06-13T01:40:47.497+0000][1][safepoint    ] Leaving safepoint region
[2022-06-13T01:40:47.498+0000][1][safepoint    ] Total time for which application threads were stopped: 0.0008027 seconds, Stopping threads took: 0.0003661 seconds
[2022-06-13T01:40:48.498+0000][1][safepoint    ] Application time: 1.0002259 seconds
[2022-06-13T01:40:48.499+0000][1][safepoint    ] Entering safepoint region: Cleanup
[2022-06-13T01:40:48.500+0000][1][safepoint    ] Leaving safepoint region
[2022-06-13T01:40:48.501+0000][1][safepoint    ] Total time for which application threads were stopped: 0.0016606 seconds, Stopping threads took: 0.0007499 seconds
[2022-06-13T01:40:49.502+0000][1][safepoint    ] Application time: 1.0003671 seconds
[2022-06-13T01:40:49.503+0000][1][safepoint    ] Entering safepoint region: Cleanup
[2022-06-13T01:40:49.504+0000][1][safepoint    ] Leaving safepoint region
[2022-06-13T01:40:49.505+0000][1][safepoint    ] Total time for which application threads were stopped: 0.0016025 seconds, Stopping threads took: 0.0007299 seconds
[2022-06-13T01:40:50.506+0000][1][safepoint    ] Application time: 1.0004699 seconds
[2022-06-13T01:40:50.507+0000][1][safepoint    ] Entering safepoint region: Cleanup
[2022-06-13T01:40:50.507+0000][1][safepoint    ] Leaving safepoint region
[2022-06-13T01:40:50.508+0000][1][safepoint    ] Total time for which application threads were stopped: 0.0011529 seconds, Stopping threads took: 0.0004549 seconds
[2022-06-13T01:40:51.509+0000][1][safepoint    ] Application time: 1.0002379 seconds
[2022-06-13T01:40:51.509+0000][1][safepoint    ] Entering safepoint region: Cleanup
[2022-06-13T01:40:51.509+0000][1][safepoint    ] Leaving safepoint region
[2022-06-13T01:40:51.510+0000][1][safepoint    ] Total time for which application threads were stopped: 0.0006052 seconds, Stopping threads took: 0.0003666 seconds
[2022-06-13T01:40:52.510+0000][1][safepoint    ] Application time: 1.0002106 seconds
[2022-06-13T01:40:52.511+0000][1][safepoint    ] Entering safepoint region: Cleanup
[2022-06-13T01:40:52.511+0000][1][safepoint    ] Leaving safepoint region
[2022-06-13T01:40:52.512+0000][1][safepoint    ] Total time for which application threads were stopped: 0.0010224 seconds, Stopping threads took: 0.0004621 seconds
[2022-06-13T01:40:53.512+0000][1][safepoint    ] Application time: 1.0001115 seconds
[2022-06-13T01:40:53.513+0000][1][safepoint    ] Entering safepoint region: Cleanup
[2022-06-13T01:40:53.513+0000][1][safepoint    ] Leaving safepoint region
[2022-06-13T01:40:53.514+0000][1][safepoint    ] Total time for which application threads were stopped: 0.0010582 seconds, Stopping threads took: 0.0004751 seconds
[2022-06-13T01:40:54.514+0000][1][safepoint    ] Application time: 1.0002257 seconds
[2022-06-13T01:40:54.515+0000][1][safepoint    ] Entering safepoint region: Cleanup
[2022-06-13T01:40:54.516+0000][1][safepoint    ] Leaving safepoint region
[2022-06-13T01:40:54.517+0000][1][safepoint    ] Total time for which application threads were stopped: 0.0019588 seconds, Stopping threads took: 0.0007557 seconds
[2022-06-13T01:40:55.519+0000][1][safepoint    ] Application time: 1.0003627 seconds
[2022-06-13T01:40:55.519+0000][1][safepoint    ] Entering safepoint region: Cleanup
[2022-06-13T01:40:55.520+0000][1][safepoint    ] Leaving safepoint region
[2022-06-13T01:40:55.521+0000][1][safepoint    ] Total time for which application threads were stopped: 0.0015573 seconds, Stopping threads took: 0.0006254 seconds
[2022-06-13T01:40:56.522+0000][1][safepoint    ] Application time: 1.0004259 seconds
[2022-06-13T01:40:56.523+0000][1][safepoint    ] Entering safepoint region: Cleanup
[2022-06-13T01:40:56.523+0000][1][safepoint    ] Leaving safepoint region
[2022-06-13T01:40:56.524+0000][1][safepoint    ] Total time for which application threads were stopped: 0.0007038 seconds, Stopping threads took: 0.0003368 seconds
[2022-06-13T01:40:57.524+0000][1][safepoint    ] Application time: 1.0002642 seconds
[2022-06-13T01:40:57.525+0000][1][safepoint    ] Entering safepoint region: Cleanup
[2022-06-13T01:40:57.525+0000][1][safepoint    ] Leaving safepoint region
[2022-06-13T01:40:57.526+0000][1][safepoint    ] Total time for which application threads were stopped: 0.0009331 seconds, Stopping threads took: 0.0003542 seconds
[2022-06-13T01:40:58.526+0000][1][safepoint    ] Application time: 1.0002278 seconds
[2022-06-13T01:40:58.527+0000][1][safepoint    ] Entering safepoint region: Cleanup
[2022-06-13T01:40:58.528+0000][1][safepoint    ] Leaving safepoint region
[2022-06-13T01:40:58.529+0000][1][safepoint    ] Total time for which application threads were stopped: 0.0017928 seconds, Stopping threads took: 0.0008067 seconds
[2022-06-13T01:40:59.530+0000][1][safepoint    ] Application time: 1.0002547 seconds
[2022-06-13T01:40:59.530+0000][1][safepoint    ] Entering safepoint region: Cleanup
[2022-06-13T01:40:59.531+0000][1][safepoint    ] Leaving safepoint region
[2022-06-13T01:40:59.531+0000][1][safepoint    ] Total time for which application threads were stopped: 0.0009489 seconds, Stopping threads took: 0.0003497 seconds
[2022-06-13T01:41:00.532+0000][1][safepoint    ] Application time: 1.0002524 seconds
[2022-06-13T01:41:00.532+0000][1][safepoint    ] Entering safepoint region: Cleanup
[2022-06-13T01:41:00.533+0000][1][safepoint    ] Leaving safepoint region
[2022-06-13T01:41:00.533+0000][1][safepoint    ] Total time for which application threads were stopped: 0.0010446 seconds, Stopping threads took: 0.0004514 seconds
[2022-06-13T01:41:01.534+0000][1][safepoint    ] Application time: 1.0002099 seconds
[2022-06-13T01:41:01.535+0000][1][safepoint    ] Entering safepoint region: Cleanup
[2022-06-13T01:41:01.536+0000][1][safepoint    ] Leaving safepoint region
[2022-06-13T01:41:01.536+0000][1][safepoint    ] Total time for which application threads were stopped: 0.0016906 seconds, Stopping threads took: 0.0009378 seconds
[2022-06-13T01:41:02.538+0000][1][safepoint    ] Application time: 1.0001423 seconds
[2022-06-13T01:41:02.538+0000][1][safepoint    ] Entering safepoint region: Cleanup
[2022-06-13T01:41:02.538+0000][1][safepoint    ] Leaving safepoint region
[2022-06-13T01:41:02.539+0000][1][safepoint    ] Total time for which application threads were stopped: 0.0007674 seconds, Stopping threads took: 0.0003585 seconds
[2022-06-13T01:41:03.539+0000][1][safepoint    ] Application time: 1.0002273 seconds
[2022-06-13T01:41:03.540+0000][1][safepoint    ] Entering safepoint region: Cleanup
[2022-06-13T01:41:03.541+0000][1][safepoint    ] Leaving safepoint region
[2022-06-13T01:41:03.542+0000][1][safepoint    ] Total time for which application threads were stopped: 0.0019204 seconds, Stopping threads took: 0.0008390 seconds
[2022-06-13T01:41:04.543+0000][1][safepoint    ] Application time: 1.0002434 seconds
[2022-06-13T01:41:04.544+0000][1][safepoint    ] Entering safepoint region: Cleanup
[2022-06-13T01:41:04.545+0000][1][safepoint    ] Leaving safepoint region
[2022-06-13T01:41:04.545+0000][1][safepoint    ] Total time for which application threads were stopped: 0.0013115 seconds, Stopping threads took: 0.0005576 seconds
[2022-06-13T01:41:05.546+0000][1][safepoint    ] Application time: 1.0002302 seconds
[2022-06-13T01:41:05.547+0000][1][safepoint    ] Entering safepoint region: Cleanup
[2022-06-13T01:41:05.547+0000][1][safepoint    ] Leaving safepoint region
[2022-06-13T01:41:05.548+0000][1][safepoint    ] Total time for which application threads were stopped: 0.0008039 seconds, Stopping threads took: 0.0003718 seconds
[2022-06-13T01:41:06.548+0000][1][safepoint    ] Application time: 1.0002782 seconds
[2022-06-13T01:41:06.549+0000][1][safepoint    ] Entering safepoint region: Cleanup
[2022-06-13T01:41:06.550+0000][1][safepoint    ] Leaving safepoint region
[2022-06-13T01:41:06.550+0000][1][safepoint    ] Total time for which application threads were stopped: 0.0011492 seconds, Stopping threads took: 0.0005680 seconds
[2022-06-13T01:41:07.551+0000][1][safepoint    ] Application time: 1.0002497 seconds
[2022-06-13T01:41:07.552+0000][1][safepoint    ] Entering safepoint region: Cleanup
[2022-06-13T01:41:07.553+0000][1][safepoint    ] Leaving safepoint region
[2022-06-13T01:41:07.554+0000][1][safepoint    ] Total time for which application threads were stopped: 0.0018944 seconds, Stopping threads took: 0.0008253 seconds
[2022-06-13T01:41:08.555+0000][1][safepoint    ] Application time: 1.0003602 seconds
[2022-06-13T01:41:08.556+0000][1][safepoint    ] Entering safepoint region: Cleanup
[2022-06-13T01:41:08.556+0000][1][safepoint    ] Leaving safepoint region
[2022-06-13T01:41:08.557+0000][1][safepoint    ] Total time for which application threads were stopped: 0.0007707 seconds, Stopping threads took: 0.0003548 seconds
[2022-06-13T01:41:09.557+0000][1][safepoint    ] Application time: 1.0002571 seconds
[2022-06-13T01:41:09.558+0000][1][safepoint    ] Entering safepoint region: Cleanup
[2022-06-13T01:41:09.558+0000][1][safepoint    ] Leaving safepoint region
[2022-06-13T01:41:09.558+0000][1][safepoint    ] Total time for which application threads were stopped: 0.0006964 seconds, Stopping threads took: 0.0003585 seconds
[2022-06-13T01:41:10.559+0000][1][safepoint    ] Application time: 1.0001781 seconds
[2022-06-13T01:41:10.559+0000][1][safepoint    ] Entering safepoint region: Cleanup
[2022-06-13T01:41:10.560+0000][1][safepoint    ] Leaving safepoint region
[2022-06-13T01:41:10.560+0000][1][safepoint    ] Total time for which application threads were stopped: 0.0004461 seconds, Stopping threads took: 0.0001959 seconds
[2022-06-13T01:41:11.560+0000][1][safepoint    ] Application time: 1.0001962 seconds
[2022-06-13T01:41:11.561+0000][1][safepoint    ] Entering safepoint region: Cleanup
[2022-06-13T01:41:11.561+0000][1][safepoint    ] Leaving safepoint region
[2022-06-13T01:41:11.561+0000][1][safepoint    ] Total time for which application threads were stopped: 0.0006964 seconds, Stopping threads took: 0.0003069 seconds
[2022-06-13T01:41:12.562+0000][1][safepoint    ] Application time: 1.0002972 seconds
[2022-06-13T01:41:12.563+0000][1][safepoint    ] Entering safepoint region: Cleanup
[2022-06-13T01:41:12.563+0000][1][safepoint    ] Leaving safepoint region
[2022-06-13T01:41:12.563+0000][1][safepoint    ] Total time for which application threads were stopped: 0.0009551 seconds, Stopping threads took: 0.0004564 seconds
[2022-06-13T01:41:13.564+0000][1][safepoint    ] Application time: 1.0002393 seconds
[2022-06-13T01:41:13.565+0000][1][safepoint    ] Entering safepoint region: Cleanup
[2022-06-13T01:41:13.566+0000][1][safepoint    ] Leaving safepoint region
[2022-06-13T01:41:13.567+0000][1][safepoint    ] Total time for which application threads were stopped: 0.0017568 seconds, Stopping threads took: 0.0008278 seconds
[2022-06-13T01:41:14.568+0000][1][safepoint    ] Application time: 1.0004412 seconds
[2022-06-13T01:41:14.569+0000][1][safepoint    ] Entering safepoint region: Cleanup
[2022-06-13T01:41:14.570+0000][1][safepoint    ] Leaving safepoint region
[2022-06-13T01:41:14.571+0000][1][safepoint    ] Total time for which application threads were stopped: 0.0016494 seconds, Stopping threads took: 0.0006957 seconds
[2022-06-13T01:41:15.572+0000][1][safepoint    ] Application time: 1.0003357 seconds
[2022-06-13T01:41:15.573+0000][1][safepoint    ] Entering safepoint region: Cleanup
[2022-06-13T01:41:15.574+0000][1][safepoint    ] Leaving safepoint region
[2022-06-13T01:41:15.574+0000][1][safepoint    ] Total time for which application threads were stopped: 0.0015593 seconds, Stopping threads took: 0.0007234 seconds
[2022-06-13T01:41:16.575+0000][1][safepoint    ] Application time: 1.0002506 seconds
[2022-06-13T01:41:16.576+0000][1][safepoint    ] Entering safepoint region: Cleanup
[2022-06-13T01:41:16.577+0000][1][safepoint    ] Leaving safepoint region
[2022-06-13T01:41:16.578+0000][1][safepoint    ] Total time for which application threads were stopped: 0.0018273 seconds, Stopping threads took: 0.0008028 seconds
[2022-06-13T01:41:17.579+0000][1][safepoint    ] Application time: 1.0003604 seconds
[2022-06-13T01:41:17.580+0000][1][safepoint    ] Entering safepoint region: Cleanup
[2022-06-13T01:41:17.581+0000][1][safepoint    ] Leaving safepoint region
[2022-06-13T01:41:17.582+0000][1][safepoint    ] Total time for which application threads were stopped: 0.0015375 seconds, Stopping threads took: 0.0010221 seconds
[2022-06-13T01:41:18.582+0000][1][safepoint    ] Application time: 1.0001753 seconds
[2022-06-13T01:41:18.583+0000][1][safepoint    ] Entering safepoint region: Cleanup
[2022-06-13T01:41:18.584+0000][1][safepoint    ] Leaving safepoint region
[2022-06-13T01:41:18.585+0000][1][safepoint    ] Total time for which application threads were stopped: 0.0018400 seconds, Stopping threads took: 0.0008169 seconds
[2022-06-13T01:41:19.586+0000][1][safepoint    ] Application time: 1.0001643 seconds
[2022-06-13T01:41:19.587+0000][1][safepoint    ] Entering safepoint region: Cleanup
[2022-06-13T01:41:19.587+0000][1][safepoint    ] Leaving safepoint region
[2022-06-13T01:41:19.588+0000][1][safepoint    ] Total time for which application threads were stopped: 0.0009539 seconds, Stopping threads took: 0.0005244 seconds
[2022-06-13T01:41:20.588+0000][1][safepoint    ] Application time: 1.0002616 seconds
[2022-06-13T01:41:20.589+0000][1][safepoint    ] Entering safepoint region: Cleanup
[2022-06-13T01:41:20.589+0000][1][safepoint    ] Leaving safepoint region
[2022-06-13T01:41:20.590+0000][1][safepoint    ] Total time for which application threads were stopped: 0.0012746 seconds, Stopping threads took: 0.0007715 seconds
[2022-06-13T01:41:21.591+0000][1][safepoint    ] Application time: 1.0002119 seconds
[2022-06-13T01:41:21.591+0000][1][safepoint    ] Entering safepoint region: Cleanup
[2022-06-13T01:41:21.591+0000][1][safepoint    ] Leaving safepoint region
[2022-06-13T01:41:21.592+0000][1][safepoint    ] Total time for which application threads were stopped: 0.0008639 seconds, Stopping threads took: 0.0003699 seconds
[2022-06-13T01:41:22.592+0000][1][safepoint    ] Application time: 1.0002205 seconds
[2022-06-13T01:41:22.593+0000][1][safepoint    ] Entering safepoint region: Cleanup
[2022-06-13T01:41:22.594+0000][1][safepoint    ] Leaving safepoint region
[2022-06-13T01:41:22.595+0000][1][safepoint    ] Total time for which application threads were stopped: 0.0015732 seconds, Stopping threads took: 0.0006921 seconds
[2022-06-13T01:41:23.596+0000][1][safepoint    ] Application time: 1.0002344 seconds
[2022-06-13T01:41:23.596+0000][1][safepoint    ] Entering safepoint region: Cleanup
[2022-06-13T01:41:23.597+0000][1][safepoint    ] Leaving safepoint region
[2022-06-13T01:41:23.597+0000][1][safepoint    ] Total time for which application threads were stopped: 0.0007742 seconds, Stopping threads took: 0.0003556 seconds
[2022-06-13T01:41:24.598+0000][1][safepoint    ] Application time: 1.0002101 seconds
[2022-06-13T01:41:24.598+0000][1][safepoint    ] Entering safepoint region: Cleanup
[2022-06-13T01:41:24.599+0000][1][safepoint    ] Leaving safepoint region
[2022-06-13T01:41:24.600+0000][1][safepoint    ] Total time for which application threads were stopped: 0.0012422 seconds, Stopping threads took: 0.0005584 seconds
[2022-06-13T01:41:25.600+0000][1][safepoint    ] Application time: 1.0002366 seconds
[2022-06-13T01:41:25.601+0000][1][safepoint    ] Entering safepoint region: Cleanup
[2022-06-13T01:41:25.601+0000][1][safepoint    ] Leaving safepoint region
[2022-06-13T01:41:25.602+0000][1][safepoint    ] Total time for which application threads were stopped: 0.0009930 seconds, Stopping threads took: 0.0005834 seconds
[2022-06-13T01:41:26.602+0000][1][safepoint    ] Application time: 1.0002204 seconds
[2022-06-13T01:41:26.603+0000][1][safepoint    ] Entering safepoint region: Cleanup
[2022-06-13T01:41:26.604+0000][1][safepoint    ] Leaving safepoint region
[2022-06-13T01:41:26.605+0000][1][safepoint    ] Total time for which application threads were stopped: 0.0017894 seconds, Stopping threads took: 0.0007870 seconds
[2022-06-13T01:41:27.606+0000][1][safepoint    ] Application time: 1.0002253 seconds
[2022-06-13T01:41:27.606+0000][1][safepoint    ] Entering safepoint region: Cleanup
[2022-06-13T01:41:27.607+0000][1][safepoint    ] Leaving safepoint region
[2022-06-13T01:41:27.607+0000][1][safepoint    ] Total time for which application threads were stopped: 0.0011196 seconds, Stopping threads took: 0.0004865 seconds
[2022-06-13T01:41:28.608+0000][1][safepoint    ] Application time: 1.0004520 seconds
[2022-06-13T01:41:28.609+0000][1][safepoint    ] Entering safepoint region: Cleanup
[2022-06-13T01:41:28.609+0000][1][safepoint    ] Leaving safepoint region
[2022-06-13T01:41:28.610+0000][1][safepoint    ] Total time for which application threads were stopped: 0.0005805 seconds, Stopping threads took: 0.0002162 seconds
[2022-06-13T01:41:29.610+0000][1][safepoint    ] Application time: 1.0001878 seconds
[2022-06-13T01:41:29.611+0000][1][safepoint    ] Entering safepoint region: Cleanup
[2022-06-13T01:41:29.611+0000][1][safepoint    ] Leaving safepoint region
[2022-06-13T01:41:29.612+0000][1][safepoint    ] Total time for which application threads were stopped: 0.0011437 seconds, Stopping threads took: 0.0005229 seconds
[2022-06-13T01:41:30.613+0000][1][safepoint    ] Application time: 1.0002088 seconds
[2022-06-13T01:41:30.613+0000][1][safepoint    ] Entering safepoint region: Cleanup
[2022-06-13T01:41:30.614+0000][1][safepoint    ] Leaving safepoint region
[2022-06-13T01:41:30.615+0000][1][safepoint    ] Total time for which application threads were stopped: 0.0019689 seconds, Stopping threads took: 0.0009254 seconds
[2022-06-13T01:41:31.616+0000][1][safepoint    ] Application time: 1.0002628 seconds
[2022-06-13T01:41:31.617+0000][1][safepoint    ] Entering safepoint region: Cleanup
[2022-06-13T01:41:31.618+0000][1][safepoint    ] Leaving safepoint region
[2022-06-13T01:41:31.619+0000][1][safepoint    ] Total time for which application threads were stopped: 0.0011821 seconds, Stopping threads took: 0.0005480 seconds
[2022-06-13T01:41:32.619+0000][1][safepoint    ] Application time: 1.0004460 seconds
[2022-06-13T01:41:32.639+0000][1][safepoint    ] Entering safepoint region: Cleanup
[2022-06-13T01:41:32.640+0000][1][safepoint    ] Leaving safepoint region
[2022-06-13T01:41:32.640+0000][1][safepoint    ] Total time for which application threads were stopped: 0.0011831 seconds, Stopping threads took: 0.0005955 seconds
[2022-06-13T01:41:33.641+0000][1][safepoint    ] Application time: 1.0002613 seconds
[2022-06-13T01:41:33.642+0000][1][safepoint    ] Entering safepoint region: Cleanup
[2022-06-13T01:41:33.642+0000][1][safepoint    ] Leaving safepoint region
[2022-06-13T01:41:33.642+0000][1][safepoint    ] Total time for which application threads were stopped: 0.0007122 seconds, Stopping threads took: 0.0003168 seconds
[2022-06-13T01:41:34.643+0000][1][safepoint    ] Application time: 1.0001666 seconds
[2022-06-13T01:41:34.644+0000][1][safepoint    ] Entering safepoint region: Cleanup
[2022-06-13T01:41:34.645+0000][1][safepoint    ] Leaving safepoint region
[2022-06-13T01:41:34.645+0000][1][safepoint    ] Total time for which application threads were stopped: 0.0015548 seconds, Stopping threads took: 0.0006431 seconds
[2022-06-13T01:41:35.646+0000][1][safepoint    ] Application time: 1.0002485 seconds
[2022-06-13T01:41:35.648+0000][1][safepoint    ] Entering safepoint region: Cleanup
[2022-06-13T01:41:35.649+0000][1][safepoint    ] Leaving safepoint region
[2022-06-13T01:41:35.650+0000][1][safepoint    ] Total time for which application threads were stopped: 0.0021834 seconds, Stopping threads took: 0.0010468 seconds
[2022-06-13T01:41:36.651+0000][1][safepoint    ] Application time: 1.0003597 seconds
[2022-06-13T01:41:36.652+0000][1][safepoint    ] Entering safepoint region: Cleanup
[2022-06-13T01:41:36.652+0000][1][safepoint    ] Leaving safepoint region
[2022-06-13T01:41:36.653+0000][1][safepoint    ] Total time for which application threads were stopped: 0.0010058 seconds, Stopping threads took: 0.0004914 seconds
[2022-06-13T01:41:37.654+0000][1][safepoint    ] Application time: 1.0005482 seconds
[2022-06-13T01:41:37.655+0000][1][safepoint    ] Entering safepoint region: Cleanup
[2022-06-13T01:41:37.655+0000][1][safepoint    ] Leaving safepoint region
[2022-06-13T01:41:37.656+0000][1][safepoint    ] Total time for which application threads were stopped: 0.0014384 seconds, Stopping threads took: 0.0006569 seconds
[2022-06-13T01:41:38.657+0000][1][safepoint    ] Application time: 1.0003577 seconds
[2022-06-13T01:41:38.658+0000][1][safepoint    ] Entering safepoint region: Cleanup
[2022-06-13T01:41:38.659+0000][1][safepoint    ] Leaving safepoint region
[2022-06-13T01:41:38.660+0000][1][safepoint    ] Total time for which application threads were stopped: 0.0016679 seconds, Stopping threads took: 0.0006480 seconds
[2022-06-13T01:41:39.661+0000][1][safepoint    ] Application time: 1.0002706 seconds
[2022-06-13T01:41:39.661+0000][1][safepoint    ] Entering safepoint region: Cleanup
[2022-06-13T01:41:39.662+0000][1][safepoint    ] Leaving safepoint region
[2022-06-13T01:41:39.662+0000][1][safepoint    ] Total time for which application threads were stopped: 0.0011202 seconds, Stopping threads took: 0.0004695 seconds
[2022-06-13T01:41:40.663+0000][1][safepoint    ] Application time: 1.0002290 seconds
[2022-06-13T01:41:40.664+0000][1][safepoint    ] Entering safepoint region: Cleanup
[2022-06-13T01:41:40.665+0000][1][safepoint    ] Leaving safepoint region
[2022-06-13T01:41:40.665+0000][1][safepoint    ] Total time for which application threads were stopped: 0.0014134 seconds, Stopping threads took: 0.0006343 seconds
[2022-06-13T01:41:41.666+0000][1][safepoint    ] Application time: 1.0002538 seconds
[2022-06-13T01:41:41.666+0000][1][safepoint    ] Entering safepoint region: Cleanup
[2022-06-13T01:41:41.667+0000][1][safepoint    ] Leaving safepoint region
[2022-06-13T01:41:41.668+0000][1][safepoint    ] Total time for which application threads were stopped: 0.0013229 seconds, Stopping threads took: 0.0005632 seconds
[2022-06-13T01:41:42.668+0000][1][safepoint    ] Application time: 1.0002667 seconds
[2022-06-13T01:41:42.669+0000][1][safepoint    ] Entering safepoint region: Cleanup
[2022-06-13T01:41:42.670+0000][1][safepoint    ] Leaving safepoint region
[2022-06-13T01:41:42.671+0000][1][safepoint    ] Total time for which application threads were stopped: 0.0015691 seconds, Stopping threads took: 0.0007364 seconds
[2022-06-13T01:41:43.672+0000][1][safepoint    ] Application time: 1.0002587 seconds
[2022-06-13T01:41:43.673+0000][1][safepoint    ] Entering safepoint region: Cleanup
[2022-06-13T01:41:43.674+0000][1][safepoint    ] Leaving safepoint region
[2022-06-13T01:41:43.674+0000][1][safepoint    ] Total time for which application threads were stopped: 0.0014964 seconds, Stopping threads took: 0.0006129 seconds
[2022-06-13T01:41:44.675+0000][1][safepoint    ] Application time: 1.0003709 seconds
[2022-06-13T01:41:44.676+0000][1][safepoint    ] Entering safepoint region: Cleanup
[2022-06-13T01:41:44.676+0000][1][safepoint    ] Leaving safepoint region
[2022-06-13T01:41:44.677+0000][1][safepoint    ] Total time for which application threads were stopped: 0.0011656 seconds, Stopping threads took: 0.0004998 seconds
[2022-06-13T01:41:45.678+0000][1][safepoint    ] Application time: 1.0004033 seconds
[2022-06-13T01:41:45.679+0000][1][safepoint    ] Entering safepoint region: Cleanup
[2022-06-13T01:41:45.679+0000][1][safepoint    ] Leaving safepoint region
[2022-06-13T01:41:45.680+0000][1][safepoint    ] Total time for which application threads were stopped: 0.0010051 seconds, Stopping threads took: 0.0005114 seconds
[2022-06-13T01:41:46.680+0000][1][safepoint    ] Application time: 1.0002134 seconds
[2022-06-13T01:41:46.681+0000][1][safepoint    ] Entering safepoint region: Cleanup
[2022-06-13T01:41:46.682+0000][1][safepoint    ] Leaving safepoint region
[2022-06-13T01:41:46.683+0000][1][safepoint    ] Total time for which application threads were stopped: 0.0015800 seconds, Stopping threads took: 0.0006816 seconds
[2022-06-13T01:41:47.683+0000][1][safepoint    ] Application time: 1.0001737 seconds
[2022-06-13T01:41:47.684+0000][1][safepoint    ] Entering safepoint region: Cleanup
[2022-06-13T01:41:47.685+0000][1][safepoint    ] Leaving safepoint region
[2022-06-13T01:41:47.686+0000][1][safepoint    ] Total time for which application threads were stopped: 0.0014257 seconds, Stopping threads took: 0.0006127 seconds
[2022-06-13T01:41:48.687+0000][1][safepoint    ] Application time: 1.0002251 seconds
[2022-06-13T01:41:48.688+0000][1][safepoint    ] Entering safepoint region: Cleanup
[2022-06-13T01:41:48.688+0000][1][safepoint    ] Leaving safepoint region
[2022-06-13T01:41:48.689+0000][1][safepoint    ] Total time for which application threads were stopped: 0.0012716 seconds, Stopping threads took: 0.0006834 seconds
[2022-06-13T01:41:49.690+0000][1][safepoint    ] Application time: 1.0002056 seconds
[2022-06-13T01:41:49.690+0000][1][safepoint    ] Entering safepoint region: Cleanup
[2022-06-13T01:41:49.691+0000][1][safepoint    ] Leaving safepoint region
[2022-06-13T01:41:49.691+0000][1][safepoint    ] Total time for which application threads were stopped: 0.0007339 seconds, Stopping threads took: 0.0002707 seconds
[2022-06-13T01:41:50.692+0000][1][safepoint    ] Application time: 1.0001814 seconds
[2022-06-13T01:41:50.692+0000][1][safepoint    ] Entering safepoint region: Cleanup
[2022-06-13T01:41:50.693+0000][1][safepoint    ] Leaving safepoint region
[2022-06-13T01:41:50.693+0000][1][safepoint    ] Total time for which application threads were stopped: 0.0007341 seconds, Stopping threads took: 0.0003281 seconds
[2022-06-13T01:41:51.694+0000][1][safepoint    ] Application time: 1.0003713 seconds
[2022-06-13T01:41:51.695+0000][1][safepoint    ] Entering safepoint region: Cleanup
[2022-06-13T01:41:51.696+0000][1][safepoint    ] Leaving safepoint region
[2022-06-13T01:41:51.696+0000][1][safepoint    ] Total time for which application threads were stopped: 0.0014241 seconds, Stopping threads took: 0.0007707 seconds
[2022-06-13T01:41:52.697+0000][1][safepoint    ] Application time: 1.0002518 seconds
[2022-06-13T01:41:52.697+0000][1][safepoint    ] Entering safepoint region: Cleanup
[2022-06-13T01:41:52.698+0000][1][safepoint    ] Leaving safepoint region
[2022-06-13T01:41:52.699+0000][1][safepoint    ] Total time for which application threads were stopped: 0.0012709 seconds, Stopping threads took: 0.0004687 seconds
[2022-06-13T01:41:53.699+0000][1][safepoint    ] Application time: 1.0002176 seconds
[2022-06-13T01:41:53.700+0000][1][safepoint    ] Entering safepoint region: Cleanup
[2022-06-13T01:41:53.700+0000][1][safepoint    ] Leaving safepoint region
[2022-06-13T01:41:53.701+0000][1][safepoint    ] Total time for which application threads were stopped: 0.0008834 seconds, Stopping threads took: 0.0004369 seconds
[2022-06-13T01:41:54.701+0000][1][safepoint    ] Application time: 1.0002665 seconds
[2022-06-13T01:41:54.702+0000][1][safepoint    ] Entering safepoint region: Cleanup
[2022-06-13T01:41:54.703+0000][1][safepoint    ] Leaving safepoint region
[2022-06-13T01:41:54.703+0000][1][safepoint    ] Total time for which application threads were stopped: 0.0011016 seconds, Stopping threads took: 0.0006079 seconds
[2022-06-13T01:41:55.704+0000][1][safepoint    ] Application time: 1.0004233 seconds
[2022-06-13T01:41:55.705+0000][1][safepoint    ] Entering safepoint region: Cleanup
[2022-06-13T01:41:55.706+0000][1][safepoint    ] Leaving safepoint region
[2022-06-13T01:41:55.706+0000][1][safepoint    ] Total time for which application threads were stopped: 0.0013871 seconds, Stopping threads took: 0.0007108 seconds
[2022-06-13T01:41:56.707+0000][1][safepoint    ] Application time: 1.0001569 seconds
[2022-06-13T01:41:56.708+0000][1][safepoint    ] Entering safepoint region: Cleanup
[2022-06-13T01:41:56.708+0000][1][safepoint    ] Leaving safepoint region
[2022-06-13T01:41:56.709+0000][1][safepoint    ] Total time for which application threads were stopped: 0.0015838 seconds, Stopping threads took: 0.0006660 seconds
[2022-06-13T01:41:57.710+0000][1][safepoint    ] Application time: 1.0003162 seconds
[2022-06-13T01:41:57.711+0000][1][safepoint    ] Entering safepoint region: Cleanup
[2022-06-13T01:41:57.712+0000][1][safepoint    ] Leaving safepoint region
[2022-06-13T01:41:57.712+0000][1][safepoint    ] Total time for which application threads were stopped: 0.0013290 seconds, Stopping threads took: 0.0006299 seconds
[2022-06-13T01:41:59.364+0000][1][safepoint    ] Application time: 1.6507956 seconds
[2022-06-13T01:41:59.365+0000][1][safepoint    ] Entering safepoint region: Cleanup
[2022-06-13T01:41:59.365+0000][1][safepoint    ] Leaving safepoint region
[2022-06-13T01:41:59.366+0000][1][safepoint    ] Total time for which application threads were stopped: 0.0012824 seconds, Stopping threads took: 0.0006780 seconds
[2022-06-13T01:42:00.366+0000][1][safepoint    ] Application time: 1.0002572 seconds
[2022-06-13T01:42:00.367+0000][1][safepoint    ] Entering safepoint region: Cleanup
[2022-06-13T01:42:00.368+0000][1][safepoint    ] Leaving safepoint region
[2022-06-13T01:42:00.369+0000][1][safepoint    ] Total time for which application threads were stopped: 0.0017733 seconds, Stopping threads took: 0.0008214 seconds
[2022-06-13T01:42:01.370+0000][1][safepoint    ] Application time: 1.0003560 seconds
[2022-06-13T01:42:01.370+0000][1][safepoint    ] Entering safepoint region: Cleanup
[2022-06-13T01:42:01.371+0000][1][safepoint    ] Leaving safepoint region
[2022-06-13T01:42:01.371+0000][1][safepoint    ] Total time for which application threads were stopped: 0.0007087 seconds, Stopping threads took: 0.0003736 seconds
[2022-06-13T01:42:02.371+0000][1][safepoint    ] Application time: 1.0001107 seconds
[2022-06-13T01:42:02.372+0000][1][safepoint    ] Entering safepoint region: Cleanup
[2022-06-13T01:42:02.372+0000][1][safepoint    ] Leaving safepoint region
[2022-06-13T01:42:02.373+0000][1][safepoint    ] Total time for which application threads were stopped: 0.0008277 seconds, Stopping threads took: 0.0004171 seconds
[2022-06-13T01:42:03.373+0000][1][safepoint    ] Application time: 1.0002548 seconds
[2022-06-13T01:42:03.374+0000][1][safepoint    ] Entering safepoint region: Cleanup
[2022-06-13T01:42:03.374+0000][1][safepoint    ] Leaving safepoint region
[2022-06-13T01:42:03.374+0000][1][safepoint    ] Total time for which application threads were stopped: 0.0006884 seconds, Stopping threads took: 0.0003180 seconds
[2022-06-13T01:42:04.375+0000][1][safepoint    ] Application time: 1.0001843 seconds
[2022-06-13T01:42:04.376+0000][1][safepoint    ] Entering safepoint region: Cleanup
[2022-06-13T01:42:04.376+0000][1][safepoint    ] Leaving safepoint region
[2022-06-13T01:42:04.377+0000][1][safepoint    ] Total time for which application threads were stopped: 0.0017679 seconds, Stopping threads took: 0.0007303 seconds
[2022-06-13T01:42:05.379+0000][1][safepoint    ] Application time: 1.0003835 seconds
[2022-06-13T01:42:05.380+0000][1][safepoint    ] Entering safepoint region: Cleanup
[2022-06-13T01:42:05.380+0000][1][safepoint    ] Leaving safepoint region
[2022-06-13T01:42:05.381+0000][1][safepoint    ] Total time for which application threads were stopped: 0.0014328 seconds, Stopping threads took: 0.0005689 seconds
[2022-06-13T01:42:06.382+0000][1][safepoint    ] Application time: 1.0001691 seconds
[2022-06-13T01:42:06.383+0000][1][safepoint    ] Entering safepoint region: Cleanup
[2022-06-13T01:42:06.383+0000][1][safepoint    ] Leaving safepoint region
[2022-06-13T01:42:06.384+0000][1][safepoint    ] Total time for which application threads were stopped: 0.0010186 seconds, Stopping threads took: 0.0005060 seconds
[2022-06-13T01:42:07.385+0000][1][safepoint    ] Application time: 1.0002672 seconds
[2022-06-13T01:42:07.385+0000][1][safepoint    ] Entering safepoint region: Cleanup
[2022-06-13T01:42:07.386+0000][1][safepoint    ] Leaving safepoint region
[2022-06-13T01:42:07.387+0000][1][safepoint    ] Total time for which application threads were stopped: 0.0013543 seconds, Stopping threads took: 0.0004448 seconds
[2022-06-13T01:42:08.387+0000][1][safepoint    ] Application time: 1.0002480 seconds
[2022-06-13T01:42:08.388+0000][1][safepoint    ] Entering safepoint region: Cleanup
[2022-06-13T01:42:08.389+0000][1][safepoint    ] Leaving safepoint region
[2022-06-13T01:42:08.389+0000][1][safepoint    ] Total time for which application threads were stopped: 0.0013015 seconds, Stopping threads took: 0.0005951 seconds
[2022-06-13T01:42:09.390+0000][1][safepoint    ] Application time: 1.0002695 seconds
[2022-06-13T01:42:09.391+0000][1][safepoint    ] Entering safepoint region: Cleanup
[2022-06-13T01:42:09.392+0000][1][safepoint    ] Leaving safepoint region
[2022-06-13T01:42:09.392+0000][1][safepoint    ] Total time for which application threads were stopped: 0.0016330 seconds, Stopping threads took: 0.0007020 seconds
[2022-06-13T01:42:10.394+0000][1][safepoint    ] Application time: 1.0003866 seconds
[2022-06-13T01:42:10.395+0000][1][safepoint    ] Entering safepoint region: Cleanup
[2022-06-13T01:42:10.396+0000][1][safepoint    ] Leaving safepoint region
[2022-06-13T01:42:10.397+0000][1][safepoint    ] Total time for which application threads were stopped: 0.0017357 seconds, Stopping threads took: 0.0009468 seconds
[2022-06-13T01:42:11.398+0000][1][safepoint    ] Application time: 1.0003450 seconds
[2022-06-13T01:42:11.398+0000][1][safepoint    ] Entering safepoint region: Cleanup
[2022-06-13T01:42:11.399+0000][1][safepoint    ] Leaving safepoint region
[2022-06-13T01:42:11.399+0000][1][safepoint    ] Total time for which application threads were stopped: 0.0008540 seconds, Stopping threads took: 0.0003367 seconds
[2022-06-13T01:42:12.400+0000][1][safepoint    ] Application time: 1.0001855 seconds
[2022-06-13T01:42:12.400+0000][1][safepoint    ] Entering safepoint region: Cleanup
[2022-06-13T01:42:12.401+0000][1][safepoint    ] Leaving safepoint region
[2022-06-13T01:42:12.401+0000][1][safepoint    ] Total time for which application threads were stopped: 0.0007272 seconds, Stopping threads took: 0.0003465 seconds
[2022-06-13T01:42:13.402+0000][1][safepoint    ] Application time: 1.0001369 seconds
[2022-06-13T01:42:13.402+0000][1][safepoint    ] Entering safepoint region: Cleanup
[2022-06-13T01:42:13.403+0000][1][safepoint    ] Leaving safepoint region
[2022-06-13T01:42:13.403+0000][1][safepoint    ] Total time for which application threads were stopped: 0.0009390 seconds, Stopping threads took: 0.0004622 seconds
[2022-06-13T01:42:14.404+0000][1][safepoint    ] Application time: 1.0003501 seconds
[2022-06-13T01:42:14.405+0000][1][safepoint    ] Entering safepoint region: Cleanup
[2022-06-13T01:42:14.405+0000][1][safepoint    ] Leaving safepoint region
[2022-06-13T01:42:14.406+0000][1][safepoint    ] Total time for which application threads were stopped: 0.0009866 seconds, Stopping threads took: 0.0005475 seconds
[2022-06-13T01:42:15.407+0000][1][safepoint    ] Application time: 1.0003020 seconds
[2022-06-13T01:42:15.407+0000][1][safepoint    ] Entering safepoint region: Cleanup
[2022-06-13T01:42:15.408+0000][1][safepoint    ] Leaving safepoint region
[2022-06-13T01:42:15.408+0000][1][safepoint    ] Total time for which application threads were stopped: 0.0007745 seconds, Stopping threads took: 0.0002659 seconds
[2022-06-13T01:42:16.351+0000][1][safepoint    ] Application time: 0.9420254 seconds
[2022-06-13T01:42:16.352+0000][1][safepoint    ] Entering safepoint region: GenCollectForAllocation
[2022-06-13T01:42:16.352+0000][1][gc,start     ] GC(25) Pause Young (Allocation Failure)
[2022-06-13T01:42:16.353+0000][1][gc,task      ] GC(25) Using 5 workers of 13 for evacuation
[2022-06-13T01:42:16.355+0000][1][gc,age       ] GC(25) Desired survivor size 4456448 bytes, new threshold 6 (max threshold 6)
[2022-06-13T01:42:16.356+0000][1][gc,age       ] GC(25) Age table with threshold 6 (max threshold 6)
[2022-06-13T01:42:16.356+0000][1][gc,age       ] GC(25) - age   1:      46896 bytes,      46896 total
[2022-06-13T01:42:16.357+0000][1][gc,age       ] GC(25) - age   2:      15152 bytes,      62048 total
[2022-06-13T01:42:16.358+0000][1][gc,age       ] GC(25) - age   3:      48392 bytes,     110440 total
[2022-06-13T01:42:16.358+0000][1][gc,age       ] GC(25) - age   4:     669312 bytes,     779752 total
[2022-06-13T01:42:16.359+0000][1][gc,heap      ] GC(25) ParNew: 71497K->1074K(78656K)
[2022-06-13T01:42:16.359+0000][1][gc,heap      ] GC(25) CMS: 68020K->68020K(174784K)
[2022-06-13T01:42:16.360+0000][1][gc,metaspace ] GC(25) Metaspace: 64281K->64281K(1107968K)
[2022-06-13T01:42:16.360+0000][1][gc           ] GC(25) Pause Young (Allocation Failure) 136M->67M(247M) 7.796ms
[2022-06-13T01:42:16.361+0000][1][gc,cpu       ] GC(25) User=0.01s Sys=0.00s Real=0.01s
[2022-06-13T01:42:16.361+0000][1][safepoint    ] Leaving safepoint region
[2022-06-13T01:42:16.362+0000][1][safepoint    ] Total time for which application threads were stopped: 0.0104985 seconds, Stopping threads took: 0.0008147 seconds
[2022-06-13T01:42:17.363+0000][1][safepoint    ] Application time: 1.0004049 seconds
[2022-06-13T01:42:17.364+0000][1][safepoint    ] Entering safepoint region: Cleanup
[2022-06-13T01:42:17.365+0000][1][safepoint    ] Leaving safepoint region
[2022-06-13T01:42:17.365+0000][1][safepoint    ] Total time for which application threads were stopped: 0.0012109 seconds, Stopping threads took: 0.0005971 seconds
[2022-06-13T01:42:18.366+0000][1][safepoint    ] Application time: 1.0002153 seconds
[2022-06-13T01:42:18.366+0000][1][safepoint    ] Entering safepoint region: Cleanup
[2022-06-13T01:42:18.367+0000][1][safepoint    ] Leaving safepoint region
[2022-06-13T01:42:18.367+0000][1][safepoint    ] Total time for which application threads were stopped: 0.0009831 seconds, Stopping threads took: 0.0004485 seconds
[2022-06-13T01:42:20.214+0000][1][safepoint    ] Application time: 1.8466845 seconds
[2022-06-13T01:42:20.215+0000][1][safepoint    ] Entering safepoint region: Cleanup
[2022-06-13T01:42:20.215+0000][1][safepoint    ] Leaving safepoint region
[2022-06-13T01:42:20.215+0000][1][safepoint    ] Total time for which application threads were stopped: 0.0005182 seconds, Stopping threads took: 0.0003036 seconds
[2022-06-13T01:42:21.216+0000][1][safepoint    ] Application time: 1.0004130 seconds
[2022-06-13T01:42:21.217+0000][1][safepoint    ] Entering safepoint region: Cleanup
[2022-06-13T01:42:21.217+0000][1][safepoint    ] Leaving safepoint region
[2022-06-13T01:42:21.218+0000][1][safepoint    ] Total time for which application threads were stopped: 0.0015424 seconds, Stopping threads took: 0.0006562 seconds
[2022-06-13T01:42:22.219+0000][1][safepoint    ] Application time: 1.0002411 seconds
[2022-06-13T01:42:22.220+0000][1][safepoint    ] Entering safepoint region: Cleanup
[2022-06-13T01:42:22.220+0000][1][safepoint    ] Leaving safepoint region
[2022-06-13T01:42:22.221+0000][1][safepoint    ] Total time for which application threads were stopped: 0.0008251 seconds, Stopping threads took: 0.0003427 seconds
[2022-06-13T01:42:23.221+0000][1][safepoint    ] Application time: 1.0002147 seconds
[2022-06-13T01:42:23.222+0000][1][safepoint    ] Entering safepoint region: Cleanup
[2022-06-13T01:42:23.222+0000][1][safepoint    ] Leaving safepoint region
[2022-06-13T01:42:23.223+0000][1][safepoint    ] Total time for which application threads were stopped: 0.0009553 seconds, Stopping threads took: 0.0005002 seconds
[2022-06-13T01:42:24.223+0000][1][safepoint    ] Application time: 1.0002132 seconds
[2022-06-13T01:42:24.224+0000][1][safepoint    ] Entering safepoint region: Cleanup
[2022-06-13T01:42:24.224+0000][1][safepoint    ] Leaving safepoint region
[2022-06-13T01:42:24.225+0000][1][safepoint    ] Total time for which application threads were stopped: 0.0008046 seconds, Stopping threads took: 0.0004044 seconds
[2022-06-13T01:42:25.225+0000][1][safepoint    ] Application time: 1.0002827 seconds
[2022-06-13T01:42:25.226+0000][1][safepoint    ] Entering safepoint region: Cleanup
[2022-06-13T01:42:25.227+0000][1][safepoint    ] Leaving safepoint region
[2022-06-13T01:42:25.227+0000][1][safepoint    ] Total time for which application threads were stopped: 0.0014457 seconds, Stopping threads took: 0.0007683 seconds
[2022-06-13T01:42:26.228+0000][1][safepoint    ] Application time: 1.0002649 seconds
[2022-06-13T01:42:26.229+0000][1][safepoint    ] Entering safepoint region: Cleanup
[2022-06-13T01:42:26.229+0000][1][safepoint    ] Leaving safepoint region
[2022-06-13T01:42:26.229+0000][1][safepoint    ] Total time for which application threads were stopped: 0.0008581 seconds, Stopping threads took: 0.0003592 seconds
[2022-06-13T01:42:27.230+0000][1][safepoint    ] Application time: 1.0002629 seconds
[2022-06-13T01:42:27.231+0000][1][safepoint    ] Entering safepoint region: Cleanup
[2022-06-13T01:42:27.231+0000][1][safepoint    ] Leaving safepoint region
[2022-06-13T01:42:27.231+0000][1][safepoint    ] Total time for which application threads were stopped: 0.0007138 seconds, Stopping threads took: 0.0003814 seconds
[2022-06-13T01:42:28.232+0000][1][safepoint    ] Application time: 1.0002253 seconds
[2022-06-13T01:42:28.232+0000][1][safepoint    ] Entering safepoint region: Cleanup
[2022-06-13T01:42:28.233+0000][1][safepoint    ] Leaving safepoint region
[2022-06-13T01:42:28.234+0000][1][safepoint    ] Total time for which application threads were stopped: 0.0011954 seconds, Stopping threads took: 0.0005872 seconds
[2022-06-13T01:42:29.234+0000][1][safepoint    ] Application time: 1.0003223 seconds
[2022-06-13T01:42:29.235+0000][1][safepoint    ] Entering safepoint region: Cleanup
[2022-06-13T01:42:29.235+0000][1][safepoint    ] Leaving safepoint region
[2022-06-13T01:42:29.236+0000][1][safepoint    ] Total time for which application threads were stopped: 0.0008155 seconds, Stopping threads took: 0.0004276 seconds
[2022-06-13T01:42:30.236+0000][1][safepoint    ] Application time: 1.0002145 seconds
[2022-06-13T01:42:30.237+0000][1][safepoint    ] Entering safepoint region: Cleanup
[2022-06-13T01:42:30.238+0000][1][safepoint    ] Leaving safepoint region
[2022-06-13T01:42:30.239+0000][1][safepoint    ] Total time for which application threads were stopped: 0.0018979 seconds, Stopping threads took: 0.0008571 seconds
[2022-06-13T01:42:31.240+0000][1][safepoint    ] Application time: 1.0002619 seconds
[2022-06-13T01:42:31.241+0000][1][safepoint    ] Entering safepoint region: Cleanup
[2022-06-13T01:42:31.242+0000][1][safepoint    ] Leaving safepoint region
[2022-06-13T01:42:31.242+0000][1][safepoint    ] Total time for which application threads were stopped: 0.0014454 seconds, Stopping threads took: 0.0006016 seconds
[2022-06-13T01:42:32.244+0000][1][safepoint    ] Application time: 1.0001974 seconds
[2022-06-13T01:42:32.244+0000][1][safepoint    ] Entering safepoint region: Cleanup
[2022-06-13T01:42:32.245+0000][1][safepoint    ] Leaving safepoint region
[2022-06-13T01:42:32.245+0000][1][safepoint    ] Total time for which application threads were stopped: 0.0011649 seconds, Stopping threads took: 0.0004425 seconds
[2022-06-13T01:42:33.246+0000][1][safepoint    ] Application time: 1.0002138 seconds
[2022-06-13T01:42:33.247+0000][1][safepoint    ] Entering safepoint region: Cleanup
[2022-06-13T01:42:33.247+0000][1][safepoint    ] Leaving safepoint region
[2022-06-13T01:42:33.247+0000][1][safepoint    ] Total time for which application threads were stopped: 0.0003611 seconds, Stopping threads took: 0.0001636 seconds
[2022-06-13T01:42:34.247+0000][1][safepoint    ] Application time: 1.0001503 seconds
[2022-06-13T01:42:34.248+0000][1][safepoint    ] Entering safepoint region: Cleanup
[2022-06-13T01:42:34.249+0000][1][safepoint    ] Leaving safepoint region
[2022-06-13T01:42:34.249+0000][1][safepoint    ] Total time for which application threads were stopped: 0.0013094 seconds, Stopping threads took: 0.0006584 seconds
[2022-06-13T01:42:35.250+0000][1][safepoint    ] Application time: 1.0002122 seconds
[2022-06-13T01:42:35.251+0000][1][safepoint    ] Entering safepoint region: Cleanup
[2022-06-13T01:42:35.252+0000][1][safepoint    ] Leaving safepoint region
[2022-06-13T01:42:35.252+0000][1][safepoint    ] Total time for which application threads were stopped: 0.0010628 seconds, Stopping threads took: 0.0005503 seconds
[2022-06-13T01:42:36.253+0000][1][safepoint    ] Application time: 1.0001467 seconds
[2022-06-13T01:42:36.253+0000][1][safepoint    ] Entering safepoint region: Cleanup
[2022-06-13T01:42:36.254+0000][1][safepoint    ] Leaving safepoint region
[2022-06-13T01:42:36.255+0000][1][safepoint    ] Total time for which application threads were stopped: 0.0012401 seconds, Stopping threads took: 0.0006221 seconds
[2022-06-13T01:42:37.255+0000][1][safepoint    ] Application time: 1.0002550 seconds
[2022-06-13T01:42:37.256+0000][1][safepoint    ] Entering safepoint region: Cleanup
[2022-06-13T01:42:37.257+0000][1][safepoint    ] Leaving safepoint region
[2022-06-13T01:42:37.257+0000][1][safepoint    ] Total time for which application threads were stopped: 0.0014883 seconds, Stopping threads took: 0.0006297 seconds
[2022-06-13T01:42:38.258+0000][1][safepoint    ] Application time: 1.0001576 seconds
[2022-06-13T01:42:38.259+0000][1][safepoint    ] Entering safepoint region: Cleanup
[2022-06-13T01:42:38.260+0000][1][safepoint    ] Leaving safepoint region
[2022-06-13T01:42:38.261+0000][1][safepoint    ] Total time for which application threads were stopped: 0.0017960 seconds, Stopping threads took: 0.0007592 seconds
[2022-06-13T01:42:39.262+0000][1][safepoint    ] Application time: 1.0001957 seconds
[2022-06-13T01:42:39.263+0000][1][safepoint    ] Entering safepoint region: Cleanup
[2022-06-13T01:42:39.263+0000][1][safepoint    ] Leaving safepoint region
[2022-06-13T01:42:39.264+0000][1][safepoint    ] Total time for which application threads were stopped: 0.0009275 seconds, Stopping threads took: 0.0004856 seconds
[2022-06-13T01:42:40.264+0000][1][safepoint    ] Application time: 1.0002712 seconds
[2022-06-13T01:42:40.265+0000][1][safepoint    ] Entering safepoint region: Cleanup
[2022-06-13T01:42:40.266+0000][1][safepoint    ] Leaving safepoint region
[2022-06-13T01:42:40.267+0000][1][safepoint    ] Total time for which application threads were stopped: 0.0014949 seconds, Stopping threads took: 0.0006105 seconds
[2022-06-13T01:42:41.268+0000][1][safepoint    ] Application time: 1.0003891 seconds
[2022-06-13T01:42:41.269+0000][1][safepoint    ] Entering safepoint region: Cleanup
[2022-06-13T01:42:41.270+0000][1][safepoint    ] Leaving safepoint region
[2022-06-13T01:42:41.270+0000][1][safepoint    ] Total time for which application threads were stopped: 0.0015732 seconds, Stopping threads took: 0.0008129 seconds
[2022-06-13T01:42:42.271+0000][1][safepoint    ] Application time: 1.0002995 seconds
[2022-06-13T01:42:42.273+0000][1][safepoint    ] Entering safepoint region: Cleanup
[2022-06-13T01:42:42.274+0000][1][safepoint    ] Leaving safepoint region
[2022-06-13T01:42:42.274+0000][1][safepoint    ] Total time for which application threads were stopped: 0.0020195 seconds, Stopping threads took: 0.0011289 seconds
[2022-06-13T01:42:43.275+0000][1][safepoint    ] Application time: 1.0001910 seconds
[2022-06-13T01:42:43.276+0000][1][safepoint    ] Entering safepoint region: Cleanup
[2022-06-13T01:42:43.277+0000][1][safepoint    ] Leaving safepoint region
[2022-06-13T01:42:43.278+0000][1][safepoint    ] Total time for which application threads were stopped: 0.0016205 seconds, Stopping threads took: 0.0007085 seconds
[2022-06-13T01:42:44.279+0000][1][safepoint    ] Application time: 1.0001847 seconds
[2022-06-13T01:42:44.279+0000][1][safepoint    ] Entering safepoint region: Cleanup
[2022-06-13T01:42:44.280+0000][1][safepoint    ] Leaving safepoint region
[2022-06-13T01:42:44.280+0000][1][safepoint    ] Total time for which application threads were stopped: 0.0008156 seconds, Stopping threads took: 0.0002676 seconds
[2022-06-13T01:42:45.281+0000][1][safepoint    ] Application time: 1.0003326 seconds
[2022-06-13T01:42:45.282+0000][1][safepoint    ] Entering safepoint region: Cleanup
[2022-06-13T01:42:45.283+0000][1][safepoint    ] Leaving safepoint region
[2022-06-13T01:42:45.283+0000][1][safepoint    ] Total time for which application threads were stopped: 0.0012598 seconds, Stopping threads took: 0.0006558 seconds
[2022-06-13T01:42:46.284+0000][1][safepoint    ] Application time: 1.0001556 seconds
[2022-06-13T01:42:46.285+0000][1][safepoint    ] Entering safepoint region: Cleanup
[2022-06-13T01:42:46.285+0000][1][safepoint    ] Leaving safepoint region
[2022-06-13T01:42:46.286+0000][1][safepoint    ] Total time for which application threads were stopped: 0.0010387 seconds, Stopping threads took: 0.0005206 seconds
[2022-06-13T01:42:47.287+0000][1][safepoint    ] Application time: 1.0003971 seconds
[2022-06-13T01:42:47.287+0000][1][safepoint    ] Entering safepoint region: Cleanup
[2022-06-13T01:42:47.288+0000][1][safepoint    ] Leaving safepoint region
[2022-06-13T01:42:47.289+0000][1][safepoint    ] Total time for which application threads were stopped: 0.0016236 seconds, Stopping threads took: 0.0008019 seconds
[2022-06-13T01:42:48.290+0000][1][safepoint    ] Application time: 1.0002650 seconds
[2022-06-13T01:42:48.291+0000][1][safepoint    ] Entering safepoint region: Cleanup
[2022-06-13T01:42:48.291+0000][1][safepoint    ] Leaving safepoint region
[2022-06-13T01:42:48.292+0000][1][safepoint    ] Total time for which application threads were stopped: 0.0012010 seconds, Stopping threads took: 0.0005419 seconds
[2022-06-13T01:42:49.293+0000][1][safepoint    ] Application time: 1.0001308 seconds
[2022-06-13T01:42:49.293+0000][1][safepoint    ] Entering safepoint region: Cleanup
[2022-06-13T01:42:49.293+0000][1][safepoint    ] Leaving safepoint region
[2022-06-13T01:42:49.293+0000][1][safepoint    ] Total time for which application threads were stopped: 0.0005782 seconds, Stopping threads took: 0.0002690 seconds
[2022-06-13T01:42:50.294+0000][1][safepoint    ] Application time: 1.0001526 seconds
[2022-06-13T01:42:50.294+0000][1][safepoint    ] Entering safepoint region: Cleanup
[2022-06-13T01:42:50.295+0000][1][safepoint    ] Leaving safepoint region
[2022-06-13T01:42:50.295+0000][1][safepoint    ] Total time for which application threads were stopped: 0.0008184 seconds, Stopping threads took: 0.0003957 seconds
[2022-06-13T01:42:51.296+0000][1][safepoint    ] Application time: 1.0003701 seconds
[2022-06-13T01:42:51.297+0000][1][safepoint    ] Entering safepoint region: Cleanup
[2022-06-13T01:42:51.297+0000][1][safepoint    ] Leaving safepoint region
[2022-06-13T01:42:51.298+0000][1][safepoint    ] Total time for which application threads were stopped: 0.0011927 seconds, Stopping threads took: 0.0005623 seconds
[2022-06-13T01:42:52.299+0000][1][safepoint    ] Application time: 1.0004438 seconds
[2022-06-13T01:42:52.299+0000][1][safepoint    ] Entering safepoint region: Cleanup
[2022-06-13T01:42:52.300+0000][1][safepoint    ] Leaving safepoint region
[2022-06-13T01:42:52.301+0000][1][safepoint    ] Total time for which application threads were stopped: 0.0014517 seconds, Stopping threads took: 0.0006377 seconds
[2022-06-13T01:42:53.302+0000][1][safepoint    ] Application time: 1.0002675 seconds
[2022-06-13T01:42:53.303+0000][1][safepoint    ] Entering safepoint region: Cleanup
[2022-06-13T01:42:53.304+0000][1][safepoint    ] Leaving safepoint region
[2022-06-13T01:42:53.305+0000][1][safepoint    ] Total time for which application threads were stopped: 0.0018957 seconds, Stopping threads took: 0.0008013 seconds
[2022-06-13T01:42:54.306+0000][1][safepoint    ] Application time: 1.0002823 seconds
[2022-06-13T01:42:54.307+0000][1][safepoint    ] Entering safepoint region: Cleanup
[2022-06-13T01:42:54.308+0000][1][safepoint    ] Leaving safepoint region
[2022-06-13T01:42:54.309+0000][1][safepoint    ] Total time for which application threads were stopped: 0.0020291 seconds, Stopping threads took: 0.0009065 seconds
[2022-06-13T01:42:55.310+0000][1][safepoint    ] Application time: 1.0001907 seconds
[2022-06-13T01:42:55.311+0000][1][safepoint    ] Entering safepoint region: Cleanup
[2022-06-13T01:42:55.312+0000][1][safepoint    ] Leaving safepoint region
[2022-06-13T01:42:55.313+0000][1][safepoint    ] Total time for which application threads were stopped: 0.0018540 seconds, Stopping threads took: 0.0008366 seconds
[2022-06-13T01:42:56.314+0000][1][safepoint    ] Application time: 1.0001492 seconds
[2022-06-13T01:42:56.314+0000][1][safepoint    ] Entering safepoint region: Cleanup
[2022-06-13T01:42:56.315+0000][1][safepoint    ] Leaving safepoint region
[2022-06-13T01:42:56.315+0000][1][safepoint    ] Total time for which application threads were stopped: 0.0010479 seconds, Stopping threads took: 0.0005115 seconds
[2022-06-13T01:42:57.316+0000][1][safepoint    ] Application time: 1.0002083 seconds
[2022-06-13T01:42:57.316+0000][1][safepoint    ] Entering safepoint region: Cleanup
[2022-06-13T01:42:57.317+0000][1][safepoint    ] Leaving safepoint region
[2022-06-13T01:42:57.318+0000][1][safepoint    ] Total time for which application threads were stopped: 0.0015815 seconds, Stopping threads took: 0.0007541 seconds
[2022-06-13T01:42:58.319+0000][1][safepoint    ] Application time: 1.0004896 seconds
[2022-06-13T01:42:58.320+0000][1][safepoint    ] Entering safepoint region: Cleanup
[2022-06-13T01:42:58.320+0000][1][safepoint    ] Leaving safepoint region
[2022-06-13T01:42:58.321+0000][1][safepoint    ] Total time for which application threads were stopped: 0.0010195 seconds, Stopping threads took: 0.0004835 seconds
[2022-06-13T01:42:59.321+0000][1][safepoint    ] Application time: 1.0001892 seconds
[2022-06-13T01:42:59.322+0000][1][safepoint    ] Entering safepoint region: Cleanup
[2022-06-13T01:42:59.323+0000][1][safepoint    ] Leaving safepoint region
[2022-06-13T01:42:59.323+0000][1][safepoint    ] Total time for which application threads were stopped: 0.0010507 seconds, Stopping threads took: 0.0004509 seconds
[2022-06-13T01:43:00.324+0000][1][safepoint    ] Application time: 1.0002853 seconds
[2022-06-13T01:43:00.325+0000][1][safepoint    ] Entering safepoint region: Cleanup
[2022-06-13T01:43:00.326+0000][1][safepoint    ] Leaving safepoint region
[2022-06-13T01:43:00.326+0000][1][safepoint    ] Total time for which application threads were stopped: 0.0010312 seconds, Stopping threads took: 0.0004849 seconds
[2022-06-13T01:43:01.327+0000][1][safepoint    ] Application time: 1.0001764 seconds
[2022-06-13T01:43:01.327+0000][1][safepoint    ] Entering safepoint region: Cleanup
[2022-06-13T01:43:01.328+0000][1][safepoint    ] Leaving safepoint region
[2022-06-13T01:43:01.329+0000][1][safepoint    ] Total time for which application threads were stopped: 0.0011401 seconds, Stopping threads took: 0.0003402 seconds
[2022-06-13T01:43:02.329+0000][1][safepoint    ] Application time: 1.0002629 seconds
[2022-06-13T01:43:02.330+0000][1][safepoint    ] Entering safepoint region: Cleanup
[2022-06-13T01:43:02.331+0000][1][safepoint    ] Leaving safepoint region
[2022-06-13T01:43:02.332+0000][1][safepoint    ] Total time for which application threads were stopped: 0.0017206 seconds, Stopping threads took: 0.0007320 seconds
[2022-06-13T01:43:03.333+0000][1][safepoint    ] Application time: 1.0002778 seconds
[2022-06-13T01:43:03.334+0000][1][safepoint    ] Entering safepoint region: Cleanup
[2022-06-13T01:43:03.334+0000][1][safepoint    ] Leaving safepoint region
[2022-06-13T01:43:03.335+0000][1][safepoint    ] Total time for which application threads were stopped: 0.0015261 seconds, Stopping threads took: 0.0008936 seconds
[2022-06-13T01:43:04.336+0000][1][safepoint    ] Application time: 1.0001671 seconds
[2022-06-13T01:43:04.336+0000][1][safepoint    ] Entering safepoint region: Cleanup
[2022-06-13T01:43:04.337+0000][1][safepoint    ] Leaving safepoint region
[2022-06-13T01:43:04.338+0000][1][safepoint    ] Total time for which application threads were stopped: 0.0014521 seconds, Stopping threads took: 0.0007444 seconds
[2022-06-13T01:43:05.339+0000][1][safepoint    ] Application time: 1.0001582 seconds
[2022-06-13T01:43:05.339+0000][1][safepoint    ] Entering safepoint region: Cleanup
[2022-06-13T01:43:05.340+0000][1][safepoint    ] Leaving safepoint region
[2022-06-13T01:43:05.341+0000][1][safepoint    ] Total time for which application threads were stopped: 0.0015167 seconds, Stopping threads took: 0.0006522 seconds
[2022-06-13T01:43:06.342+0000][1][safepoint    ] Application time: 1.0001895 seconds
[2022-06-13T01:43:06.342+0000][1][safepoint    ] Entering safepoint region: Cleanup
[2022-06-13T01:43:06.343+0000][1][safepoint    ] Leaving safepoint region
[2022-06-13T01:43:06.343+0000][1][safepoint    ] Total time for which application threads were stopped: 0.0009717 seconds, Stopping threads took: 0.0005076 seconds
[2022-06-13T01:43:07.344+0000][1][safepoint    ] Application time: 1.0002389 seconds
[2022-06-13T01:43:07.344+0000][1][safepoint    ] Entering safepoint region: Cleanup
[2022-06-13T01:43:07.345+0000][1][safepoint    ] Leaving safepoint region
[2022-06-13T01:43:07.345+0000][1][safepoint    ] Total time for which application threads were stopped: 0.0008763 seconds, Stopping threads took: 0.0003468 seconds
[2022-06-13T01:43:08.346+0000][1][safepoint    ] Application time: 1.0002873 seconds
[2022-06-13T01:43:08.347+0000][1][safepoint    ] Entering safepoint region: Cleanup
[2022-06-13T01:43:08.348+0000][1][safepoint    ] Leaving safepoint region
[2022-06-13T01:43:08.349+0000][1][safepoint    ] Total time for which application threads were stopped: 0.0018710 seconds, Stopping threads took: 0.0007622 seconds
[2022-06-13T01:43:09.350+0000][1][safepoint    ] Application time: 1.0002536 seconds
[2022-06-13T01:43:09.351+0000][1][safepoint    ] Entering safepoint region: Cleanup
[2022-06-13T01:43:09.351+0000][1][safepoint    ] Leaving safepoint region
[2022-06-13T01:43:09.352+0000][1][safepoint    ] Total time for which application threads were stopped: 0.0011688 seconds, Stopping threads took: 0.0005729 seconds
[2022-06-13T01:43:10.352+0000][1][safepoint    ] Application time: 1.0002482 seconds
[2022-06-13T01:43:10.353+0000][1][safepoint    ] Entering safepoint region: Cleanup
[2022-06-13T01:43:10.354+0000][1][safepoint    ] Leaving safepoint region
[2022-06-13T01:43:10.355+0000][1][safepoint    ] Total time for which application threads were stopped: 0.0012828 seconds, Stopping threads took: 0.0006040 seconds
[2022-06-13T01:43:11.356+0000][1][safepoint    ] Application time: 1.0003132 seconds
[2022-06-13T01:43:11.357+0000][1][safepoint    ] Entering safepoint region: Cleanup
[2022-06-13T01:43:11.357+0000][1][safepoint    ] Leaving safepoint region
[2022-06-13T01:43:11.358+0000][1][safepoint    ] Total time for which application threads were stopped: 0.0013115 seconds, Stopping threads took: 0.0004406 seconds
[2022-06-13T01:43:12.359+0000][1][safepoint    ] Application time: 1.0002703 seconds
[2022-06-13T01:43:12.360+0000][1][safepoint    ] Entering safepoint region: Cleanup
[2022-06-13T01:43:12.361+0000][1][safepoint    ] Leaving safepoint region
[2022-06-13T01:43:12.361+0000][1][safepoint    ] Total time for which application threads were stopped: 0.0014662 seconds, Stopping threads took: 0.0009311 seconds
[2022-06-13T01:43:13.362+0000][1][safepoint    ] Application time: 1.0003579 seconds
[2022-06-13T01:43:13.363+0000][1][safepoint    ] Entering safepoint region: Cleanup
[2022-06-13T01:43:13.363+0000][1][safepoint    ] Leaving safepoint region
[2022-06-13T01:43:13.364+0000][1][safepoint    ] Total time for which application threads were stopped: 0.0010183 seconds, Stopping threads took: 0.0005706 seconds
[2022-06-13T01:43:14.364+0000][1][safepoint    ] Application time: 1.0002863 seconds
[2022-06-13T01:43:14.365+0000][1][safepoint    ] Entering safepoint region: Cleanup
[2022-06-13T01:43:14.365+0000][1][safepoint    ] Leaving safepoint region
[2022-06-13T01:43:14.366+0000][1][safepoint    ] Total time for which application threads were stopped: 0.0006762 seconds, Stopping threads took: 0.0003853 seconds
[2022-06-13T01:43:15.366+0000][1][safepoint    ] Application time: 1.0001372 seconds
[2022-06-13T01:43:15.367+0000][1][safepoint    ] Entering safepoint region: Cleanup
[2022-06-13T01:43:15.367+0000][1][safepoint    ] Leaving safepoint region
[2022-06-13T01:43:15.368+0000][1][safepoint    ] Total time for which application threads were stopped: 0.0009829 seconds, Stopping threads took: 0.0003855 seconds
[2022-06-13T01:43:16.368+0000][1][safepoint    ] Application time: 1.0001677 seconds
[2022-06-13T01:43:16.369+0000][1][safepoint    ] Entering safepoint region: Cleanup
[2022-06-13T01:43:16.369+0000][1][safepoint    ] Leaving safepoint region
[2022-06-13T01:43:16.370+0000][1][safepoint    ] Total time for which application threads were stopped: 0.0009189 seconds, Stopping threads took: 0.0003843 seconds
[2022-06-13T01:43:17.370+0000][1][safepoint    ] Application time: 1.0001284 seconds
[2022-06-13T01:43:17.370+0000][1][safepoint    ] Entering safepoint region: Cleanup
[2022-06-13T01:43:17.371+0000][1][safepoint    ] Leaving safepoint region
[2022-06-13T01:43:17.372+0000][1][safepoint    ] Total time for which application threads were stopped: 0.0012336 seconds, Stopping threads took: 0.0005687 seconds
[2022-06-13T01:43:18.372+0000][1][safepoint    ] Application time: 1.0002455 seconds
[2022-06-13T01:43:18.373+0000][1][safepoint    ] Entering safepoint region: Cleanup
[2022-06-13T01:43:18.374+0000][1][safepoint    ] Leaving safepoint region
[2022-06-13T01:43:18.374+0000][1][safepoint    ] Total time for which application threads were stopped: 0.0007949 seconds, Stopping threads took: 0.0003429 seconds
[2022-06-13T01:43:19.374+0000][1][safepoint    ] Application time: 1.0002677 seconds
[2022-06-13T01:43:19.375+0000][1][safepoint    ] Entering safepoint region: Cleanup
[2022-06-13T01:43:19.375+0000][1][safepoint    ] Leaving safepoint region
[2022-06-13T01:43:19.376+0000][1][safepoint    ] Total time for which application threads were stopped: 0.0009386 seconds, Stopping threads took: 0.0003526 seconds
[2022-06-13T01:43:20.377+0000][1][safepoint    ] Application time: 1.0003817 seconds
[2022-06-13T01:43:20.378+0000][1][safepoint    ] Entering safepoint region: Cleanup
[2022-06-13T01:43:20.379+0000][1][safepoint    ] Leaving safepoint region
[2022-06-13T01:43:20.379+0000][1][safepoint    ] Total time for which application threads were stopped: 0.0017348 seconds, Stopping threads took: 0.0008654 seconds
[2022-06-13T01:43:21.380+0000][1][safepoint    ] Application time: 1.0002093 seconds
[2022-06-13T01:43:21.381+0000][1][safepoint    ] Entering safepoint region: Cleanup
[2022-06-13T01:43:21.382+0000][1][safepoint    ] Leaving safepoint region
[2022-06-13T01:43:21.382+0000][1][safepoint    ] Total time for which application threads were stopped: 0.0012681 seconds, Stopping threads took: 0.0006633 seconds
[2022-06-13T01:43:22.383+0000][1][safepoint    ] Application time: 1.0002479 seconds
[2022-06-13T01:43:22.384+0000][1][safepoint    ] Entering safepoint region: Cleanup
[2022-06-13T01:43:22.384+0000][1][safepoint    ] Leaving safepoint region
[2022-06-13T01:43:22.385+0000][1][safepoint    ] Total time for which application threads were stopped: 0.0009544 seconds, Stopping threads took: 0.0005600 seconds
[2022-06-13T01:43:23.385+0000][1][safepoint    ] Application time: 1.0002432 seconds
[2022-06-13T01:43:23.386+0000][1][safepoint    ] Entering safepoint region: Cleanup
[2022-06-13T01:43:23.387+0000][1][safepoint    ] Leaving safepoint region
[2022-06-13T01:43:23.388+0000][1][safepoint    ] Total time for which application threads were stopped: 0.0012313 seconds, Stopping threads took: 0.0004999 seconds
[2022-06-13T01:43:24.389+0000][1][safepoint    ] Application time: 1.0002629 seconds
[2022-06-13T01:43:24.389+0000][1][safepoint    ] Entering safepoint region: Cleanup
[2022-06-13T01:43:24.390+0000][1][safepoint    ] Leaving safepoint region
[2022-06-13T01:43:24.390+0000][1][safepoint    ] Total time for which application threads were stopped: 0.0014246 seconds, Stopping threads took: 0.0009155 seconds
[2022-06-13T01:43:26.226+0000][1][safepoint    ] Application time: 1.8356664 seconds
[2022-06-13T01:43:26.227+0000][1][safepoint    ] Entering safepoint region: Cleanup
[2022-06-13T01:43:26.228+0000][1][safepoint    ] Leaving safepoint region
[2022-06-13T01:43:26.228+0000][1][safepoint    ] Total time for which application threads were stopped: 0.0011787 seconds, Stopping threads took: 0.0004693 seconds
[2022-06-13T01:43:27.230+0000][1][safepoint    ] Application time: 1.0003878 seconds
[2022-06-13T01:43:27.231+0000][1][safepoint    ] Entering safepoint region: Cleanup
[2022-06-13T01:43:27.231+0000][1][safepoint    ] Leaving safepoint region
[2022-06-13T01:43:27.232+0000][1][safepoint    ] Total time for which application threads were stopped: 0.0018414 seconds, Stopping threads took: 0.0007759 seconds
[2022-06-13T01:43:28.233+0000][1][safepoint    ] Application time: 1.0003500 seconds
[2022-06-13T01:43:28.235+0000][1][safepoint    ] Entering safepoint region: Cleanup
[2022-06-13T01:43:28.236+0000][1][safepoint    ] Leaving safepoint region
[2022-06-13T01:43:28.236+0000][1][safepoint    ] Total time for which application threads were stopped: 0.0018127 seconds, Stopping threads took: 0.0010377 seconds
[2022-06-13T01:43:29.238+0000][1][safepoint    ] Application time: 1.0002963 seconds
[2022-06-13T01:43:29.239+0000][1][safepoint    ] Entering safepoint region: Cleanup
[2022-06-13T01:43:29.240+0000][1][safepoint    ] Leaving safepoint region
[2022-06-13T01:43:29.240+0000][1][safepoint    ] Total time for which application threads were stopped: 0.0015034 seconds, Stopping threads took: 0.0006774 seconds
[2022-06-13T01:43:30.241+0000][1][safepoint    ] Application time: 1.0001864 seconds
[2022-06-13T01:43:30.242+0000][1][safepoint    ] Entering safepoint region: Cleanup
[2022-06-13T01:43:30.243+0000][1][safepoint    ] Leaving safepoint region
[2022-06-13T01:43:30.244+0000][1][safepoint    ] Total time for which application threads were stopped: 0.0016055 seconds, Stopping threads took: 0.0008913 seconds
[2022-06-13T01:43:31.244+0000][1][safepoint    ] Application time: 1.0002454 seconds
[2022-06-13T01:43:31.245+0000][1][safepoint    ] Entering safepoint region: Cleanup
[2022-06-13T01:43:31.246+0000][1][safepoint    ] Leaving safepoint region
[2022-06-13T01:43:31.246+0000][1][safepoint    ] Total time for which application threads were stopped: 0.0014028 seconds, Stopping threads took: 0.0004559 seconds
[2022-06-13T01:43:32.247+0000][1][safepoint    ] Application time: 1.0002023 seconds
[2022-06-13T01:43:32.248+0000][1][safepoint    ] Entering safepoint region: Cleanup
[2022-06-13T01:43:32.248+0000][1][safepoint    ] Leaving safepoint region
[2022-06-13T01:43:32.249+0000][1][safepoint    ] Total time for which application threads were stopped: 0.0008884 seconds, Stopping threads took: 0.0004348 seconds
[2022-06-13T01:43:33.249+0000][1][safepoint    ] Application time: 1.0001886 seconds
[2022-06-13T01:43:33.250+0000][1][safepoint    ] Entering safepoint region: Cleanup
[2022-06-13T01:43:33.251+0000][1][safepoint    ] Leaving safepoint region
[2022-06-13T01:43:33.252+0000][1][safepoint    ] Total time for which application threads were stopped: 0.0016479 seconds, Stopping threads took: 0.0007589 seconds
[2022-06-13T01:43:34.253+0000][1][safepoint    ] Application time: 1.0003328 seconds
[2022-06-13T01:43:34.254+0000][1][safepoint    ] Entering safepoint region: Cleanup
[2022-06-13T01:43:34.254+0000][1][safepoint    ] Leaving safepoint region
[2022-06-13T01:43:34.255+0000][1][safepoint    ] Total time for which application threads were stopped: 0.0013751 seconds, Stopping threads took: 0.0006046 seconds
[2022-06-13T01:43:35.256+0000][1][safepoint    ] Application time: 1.0002544 seconds
[2022-06-13T01:43:35.256+0000][1][safepoint    ] Entering safepoint region: Cleanup
[2022-06-13T01:43:35.257+0000][1][safepoint    ] Leaving safepoint region
[2022-06-13T01:43:35.258+0000][1][safepoint    ] Total time for which application threads were stopped: 0.0012163 seconds, Stopping threads took: 0.0007007 seconds
[2022-06-13T01:43:36.258+0000][1][safepoint    ] Application time: 1.0003326 seconds
[2022-06-13T01:43:36.259+0000][1][safepoint    ] Entering safepoint region: Cleanup
[2022-06-13T01:43:36.260+0000][1][safepoint    ] Leaving safepoint region
[2022-06-13T01:43:36.261+0000][1][safepoint    ] Total time for which application threads were stopped: 0.0013674 seconds, Stopping threads took: 0.0005939 seconds
[2022-06-13T01:43:37.262+0000][1][safepoint    ] Application time: 1.0003483 seconds
[2022-06-13T01:43:37.263+0000][1][safepoint    ] Entering safepoint region: Cleanup
[2022-06-13T01:43:37.263+0000][1][safepoint    ] Leaving safepoint region
[2022-06-13T01:43:37.264+0000][1][safepoint    ] Total time for which application threads were stopped: 0.0014528 seconds, Stopping threads took: 0.0006415 seconds
[2022-06-13T01:43:38.265+0000][1][safepoint    ] Application time: 1.0002965 seconds
[2022-06-13T01:43:38.266+0000][1][safepoint    ] Entering safepoint region: Cleanup
[2022-06-13T01:43:38.267+0000][1][safepoint    ] Leaving safepoint region
[2022-06-13T01:43:38.268+0000][1][safepoint    ] Total time for which application threads were stopped: 0.0015061 seconds, Stopping threads took: 0.0006384 seconds
[2022-06-13T01:43:39.268+0000][1][safepoint    ] Application time: 1.0002602 seconds
[2022-06-13T01:43:39.269+0000][1][safepoint    ] Entering safepoint region: Cleanup
[2022-06-13T01:43:39.270+0000][1][safepoint    ] Leaving safepoint region
[2022-06-13T01:43:39.270+0000][1][safepoint    ] Total time for which application threads were stopped: 0.0010966 seconds, Stopping threads took: 0.0004503 seconds
[2022-06-13T01:43:40.271+0000][1][safepoint    ] Application time: 1.0002071 seconds
[2022-06-13T01:43:40.271+0000][1][safepoint    ] Entering safepoint region: Cleanup
[2022-06-13T01:43:40.272+0000][1][safepoint    ] Leaving safepoint region
[2022-06-13T01:43:40.272+0000][1][safepoint    ] Total time for which application threads were stopped: 0.0005893 seconds, Stopping threads took: 0.0002842 seconds
[2022-06-13T01:43:41.273+0000][1][safepoint    ] Application time: 1.0002966 seconds
[2022-06-13T01:43:41.273+0000][1][safepoint    ] Entering safepoint region: Cleanup
[2022-06-13T01:43:41.274+0000][1][safepoint    ] Leaving safepoint region
[2022-06-13T01:43:41.274+0000][1][safepoint    ] Total time for which application threads were stopped: 0.0007099 seconds, Stopping threads took: 0.0003357 seconds
[2022-06-13T01:43:42.274+0000][1][safepoint    ] Application time: 1.0002871 seconds
[2022-06-13T01:43:42.275+0000][1][safepoint    ] Entering safepoint region: Cleanup
[2022-06-13T01:43:42.275+0000][1][safepoint    ] Leaving safepoint region
[2022-06-13T01:43:42.276+0000][1][safepoint    ] Total time for which application threads were stopped: 0.0008957 seconds, Stopping threads took: 0.0003055 seconds
[2022-06-13T01:43:43.276+0000][1][safepoint    ] Application time: 1.0001398 seconds
[2022-06-13T01:43:43.276+0000][1][safepoint    ] Entering safepoint region: Cleanup
[2022-06-13T01:43:43.277+0000][1][safepoint    ] Leaving safepoint region
[2022-06-13T01:43:43.277+0000][1][safepoint    ] Total time for which application threads were stopped: 0.0003944 seconds, Stopping threads took: 0.0001740 seconds
[2022-06-13T01:43:44.277+0000][1][safepoint    ] Application time: 1.0002398 seconds
[2022-06-13T01:43:44.278+0000][1][safepoint    ] Entering safepoint region: Cleanup
[2022-06-13T01:43:44.279+0000][1][safepoint    ] Leaving safepoint region
[2022-06-13T01:43:44.280+0000][1][safepoint    ] Total time for which application threads were stopped: 0.0020434 seconds, Stopping threads took: 0.0009215 seconds
[2022-06-13T01:43:45.281+0000][1][safepoint    ] Application time: 1.0003379 seconds
[2022-06-13T01:43:45.283+0000][1][safepoint    ] Entering safepoint region: Cleanup
[2022-06-13T01:43:45.283+0000][1][safepoint    ] Leaving safepoint region
[2022-06-13T01:43:45.284+0000][1][safepoint    ] Total time for which application threads were stopped: 0.0016823 seconds, Stopping threads took: 0.0007258 seconds
[2022-06-13T01:43:46.285+0000][1][safepoint    ] Application time: 1.0002651 seconds
[2022-06-13T01:43:46.286+0000][1][safepoint    ] Entering safepoint region: Cleanup
[2022-06-13T01:43:46.287+0000][1][safepoint    ] Leaving safepoint region
[2022-06-13T01:43:46.288+0000][1][safepoint    ] Total time for which application threads were stopped: 0.0017933 seconds, Stopping threads took: 0.0008565 seconds
[2022-06-13T01:43:47.289+0000][1][safepoint    ] Application time: 1.0002377 seconds
[2022-06-13T01:43:47.289+0000][1][safepoint    ] Entering safepoint region: Cleanup
[2022-06-13T01:43:47.290+0000][1][safepoint    ] Leaving safepoint region
[2022-06-13T01:43:47.290+0000][1][safepoint    ] Total time for which application threads were stopped: 0.0012584 seconds, Stopping threads took: 0.0006437 seconds
[2022-06-13T01:43:48.291+0000][1][safepoint    ] Application time: 1.0002756 seconds
[2022-06-13T01:43:48.292+0000][1][safepoint    ] Entering safepoint region: Cleanup
[2022-06-13T01:43:48.293+0000][1][safepoint    ] Leaving safepoint region
[2022-06-13T01:43:48.294+0000][1][safepoint    ] Total time for which application threads were stopped: 0.0019748 seconds, Stopping threads took: 0.0008827 seconds
[2022-06-13T01:43:49.295+0000][1][safepoint    ] Application time: 1.0001470 seconds
[2022-06-13T01:43:49.296+0000][1][safepoint    ] Entering safepoint region: Cleanup
[2022-06-13T01:43:49.296+0000][1][safepoint    ] Leaving safepoint region
[2022-06-13T01:43:49.296+0000][1][safepoint    ] Total time for which application threads were stopped: 0.0004738 seconds, Stopping threads took: 0.0002026 seconds
[2022-06-13T01:43:50.297+0000][1][safepoint    ] Application time: 1.0004100 seconds
[2022-06-13T01:43:50.297+0000][1][safepoint    ] Entering safepoint region: Cleanup
[2022-06-13T01:43:50.297+0000][1][safepoint    ] Leaving safepoint region
[2022-06-13T01:43:50.298+0000][1][safepoint    ] Total time for which application threads were stopped: 0.0006353 seconds, Stopping threads took: 0.0002357 seconds
[2022-06-13T01:43:51.298+0000][1][safepoint    ] Application time: 1.0001342 seconds
[2022-06-13T01:43:51.299+0000][1][safepoint    ] Entering safepoint region: Cleanup
[2022-06-13T01:43:51.299+0000][1][safepoint    ] Leaving safepoint region
[2022-06-13T01:43:51.299+0000][1][safepoint    ] Total time for which application threads were stopped: 0.0006916 seconds, Stopping threads took: 0.0003589 seconds
[2022-06-13T01:43:52.300+0000][1][safepoint    ] Application time: 1.0002044 seconds
[2022-06-13T01:43:52.301+0000][1][safepoint    ] Entering safepoint region: Cleanup
[2022-06-13T01:43:52.301+0000][1][safepoint    ] Leaving safepoint region
[2022-06-13T01:43:52.302+0000][1][safepoint    ] Total time for which application threads were stopped: 0.0011298 seconds, Stopping threads took: 0.0004912 seconds
[2022-06-13T01:43:53.302+0000][1][safepoint    ] Application time: 1.0002052 seconds
[2022-06-13T01:43:53.303+0000][1][safepoint    ] Entering safepoint region: Cleanup
[2022-06-13T01:43:53.304+0000][1][safepoint    ] Leaving safepoint region
[2022-06-13T01:43:53.305+0000][1][safepoint    ] Total time for which application threads were stopped: 0.0018309 seconds, Stopping threads took: 0.0008510 seconds
[2022-06-13T01:43:54.305+0000][1][safepoint    ] Application time: 1.0001511 seconds
[2022-06-13T01:43:54.306+0000][1][safepoint    ] Entering safepoint region: Cleanup
[2022-06-13T01:43:54.306+0000][1][safepoint    ] Leaving safepoint region
[2022-06-13T01:43:54.307+0000][1][safepoint    ] Total time for which application threads were stopped: 0.0009476 seconds, Stopping threads took: 0.0003180 seconds
[2022-06-13T01:43:55.307+0000][1][safepoint    ] Application time: 1.0001771 seconds
[2022-06-13T01:43:55.308+0000][1][safepoint    ] Entering safepoint region: Cleanup
[2022-06-13T01:43:55.308+0000][1][safepoint    ] Leaving safepoint region
[2022-06-13T01:43:55.309+0000][1][safepoint    ] Total time for which application threads were stopped: 0.0008100 seconds, Stopping threads took: 0.0003340 seconds
[2022-06-13T01:43:56.309+0000][1][safepoint    ] Application time: 1.0001960 seconds
[2022-06-13T01:43:56.310+0000][1][safepoint    ] Entering safepoint region: Cleanup
[2022-06-13T01:43:56.310+0000][1][safepoint    ] Leaving safepoint region
[2022-06-13T01:43:56.310+0000][1][safepoint    ] Total time for which application threads were stopped: 0.0004348 seconds, Stopping threads took: 0.0001828 seconds
[2022-06-13T01:43:57.310+0000][1][safepoint    ] Application time: 1.0002899 seconds
[2022-06-13T01:43:57.311+0000][1][safepoint    ] Entering safepoint region: Cleanup
[2022-06-13T01:43:57.312+0000][1][safepoint    ] Leaving safepoint region
[2022-06-13T01:43:57.313+0000][1][safepoint    ] Total time for which application threads were stopped: 0.0016923 seconds, Stopping threads took: 0.0007951 seconds
[2022-06-13T01:43:58.313+0000][1][safepoint    ] Application time: 1.0001700 seconds
[2022-06-13T01:43:58.314+0000][1][safepoint    ] Entering safepoint region: Cleanup
[2022-06-13T01:43:58.315+0000][1][safepoint    ] Leaving safepoint region
[2022-06-13T01:43:58.315+0000][1][safepoint    ] Total time for which application threads were stopped: 0.0009541 seconds, Stopping threads took: 0.0003466 seconds
[2022-06-13T01:43:59.316+0000][1][safepoint    ] Application time: 1.0002756 seconds
[2022-06-13T01:43:59.317+0000][1][safepoint    ] Entering safepoint region: Cleanup
[2022-06-13T01:43:59.317+0000][1][safepoint    ] Leaving safepoint region
[2022-06-13T01:43:59.318+0000][1][safepoint    ] Total time for which application threads were stopped: 0.0008763 seconds, Stopping threads took: 0.0004443 seconds
[2022-06-13T01:44:00.318+0000][1][safepoint    ] Application time: 1.0002822 seconds
[2022-06-13T01:44:00.319+0000][1][safepoint    ] Entering safepoint region: Cleanup
[2022-06-13T01:44:00.320+0000][1][safepoint    ] Leaving safepoint region
[2022-06-13T01:44:00.321+0000][1][safepoint    ] Total time for which application threads were stopped: 0.0014029 seconds, Stopping threads took: 0.0007428 seconds
[2022-06-13T01:44:01.321+0000][1][safepoint    ] Application time: 1.0002622 seconds
[2022-06-13T01:44:01.323+0000][1][safepoint    ] Entering safepoint region: Cleanup
[2022-06-13T01:44:01.324+0000][1][safepoint    ] Leaving safepoint region
[2022-06-13T01:44:01.325+0000][1][safepoint    ] Total time for which application threads were stopped: 0.0019460 seconds, Stopping threads took: 0.0009982 seconds
[2022-06-13T01:44:02.326+0000][1][safepoint    ] Application time: 1.0001461 seconds
[2022-06-13T01:44:02.326+0000][1][safepoint    ] Entering safepoint region: Cleanup
[2022-06-13T01:44:02.327+0000][1][safepoint    ] Leaving safepoint region
[2022-06-13T01:44:02.328+0000][1][safepoint    ] Total time for which application threads were stopped: 0.0013362 seconds, Stopping threads took: 0.0005571 seconds
[2022-06-13T01:44:03.328+0000][1][safepoint    ] Application time: 1.0002613 seconds
[2022-06-13T01:44:03.329+0000][1][safepoint    ] Entering safepoint region: Cleanup
[2022-06-13T01:44:03.330+0000][1][safepoint    ] Leaving safepoint region
[2022-06-13T01:44:03.330+0000][1][safepoint    ] Total time for which application threads were stopped: 0.0009610 seconds, Stopping threads took: 0.0004853 seconds
[2022-06-13T01:44:04.331+0000][1][safepoint    ] Application time: 1.0001696 seconds
[2022-06-13T01:44:04.331+0000][1][safepoint    ] Entering safepoint region: Cleanup
[2022-06-13T01:44:04.332+0000][1][safepoint    ] Leaving safepoint region
[2022-06-13T01:44:04.332+0000][1][safepoint    ] Total time for which application threads were stopped: 0.0009762 seconds, Stopping threads took: 0.0003994 seconds
[2022-06-13T01:44:05.333+0000][1][safepoint    ] Application time: 1.0002986 seconds
[2022-06-13T01:44:05.334+0000][1][safepoint    ] Entering safepoint region: Cleanup
[2022-06-13T01:44:05.335+0000][1][safepoint    ] Leaving safepoint region
[2022-06-13T01:44:05.336+0000][1][safepoint    ] Total time for which application threads were stopped: 0.0017803 seconds, Stopping threads took: 0.0008075 seconds
[2022-06-13T01:44:06.337+0000][1][safepoint    ] Application time: 1.0002270 seconds
[2022-06-13T01:44:06.337+0000][1][safepoint    ] Entering safepoint region: Cleanup
[2022-06-13T01:44:06.337+0000][1][safepoint    ] Leaving safepoint region
[2022-06-13T01:44:06.338+0000][1][safepoint    ] Total time for which application threads were stopped: 0.0009973 seconds, Stopping threads took: 0.0004809 seconds
[2022-06-13T01:44:07.338+0000][1][safepoint    ] Application time: 1.0001102 seconds
[2022-06-13T01:44:07.339+0000][1][safepoint    ] Entering safepoint region: Cleanup
[2022-06-13T01:44:07.340+0000][1][safepoint    ] Leaving safepoint region
[2022-06-13T01:44:07.340+0000][1][safepoint    ] Total time for which application threads were stopped: 0.0010445 seconds, Stopping threads took: 0.0004790 seconds
[2022-06-13T01:44:08.341+0000][1][safepoint    ] Application time: 1.0001108 seconds
[2022-06-13T01:44:08.341+0000][1][safepoint    ] Entering safepoint region: Cleanup
[2022-06-13T01:44:08.342+0000][1][safepoint    ] Leaving safepoint region
[2022-06-13T01:44:08.343+0000][1][safepoint    ] Total time for which application threads were stopped: 0.0011663 seconds, Stopping threads took: 0.0005574 seconds
[2022-06-13T01:44:09.343+0000][1][safepoint    ] Application time: 1.0002935 seconds
[2022-06-13T01:44:09.345+0000][1][safepoint    ] Entering safepoint region: Cleanup
[2022-06-13T01:44:09.346+0000][1][safepoint    ] Leaving safepoint region
[2022-06-13T01:44:09.346+0000][1][safepoint    ] Total time for which application threads were stopped: 0.0016843 seconds, Stopping threads took: 0.0008903 seconds
[2022-06-13T01:44:10.347+0000][1][safepoint    ] Application time: 1.0002863 seconds
[2022-06-13T01:44:10.348+0000][1][safepoint    ] Entering safepoint region: Cleanup
[2022-06-13T01:44:10.349+0000][1][safepoint    ] Leaving safepoint region
[2022-06-13T01:44:10.349+0000][1][safepoint    ] Total time for which application threads were stopped: 0.0012199 seconds, Stopping threads took: 0.0005093 seconds
[2022-06-13T01:44:11.350+0000][1][safepoint    ] Application time: 1.0004036 seconds
[2022-06-13T01:44:11.351+0000][1][safepoint    ] Entering safepoint region: Cleanup
[2022-06-13T01:44:11.351+0000][1][safepoint    ] Leaving safepoint region
[2022-06-13T01:44:11.352+0000][1][safepoint    ] Total time for which application threads were stopped: 0.0012604 seconds, Stopping threads took: 0.0004267 seconds
[2022-06-13T01:44:12.353+0000][1][safepoint    ] Application time: 1.0002981 seconds
[2022-06-13T01:44:12.354+0000][1][safepoint    ] Entering safepoint region: Cleanup
[2022-06-13T01:44:12.354+0000][1][safepoint    ] Leaving safepoint region
[2022-06-13T01:44:12.355+0000][1][safepoint    ] Total time for which application threads were stopped: 0.0011620 seconds, Stopping threads took: 0.0004405 seconds
[2022-06-13T01:44:13.356+0000][1][safepoint    ] Application time: 1.0003492 seconds
[2022-06-13T01:44:13.357+0000][1][safepoint    ] Entering safepoint region: Cleanup
[2022-06-13T01:44:13.358+0000][1][safepoint    ] Leaving safepoint region
[2022-06-13T01:44:13.359+0000][1][safepoint    ] Total time for which application threads were stopped: 0.0019299 seconds, Stopping threads took: 0.0008526 seconds
[2022-06-13T01:44:14.360+0000][1][safepoint    ] Application time: 1.0003030 seconds
[2022-06-13T01:44:14.361+0000][1][safepoint    ] Entering safepoint region: Cleanup
[2022-06-13T01:44:14.362+0000][1][safepoint    ] Leaving safepoint region
[2022-06-13T01:44:14.362+0000][1][safepoint    ] Total time for which application threads were stopped: 0.0014636 seconds, Stopping threads took: 0.0007894 seconds
[2022-06-13T01:44:15.363+0000][1][safepoint    ] Application time: 1.0002491 seconds
[2022-06-13T01:44:15.363+0000][1][safepoint    ] Entering safepoint region: Cleanup
[2022-06-13T01:44:15.364+0000][1][safepoint    ] Leaving safepoint region
[2022-06-13T01:44:15.364+0000][1][safepoint    ] Total time for which application threads were stopped: 0.0010717 seconds, Stopping threads took: 0.0005513 seconds
[2022-06-13T01:44:16.365+0000][1][safepoint    ] Application time: 1.0002347 seconds
[2022-06-13T01:44:16.365+0000][1][safepoint    ] Entering safepoint region: Cleanup
[2022-06-13T01:44:16.366+0000][1][safepoint    ] Leaving safepoint region
[2022-06-13T01:44:16.367+0000][1][safepoint    ] Total time for which application threads were stopped: 0.0014164 seconds, Stopping threads took: 0.0004470 seconds
[2022-06-13T01:44:17.367+0000][1][safepoint    ] Application time: 1.0001899 seconds
[2022-06-13T01:44:17.368+0000][1][safepoint    ] Entering safepoint region: Cleanup
[2022-06-13T01:44:17.368+0000][1][safepoint    ] Leaving safepoint region
[2022-06-13T01:44:17.369+0000][1][safepoint    ] Total time for which application threads were stopped: 0.0009649 seconds, Stopping threads took: 0.0005031 seconds
[2022-06-13T01:44:18.369+0000][1][safepoint    ] Application time: 1.0002823 seconds
[2022-06-13T01:44:18.370+0000][1][safepoint    ] Entering safepoint region: Cleanup
[2022-06-13T01:44:18.370+0000][1][safepoint    ] Leaving safepoint region
[2022-06-13T01:44:18.371+0000][1][safepoint    ] Total time for which application threads were stopped: 0.0008098 seconds, Stopping threads took: 0.0004056 seconds
[2022-06-13T01:44:19.371+0000][1][safepoint    ] Application time: 1.0002089 seconds
[2022-06-13T01:44:19.372+0000][1][safepoint    ] Entering safepoint region: Cleanup
[2022-06-13T01:44:19.373+0000][1][safepoint    ] Leaving safepoint region
[2022-06-13T01:44:19.373+0000][1][safepoint    ] Total time for which application threads were stopped: 0.0013798 seconds, Stopping threads took: 0.0007241 seconds
[2022-06-13T01:44:20.374+0000][1][safepoint    ] Application time: 1.0002131 seconds
[2022-06-13T01:44:20.374+0000][1][safepoint    ] Entering safepoint region: Cleanup
[2022-06-13T01:44:20.375+0000][1][safepoint    ] Leaving safepoint region
[2022-06-13T01:44:20.375+0000][1][safepoint    ] Total time for which application threads were stopped: 0.0009533 seconds, Stopping threads took: 0.0003360 seconds
[2022-06-13T01:44:21.376+0000][1][safepoint    ] Application time: 1.0002283 seconds
[2022-06-13T01:44:21.377+0000][1][safepoint    ] Entering safepoint region: Cleanup
[2022-06-13T01:44:21.378+0000][1][safepoint    ] Leaving safepoint region
[2022-06-13T01:44:21.378+0000][1][safepoint    ] Total time for which application threads were stopped: 0.0016970 seconds, Stopping threads took: 0.0009065 seconds
[2022-06-13T01:44:22.380+0000][1][safepoint    ] Application time: 1.0003582 seconds
[2022-06-13T01:44:22.380+0000][1][safepoint    ] Entering safepoint region: Cleanup
[2022-06-13T01:44:22.381+0000][1][safepoint    ] Leaving safepoint region
[2022-06-13T01:44:22.381+0000][1][safepoint    ] Total time for which application threads were stopped: 0.0011421 seconds, Stopping threads took: 0.0005135 seconds
[2022-06-13T01:44:23.382+0000][1][safepoint    ] Application time: 1.0003344 seconds
[2022-06-13T01:44:23.383+0000][1][safepoint    ] Entering safepoint region: Cleanup
[2022-06-13T01:44:23.384+0000][1][safepoint    ] Leaving safepoint region
[2022-06-13T01:44:23.385+0000][1][safepoint    ] Total time for which application threads were stopped: 0.0016603 seconds, Stopping threads took: 0.0007786 seconds
[2022-06-13T01:44:24.386+0000][1][safepoint    ] Application time: 1.0002025 seconds
[2022-06-13T01:44:24.387+0000][1][safepoint    ] Entering safepoint region: Cleanup
[2022-06-13T01:44:24.387+0000][1][safepoint    ] Leaving safepoint region
[2022-06-13T01:44:24.387+0000][1][safepoint    ] Total time for which application threads were stopped: 0.0006726 seconds, Stopping threads took: 0.0003435 seconds
[2022-06-13T01:44:25.388+0000][1][safepoint    ] Application time: 1.0001399 seconds
[2022-06-13T01:44:25.389+0000][1][safepoint    ] Entering safepoint region: Cleanup
[2022-06-13T01:44:25.390+0000][1][safepoint    ] Leaving safepoint region
[2022-06-13T01:44:25.390+0000][1][safepoint    ] Total time for which application threads were stopped: 0.0012409 seconds, Stopping threads took: 0.0006503 seconds
[2022-06-13T01:44:26.391+0000][1][safepoint    ] Application time: 1.0001781 seconds
[2022-06-13T01:44:26.391+0000][1][safepoint    ] Entering safepoint region: Cleanup
[2022-06-13T01:44:26.392+0000][1][safepoint    ] Leaving safepoint region
[2022-06-13T01:44:26.392+0000][1][safepoint    ] Total time for which application threads were stopped: 0.0006875 seconds, Stopping threads took: 0.0003444 seconds
[2022-06-13T01:44:27.392+0000][1][safepoint    ] Application time: 1.0002944 seconds
[2022-06-13T01:44:27.393+0000][1][safepoint    ] Entering safepoint region: Cleanup
[2022-06-13T01:44:27.394+0000][1][safepoint    ] Leaving safepoint region
[2022-06-13T01:44:27.395+0000][1][safepoint    ] Total time for which application threads were stopped: 0.0014120 seconds, Stopping threads took: 0.0008106 seconds
[2022-06-13T01:44:28.396+0000][1][safepoint    ] Application time: 1.0003385 seconds
[2022-06-13T01:44:28.396+0000][1][safepoint    ] Entering safepoint region: Cleanup
[2022-06-13T01:44:28.397+0000][1][safepoint    ] Leaving safepoint region
[2022-06-13T01:44:28.397+0000][1][safepoint    ] Total time for which application threads were stopped: 0.0008194 seconds, Stopping threads took: 0.0004113 seconds
[2022-06-13T01:44:29.398+0000][1][safepoint    ] Application time: 1.0002170 seconds
[2022-06-13T01:44:29.399+0000][1][safepoint    ] Entering safepoint region: Cleanup
[2022-06-13T01:44:29.399+0000][1][safepoint    ] Leaving safepoint region
[2022-06-13T01:44:29.400+0000][1][safepoint    ] Total time for which application threads were stopped: 0.0009844 seconds, Stopping threads took: 0.0002846 seconds
[2022-06-13T01:44:30.400+0000][1][safepoint    ] Application time: 1.0002498 seconds
[2022-06-13T01:44:30.402+0000][1][safepoint    ] Entering safepoint region: Cleanup
[2022-06-13T01:44:30.403+0000][1][safepoint    ] Leaving safepoint region
[2022-06-13T01:44:30.404+0000][1][safepoint    ] Total time for which application threads were stopped: 0.0020522 seconds, Stopping threads took: 0.0010286 seconds
[2022-06-13T01:44:31.505+0000][1][safepoint    ] Application time: 1.1003674 seconds
[2022-06-13T01:44:31.505+0000][1][safepoint    ] Entering safepoint region: Cleanup
[2022-06-13T01:44:31.506+0000][1][safepoint    ] Leaving safepoint region
[2022-06-13T01:44:31.506+0000][1][safepoint    ] Total time for which application threads were stopped: 0.0009691 seconds, Stopping threads took: 0.0004695 seconds
[2022-06-13T01:44:32.507+0000][1][safepoint    ] Application time: 1.0002237 seconds
[2022-06-13T01:44:32.508+0000][1][safepoint    ] Entering safepoint region: Cleanup
[2022-06-13T01:44:32.509+0000][1][safepoint    ] Leaving safepoint region
[2022-06-13T01:44:32.509+0000][1][safepoint    ] Total time for which application threads were stopped: 0.0014302 seconds, Stopping threads took: 0.0007516 seconds
[2022-06-13T01:44:33.510+0000][1][safepoint    ] Application time: 1.0007785 seconds
[2022-06-13T01:44:33.511+0000][1][safepoint    ] Entering safepoint region: Cleanup
[2022-06-13T01:44:33.512+0000][1][safepoint    ] Leaving safepoint region
[2022-06-13T01:44:33.513+0000][1][safepoint    ] Total time for which application threads were stopped: 0.0019169 seconds, Stopping threads took: 0.0006355 seconds
[2022-06-13T01:44:34.514+0000][1][safepoint    ] Application time: 1.0002234 seconds
[2022-06-13T01:44:34.515+0000][1][safepoint    ] Entering safepoint region: Cleanup
[2022-06-13T01:44:34.515+0000][1][safepoint    ] Leaving safepoint region
[2022-06-13T01:44:34.515+0000][1][safepoint    ] Total time for which application threads were stopped: 0.0005877 seconds, Stopping threads took: 0.0002443 seconds
[2022-06-13T01:44:35.516+0000][1][safepoint    ] Application time: 1.0003383 seconds
[2022-06-13T01:44:35.517+0000][1][safepoint    ] Entering safepoint region: Cleanup
[2022-06-13T01:44:35.517+0000][1][safepoint    ] Leaving safepoint region
[2022-06-13T01:44:35.518+0000][1][safepoint    ] Total time for which application threads were stopped: 0.0009877 seconds, Stopping threads took: 0.0004179 seconds
[2022-06-13T01:44:36.518+0000][1][safepoint    ] Application time: 1.0001795 seconds
[2022-06-13T01:44:36.519+0000][1][safepoint    ] Entering safepoint region: Cleanup
[2022-06-13T01:44:36.519+0000][1][safepoint    ] Leaving safepoint region
[2022-06-13T01:44:36.519+0000][1][safepoint    ] Total time for which application threads were stopped: 0.0005383 seconds, Stopping threads took: 0.0002326 seconds
[2022-06-13T01:44:37.520+0000][1][safepoint    ] Application time: 1.0002073 seconds
[2022-06-13T01:44:37.521+0000][1][safepoint    ] Entering safepoint region: Cleanup
[2022-06-13T01:44:37.522+0000][1][safepoint    ] Leaving safepoint region
[2022-06-13T01:44:37.523+0000][1][safepoint    ] Total time for which application threads were stopped: 0.0021552 seconds, Stopping threads took: 0.0008035 seconds
[2022-06-13T01:44:38.524+0000][1][safepoint    ] Application time: 1.0002024 seconds
[2022-06-13T01:44:38.524+0000][1][safepoint    ] Entering safepoint region: Cleanup
[2022-06-13T01:44:38.525+0000][1][safepoint    ] Leaving safepoint region
[2022-06-13T01:44:38.526+0000][1][safepoint    ] Total time for which application threads were stopped: 0.0011126 seconds, Stopping threads took: 0.0004495 seconds
[2022-06-13T01:44:39.526+0000][1][safepoint    ] Application time: 1.0001752 seconds
[2022-06-13T01:44:39.527+0000][1][safepoint    ] Entering safepoint region: Cleanup
[2022-06-13T01:44:39.527+0000][1][safepoint    ] Leaving safepoint region
[2022-06-13T01:44:39.527+0000][1][safepoint    ] Total time for which application threads were stopped: 0.0007578 seconds, Stopping threads took: 0.0003423 seconds
[2022-06-13T01:44:40.528+0000][1][safepoint    ] Application time: 1.0002382 seconds
[2022-06-13T01:44:40.529+0000][1][safepoint    ] Entering safepoint region: Cleanup
[2022-06-13T01:44:40.530+0000][1][safepoint    ] Leaving safepoint region
[2022-06-13T01:44:40.530+0000][1][safepoint    ] Total time for which application threads were stopped: 0.0013383 seconds, Stopping threads took: 0.0006498 seconds
[2022-06-13T01:44:41.531+0000][1][safepoint    ] Application time: 1.0002692 seconds
[2022-06-13T01:44:41.532+0000][1][safepoint    ] Entering safepoint region: Cleanup
[2022-06-13T01:44:41.532+0000][1][safepoint    ] Leaving safepoint region
[2022-06-13T01:44:41.533+0000][1][safepoint    ] Total time for which application threads were stopped: 0.0010980 seconds, Stopping threads took: 0.0006807 seconds
[2022-06-13T01:44:42.534+0000][1][safepoint    ] Application time: 1.0003170 seconds
[2022-06-13T01:44:42.534+0000][1][safepoint    ] Entering safepoint region: Cleanup
[2022-06-13T01:44:42.535+0000][1][safepoint    ] Leaving safepoint region
[2022-06-13T01:44:42.536+0000][1][safepoint    ] Total time for which application threads were stopped: 0.0013769 seconds, Stopping threads took: 0.0006796 seconds
[2022-06-13T01:44:43.536+0000][1][safepoint    ] Application time: 1.0002992 seconds
[2022-06-13T01:44:43.537+0000][1][safepoint    ] Entering safepoint region: Cleanup
[2022-06-13T01:44:43.538+0000][1][safepoint    ] Leaving safepoint region
[2022-06-13T01:44:43.539+0000][1][safepoint    ] Total time for which application threads were stopped: 0.0015502 seconds, Stopping threads took: 0.0007687 seconds
[2022-06-13T01:44:44.540+0000][1][safepoint    ] Application time: 1.0003972 seconds
[2022-06-13T01:44:44.540+0000][1][safepoint    ] Entering safepoint region: Cleanup
[2022-06-13T01:44:44.541+0000][1][safepoint    ] Leaving safepoint region
[2022-06-13T01:44:44.541+0000][1][safepoint    ] Total time for which application threads were stopped: 0.0009278 seconds, Stopping threads took: 0.0003497 seconds
[2022-06-13T01:44:45.542+0000][1][safepoint    ] Application time: 1.0001689 seconds
[2022-06-13T01:44:45.542+0000][1][safepoint    ] Entering safepoint region: Cleanup
[2022-06-13T01:44:45.543+0000][1][safepoint    ] Leaving safepoint region
[2022-06-13T01:44:45.543+0000][1][safepoint    ] Total time for which application threads were stopped: 0.0011330 seconds, Stopping threads took: 0.0004260 seconds
[2022-06-13T01:44:46.544+0000][1][safepoint    ] Application time: 1.0002475 seconds
[2022-06-13T01:44:46.544+0000][1][safepoint    ] Entering safepoint region: Cleanup
[2022-06-13T01:44:46.545+0000][1][safepoint    ] Leaving safepoint region
[2022-06-13T01:44:46.545+0000][1][safepoint    ] Total time for which application threads were stopped: 0.0008694 seconds, Stopping threads took: 0.0004382 seconds
[2022-06-13T01:44:47.546+0000][1][safepoint    ] Application time: 1.0001948 seconds
[2022-06-13T01:44:47.547+0000][1][safepoint    ] Entering safepoint region: Cleanup
[2022-06-13T01:44:47.547+0000][1][safepoint    ] Leaving safepoint region
[2022-06-13T01:44:47.547+0000][1][safepoint    ] Total time for which application threads were stopped: 0.0005804 seconds, Stopping threads took: 0.0003138 seconds
[2022-06-13T01:44:48.548+0000][1][safepoint    ] Application time: 1.0001535 seconds
[2022-06-13T01:44:48.548+0000][1][safepoint    ] Entering safepoint region: Cleanup
[2022-06-13T01:44:48.549+0000][1][safepoint    ] Leaving safepoint region
[2022-06-13T01:44:48.550+0000][1][safepoint    ] Total time for which application threads were stopped: 0.0012692 seconds, Stopping threads took: 0.0004408 seconds
[2022-06-13T01:44:49.550+0000][1][safepoint    ] Application time: 1.0002898 seconds
[2022-06-13T01:44:49.551+0000][1][safepoint    ] Entering safepoint region: Cleanup
[2022-06-13T01:44:49.552+0000][1][safepoint    ] Leaving safepoint region
[2022-06-13T01:44:49.553+0000][1][safepoint    ] Total time for which application threads were stopped: 0.0017218 seconds, Stopping threads took: 0.0010037 seconds
[2022-06-13T01:44:50.554+0000][1][safepoint    ] Application time: 1.0003066 seconds
[2022-06-13T01:44:50.555+0000][1][safepoint    ] Entering safepoint region: Cleanup
[2022-06-13T01:44:50.555+0000][1][safepoint    ] Leaving safepoint region
[2022-06-13T01:44:50.556+0000][1][safepoint    ] Total time for which application threads were stopped: 0.0009529 seconds, Stopping threads took: 0.0003559 seconds
[2022-06-13T01:44:51.521+0000][1][safepoint    ] Application time: 0.9654566 seconds
[2022-06-13T01:44:51.522+0000][1][safepoint    ] Entering safepoint region: GenCollectForAllocation
[2022-06-13T01:44:51.523+0000][1][gc,start     ] GC(26) Pause Young (Allocation Failure)
[2022-06-13T01:44:51.523+0000][1][gc,task      ] GC(26) Using 5 workers of 13 for evacuation
[2022-06-13T01:44:51.526+0000][1][gc,age       ] GC(26) Desired survivor size 4456448 bytes, new threshold 6 (max threshold 6)
[2022-06-13T01:44:51.527+0000][1][gc,age       ] GC(26) Age table with threshold 6 (max threshold 6)
[2022-06-13T01:44:51.528+0000][1][gc,age       ] GC(26) - age   1:      32320 bytes,      32320 total
[2022-06-13T01:44:51.529+0000][1][gc,age       ] GC(26) - age   2:      28368 bytes,      60688 total
[2022-06-13T01:44:51.529+0000][1][gc,age       ] GC(26) - age   3:      15152 bytes,      75840 total
[2022-06-13T01:44:51.530+0000][1][gc,age       ] GC(26) - age   4:      48392 bytes,     124232 total
[2022-06-13T01:44:51.531+0000][1][gc,age       ] GC(26) - age   5:     669312 bytes,     793544 total
[2022-06-13T01:44:51.531+0000][1][gc,heap      ] GC(26) ParNew: 71026K->1152K(78656K)
[2022-06-13T01:44:51.532+0000][1][gc,heap      ] GC(26) CMS: 68020K->68020K(174784K)
[2022-06-13T01:44:51.533+0000][1][gc,metaspace ] GC(26) Metaspace: 64305K->64305K(1107968K)
[2022-06-13T01:44:51.534+0000][1][gc           ] GC(26) Pause Young (Allocation Failure) 135M->67M(247M) 10.743ms
[2022-06-13T01:44:51.534+0000][1][gc,cpu       ] GC(26) User=0.01s Sys=0.01s Real=0.01s
[2022-06-13T01:44:51.535+0000][1][safepoint    ] Leaving safepoint region
[2022-06-13T01:44:51.536+0000][1][safepoint    ] Total time for which application threads were stopped: 0.0137070 seconds, Stopping threads took: 0.0007404 seconds
[2022-06-13T01:44:52.537+0000][1][safepoint    ] Application time: 1.0003539 seconds
[2022-06-13T01:44:52.537+0000][1][safepoint    ] Entering safepoint region: Cleanup
[2022-06-13T01:44:52.538+0000][1][safepoint    ] Leaving safepoint region
[2022-06-13T01:44:52.538+0000][1][safepoint    ] Total time for which application threads were stopped: 0.0005320 seconds, Stopping threads took: 0.0002347 seconds
[2022-06-13T01:44:53.538+0000][1][safepoint    ] Application time: 1.0003019 seconds
[2022-06-13T01:44:53.539+0000][1][safepoint    ] Entering safepoint region: Cleanup
[2022-06-13T01:44:53.539+0000][1][safepoint    ] Leaving safepoint region
[2022-06-13T01:44:53.540+0000][1][safepoint    ] Total time for which application threads were stopped: 0.0010039 seconds, Stopping threads took: 0.0004909 seconds
[2022-06-13T01:44:54.540+0000][1][safepoint    ] Application time: 1.0001755 seconds
[2022-06-13T01:44:54.542+0000][1][safepoint    ] Entering safepoint region: Cleanup
[2022-06-13T01:44:54.542+0000][1][safepoint    ] Leaving safepoint region
[2022-06-13T01:44:54.544+0000][1][safepoint    ] Total time for which application threads were stopped: 0.0026462 seconds, Stopping threads took: 0.0013470 seconds
[2022-06-13T01:44:55.544+0000][1][safepoint    ] Application time: 1.0002186 seconds
[2022-06-13T01:44:55.545+0000][1][safepoint    ] Entering safepoint region: Cleanup
[2022-06-13T01:44:55.545+0000][1][safepoint    ] Leaving safepoint region
[2022-06-13T01:44:55.546+0000][1][safepoint    ] Total time for which application threads were stopped: 0.0009942 seconds, Stopping threads took: 0.0004175 seconds
[2022-06-13T01:44:56.547+0000][1][safepoint    ] Application time: 1.0003405 seconds
[2022-06-13T01:44:56.547+0000][1][safepoint    ] Entering safepoint region: Cleanup
[2022-06-13T01:44:56.548+0000][1][safepoint    ] Leaving safepoint region
[2022-06-13T01:44:56.548+0000][1][safepoint    ] Total time for which application threads were stopped: 0.0009948 seconds, Stopping threads took: 0.0005202 seconds
[2022-06-13T01:44:57.549+0000][1][safepoint    ] Application time: 1.0002173 seconds
[2022-06-13T01:44:57.550+0000][1][safepoint    ] Entering safepoint region: Cleanup
[2022-06-13T01:44:57.551+0000][1][safepoint    ] Leaving safepoint region
[2022-06-13T01:44:57.552+0000][1][safepoint    ] Total time for which application threads were stopped: 0.0020796 seconds, Stopping threads took: 0.0010442 seconds
[2022-06-13T01:44:58.552+0000][1][safepoint    ] Application time: 1.0002204 seconds
[2022-06-13T01:44:58.553+0000][1][safepoint    ] Entering safepoint region: Cleanup
[2022-06-13T01:44:58.553+0000][1][safepoint    ] Leaving safepoint region
[2022-06-13T01:44:58.554+0000][1][safepoint    ] Total time for which application threads were stopped: 0.0011728 seconds, Stopping threads took: 0.0004651 seconds
[2022-06-13T01:44:59.555+0000][1][safepoint    ] Application time: 1.0003059 seconds
[2022-06-13T01:44:59.556+0000][1][safepoint    ] Entering safepoint region: Cleanup
[2022-06-13T01:44:59.557+0000][1][safepoint    ] Leaving safepoint region
[2022-06-13T01:44:59.557+0000][1][safepoint    ] Total time for which application threads were stopped: 0.0014415 seconds, Stopping threads took: 0.0006933 seconds
[2022-06-13T01:45:00.558+0000][1][safepoint    ] Application time: 1.0002460 seconds
[2022-06-13T01:45:00.559+0000][1][safepoint    ] Entering safepoint region: Cleanup
[2022-06-13T01:45:00.560+0000][1][safepoint    ] Leaving safepoint region
[2022-06-13T01:45:00.561+0000][1][safepoint    ] Total time for which application threads were stopped: 0.0015354 seconds, Stopping threads took: 0.0007887 seconds
[2022-06-13T01:45:01.562+0000][1][safepoint    ] Application time: 1.0004703 seconds
[2022-06-13T01:45:01.563+0000][1][safepoint    ] Entering safepoint region: Cleanup
[2022-06-13T01:45:01.563+0000][1][safepoint    ] Leaving safepoint region
[2022-06-13T01:45:01.564+0000][1][safepoint    ] Total time for which application threads were stopped: 0.0011692 seconds, Stopping threads took: 0.0005276 seconds
[2022-06-13T01:45:02.565+0000][1][safepoint    ] Application time: 1.0003377 seconds
[2022-06-13T01:45:02.566+0000][1][safepoint    ] Entering safepoint region: Cleanup
[2022-06-13T01:45:02.567+0000][1][safepoint    ] Leaving safepoint region
[2022-06-13T01:45:02.567+0000][1][safepoint    ] Total time for which application threads were stopped: 0.0015536 seconds, Stopping threads took: 0.0007870 seconds
[2022-06-13T01:45:03.568+0000][1][safepoint    ] Application time: 1.0002066 seconds
[2022-06-13T01:45:03.569+0000][1][safepoint    ] Entering safepoint region: Cleanup
[2022-06-13T01:45:03.570+0000][1][safepoint    ] Leaving safepoint region
[2022-06-13T01:45:03.570+0000][1][safepoint    ] Total time for which application threads were stopped: 0.0011126 seconds, Stopping threads took: 0.0006672 seconds
[2022-06-13T01:45:04.571+0000][1][safepoint    ] Application time: 1.0001435 seconds
[2022-06-13T01:45:04.572+0000][1][safepoint    ] Entering safepoint region: Cleanup
[2022-06-13T01:45:04.572+0000][1][safepoint    ] Leaving safepoint region
[2022-06-13T01:45:04.573+0000][1][safepoint    ] Total time for which application threads were stopped: 0.0011035 seconds, Stopping threads took: 0.0004290 seconds
[2022-06-13T01:45:05.574+0000][1][safepoint    ] Application time: 1.0002676 seconds
[2022-06-13T01:45:05.574+0000][1][safepoint    ] Entering safepoint region: Cleanup
[2022-06-13T01:45:05.575+0000][1][safepoint    ] Leaving safepoint region
[2022-06-13T01:45:05.575+0000][1][safepoint    ] Total time for which application threads were stopped: 0.0011089 seconds, Stopping threads took: 0.0005126 seconds
[2022-06-13T01:45:06.576+0000][1][safepoint    ] Application time: 1.0002165 seconds
[2022-06-13T01:45:06.577+0000][1][safepoint    ] Entering safepoint region: Cleanup
[2022-06-13T01:45:06.577+0000][1][safepoint    ] Leaving safepoint region
[2022-06-13T01:45:06.578+0000][1][safepoint    ] Total time for which application threads were stopped: 0.0011932 seconds, Stopping threads took: 0.0005503 seconds
[2022-06-13T01:45:07.579+0000][1][safepoint    ] Application time: 1.0003458 seconds
[2022-06-13T01:45:07.579+0000][1][safepoint    ] Entering safepoint region: Cleanup
[2022-06-13T01:45:07.580+0000][1][safepoint    ] Leaving safepoint region
[2022-06-13T01:45:07.580+0000][1][safepoint    ] Total time for which application threads were stopped: 0.0012464 seconds, Stopping threads took: 0.0006187 seconds
[2022-06-13T01:45:08.581+0000][1][safepoint    ] Application time: 1.0003318 seconds
[2022-06-13T01:45:08.582+0000][1][safepoint    ] Entering safepoint region: Cleanup
[2022-06-13T01:45:08.583+0000][1][safepoint    ] Leaving safepoint region
[2022-06-13T01:45:08.584+0000][1][safepoint    ] Total time for which application threads were stopped: 0.0018584 seconds, Stopping threads took: 0.0006562 seconds
[2022-06-13T01:45:09.585+0000][1][safepoint    ] Application time: 1.0002358 seconds
[2022-06-13T01:45:09.586+0000][1][safepoint    ] Entering safepoint region: Cleanup
[2022-06-13T01:45:09.586+0000][1][safepoint    ] Leaving safepoint region
[2022-06-13T01:45:09.587+0000][1][safepoint    ] Total time for which application threads were stopped: 0.0010104 seconds, Stopping threads took: 0.0005396 seconds
[2022-06-13T01:45:10.588+0000][1][safepoint    ] Application time: 1.0003737 seconds
[2022-06-13T01:45:10.589+0000][1][safepoint    ] Entering safepoint region: Cleanup
[2022-06-13T01:45:10.589+0000][1][safepoint    ] Leaving safepoint region
[2022-06-13T01:45:10.590+0000][1][safepoint    ] Total time for which application threads were stopped: 0.0016981 seconds, Stopping threads took: 0.0006856 seconds
[2022-06-13T01:45:11.591+0000][1][safepoint    ] Application time: 1.0002445 seconds
[2022-06-13T01:45:11.592+0000][1][safepoint    ] Entering safepoint region: Cleanup
[2022-06-13T01:45:11.592+0000][1][safepoint    ] Leaving safepoint region
[2022-06-13T01:45:11.593+0000][1][safepoint    ] Total time for which application threads were stopped: 0.0010632 seconds, Stopping threads took: 0.0004154 seconds
[2022-06-13T01:45:12.594+0000][1][safepoint    ] Application time: 1.0003567 seconds
[2022-06-13T01:45:12.595+0000][1][safepoint    ] Entering safepoint region: Cleanup
[2022-06-13T01:45:12.596+0000][1][safepoint    ] Leaving safepoint region
[2022-06-13T01:45:12.596+0000][1][safepoint    ] Total time for which application threads were stopped: 0.0009999 seconds, Stopping threads took: 0.0005623 seconds
[2022-06-13T01:45:13.596+0000][1][safepoint    ] Application time: 1.0001535 seconds
[2022-06-13T01:45:13.597+0000][1][safepoint    ] Entering safepoint region: Cleanup
[2022-06-13T01:45:13.598+0000][1][safepoint    ] Leaving safepoint region
[2022-06-13T01:45:13.598+0000][1][safepoint    ] Total time for which application threads were stopped: 0.0006908 seconds, Stopping threads took: 0.0003449 seconds
[2022-06-13T01:45:14.599+0000][1][safepoint    ] Application time: 1.0002951 seconds
[2022-06-13T01:45:14.599+0000][1][safepoint    ] Entering safepoint region: Cleanup
[2022-06-13T01:45:14.600+0000][1][safepoint    ] Leaving safepoint region
[2022-06-13T01:45:14.600+0000][1][safepoint    ] Total time for which application threads were stopped: 0.0009872 seconds, Stopping threads took: 0.0004723 seconds
[2022-06-13T01:45:15.601+0000][1][safepoint    ] Application time: 1.0001558 seconds
[2022-06-13T01:45:15.601+0000][1][safepoint    ] Entering safepoint region: Cleanup
[2022-06-13T01:45:15.602+0000][1][safepoint    ] Leaving safepoint region
[2022-06-13T01:45:15.602+0000][1][safepoint    ] Total time for which application threads were stopped: 0.0007035 seconds, Stopping threads took: 0.0002428 seconds
[2022-06-13T01:45:16.603+0000][1][safepoint    ] Application time: 1.0001532 seconds
[2022-06-13T01:45:16.603+0000][1][safepoint    ] Entering safepoint region: Cleanup
[2022-06-13T01:45:16.604+0000][1][safepoint    ] Leaving safepoint region
[2022-06-13T01:45:16.604+0000][1][safepoint    ] Total time for which application threads were stopped: 0.0010114 seconds, Stopping threads took: 0.0003483 seconds
[2022-06-13T01:45:17.605+0000][1][safepoint    ] Application time: 1.0002265 seconds
[2022-06-13T01:45:17.606+0000][1][safepoint    ] Entering safepoint region: Cleanup
[2022-06-13T01:45:17.606+0000][1][safepoint    ] Leaving safepoint region
[2022-06-13T01:45:17.607+0000][1][safepoint    ] Total time for which application threads were stopped: 0.0013514 seconds, Stopping threads took: 0.0004318 seconds
[2022-06-13T01:45:18.608+0000][1][safepoint    ] Application time: 1.0004389 seconds
[2022-06-13T01:45:18.609+0000][1][safepoint    ] Entering safepoint region: Cleanup
[2022-06-13T01:45:18.610+0000][1][safepoint    ] Leaving safepoint region
[2022-06-13T01:45:18.612+0000][1][safepoint    ] Total time for which application threads were stopped: 0.0022762 seconds, Stopping threads took: 0.0008012 seconds
[2022-06-13T01:45:19.613+0000][1][safepoint    ] Application time: 1.0003470 seconds
[2022-06-13T01:45:19.613+0000][1][safepoint    ] Entering safepoint region: Cleanup
[2022-06-13T01:45:19.614+0000][1][safepoint    ] Leaving safepoint region
[2022-06-13T01:45:19.614+0000][1][safepoint    ] Total time for which application threads were stopped: 0.0008993 seconds, Stopping threads took: 0.0004297 seconds
[2022-06-13T01:45:20.615+0000][1][safepoint    ] Application time: 1.0003369 seconds
[2022-06-13T01:45:20.615+0000][1][safepoint    ] Entering safepoint region: Cleanup
[2022-06-13T01:45:20.616+0000][1][safepoint    ] Leaving safepoint region
[2022-06-13T01:45:20.616+0000][1][safepoint    ] Total time for which application threads were stopped: 0.0008485 seconds, Stopping threads took: 0.0003643 seconds
[2022-06-13T01:45:21.616+0000][1][safepoint    ] Application time: 1.0001864 seconds
[2022-06-13T01:45:21.617+0000][1][safepoint    ] Entering safepoint region: Cleanup
[2022-06-13T01:45:21.618+0000][1][safepoint    ] Leaving safepoint region
[2022-06-13T01:45:21.618+0000][1][safepoint    ] Total time for which application threads were stopped: 0.0007086 seconds, Stopping threads took: 0.0003244 seconds
[2022-06-13T01:45:22.618+0000][1][safepoint    ] Application time: 1.0001516 seconds
[2022-06-13T01:45:22.619+0000][1][safepoint    ] Entering safepoint region: Cleanup
[2022-06-13T01:45:22.619+0000][1][safepoint    ] Leaving safepoint region
[2022-06-13T01:45:22.620+0000][1][safepoint    ] Total time for which application threads were stopped: 0.0008962 seconds, Stopping threads took: 0.0003713 seconds
[2022-06-13T01:45:23.620+0000][1][safepoint    ] Application time: 1.0001390 seconds
[2022-06-13T01:45:23.621+0000][1][safepoint    ] Entering safepoint region: Cleanup
[2022-06-13T01:45:23.621+0000][1][safepoint    ] Leaving safepoint region
[2022-06-13T01:45:23.621+0000][1][safepoint    ] Total time for which application threads were stopped: 0.0005852 seconds, Stopping threads took: 0.0001938 seconds
[2022-06-13T01:45:24.622+0000][1][safepoint    ] Application time: 1.0002061 seconds
[2022-06-13T01:45:24.622+0000][1][safepoint    ] Entering safepoint region: Cleanup
[2022-06-13T01:45:24.623+0000][1][safepoint    ] Leaving safepoint region
[2022-06-13T01:45:24.623+0000][1][safepoint    ] Total time for which application threads were stopped: 0.0006641 seconds, Stopping threads took: 0.0002499 seconds
[2022-06-13T01:45:25.623+0000][1][safepoint    ] Application time: 1.0001496 seconds
[2022-06-13T01:45:25.624+0000][1][safepoint    ] Entering safepoint region: Cleanup
[2022-06-13T01:45:25.624+0000][1][safepoint    ] Leaving safepoint region
[2022-06-13T01:45:25.625+0000][1][safepoint    ] Total time for which application threads were stopped: 0.0008490 seconds, Stopping threads took: 0.0005624 seconds
[2022-06-13T01:45:26.625+0000][1][safepoint    ] Application time: 1.0002088 seconds
[2022-06-13T01:45:26.626+0000][1][safepoint    ] Entering safepoint region: Cleanup
[2022-06-13T01:45:26.626+0000][1][safepoint    ] Leaving safepoint region
[2022-06-13T01:45:26.626+0000][1][safepoint    ] Total time for which application threads were stopped: 0.0008765 seconds, Stopping threads took: 0.0003475 seconds
[2022-06-13T01:45:27.627+0000][1][safepoint    ] Application time: 1.0001377 seconds
[2022-06-13T01:45:27.628+0000][1][safepoint    ] Entering safepoint region: Cleanup
[2022-06-13T01:45:27.628+0000][1][safepoint    ] Leaving safepoint region
[2022-06-13T01:45:27.628+0000][1][safepoint    ] Total time for which application threads were stopped: 0.0005501 seconds, Stopping threads took: 0.0002699 seconds
[2022-06-13T01:45:28.628+0000][1][safepoint    ] Application time: 1.0001570 seconds
[2022-06-13T01:45:28.629+0000][1][safepoint    ] Entering safepoint region: Cleanup
[2022-06-13T01:45:28.630+0000][1][safepoint    ] Leaving safepoint region
[2022-06-13T01:45:28.630+0000][1][safepoint    ] Total time for which application threads were stopped: 0.0011241 seconds, Stopping threads took: 0.0005977 seconds
[2022-06-13T01:45:29.631+0000][1][safepoint    ] Application time: 1.0001344 seconds
[2022-06-13T01:45:29.631+0000][1][safepoint    ] Entering safepoint region: Cleanup
[2022-06-13T01:45:29.632+0000][1][safepoint    ] Leaving safepoint region
[2022-06-13T01:45:29.632+0000][1][safepoint    ] Total time for which application threads were stopped: 0.0011550 seconds, Stopping threads took: 0.0005789 seconds
[2022-06-13T01:45:30.633+0000][1][safepoint    ] Application time: 1.0001981 seconds
[2022-06-13T01:45:30.634+0000][1][safepoint    ] Entering safepoint region: Cleanup
[2022-06-13T01:45:30.634+0000][1][safepoint    ] Leaving safepoint region
[2022-06-13T01:45:30.635+0000][1][safepoint    ] Total time for which application threads were stopped: 0.0012359 seconds, Stopping threads took: 0.0005353 seconds
[2022-06-13T01:45:31.636+0000][1][safepoint    ] Application time: 1.0001652 seconds
[2022-06-13T01:45:31.636+0000][1][safepoint    ] Entering safepoint region: Cleanup
[2022-06-13T01:45:31.637+0000][1][safepoint    ] Leaving safepoint region
[2022-06-13T01:45:31.638+0000][1][safepoint    ] Total time for which application threads were stopped: 0.0013745 seconds, Stopping threads took: 0.0005662 seconds
[2022-06-13T01:45:32.639+0000][1][safepoint    ] Application time: 1.0003968 seconds
[2022-06-13T01:45:32.639+0000][1][safepoint    ] Entering safepoint region: Cleanup
[2022-06-13T01:45:32.640+0000][1][safepoint    ] Leaving safepoint region
[2022-06-13T01:45:32.641+0000][1][safepoint    ] Total time for which application threads were stopped: 0.0013963 seconds, Stopping threads took: 0.0005097 seconds
[2022-06-13T01:45:33.641+0000][1][safepoint    ] Application time: 1.0002483 seconds
[2022-06-13T01:45:33.642+0000][1][safepoint    ] Entering safepoint region: Cleanup
[2022-06-13T01:45:33.643+0000][1][safepoint    ] Leaving safepoint region
[2022-06-13T01:45:33.644+0000][1][safepoint    ] Total time for which application threads were stopped: 0.0016448 seconds, Stopping threads took: 0.0008968 seconds
[2022-06-13T01:45:34.645+0000][1][safepoint    ] Application time: 1.0002589 seconds
[2022-06-13T01:45:34.646+0000][1][safepoint    ] Entering safepoint region: Cleanup
[2022-06-13T01:45:34.646+0000][1][safepoint    ] Leaving safepoint region
[2022-06-13T01:45:34.647+0000][1][safepoint    ] Total time for which application threads were stopped: 0.0016150 seconds, Stopping threads took: 0.0006904 seconds
[2022-06-13T01:45:35.648+0000][1][safepoint    ] Application time: 1.0002361 seconds
[2022-06-13T01:45:35.649+0000][1][safepoint    ] Entering safepoint region: Cleanup
[2022-06-13T01:45:35.649+0000][1][safepoint    ] Leaving safepoint region
[2022-06-13T01:45:35.650+0000][1][safepoint    ] Total time for which application threads were stopped: 0.0009581 seconds, Stopping threads took: 0.0003626 seconds
[2022-06-13T01:45:36.650+0000][1][safepoint    ] Application time: 1.0001420 seconds
[2022-06-13T01:45:36.651+0000][1][safepoint    ] Entering safepoint region: Cleanup
[2022-06-13T01:45:36.652+0000][1][safepoint    ] Leaving safepoint region
[2022-06-13T01:45:36.652+0000][1][safepoint    ] Total time for which application threads were stopped: 0.0015428 seconds, Stopping threads took: 0.0007366 seconds
[2022-06-13T01:45:37.653+0000][1][safepoint    ] Application time: 1.0002505 seconds
[2022-06-13T01:45:37.654+0000][1][safepoint    ] Entering safepoint region: Cleanup
[2022-06-13T01:45:37.655+0000][1][safepoint    ] Leaving safepoint region
[2022-06-13T01:45:37.655+0000][1][safepoint    ] Total time for which application threads were stopped: 0.0012363 seconds, Stopping threads took: 0.0005344 seconds
[2022-06-13T01:45:38.656+0000][1][safepoint    ] Application time: 1.0002757 seconds
[2022-06-13T01:45:38.657+0000][1][safepoint    ] Entering safepoint region: Cleanup
[2022-06-13T01:45:38.657+0000][1][safepoint    ] Leaving safepoint region
[2022-06-13T01:45:38.658+0000][1][safepoint    ] Total time for which application threads were stopped: 0.0013295 seconds, Stopping threads took: 0.0005955 seconds
[2022-06-13T01:45:39.659+0000][1][safepoint    ] Application time: 1.0002599 seconds
[2022-06-13T01:45:39.659+0000][1][safepoint    ] Entering safepoint region: Cleanup
[2022-06-13T01:45:39.660+0000][1][safepoint    ] Leaving safepoint region
[2022-06-13T01:45:39.660+0000][1][safepoint    ] Total time for which application threads were stopped: 0.0008794 seconds, Stopping threads took: 0.0004330 seconds
[2022-06-13T01:45:40.661+0000][1][safepoint    ] Application time: 1.0001483 seconds
[2022-06-13T01:45:40.661+0000][1][safepoint    ] Entering safepoint region: Cleanup
[2022-06-13T01:45:40.662+0000][1][safepoint    ] Leaving safepoint region
[2022-06-13T01:45:40.662+0000][1][safepoint    ] Total time for which application threads were stopped: 0.0006477 seconds, Stopping threads took: 0.0003113 seconds
[2022-06-13T01:45:41.662+0000][1][safepoint    ] Application time: 1.0002719 seconds
[2022-06-13T01:45:41.663+0000][1][safepoint    ] Entering safepoint region: Cleanup
[2022-06-13T01:45:41.664+0000][1][safepoint    ] Leaving safepoint region
[2022-06-13T01:45:41.665+0000][1][safepoint    ] Total time for which application threads were stopped: 0.0012895 seconds, Stopping threads took: 0.0007654 seconds
[2022-06-13T01:45:42.665+0000][1][safepoint    ] Application time: 1.0002194 seconds
[2022-06-13T01:45:42.666+0000][1][safepoint    ] Entering safepoint region: Cleanup
[2022-06-13T01:45:42.667+0000][1][safepoint    ] Leaving safepoint region
[2022-06-13T01:45:42.667+0000][1][safepoint    ] Total time for which application threads were stopped: 0.0010278 seconds, Stopping threads took: 0.0004148 seconds
[2022-06-13T01:45:43.668+0000][1][safepoint    ] Application time: 1.0002850 seconds
[2022-06-13T01:45:43.668+0000][1][safepoint    ] Entering safepoint region: Cleanup
[2022-06-13T01:45:43.669+0000][1][safepoint    ] Leaving safepoint region
[2022-06-13T01:45:43.669+0000][1][safepoint    ] Total time for which application threads were stopped: 0.0008956 seconds, Stopping threads took: 0.0004180 seconds
[2022-06-13T01:45:44.670+0000][1][safepoint    ] Application time: 1.0002015 seconds
[2022-06-13T01:45:44.671+0000][1][safepoint    ] Entering safepoint region: Cleanup
[2022-06-13T01:45:44.672+0000][1][safepoint    ] Leaving safepoint region
[2022-06-13T01:45:44.672+0000][1][safepoint    ] Total time for which application threads were stopped: 0.0017269 seconds, Stopping threads took: 0.0007293 seconds
[2022-06-13T01:45:45.673+0000][1][safepoint    ] Application time: 1.0001289 seconds
[2022-06-13T01:45:45.674+0000][1][safepoint    ] Entering safepoint region: Cleanup
[2022-06-13T01:45:45.674+0000][1][safepoint    ] Leaving safepoint region
[2022-06-13T01:45:45.675+0000][1][safepoint    ] Total time for which application threads were stopped: 0.0011781 seconds, Stopping threads took: 0.0003516 seconds
[2022-06-13T01:45:46.675+0000][1][safepoint    ] Application time: 1.0001571 seconds
[2022-06-13T01:45:46.676+0000][1][safepoint    ] Entering safepoint region: Cleanup
[2022-06-13T01:45:46.677+0000][1][safepoint    ] Leaving safepoint region
[2022-06-13T01:45:46.678+0000][1][safepoint    ] Total time for which application threads were stopped: 0.0012399 seconds, Stopping threads took: 0.0006057 seconds
[2022-06-13T01:45:47.679+0000][1][safepoint    ] Application time: 1.0005038 seconds
[2022-06-13T01:45:47.680+0000][1][safepoint    ] Entering safepoint region: Cleanup
[2022-06-13T01:45:47.681+0000][1][safepoint    ] Leaving safepoint region
[2022-06-13T01:45:47.681+0000][1][safepoint    ] Total time for which application threads were stopped: 0.0012773 seconds, Stopping threads took: 0.0006726 seconds
[2022-06-13T01:45:48.682+0000][1][safepoint    ] Application time: 1.0002497 seconds
[2022-06-13T01:45:48.683+0000][1][safepoint    ] Entering safepoint region: Cleanup
[2022-06-13T01:45:48.683+0000][1][safepoint    ] Leaving safepoint region
[2022-06-13T01:45:48.684+0000][1][safepoint    ] Total time for which application threads were stopped: 0.0010899 seconds, Stopping threads took: 0.0006634 seconds
[2022-06-13T01:45:49.684+0000][1][safepoint    ] Application time: 1.0002389 seconds
[2022-06-13T01:45:49.685+0000][1][safepoint    ] Entering safepoint region: Cleanup
[2022-06-13T01:45:49.686+0000][1][safepoint    ] Leaving safepoint region
[2022-06-13T01:45:49.687+0000][1][safepoint    ] Total time for which application threads were stopped: 0.0015303 seconds, Stopping threads took: 0.0006453 seconds
[2022-06-13T01:45:50.688+0000][1][safepoint    ] Application time: 1.0001845 seconds
[2022-06-13T01:45:50.688+0000][1][safepoint    ] Entering safepoint region: Cleanup
[2022-06-13T01:45:50.689+0000][1][safepoint    ] Leaving safepoint region
[2022-06-13T01:45:50.689+0000][1][safepoint    ] Total time for which application threads were stopped: 0.0006308 seconds, Stopping threads took: 0.0003286 seconds
[2022-06-13T01:45:51.689+0000][1][safepoint    ] Application time: 1.0001454 seconds
[2022-06-13T01:45:51.690+0000][1][safepoint    ] Entering safepoint region: Cleanup
[2022-06-13T01:45:51.691+0000][1][safepoint    ] Leaving safepoint region
[2022-06-13T01:45:51.691+0000][1][safepoint    ] Total time for which application threads were stopped: 0.0013276 seconds, Stopping threads took: 0.0004578 seconds
[2022-06-13T01:45:52.692+0000][1][safepoint    ] Application time: 1.0001624 seconds
[2022-06-13T01:45:52.692+0000][1][safepoint    ] Entering safepoint region: Cleanup
[2022-06-13T01:45:52.693+0000][1][safepoint    ] Leaving safepoint region
[2022-06-13T01:45:52.693+0000][1][safepoint    ] Total time for which application threads were stopped: 0.0005547 seconds, Stopping threads took: 0.0003034 seconds
[2022-06-13T01:45:53.693+0000][1][safepoint    ] Application time: 1.0001402 seconds
[2022-06-13T01:45:53.694+0000][1][safepoint    ] Entering safepoint region: Cleanup
[2022-06-13T01:45:53.695+0000][1][safepoint    ] Leaving safepoint region
[2022-06-13T01:45:53.696+0000][1][safepoint    ] Total time for which application threads were stopped: 0.0015299 seconds, Stopping threads took: 0.0007080 seconds
[2022-06-13T01:45:54.697+0000][1][safepoint    ] Application time: 1.0001978 seconds
[2022-06-13T01:45:54.697+0000][1][safepoint    ] Entering safepoint region: Cleanup
[2022-06-13T01:45:54.698+0000][1][safepoint    ] Leaving safepoint region
[2022-06-13T01:45:54.698+0000][1][safepoint    ] Total time for which application threads were stopped: 0.0013352 seconds, Stopping threads took: 0.0005091 seconds
[2022-06-13T01:45:55.699+0000][1][safepoint    ] Application time: 1.0002744 seconds
[2022-06-13T01:45:55.700+0000][1][safepoint    ] Entering safepoint region: Cleanup
[2022-06-13T01:45:55.701+0000][1][safepoint    ] Leaving safepoint region
[2022-06-13T01:45:55.701+0000][1][safepoint    ] Total time for which application threads were stopped: 0.0011276 seconds, Stopping threads took: 0.0006005 seconds
[2022-06-13T01:45:56.702+0000][1][safepoint    ] Application time: 1.0005569 seconds
[2022-06-13T01:45:56.703+0000][1][safepoint    ] Entering safepoint region: Cleanup
[2022-06-13T01:45:56.703+0000][1][safepoint    ] Leaving safepoint region
[2022-06-13T01:45:56.704+0000][1][safepoint    ] Total time for which application threads were stopped: 0.0011945 seconds, Stopping threads took: 0.0004966 seconds
[2022-06-13T01:45:57.704+0000][1][safepoint    ] Application time: 1.0003002 seconds
[2022-06-13T01:45:57.705+0000][1][safepoint    ] Entering safepoint region: Cleanup
[2022-06-13T01:45:57.705+0000][1][safepoint    ] Leaving safepoint region
[2022-06-13T01:45:57.706+0000][1][safepoint    ] Total time for which application threads were stopped: 0.0007601 seconds, Stopping threads took: 0.0003392 seconds
[2022-06-13T01:45:58.706+0000][1][safepoint    ] Application time: 1.0002076 seconds
[2022-06-13T01:45:58.707+0000][1][safepoint    ] Entering safepoint region: Cleanup
[2022-06-13T01:45:58.707+0000][1][safepoint    ] Leaving safepoint region
[2022-06-13T01:45:58.708+0000][1][safepoint    ] Total time for which application threads were stopped: 0.0012978 seconds, Stopping threads took: 0.0004633 seconds
[2022-06-13T01:45:59.709+0000][1][safepoint    ] Application time: 1.0001716 seconds
[2022-06-13T01:45:59.709+0000][1][safepoint    ] Entering safepoint region: Cleanup
[2022-06-13T01:45:59.710+0000][1][safepoint    ] Leaving safepoint region
[2022-06-13T01:45:59.710+0000][1][safepoint    ] Total time for which application threads were stopped: 0.0010644 seconds, Stopping threads took: 0.0004421 seconds
[2022-06-13T01:46:00.711+0000][1][safepoint    ] Application time: 1.0002014 seconds
[2022-06-13T01:46:00.712+0000][1][safepoint    ] Entering safepoint region: Cleanup
[2022-06-13T01:46:00.713+0000][1][safepoint    ] Leaving safepoint region
[2022-06-13T01:46:00.713+0000][1][safepoint    ] Total time for which application threads were stopped: 0.0012025 seconds, Stopping threads took: 0.0005626 seconds
[2022-06-13T01:46:01.714+0000][1][safepoint    ] Application time: 1.0002854 seconds
[2022-06-13T01:46:01.715+0000][1][safepoint    ] Entering safepoint region: Cleanup
[2022-06-13T01:46:01.715+0000][1][safepoint    ] Leaving safepoint region
[2022-06-13T01:46:01.715+0000][1][safepoint    ] Total time for which application threads were stopped: 0.0009930 seconds, Stopping threads took: 0.0004503 seconds
[2022-06-13T01:46:02.716+0000][1][safepoint    ] Application time: 1.0002424 seconds
[2022-06-13T01:46:02.717+0000][1][safepoint    ] Entering safepoint region: Cleanup
[2022-06-13T01:46:02.717+0000][1][safepoint    ] Leaving safepoint region
[2022-06-13T01:46:02.718+0000][1][safepoint    ] Total time for which application threads were stopped: 0.0009958 seconds, Stopping threads took: 0.0005948 seconds
[2022-06-13T01:46:03.718+0000][1][safepoint    ] Application time: 1.0003118 seconds
[2022-06-13T01:46:03.719+0000][1][safepoint    ] Entering safepoint region: Cleanup
[2022-06-13T01:46:03.720+0000][1][safepoint    ] Leaving safepoint region
[2022-06-13T01:46:03.720+0000][1][safepoint    ] Total time for which application threads were stopped: 0.0012170 seconds, Stopping threads took: 0.0005442 seconds
[2022-06-13T01:46:04.721+0000][1][safepoint    ] Application time: 1.0002586 seconds
[2022-06-13T01:46:04.722+0000][1][safepoint    ] Entering safepoint region: Cleanup
[2022-06-13T01:46:04.723+0000][1][safepoint    ] Leaving safepoint region
[2022-06-13T01:46:04.724+0000][1][safepoint    ] Total time for which application threads were stopped: 0.0015101 seconds, Stopping threads took: 0.0006718 seconds
[2022-06-13T01:46:05.725+0000][1][safepoint    ] Application time: 1.0002769 seconds
[2022-06-13T01:46:05.725+0000][1][safepoint    ] Entering safepoint region: Cleanup
[2022-06-13T01:46:05.726+0000][1][safepoint    ] Leaving safepoint region
[2022-06-13T01:46:05.727+0000][1][safepoint    ] Total time for which application threads were stopped: 0.0016062 seconds, Stopping threads took: 0.0011208 seconds
[2022-06-13T01:46:06.727+0000][1][safepoint    ] Application time: 1.0001695 seconds
[2022-06-13T01:46:06.728+0000][1][safepoint    ] Entering safepoint region: Cleanup
[2022-06-13T01:46:06.728+0000][1][safepoint    ] Leaving safepoint region
[2022-06-13T01:46:06.728+0000][1][safepoint    ] Total time for which application threads were stopped: 0.0007001 seconds, Stopping threads took: 0.0002998 seconds
[2022-06-13T01:46:07.729+0000][1][safepoint    ] Application time: 1.0002950 seconds
[2022-06-13T01:46:07.730+0000][1][safepoint    ] Entering safepoint region: Cleanup
[2022-06-13T01:46:07.731+0000][1][safepoint    ] Leaving safepoint region
[2022-06-13T01:46:07.731+0000][1][safepoint    ] Total time for which application threads were stopped: 0.0010769 seconds, Stopping threads took: 0.0005972 seconds
[2022-06-13T01:46:08.732+0000][1][safepoint    ] Application time: 1.0003093 seconds
[2022-06-13T01:46:08.733+0000][1][safepoint    ] Entering safepoint region: Cleanup
[2022-06-13T01:46:08.733+0000][1][safepoint    ] Leaving safepoint region
[2022-06-13T01:46:08.733+0000][1][safepoint    ] Total time for which application threads were stopped: 0.0008432 seconds, Stopping threads took: 0.0004208 seconds
[2022-06-13T01:46:09.734+0000][1][safepoint    ] Application time: 1.0002125 seconds
[2022-06-13T01:46:09.734+0000][1][safepoint    ] Entering safepoint region: Cleanup
[2022-06-13T01:46:09.735+0000][1][safepoint    ] Leaving safepoint region
[2022-06-13T01:46:09.736+0000][1][safepoint    ] Total time for which application threads were stopped: 0.0010935 seconds, Stopping threads took: 0.0004967 seconds
[2022-06-13T01:46:10.736+0000][1][safepoint    ] Application time: 1.0002514 seconds
[2022-06-13T01:46:10.737+0000][1][safepoint    ] Entering safepoint region: Cleanup
[2022-06-13T01:46:10.738+0000][1][safepoint    ] Leaving safepoint region
[2022-06-13T01:46:10.738+0000][1][safepoint    ] Total time for which application threads were stopped: 0.0011030 seconds, Stopping threads took: 0.0007320 seconds
[2022-06-13T01:46:11.739+0000][1][safepoint    ] Application time: 1.0002739 seconds
[2022-06-13T01:46:11.739+0000][1][safepoint    ] Entering safepoint region: Cleanup
[2022-06-13T01:46:11.740+0000][1][safepoint    ] Leaving safepoint region
[2022-06-13T01:46:11.741+0000][1][safepoint    ] Total time for which application threads were stopped: 0.0014551 seconds, Stopping threads took: 0.0008394 seconds
[2022-06-13T01:46:12.741+0000][1][safepoint    ] Application time: 1.0001383 seconds
[2022-06-13T01:46:12.742+0000][1][safepoint    ] Entering safepoint region: Cleanup
[2022-06-13T01:46:12.742+0000][1][safepoint    ] Leaving safepoint region
[2022-06-13T01:46:12.743+0000][1][safepoint    ] Total time for which application threads were stopped: 0.0010168 seconds, Stopping threads took: 0.0004489 seconds
[2022-06-13T01:46:13.744+0000][1][safepoint    ] Application time: 1.0003699 seconds
[2022-06-13T01:46:13.744+0000][1][safepoint    ] Entering safepoint region: Cleanup
[2022-06-13T01:46:13.745+0000][1][safepoint    ] Leaving safepoint region
[2022-06-13T01:46:13.746+0000][1][safepoint    ] Total time for which application threads were stopped: 0.0012821 seconds, Stopping threads took: 0.0005175 seconds
[2022-06-13T01:46:14.746+0000][1][safepoint    ] Application time: 1.0002316 seconds
[2022-06-13T01:46:14.747+0000][1][safepoint    ] Entering safepoint region: Cleanup
[2022-06-13T01:46:14.747+0000][1][safepoint    ] Leaving safepoint region
[2022-06-13T01:46:14.748+0000][1][safepoint    ] Total time for which application threads were stopped: 0.0007942 seconds, Stopping threads took: 0.0003277 seconds
[2022-06-13T01:46:15.748+0000][1][safepoint    ] Application time: 1.0001625 seconds
[2022-06-13T01:46:15.748+0000][1][safepoint    ] Entering safepoint region: Cleanup
[2022-06-13T01:46:15.749+0000][1][safepoint    ] Leaving safepoint region
[2022-06-13T01:46:15.749+0000][1][safepoint    ] Total time for which application threads were stopped: 0.0009098 seconds, Stopping threads took: 0.0003765 seconds
[2022-06-13T01:46:16.750+0000][1][safepoint    ] Application time: 1.0001945 seconds
[2022-06-13T01:46:16.751+0000][1][safepoint    ] Entering safepoint region: Cleanup
[2022-06-13T01:46:16.751+0000][1][safepoint    ] Leaving safepoint region
[2022-06-13T01:46:16.752+0000][1][safepoint    ] Total time for which application threads were stopped: 0.0007934 seconds, Stopping threads took: 0.0003089 seconds
[2022-06-13T01:46:17.752+0000][1][safepoint    ] Application time: 1.0001601 seconds
[2022-06-13T01:46:17.753+0000][1][safepoint    ] Entering safepoint region: Cleanup
[2022-06-13T01:46:17.754+0000][1][safepoint    ] Leaving safepoint region
[2022-06-13T01:46:17.754+0000][1][safepoint    ] Total time for which application threads were stopped: 0.0012237 seconds, Stopping threads took: 0.0005359 seconds
[2022-06-13T01:46:18.755+0000][1][safepoint    ] Application time: 1.0002706 seconds
[2022-06-13T01:46:18.756+0000][1][safepoint    ] Entering safepoint region: Cleanup
[2022-06-13T01:46:18.756+0000][1][safepoint    ] Leaving safepoint region
[2022-06-13T01:46:18.757+0000][1][safepoint    ] Total time for which application threads were stopped: 0.0010209 seconds, Stopping threads took: 0.0005103 seconds
[2022-06-13T01:46:19.758+0000][1][safepoint    ] Application time: 1.0002334 seconds
[2022-06-13T01:46:19.758+0000][1][safepoint    ] Entering safepoint region: Cleanup
[2022-06-13T01:46:19.758+0000][1][safepoint    ] Leaving safepoint region
[2022-06-13T01:46:19.759+0000][1][safepoint    ] Total time for which application threads were stopped: 0.0006439 seconds, Stopping threads took: 0.0002625 seconds
[2022-06-13T01:46:20.759+0000][1][safepoint    ] Application time: 1.0003573 seconds
[2022-06-13T01:46:20.760+0000][1][safepoint    ] Entering safepoint region: Cleanup
[2022-06-13T01:46:20.760+0000][1][safepoint    ] Leaving safepoint region
[2022-06-13T01:46:20.761+0000][1][safepoint    ] Total time for which application threads were stopped: 0.0006568 seconds, Stopping threads took: 0.0003372 seconds
[2022-06-13T01:46:21.762+0000][1][safepoint    ] Application time: 1.0004669 seconds
[2022-06-13T01:46:21.763+0000][1][safepoint    ] Entering safepoint region: Cleanup
[2022-06-13T01:46:21.764+0000][1][safepoint    ] Leaving safepoint region
[2022-06-13T01:46:21.764+0000][1][safepoint    ] Total time for which application threads were stopped: 0.0018114 seconds, Stopping threads took: 0.0008894 seconds
[2022-06-13T01:46:22.765+0000][1][safepoint    ] Application time: 1.0003251 seconds
[2022-06-13T01:46:22.766+0000][1][safepoint    ] Entering safepoint region: Cleanup
[2022-06-13T01:46:22.767+0000][1][safepoint    ] Leaving safepoint region
[2022-06-13T01:46:22.768+0000][1][safepoint    ] Total time for which application threads were stopped: 0.0017706 seconds, Stopping threads took: 0.0007453 seconds
[2022-06-13T01:46:23.769+0000][1][safepoint    ] Application time: 1.0002469 seconds
[2022-06-13T01:46:23.770+0000][1][safepoint    ] Entering safepoint region: Cleanup
[2022-06-13T01:46:23.771+0000][1][safepoint    ] Leaving safepoint region
[2022-06-13T01:46:23.771+0000][1][safepoint    ] Total time for which application threads were stopped: 0.0007409 seconds, Stopping threads took: 0.0003482 seconds
[2022-06-13T01:46:24.772+0000][1][safepoint    ] Application time: 1.0003002 seconds
[2022-06-13T01:46:24.773+0000][1][safepoint    ] Entering safepoint region: Cleanup
[2022-06-13T01:46:24.773+0000][1][safepoint    ] Leaving safepoint region
[2022-06-13T01:46:24.773+0000][1][safepoint    ] Total time for which application threads were stopped: 0.0009143 seconds, Stopping threads took: 0.0004426 seconds
[2022-06-13T01:46:25.774+0000][1][safepoint    ] Application time: 1.0003834 seconds
[2022-06-13T01:46:25.775+0000][1][safepoint    ] Entering safepoint region: Cleanup
[2022-06-13T01:46:25.776+0000][1][safepoint    ] Leaving safepoint region
[2022-06-13T01:46:25.777+0000][1][safepoint    ] Total time for which application threads were stopped: 0.0016060 seconds, Stopping threads took: 0.0007355 seconds
[2022-06-13T01:46:26.778+0000][1][safepoint    ] Application time: 1.0002451 seconds
[2022-06-13T01:46:26.779+0000][1][safepoint    ] Entering safepoint region: Cleanup
[2022-06-13T01:46:26.780+0000][1][safepoint    ] Leaving safepoint region
[2022-06-13T01:46:26.781+0000][1][safepoint    ] Total time for which application threads were stopped: 0.0017960 seconds, Stopping threads took: 0.0006895 seconds
[2022-06-13T01:46:27.782+0000][1][safepoint    ] Application time: 1.0003261 seconds
[2022-06-13T01:46:27.782+0000][1][safepoint    ] Entering safepoint region: Cleanup
[2022-06-13T01:46:27.783+0000][1][safepoint    ] Leaving safepoint region
[2022-06-13T01:46:27.783+0000][1][safepoint    ] Total time for which application threads were stopped: 0.0010612 seconds, Stopping threads took: 0.0005060 seconds
[2022-06-13T01:46:28.784+0000][1][safepoint    ] Application time: 1.0003542 seconds
[2022-06-13T01:46:28.785+0000][1][safepoint    ] Entering safepoint region: Cleanup
[2022-06-13T01:46:28.786+0000][1][safepoint    ] Leaving safepoint region
[2022-06-13T01:46:28.787+0000][1][safepoint    ] Total time for which application threads were stopped: 0.0016112 seconds, Stopping threads took: 0.0008301 seconds
[2022-06-13T01:46:29.788+0000][1][safepoint    ] Application time: 1.0002848 seconds
[2022-06-13T01:46:29.788+0000][1][safepoint    ] Entering safepoint region: Cleanup
[2022-06-13T01:46:29.789+0000][1][safepoint    ] Leaving safepoint region
[2022-06-13T01:46:29.789+0000][1][safepoint    ] Total time for which application threads were stopped: 0.0008585 seconds, Stopping threads took: 0.0003527 seconds
[2022-06-13T01:46:30.790+0000][1][safepoint    ] Application time: 1.0002415 seconds
[2022-06-13T01:46:30.790+0000][1][safepoint    ] Entering safepoint region: Cleanup
[2022-06-13T01:46:30.791+0000][1][safepoint    ] Leaving safepoint region
[2022-06-13T01:46:30.791+0000][1][safepoint    ] Total time for which application threads were stopped: 0.0010158 seconds, Stopping threads took: 0.0004503 seconds
[2022-06-13T01:46:31.792+0000][1][safepoint    ] Application time: 1.0002283 seconds
[2022-06-13T01:46:31.793+0000][1][safepoint    ] Entering safepoint region: Cleanup
[2022-06-13T01:46:31.794+0000][1][safepoint    ] Leaving safepoint region
[2022-06-13T01:46:31.795+0000][1][safepoint    ] Total time for which application threads were stopped: 0.0018046 seconds, Stopping threads took: 0.0008518 seconds
[2022-06-13T01:46:32.796+0000][1][safepoint    ] Application time: 1.0004033 seconds
[2022-06-13T01:46:32.797+0000][1][safepoint    ] Entering safepoint region: Cleanup
[2022-06-13T01:46:32.797+0000][1][safepoint    ] Leaving safepoint region
[2022-06-13T01:46:32.798+0000][1][safepoint    ] Total time for which application threads were stopped: 0.0014374 seconds, Stopping threads took: 0.0006087 seconds
[2022-06-13T01:46:33.799+0000][1][safepoint    ] Application time: 1.0002067 seconds
[2022-06-13T01:46:33.800+0000][1][safepoint    ] Entering safepoint region: Cleanup
[2022-06-13T01:46:33.800+0000][1][safepoint    ] Leaving safepoint region
[2022-06-13T01:46:33.801+0000][1][safepoint    ] Total time for which application threads were stopped: 0.0009399 seconds, Stopping threads took: 0.0003705 seconds
[2022-06-13T01:46:34.801+0000][1][safepoint    ] Application time: 1.0002549 seconds
[2022-06-13T01:46:34.802+0000][1][safepoint    ] Entering safepoint region: Cleanup
[2022-06-13T01:46:34.802+0000][1][safepoint    ] Leaving safepoint region
[2022-06-13T01:46:34.803+0000][1][safepoint    ] Total time for which application threads were stopped: 0.0006719 seconds, Stopping threads took: 0.0003548 seconds
[2022-06-13T01:46:35.803+0000][1][safepoint    ] Application time: 1.0002353 seconds
[2022-06-13T01:46:35.804+0000][1][safepoint    ] Entering safepoint region: Cleanup
[2022-06-13T01:46:35.805+0000][1][safepoint    ] Leaving safepoint region
[2022-06-13T01:46:35.805+0000][1][safepoint    ] Total time for which application threads were stopped: 0.0016173 seconds, Stopping threads took: 0.0007986 seconds
[2022-06-13T01:46:36.806+0000][1][safepoint    ] Application time: 1.0003682 seconds
[2022-06-13T01:46:36.808+0000][1][safepoint    ] Entering safepoint region: Cleanup
[2022-06-13T01:46:36.808+0000][1][safepoint    ] Leaving safepoint region
[2022-06-13T01:46:36.809+0000][1][safepoint    ] Total time for which application threads were stopped: 0.0009730 seconds, Stopping threads took: 0.0003530 seconds
[2022-06-13T01:46:37.809+0000][1][safepoint    ] Application time: 1.0002383 seconds
[2022-06-13T01:46:37.810+0000][1][safepoint    ] Entering safepoint region: Cleanup
[2022-06-13T01:46:37.810+0000][1][safepoint    ] Leaving safepoint region
[2022-06-13T01:46:37.811+0000][1][safepoint    ] Total time for which application threads were stopped: 0.0008585 seconds, Stopping threads took: 0.0004216 seconds
[2022-06-13T01:46:38.811+0000][1][safepoint    ] Application time: 1.0001548 seconds
[2022-06-13T01:46:38.813+0000][1][safepoint    ] Entering safepoint region: Cleanup
[2022-06-13T01:46:38.813+0000][1][safepoint    ] Leaving safepoint region
[2022-06-13T01:46:38.814+0000][1][safepoint    ] Total time for which application threads were stopped: 0.0010260 seconds, Stopping threads took: 0.0004346 seconds
[2022-06-13T01:46:39.814+0000][1][safepoint    ] Application time: 1.0002968 seconds
[2022-06-13T01:46:39.815+0000][1][safepoint    ] Entering safepoint region: Cleanup
[2022-06-13T01:46:39.815+0000][1][safepoint    ] Leaving safepoint region
[2022-06-13T01:46:39.816+0000][1][safepoint    ] Total time for which application threads were stopped: 0.0008187 seconds, Stopping threads took: 0.0003858 seconds
[2022-06-13T01:46:40.816+0000][1][safepoint    ] Application time: 1.0001709 seconds
[2022-06-13T01:46:40.817+0000][1][safepoint    ] Entering safepoint region: Cleanup
[2022-06-13T01:46:40.817+0000][1][safepoint    ] Leaving safepoint region
[2022-06-13T01:46:40.817+0000][1][safepoint    ] Total time for which application threads were stopped: 0.0008588 seconds, Stopping threads took: 0.0005023 seconds
[2022-06-13T01:46:42.248+0000][1][safepoint    ] Application time: 1.4303130 seconds
[2022-06-13T01:46:42.249+0000][1][safepoint    ] Entering safepoint region: Cleanup
[2022-06-13T01:46:42.250+0000][1][safepoint    ] Leaving safepoint region
[2022-06-13T01:46:42.250+0000][1][safepoint    ] Total time for which application threads were stopped: 0.0016774 seconds, Stopping threads took: 0.0007931 seconds
[2022-06-13T01:46:43.251+0000][1][safepoint    ] Application time: 1.0002534 seconds
[2022-06-13T01:46:43.252+0000][1][safepoint    ] Entering safepoint region: Cleanup
[2022-06-13T01:46:43.252+0000][1][safepoint    ] Leaving safepoint region
[2022-06-13T01:46:43.253+0000][1][safepoint    ] Total time for which application threads were stopped: 0.0008196 seconds, Stopping threads took: 0.0004836 seconds
[2022-06-13T01:46:44.254+0000][1][safepoint    ] Application time: 1.0003151 seconds
[2022-06-13T01:46:44.254+0000][1][safepoint    ] Entering safepoint region: Cleanup
[2022-06-13T01:46:44.255+0000][1][safepoint    ] Leaving safepoint region
[2022-06-13T01:46:44.256+0000][1][safepoint    ] Total time for which application threads were stopped: 0.0017547 seconds, Stopping threads took: 0.0007231 seconds
[2022-06-13T01:46:45.257+0000][1][safepoint    ] Application time: 1.0002052 seconds
[2022-06-13T01:46:45.257+0000][1][safepoint    ] Entering safepoint region: Cleanup
[2022-06-13T01:46:45.258+0000][1][safepoint    ] Leaving safepoint region
[2022-06-13T01:46:45.258+0000][1][safepoint    ] Total time for which application threads were stopped: 0.0006270 seconds, Stopping threads took: 0.0003199 seconds
[2022-06-13T01:46:46.258+0000][1][safepoint    ] Application time: 1.0002172 seconds
[2022-06-13T01:46:46.259+0000][1][safepoint    ] Entering safepoint region: Cleanup
[2022-06-13T01:46:46.260+0000][1][safepoint    ] Leaving safepoint region
[2022-06-13T01:46:46.261+0000][1][safepoint    ] Total time for which application threads were stopped: 0.0021338 seconds, Stopping threads took: 0.0008258 seconds
[2022-06-13T01:46:47.262+0000][1][safepoint    ] Application time: 1.0003362 seconds
[2022-06-13T01:46:47.263+0000][1][safepoint    ] Entering safepoint region: Cleanup
[2022-06-13T01:46:47.264+0000][1][safepoint    ] Leaving safepoint region
[2022-06-13T01:46:47.265+0000][1][safepoint    ] Total time for which application threads were stopped: 0.0017155 seconds, Stopping threads took: 0.0008125 seconds
[2022-06-13T01:46:48.266+0000][1][safepoint    ] Application time: 1.0002585 seconds
[2022-06-13T01:46:48.267+0000][1][safepoint    ] Entering safepoint region: Cleanup
[2022-06-13T01:46:48.267+0000][1][safepoint    ] Leaving safepoint region
[2022-06-13T01:46:48.268+0000][1][safepoint    ] Total time for which application threads were stopped: 0.0012301 seconds, Stopping threads took: 0.0006200 seconds
[2022-06-13T01:46:49.269+0000][1][safepoint    ] Application time: 1.0002122 seconds
[2022-06-13T01:46:49.269+0000][1][safepoint    ] Entering safepoint region: Cleanup
[2022-06-13T01:46:49.270+0000][1][safepoint    ] Leaving safepoint region
[2022-06-13T01:46:49.270+0000][1][safepoint    ] Total time for which application threads were stopped: 0.0014818 seconds, Stopping threads took: 0.0008212 seconds
[2022-06-13T01:46:50.271+0000][1][safepoint    ] Application time: 1.0002220 seconds
[2022-06-13T01:46:50.272+0000][1][safepoint    ] Entering safepoint region: Cleanup
[2022-06-13T01:46:50.272+0000][1][safepoint    ] Leaving safepoint region
[2022-06-13T01:46:50.272+0000][1][safepoint    ] Total time for which application threads were stopped: 0.0007179 seconds, Stopping threads took: 0.0004520 seconds
[2022-06-13T01:46:51.273+0000][1][safepoint    ] Application time: 1.0002950 seconds
[2022-06-13T01:46:51.274+0000][1][safepoint    ] Entering safepoint region: Cleanup
[2022-06-13T01:46:51.274+0000][1][safepoint    ] Leaving safepoint region
[2022-06-13T01:46:51.275+0000][1][safepoint    ] Total time for which application threads were stopped: 0.0012119 seconds, Stopping threads took: 0.0005963 seconds
[2022-06-13T01:46:52.276+0000][1][safepoint    ] Application time: 1.0001679 seconds
[2022-06-13T01:46:52.276+0000][1][safepoint    ] Entering safepoint region: Cleanup
[2022-06-13T01:46:52.276+0000][1][safepoint    ] Leaving safepoint region
[2022-06-13T01:46:52.277+0000][1][safepoint    ] Total time for which application threads were stopped: 0.0007097 seconds, Stopping threads took: 0.0002772 seconds
[2022-06-13T01:46:53.277+0000][1][safepoint    ] Application time: 1.0002434 seconds
[2022-06-13T01:46:53.278+0000][1][safepoint    ] Entering safepoint region: Cleanup
[2022-06-13T01:46:53.278+0000][1][safepoint    ] Leaving safepoint region
[2022-06-13T01:46:53.278+0000][1][safepoint    ] Total time for which application threads were stopped: 0.0009023 seconds, Stopping threads took: 0.0003123 seconds
[2022-06-13T01:46:54.279+0000][1][safepoint    ] Application time: 1.0003283 seconds
[2022-06-13T01:46:54.279+0000][1][safepoint    ] Entering safepoint region: Cleanup
[2022-06-13T01:46:54.280+0000][1][safepoint    ] Leaving safepoint region
[2022-06-13T01:46:54.280+0000][1][safepoint    ] Total time for which application threads were stopped: 0.0008689 seconds, Stopping threads took: 0.0003122 seconds
[2022-06-13T01:46:55.281+0000][1][safepoint    ] Application time: 1.0003067 seconds
[2022-06-13T01:46:55.281+0000][1][safepoint    ] Entering safepoint region: Cleanup
[2022-06-13T01:46:55.282+0000][1][safepoint    ] Leaving safepoint region
[2022-06-13T01:46:55.282+0000][1][safepoint    ] Total time for which application threads were stopped: 0.0010473 seconds, Stopping threads took: 0.0003697 seconds
[2022-06-13T01:46:56.283+0000][1][safepoint    ] Application time: 1.0001547 seconds
[2022-06-13T01:46:56.283+0000][1][safepoint    ] Entering safepoint region: Cleanup
[2022-06-13T01:46:56.284+0000][1][safepoint    ] Leaving safepoint region
[2022-06-13T01:46:56.285+0000][1][safepoint    ] Total time for which application threads were stopped: 0.0017067 seconds, Stopping threads took: 0.0005872 seconds
[2022-06-13T01:46:57.286+0000][1][safepoint    ] Application time: 1.0002447 seconds
[2022-06-13T01:46:57.286+0000][1][safepoint    ] Entering safepoint region: Cleanup
[2022-06-13T01:46:57.287+0000][1][safepoint    ] Leaving safepoint region
[2022-06-13T01:46:57.287+0000][1][safepoint    ] Total time for which application threads were stopped: 0.0009061 seconds, Stopping threads took: 0.0003979 seconds
[2022-06-13T01:46:58.288+0000][1][safepoint    ] Application time: 1.0002574 seconds
[2022-06-13T01:46:58.288+0000][1][safepoint    ] Entering safepoint region: Cleanup
[2022-06-13T01:46:58.289+0000][1][safepoint    ] Leaving safepoint region
[2022-06-13T01:46:58.289+0000][1][safepoint    ] Total time for which application threads were stopped: 0.0011416 seconds, Stopping threads took: 0.0006078 seconds
[2022-06-13T01:46:59.290+0000][1][safepoint    ] Application time: 1.0002741 seconds
[2022-06-13T01:46:59.291+0000][1][safepoint    ] Entering safepoint region: Cleanup
[2022-06-13T01:46:59.291+0000][1][safepoint    ] Leaving safepoint region
[2022-06-13T01:46:59.292+0000][1][safepoint    ] Total time for which application threads were stopped: 0.0010117 seconds, Stopping threads took: 0.0004519 seconds
[2022-06-13T01:47:00.292+0000][1][safepoint    ] Application time: 1.0004417 seconds
[2022-06-13T01:47:00.293+0000][1][safepoint    ] Entering safepoint region: Cleanup
[2022-06-13T01:47:00.294+0000][1][safepoint    ] Leaving safepoint region
[2022-06-13T01:47:00.294+0000][1][safepoint    ] Total time for which application threads were stopped: 0.0010262 seconds, Stopping threads took: 0.0005562 seconds
[2022-06-13T01:47:01.295+0000][1][safepoint    ] Application time: 1.0003171 seconds
[2022-06-13T01:47:01.295+0000][1][safepoint    ] Entering safepoint region: Cleanup
[2022-06-13T01:47:01.296+0000][1][safepoint    ] Leaving safepoint region
[2022-06-13T01:47:01.297+0000][1][safepoint    ] Total time for which application threads were stopped: 0.0010956 seconds, Stopping threads took: 0.0005286 seconds
[2022-06-13T01:47:02.297+0000][1][safepoint    ] Application time: 1.0001892 seconds
[2022-06-13T01:47:02.298+0000][1][safepoint    ] Entering safepoint region: Cleanup
[2022-06-13T01:47:02.298+0000][1][safepoint    ] Leaving safepoint region
[2022-06-13T01:47:02.299+0000][1][safepoint    ] Total time for which application threads were stopped: 0.0012405 seconds, Stopping threads took: 0.0006060 seconds
[2022-06-13T01:47:03.300+0000][1][safepoint    ] Application time: 1.0003721 seconds
[2022-06-13T01:47:03.300+0000][1][safepoint    ] Entering safepoint region: Cleanup
[2022-06-13T01:47:03.301+0000][1][safepoint    ] Leaving safepoint region
[2022-06-13T01:47:03.302+0000][1][safepoint    ] Total time for which application threads were stopped: 0.0016928 seconds, Stopping threads took: 0.0008918 seconds
[2022-06-13T01:47:04.302+0000][1][safepoint    ] Application time: 1.0002372 seconds
[2022-06-13T01:47:04.304+0000][1][safepoint    ] Entering safepoint region: Cleanup
[2022-06-13T01:47:04.305+0000][1][safepoint    ] Leaving safepoint region
[2022-06-13T01:47:04.306+0000][1][safepoint    ] Total time for which application threads were stopped: 0.0021549 seconds, Stopping threads took: 0.0009648 seconds
[2022-06-13T01:47:05.307+0000][1][safepoint    ] Application time: 1.0004689 seconds
[2022-06-13T01:47:05.308+0000][1][safepoint    ] Entering safepoint region: Cleanup
[2022-06-13T01:47:05.309+0000][1][safepoint    ] Leaving safepoint region
[2022-06-13T01:47:05.309+0000][1][safepoint    ] Total time for which application threads were stopped: 0.0017948 seconds, Stopping threads took: 0.0007879 seconds
[2022-06-13T01:47:06.310+0000][1][safepoint    ] Application time: 1.0004589 seconds
[2022-06-13T01:47:06.311+0000][1][safepoint    ] Entering safepoint region: Cleanup
[2022-06-13T01:47:06.311+0000][1][safepoint    ] Leaving safepoint region
[2022-06-13T01:47:06.312+0000][1][safepoint    ] Total time for which application threads were stopped: 0.0009321 seconds, Stopping threads took: 0.0005396 seconds
[2022-06-13T01:47:07.312+0000][1][safepoint    ] Application time: 1.0003378 seconds
[2022-06-13T01:47:07.313+0000][1][safepoint    ] Entering safepoint region: Cleanup
[2022-06-13T01:47:07.314+0000][1][safepoint    ] Leaving safepoint region
[2022-06-13T01:47:07.314+0000][1][safepoint    ] Total time for which application threads were stopped: 0.0012487 seconds, Stopping threads took: 0.0005187 seconds
[2022-06-13T01:47:08.315+0000][1][safepoint    ] Application time: 1.0001828 seconds
[2022-06-13T01:47:08.316+0000][1][safepoint    ] Entering safepoint region: Cleanup
[2022-06-13T01:47:08.316+0000][1][safepoint    ] Leaving safepoint region
[2022-06-13T01:47:08.316+0000][1][safepoint    ] Total time for which application threads were stopped: 0.0004317 seconds, Stopping threads took: 0.0001732 seconds
[2022-06-13T01:47:09.317+0000][1][safepoint    ] Application time: 1.0003300 seconds
[2022-06-13T01:47:09.317+0000][1][safepoint    ] Entering safepoint region: Cleanup
[2022-06-13T01:47:09.317+0000][1][safepoint    ] Leaving safepoint region
[2022-06-13T01:47:09.318+0000][1][safepoint    ] Total time for which application threads were stopped: 0.0006976 seconds, Stopping threads took: 0.0003124 seconds
[2022-06-13T01:47:10.318+0000][1][safepoint    ] Application time: 1.0002832 seconds
[2022-06-13T01:47:10.319+0000][1][safepoint    ] Entering safepoint region: Cleanup
[2022-06-13T01:47:10.319+0000][1][safepoint    ] Leaving safepoint region
[2022-06-13T01:47:10.319+0000][1][safepoint    ] Total time for which application threads were stopped: 0.0007510 seconds, Stopping threads took: 0.0003095 seconds
[2022-06-13T01:47:11.320+0000][1][safepoint    ] Application time: 1.0003488 seconds
[2022-06-13T01:47:11.321+0000][1][safepoint    ] Entering safepoint region: Cleanup
[2022-06-13T01:47:11.321+0000][1][safepoint    ] Leaving safepoint region
[2022-06-13T01:47:11.322+0000][1][safepoint    ] Total time for which application threads were stopped: 0.0009846 seconds, Stopping threads took: 0.0004435 seconds
[2022-06-13T01:47:12.323+0000][1][safepoint    ] Application time: 1.0003010 seconds
[2022-06-13T01:47:12.323+0000][1][safepoint    ] Entering safepoint region: Cleanup
[2022-06-13T01:47:12.323+0000][1][safepoint    ] Leaving safepoint region
[2022-06-13T01:47:12.324+0000][1][safepoint    ] Total time for which application threads were stopped: 0.0007189 seconds, Stopping threads took: 0.0003300 seconds
[2022-06-13T01:47:13.324+0000][1][safepoint    ] Application time: 1.0002188 seconds
[2022-06-13T01:47:13.325+0000][1][safepoint    ] Entering safepoint region: Cleanup
[2022-06-13T01:47:13.326+0000][1][safepoint    ] Leaving safepoint region
[2022-06-13T01:47:13.327+0000][1][safepoint    ] Total time for which application threads were stopped: 0.0014795 seconds, Stopping threads took: 0.0007230 seconds
[2022-06-13T01:47:14.328+0000][1][safepoint    ] Application time: 1.0004202 seconds
[2022-06-13T01:47:14.329+0000][1][safepoint    ] Entering safepoint region: Cleanup
[2022-06-13T01:47:14.329+0000][1][safepoint    ] Leaving safepoint region
[2022-06-13T01:47:14.330+0000][1][safepoint    ] Total time for which application threads were stopped: 0.0014039 seconds, Stopping threads took: 0.0006465 seconds
[2022-06-13T01:47:15.331+0000][1][safepoint    ] Application time: 1.0002660 seconds
[2022-06-13T01:47:15.332+0000][1][safepoint    ] Entering safepoint region: Cleanup
[2022-06-13T01:47:15.333+0000][1][safepoint    ] Leaving safepoint region
[2022-06-13T01:47:15.333+0000][1][safepoint    ] Total time for which application threads were stopped: 0.0010997 seconds, Stopping threads took: 0.0006263 seconds
[2022-06-13T01:47:16.334+0000][1][safepoint    ] Application time: 1.0002574 seconds
[2022-06-13T01:47:16.334+0000][1][safepoint    ] Entering safepoint region: Cleanup
[2022-06-13T01:47:16.335+0000][1][safepoint    ] Leaving safepoint region
[2022-06-13T01:47:16.335+0000][1][safepoint    ] Total time for which application threads were stopped: 0.0007170 seconds, Stopping threads took: 0.0002996 seconds
[2022-06-13T01:47:17.336+0000][1][safepoint    ] Application time: 1.0002622 seconds
[2022-06-13T01:47:17.336+0000][1][safepoint    ] Entering safepoint region: Cleanup
[2022-06-13T01:47:17.337+0000][1][safepoint    ] Leaving safepoint region
[2022-06-13T01:47:17.338+0000][1][safepoint    ] Total time for which application threads were stopped: 0.0015798 seconds, Stopping threads took: 0.0008402 seconds
[2022-06-13T01:47:18.339+0000][1][safepoint    ] Application time: 1.0002724 seconds
[2022-06-13T01:47:18.339+0000][1][safepoint    ] Entering safepoint region: Cleanup
[2022-06-13T01:47:18.340+0000][1][safepoint    ] Leaving safepoint region
[2022-06-13T01:47:18.340+0000][1][safepoint    ] Total time for which application threads were stopped: 0.0012309 seconds, Stopping threads took: 0.0005445 seconds
[2022-06-13T01:47:19.341+0000][1][safepoint    ] Application time: 1.0002064 seconds
[2022-06-13T01:47:19.342+0000][1][safepoint    ] Entering safepoint region: Cleanup
[2022-06-13T01:47:19.342+0000][1][safepoint    ] Leaving safepoint region
[2022-06-13T01:47:19.342+0000][1][safepoint    ] Total time for which application threads were stopped: 0.0007129 seconds, Stopping threads took: 0.0003514 seconds
[2022-06-13T01:47:20.343+0000][1][safepoint    ] Application time: 1.0004137 seconds
[2022-06-13T01:47:20.344+0000][1][safepoint    ] Entering safepoint region: Cleanup
[2022-06-13T01:47:20.345+0000][1][safepoint    ] Leaving safepoint region
[2022-06-13T01:47:20.345+0000][1][safepoint    ] Total time for which application threads were stopped: 0.0008879 seconds, Stopping threads took: 0.0005558 seconds
[2022-06-13T01:47:21.345+0000][1][safepoint    ] Application time: 1.0003199 seconds
[2022-06-13T01:47:21.346+0000][1][safepoint    ] Entering safepoint region: Cleanup
[2022-06-13T01:47:21.347+0000][1][safepoint    ] Leaving safepoint region
[2022-06-13T01:47:21.347+0000][1][safepoint    ] Total time for which application threads were stopped: 0.0010395 seconds, Stopping threads took: 0.0004127 seconds
[2022-06-13T01:47:22.348+0000][1][safepoint    ] Application time: 1.0001864 seconds
[2022-06-13T01:47:22.348+0000][1][safepoint    ] Entering safepoint region: Cleanup
[2022-06-13T01:47:22.349+0000][1][safepoint    ] Leaving safepoint region
[2022-06-13T01:47:22.349+0000][1][safepoint    ] Total time for which application threads were stopped: 0.0008829 seconds, Stopping threads took: 0.0003705 seconds
[2022-06-13T01:47:23.691+0000][1][safepoint    ] Application time: 1.3420095 seconds
[2022-06-13T01:47:23.692+0000][1][safepoint    ] Entering safepoint region: Cleanup
[2022-06-13T01:47:23.693+0000][1][safepoint    ] Leaving safepoint region
[2022-06-13T01:47:23.694+0000][1][safepoint    ] Total time for which application threads were stopped: 0.0013810 seconds, Stopping threads took: 0.0006259 seconds
[2022-06-13T01:47:24.694+0000][1][safepoint    ] Application time: 1.0002172 seconds
[2022-06-13T01:47:24.695+0000][1][safepoint    ] Entering safepoint region: Cleanup
[2022-06-13T01:47:24.696+0000][1][safepoint    ] Leaving safepoint region
[2022-06-13T01:47:24.696+0000][1][safepoint    ] Total time for which application threads were stopped: 0.0010074 seconds, Stopping threads took: 0.0006357 seconds
[2022-06-13T01:47:25.696+0000][1][safepoint    ] Application time: 1.0001130 seconds
[2022-06-13T01:47:25.697+0000][1][safepoint    ] Entering safepoint region: Cleanup
[2022-06-13T01:47:25.697+0000][1][safepoint    ] Leaving safepoint region
[2022-06-13T01:47:25.698+0000][1][safepoint    ] Total time for which application threads were stopped: 0.0009727 seconds, Stopping threads took: 0.0005092 seconds
[2022-06-13T01:47:26.689+0000][1][safepoint    ] Application time: 0.9901768 seconds
[2022-06-13T01:47:26.689+0000][1][safepoint    ] Entering safepoint region: GenCollectForAllocation
[2022-06-13T01:47:26.689+0000][1][gc,start     ] GC(27) Pause Young (Allocation Failure)
[2022-06-13T01:47:26.690+0000][1][gc,task      ] GC(27) Using 5 workers of 13 for evacuation
[2022-06-13T01:47:26.692+0000][1][gc,age       ] GC(27) Desired survivor size 4456448 bytes, new threshold 6 (max threshold 6)
[2022-06-13T01:47:26.692+0000][1][gc,age       ] GC(27) Age table with threshold 6 (max threshold 6)
[2022-06-13T01:47:26.692+0000][1][gc,age       ] GC(27) - age   1:      25240 bytes,      25240 total
[2022-06-13T01:47:26.692+0000][1][gc,age       ] GC(27) - age   2:      13920 bytes,      39160 total
[2022-06-13T01:47:26.692+0000][1][gc,age       ] GC(27) - age   3:      28368 bytes,      67528 total
[2022-06-13T01:47:26.693+0000][1][gc,age       ] GC(27) - age   4:      15152 bytes,      82680 total
[2022-06-13T01:47:26.693+0000][1][gc,age       ] GC(27) - age   5:      48392 bytes,     131072 total
[2022-06-13T01:47:26.693+0000][1][gc,age       ] GC(27) - age   6:     669312 bytes,     800384 total
[2022-06-13T01:47:26.693+0000][1][gc,heap      ] GC(27) ParNew: 71104K->1218K(78656K)
[2022-06-13T01:47:26.693+0000][1][gc,heap      ] GC(27) CMS: 68020K->68020K(174784K)
[2022-06-13T01:47:26.694+0000][1][gc,metaspace ] GC(27) Metaspace: 64351K->64351K(1107968K)
[2022-06-13T01:47:26.694+0000][1][gc           ] GC(27) Pause Young (Allocation Failure) 135M->67M(247M) 5.087ms
[2022-06-13T01:47:26.695+0000][1][gc,cpu       ] GC(27) User=0.01s Sys=0.00s Real=0.00s
[2022-06-13T01:47:26.695+0000][1][safepoint    ] Leaving safepoint region
[2022-06-13T01:47:26.695+0000][1][safepoint    ] Total time for which application threads were stopped: 0.0061168 seconds, Stopping threads took: 0.0002359 seconds
[2022-06-13T01:47:27.696+0000][1][safepoint    ] Application time: 1.0002300 seconds
[2022-06-13T01:47:27.696+0000][1][safepoint    ] Entering safepoint region: Cleanup
[2022-06-13T01:47:27.697+0000][1][safepoint    ] Leaving safepoint region
[2022-06-13T01:47:27.698+0000][1][safepoint    ] Total time for which application threads were stopped: 0.0017739 seconds, Stopping threads took: 0.0008482 seconds
[2022-06-13T01:47:28.699+0000][1][safepoint    ] Application time: 1.0003638 seconds
[2022-06-13T01:47:28.700+0000][1][safepoint    ] Entering safepoint region: Cleanup
[2022-06-13T01:47:28.700+0000][1][safepoint    ] Leaving safepoint region
[2022-06-13T01:47:28.701+0000][1][safepoint    ] Total time for which application threads were stopped: 0.0013868 seconds, Stopping threads took: 0.0004152 seconds
[2022-06-13T01:47:29.702+0000][1][safepoint    ] Application time: 1.0003803 seconds
[2022-06-13T01:47:29.703+0000][1][safepoint    ] Entering safepoint region: Cleanup
[2022-06-13T01:47:29.703+0000][1][safepoint    ] Leaving safepoint region
[2022-06-13T01:47:29.704+0000][1][safepoint    ] Total time for which application threads were stopped: 0.0013038 seconds, Stopping threads took: 0.0005976 seconds
[2022-06-13T01:47:30.705+0000][1][safepoint    ] Application time: 1.0002413 seconds
[2022-06-13T01:47:30.706+0000][1][safepoint    ] Entering safepoint region: Cleanup
[2022-06-13T01:47:30.706+0000][1][safepoint    ] Leaving safepoint region
[2022-06-13T01:47:30.707+0000][1][safepoint    ] Total time for which application threads were stopped: 0.0013453 seconds, Stopping threads took: 0.0005968 seconds
[2022-06-13T01:47:31.708+0000][1][safepoint    ] Application time: 1.0001736 seconds
[2022-06-13T01:47:31.709+0000][1][safepoint    ] Entering safepoint region: Cleanup
[2022-06-13T01:47:31.709+0000][1][safepoint    ] Leaving safepoint region
[2022-06-13T01:47:31.710+0000][1][safepoint    ] Total time for which application threads were stopped: 0.0008290 seconds, Stopping threads took: 0.0004020 seconds
[2022-06-13T01:47:32.710+0000][1][safepoint    ] Application time: 1.0002699 seconds
[2022-06-13T01:47:32.711+0000][1][safepoint    ] Entering safepoint region: Cleanup
[2022-06-13T01:47:32.711+0000][1][safepoint    ] Leaving safepoint region
[2022-06-13T01:47:32.712+0000][1][safepoint    ] Total time for which application threads were stopped: 0.0009912 seconds, Stopping threads took: 0.0004550 seconds
[2022-06-13T01:47:33.712+0000][1][safepoint    ] Application time: 1.0002938 seconds
[2022-06-13T01:47:33.713+0000][1][safepoint    ] Entering safepoint region: Cleanup
[2022-06-13T01:47:33.713+0000][1][safepoint    ] Leaving safepoint region
[2022-06-13T01:47:33.713+0000][1][safepoint    ] Total time for which application threads were stopped: 0.0005759 seconds, Stopping threads took: 0.0002530 seconds
[2022-06-13T01:47:34.714+0000][1][safepoint    ] Application time: 1.0001531 seconds
[2022-06-13T01:47:34.714+0000][1][safepoint    ] Entering safepoint region: Cleanup
[2022-06-13T01:47:34.715+0000][1][safepoint    ] Leaving safepoint region
[2022-06-13T01:47:34.715+0000][1][safepoint    ] Total time for which application threads were stopped: 0.0010152 seconds, Stopping threads took: 0.0005974 seconds
[2022-06-13T01:47:35.716+0000][1][safepoint    ] Application time: 1.0002096 seconds
[2022-06-13T01:47:35.716+0000][1][safepoint    ] Entering safepoint region: Cleanup
[2022-06-13T01:47:35.717+0000][1][safepoint    ] Leaving safepoint region
[2022-06-13T01:47:35.717+0000][1][safepoint    ] Total time for which application threads were stopped: 0.0008767 seconds, Stopping threads took: 0.0004324 seconds
[2022-06-13T01:47:36.718+0000][1][safepoint    ] Application time: 1.0004044 seconds
[2022-06-13T01:47:36.719+0000][1][safepoint    ] Entering safepoint region: Cleanup
[2022-06-13T01:47:36.720+0000][1][safepoint    ] Leaving safepoint region
[2022-06-13T01:47:36.721+0000][1][safepoint    ] Total time for which application threads were stopped: 0.0022439 seconds, Stopping threads took: 0.0011515 seconds
[2022-06-13T01:47:37.722+0000][1][safepoint    ] Application time: 1.0002151 seconds
[2022-06-13T01:47:37.722+0000][1][safepoint    ] Entering safepoint region: Cleanup
[2022-06-13T01:47:37.723+0000][1][safepoint    ] Leaving safepoint region
[2022-06-13T01:47:37.723+0000][1][safepoint    ] Total time for which application threads were stopped: 0.0009584 seconds, Stopping threads took: 0.0004920 seconds
[2022-06-13T01:47:38.724+0000][1][safepoint    ] Application time: 1.0002140 seconds
[2022-06-13T01:47:38.724+0000][1][safepoint    ] Entering safepoint region: Cleanup
[2022-06-13T01:47:38.725+0000][1][safepoint    ] Leaving safepoint region
[2022-06-13T01:47:38.725+0000][1][safepoint    ] Total time for which application threads were stopped: 0.0006135 seconds, Stopping threads took: 0.0002433 seconds
[2022-06-13T01:47:39.725+0000][1][safepoint    ] Application time: 1.0001878 seconds
[2022-06-13T01:47:39.726+0000][1][safepoint    ] Entering safepoint region: Cleanup
[2022-06-13T01:47:39.726+0000][1][safepoint    ] Leaving safepoint region
[2022-06-13T01:47:39.727+0000][1][safepoint    ] Total time for which application threads were stopped: 0.0009000 seconds, Stopping threads took: 0.0004112 seconds
[2022-06-13T01:47:40.728+0000][1][safepoint    ] Application time: 1.0003046 seconds
[2022-06-13T01:47:40.729+0000][1][safepoint    ] Entering safepoint region: Cleanup
[2022-06-13T01:47:40.729+0000][1][safepoint    ] Leaving safepoint region
[2022-06-13T01:47:40.730+0000][1][safepoint    ] Total time for which application threads were stopped: 0.0012337 seconds, Stopping threads took: 0.0005634 seconds
[2022-06-13T01:47:41.731+0000][1][safepoint    ] Application time: 1.0002787 seconds
[2022-06-13T01:47:41.731+0000][1][safepoint    ] Entering safepoint region: Cleanup
[2022-06-13T01:47:41.731+0000][1][safepoint    ] Leaving safepoint region
[2022-06-13T01:47:41.732+0000][1][safepoint    ] Total time for which application threads were stopped: 0.0007656 seconds, Stopping threads took: 0.0003319 seconds
[2022-06-13T01:47:42.732+0000][1][safepoint    ] Application time: 1.0002160 seconds
[2022-06-13T01:47:42.733+0000][1][safepoint    ] Entering safepoint region: Cleanup
[2022-06-13T01:47:42.734+0000][1][safepoint    ] Leaving safepoint region
[2022-06-13T01:47:42.735+0000][1][safepoint    ] Total time for which application threads were stopped: 0.0017440 seconds, Stopping threads took: 0.0007467 seconds
[2022-06-13T01:47:43.736+0000][1][safepoint    ] Application time: 1.0002035 seconds
[2022-06-13T01:47:43.736+0000][1][safepoint    ] Entering safepoint region: Cleanup
[2022-06-13T01:47:43.737+0000][1][safepoint    ] Leaving safepoint region
[2022-06-13T01:47:43.738+0000][1][safepoint    ] Total time for which application threads were stopped: 0.0014652 seconds, Stopping threads took: 0.0006122 seconds
[2022-06-13T01:47:44.739+0000][1][safepoint    ] Application time: 1.0001568 seconds
[2022-06-13T01:47:44.739+0000][1][safepoint    ] Entering safepoint region: Cleanup
[2022-06-13T01:47:44.740+0000][1][safepoint    ] Leaving safepoint region
[2022-06-13T01:47:44.740+0000][1][safepoint    ] Total time for which application threads were stopped: 0.0008791 seconds, Stopping threads took: 0.0003407 seconds
[2022-06-13T01:47:45.741+0000][1][safepoint    ] Application time: 1.0002738 seconds
[2022-06-13T01:47:45.741+0000][1][safepoint    ] Entering safepoint region: Cleanup
[2022-06-13T01:47:45.742+0000][1][safepoint    ] Leaving safepoint region
[2022-06-13T01:47:45.742+0000][1][safepoint    ] Total time for which application threads were stopped: 0.0009841 seconds, Stopping threads took: 0.0003449 seconds
[2022-06-13T01:47:46.743+0000][1][safepoint    ] Application time: 1.0002718 seconds
[2022-06-13T01:47:46.744+0000][1][safepoint    ] Entering safepoint region: Cleanup
[2022-06-13T01:47:46.745+0000][1][safepoint    ] Leaving safepoint region
[2022-06-13T01:47:46.745+0000][1][safepoint    ] Total time for which application threads were stopped: 0.0015725 seconds, Stopping threads took: 0.0006651 seconds
[2022-06-13T01:47:47.746+0000][1][safepoint    ] Application time: 1.0001496 seconds
[2022-06-13T01:47:47.747+0000][1][safepoint    ] Entering safepoint region: Cleanup
[2022-06-13T01:47:47.748+0000][1][safepoint    ] Leaving safepoint region
[2022-06-13T01:47:47.748+0000][1][safepoint    ] Total time for which application threads were stopped: 0.0013014 seconds, Stopping threads took: 0.0006600 seconds
[2022-06-13T01:47:48.749+0000][1][safepoint    ] Application time: 1.0002302 seconds
[2022-06-13T01:47:48.749+0000][1][safepoint    ] Entering safepoint region: Cleanup
[2022-06-13T01:47:48.750+0000][1][safepoint    ] Leaving safepoint region
[2022-06-13T01:47:48.750+0000][1][safepoint    ] Total time for which application threads were stopped: 0.0007378 seconds, Stopping threads took: 0.0003419 seconds
[2022-06-13T01:47:50.728+0000][1][safepoint    ] Application time: 1.9771916 seconds
[2022-06-13T01:47:50.729+0000][1][safepoint    ] Entering safepoint region: Cleanup
[2022-06-13T01:47:50.730+0000][1][safepoint    ] Leaving safepoint region
[2022-06-13T01:47:50.731+0000][1][safepoint    ] Total time for which application threads were stopped: 0.0019818 seconds, Stopping threads took: 0.0008129 seconds
[2022-06-13T01:47:52.258+0000][1][safepoint    ] Application time: 1.5267692 seconds
[2022-06-13T01:47:52.258+0000][1][safepoint    ] Entering safepoint region: Cleanup
[2022-06-13T01:47:52.259+0000][1][safepoint    ] Leaving safepoint region
[2022-06-13T01:47:52.259+0000][1][safepoint    ] Total time for which application threads were stopped: 0.0010189 seconds, Stopping threads took: 0.0005646 seconds
[2022-06-13T01:47:53.260+0000][1][safepoint    ] Application time: 1.0003003 seconds
[2022-06-13T01:47:53.260+0000][1][safepoint    ] Entering safepoint region: Cleanup
[2022-06-13T01:47:53.261+0000][1][safepoint    ] Leaving safepoint region
[2022-06-13T01:47:53.261+0000][1][safepoint    ] Total time for which application threads were stopped: 0.0010216 seconds, Stopping threads took: 0.0003630 seconds
[2022-06-13T01:47:54.262+0000][1][safepoint    ] Application time: 1.0002950 seconds
[2022-06-13T01:47:54.263+0000][1][safepoint    ] Entering safepoint region: Cleanup
[2022-06-13T01:47:54.264+0000][1][safepoint    ] Leaving safepoint region
[2022-06-13T01:47:54.264+0000][1][safepoint    ] Total time for which application threads were stopped: 0.0016398 seconds, Stopping threads took: 0.0005858 seconds
[2022-06-13T01:47:55.265+0000][1][safepoint    ] Application time: 1.0001431 seconds
[2022-06-13T01:47:55.266+0000][1][safepoint    ] Entering safepoint region: Cleanup
[2022-06-13T01:47:55.266+0000][1][safepoint    ] Leaving safepoint region
[2022-06-13T01:47:55.266+0000][1][safepoint    ] Total time for which application threads were stopped: 0.0006554 seconds, Stopping threads took: 0.0003070 seconds
[2022-06-13T01:47:56.267+0000][1][safepoint    ] Application time: 1.0002913 seconds
[2022-06-13T01:47:56.268+0000][1][safepoint    ] Entering safepoint region: Cleanup
[2022-06-13T01:47:56.269+0000][1][safepoint    ] Leaving safepoint region
[2022-06-13T01:47:56.269+0000][1][safepoint    ] Total time for which application threads were stopped: 0.0015748 seconds, Stopping threads took: 0.0007819 seconds
[2022-06-13T01:47:57.270+0000][1][safepoint    ] Application time: 1.0003697 seconds
[2022-06-13T01:47:57.271+0000][1][safepoint    ] Entering safepoint region: Cleanup
[2022-06-13T01:47:57.272+0000][1][safepoint    ] Leaving safepoint region
[2022-06-13T01:47:57.273+0000][1][safepoint    ] Total time for which application threads were stopped: 0.0016821 seconds, Stopping threads took: 0.0008153 seconds
[2022-06-13T01:47:58.274+0000][1][safepoint    ] Application time: 1.0003520 seconds
[2022-06-13T01:47:58.275+0000][1][safepoint    ] Entering safepoint region: Cleanup
[2022-06-13T01:47:58.276+0000][1][safepoint    ] Leaving safepoint region
[2022-06-13T01:47:58.277+0000][1][safepoint    ] Total time for which application threads were stopped: 0.0015815 seconds, Stopping threads took: 0.0007496 seconds
[2022-06-13T01:47:59.278+0000][1][safepoint    ] Application time: 1.0001810 seconds
[2022-06-13T01:47:59.279+0000][1][safepoint    ] Entering safepoint region: Cleanup
[2022-06-13T01:47:59.280+0000][1][safepoint    ] Leaving safepoint region
[2022-06-13T01:47:59.280+0000][1][safepoint    ] Total time for which application threads were stopped: 0.0011496 seconds, Stopping threads took: 0.0005572 seconds
[2022-06-13T01:48:00.281+0000][1][safepoint    ] Application time: 1.0002120 seconds
[2022-06-13T01:48:00.282+0000][1][safepoint    ] Entering safepoint region: Cleanup
[2022-06-13T01:48:00.282+0000][1][safepoint    ] Leaving safepoint region
[2022-06-13T01:48:00.283+0000][1][safepoint    ] Total time for which application threads were stopped: 0.0007655 seconds, Stopping threads took: 0.0003403 seconds
[2022-06-13T01:48:01.283+0000][1][safepoint    ] Application time: 1.0002283 seconds
[2022-06-13T01:48:01.284+0000][1][safepoint    ] Entering safepoint region: Cleanup
[2022-06-13T01:48:01.285+0000][1][safepoint    ] Leaving safepoint region
[2022-06-13T01:48:01.285+0000][1][safepoint    ] Total time for which application threads were stopped: 0.0014964 seconds, Stopping threads took: 0.0007848 seconds
[2022-06-13T01:48:02.286+0000][1][safepoint    ] Application time: 1.0001842 seconds
[2022-06-13T01:48:02.287+0000][1][safepoint    ] Entering safepoint region: Cleanup
[2022-06-13T01:48:02.287+0000][1][safepoint    ] Leaving safepoint region
[2022-06-13T01:48:02.288+0000][1][safepoint    ] Total time for which application threads were stopped: 0.0016424 seconds, Stopping threads took: 0.0006665 seconds
[2022-06-13T01:48:03.289+0000][1][safepoint    ] Application time: 1.0003566 seconds
[2022-06-13T01:48:03.290+0000][1][safepoint    ] Entering safepoint region: Cleanup
[2022-06-13T01:48:03.290+0000][1][safepoint    ] Leaving safepoint region
[2022-06-13T01:48:03.291+0000][1][safepoint    ] Total time for which application threads were stopped: 0.0010674 seconds, Stopping threads took: 0.0004620 seconds
[2022-06-13T01:48:04.291+0000][1][safepoint    ] Application time: 1.0001577 seconds
[2022-06-13T01:48:04.292+0000][1][safepoint    ] Entering safepoint region: Cleanup
[2022-06-13T01:48:04.293+0000][1][safepoint    ] Leaving safepoint region
[2022-06-13T01:48:04.293+0000][1][safepoint    ] Total time for which application threads were stopped: 0.0017124 seconds, Stopping threads took: 0.0008661 seconds
[2022-06-13T01:48:05.294+0000][1][safepoint    ] Application time: 1.0002434 seconds
[2022-06-13T01:48:05.295+0000][1][safepoint    ] Entering safepoint region: Cleanup
[2022-06-13T01:48:05.295+0000][1][safepoint    ] Leaving safepoint region
[2022-06-13T01:48:05.296+0000][1][safepoint    ] Total time for which application threads were stopped: 0.0013222 seconds, Stopping threads took: 0.0005870 seconds
[2022-06-13T01:48:06.297+0000][1][safepoint    ] Application time: 1.0001978 seconds
[2022-06-13T01:48:06.298+0000][1][safepoint    ] Entering safepoint region: Cleanup
[2022-06-13T01:48:06.299+0000][1][safepoint    ] Leaving safepoint region
[2022-06-13T01:48:06.299+0000][1][safepoint    ] Total time for which application threads were stopped: 0.0014862 seconds, Stopping threads took: 0.0006659 seconds
[2022-06-13T01:48:07.300+0000][1][safepoint    ] Application time: 1.0002481 seconds
[2022-06-13T01:48:07.301+0000][1][safepoint    ] Entering safepoint region: Cleanup
[2022-06-13T01:48:07.302+0000][1][safepoint    ] Leaving safepoint region
[2022-06-13T01:48:07.302+0000][1][safepoint    ] Total time for which application threads were stopped: 0.0018940 seconds, Stopping threads took: 0.0008875 seconds
[2022-06-13T01:48:08.303+0000][1][safepoint    ] Application time: 1.0002031 seconds
[2022-06-13T01:48:08.304+0000][1][safepoint    ] Entering safepoint region: Cleanup
[2022-06-13T01:48:08.304+0000][1][safepoint    ] Leaving safepoint region
[2022-06-13T01:48:08.304+0000][1][safepoint    ] Total time for which application threads were stopped: 0.0004942 seconds, Stopping threads took: 0.0002384 seconds
[2022-06-13T01:48:09.305+0000][1][safepoint    ] Application time: 1.0003587 seconds
[2022-06-13T01:48:09.306+0000][1][safepoint    ] Entering safepoint region: Cleanup
[2022-06-13T01:48:09.307+0000][1][safepoint    ] Leaving safepoint region
[2022-06-13T01:48:09.307+0000][1][safepoint    ] Total time for which application threads were stopped: 0.0016235 seconds, Stopping threads took: 0.0007911 seconds
[2022-06-13T01:48:10.309+0000][1][safepoint    ] Application time: 1.0004853 seconds
[2022-06-13T01:48:10.310+0000][1][safepoint    ] Entering safepoint region: Cleanup
[2022-06-13T01:48:10.310+0000][1][safepoint    ] Leaving safepoint region
[2022-06-13T01:48:10.311+0000][1][safepoint    ] Total time for which application threads were stopped: 0.0014675 seconds, Stopping threads took: 0.0005734 seconds
[2022-06-13T01:48:11.312+0000][1][safepoint    ] Application time: 1.0001456 seconds
[2022-06-13T01:48:11.313+0000][1][safepoint    ] Entering safepoint region: Cleanup
[2022-06-13T01:48:11.313+0000][1][safepoint    ] Leaving safepoint region
[2022-06-13T01:48:11.314+0000][1][safepoint    ] Total time for which application threads were stopped: 0.0011407 seconds, Stopping threads took: 0.0005883 seconds
[2022-06-13T01:48:12.314+0000][1][safepoint    ] Application time: 1.0002115 seconds
[2022-06-13T01:48:12.315+0000][1][safepoint    ] Entering safepoint region: Cleanup
[2022-06-13T01:48:12.316+0000][1][safepoint    ] Leaving safepoint region
[2022-06-13T01:48:12.316+0000][1][safepoint    ] Total time for which application threads were stopped: 0.0010430 seconds, Stopping threads took: 0.0004385 seconds
[2022-06-13T01:48:13.317+0000][1][safepoint    ] Application time: 1.0001703 seconds
[2022-06-13T01:48:13.318+0000][1][safepoint    ] Entering safepoint region: Cleanup
[2022-06-13T01:48:13.318+0000][1][safepoint    ] Leaving safepoint region
[2022-06-13T01:48:13.318+0000][1][safepoint    ] Total time for which application threads were stopped: 0.0005896 seconds, Stopping threads took: 0.0002987 seconds
[2022-06-13T01:48:14.319+0000][1][safepoint    ] Application time: 1.0004464 seconds
[2022-06-13T01:48:14.320+0000][1][safepoint    ] Entering safepoint region: Cleanup
[2022-06-13T01:48:14.321+0000][1][safepoint    ] Leaving safepoint region
[2022-06-13T01:48:14.322+0000][1][safepoint    ] Total time for which application threads were stopped: 0.0019618 seconds, Stopping threads took: 0.0010981 seconds
[2022-06-13T01:48:15.323+0000][1][safepoint    ] Application time: 1.0003315 seconds
[2022-06-13T01:48:15.324+0000][1][safepoint    ] Entering safepoint region: Cleanup
[2022-06-13T01:48:15.324+0000][1][safepoint    ] Leaving safepoint region
[2022-06-13T01:48:15.325+0000][1][safepoint    ] Total time for which application threads were stopped: 0.0012147 seconds, Stopping threads took: 0.0002738 seconds
[2022-06-13T01:48:16.326+0000][1][safepoint    ] Application time: 1.0002146 seconds
[2022-06-13T01:48:16.326+0000][1][safepoint    ] Entering safepoint region: Cleanup
[2022-06-13T01:48:16.327+0000][1][safepoint    ] Leaving safepoint region
[2022-06-13T01:48:16.328+0000][1][safepoint    ] Total time for which application threads were stopped: 0.0012084 seconds, Stopping threads took: 0.0005459 seconds
[2022-06-13T01:48:17.328+0000][1][safepoint    ] Application time: 1.0001939 seconds
[2022-06-13T01:48:17.329+0000][1][safepoint    ] Entering safepoint region: Cleanup
[2022-06-13T01:48:17.329+0000][1][safepoint    ] Leaving safepoint region
[2022-06-13T01:48:17.330+0000][1][safepoint    ] Total time for which application threads were stopped: 0.0009176 seconds, Stopping threads took: 0.0004086 seconds
[2022-06-13T01:48:18.330+0000][1][safepoint    ] Application time: 1.0003606 seconds
[2022-06-13T01:48:18.331+0000][1][safepoint    ] Entering safepoint region: Cleanup
[2022-06-13T01:48:18.331+0000][1][safepoint    ] Leaving safepoint region
[2022-06-13T01:48:18.332+0000][1][safepoint    ] Total time for which application threads were stopped: 0.0006729 seconds, Stopping threads took: 0.0003076 seconds
[2022-06-13T01:48:19.332+0000][1][safepoint    ] Application time: 1.0002333 seconds
[2022-06-13T01:48:19.333+0000][1][safepoint    ] Entering safepoint region: Cleanup
[2022-06-13T01:48:19.334+0000][1][safepoint    ] Leaving safepoint region
[2022-06-13T01:48:19.335+0000][1][safepoint    ] Total time for which application threads were stopped: 0.0015770 seconds, Stopping threads took: 0.0007459 seconds
[2022-06-13T01:48:20.336+0000][1][safepoint    ] Application time: 1.0001889 seconds
[2022-06-13T01:48:20.337+0000][1][safepoint    ] Entering safepoint region: Cleanup
[2022-06-13T01:48:20.337+0000][1][safepoint    ] Leaving safepoint region
[2022-06-13T01:48:20.337+0000][1][safepoint    ] Total time for which application threads were stopped: 0.0009453 seconds, Stopping threads took: 0.0005745 seconds
[2022-06-13T01:48:21.338+0000][1][safepoint    ] Application time: 1.0002545 seconds
[2022-06-13T01:48:21.339+0000][1][safepoint    ] Entering safepoint region: Cleanup
[2022-06-13T01:48:21.339+0000][1][safepoint    ] Leaving safepoint region
[2022-06-13T01:48:21.340+0000][1][safepoint    ] Total time for which application threads were stopped: 0.0012300 seconds, Stopping threads took: 0.0005574 seconds
[2022-06-13T01:48:22.341+0000][1][safepoint    ] Application time: 1.0003888 seconds
[2022-06-13T01:48:22.342+0000][1][safepoint    ] Entering safepoint region: Cleanup
[2022-06-13T01:48:22.342+0000][1][safepoint    ] Leaving safepoint region
[2022-06-13T01:48:22.343+0000][1][safepoint    ] Total time for which application threads were stopped: 0.0013307 seconds, Stopping threads took: 0.0005923 seconds
[2022-06-13T01:48:23.344+0000][1][safepoint    ] Application time: 1.0003065 seconds
[2022-06-13T01:48:23.345+0000][1][safepoint    ] Entering safepoint region: Cleanup
[2022-06-13T01:48:23.346+0000][1][safepoint    ] Leaving safepoint region
[2022-06-13T01:48:23.346+0000][1][safepoint    ] Total time for which application threads were stopped: 0.0018269 seconds, Stopping threads took: 0.0008550 seconds
[2022-06-13T01:48:24.347+0000][1][safepoint    ] Application time: 1.0003545 seconds
[2022-06-13T01:48:24.348+0000][1][safepoint    ] Entering safepoint region: Cleanup
[2022-06-13T01:48:24.349+0000][1][safepoint    ] Leaving safepoint region
[2022-06-13T01:48:24.350+0000][1][safepoint    ] Total time for which application threads were stopped: 0.0016772 seconds, Stopping threads took: 0.0007188 seconds
[2022-06-13T01:48:25.351+0000][1][safepoint    ] Application time: 1.0001683 seconds
[2022-06-13T01:48:25.351+0000][1][safepoint    ] Entering safepoint region: Cleanup
[2022-06-13T01:48:25.352+0000][1][safepoint    ] Leaving safepoint region
[2022-06-13T01:48:25.353+0000][1][safepoint    ] Total time for which application threads were stopped: 0.0014279 seconds, Stopping threads took: 0.0006201 seconds
[2022-06-13T01:48:26.354+0000][1][safepoint    ] Application time: 1.0003446 seconds
[2022-06-13T01:48:26.355+0000][1][safepoint    ] Entering safepoint region: Cleanup
[2022-06-13T01:48:26.355+0000][1][safepoint    ] Leaving safepoint region
[2022-06-13T01:48:26.355+0000][1][safepoint    ] Total time for which application threads were stopped: 0.0008761 seconds, Stopping threads took: 0.0002882 seconds
[2022-06-13T01:48:27.356+0000][1][safepoint    ] Application time: 1.0002805 seconds
[2022-06-13T01:48:27.356+0000][1][safepoint    ] Entering safepoint region: Cleanup
[2022-06-13T01:48:27.357+0000][1][safepoint    ] Leaving safepoint region
[2022-06-13T01:48:27.357+0000][1][safepoint    ] Total time for which application threads were stopped: 0.0005848 seconds, Stopping threads took: 0.0002460 seconds
[2022-06-13T01:48:28.358+0000][1][safepoint    ] Application time: 1.0002986 seconds
[2022-06-13T01:48:28.358+0000][1][safepoint    ] Entering safepoint region: Cleanup
[2022-06-13T01:48:28.359+0000][1][safepoint    ] Leaving safepoint region
[2022-06-13T01:48:28.359+0000][1][safepoint    ] Total time for which application threads were stopped: 0.0006260 seconds, Stopping threads took: 0.0002014 seconds
[2022-06-13T01:48:29.360+0000][1][safepoint    ] Application time: 1.0002400 seconds
[2022-06-13T01:48:29.360+0000][1][safepoint    ] Entering safepoint region: Cleanup
[2022-06-13T01:48:29.361+0000][1][safepoint    ] Leaving safepoint region
[2022-06-13T01:48:29.361+0000][1][safepoint    ] Total time for which application threads were stopped: 0.0010994 seconds, Stopping threads took: 0.0005259 seconds
[2022-06-13T01:48:30.362+0000][1][safepoint    ] Application time: 1.0002367 seconds
[2022-06-13T01:48:30.363+0000][1][safepoint    ] Entering safepoint region: Cleanup
[2022-06-13T01:48:30.363+0000][1][safepoint    ] Leaving safepoint region
[2022-06-13T01:48:30.363+0000][1][safepoint    ] Total time for which application threads were stopped: 0.0007571 seconds, Stopping threads took: 0.0003175 seconds
[2022-06-13T01:48:31.364+0000][1][safepoint    ] Application time: 1.0003252 seconds
[2022-06-13T01:48:31.365+0000][1][safepoint    ] Entering safepoint region: Cleanup
[2022-06-13T01:48:31.365+0000][1][safepoint    ] Leaving safepoint region
[2022-06-13T01:48:31.366+0000][1][safepoint    ] Total time for which application threads were stopped: 0.0011825 seconds, Stopping threads took: 0.0003811 seconds
[2022-06-13T01:48:32.367+0000][1][safepoint    ] Application time: 1.0002269 seconds
[2022-06-13T01:48:32.367+0000][1][safepoint    ] Entering safepoint region: Cleanup
[2022-06-13T01:48:32.368+0000][1][safepoint    ] Leaving safepoint region
[2022-06-13T01:48:32.368+0000][1][safepoint    ] Total time for which application threads were stopped: 0.0008757 seconds, Stopping threads took: 0.0003859 seconds
[2022-06-13T01:48:33.369+0000][1][safepoint    ] Application time: 1.0001422 seconds
[2022-06-13T01:48:33.369+0000][1][safepoint    ] Entering safepoint region: Cleanup
[2022-06-13T01:48:33.370+0000][1][safepoint    ] Leaving safepoint region
[2022-06-13T01:48:33.370+0000][1][safepoint    ] Total time for which application threads were stopped: 0.0006440 seconds, Stopping threads took: 0.0003075 seconds
[2022-06-13T01:48:34.370+0000][1][safepoint    ] Application time: 1.0002366 seconds
[2022-06-13T01:48:34.371+0000][1][safepoint    ] Entering safepoint region: Cleanup
[2022-06-13T01:48:34.371+0000][1][safepoint    ] Leaving safepoint region
[2022-06-13T01:48:34.372+0000][1][safepoint    ] Total time for which application threads were stopped: 0.0009188 seconds, Stopping threads took: 0.0004223 seconds
[2022-06-13T01:48:35.372+0000][1][safepoint    ] Application time: 1.0002106 seconds
[2022-06-13T01:48:35.373+0000][1][safepoint    ] Entering safepoint region: Cleanup
[2022-06-13T01:48:35.374+0000][1][safepoint    ] Leaving safepoint region
[2022-06-13T01:48:35.374+0000][1][safepoint    ] Total time for which application threads were stopped: 0.0014859 seconds, Stopping threads took: 0.0005870 seconds
[2022-06-13T01:48:36.375+0000][1][safepoint    ] Application time: 1.0002136 seconds
[2022-06-13T01:48:36.376+0000][1][safepoint    ] Entering safepoint region: Cleanup
[2022-06-13T01:48:36.376+0000][1][safepoint    ] Leaving safepoint region
[2022-06-13T01:48:36.377+0000][1][safepoint    ] Total time for which application threads were stopped: 0.0011336 seconds, Stopping threads took: 0.0003165 seconds
[2022-06-13T01:48:37.378+0000][1][safepoint    ] Application time: 1.0004380 seconds
[2022-06-13T01:48:37.379+0000][1][safepoint    ] Entering safepoint region: Cleanup
[2022-06-13T01:48:37.380+0000][1][safepoint    ] Leaving safepoint region
[2022-06-13T01:48:37.381+0000][1][safepoint    ] Total time for which application threads were stopped: 0.0015247 seconds, Stopping threads took: 0.0007058 seconds
[2022-06-13T01:48:38.381+0000][1][safepoint    ] Application time: 1.0001897 seconds
[2022-06-13T01:48:38.382+0000][1][safepoint    ] Entering safepoint region: Cleanup
[2022-06-13T01:48:38.383+0000][1][safepoint    ] Leaving safepoint region
[2022-06-13T01:48:38.383+0000][1][safepoint    ] Total time for which application threads were stopped: 0.0009697 seconds, Stopping threads took: 0.0003495 seconds
[2022-06-13T01:48:39.384+0000][1][safepoint    ] Application time: 1.0001898 seconds
[2022-06-13T01:48:39.385+0000][1][safepoint    ] Entering safepoint region: Cleanup
[2022-06-13T01:48:39.385+0000][1][safepoint    ] Leaving safepoint region
[2022-06-13T01:48:39.386+0000][1][safepoint    ] Total time for which application threads were stopped: 0.0010522 seconds, Stopping threads took: 0.0005957 seconds
[2022-06-13T01:48:40.386+0000][1][safepoint    ] Application time: 1.0003188 seconds
[2022-06-13T01:48:40.388+0000][1][safepoint    ] Entering safepoint region: Cleanup
[2022-06-13T01:48:40.389+0000][1][safepoint    ] Leaving safepoint region
[2022-06-13T01:48:40.389+0000][1][safepoint    ] Total time for which application threads were stopped: 0.0017309 seconds, Stopping threads took: 0.0009107 seconds
[2022-06-13T01:48:41.390+0000][1][safepoint    ] Application time: 1.0001745 seconds
[2022-06-13T01:48:41.391+0000][1][safepoint    ] Entering safepoint region: Cleanup
[2022-06-13T01:48:41.391+0000][1][safepoint    ] Leaving safepoint region
[2022-06-13T01:48:41.391+0000][1][safepoint    ] Total time for which application threads were stopped: 0.0008424 seconds, Stopping threads took: 0.0003729 seconds
[2022-06-13T01:48:42.392+0000][1][safepoint    ] Application time: 1.0002941 seconds
[2022-06-13T01:48:42.393+0000][1][safepoint    ] Entering safepoint region: Cleanup
[2022-06-13T01:48:42.394+0000][1][safepoint    ] Leaving safepoint region
[2022-06-13T01:48:42.394+0000][1][safepoint    ] Total time for which application threads were stopped: 0.0011403 seconds, Stopping threads took: 0.0006420 seconds
[2022-06-13T01:48:43.395+0000][1][safepoint    ] Application time: 1.0003246 seconds
[2022-06-13T01:48:43.396+0000][1][safepoint    ] Entering safepoint region: Cleanup
[2022-06-13T01:48:43.398+0000][1][safepoint    ] Leaving safepoint region
[2022-06-13T01:48:43.398+0000][1][safepoint    ] Total time for which application threads were stopped: 0.0023211 seconds, Stopping threads took: 0.0009566 seconds
[2022-06-13T01:48:44.399+0000][1][safepoint    ] Application time: 1.0002427 seconds
[2022-06-13T01:48:44.400+0000][1][safepoint    ] Entering safepoint region: Cleanup
[2022-06-13T01:48:44.400+0000][1][safepoint    ] Leaving safepoint region
[2022-06-13T01:48:44.401+0000][1][safepoint    ] Total time for which application threads were stopped: 0.0009920 seconds, Stopping threads took: 0.0004380 seconds
[2022-06-13T01:48:45.402+0000][1][safepoint    ] Application time: 1.0004134 seconds
[2022-06-13T01:48:45.403+0000][1][safepoint    ] Entering safepoint region: Cleanup
[2022-06-13T01:48:45.404+0000][1][safepoint    ] Leaving safepoint region
[2022-06-13T01:48:45.404+0000][1][safepoint    ] Total time for which application threads were stopped: 0.0018894 seconds, Stopping threads took: 0.0008762 seconds
[2022-06-13T01:48:46.406+0000][1][safepoint    ] Application time: 1.0003318 seconds
[2022-06-13T01:48:46.407+0000][1][safepoint    ] Entering safepoint region: Cleanup
[2022-06-13T01:48:46.408+0000][1][safepoint    ] Leaving safepoint region
[2022-06-13T01:48:46.409+0000][1][safepoint    ] Total time for which application threads were stopped: 0.0019611 seconds, Stopping threads took: 0.0011151 seconds
[2022-06-13T01:48:47.410+0000][1][safepoint    ] Application time: 1.0004333 seconds
[2022-06-13T01:48:47.410+0000][1][safepoint    ] Entering safepoint region: Cleanup
[2022-06-13T01:48:47.411+0000][1][safepoint    ] Leaving safepoint region
[2022-06-13T01:48:47.411+0000][1][safepoint    ] Total time for which application threads were stopped: 0.0007817 seconds, Stopping threads took: 0.0003914 seconds
[2022-06-13T01:48:48.412+0000][1][safepoint    ] Application time: 1.0001314 seconds
[2022-06-13T01:48:48.412+0000][1][safepoint    ] Entering safepoint region: Cleanup
[2022-06-13T01:48:48.413+0000][1][safepoint    ] Leaving safepoint region
[2022-06-13T01:48:48.413+0000][1][safepoint    ] Total time for which application threads were stopped: 0.0006202 seconds, Stopping threads took: 0.0002414 seconds
[2022-06-13T01:48:49.413+0000][1][safepoint    ] Application time: 1.0003261 seconds
[2022-06-13T01:48:49.414+0000][1][safepoint    ] Entering safepoint region: Cleanup
[2022-06-13T01:48:49.416+0000][1][safepoint    ] Leaving safepoint region
[2022-06-13T01:48:49.416+0000][1][safepoint    ] Total time for which application threads were stopped: 0.0015671 seconds, Stopping threads took: 0.0008728 seconds
[2022-06-13T01:48:50.417+0000][1][safepoint    ] Application time: 1.0001971 seconds
[2022-06-13T01:48:50.418+0000][1][safepoint    ] Entering safepoint region: Cleanup
[2022-06-13T01:48:50.418+0000][1][safepoint    ] Leaving safepoint region
[2022-06-13T01:48:50.419+0000][1][safepoint    ] Total time for which application threads were stopped: 0.0011690 seconds, Stopping threads took: 0.0005115 seconds
[2022-06-13T01:48:51.419+0000][1][safepoint    ] Application time: 1.0001266 seconds
[2022-06-13T01:48:51.420+0000][1][safepoint    ] Entering safepoint region: Cleanup
[2022-06-13T01:48:51.420+0000][1][safepoint    ] Leaving safepoint region
[2022-06-13T01:48:51.420+0000][1][safepoint    ] Total time for which application threads were stopped: 0.0003615 seconds, Stopping threads took: 0.0001623 seconds
[2022-06-13T01:48:52.420+0000][1][safepoint    ] Application time: 1.0002534 seconds
[2022-06-13T01:48:52.421+0000][1][safepoint    ] Entering safepoint region: Cleanup
[2022-06-13T01:48:52.421+0000][1][safepoint    ] Leaving safepoint region
[2022-06-13T01:48:52.421+0000][1][safepoint    ] Total time for which application threads were stopped: 0.0005819 seconds, Stopping threads took: 0.0002093 seconds
[2022-06-13T01:48:53.422+0000][1][safepoint    ] Application time: 1.0001599 seconds
[2022-06-13T01:48:53.422+0000][1][safepoint    ] Entering safepoint region: Cleanup
[2022-06-13T01:48:53.423+0000][1][safepoint    ] Leaving safepoint region
[2022-06-13T01:48:53.423+0000][1][safepoint    ] Total time for which application threads were stopped: 0.0009061 seconds, Stopping threads took: 0.0003880 seconds
[2022-06-13T01:48:53.497+0000][1][safepoint    ] Application time: 0.0736438 seconds
[2022-06-13T01:48:53.498+0000][1][safepoint    ] Entering safepoint region: RevokeBias
[2022-06-13T01:48:53.498+0000][1][safepoint    ] Leaving safepoint region
[2022-06-13T01:48:53.499+0000][1][safepoint    ] Total time for which application threads were stopped: 0.0008355 seconds, Stopping threads took: 0.0003840 seconds
[2022-06-13T01:48:53.499+0000][1][safepoint    ] Application time: 0.0002820 seconds
[2022-06-13T01:48:53.500+0000][1][safepoint    ] Entering safepoint region: RevokeBias
[2022-06-13T01:48:53.500+0000][1][safepoint    ] Leaving safepoint region
[2022-06-13T01:48:53.501+0000][1][safepoint    ] Total time for which application threads were stopped: 0.0009684 seconds, Stopping threads took: 0.0003874 seconds
[2022-06-13T01:48:53.503+0000][1][safepoint    ] Application time: 0.0015504 seconds
[2022-06-13T01:48:53.504+0000][1][safepoint    ] Entering safepoint region: RevokeBias
[2022-06-13T01:48:53.504+0000][1][safepoint    ] Leaving safepoint region
[2022-06-13T01:48:53.505+0000][1][safepoint    ] Total time for which application threads were stopped: 0.0014879 seconds, Stopping threads took: 0.0006259 seconds
[2022-06-13T01:48:53.506+0000][1][safepoint    ] Application time: 0.0004701 seconds
[2022-06-13T01:48:53.507+0000][1][safepoint    ] Entering safepoint region: RevokeBias
[2022-06-13T01:48:53.507+0000][1][safepoint    ] Leaving safepoint region
[2022-06-13T01:48:53.508+0000][1][safepoint    ] Total time for which application threads were stopped: 0.0010647 seconds, Stopping threads took: 0.0005503 seconds
[2022-06-13T01:48:53.510+0000][1][safepoint    ] Application time: 0.0011977 seconds
[2022-06-13T01:48:53.510+0000][1][safepoint    ] Entering safepoint region: RevokeBias
[2022-06-13T01:48:53.511+0000][1][safepoint    ] Leaving safepoint region
[2022-06-13T01:48:53.511+0000][1][safepoint    ] Total time for which application threads were stopped: 0.0008520 seconds, Stopping threads took: 0.0004797 seconds
[2022-06-13T01:48:53.512+0000][1][safepoint    ] Application time: 0.0011601 seconds
[2022-06-13T01:48:53.514+0000][1][safepoint    ] Entering safepoint region: RevokeBias
[2022-06-13T01:48:53.515+0000][1][safepoint    ] Leaving safepoint region
[2022-06-13T01:48:53.515+0000][1][safepoint    ] Total time for which application threads were stopped: 0.0014614 seconds, Stopping threads took: 0.0008095 seconds
[2022-06-13T01:48:53.516+0000][1][safepoint    ] Application time: 0.0008290 seconds
[2022-06-13T01:48:53.517+0000][1][safepoint    ] Entering safepoint region: RevokeBias
[2022-06-13T01:48:53.518+0000][1][safepoint    ] Leaving safepoint region
[2022-06-13T01:48:53.519+0000][1][safepoint    ] Total time for which application threads were stopped: 0.0018847 seconds, Stopping threads took: 0.0005712 seconds
[2022-06-13T01:48:53.522+0000][1][safepoint    ] Application time: 0.0024199 seconds
[2022-06-13T01:48:53.523+0000][1][safepoint    ] Entering safepoint region: RevokeBias
[2022-06-13T01:48:53.523+0000][1][safepoint    ] Leaving safepoint region
[2022-06-13T01:48:53.524+0000][1][safepoint    ] Total time for which application threads were stopped: 0.0008383 seconds, Stopping threads took: 0.0003442 seconds
[2022-06-13T01:48:53.525+0000][1][safepoint    ] Application time: 0.0008755 seconds
[2022-06-13T01:48:53.526+0000][1][safepoint    ] Entering safepoint region: RevokeBias
[2022-06-13T01:48:53.526+0000][1][safepoint    ] Leaving safepoint region
[2022-06-13T01:48:53.527+0000][1][safepoint    ] Total time for which application threads were stopped: 0.0009891 seconds, Stopping threads took: 0.0005287 seconds
[2022-06-13T01:48:53.528+0000][1][safepoint    ] Application time: 0.0007262 seconds
[2022-06-13T01:48:53.528+0000][1][safepoint    ] Entering safepoint region: RevokeBias
[2022-06-13T01:48:53.529+0000][1][safepoint    ] Leaving safepoint region
[2022-06-13T01:48:53.530+0000][1][safepoint    ] Total time for which application threads were stopped: 0.0020863 seconds, Stopping threads took: 0.0008408 seconds
[2022-06-13T01:48:53.532+0000][1][safepoint    ] Application time: 0.0008308 seconds
[2022-06-13T01:48:53.533+0000][1][safepoint    ] Entering safepoint region: RevokeBias
[2022-06-13T01:48:53.533+0000][1][safepoint    ] Leaving safepoint region
[2022-06-13T01:48:53.534+0000][1][safepoint    ] Total time for which application threads were stopped: 0.0012657 seconds, Stopping threads took: 0.0005372 seconds
[2022-06-13T01:48:53.535+0000][1][safepoint    ] Application time: 0.0008627 seconds
[2022-06-13T01:48:53.536+0000][1][safepoint    ] Entering safepoint region: RevokeBias
[2022-06-13T01:48:53.536+0000][1][safepoint    ] Leaving safepoint region
[2022-06-13T01:48:53.537+0000][1][safepoint    ] Total time for which application threads were stopped: 0.0013628 seconds, Stopping threads took: 0.0006183 seconds
[2022-06-13T01:48:53.539+0000][1][safepoint    ] Application time: 0.0012886 seconds
[2022-06-13T01:48:53.540+0000][1][safepoint    ] Entering safepoint region: RevokeBias
[2022-06-13T01:48:53.540+0000][1][safepoint    ] Leaving safepoint region
[2022-06-13T01:48:53.541+0000][1][safepoint    ] Total time for which application threads were stopped: 0.0012731 seconds, Stopping threads took: 0.0007352 seconds
[2022-06-13T01:48:53.542+0000][1][safepoint    ] Application time: 0.0006985 seconds
[2022-06-13T01:48:53.542+0000][1][safepoint    ] Entering safepoint region: RevokeBias
[2022-06-13T01:48:53.543+0000][1][safepoint    ] Leaving safepoint region
[2022-06-13T01:48:53.544+0000][1][safepoint    ] Total time for which application threads were stopped: 0.0014429 seconds, Stopping threads took: 0.0008009 seconds
[2022-06-13T01:48:53.545+0000][1][safepoint    ] Application time: 0.0004301 seconds
[2022-06-13T01:48:53.545+0000][1][safepoint    ] Entering safepoint region: RevokeBias
[2022-06-13T01:48:53.546+0000][1][safepoint    ] Leaving safepoint region
[2022-06-13T01:48:53.547+0000][1][safepoint    ] Total time for which application threads were stopped: 0.0013642 seconds, Stopping threads took: 0.0003835 seconds
[2022-06-13T01:48:53.548+0000][1][safepoint    ] Application time: 0.0005087 seconds
[2022-06-13T01:48:53.548+0000][1][safepoint    ] Entering safepoint region: RevokeBias
[2022-06-13T01:48:53.549+0000][1][safepoint    ] Leaving safepoint region
[2022-06-13T01:48:53.549+0000][1][safepoint    ] Total time for which application threads were stopped: 0.0011117 seconds, Stopping threads took: 0.0004473 seconds
[2022-06-13T01:48:53.550+0000][1][safepoint    ] Application time: 0.0004950 seconds
[2022-06-13T01:48:53.551+0000][1][safepoint    ] Entering safepoint region: RevokeBias
[2022-06-13T01:48:53.552+0000][1][safepoint    ] Leaving safepoint region
[2022-06-13T01:48:53.552+0000][1][safepoint    ] Total time for which application threads were stopped: 0.0016954 seconds, Stopping threads took: 0.0005078 seconds
[2022-06-13T01:48:53.553+0000][1][safepoint    ] Application time: 0.0005530 seconds
[2022-06-13T01:48:53.554+0000][1][safepoint    ] Entering safepoint region: RevokeBias
[2022-06-13T01:48:53.554+0000][1][safepoint    ] Leaving safepoint region
[2022-06-13T01:48:53.555+0000][1][safepoint    ] Total time for which application threads were stopped: 0.0009737 seconds, Stopping threads took: 0.0004967 seconds
[2022-06-13T01:48:53.556+0000][1][safepoint    ] Application time: 0.0003829 seconds
[2022-06-13T01:48:53.556+0000][1][safepoint    ] Entering safepoint region: RevokeBias
[2022-06-13T01:48:53.557+0000][1][safepoint    ] Leaving safepoint region
[2022-06-13T01:48:53.557+0000][1][safepoint    ] Total time for which application threads were stopped: 0.0011757 seconds, Stopping threads took: 0.0006351 seconds
[2022-06-13T01:48:53.558+0000][1][safepoint    ] Application time: 0.0003067 seconds
[2022-06-13T01:48:53.559+0000][1][safepoint    ] Entering safepoint region: RevokeBias
[2022-06-13T01:48:53.559+0000][1][safepoint    ] Leaving safepoint region
[2022-06-13T01:48:53.560+0000][1][safepoint    ] Total time for which application threads were stopped: 0.0011910 seconds, Stopping threads took: 0.0004933 seconds
[2022-06-13T01:48:53.561+0000][1][safepoint    ] Application time: 0.0009565 seconds
[2022-06-13T01:48:53.562+0000][1][safepoint    ] Entering safepoint region: RevokeBias
[2022-06-13T01:48:53.562+0000][1][safepoint    ] Leaving safepoint region
[2022-06-13T01:48:53.562+0000][1][safepoint    ] Total time for which application threads were stopped: 0.0006291 seconds, Stopping threads took: 0.0002972 seconds
[2022-06-13T01:48:53.564+0000][1][safepoint    ] Application time: 0.0006779 seconds
[2022-06-13T01:48:53.564+0000][1][safepoint    ] Entering safepoint region: RevokeBias
[2022-06-13T01:48:53.565+0000][1][safepoint    ] Leaving safepoint region
[2022-06-13T01:48:53.565+0000][1][safepoint    ] Total time for which application threads were stopped: 0.0011823 seconds, Stopping threads took: 0.0004307 seconds
[2022-06-13T01:48:53.566+0000][1][safepoint    ] Application time: 0.0005760 seconds
[2022-06-13T01:48:53.567+0000][1][safepoint    ] Entering safepoint region: RevokeBias
[2022-06-13T01:48:53.568+0000][1][safepoint    ] Leaving safepoint region
[2022-06-13T01:48:53.568+0000][1][safepoint    ] Total time for which application threads were stopped: 0.0017693 seconds, Stopping threads took: 0.0005751 seconds
[2022-06-13T01:48:53.570+0000][1][safepoint    ] Application time: 0.0007961 seconds
[2022-06-13T01:48:53.571+0000][1][safepoint    ] Entering safepoint region: RevokeBias
[2022-06-13T01:48:53.571+0000][1][safepoint    ] Leaving safepoint region
[2022-06-13T01:48:53.572+0000][1][safepoint    ] Total time for which application threads were stopped: 0.0015371 seconds, Stopping threads took: 0.0008399 seconds
[2022-06-13T01:48:53.573+0000][1][safepoint    ] Application time: 0.0003569 seconds
[2022-06-13T01:48:53.573+0000][1][safepoint    ] Entering safepoint region: RevokeBias
[2022-06-13T01:48:53.574+0000][1][safepoint    ] Leaving safepoint region
[2022-06-13T01:48:53.574+0000][1][safepoint    ] Total time for which application threads were stopped: 0.0009442 seconds, Stopping threads took: 0.0003684 seconds
[2022-06-13T01:48:53.576+0000][1][safepoint    ] Application time: 0.0009397 seconds
[2022-06-13T01:48:53.576+0000][1][safepoint    ] Entering safepoint region: RevokeBias
[2022-06-13T01:48:53.577+0000][1][safepoint    ] Leaving safepoint region
[2022-06-13T01:48:53.577+0000][1][safepoint    ] Total time for which application threads were stopped: 0.0012369 seconds, Stopping threads took: 0.0004220 seconds
[2022-06-13T01:48:53.578+0000][1][safepoint    ] Application time: 0.0003288 seconds
[2022-06-13T01:48:53.579+0000][1][safepoint    ] Entering safepoint region: RevokeBias
[2022-06-13T01:48:53.580+0000][1][safepoint    ] Leaving safepoint region
[2022-06-13T01:48:53.581+0000][1][safepoint    ] Total time for which application threads were stopped: 0.0017640 seconds, Stopping threads took: 0.0007280 seconds
[2022-06-13T01:48:53.582+0000][1][safepoint    ] Application time: 0.0007282 seconds
[2022-06-13T01:48:53.582+0000][1][safepoint    ] Entering safepoint region: RevokeBias
[2022-06-13T01:48:53.583+0000][1][safepoint    ] Leaving safepoint region
[2022-06-13T01:48:53.583+0000][1][safepoint    ] Total time for which application threads were stopped: 0.0010215 seconds, Stopping threads took: 0.0005264 seconds
[2022-06-13T01:48:53.584+0000][1][safepoint    ] Application time: 0.0006265 seconds
[2022-06-13T01:48:53.585+0000][1][safepoint    ] Entering safepoint region: RevokeBias
[2022-06-13T01:48:53.585+0000][1][safepoint    ] Leaving safepoint region
[2022-06-13T01:48:53.586+0000][1][safepoint    ] Total time for which application threads were stopped: 0.0013226 seconds, Stopping threads took: 0.0007237 seconds
[2022-06-13T01:48:53.587+0000][1][safepoint    ] Application time: 0.0002324 seconds
[2022-06-13T01:48:53.588+0000][1][safepoint    ] Entering safepoint region: RevokeBias
[2022-06-13T01:48:53.589+0000][1][safepoint    ] Leaving safepoint region
[2022-06-13T01:48:53.589+0000][1][safepoint    ] Total time for which application threads were stopped: 0.0017001 seconds, Stopping threads took: 0.0009409 seconds
[2022-06-13T01:48:53.591+0000][1][safepoint    ] Application time: 0.0015709 seconds
[2022-06-13T01:48:53.592+0000][1][safepoint    ] Entering safepoint region: RevokeBias
[2022-06-13T01:48:53.592+0000][1][safepoint    ] Leaving safepoint region
[2022-06-13T01:48:53.593+0000][1][safepoint    ] Total time for which application threads were stopped: 0.0008499 seconds, Stopping threads took: 0.0003979 seconds
[2022-06-13T01:48:53.595+0000][1][safepoint    ] Application time: 0.0017623 seconds
[2022-06-13T01:48:53.595+0000][1][safepoint    ] Entering safepoint region: RevokeBias
[2022-06-13T01:48:53.596+0000][1][safepoint    ] Leaving safepoint region
[2022-06-13T01:48:53.596+0000][1][safepoint    ] Total time for which application threads were stopped: 0.0008923 seconds, Stopping threads took: 0.0003632 seconds
[2022-06-13T01:48:53.598+0000][1][safepoint    ] Application time: 0.0008861 seconds
[2022-06-13T01:48:53.598+0000][1][safepoint    ] Entering safepoint region: RevokeBias
[2022-06-13T01:48:53.599+0000][1][safepoint    ] Leaving safepoint region
[2022-06-13T01:48:53.599+0000][1][safepoint    ] Total time for which application threads were stopped: 0.0008316 seconds, Stopping threads took: 0.0005792 seconds
[2022-06-13T01:48:53.600+0000][1][safepoint    ] Application time: 0.0003673 seconds
[2022-06-13T01:48:53.600+0000][1][safepoint    ] Entering safepoint region: RevokeBias
[2022-06-13T01:48:53.601+0000][1][safepoint    ] Leaving safepoint region
[2022-06-13T01:48:53.601+0000][1][safepoint    ] Total time for which application threads were stopped: 0.0010519 seconds, Stopping threads took: 0.0007939 seconds
[2022-06-13T01:48:53.602+0000][1][safepoint    ] Application time: 0.0004171 seconds
[2022-06-13T01:48:53.602+0000][1][safepoint    ] Entering safepoint region: RevokeBias
[2022-06-13T01:48:53.602+0000][1][safepoint    ] Leaving safepoint region
[2022-06-13T01:48:53.603+0000][1][safepoint    ] Total time for which application threads were stopped: 0.0005095 seconds, Stopping threads took: 0.0002625 seconds
[2022-06-13T01:48:53.603+0000][1][safepoint    ] Application time: 0.0002993 seconds
[2022-06-13T01:48:53.604+0000][1][safepoint    ] Entering safepoint region: RevokeBias
[2022-06-13T01:48:53.604+0000][1][safepoint    ] Leaving safepoint region
[2022-06-13T01:48:53.605+0000][1][safepoint    ] Total time for which application threads were stopped: 0.0008209 seconds, Stopping threads took: 0.0004121 seconds
[2022-06-13T01:48:53.610+0000][1][safepoint    ] Application time: 0.0054763 seconds
[2022-06-13T01:48:53.611+0000][1][safepoint    ] Entering safepoint region: RevokeBias
[2022-06-13T01:48:53.612+0000][1][safepoint    ] Leaving safepoint region
[2022-06-13T01:48:53.612+0000][1][safepoint    ] Total time for which application threads were stopped: 0.0011930 seconds, Stopping threads took: 0.0006847 seconds
[2022-06-13T01:48:53.614+0000][1][safepoint    ] Application time: 0.0008423 seconds
[2022-06-13T01:48:53.615+0000][1][safepoint    ] Entering safepoint region: RevokeBias
[2022-06-13T01:48:53.616+0000][1][safepoint    ] Leaving safepoint region
[2022-06-13T01:48:53.617+0000][1][safepoint    ] Total time for which application threads were stopped: 0.0024856 seconds, Stopping threads took: 0.0015349 seconds
[2022-06-13T01:48:53.617+0000][1][safepoint    ] Application time: 0.0002265 seconds
[2022-06-13T01:48:53.618+0000][1][safepoint    ] Entering safepoint region: RevokeBias
[2022-06-13T01:48:53.618+0000][1][safepoint    ] Leaving safepoint region
[2022-06-13T01:48:53.618+0000][1][safepoint    ] Total time for which application threads were stopped: 0.0006996 seconds, Stopping threads took: 0.0002551 seconds
[2022-06-13T01:48:53.619+0000][1][safepoint    ] Application time: 0.0003348 seconds
[2022-06-13T01:48:53.619+0000][1][safepoint    ] Entering safepoint region: RevokeBias
[2022-06-13T01:48:53.620+0000][1][safepoint    ] Leaving safepoint region
[2022-06-13T01:48:53.620+0000][1][safepoint    ] Total time for which application threads were stopped: 0.0006260 seconds, Stopping threads took: 0.0003600 seconds
[2022-06-13T01:48:53.621+0000][1][safepoint    ] Application time: 0.0004290 seconds
[2022-06-13T01:48:53.621+0000][1][safepoint    ] Entering safepoint region: RevokeBias
[2022-06-13T01:48:53.621+0000][1][safepoint    ] Leaving safepoint region
[2022-06-13T01:48:53.622+0000][1][safepoint    ] Total time for which application threads were stopped: 0.0007167 seconds, Stopping threads took: 0.0003867 seconds
[2022-06-13T01:48:53.622+0000][1][safepoint    ] Application time: 0.0001561 seconds
[2022-06-13T01:48:53.622+0000][1][safepoint    ] Entering safepoint region: BulkRevokeBias
[2022-06-13T01:48:53.623+0000][1][safepoint    ] Leaving safepoint region
[2022-06-13T01:48:53.623+0000][1][safepoint    ] Total time for which application threads were stopped: 0.0006997 seconds, Stopping threads took: 0.0002330 seconds
[2022-06-13T01:48:53.628+0000][1][safepoint    ] Application time: 0.0045362 seconds
[2022-06-13T01:48:53.628+0000][1][safepoint    ] Entering safepoint region: RevokeBias
[2022-06-13T01:48:53.629+0000][1][safepoint    ] Leaving safepoint region
[2022-06-13T01:48:53.629+0000][1][safepoint    ] Total time for which application threads were stopped: 0.0007241 seconds, Stopping threads took: 0.0004212 seconds
[2022-06-13T01:48:53.641+0000][1][safepoint    ] Application time: 0.0111918 seconds
[2022-06-13T01:48:53.641+0000][1][safepoint    ] Entering safepoint region: RevokeBias
[2022-06-13T01:48:53.642+0000][1][safepoint    ] Leaving safepoint region
[2022-06-13T01:48:53.642+0000][1][safepoint    ] Total time for which application threads were stopped: 0.0006927 seconds, Stopping threads took: 0.0003035 seconds
[2022-06-13T01:48:53.642+0000][1][safepoint    ] Application time: 0.0001394 seconds
[2022-06-13T01:48:53.643+0000][1][safepoint    ] Entering safepoint region: RevokeBias
[2022-06-13T01:48:53.643+0000][1][safepoint    ] Leaving safepoint region
[2022-06-13T01:48:53.643+0000][1][safepoint    ] Total time for which application threads were stopped: 0.0005458 seconds, Stopping threads took: 0.0003327 seconds
[2022-06-13T01:48:53.643+0000][1][safepoint    ] Application time: 0.0001417 seconds
[2022-06-13T01:48:53.644+0000][1][safepoint    ] Entering safepoint region: RevokeBias
[2022-06-13T01:48:53.644+0000][1][safepoint    ] Leaving safepoint region
[2022-06-13T01:48:53.644+0000][1][safepoint    ] Total time for which application threads were stopped: 0.0007146 seconds, Stopping threads took: 0.0003948 seconds
[2022-06-13T01:48:53.646+0000][1][safepoint    ] Application time: 0.0010770 seconds
[2022-06-13T01:48:53.646+0000][1][safepoint    ] Entering safepoint region: RevokeBias
[2022-06-13T01:48:53.647+0000][1][safepoint    ] Leaving safepoint region
[2022-06-13T01:48:53.648+0000][1][safepoint    ] Total time for which application threads were stopped: 0.0014866 seconds, Stopping threads took: 0.0009524 seconds
[2022-06-13T01:48:53.650+0000][1][safepoint    ] Application time: 0.0018263 seconds
[2022-06-13T01:48:53.650+0000][1][safepoint    ] Entering safepoint region: RevokeBias
[2022-06-13T01:48:53.651+0000][1][safepoint    ] Leaving safepoint region
[2022-06-13T01:48:53.651+0000][1][safepoint    ] Total time for which application threads were stopped: 0.0005161 seconds, Stopping threads took: 0.0002582 seconds
[2022-06-13T01:48:53.652+0000][1][safepoint    ] Application time: 0.0006471 seconds
[2022-06-13T01:48:53.652+0000][1][safepoint    ] Entering safepoint region: RevokeBias
[2022-06-13T01:48:53.653+0000][1][safepoint    ] Leaving safepoint region
[2022-06-13T01:48:53.653+0000][1][safepoint    ] Total time for which application threads were stopped: 0.0006426 seconds, Stopping threads took: 0.0003874 seconds
[2022-06-13T01:48:53.655+0000][1][safepoint    ] Application time: 0.0020490 seconds
[2022-06-13T01:48:53.656+0000][1][safepoint    ] Entering safepoint region: RevokeBias
[2022-06-13T01:48:53.656+0000][1][safepoint    ] Leaving safepoint region
[2022-06-13T01:48:53.656+0000][1][safepoint    ] Total time for which application threads were stopped: 0.0006830 seconds, Stopping threads took: 0.0003671 seconds
[2022-06-13T01:48:53.657+0000][1][safepoint    ] Application time: 0.0007053 seconds
[2022-06-13T01:48:53.658+0000][1][safepoint    ] Entering safepoint region: RevokeBias
[2022-06-13T01:48:53.658+0000][1][safepoint    ] Leaving safepoint region
[2022-06-13T01:48:53.658+0000][1][safepoint    ] Total time for which application threads were stopped: 0.0004005 seconds, Stopping threads took: 0.0002642 seconds
[2022-06-13T01:48:53.659+0000][1][safepoint    ] Application time: 0.0002556 seconds
[2022-06-13T01:48:53.659+0000][1][safepoint    ] Entering safepoint region: RevokeBias
[2022-06-13T01:48:53.659+0000][1][safepoint    ] Leaving safepoint region
[2022-06-13T01:48:53.659+0000][1][safepoint    ] Total time for which application threads were stopped: 0.0005903 seconds, Stopping threads took: 0.0002472 seconds
[2022-06-13T01:48:53.660+0000][1][safepoint    ] Application time: 0.0007384 seconds
[2022-06-13T01:48:53.661+0000][1][safepoint    ] Entering safepoint region: RevokeBias
[2022-06-13T01:48:53.661+0000][1][safepoint    ] Leaving safepoint region
[2022-06-13T01:48:53.661+0000][1][safepoint    ] Total time for which application threads were stopped: 0.0005068 seconds, Stopping threads took: 0.0002348 seconds
[2022-06-13T01:48:53.664+0000][1][safepoint    ] Application time: 0.0021437 seconds
[2022-06-13T01:48:53.664+0000][1][safepoint    ] Entering safepoint region: RevokeBias
[2022-06-13T01:48:53.664+0000][1][safepoint    ] Leaving safepoint region
[2022-06-13T01:48:53.665+0000][1][safepoint    ] Total time for which application threads were stopped: 0.0006986 seconds, Stopping threads took: 0.0002452 seconds
[2022-06-13T01:48:53.666+0000][1][safepoint    ] Application time: 0.0006047 seconds
[2022-06-13T01:48:53.666+0000][1][safepoint    ] Entering safepoint region: RevokeBias
[2022-06-13T01:48:53.666+0000][1][safepoint    ] Leaving safepoint region
[2022-06-13T01:48:53.666+0000][1][safepoint    ] Total time for which application threads were stopped: 0.0004106 seconds, Stopping threads took: 0.0001870 seconds
[2022-06-13T01:48:53.670+0000][1][gc,heap,exit ] Heap
[2022-06-13T01:48:53.671+0000][1][gc,heap,exit ]  par new generation   total 78656K, used 46885K [0x00000000f0000000, 0x00000000f5550000, 0x00000000f5550000)
[2022-06-13T01:48:53.671+0000][1][gc,heap,exit ]   eden space 69952K,  65% used [0x00000000f0000000, 0x00000000f2c98c78, 0x00000000f4450000)
[2022-06-13T01:48:53.671+0000][1][gc,heap,exit ]   from space 8704K,  13% used [0x00000000f4450000, 0x00000000f4580840, 0x00000000f4cd0000)
[2022-06-13T01:48:53.671+0000][1][gc,heap,exit ]   to   space 8704K,   0% used [0x00000000f4cd0000, 0x00000000f4cd0000, 0x00000000f5550000)
[2022-06-13T01:48:53.672+0000][1][gc,heap,exit ]  concurrent mark-sweep generation total 174784K, used 68020K [0x00000000f5550000, 0x0000000100000000, 0x0000000100000000)
[2022-06-13T01:48:53.672+0000][1][gc,heap,exit ]  Metaspace       used 64507K, capacity 69112K, committed 69372K, reserved 1107968K
[2022-06-13T01:48:53.672+0000][1][gc,heap,exit ]   class space    used 8613K, capacity 10557K, committed 10640K, reserved 1048576K
[2022-06-13T01:48:53.673+0000][1][safepoint    ] Application time: 0.0059390 seconds
[2022-06-13T01:48:53.673+0000][1][safepoint    ] Entering safepoint region: Exit
