[2022-06-13T03:21:44.178+0000][1][gc] Using Concurrent Mark Sweep
[2022-06-13T03:21:44.179+0000][1][gc,heap,coops] Heap address: 0x00000000f0000000, size: 256 MB, Compressed Oops mode: 32-bit
[2022-06-13T03:21:44.206+0000][1][safepoint    ] Entering safepoint region: EnableBiasedLocking
[2022-06-13T03:21:44.207+0000][1][safepoint    ] Leaving safepoint region
[2022-06-13T03:21:44.207+0000][1][safepoint    ] Total time for which application threads were stopped: 0.0006219 seconds, Stopping threads took: 0.0003841 seconds
[2022-06-13T03:21:44.210+0000][1][safepoint    ] Application time: 0.0024509 seconds
[2022-06-13T03:21:44.210+0000][1][safepoint    ] Entering safepoint region: RevokeBias
[2022-06-13T03:21:44.211+0000][1][safepoint    ] Leaving safepoint region
[2022-06-13T03:21:44.211+0000][1][safepoint    ] Total time for which application threads were stopped: 0.0005945 seconds, Stopping threads took: 0.0003767 seconds
[2022-06-13T03:21:44.218+0000][1][safepoint    ] Application time: 0.0072581 seconds
[2022-06-13T03:21:44.218+0000][1][safepoint    ] Entering safepoint region: Deoptimize
[2022-06-13T03:21:44.218+0000][1][safepoint    ] Leaving safepoint region
[2022-06-13T03:21:44.219+0000][1][safepoint    ] Total time for which application threads were stopped: 0.0002771 seconds, Stopping threads took: 0.0001190 seconds
[2022-06-13T03:21:44.279+0000][1][safepoint    ] Application time: 0.0605151 seconds
[2022-06-13T03:21:44.279+0000][1][safepoint    ] Entering safepoint region: RevokeBias
[2022-06-13T03:21:44.280+0000][1][safepoint    ] Leaving safepoint region
[2022-06-13T03:21:44.280+0000][1][safepoint    ] Total time for which application threads were stopped: 0.0003253 seconds, Stopping threads took: 0.0001301 seconds
[2022-06-13T03:21:44.303+0000][1][safepoint    ] Application time: 0.0228121 seconds
[2022-06-13T03:21:44.303+0000][1][safepoint    ] Entering safepoint region: Deoptimize
[2022-06-13T03:21:44.303+0000][1][safepoint    ] Leaving safepoint region
[2022-06-13T03:21:44.304+0000][1][safepoint    ] Total time for which application threads were stopped: 0.0005722 seconds, Stopping threads took: 0.0002234 seconds
[2022-06-13T03:21:44.524+0000][1][safepoint    ] Application time: 0.2205046 seconds
[2022-06-13T03:21:44.526+0000][1][safepoint    ] Entering safepoint region: Deoptimize
[2022-06-13T03:21:44.526+0000][1][safepoint    ] Leaving safepoint region
[2022-06-13T03:21:44.526+0000][1][safepoint    ] Total time for which application threads were stopped: 0.0010273 seconds, Stopping threads took: 0.0005398 seconds
[2022-06-13T03:21:44.540+0000][1][safepoint    ] Application time: 0.0139028 seconds
[2022-06-13T03:21:44.541+0000][1][safepoint    ] Entering safepoint region: Deoptimize
[2022-06-13T03:21:44.541+0000][1][safepoint    ] Leaving safepoint region
[2022-06-13T03:21:44.541+0000][1][safepoint    ] Total time for which application threads were stopped: 0.0004569 seconds, Stopping threads took: 0.0001534 seconds
[2022-06-13T03:21:44.582+0000][1][safepoint    ] Application time: 0.0409164 seconds
[2022-06-13T03:21:44.582+0000][1][safepoint    ] Entering safepoint region: Deoptimize
[2022-06-13T03:21:44.583+0000][1][safepoint    ] Leaving safepoint region
[2022-06-13T03:21:44.583+0000][1][safepoint    ] Total time for which application threads were stopped: 0.0004182 seconds, Stopping threads took: 0.0001508 seconds
[2022-06-13T03:21:44.590+0000][1][safepoint    ] Application time: 0.0074471 seconds
[2022-06-13T03:21:44.591+0000][1][safepoint    ] Entering safepoint region: Deoptimize
[2022-06-13T03:21:44.591+0000][1][safepoint    ] Leaving safepoint region
[2022-06-13T03:21:44.591+0000][1][safepoint    ] Total time for which application threads were stopped: 0.0003955 seconds, Stopping threads took: 0.0001355 seconds
[2022-06-13T03:21:44.976+0000][1][safepoint    ] Application time: 0.3850929 seconds
[2022-06-13T03:21:44.977+0000][1][safepoint    ] Entering safepoint region: Deoptimize
[2022-06-13T03:21:44.977+0000][1][safepoint    ] Leaving safepoint region
[2022-06-13T03:21:44.977+0000][1][safepoint    ] Total time for which application threads were stopped: 0.0006999 seconds, Stopping threads took: 0.0001976 seconds
[2022-06-13T03:21:45.186+0000][1][safepoint    ] Application time: 0.2083385 seconds
[2022-06-13T03:21:45.186+0000][1][safepoint    ] Entering safepoint region: RevokeBias
[2022-06-13T03:21:45.187+0000][1][safepoint    ] Leaving safepoint region
[2022-06-13T03:21:45.187+0000][1][safepoint    ] Total time for which application threads were stopped: 0.0005332 seconds, Stopping threads took: 0.0002403 seconds
[2022-06-13T03:21:45.257+0000][1][safepoint    ] Application time: 0.0699219 seconds
[2022-06-13T03:21:45.257+0000][1][safepoint    ] Entering safepoint region: Deoptimize
[2022-06-13T03:21:45.258+0000][1][safepoint    ] Leaving safepoint region
[2022-06-13T03:21:45.258+0000][1][safepoint    ] Total time for which application threads were stopped: 0.0005477 seconds, Stopping threads took: 0.0001409 seconds
[2022-06-13T03:21:45.351+0000][1][safepoint    ] Application time: 0.0933061 seconds
[2022-06-13T03:21:45.352+0000][1][safepoint    ] Entering safepoint region: Deoptimize
[2022-06-13T03:21:45.353+0000][1][safepoint    ] Leaving safepoint region
[2022-06-13T03:21:45.353+0000][1][safepoint    ] Total time for which application threads were stopped: 0.0008409 seconds, Stopping threads took: 0.0003698 seconds
[2022-06-13T03:21:45.353+0000][1][safepoint    ] Application time: 0.0002283 seconds
[2022-06-13T03:21:45.354+0000][1][safepoint    ] Entering safepoint region: Deoptimize
[2022-06-13T03:21:45.354+0000][1][safepoint    ] Leaving safepoint region
[2022-06-13T03:21:45.354+0000][1][safepoint    ] Total time for which application threads were stopped: 0.0006418 seconds, Stopping threads took: 0.0001581 seconds
[2022-06-13T03:21:45.381+0000][1][safepoint    ] Application time: 0.0264146 seconds
[2022-06-13T03:21:45.381+0000][1][safepoint    ] Entering safepoint region: Deoptimize
[2022-06-13T03:21:45.382+0000][1][safepoint    ] Leaving safepoint region
[2022-06-13T03:21:45.382+0000][1][safepoint    ] Total time for which application threads were stopped: 0.0005243 seconds, Stopping threads took: 0.0001365 seconds
[2022-06-13T03:21:45.387+0000][1][safepoint    ] Application time: 0.0046873 seconds
[2022-06-13T03:21:45.387+0000][1][safepoint    ] Entering safepoint region: RevokeBias
[2022-06-13T03:21:45.387+0000][1][safepoint    ] Leaving safepoint region
[2022-06-13T03:21:45.387+0000][1][safepoint    ] Total time for which application threads were stopped: 0.0004653 seconds, Stopping threads took: 0.0002562 seconds
[2022-06-13T03:21:45.388+0000][1][safepoint    ] Application time: 0.0002657 seconds
[2022-06-13T03:21:45.388+0000][1][safepoint    ] Entering safepoint region: RevokeBias
[2022-06-13T03:21:45.388+0000][1][safepoint    ] Leaving safepoint region
[2022-06-13T03:21:45.388+0000][1][safepoint    ] Total time for which application threads were stopped: 0.0004563 seconds, Stopping threads took: 0.0002663 seconds
[2022-06-13T03:21:45.389+0000][1][safepoint    ] Application time: 0.0001656 seconds
[2022-06-13T03:21:45.389+0000][1][safepoint    ] Entering safepoint region: RevokeBias
[2022-06-13T03:21:45.389+0000][1][safepoint    ] Leaving safepoint region
[2022-06-13T03:21:45.389+0000][1][safepoint    ] Total time for which application threads were stopped: 0.0003530 seconds, Stopping threads took: 0.0001710 seconds
[2022-06-13T03:21:45.390+0000][1][safepoint    ] Application time: 0.0003692 seconds
[2022-06-13T03:21:45.390+0000][1][safepoint    ] Entering safepoint region: RevokeBias
[2022-06-13T03:21:45.390+0000][1][safepoint    ] Leaving safepoint region
[2022-06-13T03:21:45.390+0000][1][safepoint    ] Total time for which application threads were stopped: 0.0003858 seconds, Stopping threads took: 0.0001974 seconds
[2022-06-13T03:21:45.391+0000][1][safepoint    ] Application time: 0.0001928 seconds
[2022-06-13T03:21:45.391+0000][1][safepoint    ] Entering safepoint region: RevokeBias
[2022-06-13T03:21:45.391+0000][1][safepoint    ] Leaving safepoint region
[2022-06-13T03:21:45.391+0000][1][safepoint    ] Total time for which application threads were stopped: 0.0002787 seconds, Stopping threads took: 0.0001365 seconds
[2022-06-13T03:21:45.392+0000][1][safepoint    ] Application time: 0.0004281 seconds
[2022-06-13T03:21:45.392+0000][1][safepoint    ] Entering safepoint region: RevokeBias
[2022-06-13T03:21:45.392+0000][1][safepoint    ] Leaving safepoint region
[2022-06-13T03:21:45.392+0000][1][safepoint    ] Total time for which application threads were stopped: 0.0004906 seconds, Stopping threads took: 0.0002172 seconds
[2022-06-13T03:21:45.397+0000][1][safepoint    ] Application time: 0.0046212 seconds
[2022-06-13T03:21:45.398+0000][1][safepoint    ] Entering safepoint region: Deoptimize
[2022-06-13T03:21:45.398+0000][1][safepoint    ] Leaving safepoint region
[2022-06-13T03:21:45.398+0000][1][safepoint    ] Total time for which application threads were stopped: 0.0006637 seconds, Stopping threads took: 0.0001985 seconds
[2022-06-13T03:21:45.464+0000][1][safepoint    ] Application time: 0.0652642 seconds
[2022-06-13T03:21:45.464+0000][1][safepoint    ] Entering safepoint region: GenCollectForAllocation
[2022-06-13T03:21:45.464+0000][1][gc,start     ] GC(0) Pause Young (Allocation Failure)
[2022-06-13T03:21:45.465+0000][1][gc,task      ] GC(0) Using 5 workers of 13 for evacuation
[2022-06-13T03:21:45.470+0000][1][gc,age       ] GC(0) Desired survivor size 4456448 bytes, new threshold 1 (max threshold 6)
[2022-06-13T03:21:45.473+0000][1][gc,age       ] GC(0) Age table with threshold 1 (max threshold 6)
[2022-06-13T03:21:45.473+0000][1][gc,age       ] GC(0) - age   1:    8223280 bytes,    8223280 total
[2022-06-13T03:21:45.474+0000][1][gc,heap      ] GC(0) ParNew: 69952K->8142K(78656K)
[2022-06-13T03:21:45.474+0000][1][gc,heap      ] GC(0) CMS: 0K->0K(174784K)
[2022-06-13T03:21:45.474+0000][1][gc,metaspace ] GC(0) Metaspace: 12411K->12411K(1060864K)
[2022-06-13T03:21:45.475+0000][1][gc           ] GC(0) Pause Young (Allocation Failure) 68M->7M(247M) 10.421ms
[2022-06-13T03:21:45.475+0000][1][gc,cpu       ] GC(0) User=0.03s Sys=0.00s Real=0.01s
[2022-06-13T03:21:45.475+0000][1][safepoint    ] Leaving safepoint region
[2022-06-13T03:21:45.475+0000][1][safepoint    ] Total time for which application threads were stopped: 0.0112449 seconds, Stopping threads took: 0.0002074 seconds
[2022-06-13T03:21:45.479+0000][1][safepoint    ] Application time: 0.0034924 seconds
[2022-06-13T03:21:45.479+0000][1][safepoint    ] Entering safepoint region: RevokeBias
[2022-06-13T03:21:45.480+0000][1][safepoint    ] Leaving safepoint region
[2022-06-13T03:21:45.480+0000][1][safepoint    ] Total time for which application threads were stopped: 0.0003703 seconds, Stopping threads took: 0.0001796 seconds
[2022-06-13T03:21:45.494+0000][1][safepoint    ] Application time: 0.0143817 seconds
[2022-06-13T03:21:45.495+0000][1][safepoint    ] Entering safepoint region: RevokeBias
[2022-06-13T03:21:45.495+0000][1][safepoint    ] Leaving safepoint region
[2022-06-13T03:21:45.495+0000][1][safepoint    ] Total time for which application threads were stopped: 0.0004972 seconds, Stopping threads took: 0.0002689 seconds
[2022-06-13T03:21:45.495+0000][1][safepoint    ] Application time: 0.0000784 seconds
[2022-06-13T03:21:45.496+0000][1][safepoint    ] Entering safepoint region: RevokeBias
[2022-06-13T03:21:45.496+0000][1][safepoint    ] Leaving safepoint region
[2022-06-13T03:21:45.496+0000][1][safepoint    ] Total time for which application threads were stopped: 0.0003486 seconds, Stopping threads took: 0.0001708 seconds
[2022-06-13T03:21:45.496+0000][1][safepoint    ] Application time: 0.0003763 seconds
[2022-06-13T03:21:45.497+0000][1][safepoint    ] Entering safepoint region: RevokeBias
[2022-06-13T03:21:45.497+0000][1][safepoint    ] Leaving safepoint region
[2022-06-13T03:21:45.497+0000][1][safepoint    ] Total time for which application threads were stopped: 0.0006105 seconds, Stopping threads took: 0.0004432 seconds
[2022-06-13T03:21:45.497+0000][1][safepoint    ] Application time: 0.0000894 seconds
[2022-06-13T03:21:45.498+0000][1][safepoint    ] Entering safepoint region: RevokeBias
[2022-06-13T03:21:45.498+0000][1][safepoint    ] Leaving safepoint region
[2022-06-13T03:21:45.498+0000][1][safepoint    ] Total time for which application threads were stopped: 0.0004680 seconds, Stopping threads took: 0.0002198 seconds
[2022-06-13T03:21:45.498+0000][1][safepoint    ] Application time: 0.0001099 seconds
[2022-06-13T03:21:45.499+0000][1][safepoint    ] Entering safepoint region: RevokeBias
[2022-06-13T03:21:45.499+0000][1][safepoint    ] Leaving safepoint region
[2022-06-13T03:21:45.499+0000][1][safepoint    ] Total time for which application threads were stopped: 0.0003971 seconds, Stopping threads took: 0.0002135 seconds
[2022-06-13T03:21:45.499+0000][1][safepoint    ] Application time: 0.0002610 seconds
[2022-06-13T03:21:45.499+0000][1][safepoint    ] Entering safepoint region: RevokeBias
[2022-06-13T03:21:45.500+0000][1][safepoint    ] Leaving safepoint region
[2022-06-13T03:21:45.500+0000][1][safepoint    ] Total time for which application threads were stopped: 0.0004324 seconds, Stopping threads took: 0.0001604 seconds
[2022-06-13T03:21:45.500+0000][1][safepoint    ] Application time: 0.0001948 seconds
[2022-06-13T03:21:45.500+0000][1][safepoint    ] Entering safepoint region: RevokeBias
[2022-06-13T03:21:45.501+0000][1][safepoint    ] Leaving safepoint region
[2022-06-13T03:21:45.501+0000][1][safepoint    ] Total time for which application threads were stopped: 0.0005263 seconds, Stopping threads took: 0.0002716 seconds
[2022-06-13T03:21:45.501+0000][1][safepoint    ] Application time: 0.0002552 seconds
[2022-06-13T03:21:45.502+0000][1][safepoint    ] Entering safepoint region: RevokeBias
[2022-06-13T03:21:45.502+0000][1][safepoint    ] Leaving safepoint region
[2022-06-13T03:21:45.502+0000][1][safepoint    ] Total time for which application threads were stopped: 0.0003699 seconds, Stopping threads took: 0.0002075 seconds
[2022-06-13T03:21:45.502+0000][1][safepoint    ] Application time: 0.0000689 seconds
[2022-06-13T03:21:45.502+0000][1][safepoint    ] Entering safepoint region: RevokeBias
[2022-06-13T03:21:45.502+0000][1][safepoint    ] Leaving safepoint region
[2022-06-13T03:21:45.503+0000][1][safepoint    ] Total time for which application threads were stopped: 0.0003312 seconds, Stopping threads took: 0.0001468 seconds
[2022-06-13T03:21:45.503+0000][1][safepoint    ] Application time: 0.0000456 seconds
[2022-06-13T03:21:45.505+0000][1][safepoint    ] Entering safepoint region: RevokeBias
[2022-06-13T03:21:45.506+0000][1][safepoint    ] Leaving safepoint region
[2022-06-13T03:21:45.506+0000][1][safepoint    ] Total time for which application threads were stopped: 0.0015316 seconds, Stopping threads took: 0.0013371 seconds
[2022-06-13T03:21:45.506+0000][1][safepoint    ] Application time: 0.0000916 seconds
[2022-06-13T03:21:45.506+0000][1][safepoint    ] Entering safepoint region: RevokeBias
[2022-06-13T03:21:45.506+0000][1][safepoint    ] Leaving safepoint region
[2022-06-13T03:21:45.507+0000][1][safepoint    ] Total time for which application threads were stopped: 0.0002946 seconds, Stopping threads took: 0.0001495 seconds
[2022-06-13T03:21:45.507+0000][1][safepoint    ] Application time: 0.0000908 seconds
[2022-06-13T03:21:45.507+0000][1][safepoint    ] Entering safepoint region: RevokeBias
[2022-06-13T03:21:45.507+0000][1][safepoint    ] Leaving safepoint region
[2022-06-13T03:21:45.507+0000][1][safepoint    ] Total time for which application threads were stopped: 0.0003266 seconds, Stopping threads took: 0.0001781 seconds
[2022-06-13T03:21:45.508+0000][1][safepoint    ] Application time: 0.0002773 seconds
[2022-06-13T03:21:45.508+0000][1][safepoint    ] Entering safepoint region: RevokeBias
[2022-06-13T03:21:45.508+0000][1][safepoint    ] Leaving safepoint region
[2022-06-13T03:21:45.508+0000][1][safepoint    ] Total time for which application threads were stopped: 0.0003161 seconds, Stopping threads took: 0.0001500 seconds
[2022-06-13T03:21:45.508+0000][1][safepoint    ] Application time: 0.0000889 seconds
[2022-06-13T03:21:45.508+0000][1][safepoint    ] Entering safepoint region: RevokeBias
[2022-06-13T03:21:45.509+0000][1][safepoint    ] Leaving safepoint region
[2022-06-13T03:21:45.509+0000][1][safepoint    ] Total time for which application threads were stopped: 0.0003729 seconds, Stopping threads took: 0.0002313 seconds
[2022-06-13T03:21:45.509+0000][1][safepoint    ] Application time: 0.0001093 seconds
[2022-06-13T03:21:45.509+0000][1][safepoint    ] Entering safepoint region: RevokeBias
[2022-06-13T03:21:45.509+0000][1][safepoint    ] Leaving safepoint region
[2022-06-13T03:21:45.509+0000][1][safepoint    ] Total time for which application threads were stopped: 0.0002892 seconds, Stopping threads took: 0.0001475 seconds
[2022-06-13T03:21:45.510+0000][1][safepoint    ] Application time: 0.0000876 seconds
[2022-06-13T03:21:45.510+0000][1][safepoint    ] Entering safepoint region: RevokeBias
[2022-06-13T03:21:45.510+0000][1][safepoint    ] Leaving safepoint region
[2022-06-13T03:21:45.510+0000][1][safepoint    ] Total time for which application threads were stopped: 0.0002799 seconds, Stopping threads took: 0.0001330 seconds
[2022-06-13T03:21:45.510+0000][1][safepoint    ] Application time: 0.0001055 seconds
[2022-06-13T03:21:45.510+0000][1][safepoint    ] Entering safepoint region: RevokeBias
[2022-06-13T03:21:45.511+0000][1][safepoint    ] Leaving safepoint region
[2022-06-13T03:21:45.511+0000][1][safepoint    ] Total time for which application threads were stopped: 0.0003101 seconds, Stopping threads took: 0.0001508 seconds
[2022-06-13T03:21:45.511+0000][1][safepoint    ] Application time: 0.0000799 seconds
[2022-06-13T03:21:45.511+0000][1][safepoint    ] Entering safepoint region: RevokeBias
[2022-06-13T03:21:45.511+0000][1][safepoint    ] Leaving safepoint region
[2022-06-13T03:21:45.511+0000][1][safepoint    ] Total time for which application threads were stopped: 0.0002668 seconds, Stopping threads took: 0.0001158 seconds
[2022-06-13T03:21:45.512+0000][1][safepoint    ] Application time: 0.0000896 seconds
[2022-06-13T03:21:45.512+0000][1][safepoint    ] Entering safepoint region: RevokeBias
[2022-06-13T03:21:45.512+0000][1][safepoint    ] Leaving safepoint region
[2022-06-13T03:21:45.512+0000][1][safepoint    ] Total time for which application threads were stopped: 0.0003776 seconds, Stopping threads took: 0.0002157 seconds
[2022-06-13T03:21:45.512+0000][1][safepoint    ] Application time: 0.0000916 seconds
[2022-06-13T03:21:45.513+0000][1][safepoint    ] Entering safepoint region: RevokeBias
[2022-06-13T03:21:45.513+0000][1][safepoint    ] Leaving safepoint region
[2022-06-13T03:21:45.513+0000][1][safepoint    ] Total time for which application threads were stopped: 0.0002461 seconds, Stopping threads took: 0.0001058 seconds
[2022-06-13T03:21:45.513+0000][1][safepoint    ] Application time: 0.0000627 seconds
[2022-06-13T03:21:45.513+0000][1][safepoint    ] Entering safepoint region: RevokeBias
[2022-06-13T03:21:45.513+0000][1][safepoint    ] Leaving safepoint region
[2022-06-13T03:21:45.513+0000][1][safepoint    ] Total time for which application threads were stopped: 0.0002918 seconds, Stopping threads took: 0.0001452 seconds
[2022-06-13T03:21:45.514+0000][1][safepoint    ] Application time: 0.0000344 seconds
[2022-06-13T03:21:45.514+0000][1][safepoint    ] Entering safepoint region: RevokeBias
[2022-06-13T03:21:45.514+0000][1][safepoint    ] Leaving safepoint region
[2022-06-13T03:21:45.514+0000][1][safepoint    ] Total time for which application threads were stopped: 0.0002451 seconds, Stopping threads took: 0.0001141 seconds
[2022-06-13T03:21:45.514+0000][1][safepoint    ] Application time: 0.0002133 seconds
[2022-06-13T03:21:45.514+0000][1][safepoint    ] Entering safepoint region: RevokeBias
[2022-06-13T03:21:45.515+0000][1][safepoint    ] Leaving safepoint region
[2022-06-13T03:21:45.515+0000][1][safepoint    ] Total time for which application threads were stopped: 0.0003302 seconds, Stopping threads took: 0.0001441 seconds
[2022-06-13T03:21:45.515+0000][1][safepoint    ] Application time: 0.0000754 seconds
[2022-06-13T03:21:45.515+0000][1][safepoint    ] Entering safepoint region: RevokeBias
[2022-06-13T03:21:45.515+0000][1][safepoint    ] Leaving safepoint region
[2022-06-13T03:21:45.515+0000][1][safepoint    ] Total time for which application threads were stopped: 0.0004161 seconds, Stopping threads took: 0.0002256 seconds
[2022-06-13T03:21:45.516+0000][1][safepoint    ] Application time: 0.0001098 seconds
[2022-06-13T03:21:45.516+0000][1][safepoint    ] Entering safepoint region: RevokeBias
[2022-06-13T03:21:45.516+0000][1][safepoint    ] Leaving safepoint region
[2022-06-13T03:21:45.516+0000][1][safepoint    ] Total time for which application threads were stopped: 0.0002905 seconds, Stopping threads took: 0.0001490 seconds
[2022-06-13T03:21:45.516+0000][1][safepoint    ] Application time: 0.0000705 seconds
[2022-06-13T03:21:45.516+0000][1][safepoint    ] Entering safepoint region: RevokeBias
[2022-06-13T03:21:45.516+0000][1][safepoint    ] Leaving safepoint region
[2022-06-13T03:21:45.517+0000][1][safepoint    ] Total time for which application threads were stopped: 0.0002140 seconds, Stopping threads took: 0.0001144 seconds
[2022-06-13T03:21:45.664+0000][1][safepoint    ] Application time: 0.1468676 seconds
[2022-06-13T03:21:45.664+0000][1][safepoint    ] Entering safepoint region: Deoptimize
[2022-06-13T03:21:45.664+0000][1][safepoint    ] Leaving safepoint region
[2022-06-13T03:21:45.664+0000][1][safepoint    ] Total time for which application threads were stopped: 0.0006689 seconds, Stopping threads took: 0.0001356 seconds
[2022-06-13T03:21:45.816+0000][1][safepoint    ] Application time: 0.1513761 seconds
[2022-06-13T03:21:45.816+0000][1][safepoint    ] Entering safepoint region: RevokeBias
[2022-06-13T03:21:45.817+0000][1][safepoint    ] Leaving safepoint region
[2022-06-13T03:21:45.817+0000][1][safepoint    ] Total time for which application threads were stopped: 0.0004572 seconds, Stopping threads took: 0.0002173 seconds
[2022-06-13T03:21:45.901+0000][1][safepoint    ] Application time: 0.0844809 seconds
[2022-06-13T03:21:45.902+0000][1][safepoint    ] Entering safepoint region: RevokeBias
[2022-06-13T03:21:45.902+0000][1][safepoint    ] Leaving safepoint region
[2022-06-13T03:21:45.902+0000][1][safepoint    ] Total time for which application threads were stopped: 0.0003109 seconds, Stopping threads took: 0.0001366 seconds
[2022-06-13T03:21:45.907+0000][1][safepoint    ] Application time: 0.0047334 seconds
[2022-06-13T03:21:45.907+0000][1][safepoint    ] Entering safepoint region: RevokeBias
[2022-06-13T03:21:45.907+0000][1][safepoint    ] Leaving safepoint region
[2022-06-13T03:21:45.907+0000][1][safepoint    ] Total time for which application threads were stopped: 0.0003098 seconds, Stopping threads took: 0.0001285 seconds
[2022-06-13T03:21:45.929+0000][1][safepoint    ] Application time: 0.0215610 seconds
[2022-06-13T03:21:45.929+0000][1][safepoint    ] Entering safepoint region: GenCollectForAllocation
[2022-06-13T03:21:45.929+0000][1][gc,start     ] GC(1) Pause Young (Allocation Failure)
[2022-06-13T03:21:45.930+0000][1][gc,task      ] GC(1) Using 5 workers of 13 for evacuation
[2022-06-13T03:21:45.943+0000][1][gc,age       ] GC(1) Desired survivor size 4456448 bytes, new threshold 6 (max threshold 6)
[2022-06-13T03:21:45.944+0000][1][gc,age       ] GC(1) Age table with threshold 6 (max threshold 6)
[2022-06-13T03:21:45.944+0000][1][gc,age       ] GC(1) - age   1:    2012064 bytes,    2012064 total
[2022-06-13T03:21:45.944+0000][1][gc,heap      ] GC(1) ParNew: 78094K->6567K(78656K)
[2022-06-13T03:21:45.944+0000][1][gc,heap      ] GC(1) CMS: 0K->6696K(174784K)
[2022-06-13T03:21:45.944+0000][1][gc,metaspace ] GC(1) Metaspace: 14967K->14967K(1062912K)
[2022-06-13T03:21:45.944+0000][1][gc           ] GC(1) Pause Young (Allocation Failure) 76M->12M(247M) 15.035ms
[2022-06-13T03:21:45.945+0000][1][gc,cpu       ] GC(1) User=0.06s Sys=0.01s Real=0.01s
[2022-06-13T03:21:45.945+0000][1][safepoint    ] Leaving safepoint region
[2022-06-13T03:21:45.945+0000][1][safepoint    ] Total time for which application threads were stopped: 0.0157571 seconds, Stopping threads took: 0.0002077 seconds
[2022-06-13T03:21:45.945+0000][1][safepoint    ] Application time: 0.0002215 seconds
[2022-06-13T03:21:45.946+0000][1][safepoint    ] Entering safepoint region: RevokeBias
[2022-06-13T03:21:45.946+0000][1][safepoint    ] Leaving safepoint region
[2022-06-13T03:21:45.946+0000][1][safepoint    ] Total time for which application threads were stopped: 0.0004328 seconds, Stopping threads took: 0.0002157 seconds
[2022-06-13T03:21:45.947+0000][1][safepoint    ] Application time: 0.0012832 seconds
[2022-06-13T03:21:45.948+0000][1][safepoint    ] Entering safepoint region: RevokeBias
[2022-06-13T03:21:45.948+0000][1][safepoint    ] Leaving safepoint region
[2022-06-13T03:21:45.949+0000][1][safepoint    ] Total time for which application threads were stopped: 0.0004463 seconds, Stopping threads took: 0.0002247 seconds
[2022-06-13T03:21:45.949+0000][1][safepoint    ] Application time: 0.0001056 seconds
[2022-06-13T03:21:45.949+0000][1][safepoint    ] Entering safepoint region: RevokeBias
[2022-06-13T03:21:45.949+0000][1][safepoint    ] Leaving safepoint region
[2022-06-13T03:21:45.949+0000][1][safepoint    ] Total time for which application threads were stopped: 0.0003955 seconds, Stopping threads took: 0.0001294 seconds
[2022-06-13T03:21:45.950+0000][1][safepoint    ] Application time: 0.0000915 seconds
[2022-06-13T03:21:45.950+0000][1][safepoint    ] Entering safepoint region: RevokeBias
[2022-06-13T03:21:45.951+0000][1][safepoint    ] Leaving safepoint region
[2022-06-13T03:21:45.951+0000][1][safepoint    ] Total time for which application threads were stopped: 0.0003467 seconds, Stopping threads took: 0.0001563 seconds
[2022-06-13T03:21:45.951+0000][1][safepoint    ] Application time: 0.0001078 seconds
[2022-06-13T03:21:45.951+0000][1][safepoint    ] Entering safepoint region: RevokeBias
[2022-06-13T03:21:45.951+0000][1][safepoint    ] Leaving safepoint region
[2022-06-13T03:21:45.951+0000][1][safepoint    ] Total time for which application threads were stopped: 0.0002956 seconds, Stopping threads took: 0.0001493 seconds
[2022-06-13T03:21:45.952+0000][1][safepoint    ] Application time: 0.0000846 seconds
[2022-06-13T03:21:45.952+0000][1][safepoint    ] Entering safepoint region: RevokeBias
[2022-06-13T03:21:45.952+0000][1][safepoint    ] Leaving safepoint region
[2022-06-13T03:21:45.952+0000][1][safepoint    ] Total time for which application threads were stopped: 0.0003098 seconds, Stopping threads took: 0.0001423 seconds
[2022-06-13T03:21:45.952+0000][1][safepoint    ] Application time: 0.0001535 seconds
[2022-06-13T03:21:45.953+0000][1][safepoint    ] Entering safepoint region: RevokeBias
[2022-06-13T03:21:45.953+0000][1][safepoint    ] Leaving safepoint region
[2022-06-13T03:21:45.953+0000][1][safepoint    ] Total time for which application threads were stopped: 0.0005931 seconds, Stopping threads took: 0.0004220 seconds
[2022-06-13T03:21:45.953+0000][1][safepoint    ] Application time: 0.0000739 seconds
[2022-06-13T03:21:45.953+0000][1][safepoint    ] Entering safepoint region: RevokeBias
[2022-06-13T03:21:45.953+0000][1][safepoint    ] Leaving safepoint region
[2022-06-13T03:21:45.954+0000][1][safepoint    ] Total time for which application threads were stopped: 0.0002282 seconds, Stopping threads took: 0.0001046 seconds
[2022-06-13T03:21:45.954+0000][1][safepoint    ] Application time: 0.0000964 seconds
[2022-06-13T03:21:45.954+0000][1][safepoint    ] Entering safepoint region: RevokeBias
[2022-06-13T03:21:45.954+0000][1][safepoint    ] Leaving safepoint region
[2022-06-13T03:21:45.954+0000][1][safepoint    ] Total time for which application threads were stopped: 0.0003015 seconds, Stopping threads took: 0.0001415 seconds
[2022-06-13T03:21:45.954+0000][1][safepoint    ] Application time: 0.0000427 seconds
[2022-06-13T03:21:45.955+0000][1][safepoint    ] Entering safepoint region: RevokeBias
[2022-06-13T03:21:45.955+0000][1][safepoint    ] Leaving safepoint region
[2022-06-13T03:21:45.955+0000][1][safepoint    ] Total time for which application threads were stopped: 0.0003218 seconds, Stopping threads took: 0.0001501 seconds
[2022-06-13T03:21:45.955+0000][1][safepoint    ] Application time: 0.0000970 seconds
[2022-06-13T03:21:45.955+0000][1][safepoint    ] Entering safepoint region: BulkRevokeBias
[2022-06-13T03:21:45.955+0000][1][safepoint    ] Leaving safepoint region
[2022-06-13T03:21:45.955+0000][1][safepoint    ] Total time for which application threads were stopped: 0.0002641 seconds, Stopping threads took: 0.0001116 seconds
[2022-06-13T03:21:45.956+0000][1][safepoint    ] Application time: 0.0000379 seconds
[2022-06-13T03:21:45.956+0000][1][safepoint    ] Entering safepoint region: RevokeBias
[2022-06-13T03:21:45.956+0000][1][safepoint    ] Leaving safepoint region
[2022-06-13T03:21:45.956+0000][1][safepoint    ] Total time for which application threads were stopped: 0.0002298 seconds, Stopping threads took: 0.0001142 seconds
[2022-06-13T03:21:45.956+0000][1][safepoint    ] Application time: 0.0000917 seconds
[2022-06-13T03:21:45.956+0000][1][safepoint    ] Entering safepoint region: BulkRevokeBias
[2022-06-13T03:21:45.956+0000][1][safepoint    ] Leaving safepoint region
[2022-06-13T03:21:45.957+0000][1][safepoint    ] Total time for which application threads were stopped: 0.0002948 seconds, Stopping threads took: 0.0001245 seconds
[2022-06-13T03:21:46.058+0000][1][safepoint    ] Application time: 0.1009291 seconds
[2022-06-13T03:21:46.058+0000][1][safepoint    ] Entering safepoint region: GenCollectForAllocation
[2022-06-13T03:21:46.058+0000][1][gc,start     ] GC(2) Pause Young (Allocation Failure)
[2022-06-13T03:21:46.058+0000][1][gc,task      ] GC(2) Using 5 workers of 13 for evacuation
[2022-06-13T03:21:46.062+0000][1][gc,age       ] GC(2) Desired survivor size 4456448 bytes, new threshold 6 (max threshold 6)
[2022-06-13T03:21:46.062+0000][1][gc,age       ] GC(2) Age table with threshold 6 (max threshold 6)
[2022-06-13T03:21:46.062+0000][1][gc,age       ] GC(2) - age   1:    2620792 bytes,    2620792 total
[2022-06-13T03:21:46.062+0000][1][gc,age       ] GC(2) - age   2:    1180456 bytes,    3801248 total
[2022-06-13T03:21:46.063+0000][1][gc,heap      ] GC(2) ParNew: 76519K->4834K(78656K)
[2022-06-13T03:21:46.063+0000][1][gc,heap      ] GC(2) CMS: 6696K->6696K(174784K)
[2022-06-13T03:21:46.063+0000][1][gc,metaspace ] GC(2) Metaspace: 15123K->15123K(1062912K)
[2022-06-13T03:21:46.063+0000][1][gc           ] GC(2) Pause Young (Allocation Failure) 81M->11M(247M) 4.641ms
[2022-06-13T03:21:46.063+0000][1][gc,cpu       ] GC(2) User=0.02s Sys=0.00s Real=0.01s
[2022-06-13T03:21:46.063+0000][1][safepoint    ] Leaving safepoint region
[2022-06-13T03:21:46.063+0000][1][safepoint    ] Total time for which application threads were stopped: 0.0052576 seconds, Stopping threads took: 0.0001964 seconds
[2022-06-13T03:21:46.064+0000][1][safepoint    ] Application time: 0.0002108 seconds
[2022-06-13T03:21:46.064+0000][1][safepoint    ] Entering safepoint region: RevokeBias
[2022-06-13T03:21:46.064+0000][1][safepoint    ] Leaving safepoint region
[2022-06-13T03:21:46.064+0000][1][safepoint    ] Total time for which application threads were stopped: 0.0003697 seconds, Stopping threads took: 0.0002143 seconds
[2022-06-13T03:21:46.064+0000][1][safepoint    ] Application time: 0.0000844 seconds
[2022-06-13T03:21:46.064+0000][1][safepoint    ] Entering safepoint region: RevokeBias
[2022-06-13T03:21:46.065+0000][1][safepoint    ] Leaving safepoint region
[2022-06-13T03:21:46.065+0000][1][safepoint    ] Total time for which application threads were stopped: 0.0003076 seconds, Stopping threads took: 0.0001412 seconds
[2022-06-13T03:21:46.065+0000][1][safepoint    ] Application time: 0.0000937 seconds
[2022-06-13T03:21:46.065+0000][1][safepoint    ] Entering safepoint region: RevokeBias
[2022-06-13T03:21:46.065+0000][1][safepoint    ] Leaving safepoint region
[2022-06-13T03:21:46.065+0000][1][safepoint    ] Total time for which application threads were stopped: 0.0003961 seconds, Stopping threads took: 0.0002032 seconds
[2022-06-13T03:21:46.066+0000][1][safepoint    ] Application time: 0.0001986 seconds
[2022-06-13T03:21:46.066+0000][1][safepoint    ] Entering safepoint region: RevokeBias
[2022-06-13T03:21:46.066+0000][1][safepoint    ] Leaving safepoint region
[2022-06-13T03:21:46.066+0000][1][safepoint    ] Total time for which application threads were stopped: 0.0004495 seconds, Stopping threads took: 0.0002195 seconds
[2022-06-13T03:21:46.067+0000][1][safepoint    ] Application time: 0.0000473 seconds
[2022-06-13T03:21:46.067+0000][1][safepoint    ] Entering safepoint region: RevokeBias
[2022-06-13T03:21:46.067+0000][1][safepoint    ] Leaving safepoint region
[2022-06-13T03:21:46.067+0000][1][safepoint    ] Total time for which application threads were stopped: 0.0003547 seconds, Stopping threads took: 0.0001668 seconds
[2022-06-13T03:21:46.067+0000][1][safepoint    ] Application time: 0.0000231 seconds
[2022-06-13T03:21:46.068+0000][1][safepoint    ] Entering safepoint region: RevokeBias
[2022-06-13T03:21:46.068+0000][1][safepoint    ] Leaving safepoint region
[2022-06-13T03:21:46.068+0000][1][safepoint    ] Total time for which application threads were stopped: 0.0003207 seconds, Stopping threads took: 0.0001510 seconds
[2022-06-13T03:21:46.188+0000][1][safepoint    ] Application time: 0.1201851 seconds
[2022-06-13T03:21:46.188+0000][1][safepoint    ] Entering safepoint region: Deoptimize
[2022-06-13T03:21:46.189+0000][1][safepoint    ] Leaving safepoint region
[2022-06-13T03:21:46.189+0000][1][safepoint    ] Total time for which application threads were stopped: 0.0008842 seconds, Stopping threads took: 0.0001660 seconds
[2022-06-13T03:21:46.190+0000][1][safepoint    ] Application time: 0.0003796 seconds
[2022-06-13T03:21:46.190+0000][1][safepoint    ] Entering safepoint region: Deoptimize
[2022-06-13T03:21:46.191+0000][1][safepoint    ] Leaving safepoint region
[2022-06-13T03:21:46.191+0000][1][safepoint    ] Total time for which application threads were stopped: 0.0005914 seconds, Stopping threads took: 0.0001397 seconds
[2022-06-13T03:21:46.347+0000][1][safepoint    ] Application time: 0.1562857 seconds
[2022-06-13T03:21:46.347+0000][1][safepoint    ] Entering safepoint region: GenCollectForAllocation
[2022-06-13T03:21:46.348+0000][1][gc,start     ] GC(3) Pause Young (Allocation Failure)
[2022-06-13T03:21:46.348+0000][1][gc,task      ] GC(3) Using 5 workers of 13 for evacuation
[2022-06-13T03:21:46.353+0000][1][gc,age       ] GC(3) Desired survivor size 4456448 bytes, new threshold 3 (max threshold 6)
[2022-06-13T03:21:46.353+0000][1][gc,age       ] GC(3) Age table with threshold 3 (max threshold 6)
[2022-06-13T03:21:46.353+0000][1][gc,age       ] GC(3) - age   1:    3242040 bytes,    3242040 total
[2022-06-13T03:21:46.353+0000][1][gc,age       ] GC(3) - age   2:     319296 bytes,    3561336 total
[2022-06-13T03:21:46.353+0000][1][gc,age       ] GC(3) - age   3:    1177336 bytes,    4738672 total
[2022-06-13T03:21:46.353+0000][1][gc,heap      ] GC(3) ParNew: 74786K->5937K(78656K)
[2022-06-13T03:21:46.354+0000][1][gc,heap      ] GC(3) CMS: 6696K->6696K(174784K)
[2022-06-13T03:21:46.354+0000][1][gc,metaspace ] GC(3) Metaspace: 18576K->18576K(1067008K)
[2022-06-13T03:21:46.354+0000][1][gc           ] GC(3) Pause Young (Allocation Failure) 79M->12M(247M) 6.272ms
[2022-06-13T03:21:46.354+0000][1][gc,cpu       ] GC(3) User=0.04s Sys=0.00s Real=0.01s
[2022-06-13T03:21:46.354+0000][1][safepoint    ] Leaving safepoint region
[2022-06-13T03:21:46.354+0000][1][safepoint    ] Total time for which application threads were stopped: 0.0070752 seconds, Stopping threads took: 0.0001891 seconds
[2022-06-13T03:21:46.355+0000][1][safepoint    ] Application time: 0.0002565 seconds
[2022-06-13T03:21:46.355+0000][1][safepoint    ] Entering safepoint region: RevokeBias
[2022-06-13T03:21:46.356+0000][1][safepoint    ] Leaving safepoint region
[2022-06-13T03:21:46.356+0000][1][safepoint    ] Total time for which application threads were stopped: 0.0006103 seconds, Stopping threads took: 0.0002298 seconds
[2022-06-13T03:21:46.356+0000][1][safepoint    ] Application time: 0.0006019 seconds
[2022-06-13T03:21:46.357+0000][1][safepoint    ] Entering safepoint region: RevokeBias
[2022-06-13T03:21:46.357+0000][1][safepoint    ] Leaving safepoint region
[2022-06-13T03:21:46.357+0000][1][safepoint    ] Total time for which application threads were stopped: 0.0005152 seconds, Stopping threads took: 0.0002332 seconds
[2022-06-13T03:21:46.357+0000][1][safepoint    ] Application time: 0.0000627 seconds
[2022-06-13T03:21:46.357+0000][1][safepoint    ] Entering safepoint region: RevokeBias
[2022-06-13T03:21:46.358+0000][1][safepoint    ] Leaving safepoint region
[2022-06-13T03:21:46.358+0000][1][safepoint    ] Total time for which application threads were stopped: 0.0004809 seconds, Stopping threads took: 0.0001743 seconds
[2022-06-13T03:21:46.358+0000][1][safepoint    ] Application time: 0.0000495 seconds
[2022-06-13T03:21:46.358+0000][1][safepoint    ] Entering safepoint region: RevokeBias
[2022-06-13T03:21:46.359+0000][1][safepoint    ] Leaving safepoint region
[2022-06-13T03:21:46.359+0000][1][safepoint    ] Total time for which application threads were stopped: 0.0003619 seconds, Stopping threads took: 0.0001592 seconds
[2022-06-13T03:21:46.359+0000][1][safepoint    ] Application time: 0.0000538 seconds
[2022-06-13T03:21:46.359+0000][1][safepoint    ] Entering safepoint region: RevokeBias
[2022-06-13T03:21:46.359+0000][1][safepoint    ] Leaving safepoint region
[2022-06-13T03:21:46.360+0000][1][safepoint    ] Total time for which application threads were stopped: 0.0005592 seconds, Stopping threads took: 0.0001770 seconds
[2022-06-13T03:21:46.360+0000][1][safepoint    ] Application time: 0.0000468 seconds
[2022-06-13T03:21:46.363+0000][1][safepoint    ] Entering safepoint region: RevokeBias
[2022-06-13T03:21:46.363+0000][1][safepoint    ] Leaving safepoint region
[2022-06-13T03:21:46.363+0000][1][safepoint    ] Total time for which application threads were stopped: 0.0004256 seconds, Stopping threads took: 0.0001446 seconds
[2022-06-13T03:21:46.363+0000][1][safepoint    ] Application time: 0.0000746 seconds
[2022-06-13T03:21:46.364+0000][1][safepoint    ] Entering safepoint region: RevokeBias
[2022-06-13T03:21:46.364+0000][1][safepoint    ] Leaving safepoint region
[2022-06-13T03:21:46.364+0000][1][safepoint    ] Total time for which application threads were stopped: 0.0005268 seconds, Stopping threads took: 0.0002379 seconds
[2022-06-13T03:21:46.364+0000][1][safepoint    ] Application time: 0.0000840 seconds
[2022-06-13T03:21:46.364+0000][1][safepoint    ] Entering safepoint region: RevokeBias
[2022-06-13T03:21:46.365+0000][1][safepoint    ] Leaving safepoint region
[2022-06-13T03:21:46.365+0000][1][safepoint    ] Total time for which application threads were stopped: 0.0003400 seconds, Stopping threads took: 0.0001458 seconds
[2022-06-13T03:21:46.365+0000][1][safepoint    ] Application time: 0.0000938 seconds
[2022-06-13T03:21:46.365+0000][1][safepoint    ] Entering safepoint region: RevokeBias
[2022-06-13T03:21:46.366+0000][1][safepoint    ] Leaving safepoint region
[2022-06-13T03:21:46.366+0000][1][safepoint    ] Total time for which application threads were stopped: 0.0007860 seconds, Stopping threads took: 0.0004331 seconds
[2022-06-13T03:21:46.366+0000][1][safepoint    ] Application time: 0.0000915 seconds
[2022-06-13T03:21:46.366+0000][1][safepoint    ] Entering safepoint region: RevokeBias
[2022-06-13T03:21:46.367+0000][1][safepoint    ] Leaving safepoint region
[2022-06-13T03:21:46.367+0000][1][safepoint    ] Total time for which application threads were stopped: 0.0004524 seconds, Stopping threads took: 0.0002327 seconds
[2022-06-13T03:21:46.367+0000][1][safepoint    ] Application time: 0.0000890 seconds
[2022-06-13T03:21:46.367+0000][1][safepoint    ] Entering safepoint region: RevokeBias
[2022-06-13T03:21:46.367+0000][1][safepoint    ] Leaving safepoint region
[2022-06-13T03:21:46.367+0000][1][safepoint    ] Total time for which application threads were stopped: 0.0002604 seconds, Stopping threads took: 0.0001103 seconds
[2022-06-13T03:21:46.368+0000][1][safepoint    ] Application time: 0.0000836 seconds
[2022-06-13T03:21:46.368+0000][1][safepoint    ] Entering safepoint region: RevokeBias
[2022-06-13T03:21:46.368+0000][1][safepoint    ] Leaving safepoint region
[2022-06-13T03:21:46.368+0000][1][safepoint    ] Total time for which application threads were stopped: 0.0003456 seconds, Stopping threads took: 0.0001717 seconds
[2022-06-13T03:21:46.368+0000][1][safepoint    ] Application time: 0.0000907 seconds
[2022-06-13T03:21:46.369+0000][1][safepoint    ] Entering safepoint region: RevokeBias
[2022-06-13T03:21:46.369+0000][1][safepoint    ] Leaving safepoint region
[2022-06-13T03:21:46.369+0000][1][safepoint    ] Total time for which application threads were stopped: 0.0004290 seconds, Stopping threads took: 0.0002060 seconds
[2022-06-13T03:21:46.369+0000][1][safepoint    ] Application time: 0.0001094 seconds
[2022-06-13T03:21:46.370+0000][1][safepoint    ] Entering safepoint region: RevokeBias
[2022-06-13T03:21:46.370+0000][1][safepoint    ] Leaving safepoint region
[2022-06-13T03:21:46.370+0000][1][safepoint    ] Total time for which application threads were stopped: 0.0006482 seconds, Stopping threads took: 0.0003403 seconds
[2022-06-13T03:21:46.371+0000][1][safepoint    ] Application time: 0.0000510 seconds
[2022-06-13T03:21:46.371+0000][1][safepoint    ] Entering safepoint region: RevokeBias
[2022-06-13T03:21:46.371+0000][1][safepoint    ] Leaving safepoint region
[2022-06-13T03:21:46.371+0000][1][safepoint    ] Total time for which application threads were stopped: 0.0003460 seconds, Stopping threads took: 0.0001880 seconds
[2022-06-13T03:21:46.371+0000][1][safepoint    ] Application time: 0.0000524 seconds
[2022-06-13T03:21:46.371+0000][1][safepoint    ] Entering safepoint region: RevokeBias
[2022-06-13T03:21:46.371+0000][1][safepoint    ] Leaving safepoint region
[2022-06-13T03:21:46.372+0000][1][safepoint    ] Total time for which application threads were stopped: 0.0003643 seconds, Stopping threads took: 0.0001621 seconds
[2022-06-13T03:21:46.372+0000][1][safepoint    ] Application time: 0.0000394 seconds
[2022-06-13T03:21:46.372+0000][1][safepoint    ] Entering safepoint region: RevokeBias
[2022-06-13T03:21:46.372+0000][1][safepoint    ] Leaving safepoint region
[2022-06-13T03:21:46.372+0000][1][safepoint    ] Total time for which application threads were stopped: 0.0002878 seconds, Stopping threads took: 0.0001179 seconds
[2022-06-13T03:21:46.373+0000][1][safepoint    ] Application time: 0.0001628 seconds
[2022-06-13T03:21:46.373+0000][1][safepoint    ] Entering safepoint region: RevokeBias
[2022-06-13T03:21:46.373+0000][1][safepoint    ] Leaving safepoint region
[2022-06-13T03:21:46.373+0000][1][safepoint    ] Total time for which application threads were stopped: 0.0003042 seconds, Stopping threads took: 0.0001374 seconds
[2022-06-13T03:21:46.373+0000][1][safepoint    ] Application time: 0.0000682 seconds
[2022-06-13T03:21:46.373+0000][1][safepoint    ] Entering safepoint region: RevokeBias
[2022-06-13T03:21:46.374+0000][1][safepoint    ] Leaving safepoint region
[2022-06-13T03:21:46.374+0000][1][safepoint    ] Total time for which application threads were stopped: 0.0003696 seconds, Stopping threads took: 0.0001657 seconds
[2022-06-13T03:21:46.374+0000][1][safepoint    ] Application time: 0.0000746 seconds
[2022-06-13T03:21:46.374+0000][1][safepoint    ] Entering safepoint region: RevokeBias
[2022-06-13T03:21:46.374+0000][1][safepoint    ] Leaving safepoint region
[2022-06-13T03:21:46.374+0000][1][safepoint    ] Total time for which application threads were stopped: 0.0003108 seconds, Stopping threads took: 0.0001295 seconds
[2022-06-13T03:21:46.375+0000][1][safepoint    ] Application time: 0.0000455 seconds
[2022-06-13T03:21:46.375+0000][1][safepoint    ] Entering safepoint region: RevokeBias
[2022-06-13T03:21:46.375+0000][1][safepoint    ] Leaving safepoint region
[2022-06-13T03:21:46.375+0000][1][safepoint    ] Total time for which application threads were stopped: 0.0005900 seconds, Stopping threads took: 0.0001389 seconds
[2022-06-13T03:21:46.470+0000][1][safepoint    ] Application time: 0.0948112 seconds
[2022-06-13T03:21:46.471+0000][1][safepoint    ] Entering safepoint region: GenCollectForAllocation
[2022-06-13T03:21:46.471+0000][1][gc,start     ] GC(4) Pause Young (Allocation Failure)
[2022-06-13T03:21:46.471+0000][1][gc,task      ] GC(4) Using 5 workers of 13 for evacuation
[2022-06-13T03:21:46.475+0000][1][gc,age       ] GC(4) Desired survivor size 4456448 bytes, new threshold 2 (max threshold 6)
[2022-06-13T03:21:46.475+0000][1][gc,age       ] GC(4) Age table with threshold 2 (max threshold 6)
[2022-06-13T03:21:46.475+0000][1][gc,age       ] GC(4) - age   1:    1559408 bytes,    1559408 total
[2022-06-13T03:21:46.475+0000][1][gc,age       ] GC(4) - age   2:    3202608 bytes,    4762016 total
[2022-06-13T03:21:46.475+0000][1][gc,age       ] GC(4) - age   3:     318768 bytes,    5080784 total
[2022-06-13T03:21:46.476+0000][1][gc,heap      ] GC(4) ParNew: 75889K->6745K(78656K)
[2022-06-13T03:21:46.476+0000][1][gc,heap      ] GC(4) CMS: 6696K->7863K(174784K)
[2022-06-13T03:21:46.476+0000][1][gc,metaspace ] GC(4) Metaspace: 18840K->18840K(1067008K)
[2022-06-13T03:21:46.476+0000][1][gc           ] GC(4) Pause Young (Allocation Failure) 80M->14M(247M) 5.221ms
[2022-06-13T03:21:46.476+0000][1][gc,cpu       ] GC(4) User=0.02s Sys=0.00s Real=0.00s
[2022-06-13T03:21:46.476+0000][1][safepoint    ] Leaving safepoint region
[2022-06-13T03:21:46.477+0000][1][safepoint    ] Total time for which application threads were stopped: 0.0060438 seconds, Stopping threads took: 0.0002673 seconds
[2022-06-13T03:21:46.477+0000][1][safepoint    ] Application time: 0.0002042 seconds
[2022-06-13T03:21:46.477+0000][1][safepoint    ] Entering safepoint region: RevokeBias
[2022-06-13T03:21:46.477+0000][1][safepoint    ] Leaving safepoint region
[2022-06-13T03:21:46.478+0000][1][safepoint    ] Total time for which application threads were stopped: 0.0004507 seconds, Stopping threads took: 0.0002769 seconds
[2022-06-13T03:21:46.478+0000][1][safepoint    ] Application time: 0.0001089 seconds
[2022-06-13T03:21:46.478+0000][1][safepoint    ] Entering safepoint region: RevokeBias
[2022-06-13T03:21:46.478+0000][1][safepoint    ] Leaving safepoint region
[2022-06-13T03:21:46.478+0000][1][safepoint    ] Total time for which application threads were stopped: 0.0003180 seconds, Stopping threads took: 0.0001918 seconds
[2022-06-13T03:21:46.478+0000][1][safepoint    ] Application time: 0.0001352 seconds
[2022-06-13T03:21:46.479+0000][1][safepoint    ] Entering safepoint region: RevokeBias
[2022-06-13T03:21:46.479+0000][1][safepoint    ] Leaving safepoint region
[2022-06-13T03:21:46.479+0000][1][safepoint    ] Total time for which application threads were stopped: 0.0003487 seconds, Stopping threads took: 0.0001486 seconds
[2022-06-13T03:21:46.479+0000][1][safepoint    ] Application time: 0.0001053 seconds
[2022-06-13T03:21:46.479+0000][1][safepoint    ] Entering safepoint region: RevokeBias
[2022-06-13T03:21:46.480+0000][1][safepoint    ] Leaving safepoint region
[2022-06-13T03:21:46.480+0000][1][safepoint    ] Total time for which application threads were stopped: 0.0003250 seconds, Stopping threads took: 0.0001375 seconds
[2022-06-13T03:21:46.498+0000][1][safepoint    ] Application time: 0.0180146 seconds
[2022-06-13T03:21:46.499+0000][1][safepoint    ] Entering safepoint region: Deoptimize
[2022-06-13T03:21:46.499+0000][1][safepoint    ] Leaving safepoint region
[2022-06-13T03:21:46.499+0000][1][safepoint    ] Total time for which application threads were stopped: 0.0009035 seconds, Stopping threads took: 0.0001871 seconds
[2022-06-13T03:21:46.528+0000][1][safepoint    ] Application time: 0.0286522 seconds
[2022-06-13T03:21:46.529+0000][1][safepoint    ] Entering safepoint region: Deoptimize
[2022-06-13T03:21:46.539+0000][1][safepoint    ] Leaving safepoint region
[2022-06-13T03:21:46.546+0000][1][safepoint    ] Total time for which application threads were stopped: 0.0175623 seconds, Stopping threads took: 0.0001879 seconds
[2022-06-13T03:21:46.636+0000][1][safepoint    ] Application time: 0.0894229 seconds
[2022-06-13T03:21:46.636+0000][1][safepoint    ] Entering safepoint region: GenCollectForAllocation
[2022-06-13T03:21:46.636+0000][1][gc,start     ] GC(5) Pause Young (Allocation Failure)
[2022-06-13T03:21:46.637+0000][1][gc,task      ] GC(5) Using 5 workers of 13 for evacuation
[2022-06-13T03:21:46.644+0000][1][gc,age       ] GC(5) Desired survivor size 4456448 bytes, new threshold 6 (max threshold 6)
[2022-06-13T03:21:46.644+0000][1][gc,age       ] GC(5) Age table with threshold 6 (max threshold 6)
[2022-06-13T03:21:46.644+0000][1][gc,age       ] GC(5) - age   1:    2224336 bytes,    2224336 total
[2022-06-13T03:21:46.645+0000][1][gc,age       ] GC(5) - age   2:     548120 bytes,    2772456 total
[2022-06-13T03:21:46.645+0000][1][gc,heap      ] GC(5) ParNew: 76697K->5730K(78656K)
[2022-06-13T03:21:46.645+0000][1][gc,heap      ] GC(5) CMS: 7863K->11327K(174784K)
[2022-06-13T03:21:46.645+0000][1][gc,metaspace ] GC(5) Metaspace: 19183K->19183K(1067008K)
[2022-06-13T03:21:46.645+0000][1][gc           ] GC(5) Pause Young (Allocation Failure) 82M->16M(247M) 8.757ms
[2022-06-13T03:21:46.645+0000][1][gc,cpu       ] GC(5) User=0.04s Sys=0.00s Real=0.01s
[2022-06-13T03:21:46.645+0000][1][safepoint    ] Leaving safepoint region
[2022-06-13T03:21:46.645+0000][1][safepoint    ] Total time for which application threads were stopped: 0.0093184 seconds, Stopping threads took: 0.0001287 seconds
[2022-06-13T03:21:46.650+0000][1][safepoint    ] Application time: 0.0045987 seconds
[2022-06-13T03:21:46.651+0000][1][safepoint    ] Entering safepoint region: RevokeBias
[2022-06-13T03:21:46.651+0000][1][safepoint    ] Leaving safepoint region
[2022-06-13T03:21:46.651+0000][1][safepoint    ] Total time for which application threads were stopped: 0.0007989 seconds, Stopping threads took: 0.0004970 seconds
[2022-06-13T03:21:46.659+0000][1][safepoint    ] Application time: 0.0076466 seconds
[2022-06-13T03:21:46.661+0000][1][safepoint    ] Entering safepoint region: RevokeBias
[2022-06-13T03:21:46.661+0000][1][safepoint    ] Leaving safepoint region
[2022-06-13T03:21:46.661+0000][1][safepoint    ] Total time for which application threads were stopped: 0.0007258 seconds, Stopping threads took: 0.0004639 seconds
[2022-06-13T03:21:46.668+0000][1][safepoint    ] Application time: 0.0064604 seconds
[2022-06-13T03:21:46.668+0000][1][safepoint    ] Entering safepoint region: RevokeBias
[2022-06-13T03:21:46.669+0000][1][safepoint    ] Leaving safepoint region
[2022-06-13T03:21:46.669+0000][1][safepoint    ] Total time for which application threads were stopped: 0.0011239 seconds, Stopping threads took: 0.0001956 seconds
[2022-06-13T03:21:46.672+0000][1][safepoint    ] Application time: 0.0013405 seconds
[2022-06-13T03:21:46.673+0000][1][safepoint    ] Entering safepoint region: RevokeBias
[2022-06-13T03:21:46.674+0000][1][safepoint    ] Leaving safepoint region
[2022-06-13T03:21:46.674+0000][1][safepoint    ] Total time for which application threads were stopped: 0.0005267 seconds, Stopping threads took: 0.0002969 seconds
[2022-06-13T03:21:46.674+0000][1][safepoint    ] Application time: 0.0000999 seconds
[2022-06-13T03:21:46.674+0000][1][safepoint    ] Entering safepoint region: RevokeBias
[2022-06-13T03:21:46.675+0000][1][safepoint    ] Leaving safepoint region
[2022-06-13T03:21:46.675+0000][1][safepoint    ] Total time for which application threads were stopped: 0.0003426 seconds, Stopping threads took: 0.0001498 seconds
[2022-06-13T03:21:46.675+0000][1][safepoint    ] Application time: 0.0001048 seconds
[2022-06-13T03:21:46.675+0000][1][safepoint    ] Entering safepoint region: RevokeBias
[2022-06-13T03:21:46.675+0000][1][safepoint    ] Leaving safepoint region
[2022-06-13T03:21:46.675+0000][1][safepoint    ] Total time for which application threads were stopped: 0.0003216 seconds, Stopping threads took: 0.0001379 seconds
[2022-06-13T03:21:46.738+0000][1][safepoint    ] Application time: 0.0626852 seconds
[2022-06-13T03:21:46.739+0000][1][safepoint    ] Entering safepoint region: RevokeBias
[2022-06-13T03:21:46.739+0000][1][safepoint    ] Leaving safepoint region
[2022-06-13T03:21:46.739+0000][1][safepoint    ] Total time for which application threads were stopped: 0.0003944 seconds, Stopping threads took: 0.0001732 seconds
[2022-06-13T03:21:46.740+0000][1][safepoint    ] Application time: 0.0002973 seconds
[2022-06-13T03:21:46.740+0000][1][safepoint    ] Entering safepoint region: BulkRevokeBias
[2022-06-13T03:21:46.740+0000][1][safepoint    ] Leaving safepoint region
[2022-06-13T03:21:46.740+0000][1][safepoint    ] Total time for which application threads were stopped: 0.0005934 seconds, Stopping threads took: 0.0001739 seconds
[2022-06-13T03:21:46.764+0000][1][safepoint    ] Application time: 0.0231303 seconds
[2022-06-13T03:21:46.764+0000][1][safepoint    ] Entering safepoint region: GenCollectForAllocation
[2022-06-13T03:21:46.765+0000][1][gc,start     ] GC(6) Pause Young (Allocation Failure)
[2022-06-13T03:21:46.765+0000][1][gc,task      ] GC(6) Using 5 workers of 13 for evacuation
[2022-06-13T03:21:46.780+0000][1][gc,age       ] GC(6) Desired survivor size 4456448 bytes, new threshold 6 (max threshold 6)
[2022-06-13T03:21:46.781+0000][1][gc,age       ] GC(6) Age table with threshold 6 (max threshold 6)
[2022-06-13T03:21:46.783+0000][1][gc,age       ] GC(6) - age   1:    1321936 bytes,    1321936 total
[2022-06-13T03:21:46.783+0000][1][gc,age       ] GC(6) - age   2:    2195312 bytes,    3517248 total
[2022-06-13T03:21:46.783+0000][1][gc,age       ] GC(6) - age   3:     548120 bytes,    4065368 total
[2022-06-13T03:21:46.783+0000][1][gc,heap      ] GC(6) ParNew: 75682K->4493K(78656K)
[2022-06-13T03:21:46.784+0000][1][gc,heap      ] GC(6) CMS: 11327K->11327K(174784K)
[2022-06-13T03:21:46.784+0000][1][gc,metaspace ] GC(6) Metaspace: 19490K->19490K(1067008K)
[2022-06-13T03:21:46.784+0000][1][gc           ] GC(6) Pause Young (Allocation Failure) 84M->15M(247M) 19.379ms
[2022-06-13T03:21:46.784+0000][1][gc,cpu       ] GC(6) User=0.07s Sys=0.00s Real=0.02s
[2022-06-13T03:21:46.784+0000][1][safepoint    ] Leaving safepoint region
[2022-06-13T03:21:46.784+0000][1][safepoint    ] Total time for which application threads were stopped: 0.0202248 seconds, Stopping threads took: 0.0003268 seconds
[2022-06-13T03:21:46.787+0000][1][safepoint    ] Application time: 0.0026122 seconds
[2022-06-13T03:21:46.802+0000][1][safepoint    ] Entering safepoint region: BulkRevokeBias
[2022-06-13T03:21:46.803+0000][1][safepoint    ] Leaving safepoint region
[2022-06-13T03:21:46.803+0000][1][safepoint    ] Total time for which application threads were stopped: 0.0042820 seconds, Stopping threads took: 0.0038673 seconds
[2022-06-13T03:21:46.889+0000][1][safepoint    ] Application time: 0.0851044 seconds
[2022-06-13T03:21:46.889+0000][1][safepoint    ] Entering safepoint region: GenCollectForAllocation
[2022-06-13T03:21:46.889+0000][1][gc,start     ] GC(7) Pause Young (Allocation Failure)
[2022-06-13T03:21:46.890+0000][1][gc,task      ] GC(7) Using 5 workers of 13 for evacuation
[2022-06-13T03:21:46.898+0000][1][gc,age       ] GC(7) Desired survivor size 4456448 bytes, new threshold 6 (max threshold 6)
[2022-06-13T03:21:46.898+0000][1][gc,age       ] GC(7) Age table with threshold 6 (max threshold 6)
[2022-06-13T03:21:46.898+0000][1][gc,age       ] GC(7) - age   1:     518728 bytes,     518728 total
[2022-06-13T03:21:46.898+0000][1][gc,age       ] GC(7) - age   2:    1129472 bytes,    1648200 total
[2022-06-13T03:21:46.899+0000][1][gc,age       ] GC(7) - age   3:    2193304 bytes,    3841504 total
[2022-06-13T03:21:46.899+0000][1][gc,age       ] GC(7) - age   4:     548120 bytes,    4389624 total
[2022-06-13T03:21:46.899+0000][1][gc,heap      ] GC(7) ParNew: 74445K->4770K(78656K)
[2022-06-13T03:21:46.899+0000][1][gc,heap      ] GC(7) CMS: 11327K->11327K(174784K)
[2022-06-13T03:21:46.899+0000][1][gc,metaspace ] GC(7) Metaspace: 19898K->19898K(1067008K)
[2022-06-13T03:21:46.899+0000][1][gc           ] GC(7) Pause Young (Allocation Failure) 83M->15M(247M) 9.856ms
[2022-06-13T03:21:46.899+0000][1][gc,cpu       ] GC(7) User=0.03s Sys=0.00s Real=0.01s
[2022-06-13T03:21:46.900+0000][1][safepoint    ] Leaving safepoint region
[2022-06-13T03:21:46.900+0000][1][safepoint    ] Total time for which application threads were stopped: 0.0107407 seconds, Stopping threads took: 0.0001668 seconds
[2022-06-13T03:21:46.909+0000][1][safepoint    ] Application time: 0.0087844 seconds
[2022-06-13T03:21:46.909+0000][1][safepoint    ] Entering safepoint region: CollectForMetadataAllocation
[2022-06-13T03:21:46.909+0000][1][safepoint    ] Leaving safepoint region
[2022-06-13T03:21:46.909+0000][1][safepoint    ] Total time for which application threads were stopped: 0.0004553 seconds, Stopping threads took: 0.0001454 seconds
[2022-06-13T03:21:46.927+0000][1][safepoint    ] Application time: 0.0180122 seconds
[2022-06-13T03:21:46.928+0000][1][safepoint    ] Entering safepoint region: CollectForMetadataAllocation
[2022-06-13T03:21:46.928+0000][1][safepoint    ] Leaving safepoint region
[2022-06-13T03:21:46.928+0000][1][safepoint    ] Total time for which application threads were stopped: 0.0004392 seconds, Stopping threads took: 0.0001737 seconds
[2022-06-13T03:21:47.044+0000][1][safepoint    ] Application time: 0.1153157 seconds
[2022-06-13T03:21:47.044+0000][1][safepoint    ] Entering safepoint region: GenCollectForAllocation
[2022-06-13T03:21:47.044+0000][1][gc,start     ] GC(8) Pause Young (Allocation Failure)
[2022-06-13T03:21:47.044+0000][1][gc,task      ] GC(8) Using 5 workers of 13 for evacuation
[2022-06-13T03:21:47.046+0000][1][gc,age       ] GC(8) Desired survivor size 4456448 bytes, new threshold 5 (max threshold 6)
[2022-06-13T03:21:47.047+0000][1][gc,age       ] GC(8) Age table with threshold 5 (max threshold 6)
[2022-06-13T03:21:47.047+0000][1][gc,age       ] GC(8) - age   1:     498304 bytes,     498304 total
[2022-06-13T03:21:47.047+0000][1][gc,age       ] GC(8) - age   2:     497104 bytes,     995408 total
[2022-06-13T03:21:47.047+0000][1][gc,age       ] GC(8) - age   3:    1129376 bytes,    2124784 total
[2022-06-13T03:21:47.047+0000][1][gc,age       ] GC(8) - age   4:    2193016 bytes,    4317800 total
[2022-06-13T03:21:47.047+0000][1][gc,age       ] GC(8) - age   5:     548120 bytes,    4865920 total
[2022-06-13T03:21:47.047+0000][1][gc,heap      ] GC(8) ParNew: 74722K->6120K(78656K)
[2022-06-13T03:21:47.047+0000][1][gc,heap      ] GC(8) CMS: 11327K->11327K(174784K)
[2022-06-13T03:21:47.047+0000][1][gc,metaspace ] GC(8) Metaspace: 20541K->20541K(1069056K)
[2022-06-13T03:21:47.048+0000][1][gc           ] GC(8) Pause Young (Allocation Failure) 84M->17M(247M) 3.322ms
[2022-06-13T03:21:47.048+0000][1][gc,cpu       ] GC(8) User=0.02s Sys=0.00s Real=0.00s
[2022-06-13T03:21:47.048+0000][1][safepoint    ] Leaving safepoint region
[2022-06-13T03:21:47.048+0000][1][safepoint    ] Total time for which application threads were stopped: 0.0039133 seconds, Stopping threads took: 0.0001962 seconds
[2022-06-13T03:21:47.048+0000][1][safepoint    ] Application time: 0.0001868 seconds
[2022-06-13T03:21:47.048+0000][1][safepoint    ] Entering safepoint region: CMS_Initial_Mark
[2022-06-13T03:21:47.049+0000][1][gc,start     ] GC(9) Pause Initial Mark
[2022-06-13T03:21:47.049+0000][1][gc           ] GC(9) Pause Initial Mark 18M->18M(247M) 0.726ms
[2022-06-13T03:21:47.049+0000][1][gc,cpu       ] GC(9) User=0.01s Sys=0.00s Real=0.01s
[2022-06-13T03:21:47.050+0000][1][safepoint    ] Leaving safepoint region
[2022-06-13T03:21:47.050+0000][1][safepoint    ] Total time for which application threads were stopped: 0.0014075 seconds, Stopping threads took: 0.0001866 seconds
[2022-06-13T03:21:47.050+0000][1][gc           ] GC(9) Concurrent Mark
[2022-06-13T03:21:47.079+0000][1][gc,task      ] GC(9) Using 4 workers of 4 for marking
[2022-06-13T03:21:47.090+0000][1][gc           ] GC(9) Concurrent Mark 39.807ms
[2022-06-13T03:21:47.092+0000][1][gc,cpu       ] GC(9) User=0.14s Sys=0.00s Real=0.04s
[2022-06-13T03:21:47.093+0000][1][gc           ] GC(9) Concurrent Preclean
[2022-06-13T03:21:47.093+0000][1][gc           ] GC(9) Concurrent Preclean 0.895ms
[2022-06-13T03:21:47.094+0000][1][gc,cpu       ] GC(9) User=0.00s Sys=0.00s Real=0.00s
[2022-06-13T03:21:47.094+0000][1][gc           ] GC(9) Concurrent Abortable Preclean
[2022-06-13T03:21:47.124+0000][1][safepoint    ] Application time: 0.0737890 seconds
[2022-06-13T03:21:47.124+0000][1][safepoint    ] Entering safepoint region: GenCollectForAllocation
[2022-06-13T03:21:47.124+0000][1][gc,start     ] GC(10) Pause Young (Allocation Failure)
[2022-06-13T03:21:47.124+0000][1][gc,task      ] GC(10) Using 5 workers of 13 for evacuation
[2022-06-13T03:21:47.127+0000][1][gc,age       ] GC(10) Desired survivor size 4456448 bytes, new threshold 5 (max threshold 6)
[2022-06-13T03:21:47.127+0000][1][gc,age       ] GC(10) Age table with threshold 5 (max threshold 6)
[2022-06-13T03:21:47.127+0000][1][gc,age       ] GC(10) - age   1:     937952 bytes,     937952 total
[2022-06-13T03:21:47.127+0000][1][gc,age       ] GC(10) - age   2:     471448 bytes,    1409400 total
[2022-06-13T03:21:47.127+0000][1][gc,age       ] GC(10) - age   3:     496984 bytes,    1906384 total
[2022-06-13T03:21:47.127+0000][1][gc,age       ] GC(10) - age   4:    1129376 bytes,    3035760 total
[2022-06-13T03:21:47.128+0000][1][gc,age       ] GC(10) - age   5:    2192824 bytes,    5228584 total
[2022-06-13T03:21:47.128+0000][1][gc,heap      ] GC(10) ParNew: 76072K->6819K(78656K)
[2022-06-13T03:21:47.128+0000][1][gc,heap      ] GC(10) CMS: 11327K->11872K(174784K)
[2022-06-13T03:21:47.128+0000][1][gc,metaspace ] GC(10) Metaspace: 20653K->20653K(1069056K)
[2022-06-13T03:21:47.128+0000][1][gc           ] GC(10) Pause Young (Allocation Failure) 85M->18M(247M) 4.024ms
[2022-06-13T03:21:47.128+0000][1][gc,cpu       ] GC(10) User=0.02s Sys=0.00s Real=0.00s
[2022-06-13T03:21:47.128+0000][1][safepoint    ] Leaving safepoint region
[2022-06-13T03:21:47.128+0000][1][safepoint    ] Total time for which application threads were stopped: 0.0045831 seconds, Stopping threads took: 0.0001633 seconds
[2022-06-13T03:21:47.220+0000][1][safepoint    ] Application time: 0.0914740 seconds
[2022-06-13T03:21:47.220+0000][1][safepoint    ] Entering safepoint region: GenCollectForAllocation
[2022-06-13T03:21:47.221+0000][1][gc,start     ] GC(11) Pause Young (Allocation Failure)
[2022-06-13T03:21:47.221+0000][1][gc,task      ] GC(11) Using 5 workers of 13 for evacuation
[2022-06-13T03:21:47.227+0000][1][gc,age       ] GC(11) Desired survivor size 4456448 bytes, new threshold 6 (max threshold 6)
[2022-06-13T03:21:47.230+0000][1][gc,age       ] GC(11) Age table with threshold 6 (max threshold 6)
[2022-06-13T03:21:47.231+0000][1][gc,age       ] GC(11) - age   1:    1816816 bytes,    1816816 total
[2022-06-13T03:21:47.231+0000][1][gc,age       ] GC(11) - age   2:     125576 bytes,    1942392 total
[2022-06-13T03:21:47.231+0000][1][gc,age       ] GC(11) - age   3:     471448 bytes,    2413840 total
[2022-06-13T03:21:47.231+0000][1][gc,age       ] GC(11) - age   4:     496832 bytes,    2910672 total
[2022-06-13T03:21:47.231+0000][1][gc,age       ] GC(11) - age   5:    1129088 bytes,    4039760 total
[2022-06-13T03:21:47.231+0000][1][gc,heap      ] GC(11) ParNew: 76771K->5409K(78656K)
[2022-06-13T03:21:47.232+0000][1][gc,heap      ] GC(11) CMS: 11872K->14030K(174784K)
[2022-06-13T03:21:47.232+0000][1][gc,metaspace ] GC(11) Metaspace: 20733K->20733K(1069056K)
[2022-06-13T03:21:47.232+0000][1][gc           ] GC(11) Pause Young (Allocation Failure) 86M->18M(247M) 11.081ms
[2022-06-13T03:21:47.232+0000][1][gc,cpu       ] GC(11) User=0.03s Sys=0.00s Real=0.01s
[2022-06-13T03:21:47.232+0000][1][safepoint    ] Leaving safepoint region
[2022-06-13T03:21:47.232+0000][1][safepoint    ] Total time for which application threads were stopped: 0.0117575 seconds, Stopping threads took: 0.0002171 seconds
[2022-06-13T03:21:47.273+0000][1][safepoint    ] Application time: 0.0403977 seconds
[2022-06-13T03:21:47.273+0000][1][safepoint    ] Entering safepoint region: CollectForMetadataAllocation
[2022-06-13T03:21:47.273+0000][1][safepoint    ] Leaving safepoint region
[2022-06-13T03:21:47.273+0000][1][safepoint    ] Total time for which application threads were stopped: 0.0005002 seconds, Stopping threads took: 0.0001842 seconds
[2022-06-13T03:21:47.286+0000][1][gc           ] GC(9) Concurrent Abortable Preclean 192.667ms
[2022-06-13T03:21:47.287+0000][1][gc,cpu       ] GC(9) User=0.79s Sys=0.00s Real=0.19s
[2022-06-13T03:21:47.289+0000][1][safepoint    ] Application time: 0.0150353 seconds
[2022-06-13T03:21:47.289+0000][1][safepoint    ] Entering safepoint region: CMS_Final_Remark
[2022-06-13T03:21:47.289+0000][1][gc,start     ] GC(9) Pause Remark
[2022-06-13T03:21:47.301+0000][1][gc           ] GC(9) Pause Remark 57M->57M(247M) 11.595ms
[2022-06-13T03:21:47.301+0000][1][gc,cpu       ] GC(9) User=0.04s Sys=0.00s Real=0.01s
[2022-06-13T03:21:47.301+0000][1][safepoint    ] Leaving safepoint region
[2022-06-13T03:21:47.301+0000][1][safepoint    ] Total time for which application threads were stopped: 0.0125314 seconds, Stopping threads took: 0.0002462 seconds
[2022-06-13T03:21:47.302+0000][1][gc           ] GC(9) Concurrent Sweep
[2022-06-13T03:21:47.304+0000][1][safepoint    ] Application time: 0.0024150 seconds
[2022-06-13T03:21:47.305+0000][1][safepoint    ] Entering safepoint region: CollectForMetadataAllocation
[2022-06-13T03:21:47.305+0000][1][safepoint    ] Leaving safepoint region
[2022-06-13T03:21:47.305+0000][1][safepoint    ] Total time for which application threads were stopped: 0.0012416 seconds, Stopping threads took: 0.0005302 seconds
[2022-06-13T03:21:47.307+0000][1][safepoint    ] Application time: 0.0012450 seconds
[2022-06-13T03:21:47.307+0000][1][safepoint    ] Entering safepoint region: CollectForMetadataAllocation
[2022-06-13T03:21:47.307+0000][1][safepoint    ] Leaving safepoint region
[2022-06-13T03:21:47.308+0000][1][safepoint    ] Total time for which application threads were stopped: 0.0005856 seconds, Stopping threads took: 0.0001483 seconds
[2022-06-13T03:21:47.309+0000][1][gc           ] GC(9) Concurrent Sweep 7.432ms
[2022-06-13T03:21:47.309+0000][1][gc,cpu       ] GC(9) User=0.02s Sys=0.00s Real=0.01s
[2022-06-13T03:21:47.310+0000][1][gc           ] GC(9) Concurrent Reset
[2022-06-13T03:21:47.310+0000][1][gc           ] GC(9) Concurrent Reset 0.548ms
[2022-06-13T03:21:47.310+0000][1][gc,cpu       ] GC(9) User=0.00s Sys=0.00s Real=0.00s
[2022-06-13T03:21:47.310+0000][1][gc,heap      ] GC(9) Old: 11327K->14004K(174784K)
[2022-06-13T03:21:47.523+0000][1][safepoint    ] Application time: 0.2153137 seconds
[2022-06-13T03:21:47.524+0000][1][safepoint    ] Entering safepoint region: Deoptimize
[2022-06-13T03:21:47.525+0000][1][safepoint    ] Leaving safepoint region
[2022-06-13T03:21:47.525+0000][1][safepoint    ] Total time for which application threads were stopped: 0.0016939 seconds, Stopping threads took: 0.0004057 seconds
[2022-06-13T03:21:47.585+0000][1][safepoint    ] Application time: 0.0593997 seconds
[2022-06-13T03:21:47.585+0000][1][safepoint    ] Entering safepoint region: Deoptimize
[2022-06-13T03:21:47.585+0000][1][safepoint    ] Leaving safepoint region
[2022-06-13T03:21:47.585+0000][1][safepoint    ] Total time for which application threads were stopped: 0.0007550 seconds, Stopping threads took: 0.0001506 seconds
[2022-06-13T03:21:47.586+0000][1][safepoint    ] Application time: 0.0003402 seconds
[2022-06-13T03:21:47.586+0000][1][safepoint    ] Entering safepoint region: Deoptimize
[2022-06-13T03:21:47.587+0000][1][safepoint    ] Leaving safepoint region
[2022-06-13T03:21:47.587+0000][1][safepoint    ] Total time for which application threads were stopped: 0.0006549 seconds, Stopping threads took: 0.0001155 seconds
[2022-06-13T03:21:47.596+0000][1][safepoint    ] Application time: 0.0090165 seconds
[2022-06-13T03:21:47.596+0000][1][safepoint    ] Entering safepoint region: RevokeBias
[2022-06-13T03:21:47.596+0000][1][safepoint    ] Leaving safepoint region
[2022-06-13T03:21:47.597+0000][1][safepoint    ] Total time for which application threads were stopped: 0.0004686 seconds, Stopping threads took: 0.0002486 seconds
[2022-06-13T03:21:47.598+0000][1][safepoint    ] Application time: 0.0009513 seconds
[2022-06-13T03:21:47.598+0000][1][safepoint    ] Entering safepoint region: Deoptimize
[2022-06-13T03:21:47.599+0000][1][safepoint    ] Leaving safepoint region
[2022-06-13T03:21:47.599+0000][1][safepoint    ] Total time for which application threads were stopped: 0.0008590 seconds, Stopping threads took: 0.0001666 seconds
[2022-06-13T03:21:47.603+0000][1][safepoint    ] Application time: 0.0045830 seconds
[2022-06-13T03:21:47.604+0000][1][safepoint    ] Entering safepoint region: Deoptimize
[2022-06-13T03:21:47.605+0000][1][safepoint    ] Leaving safepoint region
[2022-06-13T03:21:47.605+0000][1][safepoint    ] Total time for which application threads were stopped: 0.0009559 seconds, Stopping threads took: 0.0002664 seconds
[2022-06-13T03:21:47.669+0000][1][safepoint    ] Application time: 0.0640762 seconds
[2022-06-13T03:21:47.672+0000][1][safepoint    ] Entering safepoint region: GenCollectForAllocation
[2022-06-13T03:21:47.673+0000][1][gc,start     ] GC(12) Pause Young (Allocation Failure)
[2022-06-13T03:21:47.673+0000][1][gc,task      ] GC(12) Using 5 workers of 13 for evacuation
[2022-06-13T03:21:47.678+0000][1][gc,age       ] GC(12) Desired survivor size 4456448 bytes, new threshold 5 (max threshold 6)
[2022-06-13T03:21:47.678+0000][1][gc,age       ] GC(12) Age table with threshold 5 (max threshold 6)
[2022-06-13T03:21:47.678+0000][1][gc,age       ] GC(12) - age   1:    3029776 bytes,    3029776 total
[2022-06-13T03:21:47.678+0000][1][gc,age       ] GC(12) - age   2:     345096 bytes,    3374872 total
[2022-06-13T03:21:47.678+0000][1][gc,age       ] GC(12) - age   3:     125312 bytes,    3500184 total
[2022-06-13T03:21:47.679+0000][1][gc,age       ] GC(12) - age   4:     470904 bytes,    3971088 total
[2022-06-13T03:21:47.679+0000][1][gc,age       ] GC(12) - age   5:     492040 bytes,    4463128 total
[2022-06-13T03:21:47.679+0000][1][gc,age       ] GC(12) - age   6:    1128928 bytes,    5592056 total
[2022-06-13T03:21:47.679+0000][1][gc,heap      ] GC(12) ParNew: 75361K->6537K(78656K)
[2022-06-13T03:21:47.679+0000][1][gc,heap      ] GC(12) CMS: 14004K->14004K(174784K)
[2022-06-13T03:21:47.679+0000][1][gc,metaspace ] GC(12) Metaspace: 26504K->26504K(1073152K)
[2022-06-13T03:21:47.679+0000][1][gc           ] GC(12) Pause Young (Allocation Failure) 87M->20M(247M) 6.822ms
[2022-06-13T03:21:47.680+0000][1][gc,cpu       ] GC(12) User=0.02s Sys=0.00s Real=0.01s
[2022-06-13T03:21:47.680+0000][1][safepoint    ] Leaving safepoint region
[2022-06-13T03:21:47.680+0000][1][safepoint    ] Total time for which application threads were stopped: 0.0104692 seconds, Stopping threads took: 0.0031631 seconds
[2022-06-13T03:21:48.034+0000][1][safepoint    ] Application time: 0.3540238 seconds
[2022-06-13T03:21:48.034+0000][1][safepoint    ] Entering safepoint region: RevokeBias
[2022-06-13T03:21:48.035+0000][1][safepoint    ] Leaving safepoint region
[2022-06-13T03:21:48.035+0000][1][safepoint    ] Total time for which application threads were stopped: 0.0008064 seconds, Stopping threads took: 0.0001684 seconds
[2022-06-13T03:21:48.512+0000][1][safepoint    ] Application time: 0.4763776 seconds
[2022-06-13T03:21:48.512+0000][1][safepoint    ] Entering safepoint region: GenCollectForAllocation
[2022-06-13T03:21:48.512+0000][1][gc,start     ] GC(13) Pause Young (Allocation Failure)
[2022-06-13T03:21:48.513+0000][1][gc,task      ] GC(13) Using 5 workers of 13 for evacuation
[2022-06-13T03:21:48.566+0000][1][gc,age       ] GC(13) Desired survivor size 4456448 bytes, new threshold 1 (max threshold 6)
[2022-06-13T03:21:48.566+0000][1][gc,age       ] GC(13) Age table with threshold 1 (max threshold 6)
[2022-06-13T03:21:48.566+0000][1][gc,age       ] GC(13) - age   1:    5307440 bytes,    5307440 total
[2022-06-13T03:21:48.566+0000][1][gc,age       ] GC(13) - age   2:    2663856 bytes,    7971296 total
[2022-06-13T03:21:48.566+0000][1][gc,age       ] GC(13) - age   3:     345064 bytes,    8316360 total
[2022-06-13T03:21:48.567+0000][1][gc,age       ] GC(13) - age   4:     125312 bytes,    8441672 total
[2022-06-13T03:21:48.567+0000][1][gc,age       ] GC(13) - age   5:     470904 bytes,    8912576 total
[2022-06-13T03:21:48.568+0000][1][gc,heap      ] GC(13) ParNew: 76489K->8704K(78656K)
[2022-06-13T03:21:48.570+0000][1][gc,heap      ] GC(13) CMS: 14004K->26234K(174784K)
[2022-06-13T03:21:48.571+0000][1][gc,metaspace ] GC(13) Metaspace: 27156K->27156K(1075200K)
[2022-06-13T03:21:48.571+0000][1][gc           ] GC(13) Pause Young (Allocation Failure) 88M->34M(247M) 58.456ms
[2022-06-13T03:21:48.571+0000][1][gc,cpu       ] GC(13) User=0.36s Sys=0.00s Real=0.06s
[2022-06-13T03:21:48.571+0000][1][safepoint    ] Leaving safepoint region
[2022-06-13T03:21:48.571+0000][1][safepoint    ] Total time for which application threads were stopped: 0.0592506 seconds, Stopping threads took: 0.0001974 seconds
[2022-06-13T03:21:48.785+0000][1][safepoint    ] Application time: 0.2130657 seconds
[2022-06-13T03:21:48.789+0000][1][safepoint    ] Entering safepoint region: Deoptimize
[2022-06-13T03:21:48.794+0000][1][safepoint    ] Leaving safepoint region
[2022-06-13T03:21:48.795+0000][1][safepoint    ] Total time for which application threads were stopped: 0.0055690 seconds, Stopping threads took: 0.0044863 seconds
[2022-06-13T03:21:49.064+0000][1][safepoint    ] Application time: 0.2690149 seconds
[2022-06-13T03:21:49.068+0000][1][safepoint    ] Entering safepoint region: GenCollectForAllocation
[2022-06-13T03:21:49.071+0000][1][gc,start     ] GC(14) Pause Young (Allocation Failure)
[2022-06-13T03:21:49.071+0000][1][gc,task      ] GC(14) Using 5 workers of 13 for evacuation
[2022-06-13T03:21:49.111+0000][1][gc,age       ] GC(14) Desired survivor size 4456448 bytes, new threshold 1 (max threshold 6)
[2022-06-13T03:21:49.111+0000][1][gc,age       ] GC(14) Age table with threshold 1 (max threshold 6)
[2022-06-13T03:21:49.111+0000][1][gc,age       ] GC(14) - age   1:    8377832 bytes,    8377832 total
[2022-06-13T03:21:49.111+0000][1][gc,heap      ] GC(14) ParNew: 78656K->8704K(78656K)
[2022-06-13T03:21:49.112+0000][1][gc,heap      ] GC(14) CMS: 26234K->40134K(174784K)
[2022-06-13T03:21:49.112+0000][1][gc,metaspace ] GC(14) Metaspace: 27289K->27289K(1075200K)
[2022-06-13T03:21:49.112+0000][1][gc           ] GC(14) Pause Young (Allocation Failure) 102M->47M(247M) 40.976ms
[2022-06-13T03:21:49.112+0000][1][gc,cpu       ] GC(14) User=0.14s Sys=0.00s Real=0.04s
[2022-06-13T03:21:49.112+0000][1][safepoint    ] Leaving safepoint region
[2022-06-13T03:21:49.112+0000][1][safepoint    ] Total time for which application threads were stopped: 0.0442089 seconds, Stopping threads took: 0.0020143 seconds
[2022-06-13T03:21:49.330+0000][1][safepoint    ] Application time: 0.2172126 seconds
[2022-06-13T03:21:49.331+0000][1][safepoint    ] Entering safepoint region: RevokeBias
[2022-06-13T03:21:49.331+0000][1][safepoint    ] Leaving safepoint region
[2022-06-13T03:21:49.331+0000][1][safepoint    ] Total time for which application threads were stopped: 0.0005211 seconds, Stopping threads took: 0.0002432 seconds
[2022-06-13T03:21:49.589+0000][1][safepoint    ] Application time: 0.2578351 seconds
[2022-06-13T03:21:49.609+0000][1][safepoint    ] Entering safepoint region: RevokeBias
[2022-06-13T03:21:49.610+0000][1][safepoint    ] Leaving safepoint region
[2022-06-13T03:21:49.610+0000][1][safepoint    ] Total time for which application threads were stopped: 0.0107528 seconds, Stopping threads took: 0.0103761 seconds
[2022-06-13T03:21:49.765+0000][1][safepoint    ] Application time: 0.1549845 seconds
[2022-06-13T03:21:49.765+0000][1][safepoint    ] Entering safepoint region: GenCollectForAllocation
[2022-06-13T03:21:49.766+0000][1][gc,start     ] GC(15) Pause Young (Allocation Failure)
[2022-06-13T03:21:49.766+0000][1][gc,task      ] GC(15) Using 5 workers of 13 for evacuation
[2022-06-13T03:21:49.785+0000][1][gc,age       ] GC(15) Desired survivor size 4456448 bytes, new threshold 1 (max threshold 6)
[2022-06-13T03:21:49.786+0000][1][gc,age       ] GC(15) Age table with threshold 1 (max threshold 6)
[2022-06-13T03:21:49.786+0000][1][gc,age       ] GC(15) - age   1:    7031192 bytes,    7031192 total
[2022-06-13T03:21:49.786+0000][1][gc,heap      ] GC(15) ParNew: 78656K->8704K(78656K)
[2022-06-13T03:21:49.787+0000][1][gc,heap      ] GC(15) CMS: 40134K->49230K(174784K)
[2022-06-13T03:21:49.787+0000][1][gc,metaspace ] GC(15) Metaspace: 32390K->32390K(1079296K)
[2022-06-13T03:21:49.787+0000][1][gc           ] GC(15) Pause Young (Allocation Failure) 116M->56M(247M) 21.348ms
[2022-06-13T03:21:49.787+0000][1][gc,cpu       ] GC(15) User=0.07s Sys=0.00s Real=0.02s
[2022-06-13T03:21:49.787+0000][1][safepoint    ] Leaving safepoint region
[2022-06-13T03:21:49.787+0000][1][safepoint    ] Total time for which application threads were stopped: 0.0221359 seconds, Stopping threads took: 0.0001857 seconds
[2022-06-13T03:21:49.902+0000][1][safepoint    ] Application time: 0.1142889 seconds
[2022-06-13T03:21:49.902+0000][1][safepoint    ] Entering safepoint region: GenCollectForAllocation
[2022-06-13T03:21:49.903+0000][1][gc,start     ] GC(16) Pause Young (Allocation Failure)
[2022-06-13T03:21:49.903+0000][1][gc,task      ] GC(16) Using 5 workers of 13 for evacuation
[2022-06-13T03:21:49.913+0000][1][gc,age       ] GC(16) Desired survivor size 4456448 bytes, new threshold 6 (max threshold 6)
[2022-06-13T03:21:49.913+0000][1][gc,age       ] GC(16) Age table with threshold 6 (max threshold 6)
[2022-06-13T03:21:49.915+0000][1][gc,age       ] GC(16) - age   1:     330144 bytes,     330144 total
[2022-06-13T03:21:49.915+0000][1][gc,heap      ] GC(16) ParNew: 78656K->5737K(78656K)
[2022-06-13T03:21:49.915+0000][1][gc,heap      ] GC(16) CMS: 49230K->56153K(174784K)
[2022-06-13T03:21:49.916+0000][1][gc,metaspace ] GC(16) Metaspace: 33021K->33021K(1079296K)
[2022-06-13T03:21:49.916+0000][1][gc           ] GC(16) Pause Young (Allocation Failure) 124M->60M(247M) 13.018ms
[2022-06-13T03:21:49.916+0000][1][gc,cpu       ] GC(16) User=0.03s Sys=0.00s Real=0.01s
[2022-06-13T03:21:49.916+0000][1][safepoint    ] Leaving safepoint region
[2022-06-13T03:21:49.916+0000][1][safepoint    ] Total time for which application threads were stopped: 0.0138447 seconds, Stopping threads took: 0.0002289 seconds
[2022-06-13T03:21:50.159+0000][1][safepoint    ] Application time: 0.2422086 seconds
[2022-06-13T03:21:50.160+0000][1][safepoint    ] Entering safepoint region: CollectForMetadataAllocation
[2022-06-13T03:21:50.161+0000][1][safepoint    ] Leaving safepoint region
[2022-06-13T03:21:50.161+0000][1][safepoint    ] Total time for which application threads were stopped: 0.0005811 seconds, Stopping threads took: 0.0002258 seconds
[2022-06-13T03:21:50.192+0000][1][safepoint    ] Application time: 0.0305164 seconds
[2022-06-13T03:21:50.192+0000][1][safepoint    ] Entering safepoint region: CollectForMetadataAllocation
[2022-06-13T03:21:50.192+0000][1][safepoint    ] Leaving safepoint region
[2022-06-13T03:21:50.193+0000][1][safepoint    ] Total time for which application threads were stopped: 0.0004908 seconds, Stopping threads took: 0.0001922 seconds
[2022-06-13T03:21:50.207+0000][1][safepoint    ] Application time: 0.0143660 seconds
[2022-06-13T03:21:50.208+0000][1][safepoint    ] Entering safepoint region: CollectForMetadataAllocation
[2022-06-13T03:21:50.208+0000][1][safepoint    ] Leaving safepoint region
[2022-06-13T03:21:50.208+0000][1][safepoint    ] Total time for which application threads were stopped: 0.0005379 seconds, Stopping threads took: 0.0002125 seconds
[2022-06-13T03:21:50.225+0000][1][safepoint    ] Application time: 0.0169910 seconds
[2022-06-13T03:21:50.226+0000][1][safepoint    ] Entering safepoint region: CollectForMetadataAllocation
[2022-06-13T03:21:50.226+0000][1][safepoint    ] Leaving safepoint region
[2022-06-13T03:21:50.226+0000][1][safepoint    ] Total time for which application threads were stopped: 0.0005393 seconds, Stopping threads took: 0.0002298 seconds
[2022-06-13T03:21:50.243+0000][1][safepoint    ] Application time: 0.0167172 seconds
[2022-06-13T03:21:50.243+0000][1][safepoint    ] Entering safepoint region: CollectForMetadataAllocation
[2022-06-13T03:21:50.244+0000][1][safepoint    ] Leaving safepoint region
[2022-06-13T03:21:50.244+0000][1][safepoint    ] Total time for which application threads were stopped: 0.0004777 seconds, Stopping threads took: 0.0001664 seconds
[2022-06-13T03:21:50.257+0000][1][safepoint    ] Application time: 0.0128733 seconds
[2022-06-13T03:21:50.257+0000][1][safepoint    ] Entering safepoint region: CollectForMetadataAllocation
[2022-06-13T03:21:50.258+0000][1][safepoint    ] Leaving safepoint region
[2022-06-13T03:21:50.258+0000][1][safepoint    ] Total time for which application threads were stopped: 0.0004492 seconds, Stopping threads took: 0.0001826 seconds
[2022-06-13T03:21:50.277+0000][1][safepoint    ] Application time: 0.0194383 seconds
[2022-06-13T03:21:50.278+0000][1][safepoint    ] Entering safepoint region: CollectForMetadataAllocation
[2022-06-13T03:21:50.278+0000][1][safepoint    ] Leaving safepoint region
[2022-06-13T03:21:50.278+0000][1][safepoint    ] Total time for which application threads were stopped: 0.0002951 seconds, Stopping threads took: 0.0000982 seconds
[2022-06-13T03:21:50.279+0000][1][safepoint    ] Application time: 0.0011568 seconds
[2022-06-13T03:21:50.279+0000][1][safepoint    ] Entering safepoint region: RevokeBias
[2022-06-13T03:21:50.279+0000][1][safepoint    ] Leaving safepoint region
[2022-06-13T03:21:50.280+0000][1][safepoint    ] Total time for which application threads were stopped: 0.0003030 seconds, Stopping threads took: 0.0001292 seconds
[2022-06-13T03:21:50.297+0000][1][safepoint    ] Application time: 0.0168846 seconds
[2022-06-13T03:21:50.297+0000][1][safepoint    ] Entering safepoint region: CollectForMetadataAllocation
[2022-06-13T03:21:50.297+0000][1][safepoint    ] Leaving safepoint region
[2022-06-13T03:21:50.297+0000][1][safepoint    ] Total time for which application threads were stopped: 0.0005305 seconds, Stopping threads took: 0.0002151 seconds
[2022-06-13T03:21:50.320+0000][1][safepoint    ] Application time: 0.0220781 seconds
[2022-06-13T03:21:50.320+0000][1][safepoint    ] Entering safepoint region: CollectForMetadataAllocation
[2022-06-13T03:21:50.321+0000][1][safepoint    ] Leaving safepoint region
[2022-06-13T03:21:50.321+0000][1][safepoint    ] Total time for which application threads were stopped: 0.0008095 seconds, Stopping threads took: 0.0004693 seconds
[2022-06-13T03:21:50.341+0000][1][safepoint    ] Application time: 0.0204424 seconds
[2022-06-13T03:21:50.342+0000][1][safepoint    ] Entering safepoint region: CollectForMetadataAllocation
[2022-06-13T03:21:50.342+0000][1][safepoint    ] Leaving safepoint region
[2022-06-13T03:21:50.342+0000][1][safepoint    ] Total time for which application threads were stopped: 0.0004759 seconds, Stopping threads took: 0.0001689 seconds
[2022-06-13T03:21:50.356+0000][1][safepoint    ] Application time: 0.0136992 seconds
[2022-06-13T03:21:50.356+0000][1][safepoint    ] Entering safepoint region: CollectForMetadataAllocation
[2022-06-13T03:21:50.356+0000][1][safepoint    ] Leaving safepoint region
[2022-06-13T03:21:50.357+0000][1][safepoint    ] Total time for which application threads were stopped: 0.0004064 seconds, Stopping threads took: 0.0001462 seconds
[2022-06-13T03:21:50.375+0000][1][safepoint    ] Application time: 0.0180282 seconds
[2022-06-13T03:21:50.375+0000][1][safepoint    ] Entering safepoint region: CollectForMetadataAllocation
[2022-06-13T03:21:50.375+0000][1][safepoint    ] Leaving safepoint region
[2022-06-13T03:21:50.375+0000][1][safepoint    ] Total time for which application threads were stopped: 0.0004587 seconds, Stopping threads took: 0.0001809 seconds
[2022-06-13T03:21:50.390+0000][1][safepoint    ] Application time: 0.0143027 seconds
[2022-06-13T03:21:50.390+0000][1][safepoint    ] Entering safepoint region: CollectForMetadataAllocation
[2022-06-13T03:21:50.390+0000][1][safepoint    ] Leaving safepoint region
[2022-06-13T03:21:50.391+0000][1][safepoint    ] Total time for which application threads were stopped: 0.0004265 seconds, Stopping threads took: 0.0001805 seconds
[2022-06-13T03:21:50.405+0000][1][safepoint    ] Application time: 0.0138270 seconds
[2022-06-13T03:21:50.405+0000][1][safepoint    ] Entering safepoint region: CollectForMetadataAllocation
[2022-06-13T03:21:50.405+0000][1][safepoint    ] Leaving safepoint region
[2022-06-13T03:21:50.405+0000][1][safepoint    ] Total time for which application threads were stopped: 0.0003020 seconds, Stopping threads took: 0.0001110 seconds
[2022-06-13T03:21:50.422+0000][1][safepoint    ] Application time: 0.0168228 seconds
[2022-06-13T03:21:50.422+0000][1][safepoint    ] Entering safepoint region: CollectForMetadataAllocation
[2022-06-13T03:21:50.423+0000][1][safepoint    ] Leaving safepoint region
[2022-06-13T03:21:50.423+0000][1][safepoint    ] Total time for which application threads were stopped: 0.0004657 seconds, Stopping threads took: 0.0001990 seconds
[2022-06-13T03:21:50.437+0000][1][safepoint    ] Application time: 0.0137756 seconds
[2022-06-13T03:21:50.437+0000][1][safepoint    ] Entering safepoint region: CollectForMetadataAllocation
[2022-06-13T03:21:50.437+0000][1][safepoint    ] Leaving safepoint region
[2022-06-13T03:21:50.437+0000][1][safepoint    ] Total time for which application threads were stopped: 0.0004310 seconds, Stopping threads took: 0.0001620 seconds
[2022-06-13T03:21:50.456+0000][1][safepoint    ] Application time: 0.0184948 seconds
[2022-06-13T03:21:50.456+0000][1][safepoint    ] Entering safepoint region: CollectForMetadataAllocation
[2022-06-13T03:21:50.457+0000][1][safepoint    ] Leaving safepoint region
[2022-06-13T03:21:50.457+0000][1][safepoint    ] Total time for which application threads were stopped: 0.0003831 seconds, Stopping threads took: 0.0001586 seconds
[2022-06-13T03:21:50.468+0000][1][safepoint    ] Application time: 0.0108443 seconds
[2022-06-13T03:21:50.468+0000][1][safepoint    ] Entering safepoint region: CollectForMetadataAllocation
[2022-06-13T03:21:50.468+0000][1][safepoint    ] Leaving safepoint region
[2022-06-13T03:21:50.468+0000][1][safepoint    ] Total time for which application threads were stopped: 0.0003592 seconds, Stopping threads took: 0.0001029 seconds
[2022-06-13T03:21:50.476+0000][1][safepoint    ] Application time: 0.0076665 seconds
[2022-06-13T03:21:50.476+0000][1][safepoint    ] Entering safepoint region: CollectForMetadataAllocation
[2022-06-13T03:21:50.476+0000][1][safepoint    ] Leaving safepoint region
[2022-06-13T03:21:50.477+0000][1][safepoint    ] Total time for which application threads were stopped: 0.0003494 seconds, Stopping threads took: 0.0001291 seconds
[2022-06-13T03:21:50.506+0000][1][safepoint    ] Application time: 0.0290906 seconds
[2022-06-13T03:21:50.506+0000][1][safepoint    ] Entering safepoint region: CollectForMetadataAllocation
[2022-06-13T03:21:50.506+0000][1][safepoint    ] Leaving safepoint region
[2022-06-13T03:21:50.507+0000][1][safepoint    ] Total time for which application threads were stopped: 0.0004494 seconds, Stopping threads took: 0.0002085 seconds
[2022-06-13T03:21:50.528+0000][1][safepoint    ] Application time: 0.0214175 seconds
[2022-06-13T03:21:50.528+0000][1][safepoint    ] Entering safepoint region: CollectForMetadataAllocation
[2022-06-13T03:21:50.529+0000][1][safepoint    ] Leaving safepoint region
[2022-06-13T03:21:50.529+0000][1][safepoint    ] Total time for which application threads were stopped: 0.0004974 seconds, Stopping threads took: 0.0002016 seconds
[2022-06-13T03:21:50.546+0000][1][safepoint    ] Application time: 0.0172936 seconds
[2022-06-13T03:21:50.547+0000][1][safepoint    ] Entering safepoint region: CollectForMetadataAllocation
[2022-06-13T03:21:50.547+0000][1][safepoint    ] Leaving safepoint region
[2022-06-13T03:21:50.547+0000][1][safepoint    ] Total time for which application threads were stopped: 0.0003928 seconds, Stopping threads took: 0.0001442 seconds
[2022-06-13T03:21:50.566+0000][1][safepoint    ] Application time: 0.0192485 seconds
[2022-06-13T03:21:50.567+0000][1][safepoint    ] Entering safepoint region: CollectForMetadataAllocation
[2022-06-13T03:21:50.567+0000][1][safepoint    ] Leaving safepoint region
[2022-06-13T03:21:50.567+0000][1][safepoint    ] Total time for which application threads were stopped: 0.0004602 seconds, Stopping threads took: 0.0002297 seconds
[2022-06-13T03:21:50.577+0000][1][safepoint    ] Application time: 0.0099997 seconds
[2022-06-13T03:21:50.578+0000][1][safepoint    ] Entering safepoint region: RevokeBias
[2022-06-13T03:21:50.578+0000][1][safepoint    ] Leaving safepoint region
[2022-06-13T03:21:50.578+0000][1][safepoint    ] Total time for which application threads were stopped: 0.0004925 seconds, Stopping threads took: 0.0002875 seconds
[2022-06-13T03:21:50.578+0000][1][safepoint    ] Application time: 0.0001862 seconds
[2022-06-13T03:21:50.579+0000][1][safepoint    ] Entering safepoint region: RevokeBias
[2022-06-13T03:21:50.579+0000][1][safepoint    ] Leaving safepoint region
[2022-06-13T03:21:50.579+0000][1][safepoint    ] Total time for which application threads were stopped: 0.0006199 seconds, Stopping threads took: 0.0003795 seconds
[2022-06-13T03:21:50.579+0000][1][safepoint    ] Application time: 0.0001203 seconds
[2022-06-13T03:21:50.580+0000][1][safepoint    ] Entering safepoint region: RevokeBias
[2022-06-13T03:21:50.580+0000][1][safepoint    ] Leaving safepoint region
[2022-06-13T03:21:50.580+0000][1][safepoint    ] Total time for which application threads were stopped: 0.0003732 seconds, Stopping threads took: 0.0001659 seconds
[2022-06-13T03:21:50.584+0000][1][safepoint    ] Application time: 0.0035918 seconds
[2022-06-13T03:21:50.584+0000][1][safepoint    ] Entering safepoint region: CollectForMetadataAllocation
[2022-06-13T03:21:50.584+0000][1][safepoint    ] Leaving safepoint region
[2022-06-13T03:21:50.584+0000][1][safepoint    ] Total time for which application threads were stopped: 0.0003924 seconds, Stopping threads took: 0.0001389 seconds
[2022-06-13T03:21:50.923+0000][1][safepoint    ] Application time: 0.3383280 seconds
[2022-06-13T03:21:50.923+0000][1][safepoint    ] Entering safepoint region: CollectForMetadataAllocation
[2022-06-13T03:21:50.923+0000][1][safepoint    ] Leaving safepoint region
[2022-06-13T03:21:50.923+0000][1][safepoint    ] Total time for which application threads were stopped: 0.0003590 seconds, Stopping threads took: 0.0001364 seconds
[2022-06-13T03:21:50.994+0000][1][safepoint    ] Application time: 0.0706152 seconds
[2022-06-13T03:21:50.995+0000][1][safepoint    ] Entering safepoint region: CollectForMetadataAllocation
[2022-06-13T03:21:50.995+0000][1][safepoint    ] Leaving safepoint region
[2022-06-13T03:21:50.995+0000][1][safepoint    ] Total time for which application threads were stopped: 0.0005113 seconds, Stopping threads took: 0.0001804 seconds
[2022-06-13T03:21:51.151+0000][1][safepoint    ] Application time: 0.1558727 seconds
[2022-06-13T03:21:51.151+0000][1][safepoint    ] Entering safepoint region: GenCollectForAllocation
[2022-06-13T03:21:51.151+0000][1][gc,start     ] GC(17) Pause Young (Allocation Failure)
[2022-06-13T03:21:51.152+0000][1][gc,task      ] GC(17) Using 5 workers of 13 for evacuation
[2022-06-13T03:21:51.155+0000][1][gc,age       ] GC(17) Desired survivor size 4456448 bytes, new threshold 6 (max threshold 6)
[2022-06-13T03:21:51.155+0000][1][gc,age       ] GC(17) Age table with threshold 6 (max threshold 6)
[2022-06-13T03:21:51.155+0000][1][gc,age       ] GC(17) - age   1:    3985872 bytes,    3985872 total
[2022-06-13T03:21:51.155+0000][1][gc,age       ] GC(17) - age   2:     290728 bytes,    4276600 total
[2022-06-13T03:21:51.156+0000][1][gc,heap      ] GC(17) ParNew: 75689K->4818K(78656K)
[2022-06-13T03:21:51.156+0000][1][gc,heap      ] GC(17) CMS: 56153K->56153K(174784K)
[2022-06-13T03:21:51.156+0000][1][gc,metaspace ] GC(17) Metaspace: 42495K->42495K(1089536K)
[2022-06-13T03:21:51.156+0000][1][gc           ] GC(17) Pause Young (Allocation Failure) 128M->59M(247M) 4.817ms
[2022-06-13T03:21:51.157+0000][1][gc,cpu       ] GC(17) User=0.02s Sys=0.00s Real=0.00s
[2022-06-13T03:21:51.157+0000][1][safepoint    ] Leaving safepoint region
[2022-06-13T03:21:51.157+0000][1][safepoint    ] Total time for which application threads were stopped: 0.0055536 seconds, Stopping threads took: 0.0001029 seconds
[2022-06-13T03:21:51.157+0000][1][safepoint    ] Application time: 0.0001711 seconds
[2022-06-13T03:21:51.157+0000][1][safepoint    ] Entering safepoint region: CMS_Initial_Mark
[2022-06-13T03:21:51.158+0000][1][gc,start     ] GC(18) Pause Initial Mark
[2022-06-13T03:21:51.159+0000][1][gc           ] GC(18) Pause Initial Mark 60M->60M(247M) 1.180ms
[2022-06-13T03:21:51.159+0000][1][gc,cpu       ] GC(18) User=0.00s Sys=0.00s Real=0.00s
[2022-06-13T03:21:51.159+0000][1][safepoint    ] Leaving safepoint region
[2022-06-13T03:21:51.159+0000][1][safepoint    ] Total time for which application threads were stopped: 0.0020469 seconds, Stopping threads took: 0.0002369 seconds
[2022-06-13T03:21:51.160+0000][1][gc           ] GC(18) Concurrent Mark
[2022-06-13T03:21:51.160+0000][1][gc,task      ] GC(18) Using 4 workers of 4 for marking
[2022-06-13T03:21:51.161+0000][1][safepoint    ] Application time: 0.0014210 seconds
[2022-06-13T03:21:51.161+0000][1][safepoint    ] Entering safepoint region: RevokeBias
[2022-06-13T03:21:51.161+0000][1][safepoint    ] Leaving safepoint region
[2022-06-13T03:21:51.161+0000][1][safepoint    ] Total time for which application threads were stopped: 0.0003131 seconds, Stopping threads took: 0.0001456 seconds
[2022-06-13T03:21:51.175+0000][1][safepoint    ] Application time: 0.0132673 seconds
[2022-06-13T03:21:51.175+0000][1][safepoint    ] Entering safepoint region: CollectForMetadataAllocation
[2022-06-13T03:21:51.175+0000][1][safepoint    ] Leaving safepoint region
[2022-06-13T03:21:51.175+0000][1][safepoint    ] Total time for which application threads were stopped: 0.0003119 seconds, Stopping threads took: 0.0001226 seconds
[2022-06-13T03:21:51.179+0000][1][gc           ] GC(18) Concurrent Mark 19.654ms
[2022-06-13T03:21:51.180+0000][1][gc,cpu       ] GC(18) User=0.11s Sys=0.00s Real=0.02s
[2022-06-13T03:21:51.180+0000][1][gc           ] GC(18) Concurrent Preclean
[2022-06-13T03:21:51.181+0000][1][gc           ] GC(18) Concurrent Preclean 1.449ms
[2022-06-13T03:21:51.181+0000][1][gc,cpu       ] GC(18) User=0.01s Sys=0.00s Real=0.00s
[2022-06-13T03:21:51.181+0000][1][gc           ] GC(18) Concurrent Abortable Preclean
[2022-06-13T03:21:51.283+0000][1][safepoint    ] Application time: 0.1071217 seconds
[2022-06-13T03:21:51.283+0000][1][safepoint    ] Entering safepoint region: CollectForMetadataAllocation
[2022-06-13T03:21:51.283+0000][1][safepoint    ] Leaving safepoint region
[2022-06-13T03:21:51.284+0000][1][safepoint    ] Total time for which application threads were stopped: 0.0005271 seconds, Stopping threads took: 0.0001686 seconds
[2022-06-13T03:21:51.355+0000][1][safepoint    ] Application time: 0.0712095 seconds
[2022-06-13T03:21:51.355+0000][1][safepoint    ] Entering safepoint region: CollectForMetadataAllocation
[2022-06-13T03:21:51.356+0000][1][safepoint    ] Leaving safepoint region
[2022-06-13T03:21:51.356+0000][1][safepoint    ] Total time for which application threads were stopped: 0.0005773 seconds, Stopping threads took: 0.0001874 seconds
[2022-06-13T03:21:51.367+0000][1][safepoint    ] Application time: 0.0112461 seconds
[2022-06-13T03:21:51.368+0000][1][safepoint    ] Entering safepoint region: CollectForMetadataAllocation
[2022-06-13T03:21:51.369+0000][1][safepoint    ] Leaving safepoint region
[2022-06-13T03:21:51.369+0000][1][safepoint    ] Total time for which application threads were stopped: 0.0010975 seconds, Stopping threads took: 0.0002859 seconds
[2022-06-13T03:21:51.388+0000][1][safepoint    ] Application time: 0.0194176 seconds
[2022-06-13T03:21:51.389+0000][1][safepoint    ] Entering safepoint region: CollectForMetadataAllocation
[2022-06-13T03:21:51.389+0000][1][safepoint    ] Leaving safepoint region
[2022-06-13T03:21:51.389+0000][1][safepoint    ] Total time for which application threads were stopped: 0.0005892 seconds, Stopping threads took: 0.0001974 seconds
[2022-06-13T03:21:51.434+0000][1][safepoint    ] Application time: 0.0450569 seconds
[2022-06-13T03:21:51.435+0000][1][safepoint    ] Entering safepoint region: Deoptimize
[2022-06-13T03:21:51.435+0000][1][safepoint    ] Leaving safepoint region
[2022-06-13T03:21:51.436+0000][1][safepoint    ] Total time for which application threads were stopped: 0.0011180 seconds, Stopping threads took: 0.0001487 seconds
[2022-06-13T03:21:51.440+0000][1][safepoint    ] Application time: 0.0041410 seconds
[2022-06-13T03:21:51.441+0000][1][safepoint    ] Entering safepoint region: CollectForMetadataAllocation
[2022-06-13T03:21:51.441+0000][1][safepoint    ] Leaving safepoint region
[2022-06-13T03:21:51.441+0000][1][safepoint    ] Total time for which application threads were stopped: 0.0005155 seconds, Stopping threads took: 0.0003229 seconds
[2022-06-13T03:21:51.442+0000][1][gc           ] GC(18) Concurrent Abortable Preclean 260.873ms
[2022-06-13T03:21:51.442+0000][1][gc,cpu       ] GC(18) User=1.31s Sys=0.02s Real=0.26s
[2022-06-13T03:21:51.443+0000][1][safepoint    ] Application time: 0.0011562 seconds
[2022-06-13T03:21:51.443+0000][1][safepoint    ] Entering safepoint region: CMS_Final_Remark
[2022-06-13T03:21:51.443+0000][1][gc,start     ] GC(18) Pause Remark
[2022-06-13T03:21:51.465+0000][1][gc           ] GC(18) Pause Remark 94M->94M(247M) 21.448ms
[2022-06-13T03:21:51.465+0000][1][gc,cpu       ] GC(18) User=0.06s Sys=0.00s Real=0.02s
[2022-06-13T03:21:51.465+0000][1][safepoint    ] Leaving safepoint region
[2022-06-13T03:21:51.465+0000][1][safepoint    ] Total time for which application threads were stopped: 0.0223864 seconds, Stopping threads took: 0.0002113 seconds
[2022-06-13T03:21:51.465+0000][1][gc           ] GC(18) Concurrent Sweep
[2022-06-13T03:21:51.483+0000][1][safepoint    ] Application time: 0.0179794 seconds
[2022-06-13T03:21:51.484+0000][1][safepoint    ] Entering safepoint region: CollectForMetadataAllocation
[2022-06-13T03:21:51.485+0000][1][safepoint    ] Leaving safepoint region
[2022-06-13T03:21:51.485+0000][1][safepoint    ] Total time for which application threads were stopped: 0.0013232 seconds, Stopping threads took: 0.0001509 seconds
[2022-06-13T03:21:51.487+0000][1][gc           ] GC(18) Concurrent Sweep 21.508ms
[2022-06-13T03:21:51.487+0000][1][gc,cpu       ] GC(18) User=0.07s Sys=0.00s Real=0.02s
[2022-06-13T03:21:51.487+0000][1][gc           ] GC(18) Concurrent Reset
[2022-06-13T03:21:51.488+0000][1][gc           ] GC(18) Concurrent Reset 0.462ms
[2022-06-13T03:21:51.488+0000][1][gc,cpu       ] GC(18) User=0.00s Sys=0.00s Real=0.00s
[2022-06-13T03:21:51.488+0000][1][gc,heap      ] GC(18) Old: 56153K->55937K(174784K)
[2022-06-13T03:21:51.515+0000][1][safepoint    ] Application time: 0.0293645 seconds
[2022-06-13T03:21:51.515+0000][1][safepoint    ] Entering safepoint region: RevokeBias
[2022-06-13T03:21:51.515+0000][1][safepoint    ] Leaving safepoint region
[2022-06-13T03:21:51.515+0000][1][safepoint    ] Total time for which application threads were stopped: 0.0004510 seconds, Stopping threads took: 0.0002352 seconds
[2022-06-13T03:21:51.527+0000][1][safepoint    ] Application time: 0.0115674 seconds
[2022-06-13T03:21:51.527+0000][1][safepoint    ] Entering safepoint region: RevokeBias
[2022-06-13T03:21:51.528+0000][1][safepoint    ] Leaving safepoint region
[2022-06-13T03:21:51.528+0000][1][safepoint    ] Total time for which application threads were stopped: 0.0004142 seconds, Stopping threads took: 0.0002073 seconds
[2022-06-13T03:21:51.532+0000][1][safepoint    ] Application time: 0.0044326 seconds
[2022-06-13T03:21:51.533+0000][1][safepoint    ] Entering safepoint region: RevokeBias
[2022-06-13T03:21:51.533+0000][1][safepoint    ] Leaving safepoint region
[2022-06-13T03:21:51.533+0000][1][safepoint    ] Total time for which application threads were stopped: 0.0007040 seconds, Stopping threads took: 0.0002044 seconds
[2022-06-13T03:21:51.727+0000][1][safepoint    ] Application time: 0.1935249 seconds
[2022-06-13T03:21:51.728+0000][1][safepoint    ] Entering safepoint region: RevokeBias
[2022-06-13T03:21:51.728+0000][1][safepoint    ] Leaving safepoint region
[2022-06-13T03:21:51.728+0000][1][safepoint    ] Total time for which application threads were stopped: 0.0009741 seconds, Stopping threads took: 0.0003637 seconds
[2022-06-13T03:21:51.728+0000][1][safepoint    ] Application time: 0.0001275 seconds
[2022-06-13T03:21:51.729+0000][1][safepoint    ] Entering safepoint region: RevokeBias
[2022-06-13T03:21:51.729+0000][1][safepoint    ] Leaving safepoint region
[2022-06-13T03:21:51.729+0000][1][safepoint    ] Total time for which application threads were stopped: 0.0002944 seconds, Stopping threads took: 0.0001218 seconds
[2022-06-13T03:21:51.729+0000][1][safepoint    ] Application time: 0.0000799 seconds
[2022-06-13T03:21:51.729+0000][1][safepoint    ] Entering safepoint region: RevokeBias
[2022-06-13T03:21:51.729+0000][1][safepoint    ] Leaving safepoint region
[2022-06-13T03:21:51.730+0000][1][safepoint    ] Total time for which application threads were stopped: 0.0003320 seconds, Stopping threads took: 0.0001500 seconds
[2022-06-13T03:21:51.730+0000][1][safepoint    ] Application time: 0.0002018 seconds
[2022-06-13T03:21:51.730+0000][1][safepoint    ] Entering safepoint region: RevokeBias
[2022-06-13T03:21:51.730+0000][1][safepoint    ] Leaving safepoint region
[2022-06-13T03:21:51.730+0000][1][safepoint    ] Total time for which application threads were stopped: 0.0003151 seconds, Stopping threads took: 0.0001261 seconds
[2022-06-13T03:21:51.731+0000][1][safepoint    ] Application time: 0.0001829 seconds
[2022-06-13T03:21:51.731+0000][1][safepoint    ] Entering safepoint region: RevokeBias
[2022-06-13T03:21:51.731+0000][1][safepoint    ] Leaving safepoint region
[2022-06-13T03:21:51.731+0000][1][safepoint    ] Total time for which application threads were stopped: 0.0003147 seconds, Stopping threads took: 0.0001418 seconds
[2022-06-13T03:21:51.732+0000][1][safepoint    ] Application time: 0.0003125 seconds
[2022-06-13T03:21:51.732+0000][1][safepoint    ] Entering safepoint region: RevokeBias
[2022-06-13T03:21:51.732+0000][1][safepoint    ] Leaving safepoint region
[2022-06-13T03:21:51.732+0000][1][safepoint    ] Total time for which application threads were stopped: 0.0003782 seconds, Stopping threads took: 0.0002359 seconds
[2022-06-13T03:21:51.732+0000][1][safepoint    ] Application time: 0.0001060 seconds
[2022-06-13T03:21:51.733+0000][1][safepoint    ] Entering safepoint region: RevokeBias
[2022-06-13T03:21:51.733+0000][1][safepoint    ] Leaving safepoint region
[2022-06-13T03:21:51.733+0000][1][safepoint    ] Total time for which application threads were stopped: 0.0003017 seconds, Stopping threads took: 0.0001308 seconds
[2022-06-13T03:21:51.733+0000][1][safepoint    ] Application time: 0.0002341 seconds
[2022-06-13T03:21:51.733+0000][1][safepoint    ] Entering safepoint region: RevokeBias
[2022-06-13T03:21:51.734+0000][1][safepoint    ] Leaving safepoint region
[2022-06-13T03:21:51.734+0000][1][safepoint    ] Total time for which application threads were stopped: 0.0003136 seconds, Stopping threads took: 0.0001757 seconds
[2022-06-13T03:21:51.734+0000][1][safepoint    ] Application time: 0.0000866 seconds
[2022-06-13T03:21:51.734+0000][1][safepoint    ] Entering safepoint region: RevokeBias
[2022-06-13T03:21:51.734+0000][1][safepoint    ] Leaving safepoint region
[2022-06-13T03:21:51.734+0000][1][safepoint    ] Total time for which application threads were stopped: 0.0003162 seconds, Stopping threads took: 0.0001247 seconds
[2022-06-13T03:21:51.734+0000][1][safepoint    ] Application time: 0.0000925 seconds
[2022-06-13T03:21:51.735+0000][1][safepoint    ] Entering safepoint region: RevokeBias
[2022-06-13T03:21:51.735+0000][1][safepoint    ] Leaving safepoint region
[2022-06-13T03:21:51.735+0000][1][safepoint    ] Total time for which application threads were stopped: 0.0002863 seconds, Stopping threads took: 0.0001249 seconds
[2022-06-13T03:21:51.736+0000][1][safepoint    ] Application time: 0.0009621 seconds
[2022-06-13T03:21:51.736+0000][1][safepoint    ] Entering safepoint region: RevokeBias
[2022-06-13T03:21:51.736+0000][1][safepoint    ] Leaving safepoint region
[2022-06-13T03:21:51.737+0000][1][safepoint    ] Total time for which application threads were stopped: 0.0002998 seconds, Stopping threads took: 0.0001234 seconds
[2022-06-13T03:21:51.737+0000][1][safepoint    ] Application time: 0.0000671 seconds
[2022-06-13T03:21:51.737+0000][1][safepoint    ] Entering safepoint region: RevokeBias
[2022-06-13T03:21:51.737+0000][1][safepoint    ] Leaving safepoint region
[2022-06-13T03:21:51.737+0000][1][safepoint    ] Total time for which application threads were stopped: 0.0002915 seconds, Stopping threads took: 0.0000912 seconds
[2022-06-13T03:21:51.737+0000][1][safepoint    ] Application time: 0.0000741 seconds
[2022-06-13T03:21:51.737+0000][1][safepoint    ] Entering safepoint region: RevokeBias
[2022-06-13T03:21:51.738+0000][1][safepoint    ] Leaving safepoint region
[2022-06-13T03:21:51.738+0000][1][safepoint    ] Total time for which application threads were stopped: 0.0002622 seconds, Stopping threads took: 0.0001064 seconds
[2022-06-13T03:21:51.738+0000][1][safepoint    ] Application time: 0.0000724 seconds
[2022-06-13T03:21:51.738+0000][1][safepoint    ] Entering safepoint region: RevokeBias
[2022-06-13T03:21:51.738+0000][1][safepoint    ] Leaving safepoint region
[2022-06-13T03:21:51.738+0000][1][safepoint    ] Total time for which application threads were stopped: 0.0003183 seconds, Stopping threads took: 0.0001237 seconds
[2022-06-13T03:21:51.738+0000][1][safepoint    ] Application time: 0.0000620 seconds
[2022-06-13T03:21:51.739+0000][1][safepoint    ] Entering safepoint region: RevokeBias
[2022-06-13T03:21:51.739+0000][1][safepoint    ] Leaving safepoint region
[2022-06-13T03:21:51.739+0000][1][safepoint    ] Total time for which application threads were stopped: 0.0003074 seconds, Stopping threads took: 0.0001072 seconds
[2022-06-13T03:21:51.739+0000][1][safepoint    ] Application time: 0.0000513 seconds
[2022-06-13T03:21:51.739+0000][1][safepoint    ] Entering safepoint region: RevokeBias
[2022-06-13T03:21:51.739+0000][1][safepoint    ] Leaving safepoint region
[2022-06-13T03:21:51.740+0000][1][safepoint    ] Total time for which application threads were stopped: 0.0002927 seconds, Stopping threads took: 0.0001516 seconds
[2022-06-13T03:21:51.740+0000][1][safepoint    ] Application time: 0.0000779 seconds
[2022-06-13T03:21:51.740+0000][1][safepoint    ] Entering safepoint region: RevokeBias
[2022-06-13T03:21:51.740+0000][1][safepoint    ] Leaving safepoint region
[2022-06-13T03:21:51.740+0000][1][safepoint    ] Total time for which application threads were stopped: 0.0002582 seconds, Stopping threads took: 0.0001166 seconds
[2022-06-13T03:21:51.740+0000][1][safepoint    ] Application time: 0.0000929 seconds
[2022-06-13T03:21:51.740+0000][1][safepoint    ] Entering safepoint region: RevokeBias
[2022-06-13T03:21:51.741+0000][1][safepoint    ] Leaving safepoint region
[2022-06-13T03:21:51.741+0000][1][safepoint    ] Total time for which application threads were stopped: 0.0003020 seconds, Stopping threads took: 0.0001326 seconds
[2022-06-13T03:21:51.741+0000][1][safepoint    ] Application time: 0.0000902 seconds
[2022-06-13T03:21:51.741+0000][1][safepoint    ] Entering safepoint region: RevokeBias
[2022-06-13T03:21:51.741+0000][1][safepoint    ] Leaving safepoint region
[2022-06-13T03:21:51.741+0000][1][safepoint    ] Total time for which application threads were stopped: 0.0002336 seconds, Stopping threads took: 0.0000939 seconds
[2022-06-13T03:21:51.741+0000][1][safepoint    ] Application time: 0.0000828 seconds
[2022-06-13T03:21:51.742+0000][1][safepoint    ] Entering safepoint region: RevokeBias
[2022-06-13T03:21:51.742+0000][1][safepoint    ] Leaving safepoint region
[2022-06-13T03:21:51.742+0000][1][safepoint    ] Total time for which application threads were stopped: 0.0002835 seconds, Stopping threads took: 0.0001440 seconds
[2022-06-13T03:21:51.742+0000][1][safepoint    ] Application time: 0.0000818 seconds
[2022-06-13T03:21:51.742+0000][1][safepoint    ] Entering safepoint region: RevokeBias
[2022-06-13T03:21:51.742+0000][1][safepoint    ] Leaving safepoint region
[2022-06-13T03:21:51.742+0000][1][safepoint    ] Total time for which application threads were stopped: 0.0002866 seconds, Stopping threads took: 0.0001351 seconds
[2022-06-13T03:21:51.743+0000][1][safepoint    ] Application time: 0.0000721 seconds
[2022-06-13T03:21:51.743+0000][1][safepoint    ] Entering safepoint region: RevokeBias
[2022-06-13T03:21:51.743+0000][1][safepoint    ] Leaving safepoint region
[2022-06-13T03:21:51.743+0000][1][safepoint    ] Total time for which application threads were stopped: 0.0003074 seconds, Stopping threads took: 0.0001629 seconds
[2022-06-13T03:21:51.743+0000][1][safepoint    ] Application time: 0.0000748 seconds
[2022-06-13T03:21:51.743+0000][1][safepoint    ] Entering safepoint region: RevokeBias
[2022-06-13T03:21:51.743+0000][1][safepoint    ] Leaving safepoint region
[2022-06-13T03:21:51.744+0000][1][safepoint    ] Total time for which application threads were stopped: 0.0002650 seconds, Stopping threads took: 0.0001312 seconds
[2022-06-13T03:21:51.744+0000][1][safepoint    ] Application time: 0.0000860 seconds
[2022-06-13T03:21:51.744+0000][1][safepoint    ] Entering safepoint region: RevokeBias
[2022-06-13T03:21:51.744+0000][1][safepoint    ] Leaving safepoint region
[2022-06-13T03:21:51.744+0000][1][safepoint    ] Total time for which application threads were stopped: 0.0003077 seconds, Stopping threads took: 0.0001346 seconds
[2022-06-13T03:21:51.744+0000][1][safepoint    ] Application time: 0.0000818 seconds
[2022-06-13T03:21:51.745+0000][1][safepoint    ] Entering safepoint region: RevokeBias
[2022-06-13T03:21:51.745+0000][1][safepoint    ] Leaving safepoint region
[2022-06-13T03:21:51.745+0000][1][safepoint    ] Total time for which application threads were stopped: 0.0002998 seconds, Stopping threads took: 0.0001485 seconds
[2022-06-13T03:21:51.745+0000][1][safepoint    ] Application time: 0.0000688 seconds
[2022-06-13T03:21:51.745+0000][1][safepoint    ] Entering safepoint region: RevokeBias
[2022-06-13T03:21:51.745+0000][1][safepoint    ] Leaving safepoint region
[2022-06-13T03:21:51.745+0000][1][safepoint    ] Total time for which application threads were stopped: 0.0003540 seconds, Stopping threads took: 0.0001709 seconds
[2022-06-13T03:21:51.746+0000][1][safepoint    ] Application time: 0.0000734 seconds
[2022-06-13T03:21:51.746+0000][1][safepoint    ] Entering safepoint region: BulkRevokeBias
[2022-06-13T03:21:51.746+0000][1][safepoint    ] Leaving safepoint region
[2022-06-13T03:21:51.746+0000][1][safepoint    ] Total time for which application threads were stopped: 0.0003700 seconds, Stopping threads took: 0.0001785 seconds
[2022-06-13T03:21:51.747+0000][1][safepoint    ] Application time: 0.0003555 seconds
[2022-06-13T03:21:51.747+0000][1][safepoint    ] Entering safepoint region: RevokeBias
[2022-06-13T03:21:51.747+0000][1][safepoint    ] Leaving safepoint region
[2022-06-13T03:21:51.747+0000][1][safepoint    ] Total time for which application threads were stopped: 0.0003263 seconds, Stopping threads took: 0.0001782 seconds
[2022-06-13T03:21:51.747+0000][1][safepoint    ] Application time: 0.0001323 seconds
[2022-06-13T03:21:51.748+0000][1][safepoint    ] Entering safepoint region: RevokeBias
[2022-06-13T03:21:51.748+0000][1][safepoint    ] Leaving safepoint region
[2022-06-13T03:21:51.748+0000][1][safepoint    ] Total time for which application threads were stopped: 0.0002817 seconds, Stopping threads took: 0.0001437 seconds
[2022-06-13T03:21:51.748+0000][1][safepoint    ] Application time: 0.0001965 seconds
[2022-06-13T03:21:51.748+0000][1][safepoint    ] Entering safepoint region: RevokeBias
[2022-06-13T03:21:51.748+0000][1][safepoint    ] Leaving safepoint region
[2022-06-13T03:21:51.749+0000][1][safepoint    ] Total time for which application threads were stopped: 0.0002646 seconds, Stopping threads took: 0.0001183 seconds
[2022-06-13T03:21:51.749+0000][1][safepoint    ] Application time: 0.0001232 seconds
[2022-06-13T03:21:51.749+0000][1][safepoint    ] Entering safepoint region: RevokeBias
[2022-06-13T03:21:51.749+0000][1][safepoint    ] Leaving safepoint region
[2022-06-13T03:21:51.749+0000][1][safepoint    ] Total time for which application threads were stopped: 0.0003752 seconds, Stopping threads took: 0.0001739 seconds
[2022-06-13T03:21:51.749+0000][1][safepoint    ] Application time: 0.0001069 seconds
[2022-06-13T03:21:51.750+0000][1][safepoint    ] Entering safepoint region: RevokeBias
[2022-06-13T03:21:51.750+0000][1][safepoint    ] Leaving safepoint region
[2022-06-13T03:21:51.750+0000][1][safepoint    ] Total time for which application threads were stopped: 0.0003062 seconds, Stopping threads took: 0.0001402 seconds
[2022-06-13T03:21:51.750+0000][1][safepoint    ] Application time: 0.0000874 seconds
[2022-06-13T03:21:51.750+0000][1][safepoint    ] Entering safepoint region: RevokeBias
[2022-06-13T03:21:51.750+0000][1][safepoint    ] Leaving safepoint region
[2022-06-13T03:21:51.750+0000][1][safepoint    ] Total time for which application threads were stopped: 0.0002630 seconds, Stopping threads took: 0.0001096 seconds
[2022-06-13T03:21:51.751+0000][1][safepoint    ] Application time: 0.0000863 seconds
[2022-06-13T03:21:51.751+0000][1][safepoint    ] Entering safepoint region: RevokeBias
[2022-06-13T03:21:51.751+0000][1][safepoint    ] Leaving safepoint region
[2022-06-13T03:21:51.751+0000][1][safepoint    ] Total time for which application threads were stopped: 0.0002719 seconds, Stopping threads took: 0.0001259 seconds
[2022-06-13T03:21:51.751+0000][1][safepoint    ] Application time: 0.0000882 seconds
[2022-06-13T03:21:51.751+0000][1][safepoint    ] Entering safepoint region: RevokeBias
[2022-06-13T03:21:51.752+0000][1][safepoint    ] Leaving safepoint region
[2022-06-13T03:21:51.752+0000][1][safepoint    ] Total time for which application threads were stopped: 0.0005647 seconds, Stopping threads took: 0.0001628 seconds
[2022-06-13T03:21:51.752+0000][1][safepoint    ] Application time: 0.0001054 seconds
[2022-06-13T03:21:51.752+0000][1][safepoint    ] Entering safepoint region: RevokeBias
[2022-06-13T03:21:51.753+0000][1][safepoint    ] Leaving safepoint region
[2022-06-13T03:21:51.753+0000][1][safepoint    ] Total time for which application threads were stopped: 0.0003081 seconds, Stopping threads took: 0.0001698 seconds
[2022-06-13T03:21:51.753+0000][1][safepoint    ] Application time: 0.0000758 seconds
[2022-06-13T03:21:51.753+0000][1][safepoint    ] Entering safepoint region: RevokeBias
[2022-06-13T03:21:51.753+0000][1][safepoint    ] Leaving safepoint region
[2022-06-13T03:21:51.753+0000][1][safepoint    ] Total time for which application threads were stopped: 0.0003255 seconds, Stopping threads took: 0.0001531 seconds
[2022-06-13T03:21:51.754+0000][1][safepoint    ] Application time: 0.0000779 seconds
[2022-06-13T03:21:51.754+0000][1][safepoint    ] Entering safepoint region: RevokeBias
[2022-06-13T03:21:51.754+0000][1][safepoint    ] Leaving safepoint region
[2022-06-13T03:21:51.754+0000][1][safepoint    ] Total time for which application threads were stopped: 0.0002785 seconds, Stopping threads took: 0.0001210 seconds
[2022-06-13T03:21:51.754+0000][1][safepoint    ] Application time: 0.0000972 seconds
[2022-06-13T03:21:51.754+0000][1][safepoint    ] Entering safepoint region: RevokeBias
[2022-06-13T03:21:51.754+0000][1][safepoint    ] Leaving safepoint region
[2022-06-13T03:21:51.755+0000][1][safepoint    ] Total time for which application threads were stopped: 0.0002331 seconds, Stopping threads took: 0.0001016 seconds
[2022-06-13T03:21:51.755+0000][1][safepoint    ] Application time: 0.0000775 seconds
[2022-06-13T03:21:51.755+0000][1][safepoint    ] Entering safepoint region: RevokeBias
[2022-06-13T03:21:51.755+0000][1][safepoint    ] Leaving safepoint region
[2022-06-13T03:21:51.755+0000][1][safepoint    ] Total time for which application threads were stopped: 0.0002361 seconds, Stopping threads took: 0.0001181 seconds
[2022-06-13T03:21:51.755+0000][1][safepoint    ] Application time: 0.0000943 seconds
[2022-06-13T03:21:51.755+0000][1][safepoint    ] Entering safepoint region: RevokeBias
[2022-06-13T03:21:51.756+0000][1][safepoint    ] Leaving safepoint region
[2022-06-13T03:21:51.756+0000][1][safepoint    ] Total time for which application threads were stopped: 0.0002614 seconds, Stopping threads took: 0.0001204 seconds
[2022-06-13T03:21:51.756+0000][1][safepoint    ] Application time: 0.0000697 seconds
[2022-06-13T03:21:51.756+0000][1][safepoint    ] Entering safepoint region: RevokeBias
[2022-06-13T03:21:51.756+0000][1][safepoint    ] Leaving safepoint region
[2022-06-13T03:21:51.756+0000][1][safepoint    ] Total time for which application threads were stopped: 0.0002535 seconds, Stopping threads took: 0.0001264 seconds
[2022-06-13T03:21:51.756+0000][1][safepoint    ] Application time: 0.0000704 seconds
[2022-06-13T03:21:51.756+0000][1][safepoint    ] Entering safepoint region: RevokeBias
[2022-06-13T03:21:51.757+0000][1][safepoint    ] Leaving safepoint region
[2022-06-13T03:21:51.757+0000][1][safepoint    ] Total time for which application threads were stopped: 0.0002715 seconds, Stopping threads took: 0.0001599 seconds
[2022-06-13T03:21:51.757+0000][1][safepoint    ] Application time: 0.0000703 seconds
[2022-06-13T03:21:51.757+0000][1][safepoint    ] Entering safepoint region: RevokeBias
[2022-06-13T03:21:51.757+0000][1][safepoint    ] Leaving safepoint region
[2022-06-13T03:21:51.757+0000][1][safepoint    ] Total time for which application threads were stopped: 0.0002543 seconds, Stopping threads took: 0.0001209 seconds
[2022-06-13T03:21:51.757+0000][1][safepoint    ] Application time: 0.0000834 seconds
[2022-06-13T03:21:51.758+0000][1][safepoint    ] Entering safepoint region: RevokeBias
[2022-06-13T03:21:51.758+0000][1][safepoint    ] Leaving safepoint region
[2022-06-13T03:21:51.758+0000][1][safepoint    ] Total time for which application threads were stopped: 0.0002792 seconds, Stopping threads took: 0.0001278 seconds
[2022-06-13T03:21:51.758+0000][1][safepoint    ] Application time: 0.0000645 seconds
[2022-06-13T03:21:51.758+0000][1][safepoint    ] Entering safepoint region: RevokeBias
[2022-06-13T03:21:51.758+0000][1][safepoint    ] Leaving safepoint region
[2022-06-13T03:21:51.758+0000][1][safepoint    ] Total time for which application threads were stopped: 0.0002851 seconds, Stopping threads took: 0.0001312 seconds
[2022-06-13T03:21:51.759+0000][1][safepoint    ] Application time: 0.0000648 seconds
[2022-06-13T03:21:51.759+0000][1][safepoint    ] Entering safepoint region: RevokeBias
[2022-06-13T03:21:51.759+0000][1][safepoint    ] Leaving safepoint region
[2022-06-13T03:21:51.759+0000][1][safepoint    ] Total time for which application threads were stopped: 0.0002547 seconds, Stopping threads took: 0.0001090 seconds
[2022-06-13T03:21:51.759+0000][1][safepoint    ] Application time: 0.0000856 seconds
[2022-06-13T03:21:51.759+0000][1][safepoint    ] Entering safepoint region: RevokeBias
[2022-06-13T03:21:51.759+0000][1][safepoint    ] Leaving safepoint region
[2022-06-13T03:21:51.759+0000][1][safepoint    ] Total time for which application threads were stopped: 0.0002521 seconds, Stopping threads took: 0.0001097 seconds
[2022-06-13T03:21:51.760+0000][1][safepoint    ] Application time: 0.0000652 seconds
[2022-06-13T03:21:51.760+0000][1][safepoint    ] Entering safepoint region: RevokeBias
[2022-06-13T03:21:51.760+0000][1][safepoint    ] Leaving safepoint region
[2022-06-13T03:21:51.760+0000][1][safepoint    ] Total time for which application threads were stopped: 0.0002854 seconds, Stopping threads took: 0.0001440 seconds
[2022-06-13T03:21:51.760+0000][1][safepoint    ] Application time: 0.0000676 seconds
[2022-06-13T03:21:51.760+0000][1][safepoint    ] Entering safepoint region: BulkRevokeBias
[2022-06-13T03:21:51.761+0000][1][safepoint    ] Leaving safepoint region
[2022-06-13T03:21:51.761+0000][1][safepoint    ] Total time for which application threads were stopped: 0.0003277 seconds, Stopping threads took: 0.0001126 seconds
[2022-06-13T03:21:51.761+0000][1][safepoint    ] Application time: 0.0003285 seconds
[2022-06-13T03:21:51.761+0000][1][safepoint    ] Entering safepoint region: RevokeBias
[2022-06-13T03:21:51.761+0000][1][safepoint    ] Leaving safepoint region
[2022-06-13T03:21:51.762+0000][1][safepoint    ] Total time for which application threads were stopped: 0.0002787 seconds, Stopping threads took: 0.0001518 seconds
[2022-06-13T03:21:51.762+0000][1][safepoint    ] Application time: 0.0001454 seconds
[2022-06-13T03:21:51.762+0000][1][safepoint    ] Entering safepoint region: RevokeBias
[2022-06-13T03:21:51.762+0000][1][safepoint    ] Leaving safepoint region
[2022-06-13T03:21:51.762+0000][1][safepoint    ] Total time for which application threads were stopped: 0.0002974 seconds, Stopping threads took: 0.0001088 seconds
[2022-06-13T03:21:51.762+0000][1][safepoint    ] Application time: 0.0001244 seconds
[2022-06-13T03:21:51.763+0000][1][safepoint    ] Entering safepoint region: RevokeBias
[2022-06-13T03:21:51.763+0000][1][safepoint    ] Leaving safepoint region
[2022-06-13T03:21:51.763+0000][1][safepoint    ] Total time for which application threads were stopped: 0.0002607 seconds, Stopping threads took: 0.0001033 seconds
[2022-06-13T03:21:51.763+0000][1][safepoint    ] Application time: 0.0001884 seconds
[2022-06-13T03:21:51.763+0000][1][safepoint    ] Entering safepoint region: RevokeBias
[2022-06-13T03:21:51.764+0000][1][safepoint    ] Leaving safepoint region
[2022-06-13T03:21:51.764+0000][1][safepoint    ] Total time for which application threads were stopped: 0.0003176 seconds, Stopping threads took: 0.0001253 seconds
[2022-06-13T03:21:51.764+0000][1][safepoint    ] Application time: 0.0000981 seconds
[2022-06-13T03:21:51.764+0000][1][safepoint    ] Entering safepoint region: RevokeBias
[2022-06-13T03:21:51.764+0000][1][safepoint    ] Leaving safepoint region
[2022-06-13T03:21:51.764+0000][1][safepoint    ] Total time for which application threads were stopped: 0.0003809 seconds, Stopping threads took: 0.0002387 seconds
[2022-06-13T03:21:51.765+0000][1][safepoint    ] Application time: 0.0000940 seconds
[2022-06-13T03:21:51.765+0000][1][safepoint    ] Entering safepoint region: RevokeBias
[2022-06-13T03:21:51.765+0000][1][safepoint    ] Leaving safepoint region
[2022-06-13T03:21:51.765+0000][1][safepoint    ] Total time for which application threads were stopped: 0.0003464 seconds, Stopping threads took: 0.0001486 seconds
[2022-06-13T03:21:51.765+0000][1][safepoint    ] Application time: 0.0000805 seconds
[2022-06-13T03:21:51.765+0000][1][safepoint    ] Entering safepoint region: RevokeBias
[2022-06-13T03:21:51.766+0000][1][safepoint    ] Leaving safepoint region
[2022-06-13T03:21:51.766+0000][1][safepoint    ] Total time for which application threads were stopped: 0.0003690 seconds, Stopping threads took: 0.0001473 seconds
[2022-06-13T03:21:51.766+0000][1][safepoint    ] Application time: 0.0003801 seconds
[2022-06-13T03:21:51.767+0000][1][safepoint    ] Entering safepoint region: RevokeBias
[2022-06-13T03:21:51.767+0000][1][safepoint    ] Leaving safepoint region
[2022-06-13T03:21:51.767+0000][1][safepoint    ] Total time for which application threads were stopped: 0.0005267 seconds, Stopping threads took: 0.0003481 seconds
[2022-06-13T03:21:51.767+0000][1][safepoint    ] Application time: 0.0002054 seconds
[2022-06-13T03:21:51.767+0000][1][safepoint    ] Entering safepoint region: RevokeBias
[2022-06-13T03:21:51.768+0000][1][safepoint    ] Leaving safepoint region
[2022-06-13T03:21:51.768+0000][1][safepoint    ] Total time for which application threads were stopped: 0.0003201 seconds, Stopping threads took: 0.0001631 seconds
[2022-06-13T03:21:51.769+0000][1][safepoint    ] Application time: 0.0006299 seconds
[2022-06-13T03:21:51.769+0000][1][safepoint    ] Entering safepoint region: RevokeBias
[2022-06-13T03:21:51.769+0000][1][safepoint    ] Leaving safepoint region
[2022-06-13T03:21:51.769+0000][1][safepoint    ] Total time for which application threads were stopped: 0.0006347 seconds, Stopping threads took: 0.0004695 seconds
[2022-06-13T03:21:51.770+0000][1][safepoint    ] Application time: 0.0004256 seconds
[2022-06-13T03:21:51.770+0000][1][safepoint    ] Entering safepoint region: RevokeBias
[2022-06-13T03:21:51.770+0000][1][safepoint    ] Leaving safepoint region
[2022-06-13T03:21:51.770+0000][1][safepoint    ] Total time for which application threads were stopped: 0.0002599 seconds, Stopping threads took: 0.0001165 seconds
[2022-06-13T03:21:51.770+0000][1][safepoint    ] Application time: 0.0001132 seconds
[2022-06-13T03:21:51.771+0000][1][safepoint    ] Entering safepoint region: RevokeBias
[2022-06-13T03:21:51.771+0000][1][safepoint    ] Leaving safepoint region
[2022-06-13T03:21:51.771+0000][1][safepoint    ] Total time for which application threads were stopped: 0.0002812 seconds, Stopping threads took: 0.0001340 seconds
[2022-06-13T03:21:51.771+0000][1][safepoint    ] Application time: 0.0001467 seconds
[2022-06-13T03:21:51.771+0000][1][safepoint    ] Entering safepoint region: RevokeBias
[2022-06-13T03:21:51.772+0000][1][safepoint    ] Leaving safepoint region
[2022-06-13T03:21:51.772+0000][1][safepoint    ] Total time for which application threads were stopped: 0.0003974 seconds, Stopping threads took: 0.0002365 seconds
[2022-06-13T03:21:51.772+0000][1][safepoint    ] Application time: 0.0003062 seconds
[2022-06-13T03:21:51.773+0000][1][safepoint    ] Entering safepoint region: RevokeBias
[2022-06-13T03:21:51.773+0000][1][safepoint    ] Leaving safepoint region
[2022-06-13T03:21:51.773+0000][1][safepoint    ] Total time for which application threads were stopped: 0.0006685 seconds, Stopping threads took: 0.0004553 seconds
[2022-06-13T03:21:51.773+0000][1][safepoint    ] Application time: 0.0003176 seconds
[2022-06-13T03:21:51.774+0000][1][safepoint    ] Entering safepoint region: RevokeBias
[2022-06-13T03:21:51.774+0000][1][safepoint    ] Leaving safepoint region
[2022-06-13T03:21:51.774+0000][1][safepoint    ] Total time for which application threads were stopped: 0.0003109 seconds, Stopping threads took: 0.0001596 seconds
[2022-06-13T03:21:51.775+0000][1][safepoint    ] Application time: 0.0012774 seconds
[2022-06-13T03:21:51.775+0000][1][safepoint    ] Entering safepoint region: RevokeBias
[2022-06-13T03:21:51.776+0000][1][safepoint    ] Leaving safepoint region
[2022-06-13T03:21:51.776+0000][1][safepoint    ] Total time for which application threads were stopped: 0.0003501 seconds, Stopping threads took: 0.0001607 seconds
[2022-06-13T03:21:51.776+0000][1][safepoint    ] Application time: 0.0001537 seconds
[2022-06-13T03:21:51.776+0000][1][safepoint    ] Entering safepoint region: RevokeBias
[2022-06-13T03:21:51.776+0000][1][safepoint    ] Leaving safepoint region
[2022-06-13T03:21:51.776+0000][1][safepoint    ] Total time for which application threads were stopped: 0.0002521 seconds, Stopping threads took: 0.0001308 seconds
[2022-06-13T03:21:51.777+0000][1][safepoint    ] Application time: 0.0000798 seconds
[2022-06-13T03:21:51.777+0000][1][safepoint    ] Entering safepoint region: RevokeBias
[2022-06-13T03:21:51.777+0000][1][safepoint    ] Leaving safepoint region
[2022-06-13T03:21:51.777+0000][1][safepoint    ] Total time for which application threads were stopped: 0.0002612 seconds, Stopping threads took: 0.0001203 seconds
[2022-06-13T03:21:51.778+0000][1][safepoint    ] Application time: 0.0007878 seconds
[2022-06-13T03:21:51.778+0000][1][safepoint    ] Entering safepoint region: RevokeBias
[2022-06-13T03:21:51.778+0000][1][safepoint    ] Leaving safepoint region
[2022-06-13T03:21:51.778+0000][1][safepoint    ] Total time for which application threads were stopped: 0.0002864 seconds, Stopping threads took: 0.0001333 seconds
[2022-06-13T03:21:51.779+0000][1][safepoint    ] Application time: 0.0008384 seconds
[2022-06-13T03:21:51.779+0000][1][safepoint    ] Entering safepoint region: RevokeBias
[2022-06-13T03:21:51.780+0000][1][safepoint    ] Leaving safepoint region
[2022-06-13T03:21:51.780+0000][1][safepoint    ] Total time for which application threads were stopped: 0.0003376 seconds, Stopping threads took: 0.0001595 seconds
[2022-06-13T03:21:51.780+0000][1][safepoint    ] Application time: 0.0000741 seconds
[2022-06-13T03:21:51.780+0000][1][safepoint    ] Entering safepoint region: RevokeBias
[2022-06-13T03:21:51.780+0000][1][safepoint    ] Leaving safepoint region
[2022-06-13T03:21:51.780+0000][1][safepoint    ] Total time for which application threads were stopped: 0.0003421 seconds, Stopping threads took: 0.0001496 seconds
[2022-06-13T03:21:51.781+0000][1][safepoint    ] Application time: 0.0002163 seconds
[2022-06-13T03:21:51.781+0000][1][safepoint    ] Entering safepoint region: RevokeBias
[2022-06-13T03:21:51.781+0000][1][safepoint    ] Leaving safepoint region
[2022-06-13T03:21:51.781+0000][1][safepoint    ] Total time for which application threads were stopped: 0.0003605 seconds, Stopping threads took: 0.0002183 seconds
[2022-06-13T03:21:51.807+0000][1][safepoint    ] Application time: 0.0256134 seconds
[2022-06-13T03:21:51.807+0000][1][safepoint    ] Entering safepoint region: GenCollectForAllocation
[2022-06-13T03:21:51.807+0000][1][gc,start     ] GC(19) Pause Young (Allocation Failure)
[2022-06-13T03:21:51.808+0000][1][gc,task      ] GC(19) Using 5 workers of 13 for evacuation
[2022-06-13T03:21:51.812+0000][1][gc,age       ] GC(19) Desired survivor size 4456448 bytes, new threshold 2 (max threshold 6)
[2022-06-13T03:21:51.812+0000][1][gc,age       ] GC(19) Age table with threshold 2 (max threshold 6)
[2022-06-13T03:21:51.812+0000][1][gc,age       ] GC(19) - age   1:    2951360 bytes,    2951360 total
[2022-06-13T03:21:51.812+0000][1][gc,age       ] GC(19) - age   2:    3883320 bytes,    6834680 total
[2022-06-13T03:21:51.812+0000][1][gc,age       ] GC(19) - age   3:     290344 bytes,    7125024 total
[2022-06-13T03:21:51.813+0000][1][gc,heap      ] GC(19) ParNew: 74770K->8627K(78656K)
[2022-06-13T03:21:51.813+0000][1][gc,heap      ] GC(19) CMS: 55937K->55937K(174784K)
[2022-06-13T03:21:51.813+0000][1][gc,metaspace ] GC(19) Metaspace: 47499K->47499K(1093632K)
[2022-06-13T03:21:51.813+0000][1][gc           ] GC(19) Pause Young (Allocation Failure) 127M->63M(247M) 5.399ms
[2022-06-13T03:21:51.813+0000][1][gc,cpu       ] GC(19) User=0.03s Sys=0.00s Real=0.01s
[2022-06-13T03:21:51.813+0000][1][safepoint    ] Leaving safepoint region
[2022-06-13T03:21:51.813+0000][1][safepoint    ] Total time for which application threads were stopped: 0.0058944 seconds, Stopping threads took: 0.0001327 seconds
[2022-06-13T03:21:51.815+0000][1][safepoint    ] Application time: 0.0019030 seconds
[2022-06-13T03:21:51.815+0000][1][safepoint    ] Entering safepoint region: RevokeBias
[2022-06-13T03:21:51.815+0000][1][safepoint    ] Leaving safepoint region
[2022-06-13T03:21:51.816+0000][1][safepoint    ] Total time for which application threads were stopped: 0.0002360 seconds, Stopping threads took: 0.0001077 seconds
[2022-06-13T03:21:52.124+0000][1][safepoint    ] Application time: 0.3083883 seconds
[2022-06-13T03:21:52.124+0000][1][safepoint    ] Entering safepoint region: RevokeBias
[2022-06-13T03:21:52.125+0000][1][safepoint    ] Leaving safepoint region
[2022-06-13T03:21:52.125+0000][1][safepoint    ] Total time for which application threads were stopped: 0.0004308 seconds, Stopping threads took: 0.0002286 seconds
[2022-06-13T03:21:52.219+0000][1][safepoint    ] Application time: 0.0944724 seconds
[2022-06-13T03:21:52.220+0000][1][safepoint    ] Entering safepoint region: RevokeBias
[2022-06-13T03:21:52.220+0000][1][safepoint    ] Leaving safepoint region
[2022-06-13T03:21:52.220+0000][1][safepoint    ] Total time for which application threads were stopped: 0.0008209 seconds, Stopping threads took: 0.0001959 seconds
[2022-06-13T03:21:52.335+0000][1][safepoint    ] Application time: 0.1143514 seconds
[2022-06-13T03:21:52.335+0000][1][safepoint    ] Entering safepoint region: GenCollectForAllocation
[2022-06-13T03:21:52.336+0000][1][gc,start     ] GC(20) Pause Young (Allocation Failure)
[2022-06-13T03:21:52.336+0000][1][gc,task      ] GC(20) Using 5 workers of 13 for evacuation
[2022-06-13T03:21:52.350+0000][1][gc,age       ] GC(20) Desired survivor size 4456448 bytes, new threshold 2 (max threshold 6)
[2022-06-13T03:21:52.351+0000][1][gc,age       ] GC(20) Age table with threshold 2 (max threshold 6)
[2022-06-13T03:21:52.351+0000][1][gc,age       ] GC(20) - age   1:    1684160 bytes,    1684160 total
[2022-06-13T03:21:52.351+0000][1][gc,age       ] GC(20) - age   2:    2910520 bytes,    4594680 total
[2022-06-13T03:21:52.351+0000][1][gc,heap      ] GC(20) ParNew: 78579K->8704K(78656K)
[2022-06-13T03:21:52.351+0000][1][gc,heap      ] GC(20) CMS: 55937K->60155K(174784K)
[2022-06-13T03:21:52.351+0000][1][gc,metaspace ] GC(20) Metaspace: 54933K->54933K(1099776K)
[2022-06-13T03:21:52.351+0000][1][gc           ] GC(20) Pause Young (Allocation Failure) 131M->67M(247M) 15.510ms
[2022-06-13T03:21:52.352+0000][1][gc,cpu       ] GC(20) User=0.08s Sys=0.00s Real=0.02s
[2022-06-13T03:21:52.352+0000][1][safepoint    ] Leaving safepoint region
[2022-06-13T03:21:52.352+0000][1][safepoint    ] Total time for which application threads were stopped: 0.0166447 seconds, Stopping threads took: 0.0001753 seconds
[2022-06-13T03:21:52.396+0000][1][safepoint    ] Application time: 0.0441590 seconds
[2022-06-13T03:21:52.397+0000][1][safepoint    ] Entering safepoint region: RevokeBias
[2022-06-13T03:21:52.397+0000][1][safepoint    ] Leaving safepoint region
[2022-06-13T03:21:52.397+0000][1][safepoint    ] Total time for which application threads were stopped: 0.0004442 seconds, Stopping threads took: 0.0001944 seconds
[2022-06-13T03:21:52.397+0000][1][safepoint    ] Application time: 0.0001578 seconds
[2022-06-13T03:21:52.397+0000][1][safepoint    ] Entering safepoint region: RevokeBias
[2022-06-13T03:21:52.398+0000][1][safepoint    ] Leaving safepoint region
[2022-06-13T03:21:52.398+0000][1][safepoint    ] Total time for which application threads were stopped: 0.0002981 seconds, Stopping threads took: 0.0001314 seconds
[2022-06-13T03:21:52.398+0000][1][safepoint    ] Application time: 0.0001385 seconds
[2022-06-13T03:21:52.398+0000][1][safepoint    ] Entering safepoint region: RevokeBias
[2022-06-13T03:21:52.398+0000][1][safepoint    ] Leaving safepoint region
[2022-06-13T03:21:52.399+0000][1][safepoint    ] Total time for which application threads were stopped: 0.0003853 seconds, Stopping threads took: 0.0001746 seconds
[2022-06-13T03:21:52.402+0000][1][safepoint    ] Application time: 0.0028874 seconds
[2022-06-13T03:21:52.402+0000][1][safepoint    ] Entering safepoint region: RevokeBias
[2022-06-13T03:21:52.402+0000][1][safepoint    ] Leaving safepoint region
[2022-06-13T03:21:52.403+0000][1][safepoint    ] Total time for which application threads were stopped: 0.0005162 seconds, Stopping threads took: 0.0003269 seconds
[2022-06-13T03:21:52.566+0000][1][safepoint    ] Application time: 0.1637725 seconds
[2022-06-13T03:21:52.567+0000][1][safepoint    ] Entering safepoint region: Deoptimize
[2022-06-13T03:21:52.569+0000][1][safepoint    ] Leaving safepoint region
[2022-06-13T03:21:52.569+0000][1][safepoint    ] Total time for which application threads were stopped: 0.0023506 seconds, Stopping threads took: 0.0001046 seconds
[2022-06-13T03:21:52.667+0000][1][safepoint    ] Application time: 0.0978492 seconds
[2022-06-13T03:21:52.667+0000][1][safepoint    ] Entering safepoint region: BulkRevokeBias
[2022-06-13T03:21:52.668+0000][1][safepoint    ] Leaving safepoint region
[2022-06-13T03:21:52.668+0000][1][safepoint    ] Total time for which application threads were stopped: 0.0004883 seconds, Stopping threads took: 0.0002222 seconds
[2022-06-13T03:21:52.906+0000][1][safepoint    ] Application time: 0.2382656 seconds
[2022-06-13T03:21:52.907+0000][1][safepoint    ] Entering safepoint region: RevokeBias
[2022-06-13T03:21:52.907+0000][1][safepoint    ] Leaving safepoint region
[2022-06-13T03:21:52.907+0000][1][safepoint    ] Total time for which application threads were stopped: 0.0004745 seconds, Stopping threads took: 0.0002197 seconds
[2022-06-13T03:21:52.907+0000][1][safepoint    ] Application time: 0.0001160 seconds
[2022-06-13T03:21:52.907+0000][1][safepoint    ] Entering safepoint region: RevokeBias
[2022-06-13T03:21:52.908+0000][1][safepoint    ] Leaving safepoint region
[2022-06-13T03:21:52.908+0000][1][safepoint    ] Total time for which application threads were stopped: 0.0004778 seconds, Stopping threads took: 0.0002137 seconds
[2022-06-13T03:21:53.069+0000][1][safepoint    ] Application time: 0.1608595 seconds
[2022-06-13T03:21:53.069+0000][1][safepoint    ] Entering safepoint region: Deoptimize
[2022-06-13T03:21:53.070+0000][1][safepoint    ] Leaving safepoint region
[2022-06-13T03:21:53.070+0000][1][safepoint    ] Total time for which application threads were stopped: 0.0011173 seconds, Stopping threads took: 0.0001777 seconds
[2022-06-13T03:21:53.077+0000][1][safepoint    ] Application time: 0.0061149 seconds
[2022-06-13T03:21:53.077+0000][1][safepoint    ] Entering safepoint region: BulkRevokeBias
[2022-06-13T03:21:53.077+0000][1][safepoint    ] Leaving safepoint region
[2022-06-13T03:21:53.077+0000][1][safepoint    ] Total time for which application threads were stopped: 0.0003478 seconds, Stopping threads took: 0.0001512 seconds
[2022-06-13T03:21:53.078+0000][1][safepoint    ] Application time: 0.0010527 seconds
[2022-06-13T03:21:53.078+0000][1][safepoint    ] Entering safepoint region: RevokeBias
[2022-06-13T03:21:53.079+0000][1][safepoint    ] Leaving safepoint region
[2022-06-13T03:21:53.079+0000][1][safepoint    ] Total time for which application threads were stopped: 0.0002184 seconds, Stopping threads took: 0.0001014 seconds
[2022-06-13T03:21:53.079+0000][1][safepoint    ] Application time: 0.0003839 seconds
[2022-06-13T03:21:53.079+0000][1][safepoint    ] Entering safepoint region: RevokeBias
[2022-06-13T03:21:53.079+0000][1][safepoint    ] Leaving safepoint region
[2022-06-13T03:21:53.079+0000][1][safepoint    ] Total time for which application threads were stopped: 0.0001974 seconds, Stopping threads took: 0.0000901 seconds
[2022-06-13T03:21:53.080+0000][1][safepoint    ] Application time: 0.0000920 seconds
[2022-06-13T03:21:53.080+0000][1][safepoint    ] Entering safepoint region: RevokeBias
[2022-06-13T03:21:53.080+0000][1][safepoint    ] Leaving safepoint region
[2022-06-13T03:21:53.080+0000][1][safepoint    ] Total time for which application threads were stopped: 0.0001967 seconds, Stopping threads took: 0.0000871 seconds
[2022-06-13T03:21:53.080+0000][1][safepoint    ] Application time: 0.0001044 seconds
[2022-06-13T03:21:53.080+0000][1][safepoint    ] Entering safepoint region: RevokeBias
[2022-06-13T03:21:53.080+0000][1][safepoint    ] Leaving safepoint region
[2022-06-13T03:21:53.080+0000][1][safepoint    ] Total time for which application threads were stopped: 0.0002073 seconds, Stopping threads took: 0.0000885 seconds
[2022-06-13T03:21:53.081+0000][1][safepoint    ] Application time: 0.0001930 seconds
[2022-06-13T03:21:53.081+0000][1][safepoint    ] Entering safepoint region: RevokeBias
[2022-06-13T03:21:53.081+0000][1][safepoint    ] Leaving safepoint region
[2022-06-13T03:21:53.081+0000][1][safepoint    ] Total time for which application threads were stopped: 0.0002009 seconds, Stopping threads took: 0.0000919 seconds
[2022-06-13T03:21:53.081+0000][1][safepoint    ] Application time: 0.0001330 seconds
[2022-06-13T03:21:53.081+0000][1][safepoint    ] Entering safepoint region: RevokeBias
[2022-06-13T03:21:53.081+0000][1][safepoint    ] Leaving safepoint region
[2022-06-13T03:21:53.081+0000][1][safepoint    ] Total time for which application threads were stopped: 0.0001914 seconds, Stopping threads took: 0.0000873 seconds
[2022-06-13T03:21:53.082+0000][1][safepoint    ] Application time: 0.0001514 seconds
[2022-06-13T03:21:53.082+0000][1][safepoint    ] Entering safepoint region: RevokeBias
[2022-06-13T03:21:53.082+0000][1][safepoint    ] Leaving safepoint region
[2022-06-13T03:21:53.082+0000][1][safepoint    ] Total time for which application threads were stopped: 0.0001979 seconds, Stopping threads took: 0.0000889 seconds
[2022-06-13T03:21:53.082+0000][1][safepoint    ] Application time: 0.0000517 seconds
[2022-06-13T03:21:53.082+0000][1][safepoint    ] Entering safepoint region: RevokeBias
[2022-06-13T03:21:53.082+0000][1][safepoint    ] Leaving safepoint region
[2022-06-13T03:21:53.082+0000][1][safepoint    ] Total time for which application threads were stopped: 0.0002014 seconds, Stopping threads took: 0.0000936 seconds
[2022-06-13T03:21:53.084+0000][1][safepoint    ] Application time: 0.0010412 seconds
[2022-06-13T03:21:53.084+0000][1][safepoint    ] Entering safepoint region: RevokeBias
[2022-06-13T03:21:53.084+0000][1][safepoint    ] Leaving safepoint region
[2022-06-13T03:21:53.084+0000][1][safepoint    ] Total time for which application threads were stopped: 0.0002683 seconds, Stopping threads took: 0.0001180 seconds
[2022-06-13T03:21:53.084+0000][1][safepoint    ] Application time: 0.0001414 seconds
[2022-06-13T03:21:53.084+0000][1][safepoint    ] Entering safepoint region: RevokeBias
[2022-06-13T03:21:53.085+0000][1][safepoint    ] Leaving safepoint region
[2022-06-13T03:21:53.085+0000][1][safepoint    ] Total time for which application threads were stopped: 0.0003585 seconds, Stopping threads took: 0.0001773 seconds
[2022-06-13T03:21:53.087+0000][1][safepoint    ] Application time: 0.0023097 seconds
[2022-06-13T03:21:53.087+0000][1][safepoint    ] Entering safepoint region: Deoptimize
[2022-06-13T03:21:53.088+0000][1][safepoint    ] Leaving safepoint region
[2022-06-13T03:21:53.088+0000][1][safepoint    ] Total time for which application threads were stopped: 0.0008654 seconds, Stopping threads took: 0.0001797 seconds
[2022-06-13T03:21:53.089+0000][1][safepoint    ] Application time: 0.0004559 seconds
[2022-06-13T03:21:53.089+0000][1][safepoint    ] Entering safepoint region: RevokeBias
[2022-06-13T03:21:53.089+0000][1][safepoint    ] Leaving safepoint region
[2022-06-13T03:21:53.089+0000][1][safepoint    ] Total time for which application threads were stopped: 0.0002302 seconds, Stopping threads took: 0.0000837 seconds
[2022-06-13T03:21:53.105+0000][1][safepoint    ] Application time: 0.0157064 seconds
[2022-06-13T03:21:53.105+0000][1][safepoint    ] Entering safepoint region: RevokeBias
[2022-06-13T03:21:53.106+0000][1][safepoint    ] Leaving safepoint region
[2022-06-13T03:21:53.106+0000][1][safepoint    ] Total time for which application threads were stopped: 0.0003602 seconds, Stopping threads took: 0.0002075 seconds
[2022-06-13T03:21:53.106+0000][1][safepoint    ] Application time: 0.0000935 seconds
[2022-06-13T03:21:53.106+0000][1][safepoint    ] Entering safepoint region: RevokeBias
[2022-06-13T03:21:53.106+0000][1][safepoint    ] Leaving safepoint region
[2022-06-13T03:21:53.106+0000][1][safepoint    ] Total time for which application threads were stopped: 0.0003003 seconds, Stopping threads took: 0.0001582 seconds
[2022-06-13T03:21:53.108+0000][1][safepoint    ] Application time: 0.0012656 seconds
[2022-06-13T03:21:53.108+0000][1][safepoint    ] Entering safepoint region: RevokeBias
[2022-06-13T03:21:53.108+0000][1][safepoint    ] Leaving safepoint region
[2022-06-13T03:21:53.108+0000][1][safepoint    ] Total time for which application threads were stopped: 0.0002740 seconds, Stopping threads took: 0.0001357 seconds
[2022-06-13T03:21:53.108+0000][1][safepoint    ] Application time: 0.0001285 seconds
[2022-06-13T03:21:53.108+0000][1][safepoint    ] Entering safepoint region: RevokeBias
[2022-06-13T03:21:53.109+0000][1][safepoint    ] Leaving safepoint region
[2022-06-13T03:21:53.109+0000][1][safepoint    ] Total time for which application threads were stopped: 0.0003210 seconds, Stopping threads took: 0.0001937 seconds
[2022-06-13T03:21:53.109+0000][1][safepoint    ] Application time: 0.0003836 seconds
[2022-06-13T03:21:53.109+0000][1][safepoint    ] Entering safepoint region: RevokeBias
[2022-06-13T03:21:53.110+0000][1][safepoint    ] Leaving safepoint region
[2022-06-13T03:21:53.110+0000][1][safepoint    ] Total time for which application threads were stopped: 0.0003143 seconds, Stopping threads took: 0.0001574 seconds
[2022-06-13T03:21:53.110+0000][1][safepoint    ] Application time: 0.0001012 seconds
[2022-06-13T03:21:53.110+0000][1][safepoint    ] Entering safepoint region: RevokeBias
[2022-06-13T03:21:53.110+0000][1][safepoint    ] Leaving safepoint region
[2022-06-13T03:21:53.110+0000][1][safepoint    ] Total time for which application threads were stopped: 0.0003193 seconds, Stopping threads took: 0.0001665 seconds
[2022-06-13T03:21:53.111+0000][1][safepoint    ] Application time: 0.0007053 seconds
[2022-06-13T03:21:53.111+0000][1][safepoint    ] Entering safepoint region: RevokeBias
[2022-06-13T03:21:53.112+0000][1][safepoint    ] Leaving safepoint region
[2022-06-13T03:21:53.112+0000][1][safepoint    ] Total time for which application threads were stopped: 0.0004299 seconds, Stopping threads took: 0.0002530 seconds
[2022-06-13T03:21:53.112+0000][1][safepoint    ] Application time: 0.0001840 seconds
[2022-06-13T03:21:53.112+0000][1][safepoint    ] Entering safepoint region: RevokeBias
[2022-06-13T03:21:53.112+0000][1][safepoint    ] Leaving safepoint region
[2022-06-13T03:21:53.112+0000][1][safepoint    ] Total time for which application threads were stopped: 0.0002492 seconds, Stopping threads took: 0.0001044 seconds
[2022-06-13T03:21:53.113+0000][1][safepoint    ] Application time: 0.0000731 seconds
[2022-06-13T03:21:53.113+0000][1][safepoint    ] Entering safepoint region: RevokeBias
[2022-06-13T03:21:53.113+0000][1][safepoint    ] Leaving safepoint region
[2022-06-13T03:21:53.113+0000][1][safepoint    ] Total time for which application threads were stopped: 0.0002835 seconds, Stopping threads took: 0.0001168 seconds
[2022-06-13T03:21:53.114+0000][1][safepoint    ] Application time: 0.0004179 seconds
[2022-06-13T03:21:53.114+0000][1][safepoint    ] Entering safepoint region: RevokeBias
[2022-06-13T03:21:53.114+0000][1][safepoint    ] Leaving safepoint region
[2022-06-13T03:21:53.114+0000][1][safepoint    ] Total time for which application threads were stopped: 0.0003334 seconds, Stopping threads took: 0.0001827 seconds
[2022-06-13T03:21:53.114+0000][1][safepoint    ] Application time: 0.0002193 seconds
[2022-06-13T03:21:53.115+0000][1][safepoint    ] Entering safepoint region: RevokeBias
[2022-06-13T03:21:53.115+0000][1][safepoint    ] Leaving safepoint region
[2022-06-13T03:21:53.115+0000][1][safepoint    ] Total time for which application threads were stopped: 0.0003312 seconds, Stopping threads took: 0.0001780 seconds
[2022-06-13T03:21:53.116+0000][1][safepoint    ] Application time: 0.0005657 seconds
[2022-06-13T03:21:53.116+0000][1][safepoint    ] Entering safepoint region: RevokeBias
[2022-06-13T03:21:53.116+0000][1][safepoint    ] Leaving safepoint region
[2022-06-13T03:21:53.116+0000][1][safepoint    ] Total time for which application threads were stopped: 0.0003990 seconds, Stopping threads took: 0.0001751 seconds
[2022-06-13T03:21:53.118+0000][1][safepoint    ] Application time: 0.0013682 seconds
[2022-06-13T03:21:53.118+0000][1][safepoint    ] Entering safepoint region: RevokeBias
[2022-06-13T03:21:53.118+0000][1][safepoint    ] Leaving safepoint region
[2022-06-13T03:21:53.118+0000][1][safepoint    ] Total time for which application threads were stopped: 0.0003785 seconds, Stopping threads took: 0.0001895 seconds
[2022-06-13T03:21:53.119+0000][1][safepoint    ] Application time: 0.0004212 seconds
[2022-06-13T03:21:53.119+0000][1][safepoint    ] Entering safepoint region: RevokeBias
[2022-06-13T03:21:53.119+0000][1][safepoint    ] Leaving safepoint region
[2022-06-13T03:21:53.119+0000][1][safepoint    ] Total time for which application threads were stopped: 0.0004587 seconds, Stopping threads took: 0.0002518 seconds
[2022-06-13T03:21:53.120+0000][1][safepoint    ] Application time: 0.0003241 seconds
[2022-06-13T03:21:53.120+0000][1][safepoint    ] Entering safepoint region: RevokeBias
[2022-06-13T03:21:53.120+0000][1][safepoint    ] Leaving safepoint region
[2022-06-13T03:21:53.120+0000][1][safepoint    ] Total time for which application threads were stopped: 0.0002737 seconds, Stopping threads took: 0.0001662 seconds
[2022-06-13T03:21:53.120+0000][1][safepoint    ] Application time: 0.0000976 seconds
[2022-06-13T03:21:53.121+0000][1][safepoint    ] Entering safepoint region: RevokeBias
[2022-06-13T03:21:53.121+0000][1][safepoint    ] Leaving safepoint region
[2022-06-13T03:21:53.121+0000][1][safepoint    ] Total time for which application threads were stopped: 0.0002351 seconds, Stopping threads took: 0.0001261 seconds
[2022-06-13T03:21:53.121+0000][1][safepoint    ] Application time: 0.0004745 seconds
[2022-06-13T03:21:53.122+0000][1][safepoint    ] Entering safepoint region: RevokeBias
[2022-06-13T03:21:53.122+0000][1][safepoint    ] Leaving safepoint region
[2022-06-13T03:21:53.122+0000][1][safepoint    ] Total time for which application threads were stopped: 0.0006619 seconds, Stopping threads took: 0.0005247 seconds
[2022-06-13T03:21:53.123+0000][1][safepoint    ] Application time: 0.0002701 seconds
[2022-06-13T03:21:53.123+0000][1][safepoint    ] Entering safepoint region: RevokeBias
[2022-06-13T03:21:53.123+0000][1][safepoint    ] Leaving safepoint region
[2022-06-13T03:21:53.123+0000][1][safepoint    ] Total time for which application threads were stopped: 0.0002288 seconds, Stopping threads took: 0.0001161 seconds
[2022-06-13T03:21:53.123+0000][1][safepoint    ] Application time: 0.0002222 seconds
[2022-06-13T03:21:53.124+0000][1][safepoint    ] Entering safepoint region: RevokeBias
[2022-06-13T03:21:53.124+0000][1][safepoint    ] Leaving safepoint region
[2022-06-13T03:21:53.124+0000][1][safepoint    ] Total time for which application threads were stopped: 0.0003301 seconds, Stopping threads took: 0.0001300 seconds
[2022-06-13T03:21:53.124+0000][1][safepoint    ] Application time: 0.0001673 seconds
[2022-06-13T03:21:53.124+0000][1][safepoint    ] Entering safepoint region: RevokeBias
[2022-06-13T03:21:53.124+0000][1][safepoint    ] Leaving safepoint region
[2022-06-13T03:21:53.125+0000][1][safepoint    ] Total time for which application threads were stopped: 0.0002693 seconds, Stopping threads took: 0.0001280 seconds
[2022-06-13T03:21:53.125+0000][1][safepoint    ] Application time: 0.0000993 seconds
[2022-06-13T03:21:53.125+0000][1][safepoint    ] Entering safepoint region: RevokeBias
[2022-06-13T03:21:53.125+0000][1][safepoint    ] Leaving safepoint region
[2022-06-13T03:21:53.125+0000][1][safepoint    ] Total time for which application threads were stopped: 0.0003265 seconds, Stopping threads took: 0.0002014 seconds
[2022-06-13T03:21:53.125+0000][1][safepoint    ] Application time: 0.0001697 seconds
[2022-06-13T03:21:53.126+0000][1][safepoint    ] Entering safepoint region: RevokeBias
[2022-06-13T03:21:53.126+0000][1][safepoint    ] Leaving safepoint region
[2022-06-13T03:21:53.126+0000][1][safepoint    ] Total time for which application threads were stopped: 0.0002031 seconds, Stopping threads took: 0.0000982 seconds
[2022-06-13T03:21:53.126+0000][1][safepoint    ] Application time: 0.0000734 seconds
[2022-06-13T03:21:53.126+0000][1][safepoint    ] Entering safepoint region: RevokeBias
[2022-06-13T03:21:53.126+0000][1][safepoint    ] Leaving safepoint region
[2022-06-13T03:21:53.126+0000][1][safepoint    ] Total time for which application threads were stopped: 0.0001660 seconds, Stopping threads took: 0.0000787 seconds
[2022-06-13T03:21:53.126+0000][1][safepoint    ] Application time: 0.0000828 seconds
[2022-06-13T03:21:53.126+0000][1][safepoint    ] Entering safepoint region: RevokeBias
[2022-06-13T03:21:53.127+0000][1][safepoint    ] Leaving safepoint region
[2022-06-13T03:21:53.127+0000][1][safepoint    ] Total time for which application threads were stopped: 0.0001641 seconds, Stopping threads took: 0.0000731 seconds
[2022-06-13T03:21:53.128+0000][1][safepoint    ] Application time: 0.0013933 seconds
[2022-06-13T03:21:53.128+0000][1][safepoint    ] Entering safepoint region: RevokeBias
[2022-06-13T03:21:53.128+0000][1][safepoint    ] Leaving safepoint region
[2022-06-13T03:21:53.128+0000][1][safepoint    ] Total time for which application threads were stopped: 0.0001958 seconds, Stopping threads took: 0.0000942 seconds
[2022-06-13T03:21:53.129+0000][1][safepoint    ] Application time: 0.0002082 seconds
[2022-06-13T03:21:53.129+0000][1][safepoint    ] Entering safepoint region: RevokeBias
[2022-06-13T03:21:53.129+0000][1][safepoint    ] Leaving safepoint region
[2022-06-13T03:21:53.129+0000][1][safepoint    ] Total time for which application threads were stopped: 0.0001744 seconds, Stopping threads took: 0.0000706 seconds
[2022-06-13T03:21:53.131+0000][1][safepoint    ] Application time: 0.0016321 seconds
[2022-06-13T03:21:53.131+0000][1][safepoint    ] Entering safepoint region: RevokeBias
[2022-06-13T03:21:53.131+0000][1][safepoint    ] Leaving safepoint region
[2022-06-13T03:21:53.131+0000][1][safepoint    ] Total time for which application threads were stopped: 0.0002553 seconds, Stopping threads took: 0.0001474 seconds
[2022-06-13T03:21:53.131+0000][1][safepoint    ] Application time: 0.0001443 seconds
[2022-06-13T03:21:53.132+0000][1][safepoint    ] Entering safepoint region: RevokeBias
[2022-06-13T03:21:53.132+0000][1][safepoint    ] Leaving safepoint region
[2022-06-13T03:21:53.132+0000][1][safepoint    ] Total time for which application threads were stopped: 0.0003091 seconds, Stopping threads took: 0.0001793 seconds
[2022-06-13T03:21:53.134+0000][1][safepoint    ] Application time: 0.0017877 seconds
[2022-06-13T03:21:53.134+0000][1][safepoint    ] Entering safepoint region: RevokeBias
[2022-06-13T03:21:53.134+0000][1][safepoint    ] Leaving safepoint region
[2022-06-13T03:21:53.134+0000][1][safepoint    ] Total time for which application threads were stopped: 0.0003452 seconds, Stopping threads took: 0.0001711 seconds
[2022-06-13T03:21:53.135+0000][1][safepoint    ] Application time: 0.0002858 seconds
[2022-06-13T03:21:53.135+0000][1][safepoint    ] Entering safepoint region: BulkRevokeBias
[2022-06-13T03:21:53.135+0000][1][safepoint    ] Leaving safepoint region
[2022-06-13T03:21:53.135+0000][1][safepoint    ] Total time for which application threads were stopped: 0.0004042 seconds, Stopping threads took: 0.0001448 seconds
[2022-06-13T03:21:53.136+0000][1][safepoint    ] Application time: 0.0001632 seconds
[2022-06-13T03:21:53.136+0000][1][safepoint    ] Entering safepoint region: RevokeBias
[2022-06-13T03:21:53.136+0000][1][safepoint    ] Leaving safepoint region
[2022-06-13T03:21:53.136+0000][1][safepoint    ] Total time for which application threads were stopped: 0.0003399 seconds, Stopping threads took: 0.0001858 seconds
[2022-06-13T03:21:53.136+0000][1][safepoint    ] Application time: 0.0000985 seconds
[2022-06-13T03:21:53.137+0000][1][safepoint    ] Entering safepoint region: RevokeBias
[2022-06-13T03:21:53.137+0000][1][safepoint    ] Leaving safepoint region
[2022-06-13T03:21:53.137+0000][1][safepoint    ] Total time for which application threads were stopped: 0.0003523 seconds, Stopping threads took: 0.0002218 seconds
[2022-06-13T03:21:53.137+0000][1][safepoint    ] Application time: 0.0001455 seconds
[2022-06-13T03:21:53.137+0000][1][safepoint    ] Entering safepoint region: RevokeBias
[2022-06-13T03:21:53.137+0000][1][safepoint    ] Leaving safepoint region
[2022-06-13T03:21:53.137+0000][1][safepoint    ] Total time for which application threads were stopped: 0.0002556 seconds, Stopping threads took: 0.0001449 seconds
[2022-06-13T03:21:53.138+0000][1][safepoint    ] Application time: 0.0000665 seconds
[2022-06-13T03:21:53.138+0000][1][safepoint    ] Entering safepoint region: RevokeBias
[2022-06-13T03:21:53.138+0000][1][safepoint    ] Leaving safepoint region
[2022-06-13T03:21:53.138+0000][1][safepoint    ] Total time for which application threads were stopped: 0.0002480 seconds, Stopping threads took: 0.0001381 seconds
[2022-06-13T03:21:53.138+0000][1][safepoint    ] Application time: 0.0000745 seconds
[2022-06-13T03:21:53.138+0000][1][safepoint    ] Entering safepoint region: RevokeBias
[2022-06-13T03:21:53.138+0000][1][safepoint    ] Leaving safepoint region
[2022-06-13T03:21:53.139+0000][1][safepoint    ] Total time for which application threads were stopped: 0.0003640 seconds, Stopping threads took: 0.0001869 seconds
[2022-06-13T03:21:53.139+0000][1][safepoint    ] Application time: 0.0002127 seconds
[2022-06-13T03:21:53.139+0000][1][safepoint    ] Entering safepoint region: RevokeBias
[2022-06-13T03:21:53.140+0000][1][safepoint    ] Leaving safepoint region
[2022-06-13T03:21:53.140+0000][1][safepoint    ] Total time for which application threads were stopped: 0.0008244 seconds, Stopping threads took: 0.0004284 seconds
[2022-06-13T03:21:53.141+0000][1][safepoint    ] Application time: 0.0005245 seconds
[2022-06-13T03:21:53.141+0000][1][safepoint    ] Entering safepoint region: RevokeBias
[2022-06-13T03:21:53.141+0000][1][safepoint    ] Leaving safepoint region
[2022-06-13T03:21:53.141+0000][1][safepoint    ] Total time for which application threads were stopped: 0.0004078 seconds, Stopping threads took: 0.0002183 seconds
[2022-06-13T03:21:53.141+0000][1][safepoint    ] Application time: 0.0001265 seconds
[2022-06-13T03:21:53.142+0000][1][safepoint    ] Entering safepoint region: RevokeBias
[2022-06-13T03:21:53.142+0000][1][safepoint    ] Leaving safepoint region
[2022-06-13T03:21:53.142+0000][1][safepoint    ] Total time for which application threads were stopped: 0.0002900 seconds, Stopping threads took: 0.0001202 seconds
[2022-06-13T03:21:53.143+0000][1][safepoint    ] Application time: 0.0011338 seconds
[2022-06-13T03:21:53.143+0000][1][safepoint    ] Entering safepoint region: RevokeBias
[2022-06-13T03:21:53.143+0000][1][safepoint    ] Leaving safepoint region
[2022-06-13T03:21:53.144+0000][1][safepoint    ] Total time for which application threads were stopped: 0.0003608 seconds, Stopping threads took: 0.0001830 seconds
[2022-06-13T03:21:53.144+0000][1][safepoint    ] Application time: 0.0001140 seconds
[2022-06-13T03:21:53.144+0000][1][safepoint    ] Entering safepoint region: RevokeBias
[2022-06-13T03:21:53.144+0000][1][safepoint    ] Leaving safepoint region
[2022-06-13T03:21:53.145+0000][1][safepoint    ] Total time for which application threads were stopped: 0.0003166 seconds, Stopping threads took: 0.0001423 seconds
[2022-06-13T03:21:53.147+0000][1][safepoint    ] Application time: 0.0023341 seconds
[2022-06-13T03:21:53.148+0000][1][safepoint    ] Entering safepoint region: GenCollectForAllocation
[2022-06-13T03:21:53.148+0000][1][gc,start     ] GC(21) Pause Young (Allocation Failure)
[2022-06-13T03:21:53.148+0000][1][gc,task      ] GC(21) Using 5 workers of 13 for evacuation
[2022-06-13T03:21:53.156+0000][1][gc,age       ] GC(21) Desired survivor size 4456448 bytes, new threshold 2 (max threshold 6)
[2022-06-13T03:21:53.156+0000][1][gc,age       ] GC(21) Age table with threshold 2 (max threshold 6)
[2022-06-13T03:21:53.156+0000][1][gc,age       ] GC(21) - age   1:    3756256 bytes,    3756256 total
[2022-06-13T03:21:53.156+0000][1][gc,age       ] GC(21) - age   2:    1550792 bytes,    5307048 total
[2022-06-13T03:21:53.156+0000][1][gc,heap      ] GC(21) ParNew: 78656K->6422K(78656K)
[2022-06-13T03:21:53.156+0000][1][gc,heap      ] GC(21) CMS: 60155K->63052K(174784K)
[2022-06-13T03:21:53.156+0000][1][gc,metaspace ] GC(21) Metaspace: 63015K->63015K(1105920K)
[2022-06-13T03:21:53.156+0000][1][gc           ] GC(21) Pause Young (Allocation Failure) 135M->67M(247M) 8.592ms
[2022-06-13T03:21:53.157+0000][1][gc,cpu       ] GC(21) User=0.04s Sys=0.00s Real=0.01s
[2022-06-13T03:21:53.157+0000][1][safepoint    ] Leaving safepoint region
[2022-06-13T03:21:53.157+0000][1][safepoint    ] Total time for which application threads were stopped: 0.0092832 seconds, Stopping threads took: 0.0001953 seconds
[2022-06-13T03:21:53.158+0000][1][safepoint    ] Application time: 0.0007060 seconds
[2022-06-13T03:21:53.158+0000][1][safepoint    ] Entering safepoint region: RevokeBias
[2022-06-13T03:21:53.158+0000][1][safepoint    ] Leaving safepoint region
[2022-06-13T03:21:53.158+0000][1][safepoint    ] Total time for which application threads were stopped: 0.0002970 seconds, Stopping threads took: 0.0001040 seconds
[2022-06-13T03:21:53.158+0000][1][safepoint    ] Application time: 0.0001684 seconds
[2022-06-13T03:21:53.159+0000][1][safepoint    ] Entering safepoint region: RevokeBias
[2022-06-13T03:21:53.159+0000][1][safepoint    ] Leaving safepoint region
[2022-06-13T03:21:53.159+0000][1][safepoint    ] Total time for which application threads were stopped: 0.0003258 seconds, Stopping threads took: 0.0001381 seconds
[2022-06-13T03:21:53.159+0000][1][safepoint    ] Application time: 0.0001615 seconds
[2022-06-13T03:21:53.159+0000][1][safepoint    ] Entering safepoint region: RevokeBias
[2022-06-13T03:21:53.160+0000][1][safepoint    ] Leaving safepoint region
[2022-06-13T03:21:53.160+0000][1][safepoint    ] Total time for which application threads were stopped: 0.0003167 seconds, Stopping threads took: 0.0001244 seconds
[2022-06-13T03:21:53.160+0000][1][safepoint    ] Application time: 0.0000630 seconds
[2022-06-13T03:21:53.160+0000][1][safepoint    ] Entering safepoint region: RevokeBias
[2022-06-13T03:21:53.160+0000][1][safepoint    ] Leaving safepoint region
[2022-06-13T03:21:53.160+0000][1][safepoint    ] Total time for which application threads were stopped: 0.0002321 seconds, Stopping threads took: 0.0001086 seconds
[2022-06-13T03:21:53.163+0000][1][safepoint    ] Application time: 0.0029755 seconds
[2022-06-13T03:21:53.164+0000][1][safepoint    ] Entering safepoint region: RevokeBias
[2022-06-13T03:21:53.164+0000][1][safepoint    ] Leaving safepoint region
[2022-06-13T03:21:53.164+0000][1][safepoint    ] Total time for which application threads were stopped: 0.0003371 seconds, Stopping threads took: 0.0001413 seconds
[2022-06-13T03:21:53.164+0000][1][safepoint    ] Application time: 0.0001580 seconds
[2022-06-13T03:21:53.165+0000][1][safepoint    ] Entering safepoint region: RevokeBias
[2022-06-13T03:21:53.165+0000][1][safepoint    ] Leaving safepoint region
[2022-06-13T03:21:53.165+0000][1][safepoint    ] Total time for which application threads were stopped: 0.0007237 seconds, Stopping threads took: 0.0002889 seconds
[2022-06-13T03:21:53.166+0000][1][safepoint    ] Application time: 0.0002441 seconds
[2022-06-13T03:21:53.166+0000][1][safepoint    ] Entering safepoint region: RevokeBias
[2022-06-13T03:21:53.167+0000][1][safepoint    ] Leaving safepoint region
[2022-06-13T03:21:53.167+0000][1][safepoint    ] Total time for which application threads were stopped: 0.0007953 seconds, Stopping threads took: 0.0004026 seconds
[2022-06-13T03:21:53.167+0000][1][safepoint    ] Application time: 0.0001719 seconds
[2022-06-13T03:21:53.168+0000][1][safepoint    ] Entering safepoint region: RevokeBias
[2022-06-13T03:21:53.168+0000][1][safepoint    ] Leaving safepoint region
[2022-06-13T03:21:53.168+0000][1][safepoint    ] Total time for which application threads were stopped: 0.0005130 seconds, Stopping threads took: 0.0003414 seconds
[2022-06-13T03:21:53.170+0000][1][safepoint    ] Application time: 0.0013734 seconds
[2022-06-13T03:21:53.170+0000][1][safepoint    ] Entering safepoint region: RevokeBias
[2022-06-13T03:21:53.170+0000][1][safepoint    ] Leaving safepoint region
[2022-06-13T03:21:53.170+0000][1][safepoint    ] Total time for which application threads were stopped: 0.0002891 seconds, Stopping threads took: 0.0001302 seconds
[2022-06-13T03:21:53.669+0000][1][safepoint    ] Application time: 0.4986031 seconds
[2022-06-13T03:21:53.669+0000][1][safepoint    ] Entering safepoint region: RevokeBias
[2022-06-13T03:21:53.670+0000][1][safepoint    ] Leaving safepoint region
[2022-06-13T03:21:53.670+0000][1][safepoint    ] Total time for which application threads were stopped: 0.0009968 seconds, Stopping threads took: 0.0004373 seconds
[2022-06-13T03:21:53.894+0000][1][safepoint    ] Application time: 0.2230326 seconds
[2022-06-13T03:21:53.894+0000][1][safepoint    ] Entering safepoint region: RevokeBias
[2022-06-13T03:21:53.894+0000][1][safepoint    ] Leaving safepoint region
[2022-06-13T03:21:53.895+0000][1][safepoint    ] Total time for which application threads were stopped: 0.0003405 seconds, Stopping threads took: 0.0001472 seconds
[2022-06-13T03:21:53.895+0000][1][safepoint    ] Application time: 0.0001072 seconds
[2022-06-13T03:21:53.895+0000][1][safepoint    ] Entering safepoint region: RevokeBias
[2022-06-13T03:21:53.895+0000][1][safepoint    ] Leaving safepoint region
[2022-06-13T03:21:53.895+0000][1][safepoint    ] Total time for which application threads were stopped: 0.0002966 seconds, Stopping threads took: 0.0001093 seconds
[2022-06-13T03:21:53.895+0000][1][safepoint    ] Application time: 0.0000929 seconds
[2022-06-13T03:21:53.895+0000][1][safepoint    ] Entering safepoint region: RevokeBias
[2022-06-13T03:21:53.896+0000][1][safepoint    ] Leaving safepoint region
[2022-06-13T03:21:53.896+0000][1][safepoint    ] Total time for which application threads were stopped: 0.0002214 seconds, Stopping threads took: 0.0001076 seconds
[2022-06-13T03:21:53.896+0000][1][safepoint    ] Application time: 0.0000706 seconds
[2022-06-13T03:21:53.896+0000][1][safepoint    ] Entering safepoint region: RevokeBias
[2022-06-13T03:21:53.896+0000][1][safepoint    ] Leaving safepoint region
[2022-06-13T03:21:53.896+0000][1][safepoint    ] Total time for which application threads were stopped: 0.0002164 seconds, Stopping threads took: 0.0001020 seconds
[2022-06-13T03:21:53.896+0000][1][safepoint    ] Application time: 0.0000832 seconds
[2022-06-13T03:21:53.897+0000][1][safepoint    ] Entering safepoint region: RevokeBias
[2022-06-13T03:21:53.897+0000][1][safepoint    ] Leaving safepoint region
[2022-06-13T03:21:53.897+0000][1][safepoint    ] Total time for which application threads were stopped: 0.0003122 seconds, Stopping threads took: 0.0001616 seconds
[2022-06-13T03:21:53.897+0000][1][safepoint    ] Application time: 0.0000761 seconds
[2022-06-13T03:21:53.897+0000][1][safepoint    ] Entering safepoint region: RevokeBias
[2022-06-13T03:21:53.898+0000][1][safepoint    ] Leaving safepoint region
[2022-06-13T03:21:53.898+0000][1][safepoint    ] Total time for which application threads were stopped: 0.0006567 seconds, Stopping threads took: 0.0003055 seconds
[2022-06-13T03:21:53.898+0000][1][safepoint    ] Application time: 0.0000899 seconds
[2022-06-13T03:21:53.898+0000][1][safepoint    ] Entering safepoint region: RevokeBias
[2022-06-13T03:21:53.898+0000][1][safepoint    ] Leaving safepoint region
[2022-06-13T03:21:53.899+0000][1][safepoint    ] Total time for which application threads were stopped: 0.0002041 seconds, Stopping threads took: 0.0000987 seconds
[2022-06-13T03:21:53.899+0000][1][safepoint    ] Application time: 0.0001132 seconds
[2022-06-13T03:21:53.899+0000][1][safepoint    ] Entering safepoint region: RevokeBias
[2022-06-13T03:21:53.899+0000][1][safepoint    ] Leaving safepoint region
[2022-06-13T03:21:53.899+0000][1][safepoint    ] Total time for which application threads were stopped: 0.0005043 seconds, Stopping threads took: 0.0001062 seconds
[2022-06-13T03:21:54.106+0000][1][safepoint    ] Application time: 0.2062328 seconds
[2022-06-13T03:21:54.106+0000][1][safepoint    ] Entering safepoint region: RevokeBias
[2022-06-13T03:21:54.107+0000][1][safepoint    ] Leaving safepoint region
[2022-06-13T03:21:54.107+0000][1][safepoint    ] Total time for which application threads were stopped: 0.0008862 seconds, Stopping threads took: 0.0004610 seconds
[2022-06-13T03:21:55.108+0000][1][safepoint    ] Application time: 1.0002200 seconds
[2022-06-13T03:21:55.109+0000][1][safepoint    ] Entering safepoint region: Cleanup
[2022-06-13T03:21:55.109+0000][1][safepoint    ] Leaving safepoint region
[2022-06-13T03:21:55.109+0000][1][safepoint    ] Total time for which application threads were stopped: 0.0006753 seconds, Stopping threads took: 0.0003245 seconds
[2022-06-13T03:21:56.110+0000][1][safepoint    ] Application time: 1.0002486 seconds
[2022-06-13T03:21:56.110+0000][1][safepoint    ] Entering safepoint region: Cleanup
[2022-06-13T03:21:56.111+0000][1][safepoint    ] Leaving safepoint region
[2022-06-13T03:21:56.111+0000][1][safepoint    ] Total time for which application threads were stopped: 0.0005224 seconds, Stopping threads took: 0.0002690 seconds
[2022-06-13T03:21:56.146+0000][1][safepoint    ] Application time: 0.0347684 seconds
[2022-06-13T03:21:56.146+0000][1][safepoint    ] Entering safepoint region: RevokeBias
[2022-06-13T03:21:56.147+0000][1][safepoint    ] Leaving safepoint region
[2022-06-13T03:21:56.147+0000][1][safepoint    ] Total time for which application threads were stopped: 0.0005818 seconds, Stopping threads took: 0.0002934 seconds
[2022-06-13T03:21:56.148+0000][1][safepoint    ] Application time: 0.0004422 seconds
[2022-06-13T03:21:56.148+0000][1][safepoint    ] Entering safepoint region: RevokeBias
[2022-06-13T03:21:56.148+0000][1][safepoint    ] Leaving safepoint region
[2022-06-13T03:21:56.148+0000][1][safepoint    ] Total time for which application threads were stopped: 0.0006032 seconds, Stopping threads took: 0.0003674 seconds
[2022-06-13T03:21:56.150+0000][1][safepoint    ] Application time: 0.0008812 seconds
[2022-06-13T03:21:56.150+0000][1][safepoint    ] Entering safepoint region: RevokeBias
[2022-06-13T03:21:56.150+0000][1][safepoint    ] Leaving safepoint region
[2022-06-13T03:21:56.150+0000][1][safepoint    ] Total time for which application threads were stopped: 0.0004435 seconds, Stopping threads took: 0.0001977 seconds
[2022-06-13T03:21:57.109+0000][1][safepoint    ] Application time: 0.9584483 seconds
[2022-06-13T03:21:57.110+0000][1][safepoint    ] Entering safepoint region: RevokeBias
[2022-06-13T03:21:57.110+0000][1][safepoint    ] Leaving safepoint region
[2022-06-13T03:21:57.111+0000][1][safepoint    ] Total time for which application threads were stopped: 0.0012852 seconds, Stopping threads took: 0.0005800 seconds
[2022-06-13T03:21:57.112+0000][1][safepoint    ] Application time: 0.0008513 seconds
[2022-06-13T03:21:57.113+0000][1][safepoint    ] Entering safepoint region: RevokeBias
[2022-06-13T03:21:57.113+0000][1][safepoint    ] Leaving safepoint region
[2022-06-13T03:21:57.114+0000][1][safepoint    ] Total time for which application threads were stopped: 0.0007945 seconds, Stopping threads took: 0.0004169 seconds
[2022-06-13T03:21:57.114+0000][1][safepoint    ] Application time: 0.0002306 seconds
[2022-06-13T03:21:57.115+0000][1][safepoint    ] Entering safepoint region: RevokeBias
[2022-06-13T03:21:57.115+0000][1][safepoint    ] Leaving safepoint region
[2022-06-13T03:21:57.115+0000][1][safepoint    ] Total time for which application threads were stopped: 0.0008802 seconds, Stopping threads took: 0.0004210 seconds
[2022-06-13T03:21:57.116+0000][1][safepoint    ] Application time: 0.0003837 seconds
[2022-06-13T03:21:57.117+0000][1][safepoint    ] Entering safepoint region: RevokeBias
[2022-06-13T03:21:57.117+0000][1][safepoint    ] Leaving safepoint region
[2022-06-13T03:21:57.117+0000][1][safepoint    ] Total time for which application threads were stopped: 0.0008210 seconds, Stopping threads took: 0.0003942 seconds
[2022-06-13T03:21:57.118+0000][1][safepoint    ] Application time: 0.0003692 seconds
[2022-06-13T03:21:57.119+0000][1][safepoint    ] Entering safepoint region: RevokeBias
[2022-06-13T03:21:57.119+0000][1][safepoint    ] Leaving safepoint region
[2022-06-13T03:21:57.120+0000][1][safepoint    ] Total time for which application threads were stopped: 0.0010060 seconds, Stopping threads took: 0.0005447 seconds
[2022-06-13T03:21:57.120+0000][1][safepoint    ] Application time: 0.0002510 seconds
[2022-06-13T03:21:57.121+0000][1][safepoint    ] Entering safepoint region: RevokeBias
[2022-06-13T03:21:57.121+0000][1][safepoint    ] Leaving safepoint region
[2022-06-13T03:21:57.121+0000][1][safepoint    ] Total time for which application threads were stopped: 0.0004761 seconds, Stopping threads took: 0.0002869 seconds
[2022-06-13T03:21:57.122+0000][1][safepoint    ] Application time: 0.0004252 seconds
[2022-06-13T03:21:57.122+0000][1][safepoint    ] Entering safepoint region: RevokeBias
[2022-06-13T03:21:57.123+0000][1][safepoint    ] Leaving safepoint region
[2022-06-13T03:21:57.123+0000][1][safepoint    ] Total time for which application threads were stopped: 0.0006431 seconds, Stopping threads took: 0.0003906 seconds
[2022-06-13T03:21:58.123+0000][1][safepoint    ] Application time: 1.0002309 seconds
[2022-06-13T03:21:58.124+0000][1][safepoint    ] Entering safepoint region: Cleanup
[2022-06-13T03:21:58.124+0000][1][safepoint    ] Leaving safepoint region
[2022-06-13T03:21:58.125+0000][1][safepoint    ] Total time for which application threads were stopped: 0.0006183 seconds, Stopping threads took: 0.0003284 seconds
[2022-06-13T03:21:59.125+0000][1][safepoint    ] Application time: 1.0003478 seconds
[2022-06-13T03:21:59.126+0000][1][safepoint    ] Entering safepoint region: Cleanup
[2022-06-13T03:21:59.126+0000][1][safepoint    ] Leaving safepoint region
[2022-06-13T03:21:59.126+0000][1][safepoint    ] Total time for which application threads were stopped: 0.0008120 seconds, Stopping threads took: 0.0003631 seconds
[2022-06-13T03:22:00.110+0000][1][safepoint    ] Application time: 0.9829524 seconds
[2022-06-13T03:22:00.110+0000][1][safepoint    ] Entering safepoint region: RevokeBias
[2022-06-13T03:22:00.111+0000][1][safepoint    ] Leaving safepoint region
[2022-06-13T03:22:00.111+0000][1][safepoint    ] Total time for which application threads were stopped: 0.0009682 seconds, Stopping threads took: 0.0005108 seconds
[2022-06-13T03:22:00.113+0000][1][safepoint    ] Application time: 0.0010740 seconds
[2022-06-13T03:22:00.113+0000][1][safepoint    ] Entering safepoint region: RevokeBias
[2022-06-13T03:22:00.113+0000][1][safepoint    ] Leaving safepoint region
[2022-06-13T03:22:00.114+0000][1][safepoint    ] Total time for which application threads were stopped: 0.0008167 seconds, Stopping threads took: 0.0004446 seconds
[2022-06-13T03:22:01.112+0000][1][safepoint    ] Application time: 0.9978803 seconds
[2022-06-13T03:22:01.113+0000][1][safepoint    ] Entering safepoint region: RevokeBias
[2022-06-13T03:22:01.113+0000][1][safepoint    ] Leaving safepoint region
[2022-06-13T03:22:01.114+0000][1][safepoint    ] Total time for which application threads were stopped: 0.0009655 seconds, Stopping threads took: 0.0004950 seconds
[2022-06-13T03:22:01.115+0000][1][safepoint    ] Application time: 0.0004670 seconds
[2022-06-13T03:22:01.115+0000][1][safepoint    ] Entering safepoint region: RevokeBias
[2022-06-13T03:22:01.116+0000][1][safepoint    ] Leaving safepoint region
[2022-06-13T03:22:01.116+0000][1][safepoint    ] Total time for which application threads were stopped: 0.0011658 seconds, Stopping threads took: 0.0005165 seconds
[2022-06-13T03:22:01.117+0000][1][safepoint    ] Application time: 0.0003997 seconds
[2022-06-13T03:22:01.118+0000][1][safepoint    ] Entering safepoint region: RevokeBias
[2022-06-13T03:22:01.118+0000][1][safepoint    ] Leaving safepoint region
[2022-06-13T03:22:01.119+0000][1][safepoint    ] Total time for which application threads were stopped: 0.0010401 seconds, Stopping threads took: 0.0004958 seconds
[2022-06-13T03:22:01.120+0000][1][safepoint    ] Application time: 0.0003852 seconds
[2022-06-13T03:22:01.120+0000][1][safepoint    ] Entering safepoint region: RevokeBias
[2022-06-13T03:22:01.121+0000][1][safepoint    ] Leaving safepoint region
[2022-06-13T03:22:01.121+0000][1][safepoint    ] Total time for which application threads were stopped: 0.0008210 seconds, Stopping threads took: 0.0003961 seconds
[2022-06-13T03:22:01.122+0000][1][safepoint    ] Application time: 0.0003356 seconds
[2022-06-13T03:22:01.122+0000][1][safepoint    ] Entering safepoint region: RevokeBias
[2022-06-13T03:22:01.123+0000][1][safepoint    ] Leaving safepoint region
[2022-06-13T03:22:01.123+0000][1][safepoint    ] Total time for which application threads were stopped: 0.0011306 seconds, Stopping threads took: 0.0005130 seconds
[2022-06-13T03:22:01.124+0000][1][safepoint    ] Application time: 0.0003432 seconds
[2022-06-13T03:22:01.125+0000][1][safepoint    ] Entering safepoint region: RevokeBias
[2022-06-13T03:22:01.125+0000][1][safepoint    ] Leaving safepoint region
[2022-06-13T03:22:01.125+0000][1][safepoint    ] Total time for which application threads were stopped: 0.0005815 seconds, Stopping threads took: 0.0003367 seconds
[2022-06-13T03:22:01.126+0000][1][safepoint    ] Application time: 0.0004407 seconds
[2022-06-13T03:22:01.126+0000][1][safepoint    ] Entering safepoint region: RevokeBias
[2022-06-13T03:22:01.127+0000][1][safepoint    ] Leaving safepoint region
[2022-06-13T03:22:01.127+0000][1][safepoint    ] Total time for which application threads were stopped: 0.0009316 seconds, Stopping threads took: 0.0004916 seconds
[2022-06-13T03:22:01.585+0000][1][safepoint    ] Application time: 0.4574740 seconds
[2022-06-13T03:22:01.586+0000][1][safepoint    ] Entering safepoint region: RevokeBias
[2022-06-13T03:22:01.586+0000][1][safepoint    ] Leaving safepoint region
[2022-06-13T03:22:01.586+0000][1][safepoint    ] Total time for which application threads were stopped: 0.0008862 seconds, Stopping threads took: 0.0004260 seconds
[2022-06-13T03:22:01.587+0000][1][safepoint    ] Application time: 0.0003110 seconds
[2022-06-13T03:22:01.588+0000][1][safepoint    ] Entering safepoint region: RevokeBias
[2022-06-13T03:22:01.589+0000][1][safepoint    ] Leaving safepoint region
[2022-06-13T03:22:01.589+0000][1][safepoint    ] Total time for which application threads were stopped: 0.0012240 seconds, Stopping threads took: 0.0006215 seconds
[2022-06-13T03:22:02.590+0000][1][safepoint    ] Application time: 1.0002637 seconds
[2022-06-13T03:22:02.590+0000][1][safepoint    ] Entering safepoint region: Cleanup
[2022-06-13T03:22:02.591+0000][1][safepoint    ] Leaving safepoint region
[2022-06-13T03:22:02.591+0000][1][safepoint    ] Total time for which application threads were stopped: 0.0008102 seconds, Stopping threads took: 0.0003934 seconds
[2022-06-13T03:22:03.592+0000][1][safepoint    ] Application time: 1.0001154 seconds
[2022-06-13T03:22:03.592+0000][1][safepoint    ] Entering safepoint region: Cleanup
[2022-06-13T03:22:03.593+0000][1][safepoint    ] Leaving safepoint region
[2022-06-13T03:22:03.593+0000][1][safepoint    ] Total time for which application threads were stopped: 0.0007205 seconds, Stopping threads took: 0.0003865 seconds
[2022-06-13T03:22:04.112+0000][1][safepoint    ] Application time: 0.5186259 seconds
[2022-06-13T03:22:04.112+0000][1][safepoint    ] Entering safepoint region: RevokeBias
[2022-06-13T03:22:04.112+0000][1][safepoint    ] Leaving safepoint region
[2022-06-13T03:22:04.113+0000][1][safepoint    ] Total time for which application threads were stopped: 0.0005978 seconds, Stopping threads took: 0.0003128 seconds
[2022-06-13T03:22:04.113+0000][1][safepoint    ] Application time: 0.0001134 seconds
[2022-06-13T03:22:04.114+0000][1][safepoint    ] Entering safepoint region: RevokeBias
[2022-06-13T03:22:04.114+0000][1][safepoint    ] Leaving safepoint region
[2022-06-13T03:22:04.114+0000][1][safepoint    ] Total time for which application threads were stopped: 0.0006903 seconds, Stopping threads took: 0.0004125 seconds
[2022-06-13T03:22:05.113+0000][1][safepoint    ] Application time: 0.9979800 seconds
[2022-06-13T03:22:05.113+0000][1][safepoint    ] Entering safepoint region: RevokeBias
[2022-06-13T03:22:05.113+0000][1][safepoint    ] Leaving safepoint region
[2022-06-13T03:22:05.113+0000][1][safepoint    ] Total time for which application threads were stopped: 0.0003385 seconds, Stopping threads took: 0.0001581 seconds
[2022-06-13T03:22:05.114+0000][1][safepoint    ] Application time: 0.0003324 seconds
[2022-06-13T03:22:05.114+0000][1][safepoint    ] Entering safepoint region: RevokeBias
[2022-06-13T03:22:05.114+0000][1][safepoint    ] Leaving safepoint region
[2022-06-13T03:22:05.114+0000][1][safepoint    ] Total time for which application threads were stopped: 0.0002450 seconds, Stopping threads took: 0.0001091 seconds
[2022-06-13T03:22:05.114+0000][1][safepoint    ] Application time: 0.0000940 seconds
[2022-06-13T03:22:05.115+0000][1][safepoint    ] Entering safepoint region: RevokeBias
[2022-06-13T03:22:05.115+0000][1][safepoint    ] Leaving safepoint region
[2022-06-13T03:22:05.115+0000][1][safepoint    ] Total time for which application threads were stopped: 0.0006151 seconds, Stopping threads took: 0.0001487 seconds
[2022-06-13T03:22:05.116+0000][1][safepoint    ] Application time: 0.0003365 seconds
[2022-06-13T03:22:05.116+0000][1][safepoint    ] Entering safepoint region: RevokeBias
[2022-06-13T03:22:05.116+0000][1][safepoint    ] Leaving safepoint region
[2022-06-13T03:22:05.116+0000][1][safepoint    ] Total time for which application threads were stopped: 0.0005014 seconds, Stopping threads took: 0.0001327 seconds
[2022-06-13T03:22:05.117+0000][1][safepoint    ] Application time: 0.0002526 seconds
[2022-06-13T03:22:05.117+0000][1][safepoint    ] Entering safepoint region: RevokeBias
[2022-06-13T03:22:05.118+0000][1][safepoint    ] Leaving safepoint region
[2022-06-13T03:22:05.118+0000][1][safepoint    ] Total time for which application threads were stopped: 0.0007766 seconds, Stopping threads took: 0.0005949 seconds
[2022-06-13T03:22:05.119+0000][1][safepoint    ] Application time: 0.0003540 seconds
[2022-06-13T03:22:05.119+0000][1][safepoint    ] Entering safepoint region: RevokeBias
[2022-06-13T03:22:05.120+0000][1][safepoint    ] Leaving safepoint region
[2022-06-13T03:22:05.120+0000][1][safepoint    ] Total time for which application threads were stopped: 0.0005530 seconds, Stopping threads took: 0.0003505 seconds
[2022-06-13T03:22:05.120+0000][1][safepoint    ] Application time: 0.0003883 seconds
[2022-06-13T03:22:05.120+0000][1][safepoint    ] Entering safepoint region: RevokeBias
[2022-06-13T03:22:05.121+0000][1][safepoint    ] Leaving safepoint region
[2022-06-13T03:22:05.121+0000][1][safepoint    ] Total time for which application threads were stopped: 0.0005201 seconds, Stopping threads took: 0.0002794 seconds
[2022-06-13T03:22:06.121+0000][1][safepoint    ] Application time: 1.0002161 seconds
[2022-06-13T03:22:06.122+0000][1][safepoint    ] Entering safepoint region: Cleanup
[2022-06-13T03:22:06.122+0000][1][safepoint    ] Leaving safepoint region
[2022-06-13T03:22:06.123+0000][1][safepoint    ] Total time for which application threads were stopped: 0.0008308 seconds, Stopping threads took: 0.0004119 seconds
[2022-06-13T03:22:07.123+0000][1][safepoint    ] Application time: 1.0002025 seconds
[2022-06-13T03:22:07.124+0000][1][safepoint    ] Entering safepoint region: Cleanup
[2022-06-13T03:22:07.124+0000][1][safepoint    ] Leaving safepoint region
[2022-06-13T03:22:07.125+0000][1][safepoint    ] Total time for which application threads were stopped: 0.0008219 seconds, Stopping threads took: 0.0004220 seconds
[2022-06-13T03:22:08.113+0000][1][safepoint    ] Application time: 0.9878898 seconds
[2022-06-13T03:22:08.113+0000][1][safepoint    ] Entering safepoint region: RevokeBias
[2022-06-13T03:22:08.114+0000][1][safepoint    ] Leaving safepoint region
[2022-06-13T03:22:08.114+0000][1][safepoint    ] Total time for which application threads were stopped: 0.0006263 seconds, Stopping threads took: 0.0004144 seconds
[2022-06-13T03:22:09.114+0000][1][safepoint    ] Application time: 1.0003199 seconds
[2022-06-13T03:22:09.115+0000][1][safepoint    ] Entering safepoint region: RevokeBias
[2022-06-13T03:22:09.115+0000][1][safepoint    ] Leaving safepoint region
[2022-06-13T03:22:09.116+0000][1][safepoint    ] Total time for which application threads were stopped: 0.0008374 seconds, Stopping threads took: 0.0002442 seconds
[2022-06-13T03:22:09.116+0000][1][safepoint    ] Application time: 0.0002540 seconds
[2022-06-13T03:22:09.117+0000][1][safepoint    ] Entering safepoint region: RevokeBias
[2022-06-13T03:22:09.117+0000][1][safepoint    ] Leaving safepoint region
[2022-06-13T03:22:09.118+0000][1][safepoint    ] Total time for which application threads were stopped: 0.0009091 seconds, Stopping threads took: 0.0003628 seconds
[2022-06-13T03:22:09.118+0000][1][safepoint    ] Application time: 0.0001699 seconds
[2022-06-13T03:22:09.118+0000][1][safepoint    ] Entering safepoint region: RevokeBias
[2022-06-13T03:22:09.119+0000][1][safepoint    ] Leaving safepoint region
[2022-06-13T03:22:09.119+0000][1][safepoint    ] Total time for which application threads were stopped: 0.0010113 seconds, Stopping threads took: 0.0006676 seconds
[2022-06-13T03:22:09.120+0000][1][safepoint    ] Application time: 0.0002847 seconds
[2022-06-13T03:22:09.120+0000][1][safepoint    ] Entering safepoint region: RevokeBias
[2022-06-13T03:22:09.120+0000][1][safepoint    ] Leaving safepoint region
[2022-06-13T03:22:09.121+0000][1][safepoint    ] Total time for which application threads were stopped: 0.0005497 seconds, Stopping threads took: 0.0002863 seconds
[2022-06-13T03:22:09.121+0000][1][safepoint    ] Application time: 0.0002950 seconds
[2022-06-13T03:22:09.122+0000][1][safepoint    ] Entering safepoint region: RevokeBias
[2022-06-13T03:22:09.122+0000][1][safepoint    ] Leaving safepoint region
[2022-06-13T03:22:09.122+0000][1][safepoint    ] Total time for which application threads were stopped: 0.0005505 seconds, Stopping threads took: 0.0002647 seconds
[2022-06-13T03:22:09.123+0000][1][safepoint    ] Application time: 0.0003010 seconds
[2022-06-13T03:22:09.123+0000][1][safepoint    ] Entering safepoint region: BulkRevokeBias
[2022-06-13T03:22:09.123+0000][1][safepoint    ] Leaving safepoint region
[2022-06-13T03:22:09.124+0000][1][safepoint    ] Total time for which application threads were stopped: 0.0008436 seconds, Stopping threads took: 0.0003198 seconds
[2022-06-13T03:22:10.124+0000][1][safepoint    ] Application time: 1.0001502 seconds
[2022-06-13T03:22:10.124+0000][1][safepoint    ] Entering safepoint region: Cleanup
[2022-06-13T03:22:10.125+0000][1][safepoint    ] Leaving safepoint region
[2022-06-13T03:22:10.125+0000][1][safepoint    ] Total time for which application threads were stopped: 0.0007845 seconds, Stopping threads took: 0.0004556 seconds
[2022-06-13T03:22:11.126+0000][1][safepoint    ] Application time: 1.0001343 seconds
[2022-06-13T03:22:11.126+0000][1][safepoint    ] Entering safepoint region: Cleanup
[2022-06-13T03:22:11.127+0000][1][safepoint    ] Leaving safepoint region
[2022-06-13T03:22:11.127+0000][1][safepoint    ] Total time for which application threads were stopped: 0.0006437 seconds, Stopping threads took: 0.0003700 seconds
[2022-06-13T03:22:12.115+0000][1][safepoint    ] Application time: 0.9876937 seconds
[2022-06-13T03:22:12.115+0000][1][safepoint    ] Entering safepoint region: RevokeBias
[2022-06-13T03:22:12.116+0000][1][safepoint    ] Leaving safepoint region
[2022-06-13T03:22:12.116+0000][1][safepoint    ] Total time for which application threads were stopped: 0.0011718 seconds, Stopping threads took: 0.0004123 seconds
[2022-06-13T03:22:12.118+0000][1][safepoint    ] Application time: 0.0010473 seconds
[2022-06-13T03:22:12.118+0000][1][safepoint    ] Entering safepoint region: BulkRevokeBias
[2022-06-13T03:22:12.120+0000][1][safepoint    ] Leaving safepoint region
[2022-06-13T03:22:12.120+0000][1][safepoint    ] Total time for which application threads were stopped: 0.0015456 seconds, Stopping threads took: 0.0004067 seconds
[2022-06-13T03:22:13.118+0000][1][safepoint    ] Application time: 0.9975464 seconds
[2022-06-13T03:22:13.118+0000][1][safepoint    ] Entering safepoint region: RevokeBias
[2022-06-13T03:22:13.119+0000][1][safepoint    ] Leaving safepoint region
[2022-06-13T03:22:13.119+0000][1][safepoint    ] Total time for which application threads were stopped: 0.0009473 seconds, Stopping threads took: 0.0004734 seconds
[2022-06-13T03:22:13.120+0000][1][safepoint    ] Application time: 0.0005587 seconds
[2022-06-13T03:22:13.121+0000][1][safepoint    ] Entering safepoint region: RevokeBias
[2022-06-13T03:22:13.121+0000][1][safepoint    ] Leaving safepoint region
[2022-06-13T03:22:13.122+0000][1][safepoint    ] Total time for which application threads were stopped: 0.0010449 seconds, Stopping threads took: 0.0005355 seconds
[2022-06-13T03:22:13.123+0000][1][safepoint    ] Application time: 0.0010842 seconds
[2022-06-13T03:22:13.124+0000][1][safepoint    ] Entering safepoint region: RevokeBias
[2022-06-13T03:22:13.125+0000][1][safepoint    ] Leaving safepoint region
[2022-06-13T03:22:13.125+0000][1][safepoint    ] Total time for which application threads were stopped: 0.0014423 seconds, Stopping threads took: 0.0007991 seconds
[2022-06-13T03:22:13.126+0000][1][safepoint    ] Application time: 0.0005037 seconds
[2022-06-13T03:22:13.127+0000][1][safepoint    ] Entering safepoint region: RevokeBias
[2022-06-13T03:22:13.127+0000][1][safepoint    ] Leaving safepoint region
[2022-06-13T03:22:13.128+0000][1][safepoint    ] Total time for which application threads were stopped: 0.0009297 seconds, Stopping threads took: 0.0005453 seconds
[2022-06-13T03:22:13.129+0000][1][safepoint    ] Application time: 0.0005947 seconds
[2022-06-13T03:22:13.129+0000][1][safepoint    ] Entering safepoint region: RevokeBias
[2022-06-13T03:22:13.129+0000][1][safepoint    ] Leaving safepoint region
[2022-06-13T03:22:13.130+0000][1][safepoint    ] Total time for which application threads were stopped: 0.0007382 seconds, Stopping threads took: 0.0002928 seconds
[2022-06-13T03:22:13.131+0000][1][safepoint    ] Application time: 0.0011335 seconds
[2022-06-13T03:22:13.132+0000][1][safepoint    ] Entering safepoint region: RevokeBias
[2022-06-13T03:22:13.132+0000][1][safepoint    ] Leaving safepoint region
[2022-06-13T03:22:13.133+0000][1][safepoint    ] Total time for which application threads were stopped: 0.0010615 seconds, Stopping threads took: 0.0006620 seconds
[2022-06-13T03:22:14.133+0000][1][safepoint    ] Application time: 1.0002560 seconds
[2022-06-13T03:22:14.134+0000][1][safepoint    ] Entering safepoint region: Cleanup
[2022-06-13T03:22:14.134+0000][1][safepoint    ] Leaving safepoint region
[2022-06-13T03:22:14.135+0000][1][safepoint    ] Total time for which application threads were stopped: 0.0009504 seconds, Stopping threads took: 0.0004066 seconds
[2022-06-13T03:22:15.136+0000][1][safepoint    ] Application time: 1.0003009 seconds
[2022-06-13T03:22:15.136+0000][1][safepoint    ] Entering safepoint region: Cleanup
[2022-06-13T03:22:15.137+0000][1][safepoint    ] Leaving safepoint region
[2022-06-13T03:22:15.137+0000][1][safepoint    ] Total time for which application threads were stopped: 0.0005802 seconds, Stopping threads took: 0.0002585 seconds
[2022-06-13T03:22:16.118+0000][1][safepoint    ] Application time: 0.9808340 seconds
[2022-06-13T03:22:16.119+0000][1][safepoint    ] Entering safepoint region: RevokeBias
[2022-06-13T03:22:16.119+0000][1][safepoint    ] Leaving safepoint region
[2022-06-13T03:22:16.120+0000][1][safepoint    ] Total time for which application threads were stopped: 0.0011916 seconds, Stopping threads took: 0.0005143 seconds
[2022-06-13T03:22:16.121+0000][1][safepoint    ] Application time: 0.0006946 seconds
[2022-06-13T03:22:16.121+0000][1][safepoint    ] Entering safepoint region: RevokeBias
[2022-06-13T03:22:16.122+0000][1][safepoint    ] Leaving safepoint region
[2022-06-13T03:22:16.122+0000][1][safepoint    ] Total time for which application threads were stopped: 0.0010085 seconds, Stopping threads took: 0.0005665 seconds
[2022-06-13T03:22:16.123+0000][1][safepoint    ] Application time: 0.0003233 seconds
[2022-06-13T03:22:16.123+0000][1][safepoint    ] Entering safepoint region: RevokeBias
[2022-06-13T03:22:16.123+0000][1][safepoint    ] Leaving safepoint region
[2022-06-13T03:22:16.124+0000][1][safepoint    ] Total time for which application threads were stopped: 0.0007549 seconds, Stopping threads took: 0.0003932 seconds
[2022-06-13T03:22:16.124+0000][1][safepoint    ] Application time: 0.0003288 seconds
[2022-06-13T03:22:16.124+0000][1][safepoint    ] Entering safepoint region: RevokeBias
[2022-06-13T03:22:16.125+0000][1][safepoint    ] Leaving safepoint region
[2022-06-13T03:22:16.125+0000][1][safepoint    ] Total time for which application threads were stopped: 0.0005548 seconds, Stopping threads took: 0.0002581 seconds
[2022-06-13T03:22:17.119+0000][1][safepoint    ] Application time: 0.9933269 seconds
[2022-06-13T03:22:17.119+0000][1][safepoint    ] Entering safepoint region: RevokeBias
[2022-06-13T03:22:17.120+0000][1][safepoint    ] Leaving safepoint region
[2022-06-13T03:22:17.121+0000][1][safepoint    ] Total time for which application threads were stopped: 0.0014273 seconds, Stopping threads took: 0.0008300 seconds
[2022-06-13T03:22:17.122+0000][1][safepoint    ] Application time: 0.0006346 seconds
[2022-06-13T03:22:17.122+0000][1][safepoint    ] Entering safepoint region: RevokeBias
[2022-06-13T03:22:17.122+0000][1][safepoint    ] Leaving safepoint region
[2022-06-13T03:22:17.123+0000][1][safepoint    ] Total time for which application threads were stopped: 0.0006665 seconds, Stopping threads took: 0.0002961 seconds
[2022-06-13T03:22:17.124+0000][1][safepoint    ] Application time: 0.0006993 seconds
[2022-06-13T03:22:17.124+0000][1][safepoint    ] Entering safepoint region: RevokeBias
[2022-06-13T03:22:17.125+0000][1][safepoint    ] Leaving safepoint region
[2022-06-13T03:22:17.125+0000][1][safepoint    ] Total time for which application threads were stopped: 0.0010372 seconds, Stopping threads took: 0.0007001 seconds
[2022-06-13T03:22:17.126+0000][1][safepoint    ] Application time: 0.0002149 seconds
[2022-06-13T03:22:17.126+0000][1][safepoint    ] Entering safepoint region: RevokeBias
[2022-06-13T03:22:17.126+0000][1][safepoint    ] Leaving safepoint region
[2022-06-13T03:22:17.127+0000][1][safepoint    ] Total time for which application threads were stopped: 0.0006170 seconds, Stopping threads took: 0.0003437 seconds
[2022-06-13T03:22:18.127+0000][1][safepoint    ] Application time: 1.0001990 seconds
[2022-06-13T03:22:18.128+0000][1][safepoint    ] Entering safepoint region: Cleanup
[2022-06-13T03:22:18.128+0000][1][safepoint    ] Leaving safepoint region
[2022-06-13T03:22:18.129+0000][1][safepoint    ] Total time for which application threads were stopped: 0.0009246 seconds, Stopping threads took: 0.0003876 seconds
[2022-06-13T03:22:19.129+0000][1][safepoint    ] Application time: 1.0002471 seconds
[2022-06-13T03:22:19.130+0000][1][safepoint    ] Entering safepoint region: Cleanup
[2022-06-13T03:22:19.130+0000][1][safepoint    ] Leaving safepoint region
[2022-06-13T03:22:19.130+0000][1][safepoint    ] Total time for which application threads were stopped: 0.0006152 seconds, Stopping threads took: 0.0002598 seconds
[2022-06-13T03:22:20.119+0000][1][safepoint    ] Application time: 0.9878691 seconds
[2022-06-13T03:22:20.119+0000][1][safepoint    ] Entering safepoint region: RevokeBias
[2022-06-13T03:22:20.120+0000][1][safepoint    ] Leaving safepoint region
[2022-06-13T03:22:20.120+0000][1][safepoint    ] Total time for which application threads were stopped: 0.0011875 seconds, Stopping threads took: 0.0006366 seconds
[2022-06-13T03:22:20.121+0000][1][safepoint    ] Application time: 0.0006771 seconds
[2022-06-13T03:22:20.122+0000][1][safepoint    ] Entering safepoint region: RevokeBias
[2022-06-13T03:22:20.122+0000][1][safepoint    ] Leaving safepoint region
[2022-06-13T03:22:20.122+0000][1][safepoint    ] Total time for which application threads were stopped: 0.0007336 seconds, Stopping threads took: 0.0003486 seconds
[2022-06-13T03:22:21.121+0000][1][safepoint    ] Application time: 0.9979594 seconds
[2022-06-13T03:22:21.121+0000][1][safepoint    ] Entering safepoint region: RevokeBias
[2022-06-13T03:22:21.122+0000][1][safepoint    ] Leaving safepoint region
[2022-06-13T03:22:21.123+0000][1][safepoint    ] Total time for which application threads were stopped: 0.0012281 seconds, Stopping threads took: 0.0005871 seconds
[2022-06-13T03:22:21.124+0000][1][safepoint    ] Application time: 0.0009161 seconds
[2022-06-13T03:22:21.124+0000][1][safepoint    ] Entering safepoint region: RevokeBias
[2022-06-13T03:22:21.126+0000][1][safepoint    ] Leaving safepoint region
[2022-06-13T03:22:21.126+0000][1][safepoint    ] Total time for which application threads were stopped: 0.0020122 seconds, Stopping threads took: 0.0013511 seconds
[2022-06-13T03:22:21.128+0000][1][safepoint    ] Application time: 0.0005595 seconds
[2022-06-13T03:22:21.128+0000][1][safepoint    ] Entering safepoint region: RevokeBias
[2022-06-13T03:22:21.128+0000][1][safepoint    ] Leaving safepoint region
[2022-06-13T03:22:21.129+0000][1][safepoint    ] Total time for which application threads were stopped: 0.0008456 seconds, Stopping threads took: 0.0004036 seconds
[2022-06-13T03:22:21.129+0000][1][safepoint    ] Application time: 0.0002700 seconds
[2022-06-13T03:22:21.130+0000][1][safepoint    ] Entering safepoint region: RevokeBias
[2022-06-13T03:22:21.131+0000][1][safepoint    ] Leaving safepoint region
[2022-06-13T03:22:21.131+0000][1][safepoint    ] Total time for which application threads were stopped: 0.0009835 seconds, Stopping threads took: 0.0003514 seconds
[2022-06-13T03:22:22.132+0000][1][safepoint    ] Application time: 1.0002743 seconds
[2022-06-13T03:22:22.133+0000][1][safepoint    ] Entering safepoint region: Cleanup
[2022-06-13T03:22:22.133+0000][1][safepoint    ] Leaving safepoint region
[2022-06-13T03:22:22.134+0000][1][safepoint    ] Total time for which application threads were stopped: 0.0012476 seconds, Stopping threads took: 0.0006062 seconds
[2022-06-13T03:22:23.125+0000][1][safepoint    ] Application time: 0.9908285 seconds
[2022-06-13T03:22:23.126+0000][1][safepoint    ] Entering safepoint region: RevokeBias
[2022-06-13T03:22:23.126+0000][1][safepoint    ] Leaving safepoint region
[2022-06-13T03:22:23.126+0000][1][safepoint    ] Total time for which application threads were stopped: 0.0004562 seconds, Stopping threads took: 0.0001889 seconds
[2022-06-13T03:22:23.128+0000][1][safepoint    ] Application time: 0.0019210 seconds
[2022-06-13T03:22:23.128+0000][1][safepoint    ] Entering safepoint region: RevokeBias
[2022-06-13T03:22:23.129+0000][1][safepoint    ] Leaving safepoint region
[2022-06-13T03:22:23.129+0000][1][safepoint    ] Total time for which application threads were stopped: 0.0006722 seconds, Stopping threads took: 0.0001868 seconds
[2022-06-13T03:22:23.130+0000][1][safepoint    ] Application time: 0.0002590 seconds
[2022-06-13T03:22:23.130+0000][1][safepoint    ] Entering safepoint region: RevokeBias
[2022-06-13T03:22:23.130+0000][1][safepoint    ] Leaving safepoint region
[2022-06-13T03:22:23.131+0000][1][safepoint    ] Total time for which application threads were stopped: 0.0006406 seconds, Stopping threads took: 0.0003349 seconds
[2022-06-13T03:22:24.121+0000][1][safepoint    ] Application time: 0.9901730 seconds
[2022-06-13T03:22:24.122+0000][1][safepoint    ] Entering safepoint region: RevokeBias
[2022-06-13T03:22:24.122+0000][1][safepoint    ] Leaving safepoint region
[2022-06-13T03:22:24.122+0000][1][safepoint    ] Total time for which application threads were stopped: 0.0007611 seconds, Stopping threads took: 0.0003352 seconds
[2022-06-13T03:22:24.124+0000][1][safepoint    ] Application time: 0.0013947 seconds
[2022-06-13T03:22:24.124+0000][1][safepoint    ] Entering safepoint region: RevokeBias
[2022-06-13T03:22:24.125+0000][1][safepoint    ] Leaving safepoint region
[2022-06-13T03:22:24.125+0000][1][safepoint    ] Total time for which application threads were stopped: 0.0006111 seconds, Stopping threads took: 0.0002898 seconds
[2022-06-13T03:22:24.125+0000][1][safepoint    ] Application time: 0.0002332 seconds
[2022-06-13T03:22:24.126+0000][1][safepoint    ] Entering safepoint region: RevokeBias
[2022-06-13T03:22:24.126+0000][1][safepoint    ] Leaving safepoint region
[2022-06-13T03:22:24.126+0000][1][safepoint    ] Total time for which application threads were stopped: 0.0007461 seconds, Stopping threads took: 0.0004074 seconds
[2022-06-13T03:22:25.121+0000][1][safepoint    ] Application time: 0.9947360 seconds
[2022-06-13T03:22:25.122+0000][1][safepoint    ] Entering safepoint region: RevokeBias
[2022-06-13T03:22:25.122+0000][1][safepoint    ] Leaving safepoint region
[2022-06-13T03:22:25.122+0000][1][safepoint    ] Total time for which application threads were stopped: 0.0006669 seconds, Stopping threads took: 0.0002695 seconds
[2022-06-13T03:22:25.123+0000][1][safepoint    ] Application time: 0.0004413 seconds
[2022-06-13T03:22:25.123+0000][1][safepoint    ] Entering safepoint region: RevokeBias
[2022-06-13T03:22:25.124+0000][1][safepoint    ] Leaving safepoint region
[2022-06-13T03:22:25.124+0000][1][safepoint    ] Total time for which application threads were stopped: 0.0005534 seconds, Stopping threads took: 0.0002396 seconds
[2022-06-13T03:22:25.124+0000][1][safepoint    ] Application time: 0.0003950 seconds
[2022-06-13T03:22:25.125+0000][1][safepoint    ] Entering safepoint region: RevokeBias
[2022-06-13T03:22:25.125+0000][1][safepoint    ] Leaving safepoint region
[2022-06-13T03:22:25.125+0000][1][safepoint    ] Total time for which application threads were stopped: 0.0007017 seconds, Stopping threads took: 0.0004838 seconds
[2022-06-13T03:22:26.126+0000][1][safepoint    ] Application time: 1.0002653 seconds
[2022-06-13T03:22:26.126+0000][1][safepoint    ] Entering safepoint region: Cleanup
[2022-06-13T03:22:26.127+0000][1][safepoint    ] Leaving safepoint region
[2022-06-13T03:22:26.127+0000][1][safepoint    ] Total time for which application threads were stopped: 0.0004612 seconds, Stopping threads took: 0.0001872 seconds
[2022-06-13T03:22:27.127+0000][1][safepoint    ] Application time: 1.0001807 seconds
[2022-06-13T03:22:27.128+0000][1][safepoint    ] Entering safepoint region: Cleanup
[2022-06-13T03:22:27.128+0000][1][safepoint    ] Leaving safepoint region
[2022-06-13T03:22:27.128+0000][1][safepoint    ] Total time for which application threads were stopped: 0.0007086 seconds, Stopping threads took: 0.0003230 seconds
[2022-06-13T03:22:28.122+0000][1][safepoint    ] Application time: 0.9931124 seconds
[2022-06-13T03:22:28.122+0000][1][safepoint    ] Entering safepoint region: RevokeBias
[2022-06-13T03:22:28.123+0000][1][safepoint    ] Leaving safepoint region
[2022-06-13T03:22:28.123+0000][1][safepoint    ] Total time for which application threads were stopped: 0.0004995 seconds, Stopping threads took: 0.0002917 seconds
[2022-06-13T03:22:29.123+0000][1][safepoint    ] Application time: 1.0001625 seconds
[2022-06-13T03:22:29.124+0000][1][safepoint    ] Entering safepoint region: Cleanup
[2022-06-13T03:22:29.124+0000][1][safepoint    ] Leaving safepoint region
[2022-06-13T03:22:29.124+0000][1][safepoint    ] Total time for which application threads were stopped: 0.0010503 seconds, Stopping threads took: 0.0006894 seconds
[2022-06-13T03:22:29.125+0000][1][safepoint    ] Application time: 0.0000393 seconds
[2022-06-13T03:22:29.125+0000][1][safepoint    ] Entering safepoint region: RevokeBias
[2022-06-13T03:22:29.126+0000][1][safepoint    ] Leaving safepoint region
[2022-06-13T03:22:29.126+0000][1][safepoint    ] Total time for which application threads were stopped: 0.0010343 seconds, Stopping threads took: 0.0004026 seconds
[2022-06-13T03:22:29.127+0000][1][safepoint    ] Application time: 0.0003711 seconds
[2022-06-13T03:22:29.127+0000][1][safepoint    ] Entering safepoint region: RevokeBias
[2022-06-13T03:22:29.128+0000][1][safepoint    ] Leaving safepoint region
[2022-06-13T03:22:29.128+0000][1][safepoint    ] Total time for which application threads were stopped: 0.0010116 seconds, Stopping threads took: 0.0004382 seconds
[2022-06-13T03:22:29.129+0000][1][safepoint    ] Application time: 0.0004540 seconds
[2022-06-13T03:22:29.129+0000][1][safepoint    ] Entering safepoint region: RevokeBias
[2022-06-13T03:22:29.130+0000][1][safepoint    ] Leaving safepoint region
[2022-06-13T03:22:29.130+0000][1][safepoint    ] Total time for which application threads were stopped: 0.0007122 seconds, Stopping threads took: 0.0002894 seconds
[2022-06-13T03:22:30.130+0000][1][safepoint    ] Application time: 1.0001175 seconds
[2022-06-13T03:22:30.131+0000][1][safepoint    ] Entering safepoint region: Cleanup
[2022-06-13T03:22:30.132+0000][1][safepoint    ] Leaving safepoint region
[2022-06-13T03:22:30.132+0000][1][safepoint    ] Total time for which application threads were stopped: 0.0008089 seconds, Stopping threads took: 0.0004116 seconds
[2022-06-13T03:22:31.132+0000][1][safepoint    ] Application time: 1.0001909 seconds
[2022-06-13T03:22:31.133+0000][1][safepoint    ] Entering safepoint region: Cleanup
[2022-06-13T03:22:31.133+0000][1][safepoint    ] Leaving safepoint region
[2022-06-13T03:22:31.133+0000][1][safepoint    ] Total time for which application threads were stopped: 0.0004282 seconds, Stopping threads took: 0.0001825 seconds
[2022-06-13T03:22:32.124+0000][1][safepoint    ] Application time: 0.9908634 seconds
[2022-06-13T03:22:32.125+0000][1][safepoint    ] Entering safepoint region: RevokeBias
[2022-06-13T03:22:32.128+0000][1][safepoint    ] Leaving safepoint region
[2022-06-13T03:22:32.128+0000][1][safepoint    ] Total time for which application threads were stopped: 0.0034453 seconds, Stopping threads took: 0.0005789 seconds
[2022-06-13T03:22:33.129+0000][1][safepoint    ] Application time: 1.0002658 seconds
[2022-06-13T03:22:33.130+0000][1][safepoint    ] Entering safepoint region: Cleanup
[2022-06-13T03:22:33.130+0000][1][safepoint    ] Leaving safepoint region
[2022-06-13T03:22:33.131+0000][1][safepoint    ] Total time for which application threads were stopped: 0.0008341 seconds, Stopping threads took: 0.0004019 seconds
[2022-06-13T03:22:34.131+0000][1][safepoint    ] Application time: 1.0002275 seconds
[2022-06-13T03:22:34.132+0000][1][safepoint    ] Entering safepoint region: Cleanup
[2022-06-13T03:22:34.133+0000][1][safepoint    ] Leaving safepoint region
[2022-06-13T03:22:34.133+0000][1][safepoint    ] Total time for which application threads were stopped: 0.0014420 seconds, Stopping threads took: 0.0007052 seconds
[2022-06-13T03:22:35.134+0000][1][safepoint    ] Application time: 1.0002227 seconds
[2022-06-13T03:22:35.135+0000][1][safepoint    ] Entering safepoint region: Cleanup
[2022-06-13T03:22:35.135+0000][1][safepoint    ] Leaving safepoint region
[2022-06-13T03:22:35.136+0000][1][safepoint    ] Total time for which application threads were stopped: 0.0010551 seconds, Stopping threads took: 0.0004757 seconds
[2022-06-13T03:22:36.136+0000][1][safepoint    ] Application time: 1.0003132 seconds
[2022-06-13T03:22:36.137+0000][1][safepoint    ] Entering safepoint region: Cleanup
[2022-06-13T03:22:36.137+0000][1][safepoint    ] Leaving safepoint region
[2022-06-13T03:22:36.138+0000][1][safepoint    ] Total time for which application threads were stopped: 0.0008056 seconds, Stopping threads took: 0.0002685 seconds
[2022-06-13T03:22:37.138+0000][1][safepoint    ] Application time: 1.0001567 seconds
[2022-06-13T03:22:37.139+0000][1][safepoint    ] Entering safepoint region: Cleanup
[2022-06-13T03:22:37.139+0000][1][safepoint    ] Leaving safepoint region
[2022-06-13T03:22:37.139+0000][1][safepoint    ] Total time for which application threads were stopped: 0.0006557 seconds, Stopping threads took: 0.0002870 seconds
[2022-06-13T03:22:38.140+0000][1][safepoint    ] Application time: 1.0001525 seconds
[2022-06-13T03:22:38.140+0000][1][safepoint    ] Entering safepoint region: Cleanup
[2022-06-13T03:22:38.141+0000][1][safepoint    ] Leaving safepoint region
[2022-06-13T03:22:38.141+0000][1][safepoint    ] Total time for which application threads were stopped: 0.0010332 seconds, Stopping threads took: 0.0005020 seconds
[2022-06-13T03:22:39.142+0000][1][safepoint    ] Application time: 1.0002701 seconds
[2022-06-13T03:22:39.143+0000][1][safepoint    ] Entering safepoint region: Cleanup
[2022-06-13T03:22:39.143+0000][1][safepoint    ] Leaving safepoint region
[2022-06-13T03:22:39.144+0000][1][safepoint    ] Total time for which application threads were stopped: 0.0010951 seconds, Stopping threads took: 0.0005343 seconds
[2022-06-13T03:22:40.144+0000][1][safepoint    ] Application time: 1.0003212 seconds
[2022-06-13T03:22:40.145+0000][1][safepoint    ] Entering safepoint region: Cleanup
[2022-06-13T03:22:40.146+0000][1][safepoint    ] Leaving safepoint region
[2022-06-13T03:22:40.146+0000][1][safepoint    ] Total time for which application threads were stopped: 0.0009057 seconds, Stopping threads took: 0.0003772 seconds
[2022-06-13T03:22:41.147+0000][1][safepoint    ] Application time: 1.0001422 seconds
[2022-06-13T03:22:41.147+0000][1][safepoint    ] Entering safepoint region: Cleanup
[2022-06-13T03:22:41.147+0000][1][safepoint    ] Leaving safepoint region
[2022-06-13T03:22:41.147+0000][1][safepoint    ] Total time for which application threads were stopped: 0.0004244 seconds, Stopping threads took: 0.0001842 seconds
[2022-06-13T03:22:42.147+0000][1][safepoint    ] Application time: 1.0000933 seconds
[2022-06-13T03:22:42.148+0000][1][safepoint    ] Entering safepoint region: Cleanup
[2022-06-13T03:22:42.148+0000][1][safepoint    ] Leaving safepoint region
[2022-06-13T03:22:42.149+0000][1][safepoint    ] Total time for which application threads were stopped: 0.0007760 seconds, Stopping threads took: 0.0003172 seconds
[2022-06-13T03:22:43.129+0000][1][safepoint    ] Application time: 0.9798765 seconds
[2022-06-13T03:22:43.130+0000][1][safepoint    ] Entering safepoint region: RevokeBias
[2022-06-13T03:22:43.130+0000][1][safepoint    ] Leaving safepoint region
[2022-06-13T03:22:43.130+0000][1][safepoint    ] Total time for which application threads were stopped: 0.0009576 seconds, Stopping threads took: 0.0005513 seconds
[2022-06-13T03:22:44.131+0000][1][safepoint    ] Application time: 1.0001363 seconds
[2022-06-13T03:22:44.131+0000][1][safepoint    ] Entering safepoint region: Cleanup
[2022-06-13T03:22:44.132+0000][1][safepoint    ] Leaving safepoint region
[2022-06-13T03:22:44.132+0000][1][safepoint    ] Total time for which application threads were stopped: 0.0005931 seconds, Stopping threads took: 0.0003130 seconds
[2022-06-13T03:22:45.393+0000][1][safepoint    ] Application time: 1.2611739 seconds
[2022-06-13T03:22:45.394+0000][1][safepoint    ] Entering safepoint region: RevokeBias
[2022-06-13T03:22:45.394+0000][1][safepoint    ] Leaving safepoint region
[2022-06-13T03:22:45.395+0000][1][safepoint    ] Total time for which application threads were stopped: 0.0010113 seconds, Stopping threads took: 0.0004741 seconds
[2022-06-13T03:22:46.396+0000][1][safepoint    ] Application time: 1.0001981 seconds
[2022-06-13T03:22:46.396+0000][1][safepoint    ] Entering safepoint region: Cleanup
[2022-06-13T03:22:46.396+0000][1][safepoint    ] Leaving safepoint region
[2022-06-13T03:22:46.396+0000][1][safepoint    ] Total time for which application threads were stopped: 0.0005752 seconds, Stopping threads took: 0.0002617 seconds
[2022-06-13T03:22:47.397+0000][1][safepoint    ] Application time: 1.0002226 seconds
[2022-06-13T03:22:47.398+0000][1][safepoint    ] Entering safepoint region: Cleanup
[2022-06-13T03:22:47.398+0000][1][safepoint    ] Leaving safepoint region
[2022-06-13T03:22:47.398+0000][1][safepoint    ] Total time for which application threads were stopped: 0.0008330 seconds, Stopping threads took: 0.0002820 seconds
[2022-06-13T03:22:48.399+0000][1][safepoint    ] Application time: 1.0001491 seconds
[2022-06-13T03:22:48.399+0000][1][safepoint    ] Entering safepoint region: Cleanup
[2022-06-13T03:22:48.399+0000][1][safepoint    ] Leaving safepoint region
[2022-06-13T03:22:48.400+0000][1][safepoint    ] Total time for which application threads were stopped: 0.0007029 seconds, Stopping threads took: 0.0003672 seconds
[2022-06-13T03:22:49.400+0000][1][safepoint    ] Application time: 1.0001775 seconds
[2022-06-13T03:22:49.400+0000][1][safepoint    ] Entering safepoint region: Cleanup
[2022-06-13T03:22:49.401+0000][1][safepoint    ] Leaving safepoint region
[2022-06-13T03:22:49.401+0000][1][safepoint    ] Total time for which application threads were stopped: 0.0006818 seconds, Stopping threads took: 0.0003320 seconds
[2022-06-13T03:22:50.402+0000][1][safepoint    ] Application time: 1.0002111 seconds
[2022-06-13T03:22:50.402+0000][1][safepoint    ] Entering safepoint region: Cleanup
[2022-06-13T03:22:50.403+0000][1][safepoint    ] Leaving safepoint region
[2022-06-13T03:22:50.403+0000][1][safepoint    ] Total time for which application threads were stopped: 0.0009250 seconds, Stopping threads took: 0.0003452 seconds
[2022-06-13T03:22:51.403+0000][1][safepoint    ] Application time: 1.0002225 seconds
[2022-06-13T03:22:51.404+0000][1][safepoint    ] Entering safepoint region: Cleanup
[2022-06-13T03:22:51.405+0000][1][safepoint    ] Leaving safepoint region
[2022-06-13T03:22:51.405+0000][1][safepoint    ] Total time for which application threads were stopped: 0.0008354 seconds, Stopping threads took: 0.0004592 seconds
[2022-06-13T03:22:52.405+0000][1][safepoint    ] Application time: 1.0001560 seconds
[2022-06-13T03:22:52.406+0000][1][safepoint    ] Entering safepoint region: Cleanup
[2022-06-13T03:22:52.406+0000][1][safepoint    ] Leaving safepoint region
[2022-06-13T03:22:52.407+0000][1][safepoint    ] Total time for which application threads were stopped: 0.0008144 seconds, Stopping threads took: 0.0003854 seconds
[2022-06-13T03:22:53.407+0000][1][safepoint    ] Application time: 1.0002194 seconds
[2022-06-13T03:22:53.408+0000][1][safepoint    ] Entering safepoint region: Cleanup
[2022-06-13T03:22:53.408+0000][1][safepoint    ] Leaving safepoint region
[2022-06-13T03:22:53.409+0000][1][safepoint    ] Total time for which application threads were stopped: 0.0008275 seconds, Stopping threads took: 0.0003590 seconds
[2022-06-13T03:22:54.409+0000][1][safepoint    ] Application time: 1.0001340 seconds
[2022-06-13T03:22:54.410+0000][1][safepoint    ] Entering safepoint region: Cleanup
[2022-06-13T03:22:54.410+0000][1][safepoint    ] Leaving safepoint region
[2022-06-13T03:22:54.411+0000][1][safepoint    ] Total time for which application threads were stopped: 0.0010430 seconds, Stopping threads took: 0.0004596 seconds
[2022-06-13T03:22:55.411+0000][1][safepoint    ] Application time: 1.0002442 seconds
[2022-06-13T03:22:55.412+0000][1][safepoint    ] Entering safepoint region: Cleanup
[2022-06-13T03:22:55.412+0000][1][safepoint    ] Leaving safepoint region
[2022-06-13T03:22:55.412+0000][1][safepoint    ] Total time for which application threads were stopped: 0.0007788 seconds, Stopping threads took: 0.0003645 seconds
[2022-06-13T03:22:56.413+0000][1][safepoint    ] Application time: 1.0003255 seconds
[2022-06-13T03:22:56.414+0000][1][safepoint    ] Entering safepoint region: Cleanup
[2022-06-13T03:22:56.414+0000][1][safepoint    ] Leaving safepoint region
[2022-06-13T03:22:56.415+0000][1][safepoint    ] Total time for which application threads were stopped: 0.0009387 seconds, Stopping threads took: 0.0004539 seconds
[2022-06-13T03:22:57.415+0000][1][safepoint    ] Application time: 1.0001698 seconds
[2022-06-13T03:22:57.416+0000][1][safepoint    ] Entering safepoint region: Cleanup
[2022-06-13T03:22:57.416+0000][1][safepoint    ] Leaving safepoint region
[2022-06-13T03:22:57.417+0000][1][safepoint    ] Total time for which application threads were stopped: 0.0006756 seconds, Stopping threads took: 0.0002869 seconds
[2022-06-13T03:22:58.417+0000][1][safepoint    ] Application time: 1.0001261 seconds
[2022-06-13T03:22:58.417+0000][1][safepoint    ] Entering safepoint region: Cleanup
[2022-06-13T03:22:58.418+0000][1][safepoint    ] Leaving safepoint region
[2022-06-13T03:22:58.418+0000][1][safepoint    ] Total time for which application threads were stopped: 0.0006362 seconds, Stopping threads took: 0.0002647 seconds
[2022-06-13T03:22:59.418+0000][1][safepoint    ] Application time: 1.0002965 seconds
[2022-06-13T03:22:59.419+0000][1][safepoint    ] Entering safepoint region: Cleanup
[2022-06-13T03:22:59.420+0000][1][safepoint    ] Leaving safepoint region
[2022-06-13T03:22:59.420+0000][1][safepoint    ] Total time for which application threads were stopped: 0.0009406 seconds, Stopping threads took: 0.0004434 seconds
[2022-06-13T03:23:00.421+0000][1][safepoint    ] Application time: 1.0002211 seconds
[2022-06-13T03:23:00.421+0000][1][safepoint    ] Entering safepoint region: Cleanup
[2022-06-13T03:23:00.422+0000][1][safepoint    ] Leaving safepoint region
[2022-06-13T03:23:00.422+0000][1][safepoint    ] Total time for which application threads were stopped: 0.0006627 seconds, Stopping threads took: 0.0003172 seconds
[2022-06-13T03:23:01.422+0000][1][safepoint    ] Application time: 1.0001694 seconds
[2022-06-13T03:23:01.423+0000][1][safepoint    ] Entering safepoint region: Cleanup
[2022-06-13T03:23:01.423+0000][1][safepoint    ] Leaving safepoint region
[2022-06-13T03:23:01.424+0000][1][safepoint    ] Total time for which application threads were stopped: 0.0009178 seconds, Stopping threads took: 0.0002654 seconds
[2022-06-13T03:23:02.424+0000][1][safepoint    ] Application time: 1.0001102 seconds
[2022-06-13T03:23:02.425+0000][1][safepoint    ] Entering safepoint region: Cleanup
[2022-06-13T03:23:02.425+0000][1][safepoint    ] Leaving safepoint region
[2022-06-13T03:23:02.425+0000][1][safepoint    ] Total time for which application threads were stopped: 0.0008677 seconds, Stopping threads took: 0.0003908 seconds
[2022-06-13T03:23:03.426+0000][1][safepoint    ] Application time: 1.0001830 seconds
[2022-06-13T03:23:03.427+0000][1][safepoint    ] Entering safepoint region: Cleanup
[2022-06-13T03:23:03.427+0000][1][safepoint    ] Leaving safepoint region
[2022-06-13T03:23:03.427+0000][1][safepoint    ] Total time for which application threads were stopped: 0.0008339 seconds, Stopping threads took: 0.0003643 seconds
[2022-06-13T03:23:04.428+0000][1][safepoint    ] Application time: 1.0001899 seconds
[2022-06-13T03:23:04.429+0000][1][safepoint    ] Entering safepoint region: Cleanup
[2022-06-13T03:23:04.429+0000][1][safepoint    ] Leaving safepoint region
[2022-06-13T03:23:04.430+0000][1][safepoint    ] Total time for which application threads were stopped: 0.0009556 seconds, Stopping threads took: 0.0003993 seconds
[2022-06-13T03:23:05.430+0000][1][safepoint    ] Application time: 1.0003501 seconds
[2022-06-13T03:23:05.431+0000][1][safepoint    ] Entering safepoint region: Cleanup
[2022-06-13T03:23:05.432+0000][1][safepoint    ] Leaving safepoint region
[2022-06-13T03:23:05.432+0000][1][safepoint    ] Total time for which application threads were stopped: 0.0010016 seconds, Stopping threads took: 0.0004329 seconds
[2022-06-13T03:23:06.433+0000][1][safepoint    ] Application time: 1.0003337 seconds
[2022-06-13T03:23:06.433+0000][1][safepoint    ] Entering safepoint region: Cleanup
[2022-06-13T03:23:06.434+0000][1][safepoint    ] Leaving safepoint region
[2022-06-13T03:23:06.434+0000][1][safepoint    ] Total time for which application threads were stopped: 0.0007477 seconds, Stopping threads took: 0.0003315 seconds
[2022-06-13T03:23:07.435+0000][1][safepoint    ] Application time: 1.0002535 seconds
[2022-06-13T03:23:07.435+0000][1][safepoint    ] Entering safepoint region: Cleanup
[2022-06-13T03:23:07.436+0000][1][safepoint    ] Leaving safepoint region
[2022-06-13T03:23:07.436+0000][1][safepoint    ] Total time for which application threads were stopped: 0.0009633 seconds, Stopping threads took: 0.0004421 seconds
[2022-06-13T03:23:08.437+0000][1][safepoint    ] Application time: 1.0003097 seconds
[2022-06-13T03:23:08.438+0000][1][safepoint    ] Entering safepoint region: Cleanup
[2022-06-13T03:23:08.438+0000][1][safepoint    ] Leaving safepoint region
[2022-06-13T03:23:08.439+0000][1][safepoint    ] Total time for which application threads were stopped: 0.0011518 seconds, Stopping threads took: 0.0005174 seconds
[2022-06-13T03:23:09.439+0000][1][safepoint    ] Application time: 1.0002120 seconds
[2022-06-13T03:23:09.440+0000][1][safepoint    ] Entering safepoint region: Cleanup
[2022-06-13T03:23:09.440+0000][1][safepoint    ] Leaving safepoint region
[2022-06-13T03:23:09.441+0000][1][safepoint    ] Total time for which application threads were stopped: 0.0008418 seconds, Stopping threads took: 0.0003857 seconds
[2022-06-13T03:23:10.441+0000][1][safepoint    ] Application time: 1.0002730 seconds
[2022-06-13T03:23:10.442+0000][1][safepoint    ] Entering safepoint region: Cleanup
[2022-06-13T03:23:10.443+0000][1][safepoint    ] Leaving safepoint region
[2022-06-13T03:23:10.444+0000][1][safepoint    ] Total time for which application threads were stopped: 0.0015090 seconds, Stopping threads took: 0.0006759 seconds
[2022-06-13T03:23:11.445+0000][1][safepoint    ] Application time: 1.0003633 seconds
[2022-06-13T03:23:11.445+0000][1][safepoint    ] Entering safepoint region: Cleanup
[2022-06-13T03:23:11.446+0000][1][safepoint    ] Leaving safepoint region
[2022-06-13T03:23:11.446+0000][1][safepoint    ] Total time for which application threads were stopped: 0.0007913 seconds, Stopping threads took: 0.0003123 seconds
[2022-06-13T03:23:12.447+0000][1][safepoint    ] Application time: 1.0002654 seconds
[2022-06-13T03:23:12.447+0000][1][safepoint    ] Entering safepoint region: Cleanup
[2022-06-13T03:23:12.448+0000][1][safepoint    ] Leaving safepoint region
[2022-06-13T03:23:12.449+0000][1][safepoint    ] Total time for which application threads were stopped: 0.0011686 seconds, Stopping threads took: 0.0005673 seconds
[2022-06-13T03:23:18.450+0000][1][safepoint    ] Application time: 6.0013657 seconds
[2022-06-13T03:23:18.451+0000][1][safepoint    ] Entering safepoint region: Cleanup
[2022-06-13T03:23:18.452+0000][1][safepoint    ] Leaving safepoint region
[2022-06-13T03:23:18.452+0000][1][safepoint    ] Total time for which application threads were stopped: 0.0008028 seconds, Stopping threads took: 0.0003751 seconds
[2022-06-13T03:23:19.452+0000][1][safepoint    ] Application time: 1.0002092 seconds
[2022-06-13T03:23:19.453+0000][1][safepoint    ] Entering safepoint region: Cleanup
[2022-06-13T03:23:19.454+0000][1][safepoint    ] Leaving safepoint region
[2022-06-13T03:23:19.454+0000][1][safepoint    ] Total time for which application threads were stopped: 0.0011549 seconds, Stopping threads took: 0.0005930 seconds
[2022-06-13T03:23:20.455+0000][1][safepoint    ] Application time: 1.0001090 seconds
[2022-06-13T03:23:20.455+0000][1][safepoint    ] Entering safepoint region: Cleanup
[2022-06-13T03:23:20.455+0000][1][safepoint    ] Leaving safepoint region
[2022-06-13T03:23:20.455+0000][1][safepoint    ] Total time for which application threads were stopped: 0.0003468 seconds, Stopping threads took: 0.0001450 seconds
[2022-06-13T03:23:21.456+0000][1][safepoint    ] Application time: 1.0001110 seconds
[2022-06-13T03:23:21.456+0000][1][safepoint    ] Entering safepoint region: Cleanup
[2022-06-13T03:23:21.456+0000][1][safepoint    ] Leaving safepoint region
[2022-06-13T03:23:21.456+0000][1][safepoint    ] Total time for which application threads were stopped: 0.0004052 seconds, Stopping threads took: 0.0001944 seconds
[2022-06-13T03:23:22.457+0000][1][safepoint    ] Application time: 1.0001078 seconds
[2022-06-13T03:23:22.457+0000][1][safepoint    ] Entering safepoint region: Cleanup
[2022-06-13T03:23:22.457+0000][1][safepoint    ] Leaving safepoint region
[2022-06-13T03:23:22.457+0000][1][safepoint    ] Total time for which application threads were stopped: 0.0003240 seconds, Stopping threads took: 0.0001233 seconds
[2022-06-13T03:23:23.457+0000][1][safepoint    ] Application time: 1.0000939 seconds
[2022-06-13T03:23:23.458+0000][1][safepoint    ] Entering safepoint region: Cleanup
[2022-06-13T03:23:23.458+0000][1][safepoint    ] Leaving safepoint region
[2022-06-13T03:23:23.458+0000][1][safepoint    ] Total time for which application threads were stopped: 0.0005447 seconds, Stopping threads took: 0.0002607 seconds
[2022-06-13T03:23:24.459+0000][1][safepoint    ] Application time: 1.0001300 seconds
[2022-06-13T03:23:24.459+0000][1][safepoint    ] Entering safepoint region: Cleanup
[2022-06-13T03:23:24.459+0000][1][safepoint    ] Leaving safepoint region
[2022-06-13T03:23:24.460+0000][1][safepoint    ] Total time for which application threads were stopped: 0.0008810 seconds, Stopping threads took: 0.0003056 seconds
[2022-06-13T03:23:25.460+0000][1][safepoint    ] Application time: 1.0001164 seconds
[2022-06-13T03:23:25.460+0000][1][safepoint    ] Entering safepoint region: Cleanup
[2022-06-13T03:23:25.461+0000][1][safepoint    ] Leaving safepoint region
[2022-06-13T03:23:25.461+0000][1][safepoint    ] Total time for which application threads were stopped: 0.0009128 seconds, Stopping threads took: 0.0004544 seconds
[2022-06-13T03:23:26.462+0000][1][safepoint    ] Application time: 1.0001630 seconds
[2022-06-13T03:23:26.462+0000][1][safepoint    ] Entering safepoint region: Cleanup
[2022-06-13T03:23:26.462+0000][1][safepoint    ] Leaving safepoint region
[2022-06-13T03:23:26.463+0000][1][safepoint    ] Total time for which application threads were stopped: 0.0005695 seconds, Stopping threads took: 0.0001945 seconds
[2022-06-13T03:23:27.463+0000][1][safepoint    ] Application time: 1.0001481 seconds
[2022-06-13T03:23:27.464+0000][1][safepoint    ] Entering safepoint region: Cleanup
[2022-06-13T03:23:27.464+0000][1][safepoint    ] Leaving safepoint region
[2022-06-13T03:23:27.464+0000][1][safepoint    ] Total time for which application threads were stopped: 0.0008490 seconds, Stopping threads took: 0.0003192 seconds
[2022-06-13T03:23:28.465+0000][1][safepoint    ] Application time: 1.0001481 seconds
[2022-06-13T03:23:28.465+0000][1][safepoint    ] Entering safepoint region: Cleanup
[2022-06-13T03:23:28.466+0000][1][safepoint    ] Leaving safepoint region
[2022-06-13T03:23:28.466+0000][1][safepoint    ] Total time for which application threads were stopped: 0.0005876 seconds, Stopping threads took: 0.0002784 seconds
[2022-06-13T03:23:29.466+0000][1][safepoint    ] Application time: 1.0001205 seconds
[2022-06-13T03:23:29.467+0000][1][safepoint    ] Entering safepoint region: Cleanup
[2022-06-13T03:23:29.467+0000][1][safepoint    ] Leaving safepoint region
[2022-06-13T03:23:29.467+0000][1][safepoint    ] Total time for which application threads were stopped: 0.0005241 seconds, Stopping threads took: 0.0002094 seconds
[2022-06-13T03:23:30.467+0000][1][safepoint    ] Application time: 1.0001328 seconds
[2022-06-13T03:23:30.469+0000][1][safepoint    ] Entering safepoint region: Cleanup
[2022-06-13T03:23:30.469+0000][1][safepoint    ] Leaving safepoint region
[2022-06-13T03:23:30.469+0000][1][safepoint    ] Total time for which application threads were stopped: 0.0006846 seconds, Stopping threads took: 0.0002855 seconds
[2022-06-13T03:23:31.469+0000][1][safepoint    ] Application time: 1.0001219 seconds
[2022-06-13T03:23:31.470+0000][1][safepoint    ] Entering safepoint region: Cleanup
[2022-06-13T03:23:31.470+0000][1][safepoint    ] Leaving safepoint region
[2022-06-13T03:23:31.471+0000][1][safepoint    ] Total time for which application threads were stopped: 0.0013596 seconds, Stopping threads took: 0.0002379 seconds
[2022-06-13T03:23:32.471+0000][1][safepoint    ] Application time: 1.0000984 seconds
[2022-06-13T03:23:32.472+0000][1][safepoint    ] Entering safepoint region: Cleanup
[2022-06-13T03:23:32.472+0000][1][safepoint    ] Leaving safepoint region
[2022-06-13T03:23:32.472+0000][1][safepoint    ] Total time for which application threads were stopped: 0.0005085 seconds, Stopping threads took: 0.0002398 seconds
[2022-06-13T03:23:33.473+0000][1][safepoint    ] Application time: 1.0002088 seconds
[2022-06-13T03:23:33.473+0000][1][safepoint    ] Entering safepoint region: Cleanup
[2022-06-13T03:23:33.473+0000][1][safepoint    ] Leaving safepoint region
[2022-06-13T03:23:33.473+0000][1][safepoint    ] Total time for which application threads were stopped: 0.0006702 seconds, Stopping threads took: 0.0002685 seconds
[2022-06-13T03:23:34.474+0000][1][safepoint    ] Application time: 1.0001411 seconds
[2022-06-13T03:23:34.474+0000][1][safepoint    ] Entering safepoint region: Cleanup
[2022-06-13T03:23:34.475+0000][1][safepoint    ] Leaving safepoint region
[2022-06-13T03:23:34.475+0000][1][safepoint    ] Total time for which application threads were stopped: 0.0008628 seconds, Stopping threads took: 0.0003692 seconds
[2022-06-13T03:23:48.478+0000][1][safepoint    ] Application time: 14.0024541 seconds
[2022-06-13T03:23:48.478+0000][1][safepoint    ] Entering safepoint region: Cleanup
[2022-06-13T03:23:48.479+0000][1][safepoint    ] Leaving safepoint region
[2022-06-13T03:23:48.479+0000][1][safepoint    ] Total time for which application threads were stopped: 0.0008812 seconds, Stopping threads took: 0.0004169 seconds
[2022-06-13T03:23:49.480+0000][1][safepoint    ] Application time: 1.0001932 seconds
[2022-06-13T03:23:49.480+0000][1][safepoint    ] Entering safepoint region: Cleanup
[2022-06-13T03:23:49.481+0000][1][safepoint    ] Leaving safepoint region
[2022-06-13T03:23:49.481+0000][1][safepoint    ] Total time for which application threads were stopped: 0.0006756 seconds, Stopping threads took: 0.0002878 seconds
[2022-06-13T03:23:52.481+0000][1][safepoint    ] Application time: 3.0003972 seconds
[2022-06-13T03:23:52.482+0000][1][safepoint    ] Entering safepoint region: Cleanup
[2022-06-13T03:23:52.482+0000][1][safepoint    ] Leaving safepoint region
[2022-06-13T03:23:52.482+0000][1][safepoint    ] Total time for which application threads were stopped: 0.0004922 seconds, Stopping threads took: 0.0002452 seconds
[2022-06-13T03:23:56.484+0000][1][safepoint    ] Application time: 4.0008168 seconds
[2022-06-13T03:23:56.484+0000][1][safepoint    ] Entering safepoint region: Cleanup
[2022-06-13T03:23:56.485+0000][1][safepoint    ] Leaving safepoint region
[2022-06-13T03:23:56.485+0000][1][safepoint    ] Total time for which application threads were stopped: 0.0005747 seconds, Stopping threads took: 0.0002650 seconds
[2022-06-13T03:23:59.486+0000][1][safepoint    ] Application time: 3.0005356 seconds
[2022-06-13T03:23:59.486+0000][1][safepoint    ] Entering safepoint region: Cleanup
[2022-06-13T03:23:59.486+0000][1][safepoint    ] Leaving safepoint region
[2022-06-13T03:23:59.487+0000][1][safepoint    ] Total time for which application threads were stopped: 0.0006854 seconds, Stopping threads took: 0.0002315 seconds
[2022-06-13T03:24:00.487+0000][1][safepoint    ] Application time: 1.0001712 seconds
[2022-06-13T03:24:00.488+0000][1][safepoint    ] Entering safepoint region: Cleanup
[2022-06-13T03:24:00.488+0000][1][safepoint    ] Leaving safepoint region
[2022-06-13T03:24:00.489+0000][1][safepoint    ] Total time for which application threads were stopped: 0.0008741 seconds, Stopping threads took: 0.0003945 seconds
[2022-06-13T03:24:02.489+0000][1][safepoint    ] Application time: 2.0002026 seconds
[2022-06-13T03:24:02.490+0000][1][safepoint    ] Entering safepoint region: Cleanup
[2022-06-13T03:24:02.490+0000][1][safepoint    ] Leaving safepoint region
[2022-06-13T03:24:02.490+0000][1][safepoint    ] Total time for which application threads were stopped: 0.0009136 seconds, Stopping threads took: 0.0004096 seconds
[2022-06-13T03:24:03.491+0000][1][safepoint    ] Application time: 1.0002109 seconds
[2022-06-13T03:24:03.491+0000][1][safepoint    ] Entering safepoint region: Cleanup
[2022-06-13T03:24:03.492+0000][1][safepoint    ] Leaving safepoint region
[2022-06-13T03:24:03.493+0000][1][safepoint    ] Total time for which application threads were stopped: 0.0010530 seconds, Stopping threads took: 0.0006044 seconds
[2022-06-13T03:24:06.493+0000][1][safepoint    ] Application time: 3.0004732 seconds
[2022-06-13T03:24:06.494+0000][1][safepoint    ] Entering safepoint region: Cleanup
[2022-06-13T03:24:06.494+0000][1][safepoint    ] Leaving safepoint region
[2022-06-13T03:24:06.494+0000][1][safepoint    ] Total time for which application threads were stopped: 0.0005398 seconds, Stopping threads took: 0.0003439 seconds
[2022-06-13T03:24:09.495+0000][1][safepoint    ] Application time: 3.0006206 seconds
[2022-06-13T03:24:09.495+0000][1][safepoint    ] Entering safepoint region: Cleanup
[2022-06-13T03:24:09.496+0000][1][safepoint    ] Leaving safepoint region
[2022-06-13T03:24:09.496+0000][1][safepoint    ] Total time for which application threads were stopped: 0.0006170 seconds, Stopping threads took: 0.0003157 seconds
[2022-06-13T03:24:10.496+0000][1][safepoint    ] Application time: 1.0001556 seconds
[2022-06-13T03:24:10.497+0000][1][safepoint    ] Entering safepoint region: Cleanup
[2022-06-13T03:24:10.497+0000][1][safepoint    ] Leaving safepoint region
[2022-06-13T03:24:10.498+0000][1][safepoint    ] Total time for which application threads were stopped: 0.0005947 seconds, Stopping threads took: 0.0002080 seconds
[2022-06-13T03:24:11.498+0000][1][safepoint    ] Application time: 1.0001483 seconds
[2022-06-13T03:24:11.498+0000][1][safepoint    ] Entering safepoint region: Cleanup
[2022-06-13T03:24:11.499+0000][1][safepoint    ] Leaving safepoint region
[2022-06-13T03:24:11.499+0000][1][safepoint    ] Total time for which application threads were stopped: 0.0007460 seconds, Stopping threads took: 0.0002826 seconds
[2022-06-13T03:24:12.499+0000][1][safepoint    ] Application time: 1.0001884 seconds
[2022-06-13T03:24:12.500+0000][1][safepoint    ] Entering safepoint region: Cleanup
[2022-06-13T03:24:12.500+0000][1][safepoint    ] Leaving safepoint region
[2022-06-13T03:24:12.500+0000][1][safepoint    ] Total time for which application threads were stopped: 0.0006294 seconds, Stopping threads took: 0.0002691 seconds
[2022-06-13T03:24:12.979+0000][1][safepoint    ] Application time: 0.4785196 seconds
[2022-06-13T03:24:12.980+0000][1][safepoint    ] Entering safepoint region: GenCollectForAllocation
[2022-06-13T03:24:12.981+0000][1][gc,start     ] GC(22) Pause Young (Allocation Failure)
[2022-06-13T03:24:12.981+0000][1][gc,task      ] GC(22) Using 5 workers of 13 for evacuation
[2022-06-13T03:24:12.986+0000][1][gc,age       ] GC(22) Desired survivor size 4456448 bytes, new threshold 6 (max threshold 6)
[2022-06-13T03:24:12.987+0000][1][gc,age       ] GC(22) Age table with threshold 6 (max threshold 6)
[2022-06-13T03:24:12.988+0000][1][gc,age       ] GC(22) - age   1:     621264 bytes,     621264 total
[2022-06-13T03:24:12.988+0000][1][gc,age       ] GC(22) - age   2:    3667720 bytes,    4288984 total
[2022-06-13T03:24:12.989+0000][1][gc,heap      ] GC(22) ParNew: 76374K->6561K(78656K)
[2022-06-13T03:24:12.990+0000][1][gc,heap      ] GC(22) CMS: 63052K->64625K(174784K)
[2022-06-13T03:24:12.990+0000][1][gc,metaspace ] GC(22) Metaspace: 63716K->63716K(1107968K)
[2022-06-13T03:24:12.991+0000][1][gc           ] GC(22) Pause Young (Allocation Failure) 136M->69M(247M) 10.275ms
[2022-06-13T03:24:12.991+0000][1][gc,cpu       ] GC(22) User=0.02s Sys=0.01s Real=0.01s
[2022-06-13T03:24:12.992+0000][1][safepoint    ] Leaving safepoint region
[2022-06-13T03:24:12.993+0000][1][safepoint    ] Total time for which application threads were stopped: 0.0128521 seconds, Stopping threads took: 0.0005671 seconds
[2022-06-13T03:24:13.994+0000][1][safepoint    ] Application time: 1.0003573 seconds
[2022-06-13T03:24:13.994+0000][1][safepoint    ] Entering safepoint region: Cleanup
[2022-06-13T03:24:13.995+0000][1][safepoint    ] Leaving safepoint region
[2022-06-13T03:24:13.995+0000][1][safepoint    ] Total time for which application threads were stopped: 0.0010013 seconds, Stopping threads took: 0.0005424 seconds
[2022-06-13T03:24:14.996+0000][1][safepoint    ] Application time: 1.0002422 seconds
[2022-06-13T03:24:14.996+0000][1][safepoint    ] Entering safepoint region: Cleanup
[2022-06-13T03:24:14.997+0000][1][safepoint    ] Leaving safepoint region
[2022-06-13T03:24:14.998+0000][1][safepoint    ] Total time for which application threads were stopped: 0.0014593 seconds, Stopping threads took: 0.0006468 seconds
[2022-06-13T03:24:15.999+0000][1][safepoint    ] Application time: 1.0003049 seconds
[2022-06-13T03:24:15.999+0000][1][safepoint    ] Entering safepoint region: Cleanup
[2022-06-13T03:24:16.000+0000][1][safepoint    ] Leaving safepoint region
[2022-06-13T03:24:16.000+0000][1][safepoint    ] Total time for which application threads were stopped: 0.0009107 seconds, Stopping threads took: 0.0003848 seconds
[2022-06-13T03:24:17.001+0000][1][safepoint    ] Application time: 1.0001634 seconds
[2022-06-13T03:24:17.002+0000][1][safepoint    ] Entering safepoint region: Cleanup
[2022-06-13T03:24:17.002+0000][1][safepoint    ] Leaving safepoint region
[2022-06-13T03:24:17.002+0000][1][safepoint    ] Total time for which application threads were stopped: 0.0005961 seconds, Stopping threads took: 0.0002386 seconds
[2022-06-13T03:24:18.003+0000][1][safepoint    ] Application time: 1.0002130 seconds
[2022-06-13T03:24:18.003+0000][1][safepoint    ] Entering safepoint region: Cleanup
[2022-06-13T03:24:18.003+0000][1][safepoint    ] Leaving safepoint region
[2022-06-13T03:24:18.003+0000][1][safepoint    ] Total time for which application threads were stopped: 0.0004085 seconds, Stopping threads took: 0.0001389 seconds
[2022-06-13T03:24:19.004+0000][1][safepoint    ] Application time: 1.0001946 seconds
[2022-06-13T03:24:19.004+0000][1][safepoint    ] Entering safepoint region: Cleanup
[2022-06-13T03:24:19.004+0000][1][safepoint    ] Leaving safepoint region
[2022-06-13T03:24:19.005+0000][1][safepoint    ] Total time for which application threads were stopped: 0.0006260 seconds, Stopping threads took: 0.0001944 seconds
[2022-06-13T03:24:20.005+0000][1][safepoint    ] Application time: 1.0001354 seconds
[2022-06-13T03:24:20.005+0000][1][safepoint    ] Entering safepoint region: Cleanup
[2022-06-13T03:24:20.006+0000][1][safepoint    ] Leaving safepoint region
[2022-06-13T03:24:20.006+0000][1][safepoint    ] Total time for which application threads were stopped: 0.0006163 seconds, Stopping threads took: 0.0002503 seconds
[2022-06-13T03:24:21.006+0000][1][safepoint    ] Application time: 1.0001461 seconds
[2022-06-13T03:24:21.007+0000][1][safepoint    ] Entering safepoint region: Cleanup
[2022-06-13T03:24:21.007+0000][1][safepoint    ] Leaving safepoint region
[2022-06-13T03:24:21.008+0000][1][safepoint    ] Total time for which application threads were stopped: 0.0006633 seconds, Stopping threads took: 0.0002964 seconds
[2022-06-13T03:24:22.008+0000][1][safepoint    ] Application time: 1.0004010 seconds
[2022-06-13T03:24:22.009+0000][1][safepoint    ] Entering safepoint region: Cleanup
[2022-06-13T03:24:22.009+0000][1][safepoint    ] Leaving safepoint region
[2022-06-13T03:24:22.010+0000][1][safepoint    ] Total time for which application threads were stopped: 0.0007107 seconds, Stopping threads took: 0.0003219 seconds
[2022-06-13T03:24:23.010+0000][1][safepoint    ] Application time: 1.0002393 seconds
[2022-06-13T03:24:23.010+0000][1][safepoint    ] Entering safepoint region: Cleanup
[2022-06-13T03:24:23.011+0000][1][safepoint    ] Leaving safepoint region
[2022-06-13T03:24:23.011+0000][1][safepoint    ] Total time for which application threads were stopped: 0.0005297 seconds, Stopping threads took: 0.0002029 seconds
[2022-06-13T03:24:24.011+0000][1][safepoint    ] Application time: 1.0002055 seconds
[2022-06-13T03:24:24.012+0000][1][safepoint    ] Entering safepoint region: Cleanup
[2022-06-13T03:24:24.012+0000][1][safepoint    ] Leaving safepoint region
[2022-06-13T03:24:24.012+0000][1][safepoint    ] Total time for which application threads were stopped: 0.0005623 seconds, Stopping threads took: 0.0002566 seconds
[2022-06-13T03:24:25.013+0000][1][safepoint    ] Application time: 1.0002528 seconds
[2022-06-13T03:24:25.013+0000][1][safepoint    ] Entering safepoint region: Cleanup
[2022-06-13T03:24:25.014+0000][1][safepoint    ] Leaving safepoint region
[2022-06-13T03:24:25.014+0000][1][safepoint    ] Total time for which application threads were stopped: 0.0008407 seconds, Stopping threads took: 0.0003436 seconds
[2022-06-13T03:24:26.015+0000][1][safepoint    ] Application time: 1.0003070 seconds
[2022-06-13T03:24:26.015+0000][1][safepoint    ] Entering safepoint region: Cleanup
[2022-06-13T03:24:26.016+0000][1][safepoint    ] Leaving safepoint region
[2022-06-13T03:24:26.017+0000][1][safepoint    ] Total time for which application threads were stopped: 0.0014960 seconds, Stopping threads took: 0.0006998 seconds
[2022-06-13T03:24:27.018+0000][1][safepoint    ] Application time: 1.0003285 seconds
[2022-06-13T03:24:27.019+0000][1][safepoint    ] Entering safepoint region: Cleanup
[2022-06-13T03:24:27.019+0000][1][safepoint    ] Leaving safepoint region
[2022-06-13T03:24:27.019+0000][1][safepoint    ] Total time for which application threads were stopped: 0.0008570 seconds, Stopping threads took: 0.0005027 seconds
[2022-06-13T03:24:28.020+0000][1][safepoint    ] Application time: 1.0002054 seconds
[2022-06-13T03:24:28.020+0000][1][safepoint    ] Entering safepoint region: Cleanup
[2022-06-13T03:24:28.021+0000][1][safepoint    ] Leaving safepoint region
[2022-06-13T03:24:28.022+0000][1][safepoint    ] Total time for which application threads were stopped: 0.0012756 seconds, Stopping threads took: 0.0005539 seconds
[2022-06-13T03:24:29.022+0000][1][safepoint    ] Application time: 1.0001810 seconds
[2022-06-13T03:24:29.023+0000][1][safepoint    ] Entering safepoint region: Cleanup
[2022-06-13T03:24:29.024+0000][1][safepoint    ] Leaving safepoint region
[2022-06-13T03:24:29.024+0000][1][safepoint    ] Total time for which application threads were stopped: 0.0011385 seconds, Stopping threads took: 0.0004527 seconds
[2022-06-13T03:24:30.025+0000][1][safepoint    ] Application time: 1.0002093 seconds
[2022-06-13T03:24:30.025+0000][1][safepoint    ] Entering safepoint region: Cleanup
[2022-06-13T03:24:30.026+0000][1][safepoint    ] Leaving safepoint region
[2022-06-13T03:24:30.026+0000][1][safepoint    ] Total time for which application threads were stopped: 0.0007130 seconds, Stopping threads took: 0.0003645 seconds
[2022-06-13T03:24:31.026+0000][1][safepoint    ] Application time: 1.0001409 seconds
[2022-06-13T03:24:31.027+0000][1][safepoint    ] Entering safepoint region: Cleanup
[2022-06-13T03:24:31.027+0000][1][safepoint    ] Leaving safepoint region
[2022-06-13T03:24:31.027+0000][1][safepoint    ] Total time for which application threads were stopped: 0.0005535 seconds, Stopping threads took: 0.0001946 seconds
[2022-06-13T03:24:32.028+0000][1][safepoint    ] Application time: 1.0001607 seconds
[2022-06-13T03:24:32.029+0000][1][safepoint    ] Entering safepoint region: Cleanup
[2022-06-13T03:24:32.030+0000][1][safepoint    ] Leaving safepoint region
[2022-06-13T03:24:32.030+0000][1][safepoint    ] Total time for which application threads were stopped: 0.0012898 seconds, Stopping threads took: 0.0006460 seconds
[2022-06-13T03:24:33.031+0000][1][safepoint    ] Application time: 1.0003407 seconds
[2022-06-13T03:24:33.032+0000][1][safepoint    ] Entering safepoint region: Cleanup
[2022-06-13T03:24:33.032+0000][1][safepoint    ] Leaving safepoint region
[2022-06-13T03:24:33.033+0000][1][safepoint    ] Total time for which application threads were stopped: 0.0012298 seconds, Stopping threads took: 0.0005505 seconds
[2022-06-13T03:24:34.033+0000][1][safepoint    ] Application time: 1.0001978 seconds
[2022-06-13T03:24:34.034+0000][1][safepoint    ] Entering safepoint region: Cleanup
[2022-06-13T03:24:34.034+0000][1][safepoint    ] Leaving safepoint region
[2022-06-13T03:24:34.035+0000][1][safepoint    ] Total time for which application threads were stopped: 0.0007561 seconds, Stopping threads took: 0.0003365 seconds
[2022-06-13T03:24:35.035+0000][1][safepoint    ] Application time: 1.0001478 seconds
[2022-06-13T03:24:35.036+0000][1][safepoint    ] Entering safepoint region: Cleanup
[2022-06-13T03:24:35.036+0000][1][safepoint    ] Leaving safepoint region
[2022-06-13T03:24:35.037+0000][1][safepoint    ] Total time for which application threads were stopped: 0.0008892 seconds, Stopping threads took: 0.0003464 seconds
[2022-06-13T03:24:36.037+0000][1][safepoint    ] Application time: 1.0001734 seconds
[2022-06-13T03:24:36.037+0000][1][safepoint    ] Entering safepoint region: Cleanup
[2022-06-13T03:24:36.038+0000][1][safepoint    ] Leaving safepoint region
[2022-06-13T03:24:36.038+0000][1][safepoint    ] Total time for which application threads were stopped: 0.0004386 seconds, Stopping threads took: 0.0001862 seconds
[2022-06-13T03:24:37.038+0000][1][safepoint    ] Application time: 1.0002315 seconds
[2022-06-13T03:24:37.039+0000][1][safepoint    ] Entering safepoint region: Cleanup
[2022-06-13T03:24:37.039+0000][1][safepoint    ] Leaving safepoint region
[2022-06-13T03:24:37.040+0000][1][safepoint    ] Total time for which application threads were stopped: 0.0010684 seconds, Stopping threads took: 0.0004807 seconds
[2022-06-13T03:24:38.040+0000][1][safepoint    ] Application time: 1.0002382 seconds
[2022-06-13T03:24:38.041+0000][1][safepoint    ] Entering safepoint region: Cleanup
[2022-06-13T03:24:38.041+0000][1][safepoint    ] Leaving safepoint region
[2022-06-13T03:24:38.042+0000][1][safepoint    ] Total time for which application threads were stopped: 0.0009618 seconds, Stopping threads took: 0.0004385 seconds
[2022-06-13T03:24:39.043+0000][1][safepoint    ] Application time: 1.0002533 seconds
[2022-06-13T03:24:39.043+0000][1][safepoint    ] Entering safepoint region: Cleanup
[2022-06-13T03:24:39.044+0000][1][safepoint    ] Leaving safepoint region
[2022-06-13T03:24:39.044+0000][1][safepoint    ] Total time for which application threads were stopped: 0.0012505 seconds, Stopping threads took: 0.0005895 seconds
[2022-06-13T03:24:40.045+0000][1][safepoint    ] Application time: 1.0001514 seconds
[2022-06-13T03:24:40.046+0000][1][safepoint    ] Entering safepoint region: Cleanup
[2022-06-13T03:24:40.046+0000][1][safepoint    ] Leaving safepoint region
[2022-06-13T03:24:40.046+0000][1][safepoint    ] Total time for which application threads were stopped: 0.0005569 seconds, Stopping threads took: 0.0001611 seconds
[2022-06-13T03:24:41.046+0000][1][safepoint    ] Application time: 1.0002497 seconds
[2022-06-13T03:24:41.047+0000][1][safepoint    ] Entering safepoint region: Cleanup
[2022-06-13T03:24:41.047+0000][1][safepoint    ] Leaving safepoint region
[2022-06-13T03:24:41.048+0000][1][safepoint    ] Total time for which application threads were stopped: 0.0009589 seconds, Stopping threads took: 0.0003227 seconds
[2022-06-13T03:24:42.048+0000][1][safepoint    ] Application time: 1.0001488 seconds
[2022-06-13T03:24:42.049+0000][1][safepoint    ] Entering safepoint region: Cleanup
[2022-06-13T03:24:42.050+0000][1][safepoint    ] Leaving safepoint region
[2022-06-13T03:24:42.050+0000][1][safepoint    ] Total time for which application threads were stopped: 0.0008536 seconds, Stopping threads took: 0.0004784 seconds
[2022-06-13T03:24:43.050+0000][1][safepoint    ] Application time: 1.0002034 seconds
[2022-06-13T03:24:43.051+0000][1][safepoint    ] Entering safepoint region: Cleanup
[2022-06-13T03:24:43.051+0000][1][safepoint    ] Leaving safepoint region
[2022-06-13T03:24:43.052+0000][1][safepoint    ] Total time for which application threads were stopped: 0.0009424 seconds, Stopping threads took: 0.0003965 seconds
[2022-06-13T03:24:44.052+0000][1][safepoint    ] Application time: 1.0001113 seconds
[2022-06-13T03:24:44.052+0000][1][safepoint    ] Entering safepoint region: Cleanup
[2022-06-13T03:24:44.053+0000][1][safepoint    ] Leaving safepoint region
[2022-06-13T03:24:44.053+0000][1][safepoint    ] Total time for which application threads were stopped: 0.0004566 seconds, Stopping threads took: 0.0002098 seconds
[2022-06-13T03:24:45.053+0000][1][safepoint    ] Application time: 1.0001359 seconds
[2022-06-13T03:24:45.054+0000][1][safepoint    ] Entering safepoint region: Cleanup
[2022-06-13T03:24:45.054+0000][1][safepoint    ] Leaving safepoint region
[2022-06-13T03:24:45.055+0000][1][safepoint    ] Total time for which application threads were stopped: 0.0007824 seconds, Stopping threads took: 0.0003877 seconds
[2022-06-13T03:24:46.055+0000][1][safepoint    ] Application time: 1.0001149 seconds
[2022-06-13T03:24:46.055+0000][1][safepoint    ] Entering safepoint region: Cleanup
[2022-06-13T03:24:46.055+0000][1][safepoint    ] Leaving safepoint region
[2022-06-13T03:24:46.056+0000][1][safepoint    ] Total time for which application threads were stopped: 0.0004016 seconds, Stopping threads took: 0.0001841 seconds
[2022-06-13T03:24:47.056+0000][1][safepoint    ] Application time: 1.0001364 seconds
[2022-06-13T03:24:47.056+0000][1][safepoint    ] Entering safepoint region: Cleanup
[2022-06-13T03:24:47.056+0000][1][safepoint    ] Leaving safepoint region
[2022-06-13T03:24:47.057+0000][1][safepoint    ] Total time for which application threads were stopped: 0.0004437 seconds, Stopping threads took: 0.0002001 seconds
[2022-06-13T03:24:48.057+0000][1][safepoint    ] Application time: 1.0001129 seconds
[2022-06-13T03:24:48.057+0000][1][safepoint    ] Entering safepoint region: Cleanup
[2022-06-13T03:24:48.058+0000][1][safepoint    ] Leaving safepoint region
[2022-06-13T03:24:48.059+0000][1][safepoint    ] Total time for which application threads were stopped: 0.0015080 seconds, Stopping threads took: 0.0005409 seconds
[2022-06-13T03:24:49.060+0000][1][safepoint    ] Application time: 1.0006170 seconds
[2022-06-13T03:24:49.060+0000][1][safepoint    ] Entering safepoint region: Cleanup
[2022-06-13T03:24:49.060+0000][1][safepoint    ] Leaving safepoint region
[2022-06-13T03:24:49.060+0000][1][safepoint    ] Total time for which application threads were stopped: 0.0005419 seconds, Stopping threads took: 0.0002354 seconds
[2022-06-13T03:24:50.061+0000][1][safepoint    ] Application time: 1.0001210 seconds
[2022-06-13T03:24:50.061+0000][1][safepoint    ] Entering safepoint region: Cleanup
[2022-06-13T03:24:50.061+0000][1][safepoint    ] Leaving safepoint region
[2022-06-13T03:24:50.061+0000][1][safepoint    ] Total time for which application threads were stopped: 0.0004440 seconds, Stopping threads took: 0.0001790 seconds
[2022-06-13T03:24:51.061+0000][1][safepoint    ] Application time: 1.0001082 seconds
[2022-06-13T03:24:51.062+0000][1][safepoint    ] Entering safepoint region: Cleanup
[2022-06-13T03:24:51.062+0000][1][safepoint    ] Leaving safepoint region
[2022-06-13T03:24:51.062+0000][1][safepoint    ] Total time for which application threads were stopped: 0.0004845 seconds, Stopping threads took: 0.0001250 seconds
[2022-06-13T03:24:52.062+0000][1][safepoint    ] Application time: 1.0001110 seconds
[2022-06-13T03:24:52.063+0000][1][safepoint    ] Entering safepoint region: Cleanup
[2022-06-13T03:24:52.063+0000][1][safepoint    ] Leaving safepoint region
[2022-06-13T03:24:52.063+0000][1][safepoint    ] Total time for which application threads were stopped: 0.0006909 seconds, Stopping threads took: 0.0003743 seconds
[2022-06-13T03:24:53.064+0000][1][safepoint    ] Application time: 1.0002980 seconds
[2022-06-13T03:24:53.064+0000][1][safepoint    ] Entering safepoint region: Cleanup
[2022-06-13T03:24:53.065+0000][1][safepoint    ] Leaving safepoint region
[2022-06-13T03:24:53.065+0000][1][safepoint    ] Total time for which application threads were stopped: 0.0009750 seconds, Stopping threads took: 0.0003635 seconds
[2022-06-13T03:24:54.066+0000][1][safepoint    ] Application time: 1.0003594 seconds
[2022-06-13T03:24:54.067+0000][1][safepoint    ] Entering safepoint region: Cleanup
[2022-06-13T03:24:54.067+0000][1][safepoint    ] Leaving safepoint region
[2022-06-13T03:24:54.067+0000][1][safepoint    ] Total time for which application threads were stopped: 0.0004068 seconds, Stopping threads took: 0.0001696 seconds
[2022-06-13T03:24:55.067+0000][1][safepoint    ] Application time: 1.0002235 seconds
[2022-06-13T03:24:55.068+0000][1][safepoint    ] Entering safepoint region: Cleanup
[2022-06-13T03:24:55.068+0000][1][safepoint    ] Leaving safepoint region
[2022-06-13T03:24:55.068+0000][1][safepoint    ] Total time for which application threads were stopped: 0.0005144 seconds, Stopping threads took: 0.0002628 seconds
[2022-06-13T03:24:56.069+0000][1][safepoint    ] Application time: 1.0002561 seconds
[2022-06-13T03:24:56.070+0000][1][safepoint    ] Entering safepoint region: Cleanup
[2022-06-13T03:24:56.070+0000][1][safepoint    ] Leaving safepoint region
[2022-06-13T03:24:56.071+0000][1][safepoint    ] Total time for which application threads were stopped: 0.0011753 seconds, Stopping threads took: 0.0004950 seconds
[2022-06-13T03:24:57.071+0000][1][safepoint    ] Application time: 1.0001892 seconds
[2022-06-13T03:24:57.072+0000][1][safepoint    ] Entering safepoint region: Cleanup
[2022-06-13T03:24:57.072+0000][1][safepoint    ] Leaving safepoint region
[2022-06-13T03:24:57.072+0000][1][safepoint    ] Total time for which application threads were stopped: 0.0005278 seconds, Stopping threads took: 0.0002298 seconds
[2022-06-13T03:24:58.073+0000][1][safepoint    ] Application time: 1.0003371 seconds
[2022-06-13T03:24:58.073+0000][1][safepoint    ] Entering safepoint region: Cleanup
[2022-06-13T03:24:58.074+0000][1][safepoint    ] Leaving safepoint region
[2022-06-13T03:24:58.074+0000][1][safepoint    ] Total time for which application threads were stopped: 0.0010961 seconds, Stopping threads took: 0.0004981 seconds
