[2022-06-13T01:51:08.910+0000][1][gc] Using Concurrent Mark Sweep
[2022-06-13T01:51:08.911+0000][1][gc,heap,coops] Heap address: 0x00000000f0000000, size: 256 MB, Compressed Oops mode: 32-bit
[2022-06-13T01:51:08.977+0000][1][safepoint    ] Entering safepoint region: EnableBiasedLocking
[2022-06-13T01:51:08.978+0000][1][safepoint    ] Leaving safepoint region
[2022-06-13T01:51:08.978+0000][1][safepoint    ] Total time for which application threads were stopped: 0.0014088 seconds, Stopping threads took: 0.0006724 seconds
[2022-06-13T01:51:08.988+0000][1][safepoint    ] Application time: 0.0078622 seconds
[2022-06-13T01:51:08.989+0000][1][safepoint    ] Entering safepoint region: RevokeBias
[2022-06-13T01:51:08.995+0000][1][safepoint    ] Leaving safepoint region
[2022-06-13T01:51:08.995+0000][1][safepoint    ] Total time for which application threads were stopped: 0.0065950 seconds, Stopping threads took: 0.0060943 seconds
[2022-06-13T01:51:09.012+0000][1][safepoint    ] Application time: 0.0161143 seconds
[2022-06-13T01:51:09.012+0000][1][safepoint    ] Entering safepoint region: Deoptimize
[2022-06-13T01:51:09.012+0000][1][safepoint    ] Leaving safepoint region
[2022-06-13T01:51:09.012+0000][1][safepoint    ] Total time for which application threads were stopped: 0.0005408 seconds, Stopping threads took: 0.0002441 seconds
[2022-06-13T01:51:09.142+0000][1][safepoint    ] Application time: 0.1292417 seconds
[2022-06-13T01:51:09.142+0000][1][safepoint    ] Entering safepoint region: RevokeBias
[2022-06-13T01:51:09.143+0000][1][safepoint    ] Leaving safepoint region
[2022-06-13T01:51:09.143+0000][1][safepoint    ] Total time for which application threads were stopped: 0.0009122 seconds, Stopping threads took: 0.0004267 seconds
[2022-06-13T01:51:09.193+0000][1][safepoint    ] Application time: 0.0498683 seconds
[2022-06-13T01:51:09.194+0000][1][safepoint    ] Entering safepoint region: Deoptimize
[2022-06-13T01:51:09.194+0000][1][safepoint    ] Leaving safepoint region
[2022-06-13T01:51:09.194+0000][1][safepoint    ] Total time for which application threads were stopped: 0.0006074 seconds, Stopping threads took: 0.0002829 seconds
[2022-06-13T01:51:09.689+0000][1][safepoint    ] Application time: 0.4947783 seconds
[2022-06-13T01:51:09.694+0000][1][safepoint    ] Entering safepoint region: Deoptimize
[2022-06-13T01:51:09.695+0000][1][safepoint    ] Leaving safepoint region
[2022-06-13T01:51:09.696+0000][1][safepoint    ] Total time for which application threads were stopped: 0.0060738 seconds, Stopping threads took: 0.0053728 seconds
[2022-06-13T01:51:09.728+0000][1][safepoint    ] Application time: 0.0318898 seconds
[2022-06-13T01:51:09.728+0000][1][safepoint    ] Entering safepoint region: Deoptimize
[2022-06-13T01:51:09.729+0000][1][safepoint    ] Leaving safepoint region
[2022-06-13T01:51:09.729+0000][1][safepoint    ] Total time for which application threads were stopped: 0.0008125 seconds, Stopping threads took: 0.0002945 seconds
[2022-06-13T01:51:09.798+0000][1][safepoint    ] Application time: 0.0685435 seconds
[2022-06-13T01:51:09.799+0000][1][safepoint    ] Entering safepoint region: Deoptimize
[2022-06-13T01:51:09.799+0000][1][safepoint    ] Leaving safepoint region
[2022-06-13T01:51:09.800+0000][1][safepoint    ] Total time for which application threads were stopped: 0.0010658 seconds, Stopping threads took: 0.0003173 seconds
[2022-06-13T01:51:09.821+0000][1][safepoint    ] Application time: 0.0210883 seconds
[2022-06-13T01:51:09.822+0000][1][safepoint    ] Entering safepoint region: Deoptimize
[2022-06-13T01:51:09.822+0000][1][safepoint    ] Leaving safepoint region
[2022-06-13T01:51:09.823+0000][1][safepoint    ] Total time for which application threads were stopped: 0.0011582 seconds, Stopping threads took: 0.0002918 seconds
[2022-06-13T01:51:10.590+0000][1][safepoint    ] Application time: 0.7672233 seconds
[2022-06-13T01:51:10.591+0000][1][safepoint    ] Entering safepoint region: Deoptimize
[2022-06-13T01:51:10.591+0000][1][safepoint    ] Leaving safepoint region
[2022-06-13T01:51:10.592+0000][1][safepoint    ] Total time for which application threads were stopped: 0.0015072 seconds, Stopping threads took: 0.0003173 seconds
[2022-06-13T01:51:10.980+0000][1][safepoint    ] Application time: 0.3872755 seconds
[2022-06-13T01:51:10.980+0000][1][safepoint    ] Entering safepoint region: RevokeBias
[2022-06-13T01:51:10.981+0000][1][safepoint    ] Leaving safepoint region
[2022-06-13T01:51:10.981+0000][1][safepoint    ] Total time for which application threads were stopped: 0.0007446 seconds, Stopping threads took: 0.0002958 seconds
[2022-06-13T01:51:11.161+0000][1][safepoint    ] Application time: 0.1800571 seconds
[2022-06-13T01:51:11.162+0000][1][safepoint    ] Entering safepoint region: Deoptimize
[2022-06-13T01:51:11.163+0000][1][safepoint    ] Leaving safepoint region
[2022-06-13T01:51:11.164+0000][1][safepoint    ] Total time for which application threads were stopped: 0.0021174 seconds, Stopping threads took: 0.0004503 seconds
[2022-06-13T01:51:11.380+0000][1][safepoint    ] Application time: 0.2156831 seconds
[2022-06-13T01:51:11.381+0000][1][safepoint    ] Entering safepoint region: Deoptimize
[2022-06-13T01:51:11.382+0000][1][safepoint    ] Leaving safepoint region
[2022-06-13T01:51:11.382+0000][1][safepoint    ] Total time for which application threads were stopped: 0.0012793 seconds, Stopping threads took: 0.0004181 seconds
[2022-06-13T01:51:11.383+0000][1][safepoint    ] Application time: 0.0009740 seconds
[2022-06-13T01:51:11.385+0000][1][safepoint    ] Entering safepoint region: Deoptimize
[2022-06-13T01:51:11.385+0000][1][safepoint    ] Leaving safepoint region
[2022-06-13T01:51:11.386+0000][1][safepoint    ] Total time for which application threads were stopped: 0.0009838 seconds, Stopping threads took: 0.0002920 seconds
[2022-06-13T01:51:11.453+0000][1][safepoint    ] Application time: 0.0673020 seconds
[2022-06-13T01:51:11.454+0000][1][safepoint    ] Entering safepoint region: Deoptimize
[2022-06-13T01:51:11.454+0000][1][safepoint    ] Leaving safepoint region
[2022-06-13T01:51:11.454+0000][1][safepoint    ] Total time for which application threads were stopped: 0.0009206 seconds, Stopping threads took: 0.0003545 seconds
[2022-06-13T01:51:11.467+0000][1][safepoint    ] Application time: 0.0128051 seconds
[2022-06-13T01:51:11.469+0000][1][safepoint    ] Entering safepoint region: RevokeBias
[2022-06-13T01:51:11.469+0000][1][safepoint    ] Leaving safepoint region
[2022-06-13T01:51:11.470+0000][1][safepoint    ] Total time for which application threads were stopped: 0.0008621 seconds, Stopping threads took: 0.0004652 seconds
[2022-06-13T01:51:11.470+0000][1][safepoint    ] Application time: 0.0003948 seconds
[2022-06-13T01:51:11.471+0000][1][safepoint    ] Entering safepoint region: RevokeBias
[2022-06-13T01:51:11.471+0000][1][safepoint    ] Leaving safepoint region
[2022-06-13T01:51:11.472+0000][1][safepoint    ] Total time for which application threads were stopped: 0.0008752 seconds, Stopping threads took: 0.0005345 seconds
[2022-06-13T01:51:11.472+0000][1][safepoint    ] Application time: 0.0003125 seconds
[2022-06-13T01:51:11.473+0000][1][safepoint    ] Entering safepoint region: RevokeBias
[2022-06-13T01:51:11.473+0000][1][safepoint    ] Leaving safepoint region
[2022-06-13T01:51:11.473+0000][1][safepoint    ] Total time for which application threads were stopped: 0.0007191 seconds, Stopping threads took: 0.0003245 seconds
[2022-06-13T01:51:11.475+0000][1][safepoint    ] Application time: 0.0008611 seconds
[2022-06-13T01:51:11.475+0000][1][safepoint    ] Entering safepoint region: RevokeBias
[2022-06-13T01:51:11.475+0000][1][safepoint    ] Leaving safepoint region
[2022-06-13T01:51:11.476+0000][1][safepoint    ] Total time for which application threads were stopped: 0.0005865 seconds, Stopping threads took: 0.0002366 seconds
[2022-06-13T01:51:11.476+0000][1][safepoint    ] Application time: 0.0001945 seconds
[2022-06-13T01:51:11.476+0000][1][safepoint    ] Entering safepoint region: RevokeBias
[2022-06-13T01:51:11.476+0000][1][safepoint    ] Leaving safepoint region
[2022-06-13T01:51:11.477+0000][1][safepoint    ] Total time for which application threads were stopped: 0.0005006 seconds, Stopping threads took: 0.0002715 seconds
[2022-06-13T01:51:11.487+0000][1][safepoint    ] Application time: 0.0095809 seconds
[2022-06-13T01:51:11.487+0000][1][safepoint    ] Entering safepoint region: Deoptimize
[2022-06-13T01:51:11.488+0000][1][safepoint    ] Leaving safepoint region
[2022-06-13T01:51:11.488+0000][1][safepoint    ] Total time for which application threads were stopped: 0.0012599 seconds, Stopping threads took: 0.0003630 seconds
[2022-06-13T01:51:11.626+0000][1][safepoint    ] Application time: 0.1375990 seconds
[2022-06-13T01:51:11.626+0000][1][safepoint    ] Entering safepoint region: GenCollectForAllocation
[2022-06-13T01:51:11.627+0000][1][gc,start     ] GC(0) Pause Young (Allocation Failure)
[2022-06-13T01:51:11.628+0000][1][gc,task      ] GC(0) Using 5 workers of 13 for evacuation
[2022-06-13T01:51:11.637+0000][1][gc,age       ] GC(0) Desired survivor size 4456448 bytes, new threshold 1 (max threshold 6)
[2022-06-13T01:51:11.638+0000][1][gc,age       ] GC(0) Age table with threshold 1 (max threshold 6)
[2022-06-13T01:51:11.639+0000][1][gc,age       ] GC(0) - age   1:    8125664 bytes,    8125664 total
[2022-06-13T01:51:11.639+0000][1][gc,heap      ] GC(0) ParNew: 69952K->8044K(78656K)
[2022-06-13T01:51:11.640+0000][1][gc,heap      ] GC(0) CMS: 0K->0K(174784K)
[2022-06-13T01:51:11.640+0000][1][gc,metaspace ] GC(0) Metaspace: 12256K->12256K(1060864K)
[2022-06-13T01:51:11.640+0000][1][gc           ] GC(0) Pause Young (Allocation Failure) 68M->7M(247M) 13.483ms
[2022-06-13T01:51:11.641+0000][1][gc,cpu       ] GC(0) User=0.09s Sys=0.00s Real=0.02s
[2022-06-13T01:51:11.641+0000][1][safepoint    ] Leaving safepoint region
[2022-06-13T01:51:11.642+0000][1][safepoint    ] Total time for which application threads were stopped: 0.0151340 seconds, Stopping threads took: 0.0003433 seconds
[2022-06-13T01:51:11.643+0000][1][safepoint    ] Application time: 0.0009972 seconds
[2022-06-13T01:51:11.644+0000][1][safepoint    ] Entering safepoint region: RevokeBias
[2022-06-13T01:51:11.644+0000][1][safepoint    ] Leaving safepoint region
[2022-06-13T01:51:11.645+0000][1][safepoint    ] Total time for which application threads were stopped: 0.0012696 seconds, Stopping threads took: 0.0005149 seconds
[2022-06-13T01:51:11.648+0000][1][safepoint    ] Application time: 0.0023093 seconds
[2022-06-13T01:51:11.648+0000][1][safepoint    ] Entering safepoint region: RevokeBias
[2022-06-13T01:51:11.648+0000][1][safepoint    ] Leaving safepoint region
[2022-06-13T01:51:11.649+0000][1][safepoint    ] Total time for which application threads were stopped: 0.0006204 seconds, Stopping threads took: 0.0003441 seconds
[2022-06-13T01:51:11.649+0000][1][safepoint    ] Application time: 0.0000760 seconds
[2022-06-13T01:51:11.650+0000][1][safepoint    ] Entering safepoint region: RevokeBias
[2022-06-13T01:51:11.650+0000][1][safepoint    ] Leaving safepoint region
[2022-06-13T01:51:11.650+0000][1][safepoint    ] Total time for which application threads were stopped: 0.0008350 seconds, Stopping threads took: 0.0004125 seconds
[2022-06-13T01:51:11.651+0000][1][safepoint    ] Application time: 0.0000951 seconds
[2022-06-13T01:51:11.652+0000][1][safepoint    ] Entering safepoint region: RevokeBias
[2022-06-13T01:51:11.652+0000][1][safepoint    ] Leaving safepoint region
[2022-06-13T01:51:11.652+0000][1][safepoint    ] Total time for which application threads were stopped: 0.0007471 seconds, Stopping threads took: 0.0003479 seconds
[2022-06-13T01:51:11.653+0000][1][safepoint    ] Application time: 0.0002785 seconds
[2022-06-13T01:51:11.653+0000][1][safepoint    ] Entering safepoint region: RevokeBias
[2022-06-13T01:51:11.654+0000][1][safepoint    ] Leaving safepoint region
[2022-06-13T01:51:11.654+0000][1][safepoint    ] Total time for which application threads were stopped: 0.0007420 seconds, Stopping threads took: 0.0003386 seconds
[2022-06-13T01:51:11.654+0000][1][safepoint    ] Application time: 0.0000840 seconds
[2022-06-13T01:51:11.655+0000][1][safepoint    ] Entering safepoint region: RevokeBias
[2022-06-13T01:51:11.655+0000][1][safepoint    ] Leaving safepoint region
[2022-06-13T01:51:11.655+0000][1][safepoint    ] Total time for which application threads were stopped: 0.0005785 seconds, Stopping threads took: 0.0002587 seconds
[2022-06-13T01:51:11.656+0000][1][safepoint    ] Application time: 0.0001532 seconds
[2022-06-13T01:51:11.656+0000][1][safepoint    ] Entering safepoint region: RevokeBias
[2022-06-13T01:51:11.656+0000][1][safepoint    ] Leaving safepoint region
[2022-06-13T01:51:11.657+0000][1][safepoint    ] Total time for which application threads were stopped: 0.0006740 seconds, Stopping threads took: 0.0003639 seconds
[2022-06-13T01:51:11.657+0000][1][safepoint    ] Application time: 0.0002198 seconds
[2022-06-13T01:51:11.657+0000][1][safepoint    ] Entering safepoint region: RevokeBias
[2022-06-13T01:51:11.658+0000][1][safepoint    ] Leaving safepoint region
[2022-06-13T01:51:11.658+0000][1][safepoint    ] Total time for which application threads were stopped: 0.0006611 seconds, Stopping threads took: 0.0003251 seconds
[2022-06-13T01:51:11.658+0000][1][safepoint    ] Application time: 0.0001490 seconds
[2022-06-13T01:51:11.659+0000][1][safepoint    ] Entering safepoint region: RevokeBias
[2022-06-13T01:51:11.659+0000][1][safepoint    ] Leaving safepoint region
[2022-06-13T01:51:11.659+0000][1][safepoint    ] Total time for which application threads were stopped: 0.0006669 seconds, Stopping threads took: 0.0003157 seconds
[2022-06-13T01:51:11.660+0000][1][safepoint    ] Application time: 0.0001986 seconds
[2022-06-13T01:51:11.661+0000][1][safepoint    ] Entering safepoint region: RevokeBias
[2022-06-13T01:51:11.661+0000][1][safepoint    ] Leaving safepoint region
[2022-06-13T01:51:11.661+0000][1][safepoint    ] Total time for which application threads were stopped: 0.0008616 seconds, Stopping threads took: 0.0003007 seconds
[2022-06-13T01:51:11.662+0000][1][safepoint    ] Application time: 0.0003398 seconds
[2022-06-13T01:51:11.662+0000][1][safepoint    ] Entering safepoint region: RevokeBias
[2022-06-13T01:51:11.663+0000][1][safepoint    ] Leaving safepoint region
[2022-06-13T01:51:11.663+0000][1][safepoint    ] Total time for which application threads were stopped: 0.0009263 seconds, Stopping threads took: 0.0005927 seconds
[2022-06-13T01:51:11.664+0000][1][safepoint    ] Application time: 0.0004194 seconds
[2022-06-13T01:51:11.665+0000][1][safepoint    ] Entering safepoint region: RevokeBias
[2022-06-13T01:51:11.666+0000][1][safepoint    ] Leaving safepoint region
[2022-06-13T01:51:11.666+0000][1][safepoint    ] Total time for which application threads were stopped: 0.0021378 seconds, Stopping threads took: 0.0015817 seconds
[2022-06-13T01:51:11.667+0000][1][safepoint    ] Application time: 0.0006918 seconds
[2022-06-13T01:51:11.668+0000][1][safepoint    ] Entering safepoint region: RevokeBias
[2022-06-13T01:51:11.669+0000][1][safepoint    ] Leaving safepoint region
[2022-06-13T01:51:11.670+0000][1][safepoint    ] Total time for which application threads were stopped: 0.0019997 seconds, Stopping threads took: 0.0014977 seconds
[2022-06-13T01:51:11.670+0000][1][safepoint    ] Application time: 0.0002055 seconds
[2022-06-13T01:51:11.671+0000][1][safepoint    ] Entering safepoint region: RevokeBias
[2022-06-13T01:51:11.671+0000][1][safepoint    ] Leaving safepoint region
[2022-06-13T01:51:11.672+0000][1][safepoint    ] Total time for which application threads were stopped: 0.0008090 seconds, Stopping threads took: 0.0003493 seconds
[2022-06-13T01:51:11.672+0000][1][safepoint    ] Application time: 0.0001826 seconds
[2022-06-13T01:51:11.673+0000][1][safepoint    ] Entering safepoint region: RevokeBias
[2022-06-13T01:51:11.673+0000][1][safepoint    ] Leaving safepoint region
[2022-06-13T01:51:11.674+0000][1][safepoint    ] Total time for which application threads were stopped: 0.0008230 seconds, Stopping threads took: 0.0004223 seconds
[2022-06-13T01:51:11.674+0000][1][safepoint    ] Application time: 0.0002126 seconds
[2022-06-13T01:51:11.675+0000][1][safepoint    ] Entering safepoint region: RevokeBias
[2022-06-13T01:51:11.675+0000][1][safepoint    ] Leaving safepoint region
[2022-06-13T01:51:11.675+0000][1][safepoint    ] Total time for which application threads were stopped: 0.0007892 seconds, Stopping threads took: 0.0004462 seconds
[2022-06-13T01:51:11.679+0000][1][safepoint    ] Application time: 0.0032714 seconds
[2022-06-13T01:51:11.680+0000][1][safepoint    ] Entering safepoint region: RevokeBias
[2022-06-13T01:51:11.682+0000][1][safepoint    ] Leaving safepoint region
[2022-06-13T01:51:11.683+0000][1][safepoint    ] Total time for which application threads were stopped: 0.0029910 seconds, Stopping threads took: 0.0019154 seconds
[2022-06-13T01:51:11.683+0000][1][safepoint    ] Application time: 0.0003679 seconds
[2022-06-13T01:51:11.684+0000][1][safepoint    ] Entering safepoint region: RevokeBias
[2022-06-13T01:51:11.684+0000][1][safepoint    ] Leaving safepoint region
[2022-06-13T01:51:11.684+0000][1][safepoint    ] Total time for which application threads were stopped: 0.0007710 seconds, Stopping threads took: 0.0004358 seconds
[2022-06-13T01:51:11.685+0000][1][safepoint    ] Application time: 0.0001391 seconds
[2022-06-13T01:51:11.685+0000][1][safepoint    ] Entering safepoint region: RevokeBias
[2022-06-13T01:51:11.686+0000][1][safepoint    ] Leaving safepoint region
[2022-06-13T01:51:11.686+0000][1][safepoint    ] Total time for which application threads were stopped: 0.0008056 seconds, Stopping threads took: 0.0002684 seconds
[2022-06-13T01:51:11.686+0000][1][safepoint    ] Application time: 0.0001836 seconds
[2022-06-13T01:51:11.687+0000][1][safepoint    ] Entering safepoint region: RevokeBias
[2022-06-13T01:51:11.687+0000][1][safepoint    ] Leaving safepoint region
[2022-06-13T01:51:11.688+0000][1][safepoint    ] Total time for which application threads were stopped: 0.0008632 seconds, Stopping threads took: 0.0005594 seconds
[2022-06-13T01:51:11.688+0000][1][safepoint    ] Application time: 0.0001258 seconds
[2022-06-13T01:51:11.688+0000][1][safepoint    ] Entering safepoint region: RevokeBias
[2022-06-13T01:51:11.689+0000][1][safepoint    ] Leaving safepoint region
[2022-06-13T01:51:11.699+0000][1][safepoint    ] Total time for which application threads were stopped: 0.0109112 seconds, Stopping threads took: 0.0007565 seconds
[2022-06-13T01:51:11.702+0000][1][safepoint    ] Application time: 0.0021721 seconds
[2022-06-13T01:51:11.703+0000][1][safepoint    ] Entering safepoint region: RevokeBias
[2022-06-13T01:51:11.704+0000][1][safepoint    ] Leaving safepoint region
[2022-06-13T01:51:11.705+0000][1][safepoint    ] Total time for which application threads were stopped: 0.0016829 seconds, Stopping threads took: 0.0009519 seconds
[2022-06-13T01:51:11.709+0000][1][safepoint    ] Application time: 0.0038756 seconds
[2022-06-13T01:51:11.709+0000][1][safepoint    ] Entering safepoint region: RevokeBias
[2022-06-13T01:51:11.710+0000][1][safepoint    ] Leaving safepoint region
[2022-06-13T01:51:11.710+0000][1][safepoint    ] Total time for which application threads were stopped: 0.0009431 seconds, Stopping threads took: 0.0003649 seconds
[2022-06-13T01:51:11.719+0000][1][safepoint    ] Application time: 0.0083516 seconds
[2022-06-13T01:51:11.720+0000][1][safepoint    ] Entering safepoint region: RevokeBias
[2022-06-13T01:51:11.720+0000][1][safepoint    ] Leaving safepoint region
[2022-06-13T01:51:11.720+0000][1][safepoint    ] Total time for which application threads were stopped: 0.0006756 seconds, Stopping threads took: 0.0003022 seconds
[2022-06-13T01:51:11.721+0000][1][safepoint    ] Application time: 0.0001970 seconds
[2022-06-13T01:51:11.721+0000][1][safepoint    ] Entering safepoint region: RevokeBias
[2022-06-13T01:51:11.721+0000][1][safepoint    ] Leaving safepoint region
[2022-06-13T01:51:11.722+0000][1][safepoint    ] Total time for which application threads were stopped: 0.0007137 seconds, Stopping threads took: 0.0002822 seconds
[2022-06-13T01:51:11.723+0000][1][safepoint    ] Application time: 0.0007006 seconds
[2022-06-13T01:51:11.723+0000][1][safepoint    ] Entering safepoint region: RevokeBias
[2022-06-13T01:51:11.723+0000][1][safepoint    ] Leaving safepoint region
[2022-06-13T01:51:11.724+0000][1][safepoint    ] Total time for which application threads were stopped: 0.0008157 seconds, Stopping threads took: 0.0004362 seconds
[2022-06-13T01:51:11.724+0000][1][safepoint    ] Application time: 0.0001895 seconds
[2022-06-13T01:51:11.725+0000][1][safepoint    ] Entering safepoint region: RevokeBias
[2022-06-13T01:51:11.725+0000][1][safepoint    ] Leaving safepoint region
[2022-06-13T01:51:11.725+0000][1][safepoint    ] Total time for which application threads were stopped: 0.0006977 seconds, Stopping threads took: 0.0003263 seconds
[2022-06-13T01:51:12.232+0000][1][safepoint    ] Application time: 0.5050006 seconds
[2022-06-13T01:51:12.233+0000][1][safepoint    ] Entering safepoint region: Deoptimize
[2022-06-13T01:51:12.234+0000][1][safepoint    ] Leaving safepoint region
[2022-06-13T01:51:12.234+0000][1][safepoint    ] Total time for which application threads were stopped: 0.0014925 seconds, Stopping threads took: 0.0006386 seconds
[2022-06-13T01:51:12.528+0000][1][safepoint    ] Application time: 0.2938970 seconds
[2022-06-13T01:51:12.530+0000][1][safepoint    ] Entering safepoint region: RevokeBias
[2022-06-13T01:51:12.531+0000][1][safepoint    ] Leaving safepoint region
[2022-06-13T01:51:12.531+0000][1][safepoint    ] Total time for which application threads were stopped: 0.0017353 seconds, Stopping threads took: 0.0008260 seconds
[2022-06-13T01:51:12.699+0000][1][safepoint    ] Application time: 0.1675745 seconds
[2022-06-13T01:51:12.700+0000][1][safepoint    ] Entering safepoint region: RevokeBias
[2022-06-13T01:51:12.700+0000][1][safepoint    ] Leaving safepoint region
[2022-06-13T01:51:12.701+0000][1][safepoint    ] Total time for which application threads were stopped: 0.0010413 seconds, Stopping threads took: 0.0006221 seconds
[2022-06-13T01:51:12.721+0000][1][safepoint    ] Application time: 0.0199928 seconds
[2022-06-13T01:51:12.721+0000][1][safepoint    ] Entering safepoint region: RevokeBias
[2022-06-13T01:51:12.722+0000][1][safepoint    ] Leaving safepoint region
[2022-06-13T01:51:12.722+0000][1][safepoint    ] Total time for which application threads were stopped: 0.0008896 seconds, Stopping threads took: 0.0003771 seconds
[2022-06-13T01:51:12.729+0000][1][safepoint    ] Application time: 0.0057165 seconds
[2022-06-13T01:51:12.729+0000][1][safepoint    ] Entering safepoint region: RevokeBias
[2022-06-13T01:51:12.730+0000][1][safepoint    ] Leaving safepoint region
[2022-06-13T01:51:12.730+0000][1][safepoint    ] Total time for which application threads were stopped: 0.0007572 seconds, Stopping threads took: 0.0003627 seconds
[2022-06-13T01:51:12.768+0000][1][safepoint    ] Application time: 0.0382238 seconds
[2022-06-13T01:51:12.769+0000][1][safepoint    ] Entering safepoint region: GenCollectForAllocation
[2022-06-13T01:51:12.769+0000][1][gc,start     ] GC(1) Pause Young (Allocation Failure)
[2022-06-13T01:51:12.770+0000][1][gc,task      ] GC(1) Using 5 workers of 13 for evacuation
[2022-06-13T01:51:12.814+0000][1][gc,age       ] GC(1) Desired survivor size 4456448 bytes, new threshold 6 (max threshold 6)
[2022-06-13T01:51:12.814+0000][1][gc,age       ] GC(1) Age table with threshold 6 (max threshold 6)
[2022-06-13T01:51:12.815+0000][1][gc,age       ] GC(1) - age   1:    2007320 bytes,    2007320 total
[2022-06-13T01:51:12.815+0000][1][gc,heap      ] GC(1) ParNew: 77996K->5351K(78656K)
[2022-06-13T01:51:12.816+0000][1][gc,heap      ] GC(1) CMS: 0K->6649K(174784K)
[2022-06-13T01:51:12.816+0000][1][gc,metaspace ] GC(1) Metaspace: 14854K->14854K(1062912K)
[2022-06-13T01:51:12.816+0000][1][gc           ] GC(1) Pause Young (Allocation Failure) 76M->11M(247M) 46.983ms
[2022-06-13T01:51:12.817+0000][1][gc,cpu       ] GC(1) User=0.12s Sys=0.01s Real=0.04s
[2022-06-13T01:51:12.817+0000][1][safepoint    ] Leaving safepoint region
[2022-06-13T01:51:12.817+0000][1][safepoint    ] Total time for which application threads were stopped: 0.0485312 seconds, Stopping threads took: 0.0003209 seconds
[2022-06-13T01:51:12.819+0000][1][safepoint    ] Application time: 0.0014899 seconds
[2022-06-13T01:51:12.820+0000][1][safepoint    ] Entering safepoint region: RevokeBias
[2022-06-13T01:51:12.821+0000][1][safepoint    ] Leaving safepoint region
[2022-06-13T01:51:12.821+0000][1][safepoint    ] Total time for which application threads were stopped: 0.0015549 seconds, Stopping threads took: 0.0007712 seconds
[2022-06-13T01:51:12.822+0000][1][safepoint    ] Application time: 0.0002664 seconds
[2022-06-13T01:51:12.822+0000][1][safepoint    ] Entering safepoint region: RevokeBias
[2022-06-13T01:51:12.823+0000][1][safepoint    ] Leaving safepoint region
[2022-06-13T01:51:12.823+0000][1][safepoint    ] Total time for which application threads were stopped: 0.0007574 seconds, Stopping threads took: 0.0004346 seconds
[2022-06-13T01:51:12.823+0000][1][safepoint    ] Application time: 0.0001530 seconds
[2022-06-13T01:51:12.824+0000][1][safepoint    ] Entering safepoint region: RevokeBias
[2022-06-13T01:51:12.824+0000][1][safepoint    ] Leaving safepoint region
[2022-06-13T01:51:12.824+0000][1][safepoint    ] Total time for which application threads were stopped: 0.0007410 seconds, Stopping threads took: 0.0004412 seconds
[2022-06-13T01:51:12.825+0000][1][safepoint    ] Application time: 0.0001966 seconds
[2022-06-13T01:51:12.825+0000][1][safepoint    ] Entering safepoint region: RevokeBias
[2022-06-13T01:51:12.826+0000][1][safepoint    ] Leaving safepoint region
[2022-06-13T01:51:12.826+0000][1][safepoint    ] Total time for which application threads were stopped: 0.0008179 seconds, Stopping threads took: 0.0003097 seconds
[2022-06-13T01:51:12.827+0000][1][safepoint    ] Application time: 0.0002325 seconds
[2022-06-13T01:51:12.827+0000][1][safepoint    ] Entering safepoint region: RevokeBias
[2022-06-13T01:51:12.828+0000][1][safepoint    ] Leaving safepoint region
[2022-06-13T01:51:12.828+0000][1][safepoint    ] Total time for which application threads were stopped: 0.0007350 seconds, Stopping threads took: 0.0003684 seconds
[2022-06-13T01:51:12.829+0000][1][safepoint    ] Application time: 0.0001587 seconds
[2022-06-13T01:51:12.829+0000][1][safepoint    ] Entering safepoint region: RevokeBias
[2022-06-13T01:51:12.829+0000][1][safepoint    ] Leaving safepoint region
[2022-06-13T01:51:12.829+0000][1][safepoint    ] Total time for which application threads were stopped: 0.0005930 seconds, Stopping threads took: 0.0003189 seconds
[2022-06-13T01:51:12.830+0000][1][safepoint    ] Application time: 0.0002018 seconds
[2022-06-13T01:51:12.831+0000][1][safepoint    ] Entering safepoint region: RevokeBias
[2022-06-13T01:51:12.831+0000][1][safepoint    ] Leaving safepoint region
[2022-06-13T01:51:12.832+0000][1][safepoint    ] Total time for which application threads were stopped: 0.0009229 seconds, Stopping threads took: 0.0005093 seconds
[2022-06-13T01:51:12.832+0000][1][safepoint    ] Application time: 0.0001950 seconds
[2022-06-13T01:51:12.833+0000][1][safepoint    ] Entering safepoint region: RevokeBias
[2022-06-13T01:51:12.833+0000][1][safepoint    ] Leaving safepoint region
[2022-06-13T01:51:12.833+0000][1][safepoint    ] Total time for which application threads were stopped: 0.0007650 seconds, Stopping threads took: 0.0003110 seconds
[2022-06-13T01:51:12.834+0000][1][safepoint    ] Application time: 0.0001966 seconds
[2022-06-13T01:51:12.834+0000][1][safepoint    ] Entering safepoint region: RevokeBias
[2022-06-13T01:51:12.835+0000][1][safepoint    ] Leaving safepoint region
[2022-06-13T01:51:12.835+0000][1][safepoint    ] Total time for which application threads were stopped: 0.0005938 seconds, Stopping threads took: 0.0002823 seconds
[2022-06-13T01:51:12.835+0000][1][safepoint    ] Application time: 0.0003497 seconds
[2022-06-13T01:51:12.836+0000][1][safepoint    ] Entering safepoint region: RevokeBias
[2022-06-13T01:51:12.836+0000][1][safepoint    ] Leaving safepoint region
[2022-06-13T01:51:12.836+0000][1][safepoint    ] Total time for which application threads were stopped: 0.0005807 seconds, Stopping threads took: 0.0002584 seconds
[2022-06-13T01:51:12.837+0000][1][safepoint    ] Application time: 0.0001941 seconds
[2022-06-13T01:51:12.837+0000][1][safepoint    ] Entering safepoint region: BulkRevokeBias
[2022-06-13T01:51:12.838+0000][1][safepoint    ] Leaving safepoint region
[2022-06-13T01:51:12.838+0000][1][safepoint    ] Total time for which application threads were stopped: 0.0006603 seconds, Stopping threads took: 0.0004108 seconds
[2022-06-13T01:51:12.838+0000][1][safepoint    ] Application time: 0.0000976 seconds
[2022-06-13T01:51:12.838+0000][1][safepoint    ] Entering safepoint region: RevokeBias
[2022-06-13T01:51:12.839+0000][1][safepoint    ] Leaving safepoint region
[2022-06-13T01:51:12.839+0000][1][safepoint    ] Total time for which application threads were stopped: 0.0005290 seconds, Stopping threads took: 0.0002807 seconds
[2022-06-13T01:51:12.839+0000][1][safepoint    ] Application time: 0.0003856 seconds
[2022-06-13T01:51:12.840+0000][1][safepoint    ] Entering safepoint region: BulkRevokeBias
[2022-06-13T01:51:12.840+0000][1][safepoint    ] Leaving safepoint region
[2022-06-13T01:51:12.840+0000][1][safepoint    ] Total time for which application threads were stopped: 0.0007131 seconds, Stopping threads took: 0.0003835 seconds
[2022-06-13T01:51:13.075+0000][1][safepoint    ] Application time: 0.2347281 seconds
[2022-06-13T01:51:13.076+0000][1][safepoint    ] Entering safepoint region: GenCollectForAllocation
[2022-06-13T01:51:13.077+0000][1][gc,start     ] GC(2) Pause Young (Allocation Failure)
[2022-06-13T01:51:13.078+0000][1][gc,task      ] GC(2) Using 5 workers of 13 for evacuation
[2022-06-13T01:51:13.083+0000][1][gc,age       ] GC(2) Desired survivor size 4456448 bytes, new threshold 6 (max threshold 6)
[2022-06-13T01:51:13.083+0000][1][gc,age       ] GC(2) Age table with threshold 6 (max threshold 6)
[2022-06-13T01:51:13.083+0000][1][gc,age       ] GC(2) - age   1:    2643960 bytes,    2643960 total
[2022-06-13T01:51:13.084+0000][1][gc,age       ] GC(2) - age   2:    1181856 bytes,    3825816 total
[2022-06-13T01:51:13.084+0000][1][gc,heap      ] GC(2) ParNew: 75303K->4752K(78656K)
[2022-06-13T01:51:13.084+0000][1][gc,heap      ] GC(2) CMS: 6649K->6649K(174784K)
[2022-06-13T01:51:13.084+0000][1][gc,metaspace ] GC(2) Metaspace: 14991K->14991K(1062912K)
[2022-06-13T01:51:13.085+0000][1][gc           ] GC(2) Pause Young (Allocation Failure) 80M->11M(247M) 7.712ms
[2022-06-13T01:51:13.085+0000][1][gc,cpu       ] GC(2) User=0.02s Sys=0.00s Real=0.01s
[2022-06-13T01:51:13.086+0000][1][safepoint    ] Leaving safepoint region
[2022-06-13T01:51:13.086+0000][1][safepoint    ] Total time for which application threads were stopped: 0.0096174 seconds, Stopping threads took: 0.0004734 seconds
[2022-06-13T01:51:13.087+0000][1][safepoint    ] Application time: 0.0003773 seconds
[2022-06-13T01:51:13.087+0000][1][safepoint    ] Entering safepoint region: RevokeBias
[2022-06-13T01:51:13.087+0000][1][safepoint    ] Leaving safepoint region
[2022-06-13T01:51:13.088+0000][1][safepoint    ] Total time for which application threads were stopped: 0.0007239 seconds, Stopping threads took: 0.0003641 seconds
[2022-06-13T01:51:13.088+0000][1][safepoint    ] Application time: 0.0001607 seconds
[2022-06-13T01:51:13.089+0000][1][safepoint    ] Entering safepoint region: RevokeBias
[2022-06-13T01:51:13.089+0000][1][safepoint    ] Leaving safepoint region
[2022-06-13T01:51:13.089+0000][1][safepoint    ] Total time for which application threads were stopped: 0.0006401 seconds, Stopping threads took: 0.0002944 seconds
[2022-06-13T01:51:13.090+0000][1][safepoint    ] Application time: 0.0002315 seconds
[2022-06-13T01:51:13.092+0000][1][safepoint    ] Entering safepoint region: RevokeBias
[2022-06-13T01:51:13.092+0000][1][safepoint    ] Leaving safepoint region
[2022-06-13T01:51:13.094+0000][1][safepoint    ] Total time for which application threads were stopped: 0.0020353 seconds, Stopping threads took: 0.0005288 seconds
[2022-06-13T01:51:13.094+0000][1][safepoint    ] Application time: 0.0003105 seconds
[2022-06-13T01:51:13.095+0000][1][safepoint    ] Entering safepoint region: RevokeBias
[2022-06-13T01:51:13.095+0000][1][safepoint    ] Leaving safepoint region
[2022-06-13T01:51:13.095+0000][1][safepoint    ] Total time for which application threads were stopped: 0.0006321 seconds, Stopping threads took: 0.0003189 seconds
[2022-06-13T01:51:13.096+0000][1][safepoint    ] Application time: 0.0003194 seconds
[2022-06-13T01:51:13.096+0000][1][safepoint    ] Entering safepoint region: RevokeBias
[2022-06-13T01:51:13.097+0000][1][safepoint    ] Leaving safepoint region
[2022-06-13T01:51:13.097+0000][1][safepoint    ] Total time for which application threads were stopped: 0.0006900 seconds, Stopping threads took: 0.0002732 seconds
[2022-06-13T01:51:13.098+0000][1][safepoint    ] Application time: 0.0001882 seconds
[2022-06-13T01:51:13.098+0000][1][safepoint    ] Entering safepoint region: RevokeBias
[2022-06-13T01:51:13.099+0000][1][safepoint    ] Leaving safepoint region
[2022-06-13T01:51:13.099+0000][1][safepoint    ] Total time for which application threads were stopped: 0.0010318 seconds, Stopping threads took: 0.0003169 seconds
[2022-06-13T01:51:13.366+0000][1][safepoint    ] Application time: 0.2661776 seconds
[2022-06-13T01:51:13.366+0000][1][safepoint    ] Entering safepoint region: Deoptimize
[2022-06-13T01:51:13.367+0000][1][safepoint    ] Leaving safepoint region
[2022-06-13T01:51:13.367+0000][1][safepoint    ] Total time for which application threads were stopped: 0.0011184 seconds, Stopping threads took: 0.0002467 seconds
[2022-06-13T01:51:13.368+0000][1][safepoint    ] Application time: 0.0008791 seconds
[2022-06-13T01:51:13.369+0000][1][safepoint    ] Entering safepoint region: Deoptimize
[2022-06-13T01:51:13.369+0000][1][safepoint    ] Leaving safepoint region
[2022-06-13T01:51:13.370+0000][1][safepoint    ] Total time for which application threads were stopped: 0.0009253 seconds, Stopping threads took: 0.0002459 seconds
[2022-06-13T01:51:13.736+0000][1][safepoint    ] Application time: 0.3666231 seconds
[2022-06-13T01:51:13.738+0000][1][safepoint    ] Entering safepoint region: GenCollectForAllocation
[2022-06-13T01:51:13.742+0000][1][gc,start     ] GC(3) Pause Young (Allocation Failure)
[2022-06-13T01:51:13.742+0000][1][gc,task      ] GC(3) Using 5 workers of 13 for evacuation
[2022-06-13T01:51:13.757+0000][1][gc,age       ] GC(3) Desired survivor size 4456448 bytes, new threshold 3 (max threshold 6)
[2022-06-13T01:51:13.758+0000][1][gc,age       ] GC(3) Age table with threshold 3 (max threshold 6)
[2022-06-13T01:51:13.759+0000][1][gc,age       ] GC(3) - age   1:    3235624 bytes,    3235624 total
[2022-06-13T01:51:13.760+0000][1][gc,age       ] GC(3) - age   2:     294040 bytes,    3529664 total
[2022-06-13T01:51:13.760+0000][1][gc,age       ] GC(3) - age   3:    1178472 bytes,    4708136 total
[2022-06-13T01:51:13.761+0000][1][gc,heap      ] GC(3) ParNew: 74704K->5553K(78656K)
[2022-06-13T01:51:13.763+0000][1][gc,heap      ] GC(3) CMS: 6649K->6649K(174784K)
[2022-06-13T01:51:13.764+0000][1][gc,metaspace ] GC(3) Metaspace: 18255K->18255K(1067008K)
[2022-06-13T01:51:13.770+0000][1][gc           ] GC(3) Pause Young (Allocation Failure) 79M->11M(247M) 28.094ms
[2022-06-13T01:51:13.771+0000][1][gc,cpu       ] GC(3) User=0.07s Sys=0.00s Real=0.03s
[2022-06-13T01:51:13.771+0000][1][safepoint    ] Leaving safepoint region
[2022-06-13T01:51:13.771+0000][1][safepoint    ] Total time for which application threads were stopped: 0.0333559 seconds, Stopping threads took: 0.0026346 seconds
[2022-06-13T01:51:13.773+0000][1][safepoint    ] Application time: 0.0017439 seconds
[2022-06-13T01:51:13.774+0000][1][safepoint    ] Entering safepoint region: RevokeBias
[2022-06-13T01:51:13.775+0000][1][safepoint    ] Leaving safepoint region
[2022-06-13T01:51:13.776+0000][1][safepoint    ] Total time for which application threads were stopped: 0.0013159 seconds, Stopping threads took: 0.0006295 seconds
[2022-06-13T01:51:13.776+0000][1][safepoint    ] Application time: 0.0000550 seconds
[2022-06-13T01:51:13.776+0000][1][safepoint    ] Entering safepoint region: RevokeBias
[2022-06-13T01:51:13.777+0000][1][safepoint    ] Leaving safepoint region
[2022-06-13T01:51:13.777+0000][1][safepoint    ] Total time for which application threads were stopped: 0.0007710 seconds, Stopping threads took: 0.0003880 seconds
[2022-06-13T01:51:13.777+0000][1][safepoint    ] Application time: 0.0000541 seconds
[2022-06-13T01:51:13.778+0000][1][safepoint    ] Entering safepoint region: RevokeBias
[2022-06-13T01:51:13.778+0000][1][safepoint    ] Leaving safepoint region
[2022-06-13T01:51:13.778+0000][1][safepoint    ] Total time for which application threads were stopped: 0.0005697 seconds, Stopping threads took: 0.0002314 seconds
[2022-06-13T01:51:13.778+0000][1][safepoint    ] Application time: 0.0000608 seconds
[2022-06-13T01:51:13.779+0000][1][safepoint    ] Entering safepoint region: RevokeBias
[2022-06-13T01:51:13.779+0000][1][safepoint    ] Leaving safepoint region
[2022-06-13T01:51:13.779+0000][1][safepoint    ] Total time for which application threads were stopped: 0.0005672 seconds, Stopping threads took: 0.0002642 seconds
[2022-06-13T01:51:13.779+0000][1][safepoint    ] Application time: 0.0000556 seconds
[2022-06-13T01:51:13.780+0000][1][safepoint    ] Entering safepoint region: RevokeBias
[2022-06-13T01:51:13.780+0000][1][safepoint    ] Leaving safepoint region
[2022-06-13T01:51:13.780+0000][1][safepoint    ] Total time for which application threads were stopped: 0.0005037 seconds, Stopping threads took: 0.0002102 seconds
[2022-06-13T01:51:13.781+0000][1][safepoint    ] Application time: 0.0000891 seconds
[2022-06-13T01:51:13.781+0000][1][safepoint    ] Entering safepoint region: RevokeBias
[2022-06-13T01:51:13.781+0000][1][safepoint    ] Leaving safepoint region
[2022-06-13T01:51:13.781+0000][1][safepoint    ] Total time for which application threads were stopped: 0.0005350 seconds, Stopping threads took: 0.0002347 seconds
[2022-06-13T01:51:13.782+0000][1][safepoint    ] Application time: 0.0000779 seconds
[2022-06-13T01:51:13.782+0000][1][safepoint    ] Entering safepoint region: RevokeBias
[2022-06-13T01:51:13.782+0000][1][safepoint    ] Leaving safepoint region
[2022-06-13T01:51:13.782+0000][1][safepoint    ] Total time for which application threads were stopped: 0.0004852 seconds, Stopping threads took: 0.0002162 seconds
[2022-06-13T01:51:13.783+0000][1][safepoint    ] Application time: 0.0000325 seconds
[2022-06-13T01:51:13.783+0000][1][safepoint    ] Entering safepoint region: RevokeBias
[2022-06-13T01:51:13.783+0000][1][safepoint    ] Leaving safepoint region
[2022-06-13T01:51:13.783+0000][1][safepoint    ] Total time for which application threads were stopped: 0.0005685 seconds, Stopping threads took: 0.0002454 seconds
[2022-06-13T01:51:13.784+0000][1][safepoint    ] Application time: 0.0000798 seconds
[2022-06-13T01:51:13.784+0000][1][safepoint    ] Entering safepoint region: RevokeBias
[2022-06-13T01:51:13.784+0000][1][safepoint    ] Leaving safepoint region
[2022-06-13T01:51:13.785+0000][1][safepoint    ] Total time for which application threads were stopped: 0.0005949 seconds, Stopping threads took: 0.0002591 seconds
[2022-06-13T01:51:13.785+0000][1][safepoint    ] Application time: 0.0000669 seconds
[2022-06-13T01:51:13.785+0000][1][safepoint    ] Entering safepoint region: RevokeBias
[2022-06-13T01:51:13.785+0000][1][safepoint    ] Leaving safepoint region
[2022-06-13T01:51:13.786+0000][1][safepoint    ] Total time for which application threads were stopped: 0.0006188 seconds, Stopping threads took: 0.0002602 seconds
[2022-06-13T01:51:13.786+0000][1][safepoint    ] Application time: 0.0000957 seconds
[2022-06-13T01:51:13.787+0000][1][safepoint    ] Entering safepoint region: RevokeBias
[2022-06-13T01:51:13.788+0000][1][safepoint    ] Leaving safepoint region
[2022-06-13T01:51:13.788+0000][1][safepoint    ] Total time for which application threads were stopped: 0.0006282 seconds, Stopping threads took: 0.0002782 seconds
[2022-06-13T01:51:13.788+0000][1][safepoint    ] Application time: 0.0000513 seconds
[2022-06-13T01:51:13.789+0000][1][safepoint    ] Entering safepoint region: RevokeBias
[2022-06-13T01:51:13.790+0000][1][safepoint    ] Leaving safepoint region
[2022-06-13T01:51:13.790+0000][1][safepoint    ] Total time for which application threads were stopped: 0.0009094 seconds, Stopping threads took: 0.0006048 seconds
[2022-06-13T01:51:13.790+0000][1][safepoint    ] Application time: 0.0000711 seconds
[2022-06-13T01:51:13.790+0000][1][safepoint    ] Entering safepoint region: RevokeBias
[2022-06-13T01:51:13.791+0000][1][safepoint    ] Leaving safepoint region
[2022-06-13T01:51:13.791+0000][1][safepoint    ] Total time for which application threads were stopped: 0.0005730 seconds, Stopping threads took: 0.0002138 seconds
[2022-06-13T01:51:13.791+0000][1][safepoint    ] Application time: 0.0000461 seconds
[2022-06-13T01:51:13.792+0000][1][safepoint    ] Entering safepoint region: RevokeBias
[2022-06-13T01:51:13.793+0000][1][safepoint    ] Leaving safepoint region
[2022-06-13T01:51:13.793+0000][1][safepoint    ] Total time for which application threads were stopped: 0.0014591 seconds, Stopping threads took: 0.0010085 seconds
[2022-06-13T01:51:13.793+0000][1][safepoint    ] Application time: 0.0000713 seconds
[2022-06-13T01:51:13.795+0000][1][safepoint    ] Entering safepoint region: RevokeBias
[2022-06-13T01:51:13.795+0000][1][safepoint    ] Leaving safepoint region
[2022-06-13T01:51:13.795+0000][1][safepoint    ] Total time for which application threads were stopped: 0.0014723 seconds, Stopping threads took: 0.0011434 seconds
[2022-06-13T01:51:13.796+0000][1][safepoint    ] Application time: 0.0000731 seconds
[2022-06-13T01:51:13.796+0000][1][safepoint    ] Entering safepoint region: RevokeBias
[2022-06-13T01:51:13.797+0000][1][safepoint    ] Leaving safepoint region
[2022-06-13T01:51:13.797+0000][1][safepoint    ] Total time for which application threads were stopped: 0.0005635 seconds, Stopping threads took: 0.0002390 seconds
[2022-06-13T01:51:13.797+0000][1][safepoint    ] Application time: 0.0001013 seconds
[2022-06-13T01:51:13.798+0000][1][safepoint    ] Entering safepoint region: RevokeBias
[2022-06-13T01:51:13.798+0000][1][safepoint    ] Leaving safepoint region
[2022-06-13T01:51:13.798+0000][1][safepoint    ] Total time for which application threads were stopped: 0.0009282 seconds, Stopping threads took: 0.0004899 seconds
[2022-06-13T01:51:13.800+0000][1][safepoint    ] Application time: 0.0011082 seconds
[2022-06-13T01:51:13.801+0000][1][safepoint    ] Entering safepoint region: RevokeBias
[2022-06-13T01:51:13.801+0000][1][safepoint    ] Leaving safepoint region
[2022-06-13T01:51:13.802+0000][1][safepoint    ] Total time for which application threads were stopped: 0.0008042 seconds, Stopping threads took: 0.0004013 seconds
[2022-06-13T01:51:13.802+0000][1][safepoint    ] Application time: 0.0001743 seconds
[2022-06-13T01:51:13.802+0000][1][safepoint    ] Entering safepoint region: RevokeBias
[2022-06-13T01:51:13.803+0000][1][safepoint    ] Leaving safepoint region
[2022-06-13T01:51:13.809+0000][1][safepoint    ] Total time for which application threads were stopped: 0.0064511 seconds, Stopping threads took: 0.0002541 seconds
[2022-06-13T01:51:13.813+0000][1][safepoint    ] Application time: 0.0001818 seconds
[2022-06-13T01:51:13.825+0000][1][safepoint    ] Entering safepoint region: RevokeBias
[2022-06-13T01:51:13.827+0000][1][safepoint    ] Leaving safepoint region
[2022-06-13T01:51:13.827+0000][1][safepoint    ] Total time for which application threads were stopped: 0.0077006 seconds, Stopping threads took: 0.0070857 seconds
[2022-06-13T01:51:13.828+0000][1][safepoint    ] Application time: 0.0001642 seconds
[2022-06-13T01:51:13.828+0000][1][safepoint    ] Entering safepoint region: RevokeBias
[2022-06-13T01:51:13.828+0000][1][safepoint    ] Leaving safepoint region
[2022-06-13T01:51:13.829+0000][1][safepoint    ] Total time for which application threads were stopped: 0.0005906 seconds, Stopping threads took: 0.0002574 seconds
[2022-06-13T01:51:14.082+0000][1][safepoint    ] Application time: 0.2532564 seconds
[2022-06-13T01:51:14.083+0000][1][safepoint    ] Entering safepoint region: GenCollectForAllocation
[2022-06-13T01:51:14.083+0000][1][gc,start     ] GC(4) Pause Young (Allocation Failure)
[2022-06-13T01:51:14.084+0000][1][gc,task      ] GC(4) Using 5 workers of 13 for evacuation
[2022-06-13T01:51:14.089+0000][1][gc,age       ] GC(4) Desired survivor size 4456448 bytes, new threshold 3 (max threshold 6)
[2022-06-13T01:51:14.090+0000][1][gc,age       ] GC(4) Age table with threshold 3 (max threshold 6)
[2022-06-13T01:51:14.090+0000][1][gc,age       ] GC(4) - age   1:    1150560 bytes,    1150560 total
[2022-06-13T01:51:14.090+0000][1][gc,age       ] GC(4) - age   2:    3200816 bytes,    4351376 total
[2022-06-13T01:51:14.091+0000][1][gc,age       ] GC(4) - age   3:     293512 bytes,    4644888 total
[2022-06-13T01:51:14.091+0000][1][gc,heap      ] GC(4) ParNew: 75505K->6782K(78656K)
[2022-06-13T01:51:14.091+0000][1][gc,heap      ] GC(4) CMS: 6649K->7832K(174784K)
[2022-06-13T01:51:14.092+0000][1][gc,metaspace ] GC(4) Metaspace: 18703K->18703K(1067008K)
[2022-06-13T01:51:14.092+0000][1][gc           ] GC(4) Pause Young (Allocation Failure) 80M->14M(247M) 8.587ms
[2022-06-13T01:51:14.092+0000][1][gc,cpu       ] GC(4) User=0.03s Sys=0.00s Real=0.01s
[2022-06-13T01:51:14.093+0000][1][safepoint    ] Leaving safepoint region
[2022-06-13T01:51:14.093+0000][1][safepoint    ] Total time for which application threads were stopped: 0.0105608 seconds, Stopping threads took: 0.0004827 seconds
[2022-06-13T01:51:14.094+0000][1][safepoint    ] Application time: 0.0005141 seconds
[2022-06-13T01:51:14.095+0000][1][safepoint    ] Entering safepoint region: RevokeBias
[2022-06-13T01:51:14.096+0000][1][safepoint    ] Leaving safepoint region
[2022-06-13T01:51:14.096+0000][1][safepoint    ] Total time for which application threads were stopped: 0.0016225 seconds, Stopping threads took: 0.0008283 seconds
[2022-06-13T01:51:14.097+0000][1][safepoint    ] Application time: 0.0000634 seconds
[2022-06-13T01:51:14.097+0000][1][safepoint    ] Entering safepoint region: RevokeBias
[2022-06-13T01:51:14.097+0000][1][safepoint    ] Leaving safepoint region
[2022-06-13T01:51:14.098+0000][1][safepoint    ] Total time for which application threads were stopped: 0.0009377 seconds, Stopping threads took: 0.0002968 seconds
[2022-06-13T01:51:14.099+0000][1][safepoint    ] Application time: 0.0001987 seconds
[2022-06-13T01:51:14.099+0000][1][safepoint    ] Entering safepoint region: RevokeBias
[2022-06-13T01:51:14.099+0000][1][safepoint    ] Leaving safepoint region
[2022-06-13T01:51:14.099+0000][1][safepoint    ] Total time for which application threads were stopped: 0.0006455 seconds, Stopping threads took: 0.0003174 seconds
[2022-06-13T01:51:14.100+0000][1][safepoint    ] Application time: 0.0002457 seconds
[2022-06-13T01:51:14.101+0000][1][safepoint    ] Entering safepoint region: RevokeBias
[2022-06-13T01:51:14.101+0000][1][safepoint    ] Leaving safepoint region
[2022-06-13T01:51:14.101+0000][1][safepoint    ] Total time for which application threads were stopped: 0.0007819 seconds, Stopping threads took: 0.0004145 seconds
[2022-06-13T01:51:14.167+0000][1][safepoint    ] Application time: 0.0650584 seconds
[2022-06-13T01:51:14.172+0000][1][safepoint    ] Entering safepoint region: Deoptimize
[2022-06-13T01:51:14.174+0000][1][safepoint    ] Leaving safepoint region
[2022-06-13T01:51:14.175+0000][1][safepoint    ] Total time for which application threads were stopped: 0.0025978 seconds, Stopping threads took: 0.0015840 seconds
[2022-06-13T01:51:14.261+0000][1][safepoint    ] Application time: 0.0857819 seconds
[2022-06-13T01:51:14.265+0000][1][safepoint    ] Entering safepoint region: Deoptimize
[2022-06-13T01:51:14.266+0000][1][safepoint    ] Leaving safepoint region
[2022-06-13T01:51:14.267+0000][1][safepoint    ] Total time for which application threads were stopped: 0.0019686 seconds, Stopping threads took: 0.0009274 seconds
[2022-06-13T01:51:14.450+0000][1][safepoint    ] Application time: 0.1832731 seconds
[2022-06-13T01:51:14.453+0000][1][safepoint    ] Entering safepoint region: GenCollectForAllocation
[2022-06-13T01:51:14.454+0000][1][gc,start     ] GC(5) Pause Young (Allocation Failure)
[2022-06-13T01:51:14.457+0000][1][gc,task      ] GC(5) Using 5 workers of 13 for evacuation
[2022-06-13T01:51:14.471+0000][1][gc,age       ] GC(5) Desired survivor size 4456448 bytes, new threshold 3 (max threshold 6)
[2022-06-13T01:51:14.472+0000][1][gc,age       ] GC(5) Age table with threshold 3 (max threshold 6)
[2022-06-13T01:51:14.472+0000][1][gc,age       ] GC(5) - age   1:    2186720 bytes,    2186720 total
[2022-06-13T01:51:14.472+0000][1][gc,age       ] GC(5) - age   2:     575512 bytes,    2762232 total
[2022-06-13T01:51:14.473+0000][1][gc,age       ] GC(5) - age   3:    3196616 bytes,    5958848 total
[2022-06-13T01:51:14.473+0000][1][gc,heap      ] GC(5) ParNew: 76734K->7429K(78656K)
[2022-06-13T01:51:14.473+0000][1][gc,heap      ] GC(5) CMS: 7832K->8122K(174784K)
[2022-06-13T01:51:14.474+0000][1][gc,metaspace ] GC(5) Metaspace: 19014K->19014K(1067008K)
[2022-06-13T01:51:14.474+0000][1][gc           ] GC(5) Pause Young (Allocation Failure) 82M->15M(247M) 20.360ms
[2022-06-13T01:51:14.474+0000][1][gc,cpu       ] GC(5) User=0.10s Sys=0.01s Real=0.02s
[2022-06-13T01:51:14.475+0000][1][safepoint    ] Leaving safepoint region
[2022-06-13T01:51:14.475+0000][1][safepoint    ] Total time for which application threads were stopped: 0.0218158 seconds, Stopping threads took: 0.0004966 seconds
[2022-06-13T01:51:14.479+0000][1][safepoint    ] Application time: 0.0042897 seconds
[2022-06-13T01:51:14.480+0000][1][safepoint    ] Entering safepoint region: RevokeBias
[2022-06-13T01:51:14.489+0000][1][safepoint    ] Leaving safepoint region
[2022-06-13T01:51:14.490+0000][1][safepoint    ] Total time for which application threads were stopped: 0.0100192 seconds, Stopping threads took: 0.0094253 seconds
[2022-06-13T01:51:14.490+0000][1][safepoint    ] Application time: 0.0000642 seconds
[2022-06-13T01:51:14.490+0000][1][safepoint    ] Entering safepoint region: RevokeBias
[2022-06-13T01:51:14.491+0000][1][safepoint    ] Leaving safepoint region
[2022-06-13T01:51:14.492+0000][1][safepoint    ] Total time for which application threads were stopped: 0.0015624 seconds, Stopping threads took: 0.0003107 seconds
[2022-06-13T01:51:14.492+0000][1][safepoint    ] Application time: 0.0000576 seconds
[2022-06-13T01:51:14.492+0000][1][safepoint    ] Entering safepoint region: RevokeBias
[2022-06-13T01:51:14.493+0000][1][safepoint    ] Leaving safepoint region
[2022-06-13T01:51:14.493+0000][1][safepoint    ] Total time for which application threads were stopped: 0.0007394 seconds, Stopping threads took: 0.0001921 seconds
[2022-06-13T01:51:14.493+0000][1][safepoint    ] Application time: 0.0000451 seconds
[2022-06-13T01:51:14.494+0000][1][safepoint    ] Entering safepoint region: RevokeBias
[2022-06-13T01:51:14.494+0000][1][safepoint    ] Leaving safepoint region
[2022-06-13T01:51:14.494+0000][1][safepoint    ] Total time for which application threads were stopped: 0.0005554 seconds, Stopping threads took: 0.0002038 seconds
[2022-06-13T01:51:14.494+0000][1][safepoint    ] Application time: 0.0000499 seconds
[2022-06-13T01:51:14.495+0000][1][safepoint    ] Entering safepoint region: RevokeBias
[2022-06-13T01:51:14.495+0000][1][safepoint    ] Leaving safepoint region
[2022-06-13T01:51:14.495+0000][1][safepoint    ] Total time for which application threads were stopped: 0.0004492 seconds, Stopping threads took: 0.0001690 seconds
[2022-06-13T01:51:14.495+0000][1][safepoint    ] Application time: 0.0000337 seconds
[2022-06-13T01:51:14.495+0000][1][safepoint    ] Entering safepoint region: RevokeBias
[2022-06-13T01:51:14.496+0000][1][safepoint    ] Leaving safepoint region
[2022-06-13T01:51:14.496+0000][1][safepoint    ] Total time for which application threads were stopped: 0.0006416 seconds, Stopping threads took: 0.0001854 seconds
[2022-06-13T01:51:14.738+0000][1][safepoint    ] Application time: 0.2410126 seconds
[2022-06-13T01:51:14.738+0000][1][safepoint    ] Entering safepoint region: GenCollectForAllocation
[2022-06-13T01:51:14.739+0000][1][gc,start     ] GC(6) Pause Young (Allocation Failure)
[2022-06-13T01:51:14.739+0000][1][gc,task      ] GC(6) Using 5 workers of 13 for evacuation
[2022-06-13T01:51:14.749+0000][1][gc,age       ] GC(6) Desired survivor size 4456448 bytes, new threshold 6 (max threshold 6)
[2022-06-13T01:51:14.750+0000][1][gc,age       ] GC(6) Age table with threshold 6 (max threshold 6)
[2022-06-13T01:51:14.750+0000][1][gc,age       ] GC(6) - age   1:    1461432 bytes,    1461432 total
[2022-06-13T01:51:14.750+0000][1][gc,age       ] GC(6) - age   2:    2173480 bytes,    3634912 total
[2022-06-13T01:51:14.750+0000][1][gc,age       ] GC(6) - age   3:     575512 bytes,    4210424 total
[2022-06-13T01:51:14.751+0000][1][gc,heap      ] GC(6) ParNew: 77381K->6475K(78656K)
[2022-06-13T01:51:14.751+0000][1][gc,heap      ] GC(6) CMS: 8122K->11268K(174784K)
[2022-06-13T01:51:14.751+0000][1][gc,metaspace ] GC(6) Metaspace: 19350K->19350K(1067008K)
[2022-06-13T01:51:14.752+0000][1][gc           ] GC(6) Pause Young (Allocation Failure) 83M->17M(247M) 12.903ms
[2022-06-13T01:51:14.752+0000][1][gc,cpu       ] GC(6) User=0.04s Sys=0.00s Real=0.02s
[2022-06-13T01:51:14.752+0000][1][safepoint    ] Leaving safepoint region
[2022-06-13T01:51:14.753+0000][1][safepoint    ] Total time for which application threads were stopped: 0.0147494 seconds, Stopping threads took: 0.0004860 seconds
[2022-06-13T01:51:14.753+0000][1][safepoint    ] Application time: 0.0002035 seconds
[2022-06-13T01:51:14.754+0000][1][safepoint    ] Entering safepoint region: RevokeBias
[2022-06-13T01:51:14.755+0000][1][safepoint    ] Leaving safepoint region
[2022-06-13T01:51:14.755+0000][1][safepoint    ] Total time for which application threads were stopped: 0.0013428 seconds, Stopping threads took: 0.0009399 seconds
[2022-06-13T01:51:14.756+0000][1][safepoint    ] Application time: 0.0001603 seconds
[2022-06-13T01:51:14.756+0000][1][safepoint    ] Entering safepoint region: BulkRevokeBias
[2022-06-13T01:51:14.756+0000][1][safepoint    ] Leaving safepoint region
[2022-06-13T01:51:14.757+0000][1][safepoint    ] Total time for which application threads were stopped: 0.0005978 seconds, Stopping threads took: 0.0002611 seconds
[2022-06-13T01:51:14.757+0000][1][safepoint    ] Application time: 0.0001323 seconds
[2022-06-13T01:51:14.757+0000][1][safepoint    ] Entering safepoint region: BulkRevokeBias
[2022-06-13T01:51:14.757+0000][1][safepoint    ] Leaving safepoint region
[2022-06-13T01:51:14.758+0000][1][safepoint    ] Total time for which application threads were stopped: 0.0005747 seconds, Stopping threads took: 0.0002612 seconds
[2022-06-13T01:51:14.969+0000][1][safepoint    ] Application time: 0.2112185 seconds
[2022-06-13T01:51:14.974+0000][1][safepoint    ] Entering safepoint region: GenCollectForAllocation
[2022-06-13T01:51:14.975+0000][1][gc,start     ] GC(7) Pause Young (Allocation Failure)
[2022-06-13T01:51:14.978+0000][1][gc,task      ] GC(7) Using 5 workers of 13 for evacuation
[2022-06-13T01:51:14.981+0000][1][gc,age       ] GC(7) Desired survivor size 4456448 bytes, new threshold 6 (max threshold 6)
[2022-06-13T01:51:14.982+0000][1][gc,age       ] GC(7) Age table with threshold 6 (max threshold 6)
[2022-06-13T01:51:14.982+0000][1][gc,age       ] GC(7) - age   1:     516160 bytes,     516160 total
[2022-06-13T01:51:14.982+0000][1][gc,age       ] GC(7) - age   2:    1152616 bytes,    1668776 total
[2022-06-13T01:51:14.982+0000][1][gc,age       ] GC(7) - age   3:    2171552 bytes,    3840328 total
[2022-06-13T01:51:14.983+0000][1][gc,age       ] GC(7) - age   4:     575512 bytes,    4415840 total
[2022-06-13T01:51:14.983+0000][1][gc,heap      ] GC(7) ParNew: 76427K->7092K(78656K)
[2022-06-13T01:51:14.983+0000][1][gc,heap      ] GC(7) CMS: 11268K->11268K(174784K)
[2022-06-13T01:51:14.983+0000][1][gc,metaspace ] GC(7) Metaspace: 19743K->19743K(1067008K)
[2022-06-13T01:51:14.983+0000][1][gc           ] GC(7) Pause Young (Allocation Failure) 85M->17M(247M) 7.914ms
[2022-06-13T01:51:14.983+0000][1][gc,cpu       ] GC(7) User=0.03s Sys=0.00s Real=0.01s
[2022-06-13T01:51:14.984+0000][1][safepoint    ] Leaving safepoint region
[2022-06-13T01:51:14.984+0000][1][safepoint    ] Total time for which application threads were stopped: 0.0099215 seconds, Stopping threads took: 0.0012012 seconds
[2022-06-13T01:51:15.020+0000][1][safepoint    ] Application time: 0.0362870 seconds
[2022-06-13T01:51:15.021+0000][1][safepoint    ] Entering safepoint region: CollectForMetadataAllocation
[2022-06-13T01:51:15.021+0000][1][safepoint    ] Leaving safepoint region
[2022-06-13T01:51:15.022+0000][1][safepoint    ] Total time for which application threads were stopped: 0.0008645 seconds, Stopping threads took: 0.0003202 seconds
[2022-06-13T01:51:15.067+0000][1][safepoint    ] Application time: 0.0450574 seconds
[2022-06-13T01:51:15.068+0000][1][safepoint    ] Entering safepoint region: CollectForMetadataAllocation
[2022-06-13T01:51:15.073+0000][1][safepoint    ] Leaving safepoint region
[2022-06-13T01:51:15.074+0000][1][safepoint    ] Total time for which application threads were stopped: 0.0063269 seconds, Stopping threads took: 0.0057577 seconds
[2022-06-13T01:51:15.268+0000][1][safepoint    ] Application time: 0.1940839 seconds
[2022-06-13T01:51:15.269+0000][1][safepoint    ] Entering safepoint region: GenCollectForAllocation
[2022-06-13T01:51:15.269+0000][1][gc,start     ] GC(8) Pause Young (Allocation Failure)
[2022-06-13T01:51:15.269+0000][1][gc,task      ] GC(8) Using 5 workers of 13 for evacuation
[2022-06-13T01:51:15.290+0000][1][gc,age       ] GC(8) Desired survivor size 4456448 bytes, new threshold 5 (max threshold 6)
[2022-06-13T01:51:15.291+0000][1][gc,age       ] GC(8) Age table with threshold 5 (max threshold 6)
[2022-06-13T01:51:15.291+0000][1][gc,age       ] GC(8) - age   1:     493256 bytes,     493256 total
[2022-06-13T01:51:15.291+0000][1][gc,age       ] GC(8) - age   2:     494704 bytes,     987960 total
[2022-06-13T01:51:15.291+0000][1][gc,age       ] GC(8) - age   3:    1152520 bytes,    2140480 total
[2022-06-13T01:51:15.292+0000][1][gc,age       ] GC(8) - age   4:    2171264 bytes,    4311744 total
[2022-06-13T01:51:15.292+0000][1][gc,age       ] GC(8) - age   5:     575512 bytes,    4887256 total
[2022-06-13T01:51:15.292+0000][1][gc,heap      ] GC(8) ParNew: 77044K->5638K(78656K)
[2022-06-13T01:51:15.293+0000][1][gc,heap      ] GC(8) CMS: 11268K->11268K(174784K)
[2022-06-13T01:51:15.293+0000][1][gc,metaspace ] GC(8) Metaspace: 20400K->20400K(1069056K)
[2022-06-13T01:51:15.293+0000][1][gc           ] GC(8) Pause Young (Allocation Failure) 86M->16M(247M) 24.331ms
[2022-06-13T01:51:15.294+0000][1][gc,cpu       ] GC(8) User=0.07s Sys=0.01s Real=0.03s
[2022-06-13T01:51:15.294+0000][1][safepoint    ] Leaving safepoint region
[2022-06-13T01:51:15.294+0000][1][safepoint    ] Total time for which application threads were stopped: 0.0256517 seconds, Stopping threads took: 0.0003162 seconds
[2022-06-13T01:51:15.299+0000][1][safepoint    ] Application time: 0.0046273 seconds
[2022-06-13T01:51:15.300+0000][1][safepoint    ] Entering safepoint region: CMS_Initial_Mark
[2022-06-13T01:51:15.301+0000][1][gc,start     ] GC(9) Pause Initial Mark
[2022-06-13T01:51:15.305+0000][1][gc           ] GC(9) Pause Initial Mark 17M->17M(247M) 3.810ms
[2022-06-13T01:51:15.305+0000][1][gc,cpu       ] GC(9) User=0.00s Sys=0.00s Real=0.00s
[2022-06-13T01:51:15.305+0000][1][safepoint    ] Leaving safepoint region
[2022-06-13T01:51:15.306+0000][1][safepoint    ] Total time for which application threads were stopped: 0.0059418 seconds, Stopping threads took: 0.0011492 seconds
[2022-06-13T01:51:15.306+0000][1][gc           ] GC(9) Concurrent Mark
[2022-06-13T01:51:15.319+0000][1][gc,task      ] GC(9) Using 4 workers of 4 for marking
[2022-06-13T01:51:15.389+0000][1][gc           ] GC(9) Concurrent Mark 83.387ms
[2022-06-13T01:51:15.399+0000][1][gc,cpu       ] GC(9) User=0.31s Sys=0.00s Real=0.10s
[2022-06-13T01:51:15.405+0000][1][gc           ] GC(9) Concurrent Preclean
[2022-06-13T01:51:15.407+0000][1][gc           ] GC(9) Concurrent Preclean 1.659ms
[2022-06-13T01:51:15.407+0000][1][gc,cpu       ] GC(9) User=0.00s Sys=0.00s Real=0.00s
[2022-06-13T01:51:15.407+0000][1][gc           ] GC(9) Concurrent Abortable Preclean
[2022-06-13T01:51:15.447+0000][1][safepoint    ] Application time: 0.1414647 seconds
[2022-06-13T01:51:15.450+0000][1][safepoint    ] Entering safepoint region: GenCollectForAllocation
[2022-06-13T01:51:15.452+0000][1][gc,start     ] GC(10) Pause Young (Allocation Failure)
[2022-06-13T01:51:15.452+0000][1][gc,task      ] GC(10) Using 5 workers of 13 for evacuation
[2022-06-13T01:51:15.480+0000][1][gc,age       ] GC(10) Desired survivor size 4456448 bytes, new threshold 5 (max threshold 6)
[2022-06-13T01:51:15.485+0000][1][gc,age       ] GC(10) Age table with threshold 5 (max threshold 6)
[2022-06-13T01:51:15.486+0000][1][gc,age       ] GC(10) - age   1:     938288 bytes,     938288 total
[2022-06-13T01:51:15.486+0000][1][gc,age       ] GC(10) - age   2:     474608 bytes,    1412896 total
[2022-06-13T01:51:15.486+0000][1][gc,age       ] GC(10) - age   3:     494584 bytes,    1907480 total
[2022-06-13T01:51:15.486+0000][1][gc,age       ] GC(10) - age   4:    1152520 bytes,    3060000 total
[2022-06-13T01:51:15.486+0000][1][gc,age       ] GC(10) - age   5:    2171072 bytes,    5231072 total
[2022-06-13T01:51:15.487+0000][1][gc,heap      ] GC(10) ParNew: 75590K->6509K(78656K)
[2022-06-13T01:51:15.487+0000][1][gc,heap      ] GC(10) CMS: 11268K->11841K(174784K)
[2022-06-13T01:51:15.487+0000][1][gc,metaspace ] GC(10) Metaspace: 20512K->20512K(1069056K)
[2022-06-13T01:51:15.487+0000][1][gc           ] GC(10) Pause Young (Allocation Failure) 84M->17M(247M) 35.497ms
[2022-06-13T01:51:15.488+0000][1][gc,cpu       ] GC(10) User=0.05s Sys=0.00s Real=0.03s
[2022-06-13T01:51:15.489+0000][1][safepoint    ] Leaving safepoint region
[2022-06-13T01:51:15.489+0000][1][safepoint    ] Total time for which application threads were stopped: 0.0383749 seconds, Stopping threads took: 0.0013274 seconds
[2022-06-13T01:51:15.665+0000][1][safepoint    ] Application time: 0.1758593 seconds
[2022-06-13T01:51:15.666+0000][1][safepoint    ] Entering safepoint region: GenCollectForAllocation
[2022-06-13T01:51:15.666+0000][1][gc,start     ] GC(11) Pause Young (Allocation Failure)
[2022-06-13T01:51:15.667+0000][1][gc,task      ] GC(11) Using 5 workers of 13 for evacuation
[2022-06-13T01:51:15.689+0000][1][gc           ] GC(9) Concurrent Abortable Preclean 281.675ms
[2022-06-13T01:51:15.689+0000][1][gc,age       ] GC(11) Desired survivor size 4456448 bytes, new threshold 6 (max threshold 6)
[2022-06-13T01:51:15.696+0000][1][gc,age       ] GC(11) Age table with threshold 6 (max threshold 6)
[2022-06-13T01:51:15.696+0000][1][gc,age       ] GC(11) - age   1:    1820008 bytes,    1820008 total
[2022-06-13T01:51:15.696+0000][1][gc,age       ] GC(11) - age   2:     125296 bytes,    1945304 total
[2022-06-13T01:51:15.696+0000][1][gc,age       ] GC(11) - age   3:     474608 bytes,    2419912 total
[2022-06-13T01:51:15.697+0000][1][gc,age       ] GC(11) - age   4:     494432 bytes,    2914344 total
[2022-06-13T01:51:15.697+0000][1][gc,age       ] GC(11) - age   5:    1152232 bytes,    4066576 total
[2022-06-13T01:51:15.697+0000][1][gc,heap      ] GC(11) ParNew: 76461K->5516K(78656K)
[2022-06-13T01:51:15.697+0000][1][gc,heap      ] GC(11) CMS: 11841K->13981K(174784K)
[2022-06-13T01:51:15.697+0000][1][gc,metaspace ] GC(11) Metaspace: 20592K->20592K(1069056K)
[2022-06-13T01:51:15.697+0000][1][gc           ] GC(11) Pause Young (Allocation Failure) 86M->19M(247M) 31.132ms
[2022-06-13T01:51:15.698+0000][1][gc,cpu       ] GC(11) User=0.05s Sys=0.00s Real=0.03s
[2022-06-13T01:51:15.698+0000][1][safepoint    ] Leaving safepoint region
[2022-06-13T01:51:15.699+0000][1][safepoint    ] Total time for which application threads were stopped: 0.0335443 seconds, Stopping threads took: 0.0004494 seconds
[2022-06-13T01:51:15.695+0000][1][gc,cpu       ] GC(9) User=0.90s Sys=0.02s Real=0.29s
[2022-06-13T01:51:15.702+0000][1][safepoint    ] Application time: 0.0012788 seconds
[2022-06-13T01:51:15.705+0000][1][safepoint    ] Entering safepoint region: CMS_Final_Remark
[2022-06-13T01:51:15.709+0000][1][gc,start     ] GC(9) Pause Remark
[2022-06-13T01:51:15.733+0000][1][gc           ] GC(9) Pause Remark 20M->20M(247M) 23.283ms
[2022-06-13T01:51:15.734+0000][1][gc,cpu       ] GC(9) User=0.04s Sys=0.00s Real=0.02s
[2022-06-13T01:51:15.734+0000][1][safepoint    ] Leaving safepoint region
[2022-06-13T01:51:15.735+0000][1][safepoint    ] Total time for which application threads were stopped: 0.0328470 seconds, Stopping threads took: 0.0071529 seconds
[2022-06-13T01:51:15.741+0000][1][gc           ] GC(9) Concurrent Sweep
[2022-06-13T01:51:15.750+0000][1][gc           ] GC(9) Concurrent Sweep 9.065ms
[2022-06-13T01:51:15.751+0000][1][gc,cpu       ] GC(9) User=0.02s Sys=0.00s Real=0.01s
[2022-06-13T01:51:15.751+0000][1][gc           ] GC(9) Concurrent Reset
[2022-06-13T01:51:15.753+0000][1][gc           ] GC(9) Concurrent Reset 1.272ms
[2022-06-13T01:51:15.755+0000][1][gc,cpu       ] GC(9) User=0.01s Sys=0.00s Real=0.00s
[2022-06-13T01:51:15.757+0000][1][gc,heap      ] GC(9) Old: 11268K->13956K(174784K)
[2022-06-13T01:51:16.448+0000][1][safepoint    ] Application time: 0.7065992 seconds
[2022-06-13T01:51:16.448+0000][1][safepoint    ] Entering safepoint region: Deoptimize
[2022-06-13T01:51:16.449+0000][1][safepoint    ] Leaving safepoint region
[2022-06-13T01:51:16.450+0000][1][safepoint    ] Total time for which application threads were stopped: 0.0015787 seconds, Stopping threads took: 0.0002022 seconds
[2022-06-13T01:51:16.566+0000][1][safepoint    ] Application time: 0.1157891 seconds
[2022-06-13T01:51:16.566+0000][1][safepoint    ] Entering safepoint region: Deoptimize
[2022-06-13T01:51:16.567+0000][1][safepoint    ] Leaving safepoint region
[2022-06-13T01:51:16.567+0000][1][safepoint    ] Total time for which application threads were stopped: 0.0009455 seconds, Stopping threads took: 0.0002381 seconds
[2022-06-13T01:51:16.568+0000][1][safepoint    ] Application time: 0.0006878 seconds
[2022-06-13T01:51:16.568+0000][1][safepoint    ] Entering safepoint region: Deoptimize
[2022-06-13T01:51:16.569+0000][1][safepoint    ] Leaving safepoint region
[2022-06-13T01:51:16.569+0000][1][safepoint    ] Total time for which application threads were stopped: 0.0010584 seconds, Stopping threads took: 0.0003564 seconds
[2022-06-13T01:51:16.588+0000][1][safepoint    ] Application time: 0.0188519 seconds
[2022-06-13T01:51:16.589+0000][1][safepoint    ] Entering safepoint region: RevokeBias
[2022-06-13T01:51:16.590+0000][1][safepoint    ] Leaving safepoint region
[2022-06-13T01:51:16.590+0000][1][safepoint    ] Total time for which application threads were stopped: 0.0011291 seconds, Stopping threads took: 0.0006116 seconds
[2022-06-13T01:51:16.592+0000][1][safepoint    ] Application time: 0.0015340 seconds
[2022-06-13T01:51:16.592+0000][1][safepoint    ] Entering safepoint region: Deoptimize
[2022-06-13T01:51:16.593+0000][1][safepoint    ] Leaving safepoint region
[2022-06-13T01:51:16.593+0000][1][safepoint    ] Total time for which application threads were stopped: 0.0011502 seconds, Stopping threads took: 0.0002830 seconds
[2022-06-13T01:51:16.600+0000][1][safepoint    ] Application time: 0.0060495 seconds
[2022-06-13T01:51:16.600+0000][1][safepoint    ] Entering safepoint region: Deoptimize
[2022-06-13T01:51:16.601+0000][1][safepoint    ] Leaving safepoint region
[2022-06-13T01:51:16.601+0000][1][safepoint    ] Total time for which application threads were stopped: 0.0009752 seconds, Stopping threads took: 0.0002174 seconds
[2022-06-13T01:51:16.735+0000][1][safepoint    ] Application time: 0.1335273 seconds
[2022-06-13T01:51:16.735+0000][1][safepoint    ] Entering safepoint region: GenCollectForAllocation
[2022-06-13T01:51:16.736+0000][1][gc,start     ] GC(12) Pause Young (Allocation Failure)
[2022-06-13T01:51:16.736+0000][1][gc,task      ] GC(12) Using 5 workers of 13 for evacuation
[2022-06-13T01:51:16.743+0000][1][gc,age       ] GC(12) Desired survivor size 4456448 bytes, new threshold 5 (max threshold 6)
[2022-06-13T01:51:16.744+0000][1][gc,age       ] GC(12) Age table with threshold 5 (max threshold 6)
[2022-06-13T01:51:16.744+0000][1][gc,age       ] GC(12) - age   1:    3319120 bytes,    3319120 total
[2022-06-13T01:51:16.744+0000][1][gc,age       ] GC(12) - age   2:     345000 bytes,    3664120 total
[2022-06-13T01:51:16.745+0000][1][gc,age       ] GC(12) - age   3:     125032 bytes,    3789152 total
[2022-06-13T01:51:16.745+0000][1][gc,age       ] GC(12) - age   4:     474064 bytes,    4263216 total
[2022-06-13T01:51:16.746+0000][1][gc,age       ] GC(12) - age   5:     489616 bytes,    4752832 total
[2022-06-13T01:51:16.746+0000][1][gc,age       ] GC(12) - age   6:    1151856 bytes,    5904688 total
[2022-06-13T01:51:16.747+0000][1][gc,heap      ] GC(12) ParNew: 75468K->6604K(78656K)
[2022-06-13T01:51:16.747+0000][1][gc,heap      ] GC(12) CMS: 13956K->13956K(174784K)
[2022-06-13T01:51:16.747+0000][1][gc,metaspace ] GC(12) Metaspace: 26395K->26395K(1073152K)
[2022-06-13T01:51:16.748+0000][1][gc           ] GC(12) Pause Young (Allocation Failure) 87M->20M(247M) 11.517ms
[2022-06-13T01:51:16.748+0000][1][gc,cpu       ] GC(12) User=0.04s Sys=0.00s Real=0.01s
[2022-06-13T01:51:16.748+0000][1][safepoint    ] Leaving safepoint region
[2022-06-13T01:51:16.749+0000][1][safepoint    ] Total time for which application threads were stopped: 0.0132116 seconds, Stopping threads took: 0.0004036 seconds
[2022-06-13T01:51:17.066+0000][1][safepoint    ] Application time: 0.3174163 seconds
[2022-06-13T01:51:17.099+0000][1][safepoint    ] Entering safepoint region: RevokeBias
[2022-06-13T01:51:17.112+0000][1][safepoint    ] Leaving safepoint region
[2022-06-13T01:51:17.113+0000][1][safepoint    ] Total time for which application threads were stopped: 0.0448672 seconds, Stopping threads took: 0.0433574 seconds
[2022-06-13T01:51:18.140+0000][1][safepoint    ] Application time: 1.0269017 seconds
[2022-06-13T01:51:18.175+0000][1][safepoint    ] Entering safepoint region: Cleanup
[2022-06-13T01:51:18.179+0000][1][safepoint    ] Leaving safepoint region
[2022-06-13T01:51:18.205+0000][1][safepoint    ] Total time for which application threads were stopped: 0.0473943 seconds, Stopping threads took: 0.0218390 seconds
[2022-06-13T01:51:19.207+0000][1][safepoint    ] Application time: 1.0015872 seconds
[2022-06-13T01:51:19.273+0000][1][safepoint    ] Entering safepoint region: Cleanup
[2022-06-13T01:51:19.275+0000][1][safepoint    ] Leaving safepoint region
[2022-06-13T01:51:19.275+0000][1][safepoint    ] Total time for which application threads were stopped: 0.0522773 seconds, Stopping threads took: 0.0519029 seconds
[2022-06-13T01:51:19.919+0000][1][safepoint    ] Application time: 0.6439426 seconds
[2022-06-13T01:51:19.920+0000][1][safepoint    ] Entering safepoint region: Deoptimize
[2022-06-13T01:51:19.920+0000][1][safepoint    ] Leaving safepoint region
[2022-06-13T01:51:19.921+0000][1][safepoint    ] Total time for which application threads were stopped: 0.0010859 seconds, Stopping threads took: 0.0002469 seconds
[2022-06-13T01:51:20.186+0000][1][safepoint    ] Application time: 0.2654990 seconds
[2022-06-13T01:51:20.193+0000][1][safepoint    ] Entering safepoint region: GenCollectForAllocation
[2022-06-13T01:51:20.193+0000][1][gc,start     ] GC(13) Pause Young (Allocation Failure)
[2022-06-13T01:51:20.193+0000][1][gc,task      ] GC(13) Using 5 workers of 13 for evacuation
[2022-06-13T01:51:20.330+0000][1][gc,age       ] GC(13) Desired survivor size 4456448 bytes, new threshold 1 (max threshold 6)
[2022-06-13T01:51:20.333+0000][1][gc,age       ] GC(13) Age table with threshold 1 (max threshold 6)
[2022-06-13T01:51:20.334+0000][1][gc,age       ] GC(13) - age   1:    5380056 bytes,    5380056 total
[2022-06-13T01:51:20.335+0000][1][gc,age       ] GC(13) - age   2:    2588520 bytes,    7968576 total
[2022-06-13T01:51:20.335+0000][1][gc,age       ] GC(13) - age   3:     345000 bytes,    8313576 total
[2022-06-13T01:51:20.335+0000][1][gc,age       ] GC(13) - age   4:     125000 bytes,    8438576 total
[2022-06-13T01:51:20.335+0000][1][gc,age       ] GC(13) - age   5:     474064 bytes,    8912640 total
[2022-06-13T01:51:20.336+0000][1][gc,heap      ] GC(13) ParNew: 76556K->8704K(78656K)
[2022-06-13T01:51:20.336+0000][1][gc,heap      ] GC(13) CMS: 13956K->26268K(174784K)
[2022-06-13T01:51:20.336+0000][1][gc,metaspace ] GC(13) Metaspace: 27102K->27102K(1075200K)
[2022-06-13T01:51:20.336+0000][1][gc           ] GC(13) Pause Young (Allocation Failure) 88M->34M(247M) 143.041ms
[2022-06-13T01:51:20.336+0000][1][gc,cpu       ] GC(13) User=0.44s Sys=0.00s Real=0.14s
[2022-06-13T01:51:20.337+0000][1][safepoint    ] Leaving safepoint region
[2022-06-13T01:51:20.337+0000][1][safepoint    ] Total time for which application threads were stopped: 0.1441694 seconds, Stopping threads took: 0.0003787 seconds
[2022-06-13T01:51:21.300+0000][1][safepoint    ] Application time: 0.9633702 seconds
[2022-06-13T01:51:21.301+0000][1][safepoint    ] Entering safepoint region: GenCollectForAllocation
[2022-06-13T01:51:21.301+0000][1][gc,start     ] GC(14) Pause Young (Allocation Failure)
[2022-06-13T01:51:21.301+0000][1][gc,task      ] GC(14) Using 5 workers of 13 for evacuation
[2022-06-13T01:51:21.397+0000][1][gc,age       ] GC(14) Desired survivor size 4456448 bytes, new threshold 1 (max threshold 6)
[2022-06-13T01:51:21.398+0000][1][gc,age       ] GC(14) Age table with threshold 1 (max threshold 6)
[2022-06-13T01:51:21.398+0000][1][gc,age       ] GC(14) - age   1:    8912688 bytes,    8912688 total
[2022-06-13T01:51:21.399+0000][1][gc,heap      ] GC(14) ParNew: 78656K->8704K(78656K)
[2022-06-13T01:51:21.399+0000][1][gc,heap      ] GC(14) CMS: 26268K->39666K(174784K)
[2022-06-13T01:51:21.399+0000][1][gc,metaspace ] GC(14) Metaspace: 27142K->27142K(1075200K)
[2022-06-13T01:51:21.399+0000][1][gc           ] GC(14) Pause Young (Allocation Failure) 102M->47M(247M) 98.461ms
[2022-06-13T01:51:21.400+0000][1][gc,cpu       ] GC(14) User=0.31s Sys=0.00s Real=0.10s
[2022-06-13T01:51:21.400+0000][1][safepoint    ] Leaving safepoint region
[2022-06-13T01:51:21.400+0000][1][safepoint    ] Total time for which application threads were stopped: 0.0995702 seconds, Stopping threads took: 0.0002249 seconds
[2022-06-13T01:51:21.776+0000][1][safepoint    ] Application time: 0.3755037 seconds
[2022-06-13T01:51:21.778+0000][1][safepoint    ] Entering safepoint region: RevokeBias
[2022-06-13T01:51:21.780+0000][1][safepoint    ] Leaving safepoint region
[2022-06-13T01:51:21.783+0000][1][safepoint    ] Total time for which application threads were stopped: 0.0046634 seconds, Stopping threads took: 0.0015067 seconds
[2022-06-13T01:51:22.140+0000][1][safepoint    ] Application time: 0.3571537 seconds
[2022-06-13T01:51:22.141+0000][1][safepoint    ] Entering safepoint region: RevokeBias
[2022-06-13T01:51:22.141+0000][1][safepoint    ] Leaving safepoint region
[2022-06-13T01:51:22.142+0000][1][safepoint    ] Total time for which application threads were stopped: 0.0014050 seconds, Stopping threads took: 0.0005217 seconds
[2022-06-13T01:51:22.152+0000][1][safepoint    ] Application time: 0.0089945 seconds
[2022-06-13T01:51:22.154+0000][1][safepoint    ] Entering safepoint region: RevokeBias
[2022-06-13T01:51:22.154+0000][1][safepoint    ] Leaving safepoint region
[2022-06-13T01:51:22.154+0000][1][safepoint    ] Total time for which application threads were stopped: 0.0006877 seconds, Stopping threads took: 0.0003467 seconds
[2022-06-13T01:51:22.532+0000][1][safepoint    ] Application time: 0.3767650 seconds
[2022-06-13T01:51:22.532+0000][1][safepoint    ] Entering safepoint region: GenCollectForAllocation
[2022-06-13T01:51:22.533+0000][1][gc,start     ] GC(15) Pause Young (Allocation Failure)
[2022-06-13T01:51:22.533+0000][1][gc,task      ] GC(15) Using 5 workers of 13 for evacuation
[2022-06-13T01:51:22.587+0000][1][gc,age       ] GC(15) Desired survivor size 4456448 bytes, new threshold 1 (max threshold 6)
[2022-06-13T01:51:22.589+0000][1][gc,age       ] GC(15) Age table with threshold 1 (max threshold 6)
[2022-06-13T01:51:22.590+0000][1][gc,age       ] GC(15) - age   1:    6684072 bytes,    6684072 total
[2022-06-13T01:51:22.590+0000][1][gc,heap      ] GC(15) ParNew: 78656K->8704K(78656K)
[2022-06-13T01:51:22.591+0000][1][gc,heap      ] GC(15) CMS: 39666K->49786K(174784K)
[2022-06-13T01:51:22.591+0000][1][gc,metaspace ] GC(15) Metaspace: 32389K->32389K(1079296K)
[2022-06-13T01:51:22.591+0000][1][gc           ] GC(15) Pause Young (Allocation Failure) 115M->57M(247M) 58.513ms
[2022-06-13T01:51:22.592+0000][1][gc,cpu       ] GC(15) User=0.26s Sys=0.02s Real=0.06s
[2022-06-13T01:51:22.592+0000][1][safepoint    ] Leaving safepoint region
[2022-06-13T01:51:22.592+0000][1][safepoint    ] Total time for which application threads were stopped: 0.0596851 seconds, Stopping threads took: 0.0003067 seconds
[2022-06-13T01:51:22.803+0000][1][safepoint    ] Application time: 0.2111649 seconds
[2022-06-13T01:51:22.804+0000][1][safepoint    ] Entering safepoint region: GenCollectForAllocation
[2022-06-13T01:51:22.804+0000][1][gc,start     ] GC(16) Pause Young (Allocation Failure)
[2022-06-13T01:51:22.805+0000][1][gc,task      ] GC(16) Using 5 workers of 13 for evacuation
[2022-06-13T01:51:22.830+0000][1][gc,age       ] GC(16) Desired survivor size 4456448 bytes, new threshold 6 (max threshold 6)
[2022-06-13T01:51:22.831+0000][1][gc,age       ] GC(16) Age table with threshold 6 (max threshold 6)
[2022-06-13T01:51:22.832+0000][1][gc,age       ] GC(16) - age   1:     314752 bytes,     314752 total
[2022-06-13T01:51:22.833+0000][1][gc,heap      ] GC(16) ParNew: 78656K->4211K(78656K)
[2022-06-13T01:51:22.834+0000][1][gc,heap      ] GC(16) CMS: 49786K->56295K(174784K)
[2022-06-13T01:51:22.834+0000][1][gc,metaspace ] GC(16) Metaspace: 32929K->32929K(1079296K)
[2022-06-13T01:51:22.834+0000][1][gc           ] GC(16) Pause Young (Allocation Failure) 125M->59M(247M) 30.116ms
[2022-06-13T01:51:22.835+0000][1][gc,cpu       ] GC(16) User=0.05s Sys=0.00s Real=0.03s
[2022-06-13T01:51:22.835+0000][1][safepoint    ] Leaving safepoint region
[2022-06-13T01:51:22.836+0000][1][safepoint    ] Total time for which application threads were stopped: 0.0316310 seconds, Stopping threads took: 0.0003152 seconds
[2022-06-13T01:51:23.251+0000][1][safepoint    ] Application time: 0.4151967 seconds
[2022-06-13T01:51:23.252+0000][1][safepoint    ] Entering safepoint region: CollectForMetadataAllocation
[2022-06-13T01:51:23.252+0000][1][safepoint    ] Leaving safepoint region
[2022-06-13T01:51:23.252+0000][1][safepoint    ] Total time for which application threads were stopped: 0.0008646 seconds, Stopping threads took: 0.0002481 seconds
[2022-06-13T01:51:23.299+0000][1][safepoint    ] Application time: 0.0460015 seconds
[2022-06-13T01:51:23.299+0000][1][safepoint    ] Entering safepoint region: CollectForMetadataAllocation
[2022-06-13T01:51:23.301+0000][1][safepoint    ] Leaving safepoint region
[2022-06-13T01:51:23.301+0000][1][safepoint    ] Total time for which application threads were stopped: 0.0017708 seconds, Stopping threads took: 0.0003700 seconds
[2022-06-13T01:51:23.328+0000][1][safepoint    ] Application time: 0.0271381 seconds
[2022-06-13T01:51:23.329+0000][1][safepoint    ] Entering safepoint region: CollectForMetadataAllocation
[2022-06-13T01:51:23.330+0000][1][safepoint    ] Leaving safepoint region
[2022-06-13T01:51:23.330+0000][1][safepoint    ] Total time for which application threads were stopped: 0.0014514 seconds, Stopping threads took: 0.0004097 seconds
[2022-06-13T01:51:23.354+0000][1][safepoint    ] Application time: 0.0230226 seconds
[2022-06-13T01:51:23.354+0000][1][safepoint    ] Entering safepoint region: CollectForMetadataAllocation
[2022-06-13T01:51:23.354+0000][1][safepoint    ] Leaving safepoint region
[2022-06-13T01:51:23.355+0000][1][safepoint    ] Total time for which application threads were stopped: 0.0005542 seconds, Stopping threads took: 0.0002165 seconds
[2022-06-13T01:51:23.385+0000][1][safepoint    ] Application time: 0.0297569 seconds
[2022-06-13T01:51:23.385+0000][1][safepoint    ] Entering safepoint region: CollectForMetadataAllocation
[2022-06-13T01:51:23.386+0000][1][safepoint    ] Leaving safepoint region
[2022-06-13T01:51:23.386+0000][1][safepoint    ] Total time for which application threads were stopped: 0.0007170 seconds, Stopping threads took: 0.0003256 seconds
[2022-06-13T01:51:23.420+0000][1][safepoint    ] Application time: 0.0336757 seconds
[2022-06-13T01:51:23.420+0000][1][safepoint    ] Entering safepoint region: CollectForMetadataAllocation
[2022-06-13T01:51:23.421+0000][1][safepoint    ] Leaving safepoint region
[2022-06-13T01:51:23.421+0000][1][safepoint    ] Total time for which application threads were stopped: 0.0009248 seconds, Stopping threads took: 0.0002740 seconds
[2022-06-13T01:51:23.446+0000][1][safepoint    ] Application time: 0.0250876 seconds
[2022-06-13T01:51:23.447+0000][1][safepoint    ] Entering safepoint region: CollectForMetadataAllocation
[2022-06-13T01:51:23.448+0000][1][safepoint    ] Leaving safepoint region
[2022-06-13T01:51:23.448+0000][1][safepoint    ] Total time for which application threads were stopped: 0.0013242 seconds, Stopping threads took: 0.0006710 seconds
[2022-06-13T01:51:23.488+0000][1][safepoint    ] Application time: 0.0397187 seconds
[2022-06-13T01:51:23.489+0000][1][safepoint    ] Entering safepoint region: CollectForMetadataAllocation
[2022-06-13T01:51:23.490+0000][1][safepoint    ] Leaving safepoint region
[2022-06-13T01:51:23.490+0000][1][safepoint    ] Total time for which application threads were stopped: 0.0009040 seconds, Stopping threads took: 0.0004348 seconds
[2022-06-13T01:51:23.530+0000][1][safepoint    ] Application time: 0.0396854 seconds
[2022-06-13T01:51:23.530+0000][1][safepoint    ] Entering safepoint region: CollectForMetadataAllocation
[2022-06-13T01:51:23.531+0000][1][safepoint    ] Leaving safepoint region
[2022-06-13T01:51:23.531+0000][1][safepoint    ] Total time for which application threads were stopped: 0.0008102 seconds, Stopping threads took: 0.0002126 seconds
[2022-06-13T01:51:23.549+0000][1][safepoint    ] Application time: 0.0180032 seconds
[2022-06-13T01:51:23.549+0000][1][safepoint    ] Entering safepoint region: RevokeBias
[2022-06-13T01:51:23.550+0000][1][safepoint    ] Leaving safepoint region
[2022-06-13T01:51:23.550+0000][1][safepoint    ] Total time for which application threads were stopped: 0.0005294 seconds, Stopping threads took: 0.0002423 seconds
[2022-06-13T01:51:23.558+0000][1][safepoint    ] Application time: 0.0083570 seconds
[2022-06-13T01:51:23.559+0000][1][safepoint    ] Entering safepoint region: CollectForMetadataAllocation
[2022-06-13T01:51:23.559+0000][1][safepoint    ] Leaving safepoint region
[2022-06-13T01:51:23.560+0000][1][safepoint    ] Total time for which application threads were stopped: 0.0008119 seconds, Stopping threads took: 0.0003921 seconds
[2022-06-13T01:51:23.594+0000][1][safepoint    ] Application time: 0.0344109 seconds
[2022-06-13T01:51:23.595+0000][1][safepoint    ] Entering safepoint region: CollectForMetadataAllocation
[2022-06-13T01:51:23.595+0000][1][safepoint    ] Leaving safepoint region
[2022-06-13T01:51:23.596+0000][1][safepoint    ] Total time for which application threads were stopped: 0.0007143 seconds, Stopping threads took: 0.0002665 seconds
[2022-06-13T01:51:23.631+0000][1][safepoint    ] Application time: 0.0347648 seconds
[2022-06-13T01:51:23.631+0000][1][safepoint    ] Entering safepoint region: CollectForMetadataAllocation
[2022-06-13T01:51:23.632+0000][1][safepoint    ] Leaving safepoint region
[2022-06-13T01:51:23.632+0000][1][safepoint    ] Total time for which application threads were stopped: 0.0010282 seconds, Stopping threads took: 0.0003889 seconds
[2022-06-13T01:51:23.669+0000][1][safepoint    ] Application time: 0.0369820 seconds
[2022-06-13T01:51:23.670+0000][1][safepoint    ] Entering safepoint region: CollectForMetadataAllocation
[2022-06-13T01:51:23.671+0000][1][safepoint    ] Leaving safepoint region
[2022-06-13T01:51:23.671+0000][1][safepoint    ] Total time for which application threads were stopped: 0.0010108 seconds, Stopping threads took: 0.0003704 seconds
[2022-06-13T01:51:23.698+0000][1][safepoint    ] Application time: 0.0264596 seconds
[2022-06-13T01:51:23.698+0000][1][safepoint    ] Entering safepoint region: CollectForMetadataAllocation
[2022-06-13T01:51:23.699+0000][1][safepoint    ] Leaving safepoint region
[2022-06-13T01:51:23.699+0000][1][safepoint    ] Total time for which application threads were stopped: 0.0009451 seconds, Stopping threads took: 0.0003890 seconds
[2022-06-13T01:51:23.719+0000][1][safepoint    ] Application time: 0.0196630 seconds
[2022-06-13T01:51:23.719+0000][1][safepoint    ] Entering safepoint region: CollectForMetadataAllocation
[2022-06-13T01:51:23.720+0000][1][safepoint    ] Leaving safepoint region
[2022-06-13T01:51:23.720+0000][1][safepoint    ] Total time for which application threads were stopped: 0.0007742 seconds, Stopping threads took: 0.0002974 seconds
[2022-06-13T01:51:23.758+0000][1][safepoint    ] Application time: 0.0371242 seconds
[2022-06-13T01:51:23.758+0000][1][safepoint    ] Entering safepoint region: CollectForMetadataAllocation
[2022-06-13T01:51:23.759+0000][1][safepoint    ] Leaving safepoint region
[2022-06-13T01:51:23.760+0000][1][safepoint    ] Total time for which application threads were stopped: 0.0014905 seconds, Stopping threads took: 0.0003398 seconds
[2022-06-13T01:51:23.787+0000][1][safepoint    ] Application time: 0.0266950 seconds
[2022-06-13T01:51:23.787+0000][1][safepoint    ] Entering safepoint region: CollectForMetadataAllocation
[2022-06-13T01:51:23.788+0000][1][safepoint    ] Leaving safepoint region
[2022-06-13T01:51:23.788+0000][1][safepoint    ] Total time for which application threads were stopped: 0.0008874 seconds, Stopping threads took: 0.0003157 seconds
[2022-06-13T01:51:23.815+0000][1][safepoint    ] Application time: 0.0264553 seconds
[2022-06-13T01:51:23.816+0000][1][safepoint    ] Entering safepoint region: CollectForMetadataAllocation
[2022-06-13T01:51:23.816+0000][1][safepoint    ] Leaving safepoint region
[2022-06-13T01:51:23.817+0000][1][safepoint    ] Total time for which application threads were stopped: 0.0010111 seconds, Stopping threads took: 0.0004153 seconds
[2022-06-13T01:51:23.848+0000][1][safepoint    ] Application time: 0.0311330 seconds
[2022-06-13T01:51:23.849+0000][1][safepoint    ] Entering safepoint region: CollectForMetadataAllocation
[2022-06-13T01:51:23.849+0000][1][safepoint    ] Leaving safepoint region
[2022-06-13T01:51:23.849+0000][1][safepoint    ] Total time for which application threads were stopped: 0.0006588 seconds, Stopping threads took: 0.0002773 seconds
[2022-06-13T01:51:23.879+0000][1][safepoint    ] Application time: 0.0295249 seconds
[2022-06-13T01:51:23.880+0000][1][safepoint    ] Entering safepoint region: CollectForMetadataAllocation
[2022-06-13T01:51:23.880+0000][1][safepoint    ] Leaving safepoint region
[2022-06-13T01:51:23.881+0000][1][safepoint    ] Total time for which application threads were stopped: 0.0011485 seconds, Stopping threads took: 0.0004841 seconds
[2022-06-13T01:51:23.915+0000][1][safepoint    ] Application time: 0.0339306 seconds
[2022-06-13T01:51:23.916+0000][1][safepoint    ] Entering safepoint region: CollectForMetadataAllocation
[2022-06-13T01:51:23.916+0000][1][safepoint    ] Leaving safepoint region
[2022-06-13T01:51:23.916+0000][1][safepoint    ] Total time for which application threads were stopped: 0.0008467 seconds, Stopping threads took: 0.0003678 seconds
[2022-06-13T01:51:23.969+0000][1][safepoint    ] Application time: 0.0525422 seconds
[2022-06-13T01:51:23.970+0000][1][safepoint    ] Entering safepoint region: CollectForMetadataAllocation
[2022-06-13T01:51:23.970+0000][1][safepoint    ] Leaving safepoint region
[2022-06-13T01:51:23.970+0000][1][safepoint    ] Total time for which application threads were stopped: 0.0006954 seconds, Stopping threads took: 0.0002605 seconds
[2022-06-13T01:51:24.009+0000][1][safepoint    ] Application time: 0.0385987 seconds
[2022-06-13T01:51:24.009+0000][1][safepoint    ] Entering safepoint region: CollectForMetadataAllocation
[2022-06-13T01:51:24.010+0000][1][safepoint    ] Leaving safepoint region
[2022-06-13T01:51:24.010+0000][1][safepoint    ] Total time for which application threads were stopped: 0.0009036 seconds, Stopping threads took: 0.0002666 seconds
[2022-06-13T01:51:24.043+0000][1][safepoint    ] Application time: 0.0324426 seconds
[2022-06-13T01:51:24.043+0000][1][safepoint    ] Entering safepoint region: CollectForMetadataAllocation
[2022-06-13T01:51:24.044+0000][1][safepoint    ] Leaving safepoint region
[2022-06-13T01:51:24.044+0000][1][safepoint    ] Total time for which application threads were stopped: 0.0004734 seconds, Stopping threads took: 0.0001831 seconds
[2022-06-13T01:51:24.066+0000][1][safepoint    ] Application time: 0.0222694 seconds
[2022-06-13T01:51:24.067+0000][1][safepoint    ] Entering safepoint region: CollectForMetadataAllocation
[2022-06-13T01:51:24.067+0000][1][safepoint    ] Leaving safepoint region
[2022-06-13T01:51:24.068+0000][1][safepoint    ] Total time for which application threads were stopped: 0.0008354 seconds, Stopping threads took: 0.0003277 seconds
[2022-06-13T01:51:24.102+0000][1][safepoint    ] Application time: 0.0344920 seconds
[2022-06-13T01:51:24.103+0000][1][safepoint    ] Entering safepoint region: CollectForMetadataAllocation
[2022-06-13T01:51:24.103+0000][1][safepoint    ] Leaving safepoint region
[2022-06-13T01:51:24.103+0000][1][safepoint    ] Total time for which application threads were stopped: 0.0007694 seconds, Stopping threads took: 0.0002782 seconds
[2022-06-13T01:51:24.144+0000][1][safepoint    ] Application time: 0.0398181 seconds
[2022-06-13T01:51:24.144+0000][1][safepoint    ] Entering safepoint region: CollectForMetadataAllocation
[2022-06-13T01:51:24.145+0000][1][safepoint    ] Leaving safepoint region
[2022-06-13T01:51:24.145+0000][1][safepoint    ] Total time for which application threads were stopped: 0.0006982 seconds, Stopping threads took: 0.0002582 seconds
[2022-06-13T01:51:24.512+0000][1][safepoint    ] Application time: 0.3668825 seconds
[2022-06-13T01:51:24.512+0000][1][safepoint    ] Entering safepoint region: CollectForMetadataAllocation
[2022-06-13T01:51:24.513+0000][1][safepoint    ] Leaving safepoint region
[2022-06-13T01:51:24.513+0000][1][safepoint    ] Total time for which application threads were stopped: 0.0008478 seconds, Stopping threads took: 0.0003264 seconds
[2022-06-13T01:51:24.839+0000][1][safepoint    ] Application time: 0.3253842 seconds
[2022-06-13T01:51:24.839+0000][1][safepoint    ] Entering safepoint region: CMS_Initial_Mark
[2022-06-13T01:51:24.840+0000][1][gc,start     ] GC(17) Pause Initial Mark
[2022-06-13T01:51:24.847+0000][1][gc           ] GC(17) Pause Initial Mark 123M->123M(247M) 7.166ms
[2022-06-13T01:51:24.847+0000][1][gc,cpu       ] GC(17) User=0.03s Sys=0.00s Real=0.00s
[2022-06-13T01:51:24.848+0000][1][safepoint    ] Leaving safepoint region
[2022-06-13T01:51:24.848+0000][1][safepoint    ] Total time for which application threads were stopped: 0.0089202 seconds, Stopping threads took: 0.0004025 seconds
[2022-06-13T01:51:24.848+0000][1][gc           ] GC(17) Concurrent Mark
[2022-06-13T01:51:24.849+0000][1][gc,task      ] GC(17) Using 4 workers of 4 for marking
[2022-06-13T01:51:24.888+0000][1][gc           ] GC(17) Concurrent Mark 39.670ms
[2022-06-13T01:51:24.889+0000][1][gc,cpu       ] GC(17) User=0.17s Sys=0.00s Real=0.04s
[2022-06-13T01:51:24.889+0000][1][gc           ] GC(17) Concurrent Preclean
[2022-06-13T01:51:24.894+0000][1][gc           ] GC(17) Concurrent Preclean 4.564ms
[2022-06-13T01:51:24.894+0000][1][gc,cpu       ] GC(17) User=0.02s Sys=0.00s Real=0.01s
[2022-06-13T01:51:24.894+0000][1][gc           ] GC(17) Concurrent Abortable Preclean
[2022-06-13T01:51:24.927+0000][1][safepoint    ] Application time: 0.0790193 seconds
[2022-06-13T01:51:24.928+0000][1][safepoint    ] Entering safepoint region: CollectForMetadataAllocation
[2022-06-13T01:51:24.928+0000][1][safepoint    ] Leaving safepoint region
[2022-06-13T01:51:24.928+0000][1][safepoint    ] Total time for which application threads were stopped: 0.0006806 seconds, Stopping threads took: 0.0002609 seconds
[2022-06-13T01:51:24.950+0000][1][safepoint    ] Application time: 0.0211976 seconds
[2022-06-13T01:51:24.950+0000][1][safepoint    ] Entering safepoint region: GenCollectForAllocation
[2022-06-13T01:51:24.951+0000][1][gc,start     ] GC(18) Pause Young (Allocation Failure)
[2022-06-13T01:51:24.951+0000][1][gc,task      ] GC(18) Using 5 workers of 13 for evacuation
[2022-06-13T01:51:24.958+0000][1][gc,age       ] GC(18) Desired survivor size 4456448 bytes, new threshold 6 (max threshold 6)
[2022-06-13T01:51:24.959+0000][1][gc,age       ] GC(18) Age table with threshold 6 (max threshold 6)
[2022-06-13T01:51:24.959+0000][1][gc,age       ] GC(18) - age   1:    3988472 bytes,    3988472 total
[2022-06-13T01:51:24.960+0000][1][gc,age       ] GC(18) - age   2:     275504 bytes,    4263976 total
[2022-06-13T01:51:24.960+0000][1][gc,heap      ] GC(18) ParNew: 74163K->5799K(78656K)
[2022-06-13T01:51:24.960+0000][1][gc,heap      ] GC(18) CMS: 56295K->56295K(174784K)
[2022-06-13T01:51:24.960+0000][1][gc,metaspace ] GC(18) Metaspace: 42413K->42413K(1087488K)
[2022-06-13T01:51:24.961+0000][1][gc           ] GC(18) Pause Young (Allocation Failure) 127M->60M(247M) 9.920ms
[2022-06-13T01:51:24.961+0000][1][gc,cpu       ] GC(18) User=0.03s Sys=0.00s Real=0.01s
[2022-06-13T01:51:24.961+0000][1][safepoint    ] Leaving safepoint region
[2022-06-13T01:51:24.961+0000][1][safepoint    ] Total time for which application threads were stopped: 0.0111363 seconds, Stopping threads took: 0.0003195 seconds
[2022-06-13T01:51:25.019+0000][1][safepoint    ] Application time: 0.0574022 seconds
[2022-06-13T01:51:25.029+0000][1][safepoint    ] Entering safepoint region: CollectForMetadataAllocation
[2022-06-13T01:51:25.035+0000][1][safepoint    ] Leaving safepoint region
[2022-06-13T01:51:25.036+0000][1][safepoint    ] Total time for which application threads were stopped: 0.0064768 seconds, Stopping threads took: 0.0056594 seconds
[2022-06-13T01:51:25.495+0000][1][safepoint    ] Application time: 0.4594924 seconds
[2022-06-13T01:51:25.499+0000][1][safepoint    ] Entering safepoint region: CollectForMetadataAllocation
[2022-06-13T01:51:25.500+0000][1][safepoint    ] Leaving safepoint region
[2022-06-13T01:51:25.500+0000][1][safepoint    ] Total time for which application threads were stopped: 0.0031012 seconds, Stopping threads took: 0.0021039 seconds
[2022-06-13T01:51:25.567+0000][1][safepoint    ] Application time: 0.0666643 seconds
[2022-06-13T01:51:25.568+0000][1][safepoint    ] Entering safepoint region: CollectForMetadataAllocation
[2022-06-13T01:51:25.569+0000][1][safepoint    ] Leaving safepoint region
[2022-06-13T01:51:25.571+0000][1][safepoint    ] Total time for which application threads were stopped: 0.0027540 seconds, Stopping threads took: 0.0005563 seconds
[2022-06-13T01:51:25.623+0000][1][safepoint    ] Application time: 0.0510957 seconds
[2022-06-13T01:51:25.623+0000][1][safepoint    ] Entering safepoint region: CollectForMetadataAllocation
[2022-06-13T01:51:25.624+0000][1][safepoint    ] Leaving safepoint region
[2022-06-13T01:51:25.624+0000][1][safepoint    ] Total time for which application threads were stopped: 0.0013902 seconds, Stopping threads took: 0.0008858 seconds
[2022-06-13T01:51:25.712+0000][1][safepoint    ] Application time: 0.0879695 seconds
[2022-06-13T01:51:25.713+0000][1][safepoint    ] Entering safepoint region: CollectForMetadataAllocation
[2022-06-13T01:51:25.714+0000][1][safepoint    ] Leaving safepoint region
[2022-06-13T01:51:25.714+0000][1][safepoint    ] Total time for which application threads were stopped: 0.0011057 seconds, Stopping threads took: 0.0003310 seconds
[2022-06-13T01:51:25.770+0000][1][safepoint    ] Application time: 0.0555848 seconds
[2022-06-13T01:51:25.770+0000][1][safepoint    ] Entering safepoint region: Deoptimize
[2022-06-13T01:51:25.772+0000][1][safepoint    ] Leaving safepoint region
[2022-06-13T01:51:25.772+0000][1][safepoint    ] Total time for which application threads were stopped: 0.0016656 seconds, Stopping threads took: 0.0003368 seconds
[2022-06-13T01:51:25.775+0000][1][gc           ] GC(17) Concurrent Abortable Preclean 880.557ms
[2022-06-13T01:51:25.782+0000][1][gc,cpu       ] GC(17) User=3.06s Sys=0.12s Real=0.89s
[2022-06-13T01:51:25.783+0000][1][safepoint    ] Application time: 0.0106532 seconds
[2022-06-13T01:51:25.783+0000][1][safepoint    ] Entering safepoint region: CMS_Final_Remark
[2022-06-13T01:51:25.784+0000][1][gc,start     ] GC(17) Pause Remark
[2022-06-13T01:51:25.817+0000][1][gc           ] GC(17) Pause Remark 97M->97M(247M) 33.189ms
[2022-06-13T01:51:25.818+0000][1][gc,cpu       ] GC(17) User=0.07s Sys=0.00s Real=0.03s
[2022-06-13T01:51:25.819+0000][1][safepoint    ] Leaving safepoint region
[2022-06-13T01:51:25.820+0000][1][safepoint    ] Total time for which application threads were stopped: 0.0364975 seconds, Stopping threads took: 0.0005645 seconds
[2022-06-13T01:51:25.823+0000][1][gc           ] GC(17) Concurrent Sweep
[2022-06-13T01:51:25.843+0000][1][safepoint    ] Application time: 0.0227315 seconds
[2022-06-13T01:51:25.844+0000][1][safepoint    ] Entering safepoint region: CollectForMetadataAllocation
[2022-06-13T01:51:25.846+0000][1][safepoint    ] Leaving safepoint region
[2022-06-13T01:51:25.847+0000][1][safepoint    ] Total time for which application threads were stopped: 0.0023841 seconds, Stopping threads took: 0.0003433 seconds
[2022-06-13T01:51:25.870+0000][1][safepoint    ] Application time: 0.0225695 seconds
[2022-06-13T01:51:25.870+0000][1][safepoint    ] Entering safepoint region: RevokeBias
[2022-06-13T01:51:25.871+0000][1][safepoint    ] Leaving safepoint region
[2022-06-13T01:51:25.871+0000][1][safepoint    ] Total time for which application threads were stopped: 0.0008764 seconds, Stopping threads took: 0.0003695 seconds
[2022-06-13T01:51:25.873+0000][1][gc           ] GC(17) Concurrent Sweep 49.512ms
[2022-06-13T01:51:25.873+0000][1][gc,cpu       ] GC(17) User=0.12s Sys=0.00s Real=0.05s
[2022-06-13T01:51:25.876+0000][1][gc           ] GC(17) Concurrent Reset
[2022-06-13T01:51:25.877+0000][1][gc           ] GC(17) Concurrent Reset 0.907ms
[2022-06-13T01:51:25.879+0000][1][gc,cpu       ] GC(17) User=0.00s Sys=0.00s Real=0.00s
[2022-06-13T01:51:25.879+0000][1][gc,heap      ] GC(17) Old: 56295K->56080K(174784K)
[2022-06-13T01:51:25.879+0000][1][safepoint    ] Application time: 0.0075862 seconds
[2022-06-13T01:51:25.880+0000][1][safepoint    ] Entering safepoint region: RevokeBias
[2022-06-13T01:51:25.880+0000][1][safepoint    ] Leaving safepoint region
[2022-06-13T01:51:25.880+0000][1][safepoint    ] Total time for which application threads were stopped: 0.0007496 seconds, Stopping threads took: 0.0003374 seconds
[2022-06-13T01:51:25.967+0000][1][safepoint    ] Application time: 0.0864844 seconds
[2022-06-13T01:51:25.968+0000][1][safepoint    ] Entering safepoint region: RevokeBias
[2022-06-13T01:51:25.969+0000][1][safepoint    ] Leaving safepoint region
[2022-06-13T01:51:25.969+0000][1][safepoint    ] Total time for which application threads were stopped: 0.0015089 seconds, Stopping threads took: 0.0010038 seconds
[2022-06-13T01:51:26.008+0000][1][safepoint    ] Application time: 0.0387583 seconds
[2022-06-13T01:51:26.009+0000][1][safepoint    ] Entering safepoint region: RevokeBias
[2022-06-13T01:51:26.010+0000][1][safepoint    ] Leaving safepoint region
[2022-06-13T01:51:26.010+0000][1][safepoint    ] Total time for which application threads were stopped: 0.0014164 seconds, Stopping threads took: 0.0006614 seconds
[2022-06-13T01:51:26.021+0000][1][safepoint    ] Application time: 0.0105625 seconds
[2022-06-13T01:51:26.022+0000][1][safepoint    ] Entering safepoint region: RevokeBias
[2022-06-13T01:51:26.022+0000][1][safepoint    ] Leaving safepoint region
[2022-06-13T01:51:26.022+0000][1][safepoint    ] Total time for which application threads were stopped: 0.0007468 seconds, Stopping threads took: 0.0003887 seconds
[2022-06-13T01:51:26.456+0000][1][safepoint    ] Application time: 0.4335098 seconds
[2022-06-13T01:51:26.457+0000][1][safepoint    ] Entering safepoint region: RevokeBias
[2022-06-13T01:51:26.458+0000][1][safepoint    ] Leaving safepoint region
[2022-06-13T01:51:26.459+0000][1][safepoint    ] Total time for which application threads were stopped: 0.0027177 seconds, Stopping threads took: 0.0011571 seconds
[2022-06-13T01:51:26.460+0000][1][safepoint    ] Application time: 0.0001300 seconds
[2022-06-13T01:51:26.460+0000][1][safepoint    ] Entering safepoint region: RevokeBias
[2022-06-13T01:51:26.460+0000][1][safepoint    ] Leaving safepoint region
[2022-06-13T01:51:26.461+0000][1][safepoint    ] Total time for which application threads were stopped: 0.0009227 seconds, Stopping threads took: 0.0002865 seconds
[2022-06-13T01:51:26.463+0000][1][safepoint    ] Application time: 0.0002860 seconds
[2022-06-13T01:51:26.463+0000][1][safepoint    ] Entering safepoint region: RevokeBias
[2022-06-13T01:51:26.464+0000][1][safepoint    ] Leaving safepoint region
[2022-06-13T01:51:26.464+0000][1][safepoint    ] Total time for which application threads were stopped: 0.0007978 seconds, Stopping threads took: 0.0003825 seconds
[2022-06-13T01:51:26.464+0000][1][safepoint    ] Application time: 0.0002798 seconds
[2022-06-13T01:51:26.465+0000][1][safepoint    ] Entering safepoint region: RevokeBias
[2022-06-13T01:51:26.465+0000][1][safepoint    ] Leaving safepoint region
[2022-06-13T01:51:26.466+0000][1][safepoint    ] Total time for which application threads were stopped: 0.0009260 seconds, Stopping threads took: 0.0005155 seconds
[2022-06-13T01:51:26.467+0000][1][safepoint    ] Application time: 0.0009428 seconds
[2022-06-13T01:51:26.468+0000][1][safepoint    ] Entering safepoint region: RevokeBias
[2022-06-13T01:51:26.468+0000][1][safepoint    ] Leaving safepoint region
[2022-06-13T01:51:26.469+0000][1][safepoint    ] Total time for which application threads were stopped: 0.0007219 seconds, Stopping threads took: 0.0003676 seconds
[2022-06-13T01:51:26.469+0000][1][safepoint    ] Application time: 0.0005273 seconds
[2022-06-13T01:51:26.470+0000][1][safepoint    ] Entering safepoint region: RevokeBias
[2022-06-13T01:51:26.470+0000][1][safepoint    ] Leaving safepoint region
[2022-06-13T01:51:26.471+0000][1][safepoint    ] Total time for which application threads were stopped: 0.0010428 seconds, Stopping threads took: 0.0003634 seconds
[2022-06-13T01:51:26.471+0000][1][safepoint    ] Application time: 0.0002483 seconds
[2022-06-13T01:51:26.472+0000][1][safepoint    ] Entering safepoint region: RevokeBias
[2022-06-13T01:51:26.473+0000][1][safepoint    ] Leaving safepoint region
[2022-06-13T01:51:26.473+0000][1][safepoint    ] Total time for which application threads were stopped: 0.0008054 seconds, Stopping threads took: 0.0003828 seconds
[2022-06-13T01:51:26.474+0000][1][safepoint    ] Application time: 0.0008506 seconds
[2022-06-13T01:51:26.475+0000][1][safepoint    ] Entering safepoint region: RevokeBias
[2022-06-13T01:51:26.477+0000][1][safepoint    ] Leaving safepoint region
[2022-06-13T01:51:26.478+0000][1][safepoint    ] Total time for which application threads were stopped: 0.0029765 seconds, Stopping threads took: 0.0025488 seconds
[2022-06-13T01:51:26.478+0000][1][safepoint    ] Application time: 0.0001272 seconds
[2022-06-13T01:51:26.479+0000][1][safepoint    ] Entering safepoint region: RevokeBias
[2022-06-13T01:51:26.480+0000][1][safepoint    ] Leaving safepoint region
[2022-06-13T01:51:26.480+0000][1][safepoint    ] Total time for which application threads were stopped: 0.0016465 seconds, Stopping threads took: 0.0012871 seconds
[2022-06-13T01:51:26.481+0000][1][safepoint    ] Application time: 0.0000879 seconds
[2022-06-13T01:51:26.481+0000][1][safepoint    ] Entering safepoint region: RevokeBias
[2022-06-13T01:51:26.481+0000][1][safepoint    ] Leaving safepoint region
[2022-06-13T01:51:26.481+0000][1][safepoint    ] Total time for which application threads were stopped: 0.0004383 seconds, Stopping threads took: 0.0001665 seconds
[2022-06-13T01:51:26.482+0000][1][safepoint    ] Application time: 0.0001243 seconds
[2022-06-13T01:51:26.482+0000][1][safepoint    ] Entering safepoint region: RevokeBias
[2022-06-13T01:51:26.482+0000][1][safepoint    ] Leaving safepoint region
[2022-06-13T01:51:26.482+0000][1][safepoint    ] Total time for which application threads were stopped: 0.0003438 seconds, Stopping threads took: 0.0001370 seconds
[2022-06-13T01:51:26.483+0000][1][safepoint    ] Application time: 0.0003942 seconds
[2022-06-13T01:51:26.483+0000][1][safepoint    ] Entering safepoint region: RevokeBias
[2022-06-13T01:51:26.484+0000][1][safepoint    ] Leaving safepoint region
[2022-06-13T01:51:26.484+0000][1][safepoint    ] Total time for which application threads were stopped: 0.0006835 seconds, Stopping threads took: 0.0002913 seconds
[2022-06-13T01:51:26.485+0000][1][safepoint    ] Application time: 0.0002082 seconds
[2022-06-13T01:51:26.485+0000][1][safepoint    ] Entering safepoint region: RevokeBias
[2022-06-13T01:51:26.485+0000][1][safepoint    ] Leaving safepoint region
[2022-06-13T01:51:26.485+0000][1][safepoint    ] Total time for which application threads were stopped: 0.0005078 seconds, Stopping threads took: 0.0002485 seconds
[2022-06-13T01:51:26.486+0000][1][safepoint    ] Application time: 0.0002714 seconds
[2022-06-13T01:51:26.486+0000][1][safepoint    ] Entering safepoint region: RevokeBias
[2022-06-13T01:51:26.487+0000][1][safepoint    ] Leaving safepoint region
[2022-06-13T01:51:26.487+0000][1][safepoint    ] Total time for which application threads were stopped: 0.0006301 seconds, Stopping threads took: 0.0002966 seconds
[2022-06-13T01:51:26.488+0000][1][safepoint    ] Application time: 0.0001502 seconds
[2022-06-13T01:51:26.488+0000][1][safepoint    ] Entering safepoint region: RevokeBias
[2022-06-13T01:51:26.488+0000][1][safepoint    ] Leaving safepoint region
[2022-06-13T01:51:26.489+0000][1][safepoint    ] Total time for which application threads were stopped: 0.0008845 seconds, Stopping threads took: 0.0002221 seconds
[2022-06-13T01:51:26.489+0000][1][safepoint    ] Application time: 0.0001707 seconds
[2022-06-13T01:51:26.490+0000][1][safepoint    ] Entering safepoint region: RevokeBias
[2022-06-13T01:51:26.490+0000][1][safepoint    ] Leaving safepoint region
[2022-06-13T01:51:26.491+0000][1][safepoint    ] Total time for which application threads were stopped: 0.0008009 seconds, Stopping threads took: 0.0003215 seconds
[2022-06-13T01:51:26.491+0000][1][safepoint    ] Application time: 0.0001816 seconds
[2022-06-13T01:51:26.491+0000][1][safepoint    ] Entering safepoint region: RevokeBias
[2022-06-13T01:51:26.492+0000][1][safepoint    ] Leaving safepoint region
[2022-06-13T01:51:26.492+0000][1][safepoint    ] Total time for which application threads were stopped: 0.0005761 seconds, Stopping threads took: 0.0002402 seconds
[2022-06-13T01:51:26.492+0000][1][safepoint    ] Application time: 0.0001382 seconds
[2022-06-13T01:51:26.493+0000][1][safepoint    ] Entering safepoint region: RevokeBias
[2022-06-13T01:51:26.493+0000][1][safepoint    ] Leaving safepoint region
[2022-06-13T01:51:26.493+0000][1][safepoint    ] Total time for which application threads were stopped: 0.0007894 seconds, Stopping threads took: 0.0004372 seconds
[2022-06-13T01:51:26.494+0000][1][safepoint    ] Application time: 0.0000767 seconds
[2022-06-13T01:51:26.496+0000][1][safepoint    ] Entering safepoint region: RevokeBias
[2022-06-13T01:51:26.496+0000][1][safepoint    ] Leaving safepoint region
[2022-06-13T01:51:26.497+0000][1][safepoint    ] Total time for which application threads were stopped: 0.0007154 seconds, Stopping threads took: 0.0003026 seconds
[2022-06-13T01:51:26.497+0000][1][safepoint    ] Application time: 0.0001087 seconds
[2022-06-13T01:51:26.497+0000][1][safepoint    ] Entering safepoint region: RevokeBias
[2022-06-13T01:51:26.499+0000][1][safepoint    ] Leaving safepoint region
[2022-06-13T01:51:26.499+0000][1][safepoint    ] Total time for which application threads were stopped: 0.0019267 seconds, Stopping threads took: 0.0015242 seconds
[2022-06-13T01:51:26.500+0000][1][safepoint    ] Application time: 0.0002759 seconds
[2022-06-13T01:51:26.500+0000][1][safepoint    ] Entering safepoint region: RevokeBias
[2022-06-13T01:51:26.500+0000][1][safepoint    ] Leaving safepoint region
[2022-06-13T01:51:26.501+0000][1][safepoint    ] Total time for which application threads were stopped: 0.0006256 seconds, Stopping threads took: 0.0002588 seconds
[2022-06-13T01:51:26.501+0000][1][safepoint    ] Application time: 0.0001554 seconds
[2022-06-13T01:51:26.501+0000][1][safepoint    ] Entering safepoint region: RevokeBias
[2022-06-13T01:51:26.502+0000][1][safepoint    ] Leaving safepoint region
[2022-06-13T01:51:26.502+0000][1][safepoint    ] Total time for which application threads were stopped: 0.0006630 seconds, Stopping threads took: 0.0003175 seconds
[2022-06-13T01:51:26.503+0000][1][safepoint    ] Application time: 0.0001408 seconds
[2022-06-13T01:51:26.503+0000][1][safepoint    ] Entering safepoint region: RevokeBias
[2022-06-13T01:51:26.503+0000][1][safepoint    ] Leaving safepoint region
[2022-06-13T01:51:26.503+0000][1][safepoint    ] Total time for which application threads were stopped: 0.0006427 seconds, Stopping threads took: 0.0002360 seconds
[2022-06-13T01:51:26.504+0000][1][safepoint    ] Application time: 0.0001658 seconds
[2022-06-13T01:51:26.504+0000][1][safepoint    ] Entering safepoint region: RevokeBias
[2022-06-13T01:51:26.505+0000][1][safepoint    ] Leaving safepoint region
[2022-06-13T01:51:26.505+0000][1][safepoint    ] Total time for which application threads were stopped: 0.0007369 seconds, Stopping threads took: 0.0003510 seconds
[2022-06-13T01:51:26.505+0000][1][safepoint    ] Application time: 0.0001702 seconds
[2022-06-13T01:51:26.506+0000][1][safepoint    ] Entering safepoint region: RevokeBias
[2022-06-13T01:51:26.506+0000][1][safepoint    ] Leaving safepoint region
[2022-06-13T01:51:26.506+0000][1][safepoint    ] Total time for which application threads were stopped: 0.0005924 seconds, Stopping threads took: 0.0002632 seconds
[2022-06-13T01:51:26.507+0000][1][safepoint    ] Application time: 0.0001647 seconds
[2022-06-13T01:51:26.507+0000][1][safepoint    ] Entering safepoint region: RevokeBias
[2022-06-13T01:51:26.508+0000][1][safepoint    ] Leaving safepoint region
[2022-06-13T01:51:26.508+0000][1][safepoint    ] Total time for which application threads were stopped: 0.0005158 seconds, Stopping threads took: 0.0002189 seconds
[2022-06-13T01:51:26.508+0000][1][safepoint    ] Application time: 0.0001660 seconds
[2022-06-13T01:51:26.508+0000][1][safepoint    ] Entering safepoint region: BulkRevokeBias
[2022-06-13T01:51:26.509+0000][1][safepoint    ] Leaving safepoint region
[2022-06-13T01:51:26.509+0000][1][safepoint    ] Total time for which application threads were stopped: 0.0006256 seconds, Stopping threads took: 0.0002372 seconds
[2022-06-13T01:51:26.510+0000][1][safepoint    ] Application time: 0.0004017 seconds
[2022-06-13T01:51:26.510+0000][1][safepoint    ] Entering safepoint region: RevokeBias
[2022-06-13T01:51:26.511+0000][1][safepoint    ] Leaving safepoint region
[2022-06-13T01:51:26.511+0000][1][safepoint    ] Total time for which application threads were stopped: 0.0008053 seconds, Stopping threads took: 0.0003847 seconds
[2022-06-13T01:51:26.512+0000][1][safepoint    ] Application time: 0.0004981 seconds
[2022-06-13T01:51:26.512+0000][1][safepoint    ] Entering safepoint region: RevokeBias
[2022-06-13T01:51:26.513+0000][1][safepoint    ] Leaving safepoint region
[2022-06-13T01:51:26.513+0000][1][safepoint    ] Total time for which application threads were stopped: 0.0011085 seconds, Stopping threads took: 0.0003402 seconds
[2022-06-13T01:51:26.514+0000][1][safepoint    ] Application time: 0.0003464 seconds
[2022-06-13T01:51:26.515+0000][1][safepoint    ] Entering safepoint region: RevokeBias
[2022-06-13T01:51:26.515+0000][1][safepoint    ] Leaving safepoint region
[2022-06-13T01:51:26.515+0000][1][safepoint    ] Total time for which application threads were stopped: 0.0006602 seconds, Stopping threads took: 0.0002902 seconds
[2022-06-13T01:51:26.516+0000][1][safepoint    ] Application time: 0.0003288 seconds
[2022-06-13T01:51:26.516+0000][1][safepoint    ] Entering safepoint region: RevokeBias
[2022-06-13T01:51:26.517+0000][1][safepoint    ] Leaving safepoint region
[2022-06-13T01:51:26.517+0000][1][safepoint    ] Total time for which application threads were stopped: 0.0007425 seconds, Stopping threads took: 0.0003568 seconds
[2022-06-13T01:51:26.518+0000][1][safepoint    ] Application time: 0.0002566 seconds
[2022-06-13T01:51:26.518+0000][1][safepoint    ] Entering safepoint region: RevokeBias
[2022-06-13T01:51:26.518+0000][1][safepoint    ] Leaving safepoint region
[2022-06-13T01:51:26.519+0000][1][safepoint    ] Total time for which application threads were stopped: 0.0006060 seconds, Stopping threads took: 0.0002699 seconds
[2022-06-13T01:51:26.519+0000][1][safepoint    ] Application time: 0.0001557 seconds
[2022-06-13T01:51:26.519+0000][1][safepoint    ] Entering safepoint region: RevokeBias
[2022-06-13T01:51:26.520+0000][1][safepoint    ] Leaving safepoint region
[2022-06-13T01:51:26.520+0000][1][safepoint    ] Total time for which application threads were stopped: 0.0006256 seconds, Stopping threads took: 0.0002823 seconds
[2022-06-13T01:51:26.521+0000][1][safepoint    ] Application time: 0.0001665 seconds
[2022-06-13T01:51:26.521+0000][1][safepoint    ] Entering safepoint region: RevokeBias
[2022-06-13T01:51:26.521+0000][1][safepoint    ] Leaving safepoint region
[2022-06-13T01:51:26.522+0000][1][safepoint    ] Total time for which application threads were stopped: 0.0005447 seconds, Stopping threads took: 0.0002520 seconds
[2022-06-13T01:51:26.522+0000][1][safepoint    ] Application time: 0.0001482 seconds
[2022-06-13T01:51:26.522+0000][1][safepoint    ] Entering safepoint region: RevokeBias
[2022-06-13T01:51:26.523+0000][1][safepoint    ] Leaving safepoint region
[2022-06-13T01:51:26.523+0000][1][safepoint    ] Total time for which application threads were stopped: 0.0005854 seconds, Stopping threads took: 0.0002651 seconds
[2022-06-13T01:51:26.524+0000][1][safepoint    ] Application time: 0.0004371 seconds
[2022-06-13T01:51:26.524+0000][1][safepoint    ] Entering safepoint region: RevokeBias
[2022-06-13T01:51:26.524+0000][1][safepoint    ] Leaving safepoint region
[2022-06-13T01:51:26.525+0000][1][safepoint    ] Total time for which application threads were stopped: 0.0009521 seconds, Stopping threads took: 0.0003914 seconds
[2022-06-13T01:51:26.525+0000][1][safepoint    ] Application time: 0.0002101 seconds
[2022-06-13T01:51:26.526+0000][1][safepoint    ] Entering safepoint region: RevokeBias
[2022-06-13T01:51:26.526+0000][1][safepoint    ] Leaving safepoint region
[2022-06-13T01:51:26.527+0000][1][safepoint    ] Total time for which application threads were stopped: 0.0009610 seconds, Stopping threads took: 0.0003704 seconds
[2022-06-13T01:51:26.527+0000][1][safepoint    ] Application time: 0.0001634 seconds
[2022-06-13T01:51:26.528+0000][1][safepoint    ] Entering safepoint region: RevokeBias
[2022-06-13T01:51:26.528+0000][1][safepoint    ] Leaving safepoint region
[2022-06-13T01:51:26.528+0000][1][safepoint    ] Total time for which application threads were stopped: 0.0006768 seconds, Stopping threads took: 0.0003001 seconds
[2022-06-13T01:51:26.529+0000][1][safepoint    ] Application time: 0.0002161 seconds
[2022-06-13T01:51:26.529+0000][1][safepoint    ] Entering safepoint region: RevokeBias
[2022-06-13T01:51:26.530+0000][1][safepoint    ] Leaving safepoint region
[2022-06-13T01:51:26.530+0000][1][safepoint    ] Total time for which application threads were stopped: 0.0006359 seconds, Stopping threads took: 0.0003142 seconds
[2022-06-13T01:51:26.530+0000][1][safepoint    ] Application time: 0.0001144 seconds
[2022-06-13T01:51:26.531+0000][1][safepoint    ] Entering safepoint region: RevokeBias
[2022-06-13T01:51:26.531+0000][1][safepoint    ] Leaving safepoint region
[2022-06-13T01:51:26.532+0000][1][safepoint    ] Total time for which application threads were stopped: 0.0009225 seconds, Stopping threads took: 0.0004597 seconds
[2022-06-13T01:51:26.532+0000][1][safepoint    ] Application time: 0.0001573 seconds
[2022-06-13T01:51:26.532+0000][1][safepoint    ] Entering safepoint region: RevokeBias
[2022-06-13T01:51:26.533+0000][1][safepoint    ] Leaving safepoint region
[2022-06-13T01:51:26.533+0000][1][safepoint    ] Total time for which application threads were stopped: 0.0004816 seconds, Stopping threads took: 0.0002196 seconds
[2022-06-13T01:51:26.533+0000][1][safepoint    ] Application time: 0.0001559 seconds
[2022-06-13T01:51:26.534+0000][1][safepoint    ] Entering safepoint region: RevokeBias
[2022-06-13T01:51:26.534+0000][1][safepoint    ] Leaving safepoint region
[2022-06-13T01:51:26.534+0000][1][safepoint    ] Total time for which application threads were stopped: 0.0005889 seconds, Stopping threads took: 0.0002378 seconds
[2022-06-13T01:51:26.534+0000][1][safepoint    ] Application time: 0.0001213 seconds
[2022-06-13T01:51:26.535+0000][1][safepoint    ] Entering safepoint region: RevokeBias
[2022-06-13T01:51:26.535+0000][1][safepoint    ] Leaving safepoint region
[2022-06-13T01:51:26.535+0000][1][safepoint    ] Total time for which application threads were stopped: 0.0005096 seconds, Stopping threads took: 0.0001957 seconds
[2022-06-13T01:51:26.536+0000][1][safepoint    ] Application time: 0.0001665 seconds
[2022-06-13T01:51:26.536+0000][1][safepoint    ] Entering safepoint region: RevokeBias
[2022-06-13T01:51:26.537+0000][1][safepoint    ] Leaving safepoint region
[2022-06-13T01:51:26.537+0000][1][safepoint    ] Total time for which application threads were stopped: 0.0006320 seconds, Stopping threads took: 0.0002949 seconds
[2022-06-13T01:51:26.538+0000][1][safepoint    ] Application time: 0.0002957 seconds
[2022-06-13T01:51:26.538+0000][1][safepoint    ] Entering safepoint region: RevokeBias
[2022-06-13T01:51:26.538+0000][1][safepoint    ] Leaving safepoint region
[2022-06-13T01:51:26.539+0000][1][safepoint    ] Total time for which application threads were stopped: 0.0006450 seconds, Stopping threads took: 0.0002843 seconds
[2022-06-13T01:51:26.539+0000][1][safepoint    ] Application time: 0.0002147 seconds
[2022-06-13T01:51:26.540+0000][1][safepoint    ] Entering safepoint region: RevokeBias
[2022-06-13T01:51:26.540+0000][1][safepoint    ] Leaving safepoint region
[2022-06-13T01:51:26.540+0000][1][safepoint    ] Total time for which application threads were stopped: 0.0008429 seconds, Stopping threads took: 0.0004272 seconds
[2022-06-13T01:51:26.541+0000][1][safepoint    ] Application time: 0.0002036 seconds
[2022-06-13T01:51:26.541+0000][1][safepoint    ] Entering safepoint region: RevokeBias
[2022-06-13T01:51:26.542+0000][1][safepoint    ] Leaving safepoint region
[2022-06-13T01:51:26.542+0000][1][safepoint    ] Total time for which application threads were stopped: 0.0007112 seconds, Stopping threads took: 0.0002653 seconds
[2022-06-13T01:51:26.543+0000][1][safepoint    ] Application time: 0.0001401 seconds
[2022-06-13T01:51:26.543+0000][1][safepoint    ] Entering safepoint region: RevokeBias
[2022-06-13T01:51:26.543+0000][1][safepoint    ] Leaving safepoint region
[2022-06-13T01:51:26.544+0000][1][safepoint    ] Total time for which application threads were stopped: 0.0007250 seconds, Stopping threads took: 0.0003358 seconds
[2022-06-13T01:51:26.544+0000][1][safepoint    ] Application time: 0.0001301 seconds
[2022-06-13T01:51:26.544+0000][1][safepoint    ] Entering safepoint region: RevokeBias
[2022-06-13T01:51:26.545+0000][1][safepoint    ] Leaving safepoint region
[2022-06-13T01:51:26.545+0000][1][safepoint    ] Total time for which application threads were stopped: 0.0007722 seconds, Stopping threads took: 0.0003506 seconds
[2022-06-13T01:51:26.546+0000][1][safepoint    ] Application time: 0.0001438 seconds
[2022-06-13T01:51:26.546+0000][1][safepoint    ] Entering safepoint region: RevokeBias
[2022-06-13T01:51:26.546+0000][1][safepoint    ] Leaving safepoint region
[2022-06-13T01:51:26.547+0000][1][safepoint    ] Total time for which application threads were stopped: 0.0005448 seconds, Stopping threads took: 0.0002466 seconds
[2022-06-13T01:51:26.547+0000][1][safepoint    ] Application time: 0.0001615 seconds
[2022-06-13T01:51:26.547+0000][1][safepoint    ] Entering safepoint region: BulkRevokeBias
[2022-06-13T01:51:26.548+0000][1][safepoint    ] Leaving safepoint region
[2022-06-13T01:51:26.549+0000][1][safepoint    ] Total time for which application threads were stopped: 0.0013535 seconds, Stopping threads took: 0.0007891 seconds
[2022-06-13T01:51:26.550+0000][1][safepoint    ] Application time: 0.0005970 seconds
[2022-06-13T01:51:26.550+0000][1][safepoint    ] Entering safepoint region: RevokeBias
[2022-06-13T01:51:26.551+0000][1][safepoint    ] Leaving safepoint region
[2022-06-13T01:51:26.551+0000][1][safepoint    ] Total time for which application threads were stopped: 0.0008443 seconds, Stopping threads took: 0.0005175 seconds
[2022-06-13T01:51:26.551+0000][1][safepoint    ] Application time: 0.0002196 seconds
[2022-06-13T01:51:26.552+0000][1][safepoint    ] Entering safepoint region: RevokeBias
[2022-06-13T01:51:26.552+0000][1][safepoint    ] Leaving safepoint region
[2022-06-13T01:51:26.552+0000][1][safepoint    ] Total time for which application threads were stopped: 0.0005935 seconds, Stopping threads took: 0.0002733 seconds
[2022-06-13T01:51:26.553+0000][1][safepoint    ] Application time: 0.0003384 seconds
[2022-06-13T01:51:26.553+0000][1][safepoint    ] Entering safepoint region: RevokeBias
[2022-06-13T01:51:26.554+0000][1][safepoint    ] Leaving safepoint region
[2022-06-13T01:51:26.554+0000][1][safepoint    ] Total time for which application threads were stopped: 0.0007655 seconds, Stopping threads took: 0.0003490 seconds
[2022-06-13T01:51:26.555+0000][1][safepoint    ] Application time: 0.0002632 seconds
[2022-06-13T01:51:26.555+0000][1][safepoint    ] Entering safepoint region: RevokeBias
[2022-06-13T01:51:26.556+0000][1][safepoint    ] Leaving safepoint region
[2022-06-13T01:51:26.556+0000][1][safepoint    ] Total time for which application threads were stopped: 0.0011302 seconds, Stopping threads took: 0.0007861 seconds
[2022-06-13T01:51:26.557+0000][1][safepoint    ] Application time: 0.0001871 seconds
[2022-06-13T01:51:26.557+0000][1][safepoint    ] Entering safepoint region: RevokeBias
[2022-06-13T01:51:26.558+0000][1][safepoint    ] Leaving safepoint region
[2022-06-13T01:51:26.558+0000][1][safepoint    ] Total time for which application threads were stopped: 0.0009440 seconds, Stopping threads took: 0.0005560 seconds
[2022-06-13T01:51:26.558+0000][1][safepoint    ] Application time: 0.0001673 seconds
[2022-06-13T01:51:26.559+0000][1][safepoint    ] Entering safepoint region: RevokeBias
[2022-06-13T01:51:26.559+0000][1][safepoint    ] Leaving safepoint region
[2022-06-13T01:51:26.560+0000][1][safepoint    ] Total time for which application threads were stopped: 0.0008538 seconds, Stopping threads took: 0.0004059 seconds
[2022-06-13T01:51:26.561+0000][1][safepoint    ] Application time: 0.0006379 seconds
[2022-06-13T01:51:26.562+0000][1][safepoint    ] Entering safepoint region: RevokeBias
[2022-06-13T01:51:26.562+0000][1][safepoint    ] Leaving safepoint region
[2022-06-13T01:51:26.562+0000][1][safepoint    ] Total time for which application threads were stopped: 0.0013527 seconds, Stopping threads took: 0.0009462 seconds
[2022-06-13T01:51:26.563+0000][1][safepoint    ] Application time: 0.0003502 seconds
[2022-06-13T01:51:26.563+0000][1][safepoint    ] Entering safepoint region: RevokeBias
[2022-06-13T01:51:26.564+0000][1][safepoint    ] Leaving safepoint region
[2022-06-13T01:51:26.564+0000][1][safepoint    ] Total time for which application threads were stopped: 0.0007408 seconds, Stopping threads took: 0.0003627 seconds
[2022-06-13T01:51:26.565+0000][1][safepoint    ] Application time: 0.0008131 seconds
[2022-06-13T01:51:26.566+0000][1][safepoint    ] Entering safepoint region: RevokeBias
[2022-06-13T01:51:26.566+0000][1][safepoint    ] Leaving safepoint region
[2022-06-13T01:51:26.566+0000][1][safepoint    ] Total time for which application threads were stopped: 0.0007649 seconds, Stopping threads took: 0.0003954 seconds
[2022-06-13T01:51:26.567+0000][1][safepoint    ] Application time: 0.0005154 seconds
[2022-06-13T01:51:26.568+0000][1][safepoint    ] Entering safepoint region: RevokeBias
[2022-06-13T01:51:26.568+0000][1][safepoint    ] Leaving safepoint region
[2022-06-13T01:51:26.568+0000][1][safepoint    ] Total time for which application threads were stopped: 0.0009401 seconds, Stopping threads took: 0.0005143 seconds
[2022-06-13T01:51:26.569+0000][1][safepoint    ] Application time: 0.0006453 seconds
[2022-06-13T01:51:26.570+0000][1][safepoint    ] Entering safepoint region: RevokeBias
[2022-06-13T01:51:26.570+0000][1][safepoint    ] Leaving safepoint region
[2022-06-13T01:51:26.570+0000][1][safepoint    ] Total time for which application threads were stopped: 0.0008451 seconds, Stopping threads took: 0.0003839 seconds
[2022-06-13T01:51:26.572+0000][1][safepoint    ] Application time: 0.0009680 seconds
[2022-06-13T01:51:26.573+0000][1][safepoint    ] Entering safepoint region: RevokeBias
[2022-06-13T01:51:26.573+0000][1][safepoint    ] Leaving safepoint region
[2022-06-13T01:51:26.573+0000][1][safepoint    ] Total time for which application threads were stopped: 0.0007925 seconds, Stopping threads took: 0.0003853 seconds
[2022-06-13T01:51:26.574+0000][1][safepoint    ] Application time: 0.0002544 seconds
[2022-06-13T01:51:26.574+0000][1][safepoint    ] Entering safepoint region: RevokeBias
[2022-06-13T01:51:26.575+0000][1][safepoint    ] Leaving safepoint region
[2022-06-13T01:51:26.575+0000][1][safepoint    ] Total time for which application threads were stopped: 0.0010046 seconds, Stopping threads took: 0.0005118 seconds
[2022-06-13T01:51:26.576+0000][1][safepoint    ] Application time: 0.0004424 seconds
[2022-06-13T01:51:26.576+0000][1][safepoint    ] Entering safepoint region: RevokeBias
[2022-06-13T01:51:26.577+0000][1][safepoint    ] Leaving safepoint region
[2022-06-13T01:51:26.577+0000][1][safepoint    ] Total time for which application threads were stopped: 0.0008777 seconds, Stopping threads took: 0.0004334 seconds
[2022-06-13T01:51:26.578+0000][1][safepoint    ] Application time: 0.0002083 seconds
[2022-06-13T01:51:26.578+0000][1][safepoint    ] Entering safepoint region: RevokeBias
[2022-06-13T01:51:26.579+0000][1][safepoint    ] Leaving safepoint region
[2022-06-13T01:51:26.579+0000][1][safepoint    ] Total time for which application threads were stopped: 0.0009554 seconds, Stopping threads took: 0.0004392 seconds
[2022-06-13T01:51:26.580+0000][1][safepoint    ] Application time: 0.0007052 seconds
[2022-06-13T01:51:26.581+0000][1][safepoint    ] Entering safepoint region: RevokeBias
[2022-06-13T01:51:26.581+0000][1][safepoint    ] Leaving safepoint region
[2022-06-13T01:51:26.582+0000][1][safepoint    ] Total time for which application threads were stopped: 0.0007000 seconds, Stopping threads took: 0.0003655 seconds
[2022-06-13T01:51:26.585+0000][1][safepoint    ] Application time: 0.0026898 seconds
[2022-06-13T01:51:26.585+0000][1][safepoint    ] Entering safepoint region: RevokeBias
[2022-06-13T01:51:26.585+0000][1][safepoint    ] Leaving safepoint region
[2022-06-13T01:51:26.586+0000][1][safepoint    ] Total time for which application threads were stopped: 0.0006618 seconds, Stopping threads took: 0.0002223 seconds
[2022-06-13T01:51:26.586+0000][1][safepoint    ] Application time: 0.0002856 seconds
[2022-06-13T01:51:26.587+0000][1][safepoint    ] Entering safepoint region: RevokeBias
[2022-06-13T01:51:26.587+0000][1][safepoint    ] Leaving safepoint region
[2022-06-13T01:51:26.587+0000][1][safepoint    ] Total time for which application threads were stopped: 0.0006862 seconds, Stopping threads took: 0.0003323 seconds
[2022-06-13T01:51:26.588+0000][1][safepoint    ] Application time: 0.0001821 seconds
[2022-06-13T01:51:26.588+0000][1][safepoint    ] Entering safepoint region: RevokeBias
[2022-06-13T01:51:26.588+0000][1][safepoint    ] Leaving safepoint region
[2022-06-13T01:51:26.589+0000][1][safepoint    ] Total time for which application threads were stopped: 0.0007042 seconds, Stopping threads took: 0.0002883 seconds
[2022-06-13T01:51:26.591+0000][1][safepoint    ] Application time: 0.0017832 seconds
[2022-06-13T01:51:26.591+0000][1][safepoint    ] Entering safepoint region: RevokeBias
[2022-06-13T01:51:26.592+0000][1][safepoint    ] Leaving safepoint region
[2022-06-13T01:51:26.592+0000][1][safepoint    ] Total time for which application threads were stopped: 0.0008031 seconds, Stopping threads took: 0.0003577 seconds
[2022-06-13T01:51:26.595+0000][1][safepoint    ] Application time: 0.0023836 seconds
[2022-06-13T01:51:26.596+0000][1][safepoint    ] Entering safepoint region: RevokeBias
[2022-06-13T01:51:26.597+0000][1][safepoint    ] Leaving safepoint region
[2022-06-13T01:51:26.597+0000][1][safepoint    ] Total time for which application threads were stopped: 0.0019442 seconds, Stopping threads took: 0.0015394 seconds
[2022-06-13T01:51:26.597+0000][1][safepoint    ] Application time: 0.0001256 seconds
[2022-06-13T01:51:26.598+0000][1][safepoint    ] Entering safepoint region: RevokeBias
[2022-06-13T01:51:26.598+0000][1][safepoint    ] Leaving safepoint region
[2022-06-13T01:51:26.598+0000][1][safepoint    ] Total time for which application threads were stopped: 0.0006513 seconds, Stopping threads took: 0.0003516 seconds
[2022-06-13T01:51:26.599+0000][1][safepoint    ] Application time: 0.0006302 seconds
[2022-06-13T01:51:26.600+0000][1][safepoint    ] Entering safepoint region: RevokeBias
[2022-06-13T01:51:26.600+0000][1][safepoint    ] Leaving safepoint region
[2022-06-13T01:51:26.601+0000][1][safepoint    ] Total time for which application threads were stopped: 0.0010859 seconds, Stopping threads took: 0.0007012 seconds
[2022-06-13T01:51:26.634+0000][1][safepoint    ] Application time: 0.0331468 seconds
[2022-06-13T01:51:26.635+0000][1][safepoint    ] Entering safepoint region: GenCollectForAllocation
[2022-06-13T01:51:26.635+0000][1][gc,start     ] GC(19) Pause Young (Allocation Failure)
[2022-06-13T01:51:26.636+0000][1][gc,task      ] GC(19) Using 5 workers of 13 for evacuation
[2022-06-13T01:51:26.643+0000][1][gc,age       ] GC(19) Desired survivor size 4456448 bytes, new threshold 2 (max threshold 6)
[2022-06-13T01:51:26.644+0000][1][gc,age       ] GC(19) Age table with threshold 2 (max threshold 6)
[2022-06-13T01:51:26.644+0000][1][gc,age       ] GC(19) - age   1:    2905704 bytes,    2905704 total
[2022-06-13T01:51:26.644+0000][1][gc,age       ] GC(19) - age   2:    3876224 bytes,    6781928 total
[2022-06-13T01:51:26.645+0000][1][gc,age       ] GC(19) - age   3:     275152 bytes,    7057080 total
[2022-06-13T01:51:26.645+0000][1][gc,heap      ] GC(19) ParNew: 75751K->8582K(78656K)
[2022-06-13T01:51:26.646+0000][1][gc,heap      ] GC(19) CMS: 56080K->56080K(174784K)
[2022-06-13T01:51:26.646+0000][1][gc,metaspace ] GC(19) Metaspace: 47268K->47268K(1093632K)
[2022-06-13T01:51:26.646+0000][1][gc           ] GC(19) Pause Young (Allocation Failure) 128M->63M(247M) 11.273ms
[2022-06-13T01:51:26.647+0000][1][gc,cpu       ] GC(19) User=0.04s Sys=0.00s Real=0.01s
[2022-06-13T01:51:26.647+0000][1][safepoint    ] Leaving safepoint region
[2022-06-13T01:51:26.647+0000][1][safepoint    ] Total time for which application threads were stopped: 0.0126910 seconds, Stopping threads took: 0.0003794 seconds
[2022-06-13T01:51:27.339+0000][1][safepoint    ] Application time: 0.6916448 seconds
[2022-06-13T01:51:27.340+0000][1][safepoint    ] Entering safepoint region: RevokeBias
[2022-06-13T01:51:27.340+0000][1][safepoint    ] Leaving safepoint region
[2022-06-13T01:51:27.341+0000][1][safepoint    ] Total time for which application threads were stopped: 0.0008194 seconds, Stopping threads took: 0.0004069 seconds
[2022-06-13T01:51:27.342+0000][1][safepoint    ] Application time: 0.0012334 seconds
[2022-06-13T01:51:27.343+0000][1][safepoint    ] Entering safepoint region: RevokeBias
[2022-06-13T01:51:27.343+0000][1][safepoint    ] Leaving safepoint region
[2022-06-13T01:51:27.343+0000][1][safepoint    ] Total time for which application threads were stopped: 0.0007595 seconds, Stopping threads took: 0.0003370 seconds
[2022-06-13T01:51:27.345+0000][1][safepoint    ] Application time: 0.0003268 seconds
[2022-06-13T01:51:27.345+0000][1][safepoint    ] Entering safepoint region: RevokeBias
[2022-06-13T01:51:27.346+0000][1][safepoint    ] Leaving safepoint region
[2022-06-13T01:51:27.346+0000][1][safepoint    ] Total time for which application threads were stopped: 0.0010993 seconds, Stopping threads took: 0.0007013 seconds
[2022-06-13T01:51:27.347+0000][1][safepoint    ] Application time: 0.0003161 seconds
[2022-06-13T01:51:27.347+0000][1][safepoint    ] Entering safepoint region: RevokeBias
[2022-06-13T01:51:27.348+0000][1][safepoint    ] Leaving safepoint region
[2022-06-13T01:51:27.348+0000][1][safepoint    ] Total time for which application threads were stopped: 0.0009647 seconds, Stopping threads took: 0.0005308 seconds
[2022-06-13T01:51:27.636+0000][1][safepoint    ] Application time: 0.2877182 seconds
[2022-06-13T01:51:27.636+0000][1][safepoint    ] Entering safepoint region: GenCollectForAllocation
[2022-06-13T01:51:27.637+0000][1][gc,start     ] GC(20) Pause Young (Allocation Failure)
[2022-06-13T01:51:27.638+0000][1][gc,task      ] GC(20) Using 5 workers of 13 for evacuation
[2022-06-13T01:51:27.653+0000][1][gc,age       ] GC(20) Desired survivor size 4456448 bytes, new threshold 6 (max threshold 6)
[2022-06-13T01:51:27.653+0000][1][gc,age       ] GC(20) Age table with threshold 6 (max threshold 6)
[2022-06-13T01:51:27.654+0000][1][gc,age       ] GC(20) - age   1:    1472200 bytes,    1472200 total
[2022-06-13T01:51:27.654+0000][1][gc,age       ] GC(20) - age   2:    2869136 bytes,    4341336 total
[2022-06-13T01:51:27.654+0000][1][gc,heap      ] GC(20) ParNew: 78534K->6062K(78656K)
[2022-06-13T01:51:27.655+0000][1][gc,heap      ] GC(20) CMS: 56080K->60275K(174784K)
[2022-06-13T01:51:27.655+0000][1][gc,metaspace ] GC(20) Metaspace: 54035K->54035K(1097728K)
[2022-06-13T01:51:27.655+0000][1][gc           ] GC(20) Pause Young (Allocation Failure) 131M->64M(247M) 17.717ms
[2022-06-13T01:51:27.655+0000][1][gc,cpu       ] GC(20) User=0.07s Sys=0.00s Real=0.02s
[2022-06-13T01:51:27.656+0000][1][safepoint    ] Leaving safepoint region
[2022-06-13T01:51:27.656+0000][1][safepoint    ] Total time for which application threads were stopped: 0.0198521 seconds, Stopping threads took: 0.0002973 seconds
[2022-06-13T01:51:27.708+0000][1][safepoint    ] Application time: 0.0519652 seconds
[2022-06-13T01:51:27.709+0000][1][safepoint    ] Entering safepoint region: RevokeBias
[2022-06-13T01:51:27.709+0000][1][safepoint    ] Leaving safepoint region
[2022-06-13T01:51:27.710+0000][1][safepoint    ] Total time for which application threads were stopped: 0.0010433 seconds, Stopping threads took: 0.0004569 seconds
[2022-06-13T01:51:27.824+0000][1][safepoint    ] Application time: 0.1140117 seconds
[2022-06-13T01:51:27.825+0000][1][safepoint    ] Entering safepoint region: RevokeBias
[2022-06-13T01:51:27.825+0000][1][safepoint    ] Leaving safepoint region
[2022-06-13T01:51:27.825+0000][1][safepoint    ] Total time for which application threads were stopped: 0.0007683 seconds, Stopping threads took: 0.0002939 seconds
[2022-06-13T01:51:27.826+0000][1][safepoint    ] Application time: 0.0003517 seconds
[2022-06-13T01:51:27.826+0000][1][safepoint    ] Entering safepoint region: RevokeBias
[2022-06-13T01:51:27.827+0000][1][safepoint    ] Leaving safepoint region
[2022-06-13T01:51:27.827+0000][1][safepoint    ] Total time for which application threads were stopped: 0.0006098 seconds, Stopping threads took: 0.0003271 seconds
[2022-06-13T01:51:27.828+0000][1][safepoint    ] Application time: 0.0003927 seconds
[2022-06-13T01:51:27.828+0000][1][safepoint    ] Entering safepoint region: RevokeBias
[2022-06-13T01:51:27.829+0000][1][safepoint    ] Leaving safepoint region
[2022-06-13T01:51:27.829+0000][1][safepoint    ] Total time for which application threads were stopped: 0.0008662 seconds, Stopping threads took: 0.0003820 seconds
[2022-06-13T01:51:27.835+0000][1][safepoint    ] Application time: 0.0053273 seconds
[2022-06-13T01:51:27.836+0000][1][safepoint    ] Entering safepoint region: RevokeBias
[2022-06-13T01:51:27.836+0000][1][safepoint    ] Leaving safepoint region
[2022-06-13T01:51:27.837+0000][1][safepoint    ] Total time for which application threads were stopped: 0.0008667 seconds, Stopping threads took: 0.0005376 seconds
[2022-06-13T01:51:28.155+0000][1][safepoint    ] Application time: 0.3181203 seconds
[2022-06-13T01:51:28.155+0000][1][safepoint    ] Entering safepoint region: Deoptimize
[2022-06-13T01:51:28.158+0000][1][safepoint    ] Leaving safepoint region
[2022-06-13T01:51:28.158+0000][1][safepoint    ] Total time for which application threads were stopped: 0.0030124 seconds, Stopping threads took: 0.0002665 seconds
[2022-06-13T01:51:28.352+0000][1][safepoint    ] Application time: 0.1928984 seconds
[2022-06-13T01:51:28.354+0000][1][safepoint    ] Entering safepoint region: RevokeBias
[2022-06-13T01:51:28.355+0000][1][safepoint    ] Leaving safepoint region
[2022-06-13T01:51:28.356+0000][1][safepoint    ] Total time for which application threads were stopped: 0.0019233 seconds, Stopping threads took: 0.0013939 seconds
[2022-06-13T01:51:28.358+0000][1][safepoint    ] Application time: 0.0019008 seconds
[2022-06-13T01:51:28.359+0000][1][safepoint    ] Entering safepoint region: RevokeBias
[2022-06-13T01:51:28.360+0000][1][safepoint    ] Leaving safepoint region
[2022-06-13T01:51:28.361+0000][1][safepoint    ] Total time for which application threads were stopped: 0.0015294 seconds, Stopping threads took: 0.0007879 seconds
[2022-06-13T01:51:28.362+0000][1][safepoint    ] Application time: 0.0001867 seconds
[2022-06-13T01:51:28.363+0000][1][safepoint    ] Entering safepoint region: RevokeBias
[2022-06-13T01:51:28.363+0000][1][safepoint    ] Leaving safepoint region
[2022-06-13T01:51:28.364+0000][1][safepoint    ] Total time for which application threads were stopped: 0.0015331 seconds, Stopping threads took: 0.0006126 seconds
[2022-06-13T01:51:28.433+0000][1][safepoint    ] Application time: 0.0674280 seconds
[2022-06-13T01:51:28.434+0000][1][safepoint    ] Entering safepoint region: BulkRevokeBias
[2022-06-13T01:51:28.434+0000][1][safepoint    ] Leaving safepoint region
[2022-06-13T01:51:28.434+0000][1][safepoint    ] Total time for which application threads were stopped: 0.0007089 seconds, Stopping threads took: 0.0003047 seconds
[2022-06-13T01:51:29.006+0000][1][safepoint    ] Application time: 0.5712812 seconds
[2022-06-13T01:51:29.006+0000][1][safepoint    ] Entering safepoint region: RevokeBias
[2022-06-13T01:51:29.007+0000][1][safepoint    ] Leaving safepoint region
[2022-06-13T01:51:29.007+0000][1][safepoint    ] Total time for which application threads were stopped: 0.0011251 seconds, Stopping threads took: 0.0006134 seconds
[2022-06-13T01:51:29.129+0000][1][safepoint    ] Application time: 0.1207545 seconds
[2022-06-13T01:51:29.129+0000][1][safepoint    ] Entering safepoint region: RevokeBias
[2022-06-13T01:51:29.130+0000][1][safepoint    ] Leaving safepoint region
[2022-06-13T01:51:29.130+0000][1][safepoint    ] Total time for which application threads were stopped: 0.0013252 seconds, Stopping threads took: 0.0005047 seconds
[2022-06-13T01:51:29.131+0000][1][safepoint    ] Application time: 0.0001205 seconds
[2022-06-13T01:51:29.132+0000][1][safepoint    ] Entering safepoint region: RevokeBias
[2022-06-13T01:51:29.132+0000][1][safepoint    ] Leaving safepoint region
[2022-06-13T01:51:29.132+0000][1][safepoint    ] Total time for which application threads were stopped: 0.0008480 seconds, Stopping threads took: 0.0004582 seconds
[2022-06-13T01:51:29.314+0000][1][safepoint    ] Application time: 0.1811378 seconds
[2022-06-13T01:51:29.315+0000][1][safepoint    ] Entering safepoint region: Deoptimize
[2022-06-13T01:51:29.316+0000][1][safepoint    ] Leaving safepoint region
[2022-06-13T01:51:29.316+0000][1][safepoint    ] Total time for which application threads were stopped: 0.0014630 seconds, Stopping threads took: 0.0003444 seconds
[2022-06-13T01:51:29.329+0000][1][safepoint    ] Application time: 0.0121616 seconds
[2022-06-13T01:51:29.329+0000][1][safepoint    ] Entering safepoint region: RevokeBias
[2022-06-13T01:51:29.329+0000][1][safepoint    ] Leaving safepoint region
[2022-06-13T01:51:29.330+0000][1][safepoint    ] Total time for which application threads were stopped: 0.0008471 seconds, Stopping threads took: 0.0003481 seconds
[2022-06-13T01:51:29.331+0000][1][safepoint    ] Application time: 0.0006119 seconds
[2022-06-13T01:51:29.331+0000][1][safepoint    ] Entering safepoint region: RevokeBias
[2022-06-13T01:51:29.331+0000][1][safepoint    ] Leaving safepoint region
[2022-06-13T01:51:29.332+0000][1][safepoint    ] Total time for which application threads were stopped: 0.0007550 seconds, Stopping threads took: 0.0002730 seconds
[2022-06-13T01:51:29.332+0000][1][safepoint    ] Application time: 0.0004522 seconds
[2022-06-13T01:51:29.333+0000][1][safepoint    ] Entering safepoint region: BulkRevokeBias
[2022-06-13T01:51:29.334+0000][1][safepoint    ] Leaving safepoint region
[2022-06-13T01:51:29.334+0000][1][safepoint    ] Total time for which application threads were stopped: 0.0016849 seconds, Stopping threads took: 0.0009492 seconds
[2022-06-13T01:51:29.337+0000][1][safepoint    ] Application time: 0.0014827 seconds
[2022-06-13T01:51:29.337+0000][1][safepoint    ] Entering safepoint region: RevokeBias
[2022-06-13T01:51:29.338+0000][1][safepoint    ] Leaving safepoint region
[2022-06-13T01:51:29.338+0000][1][safepoint    ] Total time for which application threads were stopped: 0.0006774 seconds, Stopping threads took: 0.0003356 seconds
[2022-06-13T01:51:29.339+0000][1][safepoint    ] Application time: 0.0008329 seconds
[2022-06-13T01:51:29.339+0000][1][safepoint    ] Entering safepoint region: RevokeBias
[2022-06-13T01:51:29.340+0000][1][safepoint    ] Leaving safepoint region
[2022-06-13T01:51:29.340+0000][1][safepoint    ] Total time for which application threads were stopped: 0.0007382 seconds, Stopping threads took: 0.0002993 seconds
[2022-06-13T01:51:29.341+0000][1][safepoint    ] Application time: 0.0001632 seconds
[2022-06-13T01:51:29.341+0000][1][safepoint    ] Entering safepoint region: RevokeBias
[2022-06-13T01:51:29.341+0000][1][safepoint    ] Leaving safepoint region
[2022-06-13T01:51:29.342+0000][1][safepoint    ] Total time for which application threads were stopped: 0.0009435 seconds, Stopping threads took: 0.0004871 seconds
[2022-06-13T01:51:29.342+0000][1][safepoint    ] Application time: 0.0002762 seconds
[2022-06-13T01:51:29.343+0000][1][safepoint    ] Entering safepoint region: RevokeBias
[2022-06-13T01:51:29.343+0000][1][safepoint    ] Leaving safepoint region
[2022-06-13T01:51:29.344+0000][1][safepoint    ] Total time for which application threads were stopped: 0.0009163 seconds, Stopping threads took: 0.0003441 seconds
[2022-06-13T01:51:29.344+0000][1][safepoint    ] Application time: 0.0004229 seconds
[2022-06-13T01:51:29.345+0000][1][safepoint    ] Entering safepoint region: RevokeBias
[2022-06-13T01:51:29.345+0000][1][safepoint    ] Leaving safepoint region
[2022-06-13T01:51:29.345+0000][1][safepoint    ] Total time for which application threads were stopped: 0.0006460 seconds, Stopping threads took: 0.0002897 seconds
[2022-06-13T01:51:29.346+0000][1][safepoint    ] Application time: 0.0005155 seconds
[2022-06-13T01:51:29.346+0000][1][safepoint    ] Entering safepoint region: RevokeBias
[2022-06-13T01:51:29.347+0000][1][safepoint    ] Leaving safepoint region
[2022-06-13T01:51:29.347+0000][1][safepoint    ] Total time for which application threads were stopped: 0.0006713 seconds, Stopping threads took: 0.0003022 seconds
[2022-06-13T01:51:29.348+0000][1][safepoint    ] Application time: 0.0005051 seconds
[2022-06-13T01:51:29.348+0000][1][safepoint    ] Entering safepoint region: RevokeBias
[2022-06-13T01:51:29.349+0000][1][safepoint    ] Leaving safepoint region
[2022-06-13T01:51:29.349+0000][1][safepoint    ] Total time for which application threads were stopped: 0.0008813 seconds, Stopping threads took: 0.0003529 seconds
[2022-06-13T01:51:29.350+0000][1][safepoint    ] Application time: 0.0001881 seconds
[2022-06-13T01:51:29.350+0000][1][safepoint    ] Entering safepoint region: RevokeBias
[2022-06-13T01:51:29.351+0000][1][safepoint    ] Leaving safepoint region
[2022-06-13T01:51:29.351+0000][1][safepoint    ] Total time for which application threads were stopped: 0.0009728 seconds, Stopping threads took: 0.0005743 seconds
[2022-06-13T01:51:29.354+0000][1][safepoint    ] Application time: 0.0031622 seconds
[2022-06-13T01:51:29.355+0000][1][safepoint    ] Entering safepoint region: RevokeBias
[2022-06-13T01:51:29.355+0000][1][safepoint    ] Leaving safepoint region
[2022-06-13T01:51:29.355+0000][1][safepoint    ] Total time for which application threads were stopped: 0.0007419 seconds, Stopping threads took: 0.0002918 seconds
[2022-06-13T01:51:29.356+0000][1][safepoint    ] Application time: 0.0002775 seconds
[2022-06-13T01:51:29.356+0000][1][safepoint    ] Entering safepoint region: RevokeBias
[2022-06-13T01:51:29.357+0000][1][safepoint    ] Leaving safepoint region
[2022-06-13T01:51:29.357+0000][1][safepoint    ] Total time for which application threads were stopped: 0.0006604 seconds, Stopping threads took: 0.0002896 seconds
[2022-06-13T01:51:29.364+0000][1][safepoint    ] Application time: 0.0069989 seconds
[2022-06-13T01:51:29.365+0000][1][safepoint    ] Entering safepoint region: Deoptimize
[2022-06-13T01:51:29.366+0000][1][safepoint    ] Leaving safepoint region
[2022-06-13T01:51:29.366+0000][1][safepoint    ] Total time for which application threads were stopped: 0.0015713 seconds, Stopping threads took: 0.0003413 seconds
[2022-06-13T01:51:29.368+0000][1][safepoint    ] Application time: 0.0009024 seconds
[2022-06-13T01:51:29.368+0000][1][safepoint    ] Entering safepoint region: RevokeBias
[2022-06-13T01:51:29.369+0000][1][safepoint    ] Leaving safepoint region
[2022-06-13T01:51:29.369+0000][1][safepoint    ] Total time for which application threads were stopped: 0.0012974 seconds, Stopping threads took: 0.0006039 seconds
[2022-06-13T01:51:29.370+0000][1][safepoint    ] Application time: 0.0003471 seconds
[2022-06-13T01:51:29.370+0000][1][safepoint    ] Entering safepoint region: RevokeBias
[2022-06-13T01:51:29.371+0000][1][safepoint    ] Leaving safepoint region
[2022-06-13T01:51:29.371+0000][1][safepoint    ] Total time for which application threads were stopped: 0.0007535 seconds, Stopping threads took: 0.0003303 seconds
[2022-06-13T01:51:29.374+0000][1][safepoint    ] Application time: 0.0023201 seconds
[2022-06-13T01:51:29.374+0000][1][safepoint    ] Entering safepoint region: RevokeBias
[2022-06-13T01:51:29.375+0000][1][safepoint    ] Leaving safepoint region
[2022-06-13T01:51:29.375+0000][1][safepoint    ] Total time for which application threads were stopped: 0.0008613 seconds, Stopping threads took: 0.0003289 seconds
[2022-06-13T01:51:29.375+0000][1][safepoint    ] Application time: 0.0002568 seconds
[2022-06-13T01:51:29.376+0000][1][safepoint    ] Entering safepoint region: RevokeBias
[2022-06-13T01:51:29.376+0000][1][safepoint    ] Leaving safepoint region
[2022-06-13T01:51:29.376+0000][1][safepoint    ] Total time for which application threads were stopped: 0.0007892 seconds, Stopping threads took: 0.0003188 seconds
[2022-06-13T01:51:29.377+0000][1][safepoint    ] Application time: 0.0002113 seconds
[2022-06-13T01:51:29.377+0000][1][safepoint    ] Entering safepoint region: RevokeBias
[2022-06-13T01:51:29.378+0000][1][safepoint    ] Leaving safepoint region
[2022-06-13T01:51:29.378+0000][1][safepoint    ] Total time for which application threads were stopped: 0.0007174 seconds, Stopping threads took: 0.0002846 seconds
[2022-06-13T01:51:29.379+0000][1][safepoint    ] Application time: 0.0003778 seconds
[2022-06-13T01:51:29.379+0000][1][safepoint    ] Entering safepoint region: RevokeBias
[2022-06-13T01:51:29.380+0000][1][safepoint    ] Leaving safepoint region
[2022-06-13T01:51:29.380+0000][1][safepoint    ] Total time for which application threads were stopped: 0.0011287 seconds, Stopping threads took: 0.0006266 seconds
[2022-06-13T01:51:29.381+0000][1][safepoint    ] Application time: 0.0003695 seconds
[2022-06-13T01:51:29.381+0000][1][safepoint    ] Entering safepoint region: RevokeBias
[2022-06-13T01:51:29.382+0000][1][safepoint    ] Leaving safepoint region
[2022-06-13T01:51:29.382+0000][1][safepoint    ] Total time for which application threads were stopped: 0.0010330 seconds, Stopping threads took: 0.0003694 seconds
[2022-06-13T01:51:29.409+0000][1][safepoint    ] Application time: 0.0259965 seconds
[2022-06-13T01:51:29.409+0000][1][safepoint    ] Entering safepoint region: RevokeBias
[2022-06-13T01:51:29.410+0000][1][safepoint    ] Leaving safepoint region
[2022-06-13T01:51:29.410+0000][1][safepoint    ] Total time for which application threads were stopped: 0.0008014 seconds, Stopping threads took: 0.0003414 seconds
[2022-06-13T01:51:29.436+0000][1][safepoint    ] Application time: 0.0255308 seconds
[2022-06-13T01:51:29.436+0000][1][safepoint    ] Entering safepoint region: GenCollectForAllocation
[2022-06-13T01:51:29.437+0000][1][gc,start     ] GC(21) Pause Young (Allocation Failure)
[2022-06-13T01:51:29.437+0000][1][gc,task      ] GC(21) Using 5 workers of 13 for evacuation
[2022-06-13T01:51:29.449+0000][1][gc,age       ] GC(21) Desired survivor size 4456448 bytes, new threshold 2 (max threshold 6)
[2022-06-13T01:51:29.449+0000][1][gc,age       ] GC(21) Age table with threshold 2 (max threshold 6)
[2022-06-13T01:51:29.450+0000][1][gc,age       ] GC(21) - age   1:    3875144 bytes,    3875144 total
[2022-06-13T01:51:29.450+0000][1][gc,age       ] GC(21) - age   2:    1352488 bytes,    5227632 total
[2022-06-13T01:51:29.451+0000][1][gc,age       ] GC(21) - age   3:    2853232 bytes,    8080864 total
[2022-06-13T01:51:29.451+0000][1][gc,heap      ] GC(21) ParNew: 76014K->8704K(78656K)
[2022-06-13T01:51:29.451+0000][1][gc,heap      ] GC(21) CMS: 60275K->60275K(174784K)
[2022-06-13T01:51:29.452+0000][1][gc,metaspace ] GC(21) Metaspace: 62550K->62550K(1105920K)
[2022-06-13T01:51:29.452+0000][1][gc           ] GC(21) Pause Young (Allocation Failure) 133M->67M(247M) 15.297ms
[2022-06-13T01:51:29.452+0000][1][gc,cpu       ] GC(21) User=0.08s Sys=0.00s Real=0.02s
[2022-06-13T01:51:29.452+0000][1][safepoint    ] Leaving safepoint region
[2022-06-13T01:51:29.453+0000][1][safepoint    ] Total time for which application threads were stopped: 0.0167019 seconds, Stopping threads took: 0.0004067 seconds
[2022-06-13T01:51:29.454+0000][1][safepoint    ] Application time: 0.0009317 seconds
[2022-06-13T01:51:29.455+0000][1][safepoint    ] Entering safepoint region: RevokeBias
[2022-06-13T01:51:29.455+0000][1][safepoint    ] Leaving safepoint region
[2022-06-13T01:51:29.455+0000][1][safepoint    ] Total time for which application threads were stopped: 0.0007132 seconds, Stopping threads took: 0.0003224 seconds
[2022-06-13T01:51:29.456+0000][1][safepoint    ] Application time: 0.0004225 seconds
[2022-06-13T01:51:29.457+0000][1][safepoint    ] Entering safepoint region: RevokeBias
[2022-06-13T01:51:29.457+0000][1][safepoint    ] Leaving safepoint region
[2022-06-13T01:51:29.458+0000][1][safepoint    ] Total time for which application threads were stopped: 0.0012254 seconds, Stopping threads took: 0.0003058 seconds
[2022-06-13T01:51:29.459+0000][1][safepoint    ] Application time: 0.0008331 seconds
[2022-06-13T01:51:29.459+0000][1][safepoint    ] Entering safepoint region: RevokeBias
[2022-06-13T01:51:29.460+0000][1][safepoint    ] Leaving safepoint region
[2022-06-13T01:51:29.460+0000][1][safepoint    ] Total time for which application threads were stopped: 0.0006609 seconds, Stopping threads took: 0.0002484 seconds
[2022-06-13T01:51:29.460+0000][1][safepoint    ] Application time: 0.0002809 seconds
[2022-06-13T01:51:29.461+0000][1][safepoint    ] Entering safepoint region: RevokeBias
[2022-06-13T01:51:29.462+0000][1][safepoint    ] Leaving safepoint region
[2022-06-13T01:51:29.462+0000][1][safepoint    ] Total time for which application threads were stopped: 0.0010927 seconds, Stopping threads took: 0.0003679 seconds
[2022-06-13T01:51:29.467+0000][1][safepoint    ] Application time: 0.0050191 seconds
[2022-06-13T01:51:29.468+0000][1][safepoint    ] Entering safepoint region: RevokeBias
[2022-06-13T01:51:29.469+0000][1][safepoint    ] Leaving safepoint region
[2022-06-13T01:51:29.469+0000][1][safepoint    ] Total time for which application threads were stopped: 0.0009922 seconds, Stopping threads took: 0.0005669 seconds
[2022-06-13T01:51:29.470+0000][1][safepoint    ] Application time: 0.0008395 seconds
[2022-06-13T01:51:29.471+0000][1][safepoint    ] Entering safepoint region: RevokeBias
[2022-06-13T01:51:29.472+0000][1][safepoint    ] Leaving safepoint region
[2022-06-13T01:51:29.472+0000][1][safepoint    ] Total time for which application threads were stopped: 0.0010969 seconds, Stopping threads took: 0.0005212 seconds
[2022-06-13T01:51:29.476+0000][1][safepoint    ] Application time: 0.0035532 seconds
[2022-06-13T01:51:29.477+0000][1][safepoint    ] Entering safepoint region: RevokeBias
[2022-06-13T01:51:29.478+0000][1][safepoint    ] Leaving safepoint region
[2022-06-13T01:51:29.478+0000][1][safepoint    ] Total time for which application threads were stopped: 0.0014129 seconds, Stopping threads took: 0.0008710 seconds
[2022-06-13T01:51:29.479+0000][1][safepoint    ] Application time: 0.0003706 seconds
[2022-06-13T01:51:29.480+0000][1][safepoint    ] Entering safepoint region: RevokeBias
[2022-06-13T01:51:29.480+0000][1][safepoint    ] Leaving safepoint region
[2022-06-13T01:51:29.480+0000][1][safepoint    ] Total time for which application threads were stopped: 0.0012999 seconds, Stopping threads took: 0.0009261 seconds
[2022-06-13T01:51:29.481+0000][1][safepoint    ] Application time: 0.0004145 seconds
[2022-06-13T01:51:29.482+0000][1][safepoint    ] Entering safepoint region: RevokeBias
[2022-06-13T01:51:29.482+0000][1][safepoint    ] Leaving safepoint region
[2022-06-13T01:51:29.482+0000][1][safepoint    ] Total time for which application threads were stopped: 0.0008630 seconds, Stopping threads took: 0.0005153 seconds
[2022-06-13T01:51:29.483+0000][1][safepoint    ] Application time: 0.0003893 seconds
[2022-06-13T01:51:29.483+0000][1][safepoint    ] Entering safepoint region: RevokeBias
[2022-06-13T01:51:29.484+0000][1][safepoint    ] Leaving safepoint region
[2022-06-13T01:51:29.484+0000][1][safepoint    ] Total time for which application threads were stopped: 0.0005813 seconds, Stopping threads took: 0.0002986 seconds
[2022-06-13T01:51:29.486+0000][1][safepoint    ] Application time: 0.0014615 seconds
[2022-06-13T01:51:29.486+0000][1][safepoint    ] Entering safepoint region: RevokeBias
[2022-06-13T01:51:29.486+0000][1][safepoint    ] Leaving safepoint region
[2022-06-13T01:51:29.487+0000][1][safepoint    ] Total time for which application threads were stopped: 0.0006609 seconds, Stopping threads took: 0.0002835 seconds
[2022-06-13T01:51:29.488+0000][1][safepoint    ] Application time: 0.0007036 seconds
[2022-06-13T01:51:29.488+0000][1][safepoint    ] Entering safepoint region: RevokeBias
[2022-06-13T01:51:29.488+0000][1][safepoint    ] Leaving safepoint region
[2022-06-13T01:51:29.489+0000][1][safepoint    ] Total time for which application threads were stopped: 0.0008626 seconds, Stopping threads took: 0.0004200 seconds
[2022-06-13T01:51:29.490+0000][1][safepoint    ] Application time: 0.0013174 seconds
[2022-06-13T01:51:29.491+0000][1][safepoint    ] Entering safepoint region: RevokeBias
[2022-06-13T01:51:29.491+0000][1][safepoint    ] Leaving safepoint region
[2022-06-13T01:51:29.492+0000][1][safepoint    ] Total time for which application threads were stopped: 0.0009461 seconds, Stopping threads took: 0.0004633 seconds
[2022-06-13T01:51:29.494+0000][1][safepoint    ] Application time: 0.0024307 seconds
[2022-06-13T01:51:29.495+0000][1][safepoint    ] Entering safepoint region: RevokeBias
[2022-06-13T01:51:29.495+0000][1][safepoint    ] Leaving safepoint region
[2022-06-13T01:51:29.496+0000][1][safepoint    ] Total time for which application threads were stopped: 0.0008528 seconds, Stopping threads took: 0.0003942 seconds
[2022-06-13T01:51:29.497+0000][1][safepoint    ] Application time: 0.0009367 seconds
[2022-06-13T01:51:29.498+0000][1][safepoint    ] Entering safepoint region: RevokeBias
[2022-06-13T01:51:29.498+0000][1][safepoint    ] Leaving safepoint region
[2022-06-13T01:51:29.498+0000][1][safepoint    ] Total time for which application threads were stopped: 0.0008205 seconds, Stopping threads took: 0.0004898 seconds
[2022-06-13T01:51:29.500+0000][1][safepoint    ] Application time: 0.0016282 seconds
[2022-06-13T01:51:29.501+0000][1][safepoint    ] Entering safepoint region: RevokeBias
[2022-06-13T01:51:29.502+0000][1][safepoint    ] Leaving safepoint region
[2022-06-13T01:51:29.502+0000][1][safepoint    ] Total time for which application threads were stopped: 0.0015562 seconds, Stopping threads took: 0.0010274 seconds
[2022-06-13T01:51:29.503+0000][1][safepoint    ] Application time: 0.0006549 seconds
[2022-06-13T01:51:29.504+0000][1][safepoint    ] Entering safepoint region: RevokeBias
[2022-06-13T01:51:29.504+0000][1][safepoint    ] Leaving safepoint region
[2022-06-13T01:51:29.505+0000][1][safepoint    ] Total time for which application threads were stopped: 0.0012245 seconds, Stopping threads took: 0.0006881 seconds
[2022-06-13T01:51:29.505+0000][1][safepoint    ] Application time: 0.0001956 seconds
[2022-06-13T01:51:29.506+0000][1][safepoint    ] Entering safepoint region: RevokeBias
[2022-06-13T01:51:29.506+0000][1][safepoint    ] Leaving safepoint region
[2022-06-13T01:51:29.506+0000][1][safepoint    ] Total time for which application threads were stopped: 0.0007366 seconds, Stopping threads took: 0.0003263 seconds
[2022-06-13T01:51:29.507+0000][1][safepoint    ] Application time: 0.0002385 seconds
[2022-06-13T01:51:29.508+0000][1][safepoint    ] Entering safepoint region: RevokeBias
[2022-06-13T01:51:29.509+0000][1][safepoint    ] Leaving safepoint region
[2022-06-13T01:51:29.509+0000][1][safepoint    ] Total time for which application threads were stopped: 0.0011963 seconds, Stopping threads took: 0.0005396 seconds
[2022-06-13T01:51:29.510+0000][1][safepoint    ] Application time: 0.0004166 seconds
[2022-06-13T01:51:29.511+0000][1][safepoint    ] Entering safepoint region: RevokeBias
[2022-06-13T01:51:29.511+0000][1][safepoint    ] Leaving safepoint region
[2022-06-13T01:51:29.512+0000][1][safepoint    ] Total time for which application threads were stopped: 0.0007396 seconds, Stopping threads took: 0.0003549 seconds
[2022-06-13T01:51:29.512+0000][1][safepoint    ] Application time: 0.0004981 seconds
[2022-06-13T01:51:29.513+0000][1][safepoint    ] Entering safepoint region: RevokeBias
[2022-06-13T01:51:29.513+0000][1][safepoint    ] Leaving safepoint region
[2022-06-13T01:51:29.514+0000][1][safepoint    ] Total time for which application threads were stopped: 0.0010436 seconds, Stopping threads took: 0.0006183 seconds
[2022-06-13T01:51:29.517+0000][1][safepoint    ] Application time: 0.0032754 seconds
[2022-06-13T01:51:29.518+0000][1][safepoint    ] Entering safepoint region: RevokeBias
[2022-06-13T01:51:29.518+0000][1][safepoint    ] Leaving safepoint region
[2022-06-13T01:51:29.518+0000][1][safepoint    ] Total time for which application threads were stopped: 0.0008190 seconds, Stopping threads took: 0.0003568 seconds
[2022-06-13T01:51:29.519+0000][1][safepoint    ] Application time: 0.0003454 seconds
[2022-06-13T01:51:29.519+0000][1][safepoint    ] Entering safepoint region: BulkRevokeBias
[2022-06-13T01:51:29.520+0000][1][safepoint    ] Leaving safepoint region
[2022-06-13T01:51:29.521+0000][1][safepoint    ] Total time for which application threads were stopped: 0.0014273 seconds, Stopping threads took: 0.0003408 seconds
[2022-06-13T01:51:29.525+0000][1][safepoint    ] Application time: 0.0037332 seconds
[2022-06-13T01:51:29.525+0000][1][safepoint    ] Entering safepoint region: RevokeBias
[2022-06-13T01:51:29.526+0000][1][safepoint    ] Leaving safepoint region
[2022-06-13T01:51:29.526+0000][1][safepoint    ] Total time for which application threads were stopped: 0.0010397 seconds, Stopping threads took: 0.0003432 seconds
[2022-06-13T01:51:29.527+0000][1][safepoint    ] Application time: 0.0002334 seconds
[2022-06-13T01:51:29.528+0000][1][safepoint    ] Entering safepoint region: RevokeBias
[2022-06-13T01:51:29.528+0000][1][safepoint    ] Leaving safepoint region
[2022-06-13T01:51:29.529+0000][1][safepoint    ] Total time for which application threads were stopped: 0.0013037 seconds, Stopping threads took: 0.0006060 seconds
[2022-06-13T01:51:29.533+0000][1][safepoint    ] Application time: 0.0047194 seconds
[2022-06-13T01:51:29.534+0000][1][safepoint    ] Entering safepoint region: RevokeBias
[2022-06-13T01:51:29.535+0000][1][safepoint    ] Leaving safepoint region
[2022-06-13T01:51:29.535+0000][1][safepoint    ] Total time for which application threads were stopped: 0.0017174 seconds, Stopping threads took: 0.0011130 seconds
[2022-06-13T01:51:29.537+0000][1][safepoint    ] Application time: 0.0011124 seconds
[2022-06-13T01:51:29.537+0000][1][safepoint    ] Entering safepoint region: RevokeBias
[2022-06-13T01:51:29.538+0000][1][safepoint    ] Leaving safepoint region
[2022-06-13T01:51:29.539+0000][1][safepoint    ] Total time for which application threads were stopped: 0.0012645 seconds, Stopping threads took: 0.0005612 seconds
[2022-06-13T01:51:29.539+0000][1][safepoint    ] Application time: 0.0001973 seconds
[2022-06-13T01:51:29.540+0000][1][safepoint    ] Entering safepoint region: RevokeBias
[2022-06-13T01:51:29.540+0000][1][safepoint    ] Leaving safepoint region
[2022-06-13T01:51:29.541+0000][1][safepoint    ] Total time for which application threads were stopped: 0.0010204 seconds, Stopping threads took: 0.0005991 seconds
[2022-06-13T01:51:29.542+0000][1][safepoint    ] Application time: 0.0003942 seconds
[2022-06-13T01:51:29.543+0000][1][safepoint    ] Entering safepoint region: RevokeBias
[2022-06-13T01:51:29.543+0000][1][safepoint    ] Leaving safepoint region
[2022-06-13T01:51:29.544+0000][1][safepoint    ] Total time for which application threads were stopped: 0.0011597 seconds, Stopping threads took: 0.0007130 seconds
[2022-06-13T01:51:29.546+0000][1][safepoint    ] Application time: 0.0017671 seconds
[2022-06-13T01:51:29.546+0000][1][safepoint    ] Entering safepoint region: RevokeBias
[2022-06-13T01:51:29.547+0000][1][safepoint    ] Leaving safepoint region
[2022-06-13T01:51:29.547+0000][1][safepoint    ] Total time for which application threads were stopped: 0.0007812 seconds, Stopping threads took: 0.0004259 seconds
[2022-06-13T01:51:29.547+0000][1][safepoint    ] Application time: 0.0001854 seconds
[2022-06-13T01:51:29.548+0000][1][safepoint    ] Entering safepoint region: RevokeBias
[2022-06-13T01:51:29.548+0000][1][safepoint    ] Leaving safepoint region
[2022-06-13T01:51:29.548+0000][1][safepoint    ] Total time for which application threads were stopped: 0.0005831 seconds, Stopping threads took: 0.0002204 seconds
[2022-06-13T01:51:29.552+0000][1][safepoint    ] Application time: 0.0038834 seconds
[2022-06-13T01:51:29.553+0000][1][safepoint    ] Entering safepoint region: RevokeBias
[2022-06-13T01:51:29.553+0000][1][safepoint    ] Leaving safepoint region
[2022-06-13T01:51:29.554+0000][1][safepoint    ] Total time for which application threads were stopped: 0.0009122 seconds, Stopping threads took: 0.0005142 seconds
[2022-06-13T01:51:29.554+0000][1][safepoint    ] Application time: 0.0001941 seconds
[2022-06-13T01:51:29.555+0000][1][safepoint    ] Entering safepoint region: RevokeBias
[2022-06-13T01:51:29.556+0000][1][safepoint    ] Leaving safepoint region
[2022-06-13T01:51:29.557+0000][1][safepoint    ] Total time for which application threads were stopped: 0.0020343 seconds, Stopping threads took: 0.0012974 seconds
[2022-06-13T01:51:29.565+0000][1][safepoint    ] Application time: 0.0081572 seconds
[2022-06-13T01:51:29.566+0000][1][safepoint    ] Entering safepoint region: RevokeBias
[2022-06-13T01:51:29.566+0000][1][safepoint    ] Leaving safepoint region
[2022-06-13T01:51:29.566+0000][1][safepoint    ] Total time for which application threads were stopped: 0.0007524 seconds, Stopping threads took: 0.0003205 seconds
[2022-06-13T01:51:29.567+0000][1][safepoint    ] Application time: 0.0002952 seconds
[2022-06-13T01:51:29.567+0000][1][safepoint    ] Entering safepoint region: RevokeBias
[2022-06-13T01:51:29.568+0000][1][safepoint    ] Leaving safepoint region
[2022-06-13T01:51:29.568+0000][1][safepoint    ] Total time for which application threads were stopped: 0.0007382 seconds, Stopping threads took: 0.0003216 seconds
[2022-06-13T01:51:29.569+0000][1][safepoint    ] Application time: 0.0002934 seconds
[2022-06-13T01:51:29.569+0000][1][safepoint    ] Entering safepoint region: RevokeBias
[2022-06-13T01:51:29.569+0000][1][safepoint    ] Leaving safepoint region
[2022-06-13T01:51:29.570+0000][1][safepoint    ] Total time for which application threads were stopped: 0.0009602 seconds, Stopping threads took: 0.0003192 seconds
[2022-06-13T01:51:29.570+0000][1][safepoint    ] Application time: 0.0001710 seconds
[2022-06-13T01:51:29.571+0000][1][safepoint    ] Entering safepoint region: RevokeBias
[2022-06-13T01:51:29.572+0000][1][safepoint    ] Leaving safepoint region
[2022-06-13T01:51:29.572+0000][1][safepoint    ] Total time for which application threads were stopped: 0.0013376 seconds, Stopping threads took: 0.0009493 seconds
[2022-06-13T01:51:29.580+0000][1][safepoint    ] Application time: 0.0053160 seconds
[2022-06-13T01:51:29.580+0000][1][safepoint    ] Entering safepoint region: RevokeBias
[2022-06-13T01:51:29.581+0000][1][safepoint    ] Leaving safepoint region
[2022-06-13T01:51:29.581+0000][1][safepoint    ] Total time for which application threads were stopped: 0.0007955 seconds, Stopping threads took: 0.0003560 seconds
[2022-06-13T01:51:29.582+0000][1][safepoint    ] Application time: 0.0002652 seconds
[2022-06-13T01:51:29.582+0000][1][safepoint    ] Entering safepoint region: RevokeBias
[2022-06-13T01:51:29.583+0000][1][safepoint    ] Leaving safepoint region
[2022-06-13T01:51:29.583+0000][1][safepoint    ] Total time for which application threads were stopped: 0.0008478 seconds, Stopping threads took: 0.0003912 seconds
[2022-06-13T01:51:29.583+0000][1][safepoint    ] Application time: 0.0003103 seconds
[2022-06-13T01:51:29.584+0000][1][safepoint    ] Entering safepoint region: RevokeBias
[2022-06-13T01:51:29.584+0000][1][safepoint    ] Leaving safepoint region
[2022-06-13T01:51:29.585+0000][1][safepoint    ] Total time for which application threads were stopped: 0.0007703 seconds, Stopping threads took: 0.0003608 seconds
[2022-06-13T01:51:29.585+0000][1][safepoint    ] Application time: 0.0002824 seconds
[2022-06-13T01:51:29.585+0000][1][safepoint    ] Entering safepoint region: RevokeBias
[2022-06-13T01:51:29.586+0000][1][safepoint    ] Leaving safepoint region
[2022-06-13T01:51:29.586+0000][1][safepoint    ] Total time for which application threads were stopped: 0.0006904 seconds, Stopping threads took: 0.0003161 seconds
[2022-06-13T01:51:29.590+0000][1][safepoint    ] Application time: 0.0035580 seconds
[2022-06-13T01:51:29.591+0000][1][safepoint    ] Entering safepoint region: RevokeBias
[2022-06-13T01:51:29.591+0000][1][safepoint    ] Leaving safepoint region
[2022-06-13T01:51:29.591+0000][1][safepoint    ] Total time for which application threads were stopped: 0.0007847 seconds, Stopping threads took: 0.0003000 seconds
[2022-06-13T01:51:29.985+0000][1][safepoint    ] Application time: 0.3928969 seconds
[2022-06-13T01:51:29.985+0000][1][safepoint    ] Entering safepoint region: RevokeBias
[2022-06-13T01:51:29.985+0000][1][safepoint    ] Leaving safepoint region
[2022-06-13T01:51:29.986+0000][1][safepoint    ] Total time for which application threads were stopped: 0.0005936 seconds, Stopping threads took: 0.0003159 seconds
[2022-06-13T01:51:29.986+0000][1][safepoint    ] Application time: 0.0002345 seconds
[2022-06-13T01:51:29.986+0000][1][safepoint    ] Entering safepoint region: RevokeBias
[2022-06-13T01:51:29.987+0000][1][safepoint    ] Leaving safepoint region
[2022-06-13T01:51:29.987+0000][1][safepoint    ] Total time for which application threads were stopped: 0.0004167 seconds, Stopping threads took: 0.0001827 seconds
[2022-06-13T01:51:29.987+0000][1][safepoint    ] Application time: 0.0001610 seconds
[2022-06-13T01:51:29.987+0000][1][safepoint    ] Entering safepoint region: RevokeBias
[2022-06-13T01:51:29.988+0000][1][safepoint    ] Leaving safepoint region
[2022-06-13T01:51:29.988+0000][1][safepoint    ] Total time for which application threads were stopped: 0.0003833 seconds, Stopping threads took: 0.0001716 seconds
[2022-06-13T01:51:29.988+0000][1][safepoint    ] Application time: 0.0001417 seconds
[2022-06-13T01:51:29.988+0000][1][safepoint    ] Entering safepoint region: RevokeBias
[2022-06-13T01:51:29.988+0000][1][safepoint    ] Leaving safepoint region
[2022-06-13T01:51:29.989+0000][1][safepoint    ] Total time for which application threads were stopped: 0.0003877 seconds, Stopping threads took: 0.0001622 seconds
[2022-06-13T01:51:29.989+0000][1][safepoint    ] Application time: 0.0001044 seconds
[2022-06-13T01:51:29.989+0000][1][safepoint    ] Entering safepoint region: RevokeBias
[2022-06-13T01:51:29.989+0000][1][safepoint    ] Leaving safepoint region
[2022-06-13T01:51:29.990+0000][1][safepoint    ] Total time for which application threads were stopped: 0.0006786 seconds, Stopping threads took: 0.0003575 seconds
[2022-06-13T01:51:29.990+0000][1][safepoint    ] Application time: 0.0001336 seconds
[2022-06-13T01:51:29.990+0000][1][safepoint    ] Entering safepoint region: RevokeBias
[2022-06-13T01:51:29.991+0000][1][safepoint    ] Leaving safepoint region
[2022-06-13T01:51:29.991+0000][1][safepoint    ] Total time for which application threads were stopped: 0.0006556 seconds, Stopping threads took: 0.0003074 seconds
[2022-06-13T01:51:29.992+0000][1][safepoint    ] Application time: 0.0001758 seconds
[2022-06-13T01:51:29.992+0000][1][safepoint    ] Entering safepoint region: RevokeBias
[2022-06-13T01:51:29.992+0000][1][safepoint    ] Leaving safepoint region
[2022-06-13T01:51:29.993+0000][1][safepoint    ] Total time for which application threads were stopped: 0.0007207 seconds, Stopping threads took: 0.0003480 seconds
[2022-06-13T01:51:29.993+0000][1][safepoint    ] Application time: 0.0001976 seconds
[2022-06-13T01:51:29.993+0000][1][safepoint    ] Entering safepoint region: RevokeBias
[2022-06-13T01:51:29.994+0000][1][safepoint    ] Leaving safepoint region
[2022-06-13T01:51:29.994+0000][1][safepoint    ] Total time for which application threads were stopped: 0.0005852 seconds, Stopping threads took: 0.0003087 seconds
[2022-06-13T01:51:30.437+0000][1][safepoint    ] Application time: 0.4430639 seconds
[2022-06-13T01:51:30.438+0000][1][safepoint    ] Entering safepoint region: RevokeBias
[2022-06-13T01:51:30.438+0000][1][safepoint    ] Leaving safepoint region
[2022-06-13T01:51:30.438+0000][1][safepoint    ] Total time for which application threads were stopped: 0.0008194 seconds, Stopping threads took: 0.0002354 seconds
[2022-06-13T01:51:32.554+0000][1][safepoint    ] Application time: 2.1149297 seconds
[2022-06-13T01:51:32.554+0000][1][safepoint    ] Entering safepoint region: RevokeBias
[2022-06-13T01:51:32.554+0000][1][safepoint    ] Leaving safepoint region
[2022-06-13T01:51:32.555+0000][1][safepoint    ] Total time for which application threads were stopped: 0.0005621 seconds, Stopping threads took: 0.0003060 seconds
[2022-06-13T01:51:32.556+0000][1][safepoint    ] Application time: 0.0009123 seconds
[2022-06-13T01:51:32.556+0000][1][safepoint    ] Entering safepoint region: RevokeBias
[2022-06-13T01:51:32.556+0000][1][safepoint    ] Leaving safepoint region
[2022-06-13T01:51:32.557+0000][1][safepoint    ] Total time for which application threads were stopped: 0.0005853 seconds, Stopping threads took: 0.0002654 seconds
[2022-06-13T01:51:32.558+0000][1][safepoint    ] Application time: 0.0005229 seconds
[2022-06-13T01:51:32.558+0000][1][safepoint    ] Entering safepoint region: RevokeBias
[2022-06-13T01:51:32.559+0000][1][safepoint    ] Leaving safepoint region
[2022-06-13T01:51:32.559+0000][1][safepoint    ] Total time for which application threads were stopped: 0.0010255 seconds, Stopping threads took: 0.0005750 seconds
[2022-06-13T01:51:32.560+0000][1][safepoint    ] Application time: 0.0005441 seconds
[2022-06-13T01:51:32.560+0000][1][safepoint    ] Entering safepoint region: RevokeBias
[2022-06-13T01:51:32.561+0000][1][safepoint    ] Leaving safepoint region
[2022-06-13T01:51:32.561+0000][1][safepoint    ] Total time for which application threads were stopped: 0.0008544 seconds, Stopping threads took: 0.0004742 seconds
[2022-06-13T01:51:33.441+0000][1][safepoint    ] Application time: 0.8801574 seconds
[2022-06-13T01:51:33.442+0000][1][safepoint    ] Entering safepoint region: RevokeBias
[2022-06-13T01:51:33.443+0000][1][safepoint    ] Leaving safepoint region
[2022-06-13T01:51:33.443+0000][1][safepoint    ] Total time for which application threads were stopped: 0.0011701 seconds, Stopping threads took: 0.0004861 seconds
[2022-06-13T01:51:33.444+0000][1][safepoint    ] Application time: 0.0004718 seconds
[2022-06-13T01:51:33.444+0000][1][safepoint    ] Entering safepoint region: RevokeBias
[2022-06-13T01:51:33.445+0000][1][safepoint    ] Leaving safepoint region
[2022-06-13T01:51:33.445+0000][1][safepoint    ] Total time for which application threads were stopped: 0.0006861 seconds, Stopping threads took: 0.0003660 seconds
[2022-06-13T01:51:33.446+0000][1][safepoint    ] Application time: 0.0001667 seconds
[2022-06-13T01:51:33.446+0000][1][safepoint    ] Entering safepoint region: RevokeBias
[2022-06-13T01:51:33.446+0000][1][safepoint    ] Leaving safepoint region
[2022-06-13T01:51:33.447+0000][1][safepoint    ] Total time for which application threads were stopped: 0.0010554 seconds, Stopping threads took: 0.0003317 seconds
[2022-06-13T01:51:33.448+0000][1][safepoint    ] Application time: 0.0001624 seconds
[2022-06-13T01:51:33.448+0000][1][safepoint    ] Entering safepoint region: RevokeBias
[2022-06-13T01:51:33.448+0000][1][safepoint    ] Leaving safepoint region
[2022-06-13T01:51:33.449+0000][1][safepoint    ] Total time for which application threads were stopped: 0.0006635 seconds, Stopping threads took: 0.0002023 seconds
[2022-06-13T01:51:33.449+0000][1][safepoint    ] Application time: 0.0003162 seconds
[2022-06-13T01:51:33.450+0000][1][safepoint    ] Entering safepoint region: RevokeBias
[2022-06-13T01:51:33.450+0000][1][safepoint    ] Leaving safepoint region
[2022-06-13T01:51:33.450+0000][1][safepoint    ] Total time for which application threads were stopped: 0.0006705 seconds, Stopping threads took: 0.0003680 seconds
[2022-06-13T01:51:33.451+0000][1][safepoint    ] Application time: 0.0001757 seconds
[2022-06-13T01:51:33.451+0000][1][safepoint    ] Entering safepoint region: RevokeBias
[2022-06-13T01:51:33.451+0000][1][safepoint    ] Leaving safepoint region
[2022-06-13T01:51:33.452+0000][1][safepoint    ] Total time for which application threads were stopped: 0.0005377 seconds, Stopping threads took: 0.0003203 seconds
[2022-06-13T01:51:33.452+0000][1][safepoint    ] Application time: 0.0000812 seconds
[2022-06-13T01:51:33.452+0000][1][safepoint    ] Entering safepoint region: RevokeBias
[2022-06-13T01:51:33.452+0000][1][safepoint    ] Leaving safepoint region
[2022-06-13T01:51:33.452+0000][1][safepoint    ] Total time for which application threads were stopped: 0.0003562 seconds, Stopping threads took: 0.0001418 seconds
[2022-06-13T01:51:33.453+0000][1][safepoint    ] Application time: 0.0001097 seconds
[2022-06-13T01:51:33.453+0000][1][safepoint    ] Entering safepoint region: RevokeBias
[2022-06-13T01:51:33.453+0000][1][safepoint    ] Leaving safepoint region
[2022-06-13T01:51:33.453+0000][1][safepoint    ] Total time for which application threads were stopped: 0.0003194 seconds, Stopping threads took: 0.0001737 seconds
[2022-06-13T01:51:34.453+0000][1][safepoint    ] Application time: 1.0001368 seconds
[2022-06-13T01:51:34.454+0000][1][safepoint    ] Entering safepoint region: Cleanup
[2022-06-13T01:51:34.454+0000][1][safepoint    ] Leaving safepoint region
[2022-06-13T01:51:34.455+0000][1][safepoint    ] Total time for which application threads were stopped: 0.0012179 seconds, Stopping threads took: 0.0004522 seconds
[2022-06-13T01:51:35.455+0000][1][safepoint    ] Application time: 1.0000919 seconds
[2022-06-13T01:51:35.456+0000][1][safepoint    ] Entering safepoint region: Cleanup
[2022-06-13T01:51:35.457+0000][1][safepoint    ] Leaving safepoint region
[2022-06-13T01:51:35.457+0000][1][safepoint    ] Total time for which application threads were stopped: 0.0009461 seconds, Stopping threads took: 0.0004752 seconds
[2022-06-13T01:51:36.141+0000][1][safepoint    ] Application time: 0.6833698 seconds
[2022-06-13T01:51:36.141+0000][1][safepoint    ] Entering safepoint region: RevokeBias
[2022-06-13T01:51:36.142+0000][1][safepoint    ] Leaving safepoint region
[2022-06-13T01:51:36.143+0000][1][safepoint    ] Total time for which application threads were stopped: 0.0013393 seconds, Stopping threads took: 0.0005262 seconds
[2022-06-13T01:51:36.143+0000][1][safepoint    ] Application time: 0.0001472 seconds
[2022-06-13T01:51:36.144+0000][1][safepoint    ] Entering safepoint region: RevokeBias
[2022-06-13T01:51:36.144+0000][1][safepoint    ] Leaving safepoint region
[2022-06-13T01:51:36.145+0000][1][safepoint    ] Total time for which application threads were stopped: 0.0009198 seconds, Stopping threads took: 0.0003163 seconds
[2022-06-13T01:51:36.442+0000][1][safepoint    ] Application time: 0.2973547 seconds
[2022-06-13T01:51:36.443+0000][1][safepoint    ] Entering safepoint region: RevokeBias
[2022-06-13T01:51:36.443+0000][1][safepoint    ] Leaving safepoint region
[2022-06-13T01:51:36.444+0000][1][safepoint    ] Total time for which application threads were stopped: 0.0013371 seconds, Stopping threads took: 0.0004705 seconds
[2022-06-13T01:51:36.446+0000][1][safepoint    ] Application time: 0.0012576 seconds
[2022-06-13T01:51:36.446+0000][1][safepoint    ] Entering safepoint region: RevokeBias
[2022-06-13T01:51:36.447+0000][1][safepoint    ] Leaving safepoint region
[2022-06-13T01:51:36.447+0000][1][safepoint    ] Total time for which application threads were stopped: 0.0009486 seconds, Stopping threads took: 0.0004835 seconds
[2022-06-13T01:51:37.443+0000][1][safepoint    ] Application time: 0.9955880 seconds
[2022-06-13T01:51:37.444+0000][1][safepoint    ] Entering safepoint region: RevokeBias
[2022-06-13T01:51:37.444+0000][1][safepoint    ] Leaving safepoint region
[2022-06-13T01:51:37.445+0000][1][safepoint    ] Total time for which application threads were stopped: 0.0011458 seconds, Stopping threads took: 0.0001989 seconds
[2022-06-13T01:51:37.446+0000][1][safepoint    ] Application time: 0.0009990 seconds
[2022-06-13T01:51:37.447+0000][1][safepoint    ] Entering safepoint region: RevokeBias
[2022-06-13T01:51:37.447+0000][1][safepoint    ] Leaving safepoint region
[2022-06-13T01:51:37.447+0000][1][safepoint    ] Total time for which application threads were stopped: 0.0007688 seconds, Stopping threads took: 0.0004400 seconds
[2022-06-13T01:51:37.448+0000][1][safepoint    ] Application time: 0.0003465 seconds
[2022-06-13T01:51:37.448+0000][1][safepoint    ] Entering safepoint region: RevokeBias
[2022-06-13T01:51:37.449+0000][1][safepoint    ] Leaving safepoint region
[2022-06-13T01:51:37.449+0000][1][safepoint    ] Total time for which application threads were stopped: 0.0005002 seconds, Stopping threads took: 0.0003004 seconds
[2022-06-13T01:51:37.449+0000][1][safepoint    ] Application time: 0.0001874 seconds
[2022-06-13T01:51:37.449+0000][1][safepoint    ] Entering safepoint region: RevokeBias
[2022-06-13T01:51:37.450+0000][1][safepoint    ] Leaving safepoint region
[2022-06-13T01:51:37.450+0000][1][safepoint    ] Total time for which application threads were stopped: 0.0008521 seconds, Stopping threads took: 0.0003555 seconds
[2022-06-13T01:51:37.451+0000][1][safepoint    ] Application time: 0.0002366 seconds
[2022-06-13T01:51:37.451+0000][1][safepoint    ] Entering safepoint region: RevokeBias
[2022-06-13T01:51:37.451+0000][1][safepoint    ] Leaving safepoint region
[2022-06-13T01:51:37.452+0000][1][safepoint    ] Total time for which application threads were stopped: 0.0006952 seconds, Stopping threads took: 0.0003278 seconds
[2022-06-13T01:51:37.452+0000][1][safepoint    ] Application time: 0.0002213 seconds
[2022-06-13T01:51:37.453+0000][1][safepoint    ] Entering safepoint region: RevokeBias
[2022-06-13T01:51:37.453+0000][1][safepoint    ] Leaving safepoint region
[2022-06-13T01:51:37.453+0000][1][safepoint    ] Total time for which application threads were stopped: 0.0006502 seconds, Stopping threads took: 0.0003434 seconds
[2022-06-13T01:51:37.454+0000][1][safepoint    ] Application time: 0.0006080 seconds
[2022-06-13T01:51:37.454+0000][1][safepoint    ] Entering safepoint region: RevokeBias
[2022-06-13T01:51:37.454+0000][1][safepoint    ] Leaving safepoint region
[2022-06-13T01:51:37.455+0000][1][safepoint    ] Total time for which application threads were stopped: 0.0004273 seconds, Stopping threads took: 0.0002126 seconds
[2022-06-13T01:51:38.455+0000][1][safepoint    ] Application time: 1.0002830 seconds
[2022-06-13T01:51:38.456+0000][1][safepoint    ] Entering safepoint region: Cleanup
[2022-06-13T01:51:38.456+0000][1][safepoint    ] Leaving safepoint region
[2022-06-13T01:51:38.457+0000][1][safepoint    ] Total time for which application threads were stopped: 0.0010875 seconds, Stopping threads took: 0.0004537 seconds
[2022-06-13T01:51:39.458+0000][1][safepoint    ] Application time: 1.0001167 seconds
[2022-06-13T01:51:39.458+0000][1][safepoint    ] Entering safepoint region: Cleanup
[2022-06-13T01:51:39.459+0000][1][safepoint    ] Leaving safepoint region
[2022-06-13T01:51:39.459+0000][1][safepoint    ] Total time for which application threads were stopped: 0.0007493 seconds, Stopping threads took: 0.0003483 seconds
[2022-06-13T01:51:40.445+0000][1][safepoint    ] Application time: 0.9851714 seconds
[2022-06-13T01:51:40.445+0000][1][safepoint    ] Entering safepoint region: RevokeBias
[2022-06-13T01:51:40.446+0000][1][safepoint    ] Leaving safepoint region
[2022-06-13T01:51:40.447+0000][1][safepoint    ] Total time for which application threads were stopped: 0.0015485 seconds, Stopping threads took: 0.0007757 seconds
[2022-06-13T01:51:40.448+0000][1][safepoint    ] Application time: 0.0008676 seconds
[2022-06-13T01:51:40.449+0000][1][safepoint    ] Entering safepoint region: RevokeBias
[2022-06-13T01:51:40.449+0000][1][safepoint    ] Leaving safepoint region
[2022-06-13T01:51:40.450+0000][1][safepoint    ] Total time for which application threads were stopped: 0.0013232 seconds, Stopping threads took: 0.0006688 seconds
[2022-06-13T01:51:41.447+0000][1][safepoint    ] Application time: 0.9967826 seconds
[2022-06-13T01:51:41.448+0000][1][safepoint    ] Entering safepoint region: RevokeBias
[2022-06-13T01:51:41.448+0000][1][safepoint    ] Leaving safepoint region
[2022-06-13T01:51:41.449+0000][1][safepoint    ] Total time for which application threads were stopped: 0.0009995 seconds, Stopping threads took: 0.0005182 seconds
[2022-06-13T01:51:41.450+0000][1][safepoint    ] Application time: 0.0006299 seconds
[2022-06-13T01:51:41.450+0000][1][safepoint    ] Entering safepoint region: RevokeBias
[2022-06-13T01:51:41.451+0000][1][safepoint    ] Leaving safepoint region
[2022-06-13T01:51:41.451+0000][1][safepoint    ] Total time for which application threads were stopped: 0.0014034 seconds, Stopping threads took: 0.0007924 seconds
[2022-06-13T01:51:41.453+0000][1][safepoint    ] Application time: 0.0004377 seconds
[2022-06-13T01:51:41.453+0000][1][safepoint    ] Entering safepoint region: RevokeBias
[2022-06-13T01:51:41.454+0000][1][safepoint    ] Leaving safepoint region
[2022-06-13T01:51:41.455+0000][1][safepoint    ] Total time for which application threads were stopped: 0.0014248 seconds, Stopping threads took: 0.0007564 seconds
[2022-06-13T01:51:41.456+0000][1][safepoint    ] Application time: 0.0004461 seconds
[2022-06-13T01:51:41.456+0000][1][safepoint    ] Entering safepoint region: RevokeBias
[2022-06-13T01:51:41.457+0000][1][safepoint    ] Leaving safepoint region
[2022-06-13T01:51:41.458+0000][1][safepoint    ] Total time for which application threads were stopped: 0.0016880 seconds, Stopping threads took: 0.0003322 seconds
[2022-06-13T01:51:41.459+0000][1][safepoint    ] Application time: 0.0001189 seconds
[2022-06-13T01:51:41.459+0000][1][safepoint    ] Entering safepoint region: RevokeBias
[2022-06-13T01:51:41.459+0000][1][safepoint    ] Leaving safepoint region
[2022-06-13T01:51:41.460+0000][1][safepoint    ] Total time for which application threads were stopped: 0.0006861 seconds, Stopping threads took: 0.0002819 seconds
[2022-06-13T01:51:41.460+0000][1][safepoint    ] Application time: 0.0002685 seconds
[2022-06-13T01:51:41.461+0000][1][safepoint    ] Entering safepoint region: RevokeBias
[2022-06-13T01:51:41.462+0000][1][safepoint    ] Leaving safepoint region
[2022-06-13T01:51:41.462+0000][1][safepoint    ] Total time for which application threads were stopped: 0.0011925 seconds, Stopping threads took: 0.0006425 seconds
[2022-06-13T01:51:41.463+0000][1][safepoint    ] Application time: 0.0005143 seconds
[2022-06-13T01:51:41.464+0000][1][safepoint    ] Entering safepoint region: RevokeBias
[2022-06-13T01:51:41.465+0000][1][safepoint    ] Leaving safepoint region
[2022-06-13T01:51:41.465+0000][1][safepoint    ] Total time for which application threads were stopped: 0.0016951 seconds, Stopping threads took: 0.0006398 seconds
[2022-06-13T01:51:42.466+0000][1][safepoint    ] Application time: 1.0004636 seconds
[2022-06-13T01:51:42.467+0000][1][safepoint    ] Entering safepoint region: Cleanup
[2022-06-13T01:51:42.468+0000][1][safepoint    ] Leaving safepoint region
[2022-06-13T01:51:42.469+0000][1][safepoint    ] Total time for which application threads were stopped: 0.0016673 seconds, Stopping threads took: 0.0008510 seconds
[2022-06-13T01:51:43.470+0000][1][safepoint    ] Application time: 1.0002801 seconds
[2022-06-13T01:51:43.471+0000][1][safepoint    ] Entering safepoint region: Cleanup
[2022-06-13T01:51:43.471+0000][1][safepoint    ] Leaving safepoint region
[2022-06-13T01:51:43.472+0000][1][safepoint    ] Total time for which application threads were stopped: 0.0008596 seconds, Stopping threads took: 0.0004709 seconds
[2022-06-13T01:51:44.447+0000][1][safepoint    ] Application time: 0.9754015 seconds
[2022-06-13T01:51:44.448+0000][1][safepoint    ] Entering safepoint region: RevokeBias
[2022-06-13T01:51:44.449+0000][1][safepoint    ] Leaving safepoint region
[2022-06-13T01:51:44.449+0000][1][safepoint    ] Total time for which application threads were stopped: 0.0011481 seconds, Stopping threads took: 0.0005899 seconds
[2022-06-13T01:51:44.450+0000][1][safepoint    ] Application time: 0.0006549 seconds
[2022-06-13T01:51:44.450+0000][1][safepoint    ] Entering safepoint region: RevokeBias
[2022-06-13T01:51:44.451+0000][1][safepoint    ] Leaving safepoint region
[2022-06-13T01:51:44.451+0000][1][safepoint    ] Total time for which application threads were stopped: 0.0010013 seconds, Stopping threads took: 0.0003995 seconds
[2022-06-13T01:51:45.451+0000][1][safepoint    ] Application time: 0.9994415 seconds
[2022-06-13T01:51:45.452+0000][1][safepoint    ] Entering safepoint region: RevokeBias
[2022-06-13T01:51:45.453+0000][1][safepoint    ] Leaving safepoint region
[2022-06-13T01:51:45.454+0000][1][safepoint    ] Total time for which application threads were stopped: 0.0026219 seconds, Stopping threads took: 0.0008026 seconds
[2022-06-13T01:51:45.455+0000][1][safepoint    ] Application time: 0.0005395 seconds
[2022-06-13T01:51:45.456+0000][1][safepoint    ] Entering safepoint region: RevokeBias
[2022-06-13T01:51:45.458+0000][1][safepoint    ] Leaving safepoint region
[2022-06-13T01:51:45.459+0000][1][safepoint    ] Total time for which application threads were stopped: 0.0025095 seconds, Stopping threads took: 0.0008029 seconds
[2022-06-13T01:51:45.460+0000][1][safepoint    ] Application time: 0.0005153 seconds
[2022-06-13T01:51:45.461+0000][1][safepoint    ] Entering safepoint region: RevokeBias
[2022-06-13T01:51:45.462+0000][1][safepoint    ] Leaving safepoint region
[2022-06-13T01:51:45.463+0000][1][safepoint    ] Total time for which application threads were stopped: 0.0021661 seconds, Stopping threads took: 0.0011440 seconds
[2022-06-13T01:51:45.465+0000][1][safepoint    ] Application time: 0.0009084 seconds
[2022-06-13T01:51:45.466+0000][1][safepoint    ] Entering safepoint region: RevokeBias
[2022-06-13T01:51:45.467+0000][1][safepoint    ] Leaving safepoint region
[2022-06-13T01:51:45.468+0000][1][safepoint    ] Total time for which application threads were stopped: 0.0021218 seconds, Stopping threads took: 0.0010506 seconds
[2022-06-13T01:51:45.470+0000][1][safepoint    ] Application time: 0.0012115 seconds
[2022-06-13T01:51:45.471+0000][1][safepoint    ] Entering safepoint region: RevokeBias
[2022-06-13T01:51:45.473+0000][1][safepoint    ] Leaving safepoint region
[2022-06-13T01:51:45.474+0000][1][safepoint    ] Total time for which application threads were stopped: 0.0027647 seconds, Stopping threads took: 0.0009402 seconds
[2022-06-13T01:51:45.475+0000][1][safepoint    ] Application time: 0.0006471 seconds
[2022-06-13T01:51:45.476+0000][1][safepoint    ] Entering safepoint region: BulkRevokeBias
[2022-06-13T01:51:45.478+0000][1][safepoint    ] Leaving safepoint region
[2022-06-13T01:51:45.479+0000][1][safepoint    ] Total time for which application threads were stopped: 0.0027797 seconds, Stopping threads took: 0.0009919 seconds
[2022-06-13T01:51:46.479+0000][1][safepoint    ] Application time: 1.0002159 seconds
[2022-06-13T01:51:46.480+0000][1][safepoint    ] Entering safepoint region: Cleanup
[2022-06-13T01:51:46.481+0000][1][safepoint    ] Leaving safepoint region
[2022-06-13T01:51:46.481+0000][1][safepoint    ] Total time for which application threads were stopped: 0.0009288 seconds, Stopping threads took: 0.0004217 seconds
[2022-06-13T01:51:47.482+0000][1][safepoint    ] Application time: 1.0001508 seconds
[2022-06-13T01:51:47.482+0000][1][safepoint    ] Entering safepoint region: Cleanup
[2022-06-13T01:51:47.483+0000][1][safepoint    ] Leaving safepoint region
[2022-06-13T01:51:47.483+0000][1][safepoint    ] Total time for which application threads were stopped: 0.0009234 seconds, Stopping threads took: 0.0004227 seconds
[2022-06-13T01:51:48.451+0000][1][safepoint    ] Application time: 0.9676880 seconds
[2022-06-13T01:51:48.452+0000][1][safepoint    ] Entering safepoint region: RevokeBias
[2022-06-13T01:51:48.455+0000][1][safepoint    ] Leaving safepoint region
[2022-06-13T01:51:48.456+0000][1][safepoint    ] Total time for which application threads were stopped: 0.0038930 seconds, Stopping threads took: 0.0013047 seconds
[2022-06-13T01:51:48.458+0000][1][safepoint    ] Application time: 0.0007499 seconds
[2022-06-13T01:51:48.458+0000][1][safepoint    ] Entering safepoint region: BulkRevokeBias
[2022-06-13T01:51:48.460+0000][1][safepoint    ] Leaving safepoint region
[2022-06-13T01:51:48.461+0000][1][safepoint    ] Total time for which application threads were stopped: 0.0024995 seconds, Stopping threads took: 0.0005212 seconds
[2022-06-13T01:51:49.453+0000][1][safepoint    ] Application time: 0.9910546 seconds
[2022-06-13T01:51:49.453+0000][1][safepoint    ] Entering safepoint region: RevokeBias
[2022-06-13T01:51:49.454+0000][1][safepoint    ] Leaving safepoint region
[2022-06-13T01:51:49.454+0000][1][safepoint    ] Total time for which application threads were stopped: 0.0007552 seconds, Stopping threads took: 0.0003345 seconds
[2022-06-13T01:51:49.455+0000][1][safepoint    ] Application time: 0.0006306 seconds
[2022-06-13T01:51:49.455+0000][1][safepoint    ] Entering safepoint region: RevokeBias
[2022-06-13T01:51:49.456+0000][1][safepoint    ] Leaving safepoint region
[2022-06-13T01:51:49.456+0000][1][safepoint    ] Total time for which application threads were stopped: 0.0010059 seconds, Stopping threads took: 0.0004034 seconds
[2022-06-13T01:51:49.457+0000][1][safepoint    ] Application time: 0.0005081 seconds
[2022-06-13T01:51:49.458+0000][1][safepoint    ] Entering safepoint region: RevokeBias
[2022-06-13T01:51:49.458+0000][1][safepoint    ] Leaving safepoint region
[2022-06-13T01:51:49.459+0000][1][safepoint    ] Total time for which application threads were stopped: 0.0009663 seconds, Stopping threads took: 0.0004154 seconds
[2022-06-13T01:51:50.459+0000][1][safepoint    ] Application time: 1.0001618 seconds
[2022-06-13T01:51:50.460+0000][1][safepoint    ] Entering safepoint region: Cleanup
[2022-06-13T01:51:50.461+0000][1][safepoint    ] Leaving safepoint region
[2022-06-13T01:51:50.462+0000][1][safepoint    ] Total time for which application threads were stopped: 0.0015982 seconds, Stopping threads took: 0.0007930 seconds
[2022-06-13T01:51:51.463+0000][1][safepoint    ] Application time: 1.0000864 seconds
[2022-06-13T01:51:51.463+0000][1][safepoint    ] Entering safepoint region: Cleanup
[2022-06-13T01:51:51.464+0000][1][safepoint    ] Leaving safepoint region
[2022-06-13T01:51:51.464+0000][1][safepoint    ] Total time for which application threads were stopped: 0.0012636 seconds, Stopping threads took: 0.0004260 seconds
[2022-06-13T01:51:52.453+0000][1][safepoint    ] Application time: 0.9880554 seconds
[2022-06-13T01:51:52.453+0000][1][safepoint    ] Entering safepoint region: RevokeBias
[2022-06-13T01:51:52.454+0000][1][safepoint    ] Leaving safepoint region
[2022-06-13T01:51:52.454+0000][1][safepoint    ] Total time for which application threads were stopped: 0.0008474 seconds, Stopping threads took: 0.0003954 seconds
[2022-06-13T01:51:52.455+0000][1][safepoint    ] Application time: 0.0003556 seconds
[2022-06-13T01:51:52.455+0000][1][safepoint    ] Entering safepoint region: RevokeBias
[2022-06-13T01:51:52.456+0000][1][safepoint    ] Leaving safepoint region
[2022-06-13T01:51:52.456+0000][1][safepoint    ] Total time for which application threads were stopped: 0.0009428 seconds, Stopping threads took: 0.0004135 seconds
[2022-06-13T01:51:52.457+0000][1][safepoint    ] Application time: 0.0005644 seconds
[2022-06-13T01:51:52.458+0000][1][safepoint    ] Entering safepoint region: RevokeBias
[2022-06-13T01:51:52.458+0000][1][safepoint    ] Leaving safepoint region
[2022-06-13T01:51:52.459+0000][1][safepoint    ] Total time for which application threads were stopped: 0.0010157 seconds, Stopping threads took: 0.0005319 seconds
[2022-06-13T01:51:53.455+0000][1][safepoint    ] Application time: 0.9956130 seconds
[2022-06-13T01:51:53.455+0000][1][safepoint    ] Entering safepoint region: RevokeBias
[2022-06-13T01:51:53.456+0000][1][safepoint    ] Leaving safepoint region
[2022-06-13T01:51:53.457+0000][1][safepoint    ] Total time for which application threads were stopped: 0.0017818 seconds, Stopping threads took: 0.0009981 seconds
[2022-06-13T01:51:53.458+0000][1][safepoint    ] Application time: 0.0005397 seconds
[2022-06-13T01:51:53.459+0000][1][safepoint    ] Entering safepoint region: RevokeBias
[2022-06-13T01:51:53.459+0000][1][safepoint    ] Leaving safepoint region
[2022-06-13T01:51:53.460+0000][1][safepoint    ] Total time for which application threads were stopped: 0.0017067 seconds, Stopping threads took: 0.0009245 seconds
[2022-06-13T01:51:53.461+0000][1][safepoint    ] Application time: 0.0004550 seconds
[2022-06-13T01:51:53.461+0000][1][safepoint    ] Entering safepoint region: RevokeBias
[2022-06-13T01:51:53.462+0000][1][safepoint    ] Leaving safepoint region
[2022-06-13T01:51:53.463+0000][1][safepoint    ] Total time for which application threads were stopped: 0.0012575 seconds, Stopping threads took: 0.0005599 seconds
[2022-06-13T01:51:53.464+0000][1][safepoint    ] Application time: 0.0005669 seconds
[2022-06-13T01:51:53.464+0000][1][safepoint    ] Entering safepoint region: RevokeBias
[2022-06-13T01:51:53.465+0000][1][safepoint    ] Leaving safepoint region
[2022-06-13T01:51:53.465+0000][1][safepoint    ] Total time for which application threads were stopped: 0.0012246 seconds, Stopping threads took: 0.0004732 seconds
[2022-06-13T01:51:53.467+0000][1][safepoint    ] Application time: 0.0003508 seconds
[2022-06-13T01:51:53.467+0000][1][safepoint    ] Entering safepoint region: RevokeBias
[2022-06-13T01:51:53.468+0000][1][safepoint    ] Leaving safepoint region
[2022-06-13T01:51:53.469+0000][1][safepoint    ] Total time for which application threads were stopped: 0.0018710 seconds, Stopping threads took: 0.0010725 seconds
[2022-06-13T01:51:53.470+0000][1][safepoint    ] Application time: 0.0006070 seconds
[2022-06-13T01:51:53.471+0000][1][safepoint    ] Entering safepoint region: RevokeBias
[2022-06-13T01:51:53.472+0000][1][safepoint    ] Leaving safepoint region
[2022-06-13T01:51:53.473+0000][1][safepoint    ] Total time for which application threads were stopped: 0.0021848 seconds, Stopping threads took: 0.0007041 seconds
[2022-06-13T01:51:54.474+0000][1][safepoint    ] Application time: 1.0003482 seconds
[2022-06-13T01:51:54.475+0000][1][safepoint    ] Entering safepoint region: Cleanup
[2022-06-13T01:51:54.476+0000][1][safepoint    ] Leaving safepoint region
[2022-06-13T01:51:54.476+0000][1][safepoint    ] Total time for which application threads were stopped: 0.0009146 seconds, Stopping threads took: 0.0005131 seconds
[2022-06-13T01:51:55.477+0000][1][safepoint    ] Application time: 1.0001682 seconds
[2022-06-13T01:51:55.477+0000][1][safepoint    ] Entering safepoint region: Cleanup
[2022-06-13T01:51:55.477+0000][1][safepoint    ] Leaving safepoint region
[2022-06-13T01:51:55.478+0000][1][safepoint    ] Total time for which application threads were stopped: 0.0006691 seconds, Stopping threads took: 0.0002017 seconds
[2022-06-13T01:51:56.454+0000][1][safepoint    ] Application time: 0.9763661 seconds
[2022-06-13T01:51:56.455+0000][1][safepoint    ] Entering safepoint region: RevokeBias
[2022-06-13T01:51:56.456+0000][1][safepoint    ] Leaving safepoint region
[2022-06-13T01:51:56.456+0000][1][safepoint    ] Total time for which application threads were stopped: 0.0009478 seconds, Stopping threads took: 0.0004444 seconds
[2022-06-13T01:51:56.456+0000][1][safepoint    ] Application time: 0.0001833 seconds
[2022-06-13T01:51:56.457+0000][1][safepoint    ] Entering safepoint region: RevokeBias
[2022-06-13T01:51:56.457+0000][1][safepoint    ] Leaving safepoint region
[2022-06-13T01:51:56.458+0000][1][safepoint    ] Total time for which application threads were stopped: 0.0010727 seconds, Stopping threads took: 0.0005528 seconds
[2022-06-13T01:51:56.458+0000][1][safepoint    ] Application time: 0.0001216 seconds
[2022-06-13T01:51:56.459+0000][1][safepoint    ] Entering safepoint region: RevokeBias
[2022-06-13T01:51:56.459+0000][1][safepoint    ] Leaving safepoint region
[2022-06-13T01:51:56.460+0000][1][safepoint    ] Total time for which application threads were stopped: 0.0010353 seconds, Stopping threads took: 0.0005110 seconds
[2022-06-13T01:51:57.455+0000][1][safepoint    ] Application time: 0.9951543 seconds
[2022-06-13T01:51:57.455+0000][1][safepoint    ] Entering safepoint region: RevokeBias
[2022-06-13T01:51:57.456+0000][1][safepoint    ] Leaving safepoint region
[2022-06-13T01:51:57.456+0000][1][safepoint    ] Total time for which application threads were stopped: 0.0004655 seconds, Stopping threads took: 0.0001925 seconds
[2022-06-13T01:51:57.456+0000][1][safepoint    ] Application time: 0.0003964 seconds
[2022-06-13T01:51:57.457+0000][1][safepoint    ] Entering safepoint region: RevokeBias
[2022-06-13T01:51:57.457+0000][1][safepoint    ] Leaving safepoint region
[2022-06-13T01:51:57.457+0000][1][safepoint    ] Total time for which application threads were stopped: 0.0004601 seconds, Stopping threads took: 0.0001729 seconds
[2022-06-13T01:51:57.458+0000][1][safepoint    ] Application time: 0.0004785 seconds
[2022-06-13T01:51:57.458+0000][1][safepoint    ] Entering safepoint region: RevokeBias
[2022-06-13T01:51:57.458+0000][1][safepoint    ] Leaving safepoint region
[2022-06-13T01:51:57.459+0000][1][safepoint    ] Total time for which application threads were stopped: 0.0005463 seconds, Stopping threads took: 0.0002882 seconds
[2022-06-13T01:51:57.460+0000][1][safepoint    ] Application time: 0.0012147 seconds
[2022-06-13T01:51:57.460+0000][1][safepoint    ] Entering safepoint region: RevokeBias
[2022-06-13T01:51:57.461+0000][1][safepoint    ] Leaving safepoint region
[2022-06-13T01:51:57.461+0000][1][safepoint    ] Total time for which application threads were stopped: 0.0006778 seconds, Stopping threads took: 0.0003388 seconds
[2022-06-13T01:51:58.462+0000][1][safepoint    ] Application time: 1.0003019 seconds
[2022-06-13T01:51:58.463+0000][1][safepoint    ] Entering safepoint region: Cleanup
[2022-06-13T01:51:58.464+0000][1][safepoint    ] Leaving safepoint region
[2022-06-13T01:51:58.464+0000][1][safepoint    ] Total time for which application threads were stopped: 0.0013371 seconds, Stopping threads took: 0.0006398 seconds
[2022-06-13T01:51:59.465+0000][1][safepoint    ] Application time: 1.0001820 seconds
[2022-06-13T01:51:59.466+0000][1][safepoint    ] Entering safepoint region: Cleanup
[2022-06-13T01:51:59.466+0000][1][safepoint    ] Leaving safepoint region
[2022-06-13T01:51:59.466+0000][1][safepoint    ] Total time for which application threads were stopped: 0.0004905 seconds, Stopping threads took: 0.0002328 seconds
[2022-06-13T01:51:59.528+0000][1][safepoint    ] Application time: 0.0618722 seconds
[2022-06-13T01:51:59.529+0000][1][safepoint    ] Entering safepoint region: RevokeBias
[2022-06-13T01:51:59.530+0000][1][safepoint    ] Leaving safepoint region
[2022-06-13T01:51:59.530+0000][1][safepoint    ] Total time for which application threads were stopped: 0.0013427 seconds, Stopping threads took: 0.0006379 seconds
[2022-06-13T01:51:59.531+0000][1][safepoint    ] Application time: 0.0006044 seconds
[2022-06-13T01:51:59.531+0000][1][safepoint    ] Entering safepoint region: RevokeBias
[2022-06-13T01:51:59.532+0000][1][safepoint    ] Leaving safepoint region
[2022-06-13T01:51:59.533+0000][1][safepoint    ] Total time for which application threads were stopped: 0.0012588 seconds, Stopping threads took: 0.0004325 seconds
[2022-06-13T01:51:59.537+0000][1][safepoint    ] Application time: 0.0038878 seconds
[2022-06-13T01:51:59.537+0000][1][safepoint    ] Entering safepoint region: RevokeBias
[2022-06-13T01:51:59.538+0000][1][safepoint    ] Leaving safepoint region
[2022-06-13T01:51:59.538+0000][1][safepoint    ] Total time for which application threads were stopped: 0.0008394 seconds, Stopping threads took: 0.0003376 seconds
[2022-06-13T01:51:59.539+0000][1][safepoint    ] Application time: 0.0007749 seconds
[2022-06-13T01:51:59.540+0000][1][safepoint    ] Entering safepoint region: RevokeBias
[2022-06-13T01:51:59.541+0000][1][safepoint    ] Leaving safepoint region
[2022-06-13T01:51:59.541+0000][1][safepoint    ] Total time for which application threads were stopped: 0.0011795 seconds, Stopping threads took: 0.0005352 seconds
[2022-06-13T01:52:00.456+0000][1][safepoint    ] Application time: 0.9144510 seconds
[2022-06-13T01:52:00.457+0000][1][safepoint    ] Entering safepoint region: RevokeBias
[2022-06-13T01:52:00.458+0000][1][safepoint    ] Leaving safepoint region
[2022-06-13T01:52:00.458+0000][1][safepoint    ] Total time for which application threads were stopped: 0.0016650 seconds, Stopping threads took: 0.0008712 seconds
[2022-06-13T01:52:00.460+0000][1][safepoint    ] Application time: 0.0013123 seconds
[2022-06-13T01:52:00.461+0000][1][safepoint    ] Entering safepoint region: RevokeBias
[2022-06-13T01:52:00.461+0000][1][safepoint    ] Leaving safepoint region
[2022-06-13T01:52:00.462+0000][1][safepoint    ] Total time for which application threads were stopped: 0.0013195 seconds, Stopping threads took: 0.0006325 seconds
[2022-06-13T01:52:01.458+0000][1][safepoint    ] Application time: 0.9953955 seconds
[2022-06-13T01:52:01.458+0000][1][safepoint    ] Entering safepoint region: RevokeBias
[2022-06-13T01:52:01.459+0000][1][safepoint    ] Leaving safepoint region
[2022-06-13T01:52:01.459+0000][1][safepoint    ] Total time for which application threads were stopped: 0.0011949 seconds, Stopping threads took: 0.0003837 seconds
[2022-06-13T01:52:01.460+0000][1][safepoint    ] Application time: 0.0006400 seconds
[2022-06-13T01:52:01.461+0000][1][safepoint    ] Entering safepoint region: RevokeBias
[2022-06-13T01:52:01.461+0000][1][safepoint    ] Leaving safepoint region
[2022-06-13T01:52:01.462+0000][1][safepoint    ] Total time for which application threads were stopped: 0.0011074 seconds, Stopping threads took: 0.0003546 seconds
[2022-06-13T01:52:01.462+0000][1][safepoint    ] Application time: 0.0004247 seconds
[2022-06-13T01:52:01.463+0000][1][safepoint    ] Entering safepoint region: RevokeBias
[2022-06-13T01:52:01.463+0000][1][safepoint    ] Leaving safepoint region
[2022-06-13T01:52:01.464+0000][1][safepoint    ] Total time for which application threads were stopped: 0.0009100 seconds, Stopping threads took: 0.0004669 seconds
[2022-06-13T01:52:02.464+0000][1][safepoint    ] Application time: 1.0001529 seconds
[2022-06-13T01:52:02.465+0000][1][safepoint    ] Entering safepoint region: Cleanup
[2022-06-13T01:52:02.465+0000][1][safepoint    ] Leaving safepoint region
[2022-06-13T01:52:02.465+0000][1][safepoint    ] Total time for which application threads were stopped: 0.0006144 seconds, Stopping threads took: 0.0002809 seconds
[2022-06-13T01:52:04.459+0000][1][safepoint    ] Application time: 1.9934684 seconds
[2022-06-13T01:52:04.460+0000][1][safepoint    ] Entering safepoint region: RevokeBias
[2022-06-13T01:52:04.461+0000][1][safepoint    ] Leaving safepoint region
[2022-06-13T01:52:04.461+0000][1][safepoint    ] Total time for which application threads were stopped: 0.0015370 seconds, Stopping threads took: 0.0008838 seconds
[2022-06-13T01:52:04.463+0000][1][safepoint    ] Application time: 0.0011160 seconds
[2022-06-13T01:52:04.464+0000][1][safepoint    ] Entering safepoint region: RevokeBias
[2022-06-13T01:52:04.465+0000][1][safepoint    ] Leaving safepoint region
[2022-06-13T01:52:04.466+0000][1][safepoint    ] Total time for which application threads were stopped: 0.0026163 seconds, Stopping threads took: 0.0015920 seconds
[2022-06-13T01:52:05.461+0000][1][safepoint    ] Application time: 0.9941766 seconds
[2022-06-13T01:52:05.461+0000][1][safepoint    ] Entering safepoint region: BulkRevokeBias
[2022-06-13T01:52:05.462+0000][1][safepoint    ] Leaving safepoint region
[2022-06-13T01:52:05.463+0000][1][safepoint    ] Total time for which application threads were stopped: 0.0018043 seconds, Stopping threads took: 0.0004103 seconds
[2022-06-13T01:52:05.464+0000][1][safepoint    ] Application time: 0.0010666 seconds
[2022-06-13T01:52:05.465+0000][1][safepoint    ] Entering safepoint region: RevokeBias
[2022-06-13T01:52:05.466+0000][1][safepoint    ] Leaving safepoint region
[2022-06-13T01:52:05.467+0000][1][safepoint    ] Total time for which application threads were stopped: 0.0020284 seconds, Stopping threads took: 0.0008136 seconds
[2022-06-13T01:52:06.467+0000][1][safepoint    ] Application time: 1.0002873 seconds
[2022-06-13T01:52:06.468+0000][1][safepoint    ] Entering safepoint region: Cleanup
[2022-06-13T01:52:06.469+0000][1][safepoint    ] Leaving safepoint region
[2022-06-13T01:52:06.470+0000][1][safepoint    ] Total time for which application threads were stopped: 0.0015173 seconds, Stopping threads took: 0.0008062 seconds
[2022-06-13T01:52:07.470+0000][1][safepoint    ] Application time: 1.0001793 seconds
[2022-06-13T01:52:07.471+0000][1][safepoint    ] Entering safepoint region: Cleanup
[2022-06-13T01:52:07.472+0000][1][safepoint    ] Leaving safepoint region
[2022-06-13T01:52:07.473+0000][1][safepoint    ] Total time for which application threads were stopped: 0.0016682 seconds, Stopping threads took: 0.0010091 seconds
[2022-06-13T01:52:08.461+0000][1][safepoint    ] Application time: 0.9880386 seconds
[2022-06-13T01:52:08.462+0000][1][safepoint    ] Entering safepoint region: RevokeBias
[2022-06-13T01:52:08.464+0000][1][safepoint    ] Leaving safepoint region
[2022-06-13T01:52:08.465+0000][1][safepoint    ] Total time for which application threads were stopped: 0.0028581 seconds, Stopping threads took: 0.0005810 seconds
[2022-06-13T01:52:09.466+0000][1][safepoint    ] Application time: 1.0002851 seconds
[2022-06-13T01:52:09.466+0000][1][safepoint    ] Entering safepoint region: Cleanup
[2022-06-13T01:52:09.467+0000][1][safepoint    ] Leaving safepoint region
[2022-06-13T01:52:09.468+0000][1][safepoint    ] Total time for which application threads were stopped: 0.0013730 seconds, Stopping threads took: 0.0006930 seconds
[2022-06-13T01:52:10.468+0000][1][safepoint    ] Application time: 1.0002322 seconds
[2022-06-13T01:52:10.469+0000][1][safepoint    ] Entering safepoint region: Cleanup
[2022-06-13T01:52:10.469+0000][1][safepoint    ] Leaving safepoint region
[2022-06-13T01:52:10.470+0000][1][safepoint    ] Total time for which application threads were stopped: 0.0007284 seconds, Stopping threads took: 0.0003486 seconds
[2022-06-13T01:52:11.470+0000][1][safepoint    ] Application time: 1.0001401 seconds
[2022-06-13T01:52:11.470+0000][1][safepoint    ] Entering safepoint region: Cleanup
[2022-06-13T01:52:11.471+0000][1][safepoint    ] Leaving safepoint region
[2022-06-13T01:52:11.472+0000][1][safepoint    ] Total time for which application threads were stopped: 0.0017698 seconds, Stopping threads took: 0.0004945 seconds
[2022-06-13T01:52:11.478+0000][1][safepoint    ] Application time: 0.0055684 seconds
[2022-06-13T01:52:11.479+0000][1][safepoint    ] Entering safepoint region: RevokeBias
[2022-06-13T01:52:11.479+0000][1][safepoint    ] Leaving safepoint region
[2022-06-13T01:52:11.480+0000][1][safepoint    ] Total time for which application threads were stopped: 0.0014502 seconds, Stopping threads took: 0.0005454 seconds
[2022-06-13T01:52:12.481+0000][1][safepoint    ] Application time: 1.0002352 seconds
[2022-06-13T01:52:12.482+0000][1][safepoint    ] Entering safepoint region: Cleanup
[2022-06-13T01:52:12.483+0000][1][safepoint    ] Leaving safepoint region
[2022-06-13T01:52:12.483+0000][1][safepoint    ] Total time for which application threads were stopped: 0.0014831 seconds, Stopping threads took: 0.0007399 seconds
[2022-06-13T01:52:13.484+0000][1][safepoint    ] Application time: 1.0001990 seconds
[2022-06-13T01:52:13.485+0000][1][safepoint    ] Entering safepoint region: Cleanup
[2022-06-13T01:52:13.485+0000][1][safepoint    ] Leaving safepoint region
[2022-06-13T01:52:13.485+0000][1][safepoint    ] Total time for which application threads were stopped: 0.0009074 seconds, Stopping threads took: 0.0004388 seconds
[2022-06-13T01:52:14.486+0000][1][safepoint    ] Application time: 1.0002067 seconds
[2022-06-13T01:52:14.487+0000][1][safepoint    ] Entering safepoint region: Cleanup
[2022-06-13T01:52:14.487+0000][1][safepoint    ] Leaving safepoint region
[2022-06-13T01:52:14.487+0000][1][safepoint    ] Total time for which application threads were stopped: 0.0009034 seconds, Stopping threads took: 0.0004479 seconds
[2022-06-13T01:52:15.488+0000][1][safepoint    ] Application time: 1.0001462 seconds
[2022-06-13T01:52:15.488+0000][1][safepoint    ] Entering safepoint region: Cleanup
[2022-06-13T01:52:15.489+0000][1][safepoint    ] Leaving safepoint region
[2022-06-13T01:52:15.489+0000][1][safepoint    ] Total time for which application threads were stopped: 0.0005388 seconds, Stopping threads took: 0.0002480 seconds
[2022-06-13T01:52:16.490+0000][1][safepoint    ] Application time: 1.0002662 seconds
[2022-06-13T01:52:16.490+0000][1][safepoint    ] Entering safepoint region: Cleanup
[2022-06-13T01:52:16.491+0000][1][safepoint    ] Leaving safepoint region
[2022-06-13T01:52:16.491+0000][1][safepoint    ] Total time for which application threads were stopped: 0.0011480 seconds, Stopping threads took: 0.0006604 seconds
[2022-06-13T01:52:17.492+0000][1][safepoint    ] Application time: 1.0002672 seconds
[2022-06-13T01:52:17.493+0000][1][safepoint    ] Entering safepoint region: Cleanup
[2022-06-13T01:52:17.494+0000][1][safepoint    ] Leaving safepoint region
[2022-06-13T01:52:17.494+0000][1][safepoint    ] Total time for which application threads were stopped: 0.0015682 seconds, Stopping threads took: 0.0006563 seconds
[2022-06-13T01:52:18.495+0000][1][safepoint    ] Application time: 1.0001674 seconds
[2022-06-13T01:52:18.495+0000][1][safepoint    ] Entering safepoint region: Cleanup
[2022-06-13T01:52:18.496+0000][1][safepoint    ] Leaving safepoint region
[2022-06-13T01:52:18.497+0000][1][safepoint    ] Total time for which application threads were stopped: 0.0011481 seconds, Stopping threads took: 0.0004800 seconds
[2022-06-13T01:52:19.497+0000][1][safepoint    ] Application time: 1.0001150 seconds
[2022-06-13T01:52:19.498+0000][1][safepoint    ] Entering safepoint region: Cleanup
[2022-06-13T01:52:19.498+0000][1][safepoint    ] Leaving safepoint region
[2022-06-13T01:52:19.498+0000][1][safepoint    ] Total time for which application threads were stopped: 0.0008960 seconds, Stopping threads took: 0.0004300 seconds
[2022-06-13T01:52:20.499+0000][1][safepoint    ] Application time: 1.0001568 seconds
[2022-06-13T01:52:20.500+0000][1][safepoint    ] Entering safepoint region: Cleanup
[2022-06-13T01:52:20.500+0000][1][safepoint    ] Leaving safepoint region
[2022-06-13T01:52:20.500+0000][1][safepoint    ] Total time for which application threads were stopped: 0.0007024 seconds, Stopping threads took: 0.0003860 seconds
[2022-06-13T01:52:21.501+0000][1][safepoint    ] Application time: 1.0001456 seconds
[2022-06-13T01:52:21.501+0000][1][safepoint    ] Entering safepoint region: Cleanup
[2022-06-13T01:52:21.502+0000][1][safepoint    ] Leaving safepoint region
[2022-06-13T01:52:21.502+0000][1][safepoint    ] Total time for which application threads were stopped: 0.0012832 seconds, Stopping threads took: 0.0002772 seconds
[2022-06-13T01:52:22.503+0000][1][safepoint    ] Application time: 1.0001921 seconds
[2022-06-13T01:52:22.503+0000][1][safepoint    ] Entering safepoint region: Cleanup
[2022-06-13T01:52:22.504+0000][1][safepoint    ] Leaving safepoint region
[2022-06-13T01:52:22.505+0000][1][safepoint    ] Total time for which application threads were stopped: 0.0012465 seconds, Stopping threads took: 0.0003985 seconds
[2022-06-13T01:52:23.505+0000][1][safepoint    ] Application time: 1.0002476 seconds
[2022-06-13T01:52:23.506+0000][1][safepoint    ] Entering safepoint region: Cleanup
[2022-06-13T01:52:23.507+0000][1][safepoint    ] Leaving safepoint region
[2022-06-13T01:52:23.508+0000][1][safepoint    ] Total time for which application threads were stopped: 0.0017248 seconds, Stopping threads took: 0.0006280 seconds
[2022-06-13T01:52:24.508+0000][1][safepoint    ] Application time: 1.0001226 seconds
[2022-06-13T01:52:24.509+0000][1][safepoint    ] Entering safepoint region: Cleanup
[2022-06-13T01:52:24.509+0000][1][safepoint    ] Leaving safepoint region
[2022-06-13T01:52:24.509+0000][1][safepoint    ] Total time for which application threads were stopped: 0.0006192 seconds, Stopping threads took: 0.0004137 seconds
[2022-06-13T01:52:25.510+0000][1][safepoint    ] Application time: 1.0002351 seconds
[2022-06-13T01:52:25.510+0000][1][safepoint    ] Entering safepoint region: Cleanup
[2022-06-13T01:52:25.511+0000][1][safepoint    ] Leaving safepoint region
[2022-06-13T01:52:25.511+0000][1][safepoint    ] Total time for which application threads were stopped: 0.0010482 seconds, Stopping threads took: 0.0005766 seconds
[2022-06-13T01:52:26.512+0000][1][safepoint    ] Application time: 1.0003839 seconds
[2022-06-13T01:52:26.513+0000][1][safepoint    ] Entering safepoint region: Cleanup
[2022-06-13T01:52:26.514+0000][1][safepoint    ] Leaving safepoint region
[2022-06-13T01:52:26.515+0000][1][safepoint    ] Total time for which application threads were stopped: 0.0016960 seconds, Stopping threads took: 0.0007773 seconds
[2022-06-13T01:52:27.516+0000][1][safepoint    ] Application time: 1.0002277 seconds
[2022-06-13T01:52:27.517+0000][1][safepoint    ] Entering safepoint region: Cleanup
[2022-06-13T01:52:27.518+0000][1][safepoint    ] Leaving safepoint region
[2022-06-13T01:52:27.518+0000][1][safepoint    ] Total time for which application threads were stopped: 0.0013979 seconds, Stopping threads took: 0.0007099 seconds
[2022-06-13T01:52:28.519+0000][1][safepoint    ] Application time: 1.0001978 seconds
[2022-06-13T01:52:28.520+0000][1][safepoint    ] Entering safepoint region: Cleanup
[2022-06-13T01:52:28.521+0000][1][safepoint    ] Leaving safepoint region
[2022-06-13T01:52:28.522+0000][1][safepoint    ] Total time for which application threads were stopped: 0.0017927 seconds, Stopping threads took: 0.0008522 seconds
[2022-06-13T01:52:29.523+0000][1][safepoint    ] Application time: 1.0002000 seconds
[2022-06-13T01:52:29.523+0000][1][safepoint    ] Entering safepoint region: Cleanup
[2022-06-13T01:52:29.524+0000][1][safepoint    ] Leaving safepoint region
[2022-06-13T01:52:29.524+0000][1][safepoint    ] Total time for which application threads were stopped: 0.0009148 seconds, Stopping threads took: 0.0004512 seconds
[2022-06-13T01:52:30.525+0000][1][safepoint    ] Application time: 1.0002522 seconds
[2022-06-13T01:52:30.525+0000][1][safepoint    ] Entering safepoint region: Cleanup
[2022-06-13T01:52:30.527+0000][1][safepoint    ] Leaving safepoint region
[2022-06-13T01:52:30.527+0000][1][safepoint    ] Total time for which application threads were stopped: 0.0018387 seconds, Stopping threads took: 0.0008177 seconds
[2022-06-13T01:52:31.528+0000][1][safepoint    ] Application time: 1.0001639 seconds
[2022-06-13T01:52:31.529+0000][1][safepoint    ] Entering safepoint region: Cleanup
[2022-06-13T01:52:31.530+0000][1][safepoint    ] Leaving safepoint region
[2022-06-13T01:52:31.530+0000][1][safepoint    ] Total time for which application threads were stopped: 0.0011698 seconds, Stopping threads took: 0.0004800 seconds
[2022-06-13T01:52:32.531+0000][1][safepoint    ] Application time: 1.0002026 seconds
[2022-06-13T01:52:32.531+0000][1][safepoint    ] Entering safepoint region: Cleanup
[2022-06-13T01:52:32.532+0000][1][safepoint    ] Leaving safepoint region
[2022-06-13T01:52:32.532+0000][1][safepoint    ] Total time for which application threads were stopped: 0.0007560 seconds, Stopping threads took: 0.0003078 seconds
[2022-06-13T01:52:33.533+0000][1][safepoint    ] Application time: 1.0001667 seconds
[2022-06-13T01:52:33.533+0000][1][safepoint    ] Entering safepoint region: Cleanup
[2022-06-13T01:52:33.534+0000][1][safepoint    ] Leaving safepoint region
[2022-06-13T01:52:33.534+0000][1][safepoint    ] Total time for which application threads were stopped: 0.0009639 seconds, Stopping threads took: 0.0004267 seconds
[2022-06-13T01:52:34.535+0000][1][safepoint    ] Application time: 1.0002399 seconds
[2022-06-13T01:52:34.535+0000][1][safepoint    ] Entering safepoint region: Cleanup
[2022-06-13T01:52:34.536+0000][1][safepoint    ] Leaving safepoint region
[2022-06-13T01:52:34.536+0000][1][safepoint    ] Total time for which application threads were stopped: 0.0005301 seconds, Stopping threads took: 0.0001771 seconds
[2022-06-13T01:52:35.536+0000][1][safepoint    ] Application time: 1.0001396 seconds
[2022-06-13T01:52:35.537+0000][1][safepoint    ] Entering safepoint region: Cleanup
[2022-06-13T01:52:35.537+0000][1][safepoint    ] Leaving safepoint region
[2022-06-13T01:52:35.538+0000][1][safepoint    ] Total time for which application threads were stopped: 0.0008680 seconds, Stopping threads took: 0.0004246 seconds
[2022-06-13T01:52:36.538+0000][1][safepoint    ] Application time: 1.0002240 seconds
[2022-06-13T01:52:36.538+0000][1][safepoint    ] Entering safepoint region: Cleanup
[2022-06-13T01:52:36.539+0000][1][safepoint    ] Leaving safepoint region
[2022-06-13T01:52:36.540+0000][1][safepoint    ] Total time for which application threads were stopped: 0.0012356 seconds, Stopping threads took: 0.0006278 seconds
[2022-06-13T01:52:37.540+0000][1][safepoint    ] Application time: 1.0002703 seconds
[2022-06-13T01:52:37.541+0000][1][safepoint    ] Entering safepoint region: Cleanup
[2022-06-13T01:52:37.542+0000][1][safepoint    ] Leaving safepoint region
[2022-06-13T01:52:37.543+0000][1][safepoint    ] Total time for which application threads were stopped: 0.0017137 seconds, Stopping threads took: 0.0007520 seconds
[2022-06-13T01:52:38.543+0000][1][safepoint    ] Application time: 1.0002401 seconds
[2022-06-13T01:52:38.544+0000][1][safepoint    ] Entering safepoint region: Cleanup
[2022-06-13T01:52:38.544+0000][1][safepoint    ] Leaving safepoint region
[2022-06-13T01:52:38.545+0000][1][safepoint    ] Total time for which application threads were stopped: 0.0010393 seconds, Stopping threads took: 0.0004703 seconds
[2022-06-13T01:52:39.545+0000][1][safepoint    ] Application time: 1.0002768 seconds
[2022-06-13T01:52:39.546+0000][1][safepoint    ] Entering safepoint region: Cleanup
[2022-06-13T01:52:39.546+0000][1][safepoint    ] Leaving safepoint region
[2022-06-13T01:52:39.547+0000][1][safepoint    ] Total time for which application threads were stopped: 0.0009053 seconds, Stopping threads took: 0.0003247 seconds
[2022-06-13T01:52:40.547+0000][1][safepoint    ] Application time: 1.0002866 seconds
[2022-06-13T01:52:40.548+0000][1][safepoint    ] Entering safepoint region: Cleanup
[2022-06-13T01:52:40.549+0000][1][safepoint    ] Leaving safepoint region
[2022-06-13T01:52:40.550+0000][1][safepoint    ] Total time for which application threads were stopped: 0.0019188 seconds, Stopping threads took: 0.0009112 seconds
[2022-06-13T01:52:41.551+0000][1][safepoint    ] Application time: 1.0003235 seconds
[2022-06-13T01:52:41.552+0000][1][safepoint    ] Entering safepoint region: Cleanup
[2022-06-13T01:52:41.552+0000][1][safepoint    ] Leaving safepoint region
[2022-06-13T01:52:41.553+0000][1][safepoint    ] Total time for which application threads were stopped: 0.0014025 seconds, Stopping threads took: 0.0006103 seconds
[2022-06-13T01:52:42.554+0000][1][safepoint    ] Application time: 1.0002038 seconds
[2022-06-13T01:52:42.554+0000][1][safepoint    ] Entering safepoint region: Cleanup
[2022-06-13T01:52:42.555+0000][1][safepoint    ] Leaving safepoint region
[2022-06-13T01:52:42.555+0000][1][safepoint    ] Total time for which application threads were stopped: 0.0010388 seconds, Stopping threads took: 0.0005950 seconds
[2022-06-13T01:52:43.555+0000][1][safepoint    ] Application time: 1.0002056 seconds
[2022-06-13T01:52:43.556+0000][1][safepoint    ] Entering safepoint region: Cleanup
[2022-06-13T01:52:43.557+0000][1][safepoint    ] Leaving safepoint region
[2022-06-13T01:52:43.557+0000][1][safepoint    ] Total time for which application threads were stopped: 0.0014594 seconds, Stopping threads took: 0.0006119 seconds
[2022-06-13T01:52:44.558+0000][1][safepoint    ] Application time: 1.0002354 seconds
[2022-06-13T01:52:44.559+0000][1][safepoint    ] Entering safepoint region: Cleanup
[2022-06-13T01:52:44.559+0000][1][safepoint    ] Leaving safepoint region
[2022-06-13T01:52:44.560+0000][1][safepoint    ] Total time for which application threads were stopped: 0.0011949 seconds, Stopping threads took: 0.0005759 seconds
[2022-06-13T01:52:45.561+0000][1][safepoint    ] Application time: 1.0003357 seconds
[2022-06-13T01:52:45.562+0000][1][safepoint    ] Entering safepoint region: Cleanup
[2022-06-13T01:52:45.562+0000][1][safepoint    ] Leaving safepoint region
[2022-06-13T01:52:45.563+0000][1][safepoint    ] Total time for which application threads were stopped: 0.0013864 seconds, Stopping threads took: 0.0006186 seconds
[2022-06-13T01:52:46.564+0000][1][safepoint    ] Application time: 1.0002740 seconds
[2022-06-13T01:52:46.564+0000][1][safepoint    ] Entering safepoint region: Cleanup
[2022-06-13T01:52:46.565+0000][1][safepoint    ] Leaving safepoint region
[2022-06-13T01:52:46.565+0000][1][safepoint    ] Total time for which application threads were stopped: 0.0010550 seconds, Stopping threads took: 0.0004572 seconds
[2022-06-13T01:52:47.566+0000][1][safepoint    ] Application time: 1.0002014 seconds
[2022-06-13T01:52:47.567+0000][1][safepoint    ] Entering safepoint region: Cleanup
[2022-06-13T01:52:47.568+0000][1][safepoint    ] Leaving safepoint region
[2022-06-13T01:52:47.568+0000][1][safepoint    ] Total time for which application threads were stopped: 0.0016900 seconds, Stopping threads took: 0.0006327 seconds
[2022-06-13T01:52:48.569+0000][1][safepoint    ] Application time: 1.0002564 seconds
[2022-06-13T01:52:48.570+0000][1][safepoint    ] Entering safepoint region: Cleanup
[2022-06-13T01:52:48.571+0000][1][safepoint    ] Leaving safepoint region
[2022-06-13T01:52:48.571+0000][1][safepoint    ] Total time for which application threads were stopped: 0.0012944 seconds, Stopping threads took: 0.0007850 seconds
[2022-06-13T01:52:49.572+0000][1][safepoint    ] Application time: 1.0003555 seconds
[2022-06-13T01:52:49.573+0000][1][safepoint    ] Entering safepoint region: Cleanup
[2022-06-13T01:52:49.573+0000][1][safepoint    ] Leaving safepoint region
[2022-06-13T01:52:49.574+0000][1][safepoint    ] Total time for which application threads were stopped: 0.0011811 seconds, Stopping threads took: 0.0005950 seconds
[2022-06-13T01:52:50.575+0000][1][safepoint    ] Application time: 1.0002614 seconds
[2022-06-13T01:52:50.575+0000][1][safepoint    ] Entering safepoint region: Cleanup
[2022-06-13T01:52:50.576+0000][1][safepoint    ] Leaving safepoint region
[2022-06-13T01:52:50.577+0000][1][safepoint    ] Total time for which application threads were stopped: 0.0014960 seconds, Stopping threads took: 0.0007347 seconds
[2022-06-13T01:52:51.578+0000][1][safepoint    ] Application time: 1.0003062 seconds
[2022-06-13T01:52:51.578+0000][1][safepoint    ] Entering safepoint region: Cleanup
[2022-06-13T01:52:51.579+0000][1][safepoint    ] Leaving safepoint region
[2022-06-13T01:52:51.579+0000][1][safepoint    ] Total time for which application threads were stopped: 0.0010475 seconds, Stopping threads took: 0.0005610 seconds
[2022-06-13T01:52:52.580+0000][1][safepoint    ] Application time: 1.0003329 seconds
[2022-06-13T01:52:52.581+0000][1][safepoint    ] Entering safepoint region: Cleanup
[2022-06-13T01:52:52.581+0000][1][safepoint    ] Leaving safepoint region
[2022-06-13T01:52:52.582+0000][1][safepoint    ] Total time for which application threads were stopped: 0.0015833 seconds, Stopping threads took: 0.0005350 seconds
[2022-06-13T01:52:53.583+0000][1][safepoint    ] Application time: 1.0002214 seconds
[2022-06-13T01:52:53.584+0000][1][safepoint    ] Entering safepoint region: Cleanup
[2022-06-13T01:52:53.584+0000][1][safepoint    ] Leaving safepoint region
[2022-06-13T01:52:53.584+0000][1][safepoint    ] Total time for which application threads were stopped: 0.0008692 seconds, Stopping threads took: 0.0003658 seconds
[2022-06-13T01:52:54.585+0000][1][safepoint    ] Application time: 1.0002573 seconds
[2022-06-13T01:52:54.586+0000][1][safepoint    ] Entering safepoint region: Cleanup
[2022-06-13T01:52:54.586+0000][1][safepoint    ] Leaving safepoint region
[2022-06-13T01:52:54.587+0000][1][safepoint    ] Total time for which application threads were stopped: 0.0011233 seconds, Stopping threads took: 0.0005466 seconds
[2022-06-13T01:52:55.587+0000][1][safepoint    ] Application time: 1.0001744 seconds
[2022-06-13T01:52:55.588+0000][1][safepoint    ] Entering safepoint region: Cleanup
[2022-06-13T01:52:55.588+0000][1][safepoint    ] Leaving safepoint region
[2022-06-13T01:52:55.589+0000][1][safepoint    ] Total time for which application threads were stopped: 0.0008345 seconds, Stopping threads took: 0.0003010 seconds
[2022-06-13T01:52:56.589+0000][1][safepoint    ] Application time: 1.0003952 seconds
[2022-06-13T01:52:56.590+0000][1][safepoint    ] Entering safepoint region: Cleanup
[2022-06-13T01:52:56.591+0000][1][safepoint    ] Leaving safepoint region
[2022-06-13T01:52:56.591+0000][1][safepoint    ] Total time for which application threads were stopped: 0.0008302 seconds, Stopping threads took: 0.0003450 seconds
[2022-06-13T01:52:57.592+0000][1][safepoint    ] Application time: 1.0003003 seconds
[2022-06-13T01:52:57.592+0000][1][safepoint    ] Entering safepoint region: Cleanup
[2022-06-13T01:52:57.593+0000][1][safepoint    ] Leaving safepoint region
[2022-06-13T01:52:57.593+0000][1][safepoint    ] Total time for which application threads were stopped: 0.0008804 seconds, Stopping threads took: 0.0004982 seconds
[2022-06-13T01:52:58.593+0000][1][safepoint    ] Application time: 1.0002477 seconds
[2022-06-13T01:52:58.594+0000][1][safepoint    ] Entering safepoint region: Cleanup
[2022-06-13T01:52:58.594+0000][1][safepoint    ] Leaving safepoint region
[2022-06-13T01:52:58.595+0000][1][safepoint    ] Total time for which application threads were stopped: 0.0010780 seconds, Stopping threads took: 0.0003883 seconds
[2022-06-13T01:52:59.595+0000][1][safepoint    ] Application time: 1.0001974 seconds
[2022-06-13T01:52:59.596+0000][1][safepoint    ] Entering safepoint region: Cleanup
[2022-06-13T01:52:59.596+0000][1][safepoint    ] Leaving safepoint region
[2022-06-13T01:52:59.597+0000][1][safepoint    ] Total time for which application threads were stopped: 0.0009646 seconds, Stopping threads took: 0.0005050 seconds
[2022-06-13T01:53:00.597+0000][1][safepoint    ] Application time: 1.0001512 seconds
[2022-06-13T01:53:00.598+0000][1][safepoint    ] Entering safepoint region: Cleanup
[2022-06-13T01:53:00.598+0000][1][safepoint    ] Leaving safepoint region
[2022-06-13T01:53:00.599+0000][1][safepoint    ] Total time for which application threads were stopped: 0.0010211 seconds, Stopping threads took: 0.0004082 seconds
[2022-06-13T01:53:01.599+0000][1][safepoint    ] Application time: 1.0001832 seconds
[2022-06-13T01:53:01.600+0000][1][safepoint    ] Entering safepoint region: Cleanup
[2022-06-13T01:53:01.600+0000][1][safepoint    ] Leaving safepoint region
[2022-06-13T01:53:01.600+0000][1][safepoint    ] Total time for which application threads were stopped: 0.0006880 seconds, Stopping threads took: 0.0002123 seconds
[2022-06-13T01:53:02.601+0000][1][safepoint    ] Application time: 1.0001846 seconds
[2022-06-13T01:53:02.601+0000][1][safepoint    ] Entering safepoint region: Cleanup
[2022-06-13T01:53:02.602+0000][1][safepoint    ] Leaving safepoint region
[2022-06-13T01:53:02.602+0000][1][safepoint    ] Total time for which application threads were stopped: 0.0008562 seconds, Stopping threads took: 0.0003434 seconds
[2022-06-13T01:53:03.603+0000][1][safepoint    ] Application time: 1.0001697 seconds
[2022-06-13T01:53:03.603+0000][1][safepoint    ] Entering safepoint region: Cleanup
[2022-06-13T01:53:03.603+0000][1][safepoint    ] Leaving safepoint region
[2022-06-13T01:53:03.603+0000][1][safepoint    ] Total time for which application threads were stopped: 0.0004566 seconds, Stopping threads took: 0.0002001 seconds
[2022-06-13T01:53:04.604+0000][1][safepoint    ] Application time: 1.0001873 seconds
[2022-06-13T01:53:04.604+0000][1][safepoint    ] Entering safepoint region: Cleanup
[2022-06-13T01:53:04.605+0000][1][safepoint    ] Leaving safepoint region
[2022-06-13T01:53:04.605+0000][1][safepoint    ] Total time for which application threads were stopped: 0.0011002 seconds, Stopping threads took: 0.0005792 seconds
[2022-06-13T01:53:05.606+0000][1][safepoint    ] Application time: 1.0002097 seconds
[2022-06-13T01:53:05.606+0000][1][safepoint    ] Entering safepoint region: Cleanup
[2022-06-13T01:53:05.607+0000][1][safepoint    ] Leaving safepoint region
[2022-06-13T01:53:05.607+0000][1][safepoint    ] Total time for which application threads were stopped: 0.0006831 seconds, Stopping threads took: 0.0003159 seconds
[2022-06-13T01:53:06.607+0000][1][safepoint    ] Application time: 1.0001996 seconds
[2022-06-13T01:53:06.608+0000][1][safepoint    ] Entering safepoint region: Cleanup
[2022-06-13T01:53:06.608+0000][1][safepoint    ] Leaving safepoint region
[2022-06-13T01:53:06.609+0000][1][safepoint    ] Total time for which application threads were stopped: 0.0005790 seconds, Stopping threads took: 0.0002182 seconds
[2022-06-13T01:53:07.609+0000][1][safepoint    ] Application time: 1.0002909 seconds
[2022-06-13T01:53:07.610+0000][1][safepoint    ] Entering safepoint region: Cleanup
[2022-06-13T01:53:07.611+0000][1][safepoint    ] Leaving safepoint region
[2022-06-13T01:53:07.611+0000][1][safepoint    ] Total time for which application threads were stopped: 0.0017058 seconds, Stopping threads took: 0.0007744 seconds
[2022-06-13T01:53:08.612+0000][1][safepoint    ] Application time: 1.0001616 seconds
[2022-06-13T01:53:08.612+0000][1][safepoint    ] Entering safepoint region: Cleanup
[2022-06-13T01:53:08.613+0000][1][safepoint    ] Leaving safepoint region
[2022-06-13T01:53:08.613+0000][1][safepoint    ] Total time for which application threads were stopped: 0.0008595 seconds, Stopping threads took: 0.0002665 seconds
[2022-06-13T01:53:09.613+0000][1][safepoint    ] Application time: 1.0001814 seconds
[2022-06-13T01:53:09.614+0000][1][safepoint    ] Entering safepoint region: Cleanup
[2022-06-13T01:53:09.614+0000][1][safepoint    ] Leaving safepoint region
[2022-06-13T01:53:09.614+0000][1][safepoint    ] Total time for which application threads were stopped: 0.0004685 seconds, Stopping threads took: 0.0001872 seconds
[2022-06-13T01:53:10.615+0000][1][safepoint    ] Application time: 1.0001801 seconds
[2022-06-13T01:53:10.615+0000][1][safepoint    ] Entering safepoint region: Cleanup
[2022-06-13T01:53:10.616+0000][1][safepoint    ] Leaving safepoint region
[2022-06-13T01:53:10.616+0000][1][safepoint    ] Total time for which application threads were stopped: 0.0008155 seconds, Stopping threads took: 0.0003377 seconds
[2022-06-13T01:53:11.616+0000][1][safepoint    ] Application time: 1.0001210 seconds
[2022-06-13T01:53:11.617+0000][1][safepoint    ] Entering safepoint region: Cleanup
[2022-06-13T01:53:11.618+0000][1][safepoint    ] Leaving safepoint region
[2022-06-13T01:53:11.618+0000][1][safepoint    ] Total time for which application threads were stopped: 0.0009399 seconds, Stopping threads took: 0.0003910 seconds
[2022-06-13T01:53:12.619+0000][1][safepoint    ] Application time: 1.0002211 seconds
[2022-06-13T01:53:12.619+0000][1][safepoint    ] Entering safepoint region: Cleanup
[2022-06-13T01:53:12.620+0000][1][safepoint    ] Leaving safepoint region
[2022-06-13T01:53:12.620+0000][1][safepoint    ] Total time for which application threads were stopped: 0.0011888 seconds, Stopping threads took: 0.0005040 seconds
[2022-06-13T01:53:13.621+0000][1][safepoint    ] Application time: 1.0002772 seconds
[2022-06-13T01:53:13.622+0000][1][safepoint    ] Entering safepoint region: Cleanup
[2022-06-13T01:53:13.623+0000][1][safepoint    ] Leaving safepoint region
[2022-06-13T01:53:13.624+0000][1][safepoint    ] Total time for which application threads were stopped: 0.0013111 seconds, Stopping threads took: 0.0006327 seconds
[2022-06-13T01:53:14.624+0000][1][safepoint    ] Application time: 1.0001763 seconds
[2022-06-13T01:53:14.625+0000][1][safepoint    ] Entering safepoint region: Cleanup
[2022-06-13T01:53:14.626+0000][1][safepoint    ] Leaving safepoint region
[2022-06-13T01:53:14.626+0000][1][safepoint    ] Total time for which application threads were stopped: 0.0012607 seconds, Stopping threads took: 0.0006023 seconds
[2022-06-13T01:53:15.627+0000][1][safepoint    ] Application time: 1.0003352 seconds
[2022-06-13T01:53:15.628+0000][1][safepoint    ] Entering safepoint region: Cleanup
[2022-06-13T01:53:15.629+0000][1][safepoint    ] Leaving safepoint region
[2022-06-13T01:53:15.630+0000][1][safepoint    ] Total time for which application threads were stopped: 0.0015539 seconds, Stopping threads took: 0.0008029 seconds
[2022-06-13T01:53:16.631+0000][1][safepoint    ] Application time: 1.0001448 seconds
[2022-06-13T01:53:16.631+0000][1][safepoint    ] Entering safepoint region: Cleanup
[2022-06-13T01:53:16.632+0000][1][safepoint    ] Leaving safepoint region
[2022-06-13T01:53:16.632+0000][1][safepoint    ] Total time for which application threads were stopped: 0.0009543 seconds, Stopping threads took: 0.0003652 seconds
[2022-06-13T01:53:17.633+0000][1][safepoint    ] Application time: 1.0002993 seconds
[2022-06-13T01:53:17.634+0000][1][safepoint    ] Entering safepoint region: Cleanup
[2022-06-13T01:53:17.635+0000][1][safepoint    ] Leaving safepoint region
[2022-06-13T01:53:17.636+0000][1][safepoint    ] Total time for which application threads were stopped: 0.0020076 seconds, Stopping threads took: 0.0008402 seconds
[2022-06-13T01:53:18.637+0000][1][safepoint    ] Application time: 1.0002790 seconds
[2022-06-13T01:53:18.638+0000][1][safepoint    ] Entering safepoint region: Cleanup
[2022-06-13T01:53:18.639+0000][1][safepoint    ] Leaving safepoint region
[2022-06-13T01:53:18.640+0000][1][safepoint    ] Total time for which application threads were stopped: 0.0017138 seconds, Stopping threads took: 0.0008261 seconds
[2022-06-13T01:53:19.641+0000][1][safepoint    ] Application time: 1.0004000 seconds
[2022-06-13T01:53:19.641+0000][1][safepoint    ] Entering safepoint region: Cleanup
[2022-06-13T01:53:19.642+0000][1][safepoint    ] Leaving safepoint region
[2022-06-13T01:53:19.643+0000][1][safepoint    ] Total time for which application threads were stopped: 0.0011419 seconds, Stopping threads took: 0.0004553 seconds
[2022-06-13T01:53:20.643+0000][1][safepoint    ] Application time: 1.0002913 seconds
[2022-06-13T01:53:20.644+0000][1][safepoint    ] Entering safepoint region: Cleanup
[2022-06-13T01:53:20.645+0000][1][safepoint    ] Leaving safepoint region
[2022-06-13T01:53:20.646+0000][1][safepoint    ] Total time for which application threads were stopped: 0.0014161 seconds, Stopping threads took: 0.0006308 seconds
[2022-06-13T01:53:21.646+0000][1][safepoint    ] Application time: 1.0001970 seconds
[2022-06-13T01:53:21.647+0000][1][safepoint    ] Entering safepoint region: Cleanup
[2022-06-13T01:53:21.648+0000][1][safepoint    ] Leaving safepoint region
[2022-06-13T01:53:21.648+0000][1][safepoint    ] Total time for which application threads were stopped: 0.0011754 seconds, Stopping threads took: 0.0005622 seconds
[2022-06-13T01:53:22.649+0000][1][safepoint    ] Application time: 1.0002079 seconds
[2022-06-13T01:53:22.650+0000][1][safepoint    ] Entering safepoint region: Cleanup
[2022-06-13T01:53:22.650+0000][1][safepoint    ] Leaving safepoint region
[2022-06-13T01:53:22.651+0000][1][safepoint    ] Total time for which application threads were stopped: 0.0012587 seconds, Stopping threads took: 0.0004283 seconds
[2022-06-13T01:53:23.652+0000][1][safepoint    ] Application time: 1.0002724 seconds
[2022-06-13T01:53:23.653+0000][1][safepoint    ] Entering safepoint region: Cleanup
[2022-06-13T01:53:23.654+0000][1][safepoint    ] Leaving safepoint region
[2022-06-13T01:53:23.654+0000][1][safepoint    ] Total time for which application threads were stopped: 0.0015235 seconds, Stopping threads took: 0.0006424 seconds
[2022-06-13T01:53:24.655+0000][1][safepoint    ] Application time: 1.0002388 seconds
[2022-06-13T01:53:24.656+0000][1][safepoint    ] Entering safepoint region: Cleanup
[2022-06-13T01:53:24.657+0000][1][safepoint    ] Leaving safepoint region
[2022-06-13T01:53:24.658+0000][1][safepoint    ] Total time for which application threads were stopped: 0.0012702 seconds, Stopping threads took: 0.0006894 seconds
[2022-06-13T01:53:25.659+0000][1][safepoint    ] Application time: 1.0004385 seconds
[2022-06-13T01:53:25.660+0000][1][safepoint    ] Entering safepoint region: Cleanup
[2022-06-13T01:53:25.660+0000][1][safepoint    ] Leaving safepoint region
[2022-06-13T01:53:25.661+0000][1][safepoint    ] Total time for which application threads were stopped: 0.0015937 seconds, Stopping threads took: 0.0006268 seconds
[2022-06-13T01:53:26.662+0000][1][safepoint    ] Application time: 1.0001335 seconds
[2022-06-13T01:53:26.663+0000][1][safepoint    ] Entering safepoint region: Cleanup
[2022-06-13T01:53:26.663+0000][1][safepoint    ] Leaving safepoint region
[2022-06-13T01:53:26.664+0000][1][safepoint    ] Total time for which application threads were stopped: 0.0012166 seconds, Stopping threads took: 0.0005551 seconds
[2022-06-13T01:53:27.664+0000][1][safepoint    ] Application time: 1.0001942 seconds
[2022-06-13T01:53:27.665+0000][1][safepoint    ] Entering safepoint region: Cleanup
[2022-06-13T01:53:27.666+0000][1][safepoint    ] Leaving safepoint region
[2022-06-13T01:53:27.667+0000][1][safepoint    ] Total time for which application threads were stopped: 0.0016396 seconds, Stopping threads took: 0.0004702 seconds
[2022-06-13T01:53:28.668+0000][1][safepoint    ] Application time: 1.0002918 seconds
[2022-06-13T01:53:28.668+0000][1][safepoint    ] Entering safepoint region: Cleanup
[2022-06-13T01:53:28.669+0000][1][safepoint    ] Leaving safepoint region
[2022-06-13T01:53:28.670+0000][1][safepoint    ] Total time for which application threads were stopped: 0.0019286 seconds, Stopping threads took: 0.0007865 seconds
[2022-06-13T01:53:29.671+0000][1][safepoint    ] Application time: 1.0002515 seconds
[2022-06-13T01:53:29.672+0000][1][safepoint    ] Entering safepoint region: Cleanup
[2022-06-13T01:53:29.672+0000][1][safepoint    ] Leaving safepoint region
[2022-06-13T01:53:29.672+0000][1][safepoint    ] Total time for which application threads were stopped: 0.0007838 seconds, Stopping threads took: 0.0003817 seconds
[2022-06-13T01:53:30.673+0000][1][safepoint    ] Application time: 1.0002966 seconds
[2022-06-13T01:53:30.674+0000][1][safepoint    ] Entering safepoint region: Cleanup
[2022-06-13T01:53:30.675+0000][1][safepoint    ] Leaving safepoint region
[2022-06-13T01:53:30.675+0000][1][safepoint    ] Total time for which application threads were stopped: 0.0009239 seconds, Stopping threads took: 0.0005756 seconds
[2022-06-13T01:53:31.676+0000][1][safepoint    ] Application time: 1.0002469 seconds
[2022-06-13T01:53:31.677+0000][1][safepoint    ] Entering safepoint region: Cleanup
[2022-06-13T01:53:31.678+0000][1][safepoint    ] Leaving safepoint region
[2022-06-13T01:53:31.679+0000][1][safepoint    ] Total time for which application threads were stopped: 0.0019848 seconds, Stopping threads took: 0.0008573 seconds
[2022-06-13T01:53:32.679+0000][1][safepoint    ] Application time: 1.0001319 seconds
[2022-06-13T01:53:32.680+0000][1][safepoint    ] Entering safepoint region: Cleanup
[2022-06-13T01:53:32.681+0000][1][safepoint    ] Leaving safepoint region
[2022-06-13T01:53:32.681+0000][1][safepoint    ] Total time for which application threads were stopped: 0.0009657 seconds, Stopping threads took: 0.0004489 seconds
[2022-06-13T01:53:33.682+0000][1][safepoint    ] Application time: 1.0001819 seconds
[2022-06-13T01:53:33.683+0000][1][safepoint    ] Entering safepoint region: Cleanup
[2022-06-13T01:53:33.683+0000][1][safepoint    ] Leaving safepoint region
[2022-06-13T01:53:33.684+0000][1][safepoint    ] Total time for which application threads were stopped: 0.0009560 seconds, Stopping threads took: 0.0004838 seconds
[2022-06-13T01:53:34.684+0000][1][safepoint    ] Application time: 1.0003796 seconds
[2022-06-13T01:53:34.685+0000][1][safepoint    ] Entering safepoint region: Cleanup
[2022-06-13T01:53:34.686+0000][1][safepoint    ] Leaving safepoint region
[2022-06-13T01:53:34.686+0000][1][safepoint    ] Total time for which application threads were stopped: 0.0013593 seconds, Stopping threads took: 0.0005824 seconds
[2022-06-13T01:53:35.687+0000][1][safepoint    ] Application time: 1.0002248 seconds
[2022-06-13T01:53:35.688+0000][1][safepoint    ] Entering safepoint region: Cleanup
[2022-06-13T01:53:35.689+0000][1][safepoint    ] Leaving safepoint region
[2022-06-13T01:53:35.690+0000][1][safepoint    ] Total time for which application threads were stopped: 0.0015181 seconds, Stopping threads took: 0.0006874 seconds
[2022-06-13T01:53:36.691+0000][1][safepoint    ] Application time: 1.0002040 seconds
[2022-06-13T01:53:36.692+0000][1][safepoint    ] Entering safepoint region: Cleanup
[2022-06-13T01:53:36.692+0000][1][safepoint    ] Leaving safepoint region
[2022-06-13T01:53:36.693+0000][1][safepoint    ] Total time for which application threads were stopped: 0.0017824 seconds, Stopping threads took: 0.0006956 seconds
[2022-06-13T01:53:37.695+0000][1][safepoint    ] Application time: 1.0003670 seconds
[2022-06-13T01:53:37.695+0000][1][safepoint    ] Entering safepoint region: Cleanup
[2022-06-13T01:53:37.696+0000][1][safepoint    ] Leaving safepoint region
[2022-06-13T01:53:37.696+0000][1][safepoint    ] Total time for which application threads were stopped: 0.0011309 seconds, Stopping threads took: 0.0005765 seconds
[2022-06-13T01:53:38.697+0000][1][safepoint    ] Application time: 1.0002561 seconds
[2022-06-13T01:53:38.698+0000][1][safepoint    ] Entering safepoint region: Cleanup
[2022-06-13T01:53:38.699+0000][1][safepoint    ] Leaving safepoint region
[2022-06-13T01:53:38.700+0000][1][safepoint    ] Total time for which application threads were stopped: 0.0018285 seconds, Stopping threads took: 0.0008064 seconds
[2022-06-13T01:53:39.113+0000][1][safepoint    ] Application time: 0.4120309 seconds
[2022-06-13T01:53:39.113+0000][1][safepoint    ] Entering safepoint region: GenCollectForAllocation
[2022-06-13T01:53:39.114+0000][1][gc,start     ] GC(22) Pause Young (Allocation Failure)
[2022-06-13T01:53:39.114+0000][1][gc,task      ] GC(22) Using 5 workers of 13 for evacuation
[2022-06-13T01:53:39.123+0000][1][gc,age       ] GC(22) Desired survivor size 4456448 bytes, new threshold 2 (max threshold 6)
[2022-06-13T01:53:39.124+0000][1][gc,age       ] GC(22) Age table with threshold 2 (max threshold 6)
[2022-06-13T01:53:39.124+0000][1][gc,age       ] GC(22) - age   1:     725864 bytes,     725864 total
[2022-06-13T01:53:39.125+0000][1][gc,age       ] GC(22) - age   2:    3813400 bytes,    4539264 total
[2022-06-13T01:53:39.126+0000][1][gc,heap      ] GC(22) ParNew: 78656K->7091K(78656K)
[2022-06-13T01:53:39.127+0000][1][gc,heap      ] GC(22) CMS: 60275K->64506K(174784K)
[2022-06-13T01:53:39.128+0000][1][gc,metaspace ] GC(22) Metaspace: 63663K->63663K(1107968K)
[2022-06-13T01:53:39.129+0000][1][gc           ] GC(22) Pause Young (Allocation Failure) 135M->69M(247M) 15.081ms
[2022-06-13T01:53:39.129+0000][1][gc,cpu       ] GC(22) User=0.04s Sys=0.00s Real=0.02s
[2022-06-13T01:53:39.130+0000][1][safepoint    ] Leaving safepoint region
[2022-06-13T01:53:39.131+0000][1][safepoint    ] Total time for which application threads were stopped: 0.0177692 seconds, Stopping threads took: 0.0002787 seconds
[2022-06-13T01:53:40.132+0000][1][safepoint    ] Application time: 1.0003925 seconds
[2022-06-13T01:53:40.133+0000][1][safepoint    ] Entering safepoint region: Cleanup
[2022-06-13T01:53:40.134+0000][1][safepoint    ] Leaving safepoint region
[2022-06-13T01:53:40.135+0000][1][safepoint    ] Total time for which application threads were stopped: 0.0019773 seconds, Stopping threads took: 0.0007971 seconds
[2022-06-13T01:53:41.136+0000][1][safepoint    ] Application time: 1.0003344 seconds
[2022-06-13T01:53:41.136+0000][1][safepoint    ] Entering safepoint region: Cleanup
[2022-06-13T01:53:41.137+0000][1][safepoint    ] Leaving safepoint region
[2022-06-13T01:53:41.138+0000][1][safepoint    ] Total time for which application threads were stopped: 0.0015612 seconds, Stopping threads took: 0.0006879 seconds
[2022-06-13T01:53:42.139+0000][1][safepoint    ] Application time: 1.0004139 seconds
[2022-06-13T01:53:42.140+0000][1][safepoint    ] Entering safepoint region: Cleanup
[2022-06-13T01:53:42.141+0000][1][safepoint    ] Leaving safepoint region
[2022-06-13T01:53:42.141+0000][1][safepoint    ] Total time for which application threads were stopped: 0.0015020 seconds, Stopping threads took: 0.0005423 seconds
[2022-06-13T01:53:43.142+0000][1][safepoint    ] Application time: 1.0002304 seconds
[2022-06-13T01:53:43.143+0000][1][safepoint    ] Entering safepoint region: Cleanup
[2022-06-13T01:53:43.143+0000][1][safepoint    ] Leaving safepoint region
[2022-06-13T01:53:43.144+0000][1][safepoint    ] Total time for which application threads were stopped: 0.0007743 seconds, Stopping threads took: 0.0002854 seconds
[2022-06-13T01:53:44.144+0000][1][safepoint    ] Application time: 1.0002387 seconds
[2022-06-13T01:53:44.145+0000][1][safepoint    ] Entering safepoint region: Cleanup
[2022-06-13T01:53:44.145+0000][1][safepoint    ] Leaving safepoint region
[2022-06-13T01:53:44.145+0000][1][safepoint    ] Total time for which application threads were stopped: 0.0009032 seconds, Stopping threads took: 0.0004828 seconds
[2022-06-13T01:53:45.146+0000][1][safepoint    ] Application time: 1.0001920 seconds
[2022-06-13T01:53:45.146+0000][1][safepoint    ] Entering safepoint region: Cleanup
[2022-06-13T01:53:45.147+0000][1][safepoint    ] Leaving safepoint region
[2022-06-13T01:53:45.147+0000][1][safepoint    ] Total time for which application threads were stopped: 0.0008360 seconds, Stopping threads took: 0.0003535 seconds
[2022-06-13T01:53:46.148+0000][1][safepoint    ] Application time: 1.0003290 seconds
[2022-06-13T01:53:46.148+0000][1][safepoint    ] Entering safepoint region: Cleanup
[2022-06-13T01:53:46.149+0000][1][safepoint    ] Leaving safepoint region
[2022-06-13T01:53:46.150+0000][1][safepoint    ] Total time for which application threads were stopped: 0.0012840 seconds, Stopping threads took: 0.0006927 seconds
[2022-06-13T01:53:47.150+0000][1][safepoint    ] Application time: 1.0004176 seconds
[2022-06-13T01:53:47.151+0000][1][safepoint    ] Entering safepoint region: Cleanup
[2022-06-13T01:53:47.152+0000][1][safepoint    ] Leaving safepoint region
[2022-06-13T01:53:47.153+0000][1][safepoint    ] Total time for which application threads were stopped: 0.0016037 seconds, Stopping threads took: 0.0005910 seconds
[2022-06-13T01:53:48.154+0000][1][safepoint    ] Application time: 1.0002315 seconds
[2022-06-13T01:53:48.154+0000][1][safepoint    ] Entering safepoint region: Cleanup
[2022-06-13T01:53:48.154+0000][1][safepoint    ] Leaving safepoint region
[2022-06-13T01:53:48.155+0000][1][safepoint    ] Total time for which application threads were stopped: 0.0008125 seconds, Stopping threads took: 0.0003376 seconds
[2022-06-13T01:53:49.155+0000][1][safepoint    ] Application time: 1.0002405 seconds
[2022-06-13T01:53:49.156+0000][1][safepoint    ] Entering safepoint region: Cleanup
[2022-06-13T01:53:49.156+0000][1][safepoint    ] Leaving safepoint region
[2022-06-13T01:53:49.156+0000][1][safepoint    ] Total time for which application threads were stopped: 0.0007161 seconds, Stopping threads took: 0.0002770 seconds
[2022-06-13T01:53:50.157+0000][1][safepoint    ] Application time: 1.0002060 seconds
[2022-06-13T01:53:50.158+0000][1][safepoint    ] Entering safepoint region: Cleanup
[2022-06-13T01:53:50.159+0000][1][safepoint    ] Leaving safepoint region
[2022-06-13T01:53:50.160+0000][1][safepoint    ] Total time for which application threads were stopped: 0.0020174 seconds, Stopping threads took: 0.0010624 seconds
[2022-06-13T01:53:51.160+0000][1][safepoint    ] Application time: 1.0003452 seconds
[2022-06-13T01:53:51.161+0000][1][safepoint    ] Entering safepoint region: Cleanup
[2022-06-13T01:53:51.161+0000][1][safepoint    ] Leaving safepoint region
[2022-06-13T01:53:51.162+0000][1][safepoint    ] Total time for which application threads were stopped: 0.0010435 seconds, Stopping threads took: 0.0002506 seconds
[2022-06-13T01:53:52.162+0000][1][safepoint    ] Application time: 1.0002173 seconds
[2022-06-13T01:53:52.163+0000][1][safepoint    ] Entering safepoint region: Cleanup
[2022-06-13T01:53:52.164+0000][1][safepoint    ] Leaving safepoint region
[2022-06-13T01:53:52.165+0000][1][safepoint    ] Total time for which application threads were stopped: 0.0018626 seconds, Stopping threads took: 0.0008159 seconds
[2022-06-13T01:53:53.166+0000][1][safepoint    ] Application time: 1.0002478 seconds
[2022-06-13T01:53:53.167+0000][1][safepoint    ] Entering safepoint region: Cleanup
[2022-06-13T01:53:53.168+0000][1][safepoint    ] Leaving safepoint region
[2022-06-13T01:53:53.168+0000][1][safepoint    ] Total time for which application threads were stopped: 0.0014382 seconds, Stopping threads took: 0.0007909 seconds
[2022-06-13T01:53:54.169+0000][1][safepoint    ] Application time: 1.0003826 seconds
[2022-06-13T01:53:54.170+0000][1][safepoint    ] Entering safepoint region: Cleanup
[2022-06-13T01:53:54.171+0000][1][safepoint    ] Leaving safepoint region
[2022-06-13T01:53:54.172+0000][1][safepoint    ] Total time for which application threads were stopped: 0.0020050 seconds, Stopping threads took: 0.0008025 seconds
[2022-06-13T01:53:55.173+0000][1][safepoint    ] Application time: 1.0002798 seconds
[2022-06-13T01:53:55.174+0000][1][safepoint    ] Entering safepoint region: Cleanup
[2022-06-13T01:53:55.174+0000][1][safepoint    ] Leaving safepoint region
[2022-06-13T01:53:55.175+0000][1][safepoint    ] Total time for which application threads were stopped: 0.0013380 seconds, Stopping threads took: 0.0006341 seconds
[2022-06-13T01:53:56.176+0000][1][safepoint    ] Application time: 1.0002056 seconds
[2022-06-13T01:53:56.177+0000][1][safepoint    ] Entering safepoint region: Cleanup
[2022-06-13T01:53:56.177+0000][1][safepoint    ] Leaving safepoint region
[2022-06-13T01:53:56.177+0000][1][safepoint    ] Total time for which application threads were stopped: 0.0005956 seconds, Stopping threads took: 0.0002475 seconds
[2022-06-13T01:53:57.178+0000][1][safepoint    ] Application time: 1.0002051 seconds
[2022-06-13T01:53:57.178+0000][1][safepoint    ] Entering safepoint region: Cleanup
[2022-06-13T01:53:57.179+0000][1][safepoint    ] Leaving safepoint region
[2022-06-13T01:53:57.179+0000][1][safepoint    ] Total time for which application threads were stopped: 0.0008242 seconds, Stopping threads took: 0.0004521 seconds
[2022-06-13T01:53:58.179+0000][1][safepoint    ] Application time: 1.0002741 seconds
[2022-06-13T01:53:58.180+0000][1][safepoint    ] Entering safepoint region: Cleanup
[2022-06-13T01:53:58.180+0000][1][safepoint    ] Leaving safepoint region
[2022-06-13T01:53:58.181+0000][1][safepoint    ] Total time for which application threads were stopped: 0.0009535 seconds, Stopping threads took: 0.0004498 seconds
[2022-06-13T01:53:59.181+0000][1][safepoint    ] Application time: 1.0002432 seconds
[2022-06-13T01:53:59.182+0000][1][safepoint    ] Entering safepoint region: Cleanup
[2022-06-13T01:53:59.183+0000][1][safepoint    ] Leaving safepoint region
[2022-06-13T01:53:59.183+0000][1][safepoint    ] Total time for which application threads were stopped: 0.0012344 seconds, Stopping threads took: 0.0004265 seconds
[2022-06-13T01:54:00.184+0000][1][safepoint    ] Application time: 1.0003676 seconds
[2022-06-13T01:54:00.185+0000][1][safepoint    ] Entering safepoint region: Cleanup
[2022-06-13T01:54:00.185+0000][1][safepoint    ] Leaving safepoint region
[2022-06-13T01:54:00.186+0000][1][safepoint    ] Total time for which application threads were stopped: 0.0015467 seconds, Stopping threads took: 0.0007115 seconds
[2022-06-13T01:54:01.187+0000][1][safepoint    ] Application time: 1.0002826 seconds
[2022-06-13T01:54:01.188+0000][1][safepoint    ] Entering safepoint region: Cleanup
[2022-06-13T01:54:01.189+0000][1][safepoint    ] Leaving safepoint region
[2022-06-13T01:54:01.190+0000][1][safepoint    ] Total time for which application threads were stopped: 0.0018010 seconds, Stopping threads took: 0.0007184 seconds
[2022-06-13T01:54:02.191+0000][1][safepoint    ] Application time: 1.0002515 seconds
[2022-06-13T01:54:02.191+0000][1][safepoint    ] Entering safepoint region: Cleanup
[2022-06-13T01:54:02.192+0000][1][safepoint    ] Leaving safepoint region
[2022-06-13T01:54:02.192+0000][1][safepoint    ] Total time for which application threads were stopped: 0.0012927 seconds, Stopping threads took: 0.0006121 seconds
[2022-06-13T01:54:03.193+0000][1][safepoint    ] Application time: 1.0001880 seconds
[2022-06-13T01:54:03.194+0000][1][safepoint    ] Entering safepoint region: Cleanup
[2022-06-13T01:54:03.194+0000][1][safepoint    ] Leaving safepoint region
[2022-06-13T01:54:03.195+0000][1][safepoint    ] Total time for which application threads were stopped: 0.0009718 seconds, Stopping threads took: 0.0003195 seconds
[2022-06-13T01:54:04.195+0000][1][safepoint    ] Application time: 1.0001454 seconds
[2022-06-13T01:54:04.195+0000][1][safepoint    ] Entering safepoint region: Cleanup
[2022-06-13T01:54:04.196+0000][1][safepoint    ] Leaving safepoint region
[2022-06-13T01:54:04.196+0000][1][safepoint    ] Total time for which application threads were stopped: 0.0009602 seconds, Stopping threads took: 0.0002533 seconds
[2022-06-13T01:54:05.197+0000][1][safepoint    ] Application time: 1.0001923 seconds
[2022-06-13T01:54:05.197+0000][1][safepoint    ] Entering safepoint region: Cleanup
[2022-06-13T01:54:05.198+0000][1][safepoint    ] Leaving safepoint region
[2022-06-13T01:54:05.199+0000][1][safepoint    ] Total time for which application threads were stopped: 0.0017196 seconds, Stopping threads took: 0.0008467 seconds
[2022-06-13T01:54:06.200+0000][1][safepoint    ] Application time: 1.0003453 seconds
[2022-06-13T01:54:06.201+0000][1][safepoint    ] Entering safepoint region: Cleanup
[2022-06-13T01:54:06.201+0000][1][safepoint    ] Leaving safepoint region
[2022-06-13T01:54:06.201+0000][1][safepoint    ] Total time for which application threads were stopped: 0.0009430 seconds, Stopping threads took: 0.0003656 seconds
[2022-06-13T01:54:07.202+0000][1][safepoint    ] Application time: 1.0001786 seconds
[2022-06-13T01:54:07.203+0000][1][safepoint    ] Entering safepoint region: Cleanup
[2022-06-13T01:54:07.203+0000][1][safepoint    ] Leaving safepoint region
[2022-06-13T01:54:07.204+0000][1][safepoint    ] Total time for which application threads were stopped: 0.0012767 seconds, Stopping threads took: 0.0006015 seconds
[2022-06-13T01:54:08.204+0000][1][safepoint    ] Application time: 1.0001523 seconds
[2022-06-13T01:54:08.205+0000][1][safepoint    ] Entering safepoint region: Cleanup
[2022-06-13T01:54:08.206+0000][1][safepoint    ] Leaving safepoint region
[2022-06-13T01:54:08.207+0000][1][safepoint    ] Total time for which application threads were stopped: 0.0018376 seconds, Stopping threads took: 0.0009016 seconds
[2022-06-13T01:54:09.208+0000][1][safepoint    ] Application time: 1.0002405 seconds
[2022-06-13T01:54:09.208+0000][1][safepoint    ] Entering safepoint region: Cleanup
[2022-06-13T01:54:09.208+0000][1][safepoint    ] Leaving safepoint region
[2022-06-13T01:54:09.209+0000][1][safepoint    ] Total time for which application threads were stopped: 0.0007495 seconds, Stopping threads took: 0.0003654 seconds
[2022-06-13T01:54:10.209+0000][1][safepoint    ] Application time: 1.0003044 seconds
[2022-06-13T01:54:10.210+0000][1][safepoint    ] Entering safepoint region: Cleanup
[2022-06-13T01:54:10.210+0000][1][safepoint    ] Leaving safepoint region
[2022-06-13T01:54:10.211+0000][1][safepoint    ] Total time for which application threads were stopped: 0.0010485 seconds, Stopping threads took: 0.0004028 seconds
[2022-06-13T01:54:11.211+0000][1][safepoint    ] Application time: 1.0001216 seconds
[2022-06-13T01:54:11.212+0000][1][safepoint    ] Entering safepoint region: Cleanup
[2022-06-13T01:54:11.212+0000][1][safepoint    ] Leaving safepoint region
[2022-06-13T01:54:11.213+0000][1][safepoint    ] Total time for which application threads were stopped: 0.0010037 seconds, Stopping threads took: 0.0004362 seconds
[2022-06-13T01:54:12.213+0000][1][safepoint    ] Application time: 1.0002588 seconds
[2022-06-13T01:54:12.214+0000][1][safepoint    ] Entering safepoint region: Cleanup
[2022-06-13T01:54:12.215+0000][1][safepoint    ] Leaving safepoint region
[2022-06-13T01:54:12.215+0000][1][safepoint    ] Total time for which application threads were stopped: 0.0012216 seconds, Stopping threads took: 0.0006168 seconds
[2022-06-13T01:54:13.216+0000][1][safepoint    ] Application time: 1.0002676 seconds
[2022-06-13T01:54:13.217+0000][1][safepoint    ] Entering safepoint region: Cleanup
[2022-06-13T01:54:13.218+0000][1][safepoint    ] Leaving safepoint region
[2022-06-13T01:54:13.219+0000][1][safepoint    ] Total time for which application threads were stopped: 0.0016733 seconds, Stopping threads took: 0.0006880 seconds
[2022-06-13T01:54:14.219+0000][1][safepoint    ] Application time: 1.0001748 seconds
[2022-06-13T01:54:14.220+0000][1][safepoint    ] Entering safepoint region: Cleanup
[2022-06-13T01:54:14.220+0000][1][safepoint    ] Leaving safepoint region
[2022-06-13T01:54:14.221+0000][1][safepoint    ] Total time for which application threads were stopped: 0.0011169 seconds, Stopping threads took: 0.0003209 seconds
[2022-06-13T01:54:15.221+0000][1][safepoint    ] Application time: 1.0002341 seconds
[2022-06-13T01:54:15.222+0000][1][safepoint    ] Entering safepoint region: Cleanup
[2022-06-13T01:54:15.223+0000][1][safepoint    ] Leaving safepoint region
[2022-06-13T01:54:15.223+0000][1][safepoint    ] Total time for which application threads were stopped: 0.0011661 seconds, Stopping threads took: 0.0006690 seconds
[2022-06-13T01:54:16.223+0000][1][safepoint    ] Application time: 1.0002564 seconds
[2022-06-13T01:54:16.224+0000][1][safepoint    ] Entering safepoint region: Cleanup
[2022-06-13T01:54:16.225+0000][1][safepoint    ] Leaving safepoint region
[2022-06-13T01:54:16.225+0000][1][safepoint    ] Total time for which application threads were stopped: 0.0012561 seconds, Stopping threads took: 0.0005490 seconds
[2022-06-13T01:54:17.226+0000][1][safepoint    ] Application time: 1.0002796 seconds
[2022-06-13T01:54:17.226+0000][1][safepoint    ] Entering safepoint region: Cleanup
[2022-06-13T01:54:17.227+0000][1][safepoint    ] Leaving safepoint region
[2022-06-13T01:54:17.227+0000][1][safepoint    ] Total time for which application threads were stopped: 0.0010723 seconds, Stopping threads took: 0.0002774 seconds
[2022-06-13T01:54:18.228+0000][1][safepoint    ] Application time: 1.0003003 seconds
[2022-06-13T01:54:18.228+0000][1][safepoint    ] Entering safepoint region: Cleanup
[2022-06-13T01:54:18.229+0000][1][safepoint    ] Leaving safepoint region
[2022-06-13T01:54:18.230+0000][1][safepoint    ] Total time for which application threads were stopped: 0.0013489 seconds, Stopping threads took: 0.0006121 seconds
[2022-06-13T01:54:19.231+0000][1][safepoint    ] Application time: 1.0003286 seconds
[2022-06-13T01:54:19.231+0000][1][safepoint    ] Entering safepoint region: Cleanup
[2022-06-13T01:54:19.232+0000][1][safepoint    ] Leaving safepoint region
[2022-06-13T01:54:19.232+0000][1][safepoint    ] Total time for which application threads were stopped: 0.0009383 seconds, Stopping threads took: 0.0006168 seconds
[2022-06-13T01:54:20.233+0000][1][safepoint    ] Application time: 1.0001705 seconds
[2022-06-13T01:54:20.233+0000][1][safepoint    ] Entering safepoint region: Cleanup
[2022-06-13T01:54:20.234+0000][1][safepoint    ] Leaving safepoint region
[2022-06-13T01:54:20.234+0000][1][safepoint    ] Total time for which application threads were stopped: 0.0008777 seconds, Stopping threads took: 0.0004196 seconds
[2022-06-13T01:54:21.235+0000][1][safepoint    ] Application time: 1.0003165 seconds
[2022-06-13T01:54:21.236+0000][1][safepoint    ] Entering safepoint region: Cleanup
[2022-06-13T01:54:21.236+0000][1][safepoint    ] Leaving safepoint region
[2022-06-13T01:54:21.237+0000][1][safepoint    ] Total time for which application threads were stopped: 0.0014992 seconds, Stopping threads took: 0.0006622 seconds
[2022-06-13T01:54:22.238+0000][1][safepoint    ] Application time: 1.0002352 seconds
[2022-06-13T01:54:22.239+0000][1][safepoint    ] Entering safepoint region: Cleanup
[2022-06-13T01:54:22.239+0000][1][safepoint    ] Leaving safepoint region
[2022-06-13T01:54:22.240+0000][1][safepoint    ] Total time for which application threads were stopped: 0.0009409 seconds, Stopping threads took: 0.0002651 seconds
[2022-06-13T01:54:23.240+0000][1][safepoint    ] Application time: 1.0001921 seconds
[2022-06-13T01:54:23.241+0000][1][safepoint    ] Entering safepoint region: Cleanup
[2022-06-13T01:54:23.242+0000][1][safepoint    ] Leaving safepoint region
[2022-06-13T01:54:23.242+0000][1][safepoint    ] Total time for which application threads were stopped: 0.0013717 seconds, Stopping threads took: 0.0005394 seconds
[2022-06-13T01:54:24.243+0000][1][safepoint    ] Application time: 1.0002115 seconds
[2022-06-13T01:54:24.244+0000][1][safepoint    ] Entering safepoint region: Cleanup
[2022-06-13T01:54:24.244+0000][1][safepoint    ] Leaving safepoint region
[2022-06-13T01:54:24.245+0000][1][safepoint    ] Total time for which application threads were stopped: 0.0009687 seconds, Stopping threads took: 0.0004985 seconds
[2022-06-13T01:54:25.245+0000][1][safepoint    ] Application time: 1.0001379 seconds
[2022-06-13T01:54:25.246+0000][1][safepoint    ] Entering safepoint region: Cleanup
[2022-06-13T01:54:25.247+0000][1][safepoint    ] Leaving safepoint region
[2022-06-13T01:54:25.247+0000][1][safepoint    ] Total time for which application threads were stopped: 0.0010250 seconds, Stopping threads took: 0.0004680 seconds
[2022-06-13T01:54:26.247+0000][1][safepoint    ] Application time: 1.0001255 seconds
[2022-06-13T01:54:26.248+0000][1][safepoint    ] Entering safepoint region: Cleanup
[2022-06-13T01:54:26.248+0000][1][safepoint    ] Leaving safepoint region
[2022-06-13T01:54:26.249+0000][1][safepoint    ] Total time for which application threads were stopped: 0.0006992 seconds, Stopping threads took: 0.0002208 seconds
[2022-06-13T01:54:27.249+0000][1][safepoint    ] Application time: 1.0003094 seconds
[2022-06-13T01:54:27.250+0000][1][safepoint    ] Entering safepoint region: Cleanup
[2022-06-13T01:54:27.251+0000][1][safepoint    ] Leaving safepoint region
[2022-06-13T01:54:27.251+0000][1][safepoint    ] Total time for which application threads were stopped: 0.0014746 seconds, Stopping threads took: 0.0006484 seconds
[2022-06-13T01:54:28.252+0000][1][safepoint    ] Application time: 1.0002425 seconds
[2022-06-13T01:54:28.271+0000][1][safepoint    ] Entering safepoint region: Cleanup
[2022-06-13T01:54:28.271+0000][1][safepoint    ] Leaving safepoint region
[2022-06-13T01:54:28.272+0000][1][safepoint    ] Total time for which application threads were stopped: 0.0011094 seconds, Stopping threads took: 0.0004673 seconds
[2022-06-13T01:54:29.272+0000][1][safepoint    ] Application time: 1.0002401 seconds
[2022-06-13T01:54:29.273+0000][1][safepoint    ] Entering safepoint region: Cleanup
[2022-06-13T01:54:29.274+0000][1][safepoint    ] Leaving safepoint region
[2022-06-13T01:54:29.274+0000][1][safepoint    ] Total time for which application threads were stopped: 0.0012492 seconds, Stopping threads took: 0.0005096 seconds
[2022-06-13T01:54:30.275+0000][1][safepoint    ] Application time: 1.0001359 seconds
[2022-06-13T01:54:30.276+0000][1][safepoint    ] Entering safepoint region: Cleanup
[2022-06-13T01:54:30.276+0000][1][safepoint    ] Leaving safepoint region
[2022-06-13T01:54:30.277+0000][1][safepoint    ] Total time for which application threads were stopped: 0.0011666 seconds, Stopping threads took: 0.0004466 seconds
[2022-06-13T01:54:31.278+0000][1][safepoint    ] Application time: 1.0003154 seconds
[2022-06-13T01:54:31.278+0000][1][safepoint    ] Entering safepoint region: Cleanup
[2022-06-13T01:54:31.279+0000][1][safepoint    ] Leaving safepoint region
[2022-06-13T01:54:31.280+0000][1][safepoint    ] Total time for which application threads were stopped: 0.0014065 seconds, Stopping threads took: 0.0004320 seconds
[2022-06-13T01:54:32.280+0000][1][safepoint    ] Application time: 1.0002148 seconds
[2022-06-13T01:54:32.281+0000][1][safepoint    ] Entering safepoint region: Cleanup
[2022-06-13T01:54:32.282+0000][1][safepoint    ] Leaving safepoint region
[2022-06-13T01:54:32.282+0000][1][safepoint    ] Total time for which application threads were stopped: 0.0011480 seconds, Stopping threads took: 0.0006193 seconds
[2022-06-13T01:54:33.283+0000][1][safepoint    ] Application time: 1.0002841 seconds
[2022-06-13T01:54:33.283+0000][1][safepoint    ] Entering safepoint region: Cleanup
[2022-06-13T01:54:33.284+0000][1][safepoint    ] Leaving safepoint region
[2022-06-13T01:54:33.284+0000][1][safepoint    ] Total time for which application threads were stopped: 0.0007196 seconds, Stopping threads took: 0.0003218 seconds
[2022-06-13T01:54:34.285+0000][1][safepoint    ] Application time: 1.0002232 seconds
[2022-06-13T01:54:34.286+0000][1][safepoint    ] Entering safepoint region: Cleanup
[2022-06-13T01:54:34.286+0000][1][safepoint    ] Leaving safepoint region
[2022-06-13T01:54:34.287+0000][1][safepoint    ] Total time for which application threads were stopped: 0.0015807 seconds, Stopping threads took: 0.0006315 seconds
[2022-06-13T01:54:35.288+0000][1][safepoint    ] Application time: 1.0002563 seconds
[2022-06-13T01:54:35.289+0000][1][safepoint    ] Entering safepoint region: Cleanup
[2022-06-13T01:54:35.289+0000][1][safepoint    ] Leaving safepoint region
[2022-06-13T01:54:35.290+0000][1][safepoint    ] Total time for which application threads were stopped: 0.0009405 seconds, Stopping threads took: 0.0004049 seconds
[2022-06-13T01:54:36.290+0000][1][safepoint    ] Application time: 1.0001831 seconds
[2022-06-13T01:54:36.291+0000][1][safepoint    ] Entering safepoint region: Cleanup
[2022-06-13T01:54:36.292+0000][1][safepoint    ] Leaving safepoint region
[2022-06-13T01:54:36.293+0000][1][safepoint    ] Total time for which application threads were stopped: 0.0012627 seconds, Stopping threads took: 0.0003502 seconds
[2022-06-13T01:54:37.293+0000][1][safepoint    ] Application time: 1.0002489 seconds
[2022-06-13T01:54:37.294+0000][1][safepoint    ] Entering safepoint region: Cleanup
[2022-06-13T01:54:37.294+0000][1][safepoint    ] Leaving safepoint region
[2022-06-13T01:54:37.295+0000][1][safepoint    ] Total time for which application threads were stopped: 0.0008007 seconds, Stopping threads took: 0.0002445 seconds
[2022-06-13T01:54:38.295+0000][1][safepoint    ] Application time: 1.0002702 seconds
[2022-06-13T01:54:38.296+0000][1][safepoint    ] Entering safepoint region: Cleanup
[2022-06-13T01:54:38.297+0000][1][safepoint    ] Leaving safepoint region
[2022-06-13T01:54:38.297+0000][1][safepoint    ] Total time for which application threads were stopped: 0.0006681 seconds, Stopping threads took: 0.0002491 seconds
[2022-06-13T01:54:39.297+0000][1][safepoint    ] Application time: 1.0002601 seconds
[2022-06-13T01:54:39.299+0000][1][safepoint    ] Entering safepoint region: Cleanup
[2022-06-13T01:54:39.299+0000][1][safepoint    ] Leaving safepoint region
[2022-06-13T01:54:39.299+0000][1][safepoint    ] Total time for which application threads were stopped: 0.0008103 seconds, Stopping threads took: 0.0002878 seconds
[2022-06-13T01:54:40.300+0000][1][safepoint    ] Application time: 1.0002090 seconds
[2022-06-13T01:54:40.300+0000][1][safepoint    ] Entering safepoint region: Cleanup
[2022-06-13T01:54:40.301+0000][1][safepoint    ] Leaving safepoint region
[2022-06-13T01:54:40.301+0000][1][safepoint    ] Total time for which application threads were stopped: 0.0008430 seconds, Stopping threads took: 0.0003246 seconds
[2022-06-13T01:54:41.302+0000][1][safepoint    ] Application time: 1.0003392 seconds
[2022-06-13T01:54:41.303+0000][1][safepoint    ] Entering safepoint region: Cleanup
[2022-06-13T01:54:41.303+0000][1][safepoint    ] Leaving safepoint region
[2022-06-13T01:54:41.303+0000][1][safepoint    ] Total time for which application threads were stopped: 0.0005750 seconds, Stopping threads took: 0.0002250 seconds
[2022-06-13T01:54:42.303+0000][1][safepoint    ] Application time: 1.0001757 seconds
[2022-06-13T01:54:42.304+0000][1][safepoint    ] Entering safepoint region: Cleanup
[2022-06-13T01:54:42.304+0000][1][safepoint    ] Leaving safepoint region
[2022-06-13T01:54:42.304+0000][1][safepoint    ] Total time for which application threads were stopped: 0.0006771 seconds, Stopping threads took: 0.0001732 seconds
[2022-06-13T01:54:43.305+0000][1][safepoint    ] Application time: 1.0001780 seconds
[2022-06-13T01:54:43.305+0000][1][safepoint    ] Entering safepoint region: Cleanup
[2022-06-13T01:54:43.306+0000][1][safepoint    ] Leaving safepoint region
[2022-06-13T01:54:43.306+0000][1][safepoint    ] Total time for which application threads were stopped: 0.0005381 seconds, Stopping threads took: 0.0002384 seconds
[2022-06-13T01:54:44.306+0000][1][safepoint    ] Application time: 1.0002550 seconds
[2022-06-13T01:54:44.307+0000][1][safepoint    ] Entering safepoint region: Cleanup
[2022-06-13T01:54:44.308+0000][1][safepoint    ] Leaving safepoint region
[2022-06-13T01:54:44.308+0000][1][safepoint    ] Total time for which application threads were stopped: 0.0013380 seconds, Stopping threads took: 0.0004922 seconds
[2022-06-13T01:54:45.309+0000][1][safepoint    ] Application time: 1.0002614 seconds
[2022-06-13T01:54:45.310+0000][1][safepoint    ] Entering safepoint region: Cleanup
[2022-06-13T01:54:45.310+0000][1][safepoint    ] Leaving safepoint region
[2022-06-13T01:54:45.310+0000][1][safepoint    ] Total time for which application threads were stopped: 0.0008929 seconds, Stopping threads took: 0.0004629 seconds
[2022-06-13T01:54:46.311+0000][1][safepoint    ] Application time: 1.0002250 seconds
[2022-06-13T01:54:46.311+0000][1][safepoint    ] Entering safepoint region: Cleanup
[2022-06-13T01:54:46.312+0000][1][safepoint    ] Leaving safepoint region
[2022-06-13T01:54:46.312+0000][1][safepoint    ] Total time for which application threads were stopped: 0.0008830 seconds, Stopping threads took: 0.0003507 seconds
[2022-06-13T01:54:47.314+0000][1][safepoint    ] Application time: 1.0002862 seconds
[2022-06-13T01:54:47.314+0000][1][safepoint    ] Entering safepoint region: Cleanup
[2022-06-13T01:54:47.315+0000][1][safepoint    ] Leaving safepoint region
[2022-06-13T01:54:47.315+0000][1][safepoint    ] Total time for which application threads were stopped: 0.0008513 seconds, Stopping threads took: 0.0003925 seconds
[2022-06-13T01:54:48.316+0000][1][safepoint    ] Application time: 1.0001155 seconds
[2022-06-13T01:54:48.316+0000][1][safepoint    ] Entering safepoint region: Cleanup
[2022-06-13T01:54:48.317+0000][1][safepoint    ] Leaving safepoint region
[2022-06-13T01:54:48.317+0000][1][safepoint    ] Total time for which application threads were stopped: 0.0009818 seconds, Stopping threads took: 0.0003589 seconds
[2022-06-13T01:54:49.318+0000][1][safepoint    ] Application time: 1.0002227 seconds
[2022-06-13T01:54:49.319+0000][1][safepoint    ] Entering safepoint region: Cleanup
[2022-06-13T01:54:49.319+0000][1][safepoint    ] Leaving safepoint region
[2022-06-13T01:54:49.320+0000][1][safepoint    ] Total time for which application threads were stopped: 0.0012313 seconds, Stopping threads took: 0.0004844 seconds
[2022-06-13T01:54:50.321+0000][1][safepoint    ] Application time: 1.0003141 seconds
[2022-06-13T01:54:50.321+0000][1][safepoint    ] Entering safepoint region: Cleanup
[2022-06-13T01:54:50.322+0000][1][safepoint    ] Leaving safepoint region
[2022-06-13T01:54:50.323+0000][1][safepoint    ] Total time for which application threads were stopped: 0.0015059 seconds, Stopping threads took: 0.0007834 seconds
[2022-06-13T01:54:51.324+0000][1][safepoint    ] Application time: 1.0002951 seconds
[2022-06-13T01:54:51.324+0000][1][safepoint    ] Entering safepoint region: Cleanup
[2022-06-13T01:54:51.325+0000][1][safepoint    ] Leaving safepoint region
[2022-06-13T01:54:51.326+0000][1][safepoint    ] Total time for which application threads were stopped: 0.0012975 seconds, Stopping threads took: 0.0005909 seconds
[2022-06-13T01:54:52.326+0000][1][safepoint    ] Application time: 1.0001525 seconds
[2022-06-13T01:54:52.327+0000][1][safepoint    ] Entering safepoint region: Cleanup
[2022-06-13T01:54:52.327+0000][1][safepoint    ] Leaving safepoint region
[2022-06-13T01:54:52.328+0000][1][safepoint    ] Total time for which application threads were stopped: 0.0012769 seconds, Stopping threads took: 0.0004879 seconds
[2022-06-13T01:54:53.328+0000][1][safepoint    ] Application time: 1.0001646 seconds
[2022-06-13T01:54:53.329+0000][1][safepoint    ] Entering safepoint region: Cleanup
[2022-06-13T01:54:53.330+0000][1][safepoint    ] Leaving safepoint region
[2022-06-13T01:54:53.330+0000][1][safepoint    ] Total time for which application threads were stopped: 0.0011764 seconds, Stopping threads took: 0.0003904 seconds
[2022-06-13T01:54:54.331+0000][1][safepoint    ] Application time: 1.0001670 seconds
[2022-06-13T01:54:54.332+0000][1][safepoint    ] Entering safepoint region: Cleanup
[2022-06-13T01:54:54.332+0000][1][safepoint    ] Leaving safepoint region
[2022-06-13T01:54:54.333+0000][1][safepoint    ] Total time for which application threads were stopped: 0.0013197 seconds, Stopping threads took: 0.0004630 seconds
[2022-06-13T01:54:55.334+0000][1][safepoint    ] Application time: 1.0002514 seconds
[2022-06-13T01:54:55.334+0000][1][safepoint    ] Entering safepoint region: Cleanup
[2022-06-13T01:54:55.335+0000][1][safepoint    ] Leaving safepoint region
[2022-06-13T01:54:55.335+0000][1][safepoint    ] Total time for which application threads were stopped: 0.0007525 seconds, Stopping threads took: 0.0003589 seconds
[2022-06-13T01:54:56.335+0000][1][safepoint    ] Application time: 1.0001388 seconds
[2022-06-13T01:54:56.336+0000][1][safepoint    ] Entering safepoint region: Cleanup
[2022-06-13T01:54:56.336+0000][1][safepoint    ] Leaving safepoint region
[2022-06-13T01:54:56.337+0000][1][safepoint    ] Total time for which application threads were stopped: 0.0005196 seconds, Stopping threads took: 0.0001988 seconds
[2022-06-13T01:54:57.337+0000][1][safepoint    ] Application time: 1.0002077 seconds
[2022-06-13T01:54:57.337+0000][1][safepoint    ] Entering safepoint region: Cleanup
[2022-06-13T01:54:57.338+0000][1][safepoint    ] Leaving safepoint region
[2022-06-13T01:54:57.338+0000][1][safepoint    ] Total time for which application threads were stopped: 0.0006355 seconds, Stopping threads took: 0.0002848 seconds
[2022-06-13T01:54:58.339+0000][1][safepoint    ] Application time: 1.0002173 seconds
[2022-06-13T01:54:58.339+0000][1][safepoint    ] Entering safepoint region: Cleanup
[2022-06-13T01:54:58.340+0000][1][safepoint    ] Leaving safepoint region
[2022-06-13T01:54:58.340+0000][1][safepoint    ] Total time for which application threads were stopped: 0.0008252 seconds, Stopping threads took: 0.0005399 seconds
[2022-06-13T01:54:59.341+0000][1][safepoint    ] Application time: 1.0002651 seconds
[2022-06-13T01:54:59.342+0000][1][safepoint    ] Entering safepoint region: Cleanup
[2022-06-13T01:54:59.342+0000][1][safepoint    ] Leaving safepoint region
[2022-06-13T01:54:59.343+0000][1][safepoint    ] Total time for which application threads were stopped: 0.0010353 seconds, Stopping threads took: 0.0004231 seconds
[2022-06-13T01:55:00.343+0000][1][safepoint    ] Application time: 1.0001284 seconds
[2022-06-13T01:55:00.344+0000][1][safepoint    ] Entering safepoint region: Cleanup
[2022-06-13T01:55:00.345+0000][1][safepoint    ] Leaving safepoint region
[2022-06-13T01:55:00.346+0000][1][safepoint    ] Total time for which application threads were stopped: 0.0015613 seconds, Stopping threads took: 0.0004455 seconds
[2022-06-13T01:55:01.346+0000][1][safepoint    ] Application time: 1.0002623 seconds
[2022-06-13T01:55:01.347+0000][1][safepoint    ] Entering safepoint region: Cleanup
[2022-06-13T01:55:01.348+0000][1][safepoint    ] Leaving safepoint region
[2022-06-13T01:55:01.348+0000][1][safepoint    ] Total time for which application threads were stopped: 0.0010452 seconds, Stopping threads took: 0.0004209 seconds
[2022-06-13T01:55:02.349+0000][1][safepoint    ] Application time: 1.0002590 seconds
[2022-06-13T01:55:02.349+0000][1][safepoint    ] Entering safepoint region: Cleanup
[2022-06-13T01:55:02.350+0000][1][safepoint    ] Leaving safepoint region
[2022-06-13T01:55:02.350+0000][1][safepoint    ] Total time for which application threads were stopped: 0.0007078 seconds, Stopping threads took: 0.0002051 seconds
[2022-06-13T01:55:03.351+0000][1][safepoint    ] Application time: 1.0002117 seconds
[2022-06-13T01:55:03.351+0000][1][safepoint    ] Entering safepoint region: Cleanup
[2022-06-13T01:55:03.352+0000][1][safepoint    ] Leaving safepoint region
[2022-06-13T01:55:03.352+0000][1][safepoint    ] Total time for which application threads were stopped: 0.0010038 seconds, Stopping threads took: 0.0004888 seconds
[2022-06-13T01:55:04.353+0000][1][safepoint    ] Application time: 1.0002626 seconds
[2022-06-13T01:55:04.353+0000][1][safepoint    ] Entering safepoint region: Cleanup
[2022-06-13T01:55:04.354+0000][1][safepoint    ] Leaving safepoint region
[2022-06-13T01:55:04.355+0000][1][safepoint    ] Total time for which application threads were stopped: 0.0011002 seconds, Stopping threads took: 0.0004069 seconds
[2022-06-13T01:55:05.355+0000][1][safepoint    ] Application time: 1.0002139 seconds
[2022-06-13T01:55:05.356+0000][1][safepoint    ] Entering safepoint region: Cleanup
[2022-06-13T01:55:05.357+0000][1][safepoint    ] Leaving safepoint region
[2022-06-13T01:55:05.357+0000][1][safepoint    ] Total time for which application threads were stopped: 0.0017652 seconds, Stopping threads took: 0.0004733 seconds
[2022-06-13T01:55:06.358+0000][1][safepoint    ] Application time: 1.0001750 seconds
[2022-06-13T01:55:06.359+0000][1][safepoint    ] Entering safepoint region: Cleanup
[2022-06-13T01:55:06.359+0000][1][safepoint    ] Leaving safepoint region
[2022-06-13T01:55:06.359+0000][1][safepoint    ] Total time for which application threads were stopped: 0.0007762 seconds, Stopping threads took: 0.0003905 seconds
[2022-06-13T01:55:07.360+0000][1][safepoint    ] Application time: 1.0002617 seconds
[2022-06-13T01:55:07.360+0000][1][safepoint    ] Entering safepoint region: Cleanup
[2022-06-13T01:55:07.361+0000][1][safepoint    ] Leaving safepoint region
[2022-06-13T01:55:07.361+0000][1][safepoint    ] Total time for which application threads were stopped: 0.0011500 seconds, Stopping threads took: 0.0004257 seconds
[2022-06-13T01:55:08.362+0000][1][safepoint    ] Application time: 1.0001955 seconds
[2022-06-13T01:55:08.362+0000][1][safepoint    ] Entering safepoint region: Cleanup
[2022-06-13T01:55:08.363+0000][1][safepoint    ] Leaving safepoint region
[2022-06-13T01:55:08.363+0000][1][safepoint    ] Total time for which application threads were stopped: 0.0010751 seconds, Stopping threads took: 0.0004899 seconds
[2022-06-13T01:55:09.364+0000][1][safepoint    ] Application time: 1.0001705 seconds
[2022-06-13T01:55:09.364+0000][1][safepoint    ] Entering safepoint region: Cleanup
[2022-06-13T01:55:09.365+0000][1][safepoint    ] Leaving safepoint region
[2022-06-13T01:55:09.366+0000][1][safepoint    ] Total time for which application threads were stopped: 0.0015977 seconds, Stopping threads took: 0.0006422 seconds
[2022-06-13T01:55:10.367+0000][1][safepoint    ] Application time: 1.0001814 seconds
[2022-06-13T01:55:10.367+0000][1][safepoint    ] Entering safepoint region: Cleanup
[2022-06-13T01:55:10.367+0000][1][safepoint    ] Leaving safepoint region
[2022-06-13T01:55:10.368+0000][1][safepoint    ] Total time for which application threads were stopped: 0.0007598 seconds, Stopping threads took: 0.0002493 seconds
[2022-06-13T01:55:11.369+0000][1][safepoint    ] Application time: 1.0001837 seconds
[2022-06-13T01:55:11.369+0000][1][safepoint    ] Entering safepoint region: Cleanup
[2022-06-13T01:55:11.370+0000][1][safepoint    ] Leaving safepoint region
[2022-06-13T01:55:11.370+0000][1][safepoint    ] Total time for which application threads were stopped: 0.0013016 seconds, Stopping threads took: 0.0005333 seconds
[2022-06-13T01:55:12.371+0000][1][safepoint    ] Application time: 1.0003028 seconds
[2022-06-13T01:55:12.372+0000][1][safepoint    ] Entering safepoint region: Cleanup
[2022-06-13T01:55:12.372+0000][1][safepoint    ] Leaving safepoint region
[2022-06-13T01:55:12.373+0000][1][safepoint    ] Total time for which application threads were stopped: 0.0009669 seconds, Stopping threads took: 0.0005122 seconds
[2022-06-13T01:55:13.373+0000][1][safepoint    ] Application time: 1.0001982 seconds
[2022-06-13T01:55:13.373+0000][1][safepoint    ] Entering safepoint region: Cleanup
[2022-06-13T01:55:13.374+0000][1][safepoint    ] Leaving safepoint region
[2022-06-13T01:55:13.374+0000][1][safepoint    ] Total time for which application threads were stopped: 0.0004866 seconds, Stopping threads took: 0.0002455 seconds
[2022-06-13T01:55:14.374+0000][1][safepoint    ] Application time: 1.0001622 seconds
[2022-06-13T01:55:14.375+0000][1][safepoint    ] Entering safepoint region: Cleanup
[2022-06-13T01:55:14.379+0000][1][safepoint    ] Leaving safepoint region
[2022-06-13T01:55:14.379+0000][1][safepoint    ] Total time for which application threads were stopped: 0.0040377 seconds, Stopping threads took: 0.0031299 seconds
[2022-06-13T01:55:15.380+0000][1][safepoint    ] Application time: 1.0004245 seconds
[2022-06-13T01:55:15.381+0000][1][safepoint    ] Entering safepoint region: Cleanup
[2022-06-13T01:55:15.381+0000][1][safepoint    ] Leaving safepoint region
[2022-06-13T01:55:15.382+0000][1][safepoint    ] Total time for which application threads were stopped: 0.0009963 seconds, Stopping threads took: 0.0004780 seconds
[2022-06-13T01:55:17.226+0000][1][safepoint    ] Application time: 1.8440761 seconds
[2022-06-13T01:55:17.227+0000][1][safepoint    ] Entering safepoint region: Cleanup
[2022-06-13T01:55:17.227+0000][1][safepoint    ] Leaving safepoint region
[2022-06-13T01:55:17.228+0000][1][safepoint    ] Total time for which application threads were stopped: 0.0010726 seconds, Stopping threads took: 0.0003825 seconds
[2022-06-13T01:55:18.228+0000][1][safepoint    ] Application time: 1.0002806 seconds
[2022-06-13T01:55:18.229+0000][1][safepoint    ] Entering safepoint region: Cleanup
[2022-06-13T01:55:18.230+0000][1][safepoint    ] Leaving safepoint region
[2022-06-13T01:55:18.230+0000][1][safepoint    ] Total time for which application threads were stopped: 0.0007532 seconds, Stopping threads took: 0.0003756 seconds
[2022-06-13T01:55:19.231+0000][1][safepoint    ] Application time: 1.0003040 seconds
[2022-06-13T01:55:19.231+0000][1][safepoint    ] Entering safepoint region: Cleanup
[2022-06-13T01:55:19.232+0000][1][safepoint    ] Leaving safepoint region
[2022-06-13T01:55:19.232+0000][1][safepoint    ] Total time for which application threads were stopped: 0.0010540 seconds, Stopping threads took: 0.0003048 seconds
[2022-06-13T01:55:20.233+0000][1][safepoint    ] Application time: 1.0002346 seconds
[2022-06-13T01:55:20.233+0000][1][safepoint    ] Entering safepoint region: Cleanup
[2022-06-13T01:55:20.234+0000][1][safepoint    ] Leaving safepoint region
[2022-06-13T01:55:20.234+0000][1][safepoint    ] Total time for which application threads were stopped: 0.0009225 seconds, Stopping threads took: 0.0004308 seconds
[2022-06-13T01:55:21.234+0000][1][safepoint    ] Application time: 1.0001736 seconds
[2022-06-13T01:55:21.235+0000][1][safepoint    ] Entering safepoint region: Cleanup
[2022-06-13T01:55:21.236+0000][1][safepoint    ] Leaving safepoint region
[2022-06-13T01:55:21.236+0000][1][safepoint    ] Total time for which application threads were stopped: 0.0010890 seconds, Stopping threads took: 0.0005383 seconds
[2022-06-13T01:55:22.237+0000][1][safepoint    ] Application time: 1.0002537 seconds
[2022-06-13T01:55:22.238+0000][1][safepoint    ] Entering safepoint region: Cleanup
[2022-06-13T01:55:22.239+0000][1][safepoint    ] Leaving safepoint region
[2022-06-13T01:55:22.240+0000][1][safepoint    ] Total time for which application threads were stopped: 0.0017534 seconds, Stopping threads took: 0.0006837 seconds
[2022-06-13T01:55:23.242+0000][1][safepoint    ] Application time: 1.0001773 seconds
[2022-06-13T01:55:23.242+0000][1][safepoint    ] Entering safepoint region: Cleanup
[2022-06-13T01:55:23.243+0000][1][safepoint    ] Leaving safepoint region
[2022-06-13T01:55:23.243+0000][1][safepoint    ] Total time for which application threads were stopped: 0.0006809 seconds, Stopping threads took: 0.0002450 seconds
[2022-06-13T01:55:24.243+0000][1][safepoint    ] Application time: 1.0001709 seconds
[2022-06-13T01:55:24.244+0000][1][safepoint    ] Entering safepoint region: Cleanup
[2022-06-13T01:55:24.244+0000][1][safepoint    ] Leaving safepoint region
[2022-06-13T01:55:24.245+0000][1][safepoint    ] Total time for which application threads were stopped: 0.0007400 seconds, Stopping threads took: 0.0003825 seconds
[2022-06-13T01:55:25.245+0000][1][safepoint    ] Application time: 1.0002704 seconds
[2022-06-13T01:55:25.246+0000][1][safepoint    ] Entering safepoint region: Cleanup
[2022-06-13T01:55:25.246+0000][1][safepoint    ] Leaving safepoint region
[2022-06-13T01:55:25.247+0000][1][safepoint    ] Total time for which application threads were stopped: 0.0007006 seconds, Stopping threads took: 0.0003152 seconds
[2022-06-13T01:55:26.247+0000][1][safepoint    ] Application time: 1.0002558 seconds
[2022-06-13T01:55:26.248+0000][1][safepoint    ] Entering safepoint region: Cleanup
[2022-06-13T01:55:26.249+0000][1][safepoint    ] Leaving safepoint region
[2022-06-13T01:55:26.250+0000][1][safepoint    ] Total time for which application threads were stopped: 0.0017164 seconds, Stopping threads took: 0.0008045 seconds
[2022-06-13T01:55:27.251+0000][1][safepoint    ] Application time: 1.0003492 seconds
[2022-06-13T01:55:27.252+0000][1][safepoint    ] Entering safepoint region: Cleanup
[2022-06-13T01:55:27.253+0000][1][safepoint    ] Leaving safepoint region
[2022-06-13T01:55:27.254+0000][1][safepoint    ] Total time for which application threads were stopped: 0.0015693 seconds, Stopping threads took: 0.0007240 seconds
[2022-06-13T01:55:28.254+0000][1][safepoint    ] Application time: 1.0002254 seconds
[2022-06-13T01:55:28.255+0000][1][safepoint    ] Entering safepoint region: Cleanup
[2022-06-13T01:55:28.256+0000][1][safepoint    ] Leaving safepoint region
[2022-06-13T01:55:28.256+0000][1][safepoint    ] Total time for which application threads were stopped: 0.0008432 seconds, Stopping threads took: 0.0005295 seconds
[2022-06-13T01:55:29.256+0000][1][safepoint    ] Application time: 1.0002098 seconds
[2022-06-13T01:55:29.257+0000][1][safepoint    ] Entering safepoint region: Cleanup
[2022-06-13T01:55:29.257+0000][1][safepoint    ] Leaving safepoint region
[2022-06-13T01:55:29.258+0000][1][safepoint    ] Total time for which application threads were stopped: 0.0010358 seconds, Stopping threads took: 0.0004095 seconds
[2022-06-13T01:55:30.259+0000][1][safepoint    ] Application time: 1.0004850 seconds
[2022-06-13T01:55:30.259+0000][1][safepoint    ] Entering safepoint region: Cleanup
[2022-06-13T01:55:30.260+0000][1][safepoint    ] Leaving safepoint region
[2022-06-13T01:55:30.260+0000][1][safepoint    ] Total time for which application threads were stopped: 0.0008729 seconds, Stopping threads took: 0.0004443 seconds
[2022-06-13T01:55:31.261+0000][1][safepoint    ] Application time: 1.0002436 seconds
[2022-06-13T01:55:31.262+0000][1][safepoint    ] Entering safepoint region: Cleanup
[2022-06-13T01:55:31.262+0000][1][safepoint    ] Leaving safepoint region
[2022-06-13T01:55:31.263+0000][1][safepoint    ] Total time for which application threads were stopped: 0.0011232 seconds, Stopping threads took: 0.0005555 seconds
[2022-06-13T01:55:32.264+0000][1][safepoint    ] Application time: 1.0002498 seconds
[2022-06-13T01:55:32.265+0000][1][safepoint    ] Entering safepoint region: Cleanup
[2022-06-13T01:55:32.265+0000][1][safepoint    ] Leaving safepoint region
[2022-06-13T01:55:32.266+0000][1][safepoint    ] Total time for which application threads were stopped: 0.0012976 seconds, Stopping threads took: 0.0005839 seconds
[2022-06-13T01:55:33.267+0000][1][safepoint    ] Application time: 1.0001972 seconds
[2022-06-13T01:55:33.267+0000][1][safepoint    ] Entering safepoint region: Cleanup
[2022-06-13T01:55:33.268+0000][1][safepoint    ] Leaving safepoint region
[2022-06-13T01:55:33.268+0000][1][safepoint    ] Total time for which application threads were stopped: 0.0010671 seconds, Stopping threads took: 0.0004907 seconds
[2022-06-13T01:55:34.269+0000][1][safepoint    ] Application time: 1.0003003 seconds
[2022-06-13T01:55:34.270+0000][1][safepoint    ] Entering safepoint region: Cleanup
[2022-06-13T01:55:34.271+0000][1][safepoint    ] Leaving safepoint region
[2022-06-13T01:55:34.271+0000][1][safepoint    ] Total time for which application threads were stopped: 0.0015608 seconds, Stopping threads took: 0.0007310 seconds
[2022-06-13T01:55:35.272+0000][1][safepoint    ] Application time: 1.0002563 seconds
[2022-06-13T01:55:35.273+0000][1][safepoint    ] Entering safepoint region: Cleanup
[2022-06-13T01:55:35.274+0000][1][safepoint    ] Leaving safepoint region
[2022-06-13T01:55:35.275+0000][1][safepoint    ] Total time for which application threads were stopped: 0.0011908 seconds, Stopping threads took: 0.0006959 seconds
[2022-06-13T01:55:36.275+0000][1][safepoint    ] Application time: 1.0004076 seconds
[2022-06-13T01:55:36.277+0000][1][safepoint    ] Entering safepoint region: Cleanup
[2022-06-13T01:55:36.278+0000][1][safepoint    ] Leaving safepoint region
[2022-06-13T01:55:36.279+0000][1][safepoint    ] Total time for which application threads were stopped: 0.0018547 seconds, Stopping threads took: 0.0008677 seconds
[2022-06-13T01:55:37.280+0000][1][safepoint    ] Application time: 1.0003479 seconds
[2022-06-13T01:55:37.281+0000][1][safepoint    ] Entering safepoint region: Cleanup
[2022-06-13T01:55:37.281+0000][1][safepoint    ] Leaving safepoint region
[2022-06-13T01:55:37.282+0000][1][safepoint    ] Total time for which application threads were stopped: 0.0008457 seconds, Stopping threads took: 0.0003727 seconds
[2022-06-13T01:55:38.282+0000][1][safepoint    ] Application time: 1.0004634 seconds
[2022-06-13T01:55:38.283+0000][1][safepoint    ] Entering safepoint region: Cleanup
[2022-06-13T01:55:38.284+0000][1][safepoint    ] Leaving safepoint region
[2022-06-13T01:55:38.284+0000][1][safepoint    ] Total time for which application threads were stopped: 0.0008241 seconds, Stopping threads took: 0.0004537 seconds
[2022-06-13T01:55:39.285+0000][1][safepoint    ] Application time: 1.0002733 seconds
[2022-06-13T01:55:39.286+0000][1][safepoint    ] Entering safepoint region: Cleanup
[2022-06-13T01:55:39.287+0000][1][safepoint    ] Leaving safepoint region
[2022-06-13T01:55:39.287+0000][1][safepoint    ] Total time for which application threads were stopped: 0.0015021 seconds, Stopping threads took: 0.0010197 seconds
[2022-06-13T01:55:40.288+0000][1][safepoint    ] Application time: 1.0003452 seconds
[2022-06-13T01:55:40.289+0000][1][safepoint    ] Entering safepoint region: Cleanup
[2022-06-13T01:55:40.290+0000][1][safepoint    ] Leaving safepoint region
[2022-06-13T01:55:40.290+0000][1][safepoint    ] Total time for which application threads were stopped: 0.0015708 seconds, Stopping threads took: 0.0008950 seconds
[2022-06-13T01:55:41.291+0000][1][safepoint    ] Application time: 1.0002577 seconds
[2022-06-13T01:55:41.292+0000][1][safepoint    ] Entering safepoint region: Cleanup
[2022-06-13T01:55:41.293+0000][1][safepoint    ] Leaving safepoint region
[2022-06-13T01:55:41.294+0000][1][safepoint    ] Total time for which application threads were stopped: 0.0017079 seconds, Stopping threads took: 0.0007825 seconds
[2022-06-13T01:55:42.295+0000][1][safepoint    ] Application time: 1.0002987 seconds
[2022-06-13T01:55:42.296+0000][1][safepoint    ] Entering safepoint region: Cleanup
[2022-06-13T01:55:42.297+0000][1][safepoint    ] Leaving safepoint region
[2022-06-13T01:55:42.297+0000][1][safepoint    ] Total time for which application threads were stopped: 0.0015981 seconds, Stopping threads took: 0.0006726 seconds
[2022-06-13T01:55:43.298+0000][1][safepoint    ] Application time: 1.0001703 seconds
[2022-06-13T01:55:43.299+0000][1][safepoint    ] Entering safepoint region: Cleanup
[2022-06-13T01:55:43.299+0000][1][safepoint    ] Leaving safepoint region
[2022-06-13T01:55:43.300+0000][1][safepoint    ] Total time for which application threads were stopped: 0.0009901 seconds, Stopping threads took: 0.0003326 seconds
[2022-06-13T01:55:44.300+0000][1][safepoint    ] Application time: 1.0002209 seconds
[2022-06-13T01:55:44.301+0000][1][safepoint    ] Entering safepoint region: Cleanup
[2022-06-13T01:55:44.301+0000][1][safepoint    ] Leaving safepoint region
[2022-06-13T01:55:44.302+0000][1][safepoint    ] Total time for which application threads were stopped: 0.0008627 seconds, Stopping threads took: 0.0002739 seconds
[2022-06-13T01:55:45.302+0000][1][safepoint    ] Application time: 1.0003344 seconds
[2022-06-13T01:55:45.303+0000][1][safepoint    ] Entering safepoint region: Cleanup
[2022-06-13T01:55:45.304+0000][1][safepoint    ] Leaving safepoint region
[2022-06-13T01:55:45.304+0000][1][safepoint    ] Total time for which application threads were stopped: 0.0010019 seconds, Stopping threads took: 0.0004757 seconds
[2022-06-13T01:55:46.305+0000][1][safepoint    ] Application time: 1.0003204 seconds
[2022-06-13T01:55:46.306+0000][1][safepoint    ] Entering safepoint region: Cleanup
[2022-06-13T01:55:46.306+0000][1][safepoint    ] Leaving safepoint region
[2022-06-13T01:55:46.307+0000][1][safepoint    ] Total time for which application threads were stopped: 0.0011275 seconds, Stopping threads took: 0.0005232 seconds
[2022-06-13T01:55:47.307+0000][1][safepoint    ] Application time: 1.0001737 seconds
[2022-06-13T01:55:47.308+0000][1][safepoint    ] Entering safepoint region: Cleanup
[2022-06-13T01:55:47.309+0000][1][safepoint    ] Leaving safepoint region
[2022-06-13T01:55:47.309+0000][1][safepoint    ] Total time for which application threads were stopped: 0.0014427 seconds, Stopping threads took: 0.0006751 seconds
[2022-06-13T01:55:48.310+0000][1][safepoint    ] Application time: 1.0002497 seconds
[2022-06-13T01:55:48.311+0000][1][safepoint    ] Entering safepoint region: Cleanup
[2022-06-13T01:55:48.311+0000][1][safepoint    ] Leaving safepoint region
[2022-06-13T01:55:48.312+0000][1][safepoint    ] Total time for which application threads were stopped: 0.0010454 seconds, Stopping threads took: 0.0006175 seconds
[2022-06-13T01:55:49.312+0000][1][safepoint    ] Application time: 1.0002425 seconds
[2022-06-13T01:55:49.313+0000][1][safepoint    ] Entering safepoint region: Cleanup
[2022-06-13T01:55:49.313+0000][1][safepoint    ] Leaving safepoint region
[2022-06-13T01:55:49.313+0000][1][safepoint    ] Total time for which application threads were stopped: 0.0006507 seconds, Stopping threads took: 0.0003381 seconds
[2022-06-13T01:55:50.314+0000][1][safepoint    ] Application time: 1.0003119 seconds
[2022-06-13T01:55:50.315+0000][1][safepoint    ] Entering safepoint region: Cleanup
[2022-06-13T01:55:50.316+0000][1][safepoint    ] Leaving safepoint region
[2022-06-13T01:55:50.316+0000][1][safepoint    ] Total time for which application threads were stopped: 0.0016183 seconds, Stopping threads took: 0.0007716 seconds
[2022-06-13T01:55:51.317+0000][1][safepoint    ] Application time: 1.0001658 seconds
[2022-06-13T01:55:51.318+0000][1][safepoint    ] Entering safepoint region: Cleanup
[2022-06-13T01:55:51.319+0000][1][safepoint    ] Leaving safepoint region
[2022-06-13T01:55:51.320+0000][1][safepoint    ] Total time for which application threads were stopped: 0.0017632 seconds, Stopping threads took: 0.0008463 seconds
[2022-06-13T01:55:52.321+0000][1][safepoint    ] Application time: 1.0002935 seconds
[2022-06-13T01:55:52.321+0000][1][safepoint    ] Entering safepoint region: Cleanup
[2022-06-13T01:55:52.322+0000][1][safepoint    ] Leaving safepoint region
[2022-06-13T01:55:52.322+0000][1][safepoint    ] Total time for which application threads were stopped: 0.0005335 seconds, Stopping threads took: 0.0003610 seconds
[2022-06-13T01:55:53.322+0000][1][safepoint    ] Application time: 1.0002214 seconds
[2022-06-13T01:55:53.323+0000][1][safepoint    ] Entering safepoint region: Cleanup
[2022-06-13T01:55:53.323+0000][1][safepoint    ] Leaving safepoint region
[2022-06-13T01:55:53.324+0000][1][safepoint    ] Total time for which application threads were stopped: 0.0013159 seconds, Stopping threads took: 0.0003362 seconds
[2022-06-13T01:55:54.325+0000][1][safepoint    ] Application time: 1.0002967 seconds
[2022-06-13T01:55:54.325+0000][1][safepoint    ] Entering safepoint region: Cleanup
[2022-06-13T01:55:54.326+0000][1][safepoint    ] Leaving safepoint region
[2022-06-13T01:55:54.326+0000][1][safepoint    ] Total time for which application threads were stopped: 0.0009277 seconds, Stopping threads took: 0.0003560 seconds
[2022-06-13T01:55:55.327+0000][1][safepoint    ] Application time: 1.0002574 seconds
[2022-06-13T01:55:55.327+0000][1][safepoint    ] Entering safepoint region: Cleanup
[2022-06-13T01:55:55.328+0000][1][safepoint    ] Leaving safepoint region
[2022-06-13T01:55:55.329+0000][1][safepoint    ] Total time for which application threads were stopped: 0.0013927 seconds, Stopping threads took: 0.0005549 seconds
[2022-06-13T01:55:56.330+0000][1][safepoint    ] Application time: 1.0003768 seconds
[2022-06-13T01:55:56.330+0000][1][safepoint    ] Entering safepoint region: Cleanup
[2022-06-13T01:55:56.331+0000][1][safepoint    ] Leaving safepoint region
[2022-06-13T01:55:56.332+0000][1][safepoint    ] Total time for which application threads were stopped: 0.0017770 seconds, Stopping threads took: 0.0007933 seconds
[2022-06-13T01:55:57.333+0000][1][safepoint    ] Application time: 1.0002204 seconds
[2022-06-13T01:55:57.334+0000][1][safepoint    ] Entering safepoint region: Cleanup
[2022-06-13T01:55:57.334+0000][1][safepoint    ] Leaving safepoint region
[2022-06-13T01:55:57.335+0000][1][safepoint    ] Total time for which application threads were stopped: 0.0013904 seconds, Stopping threads took: 0.0006536 seconds
[2022-06-13T01:55:58.336+0000][1][safepoint    ] Application time: 1.0001757 seconds
[2022-06-13T01:55:58.336+0000][1][safepoint    ] Entering safepoint region: Cleanup
[2022-06-13T01:55:58.337+0000][1][safepoint    ] Leaving safepoint region
[2022-06-13T01:55:58.338+0000][1][safepoint    ] Total time for which application threads were stopped: 0.0012501 seconds, Stopping threads took: 0.0004661 seconds
[2022-06-13T01:55:59.338+0000][1][safepoint    ] Application time: 1.0003471 seconds
[2022-06-13T01:55:59.339+0000][1][safepoint    ] Entering safepoint region: Cleanup
[2022-06-13T01:55:59.340+0000][1][safepoint    ] Leaving safepoint region
[2022-06-13T01:55:59.341+0000][1][safepoint    ] Total time for which application threads were stopped: 0.0016338 seconds, Stopping threads took: 0.0004884 seconds
[2022-06-13T01:56:00.341+0000][1][safepoint    ] Application time: 1.0002686 seconds
[2022-06-13T01:56:00.342+0000][1][safepoint    ] Entering safepoint region: Cleanup
[2022-06-13T01:56:00.343+0000][1][safepoint    ] Leaving safepoint region
[2022-06-13T01:56:00.344+0000][1][safepoint    ] Total time for which application threads were stopped: 0.0017516 seconds, Stopping threads took: 0.0008210 seconds
[2022-06-13T01:56:01.345+0000][1][safepoint    ] Application time: 1.0002466 seconds
[2022-06-13T01:56:01.346+0000][1][safepoint    ] Entering safepoint region: Cleanup
[2022-06-13T01:56:01.347+0000][1][safepoint    ] Leaving safepoint region
[2022-06-13T01:56:01.347+0000][1][safepoint    ] Total time for which application threads were stopped: 0.0016341 seconds, Stopping threads took: 0.0007468 seconds
[2022-06-13T01:56:02.348+0000][1][safepoint    ] Application time: 1.0001543 seconds
[2022-06-13T01:56:02.349+0000][1][safepoint    ] Entering safepoint region: Cleanup
[2022-06-13T01:56:02.350+0000][1][safepoint    ] Leaving safepoint region
[2022-06-13T01:56:02.350+0000][1][safepoint    ] Total time for which application threads were stopped: 0.0007449 seconds, Stopping threads took: 0.0002786 seconds
[2022-06-13T01:56:03.350+0000][1][safepoint    ] Application time: 1.0002143 seconds
[2022-06-13T01:56:03.351+0000][1][safepoint    ] Entering safepoint region: Cleanup
[2022-06-13T01:56:03.352+0000][1][safepoint    ] Leaving safepoint region
[2022-06-13T01:56:03.353+0000][1][safepoint    ] Total time for which application threads were stopped: 0.0018563 seconds, Stopping threads took: 0.0007883 seconds
[2022-06-13T01:56:04.354+0000][1][safepoint    ] Application time: 1.0002869 seconds
[2022-06-13T01:56:04.355+0000][1][safepoint    ] Entering safepoint region: Cleanup
[2022-06-13T01:56:04.355+0000][1][safepoint    ] Leaving safepoint region
[2022-06-13T01:56:04.356+0000][1][safepoint    ] Total time for which application threads were stopped: 0.0010658 seconds, Stopping threads took: 0.0004286 seconds
[2022-06-13T01:56:05.356+0000][1][safepoint    ] Application time: 1.0002199 seconds
[2022-06-13T01:56:05.357+0000][1][safepoint    ] Entering safepoint region: Cleanup
[2022-06-13T01:56:05.357+0000][1][safepoint    ] Leaving safepoint region
[2022-06-13T01:56:05.357+0000][1][safepoint    ] Total time for which application threads were stopped: 0.0004968 seconds, Stopping threads took: 0.0002281 seconds
[2022-06-13T01:56:06.358+0000][1][safepoint    ] Application time: 1.0002667 seconds
[2022-06-13T01:56:06.358+0000][1][safepoint    ] Entering safepoint region: Cleanup
[2022-06-13T01:56:06.359+0000][1][safepoint    ] Leaving safepoint region
[2022-06-13T01:56:06.359+0000][1][safepoint    ] Total time for which application threads were stopped: 0.0007479 seconds, Stopping threads took: 0.0003398 seconds
[2022-06-13T01:56:07.359+0000][1][safepoint    ] Application time: 1.0002238 seconds
[2022-06-13T01:56:07.360+0000][1][safepoint    ] Entering safepoint region: Cleanup
[2022-06-13T01:56:07.361+0000][1][safepoint    ] Leaving safepoint region
[2022-06-13T01:56:07.362+0000][1][safepoint    ] Total time for which application threads were stopped: 0.0018993 seconds, Stopping threads took: 0.0009860 seconds
[2022-06-13T01:56:08.363+0000][1][safepoint    ] Application time: 1.0001600 seconds
[2022-06-13T01:56:08.363+0000][1][safepoint    ] Entering safepoint region: Cleanup
[2022-06-13T01:56:08.364+0000][1][safepoint    ] Leaving safepoint region
[2022-06-13T01:56:08.364+0000][1][safepoint    ] Total time for which application threads were stopped: 0.0007816 seconds, Stopping threads took: 0.0003695 seconds
[2022-06-13T01:56:09.272+0000][1][safepoint    ] Application time: 0.9077659 seconds
[2022-06-13T01:56:09.273+0000][1][safepoint    ] Entering safepoint region: GenCollectForAllocation
[2022-06-13T01:56:09.273+0000][1][gc,start     ] GC(23) Pause Young (Allocation Failure)
[2022-06-13T01:56:09.274+0000][1][gc,task      ] GC(23) Using 5 workers of 13 for evacuation
[2022-06-13T01:56:09.284+0000][1][gc,age       ] GC(23) Desired survivor size 4456448 bytes, new threshold 6 (max threshold 6)
[2022-06-13T01:56:09.284+0000][1][gc,age       ] GC(23) Age table with threshold 6 (max threshold 6)
[2022-06-13T01:56:09.284+0000][1][gc,age       ] GC(23) - age   1:      65264 bytes,      65264 total
[2022-06-13T01:56:09.285+0000][1][gc,age       ] GC(23) - age   2:     698992 bytes,     764256 total
[2022-06-13T01:56:09.285+0000][1][gc,heap      ] GC(23) ParNew: 77043K->5097K(78656K)
[2022-06-13T01:56:09.286+0000][1][gc,heap      ] GC(23) CMS: 64506K->68364K(174784K)
[2022-06-13T01:56:09.286+0000][1][gc,metaspace ] GC(23) Metaspace: 63982K->63982K(1107968K)
[2022-06-13T01:56:09.287+0000][1][gc           ] GC(23) Pause Young (Allocation Failure) 138M->71M(247M) 13.606ms
[2022-06-13T01:56:09.287+0000][1][gc,cpu       ] GC(23) User=0.05s Sys=0.00s Real=0.01s
[2022-06-13T01:56:09.288+0000][1][safepoint    ] Leaving safepoint region
[2022-06-13T01:56:09.288+0000][1][safepoint    ] Total time for which application threads were stopped: 0.0151681 seconds, Stopping threads took: 0.0003795 seconds
[2022-06-13T01:56:10.288+0000][1][safepoint    ] Application time: 1.0002850 seconds
[2022-06-13T01:56:10.289+0000][1][safepoint    ] Entering safepoint region: Cleanup
[2022-06-13T01:56:10.290+0000][1][safepoint    ] Leaving safepoint region
[2022-06-13T01:56:10.291+0000][1][safepoint    ] Total time for which application threads were stopped: 0.0015873 seconds, Stopping threads took: 0.0006160 seconds
[2022-06-13T01:56:11.292+0000][1][safepoint    ] Application time: 1.0002598 seconds
[2022-06-13T01:56:11.292+0000][1][safepoint    ] Entering safepoint region: Cleanup
[2022-06-13T01:56:11.293+0000][1][safepoint    ] Leaving safepoint region
[2022-06-13T01:56:11.293+0000][1][safepoint    ] Total time for which application threads were stopped: 0.0010707 seconds, Stopping threads took: 0.0003554 seconds
[2022-06-13T01:56:12.294+0000][1][safepoint    ] Application time: 1.0002421 seconds
[2022-06-13T01:56:12.294+0000][1][safepoint    ] Entering safepoint region: Cleanup
[2022-06-13T01:56:12.295+0000][1][safepoint    ] Leaving safepoint region
[2022-06-13T01:56:12.295+0000][1][safepoint    ] Total time for which application threads were stopped: 0.0007213 seconds, Stopping threads took: 0.0002709 seconds
[2022-06-13T01:56:13.295+0000][1][safepoint    ] Application time: 1.0002220 seconds
[2022-06-13T01:56:13.296+0000][1][safepoint    ] Entering safepoint region: Cleanup
[2022-06-13T01:56:13.296+0000][1][safepoint    ] Leaving safepoint region
[2022-06-13T01:56:13.297+0000][1][safepoint    ] Total time for which application threads were stopped: 0.0009697 seconds, Stopping threads took: 0.0003472 seconds
[2022-06-13T01:56:14.298+0000][1][safepoint    ] Application time: 1.0002139 seconds
[2022-06-13T01:56:14.298+0000][1][safepoint    ] Entering safepoint region: Cleanup
[2022-06-13T01:56:14.299+0000][1][safepoint    ] Leaving safepoint region
[2022-06-13T01:56:14.300+0000][1][safepoint    ] Total time for which application threads were stopped: 0.0013492 seconds, Stopping threads took: 0.0006507 seconds
[2022-06-13T01:56:15.300+0000][1][safepoint    ] Application time: 1.0001307 seconds
[2022-06-13T01:56:15.301+0000][1][safepoint    ] Entering safepoint region: Cleanup
[2022-06-13T01:56:15.302+0000][1][safepoint    ] Leaving safepoint region
[2022-06-13T01:56:15.302+0000][1][safepoint    ] Total time for which application threads were stopped: 0.0010314 seconds, Stopping threads took: 0.0003595 seconds
[2022-06-13T01:56:16.302+0000][1][safepoint    ] Application time: 1.0001627 seconds
[2022-06-13T01:56:16.303+0000][1][safepoint    ] Entering safepoint region: Cleanup
[2022-06-13T01:56:16.303+0000][1][safepoint    ] Leaving safepoint region
[2022-06-13T01:56:16.304+0000][1][safepoint    ] Total time for which application threads were stopped: 0.0006328 seconds, Stopping threads took: 0.0002713 seconds
[2022-06-13T01:56:17.304+0000][1][safepoint    ] Application time: 1.0001906 seconds
[2022-06-13T01:56:17.305+0000][1][safepoint    ] Entering safepoint region: Cleanup
[2022-06-13T01:56:17.305+0000][1][safepoint    ] Leaving safepoint region
[2022-06-13T01:56:17.306+0000][1][safepoint    ] Total time for which application threads were stopped: 0.0010367 seconds, Stopping threads took: 0.0003838 seconds
[2022-06-13T01:56:18.306+0000][1][safepoint    ] Application time: 1.0002009 seconds
[2022-06-13T01:56:18.307+0000][1][safepoint    ] Entering safepoint region: Cleanup
[2022-06-13T01:56:18.308+0000][1][safepoint    ] Leaving safepoint region
[2022-06-13T01:56:18.308+0000][1][safepoint    ] Total time for which application threads were stopped: 0.0009044 seconds, Stopping threads took: 0.0004520 seconds
[2022-06-13T01:56:19.308+0000][1][safepoint    ] Application time: 1.0002821 seconds
[2022-06-13T01:56:19.309+0000][1][safepoint    ] Entering safepoint region: Cleanup
[2022-06-13T01:56:19.310+0000][1][safepoint    ] Leaving safepoint region
[2022-06-13T01:56:19.310+0000][1][safepoint    ] Total time for which application threads were stopped: 0.0010197 seconds, Stopping threads took: 0.0004562 seconds
[2022-06-13T01:56:20.311+0000][1][safepoint    ] Application time: 1.0001753 seconds
[2022-06-13T01:56:20.311+0000][1][safepoint    ] Entering safepoint region: Cleanup
[2022-06-13T01:56:20.312+0000][1][safepoint    ] Leaving safepoint region
[2022-06-13T01:56:20.312+0000][1][safepoint    ] Total time for which application threads were stopped: 0.0010526 seconds, Stopping threads took: 0.0004767 seconds
[2022-06-13T01:56:21.313+0000][1][safepoint    ] Application time: 1.0003475 seconds
[2022-06-13T01:56:21.314+0000][1][safepoint    ] Entering safepoint region: Cleanup
[2022-06-13T01:56:21.314+0000][1][safepoint    ] Leaving safepoint region
[2022-06-13T01:56:21.314+0000][1][safepoint    ] Total time for which application threads were stopped: 0.0007407 seconds, Stopping threads took: 0.0002383 seconds
[2022-06-13T01:56:22.315+0000][1][safepoint    ] Application time: 1.0001939 seconds
[2022-06-13T01:56:22.315+0000][1][safepoint    ] Entering safepoint region: Cleanup
[2022-06-13T01:56:22.316+0000][1][safepoint    ] Leaving safepoint region
[2022-06-13T01:56:22.317+0000][1][safepoint    ] Total time for which application threads were stopped: 0.0013190 seconds, Stopping threads took: 0.0005211 seconds
[2022-06-13T01:56:23.318+0000][1][safepoint    ] Application time: 1.0003427 seconds
[2022-06-13T01:56:23.318+0000][1][safepoint    ] Entering safepoint region: Cleanup
[2022-06-13T01:56:23.319+0000][1][safepoint    ] Leaving safepoint region
[2022-06-13T01:56:23.320+0000][1][safepoint    ] Total time for which application threads were stopped: 0.0015727 seconds, Stopping threads took: 0.0008281 seconds
[2022-06-13T01:56:24.321+0000][1][safepoint    ] Application time: 1.0002093 seconds
[2022-06-13T01:56:24.321+0000][1][safepoint    ] Entering safepoint region: Cleanup
[2022-06-13T01:56:24.322+0000][1][safepoint    ] Leaving safepoint region
[2022-06-13T01:56:24.322+0000][1][safepoint    ] Total time for which application threads were stopped: 0.0010082 seconds, Stopping threads took: 0.0004795 seconds
[2022-06-13T01:56:25.323+0000][1][safepoint    ] Application time: 1.0003819 seconds
[2022-06-13T01:56:25.324+0000][1][safepoint    ] Entering safepoint region: Cleanup
[2022-06-13T01:56:25.325+0000][1][safepoint    ] Leaving safepoint region
[2022-06-13T01:56:25.325+0000][1][safepoint    ] Total time for which application threads were stopped: 0.0012293 seconds, Stopping threads took: 0.0006154 seconds
[2022-06-13T01:56:26.326+0000][1][safepoint    ] Application time: 1.0002449 seconds
[2022-06-13T01:56:26.327+0000][1][safepoint    ] Entering safepoint region: Cleanup
[2022-06-13T01:56:26.327+0000][1][safepoint    ] Leaving safepoint region
[2022-06-13T01:56:26.328+0000][1][safepoint    ] Total time for which application threads were stopped: 0.0009527 seconds, Stopping threads took: 0.0003446 seconds
[2022-06-13T01:56:27.328+0000][1][safepoint    ] Application time: 1.0002057 seconds
[2022-06-13T01:56:27.329+0000][1][safepoint    ] Entering safepoint region: Cleanup
[2022-06-13T01:56:27.330+0000][1][safepoint    ] Leaving safepoint region
[2022-06-13T01:56:27.330+0000][1][safepoint    ] Total time for which application threads were stopped: 0.0010974 seconds, Stopping threads took: 0.0005928 seconds
[2022-06-13T01:56:28.331+0000][1][safepoint    ] Application time: 1.0002446 seconds
[2022-06-13T01:56:28.332+0000][1][safepoint    ] Entering safepoint region: Cleanup
[2022-06-13T01:56:28.333+0000][1][safepoint    ] Leaving safepoint region
[2022-06-13T01:56:28.334+0000][1][safepoint    ] Total time for which application threads were stopped: 0.0018397 seconds, Stopping threads took: 0.0008185 seconds
[2022-06-13T01:56:29.335+0000][1][safepoint    ] Application time: 1.0003912 seconds
[2022-06-13T01:56:29.336+0000][1][safepoint    ] Entering safepoint region: Cleanup
[2022-06-13T01:56:29.337+0000][1][safepoint    ] Leaving safepoint region
[2022-06-13T01:56:29.338+0000][1][safepoint    ] Total time for which application threads were stopped: 0.0019245 seconds, Stopping threads took: 0.0007932 seconds
[2022-06-13T01:56:30.339+0000][1][safepoint    ] Application time: 1.0004286 seconds
[2022-06-13T01:56:30.340+0000][1][safepoint    ] Entering safepoint region: Cleanup
[2022-06-13T01:56:30.340+0000][1][safepoint    ] Leaving safepoint region
[2022-06-13T01:56:30.340+0000][1][safepoint    ] Total time for which application threads were stopped: 0.0007598 seconds, Stopping threads took: 0.0002328 seconds
[2022-06-13T01:56:31.341+0000][1][safepoint    ] Application time: 1.0002598 seconds
[2022-06-13T01:56:31.341+0000][1][safepoint    ] Entering safepoint region: Cleanup
[2022-06-13T01:56:31.342+0000][1][safepoint    ] Leaving safepoint region
[2022-06-13T01:56:31.343+0000][1][safepoint    ] Total time for which application threads were stopped: 0.0015339 seconds, Stopping threads took: 0.0007674 seconds
[2022-06-13T01:56:32.343+0000][1][safepoint    ] Application time: 1.0002586 seconds
[2022-06-13T01:56:32.344+0000][1][safepoint    ] Entering safepoint region: Cleanup
[2022-06-13T01:56:32.346+0000][1][safepoint    ] Leaving safepoint region
[2022-06-13T01:56:32.346+0000][1][safepoint    ] Total time for which application threads were stopped: 0.0017275 seconds, Stopping threads took: 0.0009620 seconds
[2022-06-13T01:56:33.347+0000][1][safepoint    ] Application time: 1.0002696 seconds
[2022-06-13T01:56:33.347+0000][1][safepoint    ] Entering safepoint region: Cleanup
[2022-06-13T01:56:33.348+0000][1][safepoint    ] Leaving safepoint region
[2022-06-13T01:56:33.348+0000][1][safepoint    ] Total time for which application threads were stopped: 0.0009514 seconds, Stopping threads took: 0.0003626 seconds
[2022-06-13T01:56:34.349+0000][1][safepoint    ] Application time: 1.0002417 seconds
[2022-06-13T01:56:34.349+0000][1][safepoint    ] Entering safepoint region: Cleanup
[2022-06-13T01:56:34.350+0000][1][safepoint    ] Leaving safepoint region
[2022-06-13T01:56:34.350+0000][1][safepoint    ] Total time for which application threads were stopped: 0.0013127 seconds, Stopping threads took: 0.0006858 seconds
[2022-06-13T01:56:35.351+0000][1][safepoint    ] Application time: 1.0002370 seconds
[2022-06-13T01:56:35.351+0000][1][safepoint    ] Entering safepoint region: Cleanup
[2022-06-13T01:56:35.352+0000][1][safepoint    ] Leaving safepoint region
[2022-06-13T01:56:35.352+0000][1][safepoint    ] Total time for which application threads were stopped: 0.0010556 seconds, Stopping threads took: 0.0004530 seconds
[2022-06-13T01:56:36.353+0000][1][safepoint    ] Application time: 1.0001787 seconds
[2022-06-13T01:56:36.354+0000][1][safepoint    ] Entering safepoint region: Cleanup
[2022-06-13T01:56:36.354+0000][1][safepoint    ] Leaving safepoint region
[2022-06-13T01:56:36.355+0000][1][safepoint    ] Total time for which application threads were stopped: 0.0009089 seconds, Stopping threads took: 0.0004556 seconds
[2022-06-13T01:56:37.355+0000][1][safepoint    ] Application time: 1.0001998 seconds
[2022-06-13T01:56:37.356+0000][1][safepoint    ] Entering safepoint region: Cleanup
[2022-06-13T01:56:37.356+0000][1][safepoint    ] Leaving safepoint region
[2022-06-13T01:56:37.357+0000][1][safepoint    ] Total time for which application threads were stopped: 0.0011266 seconds, Stopping threads took: 0.0004969 seconds
[2022-06-13T01:56:38.358+0000][1][safepoint    ] Application time: 1.0002626 seconds
[2022-06-13T01:56:38.358+0000][1][safepoint    ] Entering safepoint region: Cleanup
[2022-06-13T01:56:38.359+0000][1][safepoint    ] Leaving safepoint region
[2022-06-13T01:56:38.359+0000][1][safepoint    ] Total time for which application threads were stopped: 0.0010249 seconds, Stopping threads took: 0.0003913 seconds
[2022-06-13T01:56:39.359+0000][1][safepoint    ] Application time: 1.0001720 seconds
[2022-06-13T01:56:39.360+0000][1][safepoint    ] Entering safepoint region: Cleanup
[2022-06-13T01:56:39.361+0000][1][safepoint    ] Leaving safepoint region
[2022-06-13T01:56:39.362+0000][1][safepoint    ] Total time for which application threads were stopped: 0.0012839 seconds, Stopping threads took: 0.0006374 seconds
[2022-06-13T01:56:40.362+0000][1][safepoint    ] Application time: 1.0002353 seconds
[2022-06-13T01:56:40.363+0000][1][safepoint    ] Entering safepoint region: Cleanup
[2022-06-13T01:56:40.364+0000][1][safepoint    ] Leaving safepoint region
[2022-06-13T01:56:40.365+0000][1][safepoint    ] Total time for which application threads were stopped: 0.0014273 seconds, Stopping threads took: 0.0006478 seconds
[2022-06-13T01:56:41.365+0000][1][safepoint    ] Application time: 1.0002732 seconds
[2022-06-13T01:56:41.366+0000][1][safepoint    ] Entering safepoint region: Cleanup
[2022-06-13T01:56:41.367+0000][1][safepoint    ] Leaving safepoint region
[2022-06-13T01:56:41.367+0000][1][safepoint    ] Total time for which application threads were stopped: 0.0012749 seconds, Stopping threads took: 0.0005385 seconds
[2022-06-13T01:56:42.368+0000][1][safepoint    ] Application time: 1.0002340 seconds
[2022-06-13T01:56:42.369+0000][1][safepoint    ] Entering safepoint region: Cleanup
[2022-06-13T01:56:42.369+0000][1][safepoint    ] Leaving safepoint region
[2022-06-13T01:56:42.370+0000][1][safepoint    ] Total time for which application threads were stopped: 0.0012346 seconds, Stopping threads took: 0.0005193 seconds
[2022-06-13T01:56:43.371+0000][1][safepoint    ] Application time: 1.0001685 seconds
[2022-06-13T01:56:43.371+0000][1][safepoint    ] Entering safepoint region: Cleanup
[2022-06-13T01:56:43.372+0000][1][safepoint    ] Leaving safepoint region
[2022-06-13T01:56:43.372+0000][1][safepoint    ] Total time for which application threads were stopped: 0.0007096 seconds, Stopping threads took: 0.0003830 seconds
[2022-06-13T01:56:44.372+0000][1][safepoint    ] Application time: 1.0001551 seconds
[2022-06-13T01:56:44.373+0000][1][safepoint    ] Entering safepoint region: Cleanup
[2022-06-13T01:56:44.373+0000][1][safepoint    ] Leaving safepoint region
[2022-06-13T01:56:44.373+0000][1][safepoint    ] Total time for which application threads were stopped: 0.0006723 seconds, Stopping threads took: 0.0003637 seconds
[2022-06-13T01:56:45.374+0000][1][safepoint    ] Application time: 1.0001251 seconds
[2022-06-13T01:56:45.374+0000][1][safepoint    ] Entering safepoint region: Cleanup
[2022-06-13T01:56:45.375+0000][1][safepoint    ] Leaving safepoint region
[2022-06-13T01:56:45.375+0000][1][safepoint    ] Total time for which application threads were stopped: 0.0008380 seconds, Stopping threads took: 0.0002950 seconds
[2022-06-13T01:56:46.375+0000][1][safepoint    ] Application time: 1.0003052 seconds
[2022-06-13T01:56:46.376+0000][1][safepoint    ] Entering safepoint region: Cleanup
[2022-06-13T01:56:46.376+0000][1][safepoint    ] Leaving safepoint region
[2022-06-13T01:56:46.377+0000][1][safepoint    ] Total time for which application threads were stopped: 0.0008848 seconds, Stopping threads took: 0.0004965 seconds
[2022-06-13T01:56:47.377+0000][1][safepoint    ] Application time: 1.0002017 seconds
[2022-06-13T01:56:47.378+0000][1][safepoint    ] Entering safepoint region: Cleanup
[2022-06-13T01:56:47.379+0000][1][safepoint    ] Leaving safepoint region
[2022-06-13T01:56:47.379+0000][1][safepoint    ] Total time for which application threads were stopped: 0.0015064 seconds, Stopping threads took: 0.0006995 seconds
[2022-06-13T01:56:48.380+0000][1][safepoint    ] Application time: 1.0001833 seconds
[2022-06-13T01:56:48.380+0000][1][safepoint    ] Entering safepoint region: Cleanup
[2022-06-13T01:56:48.381+0000][1][safepoint    ] Leaving safepoint region
[2022-06-13T01:56:48.381+0000][1][safepoint    ] Total time for which application threads were stopped: 0.0007841 seconds, Stopping threads took: 0.0003240 seconds
[2022-06-13T01:56:49.382+0000][1][safepoint    ] Application time: 1.0001360 seconds
[2022-06-13T01:56:49.382+0000][1][safepoint    ] Entering safepoint region: Cleanup
[2022-06-13T01:56:49.383+0000][1][safepoint    ] Leaving safepoint region
[2022-06-13T01:56:49.383+0000][1][safepoint    ] Total time for which application threads were stopped: 0.0011770 seconds, Stopping threads took: 0.0005644 seconds
[2022-06-13T01:56:50.384+0000][1][safepoint    ] Application time: 1.0002738 seconds
[2022-06-13T01:56:50.385+0000][1][safepoint    ] Entering safepoint region: Cleanup
[2022-06-13T01:56:50.386+0000][1][safepoint    ] Leaving safepoint region
[2022-06-13T01:56:50.387+0000][1][safepoint    ] Total time for which application threads were stopped: 0.0018214 seconds, Stopping threads took: 0.0009382 seconds
[2022-06-13T01:56:51.387+0000][1][safepoint    ] Application time: 1.0002668 seconds
[2022-06-13T01:56:51.388+0000][1][safepoint    ] Entering safepoint region: Cleanup
[2022-06-13T01:56:51.389+0000][1][safepoint    ] Leaving safepoint region
[2022-06-13T01:56:51.389+0000][1][safepoint    ] Total time for which application threads were stopped: 0.0012198 seconds, Stopping threads took: 0.0005562 seconds
[2022-06-13T01:56:52.390+0000][1][safepoint    ] Application time: 1.0002683 seconds
[2022-06-13T01:56:52.390+0000][1][safepoint    ] Entering safepoint region: Cleanup
[2022-06-13T01:56:52.391+0000][1][safepoint    ] Leaving safepoint region
[2022-06-13T01:56:52.391+0000][1][safepoint    ] Total time for which application threads were stopped: 0.0009943 seconds, Stopping threads took: 0.0004569 seconds
[2022-06-13T01:56:53.392+0000][1][safepoint    ] Application time: 1.0005543 seconds
[2022-06-13T01:56:53.393+0000][1][safepoint    ] Entering safepoint region: Cleanup
[2022-06-13T01:56:53.394+0000][1][safepoint    ] Leaving safepoint region
[2022-06-13T01:56:53.395+0000][1][safepoint    ] Total time for which application threads were stopped: 0.0017480 seconds, Stopping threads took: 0.0008849 seconds
[2022-06-13T01:56:54.396+0000][1][safepoint    ] Application time: 1.0003743 seconds
[2022-06-13T01:56:54.397+0000][1][safepoint    ] Entering safepoint region: Cleanup
[2022-06-13T01:56:54.398+0000][1][safepoint    ] Leaving safepoint region
[2022-06-13T01:56:54.399+0000][1][safepoint    ] Total time for which application threads were stopped: 0.0018412 seconds, Stopping threads took: 0.0008026 seconds
[2022-06-13T01:56:55.399+0000][1][safepoint    ] Application time: 1.0001915 seconds
[2022-06-13T01:56:55.400+0000][1][safepoint    ] Entering safepoint region: Cleanup
[2022-06-13T01:56:55.401+0000][1][safepoint    ] Leaving safepoint region
[2022-06-13T01:56:55.402+0000][1][safepoint    ] Total time for which application threads were stopped: 0.0014971 seconds, Stopping threads took: 0.0006744 seconds
[2022-06-13T01:56:56.402+0000][1][safepoint    ] Application time: 1.0002016 seconds
[2022-06-13T01:56:56.403+0000][1][safepoint    ] Entering safepoint region: Cleanup
[2022-06-13T01:56:56.404+0000][1][safepoint    ] Leaving safepoint region
[2022-06-13T01:56:56.404+0000][1][safepoint    ] Total time for which application threads were stopped: 0.0011165 seconds, Stopping threads took: 0.0006689 seconds
[2022-06-13T01:56:57.405+0000][1][safepoint    ] Application time: 1.0003176 seconds
[2022-06-13T01:56:57.406+0000][1][safepoint    ] Entering safepoint region: Cleanup
[2022-06-13T01:56:57.407+0000][1][safepoint    ] Leaving safepoint region
[2022-06-13T01:56:57.407+0000][1][safepoint    ] Total time for which application threads were stopped: 0.0015849 seconds, Stopping threads took: 0.0006732 seconds
[2022-06-13T01:56:58.408+0000][1][safepoint    ] Application time: 1.0003520 seconds
[2022-06-13T01:56:58.409+0000][1][safepoint    ] Entering safepoint region: Cleanup
[2022-06-13T01:56:58.410+0000][1][safepoint    ] Leaving safepoint region
[2022-06-13T01:56:58.410+0000][1][safepoint    ] Total time for which application threads were stopped: 0.0010445 seconds, Stopping threads took: 0.0005548 seconds
[2022-06-13T01:56:59.411+0000][1][safepoint    ] Application time: 1.0002219 seconds
[2022-06-13T01:56:59.412+0000][1][safepoint    ] Entering safepoint region: Cleanup
[2022-06-13T01:56:59.412+0000][1][safepoint    ] Leaving safepoint region
[2022-06-13T01:56:59.413+0000][1][safepoint    ] Total time for which application threads were stopped: 0.0010405 seconds, Stopping threads took: 0.0004856 seconds
[2022-06-13T01:57:00.413+0000][1][safepoint    ] Application time: 1.0002337 seconds
[2022-06-13T01:57:00.414+0000][1][safepoint    ] Entering safepoint region: Cleanup
[2022-06-13T01:57:00.415+0000][1][safepoint    ] Leaving safepoint region
[2022-06-13T01:57:00.415+0000][1][safepoint    ] Total time for which application threads were stopped: 0.0009350 seconds, Stopping threads took: 0.0003876 seconds
[2022-06-13T01:57:01.416+0000][1][safepoint    ] Application time: 1.0002113 seconds
[2022-06-13T01:57:01.417+0000][1][safepoint    ] Entering safepoint region: Cleanup
[2022-06-13T01:57:01.418+0000][1][safepoint    ] Leaving safepoint region
[2022-06-13T01:57:01.418+0000][1][safepoint    ] Total time for which application threads were stopped: 0.0009258 seconds, Stopping threads took: 0.0004662 seconds
[2022-06-13T01:57:02.419+0000][1][safepoint    ] Application time: 1.0002097 seconds
[2022-06-13T01:57:02.419+0000][1][safepoint    ] Entering safepoint region: Cleanup
[2022-06-13T01:57:02.420+0000][1][safepoint    ] Leaving safepoint region
[2022-06-13T01:57:02.420+0000][1][safepoint    ] Total time for which application threads were stopped: 0.0009077 seconds, Stopping threads took: 0.0002907 seconds
[2022-06-13T01:57:10.422+0000][1][safepoint    ] Application time: 8.0017534 seconds
[2022-06-13T01:57:10.423+0000][1][safepoint    ] Entering safepoint region: Cleanup
[2022-06-13T01:57:10.424+0000][1][safepoint    ] Leaving safepoint region
[2022-06-13T01:57:10.424+0000][1][safepoint    ] Total time for which application threads were stopped: 0.0012561 seconds, Stopping threads took: 0.0005556 seconds
[2022-06-13T01:57:11.425+0000][1][safepoint    ] Application time: 1.0003054 seconds
[2022-06-13T01:57:11.426+0000][1][safepoint    ] Entering safepoint region: Cleanup
[2022-06-13T01:57:11.426+0000][1][safepoint    ] Leaving safepoint region
[2022-06-13T01:57:11.427+0000][1][safepoint    ] Total time for which application threads were stopped: 0.0011615 seconds, Stopping threads took: 0.0005306 seconds
[2022-06-13T01:57:12.428+0000][1][safepoint    ] Application time: 1.0001317 seconds
[2022-06-13T01:57:12.428+0000][1][safepoint    ] Entering safepoint region: Cleanup
[2022-06-13T01:57:12.429+0000][1][safepoint    ] Leaving safepoint region
[2022-06-13T01:57:12.430+0000][1][safepoint    ] Total time for which application threads were stopped: 0.0015955 seconds, Stopping threads took: 0.0007228 seconds
[2022-06-13T01:57:13.431+0000][1][safepoint    ] Application time: 1.0002406 seconds
[2022-06-13T01:57:13.431+0000][1][safepoint    ] Entering safepoint region: Cleanup
[2022-06-13T01:57:13.432+0000][1][safepoint    ] Leaving safepoint region
[2022-06-13T01:57:13.433+0000][1][safepoint    ] Total time for which application threads were stopped: 0.0012166 seconds, Stopping threads took: 0.0005831 seconds
[2022-06-13T01:57:20.435+0000][1][safepoint    ] Application time: 7.0012235 seconds
[2022-06-13T01:57:20.435+0000][1][safepoint    ] Entering safepoint region: Cleanup
[2022-06-13T01:57:20.435+0000][1][safepoint    ] Leaving safepoint region
[2022-06-13T01:57:20.436+0000][1][safepoint    ] Total time for which application threads were stopped: 0.0008859 seconds, Stopping threads took: 0.0002848 seconds
[2022-06-13T01:57:22.437+0000][1][safepoint    ] Application time: 2.0004889 seconds
[2022-06-13T01:57:22.437+0000][1][safepoint    ] Entering safepoint region: Cleanup
[2022-06-13T01:57:22.438+0000][1][safepoint    ] Leaving safepoint region
[2022-06-13T01:57:22.438+0000][1][safepoint    ] Total time for which application threads were stopped: 0.0011383 seconds, Stopping threads took: 0.0004545 seconds
[2022-06-13T01:57:24.439+0000][1][safepoint    ] Application time: 2.0004114 seconds
[2022-06-13T01:57:24.440+0000][1][safepoint    ] Entering safepoint region: Cleanup
[2022-06-13T01:57:24.440+0000][1][safepoint    ] Leaving safepoint region
[2022-06-13T01:57:24.441+0000][1][safepoint    ] Total time for which application threads were stopped: 0.0016275 seconds, Stopping threads took: 0.0004989 seconds
[2022-06-13T01:57:28.443+0000][1][safepoint    ] Application time: 4.0011474 seconds
[2022-06-13T01:57:28.445+0000][1][safepoint    ] Entering safepoint region: Cleanup
[2022-06-13T01:57:28.448+0000][1][safepoint    ] Leaving safepoint region
[2022-06-13T01:57:28.450+0000][1][safepoint    ] Total time for which application threads were stopped: 0.0052670 seconds, Stopping threads took: 0.0023148 seconds
[2022-06-13T01:57:29.453+0000][1][safepoint    ] Application time: 1.0003970 seconds
[2022-06-13T01:57:29.453+0000][1][safepoint    ] Entering safepoint region: Cleanup
[2022-06-13T01:57:29.454+0000][1][safepoint    ] Leaving safepoint region
[2022-06-13T01:57:29.454+0000][1][safepoint    ] Total time for which application threads were stopped: 0.0007063 seconds, Stopping threads took: 0.0003104 seconds
[2022-06-13T01:57:30.454+0000][1][safepoint    ] Application time: 1.0001977 seconds
[2022-06-13T01:57:30.455+0000][1][safepoint    ] Entering safepoint region: Cleanup
[2022-06-13T01:57:30.455+0000][1][safepoint    ] Leaving safepoint region
[2022-06-13T01:57:30.456+0000][1][safepoint    ] Total time for which application threads were stopped: 0.0008966 seconds, Stopping threads took: 0.0003831 seconds
[2022-06-13T01:57:31.456+0000][1][safepoint    ] Application time: 1.0002965 seconds
[2022-06-13T01:57:31.457+0000][1][safepoint    ] Entering safepoint region: Cleanup
[2022-06-13T01:57:31.457+0000][1][safepoint    ] Leaving safepoint region
[2022-06-13T01:57:31.458+0000][1][safepoint    ] Total time for which application threads were stopped: 0.0009931 seconds, Stopping threads took: 0.0004600 seconds
[2022-06-13T01:57:34.459+0000][1][safepoint    ] Application time: 3.0006660 seconds
[2022-06-13T01:57:34.459+0000][1][safepoint    ] Entering safepoint region: Cleanup
[2022-06-13T01:57:34.460+0000][1][safepoint    ] Leaving safepoint region
[2022-06-13T01:57:34.460+0000][1][safepoint    ] Total time for which application threads were stopped: 0.0007157 seconds, Stopping threads took: 0.0004200 seconds
[2022-06-13T01:57:36.460+0000][1][safepoint    ] Application time: 2.0003631 seconds
[2022-06-13T01:57:36.461+0000][1][safepoint    ] Entering safepoint region: Cleanup
[2022-06-13T01:57:36.461+0000][1][safepoint    ] Leaving safepoint region
[2022-06-13T01:57:36.462+0000][1][safepoint    ] Total time for which application threads were stopped: 0.0008972 seconds, Stopping threads took: 0.0003434 seconds
[2022-06-13T01:57:37.462+0000][1][safepoint    ] Application time: 1.0001907 seconds
[2022-06-13T01:57:37.463+0000][1][safepoint    ] Entering safepoint region: Cleanup
[2022-06-13T01:57:37.463+0000][1][safepoint    ] Leaving safepoint region
[2022-06-13T01:57:37.464+0000][1][safepoint    ] Total time for which application threads were stopped: 0.0010756 seconds, Stopping threads took: 0.0004782 seconds
[2022-06-13T01:57:38.464+0000][1][safepoint    ] Application time: 1.0001487 seconds
[2022-06-13T01:57:38.465+0000][1][safepoint    ] Entering safepoint region: Cleanup
[2022-06-13T01:57:38.466+0000][1][safepoint    ] Leaving safepoint region
[2022-06-13T01:57:38.466+0000][1][safepoint    ] Total time for which application threads were stopped: 0.0013380 seconds, Stopping threads took: 0.0006463 seconds
[2022-06-13T01:57:39.467+0000][1][safepoint    ] Application time: 1.0002753 seconds
[2022-06-13T01:57:39.467+0000][1][safepoint    ] Entering safepoint region: Cleanup
[2022-06-13T01:57:39.468+0000][1][safepoint    ] Leaving safepoint region
[2022-06-13T01:57:39.468+0000][1][safepoint    ] Total time for which application threads were stopped: 0.0008059 seconds, Stopping threads took: 0.0003439 seconds
[2022-06-13T01:57:40.469+0000][1][safepoint    ] Application time: 1.0002437 seconds
[2022-06-13T01:57:40.469+0000][1][safepoint    ] Entering safepoint region: Cleanup
[2022-06-13T01:57:40.470+0000][1][safepoint    ] Leaving safepoint region
[2022-06-13T01:57:40.470+0000][1][safepoint    ] Total time for which application threads were stopped: 0.0008065 seconds, Stopping threads took: 0.0005060 seconds
[2022-06-13T01:57:41.470+0000][1][safepoint    ] Application time: 1.0001961 seconds
[2022-06-13T01:57:41.471+0000][1][safepoint    ] Entering safepoint region: Cleanup
[2022-06-13T01:57:41.471+0000][1][safepoint    ] Leaving safepoint region
[2022-06-13T01:57:41.471+0000][1][safepoint    ] Total time for which application threads were stopped: 0.0006150 seconds, Stopping threads took: 0.0002957 seconds
[2022-06-13T01:57:42.472+0000][1][safepoint    ] Application time: 1.0001775 seconds
[2022-06-13T01:57:42.472+0000][1][safepoint    ] Entering safepoint region: Cleanup
[2022-06-13T01:57:42.473+0000][1][safepoint    ] Leaving safepoint region
[2022-06-13T01:57:42.473+0000][1][safepoint    ] Total time for which application threads were stopped: 0.0006701 seconds, Stopping threads took: 0.0003014 seconds
[2022-06-13T01:57:43.473+0000][1][safepoint    ] Application time: 1.0001997 seconds
[2022-06-13T01:57:43.474+0000][1][safepoint    ] Entering safepoint region: Cleanup
[2022-06-13T01:57:43.474+0000][1][safepoint    ] Leaving safepoint region
[2022-06-13T01:57:43.475+0000][1][safepoint    ] Total time for which application threads were stopped: 0.0006917 seconds, Stopping threads took: 0.0003174 seconds
[2022-06-13T01:57:44.475+0000][1][safepoint    ] Application time: 1.0002046 seconds
[2022-06-13T01:57:44.475+0000][1][safepoint    ] Entering safepoint region: Cleanup
[2022-06-13T01:57:44.476+0000][1][safepoint    ] Leaving safepoint region
[2022-06-13T01:57:44.476+0000][1][safepoint    ] Total time for which application threads were stopped: 0.0006549 seconds, Stopping threads took: 0.0002552 seconds
[2022-06-13T01:57:45.476+0000][1][safepoint    ] Application time: 1.0001088 seconds
[2022-06-13T01:57:45.476+0000][1][safepoint    ] Entering safepoint region: Cleanup
[2022-06-13T01:57:45.477+0000][1][safepoint    ] Leaving safepoint region
[2022-06-13T01:57:45.477+0000][1][safepoint    ] Total time for which application threads were stopped: 0.0006402 seconds, Stopping threads took: 0.0003346 seconds
[2022-06-13T01:57:46.477+0000][1][safepoint    ] Application time: 1.0002182 seconds
[2022-06-13T01:57:46.478+0000][1][safepoint    ] Entering safepoint region: Cleanup
[2022-06-13T01:57:46.478+0000][1][safepoint    ] Leaving safepoint region
[2022-06-13T01:57:46.478+0000][1][safepoint    ] Total time for which application threads were stopped: 0.0006883 seconds, Stopping threads took: 0.0003326 seconds
[2022-06-13T01:57:47.479+0000][1][safepoint    ] Application time: 1.0001811 seconds
[2022-06-13T01:57:47.479+0000][1][safepoint    ] Entering safepoint region: Cleanup
[2022-06-13T01:57:47.480+0000][1][safepoint    ] Leaving safepoint region
[2022-06-13T01:57:47.480+0000][1][safepoint    ] Total time for which application threads were stopped: 0.0007848 seconds, Stopping threads took: 0.0003299 seconds
[2022-06-13T01:57:48.480+0000][1][safepoint    ] Application time: 1.0001711 seconds
[2022-06-13T01:57:48.481+0000][1][safepoint    ] Entering safepoint region: Cleanup
[2022-06-13T01:57:48.481+0000][1][safepoint    ] Leaving safepoint region
[2022-06-13T01:57:48.481+0000][1][safepoint    ] Total time for which application threads were stopped: 0.0004882 seconds, Stopping threads took: 0.0002054 seconds
[2022-06-13T01:57:49.482+0000][1][safepoint    ] Application time: 1.0001717 seconds
[2022-06-13T01:57:49.482+0000][1][safepoint    ] Entering safepoint region: Cleanup
[2022-06-13T01:57:49.483+0000][1][safepoint    ] Leaving safepoint region
[2022-06-13T01:57:49.483+0000][1][safepoint    ] Total time for which application threads were stopped: 0.0008643 seconds, Stopping threads took: 0.0004716 seconds
[2022-06-13T01:57:50.483+0000][1][safepoint    ] Application time: 1.0000992 seconds
[2022-06-13T01:57:50.483+0000][1][safepoint    ] Entering safepoint region: Cleanup
[2022-06-13T01:57:50.484+0000][1][safepoint    ] Leaving safepoint region
[2022-06-13T01:57:50.484+0000][1][safepoint    ] Total time for which application threads were stopped: 0.0004499 seconds, Stopping threads took: 0.0002005 seconds
[2022-06-13T01:57:51.484+0000][1][safepoint    ] Application time: 1.0001660 seconds
[2022-06-13T01:57:51.484+0000][1][safepoint    ] Entering safepoint region: Cleanup
[2022-06-13T01:57:51.485+0000][1][safepoint    ] Leaving safepoint region
[2022-06-13T01:57:51.485+0000][1][safepoint    ] Total time for which application threads were stopped: 0.0003251 seconds, Stopping threads took: 0.0001249 seconds
[2022-06-13T01:57:52.485+0000][1][safepoint    ] Application time: 1.0001409 seconds
[2022-06-13T01:57:52.485+0000][1][safepoint    ] Entering safepoint region: Cleanup
[2022-06-13T01:57:52.486+0000][1][safepoint    ] Leaving safepoint region
[2022-06-13T01:57:52.486+0000][1][safepoint    ] Total time for which application threads were stopped: 0.0008310 seconds, Stopping threads took: 0.0004371 seconds
[2022-06-13T01:57:53.487+0000][1][safepoint    ] Application time: 1.0001013 seconds
[2022-06-13T01:57:53.487+0000][1][safepoint    ] Entering safepoint region: Cleanup
[2022-06-13T01:57:53.487+0000][1][safepoint    ] Leaving safepoint region
[2022-06-13T01:57:53.487+0000][1][safepoint    ] Total time for which application threads were stopped: 0.0003604 seconds, Stopping threads took: 0.0001560 seconds
[2022-06-13T01:57:54.488+0000][1][safepoint    ] Application time: 1.0001693 seconds
[2022-06-13T01:57:54.488+0000][1][safepoint    ] Entering safepoint region: Cleanup
[2022-06-13T01:57:54.488+0000][1][safepoint    ] Leaving safepoint region
[2022-06-13T01:57:54.488+0000][1][safepoint    ] Total time for which application threads were stopped: 0.0006236 seconds, Stopping threads took: 0.0002800 seconds
[2022-06-13T01:57:55.489+0000][1][safepoint    ] Application time: 1.0000926 seconds
[2022-06-13T01:57:55.489+0000][1][safepoint    ] Entering safepoint region: Cleanup
[2022-06-13T01:57:55.490+0000][1][safepoint    ] Leaving safepoint region
[2022-06-13T01:57:55.490+0000][1][safepoint    ] Total time for which application threads were stopped: 0.0008385 seconds, Stopping threads took: 0.0003372 seconds
[2022-06-13T01:57:56.491+0000][1][safepoint    ] Application time: 1.0001878 seconds
[2022-06-13T01:57:56.491+0000][1][safepoint    ] Entering safepoint region: Cleanup
[2022-06-13T01:57:56.491+0000][1][safepoint    ] Leaving safepoint region
[2022-06-13T01:57:56.492+0000][1][safepoint    ] Total time for which application threads were stopped: 0.0006585 seconds, Stopping threads took: 0.0003027 seconds
[2022-06-13T01:57:57.492+0000][1][safepoint    ] Application time: 1.0002411 seconds
[2022-06-13T01:57:57.492+0000][1][safepoint    ] Entering safepoint region: Cleanup
[2022-06-13T01:57:57.493+0000][1][safepoint    ] Leaving safepoint region
[2022-06-13T01:57:57.493+0000][1][safepoint    ] Total time for which application threads were stopped: 0.0006367 seconds, Stopping threads took: 0.0003793 seconds
[2022-06-13T01:57:58.493+0000][1][safepoint    ] Application time: 1.0001323 seconds
[2022-06-13T01:57:58.494+0000][1][safepoint    ] Entering safepoint region: Cleanup
[2022-06-13T01:57:58.494+0000][1][safepoint    ] Leaving safepoint region
[2022-06-13T01:57:58.494+0000][1][safepoint    ] Total time for which application threads were stopped: 0.0006437 seconds, Stopping threads took: 0.0003928 seconds
[2022-06-13T01:57:59.495+0000][1][safepoint    ] Application time: 1.0002416 seconds
[2022-06-13T01:57:59.495+0000][1][safepoint    ] Entering safepoint region: Cleanup
[2022-06-13T01:57:59.496+0000][1][safepoint    ] Leaving safepoint region
[2022-06-13T01:57:59.496+0000][1][safepoint    ] Total time for which application threads were stopped: 0.0011991 seconds, Stopping threads took: 0.0006138 seconds
[2022-06-13T01:58:00.497+0000][1][safepoint    ] Application time: 1.0001621 seconds
[2022-06-13T01:58:00.498+0000][1][safepoint    ] Entering safepoint region: Cleanup
[2022-06-13T01:58:00.498+0000][1][safepoint    ] Leaving safepoint region
[2022-06-13T01:58:00.499+0000][1][safepoint    ] Total time for which application threads were stopped: 0.0010005 seconds, Stopping threads took: 0.0005069 seconds
[2022-06-13T01:58:01.499+0000][1][safepoint    ] Application time: 1.0002896 seconds
[2022-06-13T01:58:01.500+0000][1][safepoint    ] Entering safepoint region: Cleanup
[2022-06-13T01:58:01.500+0000][1][safepoint    ] Leaving safepoint region
[2022-06-13T01:58:01.500+0000][1][safepoint    ] Total time for which application threads were stopped: 0.0006219 seconds, Stopping threads took: 0.0003854 seconds
[2022-06-13T01:58:02.501+0000][1][safepoint    ] Application time: 1.0001366 seconds
[2022-06-13T01:58:02.501+0000][1][safepoint    ] Entering safepoint region: Cleanup
[2022-06-13T01:58:02.502+0000][1][safepoint    ] Leaving safepoint region
[2022-06-13T01:58:02.502+0000][1][safepoint    ] Total time for which application threads were stopped: 0.0010319 seconds, Stopping threads took: 0.0004380 seconds
[2022-06-13T01:58:03.503+0000][1][safepoint    ] Application time: 1.0002182 seconds
[2022-06-13T01:58:03.503+0000][1][safepoint    ] Entering safepoint region: Cleanup
[2022-06-13T01:58:03.504+0000][1][safepoint    ] Leaving safepoint region
[2022-06-13T01:58:03.505+0000][1][safepoint    ] Total time for which application threads were stopped: 0.0014424 seconds, Stopping threads took: 0.0006538 seconds
[2022-06-13T01:58:04.506+0000][1][safepoint    ] Application time: 1.0002247 seconds
[2022-06-13T01:58:04.506+0000][1][safepoint    ] Entering safepoint region: Cleanup
[2022-06-13T01:58:04.506+0000][1][safepoint    ] Leaving safepoint region
[2022-06-13T01:58:04.507+0000][1][safepoint    ] Total time for which application threads were stopped: 0.0007274 seconds, Stopping threads took: 0.0002395 seconds
[2022-06-13T01:58:05.507+0000][1][safepoint    ] Application time: 1.0002583 seconds
[2022-06-13T01:58:05.508+0000][1][safepoint    ] Entering safepoint region: Cleanup
[2022-06-13T01:58:05.508+0000][1][safepoint    ] Leaving safepoint region
[2022-06-13T01:58:05.508+0000][1][safepoint    ] Total time for which application threads were stopped: 0.0006224 seconds, Stopping threads took: 0.0002911 seconds
[2022-06-13T01:58:06.509+0000][1][safepoint    ] Application time: 1.0002159 seconds
[2022-06-13T01:58:06.509+0000][1][safepoint    ] Entering safepoint region: Cleanup
[2022-06-13T01:58:06.510+0000][1][safepoint    ] Leaving safepoint region
[2022-06-13T01:58:06.511+0000][1][safepoint    ] Total time for which application threads were stopped: 0.0010536 seconds, Stopping threads took: 0.0004488 seconds
[2022-06-13T01:58:07.511+0000][1][safepoint    ] Application time: 1.0001606 seconds
[2022-06-13T01:58:07.511+0000][1][safepoint    ] Entering safepoint region: Cleanup
[2022-06-13T01:58:07.512+0000][1][safepoint    ] Leaving safepoint region
[2022-06-13T01:58:07.512+0000][1][safepoint    ] Total time for which application threads were stopped: 0.0006082 seconds, Stopping threads took: 0.0002638 seconds
[2022-06-13T01:58:08.512+0000][1][safepoint    ] Application time: 1.0001662 seconds
[2022-06-13T01:58:08.513+0000][1][safepoint    ] Entering safepoint region: Cleanup
[2022-06-13T01:58:08.513+0000][1][safepoint    ] Leaving safepoint region
[2022-06-13T01:58:08.514+0000][1][safepoint    ] Total time for which application threads were stopped: 0.0008428 seconds, Stopping threads took: 0.0004122 seconds
[2022-06-13T01:58:09.515+0000][1][safepoint    ] Application time: 1.0002822 seconds
[2022-06-13T01:58:09.515+0000][1][safepoint    ] Entering safepoint region: Cleanup
[2022-06-13T01:58:09.516+0000][1][safepoint    ] Leaving safepoint region
[2022-06-13T01:58:09.516+0000][1][safepoint    ] Total time for which application threads were stopped: 0.0009435 seconds, Stopping threads took: 0.0004470 seconds
[2022-06-13T01:58:10.517+0000][1][safepoint    ] Application time: 1.0001773 seconds
[2022-06-13T01:58:10.517+0000][1][safepoint    ] Entering safepoint region: Cleanup
[2022-06-13T01:58:10.518+0000][1][safepoint    ] Leaving safepoint region
[2022-06-13T01:58:10.518+0000][1][safepoint    ] Total time for which application threads were stopped: 0.0009375 seconds, Stopping threads took: 0.0003701 seconds
[2022-06-13T01:58:11.519+0000][1][safepoint    ] Application time: 1.0002547 seconds
[2022-06-13T01:58:11.519+0000][1][safepoint    ] Entering safepoint region: Cleanup
[2022-06-13T01:58:11.520+0000][1][safepoint    ] Leaving safepoint region
[2022-06-13T01:58:11.520+0000][1][safepoint    ] Total time for which application threads were stopped: 0.0009206 seconds, Stopping threads took: 0.0004172 seconds
[2022-06-13T01:58:12.521+0000][1][safepoint    ] Application time: 1.0002514 seconds
[2022-06-13T01:58:12.522+0000][1][safepoint    ] Entering safepoint region: Cleanup
[2022-06-13T01:58:12.522+0000][1][safepoint    ] Leaving safepoint region
[2022-06-13T01:58:12.523+0000][1][safepoint    ] Total time for which application threads were stopped: 0.0013291 seconds, Stopping threads took: 0.0006324 seconds
[2022-06-13T01:58:13.524+0000][1][safepoint    ] Application time: 1.0002363 seconds
[2022-06-13T01:58:13.524+0000][1][safepoint    ] Entering safepoint region: Cleanup
[2022-06-13T01:58:13.525+0000][1][safepoint    ] Leaving safepoint region
[2022-06-13T01:58:13.525+0000][1][safepoint    ] Total time for which application threads were stopped: 0.0008081 seconds, Stopping threads took: 0.0004051 seconds
[2022-06-13T01:58:14.526+0000][1][safepoint    ] Application time: 1.0001629 seconds
[2022-06-13T01:58:14.526+0000][1][safepoint    ] Entering safepoint region: Cleanup
[2022-06-13T01:58:14.526+0000][1][safepoint    ] Leaving safepoint region
[2022-06-13T01:58:14.527+0000][1][safepoint    ] Total time for which application threads were stopped: 0.0010534 seconds, Stopping threads took: 0.0005007 seconds
[2022-06-13T01:58:15.528+0000][1][safepoint    ] Application time: 1.0002751 seconds
[2022-06-13T01:58:15.528+0000][1][safepoint    ] Entering safepoint region: Cleanup
[2022-06-13T01:58:15.529+0000][1][safepoint    ] Leaving safepoint region
[2022-06-13T01:58:15.529+0000][1][safepoint    ] Total time for which application threads were stopped: 0.0011915 seconds, Stopping threads took: 0.0005769 seconds
[2022-06-13T01:58:16.530+0000][1][safepoint    ] Application time: 1.0001809 seconds
[2022-06-13T01:58:16.531+0000][1][safepoint    ] Entering safepoint region: Cleanup
[2022-06-13T01:58:16.531+0000][1][safepoint    ] Leaving safepoint region
[2022-06-13T01:58:16.531+0000][1][safepoint    ] Total time for which application threads were stopped: 0.0006068 seconds, Stopping threads took: 0.0002877 seconds
[2022-06-13T01:58:17.532+0000][1][safepoint    ] Application time: 1.0002994 seconds
[2022-06-13T01:58:17.532+0000][1][safepoint    ] Entering safepoint region: Cleanup
[2022-06-13T01:58:17.533+0000][1][safepoint    ] Leaving safepoint region
[2022-06-13T01:58:17.533+0000][1][safepoint    ] Total time for which application threads were stopped: 0.0010355 seconds, Stopping threads took: 0.0005738 seconds
[2022-06-13T01:58:18.534+0000][1][safepoint    ] Application time: 1.0004014 seconds
[2022-06-13T01:58:18.535+0000][1][safepoint    ] Entering safepoint region: Cleanup
[2022-06-13T01:58:18.535+0000][1][safepoint    ] Leaving safepoint region
[2022-06-13T01:58:18.535+0000][1][safepoint    ] Total time for which application threads were stopped: 0.0005706 seconds, Stopping threads took: 0.0002549 seconds
[2022-06-13T01:58:19.536+0000][1][safepoint    ] Application time: 1.0003841 seconds
[2022-06-13T01:58:19.537+0000][1][safepoint    ] Entering safepoint region: Cleanup
[2022-06-13T01:58:19.537+0000][1][safepoint    ] Leaving safepoint region
[2022-06-13T01:58:19.538+0000][1][safepoint    ] Total time for which application threads were stopped: 0.0007505 seconds, Stopping threads took: 0.0002856 seconds
[2022-06-13T01:58:20.538+0000][1][safepoint    ] Application time: 1.0001510 seconds
[2022-06-13T01:58:20.539+0000][1][safepoint    ] Entering safepoint region: Cleanup
[2022-06-13T01:58:20.539+0000][1][safepoint    ] Leaving safepoint region
[2022-06-13T01:58:20.539+0000][1][safepoint    ] Total time for which application threads were stopped: 0.0008667 seconds, Stopping threads took: 0.0003558 seconds
[2022-06-13T01:58:21.540+0000][1][safepoint    ] Application time: 1.0002111 seconds
[2022-06-13T01:58:21.540+0000][1][safepoint    ] Entering safepoint region: Cleanup
[2022-06-13T01:58:21.541+0000][1][safepoint    ] Leaving safepoint region
[2022-06-13T01:58:21.541+0000][1][safepoint    ] Total time for which application threads were stopped: 0.0007493 seconds, Stopping threads took: 0.0003641 seconds
[2022-06-13T01:58:22.542+0000][1][safepoint    ] Application time: 1.0001267 seconds
[2022-06-13T01:58:22.542+0000][1][safepoint    ] Entering safepoint region: Cleanup
[2022-06-13T01:58:22.542+0000][1][safepoint    ] Leaving safepoint region
[2022-06-13T01:58:22.543+0000][1][safepoint    ] Total time for which application threads were stopped: 0.0006497 seconds, Stopping threads took: 0.0002449 seconds
[2022-06-13T01:58:23.543+0000][1][safepoint    ] Application time: 1.0002123 seconds
[2022-06-13T01:58:23.544+0000][1][safepoint    ] Entering safepoint region: Cleanup
[2022-06-13T01:58:23.544+0000][1][safepoint    ] Leaving safepoint region
[2022-06-13T01:58:23.544+0000][1][safepoint    ] Total time for which application threads were stopped: 0.0004459 seconds, Stopping threads took: 0.0001816 seconds
[2022-06-13T01:58:24.545+0000][1][safepoint    ] Application time: 1.0002419 seconds
[2022-06-13T01:58:24.545+0000][1][safepoint    ] Entering safepoint region: Cleanup
[2022-06-13T01:58:24.546+0000][1][safepoint    ] Leaving safepoint region
[2022-06-13T01:58:24.547+0000][1][safepoint    ] Total time for which application threads were stopped: 0.0011725 seconds, Stopping threads took: 0.0005204 seconds
[2022-06-13T01:58:25.547+0000][1][safepoint    ] Application time: 1.0002040 seconds
[2022-06-13T01:58:25.548+0000][1][safepoint    ] Entering safepoint region: Cleanup
[2022-06-13T01:58:25.548+0000][1][safepoint    ] Leaving safepoint region
[2022-06-13T01:58:25.548+0000][1][safepoint    ] Total time for which application threads were stopped: 0.0006438 seconds, Stopping threads took: 0.0003485 seconds
[2022-06-13T01:58:26.549+0000][1][safepoint    ] Application time: 1.0001860 seconds
[2022-06-13T01:58:26.549+0000][1][safepoint    ] Entering safepoint region: Cleanup
[2022-06-13T01:58:26.549+0000][1][safepoint    ] Leaving safepoint region
[2022-06-13T01:58:26.550+0000][1][safepoint    ] Total time for which application threads were stopped: 0.0004336 seconds, Stopping threads took: 0.0001937 seconds
[2022-06-13T01:58:27.550+0000][1][safepoint    ] Application time: 1.0002161 seconds
[2022-06-13T01:58:27.551+0000][1][safepoint    ] Entering safepoint region: Cleanup
[2022-06-13T01:58:27.551+0000][1][safepoint    ] Leaving safepoint region
[2022-06-13T01:58:27.551+0000][1][safepoint    ] Total time for which application threads were stopped: 0.0007727 seconds, Stopping threads took: 0.0003723 seconds
[2022-06-13T01:58:28.552+0000][1][safepoint    ] Application time: 1.0001949 seconds
[2022-06-13T01:58:28.553+0000][1][safepoint    ] Entering safepoint region: Cleanup
[2022-06-13T01:58:28.553+0000][1][safepoint    ] Leaving safepoint region
[2022-06-13T01:58:28.553+0000][1][safepoint    ] Total time for which application threads were stopped: 0.0005609 seconds, Stopping threads took: 0.0002040 seconds
[2022-06-13T01:58:29.554+0000][1][safepoint    ] Application time: 1.0003783 seconds
[2022-06-13T01:58:29.554+0000][1][safepoint    ] Entering safepoint region: Cleanup
[2022-06-13T01:58:29.555+0000][1][safepoint    ] Leaving safepoint region
[2022-06-13T01:58:29.556+0000][1][safepoint    ] Total time for which application threads were stopped: 0.0011915 seconds, Stopping threads took: 0.0005147 seconds
[2022-06-13T01:58:30.556+0000][1][safepoint    ] Application time: 1.0002040 seconds
[2022-06-13T01:58:30.557+0000][1][safepoint    ] Entering safepoint region: Cleanup
[2022-06-13T01:58:30.558+0000][1][safepoint    ] Leaving safepoint region
[2022-06-13T01:58:30.558+0000][1][safepoint    ] Total time for which application threads were stopped: 0.0009726 seconds, Stopping threads took: 0.0004122 seconds
[2022-06-13T01:58:31.559+0000][1][safepoint    ] Application time: 1.0002021 seconds
[2022-06-13T01:58:31.559+0000][1][safepoint    ] Entering safepoint region: Cleanup
[2022-06-13T01:58:31.560+0000][1][safepoint    ] Leaving safepoint region
[2022-06-13T01:58:31.560+0000][1][safepoint    ] Total time for which application threads were stopped: 0.0008387 seconds, Stopping threads took: 0.0003804 seconds
[2022-06-13T01:58:32.561+0000][1][safepoint    ] Application time: 1.0001509 seconds
[2022-06-13T01:58:32.561+0000][1][safepoint    ] Entering safepoint region: Cleanup
[2022-06-13T01:58:32.562+0000][1][safepoint    ] Leaving safepoint region
[2022-06-13T01:58:32.562+0000][1][safepoint    ] Total time for which application threads were stopped: 0.0008260 seconds, Stopping threads took: 0.0003673 seconds
[2022-06-13T01:58:33.562+0000][1][safepoint    ] Application time: 1.0001958 seconds
[2022-06-13T01:58:33.563+0000][1][safepoint    ] Entering safepoint region: Cleanup
[2022-06-13T01:58:33.563+0000][1][safepoint    ] Leaving safepoint region
[2022-06-13T01:58:33.563+0000][1][safepoint    ] Total time for which application threads were stopped: 0.0003311 seconds, Stopping threads took: 0.0001454 seconds
[2022-06-13T01:58:34.563+0000][1][safepoint    ] Application time: 1.0002686 seconds
[2022-06-13T01:58:34.564+0000][1][safepoint    ] Entering safepoint region: Cleanup
[2022-06-13T01:58:34.564+0000][1][safepoint    ] Leaving safepoint region
[2022-06-13T01:58:34.564+0000][1][safepoint    ] Total time for which application threads were stopped: 0.0003261 seconds, Stopping threads took: 0.0001602 seconds
[2022-06-13T01:58:35.564+0000][1][safepoint    ] Application time: 1.0002290 seconds
[2022-06-13T01:58:35.565+0000][1][safepoint    ] Entering safepoint region: Cleanup
[2022-06-13T01:58:35.566+0000][1][safepoint    ] Leaving safepoint region
[2022-06-13T01:58:35.566+0000][1][safepoint    ] Total time for which application threads were stopped: 0.0010527 seconds, Stopping threads took: 0.0004574 seconds
[2022-06-13T01:58:36.567+0000][1][safepoint    ] Application time: 1.0001907 seconds
[2022-06-13T01:58:36.567+0000][1][safepoint    ] Entering safepoint region: Cleanup
[2022-06-13T01:58:36.568+0000][1][safepoint    ] Leaving safepoint region
[2022-06-13T01:58:36.568+0000][1][safepoint    ] Total time for which application threads were stopped: 0.0008334 seconds, Stopping threads took: 0.0003706 seconds
[2022-06-13T01:58:37.569+0000][1][safepoint    ] Application time: 1.0002466 seconds
[2022-06-13T01:58:37.569+0000][1][safepoint    ] Entering safepoint region: Cleanup
[2022-06-13T01:58:37.570+0000][1][safepoint    ] Leaving safepoint region
[2022-06-13T01:58:37.570+0000][1][safepoint    ] Total time for which application threads were stopped: 0.0009103 seconds, Stopping threads took: 0.0004347 seconds
[2022-06-13T01:58:38.571+0000][1][safepoint    ] Application time: 1.0003470 seconds
[2022-06-13T01:58:38.572+0000][1][safepoint    ] Entering safepoint region: Cleanup
[2022-06-13T01:58:38.572+0000][1][safepoint    ] Leaving safepoint region
[2022-06-13T01:58:38.573+0000][1][safepoint    ] Total time for which application threads were stopped: 0.0014932 seconds, Stopping threads took: 0.0006581 seconds
[2022-06-13T01:58:39.574+0000][1][safepoint    ] Application time: 1.0003369 seconds
[2022-06-13T01:58:39.575+0000][1][safepoint    ] Entering safepoint region: Cleanup
[2022-06-13T01:58:39.575+0000][1][safepoint    ] Leaving safepoint region
[2022-06-13T01:58:39.576+0000][1][safepoint    ] Total time for which application threads were stopped: 0.0010172 seconds, Stopping threads took: 0.0004457 seconds
[2022-06-13T01:58:40.576+0000][1][safepoint    ] Application time: 1.0001933 seconds
[2022-06-13T01:58:40.577+0000][1][safepoint    ] Entering safepoint region: Cleanup
[2022-06-13T01:58:40.577+0000][1][safepoint    ] Leaving safepoint region
[2022-06-13T01:58:40.578+0000][1][safepoint    ] Total time for which application threads were stopped: 0.0008653 seconds, Stopping threads took: 0.0004342 seconds
[2022-06-13T01:58:41.578+0000][1][safepoint    ] Application time: 1.0001903 seconds
[2022-06-13T01:58:41.579+0000][1][safepoint    ] Entering safepoint region: Cleanup
[2022-06-13T01:58:41.579+0000][1][safepoint    ] Leaving safepoint region
[2022-06-13T01:58:41.580+0000][1][safepoint    ] Total time for which application threads were stopped: 0.0008401 seconds, Stopping threads took: 0.0003710 seconds
[2022-06-13T01:58:42.580+0000][1][safepoint    ] Application time: 1.0002104 seconds
[2022-06-13T01:58:42.581+0000][1][safepoint    ] Entering safepoint region: Cleanup
[2022-06-13T01:58:42.582+0000][1][safepoint    ] Leaving safepoint region
[2022-06-13T01:58:42.582+0000][1][safepoint    ] Total time for which application threads were stopped: 0.0015231 seconds, Stopping threads took: 0.0007044 seconds
[2022-06-13T01:58:43.583+0000][1][safepoint    ] Application time: 1.0004322 seconds
[2022-06-13T01:58:43.584+0000][1][safepoint    ] Entering safepoint region: Cleanup
[2022-06-13T01:58:43.584+0000][1][safepoint    ] Leaving safepoint region
[2022-06-13T01:58:43.585+0000][1][safepoint    ] Total time for which application threads were stopped: 0.0008588 seconds, Stopping threads took: 0.0003712 seconds
[2022-06-13T01:58:44.413+0000][1][safepoint    ] Application time: 0.8278207 seconds
[2022-06-13T01:58:44.413+0000][1][safepoint    ] Entering safepoint region: GenCollectForAllocation
[2022-06-13T01:58:44.414+0000][1][gc,start     ] GC(24) Pause Young (Allocation Failure)
[2022-06-13T01:58:44.414+0000][1][gc,task      ] GC(24) Using 5 workers of 13 for evacuation
[2022-06-13T01:58:44.416+0000][1][gc,age       ] GC(24) Desired survivor size 4456448 bytes, new threshold 6 (max threshold 6)
[2022-06-13T01:58:44.417+0000][1][gc,age       ] GC(24) Age table with threshold 6 (max threshold 6)
[2022-06-13T01:58:44.417+0000][1][gc,age       ] GC(24) - age   1:      35816 bytes,      35816 total
[2022-06-13T01:58:44.417+0000][1][gc,age       ] GC(24) - age   2:      47664 bytes,      83480 total
[2022-06-13T01:58:44.418+0000][1][gc,age       ] GC(24) - age   3:     681856 bytes,     765336 total
[2022-06-13T01:58:44.418+0000][1][gc,heap      ] GC(24) ParNew: 75049K->1697K(78656K)
[2022-06-13T01:58:44.418+0000][1][gc,heap      ] GC(24) CMS: 68364K->68364K(174784K)
[2022-06-13T01:58:44.418+0000][1][gc,metaspace ] GC(24) Metaspace: 64192K->64192K(1107968K)
[2022-06-13T01:58:44.419+0000][1][gc           ] GC(24) Pause Young (Allocation Failure) 140M->68M(247M) 4.452ms
[2022-06-13T01:58:44.419+0000][1][gc,cpu       ] GC(24) User=0.00s Sys=0.00s Real=0.00s
[2022-06-13T01:58:44.419+0000][1][safepoint    ] Leaving safepoint region
[2022-06-13T01:58:44.419+0000][1][safepoint    ] Total time for which application threads were stopped: 0.0057705 seconds, Stopping threads took: 0.0003904 seconds
[2022-06-13T01:58:45.420+0000][1][safepoint    ] Application time: 1.0001198 seconds
[2022-06-13T01:58:45.420+0000][1][safepoint    ] Entering safepoint region: Cleanup
[2022-06-13T01:58:45.421+0000][1][safepoint    ] Leaving safepoint region
[2022-06-13T01:58:45.421+0000][1][safepoint    ] Total time for which application threads were stopped: 0.0010562 seconds, Stopping threads took: 0.0004309 seconds
[2022-06-13T01:58:46.422+0000][1][safepoint    ] Application time: 1.0002553 seconds
[2022-06-13T01:58:46.422+0000][1][safepoint    ] Entering safepoint region: Cleanup
[2022-06-13T01:58:46.423+0000][1][safepoint    ] Leaving safepoint region
[2022-06-13T01:58:46.423+0000][1][safepoint    ] Total time for which application threads were stopped: 0.0008088 seconds, Stopping threads took: 0.0003805 seconds
[2022-06-13T01:58:47.424+0000][1][safepoint    ] Application time: 1.0001073 seconds
[2022-06-13T01:58:47.424+0000][1][safepoint    ] Entering safepoint region: Cleanup
[2022-06-13T01:58:47.425+0000][1][safepoint    ] Leaving safepoint region
[2022-06-13T01:58:47.425+0000][1][safepoint    ] Total time for which application threads were stopped: 0.0006312 seconds, Stopping threads took: 0.0002746 seconds
[2022-06-13T01:58:48.425+0000][1][safepoint    ] Application time: 1.0001968 seconds
[2022-06-13T01:58:48.426+0000][1][safepoint    ] Entering safepoint region: Cleanup
[2022-06-13T01:58:48.426+0000][1][safepoint    ] Leaving safepoint region
[2022-06-13T01:58:48.427+0000][1][safepoint    ] Total time for which application threads were stopped: 0.0008102 seconds, Stopping threads took: 0.0003634 seconds
[2022-06-13T01:58:49.427+0000][1][safepoint    ] Application time: 1.0002099 seconds
[2022-06-13T01:58:49.427+0000][1][safepoint    ] Entering safepoint region: Cleanup
[2022-06-13T01:58:49.428+0000][1][safepoint    ] Leaving safepoint region
[2022-06-13T01:58:49.428+0000][1][safepoint    ] Total time for which application threads were stopped: 0.0006623 seconds, Stopping threads took: 0.0003330 seconds
[2022-06-13T01:58:50.428+0000][1][safepoint    ] Application time: 1.0001084 seconds
[2022-06-13T01:58:50.429+0000][1][safepoint    ] Entering safepoint region: Cleanup
[2022-06-13T01:58:50.429+0000][1][safepoint    ] Leaving safepoint region
[2022-06-13T01:58:50.430+0000][1][safepoint    ] Total time for which application threads were stopped: 0.0010931 seconds, Stopping threads took: 0.0005608 seconds
[2022-06-13T01:58:51.430+0000][1][safepoint    ] Application time: 1.0001259 seconds
[2022-06-13T01:58:51.431+0000][1][safepoint    ] Entering safepoint region: Cleanup
[2022-06-13T01:58:51.431+0000][1][safepoint    ] Leaving safepoint region
[2022-06-13T01:58:51.431+0000][1][safepoint    ] Total time for which application threads were stopped: 0.0003953 seconds, Stopping threads took: 0.0001681 seconds
[2022-06-13T01:58:52.431+0000][1][safepoint    ] Application time: 1.0001062 seconds
[2022-06-13T01:58:52.432+0000][1][safepoint    ] Entering safepoint region: Cleanup
[2022-06-13T01:58:52.432+0000][1][safepoint    ] Leaving safepoint region
[2022-06-13T01:58:52.432+0000][1][safepoint    ] Total time for which application threads were stopped: 0.0006799 seconds, Stopping threads took: 0.0002988 seconds
[2022-06-13T01:58:53.433+0000][1][safepoint    ] Application time: 1.0001755 seconds
[2022-06-13T01:58:53.433+0000][1][safepoint    ] Entering safepoint region: Cleanup
[2022-06-13T01:58:53.433+0000][1][safepoint    ] Leaving safepoint region
[2022-06-13T01:58:53.434+0000][1][safepoint    ] Total time for which application threads were stopped: 0.0004794 seconds, Stopping threads took: 0.0001901 seconds
[2022-06-13T01:58:54.434+0000][1][safepoint    ] Application time: 1.0002820 seconds
[2022-06-13T01:58:54.434+0000][1][safepoint    ] Entering safepoint region: Cleanup
[2022-06-13T01:58:54.435+0000][1][safepoint    ] Leaving safepoint region
[2022-06-13T01:58:54.436+0000][1][safepoint    ] Total time for which application threads were stopped: 0.0011188 seconds, Stopping threads took: 0.0004789 seconds
[2022-06-13T01:58:55.436+0000][1][safepoint    ] Application time: 1.0001087 seconds
[2022-06-13T01:58:55.437+0000][1][safepoint    ] Entering safepoint region: Cleanup
[2022-06-13T01:58:55.437+0000][1][safepoint    ] Leaving safepoint region
[2022-06-13T01:58:55.438+0000][1][safepoint    ] Total time for which application threads were stopped: 0.0009994 seconds, Stopping threads took: 0.0004515 seconds
[2022-06-13T01:58:56.438+0000][1][safepoint    ] Application time: 1.0002298 seconds
[2022-06-13T01:58:56.439+0000][1][safepoint    ] Entering safepoint region: Cleanup
[2022-06-13T01:58:56.439+0000][1][safepoint    ] Leaving safepoint region
[2022-06-13T01:58:56.440+0000][1][safepoint    ] Total time for which application threads were stopped: 0.0007622 seconds, Stopping threads took: 0.0003292 seconds
[2022-06-13T01:58:57.440+0000][1][safepoint    ] Application time: 1.0002262 seconds
[2022-06-13T01:58:57.441+0000][1][safepoint    ] Entering safepoint region: Cleanup
[2022-06-13T01:58:57.441+0000][1][safepoint    ] Leaving safepoint region
[2022-06-13T01:58:57.442+0000][1][safepoint    ] Total time for which application threads were stopped: 0.0011355 seconds, Stopping threads took: 0.0004389 seconds
[2022-06-13T01:58:58.443+0000][1][safepoint    ] Application time: 1.0002196 seconds
[2022-06-13T01:58:58.443+0000][1][safepoint    ] Entering safepoint region: Cleanup
[2022-06-13T01:58:58.443+0000][1][safepoint    ] Leaving safepoint region
[2022-06-13T01:58:58.443+0000][1][safepoint    ] Total time for which application threads were stopped: 0.0004631 seconds, Stopping threads took: 0.0002057 seconds
[2022-06-13T01:58:59.444+0000][1][safepoint    ] Application time: 1.0002083 seconds
[2022-06-13T01:58:59.444+0000][1][safepoint    ] Entering safepoint region: Cleanup
[2022-06-13T01:58:59.445+0000][1][safepoint    ] Leaving safepoint region
[2022-06-13T01:58:59.445+0000][1][safepoint    ] Total time for which application threads were stopped: 0.0011114 seconds, Stopping threads took: 0.0004877 seconds
[2022-06-13T01:59:00.446+0000][1][safepoint    ] Application time: 1.0002346 seconds
[2022-06-13T01:59:00.446+0000][1][safepoint    ] Entering safepoint region: Cleanup
[2022-06-13T01:59:00.447+0000][1][safepoint    ] Leaving safepoint region
[2022-06-13T01:59:00.447+0000][1][safepoint    ] Total time for which application threads were stopped: 0.0005825 seconds, Stopping threads took: 0.0002683 seconds
[2022-06-13T01:59:01.447+0000][1][safepoint    ] Application time: 1.0002709 seconds
[2022-06-13T01:59:01.448+0000][1][safepoint    ] Entering safepoint region: Cleanup
[2022-06-13T01:59:01.448+0000][1][safepoint    ] Leaving safepoint region
[2022-06-13T01:59:01.449+0000][1][safepoint    ] Total time for which application threads were stopped: 0.0007889 seconds, Stopping threads took: 0.0003804 seconds
[2022-06-13T01:59:02.449+0000][1][safepoint    ] Application time: 1.0001333 seconds
[2022-06-13T01:59:02.450+0000][1][safepoint    ] Entering safepoint region: Cleanup
[2022-06-13T01:59:02.450+0000][1][safepoint    ] Leaving safepoint region
[2022-06-13T01:59:02.450+0000][1][safepoint    ] Total time for which application threads were stopped: 0.0008201 seconds, Stopping threads took: 0.0003805 seconds
[2022-06-13T01:59:03.451+0000][1][safepoint    ] Application time: 1.0002315 seconds
[2022-06-13T01:59:03.451+0000][1][safepoint    ] Entering safepoint region: Cleanup
[2022-06-13T01:59:03.452+0000][1][safepoint    ] Leaving safepoint region
[2022-06-13T01:59:03.452+0000][1][safepoint    ] Total time for which application threads were stopped: 0.0007801 seconds, Stopping threads took: 0.0003554 seconds
[2022-06-13T01:59:04.453+0000][1][safepoint    ] Application time: 1.0001625 seconds
[2022-06-13T01:59:04.453+0000][1][safepoint    ] Entering safepoint region: Cleanup
[2022-06-13T01:59:04.454+0000][1][safepoint    ] Leaving safepoint region
[2022-06-13T01:59:04.454+0000][1][safepoint    ] Total time for which application threads were stopped: 0.0008887 seconds, Stopping threads took: 0.0002399 seconds
[2022-06-13T01:59:05.455+0000][1][safepoint    ] Application time: 1.0001323 seconds
[2022-06-13T01:59:05.456+0000][1][safepoint    ] Entering safepoint region: Cleanup
[2022-06-13T01:59:05.456+0000][1][safepoint    ] Leaving safepoint region
[2022-06-13T01:59:05.456+0000][1][safepoint    ] Total time for which application threads were stopped: 0.0009321 seconds, Stopping threads took: 0.0004072 seconds
[2022-06-13T01:59:06.457+0000][1][safepoint    ] Application time: 1.0003502 seconds
[2022-06-13T01:59:06.458+0000][1][safepoint    ] Entering safepoint region: Cleanup
[2022-06-13T01:59:06.458+0000][1][safepoint    ] Leaving safepoint region
[2022-06-13T01:59:06.458+0000][1][safepoint    ] Total time for which application threads were stopped: 0.0007247 seconds, Stopping threads took: 0.0003696 seconds
[2022-06-13T01:59:07.459+0000][1][safepoint    ] Application time: 1.0002435 seconds
[2022-06-13T01:59:07.460+0000][1][safepoint    ] Entering safepoint region: Cleanup
[2022-06-13T01:59:07.460+0000][1][safepoint    ] Leaving safepoint region
[2022-06-13T01:59:07.461+0000][1][safepoint    ] Total time for which application threads were stopped: 0.0010109 seconds, Stopping threads took: 0.0005801 seconds
[2022-06-13T01:59:08.461+0000][1][safepoint    ] Application time: 1.0001812 seconds
[2022-06-13T01:59:08.462+0000][1][safepoint    ] Entering safepoint region: Cleanup
[2022-06-13T01:59:08.462+0000][1][safepoint    ] Leaving safepoint region
[2022-06-13T01:59:08.463+0000][1][safepoint    ] Total time for which application threads were stopped: 0.0010219 seconds, Stopping threads took: 0.0004361 seconds
[2022-06-13T01:59:09.463+0000][1][safepoint    ] Application time: 1.0001199 seconds
[2022-06-13T01:59:09.463+0000][1][safepoint    ] Entering safepoint region: Cleanup
[2022-06-13T01:59:09.464+0000][1][safepoint    ] Leaving safepoint region
[2022-06-13T01:59:09.464+0000][1][safepoint    ] Total time for which application threads were stopped: 0.0005754 seconds, Stopping threads took: 0.0002307 seconds
[2022-06-13T01:59:10.464+0000][1][safepoint    ] Application time: 1.0001716 seconds
[2022-06-13T01:59:10.465+0000][1][safepoint    ] Entering safepoint region: Cleanup
[2022-06-13T01:59:10.465+0000][1][safepoint    ] Leaving safepoint region
[2022-06-13T01:59:10.466+0000][1][safepoint    ] Total time for which application threads were stopped: 0.0006917 seconds, Stopping threads took: 0.0002436 seconds
[2022-06-13T01:59:11.466+0000][1][safepoint    ] Application time: 1.0002071 seconds
[2022-06-13T01:59:11.467+0000][1][safepoint    ] Entering safepoint region: Cleanup
[2022-06-13T01:59:11.467+0000][1][safepoint    ] Leaving safepoint region
[2022-06-13T01:59:11.468+0000][1][safepoint    ] Total time for which application threads were stopped: 0.0010023 seconds, Stopping threads took: 0.0004691 seconds
[2022-06-13T01:59:12.468+0000][1][safepoint    ] Application time: 1.0002619 seconds
[2022-06-13T01:59:12.469+0000][1][safepoint    ] Entering safepoint region: Cleanup
[2022-06-13T01:59:12.470+0000][1][safepoint    ] Leaving safepoint region
[2022-06-13T01:59:12.470+0000][1][safepoint    ] Total time for which application threads were stopped: 0.0008185 seconds, Stopping threads took: 0.0004473 seconds
[2022-06-13T01:59:13.470+0000][1][safepoint    ] Application time: 1.0001723 seconds
[2022-06-13T01:59:13.471+0000][1][safepoint    ] Entering safepoint region: Cleanup
[2022-06-13T01:59:13.471+0000][1][safepoint    ] Leaving safepoint region
[2022-06-13T01:59:13.472+0000][1][safepoint    ] Total time for which application threads were stopped: 0.0008891 seconds, Stopping threads took: 0.0004194 seconds
[2022-06-13T01:59:14.472+0000][1][safepoint    ] Application time: 1.0002475 seconds
[2022-06-13T01:59:14.473+0000][1][safepoint    ] Entering safepoint region: Cleanup
[2022-06-13T01:59:14.474+0000][1][safepoint    ] Leaving safepoint region
[2022-06-13T01:59:14.474+0000][1][safepoint    ] Total time for which application threads were stopped: 0.0011509 seconds, Stopping threads took: 0.0005418 seconds
[2022-06-13T01:59:15.475+0000][1][safepoint    ] Application time: 1.0001463 seconds
[2022-06-13T01:59:15.475+0000][1][safepoint    ] Entering safepoint region: Cleanup
[2022-06-13T01:59:15.476+0000][1][safepoint    ] Leaving safepoint region
[2022-06-13T01:59:15.477+0000][1][safepoint    ] Total time for which application threads were stopped: 0.0013318 seconds, Stopping threads took: 0.0006382 seconds
[2022-06-13T01:59:16.477+0000][1][safepoint    ] Application time: 1.0001277 seconds
[2022-06-13T01:59:16.478+0000][1][safepoint    ] Entering safepoint region: Cleanup
[2022-06-13T01:59:16.478+0000][1][safepoint    ] Leaving safepoint region
[2022-06-13T01:59:16.479+0000][1][safepoint    ] Total time for which application threads were stopped: 0.0008679 seconds, Stopping threads took: 0.0004123 seconds
[2022-06-13T01:59:17.479+0000][1][safepoint    ] Application time: 1.0002031 seconds
[2022-06-13T01:59:17.480+0000][1][safepoint    ] Entering safepoint region: Cleanup
[2022-06-13T01:59:17.480+0000][1][safepoint    ] Leaving safepoint region
[2022-06-13T01:59:17.481+0000][1][safepoint    ] Total time for which application threads were stopped: 0.0008662 seconds, Stopping threads took: 0.0003963 seconds
[2022-06-13T01:59:18.481+0000][1][safepoint    ] Application time: 1.0002516 seconds
[2022-06-13T01:59:18.482+0000][1][safepoint    ] Entering safepoint region: Cleanup
[2022-06-13T01:59:18.483+0000][1][safepoint    ] Leaving safepoint region
[2022-06-13T01:59:18.483+0000][1][safepoint    ] Total time for which application threads were stopped: 0.0013609 seconds, Stopping threads took: 0.0006739 seconds
[2022-06-13T01:59:19.484+0000][1][safepoint    ] Application time: 1.0002280 seconds
[2022-06-13T01:59:19.485+0000][1][safepoint    ] Entering safepoint region: Cleanup
[2022-06-13T01:59:19.485+0000][1][safepoint    ] Leaving safepoint region
[2022-06-13T01:59:19.486+0000][1][safepoint    ] Total time for which application threads were stopped: 0.0013033 seconds, Stopping threads took: 0.0005944 seconds
[2022-06-13T01:59:20.487+0000][1][safepoint    ] Application time: 1.0001694 seconds
[2022-06-13T01:59:20.487+0000][1][safepoint    ] Entering safepoint region: Cleanup
[2022-06-13T01:59:20.488+0000][1][safepoint    ] Leaving safepoint region
[2022-06-13T01:59:20.488+0000][1][safepoint    ] Total time for which application threads were stopped: 0.0006130 seconds, Stopping threads took: 0.0003540 seconds
[2022-06-13T01:59:21.488+0000][1][safepoint    ] Application time: 1.0002057 seconds
[2022-06-13T01:59:21.489+0000][1][safepoint    ] Entering safepoint region: Cleanup
[2022-06-13T01:59:21.489+0000][1][safepoint    ] Leaving safepoint region
[2022-06-13T01:59:21.490+0000][1][safepoint    ] Total time for which application threads were stopped: 0.0011321 seconds, Stopping threads took: 0.0004188 seconds
[2022-06-13T01:59:22.491+0000][1][safepoint    ] Application time: 1.0002082 seconds
[2022-06-13T01:59:22.491+0000][1][safepoint    ] Entering safepoint region: Cleanup
[2022-06-13T01:59:22.492+0000][1][safepoint    ] Leaving safepoint region
[2022-06-13T01:59:22.492+0000][1][safepoint    ] Total time for which application threads were stopped: 0.0008126 seconds, Stopping threads took: 0.0003809 seconds
[2022-06-13T01:59:23.493+0000][1][safepoint    ] Application time: 1.0002387 seconds
[2022-06-13T01:59:23.493+0000][1][safepoint    ] Entering safepoint region: Cleanup
[2022-06-13T01:59:23.494+0000][1][safepoint    ] Leaving safepoint region
[2022-06-13T01:59:23.494+0000][1][safepoint    ] Total time for which application threads were stopped: 0.0008414 seconds, Stopping threads took: 0.0004624 seconds
[2022-06-13T01:59:24.494+0000][1][safepoint    ] Application time: 1.0003389 seconds
[2022-06-13T01:59:24.495+0000][1][safepoint    ] Entering safepoint region: Cleanup
[2022-06-13T01:59:24.496+0000][1][safepoint    ] Leaving safepoint region
[2022-06-13T01:59:24.496+0000][1][safepoint    ] Total time for which application threads were stopped: 0.0008138 seconds, Stopping threads took: 0.0003917 seconds
[2022-06-13T01:59:25.496+0000][1][safepoint    ] Application time: 1.0001130 seconds
[2022-06-13T01:59:25.497+0000][1][safepoint    ] Entering safepoint region: Cleanup
[2022-06-13T01:59:25.497+0000][1][safepoint    ] Leaving safepoint region
[2022-06-13T01:59:25.498+0000][1][safepoint    ] Total time for which application threads were stopped: 0.0008484 seconds, Stopping threads took: 0.0004192 seconds
[2022-06-13T01:59:26.498+0000][1][safepoint    ] Application time: 1.0002036 seconds
[2022-06-13T01:59:26.499+0000][1][safepoint    ] Entering safepoint region: Cleanup
[2022-06-13T01:59:26.499+0000][1][safepoint    ] Leaving safepoint region
[2022-06-13T01:59:26.499+0000][1][safepoint    ] Total time for which application threads were stopped: 0.0009209 seconds, Stopping threads took: 0.0004514 seconds
[2022-06-13T01:59:27.500+0000][1][safepoint    ] Application time: 1.0001260 seconds
[2022-06-13T01:59:27.500+0000][1][safepoint    ] Entering safepoint region: Cleanup
[2022-06-13T01:59:27.501+0000][1][safepoint    ] Leaving safepoint region
[2022-06-13T01:59:27.501+0000][1][safepoint    ] Total time for which application threads were stopped: 0.0005303 seconds, Stopping threads took: 0.0001964 seconds
[2022-06-13T01:59:28.501+0000][1][safepoint    ] Application time: 1.0001401 seconds
[2022-06-13T01:59:28.502+0000][1][safepoint    ] Entering safepoint region: Cleanup
[2022-06-13T01:59:28.502+0000][1][safepoint    ] Leaving safepoint region
[2022-06-13T01:59:28.503+0000][1][safepoint    ] Total time for which application threads were stopped: 0.0009694 seconds, Stopping threads took: 0.0005913 seconds
[2022-06-13T01:59:29.503+0000][1][safepoint    ] Application time: 1.0002100 seconds
[2022-06-13T01:59:29.504+0000][1][safepoint    ] Entering safepoint region: Cleanup
[2022-06-13T01:59:29.504+0000][1][safepoint    ] Leaving safepoint region
[2022-06-13T01:59:29.504+0000][1][safepoint    ] Total time for which application threads were stopped: 0.0007862 seconds, Stopping threads took: 0.0004008 seconds
[2022-06-13T01:59:30.505+0000][1][safepoint    ] Application time: 1.0002674 seconds
[2022-06-13T01:59:30.505+0000][1][safepoint    ] Entering safepoint region: Cleanup
[2022-06-13T01:59:30.506+0000][1][safepoint    ] Leaving safepoint region
[2022-06-13T01:59:30.506+0000][1][safepoint    ] Total time for which application threads were stopped: 0.0009115 seconds, Stopping threads took: 0.0004635 seconds
[2022-06-13T01:59:31.507+0000][1][safepoint    ] Application time: 1.0002150 seconds
[2022-06-13T01:59:31.508+0000][1][safepoint    ] Entering safepoint region: Cleanup
[2022-06-13T01:59:31.508+0000][1][safepoint    ] Leaving safepoint region
[2022-06-13T01:59:31.509+0000][1][safepoint    ] Total time for which application threads were stopped: 0.0013963 seconds, Stopping threads took: 0.0006507 seconds
[2022-06-13T01:59:32.510+0000][1][safepoint    ] Application time: 1.0001548 seconds
[2022-06-13T01:59:32.510+0000][1][safepoint    ] Entering safepoint region: Cleanup
[2022-06-13T01:59:32.510+0000][1][safepoint    ] Leaving safepoint region
[2022-06-13T01:59:32.510+0000][1][safepoint    ] Total time for which application threads were stopped: 0.0003211 seconds, Stopping threads took: 0.0001420 seconds
[2022-06-13T01:59:33.510+0000][1][safepoint    ] Application time: 1.0001624 seconds
[2022-06-13T01:59:33.511+0000][1][safepoint    ] Entering safepoint region: Cleanup
[2022-06-13T01:59:33.511+0000][1][safepoint    ] Leaving safepoint region
[2022-06-13T01:59:33.511+0000][1][safepoint    ] Total time for which application threads were stopped: 0.0005628 seconds, Stopping threads took: 0.0003080 seconds
[2022-06-13T01:59:34.512+0000][1][safepoint    ] Application time: 1.0003221 seconds
[2022-06-13T01:59:34.513+0000][1][safepoint    ] Entering safepoint region: Cleanup
[2022-06-13T01:59:34.514+0000][1][safepoint    ] Leaving safepoint region
[2022-06-13T01:59:34.514+0000][1][safepoint    ] Total time for which application threads were stopped: 0.0013460 seconds, Stopping threads took: 0.0006518 seconds
[2022-06-13T01:59:35.515+0000][1][safepoint    ] Application time: 1.0002458 seconds
[2022-06-13T01:59:35.516+0000][1][safepoint    ] Entering safepoint region: Cleanup
[2022-06-13T01:59:35.516+0000][1][safepoint    ] Leaving safepoint region
[2022-06-13T01:59:35.517+0000][1][safepoint    ] Total time for which application threads were stopped: 0.0014082 seconds, Stopping threads took: 0.0007112 seconds
[2022-06-13T01:59:36.518+0000][1][safepoint    ] Application time: 1.0001368 seconds
[2022-06-13T01:59:36.518+0000][1][safepoint    ] Entering safepoint region: Cleanup
[2022-06-13T01:59:36.518+0000][1][safepoint    ] Leaving safepoint region
[2022-06-13T01:59:36.519+0000][1][safepoint    ] Total time for which application threads were stopped: 0.0005719 seconds, Stopping threads took: 0.0002224 seconds
[2022-06-13T01:59:37.519+0000][1][safepoint    ] Application time: 1.0002480 seconds
[2022-06-13T01:59:37.520+0000][1][safepoint    ] Entering safepoint region: Cleanup
[2022-06-13T01:59:37.520+0000][1][safepoint    ] Leaving safepoint region
[2022-06-13T01:59:37.520+0000][1][safepoint    ] Total time for which application threads were stopped: 0.0006383 seconds, Stopping threads took: 0.0002874 seconds
[2022-06-13T01:59:38.521+0000][1][safepoint    ] Application time: 1.0001280 seconds
[2022-06-13T01:59:38.521+0000][1][safepoint    ] Entering safepoint region: Cleanup
[2022-06-13T01:59:38.521+0000][1][safepoint    ] Leaving safepoint region
[2022-06-13T01:59:38.521+0000][1][safepoint    ] Total time for which application threads were stopped: 0.0003496 seconds, Stopping threads took: 0.0001785 seconds
[2022-06-13T01:59:39.522+0000][1][safepoint    ] Application time: 1.0001040 seconds
[2022-06-13T01:59:39.522+0000][1][safepoint    ] Entering safepoint region: Cleanup
[2022-06-13T01:59:39.522+0000][1][safepoint    ] Leaving safepoint region
[2022-06-13T01:59:39.522+0000][1][safepoint    ] Total time for which application threads were stopped: 0.0004582 seconds, Stopping threads took: 0.0002215 seconds
[2022-06-13T01:59:40.523+0000][1][safepoint    ] Application time: 1.0002588 seconds
[2022-06-13T01:59:40.523+0000][1][safepoint    ] Entering safepoint region: Cleanup
[2022-06-13T01:59:40.524+0000][1][safepoint    ] Leaving safepoint region
[2022-06-13T01:59:40.524+0000][1][safepoint    ] Total time for which application threads were stopped: 0.0008499 seconds, Stopping threads took: 0.0003410 seconds
[2022-06-13T01:59:41.525+0000][1][safepoint    ] Application time: 1.0003743 seconds
[2022-06-13T01:59:41.526+0000][1][safepoint    ] Entering safepoint region: Cleanup
[2022-06-13T01:59:41.526+0000][1][safepoint    ] Leaving safepoint region
[2022-06-13T01:59:41.526+0000][1][safepoint    ] Total time for which application threads were stopped: 0.0008764 seconds, Stopping threads took: 0.0004226 seconds
[2022-06-13T01:59:42.527+0000][1][safepoint    ] Application time: 1.0002277 seconds
[2022-06-13T01:59:42.528+0000][1][safepoint    ] Entering safepoint region: Cleanup
[2022-06-13T01:59:42.528+0000][1][safepoint    ] Leaving safepoint region
[2022-06-13T01:59:42.528+0000][1][safepoint    ] Total time for which application threads were stopped: 0.0007865 seconds, Stopping threads took: 0.0003658 seconds
[2022-06-13T01:59:43.529+0000][1][safepoint    ] Application time: 1.0002724 seconds
[2022-06-13T01:59:43.530+0000][1][safepoint    ] Entering safepoint region: Cleanup
[2022-06-13T01:59:43.530+0000][1][safepoint    ] Leaving safepoint region
[2022-06-13T01:59:43.530+0000][1][safepoint    ] Total time for which application threads were stopped: 0.0008819 seconds, Stopping threads took: 0.0003845 seconds
[2022-06-13T01:59:44.531+0000][1][safepoint    ] Application time: 1.0002184 seconds
[2022-06-13T01:59:44.531+0000][1][safepoint    ] Entering safepoint region: Cleanup
[2022-06-13T01:59:44.532+0000][1][safepoint    ] Leaving safepoint region
[2022-06-13T01:59:44.532+0000][1][safepoint    ] Total time for which application threads were stopped: 0.0006751 seconds, Stopping threads took: 0.0002782 seconds
[2022-06-13T01:59:45.532+0000][1][safepoint    ] Application time: 1.0002301 seconds
[2022-06-13T01:59:45.533+0000][1][safepoint    ] Entering safepoint region: Cleanup
[2022-06-13T01:59:45.533+0000][1][safepoint    ] Leaving safepoint region
[2022-06-13T01:59:45.534+0000][1][safepoint    ] Total time for which application threads were stopped: 0.0008880 seconds, Stopping threads took: 0.0004001 seconds
[2022-06-13T01:59:46.534+0000][1][safepoint    ] Application time: 1.0002059 seconds
[2022-06-13T01:59:46.535+0000][1][safepoint    ] Entering safepoint region: Cleanup
[2022-06-13T01:59:46.535+0000][1][safepoint    ] Leaving safepoint region
[2022-06-13T01:59:46.535+0000][1][safepoint    ] Total time for which application threads were stopped: 0.0005988 seconds, Stopping threads took: 0.0002697 seconds
[2022-06-13T01:59:47.536+0000][1][safepoint    ] Application time: 1.0002460 seconds
[2022-06-13T01:59:47.536+0000][1][safepoint    ] Entering safepoint region: Cleanup
[2022-06-13T01:59:47.537+0000][1][safepoint    ] Leaving safepoint region
[2022-06-13T01:59:47.537+0000][1][safepoint    ] Total time for which application threads were stopped: 0.0007565 seconds, Stopping threads took: 0.0003404 seconds
[2022-06-13T01:59:48.537+0000][1][safepoint    ] Application time: 1.0003381 seconds
[2022-06-13T01:59:48.538+0000][1][safepoint    ] Entering safepoint region: Cleanup
[2022-06-13T01:59:48.538+0000][1][safepoint    ] Leaving safepoint region
[2022-06-13T01:59:48.538+0000][1][safepoint    ] Total time for which application threads were stopped: 0.0004411 seconds, Stopping threads took: 0.0001904 seconds
[2022-06-13T01:59:49.539+0000][1][safepoint    ] Application time: 1.0001265 seconds
[2022-06-13T01:59:49.539+0000][1][safepoint    ] Entering safepoint region: Cleanup
[2022-06-13T01:59:49.539+0000][1][safepoint    ] Leaving safepoint region
[2022-06-13T01:59:49.540+0000][1][safepoint    ] Total time for which application threads were stopped: 0.0007194 seconds, Stopping threads took: 0.0004241 seconds
[2022-06-13T01:59:50.540+0000][1][safepoint    ] Application time: 1.0003535 seconds
[2022-06-13T01:59:50.541+0000][1][safepoint    ] Entering safepoint region: Cleanup
[2022-06-13T01:59:50.542+0000][1][safepoint    ] Leaving safepoint region
[2022-06-13T01:59:50.542+0000][1][safepoint    ] Total time for which application threads were stopped: 0.0013888 seconds, Stopping threads took: 0.0006304 seconds
[2022-06-13T01:59:51.543+0000][1][safepoint    ] Application time: 1.0001774 seconds
[2022-06-13T01:59:51.544+0000][1][safepoint    ] Entering safepoint region: Cleanup
[2022-06-13T01:59:51.544+0000][1][safepoint    ] Leaving safepoint region
[2022-06-13T01:59:51.544+0000][1][safepoint    ] Total time for which application threads were stopped: 0.0007551 seconds, Stopping threads took: 0.0002783 seconds
[2022-06-13T01:59:52.545+0000][1][safepoint    ] Application time: 1.0002098 seconds
[2022-06-13T01:59:52.546+0000][1][safepoint    ] Entering safepoint region: Cleanup
[2022-06-13T01:59:52.546+0000][1][safepoint    ] Leaving safepoint region
[2022-06-13T01:59:52.547+0000][1][safepoint    ] Total time for which application threads were stopped: 0.0010499 seconds, Stopping threads took: 0.0004833 seconds
[2022-06-13T01:59:53.547+0000][1][safepoint    ] Application time: 1.0001636 seconds
[2022-06-13T01:59:53.548+0000][1][safepoint    ] Entering safepoint region: Cleanup
[2022-06-13T01:59:53.549+0000][1][safepoint    ] Leaving safepoint region
[2022-06-13T01:59:53.549+0000][1][safepoint    ] Total time for which application threads were stopped: 0.0016024 seconds, Stopping threads took: 0.0008484 seconds
[2022-06-13T01:59:54.550+0000][1][safepoint    ] Application time: 1.0002483 seconds
[2022-06-13T01:59:54.551+0000][1][safepoint    ] Entering safepoint region: Cleanup
[2022-06-13T01:59:54.551+0000][1][safepoint    ] Leaving safepoint region
[2022-06-13T01:59:54.551+0000][1][safepoint    ] Total time for which application threads were stopped: 0.0007158 seconds, Stopping threads took: 0.0003611 seconds
[2022-06-13T01:59:55.552+0000][1][safepoint    ] Application time: 1.0001836 seconds
[2022-06-13T01:59:55.553+0000][1][safepoint    ] Entering safepoint region: Cleanup
[2022-06-13T01:59:55.553+0000][1][safepoint    ] Leaving safepoint region
[2022-06-13T01:59:55.553+0000][1][safepoint    ] Total time for which application threads were stopped: 0.0007862 seconds, Stopping threads took: 0.0003290 seconds
[2022-06-13T01:59:56.554+0000][1][safepoint    ] Application time: 1.0002512 seconds
[2022-06-13T01:59:56.555+0000][1][safepoint    ] Entering safepoint region: Cleanup
[2022-06-13T01:59:56.555+0000][1][safepoint    ] Leaving safepoint region
[2022-06-13T01:59:56.556+0000][1][safepoint    ] Total time for which application threads were stopped: 0.0013388 seconds, Stopping threads took: 0.0005370 seconds
[2022-06-13T01:59:57.557+0000][1][safepoint    ] Application time: 1.0002919 seconds
[2022-06-13T01:59:57.558+0000][1][safepoint    ] Entering safepoint region: Cleanup
[2022-06-13T01:59:57.558+0000][1][safepoint    ] Leaving safepoint region
[2022-06-13T01:59:57.559+0000][1][safepoint    ] Total time for which application threads were stopped: 0.0012635 seconds, Stopping threads took: 0.0005816 seconds
[2022-06-13T01:59:58.560+0000][1][safepoint    ] Application time: 1.0002670 seconds
[2022-06-13T01:59:58.560+0000][1][safepoint    ] Entering safepoint region: Cleanup
[2022-06-13T01:59:58.561+0000][1][safepoint    ] Leaving safepoint region
[2022-06-13T01:59:58.561+0000][1][safepoint    ] Total time for which application threads were stopped: 0.0010425 seconds, Stopping threads took: 0.0004768 seconds
[2022-06-13T01:59:59.562+0000][1][safepoint    ] Application time: 1.0001953 seconds
[2022-06-13T01:59:59.563+0000][1][safepoint    ] Entering safepoint region: Cleanup
[2022-06-13T01:59:59.563+0000][1][safepoint    ] Leaving safepoint region
[2022-06-13T01:59:59.564+0000][1][safepoint    ] Total time for which application threads were stopped: 0.0011526 seconds, Stopping threads took: 0.0004249 seconds
[2022-06-13T02:00:00.564+0000][1][safepoint    ] Application time: 1.0002296 seconds
[2022-06-13T02:00:00.565+0000][1][safepoint    ] Entering safepoint region: Cleanup
[2022-06-13T02:00:00.565+0000][1][safepoint    ] Leaving safepoint region
[2022-06-13T02:00:00.566+0000][1][safepoint    ] Total time for which application threads were stopped: 0.0006994 seconds, Stopping threads took: 0.0002616 seconds
[2022-06-13T02:00:01.566+0000][1][safepoint    ] Application time: 1.0002328 seconds
[2022-06-13T02:00:01.567+0000][1][safepoint    ] Entering safepoint region: Cleanup
[2022-06-13T02:00:01.568+0000][1][safepoint    ] Leaving safepoint region
[2022-06-13T02:00:01.568+0000][1][safepoint    ] Total time for which application threads were stopped: 0.0010425 seconds, Stopping threads took: 0.0004908 seconds
[2022-06-13T02:00:02.569+0000][1][safepoint    ] Application time: 1.0001345 seconds
[2022-06-13T02:00:02.569+0000][1][safepoint    ] Entering safepoint region: Cleanup
[2022-06-13T02:00:02.570+0000][1][safepoint    ] Leaving safepoint region
[2022-06-13T02:00:02.570+0000][1][safepoint    ] Total time for which application threads were stopped: 0.0010629 seconds, Stopping threads took: 0.0004771 seconds
[2022-06-13T02:00:03.571+0000][1][safepoint    ] Application time: 1.0003303 seconds
[2022-06-13T02:00:03.572+0000][1][safepoint    ] Entering safepoint region: Cleanup
[2022-06-13T02:00:03.572+0000][1][safepoint    ] Leaving safepoint region
[2022-06-13T02:00:03.573+0000][1][safepoint    ] Total time for which application threads were stopped: 0.0010783 seconds, Stopping threads took: 0.0004715 seconds
[2022-06-13T02:00:04.573+0000][1][safepoint    ] Application time: 1.0001499 seconds
[2022-06-13T02:00:04.574+0000][1][safepoint    ] Entering safepoint region: Cleanup
[2022-06-13T02:00:04.575+0000][1][safepoint    ] Leaving safepoint region
[2022-06-13T02:00:04.575+0000][1][safepoint    ] Total time for which application threads were stopped: 0.0010442 seconds, Stopping threads took: 0.0004873 seconds
[2022-06-13T02:00:05.576+0000][1][safepoint    ] Application time: 1.0001722 seconds
[2022-06-13T02:00:05.576+0000][1][safepoint    ] Entering safepoint region: Cleanup
[2022-06-13T02:00:05.576+0000][1][safepoint    ] Leaving safepoint region
[2022-06-13T02:00:05.576+0000][1][safepoint    ] Total time for which application threads were stopped: 0.0004744 seconds, Stopping threads took: 0.0002405 seconds
[2022-06-13T02:00:06.577+0000][1][safepoint    ] Application time: 1.0002626 seconds
[2022-06-13T02:00:06.577+0000][1][safepoint    ] Entering safepoint region: Cleanup
[2022-06-13T02:00:06.578+0000][1][safepoint    ] Leaving safepoint region
[2022-06-13T02:00:06.579+0000][1][safepoint    ] Total time for which application threads were stopped: 0.0013024 seconds, Stopping threads took: 0.0005912 seconds
[2022-06-13T02:00:07.579+0000][1][safepoint    ] Application time: 1.0001924 seconds
[2022-06-13T02:00:07.580+0000][1][safepoint    ] Entering safepoint region: Cleanup
[2022-06-13T02:00:07.580+0000][1][safepoint    ] Leaving safepoint region
[2022-06-13T02:00:07.581+0000][1][safepoint    ] Total time for which application threads were stopped: 0.0009260 seconds, Stopping threads took: 0.0003647 seconds
[2022-06-13T02:00:08.582+0000][1][safepoint    ] Application time: 1.0002467 seconds
[2022-06-13T02:00:08.582+0000][1][safepoint    ] Entering safepoint region: Cleanup
[2022-06-13T02:00:08.583+0000][1][safepoint    ] Leaving safepoint region
[2022-06-13T02:00:08.583+0000][1][safepoint    ] Total time for which application threads were stopped: 0.0009443 seconds, Stopping threads took: 0.0004500 seconds
[2022-06-13T02:00:09.584+0000][1][safepoint    ] Application time: 1.0002576 seconds
[2022-06-13T02:00:09.584+0000][1][safepoint    ] Entering safepoint region: Cleanup
[2022-06-13T02:00:09.585+0000][1][safepoint    ] Leaving safepoint region
[2022-06-13T02:00:09.585+0000][1][safepoint    ] Total time for which application threads were stopped: 0.0010740 seconds, Stopping threads took: 0.0004788 seconds
[2022-06-13T02:00:10.586+0000][1][safepoint    ] Application time: 1.0002689 seconds
[2022-06-13T02:00:10.587+0000][1][safepoint    ] Entering safepoint region: Cleanup
[2022-06-13T02:00:10.587+0000][1][safepoint    ] Leaving safepoint region
[2022-06-13T02:00:10.588+0000][1][safepoint    ] Total time for which application threads were stopped: 0.0009075 seconds, Stopping threads took: 0.0004314 seconds
[2022-06-13T02:00:11.588+0000][1][safepoint    ] Application time: 1.0002062 seconds
[2022-06-13T02:00:11.589+0000][1][safepoint    ] Entering safepoint region: Cleanup
[2022-06-13T02:00:11.589+0000][1][safepoint    ] Leaving safepoint region
[2022-06-13T02:00:11.589+0000][1][safepoint    ] Total time for which application threads were stopped: 0.0007919 seconds, Stopping threads took: 0.0003555 seconds
[2022-06-13T02:00:12.590+0000][1][safepoint    ] Application time: 1.0001962 seconds
[2022-06-13T02:00:12.590+0000][1][safepoint    ] Entering safepoint region: Cleanup
[2022-06-13T02:00:12.591+0000][1][safepoint    ] Leaving safepoint region
[2022-06-13T02:00:12.591+0000][1][safepoint    ] Total time for which application threads were stopped: 0.0006165 seconds, Stopping threads took: 0.0002708 seconds
[2022-06-13T02:00:13.591+0000][1][safepoint    ] Application time: 1.0001673 seconds
[2022-06-13T02:00:13.592+0000][1][safepoint    ] Entering safepoint region: Cleanup
[2022-06-13T02:00:13.593+0000][1][safepoint    ] Leaving safepoint region
[2022-06-13T02:00:13.593+0000][1][safepoint    ] Total time for which application threads were stopped: 0.0009026 seconds, Stopping threads took: 0.0004688 seconds
[2022-06-13T02:00:14.594+0000][1][safepoint    ] Application time: 1.0003307 seconds
[2022-06-13T02:00:14.594+0000][1][safepoint    ] Entering safepoint region: Cleanup
[2022-06-13T02:00:14.595+0000][1][safepoint    ] Leaving safepoint region
[2022-06-13T02:00:14.596+0000][1][safepoint    ] Total time for which application threads were stopped: 0.0016178 seconds, Stopping threads took: 0.0007302 seconds
[2022-06-13T02:00:15.597+0000][1][safepoint    ] Application time: 1.0002027 seconds
[2022-06-13T02:00:15.597+0000][1][safepoint    ] Entering safepoint region: Cleanup
[2022-06-13T02:00:15.598+0000][1][safepoint    ] Leaving safepoint region
[2022-06-13T02:00:15.598+0000][1][safepoint    ] Total time for which application threads were stopped: 0.0009268 seconds, Stopping threads took: 0.0004674 seconds
[2022-06-13T02:00:16.599+0000][1][safepoint    ] Application time: 1.0002860 seconds
[2022-06-13T02:00:16.600+0000][1][safepoint    ] Entering safepoint region: Cleanup
[2022-06-13T02:00:16.600+0000][1][safepoint    ] Leaving safepoint region
[2022-06-13T02:00:16.601+0000][1][safepoint    ] Total time for which application threads were stopped: 0.0012441 seconds, Stopping threads took: 0.0006154 seconds
[2022-06-13T02:00:17.602+0000][1][safepoint    ] Application time: 1.0003314 seconds
[2022-06-13T02:00:17.602+0000][1][safepoint    ] Entering safepoint region: Cleanup
[2022-06-13T02:00:17.603+0000][1][safepoint    ] Leaving safepoint region
[2022-06-13T02:00:17.603+0000][1][safepoint    ] Total time for which application threads were stopped: 0.0006180 seconds, Stopping threads took: 0.0002515 seconds
[2022-06-13T02:00:18.603+0000][1][safepoint    ] Application time: 1.0001546 seconds
[2022-06-13T02:00:18.604+0000][1][safepoint    ] Entering safepoint region: Cleanup
[2022-06-13T02:00:18.605+0000][1][safepoint    ] Leaving safepoint region
[2022-06-13T02:00:18.605+0000][1][safepoint    ] Total time for which application threads were stopped: 0.0008244 seconds, Stopping threads took: 0.0004702 seconds
[2022-06-13T02:00:19.605+0000][1][safepoint    ] Application time: 1.0001330 seconds
[2022-06-13T02:00:19.606+0000][1][safepoint    ] Entering safepoint region: Cleanup
[2022-06-13T02:00:19.606+0000][1][safepoint    ] Leaving safepoint region
[2022-06-13T02:00:19.606+0000][1][safepoint    ] Total time for which application threads were stopped: 0.0005301 seconds, Stopping threads took: 0.0003085 seconds
[2022-06-13T02:00:20.607+0000][1][safepoint    ] Application time: 1.0001544 seconds
[2022-06-13T02:00:20.607+0000][1][safepoint    ] Entering safepoint region: Cleanup
[2022-06-13T02:00:20.608+0000][1][safepoint    ] Leaving safepoint region
[2022-06-13T02:00:20.608+0000][1][safepoint    ] Total time for which application threads were stopped: 0.0009820 seconds, Stopping threads took: 0.0004414 seconds
[2022-06-13T02:00:21.609+0000][1][safepoint    ] Application time: 1.0001336 seconds
[2022-06-13T02:00:21.609+0000][1][safepoint    ] Entering safepoint region: Cleanup
[2022-06-13T02:00:21.609+0000][1][safepoint    ] Leaving safepoint region
[2022-06-13T02:00:21.610+0000][1][safepoint    ] Total time for which application threads were stopped: 0.0006489 seconds, Stopping threads took: 0.0002958 seconds
[2022-06-13T02:00:22.610+0000][1][safepoint    ] Application time: 1.0003418 seconds
[2022-06-13T02:00:22.611+0000][1][safepoint    ] Entering safepoint region: Cleanup
[2022-06-13T02:00:22.611+0000][1][safepoint    ] Leaving safepoint region
[2022-06-13T02:00:22.612+0000][1][safepoint    ] Total time for which application threads were stopped: 0.0007757 seconds, Stopping threads took: 0.0003507 seconds
[2022-06-13T02:00:23.612+0000][1][safepoint    ] Application time: 1.0002317 seconds
[2022-06-13T02:00:23.613+0000][1][safepoint    ] Entering safepoint region: Cleanup
[2022-06-13T02:00:23.614+0000][1][safepoint    ] Leaving safepoint region
[2022-06-13T02:00:23.614+0000][1][safepoint    ] Total time for which application threads were stopped: 0.0014640 seconds, Stopping threads took: 0.0006285 seconds
[2022-06-13T02:00:24.615+0000][1][safepoint    ] Application time: 1.0002391 seconds
[2022-06-13T02:00:24.616+0000][1][safepoint    ] Entering safepoint region: Cleanup
[2022-06-13T02:00:24.616+0000][1][safepoint    ] Leaving safepoint region
[2022-06-13T02:00:24.617+0000][1][safepoint    ] Total time for which application threads were stopped: 0.0009398 seconds, Stopping threads took: 0.0004321 seconds
[2022-06-13T02:00:25.617+0000][1][safepoint    ] Application time: 1.0002297 seconds
[2022-06-13T02:00:25.618+0000][1][safepoint    ] Entering safepoint region: Cleanup
[2022-06-13T02:00:25.619+0000][1][safepoint    ] Leaving safepoint region
[2022-06-13T02:00:25.619+0000][1][safepoint    ] Total time for which application threads were stopped: 0.0012254 seconds, Stopping threads took: 0.0006258 seconds
[2022-06-13T02:00:26.620+0000][1][safepoint    ] Application time: 1.0001542 seconds
[2022-06-13T02:00:26.620+0000][1][safepoint    ] Entering safepoint region: Cleanup
[2022-06-13T02:00:26.621+0000][1][safepoint    ] Leaving safepoint region
[2022-06-13T02:00:26.621+0000][1][safepoint    ] Total time for which application threads were stopped: 0.0011006 seconds, Stopping threads took: 0.0005651 seconds
[2022-06-13T02:00:27.622+0000][1][safepoint    ] Application time: 1.0002137 seconds
[2022-06-13T02:00:27.623+0000][1][safepoint    ] Entering safepoint region: Cleanup
[2022-06-13T02:00:27.623+0000][1][safepoint    ] Leaving safepoint region
[2022-06-13T02:00:27.624+0000][1][safepoint    ] Total time for which application threads were stopped: 0.0013999 seconds, Stopping threads took: 0.0006337 seconds
[2022-06-13T02:00:28.625+0000][1][safepoint    ] Application time: 1.0003402 seconds
[2022-06-13T02:00:28.626+0000][1][safepoint    ] Entering safepoint region: Cleanup
[2022-06-13T02:00:28.627+0000][1][safepoint    ] Leaving safepoint region
[2022-06-13T02:00:28.627+0000][1][safepoint    ] Total time for which application threads were stopped: 0.0015483 seconds, Stopping threads took: 0.0007105 seconds
[2022-06-13T02:00:29.628+0000][1][safepoint    ] Application time: 1.0002733 seconds
[2022-06-13T02:00:29.629+0000][1][safepoint    ] Entering safepoint region: Cleanup
[2022-06-13T02:00:29.630+0000][1][safepoint    ] Leaving safepoint region
[2022-06-13T02:00:29.630+0000][1][safepoint    ] Total time for which application threads were stopped: 0.0011074 seconds, Stopping threads took: 0.0005254 seconds
[2022-06-13T02:00:30.631+0000][1][safepoint    ] Application time: 1.0002682 seconds
[2022-06-13T02:00:30.631+0000][1][safepoint    ] Entering safepoint region: Cleanup
[2022-06-13T02:00:30.632+0000][1][safepoint    ] Leaving safepoint region
[2022-06-13T02:00:30.633+0000][1][safepoint    ] Total time for which application threads were stopped: 0.0015485 seconds, Stopping threads took: 0.0007690 seconds
[2022-06-13T02:00:34.634+0000][1][safepoint    ] Application time: 4.0010159 seconds
[2022-06-13T02:00:34.635+0000][1][safepoint    ] Entering safepoint region: Cleanup
[2022-06-13T02:00:34.635+0000][1][safepoint    ] Leaving safepoint region
[2022-06-13T02:00:34.635+0000][1][safepoint    ] Total time for which application threads were stopped: 0.0007397 seconds, Stopping threads took: 0.0003601 seconds
[2022-06-13T02:01:09.642+0000][1][safepoint    ] Application time: 35.0063840 seconds
[2022-06-13T02:01:09.642+0000][1][safepoint    ] Entering safepoint region: Cleanup
[2022-06-13T02:01:09.643+0000][1][safepoint    ] Leaving safepoint region
[2022-06-13T02:01:09.643+0000][1][safepoint    ] Total time for which application threads were stopped: 0.0007932 seconds, Stopping threads took: 0.0003592 seconds
[2022-06-13T02:01:10.644+0000][1][safepoint    ] Application time: 1.0001921 seconds
[2022-06-13T02:01:10.644+0000][1][safepoint    ] Entering safepoint region: Cleanup
[2022-06-13T02:01:10.644+0000][1][safepoint    ] Leaving safepoint region
[2022-06-13T02:01:10.645+0000][1][safepoint    ] Total time for which application threads were stopped: 0.0005171 seconds, Stopping threads took: 0.0002019 seconds
[2022-06-13T02:01:11.645+0000][1][safepoint    ] Application time: 1.0001378 seconds
[2022-06-13T02:01:11.645+0000][1][safepoint    ] Entering safepoint region: Cleanup
[2022-06-13T02:01:11.646+0000][1][safepoint    ] Leaving safepoint region
[2022-06-13T02:01:11.646+0000][1][safepoint    ] Total time for which application threads were stopped: 0.0006136 seconds, Stopping threads took: 0.0001951 seconds
[2022-06-13T02:01:12.646+0000][1][safepoint    ] Application time: 1.0002488 seconds
[2022-06-13T02:01:12.647+0000][1][safepoint    ] Entering safepoint region: Cleanup
[2022-06-13T02:01:12.647+0000][1][safepoint    ] Leaving safepoint region
[2022-06-13T02:01:12.647+0000][1][safepoint    ] Total time for which application threads were stopped: 0.0004376 seconds, Stopping threads took: 0.0001883 seconds
[2022-06-13T02:01:13.647+0000][1][safepoint    ] Application time: 1.0002078 seconds
[2022-06-13T02:01:13.648+0000][1][safepoint    ] Entering safepoint region: Cleanup
[2022-06-13T02:01:13.648+0000][1][safepoint    ] Leaving safepoint region
[2022-06-13T02:01:13.649+0000][1][safepoint    ] Total time for which application threads were stopped: 0.0008152 seconds, Stopping threads took: 0.0003894 seconds
[2022-06-13T02:01:14.650+0000][1][safepoint    ] Application time: 1.0002626 seconds
[2022-06-13T02:01:14.650+0000][1][safepoint    ] Entering safepoint region: Cleanup
[2022-06-13T02:01:14.650+0000][1][safepoint    ] Leaving safepoint region
[2022-06-13T02:01:14.650+0000][1][safepoint    ] Total time for which application threads were stopped: 0.0005269 seconds, Stopping threads took: 0.0002353 seconds
[2022-06-13T02:01:15.651+0000][1][safepoint    ] Application time: 1.0001698 seconds
[2022-06-13T02:01:15.651+0000][1][safepoint    ] Entering safepoint region: Cleanup
[2022-06-13T02:01:15.652+0000][1][safepoint    ] Leaving safepoint region
[2022-06-13T02:01:15.652+0000][1][safepoint    ] Total time for which application threads were stopped: 0.0009205 seconds, Stopping threads took: 0.0004177 seconds
[2022-06-13T02:01:16.653+0000][1][safepoint    ] Application time: 1.0003384 seconds
[2022-06-13T02:01:16.653+0000][1][safepoint    ] Entering safepoint region: Cleanup
[2022-06-13T02:01:16.654+0000][1][safepoint    ] Leaving safepoint region
[2022-06-13T02:01:16.654+0000][1][safepoint    ] Total time for which application threads were stopped: 0.0007099 seconds, Stopping threads took: 0.0002575 seconds
[2022-06-13T02:01:17.654+0000][1][safepoint    ] Application time: 1.0002767 seconds
[2022-06-13T02:01:17.655+0000][1][safepoint    ] Entering safepoint region: Cleanup
[2022-06-13T02:01:17.655+0000][1][safepoint    ] Leaving safepoint region
[2022-06-13T02:01:17.655+0000][1][safepoint    ] Total time for which application threads were stopped: 0.0006243 seconds, Stopping threads took: 0.0002812 seconds
[2022-06-13T02:01:18.656+0000][1][safepoint    ] Application time: 1.0002694 seconds
[2022-06-13T02:01:18.656+0000][1][safepoint    ] Entering safepoint region: Cleanup
[2022-06-13T02:01:18.657+0000][1][safepoint    ] Leaving safepoint region
[2022-06-13T02:01:18.657+0000][1][safepoint    ] Total time for which application threads were stopped: 0.0008076 seconds, Stopping threads took: 0.0003929 seconds
[2022-06-13T02:01:19.519+0000][1][safepoint    ] Application time: 0.8612995 seconds
[2022-06-13T02:01:19.519+0000][1][safepoint    ] Entering safepoint region: GenCollectForAllocation
[2022-06-13T02:01:19.520+0000][1][gc,start     ] GC(25) Pause Young (Allocation Failure)
[2022-06-13T02:01:19.520+0000][1][gc,task      ] GC(25) Using 5 workers of 13 for evacuation
[2022-06-13T02:01:19.523+0000][1][gc,age       ] GC(25) Desired survivor size 4456448 bytes, new threshold 6 (max threshold 6)
[2022-06-13T02:01:19.523+0000][1][gc,age       ] GC(25) Age table with threshold 6 (max threshold 6)
[2022-06-13T02:01:19.523+0000][1][gc,age       ] GC(25) - age   1:      31640 bytes,      31640 total
[2022-06-13T02:01:19.523+0000][1][gc,age       ] GC(25) - age   2:      17736 bytes,      49376 total
[2022-06-13T02:01:19.523+0000][1][gc,age       ] GC(25) - age   3:      47664 bytes,      97040 total
[2022-06-13T02:01:19.523+0000][1][gc,age       ] GC(25) - age   4:     681856 bytes,     778896 total
[2022-06-13T02:01:19.523+0000][1][gc,heap      ] GC(25) ParNew: 71649K->1014K(78656K)
[2022-06-13T02:01:19.523+0000][1][gc,heap      ] GC(25) CMS: 68364K->68364K(174784K)
[2022-06-13T02:01:19.524+0000][1][gc,metaspace ] GC(25) Metaspace: 64212K->64212K(1107968K)
[2022-06-13T02:01:19.524+0000][1][gc           ] GC(25) Pause Young (Allocation Failure) 136M->67M(247M) 3.838ms
[2022-06-13T02:01:19.524+0000][1][gc,cpu       ] GC(25) User=0.01s Sys=0.00s Real=0.00s
[2022-06-13T02:01:19.524+0000][1][safepoint    ] Leaving safepoint region
[2022-06-13T02:01:19.524+0000][1][safepoint    ] Total time for which application threads were stopped: 0.0048400 seconds, Stopping threads took: 0.0005246 seconds
[2022-06-13T02:01:20.524+0000][1][safepoint    ] Application time: 1.0001598 seconds
[2022-06-13T02:01:20.524+0000][1][safepoint    ] Entering safepoint region: Cleanup
[2022-06-13T02:01:20.525+0000][1][safepoint    ] Leaving safepoint region
[2022-06-13T02:01:20.525+0000][1][safepoint    ] Total time for which application threads were stopped: 0.0007384 seconds, Stopping threads took: 0.0003442 seconds
[2022-06-13T02:01:21.526+0000][1][safepoint    ] Application time: 1.0001861 seconds
[2022-06-13T02:01:21.526+0000][1][safepoint    ] Entering safepoint region: Cleanup
[2022-06-13T02:01:21.527+0000][1][safepoint    ] Leaving safepoint region
[2022-06-13T02:01:21.528+0000][1][safepoint    ] Total time for which application threads were stopped: 0.0013578 seconds, Stopping threads took: 0.0007128 seconds
[2022-06-13T02:01:22.528+0000][1][safepoint    ] Application time: 1.0002960 seconds
[2022-06-13T02:01:22.529+0000][1][safepoint    ] Entering safepoint region: Cleanup
[2022-06-13T02:01:22.529+0000][1][safepoint    ] Leaving safepoint region
[2022-06-13T02:01:22.530+0000][1][safepoint    ] Total time for which application threads were stopped: 0.0009967 seconds, Stopping threads took: 0.0003914 seconds
[2022-06-13T02:01:23.530+0000][1][safepoint    ] Application time: 1.0002155 seconds
[2022-06-13T02:01:23.531+0000][1][safepoint    ] Entering safepoint region: Cleanup
[2022-06-13T02:01:23.531+0000][1][safepoint    ] Leaving safepoint region
[2022-06-13T02:01:23.531+0000][1][safepoint    ] Total time for which application threads were stopped: 0.0007234 seconds, Stopping threads took: 0.0003950 seconds
[2022-06-13T02:01:24.532+0000][1][safepoint    ] Application time: 1.0002487 seconds
[2022-06-13T02:01:24.532+0000][1][safepoint    ] Entering safepoint region: Cleanup
[2022-06-13T02:01:24.533+0000][1][safepoint    ] Leaving safepoint region
[2022-06-13T02:01:24.533+0000][1][safepoint    ] Total time for which application threads were stopped: 0.0007284 seconds, Stopping threads took: 0.0003796 seconds
[2022-06-13T02:01:25.534+0000][1][safepoint    ] Application time: 1.0002173 seconds
[2022-06-13T02:01:25.534+0000][1][safepoint    ] Entering safepoint region: Cleanup
[2022-06-13T02:01:25.535+0000][1][safepoint    ] Leaving safepoint region
[2022-06-13T02:01:25.535+0000][1][safepoint    ] Total time for which application threads were stopped: 0.0011722 seconds, Stopping threads took: 0.0005706 seconds
[2022-06-13T02:01:26.536+0000][1][safepoint    ] Application time: 1.0002069 seconds
[2022-06-13T02:01:26.536+0000][1][safepoint    ] Entering safepoint region: Cleanup
[2022-06-13T02:01:26.536+0000][1][safepoint    ] Leaving safepoint region
[2022-06-13T02:01:26.537+0000][1][safepoint    ] Total time for which application threads were stopped: 0.0008417 seconds, Stopping threads took: 0.0003615 seconds
[2022-06-13T02:01:27.537+0000][1][safepoint    ] Application time: 1.0001581 seconds
[2022-06-13T02:01:27.538+0000][1][safepoint    ] Entering safepoint region: Cleanup
[2022-06-13T02:01:27.538+0000][1][safepoint    ] Leaving safepoint region
[2022-06-13T02:01:27.539+0000][1][safepoint    ] Total time for which application threads were stopped: 0.0010757 seconds, Stopping threads took: 0.0005520 seconds
[2022-06-13T02:01:28.539+0000][1][safepoint    ] Application time: 1.0002148 seconds
[2022-06-13T02:01:28.540+0000][1][safepoint    ] Entering safepoint region: Cleanup
[2022-06-13T02:01:28.540+0000][1][safepoint    ] Leaving safepoint region
[2022-06-13T02:01:28.540+0000][1][safepoint    ] Total time for which application threads were stopped: 0.0004923 seconds, Stopping threads took: 0.0001944 seconds
[2022-06-13T02:01:29.541+0000][1][safepoint    ] Application time: 1.0002245 seconds
[2022-06-13T02:01:29.541+0000][1][safepoint    ] Entering safepoint region: Cleanup
[2022-06-13T02:01:29.542+0000][1][safepoint    ] Leaving safepoint region
[2022-06-13T02:01:29.542+0000][1][safepoint    ] Total time for which application threads were stopped: 0.0009280 seconds, Stopping threads took: 0.0004279 seconds
[2022-06-13T02:01:30.543+0000][1][safepoint    ] Application time: 1.0001874 seconds
[2022-06-13T02:01:30.543+0000][1][safepoint    ] Entering safepoint region: Cleanup
[2022-06-13T02:01:30.544+0000][1][safepoint    ] Leaving safepoint region
[2022-06-13T02:01:30.544+0000][1][safepoint    ] Total time for which application threads were stopped: 0.0012137 seconds, Stopping threads took: 0.0006013 seconds
[2022-06-13T02:01:31.545+0000][1][safepoint    ] Application time: 1.0003227 seconds
[2022-06-13T02:01:31.546+0000][1][safepoint    ] Entering safepoint region: Cleanup
[2022-06-13T02:01:31.546+0000][1][safepoint    ] Leaving safepoint region
[2022-06-13T02:01:31.547+0000][1][safepoint    ] Total time for which application threads were stopped: 0.0013984 seconds, Stopping threads took: 0.0006723 seconds
[2022-06-13T02:01:32.548+0000][1][safepoint    ] Application time: 1.0002055 seconds
[2022-06-13T02:01:32.548+0000][1][safepoint    ] Entering safepoint region: Cleanup
[2022-06-13T02:01:32.549+0000][1][safepoint    ] Leaving safepoint region
[2022-06-13T02:01:32.549+0000][1][safepoint    ] Total time for which application threads were stopped: 0.0006402 seconds, Stopping threads took: 0.0001766 seconds
[2022-06-13T02:01:33.549+0000][1][safepoint    ] Application time: 1.0001091 seconds
[2022-06-13T02:01:33.550+0000][1][safepoint    ] Entering safepoint region: Cleanup
[2022-06-13T02:01:33.550+0000][1][safepoint    ] Leaving safepoint region
[2022-06-13T02:01:33.551+0000][1][safepoint    ] Total time for which application threads were stopped: 0.0011303 seconds, Stopping threads took: 0.0004373 seconds
[2022-06-13T02:01:34.552+0000][1][safepoint    ] Application time: 1.0003187 seconds
[2022-06-13T02:01:34.552+0000][1][safepoint    ] Entering safepoint region: Cleanup
[2022-06-13T02:01:34.553+0000][1][safepoint    ] Leaving safepoint region
[2022-06-13T02:01:34.553+0000][1][safepoint    ] Total time for which application threads were stopped: 0.0009454 seconds, Stopping threads took: 0.0004063 seconds
[2022-06-13T02:01:35.554+0000][1][safepoint    ] Application time: 1.0002231 seconds
[2022-06-13T02:01:35.554+0000][1][safepoint    ] Entering safepoint region: Cleanup
[2022-06-13T02:01:35.555+0000][1][safepoint    ] Leaving safepoint region
[2022-06-13T02:01:35.555+0000][1][safepoint    ] Total time for which application threads were stopped: 0.0010221 seconds, Stopping threads took: 0.0002745 seconds
[2022-06-13T02:01:36.555+0000][1][safepoint    ] Application time: 1.0002025 seconds
[2022-06-13T02:01:36.556+0000][1][safepoint    ] Entering safepoint region: Cleanup
[2022-06-13T02:01:36.557+0000][1][safepoint    ] Leaving safepoint region
[2022-06-13T02:01:36.557+0000][1][safepoint    ] Total time for which application threads were stopped: 0.0010555 seconds, Stopping threads took: 0.0005642 seconds
[2022-06-13T02:01:37.558+0000][1][safepoint    ] Application time: 1.0003273 seconds
[2022-06-13T02:01:37.558+0000][1][safepoint    ] Entering safepoint region: Cleanup
[2022-06-13T02:01:37.559+0000][1][safepoint    ] Leaving safepoint region
[2022-06-13T02:01:37.559+0000][1][safepoint    ] Total time for which application threads were stopped: 0.0008793 seconds, Stopping threads took: 0.0004793 seconds
[2022-06-13T02:01:38.560+0000][1][safepoint    ] Application time: 1.0001963 seconds
[2022-06-13T02:01:38.561+0000][1][safepoint    ] Entering safepoint region: Cleanup
[2022-06-13T02:01:38.561+0000][1][safepoint    ] Leaving safepoint region
[2022-06-13T02:01:38.562+0000][1][safepoint    ] Total time for which application threads were stopped: 0.0012429 seconds, Stopping threads took: 0.0005543 seconds
[2022-06-13T02:01:40.012+0000][1][safepoint    ] Application time: 1.4493609 seconds
[2022-06-13T02:01:40.012+0000][1][safepoint    ] Entering safepoint region: Cleanup
[2022-06-13T02:01:40.013+0000][1][safepoint    ] Leaving safepoint region
[2022-06-13T02:01:40.013+0000][1][safepoint    ] Total time for which application threads were stopped: 0.0011749 seconds, Stopping threads took: 0.0005882 seconds
[2022-06-13T02:01:41.014+0000][1][safepoint    ] Application time: 1.0002002 seconds
[2022-06-13T02:01:41.015+0000][1][safepoint    ] Entering safepoint region: Cleanup
[2022-06-13T02:01:41.015+0000][1][safepoint    ] Leaving safepoint region
[2022-06-13T02:01:41.015+0000][1][safepoint    ] Total time for which application threads were stopped: 0.0007194 seconds, Stopping threads took: 0.0003278 seconds
[2022-06-13T02:01:42.016+0000][1][safepoint    ] Application time: 1.0001937 seconds
[2022-06-13T02:01:42.016+0000][1][safepoint    ] Entering safepoint region: Cleanup
[2022-06-13T02:01:42.017+0000][1][safepoint    ] Leaving safepoint region
[2022-06-13T02:01:42.017+0000][1][safepoint    ] Total time for which application threads were stopped: 0.0006192 seconds, Stopping threads took: 0.0002930 seconds
[2022-06-13T02:01:43.017+0000][1][safepoint    ] Application time: 1.0002234 seconds
[2022-06-13T02:01:43.018+0000][1][safepoint    ] Entering safepoint region: Cleanup
[2022-06-13T02:01:43.018+0000][1][safepoint    ] Leaving safepoint region
[2022-06-13T02:01:43.018+0000][1][safepoint    ] Total time for which application threads were stopped: 0.0005566 seconds, Stopping threads took: 0.0002946 seconds
[2022-06-13T02:01:44.019+0000][1][safepoint    ] Application time: 1.0001293 seconds
[2022-06-13T02:01:44.019+0000][1][safepoint    ] Entering safepoint region: Cleanup
[2022-06-13T02:01:44.020+0000][1][safepoint    ] Leaving safepoint region
[2022-06-13T02:01:44.021+0000][1][safepoint    ] Total time for which application threads were stopped: 0.0010891 seconds, Stopping threads took: 0.0004662 seconds
[2022-06-13T02:01:45.021+0000][1][safepoint    ] Application time: 1.0001996 seconds
[2022-06-13T02:01:45.021+0000][1][safepoint    ] Entering safepoint region: Cleanup
[2022-06-13T02:01:45.022+0000][1][safepoint    ] Leaving safepoint region
[2022-06-13T02:01:45.022+0000][1][safepoint    ] Total time for which application threads were stopped: 0.0003276 seconds, Stopping threads took: 0.0001404 seconds
[2022-06-13T02:01:46.022+0000][1][safepoint    ] Application time: 1.0003653 seconds
[2022-06-13T02:01:46.023+0000][1][safepoint    ] Entering safepoint region: Cleanup
[2022-06-13T02:01:46.023+0000][1][safepoint    ] Leaving safepoint region
[2022-06-13T02:01:46.024+0000][1][safepoint    ] Total time for which application threads were stopped: 0.0005823 seconds, Stopping threads took: 0.0002518 seconds
[2022-06-13T02:01:47.024+0000][1][safepoint    ] Application time: 1.0001905 seconds
[2022-06-13T02:01:47.024+0000][1][safepoint    ] Entering safepoint region: Cleanup
[2022-06-13T02:01:47.025+0000][1][safepoint    ] Leaving safepoint region
[2022-06-13T02:01:47.025+0000][1][safepoint    ] Total time for which application threads were stopped: 0.0008079 seconds, Stopping threads took: 0.0003103 seconds
[2022-06-13T02:01:48.026+0000][1][safepoint    ] Application time: 1.0002026 seconds
[2022-06-13T02:01:48.026+0000][1][safepoint    ] Entering safepoint region: Cleanup
[2022-06-13T02:01:48.027+0000][1][safepoint    ] Leaving safepoint region
[2022-06-13T02:01:48.027+0000][1][safepoint    ] Total time for which application threads were stopped: 0.0007218 seconds, Stopping threads took: 0.0003955 seconds
[2022-06-13T02:01:49.027+0000][1][safepoint    ] Application time: 1.0001498 seconds
[2022-06-13T02:01:49.028+0000][1][safepoint    ] Entering safepoint region: Cleanup
[2022-06-13T02:01:49.028+0000][1][safepoint    ] Leaving safepoint region
[2022-06-13T02:01:49.028+0000][1][safepoint    ] Total time for which application threads were stopped: 0.0006913 seconds, Stopping threads took: 0.0003028 seconds
[2022-06-13T02:01:50.029+0000][1][safepoint    ] Application time: 1.0001964 seconds
[2022-06-13T02:01:50.029+0000][1][safepoint    ] Entering safepoint region: Cleanup
[2022-06-13T02:01:50.030+0000][1][safepoint    ] Leaving safepoint region
[2022-06-13T02:01:50.030+0000][1][safepoint    ] Total time for which application threads were stopped: 0.0005517 seconds, Stopping threads took: 0.0002523 seconds
[2022-06-13T02:01:51.030+0000][1][safepoint    ] Application time: 1.0001349 seconds
[2022-06-13T02:01:51.031+0000][1][safepoint    ] Entering safepoint region: Cleanup
[2022-06-13T02:01:51.031+0000][1][safepoint    ] Leaving safepoint region
[2022-06-13T02:01:51.032+0000][1][safepoint    ] Total time for which application threads were stopped: 0.0008623 seconds, Stopping threads took: 0.0003935 seconds
[2022-06-13T02:01:52.032+0000][1][safepoint    ] Application time: 1.0003141 seconds
[2022-06-13T02:01:52.033+0000][1][safepoint    ] Entering safepoint region: Cleanup
[2022-06-13T02:01:52.033+0000][1][safepoint    ] Leaving safepoint region
[2022-06-13T02:01:52.034+0000][1][safepoint    ] Total time for which application threads were stopped: 0.0008284 seconds, Stopping threads took: 0.0002646 seconds
[2022-06-13T02:01:53.034+0000][1][safepoint    ] Application time: 1.0001196 seconds
[2022-06-13T02:01:53.035+0000][1][safepoint    ] Entering safepoint region: Cleanup
[2022-06-13T02:01:53.035+0000][1][safepoint    ] Leaving safepoint region
[2022-06-13T02:01:53.035+0000][1][safepoint    ] Total time for which application threads were stopped: 0.0005282 seconds, Stopping threads took: 0.0002140 seconds
[2022-06-13T02:01:54.036+0000][1][safepoint    ] Application time: 1.0002617 seconds
[2022-06-13T02:01:54.036+0000][1][safepoint    ] Entering safepoint region: Cleanup
[2022-06-13T02:01:54.037+0000][1][safepoint    ] Leaving safepoint region
[2022-06-13T02:01:54.037+0000][1][safepoint    ] Total time for which application threads were stopped: 0.0007093 seconds, Stopping threads took: 0.0004184 seconds
[2022-06-13T02:01:55.037+0000][1][safepoint    ] Application time: 1.0003060 seconds
[2022-06-13T02:01:55.038+0000][1][safepoint    ] Entering safepoint region: Cleanup
[2022-06-13T02:01:55.038+0000][1][safepoint    ] Leaving safepoint region
[2022-06-13T02:01:55.039+0000][1][safepoint    ] Total time for which application threads were stopped: 0.0009827 seconds, Stopping threads took: 0.0004554 seconds
[2022-06-13T02:01:56.039+0000][1][safepoint    ] Application time: 1.0001705 seconds
[2022-06-13T02:01:56.040+0000][1][safepoint    ] Entering safepoint region: Cleanup
[2022-06-13T02:01:56.040+0000][1][safepoint    ] Leaving safepoint region
[2022-06-13T02:01:56.041+0000][1][safepoint    ] Total time for which application threads were stopped: 0.0009824 seconds, Stopping threads took: 0.0004984 seconds
[2022-06-13T02:01:57.041+0000][1][safepoint    ] Application time: 1.0002446 seconds
[2022-06-13T02:01:57.042+0000][1][safepoint    ] Entering safepoint region: Cleanup
[2022-06-13T02:01:57.042+0000][1][safepoint    ] Leaving safepoint region
[2022-06-13T02:01:57.042+0000][1][safepoint    ] Total time for which application threads were stopped: 0.0006743 seconds, Stopping threads took: 0.0003174 seconds
[2022-06-13T02:01:58.043+0000][1][safepoint    ] Application time: 1.0002528 seconds
[2022-06-13T02:01:58.043+0000][1][safepoint    ] Entering safepoint region: Cleanup
[2022-06-13T02:01:58.044+0000][1][safepoint    ] Leaving safepoint region
[2022-06-13T02:01:58.044+0000][1][safepoint    ] Total time for which application threads were stopped: 0.0008442 seconds, Stopping threads took: 0.0003509 seconds
[2022-06-13T02:01:59.045+0000][1][safepoint    ] Application time: 1.0001580 seconds
[2022-06-13T02:01:59.045+0000][1][safepoint    ] Entering safepoint region: Cleanup
[2022-06-13T02:01:59.045+0000][1][safepoint    ] Leaving safepoint region
[2022-06-13T02:01:59.045+0000][1][safepoint    ] Total time for which application threads were stopped: 0.0004353 seconds, Stopping threads took: 0.0001674 seconds
[2022-06-13T02:02:00.046+0000][1][safepoint    ] Application time: 1.0002080 seconds
[2022-06-13T02:02:00.046+0000][1][safepoint    ] Entering safepoint region: Cleanup
[2022-06-13T02:02:00.047+0000][1][safepoint    ] Leaving safepoint region
[2022-06-13T02:02:00.047+0000][1][safepoint    ] Total time for which application threads were stopped: 0.0008006 seconds, Stopping threads took: 0.0003406 seconds
[2022-06-13T02:02:01.048+0000][1][safepoint    ] Application time: 1.0002016 seconds
[2022-06-13T02:02:01.048+0000][1][safepoint    ] Entering safepoint region: Cleanup
[2022-06-13T02:02:01.049+0000][1][safepoint    ] Leaving safepoint region
[2022-06-13T02:02:01.049+0000][1][safepoint    ] Total time for which application threads were stopped: 0.0007904 seconds, Stopping threads took: 0.0003223 seconds
[2022-06-13T02:02:02.050+0000][1][safepoint    ] Application time: 1.0002531 seconds
[2022-06-13T02:02:02.050+0000][1][safepoint    ] Entering safepoint region: Cleanup
[2022-06-13T02:02:02.051+0000][1][safepoint    ] Leaving safepoint region
[2022-06-13T02:02:02.051+0000][1][safepoint    ] Total time for which application threads were stopped: 0.0009017 seconds, Stopping threads took: 0.0004084 seconds
[2022-06-13T02:02:03.051+0000][1][safepoint    ] Application time: 1.0001090 seconds
[2022-06-13T02:02:03.052+0000][1][safepoint    ] Entering safepoint region: Cleanup
[2022-06-13T02:02:03.052+0000][1][safepoint    ] Leaving safepoint region
[2022-06-13T02:02:03.053+0000][1][safepoint    ] Total time for which application threads were stopped: 0.0007750 seconds, Stopping threads took: 0.0002766 seconds
[2022-06-13T02:02:04.053+0000][1][safepoint    ] Application time: 1.0001982 seconds
[2022-06-13T02:02:04.054+0000][1][safepoint    ] Entering safepoint region: Cleanup
[2022-06-13T02:02:04.054+0000][1][safepoint    ] Leaving safepoint region
[2022-06-13T02:02:04.054+0000][1][safepoint    ] Total time for which application threads were stopped: 0.0007196 seconds, Stopping threads took: 0.0003460 seconds
[2022-06-13T02:02:05.055+0000][1][safepoint    ] Application time: 1.0002461 seconds
[2022-06-13T02:02:05.055+0000][1][safepoint    ] Entering safepoint region: Cleanup
[2022-06-13T02:02:05.056+0000][1][safepoint    ] Leaving safepoint region
[2022-06-13T02:02:05.056+0000][1][safepoint    ] Total time for which application threads were stopped: 0.0005738 seconds, Stopping threads took: 0.0003009 seconds
[2022-06-13T02:02:06.056+0000][1][safepoint    ] Application time: 1.0001665 seconds
[2022-06-13T02:02:06.057+0000][1][safepoint    ] Entering safepoint region: Cleanup
[2022-06-13T02:02:06.057+0000][1][safepoint    ] Leaving safepoint region
[2022-06-13T02:02:06.058+0000][1][safepoint    ] Total time for which application threads were stopped: 0.0006847 seconds, Stopping threads took: 0.0003106 seconds
[2022-06-13T02:02:07.058+0000][1][safepoint    ] Application time: 1.0001620 seconds
[2022-06-13T02:02:07.058+0000][1][safepoint    ] Entering safepoint region: Cleanup
[2022-06-13T02:02:07.059+0000][1][safepoint    ] Leaving safepoint region
[2022-06-13T02:02:07.059+0000][1][safepoint    ] Total time for which application threads were stopped: 0.0005159 seconds, Stopping threads took: 0.0001991 seconds
[2022-06-13T02:02:08.059+0000][1][safepoint    ] Application time: 1.0002445 seconds
[2022-06-13T02:02:08.060+0000][1][safepoint    ] Entering safepoint region: Cleanup
[2022-06-13T02:02:08.060+0000][1][safepoint    ] Leaving safepoint region
[2022-06-13T02:02:08.061+0000][1][safepoint    ] Total time for which application threads were stopped: 0.0012396 seconds, Stopping threads took: 0.0005457 seconds
[2022-06-13T02:02:09.062+0000][1][safepoint    ] Application time: 1.0002367 seconds
[2022-06-13T02:02:09.062+0000][1][safepoint    ] Entering safepoint region: Cleanup
[2022-06-13T02:02:09.062+0000][1][safepoint    ] Leaving safepoint region
[2022-06-13T02:02:09.063+0000][1][safepoint    ] Total time for which application threads were stopped: 0.0008493 seconds, Stopping threads took: 0.0003406 seconds
[2022-06-13T02:02:10.063+0000][1][safepoint    ] Application time: 1.0003041 seconds
[2022-06-13T02:02:10.064+0000][1][safepoint    ] Entering safepoint region: Cleanup
[2022-06-13T02:02:10.064+0000][1][safepoint    ] Leaving safepoint region
[2022-06-13T02:02:10.065+0000][1][safepoint    ] Total time for which application threads were stopped: 0.0009072 seconds, Stopping threads took: 0.0003865 seconds
[2022-06-13T02:02:11.066+0000][1][safepoint    ] Application time: 1.0001799 seconds
[2022-06-13T02:02:11.066+0000][1][safepoint    ] Entering safepoint region: Cleanup
[2022-06-13T02:02:11.067+0000][1][safepoint    ] Leaving safepoint region
[2022-06-13T02:02:11.067+0000][1][safepoint    ] Total time for which application threads were stopped: 0.0010675 seconds, Stopping threads took: 0.0005221 seconds
[2022-06-13T02:02:12.068+0000][1][safepoint    ] Application time: 1.0002087 seconds
[2022-06-13T02:02:12.074+0000][1][safepoint    ] Entering safepoint region: Cleanup
[2022-06-13T02:02:12.074+0000][1][safepoint    ] Leaving safepoint region
[2022-06-13T02:02:12.075+0000][1][safepoint    ] Total time for which application threads were stopped: 0.0007672 seconds, Stopping threads took: 0.0003457 seconds
[2022-06-13T02:02:13.075+0000][1][safepoint    ] Application time: 1.0002188 seconds
[2022-06-13T02:02:13.076+0000][1][safepoint    ] Entering safepoint region: Cleanup
[2022-06-13T02:02:13.076+0000][1][safepoint    ] Leaving safepoint region
[2022-06-13T02:02:13.077+0000][1][safepoint    ] Total time for which application threads were stopped: 0.0010503 seconds, Stopping threads took: 0.0005195 seconds
[2022-06-13T02:02:14.077+0000][1][safepoint    ] Application time: 1.0001812 seconds
[2022-06-13T02:02:14.078+0000][1][safepoint    ] Entering safepoint region: Cleanup
[2022-06-13T02:02:14.078+0000][1][safepoint    ] Leaving safepoint region
[2022-06-13T02:02:14.079+0000][1][safepoint    ] Total time for which application threads were stopped: 0.0007407 seconds, Stopping threads took: 0.0003795 seconds
[2022-06-13T02:02:15.079+0000][1][safepoint    ] Application time: 1.0001231 seconds
[2022-06-13T02:02:15.079+0000][1][safepoint    ] Entering safepoint region: Cleanup
[2022-06-13T02:02:15.080+0000][1][safepoint    ] Leaving safepoint region
[2022-06-13T02:02:15.080+0000][1][safepoint    ] Total time for which application threads were stopped: 0.0006912 seconds, Stopping threads took: 0.0003483 seconds
[2022-06-13T02:02:16.080+0000][1][safepoint    ] Application time: 1.0002156 seconds
[2022-06-13T02:02:16.081+0000][1][safepoint    ] Entering safepoint region: Cleanup
[2022-06-13T02:02:16.082+0000][1][safepoint    ] Leaving safepoint region
[2022-06-13T02:02:16.082+0000][1][safepoint    ] Total time for which application threads were stopped: 0.0009683 seconds, Stopping threads took: 0.0005690 seconds
[2022-06-13T02:02:17.082+0000][1][safepoint    ] Application time: 1.0001791 seconds
[2022-06-13T02:02:17.083+0000][1][safepoint    ] Entering safepoint region: Cleanup
[2022-06-13T02:02:17.083+0000][1][safepoint    ] Leaving safepoint region
[2022-06-13T02:02:17.084+0000][1][safepoint    ] Total time for which application threads were stopped: 0.0008896 seconds, Stopping threads took: 0.0004891 seconds
[2022-06-13T02:02:18.084+0000][1][safepoint    ] Application time: 1.0003222 seconds
[2022-06-13T02:02:18.085+0000][1][safepoint    ] Entering safepoint region: Cleanup
[2022-06-13T02:02:18.086+0000][1][safepoint    ] Leaving safepoint region
[2022-06-13T02:02:18.086+0000][1][safepoint    ] Total time for which application threads were stopped: 0.0014392 seconds, Stopping threads took: 0.0006660 seconds
[2022-06-13T02:02:19.087+0000][1][safepoint    ] Application time: 1.0002193 seconds
[2022-06-13T02:02:19.088+0000][1][safepoint    ] Entering safepoint region: Cleanup
[2022-06-13T02:02:19.088+0000][1][safepoint    ] Leaving safepoint region
[2022-06-13T02:02:19.089+0000][1][safepoint    ] Total time for which application threads were stopped: 0.0010343 seconds, Stopping threads took: 0.0004707 seconds
[2022-06-13T02:02:20.089+0000][1][safepoint    ] Application time: 1.0003431 seconds
[2022-06-13T02:02:20.090+0000][1][safepoint    ] Entering safepoint region: Cleanup
[2022-06-13T02:02:20.091+0000][1][safepoint    ] Leaving safepoint region
[2022-06-13T02:02:20.092+0000][1][safepoint    ] Total time for which application threads were stopped: 0.0012144 seconds, Stopping threads took: 0.0006955 seconds
[2022-06-13T02:02:21.092+0000][1][safepoint    ] Application time: 1.0002549 seconds
[2022-06-13T02:02:21.093+0000][1][safepoint    ] Entering safepoint region: Cleanup
[2022-06-13T02:02:21.094+0000][1][safepoint    ] Leaving safepoint region
[2022-06-13T02:02:21.094+0000][1][safepoint    ] Total time for which application threads were stopped: 0.0011324 seconds, Stopping threads took: 0.0004801 seconds
[2022-06-13T02:02:22.095+0000][1][safepoint    ] Application time: 1.0002120 seconds
[2022-06-13T02:02:22.095+0000][1][safepoint    ] Entering safepoint region: Cleanup
[2022-06-13T02:02:22.096+0000][1][safepoint    ] Leaving safepoint region
[2022-06-13T02:02:22.096+0000][1][safepoint    ] Total time for which application threads were stopped: 0.0007681 seconds, Stopping threads took: 0.0002877 seconds
[2022-06-13T02:02:23.097+0000][1][safepoint    ] Application time: 1.0001915 seconds
[2022-06-13T02:02:23.097+0000][1][safepoint    ] Entering safepoint region: Cleanup
[2022-06-13T02:02:23.097+0000][1][safepoint    ] Leaving safepoint region
[2022-06-13T02:02:23.097+0000][1][safepoint    ] Total time for which application threads were stopped: 0.0005395 seconds, Stopping threads took: 0.0003099 seconds
[2022-06-13T02:02:24.098+0000][1][safepoint    ] Application time: 1.0001814 seconds
[2022-06-13T02:02:24.098+0000][1][safepoint    ] Entering safepoint region: Cleanup
[2022-06-13T02:02:24.099+0000][1][safepoint    ] Leaving safepoint region
[2022-06-13T02:02:24.099+0000][1][safepoint    ] Total time for which application threads were stopped: 0.0007057 seconds, Stopping threads took: 0.0003375 seconds
[2022-06-13T02:02:25.099+0000][1][safepoint    ] Application time: 1.0002055 seconds
[2022-06-13T02:02:25.100+0000][1][safepoint    ] Entering safepoint region: Cleanup
[2022-06-13T02:02:25.100+0000][1][safepoint    ] Leaving safepoint region
[2022-06-13T02:02:25.101+0000][1][safepoint    ] Total time for which application threads were stopped: 0.0007629 seconds, Stopping threads took: 0.0003370 seconds
[2022-06-13T02:02:26.101+0000][1][safepoint    ] Application time: 1.0003347 seconds
[2022-06-13T02:02:26.102+0000][1][safepoint    ] Entering safepoint region: Cleanup
[2022-06-13T02:02:26.103+0000][1][safepoint    ] Leaving safepoint region
[2022-06-13T02:02:26.103+0000][1][safepoint    ] Total time for which application threads were stopped: 0.0011885 seconds, Stopping threads took: 0.0004773 seconds
[2022-06-13T02:02:27.104+0000][1][safepoint    ] Application time: 1.0001972 seconds
[2022-06-13T02:02:27.105+0000][1][safepoint    ] Entering safepoint region: Cleanup
[2022-06-13T02:02:27.105+0000][1][safepoint    ] Leaving safepoint region
[2022-06-13T02:02:27.105+0000][1][safepoint    ] Total time for which application threads were stopped: 0.0005992 seconds, Stopping threads took: 0.0002710 seconds
[2022-06-13T02:02:28.106+0000][1][safepoint    ] Application time: 1.0001701 seconds
[2022-06-13T02:02:28.106+0000][1][safepoint    ] Entering safepoint region: Cleanup
[2022-06-13T02:02:28.106+0000][1][safepoint    ] Leaving safepoint region
[2022-06-13T02:02:28.107+0000][1][safepoint    ] Total time for which application threads were stopped: 0.0005784 seconds, Stopping threads took: 0.0001821 seconds
[2022-06-13T02:02:29.107+0000][1][safepoint    ] Application time: 1.0003515 seconds
[2022-06-13T02:02:29.108+0000][1][safepoint    ] Entering safepoint region: Cleanup
[2022-06-13T02:02:29.108+0000][1][safepoint    ] Leaving safepoint region
[2022-06-13T02:02:29.108+0000][1][safepoint    ] Total time for which application threads were stopped: 0.0007926 seconds, Stopping threads took: 0.0003523 seconds
[2022-06-13T02:02:30.109+0000][1][safepoint    ] Application time: 1.0001598 seconds
[2022-06-13T02:02:30.109+0000][1][safepoint    ] Entering safepoint region: Cleanup
[2022-06-13T02:02:30.110+0000][1][safepoint    ] Leaving safepoint region
[2022-06-13T02:02:30.110+0000][1][safepoint    ] Total time for which application threads were stopped: 0.0006750 seconds, Stopping threads took: 0.0003032 seconds
[2022-06-13T02:02:31.110+0000][1][safepoint    ] Application time: 1.0002288 seconds
[2022-06-13T02:02:31.111+0000][1][safepoint    ] Entering safepoint region: Cleanup
[2022-06-13T02:02:31.111+0000][1][safepoint    ] Leaving safepoint region
[2022-06-13T02:02:31.112+0000][1][safepoint    ] Total time for which application threads were stopped: 0.0007254 seconds, Stopping threads took: 0.0003387 seconds
[2022-06-13T02:02:32.112+0000][1][safepoint    ] Application time: 1.0001362 seconds
[2022-06-13T02:02:32.112+0000][1][safepoint    ] Entering safepoint region: Cleanup
[2022-06-13T02:02:32.113+0000][1][safepoint    ] Leaving safepoint region
[2022-06-13T02:02:32.113+0000][1][safepoint    ] Total time for which application threads were stopped: 0.0004099 seconds, Stopping threads took: 0.0001802 seconds
[2022-06-13T02:02:33.113+0000][1][safepoint    ] Application time: 1.0002270 seconds
[2022-06-13T02:02:33.114+0000][1][safepoint    ] Entering safepoint region: Cleanup
[2022-06-13T02:02:33.115+0000][1][safepoint    ] Leaving safepoint region
[2022-06-13T02:02:33.115+0000][1][safepoint    ] Total time for which application threads were stopped: 0.0014414 seconds, Stopping threads took: 0.0006953 seconds
[2022-06-13T02:02:34.116+0000][1][safepoint    ] Application time: 1.0002259 seconds
[2022-06-13T02:02:34.116+0000][1][safepoint    ] Entering safepoint region: Cleanup
[2022-06-13T02:02:34.117+0000][1][safepoint    ] Leaving safepoint region
[2022-06-13T02:02:34.117+0000][1][safepoint    ] Total time for which application threads were stopped: 0.0008744 seconds, Stopping threads took: 0.0003769 seconds
[2022-06-13T02:02:35.118+0000][1][safepoint    ] Application time: 1.0002201 seconds
[2022-06-13T02:02:35.118+0000][1][safepoint    ] Entering safepoint region: Cleanup
[2022-06-13T02:02:35.119+0000][1][safepoint    ] Leaving safepoint region
[2022-06-13T02:02:35.119+0000][1][safepoint    ] Total time for which application threads were stopped: 0.0006964 seconds, Stopping threads took: 0.0003268 seconds
[2022-06-13T02:02:36.119+0000][1][safepoint    ] Application time: 1.0001994 seconds
[2022-06-13T02:02:36.120+0000][1][safepoint    ] Entering safepoint region: Cleanup
[2022-06-13T02:02:36.120+0000][1][safepoint    ] Leaving safepoint region
[2022-06-13T02:02:36.121+0000][1][safepoint    ] Total time for which application threads were stopped: 0.0010488 seconds, Stopping threads took: 0.0003533 seconds
[2022-06-13T02:02:37.122+0000][1][safepoint    ] Application time: 1.0003410 seconds
[2022-06-13T02:02:37.122+0000][1][safepoint    ] Entering safepoint region: Cleanup
[2022-06-13T02:02:37.123+0000][1][safepoint    ] Leaving safepoint region
[2022-06-13T02:02:37.124+0000][1][safepoint    ] Total time for which application threads were stopped: 0.0011165 seconds, Stopping threads took: 0.0004908 seconds
[2022-06-13T02:02:38.124+0000][1][safepoint    ] Application time: 1.0003558 seconds
[2022-06-13T02:02:38.125+0000][1][safepoint    ] Entering safepoint region: Cleanup
[2022-06-13T02:02:38.126+0000][1][safepoint    ] Leaving safepoint region
[2022-06-13T02:02:38.126+0000][1][safepoint    ] Total time for which application threads were stopped: 0.0009861 seconds, Stopping threads took: 0.0005134 seconds
[2022-06-13T02:02:39.127+0000][1][safepoint    ] Application time: 1.0002009 seconds
[2022-06-13T02:02:39.127+0000][1][safepoint    ] Entering safepoint region: Cleanup
[2022-06-13T02:02:39.128+0000][1][safepoint    ] Leaving safepoint region
[2022-06-13T02:02:39.128+0000][1][safepoint    ] Total time for which application threads were stopped: 0.0008082 seconds, Stopping threads took: 0.0002571 seconds
[2022-06-13T02:02:40.128+0000][1][safepoint    ] Application time: 1.0002004 seconds
[2022-06-13T02:02:40.129+0000][1][safepoint    ] Entering safepoint region: Cleanup
[2022-06-13T02:02:40.129+0000][1][safepoint    ] Leaving safepoint region
[2022-06-13T02:02:40.130+0000][1][safepoint    ] Total time for which application threads were stopped: 0.0008620 seconds, Stopping threads took: 0.0003667 seconds
[2022-06-13T02:02:41.130+0000][1][safepoint    ] Application time: 1.0001867 seconds
[2022-06-13T02:02:41.131+0000][1][safepoint    ] Entering safepoint region: Cleanup
[2022-06-13T02:02:41.131+0000][1][safepoint    ] Leaving safepoint region
[2022-06-13T02:02:41.131+0000][1][safepoint    ] Total time for which application threads were stopped: 0.0006286 seconds, Stopping threads took: 0.0002864 seconds
[2022-06-13T02:02:42.132+0000][1][safepoint    ] Application time: 1.0001324 seconds
[2022-06-13T02:02:42.132+0000][1][safepoint    ] Entering safepoint region: Cleanup
[2022-06-13T02:02:42.133+0000][1][safepoint    ] Leaving safepoint region
[2022-06-13T02:02:42.133+0000][1][safepoint    ] Total time for which application threads were stopped: 0.0008902 seconds, Stopping threads took: 0.0003615 seconds
[2022-06-13T02:02:43.134+0000][1][safepoint    ] Application time: 1.0001883 seconds
[2022-06-13T02:02:43.134+0000][1][safepoint    ] Entering safepoint region: Cleanup
[2022-06-13T02:02:43.135+0000][1][safepoint    ] Leaving safepoint region
[2022-06-13T02:02:43.135+0000][1][safepoint    ] Total time for which application threads were stopped: 0.0006772 seconds, Stopping threads took: 0.0003488 seconds
[2022-06-13T02:02:44.135+0000][1][safepoint    ] Application time: 1.0000999 seconds
[2022-06-13T02:02:44.136+0000][1][safepoint    ] Entering safepoint region: Cleanup
[2022-06-13T02:02:44.136+0000][1][safepoint    ] Leaving safepoint region
[2022-06-13T02:02:44.136+0000][1][safepoint    ] Total time for which application threads were stopped: 0.0003095 seconds, Stopping threads took: 0.0001396 seconds
[2022-06-13T02:02:45.136+0000][1][safepoint    ] Application time: 1.0001053 seconds
[2022-06-13T02:02:45.137+0000][1][safepoint    ] Entering safepoint region: Cleanup
[2022-06-13T02:02:45.137+0000][1][safepoint    ] Leaving safepoint region
[2022-06-13T02:02:45.137+0000][1][safepoint    ] Total time for which application threads were stopped: 0.0006142 seconds, Stopping threads took: 0.0003085 seconds
[2022-06-13T02:02:46.138+0000][1][safepoint    ] Application time: 1.0002852 seconds
[2022-06-13T02:02:46.138+0000][1][safepoint    ] Entering safepoint region: Cleanup
[2022-06-13T02:02:46.139+0000][1][safepoint    ] Leaving safepoint region
[2022-06-13T02:02:46.139+0000][1][safepoint    ] Total time for which application threads were stopped: 0.0008869 seconds, Stopping threads took: 0.0004038 seconds
[2022-06-13T02:02:47.140+0000][1][safepoint    ] Application time: 1.0001708 seconds
[2022-06-13T02:02:47.140+0000][1][safepoint    ] Entering safepoint region: Cleanup
[2022-06-13T02:02:47.141+0000][1][safepoint    ] Leaving safepoint region
[2022-06-13T02:02:47.141+0000][1][safepoint    ] Total time for which application threads were stopped: 0.0008944 seconds, Stopping threads took: 0.0003328 seconds
[2022-06-13T02:02:48.142+0000][1][safepoint    ] Application time: 1.0002571 seconds
[2022-06-13T02:02:48.142+0000][1][safepoint    ] Entering safepoint region: Cleanup
[2022-06-13T02:02:48.143+0000][1][safepoint    ] Leaving safepoint region
[2022-06-13T02:02:48.143+0000][1][safepoint    ] Total time for which application threads were stopped: 0.0008894 seconds, Stopping threads took: 0.0003849 seconds
[2022-06-13T02:02:49.143+0000][1][safepoint    ] Application time: 1.0001190 seconds
[2022-06-13T02:02:49.144+0000][1][safepoint    ] Entering safepoint region: Cleanup
[2022-06-13T02:02:49.144+0000][1][safepoint    ] Leaving safepoint region
[2022-06-13T02:02:49.145+0000][1][safepoint    ] Total time for which application threads were stopped: 0.0007255 seconds, Stopping threads took: 0.0003376 seconds
[2022-06-13T02:02:50.145+0000][1][safepoint    ] Application time: 1.0001693 seconds
[2022-06-13T02:02:50.146+0000][1][safepoint    ] Entering safepoint region: Cleanup
[2022-06-13T02:02:50.146+0000][1][safepoint    ] Leaving safepoint region
[2022-06-13T02:02:50.147+0000][1][safepoint    ] Total time for which application threads were stopped: 0.0010100 seconds, Stopping threads took: 0.0004627 seconds
[2022-06-13T02:02:51.147+0000][1][safepoint    ] Application time: 1.0002269 seconds
[2022-06-13T02:02:51.148+0000][1][safepoint    ] Entering safepoint region: Cleanup
[2022-06-13T02:02:51.148+0000][1][safepoint    ] Leaving safepoint region
[2022-06-13T02:02:51.148+0000][1][safepoint    ] Total time for which application threads were stopped: 0.0005840 seconds, Stopping threads took: 0.0002726 seconds
[2022-06-13T02:02:52.149+0000][1][safepoint    ] Application time: 1.0002345 seconds
[2022-06-13T02:02:52.150+0000][1][safepoint    ] Entering safepoint region: Cleanup
[2022-06-13T02:02:52.150+0000][1][safepoint    ] Leaving safepoint region
[2022-06-13T02:02:52.151+0000][1][safepoint    ] Total time for which application threads were stopped: 0.0014474 seconds, Stopping threads took: 0.0006422 seconds
[2022-06-13T02:02:53.152+0000][1][safepoint    ] Application time: 1.0001390 seconds
[2022-06-13T02:02:53.153+0000][1][safepoint    ] Entering safepoint region: Cleanup
[2022-06-13T02:02:53.153+0000][1][safepoint    ] Leaving safepoint region
[2022-06-13T02:02:53.154+0000][1][safepoint    ] Total time for which application threads were stopped: 0.0012203 seconds, Stopping threads took: 0.0005918 seconds
[2022-06-13T02:02:54.155+0000][1][safepoint    ] Application time: 1.0002385 seconds
[2022-06-13T02:02:54.155+0000][1][safepoint    ] Entering safepoint region: Cleanup
[2022-06-13T02:02:54.155+0000][1][safepoint    ] Leaving safepoint region
[2022-06-13T02:02:54.156+0000][1][safepoint    ] Total time for which application threads were stopped: 0.0008990 seconds, Stopping threads took: 0.0004006 seconds
[2022-06-13T02:02:55.734+0000][1][safepoint    ] Application time: 1.5778593 seconds
[2022-06-13T02:02:55.735+0000][1][safepoint    ] Entering safepoint region: Cleanup
[2022-06-13T02:02:55.735+0000][1][safepoint    ] Leaving safepoint region
[2022-06-13T02:02:55.735+0000][1][safepoint    ] Total time for which application threads were stopped: 0.0005301 seconds, Stopping threads took: 0.0002470 seconds
[2022-06-13T02:02:57.574+0000][1][safepoint    ] Application time: 1.8390698 seconds
[2022-06-13T02:02:57.575+0000][1][safepoint    ] Entering safepoint region: Cleanup
[2022-06-13T02:02:57.576+0000][1][safepoint    ] Leaving safepoint region
[2022-06-13T02:02:57.576+0000][1][safepoint    ] Total time for which application threads were stopped: 0.0010680 seconds, Stopping threads took: 0.0005423 seconds
[2022-06-13T02:02:58.577+0000][1][safepoint    ] Application time: 1.0001492 seconds
[2022-06-13T02:02:58.577+0000][1][safepoint    ] Entering safepoint region: Cleanup
[2022-06-13T02:02:58.577+0000][1][safepoint    ] Leaving safepoint region
[2022-06-13T02:02:58.577+0000][1][safepoint    ] Total time for which application threads were stopped: 0.0003163 seconds, Stopping threads took: 0.0001294 seconds
[2022-06-13T02:02:59.578+0000][1][safepoint    ] Application time: 1.0002206 seconds
[2022-06-13T02:02:59.578+0000][1][safepoint    ] Entering safepoint region: Cleanup
[2022-06-13T02:02:59.578+0000][1][safepoint    ] Leaving safepoint region
[2022-06-13T02:02:59.578+0000][1][safepoint    ] Total time for which application threads were stopped: 0.0006421 seconds, Stopping threads took: 0.0002053 seconds
[2022-06-13T02:03:00.579+0000][1][safepoint    ] Application time: 1.0001260 seconds
[2022-06-13T02:03:00.579+0000][1][safepoint    ] Entering safepoint region: Cleanup
[2022-06-13T02:03:00.580+0000][1][safepoint    ] Leaving safepoint region
[2022-06-13T02:03:00.580+0000][1][safepoint    ] Total time for which application threads were stopped: 0.0008497 seconds, Stopping threads took: 0.0003528 seconds
[2022-06-13T02:03:01.580+0000][1][safepoint    ] Application time: 1.0002004 seconds
[2022-06-13T02:03:01.581+0000][1][safepoint    ] Entering safepoint region: Cleanup
[2022-06-13T02:03:01.581+0000][1][safepoint    ] Leaving safepoint region
[2022-06-13T02:03:01.581+0000][1][safepoint    ] Total time for which application threads were stopped: 0.0005543 seconds, Stopping threads took: 0.0003110 seconds
[2022-06-13T02:03:02.582+0000][1][safepoint    ] Application time: 1.0002588 seconds
[2022-06-13T02:03:02.582+0000][1][safepoint    ] Entering safepoint region: Cleanup
[2022-06-13T02:03:02.583+0000][1][safepoint    ] Leaving safepoint region
[2022-06-13T02:03:02.584+0000][1][safepoint    ] Total time for which application threads were stopped: 0.0013649 seconds, Stopping threads took: 0.0004219 seconds
[2022-06-13T02:03:03.584+0000][1][safepoint    ] Application time: 1.0001318 seconds
[2022-06-13T02:03:03.585+0000][1][safepoint    ] Entering safepoint region: Cleanup
[2022-06-13T02:03:03.585+0000][1][safepoint    ] Leaving safepoint region
[2022-06-13T02:03:03.586+0000][1][safepoint    ] Total time for which application threads were stopped: 0.0009302 seconds, Stopping threads took: 0.0004672 seconds
[2022-06-13T02:03:04.586+0000][1][safepoint    ] Application time: 1.0002055 seconds
[2022-06-13T02:03:04.586+0000][1][safepoint    ] Entering safepoint region: Cleanup
[2022-06-13T02:03:04.587+0000][1][safepoint    ] Leaving safepoint region
[2022-06-13T02:03:04.588+0000][1][safepoint    ] Total time for which application threads were stopped: 0.0010996 seconds, Stopping threads took: 0.0004396 seconds
[2022-06-13T02:03:05.588+0000][1][safepoint    ] Application time: 1.0001891 seconds
[2022-06-13T02:03:05.589+0000][1][safepoint    ] Entering safepoint region: Cleanup
[2022-06-13T02:03:05.589+0000][1][safepoint    ] Leaving safepoint region
[2022-06-13T02:03:05.590+0000][1][safepoint    ] Total time for which application threads were stopped: 0.0012042 seconds, Stopping threads took: 0.0003448 seconds
[2022-06-13T02:03:06.590+0000][1][safepoint    ] Application time: 1.0001771 seconds
[2022-06-13T02:03:06.591+0000][1][safepoint    ] Entering safepoint region: Cleanup
[2022-06-13T02:03:06.591+0000][1][safepoint    ] Leaving safepoint region
[2022-06-13T02:03:06.591+0000][1][safepoint    ] Total time for which application threads were stopped: 0.0007876 seconds, Stopping threads took: 0.0003571 seconds
[2022-06-13T02:03:07.592+0000][1][safepoint    ] Application time: 1.0002773 seconds
[2022-06-13T02:03:07.592+0000][1][safepoint    ] Entering safepoint region: Cleanup
[2022-06-13T02:03:07.593+0000][1][safepoint    ] Leaving safepoint region
[2022-06-13T02:03:07.593+0000][1][safepoint    ] Total time for which application threads were stopped: 0.0009666 seconds, Stopping threads took: 0.0004062 seconds
[2022-06-13T02:03:08.594+0000][1][safepoint    ] Application time: 1.0002297 seconds
[2022-06-13T02:03:08.594+0000][1][safepoint    ] Entering safepoint region: Cleanup
[2022-06-13T02:03:08.595+0000][1][safepoint    ] Leaving safepoint region
[2022-06-13T02:03:08.595+0000][1][safepoint    ] Total time for which application threads were stopped: 0.0009951 seconds, Stopping threads took: 0.0005474 seconds
[2022-06-13T02:03:09.596+0000][1][safepoint    ] Application time: 1.0003301 seconds
[2022-06-13T02:03:09.597+0000][1][safepoint    ] Entering safepoint region: Cleanup
[2022-06-13T02:03:09.597+0000][1][safepoint    ] Leaving safepoint region
[2022-06-13T02:03:09.598+0000][1][safepoint    ] Total time for which application threads were stopped: 0.0012138 seconds, Stopping threads took: 0.0005963 seconds
[2022-06-13T02:03:10.599+0000][1][safepoint    ] Application time: 1.0002552 seconds
[2022-06-13T02:03:10.599+0000][1][safepoint    ] Entering safepoint region: Cleanup
[2022-06-13T02:03:10.600+0000][1][safepoint    ] Leaving safepoint region
[2022-06-13T02:03:10.600+0000][1][safepoint    ] Total time for which application threads were stopped: 0.0006858 seconds, Stopping threads took: 0.0003159 seconds
[2022-06-13T02:03:11.601+0000][1][safepoint    ] Application time: 1.0001852 seconds
[2022-06-13T02:03:11.601+0000][1][safepoint    ] Entering safepoint region: Cleanup
[2022-06-13T02:03:11.601+0000][1][safepoint    ] Leaving safepoint region
[2022-06-13T02:03:11.602+0000][1][safepoint    ] Total time for which application threads were stopped: 0.0008113 seconds, Stopping threads took: 0.0003519 seconds
[2022-06-13T02:03:12.602+0000][1][safepoint    ] Application time: 1.0002754 seconds
[2022-06-13T02:03:12.603+0000][1][safepoint    ] Entering safepoint region: Cleanup
[2022-06-13T02:03:12.603+0000][1][safepoint    ] Leaving safepoint region
[2022-06-13T02:03:12.603+0000][1][safepoint    ] Total time for which application threads were stopped: 0.0005924 seconds, Stopping threads took: 0.0002715 seconds
[2022-06-13T02:03:13.604+0000][1][safepoint    ] Application time: 1.0002483 seconds
[2022-06-13T02:03:13.604+0000][1][safepoint    ] Entering safepoint region: Cleanup
[2022-06-13T02:03:13.605+0000][1][safepoint    ] Leaving safepoint region
[2022-06-13T02:03:13.605+0000][1][safepoint    ] Total time for which application threads were stopped: 0.0008629 seconds, Stopping threads took: 0.0003787 seconds
[2022-06-13T02:03:14.606+0000][1][safepoint    ] Application time: 1.0002128 seconds
[2022-06-13T02:03:14.606+0000][1][safepoint    ] Entering safepoint region: Cleanup
[2022-06-13T02:03:14.607+0000][1][safepoint    ] Leaving safepoint region
[2022-06-13T02:03:14.607+0000][1][safepoint    ] Total time for which application threads were stopped: 0.0009538 seconds, Stopping threads took: 0.0004208 seconds
[2022-06-13T02:03:15.608+0000][1][safepoint    ] Application time: 1.0003493 seconds
[2022-06-13T02:03:15.608+0000][1][safepoint    ] Entering safepoint region: Cleanup
[2022-06-13T02:03:15.610+0000][1][safepoint    ] Leaving safepoint region
[2022-06-13T02:03:15.610+0000][1][safepoint    ] Total time for which application threads were stopped: 0.0019179 seconds, Stopping threads took: 0.0006531 seconds
[2022-06-13T02:03:16.611+0000][1][safepoint    ] Application time: 1.0002127 seconds
[2022-06-13T02:03:16.612+0000][1][safepoint    ] Entering safepoint region: Cleanup
[2022-06-13T02:03:16.612+0000][1][safepoint    ] Leaving safepoint region
[2022-06-13T02:03:16.613+0000][1][safepoint    ] Total time for which application threads were stopped: 0.0012281 seconds, Stopping threads took: 0.0005336 seconds
[2022-06-13T02:03:17.614+0000][1][safepoint    ] Application time: 1.0002121 seconds
[2022-06-13T02:03:17.614+0000][1][safepoint    ] Entering safepoint region: Cleanup
[2022-06-13T02:03:17.614+0000][1][safepoint    ] Leaving safepoint region
[2022-06-13T02:03:17.614+0000][1][safepoint    ] Total time for which application threads were stopped: 0.0003318 seconds, Stopping threads took: 0.0001601 seconds
[2022-06-13T02:03:18.615+0000][1][safepoint    ] Application time: 1.0001880 seconds
[2022-06-13T02:03:18.615+0000][1][safepoint    ] Entering safepoint region: Cleanup
[2022-06-13T02:03:18.616+0000][1][safepoint    ] Leaving safepoint region
[2022-06-13T02:03:18.616+0000][1][safepoint    ] Total time for which application threads were stopped: 0.0010587 seconds, Stopping threads took: 0.0005456 seconds
[2022-06-13T02:03:19.617+0000][1][safepoint    ] Application time: 1.0001804 seconds
[2022-06-13T02:03:19.617+0000][1][safepoint    ] Entering safepoint region: Cleanup
[2022-06-13T02:03:19.618+0000][1][safepoint    ] Leaving safepoint region
[2022-06-13T02:03:19.618+0000][1][safepoint    ] Total time for which application threads were stopped: 0.0011464 seconds, Stopping threads took: 0.0005109 seconds
[2022-06-13T02:03:20.619+0000][1][safepoint    ] Application time: 1.0002521 seconds
[2022-06-13T02:03:20.620+0000][1][safepoint    ] Entering safepoint region: Cleanup
[2022-06-13T02:03:20.620+0000][1][safepoint    ] Leaving safepoint region
[2022-06-13T02:03:20.621+0000][1][safepoint    ] Total time for which application threads were stopped: 0.0009459 seconds, Stopping threads took: 0.0002715 seconds
[2022-06-13T02:03:21.621+0000][1][safepoint    ] Application time: 1.0001865 seconds
[2022-06-13T02:03:21.622+0000][1][safepoint    ] Entering safepoint region: Cleanup
[2022-06-13T02:03:21.622+0000][1][safepoint    ] Leaving safepoint region
[2022-06-13T02:03:21.623+0000][1][safepoint    ] Total time for which application threads were stopped: 0.0009122 seconds, Stopping threads took: 0.0004656 seconds
[2022-06-13T02:03:22.623+0000][1][safepoint    ] Application time: 1.0003934 seconds
[2022-06-13T02:03:22.624+0000][1][safepoint    ] Entering safepoint region: Cleanup
[2022-06-13T02:03:22.625+0000][1][safepoint    ] Leaving safepoint region
[2022-06-13T02:03:22.625+0000][1][safepoint    ] Total time for which application threads were stopped: 0.0013963 seconds, Stopping threads took: 0.0006622 seconds
[2022-06-13T02:03:23.626+0000][1][safepoint    ] Application time: 1.0002130 seconds
[2022-06-13T02:03:23.627+0000][1][safepoint    ] Entering safepoint region: Cleanup
[2022-06-13T02:03:23.627+0000][1][safepoint    ] Leaving safepoint region
[2022-06-13T02:03:23.628+0000][1][safepoint    ] Total time for which application threads were stopped: 0.0006684 seconds, Stopping threads took: 0.0002842 seconds
[2022-06-13T02:03:24.628+0000][1][safepoint    ] Application time: 1.0001417 seconds
[2022-06-13T02:03:24.628+0000][1][safepoint    ] Entering safepoint region: Cleanup
[2022-06-13T02:03:24.629+0000][1][safepoint    ] Leaving safepoint region
[2022-06-13T02:03:24.629+0000][1][safepoint    ] Total time for which application threads were stopped: 0.0008766 seconds, Stopping threads took: 0.0003737 seconds
[2022-06-13T02:03:25.630+0000][1][safepoint    ] Application time: 1.0001185 seconds
[2022-06-13T02:03:25.630+0000][1][safepoint    ] Entering safepoint region: Cleanup
[2022-06-13T02:03:25.631+0000][1][safepoint    ] Leaving safepoint region
[2022-06-13T02:03:25.631+0000][1][safepoint    ] Total time for which application threads were stopped: 0.0006734 seconds, Stopping threads took: 0.0002978 seconds
[2022-06-13T02:03:26.631+0000][1][safepoint    ] Application time: 1.0001468 seconds
[2022-06-13T02:03:26.632+0000][1][safepoint    ] Entering safepoint region: Cleanup
[2022-06-13T02:03:26.632+0000][1][safepoint    ] Leaving safepoint region
[2022-06-13T02:03:26.633+0000][1][safepoint    ] Total time for which application threads were stopped: 0.0009298 seconds, Stopping threads took: 0.0004697 seconds
[2022-06-13T02:03:27.633+0000][1][safepoint    ] Application time: 1.0001608 seconds
[2022-06-13T02:03:27.634+0000][1][safepoint    ] Entering safepoint region: Cleanup
[2022-06-13T02:03:27.634+0000][1][safepoint    ] Leaving safepoint region
[2022-06-13T02:03:27.634+0000][1][safepoint    ] Total time for which application threads were stopped: 0.0006269 seconds, Stopping threads took: 0.0002880 seconds
[2022-06-13T02:03:28.635+0000][1][safepoint    ] Application time: 1.0003010 seconds
[2022-06-13T02:03:28.635+0000][1][safepoint    ] Entering safepoint region: Cleanup
[2022-06-13T02:03:28.635+0000][1][safepoint    ] Leaving safepoint region
[2022-06-13T02:03:28.636+0000][1][safepoint    ] Total time for which application threads were stopped: 0.0005913 seconds, Stopping threads took: 0.0002304 seconds
[2022-06-13T02:03:29.636+0000][1][safepoint    ] Application time: 1.0002247 seconds
[2022-06-13T02:03:29.636+0000][1][safepoint    ] Entering safepoint region: Cleanup
[2022-06-13T02:03:29.637+0000][1][safepoint    ] Leaving safepoint region
[2022-06-13T02:03:29.637+0000][1][safepoint    ] Total time for which application threads were stopped: 0.0003975 seconds, Stopping threads took: 0.0001661 seconds
[2022-06-13T02:03:30.637+0000][1][safepoint    ] Application time: 1.0001814 seconds
[2022-06-13T02:03:30.638+0000][1][safepoint    ] Entering safepoint region: Cleanup
[2022-06-13T02:03:30.638+0000][1][safepoint    ] Leaving safepoint region
[2022-06-13T02:03:30.639+0000][1][safepoint    ] Total time for which application threads were stopped: 0.0011143 seconds, Stopping threads took: 0.0004978 seconds
[2022-06-13T02:03:31.640+0000][1][safepoint    ] Application time: 1.0003187 seconds
[2022-06-13T02:03:31.640+0000][1][safepoint    ] Entering safepoint region: Cleanup
[2022-06-13T02:03:31.641+0000][1][safepoint    ] Leaving safepoint region
[2022-06-13T02:03:31.641+0000][1][safepoint    ] Total time for which application threads were stopped: 0.0013563 seconds, Stopping threads took: 0.0005499 seconds
[2022-06-13T02:03:32.642+0000][1][safepoint    ] Application time: 1.0002586 seconds
[2022-06-13T02:03:32.643+0000][1][safepoint    ] Entering safepoint region: Cleanup
[2022-06-13T02:03:32.644+0000][1][safepoint    ] Leaving safepoint region
[2022-06-13T02:03:32.644+0000][1][safepoint    ] Total time for which application threads were stopped: 0.0011039 seconds, Stopping threads took: 0.0005266 seconds
[2022-06-13T02:03:33.645+0000][1][safepoint    ] Application time: 1.0001611 seconds
[2022-06-13T02:03:33.645+0000][1][safepoint    ] Entering safepoint region: Cleanup
[2022-06-13T02:03:33.645+0000][1][safepoint    ] Leaving safepoint region
[2022-06-13T02:03:33.645+0000][1][safepoint    ] Total time for which application threads were stopped: 0.0005382 seconds, Stopping threads took: 0.0002207 seconds
[2022-06-13T02:03:34.646+0000][1][safepoint    ] Application time: 1.0001388 seconds
[2022-06-13T02:03:34.647+0000][1][safepoint    ] Entering safepoint region: Cleanup
[2022-06-13T02:03:34.647+0000][1][safepoint    ] Leaving safepoint region
[2022-06-13T02:03:34.648+0000][1][safepoint    ] Total time for which application threads were stopped: 0.0013785 seconds, Stopping threads took: 0.0006817 seconds
[2022-06-13T02:03:35.649+0000][1][safepoint    ] Application time: 1.0002179 seconds
[2022-06-13T02:03:35.649+0000][1][safepoint    ] Entering safepoint region: Cleanup
[2022-06-13T02:03:35.650+0000][1][safepoint    ] Leaving safepoint region
[2022-06-13T02:03:35.651+0000][1][safepoint    ] Total time for which application threads were stopped: 0.0015208 seconds, Stopping threads took: 0.0006470 seconds
[2022-06-13T02:03:36.652+0000][1][safepoint    ] Application time: 1.0002821 seconds
[2022-06-13T02:03:36.652+0000][1][safepoint    ] Entering safepoint region: Cleanup
[2022-06-13T02:03:36.653+0000][1][safepoint    ] Leaving safepoint region
[2022-06-13T02:03:36.653+0000][1][safepoint    ] Total time for which application threads were stopped: 0.0009762 seconds, Stopping threads took: 0.0003501 seconds
[2022-06-13T02:03:37.654+0000][1][safepoint    ] Application time: 1.0001914 seconds
[2022-06-13T02:03:37.654+0000][1][safepoint    ] Entering safepoint region: Cleanup
[2022-06-13T02:03:37.655+0000][1][safepoint    ] Leaving safepoint region
[2022-06-13T02:03:37.656+0000][1][safepoint    ] Total time for which application threads were stopped: 0.0012139 seconds, Stopping threads took: 0.0004359 seconds
[2022-06-13T02:03:38.656+0000][1][safepoint    ] Application time: 1.0002653 seconds
[2022-06-13T02:03:38.657+0000][1][safepoint    ] Entering safepoint region: Cleanup
[2022-06-13T02:03:38.657+0000][1][safepoint    ] Leaving safepoint region
[2022-06-13T02:03:38.658+0000][1][safepoint    ] Total time for which application threads were stopped: 0.0008993 seconds, Stopping threads took: 0.0004516 seconds
[2022-06-13T02:03:40.557+0000][1][safepoint    ] Application time: 1.8992882 seconds
[2022-06-13T02:03:40.558+0000][1][safepoint    ] Entering safepoint region: Cleanup
[2022-06-13T02:03:40.558+0000][1][safepoint    ] Leaving safepoint region
[2022-06-13T02:03:40.559+0000][1][safepoint    ] Total time for which application threads were stopped: 0.0006893 seconds, Stopping threads took: 0.0003078 seconds
[2022-06-13T02:03:41.559+0000][1][safepoint    ] Application time: 1.0003245 seconds
[2022-06-13T02:03:41.560+0000][1][safepoint    ] Entering safepoint region: Cleanup
[2022-06-13T02:03:41.561+0000][1][safepoint    ] Leaving safepoint region
[2022-06-13T02:03:41.561+0000][1][safepoint    ] Total time for which application threads were stopped: 0.0014477 seconds, Stopping threads took: 0.0006468 seconds
[2022-06-13T02:03:42.562+0000][1][safepoint    ] Application time: 1.0003010 seconds
[2022-06-13T02:03:42.563+0000][1][safepoint    ] Entering safepoint region: Cleanup
[2022-06-13T02:03:42.563+0000][1][safepoint    ] Leaving safepoint region
[2022-06-13T02:03:42.564+0000][1][safepoint    ] Total time for which application threads were stopped: 0.0009020 seconds, Stopping threads took: 0.0004485 seconds
[2022-06-13T02:03:43.565+0000][1][safepoint    ] Application time: 1.0003773 seconds
[2022-06-13T02:03:43.565+0000][1][safepoint    ] Entering safepoint region: Cleanup
[2022-06-13T02:03:43.566+0000][1][safepoint    ] Leaving safepoint region
[2022-06-13T02:03:43.567+0000][1][safepoint    ] Total time for which application threads were stopped: 0.0014657 seconds, Stopping threads took: 0.0005756 seconds
[2022-06-13T02:03:44.568+0000][1][safepoint    ] Application time: 1.0002784 seconds
[2022-06-13T02:03:44.568+0000][1][safepoint    ] Entering safepoint region: Cleanup
[2022-06-13T02:03:44.568+0000][1][safepoint    ] Leaving safepoint region
[2022-06-13T02:03:44.569+0000][1][safepoint    ] Total time for which application threads were stopped: 0.0006497 seconds, Stopping threads took: 0.0002502 seconds
[2022-06-13T02:03:45.569+0000][1][safepoint    ] Application time: 1.0002377 seconds
[2022-06-13T02:03:45.570+0000][1][safepoint    ] Entering safepoint region: Cleanup
[2022-06-13T02:03:45.570+0000][1][safepoint    ] Leaving safepoint region
[2022-06-13T02:03:45.570+0000][1][safepoint    ] Total time for which application threads were stopped: 0.0006079 seconds, Stopping threads took: 0.0002361 seconds
[2022-06-13T02:03:46.571+0000][1][safepoint    ] Application time: 1.0003273 seconds
[2022-06-13T02:03:46.572+0000][1][safepoint    ] Entering safepoint region: Cleanup
[2022-06-13T02:03:46.572+0000][1][safepoint    ] Leaving safepoint region
[2022-06-13T02:03:46.573+0000][1][safepoint    ] Total time for which application threads were stopped: 0.0012427 seconds, Stopping threads took: 0.0005245 seconds
[2022-06-13T02:03:47.574+0000][1][safepoint    ] Application time: 1.0003010 seconds
[2022-06-13T02:03:47.574+0000][1][safepoint    ] Entering safepoint region: Cleanup
[2022-06-13T02:03:47.575+0000][1][safepoint    ] Leaving safepoint region
[2022-06-13T02:03:47.575+0000][1][safepoint    ] Total time for which application threads were stopped: 0.0004770 seconds, Stopping threads took: 0.0002353 seconds
[2022-06-13T02:03:48.575+0000][1][safepoint    ] Application time: 1.0001171 seconds
[2022-06-13T02:03:48.575+0000][1][safepoint    ] Entering safepoint region: Cleanup
[2022-06-13T02:03:48.576+0000][1][safepoint    ] Leaving safepoint region
[2022-06-13T02:03:48.576+0000][1][safepoint    ] Total time for which application threads were stopped: 0.0003932 seconds, Stopping threads took: 0.0001709 seconds
[2022-06-13T02:03:49.576+0000][1][safepoint    ] Application time: 1.0001050 seconds
[2022-06-13T02:03:49.576+0000][1][safepoint    ] Entering safepoint region: Cleanup
[2022-06-13T02:03:49.577+0000][1][safepoint    ] Leaving safepoint region
[2022-06-13T02:03:49.577+0000][1][safepoint    ] Total time for which application threads were stopped: 0.0005278 seconds, Stopping threads took: 0.0002424 seconds
[2022-06-13T02:03:50.577+0000][1][safepoint    ] Application time: 1.0001105 seconds
[2022-06-13T02:03:50.577+0000][1][safepoint    ] Entering safepoint region: Cleanup
[2022-06-13T02:03:50.578+0000][1][safepoint    ] Leaving safepoint region
[2022-06-13T02:03:50.578+0000][1][safepoint    ] Total time for which application threads were stopped: 0.0006221 seconds, Stopping threads took: 0.0002901 seconds
[2022-06-13T02:03:51.578+0000][1][safepoint    ] Application time: 1.0003134 seconds
[2022-06-13T02:03:51.579+0000][1][safepoint    ] Entering safepoint region: Cleanup
[2022-06-13T02:03:51.580+0000][1][safepoint    ] Leaving safepoint region
[2022-06-13T02:03:51.580+0000][1][safepoint    ] Total time for which application threads were stopped: 0.0008363 seconds, Stopping threads took: 0.0004088 seconds
[2022-06-13T02:03:52.580+0000][1][safepoint    ] Application time: 1.0002395 seconds
[2022-06-13T02:03:52.581+0000][1][safepoint    ] Entering safepoint region: Cleanup
[2022-06-13T02:03:52.581+0000][1][safepoint    ] Leaving safepoint region
[2022-06-13T02:03:52.581+0000][1][safepoint    ] Total time for which application threads were stopped: 0.0005912 seconds, Stopping threads took: 0.0002282 seconds
[2022-06-13T02:03:53.582+0000][1][safepoint    ] Application time: 1.0001909 seconds
[2022-06-13T02:03:53.582+0000][1][safepoint    ] Entering safepoint region: Cleanup
[2022-06-13T02:03:53.583+0000][1][safepoint    ] Leaving safepoint region
[2022-06-13T02:03:53.584+0000][1][safepoint    ] Total time for which application threads were stopped: 0.0011733 seconds, Stopping threads took: 0.0004891 seconds
[2022-06-13T02:03:54.584+0000][1][safepoint    ] Application time: 1.0003205 seconds
[2022-06-13T02:03:54.585+0000][1][safepoint    ] Entering safepoint region: Cleanup
[2022-06-13T02:03:54.586+0000][1][safepoint    ] Leaving safepoint region
[2022-06-13T02:03:54.586+0000][1][safepoint    ] Total time for which application threads were stopped: 0.0010097 seconds, Stopping threads took: 0.0004585 seconds
[2022-06-13T02:03:54.752+0000][1][safepoint    ] Application time: 0.1650051 seconds
[2022-06-13T02:03:54.752+0000][1][safepoint    ] Entering safepoint region: GenCollectForAllocation
[2022-06-13T02:03:54.753+0000][1][gc,start     ] GC(26) Pause Young (Allocation Failure)
[2022-06-13T02:03:54.754+0000][1][gc,task      ] GC(26) Using 5 workers of 13 for evacuation
[2022-06-13T02:03:54.755+0000][1][gc,age       ] GC(26) Desired survivor size 4456448 bytes, new threshold 6 (max threshold 6)
[2022-06-13T02:03:54.756+0000][1][gc,age       ] GC(26) Age table with threshold 6 (max threshold 6)
[2022-06-13T02:03:54.757+0000][1][gc,age       ] GC(26) - age   1:      25184 bytes,      25184 total
[2022-06-13T02:03:54.757+0000][1][gc,age       ] GC(26) - age   2:      13448 bytes,      38632 total
[2022-06-13T02:03:54.758+0000][1][gc,age       ] GC(26) - age   3:      17736 bytes,      56368 total
[2022-06-13T02:03:54.758+0000][1][gc,age       ] GC(26) - age   4:      47664 bytes,     104032 total
[2022-06-13T02:03:54.759+0000][1][gc,age       ] GC(26) - age   5:     681856 bytes,     785888 total
[2022-06-13T02:03:54.759+0000][1][gc,heap      ] GC(26) ParNew: 70966K->1020K(78656K)
[2022-06-13T02:03:54.760+0000][1][gc,heap      ] GC(26) CMS: 68364K->68364K(174784K)
[2022-06-13T02:03:54.760+0000][1][gc,metaspace ] GC(26) Metaspace: 64232K->64232K(1107968K)
[2022-06-13T02:03:54.761+0000][1][gc           ] GC(26) Pause Young (Allocation Failure) 136M->67M(247M) 7.612ms
[2022-06-13T02:03:54.761+0000][1][gc,cpu       ] GC(26) User=0.00s Sys=0.00s Real=0.01s
[2022-06-13T02:03:54.761+0000][1][safepoint    ] Leaving safepoint region
[2022-06-13T02:03:54.762+0000][1][safepoint    ] Total time for which application threads were stopped: 0.0095193 seconds, Stopping threads took: 0.0005585 seconds
[2022-06-13T02:03:55.762+0000][1][safepoint    ] Application time: 1.0000957 seconds
[2022-06-13T02:03:55.763+0000][1][safepoint    ] Entering safepoint region: Cleanup
[2022-06-13T02:03:55.763+0000][1][safepoint    ] Leaving safepoint region
[2022-06-13T02:03:55.763+0000][1][safepoint    ] Total time for which application threads were stopped: 0.0006833 seconds, Stopping threads took: 0.0003150 seconds
[2022-06-13T02:03:56.764+0000][1][safepoint    ] Application time: 1.0000967 seconds
[2022-06-13T02:03:56.764+0000][1][safepoint    ] Entering safepoint region: Cleanup
[2022-06-13T02:03:56.764+0000][1][safepoint    ] Leaving safepoint region
[2022-06-13T02:03:56.765+0000][1][safepoint    ] Total time for which application threads were stopped: 0.0008288 seconds, Stopping threads took: 0.0003630 seconds
[2022-06-13T02:03:57.765+0000][1][safepoint    ] Application time: 1.0000821 seconds
[2022-06-13T02:03:57.765+0000][1][safepoint    ] Entering safepoint region: Cleanup
[2022-06-13T02:03:57.765+0000][1][safepoint    ] Leaving safepoint region
[2022-06-13T02:03:57.765+0000][1][safepoint    ] Total time for which application threads were stopped: 0.0003846 seconds, Stopping threads took: 0.0001119 seconds
[2022-06-13T02:03:58.766+0000][1][safepoint    ] Application time: 1.0000907 seconds
[2022-06-13T02:03:58.766+0000][1][safepoint    ] Entering safepoint region: Cleanup
[2022-06-13T02:03:58.766+0000][1][safepoint    ] Leaving safepoint region
[2022-06-13T02:03:58.766+0000][1][safepoint    ] Total time for which application threads were stopped: 0.0004730 seconds, Stopping threads took: 0.0001389 seconds
[2022-06-13T02:03:59.767+0000][1][safepoint    ] Application time: 1.0000982 seconds
[2022-06-13T02:03:59.767+0000][1][safepoint    ] Entering safepoint region: Cleanup
[2022-06-13T02:03:59.767+0000][1][safepoint    ] Leaving safepoint region
[2022-06-13T02:03:59.767+0000][1][safepoint    ] Total time for which application threads were stopped: 0.0003362 seconds, Stopping threads took: 0.0001296 seconds
[2022-06-13T02:04:00.767+0000][1][safepoint    ] Application time: 1.0001916 seconds
[2022-06-13T02:04:00.768+0000][1][safepoint    ] Entering safepoint region: Cleanup
[2022-06-13T02:04:00.768+0000][1][safepoint    ] Leaving safepoint region
[2022-06-13T02:04:00.768+0000][1][safepoint    ] Total time for which application threads were stopped: 0.0003974 seconds, Stopping threads took: 0.0001971 seconds
[2022-06-13T02:04:01.768+0000][1][safepoint    ] Application time: 1.0000865 seconds
[2022-06-13T02:04:01.769+0000][1][safepoint    ] Entering safepoint region: Cleanup
[2022-06-13T02:04:01.769+0000][1][safepoint    ] Leaving safepoint region
[2022-06-13T02:04:01.769+0000][1][safepoint    ] Total time for which application threads were stopped: 0.0003245 seconds, Stopping threads took: 0.0001361 seconds
[2022-06-13T02:04:02.769+0000][1][safepoint    ] Application time: 1.0001322 seconds
[2022-06-13T02:04:02.769+0000][1][safepoint    ] Entering safepoint region: Cleanup
[2022-06-13T02:04:02.770+0000][1][safepoint    ] Leaving safepoint region
[2022-06-13T02:04:02.770+0000][1][safepoint    ] Total time for which application threads were stopped: 0.0003841 seconds, Stopping threads took: 0.0001272 seconds
[2022-06-13T02:04:03.770+0000][1][safepoint    ] Application time: 1.0000912 seconds
[2022-06-13T02:04:03.770+0000][1][safepoint    ] Entering safepoint region: Cleanup
[2022-06-13T02:04:03.770+0000][1][safepoint    ] Leaving safepoint region
[2022-06-13T02:04:03.771+0000][1][safepoint    ] Total time for which application threads were stopped: 0.0004327 seconds, Stopping threads took: 0.0001462 seconds
[2022-06-13T02:04:04.771+0000][1][safepoint    ] Application time: 1.0000938 seconds
[2022-06-13T02:04:04.771+0000][1][safepoint    ] Entering safepoint region: Cleanup
[2022-06-13T02:04:04.771+0000][1][safepoint    ] Leaving safepoint region
[2022-06-13T02:04:04.771+0000][1][safepoint    ] Total time for which application threads were stopped: 0.0002838 seconds, Stopping threads took: 0.0001208 seconds
[2022-06-13T02:04:05.772+0000][1][safepoint    ] Application time: 1.0001476 seconds
[2022-06-13T02:04:05.772+0000][1][safepoint    ] Entering safepoint region: Cleanup
[2022-06-13T02:04:05.772+0000][1][safepoint    ] Leaving safepoint region
[2022-06-13T02:04:05.772+0000][1][safepoint    ] Total time for which application threads were stopped: 0.0003527 seconds, Stopping threads took: 0.0001549 seconds
[2022-06-13T02:04:06.773+0000][1][safepoint    ] Application time: 1.0000909 seconds
[2022-06-13T02:04:06.773+0000][1][safepoint    ] Entering safepoint region: Cleanup
[2022-06-13T02:04:06.773+0000][1][safepoint    ] Leaving safepoint region
[2022-06-13T02:04:06.773+0000][1][safepoint    ] Total time for which application threads were stopped: 0.0005487 seconds, Stopping threads took: 0.0002608 seconds
[2022-06-13T02:04:07.774+0000][1][safepoint    ] Application time: 1.0001947 seconds
[2022-06-13T02:04:07.774+0000][1][safepoint    ] Entering safepoint region: Cleanup
[2022-06-13T02:04:07.774+0000][1][safepoint    ] Leaving safepoint region
[2022-06-13T02:04:07.775+0000][1][safepoint    ] Total time for which application threads were stopped: 0.0008280 seconds, Stopping threads took: 0.0003609 seconds
[2022-06-13T02:04:08.775+0000][1][safepoint    ] Application time: 1.0001078 seconds
[2022-06-13T02:04:08.776+0000][1][safepoint    ] Entering safepoint region: Cleanup
[2022-06-13T02:04:08.776+0000][1][safepoint    ] Leaving safepoint region
[2022-06-13T02:04:08.776+0000][1][safepoint    ] Total time for which application threads were stopped: 0.0003966 seconds, Stopping threads took: 0.0001778 seconds
[2022-06-13T02:04:09.776+0000][1][safepoint    ] Application time: 1.0001052 seconds
[2022-06-13T02:04:09.776+0000][1][safepoint    ] Entering safepoint region: Cleanup
[2022-06-13T02:04:09.777+0000][1][safepoint    ] Leaving safepoint region
[2022-06-13T02:04:09.777+0000][1][safepoint    ] Total time for which application threads were stopped: 0.0003851 seconds, Stopping threads took: 0.0001877 seconds
[2022-06-13T02:04:10.777+0000][1][safepoint    ] Application time: 1.0002739 seconds
[2022-06-13T02:04:10.778+0000][1][safepoint    ] Entering safepoint region: Cleanup
[2022-06-13T02:04:10.778+0000][1][safepoint    ] Leaving safepoint region
[2022-06-13T02:04:10.778+0000][1][safepoint    ] Total time for which application threads were stopped: 0.0006078 seconds, Stopping threads took: 0.0002676 seconds
[2022-06-13T02:04:11.779+0000][1][safepoint    ] Application time: 1.0003349 seconds
[2022-06-13T02:04:11.779+0000][1][safepoint    ] Entering safepoint region: Cleanup
[2022-06-13T02:04:11.780+0000][1][safepoint    ] Leaving safepoint region
[2022-06-13T02:04:11.780+0000][1][safepoint    ] Total time for which application threads were stopped: 0.0004641 seconds, Stopping threads took: 0.0001805 seconds
[2022-06-13T02:04:12.780+0000][1][safepoint    ] Application time: 1.0001854 seconds
[2022-06-13T02:04:12.781+0000][1][safepoint    ] Entering safepoint region: Cleanup
[2022-06-13T02:04:12.781+0000][1][safepoint    ] Leaving safepoint region
[2022-06-13T02:04:12.781+0000][1][safepoint    ] Total time for which application threads were stopped: 0.0005470 seconds, Stopping threads took: 0.0003310 seconds
[2022-06-13T02:04:13.781+0000][1][safepoint    ] Application time: 1.0002043 seconds
[2022-06-13T02:04:13.782+0000][1][safepoint    ] Entering safepoint region: Cleanup
[2022-06-13T02:04:13.782+0000][1][safepoint    ] Leaving safepoint region
[2022-06-13T02:04:13.782+0000][1][safepoint    ] Total time for which application threads were stopped: 0.0005164 seconds, Stopping threads took: 0.0001764 seconds
[2022-06-13T02:04:14.783+0000][1][safepoint    ] Application time: 1.0000591 seconds
[2022-06-13T02:04:14.783+0000][1][safepoint    ] Entering safepoint region: Cleanup
[2022-06-13T02:04:14.783+0000][1][safepoint    ] Leaving safepoint region
[2022-06-13T02:04:14.783+0000][1][safepoint    ] Total time for which application threads were stopped: 0.0003758 seconds, Stopping threads took: 0.0001134 seconds
[2022-06-13T02:04:15.784+0000][1][safepoint    ] Application time: 1.0002903 seconds
[2022-06-13T02:04:15.784+0000][1][safepoint    ] Entering safepoint region: Cleanup
[2022-06-13T02:04:15.784+0000][1][safepoint    ] Leaving safepoint region
[2022-06-13T02:04:15.785+0000][1][safepoint    ] Total time for which application threads were stopped: 0.0005690 seconds, Stopping threads took: 0.0003355 seconds
[2022-06-13T02:04:16.785+0000][1][safepoint    ] Application time: 1.0002894 seconds
[2022-06-13T02:04:16.786+0000][1][safepoint    ] Entering safepoint region: Cleanup
[2022-06-13T02:04:16.786+0000][1][safepoint    ] Leaving safepoint region
[2022-06-13T02:04:16.786+0000][1][safepoint    ] Total time for which application threads were stopped: 0.0009087 seconds, Stopping threads took: 0.0005328 seconds
[2022-06-13T02:04:17.787+0000][1][safepoint    ] Application time: 1.0002849 seconds
[2022-06-13T02:04:17.787+0000][1][safepoint    ] Entering safepoint region: Cleanup
[2022-06-13T02:04:17.788+0000][1][safepoint    ] Leaving safepoint region
[2022-06-13T02:04:17.788+0000][1][safepoint    ] Total time for which application threads were stopped: 0.0009419 seconds, Stopping threads took: 0.0004017 seconds
[2022-06-13T02:04:18.789+0000][1][safepoint    ] Application time: 1.0003783 seconds
[2022-06-13T02:04:18.790+0000][1][safepoint    ] Entering safepoint region: Cleanup
[2022-06-13T02:04:18.790+0000][1][safepoint    ] Leaving safepoint region
[2022-06-13T02:04:18.791+0000][1][safepoint    ] Total time for which application threads were stopped: 0.0011181 seconds, Stopping threads took: 0.0004336 seconds
[2022-06-13T02:04:19.792+0000][1][safepoint    ] Application time: 1.0001997 seconds
[2022-06-13T02:04:19.792+0000][1][safepoint    ] Entering safepoint region: Cleanup
[2022-06-13T02:04:19.792+0000][1][safepoint    ] Leaving safepoint region
[2022-06-13T02:04:19.792+0000][1][safepoint    ] Total time for which application threads were stopped: 0.0004929 seconds, Stopping threads took: 0.0001433 seconds
[2022-06-13T02:04:20.793+0000][1][safepoint    ] Application time: 1.0001086 seconds
[2022-06-13T02:04:20.793+0000][1][safepoint    ] Entering safepoint region: Cleanup
[2022-06-13T02:04:20.793+0000][1][safepoint    ] Leaving safepoint region
[2022-06-13T02:04:20.794+0000][1][safepoint    ] Total time for which application threads were stopped: 0.0006209 seconds, Stopping threads took: 0.0001772 seconds
[2022-06-13T02:04:21.794+0000][1][safepoint    ] Application time: 1.0003341 seconds
[2022-06-13T02:04:21.795+0000][1][safepoint    ] Entering safepoint region: Cleanup
[2022-06-13T02:04:21.795+0000][1][safepoint    ] Leaving safepoint region
[2022-06-13T02:04:21.795+0000][1][safepoint    ] Total time for which application threads were stopped: 0.0006446 seconds, Stopping threads took: 0.0002538 seconds
[2022-06-13T02:04:22.796+0000][1][safepoint    ] Application time: 1.0001845 seconds
[2022-06-13T02:04:22.796+0000][1][safepoint    ] Entering safepoint region: Cleanup
[2022-06-13T02:04:22.797+0000][1][safepoint    ] Leaving safepoint region
[2022-06-13T02:04:22.797+0000][1][safepoint    ] Total time for which application threads were stopped: 0.0005678 seconds, Stopping threads took: 0.0002609 seconds
[2022-06-13T02:04:23.798+0000][1][safepoint    ] Application time: 1.0002759 seconds
[2022-06-13T02:04:23.798+0000][1][safepoint    ] Entering safepoint region: Cleanup
[2022-06-13T02:04:23.799+0000][1][safepoint    ] Leaving safepoint region
[2022-06-13T02:04:23.799+0000][1][safepoint    ] Total time for which application threads were stopped: 0.0009414 seconds, Stopping threads took: 0.0004932 seconds
[2022-06-13T02:04:24.800+0000][1][safepoint    ] Application time: 1.0003108 seconds
[2022-06-13T02:04:24.801+0000][1][safepoint    ] Entering safepoint region: Cleanup
[2022-06-13T02:04:24.801+0000][1][safepoint    ] Leaving safepoint region
[2022-06-13T02:04:24.801+0000][1][safepoint    ] Total time for which application threads were stopped: 0.0007225 seconds, Stopping threads took: 0.0003829 seconds
[2022-06-13T02:04:25.802+0000][1][safepoint    ] Application time: 1.0002276 seconds
[2022-06-13T02:04:25.802+0000][1][safepoint    ] Entering safepoint region: Cleanup
[2022-06-13T02:04:25.803+0000][1][safepoint    ] Leaving safepoint region
[2022-06-13T02:04:25.803+0000][1][safepoint    ] Total time for which application threads were stopped: 0.0007577 seconds, Stopping threads took: 0.0003568 seconds
[2022-06-13T02:04:26.803+0000][1][safepoint    ] Application time: 1.0001940 seconds
[2022-06-13T02:04:26.804+0000][1][safepoint    ] Entering safepoint region: Cleanup
[2022-06-13T02:04:26.804+0000][1][safepoint    ] Leaving safepoint region
[2022-06-13T02:04:26.804+0000][1][safepoint    ] Total time for which application threads were stopped: 0.0006068 seconds, Stopping threads took: 0.0001925 seconds
[2022-06-13T02:04:27.805+0000][1][safepoint    ] Application time: 1.0002660 seconds
[2022-06-13T02:04:27.805+0000][1][safepoint    ] Entering safepoint region: Cleanup
[2022-06-13T02:04:27.806+0000][1][safepoint    ] Leaving safepoint region
[2022-06-13T02:04:27.806+0000][1][safepoint    ] Total time for which application threads were stopped: 0.0006617 seconds, Stopping threads took: 0.0003183 seconds
[2022-06-13T02:04:28.806+0000][1][safepoint    ] Application time: 1.0002527 seconds
[2022-06-13T02:04:28.807+0000][1][safepoint    ] Entering safepoint region: Cleanup
[2022-06-13T02:04:28.808+0000][1][safepoint    ] Leaving safepoint region
[2022-06-13T02:04:28.808+0000][1][safepoint    ] Total time for which application threads were stopped: 0.0009981 seconds, Stopping threads took: 0.0004248 seconds
[2022-06-13T02:04:29.808+0000][1][safepoint    ] Application time: 1.0001612 seconds
[2022-06-13T02:04:29.809+0000][1][safepoint    ] Entering safepoint region: Cleanup
[2022-06-13T02:04:29.809+0000][1][safepoint    ] Leaving safepoint region
[2022-06-13T02:04:29.809+0000][1][safepoint    ] Total time for which application threads were stopped: 0.0006013 seconds, Stopping threads took: 0.0002262 seconds
[2022-06-13T02:04:30.810+0000][1][safepoint    ] Application time: 1.0001109 seconds
[2022-06-13T02:04:30.810+0000][1][safepoint    ] Entering safepoint region: Cleanup
[2022-06-13T02:04:30.811+0000][1][safepoint    ] Leaving safepoint region
[2022-06-13T02:04:30.811+0000][1][safepoint    ] Total time for which application threads were stopped: 0.0007837 seconds, Stopping threads took: 0.0004206 seconds
[2022-06-13T02:04:31.812+0000][1][safepoint    ] Application time: 1.0002244 seconds
[2022-06-13T02:04:31.812+0000][1][safepoint    ] Entering safepoint region: Cleanup
[2022-06-13T02:04:31.812+0000][1][safepoint    ] Leaving safepoint region
[2022-06-13T02:04:31.812+0000][1][safepoint    ] Total time for which application threads were stopped: 0.0005141 seconds, Stopping threads took: 0.0002204 seconds
[2022-06-13T02:04:32.813+0000][1][safepoint    ] Application time: 1.0001843 seconds
[2022-06-13T02:04:32.814+0000][1][safepoint    ] Entering safepoint region: Cleanup
[2022-06-13T02:04:32.814+0000][1][safepoint    ] Leaving safepoint region
[2022-06-13T02:04:32.814+0000][1][safepoint    ] Total time for which application threads were stopped: 0.0006685 seconds, Stopping threads took: 0.0003264 seconds
[2022-06-13T02:04:33.815+0000][1][safepoint    ] Application time: 1.0004382 seconds
[2022-06-13T02:04:33.816+0000][1][safepoint    ] Entering safepoint region: Cleanup
[2022-06-13T02:04:33.816+0000][1][safepoint    ] Leaving safepoint region
[2022-06-13T02:04:33.817+0000][1][safepoint    ] Total time for which application threads were stopped: 0.0011017 seconds, Stopping threads took: 0.0005010 seconds
[2022-06-13T02:04:34.817+0000][1][safepoint    ] Application time: 1.0001885 seconds
[2022-06-13T02:04:34.818+0000][1][safepoint    ] Entering safepoint region: Cleanup
[2022-06-13T02:04:34.818+0000][1][safepoint    ] Leaving safepoint region
[2022-06-13T02:04:34.819+0000][1][safepoint    ] Total time for which application threads were stopped: 0.0008375 seconds, Stopping threads took: 0.0003549 seconds
[2022-06-13T02:04:35.819+0000][1][safepoint    ] Application time: 1.0002123 seconds
[2022-06-13T02:04:35.820+0000][1][safepoint    ] Entering safepoint region: Cleanup
[2022-06-13T02:04:35.820+0000][1][safepoint    ] Leaving safepoint region
[2022-06-13T02:04:35.820+0000][1][safepoint    ] Total time for which application threads were stopped: 0.0006372 seconds, Stopping threads took: 0.0002777 seconds
[2022-06-13T02:04:36.821+0000][1][safepoint    ] Application time: 1.0002414 seconds
[2022-06-13T02:04:36.822+0000][1][safepoint    ] Entering safepoint region: Cleanup
[2022-06-13T02:04:36.822+0000][1][safepoint    ] Leaving safepoint region
[2022-06-13T02:04:36.822+0000][1][safepoint    ] Total time for which application threads were stopped: 0.0006125 seconds, Stopping threads took: 0.0003483 seconds
[2022-06-13T02:04:37.823+0000][1][safepoint    ] Application time: 1.0001341 seconds
[2022-06-13T02:04:37.823+0000][1][safepoint    ] Entering safepoint region: Cleanup
[2022-06-13T02:04:37.824+0000][1][safepoint    ] Leaving safepoint region
[2022-06-13T02:04:37.824+0000][1][safepoint    ] Total time for which application threads were stopped: 0.0006935 seconds, Stopping threads took: 0.0003956 seconds
[2022-06-13T02:04:38.824+0000][1][safepoint    ] Application time: 1.0003460 seconds
[2022-06-13T02:04:38.825+0000][1][safepoint    ] Entering safepoint region: Cleanup
[2022-06-13T02:04:38.825+0000][1][safepoint    ] Leaving safepoint region
[2022-06-13T02:04:38.826+0000][1][safepoint    ] Total time for which application threads were stopped: 0.0006960 seconds, Stopping threads took: 0.0003838 seconds
[2022-06-13T02:04:39.826+0000][1][safepoint    ] Application time: 1.0001690 seconds
[2022-06-13T02:04:39.827+0000][1][safepoint    ] Entering safepoint region: Cleanup
[2022-06-13T02:04:39.827+0000][1][safepoint    ] Leaving safepoint region
[2022-06-13T02:04:39.828+0000][1][safepoint    ] Total time for which application threads were stopped: 0.0007392 seconds, Stopping threads took: 0.0003118 seconds
[2022-06-13T02:04:40.828+0000][1][safepoint    ] Application time: 1.0001377 seconds
[2022-06-13T02:04:40.828+0000][1][safepoint    ] Entering safepoint region: Cleanup
[2022-06-13T02:04:40.829+0000][1][safepoint    ] Leaving safepoint region
[2022-06-13T02:04:40.829+0000][1][safepoint    ] Total time for which application threads were stopped: 0.0008303 seconds, Stopping threads took: 0.0005001 seconds
[2022-06-13T02:04:41.830+0000][1][safepoint    ] Application time: 1.0002035 seconds
[2022-06-13T02:04:41.830+0000][1][safepoint    ] Entering safepoint region: Cleanup
[2022-06-13T02:04:41.831+0000][1][safepoint    ] Leaving safepoint region
[2022-06-13T02:04:41.831+0000][1][safepoint    ] Total time for which application threads were stopped: 0.0005554 seconds, Stopping threads took: 0.0002628 seconds
[2022-06-13T02:04:42.831+0000][1][safepoint    ] Application time: 1.0001962 seconds
[2022-06-13T02:04:42.832+0000][1][safepoint    ] Entering safepoint region: Cleanup
[2022-06-13T02:04:42.832+0000][1][safepoint    ] Leaving safepoint region
[2022-06-13T02:04:42.832+0000][1][safepoint    ] Total time for which application threads were stopped: 0.0004857 seconds, Stopping threads took: 0.0001942 seconds
[2022-06-13T02:04:43.833+0000][1][safepoint    ] Application time: 1.0002251 seconds
[2022-06-13T02:04:43.833+0000][1][safepoint    ] Entering safepoint region: Cleanup
[2022-06-13T02:04:43.834+0000][1][safepoint    ] Leaving safepoint region
[2022-06-13T02:04:43.834+0000][1][safepoint    ] Total time for which application threads were stopped: 0.0009326 seconds, Stopping threads took: 0.0004632 seconds
[2022-06-13T02:04:44.835+0000][1][safepoint    ] Application time: 1.0002057 seconds
[2022-06-13T02:04:44.835+0000][1][safepoint    ] Entering safepoint region: Cleanup
[2022-06-13T02:04:44.835+0000][1][safepoint    ] Leaving safepoint region
[2022-06-13T02:04:44.835+0000][1][safepoint    ] Total time for which application threads were stopped: 0.0004163 seconds, Stopping threads took: 0.0001974 seconds
[2022-06-13T02:04:45.836+0000][1][safepoint    ] Application time: 1.0001624 seconds
[2022-06-13T02:04:45.836+0000][1][safepoint    ] Entering safepoint region: Cleanup
[2022-06-13T02:04:45.837+0000][1][safepoint    ] Leaving safepoint region
[2022-06-13T02:04:45.837+0000][1][safepoint    ] Total time for which application threads were stopped: 0.0008136 seconds, Stopping threads took: 0.0002500 seconds
[2022-06-13T02:04:46.838+0000][1][safepoint    ] Application time: 1.0001727 seconds
[2022-06-13T02:04:46.838+0000][1][safepoint    ] Entering safepoint region: Cleanup
[2022-06-13T02:04:46.839+0000][1][safepoint    ] Leaving safepoint region
[2022-06-13T02:04:46.839+0000][1][safepoint    ] Total time for which application threads were stopped: 0.0008342 seconds, Stopping threads took: 0.0004502 seconds
[2022-06-13T02:04:47.839+0000][1][safepoint    ] Application time: 1.0001950 seconds
[2022-06-13T02:04:47.840+0000][1][safepoint    ] Entering safepoint region: Cleanup
[2022-06-13T02:04:47.841+0000][1][safepoint    ] Leaving safepoint region
[2022-06-13T02:04:47.841+0000][1][safepoint    ] Total time for which application threads were stopped: 0.0008574 seconds, Stopping threads took: 0.0004021 seconds
[2022-06-13T02:04:48.841+0000][1][safepoint    ] Application time: 1.0001492 seconds
[2022-06-13T02:04:48.842+0000][1][safepoint    ] Entering safepoint region: Cleanup
[2022-06-13T02:04:48.842+0000][1][safepoint    ] Leaving safepoint region
[2022-06-13T02:04:48.843+0000][1][safepoint    ] Total time for which application threads were stopped: 0.0006559 seconds, Stopping threads took: 0.0002958 seconds
[2022-06-13T02:04:49.843+0000][1][safepoint    ] Application time: 1.0001999 seconds
[2022-06-13T02:04:49.843+0000][1][safepoint    ] Entering safepoint region: Cleanup
[2022-06-13T02:04:49.844+0000][1][safepoint    ] Leaving safepoint region
[2022-06-13T02:04:49.844+0000][1][safepoint    ] Total time for which application threads were stopped: 0.0005372 seconds, Stopping threads took: 0.0001880 seconds
[2022-06-13T02:04:50.844+0000][1][safepoint    ] Application time: 1.0002995 seconds
[2022-06-13T02:04:50.845+0000][1][safepoint    ] Entering safepoint region: Cleanup
[2022-06-13T02:04:50.845+0000][1][safepoint    ] Leaving safepoint region
[2022-06-13T02:04:50.845+0000][1][safepoint    ] Total time for which application threads were stopped: 0.0007063 seconds, Stopping threads took: 0.0003342 seconds
[2022-06-13T02:04:51.846+0000][1][safepoint    ] Application time: 1.0001933 seconds
[2022-06-13T02:04:51.846+0000][1][safepoint    ] Entering safepoint region: Cleanup
[2022-06-13T02:04:51.847+0000][1][safepoint    ] Leaving safepoint region
[2022-06-13T02:04:51.847+0000][1][safepoint    ] Total time for which application threads were stopped: 0.0007712 seconds, Stopping threads took: 0.0002768 seconds
[2022-06-13T02:04:52.847+0000][1][safepoint    ] Application time: 1.0001896 seconds
[2022-06-13T02:04:52.848+0000][1][safepoint    ] Entering safepoint region: Cleanup
[2022-06-13T02:04:52.849+0000][1][safepoint    ] Leaving safepoint region
[2022-06-13T02:04:52.849+0000][1][safepoint    ] Total time for which application threads were stopped: 0.0010862 seconds, Stopping threads took: 0.0005679 seconds
[2022-06-13T02:04:53.850+0000][1][safepoint    ] Application time: 1.0002391 seconds
[2022-06-13T02:04:53.850+0000][1][safepoint    ] Entering safepoint region: Cleanup
[2022-06-13T02:04:53.851+0000][1][safepoint    ] Leaving safepoint region
[2022-06-13T02:04:53.851+0000][1][safepoint    ] Total time for which application threads were stopped: 0.0009166 seconds, Stopping threads took: 0.0004482 seconds
[2022-06-13T02:04:54.852+0000][1][safepoint    ] Application time: 1.0001610 seconds
[2022-06-13T02:04:54.852+0000][1][safepoint    ] Entering safepoint region: Cleanup
[2022-06-13T02:04:54.852+0000][1][safepoint    ] Leaving safepoint region
[2022-06-13T02:04:54.853+0000][1][safepoint    ] Total time for which application threads were stopped: 0.0004416 seconds, Stopping threads took: 0.0001777 seconds
[2022-06-13T02:04:55.853+0000][1][safepoint    ] Application time: 1.0001184 seconds
[2022-06-13T02:04:55.853+0000][1][safepoint    ] Entering safepoint region: Cleanup
[2022-06-13T02:04:55.854+0000][1][safepoint    ] Leaving safepoint region
[2022-06-13T02:04:55.854+0000][1][safepoint    ] Total time for which application threads were stopped: 0.0007774 seconds, Stopping threads took: 0.0003411 seconds
[2022-06-13T02:04:56.855+0000][1][safepoint    ] Application time: 1.0001901 seconds
[2022-06-13T02:04:56.855+0000][1][safepoint    ] Entering safepoint region: Cleanup
[2022-06-13T02:04:56.856+0000][1][safepoint    ] Leaving safepoint region
[2022-06-13T02:04:56.856+0000][1][safepoint    ] Total time for which application threads were stopped: 0.0009388 seconds, Stopping threads took: 0.0003829 seconds
[2022-06-13T02:04:57.857+0000][1][safepoint    ] Application time: 1.0001836 seconds
[2022-06-13T02:04:57.857+0000][1][safepoint    ] Entering safepoint region: Cleanup
[2022-06-13T02:04:57.858+0000][1][safepoint    ] Leaving safepoint region
[2022-06-13T02:04:57.858+0000][1][safepoint    ] Total time for which application threads were stopped: 0.0008233 seconds, Stopping threads took: 0.0003204 seconds
[2022-06-13T02:04:58.859+0000][1][safepoint    ] Application time: 1.0002206 seconds
[2022-06-13T02:04:58.859+0000][1][safepoint    ] Entering safepoint region: Cleanup
[2022-06-13T02:04:58.860+0000][1][safepoint    ] Leaving safepoint region
[2022-06-13T02:04:58.860+0000][1][safepoint    ] Total time for which application threads were stopped: 0.0008595 seconds, Stopping threads took: 0.0004442 seconds
[2022-06-13T02:04:59.861+0000][1][safepoint    ] Application time: 1.0001975 seconds
[2022-06-13T02:04:59.861+0000][1][safepoint    ] Entering safepoint region: Cleanup
[2022-06-13T02:04:59.862+0000][1][safepoint    ] Leaving safepoint region
[2022-06-13T02:04:59.862+0000][1][safepoint    ] Total time for which application threads were stopped: 0.0008424 seconds, Stopping threads took: 0.0003817 seconds
[2022-06-13T02:05:00.863+0000][1][safepoint    ] Application time: 1.0001963 seconds
[2022-06-13T02:05:00.863+0000][1][safepoint    ] Entering safepoint region: Cleanup
[2022-06-13T02:05:00.864+0000][1][safepoint    ] Leaving safepoint region
[2022-06-13T02:05:00.864+0000][1][safepoint    ] Total time for which application threads were stopped: 0.0009692 seconds, Stopping threads took: 0.0004396 seconds
[2022-06-13T02:05:01.865+0000][1][safepoint    ] Application time: 1.0002599 seconds
[2022-06-13T02:05:01.865+0000][1][safepoint    ] Entering safepoint region: Cleanup
[2022-06-13T02:05:01.866+0000][1][safepoint    ] Leaving safepoint region
[2022-06-13T02:05:01.866+0000][1][safepoint    ] Total time for which application threads were stopped: 0.0008778 seconds, Stopping threads took: 0.0004056 seconds
[2022-06-13T02:05:02.867+0000][1][safepoint    ] Application time: 1.0002732 seconds
[2022-06-13T02:05:02.867+0000][1][safepoint    ] Entering safepoint region: Cleanup
[2022-06-13T02:05:02.867+0000][1][safepoint    ] Leaving safepoint region
[2022-06-13T02:05:02.867+0000][1][safepoint    ] Total time for which application threads were stopped: 0.0003841 seconds, Stopping threads took: 0.0001579 seconds
[2022-06-13T02:05:03.868+0000][1][safepoint    ] Application time: 1.0002631 seconds
[2022-06-13T02:05:03.868+0000][1][safepoint    ] Entering safepoint region: Cleanup
[2022-06-13T02:05:03.869+0000][1][safepoint    ] Leaving safepoint region
[2022-06-13T02:05:03.869+0000][1][safepoint    ] Total time for which application threads were stopped: 0.0007444 seconds, Stopping threads took: 0.0003051 seconds
[2022-06-13T02:05:04.870+0000][1][safepoint    ] Application time: 1.0001812 seconds
[2022-06-13T02:05:04.870+0000][1][safepoint    ] Entering safepoint region: Cleanup
[2022-06-13T02:05:04.870+0000][1][safepoint    ] Leaving safepoint region
[2022-06-13T02:05:04.871+0000][1][safepoint    ] Total time for which application threads were stopped: 0.0008589 seconds, Stopping threads took: 0.0003522 seconds
[2022-06-13T02:05:05.871+0000][1][safepoint    ] Application time: 1.0002498 seconds
[2022-06-13T02:05:05.872+0000][1][safepoint    ] Entering safepoint region: Cleanup
[2022-06-13T02:05:05.872+0000][1][safepoint    ] Leaving safepoint region
[2022-06-13T02:05:05.873+0000][1][safepoint    ] Total time for which application threads were stopped: 0.0009772 seconds, Stopping threads took: 0.0004695 seconds
[2022-06-13T02:05:06.873+0000][1][safepoint    ] Application time: 1.0001380 seconds
[2022-06-13T02:05:06.874+0000][1][safepoint    ] Entering safepoint region: Cleanup
[2022-06-13T02:05:06.874+0000][1][safepoint    ] Leaving safepoint region
[2022-06-13T02:05:06.875+0000][1][safepoint    ] Total time for which application threads were stopped: 0.0007348 seconds, Stopping threads took: 0.0003980 seconds
[2022-06-13T02:05:07.875+0000][1][safepoint    ] Application time: 1.0001946 seconds
[2022-06-13T02:05:07.876+0000][1][safepoint    ] Entering safepoint region: Cleanup
[2022-06-13T02:05:07.876+0000][1][safepoint    ] Leaving safepoint region
[2022-06-13T02:05:07.877+0000][1][safepoint    ] Total time for which application threads were stopped: 0.0010785 seconds, Stopping threads took: 0.0004856 seconds
[2022-06-13T02:05:08.877+0000][1][safepoint    ] Application time: 1.0001531 seconds
[2022-06-13T02:05:08.877+0000][1][safepoint    ] Entering safepoint region: Cleanup
[2022-06-13T02:05:08.878+0000][1][safepoint    ] Leaving safepoint region
[2022-06-13T02:05:08.878+0000][1][safepoint    ] Total time for which application threads were stopped: 0.0004125 seconds, Stopping threads took: 0.0001878 seconds
[2022-06-13T02:05:09.878+0000][1][safepoint    ] Application time: 1.0001248 seconds
[2022-06-13T02:05:09.879+0000][1][safepoint    ] Entering safepoint region: Cleanup
[2022-06-13T02:05:09.879+0000][1][safepoint    ] Leaving safepoint region
[2022-06-13T02:05:09.879+0000][1][safepoint    ] Total time for which application threads were stopped: 0.0007954 seconds, Stopping threads took: 0.0002913 seconds
[2022-06-13T02:05:10.880+0000][1][safepoint    ] Application time: 1.0002595 seconds
[2022-06-13T02:05:10.880+0000][1][safepoint    ] Entering safepoint region: Cleanup
[2022-06-13T02:05:10.881+0000][1][safepoint    ] Leaving safepoint region
[2022-06-13T02:05:10.881+0000][1][safepoint    ] Total time for which application threads were stopped: 0.0007337 seconds, Stopping threads took: 0.0003055 seconds
[2022-06-13T02:05:11.882+0000][1][safepoint    ] Application time: 1.0002507 seconds
[2022-06-13T02:05:11.882+0000][1][safepoint    ] Entering safepoint region: Cleanup
[2022-06-13T02:05:11.883+0000][1][safepoint    ] Leaving safepoint region
[2022-06-13T02:05:11.883+0000][1][safepoint    ] Total time for which application threads were stopped: 0.0006826 seconds, Stopping threads took: 0.0002431 seconds
[2022-06-13T02:05:12.883+0000][1][safepoint    ] Application time: 1.0002850 seconds
[2022-06-13T02:05:12.884+0000][1][safepoint    ] Entering safepoint region: Cleanup
[2022-06-13T02:05:12.885+0000][1][safepoint    ] Leaving safepoint region
[2022-06-13T02:05:12.885+0000][1][safepoint    ] Total time for which application threads were stopped: 0.0011402 seconds, Stopping threads took: 0.0006239 seconds
[2022-06-13T02:05:13.886+0000][1][safepoint    ] Application time: 1.0002238 seconds
[2022-06-13T02:05:13.887+0000][1][safepoint    ] Entering safepoint region: Cleanup
[2022-06-13T02:05:13.887+0000][1][safepoint    ] Leaving safepoint region
[2022-06-13T02:05:13.887+0000][1][safepoint    ] Total time for which application threads were stopped: 0.0009432 seconds, Stopping threads took: 0.0004144 seconds
[2022-06-13T02:05:14.888+0000][1][safepoint    ] Application time: 1.0002327 seconds
[2022-06-13T02:05:14.889+0000][1][safepoint    ] Entering safepoint region: Cleanup
[2022-06-13T02:05:14.889+0000][1][safepoint    ] Leaving safepoint region
[2022-06-13T02:05:14.889+0000][1][safepoint    ] Total time for which application threads were stopped: 0.0009455 seconds, Stopping threads took: 0.0005019 seconds
[2022-06-13T02:05:15.890+0000][1][safepoint    ] Application time: 1.0001133 seconds
[2022-06-13T02:05:15.890+0000][1][safepoint    ] Entering safepoint region: Cleanup
[2022-06-13T02:05:15.890+0000][1][safepoint    ] Leaving safepoint region
[2022-06-13T02:05:15.890+0000][1][safepoint    ] Total time for which application threads were stopped: 0.0003393 seconds, Stopping threads took: 0.0001641 seconds
[2022-06-13T02:05:16.891+0000][1][safepoint    ] Application time: 1.0002295 seconds
[2022-06-13T02:05:16.892+0000][1][safepoint    ] Entering safepoint region: Cleanup
[2022-06-13T02:05:16.893+0000][1][safepoint    ] Leaving safepoint region
[2022-06-13T02:05:16.893+0000][1][safepoint    ] Total time for which application threads were stopped: 0.0012821 seconds, Stopping threads took: 0.0005432 seconds
[2022-06-13T02:05:17.894+0000][1][safepoint    ] Application time: 1.0002372 seconds
[2022-06-13T02:05:17.895+0000][1][safepoint    ] Entering safepoint region: Cleanup
[2022-06-13T02:05:17.895+0000][1][safepoint    ] Leaving safepoint region
[2022-06-13T02:05:17.896+0000][1][safepoint    ] Total time for which application threads were stopped: 0.0009795 seconds, Stopping threads took: 0.0004267 seconds
[2022-06-13T02:05:18.896+0000][1][safepoint    ] Application time: 1.0002001 seconds
[2022-06-13T02:05:18.897+0000][1][safepoint    ] Entering safepoint region: Cleanup
[2022-06-13T02:05:18.897+0000][1][safepoint    ] Leaving safepoint region
[2022-06-13T02:05:18.897+0000][1][safepoint    ] Total time for which application threads were stopped: 0.0007770 seconds, Stopping threads took: 0.0003633 seconds
[2022-06-13T02:05:19.898+0000][1][safepoint    ] Application time: 1.0001592 seconds
[2022-06-13T02:05:19.898+0000][1][safepoint    ] Entering safepoint region: Cleanup
[2022-06-13T02:05:19.899+0000][1][safepoint    ] Leaving safepoint region
[2022-06-13T02:05:19.899+0000][1][safepoint    ] Total time for which application threads were stopped: 0.0006243 seconds, Stopping threads took: 0.0003684 seconds
[2022-06-13T02:05:20.899+0000][1][safepoint    ] Application time: 1.0001900 seconds
[2022-06-13T02:05:20.900+0000][1][safepoint    ] Entering safepoint region: Cleanup
[2022-06-13T02:05:20.900+0000][1][safepoint    ] Leaving safepoint region
[2022-06-13T02:05:20.901+0000][1][safepoint    ] Total time for which application threads were stopped: 0.0009330 seconds, Stopping threads took: 0.0004265 seconds
[2022-06-13T02:05:21.901+0000][1][safepoint    ] Application time: 1.0002387 seconds
[2022-06-13T02:05:21.902+0000][1][safepoint    ] Entering safepoint region: Cleanup
[2022-06-13T02:05:21.902+0000][1][safepoint    ] Leaving safepoint region
[2022-06-13T02:05:21.902+0000][1][safepoint    ] Total time for which application threads were stopped: 0.0004735 seconds, Stopping threads took: 0.0001930 seconds
[2022-06-13T02:05:22.903+0000][1][safepoint    ] Application time: 1.0002935 seconds
[2022-06-13T02:05:22.903+0000][1][safepoint    ] Entering safepoint region: Cleanup
[2022-06-13T02:05:22.904+0000][1][safepoint    ] Leaving safepoint region
[2022-06-13T02:05:22.904+0000][1][safepoint    ] Total time for which application threads were stopped: 0.0008898 seconds, Stopping threads took: 0.0003776 seconds
[2022-06-13T02:05:23.905+0000][1][safepoint    ] Application time: 1.0002179 seconds
[2022-06-13T02:05:23.905+0000][1][safepoint    ] Entering safepoint region: Cleanup
[2022-06-13T02:05:23.906+0000][1][safepoint    ] Leaving safepoint region
[2022-06-13T02:05:23.906+0000][1][safepoint    ] Total time for which application threads were stopped: 0.0007882 seconds, Stopping threads took: 0.0003573 seconds
[2022-06-13T02:05:24.906+0000][1][safepoint    ] Application time: 1.0001626 seconds
[2022-06-13T02:05:24.907+0000][1][safepoint    ] Entering safepoint region: Cleanup
[2022-06-13T02:05:24.907+0000][1][safepoint    ] Leaving safepoint region
[2022-06-13T02:05:24.907+0000][1][safepoint    ] Total time for which application threads were stopped: 0.0005626 seconds, Stopping threads took: 0.0002783 seconds
[2022-06-13T02:05:25.908+0000][1][safepoint    ] Application time: 1.0002624 seconds
[2022-06-13T02:05:25.908+0000][1][safepoint    ] Entering safepoint region: Cleanup
[2022-06-13T02:05:25.909+0000][1][safepoint    ] Leaving safepoint region
[2022-06-13T02:05:25.909+0000][1][safepoint    ] Total time for which application threads were stopped: 0.0006784 seconds, Stopping threads took: 0.0003302 seconds
[2022-06-13T02:05:26.910+0000][1][safepoint    ] Application time: 1.0004258 seconds
[2022-06-13T02:05:26.910+0000][1][safepoint    ] Entering safepoint region: Cleanup
[2022-06-13T02:05:26.911+0000][1][safepoint    ] Leaving safepoint region
[2022-06-13T02:05:26.911+0000][1][safepoint    ] Total time for which application threads were stopped: 0.0011811 seconds, Stopping threads took: 0.0006159 seconds
[2022-06-13T02:05:27.912+0000][1][safepoint    ] Application time: 1.0001385 seconds
[2022-06-13T02:05:27.912+0000][1][safepoint    ] Entering safepoint region: Cleanup
[2022-06-13T02:05:27.913+0000][1][safepoint    ] Leaving safepoint region
[2022-06-13T02:05:27.913+0000][1][safepoint    ] Total time for which application threads were stopped: 0.0007245 seconds, Stopping threads took: 0.0003797 seconds
[2022-06-13T02:05:28.914+0000][1][safepoint    ] Application time: 1.0003199 seconds
[2022-06-13T02:05:28.914+0000][1][safepoint    ] Entering safepoint region: Cleanup
[2022-06-13T02:05:28.915+0000][1][safepoint    ] Leaving safepoint region
[2022-06-13T02:05:28.916+0000][1][safepoint    ] Total time for which application threads were stopped: 0.0015633 seconds, Stopping threads took: 0.0007332 seconds
[2022-06-13T02:05:29.917+0000][1][safepoint    ] Application time: 1.0002981 seconds
[2022-06-13T02:05:29.917+0000][1][safepoint    ] Entering safepoint region: Cleanup
[2022-06-13T02:05:29.918+0000][1][safepoint    ] Leaving safepoint region
[2022-06-13T02:05:29.918+0000][1][safepoint    ] Total time for which application threads were stopped: 0.0007125 seconds, Stopping threads took: 0.0003644 seconds
[2022-06-13T02:05:30.919+0000][1][safepoint    ] Application time: 1.0002403 seconds
[2022-06-13T02:05:30.919+0000][1][safepoint    ] Entering safepoint region: Cleanup
[2022-06-13T02:05:30.920+0000][1][safepoint    ] Leaving safepoint region
[2022-06-13T02:05:30.920+0000][1][safepoint    ] Total time for which application threads were stopped: 0.0013085 seconds, Stopping threads took: 0.0005777 seconds
[2022-06-13T02:05:31.921+0000][1][safepoint    ] Application time: 1.0001049 seconds
[2022-06-13T02:05:31.921+0000][1][safepoint    ] Entering safepoint region: Cleanup
[2022-06-13T02:05:31.921+0000][1][safepoint    ] Leaving safepoint region
[2022-06-13T02:05:31.922+0000][1][safepoint    ] Total time for which application threads were stopped: 0.0005668 seconds, Stopping threads took: 0.0002399 seconds
[2022-06-13T02:05:32.922+0000][1][safepoint    ] Application time: 1.0001330 seconds
[2022-06-13T02:05:32.922+0000][1][safepoint    ] Entering safepoint region: Cleanup
[2022-06-13T02:05:32.923+0000][1][safepoint    ] Leaving safepoint region
[2022-06-13T02:05:32.923+0000][1][safepoint    ] Total time for which application threads were stopped: 0.0005654 seconds, Stopping threads took: 0.0003137 seconds
[2022-06-13T02:05:33.923+0000][1][safepoint    ] Application time: 1.0001882 seconds
[2022-06-13T02:05:33.924+0000][1][safepoint    ] Entering safepoint region: Cleanup
[2022-06-13T02:05:33.924+0000][1][safepoint    ] Leaving safepoint region
[2022-06-13T02:05:33.925+0000][1][safepoint    ] Total time for which application threads were stopped: 0.0008893 seconds, Stopping threads took: 0.0002810 seconds
[2022-06-13T02:05:34.925+0000][1][safepoint    ] Application time: 1.0001521 seconds
[2022-06-13T02:05:34.926+0000][1][safepoint    ] Entering safepoint region: Cleanup
[2022-06-13T02:05:34.926+0000][1][safepoint    ] Leaving safepoint region
[2022-06-13T02:05:34.927+0000][1][safepoint    ] Total time for which application threads were stopped: 0.0009087 seconds, Stopping threads took: 0.0004731 seconds
[2022-06-13T02:05:35.927+0000][1][safepoint    ] Application time: 1.0001916 seconds
[2022-06-13T02:05:35.927+0000][1][safepoint    ] Entering safepoint region: Cleanup
[2022-06-13T02:05:35.928+0000][1][safepoint    ] Leaving safepoint region
[2022-06-13T02:05:35.928+0000][1][safepoint    ] Total time for which application threads were stopped: 0.0005241 seconds, Stopping threads took: 0.0002696 seconds
[2022-06-13T02:05:36.928+0000][1][safepoint    ] Application time: 1.0001385 seconds
[2022-06-13T02:05:36.929+0000][1][safepoint    ] Entering safepoint region: Cleanup
[2022-06-13T02:05:36.929+0000][1][safepoint    ] Leaving safepoint region
[2022-06-13T02:05:36.930+0000][1][safepoint    ] Total time for which application threads were stopped: 0.0010420 seconds, Stopping threads took: 0.0005416 seconds
[2022-06-13T02:05:37.930+0000][1][safepoint    ] Application time: 1.0001439 seconds
[2022-06-13T02:05:37.931+0000][1][safepoint    ] Entering safepoint region: Cleanup
[2022-06-13T02:05:37.931+0000][1][safepoint    ] Leaving safepoint region
[2022-06-13T02:05:37.931+0000][1][safepoint    ] Total time for which application threads were stopped: 0.0005024 seconds, Stopping threads took: 0.0002325 seconds
[2022-06-13T02:05:38.932+0000][1][safepoint    ] Application time: 1.0001659 seconds
[2022-06-13T02:05:38.932+0000][1][safepoint    ] Entering safepoint region: Cleanup
[2022-06-13T02:05:38.933+0000][1][safepoint    ] Leaving safepoint region
[2022-06-13T02:05:38.933+0000][1][safepoint    ] Total time for which application threads were stopped: 0.0006052 seconds, Stopping threads took: 0.0002319 seconds
[2022-06-13T02:05:39.933+0000][1][safepoint    ] Application time: 1.0002989 seconds
[2022-06-13T02:05:39.934+0000][1][safepoint    ] Entering safepoint region: Cleanup
[2022-06-13T02:05:39.935+0000][1][safepoint    ] Leaving safepoint region
[2022-06-13T02:05:39.935+0000][1][safepoint    ] Total time for which application threads were stopped: 0.0010006 seconds, Stopping threads took: 0.0006521 seconds
[2022-06-13T02:05:40.935+0000][1][safepoint    ] Application time: 1.0001089 seconds
[2022-06-13T02:05:40.936+0000][1][safepoint    ] Entering safepoint region: Cleanup
[2022-06-13T02:05:40.936+0000][1][safepoint    ] Leaving safepoint region
[2022-06-13T02:05:40.936+0000][1][safepoint    ] Total time for which application threads were stopped: 0.0006719 seconds, Stopping threads took: 0.0001996 seconds
[2022-06-13T02:05:41.937+0000][1][safepoint    ] Application time: 1.0003491 seconds
[2022-06-13T02:05:41.938+0000][1][safepoint    ] Entering safepoint region: Cleanup
[2022-06-13T02:05:41.938+0000][1][safepoint    ] Leaving safepoint region
[2022-06-13T02:05:41.939+0000][1][safepoint    ] Total time for which application threads were stopped: 0.0008581 seconds, Stopping threads took: 0.0003143 seconds
[2022-06-13T02:05:42.939+0000][1][safepoint    ] Application time: 1.0001299 seconds
[2022-06-13T02:05:42.940+0000][1][safepoint    ] Entering safepoint region: Cleanup
[2022-06-13T02:05:42.940+0000][1][safepoint    ] Leaving safepoint region
[2022-06-13T02:05:42.941+0000][1][safepoint    ] Total time for which application threads were stopped: 0.0010022 seconds, Stopping threads took: 0.0004333 seconds
[2022-06-13T02:05:43.941+0000][1][safepoint    ] Application time: 1.0001150 seconds
[2022-06-13T02:05:43.942+0000][1][safepoint    ] Entering safepoint region: Cleanup
[2022-06-13T02:05:43.942+0000][1][safepoint    ] Leaving safepoint region
[2022-06-13T02:05:43.942+0000][1][safepoint    ] Total time for which application threads were stopped: 0.0007059 seconds, Stopping threads took: 0.0003055 seconds
[2022-06-13T02:05:44.943+0000][1][safepoint    ] Application time: 1.0002148 seconds
[2022-06-13T02:05:44.943+0000][1][safepoint    ] Entering safepoint region: Cleanup
[2022-06-13T02:05:44.944+0000][1][safepoint    ] Leaving safepoint region
[2022-06-13T02:05:44.944+0000][1][safepoint    ] Total time for which application threads were stopped: 0.0007418 seconds, Stopping threads took: 0.0003849 seconds
[2022-06-13T02:05:45.945+0000][1][safepoint    ] Application time: 1.0003568 seconds
[2022-06-13T02:05:45.945+0000][1][safepoint    ] Entering safepoint region: Cleanup
[2022-06-13T02:05:45.946+0000][1][safepoint    ] Leaving safepoint region
[2022-06-13T02:05:45.946+0000][1][safepoint    ] Total time for which application threads were stopped: 0.0011186 seconds, Stopping threads took: 0.0005068 seconds
[2022-06-13T02:05:46.947+0000][1][safepoint    ] Application time: 1.0002028 seconds
[2022-06-13T02:05:46.948+0000][1][safepoint    ] Entering safepoint region: Cleanup
[2022-06-13T02:05:46.948+0000][1][safepoint    ] Leaving safepoint region
[2022-06-13T02:05:46.948+0000][1][safepoint    ] Total time for which application threads were stopped: 0.0009470 seconds, Stopping threads took: 0.0004193 seconds
[2022-06-13T02:05:47.949+0000][1][safepoint    ] Application time: 1.0002343 seconds
[2022-06-13T02:05:47.949+0000][1][safepoint    ] Entering safepoint region: Cleanup
[2022-06-13T02:05:47.950+0000][1][safepoint    ] Leaving safepoint region
[2022-06-13T02:05:47.950+0000][1][safepoint    ] Total time for which application threads were stopped: 0.0003688 seconds, Stopping threads took: 0.0001679 seconds
[2022-06-13T02:05:48.950+0000][1][safepoint    ] Application time: 1.0001198 seconds
[2022-06-13T02:05:48.951+0000][1][safepoint    ] Entering safepoint region: Cleanup
[2022-06-13T02:05:48.951+0000][1][safepoint    ] Leaving safepoint region
[2022-06-13T02:05:48.951+0000][1][safepoint    ] Total time for which application threads were stopped: 0.0007817 seconds, Stopping threads took: 0.0003461 seconds
[2022-06-13T02:05:49.952+0000][1][safepoint    ] Application time: 1.0002187 seconds
[2022-06-13T02:05:49.952+0000][1][safepoint    ] Entering safepoint region: Cleanup
[2022-06-13T02:05:49.953+0000][1][safepoint    ] Leaving safepoint region
[2022-06-13T02:05:49.953+0000][1][safepoint    ] Total time for which application threads were stopped: 0.0007990 seconds, Stopping threads took: 0.0004336 seconds
[2022-06-13T02:05:50.954+0000][1][safepoint    ] Application time: 1.0001845 seconds
[2022-06-13T02:05:50.954+0000][1][safepoint    ] Entering safepoint region: Cleanup
[2022-06-13T02:05:50.954+0000][1][safepoint    ] Leaving safepoint region
[2022-06-13T02:05:50.955+0000][1][safepoint    ] Total time for which application threads were stopped: 0.0007013 seconds, Stopping threads took: 0.0002940 seconds
[2022-06-13T02:05:51.955+0000][1][safepoint    ] Application time: 1.0001400 seconds
[2022-06-13T02:05:51.956+0000][1][safepoint    ] Entering safepoint region: Cleanup
[2022-06-13T02:05:51.956+0000][1][safepoint    ] Leaving safepoint region
[2022-06-13T02:05:51.956+0000][1][safepoint    ] Total time for which application threads were stopped: 0.0007370 seconds, Stopping threads took: 0.0003731 seconds
[2022-06-13T02:05:52.957+0000][1][safepoint    ] Application time: 1.0001759 seconds
[2022-06-13T02:05:52.957+0000][1][safepoint    ] Entering safepoint region: Cleanup
[2022-06-13T02:05:52.958+0000][1][safepoint    ] Leaving safepoint region
[2022-06-13T02:05:52.958+0000][1][safepoint    ] Total time for which application threads were stopped: 0.0006244 seconds, Stopping threads took: 0.0002385 seconds
[2022-06-13T02:05:53.958+0000][1][safepoint    ] Application time: 1.0002070 seconds
[2022-06-13T02:05:53.959+0000][1][safepoint    ] Entering safepoint region: Cleanup
[2022-06-13T02:05:53.959+0000][1][safepoint    ] Leaving safepoint region
[2022-06-13T02:05:53.959+0000][1][safepoint    ] Total time for which application threads were stopped: 0.0005823 seconds, Stopping threads took: 0.0002267 seconds
[2022-06-13T02:05:54.960+0000][1][safepoint    ] Application time: 1.0001437 seconds
[2022-06-13T02:05:54.960+0000][1][safepoint    ] Entering safepoint region: Cleanup
[2022-06-13T02:05:54.961+0000][1][safepoint    ] Leaving safepoint region
[2022-06-13T02:05:54.961+0000][1][safepoint    ] Total time for which application threads were stopped: 0.0008221 seconds, Stopping threads took: 0.0004090 seconds
[2022-06-13T02:05:55.962+0000][1][safepoint    ] Application time: 1.0001466 seconds
[2022-06-13T02:05:55.962+0000][1][safepoint    ] Entering safepoint region: Cleanup
[2022-06-13T02:05:55.962+0000][1][safepoint    ] Leaving safepoint region
[2022-06-13T02:05:55.963+0000][1][safepoint    ] Total time for which application threads were stopped: 0.0007675 seconds, Stopping threads took: 0.0004268 seconds
[2022-06-13T02:05:56.963+0000][1][safepoint    ] Application time: 1.0002383 seconds
[2022-06-13T02:05:56.964+0000][1][safepoint    ] Entering safepoint region: Cleanup
[2022-06-13T02:05:56.964+0000][1][safepoint    ] Leaving safepoint region
[2022-06-13T02:05:56.964+0000][1][safepoint    ] Total time for which application threads were stopped: 0.0007142 seconds, Stopping threads took: 0.0003374 seconds
[2022-06-13T02:05:57.965+0000][1][safepoint    ] Application time: 1.0001930 seconds
[2022-06-13T02:05:57.965+0000][1][safepoint    ] Entering safepoint region: Cleanup
[2022-06-13T02:05:57.966+0000][1][safepoint    ] Leaving safepoint region
[2022-06-13T02:05:57.966+0000][1][safepoint    ] Total time for which application threads were stopped: 0.0007592 seconds, Stopping threads took: 0.0003817 seconds
[2022-06-13T02:05:58.966+0000][1][safepoint    ] Application time: 1.0002492 seconds
[2022-06-13T02:05:58.967+0000][1][safepoint    ] Entering safepoint region: Cleanup
[2022-06-13T02:05:58.967+0000][1][safepoint    ] Leaving safepoint region
[2022-06-13T02:05:58.968+0000][1][safepoint    ] Total time for which application threads were stopped: 0.0009347 seconds, Stopping threads took: 0.0004450 seconds
[2022-06-13T02:05:59.968+0000][1][safepoint    ] Application time: 1.0002724 seconds
[2022-06-13T02:05:59.969+0000][1][safepoint    ] Entering safepoint region: Cleanup
[2022-06-13T02:05:59.969+0000][1][safepoint    ] Leaving safepoint region
[2022-06-13T02:05:59.970+0000][1][safepoint    ] Total time for which application threads were stopped: 0.0010900 seconds, Stopping threads took: 0.0005376 seconds
[2022-06-13T02:06:00.971+0000][1][safepoint    ] Application time: 1.0002298 seconds
[2022-06-13T02:06:00.971+0000][1][safepoint    ] Entering safepoint region: Cleanup
[2022-06-13T02:06:00.972+0000][1][safepoint    ] Leaving safepoint region
[2022-06-13T02:06:00.972+0000][1][safepoint    ] Total time for which application threads were stopped: 0.0009051 seconds, Stopping threads took: 0.0004106 seconds
[2022-06-13T02:06:01.973+0000][1][safepoint    ] Application time: 1.0001197 seconds
[2022-06-13T02:06:01.973+0000][1][safepoint    ] Entering safepoint region: Cleanup
[2022-06-13T02:06:01.973+0000][1][safepoint    ] Leaving safepoint region
[2022-06-13T02:06:01.973+0000][1][safepoint    ] Total time for which application threads were stopped: 0.0004457 seconds, Stopping threads took: 0.0001895 seconds
[2022-06-13T02:06:02.974+0000][1][safepoint    ] Application time: 1.0001111 seconds
[2022-06-13T02:06:02.974+0000][1][safepoint    ] Entering safepoint region: Cleanup
[2022-06-13T02:06:02.975+0000][1][safepoint    ] Leaving safepoint region
[2022-06-13T02:06:02.975+0000][1][safepoint    ] Total time for which application threads were stopped: 0.0006979 seconds, Stopping threads took: 0.0003100 seconds
[2022-06-13T02:06:03.975+0000][1][safepoint    ] Application time: 1.0002791 seconds
[2022-06-13T02:06:03.976+0000][1][safepoint    ] Entering safepoint region: Cleanup
[2022-06-13T02:06:03.977+0000][1][safepoint    ] Leaving safepoint region
[2022-06-13T02:06:03.977+0000][1][safepoint    ] Total time for which application threads were stopped: 0.0008910 seconds, Stopping threads took: 0.0004164 seconds
[2022-06-13T02:06:04.179+0000][1][safepoint    ] Application time: 0.2013065 seconds
[2022-06-13T02:06:04.179+0000][1][safepoint    ] Entering safepoint region: RevokeBias
[2022-06-13T02:06:04.180+0000][1][safepoint    ] Leaving safepoint region
[2022-06-13T02:06:04.180+0000][1][safepoint    ] Total time for which application threads were stopped: 0.0009039 seconds, Stopping threads took: 0.0004900 seconds
[2022-06-13T02:06:04.181+0000][1][safepoint    ] Application time: 0.0002434 seconds
[2022-06-13T02:06:04.181+0000][1][safepoint    ] Entering safepoint region: RevokeBias
[2022-06-13T02:06:04.181+0000][1][safepoint    ] Leaving safepoint region
[2022-06-13T02:06:04.182+0000][1][safepoint    ] Total time for which application threads were stopped: 0.0005902 seconds, Stopping threads took: 0.0002940 seconds
[2022-06-13T02:06:04.182+0000][1][safepoint    ] Application time: 0.0004952 seconds
[2022-06-13T02:06:04.182+0000][1][safepoint    ] Entering safepoint region: RevokeBias
[2022-06-13T02:06:04.183+0000][1][safepoint    ] Leaving safepoint region
[2022-06-13T02:06:04.183+0000][1][safepoint    ] Total time for which application threads were stopped: 0.0008100 seconds, Stopping threads took: 0.0004606 seconds
[2022-06-13T02:06:04.183+0000][1][safepoint    ] Application time: 0.0000840 seconds
[2022-06-13T02:06:04.183+0000][1][safepoint    ] Entering safepoint region: RevokeBias
[2022-06-13T02:06:04.184+0000][1][safepoint    ] Leaving safepoint region
[2022-06-13T02:06:04.184+0000][1][safepoint    ] Total time for which application threads were stopped: 0.0004150 seconds, Stopping threads took: 0.0002348 seconds
[2022-06-13T02:06:04.184+0000][1][safepoint    ] Application time: 0.0001035 seconds
[2022-06-13T02:06:04.184+0000][1][safepoint    ] Entering safepoint region: RevokeBias
[2022-06-13T02:06:04.184+0000][1][safepoint    ] Leaving safepoint region
[2022-06-13T02:06:04.185+0000][1][safepoint    ] Total time for which application threads were stopped: 0.0003604 seconds, Stopping threads took: 0.0001418 seconds
[2022-06-13T02:06:04.185+0000][1][safepoint    ] Application time: 0.0004756 seconds
[2022-06-13T02:06:04.186+0000][1][safepoint    ] Entering safepoint region: RevokeBias
[2022-06-13T02:06:04.186+0000][1][safepoint    ] Leaving safepoint region
[2022-06-13T02:06:04.186+0000][1][safepoint    ] Total time for which application threads were stopped: 0.0003063 seconds, Stopping threads took: 0.0001425 seconds
[2022-06-13T02:06:04.187+0000][1][safepoint    ] Application time: 0.0007592 seconds
[2022-06-13T02:06:04.187+0000][1][safepoint    ] Entering safepoint region: RevokeBias
[2022-06-13T02:06:04.187+0000][1][safepoint    ] Leaving safepoint region
[2022-06-13T02:06:04.188+0000][1][safepoint    ] Total time for which application threads were stopped: 0.0003309 seconds, Stopping threads took: 0.0001715 seconds
[2022-06-13T02:06:04.188+0000][1][safepoint    ] Application time: 0.0006240 seconds
[2022-06-13T02:06:04.188+0000][1][safepoint    ] Entering safepoint region: RevokeBias
[2022-06-13T02:06:04.189+0000][1][safepoint    ] Leaving safepoint region
[2022-06-13T02:06:04.189+0000][1][safepoint    ] Total time for which application threads were stopped: 0.0010894 seconds, Stopping threads took: 0.0002335 seconds
[2022-06-13T02:06:04.190+0000][1][safepoint    ] Application time: 0.0002609 seconds
[2022-06-13T02:06:04.190+0000][1][safepoint    ] Entering safepoint region: RevokeBias
[2022-06-13T02:06:04.190+0000][1][safepoint    ] Leaving safepoint region
[2022-06-13T02:06:04.191+0000][1][safepoint    ] Total time for which application threads were stopped: 0.0005628 seconds, Stopping threads took: 0.0001979 seconds
[2022-06-13T02:06:04.192+0000][1][safepoint    ] Application time: 0.0007819 seconds
[2022-06-13T02:06:04.192+0000][1][safepoint    ] Entering safepoint region: RevokeBias
[2022-06-13T02:06:04.192+0000][1][safepoint    ] Leaving safepoint region
[2022-06-13T02:06:04.193+0000][1][safepoint    ] Total time for which application threads were stopped: 0.0005179 seconds, Stopping threads took: 0.0002694 seconds
[2022-06-13T02:06:04.193+0000][1][safepoint    ] Application time: 0.0003288 seconds
[2022-06-13T02:06:04.193+0000][1][safepoint    ] Entering safepoint region: RevokeBias
[2022-06-13T02:06:04.194+0000][1][safepoint    ] Leaving safepoint region
[2022-06-13T02:06:04.194+0000][1][safepoint    ] Total time for which application threads were stopped: 0.0005564 seconds, Stopping threads took: 0.0002734 seconds
[2022-06-13T02:06:04.194+0000][1][safepoint    ] Application time: 0.0002145 seconds
[2022-06-13T02:06:04.195+0000][1][safepoint    ] Entering safepoint region: RevokeBias
[2022-06-13T02:06:04.195+0000][1][safepoint    ] Leaving safepoint region
[2022-06-13T02:06:04.195+0000][1][safepoint    ] Total time for which application threads were stopped: 0.0004955 seconds, Stopping threads took: 0.0001932 seconds
[2022-06-13T02:06:04.196+0000][1][safepoint    ] Application time: 0.0005470 seconds
[2022-06-13T02:06:04.196+0000][1][safepoint    ] Entering safepoint region: RevokeBias
[2022-06-13T02:06:04.196+0000][1][safepoint    ] Leaving safepoint region
[2022-06-13T02:06:04.197+0000][1][safepoint    ] Total time for which application threads were stopped: 0.0004219 seconds, Stopping threads took: 0.0001806 seconds
[2022-06-13T02:06:04.198+0000][1][safepoint    ] Application time: 0.0003896 seconds
[2022-06-13T02:06:04.198+0000][1][safepoint    ] Entering safepoint region: RevokeBias
[2022-06-13T02:06:04.198+0000][1][safepoint    ] Leaving safepoint region
[2022-06-13T02:06:04.198+0000][1][safepoint    ] Total time for which application threads were stopped: 0.0003429 seconds, Stopping threads took: 0.0001741 seconds
[2022-06-13T02:06:04.199+0000][1][safepoint    ] Application time: 0.0002040 seconds
[2022-06-13T02:06:04.199+0000][1][safepoint    ] Entering safepoint region: RevokeBias
[2022-06-13T02:06:04.199+0000][1][safepoint    ] Leaving safepoint region
[2022-06-13T02:06:04.199+0000][1][safepoint    ] Total time for which application threads were stopped: 0.0005227 seconds, Stopping threads took: 0.0001682 seconds
[2022-06-13T02:06:04.200+0000][1][safepoint    ] Application time: 0.0002897 seconds
[2022-06-13T02:06:04.200+0000][1][safepoint    ] Entering safepoint region: RevokeBias
[2022-06-13T02:06:04.200+0000][1][safepoint    ] Leaving safepoint region
[2022-06-13T02:06:04.201+0000][1][safepoint    ] Total time for which application threads were stopped: 0.0005337 seconds, Stopping threads took: 0.0002906 seconds
[2022-06-13T02:06:04.201+0000][1][safepoint    ] Application time: 0.0001704 seconds
[2022-06-13T02:06:04.201+0000][1][safepoint    ] Entering safepoint region: RevokeBias
[2022-06-13T02:06:04.201+0000][1][safepoint    ] Leaving safepoint region
[2022-06-13T02:06:04.202+0000][1][safepoint    ] Total time for which application threads were stopped: 0.0003836 seconds, Stopping threads took: 0.0002115 seconds
[2022-06-13T02:06:04.202+0000][1][safepoint    ] Application time: 0.0001239 seconds
[2022-06-13T02:06:04.202+0000][1][safepoint    ] Entering safepoint region: RevokeBias
[2022-06-13T02:06:04.202+0000][1][safepoint    ] Leaving safepoint region
[2022-06-13T02:06:04.202+0000][1][safepoint    ] Total time for which application threads were stopped: 0.0002420 seconds, Stopping threads took: 0.0001219 seconds
[2022-06-13T02:06:04.203+0000][1][safepoint    ] Application time: 0.0005857 seconds
[2022-06-13T02:06:04.203+0000][1][safepoint    ] Entering safepoint region: RevokeBias
[2022-06-13T02:06:04.204+0000][1][safepoint    ] Leaving safepoint region
[2022-06-13T02:06:04.204+0000][1][safepoint    ] Total time for which application threads were stopped: 0.0005578 seconds, Stopping threads took: 0.0001398 seconds
[2022-06-13T02:06:04.204+0000][1][safepoint    ] Application time: 0.0001694 seconds
[2022-06-13T02:06:04.204+0000][1][safepoint    ] Entering safepoint region: RevokeBias
[2022-06-13T02:06:04.204+0000][1][safepoint    ] Leaving safepoint region
[2022-06-13T02:06:04.205+0000][1][safepoint    ] Total time for which application threads were stopped: 0.0004507 seconds, Stopping threads took: 0.0002554 seconds
[2022-06-13T02:06:04.205+0000][1][safepoint    ] Application time: 0.0001451 seconds
[2022-06-13T02:06:04.205+0000][1][safepoint    ] Entering safepoint region: RevokeBias
[2022-06-13T02:06:04.205+0000][1][safepoint    ] Leaving safepoint region
[2022-06-13T02:06:04.205+0000][1][safepoint    ] Total time for which application threads were stopped: 0.0004700 seconds, Stopping threads took: 0.0001958 seconds
[2022-06-13T02:06:04.206+0000][1][safepoint    ] Application time: 0.0000883 seconds
[2022-06-13T02:06:04.206+0000][1][safepoint    ] Entering safepoint region: RevokeBias
[2022-06-13T02:06:04.206+0000][1][safepoint    ] Leaving safepoint region
[2022-06-13T02:06:04.206+0000][1][safepoint    ] Total time for which application threads were stopped: 0.0003285 seconds, Stopping threads took: 0.0001260 seconds
[2022-06-13T02:06:04.207+0000][1][safepoint    ] Application time: 0.0004847 seconds
[2022-06-13T02:06:04.207+0000][1][safepoint    ] Entering safepoint region: RevokeBias
[2022-06-13T02:06:04.207+0000][1][safepoint    ] Leaving safepoint region
[2022-06-13T02:06:04.207+0000][1][safepoint    ] Total time for which application threads were stopped: 0.0004883 seconds, Stopping threads took: 0.0002691 seconds
[2022-06-13T02:06:04.208+0000][1][safepoint    ] Application time: 0.0002930 seconds
[2022-06-13T02:06:04.208+0000][1][safepoint    ] Entering safepoint region: RevokeBias
[2022-06-13T02:06:04.209+0000][1][safepoint    ] Leaving safepoint region
[2022-06-13T02:06:04.209+0000][1][safepoint    ] Total time for which application threads were stopped: 0.0005996 seconds, Stopping threads took: 0.0001359 seconds
[2022-06-13T02:06:04.209+0000][1][safepoint    ] Application time: 0.0002629 seconds
[2022-06-13T02:06:04.210+0000][1][safepoint    ] Entering safepoint region: RevokeBias
[2022-06-13T02:06:04.210+0000][1][safepoint    ] Leaving safepoint region
[2022-06-13T02:06:04.210+0000][1][safepoint    ] Total time for which application threads were stopped: 0.0003820 seconds, Stopping threads took: 0.0001006 seconds
[2022-06-13T02:06:04.211+0000][1][safepoint    ] Application time: 0.0002166 seconds
[2022-06-13T02:06:04.211+0000][1][safepoint    ] Entering safepoint region: RevokeBias
[2022-06-13T02:06:04.211+0000][1][safepoint    ] Leaving safepoint region
[2022-06-13T02:06:04.211+0000][1][safepoint    ] Total time for which application threads were stopped: 0.0003021 seconds, Stopping threads took: 0.0001556 seconds
[2022-06-13T02:06:04.212+0000][1][safepoint    ] Application time: 0.0007736 seconds
[2022-06-13T02:06:04.212+0000][1][safepoint    ] Entering safepoint region: RevokeBias
[2022-06-13T02:06:04.212+0000][1][safepoint    ] Leaving safepoint region
[2022-06-13T02:06:04.213+0000][1][safepoint    ] Total time for which application threads were stopped: 0.0004894 seconds, Stopping threads took: 0.0002455 seconds
[2022-06-13T02:06:04.213+0000][1][safepoint    ] Application time: 0.0001312 seconds
[2022-06-13T02:06:04.213+0000][1][safepoint    ] Entering safepoint region: RevokeBias
[2022-06-13T02:06:04.213+0000][1][safepoint    ] Leaving safepoint region
[2022-06-13T02:06:04.213+0000][1][safepoint    ] Total time for which application threads were stopped: 0.0002814 seconds, Stopping threads took: 0.0001102 seconds
[2022-06-13T02:06:04.214+0000][1][safepoint    ] Application time: 0.0001681 seconds
[2022-06-13T02:06:04.214+0000][1][safepoint    ] Entering safepoint region: RevokeBias
[2022-06-13T02:06:04.214+0000][1][safepoint    ] Leaving safepoint region
[2022-06-13T02:06:04.214+0000][1][safepoint    ] Total time for which application threads were stopped: 0.0003111 seconds, Stopping threads took: 0.0001627 seconds
[2022-06-13T02:06:04.215+0000][1][safepoint    ] Application time: 0.0002975 seconds
[2022-06-13T02:06:04.215+0000][1][safepoint    ] Entering safepoint region: RevokeBias
[2022-06-13T02:06:04.215+0000][1][safepoint    ] Leaving safepoint region
[2022-06-13T02:06:04.215+0000][1][safepoint    ] Total time for which application threads were stopped: 0.0005543 seconds, Stopping threads took: 0.0002434 seconds
[2022-06-13T02:06:04.216+0000][1][safepoint    ] Application time: 0.0002135 seconds
[2022-06-13T02:06:04.216+0000][1][safepoint    ] Entering safepoint region: RevokeBias
[2022-06-13T02:06:04.216+0000][1][safepoint    ] Leaving safepoint region
[2022-06-13T02:06:04.216+0000][1][safepoint    ] Total time for which application threads were stopped: 0.0003382 seconds, Stopping threads took: 0.0001794 seconds
[2022-06-13T02:06:04.218+0000][1][safepoint    ] Application time: 0.0013862 seconds
[2022-06-13T02:06:04.218+0000][1][safepoint    ] Entering safepoint region: RevokeBias
[2022-06-13T02:06:04.218+0000][1][safepoint    ] Leaving safepoint region
[2022-06-13T02:06:04.218+0000][1][safepoint    ] Total time for which application threads were stopped: 0.0003263 seconds, Stopping threads took: 0.0001751 seconds
[2022-06-13T02:06:04.219+0000][1][safepoint    ] Application time: 0.0007651 seconds
[2022-06-13T02:06:04.219+0000][1][safepoint    ] Entering safepoint region: RevokeBias
[2022-06-13T02:06:04.220+0000][1][safepoint    ] Leaving safepoint region
[2022-06-13T02:06:04.220+0000][1][safepoint    ] Total time for which application threads were stopped: 0.0003223 seconds, Stopping threads took: 0.0001503 seconds
[2022-06-13T02:06:04.220+0000][1][safepoint    ] Application time: 0.0002366 seconds
[2022-06-13T02:06:04.220+0000][1][safepoint    ] Entering safepoint region: RevokeBias
[2022-06-13T02:06:04.220+0000][1][safepoint    ] Leaving safepoint region
[2022-06-13T02:06:04.220+0000][1][safepoint    ] Total time for which application threads were stopped: 0.0002991 seconds, Stopping threads took: 0.0001676 seconds
[2022-06-13T02:06:04.221+0000][1][safepoint    ] Application time: 0.0000356 seconds
[2022-06-13T02:06:04.221+0000][1][safepoint    ] Entering safepoint region: RevokeBias
[2022-06-13T02:06:04.221+0000][1][safepoint    ] Leaving safepoint region
[2022-06-13T02:06:04.221+0000][1][safepoint    ] Total time for which application threads were stopped: 0.0002558 seconds, Stopping threads took: 0.0001335 seconds
[2022-06-13T02:06:04.221+0000][1][safepoint    ] Application time: 0.0001063 seconds
[2022-06-13T02:06:04.221+0000][1][safepoint    ] Entering safepoint region: RevokeBias
[2022-06-13T02:06:04.221+0000][1][safepoint    ] Leaving safepoint region
[2022-06-13T02:06:04.221+0000][1][safepoint    ] Total time for which application threads were stopped: 0.0002782 seconds, Stopping threads took: 0.0001626 seconds
[2022-06-13T02:06:04.222+0000][1][safepoint    ] Application time: 0.0000878 seconds
[2022-06-13T02:06:04.222+0000][1][safepoint    ] Entering safepoint region: RevokeBias
[2022-06-13T02:06:04.222+0000][1][safepoint    ] Leaving safepoint region
[2022-06-13T02:06:04.222+0000][1][safepoint    ] Total time for which application threads were stopped: 0.0002645 seconds, Stopping threads took: 0.0001532 seconds
[2022-06-13T02:06:04.222+0000][1][safepoint    ] Application time: 0.0003355 seconds
[2022-06-13T02:06:04.223+0000][1][safepoint    ] Entering safepoint region: RevokeBias
[2022-06-13T02:06:04.223+0000][1][safepoint    ] Leaving safepoint region
[2022-06-13T02:06:04.223+0000][1][safepoint    ] Total time for which application threads were stopped: 0.0002845 seconds, Stopping threads took: 0.0001646 seconds
[2022-06-13T02:06:04.225+0000][1][safepoint    ] Application time: 0.0017853 seconds
[2022-06-13T02:06:04.225+0000][1][safepoint    ] Entering safepoint region: RevokeBias
[2022-06-13T02:06:04.225+0000][1][safepoint    ] Leaving safepoint region
[2022-06-13T02:06:04.225+0000][1][safepoint    ] Total time for which application threads were stopped: 0.0002975 seconds, Stopping threads took: 0.0001410 seconds
[2022-06-13T02:06:04.226+0000][1][safepoint    ] Application time: 0.0004533 seconds
[2022-06-13T02:06:04.226+0000][1][safepoint    ] Entering safepoint region: RevokeBias
[2022-06-13T02:06:04.226+0000][1][safepoint    ] Leaving safepoint region
[2022-06-13T02:06:04.226+0000][1][safepoint    ] Total time for which application threads were stopped: 0.0003589 seconds, Stopping threads took: 0.0002480 seconds
[2022-06-13T02:06:04.227+0000][1][safepoint    ] Application time: 0.0001606 seconds
[2022-06-13T02:06:04.227+0000][1][safepoint    ] Entering safepoint region: RevokeBias
[2022-06-13T02:06:04.227+0000][1][safepoint    ] Leaving safepoint region
[2022-06-13T02:06:04.227+0000][1][safepoint    ] Total time for which application threads were stopped: 0.0001905 seconds, Stopping threads took: 0.0001053 seconds
[2022-06-13T02:06:04.227+0000][1][safepoint    ] Application time: 0.0001111 seconds
[2022-06-13T02:06:04.227+0000][1][safepoint    ] Entering safepoint region: RevokeBias
[2022-06-13T02:06:04.227+0000][1][safepoint    ] Leaving safepoint region
[2022-06-13T02:06:04.227+0000][1][safepoint    ] Total time for which application threads were stopped: 0.0001712 seconds, Stopping threads took: 0.0000850 seconds
[2022-06-13T02:06:04.227+0000][1][safepoint    ] Application time: 0.0001093 seconds
[2022-06-13T02:06:04.228+0000][1][safepoint    ] Entering safepoint region: RevokeBias
[2022-06-13T02:06:04.228+0000][1][safepoint    ] Leaving safepoint region
[2022-06-13T02:06:04.228+0000][1][safepoint    ] Total time for which application threads were stopped: 0.0001977 seconds, Stopping threads took: 0.0000939 seconds
[2022-06-13T02:06:04.228+0000][1][safepoint    ] Application time: 0.0000869 seconds
[2022-06-13T02:06:04.228+0000][1][safepoint    ] Entering safepoint region: BulkRevokeBias
[2022-06-13T02:06:04.228+0000][1][safepoint    ] Leaving safepoint region
[2022-06-13T02:06:04.228+0000][1][safepoint    ] Total time for which application threads were stopped: 0.0003783 seconds, Stopping threads took: 0.0001365 seconds
[2022-06-13T02:06:04.230+0000][1][safepoint    ] Application time: 0.0016103 seconds
[2022-06-13T02:06:04.230+0000][1][safepoint    ] Entering safepoint region: RevokeBias
[2022-06-13T02:06:04.230+0000][1][safepoint    ] Leaving safepoint region
[2022-06-13T02:06:04.230+0000][1][safepoint    ] Total time for which application threads were stopped: 0.0002642 seconds, Stopping threads took: 0.0001203 seconds
[2022-06-13T02:06:04.236+0000][1][safepoint    ] Application time: 0.0049173 seconds
[2022-06-13T02:06:04.236+0000][1][safepoint    ] Entering safepoint region: RevokeBias
[2022-06-13T02:06:04.236+0000][1][safepoint    ] Leaving safepoint region
[2022-06-13T02:06:04.237+0000][1][safepoint    ] Total time for which application threads were stopped: 0.0007776 seconds, Stopping threads took: 0.0001246 seconds
[2022-06-13T02:06:04.237+0000][1][safepoint    ] Application time: 0.0002116 seconds
[2022-06-13T02:06:04.237+0000][1][safepoint    ] Entering safepoint region: RevokeBias
[2022-06-13T02:06:04.237+0000][1][safepoint    ] Leaving safepoint region
[2022-06-13T02:06:04.238+0000][1][safepoint    ] Total time for which application threads were stopped: 0.0005429 seconds, Stopping threads took: 0.0003123 seconds
[2022-06-13T02:06:04.238+0000][1][safepoint    ] Application time: 0.0001418 seconds
[2022-06-13T02:06:04.238+0000][1][safepoint    ] Entering safepoint region: RevokeBias
[2022-06-13T02:06:04.239+0000][1][safepoint    ] Leaving safepoint region
[2022-06-13T02:06:04.239+0000][1][safepoint    ] Total time for which application threads were stopped: 0.0006020 seconds, Stopping threads took: 0.0003289 seconds
[2022-06-13T02:06:04.240+0000][1][safepoint    ] Application time: 0.0006835 seconds
[2022-06-13T02:06:04.240+0000][1][safepoint    ] Entering safepoint region: RevokeBias
[2022-06-13T02:06:04.240+0000][1][safepoint    ] Leaving safepoint region
[2022-06-13T02:06:04.240+0000][1][safepoint    ] Total time for which application threads were stopped: 0.0002834 seconds, Stopping threads took: 0.0001564 seconds
[2022-06-13T02:06:04.241+0000][1][safepoint    ] Application time: 0.0008768 seconds
[2022-06-13T02:06:04.241+0000][1][safepoint    ] Entering safepoint region: RevokeBias
[2022-06-13T02:06:04.241+0000][1][safepoint    ] Leaving safepoint region
[2022-06-13T02:06:04.242+0000][1][safepoint    ] Total time for which application threads were stopped: 0.0002821 seconds, Stopping threads took: 0.0001509 seconds
[2022-06-13T02:06:04.242+0000][1][safepoint    ] Application time: 0.0002009 seconds
[2022-06-13T02:06:04.243+0000][1][safepoint    ] Entering safepoint region: RevokeBias
[2022-06-13T02:06:04.243+0000][1][safepoint    ] Leaving safepoint region
[2022-06-13T02:06:04.243+0000][1][safepoint    ] Total time for which application threads were stopped: 0.0008123 seconds, Stopping threads took: 0.0005972 seconds
[2022-06-13T02:06:04.245+0000][1][safepoint    ] Application time: 0.0015741 seconds
[2022-06-13T02:06:04.245+0000][1][safepoint    ] Entering safepoint region: RevokeBias
[2022-06-13T02:06:04.246+0000][1][safepoint    ] Leaving safepoint region
[2022-06-13T02:06:04.246+0000][1][safepoint    ] Total time for which application threads were stopped: 0.0005984 seconds, Stopping threads took: 0.0003802 seconds
[2022-06-13T02:06:04.247+0000][1][safepoint    ] Application time: 0.0011276 seconds
[2022-06-13T02:06:04.248+0000][1][safepoint    ] Entering safepoint region: RevokeBias
[2022-06-13T02:06:04.248+0000][1][safepoint    ] Leaving safepoint region
[2022-06-13T02:06:04.248+0000][1][safepoint    ] Total time for which application threads were stopped: 0.0007253 seconds, Stopping threads took: 0.0004972 seconds
[2022-06-13T02:06:04.249+0000][1][safepoint    ] Application time: 0.0002146 seconds
[2022-06-13T02:06:04.249+0000][1][safepoint    ] Entering safepoint region: RevokeBias
[2022-06-13T02:06:04.249+0000][1][safepoint    ] Leaving safepoint region
[2022-06-13T02:06:04.250+0000][1][safepoint    ] Total time for which application threads were stopped: 0.0005751 seconds, Stopping threads took: 0.0003460 seconds
[2022-06-13T02:06:04.251+0000][1][safepoint    ] Application time: 0.0007434 seconds
[2022-06-13T02:06:04.251+0000][1][safepoint    ] Entering safepoint region: RevokeBias
[2022-06-13T02:06:04.251+0000][1][safepoint    ] Leaving safepoint region
[2022-06-13T02:06:04.251+0000][1][safepoint    ] Total time for which application threads were stopped: 0.0005645 seconds, Stopping threads took: 0.0001745 seconds
[2022-06-13T02:06:04.253+0000][1][safepoint    ] Application time: 0.0012167 seconds
[2022-06-13T02:06:04.253+0000][1][safepoint    ] Entering safepoint region: RevokeBias
[2022-06-13T02:06:04.253+0000][1][safepoint    ] Leaving safepoint region
[2022-06-13T02:06:04.253+0000][1][safepoint    ] Total time for which application threads were stopped: 0.0002396 seconds, Stopping threads took: 0.0001147 seconds
[2022-06-13T02:06:04.254+0000][1][safepoint    ] Application time: 0.0003070 seconds
[2022-06-13T02:06:04.254+0000][1][safepoint    ] Entering safepoint region: RevokeBias
[2022-06-13T02:06:04.254+0000][1][safepoint    ] Leaving safepoint region
[2022-06-13T02:06:04.254+0000][1][safepoint    ] Total time for which application threads were stopped: 0.0004948 seconds, Stopping threads took: 0.0003402 seconds
[2022-06-13T02:06:04.256+0000][1][gc,heap,exit ] Heap
[2022-06-13T02:06:04.257+0000][1][gc,heap,exit ]  par new generation   total 78656K, used 63257K [0x00000000f0000000, 0x00000000f5550000, 0x00000000f5550000)
[2022-06-13T02:06:04.257+0000][1][gc,heap,exit ]   eden space 69952K,  88% used [0x00000000f0000000, 0x00000000f3cc7278, 0x00000000f4450000)
[2022-06-13T02:06:04.257+0000][1][gc,heap,exit ]   from space 8704K,  11% used [0x00000000f4cd0000, 0x00000000f4dcf1e0, 0x00000000f5550000)
[2022-06-13T02:06:04.257+0000][1][gc,heap,exit ]   to   space 8704K,   0% used [0x00000000f4450000, 0x00000000f4450000, 0x00000000f4cd0000)
[2022-06-13T02:06:04.257+0000][1][gc,heap,exit ]  concurrent mark-sweep generation total 174784K, used 68364K [0x00000000f5550000, 0x0000000100000000, 0x0000000100000000)
[2022-06-13T02:06:04.257+0000][1][gc,heap,exit ]  Metaspace       used 64437K, capacity 69036K, committed 69228K, reserved 1107968K
[2022-06-13T02:06:04.258+0000][1][gc,heap,exit ]   class space    used 8601K, capacity 10557K, committed 10668K, reserved 1048576K
[2022-06-13T02:06:04.258+0000][1][safepoint    ] Application time: 0.0034895 seconds
[2022-06-13T02:06:04.258+0000][1][safepoint    ] Entering safepoint region: Exit
