[2022-06-13T03:21:44.336+0000][1][gc] Using Concurrent Mark Sweep
[2022-06-13T03:21:44.337+0000][1][gc,heap,coops] Heap address: 0x00000000f0000000, size: 256 MB, Compressed Oops mode: 32-bit
[2022-06-13T03:21:44.371+0000][1][safepoint    ] Entering safepoint region: EnableBiasedLocking
[2022-06-13T03:21:44.371+0000][1][safepoint    ] Leaving safepoint region
[2022-06-13T03:21:44.371+0000][1][safepoint    ] Total time for which application threads were stopped: 0.0005993 seconds, Stopping threads took: 0.0003099 seconds
[2022-06-13T03:21:44.374+0000][1][safepoint    ] Application time: 0.0021290 seconds
[2022-06-13T03:21:44.374+0000][1][safepoint    ] Entering safepoint region: RevokeBias
[2022-06-13T03:21:44.374+0000][1][safepoint    ] Leaving safepoint region
[2022-06-13T03:21:44.374+0000][1][safepoint    ] Total time for which application threads were stopped: 0.0005381 seconds, Stopping threads took: 0.0003277 seconds
[2022-06-13T03:21:44.384+0000][1][safepoint    ] Application time: 0.0089396 seconds
[2022-06-13T03:21:44.384+0000][1][safepoint    ] Entering safepoint region: Deoptimize
[2022-06-13T03:21:44.384+0000][1][safepoint    ] Leaving safepoint region
[2022-06-13T03:21:44.384+0000][1][safepoint    ] Total time for which application threads were stopped: 0.0002921 seconds, Stopping threads took: 0.0001387 seconds
[2022-06-13T03:21:44.447+0000][1][safepoint    ] Application time: 0.0629115 seconds
[2022-06-13T03:21:44.447+0000][1][safepoint    ] Entering safepoint region: RevokeBias
[2022-06-13T03:21:44.448+0000][1][safepoint    ] Leaving safepoint region
[2022-06-13T03:21:44.448+0000][1][safepoint    ] Total time for which application threads were stopped: 0.0004544 seconds, Stopping threads took: 0.0002277 seconds
[2022-06-13T03:21:44.471+0000][1][safepoint    ] Application time: 0.0233786 seconds
[2022-06-13T03:21:44.472+0000][1][safepoint    ] Entering safepoint region: Deoptimize
[2022-06-13T03:21:44.472+0000][1][safepoint    ] Leaving safepoint region
[2022-06-13T03:21:44.472+0000][1][safepoint    ] Total time for which application threads were stopped: 0.0005391 seconds, Stopping threads took: 0.0002235 seconds
[2022-06-13T03:21:44.741+0000][1][safepoint    ] Application time: 0.2685722 seconds
[2022-06-13T03:21:44.741+0000][1][safepoint    ] Entering safepoint region: Deoptimize
[2022-06-13T03:21:44.742+0000][1][safepoint    ] Leaving safepoint region
[2022-06-13T03:21:44.742+0000][1][safepoint    ] Total time for which application threads were stopped: 0.0005605 seconds, Stopping threads took: 0.0001538 seconds
[2022-06-13T03:21:44.755+0000][1][safepoint    ] Application time: 0.0128192 seconds
[2022-06-13T03:21:44.755+0000][1][safepoint    ] Entering safepoint region: Deoptimize
[2022-06-13T03:21:44.755+0000][1][safepoint    ] Leaving safepoint region
[2022-06-13T03:21:44.756+0000][1][safepoint    ] Total time for which application threads were stopped: 0.0005956 seconds, Stopping threads took: 0.0002651 seconds
[2022-06-13T03:21:44.794+0000][1][safepoint    ] Application time: 0.0384034 seconds
[2022-06-13T03:21:44.794+0000][1][safepoint    ] Entering safepoint region: Deoptimize
[2022-06-13T03:21:44.795+0000][1][safepoint    ] Leaving safepoint region
[2022-06-13T03:21:44.795+0000][1][safepoint    ] Total time for which application threads were stopped: 0.0005206 seconds, Stopping threads took: 0.0001476 seconds
[2022-06-13T03:21:44.809+0000][1][safepoint    ] Application time: 0.0144455 seconds
[2022-06-13T03:21:44.810+0000][1][safepoint    ] Entering safepoint region: Deoptimize
[2022-06-13T03:21:44.810+0000][1][safepoint    ] Leaving safepoint region
[2022-06-13T03:21:44.810+0000][1][safepoint    ] Total time for which application threads were stopped: 0.0005741 seconds, Stopping threads took: 0.0002180 seconds
[2022-06-13T03:21:45.169+0000][1][safepoint    ] Application time: 0.3589288 seconds
[2022-06-13T03:21:45.170+0000][1][safepoint    ] Entering safepoint region: Deoptimize
[2022-06-13T03:21:45.170+0000][1][safepoint    ] Leaving safepoint region
[2022-06-13T03:21:45.171+0000][1][safepoint    ] Total time for which application threads were stopped: 0.0008324 seconds, Stopping threads took: 0.0002071 seconds
[2022-06-13T03:21:45.368+0000][1][safepoint    ] Application time: 0.1971853 seconds
[2022-06-13T03:21:45.368+0000][1][safepoint    ] Entering safepoint region: RevokeBias
[2022-06-13T03:21:45.369+0000][1][safepoint    ] Leaving safepoint region
[2022-06-13T03:21:45.369+0000][1][safepoint    ] Total time for which application threads were stopped: 0.0005422 seconds, Stopping threads took: 0.0002125 seconds
[2022-06-13T03:21:45.452+0000][1][safepoint    ] Application time: 0.0830321 seconds
[2022-06-13T03:21:45.452+0000][1][safepoint    ] Entering safepoint region: Deoptimize
[2022-06-13T03:21:45.453+0000][1][safepoint    ] Leaving safepoint region
[2022-06-13T03:21:45.453+0000][1][safepoint    ] Total time for which application threads were stopped: 0.0005647 seconds, Stopping threads took: 0.0001705 seconds
[2022-06-13T03:21:45.534+0000][1][safepoint    ] Application time: 0.0805624 seconds
[2022-06-13T03:21:45.534+0000][1][safepoint    ] Entering safepoint region: Deoptimize
[2022-06-13T03:21:45.535+0000][1][safepoint    ] Leaving safepoint region
[2022-06-13T03:21:45.535+0000][1][safepoint    ] Total time for which application threads were stopped: 0.0006349 seconds, Stopping threads took: 0.0001855 seconds
[2022-06-13T03:21:45.535+0000][1][safepoint    ] Application time: 0.0001748 seconds
[2022-06-13T03:21:45.535+0000][1][safepoint    ] Entering safepoint region: Deoptimize
[2022-06-13T03:21:45.536+0000][1][safepoint    ] Leaving safepoint region
[2022-06-13T03:21:45.536+0000][1][safepoint    ] Total time for which application threads were stopped: 0.0004368 seconds, Stopping threads took: 0.0001053 seconds
[2022-06-13T03:21:45.561+0000][1][safepoint    ] Application time: 0.0255060 seconds
[2022-06-13T03:21:45.562+0000][1][safepoint    ] Entering safepoint region: Deoptimize
[2022-06-13T03:21:45.562+0000][1][safepoint    ] Leaving safepoint region
[2022-06-13T03:21:45.562+0000][1][safepoint    ] Total time for which application threads were stopped: 0.0008371 seconds, Stopping threads took: 0.0001523 seconds
[2022-06-13T03:21:45.573+0000][1][safepoint    ] Application time: 0.0097472 seconds
[2022-06-13T03:21:45.573+0000][1][safepoint    ] Entering safepoint region: RevokeBias
[2022-06-13T03:21:45.573+0000][1][safepoint    ] Leaving safepoint region
[2022-06-13T03:21:45.573+0000][1][safepoint    ] Total time for which application threads were stopped: 0.0003415 seconds, Stopping threads took: 0.0001742 seconds
[2022-06-13T03:21:45.574+0000][1][safepoint    ] Application time: 0.0001038 seconds
[2022-06-13T03:21:45.574+0000][1][safepoint    ] Entering safepoint region: RevokeBias
[2022-06-13T03:21:45.574+0000][1][safepoint    ] Leaving safepoint region
[2022-06-13T03:21:45.574+0000][1][safepoint    ] Total time for which application threads were stopped: 0.0002428 seconds, Stopping threads took: 0.0001248 seconds
[2022-06-13T03:21:45.574+0000][1][safepoint    ] Application time: 0.0000898 seconds
[2022-06-13T03:21:45.574+0000][1][safepoint    ] Entering safepoint region: RevokeBias
[2022-06-13T03:21:45.574+0000][1][safepoint    ] Leaving safepoint region
[2022-06-13T03:21:45.575+0000][1][safepoint    ] Total time for which application threads were stopped: 0.0002941 seconds, Stopping threads took: 0.0001550 seconds
[2022-06-13T03:21:45.575+0000][1][safepoint    ] Application time: 0.0001760 seconds
[2022-06-13T03:21:45.575+0000][1][safepoint    ] Entering safepoint region: RevokeBias
[2022-06-13T03:21:45.575+0000][1][safepoint    ] Leaving safepoint region
[2022-06-13T03:21:45.575+0000][1][safepoint    ] Total time for which application threads were stopped: 0.0003523 seconds, Stopping threads took: 0.0002077 seconds
[2022-06-13T03:21:45.576+0000][1][safepoint    ] Application time: 0.0001662 seconds
[2022-06-13T03:21:45.576+0000][1][safepoint    ] Entering safepoint region: RevokeBias
[2022-06-13T03:21:45.576+0000][1][safepoint    ] Leaving safepoint region
[2022-06-13T03:21:45.576+0000][1][safepoint    ] Total time for which application threads were stopped: 0.0003100 seconds, Stopping threads took: 0.0001402 seconds
[2022-06-13T03:21:45.582+0000][1][safepoint    ] Application time: 0.0055300 seconds
[2022-06-13T03:21:45.582+0000][1][safepoint    ] Entering safepoint region: Deoptimize
[2022-06-13T03:21:45.582+0000][1][safepoint    ] Leaving safepoint region
[2022-06-13T03:21:45.582+0000][1][safepoint    ] Total time for which application threads were stopped: 0.0004808 seconds, Stopping threads took: 0.0001349 seconds
[2022-06-13T03:21:45.648+0000][1][safepoint    ] Application time: 0.0655691 seconds
[2022-06-13T03:21:45.649+0000][1][safepoint    ] Entering safepoint region: GenCollectForAllocation
[2022-06-13T03:21:45.649+0000][1][gc,start     ] GC(0) Pause Young (Allocation Failure)
[2022-06-13T03:21:45.650+0000][1][gc,task      ] GC(0) Using 5 workers of 13 for evacuation
[2022-06-13T03:21:45.656+0000][1][gc,age       ] GC(0) Desired survivor size 4456448 bytes, new threshold 1 (max threshold 6)
[2022-06-13T03:21:45.656+0000][1][gc,age       ] GC(0) Age table with threshold 1 (max threshold 6)
[2022-06-13T03:21:45.656+0000][1][gc,age       ] GC(0) - age   1:    8164920 bytes,    8164920 total
[2022-06-13T03:21:45.656+0000][1][gc,heap      ] GC(0) ParNew: 69952K->8082K(78656K)
[2022-06-13T03:21:45.656+0000][1][gc,heap      ] GC(0) CMS: 0K->0K(174784K)
[2022-06-13T03:21:45.657+0000][1][gc,metaspace ] GC(0) Metaspace: 12211K->12211K(1060864K)
[2022-06-13T03:21:45.657+0000][1][gc           ] GC(0) Pause Young (Allocation Failure) 68M->7M(247M) 7.863ms
[2022-06-13T03:21:45.657+0000][1][gc,cpu       ] GC(0) User=0.02s Sys=0.02s Real=0.01s
[2022-06-13T03:21:45.657+0000][1][safepoint    ] Leaving safepoint region
[2022-06-13T03:21:45.657+0000][1][safepoint    ] Total time for which application threads were stopped: 0.0085363 seconds, Stopping threads took: 0.0002263 seconds
[2022-06-13T03:21:45.657+0000][1][safepoint    ] Application time: 0.0003041 seconds
[2022-06-13T03:21:45.658+0000][1][safepoint    ] Entering safepoint region: RevokeBias
[2022-06-13T03:21:45.658+0000][1][safepoint    ] Leaving safepoint region
[2022-06-13T03:21:45.658+0000][1][safepoint    ] Total time for which application threads were stopped: 0.0003610 seconds, Stopping threads took: 0.0002194 seconds
[2022-06-13T03:21:45.658+0000][1][safepoint    ] Application time: 0.0000929 seconds
[2022-06-13T03:21:45.658+0000][1][safepoint    ] Entering safepoint region: RevokeBias
[2022-06-13T03:21:45.658+0000][1][safepoint    ] Leaving safepoint region
[2022-06-13T03:21:45.659+0000][1][safepoint    ] Total time for which application threads were stopped: 0.0002313 seconds, Stopping threads took: 0.0001056 seconds
[2022-06-13T03:21:45.661+0000][1][safepoint    ] Application time: 0.0018779 seconds
[2022-06-13T03:21:45.662+0000][1][safepoint    ] Entering safepoint region: RevokeBias
[2022-06-13T03:21:45.662+0000][1][safepoint    ] Leaving safepoint region
[2022-06-13T03:21:45.662+0000][1][safepoint    ] Total time for which application threads were stopped: 0.0013190 seconds, Stopping threads took: 0.0011513 seconds
[2022-06-13T03:21:45.663+0000][1][safepoint    ] Application time: 0.0001199 seconds
[2022-06-13T03:21:45.663+0000][1][safepoint    ] Entering safepoint region: RevokeBias
[2022-06-13T03:21:45.663+0000][1][safepoint    ] Leaving safepoint region
[2022-06-13T03:21:45.663+0000][1][safepoint    ] Total time for which application threads were stopped: 0.0003509 seconds, Stopping threads took: 0.0001731 seconds
[2022-06-13T03:21:45.663+0000][1][safepoint    ] Application time: 0.0001065 seconds
[2022-06-13T03:21:45.663+0000][1][safepoint    ] Entering safepoint region: RevokeBias
[2022-06-13T03:21:45.664+0000][1][safepoint    ] Leaving safepoint region
[2022-06-13T03:21:45.664+0000][1][safepoint    ] Total time for which application threads were stopped: 0.0003102 seconds, Stopping threads took: 0.0001421 seconds
[2022-06-13T03:21:45.664+0000][1][safepoint    ] Application time: 0.0000940 seconds
[2022-06-13T03:21:45.664+0000][1][safepoint    ] Entering safepoint region: RevokeBias
[2022-06-13T03:21:45.664+0000][1][safepoint    ] Leaving safepoint region
[2022-06-13T03:21:45.664+0000][1][safepoint    ] Total time for which application threads were stopped: 0.0002520 seconds, Stopping threads took: 0.0001311 seconds
[2022-06-13T03:21:45.665+0000][1][safepoint    ] Application time: 0.0001105 seconds
[2022-06-13T03:21:45.665+0000][1][safepoint    ] Entering safepoint region: RevokeBias
[2022-06-13T03:21:45.665+0000][1][safepoint    ] Leaving safepoint region
[2022-06-13T03:21:45.665+0000][1][safepoint    ] Total time for which application threads were stopped: 0.0004171 seconds, Stopping threads took: 0.0002438 seconds
[2022-06-13T03:21:45.666+0000][1][safepoint    ] Application time: 0.0001015 seconds
[2022-06-13T03:21:45.666+0000][1][safepoint    ] Entering safepoint region: RevokeBias
[2022-06-13T03:21:45.666+0000][1][safepoint    ] Leaving safepoint region
[2022-06-13T03:21:45.667+0000][1][safepoint    ] Total time for which application threads were stopped: 0.0002798 seconds, Stopping threads took: 0.0001596 seconds
[2022-06-13T03:21:45.669+0000][1][safepoint    ] Application time: 0.0024217 seconds
[2022-06-13T03:21:45.669+0000][1][safepoint    ] Entering safepoint region: RevokeBias
[2022-06-13T03:21:45.670+0000][1][safepoint    ] Leaving safepoint region
[2022-06-13T03:21:45.670+0000][1][safepoint    ] Total time for which application threads were stopped: 0.0003072 seconds, Stopping threads took: 0.0001541 seconds
[2022-06-13T03:21:45.670+0000][1][safepoint    ] Application time: 0.0000987 seconds
[2022-06-13T03:21:45.670+0000][1][safepoint    ] Entering safepoint region: RevokeBias
[2022-06-13T03:21:45.670+0000][1][safepoint    ] Leaving safepoint region
[2022-06-13T03:21:45.670+0000][1][safepoint    ] Total time for which application threads were stopped: 0.0003219 seconds, Stopping threads took: 0.0001456 seconds
[2022-06-13T03:21:45.672+0000][1][safepoint    ] Application time: 0.0014068 seconds
[2022-06-13T03:21:45.672+0000][1][safepoint    ] Entering safepoint region: RevokeBias
[2022-06-13T03:21:45.672+0000][1][safepoint    ] Leaving safepoint region
[2022-06-13T03:21:45.672+0000][1][safepoint    ] Total time for which application threads were stopped: 0.0003467 seconds, Stopping threads took: 0.0001903 seconds
[2022-06-13T03:21:45.673+0000][1][safepoint    ] Application time: 0.0003473 seconds
[2022-06-13T03:21:45.673+0000][1][safepoint    ] Entering safepoint region: RevokeBias
[2022-06-13T03:21:45.673+0000][1][safepoint    ] Leaving safepoint region
[2022-06-13T03:21:45.673+0000][1][safepoint    ] Total time for which application threads were stopped: 0.0003858 seconds, Stopping threads took: 0.0001879 seconds
[2022-06-13T03:21:45.675+0000][1][safepoint    ] Application time: 0.0018859 seconds
[2022-06-13T03:21:45.676+0000][1][safepoint    ] Entering safepoint region: RevokeBias
[2022-06-13T03:21:45.676+0000][1][safepoint    ] Leaving safepoint region
[2022-06-13T03:21:45.676+0000][1][safepoint    ] Total time for which application threads were stopped: 0.0004335 seconds, Stopping threads took: 0.0002295 seconds
[2022-06-13T03:21:45.676+0000][1][safepoint    ] Application time: 0.0000899 seconds
[2022-06-13T03:21:45.676+0000][1][safepoint    ] Entering safepoint region: RevokeBias
[2022-06-13T03:21:45.677+0000][1][safepoint    ] Leaving safepoint region
[2022-06-13T03:21:45.677+0000][1][safepoint    ] Total time for which application threads were stopped: 0.0003171 seconds, Stopping threads took: 0.0001663 seconds
[2022-06-13T03:21:45.677+0000][1][safepoint    ] Application time: 0.0001031 seconds
[2022-06-13T03:21:45.677+0000][1][safepoint    ] Entering safepoint region: RevokeBias
[2022-06-13T03:21:45.677+0000][1][safepoint    ] Leaving safepoint region
[2022-06-13T03:21:45.677+0000][1][safepoint    ] Total time for which application threads were stopped: 0.0003049 seconds, Stopping threads took: 0.0001507 seconds
[2022-06-13T03:21:45.678+0000][1][safepoint    ] Application time: 0.0000824 seconds
[2022-06-13T03:21:45.678+0000][1][safepoint    ] Entering safepoint region: RevokeBias
[2022-06-13T03:21:45.678+0000][1][safepoint    ] Leaving safepoint region
[2022-06-13T03:21:45.678+0000][1][safepoint    ] Total time for which application threads were stopped: 0.0003327 seconds, Stopping threads took: 0.0001672 seconds
[2022-06-13T03:21:45.678+0000][1][safepoint    ] Application time: 0.0000696 seconds
[2022-06-13T03:21:45.679+0000][1][safepoint    ] Entering safepoint region: RevokeBias
[2022-06-13T03:21:45.679+0000][1][safepoint    ] Leaving safepoint region
[2022-06-13T03:21:45.679+0000][1][safepoint    ] Total time for which application threads were stopped: 0.0003106 seconds, Stopping threads took: 0.0001472 seconds
[2022-06-13T03:21:45.679+0000][1][safepoint    ] Application time: 0.0000945 seconds
[2022-06-13T03:21:45.679+0000][1][safepoint    ] Entering safepoint region: RevokeBias
[2022-06-13T03:21:45.679+0000][1][safepoint    ] Leaving safepoint region
[2022-06-13T03:21:45.679+0000][1][safepoint    ] Total time for which application threads were stopped: 0.0003222 seconds, Stopping threads took: 0.0001899 seconds
[2022-06-13T03:21:45.680+0000][1][safepoint    ] Application time: 0.0000868 seconds
[2022-06-13T03:21:45.680+0000][1][safepoint    ] Entering safepoint region: RevokeBias
[2022-06-13T03:21:45.680+0000][1][safepoint    ] Leaving safepoint region
[2022-06-13T03:21:45.680+0000][1][safepoint    ] Total time for which application threads were stopped: 0.0003668 seconds, Stopping threads took: 0.0002222 seconds
[2022-06-13T03:21:45.680+0000][1][safepoint    ] Application time: 0.0000880 seconds
[2022-06-13T03:21:45.681+0000][1][safepoint    ] Entering safepoint region: RevokeBias
[2022-06-13T03:21:45.681+0000][1][safepoint    ] Leaving safepoint region
[2022-06-13T03:21:45.681+0000][1][safepoint    ] Total time for which application threads were stopped: 0.0003850 seconds, Stopping threads took: 0.0002318 seconds
[2022-06-13T03:21:45.681+0000][1][safepoint    ] Application time: 0.0001542 seconds
[2022-06-13T03:21:45.681+0000][1][safepoint    ] Entering safepoint region: RevokeBias
[2022-06-13T03:21:45.681+0000][1][safepoint    ] Leaving safepoint region
[2022-06-13T03:21:45.682+0000][1][safepoint    ] Total time for which application threads were stopped: 0.0003122 seconds, Stopping threads took: 0.0001893 seconds
[2022-06-13T03:21:45.682+0000][1][safepoint    ] Application time: 0.0000756 seconds
[2022-06-13T03:21:45.682+0000][1][safepoint    ] Entering safepoint region: RevokeBias
[2022-06-13T03:21:45.682+0000][1][safepoint    ] Leaving safepoint region
[2022-06-13T03:21:45.682+0000][1][safepoint    ] Total time for which application threads were stopped: 0.0002248 seconds, Stopping threads took: 0.0001100 seconds
[2022-06-13T03:21:45.682+0000][1][safepoint    ] Application time: 0.0001880 seconds
[2022-06-13T03:21:45.683+0000][1][safepoint    ] Entering safepoint region: RevokeBias
[2022-06-13T03:21:45.683+0000][1][safepoint    ] Leaving safepoint region
[2022-06-13T03:21:45.683+0000][1][safepoint    ] Total time for which application threads were stopped: 0.0003094 seconds, Stopping threads took: 0.0001880 seconds
[2022-06-13T03:21:45.683+0000][1][safepoint    ] Application time: 0.0000869 seconds
[2022-06-13T03:21:45.683+0000][1][safepoint    ] Entering safepoint region: RevokeBias
[2022-06-13T03:21:45.683+0000][1][safepoint    ] Leaving safepoint region
[2022-06-13T03:21:45.684+0000][1][safepoint    ] Total time for which application threads were stopped: 0.0003537 seconds, Stopping threads took: 0.0001712 seconds
[2022-06-13T03:21:45.685+0000][1][safepoint    ] Application time: 0.0010761 seconds
[2022-06-13T03:21:45.685+0000][1][safepoint    ] Entering safepoint region: RevokeBias
[2022-06-13T03:21:45.685+0000][1][safepoint    ] Leaving safepoint region
[2022-06-13T03:21:45.685+0000][1][safepoint    ] Total time for which application threads were stopped: 0.0003382 seconds, Stopping threads took: 0.0001918 seconds
[2022-06-13T03:21:45.685+0000][1][safepoint    ] Application time: 0.0000811 seconds
[2022-06-13T03:21:45.686+0000][1][safepoint    ] Entering safepoint region: RevokeBias
[2022-06-13T03:21:45.738+0000][1][safepoint    ] Leaving safepoint region
[2022-06-13T03:21:45.738+0000][1][safepoint    ] Total time for which application threads were stopped: 0.0523821 seconds, Stopping threads took: 0.0521426 seconds
[2022-06-13T03:21:45.934+0000][1][safepoint    ] Application time: 0.1962920 seconds
[2022-06-13T03:21:45.935+0000][1][safepoint    ] Entering safepoint region: Deoptimize
[2022-06-13T03:21:45.935+0000][1][safepoint    ] Leaving safepoint region
[2022-06-13T03:21:45.935+0000][1][safepoint    ] Total time for which application threads were stopped: 0.0008398 seconds, Stopping threads took: 0.0001863 seconds
[2022-06-13T03:21:46.088+0000][1][safepoint    ] Application time: 0.1521369 seconds
[2022-06-13T03:21:46.088+0000][1][safepoint    ] Entering safepoint region: RevokeBias
[2022-06-13T03:21:46.088+0000][1][safepoint    ] Leaving safepoint region
[2022-06-13T03:21:46.089+0000][1][safepoint    ] Total time for which application threads were stopped: 0.0004612 seconds, Stopping threads took: 0.0001953 seconds
[2022-06-13T03:21:46.176+0000][1][safepoint    ] Application time: 0.0873207 seconds
[2022-06-13T03:21:46.176+0000][1][safepoint    ] Entering safepoint region: RevokeBias
[2022-06-13T03:21:46.177+0000][1][safepoint    ] Leaving safepoint region
[2022-06-13T03:21:46.177+0000][1][safepoint    ] Total time for which application threads were stopped: 0.0003885 seconds, Stopping threads took: 0.0001656 seconds
[2022-06-13T03:21:46.183+0000][1][safepoint    ] Application time: 0.0062358 seconds
[2022-06-13T03:21:46.183+0000][1][safepoint    ] Entering safepoint region: RevokeBias
[2022-06-13T03:21:46.184+0000][1][safepoint    ] Leaving safepoint region
[2022-06-13T03:21:46.184+0000][1][safepoint    ] Total time for which application threads were stopped: 0.0005345 seconds, Stopping threads took: 0.0001803 seconds
[2022-06-13T03:21:46.206+0000][1][safepoint    ] Application time: 0.0221067 seconds
[2022-06-13T03:21:46.206+0000][1][safepoint    ] Entering safepoint region: GenCollectForAllocation
[2022-06-13T03:21:46.207+0000][1][gc,start     ] GC(1) Pause Young (Allocation Failure)
[2022-06-13T03:21:46.207+0000][1][gc,task      ] GC(1) Using 5 workers of 13 for evacuation
[2022-06-13T03:21:46.219+0000][1][gc,age       ] GC(1) Desired survivor size 4456448 bytes, new threshold 6 (max threshold 6)
[2022-06-13T03:21:46.220+0000][1][gc,age       ] GC(1) Age table with threshold 6 (max threshold 6)
[2022-06-13T03:21:46.220+0000][1][gc,age       ] GC(1) - age   1:    2007776 bytes,    2007776 total
[2022-06-13T03:21:46.220+0000][1][gc,heap      ] GC(1) ParNew: 78034K->5390K(78656K)
[2022-06-13T03:21:46.220+0000][1][gc,heap      ] GC(1) CMS: 0K->6664K(174784K)
[2022-06-13T03:21:46.220+0000][1][gc,metaspace ] GC(1) Metaspace: 14806K->14806K(1062912K)
[2022-06-13T03:21:46.220+0000][1][gc           ] GC(1) Pause Young (Allocation Failure) 76M->11M(247M) 13.568ms
[2022-06-13T03:21:46.220+0000][1][gc,cpu       ] GC(1) User=0.07s Sys=0.00s Real=0.02s
[2022-06-13T03:21:46.220+0000][1][safepoint    ] Leaving safepoint region
[2022-06-13T03:21:46.221+0000][1][safepoint    ] Total time for which application threads were stopped: 0.0142184 seconds, Stopping threads took: 0.0001595 seconds
[2022-06-13T03:21:46.221+0000][1][safepoint    ] Application time: 0.0001593 seconds
[2022-06-13T03:21:46.223+0000][1][safepoint    ] Entering safepoint region: RevokeBias
[2022-06-13T03:21:46.223+0000][1][safepoint    ] Leaving safepoint region
[2022-06-13T03:21:46.223+0000][1][safepoint    ] Total time for which application threads were stopped: 0.0024301 seconds, Stopping threads took: 0.0021251 seconds
[2022-06-13T03:21:46.224+0000][1][safepoint    ] Application time: 0.0000522 seconds
[2022-06-13T03:21:46.224+0000][1][safepoint    ] Entering safepoint region: RevokeBias
[2022-06-13T03:21:46.224+0000][1][safepoint    ] Leaving safepoint region
[2022-06-13T03:21:46.224+0000][1][safepoint    ] Total time for which application threads were stopped: 0.0003557 seconds, Stopping threads took: 0.0001692 seconds
[2022-06-13T03:21:46.225+0000][1][safepoint    ] Application time: 0.0008646 seconds
[2022-06-13T03:21:46.225+0000][1][safepoint    ] Entering safepoint region: RevokeBias
[2022-06-13T03:21:46.226+0000][1][safepoint    ] Leaving safepoint region
[2022-06-13T03:21:46.229+0000][1][safepoint    ] Total time for which application threads were stopped: 0.0035051 seconds, Stopping threads took: 0.0001310 seconds
[2022-06-13T03:21:46.229+0000][1][safepoint    ] Application time: 0.0000647 seconds
[2022-06-13T03:21:46.229+0000][1][safepoint    ] Entering safepoint region: RevokeBias
[2022-06-13T03:21:46.230+0000][1][safepoint    ] Leaving safepoint region
[2022-06-13T03:21:46.230+0000][1][safepoint    ] Total time for which application threads were stopped: 0.0003870 seconds, Stopping threads took: 0.0001762 seconds
[2022-06-13T03:21:46.230+0000][1][safepoint    ] Application time: 0.0001085 seconds
[2022-06-13T03:21:46.230+0000][1][safepoint    ] Entering safepoint region: RevokeBias
[2022-06-13T03:21:46.230+0000][1][safepoint    ] Leaving safepoint region
[2022-06-13T03:21:46.230+0000][1][safepoint    ] Total time for which application threads were stopped: 0.0003324 seconds, Stopping threads took: 0.0001532 seconds
[2022-06-13T03:21:46.234+0000][1][safepoint    ] Application time: 0.0032151 seconds
[2022-06-13T03:21:46.234+0000][1][safepoint    ] Entering safepoint region: RevokeBias
[2022-06-13T03:21:46.234+0000][1][safepoint    ] Leaving safepoint region
[2022-06-13T03:21:46.234+0000][1][safepoint    ] Total time for which application threads were stopped: 0.0003875 seconds, Stopping threads took: 0.0001728 seconds
[2022-06-13T03:21:46.235+0000][1][safepoint    ] Application time: 0.0001175 seconds
[2022-06-13T03:21:46.235+0000][1][safepoint    ] Entering safepoint region: RevokeBias
[2022-06-13T03:21:46.235+0000][1][safepoint    ] Leaving safepoint region
[2022-06-13T03:21:46.235+0000][1][safepoint    ] Total time for which application threads were stopped: 0.0003718 seconds, Stopping threads took: 0.0001649 seconds
[2022-06-13T03:21:46.236+0000][1][safepoint    ] Application time: 0.0001155 seconds
[2022-06-13T03:21:46.236+0000][1][safepoint    ] Entering safepoint region: RevokeBias
[2022-06-13T03:21:46.236+0000][1][safepoint    ] Leaving safepoint region
[2022-06-13T03:21:46.236+0000][1][safepoint    ] Total time for which application threads were stopped: 0.0003133 seconds, Stopping threads took: 0.0001436 seconds
[2022-06-13T03:21:46.236+0000][1][safepoint    ] Application time: 0.0000956 seconds
[2022-06-13T03:21:46.236+0000][1][safepoint    ] Entering safepoint region: RevokeBias
[2022-06-13T03:21:46.238+0000][1][safepoint    ] Leaving safepoint region
[2022-06-13T03:21:46.238+0000][1][safepoint    ] Total time for which application threads were stopped: 0.0019677 seconds, Stopping threads took: 0.0017430 seconds
[2022-06-13T03:21:46.239+0000][1][safepoint    ] Application time: 0.0000597 seconds
[2022-06-13T03:21:46.239+0000][1][safepoint    ] Entering safepoint region: RevokeBias
[2022-06-13T03:21:46.239+0000][1][safepoint    ] Leaving safepoint region
[2022-06-13T03:21:46.239+0000][1][safepoint    ] Total time for which application threads were stopped: 0.0003457 seconds, Stopping threads took: 0.0001626 seconds
[2022-06-13T03:21:46.241+0000][1][safepoint    ] Application time: 0.0014540 seconds
[2022-06-13T03:21:46.241+0000][1][safepoint    ] Entering safepoint region: BulkRevokeBias
[2022-06-13T03:21:46.241+0000][1][safepoint    ] Leaving safepoint region
[2022-06-13T03:21:46.241+0000][1][safepoint    ] Total time for which application threads were stopped: 0.0003841 seconds, Stopping threads took: 0.0001770 seconds
[2022-06-13T03:21:46.241+0000][1][safepoint    ] Application time: 0.0000824 seconds
[2022-06-13T03:21:46.242+0000][1][safepoint    ] Entering safepoint region: RevokeBias
[2022-06-13T03:21:46.242+0000][1][safepoint    ] Leaving safepoint region
[2022-06-13T03:21:46.242+0000][1][safepoint    ] Total time for which application threads were stopped: 0.0003989 seconds, Stopping threads took: 0.0001637 seconds
[2022-06-13T03:21:46.246+0000][1][safepoint    ] Application time: 0.0032370 seconds
[2022-06-13T03:21:46.246+0000][1][safepoint    ] Entering safepoint region: BulkRevokeBias
[2022-06-13T03:21:46.246+0000][1][safepoint    ] Leaving safepoint region
[2022-06-13T03:21:46.246+0000][1][safepoint    ] Total time for which application threads were stopped: 0.0004768 seconds, Stopping threads took: 0.0002180 seconds
[2022-06-13T03:21:46.359+0000][1][safepoint    ] Application time: 0.1124646 seconds
[2022-06-13T03:21:46.359+0000][1][safepoint    ] Entering safepoint region: GenCollectForAllocation
[2022-06-13T03:21:46.360+0000][1][gc,start     ] GC(2) Pause Young (Allocation Failure)
[2022-06-13T03:21:46.360+0000][1][gc,task      ] GC(2) Using 5 workers of 13 for evacuation
[2022-06-13T03:21:46.363+0000][1][gc,age       ] GC(2) Desired survivor size 4456448 bytes, new threshold 6 (max threshold 6)
[2022-06-13T03:21:46.363+0000][1][gc,age       ] GC(2) Age table with threshold 6 (max threshold 6)
[2022-06-13T03:21:46.363+0000][1][gc,age       ] GC(2) - age   1:    2596200 bytes,    2596200 total
[2022-06-13T03:21:46.364+0000][1][gc,age       ] GC(2) - age   2:    1180080 bytes,    3776280 total
[2022-06-13T03:21:46.364+0000][1][gc,heap      ] GC(2) ParNew: 75342K->4778K(78656K)
[2022-06-13T03:21:46.364+0000][1][gc,heap      ] GC(2) CMS: 6664K->6664K(174784K)
[2022-06-13T03:21:46.364+0000][1][gc,metaspace ] GC(2) Metaspace: 14915K->14915K(1062912K)
[2022-06-13T03:21:46.364+0000][1][gc           ] GC(2) Pause Young (Allocation Failure) 80M->11M(247M) 4.724ms
[2022-06-13T03:21:46.364+0000][1][gc,cpu       ] GC(2) User=0.02s Sys=0.01s Real=0.00s
[2022-06-13T03:21:46.365+0000][1][safepoint    ] Leaving safepoint region
[2022-06-13T03:21:46.365+0000][1][safepoint    ] Total time for which application threads were stopped: 0.0054319 seconds, Stopping threads took: 0.0001546 seconds
[2022-06-13T03:21:46.366+0000][1][safepoint    ] Application time: 0.0015664 seconds
[2022-06-13T03:21:46.367+0000][1][safepoint    ] Entering safepoint region: RevokeBias
[2022-06-13T03:21:46.367+0000][1][safepoint    ] Leaving safepoint region
[2022-06-13T03:21:46.367+0000][1][safepoint    ] Total time for which application threads were stopped: 0.0003820 seconds, Stopping threads took: 0.0002072 seconds
[2022-06-13T03:21:46.367+0000][1][safepoint    ] Application time: 0.0001003 seconds
[2022-06-13T03:21:46.367+0000][1][safepoint    ] Entering safepoint region: RevokeBias
[2022-06-13T03:21:46.368+0000][1][safepoint    ] Leaving safepoint region
[2022-06-13T03:21:46.368+0000][1][safepoint    ] Total time for which application threads were stopped: 0.0003398 seconds, Stopping threads took: 0.0001730 seconds
[2022-06-13T03:21:46.368+0000][1][safepoint    ] Application time: 0.0000930 seconds
[2022-06-13T03:21:46.368+0000][1][safepoint    ] Entering safepoint region: RevokeBias
[2022-06-13T03:21:46.368+0000][1][safepoint    ] Leaving safepoint region
[2022-06-13T03:21:46.369+0000][1][safepoint    ] Total time for which application threads were stopped: 0.0004510 seconds, Stopping threads took: 0.0002166 seconds
[2022-06-13T03:21:46.369+0000][1][safepoint    ] Application time: 0.0000968 seconds
[2022-06-13T03:21:46.369+0000][1][safepoint    ] Entering safepoint region: RevokeBias
[2022-06-13T03:21:46.369+0000][1][safepoint    ] Leaving safepoint region
[2022-06-13T03:21:46.370+0000][1][safepoint    ] Total time for which application threads were stopped: 0.0005775 seconds, Stopping threads took: 0.0001899 seconds
[2022-06-13T03:21:46.370+0000][1][safepoint    ] Application time: 0.0000917 seconds
[2022-06-13T03:21:46.370+0000][1][safepoint    ] Entering safepoint region: RevokeBias
[2022-06-13T03:21:46.370+0000][1][safepoint    ] Leaving safepoint region
[2022-06-13T03:21:46.370+0000][1][safepoint    ] Total time for which application threads were stopped: 0.0003501 seconds, Stopping threads took: 0.0001294 seconds
[2022-06-13T03:21:46.371+0000][1][safepoint    ] Application time: 0.0000651 seconds
[2022-06-13T03:21:46.371+0000][1][safepoint    ] Entering safepoint region: RevokeBias
[2022-06-13T03:21:46.371+0000][1][safepoint    ] Leaving safepoint region
[2022-06-13T03:21:46.371+0000][1][safepoint    ] Total time for which application threads were stopped: 0.0005134 seconds, Stopping threads took: 0.0002485 seconds
[2022-06-13T03:21:46.488+0000][1][safepoint    ] Application time: 0.1170852 seconds
[2022-06-13T03:21:46.489+0000][1][safepoint    ] Entering safepoint region: Deoptimize
[2022-06-13T03:21:46.490+0000][1][safepoint    ] Leaving safepoint region
[2022-06-13T03:21:46.490+0000][1][safepoint    ] Total time for which application threads were stopped: 0.0009679 seconds, Stopping threads took: 0.0002684 seconds
[2022-06-13T03:21:46.491+0000][1][safepoint    ] Application time: 0.0005501 seconds
[2022-06-13T03:21:46.491+0000][1][safepoint    ] Entering safepoint region: Deoptimize
[2022-06-13T03:21:46.491+0000][1][safepoint    ] Leaving safepoint region
[2022-06-13T03:21:46.491+0000][1][safepoint    ] Total time for which application threads were stopped: 0.0007154 seconds, Stopping threads took: 0.0001708 seconds
[2022-06-13T03:21:46.689+0000][1][safepoint    ] Application time: 0.1975592 seconds
[2022-06-13T03:21:46.698+0000][1][safepoint    ] Entering safepoint region: GenCollectForAllocation
[2022-06-13T03:21:46.699+0000][1][gc,start     ] GC(3) Pause Young (Allocation Failure)
[2022-06-13T03:21:46.699+0000][1][gc,task      ] GC(3) Using 5 workers of 13 for evacuation
[2022-06-13T03:21:46.703+0000][1][gc,age       ] GC(3) Desired survivor size 4456448 bytes, new threshold 3 (max threshold 6)
[2022-06-13T03:21:46.703+0000][1][gc,age       ] GC(3) Age table with threshold 3 (max threshold 6)
[2022-06-13T03:21:46.703+0000][1][gc,age       ] GC(3) - age   1:    3299192 bytes,    3299192 total
[2022-06-13T03:21:46.703+0000][1][gc,age       ] GC(3) - age   2:     294520 bytes,    3593712 total
[2022-06-13T03:21:46.704+0000][1][gc,age       ] GC(3) - age   3:    1176672 bytes,    4770384 total
[2022-06-13T03:21:46.704+0000][1][gc,heap      ] GC(3) ParNew: 74730K->5811K(78656K)
[2022-06-13T03:21:46.704+0000][1][gc,heap      ] GC(3) CMS: 6664K->6664K(174784K)
[2022-06-13T03:21:46.704+0000][1][gc,metaspace ] GC(3) Metaspace: 18331K->18331K(1067008K)
[2022-06-13T03:21:46.704+0000][1][gc           ] GC(3) Pause Young (Allocation Failure) 79M->12M(247M) 5.435ms
[2022-06-13T03:21:46.704+0000][1][gc,cpu       ] GC(3) User=0.02s Sys=0.00s Real=0.01s
[2022-06-13T03:21:46.705+0000][1][safepoint    ] Leaving safepoint region
[2022-06-13T03:21:46.705+0000][1][safepoint    ] Total time for which application threads were stopped: 0.0065818 seconds, Stopping threads took: 0.0003677 seconds
[2022-06-13T03:21:46.709+0000][1][safepoint    ] Application time: 0.0041888 seconds
[2022-06-13T03:21:46.712+0000][1][safepoint    ] Entering safepoint region: BulkRevokeBias
[2022-06-13T03:21:46.712+0000][1][safepoint    ] Leaving safepoint region
[2022-06-13T03:21:46.713+0000][1][safepoint    ] Total time for which application threads were stopped: 0.0019637 seconds, Stopping threads took: 0.0013936 seconds
[2022-06-13T03:21:46.713+0000][1][safepoint    ] Application time: 0.0000624 seconds
[2022-06-13T03:21:46.713+0000][1][safepoint    ] Entering safepoint region: RevokeBias
[2022-06-13T03:21:46.713+0000][1][safepoint    ] Leaving safepoint region
[2022-06-13T03:21:46.713+0000][1][safepoint    ] Total time for which application threads were stopped: 0.0002798 seconds, Stopping threads took: 0.0001176 seconds
[2022-06-13T03:21:46.717+0000][1][safepoint    ] Application time: 0.0039282 seconds
[2022-06-13T03:21:46.718+0000][1][safepoint    ] Entering safepoint region: RevokeBias
[2022-06-13T03:21:46.718+0000][1][safepoint    ] Leaving safepoint region
[2022-06-13T03:21:46.718+0000][1][safepoint    ] Total time for which application threads were stopped: 0.0003692 seconds, Stopping threads took: 0.0002015 seconds
[2022-06-13T03:21:46.718+0000][1][safepoint    ] Application time: 0.0001785 seconds
[2022-06-13T03:21:46.719+0000][1][safepoint    ] Entering safepoint region: RevokeBias
[2022-06-13T03:21:46.719+0000][1][safepoint    ] Leaving safepoint region
[2022-06-13T03:21:46.719+0000][1][safepoint    ] Total time for which application threads were stopped: 0.0004152 seconds, Stopping threads took: 0.0001969 seconds
[2022-06-13T03:21:46.719+0000][1][safepoint    ] Application time: 0.0000453 seconds
[2022-06-13T03:21:46.720+0000][1][safepoint    ] Entering safepoint region: RevokeBias
[2022-06-13T03:21:46.720+0000][1][safepoint    ] Leaving safepoint region
[2022-06-13T03:21:46.720+0000][1][safepoint    ] Total time for which application threads were stopped: 0.0004444 seconds, Stopping threads took: 0.0002427 seconds
[2022-06-13T03:21:46.720+0000][1][safepoint    ] Application time: 0.0000666 seconds
[2022-06-13T03:21:46.720+0000][1][safepoint    ] Entering safepoint region: RevokeBias
[2022-06-13T03:21:46.721+0000][1][safepoint    ] Leaving safepoint region
[2022-06-13T03:21:46.721+0000][1][safepoint    ] Total time for which application threads were stopped: 0.0006538 seconds, Stopping threads took: 0.0004219 seconds
[2022-06-13T03:21:46.721+0000][1][safepoint    ] Application time: 0.0000556 seconds
[2022-06-13T03:21:46.721+0000][1][safepoint    ] Entering safepoint region: RevokeBias
[2022-06-13T03:21:46.722+0000][1][safepoint    ] Leaving safepoint region
[2022-06-13T03:21:46.722+0000][1][safepoint    ] Total time for which application threads were stopped: 0.0004684 seconds, Stopping threads took: 0.0002297 seconds
[2022-06-13T03:21:46.722+0000][1][safepoint    ] Application time: 0.0000684 seconds
[2022-06-13T03:21:46.722+0000][1][safepoint    ] Entering safepoint region: RevokeBias
[2022-06-13T03:21:46.722+0000][1][safepoint    ] Leaving safepoint region
[2022-06-13T03:21:46.723+0000][1][safepoint    ] Total time for which application threads were stopped: 0.0003923 seconds, Stopping threads took: 0.0001892 seconds
[2022-06-13T03:21:46.725+0000][1][safepoint    ] Application time: 0.0018603 seconds
[2022-06-13T03:21:46.725+0000][1][safepoint    ] Entering safepoint region: RevokeBias
[2022-06-13T03:21:46.725+0000][1][safepoint    ] Leaving safepoint region
[2022-06-13T03:21:46.725+0000][1][safepoint    ] Total time for which application threads were stopped: 0.0003821 seconds, Stopping threads took: 0.0001696 seconds
[2022-06-13T03:21:46.725+0000][1][safepoint    ] Application time: 0.0000854 seconds
[2022-06-13T03:21:46.726+0000][1][safepoint    ] Entering safepoint region: RevokeBias
[2022-06-13T03:21:46.726+0000][1][safepoint    ] Leaving safepoint region
[2022-06-13T03:21:46.726+0000][1][safepoint    ] Total time for which application threads were stopped: 0.0003905 seconds, Stopping threads took: 0.0002160 seconds
[2022-06-13T03:21:46.726+0000][1][safepoint    ] Application time: 0.0000476 seconds
[2022-06-13T03:21:46.726+0000][1][safepoint    ] Entering safepoint region: RevokeBias
[2022-06-13T03:21:46.727+0000][1][safepoint    ] Leaving safepoint region
[2022-06-13T03:21:46.727+0000][1][safepoint    ] Total time for which application threads were stopped: 0.0003822 seconds, Stopping threads took: 0.0001572 seconds
[2022-06-13T03:21:46.727+0000][1][safepoint    ] Application time: 0.0000727 seconds
[2022-06-13T03:21:46.727+0000][1][safepoint    ] Entering safepoint region: RevokeBias
[2022-06-13T03:21:46.727+0000][1][safepoint    ] Leaving safepoint region
[2022-06-13T03:21:46.727+0000][1][safepoint    ] Total time for which application threads were stopped: 0.0002945 seconds, Stopping threads took: 0.0001386 seconds
[2022-06-13T03:21:46.727+0000][1][safepoint    ] Application time: 0.0000748 seconds
[2022-06-13T03:21:46.728+0000][1][safepoint    ] Entering safepoint region: RevokeBias
[2022-06-13T03:21:46.728+0000][1][safepoint    ] Leaving safepoint region
[2022-06-13T03:21:46.728+0000][1][safepoint    ] Total time for which application threads were stopped: 0.0004013 seconds, Stopping threads took: 0.0001937 seconds
[2022-06-13T03:21:46.728+0000][1][safepoint    ] Application time: 0.0000554 seconds
[2022-06-13T03:21:46.729+0000][1][safepoint    ] Entering safepoint region: RevokeBias
[2022-06-13T03:21:46.729+0000][1][safepoint    ] Leaving safepoint region
[2022-06-13T03:21:46.730+0000][1][safepoint    ] Total time for which application threads were stopped: 0.0011817 seconds, Stopping threads took: 0.0009363 seconds
[2022-06-13T03:21:46.730+0000][1][safepoint    ] Application time: 0.0000849 seconds
[2022-06-13T03:21:46.732+0000][1][safepoint    ] Entering safepoint region: RevokeBias
[2022-06-13T03:21:46.732+0000][1][safepoint    ] Leaving safepoint region
[2022-06-13T03:21:46.732+0000][1][safepoint    ] Total time for which application threads were stopped: 0.0004493 seconds, Stopping threads took: 0.0002643 seconds
[2022-06-13T03:21:46.732+0000][1][safepoint    ] Application time: 0.0001183 seconds
[2022-06-13T03:21:46.733+0000][1][safepoint    ] Entering safepoint region: RevokeBias
[2022-06-13T03:21:46.733+0000][1][safepoint    ] Leaving safepoint region
[2022-06-13T03:21:46.733+0000][1][safepoint    ] Total time for which application threads were stopped: 0.0003108 seconds, Stopping threads took: 0.0001012 seconds
[2022-06-13T03:21:46.733+0000][1][safepoint    ] Application time: 0.0000680 seconds
[2022-06-13T03:21:46.733+0000][1][safepoint    ] Entering safepoint region: RevokeBias
[2022-06-13T03:21:46.733+0000][1][safepoint    ] Leaving safepoint region
[2022-06-13T03:21:46.734+0000][1][safepoint    ] Total time for which application threads were stopped: 0.0003166 seconds, Stopping threads took: 0.0001415 seconds
[2022-06-13T03:21:46.738+0000][1][safepoint    ] Application time: 0.0036729 seconds
[2022-06-13T03:21:46.739+0000][1][safepoint    ] Entering safepoint region: RevokeBias
[2022-06-13T03:21:46.739+0000][1][safepoint    ] Leaving safepoint region
[2022-06-13T03:21:46.739+0000][1][safepoint    ] Total time for which application threads were stopped: 0.0003943 seconds, Stopping threads took: 0.0001901 seconds
[2022-06-13T03:21:46.739+0000][1][safepoint    ] Application time: 0.0000592 seconds
[2022-06-13T03:21:46.739+0000][1][safepoint    ] Entering safepoint region: RevokeBias
[2022-06-13T03:21:46.740+0000][1][safepoint    ] Leaving safepoint region
[2022-06-13T03:21:46.740+0000][1][safepoint    ] Total time for which application threads were stopped: 0.0003371 seconds, Stopping threads took: 0.0001447 seconds
[2022-06-13T03:21:46.740+0000][1][safepoint    ] Application time: 0.0000428 seconds
[2022-06-13T03:21:46.740+0000][1][safepoint    ] Entering safepoint region: RevokeBias
[2022-06-13T03:21:46.740+0000][1][safepoint    ] Leaving safepoint region
[2022-06-13T03:21:46.740+0000][1][safepoint    ] Total time for which application threads were stopped: 0.0002764 seconds, Stopping threads took: 0.0001302 seconds
[2022-06-13T03:21:46.741+0000][1][safepoint    ] Application time: 0.0001943 seconds
[2022-06-13T03:21:46.741+0000][1][safepoint    ] Entering safepoint region: RevokeBias
[2022-06-13T03:21:46.741+0000][1][safepoint    ] Leaving safepoint region
[2022-06-13T03:21:46.741+0000][1][safepoint    ] Total time for which application threads were stopped: 0.0003182 seconds, Stopping threads took: 0.0001307 seconds
[2022-06-13T03:21:46.741+0000][1][safepoint    ] Application time: 0.0000420 seconds
[2022-06-13T03:21:46.741+0000][1][safepoint    ] Entering safepoint region: RevokeBias
[2022-06-13T03:21:46.742+0000][1][safepoint    ] Leaving safepoint region
[2022-06-13T03:21:46.742+0000][1][safepoint    ] Total time for which application threads were stopped: 0.0003020 seconds, Stopping threads took: 0.0001233 seconds
[2022-06-13T03:21:46.844+0000][1][safepoint    ] Application time: 0.1017817 seconds
[2022-06-13T03:21:46.844+0000][1][safepoint    ] Entering safepoint region: GenCollectForAllocation
[2022-06-13T03:21:46.845+0000][1][gc,start     ] GC(4) Pause Young (Allocation Failure)
[2022-06-13T03:21:46.845+0000][1][gc,task      ] GC(4) Using 5 workers of 13 for evacuation
[2022-06-13T03:21:46.851+0000][1][gc,age       ] GC(4) Desired survivor size 4456448 bytes, new threshold 2 (max threshold 6)
[2022-06-13T03:21:46.851+0000][1][gc,age       ] GC(4) Age table with threshold 2 (max threshold 6)
[2022-06-13T03:21:46.851+0000][1][gc,age       ] GC(4) - age   1:    1613952 bytes,    1613952 total
[2022-06-13T03:21:46.851+0000][1][gc,age       ] GC(4) - age   2:    3225472 bytes,    4839424 total
[2022-06-13T03:21:46.851+0000][1][gc,age       ] GC(4) - age   3:     293992 bytes,    5133416 total
[2022-06-13T03:21:46.852+0000][1][gc,heap      ] GC(4) ParNew: 75763K->7732K(78656K)
[2022-06-13T03:21:46.852+0000][1][gc,heap      ] GC(4) CMS: 6664K->7831K(174784K)
[2022-06-13T03:21:46.852+0000][1][gc,metaspace ] GC(4) Metaspace: 18589K->18589K(1067008K)
[2022-06-13T03:21:46.852+0000][1][gc           ] GC(4) Pause Young (Allocation Failure) 80M->15M(247M) 7.423ms
[2022-06-13T03:21:46.852+0000][1][gc,cpu       ] GC(4) User=0.02s Sys=0.00s Real=0.01s
[2022-06-13T03:21:46.852+0000][1][safepoint    ] Leaving safepoint region
[2022-06-13T03:21:46.852+0000][1][safepoint    ] Total time for which application threads were stopped: 0.0082408 seconds, Stopping threads took: 0.0002454 seconds
[2022-06-13T03:21:46.853+0000][1][safepoint    ] Application time: 0.0001936 seconds
[2022-06-13T03:21:46.853+0000][1][safepoint    ] Entering safepoint region: RevokeBias
[2022-06-13T03:21:46.853+0000][1][safepoint    ] Leaving safepoint region
[2022-06-13T03:21:46.853+0000][1][safepoint    ] Total time for which application threads were stopped: 0.0003184 seconds, Stopping threads took: 0.0001413 seconds
[2022-06-13T03:21:46.855+0000][1][safepoint    ] Application time: 0.0018444 seconds
[2022-06-13T03:21:46.856+0000][1][safepoint    ] Entering safepoint region: RevokeBias
[2022-06-13T03:21:46.856+0000][1][safepoint    ] Leaving safepoint region
[2022-06-13T03:21:46.856+0000][1][safepoint    ] Total time for which application threads were stopped: 0.0004209 seconds, Stopping threads took: 0.0001719 seconds
[2022-06-13T03:21:46.856+0000][1][safepoint    ] Application time: 0.0001137 seconds
[2022-06-13T03:21:46.856+0000][1][safepoint    ] Entering safepoint region: RevokeBias
[2022-06-13T03:21:46.856+0000][1][safepoint    ] Leaving safepoint region
[2022-06-13T03:21:46.857+0000][1][safepoint    ] Total time for which application threads were stopped: 0.0003128 seconds, Stopping threads took: 0.0001469 seconds
[2022-06-13T03:21:46.857+0000][1][safepoint    ] Application time: 0.0000745 seconds
[2022-06-13T03:21:46.857+0000][1][safepoint    ] Entering safepoint region: RevokeBias
[2022-06-13T03:21:46.857+0000][1][safepoint    ] Leaving safepoint region
[2022-06-13T03:21:46.857+0000][1][safepoint    ] Total time for which application threads were stopped: 0.0003037 seconds, Stopping threads took: 0.0001365 seconds
[2022-06-13T03:21:46.875+0000][1][safepoint    ] Application time: 0.0175075 seconds
[2022-06-13T03:21:46.875+0000][1][safepoint    ] Entering safepoint region: Deoptimize
[2022-06-13T03:21:46.876+0000][1][safepoint    ] Leaving safepoint region
[2022-06-13T03:21:46.876+0000][1][safepoint    ] Total time for which application threads were stopped: 0.0008797 seconds, Stopping threads took: 0.0001864 seconds
[2022-06-13T03:21:46.906+0000][1][safepoint    ] Application time: 0.0300408 seconds
[2022-06-13T03:21:46.906+0000][1][safepoint    ] Entering safepoint region: Deoptimize
[2022-06-13T03:21:46.907+0000][1][safepoint    ] Leaving safepoint region
[2022-06-13T03:21:46.907+0000][1][safepoint    ] Total time for which application threads were stopped: 0.0007315 seconds, Stopping threads took: 0.0001712 seconds
[2022-06-13T03:21:47.003+0000][1][safepoint    ] Application time: 0.0958557 seconds
[2022-06-13T03:21:47.005+0000][1][safepoint    ] Entering safepoint region: GenCollectForAllocation
[2022-06-13T03:21:47.005+0000][1][gc,start     ] GC(5) Pause Young (Allocation Failure)
[2022-06-13T03:21:47.005+0000][1][gc,task      ] GC(5) Using 5 workers of 13 for evacuation
[2022-06-13T03:21:47.011+0000][1][gc,age       ] GC(5) Desired survivor size 4456448 bytes, new threshold 6 (max threshold 6)
[2022-06-13T03:21:47.012+0000][1][gc,age       ] GC(5) Age table with threshold 6 (max threshold 6)
[2022-06-13T03:21:47.012+0000][1][gc,age       ] GC(5) - age   1:    2372472 bytes,    2372472 total
[2022-06-13T03:21:47.012+0000][1][gc,age       ] GC(5) - age   2:     550904 bytes,    2923376 total
[2022-06-13T03:21:47.012+0000][1][gc,heap      ] GC(5) ParNew: 77684K->5800K(78656K)
[2022-06-13T03:21:47.012+0000][1][gc,heap      ] GC(5) CMS: 7831K->11293K(174784K)
[2022-06-13T03:21:47.012+0000][1][gc,metaspace ] GC(5) Metaspace: 18965K->18965K(1067008K)
[2022-06-13T03:21:47.012+0000][1][gc           ] GC(5) Pause Young (Allocation Failure) 83M->16M(247M) 7.269ms
[2022-06-13T03:21:47.013+0000][1][gc,cpu       ] GC(5) User=0.04s Sys=0.00s Real=0.01s
[2022-06-13T03:21:47.013+0000][1][safepoint    ] Leaving safepoint region
[2022-06-13T03:21:47.013+0000][1][safepoint    ] Total time for which application threads were stopped: 0.0081198 seconds, Stopping threads took: 0.0003668 seconds
[2022-06-13T03:21:47.014+0000][1][safepoint    ] Application time: 0.0010227 seconds
[2022-06-13T03:21:47.014+0000][1][safepoint    ] Entering safepoint region: RevokeBias
[2022-06-13T03:21:47.015+0000][1][safepoint    ] Leaving safepoint region
[2022-06-13T03:21:47.015+0000][1][safepoint    ] Total time for which application threads were stopped: 0.0007373 seconds, Stopping threads took: 0.0003512 seconds
[2022-06-13T03:21:47.015+0000][1][safepoint    ] Application time: 0.0000601 seconds
[2022-06-13T03:21:47.015+0000][1][safepoint    ] Entering safepoint region: RevokeBias
[2022-06-13T03:21:47.016+0000][1][safepoint    ] Leaving safepoint region
[2022-06-13T03:21:47.016+0000][1][safepoint    ] Total time for which application threads were stopped: 0.0003666 seconds, Stopping threads took: 0.0001497 seconds
[2022-06-13T03:21:47.016+0000][1][safepoint    ] Application time: 0.0000662 seconds
[2022-06-13T03:21:47.016+0000][1][safepoint    ] Entering safepoint region: RevokeBias
[2022-06-13T03:21:47.016+0000][1][safepoint    ] Leaving safepoint region
[2022-06-13T03:21:47.016+0000][1][safepoint    ] Total time for which application threads were stopped: 0.0003267 seconds, Stopping threads took: 0.0001820 seconds
[2022-06-13T03:21:47.017+0000][1][safepoint    ] Application time: 0.0000398 seconds
[2022-06-13T03:21:47.017+0000][1][safepoint    ] Entering safepoint region: RevokeBias
[2022-06-13T03:21:47.017+0000][1][safepoint    ] Leaving safepoint region
[2022-06-13T03:21:47.017+0000][1][safepoint    ] Total time for which application threads were stopped: 0.0003249 seconds, Stopping threads took: 0.0001267 seconds
[2022-06-13T03:21:47.017+0000][1][safepoint    ] Application time: 0.0000552 seconds
[2022-06-13T03:21:47.017+0000][1][safepoint    ] Entering safepoint region: RevokeBias
[2022-06-13T03:21:47.018+0000][1][safepoint    ] Leaving safepoint region
[2022-06-13T03:21:47.019+0000][1][safepoint    ] Total time for which application threads were stopped: 0.0014787 seconds, Stopping threads took: 0.0001780 seconds
[2022-06-13T03:21:47.019+0000][1][safepoint    ] Application time: 0.0000607 seconds
[2022-06-13T03:21:47.019+0000][1][safepoint    ] Entering safepoint region: RevokeBias
[2022-06-13T03:21:47.019+0000][1][safepoint    ] Leaving safepoint region
[2022-06-13T03:21:47.020+0000][1][safepoint    ] Total time for which application threads were stopped: 0.0003947 seconds, Stopping threads took: 0.0001725 seconds
[2022-06-13T03:21:47.122+0000][1][safepoint    ] Application time: 0.1022812 seconds
[2022-06-13T03:21:47.123+0000][1][safepoint    ] Entering safepoint region: RevokeBias
[2022-06-13T03:21:47.123+0000][1][safepoint    ] Leaving safepoint region
[2022-06-13T03:21:47.123+0000][1][safepoint    ] Total time for which application threads were stopped: 0.0008407 seconds, Stopping threads took: 0.0005245 seconds
[2022-06-13T03:21:47.124+0000][1][safepoint    ] Application time: 0.0003161 seconds
[2022-06-13T03:21:47.124+0000][1][safepoint    ] Entering safepoint region: BulkRevokeBias
[2022-06-13T03:21:47.124+0000][1][safepoint    ] Leaving safepoint region
[2022-06-13T03:21:47.124+0000][1][safepoint    ] Total time for which application threads were stopped: 0.0003967 seconds, Stopping threads took: 0.0001715 seconds
[2022-06-13T03:21:47.147+0000][1][safepoint    ] Application time: 0.0222900 seconds
[2022-06-13T03:21:47.147+0000][1][safepoint    ] Entering safepoint region: GenCollectForAllocation
[2022-06-13T03:21:47.147+0000][1][gc,start     ] GC(6) Pause Young (Allocation Failure)
[2022-06-13T03:21:47.148+0000][1][gc,task      ] GC(6) Using 5 workers of 13 for evacuation
[2022-06-13T03:21:47.150+0000][1][gc,age       ] GC(6) Desired survivor size 4456448 bytes, new threshold 6 (max threshold 6)
[2022-06-13T03:21:47.150+0000][1][gc,age       ] GC(6) Age table with threshold 6 (max threshold 6)
[2022-06-13T03:21:47.150+0000][1][gc,age       ] GC(6) - age   1:    1371808 bytes,    1371808 total
[2022-06-13T03:21:47.151+0000][1][gc,age       ] GC(6) - age   2:    2196856 bytes,    3568664 total
[2022-06-13T03:21:47.151+0000][1][gc,age       ] GC(6) - age   3:     550904 bytes,    4119568 total
[2022-06-13T03:21:47.151+0000][1][gc,heap      ] GC(6) ParNew: 75752K->5452K(78656K)
[2022-06-13T03:21:47.151+0000][1][gc,heap      ] GC(6) CMS: 11293K->11293K(174784K)
[2022-06-13T03:21:47.151+0000][1][gc,metaspace ] GC(6) Metaspace: 19272K->19272K(1067008K)
[2022-06-13T03:21:47.151+0000][1][gc           ] GC(6) Pause Young (Allocation Failure) 85M->16M(247M) 3.832ms
[2022-06-13T03:21:47.151+0000][1][gc,cpu       ] GC(6) User=0.03s Sys=0.00s Real=0.01s
[2022-06-13T03:21:47.152+0000][1][safepoint    ] Leaving safepoint region
[2022-06-13T03:21:47.152+0000][1][safepoint    ] Total time for which application threads were stopped: 0.0045228 seconds, Stopping threads took: 0.0002114 seconds
[2022-06-13T03:21:47.152+0000][1][safepoint    ] Application time: 0.0001709 seconds
[2022-06-13T03:21:47.152+0000][1][safepoint    ] Entering safepoint region: BulkRevokeBias
[2022-06-13T03:21:47.153+0000][1][safepoint    ] Leaving safepoint region
[2022-06-13T03:21:47.153+0000][1][safepoint    ] Total time for which application threads were stopped: 0.0005858 seconds, Stopping threads took: 0.0003324 seconds
[2022-06-13T03:21:47.258+0000][1][safepoint    ] Application time: 0.1052054 seconds
[2022-06-13T03:21:47.259+0000][1][safepoint    ] Entering safepoint region: GenCollectForAllocation
[2022-06-13T03:21:47.259+0000][1][gc,start     ] GC(7) Pause Young (Allocation Failure)
[2022-06-13T03:21:47.259+0000][1][gc,task      ] GC(7) Using 5 workers of 13 for evacuation
[2022-06-13T03:21:47.261+0000][1][gc,age       ] GC(7) Desired survivor size 4456448 bytes, new threshold 6 (max threshold 6)
[2022-06-13T03:21:47.262+0000][1][gc,age       ] GC(7) Age table with threshold 6 (max threshold 6)
[2022-06-13T03:21:47.262+0000][1][gc,age       ] GC(7) - age   1:     532040 bytes,     532040 total
[2022-06-13T03:21:47.262+0000][1][gc,age       ] GC(7) - age   2:    1129184 bytes,    1661224 total
[2022-06-13T03:21:47.262+0000][1][gc,age       ] GC(7) - age   3:    2194848 bytes,    3856072 total
[2022-06-13T03:21:47.262+0000][1][gc,age       ] GC(7) - age   4:     550904 bytes,    4406976 total
[2022-06-13T03:21:47.262+0000][1][gc,heap      ] GC(7) ParNew: 75404K->5473K(78656K)
[2022-06-13T03:21:47.262+0000][1][gc,heap      ] GC(7) CMS: 11293K->11293K(174784K)
[2022-06-13T03:21:47.263+0000][1][gc,metaspace ] GC(7) Metaspace: 19702K->19702K(1067008K)
[2022-06-13T03:21:47.263+0000][1][gc           ] GC(7) Pause Young (Allocation Failure) 84M->16M(247M) 4.046ms
[2022-06-13T03:21:47.263+0000][1][gc,cpu       ] GC(7) User=0.02s Sys=0.00s Real=0.01s
[2022-06-13T03:21:47.263+0000][1][safepoint    ] Leaving safepoint region
[2022-06-13T03:21:47.263+0000][1][safepoint    ] Total time for which application threads were stopped: 0.0048086 seconds, Stopping threads took: 0.0001723 seconds
[2022-06-13T03:21:47.283+0000][1][safepoint    ] Application time: 0.0199570 seconds
[2022-06-13T03:21:47.284+0000][1][safepoint    ] Entering safepoint region: CollectForMetadataAllocation
[2022-06-13T03:21:47.284+0000][1][safepoint    ] Leaving safepoint region
[2022-06-13T03:21:47.284+0000][1][safepoint    ] Total time for which application threads were stopped: 0.0005418 seconds, Stopping threads took: 0.0002075 seconds
[2022-06-13T03:21:47.305+0000][1][safepoint    ] Application time: 0.0204587 seconds
[2022-06-13T03:21:47.305+0000][1][safepoint    ] Entering safepoint region: CollectForMetadataAllocation
[2022-06-13T03:21:47.305+0000][1][safepoint    ] Leaving safepoint region
[2022-06-13T03:21:47.305+0000][1][safepoint    ] Total time for which application threads were stopped: 0.0003622 seconds, Stopping threads took: 0.0001055 seconds
[2022-06-13T03:21:47.376+0000][1][safepoint    ] Application time: 0.0701265 seconds
[2022-06-13T03:21:47.376+0000][1][safepoint    ] Entering safepoint region: GenCollectForAllocation
[2022-06-13T03:21:47.376+0000][1][gc,start     ] GC(8) Pause Young (Allocation Failure)
[2022-06-13T03:21:47.376+0000][1][gc,task      ] GC(8) Using 5 workers of 13 for evacuation
[2022-06-13T03:21:47.378+0000][1][gc,age       ] GC(8) Desired survivor size 4456448 bytes, new threshold 5 (max threshold 6)
[2022-06-13T03:21:47.379+0000][1][gc,age       ] GC(8) Age table with threshold 5 (max threshold 6)
[2022-06-13T03:21:47.379+0000][1][gc,age       ] GC(8) - age   1:     490616 bytes,     490616 total
[2022-06-13T03:21:47.379+0000][1][gc,age       ] GC(8) - age   2:     510640 bytes,    1001256 total
[2022-06-13T03:21:47.379+0000][1][gc,age       ] GC(8) - age   3:    1129088 bytes,    2130344 total
[2022-06-13T03:21:47.379+0000][1][gc,age       ] GC(8) - age   4:    2194560 bytes,    4324904 total
[2022-06-13T03:21:47.379+0000][1][gc,age       ] GC(8) - age   5:     550904 bytes,    4875808 total
[2022-06-13T03:21:47.379+0000][1][gc,heap      ] GC(8) ParNew: 75425K->7128K(78656K)
[2022-06-13T03:21:47.380+0000][1][gc,heap      ] GC(8) CMS: 11293K->11293K(174784K)
[2022-06-13T03:21:47.380+0000][1][gc,metaspace ] GC(8) Metaspace: 20323K->20323K(1069056K)
[2022-06-13T03:21:47.380+0000][1][gc           ] GC(8) Pause Young (Allocation Failure) 84M->17M(247M) 3.750ms
[2022-06-13T03:21:47.380+0000][1][gc,cpu       ] GC(8) User=0.03s Sys=0.00s Real=0.01s
[2022-06-13T03:21:47.380+0000][1][safepoint    ] Leaving safepoint region
[2022-06-13T03:21:47.380+0000][1][safepoint    ] Total time for which application threads were stopped: 0.0042946 seconds, Stopping threads took: 0.0001315 seconds
[2022-06-13T03:21:47.381+0000][1][safepoint    ] Application time: 0.0001668 seconds
[2022-06-13T03:21:47.381+0000][1][safepoint    ] Entering safepoint region: CMS_Initial_Mark
[2022-06-13T03:21:47.381+0000][1][gc,start     ] GC(9) Pause Initial Mark
[2022-06-13T03:21:47.382+0000][1][gc           ] GC(9) Pause Initial Mark 19M->19M(247M) 0.662ms
[2022-06-13T03:21:47.382+0000][1][gc,cpu       ] GC(9) User=0.00s Sys=0.00s Real=0.00s
[2022-06-13T03:21:47.382+0000][1][safepoint    ] Leaving safepoint region
[2022-06-13T03:21:47.382+0000][1][safepoint    ] Total time for which application threads were stopped: 0.0012625 seconds, Stopping threads took: 0.0001651 seconds
[2022-06-13T03:21:47.382+0000][1][gc           ] GC(9) Concurrent Mark
[2022-06-13T03:21:47.383+0000][1][gc,task      ] GC(9) Using 4 workers of 4 for marking
[2022-06-13T03:21:47.391+0000][1][gc           ] GC(9) Concurrent Mark 8.583ms
[2022-06-13T03:21:47.391+0000][1][gc,cpu       ] GC(9) User=0.04s Sys=0.00s Real=0.01s
[2022-06-13T03:21:47.391+0000][1][gc           ] GC(9) Concurrent Preclean
[2022-06-13T03:21:47.392+0000][1][gc           ] GC(9) Concurrent Preclean 0.726ms
[2022-06-13T03:21:47.392+0000][1][gc,cpu       ] GC(9) User=0.00s Sys=0.00s Real=0.00s
[2022-06-13T03:21:47.392+0000][1][gc           ] GC(9) Concurrent Abortable Preclean
[2022-06-13T03:21:47.449+0000][1][safepoint    ] Application time: 0.0669353 seconds
[2022-06-13T03:21:47.449+0000][1][safepoint    ] Entering safepoint region: GenCollectForAllocation
[2022-06-13T03:21:47.450+0000][1][gc,start     ] GC(10) Pause Young (Allocation Failure)
[2022-06-13T03:21:47.450+0000][1][gc,task      ] GC(10) Using 5 workers of 13 for evacuation
[2022-06-13T03:21:47.454+0000][1][gc,age       ] GC(10) Desired survivor size 4456448 bytes, new threshold 5 (max threshold 6)
[2022-06-13T03:21:47.454+0000][1][gc,age       ] GC(10) Age table with threshold 5 (max threshold 6)
[2022-06-13T03:21:47.454+0000][1][gc,age       ] GC(10) - age   1:     937952 bytes,     937952 total
[2022-06-13T03:21:47.454+0000][1][gc,age       ] GC(10) - age   2:     463896 bytes,    1401848 total
[2022-06-13T03:21:47.454+0000][1][gc,age       ] GC(10) - age   3:     510520 bytes,    1912368 total
[2022-06-13T03:21:47.454+0000][1][gc,age       ] GC(10) - age   4:    1129088 bytes,    3041456 total
[2022-06-13T03:21:47.454+0000][1][gc,age       ] GC(10) - age   5:    2194368 bytes,    5235824 total
[2022-06-13T03:21:47.455+0000][1][gc,heap      ] GC(10) ParNew: 77080K->6150K(78656K)
[2022-06-13T03:21:47.455+0000][1][gc,heap      ] GC(10) CMS: 11293K->11841K(174784K)
[2022-06-13T03:21:47.455+0000][1][gc,metaspace ] GC(10) Metaspace: 20435K->20435K(1069056K)
[2022-06-13T03:21:47.455+0000][1][gc           ] GC(10) Pause Young (Allocation Failure) 86M->17M(247M) 5.236ms
[2022-06-13T03:21:47.455+0000][1][gc,cpu       ] GC(10) User=0.01s Sys=0.00s Real=0.00s
[2022-06-13T03:21:47.455+0000][1][safepoint    ] Leaving safepoint region
[2022-06-13T03:21:47.455+0000][1][safepoint    ] Total time for which application threads were stopped: 0.0057548 seconds, Stopping threads took: 0.0001786 seconds
[2022-06-13T03:21:47.522+0000][1][safepoint    ] Application time: 0.0668309 seconds
[2022-06-13T03:21:47.522+0000][1][safepoint    ] Entering safepoint region: GenCollectForAllocation
[2022-06-13T03:21:47.523+0000][1][gc,start     ] GC(11) Pause Young (Allocation Failure)
[2022-06-13T03:21:47.523+0000][1][gc,task      ] GC(11) Using 5 workers of 13 for evacuation
[2022-06-13T03:21:47.528+0000][1][gc,age       ] GC(11) Desired survivor size 4456448 bytes, new threshold 6 (max threshold 6)
[2022-06-13T03:21:47.529+0000][1][gc,age       ] GC(11) Age table with threshold 6 (max threshold 6)
[2022-06-13T03:21:47.529+0000][1][gc,age       ] GC(11) - age   1:    1822784 bytes,    1822784 total
[2022-06-13T03:21:47.529+0000][1][gc,age       ] GC(11) - age   2:     124408 bytes,    1947192 total
[2022-06-13T03:21:47.529+0000][1][gc,age       ] GC(11) - age   3:     463896 bytes,    2411088 total
[2022-06-13T03:21:47.529+0000][1][gc,age       ] GC(11) - age   4:     510368 bytes,    2921456 total
[2022-06-13T03:21:47.529+0000][1][gc,age       ] GC(11) - age   5:    1128800 bytes,    4050256 total
[2022-06-13T03:21:47.529+0000][1][gc,heap      ] GC(11) ParNew: 76102K->7258K(78656K)
[2022-06-13T03:21:47.529+0000][1][gc,heap      ] GC(11) CMS: 11841K->13998K(174784K)
[2022-06-13T03:21:47.530+0000][1][gc,metaspace ] GC(11) Metaspace: 20512K->20512K(1069056K)
[2022-06-13T03:21:47.530+0000][1][gc           ] GC(11) Pause Young (Allocation Failure) 85M->20M(247M) 7.063ms
[2022-06-13T03:21:47.530+0000][1][gc,cpu       ] GC(11) User=0.02s Sys=0.00s Real=0.01s
[2022-06-13T03:21:47.530+0000][1][safepoint    ] Leaving safepoint region
[2022-06-13T03:21:47.530+0000][1][safepoint    ] Total time for which application threads were stopped: 0.0077272 seconds, Stopping threads took: 0.0002140 seconds
[2022-06-13T03:21:47.569+0000][1][safepoint    ] Application time: 0.0385918 seconds
[2022-06-13T03:21:47.569+0000][1][safepoint    ] Entering safepoint region: CollectForMetadataAllocation
[2022-06-13T03:21:47.569+0000][1][safepoint    ] Leaving safepoint region
[2022-06-13T03:21:47.569+0000][1][safepoint    ] Total time for which application threads were stopped: 0.0003818 seconds, Stopping threads took: 0.0001541 seconds
[2022-06-13T03:21:47.579+0000][1][gc           ] GC(9) Concurrent Abortable Preclean 186.606ms
[2022-06-13T03:21:47.579+0000][1][gc,cpu       ] GC(9) User=0.39s Sys=0.03s Real=0.19s
[2022-06-13T03:21:47.579+0000][1][safepoint    ] Application time: 0.0098446 seconds
[2022-06-13T03:21:47.580+0000][1][safepoint    ] Entering safepoint region: CMS_Final_Remark
[2022-06-13T03:21:47.580+0000][1][gc,start     ] GC(9) Pause Remark
[2022-06-13T03:21:47.590+0000][1][gc           ] GC(9) Pause Remark 58M->58M(247M) 10.516ms
[2022-06-13T03:21:47.591+0000][1][gc,cpu       ] GC(9) User=0.01s Sys=0.00s Real=0.01s
[2022-06-13T03:21:47.591+0000][1][safepoint    ] Leaving safepoint region
[2022-06-13T03:21:47.591+0000][1][safepoint    ] Total time for which application threads were stopped: 0.0113334 seconds, Stopping threads took: 0.0001467 seconds
[2022-06-13T03:21:47.591+0000][1][gc           ] GC(9) Concurrent Sweep
[2022-06-13T03:21:47.596+0000][1][gc           ] GC(9) Concurrent Sweep 4.614ms
[2022-06-13T03:21:47.596+0000][1][gc,cpu       ] GC(9) User=0.01s Sys=0.00s Real=0.00s
[2022-06-13T03:21:47.596+0000][1][gc           ] GC(9) Concurrent Reset
[2022-06-13T03:21:47.597+0000][1][gc           ] GC(9) Concurrent Reset 0.463ms
[2022-06-13T03:21:47.597+0000][1][gc,cpu       ] GC(9) User=0.00s Sys=0.00s Real=0.00s
[2022-06-13T03:21:47.597+0000][1][gc,heap      ] GC(9) Old: 11293K->13973K(174784K)
[2022-06-13T03:21:47.843+0000][1][safepoint    ] Application time: 0.2524485 seconds
[2022-06-13T03:21:47.844+0000][1][safepoint    ] Entering safepoint region: Deoptimize
[2022-06-13T03:21:47.845+0000][1][safepoint    ] Leaving safepoint region
[2022-06-13T03:21:47.846+0000][1][safepoint    ] Total time for which application threads were stopped: 0.0017376 seconds, Stopping threads took: 0.0002408 seconds
[2022-06-13T03:21:47.926+0000][1][safepoint    ] Application time: 0.0796759 seconds
[2022-06-13T03:21:47.926+0000][1][safepoint    ] Entering safepoint region: Deoptimize
[2022-06-13T03:21:47.927+0000][1][safepoint    ] Leaving safepoint region
[2022-06-13T03:21:47.927+0000][1][safepoint    ] Total time for which application threads were stopped: 0.0009935 seconds, Stopping threads took: 0.0002623 seconds
[2022-06-13T03:21:47.940+0000][1][safepoint    ] Application time: 0.0126019 seconds
[2022-06-13T03:21:47.940+0000][1][safepoint    ] Entering safepoint region: RevokeBias
[2022-06-13T03:21:47.940+0000][1][safepoint    ] Leaving safepoint region
[2022-06-13T03:21:47.940+0000][1][safepoint    ] Total time for which application threads were stopped: 0.0003580 seconds, Stopping threads took: 0.0001823 seconds
[2022-06-13T03:21:47.941+0000][1][safepoint    ] Application time: 0.0004495 seconds
[2022-06-13T03:21:47.941+0000][1][safepoint    ] Entering safepoint region: Deoptimize
[2022-06-13T03:21:47.942+0000][1][safepoint    ] Leaving safepoint region
[2022-06-13T03:21:47.942+0000][1][safepoint    ] Total time for which application threads were stopped: 0.0008379 seconds, Stopping threads took: 0.0001391 seconds
[2022-06-13T03:21:47.946+0000][1][safepoint    ] Application time: 0.0041294 seconds
[2022-06-13T03:21:47.947+0000][1][safepoint    ] Entering safepoint region: Deoptimize
[2022-06-13T03:21:47.947+0000][1][safepoint    ] Leaving safepoint region
[2022-06-13T03:21:47.948+0000][1][safepoint    ] Total time for which application threads were stopped: 0.0009306 seconds, Stopping threads took: 0.0002069 seconds
[2022-06-13T03:21:48.059+0000][1][safepoint    ] Application time: 0.1111857 seconds
[2022-06-13T03:21:48.076+0000][1][safepoint    ] Entering safepoint region: GenCollectForAllocation
[2022-06-13T03:21:48.077+0000][1][gc,start     ] GC(12) Pause Young (Allocation Failure)
[2022-06-13T03:21:48.077+0000][1][gc,task      ] GC(12) Using 5 workers of 13 for evacuation
[2022-06-13T03:21:48.085+0000][1][gc,age       ] GC(12) Desired survivor size 4456448 bytes, new threshold 5 (max threshold 6)
[2022-06-13T03:21:48.085+0000][1][gc,age       ] GC(12) Age table with threshold 5 (max threshold 6)
[2022-06-13T03:21:48.086+0000][1][gc,age       ] GC(12) - age   1:    3226512 bytes,    3226512 total
[2022-06-13T03:21:48.086+0000][1][gc,age       ] GC(12) - age   2:     345096 bytes,    3571608 total
[2022-06-13T03:21:48.087+0000][1][gc,age       ] GC(12) - age   3:     124144 bytes,    3695752 total
[2022-06-13T03:21:48.087+0000][1][gc,age       ] GC(12) - age   4:     463384 bytes,    4159136 total
[2022-06-13T03:21:48.087+0000][1][gc,age       ] GC(12) - age   5:     505520 bytes,    4664656 total
[2022-06-13T03:21:48.087+0000][1][gc,age       ] GC(12) - age   6:    1128640 bytes,    5793296 total
[2022-06-13T03:21:48.087+0000][1][gc,heap      ] GC(12) ParNew: 77210K->7133K(78656K)
[2022-06-13T03:21:48.087+0000][1][gc,heap      ] GC(12) CMS: 13973K->13973K(174784K)
[2022-06-13T03:21:48.087+0000][1][gc,metaspace ] GC(12) Metaspace: 26307K->26307K(1073152K)
[2022-06-13T03:21:48.088+0000][1][gc           ] GC(12) Pause Young (Allocation Failure) 89M->20M(247M) 11.023ms
[2022-06-13T03:21:48.088+0000][1][gc,cpu       ] GC(12) User=0.02s Sys=0.00s Real=0.01s
[2022-06-13T03:21:48.088+0000][1][safepoint    ] Leaving safepoint region
[2022-06-13T03:21:48.088+0000][1][safepoint    ] Total time for which application threads were stopped: 0.0285946 seconds, Stopping threads took: 0.0169800 seconds
[2022-06-13T03:21:48.929+0000][1][safepoint    ] Application time: 0.8404689 seconds
[2022-06-13T03:21:48.929+0000][1][safepoint    ] Entering safepoint region: RevokeBias
[2022-06-13T03:21:48.930+0000][1][safepoint    ] Leaving safepoint region
[2022-06-13T03:21:48.930+0000][1][safepoint    ] Total time for which application threads were stopped: 0.0008307 seconds, Stopping threads took: 0.0002911 seconds
[2022-06-13T03:21:48.944+0000][1][safepoint    ] Application time: 0.0143348 seconds
[2022-06-13T03:21:48.945+0000][1][safepoint    ] Entering safepoint region: GenCollectForAllocation
[2022-06-13T03:21:48.945+0000][1][gc,start     ] GC(13) Pause Young (Allocation Failure)
[2022-06-13T03:21:48.945+0000][1][gc,task      ] GC(13) Using 5 workers of 13 for evacuation
[2022-06-13T03:21:48.983+0000][1][gc,age       ] GC(13) Desired survivor size 4456448 bytes, new threshold 1 (max threshold 6)
[2022-06-13T03:21:48.984+0000][1][gc,age       ] GC(13) Age table with threshold 1 (max threshold 6)
[2022-06-13T03:21:48.984+0000][1][gc,age       ] GC(13) - age   1:    5150800 bytes,    5150800 total
[2022-06-13T03:21:48.984+0000][1][gc,age       ] GC(13) - age   2:    2827400 bytes,    7978200 total
[2022-06-13T03:21:48.984+0000][1][gc,age       ] GC(13) - age   3:     345096 bytes,    8323296 total
[2022-06-13T03:21:48.984+0000][1][gc,age       ] GC(13) - age   4:     124144 bytes,    8447440 total
[2022-06-13T03:21:48.985+0000][1][gc,age       ] GC(13) - age   5:     463384 bytes,    8910824 total
[2022-06-13T03:21:48.985+0000][1][gc,heap      ] GC(13) ParNew: 77085K->8704K(78656K)
[2022-06-13T03:21:48.985+0000][1][gc,heap      ] GC(13) CMS: 13973K->25781K(174784K)
[2022-06-13T03:21:48.985+0000][1][gc,metaspace ] GC(13) Metaspace: 26936K->26936K(1075200K)
[2022-06-13T03:21:48.985+0000][1][gc           ] GC(13) Pause Young (Allocation Failure) 88M->33M(247M) 40.276ms
[2022-06-13T03:21:48.985+0000][1][gc,cpu       ] GC(13) User=0.28s Sys=0.00s Real=0.04s
[2022-06-13T03:21:48.986+0000][1][safepoint    ] Leaving safepoint region
[2022-06-13T03:21:48.986+0000][1][safepoint    ] Total time for which application threads were stopped: 0.0410703 seconds, Stopping threads took: 0.0001928 seconds
[2022-06-13T03:21:49.148+0000][1][safepoint    ] Application time: 0.1619078 seconds
[2022-06-13T03:21:49.149+0000][1][safepoint    ] Entering safepoint region: Deoptimize
[2022-06-13T03:21:49.150+0000][1][safepoint    ] Leaving safepoint region
[2022-06-13T03:21:49.150+0000][1][safepoint    ] Total time for which application threads were stopped: 0.0012033 seconds, Stopping threads took: 0.0001746 seconds
[2022-06-13T03:21:49.461+0000][1][safepoint    ] Application time: 0.3109659 seconds
[2022-06-13T03:21:49.462+0000][1][safepoint    ] Entering safepoint region: GenCollectForAllocation
[2022-06-13T03:21:49.462+0000][1][gc,start     ] GC(14) Pause Young (Allocation Failure)
[2022-06-13T03:21:49.462+0000][1][gc,task      ] GC(14) Using 5 workers of 13 for evacuation
[2022-06-13T03:21:49.520+0000][1][gc,age       ] GC(14) Desired survivor size 4456448 bytes, new threshold 1 (max threshold 6)
[2022-06-13T03:21:49.524+0000][1][gc,age       ] GC(14) Age table with threshold 1 (max threshold 6)
[2022-06-13T03:21:49.524+0000][1][gc,age       ] GC(14) - age   1:    8105088 bytes,    8105088 total
[2022-06-13T03:21:49.524+0000][1][gc,heap      ] GC(14) ParNew: 78656K->8704K(78656K)
[2022-06-13T03:21:49.525+0000][1][gc,heap      ] GC(14) CMS: 25781K->40654K(174784K)
[2022-06-13T03:21:49.525+0000][1][gc,metaspace ] GC(14) Metaspace: 27072K->27072K(1075200K)
[2022-06-13T03:21:49.525+0000][1][gc           ] GC(14) Pause Young (Allocation Failure) 101M->48M(247M) 62.775ms
[2022-06-13T03:21:49.525+0000][1][gc,cpu       ] GC(14) User=0.21s Sys=0.00s Real=0.06s
[2022-06-13T03:21:49.525+0000][1][safepoint    ] Leaving safepoint region
[2022-06-13T03:21:49.525+0000][1][safepoint    ] Total time for which application threads were stopped: 0.0634052 seconds, Stopping threads took: 0.0001855 seconds
[2022-06-13T03:21:49.959+0000][1][safepoint    ] Application time: 0.4338098 seconds
[2022-06-13T03:21:49.959+0000][1][safepoint    ] Entering safepoint region: RevokeBias
[2022-06-13T03:21:49.960+0000][1][safepoint    ] Leaving safepoint region
[2022-06-13T03:21:49.960+0000][1][safepoint    ] Total time for which application threads were stopped: 0.0003958 seconds, Stopping threads took: 0.0001496 seconds
[2022-06-13T03:21:49.965+0000][1][safepoint    ] Application time: 0.0052929 seconds
[2022-06-13T03:21:49.966+0000][1][safepoint    ] Entering safepoint region: RevokeBias
[2022-06-13T03:21:49.966+0000][1][safepoint    ] Leaving safepoint region
[2022-06-13T03:21:49.966+0000][1][safepoint    ] Total time for which application threads were stopped: 0.0004124 seconds, Stopping threads took: 0.0001890 seconds
[2022-06-13T03:21:50.143+0000][1][safepoint    ] Application time: 0.1765115 seconds
[2022-06-13T03:21:50.143+0000][1][safepoint    ] Entering safepoint region: GenCollectForAllocation
[2022-06-13T03:21:50.143+0000][1][gc,start     ] GC(15) Pause Young (Allocation Failure)
[2022-06-13T03:21:50.144+0000][1][gc,task      ] GC(15) Using 5 workers of 13 for evacuation
[2022-06-13T03:21:50.158+0000][1][gc,age       ] GC(15) Desired survivor size 4456448 bytes, new threshold 1 (max threshold 6)
[2022-06-13T03:21:50.159+0000][1][gc,age       ] GC(15) Age table with threshold 1 (max threshold 6)
[2022-06-13T03:21:50.159+0000][1][gc,age       ] GC(15) - age   1:    6503680 bytes,    6503680 total
[2022-06-13T03:21:50.159+0000][1][gc,heap      ] GC(15) ParNew: 78656K->8704K(78656K)
[2022-06-13T03:21:50.159+0000][1][gc,heap      ] GC(15) CMS: 40654K->49667K(174784K)
[2022-06-13T03:21:50.159+0000][1][gc,metaspace ] GC(15) Metaspace: 32234K->32234K(1079296K)
[2022-06-13T03:21:50.159+0000][1][gc           ] GC(15) Pause Young (Allocation Failure) 116M->57M(247M) 15.864ms
[2022-06-13T03:21:50.159+0000][1][gc,cpu       ] GC(15) User=0.06s Sys=0.00s Real=0.02s
[2022-06-13T03:21:50.159+0000][1][safepoint    ] Leaving safepoint region
[2022-06-13T03:21:50.160+0000][1][safepoint    ] Total time for which application threads were stopped: 0.0164465 seconds, Stopping threads took: 0.0001680 seconds
[2022-06-13T03:21:50.257+0000][1][safepoint    ] Application time: 0.0973104 seconds
[2022-06-13T03:21:50.257+0000][1][safepoint    ] Entering safepoint region: GenCollectForAllocation
[2022-06-13T03:21:50.258+0000][1][gc,start     ] GC(16) Pause Young (Allocation Failure)
[2022-06-13T03:21:50.258+0000][1][gc,task      ] GC(16) Using 5 workers of 13 for evacuation
[2022-06-13T03:21:50.264+0000][1][gc,age       ] GC(16) Desired survivor size 4456448 bytes, new threshold 6 (max threshold 6)
[2022-06-13T03:21:50.264+0000][1][gc,age       ] GC(16) Age table with threshold 6 (max threshold 6)
[2022-06-13T03:21:50.264+0000][1][gc,age       ] GC(16) - age   1:     328840 bytes,     328840 total
[2022-06-13T03:21:50.264+0000][1][gc,heap      ] GC(16) ParNew: 78656K->6721K(78656K)
[2022-06-13T03:21:50.264+0000][1][gc,heap      ] GC(16) CMS: 49667K->56067K(174784K)
[2022-06-13T03:21:50.265+0000][1][gc,metaspace ] GC(16) Metaspace: 32855K->32855K(1079296K)
[2022-06-13T03:21:50.265+0000][1][gc           ] GC(16) Pause Young (Allocation Failure) 125M->61M(247M) 7.184ms
[2022-06-13T03:21:50.265+0000][1][gc,cpu       ] GC(16) User=0.04s Sys=0.00s Real=0.01s
[2022-06-13T03:21:50.265+0000][1][safepoint    ] Leaving safepoint region
[2022-06-13T03:21:50.265+0000][1][safepoint    ] Total time for which application threads were stopped: 0.0078271 seconds, Stopping threads took: 0.0001676 seconds
[2022-06-13T03:21:50.437+0000][1][safepoint    ] Application time: 0.1721015 seconds
[2022-06-13T03:21:50.438+0000][1][safepoint    ] Entering safepoint region: CollectForMetadataAllocation
[2022-06-13T03:21:50.438+0000][1][safepoint    ] Leaving safepoint region
[2022-06-13T03:21:50.438+0000][1][safepoint    ] Total time for which application threads were stopped: 0.0005434 seconds, Stopping threads took: 0.0001817 seconds
[2022-06-13T03:21:50.451+0000][1][safepoint    ] Application time: 0.0123623 seconds
[2022-06-13T03:21:50.451+0000][1][safepoint    ] Entering safepoint region: CollectForMetadataAllocation
[2022-06-13T03:21:50.451+0000][1][safepoint    ] Leaving safepoint region
[2022-06-13T03:21:50.451+0000][1][safepoint    ] Total time for which application threads were stopped: 0.0004827 seconds, Stopping threads took: 0.0001859 seconds
[2022-06-13T03:21:50.468+0000][1][safepoint    ] Application time: 0.0162720 seconds
[2022-06-13T03:21:50.468+0000][1][safepoint    ] Entering safepoint region: CollectForMetadataAllocation
[2022-06-13T03:21:50.468+0000][1][safepoint    ] Leaving safepoint region
[2022-06-13T03:21:50.468+0000][1][safepoint    ] Total time for which application threads were stopped: 0.0003580 seconds, Stopping threads took: 0.0001297 seconds
[2022-06-13T03:21:50.484+0000][1][safepoint    ] Application time: 0.0156672 seconds
[2022-06-13T03:21:50.484+0000][1][safepoint    ] Entering safepoint region: CollectForMetadataAllocation
[2022-06-13T03:21:50.485+0000][1][safepoint    ] Leaving safepoint region
[2022-06-13T03:21:50.485+0000][1][safepoint    ] Total time for which application threads were stopped: 0.0003882 seconds, Stopping threads took: 0.0001499 seconds
[2022-06-13T03:21:50.496+0000][1][safepoint    ] Application time: 0.0116141 seconds
[2022-06-13T03:21:50.497+0000][1][safepoint    ] Entering safepoint region: CollectForMetadataAllocation
[2022-06-13T03:21:50.497+0000][1][safepoint    ] Leaving safepoint region
[2022-06-13T03:21:50.497+0000][1][safepoint    ] Total time for which application threads were stopped: 0.0004267 seconds, Stopping threads took: 0.0001643 seconds
[2022-06-13T03:21:50.517+0000][1][safepoint    ] Application time: 0.0201193 seconds
[2022-06-13T03:21:50.518+0000][1][safepoint    ] Entering safepoint region: CollectForMetadataAllocation
[2022-06-13T03:21:50.518+0000][1][safepoint    ] Leaving safepoint region
[2022-06-13T03:21:50.518+0000][1][safepoint    ] Total time for which application threads were stopped: 0.0004047 seconds, Stopping threads took: 0.0001739 seconds
[2022-06-13T03:21:50.532+0000][1][safepoint    ] Application time: 0.0141207 seconds
[2022-06-13T03:21:50.533+0000][1][safepoint    ] Entering safepoint region: CollectForMetadataAllocation
[2022-06-13T03:21:50.533+0000][1][safepoint    ] Leaving safepoint region
[2022-06-13T03:21:50.533+0000][1][safepoint    ] Total time for which application threads were stopped: 0.0004414 seconds, Stopping threads took: 0.0001717 seconds
[2022-06-13T03:21:50.547+0000][1][safepoint    ] Application time: 0.0140874 seconds
[2022-06-13T03:21:50.547+0000][1][safepoint    ] Entering safepoint region: RevokeBias
[2022-06-13T03:21:50.548+0000][1][safepoint    ] Leaving safepoint region
[2022-06-13T03:21:50.548+0000][1][safepoint    ] Total time for which application threads were stopped: 0.0003349 seconds, Stopping threads took: 0.0001394 seconds
[2022-06-13T03:21:50.552+0000][1][safepoint    ] Application time: 0.0037249 seconds
[2022-06-13T03:21:50.552+0000][1][safepoint    ] Entering safepoint region: CollectForMetadataAllocation
[2022-06-13T03:21:50.552+0000][1][safepoint    ] Leaving safepoint region
[2022-06-13T03:21:50.552+0000][1][safepoint    ] Total time for which application threads were stopped: 0.0003694 seconds, Stopping threads took: 0.0001277 seconds
[2022-06-13T03:21:50.565+0000][1][safepoint    ] Application time: 0.0128451 seconds
[2022-06-13T03:21:50.566+0000][1][safepoint    ] Entering safepoint region: RevokeBias
[2022-06-13T03:21:50.566+0000][1][safepoint    ] Leaving safepoint region
[2022-06-13T03:21:50.566+0000][1][safepoint    ] Total time for which application threads were stopped: 0.0004218 seconds, Stopping threads took: 0.0001732 seconds
[2022-06-13T03:21:50.571+0000][1][safepoint    ] Application time: 0.0046559 seconds
[2022-06-13T03:21:50.571+0000][1][safepoint    ] Entering safepoint region: CollectForMetadataAllocation
[2022-06-13T03:21:50.571+0000][1][safepoint    ] Leaving safepoint region
[2022-06-13T03:21:50.571+0000][1][safepoint    ] Total time for which application threads were stopped: 0.0004034 seconds, Stopping threads took: 0.0001336 seconds
[2022-06-13T03:21:50.589+0000][1][safepoint    ] Application time: 0.0173614 seconds
[2022-06-13T03:21:50.589+0000][1][safepoint    ] Entering safepoint region: CollectForMetadataAllocation
[2022-06-13T03:21:50.589+0000][1][safepoint    ] Leaving safepoint region
[2022-06-13T03:21:50.590+0000][1][safepoint    ] Total time for which application threads were stopped: 0.0004513 seconds, Stopping threads took: 0.0001642 seconds
[2022-06-13T03:21:50.606+0000][1][safepoint    ] Application time: 0.0166514 seconds
[2022-06-13T03:21:50.607+0000][1][safepoint    ] Entering safepoint region: CollectForMetadataAllocation
[2022-06-13T03:21:50.607+0000][1][safepoint    ] Leaving safepoint region
[2022-06-13T03:21:50.607+0000][1][safepoint    ] Total time for which application threads were stopped: 0.0004142 seconds, Stopping threads took: 0.0002038 seconds
[2022-06-13T03:21:50.627+0000][1][safepoint    ] Application time: 0.0198109 seconds
[2022-06-13T03:21:50.627+0000][1][safepoint    ] Entering safepoint region: CollectForMetadataAllocation
[2022-06-13T03:21:50.628+0000][1][safepoint    ] Leaving safepoint region
[2022-06-13T03:21:50.628+0000][1][safepoint    ] Total time for which application threads were stopped: 0.0003971 seconds, Stopping threads took: 0.0001494 seconds
[2022-06-13T03:21:50.640+0000][1][safepoint    ] Application time: 0.0122490 seconds
[2022-06-13T03:21:50.640+0000][1][safepoint    ] Entering safepoint region: CollectForMetadataAllocation
[2022-06-13T03:21:50.640+0000][1][safepoint    ] Leaving safepoint region
[2022-06-13T03:21:50.641+0000][1][safepoint    ] Total time for which application threads were stopped: 0.0004223 seconds, Stopping threads took: 0.0001552 seconds
[2022-06-13T03:21:50.653+0000][1][safepoint    ] Application time: 0.0119220 seconds
[2022-06-13T03:21:50.653+0000][1][safepoint    ] Entering safepoint region: CollectForMetadataAllocation
[2022-06-13T03:21:50.653+0000][1][safepoint    ] Leaving safepoint region
[2022-06-13T03:21:50.653+0000][1][safepoint    ] Total time for which application threads were stopped: 0.0004505 seconds, Stopping threads took: 0.0001923 seconds
[2022-06-13T03:21:50.673+0000][1][safepoint    ] Application time: 0.0191608 seconds
[2022-06-13T03:21:50.673+0000][1][safepoint    ] Entering safepoint region: CollectForMetadataAllocation
[2022-06-13T03:21:50.674+0000][1][safepoint    ] Leaving safepoint region
[2022-06-13T03:21:50.674+0000][1][safepoint    ] Total time for which application threads were stopped: 0.0005613 seconds, Stopping threads took: 0.0002243 seconds
[2022-06-13T03:21:50.692+0000][1][safepoint    ] Application time: 0.0179494 seconds
[2022-06-13T03:21:50.692+0000][1][safepoint    ] Entering safepoint region: CollectForMetadataAllocation
[2022-06-13T03:21:50.692+0000][1][safepoint    ] Leaving safepoint region
[2022-06-13T03:21:50.693+0000][1][safepoint    ] Total time for which application threads were stopped: 0.0004633 seconds, Stopping threads took: 0.0001879 seconds
[2022-06-13T03:21:50.707+0000][1][safepoint    ] Application time: 0.0137991 seconds
[2022-06-13T03:21:50.707+0000][1][safepoint    ] Entering safepoint region: CollectForMetadataAllocation
[2022-06-13T03:21:50.707+0000][1][safepoint    ] Leaving safepoint region
[2022-06-13T03:21:50.707+0000][1][safepoint    ] Total time for which application threads were stopped: 0.0004501 seconds, Stopping threads took: 0.0001797 seconds
[2022-06-13T03:21:50.724+0000][1][safepoint    ] Application time: 0.0163714 seconds
[2022-06-13T03:21:50.724+0000][1][safepoint    ] Entering safepoint region: CollectForMetadataAllocation
[2022-06-13T03:21:50.724+0000][1][safepoint    ] Leaving safepoint region
[2022-06-13T03:21:50.724+0000][1][safepoint    ] Total time for which application threads were stopped: 0.0002927 seconds, Stopping threads took: 0.0000872 seconds
[2022-06-13T03:21:50.737+0000][1][safepoint    ] Application time: 0.0131091 seconds
[2022-06-13T03:21:50.738+0000][1][safepoint    ] Entering safepoint region: CollectForMetadataAllocation
[2022-06-13T03:21:50.738+0000][1][safepoint    ] Leaving safepoint region
[2022-06-13T03:21:50.738+0000][1][safepoint    ] Total time for which application threads were stopped: 0.0003668 seconds, Stopping threads took: 0.0001515 seconds
[2022-06-13T03:21:50.756+0000][1][safepoint    ] Application time: 0.0174106 seconds
[2022-06-13T03:21:50.756+0000][1][safepoint    ] Entering safepoint region: CollectForMetadataAllocation
[2022-06-13T03:21:50.756+0000][1][safepoint    ] Leaving safepoint region
[2022-06-13T03:21:50.756+0000][1][safepoint    ] Total time for which application threads were stopped: 0.0004876 seconds, Stopping threads took: 0.0001658 seconds
[2022-06-13T03:21:50.779+0000][1][safepoint    ] Application time: 0.0224585 seconds
[2022-06-13T03:21:50.779+0000][1][safepoint    ] Entering safepoint region: CollectForMetadataAllocation
[2022-06-13T03:21:50.780+0000][1][safepoint    ] Leaving safepoint region
[2022-06-13T03:21:50.780+0000][1][safepoint    ] Total time for which application threads were stopped: 0.0011595 seconds, Stopping threads took: 0.0004017 seconds
[2022-06-13T03:21:50.808+0000][1][safepoint    ] Application time: 0.0273609 seconds
[2022-06-13T03:21:50.809+0000][1][safepoint    ] Entering safepoint region: CollectForMetadataAllocation
[2022-06-13T03:21:50.809+0000][1][safepoint    ] Leaving safepoint region
[2022-06-13T03:21:50.809+0000][1][safepoint    ] Total time for which application threads were stopped: 0.0004896 seconds, Stopping threads took: 0.0002158 seconds
[2022-06-13T03:21:50.846+0000][1][safepoint    ] Application time: 0.0364246 seconds
[2022-06-13T03:21:50.846+0000][1][safepoint    ] Entering safepoint region: CollectForMetadataAllocation
[2022-06-13T03:21:50.846+0000][1][safepoint    ] Leaving safepoint region
[2022-06-13T03:21:50.847+0000][1][safepoint    ] Total time for which application threads were stopped: 0.0006579 seconds, Stopping threads took: 0.0002064 seconds
[2022-06-13T03:21:50.871+0000][1][safepoint    ] Application time: 0.0238246 seconds
[2022-06-13T03:21:50.871+0000][1][safepoint    ] Entering safepoint region: CollectForMetadataAllocation
[2022-06-13T03:21:50.871+0000][1][safepoint    ] Leaving safepoint region
[2022-06-13T03:21:50.871+0000][1][safepoint    ] Total time for which application threads were stopped: 0.0004532 seconds, Stopping threads took: 0.0001775 seconds
[2022-06-13T03:21:50.914+0000][1][safepoint    ] Application time: 0.0425194 seconds
[2022-06-13T03:21:50.914+0000][1][safepoint    ] Entering safepoint region: RevokeBias
[2022-06-13T03:21:50.915+0000][1][safepoint    ] Leaving safepoint region
[2022-06-13T03:21:50.915+0000][1][safepoint    ] Total time for which application threads were stopped: 0.0003212 seconds, Stopping threads took: 0.0001595 seconds
[2022-06-13T03:21:50.915+0000][1][safepoint    ] Application time: 0.0001885 seconds
[2022-06-13T03:21:50.915+0000][1][safepoint    ] Entering safepoint region: RevokeBias
[2022-06-13T03:21:50.915+0000][1][safepoint    ] Leaving safepoint region
[2022-06-13T03:21:50.915+0000][1][safepoint    ] Total time for which application threads were stopped: 0.0002616 seconds, Stopping threads took: 0.0001258 seconds
[2022-06-13T03:21:50.922+0000][1][safepoint    ] Application time: 0.0066572 seconds
[2022-06-13T03:21:50.922+0000][1][safepoint    ] Entering safepoint region: CollectForMetadataAllocation
[2022-06-13T03:21:50.923+0000][1][safepoint    ] Leaving safepoint region
[2022-06-13T03:21:50.923+0000][1][safepoint    ] Total time for which application threads were stopped: 0.0004417 seconds, Stopping threads took: 0.0001770 seconds
[2022-06-13T03:21:51.136+0000][1][safepoint    ] Application time: 0.2133671 seconds
[2022-06-13T03:21:51.137+0000][1][safepoint    ] Entering safepoint region: CollectForMetadataAllocation
[2022-06-13T03:21:51.137+0000][1][safepoint    ] Leaving safepoint region
[2022-06-13T03:21:51.137+0000][1][safepoint    ] Total time for which application threads were stopped: 0.0004435 seconds, Stopping threads took: 0.0001469 seconds
[2022-06-13T03:21:51.407+0000][1][safepoint    ] Application time: 0.2699938 seconds
[2022-06-13T03:21:51.407+0000][1][safepoint    ] Entering safepoint region: CollectForMetadataAllocation
[2022-06-13T03:21:51.408+0000][1][safepoint    ] Leaving safepoint region
[2022-06-13T03:21:51.408+0000][1][safepoint    ] Total time for which application threads were stopped: 0.0004371 seconds, Stopping threads took: 0.0001499 seconds
[2022-06-13T03:21:51.418+0000][1][safepoint    ] Application time: 0.0099542 seconds
[2022-06-13T03:21:51.418+0000][1][safepoint    ] Entering safepoint region: GenCollectForAllocation
[2022-06-13T03:21:51.418+0000][1][gc,start     ] GC(17) Pause Young (Allocation Failure)
[2022-06-13T03:21:51.419+0000][1][gc,task      ] GC(17) Using 5 workers of 13 for evacuation
[2022-06-13T03:21:51.425+0000][1][gc,age       ] GC(17) Desired survivor size 4456448 bytes, new threshold 6 (max threshold 6)
[2022-06-13T03:21:51.425+0000][1][gc,age       ] GC(17) Age table with threshold 6 (max threshold 6)
[2022-06-13T03:21:51.426+0000][1][gc,age       ] GC(17) - age   1:    3977488 bytes,    3977488 total
[2022-06-13T03:21:51.426+0000][1][gc,age       ] GC(17) - age   2:     289488 bytes,    4266976 total
[2022-06-13T03:21:51.426+0000][1][gc,heap      ] GC(17) ParNew: 76673K->5221K(78656K)
[2022-06-13T03:21:51.426+0000][1][gc,heap      ] GC(17) CMS: 56067K->56067K(174784K)
[2022-06-13T03:21:51.426+0000][1][gc,metaspace ] GC(17) Metaspace: 42341K->42341K(1087488K)
[2022-06-13T03:21:51.426+0000][1][gc           ] GC(17) Pause Young (Allocation Failure) 129M->59M(247M) 7.815ms
[2022-06-13T03:21:51.426+0000][1][gc,cpu       ] GC(17) User=0.02s Sys=0.00s Real=0.01s
[2022-06-13T03:21:51.427+0000][1][safepoint    ] Leaving safepoint region
[2022-06-13T03:21:51.427+0000][1][safepoint    ] Total time for which application threads were stopped: 0.0085273 seconds, Stopping threads took: 0.0001741 seconds
[2022-06-13T03:21:51.428+0000][1][safepoint    ] Application time: 0.0007413 seconds
[2022-06-13T03:21:51.428+0000][1][safepoint    ] Entering safepoint region: CMS_Initial_Mark
[2022-06-13T03:21:51.429+0000][1][gc,start     ] GC(18) Pause Initial Mark
[2022-06-13T03:21:51.430+0000][1][gc           ] GC(18) Pause Initial Mark 61M->61M(247M) 1.711ms
[2022-06-13T03:21:51.431+0000][1][gc,cpu       ] GC(18) User=0.00s Sys=0.00s Real=0.01s
[2022-06-13T03:21:51.431+0000][1][safepoint    ] Leaving safepoint region
[2022-06-13T03:21:51.431+0000][1][safepoint    ] Total time for which application threads were stopped: 0.0024633 seconds, Stopping threads took: 0.0002078 seconds
[2022-06-13T03:21:51.431+0000][1][gc           ] GC(18) Concurrent Mark
[2022-06-13T03:21:51.431+0000][1][gc,task      ] GC(18) Using 4 workers of 4 for marking
[2022-06-13T03:21:51.440+0000][1][safepoint    ] Application time: 0.0090522 seconds
[2022-06-13T03:21:51.441+0000][1][safepoint    ] Entering safepoint region: CollectForMetadataAllocation
[2022-06-13T03:21:51.441+0000][1][safepoint    ] Leaving safepoint region
[2022-06-13T03:21:51.441+0000][1][safepoint    ] Total time for which application threads were stopped: 0.0006553 seconds, Stopping threads took: 0.0003524 seconds
[2022-06-13T03:21:51.454+0000][1][gc           ] GC(18) Concurrent Mark 22.983ms
[2022-06-13T03:21:51.454+0000][1][gc,cpu       ] GC(18) User=0.09s Sys=0.01s Real=0.02s
[2022-06-13T03:21:51.455+0000][1][gc           ] GC(18) Concurrent Preclean
[2022-06-13T03:21:51.456+0000][1][gc           ] GC(18) Concurrent Preclean 1.892ms
[2022-06-13T03:21:51.457+0000][1][gc,cpu       ] GC(18) User=0.01s Sys=0.00s Real=0.00s
[2022-06-13T03:21:51.457+0000][1][gc           ] GC(18) Concurrent Abortable Preclean
[2022-06-13T03:21:51.626+0000][1][safepoint    ] Application time: 0.1846834 seconds
[2022-06-13T03:21:51.628+0000][1][safepoint    ] Entering safepoint region: CollectForMetadataAllocation
[2022-06-13T03:21:51.629+0000][1][safepoint    ] Leaving safepoint region
[2022-06-13T03:21:51.630+0000][1][safepoint    ] Total time for which application threads were stopped: 0.0016222 seconds, Stopping threads took: 0.0006729 seconds
[2022-06-13T03:21:51.655+0000][1][safepoint    ] Application time: 0.0248687 seconds
[2022-06-13T03:21:51.655+0000][1][safepoint    ] Entering safepoint region: CollectForMetadataAllocation
[2022-06-13T03:21:51.655+0000][1][safepoint    ] Leaving safepoint region
[2022-06-13T03:21:51.655+0000][1][safepoint    ] Total time for which application threads were stopped: 0.0004907 seconds, Stopping threads took: 0.0001546 seconds
[2022-06-13T03:21:51.667+0000][1][safepoint    ] Application time: 0.0117017 seconds
[2022-06-13T03:21:51.668+0000][1][safepoint    ] Entering safepoint region: CollectForMetadataAllocation
[2022-06-13T03:21:51.668+0000][1][safepoint    ] Leaving safepoint region
[2022-06-13T03:21:51.668+0000][1][safepoint    ] Total time for which application threads were stopped: 0.0005543 seconds, Stopping threads took: 0.0002199 seconds
[2022-06-13T03:21:51.700+0000][1][safepoint    ] Application time: 0.0318419 seconds
[2022-06-13T03:21:51.701+0000][1][safepoint    ] Entering safepoint region: CollectForMetadataAllocation
[2022-06-13T03:21:51.701+0000][1][safepoint    ] Leaving safepoint region
[2022-06-13T03:21:51.701+0000][1][safepoint    ] Total time for which application threads were stopped: 0.0004419 seconds, Stopping threads took: 0.0001287 seconds
[2022-06-13T03:21:51.714+0000][1][safepoint    ] Application time: 0.0126651 seconds
[2022-06-13T03:21:51.714+0000][1][safepoint    ] Entering safepoint region: CollectForMetadataAllocation
[2022-06-13T03:21:51.714+0000][1][safepoint    ] Leaving safepoint region
[2022-06-13T03:21:51.714+0000][1][safepoint    ] Total time for which application threads were stopped: 0.0003956 seconds, Stopping threads took: 0.0001512 seconds
[2022-06-13T03:21:51.715+0000][1][gc           ] GC(18) Concurrent Abortable Preclean 258.235ms
[2022-06-13T03:21:51.715+0000][1][gc,cpu       ] GC(18) User=1.13s Sys=0.04s Real=0.26s
[2022-06-13T03:21:51.716+0000][1][safepoint    ] Application time: 0.0011452 seconds
[2022-06-13T03:21:51.716+0000][1][safepoint    ] Entering safepoint region: CMS_Final_Remark
[2022-06-13T03:21:51.716+0000][1][gc,start     ] GC(18) Pause Remark
[2022-06-13T03:21:51.729+0000][1][gc           ] GC(18) Pause Remark 95M->95M(247M) 13.340ms
[2022-06-13T03:21:51.729+0000][1][gc,cpu       ] GC(18) User=0.05s Sys=0.00s Real=0.02s
[2022-06-13T03:21:51.730+0000][1][safepoint    ] Leaving safepoint region
[2022-06-13T03:21:51.730+0000][1][safepoint    ] Total time for which application threads were stopped: 0.0140453 seconds, Stopping threads took: 0.0001855 seconds
[2022-06-13T03:21:51.730+0000][1][gc           ] GC(18) Concurrent Sweep
[2022-06-13T03:21:51.743+0000][1][safepoint    ] Application time: 0.0132011 seconds
[2022-06-13T03:21:51.743+0000][1][safepoint    ] Entering safepoint region: RevokeBias
[2022-06-13T03:21:51.744+0000][1][safepoint    ] Leaving safepoint region
[2022-06-13T03:21:51.744+0000][1][safepoint    ] Total time for which application threads were stopped: 0.0009767 seconds, Stopping threads took: 0.0001195 seconds
[2022-06-13T03:21:51.745+0000][1][safepoint    ] Application time: 0.0010432 seconds
[2022-06-13T03:21:51.746+0000][1][safepoint    ] Entering safepoint region: RevokeBias
[2022-06-13T03:21:51.746+0000][1][safepoint    ] Leaving safepoint region
[2022-06-13T03:21:51.746+0000][1][safepoint    ] Total time for which application threads were stopped: 0.0003125 seconds, Stopping threads took: 0.0001155 seconds
[2022-06-13T03:21:51.752+0000][1][gc           ] GC(18) Concurrent Sweep 22.350ms
[2022-06-13T03:21:51.752+0000][1][gc,cpu       ] GC(18) User=0.07s Sys=0.00s Real=0.02s
[2022-06-13T03:21:51.753+0000][1][gc           ] GC(18) Concurrent Reset
[2022-06-13T03:21:51.753+0000][1][gc           ] GC(18) Concurrent Reset 0.388ms
[2022-06-13T03:21:51.753+0000][1][gc,cpu       ] GC(18) User=0.00s Sys=0.00s Real=0.00s
[2022-06-13T03:21:51.753+0000][1][gc,heap      ] GC(18) Old: 56067K->55845K(174784K)
[2022-06-13T03:21:51.780+0000][1][safepoint    ] Application time: 0.0343795 seconds
[2022-06-13T03:21:51.781+0000][1][safepoint    ] Entering safepoint region: RevokeBias
[2022-06-13T03:21:51.781+0000][1][safepoint    ] Leaving safepoint region
[2022-06-13T03:21:51.781+0000][1][safepoint    ] Total time for which application threads were stopped: 0.0003451 seconds, Stopping threads took: 0.0001352 seconds
[2022-06-13T03:21:51.793+0000][1][safepoint    ] Application time: 0.0120165 seconds
[2022-06-13T03:21:51.793+0000][1][safepoint    ] Entering safepoint region: RevokeBias
[2022-06-13T03:21:51.794+0000][1][safepoint    ] Leaving safepoint region
[2022-06-13T03:21:51.794+0000][1][safepoint    ] Total time for which application threads were stopped: 0.0003825 seconds, Stopping threads took: 0.0001846 seconds
[2022-06-13T03:21:51.796+0000][1][safepoint    ] Application time: 0.0025917 seconds
[2022-06-13T03:21:51.797+0000][1][safepoint    ] Entering safepoint region: RevokeBias
[2022-06-13T03:21:51.797+0000][1][safepoint    ] Leaving safepoint region
[2022-06-13T03:21:51.797+0000][1][safepoint    ] Total time for which application threads were stopped: 0.0003431 seconds, Stopping threads took: 0.0001812 seconds
[2022-06-13T03:21:51.929+0000][1][safepoint    ] Application time: 0.1318330 seconds
[2022-06-13T03:21:51.929+0000][1][safepoint    ] Entering safepoint region: RevokeBias
[2022-06-13T03:21:51.930+0000][1][safepoint    ] Leaving safepoint region
[2022-06-13T03:21:51.930+0000][1][safepoint    ] Total time for which application threads were stopped: 0.0010438 seconds, Stopping threads took: 0.0003075 seconds
[2022-06-13T03:21:51.930+0000][1][safepoint    ] Application time: 0.0000683 seconds
[2022-06-13T03:21:51.931+0000][1][safepoint    ] Entering safepoint region: RevokeBias
[2022-06-13T03:21:51.931+0000][1][safepoint    ] Leaving safepoint region
[2022-06-13T03:21:51.931+0000][1][safepoint    ] Total time for which application threads were stopped: 0.0003613 seconds, Stopping threads took: 0.0001628 seconds
[2022-06-13T03:21:51.931+0000][1][safepoint    ] Application time: 0.0002884 seconds
[2022-06-13T03:21:51.932+0000][1][safepoint    ] Entering safepoint region: RevokeBias
[2022-06-13T03:21:51.932+0000][1][safepoint    ] Leaving safepoint region
[2022-06-13T03:21:51.932+0000][1][safepoint    ] Total time for which application threads were stopped: 0.0004053 seconds, Stopping threads took: 0.0002009 seconds
[2022-06-13T03:21:51.940+0000][1][safepoint    ] Application time: 0.0074550 seconds
[2022-06-13T03:21:51.940+0000][1][safepoint    ] Entering safepoint region: RevokeBias
[2022-06-13T03:21:51.940+0000][1][safepoint    ] Leaving safepoint region
[2022-06-13T03:21:51.940+0000][1][safepoint    ] Total time for which application threads were stopped: 0.0003798 seconds, Stopping threads took: 0.0001674 seconds
[2022-06-13T03:21:51.994+0000][1][safepoint    ] Application time: 0.0534329 seconds
[2022-06-13T03:21:51.994+0000][1][safepoint    ] Entering safepoint region: RevokeBias
[2022-06-13T03:21:51.995+0000][1][safepoint    ] Leaving safepoint region
[2022-06-13T03:21:51.995+0000][1][safepoint    ] Total time for which application threads were stopped: 0.0005144 seconds, Stopping threads took: 0.0002658 seconds
[2022-06-13T03:21:51.995+0000][1][safepoint    ] Application time: 0.0001263 seconds
[2022-06-13T03:21:51.995+0000][1][safepoint    ] Entering safepoint region: RevokeBias
[2022-06-13T03:21:51.995+0000][1][safepoint    ] Leaving safepoint region
[2022-06-13T03:21:51.996+0000][1][safepoint    ] Total time for which application threads were stopped: 0.0003993 seconds, Stopping threads took: 0.0001671 seconds
[2022-06-13T03:21:51.996+0000][1][safepoint    ] Application time: 0.0002080 seconds
[2022-06-13T03:21:51.996+0000][1][safepoint    ] Entering safepoint region: RevokeBias
[2022-06-13T03:21:51.996+0000][1][safepoint    ] Leaving safepoint region
[2022-06-13T03:21:51.996+0000][1][safepoint    ] Total time for which application threads were stopped: 0.0003949 seconds, Stopping threads took: 0.0002091 seconds
[2022-06-13T03:21:51.997+0000][1][safepoint    ] Application time: 0.0001606 seconds
[2022-06-13T03:21:51.997+0000][1][safepoint    ] Entering safepoint region: RevokeBias
[2022-06-13T03:21:51.997+0000][1][safepoint    ] Leaving safepoint region
[2022-06-13T03:21:51.997+0000][1][safepoint    ] Total time for which application threads were stopped: 0.0002899 seconds, Stopping threads took: 0.0001181 seconds
[2022-06-13T03:21:51.998+0000][1][safepoint    ] Application time: 0.0003280 seconds
[2022-06-13T03:21:51.998+0000][1][safepoint    ] Entering safepoint region: RevokeBias
[2022-06-13T03:21:51.998+0000][1][safepoint    ] Leaving safepoint region
[2022-06-13T03:21:51.998+0000][1][safepoint    ] Total time for which application threads were stopped: 0.0005750 seconds, Stopping threads took: 0.0002487 seconds
[2022-06-13T03:21:51.999+0000][1][safepoint    ] Application time: 0.0001603 seconds
[2022-06-13T03:21:51.999+0000][1][safepoint    ] Entering safepoint region: RevokeBias
[2022-06-13T03:21:51.999+0000][1][safepoint    ] Leaving safepoint region
[2022-06-13T03:21:52.000+0000][1][safepoint    ] Total time for which application threads were stopped: 0.0003788 seconds, Stopping threads took: 0.0001675 seconds
[2022-06-13T03:21:52.001+0000][1][safepoint    ] Application time: 0.0008054 seconds
[2022-06-13T03:21:52.001+0000][1][safepoint    ] Entering safepoint region: RevokeBias
[2022-06-13T03:21:52.001+0000][1][safepoint    ] Leaving safepoint region
[2022-06-13T03:21:52.001+0000][1][safepoint    ] Total time for which application threads were stopped: 0.0003682 seconds, Stopping threads took: 0.0001850 seconds
[2022-06-13T03:21:52.002+0000][1][safepoint    ] Application time: 0.0003325 seconds
[2022-06-13T03:21:52.002+0000][1][safepoint    ] Entering safepoint region: RevokeBias
[2022-06-13T03:21:52.002+0000][1][safepoint    ] Leaving safepoint region
[2022-06-13T03:21:52.002+0000][1][safepoint    ] Total time for which application threads were stopped: 0.0003488 seconds, Stopping threads took: 0.0001568 seconds
[2022-06-13T03:21:52.002+0000][1][safepoint    ] Application time: 0.0000477 seconds
[2022-06-13T03:21:52.002+0000][1][safepoint    ] Entering safepoint region: RevokeBias
[2022-06-13T03:21:52.003+0000][1][safepoint    ] Leaving safepoint region
[2022-06-13T03:21:52.003+0000][1][safepoint    ] Total time for which application threads were stopped: 0.0002926 seconds, Stopping threads took: 0.0001220 seconds
[2022-06-13T03:21:52.003+0000][1][safepoint    ] Application time: 0.0000760 seconds
[2022-06-13T03:21:52.003+0000][1][safepoint    ] Entering safepoint region: RevokeBias
[2022-06-13T03:21:52.003+0000][1][safepoint    ] Leaving safepoint region
[2022-06-13T03:21:52.003+0000][1][safepoint    ] Total time for which application threads were stopped: 0.0002924 seconds, Stopping threads took: 0.0001562 seconds
[2022-06-13T03:21:52.003+0000][1][safepoint    ] Application time: 0.0000778 seconds
[2022-06-13T03:21:52.004+0000][1][safepoint    ] Entering safepoint region: RevokeBias
[2022-06-13T03:21:52.004+0000][1][safepoint    ] Leaving safepoint region
[2022-06-13T03:21:52.004+0000][1][safepoint    ] Total time for which application threads were stopped: 0.0003231 seconds, Stopping threads took: 0.0001330 seconds
[2022-06-13T03:21:52.004+0000][1][safepoint    ] Application time: 0.0000794 seconds
[2022-06-13T03:21:52.004+0000][1][safepoint    ] Entering safepoint region: RevokeBias
[2022-06-13T03:21:52.004+0000][1][safepoint    ] Leaving safepoint region
[2022-06-13T03:21:52.005+0000][1][safepoint    ] Total time for which application threads were stopped: 0.0002787 seconds, Stopping threads took: 0.0001269 seconds
[2022-06-13T03:21:52.005+0000][1][safepoint    ] Application time: 0.0000734 seconds
[2022-06-13T03:21:52.005+0000][1][safepoint    ] Entering safepoint region: RevokeBias
[2022-06-13T03:21:52.005+0000][1][safepoint    ] Leaving safepoint region
[2022-06-13T03:21:52.005+0000][1][safepoint    ] Total time for which application threads were stopped: 0.0002807 seconds, Stopping threads took: 0.0001199 seconds
[2022-06-13T03:21:52.005+0000][1][safepoint    ] Application time: 0.0000684 seconds
[2022-06-13T03:21:52.005+0000][1][safepoint    ] Entering safepoint region: RevokeBias
[2022-06-13T03:21:52.006+0000][1][safepoint    ] Leaving safepoint region
[2022-06-13T03:21:52.006+0000][1][safepoint    ] Total time for which application threads were stopped: 0.0002411 seconds, Stopping threads took: 0.0000959 seconds
[2022-06-13T03:21:52.006+0000][1][safepoint    ] Application time: 0.0000577 seconds
[2022-06-13T03:21:52.006+0000][1][safepoint    ] Entering safepoint region: RevokeBias
[2022-06-13T03:21:52.006+0000][1][safepoint    ] Leaving safepoint region
[2022-06-13T03:21:52.006+0000][1][safepoint    ] Total time for which application threads were stopped: 0.0002303 seconds, Stopping threads took: 0.0001002 seconds
[2022-06-13T03:21:52.006+0000][1][safepoint    ] Application time: 0.0000660 seconds
[2022-06-13T03:21:52.006+0000][1][safepoint    ] Entering safepoint region: RevokeBias
[2022-06-13T03:21:52.007+0000][1][safepoint    ] Leaving safepoint region
[2022-06-13T03:21:52.007+0000][1][safepoint    ] Total time for which application threads were stopped: 0.0002370 seconds, Stopping threads took: 0.0001038 seconds
[2022-06-13T03:21:52.007+0000][1][safepoint    ] Application time: 0.0000591 seconds
[2022-06-13T03:21:52.007+0000][1][safepoint    ] Entering safepoint region: RevokeBias
[2022-06-13T03:21:52.007+0000][1][safepoint    ] Leaving safepoint region
[2022-06-13T03:21:52.007+0000][1][safepoint    ] Total time for which application threads were stopped: 0.0002593 seconds, Stopping threads took: 0.0000903 seconds
[2022-06-13T03:21:52.007+0000][1][safepoint    ] Application time: 0.0001213 seconds
[2022-06-13T03:21:52.007+0000][1][safepoint    ] Entering safepoint region: RevokeBias
[2022-06-13T03:21:52.008+0000][1][safepoint    ] Leaving safepoint region
[2022-06-13T03:21:52.008+0000][1][safepoint    ] Total time for which application threads were stopped: 0.0002863 seconds, Stopping threads took: 0.0001265 seconds
[2022-06-13T03:21:52.008+0000][1][safepoint    ] Application time: 0.0000885 seconds
[2022-06-13T03:21:52.008+0000][1][safepoint    ] Entering safepoint region: RevokeBias
[2022-06-13T03:21:52.008+0000][1][safepoint    ] Leaving safepoint region
[2022-06-13T03:21:52.008+0000][1][safepoint    ] Total time for which application threads were stopped: 0.0002244 seconds, Stopping threads took: 0.0001030 seconds
[2022-06-13T03:21:52.008+0000][1][safepoint    ] Application time: 0.0000660 seconds
[2022-06-13T03:21:52.009+0000][1][safepoint    ] Entering safepoint region: RevokeBias
[2022-06-13T03:21:52.009+0000][1][safepoint    ] Leaving safepoint region
[2022-06-13T03:21:52.009+0000][1][safepoint    ] Total time for which application threads were stopped: 0.0002252 seconds, Stopping threads took: 0.0000995 seconds
[2022-06-13T03:21:52.009+0000][1][safepoint    ] Application time: 0.0000605 seconds
[2022-06-13T03:21:52.009+0000][1][safepoint    ] Entering safepoint region: RevokeBias
[2022-06-13T03:21:52.009+0000][1][safepoint    ] Leaving safepoint region
[2022-06-13T03:21:52.009+0000][1][safepoint    ] Total time for which application threads were stopped: 0.0002952 seconds, Stopping threads took: 0.0001173 seconds
[2022-06-13T03:21:52.009+0000][1][safepoint    ] Application time: 0.0000553 seconds
[2022-06-13T03:21:52.010+0000][1][safepoint    ] Entering safepoint region: RevokeBias
[2022-06-13T03:21:52.010+0000][1][safepoint    ] Leaving safepoint region
[2022-06-13T03:21:52.010+0000][1][safepoint    ] Total time for which application threads were stopped: 0.0003113 seconds, Stopping threads took: 0.0001375 seconds
[2022-06-13T03:21:52.010+0000][1][safepoint    ] Application time: 0.0000681 seconds
[2022-06-13T03:21:52.010+0000][1][safepoint    ] Entering safepoint region: RevokeBias
[2022-06-13T03:21:52.010+0000][1][safepoint    ] Leaving safepoint region
[2022-06-13T03:21:52.011+0000][1][safepoint    ] Total time for which application threads were stopped: 0.0003037 seconds, Stopping threads took: 0.0001159 seconds
[2022-06-13T03:21:52.011+0000][1][safepoint    ] Application time: 0.0000711 seconds
[2022-06-13T03:21:52.011+0000][1][safepoint    ] Entering safepoint region: RevokeBias
[2022-06-13T03:21:52.011+0000][1][safepoint    ] Leaving safepoint region
[2022-06-13T03:21:52.011+0000][1][safepoint    ] Total time for which application threads were stopped: 0.0002736 seconds, Stopping threads took: 0.0001133 seconds
[2022-06-13T03:21:52.011+0000][1][safepoint    ] Application time: 0.0000728 seconds
[2022-06-13T03:21:52.011+0000][1][safepoint    ] Entering safepoint region: RevokeBias
[2022-06-13T03:21:52.012+0000][1][safepoint    ] Leaving safepoint region
[2022-06-13T03:21:52.012+0000][1][safepoint    ] Total time for which application threads were stopped: 0.0002629 seconds, Stopping threads took: 0.0001140 seconds
[2022-06-13T03:21:52.012+0000][1][safepoint    ] Application time: 0.0001094 seconds
[2022-06-13T03:21:52.012+0000][1][safepoint    ] Entering safepoint region: RevokeBias
[2022-06-13T03:21:52.012+0000][1][safepoint    ] Leaving safepoint region
[2022-06-13T03:21:52.012+0000][1][safepoint    ] Total time for which application threads were stopped: 0.0002829 seconds, Stopping threads took: 0.0001195 seconds
[2022-06-13T03:21:52.013+0000][1][safepoint    ] Application time: 0.0000622 seconds
[2022-06-13T03:21:52.013+0000][1][safepoint    ] Entering safepoint region: BulkRevokeBias
[2022-06-13T03:21:52.013+0000][1][safepoint    ] Leaving safepoint region
[2022-06-13T03:21:52.013+0000][1][safepoint    ] Total time for which application threads were stopped: 0.0003627 seconds, Stopping threads took: 0.0001342 seconds
[2022-06-13T03:21:52.014+0000][1][safepoint    ] Application time: 0.0005730 seconds
[2022-06-13T03:21:52.014+0000][1][safepoint    ] Entering safepoint region: RevokeBias
[2022-06-13T03:21:52.014+0000][1][safepoint    ] Leaving safepoint region
[2022-06-13T03:21:52.015+0000][1][safepoint    ] Total time for which application threads were stopped: 0.0003019 seconds, Stopping threads took: 0.0001383 seconds
[2022-06-13T03:21:52.015+0000][1][safepoint    ] Application time: 0.0001143 seconds
[2022-06-13T03:21:52.015+0000][1][safepoint    ] Entering safepoint region: RevokeBias
[2022-06-13T03:21:52.015+0000][1][safepoint    ] Leaving safepoint region
[2022-06-13T03:21:52.015+0000][1][safepoint    ] Total time for which application threads were stopped: 0.0002401 seconds, Stopping threads took: 0.0000945 seconds
[2022-06-13T03:21:52.015+0000][1][safepoint    ] Application time: 0.0001553 seconds
[2022-06-13T03:21:52.015+0000][1][safepoint    ] Entering safepoint region: RevokeBias
[2022-06-13T03:21:52.016+0000][1][safepoint    ] Leaving safepoint region
[2022-06-13T03:21:52.016+0000][1][safepoint    ] Total time for which application threads were stopped: 0.0002322 seconds, Stopping threads took: 0.0001008 seconds
[2022-06-13T03:21:52.016+0000][1][safepoint    ] Application time: 0.0001099 seconds
[2022-06-13T03:21:52.016+0000][1][safepoint    ] Entering safepoint region: RevokeBias
[2022-06-13T03:21:52.016+0000][1][safepoint    ] Leaving safepoint region
[2022-06-13T03:21:52.016+0000][1][safepoint    ] Total time for which application threads were stopped: 0.0002484 seconds, Stopping threads took: 0.0001030 seconds
[2022-06-13T03:21:52.016+0000][1][safepoint    ] Application time: 0.0000914 seconds
[2022-06-13T03:21:52.017+0000][1][safepoint    ] Entering safepoint region: RevokeBias
[2022-06-13T03:21:52.017+0000][1][safepoint    ] Leaving safepoint region
[2022-06-13T03:21:52.017+0000][1][safepoint    ] Total time for which application threads were stopped: 0.0002541 seconds, Stopping threads took: 0.0000884 seconds
[2022-06-13T03:21:52.017+0000][1][safepoint    ] Application time: 0.0000768 seconds
[2022-06-13T03:21:52.017+0000][1][safepoint    ] Entering safepoint region: RevokeBias
[2022-06-13T03:21:52.017+0000][1][safepoint    ] Leaving safepoint region
[2022-06-13T03:21:52.017+0000][1][safepoint    ] Total time for which application threads were stopped: 0.0002330 seconds, Stopping threads took: 0.0000941 seconds
[2022-06-13T03:21:52.018+0000][1][safepoint    ] Application time: 0.0000785 seconds
[2022-06-13T03:21:52.018+0000][1][safepoint    ] Entering safepoint region: RevokeBias
[2022-06-13T03:21:52.018+0000][1][safepoint    ] Leaving safepoint region
[2022-06-13T03:21:52.018+0000][1][safepoint    ] Total time for which application threads were stopped: 0.0002520 seconds, Stopping threads took: 0.0000972 seconds
[2022-06-13T03:21:52.018+0000][1][safepoint    ] Application time: 0.0000696 seconds
[2022-06-13T03:21:52.018+0000][1][safepoint    ] Entering safepoint region: RevokeBias
[2022-06-13T03:21:52.018+0000][1][safepoint    ] Leaving safepoint region
[2022-06-13T03:21:52.018+0000][1][safepoint    ] Total time for which application threads were stopped: 0.0002406 seconds, Stopping threads took: 0.0000958 seconds
[2022-06-13T03:21:52.019+0000][1][safepoint    ] Application time: 0.0000732 seconds
[2022-06-13T03:21:52.019+0000][1][safepoint    ] Entering safepoint region: RevokeBias
[2022-06-13T03:21:52.019+0000][1][safepoint    ] Leaving safepoint region
[2022-06-13T03:21:52.019+0000][1][safepoint    ] Total time for which application threads were stopped: 0.0004535 seconds, Stopping threads took: 0.0002995 seconds
[2022-06-13T03:21:52.019+0000][1][safepoint    ] Application time: 0.0000981 seconds
[2022-06-13T03:21:52.020+0000][1][safepoint    ] Entering safepoint region: RevokeBias
[2022-06-13T03:21:52.020+0000][1][safepoint    ] Leaving safepoint region
[2022-06-13T03:21:52.020+0000][1][safepoint    ] Total time for which application threads were stopped: 0.0002551 seconds, Stopping threads took: 0.0001116 seconds
[2022-06-13T03:21:52.020+0000][1][safepoint    ] Application time: 0.0000835 seconds
[2022-06-13T03:21:52.020+0000][1][safepoint    ] Entering safepoint region: RevokeBias
[2022-06-13T03:21:52.020+0000][1][safepoint    ] Leaving safepoint region
[2022-06-13T03:21:52.020+0000][1][safepoint    ] Total time for which application threads were stopped: 0.0002330 seconds, Stopping threads took: 0.0000967 seconds
[2022-06-13T03:21:52.020+0000][1][safepoint    ] Application time: 0.0000797 seconds
[2022-06-13T03:21:52.021+0000][1][safepoint    ] Entering safepoint region: RevokeBias
[2022-06-13T03:21:52.021+0000][1][safepoint    ] Leaving safepoint region
[2022-06-13T03:21:52.021+0000][1][safepoint    ] Total time for which application threads were stopped: 0.0002939 seconds, Stopping threads took: 0.0001184 seconds
[2022-06-13T03:21:52.021+0000][1][safepoint    ] Application time: 0.0000723 seconds
[2022-06-13T03:21:52.021+0000][1][safepoint    ] Entering safepoint region: RevokeBias
[2022-06-13T03:21:52.021+0000][1][safepoint    ] Leaving safepoint region
[2022-06-13T03:21:52.021+0000][1][safepoint    ] Total time for which application threads were stopped: 0.0003153 seconds, Stopping threads took: 0.0001301 seconds
[2022-06-13T03:21:52.022+0000][1][safepoint    ] Application time: 0.0000739 seconds
[2022-06-13T03:21:52.022+0000][1][safepoint    ] Entering safepoint region: RevokeBias
[2022-06-13T03:21:52.022+0000][1][safepoint    ] Leaving safepoint region
[2022-06-13T03:21:52.022+0000][1][safepoint    ] Total time for which application threads were stopped: 0.0002548 seconds, Stopping threads took: 0.0001087 seconds
[2022-06-13T03:21:52.022+0000][1][safepoint    ] Application time: 0.0000748 seconds
[2022-06-13T03:21:52.022+0000][1][safepoint    ] Entering safepoint region: RevokeBias
[2022-06-13T03:21:52.022+0000][1][safepoint    ] Leaving safepoint region
[2022-06-13T03:21:52.023+0000][1][safepoint    ] Total time for which application threads were stopped: 0.0002337 seconds, Stopping threads took: 0.0000957 seconds
[2022-06-13T03:21:52.023+0000][1][safepoint    ] Application time: 0.0000635 seconds
[2022-06-13T03:21:52.023+0000][1][safepoint    ] Entering safepoint region: RevokeBias
[2022-06-13T03:21:52.023+0000][1][safepoint    ] Leaving safepoint region
[2022-06-13T03:21:52.023+0000][1][safepoint    ] Total time for which application threads were stopped: 0.0002683 seconds, Stopping threads took: 0.0001128 seconds
[2022-06-13T03:21:52.023+0000][1][safepoint    ] Application time: 0.0000705 seconds
[2022-06-13T03:21:52.023+0000][1][safepoint    ] Entering safepoint region: RevokeBias
[2022-06-13T03:21:52.024+0000][1][safepoint    ] Leaving safepoint region
[2022-06-13T03:21:52.024+0000][1][safepoint    ] Total time for which application threads were stopped: 0.0003002 seconds, Stopping threads took: 0.0001288 seconds
[2022-06-13T03:21:52.024+0000][1][safepoint    ] Application time: 0.0000697 seconds
[2022-06-13T03:21:52.024+0000][1][safepoint    ] Entering safepoint region: RevokeBias
[2022-06-13T03:21:52.024+0000][1][safepoint    ] Leaving safepoint region
[2022-06-13T03:21:52.024+0000][1][safepoint    ] Total time for which application threads were stopped: 0.0002300 seconds, Stopping threads took: 0.0000994 seconds
[2022-06-13T03:21:52.024+0000][1][safepoint    ] Application time: 0.0000666 seconds
[2022-06-13T03:21:52.024+0000][1][safepoint    ] Entering safepoint region: RevokeBias
[2022-06-13T03:21:52.025+0000][1][safepoint    ] Leaving safepoint region
[2022-06-13T03:21:52.025+0000][1][safepoint    ] Total time for which application threads were stopped: 0.0002669 seconds, Stopping threads took: 0.0001131 seconds
[2022-06-13T03:21:52.025+0000][1][safepoint    ] Application time: 0.0000887 seconds
[2022-06-13T03:21:52.025+0000][1][safepoint    ] Entering safepoint region: RevokeBias
[2022-06-13T03:21:52.025+0000][1][safepoint    ] Leaving safepoint region
[2022-06-13T03:21:52.025+0000][1][safepoint    ] Total time for which application threads were stopped: 0.0002655 seconds, Stopping threads took: 0.0001113 seconds
[2022-06-13T03:21:52.025+0000][1][safepoint    ] Application time: 0.0000746 seconds
[2022-06-13T03:21:52.026+0000][1][safepoint    ] Entering safepoint region: RevokeBias
[2022-06-13T03:21:52.026+0000][1][safepoint    ] Leaving safepoint region
[2022-06-13T03:21:52.026+0000][1][safepoint    ] Total time for which application threads were stopped: 0.0002847 seconds, Stopping threads took: 0.0001223 seconds
[2022-06-13T03:21:52.026+0000][1][safepoint    ] Application time: 0.0000809 seconds
[2022-06-13T03:21:52.026+0000][1][safepoint    ] Entering safepoint region: RevokeBias
[2022-06-13T03:21:52.026+0000][1][safepoint    ] Leaving safepoint region
[2022-06-13T03:21:52.027+0000][1][safepoint    ] Total time for which application threads were stopped: 0.0002843 seconds, Stopping threads took: 0.0001044 seconds
[2022-06-13T03:21:52.027+0000][1][safepoint    ] Application time: 0.0000716 seconds
[2022-06-13T03:21:52.027+0000][1][safepoint    ] Entering safepoint region: BulkRevokeBias
[2022-06-13T03:21:52.027+0000][1][safepoint    ] Leaving safepoint region
[2022-06-13T03:21:52.027+0000][1][safepoint    ] Total time for which application threads were stopped: 0.0003655 seconds, Stopping threads took: 0.0001157 seconds
[2022-06-13T03:21:52.029+0000][1][safepoint    ] Application time: 0.0020626 seconds
[2022-06-13T03:21:52.030+0000][1][safepoint    ] Entering safepoint region: RevokeBias
[2022-06-13T03:21:52.030+0000][1][safepoint    ] Leaving safepoint region
[2022-06-13T03:21:52.030+0000][1][safepoint    ] Total time for which application threads were stopped: 0.0004415 seconds, Stopping threads took: 0.0002481 seconds
[2022-06-13T03:21:52.034+0000][1][safepoint    ] Application time: 0.0034518 seconds
[2022-06-13T03:21:52.034+0000][1][safepoint    ] Entering safepoint region: RevokeBias
[2022-06-13T03:21:52.034+0000][1][safepoint    ] Leaving safepoint region
[2022-06-13T03:21:52.035+0000][1][safepoint    ] Total time for which application threads were stopped: 0.0005295 seconds, Stopping threads took: 0.0002428 seconds
[2022-06-13T03:21:52.041+0000][1][safepoint    ] Application time: 0.0058961 seconds
[2022-06-13T03:21:52.042+0000][1][safepoint    ] Entering safepoint region: RevokeBias
[2022-06-13T03:21:52.042+0000][1][safepoint    ] Leaving safepoint region
[2022-06-13T03:21:52.042+0000][1][safepoint    ] Total time for which application threads were stopped: 0.0009388 seconds, Stopping threads took: 0.0006541 seconds
[2022-06-13T03:21:52.043+0000][1][safepoint    ] Application time: 0.0005493 seconds
[2022-06-13T03:21:52.043+0000][1][safepoint    ] Entering safepoint region: RevokeBias
[2022-06-13T03:21:52.043+0000][1][safepoint    ] Leaving safepoint region
[2022-06-13T03:21:52.043+0000][1][safepoint    ] Total time for which application threads were stopped: 0.0004097 seconds, Stopping threads took: 0.0001787 seconds
[2022-06-13T03:21:52.044+0000][1][safepoint    ] Application time: 0.0000935 seconds
[2022-06-13T03:21:52.044+0000][1][safepoint    ] Entering safepoint region: RevokeBias
[2022-06-13T03:21:52.044+0000][1][safepoint    ] Leaving safepoint region
[2022-06-13T03:21:52.044+0000][1][safepoint    ] Total time for which application threads were stopped: 0.0003721 seconds, Stopping threads took: 0.0001629 seconds
[2022-06-13T03:21:52.044+0000][1][safepoint    ] Application time: 0.0000946 seconds
[2022-06-13T03:21:52.045+0000][1][safepoint    ] Entering safepoint region: RevokeBias
[2022-06-13T03:21:52.045+0000][1][safepoint    ] Leaving safepoint region
[2022-06-13T03:21:52.045+0000][1][safepoint    ] Total time for which application threads were stopped: 0.0008128 seconds, Stopping threads took: 0.0004361 seconds
[2022-06-13T03:21:52.046+0000][1][safepoint    ] Application time: 0.0003362 seconds
[2022-06-13T03:21:52.046+0000][1][safepoint    ] Entering safepoint region: RevokeBias
[2022-06-13T03:21:52.046+0000][1][safepoint    ] Leaving safepoint region
[2022-06-13T03:21:52.049+0000][1][safepoint    ] Total time for which application threads were stopped: 0.0032270 seconds, Stopping threads took: 0.0001547 seconds
[2022-06-13T03:21:52.050+0000][1][safepoint    ] Application time: 0.0002478 seconds
[2022-06-13T03:21:52.050+0000][1][safepoint    ] Entering safepoint region: RevokeBias
[2022-06-13T03:21:52.050+0000][1][safepoint    ] Leaving safepoint region
[2022-06-13T03:21:52.050+0000][1][safepoint    ] Total time for which application threads were stopped: 0.0003246 seconds, Stopping threads took: 0.0001294 seconds
[2022-06-13T03:21:52.051+0000][1][safepoint    ] Application time: 0.0005231 seconds
[2022-06-13T03:21:52.051+0000][1][safepoint    ] Entering safepoint region: RevokeBias
[2022-06-13T03:21:52.052+0000][1][safepoint    ] Leaving safepoint region
[2022-06-13T03:21:52.052+0000][1][safepoint    ] Total time for which application threads were stopped: 0.0008328 seconds, Stopping threads took: 0.0005912 seconds
[2022-06-13T03:21:52.052+0000][1][safepoint    ] Application time: 0.0003209 seconds
[2022-06-13T03:21:52.052+0000][1][safepoint    ] Entering safepoint region: RevokeBias
[2022-06-13T03:21:52.053+0000][1][safepoint    ] Leaving safepoint region
[2022-06-13T03:21:52.053+0000][1][safepoint    ] Total time for which application threads were stopped: 0.0003612 seconds, Stopping threads took: 0.0001562 seconds
[2022-06-13T03:21:52.054+0000][1][safepoint    ] Application time: 0.0006872 seconds
[2022-06-13T03:21:52.054+0000][1][safepoint    ] Entering safepoint region: RevokeBias
[2022-06-13T03:21:52.054+0000][1][safepoint    ] Leaving safepoint region
[2022-06-13T03:21:52.054+0000][1][safepoint    ] Total time for which application threads were stopped: 0.0004008 seconds, Stopping threads took: 0.0001879 seconds
[2022-06-13T03:21:52.054+0000][1][safepoint    ] Application time: 0.0000881 seconds
[2022-06-13T03:21:52.057+0000][1][safepoint    ] Entering safepoint region: RevokeBias
[2022-06-13T03:21:52.059+0000][1][safepoint    ] Leaving safepoint region
[2022-06-13T03:21:52.059+0000][1][safepoint    ] Total time for which application threads were stopped: 0.0029470 seconds, Stopping threads took: 0.0025308 seconds
[2022-06-13T03:21:52.060+0000][1][safepoint    ] Application time: 0.0001910 seconds
[2022-06-13T03:21:52.062+0000][1][safepoint    ] Entering safepoint region: RevokeBias
[2022-06-13T03:21:52.062+0000][1][safepoint    ] Leaving safepoint region
[2022-06-13T03:21:52.062+0000][1][safepoint    ] Total time for which application threads were stopped: 0.0005745 seconds, Stopping threads took: 0.0002660 seconds
[2022-06-13T03:21:52.062+0000][1][safepoint    ] Application time: 0.0000800 seconds
[2022-06-13T03:21:52.063+0000][1][safepoint    ] Entering safepoint region: RevokeBias
[2022-06-13T03:21:52.063+0000][1][safepoint    ] Leaving safepoint region
[2022-06-13T03:21:52.063+0000][1][safepoint    ] Total time for which application threads were stopped: 0.0003487 seconds, Stopping threads took: 0.0001419 seconds
[2022-06-13T03:21:52.063+0000][1][safepoint    ] Application time: 0.0003400 seconds
[2022-06-13T03:21:52.064+0000][1][safepoint    ] Entering safepoint region: RevokeBias
[2022-06-13T03:21:52.064+0000][1][safepoint    ] Leaving safepoint region
[2022-06-13T03:21:52.064+0000][1][safepoint    ] Total time for which application threads were stopped: 0.0004074 seconds, Stopping threads took: 0.0002008 seconds
[2022-06-13T03:21:52.064+0000][1][safepoint    ] Application time: 0.0001143 seconds
[2022-06-13T03:21:52.064+0000][1][safepoint    ] Entering safepoint region: RevokeBias
[2022-06-13T03:21:52.065+0000][1][safepoint    ] Leaving safepoint region
[2022-06-13T03:21:52.065+0000][1][safepoint    ] Total time for which application threads were stopped: 0.0003733 seconds, Stopping threads took: 0.0001524 seconds
[2022-06-13T03:21:52.069+0000][1][safepoint    ] Application time: 0.0035495 seconds
[2022-06-13T03:21:52.070+0000][1][safepoint    ] Entering safepoint region: RevokeBias
[2022-06-13T03:21:52.070+0000][1][safepoint    ] Leaving safepoint region
[2022-06-13T03:21:52.070+0000][1][safepoint    ] Total time for which application threads were stopped: 0.0012248 seconds, Stopping threads took: 0.0009513 seconds
[2022-06-13T03:21:52.070+0000][1][safepoint    ] Application time: 0.0001184 seconds
[2022-06-13T03:21:52.071+0000][1][safepoint    ] Entering safepoint region: RevokeBias
[2022-06-13T03:21:52.071+0000][1][safepoint    ] Leaving safepoint region
[2022-06-13T03:21:52.071+0000][1][safepoint    ] Total time for which application threads were stopped: 0.0003889 seconds, Stopping threads took: 0.0001914 seconds
[2022-06-13T03:21:52.071+0000][1][safepoint    ] Application time: 0.0000508 seconds
[2022-06-13T03:21:52.071+0000][1][safepoint    ] Entering safepoint region: RevokeBias
[2022-06-13T03:21:52.071+0000][1][safepoint    ] Leaving safepoint region
[2022-06-13T03:21:52.072+0000][1][safepoint    ] Total time for which application threads were stopped: 0.0003211 seconds, Stopping threads took: 0.0001416 seconds
[2022-06-13T03:21:52.081+0000][1][safepoint    ] Application time: 0.0093348 seconds
[2022-06-13T03:21:52.082+0000][1][safepoint    ] Entering safepoint region: RevokeBias
[2022-06-13T03:21:52.082+0000][1][safepoint    ] Leaving safepoint region
[2022-06-13T03:21:52.083+0000][1][safepoint    ] Total time for which application threads were stopped: 0.0006812 seconds, Stopping threads took: 0.0002701 seconds
[2022-06-13T03:21:52.083+0000][1][safepoint    ] Application time: 0.0000396 seconds
[2022-06-13T03:21:52.083+0000][1][safepoint    ] Entering safepoint region: RevokeBias
[2022-06-13T03:21:52.083+0000][1][safepoint    ] Leaving safepoint region
[2022-06-13T03:21:52.084+0000][1][safepoint    ] Total time for which application threads were stopped: 0.0003729 seconds, Stopping threads took: 0.0001520 seconds
[2022-06-13T03:21:52.084+0000][1][safepoint    ] Application time: 0.0002329 seconds
[2022-06-13T03:21:52.084+0000][1][safepoint    ] Entering safepoint region: RevokeBias
[2022-06-13T03:21:52.084+0000][1][safepoint    ] Leaving safepoint region
[2022-06-13T03:21:52.084+0000][1][safepoint    ] Total time for which application threads were stopped: 0.0003950 seconds, Stopping threads took: 0.0001478 seconds
[2022-06-13T03:21:52.111+0000][1][safepoint    ] Application time: 0.0259054 seconds
[2022-06-13T03:21:52.111+0000][1][safepoint    ] Entering safepoint region: GenCollectForAllocation
[2022-06-13T03:21:52.111+0000][1][gc,start     ] GC(19) Pause Young (Allocation Failure)
[2022-06-13T03:21:52.111+0000][1][gc,task      ] GC(19) Using 5 workers of 13 for evacuation
[2022-06-13T03:21:52.118+0000][1][gc,age       ] GC(19) Desired survivor size 4456448 bytes, new threshold 2 (max threshold 6)
[2022-06-13T03:21:52.118+0000][1][gc,age       ] GC(19) Age table with threshold 2 (max threshold 6)
[2022-06-13T03:21:52.118+0000][1][gc,age       ] GC(19) - age   1:    2961336 bytes,    2961336 total
[2022-06-13T03:21:52.118+0000][1][gc,age       ] GC(19) - age   2:    3875608 bytes,    6836944 total
[2022-06-13T03:21:52.118+0000][1][gc,age       ] GC(19) - age   3:     289104 bytes,    7126048 total
[2022-06-13T03:21:52.118+0000][1][gc,heap      ] GC(19) ParNew: 75173K->8544K(78656K)
[2022-06-13T03:21:52.119+0000][1][gc,heap      ] GC(19) CMS: 55845K->55845K(174784K)
[2022-06-13T03:21:52.119+0000][1][gc,metaspace ] GC(19) Metaspace: 47330K->47330K(1093632K)
[2022-06-13T03:21:52.119+0000][1][gc           ] GC(19) Pause Young (Allocation Failure) 127M->62M(247M) 7.955ms
[2022-06-13T03:21:52.119+0000][1][gc,cpu       ] GC(19) User=0.03s Sys=0.00s Real=0.01s
[2022-06-13T03:21:52.119+0000][1][safepoint    ] Leaving safepoint region
[2022-06-13T03:21:52.119+0000][1][safepoint    ] Total time for which application threads were stopped: 0.0086798 seconds, Stopping threads took: 0.0001852 seconds
[2022-06-13T03:21:52.421+0000][1][safepoint    ] Application time: 0.3010866 seconds
[2022-06-13T03:21:52.421+0000][1][safepoint    ] Entering safepoint region: RevokeBias
[2022-06-13T03:21:52.421+0000][1][safepoint    ] Leaving safepoint region
[2022-06-13T03:21:52.421+0000][1][safepoint    ] Total time for which application threads were stopped: 0.0003012 seconds, Stopping threads took: 0.0001227 seconds
[2022-06-13T03:21:52.679+0000][1][safepoint    ] Application time: 0.2577673 seconds
[2022-06-13T03:21:52.679+0000][1][safepoint    ] Entering safepoint region: GenCollectForAllocation
[2022-06-13T03:21:52.680+0000][1][gc,start     ] GC(20) Pause Young (Allocation Failure)
[2022-06-13T03:21:52.680+0000][1][gc,task      ] GC(20) Using 5 workers of 13 for evacuation
[2022-06-13T03:21:52.687+0000][1][gc,age       ] GC(20) Desired survivor size 4456448 bytes, new threshold 6 (max threshold 6)
[2022-06-13T03:21:52.687+0000][1][gc,age       ] GC(20) Age table with threshold 6 (max threshold 6)
[2022-06-13T03:21:52.687+0000][1][gc,age       ] GC(20) - age   1:    1517336 bytes,    1517336 total
[2022-06-13T03:21:52.687+0000][1][gc,age       ] GC(20) - age   2:    2899912 bytes,    4417248 total
[2022-06-13T03:21:52.687+0000][1][gc,heap      ] GC(20) ParNew: 78496K->7331K(78656K)
[2022-06-13T03:21:52.688+0000][1][gc,heap      ] GC(20) CMS: 55845K->60053K(174784K)
[2022-06-13T03:21:52.688+0000][1][gc,metaspace ] GC(20) Metaspace: 54014K->54014K(1099776K)
[2022-06-13T03:21:52.688+0000][1][gc           ] GC(20) Pause Young (Allocation Failure) 131M->65M(247M) 8.176ms
[2022-06-13T03:21:52.688+0000][1][gc,cpu       ] GC(20) User=0.03s Sys=0.00s Real=0.00s
[2022-06-13T03:21:52.688+0000][1][safepoint    ] Leaving safepoint region
[2022-06-13T03:21:52.688+0000][1][safepoint    ] Total time for which application threads were stopped: 0.0087367 seconds, Stopping threads took: 0.0001539 seconds
[2022-06-13T03:21:52.842+0000][1][safepoint    ] Application time: 0.1538617 seconds
[2022-06-13T03:21:52.842+0000][1][safepoint    ] Entering safepoint region: Deoptimize
[2022-06-13T03:21:52.844+0000][1][safepoint    ] Leaving safepoint region
[2022-06-13T03:21:52.844+0000][1][safepoint    ] Total time for which application threads were stopped: 0.0014436 seconds, Stopping threads took: 0.0001716 seconds
[2022-06-13T03:21:52.874+0000][1][safepoint    ] Application time: 0.0299591 seconds
[2022-06-13T03:21:52.874+0000][1][safepoint    ] Entering safepoint region: RevokeBias
[2022-06-13T03:21:52.874+0000][1][safepoint    ] Leaving safepoint region
[2022-06-13T03:21:52.874+0000][1][safepoint    ] Total time for which application threads were stopped: 0.0004042 seconds, Stopping threads took: 0.0002199 seconds
[2022-06-13T03:21:52.875+0000][1][safepoint    ] Application time: 0.0001341 seconds
[2022-06-13T03:21:52.875+0000][1][safepoint    ] Entering safepoint region: RevokeBias
[2022-06-13T03:21:52.875+0000][1][safepoint    ] Leaving safepoint region
[2022-06-13T03:21:52.875+0000][1][safepoint    ] Total time for which application threads were stopped: 0.0003260 seconds, Stopping threads took: 0.0001493 seconds
[2022-06-13T03:21:52.875+0000][1][safepoint    ] Application time: 0.0001594 seconds
[2022-06-13T03:21:52.876+0000][1][safepoint    ] Entering safepoint region: RevokeBias
[2022-06-13T03:21:52.876+0000][1][safepoint    ] Leaving safepoint region
[2022-06-13T03:21:52.876+0000][1][safepoint    ] Total time for which application threads were stopped: 0.0002980 seconds, Stopping threads took: 0.0001271 seconds
[2022-06-13T03:21:52.878+0000][1][safepoint    ] Application time: 0.0020951 seconds
[2022-06-13T03:21:52.878+0000][1][safepoint    ] Entering safepoint region: RevokeBias
[2022-06-13T03:21:52.879+0000][1][safepoint    ] Leaving safepoint region
[2022-06-13T03:21:52.879+0000][1][safepoint    ] Total time for which application threads were stopped: 0.0003996 seconds, Stopping threads took: 0.0001659 seconds
[2022-06-13T03:21:52.922+0000][1][safepoint    ] Application time: 0.0429383 seconds
[2022-06-13T03:21:52.922+0000][1][safepoint    ] Entering safepoint region: RevokeBias
[2022-06-13T03:21:52.924+0000][1][safepoint    ] Leaving safepoint region
[2022-06-13T03:21:52.924+0000][1][safepoint    ] Total time for which application threads were stopped: 0.0016948 seconds, Stopping threads took: 0.0002808 seconds
[2022-06-13T03:21:52.925+0000][1][safepoint    ] Application time: 0.0007393 seconds
[2022-06-13T03:21:52.925+0000][1][safepoint    ] Entering safepoint region: RevokeBias
[2022-06-13T03:21:52.925+0000][1][safepoint    ] Leaving safepoint region
[2022-06-13T03:21:52.926+0000][1][safepoint    ] Total time for which application threads were stopped: 0.0005536 seconds, Stopping threads took: 0.0002467 seconds
[2022-06-13T03:21:52.926+0000][1][safepoint    ] Application time: 0.0001926 seconds
[2022-06-13T03:21:52.926+0000][1][safepoint    ] Entering safepoint region: RevokeBias
[2022-06-13T03:21:52.927+0000][1][safepoint    ] Leaving safepoint region
[2022-06-13T03:21:52.927+0000][1][safepoint    ] Total time for which application threads were stopped: 0.0006155 seconds, Stopping threads took: 0.0002545 seconds
[2022-06-13T03:21:53.045+0000][1][safepoint    ] Application time: 0.1180671 seconds
[2022-06-13T03:21:53.045+0000][1][safepoint    ] Entering safepoint region: Deoptimize
[2022-06-13T03:21:53.047+0000][1][safepoint    ] Leaving safepoint region
[2022-06-13T03:21:53.047+0000][1][safepoint    ] Total time for which application threads were stopped: 0.0015139 seconds, Stopping threads took: 0.0001987 seconds
[2022-06-13T03:21:53.237+0000][1][safepoint    ] Application time: 0.1905869 seconds
[2022-06-13T03:21:53.238+0000][1][safepoint    ] Entering safepoint region: RevokeBias
[2022-06-13T03:21:53.238+0000][1][safepoint    ] Leaving safepoint region
[2022-06-13T03:21:53.238+0000][1][safepoint    ] Total time for which application threads were stopped: 0.0005288 seconds, Stopping threads took: 0.0001783 seconds
[2022-06-13T03:21:53.239+0000][1][safepoint    ] Application time: 0.0002764 seconds
[2022-06-13T03:21:53.239+0000][1][safepoint    ] Entering safepoint region: RevokeBias
[2022-06-13T03:21:53.239+0000][1][safepoint    ] Leaving safepoint region
[2022-06-13T03:21:53.239+0000][1][safepoint    ] Total time for which application threads were stopped: 0.0002766 seconds, Stopping threads took: 0.0001634 seconds
[2022-06-13T03:21:53.311+0000][1][safepoint    ] Application time: 0.0717574 seconds
[2022-06-13T03:21:53.311+0000][1][safepoint    ] Entering safepoint region: RevokeBias
[2022-06-13T03:21:53.312+0000][1][safepoint    ] Leaving safepoint region
[2022-06-13T03:21:53.312+0000][1][safepoint    ] Total time for which application threads were stopped: 0.0003672 seconds, Stopping threads took: 0.0001673 seconds
[2022-06-13T03:21:53.312+0000][1][safepoint    ] Application time: 0.0000667 seconds
[2022-06-13T03:21:53.312+0000][1][safepoint    ] Entering safepoint region: BulkRevokeBias
[2022-06-13T03:21:53.312+0000][1][safepoint    ] Leaving safepoint region
[2022-06-13T03:21:53.313+0000][1][safepoint    ] Total time for which application threads were stopped: 0.0003979 seconds, Stopping threads took: 0.0001474 seconds
[2022-06-13T03:21:53.419+0000][1][safepoint    ] Application time: 0.1064534 seconds
[2022-06-13T03:21:53.419+0000][1][safepoint    ] Entering safepoint region: GenCollectForAllocation
[2022-06-13T03:21:53.420+0000][1][gc,start     ] GC(21) Pause Young (Allocation Failure)
[2022-06-13T03:21:53.420+0000][1][gc,task      ] GC(21) Using 5 workers of 13 for evacuation
[2022-06-13T03:21:53.426+0000][1][gc,age       ] GC(21) Desired survivor size 4456448 bytes, new threshold 2 (max threshold 6)
[2022-06-13T03:21:53.427+0000][1][gc,age       ] GC(21) Age table with threshold 2 (max threshold 6)
[2022-06-13T03:21:53.427+0000][1][gc,age       ] GC(21) - age   1:    3982320 bytes,    3982320 total
[2022-06-13T03:21:53.427+0000][1][gc,age       ] GC(21) - age   2:    1429528 bytes,    5411848 total
[2022-06-13T03:21:53.427+0000][1][gc,age       ] GC(21) - age   3:    2879832 bytes,    8291680 total
[2022-06-13T03:21:53.427+0000][1][gc,heap      ] GC(21) ParNew: 77283K->8704K(78656K)
[2022-06-13T03:21:53.427+0000][1][gc,heap      ] GC(21) CMS: 60053K->60175K(174784K)
[2022-06-13T03:21:53.427+0000][1][gc,metaspace ] GC(21) Metaspace: 62244K->62244K(1105920K)
[2022-06-13T03:21:53.428+0000][1][gc           ] GC(21) Pause Young (Allocation Failure) 134M->67M(247M) 7.934ms
[2022-06-13T03:21:53.428+0000][1][gc,cpu       ] GC(21) User=0.03s Sys=0.00s Real=0.00s
[2022-06-13T03:21:53.428+0000][1][safepoint    ] Leaving safepoint region
[2022-06-13T03:21:53.428+0000][1][safepoint    ] Total time for which application threads were stopped: 0.0086807 seconds, Stopping threads took: 0.0001538 seconds
[2022-06-13T03:21:53.458+0000][1][safepoint    ] Application time: 0.0295952 seconds
[2022-06-13T03:21:53.458+0000][1][safepoint    ] Entering safepoint region: Deoptimize
[2022-06-13T03:21:53.459+0000][1][safepoint    ] Leaving safepoint region
[2022-06-13T03:21:53.459+0000][1][safepoint    ] Total time for which application threads were stopped: 0.0011392 seconds, Stopping threads took: 0.0001768 seconds
[2022-06-13T03:21:53.465+0000][1][safepoint    ] Application time: 0.0051051 seconds
[2022-06-13T03:21:53.465+0000][1][safepoint    ] Entering safepoint region: RevokeBias
[2022-06-13T03:21:53.465+0000][1][safepoint    ] Leaving safepoint region
[2022-06-13T03:21:53.465+0000][1][safepoint    ] Total time for which application threads were stopped: 0.0004108 seconds, Stopping threads took: 0.0002167 seconds
[2022-06-13T03:21:53.466+0000][1][safepoint    ] Application time: 0.0003445 seconds
[2022-06-13T03:21:53.466+0000][1][safepoint    ] Entering safepoint region: RevokeBias
[2022-06-13T03:21:53.466+0000][1][safepoint    ] Leaving safepoint region
[2022-06-13T03:21:53.466+0000][1][safepoint    ] Total time for which application threads were stopped: 0.0003465 seconds, Stopping threads took: 0.0001558 seconds
[2022-06-13T03:21:53.467+0000][1][safepoint    ] Application time: 0.0007846 seconds
[2022-06-13T03:21:53.467+0000][1][safepoint    ] Entering safepoint region: RevokeBias
[2022-06-13T03:21:53.468+0000][1][safepoint    ] Leaving safepoint region
[2022-06-13T03:21:53.468+0000][1][safepoint    ] Total time for which application threads were stopped: 0.0003268 seconds, Stopping threads took: 0.0001493 seconds
[2022-06-13T03:21:53.468+0000][1][safepoint    ] Application time: 0.0001935 seconds
[2022-06-13T03:21:53.468+0000][1][safepoint    ] Entering safepoint region: RevokeBias
[2022-06-13T03:21:53.468+0000][1][safepoint    ] Leaving safepoint region
[2022-06-13T03:21:53.468+0000][1][safepoint    ] Total time for which application threads were stopped: 0.0002878 seconds, Stopping threads took: 0.0001424 seconds
[2022-06-13T03:21:53.469+0000][1][safepoint    ] Application time: 0.0004569 seconds
[2022-06-13T03:21:53.469+0000][1][safepoint    ] Entering safepoint region: RevokeBias
[2022-06-13T03:21:53.469+0000][1][safepoint    ] Leaving safepoint region
[2022-06-13T03:21:53.469+0000][1][safepoint    ] Total time for which application threads were stopped: 0.0003302 seconds, Stopping threads took: 0.0001461 seconds
[2022-06-13T03:21:53.470+0000][1][safepoint    ] Application time: 0.0000828 seconds
[2022-06-13T03:21:53.470+0000][1][safepoint    ] Entering safepoint region: RevokeBias
[2022-06-13T03:21:53.470+0000][1][safepoint    ] Leaving safepoint region
[2022-06-13T03:21:53.470+0000][1][safepoint    ] Total time for which application threads were stopped: 0.0002934 seconds, Stopping threads took: 0.0001289 seconds
[2022-06-13T03:21:53.470+0000][1][safepoint    ] Application time: 0.0001222 seconds
[2022-06-13T03:21:53.470+0000][1][safepoint    ] Entering safepoint region: RevokeBias
[2022-06-13T03:21:53.471+0000][1][safepoint    ] Leaving safepoint region
[2022-06-13T03:21:53.471+0000][1][safepoint    ] Total time for which application threads were stopped: 0.0002924 seconds, Stopping threads took: 0.0001408 seconds
[2022-06-13T03:21:53.471+0000][1][safepoint    ] Application time: 0.0002798 seconds
[2022-06-13T03:21:53.471+0000][1][safepoint    ] Entering safepoint region: RevokeBias
[2022-06-13T03:21:53.471+0000][1][safepoint    ] Leaving safepoint region
[2022-06-13T03:21:53.472+0000][1][safepoint    ] Total time for which application threads were stopped: 0.0002249 seconds, Stopping threads took: 0.0001046 seconds
[2022-06-13T03:21:53.472+0000][1][safepoint    ] Application time: 0.0002637 seconds
[2022-06-13T03:21:53.472+0000][1][safepoint    ] Entering safepoint region: RevokeBias
[2022-06-13T03:21:53.472+0000][1][safepoint    ] Leaving safepoint region
[2022-06-13T03:21:53.472+0000][1][safepoint    ] Total time for which application threads were stopped: 0.0002346 seconds, Stopping threads took: 0.0001131 seconds
[2022-06-13T03:21:53.473+0000][1][safepoint    ] Application time: 0.0003052 seconds
[2022-06-13T03:21:53.473+0000][1][safepoint    ] Entering safepoint region: RevokeBias
[2022-06-13T03:21:53.473+0000][1][safepoint    ] Leaving safepoint region
[2022-06-13T03:21:53.473+0000][1][safepoint    ] Total time for which application threads were stopped: 0.0002346 seconds, Stopping threads took: 0.0001058 seconds
[2022-06-13T03:21:53.473+0000][1][safepoint    ] Application time: 0.0000815 seconds
[2022-06-13T03:21:53.473+0000][1][safepoint    ] Entering safepoint region: RevokeBias
[2022-06-13T03:21:53.473+0000][1][safepoint    ] Leaving safepoint region
[2022-06-13T03:21:53.474+0000][1][safepoint    ] Total time for which application threads were stopped: 0.0002502 seconds, Stopping threads took: 0.0001164 seconds
[2022-06-13T03:21:53.474+0000][1][safepoint    ] Application time: 0.0007053 seconds
[2022-06-13T03:21:53.475+0000][1][safepoint    ] Entering safepoint region: RevokeBias
[2022-06-13T03:21:53.475+0000][1][safepoint    ] Leaving safepoint region
[2022-06-13T03:21:53.475+0000][1][safepoint    ] Total time for which application threads were stopped: 0.0005094 seconds, Stopping threads took: 0.0002067 seconds
[2022-06-13T03:21:53.476+0000][1][safepoint    ] Application time: 0.0011795 seconds
[2022-06-13T03:21:53.476+0000][1][safepoint    ] Entering safepoint region: RevokeBias
[2022-06-13T03:21:53.477+0000][1][safepoint    ] Leaving safepoint region
[2022-06-13T03:21:53.477+0000][1][safepoint    ] Total time for which application threads were stopped: 0.0003062 seconds, Stopping threads took: 0.0001269 seconds
[2022-06-13T03:21:53.477+0000][1][safepoint    ] Application time: 0.0001121 seconds
[2022-06-13T03:21:53.477+0000][1][safepoint    ] Entering safepoint region: RevokeBias
[2022-06-13T03:21:53.477+0000][1][safepoint    ] Leaving safepoint region
[2022-06-13T03:21:53.477+0000][1][safepoint    ] Total time for which application threads were stopped: 0.0002293 seconds, Stopping threads took: 0.0000985 seconds
[2022-06-13T03:21:53.480+0000][1][safepoint    ] Application time: 0.0021843 seconds
[2022-06-13T03:21:53.480+0000][1][safepoint    ] Entering safepoint region: Deoptimize
[2022-06-13T03:21:53.481+0000][1][safepoint    ] Leaving safepoint region
[2022-06-13T03:21:53.481+0000][1][safepoint    ] Total time for which application threads were stopped: 0.0009009 seconds, Stopping threads took: 0.0001409 seconds
[2022-06-13T03:21:53.513+0000][1][safepoint    ] Application time: 0.0322947 seconds
[2022-06-13T03:21:53.513+0000][1][safepoint    ] Entering safepoint region: RevokeBias
[2022-06-13T03:21:53.514+0000][1][safepoint    ] Leaving safepoint region
[2022-06-13T03:21:53.514+0000][1][safepoint    ] Total time for which application threads were stopped: 0.0005535 seconds, Stopping threads took: 0.0002398 seconds
[2022-06-13T03:21:53.514+0000][1][safepoint    ] Application time: 0.0000705 seconds
[2022-06-13T03:21:53.515+0000][1][safepoint    ] Entering safepoint region: RevokeBias
[2022-06-13T03:21:53.515+0000][1][safepoint    ] Leaving safepoint region
[2022-06-13T03:21:53.515+0000][1][safepoint    ] Total time for which application threads were stopped: 0.0004247 seconds, Stopping threads took: 0.0001660 seconds
[2022-06-13T03:21:53.515+0000][1][safepoint    ] Application time: 0.0001425 seconds
[2022-06-13T03:21:53.515+0000][1][safepoint    ] Entering safepoint region: RevokeBias
[2022-06-13T03:21:53.515+0000][1][safepoint    ] Leaving safepoint region
[2022-06-13T03:21:53.516+0000][1][safepoint    ] Total time for which application threads were stopped: 0.0002535 seconds, Stopping threads took: 0.0001231 seconds
[2022-06-13T03:21:53.516+0000][1][safepoint    ] Application time: 0.0002529 seconds
[2022-06-13T03:21:53.516+0000][1][safepoint    ] Entering safepoint region: RevokeBias
[2022-06-13T03:21:53.516+0000][1][safepoint    ] Leaving safepoint region
[2022-06-13T03:21:53.516+0000][1][safepoint    ] Total time for which application threads were stopped: 0.0003040 seconds, Stopping threads took: 0.0001586 seconds
[2022-06-13T03:21:53.517+0000][1][safepoint    ] Application time: 0.0009265 seconds
[2022-06-13T03:21:53.518+0000][1][safepoint    ] Entering safepoint region: RevokeBias
[2022-06-13T03:21:53.518+0000][1][safepoint    ] Leaving safepoint region
[2022-06-13T03:21:53.518+0000][1][safepoint    ] Total time for which application threads were stopped: 0.0003450 seconds, Stopping threads took: 0.0001941 seconds
[2022-06-13T03:21:53.518+0000][1][safepoint    ] Application time: 0.0003357 seconds
[2022-06-13T03:21:53.519+0000][1][safepoint    ] Entering safepoint region: RevokeBias
[2022-06-13T03:21:53.519+0000][1][safepoint    ] Leaving safepoint region
[2022-06-13T03:21:53.519+0000][1][safepoint    ] Total time for which application threads were stopped: 0.0005524 seconds, Stopping threads took: 0.0003707 seconds
[2022-06-13T03:21:53.519+0000][1][safepoint    ] Application time: 0.0000483 seconds
[2022-06-13T03:21:53.520+0000][1][safepoint    ] Entering safepoint region: RevokeBias
[2022-06-13T03:21:53.520+0000][1][safepoint    ] Leaving safepoint region
[2022-06-13T03:21:53.520+0000][1][safepoint    ] Total time for which application threads were stopped: 0.0003588 seconds, Stopping threads took: 0.0001954 seconds
[2022-06-13T03:21:53.520+0000][1][safepoint    ] Application time: 0.0000866 seconds
[2022-06-13T03:21:53.520+0000][1][safepoint    ] Entering safepoint region: RevokeBias
[2022-06-13T03:21:53.521+0000][1][safepoint    ] Leaving safepoint region
[2022-06-13T03:21:53.521+0000][1][safepoint    ] Total time for which application threads were stopped: 0.0007878 seconds, Stopping threads took: 0.0003778 seconds
[2022-06-13T03:21:53.521+0000][1][safepoint    ] Application time: 0.0002398 seconds
[2022-06-13T03:21:53.522+0000][1][safepoint    ] Entering safepoint region: RevokeBias
[2022-06-13T03:21:53.522+0000][1][safepoint    ] Leaving safepoint region
[2022-06-13T03:21:53.522+0000][1][safepoint    ] Total time for which application threads were stopped: 0.0006877 seconds, Stopping threads took: 0.0003801 seconds
[2022-06-13T03:21:53.523+0000][1][safepoint    ] Application time: 0.0007389 seconds
[2022-06-13T03:21:53.524+0000][1][safepoint    ] Entering safepoint region: RevokeBias
[2022-06-13T03:21:53.524+0000][1][safepoint    ] Leaving safepoint region
[2022-06-13T03:21:53.524+0000][1][safepoint    ] Total time for which application threads were stopped: 0.0006744 seconds, Stopping threads took: 0.0003265 seconds
[2022-06-13T03:21:53.525+0000][1][safepoint    ] Application time: 0.0001449 seconds
[2022-06-13T03:21:53.525+0000][1][safepoint    ] Entering safepoint region: RevokeBias
[2022-06-13T03:21:53.525+0000][1][safepoint    ] Leaving safepoint region
[2022-06-13T03:21:53.525+0000][1][safepoint    ] Total time for which application threads were stopped: 0.0004295 seconds, Stopping threads took: 0.0002220 seconds
[2022-06-13T03:21:53.526+0000][1][safepoint    ] Application time: 0.0001082 seconds
[2022-06-13T03:21:53.526+0000][1][safepoint    ] Entering safepoint region: RevokeBias
[2022-06-13T03:21:53.526+0000][1][safepoint    ] Leaving safepoint region
[2022-06-13T03:21:53.527+0000][1][safepoint    ] Total time for which application threads were stopped: 0.0006862 seconds, Stopping threads took: 0.0002483 seconds
[2022-06-13T03:21:53.527+0000][1][safepoint    ] Application time: 0.0004675 seconds
[2022-06-13T03:21:53.528+0000][1][safepoint    ] Entering safepoint region: RevokeBias
[2022-06-13T03:21:53.528+0000][1][safepoint    ] Leaving safepoint region
[2022-06-13T03:21:53.528+0000][1][safepoint    ] Total time for which application threads were stopped: 0.0006641 seconds, Stopping threads took: 0.0003051 seconds
[2022-06-13T03:21:53.529+0000][1][safepoint    ] Application time: 0.0000889 seconds
[2022-06-13T03:21:53.529+0000][1][safepoint    ] Entering safepoint region: RevokeBias
[2022-06-13T03:21:53.529+0000][1][safepoint    ] Leaving safepoint region
[2022-06-13T03:21:53.529+0000][1][safepoint    ] Total time for which application threads were stopped: 0.0004208 seconds, Stopping threads took: 0.0001550 seconds
[2022-06-13T03:21:53.530+0000][1][safepoint    ] Application time: 0.0004479 seconds
[2022-06-13T03:21:53.530+0000][1][safepoint    ] Entering safepoint region: RevokeBias
[2022-06-13T03:21:53.530+0000][1][safepoint    ] Leaving safepoint region
[2022-06-13T03:21:53.531+0000][1][safepoint    ] Total time for which application threads were stopped: 0.0006201 seconds, Stopping threads took: 0.0003673 seconds
[2022-06-13T03:21:53.531+0000][1][safepoint    ] Application time: 0.0005782 seconds
[2022-06-13T03:21:53.532+0000][1][safepoint    ] Entering safepoint region: RevokeBias
[2022-06-13T03:21:53.532+0000][1][safepoint    ] Leaving safepoint region
[2022-06-13T03:21:53.532+0000][1][safepoint    ] Total time for which application threads were stopped: 0.0003500 seconds, Stopping threads took: 0.0001887 seconds
[2022-06-13T03:21:53.532+0000][1][safepoint    ] Application time: 0.0002956 seconds
[2022-06-13T03:21:53.533+0000][1][safepoint    ] Entering safepoint region: RevokeBias
[2022-06-13T03:21:53.533+0000][1][safepoint    ] Leaving safepoint region
[2022-06-13T03:21:53.533+0000][1][safepoint    ] Total time for which application threads were stopped: 0.0004292 seconds, Stopping threads took: 0.0002425 seconds
[2022-06-13T03:21:53.534+0000][1][safepoint    ] Application time: 0.0005133 seconds
[2022-06-13T03:21:53.534+0000][1][safepoint    ] Entering safepoint region: RevokeBias
[2022-06-13T03:21:53.534+0000][1][safepoint    ] Leaving safepoint region
[2022-06-13T03:21:53.534+0000][1][safepoint    ] Total time for which application threads were stopped: 0.0002918 seconds, Stopping threads took: 0.0001195 seconds
[2022-06-13T03:21:53.534+0000][1][safepoint    ] Application time: 0.0002594 seconds
[2022-06-13T03:21:53.535+0000][1][safepoint    ] Entering safepoint region: RevokeBias
[2022-06-13T03:21:53.535+0000][1][safepoint    ] Leaving safepoint region
[2022-06-13T03:21:53.535+0000][1][safepoint    ] Total time for which application threads were stopped: 0.0003245 seconds, Stopping threads took: 0.0001464 seconds
[2022-06-13T03:21:53.535+0000][1][safepoint    ] Application time: 0.0002900 seconds
[2022-06-13T03:21:53.536+0000][1][safepoint    ] Entering safepoint region: RevokeBias
[2022-06-13T03:21:53.536+0000][1][safepoint    ] Leaving safepoint region
[2022-06-13T03:21:53.536+0000][1][safepoint    ] Total time for which application threads were stopped: 0.0003448 seconds, Stopping threads took: 0.0001702 seconds
[2022-06-13T03:21:53.536+0000][1][safepoint    ] Application time: 0.0001938 seconds
[2022-06-13T03:21:53.536+0000][1][safepoint    ] Entering safepoint region: RevokeBias
[2022-06-13T03:21:53.537+0000][1][safepoint    ] Leaving safepoint region
[2022-06-13T03:21:53.537+0000][1][safepoint    ] Total time for which application threads were stopped: 0.0005894 seconds, Stopping threads took: 0.0003842 seconds
[2022-06-13T03:21:53.538+0000][1][safepoint    ] Application time: 0.0005732 seconds
[2022-06-13T03:21:53.538+0000][1][safepoint    ] Entering safepoint region: RevokeBias
[2022-06-13T03:21:53.538+0000][1][safepoint    ] Leaving safepoint region
[2022-06-13T03:21:53.539+0000][1][safepoint    ] Total time for which application threads were stopped: 0.0005712 seconds, Stopping threads took: 0.0002856 seconds
[2022-06-13T03:21:53.539+0000][1][safepoint    ] Application time: 0.0001280 seconds
[2022-06-13T03:21:53.539+0000][1][safepoint    ] Entering safepoint region: RevokeBias
[2022-06-13T03:21:53.539+0000][1][safepoint    ] Leaving safepoint region
[2022-06-13T03:21:53.540+0000][1][safepoint    ] Total time for which application threads were stopped: 0.0003067 seconds, Stopping threads took: 0.0001496 seconds
[2022-06-13T03:21:53.540+0000][1][safepoint    ] Application time: 0.0000957 seconds
[2022-06-13T03:21:53.540+0000][1][safepoint    ] Entering safepoint region: RevokeBias
[2022-06-13T03:21:53.540+0000][1][safepoint    ] Leaving safepoint region
[2022-06-13T03:21:53.540+0000][1][safepoint    ] Total time for which application threads were stopped: 0.0003446 seconds, Stopping threads took: 0.0001372 seconds
[2022-06-13T03:21:53.540+0000][1][safepoint    ] Application time: 0.0000960 seconds
[2022-06-13T03:21:53.540+0000][1][safepoint    ] Entering safepoint region: RevokeBias
[2022-06-13T03:21:53.541+0000][1][safepoint    ] Leaving safepoint region
[2022-06-13T03:21:53.541+0000][1][safepoint    ] Total time for which application threads were stopped: 0.0002253 seconds, Stopping threads took: 0.0000926 seconds
[2022-06-13T03:21:53.541+0000][1][safepoint    ] Application time: 0.0003651 seconds
[2022-06-13T03:21:53.541+0000][1][safepoint    ] Entering safepoint region: RevokeBias
[2022-06-13T03:21:53.541+0000][1][safepoint    ] Leaving safepoint region
[2022-06-13T03:21:53.542+0000][1][safepoint    ] Total time for which application threads were stopped: 0.0002462 seconds, Stopping threads took: 0.0001161 seconds
[2022-06-13T03:21:53.542+0000][1][safepoint    ] Application time: 0.0000670 seconds
[2022-06-13T03:21:53.542+0000][1][safepoint    ] Entering safepoint region: RevokeBias
[2022-06-13T03:21:53.542+0000][1][safepoint    ] Leaving safepoint region
[2022-06-13T03:21:53.542+0000][1][safepoint    ] Total time for which application threads were stopped: 0.0002260 seconds, Stopping threads took: 0.0000999 seconds
[2022-06-13T03:21:53.544+0000][1][safepoint    ] Application time: 0.0019702 seconds
[2022-06-13T03:21:53.544+0000][1][safepoint    ] Entering safepoint region: RevokeBias
[2022-06-13T03:21:53.544+0000][1][safepoint    ] Leaving safepoint region
[2022-06-13T03:21:53.544+0000][1][safepoint    ] Total time for which application threads were stopped: 0.0002311 seconds, Stopping threads took: 0.0000955 seconds
[2022-06-13T03:21:53.545+0000][1][safepoint    ] Application time: 0.0007344 seconds
[2022-06-13T03:21:53.545+0000][1][safepoint    ] Entering safepoint region: RevokeBias
[2022-06-13T03:21:53.546+0000][1][safepoint    ] Leaving safepoint region
[2022-06-13T03:21:53.546+0000][1][safepoint    ] Total time for which application threads were stopped: 0.0003307 seconds, Stopping threads took: 0.0001637 seconds
[2022-06-13T03:21:53.546+0000][1][safepoint    ] Application time: 0.0001052 seconds
[2022-06-13T03:21:53.546+0000][1][safepoint    ] Entering safepoint region: RevokeBias
[2022-06-13T03:21:53.546+0000][1][safepoint    ] Leaving safepoint region
[2022-06-13T03:21:53.546+0000][1][safepoint    ] Total time for which application threads were stopped: 0.0003297 seconds, Stopping threads took: 0.0001628 seconds
[2022-06-13T03:21:53.548+0000][1][safepoint    ] Application time: 0.0017816 seconds
[2022-06-13T03:21:53.549+0000][1][safepoint    ] Entering safepoint region: RevokeBias
[2022-06-13T03:21:53.549+0000][1][safepoint    ] Leaving safepoint region
[2022-06-13T03:21:53.549+0000][1][safepoint    ] Total time for which application threads were stopped: 0.0004625 seconds, Stopping threads took: 0.0001510 seconds
[2022-06-13T03:21:53.549+0000][1][safepoint    ] Application time: 0.0002465 seconds
[2022-06-13T03:21:53.550+0000][1][safepoint    ] Entering safepoint region: RevokeBias
[2022-06-13T03:21:53.550+0000][1][safepoint    ] Leaving safepoint region
[2022-06-13T03:21:53.550+0000][1][safepoint    ] Total time for which application threads were stopped: 0.0004468 seconds, Stopping threads took: 0.0002823 seconds
[2022-06-13T03:21:53.551+0000][1][safepoint    ] Application time: 0.0004706 seconds
[2022-06-13T03:21:53.551+0000][1][safepoint    ] Entering safepoint region: RevokeBias
[2022-06-13T03:21:53.551+0000][1][safepoint    ] Leaving safepoint region
[2022-06-13T03:21:53.551+0000][1][safepoint    ] Total time for which application threads were stopped: 0.0004588 seconds, Stopping threads took: 0.0002646 seconds
[2022-06-13T03:21:53.551+0000][1][safepoint    ] Application time: 0.0000927 seconds
[2022-06-13T03:21:53.552+0000][1][safepoint    ] Entering safepoint region: RevokeBias
[2022-06-13T03:21:53.552+0000][1][safepoint    ] Leaving safepoint region
[2022-06-13T03:21:53.552+0000][1][safepoint    ] Total time for which application threads were stopped: 0.0004408 seconds, Stopping threads took: 0.0002249 seconds
[2022-06-13T03:21:53.552+0000][1][safepoint    ] Application time: 0.0001097 seconds
[2022-06-13T03:21:53.553+0000][1][safepoint    ] Entering safepoint region: RevokeBias
[2022-06-13T03:21:53.553+0000][1][safepoint    ] Leaving safepoint region
[2022-06-13T03:21:53.553+0000][1][safepoint    ] Total time for which application threads were stopped: 0.0003519 seconds, Stopping threads took: 0.0001741 seconds
[2022-06-13T03:21:53.554+0000][1][safepoint    ] Application time: 0.0007195 seconds
[2022-06-13T03:21:53.554+0000][1][safepoint    ] Entering safepoint region: RevokeBias
[2022-06-13T03:21:53.554+0000][1][safepoint    ] Leaving safepoint region
[2022-06-13T03:21:53.554+0000][1][safepoint    ] Total time for which application threads were stopped: 0.0003233 seconds, Stopping threads took: 0.0001644 seconds
[2022-06-13T03:21:53.554+0000][1][safepoint    ] Application time: 0.0000711 seconds
[2022-06-13T03:21:53.554+0000][1][safepoint    ] Entering safepoint region: RevokeBias
[2022-06-13T03:21:53.555+0000][1][safepoint    ] Leaving safepoint region
[2022-06-13T03:21:53.555+0000][1][safepoint    ] Total time for which application threads were stopped: 0.0002788 seconds, Stopping threads took: 0.0001508 seconds
[2022-06-13T03:21:53.556+0000][1][safepoint    ] Application time: 0.0012621 seconds
[2022-06-13T03:21:53.556+0000][1][safepoint    ] Entering safepoint region: RevokeBias
[2022-06-13T03:21:53.557+0000][1][safepoint    ] Leaving safepoint region
[2022-06-13T03:21:53.557+0000][1][safepoint    ] Total time for which application threads were stopped: 0.0003455 seconds, Stopping threads took: 0.0001820 seconds
[2022-06-13T03:21:53.557+0000][1][safepoint    ] Application time: 0.0001108 seconds
[2022-06-13T03:21:53.557+0000][1][safepoint    ] Entering safepoint region: RevokeBias
[2022-06-13T03:21:53.557+0000][1][safepoint    ] Leaving safepoint region
[2022-06-13T03:21:53.557+0000][1][safepoint    ] Total time for which application threads were stopped: 0.0003219 seconds, Stopping threads took: 0.0001940 seconds
[2022-06-13T03:21:53.560+0000][1][safepoint    ] Application time: 0.0023420 seconds
[2022-06-13T03:21:53.560+0000][1][safepoint    ] Entering safepoint region: RevokeBias
[2022-06-13T03:21:53.560+0000][1][safepoint    ] Leaving safepoint region
[2022-06-13T03:21:53.560+0000][1][safepoint    ] Total time for which application threads were stopped: 0.0002593 seconds, Stopping threads took: 0.0001020 seconds
[2022-06-13T03:21:53.560+0000][1][safepoint    ] Application time: 0.0001315 seconds
[2022-06-13T03:21:53.561+0000][1][safepoint    ] Entering safepoint region: RevokeBias
[2022-06-13T03:21:53.561+0000][1][safepoint    ] Leaving safepoint region
[2022-06-13T03:21:53.561+0000][1][safepoint    ] Total time for which application threads were stopped: 0.0003064 seconds, Stopping threads took: 0.0001407 seconds
[2022-06-13T03:21:53.561+0000][1][safepoint    ] Application time: 0.0001324 seconds
[2022-06-13T03:21:53.561+0000][1][safepoint    ] Entering safepoint region: RevokeBias
[2022-06-13T03:21:53.561+0000][1][safepoint    ] Leaving safepoint region
[2022-06-13T03:21:53.562+0000][1][safepoint    ] Total time for which application threads were stopped: 0.0002755 seconds, Stopping threads took: 0.0001420 seconds
[2022-06-13T03:21:53.562+0000][1][safepoint    ] Application time: 0.0000594 seconds
[2022-06-13T03:21:53.562+0000][1][safepoint    ] Entering safepoint region: RevokeBias
[2022-06-13T03:21:53.562+0000][1][safepoint    ] Leaving safepoint region
[2022-06-13T03:21:53.562+0000][1][safepoint    ] Total time for which application threads were stopped: 0.0002503 seconds, Stopping threads took: 0.0001143 seconds
[2022-06-13T03:21:53.565+0000][1][safepoint    ] Application time: 0.0023583 seconds
[2022-06-13T03:21:53.565+0000][1][safepoint    ] Entering safepoint region: RevokeBias
[2022-06-13T03:21:53.565+0000][1][safepoint    ] Leaving safepoint region
[2022-06-13T03:21:53.565+0000][1][safepoint    ] Total time for which application threads were stopped: 0.0003318 seconds, Stopping threads took: 0.0001657 seconds
[2022-06-13T03:21:53.565+0000][1][safepoint    ] Application time: 0.0001210 seconds
[2022-06-13T03:21:53.566+0000][1][safepoint    ] Entering safepoint region: RevokeBias
[2022-06-13T03:21:53.566+0000][1][safepoint    ] Leaving safepoint region
[2022-06-13T03:21:53.566+0000][1][safepoint    ] Total time for which application threads were stopped: 0.0003209 seconds, Stopping threads took: 0.0001845 seconds
[2022-06-13T03:21:53.566+0000][1][safepoint    ] Application time: 0.0001108 seconds
[2022-06-13T03:21:53.567+0000][1][safepoint    ] Entering safepoint region: RevokeBias
[2022-06-13T03:21:53.567+0000][1][safepoint    ] Leaving safepoint region
[2022-06-13T03:21:53.567+0000][1][safepoint    ] Total time for which application threads were stopped: 0.0009560 seconds, Stopping threads took: 0.0007400 seconds
[2022-06-13T03:21:53.570+0000][1][safepoint    ] Application time: 0.0022789 seconds
[2022-06-13T03:21:53.570+0000][1][safepoint    ] Entering safepoint region: RevokeBias
[2022-06-13T03:21:53.570+0000][1][safepoint    ] Leaving safepoint region
[2022-06-13T03:21:53.570+0000][1][safepoint    ] Total time for which application threads were stopped: 0.0003457 seconds, Stopping threads took: 0.0001633 seconds
[2022-06-13T03:21:53.572+0000][1][safepoint    ] Application time: 0.0015319 seconds
[2022-06-13T03:21:53.572+0000][1][safepoint    ] Entering safepoint region: RevokeBias
[2022-06-13T03:21:53.573+0000][1][safepoint    ] Leaving safepoint region
[2022-06-13T03:21:53.573+0000][1][safepoint    ] Total time for which application threads were stopped: 0.0007161 seconds, Stopping threads took: 0.0003218 seconds
[2022-06-13T03:21:53.574+0000][1][safepoint    ] Application time: 0.0007298 seconds
[2022-06-13T03:21:53.574+0000][1][safepoint    ] Entering safepoint region: RevokeBias
[2022-06-13T03:21:53.575+0000][1][safepoint    ] Leaving safepoint region
[2022-06-13T03:21:53.575+0000][1][safepoint    ] Total time for which application threads were stopped: 0.0007093 seconds, Stopping threads took: 0.0004989 seconds
[2022-06-13T03:21:53.575+0000][1][safepoint    ] Application time: 0.0001640 seconds
[2022-06-13T03:21:53.575+0000][1][safepoint    ] Entering safepoint region: RevokeBias
[2022-06-13T03:21:53.576+0000][1][safepoint    ] Leaving safepoint region
[2022-06-13T03:21:53.576+0000][1][safepoint    ] Total time for which application threads were stopped: 0.0003871 seconds, Stopping threads took: 0.0001656 seconds
[2022-06-13T03:21:53.576+0000][1][safepoint    ] Application time: 0.0001095 seconds
[2022-06-13T03:21:53.576+0000][1][safepoint    ] Entering safepoint region: RevokeBias
[2022-06-13T03:21:53.576+0000][1][safepoint    ] Leaving safepoint region
[2022-06-13T03:21:53.576+0000][1][safepoint    ] Total time for which application threads were stopped: 0.0002698 seconds, Stopping threads took: 0.0001212 seconds
[2022-06-13T03:21:53.928+0000][1][safepoint    ] Application time: 0.3512590 seconds
[2022-06-13T03:21:53.928+0000][1][safepoint    ] Entering safepoint region: RevokeBias
[2022-06-13T03:21:53.929+0000][1][safepoint    ] Leaving safepoint region
[2022-06-13T03:21:53.929+0000][1][safepoint    ] Total time for which application threads were stopped: 0.0008341 seconds, Stopping threads took: 0.0004406 seconds
[2022-06-13T03:21:54.302+0000][1][safepoint    ] Application time: 0.3732064 seconds
[2022-06-13T03:21:54.303+0000][1][safepoint    ] Entering safepoint region: RevokeBias
[2022-06-13T03:21:54.303+0000][1][safepoint    ] Leaving safepoint region
[2022-06-13T03:21:54.303+0000][1][safepoint    ] Total time for which application threads were stopped: 0.0003452 seconds, Stopping threads took: 0.0001842 seconds
[2022-06-13T03:21:54.303+0000][1][safepoint    ] Application time: 0.0000961 seconds
[2022-06-13T03:21:54.303+0000][1][safepoint    ] Entering safepoint region: RevokeBias
[2022-06-13T03:21:54.303+0000][1][safepoint    ] Leaving safepoint region
[2022-06-13T03:21:54.304+0000][1][safepoint    ] Total time for which application threads were stopped: 0.0002483 seconds, Stopping threads took: 0.0001081 seconds
[2022-06-13T03:21:54.304+0000][1][safepoint    ] Application time: 0.0000874 seconds
[2022-06-13T03:21:54.304+0000][1][safepoint    ] Entering safepoint region: RevokeBias
[2022-06-13T03:21:54.304+0000][1][safepoint    ] Leaving safepoint region
[2022-06-13T03:21:54.304+0000][1][safepoint    ] Total time for which application threads were stopped: 0.0001904 seconds, Stopping threads took: 0.0000859 seconds
[2022-06-13T03:21:54.304+0000][1][safepoint    ] Application time: 0.0000871 seconds
[2022-06-13T03:21:54.304+0000][1][safepoint    ] Entering safepoint region: RevokeBias
[2022-06-13T03:21:54.304+0000][1][safepoint    ] Leaving safepoint region
[2022-06-13T03:21:54.304+0000][1][safepoint    ] Total time for which application threads were stopped: 0.0001853 seconds, Stopping threads took: 0.0000871 seconds
[2022-06-13T03:21:54.305+0000][1][safepoint    ] Application time: 0.0001301 seconds
[2022-06-13T03:21:54.305+0000][1][safepoint    ] Entering safepoint region: RevokeBias
[2022-06-13T03:21:54.305+0000][1][safepoint    ] Leaving safepoint region
[2022-06-13T03:21:54.305+0000][1][safepoint    ] Total time for which application threads were stopped: 0.0001838 seconds, Stopping threads took: 0.0000861 seconds
[2022-06-13T03:21:54.305+0000][1][safepoint    ] Application time: 0.0000928 seconds
[2022-06-13T03:21:54.305+0000][1][safepoint    ] Entering safepoint region: RevokeBias
[2022-06-13T03:21:54.305+0000][1][safepoint    ] Leaving safepoint region
[2022-06-13T03:21:54.305+0000][1][safepoint    ] Total time for which application threads were stopped: 0.0002359 seconds, Stopping threads took: 0.0001090 seconds
[2022-06-13T03:21:54.306+0000][1][safepoint    ] Application time: 0.0000620 seconds
[2022-06-13T03:21:54.306+0000][1][safepoint    ] Entering safepoint region: RevokeBias
[2022-06-13T03:21:54.306+0000][1][safepoint    ] Leaving safepoint region
[2022-06-13T03:21:54.306+0000][1][safepoint    ] Total time for which application threads were stopped: 0.0001788 seconds, Stopping threads took: 0.0000830 seconds
[2022-06-13T03:21:54.306+0000][1][safepoint    ] Application time: 0.0000568 seconds
[2022-06-13T03:21:54.306+0000][1][safepoint    ] Entering safepoint region: RevokeBias
[2022-06-13T03:21:54.306+0000][1][safepoint    ] Leaving safepoint region
[2022-06-13T03:21:54.306+0000][1][safepoint    ] Total time for which application threads were stopped: 0.0001833 seconds, Stopping threads took: 0.0000823 seconds
[2022-06-13T03:21:54.515+0000][1][safepoint    ] Application time: 0.2088445 seconds
[2022-06-13T03:21:54.516+0000][1][safepoint    ] Entering safepoint region: RevokeBias
[2022-06-13T03:21:54.516+0000][1][safepoint    ] Leaving safepoint region
[2022-06-13T03:21:54.516+0000][1][safepoint    ] Total time for which application threads were stopped: 0.0005017 seconds, Stopping threads took: 0.0002533 seconds
[2022-06-13T03:21:54.517+0000][1][safepoint    ] Application time: 0.0004328 seconds
[2022-06-13T03:21:54.517+0000][1][safepoint    ] Entering safepoint region: RevokeBias
[2022-06-13T03:21:54.517+0000][1][safepoint    ] Leaving safepoint region
[2022-06-13T03:21:54.517+0000][1][safepoint    ] Total time for which application threads were stopped: 0.0003548 seconds, Stopping threads took: 0.0001819 seconds
[2022-06-13T03:21:54.518+0000][1][safepoint    ] Application time: 0.0001735 seconds
[2022-06-13T03:21:54.518+0000][1][safepoint    ] Entering safepoint region: RevokeBias
[2022-06-13T03:21:54.518+0000][1][safepoint    ] Leaving safepoint region
[2022-06-13T03:21:54.518+0000][1][safepoint    ] Total time for which application threads were stopped: 0.0003659 seconds, Stopping threads took: 0.0001628 seconds
[2022-06-13T03:21:54.519+0000][1][safepoint    ] Application time: 0.0001860 seconds
[2022-06-13T03:21:54.519+0000][1][safepoint    ] Entering safepoint region: RevokeBias
[2022-06-13T03:21:54.519+0000][1][safepoint    ] Leaving safepoint region
[2022-06-13T03:21:54.519+0000][1][safepoint    ] Total time for which application threads were stopped: 0.0002705 seconds, Stopping threads took: 0.0001220 seconds
[2022-06-13T03:21:54.520+0000][1][safepoint    ] Application time: 0.0001557 seconds
[2022-06-13T03:21:54.520+0000][1][safepoint    ] Entering safepoint region: RevokeBias
[2022-06-13T03:21:54.520+0000][1][safepoint    ] Leaving safepoint region
[2022-06-13T03:21:54.520+0000][1][safepoint    ] Total time for which application threads were stopped: 0.0005652 seconds, Stopping threads took: 0.0002914 seconds
[2022-06-13T03:21:54.521+0000][1][safepoint    ] Application time: 0.0003639 seconds
[2022-06-13T03:21:54.521+0000][1][safepoint    ] Entering safepoint region: RevokeBias
[2022-06-13T03:21:54.522+0000][1][safepoint    ] Leaving safepoint region
[2022-06-13T03:21:54.522+0000][1][safepoint    ] Total time for which application threads were stopped: 0.0005735 seconds, Stopping threads took: 0.0003544 seconds
[2022-06-13T03:21:54.522+0000][1][safepoint    ] Application time: 0.0003384 seconds
[2022-06-13T03:21:54.523+0000][1][safepoint    ] Entering safepoint region: RevokeBias
[2022-06-13T03:21:54.523+0000][1][safepoint    ] Leaving safepoint region
[2022-06-13T03:21:54.523+0000][1][safepoint    ] Total time for which application threads were stopped: 0.0004950 seconds, Stopping threads took: 0.0002292 seconds
[2022-06-13T03:21:54.523+0000][1][safepoint    ] Application time: 0.0001813 seconds
[2022-06-13T03:21:54.524+0000][1][safepoint    ] Entering safepoint region: RevokeBias
[2022-06-13T03:21:54.524+0000][1][safepoint    ] Leaving safepoint region
[2022-06-13T03:21:54.524+0000][1][safepoint    ] Total time for which application threads were stopped: 0.0003967 seconds, Stopping threads took: 0.0002165 seconds
[2022-06-13T03:21:54.524+0000][1][safepoint    ] Application time: 0.0001435 seconds
[2022-06-13T03:21:54.525+0000][1][safepoint    ] Entering safepoint region: RevokeBias
[2022-06-13T03:21:54.525+0000][1][safepoint    ] Leaving safepoint region
[2022-06-13T03:21:54.526+0000][1][safepoint    ] Total time for which application threads were stopped: 0.0009501 seconds, Stopping threads took: 0.0006274 seconds
[2022-06-13T03:21:54.526+0000][1][safepoint    ] Application time: 0.0001256 seconds
[2022-06-13T03:21:54.526+0000][1][safepoint    ] Entering safepoint region: RevokeBias
[2022-06-13T03:21:54.527+0000][1][safepoint    ] Leaving safepoint region
[2022-06-13T03:21:54.527+0000][1][safepoint    ] Total time for which application threads were stopped: 0.0006248 seconds, Stopping threads took: 0.0003958 seconds
[2022-06-13T03:21:54.527+0000][1][safepoint    ] Application time: 0.0001238 seconds
[2022-06-13T03:21:54.527+0000][1][safepoint    ] Entering safepoint region: RevokeBias
[2022-06-13T03:21:54.528+0000][1][safepoint    ] Leaving safepoint region
[2022-06-13T03:21:54.528+0000][1][safepoint    ] Total time for which application threads were stopped: 0.0004616 seconds, Stopping threads took: 0.0002082 seconds
[2022-06-13T03:21:54.531+0000][1][safepoint    ] Application time: 0.0032015 seconds
[2022-06-13T03:21:54.531+0000][1][safepoint    ] Entering safepoint region: RevokeBias
[2022-06-13T03:21:54.532+0000][1][safepoint    ] Leaving safepoint region
[2022-06-13T03:21:54.532+0000][1][safepoint    ] Total time for which application threads were stopped: 0.0002558 seconds, Stopping threads took: 0.0001172 seconds
[2022-06-13T03:21:54.532+0000][1][safepoint    ] Application time: 0.0001014 seconds
[2022-06-13T03:21:54.532+0000][1][safepoint    ] Entering safepoint region: RevokeBias
[2022-06-13T03:21:54.532+0000][1][safepoint    ] Leaving safepoint region
[2022-06-13T03:21:54.532+0000][1][safepoint    ] Total time for which application threads were stopped: 0.0002138 seconds, Stopping threads took: 0.0000823 seconds
[2022-06-13T03:21:54.538+0000][1][safepoint    ] Application time: 0.0061950 seconds
[2022-06-13T03:21:54.539+0000][1][safepoint    ] Entering safepoint region: RevokeBias
[2022-06-13T03:21:54.539+0000][1][safepoint    ] Leaving safepoint region
[2022-06-13T03:21:54.539+0000][1][safepoint    ] Total time for which application threads were stopped: 0.0006864 seconds, Stopping threads took: 0.0002427 seconds
[2022-06-13T03:21:54.548+0000][1][safepoint    ] Application time: 0.0087430 seconds
[2022-06-13T03:21:54.549+0000][1][safepoint    ] Entering safepoint region: RevokeBias
[2022-06-13T03:21:54.549+0000][1][safepoint    ] Leaving safepoint region
[2022-06-13T03:21:54.549+0000][1][safepoint    ] Total time for which application threads were stopped: 0.0006448 seconds, Stopping threads took: 0.0003265 seconds
[2022-06-13T03:21:54.550+0000][1][safepoint    ] Application time: 0.0002710 seconds
[2022-06-13T03:21:54.550+0000][1][safepoint    ] Entering safepoint region: RevokeBias
[2022-06-13T03:21:54.550+0000][1][safepoint    ] Leaving safepoint region
[2022-06-13T03:21:54.551+0000][1][safepoint    ] Total time for which application threads were stopped: 0.0004482 seconds, Stopping threads took: 0.0002202 seconds
[2022-06-13T03:21:54.551+0000][1][safepoint    ] Application time: 0.0001435 seconds
[2022-06-13T03:21:54.551+0000][1][safepoint    ] Entering safepoint region: RevokeBias
[2022-06-13T03:21:54.551+0000][1][safepoint    ] Leaving safepoint region
[2022-06-13T03:21:54.552+0000][1][safepoint    ] Total time for which application threads were stopped: 0.0004577 seconds, Stopping threads took: 0.0002341 seconds
[2022-06-13T03:21:54.552+0000][1][safepoint    ] Application time: 0.0001258 seconds
[2022-06-13T03:21:54.552+0000][1][safepoint    ] Entering safepoint region: RevokeBias
[2022-06-13T03:21:54.552+0000][1][safepoint    ] Leaving safepoint region
[2022-06-13T03:21:54.553+0000][1][safepoint    ] Total time for which application threads were stopped: 0.0004458 seconds, Stopping threads took: 0.0001324 seconds
[2022-06-13T03:21:54.553+0000][1][safepoint    ] Application time: 0.0003784 seconds
[2022-06-13T03:21:54.553+0000][1][safepoint    ] Entering safepoint region: RevokeBias
[2022-06-13T03:21:54.554+0000][1][safepoint    ] Leaving safepoint region
[2022-06-13T03:21:54.554+0000][1][safepoint    ] Total time for which application threads were stopped: 0.0004659 seconds, Stopping threads took: 0.0002734 seconds
[2022-06-13T03:21:54.575+0000][1][safepoint    ] Application time: 0.0212068 seconds
[2022-06-13T03:21:54.575+0000][1][safepoint    ] Entering safepoint region: RevokeBias
[2022-06-13T03:21:54.576+0000][1][safepoint    ] Leaving safepoint region
[2022-06-13T03:21:54.576+0000][1][safepoint    ] Total time for which application threads were stopped: 0.0007437 seconds, Stopping threads took: 0.0003189 seconds
[2022-06-13T03:21:54.579+0000][1][safepoint    ] Application time: 0.0021493 seconds
[2022-06-13T03:21:54.579+0000][1][safepoint    ] Entering safepoint region: RevokeBias
[2022-06-13T03:21:54.579+0000][1][safepoint    ] Leaving safepoint region
[2022-06-13T03:21:54.579+0000][1][safepoint    ] Total time for which application threads were stopped: 0.0005136 seconds, Stopping threads took: 0.0002588 seconds
[2022-06-13T03:21:54.581+0000][1][safepoint    ] Application time: 0.0011005 seconds
[2022-06-13T03:21:54.581+0000][1][safepoint    ] Entering safepoint region: RevokeBias
[2022-06-13T03:21:54.581+0000][1][safepoint    ] Leaving safepoint region
[2022-06-13T03:21:54.581+0000][1][safepoint    ] Total time for which application threads were stopped: 0.0002587 seconds, Stopping threads took: 0.0000972 seconds
[2022-06-13T03:21:54.581+0000][1][safepoint    ] Application time: 0.0002597 seconds
[2022-06-13T03:21:54.582+0000][1][safepoint    ] Entering safepoint region: RevokeBias
[2022-06-13T03:21:54.582+0000][1][safepoint    ] Leaving safepoint region
[2022-06-13T03:21:54.582+0000][1][safepoint    ] Total time for which application threads were stopped: 0.0002102 seconds, Stopping threads took: 0.0000919 seconds
[2022-06-13T03:21:54.582+0000][1][safepoint    ] Application time: 0.0001140 seconds
[2022-06-13T03:21:54.582+0000][1][safepoint    ] Entering safepoint region: RevokeBias
[2022-06-13T03:21:54.582+0000][1][safepoint    ] Leaving safepoint region
[2022-06-13T03:21:54.583+0000][1][safepoint    ] Total time for which application threads were stopped: 0.0002935 seconds, Stopping threads took: 0.0001466 seconds
[2022-06-13T03:21:54.583+0000][1][safepoint    ] Application time: 0.0002473 seconds
[2022-06-13T03:21:54.583+0000][1][safepoint    ] Entering safepoint region: RevokeBias
[2022-06-13T03:21:54.583+0000][1][safepoint    ] Leaving safepoint region
[2022-06-13T03:21:54.583+0000][1][safepoint    ] Total time for which application threads were stopped: 0.0004598 seconds, Stopping threads took: 0.0002493 seconds
[2022-06-13T03:21:54.584+0000][1][safepoint    ] Application time: 0.0002273 seconds
[2022-06-13T03:21:54.584+0000][1][safepoint    ] Entering safepoint region: RevokeBias
[2022-06-13T03:21:54.584+0000][1][safepoint    ] Leaving safepoint region
[2022-06-13T03:21:54.584+0000][1][safepoint    ] Total time for which application threads were stopped: 0.0005095 seconds, Stopping threads took: 0.0002554 seconds
[2022-06-13T03:21:54.585+0000][1][safepoint    ] Application time: 0.0003405 seconds
[2022-06-13T03:21:54.585+0000][1][safepoint    ] Entering safepoint region: RevokeBias
[2022-06-13T03:21:54.585+0000][1][safepoint    ] Leaving safepoint region
[2022-06-13T03:21:54.585+0000][1][safepoint    ] Total time for which application threads were stopped: 0.0003574 seconds, Stopping threads took: 0.0001792 seconds
[2022-06-13T03:21:54.586+0000][1][safepoint    ] Application time: 0.0001867 seconds
[2022-06-13T03:21:54.586+0000][1][safepoint    ] Entering safepoint region: RevokeBias
[2022-06-13T03:21:54.586+0000][1][safepoint    ] Leaving safepoint region
[2022-06-13T03:21:54.586+0000][1][safepoint    ] Total time for which application threads were stopped: 0.0003891 seconds, Stopping threads took: 0.0001441 seconds
[2022-06-13T03:21:54.587+0000][1][safepoint    ] Application time: 0.0001693 seconds
[2022-06-13T03:21:54.587+0000][1][safepoint    ] Entering safepoint region: RevokeBias
[2022-06-13T03:21:54.587+0000][1][safepoint    ] Leaving safepoint region
[2022-06-13T03:21:54.587+0000][1][safepoint    ] Total time for which application threads were stopped: 0.0003815 seconds, Stopping threads took: 0.0001265 seconds
[2022-06-13T03:21:54.588+0000][1][safepoint    ] Application time: 0.0002198 seconds
[2022-06-13T03:21:54.588+0000][1][safepoint    ] Entering safepoint region: RevokeBias
[2022-06-13T03:21:54.588+0000][1][safepoint    ] Leaving safepoint region
[2022-06-13T03:21:54.588+0000][1][safepoint    ] Total time for which application threads were stopped: 0.0003974 seconds, Stopping threads took: 0.0001144 seconds
[2022-06-13T03:21:54.589+0000][1][safepoint    ] Application time: 0.0004057 seconds
[2022-06-13T03:21:54.589+0000][1][safepoint    ] Entering safepoint region: RevokeBias
[2022-06-13T03:21:54.589+0000][1][safepoint    ] Leaving safepoint region
[2022-06-13T03:21:54.589+0000][1][safepoint    ] Total time for which application threads were stopped: 0.0005630 seconds, Stopping threads took: 0.0001569 seconds
[2022-06-13T03:21:54.590+0000][1][safepoint    ] Application time: 0.0002611 seconds
[2022-06-13T03:21:54.590+0000][1][safepoint    ] Entering safepoint region: RevokeBias
[2022-06-13T03:21:54.591+0000][1][safepoint    ] Leaving safepoint region
[2022-06-13T03:21:54.591+0000][1][safepoint    ] Total time for which application threads were stopped: 0.0007102 seconds, Stopping threads took: 0.0003689 seconds
[2022-06-13T03:21:54.591+0000][1][safepoint    ] Application time: 0.0003142 seconds
[2022-06-13T03:21:54.592+0000][1][safepoint    ] Entering safepoint region: RevokeBias
[2022-06-13T03:21:54.592+0000][1][safepoint    ] Leaving safepoint region
[2022-06-13T03:21:54.592+0000][1][safepoint    ] Total time for which application threads were stopped: 0.0008377 seconds, Stopping threads took: 0.0004227 seconds
[2022-06-13T03:21:54.593+0000][1][safepoint    ] Application time: 0.0002610 seconds
[2022-06-13T03:21:54.593+0000][1][safepoint    ] Entering safepoint region: RevokeBias
[2022-06-13T03:21:54.594+0000][1][safepoint    ] Leaving safepoint region
[2022-06-13T03:21:54.595+0000][1][safepoint    ] Total time for which application threads were stopped: 0.0013482 seconds, Stopping threads took: 0.0003233 seconds
[2022-06-13T03:21:54.595+0000][1][safepoint    ] Application time: 0.0002619 seconds
[2022-06-13T03:21:54.595+0000][1][safepoint    ] Entering safepoint region: RevokeBias
[2022-06-13T03:21:54.596+0000][1][safepoint    ] Leaving safepoint region
[2022-06-13T03:21:54.596+0000][1][safepoint    ] Total time for which application threads were stopped: 0.0004681 seconds, Stopping threads took: 0.0001301 seconds
[2022-06-13T03:21:54.596+0000][1][safepoint    ] Application time: 0.0002823 seconds
[2022-06-13T03:21:54.597+0000][1][safepoint    ] Entering safepoint region: RevokeBias
[2022-06-13T03:21:54.597+0000][1][safepoint    ] Leaving safepoint region
[2022-06-13T03:21:54.597+0000][1][safepoint    ] Total time for which application threads were stopped: 0.0004928 seconds, Stopping threads took: 0.0001460 seconds
[2022-06-13T03:21:54.598+0000][1][safepoint    ] Application time: 0.0003389 seconds
[2022-06-13T03:21:54.598+0000][1][safepoint    ] Entering safepoint region: RevokeBias
[2022-06-13T03:21:54.599+0000][1][safepoint    ] Leaving safepoint region
[2022-06-13T03:21:54.599+0000][1][safepoint    ] Total time for which application threads were stopped: 0.0005408 seconds, Stopping threads took: 0.0003222 seconds
[2022-06-13T03:21:54.600+0000][1][safepoint    ] Application time: 0.0009574 seconds
[2022-06-13T03:21:54.600+0000][1][safepoint    ] Entering safepoint region: RevokeBias
[2022-06-13T03:21:54.600+0000][1][safepoint    ] Leaving safepoint region
[2022-06-13T03:21:54.601+0000][1][safepoint    ] Total time for which application threads were stopped: 0.0005318 seconds, Stopping threads took: 0.0001616 seconds
[2022-06-13T03:21:54.602+0000][1][safepoint    ] Application time: 0.0013505 seconds
[2022-06-13T03:21:54.603+0000][1][safepoint    ] Entering safepoint region: RevokeBias
[2022-06-13T03:21:54.603+0000][1][safepoint    ] Leaving safepoint region
[2022-06-13T03:21:54.603+0000][1][safepoint    ] Total time for which application threads were stopped: 0.0006621 seconds, Stopping threads took: 0.0003024 seconds
[2022-06-13T03:21:54.605+0000][1][safepoint    ] Application time: 0.0013141 seconds
[2022-06-13T03:21:54.605+0000][1][safepoint    ] Entering safepoint region: RevokeBias
[2022-06-13T03:21:54.606+0000][1][safepoint    ] Leaving safepoint region
[2022-06-13T03:21:54.606+0000][1][safepoint    ] Total time for which application threads were stopped: 0.0006695 seconds, Stopping threads took: 0.0003227 seconds
[2022-06-13T03:21:54.607+0000][1][safepoint    ] Application time: 0.0004003 seconds
[2022-06-13T03:21:54.607+0000][1][safepoint    ] Entering safepoint region: RevokeBias
[2022-06-13T03:21:54.607+0000][1][safepoint    ] Leaving safepoint region
[2022-06-13T03:21:54.608+0000][1][safepoint    ] Total time for which application threads were stopped: 0.0006424 seconds, Stopping threads took: 0.0003038 seconds
[2022-06-13T03:21:54.610+0000][1][safepoint    ] Application time: 0.0020051 seconds
[2022-06-13T03:21:54.610+0000][1][safepoint    ] Entering safepoint region: RevokeBias
[2022-06-13T03:21:54.610+0000][1][safepoint    ] Leaving safepoint region
[2022-06-13T03:21:54.610+0000][1][safepoint    ] Total time for which application threads were stopped: 0.0002440 seconds, Stopping threads took: 0.0001221 seconds
[2022-06-13T03:21:54.611+0000][1][safepoint    ] Application time: 0.0004429 seconds
[2022-06-13T03:21:54.611+0000][1][safepoint    ] Entering safepoint region: RevokeBias
[2022-06-13T03:21:54.611+0000][1][safepoint    ] Leaving safepoint region
[2022-06-13T03:21:54.611+0000][1][safepoint    ] Total time for which application threads were stopped: 0.0002269 seconds, Stopping threads took: 0.0001064 seconds
[2022-06-13T03:21:54.614+0000][1][safepoint    ] Application time: 0.0024227 seconds
[2022-06-13T03:21:54.614+0000][1][safepoint    ] Entering safepoint region: RevokeBias
[2022-06-13T03:21:54.614+0000][1][safepoint    ] Leaving safepoint region
[2022-06-13T03:21:54.614+0000][1][safepoint    ] Total time for which application threads were stopped: 0.0002656 seconds, Stopping threads took: 0.0001248 seconds
[2022-06-13T03:21:54.629+0000][1][safepoint    ] Application time: 0.0145554 seconds
[2022-06-13T03:21:54.629+0000][1][safepoint    ] Entering safepoint region: RevokeBias
[2022-06-13T03:21:54.629+0000][1][safepoint    ] Leaving safepoint region
[2022-06-13T03:21:54.629+0000][1][safepoint    ] Total time for which application threads were stopped: 0.0005544 seconds, Stopping threads took: 0.0001319 seconds
[2022-06-13T03:21:54.632+0000][1][safepoint    ] Application time: 0.0024159 seconds
[2022-06-13T03:21:54.632+0000][1][safepoint    ] Entering safepoint region: RevokeBias
[2022-06-13T03:21:54.632+0000][1][safepoint    ] Leaving safepoint region
[2022-06-13T03:21:54.632+0000][1][safepoint    ] Total time for which application threads were stopped: 0.0003028 seconds, Stopping threads took: 0.0001232 seconds
[2022-06-13T03:21:54.634+0000][1][safepoint    ] Application time: 0.0011484 seconds
[2022-06-13T03:21:54.634+0000][1][safepoint    ] Entering safepoint region: RevokeBias
[2022-06-13T03:21:54.635+0000][1][safepoint    ] Leaving safepoint region
[2022-06-13T03:21:54.635+0000][1][safepoint    ] Total time for which application threads were stopped: 0.0007412 seconds, Stopping threads took: 0.0003622 seconds
[2022-06-13T03:21:54.635+0000][1][safepoint    ] Application time: 0.0001691 seconds
[2022-06-13T03:21:54.636+0000][1][safepoint    ] Entering safepoint region: RevokeBias
[2022-06-13T03:21:54.636+0000][1][safepoint    ] Leaving safepoint region
[2022-06-13T03:21:54.636+0000][1][safepoint    ] Total time for which application threads were stopped: 0.0006161 seconds, Stopping threads took: 0.0003066 seconds
[2022-06-13T03:21:54.642+0000][1][safepoint    ] Application time: 0.0049299 seconds
[2022-06-13T03:21:54.642+0000][1][safepoint    ] Entering safepoint region: RevokeBias
[2022-06-13T03:21:54.642+0000][1][safepoint    ] Leaving safepoint region
[2022-06-13T03:21:54.642+0000][1][safepoint    ] Total time for which application threads were stopped: 0.0004228 seconds, Stopping threads took: 0.0001783 seconds
[2022-06-13T03:21:55.515+0000][1][safepoint    ] Application time: 0.8729527 seconds
[2022-06-13T03:21:55.516+0000][1][safepoint    ] Entering safepoint region: RevokeBias
[2022-06-13T03:21:55.516+0000][1][safepoint    ] Leaving safepoint region
[2022-06-13T03:21:55.517+0000][1][safepoint    ] Total time for which application threads were stopped: 0.0007238 seconds, Stopping threads took: 0.0004773 seconds
[2022-06-13T03:21:55.517+0000][1][safepoint    ] Application time: 0.0005264 seconds
[2022-06-13T03:21:55.518+0000][1][safepoint    ] Entering safepoint region: RevokeBias
[2022-06-13T03:21:55.518+0000][1][safepoint    ] Leaving safepoint region
[2022-06-13T03:21:55.518+0000][1][safepoint    ] Total time for which application threads were stopped: 0.0007356 seconds, Stopping threads took: 0.0003184 seconds
[2022-06-13T03:21:55.519+0000][1][safepoint    ] Application time: 0.0008257 seconds
[2022-06-13T03:21:55.520+0000][1][safepoint    ] Entering safepoint region: BulkRevokeBias
[2022-06-13T03:21:55.521+0000][1][safepoint    ] Leaving safepoint region
[2022-06-13T03:21:55.521+0000][1][safepoint    ] Total time for which application threads were stopped: 0.0011266 seconds, Stopping threads took: 0.0006213 seconds
[2022-06-13T03:21:55.522+0000][1][safepoint    ] Application time: 0.0003290 seconds
[2022-06-13T03:21:55.522+0000][1][safepoint    ] Entering safepoint region: RevokeBias
[2022-06-13T03:21:55.522+0000][1][safepoint    ] Leaving safepoint region
[2022-06-13T03:21:55.523+0000][1][safepoint    ] Total time for which application threads were stopped: 0.0006436 seconds, Stopping threads took: 0.0003229 seconds
[2022-06-13T03:21:55.523+0000][1][safepoint    ] Application time: 0.0001199 seconds
[2022-06-13T03:21:55.523+0000][1][safepoint    ] Entering safepoint region: RevokeBias
[2022-06-13T03:21:55.524+0000][1][safepoint    ] Leaving safepoint region
[2022-06-13T03:21:55.524+0000][1][safepoint    ] Total time for which application threads were stopped: 0.0009161 seconds, Stopping threads took: 0.0005392 seconds
[2022-06-13T03:21:55.525+0000][1][safepoint    ] Application time: 0.0002265 seconds
[2022-06-13T03:21:55.525+0000][1][safepoint    ] Entering safepoint region: BulkRevokeBias
[2022-06-13T03:21:55.526+0000][1][safepoint    ] Leaving safepoint region
[2022-06-13T03:21:55.526+0000][1][safepoint    ] Total time for which application threads were stopped: 0.0008340 seconds, Stopping threads took: 0.0003529 seconds
[2022-06-13T03:21:55.527+0000][1][safepoint    ] Application time: 0.0005916 seconds
[2022-06-13T03:21:55.527+0000][1][safepoint    ] Entering safepoint region: RevokeBias
[2022-06-13T03:21:55.527+0000][1][safepoint    ] Leaving safepoint region
[2022-06-13T03:21:55.528+0000][1][safepoint    ] Total time for which application threads were stopped: 0.0005062 seconds, Stopping threads took: 0.0002081 seconds
[2022-06-13T03:21:55.528+0000][1][safepoint    ] Application time: 0.0003384 seconds
[2022-06-13T03:21:55.528+0000][1][safepoint    ] Entering safepoint region: RevokeBias
[2022-06-13T03:21:55.529+0000][1][safepoint    ] Leaving safepoint region
[2022-06-13T03:21:55.529+0000][1][safepoint    ] Total time for which application threads were stopped: 0.0006942 seconds, Stopping threads took: 0.0003712 seconds
[2022-06-13T03:21:55.529+0000][1][safepoint    ] Application time: 0.0002267 seconds
[2022-06-13T03:21:55.530+0000][1][safepoint    ] Entering safepoint region: RevokeBias
[2022-06-13T03:21:55.530+0000][1][safepoint    ] Leaving safepoint region
[2022-06-13T03:21:55.530+0000][1][safepoint    ] Total time for which application threads were stopped: 0.0006696 seconds, Stopping threads took: 0.0004383 seconds
[2022-06-13T03:21:55.531+0000][1][safepoint    ] Application time: 0.0001834 seconds
[2022-06-13T03:21:55.531+0000][1][safepoint    ] Entering safepoint region: RevokeBias
[2022-06-13T03:21:55.531+0000][1][safepoint    ] Leaving safepoint region
[2022-06-13T03:21:55.531+0000][1][safepoint    ] Total time for which application threads were stopped: 0.0004342 seconds, Stopping threads took: 0.0001589 seconds
[2022-06-13T03:21:56.517+0000][1][safepoint    ] Application time: 0.9850390 seconds
[2022-06-13T03:21:56.517+0000][1][safepoint    ] Entering safepoint region: RevokeBias
[2022-06-13T03:21:56.518+0000][1][safepoint    ] Leaving safepoint region
[2022-06-13T03:21:56.518+0000][1][safepoint    ] Total time for which application threads were stopped: 0.0011693 seconds, Stopping threads took: 0.0006515 seconds
[2022-06-13T03:21:56.519+0000][1][safepoint    ] Application time: 0.0006445 seconds
[2022-06-13T03:21:56.520+0000][1][safepoint    ] Entering safepoint region: RevokeBias
[2022-06-13T03:21:56.520+0000][1][safepoint    ] Leaving safepoint region
[2022-06-13T03:21:56.521+0000][1][safepoint    ] Total time for which application threads were stopped: 0.0009496 seconds, Stopping threads took: 0.0003574 seconds
[2022-06-13T03:21:56.522+0000][1][safepoint    ] Application time: 0.0007392 seconds
[2022-06-13T03:21:56.522+0000][1][safepoint    ] Entering safepoint region: RevokeBias
[2022-06-13T03:21:56.523+0000][1][safepoint    ] Leaving safepoint region
[2022-06-13T03:21:56.523+0000][1][safepoint    ] Total time for which application threads were stopped: 0.0008020 seconds, Stopping threads took: 0.0003068 seconds
[2022-06-13T03:21:56.524+0000][1][safepoint    ] Application time: 0.0003716 seconds
[2022-06-13T03:21:56.525+0000][1][safepoint    ] Entering safepoint region: RevokeBias
[2022-06-13T03:21:56.525+0000][1][safepoint    ] Leaving safepoint region
[2022-06-13T03:21:56.525+0000][1][safepoint    ] Total time for which application threads were stopped: 0.0005481 seconds, Stopping threads took: 0.0003109 seconds
[2022-06-13T03:21:56.526+0000][1][safepoint    ] Application time: 0.0004729 seconds
[2022-06-13T03:21:56.526+0000][1][safepoint    ] Entering safepoint region: RevokeBias
[2022-06-13T03:21:56.526+0000][1][safepoint    ] Leaving safepoint region
[2022-06-13T03:21:56.527+0000][1][safepoint    ] Total time for which application threads were stopped: 0.0007103 seconds, Stopping threads took: 0.0002473 seconds
[2022-06-13T03:21:56.528+0000][1][safepoint    ] Application time: 0.0004508 seconds
[2022-06-13T03:21:56.528+0000][1][safepoint    ] Entering safepoint region: RevokeBias
[2022-06-13T03:21:56.528+0000][1][safepoint    ] Leaving safepoint region
[2022-06-13T03:21:56.529+0000][1][safepoint    ] Total time for which application threads were stopped: 0.0007536 seconds, Stopping threads took: 0.0003868 seconds
[2022-06-13T03:21:56.529+0000][1][safepoint    ] Application time: 0.0002712 seconds
[2022-06-13T03:21:56.530+0000][1][safepoint    ] Entering safepoint region: RevokeBias
[2022-06-13T03:21:56.530+0000][1][safepoint    ] Leaving safepoint region
[2022-06-13T03:21:56.531+0000][1][safepoint    ] Total time for which application threads were stopped: 0.0011181 seconds, Stopping threads took: 0.0007684 seconds
[2022-06-13T03:21:56.531+0000][1][safepoint    ] Application time: 0.0001392 seconds
[2022-06-13T03:21:56.531+0000][1][safepoint    ] Entering safepoint region: RevokeBias
[2022-06-13T03:21:56.532+0000][1][safepoint    ] Leaving safepoint region
[2022-06-13T03:21:56.532+0000][1][safepoint    ] Total time for which application threads were stopped: 0.0007872 seconds, Stopping threads took: 0.0004437 seconds
[2022-06-13T03:21:56.533+0000][1][safepoint    ] Application time: 0.0001739 seconds
[2022-06-13T03:21:56.533+0000][1][safepoint    ] Entering safepoint region: RevokeBias
[2022-06-13T03:21:56.533+0000][1][safepoint    ] Leaving safepoint region
[2022-06-13T03:21:56.533+0000][1][safepoint    ] Total time for which application threads were stopped: 0.0005842 seconds, Stopping threads took: 0.0002978 seconds
[2022-06-13T03:21:57.517+0000][1][safepoint    ] Application time: 0.9837850 seconds
[2022-06-13T03:21:57.518+0000][1][safepoint    ] Entering safepoint region: RevokeBias
[2022-06-13T03:21:57.518+0000][1][safepoint    ] Leaving safepoint region
[2022-06-13T03:21:57.519+0000][1][safepoint    ] Total time for which application threads were stopped: 0.0010385 seconds, Stopping threads took: 0.0004908 seconds
[2022-06-13T03:21:57.520+0000][1][safepoint    ] Application time: 0.0009054 seconds
[2022-06-13T03:21:57.521+0000][1][safepoint    ] Entering safepoint region: RevokeBias
[2022-06-13T03:21:57.521+0000][1][safepoint    ] Leaving safepoint region
[2022-06-13T03:21:57.521+0000][1][safepoint    ] Total time for which application threads were stopped: 0.0009133 seconds, Stopping threads took: 0.0005614 seconds
[2022-06-13T03:21:57.522+0000][1][safepoint    ] Application time: 0.0005182 seconds
[2022-06-13T03:21:57.523+0000][1][safepoint    ] Entering safepoint region: RevokeBias
[2022-06-13T03:21:57.523+0000][1][safepoint    ] Leaving safepoint region
[2022-06-13T03:21:57.523+0000][1][safepoint    ] Total time for which application threads were stopped: 0.0005174 seconds, Stopping threads took: 0.0002827 seconds
[2022-06-13T03:21:57.524+0000][1][safepoint    ] Application time: 0.0004214 seconds
[2022-06-13T03:21:57.524+0000][1][safepoint    ] Entering safepoint region: RevokeBias
[2022-06-13T03:21:57.524+0000][1][safepoint    ] Leaving safepoint region
[2022-06-13T03:21:57.524+0000][1][safepoint    ] Total time for which application threads were stopped: 0.0005066 seconds, Stopping threads took: 0.0002126 seconds
[2022-06-13T03:21:57.525+0000][1][safepoint    ] Application time: 0.0003627 seconds
[2022-06-13T03:21:57.526+0000][1][safepoint    ] Entering safepoint region: RevokeBias
[2022-06-13T03:21:57.526+0000][1][safepoint    ] Leaving safepoint region
[2022-06-13T03:21:57.527+0000][1][safepoint    ] Total time for which application threads were stopped: 0.0007696 seconds, Stopping threads took: 0.0003780 seconds
[2022-06-13T03:21:57.527+0000][1][safepoint    ] Application time: 0.0003111 seconds
[2022-06-13T03:21:57.527+0000][1][safepoint    ] Entering safepoint region: RevokeBias
[2022-06-13T03:21:57.528+0000][1][safepoint    ] Leaving safepoint region
[2022-06-13T03:21:57.528+0000][1][safepoint    ] Total time for which application threads were stopped: 0.0006981 seconds, Stopping threads took: 0.0003294 seconds
[2022-06-13T03:21:57.528+0000][1][safepoint    ] Application time: 0.0001018 seconds
[2022-06-13T03:21:57.529+0000][1][safepoint    ] Entering safepoint region: RevokeBias
[2022-06-13T03:21:57.529+0000][1][safepoint    ] Leaving safepoint region
[2022-06-13T03:21:57.529+0000][1][safepoint    ] Total time for which application threads were stopped: 0.0006835 seconds, Stopping threads took: 0.0003108 seconds
[2022-06-13T03:21:57.530+0000][1][safepoint    ] Application time: 0.0002110 seconds
[2022-06-13T03:21:57.530+0000][1][safepoint    ] Entering safepoint region: RevokeBias
[2022-06-13T03:21:57.530+0000][1][safepoint    ] Leaving safepoint region
[2022-06-13T03:21:57.530+0000][1][safepoint    ] Total time for which application threads were stopped: 0.0003784 seconds, Stopping threads took: 0.0001326 seconds
[2022-06-13T03:21:57.531+0000][1][safepoint    ] Application time: 0.0001899 seconds
[2022-06-13T03:21:57.531+0000][1][safepoint    ] Entering safepoint region: RevokeBias
[2022-06-13T03:21:57.531+0000][1][safepoint    ] Leaving safepoint region
[2022-06-13T03:21:57.532+0000][1][safepoint    ] Total time for which application threads were stopped: 0.0005258 seconds, Stopping threads took: 0.0002729 seconds
[2022-06-13T03:21:58.518+0000][1][safepoint    ] Application time: 0.9865831 seconds
[2022-06-13T03:21:58.519+0000][1][safepoint    ] Entering safepoint region: RevokeBias
[2022-06-13T03:21:58.520+0000][1][safepoint    ] Leaving safepoint region
[2022-06-13T03:21:58.520+0000][1][safepoint    ] Total time for which application threads were stopped: 0.0015868 seconds, Stopping threads took: 0.0009584 seconds
[2022-06-13T03:21:58.522+0000][1][safepoint    ] Application time: 0.0011472 seconds
[2022-06-13T03:21:58.522+0000][1][safepoint    ] Entering safepoint region: RevokeBias
[2022-06-13T03:21:58.523+0000][1][safepoint    ] Leaving safepoint region
[2022-06-13T03:21:58.523+0000][1][safepoint    ] Total time for which application threads were stopped: 0.0006540 seconds, Stopping threads took: 0.0003657 seconds
[2022-06-13T03:21:58.524+0000][1][safepoint    ] Application time: 0.0004695 seconds
[2022-06-13T03:21:58.524+0000][1][safepoint    ] Entering safepoint region: RevokeBias
[2022-06-13T03:21:58.525+0000][1][safepoint    ] Leaving safepoint region
[2022-06-13T03:21:58.525+0000][1][safepoint    ] Total time for which application threads were stopped: 0.0012126 seconds, Stopping threads took: 0.0004195 seconds
[2022-06-13T03:21:58.526+0000][1][safepoint    ] Application time: 0.0005493 seconds
[2022-06-13T03:21:58.526+0000][1][safepoint    ] Entering safepoint region: RevokeBias
[2022-06-13T03:21:58.527+0000][1][safepoint    ] Leaving safepoint region
[2022-06-13T03:21:58.527+0000][1][safepoint    ] Total time for which application threads were stopped: 0.0006468 seconds, Stopping threads took: 0.0003199 seconds
[2022-06-13T03:21:58.528+0000][1][safepoint    ] Application time: 0.0005654 seconds
[2022-06-13T03:21:58.529+0000][1][safepoint    ] Entering safepoint region: RevokeBias
[2022-06-13T03:21:58.529+0000][1][safepoint    ] Leaving safepoint region
[2022-06-13T03:21:58.530+0000][1][safepoint    ] Total time for which application threads were stopped: 0.0010421 seconds, Stopping threads took: 0.0005079 seconds
[2022-06-13T03:21:58.530+0000][1][safepoint    ] Application time: 0.0003217 seconds
[2022-06-13T03:21:58.531+0000][1][safepoint    ] Entering safepoint region: RevokeBias
[2022-06-13T03:21:58.531+0000][1][safepoint    ] Leaving safepoint region
[2022-06-13T03:21:58.532+0000][1][safepoint    ] Total time for which application threads were stopped: 0.0009588 seconds, Stopping threads took: 0.0005215 seconds
[2022-06-13T03:21:58.532+0000][1][safepoint    ] Application time: 0.0002721 seconds
[2022-06-13T03:21:58.533+0000][1][safepoint    ] Entering safepoint region: RevokeBias
[2022-06-13T03:21:58.533+0000][1][safepoint    ] Leaving safepoint region
[2022-06-13T03:21:58.533+0000][1][safepoint    ] Total time for which application threads were stopped: 0.0008656 seconds, Stopping threads took: 0.0004305 seconds
[2022-06-13T03:21:58.534+0000][1][safepoint    ] Application time: 0.0003003 seconds
[2022-06-13T03:21:58.535+0000][1][safepoint    ] Entering safepoint region: RevokeBias
[2022-06-13T03:21:58.535+0000][1][safepoint    ] Leaving safepoint region
[2022-06-13T03:21:58.535+0000][1][safepoint    ] Total time for which application threads were stopped: 0.0005052 seconds, Stopping threads took: 0.0003063 seconds
[2022-06-13T03:21:59.520+0000][1][safepoint    ] Application time: 0.9853311 seconds
[2022-06-13T03:21:59.521+0000][1][safepoint    ] Entering safepoint region: RevokeBias
[2022-06-13T03:21:59.521+0000][1][safepoint    ] Leaving safepoint region
[2022-06-13T03:21:59.522+0000][1][safepoint    ] Total time for which application threads were stopped: 0.0011267 seconds, Stopping threads took: 0.0005326 seconds
[2022-06-13T03:21:59.523+0000][1][safepoint    ] Application time: 0.0004919 seconds
[2022-06-13T03:21:59.523+0000][1][safepoint    ] Entering safepoint region: RevokeBias
[2022-06-13T03:21:59.523+0000][1][safepoint    ] Leaving safepoint region
[2022-06-13T03:21:59.524+0000][1][safepoint    ] Total time for which application threads were stopped: 0.0005172 seconds, Stopping threads took: 0.0002247 seconds
[2022-06-13T03:21:59.524+0000][1][safepoint    ] Application time: 0.0004516 seconds
[2022-06-13T03:21:59.525+0000][1][safepoint    ] Entering safepoint region: RevokeBias
[2022-06-13T03:21:59.525+0000][1][safepoint    ] Leaving safepoint region
[2022-06-13T03:21:59.525+0000][1][safepoint    ] Total time for which application threads were stopped: 0.0004927 seconds, Stopping threads took: 0.0002497 seconds
[2022-06-13T03:21:59.526+0000][1][safepoint    ] Application time: 0.0003447 seconds
[2022-06-13T03:21:59.526+0000][1][safepoint    ] Entering safepoint region: RevokeBias
[2022-06-13T03:21:59.527+0000][1][safepoint    ] Leaving safepoint region
[2022-06-13T03:21:59.527+0000][1][safepoint    ] Total time for which application threads were stopped: 0.0012004 seconds, Stopping threads took: 0.0004558 seconds
[2022-06-13T03:21:59.528+0000][1][safepoint    ] Application time: 0.0002250 seconds
[2022-06-13T03:21:59.528+0000][1][safepoint    ] Entering safepoint region: RevokeBias
[2022-06-13T03:21:59.529+0000][1][safepoint    ] Leaving safepoint region
[2022-06-13T03:21:59.529+0000][1][safepoint    ] Total time for which application threads were stopped: 0.0011714 seconds, Stopping threads took: 0.0006185 seconds
[2022-06-13T03:21:59.530+0000][1][safepoint    ] Application time: 0.0001100 seconds
[2022-06-13T03:21:59.530+0000][1][safepoint    ] Entering safepoint region: RevokeBias
[2022-06-13T03:21:59.531+0000][1][safepoint    ] Leaving safepoint region
[2022-06-13T03:21:59.531+0000][1][safepoint    ] Total time for which application threads were stopped: 0.0007221 seconds, Stopping threads took: 0.0003543 seconds
[2022-06-13T03:22:00.522+0000][1][safepoint    ] Application time: 0.9900753 seconds
[2022-06-13T03:22:00.522+0000][1][safepoint    ] Entering safepoint region: RevokeBias
[2022-06-13T03:22:00.523+0000][1][safepoint    ] Leaving safepoint region
[2022-06-13T03:22:00.523+0000][1][safepoint    ] Total time for which application threads were stopped: 0.0008832 seconds, Stopping threads took: 0.0004522 seconds
[2022-06-13T03:22:00.524+0000][1][safepoint    ] Application time: 0.0006918 seconds
[2022-06-13T03:22:00.524+0000][1][safepoint    ] Entering safepoint region: RevokeBias
[2022-06-13T03:22:00.525+0000][1][safepoint    ] Leaving safepoint region
[2022-06-13T03:22:00.525+0000][1][safepoint    ] Total time for which application threads were stopped: 0.0009779 seconds, Stopping threads took: 0.0005353 seconds
[2022-06-13T03:22:00.526+0000][1][safepoint    ] Application time: 0.0003284 seconds
[2022-06-13T03:22:00.526+0000][1][safepoint    ] Entering safepoint region: RevokeBias
[2022-06-13T03:22:00.527+0000][1][safepoint    ] Leaving safepoint region
[2022-06-13T03:22:00.527+0000][1][safepoint    ] Total time for which application threads were stopped: 0.0009481 seconds, Stopping threads took: 0.0003821 seconds
[2022-06-13T03:22:00.528+0000][1][safepoint    ] Application time: 0.0005605 seconds
[2022-06-13T03:22:00.529+0000][1][safepoint    ] Entering safepoint region: RevokeBias
[2022-06-13T03:22:00.529+0000][1][safepoint    ] Leaving safepoint region
[2022-06-13T03:22:00.529+0000][1][safepoint    ] Total time for which application threads were stopped: 0.0008176 seconds, Stopping threads took: 0.0003009 seconds
[2022-06-13T03:22:00.530+0000][1][safepoint    ] Application time: 0.0001839 seconds
[2022-06-13T03:22:00.531+0000][1][safepoint    ] Entering safepoint region: RevokeBias
[2022-06-13T03:22:00.531+0000][1][safepoint    ] Leaving safepoint region
[2022-06-13T03:22:00.532+0000][1][safepoint    ] Total time for which application threads were stopped: 0.0012299 seconds, Stopping threads took: 0.0006879 seconds
[2022-06-13T03:22:00.532+0000][1][safepoint    ] Application time: 0.0002113 seconds
[2022-06-13T03:22:00.533+0000][1][safepoint    ] Entering safepoint region: RevokeBias
[2022-06-13T03:22:00.533+0000][1][safepoint    ] Leaving safepoint region
[2022-06-13T03:22:00.533+0000][1][safepoint    ] Total time for which application threads were stopped: 0.0006972 seconds, Stopping threads took: 0.0002896 seconds
[2022-06-13T03:22:01.522+0000][1][safepoint    ] Application time: 0.9883280 seconds
[2022-06-13T03:22:01.523+0000][1][safepoint    ] Entering safepoint region: RevokeBias
[2022-06-13T03:22:01.524+0000][1][safepoint    ] Leaving safepoint region
[2022-06-13T03:22:01.524+0000][1][safepoint    ] Total time for which application threads were stopped: 0.0011509 seconds, Stopping threads took: 0.0007142 seconds
[2022-06-13T03:22:01.525+0000][1][safepoint    ] Application time: 0.0006605 seconds
[2022-06-13T03:22:01.526+0000][1][safepoint    ] Entering safepoint region: RevokeBias
[2022-06-13T03:22:01.526+0000][1][safepoint    ] Leaving safepoint region
[2022-06-13T03:22:01.527+0000][1][safepoint    ] Total time for which application threads were stopped: 0.0008272 seconds, Stopping threads took: 0.0004412 seconds
[2022-06-13T03:22:01.528+0000][1][safepoint    ] Application time: 0.0006028 seconds
[2022-06-13T03:22:01.528+0000][1][safepoint    ] Entering safepoint region: RevokeBias
[2022-06-13T03:22:01.529+0000][1][safepoint    ] Leaving safepoint region
[2022-06-13T03:22:01.529+0000][1][safepoint    ] Total time for which application threads were stopped: 0.0011357 seconds, Stopping threads took: 0.0003784 seconds
[2022-06-13T03:22:01.530+0000][1][safepoint    ] Application time: 0.0004773 seconds
[2022-06-13T03:22:01.530+0000][1][safepoint    ] Entering safepoint region: RevokeBias
[2022-06-13T03:22:01.530+0000][1][safepoint    ] Leaving safepoint region
[2022-06-13T03:22:01.531+0000][1][safepoint    ] Total time for which application threads were stopped: 0.0007349 seconds, Stopping threads took: 0.0003793 seconds
[2022-06-13T03:22:01.531+0000][1][safepoint    ] Application time: 0.0002128 seconds
[2022-06-13T03:22:01.532+0000][1][safepoint    ] Entering safepoint region: RevokeBias
[2022-06-13T03:22:01.532+0000][1][safepoint    ] Leaving safepoint region
[2022-06-13T03:22:01.532+0000][1][safepoint    ] Total time for which application threads were stopped: 0.0008919 seconds, Stopping threads took: 0.0006119 seconds
[2022-06-13T03:22:01.533+0000][1][safepoint    ] Application time: 0.0001165 seconds
[2022-06-13T03:22:01.533+0000][1][safepoint    ] Entering safepoint region: RevokeBias
[2022-06-13T03:22:01.534+0000][1][safepoint    ] Leaving safepoint region
[2022-06-13T03:22:01.534+0000][1][safepoint    ] Total time for which application threads were stopped: 0.0009338 seconds, Stopping threads took: 0.0005828 seconds
[2022-06-13T03:22:01.839+0000][1][safepoint    ] Application time: 0.3048649 seconds
[2022-06-13T03:22:01.840+0000][1][safepoint    ] Entering safepoint region: RevokeBias
[2022-06-13T03:22:01.840+0000][1][safepoint    ] Leaving safepoint region
[2022-06-13T03:22:01.841+0000][1][safepoint    ] Total time for which application threads were stopped: 0.0009610 seconds, Stopping threads took: 0.0003994 seconds
[2022-06-13T03:22:01.841+0000][1][safepoint    ] Application time: 0.0001111 seconds
[2022-06-13T03:22:01.842+0000][1][safepoint    ] Entering safepoint region: RevokeBias
[2022-06-13T03:22:01.842+0000][1][safepoint    ] Leaving safepoint region
[2022-06-13T03:22:01.843+0000][1][safepoint    ] Total time for which application threads were stopped: 0.0009999 seconds, Stopping threads took: 0.0006016 seconds
[2022-06-13T03:22:02.523+0000][1][safepoint    ] Application time: 0.6799686 seconds
[2022-06-13T03:22:02.524+0000][1][safepoint    ] Entering safepoint region: RevokeBias
[2022-06-13T03:22:02.524+0000][1][safepoint    ] Leaving safepoint region
[2022-06-13T03:22:02.525+0000][1][safepoint    ] Total time for which application threads were stopped: 0.0009129 seconds, Stopping threads took: 0.0003895 seconds
[2022-06-13T03:22:02.525+0000][1][safepoint    ] Application time: 0.0004440 seconds
[2022-06-13T03:22:02.526+0000][1][safepoint    ] Entering safepoint region: RevokeBias
[2022-06-13T03:22:02.526+0000][1][safepoint    ] Leaving safepoint region
[2022-06-13T03:22:02.527+0000][1][safepoint    ] Total time for which application threads were stopped: 0.0009105 seconds, Stopping threads took: 0.0004450 seconds
[2022-06-13T03:22:02.528+0000][1][safepoint    ] Application time: 0.0005098 seconds
[2022-06-13T03:22:02.528+0000][1][safepoint    ] Entering safepoint region: RevokeBias
[2022-06-13T03:22:02.528+0000][1][safepoint    ] Leaving safepoint region
[2022-06-13T03:22:02.529+0000][1][safepoint    ] Total time for which application threads were stopped: 0.0006916 seconds, Stopping threads took: 0.0002200 seconds
[2022-06-13T03:22:02.529+0000][1][safepoint    ] Application time: 0.0005043 seconds
[2022-06-13T03:22:02.530+0000][1][safepoint    ] Entering safepoint region: RevokeBias
[2022-06-13T03:22:02.530+0000][1][safepoint    ] Leaving safepoint region
[2022-06-13T03:22:02.531+0000][1][safepoint    ] Total time for which application threads were stopped: 0.0009487 seconds, Stopping threads took: 0.0002843 seconds
[2022-06-13T03:22:02.531+0000][1][safepoint    ] Application time: 0.0001623 seconds
[2022-06-13T03:22:02.532+0000][1][safepoint    ] Entering safepoint region: BulkRevokeBias
[2022-06-13T03:22:02.532+0000][1][safepoint    ] Leaving safepoint region
[2022-06-13T03:22:02.533+0000][1][safepoint    ] Total time for which application threads were stopped: 0.0013279 seconds, Stopping threads took: 0.0003563 seconds
[2022-06-13T03:22:02.534+0000][1][safepoint    ] Application time: 0.0001474 seconds
[2022-06-13T03:22:02.534+0000][1][safepoint    ] Entering safepoint region: BulkRevokeBias
[2022-06-13T03:22:02.535+0000][1][safepoint    ] Leaving safepoint region
[2022-06-13T03:22:02.535+0000][1][safepoint    ] Total time for which application threads were stopped: 0.0011740 seconds, Stopping threads took: 0.0005556 seconds
[2022-06-13T03:22:03.518+0000][1][safepoint    ] Application time: 0.9827838 seconds
[2022-06-13T03:22:03.519+0000][1][safepoint    ] Entering safepoint region: RevokeBias
[2022-06-13T03:22:03.588+0000][1][safepoint    ] Leaving safepoint region
[2022-06-13T03:22:03.589+0000][1][safepoint    ] Total time for which application threads were stopped: 0.0697749 seconds, Stopping threads took: 0.0691593 seconds
[2022-06-13T03:22:03.592+0000][1][safepoint    ] Application time: 0.0023306 seconds
[2022-06-13T03:22:03.592+0000][1][safepoint    ] Entering safepoint region: RevokeBias
[2022-06-13T03:22:03.593+0000][1][safepoint    ] Leaving safepoint region
[2022-06-13T03:22:03.593+0000][1][safepoint    ] Total time for which application threads were stopped: 0.0009538 seconds, Stopping threads took: 0.0006037 seconds
[2022-06-13T03:22:03.594+0000][1][safepoint    ] Application time: 0.0006706 seconds
[2022-06-13T03:22:03.594+0000][1][safepoint    ] Entering safepoint region: RevokeBias
[2022-06-13T03:22:03.595+0000][1][safepoint    ] Leaving safepoint region
[2022-06-13T03:22:03.595+0000][1][safepoint    ] Total time for which application threads were stopped: 0.0006822 seconds, Stopping threads took: 0.0003487 seconds
[2022-06-13T03:22:03.596+0000][1][safepoint    ] Application time: 0.0004803 seconds
[2022-06-13T03:22:03.596+0000][1][safepoint    ] Entering safepoint region: RevokeBias
[2022-06-13T03:22:03.596+0000][1][safepoint    ] Leaving safepoint region
[2022-06-13T03:22:03.597+0000][1][safepoint    ] Total time for which application threads were stopped: 0.0008235 seconds, Stopping threads took: 0.0004344 seconds
[2022-06-13T03:22:03.597+0000][1][safepoint    ] Application time: 0.0003983 seconds
[2022-06-13T03:22:03.598+0000][1][safepoint    ] Entering safepoint region: RevokeBias
[2022-06-13T03:22:03.598+0000][1][safepoint    ] Leaving safepoint region
[2022-06-13T03:22:03.598+0000][1][safepoint    ] Total time for which application threads were stopped: 0.0005227 seconds, Stopping threads took: 0.0002448 seconds
[2022-06-13T03:22:03.599+0000][1][safepoint    ] Application time: 0.0002284 seconds
[2022-06-13T03:22:03.599+0000][1][safepoint    ] Entering safepoint region: RevokeBias
[2022-06-13T03:22:03.599+0000][1][safepoint    ] Leaving safepoint region
[2022-06-13T03:22:03.600+0000][1][safepoint    ] Total time for which application threads were stopped: 0.0006174 seconds, Stopping threads took: 0.0003049 seconds
[2022-06-13T03:22:03.600+0000][1][safepoint    ] Application time: 0.0001834 seconds
[2022-06-13T03:22:03.600+0000][1][safepoint    ] Entering safepoint region: RevokeBias
[2022-06-13T03:22:03.601+0000][1][safepoint    ] Leaving safepoint region
[2022-06-13T03:22:03.601+0000][1][safepoint    ] Total time for which application threads were stopped: 0.0005963 seconds, Stopping threads took: 0.0003557 seconds
[2022-06-13T03:22:03.601+0000][1][safepoint    ] Application time: 0.0001085 seconds
[2022-06-13T03:22:03.602+0000][1][safepoint    ] Entering safepoint region: RevokeBias
[2022-06-13T03:22:03.602+0000][1][safepoint    ] Leaving safepoint region
[2022-06-13T03:22:03.603+0000][1][safepoint    ] Total time for which application threads were stopped: 0.0008662 seconds, Stopping threads took: 0.0004866 seconds
[2022-06-13T03:22:04.593+0000][1][safepoint    ] Application time: 0.9896645 seconds
[2022-06-13T03:22:04.593+0000][1][safepoint    ] Entering safepoint region: RevokeBias
[2022-06-13T03:22:04.594+0000][1][safepoint    ] Leaving safepoint region
[2022-06-13T03:22:04.594+0000][1][safepoint    ] Total time for which application threads were stopped: 0.0013497 seconds, Stopping threads took: 0.0006865 seconds
[2022-06-13T03:22:04.595+0000][1][safepoint    ] Application time: 0.0005703 seconds
[2022-06-13T03:22:04.595+0000][1][safepoint    ] Entering safepoint region: RevokeBias
[2022-06-13T03:22:04.596+0000][1][safepoint    ] Leaving safepoint region
[2022-06-13T03:22:04.597+0000][1][safepoint    ] Total time for which application threads were stopped: 0.0012333 seconds, Stopping threads took: 0.0002982 seconds
[2022-06-13T03:22:04.598+0000][1][safepoint    ] Application time: 0.0005425 seconds
[2022-06-13T03:22:04.598+0000][1][safepoint    ] Entering safepoint region: RevokeBias
[2022-06-13T03:22:04.598+0000][1][safepoint    ] Leaving safepoint region
[2022-06-13T03:22:04.598+0000][1][safepoint    ] Total time for which application threads were stopped: 0.0005838 seconds, Stopping threads took: 0.0002614 seconds
[2022-06-13T03:22:04.599+0000][1][safepoint    ] Application time: 0.0002728 seconds
[2022-06-13T03:22:04.599+0000][1][safepoint    ] Entering safepoint region: RevokeBias
[2022-06-13T03:22:04.600+0000][1][safepoint    ] Leaving safepoint region
[2022-06-13T03:22:04.600+0000][1][safepoint    ] Total time for which application threads were stopped: 0.0008028 seconds, Stopping threads took: 0.0003257 seconds
[2022-06-13T03:22:04.601+0000][1][safepoint    ] Application time: 0.0001397 seconds
[2022-06-13T03:22:04.601+0000][1][safepoint    ] Entering safepoint region: RevokeBias
[2022-06-13T03:22:04.601+0000][1][safepoint    ] Leaving safepoint region
[2022-06-13T03:22:04.602+0000][1][safepoint    ] Total time for which application threads were stopped: 0.0006483 seconds, Stopping threads took: 0.0003579 seconds
[2022-06-13T03:22:04.602+0000][1][safepoint    ] Application time: 0.0001186 seconds
[2022-06-13T03:22:04.602+0000][1][safepoint    ] Entering safepoint region: RevokeBias
[2022-06-13T03:22:04.603+0000][1][safepoint    ] Leaving safepoint region
[2022-06-13T03:22:04.603+0000][1][safepoint    ] Total time for which application threads were stopped: 0.0005878 seconds, Stopping threads took: 0.0002704 seconds
[2022-06-13T03:22:05.594+0000][1][safepoint    ] Application time: 0.9903302 seconds
[2022-06-13T03:22:05.603+0000][1][safepoint    ] Entering safepoint region: RevokeBias
[2022-06-13T03:22:05.603+0000][1][safepoint    ] Leaving safepoint region
[2022-06-13T03:22:05.603+0000][1][safepoint    ] Total time for which application threads were stopped: 0.0006581 seconds, Stopping threads took: 0.0002970 seconds
[2022-06-13T03:22:05.604+0000][1][safepoint    ] Application time: 0.0002251 seconds
[2022-06-13T03:22:05.604+0000][1][safepoint    ] Entering safepoint region: RevokeBias
[2022-06-13T03:22:05.605+0000][1][safepoint    ] Leaving safepoint region
[2022-06-13T03:22:05.605+0000][1][safepoint    ] Total time for which application threads were stopped: 0.0008847 seconds, Stopping threads took: 0.0005118 seconds
[2022-06-13T03:22:05.605+0000][1][safepoint    ] Application time: 0.0001082 seconds
[2022-06-13T03:22:05.606+0000][1][safepoint    ] Entering safepoint region: RevokeBias
[2022-06-13T03:22:05.606+0000][1][safepoint    ] Leaving safepoint region
[2022-06-13T03:22:05.606+0000][1][safepoint    ] Total time for which application threads were stopped: 0.0005787 seconds, Stopping threads took: 0.0001937 seconds
[2022-06-13T03:22:05.607+0000][1][safepoint    ] Application time: 0.0000913 seconds
[2022-06-13T03:22:05.607+0000][1][safepoint    ] Entering safepoint region: RevokeBias
[2022-06-13T03:22:05.607+0000][1][safepoint    ] Leaving safepoint region
[2022-06-13T03:22:05.608+0000][1][safepoint    ] Total time for which application threads were stopped: 0.0006595 seconds, Stopping threads took: 0.0003105 seconds
[2022-06-13T03:22:06.594+0000][1][safepoint    ] Application time: 0.9862292 seconds
[2022-06-13T03:22:06.595+0000][1][safepoint    ] Entering safepoint region: RevokeBias
[2022-06-13T03:22:06.595+0000][1][safepoint    ] Leaving safepoint region
[2022-06-13T03:22:06.595+0000][1][safepoint    ] Total time for which application threads were stopped: 0.0008513 seconds, Stopping threads took: 0.0003723 seconds
[2022-06-13T03:22:06.596+0000][1][safepoint    ] Application time: 0.0002696 seconds
[2022-06-13T03:22:06.596+0000][1][safepoint    ] Entering safepoint region: RevokeBias
[2022-06-13T03:22:06.597+0000][1][safepoint    ] Leaving safepoint region
[2022-06-13T03:22:06.597+0000][1][safepoint    ] Total time for which application threads were stopped: 0.0009115 seconds, Stopping threads took: 0.0004176 seconds
[2022-06-13T03:22:06.598+0000][1][safepoint    ] Application time: 0.0002498 seconds
[2022-06-13T03:22:06.598+0000][1][safepoint    ] Entering safepoint region: RevokeBias
[2022-06-13T03:22:06.599+0000][1][safepoint    ] Leaving safepoint region
[2022-06-13T03:22:06.599+0000][1][safepoint    ] Total time for which application threads were stopped: 0.0009482 seconds, Stopping threads took: 0.0004186 seconds
[2022-06-13T03:22:06.600+0000][1][safepoint    ] Application time: 0.0001104 seconds
[2022-06-13T03:22:06.600+0000][1][safepoint    ] Entering safepoint region: RevokeBias
[2022-06-13T03:22:06.601+0000][1][safepoint    ] Leaving safepoint region
[2022-06-13T03:22:06.601+0000][1][safepoint    ] Total time for which application threads were stopped: 0.0009414 seconds, Stopping threads took: 0.0004424 seconds
[2022-06-13T03:22:07.593+0000][1][safepoint    ] Application time: 0.9920184 seconds
[2022-06-13T03:22:07.594+0000][1][safepoint    ] Entering safepoint region: BulkRevokeBias
[2022-06-13T03:22:07.595+0000][1][safepoint    ] Leaving safepoint region
[2022-06-13T03:22:07.595+0000][1][safepoint    ] Total time for which application threads were stopped: 0.0012396 seconds, Stopping threads took: 0.0005132 seconds
[2022-06-13T03:22:07.596+0000][1][safepoint    ] Application time: 0.0008623 seconds
[2022-06-13T03:22:07.597+0000][1][safepoint    ] Entering safepoint region: RevokeBias
[2022-06-13T03:22:07.597+0000][1][safepoint    ] Leaving safepoint region
[2022-06-13T03:22:07.598+0000][1][safepoint    ] Total time for which application threads were stopped: 0.0008446 seconds, Stopping threads took: 0.0003753 seconds
[2022-06-13T03:22:07.599+0000][1][safepoint    ] Application time: 0.0009299 seconds
[2022-06-13T03:22:07.599+0000][1][safepoint    ] Entering safepoint region: RevokeBias
[2022-06-13T03:22:07.599+0000][1][safepoint    ] Leaving safepoint region
[2022-06-13T03:22:07.600+0000][1][safepoint    ] Total time for which application threads were stopped: 0.0006970 seconds, Stopping threads took: 0.0003805 seconds
[2022-06-13T03:22:07.600+0000][1][safepoint    ] Application time: 0.0003213 seconds
[2022-06-13T03:22:07.601+0000][1][safepoint    ] Entering safepoint region: RevokeBias
[2022-06-13T03:22:07.601+0000][1][safepoint    ] Leaving safepoint region
[2022-06-13T03:22:07.601+0000][1][safepoint    ] Total time for which application threads were stopped: 0.0006266 seconds, Stopping threads took: 0.0002783 seconds
[2022-06-13T03:22:07.602+0000][1][safepoint    ] Application time: 0.0001663 seconds
[2022-06-13T03:22:07.602+0000][1][safepoint    ] Entering safepoint region: RevokeBias
[2022-06-13T03:22:07.602+0000][1][safepoint    ] Leaving safepoint region
[2022-06-13T03:22:07.603+0000][1][safepoint    ] Total time for which application threads were stopped: 0.0006822 seconds, Stopping threads took: 0.0003473 seconds
[2022-06-13T03:22:08.595+0000][1][safepoint    ] Application time: 0.9926101 seconds
[2022-06-13T03:22:08.596+0000][1][safepoint    ] Entering safepoint region: RevokeBias
[2022-06-13T03:22:08.596+0000][1][safepoint    ] Leaving safepoint region
[2022-06-13T03:22:08.596+0000][1][safepoint    ] Total time for which application threads were stopped: 0.0007093 seconds, Stopping threads took: 0.0002767 seconds
[2022-06-13T03:22:08.597+0000][1][safepoint    ] Application time: 0.0002655 seconds
[2022-06-13T03:22:08.597+0000][1][safepoint    ] Entering safepoint region: RevokeBias
[2022-06-13T03:22:08.598+0000][1][safepoint    ] Leaving safepoint region
[2022-06-13T03:22:08.598+0000][1][safepoint    ] Total time for which application threads were stopped: 0.0007216 seconds, Stopping threads took: 0.0004051 seconds
[2022-06-13T03:22:08.598+0000][1][safepoint    ] Application time: 0.0001080 seconds
[2022-06-13T03:22:08.599+0000][1][safepoint    ] Entering safepoint region: RevokeBias
[2022-06-13T03:22:08.599+0000][1][safepoint    ] Leaving safepoint region
[2022-06-13T03:22:08.600+0000][1][safepoint    ] Total time for which application threads were stopped: 0.0006660 seconds, Stopping threads took: 0.0002739 seconds
[2022-06-13T03:22:09.596+0000][1][safepoint    ] Application time: 0.9958440 seconds
[2022-06-13T03:22:09.596+0000][1][safepoint    ] Entering safepoint region: RevokeBias
[2022-06-13T03:22:09.596+0000][1][safepoint    ] Leaving safepoint region
[2022-06-13T03:22:09.597+0000][1][safepoint    ] Total time for which application threads were stopped: 0.0010680 seconds, Stopping threads took: 0.0004848 seconds
[2022-06-13T03:22:09.598+0000][1][safepoint    ] Application time: 0.0003397 seconds
[2022-06-13T03:22:09.598+0000][1][safepoint    ] Entering safepoint region: RevokeBias
[2022-06-13T03:22:09.599+0000][1][safepoint    ] Leaving safepoint region
[2022-06-13T03:22:09.599+0000][1][safepoint    ] Total time for which application threads were stopped: 0.0008446 seconds, Stopping threads took: 0.0004737 seconds
[2022-06-13T03:22:09.599+0000][1][safepoint    ] Application time: 0.0001619 seconds
[2022-06-13T03:22:09.600+0000][1][safepoint    ] Entering safepoint region: RevokeBias
[2022-06-13T03:22:09.600+0000][1][safepoint    ] Leaving safepoint region
[2022-06-13T03:22:09.601+0000][1][safepoint    ] Total time for which application threads were stopped: 0.0008915 seconds, Stopping threads took: 0.0005347 seconds
[2022-06-13T03:22:10.596+0000][1][safepoint    ] Application time: 0.9954339 seconds
[2022-06-13T03:22:10.597+0000][1][safepoint    ] Entering safepoint region: RevokeBias
[2022-06-13T03:22:10.597+0000][1][safepoint    ] Leaving safepoint region
[2022-06-13T03:22:10.597+0000][1][safepoint    ] Total time for which application threads were stopped: 0.0008808 seconds, Stopping threads took: 0.0002581 seconds
[2022-06-13T03:22:10.598+0000][1][safepoint    ] Application time: 0.0002087 seconds
[2022-06-13T03:22:10.598+0000][1][safepoint    ] Entering safepoint region: RevokeBias
[2022-06-13T03:22:10.598+0000][1][safepoint    ] Leaving safepoint region
[2022-06-13T03:22:10.599+0000][1][safepoint    ] Total time for which application threads were stopped: 0.0005868 seconds, Stopping threads took: 0.0002089 seconds
[2022-06-13T03:22:10.599+0000][1][safepoint    ] Application time: 0.0000980 seconds
[2022-06-13T03:22:10.599+0000][1][safepoint    ] Entering safepoint region: RevokeBias
[2022-06-13T03:22:10.599+0000][1][safepoint    ] Leaving safepoint region
[2022-06-13T03:22:10.599+0000][1][safepoint    ] Total time for which application threads were stopped: 0.0003177 seconds, Stopping threads took: 0.0000908 seconds
[2022-06-13T03:22:11.598+0000][1][safepoint    ] Application time: 0.9982336 seconds
[2022-06-13T03:22:11.598+0000][1][safepoint    ] Entering safepoint region: RevokeBias
[2022-06-13T03:22:11.599+0000][1][safepoint    ] Leaving safepoint region
[2022-06-13T03:22:11.600+0000][1][safepoint    ] Total time for which application threads were stopped: 0.0015367 seconds, Stopping threads took: 0.0004701 seconds
[2022-06-13T03:22:11.601+0000][1][safepoint    ] Application time: 0.0004496 seconds
[2022-06-13T03:22:11.601+0000][1][safepoint    ] Entering safepoint region: RevokeBias
[2022-06-13T03:22:11.602+0000][1][safepoint    ] Leaving safepoint region
[2022-06-13T03:22:11.603+0000][1][safepoint    ] Total time for which application threads were stopped: 0.0019056 seconds, Stopping threads took: 0.0008038 seconds
[2022-06-13T03:22:12.604+0000][1][safepoint    ] Application time: 1.0002418 seconds
[2022-06-13T03:22:12.605+0000][1][safepoint    ] Entering safepoint region: Cleanup
[2022-06-13T03:22:12.605+0000][1][safepoint    ] Leaving safepoint region
[2022-06-13T03:22:12.605+0000][1][safepoint    ] Total time for which application threads were stopped: 0.0007742 seconds, Stopping threads took: 0.0003555 seconds
[2022-06-13T03:22:14.606+0000][1][safepoint    ] Application time: 2.0003677 seconds
[2022-06-13T03:22:14.606+0000][1][safepoint    ] Entering safepoint region: Cleanup
[2022-06-13T03:22:14.607+0000][1][safepoint    ] Leaving safepoint region
[2022-06-13T03:22:14.607+0000][1][safepoint    ] Total time for which application threads were stopped: 0.0006100 seconds, Stopping threads took: 0.0002967 seconds
[2022-06-13T03:22:15.608+0000][1][safepoint    ] Application time: 1.0002703 seconds
[2022-06-13T03:22:15.608+0000][1][safepoint    ] Entering safepoint region: Cleanup
[2022-06-13T03:22:15.609+0000][1][safepoint    ] Leaving safepoint region
[2022-06-13T03:22:15.609+0000][1][safepoint    ] Total time for which application threads were stopped: 0.0009230 seconds, Stopping threads took: 0.0004067 seconds
[2022-06-13T03:22:16.609+0000][1][safepoint    ] Application time: 1.0001548 seconds
[2022-06-13T03:22:16.610+0000][1][safepoint    ] Entering safepoint region: Cleanup
[2022-06-13T03:22:16.610+0000][1][safepoint    ] Leaving safepoint region
[2022-06-13T03:22:16.611+0000][1][safepoint    ] Total time for which application threads were stopped: 0.0008283 seconds, Stopping threads took: 0.0003952 seconds
[2022-06-13T03:22:17.599+0000][1][safepoint    ] Application time: 0.9881036 seconds
[2022-06-13T03:22:17.599+0000][1][safepoint    ] Entering safepoint region: RevokeBias
[2022-06-13T03:22:17.599+0000][1][safepoint    ] Leaving safepoint region
[2022-06-13T03:22:17.600+0000][1][safepoint    ] Total time for which application threads were stopped: 0.0005899 seconds, Stopping threads took: 0.0002340 seconds
[2022-06-13T03:22:18.600+0000][1][safepoint    ] Application time: 1.0001504 seconds
[2022-06-13T03:22:18.601+0000][1][safepoint    ] Entering safepoint region: Cleanup
[2022-06-13T03:22:18.602+0000][1][safepoint    ] Leaving safepoint region
[2022-06-13T03:22:18.602+0000][1][safepoint    ] Total time for which application threads were stopped: 0.0014843 seconds, Stopping threads took: 0.0008994 seconds
[2022-06-13T03:22:19.603+0000][1][safepoint    ] Application time: 1.0001993 seconds
[2022-06-13T03:22:19.603+0000][1][safepoint    ] Entering safepoint region: Cleanup
[2022-06-13T03:22:19.604+0000][1][safepoint    ] Leaving safepoint region
[2022-06-13T03:22:19.604+0000][1][safepoint    ] Total time for which application threads were stopped: 0.0006099 seconds, Stopping threads took: 0.0002141 seconds
[2022-06-13T03:22:20.604+0000][1][safepoint    ] Application time: 1.0002012 seconds
[2022-06-13T03:22:20.605+0000][1][safepoint    ] Entering safepoint region: Cleanup
[2022-06-13T03:22:20.605+0000][1][safepoint    ] Leaving safepoint region
[2022-06-13T03:22:20.605+0000][1][safepoint    ] Total time for which application threads were stopped: 0.0005050 seconds, Stopping threads took: 0.0002403 seconds
[2022-06-13T03:22:21.605+0000][1][safepoint    ] Application time: 1.0000896 seconds
[2022-06-13T03:22:21.606+0000][1][safepoint    ] Entering safepoint region: Cleanup
[2022-06-13T03:22:21.606+0000][1][safepoint    ] Leaving safepoint region
[2022-06-13T03:22:21.607+0000][1][safepoint    ] Total time for which application threads were stopped: 0.0007324 seconds, Stopping threads took: 0.0003756 seconds
[2022-06-13T03:22:22.607+0000][1][safepoint    ] Application time: 1.0002139 seconds
[2022-06-13T03:22:22.608+0000][1][safepoint    ] Entering safepoint region: Cleanup
[2022-06-13T03:22:22.608+0000][1][safepoint    ] Leaving safepoint region
[2022-06-13T03:22:22.608+0000][1][safepoint    ] Total time for which application threads were stopped: 0.0007050 seconds, Stopping threads took: 0.0002973 seconds
[2022-06-13T03:22:23.609+0000][1][safepoint    ] Application time: 1.0001594 seconds
[2022-06-13T03:22:23.609+0000][1][safepoint    ] Entering safepoint region: Cleanup
[2022-06-13T03:22:23.610+0000][1][safepoint    ] Leaving safepoint region
[2022-06-13T03:22:23.610+0000][1][safepoint    ] Total time for which application threads were stopped: 0.0006969 seconds, Stopping threads took: 0.0003661 seconds
[2022-06-13T03:22:24.611+0000][1][safepoint    ] Application time: 1.0001427 seconds
[2022-06-13T03:22:24.611+0000][1][safepoint    ] Entering safepoint region: Cleanup
[2022-06-13T03:22:24.612+0000][1][safepoint    ] Leaving safepoint region
[2022-06-13T03:22:24.612+0000][1][safepoint    ] Total time for which application threads were stopped: 0.0007249 seconds, Stopping threads took: 0.0003596 seconds
[2022-06-13T03:22:25.612+0000][1][safepoint    ] Application time: 1.0002476 seconds
[2022-06-13T03:22:25.613+0000][1][safepoint    ] Entering safepoint region: Cleanup
[2022-06-13T03:22:25.613+0000][1][safepoint    ] Leaving safepoint region
[2022-06-13T03:22:25.613+0000][1][safepoint    ] Total time for which application threads were stopped: 0.0004235 seconds, Stopping threads took: 0.0002143 seconds
[2022-06-13T03:22:26.613+0000][1][safepoint    ] Application time: 1.0001791 seconds
[2022-06-13T03:22:26.614+0000][1][safepoint    ] Entering safepoint region: Cleanup
[2022-06-13T03:22:26.614+0000][1][safepoint    ] Leaving safepoint region
[2022-06-13T03:22:26.614+0000][1][safepoint    ] Total time for which application threads were stopped: 0.0006309 seconds, Stopping threads took: 0.0001775 seconds
[2022-06-13T03:22:27.615+0000][1][safepoint    ] Application time: 1.0001855 seconds
[2022-06-13T03:22:27.616+0000][1][safepoint    ] Entering safepoint region: Cleanup
[2022-06-13T03:22:27.616+0000][1][safepoint    ] Leaving safepoint region
[2022-06-13T03:22:27.616+0000][1][safepoint    ] Total time for which application threads were stopped: 0.0005671 seconds, Stopping threads took: 0.0003562 seconds
[2022-06-13T03:22:28.616+0000][1][safepoint    ] Application time: 1.0001237 seconds
[2022-06-13T03:22:28.617+0000][1][safepoint    ] Entering safepoint region: Cleanup
[2022-06-13T03:22:28.617+0000][1][safepoint    ] Leaving safepoint region
[2022-06-13T03:22:28.617+0000][1][safepoint    ] Total time for which application threads were stopped: 0.0005022 seconds, Stopping threads took: 0.0002031 seconds
[2022-06-13T03:22:29.618+0000][1][safepoint    ] Application time: 1.0002721 seconds
[2022-06-13T03:22:29.619+0000][1][safepoint    ] Entering safepoint region: Cleanup
[2022-06-13T03:22:29.620+0000][1][safepoint    ] Leaving safepoint region
[2022-06-13T03:22:29.620+0000][1][safepoint    ] Total time for which application threads were stopped: 0.0014803 seconds, Stopping threads took: 0.0006518 seconds
[2022-06-13T03:22:30.621+0000][1][safepoint    ] Application time: 1.0004808 seconds
[2022-06-13T03:22:30.622+0000][1][safepoint    ] Entering safepoint region: Cleanup
[2022-06-13T03:22:30.622+0000][1][safepoint    ] Leaving safepoint region
[2022-06-13T03:22:30.622+0000][1][safepoint    ] Total time for which application threads were stopped: 0.0004898 seconds, Stopping threads took: 0.0002189 seconds
[2022-06-13T03:22:31.623+0000][1][safepoint    ] Application time: 1.0001873 seconds
[2022-06-13T03:22:31.623+0000][1][safepoint    ] Entering safepoint region: Cleanup
[2022-06-13T03:22:31.624+0000][1][safepoint    ] Leaving safepoint region
[2022-06-13T03:22:31.624+0000][1][safepoint    ] Total time for which application threads were stopped: 0.0008232 seconds, Stopping threads took: 0.0002873 seconds
[2022-06-13T03:22:32.625+0000][1][safepoint    ] Application time: 1.0002187 seconds
[2022-06-13T03:22:32.625+0000][1][safepoint    ] Entering safepoint region: Cleanup
[2022-06-13T03:22:32.626+0000][1][safepoint    ] Leaving safepoint region
[2022-06-13T03:22:32.626+0000][1][safepoint    ] Total time for which application threads were stopped: 0.0006199 seconds, Stopping threads took: 0.0003145 seconds
[2022-06-13T03:22:32.790+0000][1][safepoint    ] Application time: 0.1638849 seconds
[2022-06-13T03:22:32.791+0000][1][safepoint    ] Entering safepoint region: RevokeBias
[2022-06-13T03:22:32.791+0000][1][safepoint    ] Leaving safepoint region
[2022-06-13T03:22:32.791+0000][1][safepoint    ] Total time for which application threads were stopped: 0.0009976 seconds, Stopping threads took: 0.0005654 seconds
[2022-06-13T03:22:32.792+0000][1][safepoint    ] Application time: 0.0001863 seconds
[2022-06-13T03:22:32.792+0000][1][safepoint    ] Entering safepoint region: RevokeBias
[2022-06-13T03:22:32.793+0000][1][safepoint    ] Leaving safepoint region
[2022-06-13T03:22:32.793+0000][1][safepoint    ] Total time for which application threads were stopped: 0.0006749 seconds, Stopping threads took: 0.0002987 seconds
[2022-06-13T03:22:33.793+0000][1][safepoint    ] Application time: 1.0001354 seconds
[2022-06-13T03:22:33.794+0000][1][safepoint    ] Entering safepoint region: Cleanup
[2022-06-13T03:22:33.794+0000][1][safepoint    ] Leaving safepoint region
[2022-06-13T03:22:33.795+0000][1][safepoint    ] Total time for which application threads were stopped: 0.0005041 seconds, Stopping threads took: 0.0001928 seconds
[2022-06-13T03:22:34.795+0000][1][safepoint    ] Application time: 1.0002578 seconds
[2022-06-13T03:22:34.795+0000][1][safepoint    ] Entering safepoint region: Cleanup
[2022-06-13T03:22:34.796+0000][1][safepoint    ] Leaving safepoint region
[2022-06-13T03:22:34.796+0000][1][safepoint    ] Total time for which application threads were stopped: 0.0004560 seconds, Stopping threads took: 0.0002010 seconds
[2022-06-13T03:22:35.796+0000][1][safepoint    ] Application time: 1.0001769 seconds
[2022-06-13T03:22:35.797+0000][1][safepoint    ] Entering safepoint region: Cleanup
[2022-06-13T03:22:35.797+0000][1][safepoint    ] Leaving safepoint region
[2022-06-13T03:22:35.797+0000][1][safepoint    ] Total time for which application threads were stopped: 0.0005379 seconds, Stopping threads took: 0.0002382 seconds
[2022-06-13T03:22:35.910+0000][1][safepoint    ] Application time: 0.1126311 seconds
[2022-06-13T03:22:35.910+0000][1][safepoint    ] Entering safepoint region: RevokeBias
[2022-06-13T03:22:35.911+0000][1][safepoint    ] Leaving safepoint region
[2022-06-13T03:22:35.911+0000][1][safepoint    ] Total time for which application threads were stopped: 0.0007546 seconds, Stopping threads took: 0.0003441 seconds
[2022-06-13T03:22:35.912+0000][1][safepoint    ] Application time: 0.0001606 seconds
[2022-06-13T03:22:35.912+0000][1][safepoint    ] Entering safepoint region: RevokeBias
[2022-06-13T03:22:35.912+0000][1][safepoint    ] Leaving safepoint region
[2022-06-13T03:22:35.913+0000][1][safepoint    ] Total time for which application threads were stopped: 0.0008866 seconds, Stopping threads took: 0.0004856 seconds
[2022-06-13T03:22:36.913+0000][1][safepoint    ] Application time: 1.0001744 seconds
[2022-06-13T03:22:36.914+0000][1][safepoint    ] Entering safepoint region: Cleanup
[2022-06-13T03:22:36.914+0000][1][safepoint    ] Leaving safepoint region
[2022-06-13T03:22:36.914+0000][1][safepoint    ] Total time for which application threads were stopped: 0.0007396 seconds, Stopping threads took: 0.0003413 seconds
[2022-06-13T03:22:37.915+0000][1][safepoint    ] Application time: 1.0001898 seconds
[2022-06-13T03:22:37.915+0000][1][safepoint    ] Entering safepoint region: Cleanup
[2022-06-13T03:22:37.916+0000][1][safepoint    ] Leaving safepoint region
[2022-06-13T03:22:37.916+0000][1][safepoint    ] Total time for which application threads were stopped: 0.0005509 seconds, Stopping threads took: 0.0002415 seconds
[2022-06-13T03:22:38.916+0000][1][safepoint    ] Application time: 1.0001216 seconds
[2022-06-13T03:22:38.917+0000][1][safepoint    ] Entering safepoint region: Cleanup
[2022-06-13T03:22:38.917+0000][1][safepoint    ] Leaving safepoint region
[2022-06-13T03:22:38.917+0000][1][safepoint    ] Total time for which application threads were stopped: 0.0003736 seconds, Stopping threads took: 0.0001549 seconds
[2022-06-13T03:22:39.030+0000][1][safepoint    ] Application time: 0.1128681 seconds
[2022-06-13T03:22:39.030+0000][1][safepoint    ] Entering safepoint region: RevokeBias
[2022-06-13T03:22:39.031+0000][1][safepoint    ] Leaving safepoint region
[2022-06-13T03:22:39.031+0000][1][safepoint    ] Total time for which application threads were stopped: 0.0007018 seconds, Stopping threads took: 0.0002823 seconds
[2022-06-13T03:22:39.031+0000][1][safepoint    ] Application time: 0.0002288 seconds
[2022-06-13T03:22:39.032+0000][1][safepoint    ] Entering safepoint region: RevokeBias
[2022-06-13T03:22:39.032+0000][1][safepoint    ] Leaving safepoint region
[2022-06-13T03:22:39.032+0000][1][safepoint    ] Total time for which application threads were stopped: 0.0005423 seconds, Stopping threads took: 0.0002484 seconds
[2022-06-13T03:22:40.033+0000][1][safepoint    ] Application time: 1.0002412 seconds
[2022-06-13T03:22:40.033+0000][1][safepoint    ] Entering safepoint region: Cleanup
[2022-06-13T03:22:40.034+0000][1][safepoint    ] Leaving safepoint region
[2022-06-13T03:22:40.035+0000][1][safepoint    ] Total time for which application threads were stopped: 0.0014993 seconds, Stopping threads took: 0.0006471 seconds
[2022-06-13T03:22:41.036+0000][1][safepoint    ] Application time: 1.0002082 seconds
[2022-06-13T03:22:41.036+0000][1][safepoint    ] Entering safepoint region: Cleanup
[2022-06-13T03:22:41.036+0000][1][safepoint    ] Leaving safepoint region
[2022-06-13T03:22:41.037+0000][1][safepoint    ] Total time for which application threads were stopped: 0.0005714 seconds, Stopping threads took: 0.0002645 seconds
[2022-06-13T03:22:42.037+0000][1][safepoint    ] Application time: 1.0003064 seconds
[2022-06-13T03:22:42.038+0000][1][safepoint    ] Entering safepoint region: Cleanup
[2022-06-13T03:22:42.039+0000][1][safepoint    ] Leaving safepoint region
[2022-06-13T03:22:42.039+0000][1][safepoint    ] Total time for which application threads were stopped: 0.0014704 seconds, Stopping threads took: 0.0006763 seconds
[2022-06-13T03:22:42.160+0000][1][safepoint    ] Application time: 0.1202619 seconds
[2022-06-13T03:22:42.161+0000][1][safepoint    ] Entering safepoint region: RevokeBias
[2022-06-13T03:22:42.161+0000][1][safepoint    ] Leaving safepoint region
[2022-06-13T03:22:42.162+0000][1][safepoint    ] Total time for which application threads were stopped: 0.0008815 seconds, Stopping threads took: 0.0004072 seconds
[2022-06-13T03:22:42.162+0000][1][safepoint    ] Application time: 0.0002208 seconds
[2022-06-13T03:22:42.163+0000][1][safepoint    ] Entering safepoint region: RevokeBias
[2022-06-13T03:22:42.163+0000][1][safepoint    ] Leaving safepoint region
[2022-06-13T03:22:42.164+0000][1][safepoint    ] Total time for which application threads were stopped: 0.0010552 seconds, Stopping threads took: 0.0005070 seconds
[2022-06-13T03:22:43.165+0000][1][safepoint    ] Application time: 1.0002351 seconds
[2022-06-13T03:22:43.165+0000][1][safepoint    ] Entering safepoint region: Cleanup
[2022-06-13T03:22:43.166+0000][1][safepoint    ] Leaving safepoint region
[2022-06-13T03:22:43.166+0000][1][safepoint    ] Total time for which application threads were stopped: 0.0011183 seconds, Stopping threads took: 0.0005829 seconds
[2022-06-13T03:22:44.167+0000][1][safepoint    ] Application time: 1.0001157 seconds
[2022-06-13T03:22:44.167+0000][1][safepoint    ] Entering safepoint region: Cleanup
[2022-06-13T03:22:44.168+0000][1][safepoint    ] Leaving safepoint region
[2022-06-13T03:22:44.168+0000][1][safepoint    ] Total time for which application threads were stopped: 0.0006888 seconds, Stopping threads took: 0.0002197 seconds
[2022-06-13T03:22:45.168+0000][1][safepoint    ] Application time: 1.0002027 seconds
[2022-06-13T03:22:45.169+0000][1][safepoint    ] Entering safepoint region: Cleanup
[2022-06-13T03:22:45.170+0000][1][safepoint    ] Leaving safepoint region
[2022-06-13T03:22:45.170+0000][1][safepoint    ] Total time for which application threads were stopped: 0.0012292 seconds, Stopping threads took: 0.0004850 seconds
[2022-06-13T03:22:45.270+0000][1][safepoint    ] Application time: 0.0993419 seconds
[2022-06-13T03:22:45.271+0000][1][safepoint    ] Entering safepoint region: RevokeBias
[2022-06-13T03:22:45.271+0000][1][safepoint    ] Leaving safepoint region
[2022-06-13T03:22:45.272+0000][1][safepoint    ] Total time for which application threads were stopped: 0.0009016 seconds, Stopping threads took: 0.0003554 seconds
[2022-06-13T03:22:45.272+0000][1][safepoint    ] Application time: 0.0002033 seconds
[2022-06-13T03:22:45.273+0000][1][safepoint    ] Entering safepoint region: RevokeBias
[2022-06-13T03:22:45.273+0000][1][safepoint    ] Leaving safepoint region
[2022-06-13T03:22:45.274+0000][1][safepoint    ] Total time for which application threads were stopped: 0.0010844 seconds, Stopping threads took: 0.0004096 seconds
[2022-06-13T03:22:45.577+0000][1][safepoint    ] Application time: 0.3029050 seconds
[2022-06-13T03:22:45.578+0000][1][safepoint    ] Entering safepoint region: RevokeBias
[2022-06-13T03:22:45.579+0000][1][safepoint    ] Leaving safepoint region
[2022-06-13T03:22:45.579+0000][1][safepoint    ] Total time for which application threads were stopped: 0.0016257 seconds, Stopping threads took: 0.0008333 seconds
[2022-06-13T03:22:46.580+0000][1][safepoint    ] Application time: 1.0002098 seconds
[2022-06-13T03:22:46.580+0000][1][safepoint    ] Entering safepoint region: Cleanup
[2022-06-13T03:22:46.580+0000][1][safepoint    ] Leaving safepoint region
[2022-06-13T03:22:46.581+0000][1][safepoint    ] Total time for which application threads were stopped: 0.0002973 seconds, Stopping threads took: 0.0001260 seconds
[2022-06-13T03:22:47.613+0000][1][safepoint    ] Application time: 1.0322864 seconds
[2022-06-13T03:22:47.613+0000][1][safepoint    ] Entering safepoint region: Cleanup
[2022-06-13T03:22:47.614+0000][1][safepoint    ] Leaving safepoint region
[2022-06-13T03:22:47.614+0000][1][safepoint    ] Total time for which application threads were stopped: 0.0008604 seconds, Stopping threads took: 0.0004432 seconds
[2022-06-13T03:22:48.390+0000][1][safepoint    ] Application time: 0.7755040 seconds
[2022-06-13T03:22:48.390+0000][1][safepoint    ] Entering safepoint region: RevokeBias
[2022-06-13T03:22:48.391+0000][1][safepoint    ] Leaving safepoint region
[2022-06-13T03:22:48.391+0000][1][safepoint    ] Total time for which application threads were stopped: 0.0005919 seconds, Stopping threads took: 0.0002457 seconds
[2022-06-13T03:22:48.391+0000][1][safepoint    ] Application time: 0.0000983 seconds
[2022-06-13T03:22:48.392+0000][1][safepoint    ] Entering safepoint region: RevokeBias
[2022-06-13T03:22:48.392+0000][1][safepoint    ] Leaving safepoint region
[2022-06-13T03:22:48.393+0000][1][safepoint    ] Total time for which application threads were stopped: 0.0009241 seconds, Stopping threads took: 0.0004241 seconds
[2022-06-13T03:22:49.393+0000][1][safepoint    ] Application time: 1.0001960 seconds
[2022-06-13T03:22:49.394+0000][1][safepoint    ] Entering safepoint region: Cleanup
[2022-06-13T03:22:49.394+0000][1][safepoint    ] Leaving safepoint region
[2022-06-13T03:22:49.394+0000][1][safepoint    ] Total time for which application threads were stopped: 0.0006323 seconds, Stopping threads took: 0.0003310 seconds
[2022-06-13T03:22:50.395+0000][1][safepoint    ] Application time: 1.0003351 seconds
[2022-06-13T03:22:50.396+0000][1][safepoint    ] Entering safepoint region: Cleanup
[2022-06-13T03:22:50.396+0000][1][safepoint    ] Leaving safepoint region
[2022-06-13T03:22:50.396+0000][1][safepoint    ] Total time for which application threads were stopped: 0.0006748 seconds, Stopping threads took: 0.0003107 seconds
[2022-06-13T03:22:50.710+0000][1][safepoint    ] Application time: 0.3135449 seconds
[2022-06-13T03:22:50.711+0000][1][safepoint    ] Entering safepoint region: RevokeBias
[2022-06-13T03:22:50.711+0000][1][safepoint    ] Leaving safepoint region
[2022-06-13T03:22:50.711+0000][1][safepoint    ] Total time for which application threads were stopped: 0.0006145 seconds, Stopping threads took: 0.0003233 seconds
[2022-06-13T03:22:50.711+0000][1][safepoint    ] Application time: 0.0001350 seconds
[2022-06-13T03:22:50.711+0000][1][safepoint    ] Entering safepoint region: RevokeBias
[2022-06-13T03:22:50.712+0000][1][safepoint    ] Leaving safepoint region
[2022-06-13T03:22:50.712+0000][1][safepoint    ] Total time for which application threads were stopped: 0.0004915 seconds, Stopping threads took: 0.0002350 seconds
[2022-06-13T03:22:51.510+0000][1][safepoint    ] Application time: 0.7979721 seconds
[2022-06-13T03:22:51.510+0000][1][safepoint    ] Entering safepoint region: RevokeBias
[2022-06-13T03:22:51.511+0000][1][safepoint    ] Leaving safepoint region
[2022-06-13T03:22:51.511+0000][1][safepoint    ] Total time for which application threads were stopped: 0.0006252 seconds, Stopping threads took: 0.0002919 seconds
[2022-06-13T03:22:51.511+0000][1][safepoint    ] Application time: 0.0001413 seconds
[2022-06-13T03:22:51.512+0000][1][safepoint    ] Entering safepoint region: RevokeBias
[2022-06-13T03:22:51.512+0000][1][safepoint    ] Leaving safepoint region
[2022-06-13T03:22:51.513+0000][1][safepoint    ] Total time for which application threads were stopped: 0.0008195 seconds, Stopping threads took: 0.0003535 seconds
[2022-06-13T03:22:52.513+0000][1][safepoint    ] Application time: 1.0001704 seconds
[2022-06-13T03:22:52.513+0000][1][safepoint    ] Entering safepoint region: Cleanup
[2022-06-13T03:22:52.514+0000][1][safepoint    ] Leaving safepoint region
[2022-06-13T03:22:52.514+0000][1][safepoint    ] Total time for which application threads were stopped: 0.0007393 seconds, Stopping threads took: 0.0004081 seconds
[2022-06-13T03:22:53.515+0000][1][safepoint    ] Application time: 1.0002039 seconds
[2022-06-13T03:22:53.515+0000][1][safepoint    ] Entering safepoint region: Cleanup
[2022-06-13T03:22:53.515+0000][1][safepoint    ] Leaving safepoint region
[2022-06-13T03:22:53.516+0000][1][safepoint    ] Total time for which application threads were stopped: 0.0007165 seconds, Stopping threads took: 0.0003467 seconds
[2022-06-13T03:22:54.615+0000][1][safepoint    ] Application time: 1.0992578 seconds
[2022-06-13T03:22:54.616+0000][1][safepoint    ] Entering safepoint region: BulkRevokeBias
[2022-06-13T03:22:54.616+0000][1][safepoint    ] Leaving safepoint region
[2022-06-13T03:22:54.617+0000][1][safepoint    ] Total time for which application threads were stopped: 0.0009427 seconds, Stopping threads took: 0.0003018 seconds
[2022-06-13T03:22:58.345+0000][1][safepoint    ] Application time: 3.7280134 seconds
[2022-06-13T03:22:58.345+0000][1][safepoint    ] Entering safepoint region: GenCollectForAllocation
[2022-06-13T03:22:58.346+0000][1][gc,start     ] GC(22) Pause Young (Allocation Failure)
[2022-06-13T03:22:58.346+0000][1][gc,task      ] GC(22) Using 5 workers of 13 for evacuation
[2022-06-13T03:22:58.353+0000][1][gc,age       ] GC(22) Desired survivor size 4456448 bytes, new threshold 2 (max threshold 6)
[2022-06-13T03:22:58.354+0000][1][gc,age       ] GC(22) Age table with threshold 2 (max threshold 6)
[2022-06-13T03:22:58.354+0000][1][gc,age       ] GC(22) - age   1:    1370080 bytes,    1370080 total
[2022-06-13T03:22:58.354+0000][1][gc,age       ] GC(22) - age   2:    3904328 bytes,    5274408 total
[2022-06-13T03:22:58.355+0000][1][gc,heap      ] GC(22) ParNew: 78655K->8173K(78656K)
[2022-06-13T03:22:58.355+0000][1][gc,heap      ] GC(22) CMS: 60175K->64446K(174784K)
[2022-06-13T03:22:58.356+0000][1][gc,metaspace ] GC(22) Metaspace: 65361K->65361K(1110016K)
[2022-06-13T03:22:58.356+0000][1][gc           ] GC(22) Pause Young (Allocation Failure) 135M->70M(247M) 10.136ms
[2022-06-13T03:22:58.356+0000][1][gc,cpu       ] GC(22) User=0.04s Sys=0.00s Real=0.01s
[2022-06-13T03:22:58.357+0000][1][safepoint    ] Leaving safepoint region
[2022-06-13T03:22:58.357+0000][1][safepoint    ] Total time for which application threads were stopped: 0.0118934 seconds, Stopping threads took: 0.0002762 seconds
[2022-06-13T03:22:58.617+0000][1][safepoint    ] Application time: 0.2588402 seconds
[2022-06-13T03:22:58.617+0000][1][safepoint    ] Entering safepoint region: RevokeBias
[2022-06-13T03:22:58.617+0000][1][safepoint    ] Leaving safepoint region
[2022-06-13T03:22:58.618+0000][1][safepoint    ] Total time for which application threads were stopped: 0.0006451 seconds, Stopping threads took: 0.0002064 seconds
[2022-06-13T03:22:58.618+0000][1][safepoint    ] Application time: 0.0004545 seconds
[2022-06-13T03:22:58.619+0000][1][safepoint    ] Entering safepoint region: RevokeBias
[2022-06-13T03:22:58.619+0000][1][safepoint    ] Leaving safepoint region
[2022-06-13T03:22:58.619+0000][1][safepoint    ] Total time for which application threads were stopped: 0.0008346 seconds, Stopping threads took: 0.0003494 seconds
[2022-06-13T03:22:59.620+0000][1][safepoint    ] Application time: 1.0003341 seconds
[2022-06-13T03:22:59.620+0000][1][safepoint    ] Entering safepoint region: Cleanup
[2022-06-13T03:22:59.621+0000][1][safepoint    ] Leaving safepoint region
[2022-06-13T03:22:59.621+0000][1][safepoint    ] Total time for which application threads were stopped: 0.0008437 seconds, Stopping threads took: 0.0003683 seconds
[2022-06-13T03:23:00.622+0000][1][safepoint    ] Application time: 1.0001661 seconds
[2022-06-13T03:23:00.622+0000][1][safepoint    ] Entering safepoint region: Cleanup
[2022-06-13T03:23:00.622+0000][1][safepoint    ] Leaving safepoint region
[2022-06-13T03:23:00.623+0000][1][safepoint    ] Total time for which application threads were stopped: 0.0005870 seconds, Stopping threads took: 0.0002219 seconds
[2022-06-13T03:23:01.623+0000][1][safepoint    ] Application time: 1.0002019 seconds
[2022-06-13T03:23:01.624+0000][1][safepoint    ] Entering safepoint region: Cleanup
[2022-06-13T03:23:01.624+0000][1][safepoint    ] Leaving safepoint region
[2022-06-13T03:23:01.624+0000][1][safepoint    ] Total time for which application threads were stopped: 0.0006050 seconds, Stopping threads took: 0.0002900 seconds
[2022-06-13T03:23:02.645+0000][1][safepoint    ] Application time: 1.0199473 seconds
[2022-06-13T03:23:02.645+0000][1][safepoint    ] Entering safepoint region: Cleanup
[2022-06-13T03:23:02.645+0000][1][safepoint    ] Leaving safepoint region
[2022-06-13T03:23:02.645+0000][1][safepoint    ] Total time for which application threads were stopped: 0.0005690 seconds, Stopping threads took: 0.0002367 seconds
[2022-06-13T03:23:03.619+0000][1][safepoint    ] Application time: 0.9729045 seconds
[2022-06-13T03:23:03.619+0000][1][safepoint    ] Entering safepoint region: RevokeBias
[2022-06-13T03:23:03.619+0000][1][safepoint    ] Leaving safepoint region
[2022-06-13T03:23:03.619+0000][1][safepoint    ] Total time for which application threads were stopped: 0.0005819 seconds, Stopping threads took: 0.0001981 seconds
[2022-06-13T03:23:03.620+0000][1][safepoint    ] Application time: 0.0001757 seconds
[2022-06-13T03:23:03.620+0000][1][safepoint    ] Entering safepoint region: RevokeBias
[2022-06-13T03:23:03.621+0000][1][safepoint    ] Leaving safepoint region
[2022-06-13T03:23:03.621+0000][1][safepoint    ] Total time for which application threads were stopped: 0.0007473 seconds, Stopping threads took: 0.0003819 seconds
[2022-06-13T03:23:03.625+0000][1][safepoint    ] Application time: 0.0040485 seconds
[2022-06-13T03:23:03.626+0000][1][safepoint    ] Entering safepoint region: RevokeBias
[2022-06-13T03:23:03.626+0000][1][safepoint    ] Leaving safepoint region
[2022-06-13T03:23:03.626+0000][1][safepoint    ] Total time for which application threads were stopped: 0.0008177 seconds, Stopping threads took: 0.0004028 seconds
[2022-06-13T03:23:03.627+0000][1][safepoint    ] Application time: 0.0007537 seconds
[2022-06-13T03:23:03.628+0000][1][safepoint    ] Entering safepoint region: RevokeBias
[2022-06-13T03:23:03.628+0000][1][safepoint    ] Leaving safepoint region
[2022-06-13T03:23:03.628+0000][1][safepoint    ] Total time for which application threads were stopped: 0.0007767 seconds, Stopping threads took: 0.0004544 seconds
[2022-06-13T03:23:04.619+0000][1][safepoint    ] Application time: 0.9902241 seconds
[2022-06-13T03:23:04.619+0000][1][safepoint    ] Entering safepoint region: RevokeBias
[2022-06-13T03:23:04.620+0000][1][safepoint    ] Leaving safepoint region
[2022-06-13T03:23:04.620+0000][1][safepoint    ] Total time for which application threads were stopped: 0.0006210 seconds, Stopping threads took: 0.0001187 seconds
[2022-06-13T03:23:04.621+0000][1][safepoint    ] Application time: 0.0008077 seconds
[2022-06-13T03:23:04.621+0000][1][safepoint    ] Entering safepoint region: RevokeBias
[2022-06-13T03:23:04.621+0000][1][safepoint    ] Leaving safepoint region
[2022-06-13T03:23:04.621+0000][1][safepoint    ] Total time for which application threads were stopped: 0.0002775 seconds, Stopping threads took: 0.0000888 seconds
[2022-06-13T03:23:05.620+0000][1][safepoint    ] Application time: 0.9980888 seconds
[2022-06-13T03:23:05.620+0000][1][safepoint    ] Entering safepoint region: RevokeBias
[2022-06-13T03:23:05.621+0000][1][safepoint    ] Leaving safepoint region
[2022-06-13T03:23:05.621+0000][1][safepoint    ] Total time for which application threads were stopped: 0.0009538 seconds, Stopping threads took: 0.0004077 seconds
[2022-06-13T03:23:05.622+0000][1][safepoint    ] Application time: 0.0007316 seconds
[2022-06-13T03:23:05.622+0000][1][safepoint    ] Entering safepoint region: RevokeBias
[2022-06-13T03:23:05.623+0000][1][safepoint    ] Leaving safepoint region
[2022-06-13T03:23:05.623+0000][1][safepoint    ] Total time for which application threads were stopped: 0.0007062 seconds, Stopping threads took: 0.0002811 seconds
[2022-06-13T03:23:06.620+0000][1][safepoint    ] Application time: 0.9963928 seconds
[2022-06-13T03:23:06.621+0000][1][safepoint    ] Entering safepoint region: RevokeBias
[2022-06-13T03:23:06.621+0000][1][safepoint    ] Leaving safepoint region
[2022-06-13T03:23:06.622+0000][1][safepoint    ] Total time for which application threads were stopped: 0.0012405 seconds, Stopping threads took: 0.0005645 seconds
[2022-06-13T03:23:06.624+0000][1][safepoint    ] Application time: 0.0017076 seconds
[2022-06-13T03:23:06.624+0000][1][safepoint    ] Entering safepoint region: RevokeBias
[2022-06-13T03:23:06.625+0000][1][safepoint    ] Leaving safepoint region
[2022-06-13T03:23:06.626+0000][1][safepoint    ] Total time for which application threads were stopped: 0.0013859 seconds, Stopping threads took: 0.0005420 seconds
[2022-06-13T03:23:07.620+0000][1][safepoint    ] Application time: 0.9936830 seconds
[2022-06-13T03:23:07.620+0000][1][safepoint    ] Entering safepoint region: RevokeBias
[2022-06-13T03:23:07.621+0000][1][safepoint    ] Leaving safepoint region
[2022-06-13T03:23:07.621+0000][1][safepoint    ] Total time for which application threads were stopped: 0.0008010 seconds, Stopping threads took: 0.0003486 seconds
[2022-06-13T03:23:07.622+0000][1][safepoint    ] Application time: 0.0006535 seconds
[2022-06-13T03:23:07.622+0000][1][safepoint    ] Entering safepoint region: RevokeBias
[2022-06-13T03:23:07.623+0000][1][safepoint    ] Leaving safepoint region
[2022-06-13T03:23:07.623+0000][1][safepoint    ] Total time for which application threads were stopped: 0.0007429 seconds, Stopping threads took: 0.0003560 seconds
[2022-06-13T03:23:08.621+0000][1][safepoint    ] Application time: 0.9971401 seconds
[2022-06-13T03:23:08.621+0000][1][safepoint    ] Entering safepoint region: RevokeBias
[2022-06-13T03:23:08.622+0000][1][safepoint    ] Leaving safepoint region
[2022-06-13T03:23:08.622+0000][1][safepoint    ] Total time for which application threads were stopped: 0.0009146 seconds, Stopping threads took: 0.0003983 seconds
[2022-06-13T03:23:08.624+0000][1][safepoint    ] Application time: 0.0012020 seconds
[2022-06-13T03:23:08.625+0000][1][safepoint    ] Entering safepoint region: RevokeBias
[2022-06-13T03:23:08.626+0000][1][safepoint    ] Leaving safepoint region
[2022-06-13T03:23:08.626+0000][1][safepoint    ] Total time for which application threads were stopped: 0.0008685 seconds, Stopping threads took: 0.0004031 seconds
[2022-06-13T03:23:09.621+0000][1][safepoint    ] Application time: 0.9944983 seconds
[2022-06-13T03:23:09.622+0000][1][safepoint    ] Entering safepoint region: RevokeBias
[2022-06-13T03:23:09.623+0000][1][safepoint    ] Leaving safepoint region
[2022-06-13T03:23:09.623+0000][1][safepoint    ] Total time for which application threads were stopped: 0.0010039 seconds, Stopping threads took: 0.0005629 seconds
[2022-06-13T03:23:09.624+0000][1][safepoint    ] Application time: 0.0007500 seconds
[2022-06-13T03:23:09.624+0000][1][safepoint    ] Entering safepoint region: RevokeBias
[2022-06-13T03:23:09.624+0000][1][safepoint    ] Leaving safepoint region
[2022-06-13T03:23:09.624+0000][1][safepoint    ] Total time for which application threads were stopped: 0.0004169 seconds, Stopping threads took: 0.0001565 seconds
[2022-06-13T03:23:10.621+0000][1][safepoint    ] Application time: 0.9968499 seconds
[2022-06-13T03:23:10.622+0000][1][safepoint    ] Entering safepoint region: RevokeBias
[2022-06-13T03:23:10.622+0000][1][safepoint    ] Leaving safepoint region
[2022-06-13T03:23:10.623+0000][1][safepoint    ] Total time for which application threads were stopped: 0.0008567 seconds, Stopping threads took: 0.0003825 seconds
[2022-06-13T03:23:10.624+0000][1][safepoint    ] Application time: 0.0006521 seconds
[2022-06-13T03:23:10.624+0000][1][safepoint    ] Entering safepoint region: RevokeBias
[2022-06-13T03:23:10.624+0000][1][safepoint    ] Leaving safepoint region
[2022-06-13T03:23:10.624+0000][1][safepoint    ] Total time for which application threads were stopped: 0.0006073 seconds, Stopping threads took: 0.0003078 seconds
[2022-06-13T03:23:11.622+0000][1][safepoint    ] Application time: 0.9972572 seconds
[2022-06-13T03:23:11.622+0000][1][safepoint    ] Entering safepoint region: RevokeBias
[2022-06-13T03:23:11.623+0000][1][safepoint    ] Leaving safepoint region
[2022-06-13T03:23:11.623+0000][1][safepoint    ] Total time for which application threads were stopped: 0.0009489 seconds, Stopping threads took: 0.0004243 seconds
[2022-06-13T03:23:11.625+0000][1][safepoint    ] Application time: 0.0008466 seconds
[2022-06-13T03:23:11.625+0000][1][safepoint    ] Entering safepoint region: RevokeBias
[2022-06-13T03:23:11.626+0000][1][safepoint    ] Leaving safepoint region
[2022-06-13T03:23:11.626+0000][1][safepoint    ] Total time for which application threads were stopped: 0.0010145 seconds, Stopping threads took: 0.0004329 seconds
[2022-06-13T03:23:12.623+0000][1][safepoint    ] Application time: 0.9961853 seconds
[2022-06-13T03:23:12.623+0000][1][safepoint    ] Entering safepoint region: RevokeBias
[2022-06-13T03:23:12.624+0000][1][safepoint    ] Leaving safepoint region
[2022-06-13T03:23:12.625+0000][1][safepoint    ] Total time for which application threads were stopped: 0.0014169 seconds, Stopping threads took: 0.0005832 seconds
[2022-06-13T03:23:12.626+0000][1][safepoint    ] Application time: 0.0008187 seconds
[2022-06-13T03:23:12.627+0000][1][safepoint    ] Entering safepoint region: BulkRevokeBias
[2022-06-13T03:23:12.627+0000][1][safepoint    ] Leaving safepoint region
[2022-06-13T03:23:12.627+0000][1][safepoint    ] Total time for which application threads were stopped: 0.0008701 seconds, Stopping threads took: 0.0002660 seconds
[2022-06-13T03:23:13.623+0000][1][safepoint    ] Application time: 0.9949448 seconds
[2022-06-13T03:23:13.623+0000][1][safepoint    ] Entering safepoint region: RevokeBias
[2022-06-13T03:23:13.623+0000][1][safepoint    ] Leaving safepoint region
[2022-06-13T03:23:13.623+0000][1][safepoint    ] Total time for which application threads were stopped: 0.0003854 seconds, Stopping threads took: 0.0001290 seconds
[2022-06-13T03:23:13.624+0000][1][safepoint    ] Application time: 0.0007113 seconds
[2022-06-13T03:23:13.624+0000][1][safepoint    ] Entering safepoint region: RevokeBias
[2022-06-13T03:23:13.625+0000][1][safepoint    ] Leaving safepoint region
[2022-06-13T03:23:13.625+0000][1][safepoint    ] Total time for which application threads were stopped: 0.0002749 seconds, Stopping threads took: 0.0001358 seconds
[2022-06-13T03:23:14.625+0000][1][safepoint    ] Application time: 1.0002279 seconds
[2022-06-13T03:23:14.626+0000][1][safepoint    ] Entering safepoint region: Cleanup
[2022-06-13T03:23:14.626+0000][1][safepoint    ] Leaving safepoint region
[2022-06-13T03:23:14.627+0000][1][safepoint    ] Total time for which application threads were stopped: 0.0009654 seconds, Stopping threads took: 0.0004157 seconds
[2022-06-13T03:23:15.627+0000][1][safepoint    ] Application time: 1.0001232 seconds
[2022-06-13T03:23:15.627+0000][1][safepoint    ] Entering safepoint region: Cleanup
[2022-06-13T03:23:15.628+0000][1][safepoint    ] Leaving safepoint region
[2022-06-13T03:23:15.628+0000][1][safepoint    ] Total time for which application threads were stopped: 0.0004389 seconds, Stopping threads took: 0.0001389 seconds
[2022-06-13T03:23:16.628+0000][1][safepoint    ] Application time: 1.0001053 seconds
[2022-06-13T03:23:16.629+0000][1][safepoint    ] Entering safepoint region: Cleanup
[2022-06-13T03:23:16.629+0000][1][safepoint    ] Leaving safepoint region
[2022-06-13T03:23:16.629+0000][1][safepoint    ] Total time for which application threads were stopped: 0.0009478 seconds, Stopping threads took: 0.0003523 seconds
[2022-06-13T03:23:17.630+0000][1][safepoint    ] Application time: 1.0002687 seconds
[2022-06-13T03:23:17.631+0000][1][safepoint    ] Entering safepoint region: Cleanup
[2022-06-13T03:23:17.631+0000][1][safepoint    ] Leaving safepoint region
[2022-06-13T03:23:17.631+0000][1][safepoint    ] Total time for which application threads were stopped: 0.0008148 seconds, Stopping threads took: 0.0003758 seconds
[2022-06-13T03:23:18.119+0000][1][safepoint    ] Application time: 0.4867831 seconds
[2022-06-13T03:23:18.119+0000][1][safepoint    ] Entering safepoint region: RevokeBias
[2022-06-13T03:23:18.119+0000][1][safepoint    ] Leaving safepoint region
[2022-06-13T03:23:18.120+0000][1][safepoint    ] Total time for which application threads were stopped: 0.0009286 seconds, Stopping threads took: 0.0003356 seconds
[2022-06-13T03:23:18.120+0000][1][safepoint    ] Application time: 0.0001420 seconds
[2022-06-13T03:23:18.120+0000][1][safepoint    ] Entering safepoint region: RevokeBias
[2022-06-13T03:23:18.120+0000][1][safepoint    ] Leaving safepoint region
[2022-06-13T03:23:18.121+0000][1][safepoint    ] Total time for which application threads were stopped: 0.0004368 seconds, Stopping threads took: 0.0001287 seconds
[2022-06-13T03:23:18.122+0000][1][safepoint    ] Application time: 0.0011432 seconds
[2022-06-13T03:23:18.122+0000][1][safepoint    ] Entering safepoint region: RevokeBias
[2022-06-13T03:23:18.122+0000][1][safepoint    ] Leaving safepoint region
[2022-06-13T03:23:18.123+0000][1][safepoint    ] Total time for which application threads were stopped: 0.0004155 seconds, Stopping threads took: 0.0001763 seconds
[2022-06-13T03:23:18.123+0000][1][safepoint    ] Application time: 0.0004144 seconds
[2022-06-13T03:23:18.124+0000][1][safepoint    ] Entering safepoint region: RevokeBias
[2022-06-13T03:23:18.124+0000][1][safepoint    ] Leaving safepoint region
[2022-06-13T03:23:18.124+0000][1][safepoint    ] Total time for which application threads were stopped: 0.0008699 seconds, Stopping threads took: 0.0006119 seconds
[2022-06-13T03:23:18.125+0000][1][safepoint    ] Application time: 0.0005583 seconds
[2022-06-13T03:23:18.126+0000][1][safepoint    ] Entering safepoint region: RevokeBias
[2022-06-13T03:23:18.126+0000][1][safepoint    ] Leaving safepoint region
[2022-06-13T03:23:18.126+0000][1][safepoint    ] Total time for which application threads were stopped: 0.0004333 seconds, Stopping threads took: 0.0001749 seconds
[2022-06-13T03:23:18.127+0000][1][safepoint    ] Application time: 0.0005039 seconds
[2022-06-13T03:23:18.127+0000][1][safepoint    ] Entering safepoint region: RevokeBias
[2022-06-13T03:23:18.127+0000][1][safepoint    ] Leaving safepoint region
[2022-06-13T03:23:18.127+0000][1][safepoint    ] Total time for which application threads were stopped: 0.0006124 seconds, Stopping threads took: 0.0003633 seconds
[2022-06-13T03:23:18.129+0000][1][safepoint    ] Application time: 0.0011055 seconds
[2022-06-13T03:23:18.129+0000][1][safepoint    ] Entering safepoint region: RevokeBias
[2022-06-13T03:23:18.129+0000][1][safepoint    ] Leaving safepoint region
[2022-06-13T03:23:18.129+0000][1][safepoint    ] Total time for which application threads were stopped: 0.0004302 seconds, Stopping threads took: 0.0001574 seconds
[2022-06-13T03:23:18.130+0000][1][safepoint    ] Application time: 0.0002420 seconds
[2022-06-13T03:23:18.130+0000][1][safepoint    ] Entering safepoint region: RevokeBias
[2022-06-13T03:23:18.130+0000][1][safepoint    ] Leaving safepoint region
[2022-06-13T03:23:18.130+0000][1][safepoint    ] Total time for which application threads were stopped: 0.0002449 seconds, Stopping threads took: 0.0001010 seconds
[2022-06-13T03:23:18.131+0000][1][safepoint    ] Application time: 0.0002063 seconds
[2022-06-13T03:23:18.131+0000][1][safepoint    ] Entering safepoint region: RevokeBias
[2022-06-13T03:23:18.131+0000][1][safepoint    ] Leaving safepoint region
[2022-06-13T03:23:18.131+0000][1][safepoint    ] Total time for which application threads were stopped: 0.0002713 seconds, Stopping threads took: 0.0001121 seconds
[2022-06-13T03:23:18.131+0000][1][safepoint    ] Application time: 0.0001711 seconds
[2022-06-13T03:23:18.131+0000][1][safepoint    ] Entering safepoint region: RevokeBias
[2022-06-13T03:23:18.132+0000][1][safepoint    ] Leaving safepoint region
[2022-06-13T03:23:18.132+0000][1][safepoint    ] Total time for which application threads were stopped: 0.0003154 seconds, Stopping threads took: 0.0001768 seconds
[2022-06-13T03:23:18.132+0000][1][safepoint    ] Application time: 0.0001557 seconds
[2022-06-13T03:23:18.132+0000][1][safepoint    ] Entering safepoint region: RevokeBias
[2022-06-13T03:23:18.132+0000][1][safepoint    ] Leaving safepoint region
[2022-06-13T03:23:18.132+0000][1][safepoint    ] Total time for which application threads were stopped: 0.0002098 seconds, Stopping threads took: 0.0001005 seconds
[2022-06-13T03:23:18.133+0000][1][safepoint    ] Application time: 0.0001389 seconds
[2022-06-13T03:23:18.133+0000][1][safepoint    ] Entering safepoint region: RevokeBias
[2022-06-13T03:23:18.133+0000][1][safepoint    ] Leaving safepoint region
[2022-06-13T03:23:18.133+0000][1][safepoint    ] Total time for which application threads were stopped: 0.0002194 seconds, Stopping threads took: 0.0001033 seconds
[2022-06-13T03:23:18.133+0000][1][safepoint    ] Application time: 0.0001454 seconds
[2022-06-13T03:23:18.133+0000][1][safepoint    ] Entering safepoint region: RevokeBias
[2022-06-13T03:23:18.133+0000][1][safepoint    ] Leaving safepoint region
[2022-06-13T03:23:18.133+0000][1][safepoint    ] Total time for which application threads were stopped: 0.0002754 seconds, Stopping threads took: 0.0001344 seconds
[2022-06-13T03:23:18.134+0000][1][safepoint    ] Application time: 0.0001243 seconds
[2022-06-13T03:23:18.134+0000][1][safepoint    ] Entering safepoint region: RevokeBias
[2022-06-13T03:23:18.134+0000][1][safepoint    ] Leaving safepoint region
[2022-06-13T03:23:18.134+0000][1][safepoint    ] Total time for which application threads were stopped: 0.0002480 seconds, Stopping threads took: 0.0001181 seconds
[2022-06-13T03:23:18.134+0000][1][safepoint    ] Application time: 0.0001676 seconds
[2022-06-13T03:23:18.135+0000][1][safepoint    ] Entering safepoint region: RevokeBias
[2022-06-13T03:23:18.135+0000][1][safepoint    ] Leaving safepoint region
[2022-06-13T03:23:18.135+0000][1][safepoint    ] Total time for which application threads were stopped: 0.0002320 seconds, Stopping threads took: 0.0000984 seconds
[2022-06-13T03:23:18.135+0000][1][safepoint    ] Application time: 0.0001196 seconds
[2022-06-13T03:23:18.135+0000][1][safepoint    ] Entering safepoint region: RevokeBias
[2022-06-13T03:23:18.135+0000][1][safepoint    ] Leaving safepoint region
[2022-06-13T03:23:18.135+0000][1][safepoint    ] Total time for which application threads were stopped: 0.0002389 seconds, Stopping threads took: 0.0001033 seconds
[2022-06-13T03:23:18.136+0000][1][safepoint    ] Application time: 0.0001643 seconds
[2022-06-13T03:23:18.136+0000][1][safepoint    ] Entering safepoint region: BulkRevokeBias
[2022-06-13T03:23:18.136+0000][1][safepoint    ] Leaving safepoint region
[2022-06-13T03:23:18.136+0000][1][safepoint    ] Total time for which application threads were stopped: 0.0005192 seconds, Stopping threads took: 0.0001078 seconds
[2022-06-13T03:23:18.137+0000][1][safepoint    ] Application time: 0.0002783 seconds
[2022-06-13T03:23:18.137+0000][1][safepoint    ] Entering safepoint region: BulkRevokeBias
[2022-06-13T03:23:18.137+0000][1][safepoint    ] Leaving safepoint region
[2022-06-13T03:23:18.137+0000][1][safepoint    ] Total time for which application threads were stopped: 0.0006021 seconds, Stopping threads took: 0.0001086 seconds
[2022-06-13T03:23:18.138+0000][1][safepoint    ] Application time: 0.0001345 seconds
[2022-06-13T03:23:18.138+0000][1][safepoint    ] Entering safepoint region: RevokeBias
[2022-06-13T03:23:18.138+0000][1][safepoint    ] Leaving safepoint region
[2022-06-13T03:23:18.138+0000][1][safepoint    ] Total time for which application threads were stopped: 0.0002354 seconds, Stopping threads took: 0.0001070 seconds
[2022-06-13T03:23:18.138+0000][1][safepoint    ] Application time: 0.0000886 seconds
[2022-06-13T03:23:18.138+0000][1][safepoint    ] Entering safepoint region: RevokeBias
[2022-06-13T03:23:18.138+0000][1][safepoint    ] Leaving safepoint region
[2022-06-13T03:23:18.138+0000][1][safepoint    ] Total time for which application threads were stopped: 0.0002896 seconds, Stopping threads took: 0.0001000 seconds
[2022-06-13T03:23:18.139+0000][1][safepoint    ] Application time: 0.0001086 seconds
[2022-06-13T03:23:18.139+0000][1][safepoint    ] Entering safepoint region: RevokeBias
[2022-06-13T03:23:18.139+0000][1][safepoint    ] Leaving safepoint region
[2022-06-13T03:23:18.139+0000][1][safepoint    ] Total time for which application threads were stopped: 0.0004082 seconds, Stopping threads took: 0.0001420 seconds
[2022-06-13T03:23:18.139+0000][1][safepoint    ] Application time: 0.0000725 seconds
[2022-06-13T03:23:18.140+0000][1][safepoint    ] Entering safepoint region: RevokeBias
[2022-06-13T03:23:18.140+0000][1][safepoint    ] Leaving safepoint region
[2022-06-13T03:23:18.140+0000][1][safepoint    ] Total time for which application threads were stopped: 0.0002082 seconds, Stopping threads took: 0.0000938 seconds
[2022-06-13T03:23:18.140+0000][1][safepoint    ] Application time: 0.0003174 seconds
[2022-06-13T03:23:18.140+0000][1][safepoint    ] Entering safepoint region: RevokeBias
[2022-06-13T03:23:18.140+0000][1][safepoint    ] Leaving safepoint region
[2022-06-13T03:23:18.141+0000][1][safepoint    ] Total time for which application threads were stopped: 0.0002916 seconds, Stopping threads took: 0.0001695 seconds
[2022-06-13T03:23:18.141+0000][1][safepoint    ] Application time: 0.0000745 seconds
[2022-06-13T03:23:18.141+0000][1][safepoint    ] Entering safepoint region: RevokeBias
[2022-06-13T03:23:18.141+0000][1][safepoint    ] Leaving safepoint region
[2022-06-13T03:23:18.141+0000][1][safepoint    ] Total time for which application threads were stopped: 0.0001999 seconds, Stopping threads took: 0.0000895 seconds
[2022-06-13T03:23:18.141+0000][1][safepoint    ] Application time: 0.0001009 seconds
[2022-06-13T03:23:18.141+0000][1][safepoint    ] Entering safepoint region: RevokeBias
[2022-06-13T03:23:18.141+0000][1][safepoint    ] Leaving safepoint region
[2022-06-13T03:23:18.142+0000][1][safepoint    ] Total time for which application threads were stopped: 0.0002493 seconds, Stopping threads took: 0.0001170 seconds
[2022-06-13T03:23:18.142+0000][1][safepoint    ] Application time: 0.0001922 seconds
[2022-06-13T03:23:18.142+0000][1][safepoint    ] Entering safepoint region: RevokeBias
[2022-06-13T03:23:18.142+0000][1][safepoint    ] Leaving safepoint region
[2022-06-13T03:23:18.142+0000][1][safepoint    ] Total time for which application threads were stopped: 0.0003298 seconds, Stopping threads took: 0.0001280 seconds
[2022-06-13T03:23:18.143+0000][1][safepoint    ] Application time: 0.0003112 seconds
[2022-06-13T03:23:18.143+0000][1][safepoint    ] Entering safepoint region: RevokeBias
[2022-06-13T03:23:18.143+0000][1][safepoint    ] Leaving safepoint region
[2022-06-13T03:23:18.143+0000][1][safepoint    ] Total time for which application threads were stopped: 0.0003459 seconds, Stopping threads took: 0.0002142 seconds
[2022-06-13T03:23:18.144+0000][1][safepoint    ] Application time: 0.0000825 seconds
[2022-06-13T03:23:18.144+0000][1][safepoint    ] Entering safepoint region: RevokeBias
[2022-06-13T03:23:18.144+0000][1][safepoint    ] Leaving safepoint region
[2022-06-13T03:23:18.144+0000][1][safepoint    ] Total time for which application threads were stopped: 0.0003734 seconds, Stopping threads took: 0.0002140 seconds
[2022-06-13T03:23:18.145+0000][1][safepoint    ] Application time: 0.0006444 seconds
[2022-06-13T03:23:18.145+0000][1][safepoint    ] Entering safepoint region: RevokeBias
[2022-06-13T03:23:18.145+0000][1][safepoint    ] Leaving safepoint region
[2022-06-13T03:23:18.146+0000][1][safepoint    ] Total time for which application threads were stopped: 0.0005037 seconds, Stopping threads took: 0.0002860 seconds
[2022-06-13T03:23:18.146+0000][1][safepoint    ] Application time: 0.0001576 seconds
[2022-06-13T03:23:18.146+0000][1][safepoint    ] Entering safepoint region: RevokeBias
[2022-06-13T03:23:18.147+0000][1][safepoint    ] Leaving safepoint region
[2022-06-13T03:23:18.147+0000][1][safepoint    ] Total time for which application threads were stopped: 0.0005844 seconds, Stopping threads took: 0.0003504 seconds
[2022-06-13T03:23:18.147+0000][1][safepoint    ] Application time: 0.0002391 seconds
[2022-06-13T03:23:18.147+0000][1][safepoint    ] Entering safepoint region: RevokeBias
[2022-06-13T03:23:18.148+0000][1][safepoint    ] Leaving safepoint region
[2022-06-13T03:23:18.148+0000][1][safepoint    ] Total time for which application threads were stopped: 0.0003697 seconds, Stopping threads took: 0.0001927 seconds
[2022-06-13T03:23:18.891+0000][1][safepoint    ] Application time: 0.7430849 seconds
[2022-06-13T03:23:18.891+0000][1][safepoint    ] Entering safepoint region: RevokeBias
[2022-06-13T03:23:18.891+0000][1][safepoint    ] Leaving safepoint region
[2022-06-13T03:23:18.892+0000][1][safepoint    ] Total time for which application threads were stopped: 0.0004773 seconds, Stopping threads took: 0.0001215 seconds
[2022-06-13T03:23:19.130+0000][1][safepoint    ] Application time: 0.2381853 seconds
[2022-06-13T03:23:19.131+0000][1][safepoint    ] Entering safepoint region: RevokeBias
[2022-06-13T03:23:19.131+0000][1][safepoint    ] Leaving safepoint region
[2022-06-13T03:23:19.131+0000][1][safepoint    ] Total time for which application threads were stopped: 0.0005548 seconds, Stopping threads took: 0.0002344 seconds
[2022-06-13T03:23:19.629+0000][1][safepoint    ] Application time: 0.4980977 seconds
[2022-06-13T03:23:19.630+0000][1][safepoint    ] Entering safepoint region: RevokeBias
[2022-06-13T03:23:19.631+0000][1][safepoint    ] Leaving safepoint region
[2022-06-13T03:23:19.631+0000][1][safepoint    ] Total time for which application threads were stopped: 0.0009221 seconds, Stopping threads took: 0.0004648 seconds
[2022-06-13T03:23:19.990+0000][1][safepoint    ] Application time: 0.3584687 seconds
[2022-06-13T03:23:19.990+0000][1][safepoint    ] Entering safepoint region: RevokeBias
[2022-06-13T03:23:19.991+0000][1][safepoint    ] Leaving safepoint region
[2022-06-13T03:23:19.991+0000][1][safepoint    ] Total time for which application threads were stopped: 0.0006958 seconds, Stopping threads took: 0.0003066 seconds
[2022-06-13T03:23:19.991+0000][1][safepoint    ] Application time: 0.0003066 seconds
[2022-06-13T03:23:19.992+0000][1][safepoint    ] Entering safepoint region: RevokeBias
[2022-06-13T03:23:19.992+0000][1][safepoint    ] Leaving safepoint region
[2022-06-13T03:23:19.992+0000][1][safepoint    ] Total time for which application threads were stopped: 0.0003516 seconds, Stopping threads took: 0.0001598 seconds
[2022-06-13T03:23:19.992+0000][1][safepoint    ] Application time: 0.0000397 seconds
[2022-06-13T03:23:19.992+0000][1][safepoint    ] Entering safepoint region: RevokeBias
[2022-06-13T03:23:19.993+0000][1][safepoint    ] Leaving safepoint region
[2022-06-13T03:23:19.993+0000][1][safepoint    ] Total time for which application threads were stopped: 0.0005710 seconds, Stopping threads took: 0.0003259 seconds
[2022-06-13T03:23:19.993+0000][1][safepoint    ] Application time: 0.0001290 seconds
[2022-06-13T03:23:19.994+0000][1][safepoint    ] Entering safepoint region: RevokeBias
[2022-06-13T03:23:19.994+0000][1][safepoint    ] Leaving safepoint region
[2022-06-13T03:23:19.994+0000][1][safepoint    ] Total time for which application threads were stopped: 0.0003863 seconds, Stopping threads took: 0.0001773 seconds
[2022-06-13T03:23:19.994+0000][1][safepoint    ] Application time: 0.0001481 seconds
[2022-06-13T03:23:19.995+0000][1][safepoint    ] Entering safepoint region: RevokeBias
[2022-06-13T03:23:19.995+0000][1][safepoint    ] Leaving safepoint region
[2022-06-13T03:23:19.995+0000][1][safepoint    ] Total time for which application threads were stopped: 0.0005089 seconds, Stopping threads took: 0.0003098 seconds
[2022-06-13T03:23:19.998+0000][1][safepoint    ] Application time: 0.0025203 seconds
[2022-06-13T03:23:19.998+0000][1][safepoint    ] Entering safepoint region: RevokeBias
[2022-06-13T03:23:19.998+0000][1][safepoint    ] Leaving safepoint region
[2022-06-13T03:23:19.999+0000][1][safepoint    ] Total time for which application threads were stopped: 0.0005666 seconds, Stopping threads took: 0.0002910 seconds
[2022-06-13T03:23:19.999+0000][1][safepoint    ] Application time: 0.0006358 seconds
[2022-06-13T03:23:20.000+0000][1][safepoint    ] Entering safepoint region: RevokeBias
[2022-06-13T03:23:20.000+0000][1][safepoint    ] Leaving safepoint region
[2022-06-13T03:23:20.000+0000][1][safepoint    ] Total time for which application threads were stopped: 0.0006456 seconds, Stopping threads took: 0.0003029 seconds
[2022-06-13T03:23:20.003+0000][1][safepoint    ] Application time: 0.0019347 seconds
[2022-06-13T03:23:20.003+0000][1][safepoint    ] Entering safepoint region: RevokeBias
[2022-06-13T03:23:20.003+0000][1][safepoint    ] Leaving safepoint region
[2022-06-13T03:23:20.003+0000][1][safepoint    ] Total time for which application threads were stopped: 0.0005168 seconds, Stopping threads took: 0.0002446 seconds
[2022-06-13T03:23:20.004+0000][1][safepoint    ] Application time: 0.0001576 seconds
[2022-06-13T03:23:20.004+0000][1][safepoint    ] Entering safepoint region: RevokeBias
[2022-06-13T03:23:20.004+0000][1][safepoint    ] Leaving safepoint region
[2022-06-13T03:23:20.005+0000][1][safepoint    ] Total time for which application threads were stopped: 0.0005557 seconds, Stopping threads took: 0.0002996 seconds
[2022-06-13T03:23:20.005+0000][1][safepoint    ] Application time: 0.0000888 seconds
[2022-06-13T03:23:20.005+0000][1][safepoint    ] Entering safepoint region: RevokeBias
[2022-06-13T03:23:20.005+0000][1][safepoint    ] Leaving safepoint region
[2022-06-13T03:23:20.005+0000][1][safepoint    ] Total time for which application threads were stopped: 0.0002785 seconds, Stopping threads took: 0.0001205 seconds
[2022-06-13T03:23:20.006+0000][1][safepoint    ] Application time: 0.0000936 seconds
[2022-06-13T03:23:20.006+0000][1][safepoint    ] Entering safepoint region: BulkRevokeBias
[2022-06-13T03:23:20.006+0000][1][safepoint    ] Leaving safepoint region
[2022-06-13T03:23:20.006+0000][1][safepoint    ] Total time for which application threads were stopped: 0.0007936 seconds, Stopping threads took: 0.0003192 seconds
[2022-06-13T03:23:20.009+0000][1][safepoint    ] Application time: 0.0016570 seconds
[2022-06-13T03:23:20.009+0000][1][safepoint    ] Entering safepoint region: RevokeBias
[2022-06-13T03:23:20.009+0000][1][safepoint    ] Leaving safepoint region
[2022-06-13T03:23:20.009+0000][1][safepoint    ] Total time for which application threads were stopped: 0.0005729 seconds, Stopping threads took: 0.0002390 seconds
[2022-06-13T03:23:20.016+0000][1][safepoint    ] Application time: 0.0064093 seconds
[2022-06-13T03:23:20.016+0000][1][safepoint    ] Entering safepoint region: RevokeBias
[2022-06-13T03:23:20.017+0000][1][safepoint    ] Leaving safepoint region
[2022-06-13T03:23:20.017+0000][1][safepoint    ] Total time for which application threads were stopped: 0.0008210 seconds, Stopping threads took: 0.0005275 seconds
[2022-06-13T03:23:20.018+0000][1][safepoint    ] Application time: 0.0001217 seconds
[2022-06-13T03:23:20.018+0000][1][safepoint    ] Entering safepoint region: RevokeBias
[2022-06-13T03:23:20.018+0000][1][safepoint    ] Leaving safepoint region
[2022-06-13T03:23:20.018+0000][1][safepoint    ] Total time for which application threads were stopped: 0.0004265 seconds, Stopping threads took: 0.0002487 seconds
[2022-06-13T03:23:20.018+0000][1][safepoint    ] Application time: 0.0000957 seconds
[2022-06-13T03:23:20.019+0000][1][safepoint    ] Entering safepoint region: RevokeBias
[2022-06-13T03:23:20.019+0000][1][safepoint    ] Leaving safepoint region
[2022-06-13T03:23:20.019+0000][1][safepoint    ] Total time for which application threads were stopped: 0.0004042 seconds, Stopping threads took: 0.0001624 seconds
[2022-06-13T03:23:20.020+0000][1][safepoint    ] Application time: 0.0005145 seconds
[2022-06-13T03:23:20.020+0000][1][safepoint    ] Entering safepoint region: RevokeBias
[2022-06-13T03:23:20.020+0000][1][safepoint    ] Leaving safepoint region
[2022-06-13T03:23:20.020+0000][1][safepoint    ] Total time for which application threads were stopped: 0.0003117 seconds, Stopping threads took: 0.0001306 seconds
[2022-06-13T03:23:20.021+0000][1][safepoint    ] Application time: 0.0007884 seconds
[2022-06-13T03:23:20.022+0000][1][safepoint    ] Entering safepoint region: RevokeBias
[2022-06-13T03:23:20.022+0000][1][safepoint    ] Leaving safepoint region
[2022-06-13T03:23:20.022+0000][1][safepoint    ] Total time for which application threads were stopped: 0.0002533 seconds, Stopping threads took: 0.0001237 seconds
[2022-06-13T03:23:20.022+0000][1][safepoint    ] Application time: 0.0002407 seconds
[2022-06-13T03:23:20.022+0000][1][safepoint    ] Entering safepoint region: RevokeBias
[2022-06-13T03:23:20.022+0000][1][safepoint    ] Leaving safepoint region
[2022-06-13T03:23:20.023+0000][1][safepoint    ] Total time for which application threads were stopped: 0.0003416 seconds, Stopping threads took: 0.0001505 seconds
[2022-06-13T03:23:20.024+0000][1][safepoint    ] Application time: 0.0010312 seconds
[2022-06-13T03:23:20.024+0000][1][safepoint    ] Entering safepoint region: RevokeBias
[2022-06-13T03:23:20.024+0000][1][safepoint    ] Leaving safepoint region
[2022-06-13T03:23:20.024+0000][1][safepoint    ] Total time for which application threads were stopped: 0.0004910 seconds, Stopping threads took: 0.0002597 seconds
[2022-06-13T03:23:20.025+0000][1][safepoint    ] Application time: 0.0003464 seconds
[2022-06-13T03:23:20.025+0000][1][safepoint    ] Entering safepoint region: RevokeBias
[2022-06-13T03:23:20.025+0000][1][safepoint    ] Leaving safepoint region
[2022-06-13T03:23:20.026+0000][1][safepoint    ] Total time for which application threads were stopped: 0.0003148 seconds, Stopping threads took: 0.0001577 seconds
[2022-06-13T03:23:20.026+0000][1][safepoint    ] Application time: 0.0001442 seconds
[2022-06-13T03:23:20.026+0000][1][safepoint    ] Entering safepoint region: RevokeBias
[2022-06-13T03:23:20.026+0000][1][safepoint    ] Leaving safepoint region
[2022-06-13T03:23:20.026+0000][1][safepoint    ] Total time for which application threads were stopped: 0.0004848 seconds, Stopping threads took: 0.0002847 seconds
[2022-06-13T03:23:20.027+0000][1][safepoint    ] Application time: 0.0005907 seconds
[2022-06-13T03:23:20.028+0000][1][safepoint    ] Entering safepoint region: RevokeBias
[2022-06-13T03:23:20.028+0000][1][safepoint    ] Leaving safepoint region
[2022-06-13T03:23:20.028+0000][1][safepoint    ] Total time for which application threads were stopped: 0.0002832 seconds, Stopping threads took: 0.0001755 seconds
[2022-06-13T03:23:20.030+0000][1][safepoint    ] Application time: 0.0016322 seconds
[2022-06-13T03:23:20.030+0000][1][safepoint    ] Entering safepoint region: RevokeBias
[2022-06-13T03:23:20.030+0000][1][safepoint    ] Leaving safepoint region
[2022-06-13T03:23:20.030+0000][1][safepoint    ] Total time for which application threads were stopped: 0.0003777 seconds, Stopping threads took: 0.0001693 seconds
[2022-06-13T03:23:20.033+0000][1][gc,heap,exit ] Heap
[2022-06-13T03:23:20.033+0000][1][gc,heap,exit ]  par new generation   total 78656K, used 28784K [0x00000000f0000000, 0x00000000f5550000, 0x00000000f5550000)
[2022-06-13T03:23:20.033+0000][1][gc,heap,exit ]   eden space 69952K,  29% used [0x00000000f0000000, 0x00000000f1420ca0, 0x00000000f4450000)
[2022-06-13T03:23:20.033+0000][1][gc,heap,exit ]   from space 8704K,  93% used [0x00000000f4cd0000, 0x00000000f54cb5d0, 0x00000000f5550000)
[2022-06-13T03:23:20.033+0000][1][gc,heap,exit ]   to   space 8704K,   0% used [0x00000000f4450000, 0x00000000f4450000, 0x00000000f4cd0000)
[2022-06-13T03:23:20.033+0000][1][gc,heap,exit ]  concurrent mark-sweep generation total 174784K, used 64446K [0x00000000f5550000, 0x0000000100000000, 0x0000000100000000)
[2022-06-13T03:23:20.033+0000][1][gc,heap,exit ]  Metaspace       used 65580K, capacity 70530K, committed 70772K, reserved 1110016K
[2022-06-13T03:23:20.034+0000][1][gc,heap,exit ]   class space    used 8871K, capacity 10949K, committed 11008K, reserved 1048576K
[2022-06-13T03:23:20.034+0000][1][safepoint    ] Application time: 0.0034870 seconds
[2022-06-13T03:23:20.034+0000][1][safepoint    ] Entering safepoint region: Exit
