[2022-06-13T01:51:08.893+0000][1][gc] Using Concurrent Mark Sweep
[2022-06-13T01:51:08.893+0000][1][gc,heap,coops] Heap address: 0x00000000f0000000, size: 256 MB, Compressed Oops mode: 32-bit
[2022-06-13T01:51:08.954+0000][1][safepoint    ] Entering safepoint region: EnableBiasedLocking
[2022-06-13T01:51:08.955+0000][1][safepoint    ] Leaving safepoint region
[2022-06-13T01:51:08.955+0000][1][safepoint    ] Total time for which application threads were stopped: 0.0008105 seconds, Stopping threads took: 0.0004859 seconds
[2022-06-13T01:51:08.959+0000][1][safepoint    ] Application time: 0.0035195 seconds
[2022-06-13T01:51:08.959+0000][1][safepoint    ] Entering safepoint region: RevokeBias
[2022-06-13T01:51:08.995+0000][1][safepoint    ] Leaving safepoint region
[2022-06-13T01:51:08.995+0000][1][safepoint    ] Total time for which application threads were stopped: 0.0356453 seconds, Stopping threads took: 0.0351724 seconds
[2022-06-13T01:51:09.010+0000][1][safepoint    ] Application time: 0.0150892 seconds
[2022-06-13T01:51:09.011+0000][1][safepoint    ] Entering safepoint region: Deoptimize
[2022-06-13T01:51:09.011+0000][1][safepoint    ] Leaving safepoint region
[2022-06-13T01:51:09.012+0000][1][safepoint    ] Total time for which application threads were stopped: 0.0007274 seconds, Stopping threads took: 0.0002453 seconds
[2022-06-13T01:51:09.168+0000][1][safepoint    ] Application time: 0.1561386 seconds
[2022-06-13T01:51:09.169+0000][1][safepoint    ] Entering safepoint region: RevokeBias
[2022-06-13T01:51:09.169+0000][1][safepoint    ] Leaving safepoint region
[2022-06-13T01:51:09.169+0000][1][safepoint    ] Total time for which application threads were stopped: 0.0008896 seconds, Stopping threads took: 0.0003376 seconds
[2022-06-13T01:51:09.220+0000][1][safepoint    ] Application time: 0.0506671 seconds
[2022-06-13T01:51:09.221+0000][1][safepoint    ] Entering safepoint region: Deoptimize
[2022-06-13T01:51:09.221+0000][1][safepoint    ] Leaving safepoint region
[2022-06-13T01:51:09.222+0000][1][safepoint    ] Total time for which application threads were stopped: 0.0010229 seconds, Stopping threads took: 0.0002924 seconds
[2022-06-13T01:51:09.735+0000][1][safepoint    ] Application time: 0.5131811 seconds
[2022-06-13T01:51:09.736+0000][1][safepoint    ] Entering safepoint region: Deoptimize
[2022-06-13T01:51:09.736+0000][1][safepoint    ] Leaving safepoint region
[2022-06-13T01:51:09.737+0000][1][safepoint    ] Total time for which application threads were stopped: 0.0010130 seconds, Stopping threads took: 0.0004482 seconds
[2022-06-13T01:51:09.770+0000][1][safepoint    ] Application time: 0.0321762 seconds
[2022-06-13T01:51:09.770+0000][1][safepoint    ] Entering safepoint region: Deoptimize
[2022-06-13T01:51:09.771+0000][1][safepoint    ] Leaving safepoint region
[2022-06-13T01:51:09.771+0000][1][safepoint    ] Total time for which application threads were stopped: 0.0009800 seconds, Stopping threads took: 0.0003934 seconds
[2022-06-13T01:51:09.851+0000][1][safepoint    ] Application time: 0.0799683 seconds
[2022-06-13T01:51:09.852+0000][1][safepoint    ] Entering safepoint region: Deoptimize
[2022-06-13T01:51:09.852+0000][1][safepoint    ] Leaving safepoint region
[2022-06-13T01:51:09.853+0000][1][safepoint    ] Total time for which application threads were stopped: 0.0010402 seconds, Stopping threads took: 0.0003192 seconds
[2022-06-13T01:51:09.872+0000][1][safepoint    ] Application time: 0.0194130 seconds
[2022-06-13T01:51:09.873+0000][1][safepoint    ] Entering safepoint region: Deoptimize
[2022-06-13T01:51:09.874+0000][1][safepoint    ] Leaving safepoint region
[2022-06-13T01:51:09.875+0000][1][safepoint    ] Total time for which application threads were stopped: 0.0016564 seconds, Stopping threads took: 0.0012282 seconds
[2022-06-13T01:51:10.560+0000][1][safepoint    ] Application time: 0.6846788 seconds
[2022-06-13T01:51:10.560+0000][1][safepoint    ] Entering safepoint region: Deoptimize
[2022-06-13T01:51:10.561+0000][1][safepoint    ] Leaving safepoint region
[2022-06-13T01:51:10.561+0000][1][safepoint    ] Total time for which application threads were stopped: 0.0012919 seconds, Stopping threads took: 0.0002568 seconds
[2022-06-13T01:51:10.943+0000][1][safepoint    ] Application time: 0.3814900 seconds
[2022-06-13T01:51:10.944+0000][1][safepoint    ] Entering safepoint region: RevokeBias
[2022-06-13T01:51:10.944+0000][1][safepoint    ] Leaving safepoint region
[2022-06-13T01:51:10.944+0000][1][safepoint    ] Total time for which application threads were stopped: 0.0006862 seconds, Stopping threads took: 0.0003021 seconds
[2022-06-13T01:51:11.114+0000][1][safepoint    ] Application time: 0.1695824 seconds
[2022-06-13T01:51:11.115+0000][1][safepoint    ] Entering safepoint region: Deoptimize
[2022-06-13T01:51:11.115+0000][1][safepoint    ] Leaving safepoint region
[2022-06-13T01:51:11.116+0000][1][safepoint    ] Total time for which application threads were stopped: 0.0011908 seconds, Stopping threads took: 0.0004050 seconds
[2022-06-13T01:51:11.344+0000][1][safepoint    ] Application time: 0.2280436 seconds
[2022-06-13T01:51:11.345+0000][1][safepoint    ] Entering safepoint region: Deoptimize
[2022-06-13T01:51:11.346+0000][1][safepoint    ] Leaving safepoint region
[2022-06-13T01:51:11.347+0000][1][safepoint    ] Total time for which application threads were stopped: 0.0015882 seconds, Stopping threads took: 0.0007072 seconds
[2022-06-13T01:51:11.348+0000][1][safepoint    ] Application time: 0.0005176 seconds
[2022-06-13T01:51:11.348+0000][1][safepoint    ] Entering safepoint region: Deoptimize
[2022-06-13T01:51:11.349+0000][1][safepoint    ] Leaving safepoint region
[2022-06-13T01:51:11.350+0000][1][safepoint    ] Total time for which application threads were stopped: 0.0013505 seconds, Stopping threads took: 0.0007612 seconds
[2022-06-13T01:51:11.417+0000][1][safepoint    ] Application time: 0.0669878 seconds
[2022-06-13T01:51:11.418+0000][1][safepoint    ] Entering safepoint region: Deoptimize
[2022-06-13T01:51:11.418+0000][1][safepoint    ] Leaving safepoint region
[2022-06-13T01:51:11.418+0000][1][safepoint    ] Total time for which application threads were stopped: 0.0008826 seconds, Stopping threads took: 0.0003333 seconds
[2022-06-13T01:51:11.434+0000][1][safepoint    ] Application time: 0.0151281 seconds
[2022-06-13T01:51:11.435+0000][1][safepoint    ] Entering safepoint region: RevokeBias
[2022-06-13T01:51:11.435+0000][1][safepoint    ] Leaving safepoint region
[2022-06-13T01:51:11.435+0000][1][safepoint    ] Total time for which application threads were stopped: 0.0007543 seconds, Stopping threads took: 0.0003747 seconds
[2022-06-13T01:51:11.436+0000][1][safepoint    ] Application time: 0.0001345 seconds
[2022-06-13T01:51:11.436+0000][1][safepoint    ] Entering safepoint region: RevokeBias
[2022-06-13T01:51:11.437+0000][1][safepoint    ] Leaving safepoint region
[2022-06-13T01:51:11.437+0000][1][safepoint    ] Total time for which application threads were stopped: 0.0008046 seconds, Stopping threads took: 0.0005505 seconds
[2022-06-13T01:51:11.437+0000][1][safepoint    ] Application time: 0.0002941 seconds
[2022-06-13T01:51:11.438+0000][1][safepoint    ] Entering safepoint region: RevokeBias
[2022-06-13T01:51:11.438+0000][1][safepoint    ] Leaving safepoint region
[2022-06-13T01:51:11.438+0000][1][safepoint    ] Total time for which application threads were stopped: 0.0007970 seconds, Stopping threads took: 0.0003031 seconds
[2022-06-13T01:51:11.439+0000][1][safepoint    ] Application time: 0.0003963 seconds
[2022-06-13T01:51:11.440+0000][1][safepoint    ] Entering safepoint region: RevokeBias
[2022-06-13T01:51:11.440+0000][1][safepoint    ] Leaving safepoint region
[2022-06-13T01:51:11.440+0000][1][safepoint    ] Total time for which application threads were stopped: 0.0005807 seconds, Stopping threads took: 0.0003292 seconds
[2022-06-13T01:51:11.441+0000][1][safepoint    ] Application time: 0.0006684 seconds
[2022-06-13T01:51:11.442+0000][1][safepoint    ] Entering safepoint region: RevokeBias
[2022-06-13T01:51:11.442+0000][1][safepoint    ] Leaving safepoint region
[2022-06-13T01:51:11.442+0000][1][safepoint    ] Total time for which application threads were stopped: 0.0005473 seconds, Stopping threads took: 0.0002889 seconds
[2022-06-13T01:51:11.452+0000][1][safepoint    ] Application time: 0.0091564 seconds
[2022-06-13T01:51:11.453+0000][1][safepoint    ] Entering safepoint region: Deoptimize
[2022-06-13T01:51:11.453+0000][1][safepoint    ] Leaving safepoint region
[2022-06-13T01:51:11.454+0000][1][safepoint    ] Total time for which application threads were stopped: 0.0010860 seconds, Stopping threads took: 0.0004139 seconds
[2022-06-13T01:51:11.582+0000][1][safepoint    ] Application time: 0.1276806 seconds
[2022-06-13T01:51:11.582+0000][1][safepoint    ] Entering safepoint region: GenCollectForAllocation
[2022-06-13T01:51:11.583+0000][1][gc,start     ] GC(0) Pause Young (Allocation Failure)
[2022-06-13T01:51:11.585+0000][1][gc,task      ] GC(0) Using 5 workers of 13 for evacuation
[2022-06-13T01:51:11.595+0000][1][gc,age       ] GC(0) Desired survivor size 4456448 bytes, new threshold 1 (max threshold 6)
[2022-06-13T01:51:11.596+0000][1][gc,age       ] GC(0) Age table with threshold 1 (max threshold 6)
[2022-06-13T01:51:11.596+0000][1][gc,age       ] GC(0) - age   1:    8132568 bytes,    8132568 total
[2022-06-13T01:51:11.596+0000][1][gc,heap      ] GC(0) ParNew: 69952K->8054K(78656K)
[2022-06-13T01:51:11.597+0000][1][gc,heap      ] GC(0) CMS: 0K->0K(174784K)
[2022-06-13T01:51:11.597+0000][1][gc,metaspace ] GC(0) Metaspace: 12351K->12351K(1060864K)
[2022-06-13T01:51:11.597+0000][1][gc           ] GC(0) Pause Young (Allocation Failure) 68M->7M(247M) 14.232ms
[2022-06-13T01:51:11.598+0000][1][gc,cpu       ] GC(0) User=0.07s Sys=0.00s Real=0.01s
[2022-06-13T01:51:11.598+0000][1][safepoint    ] Leaving safepoint region
[2022-06-13T01:51:11.598+0000][1][safepoint    ] Total time for which application threads were stopped: 0.0158354 seconds, Stopping threads took: 0.0004135 seconds
[2022-06-13T01:51:11.600+0000][1][safepoint    ] Application time: 0.0010334 seconds
[2022-06-13T01:51:11.600+0000][1][safepoint    ] Entering safepoint region: RevokeBias
[2022-06-13T01:51:11.601+0000][1][safepoint    ] Leaving safepoint region
[2022-06-13T01:51:11.601+0000][1][safepoint    ] Total time for which application threads were stopped: 0.0008805 seconds, Stopping threads took: 0.0004482 seconds
[2022-06-13T01:51:11.603+0000][1][safepoint    ] Application time: 0.0014058 seconds
[2022-06-13T01:51:11.603+0000][1][safepoint    ] Entering safepoint region: RevokeBias
[2022-06-13T01:51:11.604+0000][1][safepoint    ] Leaving safepoint region
[2022-06-13T01:51:11.605+0000][1][safepoint    ] Total time for which application threads were stopped: 0.0015003 seconds, Stopping threads took: 0.0004118 seconds
[2022-06-13T01:51:11.605+0000][1][safepoint    ] Application time: 0.0001608 seconds
[2022-06-13T01:51:11.606+0000][1][safepoint    ] Entering safepoint region: RevokeBias
[2022-06-13T01:51:11.606+0000][1][safepoint    ] Leaving safepoint region
[2022-06-13T01:51:11.606+0000][1][safepoint    ] Total time for which application threads were stopped: 0.0008214 seconds, Stopping threads took: 0.0003981 seconds
[2022-06-13T01:51:11.607+0000][1][safepoint    ] Application time: 0.0002766 seconds
[2022-06-13T01:51:11.607+0000][1][safepoint    ] Entering safepoint region: RevokeBias
[2022-06-13T01:51:11.608+0000][1][safepoint    ] Leaving safepoint region
[2022-06-13T01:51:11.609+0000][1][safepoint    ] Total time for which application threads were stopped: 0.0011043 seconds, Stopping threads took: 0.0007366 seconds
[2022-06-13T01:51:11.610+0000][1][safepoint    ] Application time: 0.0013200 seconds
[2022-06-13T01:51:11.611+0000][1][safepoint    ] Entering safepoint region: RevokeBias
[2022-06-13T01:51:11.612+0000][1][safepoint    ] Leaving safepoint region
[2022-06-13T01:51:11.613+0000][1][safepoint    ] Total time for which application threads were stopped: 0.0018518 seconds, Stopping threads took: 0.0008285 seconds
[2022-06-13T01:51:11.613+0000][1][safepoint    ] Application time: 0.0001663 seconds
[2022-06-13T01:51:11.614+0000][1][safepoint    ] Entering safepoint region: RevokeBias
[2022-06-13T01:51:11.614+0000][1][safepoint    ] Leaving safepoint region
[2022-06-13T01:51:11.615+0000][1][safepoint    ] Total time for which application threads were stopped: 0.0011166 seconds, Stopping threads took: 0.0005909 seconds
[2022-06-13T01:51:11.615+0000][1][safepoint    ] Application time: 0.0001488 seconds
[2022-06-13T01:51:11.616+0000][1][safepoint    ] Entering safepoint region: RevokeBias
[2022-06-13T01:51:11.616+0000][1][safepoint    ] Leaving safepoint region
[2022-06-13T01:51:11.616+0000][1][safepoint    ] Total time for which application threads were stopped: 0.0008085 seconds, Stopping threads took: 0.0004756 seconds
[2022-06-13T01:51:11.622+0000][1][safepoint    ] Application time: 0.0003733 seconds
[2022-06-13T01:51:11.622+0000][1][safepoint    ] Entering safepoint region: RevokeBias
[2022-06-13T01:51:11.623+0000][1][safepoint    ] Leaving safepoint region
[2022-06-13T01:51:11.623+0000][1][safepoint    ] Total time for which application threads were stopped: 0.0006656 seconds, Stopping threads took: 0.0003307 seconds
[2022-06-13T01:51:11.623+0000][1][safepoint    ] Application time: 0.0000842 seconds
[2022-06-13T01:51:11.624+0000][1][safepoint    ] Entering safepoint region: RevokeBias
[2022-06-13T01:51:11.624+0000][1][safepoint    ] Leaving safepoint region
[2022-06-13T01:51:11.624+0000][1][safepoint    ] Total time for which application threads were stopped: 0.0006847 seconds, Stopping threads took: 0.0003958 seconds
[2022-06-13T01:51:11.625+0000][1][safepoint    ] Application time: 0.0000993 seconds
[2022-06-13T01:51:11.625+0000][1][safepoint    ] Entering safepoint region: RevokeBias
[2022-06-13T01:51:11.625+0000][1][safepoint    ] Leaving safepoint region
[2022-06-13T01:51:11.626+0000][1][safepoint    ] Total time for which application threads were stopped: 0.0006509 seconds, Stopping threads took: 0.0003255 seconds
[2022-06-13T01:51:11.626+0000][1][safepoint    ] Application time: 0.0000842 seconds
[2022-06-13T01:51:11.626+0000][1][safepoint    ] Entering safepoint region: RevokeBias
[2022-06-13T01:51:11.627+0000][1][safepoint    ] Leaving safepoint region
[2022-06-13T01:51:11.627+0000][1][safepoint    ] Total time for which application threads were stopped: 0.0006141 seconds, Stopping threads took: 0.0003316 seconds
[2022-06-13T01:51:11.628+0000][1][safepoint    ] Application time: 0.0003909 seconds
[2022-06-13T01:51:11.629+0000][1][safepoint    ] Entering safepoint region: RevokeBias
[2022-06-13T01:51:11.629+0000][1][safepoint    ] Leaving safepoint region
[2022-06-13T01:51:11.630+0000][1][safepoint    ] Total time for which application threads were stopped: 0.0011390 seconds, Stopping threads took: 0.0007148 seconds
[2022-06-13T01:51:11.630+0000][1][safepoint    ] Application time: 0.0000749 seconds
[2022-06-13T01:51:11.631+0000][1][safepoint    ] Entering safepoint region: RevokeBias
[2022-06-13T01:51:11.632+0000][1][safepoint    ] Leaving safepoint region
[2022-06-13T01:51:11.632+0000][1][safepoint    ] Total time for which application threads were stopped: 0.0016421 seconds, Stopping threads took: 0.0009987 seconds
[2022-06-13T01:51:11.633+0000][1][safepoint    ] Application time: 0.0007686 seconds
[2022-06-13T01:51:11.634+0000][1][safepoint    ] Entering safepoint region: RevokeBias
[2022-06-13T01:51:11.634+0000][1][safepoint    ] Leaving safepoint region
[2022-06-13T01:51:11.634+0000][1][safepoint    ] Total time for which application threads were stopped: 0.0006936 seconds, Stopping threads took: 0.0003243 seconds
[2022-06-13T01:51:11.635+0000][1][safepoint    ] Application time: 0.0000736 seconds
[2022-06-13T01:51:11.635+0000][1][safepoint    ] Entering safepoint region: RevokeBias
[2022-06-13T01:51:11.635+0000][1][safepoint    ] Leaving safepoint region
[2022-06-13T01:51:11.636+0000][1][safepoint    ] Total time for which application threads were stopped: 0.0005103 seconds, Stopping threads took: 0.0002229 seconds
[2022-06-13T01:51:11.636+0000][1][safepoint    ] Application time: 0.0000962 seconds
[2022-06-13T01:51:11.636+0000][1][safepoint    ] Entering safepoint region: RevokeBias
[2022-06-13T01:51:11.637+0000][1][safepoint    ] Leaving safepoint region
[2022-06-13T01:51:11.637+0000][1][safepoint    ] Total time for which application threads were stopped: 0.0012209 seconds, Stopping threads took: 0.0003829 seconds
[2022-06-13T01:51:11.638+0000][1][safepoint    ] Application time: 0.0002055 seconds
[2022-06-13T01:51:11.639+0000][1][safepoint    ] Entering safepoint region: RevokeBias
[2022-06-13T01:51:11.639+0000][1][safepoint    ] Leaving safepoint region
[2022-06-13T01:51:11.640+0000][1][safepoint    ] Total time for which application threads were stopped: 0.0014022 seconds, Stopping threads took: 0.0008728 seconds
[2022-06-13T01:51:11.640+0000][1][safepoint    ] Application time: 0.0001325 seconds
[2022-06-13T01:51:11.641+0000][1][safepoint    ] Entering safepoint region: RevokeBias
[2022-06-13T01:51:11.641+0000][1][safepoint    ] Leaving safepoint region
[2022-06-13T01:51:11.642+0000][1][safepoint    ] Total time for which application threads were stopped: 0.0007921 seconds, Stopping threads took: 0.0003897 seconds
[2022-06-13T01:51:11.642+0000][1][safepoint    ] Application time: 0.0003646 seconds
[2022-06-13T01:51:11.643+0000][1][safepoint    ] Entering safepoint region: RevokeBias
[2022-06-13T01:51:11.643+0000][1][safepoint    ] Leaving safepoint region
[2022-06-13T01:51:11.644+0000][1][safepoint    ] Total time for which application threads were stopped: 0.0011065 seconds, Stopping threads took: 0.0004181 seconds
[2022-06-13T01:51:11.644+0000][1][safepoint    ] Application time: 0.0001533 seconds
[2022-06-13T01:51:11.645+0000][1][safepoint    ] Entering safepoint region: RevokeBias
[2022-06-13T01:51:11.645+0000][1][safepoint    ] Leaving safepoint region
[2022-06-13T01:51:11.646+0000][1][safepoint    ] Total time for which application threads were stopped: 0.0010233 seconds, Stopping threads took: 0.0002787 seconds
[2022-06-13T01:51:11.647+0000][1][safepoint    ] Application time: 0.0003054 seconds
[2022-06-13T01:51:11.647+0000][1][safepoint    ] Entering safepoint region: RevokeBias
[2022-06-13T01:51:11.648+0000][1][safepoint    ] Leaving safepoint region
[2022-06-13T01:51:11.648+0000][1][safepoint    ] Total time for which application threads were stopped: 0.0008011 seconds, Stopping threads took: 0.0003532 seconds
[2022-06-13T01:51:11.648+0000][1][safepoint    ] Application time: 0.0001859 seconds
[2022-06-13T01:51:11.649+0000][1][safepoint    ] Entering safepoint region: RevokeBias
[2022-06-13T01:51:11.649+0000][1][safepoint    ] Leaving safepoint region
[2022-06-13T01:51:11.650+0000][1][safepoint    ] Total time for which application threads were stopped: 0.0010828 seconds, Stopping threads took: 0.0001906 seconds
[2022-06-13T01:51:11.650+0000][1][safepoint    ] Application time: 0.0001231 seconds
[2022-06-13T01:51:11.651+0000][1][safepoint    ] Entering safepoint region: RevokeBias
[2022-06-13T01:51:11.651+0000][1][safepoint    ] Leaving safepoint region
[2022-06-13T01:51:11.651+0000][1][safepoint    ] Total time for which application threads were stopped: 0.0009570 seconds, Stopping threads took: 0.0004935 seconds
[2022-06-13T01:51:11.652+0000][1][safepoint    ] Application time: 0.0002912 seconds
[2022-06-13T01:51:11.652+0000][1][safepoint    ] Entering safepoint region: RevokeBias
[2022-06-13T01:51:11.653+0000][1][safepoint    ] Leaving safepoint region
[2022-06-13T01:51:11.653+0000][1][safepoint    ] Total time for which application threads were stopped: 0.0010007 seconds, Stopping threads took: 0.0002390 seconds
[2022-06-13T01:51:11.654+0000][1][safepoint    ] Application time: 0.0001580 seconds
[2022-06-13T01:51:11.654+0000][1][safepoint    ] Entering safepoint region: RevokeBias
[2022-06-13T01:51:11.654+0000][1][safepoint    ] Leaving safepoint region
[2022-06-13T01:51:11.655+0000][1][safepoint    ] Total time for which application threads were stopped: 0.0006267 seconds, Stopping threads took: 0.0002690 seconds
[2022-06-13T01:51:11.655+0000][1][safepoint    ] Application time: 0.0002955 seconds
[2022-06-13T01:51:11.656+0000][1][safepoint    ] Entering safepoint region: RevokeBias
[2022-06-13T01:51:11.656+0000][1][safepoint    ] Leaving safepoint region
[2022-06-13T01:51:11.656+0000][1][safepoint    ] Total time for which application threads were stopped: 0.0007034 seconds, Stopping threads took: 0.0003449 seconds
[2022-06-13T01:51:11.657+0000][1][safepoint    ] Application time: 0.0001731 seconds
[2022-06-13T01:51:11.657+0000][1][safepoint    ] Entering safepoint region: RevokeBias
[2022-06-13T01:51:11.658+0000][1][safepoint    ] Leaving safepoint region
[2022-06-13T01:51:11.658+0000][1][safepoint    ] Total time for which application threads were stopped: 0.0008595 seconds, Stopping threads took: 0.0005432 seconds
[2022-06-13T01:51:12.196+0000][1][safepoint    ] Application time: 0.5375787 seconds
[2022-06-13T01:51:12.196+0000][1][safepoint    ] Entering safepoint region: Deoptimize
[2022-06-13T01:51:12.197+0000][1][safepoint    ] Leaving safepoint region
[2022-06-13T01:51:12.198+0000][1][safepoint    ] Total time for which application threads were stopped: 0.0015208 seconds, Stopping threads took: 0.0003182 seconds
[2022-06-13T01:51:12.498+0000][1][safepoint    ] Application time: 0.3000417 seconds
[2022-06-13T01:51:12.499+0000][1][safepoint    ] Entering safepoint region: RevokeBias
[2022-06-13T01:51:12.500+0000][1][safepoint    ] Leaving safepoint region
[2022-06-13T01:51:12.500+0000][1][safepoint    ] Total time for which application threads were stopped: 0.0009201 seconds, Stopping threads took: 0.0004787 seconds
[2022-06-13T01:51:12.699+0000][1][safepoint    ] Application time: 0.1987025 seconds
[2022-06-13T01:51:12.700+0000][1][safepoint    ] Entering safepoint region: RevokeBias
[2022-06-13T01:51:12.700+0000][1][safepoint    ] Leaving safepoint region
[2022-06-13T01:51:12.701+0000][1][safepoint    ] Total time for which application threads were stopped: 0.0012236 seconds, Stopping threads took: 0.0007721 seconds
[2022-06-13T01:51:12.713+0000][1][safepoint    ] Application time: 0.0122237 seconds
[2022-06-13T01:51:12.714+0000][1][safepoint    ] Entering safepoint region: RevokeBias
[2022-06-13T01:51:12.714+0000][1][safepoint    ] Leaving safepoint region
[2022-06-13T01:51:12.715+0000][1][safepoint    ] Total time for which application threads were stopped: 0.0010021 seconds, Stopping threads took: 0.0005727 seconds
[2022-06-13T01:51:12.753+0000][1][safepoint    ] Application time: 0.0379233 seconds
[2022-06-13T01:51:12.753+0000][1][safepoint    ] Entering safepoint region: GenCollectForAllocation
[2022-06-13T01:51:12.754+0000][1][gc,start     ] GC(1) Pause Young (Allocation Failure)
[2022-06-13T01:51:12.754+0000][1][gc,task      ] GC(1) Using 5 workers of 13 for evacuation
[2022-06-13T01:51:12.804+0000][1][gc,age       ] GC(1) Desired survivor size 4456448 bytes, new threshold 6 (max threshold 6)
[2022-06-13T01:51:12.804+0000][1][gc,age       ] GC(1) Age table with threshold 6 (max threshold 6)
[2022-06-13T01:51:12.805+0000][1][gc,age       ] GC(1) - age   1:    1962856 bytes,    1962856 total
[2022-06-13T01:51:12.805+0000][1][gc,heap      ] GC(1) ParNew: 78006K->5363K(78656K)
[2022-06-13T01:51:12.805+0000][1][gc,heap      ] GC(1) CMS: 0K->6679K(174784K)
[2022-06-13T01:51:12.806+0000][1][gc,metaspace ] GC(1) Metaspace: 14945K->14945K(1062912K)
[2022-06-13T01:51:12.807+0000][1][gc           ] GC(1) Pause Young (Allocation Failure) 76M->11M(247M) 52.623ms
[2022-06-13T01:51:12.808+0000][1][gc,cpu       ] GC(1) User=0.20s Sys=0.01s Real=0.05s
[2022-06-13T01:51:12.809+0000][1][safepoint    ] Leaving safepoint region
[2022-06-13T01:51:12.810+0000][1][safepoint    ] Total time for which application threads were stopped: 0.0561613 seconds, Stopping threads took: 0.0003340 seconds
[2022-06-13T01:51:12.811+0000][1][safepoint    ] Application time: 0.0006316 seconds
[2022-06-13T01:51:12.813+0000][1][safepoint    ] Entering safepoint region: BulkRevokeBias
[2022-06-13T01:51:12.813+0000][1][safepoint    ] Leaving safepoint region
[2022-06-13T01:51:12.813+0000][1][safepoint    ] Total time for which application threads were stopped: 0.0013502 seconds, Stopping threads took: 0.0007760 seconds
[2022-06-13T01:51:12.814+0000][1][safepoint    ] Application time: 0.0003266 seconds
[2022-06-13T01:51:12.814+0000][1][safepoint    ] Entering safepoint region: RevokeBias
[2022-06-13T01:51:12.815+0000][1][safepoint    ] Leaving safepoint region
[2022-06-13T01:51:12.815+0000][1][safepoint    ] Total time for which application threads were stopped: 0.0008091 seconds, Stopping threads took: 0.0005068 seconds
[2022-06-13T01:51:12.816+0000][1][safepoint    ] Application time: 0.0005234 seconds
[2022-06-13T01:51:12.816+0000][1][safepoint    ] Entering safepoint region: RevokeBias
[2022-06-13T01:51:12.817+0000][1][safepoint    ] Leaving safepoint region
[2022-06-13T01:51:12.817+0000][1][safepoint    ] Total time for which application threads were stopped: 0.0009884 seconds, Stopping threads took: 0.0004840 seconds
[2022-06-13T01:51:12.818+0000][1][safepoint    ] Application time: 0.0003440 seconds
[2022-06-13T01:51:12.818+0000][1][safepoint    ] Entering safepoint region: RevokeBias
[2022-06-13T01:51:12.819+0000][1][safepoint    ] Leaving safepoint region
[2022-06-13T01:51:12.819+0000][1][safepoint    ] Total time for which application threads were stopped: 0.0009069 seconds, Stopping threads took: 0.0005187 seconds
[2022-06-13T01:51:12.821+0000][1][safepoint    ] Application time: 0.0005325 seconds
[2022-06-13T01:51:12.821+0000][1][safepoint    ] Entering safepoint region: RevokeBias
[2022-06-13T01:51:12.821+0000][1][safepoint    ] Leaving safepoint region
[2022-06-13T01:51:12.822+0000][1][safepoint    ] Total time for which application threads were stopped: 0.0008630 seconds, Stopping threads took: 0.0003842 seconds
[2022-06-13T01:51:12.822+0000][1][safepoint    ] Application time: 0.0002027 seconds
[2022-06-13T01:51:12.823+0000][1][safepoint    ] Entering safepoint region: RevokeBias
[2022-06-13T01:51:12.823+0000][1][safepoint    ] Leaving safepoint region
[2022-06-13T01:51:12.823+0000][1][safepoint    ] Total time for which application threads were stopped: 0.0007498 seconds, Stopping threads took: 0.0003880 seconds
[2022-06-13T01:51:12.824+0000][1][safepoint    ] Application time: 0.0001597 seconds
[2022-06-13T01:51:12.824+0000][1][safepoint    ] Entering safepoint region: RevokeBias
[2022-06-13T01:51:12.824+0000][1][safepoint    ] Leaving safepoint region
[2022-06-13T01:51:12.825+0000][1][safepoint    ] Total time for which application threads were stopped: 0.0005918 seconds, Stopping threads took: 0.0002276 seconds
[2022-06-13T01:51:12.825+0000][1][safepoint    ] Application time: 0.0001724 seconds
[2022-06-13T01:51:12.826+0000][1][safepoint    ] Entering safepoint region: RevokeBias
[2022-06-13T01:51:12.826+0000][1][safepoint    ] Leaving safepoint region
[2022-06-13T01:51:12.827+0000][1][safepoint    ] Total time for which application threads were stopped: 0.0013090 seconds, Stopping threads took: 0.0005119 seconds
[2022-06-13T01:51:12.828+0000][1][safepoint    ] Application time: 0.0002316 seconds
[2022-06-13T01:51:12.828+0000][1][safepoint    ] Entering safepoint region: RevokeBias
[2022-06-13T01:51:12.828+0000][1][safepoint    ] Leaving safepoint region
[2022-06-13T01:51:12.829+0000][1][safepoint    ] Total time for which application threads were stopped: 0.0007096 seconds, Stopping threads took: 0.0003550 seconds
[2022-06-13T01:51:12.829+0000][1][safepoint    ] Application time: 0.0001867 seconds
[2022-06-13T01:51:12.829+0000][1][safepoint    ] Entering safepoint region: RevokeBias
[2022-06-13T01:51:12.830+0000][1][safepoint    ] Leaving safepoint region
[2022-06-13T01:51:12.831+0000][1][safepoint    ] Total time for which application threads were stopped: 0.0012754 seconds, Stopping threads took: 0.0006755 seconds
[2022-06-13T01:51:12.831+0000][1][safepoint    ] Application time: 0.0003388 seconds
[2022-06-13T01:51:12.832+0000][1][safepoint    ] Entering safepoint region: BulkRevokeBias
[2022-06-13T01:51:12.832+0000][1][safepoint    ] Leaving safepoint region
[2022-06-13T01:51:12.833+0000][1][safepoint    ] Total time for which application threads were stopped: 0.0011649 seconds, Stopping threads took: 0.0004670 seconds
[2022-06-13T01:51:12.833+0000][1][safepoint    ] Application time: 0.0002252 seconds
[2022-06-13T01:51:12.834+0000][1][safepoint    ] Entering safepoint region: RevokeBias
[2022-06-13T01:51:12.834+0000][1][safepoint    ] Leaving safepoint region
[2022-06-13T01:51:12.834+0000][1][safepoint    ] Total time for which application threads were stopped: 0.0007437 seconds, Stopping threads took: 0.0002827 seconds
[2022-06-13T01:51:12.835+0000][1][safepoint    ] Application time: 0.0001649 seconds
[2022-06-13T01:51:12.835+0000][1][safepoint    ] Entering safepoint region: BulkRevokeBias
[2022-06-13T01:51:12.836+0000][1][safepoint    ] Leaving safepoint region
[2022-06-13T01:51:12.836+0000][1][safepoint    ] Total time for which application threads were stopped: 0.0009773 seconds, Stopping threads took: 0.0005223 seconds
[2022-06-13T01:51:13.069+0000][1][safepoint    ] Application time: 0.2330695 seconds
[2022-06-13T01:51:13.079+0000][1][safepoint    ] Entering safepoint region: GenCollectForAllocation
[2022-06-13T01:51:13.080+0000][1][gc,start     ] GC(2) Pause Young (Allocation Failure)
[2022-06-13T01:51:13.080+0000][1][gc,task      ] GC(2) Using 5 workers of 13 for evacuation
[2022-06-13T01:51:13.086+0000][1][gc,age       ] GC(2) Desired survivor size 4456448 bytes, new threshold 6 (max threshold 6)
[2022-06-13T01:51:13.087+0000][1][gc,age       ] GC(2) Age table with threshold 6 (max threshold 6)
[2022-06-13T01:51:13.087+0000][1][gc,age       ] GC(2) - age   1:    2581112 bytes,    2581112 total
[2022-06-13T01:51:13.087+0000][1][gc,age       ] GC(2) - age   2:    1180112 bytes,    3761224 total
[2022-06-13T01:51:13.088+0000][1][gc,heap      ] GC(2) ParNew: 75315K->5096K(78656K)
[2022-06-13T01:51:13.088+0000][1][gc,heap      ] GC(2) CMS: 6679K->6679K(174784K)
[2022-06-13T01:51:13.088+0000][1][gc,metaspace ] GC(2) Metaspace: 15084K->15084K(1062912K)
[2022-06-13T01:51:13.089+0000][1][gc           ] GC(2) Pause Young (Allocation Failure) 80M->11M(247M) 8.760ms
[2022-06-13T01:51:13.089+0000][1][gc,cpu       ] GC(2) User=0.02s Sys=0.01s Real=0.00s
[2022-06-13T01:51:13.089+0000][1][safepoint    ] Leaving safepoint region
[2022-06-13T01:51:13.089+0000][1][safepoint    ] Total time for which application threads were stopped: 0.0103043 seconds, Stopping threads took: 0.0004652 seconds
[2022-06-13T01:51:13.090+0000][1][safepoint    ] Application time: 0.0003434 seconds
[2022-06-13T01:51:13.092+0000][1][safepoint    ] Entering safepoint region: RevokeBias
[2022-06-13T01:51:13.092+0000][1][safepoint    ] Leaving safepoint region
[2022-06-13T01:51:13.093+0000][1][safepoint    ] Total time for which application threads were stopped: 0.0014090 seconds, Stopping threads took: 0.0005730 seconds
[2022-06-13T01:51:13.094+0000][1][safepoint    ] Application time: 0.0001418 seconds
[2022-06-13T01:51:13.094+0000][1][safepoint    ] Entering safepoint region: RevokeBias
[2022-06-13T01:51:13.095+0000][1][safepoint    ] Leaving safepoint region
[2022-06-13T01:51:13.095+0000][1][safepoint    ] Total time for which application threads were stopped: 0.0010077 seconds, Stopping threads took: 0.0003486 seconds
[2022-06-13T01:51:13.095+0000][1][safepoint    ] Application time: 0.0001752 seconds
[2022-06-13T01:51:13.096+0000][1][safepoint    ] Entering safepoint region: RevokeBias
[2022-06-13T01:51:13.096+0000][1][safepoint    ] Leaving safepoint region
[2022-06-13T01:51:13.097+0000][1][safepoint    ] Total time for which application threads were stopped: 0.0009484 seconds, Stopping threads took: 0.0006414 seconds
[2022-06-13T01:51:13.097+0000][1][safepoint    ] Application time: 0.0001602 seconds
[2022-06-13T01:51:13.098+0000][1][safepoint    ] Entering safepoint region: RevokeBias
[2022-06-13T01:51:13.098+0000][1][safepoint    ] Leaving safepoint region
[2022-06-13T01:51:13.099+0000][1][safepoint    ] Total time for which application threads were stopped: 0.0008095 seconds, Stopping threads took: 0.0003998 seconds
[2022-06-13T01:51:13.099+0000][1][safepoint    ] Application time: 0.0002825 seconds
[2022-06-13T01:51:13.100+0000][1][safepoint    ] Entering safepoint region: RevokeBias
[2022-06-13T01:51:13.106+0000][1][safepoint    ] Leaving safepoint region
[2022-06-13T01:51:13.107+0000][1][safepoint    ] Total time for which application threads were stopped: 0.0075505 seconds, Stopping threads took: 0.0010222 seconds
[2022-06-13T01:51:13.110+0000][1][safepoint    ] Application time: 0.0001794 seconds
[2022-06-13T01:51:13.119+0000][1][safepoint    ] Entering safepoint region: RevokeBias
[2022-06-13T01:51:13.128+0000][1][safepoint    ] Leaving safepoint region
[2022-06-13T01:51:13.129+0000][1][safepoint    ] Total time for which application threads were stopped: 0.0103404 seconds, Stopping threads took: 0.0085459 seconds
[2022-06-13T01:51:13.371+0000][1][safepoint    ] Application time: 0.2404358 seconds
[2022-06-13T01:51:13.371+0000][1][safepoint    ] Entering safepoint region: Deoptimize
[2022-06-13T01:51:13.372+0000][1][safepoint    ] Leaving safepoint region
[2022-06-13T01:51:13.372+0000][1][safepoint    ] Total time for which application threads were stopped: 0.0009213 seconds, Stopping threads took: 0.0002174 seconds
[2022-06-13T01:51:13.373+0000][1][safepoint    ] Application time: 0.0005315 seconds
[2022-06-13T01:51:13.373+0000][1][safepoint    ] Entering safepoint region: Deoptimize
[2022-06-13T01:51:13.374+0000][1][safepoint    ] Leaving safepoint region
[2022-06-13T01:51:13.374+0000][1][safepoint    ] Total time for which application threads were stopped: 0.0013065 seconds, Stopping threads took: 0.0001676 seconds
[2022-06-13T01:51:13.813+0000][1][safepoint    ] Application time: 0.4383844 seconds
[2022-06-13T01:51:13.819+0000][1][safepoint    ] Entering safepoint region: GenCollectForAllocation
[2022-06-13T01:51:13.827+0000][1][gc,start     ] GC(3) Pause Young (Allocation Failure)
[2022-06-13T01:51:13.828+0000][1][gc,task      ] GC(3) Using 5 workers of 13 for evacuation
[2022-06-13T01:51:13.837+0000][1][gc,age       ] GC(3) Desired survivor size 4456448 bytes, new threshold 3 (max threshold 6)
[2022-06-13T01:51:13.837+0000][1][gc,age       ] GC(3) Age table with threshold 3 (max threshold 6)
[2022-06-13T01:51:13.838+0000][1][gc,age       ] GC(3) - age   1:    3254912 bytes,    3254912 total
[2022-06-13T01:51:13.838+0000][1][gc,age       ] GC(3) - age   2:     294632 bytes,    3549544 total
[2022-06-13T01:51:13.839+0000][1][gc,age       ] GC(3) - age   3:    1176856 bytes,    4726400 total
[2022-06-13T01:51:13.839+0000][1][gc,heap      ] GC(3) ParNew: 75048K->7323K(78656K)
[2022-06-13T01:51:13.839+0000][1][gc,heap      ] GC(3) CMS: 6679K->6679K(174784K)
[2022-06-13T01:51:13.840+0000][1][gc,metaspace ] GC(3) Metaspace: 18419K->18419K(1067008K)
[2022-06-13T01:51:13.840+0000][1][gc           ] GC(3) Pause Young (Allocation Failure) 79M->13M(247M) 12.536ms
[2022-06-13T01:51:13.840+0000][1][gc,cpu       ] GC(3) User=0.06s Sys=0.00s Real=0.02s
[2022-06-13T01:51:13.841+0000][1][safepoint    ] Leaving safepoint region
[2022-06-13T01:51:13.841+0000][1][safepoint    ] Total time for which application threads were stopped: 0.0215073 seconds, Stopping threads took: 0.0078995 seconds
[2022-06-13T01:51:13.841+0000][1][safepoint    ] Application time: 0.0002921 seconds
[2022-06-13T01:51:13.851+0000][1][safepoint    ] Entering safepoint region: RevokeBias
[2022-06-13T01:51:13.852+0000][1][safepoint    ] Leaving safepoint region
[2022-06-13T01:51:13.852+0000][1][safepoint    ] Total time for which application threads were stopped: 0.0009999 seconds, Stopping threads took: 0.0003931 seconds
[2022-06-13T01:51:13.852+0000][1][safepoint    ] Application time: 0.0002243 seconds
[2022-06-13T01:51:13.853+0000][1][safepoint    ] Entering safepoint region: RevokeBias
[2022-06-13T01:51:13.853+0000][1][safepoint    ] Leaving safepoint region
[2022-06-13T01:51:13.854+0000][1][safepoint    ] Total time for which application threads were stopped: 0.0007922 seconds, Stopping threads took: 0.0003994 seconds
[2022-06-13T01:51:13.854+0000][1][safepoint    ] Application time: 0.0001891 seconds
[2022-06-13T01:51:13.854+0000][1][safepoint    ] Entering safepoint region: RevokeBias
[2022-06-13T01:51:13.855+0000][1][safepoint    ] Leaving safepoint region
[2022-06-13T01:51:13.855+0000][1][safepoint    ] Total time for which application threads were stopped: 0.0005568 seconds, Stopping threads took: 0.0002214 seconds
[2022-06-13T01:51:13.855+0000][1][safepoint    ] Application time: 0.0001605 seconds
[2022-06-13T01:51:13.855+0000][1][safepoint    ] Entering safepoint region: RevokeBias
[2022-06-13T01:51:13.856+0000][1][safepoint    ] Leaving safepoint region
[2022-06-13T01:51:13.856+0000][1][safepoint    ] Total time for which application threads were stopped: 0.0007865 seconds, Stopping threads took: 0.0002237 seconds
[2022-06-13T01:51:13.857+0000][1][safepoint    ] Application time: 0.0001412 seconds
[2022-06-13T01:51:13.857+0000][1][safepoint    ] Entering safepoint region: RevokeBias
[2022-06-13T01:51:13.857+0000][1][safepoint    ] Leaving safepoint region
[2022-06-13T01:51:13.858+0000][1][safepoint    ] Total time for which application threads were stopped: 0.0006720 seconds, Stopping threads took: 0.0002691 seconds
[2022-06-13T01:51:13.858+0000][1][safepoint    ] Application time: 0.0001331 seconds
[2022-06-13T01:51:13.858+0000][1][safepoint    ] Entering safepoint region: RevokeBias
[2022-06-13T01:51:13.859+0000][1][safepoint    ] Leaving safepoint region
[2022-06-13T01:51:13.860+0000][1][safepoint    ] Total time for which application threads were stopped: 0.0013184 seconds, Stopping threads took: 0.0002450 seconds
[2022-06-13T01:51:13.860+0000][1][safepoint    ] Application time: 0.0001393 seconds
[2022-06-13T01:51:13.862+0000][1][safepoint    ] Entering safepoint region: RevokeBias
[2022-06-13T01:51:13.862+0000][1][safepoint    ] Leaving safepoint region
[2022-06-13T01:51:13.864+0000][1][safepoint    ] Total time for which application threads were stopped: 0.0019177 seconds, Stopping threads took: 0.0004372 seconds
[2022-06-13T01:51:13.864+0000][1][safepoint    ] Application time: 0.0000468 seconds
[2022-06-13T01:51:13.865+0000][1][safepoint    ] Entering safepoint region: RevokeBias
[2022-06-13T01:51:13.865+0000][1][safepoint    ] Leaving safepoint region
[2022-06-13T01:51:13.868+0000][1][safepoint    ] Total time for which application threads were stopped: 0.0034180 seconds, Stopping threads took: 0.0002774 seconds
[2022-06-13T01:51:13.870+0000][1][safepoint    ] Application time: 0.0001486 seconds
[2022-06-13T01:51:13.872+0000][1][safepoint    ] Entering safepoint region: RevokeBias
[2022-06-13T01:51:13.877+0000][1][safepoint    ] Leaving safepoint region
[2022-06-13T01:51:13.878+0000][1][safepoint    ] Total time for which application threads were stopped: 0.0060612 seconds, Stopping threads took: 0.0050086 seconds
[2022-06-13T01:51:13.879+0000][1][safepoint    ] Application time: 0.0009776 seconds
[2022-06-13T01:51:13.881+0000][1][safepoint    ] Entering safepoint region: RevokeBias
[2022-06-13T01:51:13.882+0000][1][safepoint    ] Leaving safepoint region
[2022-06-13T01:51:13.882+0000][1][safepoint    ] Total time for which application threads were stopped: 0.0018497 seconds, Stopping threads took: 0.0013745 seconds
[2022-06-13T01:51:13.885+0000][1][safepoint    ] Application time: 0.0002107 seconds
[2022-06-13T01:51:13.885+0000][1][safepoint    ] Entering safepoint region: RevokeBias
[2022-06-13T01:51:13.887+0000][1][safepoint    ] Leaving safepoint region
[2022-06-13T01:51:13.888+0000][1][safepoint    ] Total time for which application threads were stopped: 0.0030878 seconds, Stopping threads took: 0.0023791 seconds
[2022-06-13T01:51:13.890+0000][1][safepoint    ] Application time: 0.0022444 seconds
[2022-06-13T01:51:13.899+0000][1][safepoint    ] Entering safepoint region: RevokeBias
[2022-06-13T01:51:13.909+0000][1][safepoint    ] Leaving safepoint region
[2022-06-13T01:51:13.912+0000][1][safepoint    ] Total time for which application threads were stopped: 0.0130816 seconds, Stopping threads took: 0.0099992 seconds
[2022-06-13T01:51:13.913+0000][1][safepoint    ] Application time: 0.0001741 seconds
[2022-06-13T01:51:13.914+0000][1][safepoint    ] Entering safepoint region: RevokeBias
[2022-06-13T01:51:13.914+0000][1][safepoint    ] Leaving safepoint region
[2022-06-13T01:51:13.914+0000][1][safepoint    ] Total time for which application threads were stopped: 0.0006703 seconds, Stopping threads took: 0.0003009 seconds
[2022-06-13T01:51:13.915+0000][1][safepoint    ] Application time: 0.0000707 seconds
[2022-06-13T01:51:13.915+0000][1][safepoint    ] Entering safepoint region: RevokeBias
[2022-06-13T01:51:13.915+0000][1][safepoint    ] Leaving safepoint region
[2022-06-13T01:51:13.916+0000][1][safepoint    ] Total time for which application threads were stopped: 0.0006257 seconds, Stopping threads took: 0.0002813 seconds
[2022-06-13T01:51:13.916+0000][1][safepoint    ] Application time: 0.0000494 seconds
[2022-06-13T01:51:13.917+0000][1][safepoint    ] Entering safepoint region: RevokeBias
[2022-06-13T01:51:13.918+0000][1][safepoint    ] Leaving safepoint region
[2022-06-13T01:51:13.918+0000][1][safepoint    ] Total time for which application threads were stopped: 0.0013036 seconds, Stopping threads took: 0.0003842 seconds
[2022-06-13T01:51:13.919+0000][1][safepoint    ] Application time: 0.0000923 seconds
[2022-06-13T01:51:13.919+0000][1][safepoint    ] Entering safepoint region: RevokeBias
[2022-06-13T01:51:13.920+0000][1][safepoint    ] Leaving safepoint region
[2022-06-13T01:51:13.921+0000][1][safepoint    ] Total time for which application threads were stopped: 0.0021815 seconds, Stopping threads took: 0.0003184 seconds
[2022-06-13T01:51:13.922+0000][1][safepoint    ] Application time: 0.0001935 seconds
[2022-06-13T01:51:13.923+0000][1][safepoint    ] Entering safepoint region: RevokeBias
[2022-06-13T01:51:13.923+0000][1][safepoint    ] Leaving safepoint region
[2022-06-13T01:51:13.924+0000][1][safepoint    ] Total time for which application threads were stopped: 0.0013108 seconds, Stopping threads took: 0.0002761 seconds
[2022-06-13T01:51:13.925+0000][1][safepoint    ] Application time: 0.0005962 seconds
[2022-06-13T01:51:13.927+0000][1][safepoint    ] Entering safepoint region: RevokeBias
[2022-06-13T01:51:13.929+0000][1][safepoint    ] Leaving safepoint region
[2022-06-13T01:51:13.930+0000][1][safepoint    ] Total time for which application threads were stopped: 0.0034493 seconds, Stopping threads took: 0.0019950 seconds
[2022-06-13T01:51:13.949+0000][1][safepoint    ] Application time: 0.0177381 seconds
[2022-06-13T01:51:13.950+0000][1][safepoint    ] Entering safepoint region: RevokeBias
[2022-06-13T01:51:13.950+0000][1][safepoint    ] Leaving safepoint region
[2022-06-13T01:51:13.951+0000][1][safepoint    ] Total time for which application threads were stopped: 0.0010623 seconds, Stopping threads took: 0.0006227 seconds
[2022-06-13T01:51:13.951+0000][1][safepoint    ] Application time: 0.0001948 seconds
[2022-06-13T01:51:13.953+0000][1][safepoint    ] Entering safepoint region: RevokeBias
[2022-06-13T01:51:13.953+0000][1][safepoint    ] Leaving safepoint region
[2022-06-13T01:51:13.953+0000][1][safepoint    ] Total time for which application threads were stopped: 0.0006626 seconds, Stopping threads took: 0.0002999 seconds
[2022-06-13T01:51:13.954+0000][1][safepoint    ] Application time: 0.0001703 seconds
[2022-06-13T01:51:13.955+0000][1][safepoint    ] Entering safepoint region: RevokeBias
[2022-06-13T01:51:13.955+0000][1][safepoint    ] Leaving safepoint region
[2022-06-13T01:51:13.955+0000][1][safepoint    ] Total time for which application threads were stopped: 0.0007038 seconds, Stopping threads took: 0.0004293 seconds
[2022-06-13T01:51:14.190+0000][1][safepoint    ] Application time: 0.2349555 seconds
[2022-06-13T01:51:14.192+0000][1][safepoint    ] Entering safepoint region: GenCollectForAllocation
[2022-06-13T01:51:14.194+0000][1][gc,start     ] GC(4) Pause Young (Allocation Failure)
[2022-06-13T01:51:14.195+0000][1][gc,task      ] GC(4) Using 5 workers of 13 for evacuation
[2022-06-13T01:51:14.206+0000][1][gc,age       ] GC(4) Desired survivor size 4456448 bytes, new threshold 2 (max threshold 6)
[2022-06-13T01:51:14.207+0000][1][gc,age       ] GC(4) Age table with threshold 2 (max threshold 6)
[2022-06-13T01:51:14.207+0000][1][gc,age       ] GC(4) - age   1:    1520560 bytes,    1520560 total
[2022-06-13T01:51:14.208+0000][1][gc,age       ] GC(4) - age   2:    3219176 bytes,    4739736 total
[2022-06-13T01:51:14.208+0000][1][gc,age       ] GC(4) - age   3:     294104 bytes,    5033840 total
[2022-06-13T01:51:14.208+0000][1][gc,heap      ] GC(4) ParNew: 77275K->8135K(78656K)
[2022-06-13T01:51:14.209+0000][1][gc,heap      ] GC(4) CMS: 6679K->7850K(174784K)
[2022-06-13T01:51:14.209+0000][1][gc,metaspace ] GC(4) Metaspace: 18728K->18728K(1067008K)
[2022-06-13T01:51:14.216+0000][1][gc           ] GC(4) Pause Young (Allocation Failure) 81M->15M(247M) 21.744ms
[2022-06-13T01:51:14.217+0000][1][gc,cpu       ] GC(4) User=0.02s Sys=0.00s Real=0.02s
[2022-06-13T01:51:14.219+0000][1][safepoint    ] Leaving safepoint region
[2022-06-13T01:51:14.219+0000][1][safepoint    ] Total time for which application threads were stopped: 0.0281599 seconds, Stopping threads took: 0.0031146 seconds
[2022-06-13T01:51:14.230+0000][1][safepoint    ] Application time: 0.0104368 seconds
[2022-06-13T01:51:14.234+0000][1][safepoint    ] Entering safepoint region: RevokeBias
[2022-06-13T01:51:14.235+0000][1][safepoint    ] Leaving safepoint region
[2022-06-13T01:51:14.235+0000][1][safepoint    ] Total time for which application threads were stopped: 0.0010279 seconds, Stopping threads took: 0.0006543 seconds
[2022-06-13T01:51:14.236+0000][1][safepoint    ] Application time: 0.0001772 seconds
[2022-06-13T01:51:14.237+0000][1][safepoint    ] Entering safepoint region: RevokeBias
[2022-06-13T01:51:14.237+0000][1][safepoint    ] Leaving safepoint region
[2022-06-13T01:51:14.238+0000][1][safepoint    ] Total time for which application threads were stopped: 0.0013165 seconds, Stopping threads took: 0.0008909 seconds
[2022-06-13T01:51:14.238+0000][1][safepoint    ] Application time: 0.0001040 seconds
[2022-06-13T01:51:14.239+0000][1][safepoint    ] Entering safepoint region: RevokeBias
[2022-06-13T01:51:14.239+0000][1][safepoint    ] Leaving safepoint region
[2022-06-13T01:51:14.240+0000][1][safepoint    ] Total time for which application threads were stopped: 0.0009523 seconds, Stopping threads took: 0.0003694 seconds
[2022-06-13T01:51:14.249+0000][1][safepoint    ] Application time: 0.0094194 seconds
[2022-06-13T01:51:14.250+0000][1][safepoint    ] Entering safepoint region: RevokeBias
[2022-06-13T01:51:14.252+0000][1][safepoint    ] Leaving safepoint region
[2022-06-13T01:51:14.252+0000][1][safepoint    ] Total time for which application threads were stopped: 0.0027502 seconds, Stopping threads took: 0.0019525 seconds
[2022-06-13T01:51:14.269+0000][1][safepoint    ] Application time: 0.0167010 seconds
[2022-06-13T01:51:14.270+0000][1][safepoint    ] Entering safepoint region: Deoptimize
[2022-06-13T01:51:14.271+0000][1][safepoint    ] Leaving safepoint region
[2022-06-13T01:51:14.271+0000][1][safepoint    ] Total time for which application threads were stopped: 0.0010484 seconds, Stopping threads took: 0.0002614 seconds
[2022-06-13T01:51:14.365+0000][1][safepoint    ] Application time: 0.0936498 seconds
[2022-06-13T01:51:14.368+0000][1][safepoint    ] Entering safepoint region: Deoptimize
[2022-06-13T01:51:14.368+0000][1][safepoint    ] Leaving safepoint region
[2022-06-13T01:51:14.370+0000][1][safepoint    ] Total time for which application threads were stopped: 0.0052833 seconds, Stopping threads took: 0.0028755 seconds
[2022-06-13T01:51:14.573+0000][1][safepoint    ] Application time: 0.2009058 seconds
[2022-06-13T01:51:14.574+0000][1][safepoint    ] Entering safepoint region: GenCollectForAllocation
[2022-06-13T01:51:14.574+0000][1][gc,start     ] GC(5) Pause Young (Allocation Failure)
[2022-06-13T01:51:14.588+0000][1][gc,task      ] GC(5) Using 5 workers of 13 for evacuation
[2022-06-13T01:51:14.610+0000][1][gc,age       ] GC(5) Desired survivor size 4456448 bytes, new threshold 6 (max threshold 6)
[2022-06-13T01:51:14.610+0000][1][gc,age       ] GC(5) Age table with threshold 6 (max threshold 6)
[2022-06-13T01:51:14.610+0000][1][gc,age       ] GC(5) - age   1:    2231288 bytes,    2231288 total
[2022-06-13T01:51:14.611+0000][1][gc,age       ] GC(5) - age   2:     551784 bytes,    2783072 total
[2022-06-13T01:51:14.611+0000][1][gc,heap      ] GC(5) ParNew: 78087K->4703K(78656K)
[2022-06-13T01:51:14.611+0000][1][gc,heap      ] GC(5) CMS: 7850K->11312K(174784K)
[2022-06-13T01:51:14.612+0000][1][gc,metaspace ] GC(5) Metaspace: 19091K->19091K(1067008K)
[2022-06-13T01:51:14.620+0000][1][gc           ] GC(5) Pause Young (Allocation Failure) 83M->15M(247M) 45.627ms
[2022-06-13T01:51:14.621+0000][1][gc,cpu       ] GC(5) User=0.04s Sys=0.00s Real=0.05s
[2022-06-13T01:51:14.621+0000][1][safepoint    ] Leaving safepoint region
[2022-06-13T01:51:14.622+0000][1][safepoint    ] Total time for which application threads were stopped: 0.0477999 seconds, Stopping threads took: 0.0002766 seconds
[2022-06-13T01:51:14.622+0000][1][safepoint    ] Application time: 0.0003208 seconds
[2022-06-13T01:51:14.623+0000][1][safepoint    ] Entering safepoint region: RevokeBias
[2022-06-13T01:51:14.623+0000][1][safepoint    ] Leaving safepoint region
[2022-06-13T01:51:14.623+0000][1][safepoint    ] Total time for which application threads were stopped: 0.0009683 seconds, Stopping threads took: 0.0005499 seconds
[2022-06-13T01:51:14.624+0000][1][safepoint    ] Application time: 0.0001670 seconds
[2022-06-13T01:51:14.624+0000][1][safepoint    ] Entering safepoint region: RevokeBias
[2022-06-13T01:51:14.625+0000][1][safepoint    ] Leaving safepoint region
[2022-06-13T01:51:14.625+0000][1][safepoint    ] Total time for which application threads were stopped: 0.0006831 seconds, Stopping threads took: 0.0003324 seconds
[2022-06-13T01:51:14.625+0000][1][safepoint    ] Application time: 0.0001488 seconds
[2022-06-13T01:51:14.626+0000][1][safepoint    ] Entering safepoint region: RevokeBias
[2022-06-13T01:51:14.626+0000][1][safepoint    ] Leaving safepoint region
[2022-06-13T01:51:14.626+0000][1][safepoint    ] Total time for which application threads were stopped: 0.0006857 seconds, Stopping threads took: 0.0002883 seconds
[2022-06-13T01:51:14.627+0000][1][safepoint    ] Application time: 0.0003199 seconds
[2022-06-13T01:51:14.628+0000][1][safepoint    ] Entering safepoint region: RevokeBias
[2022-06-13T01:51:14.628+0000][1][safepoint    ] Leaving safepoint region
[2022-06-13T01:51:14.629+0000][1][safepoint    ] Total time for which application threads were stopped: 0.0016239 seconds, Stopping threads took: 0.0012577 seconds
[2022-06-13T01:51:14.632+0000][1][safepoint    ] Application time: 0.0025070 seconds
[2022-06-13T01:51:14.633+0000][1][safepoint    ] Entering safepoint region: RevokeBias
[2022-06-13T01:51:14.633+0000][1][safepoint    ] Leaving safepoint region
[2022-06-13T01:51:14.633+0000][1][safepoint    ] Total time for which application threads were stopped: 0.0007565 seconds, Stopping threads took: 0.0002974 seconds
[2022-06-13T01:51:14.634+0000][1][safepoint    ] Application time: 0.0001540 seconds
[2022-06-13T01:51:14.634+0000][1][safepoint    ] Entering safepoint region: RevokeBias
[2022-06-13T01:51:14.635+0000][1][safepoint    ] Leaving safepoint region
[2022-06-13T01:51:14.635+0000][1][safepoint    ] Total time for which application threads were stopped: 0.0006056 seconds, Stopping threads took: 0.0003148 seconds
[2022-06-13T01:51:14.799+0000][1][safepoint    ] Application time: 0.1637284 seconds
[2022-06-13T01:51:14.799+0000][1][safepoint    ] Entering safepoint region: RevokeBias
[2022-06-13T01:51:14.800+0000][1][safepoint    ] Leaving safepoint region
[2022-06-13T01:51:14.800+0000][1][safepoint    ] Total time for which application threads were stopped: 0.0007618 seconds, Stopping threads took: 0.0003806 seconds
[2022-06-13T01:51:14.881+0000][1][safepoint    ] Application time: 0.0799149 seconds
[2022-06-13T01:51:14.881+0000][1][safepoint    ] Entering safepoint region: GenCollectForAllocation
[2022-06-13T01:51:14.881+0000][1][gc,start     ] GC(6) Pause Young (Allocation Failure)
[2022-06-13T01:51:14.882+0000][1][gc,task      ] GC(6) Using 5 workers of 13 for evacuation
[2022-06-13T01:51:14.886+0000][1][gc,age       ] GC(6) Desired survivor size 4456448 bytes, new threshold 6 (max threshold 6)
[2022-06-13T01:51:14.887+0000][1][gc,age       ] GC(6) Age table with threshold 6 (max threshold 6)
[2022-06-13T01:51:14.887+0000][1][gc,age       ] GC(6) - age   1:    1533384 bytes,    1533384 total
[2022-06-13T01:51:14.887+0000][1][gc,age       ] GC(6) - age   2:    2197656 bytes,    3731040 total
[2022-06-13T01:51:14.887+0000][1][gc,age       ] GC(6) - age   3:     551784 bytes,    4282824 total
[2022-06-13T01:51:14.888+0000][1][gc,heap      ] GC(6) ParNew: 74655K->4978K(78656K)
[2022-06-13T01:51:14.888+0000][1][gc,heap      ] GC(6) CMS: 11312K->11312K(174784K)
[2022-06-13T01:51:14.888+0000][1][gc,metaspace ] GC(6) Metaspace: 19397K->19397K(1067008K)
[2022-06-13T01:51:14.889+0000][1][gc           ] GC(6) Pause Young (Allocation Failure) 83M->15M(247M) 7.410ms
[2022-06-13T01:51:14.889+0000][1][gc,cpu       ] GC(6) User=0.02s Sys=0.00s Real=0.00s
[2022-06-13T01:51:14.889+0000][1][safepoint    ] Leaving safepoint region
[2022-06-13T01:51:14.890+0000][1][safepoint    ] Total time for which application threads were stopped: 0.0088221 seconds, Stopping threads took: 0.0003208 seconds
[2022-06-13T01:51:14.890+0000][1][safepoint    ] Application time: 0.0004490 seconds
[2022-06-13T01:51:14.895+0000][1][safepoint    ] Entering safepoint region: BulkRevokeBias
[2022-06-13T01:51:14.896+0000][1][safepoint    ] Leaving safepoint region
[2022-06-13T01:51:14.896+0000][1][safepoint    ] Total time for which application threads were stopped: 0.0051263 seconds, Stopping threads took: 0.0046533 seconds
[2022-06-13T01:51:14.896+0000][1][safepoint    ] Application time: 0.0001708 seconds
[2022-06-13T01:51:14.896+0000][1][safepoint    ] Entering safepoint region: BulkRevokeBias
[2022-06-13T01:51:14.897+0000][1][safepoint    ] Leaving safepoint region
[2022-06-13T01:51:14.897+0000][1][safepoint    ] Total time for which application threads were stopped: 0.0005958 seconds, Stopping threads took: 0.0002274 seconds
[2022-06-13T01:51:15.098+0000][1][safepoint    ] Application time: 0.2011743 seconds
[2022-06-13T01:51:15.099+0000][1][safepoint    ] Entering safepoint region: GenCollectForAllocation
[2022-06-13T01:51:15.099+0000][1][gc,start     ] GC(7) Pause Young (Allocation Failure)
[2022-06-13T01:51:15.100+0000][1][gc,task      ] GC(7) Using 5 workers of 13 for evacuation
[2022-06-13T01:51:15.110+0000][1][gc,age       ] GC(7) Desired survivor size 4456448 bytes, new threshold 4 (max threshold 6)
[2022-06-13T01:51:15.111+0000][1][gc,age       ] GC(7) Age table with threshold 4 (max threshold 6)
[2022-06-13T01:51:15.111+0000][1][gc,age       ] GC(7) - age   1:     627288 bytes,     627288 total
[2022-06-13T01:51:15.112+0000][1][gc,age       ] GC(7) - age   2:    1129984 bytes,    1757272 total
[2022-06-13T01:51:15.112+0000][1][gc,age       ] GC(7) - age   3:    2195648 bytes,    3952920 total
[2022-06-13T01:51:15.112+0000][1][gc,age       ] GC(7) - age   4:     551784 bytes,    4504704 total
[2022-06-13T01:51:15.112+0000][1][gc,heap      ] GC(7) ParNew: 74930K->6656K(78656K)
[2022-06-13T01:51:15.112+0000][1][gc,heap      ] GC(7) CMS: 11312K->11312K(174784K)
[2022-06-13T01:51:15.112+0000][1][gc,metaspace ] GC(7) Metaspace: 19884K->19884K(1067008K)
[2022-06-13T01:51:15.113+0000][1][gc           ] GC(7) Pause Young (Allocation Failure) 84M->17M(247M) 13.345ms
[2022-06-13T01:51:15.113+0000][1][gc,cpu       ] GC(7) User=0.03s Sys=0.00s Real=0.01s
[2022-06-13T01:51:15.113+0000][1][safepoint    ] Leaving safepoint region
[2022-06-13T01:51:15.114+0000][1][safepoint    ] Total time for which application threads were stopped: 0.0146709 seconds, Stopping threads took: 0.0003281 seconds
[2022-06-13T01:51:15.146+0000][1][safepoint    ] Application time: 0.0321749 seconds
[2022-06-13T01:51:15.147+0000][1][safepoint    ] Entering safepoint region: CollectForMetadataAllocation
[2022-06-13T01:51:15.148+0000][1][safepoint    ] Leaving safepoint region
[2022-06-13T01:51:15.148+0000][1][safepoint    ] Total time for which application threads were stopped: 0.0007369 seconds, Stopping threads took: 0.0002846 seconds
[2022-06-13T01:51:15.179+0000][1][safepoint    ] Application time: 0.0308034 seconds
[2022-06-13T01:51:15.179+0000][1][safepoint    ] Entering safepoint region: CollectForMetadataAllocation
[2022-06-13T01:51:15.180+0000][1][safepoint    ] Leaving safepoint region
[2022-06-13T01:51:15.180+0000][1][safepoint    ] Total time for which application threads were stopped: 0.0007228 seconds, Stopping threads took: 0.0002162 seconds
[2022-06-13T01:51:15.419+0000][1][safepoint    ] Application time: 0.2389683 seconds
[2022-06-13T01:51:15.420+0000][1][safepoint    ] Entering safepoint region: GenCollectForAllocation
[2022-06-13T01:51:15.420+0000][1][gc,start     ] GC(8) Pause Young (Allocation Failure)
[2022-06-13T01:51:15.421+0000][1][gc,task      ] GC(8) Using 5 workers of 13 for evacuation
[2022-06-13T01:51:15.430+0000][1][gc,age       ] GC(8) Desired survivor size 4456448 bytes, new threshold 6 (max threshold 6)
[2022-06-13T01:51:15.430+0000][1][gc,age       ] GC(8) Age table with threshold 6 (max threshold 6)
[2022-06-13T01:51:15.431+0000][1][gc,age       ] GC(8) - age   1:     507512 bytes,     507512 total
[2022-06-13T01:51:15.431+0000][1][gc,age       ] GC(8) - age   2:     515208 bytes,    1022720 total
[2022-06-13T01:51:15.432+0000][1][gc,age       ] GC(8) - age   3:    1129888 bytes,    2152608 total
[2022-06-13T01:51:15.432+0000][1][gc,age       ] GC(8) - age   4:    2195360 bytes,    4347968 total
[2022-06-13T01:51:15.432+0000][1][gc,heap      ] GC(8) ParNew: 76608K->5208K(78656K)
[2022-06-13T01:51:15.432+0000][1][gc,heap      ] GC(8) CMS: 11312K->11861K(174784K)
[2022-06-13T01:51:15.433+0000][1][gc,metaspace ] GC(8) Metaspace: 20447K->20447K(1069056K)
[2022-06-13T01:51:15.433+0000][1][gc           ] GC(8) Pause Young (Allocation Failure) 85M->16M(247M) 12.460ms
[2022-06-13T01:51:15.433+0000][1][gc,cpu       ] GC(8) User=0.04s Sys=0.00s Real=0.01s
[2022-06-13T01:51:15.433+0000][1][safepoint    ] Leaving safepoint region
[2022-06-13T01:51:15.433+0000][1][safepoint    ] Total time for which application threads were stopped: 0.0136399 seconds, Stopping threads took: 0.0004252 seconds
[2022-06-13T01:51:15.434+0000][1][safepoint    ] Application time: 0.0002595 seconds
[2022-06-13T01:51:15.434+0000][1][safepoint    ] Entering safepoint region: CMS_Initial_Mark
[2022-06-13T01:51:15.435+0000][1][gc,start     ] GC(9) Pause Initial Mark
[2022-06-13T01:51:15.436+0000][1][gc           ] GC(9) Pause Initial Mark 18M->18M(247M) 1.187ms
[2022-06-13T01:51:15.436+0000][1][gc,cpu       ] GC(9) User=0.01s Sys=0.00s Real=0.00s
[2022-06-13T01:51:15.437+0000][1][safepoint    ] Leaving safepoint region
[2022-06-13T01:51:15.437+0000][1][safepoint    ] Total time for which application threads were stopped: 0.0025922 seconds, Stopping threads took: 0.0005741 seconds
[2022-06-13T01:51:15.438+0000][1][gc           ] GC(9) Concurrent Mark
[2022-06-13T01:51:15.439+0000][1][gc,task      ] GC(9) Using 4 workers of 4 for marking
[2022-06-13T01:51:15.473+0000][1][gc           ] GC(9) Concurrent Mark 34.490ms
[2022-06-13T01:51:15.479+0000][1][gc,cpu       ] GC(9) User=0.19s Sys=0.02s Real=0.04s
[2022-06-13T01:51:15.480+0000][1][gc           ] GC(9) Concurrent Preclean
[2022-06-13T01:51:15.482+0000][1][gc           ] GC(9) Concurrent Preclean 1.535ms
[2022-06-13T01:51:15.482+0000][1][gc,cpu       ] GC(9) User=0.01s Sys=0.00s Real=0.00s
[2022-06-13T01:51:15.483+0000][1][gc           ] GC(9) Concurrent Abortable Preclean
[2022-06-13T01:51:15.616+0000][1][safepoint    ] Application time: 0.1779894 seconds
[2022-06-13T01:51:15.616+0000][1][safepoint    ] Entering safepoint region: GenCollectForAllocation
[2022-06-13T01:51:15.616+0000][1][gc,start     ] GC(10) Pause Young (Allocation Failure)
[2022-06-13T01:51:15.617+0000][1][gc,task      ] GC(10) Using 5 workers of 13 for evacuation
[2022-06-13T01:51:15.625+0000][1][gc,age       ] GC(10) Desired survivor size 4456448 bytes, new threshold 5 (max threshold 6)
[2022-06-13T01:51:15.626+0000][1][gc,age       ] GC(10) Age table with threshold 5 (max threshold 6)
[2022-06-13T01:51:15.626+0000][1][gc,age       ] GC(10) - age   1:     913784 bytes,     913784 total
[2022-06-13T01:51:15.626+0000][1][gc,age       ] GC(10) - age   2:     484768 bytes,    1398552 total
[2022-06-13T01:51:15.627+0000][1][gc,age       ] GC(10) - age   3:     515088 bytes,    1913640 total
[2022-06-13T01:51:15.627+0000][1][gc,age       ] GC(10) - age   4:    1129888 bytes,    3043528 total
[2022-06-13T01:51:15.628+0000][1][gc,age       ] GC(10) - age   5:    2195168 bytes,    5238696 total
[2022-06-13T01:51:15.628+0000][1][gc,heap      ] GC(10) ParNew: 75160K->6603K(78656K)
[2022-06-13T01:51:15.628+0000][1][gc,heap      ] GC(10) CMS: 11861K->11861K(174784K)
[2022-06-13T01:51:15.629+0000][1][gc,metaspace ] GC(10) Metaspace: 20552K->20552K(1069056K)
[2022-06-13T01:51:15.629+0000][1][gc           ] GC(10) Pause Young (Allocation Failure) 84M->18M(247M) 12.784ms
[2022-06-13T01:51:15.629+0000][1][gc,cpu       ] GC(10) User=0.06s Sys=0.00s Real=0.02s
[2022-06-13T01:51:15.630+0000][1][safepoint    ] Leaving safepoint region
[2022-06-13T01:51:15.630+0000][1][safepoint    ] Total time for which application threads were stopped: 0.0142586 seconds, Stopping threads took: 0.0002750 seconds
[2022-06-13T01:51:15.852+0000][1][safepoint    ] Application time: 0.2208759 seconds
[2022-06-13T01:51:15.856+0000][1][safepoint    ] Entering safepoint region: GenCollectForAllocation
[2022-06-13T01:51:15.861+0000][1][gc,start     ] GC(11) Pause Young (Allocation Failure)
[2022-06-13T01:51:15.862+0000][1][gc,task      ] GC(11) Using 5 workers of 13 for evacuation
[2022-06-13T01:51:15.881+0000][1][gc,age       ] GC(11) Desired survivor size 4456448 bytes, new threshold 6 (max threshold 6)
[2022-06-13T01:51:15.884+0000][1][gc,age       ] GC(11) Age table with threshold 6 (max threshold 6)
[2022-06-13T01:51:15.885+0000][1][gc,age       ] GC(11) - age   1:    1827896 bytes,    1827896 total
[2022-06-13T01:51:15.885+0000][1][gc,age       ] GC(11) - age   2:      99112 bytes,    1927008 total
[2022-06-13T01:51:15.885+0000][1][gc,age       ] GC(11) - age   3:     484768 bytes,    2411776 total
[2022-06-13T01:51:15.886+0000][1][gc,age       ] GC(11) - age   4:     514936 bytes,    2926712 total
[2022-06-13T01:51:15.886+0000][1][gc,age       ] GC(11) - age   5:    1129600 bytes,    4056312 total
[2022-06-13T01:51:15.886+0000][1][gc,heap      ] GC(11) ParNew: 76555K->6274K(78656K)
[2022-06-13T01:51:15.887+0000][1][gc,heap      ] GC(11) CMS: 11861K->14019K(174784K)
[2022-06-13T01:51:15.899+0000][1][gc,metaspace ] GC(11) Metaspace: 20632K->20632K(1069056K)
[2022-06-13T01:51:15.909+0000][1][gc           ] GC(11) Pause Young (Allocation Failure) 86M->19M(247M) 47.530ms
[2022-06-13T01:51:15.909+0000][1][gc,cpu       ] GC(11) User=0.13s Sys=0.00s Real=0.04s
[2022-06-13T01:51:15.909+0000][1][safepoint    ] Leaving safepoint region
[2022-06-13T01:51:15.910+0000][1][safepoint    ] Total time for which application threads were stopped: 0.0582077 seconds, Stopping threads took: 0.0087345 seconds
[2022-06-13T01:51:15.911+0000][1][gc           ] GC(9) Concurrent Abortable Preclean 428.290ms
[2022-06-13T01:51:15.911+0000][1][gc,cpu       ] GC(9) User=1.67s Sys=0.02s Real=0.43s
[2022-06-13T01:51:15.926+0000][1][safepoint    ] Application time: 0.0156111 seconds
[2022-06-13T01:51:15.927+0000][1][safepoint    ] Entering safepoint region: CMS_Final_Remark
[2022-06-13T01:51:15.928+0000][1][gc,start     ] GC(9) Pause Remark
[2022-06-13T01:51:15.974+0000][1][gc           ] GC(9) Pause Remark 23M->23M(247M) 45.435ms
[2022-06-13T01:51:15.981+0000][1][gc,cpu       ] GC(9) User=0.07s Sys=0.00s Real=0.06s
[2022-06-13T01:51:15.982+0000][1][safepoint    ] Leaving safepoint region
[2022-06-13T01:51:15.982+0000][1][safepoint    ] Total time for which application threads were stopped: 0.0546482 seconds, Stopping threads took: 0.0007084 seconds
[2022-06-13T01:51:15.989+0000][1][gc           ] GC(9) Concurrent Sweep
[2022-06-13T01:51:16.006+0000][1][gc           ] GC(9) Concurrent Sweep 17.319ms
[2022-06-13T01:51:16.019+0000][1][gc,cpu       ] GC(9) User=0.08s Sys=0.01s Real=0.03s
[2022-06-13T01:51:16.030+0000][1][gc           ] GC(9) Concurrent Reset
[2022-06-13T01:51:16.044+0000][1][gc           ] GC(9) Concurrent Reset 13.934ms
[2022-06-13T01:51:16.049+0000][1][gc,cpu       ] GC(9) User=0.05s Sys=0.00s Real=0.03s
[2022-06-13T01:51:16.059+0000][1][gc,heap      ] GC(9) Old: 11861K->13993K(174784K)
[2022-06-13T01:51:16.529+0000][1][safepoint    ] Application time: 0.5470037 seconds
[2022-06-13T01:51:16.529+0000][1][safepoint    ] Entering safepoint region: Deoptimize
[2022-06-13T01:51:16.531+0000][1][safepoint    ] Leaving safepoint region
[2022-06-13T01:51:16.532+0000][1][safepoint    ] Total time for which application threads were stopped: 0.0022798 seconds, Stopping threads took: 0.0005551 seconds
[2022-06-13T01:51:16.648+0000][1][safepoint    ] Application time: 0.1158844 seconds
[2022-06-13T01:51:16.648+0000][1][safepoint    ] Entering safepoint region: Deoptimize
[2022-06-13T01:51:16.649+0000][1][safepoint    ] Leaving safepoint region
[2022-06-13T01:51:16.649+0000][1][safepoint    ] Total time for which application threads were stopped: 0.0009549 seconds, Stopping threads took: 0.0002380 seconds
[2022-06-13T01:51:16.673+0000][1][safepoint    ] Application time: 0.0235926 seconds
[2022-06-13T01:51:16.674+0000][1][safepoint    ] Entering safepoint region: RevokeBias
[2022-06-13T01:51:16.674+0000][1][safepoint    ] Leaving safepoint region
[2022-06-13T01:51:16.674+0000][1][safepoint    ] Total time for which application threads were stopped: 0.0004468 seconds, Stopping threads took: 0.0001944 seconds
[2022-06-13T01:51:16.675+0000][1][safepoint    ] Application time: 0.0007726 seconds
[2022-06-13T01:51:16.675+0000][1][safepoint    ] Entering safepoint region: Deoptimize
[2022-06-13T01:51:16.676+0000][1][safepoint    ] Leaving safepoint region
[2022-06-13T01:51:16.676+0000][1][safepoint    ] Total time for which application threads were stopped: 0.0011144 seconds, Stopping threads took: 0.0002275 seconds
[2022-06-13T01:51:16.685+0000][1][safepoint    ] Application time: 0.0081928 seconds
[2022-06-13T01:51:16.685+0000][1][safepoint    ] Entering safepoint region: Deoptimize
[2022-06-13T01:51:16.686+0000][1][safepoint    ] Leaving safepoint region
[2022-06-13T01:51:16.687+0000][1][safepoint    ] Total time for which application threads were stopped: 0.0021377 seconds, Stopping threads took: 0.0003016 seconds
[2022-06-13T01:51:16.944+0000][1][safepoint    ] Application time: 0.2562448 seconds
[2022-06-13T01:51:16.947+0000][1][safepoint    ] Entering safepoint region: GenCollectForAllocation
[2022-06-13T01:51:16.948+0000][1][gc,start     ] GC(12) Pause Young (Allocation Failure)
[2022-06-13T01:51:16.948+0000][1][gc,task      ] GC(12) Using 5 workers of 13 for evacuation
[2022-06-13T01:51:16.971+0000][1][gc,age       ] GC(12) Desired survivor size 4456448 bytes, new threshold 4 (max threshold 6)
[2022-06-13T01:51:16.984+0000][1][gc,age       ] GC(12) Age table with threshold 4 (max threshold 6)
[2022-06-13T01:51:16.988+0000][1][gc,age       ] GC(12) - age   1:    3698768 bytes,    3698768 total
[2022-06-13T01:51:16.992+0000][1][gc,age       ] GC(12) - age   2:     345288 bytes,    4044056 total
[2022-06-13T01:51:16.993+0000][1][gc,age       ] GC(12) - age   3:      98848 bytes,    4142904 total
[2022-06-13T01:51:16.994+0000][1][gc,age       ] GC(12) - age   4:     484320 bytes,    4627224 total
[2022-06-13T01:51:16.995+0000][1][gc,age       ] GC(12) - age   5:     510024 bytes,    5137248 total
[2022-06-13T01:51:16.995+0000][1][gc,age       ] GC(12) - age   6:    1129264 bytes,    6266512 total
[2022-06-13T01:51:16.995+0000][1][gc,heap      ] GC(12) ParNew: 76226K->7364K(78656K)
[2022-06-13T01:51:16.995+0000][1][gc,heap      ] GC(12) CMS: 13993K->13993K(174784K)
[2022-06-13T01:51:16.996+0000][1][gc,metaspace ] GC(12) Metaspace: 26421K->26421K(1073152K)
[2022-06-13T01:51:16.996+0000][1][gc           ] GC(12) Pause Young (Allocation Failure) 88M->20M(247M) 48.086ms
[2022-06-13T01:51:16.996+0000][1][gc,cpu       ] GC(12) User=0.10s Sys=0.01s Real=0.05s
[2022-06-13T01:51:16.997+0000][1][safepoint    ] Leaving safepoint region
[2022-06-13T01:51:16.997+0000][1][safepoint    ] Total time for which application threads were stopped: 0.0497422 seconds, Stopping threads took: 0.0005015 seconds
[2022-06-13T01:51:17.999+0000][1][safepoint    ] Application time: 1.0018918 seconds
[2022-06-13T01:51:18.012+0000][1][safepoint    ] Entering safepoint region: Cleanup
[2022-06-13T01:51:18.013+0000][1][safepoint    ] Leaving safepoint region
[2022-06-13T01:51:18.014+0000][1][safepoint    ] Total time for which application threads were stopped: 0.0044594 seconds, Stopping threads took: 0.0036881 seconds
[2022-06-13T01:51:18.634+0000][1][safepoint    ] Application time: 0.6200028 seconds
[2022-06-13T01:51:18.639+0000][1][safepoint    ] Entering safepoint region: Deoptimize
[2022-06-13T01:51:18.650+0000][1][safepoint    ] Leaving safepoint region
[2022-06-13T01:51:18.659+0000][1][safepoint    ] Total time for which application threads were stopped: 0.0198632 seconds, Stopping threads took: 0.0098546 seconds
[2022-06-13T01:51:19.333+0000][1][safepoint    ] Application time: 0.6641300 seconds
[2022-06-13T01:51:19.343+0000][1][safepoint    ] Entering safepoint region: RevokeBias
[2022-06-13T01:51:19.344+0000][1][safepoint    ] Leaving safepoint region
[2022-06-13T01:51:19.344+0000][1][safepoint    ] Total time for which application threads were stopped: 0.0007861 seconds, Stopping threads took: 0.0003723 seconds
[2022-06-13T01:51:20.132+0000][1][safepoint    ] Application time: 0.7877145 seconds
[2022-06-13T01:51:20.134+0000][1][safepoint    ] Entering safepoint region: GenCollectForAllocation
[2022-06-13T01:51:20.134+0000][1][gc,start     ] GC(13) Pause Young (Allocation Failure)
[2022-06-13T01:51:20.135+0000][1][gc,task      ] GC(13) Using 5 workers of 13 for evacuation
[2022-06-13T01:51:20.281+0000][1][gc,age       ] GC(13) Desired survivor size 4456448 bytes, new threshold 1 (max threshold 6)
[2022-06-13T01:51:20.289+0000][1][gc,age       ] GC(13) Age table with threshold 1 (max threshold 6)
[2022-06-13T01:51:20.299+0000][1][gc,age       ] GC(13) - age   1:    5253008 bytes,    5253008 total
[2022-06-13T01:51:20.310+0000][1][gc,age       ] GC(13) - age   2:    3215536 bytes,    8468544 total
[2022-06-13T01:51:20.319+0000][1][gc,age       ] GC(13) - age   3:     345088 bytes,    8813632 total
[2022-06-13T01:51:20.329+0000][1][gc,age       ] GC(13) - age   4:      98848 bytes,    8912480 total
[2022-06-13T01:51:20.340+0000][1][gc,heap      ] GC(13) ParNew: 77316K->8704K(78656K)
[2022-06-13T01:51:20.349+0000][1][gc,heap      ] GC(13) CMS: 13993K->26265K(174784K)
[2022-06-13T01:51:20.367+0000][1][gc,metaspace ] GC(13) Metaspace: 27158K->27158K(1075200K)
[2022-06-13T01:51:20.369+0000][1][gc           ] GC(13) Pause Young (Allocation Failure) 89M->34M(247M) 234.692ms
[2022-06-13T01:51:20.379+0000][1][gc,cpu       ] GC(13) User=0.97s Sys=0.04s Real=0.25s
[2022-06-13T01:51:20.389+0000][1][safepoint    ] Leaving safepoint region
[2022-06-13T01:51:20.400+0000][1][safepoint    ] Total time for which application threads were stopped: 0.2657217 seconds, Stopping threads took: 0.0004885 seconds
[2022-06-13T01:51:21.213+0000][1][safepoint    ] Application time: 0.8038387 seconds
[2022-06-13T01:51:21.216+0000][1][safepoint    ] Entering safepoint region: GenCollectForAllocation
[2022-06-13T01:51:21.217+0000][1][gc,start     ] GC(14) Pause Young (Allocation Failure)
[2022-06-13T01:51:21.217+0000][1][gc,task      ] GC(14) Using 5 workers of 13 for evacuation
[2022-06-13T01:51:21.291+0000][1][gc,age       ] GC(14) Desired survivor size 4456448 bytes, new threshold 1 (max threshold 6)
[2022-06-13T01:51:21.292+0000][1][gc,age       ] GC(14) Age table with threshold 1 (max threshold 6)
[2022-06-13T01:51:21.293+0000][1][gc,age       ] GC(14) - age   1:    8382680 bytes,    8382680 total
[2022-06-13T01:51:21.296+0000][1][gc,heap      ] GC(14) ParNew: 78656K->8704K(78656K)
[2022-06-13T01:51:21.296+0000][1][gc,heap      ] GC(14) CMS: 26265K->40038K(174784K)
[2022-06-13T01:51:21.296+0000][1][gc,metaspace ] GC(14) Metaspace: 27199K->27199K(1075200K)
[2022-06-13T01:51:21.297+0000][1][gc           ] GC(14) Pause Young (Allocation Failure) 102M->47M(247M) 80.108ms
[2022-06-13T01:51:21.297+0000][1][gc,cpu       ] GC(14) User=0.29s Sys=0.00s Real=0.08s
[2022-06-13T01:51:21.297+0000][1][safepoint    ] Leaving safepoint region
[2022-06-13T01:51:21.298+0000][1][safepoint    ] Total time for which application threads were stopped: 0.0820796 seconds, Stopping threads took: 0.0003090 seconds
[2022-06-13T01:51:21.648+0000][1][safepoint    ] Application time: 0.3494590 seconds
[2022-06-13T01:51:21.649+0000][1][safepoint    ] Entering safepoint region: RevokeBias
[2022-06-13T01:51:21.650+0000][1][safepoint    ] Leaving safepoint region
[2022-06-13T01:51:21.650+0000][1][safepoint    ] Total time for which application threads were stopped: 0.0012898 seconds, Stopping threads took: 0.0004748 seconds
[2022-06-13T01:51:22.031+0000][1][safepoint    ] Application time: 0.3802361 seconds
[2022-06-13T01:51:22.031+0000][1][safepoint    ] Entering safepoint region: RevokeBias
[2022-06-13T01:51:22.032+0000][1][safepoint    ] Leaving safepoint region
[2022-06-13T01:51:22.032+0000][1][safepoint    ] Total time for which application threads were stopped: 0.0008269 seconds, Stopping threads took: 0.0003371 seconds
[2022-06-13T01:51:22.038+0000][1][safepoint    ] Application time: 0.0059768 seconds
[2022-06-13T01:51:22.040+0000][1][safepoint    ] Entering safepoint region: RevokeBias
[2022-06-13T01:51:22.040+0000][1][safepoint    ] Leaving safepoint region
[2022-06-13T01:51:22.040+0000][1][safepoint    ] Total time for which application threads were stopped: 0.0016080 seconds, Stopping threads took: 0.0012475 seconds
[2022-06-13T01:51:22.395+0000][1][safepoint    ] Application time: 0.3544199 seconds
[2022-06-13T01:51:22.398+0000][1][safepoint    ] Entering safepoint region: GenCollectForAllocation
[2022-06-13T01:51:22.400+0000][1][gc,start     ] GC(15) Pause Young (Allocation Failure)
[2022-06-13T01:51:22.400+0000][1][gc,task      ] GC(15) Using 5 workers of 13 for evacuation
[2022-06-13T01:51:22.441+0000][1][gc,age       ] GC(15) Desired survivor size 4456448 bytes, new threshold 1 (max threshold 6)
[2022-06-13T01:51:22.442+0000][1][gc,age       ] GC(15) Age table with threshold 1 (max threshold 6)
[2022-06-13T01:51:22.444+0000][1][gc,age       ] GC(15) - age   1:    5229496 bytes,    5229496 total
[2022-06-13T01:51:22.447+0000][1][gc,heap      ] GC(15) ParNew: 78656K->8704K(78656K)
[2022-06-13T01:51:22.451+0000][1][gc,heap      ] GC(15) CMS: 40038K->50987K(174784K)
[2022-06-13T01:51:22.457+0000][1][gc,metaspace ] GC(15) Metaspace: 32518K->32518K(1079296K)
[2022-06-13T01:51:22.458+0000][1][gc           ] GC(15) Pause Young (Allocation Failure) 115M->58M(247M) 58.599ms
[2022-06-13T01:51:22.459+0000][1][gc,cpu       ] GC(15) User=0.19s Sys=0.04s Real=0.05s
[2022-06-13T01:51:22.459+0000][1][safepoint    ] Leaving safepoint region
[2022-06-13T01:51:22.460+0000][1][safepoint    ] Total time for which application threads were stopped: 0.0620277 seconds, Stopping threads took: 0.0015031 seconds
[2022-06-13T01:51:22.644+0000][1][safepoint    ] Application time: 0.1840709 seconds
[2022-06-13T01:51:22.645+0000][1][safepoint    ] Entering safepoint region: GenCollectForAllocation
[2022-06-13T01:51:22.645+0000][1][gc,start     ] GC(16) Pause Young (Allocation Failure)
[2022-06-13T01:51:22.646+0000][1][gc,task      ] GC(16) Using 5 workers of 13 for evacuation
[2022-06-13T01:51:22.657+0000][1][gc,age       ] GC(16) Desired survivor size 4456448 bytes, new threshold 6 (max threshold 6)
[2022-06-13T01:51:22.657+0000][1][gc,age       ] GC(16) Age table with threshold 6 (max threshold 6)
[2022-06-13T01:51:22.657+0000][1][gc,age       ] GC(16) - age   1:     300400 bytes,     300400 total
[2022-06-13T01:51:22.658+0000][1][gc,heap      ] GC(16) ParNew: 78656K->3943K(78656K)
[2022-06-13T01:51:22.658+0000][1][gc,heap      ] GC(16) CMS: 50987K->56109K(174784K)
[2022-06-13T01:51:22.659+0000][1][gc,metaspace ] GC(16) Metaspace: 32938K->32938K(1079296K)
[2022-06-13T01:51:22.660+0000][1][gc           ] GC(16) Pause Young (Allocation Failure) 126M->58M(247M) 14.104ms
[2022-06-13T01:51:22.660+0000][1][gc,cpu       ] GC(16) User=0.05s Sys=0.00s Real=0.02s
[2022-06-13T01:51:22.660+0000][1][safepoint    ] Leaving safepoint region
[2022-06-13T01:51:22.661+0000][1][safepoint    ] Total time for which application threads were stopped: 0.0160210 seconds, Stopping threads took: 0.0003945 seconds
[2022-06-13T01:51:22.697+0000][1][safepoint    ] Application time: 0.0355228 seconds
[2022-06-13T01:51:22.697+0000][1][safepoint    ] Entering safepoint region: RevokeBias
[2022-06-13T01:51:22.698+0000][1][safepoint    ] Leaving safepoint region
[2022-06-13T01:51:22.698+0000][1][safepoint    ] Total time for which application threads were stopped: 0.0007237 seconds, Stopping threads took: 0.0003859 seconds
[2022-06-13T01:51:23.106+0000][1][safepoint    ] Application time: 0.4074972 seconds
[2022-06-13T01:51:23.106+0000][1][safepoint    ] Entering safepoint region: CollectForMetadataAllocation
[2022-06-13T01:51:23.107+0000][1][safepoint    ] Leaving safepoint region
[2022-06-13T01:51:23.109+0000][1][safepoint    ] Total time for which application threads were stopped: 0.0026338 seconds, Stopping threads took: 0.0003016 seconds
[2022-06-13T01:51:23.190+0000][1][safepoint    ] Application time: 0.0809567 seconds
[2022-06-13T01:51:23.191+0000][1][safepoint    ] Entering safepoint region: CollectForMetadataAllocation
[2022-06-13T01:51:23.191+0000][1][safepoint    ] Leaving safepoint region
[2022-06-13T01:51:23.192+0000][1][safepoint    ] Total time for which application threads were stopped: 0.0008033 seconds, Stopping threads took: 0.0002995 seconds
[2022-06-13T01:51:23.220+0000][1][safepoint    ] Application time: 0.0279391 seconds
[2022-06-13T01:51:23.220+0000][1][safepoint    ] Entering safepoint region: CollectForMetadataAllocation
[2022-06-13T01:51:23.221+0000][1][safepoint    ] Leaving safepoint region
[2022-06-13T01:51:23.221+0000][1][safepoint    ] Total time for which application threads were stopped: 0.0006292 seconds, Stopping threads took: 0.0002461 seconds
[2022-06-13T01:51:23.256+0000][1][safepoint    ] Application time: 0.0354989 seconds
[2022-06-13T01:51:23.257+0000][1][safepoint    ] Entering safepoint region: CollectForMetadataAllocation
[2022-06-13T01:51:23.257+0000][1][safepoint    ] Leaving safepoint region
[2022-06-13T01:51:23.258+0000][1][safepoint    ] Total time for which application threads were stopped: 0.0007372 seconds, Stopping threads took: 0.0002228 seconds
[2022-06-13T01:51:23.301+0000][1][safepoint    ] Application time: 0.0431778 seconds
[2022-06-13T01:51:23.301+0000][1][safepoint    ] Entering safepoint region: CollectForMetadataAllocation
[2022-06-13T01:51:23.302+0000][1][safepoint    ] Leaving safepoint region
[2022-06-13T01:51:23.302+0000][1][safepoint    ] Total time for which application threads were stopped: 0.0008554 seconds, Stopping threads took: 0.0003540 seconds
[2022-06-13T01:51:23.324+0000][1][safepoint    ] Application time: 0.0215184 seconds
[2022-06-13T01:51:23.324+0000][1][safepoint    ] Entering safepoint region: CollectForMetadataAllocation
[2022-06-13T01:51:23.325+0000][1][safepoint    ] Leaving safepoint region
[2022-06-13T01:51:23.325+0000][1][safepoint    ] Total time for which application threads were stopped: 0.0009735 seconds, Stopping threads took: 0.0005285 seconds
[2022-06-13T01:51:23.342+0000][1][safepoint    ] Application time: 0.0163303 seconds
[2022-06-13T01:51:23.343+0000][1][safepoint    ] Entering safepoint region: CollectForMetadataAllocation
[2022-06-13T01:51:23.343+0000][1][safepoint    ] Leaving safepoint region
[2022-06-13T01:51:23.343+0000][1][safepoint    ] Total time for which application threads were stopped: 0.0009126 seconds, Stopping threads took: 0.0004065 seconds
[2022-06-13T01:51:23.393+0000][1][safepoint    ] Application time: 0.0488756 seconds
[2022-06-13T01:51:23.393+0000][1][safepoint    ] Entering safepoint region: CollectForMetadataAllocation
[2022-06-13T01:51:23.393+0000][1][safepoint    ] Leaving safepoint region
[2022-06-13T01:51:23.394+0000][1][safepoint    ] Total time for which application threads were stopped: 0.0006960 seconds, Stopping threads took: 0.0002604 seconds
[2022-06-13T01:51:23.436+0000][1][safepoint    ] Application time: 0.0417872 seconds
[2022-06-13T01:51:23.436+0000][1][safepoint    ] Entering safepoint region: CollectForMetadataAllocation
[2022-06-13T01:51:23.437+0000][1][safepoint    ] Leaving safepoint region
[2022-06-13T01:51:23.437+0000][1][safepoint    ] Total time for which application threads were stopped: 0.0015861 seconds, Stopping threads took: 0.0002308 seconds
[2022-06-13T01:51:23.453+0000][1][safepoint    ] Application time: 0.0151228 seconds
[2022-06-13T01:51:23.453+0000][1][safepoint    ] Entering safepoint region: RevokeBias
[2022-06-13T01:51:23.454+0000][1][safepoint    ] Leaving safepoint region
[2022-06-13T01:51:23.454+0000][1][safepoint    ] Total time for which application threads were stopped: 0.0006748 seconds, Stopping threads took: 0.0002873 seconds
[2022-06-13T01:51:23.468+0000][1][safepoint    ] Application time: 0.0138093 seconds
[2022-06-13T01:51:23.468+0000][1][safepoint    ] Entering safepoint region: CollectForMetadataAllocation
[2022-06-13T01:51:23.469+0000][1][safepoint    ] Leaving safepoint region
[2022-06-13T01:51:23.469+0000][1][safepoint    ] Total time for which application threads were stopped: 0.0008982 seconds, Stopping threads took: 0.0003737 seconds
[2022-06-13T01:51:23.511+0000][1][safepoint    ] Application time: 0.0418080 seconds
[2022-06-13T01:51:23.512+0000][1][safepoint    ] Entering safepoint region: CollectForMetadataAllocation
[2022-06-13T01:51:23.513+0000][1][safepoint    ] Leaving safepoint region
[2022-06-13T01:51:23.513+0000][1][safepoint    ] Total time for which application threads were stopped: 0.0012078 seconds, Stopping threads took: 0.0007172 seconds
[2022-06-13T01:51:23.546+0000][1][safepoint    ] Application time: 0.0330598 seconds
[2022-06-13T01:51:23.547+0000][1][safepoint    ] Entering safepoint region: CollectForMetadataAllocation
[2022-06-13T01:51:23.548+0000][1][safepoint    ] Leaving safepoint region
[2022-06-13T01:51:23.548+0000][1][safepoint    ] Total time for which application threads were stopped: 0.0013687 seconds, Stopping threads took: 0.0002795 seconds
[2022-06-13T01:51:23.581+0000][1][safepoint    ] Application time: 0.0328570 seconds
[2022-06-13T01:51:23.581+0000][1][safepoint    ] Entering safepoint region: CollectForMetadataAllocation
[2022-06-13T01:51:23.582+0000][1][safepoint    ] Leaving safepoint region
[2022-06-13T01:51:23.582+0000][1][safepoint    ] Total time for which application threads were stopped: 0.0007322 seconds, Stopping threads took: 0.0002695 seconds
[2022-06-13T01:51:23.615+0000][1][safepoint    ] Application time: 0.0329461 seconds
[2022-06-13T01:51:23.616+0000][1][safepoint    ] Entering safepoint region: CollectForMetadataAllocation
[2022-06-13T01:51:23.616+0000][1][safepoint    ] Leaving safepoint region
[2022-06-13T01:51:23.616+0000][1][safepoint    ] Total time for which application threads were stopped: 0.0006081 seconds, Stopping threads took: 0.0002071 seconds
[2022-06-13T01:51:23.638+0000][1][safepoint    ] Application time: 0.0212189 seconds
[2022-06-13T01:51:23.638+0000][1][safepoint    ] Entering safepoint region: CollectForMetadataAllocation
[2022-06-13T01:51:23.639+0000][1][safepoint    ] Leaving safepoint region
[2022-06-13T01:51:23.639+0000][1][safepoint    ] Total time for which application threads were stopped: 0.0007459 seconds, Stopping threads took: 0.0003260 seconds
[2022-06-13T01:51:23.667+0000][1][safepoint    ] Application time: 0.0279215 seconds
[2022-06-13T01:51:23.668+0000][1][safepoint    ] Entering safepoint region: CollectForMetadataAllocation
[2022-06-13T01:51:23.668+0000][1][safepoint    ] Leaving safepoint region
[2022-06-13T01:51:23.668+0000][1][safepoint    ] Total time for which application threads were stopped: 0.0006752 seconds, Stopping threads took: 0.0002541 seconds
[2022-06-13T01:51:23.696+0000][1][safepoint    ] Application time: 0.0272109 seconds
[2022-06-13T01:51:23.696+0000][1][safepoint    ] Entering safepoint region: CollectForMetadataAllocation
[2022-06-13T01:51:23.697+0000][1][safepoint    ] Leaving safepoint region
[2022-06-13T01:51:23.698+0000][1][safepoint    ] Total time for which application threads were stopped: 0.0014006 seconds, Stopping threads took: 0.0004320 seconds
[2022-06-13T01:51:23.727+0000][1][safepoint    ] Application time: 0.0292705 seconds
[2022-06-13T01:51:23.728+0000][1][safepoint    ] Entering safepoint region: CollectForMetadataAllocation
[2022-06-13T01:51:23.728+0000][1][safepoint    ] Leaving safepoint region
[2022-06-13T01:51:23.729+0000][1][safepoint    ] Total time for which application threads were stopped: 0.0009818 seconds, Stopping threads took: 0.0003599 seconds
[2022-06-13T01:51:23.761+0000][1][safepoint    ] Application time: 0.0324616 seconds
[2022-06-13T01:51:23.762+0000][1][safepoint    ] Entering safepoint region: CollectForMetadataAllocation
[2022-06-13T01:51:23.762+0000][1][safepoint    ] Leaving safepoint region
[2022-06-13T01:51:23.763+0000][1][safepoint    ] Total time for which application threads were stopped: 0.0009651 seconds, Stopping threads took: 0.0003913 seconds
[2022-06-13T01:51:23.808+0000][1][safepoint    ] Application time: 0.0452879 seconds
[2022-06-13T01:51:23.809+0000][1][safepoint    ] Entering safepoint region: CollectForMetadataAllocation
[2022-06-13T01:51:23.809+0000][1][safepoint    ] Leaving safepoint region
[2022-06-13T01:51:23.810+0000][1][safepoint    ] Total time for which application threads were stopped: 0.0007294 seconds, Stopping threads took: 0.0002258 seconds
[2022-06-13T01:51:23.833+0000][1][safepoint    ] Application time: 0.0233827 seconds
[2022-06-13T01:51:23.834+0000][1][safepoint    ] Entering safepoint region: CollectForMetadataAllocation
[2022-06-13T01:51:23.834+0000][1][safepoint    ] Leaving safepoint region
[2022-06-13T01:51:23.835+0000][1][safepoint    ] Total time for which application threads were stopped: 0.0011911 seconds, Stopping threads took: 0.0006564 seconds
[2022-06-13T01:51:23.861+0000][1][safepoint    ] Application time: 0.0260015 seconds
[2022-06-13T01:51:23.862+0000][1][safepoint    ] Entering safepoint region: CollectForMetadataAllocation
[2022-06-13T01:51:23.864+0000][1][safepoint    ] Leaving safepoint region
[2022-06-13T01:51:23.864+0000][1][safepoint    ] Total time for which application threads were stopped: 0.0026286 seconds, Stopping threads took: 0.0007485 seconds
[2022-06-13T01:51:23.902+0000][1][safepoint    ] Application time: 0.0371136 seconds
[2022-06-13T01:51:23.902+0000][1][safepoint    ] Entering safepoint region: CollectForMetadataAllocation
[2022-06-13T01:51:23.902+0000][1][safepoint    ] Leaving safepoint region
[2022-06-13T01:51:23.903+0000][1][safepoint    ] Total time for which application threads were stopped: 0.0007017 seconds, Stopping threads took: 0.0002325 seconds
[2022-06-13T01:51:23.939+0000][1][safepoint    ] Application time: 0.0362359 seconds
[2022-06-13T01:51:23.939+0000][1][safepoint    ] Entering safepoint region: CollectForMetadataAllocation
[2022-06-13T01:51:23.940+0000][1][safepoint    ] Leaving safepoint region
[2022-06-13T01:51:23.940+0000][1][safepoint    ] Total time for which application threads were stopped: 0.0007420 seconds, Stopping threads took: 0.0002845 seconds
[2022-06-13T01:51:23.971+0000][1][safepoint    ] Application time: 0.0302661 seconds
[2022-06-13T01:51:23.971+0000][1][safepoint    ] Entering safepoint region: CollectForMetadataAllocation
[2022-06-13T01:51:23.971+0000][1][safepoint    ] Leaving safepoint region
[2022-06-13T01:51:23.971+0000][1][safepoint    ] Total time for which application threads were stopped: 0.0005739 seconds, Stopping threads took: 0.0001867 seconds
[2022-06-13T01:51:24.008+0000][1][safepoint    ] Application time: 0.0359749 seconds
[2022-06-13T01:51:24.008+0000][1][safepoint    ] Entering safepoint region: CollectForMetadataAllocation
[2022-06-13T01:51:24.009+0000][1][safepoint    ] Leaving safepoint region
[2022-06-13T01:51:24.009+0000][1][safepoint    ] Total time for which application threads were stopped: 0.0009840 seconds, Stopping threads took: 0.0003932 seconds
[2022-06-13T01:51:24.028+0000][1][safepoint    ] Application time: 0.0183313 seconds
[2022-06-13T01:51:24.028+0000][1][safepoint    ] Entering safepoint region: RevokeBias
[2022-06-13T01:51:24.029+0000][1][safepoint    ] Leaving safepoint region
[2022-06-13T01:51:24.029+0000][1][safepoint    ] Total time for which application threads were stopped: 0.0005834 seconds, Stopping threads took: 0.0002850 seconds
[2022-06-13T01:51:24.029+0000][1][safepoint    ] Application time: 0.0004351 seconds
[2022-06-13T01:51:24.030+0000][1][safepoint    ] Entering safepoint region: RevokeBias
[2022-06-13T01:51:24.030+0000][1][safepoint    ] Leaving safepoint region
[2022-06-13T01:51:24.031+0000][1][safepoint    ] Total time for which application threads were stopped: 0.0008986 seconds, Stopping threads took: 0.0006013 seconds
[2022-06-13T01:51:24.050+0000][1][safepoint    ] Application time: 0.0195823 seconds
[2022-06-13T01:51:24.051+0000][1][safepoint    ] Entering safepoint region: CollectForMetadataAllocation
[2022-06-13T01:51:24.051+0000][1][safepoint    ] Leaving safepoint region
[2022-06-13T01:51:24.052+0000][1][safepoint    ] Total time for which application threads were stopped: 0.0007634 seconds, Stopping threads took: 0.0002758 seconds
[2022-06-13T01:51:24.585+0000][1][safepoint    ] Application time: 0.5334690 seconds
[2022-06-13T01:51:24.586+0000][1][safepoint    ] Entering safepoint region: CollectForMetadataAllocation
[2022-06-13T01:51:24.586+0000][1][safepoint    ] Leaving safepoint region
[2022-06-13T01:51:24.587+0000][1][safepoint    ] Total time for which application threads were stopped: 0.0009725 seconds, Stopping threads took: 0.0003626 seconds
[2022-06-13T01:51:24.661+0000][1][safepoint    ] Application time: 0.0743246 seconds
[2022-06-13T01:51:24.661+0000][1][safepoint    ] Entering safepoint region: CMS_Initial_Mark
[2022-06-13T01:51:24.662+0000][1][gc,start     ] GC(17) Pause Initial Mark
[2022-06-13T01:51:24.668+0000][1][gc           ] GC(17) Pause Initial Mark 124M->124M(247M) 6.312ms
[2022-06-13T01:51:24.669+0000][1][gc,cpu       ] GC(17) User=0.02s Sys=0.00s Real=0.00s
[2022-06-13T01:51:24.669+0000][1][safepoint    ] Leaving safepoint region
[2022-06-13T01:51:24.669+0000][1][safepoint    ] Total time for which application threads were stopped: 0.0079704 seconds, Stopping threads took: 0.0002707 seconds
[2022-06-13T01:51:24.670+0000][1][gc           ] GC(17) Concurrent Mark
[2022-06-13T01:51:24.670+0000][1][gc,task      ] GC(17) Using 4 workers of 4 for marking
[2022-06-13T01:51:24.698+0000][1][gc           ] GC(17) Concurrent Mark 28.313ms
[2022-06-13T01:51:24.698+0000][1][gc,cpu       ] GC(17) User=0.13s Sys=0.00s Real=0.02s
[2022-06-13T01:51:24.699+0000][1][gc           ] GC(17) Concurrent Preclean
[2022-06-13T01:51:24.701+0000][1][gc           ] GC(17) Concurrent Preclean 2.844ms
[2022-06-13T01:51:24.702+0000][1][gc,cpu       ] GC(17) User=0.01s Sys=0.00s Real=0.01s
[2022-06-13T01:51:24.702+0000][1][gc           ] GC(17) Concurrent Abortable Preclean
[2022-06-13T01:51:24.857+0000][1][safepoint    ] Application time: 0.1871692 seconds
[2022-06-13T01:51:24.857+0000][1][safepoint    ] Entering safepoint region: CollectForMetadataAllocation
[2022-06-13T01:51:24.858+0000][1][safepoint    ] Leaving safepoint region
[2022-06-13T01:51:24.858+0000][1][safepoint    ] Total time for which application threads were stopped: 0.0009821 seconds, Stopping threads took: 0.0003941 seconds
[2022-06-13T01:51:24.866+0000][1][safepoint    ] Application time: 0.0073343 seconds
[2022-06-13T01:51:24.866+0000][1][safepoint    ] Entering safepoint region: GenCollectForAllocation
[2022-06-13T01:51:24.867+0000][1][gc,start     ] GC(18) Pause Young (Allocation Failure)
[2022-06-13T01:51:24.867+0000][1][gc,task      ] GC(18) Using 5 workers of 13 for evacuation
[2022-06-13T01:51:24.874+0000][1][gc,age       ] GC(18) Desired survivor size 4456448 bytes, new threshold 6 (max threshold 6)
[2022-06-13T01:51:24.874+0000][1][gc,age       ] GC(18) Age table with threshold 6 (max threshold 6)
[2022-06-13T01:51:24.874+0000][1][gc,age       ] GC(18) - age   1:    3770616 bytes,    3770616 total
[2022-06-13T01:51:24.874+0000][1][gc,age       ] GC(18) - age   2:     261720 bytes,    4032336 total
[2022-06-13T01:51:24.875+0000][1][gc,heap      ] GC(18) ParNew: 73895K->4371K(78656K)
[2022-06-13T01:51:24.875+0000][1][gc,heap      ] GC(18) CMS: 56109K->56109K(174784K)
[2022-06-13T01:51:24.875+0000][1][gc,metaspace ] GC(18) Metaspace: 42283K->42283K(1087488K)
[2022-06-13T01:51:24.876+0000][1][gc           ] GC(18) Pause Young (Allocation Failure) 126M->59M(247M) 8.869ms
[2022-06-13T01:51:24.876+0000][1][gc,cpu       ] GC(18) User=0.03s Sys=0.00s Real=0.01s
[2022-06-13T01:51:24.877+0000][1][safepoint    ] Leaving safepoint region
[2022-06-13T01:51:24.877+0000][1][safepoint    ] Total time for which application threads were stopped: 0.0108250 seconds, Stopping threads took: 0.0005197 seconds
[2022-06-13T01:51:24.933+0000][1][safepoint    ] Application time: 0.0552586 seconds
[2022-06-13T01:51:24.933+0000][1][safepoint    ] Entering safepoint region: CollectForMetadataAllocation
[2022-06-13T01:51:24.934+0000][1][safepoint    ] Leaving safepoint region
[2022-06-13T01:51:24.934+0000][1][safepoint    ] Total time for which application threads were stopped: 0.0008668 seconds, Stopping threads took: 0.0003030 seconds
[2022-06-13T01:51:25.349+0000][1][safepoint    ] Application time: 0.4147835 seconds
[2022-06-13T01:51:25.359+0000][1][safepoint    ] Entering safepoint region: CollectForMetadataAllocation
[2022-06-13T01:51:25.369+0000][1][safepoint    ] Leaving safepoint region
[2022-06-13T01:51:25.379+0000][1][safepoint    ] Total time for which application threads were stopped: 0.0202853 seconds, Stopping threads took: 0.0100138 seconds
[2022-06-13T01:51:25.497+0000][1][safepoint    ] Application time: 0.1075186 seconds
[2022-06-13T01:51:25.498+0000][1][safepoint    ] Entering safepoint region: CollectForMetadataAllocation
[2022-06-13T01:51:25.499+0000][1][safepoint    ] Leaving safepoint region
[2022-06-13T01:51:25.500+0000][1][safepoint    ] Total time for which application threads were stopped: 0.0020493 seconds, Stopping threads took: 0.0013416 seconds
[2022-06-13T01:51:25.529+0000][1][safepoint    ] Application time: 0.0294408 seconds
[2022-06-13T01:51:25.530+0000][1][safepoint    ] Entering safepoint region: CollectForMetadataAllocation
[2022-06-13T01:51:25.530+0000][1][safepoint    ] Leaving safepoint region
[2022-06-13T01:51:25.531+0000][1][safepoint    ] Total time for which application threads were stopped: 0.0009011 seconds, Stopping threads took: 0.0003280 seconds
[2022-06-13T01:51:25.604+0000][1][safepoint    ] Application time: 0.0729116 seconds
[2022-06-13T01:51:25.605+0000][1][safepoint    ] Entering safepoint region: CollectForMetadataAllocation
[2022-06-13T01:51:25.606+0000][1][safepoint    ] Leaving safepoint region
[2022-06-13T01:51:25.606+0000][1][safepoint    ] Total time for which application threads were stopped: 0.0016371 seconds, Stopping threads took: 0.0010679 seconds
[2022-06-13T01:51:25.607+0000][1][gc           ] GC(17) Concurrent Abortable Preclean 904.522ms
[2022-06-13T01:51:25.607+0000][1][gc,cpu       ] GC(17) User=2.66s Sys=0.12s Real=0.90s
[2022-06-13T01:51:25.608+0000][1][safepoint    ] Application time: 0.0015723 seconds
[2022-06-13T01:51:25.609+0000][1][safepoint    ] Entering safepoint region: CMS_Final_Remark
[2022-06-13T01:51:25.609+0000][1][gc,start     ] GC(17) Pause Remark
[2022-06-13T01:51:25.642+0000][1][gc           ] GC(17) Pause Remark 93M->93M(247M) 32.874ms
[2022-06-13T01:51:25.642+0000][1][gc,cpu       ] GC(17) User=0.09s Sys=0.00s Real=0.04s
[2022-06-13T01:51:25.643+0000][1][safepoint    ] Leaving safepoint region
[2022-06-13T01:51:25.643+0000][1][safepoint    ] Total time for which application threads were stopped: 0.0345371 seconds, Stopping threads took: 0.0003205 seconds
[2022-06-13T01:51:25.644+0000][1][gc           ] GC(17) Concurrent Sweep
[2022-06-13T01:51:25.686+0000][1][gc           ] GC(17) Concurrent Sweep 42.522ms
[2022-06-13T01:51:25.688+0000][1][gc,cpu       ] GC(17) User=0.14s Sys=0.00s Real=0.04s
[2022-06-13T01:51:25.689+0000][1][gc           ] GC(17) Concurrent Reset
[2022-06-13T01:51:25.692+0000][1][gc           ] GC(17) Concurrent Reset 2.836ms
[2022-06-13T01:51:25.692+0000][1][gc,cpu       ] GC(17) User=0.02s Sys=0.00s Real=0.01s
[2022-06-13T01:51:25.692+0000][1][gc,heap      ] GC(17) Old: 56109K->55893K(174784K)
[2022-06-13T01:51:25.697+0000][1][safepoint    ] Application time: 0.0533809 seconds
[2022-06-13T01:51:25.698+0000][1][safepoint    ] Entering safepoint region: Deoptimize
[2022-06-13T01:51:25.700+0000][1][safepoint    ] Leaving safepoint region
[2022-06-13T01:51:25.702+0000][1][safepoint    ] Total time for which application threads were stopped: 0.0044865 seconds, Stopping threads took: 0.0003979 seconds
[2022-06-13T01:51:25.728+0000][1][safepoint    ] Application time: 0.0246295 seconds
[2022-06-13T01:51:25.728+0000][1][safepoint    ] Entering safepoint region: RevokeBias
[2022-06-13T01:51:25.729+0000][1][safepoint    ] Leaving safepoint region
[2022-06-13T01:51:25.730+0000][1][safepoint    ] Total time for which application threads were stopped: 0.0014243 seconds, Stopping threads took: 0.0003881 seconds
[2022-06-13T01:51:25.736+0000][1][safepoint    ] Application time: 0.0059658 seconds
[2022-06-13T01:51:25.737+0000][1][safepoint    ] Entering safepoint region: RevokeBias
[2022-06-13T01:51:25.738+0000][1][safepoint    ] Leaving safepoint region
[2022-06-13T01:51:25.738+0000][1][safepoint    ] Total time for which application threads were stopped: 0.0013481 seconds, Stopping threads took: 0.0005628 seconds
[2022-06-13T01:51:25.741+0000][1][safepoint    ] Application time: 0.0025924 seconds
[2022-06-13T01:51:25.742+0000][1][safepoint    ] Entering safepoint region: RevokeBias
[2022-06-13T01:51:25.742+0000][1][safepoint    ] Leaving safepoint region
[2022-06-13T01:51:25.743+0000][1][safepoint    ] Total time for which application threads were stopped: 0.0011611 seconds, Stopping threads took: 0.0006075 seconds
[2022-06-13T01:51:25.831+0000][1][safepoint    ] Application time: 0.0883249 seconds
[2022-06-13T01:51:25.833+0000][1][safepoint    ] Entering safepoint region: RevokeBias
[2022-06-13T01:51:25.833+0000][1][safepoint    ] Leaving safepoint region
[2022-06-13T01:51:25.833+0000][1][safepoint    ] Total time for which application threads were stopped: 0.0007915 seconds, Stopping threads took: 0.0003217 seconds
[2022-06-13T01:51:25.842+0000][1][safepoint    ] Application time: 0.0079839 seconds
[2022-06-13T01:51:25.843+0000][1][safepoint    ] Entering safepoint region: RevokeBias
[2022-06-13T01:51:25.844+0000][1][safepoint    ] Leaving safepoint region
[2022-06-13T01:51:25.844+0000][1][safepoint    ] Total time for which application threads were stopped: 0.0015072 seconds, Stopping threads took: 0.0007170 seconds
[2022-06-13T01:51:26.154+0000][1][safepoint    ] Application time: 0.3088893 seconds
[2022-06-13T01:51:26.156+0000][1][safepoint    ] Entering safepoint region: RevokeBias
[2022-06-13T01:51:26.157+0000][1][safepoint    ] Leaving safepoint region
[2022-06-13T01:51:26.157+0000][1][safepoint    ] Total time for which application threads were stopped: 0.0019516 seconds, Stopping threads took: 0.0008676 seconds
[2022-06-13T01:51:26.162+0000][1][safepoint    ] Application time: 0.0044518 seconds
[2022-06-13T01:51:26.163+0000][1][safepoint    ] Entering safepoint region: RevokeBias
[2022-06-13T01:51:26.163+0000][1][safepoint    ] Leaving safepoint region
[2022-06-13T01:51:26.164+0000][1][safepoint    ] Total time for which application threads were stopped: 0.0015976 seconds, Stopping threads took: 0.0003410 seconds
[2022-06-13T01:51:26.165+0000][1][safepoint    ] Application time: 0.0005643 seconds
[2022-06-13T01:51:26.166+0000][1][safepoint    ] Entering safepoint region: RevokeBias
[2022-06-13T01:51:26.167+0000][1][safepoint    ] Leaving safepoint region
[2022-06-13T01:51:26.167+0000][1][safepoint    ] Total time for which application threads were stopped: 0.0015866 seconds, Stopping threads took: 0.0010053 seconds
[2022-06-13T01:51:26.168+0000][1][safepoint    ] Application time: 0.0007548 seconds
[2022-06-13T01:51:26.169+0000][1][safepoint    ] Entering safepoint region: RevokeBias
[2022-06-13T01:51:26.169+0000][1][safepoint    ] Leaving safepoint region
[2022-06-13T01:51:26.169+0000][1][safepoint    ] Total time for which application threads were stopped: 0.0007277 seconds, Stopping threads took: 0.0003153 seconds
[2022-06-13T01:51:26.259+0000][1][safepoint    ] Application time: 0.0896361 seconds
[2022-06-13T01:51:26.270+0000][1][safepoint    ] Entering safepoint region: RevokeBias
[2022-06-13T01:51:26.270+0000][1][safepoint    ] Leaving safepoint region
[2022-06-13T01:51:26.270+0000][1][safepoint    ] Total time for which application threads were stopped: 0.0006579 seconds, Stopping threads took: 0.0002852 seconds
[2022-06-13T01:51:26.272+0000][1][safepoint    ] Application time: 0.0014611 seconds
[2022-06-13T01:51:26.274+0000][1][safepoint    ] Entering safepoint region: RevokeBias
[2022-06-13T01:51:26.275+0000][1][safepoint    ] Leaving safepoint region
[2022-06-13T01:51:26.275+0000][1][safepoint    ] Total time for which application threads were stopped: 0.0013370 seconds, Stopping threads took: 0.0009478 seconds
[2022-06-13T01:51:26.276+0000][1][safepoint    ] Application time: 0.0002927 seconds
[2022-06-13T01:51:26.276+0000][1][safepoint    ] Entering safepoint region: RevokeBias
[2022-06-13T01:51:26.276+0000][1][safepoint    ] Leaving safepoint region
[2022-06-13T01:51:26.278+0000][1][safepoint    ] Total time for which application threads were stopped: 0.0025817 seconds, Stopping threads took: 0.0006218 seconds
[2022-06-13T01:51:26.280+0000][1][safepoint    ] Application time: 0.0014167 seconds
[2022-06-13T01:51:26.280+0000][1][safepoint    ] Entering safepoint region: RevokeBias
[2022-06-13T01:51:26.281+0000][1][safepoint    ] Leaving safepoint region
[2022-06-13T01:51:26.281+0000][1][safepoint    ] Total time for which application threads were stopped: 0.0006200 seconds, Stopping threads took: 0.0003137 seconds
[2022-06-13T01:51:26.289+0000][1][safepoint    ] Application time: 0.0071619 seconds
[2022-06-13T01:51:26.290+0000][1][safepoint    ] Entering safepoint region: RevokeBias
[2022-06-13T01:51:26.290+0000][1][safepoint    ] Leaving safepoint region
[2022-06-13T01:51:26.291+0000][1][safepoint    ] Total time for which application threads were stopped: 0.0016432 seconds, Stopping threads took: 0.0009331 seconds
[2022-06-13T01:51:26.292+0000][1][safepoint    ] Application time: 0.0006489 seconds
[2022-06-13T01:51:26.293+0000][1][safepoint    ] Entering safepoint region: RevokeBias
[2022-06-13T01:51:26.293+0000][1][safepoint    ] Leaving safepoint region
[2022-06-13T01:51:26.294+0000][1][safepoint    ] Total time for which application threads were stopped: 0.0013212 seconds, Stopping threads took: 0.0007679 seconds
[2022-06-13T01:51:26.295+0000][1][safepoint    ] Application time: 0.0011525 seconds
[2022-06-13T01:51:26.297+0000][1][safepoint    ] Entering safepoint region: RevokeBias
[2022-06-13T01:51:26.297+0000][1][safepoint    ] Leaving safepoint region
[2022-06-13T01:51:26.298+0000][1][safepoint    ] Total time for which application threads were stopped: 0.0012496 seconds, Stopping threads took: 0.0008652 seconds
[2022-06-13T01:51:26.299+0000][1][safepoint    ] Application time: 0.0000944 seconds
[2022-06-13T01:51:26.299+0000][1][safepoint    ] Entering safepoint region: RevokeBias
[2022-06-13T01:51:26.300+0000][1][safepoint    ] Leaving safepoint region
[2022-06-13T01:51:26.300+0000][1][safepoint    ] Total time for which application threads were stopped: 0.0006790 seconds, Stopping threads took: 0.0003030 seconds
[2022-06-13T01:51:26.301+0000][1][safepoint    ] Application time: 0.0008273 seconds
[2022-06-13T01:51:26.301+0000][1][safepoint    ] Entering safepoint region: RevokeBias
[2022-06-13T01:51:26.302+0000][1][safepoint    ] Leaving safepoint region
[2022-06-13T01:51:26.302+0000][1][safepoint    ] Total time for which application threads were stopped: 0.0007361 seconds, Stopping threads took: 0.0003557 seconds
[2022-06-13T01:51:26.302+0000][1][safepoint    ] Application time: 0.0001415 seconds
[2022-06-13T01:51:26.303+0000][1][safepoint    ] Entering safepoint region: RevokeBias
[2022-06-13T01:51:26.303+0000][1][safepoint    ] Leaving safepoint region
[2022-06-13T01:51:26.304+0000][1][safepoint    ] Total time for which application threads were stopped: 0.0007991 seconds, Stopping threads took: 0.0002727 seconds
[2022-06-13T01:51:26.304+0000][1][safepoint    ] Application time: 0.0001180 seconds
[2022-06-13T01:51:26.304+0000][1][safepoint    ] Entering safepoint region: RevokeBias
[2022-06-13T01:51:26.305+0000][1][safepoint    ] Leaving safepoint region
[2022-06-13T01:51:26.305+0000][1][safepoint    ] Total time for which application threads were stopped: 0.0009998 seconds, Stopping threads took: 0.0005493 seconds
[2022-06-13T01:51:26.306+0000][1][safepoint    ] Application time: 0.0001391 seconds
[2022-06-13T01:51:26.306+0000][1][safepoint    ] Entering safepoint region: RevokeBias
[2022-06-13T01:51:26.306+0000][1][safepoint    ] Leaving safepoint region
[2022-06-13T01:51:26.307+0000][1][safepoint    ] Total time for which application threads were stopped: 0.0006067 seconds, Stopping threads took: 0.0002803 seconds
[2022-06-13T01:51:26.307+0000][1][safepoint    ] Application time: 0.0003974 seconds
[2022-06-13T01:51:26.308+0000][1][safepoint    ] Entering safepoint region: RevokeBias
[2022-06-13T01:51:26.308+0000][1][safepoint    ] Leaving safepoint region
[2022-06-13T01:51:26.308+0000][1][safepoint    ] Total time for which application threads were stopped: 0.0006041 seconds, Stopping threads took: 0.0002413 seconds
[2022-06-13T01:51:26.309+0000][1][safepoint    ] Application time: 0.0001417 seconds
[2022-06-13T01:51:26.309+0000][1][safepoint    ] Entering safepoint region: RevokeBias
[2022-06-13T01:51:26.309+0000][1][safepoint    ] Leaving safepoint region
[2022-06-13T01:51:26.310+0000][1][safepoint    ] Total time for which application threads were stopped: 0.0006665 seconds, Stopping threads took: 0.0002759 seconds
[2022-06-13T01:51:26.310+0000][1][safepoint    ] Application time: 0.0001511 seconds
[2022-06-13T01:51:26.310+0000][1][safepoint    ] Entering safepoint region: RevokeBias
[2022-06-13T01:51:26.311+0000][1][safepoint    ] Leaving safepoint region
[2022-06-13T01:51:26.311+0000][1][safepoint    ] Total time for which application threads were stopped: 0.0009394 seconds, Stopping threads took: 0.0005522 seconds
[2022-06-13T01:51:26.312+0000][1][safepoint    ] Application time: 0.0003412 seconds
[2022-06-13T01:51:26.313+0000][1][safepoint    ] Entering safepoint region: RevokeBias
[2022-06-13T01:51:26.313+0000][1][safepoint    ] Leaving safepoint region
[2022-06-13T01:51:26.313+0000][1][safepoint    ] Total time for which application threads were stopped: 0.0009950 seconds, Stopping threads took: 0.0006163 seconds
[2022-06-13T01:51:26.314+0000][1][safepoint    ] Application time: 0.0001308 seconds
[2022-06-13T01:51:26.315+0000][1][safepoint    ] Entering safepoint region: RevokeBias
[2022-06-13T01:51:26.315+0000][1][safepoint    ] Leaving safepoint region
[2022-06-13T01:51:26.315+0000][1][safepoint    ] Total time for which application threads were stopped: 0.0007521 seconds, Stopping threads took: 0.0002042 seconds
[2022-06-13T01:51:26.319+0000][1][safepoint    ] Application time: 0.0001737 seconds
[2022-06-13T01:51:26.319+0000][1][safepoint    ] Entering safepoint region: RevokeBias
[2022-06-13T01:51:26.319+0000][1][safepoint    ] Leaving safepoint region
[2022-06-13T01:51:26.320+0000][1][safepoint    ] Total time for which application threads were stopped: 0.0006628 seconds, Stopping threads took: 0.0003006 seconds
[2022-06-13T01:51:26.320+0000][1][safepoint    ] Application time: 0.0001437 seconds
[2022-06-13T01:51:26.320+0000][1][safepoint    ] Entering safepoint region: RevokeBias
[2022-06-13T01:51:26.321+0000][1][safepoint    ] Leaving safepoint region
[2022-06-13T01:51:26.321+0000][1][safepoint    ] Total time for which application threads were stopped: 0.0006739 seconds, Stopping threads took: 0.0003270 seconds
[2022-06-13T01:51:26.321+0000][1][safepoint    ] Application time: 0.0001401 seconds
[2022-06-13T01:51:26.322+0000][1][safepoint    ] Entering safepoint region: RevokeBias
[2022-06-13T01:51:26.322+0000][1][safepoint    ] Leaving safepoint region
[2022-06-13T01:51:26.322+0000][1][safepoint    ] Total time for which application threads were stopped: 0.0005111 seconds, Stopping threads took: 0.0002130 seconds
[2022-06-13T01:51:26.322+0000][1][safepoint    ] Application time: 0.0000711 seconds
[2022-06-13T01:51:26.323+0000][1][safepoint    ] Entering safepoint region: RevokeBias
[2022-06-13T01:51:26.323+0000][1][safepoint    ] Leaving safepoint region
[2022-06-13T01:51:26.324+0000][1][safepoint    ] Total time for which application threads were stopped: 0.0009658 seconds, Stopping threads took: 0.0003140 seconds
[2022-06-13T01:51:26.324+0000][1][safepoint    ] Application time: 0.0001448 seconds
[2022-06-13T01:51:26.325+0000][1][safepoint    ] Entering safepoint region: RevokeBias
[2022-06-13T01:51:26.325+0000][1][safepoint    ] Leaving safepoint region
[2022-06-13T01:51:26.325+0000][1][safepoint    ] Total time for which application threads were stopped: 0.0006590 seconds, Stopping threads took: 0.0002889 seconds
[2022-06-13T01:51:26.326+0000][1][safepoint    ] Application time: 0.0002060 seconds
[2022-06-13T01:51:26.326+0000][1][safepoint    ] Entering safepoint region: RevokeBias
[2022-06-13T01:51:26.326+0000][1][safepoint    ] Leaving safepoint region
[2022-06-13T01:51:26.327+0000][1][safepoint    ] Total time for which application threads were stopped: 0.0005652 seconds, Stopping threads took: 0.0002636 seconds
[2022-06-13T01:51:26.327+0000][1][safepoint    ] Application time: 0.0003333 seconds
[2022-06-13T01:51:26.327+0000][1][safepoint    ] Entering safepoint region: RevokeBias
[2022-06-13T01:51:26.328+0000][1][safepoint    ] Leaving safepoint region
[2022-06-13T01:51:26.328+0000][1][safepoint    ] Total time for which application threads were stopped: 0.0006387 seconds, Stopping threads took: 0.0002555 seconds
[2022-06-13T01:51:26.329+0000][1][safepoint    ] Application time: 0.0001202 seconds
[2022-06-13T01:51:26.329+0000][1][safepoint    ] Entering safepoint region: RevokeBias
[2022-06-13T01:51:26.330+0000][1][safepoint    ] Leaving safepoint region
[2022-06-13T01:51:26.330+0000][1][safepoint    ] Total time for which application threads were stopped: 0.0009867 seconds, Stopping threads took: 0.0006029 seconds
[2022-06-13T01:51:26.331+0000][1][safepoint    ] Application time: 0.0005316 seconds
[2022-06-13T01:51:26.331+0000][1][safepoint    ] Entering safepoint region: BulkRevokeBias
[2022-06-13T01:51:26.332+0000][1][safepoint    ] Leaving safepoint region
[2022-06-13T01:51:26.332+0000][1][safepoint    ] Total time for which application threads were stopped: 0.0007074 seconds, Stopping threads took: 0.0003298 seconds
[2022-06-13T01:51:26.333+0000][1][safepoint    ] Application time: 0.0004142 seconds
[2022-06-13T01:51:26.333+0000][1][safepoint    ] Entering safepoint region: RevokeBias
[2022-06-13T01:51:26.333+0000][1][safepoint    ] Leaving safepoint region
[2022-06-13T01:51:26.334+0000][1][safepoint    ] Total time for which application threads were stopped: 0.0006931 seconds, Stopping threads took: 0.0002640 seconds
[2022-06-13T01:51:26.334+0000][1][safepoint    ] Application time: 0.0004281 seconds
[2022-06-13T01:51:26.335+0000][1][safepoint    ] Entering safepoint region: RevokeBias
[2022-06-13T01:51:26.335+0000][1][safepoint    ] Leaving safepoint region
[2022-06-13T01:51:26.335+0000][1][safepoint    ] Total time for which application threads were stopped: 0.0005382 seconds, Stopping threads took: 0.0002468 seconds
[2022-06-13T01:51:26.336+0000][1][safepoint    ] Application time: 0.0003366 seconds
[2022-06-13T01:51:26.336+0000][1][safepoint    ] Entering safepoint region: RevokeBias
[2022-06-13T01:51:26.337+0000][1][safepoint    ] Leaving safepoint region
[2022-06-13T01:51:26.337+0000][1][safepoint    ] Total time for which application threads were stopped: 0.0011308 seconds, Stopping threads took: 0.0006513 seconds
[2022-06-13T01:51:26.338+0000][1][safepoint    ] Application time: 0.0002908 seconds
[2022-06-13T01:51:26.338+0000][1][safepoint    ] Entering safepoint region: RevokeBias
[2022-06-13T01:51:26.339+0000][1][safepoint    ] Leaving safepoint region
[2022-06-13T01:51:26.340+0000][1][safepoint    ] Total time for which application threads were stopped: 0.0022166 seconds, Stopping threads took: 0.0005343 seconds
[2022-06-13T01:51:26.342+0000][1][safepoint    ] Application time: 0.0008718 seconds
[2022-06-13T01:51:26.342+0000][1][safepoint    ] Entering safepoint region: RevokeBias
[2022-06-13T01:51:26.342+0000][1][safepoint    ] Leaving safepoint region
[2022-06-13T01:51:26.343+0000][1][safepoint    ] Total time for which application threads were stopped: 0.0007527 seconds, Stopping threads took: 0.0003338 seconds
[2022-06-13T01:51:26.343+0000][1][safepoint    ] Application time: 0.0002022 seconds
[2022-06-13T01:51:26.344+0000][1][safepoint    ] Entering safepoint region: RevokeBias
[2022-06-13T01:51:26.344+0000][1][safepoint    ] Leaving safepoint region
[2022-06-13T01:51:26.344+0000][1][safepoint    ] Total time for which application threads were stopped: 0.0007565 seconds, Stopping threads took: 0.0002728 seconds
[2022-06-13T01:51:26.345+0000][1][safepoint    ] Application time: 0.0001837 seconds
[2022-06-13T01:51:26.345+0000][1][safepoint    ] Entering safepoint region: RevokeBias
[2022-06-13T01:51:26.346+0000][1][safepoint    ] Leaving safepoint region
[2022-06-13T01:51:26.346+0000][1][safepoint    ] Total time for which application threads were stopped: 0.0009141 seconds, Stopping threads took: 0.0002979 seconds
[2022-06-13T01:51:26.347+0000][1][safepoint    ] Application time: 0.0002335 seconds
[2022-06-13T01:51:26.347+0000][1][safepoint    ] Entering safepoint region: RevokeBias
[2022-06-13T01:51:26.347+0000][1][safepoint    ] Leaving safepoint region
[2022-06-13T01:51:26.348+0000][1][safepoint    ] Total time for which application threads were stopped: 0.0006532 seconds, Stopping threads took: 0.0002674 seconds
[2022-06-13T01:51:26.348+0000][1][safepoint    ] Application time: 0.0002718 seconds
[2022-06-13T01:51:26.349+0000][1][safepoint    ] Entering safepoint region: RevokeBias
[2022-06-13T01:51:26.350+0000][1][safepoint    ] Leaving safepoint region
[2022-06-13T01:51:26.351+0000][1][safepoint    ] Total time for which application threads were stopped: 0.0017109 seconds, Stopping threads took: 0.0007602 seconds
[2022-06-13T01:51:26.362+0000][1][safepoint    ] Application time: 0.0088090 seconds
[2022-06-13T01:51:26.362+0000][1][safepoint    ] Entering safepoint region: RevokeBias
[2022-06-13T01:51:26.363+0000][1][safepoint    ] Leaving safepoint region
[2022-06-13T01:51:26.363+0000][1][safepoint    ] Total time for which application threads were stopped: 0.0008297 seconds, Stopping threads took: 0.0004107 seconds
[2022-06-13T01:51:26.364+0000][1][safepoint    ] Application time: 0.0001101 seconds
[2022-06-13T01:51:26.364+0000][1][safepoint    ] Entering safepoint region: RevokeBias
[2022-06-13T01:51:26.364+0000][1][safepoint    ] Leaving safepoint region
[2022-06-13T01:51:26.365+0000][1][safepoint    ] Total time for which application threads were stopped: 0.0008150 seconds, Stopping threads took: 0.0003055 seconds
[2022-06-13T01:51:26.365+0000][1][safepoint    ] Application time: 0.0001446 seconds
[2022-06-13T01:51:26.366+0000][1][safepoint    ] Entering safepoint region: RevokeBias
[2022-06-13T01:51:26.366+0000][1][safepoint    ] Leaving safepoint region
[2022-06-13T01:51:26.366+0000][1][safepoint    ] Total time for which application threads were stopped: 0.0008026 seconds, Stopping threads took: 0.0003572 seconds
[2022-06-13T01:51:26.367+0000][1][safepoint    ] Application time: 0.0002045 seconds
[2022-06-13T01:51:26.367+0000][1][safepoint    ] Entering safepoint region: RevokeBias
[2022-06-13T01:51:26.368+0000][1][safepoint    ] Leaving safepoint region
[2022-06-13T01:51:26.368+0000][1][safepoint    ] Total time for which application threads were stopped: 0.0006683 seconds, Stopping threads took: 0.0002814 seconds
[2022-06-13T01:51:26.369+0000][1][safepoint    ] Application time: 0.0004894 seconds
[2022-06-13T01:51:26.369+0000][1][safepoint    ] Entering safepoint region: RevokeBias
[2022-06-13T01:51:26.369+0000][1][safepoint    ] Leaving safepoint region
[2022-06-13T01:51:26.370+0000][1][safepoint    ] Total time for which application threads were stopped: 0.0008405 seconds, Stopping threads took: 0.0002180 seconds
[2022-06-13T01:51:26.370+0000][1][safepoint    ] Application time: 0.0002103 seconds
[2022-06-13T01:51:26.371+0000][1][safepoint    ] Entering safepoint region: RevokeBias
[2022-06-13T01:51:26.372+0000][1][safepoint    ] Leaving safepoint region
[2022-06-13T01:51:26.372+0000][1][safepoint    ] Total time for which application threads were stopped: 0.0012845 seconds, Stopping threads took: 0.0006020 seconds
[2022-06-13T01:51:26.373+0000][1][safepoint    ] Application time: 0.0002250 seconds
[2022-06-13T01:51:26.373+0000][1][safepoint    ] Entering safepoint region: RevokeBias
[2022-06-13T01:51:26.373+0000][1][safepoint    ] Leaving safepoint region
[2022-06-13T01:51:26.374+0000][1][safepoint    ] Total time for which application threads were stopped: 0.0009535 seconds, Stopping threads took: 0.0003262 seconds
[2022-06-13T01:51:26.374+0000][1][safepoint    ] Application time: 0.0001775 seconds
[2022-06-13T01:51:26.375+0000][1][safepoint    ] Entering safepoint region: RevokeBias
[2022-06-13T01:51:26.375+0000][1][safepoint    ] Leaving safepoint region
[2022-06-13T01:51:26.375+0000][1][safepoint    ] Total time for which application threads were stopped: 0.0007967 seconds, Stopping threads took: 0.0002825 seconds
[2022-06-13T01:51:26.376+0000][1][safepoint    ] Application time: 0.0001786 seconds
[2022-06-13T01:51:26.376+0000][1][safepoint    ] Entering safepoint region: BulkRevokeBias
[2022-06-13T01:51:26.377+0000][1][safepoint    ] Leaving safepoint region
[2022-06-13T01:51:26.377+0000][1][safepoint    ] Total time for which application threads were stopped: 0.0009559 seconds, Stopping threads took: 0.0003435 seconds
[2022-06-13T01:51:26.378+0000][1][safepoint    ] Application time: 0.0001733 seconds
[2022-06-13T01:51:26.378+0000][1][safepoint    ] Entering safepoint region: RevokeBias
[2022-06-13T01:51:26.379+0000][1][safepoint    ] Leaving safepoint region
[2022-06-13T01:51:26.379+0000][1][safepoint    ] Total time for which application threads were stopped: 0.0008476 seconds, Stopping threads took: 0.0003463 seconds
[2022-06-13T01:51:26.379+0000][1][safepoint    ] Application time: 0.0001604 seconds
[2022-06-13T01:51:26.380+0000][1][safepoint    ] Entering safepoint region: RevokeBias
[2022-06-13T01:51:26.381+0000][1][safepoint    ] Leaving safepoint region
[2022-06-13T01:51:26.381+0000][1][safepoint    ] Total time for which application threads were stopped: 0.0011502 seconds, Stopping threads took: 0.0007230 seconds
[2022-06-13T01:51:26.381+0000][1][safepoint    ] Application time: 0.0001933 seconds
[2022-06-13T01:51:26.382+0000][1][safepoint    ] Entering safepoint region: RevokeBias
[2022-06-13T01:51:26.382+0000][1][safepoint    ] Leaving safepoint region
[2022-06-13T01:51:26.382+0000][1][safepoint    ] Total time for which application threads were stopped: 0.0006196 seconds, Stopping threads took: 0.0002600 seconds
[2022-06-13T01:51:26.383+0000][1][safepoint    ] Application time: 0.0002071 seconds
[2022-06-13T01:51:26.383+0000][1][safepoint    ] Entering safepoint region: RevokeBias
[2022-06-13T01:51:26.384+0000][1][safepoint    ] Leaving safepoint region
[2022-06-13T01:51:26.384+0000][1][safepoint    ] Total time for which application threads were stopped: 0.0007347 seconds, Stopping threads took: 0.0003459 seconds
[2022-06-13T01:51:26.384+0000][1][safepoint    ] Application time: 0.0001064 seconds
[2022-06-13T01:51:26.385+0000][1][safepoint    ] Entering safepoint region: RevokeBias
[2022-06-13T01:51:26.385+0000][1][safepoint    ] Leaving safepoint region
[2022-06-13T01:51:26.385+0000][1][safepoint    ] Total time for which application threads were stopped: 0.0006612 seconds, Stopping threads took: 0.0002628 seconds
[2022-06-13T01:51:26.386+0000][1][safepoint    ] Application time: 0.0001449 seconds
[2022-06-13T01:51:26.386+0000][1][safepoint    ] Entering safepoint region: BulkRevokeBias
[2022-06-13T01:51:26.387+0000][1][safepoint    ] Leaving safepoint region
[2022-06-13T01:51:26.387+0000][1][safepoint    ] Total time for which application threads were stopped: 0.0006830 seconds, Stopping threads took: 0.0002580 seconds
[2022-06-13T01:51:26.388+0000][1][safepoint    ] Application time: 0.0005675 seconds
[2022-06-13T01:51:26.388+0000][1][safepoint    ] Entering safepoint region: RevokeBias
[2022-06-13T01:51:26.388+0000][1][safepoint    ] Leaving safepoint region
[2022-06-13T01:51:26.389+0000][1][safepoint    ] Total time for which application threads were stopped: 0.0007644 seconds, Stopping threads took: 0.0004555 seconds
[2022-06-13T01:51:26.389+0000][1][safepoint    ] Application time: 0.0002977 seconds
[2022-06-13T01:51:26.390+0000][1][safepoint    ] Entering safepoint region: RevokeBias
[2022-06-13T01:51:26.390+0000][1][safepoint    ] Leaving safepoint region
[2022-06-13T01:51:26.390+0000][1][safepoint    ] Total time for which application threads were stopped: 0.0005928 seconds, Stopping threads took: 0.0003182 seconds
[2022-06-13T01:51:26.391+0000][1][safepoint    ] Application time: 0.0003510 seconds
[2022-06-13T01:51:26.391+0000][1][safepoint    ] Entering safepoint region: RevokeBias
[2022-06-13T01:51:26.391+0000][1][safepoint    ] Leaving safepoint region
[2022-06-13T01:51:26.392+0000][1][safepoint    ] Total time for which application threads were stopped: 0.0006930 seconds, Stopping threads took: 0.0003219 seconds
[2022-06-13T01:51:26.392+0000][1][safepoint    ] Application time: 0.0001890 seconds
[2022-06-13T01:51:26.393+0000][1][safepoint    ] Entering safepoint region: RevokeBias
[2022-06-13T01:51:26.393+0000][1][safepoint    ] Leaving safepoint region
[2022-06-13T01:51:26.394+0000][1][safepoint    ] Total time for which application threads were stopped: 0.0013588 seconds, Stopping threads took: 0.0009395 seconds
[2022-06-13T01:51:26.394+0000][1][safepoint    ] Application time: 0.0001499 seconds
[2022-06-13T01:51:26.395+0000][1][safepoint    ] Entering safepoint region: RevokeBias
[2022-06-13T01:51:26.395+0000][1][safepoint    ] Leaving safepoint region
[2022-06-13T01:51:26.395+0000][1][safepoint    ] Total time for which application threads were stopped: 0.0008662 seconds, Stopping threads took: 0.0004459 seconds
[2022-06-13T01:51:26.396+0000][1][safepoint    ] Application time: 0.0001834 seconds
[2022-06-13T01:51:26.396+0000][1][safepoint    ] Entering safepoint region: RevokeBias
[2022-06-13T01:51:26.397+0000][1][safepoint    ] Leaving safepoint region
[2022-06-13T01:51:26.397+0000][1][safepoint    ] Total time for which application threads were stopped: 0.0008562 seconds, Stopping threads took: 0.0003855 seconds
[2022-06-13T01:51:26.398+0000][1][safepoint    ] Application time: 0.0008870 seconds
[2022-06-13T01:51:26.399+0000][1][safepoint    ] Entering safepoint region: RevokeBias
[2022-06-13T01:51:26.400+0000][1][safepoint    ] Leaving safepoint region
[2022-06-13T01:51:26.400+0000][1][safepoint    ] Total time for which application threads were stopped: 0.0013914 seconds, Stopping threads took: 0.0009875 seconds
[2022-06-13T01:51:26.401+0000][1][safepoint    ] Application time: 0.0005008 seconds
[2022-06-13T01:51:26.402+0000][1][safepoint    ] Entering safepoint region: RevokeBias
[2022-06-13T01:51:26.402+0000][1][safepoint    ] Leaving safepoint region
[2022-06-13T01:51:26.402+0000][1][safepoint    ] Total time for which application threads were stopped: 0.0010119 seconds, Stopping threads took: 0.0006751 seconds
[2022-06-13T01:51:26.403+0000][1][safepoint    ] Application time: 0.0007997 seconds
[2022-06-13T01:51:26.404+0000][1][safepoint    ] Entering safepoint region: RevokeBias
[2022-06-13T01:51:26.404+0000][1][safepoint    ] Leaving safepoint region
[2022-06-13T01:51:26.404+0000][1][safepoint    ] Total time for which application threads were stopped: 0.0006383 seconds, Stopping threads took: 0.0002729 seconds
[2022-06-13T01:51:26.406+0000][1][safepoint    ] Application time: 0.0009378 seconds
[2022-06-13T01:51:26.406+0000][1][safepoint    ] Entering safepoint region: RevokeBias
[2022-06-13T01:51:26.406+0000][1][safepoint    ] Leaving safepoint region
[2022-06-13T01:51:26.407+0000][1][safepoint    ] Total time for which application threads were stopped: 0.0006560 seconds, Stopping threads took: 0.0003909 seconds
[2022-06-13T01:51:26.407+0000][1][safepoint    ] Application time: 0.0002918 seconds
[2022-06-13T01:51:26.407+0000][1][safepoint    ] Entering safepoint region: RevokeBias
[2022-06-13T01:51:26.408+0000][1][safepoint    ] Leaving safepoint region
[2022-06-13T01:51:26.408+0000][1][safepoint    ] Total time for which application threads were stopped: 0.0007872 seconds, Stopping threads took: 0.0003666 seconds
[2022-06-13T01:51:26.410+0000][1][safepoint    ] Application time: 0.0009619 seconds
[2022-06-13T01:51:26.410+0000][1][safepoint    ] Entering safepoint region: RevokeBias
[2022-06-13T01:51:26.411+0000][1][safepoint    ] Leaving safepoint region
[2022-06-13T01:51:26.411+0000][1][safepoint    ] Total time for which application threads were stopped: 0.0012088 seconds, Stopping threads took: 0.0008036 seconds
[2022-06-13T01:51:26.413+0000][1][safepoint    ] Application time: 0.0021251 seconds
[2022-06-13T01:51:26.414+0000][1][safepoint    ] Entering safepoint region: RevokeBias
[2022-06-13T01:51:26.414+0000][1][safepoint    ] Leaving safepoint region
[2022-06-13T01:51:26.415+0000][1][safepoint    ] Total time for which application threads were stopped: 0.0013427 seconds, Stopping threads took: 0.0004097 seconds
[2022-06-13T01:51:26.417+0000][1][safepoint    ] Application time: 0.0015659 seconds
[2022-06-13T01:51:26.417+0000][1][safepoint    ] Entering safepoint region: RevokeBias
[2022-06-13T01:51:26.418+0000][1][safepoint    ] Leaving safepoint region
[2022-06-13T01:51:26.418+0000][1][safepoint    ] Total time for which application threads were stopped: 0.0007121 seconds, Stopping threads took: 0.0003238 seconds
[2022-06-13T01:51:26.418+0000][1][safepoint    ] Application time: 0.0001541 seconds
[2022-06-13T01:51:26.419+0000][1][safepoint    ] Entering safepoint region: RevokeBias
[2022-06-13T01:51:26.419+0000][1][safepoint    ] Leaving safepoint region
[2022-06-13T01:51:26.419+0000][1][safepoint    ] Total time for which application threads were stopped: 0.0006628 seconds, Stopping threads took: 0.0002530 seconds
[2022-06-13T01:51:26.426+0000][1][safepoint    ] Application time: 0.0046906 seconds
[2022-06-13T01:51:26.426+0000][1][safepoint    ] Entering safepoint region: RevokeBias
[2022-06-13T01:51:26.426+0000][1][safepoint    ] Leaving safepoint region
[2022-06-13T01:51:26.427+0000][1][safepoint    ] Total time for which application threads were stopped: 0.0006496 seconds, Stopping threads took: 0.0002368 seconds
[2022-06-13T01:51:26.427+0000][1][safepoint    ] Application time: 0.0001791 seconds
[2022-06-13T01:51:26.427+0000][1][safepoint    ] Entering safepoint region: RevokeBias
[2022-06-13T01:51:26.428+0000][1][safepoint    ] Leaving safepoint region
[2022-06-13T01:51:26.428+0000][1][safepoint    ] Total time for which application threads were stopped: 0.0007969 seconds, Stopping threads took: 0.0004472 seconds
[2022-06-13T01:51:26.429+0000][1][safepoint    ] Application time: 0.0005530 seconds
[2022-06-13T01:51:26.430+0000][1][safepoint    ] Entering safepoint region: RevokeBias
[2022-06-13T01:51:26.430+0000][1][safepoint    ] Leaving safepoint region
[2022-06-13T01:51:26.430+0000][1][safepoint    ] Total time for which application threads were stopped: 0.0011933 seconds, Stopping threads took: 0.0008094 seconds
[2022-06-13T01:51:26.473+0000][1][safepoint    ] Application time: 0.0423011 seconds
[2022-06-13T01:51:26.473+0000][1][safepoint    ] Entering safepoint region: GenCollectForAllocation
[2022-06-13T01:51:26.474+0000][1][gc,start     ] GC(19) Pause Young (Allocation Failure)
[2022-06-13T01:51:26.474+0000][1][gc,task      ] GC(19) Using 5 workers of 13 for evacuation
[2022-06-13T01:51:26.484+0000][1][gc,age       ] GC(19) Desired survivor size 4456448 bytes, new threshold 2 (max threshold 6)
[2022-06-13T01:51:26.485+0000][1][gc,age       ] GC(19) Age table with threshold 2 (max threshold 6)
[2022-06-13T01:51:26.485+0000][1][gc,age       ] GC(19) - age   1:    3116496 bytes,    3116496 total
[2022-06-13T01:51:26.485+0000][1][gc,age       ] GC(19) - age   2:    3668440 bytes,    6784936 total
[2022-06-13T01:51:26.485+0000][1][gc,age       ] GC(19) - age   3:     261464 bytes,    7046400 total
[2022-06-13T01:51:26.486+0000][1][gc,heap      ] GC(19) ParNew: 74323K->8704K(78656K)
[2022-06-13T01:51:26.486+0000][1][gc,heap      ] GC(19) CMS: 55893K->55893K(174784K)
[2022-06-13T01:51:26.486+0000][1][gc,metaspace ] GC(19) Metaspace: 47270K->47270K(1093632K)
[2022-06-13T01:51:26.487+0000][1][gc           ] GC(19) Pause Young (Allocation Failure) 127M->63M(247M) 12.822ms
[2022-06-13T01:51:26.487+0000][1][gc,cpu       ] GC(19) User=0.05s Sys=0.00s Real=0.01s
[2022-06-13T01:51:26.488+0000][1][safepoint    ] Leaving safepoint region
[2022-06-13T01:51:26.488+0000][1][safepoint    ] Total time for which application threads were stopped: 0.0143558 seconds, Stopping threads took: 0.0004874 seconds
[2022-06-13T01:51:26.921+0000][1][safepoint    ] Application time: 0.4333382 seconds
[2022-06-13T01:51:26.922+0000][1][safepoint    ] Entering safepoint region: RevokeBias
[2022-06-13T01:51:26.922+0000][1][safepoint    ] Leaving safepoint region
[2022-06-13T01:51:26.922+0000][1][safepoint    ] Total time for which application threads were stopped: 0.0005324 seconds, Stopping threads took: 0.0002730 seconds
[2022-06-13T01:51:27.006+0000][1][safepoint    ] Application time: 0.0837361 seconds
[2022-06-13T01:51:27.007+0000][1][safepoint    ] Entering safepoint region: RevokeBias
[2022-06-13T01:51:27.007+0000][1][safepoint    ] Leaving safepoint region
[2022-06-13T01:51:27.007+0000][1][safepoint    ] Total time for which application threads were stopped: 0.0006806 seconds, Stopping threads took: 0.0002203 seconds
[2022-06-13T01:51:27.009+0000][1][safepoint    ] Application time: 0.0010574 seconds
[2022-06-13T01:51:27.009+0000][1][safepoint    ] Entering safepoint region: RevokeBias
[2022-06-13T01:51:27.009+0000][1][safepoint    ] Leaving safepoint region
[2022-06-13T01:51:27.010+0000][1][safepoint    ] Total time for which application threads were stopped: 0.0007041 seconds, Stopping threads took: 0.0003440 seconds
[2022-06-13T01:51:27.017+0000][1][safepoint    ] Application time: 0.0073742 seconds
[2022-06-13T01:51:27.018+0000][1][safepoint    ] Entering safepoint region: RevokeBias
[2022-06-13T01:51:27.018+0000][1][safepoint    ] Leaving safepoint region
[2022-06-13T01:51:27.018+0000][1][safepoint    ] Total time for which application threads were stopped: 0.0006946 seconds, Stopping threads took: 0.0003004 seconds
[2022-06-13T01:51:27.022+0000][1][safepoint    ] Application time: 0.0036101 seconds
[2022-06-13T01:51:27.023+0000][1][safepoint    ] Entering safepoint region: RevokeBias
[2022-06-13T01:51:27.023+0000][1][safepoint    ] Leaving safepoint region
[2022-06-13T01:51:27.023+0000][1][safepoint    ] Total time for which application threads were stopped: 0.0008119 seconds, Stopping threads took: 0.0003186 seconds
[2022-06-13T01:51:27.033+0000][1][safepoint    ] Application time: 0.0091411 seconds
[2022-06-13T01:51:27.033+0000][1][safepoint    ] Entering safepoint region: RevokeBias
[2022-06-13T01:51:27.033+0000][1][safepoint    ] Leaving safepoint region
[2022-06-13T01:51:27.034+0000][1][safepoint    ] Total time for which application threads were stopped: 0.0005210 seconds, Stopping threads took: 0.0002368 seconds
[2022-06-13T01:51:27.046+0000][1][safepoint    ] Application time: 0.0118199 seconds
[2022-06-13T01:51:27.046+0000][1][safepoint    ] Entering safepoint region: RevokeBias
[2022-06-13T01:51:27.046+0000][1][safepoint    ] Leaving safepoint region
[2022-06-13T01:51:27.047+0000][1][safepoint    ] Total time for which application threads were stopped: 0.0005613 seconds, Stopping threads took: 0.0002716 seconds
[2022-06-13T01:51:27.057+0000][1][safepoint    ] Application time: 0.0099350 seconds
[2022-06-13T01:51:27.057+0000][1][safepoint    ] Entering safepoint region: RevokeBias
[2022-06-13T01:51:27.058+0000][1][safepoint    ] Leaving safepoint region
[2022-06-13T01:51:27.058+0000][1][safepoint    ] Total time for which application threads were stopped: 0.0005904 seconds, Stopping threads took: 0.0002782 seconds
[2022-06-13T01:51:27.080+0000][1][safepoint    ] Application time: 0.0214458 seconds
[2022-06-13T01:51:27.080+0000][1][safepoint    ] Entering safepoint region: RevokeBias
[2022-06-13T01:51:27.080+0000][1][safepoint    ] Leaving safepoint region
[2022-06-13T01:51:27.081+0000][1][safepoint    ] Total time for which application threads were stopped: 0.0006409 seconds, Stopping threads took: 0.0002867 seconds
[2022-06-13T01:51:27.139+0000][1][safepoint    ] Application time: 0.0585296 seconds
[2022-06-13T01:51:27.140+0000][1][safepoint    ] Entering safepoint region: RevokeBias
[2022-06-13T01:51:27.140+0000][1][safepoint    ] Leaving safepoint region
[2022-06-13T01:51:27.141+0000][1][safepoint    ] Total time for which application threads were stopped: 0.0007837 seconds, Stopping threads took: 0.0004111 seconds
[2022-06-13T01:51:27.142+0000][1][safepoint    ] Application time: 0.0012204 seconds
[2022-06-13T01:51:27.144+0000][1][safepoint    ] Entering safepoint region: RevokeBias
[2022-06-13T01:51:27.144+0000][1][safepoint    ] Leaving safepoint region
[2022-06-13T01:51:27.144+0000][1][safepoint    ] Total time for which application threads were stopped: 0.0020448 seconds, Stopping threads took: 0.0016800 seconds
[2022-06-13T01:51:27.395+0000][1][safepoint    ] Application time: 0.2499502 seconds
[2022-06-13T01:51:27.395+0000][1][safepoint    ] Entering safepoint region: RevokeBias
[2022-06-13T01:51:27.395+0000][1][safepoint    ] Leaving safepoint region
[2022-06-13T01:51:27.396+0000][1][safepoint    ] Total time for which application threads were stopped: 0.0006886 seconds, Stopping threads took: 0.0002948 seconds
[2022-06-13T01:51:27.596+0000][1][safepoint    ] Application time: 0.2004256 seconds
[2022-06-13T01:51:27.597+0000][1][safepoint    ] Entering safepoint region: GenCollectForAllocation
[2022-06-13T01:51:27.597+0000][1][gc,start     ] GC(20) Pause Young (Allocation Failure)
[2022-06-13T01:51:27.597+0000][1][gc,task      ] GC(20) Using 5 workers of 13 for evacuation
[2022-06-13T01:51:27.609+0000][1][gc,age       ] GC(20) Desired survivor size 4456448 bytes, new threshold 2 (max threshold 6)
[2022-06-13T01:51:27.609+0000][1][gc,age       ] GC(20) Age table with threshold 2 (max threshold 6)
[2022-06-13T01:51:27.610+0000][1][gc,age       ] GC(20) - age   1:    1580464 bytes,    1580464 total
[2022-06-13T01:51:27.610+0000][1][gc,age       ] GC(20) - age   2:    3055800 bytes,    4636264 total
[2022-06-13T01:51:27.610+0000][1][gc,heap      ] GC(20) ParNew: 78656K->7156K(78656K)
[2022-06-13T01:51:27.610+0000][1][gc,heap      ] GC(20) CMS: 55893K->59834K(174784K)
[2022-06-13T01:51:27.611+0000][1][gc,metaspace ] GC(20) Metaspace: 53717K->53717K(1097728K)
[2022-06-13T01:51:27.611+0000][1][gc           ] GC(20) Pause Young (Allocation Failure) 131M->65M(247M) 13.666ms
[2022-06-13T01:51:27.611+0000][1][gc,cpu       ] GC(20) User=0.06s Sys=0.00s Real=0.02s
[2022-06-13T01:51:27.611+0000][1][safepoint    ] Leaving safepoint region
[2022-06-13T01:51:27.612+0000][1][safepoint    ] Total time for which application threads were stopped: 0.0149630 seconds, Stopping threads took: 0.0003244 seconds
[2022-06-13T01:51:27.737+0000][1][safepoint    ] Application time: 0.1250997 seconds
[2022-06-13T01:51:27.737+0000][1][safepoint    ] Entering safepoint region: RevokeBias
[2022-06-13T01:51:27.739+0000][1][safepoint    ] Leaving safepoint region
[2022-06-13T01:51:27.739+0000][1][safepoint    ] Total time for which application threads were stopped: 0.0015271 seconds, Stopping threads took: 0.0003192 seconds
[2022-06-13T01:51:27.742+0000][1][safepoint    ] Application time: 0.0026627 seconds
[2022-06-13T01:51:27.742+0000][1][safepoint    ] Entering safepoint region: RevokeBias
[2022-06-13T01:51:27.742+0000][1][safepoint    ] Leaving safepoint region
[2022-06-13T01:51:27.743+0000][1][safepoint    ] Total time for which application threads were stopped: 0.0004017 seconds, Stopping threads took: 0.0001724 seconds
[2022-06-13T01:51:27.992+0000][1][safepoint    ] Application time: 0.2495836 seconds
[2022-06-13T01:51:27.993+0000][1][safepoint    ] Entering safepoint region: Deoptimize
[2022-06-13T01:51:27.994+0000][1][safepoint    ] Leaving safepoint region
[2022-06-13T01:51:27.995+0000][1][safepoint    ] Total time for which application threads were stopped: 0.0019132 seconds, Stopping threads took: 0.0002849 seconds
[2022-06-13T01:51:28.003+0000][1][safepoint    ] Application time: 0.0083127 seconds
[2022-06-13T01:51:28.004+0000][1][safepoint    ] Entering safepoint region: RevokeBias
[2022-06-13T01:51:28.004+0000][1][safepoint    ] Leaving safepoint region
[2022-06-13T01:51:28.004+0000][1][safepoint    ] Total time for which application threads were stopped: 0.0005329 seconds, Stopping threads took: 0.0002453 seconds
[2022-06-13T01:51:28.008+0000][1][safepoint    ] Application time: 0.0031520 seconds
[2022-06-13T01:51:28.008+0000][1][safepoint    ] Entering safepoint region: RevokeBias
[2022-06-13T01:51:28.008+0000][1][safepoint    ] Leaving safepoint region
[2022-06-13T01:51:28.009+0000][1][safepoint    ] Total time for which application threads were stopped: 0.0006193 seconds, Stopping threads took: 0.0002891 seconds
[2022-06-13T01:51:28.010+0000][1][safepoint    ] Application time: 0.0008772 seconds
[2022-06-13T01:51:28.010+0000][1][safepoint    ] Entering safepoint region: RevokeBias
[2022-06-13T01:51:28.010+0000][1][safepoint    ] Leaving safepoint region
[2022-06-13T01:51:28.011+0000][1][safepoint    ] Total time for which application threads were stopped: 0.0006520 seconds, Stopping threads took: 0.0003781 seconds
[2022-06-13T01:51:28.011+0000][1][safepoint    ] Application time: 0.0005576 seconds
[2022-06-13T01:51:28.012+0000][1][safepoint    ] Entering safepoint region: BulkRevokeBias
[2022-06-13T01:51:28.012+0000][1][safepoint    ] Leaving safepoint region
[2022-06-13T01:51:28.012+0000][1][safepoint    ] Total time for which application threads were stopped: 0.0007273 seconds, Stopping threads took: 0.0002860 seconds
[2022-06-13T01:51:28.064+0000][1][safepoint    ] Application time: 0.0511911 seconds
[2022-06-13T01:51:28.065+0000][1][safepoint    ] Entering safepoint region: RevokeBias
[2022-06-13T01:51:28.065+0000][1][safepoint    ] Leaving safepoint region
[2022-06-13T01:51:28.065+0000][1][safepoint    ] Total time for which application threads were stopped: 0.0007260 seconds, Stopping threads took: 0.0003632 seconds
[2022-06-13T01:51:28.066+0000][1][safepoint    ] Application time: 0.0002100 seconds
[2022-06-13T01:51:28.066+0000][1][safepoint    ] Entering safepoint region: RevokeBias
[2022-06-13T01:51:28.067+0000][1][safepoint    ] Leaving safepoint region
[2022-06-13T01:51:28.067+0000][1][safepoint    ] Total time for which application threads were stopped: 0.0006179 seconds, Stopping threads took: 0.0002738 seconds
[2022-06-13T01:51:28.067+0000][1][safepoint    ] Application time: 0.0002806 seconds
[2022-06-13T01:51:28.068+0000][1][safepoint    ] Entering safepoint region: RevokeBias
[2022-06-13T01:51:28.068+0000][1][safepoint    ] Leaving safepoint region
[2022-06-13T01:51:28.068+0000][1][safepoint    ] Total time for which application threads were stopped: 0.0004664 seconds, Stopping threads took: 0.0002257 seconds
[2022-06-13T01:51:28.072+0000][1][safepoint    ] Application time: 0.0037910 seconds
[2022-06-13T01:51:28.073+0000][1][safepoint    ] Entering safepoint region: RevokeBias
[2022-06-13T01:51:28.073+0000][1][safepoint    ] Leaving safepoint region
[2022-06-13T01:51:28.074+0000][1][safepoint    ] Total time for which application threads were stopped: 0.0011850 seconds, Stopping threads took: 0.0004384 seconds
[2022-06-13T01:51:28.147+0000][1][safepoint    ] Application time: 0.0724339 seconds
[2022-06-13T01:51:28.147+0000][1][safepoint    ] Entering safepoint region: RevokeBias
[2022-06-13T01:51:28.149+0000][1][safepoint    ] Leaving safepoint region
[2022-06-13T01:51:28.150+0000][1][safepoint    ] Total time for which application threads were stopped: 0.0025863 seconds, Stopping threads took: 0.0006932 seconds
[2022-06-13T01:51:28.150+0000][1][safepoint    ] Application time: 0.0001583 seconds
[2022-06-13T01:51:28.150+0000][1][safepoint    ] Entering safepoint region: RevokeBias
[2022-06-13T01:51:28.151+0000][1][safepoint    ] Leaving safepoint region
[2022-06-13T01:51:28.151+0000][1][safepoint    ] Total time for which application threads were stopped: 0.0006819 seconds, Stopping threads took: 0.0003318 seconds
[2022-06-13T01:51:28.151+0000][1][safepoint    ] Application time: 0.0002219 seconds
[2022-06-13T01:51:28.153+0000][1][safepoint    ] Entering safepoint region: RevokeBias
[2022-06-13T01:51:28.153+0000][1][safepoint    ] Leaving safepoint region
[2022-06-13T01:51:28.154+0000][1][safepoint    ] Total time for which application threads were stopped: 0.0018163 seconds, Stopping threads took: 0.0014492 seconds
[2022-06-13T01:51:28.423+0000][1][safepoint    ] Application time: 0.2692478 seconds
[2022-06-13T01:51:28.423+0000][1][safepoint    ] Entering safepoint region: Deoptimize
[2022-06-13T01:51:28.424+0000][1][safepoint    ] Leaving safepoint region
[2022-06-13T01:51:28.425+0000][1][safepoint    ] Total time for which application threads were stopped: 0.0012016 seconds, Stopping threads took: 0.0002296 seconds
[2022-06-13T01:51:29.027+0000][1][safepoint    ] Application time: 0.6020767 seconds
[2022-06-13T01:51:29.027+0000][1][safepoint    ] Entering safepoint region: RevokeBias
[2022-06-13T01:51:29.028+0000][1][safepoint    ] Leaving safepoint region
[2022-06-13T01:51:29.028+0000][1][safepoint    ] Total time for which application threads were stopped: 0.0007469 seconds, Stopping threads took: 0.0003528 seconds
[2022-06-13T01:51:29.029+0000][1][safepoint    ] Application time: 0.0004417 seconds
[2022-06-13T01:51:29.029+0000][1][safepoint    ] Entering safepoint region: RevokeBias
[2022-06-13T01:51:29.030+0000][1][safepoint    ] Leaving safepoint region
[2022-06-13T01:51:29.030+0000][1][safepoint    ] Total time for which application threads were stopped: 0.0006270 seconds, Stopping threads took: 0.0002443 seconds
[2022-06-13T01:51:29.155+0000][1][safepoint    ] Application time: 0.1246698 seconds
[2022-06-13T01:51:29.156+0000][1][safepoint    ] Entering safepoint region: RevokeBias
[2022-06-13T01:51:29.156+0000][1][safepoint    ] Leaving safepoint region
[2022-06-13T01:51:29.157+0000][1][safepoint    ] Total time for which application threads were stopped: 0.0010901 seconds, Stopping threads took: 0.0004384 seconds
[2022-06-13T01:51:29.165+0000][1][safepoint    ] Application time: 0.0078229 seconds
[2022-06-13T01:51:29.166+0000][1][safepoint    ] Entering safepoint region: RevokeBias
[2022-06-13T01:51:29.167+0000][1][safepoint    ] Leaving safepoint region
[2022-06-13T01:51:29.167+0000][1][safepoint    ] Total time for which application threads were stopped: 0.0013147 seconds, Stopping threads took: 0.0008277 seconds
[2022-06-13T01:51:29.206+0000][1][safepoint    ] Application time: 0.0382393 seconds
[2022-06-13T01:51:29.206+0000][1][safepoint    ] Entering safepoint region: GenCollectForAllocation
[2022-06-13T01:51:29.207+0000][1][gc,start     ] GC(21) Pause Young (Allocation Failure)
[2022-06-13T01:51:29.207+0000][1][gc,task      ] GC(21) Using 5 workers of 13 for evacuation
[2022-06-13T01:51:29.225+0000][1][gc,age       ] GC(21) Desired survivor size 4456448 bytes, new threshold 2 (max threshold 6)
[2022-06-13T01:51:29.225+0000][1][gc,age       ] GC(21) Age table with threshold 2 (max threshold 6)
[2022-06-13T01:51:29.225+0000][1][gc,age       ] GC(21) - age   1:    3751872 bytes,    3751872 total
[2022-06-13T01:51:29.225+0000][1][gc,age       ] GC(21) - age   2:    1436168 bytes,    5188040 total
[2022-06-13T01:51:29.226+0000][1][gc,heap      ] GC(21) ParNew: 77108K->7818K(78656K)
[2022-06-13T01:51:29.226+0000][1][gc,heap      ] GC(21) CMS: 59834K->62886K(174784K)
[2022-06-13T01:51:29.227+0000][1][gc,metaspace ] GC(21) Metaspace: 61709K->61709K(1105920K)
[2022-06-13T01:51:29.227+0000][1][gc           ] GC(21) Pause Young (Allocation Failure) 133M->69M(247M) 20.253ms
[2022-06-13T01:51:29.227+0000][1][gc,cpu       ] GC(21) User=0.10s Sys=0.00s Real=0.02s
[2022-06-13T01:51:29.228+0000][1][safepoint    ] Leaving safepoint region
[2022-06-13T01:51:29.228+0000][1][safepoint    ] Total time for which application threads were stopped: 0.0219739 seconds, Stopping threads took: 0.0003671 seconds
[2022-06-13T01:51:29.486+0000][1][safepoint    ] Application time: 0.2576209 seconds
[2022-06-13T01:51:29.487+0000][1][safepoint    ] Entering safepoint region: Deoptimize
[2022-06-13T01:51:29.488+0000][1][safepoint    ] Leaving safepoint region
[2022-06-13T01:51:29.488+0000][1][safepoint    ] Total time for which application threads were stopped: 0.0013316 seconds, Stopping threads took: 0.0002758 seconds
[2022-06-13T01:51:29.505+0000][1][safepoint    ] Application time: 0.0165681 seconds
[2022-06-13T01:51:29.505+0000][1][safepoint    ] Entering safepoint region: BulkRevokeBias
[2022-06-13T01:51:29.506+0000][1][safepoint    ] Leaving safepoint region
[2022-06-13T01:51:29.506+0000][1][safepoint    ] Total time for which application threads were stopped: 0.0009771 seconds, Stopping threads took: 0.0004731 seconds
[2022-06-13T01:51:29.509+0000][1][safepoint    ] Application time: 0.0022463 seconds
[2022-06-13T01:51:29.509+0000][1][safepoint    ] Entering safepoint region: RevokeBias
[2022-06-13T01:51:29.509+0000][1][safepoint    ] Leaving safepoint region
[2022-06-13T01:51:29.510+0000][1][safepoint    ] Total time for which application threads were stopped: 0.0008132 seconds, Stopping threads took: 0.0004185 seconds
[2022-06-13T01:51:29.511+0000][1][safepoint    ] Application time: 0.0011310 seconds
[2022-06-13T01:51:29.512+0000][1][safepoint    ] Entering safepoint region: RevokeBias
[2022-06-13T01:51:29.512+0000][1][safepoint    ] Leaving safepoint region
[2022-06-13T01:51:29.513+0000][1][safepoint    ] Total time for which application threads were stopped: 0.0011272 seconds, Stopping threads took: 0.0003221 seconds
[2022-06-13T01:51:29.513+0000][1][safepoint    ] Application time: 0.0001682 seconds
[2022-06-13T01:51:29.514+0000][1][safepoint    ] Entering safepoint region: RevokeBias
[2022-06-13T01:51:29.514+0000][1][safepoint    ] Leaving safepoint region
[2022-06-13T01:51:29.514+0000][1][safepoint    ] Total time for which application threads were stopped: 0.0007444 seconds, Stopping threads took: 0.0002902 seconds
[2022-06-13T01:51:29.515+0000][1][safepoint    ] Application time: 0.0004080 seconds
[2022-06-13T01:51:29.516+0000][1][safepoint    ] Entering safepoint region: RevokeBias
[2022-06-13T01:51:29.516+0000][1][safepoint    ] Leaving safepoint region
[2022-06-13T01:51:29.516+0000][1][safepoint    ] Total time for which application threads were stopped: 0.0006603 seconds, Stopping threads took: 0.0002728 seconds
[2022-06-13T01:51:29.517+0000][1][safepoint    ] Application time: 0.0004771 seconds
[2022-06-13T01:51:29.517+0000][1][safepoint    ] Entering safepoint region: RevokeBias
[2022-06-13T01:51:29.518+0000][1][safepoint    ] Leaving safepoint region
[2022-06-13T01:51:29.518+0000][1][safepoint    ] Total time for which application threads were stopped: 0.0007623 seconds, Stopping threads took: 0.0003627 seconds
[2022-06-13T01:51:29.519+0000][1][safepoint    ] Application time: 0.0005188 seconds
[2022-06-13T01:51:29.519+0000][1][safepoint    ] Entering safepoint region: RevokeBias
[2022-06-13T01:51:29.520+0000][1][safepoint    ] Leaving safepoint region
[2022-06-13T01:51:29.521+0000][1][safepoint    ] Total time for which application threads were stopped: 0.0012613 seconds, Stopping threads took: 0.0004390 seconds
[2022-06-13T01:51:29.521+0000][1][safepoint    ] Application time: 0.0001218 seconds
[2022-06-13T01:51:29.521+0000][1][safepoint    ] Entering safepoint region: RevokeBias
[2022-06-13T01:51:29.522+0000][1][safepoint    ] Leaving safepoint region
[2022-06-13T01:51:29.522+0000][1][safepoint    ] Total time for which application threads were stopped: 0.0006638 seconds, Stopping threads took: 0.0002745 seconds
[2022-06-13T01:51:29.529+0000][1][safepoint    ] Application time: 0.0070935 seconds
[2022-06-13T01:51:29.530+0000][1][safepoint    ] Entering safepoint region: RevokeBias
[2022-06-13T01:51:29.530+0000][1][safepoint    ] Leaving safepoint region
[2022-06-13T01:51:29.531+0000][1][safepoint    ] Total time for which application threads were stopped: 0.0007507 seconds, Stopping threads took: 0.0003421 seconds
[2022-06-13T01:51:29.531+0000][1][safepoint    ] Application time: 0.0003011 seconds
[2022-06-13T01:51:29.531+0000][1][safepoint    ] Entering safepoint region: RevokeBias
[2022-06-13T01:51:29.533+0000][1][safepoint    ] Leaving safepoint region
[2022-06-13T01:51:29.533+0000][1][safepoint    ] Total time for which application threads were stopped: 0.0015340 seconds, Stopping threads took: 0.0010369 seconds
[2022-06-13T01:51:29.538+0000][1][safepoint    ] Application time: 0.0042723 seconds
[2022-06-13T01:51:29.538+0000][1][safepoint    ] Entering safepoint region: Deoptimize
[2022-06-13T01:51:29.539+0000][1][safepoint    ] Leaving safepoint region
[2022-06-13T01:51:29.540+0000][1][safepoint    ] Total time for which application threads were stopped: 0.0017757 seconds, Stopping threads took: 0.0005385 seconds
[2022-06-13T01:51:29.543+0000][1][safepoint    ] Application time: 0.0025472 seconds
[2022-06-13T01:51:29.543+0000][1][safepoint    ] Entering safepoint region: RevokeBias
[2022-06-13T01:51:29.544+0000][1][safepoint    ] Leaving safepoint region
[2022-06-13T01:51:29.544+0000][1][safepoint    ] Total time for which application threads were stopped: 0.0007605 seconds, Stopping threads took: 0.0003887 seconds
[2022-06-13T01:51:29.547+0000][1][safepoint    ] Application time: 0.0022782 seconds
[2022-06-13T01:51:29.547+0000][1][safepoint    ] Entering safepoint region: RevokeBias
[2022-06-13T01:51:29.547+0000][1][safepoint    ] Leaving safepoint region
[2022-06-13T01:51:29.547+0000][1][safepoint    ] Total time for which application threads were stopped: 0.0005504 seconds, Stopping threads took: 0.0002470 seconds
[2022-06-13T01:51:29.548+0000][1][safepoint    ] Application time: 0.0002071 seconds
[2022-06-13T01:51:29.548+0000][1][safepoint    ] Entering safepoint region: RevokeBias
[2022-06-13T01:51:29.548+0000][1][safepoint    ] Leaving safepoint region
[2022-06-13T01:51:29.549+0000][1][safepoint    ] Total time for which application threads were stopped: 0.0006646 seconds, Stopping threads took: 0.0002984 seconds
[2022-06-13T01:51:29.549+0000][1][safepoint    ] Application time: 0.0001966 seconds
[2022-06-13T01:51:29.550+0000][1][safepoint    ] Entering safepoint region: RevokeBias
[2022-06-13T01:51:29.550+0000][1][safepoint    ] Leaving safepoint region
[2022-06-13T01:51:29.550+0000][1][safepoint    ] Total time for which application threads were stopped: 0.0006181 seconds, Stopping threads took: 0.0002469 seconds
[2022-06-13T01:51:29.551+0000][1][safepoint    ] Application time: 0.0008682 seconds
[2022-06-13T01:51:29.552+0000][1][safepoint    ] Entering safepoint region: RevokeBias
[2022-06-13T01:51:29.553+0000][1][safepoint    ] Leaving safepoint region
[2022-06-13T01:51:29.553+0000][1][safepoint    ] Total time for which application threads were stopped: 0.0008180 seconds, Stopping threads took: 0.0003260 seconds
[2022-06-13T01:51:29.555+0000][1][safepoint    ] Application time: 0.0015309 seconds
[2022-06-13T01:51:29.556+0000][1][safepoint    ] Entering safepoint region: RevokeBias
[2022-06-13T01:51:29.556+0000][1][safepoint    ] Leaving safepoint region
[2022-06-13T01:51:29.557+0000][1][safepoint    ] Total time for which application threads were stopped: 0.0014498 seconds, Stopping threads took: 0.0006881 seconds
[2022-06-13T01:51:29.659+0000][1][safepoint    ] Application time: 0.0994987 seconds
[2022-06-13T01:51:29.660+0000][1][safepoint    ] Entering safepoint region: RevokeBias
[2022-06-13T01:51:29.660+0000][1][safepoint    ] Leaving safepoint region
[2022-06-13T01:51:29.661+0000][1][safepoint    ] Total time for which application threads were stopped: 0.0009740 seconds, Stopping threads took: 0.0003058 seconds
[2022-06-13T01:51:29.664+0000][1][safepoint    ] Application time: 0.0031351 seconds
[2022-06-13T01:51:29.664+0000][1][safepoint    ] Entering safepoint region: RevokeBias
[2022-06-13T01:51:29.665+0000][1][safepoint    ] Leaving safepoint region
[2022-06-13T01:51:29.665+0000][1][safepoint    ] Total time for which application threads were stopped: 0.0009462 seconds, Stopping threads took: 0.0004682 seconds
[2022-06-13T01:51:29.666+0000][1][safepoint    ] Application time: 0.0004253 seconds
[2022-06-13T01:51:29.667+0000][1][safepoint    ] Entering safepoint region: RevokeBias
[2022-06-13T01:51:29.667+0000][1][safepoint    ] Leaving safepoint region
[2022-06-13T01:51:29.667+0000][1][safepoint    ] Total time for which application threads were stopped: 0.0009165 seconds, Stopping threads took: 0.0003174 seconds
[2022-06-13T01:51:29.668+0000][1][safepoint    ] Application time: 0.0004361 seconds
[2022-06-13T01:51:29.669+0000][1][safepoint    ] Entering safepoint region: RevokeBias
[2022-06-13T01:51:29.669+0000][1][safepoint    ] Leaving safepoint region
[2022-06-13T01:51:29.669+0000][1][safepoint    ] Total time for which application threads were stopped: 0.0005238 seconds, Stopping threads took: 0.0002409 seconds
[2022-06-13T01:51:29.670+0000][1][safepoint    ] Application time: 0.0002952 seconds
[2022-06-13T01:51:29.670+0000][1][safepoint    ] Entering safepoint region: RevokeBias
[2022-06-13T01:51:29.671+0000][1][safepoint    ] Leaving safepoint region
[2022-06-13T01:51:29.671+0000][1][safepoint    ] Total time for which application threads were stopped: 0.0009888 seconds, Stopping threads took: 0.0006561 seconds
[2022-06-13T01:51:29.671+0000][1][safepoint    ] Application time: 0.0002224 seconds
[2022-06-13T01:51:29.672+0000][1][safepoint    ] Entering safepoint region: RevokeBias
[2022-06-13T01:51:29.672+0000][1][safepoint    ] Leaving safepoint region
[2022-06-13T01:51:29.673+0000][1][safepoint    ] Total time for which application threads were stopped: 0.0012570 seconds, Stopping threads took: 0.0004303 seconds
[2022-06-13T01:51:29.675+0000][1][safepoint    ] Application time: 0.0012949 seconds
[2022-06-13T01:51:29.675+0000][1][safepoint    ] Entering safepoint region: RevokeBias
[2022-06-13T01:51:29.676+0000][1][safepoint    ] Leaving safepoint region
[2022-06-13T01:51:29.676+0000][1][safepoint    ] Total time for which application threads were stopped: 0.0010370 seconds, Stopping threads took: 0.0005421 seconds
[2022-06-13T01:51:29.677+0000][1][safepoint    ] Application time: 0.0006292 seconds
[2022-06-13T01:51:29.677+0000][1][safepoint    ] Entering safepoint region: RevokeBias
[2022-06-13T01:51:29.678+0000][1][safepoint    ] Leaving safepoint region
[2022-06-13T01:51:29.678+0000][1][safepoint    ] Total time for which application threads were stopped: 0.0010742 seconds, Stopping threads took: 0.0004652 seconds
[2022-06-13T01:51:29.679+0000][1][safepoint    ] Application time: 0.0009430 seconds
[2022-06-13T01:51:29.680+0000][1][safepoint    ] Entering safepoint region: RevokeBias
[2022-06-13T01:51:29.680+0000][1][safepoint    ] Leaving safepoint region
[2022-06-13T01:51:29.680+0000][1][safepoint    ] Total time for which application threads were stopped: 0.0006888 seconds, Stopping threads took: 0.0002689 seconds
[2022-06-13T01:51:29.684+0000][1][safepoint    ] Application time: 0.0038343 seconds
[2022-06-13T01:51:29.685+0000][1][safepoint    ] Entering safepoint region: RevokeBias
[2022-06-13T01:51:29.685+0000][1][safepoint    ] Leaving safepoint region
[2022-06-13T01:51:29.686+0000][1][safepoint    ] Total time for which application threads were stopped: 0.0007890 seconds, Stopping threads took: 0.0004051 seconds
[2022-06-13T01:51:29.687+0000][1][safepoint    ] Application time: 0.0007467 seconds
[2022-06-13T01:51:29.687+0000][1][safepoint    ] Entering safepoint region: RevokeBias
[2022-06-13T01:51:29.687+0000][1][safepoint    ] Leaving safepoint region
[2022-06-13T01:51:29.688+0000][1][safepoint    ] Total time for which application threads were stopped: 0.0007358 seconds, Stopping threads took: 0.0003990 seconds
[2022-06-13T01:51:29.689+0000][1][safepoint    ] Application time: 0.0007655 seconds
[2022-06-13T01:51:29.689+0000][1][safepoint    ] Entering safepoint region: RevokeBias
[2022-06-13T01:51:29.690+0000][1][safepoint    ] Leaving safepoint region
[2022-06-13T01:51:29.690+0000][1][safepoint    ] Total time for which application threads were stopped: 0.0006551 seconds, Stopping threads took: 0.0003804 seconds
[2022-06-13T01:51:29.690+0000][1][safepoint    ] Application time: 0.0002311 seconds
[2022-06-13T01:51:29.691+0000][1][safepoint    ] Entering safepoint region: RevokeBias
[2022-06-13T01:51:29.691+0000][1][safepoint    ] Leaving safepoint region
[2022-06-13T01:51:29.691+0000][1][safepoint    ] Total time for which application threads were stopped: 0.0007774 seconds, Stopping threads took: 0.0003338 seconds
[2022-06-13T01:51:29.692+0000][1][safepoint    ] Application time: 0.0003352 seconds
[2022-06-13T01:51:29.693+0000][1][safepoint    ] Entering safepoint region: RevokeBias
[2022-06-13T01:51:29.693+0000][1][safepoint    ] Leaving safepoint region
[2022-06-13T01:51:29.694+0000][1][safepoint    ] Total time for which application threads were stopped: 0.0008143 seconds, Stopping threads took: 0.0004276 seconds
[2022-06-13T01:51:29.695+0000][1][safepoint    ] Application time: 0.0009380 seconds
[2022-06-13T01:51:29.695+0000][1][safepoint    ] Entering safepoint region: RevokeBias
[2022-06-13T01:51:29.696+0000][1][safepoint    ] Leaving safepoint region
[2022-06-13T01:51:29.696+0000][1][safepoint    ] Total time for which application threads were stopped: 0.0009637 seconds, Stopping threads took: 0.0003251 seconds
[2022-06-13T01:51:29.697+0000][1][safepoint    ] Application time: 0.0001452 seconds
[2022-06-13T01:51:29.698+0000][1][safepoint    ] Entering safepoint region: RevokeBias
[2022-06-13T01:51:29.698+0000][1][safepoint    ] Leaving safepoint region
[2022-06-13T01:51:29.698+0000][1][safepoint    ] Total time for which application threads were stopped: 0.0007761 seconds, Stopping threads took: 0.0003991 seconds
[2022-06-13T01:51:29.708+0000][1][safepoint    ] Application time: 0.0089788 seconds
[2022-06-13T01:51:29.708+0000][1][safepoint    ] Entering safepoint region: RevokeBias
[2022-06-13T01:51:29.709+0000][1][safepoint    ] Leaving safepoint region
[2022-06-13T01:51:29.709+0000][1][safepoint    ] Total time for which application threads were stopped: 0.0008799 seconds, Stopping threads took: 0.0003905 seconds
[2022-06-13T01:51:29.709+0000][1][safepoint    ] Application time: 0.0002194 seconds
[2022-06-13T01:51:29.710+0000][1][safepoint    ] Entering safepoint region: BulkRevokeBias
[2022-06-13T01:51:29.711+0000][1][safepoint    ] Leaving safepoint region
[2022-06-13T01:51:29.711+0000][1][safepoint    ] Total time for which application threads were stopped: 0.0011193 seconds, Stopping threads took: 0.0004759 seconds
[2022-06-13T01:51:29.717+0000][1][safepoint    ] Application time: 0.0054754 seconds
[2022-06-13T01:51:29.717+0000][1][safepoint    ] Entering safepoint region: RevokeBias
[2022-06-13T01:51:29.718+0000][1][safepoint    ] Leaving safepoint region
[2022-06-13T01:51:29.718+0000][1][safepoint    ] Total time for which application threads were stopped: 0.0008621 seconds, Stopping threads took: 0.0004198 seconds
[2022-06-13T01:51:29.720+0000][1][safepoint    ] Application time: 0.0011667 seconds
[2022-06-13T01:51:29.720+0000][1][safepoint    ] Entering safepoint region: RevokeBias
[2022-06-13T01:51:29.721+0000][1][safepoint    ] Leaving safepoint region
[2022-06-13T01:51:29.721+0000][1][safepoint    ] Total time for which application threads were stopped: 0.0008363 seconds, Stopping threads took: 0.0004222 seconds
[2022-06-13T01:51:29.721+0000][1][safepoint    ] Application time: 0.0001762 seconds
[2022-06-13T01:51:29.722+0000][1][safepoint    ] Entering safepoint region: RevokeBias
[2022-06-13T01:51:29.723+0000][1][safepoint    ] Leaving safepoint region
[2022-06-13T01:51:29.723+0000][1][safepoint    ] Total time for which application threads were stopped: 0.0014753 seconds, Stopping threads took: 0.0008569 seconds
[2022-06-13T01:51:29.724+0000][1][safepoint    ] Application time: 0.0001945 seconds
[2022-06-13T01:51:29.724+0000][1][safepoint    ] Entering safepoint region: RevokeBias
[2022-06-13T01:51:29.724+0000][1][safepoint    ] Leaving safepoint region
[2022-06-13T01:51:29.725+0000][1][safepoint    ] Total time for which application threads were stopped: 0.0009123 seconds, Stopping threads took: 0.0002980 seconds
[2022-06-13T01:51:29.726+0000][1][safepoint    ] Application time: 0.0014658 seconds
[2022-06-13T01:51:29.727+0000][1][safepoint    ] Entering safepoint region: RevokeBias
[2022-06-13T01:51:29.728+0000][1][safepoint    ] Leaving safepoint region
[2022-06-13T01:51:29.728+0000][1][safepoint    ] Total time for which application threads were stopped: 0.0012784 seconds, Stopping threads took: 0.0006815 seconds
[2022-06-13T01:51:29.729+0000][1][safepoint    ] Application time: 0.0001638 seconds
[2022-06-13T01:51:29.729+0000][1][safepoint    ] Entering safepoint region: RevokeBias
[2022-06-13T01:51:29.730+0000][1][safepoint    ] Leaving safepoint region
[2022-06-13T01:51:29.730+0000][1][safepoint    ] Total time for which application threads were stopped: 0.0009295 seconds, Stopping threads took: 0.0006321 seconds
[2022-06-13T01:51:29.734+0000][1][safepoint    ] Application time: 0.0035262 seconds
[2022-06-13T01:51:29.735+0000][1][safepoint    ] Entering safepoint region: RevokeBias
[2022-06-13T01:51:29.735+0000][1][safepoint    ] Leaving safepoint region
[2022-06-13T01:51:29.735+0000][1][safepoint    ] Total time for which application threads were stopped: 0.0007114 seconds, Stopping threads took: 0.0003082 seconds
[2022-06-13T01:51:29.736+0000][1][safepoint    ] Application time: 0.0001819 seconds
[2022-06-13T01:51:29.736+0000][1][safepoint    ] Entering safepoint region: RevokeBias
[2022-06-13T01:51:29.737+0000][1][safepoint    ] Leaving safepoint region
[2022-06-13T01:51:29.737+0000][1][safepoint    ] Total time for which application threads were stopped: 0.0006445 seconds, Stopping threads took: 0.0002668 seconds
[2022-06-13T01:51:29.745+0000][1][safepoint    ] Application time: 0.0078522 seconds
[2022-06-13T01:51:29.746+0000][1][safepoint    ] Entering safepoint region: RevokeBias
[2022-06-13T01:51:29.746+0000][1][safepoint    ] Leaving safepoint region
[2022-06-13T01:51:29.747+0000][1][safepoint    ] Total time for which application threads were stopped: 0.0012182 seconds, Stopping threads took: 0.0008269 seconds
[2022-06-13T01:51:29.747+0000][1][safepoint    ] Application time: 0.0004470 seconds
[2022-06-13T01:51:29.748+0000][1][safepoint    ] Entering safepoint region: RevokeBias
[2022-06-13T01:51:29.748+0000][1][safepoint    ] Leaving safepoint region
[2022-06-13T01:51:29.748+0000][1][safepoint    ] Total time for which application threads were stopped: 0.0007123 seconds, Stopping threads took: 0.0003083 seconds
[2022-06-13T01:51:29.749+0000][1][safepoint    ] Application time: 0.0004758 seconds
[2022-06-13T01:51:29.749+0000][1][safepoint    ] Entering safepoint region: RevokeBias
[2022-06-13T01:51:29.750+0000][1][safepoint    ] Leaving safepoint region
[2022-06-13T01:51:29.750+0000][1][safepoint    ] Total time for which application threads were stopped: 0.0006057 seconds, Stopping threads took: 0.0002929 seconds
[2022-06-13T01:51:29.755+0000][1][safepoint    ] Application time: 0.0048655 seconds
[2022-06-13T01:51:29.755+0000][1][safepoint    ] Entering safepoint region: RevokeBias
[2022-06-13T01:51:29.756+0000][1][safepoint    ] Leaving safepoint region
[2022-06-13T01:51:29.756+0000][1][safepoint    ] Total time for which application threads were stopped: 0.0005766 seconds, Stopping threads took: 0.0002697 seconds
[2022-06-13T01:51:29.757+0000][1][safepoint    ] Application time: 0.0002539 seconds
[2022-06-13T01:51:29.757+0000][1][safepoint    ] Entering safepoint region: RevokeBias
[2022-06-13T01:51:29.757+0000][1][safepoint    ] Leaving safepoint region
[2022-06-13T01:51:29.758+0000][1][safepoint    ] Total time for which application threads were stopped: 0.0009001 seconds, Stopping threads took: 0.0004251 seconds
[2022-06-13T01:51:29.758+0000][1][safepoint    ] Application time: 0.0002307 seconds
[2022-06-13T01:51:29.759+0000][1][safepoint    ] Entering safepoint region: RevokeBias
[2022-06-13T01:51:29.759+0000][1][safepoint    ] Leaving safepoint region
[2022-06-13T01:51:29.759+0000][1][safepoint    ] Total time for which application threads were stopped: 0.0006935 seconds, Stopping threads took: 0.0002799 seconds
[2022-06-13T01:51:29.760+0000][1][safepoint    ] Application time: 0.0002459 seconds
[2022-06-13T01:51:29.760+0000][1][safepoint    ] Entering safepoint region: RevokeBias
[2022-06-13T01:51:29.761+0000][1][safepoint    ] Leaving safepoint region
[2022-06-13T01:51:29.761+0000][1][safepoint    ] Total time for which application threads were stopped: 0.0007024 seconds, Stopping threads took: 0.0003963 seconds
[2022-06-13T01:51:29.764+0000][1][safepoint    ] Application time: 0.0033441 seconds
[2022-06-13T01:51:29.765+0000][1][safepoint    ] Entering safepoint region: RevokeBias
[2022-06-13T01:51:29.765+0000][1][safepoint    ] Leaving safepoint region
[2022-06-13T01:51:29.766+0000][1][safepoint    ] Total time for which application threads were stopped: 0.0012153 seconds, Stopping threads took: 0.0002900 seconds
[2022-06-13T01:51:30.133+0000][1][safepoint    ] Application time: 0.3664370 seconds
[2022-06-13T01:51:30.133+0000][1][safepoint    ] Entering safepoint region: RevokeBias
[2022-06-13T01:51:30.134+0000][1][safepoint    ] Leaving safepoint region
[2022-06-13T01:51:30.134+0000][1][safepoint    ] Total time for which application threads were stopped: 0.0006712 seconds, Stopping threads took: 0.0002967 seconds
[2022-06-13T01:51:30.134+0000][1][safepoint    ] Application time: 0.0002036 seconds
[2022-06-13T01:51:30.135+0000][1][safepoint    ] Entering safepoint region: RevokeBias
[2022-06-13T01:51:30.135+0000][1][safepoint    ] Leaving safepoint region
[2022-06-13T01:51:30.135+0000][1][safepoint    ] Total time for which application threads were stopped: 0.0006682 seconds, Stopping threads took: 0.0002909 seconds
[2022-06-13T01:51:30.136+0000][1][safepoint    ] Application time: 0.0001761 seconds
[2022-06-13T01:51:30.136+0000][1][safepoint    ] Entering safepoint region: RevokeBias
[2022-06-13T01:51:30.136+0000][1][safepoint    ] Leaving safepoint region
[2022-06-13T01:51:30.137+0000][1][safepoint    ] Total time for which application threads were stopped: 0.0006677 seconds, Stopping threads took: 0.0002851 seconds
[2022-06-13T01:51:30.137+0000][1][safepoint    ] Application time: 0.0002653 seconds
[2022-06-13T01:51:30.138+0000][1][safepoint    ] Entering safepoint region: RevokeBias
[2022-06-13T01:51:30.138+0000][1][safepoint    ] Leaving safepoint region
[2022-06-13T01:51:30.138+0000][1][safepoint    ] Total time for which application threads were stopped: 0.0005474 seconds, Stopping threads took: 0.0002731 seconds
[2022-06-13T01:51:30.139+0000][1][safepoint    ] Application time: 0.0001317 seconds
[2022-06-13T01:51:30.139+0000][1][safepoint    ] Entering safepoint region: RevokeBias
[2022-06-13T01:51:30.139+0000][1][safepoint    ] Leaving safepoint region
[2022-06-13T01:51:30.139+0000][1][safepoint    ] Total time for which application threads were stopped: 0.0006110 seconds, Stopping threads took: 0.0002579 seconds
[2022-06-13T01:51:30.140+0000][1][safepoint    ] Application time: 0.0001456 seconds
[2022-06-13T01:51:30.140+0000][1][safepoint    ] Entering safepoint region: RevokeBias
[2022-06-13T01:51:30.140+0000][1][safepoint    ] Leaving safepoint region
[2022-06-13T01:51:30.141+0000][1][safepoint    ] Total time for which application threads were stopped: 0.0008998 seconds, Stopping threads took: 0.0002908 seconds
[2022-06-13T01:51:30.142+0000][1][safepoint    ] Application time: 0.0002174 seconds
[2022-06-13T01:51:30.142+0000][1][safepoint    ] Entering safepoint region: RevokeBias
[2022-06-13T01:51:30.142+0000][1][safepoint    ] Leaving safepoint region
[2022-06-13T01:51:30.142+0000][1][safepoint    ] Total time for which application threads were stopped: 0.0005247 seconds, Stopping threads took: 0.0002412 seconds
[2022-06-13T01:51:30.143+0000][1][safepoint    ] Application time: 0.0001092 seconds
[2022-06-13T01:51:30.143+0000][1][safepoint    ] Entering safepoint region: RevokeBias
[2022-06-13T01:51:30.144+0000][1][safepoint    ] Leaving safepoint region
[2022-06-13T01:51:30.144+0000][1][safepoint    ] Total time for which application threads were stopped: 0.0006229 seconds, Stopping threads took: 0.0003113 seconds
[2022-06-13T01:51:30.661+0000][1][safepoint    ] Application time: 0.5174626 seconds
[2022-06-13T01:51:30.662+0000][1][safepoint    ] Entering safepoint region: RevokeBias
[2022-06-13T01:51:30.662+0000][1][safepoint    ] Leaving safepoint region
[2022-06-13T01:51:30.662+0000][1][safepoint    ] Total time for which application threads were stopped: 0.0005503 seconds, Stopping threads took: 0.0002891 seconds
[2022-06-13T01:51:32.736+0000][1][safepoint    ] Application time: 2.0731029 seconds
[2022-06-13T01:51:32.736+0000][1][safepoint    ] Entering safepoint region: RevokeBias
[2022-06-13T01:51:32.737+0000][1][safepoint    ] Leaving safepoint region
[2022-06-13T01:51:32.737+0000][1][safepoint    ] Total time for which application threads were stopped: 0.0007277 seconds, Stopping threads took: 0.0003613 seconds
[2022-06-13T01:51:32.738+0000][1][safepoint    ] Application time: 0.0004314 seconds
[2022-06-13T01:51:32.738+0000][1][safepoint    ] Entering safepoint region: RevokeBias
[2022-06-13T01:51:32.738+0000][1][safepoint    ] Leaving safepoint region
[2022-06-13T01:51:32.739+0000][1][safepoint    ] Total time for which application threads were stopped: 0.0008667 seconds, Stopping threads took: 0.0003772 seconds
[2022-06-13T01:51:32.740+0000][1][safepoint    ] Application time: 0.0010935 seconds
[2022-06-13T01:51:32.741+0000][1][safepoint    ] Entering safepoint region: RevokeBias
[2022-06-13T01:51:32.741+0000][1][safepoint    ] Leaving safepoint region
[2022-06-13T01:51:32.742+0000][1][safepoint    ] Total time for which application threads were stopped: 0.0010676 seconds, Stopping threads took: 0.0006165 seconds
[2022-06-13T01:51:32.743+0000][1][safepoint    ] Application time: 0.0004554 seconds
[2022-06-13T01:51:32.743+0000][1][safepoint    ] Entering safepoint region: RevokeBias
[2022-06-13T01:51:32.743+0000][1][safepoint    ] Leaving safepoint region
[2022-06-13T01:51:32.744+0000][1][safepoint    ] Total time for which application threads were stopped: 0.0008513 seconds, Stopping threads took: 0.0004077 seconds
[2022-06-13T01:51:33.666+0000][1][safepoint    ] Application time: 0.9221951 seconds
[2022-06-13T01:51:33.667+0000][1][safepoint    ] Entering safepoint region: RevokeBias
[2022-06-13T01:51:33.668+0000][1][safepoint    ] Leaving safepoint region
[2022-06-13T01:51:33.668+0000][1][safepoint    ] Total time for which application threads were stopped: 0.0013345 seconds, Stopping threads took: 0.0009822 seconds
[2022-06-13T01:51:33.668+0000][1][safepoint    ] Application time: 0.0001697 seconds
[2022-06-13T01:51:33.669+0000][1][safepoint    ] Entering safepoint region: RevokeBias
[2022-06-13T01:51:33.669+0000][1][safepoint    ] Leaving safepoint region
[2022-06-13T01:51:33.669+0000][1][safepoint    ] Total time for which application threads were stopped: 0.0004492 seconds, Stopping threads took: 0.0002369 seconds
[2022-06-13T01:51:33.669+0000][1][safepoint    ] Application time: 0.0001932 seconds
[2022-06-13T01:51:33.670+0000][1][safepoint    ] Entering safepoint region: RevokeBias
[2022-06-13T01:51:33.670+0000][1][safepoint    ] Leaving safepoint region
[2022-06-13T01:51:33.670+0000][1][safepoint    ] Total time for which application threads were stopped: 0.0004723 seconds, Stopping threads took: 0.0001863 seconds
[2022-06-13T01:51:33.670+0000][1][safepoint    ] Application time: 0.0002066 seconds
[2022-06-13T01:51:33.671+0000][1][safepoint    ] Entering safepoint region: RevokeBias
[2022-06-13T01:51:33.671+0000][1][safepoint    ] Leaving safepoint region
[2022-06-13T01:51:33.671+0000][1][safepoint    ] Total time for which application threads were stopped: 0.0003793 seconds, Stopping threads took: 0.0001840 seconds
[2022-06-13T01:51:33.671+0000][1][safepoint    ] Application time: 0.0001299 seconds
[2022-06-13T01:51:33.672+0000][1][safepoint    ] Entering safepoint region: RevokeBias
[2022-06-13T01:51:33.672+0000][1][safepoint    ] Leaving safepoint region
[2022-06-13T01:51:33.672+0000][1][safepoint    ] Total time for which application threads were stopped: 0.0004787 seconds, Stopping threads took: 0.0002285 seconds
[2022-06-13T01:51:33.672+0000][1][safepoint    ] Application time: 0.0001004 seconds
[2022-06-13T01:51:33.673+0000][1][safepoint    ] Entering safepoint region: RevokeBias
[2022-06-13T01:51:33.673+0000][1][safepoint    ] Leaving safepoint region
[2022-06-13T01:51:33.673+0000][1][safepoint    ] Total time for which application threads were stopped: 0.0004945 seconds, Stopping threads took: 0.0002683 seconds
[2022-06-13T01:51:33.673+0000][1][safepoint    ] Application time: 0.0000610 seconds
[2022-06-13T01:51:33.674+0000][1][safepoint    ] Entering safepoint region: RevokeBias
[2022-06-13T01:51:33.674+0000][1][safepoint    ] Leaving safepoint region
[2022-06-13T01:51:33.674+0000][1][safepoint    ] Total time for which application threads were stopped: 0.0004863 seconds, Stopping threads took: 0.0002466 seconds
[2022-06-13T01:51:33.675+0000][1][safepoint    ] Application time: 0.0003716 seconds
[2022-06-13T01:51:33.675+0000][1][safepoint    ] Entering safepoint region: RevokeBias
[2022-06-13T01:51:33.675+0000][1][safepoint    ] Leaving safepoint region
[2022-06-13T01:51:33.675+0000][1][safepoint    ] Total time for which application threads were stopped: 0.0004253 seconds, Stopping threads took: 0.0002161 seconds
[2022-06-13T01:51:34.676+0000][1][safepoint    ] Application time: 1.0001866 seconds
[2022-06-13T01:51:34.676+0000][1][safepoint    ] Entering safepoint region: Cleanup
[2022-06-13T01:51:34.677+0000][1][safepoint    ] Leaving safepoint region
[2022-06-13T01:51:34.677+0000][1][safepoint    ] Total time for which application threads were stopped: 0.0007220 seconds, Stopping threads took: 0.0004387 seconds
[2022-06-13T01:51:35.677+0000][1][safepoint    ] Application time: 1.0001493 seconds
[2022-06-13T01:51:35.678+0000][1][safepoint    ] Entering safepoint region: Cleanup
[2022-06-13T01:51:35.678+0000][1][safepoint    ] Leaving safepoint region
[2022-06-13T01:51:35.679+0000][1][safepoint    ] Total time for which application threads were stopped: 0.0010916 seconds, Stopping threads took: 0.0005694 seconds
[2022-06-13T01:51:35.946+0000][1][safepoint    ] Application time: 0.2665381 seconds
[2022-06-13T01:51:35.947+0000][1][safepoint    ] Entering safepoint region: RevokeBias
[2022-06-13T01:51:35.947+0000][1][safepoint    ] Leaving safepoint region
[2022-06-13T01:51:35.947+0000][1][safepoint    ] Total time for which application threads were stopped: 0.0005198 seconds, Stopping threads took: 0.0002028 seconds
[2022-06-13T01:51:35.948+0000][1][safepoint    ] Application time: 0.0001307 seconds
[2022-06-13T01:51:35.948+0000][1][safepoint    ] Entering safepoint region: RevokeBias
[2022-06-13T01:51:35.948+0000][1][safepoint    ] Leaving safepoint region
[2022-06-13T01:51:35.948+0000][1][safepoint    ] Total time for which application threads were stopped: 0.0003633 seconds, Stopping threads took: 0.0001551 seconds
[2022-06-13T01:51:36.666+0000][1][safepoint    ] Application time: 0.7176748 seconds
[2022-06-13T01:51:36.667+0000][1][safepoint    ] Entering safepoint region: RevokeBias
[2022-06-13T01:51:36.668+0000][1][safepoint    ] Leaving safepoint region
[2022-06-13T01:51:36.668+0000][1][safepoint    ] Total time for which application threads were stopped: 0.0014431 seconds, Stopping threads took: 0.0008000 seconds
[2022-06-13T01:51:36.670+0000][1][safepoint    ] Application time: 0.0005662 seconds
[2022-06-13T01:51:36.670+0000][1][safepoint    ] Entering safepoint region: RevokeBias
[2022-06-13T01:51:36.671+0000][1][safepoint    ] Leaving safepoint region
[2022-06-13T01:51:36.671+0000][1][safepoint    ] Total time for which application threads were stopped: 0.0010489 seconds, Stopping threads took: 0.0004671 seconds
[2022-06-13T01:51:36.672+0000][1][safepoint    ] Application time: 0.0003785 seconds
[2022-06-13T01:51:36.673+0000][1][safepoint    ] Entering safepoint region: RevokeBias
[2022-06-13T01:51:36.673+0000][1][safepoint    ] Leaving safepoint region
[2022-06-13T01:51:36.674+0000][1][safepoint    ] Total time for which application threads were stopped: 0.0009015 seconds, Stopping threads took: 0.0004182 seconds
[2022-06-13T01:51:37.668+0000][1][safepoint    ] Application time: 0.9941339 seconds
[2022-06-13T01:51:37.669+0000][1][safepoint    ] Entering safepoint region: RevokeBias
[2022-06-13T01:51:37.669+0000][1][safepoint    ] Leaving safepoint region
[2022-06-13T01:51:37.670+0000][1][safepoint    ] Total time for which application threads were stopped: 0.0008249 seconds, Stopping threads took: 0.0004504 seconds
[2022-06-13T01:51:37.670+0000][1][safepoint    ] Application time: 0.0005206 seconds
[2022-06-13T01:51:37.671+0000][1][safepoint    ] Entering safepoint region: RevokeBias
[2022-06-13T01:51:37.671+0000][1][safepoint    ] Leaving safepoint region
[2022-06-13T01:51:37.671+0000][1][safepoint    ] Total time for which application threads were stopped: 0.0006699 seconds, Stopping threads took: 0.0003629 seconds
[2022-06-13T01:51:37.672+0000][1][safepoint    ] Application time: 0.0002369 seconds
[2022-06-13T01:51:37.672+0000][1][safepoint    ] Entering safepoint region: RevokeBias
[2022-06-13T01:51:37.672+0000][1][safepoint    ] Leaving safepoint region
[2022-06-13T01:51:37.673+0000][1][safepoint    ] Total time for which application threads were stopped: 0.0007043 seconds, Stopping threads took: 0.0002147 seconds
[2022-06-13T01:51:37.673+0000][1][safepoint    ] Application time: 0.0002239 seconds
[2022-06-13T01:51:37.674+0000][1][safepoint    ] Entering safepoint region: RevokeBias
[2022-06-13T01:51:37.674+0000][1][safepoint    ] Leaving safepoint region
[2022-06-13T01:51:37.675+0000][1][safepoint    ] Total time for which application threads were stopped: 0.0010793 seconds, Stopping threads took: 0.0003269 seconds
[2022-06-13T01:51:37.676+0000][1][safepoint    ] Application time: 0.0004851 seconds
[2022-06-13T01:51:37.676+0000][1][safepoint    ] Entering safepoint region: RevokeBias
[2022-06-13T01:51:37.677+0000][1][safepoint    ] Leaving safepoint region
[2022-06-13T01:51:37.677+0000][1][safepoint    ] Total time for which application threads were stopped: 0.0007479 seconds, Stopping threads took: 0.0003121 seconds
[2022-06-13T01:51:37.677+0000][1][safepoint    ] Application time: 0.0003674 seconds
[2022-06-13T01:51:37.678+0000][1][safepoint    ] Entering safepoint region: RevokeBias
[2022-06-13T01:51:37.679+0000][1][safepoint    ] Leaving safepoint region
[2022-06-13T01:51:37.680+0000][1][safepoint    ] Total time for which application threads were stopped: 0.0015953 seconds, Stopping threads took: 0.0008458 seconds
[2022-06-13T01:51:37.681+0000][1][safepoint    ] Application time: 0.0005127 seconds
[2022-06-13T01:51:37.681+0000][1][safepoint    ] Entering safepoint region: RevokeBias
[2022-06-13T01:51:37.681+0000][1][safepoint    ] Leaving safepoint region
[2022-06-13T01:51:37.681+0000][1][safepoint    ] Total time for which application threads were stopped: 0.0005022 seconds, Stopping threads took: 0.0002322 seconds
[2022-06-13T01:51:38.682+0000][1][safepoint    ] Application time: 1.0001699 seconds
[2022-06-13T01:51:38.683+0000][1][safepoint    ] Entering safepoint region: Cleanup
[2022-06-13T01:51:38.683+0000][1][safepoint    ] Leaving safepoint region
[2022-06-13T01:51:38.684+0000][1][safepoint    ] Total time for which application threads were stopped: 0.0009227 seconds, Stopping threads took: 0.0004720 seconds
[2022-06-13T01:51:39.684+0000][1][safepoint    ] Application time: 1.0001728 seconds
[2022-06-13T01:51:39.685+0000][1][safepoint    ] Entering safepoint region: Cleanup
[2022-06-13T01:51:39.685+0000][1][safepoint    ] Leaving safepoint region
[2022-06-13T01:51:39.685+0000][1][safepoint    ] Total time for which application threads were stopped: 0.0006173 seconds, Stopping threads took: 0.0002511 seconds
[2022-06-13T01:51:40.668+0000][1][safepoint    ] Application time: 0.9827551 seconds
[2022-06-13T01:51:40.669+0000][1][safepoint    ] Entering safepoint region: RevokeBias
[2022-06-13T01:51:40.669+0000][1][safepoint    ] Leaving safepoint region
[2022-06-13T01:51:40.670+0000][1][safepoint    ] Total time for which application threads were stopped: 0.0010572 seconds, Stopping threads took: 0.0005440 seconds
[2022-06-13T01:51:40.670+0000][1][safepoint    ] Application time: 0.0001731 seconds
[2022-06-13T01:51:40.671+0000][1][safepoint    ] Entering safepoint region: RevokeBias
[2022-06-13T01:51:40.672+0000][1][safepoint    ] Leaving safepoint region
[2022-06-13T01:51:40.672+0000][1][safepoint    ] Total time for which application threads were stopped: 0.0009296 seconds, Stopping threads took: 0.0004244 seconds
[2022-06-13T01:51:40.673+0000][1][safepoint    ] Application time: 0.0004208 seconds
[2022-06-13T01:51:40.673+0000][1][safepoint    ] Entering safepoint region: RevokeBias
[2022-06-13T01:51:40.674+0000][1][safepoint    ] Leaving safepoint region
[2022-06-13T01:51:40.674+0000][1][safepoint    ] Total time for which application threads were stopped: 0.0010381 seconds, Stopping threads took: 0.0005987 seconds
[2022-06-13T01:51:41.670+0000][1][safepoint    ] Application time: 0.9956437 seconds
[2022-06-13T01:51:41.671+0000][1][safepoint    ] Entering safepoint region: RevokeBias
[2022-06-13T01:51:41.671+0000][1][safepoint    ] Leaving safepoint region
[2022-06-13T01:51:41.671+0000][1][safepoint    ] Total time for which application threads were stopped: 0.0007395 seconds, Stopping threads took: 0.0003726 seconds
[2022-06-13T01:51:41.672+0000][1][safepoint    ] Application time: 0.0005648 seconds
[2022-06-13T01:51:41.673+0000][1][safepoint    ] Entering safepoint region: RevokeBias
[2022-06-13T01:51:41.673+0000][1][safepoint    ] Leaving safepoint region
[2022-06-13T01:51:41.673+0000][1][safepoint    ] Total time for which application threads were stopped: 0.0009082 seconds, Stopping threads took: 0.0004988 seconds
[2022-06-13T01:51:41.674+0000][1][safepoint    ] Application time: 0.0001968 seconds
[2022-06-13T01:51:41.674+0000][1][safepoint    ] Entering safepoint region: RevokeBias
[2022-06-13T01:51:41.675+0000][1][safepoint    ] Leaving safepoint region
[2022-06-13T01:51:41.675+0000][1][safepoint    ] Total time for which application threads were stopped: 0.0010162 seconds, Stopping threads took: 0.0004147 seconds
[2022-06-13T01:51:41.676+0000][1][safepoint    ] Application time: 0.0003550 seconds
[2022-06-13T01:51:41.677+0000][1][safepoint    ] Entering safepoint region: RevokeBias
[2022-06-13T01:51:41.677+0000][1][safepoint    ] Leaving safepoint region
[2022-06-13T01:51:41.677+0000][1][safepoint    ] Total time for which application threads were stopped: 0.0006851 seconds, Stopping threads took: 0.0003324 seconds
[2022-06-13T01:51:41.678+0000][1][safepoint    ] Application time: 0.0002516 seconds
[2022-06-13T01:51:41.678+0000][1][safepoint    ] Entering safepoint region: RevokeBias
[2022-06-13T01:51:41.678+0000][1][safepoint    ] Leaving safepoint region
[2022-06-13T01:51:41.679+0000][1][safepoint    ] Total time for which application threads were stopped: 0.0006009 seconds, Stopping threads took: 0.0002275 seconds
[2022-06-13T01:51:41.679+0000][1][safepoint    ] Application time: 0.0005403 seconds
[2022-06-13T01:51:41.680+0000][1][safepoint    ] Entering safepoint region: RevokeBias
[2022-06-13T01:51:41.680+0000][1][safepoint    ] Leaving safepoint region
[2022-06-13T01:51:41.680+0000][1][safepoint    ] Total time for which application threads were stopped: 0.0007041 seconds, Stopping threads took: 0.0003537 seconds
[2022-06-13T01:51:41.681+0000][1][safepoint    ] Application time: 0.0002570 seconds
[2022-06-13T01:51:41.681+0000][1][safepoint    ] Entering safepoint region: RevokeBias
[2022-06-13T01:51:41.681+0000][1][safepoint    ] Leaving safepoint region
[2022-06-13T01:51:41.682+0000][1][safepoint    ] Total time for which application threads were stopped: 0.0004709 seconds, Stopping threads took: 0.0002058 seconds
[2022-06-13T01:51:42.682+0000][1][safepoint    ] Application time: 1.0002602 seconds
[2022-06-13T01:51:42.683+0000][1][safepoint    ] Entering safepoint region: Cleanup
[2022-06-13T01:51:42.683+0000][1][safepoint    ] Leaving safepoint region
[2022-06-13T01:51:42.684+0000][1][safepoint    ] Total time for which application threads were stopped: 0.0013193 seconds, Stopping threads took: 0.0005803 seconds
[2022-06-13T01:51:43.685+0000][1][safepoint    ] Application time: 1.0003987 seconds
[2022-06-13T01:51:43.686+0000][1][safepoint    ] Entering safepoint region: Cleanup
[2022-06-13T01:51:43.688+0000][1][safepoint    ] Leaving safepoint region
[2022-06-13T01:51:43.689+0000][1][safepoint    ] Total time for which application threads were stopped: 0.0021993 seconds, Stopping threads took: 0.0012470 seconds
[2022-06-13T01:51:44.670+0000][1][safepoint    ] Application time: 0.9812694 seconds
[2022-06-13T01:51:44.671+0000][1][safepoint    ] Entering safepoint region: RevokeBias
[2022-06-13T01:51:44.672+0000][1][safepoint    ] Leaving safepoint region
[2022-06-13T01:51:44.673+0000][1][safepoint    ] Total time for which application threads were stopped: 0.0018102 seconds, Stopping threads took: 0.0008000 seconds
[2022-06-13T01:51:45.673+0000][1][safepoint    ] Application time: 0.9991341 seconds
[2022-06-13T01:51:45.673+0000][1][safepoint    ] Entering safepoint region: RevokeBias
[2022-06-13T01:51:45.674+0000][1][safepoint    ] Leaving safepoint region
[2022-06-13T01:51:45.675+0000][1][safepoint    ] Total time for which application threads were stopped: 0.0012355 seconds, Stopping threads took: 0.0004274 seconds
[2022-06-13T01:51:45.675+0000][1][safepoint    ] Application time: 0.0004314 seconds
[2022-06-13T01:51:45.676+0000][1][safepoint    ] Entering safepoint region: RevokeBias
[2022-06-13T01:51:45.677+0000][1][safepoint    ] Leaving safepoint region
[2022-06-13T01:51:45.677+0000][1][safepoint    ] Total time for which application threads were stopped: 0.0011707 seconds, Stopping threads took: 0.0004971 seconds
[2022-06-13T01:51:45.677+0000][1][safepoint    ] Application time: 0.0001708 seconds
[2022-06-13T01:51:45.677+0000][1][safepoint    ] Entering safepoint region: RevokeBias
[2022-06-13T01:51:45.678+0000][1][safepoint    ] Leaving safepoint region
[2022-06-13T01:51:45.678+0000][1][safepoint    ] Total time for which application threads were stopped: 0.0002883 seconds, Stopping threads took: 0.0001190 seconds
[2022-06-13T01:51:45.678+0000][1][safepoint    ] Application time: 0.0002262 seconds
[2022-06-13T01:51:45.678+0000][1][safepoint    ] Entering safepoint region: RevokeBias
[2022-06-13T01:51:45.678+0000][1][safepoint    ] Leaving safepoint region
[2022-06-13T01:51:45.678+0000][1][safepoint    ] Total time for which application threads were stopped: 0.0003372 seconds, Stopping threads took: 0.0001370 seconds
[2022-06-13T01:51:45.679+0000][1][safepoint    ] Application time: 0.0003248 seconds
[2022-06-13T01:51:45.679+0000][1][safepoint    ] Entering safepoint region: RevokeBias
[2022-06-13T01:51:45.679+0000][1][safepoint    ] Leaving safepoint region
[2022-06-13T01:51:45.680+0000][1][safepoint    ] Total time for which application threads were stopped: 0.0003636 seconds, Stopping threads took: 0.0001933 seconds
[2022-06-13T01:51:45.680+0000][1][safepoint    ] Application time: 0.0002015 seconds
[2022-06-13T01:51:45.680+0000][1][safepoint    ] Entering safepoint region: BulkRevokeBias
[2022-06-13T01:51:45.681+0000][1][safepoint    ] Leaving safepoint region
[2022-06-13T01:51:45.681+0000][1][safepoint    ] Total time for which application threads were stopped: 0.0011117 seconds, Stopping threads took: 0.0005526 seconds
[2022-06-13T01:51:46.682+0000][1][safepoint    ] Application time: 1.0002001 seconds
[2022-06-13T01:51:46.682+0000][1][safepoint    ] Entering safepoint region: Cleanup
[2022-06-13T01:51:46.683+0000][1][safepoint    ] Leaving safepoint region
[2022-06-13T01:51:46.683+0000][1][safepoint    ] Total time for which application threads were stopped: 0.0012038 seconds, Stopping threads took: 0.0006577 seconds
[2022-06-13T01:51:47.684+0000][1][safepoint    ] Application time: 1.0002940 seconds
[2022-06-13T01:51:47.684+0000][1][safepoint    ] Entering safepoint region: Cleanup
[2022-06-13T01:51:47.685+0000][1][safepoint    ] Leaving safepoint region
[2022-06-13T01:51:47.685+0000][1][safepoint    ] Total time for which application threads were stopped: 0.0008348 seconds, Stopping threads took: 0.0003743 seconds
[2022-06-13T01:51:48.673+0000][1][safepoint    ] Application time: 0.9872734 seconds
[2022-06-13T01:51:48.674+0000][1][safepoint    ] Entering safepoint region: RevokeBias
[2022-06-13T01:51:48.675+0000][1][safepoint    ] Leaving safepoint region
[2022-06-13T01:51:48.675+0000][1][safepoint    ] Total time for which application threads were stopped: 0.0019063 seconds, Stopping threads took: 0.0006430 seconds
[2022-06-13T01:51:48.676+0000][1][safepoint    ] Application time: 0.0001741 seconds
[2022-06-13T01:51:48.677+0000][1][safepoint    ] Entering safepoint region: RevokeBias
[2022-06-13T01:51:48.678+0000][1][safepoint    ] Leaving safepoint region
[2022-06-13T01:51:48.678+0000][1][safepoint    ] Total time for which application threads were stopped: 0.0018814 seconds, Stopping threads took: 0.0007933 seconds
[2022-06-13T01:51:49.676+0000][1][safepoint    ] Application time: 0.9972389 seconds
[2022-06-13T01:51:49.677+0000][1][safepoint    ] Entering safepoint region: RevokeBias
[2022-06-13T01:51:49.677+0000][1][safepoint    ] Leaving safepoint region
[2022-06-13T01:51:49.678+0000][1][safepoint    ] Total time for which application threads were stopped: 0.0010240 seconds, Stopping threads took: 0.0005051 seconds
[2022-06-13T01:51:49.679+0000][1][safepoint    ] Application time: 0.0007632 seconds
[2022-06-13T01:51:49.680+0000][1][safepoint    ] Entering safepoint region: RevokeBias
[2022-06-13T01:51:49.680+0000][1][safepoint    ] Leaving safepoint region
[2022-06-13T01:51:49.680+0000][1][safepoint    ] Total time for which application threads were stopped: 0.0006605 seconds, Stopping threads took: 0.0002442 seconds
[2022-06-13T01:51:49.681+0000][1][safepoint    ] Application time: 0.0004771 seconds
[2022-06-13T01:51:49.681+0000][1][safepoint    ] Entering safepoint region: RevokeBias
[2022-06-13T01:51:49.682+0000][1][safepoint    ] Leaving safepoint region
[2022-06-13T01:51:49.682+0000][1][safepoint    ] Total time for which application threads were stopped: 0.0006037 seconds, Stopping threads took: 0.0002844 seconds
[2022-06-13T01:51:50.683+0000][1][safepoint    ] Application time: 1.0004371 seconds
[2022-06-13T01:51:50.683+0000][1][safepoint    ] Entering safepoint region: Cleanup
[2022-06-13T01:51:50.684+0000][1][safepoint    ] Leaving safepoint region
[2022-06-13T01:51:50.684+0000][1][safepoint    ] Total time for which application threads were stopped: 0.0010868 seconds, Stopping threads took: 0.0004874 seconds
[2022-06-13T01:51:51.685+0000][1][safepoint    ] Application time: 1.0001933 seconds
[2022-06-13T01:51:51.686+0000][1][safepoint    ] Entering safepoint region: Cleanup
[2022-06-13T01:51:51.687+0000][1][safepoint    ] Leaving safepoint region
[2022-06-13T01:51:51.687+0000][1][safepoint    ] Total time for which application threads were stopped: 0.0009770 seconds, Stopping threads took: 0.0004651 seconds
[2022-06-13T01:51:52.675+0000][1][safepoint    ] Application time: 0.9879819 seconds
[2022-06-13T01:51:52.676+0000][1][safepoint    ] Entering safepoint region: RevokeBias
[2022-06-13T01:51:52.676+0000][1][safepoint    ] Leaving safepoint region
[2022-06-13T01:51:52.677+0000][1][safepoint    ] Total time for which application threads were stopped: 0.0006640 seconds, Stopping threads took: 0.0002543 seconds
[2022-06-13T01:51:52.677+0000][1][safepoint    ] Application time: 0.0004971 seconds
[2022-06-13T01:51:52.678+0000][1][safepoint    ] Entering safepoint region: RevokeBias
[2022-06-13T01:51:52.678+0000][1][safepoint    ] Leaving safepoint region
[2022-06-13T01:51:52.679+0000][1][safepoint    ] Total time for which application threads were stopped: 0.0006833 seconds, Stopping threads took: 0.0002995 seconds
[2022-06-13T01:51:53.680+0000][1][safepoint    ] Application time: 1.0005459 seconds
[2022-06-13T01:51:53.680+0000][1][safepoint    ] Entering safepoint region: RevokeBias
[2022-06-13T01:51:53.681+0000][1][safepoint    ] Leaving safepoint region
[2022-06-13T01:51:53.681+0000][1][safepoint    ] Total time for which application threads were stopped: 0.0012291 seconds, Stopping threads took: 0.0007714 seconds
[2022-06-13T01:51:53.682+0000][1][safepoint    ] Application time: 0.0005852 seconds
[2022-06-13T01:51:53.683+0000][1][safepoint    ] Entering safepoint region: RevokeBias
[2022-06-13T01:51:53.683+0000][1][safepoint    ] Leaving safepoint region
[2022-06-13T01:51:53.684+0000][1][safepoint    ] Total time for which application threads were stopped: 0.0012011 seconds, Stopping threads took: 0.0006831 seconds
[2022-06-13T01:51:53.685+0000][1][safepoint    ] Application time: 0.0008413 seconds
[2022-06-13T01:51:53.686+0000][1][safepoint    ] Entering safepoint region: RevokeBias
[2022-06-13T01:51:53.687+0000][1][safepoint    ] Leaving safepoint region
[2022-06-13T01:51:53.687+0000][1][safepoint    ] Total time for which application threads were stopped: 0.0016866 seconds, Stopping threads took: 0.0010930 seconds
[2022-06-13T01:51:54.688+0000][1][safepoint    ] Application time: 1.0002613 seconds
[2022-06-13T01:51:54.689+0000][1][safepoint    ] Entering safepoint region: Cleanup
[2022-06-13T01:51:54.690+0000][1][safepoint    ] Leaving safepoint region
[2022-06-13T01:51:54.690+0000][1][safepoint    ] Total time for which application threads were stopped: 0.0012723 seconds, Stopping threads took: 0.0006476 seconds
[2022-06-13T01:51:55.691+0000][1][safepoint    ] Application time: 1.0001422 seconds
[2022-06-13T01:51:55.691+0000][1][safepoint    ] Entering safepoint region: Cleanup
[2022-06-13T01:51:55.692+0000][1][safepoint    ] Leaving safepoint region
[2022-06-13T01:51:55.692+0000][1][safepoint    ] Total time for which application threads were stopped: 0.0012034 seconds, Stopping threads took: 0.0006486 seconds
[2022-06-13T01:51:56.678+0000][1][safepoint    ] Application time: 0.9856836 seconds
[2022-06-13T01:51:56.679+0000][1][safepoint    ] Entering safepoint region: RevokeBias
[2022-06-13T01:51:56.680+0000][1][safepoint    ] Leaving safepoint region
[2022-06-13T01:51:56.680+0000][1][safepoint    ] Total time for which application threads were stopped: 0.0011699 seconds, Stopping threads took: 0.0005964 seconds
[2022-06-13T01:51:56.681+0000][1][safepoint    ] Application time: 0.0002632 seconds
[2022-06-13T01:51:56.681+0000][1][safepoint    ] Entering safepoint region: RevokeBias
[2022-06-13T01:51:56.682+0000][1][safepoint    ] Leaving safepoint region
[2022-06-13T01:51:56.682+0000][1][safepoint    ] Total time for which application threads were stopped: 0.0006860 seconds, Stopping threads took: 0.0003168 seconds
[2022-06-13T01:51:57.682+0000][1][safepoint    ] Application time: 0.9995260 seconds
[2022-06-13T01:51:57.682+0000][1][safepoint    ] Entering safepoint region: RevokeBias
[2022-06-13T01:51:57.683+0000][1][safepoint    ] Leaving safepoint region
[2022-06-13T01:51:57.684+0000][1][safepoint    ] Total time for which application threads were stopped: 0.0014529 seconds, Stopping threads took: 0.0003071 seconds
[2022-06-13T01:51:57.685+0000][1][safepoint    ] Application time: 0.0009119 seconds
[2022-06-13T01:51:57.686+0000][1][safepoint    ] Entering safepoint region: RevokeBias
[2022-06-13T01:51:57.687+0000][1][safepoint    ] Leaving safepoint region
[2022-06-13T01:51:57.688+0000][1][safepoint    ] Total time for which application threads were stopped: 0.0019120 seconds, Stopping threads took: 0.0009524 seconds
[2022-06-13T01:51:57.689+0000][1][safepoint    ] Application time: 0.0008432 seconds
[2022-06-13T01:51:57.690+0000][1][safepoint    ] Entering safepoint region: RevokeBias
[2022-06-13T01:51:57.691+0000][1][safepoint    ] Leaving safepoint region
[2022-06-13T01:51:57.692+0000][1][safepoint    ] Total time for which application threads were stopped: 0.0015557 seconds, Stopping threads took: 0.0007540 seconds
[2022-06-13T01:51:57.693+0000][1][safepoint    ] Application time: 0.0006541 seconds
[2022-06-13T01:51:57.693+0000][1][safepoint    ] Entering safepoint region: RevokeBias
[2022-06-13T01:51:57.694+0000][1][safepoint    ] Leaving safepoint region
[2022-06-13T01:51:57.695+0000][1][safepoint    ] Total time for which application threads were stopped: 0.0013914 seconds, Stopping threads took: 0.0007140 seconds
[2022-06-13T01:51:58.696+0000][1][safepoint    ] Application time: 1.0002178 seconds
[2022-06-13T01:51:58.697+0000][1][safepoint    ] Entering safepoint region: Cleanup
[2022-06-13T01:51:58.697+0000][1][safepoint    ] Leaving safepoint region
[2022-06-13T01:51:58.697+0000][1][safepoint    ] Total time for which application threads were stopped: 0.0008212 seconds, Stopping threads took: 0.0004890 seconds
[2022-06-13T01:51:59.698+0000][1][safepoint    ] Application time: 1.0003220 seconds
[2022-06-13T01:51:59.699+0000][1][safepoint    ] Entering safepoint region: Cleanup
[2022-06-13T01:51:59.699+0000][1][safepoint    ] Leaving safepoint region
[2022-06-13T01:51:59.700+0000][1][safepoint    ] Total time for which application threads were stopped: 0.0013721 seconds, Stopping threads took: 0.0005901 seconds
[2022-06-13T01:51:59.708+0000][1][safepoint    ] Application time: 0.0078769 seconds
[2022-06-13T01:51:59.709+0000][1][safepoint    ] Entering safepoint region: RevokeBias
[2022-06-13T01:51:59.710+0000][1][safepoint    ] Leaving safepoint region
[2022-06-13T01:51:59.710+0000][1][safepoint    ] Total time for which application threads were stopped: 0.0014505 seconds, Stopping threads took: 0.0006479 seconds
[2022-06-13T01:51:59.711+0000][1][safepoint    ] Application time: 0.0005342 seconds
[2022-06-13T01:51:59.711+0000][1][safepoint    ] Entering safepoint region: RevokeBias
[2022-06-13T01:51:59.712+0000][1][safepoint    ] Leaving safepoint region
[2022-06-13T01:51:59.713+0000][1][safepoint    ] Total time for which application threads were stopped: 0.0011107 seconds, Stopping threads took: 0.0003810 seconds
[2022-06-13T01:51:59.715+0000][1][safepoint    ] Application time: 0.0024256 seconds
[2022-06-13T01:51:59.716+0000][1][safepoint    ] Entering safepoint region: RevokeBias
[2022-06-13T01:51:59.716+0000][1][safepoint    ] Leaving safepoint region
[2022-06-13T01:51:59.716+0000][1][safepoint    ] Total time for which application threads were stopped: 0.0008253 seconds, Stopping threads took: 0.0004670 seconds
[2022-06-13T01:51:59.717+0000][1][safepoint    ] Application time: 0.0002759 seconds
[2022-06-13T01:51:59.718+0000][1][safepoint    ] Entering safepoint region: RevokeBias
[2022-06-13T01:51:59.718+0000][1][safepoint    ] Leaving safepoint region
[2022-06-13T01:51:59.719+0000][1][safepoint    ] Total time for which application threads were stopped: 0.0014458 seconds, Stopping threads took: 0.0009128 seconds
[2022-06-13T01:52:00.681+0000][1][safepoint    ] Application time: 0.9620782 seconds
[2022-06-13T01:52:00.682+0000][1][safepoint    ] Entering safepoint region: RevokeBias
[2022-06-13T01:52:00.682+0000][1][safepoint    ] Leaving safepoint region
[2022-06-13T01:52:00.683+0000][1][safepoint    ] Total time for which application threads were stopped: 0.0006454 seconds, Stopping threads took: 0.0003201 seconds
[2022-06-13T01:52:00.683+0000][1][safepoint    ] Application time: 0.0003967 seconds
[2022-06-13T01:52:00.684+0000][1][safepoint    ] Entering safepoint region: RevokeBias
[2022-06-13T01:52:00.684+0000][1][safepoint    ] Leaving safepoint region
[2022-06-13T01:52:00.684+0000][1][safepoint    ] Total time for which application threads were stopped: 0.0005190 seconds, Stopping threads took: 0.0001866 seconds
[2022-06-13T01:52:00.686+0000][1][safepoint    ] Application time: 0.0011139 seconds
[2022-06-13T01:52:00.686+0000][1][safepoint    ] Entering safepoint region: RevokeBias
[2022-06-13T01:52:00.686+0000][1][safepoint    ] Leaving safepoint region
[2022-06-13T01:52:00.686+0000][1][safepoint    ] Total time for which application threads were stopped: 0.0004949 seconds, Stopping threads took: 0.0001760 seconds
[2022-06-13T01:52:01.683+0000][1][safepoint    ] Application time: 0.9964602 seconds
[2022-06-13T01:52:01.684+0000][1][safepoint    ] Entering safepoint region: RevokeBias
[2022-06-13T01:52:01.685+0000][1][safepoint    ] Leaving safepoint region
[2022-06-13T01:52:01.685+0000][1][safepoint    ] Total time for which application threads were stopped: 0.0017081 seconds, Stopping threads took: 0.0004903 seconds
[2022-06-13T01:52:01.686+0000][1][safepoint    ] Application time: 0.0004608 seconds
[2022-06-13T01:52:01.687+0000][1][safepoint    ] Entering safepoint region: RevokeBias
[2022-06-13T01:52:01.688+0000][1][safepoint    ] Leaving safepoint region
[2022-06-13T01:52:01.688+0000][1][safepoint    ] Total time for which application threads were stopped: 0.0010821 seconds, Stopping threads took: 0.0004247 seconds
[2022-06-13T01:52:01.688+0000][1][safepoint    ] Application time: 0.0003514 seconds
[2022-06-13T01:52:01.689+0000][1][safepoint    ] Entering safepoint region: RevokeBias
[2022-06-13T01:52:01.689+0000][1][safepoint    ] Leaving safepoint region
[2022-06-13T01:52:01.690+0000][1][safepoint    ] Total time for which application threads were stopped: 0.0009974 seconds, Stopping threads took: 0.0004430 seconds
[2022-06-13T01:52:02.690+0000][1][safepoint    ] Application time: 1.0002037 seconds
[2022-06-13T01:52:02.691+0000][1][safepoint    ] Entering safepoint region: Cleanup
[2022-06-13T01:52:02.692+0000][1][safepoint    ] Leaving safepoint region
[2022-06-13T01:52:02.692+0000][1][safepoint    ] Total time for which application threads were stopped: 0.0009556 seconds, Stopping threads took: 0.0003563 seconds
[2022-06-13T01:52:04.684+0000][1][safepoint    ] Application time: 1.9913587 seconds
[2022-06-13T01:52:04.684+0000][1][safepoint    ] Entering safepoint region: RevokeBias
[2022-06-13T01:52:04.685+0000][1][safepoint    ] Leaving safepoint region
[2022-06-13T01:52:04.685+0000][1][safepoint    ] Total time for which application threads were stopped: 0.0008334 seconds, Stopping threads took: 0.0003666 seconds
[2022-06-13T01:52:04.686+0000][1][safepoint    ] Application time: 0.0007264 seconds
[2022-06-13T01:52:04.686+0000][1][safepoint    ] Entering safepoint region: RevokeBias
[2022-06-13T01:52:04.687+0000][1][safepoint    ] Leaving safepoint region
[2022-06-13T01:52:04.687+0000][1][safepoint    ] Total time for which application threads were stopped: 0.0011331 seconds, Stopping threads took: 0.0004818 seconds
[2022-06-13T01:52:05.685+0000][1][safepoint    ] Application time: 0.9972361 seconds
[2022-06-13T01:52:05.686+0000][1][safepoint    ] Entering safepoint region: BulkRevokeBias
[2022-06-13T01:52:05.687+0000][1][safepoint    ] Leaving safepoint region
[2022-06-13T01:52:05.687+0000][1][safepoint    ] Total time for which application threads were stopped: 0.0019777 seconds, Stopping threads took: 0.0004010 seconds
[2022-06-13T01:52:08.685+0000][1][safepoint    ] Application time: 2.9971926 seconds
[2022-06-13T01:52:08.686+0000][1][safepoint    ] Entering safepoint region: RevokeBias
[2022-06-13T01:52:08.687+0000][1][safepoint    ] Leaving safepoint region
[2022-06-13T01:52:08.688+0000][1][safepoint    ] Total time for which application threads were stopped: 0.0023357 seconds, Stopping threads took: 0.0006506 seconds
[2022-06-13T01:52:09.689+0000][1][safepoint    ] Application time: 1.0002635 seconds
[2022-06-13T01:52:09.690+0000][1][safepoint    ] Entering safepoint region: Cleanup
[2022-06-13T01:52:09.690+0000][1][safepoint    ] Leaving safepoint region
[2022-06-13T01:52:09.691+0000][1][safepoint    ] Total time for which application threads were stopped: 0.0014064 seconds, Stopping threads took: 0.0006197 seconds
[2022-06-13T01:52:10.692+0000][1][safepoint    ] Application time: 1.0003659 seconds
[2022-06-13T01:52:10.693+0000][1][safepoint    ] Entering safepoint region: Cleanup
[2022-06-13T01:52:10.693+0000][1][safepoint    ] Leaving safepoint region
[2022-06-13T01:52:10.694+0000][1][safepoint    ] Total time for which application threads were stopped: 0.0009451 seconds, Stopping threads took: 0.0004549 seconds
[2022-06-13T01:52:11.443+0000][1][safepoint    ] Application time: 0.7495128 seconds
[2022-06-13T01:52:11.444+0000][1][safepoint    ] Entering safepoint region: RevokeBias
[2022-06-13T01:52:11.444+0000][1][safepoint    ] Leaving safepoint region
[2022-06-13T01:52:11.445+0000][1][safepoint    ] Total time for which application threads were stopped: 0.0008357 seconds, Stopping threads took: 0.0003751 seconds
[2022-06-13T01:52:12.445+0000][1][safepoint    ] Application time: 1.0001674 seconds
[2022-06-13T01:52:12.446+0000][1][safepoint    ] Entering safepoint region: Cleanup
[2022-06-13T01:52:12.447+0000][1][safepoint    ] Leaving safepoint region
[2022-06-13T01:52:12.447+0000][1][safepoint    ] Total time for which application threads were stopped: 0.0013880 seconds, Stopping threads took: 0.0006532 seconds
[2022-06-13T01:52:13.448+0000][1][safepoint    ] Application time: 1.0002141 seconds
[2022-06-13T01:52:13.449+0000][1][safepoint    ] Entering safepoint region: Cleanup
[2022-06-13T01:52:13.449+0000][1][safepoint    ] Leaving safepoint region
[2022-06-13T01:52:13.450+0000][1][safepoint    ] Total time for which application threads were stopped: 0.0008114 seconds, Stopping threads took: 0.0003607 seconds
[2022-06-13T01:52:14.450+0000][1][safepoint    ] Application time: 1.0002060 seconds
[2022-06-13T01:52:14.451+0000][1][safepoint    ] Entering safepoint region: Cleanup
[2022-06-13T01:52:14.451+0000][1][safepoint    ] Leaving safepoint region
[2022-06-13T01:52:14.451+0000][1][safepoint    ] Total time for which application threads were stopped: 0.0007512 seconds, Stopping threads took: 0.0002987 seconds
[2022-06-13T01:52:15.452+0000][1][safepoint    ] Application time: 1.0001472 seconds
[2022-06-13T01:52:15.452+0000][1][safepoint    ] Entering safepoint region: Cleanup
[2022-06-13T01:52:15.453+0000][1][safepoint    ] Leaving safepoint region
[2022-06-13T01:52:15.453+0000][1][safepoint    ] Total time for which application threads were stopped: 0.0005252 seconds, Stopping threads took: 0.0002254 seconds
[2022-06-13T01:52:16.454+0000][1][safepoint    ] Application time: 1.0003099 seconds
[2022-06-13T01:52:16.454+0000][1][safepoint    ] Entering safepoint region: Cleanup
[2022-06-13T01:52:16.455+0000][1][safepoint    ] Leaving safepoint region
[2022-06-13T01:52:16.455+0000][1][safepoint    ] Total time for which application threads were stopped: 0.0011522 seconds, Stopping threads took: 0.0003328 seconds
[2022-06-13T01:52:17.456+0000][1][safepoint    ] Application time: 1.0001576 seconds
[2022-06-13T01:52:17.457+0000][1][safepoint    ] Entering safepoint region: Cleanup
[2022-06-13T01:52:17.457+0000][1][safepoint    ] Leaving safepoint region
[2022-06-13T01:52:17.458+0000][1][safepoint    ] Total time for which application threads were stopped: 0.0011146 seconds, Stopping threads took: 0.0004811 seconds
[2022-06-13T01:52:18.458+0000][1][safepoint    ] Application time: 1.0003607 seconds
[2022-06-13T01:52:18.459+0000][1][safepoint    ] Entering safepoint region: Cleanup
[2022-06-13T01:52:18.459+0000][1][safepoint    ] Leaving safepoint region
[2022-06-13T01:52:18.460+0000][1][safepoint    ] Total time for which application threads were stopped: 0.0009055 seconds, Stopping threads took: 0.0002726 seconds
[2022-06-13T01:52:19.460+0000][1][safepoint    ] Application time: 1.0001494 seconds
[2022-06-13T01:52:19.461+0000][1][safepoint    ] Entering safepoint region: Cleanup
[2022-06-13T01:52:19.462+0000][1][safepoint    ] Leaving safepoint region
[2022-06-13T01:52:19.462+0000][1][safepoint    ] Total time for which application threads were stopped: 0.0011686 seconds, Stopping threads took: 0.0005647 seconds
[2022-06-13T01:52:19.691+0000][1][safepoint    ] Application time: 0.2289272 seconds
[2022-06-13T01:52:19.692+0000][1][safepoint    ] Entering safepoint region: RevokeBias
[2022-06-13T01:52:19.692+0000][1][safepoint    ] Leaving safepoint region
[2022-06-13T01:52:19.692+0000][1][safepoint    ] Total time for which application threads were stopped: 0.0005133 seconds, Stopping threads took: 0.0002491 seconds
[2022-06-13T01:52:20.693+0000][1][safepoint    ] Application time: 1.0003395 seconds
[2022-06-13T01:52:20.693+0000][1][safepoint    ] Entering safepoint region: Cleanup
[2022-06-13T01:52:20.694+0000][1][safepoint    ] Leaving safepoint region
[2022-06-13T01:52:20.694+0000][1][safepoint    ] Total time for which application threads were stopped: 0.0010024 seconds, Stopping threads took: 0.0006628 seconds
[2022-06-13T01:52:21.695+0000][1][safepoint    ] Application time: 1.0001461 seconds
[2022-06-13T01:52:21.695+0000][1][safepoint    ] Entering safepoint region: Cleanup
[2022-06-13T01:52:21.696+0000][1][safepoint    ] Leaving safepoint region
[2022-06-13T01:52:21.696+0000][1][safepoint    ] Total time for which application threads were stopped: 0.0011146 seconds, Stopping threads took: 0.0005716 seconds
[2022-06-13T01:52:22.697+0000][1][safepoint    ] Application time: 1.0001567 seconds
[2022-06-13T01:52:22.698+0000][1][safepoint    ] Entering safepoint region: Cleanup
[2022-06-13T01:52:22.698+0000][1][safepoint    ] Leaving safepoint region
[2022-06-13T01:52:22.699+0000][1][safepoint    ] Total time for which application threads were stopped: 0.0015372 seconds, Stopping threads took: 0.0008197 seconds
[2022-06-13T01:52:23.700+0000][1][safepoint    ] Application time: 1.0003541 seconds
[2022-06-13T01:52:23.700+0000][1][safepoint    ] Entering safepoint region: Cleanup
[2022-06-13T01:52:23.701+0000][1][safepoint    ] Leaving safepoint region
[2022-06-13T01:52:23.701+0000][1][safepoint    ] Total time for which application threads were stopped: 0.0007526 seconds, Stopping threads took: 0.0002837 seconds
[2022-06-13T01:52:24.702+0000][1][safepoint    ] Application time: 1.0002732 seconds
[2022-06-13T01:52:24.703+0000][1][safepoint    ] Entering safepoint region: Cleanup
[2022-06-13T01:52:24.703+0000][1][safepoint    ] Leaving safepoint region
[2022-06-13T01:52:24.703+0000][1][safepoint    ] Total time for which application threads were stopped: 0.0009758 seconds, Stopping threads took: 0.0003645 seconds
[2022-06-13T01:52:25.704+0000][1][safepoint    ] Application time: 1.0001246 seconds
[2022-06-13T01:52:25.704+0000][1][safepoint    ] Entering safepoint region: Cleanup
[2022-06-13T01:52:25.705+0000][1][safepoint    ] Leaving safepoint region
[2022-06-13T01:52:25.706+0000][1][safepoint    ] Total time for which application threads were stopped: 0.0011734 seconds, Stopping threads took: 0.0005457 seconds
[2022-06-13T01:52:26.706+0000][1][safepoint    ] Application time: 1.0002523 seconds
[2022-06-13T01:52:26.707+0000][1][safepoint    ] Entering safepoint region: Cleanup
[2022-06-13T01:52:26.707+0000][1][safepoint    ] Leaving safepoint region
[2022-06-13T01:52:26.708+0000][1][safepoint    ] Total time for which application threads were stopped: 0.0011870 seconds, Stopping threads took: 0.0004602 seconds
[2022-06-13T01:52:27.709+0000][1][safepoint    ] Application time: 1.0002409 seconds
[2022-06-13T01:52:27.709+0000][1][safepoint    ] Entering safepoint region: Cleanup
[2022-06-13T01:52:27.710+0000][1][safepoint    ] Leaving safepoint region
[2022-06-13T01:52:27.710+0000][1][safepoint    ] Total time for which application threads were stopped: 0.0007946 seconds, Stopping threads took: 0.0002797 seconds
[2022-06-13T01:52:28.711+0000][1][safepoint    ] Application time: 1.0004179 seconds
[2022-06-13T01:52:28.711+0000][1][safepoint    ] Entering safepoint region: Cleanup
[2022-06-13T01:52:28.712+0000][1][safepoint    ] Leaving safepoint region
[2022-06-13T01:52:28.712+0000][1][safepoint    ] Total time for which application threads were stopped: 0.0009396 seconds, Stopping threads took: 0.0005286 seconds
[2022-06-13T01:52:29.713+0000][1][safepoint    ] Application time: 1.0001835 seconds
[2022-06-13T01:52:29.713+0000][1][safepoint    ] Entering safepoint region: Cleanup
[2022-06-13T01:52:29.714+0000][1][safepoint    ] Leaving safepoint region
[2022-06-13T01:52:29.714+0000][1][safepoint    ] Total time for which application threads were stopped: 0.0008916 seconds, Stopping threads took: 0.0005023 seconds
[2022-06-13T01:52:30.715+0000][1][safepoint    ] Application time: 1.0003056 seconds
[2022-06-13T01:52:30.715+0000][1][safepoint    ] Entering safepoint region: Cleanup
[2022-06-13T01:52:30.716+0000][1][safepoint    ] Leaving safepoint region
[2022-06-13T01:52:30.716+0000][1][safepoint    ] Total time for which application threads were stopped: 0.0006092 seconds, Stopping threads took: 0.0002815 seconds
[2022-06-13T01:52:31.716+0000][1][safepoint    ] Application time: 1.0001343 seconds
[2022-06-13T01:52:31.717+0000][1][safepoint    ] Entering safepoint region: Cleanup
[2022-06-13T01:52:31.717+0000][1][safepoint    ] Leaving safepoint region
[2022-06-13T01:52:31.718+0000][1][safepoint    ] Total time for which application threads were stopped: 0.0009006 seconds, Stopping threads took: 0.0002896 seconds
[2022-06-13T01:52:32.719+0000][1][safepoint    ] Application time: 1.0004507 seconds
[2022-06-13T01:52:32.719+0000][1][safepoint    ] Entering safepoint region: Cleanup
[2022-06-13T01:52:32.720+0000][1][safepoint    ] Leaving safepoint region
[2022-06-13T01:52:32.720+0000][1][safepoint    ] Total time for which application threads were stopped: 0.0009929 seconds, Stopping threads took: 0.0003868 seconds
[2022-06-13T01:52:33.721+0000][1][safepoint    ] Application time: 1.0002756 seconds
[2022-06-13T01:52:33.722+0000][1][safepoint    ] Entering safepoint region: Cleanup
[2022-06-13T01:52:33.723+0000][1][safepoint    ] Leaving safepoint region
[2022-06-13T01:52:33.723+0000][1][safepoint    ] Total time for which application threads were stopped: 0.0015230 seconds, Stopping threads took: 0.0008954 seconds
[2022-06-13T01:52:34.724+0000][1][safepoint    ] Application time: 1.0001820 seconds
[2022-06-13T01:52:34.724+0000][1][safepoint    ] Entering safepoint region: Cleanup
[2022-06-13T01:52:34.725+0000][1][safepoint    ] Leaving safepoint region
[2022-06-13T01:52:34.725+0000][1][safepoint    ] Total time for which application threads were stopped: 0.0008280 seconds, Stopping threads took: 0.0003658 seconds
[2022-06-13T01:52:35.725+0000][1][safepoint    ] Application time: 1.0001325 seconds
[2022-06-13T01:52:35.726+0000][1][safepoint    ] Entering safepoint region: Cleanup
[2022-06-13T01:52:35.726+0000][1][safepoint    ] Leaving safepoint region
[2022-06-13T01:52:35.727+0000][1][safepoint    ] Total time for which application threads were stopped: 0.0009515 seconds, Stopping threads took: 0.0004440 seconds
[2022-06-13T01:52:36.727+0000][1][safepoint    ] Application time: 1.0001103 seconds
[2022-06-13T01:52:36.728+0000][1][safepoint    ] Entering safepoint region: Cleanup
[2022-06-13T01:52:36.728+0000][1][safepoint    ] Leaving safepoint region
[2022-06-13T01:52:36.729+0000][1][safepoint    ] Total time for which application threads were stopped: 0.0007151 seconds, Stopping threads took: 0.0002594 seconds
[2022-06-13T01:52:37.729+0000][1][safepoint    ] Application time: 1.0002217 seconds
[2022-06-13T01:52:37.730+0000][1][safepoint    ] Entering safepoint region: Cleanup
[2022-06-13T01:52:37.731+0000][1][safepoint    ] Leaving safepoint region
[2022-06-13T01:52:37.731+0000][1][safepoint    ] Total time for which application threads were stopped: 0.0009059 seconds, Stopping threads took: 0.0004422 seconds
[2022-06-13T01:52:38.732+0000][1][safepoint    ] Application time: 1.0002541 seconds
[2022-06-13T01:52:38.732+0000][1][safepoint    ] Entering safepoint region: Cleanup
[2022-06-13T01:52:38.733+0000][1][safepoint    ] Leaving safepoint region
[2022-06-13T01:52:38.733+0000][1][safepoint    ] Total time for which application threads were stopped: 0.0011782 seconds, Stopping threads took: 0.0006096 seconds
[2022-06-13T01:52:39.734+0000][1][safepoint    ] Application time: 1.0001162 seconds
[2022-06-13T01:52:39.735+0000][1][safepoint    ] Entering safepoint region: Cleanup
[2022-06-13T01:52:39.735+0000][1][safepoint    ] Leaving safepoint region
[2022-06-13T01:52:39.735+0000][1][safepoint    ] Total time for which application threads were stopped: 0.0005599 seconds, Stopping threads took: 0.0002257 seconds
[2022-06-13T01:52:40.736+0000][1][safepoint    ] Application time: 1.0002297 seconds
[2022-06-13T01:52:40.736+0000][1][safepoint    ] Entering safepoint region: Cleanup
[2022-06-13T01:52:40.737+0000][1][safepoint    ] Leaving safepoint region
[2022-06-13T01:52:40.737+0000][1][safepoint    ] Total time for which application threads were stopped: 0.0005710 seconds, Stopping threads took: 0.0002617 seconds
[2022-06-13T01:52:41.737+0000][1][safepoint    ] Application time: 1.0001174 seconds
[2022-06-13T01:52:41.738+0000][1][safepoint    ] Entering safepoint region: Cleanup
[2022-06-13T01:52:41.738+0000][1][safepoint    ] Leaving safepoint region
[2022-06-13T01:52:41.739+0000][1][safepoint    ] Total time for which application threads were stopped: 0.0008070 seconds, Stopping threads took: 0.0003688 seconds
[2022-06-13T01:52:42.739+0000][1][safepoint    ] Application time: 1.0001678 seconds
[2022-06-13T01:52:42.739+0000][1][safepoint    ] Entering safepoint region: Cleanup
[2022-06-13T01:52:42.740+0000][1][safepoint    ] Leaving safepoint region
[2022-06-13T01:52:42.740+0000][1][safepoint    ] Total time for which application threads were stopped: 0.0003872 seconds, Stopping threads took: 0.0001545 seconds
[2022-06-13T01:52:43.740+0000][1][safepoint    ] Application time: 1.0002011 seconds
[2022-06-13T01:52:43.741+0000][1][safepoint    ] Entering safepoint region: Cleanup
[2022-06-13T01:52:43.741+0000][1][safepoint    ] Leaving safepoint region
[2022-06-13T01:52:43.742+0000][1][safepoint    ] Total time for which application threads were stopped: 0.0008519 seconds, Stopping threads took: 0.0003574 seconds
[2022-06-13T01:52:44.743+0000][1][safepoint    ] Application time: 1.0002559 seconds
[2022-06-13T01:52:44.743+0000][1][safepoint    ] Entering safepoint region: Cleanup
[2022-06-13T01:52:44.744+0000][1][safepoint    ] Leaving safepoint region
[2022-06-13T01:52:44.745+0000][1][safepoint    ] Total time for which application threads were stopped: 0.0012662 seconds, Stopping threads took: 0.0005670 seconds
[2022-06-13T01:52:45.745+0000][1][safepoint    ] Application time: 1.0002587 seconds
[2022-06-13T01:52:45.746+0000][1][safepoint    ] Entering safepoint region: Cleanup
[2022-06-13T01:52:45.747+0000][1][safepoint    ] Leaving safepoint region
[2022-06-13T01:52:45.747+0000][1][safepoint    ] Total time for which application threads were stopped: 0.0009711 seconds, Stopping threads took: 0.0004903 seconds
[2022-06-13T01:52:46.748+0000][1][safepoint    ] Application time: 1.0002676 seconds
[2022-06-13T01:52:46.748+0000][1][safepoint    ] Entering safepoint region: Cleanup
[2022-06-13T01:52:46.749+0000][1][safepoint    ] Leaving safepoint region
[2022-06-13T01:52:46.749+0000][1][safepoint    ] Total time for which application threads were stopped: 0.0009945 seconds, Stopping threads took: 0.0005339 seconds
[2022-06-13T01:52:47.750+0000][1][safepoint    ] Application time: 1.0000793 seconds
[2022-06-13T01:52:47.751+0000][1][safepoint    ] Entering safepoint region: Cleanup
[2022-06-13T01:52:47.751+0000][1][safepoint    ] Leaving safepoint region
[2022-06-13T01:52:47.751+0000][1][safepoint    ] Total time for which application threads were stopped: 0.0010257 seconds, Stopping threads took: 0.0006220 seconds
[2022-06-13T01:52:48.752+0000][1][safepoint    ] Application time: 1.0002103 seconds
[2022-06-13T01:52:48.753+0000][1][safepoint    ] Entering safepoint region: Cleanup
[2022-06-13T01:52:48.753+0000][1][safepoint    ] Leaving safepoint region
[2022-06-13T01:52:48.754+0000][1][safepoint    ] Total time for which application threads were stopped: 0.0008744 seconds, Stopping threads took: 0.0003773 seconds
[2022-06-13T01:52:49.754+0000][1][safepoint    ] Application time: 1.0002407 seconds
[2022-06-13T01:52:49.755+0000][1][safepoint    ] Entering safepoint region: Cleanup
[2022-06-13T01:52:49.755+0000][1][safepoint    ] Leaving safepoint region
[2022-06-13T01:52:49.756+0000][1][safepoint    ] Total time for which application threads were stopped: 0.0009589 seconds, Stopping threads took: 0.0004136 seconds
[2022-06-13T01:52:50.756+0000][1][safepoint    ] Application time: 1.0001633 seconds
[2022-06-13T01:52:50.757+0000][1][safepoint    ] Entering safepoint region: Cleanup
[2022-06-13T01:52:50.757+0000][1][safepoint    ] Leaving safepoint region
[2022-06-13T01:52:50.757+0000][1][safepoint    ] Total time for which application threads were stopped: 0.0007941 seconds, Stopping threads took: 0.0002849 seconds
[2022-06-13T01:52:51.758+0000][1][safepoint    ] Application time: 1.0001997 seconds
[2022-06-13T01:52:51.759+0000][1][safepoint    ] Entering safepoint region: Cleanup
[2022-06-13T01:52:51.759+0000][1][safepoint    ] Leaving safepoint region
[2022-06-13T01:52:51.760+0000][1][safepoint    ] Total time for which application threads were stopped: 0.0016452 seconds, Stopping threads took: 0.0006635 seconds
[2022-06-13T01:52:52.761+0000][1][safepoint    ] Application time: 1.0002328 seconds
[2022-06-13T01:52:52.762+0000][1][safepoint    ] Entering safepoint region: Cleanup
[2022-06-13T01:52:52.763+0000][1][safepoint    ] Leaving safepoint region
[2022-06-13T01:52:52.764+0000][1][safepoint    ] Total time for which application threads were stopped: 0.0018548 seconds, Stopping threads took: 0.0006282 seconds
[2022-06-13T01:52:53.764+0000][1][safepoint    ] Application time: 1.0001660 seconds
[2022-06-13T01:52:53.765+0000][1][safepoint    ] Entering safepoint region: Cleanup
[2022-06-13T01:52:53.765+0000][1][safepoint    ] Leaving safepoint region
[2022-06-13T01:52:53.765+0000][1][safepoint    ] Total time for which application threads were stopped: 0.0005378 seconds, Stopping threads took: 0.0002357 seconds
[2022-06-13T01:52:54.766+0000][1][safepoint    ] Application time: 1.0002214 seconds
[2022-06-13T01:52:54.766+0000][1][safepoint    ] Entering safepoint region: Cleanup
[2022-06-13T01:52:54.767+0000][1][safepoint    ] Leaving safepoint region
[2022-06-13T01:52:54.768+0000][1][safepoint    ] Total time for which application threads were stopped: 0.0014684 seconds, Stopping threads took: 0.0005234 seconds
[2022-06-13T01:52:55.768+0000][1][safepoint    ] Application time: 1.0001990 seconds
[2022-06-13T01:52:55.769+0000][1][safepoint    ] Entering safepoint region: Cleanup
[2022-06-13T01:52:55.769+0000][1][safepoint    ] Leaving safepoint region
[2022-06-13T01:52:55.770+0000][1][safepoint    ] Total time for which application threads were stopped: 0.0008184 seconds, Stopping threads took: 0.0003622 seconds
[2022-06-13T01:52:56.770+0000][1][safepoint    ] Application time: 1.0001543 seconds
[2022-06-13T01:52:56.771+0000][1][safepoint    ] Entering safepoint region: Cleanup
[2022-06-13T01:52:56.771+0000][1][safepoint    ] Leaving safepoint region
[2022-06-13T01:52:56.772+0000][1][safepoint    ] Total time for which application threads were stopped: 0.0010466 seconds, Stopping threads took: 0.0004004 seconds
[2022-06-13T01:52:57.773+0000][1][safepoint    ] Application time: 1.0002851 seconds
[2022-06-13T01:52:57.774+0000][1][safepoint    ] Entering safepoint region: Cleanup
[2022-06-13T01:52:57.774+0000][1][safepoint    ] Leaving safepoint region
[2022-06-13T01:52:57.775+0000][1][safepoint    ] Total time for which application threads were stopped: 0.0013996 seconds, Stopping threads took: 0.0006340 seconds
[2022-06-13T01:52:58.776+0000][1][safepoint    ] Application time: 1.0002605 seconds
[2022-06-13T01:52:58.776+0000][1][safepoint    ] Entering safepoint region: Cleanup
[2022-06-13T01:52:58.777+0000][1][safepoint    ] Leaving safepoint region
[2022-06-13T01:52:58.778+0000][1][safepoint    ] Total time for which application threads were stopped: 0.0011834 seconds, Stopping threads took: 0.0005185 seconds
[2022-06-13T01:52:59.778+0000][1][safepoint    ] Application time: 1.0002440 seconds
[2022-06-13T01:52:59.779+0000][1][safepoint    ] Entering safepoint region: Cleanup
[2022-06-13T01:52:59.780+0000][1][safepoint    ] Leaving safepoint region
[2022-06-13T01:52:59.780+0000][1][safepoint    ] Total time for which application threads were stopped: 0.0013235 seconds, Stopping threads took: 0.0005753 seconds
[2022-06-13T01:53:00.781+0000][1][safepoint    ] Application time: 1.0002004 seconds
[2022-06-13T01:53:00.781+0000][1][safepoint    ] Entering safepoint region: Cleanup
[2022-06-13T01:53:00.782+0000][1][safepoint    ] Leaving safepoint region
[2022-06-13T01:53:00.782+0000][1][safepoint    ] Total time for which application threads were stopped: 0.0007364 seconds, Stopping threads took: 0.0002899 seconds
[2022-06-13T01:53:01.783+0000][1][safepoint    ] Application time: 1.0003300 seconds
[2022-06-13T01:53:01.783+0000][1][safepoint    ] Entering safepoint region: Cleanup
[2022-06-13T01:53:01.784+0000][1][safepoint    ] Leaving safepoint region
[2022-06-13T01:53:01.784+0000][1][safepoint    ] Total time for which application threads were stopped: 0.0009061 seconds, Stopping threads took: 0.0003585 seconds
[2022-06-13T01:53:02.785+0000][1][safepoint    ] Application time: 1.0002127 seconds
[2022-06-13T01:53:02.785+0000][1][safepoint    ] Entering safepoint region: Cleanup
[2022-06-13T01:53:02.786+0000][1][safepoint    ] Leaving safepoint region
[2022-06-13T01:53:02.786+0000][1][safepoint    ] Total time for which application threads were stopped: 0.0008673 seconds, Stopping threads took: 0.0003747 seconds
[2022-06-13T01:53:03.786+0000][1][safepoint    ] Application time: 1.0002013 seconds
[2022-06-13T01:53:03.787+0000][1][safepoint    ] Entering safepoint region: Cleanup
[2022-06-13T01:53:03.787+0000][1][safepoint    ] Leaving safepoint region
[2022-06-13T01:53:03.788+0000][1][safepoint    ] Total time for which application threads were stopped: 0.0007143 seconds, Stopping threads took: 0.0002854 seconds
[2022-06-13T01:53:04.788+0000][1][safepoint    ] Application time: 1.0002305 seconds
[2022-06-13T01:53:04.789+0000][1][safepoint    ] Entering safepoint region: Cleanup
[2022-06-13T01:53:04.789+0000][1][safepoint    ] Leaving safepoint region
[2022-06-13T01:53:04.789+0000][1][safepoint    ] Total time for which application threads were stopped: 0.0006713 seconds, Stopping threads took: 0.0003439 seconds
[2022-06-13T01:53:05.790+0000][1][safepoint    ] Application time: 1.0001798 seconds
[2022-06-13T01:53:05.790+0000][1][safepoint    ] Entering safepoint region: Cleanup
[2022-06-13T01:53:05.791+0000][1][safepoint    ] Leaving safepoint region
[2022-06-13T01:53:05.792+0000][1][safepoint    ] Total time for which application threads were stopped: 0.0013449 seconds, Stopping threads took: 0.0004655 seconds
[2022-06-13T01:53:06.792+0000][1][safepoint    ] Application time: 1.0002161 seconds
[2022-06-13T01:53:06.793+0000][1][safepoint    ] Entering safepoint region: Cleanup
[2022-06-13T01:53:06.793+0000][1][safepoint    ] Leaving safepoint region
[2022-06-13T01:53:06.794+0000][1][safepoint    ] Total time for which application threads were stopped: 0.0008502 seconds, Stopping threads took: 0.0003744 seconds
[2022-06-13T01:53:07.794+0000][1][safepoint    ] Application time: 1.0002340 seconds
[2022-06-13T01:53:07.795+0000][1][safepoint    ] Entering safepoint region: Cleanup
[2022-06-13T01:53:07.795+0000][1][safepoint    ] Leaving safepoint region
[2022-06-13T01:53:07.796+0000][1][safepoint    ] Total time for which application threads were stopped: 0.0009706 seconds, Stopping threads took: 0.0003665 seconds
[2022-06-13T01:53:08.796+0000][1][safepoint    ] Application time: 1.0002171 seconds
[2022-06-13T01:53:08.797+0000][1][safepoint    ] Entering safepoint region: Cleanup
[2022-06-13T01:53:08.798+0000][1][safepoint    ] Leaving safepoint region
[2022-06-13T01:53:08.798+0000][1][safepoint    ] Total time for which application threads were stopped: 0.0009250 seconds, Stopping threads took: 0.0003983 seconds
[2022-06-13T01:53:09.798+0000][1][safepoint    ] Application time: 1.0002660 seconds
[2022-06-13T01:53:09.799+0000][1][safepoint    ] Entering safepoint region: Cleanup
[2022-06-13T01:53:09.800+0000][1][safepoint    ] Leaving safepoint region
[2022-06-13T01:53:09.800+0000][1][safepoint    ] Total time for which application threads were stopped: 0.0009585 seconds, Stopping threads took: 0.0003745 seconds
[2022-06-13T01:53:10.801+0000][1][safepoint    ] Application time: 1.0001554 seconds
[2022-06-13T01:53:10.801+0000][1][safepoint    ] Entering safepoint region: Cleanup
[2022-06-13T01:53:10.802+0000][1][safepoint    ] Leaving safepoint region
[2022-06-13T01:53:10.802+0000][1][safepoint    ] Total time for which application threads were stopped: 0.0005990 seconds, Stopping threads took: 0.0002569 seconds
[2022-06-13T01:53:11.802+0000][1][safepoint    ] Application time: 1.0003240 seconds
[2022-06-13T01:53:11.803+0000][1][safepoint    ] Entering safepoint region: Cleanup
[2022-06-13T01:53:11.804+0000][1][safepoint    ] Leaving safepoint region
[2022-06-13T01:53:11.805+0000][1][safepoint    ] Total time for which application threads were stopped: 0.0016189 seconds, Stopping threads took: 0.0006986 seconds
[2022-06-13T01:53:12.806+0000][1][safepoint    ] Application time: 1.0002805 seconds
[2022-06-13T01:53:12.807+0000][1][safepoint    ] Entering safepoint region: Cleanup
[2022-06-13T01:53:12.808+0000][1][safepoint    ] Leaving safepoint region
[2022-06-13T01:53:12.809+0000][1][safepoint    ] Total time for which application threads were stopped: 0.0021663 seconds, Stopping threads took: 0.0008709 seconds
[2022-06-13T01:53:13.810+0000][1][safepoint    ] Application time: 1.0003350 seconds
[2022-06-13T01:53:13.811+0000][1][safepoint    ] Entering safepoint region: Cleanup
[2022-06-13T01:53:13.811+0000][1][safepoint    ] Leaving safepoint region
[2022-06-13T01:53:13.812+0000][1][safepoint    ] Total time for which application threads were stopped: 0.0010588 seconds, Stopping threads took: 0.0004265 seconds
[2022-06-13T01:53:14.244+0000][1][safepoint    ] Application time: 0.4323310 seconds
[2022-06-13T01:53:14.245+0000][1][safepoint    ] Entering safepoint region: GenCollectForAllocation
[2022-06-13T01:53:14.246+0000][1][gc,start     ] GC(22) Pause Young (Allocation Failure)
[2022-06-13T01:53:14.246+0000][1][gc,task      ] GC(22) Using 5 workers of 13 for evacuation
[2022-06-13T01:53:14.255+0000][1][gc,age       ] GC(22) Desired survivor size 4456448 bytes, new threshold 2 (max threshold 6)
[2022-06-13T01:53:14.255+0000][1][gc,age       ] GC(22) Age table with threshold 2 (max threshold 6)
[2022-06-13T01:53:14.256+0000][1][gc,age       ] GC(22) - age   1:    1335416 bytes,    1335416 total
[2022-06-13T01:53:14.257+0000][1][gc,age       ] GC(22) - age   2:    3681576 bytes,    5016992 total
[2022-06-13T01:53:14.257+0000][1][gc,heap      ] GC(22) ParNew: 77770K->7030K(78656K)
[2022-06-13T01:53:14.258+0000][1][gc,heap      ] GC(22) CMS: 62886K->64321K(174784K)
[2022-06-13T01:53:14.259+0000][1][gc,metaspace ] GC(22) Metaspace: 64640K->64640K(1107968K)
[2022-06-13T01:53:14.260+0000][1][gc           ] GC(22) Pause Young (Allocation Failure) 137M->69M(247M) 13.831ms
[2022-06-13T01:53:14.260+0000][1][gc,cpu       ] GC(22) User=0.04s Sys=0.00s Real=0.02s
[2022-06-13T01:53:14.260+0000][1][safepoint    ] Leaving safepoint region
[2022-06-13T01:53:14.261+0000][1][safepoint    ] Total time for which application threads were stopped: 0.0159296 seconds, Stopping threads took: 0.0004837 seconds
[2022-06-13T01:53:15.262+0000][1][safepoint    ] Application time: 1.0003560 seconds
[2022-06-13T01:53:15.263+0000][1][safepoint    ] Entering safepoint region: Cleanup
[2022-06-13T01:53:15.263+0000][1][safepoint    ] Leaving safepoint region
[2022-06-13T01:53:15.264+0000][1][safepoint    ] Total time for which application threads were stopped: 0.0011715 seconds, Stopping threads took: 0.0005010 seconds
[2022-06-13T01:53:16.264+0000][1][safepoint    ] Application time: 1.0002587 seconds
[2022-06-13T01:53:16.265+0000][1][safepoint    ] Entering safepoint region: Cleanup
[2022-06-13T01:53:16.266+0000][1][safepoint    ] Leaving safepoint region
[2022-06-13T01:53:16.266+0000][1][safepoint    ] Total time for which application threads were stopped: 0.0013820 seconds, Stopping threads took: 0.0006619 seconds
[2022-06-13T01:53:17.267+0000][1][safepoint    ] Application time: 1.0002447 seconds
[2022-06-13T01:53:17.268+0000][1][safepoint    ] Entering safepoint region: Cleanup
[2022-06-13T01:53:17.268+0000][1][safepoint    ] Leaving safepoint region
[2022-06-13T01:53:17.269+0000][1][safepoint    ] Total time for which application threads were stopped: 0.0009984 seconds, Stopping threads took: 0.0004404 seconds
[2022-06-13T01:53:18.269+0000][1][safepoint    ] Application time: 1.0003289 seconds
[2022-06-13T01:53:18.270+0000][1][safepoint    ] Entering safepoint region: Cleanup
[2022-06-13T01:53:18.271+0000][1][safepoint    ] Leaving safepoint region
[2022-06-13T01:53:18.272+0000][1][safepoint    ] Total time for which application threads were stopped: 0.0017490 seconds, Stopping threads took: 0.0008664 seconds
[2022-06-13T01:53:19.273+0000][1][safepoint    ] Application time: 1.0004048 seconds
[2022-06-13T01:53:19.273+0000][1][safepoint    ] Entering safepoint region: Cleanup
[2022-06-13T01:53:19.274+0000][1][safepoint    ] Leaving safepoint region
[2022-06-13T01:53:19.275+0000][1][safepoint    ] Total time for which application threads were stopped: 0.0013830 seconds, Stopping threads took: 0.0006146 seconds
[2022-06-13T01:53:20.275+0000][1][safepoint    ] Application time: 1.0002402 seconds
[2022-06-13T01:53:20.276+0000][1][safepoint    ] Entering safepoint region: Cleanup
[2022-06-13T01:53:20.277+0000][1][safepoint    ] Leaving safepoint region
[2022-06-13T01:53:20.278+0000][1][safepoint    ] Total time for which application threads were stopped: 0.0015775 seconds, Stopping threads took: 0.0007618 seconds
[2022-06-13T01:53:21.279+0000][1][safepoint    ] Application time: 1.0002034 seconds
[2022-06-13T01:53:21.279+0000][1][safepoint    ] Entering safepoint region: Cleanup
[2022-06-13T01:53:21.280+0000][1][safepoint    ] Leaving safepoint region
[2022-06-13T01:53:21.281+0000][1][safepoint    ] Total time for which application threads were stopped: 0.0016740 seconds, Stopping threads took: 0.0005718 seconds
[2022-06-13T01:53:22.282+0000][1][safepoint    ] Application time: 1.0003452 seconds
[2022-06-13T01:53:22.283+0000][1][safepoint    ] Entering safepoint region: Cleanup
[2022-06-13T01:53:22.284+0000][1][safepoint    ] Leaving safepoint region
[2022-06-13T01:53:22.285+0000][1][safepoint    ] Total time for which application threads were stopped: 0.0015312 seconds, Stopping threads took: 0.0006681 seconds
[2022-06-13T01:53:23.285+0000][1][safepoint    ] Application time: 1.0001411 seconds
[2022-06-13T01:53:23.286+0000][1][safepoint    ] Entering safepoint region: Cleanup
[2022-06-13T01:53:23.287+0000][1][safepoint    ] Leaving safepoint region
[2022-06-13T01:53:23.288+0000][1][safepoint    ] Total time for which application threads were stopped: 0.0014360 seconds, Stopping threads took: 0.0005988 seconds
[2022-06-13T01:53:24.288+0000][1][safepoint    ] Application time: 1.0001739 seconds
[2022-06-13T01:53:24.289+0000][1][safepoint    ] Entering safepoint region: Cleanup
[2022-06-13T01:53:24.290+0000][1][safepoint    ] Leaving safepoint region
[2022-06-13T01:53:24.290+0000][1][safepoint    ] Total time for which application threads were stopped: 0.0014461 seconds, Stopping threads took: 0.0008561 seconds
[2022-06-13T01:53:25.291+0000][1][safepoint    ] Application time: 1.0003231 seconds
[2022-06-13T01:53:25.292+0000][1][safepoint    ] Entering safepoint region: Cleanup
[2022-06-13T01:53:25.293+0000][1][safepoint    ] Leaving safepoint region
[2022-06-13T01:53:25.293+0000][1][safepoint    ] Total time for which application threads were stopped: 0.0012902 seconds, Stopping threads took: 0.0007027 seconds
[2022-06-13T01:53:26.294+0000][1][safepoint    ] Application time: 1.0004688 seconds
[2022-06-13T01:53:26.295+0000][1][safepoint    ] Entering safepoint region: Cleanup
[2022-06-13T01:53:26.296+0000][1][safepoint    ] Leaving safepoint region
[2022-06-13T01:53:26.297+0000][1][safepoint    ] Total time for which application threads were stopped: 0.0014933 seconds, Stopping threads took: 0.0006620 seconds
[2022-06-13T01:53:27.298+0000][1][safepoint    ] Application time: 1.0003629 seconds
[2022-06-13T01:53:27.299+0000][1][safepoint    ] Entering safepoint region: Cleanup
[2022-06-13T01:53:27.299+0000][1][safepoint    ] Leaving safepoint region
[2022-06-13T01:53:27.300+0000][1][safepoint    ] Total time for which application threads were stopped: 0.0012279 seconds, Stopping threads took: 0.0005753 seconds
[2022-06-13T01:53:28.301+0000][1][safepoint    ] Application time: 1.0002388 seconds
[2022-06-13T01:53:28.301+0000][1][safepoint    ] Entering safepoint region: Cleanup
[2022-06-13T01:53:28.302+0000][1][safepoint    ] Leaving safepoint region
[2022-06-13T01:53:28.303+0000][1][safepoint    ] Total time for which application threads were stopped: 0.0014975 seconds, Stopping threads took: 0.0005419 seconds
[2022-06-13T01:53:29.303+0000][1][safepoint    ] Application time: 1.0002127 seconds
[2022-06-13T01:53:29.304+0000][1][safepoint    ] Entering safepoint region: Cleanup
[2022-06-13T01:53:29.304+0000][1][safepoint    ] Leaving safepoint region
[2022-06-13T01:53:29.304+0000][1][safepoint    ] Total time for which application threads were stopped: 0.0007332 seconds, Stopping threads took: 0.0003720 seconds
[2022-06-13T01:53:30.305+0000][1][safepoint    ] Application time: 1.0002216 seconds
[2022-06-13T01:53:30.306+0000][1][safepoint    ] Entering safepoint region: Cleanup
[2022-06-13T01:53:30.306+0000][1][safepoint    ] Leaving safepoint region
[2022-06-13T01:53:30.307+0000][1][safepoint    ] Total time for which application threads were stopped: 0.0009415 seconds, Stopping threads took: 0.0004331 seconds
[2022-06-13T01:53:31.307+0000][1][safepoint    ] Application time: 1.0001537 seconds
[2022-06-13T01:53:31.308+0000][1][safepoint    ] Entering safepoint region: Cleanup
[2022-06-13T01:53:31.308+0000][1][safepoint    ] Leaving safepoint region
[2022-06-13T01:53:31.309+0000][1][safepoint    ] Total time for which application threads were stopped: 0.0006227 seconds, Stopping threads took: 0.0002752 seconds
[2022-06-13T01:53:32.309+0000][1][safepoint    ] Application time: 1.0002448 seconds
[2022-06-13T01:53:32.310+0000][1][safepoint    ] Entering safepoint region: Cleanup
[2022-06-13T01:53:32.310+0000][1][safepoint    ] Leaving safepoint region
[2022-06-13T01:53:32.311+0000][1][safepoint    ] Total time for which application threads were stopped: 0.0007415 seconds, Stopping threads took: 0.0003002 seconds
[2022-06-13T01:53:33.311+0000][1][safepoint    ] Application time: 1.0001837 seconds
[2022-06-13T01:53:33.312+0000][1][safepoint    ] Entering safepoint region: Cleanup
[2022-06-13T01:53:33.312+0000][1][safepoint    ] Leaving safepoint region
[2022-06-13T01:53:33.313+0000][1][safepoint    ] Total time for which application threads were stopped: 0.0010755 seconds, Stopping threads took: 0.0005065 seconds
[2022-06-13T01:53:34.314+0000][1][safepoint    ] Application time: 1.0003771 seconds
[2022-06-13T01:53:34.315+0000][1][safepoint    ] Entering safepoint region: Cleanup
[2022-06-13T01:53:34.316+0000][1][safepoint    ] Leaving safepoint region
[2022-06-13T01:53:34.316+0000][1][safepoint    ] Total time for which application threads were stopped: 0.0017375 seconds, Stopping threads took: 0.0007797 seconds
[2022-06-13T01:53:35.317+0000][1][safepoint    ] Application time: 1.0001735 seconds
[2022-06-13T01:53:35.318+0000][1][safepoint    ] Entering safepoint region: Cleanup
[2022-06-13T01:53:35.319+0000][1][safepoint    ] Leaving safepoint region
[2022-06-13T01:53:35.319+0000][1][safepoint    ] Total time for which application threads were stopped: 0.0012937 seconds, Stopping threads took: 0.0006969 seconds
[2022-06-13T01:53:36.320+0000][1][safepoint    ] Application time: 1.0004324 seconds
[2022-06-13T01:53:36.322+0000][1][safepoint    ] Entering safepoint region: Cleanup
[2022-06-13T01:53:36.322+0000][1][safepoint    ] Leaving safepoint region
[2022-06-13T01:53:36.323+0000][1][safepoint    ] Total time for which application threads were stopped: 0.0015145 seconds, Stopping threads took: 0.0003565 seconds
[2022-06-13T01:53:37.324+0000][1][safepoint    ] Application time: 1.0004161 seconds
[2022-06-13T01:53:37.324+0000][1][safepoint    ] Entering safepoint region: Cleanup
[2022-06-13T01:53:37.325+0000][1][safepoint    ] Leaving safepoint region
[2022-06-13T01:53:37.325+0000][1][safepoint    ] Total time for which application threads were stopped: 0.0004777 seconds, Stopping threads took: 0.0001916 seconds
[2022-06-13T01:53:38.325+0000][1][safepoint    ] Application time: 1.0002395 seconds
[2022-06-13T01:53:38.326+0000][1][safepoint    ] Entering safepoint region: Cleanup
[2022-06-13T01:53:38.327+0000][1][safepoint    ] Leaving safepoint region
[2022-06-13T01:53:38.328+0000][1][safepoint    ] Total time for which application threads were stopped: 0.0018076 seconds, Stopping threads took: 0.0008017 seconds
[2022-06-13T01:53:39.329+0000][1][safepoint    ] Application time: 1.0003970 seconds
[2022-06-13T01:53:39.330+0000][1][safepoint    ] Entering safepoint region: Cleanup
[2022-06-13T01:53:39.331+0000][1][safepoint    ] Leaving safepoint region
[2022-06-13T01:53:39.331+0000][1][safepoint    ] Total time for which application threads were stopped: 0.0017168 seconds, Stopping threads took: 0.0008032 seconds
[2022-06-13T01:53:40.332+0000][1][safepoint    ] Application time: 1.0002419 seconds
[2022-06-13T01:53:40.333+0000][1][safepoint    ] Entering safepoint region: Cleanup
[2022-06-13T01:53:40.334+0000][1][safepoint    ] Leaving safepoint region
[2022-06-13T01:53:40.334+0000][1][safepoint    ] Total time for which application threads were stopped: 0.0012289 seconds, Stopping threads took: 0.0006691 seconds
[2022-06-13T01:53:41.335+0000][1][safepoint    ] Application time: 1.0001762 seconds
[2022-06-13T01:53:41.336+0000][1][safepoint    ] Entering safepoint region: Cleanup
[2022-06-13T01:53:41.336+0000][1][safepoint    ] Leaving safepoint region
[2022-06-13T01:53:41.336+0000][1][safepoint    ] Total time for which application threads were stopped: 0.0008982 seconds, Stopping threads took: 0.0003766 seconds
[2022-06-13T01:53:42.337+0000][1][safepoint    ] Application time: 1.0002493 seconds
[2022-06-13T01:53:42.338+0000][1][safepoint    ] Entering safepoint region: Cleanup
[2022-06-13T01:53:42.339+0000][1][safepoint    ] Leaving safepoint region
[2022-06-13T01:53:42.340+0000][1][safepoint    ] Total time for which application threads were stopped: 0.0016669 seconds, Stopping threads took: 0.0007918 seconds
[2022-06-13T01:53:43.341+0000][1][safepoint    ] Application time: 1.0003121 seconds
[2022-06-13T01:53:43.342+0000][1][safepoint    ] Entering safepoint region: Cleanup
[2022-06-13T01:53:43.343+0000][1][safepoint    ] Leaving safepoint region
[2022-06-13T01:53:43.343+0000][1][safepoint    ] Total time for which application threads were stopped: 0.0016618 seconds, Stopping threads took: 0.0007078 seconds
[2022-06-13T01:53:44.344+0000][1][safepoint    ] Application time: 1.0003368 seconds
[2022-06-13T01:53:44.345+0000][1][safepoint    ] Entering safepoint region: Cleanup
[2022-06-13T01:53:44.345+0000][1][safepoint    ] Leaving safepoint region
[2022-06-13T01:53:44.346+0000][1][safepoint    ] Total time for which application threads were stopped: 0.0008504 seconds, Stopping threads took: 0.0003723 seconds
[2022-06-13T01:53:45.346+0000][1][safepoint    ] Application time: 1.0003147 seconds
[2022-06-13T01:53:45.347+0000][1][safepoint    ] Entering safepoint region: Cleanup
[2022-06-13T01:53:45.347+0000][1][safepoint    ] Leaving safepoint region
[2022-06-13T01:53:45.347+0000][1][safepoint    ] Total time for which application threads were stopped: 0.0005612 seconds, Stopping threads took: 0.0002549 seconds
[2022-06-13T01:53:46.348+0000][1][safepoint    ] Application time: 1.0002207 seconds
[2022-06-13T01:53:46.348+0000][1][safepoint    ] Entering safepoint region: Cleanup
[2022-06-13T01:53:46.349+0000][1][safepoint    ] Leaving safepoint region
[2022-06-13T01:53:46.349+0000][1][safepoint    ] Total time for which application threads were stopped: 0.0008722 seconds, Stopping threads took: 0.0003504 seconds
[2022-06-13T01:53:47.350+0000][1][safepoint    ] Application time: 1.0003201 seconds
[2022-06-13T01:53:47.351+0000][1][safepoint    ] Entering safepoint region: Cleanup
[2022-06-13T01:53:47.352+0000][1][safepoint    ] Leaving safepoint region
[2022-06-13T01:53:47.353+0000][1][safepoint    ] Total time for which application threads were stopped: 0.0019529 seconds, Stopping threads took: 0.0008555 seconds
[2022-06-13T01:53:48.353+0000][1][safepoint    ] Application time: 1.0002715 seconds
[2022-06-13T01:53:48.354+0000][1][safepoint    ] Entering safepoint region: Cleanup
[2022-06-13T01:53:48.355+0000][1][safepoint    ] Leaving safepoint region
[2022-06-13T01:53:48.355+0000][1][safepoint    ] Total time for which application threads were stopped: 0.0010265 seconds, Stopping threads took: 0.0003711 seconds
[2022-06-13T01:53:49.356+0000][1][safepoint    ] Application time: 1.0002598 seconds
[2022-06-13T01:53:49.356+0000][1][safepoint    ] Entering safepoint region: Cleanup
[2022-06-13T01:53:49.357+0000][1][safepoint    ] Leaving safepoint region
[2022-06-13T01:53:49.357+0000][1][safepoint    ] Total time for which application threads were stopped: 0.0010547 seconds, Stopping threads took: 0.0004392 seconds
[2022-06-13T01:53:50.358+0000][1][safepoint    ] Application time: 1.0001226 seconds
[2022-06-13T01:53:50.358+0000][1][safepoint    ] Entering safepoint region: Cleanup
[2022-06-13T01:53:50.359+0000][1][safepoint    ] Leaving safepoint region
[2022-06-13T01:53:50.360+0000][1][safepoint    ] Total time for which application threads were stopped: 0.0013445 seconds, Stopping threads took: 0.0005843 seconds
[2022-06-13T01:53:51.361+0000][1][safepoint    ] Application time: 1.0004157 seconds
[2022-06-13T01:53:51.361+0000][1][safepoint    ] Entering safepoint region: Cleanup
[2022-06-13T01:53:51.362+0000][1][safepoint    ] Leaving safepoint region
[2022-06-13T01:53:51.362+0000][1][safepoint    ] Total time for which application threads were stopped: 0.0009445 seconds, Stopping threads took: 0.0005374 seconds
[2022-06-13T01:53:52.363+0000][1][safepoint    ] Application time: 1.0001441 seconds
[2022-06-13T01:53:52.363+0000][1][safepoint    ] Entering safepoint region: Cleanup
[2022-06-13T01:53:52.364+0000][1][safepoint    ] Leaving safepoint region
[2022-06-13T01:53:52.364+0000][1][safepoint    ] Total time for which application threads were stopped: 0.0008662 seconds, Stopping threads took: 0.0003576 seconds
[2022-06-13T01:53:53.365+0000][1][safepoint    ] Application time: 1.0002169 seconds
[2022-06-13T01:53:53.365+0000][1][safepoint    ] Entering safepoint region: Cleanup
[2022-06-13T01:53:53.366+0000][1][safepoint    ] Leaving safepoint region
[2022-06-13T01:53:53.366+0000][1][safepoint    ] Total time for which application threads were stopped: 0.0008244 seconds, Stopping threads took: 0.0004134 seconds
[2022-06-13T01:53:54.367+0000][1][safepoint    ] Application time: 1.0002385 seconds
[2022-06-13T01:53:54.367+0000][1][safepoint    ] Entering safepoint region: Cleanup
[2022-06-13T01:53:54.368+0000][1][safepoint    ] Leaving safepoint region
[2022-06-13T01:53:54.368+0000][1][safepoint    ] Total time for which application threads were stopped: 0.0009205 seconds, Stopping threads took: 0.0003992 seconds
[2022-06-13T01:53:55.369+0000][1][safepoint    ] Application time: 1.0002669 seconds
[2022-06-13T01:53:55.370+0000][1][safepoint    ] Entering safepoint region: Cleanup
[2022-06-13T01:53:55.371+0000][1][safepoint    ] Leaving safepoint region
[2022-06-13T01:53:55.371+0000][1][safepoint    ] Total time for which application threads were stopped: 0.0016455 seconds, Stopping threads took: 0.0007769 seconds
[2022-06-13T01:53:56.372+0000][1][safepoint    ] Application time: 1.0002391 seconds
[2022-06-13T01:53:56.373+0000][1][safepoint    ] Entering safepoint region: Cleanup
[2022-06-13T01:53:56.373+0000][1][safepoint    ] Leaving safepoint region
[2022-06-13T01:53:56.374+0000][1][safepoint    ] Total time for which application threads were stopped: 0.0009763 seconds, Stopping threads took: 0.0003987 seconds
[2022-06-13T01:53:57.374+0000][1][safepoint    ] Application time: 1.0002028 seconds
[2022-06-13T01:53:57.375+0000][1][safepoint    ] Entering safepoint region: Cleanup
[2022-06-13T01:53:57.375+0000][1][safepoint    ] Leaving safepoint region
[2022-06-13T01:53:57.376+0000][1][safepoint    ] Total time for which application threads were stopped: 0.0007541 seconds, Stopping threads took: 0.0004014 seconds
[2022-06-13T01:53:58.376+0000][1][safepoint    ] Application time: 1.0003554 seconds
[2022-06-13T01:53:58.377+0000][1][safepoint    ] Entering safepoint region: Cleanup
[2022-06-13T01:53:58.378+0000][1][safepoint    ] Leaving safepoint region
[2022-06-13T01:53:58.379+0000][1][safepoint    ] Total time for which application threads were stopped: 0.0017960 seconds, Stopping threads took: 0.0009456 seconds
[2022-06-13T01:53:59.380+0000][1][safepoint    ] Application time: 1.0002807 seconds
[2022-06-13T01:53:59.380+0000][1][safepoint    ] Entering safepoint region: Cleanup
[2022-06-13T01:53:59.381+0000][1][safepoint    ] Leaving safepoint region
[2022-06-13T01:53:59.381+0000][1][safepoint    ] Total time for which application threads were stopped: 0.0009213 seconds, Stopping threads took: 0.0004142 seconds
[2022-06-13T01:54:00.381+0000][1][safepoint    ] Application time: 1.0002064 seconds
[2022-06-13T01:54:00.383+0000][1][safepoint    ] Entering safepoint region: Cleanup
[2022-06-13T01:54:00.383+0000][1][safepoint    ] Leaving safepoint region
[2022-06-13T01:54:00.384+0000][1][safepoint    ] Total time for which application threads were stopped: 0.0014090 seconds, Stopping threads took: 0.0006426 seconds
[2022-06-13T01:54:01.385+0000][1][safepoint    ] Application time: 1.0002328 seconds
[2022-06-13T01:54:01.386+0000][1][safepoint    ] Entering safepoint region: Cleanup
[2022-06-13T01:54:01.386+0000][1][safepoint    ] Leaving safepoint region
[2022-06-13T01:54:01.387+0000][1][safepoint    ] Total time for which application threads were stopped: 0.0010885 seconds, Stopping threads took: 0.0004647 seconds
[2022-06-13T01:54:02.387+0000][1][safepoint    ] Application time: 1.0002420 seconds
[2022-06-13T01:54:02.388+0000][1][safepoint    ] Entering safepoint region: Cleanup
[2022-06-13T01:54:02.389+0000][1][safepoint    ] Leaving safepoint region
[2022-06-13T01:54:02.389+0000][1][safepoint    ] Total time for which application threads were stopped: 0.0011982 seconds, Stopping threads took: 0.0003981 seconds
[2022-06-13T01:54:03.390+0000][1][safepoint    ] Application time: 1.0001771 seconds
[2022-06-13T01:54:03.391+0000][1][safepoint    ] Entering safepoint region: Cleanup
[2022-06-13T01:54:03.392+0000][1][safepoint    ] Leaving safepoint region
[2022-06-13T01:54:03.392+0000][1][safepoint    ] Total time for which application threads were stopped: 0.0015655 seconds, Stopping threads took: 0.0007596 seconds
[2022-06-13T01:54:04.393+0000][1][safepoint    ] Application time: 1.0003115 seconds
[2022-06-13T01:54:04.394+0000][1][safepoint    ] Entering safepoint region: Cleanup
[2022-06-13T01:54:04.394+0000][1][safepoint    ] Leaving safepoint region
[2022-06-13T01:54:04.395+0000][1][safepoint    ] Total time for which application threads were stopped: 0.0008672 seconds, Stopping threads took: 0.0004140 seconds
[2022-06-13T01:54:05.395+0000][1][safepoint    ] Application time: 1.0003071 seconds
[2022-06-13T01:54:05.396+0000][1][safepoint    ] Entering safepoint region: Cleanup
[2022-06-13T01:54:05.397+0000][1][safepoint    ] Leaving safepoint region
[2022-06-13T01:54:05.397+0000][1][safepoint    ] Total time for which application threads were stopped: 0.0014015 seconds, Stopping threads took: 0.0006336 seconds
[2022-06-13T01:54:06.399+0000][1][safepoint    ] Application time: 1.0004383 seconds
[2022-06-13T01:54:06.400+0000][1][safepoint    ] Entering safepoint region: Cleanup
[2022-06-13T01:54:06.401+0000][1][safepoint    ] Leaving safepoint region
[2022-06-13T01:54:06.401+0000][1][safepoint    ] Total time for which application threads were stopped: 0.0017727 seconds, Stopping threads took: 0.0008221 seconds
[2022-06-13T01:54:07.402+0000][1][safepoint    ] Application time: 1.0003106 seconds
[2022-06-13T01:54:07.403+0000][1][safepoint    ] Entering safepoint region: Cleanup
[2022-06-13T01:54:07.403+0000][1][safepoint    ] Leaving safepoint region
[2022-06-13T01:54:07.404+0000][1][safepoint    ] Total time for which application threads were stopped: 0.0010385 seconds, Stopping threads took: 0.0004618 seconds
[2022-06-13T01:54:08.404+0000][1][safepoint    ] Application time: 1.0001878 seconds
[2022-06-13T01:54:08.405+0000][1][safepoint    ] Entering safepoint region: Cleanup
[2022-06-13T01:54:08.406+0000][1][safepoint    ] Leaving safepoint region
[2022-06-13T01:54:08.407+0000][1][safepoint    ] Total time for which application threads were stopped: 0.0017017 seconds, Stopping threads took: 0.0006760 seconds
[2022-06-13T01:54:09.408+0000][1][safepoint    ] Application time: 1.0004151 seconds
[2022-06-13T01:54:09.408+0000][1][safepoint    ] Entering safepoint region: Cleanup
[2022-06-13T01:54:09.409+0000][1][safepoint    ] Leaving safepoint region
[2022-06-13T01:54:09.410+0000][1][safepoint    ] Total time for which application threads were stopped: 0.0014796 seconds, Stopping threads took: 0.0008290 seconds
[2022-06-13T01:54:10.411+0000][1][safepoint    ] Application time: 1.0002669 seconds
[2022-06-13T01:54:10.411+0000][1][safepoint    ] Entering safepoint region: Cleanup
[2022-06-13T01:54:10.412+0000][1][safepoint    ] Leaving safepoint region
[2022-06-13T01:54:10.412+0000][1][safepoint    ] Total time for which application threads were stopped: 0.0006973 seconds, Stopping threads took: 0.0002752 seconds
[2022-06-13T01:54:11.412+0000][1][safepoint    ] Application time: 1.0002411 seconds
[2022-06-13T01:54:11.413+0000][1][safepoint    ] Entering safepoint region: Cleanup
[2022-06-13T01:54:11.414+0000][1][safepoint    ] Leaving safepoint region
[2022-06-13T01:54:11.414+0000][1][safepoint    ] Total time for which application threads were stopped: 0.0012807 seconds, Stopping threads took: 0.0006600 seconds
[2022-06-13T01:54:12.415+0000][1][safepoint    ] Application time: 1.0002116 seconds
[2022-06-13T01:54:12.415+0000][1][safepoint    ] Entering safepoint region: Cleanup
[2022-06-13T01:54:12.416+0000][1][safepoint    ] Leaving safepoint region
[2022-06-13T01:54:12.416+0000][1][safepoint    ] Total time for which application threads were stopped: 0.0008007 seconds, Stopping threads took: 0.0004024 seconds
[2022-06-13T01:54:13.417+0000][1][safepoint    ] Application time: 1.0003600 seconds
[2022-06-13T01:54:13.418+0000][1][safepoint    ] Entering safepoint region: Cleanup
[2022-06-13T01:54:13.419+0000][1][safepoint    ] Leaving safepoint region
[2022-06-13T01:54:13.419+0000][1][safepoint    ] Total time for which application threads were stopped: 0.0014848 seconds, Stopping threads took: 0.0007488 seconds
[2022-06-13T01:54:14.420+0000][1][safepoint    ] Application time: 1.0003283 seconds
[2022-06-13T01:54:14.421+0000][1][safepoint    ] Entering safepoint region: Cleanup
[2022-06-13T01:54:14.422+0000][1][safepoint    ] Leaving safepoint region
[2022-06-13T01:54:14.422+0000][1][safepoint    ] Total time for which application threads were stopped: 0.0009097 seconds, Stopping threads took: 0.0003781 seconds
[2022-06-13T01:54:15.422+0000][1][safepoint    ] Application time: 1.0001998 seconds
[2022-06-13T01:54:15.423+0000][1][safepoint    ] Entering safepoint region: Cleanup
[2022-06-13T01:54:15.424+0000][1][safepoint    ] Leaving safepoint region
[2022-06-13T01:54:15.424+0000][1][safepoint    ] Total time for which application threads were stopped: 0.0010861 seconds, Stopping threads took: 0.0005360 seconds
[2022-06-13T01:54:16.425+0000][1][safepoint    ] Application time: 1.0001519 seconds
[2022-06-13T01:54:16.425+0000][1][safepoint    ] Entering safepoint region: Cleanup
[2022-06-13T01:54:16.426+0000][1][safepoint    ] Leaving safepoint region
[2022-06-13T01:54:16.426+0000][1][safepoint    ] Total time for which application threads were stopped: 0.0007594 seconds, Stopping threads took: 0.0003282 seconds
[2022-06-13T01:54:17.427+0000][1][safepoint    ] Application time: 1.0003227 seconds
[2022-06-13T01:54:17.428+0000][1][safepoint    ] Entering safepoint region: Cleanup
[2022-06-13T01:54:17.429+0000][1][safepoint    ] Leaving safepoint region
[2022-06-13T01:54:17.429+0000][1][safepoint    ] Total time for which application threads were stopped: 0.0016753 seconds, Stopping threads took: 0.0007769 seconds
[2022-06-13T01:54:18.431+0000][1][safepoint    ] Application time: 1.0003856 seconds
[2022-06-13T01:54:18.431+0000][1][safepoint    ] Entering safepoint region: Cleanup
[2022-06-13T01:54:18.432+0000][1][safepoint    ] Leaving safepoint region
[2022-06-13T01:54:18.433+0000][1][safepoint    ] Total time for which application threads were stopped: 0.0013310 seconds, Stopping threads took: 0.0007921 seconds
[2022-06-13T01:54:19.433+0000][1][safepoint    ] Application time: 1.0003147 seconds
[2022-06-13T01:54:19.434+0000][1][safepoint    ] Entering safepoint region: Cleanup
[2022-06-13T01:54:19.434+0000][1][safepoint    ] Leaving safepoint region
[2022-06-13T01:54:19.435+0000][1][safepoint    ] Total time for which application threads were stopped: 0.0008111 seconds, Stopping threads took: 0.0003733 seconds
[2022-06-13T01:54:20.435+0000][1][safepoint    ] Application time: 1.0004092 seconds
[2022-06-13T01:54:20.436+0000][1][safepoint    ] Entering safepoint region: Cleanup
[2022-06-13T01:54:20.436+0000][1][safepoint    ] Leaving safepoint region
[2022-06-13T01:54:20.437+0000][1][safepoint    ] Total time for which application threads were stopped: 0.0008828 seconds, Stopping threads took: 0.0004248 seconds
[2022-06-13T01:54:21.437+0000][1][safepoint    ] Application time: 1.0002451 seconds
[2022-06-13T01:54:21.438+0000][1][safepoint    ] Entering safepoint region: Cleanup
[2022-06-13T01:54:21.438+0000][1][safepoint    ] Leaving safepoint region
[2022-06-13T01:54:21.439+0000][1][safepoint    ] Total time for which application threads were stopped: 0.0009047 seconds, Stopping threads took: 0.0003581 seconds
[2022-06-13T01:54:22.439+0000][1][safepoint    ] Application time: 1.0002458 seconds
[2022-06-13T01:54:22.440+0000][1][safepoint    ] Entering safepoint region: Cleanup
[2022-06-13T01:54:22.442+0000][1][safepoint    ] Leaving safepoint region
[2022-06-13T01:54:22.442+0000][1][safepoint    ] Total time for which application threads were stopped: 0.0021488 seconds, Stopping threads took: 0.0008556 seconds
[2022-06-13T01:54:23.443+0000][1][safepoint    ] Application time: 1.0002164 seconds
[2022-06-13T01:54:23.444+0000][1][safepoint    ] Entering safepoint region: Cleanup
[2022-06-13T01:54:23.444+0000][1][safepoint    ] Leaving safepoint region
[2022-06-13T01:54:23.444+0000][1][safepoint    ] Total time for which application threads were stopped: 0.0009462 seconds, Stopping threads took: 0.0003612 seconds
[2022-06-13T01:54:24.445+0000][1][safepoint    ] Application time: 1.0001226 seconds
[2022-06-13T01:54:24.446+0000][1][safepoint    ] Entering safepoint region: Cleanup
[2022-06-13T01:54:24.446+0000][1][safepoint    ] Leaving safepoint region
[2022-06-13T01:54:24.447+0000][1][safepoint    ] Total time for which application threads were stopped: 0.0010247 seconds, Stopping threads took: 0.0004599 seconds
[2022-06-13T01:54:25.447+0000][1][safepoint    ] Application time: 1.0002200 seconds
[2022-06-13T01:54:25.448+0000][1][safepoint    ] Entering safepoint region: Cleanup
[2022-06-13T01:54:25.448+0000][1][safepoint    ] Leaving safepoint region
[2022-06-13T01:54:25.449+0000][1][safepoint    ] Total time for which application threads were stopped: 0.0007338 seconds, Stopping threads took: 0.0003384 seconds
[2022-06-13T01:54:26.449+0000][1][safepoint    ] Application time: 1.0002044 seconds
[2022-06-13T01:54:26.450+0000][1][safepoint    ] Entering safepoint region: Cleanup
[2022-06-13T01:54:26.450+0000][1][safepoint    ] Leaving safepoint region
[2022-06-13T01:54:26.451+0000][1][safepoint    ] Total time for which application threads were stopped: 0.0008325 seconds, Stopping threads took: 0.0003302 seconds
[2022-06-13T01:54:27.451+0000][1][safepoint    ] Application time: 1.0002417 seconds
[2022-06-13T01:54:27.452+0000][1][safepoint    ] Entering safepoint region: Cleanup
[2022-06-13T01:54:27.453+0000][1][safepoint    ] Leaving safepoint region
[2022-06-13T01:54:27.454+0000][1][safepoint    ] Total time for which application threads were stopped: 0.0017198 seconds, Stopping threads took: 0.0010437 seconds
[2022-06-13T01:54:28.455+0000][1][safepoint    ] Application time: 1.0003656 seconds
[2022-06-13T01:54:28.456+0000][1][safepoint    ] Entering safepoint region: Cleanup
[2022-06-13T01:54:28.457+0000][1][safepoint    ] Leaving safepoint region
[2022-06-13T01:54:28.457+0000][1][safepoint    ] Total time for which application threads were stopped: 0.0013690 seconds, Stopping threads took: 0.0006899 seconds
[2022-06-13T01:54:29.458+0000][1][safepoint    ] Application time: 1.0002735 seconds
[2022-06-13T01:54:29.459+0000][1][safepoint    ] Entering safepoint region: Cleanup
[2022-06-13T01:54:29.459+0000][1][safepoint    ] Leaving safepoint region
[2022-06-13T01:54:29.459+0000][1][safepoint    ] Total time for which application threads were stopped: 0.0008182 seconds, Stopping threads took: 0.0002980 seconds
[2022-06-13T01:54:30.460+0000][1][safepoint    ] Application time: 1.0002265 seconds
[2022-06-13T01:54:30.460+0000][1][safepoint    ] Entering safepoint region: Cleanup
[2022-06-13T01:54:30.461+0000][1][safepoint    ] Leaving safepoint region
[2022-06-13T01:54:30.461+0000][1][safepoint    ] Total time for which application threads were stopped: 0.0009118 seconds, Stopping threads took: 0.0004390 seconds
[2022-06-13T01:54:31.462+0000][1][safepoint    ] Application time: 1.0001474 seconds
[2022-06-13T01:54:31.462+0000][1][safepoint    ] Entering safepoint region: Cleanup
[2022-06-13T01:54:31.462+0000][1][safepoint    ] Leaving safepoint region
[2022-06-13T01:54:31.463+0000][1][safepoint    ] Total time for which application threads were stopped: 0.0006402 seconds, Stopping threads took: 0.0003243 seconds
[2022-06-13T01:54:32.463+0000][1][safepoint    ] Application time: 1.0001758 seconds
[2022-06-13T01:54:32.463+0000][1][safepoint    ] Entering safepoint region: Cleanup
[2022-06-13T01:54:32.464+0000][1][safepoint    ] Leaving safepoint region
[2022-06-13T01:54:32.464+0000][1][safepoint    ] Total time for which application threads were stopped: 0.0009285 seconds, Stopping threads took: 0.0004055 seconds
[2022-06-13T01:54:33.465+0000][1][safepoint    ] Application time: 1.0002924 seconds
[2022-06-13T01:54:33.465+0000][1][safepoint    ] Entering safepoint region: Cleanup
[2022-06-13T01:54:33.466+0000][1][safepoint    ] Leaving safepoint region
[2022-06-13T01:54:33.466+0000][1][safepoint    ] Total time for which application threads were stopped: 0.0009360 seconds, Stopping threads took: 0.0005407 seconds
[2022-06-13T01:54:34.467+0000][1][safepoint    ] Application time: 1.0002232 seconds
[2022-06-13T01:54:34.467+0000][1][safepoint    ] Entering safepoint region: Cleanup
[2022-06-13T01:54:34.468+0000][1][safepoint    ] Leaving safepoint region
[2022-06-13T01:54:34.468+0000][1][safepoint    ] Total time for which application threads were stopped: 0.0007882 seconds, Stopping threads took: 0.0003102 seconds
[2022-06-13T01:54:35.469+0000][1][safepoint    ] Application time: 1.0001139 seconds
[2022-06-13T01:54:35.469+0000][1][safepoint    ] Entering safepoint region: Cleanup
[2022-06-13T01:54:35.470+0000][1][safepoint    ] Leaving safepoint region
[2022-06-13T01:54:35.471+0000][1][safepoint    ] Total time for which application threads were stopped: 0.0013179 seconds, Stopping threads took: 0.0004740 seconds
[2022-06-13T01:54:36.471+0000][1][safepoint    ] Application time: 1.0003479 seconds
[2022-06-13T01:54:36.472+0000][1][safepoint    ] Entering safepoint region: Cleanup
[2022-06-13T01:54:36.473+0000][1][safepoint    ] Leaving safepoint region
[2022-06-13T01:54:36.474+0000][1][safepoint    ] Total time for which application threads were stopped: 0.0018318 seconds, Stopping threads took: 0.0007625 seconds
[2022-06-13T01:54:37.475+0000][1][safepoint    ] Application time: 1.0002604 seconds
[2022-06-13T01:54:37.476+0000][1][safepoint    ] Entering safepoint region: Cleanup
[2022-06-13T01:54:37.477+0000][1][safepoint    ] Leaving safepoint region
[2022-06-13T01:54:37.477+0000][1][safepoint    ] Total time for which application threads were stopped: 0.0015929 seconds, Stopping threads took: 0.0007298 seconds
[2022-06-13T01:54:38.478+0000][1][safepoint    ] Application time: 1.0002510 seconds
[2022-06-13T01:54:38.479+0000][1][safepoint    ] Entering safepoint region: Cleanup
[2022-06-13T01:54:38.480+0000][1][safepoint    ] Leaving safepoint region
[2022-06-13T01:54:38.481+0000][1][safepoint    ] Total time for which application threads were stopped: 0.0012029 seconds, Stopping threads took: 0.0005576 seconds
[2022-06-13T01:54:39.481+0000][1][safepoint    ] Application time: 1.0002716 seconds
[2022-06-13T01:54:39.482+0000][1][safepoint    ] Entering safepoint region: Cleanup
[2022-06-13T01:54:39.482+0000][1][safepoint    ] Leaving safepoint region
[2022-06-13T01:54:39.483+0000][1][safepoint    ] Total time for which application threads were stopped: 0.0009273 seconds, Stopping threads took: 0.0003541 seconds
[2022-06-13T01:54:40.483+0000][1][safepoint    ] Application time: 1.0002907 seconds
[2022-06-13T01:54:40.484+0000][1][safepoint    ] Entering safepoint region: Cleanup
[2022-06-13T01:54:40.485+0000][1][safepoint    ] Leaving safepoint region
[2022-06-13T01:54:40.485+0000][1][safepoint    ] Total time for which application threads were stopped: 0.0009329 seconds, Stopping threads took: 0.0004396 seconds
[2022-06-13T01:54:41.486+0000][1][safepoint    ] Application time: 1.0001723 seconds
[2022-06-13T01:54:41.486+0000][1][safepoint    ] Entering safepoint region: Cleanup
[2022-06-13T01:54:41.487+0000][1][safepoint    ] Leaving safepoint region
[2022-06-13T01:54:41.487+0000][1][safepoint    ] Total time for which application threads were stopped: 0.0008612 seconds, Stopping threads took: 0.0005050 seconds
[2022-06-13T01:54:42.487+0000][1][safepoint    ] Application time: 1.0002155 seconds
[2022-06-13T01:54:42.488+0000][1][safepoint    ] Entering safepoint region: Cleanup
[2022-06-13T01:54:42.488+0000][1][safepoint    ] Leaving safepoint region
[2022-06-13T01:54:42.489+0000][1][safepoint    ] Total time for which application threads were stopped: 0.0010179 seconds, Stopping threads took: 0.0003534 seconds
[2022-06-13T01:54:43.489+0000][1][safepoint    ] Application time: 1.0002701 seconds
[2022-06-13T01:54:43.490+0000][1][safepoint    ] Entering safepoint region: Cleanup
[2022-06-13T01:54:43.491+0000][1][safepoint    ] Leaving safepoint region
[2022-06-13T01:54:43.491+0000][1][safepoint    ] Total time for which application threads were stopped: 0.0007744 seconds, Stopping threads took: 0.0004959 seconds
[2022-06-13T01:54:44.491+0000][1][safepoint    ] Application time: 1.0002323 seconds
[2022-06-13T01:54:44.492+0000][1][safepoint    ] Entering safepoint region: Cleanup
[2022-06-13T01:54:44.492+0000][1][safepoint    ] Leaving safepoint region
[2022-06-13T01:54:44.493+0000][1][safepoint    ] Total time for which application threads were stopped: 0.0010624 seconds, Stopping threads took: 0.0004698 seconds
[2022-06-13T01:54:45.493+0000][1][safepoint    ] Application time: 1.0002190 seconds
[2022-06-13T01:54:45.494+0000][1][safepoint    ] Entering safepoint region: Cleanup
[2022-06-13T01:54:45.495+0000][1][safepoint    ] Leaving safepoint region
[2022-06-13T01:54:45.495+0000][1][safepoint    ] Total time for which application threads were stopped: 0.0007826 seconds, Stopping threads took: 0.0003828 seconds
[2022-06-13T01:54:46.495+0000][1][safepoint    ] Application time: 1.0002144 seconds
[2022-06-13T01:54:46.496+0000][1][safepoint    ] Entering safepoint region: Cleanup
[2022-06-13T01:54:46.496+0000][1][safepoint    ] Leaving safepoint region
[2022-06-13T01:54:46.497+0000][1][safepoint    ] Total time for which application threads were stopped: 0.0008127 seconds, Stopping threads took: 0.0003637 seconds
[2022-06-13T01:54:47.497+0000][1][safepoint    ] Application time: 1.0002450 seconds
[2022-06-13T01:54:47.498+0000][1][safepoint    ] Entering safepoint region: Cleanup
[2022-06-13T01:54:47.499+0000][1][safepoint    ] Leaving safepoint region
[2022-06-13T01:54:47.500+0000][1][safepoint    ] Total time for which application threads were stopped: 0.0019827 seconds, Stopping threads took: 0.0010392 seconds
[2022-06-13T01:54:48.501+0000][1][safepoint    ] Application time: 1.0003781 seconds
[2022-06-13T01:54:48.502+0000][1][safepoint    ] Entering safepoint region: Cleanup
[2022-06-13T01:54:48.503+0000][1][safepoint    ] Leaving safepoint region
[2022-06-13T01:54:48.503+0000][1][safepoint    ] Total time for which application threads were stopped: 0.0014978 seconds, Stopping threads took: 0.0008214 seconds
[2022-06-13T01:54:49.503+0000][1][safepoint    ] Application time: 1.0001538 seconds
[2022-06-13T01:54:49.504+0000][1][safepoint    ] Entering safepoint region: Cleanup
[2022-06-13T01:54:49.505+0000][1][safepoint    ] Leaving safepoint region
[2022-06-13T01:54:49.505+0000][1][safepoint    ] Total time for which application threads were stopped: 0.0010049 seconds, Stopping threads took: 0.0004883 seconds
[2022-06-13T01:54:50.506+0000][1][safepoint    ] Application time: 1.0002653 seconds
[2022-06-13T01:54:50.506+0000][1][safepoint    ] Entering safepoint region: Cleanup
[2022-06-13T01:54:50.507+0000][1][safepoint    ] Leaving safepoint region
[2022-06-13T01:54:50.508+0000][1][safepoint    ] Total time for which application threads were stopped: 0.0013435 seconds, Stopping threads took: 0.0004815 seconds
[2022-06-13T01:54:51.508+0000][1][safepoint    ] Application time: 1.0002533 seconds
[2022-06-13T01:54:51.509+0000][1][safepoint    ] Entering safepoint region: Cleanup
[2022-06-13T01:54:51.510+0000][1][safepoint    ] Leaving safepoint region
[2022-06-13T01:54:51.510+0000][1][safepoint    ] Total time for which application threads were stopped: 0.0013197 seconds, Stopping threads took: 0.0004921 seconds
[2022-06-13T01:54:52.511+0000][1][safepoint    ] Application time: 1.0003025 seconds
[2022-06-13T01:54:52.512+0000][1][safepoint    ] Entering safepoint region: Cleanup
[2022-06-13T01:54:52.513+0000][1][safepoint    ] Leaving safepoint region
[2022-06-13T01:54:52.514+0000][1][safepoint    ] Total time for which application threads were stopped: 0.0017955 seconds, Stopping threads took: 0.0009161 seconds
[2022-06-13T01:54:53.515+0000][1][safepoint    ] Application time: 1.0002156 seconds
[2022-06-13T01:54:53.516+0000][1][safepoint    ] Entering safepoint region: Cleanup
[2022-06-13T01:54:53.516+0000][1][safepoint    ] Leaving safepoint region
[2022-06-13T01:54:53.517+0000][1][safepoint    ] Total time for which application threads were stopped: 0.0011915 seconds, Stopping threads took: 0.0005496 seconds
[2022-06-13T01:54:54.518+0000][1][safepoint    ] Application time: 1.0002626 seconds
[2022-06-13T01:54:54.519+0000][1][safepoint    ] Entering safepoint region: Cleanup
[2022-06-13T01:54:54.520+0000][1][safepoint    ] Leaving safepoint region
[2022-06-13T01:54:54.521+0000][1][safepoint    ] Total time for which application threads were stopped: 0.0024140 seconds, Stopping threads took: 0.0013776 seconds
[2022-06-13T01:54:55.522+0000][1][safepoint    ] Application time: 1.0002501 seconds
[2022-06-13T01:54:55.523+0000][1][safepoint    ] Entering safepoint region: Cleanup
[2022-06-13T01:54:55.523+0000][1][safepoint    ] Leaving safepoint region
[2022-06-13T01:54:55.524+0000][1][safepoint    ] Total time for which application threads were stopped: 0.0012293 seconds, Stopping threads took: 0.0005892 seconds
[2022-06-13T01:54:56.524+0000][1][safepoint    ] Application time: 1.0002456 seconds
[2022-06-13T01:54:56.526+0000][1][safepoint    ] Entering safepoint region: Cleanup
[2022-06-13T01:54:56.527+0000][1][safepoint    ] Leaving safepoint region
[2022-06-13T01:54:56.527+0000][1][safepoint    ] Total time for which application threads were stopped: 0.0018433 seconds, Stopping threads took: 0.0008059 seconds
[2022-06-13T01:54:57.528+0000][1][safepoint    ] Application time: 1.0002205 seconds
[2022-06-13T01:54:57.529+0000][1][safepoint    ] Entering safepoint region: Cleanup
[2022-06-13T01:54:57.530+0000][1][safepoint    ] Leaving safepoint region
[2022-06-13T01:54:57.530+0000][1][safepoint    ] Total time for which application threads were stopped: 0.0010644 seconds, Stopping threads took: 0.0004891 seconds
[2022-06-13T01:54:58.531+0000][1][safepoint    ] Application time: 1.0001480 seconds
[2022-06-13T01:54:58.532+0000][1][safepoint    ] Entering safepoint region: Cleanup
[2022-06-13T01:54:58.533+0000][1][safepoint    ] Leaving safepoint region
[2022-06-13T01:54:58.534+0000][1][safepoint    ] Total time for which application threads were stopped: 0.0020794 seconds, Stopping threads took: 0.0009365 seconds
[2022-06-13T01:54:59.535+0000][1][safepoint    ] Application time: 1.0002213 seconds
[2022-06-13T01:54:59.535+0000][1][safepoint    ] Entering safepoint region: Cleanup
[2022-06-13T01:54:59.536+0000][1][safepoint    ] Leaving safepoint region
[2022-06-13T01:54:59.537+0000][1][safepoint    ] Total time for which application threads were stopped: 0.0011928 seconds, Stopping threads took: 0.0004701 seconds
[2022-06-13T01:55:00.537+0000][1][safepoint    ] Application time: 1.0002074 seconds
[2022-06-13T01:55:00.538+0000][1][safepoint    ] Entering safepoint region: Cleanup
[2022-06-13T01:55:00.539+0000][1][safepoint    ] Leaving safepoint region
[2022-06-13T01:55:00.540+0000][1][safepoint    ] Total time for which application threads were stopped: 0.0015210 seconds, Stopping threads took: 0.0007699 seconds
[2022-06-13T01:55:01.540+0000][1][safepoint    ] Application time: 1.0002623 seconds
[2022-06-13T01:55:01.541+0000][1][safepoint    ] Entering safepoint region: Cleanup
[2022-06-13T01:55:01.541+0000][1][safepoint    ] Leaving safepoint region
[2022-06-13T01:55:01.542+0000][1][safepoint    ] Total time for which application threads were stopped: 0.0008504 seconds, Stopping threads took: 0.0004924 seconds
[2022-06-13T01:55:02.542+0000][1][safepoint    ] Application time: 1.0001291 seconds
[2022-06-13T01:55:02.543+0000][1][safepoint    ] Entering safepoint region: Cleanup
[2022-06-13T01:55:02.543+0000][1][safepoint    ] Leaving safepoint region
[2022-06-13T01:55:02.543+0000][1][safepoint    ] Total time for which application threads were stopped: 0.0006722 seconds, Stopping threads took: 0.0002836 seconds
[2022-06-13T01:55:03.544+0000][1][safepoint    ] Application time: 1.0002435 seconds
[2022-06-13T01:55:03.545+0000][1][safepoint    ] Entering safepoint region: Cleanup
[2022-06-13T01:55:03.546+0000][1][safepoint    ] Leaving safepoint region
[2022-06-13T01:55:03.547+0000][1][safepoint    ] Total time for which application threads were stopped: 0.0019014 seconds, Stopping threads took: 0.0009253 seconds
[2022-06-13T01:55:04.548+0000][1][safepoint    ] Application time: 1.0001419 seconds
[2022-06-13T01:55:04.548+0000][1][safepoint    ] Entering safepoint region: Cleanup
[2022-06-13T01:55:04.548+0000][1][safepoint    ] Leaving safepoint region
[2022-06-13T01:55:04.549+0000][1][safepoint    ] Total time for which application threads were stopped: 0.0006725 seconds, Stopping threads took: 0.0002323 seconds
[2022-06-13T01:55:05.549+0000][1][safepoint    ] Application time: 1.0001504 seconds
[2022-06-13T01:55:05.550+0000][1][safepoint    ] Entering safepoint region: Cleanup
[2022-06-13T01:55:05.550+0000][1][safepoint    ] Leaving safepoint region
[2022-06-13T01:55:05.551+0000][1][safepoint    ] Total time for which application threads were stopped: 0.0009221 seconds, Stopping threads took: 0.0005223 seconds
[2022-06-13T01:55:06.551+0000][1][safepoint    ] Application time: 1.0001573 seconds
[2022-06-13T01:55:06.551+0000][1][safepoint    ] Entering safepoint region: Cleanup
[2022-06-13T01:55:06.552+0000][1][safepoint    ] Leaving safepoint region
[2022-06-13T01:55:06.552+0000][1][safepoint    ] Total time for which application threads were stopped: 0.0008618 seconds, Stopping threads took: 0.0002110 seconds
[2022-06-13T01:55:07.553+0000][1][safepoint    ] Application time: 1.0001709 seconds
[2022-06-13T01:55:07.553+0000][1][safepoint    ] Entering safepoint region: Cleanup
[2022-06-13T01:55:07.554+0000][1][safepoint    ] Leaving safepoint region
[2022-06-13T01:55:07.554+0000][1][safepoint    ] Total time for which application threads were stopped: 0.0004960 seconds, Stopping threads took: 0.0002254 seconds
[2022-06-13T01:55:08.554+0000][1][safepoint    ] Application time: 1.0002459 seconds
[2022-06-13T01:55:08.555+0000][1][safepoint    ] Entering safepoint region: Cleanup
[2022-06-13T01:55:08.556+0000][1][safepoint    ] Leaving safepoint region
[2022-06-13T01:55:08.556+0000][1][safepoint    ] Total time for which application threads were stopped: 0.0011621 seconds, Stopping threads took: 0.0004699 seconds
[2022-06-13T01:55:09.557+0000][1][safepoint    ] Application time: 1.0001772 seconds
[2022-06-13T01:55:09.558+0000][1][safepoint    ] Entering safepoint region: Cleanup
[2022-06-13T01:55:09.558+0000][1][safepoint    ] Leaving safepoint region
[2022-06-13T01:55:09.558+0000][1][safepoint    ] Total time for which application threads were stopped: 0.0006418 seconds, Stopping threads took: 0.0003326 seconds
[2022-06-13T01:55:10.559+0000][1][safepoint    ] Application time: 1.0003380 seconds
[2022-06-13T01:55:10.559+0000][1][safepoint    ] Entering safepoint region: Cleanup
[2022-06-13T01:55:10.560+0000][1][safepoint    ] Leaving safepoint region
[2022-06-13T01:55:10.560+0000][1][safepoint    ] Total time for which application threads were stopped: 0.0009262 seconds, Stopping threads took: 0.0004258 seconds
[2022-06-13T01:55:11.561+0000][1][safepoint    ] Application time: 1.0001323 seconds
[2022-06-13T01:55:11.561+0000][1][safepoint    ] Entering safepoint region: Cleanup
[2022-06-13T01:55:11.561+0000][1][safepoint    ] Leaving safepoint region
[2022-06-13T01:55:11.562+0000][1][safepoint    ] Total time for which application threads were stopped: 0.0004880 seconds, Stopping threads took: 0.0002123 seconds
[2022-06-13T01:55:12.562+0000][1][safepoint    ] Application time: 1.0004146 seconds
[2022-06-13T01:55:12.563+0000][1][safepoint    ] Entering safepoint region: Cleanup
[2022-06-13T01:55:12.563+0000][1][safepoint    ] Leaving safepoint region
[2022-06-13T01:55:12.563+0000][1][safepoint    ] Total time for which application threads were stopped: 0.0007535 seconds, Stopping threads took: 0.0003290 seconds
[2022-06-13T01:55:13.564+0000][1][safepoint    ] Application time: 1.0003037 seconds
[2022-06-13T01:55:13.565+0000][1][safepoint    ] Entering safepoint region: Cleanup
[2022-06-13T01:55:13.565+0000][1][safepoint    ] Leaving safepoint region
[2022-06-13T01:55:13.566+0000][1][safepoint    ] Total time for which application threads were stopped: 0.0014876 seconds, Stopping threads took: 0.0006158 seconds
[2022-06-13T01:55:14.567+0000][1][safepoint    ] Application time: 1.0002292 seconds
[2022-06-13T01:55:14.567+0000][1][safepoint    ] Entering safepoint region: Cleanup
[2022-06-13T01:55:14.568+0000][1][safepoint    ] Leaving safepoint region
[2022-06-13T01:55:14.568+0000][1][safepoint    ] Total time for which application threads were stopped: 0.0005291 seconds, Stopping threads took: 0.0002420 seconds
[2022-06-13T01:55:15.568+0000][1][safepoint    ] Application time: 1.0001057 seconds
[2022-06-13T01:55:15.569+0000][1][safepoint    ] Entering safepoint region: Cleanup
[2022-06-13T01:55:15.569+0000][1][safepoint    ] Leaving safepoint region
[2022-06-13T01:55:15.570+0000][1][safepoint    ] Total time for which application threads were stopped: 0.0012335 seconds, Stopping threads took: 0.0005403 seconds
[2022-06-13T01:55:16.570+0000][1][safepoint    ] Application time: 1.0002002 seconds
[2022-06-13T01:55:16.571+0000][1][safepoint    ] Entering safepoint region: Cleanup
[2022-06-13T01:55:16.572+0000][1][safepoint    ] Leaving safepoint region
[2022-06-13T01:55:16.572+0000][1][safepoint    ] Total time for which application threads were stopped: 0.0008711 seconds, Stopping threads took: 0.0004720 seconds
[2022-06-13T01:55:17.573+0000][1][safepoint    ] Application time: 1.0001854 seconds
[2022-06-13T01:55:17.573+0000][1][safepoint    ] Entering safepoint region: Cleanup
[2022-06-13T01:55:17.574+0000][1][safepoint    ] Leaving safepoint region
[2022-06-13T01:55:17.574+0000][1][safepoint    ] Total time for which application threads were stopped: 0.0008241 seconds, Stopping threads took: 0.0003946 seconds
[2022-06-13T01:55:18.575+0000][1][safepoint    ] Application time: 1.0003524 seconds
[2022-06-13T01:55:18.575+0000][1][safepoint    ] Entering safepoint region: Cleanup
[2022-06-13T01:55:18.576+0000][1][safepoint    ] Leaving safepoint region
[2022-06-13T01:55:18.576+0000][1][safepoint    ] Total time for which application threads were stopped: 0.0011229 seconds, Stopping threads took: 0.0005122 seconds
[2022-06-13T01:55:19.577+0000][1][safepoint    ] Application time: 1.0001448 seconds
[2022-06-13T01:55:19.578+0000][1][safepoint    ] Entering safepoint region: Cleanup
[2022-06-13T01:55:19.578+0000][1][safepoint    ] Leaving safepoint region
[2022-06-13T01:55:19.579+0000][1][safepoint    ] Total time for which application threads were stopped: 0.0010489 seconds, Stopping threads took: 0.0005648 seconds
[2022-06-13T01:55:20.579+0000][1][safepoint    ] Application time: 1.0001474 seconds
[2022-06-13T01:55:20.580+0000][1][safepoint    ] Entering safepoint region: Cleanup
[2022-06-13T01:55:20.580+0000][1][safepoint    ] Leaving safepoint region
[2022-06-13T01:55:20.580+0000][1][safepoint    ] Total time for which application threads were stopped: 0.0008779 seconds, Stopping threads took: 0.0004024 seconds
[2022-06-13T01:55:21.581+0000][1][safepoint    ] Application time: 1.0002035 seconds
[2022-06-13T01:55:21.581+0000][1][safepoint    ] Entering safepoint region: Cleanup
[2022-06-13T01:55:21.582+0000][1][safepoint    ] Leaving safepoint region
[2022-06-13T01:55:21.582+0000][1][safepoint    ] Total time for which application threads were stopped: 0.0009492 seconds, Stopping threads took: 0.0006519 seconds
[2022-06-13T01:55:22.583+0000][1][safepoint    ] Application time: 1.0002230 seconds
[2022-06-13T01:55:22.583+0000][1][safepoint    ] Entering safepoint region: Cleanup
[2022-06-13T01:55:22.584+0000][1][safepoint    ] Leaving safepoint region
[2022-06-13T01:55:22.585+0000][1][safepoint    ] Total time for which application threads were stopped: 0.0011843 seconds, Stopping threads took: 0.0005616 seconds
[2022-06-13T01:55:23.585+0000][1][safepoint    ] Application time: 1.0002723 seconds
[2022-06-13T01:55:23.586+0000][1][safepoint    ] Entering safepoint region: Cleanup
[2022-06-13T01:55:23.587+0000][1][safepoint    ] Leaving safepoint region
[2022-06-13T01:55:23.588+0000][1][safepoint    ] Total time for which application threads were stopped: 0.0020132 seconds, Stopping threads took: 0.0010370 seconds
[2022-06-13T01:55:24.589+0000][1][safepoint    ] Application time: 1.0002621 seconds
[2022-06-13T01:55:24.590+0000][1][safepoint    ] Entering safepoint region: Cleanup
[2022-06-13T01:55:24.590+0000][1][safepoint    ] Leaving safepoint region
[2022-06-13T01:55:24.591+0000][1][safepoint    ] Total time for which application threads were stopped: 0.0008100 seconds, Stopping threads took: 0.0003102 seconds
[2022-06-13T01:55:25.591+0000][1][safepoint    ] Application time: 1.0002225 seconds
[2022-06-13T01:55:25.592+0000][1][safepoint    ] Entering safepoint region: Cleanup
[2022-06-13T01:55:25.593+0000][1][safepoint    ] Leaving safepoint region
[2022-06-13T01:55:25.593+0000][1][safepoint    ] Total time for which application threads were stopped: 0.0010045 seconds, Stopping threads took: 0.0004635 seconds
[2022-06-13T01:55:26.594+0000][1][safepoint    ] Application time: 1.0001949 seconds
[2022-06-13T01:55:26.594+0000][1][safepoint    ] Entering safepoint region: Cleanup
[2022-06-13T01:55:26.595+0000][1][safepoint    ] Leaving safepoint region
[2022-06-13T01:55:26.596+0000][1][safepoint    ] Total time for which application threads were stopped: 0.0013074 seconds, Stopping threads took: 0.0005316 seconds
[2022-06-13T01:55:27.596+0000][1][safepoint    ] Application time: 1.0001494 seconds
[2022-06-13T01:55:27.597+0000][1][safepoint    ] Entering safepoint region: Cleanup
[2022-06-13T01:55:27.598+0000][1][safepoint    ] Leaving safepoint region
[2022-06-13T01:55:27.598+0000][1][safepoint    ] Total time for which application threads were stopped: 0.0013768 seconds, Stopping threads took: 0.0006523 seconds
[2022-06-13T01:55:28.599+0000][1][safepoint    ] Application time: 1.0002976 seconds
[2022-06-13T01:55:28.600+0000][1][safepoint    ] Entering safepoint region: Cleanup
[2022-06-13T01:55:28.600+0000][1][safepoint    ] Leaving safepoint region
[2022-06-13T01:55:28.601+0000][1][safepoint    ] Total time for which application threads were stopped: 0.0006497 seconds, Stopping threads took: 0.0002392 seconds
[2022-06-13T01:55:29.601+0000][1][safepoint    ] Application time: 1.0003007 seconds
[2022-06-13T01:55:29.602+0000][1][safepoint    ] Entering safepoint region: Cleanup
[2022-06-13T01:55:29.603+0000][1][safepoint    ] Leaving safepoint region
[2022-06-13T01:55:29.604+0000][1][safepoint    ] Total time for which application threads were stopped: 0.0015459 seconds, Stopping threads took: 0.0008068 seconds
[2022-06-13T01:55:30.605+0000][1][safepoint    ] Application time: 1.0004161 seconds
[2022-06-13T01:55:30.606+0000][1][safepoint    ] Entering safepoint region: Cleanup
[2022-06-13T01:55:30.607+0000][1][safepoint    ] Leaving safepoint region
[2022-06-13T01:55:30.608+0000][1][safepoint    ] Total time for which application threads were stopped: 0.0017001 seconds, Stopping threads took: 0.0008237 seconds
[2022-06-13T01:55:31.609+0000][1][safepoint    ] Application time: 1.0003370 seconds
[2022-06-13T01:55:31.609+0000][1][safepoint    ] Entering safepoint region: Cleanup
[2022-06-13T01:55:31.610+0000][1][safepoint    ] Leaving safepoint region
[2022-06-13T01:55:31.610+0000][1][safepoint    ] Total time for which application threads were stopped: 0.0011732 seconds, Stopping threads took: 0.0005597 seconds
[2022-06-13T01:55:32.611+0000][1][safepoint    ] Application time: 1.0001474 seconds
[2022-06-13T01:55:32.612+0000][1][safepoint    ] Entering safepoint region: Cleanup
[2022-06-13T01:55:32.613+0000][1][safepoint    ] Leaving safepoint region
[2022-06-13T01:55:32.613+0000][1][safepoint    ] Total time for which application threads were stopped: 0.0015937 seconds, Stopping threads took: 0.0008049 seconds
[2022-06-13T01:55:33.614+0000][1][safepoint    ] Application time: 1.0001583 seconds
[2022-06-13T01:55:33.614+0000][1][safepoint    ] Entering safepoint region: Cleanup
[2022-06-13T01:55:33.615+0000][1][safepoint    ] Leaving safepoint region
[2022-06-13T01:55:33.615+0000][1][safepoint    ] Total time for which application threads were stopped: 0.0004423 seconds, Stopping threads took: 0.0001829 seconds
[2022-06-13T01:55:34.615+0000][1][safepoint    ] Application time: 1.0002393 seconds
[2022-06-13T01:55:34.616+0000][1][safepoint    ] Entering safepoint region: Cleanup
[2022-06-13T01:55:34.617+0000][1][safepoint    ] Leaving safepoint region
[2022-06-13T01:55:34.618+0000][1][safepoint    ] Total time for which application threads were stopped: 0.0017299 seconds, Stopping threads took: 0.0009100 seconds
[2022-06-13T01:55:35.619+0000][1][safepoint    ] Application time: 1.0002516 seconds
[2022-06-13T01:55:35.620+0000][1][safepoint    ] Entering safepoint region: Cleanup
[2022-06-13T01:55:35.621+0000][1][safepoint    ] Leaving safepoint region
[2022-06-13T01:55:35.621+0000][1][safepoint    ] Total time for which application threads were stopped: 0.0015387 seconds, Stopping threads took: 0.0008687 seconds
[2022-06-13T01:55:36.622+0000][1][safepoint    ] Application time: 1.0002234 seconds
[2022-06-13T01:55:36.622+0000][1][safepoint    ] Entering safepoint region: Cleanup
[2022-06-13T01:55:36.623+0000][1][safepoint    ] Leaving safepoint region
[2022-06-13T01:55:36.623+0000][1][safepoint    ] Total time for which application threads were stopped: 0.0010320 seconds, Stopping threads took: 0.0005037 seconds
[2022-06-13T01:55:37.624+0000][1][safepoint    ] Application time: 1.0002215 seconds
[2022-06-13T01:55:37.625+0000][1][safepoint    ] Entering safepoint region: Cleanup
[2022-06-13T01:55:37.625+0000][1][safepoint    ] Leaving safepoint region
[2022-06-13T01:55:37.626+0000][1][safepoint    ] Total time for which application threads were stopped: 0.0011757 seconds, Stopping threads took: 0.0005037 seconds
[2022-06-13T01:55:38.627+0000][1][safepoint    ] Application time: 1.0002628 seconds
[2022-06-13T01:55:38.628+0000][1][safepoint    ] Entering safepoint region: Cleanup
[2022-06-13T01:55:38.629+0000][1][safepoint    ] Leaving safepoint region
[2022-06-13T01:55:38.630+0000][1][safepoint    ] Total time for which application threads were stopped: 0.0019665 seconds, Stopping threads took: 0.0007999 seconds
[2022-06-13T01:55:39.631+0000][1][safepoint    ] Application time: 1.0003497 seconds
[2022-06-13T01:55:39.632+0000][1][safepoint    ] Entering safepoint region: Cleanup
[2022-06-13T01:55:39.632+0000][1][safepoint    ] Leaving safepoint region
[2022-06-13T01:55:39.633+0000][1][safepoint    ] Total time for which application threads were stopped: 0.0014520 seconds, Stopping threads took: 0.0007181 seconds
[2022-06-13T01:55:40.634+0000][1][safepoint    ] Application time: 1.0001925 seconds
[2022-06-13T01:55:40.635+0000][1][safepoint    ] Entering safepoint region: Cleanup
[2022-06-13T01:55:40.635+0000][1][safepoint    ] Leaving safepoint region
[2022-06-13T01:55:40.636+0000][1][safepoint    ] Total time for which application threads were stopped: 0.0013406 seconds, Stopping threads took: 0.0005836 seconds
[2022-06-13T01:55:41.637+0000][1][safepoint    ] Application time: 1.0002889 seconds
[2022-06-13T01:55:41.637+0000][1][safepoint    ] Entering safepoint region: Cleanup
[2022-06-13T01:55:41.638+0000][1][safepoint    ] Leaving safepoint region
[2022-06-13T01:55:41.639+0000][1][safepoint    ] Total time for which application threads were stopped: 0.0018591 seconds, Stopping threads took: 0.0008042 seconds
[2022-06-13T01:55:42.641+0000][1][safepoint    ] Application time: 1.0003525 seconds
[2022-06-13T01:55:42.641+0000][1][safepoint    ] Entering safepoint region: Cleanup
[2022-06-13T01:55:42.642+0000][1][safepoint    ] Leaving safepoint region
[2022-06-13T01:55:42.643+0000][1][safepoint    ] Total time for which application threads were stopped: 0.0012549 seconds, Stopping threads took: 0.0007163 seconds
[2022-06-13T01:55:43.643+0000][1][safepoint    ] Application time: 1.0001777 seconds
[2022-06-13T01:55:43.644+0000][1][safepoint    ] Entering safepoint region: Cleanup
[2022-06-13T01:55:43.645+0000][1][safepoint    ] Leaving safepoint region
[2022-06-13T01:55:43.645+0000][1][safepoint    ] Total time for which application threads were stopped: 0.0010872 seconds, Stopping threads took: 0.0006216 seconds
[2022-06-13T01:55:44.389+0000][1][safepoint    ] Application time: 0.7437583 seconds
[2022-06-13T01:55:44.390+0000][1][safepoint    ] Entering safepoint region: GenCollectForAllocation
[2022-06-13T01:55:44.390+0000][1][gc,start     ] GC(23) Pause Young (Allocation Failure)
[2022-06-13T01:55:44.391+0000][1][gc,task      ] GC(23) Using 5 workers of 13 for evacuation
[2022-06-13T01:55:44.397+0000][1][gc,age       ] GC(23) Desired survivor size 4456448 bytes, new threshold 6 (max threshold 6)
[2022-06-13T01:55:44.398+0000][1][gc,age       ] GC(23) Age table with threshold 6 (max threshold 6)
[2022-06-13T01:55:44.398+0000][1][gc,age       ] GC(23) - age   1:      79392 bytes,      79392 total
[2022-06-13T01:55:44.398+0000][1][gc,age       ] GC(23) - age   2:    1318840 bytes,    1398232 total
[2022-06-13T01:55:44.399+0000][1][gc,heap      ] GC(23) ParNew: 76982K->4929K(78656K)
[2022-06-13T01:55:44.399+0000][1][gc,heap      ] GC(23) CMS: 64321K->68052K(174784K)
[2022-06-13T01:55:44.399+0000][1][gc,metaspace ] GC(23) Metaspace: 64952K->64952K(1107968K)
[2022-06-13T01:55:44.399+0000][1][gc           ] GC(23) Pause Young (Allocation Failure) 137M->71M(247M) 9.038ms
[2022-06-13T01:55:44.400+0000][1][gc,cpu       ] GC(23) User=0.03s Sys=0.01s Real=0.01s
[2022-06-13T01:55:44.400+0000][1][safepoint    ] Leaving safepoint region
[2022-06-13T01:55:44.400+0000][1][safepoint    ] Total time for which application threads were stopped: 0.0103108 seconds, Stopping threads took: 0.0002897 seconds
[2022-06-13T01:55:45.401+0000][1][safepoint    ] Application time: 1.0002502 seconds
[2022-06-13T01:55:45.402+0000][1][safepoint    ] Entering safepoint region: Cleanup
[2022-06-13T01:55:45.403+0000][1][safepoint    ] Leaving safepoint region
[2022-06-13T01:55:45.403+0000][1][safepoint    ] Total time for which application threads were stopped: 0.0015598 seconds, Stopping threads took: 0.0008449 seconds
[2022-06-13T01:55:46.404+0000][1][safepoint    ] Application time: 1.0004516 seconds
[2022-06-13T01:55:46.405+0000][1][safepoint    ] Entering safepoint region: Cleanup
[2022-06-13T01:55:46.406+0000][1][safepoint    ] Leaving safepoint region
[2022-06-13T01:55:46.406+0000][1][safepoint    ] Total time for which application threads were stopped: 0.0012049 seconds, Stopping threads took: 0.0006856 seconds
[2022-06-13T01:55:47.407+0000][1][safepoint    ] Application time: 1.0003423 seconds
[2022-06-13T01:55:47.408+0000][1][safepoint    ] Entering safepoint region: Cleanup
[2022-06-13T01:55:47.409+0000][1][safepoint    ] Leaving safepoint region
[2022-06-13T01:55:47.410+0000][1][safepoint    ] Total time for which application threads were stopped: 0.0017351 seconds, Stopping threads took: 0.0008145 seconds
[2022-06-13T01:55:48.411+0000][1][safepoint    ] Application time: 1.0004219 seconds
[2022-06-13T01:55:48.411+0000][1][safepoint    ] Entering safepoint region: Cleanup
[2022-06-13T01:55:48.412+0000][1][safepoint    ] Leaving safepoint region
[2022-06-13T01:55:48.412+0000][1][safepoint    ] Total time for which application threads were stopped: 0.0011319 seconds, Stopping threads took: 0.0003795 seconds
[2022-06-13T01:55:49.413+0000][1][safepoint    ] Application time: 1.0003197 seconds
[2022-06-13T01:55:49.414+0000][1][safepoint    ] Entering safepoint region: Cleanup
[2022-06-13T01:55:49.415+0000][1][safepoint    ] Leaving safepoint region
[2022-06-13T01:55:49.415+0000][1][safepoint    ] Total time for which application threads were stopped: 0.0012312 seconds, Stopping threads took: 0.0006952 seconds
[2022-06-13T01:55:50.416+0000][1][safepoint    ] Application time: 1.0001895 seconds
[2022-06-13T01:55:50.417+0000][1][safepoint    ] Entering safepoint region: Cleanup
[2022-06-13T01:55:50.417+0000][1][safepoint    ] Leaving safepoint region
[2022-06-13T01:55:50.418+0000][1][safepoint    ] Total time for which application threads were stopped: 0.0006352 seconds, Stopping threads took: 0.0002982 seconds
[2022-06-13T01:55:51.418+0000][1][safepoint    ] Application time: 1.0001162 seconds
[2022-06-13T01:55:51.418+0000][1][safepoint    ] Entering safepoint region: Cleanup
[2022-06-13T01:55:51.419+0000][1][safepoint    ] Leaving safepoint region
[2022-06-13T01:55:51.420+0000][1][safepoint    ] Total time for which application threads were stopped: 0.0012099 seconds, Stopping threads took: 0.0006695 seconds
[2022-06-13T01:55:52.421+0000][1][safepoint    ] Application time: 1.0002519 seconds
[2022-06-13T01:55:52.421+0000][1][safepoint    ] Entering safepoint region: Cleanup
[2022-06-13T01:55:52.423+0000][1][safepoint    ] Leaving safepoint region
[2022-06-13T01:55:52.423+0000][1][safepoint    ] Total time for which application threads were stopped: 0.0018791 seconds, Stopping threads took: 0.0009095 seconds
[2022-06-13T01:55:53.424+0000][1][safepoint    ] Application time: 1.0002529 seconds
[2022-06-13T01:55:53.425+0000][1][safepoint    ] Entering safepoint region: Cleanup
[2022-06-13T01:55:53.425+0000][1][safepoint    ] Leaving safepoint region
[2022-06-13T01:55:53.426+0000][1][safepoint    ] Total time for which application threads were stopped: 0.0009693 seconds, Stopping threads took: 0.0004296 seconds
[2022-06-13T01:55:54.426+0000][1][safepoint    ] Application time: 1.0001794 seconds
[2022-06-13T01:55:54.427+0000][1][safepoint    ] Entering safepoint region: Cleanup
[2022-06-13T01:55:54.428+0000][1][safepoint    ] Leaving safepoint region
[2022-06-13T01:55:54.429+0000][1][safepoint    ] Total time for which application threads were stopped: 0.0018404 seconds, Stopping threads took: 0.0007893 seconds
[2022-06-13T01:55:55.430+0000][1][safepoint    ] Application time: 1.0002385 seconds
[2022-06-13T01:55:55.430+0000][1][safepoint    ] Entering safepoint region: Cleanup
[2022-06-13T01:55:55.431+0000][1][safepoint    ] Leaving safepoint region
[2022-06-13T01:55:55.431+0000][1][safepoint    ] Total time for which application threads were stopped: 0.0008712 seconds, Stopping threads took: 0.0004272 seconds
[2022-06-13T01:55:56.432+0000][1][safepoint    ] Application time: 1.0001922 seconds
[2022-06-13T01:55:56.433+0000][1][safepoint    ] Entering safepoint region: Cleanup
[2022-06-13T01:55:56.434+0000][1][safepoint    ] Leaving safepoint region
[2022-06-13T01:55:56.434+0000][1][safepoint    ] Total time for which application threads were stopped: 0.0015709 seconds, Stopping threads took: 0.0009591 seconds
[2022-06-13T01:55:57.435+0000][1][safepoint    ] Application time: 1.0002121 seconds
[2022-06-13T01:55:57.435+0000][1][safepoint    ] Entering safepoint region: Cleanup
[2022-06-13T01:55:57.436+0000][1][safepoint    ] Leaving safepoint region
[2022-06-13T01:55:57.436+0000][1][safepoint    ] Total time for which application threads were stopped: 0.0010263 seconds, Stopping threads took: 0.0004257 seconds
[2022-06-13T01:55:58.437+0000][1][safepoint    ] Application time: 1.0002070 seconds
[2022-06-13T01:55:58.438+0000][1][safepoint    ] Entering safepoint region: Cleanup
[2022-06-13T01:55:58.438+0000][1][safepoint    ] Leaving safepoint region
[2022-06-13T01:55:58.438+0000][1][safepoint    ] Total time for which application threads were stopped: 0.0007301 seconds, Stopping threads took: 0.0004294 seconds
[2022-06-13T01:55:59.439+0000][1][safepoint    ] Application time: 1.0001850 seconds
[2022-06-13T01:55:59.439+0000][1][safepoint    ] Entering safepoint region: Cleanup
[2022-06-13T01:55:59.440+0000][1][safepoint    ] Leaving safepoint region
[2022-06-13T01:55:59.440+0000][1][safepoint    ] Total time for which application threads were stopped: 0.0010073 seconds, Stopping threads took: 0.0004955 seconds
[2022-06-13T01:56:00.441+0000][1][safepoint    ] Application time: 1.0002503 seconds
[2022-06-13T01:56:00.442+0000][1][safepoint    ] Entering safepoint region: Cleanup
[2022-06-13T01:56:00.443+0000][1][safepoint    ] Leaving safepoint region
[2022-06-13T01:56:00.443+0000][1][safepoint    ] Total time for which application threads were stopped: 0.0015201 seconds, Stopping threads took: 0.0007664 seconds
[2022-06-13T01:56:01.444+0000][1][safepoint    ] Application time: 1.0002175 seconds
[2022-06-13T01:56:01.445+0000][1][safepoint    ] Entering safepoint region: Cleanup
[2022-06-13T01:56:01.446+0000][1][safepoint    ] Leaving safepoint region
[2022-06-13T01:56:01.446+0000][1][safepoint    ] Total time for which application threads were stopped: 0.0015359 seconds, Stopping threads took: 0.0007325 seconds
[2022-06-13T01:56:02.447+0000][1][safepoint    ] Application time: 1.0003417 seconds
[2022-06-13T01:56:02.448+0000][1][safepoint    ] Entering safepoint region: Cleanup
[2022-06-13T01:56:02.449+0000][1][safepoint    ] Leaving safepoint region
[2022-06-13T01:56:02.450+0000][1][safepoint    ] Total time for which application threads were stopped: 0.0019051 seconds, Stopping threads took: 0.0008325 seconds
[2022-06-13T01:56:03.451+0000][1][safepoint    ] Application time: 1.0003291 seconds
[2022-06-13T01:56:03.452+0000][1][safepoint    ] Entering safepoint region: Cleanup
[2022-06-13T01:56:03.452+0000][1][safepoint    ] Leaving safepoint region
[2022-06-13T01:56:03.452+0000][1][safepoint    ] Total time for which application threads were stopped: 0.0007913 seconds, Stopping threads took: 0.0003594 seconds
[2022-06-13T01:56:04.453+0000][1][safepoint    ] Application time: 1.0002975 seconds
[2022-06-13T01:56:04.454+0000][1][safepoint    ] Entering safepoint region: Cleanup
[2022-06-13T01:56:04.455+0000][1][safepoint    ] Leaving safepoint region
[2022-06-13T01:56:04.455+0000][1][safepoint    ] Total time for which application threads were stopped: 0.0016017 seconds, Stopping threads took: 0.0007630 seconds
[2022-06-13T01:56:05.456+0000][1][safepoint    ] Application time: 1.0001974 seconds
[2022-06-13T01:56:05.457+0000][1][safepoint    ] Entering safepoint region: Cleanup
[2022-06-13T01:56:05.457+0000][1][safepoint    ] Leaving safepoint region
[2022-06-13T01:56:05.458+0000][1][safepoint    ] Total time for which application threads were stopped: 0.0010906 seconds, Stopping threads took: 0.0004264 seconds
[2022-06-13T01:56:06.458+0000][1][safepoint    ] Application time: 1.0001968 seconds
[2022-06-13T01:56:06.459+0000][1][safepoint    ] Entering safepoint region: Cleanup
[2022-06-13T01:56:06.459+0000][1][safepoint    ] Leaving safepoint region
[2022-06-13T01:56:06.460+0000][1][safepoint    ] Total time for which application threads were stopped: 0.0009366 seconds, Stopping threads took: 0.0004427 seconds
[2022-06-13T01:56:07.460+0000][1][safepoint    ] Application time: 1.0003863 seconds
[2022-06-13T01:56:07.461+0000][1][safepoint    ] Entering safepoint region: Cleanup
[2022-06-13T01:56:07.462+0000][1][safepoint    ] Leaving safepoint region
[2022-06-13T01:56:07.462+0000][1][safepoint    ] Total time for which application threads were stopped: 0.0009361 seconds, Stopping threads took: 0.0004486 seconds
[2022-06-13T01:56:08.463+0000][1][safepoint    ] Application time: 1.0004437 seconds
[2022-06-13T01:56:08.464+0000][1][safepoint    ] Entering safepoint region: Cleanup
[2022-06-13T01:56:08.464+0000][1][safepoint    ] Leaving safepoint region
[2022-06-13T01:56:08.465+0000][1][safepoint    ] Total time for which application threads were stopped: 0.0015969 seconds, Stopping threads took: 0.0006790 seconds
[2022-06-13T01:56:09.466+0000][1][safepoint    ] Application time: 1.0002673 seconds
[2022-06-13T01:56:09.467+0000][1][safepoint    ] Entering safepoint region: Cleanup
[2022-06-13T01:56:09.468+0000][1][safepoint    ] Leaving safepoint region
[2022-06-13T01:56:09.469+0000][1][safepoint    ] Total time for which application threads were stopped: 0.0019854 seconds, Stopping threads took: 0.0009769 seconds
[2022-06-13T01:56:10.470+0000][1][safepoint    ] Application time: 1.0002423 seconds
[2022-06-13T01:56:10.470+0000][1][safepoint    ] Entering safepoint region: Cleanup
[2022-06-13T01:56:10.471+0000][1][safepoint    ] Leaving safepoint region
[2022-06-13T01:56:10.471+0000][1][safepoint    ] Total time for which application threads were stopped: 0.0010786 seconds, Stopping threads took: 0.0005535 seconds
[2022-06-13T01:56:11.472+0000][1][safepoint    ] Application time: 1.0002389 seconds
[2022-06-13T01:56:11.473+0000][1][safepoint    ] Entering safepoint region: Cleanup
[2022-06-13T01:56:11.473+0000][1][safepoint    ] Leaving safepoint region
[2022-06-13T01:56:11.474+0000][1][safepoint    ] Total time for which application threads were stopped: 0.0010756 seconds, Stopping threads took: 0.0004583 seconds
[2022-06-13T01:56:12.474+0000][1][safepoint    ] Application time: 1.0001597 seconds
[2022-06-13T01:56:12.475+0000][1][safepoint    ] Entering safepoint region: Cleanup
[2022-06-13T01:56:12.476+0000][1][safepoint    ] Leaving safepoint region
[2022-06-13T01:56:12.476+0000][1][safepoint    ] Total time for which application threads were stopped: 0.0013181 seconds, Stopping threads took: 0.0007037 seconds
[2022-06-13T01:56:13.477+0000][1][safepoint    ] Application time: 1.0003131 seconds
[2022-06-13T01:56:13.478+0000][1][safepoint    ] Entering safepoint region: Cleanup
[2022-06-13T01:56:13.478+0000][1][safepoint    ] Leaving safepoint region
[2022-06-13T01:56:13.478+0000][1][safepoint    ] Total time for which application threads were stopped: 0.0008456 seconds, Stopping threads took: 0.0003621 seconds
[2022-06-13T01:56:14.479+0000][1][safepoint    ] Application time: 1.0002507 seconds
[2022-06-13T01:56:14.480+0000][1][safepoint    ] Entering safepoint region: Cleanup
[2022-06-13T01:56:14.480+0000][1][safepoint    ] Leaving safepoint region
[2022-06-13T01:56:14.481+0000][1][safepoint    ] Total time for which application threads were stopped: 0.0013521 seconds, Stopping threads took: 0.0007337 seconds
[2022-06-13T01:56:15.482+0000][1][safepoint    ] Application time: 1.0001496 seconds
[2022-06-13T01:56:15.482+0000][1][safepoint    ] Entering safepoint region: Cleanup
[2022-06-13T01:56:15.483+0000][1][safepoint    ] Leaving safepoint region
[2022-06-13T01:56:15.484+0000][1][safepoint    ] Total time for which application threads were stopped: 0.0017065 seconds, Stopping threads took: 0.0006873 seconds
[2022-06-13T01:56:16.485+0000][1][safepoint    ] Application time: 1.0001703 seconds
[2022-06-13T01:56:16.485+0000][1][safepoint    ] Entering safepoint region: Cleanup
[2022-06-13T01:56:16.486+0000][1][safepoint    ] Leaving safepoint region
[2022-06-13T01:56:16.487+0000][1][safepoint    ] Total time for which application threads were stopped: 0.0011541 seconds, Stopping threads took: 0.0006483 seconds
[2022-06-13T01:56:17.487+0000][1][safepoint    ] Application time: 1.0001963 seconds
[2022-06-13T01:56:17.488+0000][1][safepoint    ] Entering safepoint region: Cleanup
[2022-06-13T01:56:17.489+0000][1][safepoint    ] Leaving safepoint region
[2022-06-13T01:56:17.489+0000][1][safepoint    ] Total time for which application threads were stopped: 0.0011006 seconds, Stopping threads took: 0.0003833 seconds
[2022-06-13T01:56:18.490+0000][1][safepoint    ] Application time: 1.0001508 seconds
[2022-06-13T01:56:18.490+0000][1][safepoint    ] Entering safepoint region: Cleanup
[2022-06-13T01:56:18.491+0000][1][safepoint    ] Leaving safepoint region
[2022-06-13T01:56:18.491+0000][1][safepoint    ] Total time for which application threads were stopped: 0.0010449 seconds, Stopping threads took: 0.0002994 seconds
[2022-06-13T01:56:19.492+0000][1][safepoint    ] Application time: 1.0001570 seconds
[2022-06-13T01:56:19.492+0000][1][safepoint    ] Entering safepoint region: Cleanup
[2022-06-13T01:56:19.493+0000][1][safepoint    ] Leaving safepoint region
[2022-06-13T01:56:19.493+0000][1][safepoint    ] Total time for which application threads were stopped: 0.0007108 seconds, Stopping threads took: 0.0003516 seconds
[2022-06-13T01:56:20.493+0000][1][safepoint    ] Application time: 1.0001274 seconds
[2022-06-13T01:56:20.494+0000][1][safepoint    ] Entering safepoint region: Cleanup
[2022-06-13T01:56:20.494+0000][1][safepoint    ] Leaving safepoint region
[2022-06-13T01:56:20.495+0000][1][safepoint    ] Total time for which application threads were stopped: 0.0007801 seconds, Stopping threads took: 0.0002860 seconds
[2022-06-13T01:56:21.495+0000][1][safepoint    ] Application time: 1.0001840 seconds
[2022-06-13T01:56:21.496+0000][1][safepoint    ] Entering safepoint region: Cleanup
[2022-06-13T01:56:21.496+0000][1][safepoint    ] Leaving safepoint region
[2022-06-13T01:56:21.496+0000][1][safepoint    ] Total time for which application threads were stopped: 0.0006094 seconds, Stopping threads took: 0.0002188 seconds
[2022-06-13T01:56:22.497+0000][1][safepoint    ] Application time: 1.0002656 seconds
[2022-06-13T01:56:22.497+0000][1][safepoint    ] Entering safepoint region: Cleanup
[2022-06-13T01:56:22.498+0000][1][safepoint    ] Leaving safepoint region
[2022-06-13T01:56:22.498+0000][1][safepoint    ] Total time for which application threads were stopped: 0.0007942 seconds, Stopping threads took: 0.0003075 seconds
[2022-06-13T01:56:23.499+0000][1][safepoint    ] Application time: 1.0001695 seconds
[2022-06-13T01:56:23.499+0000][1][safepoint    ] Entering safepoint region: Cleanup
[2022-06-13T01:56:23.500+0000][1][safepoint    ] Leaving safepoint region
[2022-06-13T01:56:23.500+0000][1][safepoint    ] Total time for which application threads were stopped: 0.0013280 seconds, Stopping threads took: 0.0005715 seconds
[2022-06-13T01:56:24.501+0000][1][safepoint    ] Application time: 1.0003204 seconds
[2022-06-13T01:56:24.502+0000][1][safepoint    ] Entering safepoint region: Cleanup
[2022-06-13T01:56:24.502+0000][1][safepoint    ] Leaving safepoint region
[2022-06-13T01:56:24.503+0000][1][safepoint    ] Total time for which application threads were stopped: 0.0007933 seconds, Stopping threads took: 0.0003124 seconds
[2022-06-13T01:56:25.503+0000][1][safepoint    ] Application time: 1.0002590 seconds
[2022-06-13T01:56:25.504+0000][1][safepoint    ] Entering safepoint region: Cleanup
[2022-06-13T01:56:25.505+0000][1][safepoint    ] Leaving safepoint region
[2022-06-13T01:56:25.505+0000][1][safepoint    ] Total time for which application threads were stopped: 0.0011058 seconds, Stopping threads took: 0.0005073 seconds
[2022-06-13T01:56:26.506+0000][1][safepoint    ] Application time: 1.0002452 seconds
[2022-06-13T01:56:26.506+0000][1][safepoint    ] Entering safepoint region: Cleanup
[2022-06-13T01:56:26.507+0000][1][safepoint    ] Leaving safepoint region
[2022-06-13T01:56:26.507+0000][1][safepoint    ] Total time for which application threads were stopped: 0.0010633 seconds, Stopping threads took: 0.0004991 seconds
[2022-06-13T01:56:27.508+0000][1][safepoint    ] Application time: 1.0001940 seconds
[2022-06-13T01:56:27.509+0000][1][safepoint    ] Entering safepoint region: Cleanup
[2022-06-13T01:56:27.509+0000][1][safepoint    ] Leaving safepoint region
[2022-06-13T01:56:27.509+0000][1][safepoint    ] Total time for which application threads were stopped: 0.0007320 seconds, Stopping threads took: 0.0002225 seconds
[2022-06-13T01:56:28.510+0000][1][safepoint    ] Application time: 1.0002784 seconds
[2022-06-13T01:56:28.511+0000][1][safepoint    ] Entering safepoint region: Cleanup
[2022-06-13T01:56:28.511+0000][1][safepoint    ] Leaving safepoint region
[2022-06-13T01:56:28.512+0000][1][safepoint    ] Total time for which application threads were stopped: 0.0009754 seconds, Stopping threads took: 0.0003959 seconds
[2022-06-13T01:56:29.512+0000][1][safepoint    ] Application time: 1.0002865 seconds
[2022-06-13T01:56:29.513+0000][1][safepoint    ] Entering safepoint region: Cleanup
[2022-06-13T01:56:29.513+0000][1][safepoint    ] Leaving safepoint region
[2022-06-13T01:56:29.514+0000][1][safepoint    ] Total time for which application threads were stopped: 0.0009056 seconds, Stopping threads took: 0.0003533 seconds
[2022-06-13T01:56:30.514+0000][1][safepoint    ] Application time: 1.0002560 seconds
[2022-06-13T01:56:30.515+0000][1][safepoint    ] Entering safepoint region: Cleanup
[2022-06-13T01:56:30.515+0000][1][safepoint    ] Leaving safepoint region
[2022-06-13T01:56:30.515+0000][1][safepoint    ] Total time for which application threads were stopped: 0.0007756 seconds, Stopping threads took: 0.0004163 seconds
[2022-06-13T01:56:31.516+0000][1][safepoint    ] Application time: 1.0001802 seconds
[2022-06-13T01:56:31.516+0000][1][safepoint    ] Entering safepoint region: Cleanup
[2022-06-13T01:56:31.517+0000][1][safepoint    ] Leaving safepoint region
[2022-06-13T01:56:31.517+0000][1][safepoint    ] Total time for which application threads were stopped: 0.0005750 seconds, Stopping threads took: 0.0002428 seconds
[2022-06-13T01:56:32.517+0000][1][safepoint    ] Application time: 1.0001522 seconds
[2022-06-13T01:56:32.518+0000][1][safepoint    ] Entering safepoint region: Cleanup
[2022-06-13T01:56:32.519+0000][1][safepoint    ] Leaving safepoint region
[2022-06-13T01:56:32.519+0000][1][safepoint    ] Total time for which application threads were stopped: 0.0009420 seconds, Stopping threads took: 0.0004236 seconds
[2022-06-13T01:56:33.519+0000][1][safepoint    ] Application time: 1.0001179 seconds
[2022-06-13T01:56:33.520+0000][1][safepoint    ] Entering safepoint region: Cleanup
[2022-06-13T01:56:33.520+0000][1][safepoint    ] Leaving safepoint region
[2022-06-13T01:56:33.520+0000][1][safepoint    ] Total time for which application threads were stopped: 0.0006557 seconds, Stopping threads took: 0.0002421 seconds
[2022-06-13T01:56:34.521+0000][1][safepoint    ] Application time: 1.0002361 seconds
[2022-06-13T01:56:34.522+0000][1][safepoint    ] Entering safepoint region: Cleanup
[2022-06-13T01:56:34.522+0000][1][safepoint    ] Leaving safepoint region
[2022-06-13T01:56:34.522+0000][1][safepoint    ] Total time for which application threads were stopped: 0.0005672 seconds, Stopping threads took: 0.0002531 seconds
[2022-06-13T01:56:35.522+0000][1][safepoint    ] Application time: 1.0001054 seconds
[2022-06-13T01:56:35.523+0000][1][safepoint    ] Entering safepoint region: Cleanup
[2022-06-13T01:56:35.524+0000][1][safepoint    ] Leaving safepoint region
[2022-06-13T01:56:35.524+0000][1][safepoint    ] Total time for which application threads were stopped: 0.0012629 seconds, Stopping threads took: 0.0005402 seconds
[2022-06-13T01:56:36.525+0000][1][safepoint    ] Application time: 1.0001592 seconds
[2022-06-13T01:56:36.525+0000][1][safepoint    ] Entering safepoint region: Cleanup
[2022-06-13T01:56:36.526+0000][1][safepoint    ] Leaving safepoint region
[2022-06-13T01:56:36.526+0000][1][safepoint    ] Total time for which application threads were stopped: 0.0006002 seconds, Stopping threads took: 0.0002587 seconds
[2022-06-13T01:56:37.527+0000][1][safepoint    ] Application time: 1.0004262 seconds
[2022-06-13T01:56:37.527+0000][1][safepoint    ] Entering safepoint region: Cleanup
[2022-06-13T01:56:37.528+0000][1][safepoint    ] Leaving safepoint region
[2022-06-13T01:56:37.529+0000][1][safepoint    ] Total time for which application threads were stopped: 0.0013088 seconds, Stopping threads took: 0.0005797 seconds
[2022-06-13T01:56:38.529+0000][1][safepoint    ] Application time: 1.0002225 seconds
[2022-06-13T01:56:38.530+0000][1][safepoint    ] Entering safepoint region: Cleanup
[2022-06-13T01:56:38.531+0000][1][safepoint    ] Leaving safepoint region
[2022-06-13T01:56:38.532+0000][1][safepoint    ] Total time for which application threads were stopped: 0.0016103 seconds, Stopping threads took: 0.0010079 seconds
[2022-06-13T01:56:39.532+0000][1][safepoint    ] Application time: 1.0001597 seconds
[2022-06-13T01:56:39.533+0000][1][safepoint    ] Entering safepoint region: Cleanup
[2022-06-13T01:56:39.534+0000][1][safepoint    ] Leaving safepoint region
[2022-06-13T01:56:39.534+0000][1][safepoint    ] Total time for which application threads were stopped: 0.0009536 seconds, Stopping threads took: 0.0004020 seconds
[2022-06-13T01:56:40.535+0000][1][safepoint    ] Application time: 1.0002528 seconds
[2022-06-13T01:56:40.535+0000][1][safepoint    ] Entering safepoint region: Cleanup
[2022-06-13T01:56:40.536+0000][1][safepoint    ] Leaving safepoint region
[2022-06-13T01:56:40.536+0000][1][safepoint    ] Total time for which application threads were stopped: 0.0009026 seconds, Stopping threads took: 0.0004929 seconds
[2022-06-13T01:56:41.537+0000][1][safepoint    ] Application time: 1.0002894 seconds
[2022-06-13T01:56:41.537+0000][1][safepoint    ] Entering safepoint region: Cleanup
[2022-06-13T01:56:41.538+0000][1][safepoint    ] Leaving safepoint region
[2022-06-13T01:56:41.538+0000][1][safepoint    ] Total time for which application threads were stopped: 0.0012336 seconds, Stopping threads took: 0.0004520 seconds
[2022-06-13T01:56:42.539+0000][1][safepoint    ] Application time: 1.0001719 seconds
[2022-06-13T01:56:42.540+0000][1][safepoint    ] Entering safepoint region: Cleanup
[2022-06-13T01:56:42.541+0000][1][safepoint    ] Leaving safepoint region
[2022-06-13T01:56:42.541+0000][1][safepoint    ] Total time for which application threads were stopped: 0.0011640 seconds, Stopping threads took: 0.0006418 seconds
[2022-06-13T01:56:43.542+0000][1][safepoint    ] Application time: 1.0002146 seconds
[2022-06-13T01:56:43.542+0000][1][safepoint    ] Entering safepoint region: Cleanup
[2022-06-13T01:56:43.543+0000][1][safepoint    ] Leaving safepoint region
[2022-06-13T01:56:43.543+0000][1][safepoint    ] Total time for which application threads were stopped: 0.0010179 seconds, Stopping threads took: 0.0004713 seconds
[2022-06-13T01:56:44.544+0000][1][safepoint    ] Application time: 1.0003123 seconds
[2022-06-13T01:56:44.544+0000][1][safepoint    ] Entering safepoint region: Cleanup
[2022-06-13T01:56:44.545+0000][1][safepoint    ] Leaving safepoint region
[2022-06-13T01:56:44.545+0000][1][safepoint    ] Total time for which application threads were stopped: 0.0010625 seconds, Stopping threads took: 0.0004926 seconds
[2022-06-13T01:56:45.546+0000][1][safepoint    ] Application time: 1.0002525 seconds
[2022-06-13T01:56:45.546+0000][1][safepoint    ] Entering safepoint region: Cleanup
[2022-06-13T01:56:45.547+0000][1][safepoint    ] Leaving safepoint region
[2022-06-13T01:56:45.548+0000][1][safepoint    ] Total time for which application threads were stopped: 0.0015156 seconds, Stopping threads took: 0.0006087 seconds
[2022-06-13T01:56:46.549+0000][1][safepoint    ] Application time: 1.0003321 seconds
[2022-06-13T01:56:46.549+0000][1][safepoint    ] Entering safepoint region: Cleanup
[2022-06-13T01:56:46.550+0000][1][safepoint    ] Leaving safepoint region
[2022-06-13T01:56:46.550+0000][1][safepoint    ] Total time for which application threads were stopped: 0.0006670 seconds, Stopping threads took: 0.0002520 seconds
[2022-06-13T01:56:47.550+0000][1][safepoint    ] Application time: 1.0001663 seconds
[2022-06-13T01:56:47.551+0000][1][safepoint    ] Entering safepoint region: Cleanup
[2022-06-13T01:56:47.551+0000][1][safepoint    ] Leaving safepoint region
[2022-06-13T01:56:47.551+0000][1][safepoint    ] Total time for which application threads were stopped: 0.0005596 seconds, Stopping threads took: 0.0002660 seconds
[2022-06-13T01:56:48.552+0000][1][safepoint    ] Application time: 1.0002793 seconds
[2022-06-13T01:56:48.552+0000][1][safepoint    ] Entering safepoint region: Cleanup
[2022-06-13T01:56:48.553+0000][1][safepoint    ] Leaving safepoint region
[2022-06-13T01:56:48.554+0000][1][safepoint    ] Total time for which application threads were stopped: 0.0012505 seconds, Stopping threads took: 0.0006148 seconds
[2022-06-13T01:56:49.554+0000][1][safepoint    ] Application time: 1.0002898 seconds
[2022-06-13T01:56:49.555+0000][1][safepoint    ] Entering safepoint region: Cleanup
[2022-06-13T01:56:49.555+0000][1][safepoint    ] Leaving safepoint region
[2022-06-13T01:56:49.556+0000][1][safepoint    ] Total time for which application threads were stopped: 0.0012527 seconds, Stopping threads took: 0.0005418 seconds
[2022-06-13T01:56:50.557+0000][1][safepoint    ] Application time: 1.0003198 seconds
[2022-06-13T01:56:50.557+0000][1][safepoint    ] Entering safepoint region: Cleanup
[2022-06-13T01:56:50.558+0000][1][safepoint    ] Leaving safepoint region
[2022-06-13T01:56:50.558+0000][1][safepoint    ] Total time for which application threads were stopped: 0.0010094 seconds, Stopping threads took: 0.0004560 seconds
[2022-06-13T01:56:51.559+0000][1][safepoint    ] Application time: 1.0004007 seconds
[2022-06-13T01:56:51.560+0000][1][safepoint    ] Entering safepoint region: Cleanup
[2022-06-13T01:56:51.561+0000][1][safepoint    ] Leaving safepoint region
[2022-06-13T01:56:51.561+0000][1][safepoint    ] Total time for which application threads were stopped: 0.0014155 seconds, Stopping threads took: 0.0007878 seconds
[2022-06-13T01:56:52.562+0000][1][safepoint    ] Application time: 1.0003026 seconds
[2022-06-13T01:56:52.563+0000][1][safepoint    ] Entering safepoint region: Cleanup
[2022-06-13T01:56:52.563+0000][1][safepoint    ] Leaving safepoint region
[2022-06-13T01:56:52.564+0000][1][safepoint    ] Total time for which application threads were stopped: 0.0009079 seconds, Stopping threads took: 0.0002917 seconds
[2022-06-13T01:56:53.564+0000][1][safepoint    ] Application time: 1.0001727 seconds
[2022-06-13T01:56:53.565+0000][1][safepoint    ] Entering safepoint region: Cleanup
[2022-06-13T01:56:53.565+0000][1][safepoint    ] Leaving safepoint region
[2022-06-13T01:56:53.566+0000][1][safepoint    ] Total time for which application threads were stopped: 0.0006800 seconds, Stopping threads took: 0.0003102 seconds
[2022-06-13T01:56:54.566+0000][1][safepoint    ] Application time: 1.0002444 seconds
[2022-06-13T01:56:54.567+0000][1][safepoint    ] Entering safepoint region: Cleanup
[2022-06-13T01:56:54.568+0000][1][safepoint    ] Leaving safepoint region
[2022-06-13T01:56:54.568+0000][1][safepoint    ] Total time for which application threads were stopped: 0.0017742 seconds, Stopping threads took: 0.0009715 seconds
[2022-06-13T01:56:55.569+0000][1][safepoint    ] Application time: 1.0003412 seconds
[2022-06-13T01:56:55.570+0000][1][safepoint    ] Entering safepoint region: Cleanup
[2022-06-13T01:56:55.571+0000][1][safepoint    ] Leaving safepoint region
[2022-06-13T01:56:55.572+0000][1][safepoint    ] Total time for which application threads were stopped: 0.0019487 seconds, Stopping threads took: 0.0011334 seconds
[2022-06-13T01:56:56.572+0000][1][safepoint    ] Application time: 1.0002806 seconds
[2022-06-13T01:56:56.574+0000][1][safepoint    ] Entering safepoint region: Cleanup
[2022-06-13T01:56:56.574+0000][1][safepoint    ] Leaving safepoint region
[2022-06-13T01:56:56.574+0000][1][safepoint    ] Total time for which application threads were stopped: 0.0009025 seconds, Stopping threads took: 0.0005030 seconds
[2022-06-13T01:56:57.575+0000][1][safepoint    ] Application time: 1.0001609 seconds
[2022-06-13T01:56:57.575+0000][1][safepoint    ] Entering safepoint region: Cleanup
[2022-06-13T01:56:57.576+0000][1][safepoint    ] Leaving safepoint region
[2022-06-13T01:56:57.576+0000][1][safepoint    ] Total time for which application threads were stopped: 0.0005677 seconds, Stopping threads took: 0.0002594 seconds
[2022-06-13T01:56:58.576+0000][1][safepoint    ] Application time: 1.0001606 seconds
[2022-06-13T01:56:58.577+0000][1][safepoint    ] Entering safepoint region: Cleanup
[2022-06-13T01:56:58.577+0000][1][safepoint    ] Leaving safepoint region
[2022-06-13T01:56:58.578+0000][1][safepoint    ] Total time for which application threads were stopped: 0.0007169 seconds, Stopping threads took: 0.0002900 seconds
[2022-06-13T01:56:59.578+0000][1][safepoint    ] Application time: 1.0003711 seconds
[2022-06-13T01:56:59.580+0000][1][safepoint    ] Entering safepoint region: Cleanup
[2022-06-13T01:56:59.580+0000][1][safepoint    ] Leaving safepoint region
[2022-06-13T01:56:59.581+0000][1][safepoint    ] Total time for which application threads were stopped: 0.0011581 seconds, Stopping threads took: 0.0003963 seconds
[2022-06-13T01:57:00.582+0000][1][safepoint    ] Application time: 1.0002120 seconds
[2022-06-13T01:57:00.582+0000][1][safepoint    ] Entering safepoint region: Cleanup
[2022-06-13T01:57:00.583+0000][1][safepoint    ] Leaving safepoint region
[2022-06-13T01:57:00.583+0000][1][safepoint    ] Total time for which application threads were stopped: 0.0008646 seconds, Stopping threads took: 0.0003666 seconds
[2022-06-13T01:57:01.584+0000][1][safepoint    ] Application time: 1.0003779 seconds
[2022-06-13T01:57:01.584+0000][1][safepoint    ] Entering safepoint region: Cleanup
[2022-06-13T01:57:01.585+0000][1][safepoint    ] Leaving safepoint region
[2022-06-13T01:57:01.586+0000][1][safepoint    ] Total time for which application threads were stopped: 0.0013335 seconds, Stopping threads took: 0.0003212 seconds
[2022-06-13T01:57:02.586+0000][1][safepoint    ] Application time: 1.0002134 seconds
[2022-06-13T01:57:02.587+0000][1][safepoint    ] Entering safepoint region: Cleanup
[2022-06-13T01:57:02.587+0000][1][safepoint    ] Leaving safepoint region
[2022-06-13T01:57:02.587+0000][1][safepoint    ] Total time for which application threads were stopped: 0.0004954 seconds, Stopping threads took: 0.0002392 seconds
[2022-06-13T01:57:03.587+0000][1][safepoint    ] Application time: 1.0001937 seconds
[2022-06-13T01:57:03.588+0000][1][safepoint    ] Entering safepoint region: Cleanup
[2022-06-13T01:57:03.588+0000][1][safepoint    ] Leaving safepoint region
[2022-06-13T01:57:03.589+0000][1][safepoint    ] Total time for which application threads were stopped: 0.0008692 seconds, Stopping threads took: 0.0002882 seconds
[2022-06-13T01:57:04.590+0000][1][safepoint    ] Application time: 1.0001988 seconds
[2022-06-13T01:57:04.590+0000][1][safepoint    ] Entering safepoint region: Cleanup
[2022-06-13T01:57:04.590+0000][1][safepoint    ] Leaving safepoint region
[2022-06-13T01:57:04.591+0000][1][safepoint    ] Total time for which application threads were stopped: 0.0004720 seconds, Stopping threads took: 0.0002208 seconds
[2022-06-13T01:57:05.591+0000][1][safepoint    ] Application time: 1.0001534 seconds
[2022-06-13T01:57:05.591+0000][1][safepoint    ] Entering safepoint region: Cleanup
[2022-06-13T01:57:05.591+0000][1][safepoint    ] Leaving safepoint region
[2022-06-13T01:57:05.592+0000][1][safepoint    ] Total time for which application threads were stopped: 0.0004509 seconds, Stopping threads took: 0.0001862 seconds
[2022-06-13T01:57:06.592+0000][1][safepoint    ] Application time: 1.0002107 seconds
[2022-06-13T01:57:06.593+0000][1][safepoint    ] Entering safepoint region: Cleanup
[2022-06-13T01:57:06.593+0000][1][safepoint    ] Leaving safepoint region
[2022-06-13T01:57:06.593+0000][1][safepoint    ] Total time for which application threads were stopped: 0.0007815 seconds, Stopping threads took: 0.0003435 seconds
[2022-06-13T01:57:07.594+0000][1][safepoint    ] Application time: 1.0001680 seconds
[2022-06-13T01:57:07.594+0000][1][safepoint    ] Entering safepoint region: Cleanup
[2022-06-13T01:57:07.595+0000][1][safepoint    ] Leaving safepoint region
[2022-06-13T01:57:07.595+0000][1][safepoint    ] Total time for which application threads were stopped: 0.0011160 seconds, Stopping threads took: 0.0005095 seconds
[2022-06-13T01:57:08.596+0000][1][safepoint    ] Application time: 1.0003173 seconds
[2022-06-13T01:57:08.597+0000][1][safepoint    ] Entering safepoint region: Cleanup
[2022-06-13T01:57:08.597+0000][1][safepoint    ] Leaving safepoint region
[2022-06-13T01:57:08.598+0000][1][safepoint    ] Total time for which application threads were stopped: 0.0012149 seconds, Stopping threads took: 0.0003656 seconds
[2022-06-13T01:57:09.598+0000][1][safepoint    ] Application time: 1.0002224 seconds
[2022-06-13T01:57:09.599+0000][1][safepoint    ] Entering safepoint region: Cleanup
[2022-06-13T01:57:09.600+0000][1][safepoint    ] Leaving safepoint region
[2022-06-13T01:57:09.600+0000][1][safepoint    ] Total time for which application threads were stopped: 0.0013117 seconds, Stopping threads took: 0.0006934 seconds
[2022-06-13T01:57:10.601+0000][1][safepoint    ] Application time: 1.0002576 seconds
[2022-06-13T01:57:10.602+0000][1][safepoint    ] Entering safepoint region: Cleanup
[2022-06-13T01:57:10.603+0000][1][safepoint    ] Leaving safepoint region
[2022-06-13T01:57:10.603+0000][1][safepoint    ] Total time for which application threads were stopped: 0.0011328 seconds, Stopping threads took: 0.0005887 seconds
[2022-06-13T01:57:11.604+0000][1][safepoint    ] Application time: 1.0001976 seconds
[2022-06-13T01:57:11.604+0000][1][safepoint    ] Entering safepoint region: Cleanup
[2022-06-13T01:57:11.605+0000][1][safepoint    ] Leaving safepoint region
[2022-06-13T01:57:11.606+0000][1][safepoint    ] Total time for which application threads were stopped: 0.0020469 seconds, Stopping threads took: 0.0004189 seconds
[2022-06-13T01:57:12.607+0000][1][safepoint    ] Application time: 1.0002352 seconds
[2022-06-13T01:57:12.608+0000][1][safepoint    ] Entering safepoint region: Cleanup
[2022-06-13T01:57:12.608+0000][1][safepoint    ] Leaving safepoint region
[2022-06-13T01:57:12.609+0000][1][safepoint    ] Total time for which application threads were stopped: 0.0008753 seconds, Stopping threads took: 0.0004015 seconds
[2022-06-13T01:57:13.609+0000][1][safepoint    ] Application time: 1.0003589 seconds
[2022-06-13T01:57:13.610+0000][1][safepoint    ] Entering safepoint region: Cleanup
[2022-06-13T01:57:13.611+0000][1][safepoint    ] Leaving safepoint region
[2022-06-13T01:57:13.611+0000][1][safepoint    ] Total time for which application threads were stopped: 0.0009699 seconds, Stopping threads took: 0.0004662 seconds
[2022-06-13T01:57:14.612+0000][1][safepoint    ] Application time: 1.0002816 seconds
[2022-06-13T01:57:14.612+0000][1][safepoint    ] Entering safepoint region: Cleanup
[2022-06-13T01:57:14.613+0000][1][safepoint    ] Leaving safepoint region
[2022-06-13T01:57:14.614+0000][1][safepoint    ] Total time for which application threads were stopped: 0.0012684 seconds, Stopping threads took: 0.0005011 seconds
[2022-06-13T01:57:15.614+0000][1][safepoint    ] Application time: 1.0002048 seconds
[2022-06-13T01:57:15.615+0000][1][safepoint    ] Entering safepoint region: Cleanup
[2022-06-13T01:57:15.616+0000][1][safepoint    ] Leaving safepoint region
[2022-06-13T01:57:15.616+0000][1][safepoint    ] Total time for which application threads were stopped: 0.0011450 seconds, Stopping threads took: 0.0005405 seconds
[2022-06-13T01:57:16.617+0000][1][safepoint    ] Application time: 1.0003270 seconds
[2022-06-13T01:57:16.618+0000][1][safepoint    ] Entering safepoint region: Cleanup
[2022-06-13T01:57:16.619+0000][1][safepoint    ] Leaving safepoint region
[2022-06-13T01:57:16.619+0000][1][safepoint    ] Total time for which application threads were stopped: 0.0012120 seconds, Stopping threads took: 0.0005152 seconds
[2022-06-13T01:57:17.620+0000][1][safepoint    ] Application time: 1.0002062 seconds
[2022-06-13T01:57:17.621+0000][1][safepoint    ] Entering safepoint region: Cleanup
[2022-06-13T01:57:17.621+0000][1][safepoint    ] Leaving safepoint region
[2022-06-13T01:57:17.622+0000][1][safepoint    ] Total time for which application threads were stopped: 0.0010726 seconds, Stopping threads took: 0.0004386 seconds
[2022-06-13T01:57:18.622+0000][1][safepoint    ] Application time: 1.0001896 seconds
[2022-06-13T01:57:18.623+0000][1][safepoint    ] Entering safepoint region: Cleanup
[2022-06-13T01:57:18.623+0000][1][safepoint    ] Leaving safepoint region
[2022-06-13T01:57:18.624+0000][1][safepoint    ] Total time for which application threads were stopped: 0.0009659 seconds, Stopping threads took: 0.0004949 seconds
[2022-06-13T01:57:19.624+0000][1][safepoint    ] Application time: 1.0002360 seconds
[2022-06-13T01:57:19.625+0000][1][safepoint    ] Entering safepoint region: Cleanup
[2022-06-13T01:57:19.626+0000][1][safepoint    ] Leaving safepoint region
[2022-06-13T01:57:19.627+0000][1][safepoint    ] Total time for which application threads were stopped: 0.0016767 seconds, Stopping threads took: 0.0006875 seconds
[2022-06-13T01:57:20.628+0000][1][safepoint    ] Application time: 1.0002574 seconds
[2022-06-13T01:57:20.628+0000][1][safepoint    ] Entering safepoint region: Cleanup
[2022-06-13T01:57:20.629+0000][1][safepoint    ] Leaving safepoint region
[2022-06-13T01:57:20.629+0000][1][safepoint    ] Total time for which application threads were stopped: 0.0012715 seconds, Stopping threads took: 0.0004943 seconds
[2022-06-13T01:57:21.630+0000][1][safepoint    ] Application time: 1.0002426 seconds
[2022-06-13T01:57:21.631+0000][1][safepoint    ] Entering safepoint region: Cleanup
[2022-06-13T01:57:21.631+0000][1][safepoint    ] Leaving safepoint region
[2022-06-13T01:57:21.631+0000][1][safepoint    ] Total time for which application threads were stopped: 0.0005741 seconds, Stopping threads took: 0.0003291 seconds
[2022-06-13T01:57:22.632+0000][1][safepoint    ] Application time: 1.0003043 seconds
[2022-06-13T01:57:22.632+0000][1][safepoint    ] Entering safepoint region: Cleanup
[2022-06-13T01:57:22.633+0000][1][safepoint    ] Leaving safepoint region
[2022-06-13T01:57:22.633+0000][1][safepoint    ] Total time for which application threads were stopped: 0.0012320 seconds, Stopping threads took: 0.0005651 seconds
[2022-06-13T01:57:23.634+0000][1][safepoint    ] Application time: 1.0003062 seconds
[2022-06-13T01:57:23.635+0000][1][safepoint    ] Entering safepoint region: Cleanup
[2022-06-13T01:57:23.635+0000][1][safepoint    ] Leaving safepoint region
[2022-06-13T01:57:23.636+0000][1][safepoint    ] Total time for which application threads were stopped: 0.0012295 seconds, Stopping threads took: 0.0004501 seconds
[2022-06-13T01:57:24.637+0000][1][safepoint    ] Application time: 1.0002102 seconds
[2022-06-13T01:57:24.637+0000][1][safepoint    ] Entering safepoint region: Cleanup
[2022-06-13T01:57:24.638+0000][1][safepoint    ] Leaving safepoint region
[2022-06-13T01:57:24.638+0000][1][safepoint    ] Total time for which application threads were stopped: 0.0009134 seconds, Stopping threads took: 0.0004660 seconds
[2022-06-13T01:57:25.638+0000][1][safepoint    ] Application time: 1.0002307 seconds
[2022-06-13T01:57:25.639+0000][1][safepoint    ] Entering safepoint region: Cleanup
[2022-06-13T01:57:25.640+0000][1][safepoint    ] Leaving safepoint region
[2022-06-13T01:57:25.640+0000][1][safepoint    ] Total time for which application threads were stopped: 0.0011327 seconds, Stopping threads took: 0.0005723 seconds
[2022-06-13T01:57:26.641+0000][1][safepoint    ] Application time: 1.0002765 seconds
[2022-06-13T01:57:26.642+0000][1][safepoint    ] Entering safepoint region: Cleanup
[2022-06-13T01:57:26.642+0000][1][safepoint    ] Leaving safepoint region
[2022-06-13T01:57:26.643+0000][1][safepoint    ] Total time for which application threads were stopped: 0.0012346 seconds, Stopping threads took: 0.0005991 seconds
[2022-06-13T01:57:27.644+0000][1][safepoint    ] Application time: 1.0002256 seconds
[2022-06-13T01:57:27.644+0000][1][safepoint    ] Entering safepoint region: Cleanup
[2022-06-13T01:57:27.645+0000][1][safepoint    ] Leaving safepoint region
[2022-06-13T01:57:27.645+0000][1][safepoint    ] Total time for which application threads were stopped: 0.0006583 seconds, Stopping threads took: 0.0003698 seconds
[2022-06-13T01:57:28.646+0000][1][safepoint    ] Application time: 1.0004517 seconds
[2022-06-13T01:57:28.650+0000][1][safepoint    ] Entering safepoint region: Cleanup
[2022-06-13T01:57:28.653+0000][1][safepoint    ] Leaving safepoint region
[2022-06-13T01:57:28.655+0000][1][safepoint    ] Total time for which application threads were stopped: 0.0064809 seconds, Stopping threads took: 0.0037743 seconds
[2022-06-13T01:57:29.657+0000][1][safepoint    ] Application time: 1.0004102 seconds
[2022-06-13T01:57:29.658+0000][1][safepoint    ] Entering safepoint region: Cleanup
[2022-06-13T01:57:29.658+0000][1][safepoint    ] Leaving safepoint region
[2022-06-13T01:57:29.658+0000][1][safepoint    ] Total time for which application threads were stopped: 0.0006031 seconds, Stopping threads took: 0.0003062 seconds
[2022-06-13T01:57:30.659+0000][1][safepoint    ] Application time: 1.0002407 seconds
[2022-06-13T01:57:30.659+0000][1][safepoint    ] Entering safepoint region: Cleanup
[2022-06-13T01:57:30.660+0000][1][safepoint    ] Leaving safepoint region
[2022-06-13T01:57:30.660+0000][1][safepoint    ] Total time for which application threads were stopped: 0.0010924 seconds, Stopping threads took: 0.0005067 seconds
[2022-06-13T01:57:31.661+0000][1][safepoint    ] Application time: 1.0002414 seconds
[2022-06-13T01:57:31.662+0000][1][safepoint    ] Entering safepoint region: Cleanup
[2022-06-13T01:57:31.662+0000][1][safepoint    ] Leaving safepoint region
[2022-06-13T01:57:31.663+0000][1][safepoint    ] Total time for which application threads were stopped: 0.0011720 seconds, Stopping threads took: 0.0005047 seconds
[2022-06-13T01:57:32.663+0000][1][safepoint    ] Application time: 1.0002110 seconds
[2022-06-13T01:57:32.664+0000][1][safepoint    ] Entering safepoint region: Cleanup
[2022-06-13T01:57:32.664+0000][1][safepoint    ] Leaving safepoint region
[2022-06-13T01:57:32.665+0000][1][safepoint    ] Total time for which application threads were stopped: 0.0007209 seconds, Stopping threads took: 0.0003849 seconds
[2022-06-13T01:57:33.665+0000][1][safepoint    ] Application time: 1.0001567 seconds
[2022-06-13T01:57:33.665+0000][1][safepoint    ] Entering safepoint region: Cleanup
[2022-06-13T01:57:33.666+0000][1][safepoint    ] Leaving safepoint region
[2022-06-13T01:57:33.666+0000][1][safepoint    ] Total time for which application threads were stopped: 0.0004280 seconds, Stopping threads took: 0.0001867 seconds
[2022-06-13T01:57:34.666+0000][1][safepoint    ] Application time: 1.0002799 seconds
[2022-06-13T01:57:34.667+0000][1][safepoint    ] Entering safepoint region: Cleanup
[2022-06-13T01:57:34.668+0000][1][safepoint    ] Leaving safepoint region
[2022-06-13T01:57:34.668+0000][1][safepoint    ] Total time for which application threads were stopped: 0.0018012 seconds, Stopping threads took: 0.0015018 seconds
[2022-06-13T01:57:35.669+0000][1][safepoint    ] Application time: 1.0003195 seconds
[2022-06-13T01:57:35.669+0000][1][safepoint    ] Entering safepoint region: Cleanup
[2022-06-13T01:57:35.670+0000][1][safepoint    ] Leaving safepoint region
[2022-06-13T01:57:35.670+0000][1][safepoint    ] Total time for which application threads were stopped: 0.0008194 seconds, Stopping threads took: 0.0003963 seconds
[2022-06-13T01:57:36.671+0000][1][safepoint    ] Application time: 1.0001976 seconds
[2022-06-13T01:57:36.671+0000][1][safepoint    ] Entering safepoint region: Cleanup
[2022-06-13T01:57:36.672+0000][1][safepoint    ] Leaving safepoint region
[2022-06-13T01:57:36.672+0000][1][safepoint    ] Total time for which application threads were stopped: 0.0008515 seconds, Stopping threads took: 0.0004080 seconds
[2022-06-13T01:57:37.673+0000][1][safepoint    ] Application time: 1.0001186 seconds
[2022-06-13T01:57:37.673+0000][1][safepoint    ] Entering safepoint region: Cleanup
[2022-06-13T01:57:37.673+0000][1][safepoint    ] Leaving safepoint region
[2022-06-13T01:57:37.673+0000][1][safepoint    ] Total time for which application threads were stopped: 0.0005675 seconds, Stopping threads took: 0.0002919 seconds
[2022-06-13T01:57:38.674+0000][1][safepoint    ] Application time: 1.0001355 seconds
[2022-06-13T01:57:38.674+0000][1][safepoint    ] Entering safepoint region: Cleanup
[2022-06-13T01:57:38.675+0000][1][safepoint    ] Leaving safepoint region
[2022-06-13T01:57:38.675+0000][1][safepoint    ] Total time for which application threads were stopped: 0.0005220 seconds, Stopping threads took: 0.0002871 seconds
[2022-06-13T01:57:39.675+0000][1][safepoint    ] Application time: 1.0001648 seconds
[2022-06-13T01:57:39.676+0000][1][safepoint    ] Entering safepoint region: Cleanup
[2022-06-13T01:57:39.676+0000][1][safepoint    ] Leaving safepoint region
[2022-06-13T01:57:39.676+0000][1][safepoint    ] Total time for which application threads were stopped: 0.0007244 seconds, Stopping threads took: 0.0003537 seconds
[2022-06-13T01:57:40.677+0000][1][safepoint    ] Application time: 1.0001821 seconds
[2022-06-13T01:57:40.677+0000][1][safepoint    ] Entering safepoint region: Cleanup
[2022-06-13T01:57:40.678+0000][1][safepoint    ] Leaving safepoint region
[2022-06-13T01:57:40.678+0000][1][safepoint    ] Total time for which application threads were stopped: 0.0005496 seconds, Stopping threads took: 0.0002777 seconds
[2022-06-13T01:57:41.678+0000][1][safepoint    ] Application time: 1.0002106 seconds
[2022-06-13T01:57:41.679+0000][1][safepoint    ] Entering safepoint region: Cleanup
[2022-06-13T01:57:41.680+0000][1][safepoint    ] Leaving safepoint region
[2022-06-13T01:57:41.681+0000][1][safepoint    ] Total time for which application threads were stopped: 0.0013826 seconds, Stopping threads took: 0.0006415 seconds
[2022-06-13T01:57:42.681+0000][1][safepoint    ] Application time: 1.0002434 seconds
[2022-06-13T01:57:42.682+0000][1][safepoint    ] Entering safepoint region: Cleanup
[2022-06-13T01:57:42.683+0000][1][safepoint    ] Leaving safepoint region
[2022-06-13T01:57:42.683+0000][1][safepoint    ] Total time for which application threads were stopped: 0.0008558 seconds, Stopping threads took: 0.0004339 seconds
[2022-06-13T01:57:43.683+0000][1][safepoint    ] Application time: 1.0002203 seconds
[2022-06-13T01:57:43.684+0000][1][safepoint    ] Entering safepoint region: Cleanup
[2022-06-13T01:57:43.685+0000][1][safepoint    ] Leaving safepoint region
[2022-06-13T01:57:43.685+0000][1][safepoint    ] Total time for which application threads were stopped: 0.0009673 seconds, Stopping threads took: 0.0004175 seconds
[2022-06-13T01:57:44.686+0000][1][safepoint    ] Application time: 1.0002380 seconds
[2022-06-13T01:57:44.686+0000][1][safepoint    ] Entering safepoint region: Cleanup
[2022-06-13T01:57:44.687+0000][1][safepoint    ] Leaving safepoint region
[2022-06-13T01:57:44.687+0000][1][safepoint    ] Total time for which application threads were stopped: 0.0009487 seconds, Stopping threads took: 0.0004528 seconds
[2022-06-13T01:57:45.688+0000][1][safepoint    ] Application time: 1.0002529 seconds
[2022-06-13T01:57:45.689+0000][1][safepoint    ] Entering safepoint region: Cleanup
[2022-06-13T01:57:45.689+0000][1][safepoint    ] Leaving safepoint region
[2022-06-13T01:57:45.690+0000][1][safepoint    ] Total time for which application threads were stopped: 0.0013174 seconds, Stopping threads took: 0.0005209 seconds
[2022-06-13T01:57:46.691+0000][1][safepoint    ] Application time: 1.0002581 seconds
[2022-06-13T01:57:46.691+0000][1][safepoint    ] Entering safepoint region: Cleanup
[2022-06-13T01:57:46.692+0000][1][safepoint    ] Leaving safepoint region
[2022-06-13T01:57:46.692+0000][1][safepoint    ] Total time for which application threads were stopped: 0.0010468 seconds, Stopping threads took: 0.0004834 seconds
[2022-06-13T01:57:47.693+0000][1][safepoint    ] Application time: 1.0001900 seconds
[2022-06-13T01:57:47.693+0000][1][safepoint    ] Entering safepoint region: Cleanup
[2022-06-13T01:57:47.694+0000][1][safepoint    ] Leaving safepoint region
[2022-06-13T01:57:47.694+0000][1][safepoint    ] Total time for which application threads were stopped: 0.0009237 seconds, Stopping threads took: 0.0004679 seconds
[2022-06-13T01:57:48.695+0000][1][safepoint    ] Application time: 1.0001086 seconds
[2022-06-13T01:57:48.695+0000][1][safepoint    ] Entering safepoint region: Cleanup
[2022-06-13T01:57:48.696+0000][1][safepoint    ] Leaving safepoint region
[2022-06-13T01:57:48.696+0000][1][safepoint    ] Total time for which application threads were stopped: 0.0009549 seconds, Stopping threads took: 0.0002752 seconds
[2022-06-13T01:57:49.697+0000][1][safepoint    ] Application time: 1.0001981 seconds
[2022-06-13T01:57:49.697+0000][1][safepoint    ] Entering safepoint region: Cleanup
[2022-06-13T01:57:49.698+0000][1][safepoint    ] Leaving safepoint region
[2022-06-13T01:57:49.698+0000][1][safepoint    ] Total time for which application threads were stopped: 0.0007963 seconds, Stopping threads took: 0.0003370 seconds
[2022-06-13T01:57:50.698+0000][1][safepoint    ] Application time: 1.0001117 seconds
[2022-06-13T01:57:50.699+0000][1][safepoint    ] Entering safepoint region: Cleanup
[2022-06-13T01:57:50.699+0000][1][safepoint    ] Leaving safepoint region
[2022-06-13T01:57:50.699+0000][1][safepoint    ] Total time for which application threads were stopped: 0.0009003 seconds, Stopping threads took: 0.0004199 seconds
[2022-06-13T01:57:51.700+0000][1][safepoint    ] Application time: 1.0001408 seconds
[2022-06-13T01:57:51.700+0000][1][safepoint    ] Entering safepoint region: Cleanup
[2022-06-13T01:57:51.701+0000][1][safepoint    ] Leaving safepoint region
[2022-06-13T01:57:51.701+0000][1][safepoint    ] Total time for which application threads were stopped: 0.0004788 seconds, Stopping threads took: 0.0002022 seconds
[2022-06-13T01:57:52.701+0000][1][safepoint    ] Application time: 1.0001737 seconds
[2022-06-13T01:57:52.701+0000][1][safepoint    ] Entering safepoint region: Cleanup
[2022-06-13T01:57:52.702+0000][1][safepoint    ] Leaving safepoint region
[2022-06-13T01:57:52.702+0000][1][safepoint    ] Total time for which application threads were stopped: 0.0004435 seconds, Stopping threads took: 0.0001887 seconds
[2022-06-13T01:57:53.702+0000][1][safepoint    ] Application time: 1.0001173 seconds
[2022-06-13T01:57:53.702+0000][1][safepoint    ] Entering safepoint region: Cleanup
[2022-06-13T01:57:53.703+0000][1][safepoint    ] Leaving safepoint region
[2022-06-13T01:57:53.703+0000][1][safepoint    ] Total time for which application threads were stopped: 0.0004400 seconds, Stopping threads took: 0.0002015 seconds
[2022-06-13T01:57:54.703+0000][1][safepoint    ] Application time: 1.0001681 seconds
[2022-06-13T01:57:54.703+0000][1][safepoint    ] Entering safepoint region: Cleanup
[2022-06-13T01:57:54.704+0000][1][safepoint    ] Leaving safepoint region
[2022-06-13T01:57:54.704+0000][1][safepoint    ] Total time for which application threads were stopped: 0.0006681 seconds, Stopping threads took: 0.0003141 seconds
[2022-06-13T01:57:55.704+0000][1][safepoint    ] Application time: 1.0002183 seconds
[2022-06-13T01:57:55.705+0000][1][safepoint    ] Entering safepoint region: Cleanup
[2022-06-13T01:57:55.705+0000][1][safepoint    ] Leaving safepoint region
[2022-06-13T01:57:55.705+0000][1][safepoint    ] Total time for which application threads were stopped: 0.0005143 seconds, Stopping threads took: 0.0002455 seconds
[2022-06-13T01:57:56.706+0000][1][safepoint    ] Application time: 1.0002989 seconds
[2022-06-13T01:57:56.706+0000][1][safepoint    ] Entering safepoint region: Cleanup
[2022-06-13T01:57:56.707+0000][1][safepoint    ] Leaving safepoint region
[2022-06-13T01:57:56.707+0000][1][safepoint    ] Total time for which application threads were stopped: 0.0009206 seconds, Stopping threads took: 0.0004586 seconds
[2022-06-13T01:57:57.708+0000][1][safepoint    ] Application time: 1.0001198 seconds
[2022-06-13T01:57:57.708+0000][1][safepoint    ] Entering safepoint region: Cleanup
[2022-06-13T01:57:57.709+0000][1][safepoint    ] Leaving safepoint region
[2022-06-13T01:57:57.709+0000][1][safepoint    ] Total time for which application threads were stopped: 0.0008137 seconds, Stopping threads took: 0.0003934 seconds
[2022-06-13T01:57:58.709+0000][1][safepoint    ] Application time: 1.0001038 seconds
[2022-06-13T01:57:58.710+0000][1][safepoint    ] Entering safepoint region: Cleanup
[2022-06-13T01:57:58.710+0000][1][safepoint    ] Leaving safepoint region
[2022-06-13T01:57:58.710+0000][1][safepoint    ] Total time for which application threads were stopped: 0.0006252 seconds, Stopping threads took: 0.0003700 seconds
[2022-06-13T01:57:59.711+0000][1][safepoint    ] Application time: 1.0002409 seconds
[2022-06-13T01:57:59.711+0000][1][safepoint    ] Entering safepoint region: Cleanup
[2022-06-13T01:57:59.712+0000][1][safepoint    ] Leaving safepoint region
[2022-06-13T01:57:59.712+0000][1][safepoint    ] Total time for which application threads were stopped: 0.0009010 seconds, Stopping threads took: 0.0004172 seconds
[2022-06-13T01:58:00.713+0000][1][safepoint    ] Application time: 1.0002170 seconds
[2022-06-13T01:58:00.713+0000][1][safepoint    ] Entering safepoint region: Cleanup
[2022-06-13T01:58:00.714+0000][1][safepoint    ] Leaving safepoint region
[2022-06-13T01:58:00.714+0000][1][safepoint    ] Total time for which application threads were stopped: 0.0006308 seconds, Stopping threads took: 0.0002865 seconds
[2022-06-13T01:58:01.714+0000][1][safepoint    ] Application time: 1.0001107 seconds
[2022-06-13T01:58:01.715+0000][1][safepoint    ] Entering safepoint region: Cleanup
[2022-06-13T01:58:01.715+0000][1][safepoint    ] Leaving safepoint region
[2022-06-13T01:58:01.715+0000][1][safepoint    ] Total time for which application threads were stopped: 0.0006926 seconds, Stopping threads took: 0.0003299 seconds
[2022-06-13T01:58:02.716+0000][1][safepoint    ] Application time: 1.0001887 seconds
[2022-06-13T01:58:02.717+0000][1][safepoint    ] Entering safepoint region: Cleanup
[2022-06-13T01:58:02.717+0000][1][safepoint    ] Leaving safepoint region
[2022-06-13T01:58:02.717+0000][1][safepoint    ] Total time for which application threads were stopped: 0.0007058 seconds, Stopping threads took: 0.0002868 seconds
[2022-06-13T01:58:03.718+0000][1][safepoint    ] Application time: 1.0001844 seconds
[2022-06-13T01:58:03.718+0000][1][safepoint    ] Entering safepoint region: Cleanup
[2022-06-13T01:58:03.719+0000][1][safepoint    ] Leaving safepoint region
[2022-06-13T01:58:03.719+0000][1][safepoint    ] Total time for which application threads were stopped: 0.0007830 seconds, Stopping threads took: 0.0004487 seconds
[2022-06-13T01:58:04.720+0000][1][safepoint    ] Application time: 1.0002414 seconds
[2022-06-13T01:58:04.720+0000][1][safepoint    ] Entering safepoint region: Cleanup
[2022-06-13T01:58:04.720+0000][1][safepoint    ] Leaving safepoint region
[2022-06-13T01:58:04.720+0000][1][safepoint    ] Total time for which application threads were stopped: 0.0003831 seconds, Stopping threads took: 0.0001649 seconds
[2022-06-13T01:58:05.721+0000][1][safepoint    ] Application time: 1.0001973 seconds
[2022-06-13T01:58:05.721+0000][1][safepoint    ] Entering safepoint region: Cleanup
[2022-06-13T01:58:05.722+0000][1][safepoint    ] Leaving safepoint region
[2022-06-13T01:58:05.722+0000][1][safepoint    ] Total time for which application threads were stopped: 0.0005571 seconds, Stopping threads took: 0.0002455 seconds
[2022-06-13T01:58:06.722+0000][1][safepoint    ] Application time: 1.0001817 seconds
[2022-06-13T01:58:06.723+0000][1][safepoint    ] Entering safepoint region: Cleanup
[2022-06-13T01:58:06.724+0000][1][safepoint    ] Leaving safepoint region
[2022-06-13T01:58:06.724+0000][1][safepoint    ] Total time for which application threads were stopped: 0.0011138 seconds, Stopping threads took: 0.0004694 seconds
[2022-06-13T01:58:07.725+0000][1][safepoint    ] Application time: 1.0001880 seconds
[2022-06-13T01:58:07.725+0000][1][safepoint    ] Entering safepoint region: Cleanup
[2022-06-13T01:58:07.726+0000][1][safepoint    ] Leaving safepoint region
[2022-06-13T01:58:07.726+0000][1][safepoint    ] Total time for which application threads were stopped: 0.0006499 seconds, Stopping threads took: 0.0002919 seconds
[2022-06-13T01:58:08.726+0000][1][safepoint    ] Application time: 1.0002235 seconds
[2022-06-13T01:58:08.727+0000][1][safepoint    ] Entering safepoint region: Cleanup
[2022-06-13T01:58:08.727+0000][1][safepoint    ] Leaving safepoint region
[2022-06-13T01:58:08.727+0000][1][safepoint    ] Total time for which application threads were stopped: 0.0006685 seconds, Stopping threads took: 0.0003121 seconds
[2022-06-13T01:58:09.728+0000][1][safepoint    ] Application time: 1.0001888 seconds
[2022-06-13T01:58:09.728+0000][1][safepoint    ] Entering safepoint region: Cleanup
[2022-06-13T01:58:09.729+0000][1][safepoint    ] Leaving safepoint region
[2022-06-13T01:58:09.729+0000][1][safepoint    ] Total time for which application threads were stopped: 0.0008862 seconds, Stopping threads took: 0.0004163 seconds
[2022-06-13T01:58:10.730+0000][1][safepoint    ] Application time: 1.0001371 seconds
[2022-06-13T01:58:10.730+0000][1][safepoint    ] Entering safepoint region: Cleanup
[2022-06-13T01:58:10.731+0000][1][safepoint    ] Leaving safepoint region
[2022-06-13T01:58:10.731+0000][1][safepoint    ] Total time for which application threads were stopped: 0.0009297 seconds, Stopping threads took: 0.0004138 seconds
[2022-06-13T01:58:11.732+0000][1][safepoint    ] Application time: 1.0001218 seconds
[2022-06-13T01:58:11.733+0000][1][safepoint    ] Entering safepoint region: Cleanup
[2022-06-13T01:58:11.733+0000][1][safepoint    ] Leaving safepoint region
[2022-06-13T01:58:11.734+0000][1][safepoint    ] Total time for which application threads were stopped: 0.0011070 seconds, Stopping threads took: 0.0005281 seconds
[2022-06-13T01:58:12.734+0000][1][safepoint    ] Application time: 1.0002128 seconds
[2022-06-13T01:58:12.735+0000][1][safepoint    ] Entering safepoint region: Cleanup
[2022-06-13T01:58:12.735+0000][1][safepoint    ] Leaving safepoint region
[2022-06-13T01:58:12.736+0000][1][safepoint    ] Total time for which application threads were stopped: 0.0009407 seconds, Stopping threads took: 0.0005361 seconds
[2022-06-13T01:58:13.736+0000][1][safepoint    ] Application time: 1.0001678 seconds
[2022-06-13T01:58:13.737+0000][1][safepoint    ] Entering safepoint region: Cleanup
[2022-06-13T01:58:13.737+0000][1][safepoint    ] Leaving safepoint region
[2022-06-13T01:58:13.738+0000][1][safepoint    ] Total time for which application threads were stopped: 0.0008954 seconds, Stopping threads took: 0.0003683 seconds
[2022-06-13T01:58:14.738+0000][1][safepoint    ] Application time: 1.0001816 seconds
[2022-06-13T01:58:14.739+0000][1][safepoint    ] Entering safepoint region: Cleanup
[2022-06-13T01:58:14.739+0000][1][safepoint    ] Leaving safepoint region
[2022-06-13T01:58:14.739+0000][1][safepoint    ] Total time for which application threads were stopped: 0.0005375 seconds, Stopping threads took: 0.0002770 seconds
[2022-06-13T01:58:15.739+0000][1][safepoint    ] Application time: 1.0001598 seconds
[2022-06-13T01:58:15.740+0000][1][safepoint    ] Entering safepoint region: Cleanup
[2022-06-13T01:58:15.740+0000][1][safepoint    ] Leaving safepoint region
[2022-06-13T01:58:15.740+0000][1][safepoint    ] Total time for which application threads were stopped: 0.0005894 seconds, Stopping threads took: 0.0003365 seconds
[2022-06-13T01:58:16.741+0000][1][safepoint    ] Application time: 1.0001922 seconds
[2022-06-13T01:58:16.741+0000][1][safepoint    ] Entering safepoint region: Cleanup
[2022-06-13T01:58:16.742+0000][1][safepoint    ] Leaving safepoint region
[2022-06-13T01:58:16.742+0000][1][safepoint    ] Total time for which application threads were stopped: 0.0009657 seconds, Stopping threads took: 0.0004667 seconds
[2022-06-13T01:58:16.860+0000][1][safepoint    ] Application time: 0.1176089 seconds
[2022-06-13T01:58:16.861+0000][1][safepoint    ] Entering safepoint region: GenCollectForAllocation
[2022-06-13T01:58:16.861+0000][1][gc,start     ] GC(24) Pause Young (Allocation Failure)
[2022-06-13T01:58:16.862+0000][1][gc,task      ] GC(24) Using 5 workers of 13 for evacuation
[2022-06-13T01:58:16.864+0000][1][gc,age       ] GC(24) Desired survivor size 4456448 bytes, new threshold 6 (max threshold 6)
[2022-06-13T01:58:16.865+0000][1][gc,age       ] GC(24) Age table with threshold 6 (max threshold 6)
[2022-06-13T01:58:16.865+0000][1][gc,age       ] GC(24) - age   1:      30240 bytes,      30240 total
[2022-06-13T01:58:16.866+0000][1][gc,age       ] GC(24) - age   2:      64328 bytes,      94568 total
[2022-06-13T01:58:16.866+0000][1][gc,age       ] GC(24) - age   3:    1278424 bytes,    1372992 total
[2022-06-13T01:58:16.866+0000][1][gc,heap      ] GC(24) ParNew: 74881K->2203K(78656K)
[2022-06-13T01:58:16.867+0000][1][gc,heap      ] GC(24) CMS: 68052K->68052K(174784K)
[2022-06-13T01:58:16.867+0000][1][gc,metaspace ] GC(24) Metaspace: 65187K->65187K(1110016K)
[2022-06-13T01:58:16.867+0000][1][gc           ] GC(24) Pause Young (Allocation Failure) 139M->68M(247M) 5.928ms
[2022-06-13T01:58:16.868+0000][1][gc,cpu       ] GC(24) User=0.01s Sys=0.00s Real=0.00s
[2022-06-13T01:58:16.868+0000][1][safepoint    ] Leaving safepoint region
[2022-06-13T01:58:16.868+0000][1][safepoint    ] Total time for which application threads were stopped: 0.0075483 seconds, Stopping threads took: 0.0005177 seconds
[2022-06-13T01:58:17.869+0000][1][safepoint    ] Application time: 1.0002334 seconds
[2022-06-13T01:58:17.869+0000][1][safepoint    ] Entering safepoint region: Cleanup
[2022-06-13T01:58:17.870+0000][1][safepoint    ] Leaving safepoint region
[2022-06-13T01:58:17.870+0000][1][safepoint    ] Total time for which application threads were stopped: 0.0007853 seconds, Stopping threads took: 0.0003107 seconds
[2022-06-13T01:58:18.871+0000][1][safepoint    ] Application time: 1.0001866 seconds
[2022-06-13T01:58:18.871+0000][1][safepoint    ] Entering safepoint region: Cleanup
[2022-06-13T01:58:18.872+0000][1][safepoint    ] Leaving safepoint region
[2022-06-13T01:58:18.872+0000][1][safepoint    ] Total time for which application threads were stopped: 0.0008409 seconds, Stopping threads took: 0.0003214 seconds
[2022-06-13T01:58:19.872+0000][1][safepoint    ] Application time: 1.0000995 seconds
[2022-06-13T01:58:19.873+0000][1][safepoint    ] Entering safepoint region: Cleanup
[2022-06-13T01:58:19.873+0000][1][safepoint    ] Leaving safepoint region
[2022-06-13T01:58:19.873+0000][1][safepoint    ] Total time for which application threads were stopped: 0.0005618 seconds, Stopping threads took: 0.0002492 seconds
[2022-06-13T01:58:20.873+0000][1][safepoint    ] Application time: 1.0001026 seconds
[2022-06-13T01:58:20.874+0000][1][safepoint    ] Entering safepoint region: Cleanup
[2022-06-13T01:58:20.874+0000][1][safepoint    ] Leaving safepoint region
[2022-06-13T01:58:20.874+0000][1][safepoint    ] Total time for which application threads were stopped: 0.0004596 seconds, Stopping threads took: 0.0002687 seconds
[2022-06-13T01:58:21.875+0000][1][safepoint    ] Application time: 1.0001387 seconds
[2022-06-13T01:58:21.875+0000][1][safepoint    ] Entering safepoint region: Cleanup
[2022-06-13T01:58:21.876+0000][1][safepoint    ] Leaving safepoint region
[2022-06-13T01:58:21.876+0000][1][safepoint    ] Total time for which application threads were stopped: 0.0007701 seconds, Stopping threads took: 0.0004021 seconds
[2022-06-13T01:58:22.876+0000][1][safepoint    ] Application time: 1.0001040 seconds
[2022-06-13T01:58:22.877+0000][1][safepoint    ] Entering safepoint region: Cleanup
[2022-06-13T01:58:22.877+0000][1][safepoint    ] Leaving safepoint region
[2022-06-13T01:58:22.877+0000][1][safepoint    ] Total time for which application threads were stopped: 0.0006634 seconds, Stopping threads took: 0.0004613 seconds
[2022-06-13T01:58:23.878+0000][1][safepoint    ] Application time: 1.0001470 seconds
[2022-06-13T01:58:23.878+0000][1][safepoint    ] Entering safepoint region: Cleanup
[2022-06-13T01:58:23.878+0000][1][safepoint    ] Leaving safepoint region
[2022-06-13T01:58:23.879+0000][1][safepoint    ] Total time for which application threads were stopped: 0.0008520 seconds, Stopping threads took: 0.0004149 seconds
[2022-06-13T01:58:24.879+0000][1][safepoint    ] Application time: 1.0001306 seconds
[2022-06-13T01:58:24.880+0000][1][safepoint    ] Entering safepoint region: Cleanup
[2022-06-13T01:58:24.880+0000][1][safepoint    ] Leaving safepoint region
[2022-06-13T01:58:24.880+0000][1][safepoint    ] Total time for which application threads were stopped: 0.0006354 seconds, Stopping threads took: 0.0001894 seconds
[2022-06-13T01:58:25.881+0000][1][safepoint    ] Application time: 1.0001670 seconds
[2022-06-13T01:58:25.882+0000][1][safepoint    ] Entering safepoint region: Cleanup
[2022-06-13T01:58:25.883+0000][1][safepoint    ] Leaving safepoint region
[2022-06-13T01:58:25.883+0000][1][safepoint    ] Total time for which application threads were stopped: 0.0015290 seconds, Stopping threads took: 0.0008828 seconds
[2022-06-13T01:58:26.884+0000][1][safepoint    ] Application time: 1.0002416 seconds
[2022-06-13T01:58:26.884+0000][1][safepoint    ] Entering safepoint region: Cleanup
[2022-06-13T01:58:26.884+0000][1][safepoint    ] Leaving safepoint region
[2022-06-13T01:58:26.885+0000][1][safepoint    ] Total time for which application threads were stopped: 0.0004496 seconds, Stopping threads took: 0.0002150 seconds
[2022-06-13T01:58:27.885+0000][1][safepoint    ] Application time: 1.0001283 seconds
[2022-06-13T01:58:27.885+0000][1][safepoint    ] Entering safepoint region: Cleanup
[2022-06-13T01:58:27.886+0000][1][safepoint    ] Leaving safepoint region
[2022-06-13T01:58:27.886+0000][1][safepoint    ] Total time for which application threads were stopped: 0.0007888 seconds, Stopping threads took: 0.0002906 seconds
[2022-06-13T01:58:28.887+0000][1][safepoint    ] Application time: 1.0002868 seconds
[2022-06-13T01:58:28.887+0000][1][safepoint    ] Entering safepoint region: Cleanup
[2022-06-13T01:58:28.888+0000][1][safepoint    ] Leaving safepoint region
[2022-06-13T01:58:28.888+0000][1][safepoint    ] Total time for which application threads were stopped: 0.0008659 seconds, Stopping threads took: 0.0003772 seconds
[2022-06-13T01:58:29.888+0000][1][safepoint    ] Application time: 1.0000975 seconds
[2022-06-13T01:58:29.889+0000][1][safepoint    ] Entering safepoint region: Cleanup
[2022-06-13T01:58:29.889+0000][1][safepoint    ] Leaving safepoint region
[2022-06-13T01:58:29.889+0000][1][safepoint    ] Total time for which application threads were stopped: 0.0006869 seconds, Stopping threads took: 0.0002762 seconds
[2022-06-13T01:58:30.890+0000][1][safepoint    ] Application time: 1.0002166 seconds
[2022-06-13T01:58:30.890+0000][1][safepoint    ] Entering safepoint region: Cleanup
[2022-06-13T01:58:30.891+0000][1][safepoint    ] Leaving safepoint region
[2022-06-13T01:58:30.891+0000][1][safepoint    ] Total time for which application threads were stopped: 0.0006171 seconds, Stopping threads took: 0.0003470 seconds
[2022-06-13T01:58:31.891+0000][1][safepoint    ] Application time: 1.0001840 seconds
[2022-06-13T01:58:31.892+0000][1][safepoint    ] Entering safepoint region: Cleanup
[2022-06-13T01:58:31.892+0000][1][safepoint    ] Leaving safepoint region
[2022-06-13T01:58:31.892+0000][1][safepoint    ] Total time for which application threads were stopped: 0.0004629 seconds, Stopping threads took: 0.0001940 seconds
[2022-06-13T01:58:32.893+0000][1][safepoint    ] Application time: 1.0001244 seconds
[2022-06-13T01:58:32.893+0000][1][safepoint    ] Entering safepoint region: Cleanup
[2022-06-13T01:58:32.893+0000][1][safepoint    ] Leaving safepoint region
[2022-06-13T01:58:32.893+0000][1][safepoint    ] Total time for which application threads were stopped: 0.0005352 seconds, Stopping threads took: 0.0002299 seconds
[2022-06-13T01:58:33.894+0000][1][safepoint    ] Application time: 1.0001898 seconds
[2022-06-13T01:58:33.894+0000][1][safepoint    ] Entering safepoint region: Cleanup
[2022-06-13T01:58:33.895+0000][1][safepoint    ] Leaving safepoint region
[2022-06-13T01:58:33.895+0000][1][safepoint    ] Total time for which application threads were stopped: 0.0011512 seconds, Stopping threads took: 0.0005803 seconds
[2022-06-13T01:58:34.896+0000][1][safepoint    ] Application time: 1.0001758 seconds
[2022-06-13T01:58:34.896+0000][1][safepoint    ] Entering safepoint region: Cleanup
[2022-06-13T01:58:34.897+0000][1][safepoint    ] Leaving safepoint region
[2022-06-13T01:58:34.897+0000][1][safepoint    ] Total time for which application threads were stopped: 0.0008634 seconds, Stopping threads took: 0.0004069 seconds
[2022-06-13T01:58:35.898+0000][1][safepoint    ] Application time: 1.0002396 seconds
[2022-06-13T01:58:35.899+0000][1][safepoint    ] Entering safepoint region: Cleanup
[2022-06-13T01:58:35.899+0000][1][safepoint    ] Leaving safepoint region
[2022-06-13T01:58:35.900+0000][1][safepoint    ] Total time for which application threads were stopped: 0.0011278 seconds, Stopping threads took: 0.0005200 seconds
[2022-06-13T01:58:36.900+0000][1][safepoint    ] Application time: 1.0001146 seconds
[2022-06-13T01:58:36.901+0000][1][safepoint    ] Entering safepoint region: Cleanup
[2022-06-13T01:58:36.902+0000][1][safepoint    ] Leaving safepoint region
[2022-06-13T01:58:36.902+0000][1][safepoint    ] Total time for which application threads were stopped: 0.0009066 seconds, Stopping threads took: 0.0004670 seconds
[2022-06-13T01:58:37.903+0000][1][safepoint    ] Application time: 1.0002850 seconds
[2022-06-13T01:58:37.903+0000][1][safepoint    ] Entering safepoint region: Cleanup
[2022-06-13T01:58:37.903+0000][1][safepoint    ] Leaving safepoint region
[2022-06-13T01:58:37.904+0000][1][safepoint    ] Total time for which application threads were stopped: 0.0009561 seconds, Stopping threads took: 0.0004264 seconds
[2022-06-13T01:58:38.904+0000][1][safepoint    ] Application time: 1.0001859 seconds
[2022-06-13T01:58:38.905+0000][1][safepoint    ] Entering safepoint region: Cleanup
[2022-06-13T01:58:38.906+0000][1][safepoint    ] Leaving safepoint region
[2022-06-13T01:58:38.906+0000][1][safepoint    ] Total time for which application threads were stopped: 0.0010441 seconds, Stopping threads took: 0.0005049 seconds
[2022-06-13T01:58:39.907+0000][1][safepoint    ] Application time: 1.0002126 seconds
[2022-06-13T01:58:39.908+0000][1][safepoint    ] Entering safepoint region: Cleanup
[2022-06-13T01:58:39.908+0000][1][safepoint    ] Leaving safepoint region
[2022-06-13T01:58:39.909+0000][1][safepoint    ] Total time for which application threads were stopped: 0.0010406 seconds, Stopping threads took: 0.0004694 seconds
[2022-06-13T01:58:40.909+0000][1][safepoint    ] Application time: 1.0002511 seconds
[2022-06-13T01:58:40.910+0000][1][safepoint    ] Entering safepoint region: Cleanup
[2022-06-13T01:58:40.910+0000][1][safepoint    ] Leaving safepoint region
[2022-06-13T01:58:40.910+0000][1][safepoint    ] Total time for which application threads were stopped: 0.0006370 seconds, Stopping threads took: 0.0002558 seconds
[2022-06-13T01:58:41.911+0000][1][safepoint    ] Application time: 1.0001239 seconds
[2022-06-13T01:58:41.911+0000][1][safepoint    ] Entering safepoint region: Cleanup
[2022-06-13T01:58:41.912+0000][1][safepoint    ] Leaving safepoint region
[2022-06-13T01:58:41.912+0000][1][safepoint    ] Total time for which application threads were stopped: 0.0006927 seconds, Stopping threads took: 0.0002167 seconds
[2022-06-13T01:58:42.913+0000][1][safepoint    ] Application time: 1.0002361 seconds
[2022-06-13T01:58:42.913+0000][1][safepoint    ] Entering safepoint region: Cleanup
[2022-06-13T01:58:42.914+0000][1][safepoint    ] Leaving safepoint region
[2022-06-13T01:58:42.914+0000][1][safepoint    ] Total time for which application threads were stopped: 0.0008395 seconds, Stopping threads took: 0.0004008 seconds
[2022-06-13T01:58:43.915+0000][1][safepoint    ] Application time: 1.0001768 seconds
[2022-06-13T01:58:43.915+0000][1][safepoint    ] Entering safepoint region: Cleanup
[2022-06-13T01:58:43.916+0000][1][safepoint    ] Leaving safepoint region
[2022-06-13T01:58:43.916+0000][1][safepoint    ] Total time for which application threads were stopped: 0.0008375 seconds, Stopping threads took: 0.0004343 seconds
[2022-06-13T01:58:44.917+0000][1][safepoint    ] Application time: 1.0002281 seconds
[2022-06-13T01:58:44.917+0000][1][safepoint    ] Entering safepoint region: Cleanup
[2022-06-13T01:58:44.918+0000][1][safepoint    ] Leaving safepoint region
[2022-06-13T01:58:44.918+0000][1][safepoint    ] Total time for which application threads were stopped: 0.0006704 seconds, Stopping threads took: 0.0003559 seconds
[2022-06-13T01:58:45.918+0000][1][safepoint    ] Application time: 1.0001947 seconds
[2022-06-13T01:58:45.919+0000][1][safepoint    ] Entering safepoint region: Cleanup
[2022-06-13T01:58:45.920+0000][1][safepoint    ] Leaving safepoint region
[2022-06-13T01:58:45.921+0000][1][safepoint    ] Total time for which application threads were stopped: 0.0014850 seconds, Stopping threads took: 0.0007293 seconds
[2022-06-13T01:58:46.921+0000][1][safepoint    ] Application time: 1.0002161 seconds
[2022-06-13T01:58:46.922+0000][1][safepoint    ] Entering safepoint region: Cleanup
[2022-06-13T01:58:46.922+0000][1][safepoint    ] Leaving safepoint region
[2022-06-13T01:58:46.923+0000][1][safepoint    ] Total time for which application threads were stopped: 0.0008106 seconds, Stopping threads took: 0.0004030 seconds
[2022-06-13T01:58:47.923+0000][1][safepoint    ] Application time: 1.0003449 seconds
[2022-06-13T01:58:47.924+0000][1][safepoint    ] Entering safepoint region: Cleanup
[2022-06-13T01:58:47.924+0000][1][safepoint    ] Leaving safepoint region
[2022-06-13T01:58:47.925+0000][1][safepoint    ] Total time for which application threads were stopped: 0.0007840 seconds, Stopping threads took: 0.0003711 seconds
[2022-06-13T01:58:48.925+0000][1][safepoint    ] Application time: 1.0002247 seconds
[2022-06-13T01:58:48.926+0000][1][safepoint    ] Entering safepoint region: Cleanup
[2022-06-13T01:58:48.926+0000][1][safepoint    ] Leaving safepoint region
[2022-06-13T01:58:48.926+0000][1][safepoint    ] Total time for which application threads were stopped: 0.0005972 seconds, Stopping threads took: 0.0002376 seconds
[2022-06-13T01:58:49.927+0000][1][safepoint    ] Application time: 1.0003278 seconds
[2022-06-13T01:58:49.928+0000][1][safepoint    ] Entering safepoint region: Cleanup
[2022-06-13T01:58:49.928+0000][1][safepoint    ] Leaving safepoint region
[2022-06-13T01:58:49.929+0000][1][safepoint    ] Total time for which application threads were stopped: 0.0009512 seconds, Stopping threads took: 0.0004052 seconds
[2022-06-13T01:58:50.929+0000][1][safepoint    ] Application time: 1.0001570 seconds
[2022-06-13T01:58:50.930+0000][1][safepoint    ] Entering safepoint region: Cleanup
[2022-06-13T01:58:50.930+0000][1][safepoint    ] Leaving safepoint region
[2022-06-13T01:58:50.930+0000][1][safepoint    ] Total time for which application threads were stopped: 0.0005911 seconds, Stopping threads took: 0.0002556 seconds
[2022-06-13T01:58:51.930+0000][1][safepoint    ] Application time: 1.0001600 seconds
[2022-06-13T01:58:51.931+0000][1][safepoint    ] Entering safepoint region: Cleanup
[2022-06-13T01:58:51.932+0000][1][safepoint    ] Leaving safepoint region
[2022-06-13T01:58:51.932+0000][1][safepoint    ] Total time for which application threads were stopped: 0.0005211 seconds, Stopping threads took: 0.0002694 seconds
[2022-06-13T01:58:52.932+0000][1][safepoint    ] Application time: 1.0002039 seconds
[2022-06-13T01:58:52.933+0000][1][safepoint    ] Entering safepoint region: Cleanup
[2022-06-13T01:58:52.933+0000][1][safepoint    ] Leaving safepoint region
[2022-06-13T01:58:52.934+0000][1][safepoint    ] Total time for which application threads were stopped: 0.0008846 seconds, Stopping threads took: 0.0003978 seconds
[2022-06-13T01:58:53.934+0000][1][safepoint    ] Application time: 1.0002916 seconds
[2022-06-13T01:58:53.935+0000][1][safepoint    ] Entering safepoint region: Cleanup
[2022-06-13T01:58:53.935+0000][1][safepoint    ] Leaving safepoint region
[2022-06-13T01:58:53.936+0000][1][safepoint    ] Total time for which application threads were stopped: 0.0007993 seconds, Stopping threads took: 0.0003306 seconds
[2022-06-13T01:58:54.937+0000][1][safepoint    ] Application time: 1.0003288 seconds
[2022-06-13T01:58:54.937+0000][1][safepoint    ] Entering safepoint region: Cleanup
[2022-06-13T01:58:54.938+0000][1][safepoint    ] Leaving safepoint region
[2022-06-13T01:58:54.938+0000][1][safepoint    ] Total time for which application threads were stopped: 0.0010507 seconds, Stopping threads took: 0.0004431 seconds
[2022-06-13T01:58:55.939+0000][1][safepoint    ] Application time: 1.0002692 seconds
[2022-06-13T01:58:55.940+0000][1][safepoint    ] Entering safepoint region: Cleanup
[2022-06-13T01:58:55.940+0000][1][safepoint    ] Leaving safepoint region
[2022-06-13T01:58:55.941+0000][1][safepoint    ] Total time for which application threads were stopped: 0.0008517 seconds, Stopping threads took: 0.0004149 seconds
[2022-06-13T01:58:56.941+0000][1][safepoint    ] Application time: 1.0002928 seconds
[2022-06-13T01:58:56.942+0000][1][safepoint    ] Entering safepoint region: Cleanup
[2022-06-13T01:58:56.943+0000][1][safepoint    ] Leaving safepoint region
[2022-06-13T01:58:56.943+0000][1][safepoint    ] Total time for which application threads were stopped: 0.0012338 seconds, Stopping threads took: 0.0005988 seconds
[2022-06-13T01:58:57.944+0000][1][safepoint    ] Application time: 1.0001398 seconds
[2022-06-13T01:58:57.944+0000][1][safepoint    ] Entering safepoint region: Cleanup
[2022-06-13T01:58:57.945+0000][1][safepoint    ] Leaving safepoint region
[2022-06-13T01:58:57.946+0000][1][safepoint    ] Total time for which application threads were stopped: 0.0013029 seconds, Stopping threads took: 0.0005501 seconds
[2022-06-13T01:58:58.946+0000][1][safepoint    ] Application time: 1.0002573 seconds
[2022-06-13T01:58:58.947+0000][1][safepoint    ] Entering safepoint region: Cleanup
[2022-06-13T01:58:58.948+0000][1][safepoint    ] Leaving safepoint region
[2022-06-13T01:58:58.948+0000][1][safepoint    ] Total time for which application threads were stopped: 0.0010187 seconds, Stopping threads took: 0.0004376 seconds
[2022-06-13T01:58:59.949+0000][1][safepoint    ] Application time: 1.0002397 seconds
[2022-06-13T01:58:59.949+0000][1][safepoint    ] Entering safepoint region: Cleanup
[2022-06-13T01:58:59.950+0000][1][safepoint    ] Leaving safepoint region
[2022-06-13T01:58:59.950+0000][1][safepoint    ] Total time for which application threads were stopped: 0.0010264 seconds, Stopping threads took: 0.0004669 seconds
[2022-06-13T01:59:00.951+0000][1][safepoint    ] Application time: 1.0001514 seconds
[2022-06-13T01:59:00.952+0000][1][safepoint    ] Entering safepoint region: Cleanup
[2022-06-13T01:59:00.952+0000][1][safepoint    ] Leaving safepoint region
[2022-06-13T01:59:00.952+0000][1][safepoint    ] Total time for which application threads were stopped: 0.0008813 seconds, Stopping threads took: 0.0004216 seconds
[2022-06-13T01:59:01.953+0000][1][safepoint    ] Application time: 1.0002907 seconds
[2022-06-13T01:59:01.954+0000][1][safepoint    ] Entering safepoint region: Cleanup
[2022-06-13T01:59:01.955+0000][1][safepoint    ] Leaving safepoint region
[2022-06-13T01:59:01.955+0000][1][safepoint    ] Total time for which application threads were stopped: 0.0014522 seconds, Stopping threads took: 0.0006431 seconds
[2022-06-13T01:59:02.956+0000][1][safepoint    ] Application time: 1.0001555 seconds
[2022-06-13T01:59:02.956+0000][1][safepoint    ] Entering safepoint region: Cleanup
[2022-06-13T01:59:02.957+0000][1][safepoint    ] Leaving safepoint region
[2022-06-13T01:59:02.957+0000][1][safepoint    ] Total time for which application threads were stopped: 0.0005799 seconds, Stopping threads took: 0.0002455 seconds
[2022-06-13T01:59:03.957+0000][1][safepoint    ] Application time: 1.0003141 seconds
[2022-06-13T01:59:03.958+0000][1][safepoint    ] Entering safepoint region: Cleanup
[2022-06-13T01:59:03.959+0000][1][safepoint    ] Leaving safepoint region
[2022-06-13T01:59:03.959+0000][1][safepoint    ] Total time for which application threads were stopped: 0.0011681 seconds, Stopping threads took: 0.0005382 seconds
[2022-06-13T01:59:04.960+0000][1][safepoint    ] Application time: 1.0001774 seconds
[2022-06-13T01:59:04.961+0000][1][safepoint    ] Entering safepoint region: Cleanup
[2022-06-13T01:59:04.962+0000][1][safepoint    ] Leaving safepoint region
[2022-06-13T01:59:04.962+0000][1][safepoint    ] Total time for which application threads were stopped: 0.0016650 seconds, Stopping threads took: 0.0008999 seconds
[2022-06-13T01:59:05.963+0000][1][safepoint    ] Application time: 1.0001357 seconds
[2022-06-13T01:59:05.964+0000][1][safepoint    ] Entering safepoint region: Cleanup
[2022-06-13T01:59:05.964+0000][1][safepoint    ] Leaving safepoint region
[2022-06-13T01:59:05.965+0000][1][safepoint    ] Total time for which application threads were stopped: 0.0010405 seconds, Stopping threads took: 0.0005604 seconds
[2022-06-13T01:59:06.965+0000][1][safepoint    ] Application time: 1.0001979 seconds
[2022-06-13T01:59:06.966+0000][1][safepoint    ] Entering safepoint region: Cleanup
[2022-06-13T01:59:06.967+0000][1][safepoint    ] Leaving safepoint region
[2022-06-13T01:59:06.967+0000][1][safepoint    ] Total time for which application threads were stopped: 0.0012891 seconds, Stopping threads took: 0.0005431 seconds
[2022-06-13T01:59:07.968+0000][1][safepoint    ] Application time: 1.0002071 seconds
[2022-06-13T01:59:07.968+0000][1][safepoint    ] Entering safepoint region: Cleanup
[2022-06-13T01:59:07.969+0000][1][safepoint    ] Leaving safepoint region
[2022-06-13T01:59:07.969+0000][1][safepoint    ] Total time for which application threads were stopped: 0.0008649 seconds, Stopping threads took: 0.0003474 seconds
[2022-06-13T01:59:08.970+0000][1][safepoint    ] Application time: 1.0002165 seconds
[2022-06-13T01:59:08.971+0000][1][safepoint    ] Entering safepoint region: Cleanup
[2022-06-13T01:59:08.971+0000][1][safepoint    ] Leaving safepoint region
[2022-06-13T01:59:08.972+0000][1][safepoint    ] Total time for which application threads were stopped: 0.0013953 seconds, Stopping threads took: 0.0006888 seconds
[2022-06-13T01:59:09.973+0000][1][safepoint    ] Application time: 1.0002772 seconds
[2022-06-13T01:59:09.974+0000][1][safepoint    ] Entering safepoint region: Cleanup
[2022-06-13T01:59:09.975+0000][1][safepoint    ] Leaving safepoint region
[2022-06-13T01:59:09.975+0000][1][safepoint    ] Total time for which application threads were stopped: 0.0014350 seconds, Stopping threads took: 0.0006604 seconds
[2022-06-13T01:59:10.976+0000][1][safepoint    ] Application time: 1.0002225 seconds
[2022-06-13T01:59:10.977+0000][1][safepoint    ] Entering safepoint region: Cleanup
[2022-06-13T01:59:10.977+0000][1][safepoint    ] Leaving safepoint region
[2022-06-13T01:59:10.978+0000][1][safepoint    ] Total time for which application threads were stopped: 0.0007783 seconds, Stopping threads took: 0.0003325 seconds
[2022-06-13T01:59:11.978+0000][1][safepoint    ] Application time: 1.0002260 seconds
[2022-06-13T01:59:11.979+0000][1][safepoint    ] Entering safepoint region: Cleanup
[2022-06-13T01:59:11.979+0000][1][safepoint    ] Leaving safepoint region
[2022-06-13T01:59:11.980+0000][1][safepoint    ] Total time for which application threads were stopped: 0.0008690 seconds, Stopping threads took: 0.0005161 seconds
[2022-06-13T01:59:12.980+0000][1][safepoint    ] Application time: 1.0003421 seconds
[2022-06-13T01:59:12.981+0000][1][safepoint    ] Entering safepoint region: Cleanup
[2022-06-13T01:59:12.981+0000][1][safepoint    ] Leaving safepoint region
[2022-06-13T01:59:12.982+0000][1][safepoint    ] Total time for which application threads were stopped: 0.0009161 seconds, Stopping threads took: 0.0003641 seconds
[2022-06-13T01:59:13.982+0000][1][safepoint    ] Application time: 1.0002763 seconds
[2022-06-13T01:59:13.983+0000][1][safepoint    ] Entering safepoint region: Cleanup
[2022-06-13T01:59:13.984+0000][1][safepoint    ] Leaving safepoint region
[2022-06-13T01:59:13.984+0000][1][safepoint    ] Total time for which application threads were stopped: 0.0012725 seconds, Stopping threads took: 0.0005879 seconds
[2022-06-13T01:59:14.985+0000][1][safepoint    ] Application time: 1.0003171 seconds
[2022-06-13T01:59:14.986+0000][1][safepoint    ] Entering safepoint region: Cleanup
[2022-06-13T01:59:14.986+0000][1][safepoint    ] Leaving safepoint region
[2022-06-13T01:59:14.986+0000][1][safepoint    ] Total time for which application threads were stopped: 0.0009016 seconds, Stopping threads took: 0.0003381 seconds
[2022-06-13T01:59:15.987+0000][1][safepoint    ] Application time: 1.0003291 seconds
[2022-06-13T01:59:15.988+0000][1][safepoint    ] Entering safepoint region: Cleanup
[2022-06-13T01:59:15.989+0000][1][safepoint    ] Leaving safepoint region
[2022-06-13T01:59:15.989+0000][1][safepoint    ] Total time for which application threads were stopped: 0.0012043 seconds, Stopping threads took: 0.0004999 seconds
[2022-06-13T01:59:16.990+0000][1][safepoint    ] Application time: 1.0002139 seconds
[2022-06-13T01:59:16.990+0000][1][safepoint    ] Entering safepoint region: Cleanup
[2022-06-13T01:59:16.991+0000][1][safepoint    ] Leaving safepoint region
[2022-06-13T01:59:16.991+0000][1][safepoint    ] Total time for which application threads were stopped: 0.0010287 seconds, Stopping threads took: 0.0004361 seconds
[2022-06-13T01:59:17.992+0000][1][safepoint    ] Application time: 1.0002095 seconds
[2022-06-13T01:59:17.993+0000][1][safepoint    ] Entering safepoint region: Cleanup
[2022-06-13T01:59:17.993+0000][1][safepoint    ] Leaving safepoint region
[2022-06-13T01:59:17.994+0000][1][safepoint    ] Total time for which application threads were stopped: 0.0010654 seconds, Stopping threads took: 0.0004653 seconds
[2022-06-13T01:59:18.994+0000][1][safepoint    ] Application time: 1.0001943 seconds
[2022-06-13T01:59:18.995+0000][1][safepoint    ] Entering safepoint region: Cleanup
[2022-06-13T01:59:18.995+0000][1][safepoint    ] Leaving safepoint region
[2022-06-13T01:59:18.996+0000][1][safepoint    ] Total time for which application threads were stopped: 0.0010704 seconds, Stopping threads took: 0.0004562 seconds
[2022-06-13T01:59:19.997+0000][1][safepoint    ] Application time: 1.0002455 seconds
[2022-06-13T01:59:19.997+0000][1][safepoint    ] Entering safepoint region: Cleanup
[2022-06-13T01:59:19.998+0000][1][safepoint    ] Leaving safepoint region
[2022-06-13T01:59:19.998+0000][1][safepoint    ] Total time for which application threads were stopped: 0.0008260 seconds, Stopping threads took: 0.0003432 seconds
[2022-06-13T01:59:20.999+0000][1][safepoint    ] Application time: 1.0001950 seconds
[2022-06-13T01:59:20.999+0000][1][safepoint    ] Entering safepoint region: Cleanup
[2022-06-13T01:59:21.000+0000][1][safepoint    ] Leaving safepoint region
[2022-06-13T01:59:21.000+0000][1][safepoint    ] Total time for which application threads were stopped: 0.0010730 seconds, Stopping threads took: 0.0004927 seconds
[2022-06-13T01:59:22.001+0000][1][safepoint    ] Application time: 1.0001560 seconds
[2022-06-13T01:59:22.001+0000][1][safepoint    ] Entering safepoint region: Cleanup
[2022-06-13T01:59:22.002+0000][1][safepoint    ] Leaving safepoint region
[2022-06-13T01:59:22.002+0000][1][safepoint    ] Total time for which application threads were stopped: 0.0006629 seconds, Stopping threads took: 0.0003132 seconds
[2022-06-13T01:59:23.002+0000][1][safepoint    ] Application time: 1.0002048 seconds
[2022-06-13T01:59:23.003+0000][1][safepoint    ] Entering safepoint region: Cleanup
[2022-06-13T01:59:23.004+0000][1][safepoint    ] Leaving safepoint region
[2022-06-13T01:59:23.004+0000][1][safepoint    ] Total time for which application threads were stopped: 0.0009298 seconds, Stopping threads took: 0.0004422 seconds
[2022-06-13T01:59:24.005+0000][1][safepoint    ] Application time: 1.0002399 seconds
[2022-06-13T01:59:24.005+0000][1][safepoint    ] Entering safepoint region: Cleanup
[2022-06-13T01:59:24.006+0000][1][safepoint    ] Leaving safepoint region
[2022-06-13T01:59:24.006+0000][1][safepoint    ] Total time for which application threads were stopped: 0.0009248 seconds, Stopping threads took: 0.0003907 seconds
[2022-06-13T01:59:25.007+0000][1][safepoint    ] Application time: 1.0001830 seconds
[2022-06-13T01:59:25.007+0000][1][safepoint    ] Entering safepoint region: Cleanup
[2022-06-13T01:59:25.008+0000][1][safepoint    ] Leaving safepoint region
[2022-06-13T01:59:25.009+0000][1][safepoint    ] Total time for which application threads were stopped: 0.0011505 seconds, Stopping threads took: 0.0006362 seconds
[2022-06-13T01:59:26.009+0000][1][safepoint    ] Application time: 1.0001897 seconds
[2022-06-13T01:59:26.010+0000][1][safepoint    ] Entering safepoint region: Cleanup
[2022-06-13T01:59:26.010+0000][1][safepoint    ] Leaving safepoint region
[2022-06-13T01:59:26.010+0000][1][safepoint    ] Total time for which application threads were stopped: 0.0005795 seconds, Stopping threads took: 0.0002742 seconds
[2022-06-13T01:59:27.011+0000][1][safepoint    ] Application time: 1.0003404 seconds
[2022-06-13T01:59:27.012+0000][1][safepoint    ] Entering safepoint region: Cleanup
[2022-06-13T01:59:27.012+0000][1][safepoint    ] Leaving safepoint region
[2022-06-13T01:59:27.012+0000][1][safepoint    ] Total time for which application threads were stopped: 0.0008832 seconds, Stopping threads took: 0.0004406 seconds
[2022-06-13T01:59:28.013+0000][1][safepoint    ] Application time: 1.0003018 seconds
[2022-06-13T01:59:28.014+0000][1][safepoint    ] Entering safepoint region: Cleanup
[2022-06-13T01:59:28.014+0000][1][safepoint    ] Leaving safepoint region
[2022-06-13T01:59:28.014+0000][1][safepoint    ] Total time for which application threads were stopped: 0.0005825 seconds, Stopping threads took: 0.0002656 seconds
[2022-06-13T01:59:29.015+0000][1][safepoint    ] Application time: 1.0002284 seconds
[2022-06-13T01:59:29.015+0000][1][safepoint    ] Entering safepoint region: Cleanup
[2022-06-13T01:59:29.015+0000][1][safepoint    ] Leaving safepoint region
[2022-06-13T01:59:29.016+0000][1][safepoint    ] Total time for which application threads were stopped: 0.0007684 seconds, Stopping threads took: 0.0002755 seconds
[2022-06-13T01:59:30.016+0000][1][safepoint    ] Application time: 1.0001447 seconds
[2022-06-13T01:59:30.017+0000][1][safepoint    ] Entering safepoint region: Cleanup
[2022-06-13T01:59:30.018+0000][1][safepoint    ] Leaving safepoint region
[2022-06-13T01:59:30.018+0000][1][safepoint    ] Total time for which application threads were stopped: 0.0012970 seconds, Stopping threads took: 0.0006672 seconds
[2022-06-13T01:59:31.019+0000][1][safepoint    ] Application time: 1.0002961 seconds
[2022-06-13T01:59:31.019+0000][1][safepoint    ] Entering safepoint region: Cleanup
[2022-06-13T01:59:31.020+0000][1][safepoint    ] Leaving safepoint region
[2022-06-13T01:59:31.020+0000][1][safepoint    ] Total time for which application threads were stopped: 0.0008532 seconds, Stopping threads took: 0.0003647 seconds
[2022-06-13T01:59:32.020+0000][1][safepoint    ] Application time: 1.0002023 seconds
[2022-06-13T01:59:32.021+0000][1][safepoint    ] Entering safepoint region: Cleanup
[2022-06-13T01:59:32.021+0000][1][safepoint    ] Leaving safepoint region
[2022-06-13T01:59:32.021+0000][1][safepoint    ] Total time for which application threads were stopped: 0.0005017 seconds, Stopping threads took: 0.0002429 seconds
[2022-06-13T01:59:33.022+0000][1][safepoint    ] Application time: 1.0001996 seconds
[2022-06-13T01:59:33.022+0000][1][safepoint    ] Entering safepoint region: Cleanup
[2022-06-13T01:59:33.023+0000][1][safepoint    ] Leaving safepoint region
[2022-06-13T01:59:33.023+0000][1][safepoint    ] Total time for which application threads were stopped: 0.0006416 seconds, Stopping threads took: 0.0002901 seconds
[2022-06-13T01:59:34.023+0000][1][safepoint    ] Application time: 1.0001242 seconds
[2022-06-13T01:59:34.023+0000][1][safepoint    ] Entering safepoint region: Cleanup
[2022-06-13T01:59:34.024+0000][1][safepoint    ] Leaving safepoint region
[2022-06-13T01:59:34.024+0000][1][safepoint    ] Total time for which application threads were stopped: 0.0004923 seconds, Stopping threads took: 0.0001612 seconds
[2022-06-13T01:59:35.024+0000][1][safepoint    ] Application time: 1.0002673 seconds
[2022-06-13T01:59:35.025+0000][1][safepoint    ] Entering safepoint region: Cleanup
[2022-06-13T01:59:35.025+0000][1][safepoint    ] Leaving safepoint region
[2022-06-13T01:59:35.026+0000][1][safepoint    ] Total time for which application threads were stopped: 0.0007865 seconds, Stopping threads took: 0.0003527 seconds
[2022-06-13T01:59:36.026+0000][1][safepoint    ] Application time: 1.0002295 seconds
[2022-06-13T01:59:36.027+0000][1][safepoint    ] Entering safepoint region: Cleanup
[2022-06-13T01:59:36.027+0000][1][safepoint    ] Leaving safepoint region
[2022-06-13T01:59:36.028+0000][1][safepoint    ] Total time for which application threads were stopped: 0.0009505 seconds, Stopping threads took: 0.0004067 seconds
[2022-06-13T01:59:37.028+0000][1][safepoint    ] Application time: 1.0001246 seconds
[2022-06-13T01:59:37.029+0000][1][safepoint    ] Entering safepoint region: Cleanup
[2022-06-13T01:59:37.029+0000][1][safepoint    ] Leaving safepoint region
[2022-06-13T01:59:37.029+0000][1][safepoint    ] Total time for which application threads were stopped: 0.0005414 seconds, Stopping threads took: 0.0002505 seconds
[2022-06-13T01:59:38.029+0000][1][safepoint    ] Application time: 1.0001537 seconds
[2022-06-13T01:59:38.030+0000][1][safepoint    ] Entering safepoint region: Cleanup
[2022-06-13T01:59:38.030+0000][1][safepoint    ] Leaving safepoint region
[2022-06-13T01:59:38.030+0000][1][safepoint    ] Total time for which application threads were stopped: 0.0005224 seconds, Stopping threads took: 0.0002123 seconds
[2022-06-13T01:59:39.031+0000][1][safepoint    ] Application time: 1.0002393 seconds
[2022-06-13T01:59:39.031+0000][1][safepoint    ] Entering safepoint region: Cleanup
[2022-06-13T01:59:39.031+0000][1][safepoint    ] Leaving safepoint region
[2022-06-13T01:59:39.032+0000][1][safepoint    ] Total time for which application threads were stopped: 0.0007420 seconds, Stopping threads took: 0.0003025 seconds
[2022-06-13T01:59:40.032+0000][1][safepoint    ] Application time: 1.0002213 seconds
[2022-06-13T01:59:40.033+0000][1][safepoint    ] Entering safepoint region: Cleanup
[2022-06-13T01:59:40.034+0000][1][safepoint    ] Leaving safepoint region
[2022-06-13T01:59:40.034+0000][1][safepoint    ] Total time for which application threads were stopped: 0.0012977 seconds, Stopping threads took: 0.0005709 seconds
[2022-06-13T01:59:41.035+0000][1][safepoint    ] Application time: 1.0001242 seconds
[2022-06-13T01:59:41.035+0000][1][safepoint    ] Entering safepoint region: Cleanup
[2022-06-13T01:59:41.035+0000][1][safepoint    ] Leaving safepoint region
[2022-06-13T01:59:41.035+0000][1][safepoint    ] Total time for which application threads were stopped: 0.0004480 seconds, Stopping threads took: 0.0001806 seconds
[2022-06-13T01:59:42.036+0000][1][safepoint    ] Application time: 1.0001003 seconds
[2022-06-13T01:59:42.036+0000][1][safepoint    ] Entering safepoint region: Cleanup
[2022-06-13T01:59:42.036+0000][1][safepoint    ] Leaving safepoint region
[2022-06-13T01:59:42.037+0000][1][safepoint    ] Total time for which application threads were stopped: 0.0007572 seconds, Stopping threads took: 0.0003305 seconds
[2022-06-13T01:59:43.037+0000][1][safepoint    ] Application time: 1.0001181 seconds
[2022-06-13T01:59:43.038+0000][1][safepoint    ] Entering safepoint region: Cleanup
[2022-06-13T01:59:43.038+0000][1][safepoint    ] Leaving safepoint region
[2022-06-13T01:59:43.038+0000][1][safepoint    ] Total time for which application threads were stopped: 0.0005782 seconds, Stopping threads took: 0.0002084 seconds
[2022-06-13T01:59:44.039+0000][1][safepoint    ] Application time: 1.0001843 seconds
[2022-06-13T01:59:44.039+0000][1][safepoint    ] Entering safepoint region: Cleanup
[2022-06-13T01:59:44.040+0000][1][safepoint    ] Leaving safepoint region
[2022-06-13T01:59:44.040+0000][1][safepoint    ] Total time for which application threads were stopped: 0.0013539 seconds, Stopping threads took: 0.0005807 seconds
[2022-06-13T01:59:45.041+0000][1][safepoint    ] Application time: 1.0001236 seconds
[2022-06-13T01:59:45.042+0000][1][safepoint    ] Entering safepoint region: Cleanup
[2022-06-13T01:59:45.042+0000][1][safepoint    ] Leaving safepoint region
[2022-06-13T01:59:45.042+0000][1][safepoint    ] Total time for which application threads were stopped: 0.0003531 seconds, Stopping threads took: 0.0001541 seconds
[2022-06-13T01:59:46.042+0000][1][safepoint    ] Application time: 1.0001573 seconds
[2022-06-13T01:59:46.043+0000][1][safepoint    ] Entering safepoint region: Cleanup
[2022-06-13T01:59:46.044+0000][1][safepoint    ] Leaving safepoint region
[2022-06-13T01:59:46.044+0000][1][safepoint    ] Total time for which application threads were stopped: 0.0014346 seconds, Stopping threads took: 0.0006753 seconds
[2022-06-13T01:59:47.045+0000][1][safepoint    ] Application time: 1.0002737 seconds
[2022-06-13T01:59:47.046+0000][1][safepoint    ] Entering safepoint region: Cleanup
[2022-06-13T01:59:47.047+0000][1][safepoint    ] Leaving safepoint region
[2022-06-13T01:59:47.047+0000][1][safepoint    ] Total time for which application threads were stopped: 0.0014996 seconds, Stopping threads took: 0.0006757 seconds
[2022-06-13T01:59:48.048+0000][1][safepoint    ] Application time: 1.0002054 seconds
[2022-06-13T01:59:48.049+0000][1][safepoint    ] Entering safepoint region: Cleanup
[2022-06-13T01:59:48.049+0000][1][safepoint    ] Leaving safepoint region
[2022-06-13T01:59:48.050+0000][1][safepoint    ] Total time for which application threads were stopped: 0.0008768 seconds, Stopping threads took: 0.0003745 seconds
[2022-06-13T01:59:49.051+0000][1][safepoint    ] Application time: 1.0004551 seconds
[2022-06-13T01:59:49.051+0000][1][safepoint    ] Entering safepoint region: Cleanup
[2022-06-13T01:59:49.051+0000][1][safepoint    ] Leaving safepoint region
[2022-06-13T01:59:49.052+0000][1][safepoint    ] Total time for which application threads were stopped: 0.0006302 seconds, Stopping threads took: 0.0002016 seconds
[2022-06-13T01:59:50.052+0000][1][safepoint    ] Application time: 1.0002294 seconds
[2022-06-13T01:59:50.053+0000][1][safepoint    ] Entering safepoint region: Cleanup
[2022-06-13T01:59:50.053+0000][1][safepoint    ] Leaving safepoint region
[2022-06-13T01:59:50.054+0000][1][safepoint    ] Total time for which application threads were stopped: 0.0009366 seconds, Stopping threads took: 0.0003370 seconds
[2022-06-13T01:59:51.054+0000][1][safepoint    ] Application time: 1.0001248 seconds
[2022-06-13T01:59:51.055+0000][1][safepoint    ] Entering safepoint region: Cleanup
[2022-06-13T01:59:51.055+0000][1][safepoint    ] Leaving safepoint region
[2022-06-13T01:59:51.055+0000][1][safepoint    ] Total time for which application threads were stopped: 0.0007258 seconds, Stopping threads took: 0.0002705 seconds
[2022-06-13T01:59:52.056+0000][1][safepoint    ] Application time: 1.0002521 seconds
[2022-06-13T01:59:52.056+0000][1][safepoint    ] Entering safepoint region: Cleanup
[2022-06-13T01:59:52.056+0000][1][safepoint    ] Leaving safepoint region
[2022-06-13T01:59:52.057+0000][1][safepoint    ] Total time for which application threads were stopped: 0.0005948 seconds, Stopping threads took: 0.0002725 seconds
[2022-06-13T01:59:53.057+0000][1][safepoint    ] Application time: 1.0001221 seconds
[2022-06-13T01:59:53.057+0000][1][safepoint    ] Entering safepoint region: Cleanup
[2022-06-13T01:59:53.058+0000][1][safepoint    ] Leaving safepoint region
[2022-06-13T01:59:53.058+0000][1][safepoint    ] Total time for which application threads were stopped: 0.0003803 seconds, Stopping threads took: 0.0001632 seconds
[2022-06-13T01:59:54.058+0000][1][safepoint    ] Application time: 1.0002636 seconds
[2022-06-13T01:59:54.059+0000][1][safepoint    ] Entering safepoint region: Cleanup
[2022-06-13T01:59:54.059+0000][1][safepoint    ] Leaving safepoint region
[2022-06-13T01:59:54.059+0000][1][safepoint    ] Total time for which application threads were stopped: 0.0005513 seconds, Stopping threads took: 0.0002350 seconds
[2022-06-13T01:59:55.059+0000][1][safepoint    ] Application time: 1.0001256 seconds
[2022-06-13T01:59:55.060+0000][1][safepoint    ] Entering safepoint region: Cleanup
[2022-06-13T01:59:55.060+0000][1][safepoint    ] Leaving safepoint region
[2022-06-13T01:59:55.060+0000][1][safepoint    ] Total time for which application threads were stopped: 0.0003800 seconds, Stopping threads took: 0.0001737 seconds
[2022-06-13T01:59:56.060+0000][1][safepoint    ] Application time: 1.0001937 seconds
[2022-06-13T01:59:56.061+0000][1][safepoint    ] Entering safepoint region: Cleanup
[2022-06-13T01:59:56.061+0000][1][safepoint    ] Leaving safepoint region
[2022-06-13T01:59:56.062+0000][1][safepoint    ] Total time for which application threads were stopped: 0.0009523 seconds, Stopping threads took: 0.0004927 seconds
[2022-06-13T01:59:57.062+0000][1][safepoint    ] Application time: 1.0001931 seconds
[2022-06-13T01:59:57.063+0000][1][safepoint    ] Entering safepoint region: Cleanup
[2022-06-13T01:59:57.063+0000][1][safepoint    ] Leaving safepoint region
[2022-06-13T01:59:57.063+0000][1][safepoint    ] Total time for which application threads were stopped: 0.0004921 seconds, Stopping threads took: 0.0002278 seconds
[2022-06-13T01:59:58.064+0000][1][safepoint    ] Application time: 1.0001893 seconds
[2022-06-13T01:59:58.064+0000][1][safepoint    ] Entering safepoint region: Cleanup
[2022-06-13T01:59:58.065+0000][1][safepoint    ] Leaving safepoint region
[2022-06-13T01:59:58.065+0000][1][safepoint    ] Total time for which application threads were stopped: 0.0009138 seconds, Stopping threads took: 0.0004840 seconds
[2022-06-13T01:59:59.065+0000][1][safepoint    ] Application time: 1.0001386 seconds
[2022-06-13T01:59:59.066+0000][1][safepoint    ] Entering safepoint region: Cleanup
[2022-06-13T01:59:59.066+0000][1][safepoint    ] Leaving safepoint region
[2022-06-13T01:59:59.066+0000][1][safepoint    ] Total time for which application threads were stopped: 0.0006098 seconds, Stopping threads took: 0.0003710 seconds
[2022-06-13T02:00:00.067+0000][1][safepoint    ] Application time: 1.0001458 seconds
[2022-06-13T02:00:00.067+0000][1][safepoint    ] Entering safepoint region: Cleanup
[2022-06-13T02:00:00.068+0000][1][safepoint    ] Leaving safepoint region
[2022-06-13T02:00:00.068+0000][1][safepoint    ] Total time for which application threads were stopped: 0.0010260 seconds, Stopping threads took: 0.0004082 seconds
[2022-06-13T02:00:01.069+0000][1][safepoint    ] Application time: 1.0001964 seconds
[2022-06-13T02:00:01.069+0000][1][safepoint    ] Entering safepoint region: Cleanup
[2022-06-13T02:00:01.070+0000][1][safepoint    ] Leaving safepoint region
[2022-06-13T02:00:01.070+0000][1][safepoint    ] Total time for which application threads were stopped: 0.0008066 seconds, Stopping threads took: 0.0003822 seconds
[2022-06-13T02:00:02.071+0000][1][safepoint    ] Application time: 1.0001965 seconds
[2022-06-13T02:00:02.071+0000][1][safepoint    ] Entering safepoint region: Cleanup
[2022-06-13T02:00:02.072+0000][1][safepoint    ] Leaving safepoint region
[2022-06-13T02:00:02.072+0000][1][safepoint    ] Total time for which application threads were stopped: 0.0007609 seconds, Stopping threads took: 0.0002401 seconds
[2022-06-13T02:00:03.073+0000][1][safepoint    ] Application time: 1.0001934 seconds
[2022-06-13T02:00:03.073+0000][1][safepoint    ] Entering safepoint region: Cleanup
[2022-06-13T02:00:03.074+0000][1][safepoint    ] Leaving safepoint region
[2022-06-13T02:00:03.074+0000][1][safepoint    ] Total time for which application threads were stopped: 0.0009893 seconds, Stopping threads took: 0.0004830 seconds
[2022-06-13T02:00:04.075+0000][1][safepoint    ] Application time: 1.0002157 seconds
[2022-06-13T02:00:04.075+0000][1][safepoint    ] Entering safepoint region: Cleanup
[2022-06-13T02:00:04.076+0000][1][safepoint    ] Leaving safepoint region
[2022-06-13T02:00:04.076+0000][1][safepoint    ] Total time for which application threads were stopped: 0.0008819 seconds, Stopping threads took: 0.0004056 seconds
[2022-06-13T02:00:05.077+0000][1][safepoint    ] Application time: 1.0002789 seconds
[2022-06-13T02:00:05.077+0000][1][safepoint    ] Entering safepoint region: Cleanup
[2022-06-13T02:00:05.078+0000][1][safepoint    ] Leaving safepoint region
[2022-06-13T02:00:05.078+0000][1][safepoint    ] Total time for which application threads were stopped: 0.0009355 seconds, Stopping threads took: 0.0003840 seconds
[2022-06-13T02:00:06.079+0000][1][safepoint    ] Application time: 1.0001639 seconds
[2022-06-13T02:00:06.079+0000][1][safepoint    ] Entering safepoint region: Cleanup
[2022-06-13T02:00:06.080+0000][1][safepoint    ] Leaving safepoint region
[2022-06-13T02:00:06.080+0000][1][safepoint    ] Total time for which application threads were stopped: 0.0009840 seconds, Stopping threads took: 0.0004834 seconds
[2022-06-13T02:00:07.081+0000][1][safepoint    ] Application time: 1.0001832 seconds
[2022-06-13T02:00:07.082+0000][1][safepoint    ] Entering safepoint region: Cleanup
[2022-06-13T02:00:07.082+0000][1][safepoint    ] Leaving safepoint region
[2022-06-13T02:00:07.083+0000][1][safepoint    ] Total time for which application threads were stopped: 0.0012161 seconds, Stopping threads took: 0.0005542 seconds
[2022-06-13T02:00:08.084+0000][1][safepoint    ] Application time: 1.0001647 seconds
[2022-06-13T02:00:08.084+0000][1][safepoint    ] Entering safepoint region: Cleanup
[2022-06-13T02:00:08.085+0000][1][safepoint    ] Leaving safepoint region
[2022-06-13T02:00:08.085+0000][1][safepoint    ] Total time for which application threads were stopped: 0.0008838 seconds, Stopping threads took: 0.0004129 seconds
[2022-06-13T02:00:09.086+0000][1][safepoint    ] Application time: 1.0002565 seconds
[2022-06-13T02:00:09.086+0000][1][safepoint    ] Entering safepoint region: Cleanup
[2022-06-13T02:00:09.087+0000][1][safepoint    ] Leaving safepoint region
[2022-06-13T02:00:09.087+0000][1][safepoint    ] Total time for which application threads were stopped: 0.0009854 seconds, Stopping threads took: 0.0004534 seconds
[2022-06-13T02:00:10.088+0000][1][safepoint    ] Application time: 1.0002325 seconds
[2022-06-13T02:00:10.089+0000][1][safepoint    ] Entering safepoint region: Cleanup
[2022-06-13T02:00:10.089+0000][1][safepoint    ] Leaving safepoint region
[2022-06-13T02:00:10.090+0000][1][safepoint    ] Total time for which application threads were stopped: 0.0010593 seconds, Stopping threads took: 0.0002373 seconds
[2022-06-13T02:00:11.090+0000][1][safepoint    ] Application time: 1.0001524 seconds
[2022-06-13T02:00:11.091+0000][1][safepoint    ] Entering safepoint region: Cleanup
[2022-06-13T02:00:11.091+0000][1][safepoint    ] Leaving safepoint region
[2022-06-13T02:00:11.092+0000][1][safepoint    ] Total time for which application threads were stopped: 0.0011553 seconds, Stopping threads took: 0.0006003 seconds
[2022-06-13T02:00:12.093+0000][1][safepoint    ] Application time: 1.0003609 seconds
[2022-06-13T02:00:12.093+0000][1][safepoint    ] Entering safepoint region: Cleanup
[2022-06-13T02:00:12.094+0000][1][safepoint    ] Leaving safepoint region
[2022-06-13T02:00:12.095+0000][1][safepoint    ] Total time for which application threads were stopped: 0.0012667 seconds, Stopping threads took: 0.0006497 seconds
[2022-06-13T02:00:13.096+0000][1][safepoint    ] Application time: 1.0003843 seconds
[2022-06-13T02:00:13.096+0000][1][safepoint    ] Entering safepoint region: Cleanup
[2022-06-13T02:00:13.097+0000][1][safepoint    ] Leaving safepoint region
[2022-06-13T02:00:13.097+0000][1][safepoint    ] Total time for which application threads were stopped: 0.0008290 seconds, Stopping threads took: 0.0003840 seconds
[2022-06-13T02:00:14.098+0000][1][safepoint    ] Application time: 1.0002067 seconds
[2022-06-13T02:00:14.098+0000][1][safepoint    ] Entering safepoint region: Cleanup
[2022-06-13T02:00:14.099+0000][1][safepoint    ] Leaving safepoint region
[2022-06-13T02:00:14.099+0000][1][safepoint    ] Total time for which application threads were stopped: 0.0009306 seconds, Stopping threads took: 0.0003963 seconds
[2022-06-13T02:00:15.100+0000][1][safepoint    ] Application time: 1.0002244 seconds
[2022-06-13T02:00:15.100+0000][1][safepoint    ] Entering safepoint region: Cleanup
[2022-06-13T02:00:15.101+0000][1][safepoint    ] Leaving safepoint region
[2022-06-13T02:00:15.101+0000][1][safepoint    ] Total time for which application threads were stopped: 0.0005479 seconds, Stopping threads took: 0.0003091 seconds
[2022-06-13T02:00:16.101+0000][1][safepoint    ] Application time: 1.0003390 seconds
[2022-06-13T02:00:16.102+0000][1][safepoint    ] Entering safepoint region: Cleanup
[2022-06-13T02:00:16.103+0000][1][safepoint    ] Leaving safepoint region
[2022-06-13T02:00:16.103+0000][1][safepoint    ] Total time for which application threads were stopped: 0.0014195 seconds, Stopping threads took: 0.0006922 seconds
[2022-06-13T02:00:17.104+0000][1][safepoint    ] Application time: 1.0001857 seconds
[2022-06-13T02:00:17.105+0000][1][safepoint    ] Entering safepoint region: Cleanup
[2022-06-13T02:00:17.105+0000][1][safepoint    ] Leaving safepoint region
[2022-06-13T02:00:17.106+0000][1][safepoint    ] Total time for which application threads were stopped: 0.0009094 seconds, Stopping threads took: 0.0003880 seconds
[2022-06-13T02:00:18.106+0000][1][safepoint    ] Application time: 1.0002312 seconds
[2022-06-13T02:00:18.106+0000][1][safepoint    ] Entering safepoint region: Cleanup
[2022-06-13T02:00:18.107+0000][1][safepoint    ] Leaving safepoint region
[2022-06-13T02:00:18.107+0000][1][safepoint    ] Total time for which application threads were stopped: 0.0009500 seconds, Stopping threads took: 0.0004285 seconds
[2022-06-13T02:00:19.108+0000][1][safepoint    ] Application time: 1.0001073 seconds
[2022-06-13T02:00:19.108+0000][1][safepoint    ] Entering safepoint region: Cleanup
[2022-06-13T02:00:19.109+0000][1][safepoint    ] Leaving safepoint region
[2022-06-13T02:00:19.109+0000][1][safepoint    ] Total time for which application threads were stopped: 0.0009689 seconds, Stopping threads took: 0.0004236 seconds
[2022-06-13T02:00:20.110+0000][1][safepoint    ] Application time: 1.0001841 seconds
[2022-06-13T02:00:20.110+0000][1][safepoint    ] Entering safepoint region: Cleanup
[2022-06-13T02:00:20.110+0000][1][safepoint    ] Leaving safepoint region
[2022-06-13T02:00:20.110+0000][1][safepoint    ] Total time for which application threads were stopped: 0.0003511 seconds, Stopping threads took: 0.0001752 seconds
[2022-06-13T02:00:21.111+0000][1][safepoint    ] Application time: 1.0002332 seconds
[2022-06-13T02:00:21.111+0000][1][safepoint    ] Entering safepoint region: Cleanup
[2022-06-13T02:00:21.112+0000][1][safepoint    ] Leaving safepoint region
[2022-06-13T02:00:21.112+0000][1][safepoint    ] Total time for which application threads were stopped: 0.0006288 seconds, Stopping threads took: 0.0003498 seconds
[2022-06-13T02:00:22.113+0000][1][safepoint    ] Application time: 1.0002036 seconds
[2022-06-13T02:00:22.113+0000][1][safepoint    ] Entering safepoint region: Cleanup
[2022-06-13T02:00:22.114+0000][1][safepoint    ] Leaving safepoint region
[2022-06-13T02:00:22.114+0000][1][safepoint    ] Total time for which application threads were stopped: 0.0009434 seconds, Stopping threads took: 0.0004205 seconds
[2022-06-13T02:00:23.115+0000][1][safepoint    ] Application time: 1.0004014 seconds
[2022-06-13T02:00:23.116+0000][1][safepoint    ] Entering safepoint region: Cleanup
[2022-06-13T02:00:23.117+0000][1][safepoint    ] Leaving safepoint region
[2022-06-13T02:00:23.117+0000][1][safepoint    ] Total time for which application threads were stopped: 0.0015319 seconds, Stopping threads took: 0.0007567 seconds
[2022-06-13T02:00:24.118+0000][1][safepoint    ] Application time: 1.0003762 seconds
[2022-06-13T02:00:24.119+0000][1][safepoint    ] Entering safepoint region: Cleanup
[2022-06-13T02:00:24.120+0000][1][safepoint    ] Leaving safepoint region
[2022-06-13T02:00:24.120+0000][1][safepoint    ] Total time for which application threads were stopped: 0.0014163 seconds, Stopping threads took: 0.0006107 seconds
[2022-06-13T02:00:25.121+0000][1][safepoint    ] Application time: 1.0002872 seconds
[2022-06-13T02:00:25.122+0000][1][safepoint    ] Entering safepoint region: Cleanup
[2022-06-13T02:00:25.123+0000][1][safepoint    ] Leaving safepoint region
[2022-06-13T02:00:25.124+0000][1][safepoint    ] Total time for which application threads were stopped: 0.0015674 seconds, Stopping threads took: 0.0007188 seconds
[2022-06-13T02:00:26.124+0000][1][safepoint    ] Application time: 1.0002100 seconds
[2022-06-13T02:00:26.125+0000][1][safepoint    ] Entering safepoint region: Cleanup
[2022-06-13T02:00:26.125+0000][1][safepoint    ] Leaving safepoint region
[2022-06-13T02:00:26.126+0000][1][safepoint    ] Total time for which application threads were stopped: 0.0008084 seconds, Stopping threads took: 0.0003390 seconds
[2022-06-13T02:00:27.126+0000][1][safepoint    ] Application time: 1.0002510 seconds
[2022-06-13T02:00:27.127+0000][1][safepoint    ] Entering safepoint region: Cleanup
[2022-06-13T02:00:27.128+0000][1][safepoint    ] Leaving safepoint region
[2022-06-13T02:00:27.128+0000][1][safepoint    ] Total time for which application threads were stopped: 0.0010084 seconds, Stopping threads took: 0.0004965 seconds
[2022-06-13T02:00:28.129+0000][1][safepoint    ] Application time: 1.0002008 seconds
[2022-06-13T02:00:28.129+0000][1][safepoint    ] Entering safepoint region: Cleanup
[2022-06-13T02:00:28.130+0000][1][safepoint    ] Leaving safepoint region
[2022-06-13T02:00:28.131+0000][1][safepoint    ] Total time for which application threads were stopped: 0.0014765 seconds, Stopping threads took: 0.0006753 seconds
[2022-06-13T02:00:29.132+0000][1][safepoint    ] Application time: 1.0002295 seconds
[2022-06-13T02:00:29.132+0000][1][safepoint    ] Entering safepoint region: Cleanup
[2022-06-13T02:00:29.133+0000][1][safepoint    ] Leaving safepoint region
[2022-06-13T02:00:29.134+0000][1][safepoint    ] Total time for which application threads were stopped: 0.0015264 seconds, Stopping threads took: 0.0006272 seconds
[2022-06-13T02:00:30.135+0000][1][safepoint    ] Application time: 1.0002388 seconds
[2022-06-13T02:00:30.136+0000][1][safepoint    ] Entering safepoint region: Cleanup
[2022-06-13T02:00:30.136+0000][1][safepoint    ] Leaving safepoint region
[2022-06-13T02:00:30.136+0000][1][safepoint    ] Total time for which application threads were stopped: 0.0008544 seconds, Stopping threads took: 0.0003980 seconds
[2022-06-13T02:00:31.137+0000][1][safepoint    ] Application time: 1.0001729 seconds
[2022-06-13T02:00:31.137+0000][1][safepoint    ] Entering safepoint region: Cleanup
[2022-06-13T02:00:31.138+0000][1][safepoint    ] Leaving safepoint region
[2022-06-13T02:00:31.138+0000][1][safepoint    ] Total time for which application threads were stopped: 0.0006818 seconds, Stopping threads took: 0.0002352 seconds
[2022-06-13T02:00:32.139+0000][1][safepoint    ] Application time: 1.0002107 seconds
[2022-06-13T02:00:32.139+0000][1][safepoint    ] Entering safepoint region: Cleanup
[2022-06-13T02:00:32.140+0000][1][safepoint    ] Leaving safepoint region
[2022-06-13T02:00:32.141+0000][1][safepoint    ] Total time for which application threads were stopped: 0.0013216 seconds, Stopping threads took: 0.0006037 seconds
[2022-06-13T02:00:33.141+0000][1][safepoint    ] Application time: 1.0002041 seconds
[2022-06-13T02:00:33.142+0000][1][safepoint    ] Entering safepoint region: Cleanup
[2022-06-13T02:00:33.142+0000][1][safepoint    ] Leaving safepoint region
[2022-06-13T02:00:33.143+0000][1][safepoint    ] Total time for which application threads were stopped: 0.0008379 seconds, Stopping threads took: 0.0003915 seconds
[2022-06-13T02:00:34.143+0000][1][safepoint    ] Application time: 1.0001372 seconds
[2022-06-13T02:00:34.144+0000][1][safepoint    ] Entering safepoint region: Cleanup
[2022-06-13T02:00:34.144+0000][1][safepoint    ] Leaving safepoint region
[2022-06-13T02:00:34.145+0000][1][safepoint    ] Total time for which application threads were stopped: 0.0007382 seconds, Stopping threads took: 0.0003264 seconds
[2022-06-13T02:00:35.145+0000][1][safepoint    ] Application time: 1.0002123 seconds
[2022-06-13T02:00:35.146+0000][1][safepoint    ] Entering safepoint region: Cleanup
[2022-06-13T02:00:35.147+0000][1][safepoint    ] Leaving safepoint region
[2022-06-13T02:00:35.147+0000][1][safepoint    ] Total time for which application threads were stopped: 0.0014763 seconds, Stopping threads took: 0.0007439 seconds
[2022-06-13T02:00:36.148+0000][1][safepoint    ] Application time: 1.0002745 seconds
[2022-06-13T02:00:36.149+0000][1][safepoint    ] Entering safepoint region: Cleanup
[2022-06-13T02:00:36.149+0000][1][safepoint    ] Leaving safepoint region
[2022-06-13T02:00:36.149+0000][1][safepoint    ] Total time for which application threads were stopped: 0.0008205 seconds, Stopping threads took: 0.0002953 seconds
[2022-06-13T02:00:37.150+0000][1][safepoint    ] Application time: 1.0003403 seconds
[2022-06-13T02:00:37.151+0000][1][safepoint    ] Entering safepoint region: Cleanup
[2022-06-13T02:00:37.152+0000][1][safepoint    ] Leaving safepoint region
[2022-06-13T02:00:37.152+0000][1][safepoint    ] Total time for which application threads were stopped: 0.0013133 seconds, Stopping threads took: 0.0007448 seconds
[2022-06-13T02:00:38.153+0000][1][safepoint    ] Application time: 1.0002106 seconds
[2022-06-13T02:00:38.153+0000][1][safepoint    ] Entering safepoint region: Cleanup
[2022-06-13T02:00:38.154+0000][1][safepoint    ] Leaving safepoint region
[2022-06-13T02:00:38.154+0000][1][safepoint    ] Total time for which application threads were stopped: 0.0007995 seconds, Stopping threads took: 0.0003433 seconds
[2022-06-13T02:00:39.155+0000][1][safepoint    ] Application time: 1.0001038 seconds
[2022-06-13T02:00:39.155+0000][1][safepoint    ] Entering safepoint region: Cleanup
[2022-06-13T02:00:39.155+0000][1][safepoint    ] Leaving safepoint region
[2022-06-13T02:00:39.155+0000][1][safepoint    ] Total time for which application threads were stopped: 0.0005460 seconds, Stopping threads took: 0.0002237 seconds
[2022-06-13T02:00:40.156+0000][1][safepoint    ] Application time: 1.0001913 seconds
[2022-06-13T02:00:40.157+0000][1][safepoint    ] Entering safepoint region: Cleanup
[2022-06-13T02:00:40.157+0000][1][safepoint    ] Leaving safepoint region
[2022-06-13T02:00:40.157+0000][1][safepoint    ] Total time for which application threads were stopped: 0.0008234 seconds, Stopping threads took: 0.0003731 seconds
[2022-06-13T02:00:41.158+0000][1][safepoint    ] Application time: 1.0001490 seconds
[2022-06-13T02:00:41.159+0000][1][safepoint    ] Entering safepoint region: Cleanup
[2022-06-13T02:00:41.159+0000][1][safepoint    ] Leaving safepoint region
[2022-06-13T02:00:41.160+0000][1][safepoint    ] Total time for which application threads were stopped: 0.0012257 seconds, Stopping threads took: 0.0005345 seconds
[2022-06-13T02:00:42.161+0000][1][safepoint    ] Application time: 1.0001937 seconds
[2022-06-13T02:00:42.161+0000][1][safepoint    ] Entering safepoint region: Cleanup
[2022-06-13T02:00:42.162+0000][1][safepoint    ] Leaving safepoint region
[2022-06-13T02:00:42.162+0000][1][safepoint    ] Total time for which application threads were stopped: 0.0008874 seconds, Stopping threads took: 0.0004220 seconds
[2022-06-13T02:00:43.163+0000][1][safepoint    ] Application time: 1.0002231 seconds
[2022-06-13T02:00:43.163+0000][1][safepoint    ] Entering safepoint region: Cleanup
[2022-06-13T02:00:43.164+0000][1][safepoint    ] Leaving safepoint region
[2022-06-13T02:00:43.164+0000][1][safepoint    ] Total time for which application threads were stopped: 0.0011906 seconds, Stopping threads took: 0.0004405 seconds
[2022-06-13T02:00:44.165+0000][1][safepoint    ] Application time: 1.0002169 seconds
[2022-06-13T02:00:44.166+0000][1][safepoint    ] Entering safepoint region: Cleanup
[2022-06-13T02:00:44.166+0000][1][safepoint    ] Leaving safepoint region
[2022-06-13T02:00:44.166+0000][1][safepoint    ] Total time for which application threads were stopped: 0.0006062 seconds, Stopping threads took: 0.0002831 seconds
[2022-06-13T02:00:45.167+0000][1][safepoint    ] Application time: 1.0001915 seconds
[2022-06-13T02:00:45.167+0000][1][safepoint    ] Entering safepoint region: Cleanup
[2022-06-13T02:00:45.167+0000][1][safepoint    ] Leaving safepoint region
[2022-06-13T02:00:45.168+0000][1][safepoint    ] Total time for which application threads were stopped: 0.0008777 seconds, Stopping threads took: 0.0003858 seconds
[2022-06-13T02:00:46.168+0000][1][safepoint    ] Application time: 1.0001849 seconds
[2022-06-13T02:00:46.169+0000][1][safepoint    ] Entering safepoint region: Cleanup
[2022-06-13T02:00:46.169+0000][1][safepoint    ] Leaving safepoint region
[2022-06-13T02:00:46.169+0000][1][safepoint    ] Total time for which application threads were stopped: 0.0006094 seconds, Stopping threads took: 0.0002919 seconds
[2022-06-13T02:00:47.170+0000][1][safepoint    ] Application time: 1.0001214 seconds
[2022-06-13T02:00:47.170+0000][1][safepoint    ] Entering safepoint region: Cleanup
[2022-06-13T02:00:47.171+0000][1][safepoint    ] Leaving safepoint region
[2022-06-13T02:00:47.171+0000][1][safepoint    ] Total time for which application threads were stopped: 0.0007008 seconds, Stopping threads took: 0.0003005 seconds
[2022-06-13T02:00:48.171+0000][1][safepoint    ] Application time: 1.0001666 seconds
[2022-06-13T02:00:48.172+0000][1][safepoint    ] Entering safepoint region: Cleanup
[2022-06-13T02:00:48.172+0000][1][safepoint    ] Leaving safepoint region
[2022-06-13T02:00:48.172+0000][1][safepoint    ] Total time for which application threads were stopped: 0.0005479 seconds, Stopping threads took: 0.0002422 seconds
[2022-06-13T02:00:49.173+0000][1][safepoint    ] Application time: 1.0001914 seconds
[2022-06-13T02:00:49.173+0000][1][safepoint    ] Entering safepoint region: Cleanup
[2022-06-13T02:00:49.174+0000][1][safepoint    ] Leaving safepoint region
[2022-06-13T02:00:49.174+0000][1][safepoint    ] Total time for which application threads were stopped: 0.0007653 seconds, Stopping threads took: 0.0003932 seconds
[2022-06-13T02:00:49.750+0000][1][safepoint    ] Application time: 0.5757782 seconds
[2022-06-13T02:00:49.751+0000][1][safepoint    ] Entering safepoint region: GenCollectForAllocation
[2022-06-13T02:00:49.751+0000][1][gc,start     ] GC(25) Pause Young (Allocation Failure)
[2022-06-13T02:00:49.752+0000][1][gc,task      ] GC(25) Using 5 workers of 13 for evacuation
[2022-06-13T02:00:49.755+0000][1][gc,age       ] GC(25) Desired survivor size 4456448 bytes, new threshold 6 (max threshold 6)
[2022-06-13T02:00:49.756+0000][1][gc,age       ] GC(25) Age table with threshold 6 (max threshold 6)
[2022-06-13T02:00:49.756+0000][1][gc,age       ] GC(25) - age   1:      36944 bytes,      36944 total
[2022-06-13T02:00:49.757+0000][1][gc,age       ] GC(25) - age   2:      17288 bytes,      54232 total
[2022-06-13T02:00:49.757+0000][1][gc,age       ] GC(25) - age   3:      64328 bytes,     118560 total
[2022-06-13T02:00:49.758+0000][1][gc,age       ] GC(25) - age   4:    1277632 bytes,    1396192 total
[2022-06-13T02:00:49.758+0000][1][gc,heap      ] GC(25) ParNew: 72155K->1957K(78656K)
[2022-06-13T02:00:49.759+0000][1][gc,heap      ] GC(25) CMS: 68052K->68052K(174784K)
[2022-06-13T02:00:49.759+0000][1][gc,metaspace ] GC(25) Metaspace: 65223K->65223K(1110016K)
[2022-06-13T02:00:49.760+0000][1][gc           ] GC(25) Pause Young (Allocation Failure) 136M->68M(247M) 8.446ms
[2022-06-13T02:00:49.760+0000][1][gc,cpu       ] GC(25) User=0.02s Sys=0.00s Real=0.01s
[2022-06-13T02:00:49.761+0000][1][safepoint    ] Leaving safepoint region
[2022-06-13T02:00:49.761+0000][1][safepoint    ] Total time for which application threads were stopped: 0.0106023 seconds, Stopping threads took: 0.0005259 seconds
[2022-06-13T02:00:50.762+0000][1][safepoint    ] Application time: 1.0002361 seconds
[2022-06-13T02:00:50.763+0000][1][safepoint    ] Entering safepoint region: Cleanup
[2022-06-13T02:00:50.763+0000][1][safepoint    ] Leaving safepoint region
[2022-06-13T02:00:50.764+0000][1][safepoint    ] Total time for which application threads were stopped: 0.0009466 seconds, Stopping threads took: 0.0004467 seconds
[2022-06-13T02:00:51.764+0000][1][safepoint    ] Application time: 1.0002121 seconds
[2022-06-13T02:00:51.765+0000][1][safepoint    ] Entering safepoint region: Cleanup
[2022-06-13T02:00:51.765+0000][1][safepoint    ] Leaving safepoint region
[2022-06-13T02:00:51.766+0000][1][safepoint    ] Total time for which application threads were stopped: 0.0008411 seconds, Stopping threads took: 0.0003931 seconds
[2022-06-13T02:00:52.766+0000][1][safepoint    ] Application time: 1.0001665 seconds
[2022-06-13T02:00:52.766+0000][1][safepoint    ] Entering safepoint region: Cleanup
[2022-06-13T02:00:52.767+0000][1][safepoint    ] Leaving safepoint region
[2022-06-13T02:00:52.767+0000][1][safepoint    ] Total time for which application threads were stopped: 0.0005854 seconds, Stopping threads took: 0.0002349 seconds
[2022-06-13T02:00:53.767+0000][1][safepoint    ] Application time: 1.0001038 seconds
[2022-06-13T02:00:53.768+0000][1][safepoint    ] Entering safepoint region: Cleanup
[2022-06-13T02:00:53.768+0000][1][safepoint    ] Leaving safepoint region
[2022-06-13T02:00:53.768+0000][1][safepoint    ] Total time for which application threads were stopped: 0.0005495 seconds, Stopping threads took: 0.0002975 seconds
[2022-06-13T02:00:54.769+0000][1][safepoint    ] Application time: 1.0002540 seconds
[2022-06-13T02:00:54.770+0000][1][safepoint    ] Entering safepoint region: Cleanup
[2022-06-13T02:00:54.770+0000][1][safepoint    ] Leaving safepoint region
[2022-06-13T02:00:54.771+0000][1][safepoint    ] Total time for which application threads were stopped: 0.0011243 seconds, Stopping threads took: 0.0004899 seconds
[2022-06-13T02:00:55.771+0000][1][safepoint    ] Application time: 1.0001285 seconds
[2022-06-13T02:00:55.772+0000][1][safepoint    ] Entering safepoint region: Cleanup
[2022-06-13T02:00:55.772+0000][1][safepoint    ] Leaving safepoint region
[2022-06-13T02:00:55.772+0000][1][safepoint    ] Total time for which application threads were stopped: 0.0005853 seconds, Stopping threads took: 0.0003278 seconds
[2022-06-13T02:00:56.773+0000][1][safepoint    ] Application time: 1.0001860 seconds
[2022-06-13T02:00:56.773+0000][1][safepoint    ] Entering safepoint region: Cleanup
[2022-06-13T02:00:56.774+0000][1][safepoint    ] Leaving safepoint region
[2022-06-13T02:00:56.774+0000][1][safepoint    ] Total time for which application threads were stopped: 0.0007227 seconds, Stopping threads took: 0.0003484 seconds
[2022-06-13T02:00:57.774+0000][1][safepoint    ] Application time: 1.0001156 seconds
[2022-06-13T02:00:57.775+0000][1][safepoint    ] Entering safepoint region: Cleanup
[2022-06-13T02:00:57.775+0000][1][safepoint    ] Leaving safepoint region
[2022-06-13T02:00:57.776+0000][1][safepoint    ] Total time for which application threads were stopped: 0.0006908 seconds, Stopping threads took: 0.0003116 seconds
[2022-06-13T02:00:58.776+0000][1][safepoint    ] Application time: 1.0001350 seconds
[2022-06-13T02:00:58.776+0000][1][safepoint    ] Entering safepoint region: Cleanup
[2022-06-13T02:00:58.776+0000][1][safepoint    ] Leaving safepoint region
[2022-06-13T02:00:58.777+0000][1][safepoint    ] Total time for which application threads were stopped: 0.0003549 seconds, Stopping threads took: 0.0001623 seconds
[2022-06-13T02:00:59.777+0000][1][safepoint    ] Application time: 1.0001971 seconds
[2022-06-13T02:00:59.777+0000][1][safepoint    ] Entering safepoint region: Cleanup
[2022-06-13T02:00:59.778+0000][1][safepoint    ] Leaving safepoint region
[2022-06-13T02:00:59.778+0000][1][safepoint    ] Total time for which application threads were stopped: 0.0007420 seconds, Stopping threads took: 0.0003470 seconds
[2022-06-13T02:01:00.779+0000][1][safepoint    ] Application time: 1.0002807 seconds
[2022-06-13T02:01:00.779+0000][1][safepoint    ] Entering safepoint region: Cleanup
[2022-06-13T02:01:00.780+0000][1][safepoint    ] Leaving safepoint region
[2022-06-13T02:01:00.780+0000][1][safepoint    ] Total time for which application threads were stopped: 0.0008421 seconds, Stopping threads took: 0.0004087 seconds
[2022-06-13T02:01:01.781+0000][1][safepoint    ] Application time: 1.0001909 seconds
[2022-06-13T02:01:01.781+0000][1][safepoint    ] Entering safepoint region: Cleanup
[2022-06-13T02:01:01.782+0000][1][safepoint    ] Leaving safepoint region
[2022-06-13T02:01:01.782+0000][1][safepoint    ] Total time for which application threads were stopped: 0.0008600 seconds, Stopping threads took: 0.0003792 seconds
[2022-06-13T02:01:02.783+0000][1][safepoint    ] Application time: 1.0001894 seconds
[2022-06-13T02:01:02.783+0000][1][safepoint    ] Entering safepoint region: Cleanup
[2022-06-13T02:01:02.784+0000][1][safepoint    ] Leaving safepoint region
[2022-06-13T02:01:02.784+0000][1][safepoint    ] Total time for which application threads were stopped: 0.0007973 seconds, Stopping threads took: 0.0003561 seconds
[2022-06-13T02:01:03.785+0000][1][safepoint    ] Application time: 1.0002184 seconds
[2022-06-13T02:01:03.785+0000][1][safepoint    ] Entering safepoint region: Cleanup
[2022-06-13T02:01:03.786+0000][1][safepoint    ] Leaving safepoint region
[2022-06-13T02:01:03.786+0000][1][safepoint    ] Total time for which application threads were stopped: 0.0010112 seconds, Stopping threads took: 0.0004720 seconds
[2022-06-13T02:01:04.787+0000][1][safepoint    ] Application time: 1.0002099 seconds
[2022-06-13T02:01:04.787+0000][1][safepoint    ] Entering safepoint region: Cleanup
[2022-06-13T02:01:04.788+0000][1][safepoint    ] Leaving safepoint region
[2022-06-13T02:01:04.788+0000][1][safepoint    ] Total time for which application threads were stopped: 0.0009831 seconds, Stopping threads took: 0.0003968 seconds
[2022-06-13T02:01:05.789+0000][1][safepoint    ] Application time: 1.0002031 seconds
[2022-06-13T02:01:05.790+0000][1][safepoint    ] Entering safepoint region: Cleanup
[2022-06-13T02:01:05.790+0000][1][safepoint    ] Leaving safepoint region
[2022-06-13T02:01:05.790+0000][1][safepoint    ] Total time for which application threads were stopped: 0.0008285 seconds, Stopping threads took: 0.0003792 seconds
[2022-06-13T02:01:06.791+0000][1][safepoint    ] Application time: 1.0001247 seconds
[2022-06-13T02:01:06.791+0000][1][safepoint    ] Entering safepoint region: Cleanup
[2022-06-13T02:01:06.792+0000][1][safepoint    ] Leaving safepoint region
[2022-06-13T02:01:06.792+0000][1][safepoint    ] Total time for which application threads were stopped: 0.0006422 seconds, Stopping threads took: 0.0003049 seconds
[2022-06-13T02:01:07.792+0000][1][safepoint    ] Application time: 1.0002464 seconds
[2022-06-13T02:01:07.793+0000][1][safepoint    ] Entering safepoint region: Cleanup
[2022-06-13T02:01:07.793+0000][1][safepoint    ] Leaving safepoint region
[2022-06-13T02:01:07.794+0000][1][safepoint    ] Total time for which application threads were stopped: 0.0007692 seconds, Stopping threads took: 0.0003620 seconds
[2022-06-13T02:01:08.794+0000][1][safepoint    ] Application time: 1.0001470 seconds
[2022-06-13T02:01:08.795+0000][1][safepoint    ] Entering safepoint region: Cleanup
[2022-06-13T02:01:08.796+0000][1][safepoint    ] Leaving safepoint region
[2022-06-13T02:01:08.796+0000][1][safepoint    ] Total time for which application threads were stopped: 0.0013723 seconds, Stopping threads took: 0.0005616 seconds
[2022-06-13T02:01:09.797+0000][1][safepoint    ] Application time: 1.0002360 seconds
[2022-06-13T02:01:09.798+0000][1][safepoint    ] Entering safepoint region: Cleanup
[2022-06-13T02:01:09.798+0000][1][safepoint    ] Leaving safepoint region
[2022-06-13T02:01:09.799+0000][1][safepoint    ] Total time for which application threads were stopped: 0.0008640 seconds, Stopping threads took: 0.0003674 seconds
[2022-06-13T02:01:10.799+0000][1][safepoint    ] Application time: 1.0002103 seconds
[2022-06-13T02:01:10.800+0000][1][safepoint    ] Entering safepoint region: Cleanup
[2022-06-13T02:01:10.801+0000][1][safepoint    ] Leaving safepoint region
[2022-06-13T02:01:10.801+0000][1][safepoint    ] Total time for which application threads were stopped: 0.0010145 seconds, Stopping threads took: 0.0005470 seconds
[2022-06-13T02:01:11.802+0000][1][safepoint    ] Application time: 1.0003612 seconds
[2022-06-13T02:01:11.802+0000][1][safepoint    ] Entering safepoint region: Cleanup
[2022-06-13T02:01:11.803+0000][1][safepoint    ] Leaving safepoint region
[2022-06-13T02:01:11.803+0000][1][safepoint    ] Total time for which application threads were stopped: 0.0009830 seconds, Stopping threads took: 0.0003947 seconds
[2022-06-13T02:01:12.804+0000][1][safepoint    ] Application time: 1.0004179 seconds
[2022-06-13T02:01:12.805+0000][1][safepoint    ] Entering safepoint region: Cleanup
[2022-06-13T02:01:12.806+0000][1][safepoint    ] Leaving safepoint region
[2022-06-13T02:01:12.806+0000][1][safepoint    ] Total time for which application threads were stopped: 0.0012834 seconds, Stopping threads took: 0.0005983 seconds
[2022-06-13T02:01:13.807+0000][1][safepoint    ] Application time: 1.0002156 seconds
[2022-06-13T02:01:13.808+0000][1][safepoint    ] Entering safepoint region: Cleanup
[2022-06-13T02:01:13.808+0000][1][safepoint    ] Leaving safepoint region
[2022-06-13T02:01:13.809+0000][1][safepoint    ] Total time for which application threads were stopped: 0.0009573 seconds, Stopping threads took: 0.0004576 seconds
[2022-06-13T02:01:14.810+0000][1][safepoint    ] Application time: 1.0003617 seconds
[2022-06-13T02:01:14.810+0000][1][safepoint    ] Entering safepoint region: Cleanup
[2022-06-13T02:01:14.811+0000][1][safepoint    ] Leaving safepoint region
[2022-06-13T02:01:14.811+0000][1][safepoint    ] Total time for which application threads were stopped: 0.0011394 seconds, Stopping threads took: 0.0005622 seconds
[2022-06-13T02:01:15.812+0000][1][safepoint    ] Application time: 1.0003094 seconds
[2022-06-13T02:01:15.813+0000][1][safepoint    ] Entering safepoint region: Cleanup
[2022-06-13T02:01:15.813+0000][1][safepoint    ] Leaving safepoint region
[2022-06-13T02:01:15.813+0000][1][safepoint    ] Total time for which application threads were stopped: 0.0008807 seconds, Stopping threads took: 0.0004156 seconds
[2022-06-13T02:01:16.814+0000][1][safepoint    ] Application time: 1.0002997 seconds
[2022-06-13T02:01:16.815+0000][1][safepoint    ] Entering safepoint region: Cleanup
[2022-06-13T02:01:16.815+0000][1][safepoint    ] Leaving safepoint region
[2022-06-13T02:01:16.815+0000][1][safepoint    ] Total time for which application threads were stopped: 0.0007216 seconds, Stopping threads took: 0.0003362 seconds
[2022-06-13T02:01:17.816+0000][1][safepoint    ] Application time: 1.0003989 seconds
[2022-06-13T02:01:17.816+0000][1][safepoint    ] Entering safepoint region: Cleanup
[2022-06-13T02:01:17.817+0000][1][safepoint    ] Leaving safepoint region
[2022-06-13T02:01:17.817+0000][1][safepoint    ] Total time for which application threads were stopped: 0.0007569 seconds, Stopping threads took: 0.0003456 seconds
[2022-06-13T02:01:18.818+0000][1][safepoint    ] Application time: 1.0003508 seconds
[2022-06-13T02:01:18.818+0000][1][safepoint    ] Entering safepoint region: Cleanup
[2022-06-13T02:01:18.819+0000][1][safepoint    ] Leaving safepoint region
[2022-06-13T02:01:18.820+0000][1][safepoint    ] Total time for which application threads were stopped: 0.0014320 seconds, Stopping threads took: 0.0007221 seconds
[2022-06-13T02:01:20.768+0000][1][safepoint    ] Application time: 1.9475193 seconds
[2022-06-13T02:01:20.769+0000][1][safepoint    ] Entering safepoint region: Cleanup
[2022-06-13T02:01:20.769+0000][1][safepoint    ] Leaving safepoint region
[2022-06-13T02:01:20.770+0000][1][safepoint    ] Total time for which application threads were stopped: 0.0013268 seconds, Stopping threads took: 0.0006118 seconds
[2022-06-13T02:01:21.771+0000][1][safepoint    ] Application time: 1.0002543 seconds
[2022-06-13T02:01:21.771+0000][1][safepoint    ] Entering safepoint region: Cleanup
[2022-06-13T02:01:21.772+0000][1][safepoint    ] Leaving safepoint region
[2022-06-13T02:01:21.772+0000][1][safepoint    ] Total time for which application threads were stopped: 0.0008082 seconds, Stopping threads took: 0.0003367 seconds
[2022-06-13T02:01:22.773+0000][1][safepoint    ] Application time: 1.0003062 seconds
[2022-06-13T02:01:22.773+0000][1][safepoint    ] Entering safepoint region: Cleanup
[2022-06-13T02:01:22.774+0000][1][safepoint    ] Leaving safepoint region
[2022-06-13T02:01:22.774+0000][1][safepoint    ] Total time for which application threads were stopped: 0.0011552 seconds, Stopping threads took: 0.0005314 seconds
[2022-06-13T02:01:23.775+0000][1][safepoint    ] Application time: 1.0001309 seconds
[2022-06-13T02:01:23.776+0000][1][safepoint    ] Entering safepoint region: Cleanup
[2022-06-13T02:01:23.776+0000][1][safepoint    ] Leaving safepoint region
[2022-06-13T02:01:23.777+0000][1][safepoint    ] Total time for which application threads were stopped: 0.0011164 seconds, Stopping threads took: 0.0005112 seconds
[2022-06-13T02:01:24.778+0000][1][safepoint    ] Application time: 1.0002653 seconds
[2022-06-13T02:01:24.778+0000][1][safepoint    ] Entering safepoint region: Cleanup
[2022-06-13T02:01:24.779+0000][1][safepoint    ] Leaving safepoint region
[2022-06-13T02:01:24.779+0000][1][safepoint    ] Total time for which application threads were stopped: 0.0010484 seconds, Stopping threads took: 0.0004524 seconds
[2022-06-13T02:01:25.780+0000][1][safepoint    ] Application time: 1.0001199 seconds
[2022-06-13T02:01:25.781+0000][1][safepoint    ] Entering safepoint region: Cleanup
[2022-06-13T02:01:25.781+0000][1][safepoint    ] Leaving safepoint region
[2022-06-13T02:01:25.782+0000][1][safepoint    ] Total time for which application threads were stopped: 0.0008997 seconds, Stopping threads took: 0.0004218 seconds
[2022-06-13T02:01:26.782+0000][1][safepoint    ] Application time: 1.0001983 seconds
[2022-06-13T02:01:26.782+0000][1][safepoint    ] Entering safepoint region: Cleanup
[2022-06-13T02:01:26.782+0000][1][safepoint    ] Leaving safepoint region
[2022-06-13T02:01:26.783+0000][1][safepoint    ] Total time for which application threads were stopped: 0.0004569 seconds, Stopping threads took: 0.0001333 seconds
[2022-06-13T02:01:27.783+0000][1][safepoint    ] Application time: 1.0001061 seconds
[2022-06-13T02:01:27.784+0000][1][safepoint    ] Entering safepoint region: Cleanup
[2022-06-13T02:01:27.784+0000][1][safepoint    ] Leaving safepoint region
[2022-06-13T02:01:27.784+0000][1][safepoint    ] Total time for which application threads were stopped: 0.0007714 seconds, Stopping threads took: 0.0003973 seconds
[2022-06-13T02:01:28.785+0000][1][safepoint    ] Application time: 1.0001665 seconds
[2022-06-13T02:01:28.785+0000][1][safepoint    ] Entering safepoint region: Cleanup
[2022-06-13T02:01:28.786+0000][1][safepoint    ] Leaving safepoint region
[2022-06-13T02:01:28.786+0000][1][safepoint    ] Total time for which application threads were stopped: 0.0008272 seconds, Stopping threads took: 0.0003848 seconds
[2022-06-13T02:01:29.787+0000][1][safepoint    ] Application time: 1.0002593 seconds
[2022-06-13T02:01:29.787+0000][1][safepoint    ] Entering safepoint region: Cleanup
[2022-06-13T02:01:29.788+0000][1][safepoint    ] Leaving safepoint region
[2022-06-13T02:01:29.788+0000][1][safepoint    ] Total time for which application threads were stopped: 0.0008957 seconds, Stopping threads took: 0.0003956 seconds
[2022-06-13T02:01:30.789+0000][1][safepoint    ] Application time: 1.0001158 seconds
[2022-06-13T02:01:30.789+0000][1][safepoint    ] Entering safepoint region: Cleanup
[2022-06-13T02:01:30.789+0000][1][safepoint    ] Leaving safepoint region
[2022-06-13T02:01:30.790+0000][1][safepoint    ] Total time for which application threads were stopped: 0.0005147 seconds, Stopping threads took: 0.0001997 seconds
[2022-06-13T02:01:31.790+0000][1][safepoint    ] Application time: 1.0001369 seconds
[2022-06-13T02:01:31.790+0000][1][safepoint    ] Entering safepoint region: Cleanup
[2022-06-13T02:01:31.791+0000][1][safepoint    ] Leaving safepoint region
[2022-06-13T02:01:31.791+0000][1][safepoint    ] Total time for which application threads were stopped: 0.0006185 seconds, Stopping threads took: 0.0002994 seconds
[2022-06-13T02:01:32.791+0000][1][safepoint    ] Application time: 1.0001691 seconds
[2022-06-13T02:01:32.792+0000][1][safepoint    ] Entering safepoint region: Cleanup
[2022-06-13T02:01:32.793+0000][1][safepoint    ] Leaving safepoint region
[2022-06-13T02:01:32.793+0000][1][safepoint    ] Total time for which application threads were stopped: 0.0010832 seconds, Stopping threads took: 0.0004330 seconds
[2022-06-13T02:01:33.794+0000][1][safepoint    ] Application time: 1.0002115 seconds
[2022-06-13T02:01:33.794+0000][1][safepoint    ] Entering safepoint region: Cleanup
[2022-06-13T02:01:33.795+0000][1][safepoint    ] Leaving safepoint region
[2022-06-13T02:01:33.795+0000][1][safepoint    ] Total time for which application threads were stopped: 0.0007150 seconds, Stopping threads took: 0.0003613 seconds
[2022-06-13T02:01:34.795+0000][1][safepoint    ] Application time: 1.0002028 seconds
[2022-06-13T02:01:34.796+0000][1][safepoint    ] Entering safepoint region: Cleanup
[2022-06-13T02:01:34.796+0000][1][safepoint    ] Leaving safepoint region
[2022-06-13T02:01:34.797+0000][1][safepoint    ] Total time for which application threads were stopped: 0.0008560 seconds, Stopping threads took: 0.0004043 seconds
[2022-06-13T02:01:35.797+0000][1][safepoint    ] Application time: 1.0003291 seconds
[2022-06-13T02:01:35.798+0000][1][safepoint    ] Entering safepoint region: Cleanup
[2022-06-13T02:01:35.799+0000][1][safepoint    ] Leaving safepoint region
[2022-06-13T02:01:35.799+0000][1][safepoint    ] Total time for which application threads were stopped: 0.0009088 seconds, Stopping threads took: 0.0004130 seconds
[2022-06-13T02:01:36.800+0000][1][safepoint    ] Application time: 1.0001830 seconds
[2022-06-13T02:01:36.800+0000][1][safepoint    ] Entering safepoint region: Cleanup
[2022-06-13T02:01:36.800+0000][1][safepoint    ] Leaving safepoint region
[2022-06-13T02:01:36.801+0000][1][safepoint    ] Total time for which application threads were stopped: 0.0006671 seconds, Stopping threads took: 0.0002960 seconds
[2022-06-13T02:01:37.801+0000][1][safepoint    ] Application time: 1.0002081 seconds
[2022-06-13T02:01:37.802+0000][1][safepoint    ] Entering safepoint region: Cleanup
[2022-06-13T02:01:37.803+0000][1][safepoint    ] Leaving safepoint region
[2022-06-13T02:01:37.803+0000][1][safepoint    ] Total time for which application threads were stopped: 0.0013407 seconds, Stopping threads took: 0.0006192 seconds
[2022-06-13T02:01:38.804+0000][1][safepoint    ] Application time: 1.0002079 seconds
[2022-06-13T02:01:38.804+0000][1][safepoint    ] Entering safepoint region: Cleanup
[2022-06-13T02:01:38.805+0000][1][safepoint    ] Leaving safepoint region
[2022-06-13T02:01:38.805+0000][1][safepoint    ] Total time for which application threads were stopped: 0.0008412 seconds, Stopping threads took: 0.0003835 seconds
[2022-06-13T02:01:39.806+0000][1][safepoint    ] Application time: 1.0002249 seconds
[2022-06-13T02:01:39.806+0000][1][safepoint    ] Entering safepoint region: Cleanup
[2022-06-13T02:01:39.807+0000][1][safepoint    ] Leaving safepoint region
[2022-06-13T02:01:39.807+0000][1][safepoint    ] Total time for which application threads were stopped: 0.0008121 seconds, Stopping threads took: 0.0004934 seconds
[2022-06-13T02:01:40.808+0000][1][safepoint    ] Application time: 1.0002468 seconds
[2022-06-13T02:01:40.808+0000][1][safepoint    ] Entering safepoint region: Cleanup
[2022-06-13T02:01:40.809+0000][1][safepoint    ] Leaving safepoint region
[2022-06-13T02:01:40.809+0000][1][safepoint    ] Total time for which application threads were stopped: 0.0009759 seconds, Stopping threads took: 0.0004591 seconds
[2022-06-13T02:01:41.810+0000][1][safepoint    ] Application time: 1.0001123 seconds
[2022-06-13T02:01:41.810+0000][1][safepoint    ] Entering safepoint region: Cleanup
[2022-06-13T02:01:41.811+0000][1][safepoint    ] Leaving safepoint region
[2022-06-13T02:01:41.811+0000][1][safepoint    ] Total time for which application threads were stopped: 0.0007697 seconds, Stopping threads took: 0.0003230 seconds
[2022-06-13T02:01:42.812+0000][1][safepoint    ] Application time: 1.0001271 seconds
[2022-06-13T02:01:42.812+0000][1][safepoint    ] Entering safepoint region: Cleanup
[2022-06-13T02:01:42.812+0000][1][safepoint    ] Leaving safepoint region
[2022-06-13T02:01:42.813+0000][1][safepoint    ] Total time for which application threads were stopped: 0.0006668 seconds, Stopping threads took: 0.0002570 seconds
[2022-06-13T02:01:43.813+0000][1][safepoint    ] Application time: 1.0002692 seconds
[2022-06-13T02:01:43.814+0000][1][safepoint    ] Entering safepoint region: Cleanup
[2022-06-13T02:01:43.814+0000][1][safepoint    ] Leaving safepoint region
[2022-06-13T02:01:43.815+0000][1][safepoint    ] Total time for which application threads were stopped: 0.0008223 seconds, Stopping threads took: 0.0003553 seconds
[2022-06-13T02:01:44.815+0000][1][safepoint    ] Application time: 1.0002029 seconds
[2022-06-13T02:01:44.816+0000][1][safepoint    ] Entering safepoint region: Cleanup
[2022-06-13T02:01:44.817+0000][1][safepoint    ] Leaving safepoint region
[2022-06-13T02:01:44.817+0000][1][safepoint    ] Total time for which application threads were stopped: 0.0010489 seconds, Stopping threads took: 0.0004558 seconds
[2022-06-13T02:01:45.818+0000][1][safepoint    ] Application time: 1.0001819 seconds
[2022-06-13T02:01:45.818+0000][1][safepoint    ] Entering safepoint region: Cleanup
[2022-06-13T02:01:45.819+0000][1][safepoint    ] Leaving safepoint region
[2022-06-13T02:01:45.819+0000][1][safepoint    ] Total time for which application threads were stopped: 0.0008106 seconds, Stopping threads took: 0.0003672 seconds
[2022-06-13T02:01:46.820+0000][1][safepoint    ] Application time: 1.0001633 seconds
[2022-06-13T02:01:46.820+0000][1][safepoint    ] Entering safepoint region: Cleanup
[2022-06-13T02:01:46.821+0000][1][safepoint    ] Leaving safepoint region
[2022-06-13T02:01:46.821+0000][1][safepoint    ] Total time for which application threads were stopped: 0.0007379 seconds, Stopping threads took: 0.0003632 seconds
[2022-06-13T02:01:47.822+0000][1][safepoint    ] Application time: 1.0002655 seconds
[2022-06-13T02:01:47.822+0000][1][safepoint    ] Entering safepoint region: Cleanup
[2022-06-13T02:01:47.823+0000][1][safepoint    ] Leaving safepoint region
[2022-06-13T02:01:47.823+0000][1][safepoint    ] Total time for which application threads were stopped: 0.0009856 seconds, Stopping threads took: 0.0004812 seconds
[2022-06-13T02:01:48.824+0000][1][safepoint    ] Application time: 1.0002539 seconds
[2022-06-13T02:01:48.825+0000][1][safepoint    ] Entering safepoint region: Cleanup
[2022-06-13T02:01:48.826+0000][1][safepoint    ] Leaving safepoint region
[2022-06-13T02:01:48.826+0000][1][safepoint    ] Total time for which application threads were stopped: 0.0013613 seconds, Stopping threads took: 0.0005552 seconds
[2022-06-13T02:01:49.827+0000][1][safepoint    ] Application time: 1.0001974 seconds
[2022-06-13T02:01:49.827+0000][1][safepoint    ] Entering safepoint region: Cleanup
[2022-06-13T02:01:49.828+0000][1][safepoint    ] Leaving safepoint region
[2022-06-13T02:01:49.828+0000][1][safepoint    ] Total time for which application threads were stopped: 0.0007076 seconds, Stopping threads took: 0.0003599 seconds
[2022-06-13T02:01:50.828+0000][1][safepoint    ] Application time: 1.0002503 seconds
[2022-06-13T02:01:50.829+0000][1][safepoint    ] Entering safepoint region: Cleanup
[2022-06-13T02:01:50.829+0000][1][safepoint    ] Leaving safepoint region
[2022-06-13T02:01:50.830+0000][1][safepoint    ] Total time for which application threads were stopped: 0.0009456 seconds, Stopping threads took: 0.0004460 seconds
[2022-06-13T02:01:51.831+0000][1][safepoint    ] Application time: 1.0002869 seconds
[2022-06-13T02:01:51.831+0000][1][safepoint    ] Entering safepoint region: Cleanup
[2022-06-13T02:01:51.832+0000][1][safepoint    ] Leaving safepoint region
[2022-06-13T02:01:51.832+0000][1][safepoint    ] Total time for which application threads were stopped: 0.0008139 seconds, Stopping threads took: 0.0003617 seconds
[2022-06-13T02:01:52.833+0000][1][safepoint    ] Application time: 1.0001782 seconds
[2022-06-13T02:01:52.833+0000][1][safepoint    ] Entering safepoint region: Cleanup
[2022-06-13T02:01:52.834+0000][1][safepoint    ] Leaving safepoint region
[2022-06-13T02:01:52.834+0000][1][safepoint    ] Total time for which application threads were stopped: 0.0010196 seconds, Stopping threads took: 0.0004632 seconds
[2022-06-13T02:01:53.835+0000][1][safepoint    ] Application time: 1.0001516 seconds
[2022-06-13T02:01:53.835+0000][1][safepoint    ] Entering safepoint region: Cleanup
[2022-06-13T02:01:53.836+0000][1][safepoint    ] Leaving safepoint region
[2022-06-13T02:01:53.837+0000][1][safepoint    ] Total time for which application threads were stopped: 0.0011520 seconds, Stopping threads took: 0.0005170 seconds
[2022-06-13T02:01:54.837+0000][1][safepoint    ] Application time: 1.0002405 seconds
[2022-06-13T02:01:54.838+0000][1][safepoint    ] Entering safepoint region: Cleanup
[2022-06-13T02:01:54.838+0000][1][safepoint    ] Leaving safepoint region
[2022-06-13T02:01:54.838+0000][1][safepoint    ] Total time for which application threads were stopped: 0.0005576 seconds, Stopping threads took: 0.0002876 seconds
[2022-06-13T02:01:55.839+0000][1][safepoint    ] Application time: 1.0001143 seconds
[2022-06-13T02:01:55.839+0000][1][safepoint    ] Entering safepoint region: Cleanup
[2022-06-13T02:01:55.839+0000][1][safepoint    ] Leaving safepoint region
[2022-06-13T02:01:55.840+0000][1][safepoint    ] Total time for which application threads were stopped: 0.0006576 seconds, Stopping threads took: 0.0002280 seconds
[2022-06-13T02:01:56.840+0000][1][safepoint    ] Application time: 1.0001948 seconds
[2022-06-13T02:01:56.841+0000][1][safepoint    ] Entering safepoint region: Cleanup
[2022-06-13T02:01:56.841+0000][1][safepoint    ] Leaving safepoint region
[2022-06-13T02:01:56.842+0000][1][safepoint    ] Total time for which application threads were stopped: 0.0010764 seconds, Stopping threads took: 0.0004966 seconds
[2022-06-13T02:01:57.843+0000][1][safepoint    ] Application time: 1.0002507 seconds
[2022-06-13T02:01:57.843+0000][1][safepoint    ] Entering safepoint region: Cleanup
[2022-06-13T02:01:57.844+0000][1][safepoint    ] Leaving safepoint region
[2022-06-13T02:01:57.844+0000][1][safepoint    ] Total time for which application threads were stopped: 0.0008672 seconds, Stopping threads took: 0.0005414 seconds
[2022-06-13T02:01:58.845+0000][1][safepoint    ] Application time: 1.0005562 seconds
[2022-06-13T02:01:58.845+0000][1][safepoint    ] Entering safepoint region: Cleanup
[2022-06-13T02:01:58.846+0000][1][safepoint    ] Leaving safepoint region
[2022-06-13T02:01:58.847+0000][1][safepoint    ] Total time for which application threads were stopped: 0.0013055 seconds, Stopping threads took: 0.0005767 seconds
[2022-06-13T02:01:59.847+0000][1][safepoint    ] Application time: 1.0002946 seconds
[2022-06-13T02:01:59.848+0000][1][safepoint    ] Entering safepoint region: Cleanup
[2022-06-13T02:01:59.848+0000][1][safepoint    ] Leaving safepoint region
[2022-06-13T02:01:59.849+0000][1][safepoint    ] Total time for which application threads were stopped: 0.0008310 seconds, Stopping threads took: 0.0003829 seconds
[2022-06-13T02:02:00.849+0000][1][safepoint    ] Application time: 1.0002605 seconds
[2022-06-13T02:02:00.850+0000][1][safepoint    ] Entering safepoint region: Cleanup
[2022-06-13T02:02:00.850+0000][1][safepoint    ] Leaving safepoint region
[2022-06-13T02:02:00.851+0000][1][safepoint    ] Total time for which application threads were stopped: 0.0007756 seconds, Stopping threads took: 0.0003745 seconds
[2022-06-13T02:02:01.851+0000][1][safepoint    ] Application time: 1.0003361 seconds
[2022-06-13T02:02:01.852+0000][1][safepoint    ] Entering safepoint region: Cleanup
[2022-06-13T02:02:01.853+0000][1][safepoint    ] Leaving safepoint region
[2022-06-13T02:02:01.854+0000][1][safepoint    ] Total time for which application threads were stopped: 0.0015471 seconds, Stopping threads took: 0.0007413 seconds
[2022-06-13T02:02:02.855+0000][1][safepoint    ] Application time: 1.0003531 seconds
[2022-06-13T02:02:02.855+0000][1][safepoint    ] Entering safepoint region: Cleanup
[2022-06-13T02:02:02.856+0000][1][safepoint    ] Leaving safepoint region
[2022-06-13T02:02:02.856+0000][1][safepoint    ] Total time for which application threads were stopped: 0.0010743 seconds, Stopping threads took: 0.0004439 seconds
[2022-06-13T02:02:03.857+0000][1][safepoint    ] Application time: 1.0001916 seconds
[2022-06-13T02:02:03.857+0000][1][safepoint    ] Entering safepoint region: Cleanup
[2022-06-13T02:02:03.858+0000][1][safepoint    ] Leaving safepoint region
[2022-06-13T02:02:03.858+0000][1][safepoint    ] Total time for which application threads were stopped: 0.0007906 seconds, Stopping threads took: 0.0003832 seconds
[2022-06-13T02:02:04.859+0000][1][safepoint    ] Application time: 1.0001991 seconds
[2022-06-13T02:02:04.860+0000][1][safepoint    ] Entering safepoint region: Cleanup
[2022-06-13T02:02:04.860+0000][1][safepoint    ] Leaving safepoint region
[2022-06-13T02:02:04.861+0000][1][safepoint    ] Total time for which application threads were stopped: 0.0014645 seconds, Stopping threads took: 0.0006587 seconds
[2022-06-13T02:02:05.862+0000][1][safepoint    ] Application time: 1.0002825 seconds
[2022-06-13T02:02:05.862+0000][1][safepoint    ] Entering safepoint region: Cleanup
[2022-06-13T02:02:05.863+0000][1][safepoint    ] Leaving safepoint region
[2022-06-13T02:02:05.864+0000][1][safepoint    ] Total time for which application threads were stopped: 0.0013933 seconds, Stopping threads took: 0.0006502 seconds
[2022-06-13T02:02:06.865+0000][1][safepoint    ] Application time: 1.0003243 seconds
[2022-06-13T02:02:06.865+0000][1][safepoint    ] Entering safepoint region: Cleanup
[2022-06-13T02:02:06.866+0000][1][safepoint    ] Leaving safepoint region
[2022-06-13T02:02:06.866+0000][1][safepoint    ] Total time for which application threads were stopped: 0.0009932 seconds, Stopping threads took: 0.0004795 seconds
[2022-06-13T02:02:07.867+0000][1][safepoint    ] Application time: 1.0003441 seconds
[2022-06-13T02:02:07.868+0000][1][safepoint    ] Entering safepoint region: Cleanup
[2022-06-13T02:02:07.868+0000][1][safepoint    ] Leaving safepoint region
[2022-06-13T02:02:07.869+0000][1][safepoint    ] Total time for which application threads were stopped: 0.0009007 seconds, Stopping threads took: 0.0003654 seconds
[2022-06-13T02:02:08.869+0000][1][safepoint    ] Application time: 1.0002666 seconds
[2022-06-13T02:02:08.870+0000][1][safepoint    ] Entering safepoint region: Cleanup
[2022-06-13T02:02:08.870+0000][1][safepoint    ] Leaving safepoint region
[2022-06-13T02:02:08.871+0000][1][safepoint    ] Total time for which application threads were stopped: 0.0008075 seconds, Stopping threads took: 0.0003402 seconds
[2022-06-13T02:02:09.871+0000][1][safepoint    ] Application time: 1.0002453 seconds
[2022-06-13T02:02:09.872+0000][1][safepoint    ] Entering safepoint region: Cleanup
[2022-06-13T02:02:09.872+0000][1][safepoint    ] Leaving safepoint region
[2022-06-13T02:02:09.873+0000][1][safepoint    ] Total time for which application threads were stopped: 0.0008517 seconds, Stopping threads took: 0.0003592 seconds
[2022-06-13T02:02:10.874+0000][1][safepoint    ] Application time: 1.0004226 seconds
[2022-06-13T02:02:10.874+0000][1][safepoint    ] Entering safepoint region: Cleanup
[2022-06-13T02:02:10.875+0000][1][safepoint    ] Leaving safepoint region
[2022-06-13T02:02:10.876+0000][1][safepoint    ] Total time for which application threads were stopped: 0.0012740 seconds, Stopping threads took: 0.0005462 seconds
[2022-06-13T02:02:11.876+0000][1][safepoint    ] Application time: 1.0002888 seconds
[2022-06-13T02:02:11.877+0000][1][safepoint    ] Entering safepoint region: Cleanup
[2022-06-13T02:02:11.877+0000][1][safepoint    ] Leaving safepoint region
[2022-06-13T02:02:11.877+0000][1][safepoint    ] Total time for which application threads were stopped: 0.0008399 seconds, Stopping threads took: 0.0004289 seconds
[2022-06-13T02:02:21.880+0000][1][safepoint    ] Application time: 10.0020031 seconds
[2022-06-13T02:02:21.880+0000][1][safepoint    ] Entering safepoint region: Cleanup
[2022-06-13T02:02:21.881+0000][1][safepoint    ] Leaving safepoint region
[2022-06-13T02:02:21.881+0000][1][safepoint    ] Total time for which application threads were stopped: 0.0008290 seconds, Stopping threads took: 0.0003575 seconds
[2022-06-13T02:02:24.882+0000][1][safepoint    ] Application time: 3.0005794 seconds
[2022-06-13T02:02:24.882+0000][1][safepoint    ] Entering safepoint region: Cleanup
[2022-06-13T02:02:24.883+0000][1][safepoint    ] Leaving safepoint region
[2022-06-13T02:02:24.883+0000][1][safepoint    ] Total time for which application threads were stopped: 0.0003955 seconds, Stopping threads took: 0.0001748 seconds
[2022-06-13T02:02:28.884+0000][1][safepoint    ] Application time: 4.0008990 seconds
[2022-06-13T02:02:28.885+0000][1][safepoint    ] Entering safepoint region: Cleanup
[2022-06-13T02:02:28.885+0000][1][safepoint    ] Leaving safepoint region
[2022-06-13T02:02:28.885+0000][1][safepoint    ] Total time for which application threads were stopped: 0.0008674 seconds, Stopping threads took: 0.0004055 seconds
[2022-06-13T02:02:39.888+0000][1][safepoint    ] Application time: 11.0021622 seconds
[2022-06-13T02:02:39.889+0000][1][safepoint    ] Entering safepoint region: Cleanup
[2022-06-13T02:02:39.889+0000][1][safepoint    ] Leaving safepoint region
[2022-06-13T02:02:39.890+0000][1][safepoint    ] Total time for which application threads were stopped: 0.0011809 seconds, Stopping threads took: 0.0004770 seconds
[2022-06-13T02:02:55.893+0000][1][safepoint    ] Application time: 16.0027204 seconds
[2022-06-13T02:02:55.894+0000][1][safepoint    ] Entering safepoint region: Cleanup
[2022-06-13T02:02:55.894+0000][1][safepoint    ] Leaving safepoint region
[2022-06-13T02:02:55.894+0000][1][safepoint    ] Total time for which application threads were stopped: 0.0009760 seconds, Stopping threads took: 0.0004505 seconds
[2022-06-13T02:03:01.896+0000][1][safepoint    ] Application time: 6.0011065 seconds
[2022-06-13T02:03:01.897+0000][1][safepoint    ] Entering safepoint region: Cleanup
[2022-06-13T02:03:01.897+0000][1][safepoint    ] Leaving safepoint region
[2022-06-13T02:03:01.897+0000][1][safepoint    ] Total time for which application threads were stopped: 0.0006822 seconds, Stopping threads took: 0.0003520 seconds
[2022-06-13T02:03:02.898+0000][1][safepoint    ] Application time: 1.0002143 seconds
[2022-06-13T02:03:02.898+0000][1][safepoint    ] Entering safepoint region: Cleanup
[2022-06-13T02:03:02.899+0000][1][safepoint    ] Leaving safepoint region
[2022-06-13T02:03:02.899+0000][1][safepoint    ] Total time for which application threads were stopped: 0.0007951 seconds, Stopping threads took: 0.0003446 seconds
[2022-06-13T02:03:03.900+0000][1][safepoint    ] Application time: 1.0001301 seconds
[2022-06-13T02:03:03.900+0000][1][safepoint    ] Entering safepoint region: Cleanup
[2022-06-13T02:03:03.900+0000][1][safepoint    ] Leaving safepoint region
[2022-06-13T02:03:03.900+0000][1][safepoint    ] Total time for which application threads were stopped: 0.0003591 seconds, Stopping threads took: 0.0001552 seconds
[2022-06-13T02:03:04.900+0000][1][safepoint    ] Application time: 1.0000954 seconds
[2022-06-13T02:03:04.901+0000][1][safepoint    ] Entering safepoint region: Cleanup
[2022-06-13T02:03:04.901+0000][1][safepoint    ] Leaving safepoint region
[2022-06-13T02:03:04.901+0000][1][safepoint    ] Total time for which application threads were stopped: 0.0006320 seconds, Stopping threads took: 0.0002583 seconds
[2022-06-13T02:03:05.902+0000][1][safepoint    ] Application time: 1.0002280 seconds
[2022-06-13T02:03:05.903+0000][1][safepoint    ] Entering safepoint region: Cleanup
[2022-06-13T02:03:05.903+0000][1][safepoint    ] Leaving safepoint region
[2022-06-13T02:03:05.903+0000][1][safepoint    ] Total time for which application threads were stopped: 0.0008954 seconds, Stopping threads took: 0.0004293 seconds
[2022-06-13T02:03:06.904+0000][1][safepoint    ] Application time: 1.0001247 seconds
[2022-06-13T02:03:06.904+0000][1][safepoint    ] Entering safepoint region: Cleanup
[2022-06-13T02:03:06.905+0000][1][safepoint    ] Leaving safepoint region
[2022-06-13T02:03:06.905+0000][1][safepoint    ] Total time for which application threads were stopped: 0.0007801 seconds, Stopping threads took: 0.0003469 seconds
[2022-06-13T02:03:07.906+0000][1][safepoint    ] Application time: 1.0002140 seconds
[2022-06-13T02:03:07.906+0000][1][safepoint    ] Entering safepoint region: Cleanup
[2022-06-13T02:03:07.907+0000][1][safepoint    ] Leaving safepoint region
[2022-06-13T02:03:07.907+0000][1][safepoint    ] Total time for which application threads were stopped: 0.0011070 seconds, Stopping threads took: 0.0005596 seconds
[2022-06-13T02:03:08.908+0000][1][safepoint    ] Application time: 1.0002731 seconds
[2022-06-13T02:03:08.909+0000][1][safepoint    ] Entering safepoint region: Cleanup
[2022-06-13T02:03:08.910+0000][1][safepoint    ] Leaving safepoint region
[2022-06-13T02:03:08.910+0000][1][safepoint    ] Total time for which application threads were stopped: 0.0011740 seconds, Stopping threads took: 0.0005696 seconds
[2022-06-13T02:03:09.911+0000][1][safepoint    ] Application time: 1.0002453 seconds
[2022-06-13T02:03:09.911+0000][1][safepoint    ] Entering safepoint region: Cleanup
[2022-06-13T02:03:09.912+0000][1][safepoint    ] Leaving safepoint region
[2022-06-13T02:03:09.912+0000][1][safepoint    ] Total time for which application threads were stopped: 0.0009012 seconds, Stopping threads took: 0.0003664 seconds
[2022-06-13T02:03:10.913+0000][1][safepoint    ] Application time: 1.0002874 seconds
[2022-06-13T02:03:10.914+0000][1][safepoint    ] Entering safepoint region: Cleanup
[2022-06-13T02:03:10.914+0000][1][safepoint    ] Leaving safepoint region
[2022-06-13T02:03:10.915+0000][1][safepoint    ] Total time for which application threads were stopped: 0.0012261 seconds, Stopping threads took: 0.0005663 seconds
[2022-06-13T02:03:11.916+0000][1][safepoint    ] Application time: 1.0002609 seconds
[2022-06-13T02:03:11.916+0000][1][safepoint    ] Entering safepoint region: Cleanup
[2022-06-13T02:03:11.917+0000][1][safepoint    ] Leaving safepoint region
[2022-06-13T02:03:11.917+0000][1][safepoint    ] Total time for which application threads were stopped: 0.0010888 seconds, Stopping threads took: 0.0004716 seconds
[2022-06-13T02:03:12.918+0000][1][safepoint    ] Application time: 1.0002915 seconds
[2022-06-13T02:03:12.919+0000][1][safepoint    ] Entering safepoint region: Cleanup
[2022-06-13T02:03:12.919+0000][1][safepoint    ] Leaving safepoint region
[2022-06-13T02:03:12.920+0000][1][safepoint    ] Total time for which application threads were stopped: 0.0008762 seconds, Stopping threads took: 0.0003075 seconds
[2022-06-13T02:03:13.920+0000][1][safepoint    ] Application time: 1.0002550 seconds
[2022-06-13T02:03:13.921+0000][1][safepoint    ] Entering safepoint region: Cleanup
[2022-06-13T02:03:13.921+0000][1][safepoint    ] Leaving safepoint region
[2022-06-13T02:03:13.922+0000][1][safepoint    ] Total time for which application threads were stopped: 0.0012002 seconds, Stopping threads took: 0.0005215 seconds
[2022-06-13T02:03:14.923+0000][1][safepoint    ] Application time: 1.0002253 seconds
[2022-06-13T02:03:14.923+0000][1][safepoint    ] Entering safepoint region: Cleanup
[2022-06-13T02:03:14.924+0000][1][safepoint    ] Leaving safepoint region
[2022-06-13T02:03:14.924+0000][1][safepoint    ] Total time for which application threads were stopped: 0.0009143 seconds, Stopping threads took: 0.0004067 seconds
[2022-06-13T02:03:15.925+0000][1][safepoint    ] Application time: 1.0001849 seconds
[2022-06-13T02:03:15.925+0000][1][safepoint    ] Entering safepoint region: Cleanup
[2022-06-13T02:03:15.926+0000][1][safepoint    ] Leaving safepoint region
[2022-06-13T02:03:15.926+0000][1][safepoint    ] Total time for which application threads were stopped: 0.0006724 seconds, Stopping threads took: 0.0003573 seconds
[2022-06-13T02:03:16.927+0000][1][safepoint    ] Application time: 1.0001680 seconds
[2022-06-13T02:03:16.927+0000][1][safepoint    ] Entering safepoint region: Cleanup
[2022-06-13T02:03:16.927+0000][1][safepoint    ] Leaving safepoint region
[2022-06-13T02:03:16.928+0000][1][safepoint    ] Total time for which application threads were stopped: 0.0008841 seconds, Stopping threads took: 0.0004215 seconds
[2022-06-13T02:03:17.928+0000][1][safepoint    ] Application time: 1.0002737 seconds
[2022-06-13T02:03:17.929+0000][1][safepoint    ] Entering safepoint region: Cleanup
[2022-06-13T02:03:17.929+0000][1][safepoint    ] Leaving safepoint region
[2022-06-13T02:03:17.930+0000][1][safepoint    ] Total time for which application threads were stopped: 0.0008868 seconds, Stopping threads took: 0.0004525 seconds
[2022-06-13T02:03:18.930+0000][1][safepoint    ] Application time: 1.0002369 seconds
[2022-06-13T02:03:18.931+0000][1][safepoint    ] Entering safepoint region: Cleanup
[2022-06-13T02:03:18.932+0000][1][safepoint    ] Leaving safepoint region
[2022-06-13T02:03:18.932+0000][1][safepoint    ] Total time for which application threads were stopped: 0.0011057 seconds, Stopping threads took: 0.0005774 seconds
[2022-06-13T02:03:19.933+0000][1][safepoint    ] Application time: 1.0002254 seconds
[2022-06-13T02:03:19.933+0000][1][safepoint    ] Entering safepoint region: Cleanup
[2022-06-13T02:03:19.934+0000][1][safepoint    ] Leaving safepoint region
[2022-06-13T02:03:19.934+0000][1][safepoint    ] Total time for which application threads were stopped: 0.0010120 seconds, Stopping threads took: 0.0005186 seconds
[2022-06-13T02:03:20.935+0000][1][safepoint    ] Application time: 1.0001739 seconds
[2022-06-13T02:03:20.936+0000][1][safepoint    ] Entering safepoint region: Cleanup
[2022-06-13T02:03:20.936+0000][1][safepoint    ] Leaving safepoint region
[2022-06-13T02:03:20.936+0000][1][safepoint    ] Total time for which application threads were stopped: 0.0009259 seconds, Stopping threads took: 0.0003608 seconds
[2022-06-13T02:03:21.937+0000][1][safepoint    ] Application time: 1.0002347 seconds
[2022-06-13T02:03:21.938+0000][1][safepoint    ] Entering safepoint region: Cleanup
[2022-06-13T02:03:21.939+0000][1][safepoint    ] Leaving safepoint region
[2022-06-13T02:03:21.939+0000][1][safepoint    ] Total time for which application threads were stopped: 0.0012458 seconds, Stopping threads took: 0.0005572 seconds
[2022-06-13T02:03:22.940+0000][1][safepoint    ] Application time: 1.0002561 seconds
[2022-06-13T02:03:22.941+0000][1][safepoint    ] Entering safepoint region: Cleanup
[2022-06-13T02:03:22.942+0000][1][safepoint    ] Leaving safepoint region
[2022-06-13T02:03:22.942+0000][1][safepoint    ] Total time for which application threads were stopped: 0.0013965 seconds, Stopping threads took: 0.0007776 seconds
[2022-06-13T02:03:23.943+0000][1][safepoint    ] Application time: 1.0001980 seconds
[2022-06-13T02:03:23.943+0000][1][safepoint    ] Entering safepoint region: Cleanup
[2022-06-13T02:03:23.944+0000][1][safepoint    ] Leaving safepoint region
[2022-06-13T02:03:23.944+0000][1][safepoint    ] Total time for which application threads were stopped: 0.0005949 seconds, Stopping threads took: 0.0003204 seconds
[2022-06-13T02:03:24.723+0000][1][safepoint    ] Application time: 0.7786366 seconds
[2022-06-13T02:03:24.723+0000][1][safepoint    ] Entering safepoint region: GenCollectForAllocation
[2022-06-13T02:03:24.724+0000][1][gc,start     ] GC(26) Pause Young (Allocation Failure)
[2022-06-13T02:03:24.724+0000][1][gc,task      ] GC(26) Using 5 workers of 13 for evacuation
[2022-06-13T02:03:24.727+0000][1][gc,age       ] GC(26) Desired survivor size 4456448 bytes, new threshold 6 (max threshold 6)
[2022-06-13T02:03:24.727+0000][1][gc,age       ] GC(26) Age table with threshold 6 (max threshold 6)
[2022-06-13T02:03:24.728+0000][1][gc,age       ] GC(26) - age   1:      33056 bytes,      33056 total
[2022-06-13T02:03:24.728+0000][1][gc,age       ] GC(26) - age   2:      28696 bytes,      61752 total
[2022-06-13T02:03:24.728+0000][1][gc,age       ] GC(26) - age   3:      17288 bytes,      79040 total
[2022-06-13T02:03:24.729+0000][1][gc,age       ] GC(26) - age   4:      64328 bytes,     143368 total
[2022-06-13T02:03:24.729+0000][1][gc,age       ] GC(26) - age   5:    1277736 bytes,    1421104 total
[2022-06-13T02:03:24.730+0000][1][gc,heap      ] GC(26) ParNew: 71909K->2195K(78656K)
[2022-06-13T02:03:24.730+0000][1][gc,heap      ] GC(26) CMS: 68052K->68052K(174784K)
[2022-06-13T02:03:24.730+0000][1][gc,metaspace ] GC(26) Metaspace: 65236K->65236K(1110016K)
[2022-06-13T02:03:24.731+0000][1][gc           ] GC(26) Pause Young (Allocation Failure) 136M->68M(247M) 7.011ms
[2022-06-13T02:03:24.731+0000][1][gc,cpu       ] GC(26) User=0.01s Sys=0.00s Real=0.01s
[2022-06-13T02:03:24.731+0000][1][safepoint    ] Leaving safepoint region
[2022-06-13T02:03:24.732+0000][1][safepoint    ] Total time for which application threads were stopped: 0.0083403 seconds, Stopping threads took: 0.0003703 seconds
[2022-06-13T02:03:25.732+0000][1][safepoint    ] Application time: 1.0001560 seconds
[2022-06-13T02:03:25.732+0000][1][safepoint    ] Entering safepoint region: Cleanup
[2022-06-13T02:03:25.732+0000][1][safepoint    ] Leaving safepoint region
[2022-06-13T02:03:25.733+0000][1][safepoint    ] Total time for which application threads were stopped: 0.0006274 seconds, Stopping threads took: 0.0001740 seconds
[2022-06-13T02:03:26.733+0000][1][safepoint    ] Application time: 1.0001160 seconds
[2022-06-13T02:03:26.733+0000][1][safepoint    ] Entering safepoint region: Cleanup
[2022-06-13T02:03:26.734+0000][1][safepoint    ] Leaving safepoint region
[2022-06-13T02:03:26.734+0000][1][safepoint    ] Total time for which application threads were stopped: 0.0008433 seconds, Stopping threads took: 0.0003135 seconds
[2022-06-13T02:03:27.734+0000][1][safepoint    ] Application time: 1.0001130 seconds
[2022-06-13T02:03:27.735+0000][1][safepoint    ] Entering safepoint region: Cleanup
[2022-06-13T02:03:27.735+0000][1][safepoint    ] Leaving safepoint region
[2022-06-13T02:03:27.736+0000][1][safepoint    ] Total time for which application threads were stopped: 0.0007831 seconds, Stopping threads took: 0.0003312 seconds
[2022-06-13T02:03:28.736+0000][1][safepoint    ] Application time: 1.0000976 seconds
[2022-06-13T02:03:28.737+0000][1][safepoint    ] Entering safepoint region: Cleanup
[2022-06-13T02:03:28.737+0000][1][safepoint    ] Leaving safepoint region
[2022-06-13T02:03:28.737+0000][1][safepoint    ] Total time for which application threads were stopped: 0.0005648 seconds, Stopping threads took: 0.0002690 seconds
[2022-06-13T02:03:29.737+0000][1][safepoint    ] Application time: 1.0001300 seconds
[2022-06-13T02:03:29.738+0000][1][safepoint    ] Entering safepoint region: Cleanup
[2022-06-13T02:03:29.738+0000][1][safepoint    ] Leaving safepoint region
[2022-06-13T02:03:29.739+0000][1][safepoint    ] Total time for which application threads were stopped: 0.0007715 seconds, Stopping threads took: 0.0002973 seconds
[2022-06-13T02:03:30.781+0000][1][safepoint    ] Application time: 1.0421041 seconds
[2022-06-13T02:03:30.781+0000][1][safepoint    ] Entering safepoint region: Cleanup
[2022-06-13T02:03:30.782+0000][1][safepoint    ] Leaving safepoint region
[2022-06-13T02:03:30.782+0000][1][safepoint    ] Total time for which application threads were stopped: 0.0007751 seconds, Stopping threads took: 0.0003840 seconds
[2022-06-13T02:03:31.783+0000][1][safepoint    ] Application time: 1.0001901 seconds
[2022-06-13T02:03:31.783+0000][1][safepoint    ] Entering safepoint region: Cleanup
[2022-06-13T02:03:31.784+0000][1][safepoint    ] Leaving safepoint region
[2022-06-13T02:03:31.784+0000][1][safepoint    ] Total time for which application threads were stopped: 0.0007922 seconds, Stopping threads took: 0.0002698 seconds
[2022-06-13T02:03:32.785+0000][1][safepoint    ] Application time: 1.0001789 seconds
[2022-06-13T02:03:32.785+0000][1][safepoint    ] Entering safepoint region: Cleanup
[2022-06-13T02:03:32.785+0000][1][safepoint    ] Leaving safepoint region
[2022-06-13T02:03:32.786+0000][1][safepoint    ] Total time for which application threads were stopped: 0.0005792 seconds, Stopping threads took: 0.0002024 seconds
[2022-06-13T02:03:32.969+0000][1][safepoint    ] Application time: 0.1830702 seconds
[2022-06-13T02:03:32.970+0000][1][safepoint    ] Entering safepoint region: RevokeBias
[2022-06-13T02:03:32.970+0000][1][safepoint    ] Leaving safepoint region
[2022-06-13T02:03:32.970+0000][1][safepoint    ] Total time for which application threads were stopped: 0.0007825 seconds, Stopping threads took: 0.0003506 seconds
[2022-06-13T02:03:33.971+0000][1][safepoint    ] Application time: 1.0001636 seconds
[2022-06-13T02:03:33.971+0000][1][safepoint    ] Entering safepoint region: Cleanup
[2022-06-13T02:03:33.972+0000][1][safepoint    ] Leaving safepoint region
[2022-06-13T02:03:33.972+0000][1][safepoint    ] Total time for which application threads were stopped: 0.0008778 seconds, Stopping threads took: 0.0004334 seconds
[2022-06-13T02:03:34.973+0000][1][safepoint    ] Application time: 1.0002592 seconds
[2022-06-13T02:03:34.974+0000][1][safepoint    ] Entering safepoint region: Cleanup
[2022-06-13T02:03:34.974+0000][1][safepoint    ] Leaving safepoint region
[2022-06-13T02:03:34.975+0000][1][safepoint    ] Total time for which application threads were stopped: 0.0009950 seconds, Stopping threads took: 0.0004846 seconds
[2022-06-13T02:03:35.975+0000][1][safepoint    ] Application time: 1.0001704 seconds
[2022-06-13T02:03:35.976+0000][1][safepoint    ] Entering safepoint region: Cleanup
[2022-06-13T02:03:35.976+0000][1][safepoint    ] Leaving safepoint region
[2022-06-13T02:03:35.976+0000][1][safepoint    ] Total time for which application threads were stopped: 0.0008815 seconds, Stopping threads took: 0.0004310 seconds
[2022-06-13T02:03:36.977+0000][1][safepoint    ] Application time: 1.0002635 seconds
[2022-06-13T02:03:36.978+0000][1][safepoint    ] Entering safepoint region: Cleanup
[2022-06-13T02:03:36.978+0000][1][safepoint    ] Leaving safepoint region
[2022-06-13T02:03:36.978+0000][1][safepoint    ] Total time for which application threads were stopped: 0.0006717 seconds, Stopping threads took: 0.0002624 seconds
[2022-06-13T02:03:37.979+0000][1][safepoint    ] Application time: 1.0003312 seconds
[2022-06-13T02:03:37.980+0000][1][safepoint    ] Entering safepoint region: Cleanup
[2022-06-13T02:03:37.980+0000][1][safepoint    ] Leaving safepoint region
[2022-06-13T02:03:37.981+0000][1][safepoint    ] Total time for which application threads were stopped: 0.0017941 seconds, Stopping threads took: 0.0007327 seconds
[2022-06-13T02:03:38.982+0000][1][safepoint    ] Application time: 1.0001042 seconds
[2022-06-13T02:03:38.982+0000][1][safepoint    ] Entering safepoint region: Cleanup
[2022-06-13T02:03:38.983+0000][1][safepoint    ] Leaving safepoint region
[2022-06-13T02:03:38.983+0000][1][safepoint    ] Total time for which application threads were stopped: 0.0008380 seconds, Stopping threads took: 0.0003328 seconds
[2022-06-13T02:03:39.984+0000][1][safepoint    ] Application time: 1.0002392 seconds
[2022-06-13T02:03:39.984+0000][1][safepoint    ] Entering safepoint region: Cleanup
[2022-06-13T02:03:39.985+0000][1][safepoint    ] Leaving safepoint region
[2022-06-13T02:03:39.985+0000][1][safepoint    ] Total time for which application threads were stopped: 0.0007804 seconds, Stopping threads took: 0.0003277 seconds
[2022-06-13T02:03:40.986+0000][1][safepoint    ] Application time: 1.0002226 seconds
[2022-06-13T02:03:40.986+0000][1][safepoint    ] Entering safepoint region: Cleanup
[2022-06-13T02:03:40.986+0000][1][safepoint    ] Leaving safepoint region
[2022-06-13T02:03:40.987+0000][1][safepoint    ] Total time for which application threads were stopped: 0.0005146 seconds, Stopping threads took: 0.0002318 seconds
[2022-06-13T02:03:41.987+0000][1][safepoint    ] Application time: 1.0002028 seconds
[2022-06-13T02:03:41.988+0000][1][safepoint    ] Entering safepoint region: Cleanup
[2022-06-13T02:03:41.988+0000][1][safepoint    ] Leaving safepoint region
[2022-06-13T02:03:41.989+0000][1][safepoint    ] Total time for which application threads were stopped: 0.0009632 seconds, Stopping threads took: 0.0004646 seconds
[2022-06-13T02:03:42.989+0000][1][safepoint    ] Application time: 1.0002179 seconds
[2022-06-13T02:03:42.990+0000][1][safepoint    ] Entering safepoint region: Cleanup
[2022-06-13T02:03:42.990+0000][1][safepoint    ] Leaving safepoint region
[2022-06-13T02:03:42.991+0000][1][safepoint    ] Total time for which application threads were stopped: 0.0006896 seconds, Stopping threads took: 0.0002915 seconds
[2022-06-13T02:03:43.991+0000][1][safepoint    ] Application time: 1.0002646 seconds
[2022-06-13T02:03:43.992+0000][1][safepoint    ] Entering safepoint region: Cleanup
[2022-06-13T02:03:43.992+0000][1][safepoint    ] Leaving safepoint region
[2022-06-13T02:03:43.992+0000][1][safepoint    ] Total time for which application threads were stopped: 0.0006829 seconds, Stopping threads took: 0.0003270 seconds
[2022-06-13T02:03:45.745+0000][1][safepoint    ] Application time: 1.7520924 seconds
[2022-06-13T02:03:45.745+0000][1][safepoint    ] Entering safepoint region: Cleanup
[2022-06-13T02:03:45.745+0000][1][safepoint    ] Leaving safepoint region
[2022-06-13T02:03:45.746+0000][1][safepoint    ] Total time for which application threads were stopped: 0.0004904 seconds, Stopping threads took: 0.0001537 seconds
[2022-06-13T02:03:46.746+0000][1][safepoint    ] Application time: 1.0001873 seconds
[2022-06-13T02:03:46.746+0000][1][safepoint    ] Entering safepoint region: Cleanup
[2022-06-13T02:03:46.747+0000][1][safepoint    ] Leaving safepoint region
[2022-06-13T02:03:46.747+0000][1][safepoint    ] Total time for which application threads were stopped: 0.0007723 seconds, Stopping threads took: 0.0003770 seconds
[2022-06-13T02:03:47.748+0000][1][safepoint    ] Application time: 1.0001315 seconds
[2022-06-13T02:03:47.748+0000][1][safepoint    ] Entering safepoint region: Cleanup
[2022-06-13T02:03:47.749+0000][1][safepoint    ] Leaving safepoint region
[2022-06-13T02:03:47.749+0000][1][safepoint    ] Total time for which application threads were stopped: 0.0007710 seconds, Stopping threads took: 0.0002878 seconds
[2022-06-13T02:03:48.749+0000][1][safepoint    ] Application time: 1.0001367 seconds
[2022-06-13T02:03:48.750+0000][1][safepoint    ] Entering safepoint region: Cleanup
[2022-06-13T02:03:48.750+0000][1][safepoint    ] Leaving safepoint region
[2022-06-13T02:03:48.750+0000][1][safepoint    ] Total time for which application threads were stopped: 0.0005295 seconds, Stopping threads took: 0.0002517 seconds
[2022-06-13T02:03:49.750+0000][1][safepoint    ] Application time: 1.0001296 seconds
[2022-06-13T02:03:49.751+0000][1][safepoint    ] Entering safepoint region: Cleanup
[2022-06-13T02:03:49.751+0000][1][safepoint    ] Leaving safepoint region
[2022-06-13T02:03:49.751+0000][1][safepoint    ] Total time for which application threads were stopped: 0.0005912 seconds, Stopping threads took: 0.0002691 seconds
[2022-06-13T02:03:50.752+0000][1][safepoint    ] Application time: 1.0001985 seconds
[2022-06-13T02:03:50.752+0000][1][safepoint    ] Entering safepoint region: Cleanup
[2022-06-13T02:03:50.752+0000][1][safepoint    ] Leaving safepoint region
[2022-06-13T02:03:50.752+0000][1][safepoint    ] Total time for which application threads were stopped: 0.0004767 seconds, Stopping threads took: 0.0002055 seconds
[2022-06-13T02:03:51.753+0000][1][safepoint    ] Application time: 1.0001919 seconds
[2022-06-13T02:03:51.753+0000][1][safepoint    ] Entering safepoint region: Cleanup
[2022-06-13T02:03:51.754+0000][1][safepoint    ] Leaving safepoint region
[2022-06-13T02:03:51.755+0000][1][safepoint    ] Total time for which application threads were stopped: 0.0011900 seconds, Stopping threads took: 0.0005201 seconds
[2022-06-13T02:03:52.755+0000][1][safepoint    ] Application time: 1.0003159 seconds
[2022-06-13T02:03:52.756+0000][1][safepoint    ] Entering safepoint region: Cleanup
[2022-06-13T02:03:52.756+0000][1][safepoint    ] Leaving safepoint region
[2022-06-13T02:03:52.757+0000][1][safepoint    ] Total time for which application threads were stopped: 0.0007075 seconds, Stopping threads took: 0.0003960 seconds
[2022-06-13T02:03:53.757+0000][1][safepoint    ] Application time: 1.0001791 seconds
[2022-06-13T02:03:53.757+0000][1][safepoint    ] Entering safepoint region: Cleanup
[2022-06-13T02:03:53.758+0000][1][safepoint    ] Leaving safepoint region
[2022-06-13T02:03:53.758+0000][1][safepoint    ] Total time for which application threads were stopped: 0.0007032 seconds, Stopping threads took: 0.0002724 seconds
[2022-06-13T02:03:54.759+0000][1][safepoint    ] Application time: 1.0001570 seconds
[2022-06-13T02:03:54.759+0000][1][safepoint    ] Entering safepoint region: Cleanup
[2022-06-13T02:03:54.760+0000][1][safepoint    ] Leaving safepoint region
[2022-06-13T02:03:54.760+0000][1][safepoint    ] Total time for which application threads were stopped: 0.0009792 seconds, Stopping threads took: 0.0005718 seconds
[2022-06-13T02:03:55.760+0000][1][safepoint    ] Application time: 1.0000982 seconds
[2022-06-13T02:03:55.761+0000][1][safepoint    ] Entering safepoint region: Cleanup
[2022-06-13T02:03:55.761+0000][1][safepoint    ] Leaving safepoint region
[2022-06-13T02:03:55.761+0000][1][safepoint    ] Total time for which application threads were stopped: 0.0007424 seconds, Stopping threads took: 0.0003670 seconds
[2022-06-13T02:03:56.762+0000][1][safepoint    ] Application time: 1.0001017 seconds
[2022-06-13T02:03:56.762+0000][1][safepoint    ] Entering safepoint region: Cleanup
[2022-06-13T02:03:56.763+0000][1][safepoint    ] Leaving safepoint region
[2022-06-13T02:03:56.763+0000][1][safepoint    ] Total time for which application threads were stopped: 0.0006353 seconds, Stopping threads took: 0.0002961 seconds
[2022-06-13T02:03:57.763+0000][1][safepoint    ] Application time: 1.0000933 seconds
[2022-06-13T02:03:57.764+0000][1][safepoint    ] Entering safepoint region: Cleanup
[2022-06-13T02:03:57.764+0000][1][safepoint    ] Leaving safepoint region
[2022-06-13T02:03:57.764+0000][1][safepoint    ] Total time for which application threads were stopped: 0.0004677 seconds, Stopping threads took: 0.0002663 seconds
[2022-06-13T02:03:58.764+0000][1][safepoint    ] Application time: 1.0001634 seconds
[2022-06-13T02:03:58.765+0000][1][safepoint    ] Entering safepoint region: Cleanup
[2022-06-13T02:03:58.765+0000][1][safepoint    ] Leaving safepoint region
[2022-06-13T02:03:58.765+0000][1][safepoint    ] Total time for which application threads were stopped: 0.0007334 seconds, Stopping threads took: 0.0001567 seconds
[2022-06-13T02:03:59.766+0000][1][safepoint    ] Application time: 1.0001055 seconds
[2022-06-13T02:03:59.766+0000][1][safepoint    ] Entering safepoint region: Cleanup
[2022-06-13T02:03:59.766+0000][1][safepoint    ] Leaving safepoint region
[2022-06-13T02:03:59.766+0000][1][safepoint    ] Total time for which application threads were stopped: 0.0004073 seconds, Stopping threads took: 0.0001810 seconds
[2022-06-13T02:04:00.767+0000][1][safepoint    ] Application time: 1.0001109 seconds
[2022-06-13T02:04:00.767+0000][1][safepoint    ] Entering safepoint region: Cleanup
[2022-06-13T02:04:00.767+0000][1][safepoint    ] Leaving safepoint region
[2022-06-13T02:04:00.768+0000][1][safepoint    ] Total time for which application threads were stopped: 0.0008289 seconds, Stopping threads took: 0.0002708 seconds
[2022-06-13T02:04:01.768+0000][1][safepoint    ] Application time: 1.0000891 seconds
[2022-06-13T02:04:01.768+0000][1][safepoint    ] Entering safepoint region: Cleanup
[2022-06-13T02:04:01.769+0000][1][safepoint    ] Leaving safepoint region
[2022-06-13T02:04:01.769+0000][1][safepoint    ] Total time for which application threads were stopped: 0.0003603 seconds, Stopping threads took: 0.0001381 seconds
[2022-06-13T02:04:02.769+0000][1][safepoint    ] Application time: 1.0000659 seconds
[2022-06-13T02:04:02.769+0000][1][safepoint    ] Entering safepoint region: Cleanup
[2022-06-13T02:04:02.770+0000][1][safepoint    ] Leaving safepoint region
[2022-06-13T02:04:02.770+0000][1][safepoint    ] Total time for which application threads were stopped: 0.0003910 seconds, Stopping threads took: 0.0001356 seconds
[2022-06-13T02:04:03.770+0000][1][safepoint    ] Application time: 1.0000915 seconds
[2022-06-13T02:04:03.770+0000][1][safepoint    ] Entering safepoint region: Cleanup
[2022-06-13T02:04:03.770+0000][1][safepoint    ] Leaving safepoint region
[2022-06-13T02:04:03.771+0000][1][safepoint    ] Total time for which application threads were stopped: 0.0004761 seconds, Stopping threads took: 0.0001463 seconds
[2022-06-13T02:04:04.771+0000][1][safepoint    ] Application time: 1.0001247 seconds
[2022-06-13T02:04:04.771+0000][1][safepoint    ] Entering safepoint region: Cleanup
[2022-06-13T02:04:04.771+0000][1][safepoint    ] Leaving safepoint region
[2022-06-13T02:04:04.772+0000][1][safepoint    ] Total time for which application threads were stopped: 0.0002952 seconds, Stopping threads took: 0.0001172 seconds
[2022-06-13T02:04:05.772+0000][1][safepoint    ] Application time: 1.0001627 seconds
[2022-06-13T02:04:05.772+0000][1][safepoint    ] Entering safepoint region: Cleanup
[2022-06-13T02:04:05.772+0000][1][safepoint    ] Leaving safepoint region
[2022-06-13T02:04:05.772+0000][1][safepoint    ] Total time for which application threads were stopped: 0.0003509 seconds, Stopping threads took: 0.0001545 seconds
[2022-06-13T02:04:06.773+0000][1][safepoint    ] Application time: 1.0000938 seconds
[2022-06-13T02:04:06.773+0000][1][safepoint    ] Entering safepoint region: Cleanup
[2022-06-13T02:04:06.773+0000][1][safepoint    ] Leaving safepoint region
[2022-06-13T02:04:06.773+0000][1][safepoint    ] Total time for which application threads were stopped: 0.0003637 seconds, Stopping threads took: 0.0001935 seconds
[2022-06-13T02:04:07.774+0000][1][safepoint    ] Application time: 1.0001640 seconds
[2022-06-13T02:04:07.774+0000][1][safepoint    ] Entering safepoint region: Cleanup
[2022-06-13T02:04:07.774+0000][1][safepoint    ] Leaving safepoint region
[2022-06-13T02:04:07.775+0000][1][safepoint    ] Total time for which application threads were stopped: 0.0007949 seconds, Stopping threads took: 0.0003280 seconds
[2022-06-13T02:04:08.775+0000][1][safepoint    ] Application time: 1.0001308 seconds
[2022-06-13T02:04:08.776+0000][1][safepoint    ] Entering safepoint region: Cleanup
[2022-06-13T02:04:08.776+0000][1][safepoint    ] Leaving safepoint region
[2022-06-13T02:04:08.776+0000][1][safepoint    ] Total time for which application threads were stopped: 0.0003987 seconds, Stopping threads took: 0.0001327 seconds
[2022-06-13T02:04:09.776+0000][1][safepoint    ] Application time: 1.0001074 seconds
[2022-06-13T02:04:09.776+0000][1][safepoint    ] Entering safepoint region: Cleanup
[2022-06-13T02:04:09.777+0000][1][safepoint    ] Leaving safepoint region
[2022-06-13T02:04:09.777+0000][1][safepoint    ] Total time for which application threads were stopped: 0.0003814 seconds, Stopping threads took: 0.0001733 seconds
[2022-06-13T02:04:10.777+0000][1][safepoint    ] Application time: 1.0000979 seconds
[2022-06-13T02:04:10.778+0000][1][safepoint    ] Entering safepoint region: Cleanup
[2022-06-13T02:04:10.778+0000][1][safepoint    ] Leaving safepoint region
[2022-06-13T02:04:10.778+0000][1][safepoint    ] Total time for which application threads were stopped: 0.0008370 seconds, Stopping threads took: 0.0003417 seconds
[2022-06-13T02:04:11.779+0000][1][safepoint    ] Application time: 1.0000908 seconds
[2022-06-13T02:04:11.779+0000][1][safepoint    ] Entering safepoint region: Cleanup
[2022-06-13T02:04:11.780+0000][1][safepoint    ] Leaving safepoint region
[2022-06-13T02:04:11.780+0000][1][safepoint    ] Total time for which application threads were stopped: 0.0008780 seconds, Stopping threads took: 0.0004607 seconds
[2022-06-13T02:04:12.780+0000][1][safepoint    ] Application time: 1.0001185 seconds
[2022-06-13T02:04:12.780+0000][1][safepoint    ] Entering safepoint region: Cleanup
[2022-06-13T02:04:12.781+0000][1][safepoint    ] Leaving safepoint region
[2022-06-13T02:04:12.781+0000][1][safepoint    ] Total time for which application threads were stopped: 0.0005445 seconds, Stopping threads took: 0.0002335 seconds
[2022-06-13T02:04:13.781+0000][1][safepoint    ] Application time: 1.0003124 seconds
[2022-06-13T02:04:13.782+0000][1][safepoint    ] Entering safepoint region: Cleanup
[2022-06-13T02:04:13.782+0000][1][safepoint    ] Leaving safepoint region
[2022-06-13T02:04:13.782+0000][1][safepoint    ] Total time for which application threads were stopped: 0.0004523 seconds, Stopping threads took: 0.0001853 seconds
[2022-06-13T02:04:14.783+0000][1][safepoint    ] Application time: 1.0001035 seconds
[2022-06-13T02:04:14.783+0000][1][safepoint    ] Entering safepoint region: Cleanup
[2022-06-13T02:04:14.783+0000][1][safepoint    ] Leaving safepoint region
[2022-06-13T02:04:14.783+0000][1][safepoint    ] Total time for which application threads were stopped: 0.0003450 seconds, Stopping threads took: 0.0001199 seconds
[2022-06-13T02:04:15.783+0000][1][safepoint    ] Application time: 1.0002178 seconds
[2022-06-13T02:04:15.784+0000][1][safepoint    ] Entering safepoint region: Cleanup
[2022-06-13T02:04:15.784+0000][1][safepoint    ] Leaving safepoint region
[2022-06-13T02:04:15.785+0000][1][safepoint    ] Total time for which application threads were stopped: 0.0004922 seconds, Stopping threads took: 0.0002208 seconds
[2022-06-13T02:04:16.785+0000][1][safepoint    ] Application time: 1.0002618 seconds
[2022-06-13T02:04:16.785+0000][1][safepoint    ] Entering safepoint region: Cleanup
[2022-06-13T02:04:16.786+0000][1][safepoint    ] Leaving safepoint region
[2022-06-13T02:04:16.786+0000][1][safepoint    ] Total time for which application threads were stopped: 0.0007740 seconds, Stopping threads took: 0.0005098 seconds
[2022-06-13T02:04:17.787+0000][1][safepoint    ] Application time: 1.0001863 seconds
[2022-06-13T02:04:17.787+0000][1][safepoint    ] Entering safepoint region: Cleanup
[2022-06-13T02:04:17.788+0000][1][safepoint    ] Leaving safepoint region
[2022-06-13T02:04:17.788+0000][1][safepoint    ] Total time for which application threads were stopped: 0.0009404 seconds, Stopping threads took: 0.0004470 seconds
[2022-06-13T02:04:18.789+0000][1][safepoint    ] Application time: 1.0002148 seconds
[2022-06-13T02:04:18.790+0000][1][safepoint    ] Entering safepoint region: Cleanup
[2022-06-13T02:04:18.790+0000][1][safepoint    ] Leaving safepoint region
[2022-06-13T02:04:18.791+0000][1][safepoint    ] Total time for which application threads were stopped: 0.0011022 seconds, Stopping threads took: 0.0004113 seconds
[2022-06-13T02:04:19.791+0000][1][safepoint    ] Application time: 1.0001245 seconds
[2022-06-13T02:04:19.792+0000][1][safepoint    ] Entering safepoint region: Cleanup
[2022-06-13T02:04:19.792+0000][1][safepoint    ] Leaving safepoint region
[2022-06-13T02:04:19.792+0000][1][safepoint    ] Total time for which application threads were stopped: 0.0005684 seconds, Stopping threads took: 0.0001782 seconds
[2022-06-13T02:04:20.793+0000][1][safepoint    ] Application time: 1.0001531 seconds
[2022-06-13T02:04:20.793+0000][1][safepoint    ] Entering safepoint region: Cleanup
[2022-06-13T02:04:20.794+0000][1][safepoint    ] Leaving safepoint region
[2022-06-13T02:04:20.794+0000][1][safepoint    ] Total time for which application threads were stopped: 0.0005581 seconds, Stopping threads took: 0.0003187 seconds
[2022-06-13T02:04:21.794+0000][1][safepoint    ] Application time: 1.0002156 seconds
[2022-06-13T02:04:21.795+0000][1][safepoint    ] Entering safepoint region: Cleanup
[2022-06-13T02:04:21.795+0000][1][safepoint    ] Leaving safepoint region
[2022-06-13T02:04:21.796+0000][1][safepoint    ] Total time for which application threads were stopped: 0.0007636 seconds, Stopping threads took: 0.0003884 seconds
[2022-06-13T02:04:22.796+0000][1][safepoint    ] Application time: 1.0001678 seconds
[2022-06-13T02:04:22.796+0000][1][safepoint    ] Entering safepoint region: Cleanup
[2022-06-13T02:04:22.797+0000][1][safepoint    ] Leaving safepoint region
[2022-06-13T02:04:22.797+0000][1][safepoint    ] Total time for which application threads were stopped: 0.0005860 seconds, Stopping threads took: 0.0002815 seconds
[2022-06-13T02:04:23.798+0000][1][safepoint    ] Application time: 1.0002720 seconds
[2022-06-13T02:04:23.798+0000][1][safepoint    ] Entering safepoint region: Cleanup
[2022-06-13T02:04:23.799+0000][1][safepoint    ] Leaving safepoint region
[2022-06-13T02:04:23.799+0000][1][safepoint    ] Total time for which application threads were stopped: 0.0010288 seconds, Stopping threads took: 0.0004999 seconds
[2022-06-13T02:04:24.800+0000][1][safepoint    ] Application time: 1.0003219 seconds
[2022-06-13T02:04:24.801+0000][1][safepoint    ] Entering safepoint region: Cleanup
[2022-06-13T02:04:24.801+0000][1][safepoint    ] Leaving safepoint region
[2022-06-13T02:04:24.801+0000][1][safepoint    ] Total time for which application threads were stopped: 0.0006011 seconds, Stopping threads took: 0.0003072 seconds
[2022-06-13T02:04:25.802+0000][1][safepoint    ] Application time: 1.0001386 seconds
[2022-06-13T02:04:25.802+0000][1][safepoint    ] Entering safepoint region: Cleanup
[2022-06-13T02:04:25.803+0000][1][safepoint    ] Leaving safepoint region
[2022-06-13T02:04:25.803+0000][1][safepoint    ] Total time for which application threads were stopped: 0.0007466 seconds, Stopping threads took: 0.0003307 seconds
[2022-06-13T02:04:26.803+0000][1][safepoint    ] Application time: 1.0002092 seconds
[2022-06-13T02:04:26.804+0000][1][safepoint    ] Entering safepoint region: Cleanup
[2022-06-13T02:04:26.804+0000][1][safepoint    ] Leaving safepoint region
[2022-06-13T02:04:26.804+0000][1][safepoint    ] Total time for which application threads were stopped: 0.0004713 seconds, Stopping threads took: 0.0001859 seconds
[2022-06-13T02:04:27.805+0000][1][safepoint    ] Application time: 1.0001854 seconds
[2022-06-13T02:04:27.805+0000][1][safepoint    ] Entering safepoint region: Cleanup
[2022-06-13T02:04:27.805+0000][1][safepoint    ] Leaving safepoint region
[2022-06-13T02:04:27.806+0000][1][safepoint    ] Total time for which application threads were stopped: 0.0005368 seconds, Stopping threads took: 0.0002203 seconds
[2022-06-13T02:04:28.806+0000][1][safepoint    ] Application time: 1.0002287 seconds
[2022-06-13T02:04:28.807+0000][1][safepoint    ] Entering safepoint region: Cleanup
[2022-06-13T02:04:28.807+0000][1][safepoint    ] Leaving safepoint region
[2022-06-13T02:04:28.808+0000][1][safepoint    ] Total time for which application threads were stopped: 0.0008674 seconds, Stopping threads took: 0.0002794 seconds
[2022-06-13T02:04:29.808+0000][1][safepoint    ] Application time: 1.0001803 seconds
[2022-06-13T02:04:29.809+0000][1][safepoint    ] Entering safepoint region: Cleanup
[2022-06-13T02:04:29.809+0000][1][safepoint    ] Leaving safepoint region
[2022-06-13T02:04:29.809+0000][1][safepoint    ] Total time for which application threads were stopped: 0.0005167 seconds, Stopping threads took: 0.0002354 seconds
[2022-06-13T02:04:30.810+0000][1][safepoint    ] Application time: 1.0003218 seconds
[2022-06-13T02:04:30.810+0000][1][safepoint    ] Entering safepoint region: Cleanup
[2022-06-13T02:04:30.811+0000][1][safepoint    ] Leaving safepoint region
[2022-06-13T02:04:30.811+0000][1][safepoint    ] Total time for which application threads were stopped: 0.0007836 seconds, Stopping threads took: 0.0004205 seconds
[2022-06-13T02:04:31.812+0000][1][safepoint    ] Application time: 1.0002312 seconds
[2022-06-13T02:04:31.812+0000][1][safepoint    ] Entering safepoint region: Cleanup
[2022-06-13T02:04:31.812+0000][1][safepoint    ] Leaving safepoint region
[2022-06-13T02:04:31.813+0000][1][safepoint    ] Total time for which application threads were stopped: 0.0007257 seconds, Stopping threads took: 0.0003038 seconds
[2022-06-13T02:04:32.813+0000][1][safepoint    ] Application time: 1.0003180 seconds
[2022-06-13T02:04:32.814+0000][1][safepoint    ] Entering safepoint region: Cleanup
[2022-06-13T02:04:32.814+0000][1][safepoint    ] Leaving safepoint region
[2022-06-13T02:04:32.814+0000][1][safepoint    ] Total time for which application threads were stopped: 0.0006968 seconds, Stopping threads took: 0.0003230 seconds
[2022-06-13T02:04:33.815+0000][1][safepoint    ] Application time: 1.0001055 seconds
[2022-06-13T02:04:33.816+0000][1][safepoint    ] Entering safepoint region: Cleanup
[2022-06-13T02:04:33.816+0000][1][safepoint    ] Leaving safepoint region
[2022-06-13T02:04:33.817+0000][1][safepoint    ] Total time for which application threads were stopped: 0.0011727 seconds, Stopping threads took: 0.0005043 seconds
[2022-06-13T02:04:34.817+0000][1][safepoint    ] Application time: 1.0001966 seconds
[2022-06-13T02:04:34.818+0000][1][safepoint    ] Entering safepoint region: Cleanup
[2022-06-13T02:04:34.819+0000][1][safepoint    ] Leaving safepoint region
[2022-06-13T02:04:34.819+0000][1][safepoint    ] Total time for which application threads were stopped: 0.0009894 seconds, Stopping threads took: 0.0004844 seconds
[2022-06-13T02:04:35.819+0000][1][safepoint    ] Application time: 1.0001842 seconds
[2022-06-13T02:04:35.820+0000][1][safepoint    ] Entering safepoint region: Cleanup
[2022-06-13T02:04:35.820+0000][1][safepoint    ] Leaving safepoint region
[2022-06-13T02:04:35.820+0000][1][safepoint    ] Total time for which application threads were stopped: 0.0007311 seconds, Stopping threads took: 0.0004180 seconds
[2022-06-13T02:04:36.821+0000][1][safepoint    ] Application time: 1.0002482 seconds
[2022-06-13T02:04:36.822+0000][1][safepoint    ] Entering safepoint region: Cleanup
[2022-06-13T02:04:36.822+0000][1][safepoint    ] Leaving safepoint region
[2022-06-13T02:04:36.822+0000][1][safepoint    ] Total time for which application threads were stopped: 0.0008872 seconds, Stopping threads took: 0.0003760 seconds
[2022-06-13T02:04:37.823+0000][1][safepoint    ] Application time: 1.0002069 seconds
[2022-06-13T02:04:37.823+0000][1][safepoint    ] Entering safepoint region: Cleanup
[2022-06-13T02:04:37.824+0000][1][safepoint    ] Leaving safepoint region
[2022-06-13T02:04:37.824+0000][1][safepoint    ] Total time for which application threads were stopped: 0.0005570 seconds, Stopping threads took: 0.0002569 seconds
[2022-06-13T02:04:38.824+0000][1][safepoint    ] Application time: 1.0001705 seconds
[2022-06-13T02:04:38.825+0000][1][safepoint    ] Entering safepoint region: Cleanup
[2022-06-13T02:04:38.826+0000][1][safepoint    ] Leaving safepoint region
[2022-06-13T02:04:38.826+0000][1][safepoint    ] Total time for which application threads were stopped: 0.0007025 seconds, Stopping threads took: 0.0004135 seconds
[2022-06-13T02:04:39.826+0000][1][safepoint    ] Application time: 1.0001586 seconds
[2022-06-13T02:04:39.827+0000][1][safepoint    ] Entering safepoint region: Cleanup
[2022-06-13T02:04:39.827+0000][1][safepoint    ] Leaving safepoint region
[2022-06-13T02:04:39.828+0000][1][safepoint    ] Total time for which application threads were stopped: 0.0007168 seconds, Stopping threads took: 0.0003123 seconds
[2022-06-13T02:04:40.828+0000][1][safepoint    ] Application time: 1.0001936 seconds
[2022-06-13T02:04:40.828+0000][1][safepoint    ] Entering safepoint region: Cleanup
[2022-06-13T02:04:40.829+0000][1][safepoint    ] Leaving safepoint region
[2022-06-13T02:04:40.829+0000][1][safepoint    ] Total time for which application threads were stopped: 0.0009389 seconds, Stopping threads took: 0.0005171 seconds
[2022-06-13T02:04:41.830+0000][1][safepoint    ] Application time: 1.0002167 seconds
[2022-06-13T02:04:41.830+0000][1][safepoint    ] Entering safepoint region: Cleanup
[2022-06-13T02:04:41.831+0000][1][safepoint    ] Leaving safepoint region
[2022-06-13T02:04:41.831+0000][1][safepoint    ] Total time for which application threads were stopped: 0.0005630 seconds, Stopping threads took: 0.0002578 seconds
[2022-06-13T02:04:42.831+0000][1][safepoint    ] Application time: 1.0002046 seconds
[2022-06-13T02:04:42.832+0000][1][safepoint    ] Entering safepoint region: Cleanup
[2022-06-13T02:04:42.832+0000][1][safepoint    ] Leaving safepoint region
[2022-06-13T02:04:42.832+0000][1][safepoint    ] Total time for which application threads were stopped: 0.0005702 seconds, Stopping threads took: 0.0002883 seconds
[2022-06-13T02:04:43.833+0000][1][safepoint    ] Application time: 1.0001558 seconds
[2022-06-13T02:04:43.833+0000][1][safepoint    ] Entering safepoint region: Cleanup
[2022-06-13T02:04:43.834+0000][1][safepoint    ] Leaving safepoint region
[2022-06-13T02:04:43.834+0000][1][safepoint    ] Total time for which application threads were stopped: 0.0010153 seconds, Stopping threads took: 0.0005538 seconds
[2022-06-13T02:04:44.835+0000][1][safepoint    ] Application time: 1.0001140 seconds
[2022-06-13T02:04:44.835+0000][1][safepoint    ] Entering safepoint region: Cleanup
[2022-06-13T02:04:44.835+0000][1][safepoint    ] Leaving safepoint region
[2022-06-13T02:04:44.835+0000][1][safepoint    ] Total time for which application threads were stopped: 0.0004490 seconds, Stopping threads took: 0.0001693 seconds
[2022-06-13T02:04:45.836+0000][1][safepoint    ] Application time: 1.0001989 seconds
[2022-06-13T02:04:45.836+0000][1][safepoint    ] Entering safepoint region: Cleanup
[2022-06-13T02:04:45.837+0000][1][safepoint    ] Leaving safepoint region
[2022-06-13T02:04:45.837+0000][1][safepoint    ] Total time for which application threads were stopped: 0.0004571 seconds, Stopping threads took: 0.0002369 seconds
[2022-06-13T02:04:46.837+0000][1][safepoint    ] Application time: 1.0002174 seconds
[2022-06-13T02:04:46.838+0000][1][safepoint    ] Entering safepoint region: Cleanup
[2022-06-13T02:04:46.838+0000][1][safepoint    ] Leaving safepoint region
[2022-06-13T02:04:46.839+0000][1][safepoint    ] Total time for which application threads were stopped: 0.0009877 seconds, Stopping threads took: 0.0004475 seconds
[2022-06-13T02:04:47.839+0000][1][safepoint    ] Application time: 1.0001981 seconds
[2022-06-13T02:04:47.840+0000][1][safepoint    ] Entering safepoint region: Cleanup
[2022-06-13T02:04:47.841+0000][1][safepoint    ] Leaving safepoint region
[2022-06-13T02:04:47.841+0000][1][safepoint    ] Total time for which application threads were stopped: 0.0008806 seconds, Stopping threads took: 0.0004107 seconds
[2022-06-13T02:04:48.842+0000][1][safepoint    ] Application time: 1.0002708 seconds
[2022-06-13T02:04:48.842+0000][1][safepoint    ] Entering safepoint region: Cleanup
[2022-06-13T02:04:48.842+0000][1][safepoint    ] Leaving safepoint region
[2022-06-13T02:04:48.843+0000][1][safepoint    ] Total time for which application threads were stopped: 0.0005874 seconds, Stopping threads took: 0.0002366 seconds
[2022-06-13T02:04:49.843+0000][1][safepoint    ] Application time: 1.0002340 seconds
[2022-06-13T02:04:49.843+0000][1][safepoint    ] Entering safepoint region: Cleanup
[2022-06-13T02:04:49.844+0000][1][safepoint    ] Leaving safepoint region
[2022-06-13T02:04:49.844+0000][1][safepoint    ] Total time for which application threads were stopped: 0.0005958 seconds, Stopping threads took: 0.0002163 seconds
[2022-06-13T02:04:50.844+0000][1][safepoint    ] Application time: 1.0001625 seconds
[2022-06-13T02:04:50.845+0000][1][safepoint    ] Entering safepoint region: Cleanup
[2022-06-13T02:04:50.845+0000][1][safepoint    ] Leaving safepoint region
[2022-06-13T02:04:50.845+0000][1][safepoint    ] Total time for which application threads were stopped: 0.0006812 seconds, Stopping threads took: 0.0003045 seconds
[2022-06-13T02:04:51.846+0000][1][safepoint    ] Application time: 1.0002697 seconds
[2022-06-13T02:04:51.846+0000][1][safepoint    ] Entering safepoint region: Cleanup
[2022-06-13T02:04:51.847+0000][1][safepoint    ] Leaving safepoint region
[2022-06-13T02:04:51.847+0000][1][safepoint    ] Total time for which application threads were stopped: 0.0007674 seconds, Stopping threads took: 0.0002978 seconds
[2022-06-13T02:04:52.848+0000][1][safepoint    ] Application time: 1.0002272 seconds
[2022-06-13T02:04:52.848+0000][1][safepoint    ] Entering safepoint region: Cleanup
[2022-06-13T02:04:52.849+0000][1][safepoint    ] Leaving safepoint region
[2022-06-13T02:04:52.849+0000][1][safepoint    ] Total time for which application threads were stopped: 0.0010112 seconds, Stopping threads took: 0.0005542 seconds
[2022-06-13T02:04:53.850+0000][1][safepoint    ] Application time: 1.0001273 seconds
[2022-06-13T02:04:53.850+0000][1][safepoint    ] Entering safepoint region: Cleanup
[2022-06-13T02:04:53.851+0000][1][safepoint    ] Leaving safepoint region
[2022-06-13T02:04:53.851+0000][1][safepoint    ] Total time for which application threads were stopped: 0.0009350 seconds, Stopping threads took: 0.0004511 seconds
[2022-06-13T02:04:54.852+0000][1][safepoint    ] Application time: 1.0001272 seconds
[2022-06-13T02:04:54.852+0000][1][safepoint    ] Entering safepoint region: Cleanup
[2022-06-13T02:04:54.853+0000][1][safepoint    ] Leaving safepoint region
[2022-06-13T02:04:54.853+0000][1][safepoint    ] Total time for which application threads were stopped: 0.0005345 seconds, Stopping threads took: 0.0002851 seconds
[2022-06-13T02:04:55.853+0000][1][safepoint    ] Application time: 1.0001123 seconds
[2022-06-13T02:04:55.853+0000][1][safepoint    ] Entering safepoint region: Cleanup
[2022-06-13T02:04:55.854+0000][1][safepoint    ] Leaving safepoint region
[2022-06-13T02:04:55.854+0000][1][safepoint    ] Total time for which application threads were stopped: 0.0007678 seconds, Stopping threads took: 0.0003576 seconds
[2022-06-13T02:04:56.855+0000][1][safepoint    ] Application time: 1.0001948 seconds
[2022-06-13T02:04:56.855+0000][1][safepoint    ] Entering safepoint region: Cleanup
[2022-06-13T02:04:56.856+0000][1][safepoint    ] Leaving safepoint region
[2022-06-13T02:04:56.856+0000][1][safepoint    ] Total time for which application threads were stopped: 0.0009690 seconds, Stopping threads took: 0.0003825 seconds
[2022-06-13T02:04:57.857+0000][1][safepoint    ] Application time: 1.0003174 seconds
[2022-06-13T02:04:57.857+0000][1][safepoint    ] Entering safepoint region: Cleanup
[2022-06-13T02:04:57.858+0000][1][safepoint    ] Leaving safepoint region
[2022-06-13T02:04:57.858+0000][1][safepoint    ] Total time for which application threads were stopped: 0.0008474 seconds, Stopping threads took: 0.0003445 seconds
[2022-06-13T02:04:58.859+0000][1][safepoint    ] Application time: 1.0001385 seconds
[2022-06-13T02:04:58.859+0000][1][safepoint    ] Entering safepoint region: Cleanup
[2022-06-13T02:04:58.860+0000][1][safepoint    ] Leaving safepoint region
[2022-06-13T02:04:58.860+0000][1][safepoint    ] Total time for which application threads were stopped: 0.0007830 seconds, Stopping threads took: 0.0003453 seconds
[2022-06-13T02:04:59.861+0000][1][safepoint    ] Application time: 1.0002485 seconds
[2022-06-13T02:04:59.861+0000][1][safepoint    ] Entering safepoint region: Cleanup
[2022-06-13T02:04:59.862+0000][1][safepoint    ] Leaving safepoint region
[2022-06-13T02:04:59.862+0000][1][safepoint    ] Total time for which application threads were stopped: 0.0008396 seconds, Stopping threads took: 0.0003786 seconds
[2022-06-13T02:05:00.862+0000][1][safepoint    ] Application time: 1.0001130 seconds
[2022-06-13T02:05:00.863+0000][1][safepoint    ] Entering safepoint region: Cleanup
[2022-06-13T02:05:00.864+0000][1][safepoint    ] Leaving safepoint region
[2022-06-13T02:05:00.864+0000][1][safepoint    ] Total time for which application threads were stopped: 0.0010001 seconds, Stopping threads took: 0.0004915 seconds
[2022-06-13T02:05:01.865+0000][1][safepoint    ] Application time: 1.0002715 seconds
[2022-06-13T02:05:01.865+0000][1][safepoint    ] Entering safepoint region: Cleanup
[2022-06-13T02:05:01.866+0000][1][safepoint    ] Leaving safepoint region
[2022-06-13T02:05:01.866+0000][1][safepoint    ] Total time for which application threads were stopped: 0.0009211 seconds, Stopping threads took: 0.0004129 seconds
[2022-06-13T02:05:02.867+0000][1][safepoint    ] Application time: 1.0002622 seconds
[2022-06-13T02:05:02.867+0000][1][safepoint    ] Entering safepoint region: Cleanup
[2022-06-13T02:05:02.867+0000][1][safepoint    ] Leaving safepoint region
[2022-06-13T02:05:02.867+0000][1][safepoint    ] Total time for which application threads were stopped: 0.0003958 seconds, Stopping threads took: 0.0001721 seconds
[2022-06-13T02:05:03.868+0000][1][safepoint    ] Application time: 1.0002448 seconds
[2022-06-13T02:05:03.868+0000][1][safepoint    ] Entering safepoint region: Cleanup
[2022-06-13T02:05:03.869+0000][1][safepoint    ] Leaving safepoint region
[2022-06-13T02:05:03.869+0000][1][safepoint    ] Total time for which application threads were stopped: 0.0007955 seconds, Stopping threads took: 0.0003598 seconds
[2022-06-13T02:05:04.870+0000][1][safepoint    ] Application time: 1.0001538 seconds
[2022-06-13T02:05:04.870+0000][1][safepoint    ] Entering safepoint region: Cleanup
[2022-06-13T02:05:04.870+0000][1][safepoint    ] Leaving safepoint region
[2022-06-13T02:05:04.871+0000][1][safepoint    ] Total time for which application threads were stopped: 0.0005829 seconds, Stopping threads took: 0.0003199 seconds
[2022-06-13T02:05:05.871+0000][1][safepoint    ] Application time: 1.0002194 seconds
[2022-06-13T02:05:05.872+0000][1][safepoint    ] Entering safepoint region: Cleanup
[2022-06-13T02:05:05.872+0000][1][safepoint    ] Leaving safepoint region
[2022-06-13T02:05:05.873+0000][1][safepoint    ] Total time for which application threads were stopped: 0.0011253 seconds, Stopping threads took: 0.0006108 seconds
[2022-06-13T02:05:06.873+0000][1][safepoint    ] Application time: 1.0001355 seconds
[2022-06-13T02:05:06.874+0000][1][safepoint    ] Entering safepoint region: Cleanup
[2022-06-13T02:05:06.874+0000][1][safepoint    ] Leaving safepoint region
[2022-06-13T02:05:06.875+0000][1][safepoint    ] Total time for which application threads were stopped: 0.0007922 seconds, Stopping threads took: 0.0004092 seconds
[2022-06-13T02:05:07.875+0000][1][safepoint    ] Application time: 1.0001878 seconds
[2022-06-13T02:05:07.876+0000][1][safepoint    ] Entering safepoint region: Cleanup
[2022-06-13T02:05:07.876+0000][1][safepoint    ] Leaving safepoint region
[2022-06-13T02:05:07.877+0000][1][safepoint    ] Total time for which application threads were stopped: 0.0010565 seconds, Stopping threads took: 0.0004693 seconds
[2022-06-13T02:05:08.877+0000][1][safepoint    ] Application time: 1.0001131 seconds
[2022-06-13T02:05:08.877+0000][1][safepoint    ] Entering safepoint region: Cleanup
[2022-06-13T02:05:08.878+0000][1][safepoint    ] Leaving safepoint region
[2022-06-13T02:05:08.878+0000][1][safepoint    ] Total time for which application threads were stopped: 0.0004394 seconds, Stopping threads took: 0.0001919 seconds
[2022-06-13T02:05:09.878+0000][1][safepoint    ] Application time: 1.0001296 seconds
[2022-06-13T02:05:09.879+0000][1][safepoint    ] Entering safepoint region: Cleanup
[2022-06-13T02:05:09.879+0000][1][safepoint    ] Leaving safepoint region
[2022-06-13T02:05:09.879+0000][1][safepoint    ] Total time for which application threads were stopped: 0.0008207 seconds, Stopping threads took: 0.0003035 seconds
[2022-06-13T02:05:10.880+0000][1][safepoint    ] Application time: 1.0001677 seconds
[2022-06-13T02:05:10.880+0000][1][safepoint    ] Entering safepoint region: Cleanup
[2022-06-13T02:05:10.881+0000][1][safepoint    ] Leaving safepoint region
[2022-06-13T02:05:10.881+0000][1][safepoint    ] Total time for which application threads were stopped: 0.0007695 seconds, Stopping threads took: 0.0003009 seconds
[2022-06-13T02:05:11.882+0000][1][safepoint    ] Application time: 1.0002392 seconds
[2022-06-13T02:05:11.882+0000][1][safepoint    ] Entering safepoint region: Cleanup
[2022-06-13T02:05:11.883+0000][1][safepoint    ] Leaving safepoint region
[2022-06-13T02:05:11.883+0000][1][safepoint    ] Total time for which application threads were stopped: 0.0008694 seconds, Stopping threads took: 0.0003911 seconds
[2022-06-13T02:05:12.884+0000][1][safepoint    ] Application time: 1.0002354 seconds
[2022-06-13T02:05:12.885+0000][1][safepoint    ] Entering safepoint region: Cleanup
[2022-06-13T02:05:12.885+0000][1][safepoint    ] Leaving safepoint region
[2022-06-13T02:05:12.886+0000][1][safepoint    ] Total time for which application threads were stopped: 0.0011287 seconds, Stopping threads took: 0.0005523 seconds
[2022-06-13T02:05:13.886+0000][1][safepoint    ] Application time: 1.0001622 seconds
[2022-06-13T02:05:13.887+0000][1][safepoint    ] Entering safepoint region: Cleanup
[2022-06-13T02:05:13.887+0000][1][safepoint    ] Leaving safepoint region
[2022-06-13T02:05:13.888+0000][1][safepoint    ] Total time for which application threads were stopped: 0.0011940 seconds, Stopping threads took: 0.0004171 seconds
[2022-06-13T02:05:14.888+0000][1][safepoint    ] Application time: 1.0001068 seconds
[2022-06-13T02:05:14.889+0000][1][safepoint    ] Entering safepoint region: Cleanup
[2022-06-13T02:05:14.889+0000][1][safepoint    ] Leaving safepoint region
[2022-06-13T02:05:14.889+0000][1][safepoint    ] Total time for which application threads were stopped: 0.0009381 seconds, Stopping threads took: 0.0005259 seconds
[2022-06-13T02:05:15.890+0000][1][safepoint    ] Application time: 1.0000988 seconds
[2022-06-13T02:05:15.890+0000][1][safepoint    ] Entering safepoint region: Cleanup
[2022-06-13T02:05:15.890+0000][1][safepoint    ] Leaving safepoint region
[2022-06-13T02:05:15.891+0000][1][safepoint    ] Total time for which application threads were stopped: 0.0004378 seconds, Stopping threads took: 0.0001683 seconds
[2022-06-13T02:05:16.891+0000][1][safepoint    ] Application time: 1.0002234 seconds
[2022-06-13T02:05:16.892+0000][1][safepoint    ] Entering safepoint region: Cleanup
[2022-06-13T02:05:16.893+0000][1][safepoint    ] Leaving safepoint region
[2022-06-13T02:05:16.893+0000][1][safepoint    ] Total time for which application threads were stopped: 0.0013996 seconds, Stopping threads took: 0.0006909 seconds
[2022-06-13T02:05:17.894+0000][1][safepoint    ] Application time: 1.0002684 seconds
[2022-06-13T02:05:17.895+0000][1][safepoint    ] Entering safepoint region: Cleanup
[2022-06-13T02:05:17.895+0000][1][safepoint    ] Leaving safepoint region
[2022-06-13T02:05:17.896+0000][1][safepoint    ] Total time for which application threads were stopped: 0.0009842 seconds, Stopping threads took: 0.0004811 seconds
[2022-06-13T02:05:18.896+0000][1][safepoint    ] Application time: 1.0002055 seconds
[2022-06-13T02:05:18.897+0000][1][safepoint    ] Entering safepoint region: Cleanup
[2022-06-13T02:05:18.897+0000][1][safepoint    ] Leaving safepoint region
[2022-06-13T02:05:18.897+0000][1][safepoint    ] Total time for which application threads were stopped: 0.0007895 seconds, Stopping threads took: 0.0003692 seconds
[2022-06-13T02:05:19.898+0000][1][safepoint    ] Application time: 1.0001540 seconds
[2022-06-13T02:05:19.898+0000][1][safepoint    ] Entering safepoint region: Cleanup
[2022-06-13T02:05:19.899+0000][1][safepoint    ] Leaving safepoint region
[2022-06-13T02:05:19.899+0000][1][safepoint    ] Total time for which application threads were stopped: 0.0006215 seconds, Stopping threads took: 0.0003302 seconds
[2022-06-13T02:05:20.899+0000][1][safepoint    ] Application time: 1.0002727 seconds
[2022-06-13T02:05:20.900+0000][1][safepoint    ] Entering safepoint region: Cleanup
[2022-06-13T02:05:20.900+0000][1][safepoint    ] Leaving safepoint region
[2022-06-13T02:05:20.900+0000][1][safepoint    ] Total time for which application threads were stopped: 0.0006864 seconds, Stopping threads took: 0.0003088 seconds
[2022-06-13T02:05:21.901+0000][1][safepoint    ] Application time: 1.0002734 seconds
[2022-06-13T02:05:21.902+0000][1][safepoint    ] Entering safepoint region: Cleanup
[2022-06-13T02:05:21.902+0000][1][safepoint    ] Leaving safepoint region
[2022-06-13T02:05:21.902+0000][1][safepoint    ] Total time for which application threads were stopped: 0.0004419 seconds, Stopping threads took: 0.0001895 seconds
[2022-06-13T02:05:22.902+0000][1][safepoint    ] Application time: 1.0002237 seconds
[2022-06-13T02:05:22.903+0000][1][safepoint    ] Entering safepoint region: Cleanup
[2022-06-13T02:05:22.904+0000][1][safepoint    ] Leaving safepoint region
[2022-06-13T02:05:22.904+0000][1][safepoint    ] Total time for which application threads were stopped: 0.0009825 seconds, Stopping threads took: 0.0004371 seconds
[2022-06-13T02:05:23.905+0000][1][safepoint    ] Application time: 1.0002272 seconds
[2022-06-13T02:05:23.905+0000][1][safepoint    ] Entering safepoint region: Cleanup
[2022-06-13T02:05:23.906+0000][1][safepoint    ] Leaving safepoint region
[2022-06-13T02:05:23.906+0000][1][safepoint    ] Total time for which application threads were stopped: 0.0007772 seconds, Stopping threads took: 0.0003567 seconds
[2022-06-13T02:05:24.906+0000][1][safepoint    ] Application time: 1.0002086 seconds
[2022-06-13T02:05:24.907+0000][1][safepoint    ] Entering safepoint region: Cleanup
[2022-06-13T02:05:24.907+0000][1][safepoint    ] Leaving safepoint region
[2022-06-13T02:05:24.907+0000][1][safepoint    ] Total time for which application threads were stopped: 0.0004883 seconds, Stopping threads took: 0.0001932 seconds
[2022-06-13T02:05:25.908+0000][1][safepoint    ] Application time: 1.0001043 seconds
[2022-06-13T02:05:25.908+0000][1][safepoint    ] Entering safepoint region: Cleanup
[2022-06-13T02:05:25.909+0000][1][safepoint    ] Leaving safepoint region
[2022-06-13T02:05:25.909+0000][1][safepoint    ] Total time for which application threads were stopped: 0.0007044 seconds, Stopping threads took: 0.0003312 seconds
[2022-06-13T02:05:26.910+0000][1][safepoint    ] Application time: 1.0004106 seconds
[2022-06-13T02:05:26.910+0000][1][safepoint    ] Entering safepoint region: Cleanup
[2022-06-13T02:05:26.911+0000][1][safepoint    ] Leaving safepoint region
[2022-06-13T02:05:26.911+0000][1][safepoint    ] Total time for which application threads were stopped: 0.0012294 seconds, Stopping threads took: 0.0007043 seconds
[2022-06-13T02:05:27.912+0000][1][safepoint    ] Application time: 1.0002910 seconds
[2022-06-13T02:05:27.912+0000][1][safepoint    ] Entering safepoint region: Cleanup
[2022-06-13T02:05:27.913+0000][1][safepoint    ] Leaving safepoint region
[2022-06-13T02:05:27.913+0000][1][safepoint    ] Total time for which application threads were stopped: 0.0008454 seconds, Stopping threads took: 0.0004103 seconds
[2022-06-13T02:05:28.914+0000][1][safepoint    ] Application time: 1.0002434 seconds
[2022-06-13T02:05:28.914+0000][1][safepoint    ] Entering safepoint region: Cleanup
[2022-06-13T02:05:28.915+0000][1][safepoint    ] Leaving safepoint region
[2022-06-13T02:05:28.916+0000][1][safepoint    ] Total time for which application threads were stopped: 0.0016425 seconds, Stopping threads took: 0.0008486 seconds
[2022-06-13T02:05:29.917+0000][1][safepoint    ] Application time: 1.0003307 seconds
[2022-06-13T02:05:29.917+0000][1][safepoint    ] Entering safepoint region: Cleanup
[2022-06-13T02:05:29.918+0000][1][safepoint    ] Leaving safepoint region
[2022-06-13T02:05:29.918+0000][1][safepoint    ] Total time for which application threads were stopped: 0.0007400 seconds, Stopping threads took: 0.0003947 seconds
[2022-06-13T02:05:30.918+0000][1][safepoint    ] Application time: 1.0002095 seconds
[2022-06-13T02:05:30.919+0000][1][safepoint    ] Entering safepoint region: Cleanup
[2022-06-13T02:05:30.919+0000][1][safepoint    ] Leaving safepoint region
[2022-06-13T02:05:30.920+0000][1][safepoint    ] Total time for which application threads were stopped: 0.0010351 seconds, Stopping threads took: 0.0003327 seconds
[2022-06-13T02:05:31.921+0000][1][safepoint    ] Application time: 1.0002372 seconds
[2022-06-13T02:05:31.921+0000][1][safepoint    ] Entering safepoint region: Cleanup
[2022-06-13T02:05:31.921+0000][1][safepoint    ] Leaving safepoint region
[2022-06-13T02:05:31.922+0000][1][safepoint    ] Total time for which application threads were stopped: 0.0006806 seconds, Stopping threads took: 0.0003613 seconds
[2022-06-13T02:05:32.922+0000][1][safepoint    ] Application time: 1.0001297 seconds
[2022-06-13T02:05:32.922+0000][1][safepoint    ] Entering safepoint region: Cleanup
[2022-06-13T02:05:32.923+0000][1][safepoint    ] Leaving safepoint region
[2022-06-13T02:05:32.923+0000][1][safepoint    ] Total time for which application threads were stopped: 0.0005475 seconds, Stopping threads took: 0.0002308 seconds
[2022-06-13T02:05:33.923+0000][1][safepoint    ] Application time: 1.0001978 seconds
[2022-06-13T02:05:33.924+0000][1][safepoint    ] Entering safepoint region: Cleanup
[2022-06-13T02:05:33.924+0000][1][safepoint    ] Leaving safepoint region
[2022-06-13T02:05:33.925+0000][1][safepoint    ] Total time for which application threads were stopped: 0.0009554 seconds, Stopping threads took: 0.0002914 seconds
[2022-06-13T02:05:34.925+0000][1][safepoint    ] Application time: 1.0002324 seconds
[2022-06-13T02:05:34.926+0000][1][safepoint    ] Entering safepoint region: Cleanup
[2022-06-13T02:05:34.926+0000][1][safepoint    ] Leaving safepoint region
[2022-06-13T02:05:34.927+0000][1][safepoint    ] Total time for which application threads were stopped: 0.0009643 seconds, Stopping threads took: 0.0004730 seconds
[2022-06-13T02:05:35.927+0000][1][safepoint    ] Application time: 1.0001325 seconds
[2022-06-13T02:05:35.927+0000][1][safepoint    ] Entering safepoint region: Cleanup
[2022-06-13T02:05:35.928+0000][1][safepoint    ] Leaving safepoint region
[2022-06-13T02:05:35.928+0000][1][safepoint    ] Total time for which application threads were stopped: 0.0003870 seconds, Stopping threads took: 0.0002031 seconds
[2022-06-13T02:05:36.928+0000][1][safepoint    ] Application time: 1.0002836 seconds
[2022-06-13T02:05:36.929+0000][1][safepoint    ] Entering safepoint region: Cleanup
[2022-06-13T02:05:36.929+0000][1][safepoint    ] Leaving safepoint region
[2022-06-13T02:05:36.930+0000][1][safepoint    ] Total time for which application threads were stopped: 0.0009460 seconds, Stopping threads took: 0.0004612 seconds
[2022-06-13T02:05:37.930+0000][1][safepoint    ] Application time: 1.0003448 seconds
[2022-06-13T02:05:37.931+0000][1][safepoint    ] Entering safepoint region: Cleanup
[2022-06-13T02:05:37.931+0000][1][safepoint    ] Leaving safepoint region
[2022-06-13T02:05:37.931+0000][1][safepoint    ] Total time for which application threads were stopped: 0.0005980 seconds, Stopping threads took: 0.0003086 seconds
[2022-06-13T02:05:38.932+0000][1][safepoint    ] Application time: 1.0001618 seconds
[2022-06-13T02:05:38.932+0000][1][safepoint    ] Entering safepoint region: Cleanup
[2022-06-13T02:05:38.933+0000][1][safepoint    ] Leaving safepoint region
[2022-06-13T02:05:38.933+0000][1][safepoint    ] Total time for which application threads were stopped: 0.0005797 seconds, Stopping threads took: 0.0002098 seconds
[2022-06-13T02:05:39.933+0000][1][safepoint    ] Application time: 1.0003500 seconds
[2022-06-13T02:05:39.934+0000][1][safepoint    ] Entering safepoint region: Cleanup
[2022-06-13T02:05:39.935+0000][1][safepoint    ] Leaving safepoint region
[2022-06-13T02:05:39.935+0000][1][safepoint    ] Total time for which application threads were stopped: 0.0008963 seconds, Stopping threads took: 0.0005519 seconds
[2022-06-13T02:05:40.935+0000][1][safepoint    ] Application time: 1.0002407 seconds
[2022-06-13T02:05:40.936+0000][1][safepoint    ] Entering safepoint region: Cleanup
[2022-06-13T02:05:40.936+0000][1][safepoint    ] Leaving safepoint region
[2022-06-13T02:05:40.937+0000][1][safepoint    ] Total time for which application threads were stopped: 0.0006343 seconds, Stopping threads took: 0.0003111 seconds
[2022-06-13T02:05:41.937+0000][1][safepoint    ] Application time: 1.0002037 seconds
[2022-06-13T02:05:41.938+0000][1][safepoint    ] Entering safepoint region: Cleanup
[2022-06-13T02:05:41.938+0000][1][safepoint    ] Leaving safepoint region
[2022-06-13T02:05:41.938+0000][1][safepoint    ] Total time for which application threads were stopped: 0.0005592 seconds, Stopping threads took: 0.0002811 seconds
[2022-06-13T02:05:42.939+0000][1][safepoint    ] Application time: 1.0001623 seconds
[2022-06-13T02:05:42.939+0000][1][safepoint    ] Entering safepoint region: Cleanup
[2022-06-13T02:05:42.940+0000][1][safepoint    ] Leaving safepoint region
[2022-06-13T02:05:42.940+0000][1][safepoint    ] Total time for which application threads were stopped: 0.0010852 seconds, Stopping threads took: 0.0004618 seconds
[2022-06-13T02:05:43.941+0000][1][safepoint    ] Application time: 1.0001393 seconds
[2022-06-13T02:05:43.941+0000][1][safepoint    ] Entering safepoint region: Cleanup
[2022-06-13T02:05:43.942+0000][1][safepoint    ] Leaving safepoint region
[2022-06-13T02:05:43.942+0000][1][safepoint    ] Total time for which application threads were stopped: 0.0007368 seconds, Stopping threads took: 0.0002824 seconds
[2022-06-13T02:05:44.942+0000][1][safepoint    ] Application time: 1.0001936 seconds
[2022-06-13T02:05:44.943+0000][1][safepoint    ] Entering safepoint region: Cleanup
[2022-06-13T02:05:44.944+0000][1][safepoint    ] Leaving safepoint region
[2022-06-13T02:05:44.944+0000][1][safepoint    ] Total time for which application threads were stopped: 0.0009371 seconds, Stopping threads took: 0.0004538 seconds
[2022-06-13T02:05:45.945+0000][1][safepoint    ] Application time: 1.0002808 seconds
[2022-06-13T02:05:45.945+0000][1][safepoint    ] Entering safepoint region: Cleanup
[2022-06-13T02:05:45.946+0000][1][safepoint    ] Leaving safepoint region
[2022-06-13T02:05:45.946+0000][1][safepoint    ] Total time for which application threads were stopped: 0.0011341 seconds, Stopping threads took: 0.0004895 seconds
[2022-06-13T02:05:46.947+0000][1][safepoint    ] Application time: 1.0001316 seconds
[2022-06-13T02:05:46.948+0000][1][safepoint    ] Entering safepoint region: Cleanup
[2022-06-13T02:05:46.948+0000][1][safepoint    ] Leaving safepoint region
[2022-06-13T02:05:46.948+0000][1][safepoint    ] Total time for which application threads were stopped: 0.0009408 seconds, Stopping threads took: 0.0004313 seconds
[2022-06-13T02:05:47.949+0000][1][safepoint    ] Application time: 1.0002657 seconds
[2022-06-13T02:05:47.949+0000][1][safepoint    ] Entering safepoint region: Cleanup
[2022-06-13T02:05:47.950+0000][1][safepoint    ] Leaving safepoint region
[2022-06-13T02:05:47.950+0000][1][safepoint    ] Total time for which application threads were stopped: 0.0003883 seconds, Stopping threads took: 0.0001707 seconds
[2022-06-13T02:05:48.950+0000][1][safepoint    ] Application time: 1.0001307 seconds
[2022-06-13T02:05:48.951+0000][1][safepoint    ] Entering safepoint region: Cleanup
[2022-06-13T02:05:48.951+0000][1][safepoint    ] Leaving safepoint region
[2022-06-13T02:05:48.951+0000][1][safepoint    ] Total time for which application threads were stopped: 0.0008652 seconds, Stopping threads took: 0.0003780 seconds
[2022-06-13T02:05:49.952+0000][1][safepoint    ] Application time: 1.0001990 seconds
[2022-06-13T02:05:49.952+0000][1][safepoint    ] Entering safepoint region: Cleanup
[2022-06-13T02:05:49.953+0000][1][safepoint    ] Leaving safepoint region
[2022-06-13T02:05:49.953+0000][1][safepoint    ] Total time for which application threads were stopped: 0.0007753 seconds, Stopping threads took: 0.0003976 seconds
[2022-06-13T02:05:50.954+0000][1][safepoint    ] Application time: 1.0002012 seconds
[2022-06-13T02:05:50.954+0000][1][safepoint    ] Entering safepoint region: Cleanup
[2022-06-13T02:05:50.954+0000][1][safepoint    ] Leaving safepoint region
[2022-06-13T02:05:50.955+0000][1][safepoint    ] Total time for which application threads were stopped: 0.0007324 seconds, Stopping threads took: 0.0003251 seconds
[2022-06-13T02:05:51.955+0000][1][safepoint    ] Application time: 1.0001236 seconds
[2022-06-13T02:05:51.956+0000][1][safepoint    ] Entering safepoint region: Cleanup
[2022-06-13T02:05:51.956+0000][1][safepoint    ] Leaving safepoint region
[2022-06-13T02:05:51.956+0000][1][safepoint    ] Total time for which application threads were stopped: 0.0008311 seconds, Stopping threads took: 0.0004710 seconds
[2022-06-13T02:05:52.957+0000][1][safepoint    ] Application time: 1.0001537 seconds
[2022-06-13T02:05:52.957+0000][1][safepoint    ] Entering safepoint region: Cleanup
[2022-06-13T02:05:52.958+0000][1][safepoint    ] Leaving safepoint region
[2022-06-13T02:05:52.958+0000][1][safepoint    ] Total time for which application threads were stopped: 0.0006732 seconds, Stopping threads took: 0.0002870 seconds
[2022-06-13T02:05:53.958+0000][1][safepoint    ] Application time: 1.0002037 seconds
[2022-06-13T02:05:53.959+0000][1][safepoint    ] Entering safepoint region: Cleanup
[2022-06-13T02:05:53.959+0000][1][safepoint    ] Leaving safepoint region
[2022-06-13T02:05:53.960+0000][1][safepoint    ] Total time for which application threads were stopped: 0.0006673 seconds, Stopping threads took: 0.0002868 seconds
[2022-06-13T02:05:54.960+0000][1][safepoint    ] Application time: 1.0002695 seconds
[2022-06-13T02:05:54.960+0000][1][safepoint    ] Entering safepoint region: Cleanup
[2022-06-13T02:05:54.961+0000][1][safepoint    ] Leaving safepoint region
[2022-06-13T02:05:54.961+0000][1][safepoint    ] Total time for which application threads were stopped: 0.0009616 seconds, Stopping threads took: 0.0004040 seconds
[2022-06-13T02:05:55.962+0000][1][safepoint    ] Application time: 1.0001017 seconds
[2022-06-13T02:05:55.962+0000][1][safepoint    ] Entering safepoint region: Cleanup
[2022-06-13T02:05:55.963+0000][1][safepoint    ] Leaving safepoint region
[2022-06-13T02:05:55.963+0000][1][safepoint    ] Total time for which application threads were stopped: 0.0006773 seconds, Stopping threads took: 0.0003484 seconds
[2022-06-13T02:05:56.964+0000][1][safepoint    ] Application time: 1.0002502 seconds
[2022-06-13T02:05:56.964+0000][1][safepoint    ] Entering safepoint region: Cleanup
[2022-06-13T02:05:56.964+0000][1][safepoint    ] Leaving safepoint region
[2022-06-13T02:05:56.964+0000][1][safepoint    ] Total time for which application threads were stopped: 0.0006044 seconds, Stopping threads took: 0.0003016 seconds
[2022-06-13T02:05:57.965+0000][1][safepoint    ] Application time: 1.0001937 seconds
[2022-06-13T02:05:57.965+0000][1][safepoint    ] Entering safepoint region: Cleanup
[2022-06-13T02:05:57.966+0000][1][safepoint    ] Leaving safepoint region
[2022-06-13T02:05:57.966+0000][1][safepoint    ] Total time for which application threads were stopped: 0.0006134 seconds, Stopping threads took: 0.0003101 seconds
[2022-06-13T02:05:58.966+0000][1][safepoint    ] Application time: 1.0001976 seconds
[2022-06-13T02:05:58.967+0000][1][safepoint    ] Entering safepoint region: Cleanup
[2022-06-13T02:05:58.967+0000][1][safepoint    ] Leaving safepoint region
[2022-06-13T02:05:58.968+0000][1][safepoint    ] Total time for which application threads were stopped: 0.0008658 seconds, Stopping threads took: 0.0004030 seconds
[2022-06-13T02:05:59.968+0000][1][safepoint    ] Application time: 1.0002340 seconds
[2022-06-13T02:05:59.969+0000][1][safepoint    ] Entering safepoint region: Cleanup
[2022-06-13T02:05:59.970+0000][1][safepoint    ] Leaving safepoint region
[2022-06-13T02:05:59.970+0000][1][safepoint    ] Total time for which application threads were stopped: 0.0011512 seconds, Stopping threads took: 0.0006509 seconds
[2022-06-13T02:06:00.019+0000][1][safepoint    ] Application time: 0.0486328 seconds
[2022-06-13T02:06:00.020+0000][1][safepoint    ] Entering safepoint region: GenCollectForAllocation
[2022-06-13T02:06:00.020+0000][1][gc,start     ] GC(27) Pause Young (Allocation Failure)
[2022-06-13T02:06:00.021+0000][1][gc,task      ] GC(27) Using 5 workers of 13 for evacuation
[2022-06-13T02:06:00.022+0000][1][gc,age       ] GC(27) Desired survivor size 4456448 bytes, new threshold 6 (max threshold 6)
[2022-06-13T02:06:00.023+0000][1][gc,age       ] GC(27) Age table with threshold 6 (max threshold 6)
[2022-06-13T02:06:00.023+0000][1][gc,age       ] GC(27) - age   1:      47536 bytes,      47536 total
[2022-06-13T02:06:00.023+0000][1][gc,age       ] GC(27) - age   2:      14984 bytes,      62520 total
[2022-06-13T02:06:00.023+0000][1][gc,age       ] GC(27) - age   3:      28696 bytes,      91216 total
[2022-06-13T02:06:00.023+0000][1][gc,age       ] GC(27) - age   4:      17288 bytes,     108504 total
[2022-06-13T02:06:00.024+0000][1][gc,age       ] GC(27) - age   5:      64328 bytes,     172832 total
[2022-06-13T02:06:00.024+0000][1][gc,age       ] GC(27) - age   6:    1277776 bytes,    1450608 total
[2022-06-13T02:06:00.024+0000][1][gc,heap      ] GC(27) ParNew: 72147K->1937K(78656K)
[2022-06-13T02:06:00.025+0000][1][gc,heap      ] GC(27) CMS: 68052K->68052K(174784K)
[2022-06-13T02:06:00.025+0000][1][gc,metaspace ] GC(27) Metaspace: 65274K->65274K(1110016K)
[2022-06-13T02:06:00.025+0000][1][gc           ] GC(27) Pause Young (Allocation Failure) 136M->68M(247M) 4.744ms
[2022-06-13T02:06:00.025+0000][1][gc,cpu       ] GC(27) User=0.00s Sys=0.00s Real=0.00s
[2022-06-13T02:06:00.025+0000][1][safepoint    ] Leaving safepoint region
[2022-06-13T02:06:00.026+0000][1][safepoint    ] Total time for which application threads were stopped: 0.0059172 seconds, Stopping threads took: 0.0003734 seconds
[2022-06-13T02:06:01.026+0000][1][safepoint    ] Application time: 1.0002281 seconds
[2022-06-13T02:06:01.027+0000][1][safepoint    ] Entering safepoint region: Cleanup
[2022-06-13T02:06:01.027+0000][1][safepoint    ] Leaving safepoint region
[2022-06-13T02:06:01.028+0000][1][safepoint    ] Total time for which application threads were stopped: 0.0008136 seconds, Stopping threads took: 0.0003062 seconds
[2022-06-13T02:06:02.028+0000][1][safepoint    ] Application time: 1.0001427 seconds
[2022-06-13T02:06:02.028+0000][1][safepoint    ] Entering safepoint region: Cleanup
[2022-06-13T02:06:02.029+0000][1][safepoint    ] Leaving safepoint region
[2022-06-13T02:06:02.029+0000][1][safepoint    ] Total time for which application threads were stopped: 0.0003561 seconds, Stopping threads took: 0.0001711 seconds
[2022-06-13T02:06:03.029+0000][1][safepoint    ] Application time: 1.0001344 seconds
[2022-06-13T02:06:03.030+0000][1][safepoint    ] Entering safepoint region: Cleanup
[2022-06-13T02:06:03.030+0000][1][safepoint    ] Leaving safepoint region
[2022-06-13T02:06:03.030+0000][1][safepoint    ] Total time for which application threads were stopped: 0.0007890 seconds, Stopping threads took: 0.0004040 seconds
[2022-06-13T02:06:04.031+0000][1][safepoint    ] Application time: 1.0001390 seconds
[2022-06-13T02:06:04.031+0000][1][safepoint    ] Entering safepoint region: Cleanup
[2022-06-13T02:06:04.032+0000][1][safepoint    ] Leaving safepoint region
[2022-06-13T02:06:04.032+0000][1][safepoint    ] Total time for which application threads were stopped: 0.0008631 seconds, Stopping threads took: 0.0003187 seconds
[2022-06-13T02:06:04.179+0000][1][safepoint    ] Application time: 0.1466798 seconds
[2022-06-13T02:06:04.180+0000][1][safepoint    ] Entering safepoint region: RevokeBias
[2022-06-13T02:06:04.180+0000][1][safepoint    ] Leaving safepoint region
[2022-06-13T02:06:04.181+0000][1][safepoint    ] Total time for which application threads were stopped: 0.0009098 seconds, Stopping threads took: 0.0004674 seconds
[2022-06-13T02:06:04.181+0000][1][safepoint    ] Application time: 0.0001914 seconds
[2022-06-13T02:06:04.181+0000][1][safepoint    ] Entering safepoint region: RevokeBias
[2022-06-13T02:06:04.182+0000][1][safepoint    ] Leaving safepoint region
[2022-06-13T02:06:04.182+0000][1][safepoint    ] Total time for which application threads were stopped: 0.0004338 seconds, Stopping threads took: 0.0001786 seconds
[2022-06-13T02:06:04.183+0000][1][safepoint    ] Application time: 0.0006538 seconds
[2022-06-13T02:06:04.183+0000][1][safepoint    ] Entering safepoint region: RevokeBias
[2022-06-13T02:06:04.183+0000][1][safepoint    ] Leaving safepoint region
[2022-06-13T02:06:04.183+0000][1][safepoint    ] Total time for which application threads were stopped: 0.0005722 seconds, Stopping threads took: 0.0003519 seconds
[2022-06-13T02:06:04.184+0000][1][safepoint    ] Application time: 0.0000910 seconds
[2022-06-13T02:06:04.184+0000][1][safepoint    ] Entering safepoint region: RevokeBias
[2022-06-13T02:06:04.184+0000][1][safepoint    ] Leaving safepoint region
[2022-06-13T02:06:04.184+0000][1][safepoint    ] Total time for which application threads were stopped: 0.0003238 seconds, Stopping threads took: 0.0001821 seconds
[2022-06-13T02:06:04.184+0000][1][safepoint    ] Application time: 0.0002214 seconds
[2022-06-13T02:06:04.185+0000][1][safepoint    ] Entering safepoint region: RevokeBias
[2022-06-13T02:06:04.185+0000][1][safepoint    ] Leaving safepoint region
[2022-06-13T02:06:04.185+0000][1][safepoint    ] Total time for which application threads were stopped: 0.0004634 seconds, Stopping threads took: 0.0003022 seconds
[2022-06-13T02:06:04.186+0000][1][safepoint    ] Application time: 0.0003821 seconds
[2022-06-13T02:06:04.186+0000][1][safepoint    ] Entering safepoint region: RevokeBias
[2022-06-13T02:06:04.186+0000][1][safepoint    ] Leaving safepoint region
[2022-06-13T02:06:04.186+0000][1][safepoint    ] Total time for which application threads were stopped: 0.0004003 seconds, Stopping threads took: 0.0001286 seconds
[2022-06-13T02:06:04.187+0000][1][safepoint    ] Application time: 0.0005748 seconds
[2022-06-13T02:06:04.188+0000][1][safepoint    ] Entering safepoint region: RevokeBias
[2022-06-13T02:06:04.188+0000][1][safepoint    ] Leaving safepoint region
[2022-06-13T02:06:04.188+0000][1][safepoint    ] Total time for which application threads were stopped: 0.0005899 seconds, Stopping threads took: 0.0002299 seconds
[2022-06-13T02:06:04.189+0000][1][safepoint    ] Application time: 0.0008258 seconds
[2022-06-13T02:06:04.189+0000][1][safepoint    ] Entering safepoint region: RevokeBias
[2022-06-13T02:06:04.190+0000][1][safepoint    ] Leaving safepoint region
[2022-06-13T02:06:04.190+0000][1][safepoint    ] Total time for which application threads were stopped: 0.0010788 seconds, Stopping threads took: 0.0002418 seconds
[2022-06-13T02:06:04.192+0000][1][safepoint    ] Application time: 0.0017549 seconds
[2022-06-13T02:06:04.193+0000][1][safepoint    ] Entering safepoint region: RevokeBias
[2022-06-13T02:06:04.193+0000][1][safepoint    ] Leaving safepoint region
[2022-06-13T02:06:04.193+0000][1][safepoint    ] Total time for which application threads were stopped: 0.0004326 seconds, Stopping threads took: 0.0002704 seconds
[2022-06-13T02:06:04.194+0000][1][safepoint    ] Application time: 0.0009307 seconds
[2022-06-13T02:06:04.195+0000][1][safepoint    ] Entering safepoint region: RevokeBias
[2022-06-13T02:06:04.195+0000][1][safepoint    ] Leaving safepoint region
[2022-06-13T02:06:04.195+0000][1][safepoint    ] Total time for which application threads were stopped: 0.0004948 seconds, Stopping threads took: 0.0003121 seconds
[2022-06-13T02:06:04.196+0000][1][safepoint    ] Application time: 0.0004856 seconds
[2022-06-13T02:06:04.196+0000][1][safepoint    ] Entering safepoint region: RevokeBias
[2022-06-13T02:06:04.196+0000][1][safepoint    ] Leaving safepoint region
[2022-06-13T02:06:04.196+0000][1][safepoint    ] Total time for which application threads were stopped: 0.0006441 seconds, Stopping threads took: 0.0003587 seconds
[2022-06-13T02:06:04.197+0000][1][safepoint    ] Application time: 0.0006774 seconds
[2022-06-13T02:06:04.198+0000][1][safepoint    ] Entering safepoint region: RevokeBias
[2022-06-13T02:06:04.198+0000][1][safepoint    ] Leaving safepoint region
[2022-06-13T02:06:04.198+0000][1][safepoint    ] Total time for which application threads were stopped: 0.0003574 seconds, Stopping threads took: 0.0001683 seconds
[2022-06-13T02:06:04.198+0000][1][safepoint    ] Application time: 0.0001646 seconds
[2022-06-13T02:06:04.199+0000][1][safepoint    ] Entering safepoint region: RevokeBias
[2022-06-13T02:06:04.199+0000][1][safepoint    ] Leaving safepoint region
[2022-06-13T02:06:04.199+0000][1][safepoint    ] Total time for which application threads were stopped: 0.0005566 seconds, Stopping threads took: 0.0003837 seconds
[2022-06-13T02:06:04.200+0000][1][safepoint    ] Application time: 0.0002713 seconds
[2022-06-13T02:06:04.200+0000][1][safepoint    ] Entering safepoint region: RevokeBias
[2022-06-13T02:06:04.200+0000][1][safepoint    ] Leaving safepoint region
[2022-06-13T02:06:04.201+0000][1][safepoint    ] Total time for which application threads were stopped: 0.0005922 seconds, Stopping threads took: 0.0003194 seconds
[2022-06-13T02:06:04.201+0000][1][safepoint    ] Application time: 0.0003227 seconds
[2022-06-13T02:06:04.201+0000][1][safepoint    ] Entering safepoint region: RevokeBias
[2022-06-13T02:06:04.201+0000][1][safepoint    ] Leaving safepoint region
[2022-06-13T02:06:04.202+0000][1][safepoint    ] Total time for which application threads were stopped: 0.0003478 seconds, Stopping threads took: 0.0001843 seconds
[2022-06-13T02:06:04.202+0000][1][safepoint    ] Application time: 0.0001126 seconds
[2022-06-13T02:06:04.202+0000][1][safepoint    ] Entering safepoint region: RevokeBias
[2022-06-13T02:06:04.202+0000][1][safepoint    ] Leaving safepoint region
[2022-06-13T02:06:04.203+0000][1][safepoint    ] Total time for which application threads were stopped: 0.0006498 seconds, Stopping threads took: 0.0002609 seconds
[2022-06-13T02:06:04.203+0000][1][safepoint    ] Application time: 0.0001457 seconds
[2022-06-13T02:06:04.203+0000][1][safepoint    ] Entering safepoint region: RevokeBias
[2022-06-13T02:06:04.204+0000][1][safepoint    ] Leaving safepoint region
[2022-06-13T02:06:04.204+0000][1][safepoint    ] Total time for which application threads were stopped: 0.0005847 seconds, Stopping threads took: 0.0001113 seconds
[2022-06-13T02:06:04.204+0000][1][safepoint    ] Application time: 0.0001287 seconds
[2022-06-13T02:06:04.204+0000][1][safepoint    ] Entering safepoint region: RevokeBias
[2022-06-13T02:06:04.205+0000][1][safepoint    ] Leaving safepoint region
[2022-06-13T02:06:04.205+0000][1][safepoint    ] Total time for which application threads were stopped: 0.0003066 seconds, Stopping threads took: 0.0001266 seconds
[2022-06-13T02:06:04.205+0000][1][safepoint    ] Application time: 0.0005758 seconds
[2022-06-13T02:06:04.206+0000][1][safepoint    ] Entering safepoint region: RevokeBias
[2022-06-13T02:06:04.206+0000][1][safepoint    ] Leaving safepoint region
[2022-06-13T02:06:04.206+0000][1][safepoint    ] Total time for which application threads were stopped: 0.0003317 seconds, Stopping threads took: 0.0001404 seconds
[2022-06-13T02:06:04.206+0000][1][safepoint    ] Application time: 0.0001415 seconds
[2022-06-13T02:06:04.206+0000][1][safepoint    ] Entering safepoint region: RevokeBias
[2022-06-13T02:06:04.207+0000][1][safepoint    ] Leaving safepoint region
[2022-06-13T02:06:04.207+0000][1][safepoint    ] Total time for which application threads were stopped: 0.0004731 seconds, Stopping threads took: 0.0002957 seconds
[2022-06-13T02:06:04.207+0000][1][safepoint    ] Application time: 0.0002054 seconds
[2022-06-13T02:06:04.207+0000][1][safepoint    ] Entering safepoint region: RevokeBias
[2022-06-13T02:06:04.208+0000][1][safepoint    ] Leaving safepoint region
[2022-06-13T02:06:04.208+0000][1][safepoint    ] Total time for which application threads were stopped: 0.0003135 seconds, Stopping threads took: 0.0001548 seconds
[2022-06-13T02:06:04.208+0000][1][safepoint    ] Application time: 0.0001978 seconds
[2022-06-13T02:06:04.208+0000][1][safepoint    ] Entering safepoint region: RevokeBias
[2022-06-13T02:06:04.208+0000][1][safepoint    ] Leaving safepoint region
[2022-06-13T02:06:04.209+0000][1][safepoint    ] Total time for which application threads were stopped: 0.0003343 seconds, Stopping threads took: 0.0001685 seconds
[2022-06-13T02:06:04.209+0000][1][safepoint    ] Application time: 0.0003525 seconds
[2022-06-13T02:06:04.210+0000][1][safepoint    ] Entering safepoint region: RevokeBias
[2022-06-13T02:06:04.210+0000][1][safepoint    ] Leaving safepoint region
[2022-06-13T02:06:04.210+0000][1][safepoint    ] Total time for which application threads were stopped: 0.0003775 seconds, Stopping threads took: 0.0001957 seconds
[2022-06-13T02:06:04.210+0000][1][safepoint    ] Application time: 0.0002580 seconds
[2022-06-13T02:06:04.211+0000][1][safepoint    ] Entering safepoint region: RevokeBias
[2022-06-13T02:06:04.211+0000][1][safepoint    ] Leaving safepoint region
[2022-06-13T02:06:04.211+0000][1][safepoint    ] Total time for which application threads were stopped: 0.0005212 seconds, Stopping threads took: 0.0001412 seconds
[2022-06-13T02:06:04.212+0000][1][safepoint    ] Application time: 0.0003059 seconds
[2022-06-13T02:06:04.212+0000][1][safepoint    ] Entering safepoint region: RevokeBias
[2022-06-13T02:06:04.212+0000][1][safepoint    ] Leaving safepoint region
[2022-06-13T02:06:04.212+0000][1][safepoint    ] Total time for which application threads were stopped: 0.0004297 seconds, Stopping threads took: 0.0002301 seconds
[2022-06-13T02:06:04.212+0000][1][safepoint    ] Application time: 0.0001960 seconds
[2022-06-13T02:06:04.213+0000][1][safepoint    ] Entering safepoint region: RevokeBias
[2022-06-13T02:06:04.213+0000][1][safepoint    ] Leaving safepoint region
[2022-06-13T02:06:04.213+0000][1][safepoint    ] Total time for which application threads were stopped: 0.0004567 seconds, Stopping threads took: 0.0003129 seconds
[2022-06-13T02:06:04.214+0000][1][safepoint    ] Application time: 0.0004332 seconds
[2022-06-13T02:06:04.214+0000][1][safepoint    ] Entering safepoint region: RevokeBias
[2022-06-13T02:06:04.214+0000][1][safepoint    ] Leaving safepoint region
[2022-06-13T02:06:04.214+0000][1][safepoint    ] Total time for which application threads were stopped: 0.0002926 seconds, Stopping threads took: 0.0001431 seconds
[2022-06-13T02:06:04.215+0000][1][safepoint    ] Application time: 0.0001176 seconds
[2022-06-13T02:06:04.215+0000][1][safepoint    ] Entering safepoint region: RevokeBias
[2022-06-13T02:06:04.215+0000][1][safepoint    ] Leaving safepoint region
[2022-06-13T02:06:04.215+0000][1][safepoint    ] Total time for which application threads were stopped: 0.0003679 seconds, Stopping threads took: 0.0001628 seconds
[2022-06-13T02:06:04.216+0000][1][safepoint    ] Application time: 0.0005277 seconds
[2022-06-13T02:06:04.216+0000][1][safepoint    ] Entering safepoint region: RevokeBias
[2022-06-13T02:06:04.216+0000][1][safepoint    ] Leaving safepoint region
[2022-06-13T02:06:04.216+0000][1][safepoint    ] Total time for which application threads were stopped: 0.0003374 seconds, Stopping threads took: 0.0001557 seconds
[2022-06-13T02:06:04.217+0000][1][safepoint    ] Application time: 0.0002822 seconds
[2022-06-13T02:06:04.217+0000][1][safepoint    ] Entering safepoint region: RevokeBias
[2022-06-13T02:06:04.217+0000][1][safepoint    ] Leaving safepoint region
[2022-06-13T02:06:04.217+0000][1][safepoint    ] Total time for which application threads were stopped: 0.0003590 seconds, Stopping threads took: 0.0001093 seconds
[2022-06-13T02:06:04.218+0000][1][safepoint    ] Application time: 0.0009421 seconds
[2022-06-13T02:06:04.218+0000][1][safepoint    ] Entering safepoint region: RevokeBias
[2022-06-13T02:06:04.219+0000][1][safepoint    ] Leaving safepoint region
[2022-06-13T02:06:04.219+0000][1][safepoint    ] Total time for which application threads were stopped: 0.0002839 seconds, Stopping threads took: 0.0001163 seconds
[2022-06-13T02:06:04.583+0000][1][safepoint    ] Application time: 0.3637626 seconds
[2022-06-13T02:06:04.583+0000][1][safepoint    ] Entering safepoint region: RevokeBias
[2022-06-13T02:06:04.584+0000][1][safepoint    ] Leaving safepoint region
[2022-06-13T02:06:04.584+0000][1][safepoint    ] Total time for which application threads were stopped: 0.0011417 seconds, Stopping threads took: 0.0004648 seconds
[2022-06-13T02:06:04.586+0000][1][safepoint    ] Application time: 0.0006803 seconds
[2022-06-13T02:06:04.586+0000][1][safepoint    ] Entering safepoint region: RevokeBias
[2022-06-13T02:06:04.586+0000][1][safepoint    ] Leaving safepoint region
[2022-06-13T02:06:04.587+0000][1][safepoint    ] Total time for which application threads were stopped: 0.0007862 seconds, Stopping threads took: 0.0004146 seconds
[2022-06-13T02:06:04.587+0000][1][safepoint    ] Application time: 0.0000835 seconds
[2022-06-13T02:06:04.588+0000][1][safepoint    ] Entering safepoint region: RevokeBias
[2022-06-13T02:06:04.589+0000][1][safepoint    ] Leaving safepoint region
[2022-06-13T02:06:04.589+0000][1][safepoint    ] Total time for which application threads were stopped: 0.0010145 seconds, Stopping threads took: 0.0004292 seconds
[2022-06-13T02:06:04.590+0000][1][safepoint    ] Application time: 0.0003619 seconds
[2022-06-13T02:06:04.590+0000][1][safepoint    ] Entering safepoint region: RevokeBias
[2022-06-13T02:06:04.591+0000][1][safepoint    ] Leaving safepoint region
[2022-06-13T02:06:04.592+0000][1][safepoint    ] Total time for which application threads were stopped: 0.0012967 seconds, Stopping threads took: 0.0006688 seconds
[2022-06-13T02:06:04.592+0000][1][safepoint    ] Application time: 0.0003030 seconds
[2022-06-13T02:06:04.593+0000][1][safepoint    ] Entering safepoint region: RevokeBias
[2022-06-13T02:06:04.593+0000][1][safepoint    ] Leaving safepoint region
[2022-06-13T02:06:04.593+0000][1][safepoint    ] Total time for which application threads were stopped: 0.0008206 seconds, Stopping threads took: 0.0003725 seconds
[2022-06-13T02:06:04.597+0000][1][safepoint    ] Application time: 0.0031239 seconds
[2022-06-13T02:06:04.597+0000][1][safepoint    ] Entering safepoint region: RevokeBias
[2022-06-13T02:06:04.598+0000][1][safepoint    ] Leaving safepoint region
[2022-06-13T02:06:04.598+0000][1][safepoint    ] Total time for which application threads were stopped: 0.0009845 seconds, Stopping threads took: 0.0005024 seconds
[2022-06-13T02:06:04.599+0000][1][safepoint    ] Application time: 0.0007083 seconds
[2022-06-13T02:06:04.600+0000][1][safepoint    ] Entering safepoint region: RevokeBias
[2022-06-13T02:06:04.600+0000][1][safepoint    ] Leaving safepoint region
[2022-06-13T02:06:04.601+0000][1][safepoint    ] Total time for which application threads were stopped: 0.0011777 seconds, Stopping threads took: 0.0007624 seconds
[2022-06-13T02:06:04.601+0000][1][safepoint    ] Application time: 0.0004244 seconds
[2022-06-13T02:06:04.602+0000][1][safepoint    ] Entering safepoint region: RevokeBias
[2022-06-13T02:06:04.602+0000][1][safepoint    ] Leaving safepoint region
[2022-06-13T02:06:04.602+0000][1][safepoint    ] Total time for which application threads were stopped: 0.0004272 seconds, Stopping threads took: 0.0001464 seconds
[2022-06-13T02:06:04.603+0000][1][safepoint    ] Application time: 0.0002464 seconds
[2022-06-13T02:06:04.603+0000][1][safepoint    ] Entering safepoint region: RevokeBias
[2022-06-13T02:06:04.604+0000][1][safepoint    ] Leaving safepoint region
[2022-06-13T02:06:04.604+0000][1][safepoint    ] Total time for which application threads were stopped: 0.0006249 seconds, Stopping threads took: 0.0003538 seconds
[2022-06-13T02:06:04.604+0000][1][safepoint    ] Application time: 0.0002104 seconds
[2022-06-13T02:06:04.604+0000][1][safepoint    ] Entering safepoint region: RevokeBias
[2022-06-13T02:06:04.604+0000][1][safepoint    ] Leaving safepoint region
[2022-06-13T02:06:04.605+0000][1][safepoint    ] Total time for which application threads were stopped: 0.0003072 seconds, Stopping threads took: 0.0001303 seconds
[2022-06-13T02:06:04.605+0000][1][safepoint    ] Application time: 0.0002535 seconds
[2022-06-13T02:06:04.605+0000][1][safepoint    ] Entering safepoint region: BulkRevokeBias
[2022-06-13T02:06:04.606+0000][1][safepoint    ] Leaving safepoint region
[2022-06-13T02:06:04.606+0000][1][safepoint    ] Total time for which application threads were stopped: 0.0006327 seconds, Stopping threads took: 0.0003266 seconds
[2022-06-13T02:06:04.607+0000][1][safepoint    ] Application time: 0.0014422 seconds
[2022-06-13T02:06:04.608+0000][1][safepoint    ] Entering safepoint region: RevokeBias
[2022-06-13T02:06:04.608+0000][1][safepoint    ] Leaving safepoint region
[2022-06-13T02:06:04.608+0000][1][safepoint    ] Total time for which application threads were stopped: 0.0001622 seconds, Stopping threads took: 0.0000831 seconds
[2022-06-13T02:06:04.612+0000][1][safepoint    ] Application time: 0.0041337 seconds
[2022-06-13T02:06:04.612+0000][1][safepoint    ] Entering safepoint region: RevokeBias
[2022-06-13T02:06:04.612+0000][1][safepoint    ] Leaving safepoint region
[2022-06-13T02:06:04.612+0000][1][safepoint    ] Total time for which application threads were stopped: 0.0001884 seconds, Stopping threads took: 0.0000873 seconds
[2022-06-13T02:06:04.612+0000][1][safepoint    ] Application time: 0.0001283 seconds
[2022-06-13T02:06:04.613+0000][1][safepoint    ] Entering safepoint region: RevokeBias
[2022-06-13T02:06:04.613+0000][1][safepoint    ] Leaving safepoint region
[2022-06-13T02:06:04.613+0000][1][safepoint    ] Total time for which application threads were stopped: 0.0001519 seconds, Stopping threads took: 0.0000668 seconds
[2022-06-13T02:06:04.613+0000][1][safepoint    ] Application time: 0.0000724 seconds
[2022-06-13T02:06:04.613+0000][1][safepoint    ] Entering safepoint region: RevokeBias
[2022-06-13T02:06:04.613+0000][1][safepoint    ] Leaving safepoint region
[2022-06-13T02:06:04.613+0000][1][safepoint    ] Total time for which application threads were stopped: 0.0001653 seconds, Stopping threads took: 0.0000759 seconds
[2022-06-13T02:06:04.614+0000][1][safepoint    ] Application time: 0.0005069 seconds
[2022-06-13T02:06:04.614+0000][1][safepoint    ] Entering safepoint region: RevokeBias
[2022-06-13T02:06:04.614+0000][1][safepoint    ] Leaving safepoint region
[2022-06-13T02:06:04.614+0000][1][safepoint    ] Total time for which application threads were stopped: 0.0001408 seconds, Stopping threads took: 0.0000645 seconds
[2022-06-13T02:06:04.615+0000][1][safepoint    ] Application time: 0.0007289 seconds
[2022-06-13T02:06:04.615+0000][1][safepoint    ] Entering safepoint region: RevokeBias
[2022-06-13T02:06:04.615+0000][1][safepoint    ] Leaving safepoint region
[2022-06-13T02:06:04.615+0000][1][safepoint    ] Total time for which application threads were stopped: 0.0001515 seconds, Stopping threads took: 0.0000693 seconds
[2022-06-13T02:06:04.615+0000][1][safepoint    ] Application time: 0.0002551 seconds
[2022-06-13T02:06:04.616+0000][1][safepoint    ] Entering safepoint region: RevokeBias
[2022-06-13T02:06:04.616+0000][1][safepoint    ] Leaving safepoint region
[2022-06-13T02:06:04.616+0000][1][safepoint    ] Total time for which application threads were stopped: 0.0004699 seconds, Stopping threads took: 0.0003537 seconds
[2022-06-13T02:06:04.617+0000][1][safepoint    ] Application time: 0.0010113 seconds
[2022-06-13T02:06:04.617+0000][1][safepoint    ] Entering safepoint region: RevokeBias
[2022-06-13T02:06:04.617+0000][1][safepoint    ] Leaving safepoint region
[2022-06-13T02:06:04.617+0000][1][safepoint    ] Total time for which application threads were stopped: 0.0002619 seconds, Stopping threads took: 0.0001482 seconds
[2022-06-13T02:06:04.618+0000][1][safepoint    ] Application time: 0.0003545 seconds
[2022-06-13T02:06:04.618+0000][1][safepoint    ] Entering safepoint region: RevokeBias
[2022-06-13T02:06:04.618+0000][1][safepoint    ] Leaving safepoint region
[2022-06-13T02:06:04.618+0000][1][safepoint    ] Total time for which application threads were stopped: 0.0001925 seconds, Stopping threads took: 0.0000982 seconds
[2022-06-13T02:06:04.619+0000][1][safepoint    ] Application time: 0.0001815 seconds
[2022-06-13T02:06:04.619+0000][1][safepoint    ] Entering safepoint region: RevokeBias
[2022-06-13T02:06:04.619+0000][1][safepoint    ] Leaving safepoint region
[2022-06-13T02:06:04.619+0000][1][safepoint    ] Total time for which application threads were stopped: 0.0001755 seconds, Stopping threads took: 0.0000842 seconds
[2022-06-13T02:06:04.620+0000][1][safepoint    ] Application time: 0.0010218 seconds
[2022-06-13T02:06:04.620+0000][1][safepoint    ] Entering safepoint region: RevokeBias
[2022-06-13T02:06:04.620+0000][1][safepoint    ] Leaving safepoint region
[2022-06-13T02:06:04.620+0000][1][safepoint    ] Total time for which application threads were stopped: 0.0001912 seconds, Stopping threads took: 0.0000912 seconds
[2022-06-13T02:06:04.621+0000][1][safepoint    ] Application time: 0.0008174 seconds
[2022-06-13T02:06:04.621+0000][1][safepoint    ] Entering safepoint region: RevokeBias
[2022-06-13T02:06:04.621+0000][1][safepoint    ] Leaving safepoint region
[2022-06-13T02:06:04.621+0000][1][safepoint    ] Total time for which application threads were stopped: 0.0002019 seconds, Stopping threads took: 0.0000997 seconds
[2022-06-13T02:06:04.622+0000][1][safepoint    ] Application time: 0.0003237 seconds
[2022-06-13T02:06:04.622+0000][1][safepoint    ] Entering safepoint region: RevokeBias
[2022-06-13T02:06:04.622+0000][1][safepoint    ] Leaving safepoint region
[2022-06-13T02:06:04.622+0000][1][safepoint    ] Total time for which application threads were stopped: 0.0001749 seconds, Stopping threads took: 0.0000830 seconds
[2022-06-13T02:06:04.624+0000][1][gc,heap,exit ] Heap
[2022-06-13T02:06:04.624+0000][1][gc,heap,exit ]  par new generation   total 78656K, used 9940K [0x00000000f0000000, 0x00000000f5550000, 0x00000000f5550000)
[2022-06-13T02:06:04.624+0000][1][gc,heap,exit ]   eden space 69952K,  11% used [0x00000000f0000000, 0x00000000f07d0d70, 0x00000000f4450000)
[2022-06-13T02:06:04.624+0000][1][gc,heap,exit ]   from space 8704K,  22% used [0x00000000f4450000, 0x00000000f4634490, 0x00000000f4cd0000)
[2022-06-13T02:06:04.625+0000][1][gc,heap,exit ]   to   space 8704K,   0% used [0x00000000f4cd0000, 0x00000000f4cd0000, 0x00000000f5550000)
[2022-06-13T02:06:04.625+0000][1][gc,heap,exit ]  concurrent mark-sweep generation total 174784K, used 68052K [0x00000000f5550000, 0x0000000100000000, 0x0000000100000000)
[2022-06-13T02:06:04.625+0000][1][gc,heap,exit ]  Metaspace       used 65430K, capacity 70368K, committed 70672K, reserved 1110016K
[2022-06-13T02:06:04.625+0000][1][gc,heap,exit ]   class space    used 8771K, capacity 10837K, committed 10920K, reserved 1048576K
[2022-06-13T02:06:04.625+0000][1][safepoint    ] Application time: 0.0026634 seconds
[2022-06-13T02:06:04.625+0000][1][safepoint    ] Entering safepoint region: Exit
