[2022-06-13T01:30:38.747+0000][1][gc] Using Concurrent Mark Sweep
[2022-06-13T01:30:38.747+0000][1][gc,heap,coops] Heap address: 0x00000000f0000000, size: 256 MB, Compressed Oops mode: 32-bit
[2022-06-13T01:30:38.811+0000][1][safepoint    ] Entering safepoint region: EnableBiasedLocking
[2022-06-13T01:30:38.811+0000][1][safepoint    ] Leaving safepoint region
[2022-06-13T01:30:38.811+0000][1][safepoint    ] Total time for which application threads were stopped: 0.0008252 seconds, Stopping threads took: 0.0004287 seconds
[2022-06-13T01:30:38.816+0000][1][safepoint    ] Application time: 0.0034089 seconds
[2022-06-13T01:30:38.816+0000][1][safepoint    ] Entering safepoint region: RevokeBias
[2022-06-13T01:30:38.817+0000][1][safepoint    ] Leaving safepoint region
[2022-06-13T01:30:38.817+0000][1][safepoint    ] Total time for which application threads were stopped: 0.0010015 seconds, Stopping threads took: 0.0006912 seconds
[2022-06-13T01:30:38.831+0000][1][safepoint    ] Application time: 0.0132225 seconds
[2022-06-13T01:30:38.831+0000][1][safepoint    ] Entering safepoint region: Deoptimize
[2022-06-13T01:30:38.831+0000][1][safepoint    ] Leaving safepoint region
[2022-06-13T01:30:38.831+0000][1][safepoint    ] Total time for which application threads were stopped: 0.0004106 seconds, Stopping threads took: 0.0001758 seconds
[2022-06-13T01:30:38.927+0000][1][safepoint    ] Application time: 0.0956526 seconds
[2022-06-13T01:30:38.928+0000][1][safepoint    ] Entering safepoint region: RevokeBias
[2022-06-13T01:30:38.928+0000][1][safepoint    ] Leaving safepoint region
[2022-06-13T01:30:38.928+0000][1][safepoint    ] Total time for which application threads were stopped: 0.0005427 seconds, Stopping threads took: 0.0002174 seconds
[2022-06-13T01:30:38.976+0000][1][safepoint    ] Application time: 0.0474734 seconds
[2022-06-13T01:30:38.977+0000][1][safepoint    ] Entering safepoint region: Deoptimize
[2022-06-13T01:30:38.977+0000][1][safepoint    ] Leaving safepoint region
[2022-06-13T01:30:38.978+0000][1][safepoint    ] Total time for which application threads were stopped: 0.0010872 seconds, Stopping threads took: 0.0004233 seconds
[2022-06-13T01:30:39.381+0000][1][safepoint    ] Application time: 0.4033849 seconds
[2022-06-13T01:30:39.382+0000][1][safepoint    ] Entering safepoint region: Deoptimize
[2022-06-13T01:30:39.382+0000][1][safepoint    ] Leaving safepoint region
[2022-06-13T01:30:39.382+0000][1][safepoint    ] Total time for which application threads were stopped: 0.0007572 seconds, Stopping threads took: 0.0002437 seconds
[2022-06-13T01:30:39.425+0000][1][safepoint    ] Application time: 0.0424054 seconds
[2022-06-13T01:30:39.426+0000][1][safepoint    ] Entering safepoint region: Deoptimize
[2022-06-13T01:30:39.426+0000][1][safepoint    ] Leaving safepoint region
[2022-06-13T01:30:39.426+0000][1][safepoint    ] Total time for which application threads were stopped: 0.0007015 seconds, Stopping threads took: 0.0002481 seconds
[2022-06-13T01:30:39.478+0000][1][safepoint    ] Application time: 0.0517453 seconds
[2022-06-13T01:30:39.479+0000][1][safepoint    ] Entering safepoint region: Deoptimize
[2022-06-13T01:30:39.479+0000][1][safepoint    ] Leaving safepoint region
[2022-06-13T01:30:39.480+0000][1][safepoint    ] Total time for which application threads were stopped: 0.0010117 seconds, Stopping threads took: 0.0003081 seconds
[2022-06-13T01:30:39.498+0000][1][safepoint    ] Application time: 0.0180471 seconds
[2022-06-13T01:30:39.499+0000][1][safepoint    ] Entering safepoint region: Deoptimize
[2022-06-13T01:30:39.499+0000][1][safepoint    ] Leaving safepoint region
[2022-06-13T01:30:39.499+0000][1][safepoint    ] Total time for which application threads were stopped: 0.0009085 seconds, Stopping threads took: 0.0003054 seconds
[2022-06-13T01:30:39.998+0000][1][safepoint    ] Application time: 0.4979930 seconds
[2022-06-13T01:30:39.998+0000][1][safepoint    ] Entering safepoint region: Deoptimize
[2022-06-13T01:30:39.999+0000][1][safepoint    ] Leaving safepoint region
[2022-06-13T01:30:39.999+0000][1][safepoint    ] Total time for which application threads were stopped: 0.0010329 seconds, Stopping threads took: 0.0003557 seconds
[2022-06-13T01:30:40.362+0000][1][safepoint    ] Application time: 0.3622008 seconds
[2022-06-13T01:30:40.362+0000][1][safepoint    ] Entering safepoint region: RevokeBias
[2022-06-13T01:30:40.363+0000][1][safepoint    ] Leaving safepoint region
[2022-06-13T01:30:40.363+0000][1][safepoint    ] Total time for which application threads were stopped: 0.0006356 seconds, Stopping threads took: 0.0002545 seconds
[2022-06-13T01:30:40.517+0000][1][safepoint    ] Application time: 0.1539577 seconds
[2022-06-13T01:30:40.517+0000][1][safepoint    ] Entering safepoint region: Deoptimize
[2022-06-13T01:30:40.518+0000][1][safepoint    ] Leaving safepoint region
[2022-06-13T01:30:40.518+0000][1][safepoint    ] Total time for which application threads were stopped: 0.0008874 seconds, Stopping threads took: 0.0002906 seconds
[2022-06-13T01:30:40.613+0000][1][safepoint    ] Application time: 0.0946292 seconds
[2022-06-13T01:30:40.614+0000][1][safepoint    ] Entering safepoint region: RevokeBias
[2022-06-13T01:30:40.614+0000][1][safepoint    ] Leaving safepoint region
[2022-06-13T01:30:40.614+0000][1][safepoint    ] Total time for which application threads were stopped: 0.0008079 seconds, Stopping threads took: 0.0003563 seconds
[2022-06-13T01:30:40.661+0000][1][safepoint    ] Application time: 0.0467619 seconds
[2022-06-13T01:30:40.662+0000][1][safepoint    ] Entering safepoint region: Deoptimize
[2022-06-13T01:30:40.662+0000][1][safepoint    ] Leaving safepoint region
[2022-06-13T01:30:40.663+0000][1][safepoint    ] Total time for which application threads were stopped: 0.0008215 seconds, Stopping threads took: 0.0002744 seconds
[2022-06-13T01:30:40.663+0000][1][safepoint    ] Application time: 0.0002582 seconds
[2022-06-13T01:30:40.663+0000][1][safepoint    ] Entering safepoint region: Deoptimize
[2022-06-13T01:30:40.664+0000][1][safepoint    ] Leaving safepoint region
[2022-06-13T01:30:40.664+0000][1][safepoint    ] Total time for which application threads were stopped: 0.0007838 seconds, Stopping threads took: 0.0002237 seconds
[2022-06-13T01:30:40.699+0000][1][safepoint    ] Application time: 0.0347241 seconds
[2022-06-13T01:30:40.700+0000][1][safepoint    ] Entering safepoint region: Deoptimize
[2022-06-13T01:30:40.700+0000][1][safepoint    ] Leaving safepoint region
[2022-06-13T01:30:40.701+0000][1][safepoint    ] Total time for which application threads were stopped: 0.0009139 seconds, Stopping threads took: 0.0002969 seconds
[2022-06-13T01:30:40.719+0000][1][safepoint    ] Application time: 0.0182839 seconds
[2022-06-13T01:30:40.720+0000][1][safepoint    ] Entering safepoint region: Deoptimize
[2022-06-13T01:30:40.720+0000][1][safepoint    ] Leaving safepoint region
[2022-06-13T01:30:40.721+0000][1][safepoint    ] Total time for which application threads were stopped: 0.0008843 seconds, Stopping threads took: 0.0002602 seconds
[2022-06-13T01:30:40.731+0000][1][safepoint    ] Application time: 0.0101176 seconds
[2022-06-13T01:30:40.733+0000][1][safepoint    ] Entering safepoint region: RevokeBias
[2022-06-13T01:30:40.733+0000][1][safepoint    ] Leaving safepoint region
[2022-06-13T01:30:40.734+0000][1][safepoint    ] Total time for which application threads were stopped: 0.0007635 seconds, Stopping threads took: 0.0003683 seconds
[2022-06-13T01:30:40.734+0000][1][safepoint    ] Application time: 0.0003697 seconds
[2022-06-13T01:30:40.735+0000][1][safepoint    ] Entering safepoint region: RevokeBias
[2022-06-13T01:30:40.735+0000][1][safepoint    ] Leaving safepoint region
[2022-06-13T01:30:40.736+0000][1][safepoint    ] Total time for which application threads were stopped: 0.0009187 seconds, Stopping threads took: 0.0005497 seconds
[2022-06-13T01:30:40.736+0000][1][safepoint    ] Application time: 0.0001814 seconds
[2022-06-13T01:30:40.736+0000][1][safepoint    ] Entering safepoint region: RevokeBias
[2022-06-13T01:30:40.737+0000][1][safepoint    ] Leaving safepoint region
[2022-06-13T01:30:40.737+0000][1][safepoint    ] Total time for which application threads were stopped: 0.0007426 seconds, Stopping threads took: 0.0003866 seconds
[2022-06-13T01:30:40.738+0000][1][safepoint    ] Application time: 0.0002773 seconds
[2022-06-13T01:30:40.738+0000][1][safepoint    ] Entering safepoint region: RevokeBias
[2022-06-13T01:30:40.739+0000][1][safepoint    ] Leaving safepoint region
[2022-06-13T01:30:40.739+0000][1][safepoint    ] Total time for which application threads were stopped: 0.0008175 seconds, Stopping threads took: 0.0004182 seconds
[2022-06-13T01:30:40.740+0000][1][safepoint    ] Application time: 0.0004110 seconds
[2022-06-13T01:30:40.740+0000][1][safepoint    ] Entering safepoint region: RevokeBias
[2022-06-13T01:30:40.740+0000][1][safepoint    ] Leaving safepoint region
[2022-06-13T01:30:40.741+0000][1][safepoint    ] Total time for which application threads were stopped: 0.0008172 seconds, Stopping threads took: 0.0004601 seconds
[2022-06-13T01:30:40.752+0000][1][safepoint    ] Application time: 0.0106691 seconds
[2022-06-13T01:30:40.752+0000][1][safepoint    ] Entering safepoint region: Deoptimize
[2022-06-13T01:30:40.753+0000][1][safepoint    ] Leaving safepoint region
[2022-06-13T01:30:40.753+0000][1][safepoint    ] Total time for which application threads were stopped: 0.0008418 seconds, Stopping threads took: 0.0002957 seconds
[2022-06-13T01:30:40.889+0000][1][safepoint    ] Application time: 0.1359250 seconds
[2022-06-13T01:30:40.890+0000][1][safepoint    ] Entering safepoint region: GenCollectForAllocation
[2022-06-13T01:30:40.890+0000][1][gc,start     ] GC(0) Pause Young (Allocation Failure)
[2022-06-13T01:30:40.891+0000][1][gc,task      ] GC(0) Using 5 workers of 13 for evacuation
[2022-06-13T01:30:40.902+0000][1][gc,age       ] GC(0) Desired survivor size 4456448 bytes, new threshold 1 (max threshold 6)
[2022-06-13T01:30:40.902+0000][1][gc,age       ] GC(0) Age table with threshold 1 (max threshold 6)
[2022-06-13T01:30:40.902+0000][1][gc,age       ] GC(0) - age   1:    8160864 bytes,    8160864 total
[2022-06-13T01:30:40.903+0000][1][gc,heap      ] GC(0) ParNew: 69952K->8078K(78656K)
[2022-06-13T01:30:40.903+0000][1][gc,heap      ] GC(0) CMS: 0K->0K(174784K)
[2022-06-13T01:30:40.904+0000][1][gc,metaspace ] GC(0) Metaspace: 12339K->12339K(1060864K)
[2022-06-13T01:30:40.904+0000][1][gc           ] GC(0) Pause Young (Allocation Failure) 68M->7M(247M) 13.935ms
[2022-06-13T01:30:40.905+0000][1][gc,cpu       ] GC(0) User=0.06s Sys=0.00s Real=0.01s
[2022-06-13T01:30:40.905+0000][1][safepoint    ] Leaving safepoint region
[2022-06-13T01:30:40.906+0000][1][safepoint    ] Total time for which application threads were stopped: 0.0167474 seconds, Stopping threads took: 0.0003370 seconds
[2022-06-13T01:30:40.907+0000][1][safepoint    ] Application time: 0.0006983 seconds
[2022-06-13T01:30:40.908+0000][1][safepoint    ] Entering safepoint region: RevokeBias
[2022-06-13T01:30:40.908+0000][1][safepoint    ] Leaving safepoint region
[2022-06-13T01:30:40.909+0000][1][safepoint    ] Total time for which application threads were stopped: 0.0011442 seconds, Stopping threads took: 0.0007755 seconds
[2022-06-13T01:30:40.911+0000][1][safepoint    ] Application time: 0.0001794 seconds
[2022-06-13T01:30:40.911+0000][1][safepoint    ] Entering safepoint region: RevokeBias
[2022-06-13T01:30:40.911+0000][1][safepoint    ] Leaving safepoint region
[2022-06-13T01:30:40.911+0000][1][safepoint    ] Total time for which application threads were stopped: 0.0006925 seconds, Stopping threads took: 0.0003404 seconds
[2022-06-13T01:30:40.912+0000][1][safepoint    ] Application time: 0.0001926 seconds
[2022-06-13T01:30:40.912+0000][1][safepoint    ] Entering safepoint region: RevokeBias
[2022-06-13T01:30:40.913+0000][1][safepoint    ] Leaving safepoint region
[2022-06-13T01:30:40.913+0000][1][safepoint    ] Total time for which application threads were stopped: 0.0006849 seconds, Stopping threads took: 0.0003420 seconds
[2022-06-13T01:30:40.913+0000][1][safepoint    ] Application time: 0.0001925 seconds
[2022-06-13T01:30:40.914+0000][1][safepoint    ] Entering safepoint region: RevokeBias
[2022-06-13T01:30:40.914+0000][1][safepoint    ] Leaving safepoint region
[2022-06-13T01:30:40.914+0000][1][safepoint    ] Total time for which application threads were stopped: 0.0006927 seconds, Stopping threads took: 0.0003698 seconds
[2022-06-13T01:30:40.915+0000][1][safepoint    ] Application time: 0.0002008 seconds
[2022-06-13T01:30:40.915+0000][1][safepoint    ] Entering safepoint region: RevokeBias
[2022-06-13T01:30:40.916+0000][1][safepoint    ] Leaving safepoint region
[2022-06-13T01:30:40.916+0000][1][safepoint    ] Total time for which application threads were stopped: 0.0007462 seconds, Stopping threads took: 0.0004342 seconds
[2022-06-13T01:30:40.916+0000][1][safepoint    ] Application time: 0.0001396 seconds
[2022-06-13T01:30:40.917+0000][1][safepoint    ] Entering safepoint region: RevokeBias
[2022-06-13T01:30:40.917+0000][1][safepoint    ] Leaving safepoint region
[2022-06-13T01:30:40.917+0000][1][safepoint    ] Total time for which application threads were stopped: 0.0006465 seconds, Stopping threads took: 0.0003213 seconds
[2022-06-13T01:30:40.918+0000][1][safepoint    ] Application time: 0.0001929 seconds
[2022-06-13T01:30:40.918+0000][1][safepoint    ] Entering safepoint region: RevokeBias
[2022-06-13T01:30:40.918+0000][1][safepoint    ] Leaving safepoint region
[2022-06-13T01:30:40.919+0000][1][safepoint    ] Total time for which application threads were stopped: 0.0006388 seconds, Stopping threads took: 0.0003109 seconds
[2022-06-13T01:30:40.919+0000][1][safepoint    ] Application time: 0.0001787 seconds
[2022-06-13T01:30:40.919+0000][1][safepoint    ] Entering safepoint region: RevokeBias
[2022-06-13T01:30:40.920+0000][1][safepoint    ] Leaving safepoint region
[2022-06-13T01:30:40.920+0000][1][safepoint    ] Total time for which application threads were stopped: 0.0006308 seconds, Stopping threads took: 0.0002878 seconds
[2022-06-13T01:30:40.920+0000][1][safepoint    ] Application time: 0.0002368 seconds
[2022-06-13T01:30:40.921+0000][1][safepoint    ] Entering safepoint region: RevokeBias
[2022-06-13T01:30:40.921+0000][1][safepoint    ] Leaving safepoint region
[2022-06-13T01:30:40.921+0000][1][safepoint    ] Total time for which application threads were stopped: 0.0006570 seconds, Stopping threads took: 0.0003392 seconds
[2022-06-13T01:30:40.922+0000][1][safepoint    ] Application time: 0.0002086 seconds
[2022-06-13T01:30:40.922+0000][1][safepoint    ] Entering safepoint region: RevokeBias
[2022-06-13T01:30:40.922+0000][1][safepoint    ] Leaving safepoint region
[2022-06-13T01:30:40.923+0000][1][safepoint    ] Total time for which application threads were stopped: 0.0005714 seconds, Stopping threads took: 0.0002980 seconds
[2022-06-13T01:30:40.923+0000][1][safepoint    ] Application time: 0.0001552 seconds
[2022-06-13T01:30:40.923+0000][1][safepoint    ] Entering safepoint region: RevokeBias
[2022-06-13T01:30:40.924+0000][1][safepoint    ] Leaving safepoint region
[2022-06-13T01:30:40.924+0000][1][safepoint    ] Total time for which application threads were stopped: 0.0005839 seconds, Stopping threads took: 0.0002890 seconds
[2022-06-13T01:30:40.925+0000][1][safepoint    ] Application time: 0.0003019 seconds
[2022-06-13T01:30:40.925+0000][1][safepoint    ] Entering safepoint region: RevokeBias
[2022-06-13T01:30:40.925+0000][1][safepoint    ] Leaving safepoint region
[2022-06-13T01:30:40.925+0000][1][safepoint    ] Total time for which application threads were stopped: 0.0006955 seconds, Stopping threads took: 0.0003869 seconds
[2022-06-13T01:30:40.926+0000][1][safepoint    ] Application time: 0.0002509 seconds
[2022-06-13T01:30:40.926+0000][1][safepoint    ] Entering safepoint region: RevokeBias
[2022-06-13T01:30:40.927+0000][1][safepoint    ] Leaving safepoint region
[2022-06-13T01:30:40.927+0000][1][safepoint    ] Total time for which application threads were stopped: 0.0005534 seconds, Stopping threads took: 0.0002982 seconds
[2022-06-13T01:30:40.927+0000][1][safepoint    ] Application time: 0.0001133 seconds
[2022-06-13T01:30:40.927+0000][1][safepoint    ] Entering safepoint region: RevokeBias
[2022-06-13T01:30:40.928+0000][1][safepoint    ] Leaving safepoint region
[2022-06-13T01:30:40.928+0000][1][safepoint    ] Total time for which application threads were stopped: 0.0006932 seconds, Stopping threads took: 0.0003934 seconds
[2022-06-13T01:30:40.929+0000][1][safepoint    ] Application time: 0.0002032 seconds
[2022-06-13T01:30:40.929+0000][1][safepoint    ] Entering safepoint region: RevokeBias
[2022-06-13T01:30:40.929+0000][1][safepoint    ] Leaving safepoint region
[2022-06-13T01:30:40.930+0000][1][safepoint    ] Total time for which application threads were stopped: 0.0007326 seconds, Stopping threads took: 0.0003395 seconds
[2022-06-13T01:30:40.930+0000][1][safepoint    ] Application time: 0.0001803 seconds
[2022-06-13T01:30:40.930+0000][1][safepoint    ] Entering safepoint region: RevokeBias
[2022-06-13T01:30:40.931+0000][1][safepoint    ] Leaving safepoint region
[2022-06-13T01:30:40.931+0000][1][safepoint    ] Total time for which application threads were stopped: 0.0006718 seconds, Stopping threads took: 0.0003445 seconds
[2022-06-13T01:30:40.931+0000][1][safepoint    ] Application time: 0.0001747 seconds
[2022-06-13T01:30:40.932+0000][1][safepoint    ] Entering safepoint region: RevokeBias
[2022-06-13T01:30:40.932+0000][1][safepoint    ] Leaving safepoint region
[2022-06-13T01:30:40.932+0000][1][safepoint    ] Total time for which application threads were stopped: 0.0006642 seconds, Stopping threads took: 0.0002700 seconds
[2022-06-13T01:30:40.933+0000][1][safepoint    ] Application time: 0.0001531 seconds
[2022-06-13T01:30:40.933+0000][1][safepoint    ] Entering safepoint region: RevokeBias
[2022-06-13T01:30:40.933+0000][1][safepoint    ] Leaving safepoint region
[2022-06-13T01:30:40.934+0000][1][safepoint    ] Total time for which application threads were stopped: 0.0006625 seconds, Stopping threads took: 0.0002798 seconds
[2022-06-13T01:30:40.934+0000][1][safepoint    ] Application time: 0.0004590 seconds
[2022-06-13T01:30:40.935+0000][1][safepoint    ] Entering safepoint region: RevokeBias
[2022-06-13T01:30:40.935+0000][1][safepoint    ] Leaving safepoint region
[2022-06-13T01:30:40.935+0000][1][safepoint    ] Total time for which application threads were stopped: 0.0005467 seconds, Stopping threads took: 0.0002716 seconds
[2022-06-13T01:30:40.936+0000][1][safepoint    ] Application time: 0.0001707 seconds
[2022-06-13T01:30:40.936+0000][1][safepoint    ] Entering safepoint region: RevokeBias
[2022-06-13T01:30:40.936+0000][1][safepoint    ] Leaving safepoint region
[2022-06-13T01:30:40.937+0000][1][safepoint    ] Total time for which application threads were stopped: 0.0006353 seconds, Stopping threads took: 0.0003176 seconds
[2022-06-13T01:30:40.937+0000][1][safepoint    ] Application time: 0.0001824 seconds
[2022-06-13T01:30:40.937+0000][1][safepoint    ] Entering safepoint region: RevokeBias
[2022-06-13T01:30:40.938+0000][1][safepoint    ] Leaving safepoint region
[2022-06-13T01:30:40.938+0000][1][safepoint    ] Total time for which application threads were stopped: 0.0007709 seconds, Stopping threads took: 0.0004068 seconds
[2022-06-13T01:30:40.939+0000][1][safepoint    ] Application time: 0.0002200 seconds
[2022-06-13T01:30:40.939+0000][1][safepoint    ] Entering safepoint region: RevokeBias
[2022-06-13T01:30:40.940+0000][1][safepoint    ] Leaving safepoint region
[2022-06-13T01:30:40.940+0000][1][safepoint    ] Total time for which application threads were stopped: 0.0010653 seconds, Stopping threads took: 0.0006682 seconds
[2022-06-13T01:30:40.941+0000][1][safepoint    ] Application time: 0.0001988 seconds
[2022-06-13T01:30:40.941+0000][1][safepoint    ] Entering safepoint region: RevokeBias
[2022-06-13T01:30:40.942+0000][1][safepoint    ] Leaving safepoint region
[2022-06-13T01:30:40.942+0000][1][safepoint    ] Total time for which application threads were stopped: 0.0008269 seconds, Stopping threads took: 0.0004546 seconds
[2022-06-13T01:30:40.944+0000][1][safepoint    ] Application time: 0.0019868 seconds
[2022-06-13T01:30:40.945+0000][1][safepoint    ] Entering safepoint region: RevokeBias
[2022-06-13T01:30:40.945+0000][1][safepoint    ] Leaving safepoint region
[2022-06-13T01:30:40.946+0000][1][safepoint    ] Total time for which application threads were stopped: 0.0008263 seconds, Stopping threads took: 0.0004018 seconds
[2022-06-13T01:30:40.946+0000][1][safepoint    ] Application time: 0.0001661 seconds
[2022-06-13T01:30:40.947+0000][1][safepoint    ] Entering safepoint region: RevokeBias
[2022-06-13T01:30:40.947+0000][1][safepoint    ] Leaving safepoint region
[2022-06-13T01:30:40.947+0000][1][safepoint    ] Total time for which application threads were stopped: 0.0007461 seconds, Stopping threads took: 0.0004332 seconds
[2022-06-13T01:30:40.948+0000][1][safepoint    ] Application time: 0.0001489 seconds
[2022-06-13T01:30:40.948+0000][1][safepoint    ] Entering safepoint region: RevokeBias
[2022-06-13T01:30:40.948+0000][1][safepoint    ] Leaving safepoint region
[2022-06-13T01:30:40.949+0000][1][safepoint    ] Total time for which application threads were stopped: 0.0006699 seconds, Stopping threads took: 0.0003390 seconds
[2022-06-13T01:30:41.198+0000][1][safepoint    ] Application time: 0.2488992 seconds
[2022-06-13T01:30:41.199+0000][1][safepoint    ] Entering safepoint region: RevokeBias
[2022-06-13T01:30:41.200+0000][1][safepoint    ] Leaving safepoint region
[2022-06-13T01:30:41.200+0000][1][safepoint    ] Total time for which application threads were stopped: 0.0008570 seconds, Stopping threads took: 0.0004204 seconds
[2022-06-13T01:30:41.234+0000][1][safepoint    ] Application time: 0.0330874 seconds
[2022-06-13T01:30:41.234+0000][1][safepoint    ] Entering safepoint region: Deoptimize
[2022-06-13T01:30:41.235+0000][1][safepoint    ] Leaving safepoint region
[2022-06-13T01:30:41.235+0000][1][safepoint    ] Total time for which application threads were stopped: 0.0010294 seconds, Stopping threads took: 0.0002684 seconds
[2022-06-13T01:30:41.441+0000][1][safepoint    ] Application time: 0.2051301 seconds
[2022-06-13T01:30:41.441+0000][1][safepoint    ] Entering safepoint region: RevokeBias
[2022-06-13T01:30:41.442+0000][1][safepoint    ] Leaving safepoint region
[2022-06-13T01:30:41.442+0000][1][safepoint    ] Total time for which application threads were stopped: 0.0005836 seconds, Stopping threads took: 0.0002543 seconds
[2022-06-13T01:30:41.563+0000][1][safepoint    ] Application time: 0.1212915 seconds
[2022-06-13T01:30:41.564+0000][1][safepoint    ] Entering safepoint region: RevokeBias
[2022-06-13T01:30:41.564+0000][1][safepoint    ] Leaving safepoint region
[2022-06-13T01:30:41.564+0000][1][safepoint    ] Total time for which application threads were stopped: 0.0004700 seconds, Stopping threads took: 0.0002132 seconds
[2022-06-13T01:30:41.569+0000][1][safepoint    ] Application time: 0.0042982 seconds
[2022-06-13T01:30:41.569+0000][1][safepoint    ] Entering safepoint region: RevokeBias
[2022-06-13T01:30:41.570+0000][1][safepoint    ] Leaving safepoint region
[2022-06-13T01:30:41.570+0000][1][safepoint    ] Total time for which application threads were stopped: 0.0006272 seconds, Stopping threads took: 0.0003077 seconds
[2022-06-13T01:30:41.599+0000][1][safepoint    ] Application time: 0.0286101 seconds
[2022-06-13T01:30:41.600+0000][1][safepoint    ] Entering safepoint region: GenCollectForAllocation
[2022-06-13T01:30:41.600+0000][1][gc,start     ] GC(1) Pause Young (Allocation Failure)
[2022-06-13T01:30:41.600+0000][1][gc,task      ] GC(1) Using 5 workers of 13 for evacuation
[2022-06-13T01:30:41.625+0000][1][gc,age       ] GC(1) Desired survivor size 4456448 bytes, new threshold 6 (max threshold 6)
[2022-06-13T01:30:41.626+0000][1][gc,age       ] GC(1) Age table with threshold 6 (max threshold 6)
[2022-06-13T01:30:41.626+0000][1][gc,age       ] GC(1) - age   1:    1989768 bytes,    1989768 total
[2022-06-13T01:30:41.626+0000][1][gc,heap      ] GC(1) ParNew: 78030K->5401K(78656K)
[2022-06-13T01:30:41.627+0000][1][gc,heap      ] GC(1) CMS: 0K->6699K(174784K)
[2022-06-13T01:30:41.627+0000][1][gc,metaspace ] GC(1) Metaspace: 15000K->15000K(1062912K)
[2022-06-13T01:30:41.627+0000][1][gc           ] GC(1) Pause Young (Allocation Failure) 76M->11M(247M) 26.963ms
[2022-06-13T01:30:41.627+0000][1][gc,cpu       ] GC(1) User=0.10s Sys=0.01s Real=0.02s
[2022-06-13T01:30:41.628+0000][1][safepoint    ] Leaving safepoint region
[2022-06-13T01:30:41.628+0000][1][safepoint    ] Total time for which application threads were stopped: 0.0282613 seconds, Stopping threads took: 0.0004587 seconds
[2022-06-13T01:30:41.629+0000][1][safepoint    ] Application time: 0.0010997 seconds
[2022-06-13T01:30:41.630+0000][1][safepoint    ] Entering safepoint region: RevokeBias
[2022-06-13T01:30:41.630+0000][1][safepoint    ] Leaving safepoint region
[2022-06-13T01:30:41.630+0000][1][safepoint    ] Total time for which application threads were stopped: 0.0007586 seconds, Stopping threads took: 0.0003531 seconds
[2022-06-13T01:30:41.631+0000][1][safepoint    ] Application time: 0.0001944 seconds
[2022-06-13T01:30:41.631+0000][1][safepoint    ] Entering safepoint region: RevokeBias
[2022-06-13T01:30:41.631+0000][1][safepoint    ] Leaving safepoint region
[2022-06-13T01:30:41.632+0000][1][safepoint    ] Total time for which application threads were stopped: 0.0005808 seconds, Stopping threads took: 0.0002774 seconds
[2022-06-13T01:30:41.632+0000][1][safepoint    ] Application time: 0.0001705 seconds
[2022-06-13T01:30:41.633+0000][1][safepoint    ] Entering safepoint region: RevokeBias
[2022-06-13T01:30:41.633+0000][1][safepoint    ] Leaving safepoint region
[2022-06-13T01:30:41.633+0000][1][safepoint    ] Total time for which application threads were stopped: 0.0006674 seconds, Stopping threads took: 0.0003692 seconds
[2022-06-13T01:30:41.634+0000][1][safepoint    ] Application time: 0.0001631 seconds
[2022-06-13T01:30:41.634+0000][1][safepoint    ] Entering safepoint region: RevokeBias
[2022-06-13T01:30:41.634+0000][1][safepoint    ] Leaving safepoint region
[2022-06-13T01:30:41.635+0000][1][safepoint    ] Total time for which application threads were stopped: 0.0006075 seconds, Stopping threads took: 0.0003206 seconds
[2022-06-13T01:30:41.635+0000][1][safepoint    ] Application time: 0.0001550 seconds
[2022-06-13T01:30:41.635+0000][1][safepoint    ] Entering safepoint region: RevokeBias
[2022-06-13T01:30:41.635+0000][1][safepoint    ] Leaving safepoint region
[2022-06-13T01:30:41.636+0000][1][safepoint    ] Total time for which application threads were stopped: 0.0004802 seconds, Stopping threads took: 0.0002371 seconds
[2022-06-13T01:30:41.636+0000][1][safepoint    ] Application time: 0.0001595 seconds
[2022-06-13T01:30:41.636+0000][1][safepoint    ] Entering safepoint region: RevokeBias
[2022-06-13T01:30:41.637+0000][1][safepoint    ] Leaving safepoint region
[2022-06-13T01:30:41.637+0000][1][safepoint    ] Total time for which application threads were stopped: 0.0004830 seconds, Stopping threads took: 0.0002439 seconds
[2022-06-13T01:30:41.637+0000][1][safepoint    ] Application time: 0.0001334 seconds
[2022-06-13T01:30:41.637+0000][1][safepoint    ] Entering safepoint region: RevokeBias
[2022-06-13T01:30:41.638+0000][1][safepoint    ] Leaving safepoint region
[2022-06-13T01:30:41.638+0000][1][safepoint    ] Total time for which application threads were stopped: 0.0005718 seconds, Stopping threads took: 0.0003110 seconds
[2022-06-13T01:30:41.638+0000][1][safepoint    ] Application time: 0.0001347 seconds
[2022-06-13T01:30:41.638+0000][1][safepoint    ] Entering safepoint region: RevokeBias
[2022-06-13T01:30:41.639+0000][1][safepoint    ] Leaving safepoint region
[2022-06-13T01:30:41.639+0000][1][safepoint    ] Total time for which application threads were stopped: 0.0006199 seconds, Stopping threads took: 0.0002808 seconds
[2022-06-13T01:30:41.639+0000][1][safepoint    ] Application time: 0.0001649 seconds
[2022-06-13T01:30:41.640+0000][1][safepoint    ] Entering safepoint region: RevokeBias
[2022-06-13T01:30:41.640+0000][1][safepoint    ] Leaving safepoint region
[2022-06-13T01:30:41.640+0000][1][safepoint    ] Total time for which application threads were stopped: 0.0005728 seconds, Stopping threads took: 0.0003172 seconds
[2022-06-13T01:30:41.641+0000][1][safepoint    ] Application time: 0.0001453 seconds
[2022-06-13T01:30:41.641+0000][1][safepoint    ] Entering safepoint region: RevokeBias
[2022-06-13T01:30:41.641+0000][1][safepoint    ] Leaving safepoint region
[2022-06-13T01:30:41.641+0000][1][safepoint    ] Total time for which application threads were stopped: 0.0004445 seconds, Stopping threads took: 0.0002577 seconds
[2022-06-13T01:30:41.642+0000][1][safepoint    ] Application time: 0.0001572 seconds
[2022-06-13T01:30:41.642+0000][1][safepoint    ] Entering safepoint region: BulkRevokeBias
[2022-06-13T01:30:41.642+0000][1][safepoint    ] Leaving safepoint region
[2022-06-13T01:30:41.642+0000][1][safepoint    ] Total time for which application threads were stopped: 0.0005503 seconds, Stopping threads took: 0.0002563 seconds
[2022-06-13T01:30:41.643+0000][1][safepoint    ] Application time: 0.0001278 seconds
[2022-06-13T01:30:41.643+0000][1][safepoint    ] Entering safepoint region: RevokeBias
[2022-06-13T01:30:41.643+0000][1][safepoint    ] Leaving safepoint region
[2022-06-13T01:30:41.644+0000][1][safepoint    ] Total time for which application threads were stopped: 0.0005357 seconds, Stopping threads took: 0.0002737 seconds
[2022-06-13T01:30:41.644+0000][1][safepoint    ] Application time: 0.0001904 seconds
[2022-06-13T01:30:41.645+0000][1][safepoint    ] Entering safepoint region: BulkRevokeBias
[2022-06-13T01:30:41.645+0000][1][safepoint    ] Leaving safepoint region
[2022-06-13T01:30:41.646+0000][1][safepoint    ] Total time for which application threads were stopped: 0.0007602 seconds, Stopping threads took: 0.0003546 seconds
[2022-06-13T01:30:41.836+0000][1][safepoint    ] Application time: 0.1900352 seconds
[2022-06-13T01:30:41.836+0000][1][safepoint    ] Entering safepoint region: GenCollectForAllocation
[2022-06-13T01:30:41.837+0000][1][gc,start     ] GC(2) Pause Young (Allocation Failure)
[2022-06-13T01:30:41.837+0000][1][gc,task      ] GC(2) Using 5 workers of 13 for evacuation
[2022-06-13T01:30:41.842+0000][1][gc,age       ] GC(2) Desired survivor size 4456448 bytes, new threshold 6 (max threshold 6)
[2022-06-13T01:30:41.842+0000][1][gc,age       ] GC(2) Age table with threshold 6 (max threshold 6)
[2022-06-13T01:30:41.842+0000][1][gc,age       ] GC(2) - age   1:    2620984 bytes,    2620984 total
[2022-06-13T01:30:41.843+0000][1][gc,age       ] GC(2) - age   2:    1183600 bytes,    3804584 total
[2022-06-13T01:30:41.843+0000][1][gc,heap      ] GC(2) ParNew: 75353K->4901K(78656K)
[2022-06-13T01:30:41.843+0000][1][gc,heap      ] GC(2) CMS: 6699K->6699K(174784K)
[2022-06-13T01:30:41.844+0000][1][gc,metaspace ] GC(2) Metaspace: 15135K->15135K(1062912K)
[2022-06-13T01:30:41.844+0000][1][gc           ] GC(2) Pause Young (Allocation Failure) 80M->11M(247M) 7.087ms
[2022-06-13T01:30:41.844+0000][1][gc,cpu       ] GC(2) User=0.05s Sys=0.00s Real=0.01s
[2022-06-13T01:30:41.844+0000][1][safepoint    ] Leaving safepoint region
[2022-06-13T01:30:41.844+0000][1][safepoint    ] Total time for which application threads were stopped: 0.0081847 seconds, Stopping threads took: 0.0003187 seconds
[2022-06-13T01:30:41.845+0000][1][safepoint    ] Application time: 0.0003420 seconds
[2022-06-13T01:30:41.845+0000][1][safepoint    ] Entering safepoint region: RevokeBias
[2022-06-13T01:30:41.846+0000][1][safepoint    ] Leaving safepoint region
[2022-06-13T01:30:41.846+0000][1][safepoint    ] Total time for which application threads were stopped: 0.0007856 seconds, Stopping threads took: 0.0004090 seconds
[2022-06-13T01:30:41.847+0000][1][safepoint    ] Application time: 0.0001714 seconds
[2022-06-13T01:30:41.847+0000][1][safepoint    ] Entering safepoint region: RevokeBias
[2022-06-13T01:30:41.847+0000][1][safepoint    ] Leaving safepoint region
[2022-06-13T01:30:41.848+0000][1][safepoint    ] Total time for which application threads were stopped: 0.0008346 seconds, Stopping threads took: 0.0004578 seconds
[2022-06-13T01:30:41.848+0000][1][safepoint    ] Application time: 0.0001651 seconds
[2022-06-13T01:30:41.848+0000][1][safepoint    ] Entering safepoint region: RevokeBias
[2022-06-13T01:30:41.849+0000][1][safepoint    ] Leaving safepoint region
[2022-06-13T01:30:41.849+0000][1][safepoint    ] Total time for which application threads were stopped: 0.0011065 seconds, Stopping threads took: 0.0003591 seconds
[2022-06-13T01:30:41.850+0000][1][safepoint    ] Application time: 0.0001616 seconds
[2022-06-13T01:30:41.850+0000][1][safepoint    ] Entering safepoint region: RevokeBias
[2022-06-13T01:30:41.851+0000][1][safepoint    ] Leaving safepoint region
[2022-06-13T01:30:41.851+0000][1][safepoint    ] Total time for which application threads were stopped: 0.0006377 seconds, Stopping threads took: 0.0002862 seconds
[2022-06-13T01:30:41.852+0000][1][safepoint    ] Application time: 0.0001872 seconds
[2022-06-13T01:30:41.852+0000][1][safepoint    ] Entering safepoint region: RevokeBias
[2022-06-13T01:30:41.852+0000][1][safepoint    ] Leaving safepoint region
[2022-06-13T01:30:41.852+0000][1][safepoint    ] Total time for which application threads were stopped: 0.0005670 seconds, Stopping threads took: 0.0002554 seconds
[2022-06-13T01:30:41.853+0000][1][safepoint    ] Application time: 0.0001652 seconds
[2022-06-13T01:30:41.853+0000][1][safepoint    ] Entering safepoint region: RevokeBias
[2022-06-13T01:30:41.854+0000][1][safepoint    ] Leaving safepoint region
[2022-06-13T01:30:41.854+0000][1][safepoint    ] Total time for which application threads were stopped: 0.0006502 seconds, Stopping threads took: 0.0003953 seconds
[2022-06-13T01:30:42.045+0000][1][safepoint    ] Application time: 0.1915161 seconds
[2022-06-13T01:30:42.046+0000][1][safepoint    ] Entering safepoint region: Deoptimize
[2022-06-13T01:30:42.047+0000][1][safepoint    ] Leaving safepoint region
[2022-06-13T01:30:42.047+0000][1][safepoint    ] Total time for which application threads were stopped: 0.0012079 seconds, Stopping threads took: 0.0003037 seconds
[2022-06-13T01:30:42.049+0000][1][safepoint    ] Application time: 0.0011646 seconds
[2022-06-13T01:30:42.049+0000][1][safepoint    ] Entering safepoint region: Deoptimize
[2022-06-13T01:30:42.050+0000][1][safepoint    ] Leaving safepoint region
[2022-06-13T01:30:42.050+0000][1][safepoint    ] Total time for which application threads were stopped: 0.0011659 seconds, Stopping threads took: 0.0003497 seconds
[2022-06-13T01:30:42.418+0000][1][safepoint    ] Application time: 0.3680376 seconds
[2022-06-13T01:30:42.421+0000][1][safepoint    ] Entering safepoint region: GenCollectForAllocation
[2022-06-13T01:30:42.422+0000][1][gc,start     ] GC(3) Pause Young (Allocation Failure)
[2022-06-13T01:30:42.426+0000][1][gc,task      ] GC(3) Using 5 workers of 13 for evacuation
[2022-06-13T01:30:42.438+0000][1][gc,age       ] GC(3) Desired survivor size 4456448 bytes, new threshold 3 (max threshold 6)
[2022-06-13T01:30:42.438+0000][1][gc,age       ] GC(3) Age table with threshold 3 (max threshold 6)
[2022-06-13T01:30:42.439+0000][1][gc,age       ] GC(3) - age   1:    3232488 bytes,    3232488 total
[2022-06-13T01:30:42.439+0000][1][gc,age       ] GC(3) - age   2:     319664 bytes,    3552152 total
[2022-06-13T01:30:42.439+0000][1][gc,age       ] GC(3) - age   3:    1180600 bytes,    4732752 total
[2022-06-13T01:30:42.440+0000][1][gc,heap      ] GC(3) ParNew: 74853K->6091K(78656K)
[2022-06-13T01:30:42.440+0000][1][gc,heap      ] GC(3) CMS: 6699K->6699K(174784K)
[2022-06-13T01:30:42.440+0000][1][gc,metaspace ] GC(3) Metaspace: 18526K->18526K(1067008K)
[2022-06-13T01:30:42.440+0000][1][gc           ] GC(3) Pause Young (Allocation Failure) 79M->12M(247M) 18.305ms
[2022-06-13T01:30:42.440+0000][1][gc,cpu       ] GC(3) User=0.09s Sys=0.00s Real=0.02s
[2022-06-13T01:30:42.441+0000][1][safepoint    ] Leaving safepoint region
[2022-06-13T01:30:42.441+0000][1][safepoint    ] Total time for which application threads were stopped: 0.0202940 seconds, Stopping threads took: 0.0010534 seconds
[2022-06-13T01:30:42.442+0000][1][safepoint    ] Application time: 0.0005111 seconds
[2022-06-13T01:30:42.442+0000][1][safepoint    ] Entering safepoint region: RevokeBias
[2022-06-13T01:30:42.443+0000][1][safepoint    ] Leaving safepoint region
[2022-06-13T01:30:42.444+0000][1][safepoint    ] Total time for which application threads were stopped: 0.0018047 seconds, Stopping threads took: 0.0002970 seconds
[2022-06-13T01:30:42.444+0000][1][safepoint    ] Application time: 0.0002092 seconds
[2022-06-13T01:30:42.447+0000][1][safepoint    ] Entering safepoint region: RevokeBias
[2022-06-13T01:30:42.447+0000][1][safepoint    ] Leaving safepoint region
[2022-06-13T01:30:42.448+0000][1][safepoint    ] Total time for which application threads were stopped: 0.0010097 seconds, Stopping threads took: 0.0005282 seconds
[2022-06-13T01:30:42.448+0000][1][safepoint    ] Application time: 0.0002163 seconds
[2022-06-13T01:30:42.451+0000][1][safepoint    ] Entering safepoint region: RevokeBias
[2022-06-13T01:30:42.452+0000][1][safepoint    ] Leaving safepoint region
[2022-06-13T01:30:42.452+0000][1][safepoint    ] Total time for which application threads were stopped: 0.0010845 seconds, Stopping threads took: 0.0007234 seconds
[2022-06-13T01:30:42.452+0000][1][safepoint    ] Application time: 0.0001566 seconds
[2022-06-13T01:30:42.452+0000][1][safepoint    ] Entering safepoint region: RevokeBias
[2022-06-13T01:30:42.453+0000][1][safepoint    ] Leaving safepoint region
[2022-06-13T01:30:42.453+0000][1][safepoint    ] Total time for which application threads were stopped: 0.0005905 seconds, Stopping threads took: 0.0002453 seconds
[2022-06-13T01:30:42.453+0000][1][safepoint    ] Application time: 0.0001462 seconds
[2022-06-13T01:30:42.454+0000][1][safepoint    ] Entering safepoint region: RevokeBias
[2022-06-13T01:30:42.454+0000][1][safepoint    ] Leaving safepoint region
[2022-06-13T01:30:42.454+0000][1][safepoint    ] Total time for which application threads were stopped: 0.0006244 seconds, Stopping threads took: 0.0002700 seconds
[2022-06-13T01:30:42.455+0000][1][safepoint    ] Application time: 0.0001451 seconds
[2022-06-13T01:30:42.455+0000][1][safepoint    ] Entering safepoint region: RevokeBias
[2022-06-13T01:30:42.455+0000][1][safepoint    ] Leaving safepoint region
[2022-06-13T01:30:42.455+0000][1][safepoint    ] Total time for which application threads were stopped: 0.0005498 seconds, Stopping threads took: 0.0002371 seconds
[2022-06-13T01:30:42.456+0000][1][safepoint    ] Application time: 0.0001749 seconds
[2022-06-13T01:30:42.456+0000][1][safepoint    ] Entering safepoint region: RevokeBias
[2022-06-13T01:30:42.457+0000][1][safepoint    ] Leaving safepoint region
[2022-06-13T01:30:42.457+0000][1][safepoint    ] Total time for which application threads were stopped: 0.0006326 seconds, Stopping threads took: 0.0002963 seconds
[2022-06-13T01:30:42.457+0000][1][safepoint    ] Application time: 0.0001499 seconds
[2022-06-13T01:30:42.457+0000][1][safepoint    ] Entering safepoint region: RevokeBias
[2022-06-13T01:30:42.458+0000][1][safepoint    ] Leaving safepoint region
[2022-06-13T01:30:42.458+0000][1][safepoint    ] Total time for which application threads were stopped: 0.0006155 seconds, Stopping threads took: 0.0002980 seconds
[2022-06-13T01:30:42.458+0000][1][safepoint    ] Application time: 0.0001569 seconds
[2022-06-13T01:30:42.459+0000][1][safepoint    ] Entering safepoint region: RevokeBias
[2022-06-13T01:30:42.459+0000][1][safepoint    ] Leaving safepoint region
[2022-06-13T01:30:42.459+0000][1][safepoint    ] Total time for which application threads were stopped: 0.0007127 seconds, Stopping threads took: 0.0003244 seconds
[2022-06-13T01:30:42.460+0000][1][safepoint    ] Application time: 0.0001289 seconds
[2022-06-13T01:30:42.460+0000][1][safepoint    ] Entering safepoint region: RevokeBias
[2022-06-13T01:30:42.460+0000][1][safepoint    ] Leaving safepoint region
[2022-06-13T01:30:42.461+0000][1][safepoint    ] Total time for which application threads were stopped: 0.0005451 seconds, Stopping threads took: 0.0002484 seconds
[2022-06-13T01:30:42.461+0000][1][safepoint    ] Application time: 0.0001895 seconds
[2022-06-13T01:30:42.461+0000][1][safepoint    ] Entering safepoint region: RevokeBias
[2022-06-13T01:30:42.462+0000][1][safepoint    ] Leaving safepoint region
[2022-06-13T01:30:42.462+0000][1][safepoint    ] Total time for which application threads were stopped: 0.0006281 seconds, Stopping threads took: 0.0002876 seconds
[2022-06-13T01:30:42.462+0000][1][safepoint    ] Application time: 0.0001712 seconds
[2022-06-13T01:30:42.463+0000][1][safepoint    ] Entering safepoint region: RevokeBias
[2022-06-13T01:30:42.463+0000][1][safepoint    ] Leaving safepoint region
[2022-06-13T01:30:42.463+0000][1][safepoint    ] Total time for which application threads were stopped: 0.0005970 seconds, Stopping threads took: 0.0002564 seconds
[2022-06-13T01:30:42.464+0000][1][safepoint    ] Application time: 0.0001856 seconds
[2022-06-13T01:30:42.464+0000][1][safepoint    ] Entering safepoint region: RevokeBias
[2022-06-13T01:30:42.464+0000][1][safepoint    ] Leaving safepoint region
[2022-06-13T01:30:42.465+0000][1][safepoint    ] Total time for which application threads were stopped: 0.0006129 seconds, Stopping threads took: 0.0002927 seconds
[2022-06-13T01:30:42.465+0000][1][safepoint    ] Application time: 0.0001444 seconds
[2022-06-13T01:30:42.466+0000][1][safepoint    ] Entering safepoint region: RevokeBias
[2022-06-13T01:30:42.467+0000][1][safepoint    ] Leaving safepoint region
[2022-06-13T01:30:42.467+0000][1][safepoint    ] Total time for which application threads were stopped: 0.0012691 seconds, Stopping threads took: 0.0008908 seconds
[2022-06-13T01:30:42.467+0000][1][safepoint    ] Application time: 0.0001676 seconds
[2022-06-13T01:30:42.468+0000][1][safepoint    ] Entering safepoint region: RevokeBias
[2022-06-13T01:30:42.468+0000][1][safepoint    ] Leaving safepoint region
[2022-06-13T01:30:42.468+0000][1][safepoint    ] Total time for which application threads were stopped: 0.0005896 seconds, Stopping threads took: 0.0002771 seconds
[2022-06-13T01:30:42.469+0000][1][safepoint    ] Application time: 0.0001326 seconds
[2022-06-13T01:30:42.469+0000][1][safepoint    ] Entering safepoint region: RevokeBias
[2022-06-13T01:30:42.469+0000][1][safepoint    ] Leaving safepoint region
[2022-06-13T01:30:42.470+0000][1][safepoint    ] Total time for which application threads were stopped: 0.0006775 seconds, Stopping threads took: 0.0003301 seconds
[2022-06-13T01:30:42.470+0000][1][safepoint    ] Application time: 0.0001528 seconds
[2022-06-13T01:30:42.470+0000][1][safepoint    ] Entering safepoint region: RevokeBias
[2022-06-13T01:30:42.471+0000][1][safepoint    ] Leaving safepoint region
[2022-06-13T01:30:42.471+0000][1][safepoint    ] Total time for which application threads were stopped: 0.0005749 seconds, Stopping threads took: 0.0002878 seconds
[2022-06-13T01:30:42.471+0000][1][safepoint    ] Application time: 0.0001772 seconds
[2022-06-13T01:30:42.471+0000][1][safepoint    ] Entering safepoint region: RevokeBias
[2022-06-13T01:30:42.472+0000][1][safepoint    ] Leaving safepoint region
[2022-06-13T01:30:42.472+0000][1][safepoint    ] Total time for which application threads were stopped: 0.0005319 seconds, Stopping threads took: 0.0002586 seconds
[2022-06-13T01:30:42.472+0000][1][safepoint    ] Application time: 0.0001939 seconds
[2022-06-13T01:30:42.473+0000][1][safepoint    ] Entering safepoint region: RevokeBias
[2022-06-13T01:30:42.473+0000][1][safepoint    ] Leaving safepoint region
[2022-06-13T01:30:42.473+0000][1][safepoint    ] Total time for which application threads were stopped: 0.0005830 seconds, Stopping threads took: 0.0002584 seconds
[2022-06-13T01:30:42.474+0000][1][safepoint    ] Application time: 0.0001749 seconds
[2022-06-13T01:30:42.474+0000][1][safepoint    ] Entering safepoint region: RevokeBias
[2022-06-13T01:30:42.474+0000][1][safepoint    ] Leaving safepoint region
[2022-06-13T01:30:42.475+0000][1][safepoint    ] Total time for which application threads were stopped: 0.0005905 seconds, Stopping threads took: 0.0002671 seconds
[2022-06-13T01:30:42.475+0000][1][safepoint    ] Application time: 0.0001820 seconds
[2022-06-13T01:30:42.475+0000][1][safepoint    ] Entering safepoint region: RevokeBias
[2022-06-13T01:30:42.476+0000][1][safepoint    ] Leaving safepoint region
[2022-06-13T01:30:42.476+0000][1][safepoint    ] Total time for which application threads were stopped: 0.0006798 seconds, Stopping threads took: 0.0003289 seconds
[2022-06-13T01:30:42.661+0000][1][safepoint    ] Application time: 0.1846054 seconds
[2022-06-13T01:30:42.663+0000][1][safepoint    ] Entering safepoint region: GenCollectForAllocation
[2022-06-13T01:30:42.665+0000][1][gc,start     ] GC(4) Pause Young (Allocation Failure)
[2022-06-13T01:30:42.665+0000][1][gc,task      ] GC(4) Using 5 workers of 13 for evacuation
[2022-06-13T01:30:42.672+0000][1][gc,age       ] GC(4) Desired survivor size 4456448 bytes, new threshold 2 (max threshold 6)
[2022-06-13T01:30:42.673+0000][1][gc,age       ] GC(4) Age table with threshold 2 (max threshold 6)
[2022-06-13T01:30:42.673+0000][1][gc,age       ] GC(4) - age   1:    1546448 bytes,    1546448 total
[2022-06-13T01:30:42.673+0000][1][gc,age       ] GC(4) - age   2:    3197064 bytes,    4743512 total
[2022-06-13T01:30:42.674+0000][1][gc,age       ] GC(4) - age   3:     319136 bytes,    5062648 total
[2022-06-13T01:30:42.674+0000][1][gc,heap      ] GC(4) ParNew: 76043K->7086K(78656K)
[2022-06-13T01:30:42.674+0000][1][gc,heap      ] GC(4) CMS: 6699K->7869K(174784K)
[2022-06-13T01:30:42.675+0000][1][gc,metaspace ] GC(4) Metaspace: 18803K->18803K(1067008K)
[2022-06-13T01:30:42.675+0000][1][gc           ] GC(4) Pause Young (Allocation Failure) 80M->14M(247M) 10.558ms
[2022-06-13T01:30:42.676+0000][1][gc,cpu       ] GC(4) User=0.04s Sys=0.00s Real=0.01s
[2022-06-13T01:30:42.676+0000][1][safepoint    ] Leaving safepoint region
[2022-06-13T01:30:42.676+0000][1][safepoint    ] Total time for which application threads were stopped: 0.0131125 seconds, Stopping threads took: 0.0011905 seconds
[2022-06-13T01:30:42.680+0000][1][safepoint    ] Application time: 0.0030388 seconds
[2022-06-13T01:30:42.681+0000][1][safepoint    ] Entering safepoint region: RevokeBias
[2022-06-13T01:30:42.681+0000][1][safepoint    ] Leaving safepoint region
[2022-06-13T01:30:42.681+0000][1][safepoint    ] Total time for which application threads were stopped: 0.0005617 seconds, Stopping threads took: 0.0002529 seconds
[2022-06-13T01:30:42.682+0000][1][safepoint    ] Application time: 0.0002319 seconds
[2022-06-13T01:30:42.682+0000][1][safepoint    ] Entering safepoint region: RevokeBias
[2022-06-13T01:30:42.682+0000][1][safepoint    ] Leaving safepoint region
[2022-06-13T01:30:42.682+0000][1][safepoint    ] Total time for which application threads were stopped: 0.0005510 seconds, Stopping threads took: 0.0002532 seconds
[2022-06-13T01:30:42.683+0000][1][safepoint    ] Application time: 0.0002082 seconds
[2022-06-13T01:30:42.683+0000][1][safepoint    ] Entering safepoint region: RevokeBias
[2022-06-13T01:30:42.683+0000][1][safepoint    ] Leaving safepoint region
[2022-06-13T01:30:42.683+0000][1][safepoint    ] Total time for which application threads were stopped: 0.0005096 seconds, Stopping threads took: 0.0002121 seconds
[2022-06-13T01:30:42.684+0000][1][safepoint    ] Application time: 0.0001591 seconds
[2022-06-13T01:30:42.684+0000][1][safepoint    ] Entering safepoint region: RevokeBias
[2022-06-13T01:30:42.685+0000][1][safepoint    ] Leaving safepoint region
[2022-06-13T01:30:42.685+0000][1][safepoint    ] Total time for which application threads were stopped: 0.0006893 seconds, Stopping threads took: 0.0003213 seconds
[2022-06-13T01:30:42.734+0000][1][safepoint    ] Application time: 0.0487364 seconds
[2022-06-13T01:30:42.734+0000][1][safepoint    ] Entering safepoint region: Deoptimize
[2022-06-13T01:30:42.735+0000][1][safepoint    ] Leaving safepoint region
[2022-06-13T01:30:42.735+0000][1][safepoint    ] Total time for which application threads were stopped: 0.0010342 seconds, Stopping threads took: 0.0002648 seconds
[2022-06-13T01:30:42.818+0000][1][safepoint    ] Application time: 0.0828644 seconds
[2022-06-13T01:30:42.822+0000][1][safepoint    ] Entering safepoint region: Deoptimize
[2022-06-13T01:30:42.823+0000][1][safepoint    ] Leaving safepoint region
[2022-06-13T01:30:42.824+0000][1][safepoint    ] Total time for which application threads were stopped: 0.0013633 seconds, Stopping threads took: 0.0003520 seconds
[2022-06-13T01:30:42.836+0000][1][safepoint    ] Application time: 0.0125513 seconds
[2022-06-13T01:30:42.837+0000][1][safepoint    ] Entering safepoint region: RevokeBias
[2022-06-13T01:30:42.837+0000][1][safepoint    ] Leaving safepoint region
[2022-06-13T01:30:42.837+0000][1][safepoint    ] Total time for which application threads were stopped: 0.0005461 seconds, Stopping threads took: 0.0002449 seconds
[2022-06-13T01:30:42.958+0000][1][safepoint    ] Application time: 0.1207776 seconds
[2022-06-13T01:30:42.959+0000][1][safepoint    ] Entering safepoint region: RevokeBias
[2022-06-13T01:30:42.959+0000][1][safepoint    ] Leaving safepoint region
[2022-06-13T01:30:42.960+0000][1][safepoint    ] Total time for which application threads were stopped: 0.0007652 seconds, Stopping threads took: 0.0003176 seconds
[2022-06-13T01:30:42.961+0000][1][safepoint    ] Application time: 0.0009781 seconds
[2022-06-13T01:30:42.961+0000][1][safepoint    ] Entering safepoint region: RevokeBias
[2022-06-13T01:30:42.962+0000][1][safepoint    ] Leaving safepoint region
[2022-06-13T01:30:42.962+0000][1][safepoint    ] Total time for which application threads were stopped: 0.0006408 seconds, Stopping threads took: 0.0002880 seconds
[2022-06-13T01:30:42.963+0000][1][safepoint    ] Application time: 0.0006655 seconds
[2022-06-13T01:30:42.963+0000][1][safepoint    ] Entering safepoint region: RevokeBias
[2022-06-13T01:30:42.963+0000][1][safepoint    ] Leaving safepoint region
[2022-06-13T01:30:42.965+0000][1][safepoint    ] Total time for which application threads were stopped: 0.0023811 seconds, Stopping threads took: 0.0004086 seconds
[2022-06-13T01:30:43.040+0000][1][safepoint    ] Application time: 0.0743854 seconds
[2022-06-13T01:30:43.043+0000][1][safepoint    ] Entering safepoint region: GenCollectForAllocation
[2022-06-13T01:30:43.044+0000][1][gc,start     ] GC(5) Pause Young (Allocation Failure)
[2022-06-13T01:30:43.044+0000][1][gc,task      ] GC(5) Using 5 workers of 13 for evacuation
[2022-06-13T01:30:43.057+0000][1][gc,age       ] GC(5) Desired survivor size 4456448 bytes, new threshold 6 (max threshold 6)
[2022-06-13T01:30:43.058+0000][1][gc,age       ] GC(5) Age table with threshold 6 (max threshold 6)
[2022-06-13T01:30:43.058+0000][1][gc,age       ] GC(5) - age   1:    2372600 bytes,    2372600 total
[2022-06-13T01:30:43.058+0000][1][gc,age       ] GC(5) - age   2:     550776 bytes,    2923376 total
[2022-06-13T01:30:43.059+0000][1][gc,heap      ] GC(5) ParNew: 77038K->5630K(78656K)
[2022-06-13T01:30:43.059+0000][1][gc,heap      ] GC(5) CMS: 7869K->11328K(174784K)
[2022-06-13T01:30:43.060+0000][1][gc,metaspace ] GC(5) Metaspace: 19134K->19134K(1067008K)
[2022-06-13T01:30:43.060+0000][1][gc           ] GC(5) Pause Young (Allocation Failure) 82M->16M(247M) 16.247ms
[2022-06-13T01:30:43.060+0000][1][gc,cpu       ] GC(5) User=0.13s Sys=0.00s Real=0.02s
[2022-06-13T01:30:43.060+0000][1][safepoint    ] Leaving safepoint region
[2022-06-13T01:30:43.062+0000][1][safepoint    ] Total time for which application threads were stopped: 0.0183552 seconds, Stopping threads took: 0.0003233 seconds
[2022-06-13T01:30:43.063+0000][1][safepoint    ] Application time: 0.0009816 seconds
[2022-06-13T01:30:43.064+0000][1][safepoint    ] Entering safepoint region: RevokeBias
[2022-06-13T01:30:43.065+0000][1][safepoint    ] Leaving safepoint region
[2022-06-13T01:30:43.065+0000][1][safepoint    ] Total time for which application threads were stopped: 0.0012740 seconds, Stopping threads took: 0.0008582 seconds
[2022-06-13T01:30:43.067+0000][1][safepoint    ] Application time: 0.0007138 seconds
[2022-06-13T01:30:43.067+0000][1][safepoint    ] Entering safepoint region: RevokeBias
[2022-06-13T01:30:43.068+0000][1][safepoint    ] Leaving safepoint region
[2022-06-13T01:30:43.068+0000][1][safepoint    ] Total time for which application threads were stopped: 0.0007234 seconds, Stopping threads took: 0.0003014 seconds
[2022-06-13T01:30:43.068+0000][1][safepoint    ] Application time: 0.0002095 seconds
[2022-06-13T01:30:43.069+0000][1][safepoint    ] Entering safepoint region: RevokeBias
[2022-06-13T01:30:43.069+0000][1][safepoint    ] Leaving safepoint region
[2022-06-13T01:30:43.069+0000][1][safepoint    ] Total time for which application threads were stopped: 0.0007703 seconds, Stopping threads took: 0.0003830 seconds
[2022-06-13T01:30:43.070+0000][1][safepoint    ] Application time: 0.0001645 seconds
[2022-06-13T01:30:43.070+0000][1][safepoint    ] Entering safepoint region: RevokeBias
[2022-06-13T01:30:43.071+0000][1][safepoint    ] Leaving safepoint region
[2022-06-13T01:30:43.071+0000][1][safepoint    ] Total time for which application threads were stopped: 0.0006823 seconds, Stopping threads took: 0.0003119 seconds
[2022-06-13T01:30:43.071+0000][1][safepoint    ] Application time: 0.0001712 seconds
[2022-06-13T01:30:43.072+0000][1][safepoint    ] Entering safepoint region: RevokeBias
[2022-06-13T01:30:43.072+0000][1][safepoint    ] Leaving safepoint region
[2022-06-13T01:30:43.072+0000][1][safepoint    ] Total time for which application threads were stopped: 0.0009013 seconds, Stopping threads took: 0.0003693 seconds
[2022-06-13T01:30:43.073+0000][1][safepoint    ] Application time: 0.0001961 seconds
[2022-06-13T01:30:43.073+0000][1][safepoint    ] Entering safepoint region: RevokeBias
[2022-06-13T01:30:43.074+0000][1][safepoint    ] Leaving safepoint region
[2022-06-13T01:30:43.074+0000][1][safepoint    ] Total time for which application threads were stopped: 0.0006635 seconds, Stopping threads took: 0.0003161 seconds
[2022-06-13T01:30:43.231+0000][1][safepoint    ] Application time: 0.1560161 seconds
[2022-06-13T01:30:43.231+0000][1][safepoint    ] Entering safepoint region: RevokeBias
[2022-06-13T01:30:43.232+0000][1][safepoint    ] Leaving safepoint region
[2022-06-13T01:30:43.233+0000][1][safepoint    ] Total time for which application threads were stopped: 0.0021691 seconds, Stopping threads took: 0.0009211 seconds
[2022-06-13T01:30:43.269+0000][1][safepoint    ] Application time: 0.0351120 seconds
[2022-06-13T01:30:43.269+0000][1][safepoint    ] Entering safepoint region: GenCollectForAllocation
[2022-06-13T01:30:43.269+0000][1][gc,start     ] GC(6) Pause Young (Allocation Failure)
[2022-06-13T01:30:43.270+0000][1][gc,task      ] GC(6) Using 5 workers of 13 for evacuation
[2022-06-13T01:30:43.272+0000][1][gc,age       ] GC(6) Desired survivor size 4456448 bytes, new threshold 6 (max threshold 6)
[2022-06-13T01:30:43.272+0000][1][gc,age       ] GC(6) Age table with threshold 6 (max threshold 6)
[2022-06-13T01:30:43.273+0000][1][gc,age       ] GC(6) - age   1:    1323872 bytes,    1323872 total
[2022-06-13T01:30:43.273+0000][1][gc,age       ] GC(6) - age   2:    2196080 bytes,    3519952 total
[2022-06-13T01:30:43.273+0000][1][gc,age       ] GC(6) - age   3:     550776 bytes,    4070728 total
[2022-06-13T01:30:43.273+0000][1][gc,heap      ] GC(6) ParNew: 75582K->4548K(78656K)
[2022-06-13T01:30:43.274+0000][1][gc,heap      ] GC(6) CMS: 11328K->11328K(174784K)
[2022-06-13T01:30:43.274+0000][1][gc,metaspace ] GC(6) Metaspace: 19440K->19440K(1067008K)
[2022-06-13T01:30:43.274+0000][1][gc           ] GC(6) Pause Young (Allocation Failure) 84M->15M(247M) 4.437ms
[2022-06-13T01:30:43.274+0000][1][gc,cpu       ] GC(6) User=0.01s Sys=0.00s Real=0.00s
[2022-06-13T01:30:43.274+0000][1][safepoint    ] Leaving safepoint region
[2022-06-13T01:30:43.274+0000][1][safepoint    ] Total time for which application threads were stopped: 0.0055158 seconds, Stopping threads took: 0.0003758 seconds
[2022-06-13T01:30:43.275+0000][1][safepoint    ] Application time: 0.0002749 seconds
[2022-06-13T01:30:43.275+0000][1][safepoint    ] Entering safepoint region: BulkRevokeBias
[2022-06-13T01:30:43.276+0000][1][safepoint    ] Leaving safepoint region
[2022-06-13T01:30:43.276+0000][1][safepoint    ] Total time for which application threads were stopped: 0.0006465 seconds, Stopping threads took: 0.0003007 seconds
[2022-06-13T01:30:43.276+0000][1][safepoint    ] Application time: 0.0001704 seconds
[2022-06-13T01:30:43.277+0000][1][safepoint    ] Entering safepoint region: BulkRevokeBias
[2022-06-13T01:30:43.277+0000][1][safepoint    ] Leaving safepoint region
[2022-06-13T01:30:43.277+0000][1][safepoint    ] Total time for which application threads were stopped: 0.0006284 seconds, Stopping threads took: 0.0003065 seconds
[2022-06-13T01:30:43.461+0000][1][safepoint    ] Application time: 0.1837227 seconds
[2022-06-13T01:30:43.462+0000][1][safepoint    ] Entering safepoint region: GenCollectForAllocation
[2022-06-13T01:30:43.462+0000][1][gc,start     ] GC(7) Pause Young (Allocation Failure)
[2022-06-13T01:30:43.462+0000][1][gc,task      ] GC(7) Using 5 workers of 13 for evacuation
[2022-06-13T01:30:43.465+0000][1][gc,age       ] GC(7) Desired survivor size 4456448 bytes, new threshold 6 (max threshold 6)
[2022-06-13T01:30:43.465+0000][1][gc,age       ] GC(7) Age table with threshold 6 (max threshold 6)
[2022-06-13T01:30:43.465+0000][1][gc,age       ] GC(7) - age   1:     546728 bytes,     546728 total
[2022-06-13T01:30:43.465+0000][1][gc,age       ] GC(7) - age   2:    1129496 bytes,    1676224 total
[2022-06-13T01:30:43.466+0000][1][gc,age       ] GC(7) - age   3:    2194072 bytes,    3870296 total
[2022-06-13T01:30:43.466+0000][1][gc,age       ] GC(7) - age   4:     550776 bytes,    4421072 total
[2022-06-13T01:30:43.466+0000][1][gc,heap      ] GC(7) ParNew: 74500K->5821K(78656K)
[2022-06-13T01:30:43.466+0000][1][gc,heap      ] GC(7) CMS: 11328K->11328K(174784K)
[2022-06-13T01:30:43.467+0000][1][gc,metaspace ] GC(7) Metaspace: 19994K->19994K(1067008K)
[2022-06-13T01:30:43.467+0000][1][gc           ] GC(7) Pause Young (Allocation Failure) 83M->16M(247M) 4.932ms
[2022-06-13T01:30:43.467+0000][1][gc,cpu       ] GC(7) User=0.01s Sys=0.00s Real=0.00s
[2022-06-13T01:30:43.467+0000][1][safepoint    ] Leaving safepoint region
[2022-06-13T01:30:43.467+0000][1][safepoint    ] Total time for which application threads were stopped: 0.0059121 seconds, Stopping threads took: 0.0002962 seconds
[2022-06-13T01:30:43.470+0000][1][safepoint    ] Application time: 0.0026892 seconds
[2022-06-13T01:30:43.471+0000][1][safepoint    ] Entering safepoint region: CollectForMetadataAllocation
[2022-06-13T01:30:43.472+0000][1][safepoint    ] Leaving safepoint region
[2022-06-13T01:30:43.472+0000][1][safepoint    ] Total time for which application threads were stopped: 0.0014023 seconds, Stopping threads took: 0.0002602 seconds
[2022-06-13T01:30:43.498+0000][1][safepoint    ] Application time: 0.0260977 seconds
[2022-06-13T01:30:43.499+0000][1][safepoint    ] Entering safepoint region: CollectForMetadataAllocation
[2022-06-13T01:30:43.499+0000][1][safepoint    ] Leaving safepoint region
[2022-06-13T01:30:43.499+0000][1][safepoint    ] Total time for which application threads were stopped: 0.0007749 seconds, Stopping threads took: 0.0002260 seconds
[2022-06-13T01:30:43.670+0000][1][safepoint    ] Application time: 0.1708150 seconds
[2022-06-13T01:30:43.671+0000][1][safepoint    ] Entering safepoint region: GenCollectForAllocation
[2022-06-13T01:30:43.671+0000][1][gc,start     ] GC(8) Pause Young (Allocation Failure)
[2022-06-13T01:30:43.671+0000][1][gc,task      ] GC(8) Using 5 workers of 13 for evacuation
[2022-06-13T01:30:43.674+0000][1][gc,age       ] GC(8) Desired survivor size 4456448 bytes, new threshold 4 (max threshold 6)
[2022-06-13T01:30:43.674+0000][1][gc,age       ] GC(8) Age table with threshold 4 (max threshold 6)
[2022-06-13T01:30:43.675+0000][1][gc,age       ] GC(8) - age   1:     658064 bytes,     658064 total
[2022-06-13T01:30:43.675+0000][1][gc,age       ] GC(8) - age   2:     527496 bytes,    1185560 total
[2022-06-13T01:30:43.675+0000][1][gc,age       ] GC(8) - age   3:    1129400 bytes,    2314960 total
[2022-06-13T01:30:43.675+0000][1][gc,age       ] GC(8) - age   4:    2193784 bytes,    4508744 total
[2022-06-13T01:30:43.676+0000][1][gc,age       ] GC(8) - age   5:     550776 bytes,    5059520 total
[2022-06-13T01:30:43.676+0000][1][gc,heap      ] GC(8) ParNew: 75773K->6527K(78656K)
[2022-06-13T01:30:43.676+0000][1][gc,heap      ] GC(8) CMS: 11328K->11328K(174784K)
[2022-06-13T01:30:43.676+0000][1][gc,metaspace ] GC(8) Metaspace: 20497K->20497K(1069056K)
[2022-06-13T01:30:43.677+0000][1][gc           ] GC(8) Pause Young (Allocation Failure) 85M->17M(247M) 5.416ms
[2022-06-13T01:30:43.677+0000][1][gc,cpu       ] GC(8) User=0.02s Sys=0.01s Real=0.00s
[2022-06-13T01:30:43.677+0000][1][safepoint    ] Leaving safepoint region
[2022-06-13T01:30:43.677+0000][1][safepoint    ] Total time for which application threads were stopped: 0.0066696 seconds, Stopping threads took: 0.0003535 seconds
[2022-06-13T01:30:43.678+0000][1][safepoint    ] Application time: 0.0002579 seconds
[2022-06-13T01:30:43.678+0000][1][safepoint    ] Entering safepoint region: CMS_Initial_Mark
[2022-06-13T01:30:43.678+0000][1][gc,start     ] GC(9) Pause Initial Mark
[2022-06-13T01:30:43.680+0000][1][gc           ] GC(9) Pause Initial Mark 18M->18M(247M) 1.690ms
[2022-06-13T01:30:43.680+0000][1][gc,cpu       ] GC(9) User=0.01s Sys=0.00s Real=0.01s
[2022-06-13T01:30:43.681+0000][1][safepoint    ] Leaving safepoint region
[2022-06-13T01:30:43.681+0000][1][safepoint    ] Total time for which application threads were stopped: 0.0029320 seconds, Stopping threads took: 0.0002726 seconds
[2022-06-13T01:30:43.682+0000][1][gc           ] GC(9) Concurrent Mark
[2022-06-13T01:30:43.682+0000][1][gc,task      ] GC(9) Using 4 workers of 4 for marking
[2022-06-13T01:30:43.689+0000][1][gc           ] GC(9) Concurrent Mark 7.944ms
[2022-06-13T01:30:43.690+0000][1][gc,cpu       ] GC(9) User=0.07s Sys=0.00s Real=0.01s
[2022-06-13T01:30:43.690+0000][1][gc           ] GC(9) Concurrent Preclean
[2022-06-13T01:30:43.691+0000][1][gc           ] GC(9) Concurrent Preclean 0.820ms
[2022-06-13T01:30:43.691+0000][1][gc,cpu       ] GC(9) User=0.00s Sys=0.00s Real=0.00s
[2022-06-13T01:30:43.692+0000][1][gc           ] GC(9) Concurrent Abortable Preclean
[2022-06-13T01:30:43.777+0000][1][safepoint    ] Application time: 0.0957482 seconds
[2022-06-13T01:30:43.778+0000][1][safepoint    ] Entering safepoint region: GenCollectForAllocation
[2022-06-13T01:30:43.778+0000][1][gc,start     ] GC(10) Pause Young (Allocation Failure)
[2022-06-13T01:30:43.778+0000][1][gc,task      ] GC(10) Using 5 workers of 13 for evacuation
[2022-06-13T01:30:43.784+0000][1][gc,age       ] GC(10) Desired survivor size 4456448 bytes, new threshold 6 (max threshold 6)
[2022-06-13T01:30:43.784+0000][1][gc,age       ] GC(10) Age table with threshold 6 (max threshold 6)
[2022-06-13T01:30:43.785+0000][1][gc,age       ] GC(10) - age   1:     907072 bytes,     907072 total
[2022-06-13T01:30:43.785+0000][1][gc,age       ] GC(10) - age   2:     467592 bytes,    1374664 total
[2022-06-13T01:30:43.786+0000][1][gc,age       ] GC(10) - age   3:     527376 bytes,    1902040 total
[2022-06-13T01:30:43.786+0000][1][gc,age       ] GC(10) - age   4:    1129400 bytes,    3031440 total
[2022-06-13T01:30:43.786+0000][1][gc,heap      ] GC(10) ParNew: 76479K->5925K(78656K)
[2022-06-13T01:30:43.787+0000][1][gc,heap      ] GC(10) CMS: 11328K->14032K(174784K)
[2022-06-13T01:30:43.787+0000][1][gc,metaspace ] GC(10) Metaspace: 20602K->20602K(1069056K)
[2022-06-13T01:30:43.788+0000][1][gc           ] GC(10) Pause Young (Allocation Failure) 85M->19M(247M) 9.634ms
[2022-06-13T01:30:43.788+0000][1][gc,cpu       ] GC(10) User=0.05s Sys=0.00s Real=0.01s
[2022-06-13T01:30:43.788+0000][1][safepoint    ] Leaving safepoint region
[2022-06-13T01:30:43.788+0000][1][safepoint    ] Total time for which application threads were stopped: 0.0109161 seconds, Stopping threads took: 0.0003129 seconds
[2022-06-13T01:30:43.904+0000][1][safepoint    ] Application time: 0.1155221 seconds
[2022-06-13T01:30:43.905+0000][1][safepoint    ] Entering safepoint region: GenCollectForAllocation
[2022-06-13T01:30:43.905+0000][1][gc,start     ] GC(11) Pause Young (Allocation Failure)
[2022-06-13T01:30:43.905+0000][1][gc,task      ] GC(11) Using 5 workers of 13 for evacuation
[2022-06-13T01:30:43.909+0000][1][gc,age       ] GC(11) Desired survivor size 4456448 bytes, new threshold 6 (max threshold 6)
[2022-06-13T01:30:43.909+0000][1][gc,age       ] GC(11) Age table with threshold 6 (max threshold 6)
[2022-06-13T01:30:43.909+0000][1][gc,age       ] GC(11) - age   1:    1842208 bytes,    1842208 total
[2022-06-13T01:30:43.910+0000][1][gc,age       ] GC(11) - age   2:      98864 bytes,    1941072 total
[2022-06-13T01:30:43.910+0000][1][gc,age       ] GC(11) - age   3:     467592 bytes,    2408664 total
[2022-06-13T01:30:43.910+0000][1][gc,age       ] GC(11) - age   4:     527224 bytes,    2935888 total
[2022-06-13T01:30:43.910+0000][1][gc,age       ] GC(11) - age   5:    1129112 bytes,    4065000 total
[2022-06-13T01:30:43.911+0000][1][gc,heap      ] GC(11) ParNew: 75877K->4932K(78656K)
[2022-06-13T01:30:43.911+0000][1][gc,heap      ] GC(11) CMS: 14032K->14032K(174784K)
[2022-06-13T01:30:43.911+0000][1][gc,metaspace ] GC(11) Metaspace: 20679K->20679K(1069056K)
[2022-06-13T01:30:43.911+0000][1][gc           ] GC(11) Pause Young (Allocation Failure) 87M->18M(247M) 6.193ms
[2022-06-13T01:30:43.911+0000][1][gc,cpu       ] GC(11) User=0.04s Sys=0.00s Real=0.01s
[2022-06-13T01:30:43.912+0000][1][safepoint    ] Leaving safepoint region
[2022-06-13T01:30:43.912+0000][1][safepoint    ] Total time for which application threads were stopped: 0.0071331 seconds, Stopping threads took: 0.0002548 seconds
[2022-06-13T01:30:43.970+0000][1][safepoint    ] Application time: 0.0575216 seconds
[2022-06-13T01:30:43.970+0000][1][safepoint    ] Entering safepoint region: CollectForMetadataAllocation
[2022-06-13T01:30:43.971+0000][1][safepoint    ] Leaving safepoint region
[2022-06-13T01:30:43.971+0000][1][safepoint    ] Total time for which application threads were stopped: 0.0007147 seconds, Stopping threads took: 0.0002370 seconds
[2022-06-13T01:30:43.971+0000][1][gc           ] GC(9) Concurrent Abortable Preclean 279.459ms
[2022-06-13T01:30:43.971+0000][1][gc,cpu       ] GC(9) User=1.24s Sys=0.03s Real=0.28s
[2022-06-13T01:30:43.972+0000][1][safepoint    ] Application time: 0.0005848 seconds
[2022-06-13T01:30:43.972+0000][1][safepoint    ] Entering safepoint region: CMS_Final_Remark
[2022-06-13T01:30:43.973+0000][1][gc,start     ] GC(9) Pause Remark
[2022-06-13T01:30:43.984+0000][1][gc           ] GC(9) Pause Remark 55M->55M(247M) 11.301ms
[2022-06-13T01:30:43.984+0000][1][gc,cpu       ] GC(9) User=0.05s Sys=0.00s Real=0.01s
[2022-06-13T01:30:43.985+0000][1][safepoint    ] Leaving safepoint region
[2022-06-13T01:30:43.985+0000][1][safepoint    ] Total time for which application threads were stopped: 0.0129721 seconds, Stopping threads took: 0.0006483 seconds
[2022-06-13T01:30:43.985+0000][1][gc           ] GC(9) Concurrent Sweep
[2022-06-13T01:30:43.990+0000][1][gc           ] GC(9) Concurrent Sweep 4.697ms
[2022-06-13T01:30:43.990+0000][1][gc,cpu       ] GC(9) User=0.03s Sys=0.01s Real=0.01s
[2022-06-13T01:30:43.990+0000][1][gc           ] GC(9) Concurrent Reset
[2022-06-13T01:30:43.991+0000][1][gc           ] GC(9) Concurrent Reset 0.564ms
[2022-06-13T01:30:43.991+0000][1][gc,cpu       ] GC(9) User=0.00s Sys=0.00s Real=0.00s
[2022-06-13T01:30:43.991+0000][1][gc,heap      ] GC(9) Old: 11328K->14007K(174784K)
[2022-06-13T01:30:44.307+0000][1][safepoint    ] Application time: 0.3217611 seconds
[2022-06-13T01:30:44.307+0000][1][safepoint    ] Entering safepoint region: Deoptimize
[2022-06-13T01:30:44.309+0000][1][safepoint    ] Leaving safepoint region
[2022-06-13T01:30:44.309+0000][1][safepoint    ] Total time for which application threads were stopped: 0.0017236 seconds, Stopping threads took: 0.0002813 seconds
[2022-06-13T01:30:44.399+0000][1][safepoint    ] Application time: 0.0893775 seconds
[2022-06-13T01:30:44.399+0000][1][safepoint    ] Entering safepoint region: Deoptimize
[2022-06-13T01:30:44.400+0000][1][safepoint    ] Leaving safepoint region
[2022-06-13T01:30:44.401+0000][1][safepoint    ] Total time for which application threads were stopped: 0.0017774 seconds, Stopping threads took: 0.0004306 seconds
[2022-06-13T01:30:44.402+0000][1][safepoint    ] Application time: 0.0009162 seconds
[2022-06-13T01:30:44.403+0000][1][safepoint    ] Entering safepoint region: Deoptimize
[2022-06-13T01:30:44.404+0000][1][safepoint    ] Leaving safepoint region
[2022-06-13T01:30:44.404+0000][1][safepoint    ] Total time for which application threads were stopped: 0.0011473 seconds, Stopping threads took: 0.0004158 seconds
[2022-06-13T01:30:44.414+0000][1][safepoint    ] Application time: 0.0098704 seconds
[2022-06-13T01:30:44.415+0000][1][safepoint    ] Entering safepoint region: RevokeBias
[2022-06-13T01:30:44.415+0000][1][safepoint    ] Leaving safepoint region
[2022-06-13T01:30:44.416+0000][1][safepoint    ] Total time for which application threads were stopped: 0.0010434 seconds, Stopping threads took: 0.0005830 seconds
[2022-06-13T01:30:44.417+0000][1][safepoint    ] Application time: 0.0009741 seconds
[2022-06-13T01:30:44.417+0000][1][safepoint    ] Entering safepoint region: Deoptimize
[2022-06-13T01:30:44.418+0000][1][safepoint    ] Leaving safepoint region
[2022-06-13T01:30:44.418+0000][1][safepoint    ] Total time for which application threads were stopped: 0.0012130 seconds, Stopping threads took: 0.0005295 seconds
[2022-06-13T01:30:44.424+0000][1][safepoint    ] Application time: 0.0052953 seconds
[2022-06-13T01:30:44.425+0000][1][safepoint    ] Entering safepoint region: Deoptimize
[2022-06-13T01:30:44.426+0000][1][safepoint    ] Leaving safepoint region
[2022-06-13T01:30:44.426+0000][1][safepoint    ] Total time for which application threads were stopped: 0.0012964 seconds, Stopping threads took: 0.0004912 seconds
[2022-06-13T01:30:44.574+0000][1][safepoint    ] Application time: 0.1474085 seconds
[2022-06-13T01:30:44.574+0000][1][safepoint    ] Entering safepoint region: GenCollectForAllocation
[2022-06-13T01:30:44.575+0000][1][gc,start     ] GC(12) Pause Young (Allocation Failure)
[2022-06-13T01:30:44.575+0000][1][gc,task      ] GC(12) Using 5 workers of 13 for evacuation
[2022-06-13T01:30:44.581+0000][1][gc,age       ] GC(12) Desired survivor size 4456448 bytes, new threshold 4 (max threshold 6)
[2022-06-13T01:30:44.581+0000][1][gc,age       ] GC(12) Age table with threshold 4 (max threshold 6)
[2022-06-13T01:30:44.582+0000][1][gc,age       ] GC(12) - age   1:    3871312 bytes,    3871312 total
[2022-06-13T01:30:44.582+0000][1][gc,age       ] GC(12) - age   2:     344976 bytes,    4216288 total
[2022-06-13T01:30:44.582+0000][1][gc,age       ] GC(12) - age   3:      98600 bytes,    4314888 total
[2022-06-13T01:30:44.582+0000][1][gc,age       ] GC(12) - age   4:     467176 bytes,    4782064 total
[2022-06-13T01:30:44.583+0000][1][gc,age       ] GC(12) - age   5:     522280 bytes,    5304344 total
[2022-06-13T01:30:44.583+0000][1][gc,age       ] GC(12) - age   6:    1128952 bytes,    6433296 total
[2022-06-13T01:30:44.583+0000][1][gc,heap      ] GC(12) ParNew: 74884K->8167K(78656K)
[2022-06-13T01:30:44.583+0000][1][gc,heap      ] GC(12) CMS: 14007K->14007K(174784K)
[2022-06-13T01:30:44.583+0000][1][gc,metaspace ] GC(12) Metaspace: 26472K->26472K(1073152K)
[2022-06-13T01:30:44.584+0000][1][gc           ] GC(12) Pause Young (Allocation Failure) 86M->21M(247M) 9.004ms
[2022-06-13T01:30:44.584+0000][1][gc,cpu       ] GC(12) User=0.06s Sys=0.00s Real=0.01s
[2022-06-13T01:30:44.584+0000][1][safepoint    ] Leaving safepoint region
[2022-06-13T01:30:44.584+0000][1][safepoint    ] Total time for which application threads were stopped: 0.0102952 seconds, Stopping threads took: 0.0003754 seconds
[2022-06-13T01:30:45.569+0000][1][safepoint    ] Application time: 0.9844155 seconds
[2022-06-13T01:30:45.570+0000][1][safepoint    ] Entering safepoint region: RevokeBias
[2022-06-13T01:30:45.570+0000][1][safepoint    ] Leaving safepoint region
[2022-06-13T01:30:45.571+0000][1][safepoint    ] Total time for which application threads were stopped: 0.0009928 seconds, Stopping threads took: 0.0002970 seconds
[2022-06-13T01:30:45.665+0000][1][safepoint    ] Application time: 0.0941499 seconds
[2022-06-13T01:30:45.665+0000][1][safepoint    ] Entering safepoint region: GenCollectForAllocation
[2022-06-13T01:30:45.666+0000][1][gc,start     ] GC(13) Pause Young (Allocation Failure)
[2022-06-13T01:30:45.666+0000][1][gc,task      ] GC(13) Using 5 workers of 13 for evacuation
[2022-06-13T01:30:45.707+0000][1][gc,age       ] GC(13) Desired survivor size 4456448 bytes, new threshold 1 (max threshold 6)
[2022-06-13T01:30:45.707+0000][1][gc,age       ] GC(13) Age table with threshold 1 (max threshold 6)
[2022-06-13T01:30:45.708+0000][1][gc,age       ] GC(13) - age   1:    5038584 bytes,    5038584 total
[2022-06-13T01:30:45.708+0000][1][gc,age       ] GC(13) - age   2:    3463416 bytes,    8502000 total
[2022-06-13T01:30:45.708+0000][1][gc,age       ] GC(13) - age   3:     344776 bytes,    8846776 total
[2022-06-13T01:30:45.708+0000][1][gc,age       ] GC(13) - age   4:      98600 bytes,    8945376 total
[2022-06-13T01:30:45.709+0000][1][gc,heap      ] GC(13) ParNew: 78119K->8704K(78656K)
[2022-06-13T01:30:45.709+0000][1][gc,heap      ] GC(13) CMS: 14007K->26346K(174784K)
[2022-06-13T01:30:45.709+0000][1][gc,metaspace ] GC(13) Metaspace: 27110K->27110K(1075200K)
[2022-06-13T01:30:45.709+0000][1][gc           ] GC(13) Pause Young (Allocation Failure) 89M->34M(247M) 43.225ms
[2022-06-13T01:30:45.709+0000][1][gc,cpu       ] GC(13) User=0.34s Sys=0.00s Real=0.05s
[2022-06-13T01:30:45.710+0000][1][safepoint    ] Leaving safepoint region
[2022-06-13T01:30:45.710+0000][1][safepoint    ] Total time for which application threads were stopped: 0.0445907 seconds, Stopping threads took: 0.0004829 seconds
[2022-06-13T01:30:45.928+0000][1][safepoint    ] Application time: 0.2183032 seconds
[2022-06-13T01:30:45.929+0000][1][safepoint    ] Entering safepoint region: Deoptimize
[2022-06-13T01:30:45.930+0000][1][safepoint    ] Leaving safepoint region
[2022-06-13T01:30:45.930+0000][1][safepoint    ] Total time for which application threads were stopped: 0.0013825 seconds, Stopping threads took: 0.0003725 seconds
[2022-06-13T01:30:46.289+0000][1][safepoint    ] Application time: 0.3585795 seconds
[2022-06-13T01:30:46.290+0000][1][safepoint    ] Entering safepoint region: GenCollectForAllocation
[2022-06-13T01:30:46.290+0000][1][gc,start     ] GC(14) Pause Young (Allocation Failure)
[2022-06-13T01:30:46.290+0000][1][gc,task      ] GC(14) Using 5 workers of 13 for evacuation
[2022-06-13T01:30:46.315+0000][1][gc,age       ] GC(14) Desired survivor size 4456448 bytes, new threshold 1 (max threshold 6)
[2022-06-13T01:30:46.315+0000][1][gc,age       ] GC(14) Age table with threshold 1 (max threshold 6)
[2022-06-13T01:30:46.315+0000][1][gc,age       ] GC(14) - age   1:    8912688 bytes,    8912688 total
[2022-06-13T01:30:46.316+0000][1][gc,heap      ] GC(14) ParNew: 78656K->8704K(78656K)
[2022-06-13T01:30:46.316+0000][1][gc,heap      ] GC(14) CMS: 26346K->39682K(174784K)
[2022-06-13T01:30:46.316+0000][1][gc,metaspace ] GC(14) Metaspace: 27234K->27234K(1075200K)
[2022-06-13T01:30:46.316+0000][1][gc           ] GC(14) Pause Young (Allocation Failure) 102M->47M(247M) 26.489ms
[2022-06-13T01:30:46.317+0000][1][gc,cpu       ] GC(14) User=0.15s Sys=0.00s Real=0.02s
[2022-06-13T01:30:46.317+0000][1][safepoint    ] Leaving safepoint region
[2022-06-13T01:30:46.317+0000][1][safepoint    ] Total time for which application threads were stopped: 0.0275004 seconds, Stopping threads took: 0.0002094 seconds
[2022-06-13T01:30:46.580+0000][1][safepoint    ] Application time: 0.2623901 seconds
[2022-06-13T01:30:46.580+0000][1][safepoint    ] Entering safepoint region: RevokeBias
[2022-06-13T01:30:46.580+0000][1][safepoint    ] Leaving safepoint region
[2022-06-13T01:30:46.581+0000][1][safepoint    ] Total time for which application threads were stopped: 0.0005423 seconds, Stopping threads took: 0.0002303 seconds
[2022-06-13T01:30:47.192+0000][1][safepoint    ] Application time: 0.6117386 seconds
[2022-06-13T01:30:47.193+0000][1][safepoint    ] Entering safepoint region: GenCollectForAllocation
[2022-06-13T01:30:47.194+0000][1][gc,start     ] GC(15) Pause Young (Allocation Failure)
[2022-06-13T01:30:47.194+0000][1][gc,task      ] GC(15) Using 5 workers of 13 for evacuation
[2022-06-13T01:30:47.213+0000][1][gc,age       ] GC(15) Desired survivor size 4456448 bytes, new threshold 1 (max threshold 6)
[2022-06-13T01:30:47.213+0000][1][gc,age       ] GC(15) Age table with threshold 1 (max threshold 6)
[2022-06-13T01:30:47.214+0000][1][gc,age       ] GC(15) - age   1:    6185136 bytes,    6185136 total
[2022-06-13T01:30:47.214+0000][1][gc,heap      ] GC(15) ParNew: 78656K->8704K(78656K)
[2022-06-13T01:30:47.214+0000][1][gc,heap      ] GC(15) CMS: 39682K->49789K(174784K)
[2022-06-13T01:30:47.214+0000][1][gc,metaspace ] GC(15) Metaspace: 32557K->32557K(1079296K)
[2022-06-13T01:30:47.215+0000][1][gc           ] GC(15) Pause Young (Allocation Failure) 115M->57M(247M) 20.984ms
[2022-06-13T01:30:47.215+0000][1][gc,cpu       ] GC(15) User=0.16s Sys=0.00s Real=0.02s
[2022-06-13T01:30:47.215+0000][1][safepoint    ] Leaving safepoint region
[2022-06-13T01:30:47.215+0000][1][safepoint    ] Total time for which application threads were stopped: 0.0223907 seconds, Stopping threads took: 0.0004700 seconds
[2022-06-13T01:30:47.390+0000][1][safepoint    ] Application time: 0.1746558 seconds
[2022-06-13T01:30:47.391+0000][1][safepoint    ] Entering safepoint region: GenCollectForAllocation
[2022-06-13T01:30:47.391+0000][1][gc,start     ] GC(16) Pause Young (Allocation Failure)
[2022-06-13T01:30:47.391+0000][1][gc,task      ] GC(16) Using 5 workers of 13 for evacuation
[2022-06-13T01:30:47.401+0000][1][gc,age       ] GC(16) Desired survivor size 4456448 bytes, new threshold 6 (max threshold 6)
[2022-06-13T01:30:47.401+0000][1][gc,age       ] GC(16) Age table with threshold 6 (max threshold 6)
[2022-06-13T01:30:47.401+0000][1][gc,age       ] GC(16) - age   1:     312552 bytes,     312552 total
[2022-06-13T01:30:47.402+0000][1][gc,heap      ] GC(16) ParNew: 78656K->6646K(78656K)
[2022-06-13T01:30:47.402+0000][1][gc,heap      ] GC(16) CMS: 49789K->55850K(174784K)
[2022-06-13T01:30:47.403+0000][1][gc,metaspace ] GC(16) Metaspace: 33032K->33032K(1079296K)
[2022-06-13T01:30:47.403+0000][1][gc           ] GC(16) Pause Young (Allocation Failure) 125M->61M(247M) 12.021ms
[2022-06-13T01:30:47.404+0000][1][gc,cpu       ] GC(16) User=0.06s Sys=0.00s Real=0.01s
[2022-06-13T01:30:47.404+0000][1][safepoint    ] Leaving safepoint region
[2022-06-13T01:30:47.404+0000][1][safepoint    ] Total time for which application threads were stopped: 0.0135408 seconds, Stopping threads took: 0.0003174 seconds
[2022-06-13T01:30:47.441+0000][1][safepoint    ] Application time: 0.0367940 seconds
[2022-06-13T01:30:47.442+0000][1][safepoint    ] Entering safepoint region: RevokeBias
[2022-06-13T01:30:47.442+0000][1][safepoint    ] Leaving safepoint region
[2022-06-13T01:30:47.442+0000][1][safepoint    ] Total time for which application threads were stopped: 0.0006977 seconds, Stopping threads took: 0.0002777 seconds
[2022-06-13T01:30:47.765+0000][1][safepoint    ] Application time: 0.3228161 seconds
[2022-06-13T01:30:47.766+0000][1][safepoint    ] Entering safepoint region: CollectForMetadataAllocation
[2022-06-13T01:30:47.767+0000][1][safepoint    ] Leaving safepoint region
[2022-06-13T01:30:47.767+0000][1][safepoint    ] Total time for which application threads were stopped: 0.0009505 seconds, Stopping threads took: 0.0002606 seconds
[2022-06-13T01:30:47.789+0000][1][safepoint    ] Application time: 0.0219588 seconds
[2022-06-13T01:30:47.790+0000][1][safepoint    ] Entering safepoint region: CollectForMetadataAllocation
[2022-06-13T01:30:47.790+0000][1][safepoint    ] Leaving safepoint region
[2022-06-13T01:30:47.791+0000][1][safepoint    ] Total time for which application threads were stopped: 0.0009532 seconds, Stopping threads took: 0.0003654 seconds
[2022-06-13T01:30:47.818+0000][1][safepoint    ] Application time: 0.0273382 seconds
[2022-06-13T01:30:47.819+0000][1][safepoint    ] Entering safepoint region: CollectForMetadataAllocation
[2022-06-13T01:30:47.819+0000][1][safepoint    ] Leaving safepoint region
[2022-06-13T01:30:47.819+0000][1][safepoint    ] Total time for which application threads were stopped: 0.0008005 seconds, Stopping threads took: 0.0002969 seconds
[2022-06-13T01:30:47.849+0000][1][safepoint    ] Application time: 0.0289671 seconds
[2022-06-13T01:30:47.849+0000][1][safepoint    ] Entering safepoint region: CollectForMetadataAllocation
[2022-06-13T01:30:47.850+0000][1][safepoint    ] Leaving safepoint region
[2022-06-13T01:30:47.850+0000][1][safepoint    ] Total time for which application threads were stopped: 0.0009451 seconds, Stopping threads took: 0.0004668 seconds
[2022-06-13T01:30:47.879+0000][1][safepoint    ] Application time: 0.0292223 seconds
[2022-06-13T01:30:47.880+0000][1][safepoint    ] Entering safepoint region: CollectForMetadataAllocation
[2022-06-13T01:30:47.880+0000][1][safepoint    ] Leaving safepoint region
[2022-06-13T01:30:47.880+0000][1][safepoint    ] Total time for which application threads were stopped: 0.0006179 seconds, Stopping threads took: 0.0002237 seconds
[2022-06-13T01:30:47.906+0000][1][safepoint    ] Application time: 0.0249346 seconds
[2022-06-13T01:30:47.906+0000][1][safepoint    ] Entering safepoint region: CollectForMetadataAllocation
[2022-06-13T01:30:47.907+0000][1][safepoint    ] Leaving safepoint region
[2022-06-13T01:30:47.907+0000][1][safepoint    ] Total time for which application threads were stopped: 0.0006571 seconds, Stopping threads took: 0.0002466 seconds
[2022-06-13T01:30:47.930+0000][1][safepoint    ] Application time: 0.0231510 seconds
[2022-06-13T01:30:47.931+0000][1][safepoint    ] Entering safepoint region: CollectForMetadataAllocation
[2022-06-13T01:30:47.932+0000][1][safepoint    ] Leaving safepoint region
[2022-06-13T01:30:47.933+0000][1][safepoint    ] Total time for which application threads were stopped: 0.0018606 seconds, Stopping threads took: 0.0004896 seconds
[2022-06-13T01:30:47.949+0000][1][safepoint    ] Application time: 0.0159158 seconds
[2022-06-13T01:30:47.949+0000][1][safepoint    ] Entering safepoint region: CollectForMetadataAllocation
[2022-06-13T01:30:47.950+0000][1][safepoint    ] Leaving safepoint region
[2022-06-13T01:30:47.950+0000][1][safepoint    ] Total time for which application threads were stopped: 0.0006098 seconds, Stopping threads took: 0.0002471 seconds
[2022-06-13T01:30:47.950+0000][1][safepoint    ] Application time: 0.0001794 seconds
[2022-06-13T01:30:47.951+0000][1][safepoint    ] Entering safepoint region: CollectForMetadataAllocation
[2022-06-13T01:30:47.951+0000][1][safepoint    ] Leaving safepoint region
[2022-06-13T01:30:47.951+0000][1][safepoint    ] Total time for which application threads were stopped: 0.0004645 seconds, Stopping threads took: 0.0002668 seconds
[2022-06-13T01:30:47.968+0000][1][safepoint    ] Application time: 0.0160933 seconds
[2022-06-13T01:30:47.968+0000][1][safepoint    ] Entering safepoint region: RevokeBias
[2022-06-13T01:30:47.968+0000][1][safepoint    ] Leaving safepoint region
[2022-06-13T01:30:47.969+0000][1][safepoint    ] Total time for which application threads were stopped: 0.0005452 seconds, Stopping threads took: 0.0001714 seconds
[2022-06-13T01:30:48.005+0000][1][safepoint    ] Application time: 0.0364205 seconds
[2022-06-13T01:30:48.006+0000][1][safepoint    ] Entering safepoint region: CollectForMetadataAllocation
[2022-06-13T01:30:48.006+0000][1][safepoint    ] Leaving safepoint region
[2022-06-13T01:30:48.006+0000][1][safepoint    ] Total time for which application threads were stopped: 0.0007465 seconds, Stopping threads took: 0.0002526 seconds
[2022-06-13T01:30:48.028+0000][1][safepoint    ] Application time: 0.0217147 seconds
[2022-06-13T01:30:48.029+0000][1][safepoint    ] Entering safepoint region: CollectForMetadataAllocation
[2022-06-13T01:30:48.029+0000][1][safepoint    ] Leaving safepoint region
[2022-06-13T01:30:48.029+0000][1][safepoint    ] Total time for which application threads were stopped: 0.0009000 seconds, Stopping threads took: 0.0001769 seconds
[2022-06-13T01:30:48.045+0000][1][safepoint    ] Application time: 0.0157408 seconds
[2022-06-13T01:30:48.046+0000][1][safepoint    ] Entering safepoint region: CollectForMetadataAllocation
[2022-06-13T01:30:48.046+0000][1][safepoint    ] Leaving safepoint region
[2022-06-13T01:30:48.046+0000][1][safepoint    ] Total time for which application threads were stopped: 0.0006337 seconds, Stopping threads took: 0.0002383 seconds
[2022-06-13T01:30:48.062+0000][1][safepoint    ] Application time: 0.0157733 seconds
[2022-06-13T01:30:48.063+0000][1][safepoint    ] Entering safepoint region: CollectForMetadataAllocation
[2022-06-13T01:30:48.064+0000][1][safepoint    ] Leaving safepoint region
[2022-06-13T01:30:48.064+0000][1][safepoint    ] Total time for which application threads were stopped: 0.0013129 seconds, Stopping threads took: 0.0004204 seconds
[2022-06-13T01:30:48.083+0000][1][safepoint    ] Application time: 0.0182411 seconds
[2022-06-13T01:30:48.083+0000][1][safepoint    ] Entering safepoint region: CollectForMetadataAllocation
[2022-06-13T01:30:48.084+0000][1][safepoint    ] Leaving safepoint region
[2022-06-13T01:30:48.084+0000][1][safepoint    ] Total time for which application threads were stopped: 0.0009343 seconds, Stopping threads took: 0.0003500 seconds
[2022-06-13T01:30:48.111+0000][1][safepoint    ] Application time: 0.0266769 seconds
[2022-06-13T01:30:48.112+0000][1][safepoint    ] Entering safepoint region: CollectForMetadataAllocation
[2022-06-13T01:30:48.113+0000][1][safepoint    ] Leaving safepoint region
[2022-06-13T01:30:48.113+0000][1][safepoint    ] Total time for which application threads were stopped: 0.0019038 seconds, Stopping threads took: 0.0005488 seconds
[2022-06-13T01:30:48.138+0000][1][safepoint    ] Application time: 0.0239038 seconds
[2022-06-13T01:30:48.138+0000][1][safepoint    ] Entering safepoint region: CollectForMetadataAllocation
[2022-06-13T01:30:48.139+0000][1][safepoint    ] Leaving safepoint region
[2022-06-13T01:30:48.139+0000][1][safepoint    ] Total time for which application threads were stopped: 0.0009540 seconds, Stopping threads took: 0.0004250 seconds
[2022-06-13T01:30:48.151+0000][1][safepoint    ] Application time: 0.0118339 seconds
[2022-06-13T01:30:48.151+0000][1][safepoint    ] Entering safepoint region: CollectForMetadataAllocation
[2022-06-13T01:30:48.151+0000][1][safepoint    ] Leaving safepoint region
[2022-06-13T01:30:48.152+0000][1][safepoint    ] Total time for which application threads were stopped: 0.0004860 seconds, Stopping threads took: 0.0001631 seconds
[2022-06-13T01:30:48.175+0000][1][safepoint    ] Application time: 0.0227801 seconds
[2022-06-13T01:30:48.175+0000][1][safepoint    ] Entering safepoint region: CollectForMetadataAllocation
[2022-06-13T01:30:48.175+0000][1][safepoint    ] Leaving safepoint region
[2022-06-13T01:30:48.175+0000][1][safepoint    ] Total time for which application threads were stopped: 0.0005384 seconds, Stopping threads took: 0.0001787 seconds
[2022-06-13T01:30:48.194+0000][1][safepoint    ] Application time: 0.0185866 seconds
[2022-06-13T01:30:48.194+0000][1][safepoint    ] Entering safepoint region: CollectForMetadataAllocation
[2022-06-13T01:30:48.195+0000][1][safepoint    ] Leaving safepoint region
[2022-06-13T01:30:48.195+0000][1][safepoint    ] Total time for which application threads were stopped: 0.0007962 seconds, Stopping threads took: 0.0004146 seconds
[2022-06-13T01:30:48.217+0000][1][safepoint    ] Application time: 0.0217685 seconds
[2022-06-13T01:30:48.218+0000][1][safepoint    ] Entering safepoint region: CollectForMetadataAllocation
[2022-06-13T01:30:48.220+0000][1][safepoint    ] Leaving safepoint region
[2022-06-13T01:30:48.220+0000][1][safepoint    ] Total time for which application threads were stopped: 0.0023635 seconds, Stopping threads took: 0.0004695 seconds
[2022-06-13T01:30:48.240+0000][1][safepoint    ] Application time: 0.0194832 seconds
[2022-06-13T01:30:48.240+0000][1][safepoint    ] Entering safepoint region: CollectForMetadataAllocation
[2022-06-13T01:30:48.241+0000][1][safepoint    ] Leaving safepoint region
[2022-06-13T01:30:48.241+0000][1][safepoint    ] Total time for which application threads were stopped: 0.0008594 seconds, Stopping threads took: 0.0003505 seconds
[2022-06-13T01:30:48.274+0000][1][safepoint    ] Application time: 0.0325067 seconds
[2022-06-13T01:30:48.275+0000][1][safepoint    ] Entering safepoint region: CollectForMetadataAllocation
[2022-06-13T01:30:48.275+0000][1][safepoint    ] Leaving safepoint region
[2022-06-13T01:30:48.275+0000][1][safepoint    ] Total time for which application threads were stopped: 0.0008861 seconds, Stopping threads took: 0.0004468 seconds
[2022-06-13T01:30:48.303+0000][1][safepoint    ] Application time: 0.0268599 seconds
[2022-06-13T01:30:48.303+0000][1][safepoint    ] Entering safepoint region: CollectForMetadataAllocation
[2022-06-13T01:30:48.304+0000][1][safepoint    ] Leaving safepoint region
[2022-06-13T01:30:48.305+0000][1][safepoint    ] Total time for which application threads were stopped: 0.0013847 seconds, Stopping threads took: 0.0004847 seconds
[2022-06-13T01:30:48.326+0000][1][safepoint    ] Application time: 0.0205241 seconds
[2022-06-13T01:30:48.326+0000][1][safepoint    ] Entering safepoint region: CollectForMetadataAllocation
[2022-06-13T01:30:48.327+0000][1][safepoint    ] Leaving safepoint region
[2022-06-13T01:30:48.327+0000][1][safepoint    ] Total time for which application threads were stopped: 0.0009911 seconds, Stopping threads took: 0.0004344 seconds
[2022-06-13T01:30:48.354+0000][1][safepoint    ] Application time: 0.0257669 seconds
[2022-06-13T01:30:48.354+0000][1][safepoint    ] Entering safepoint region: CollectForMetadataAllocation
[2022-06-13T01:30:48.355+0000][1][safepoint    ] Leaving safepoint region
[2022-06-13T01:30:48.355+0000][1][safepoint    ] Total time for which application threads were stopped: 0.0012573 seconds, Stopping threads took: 0.0005734 seconds
[2022-06-13T01:30:48.383+0000][1][safepoint    ] Application time: 0.0273099 seconds
[2022-06-13T01:30:48.384+0000][1][safepoint    ] Entering safepoint region: RevokeBias
[2022-06-13T01:30:48.384+0000][1][safepoint    ] Leaving safepoint region
[2022-06-13T01:30:48.385+0000][1][safepoint    ] Total time for which application threads were stopped: 0.0010172 seconds, Stopping threads took: 0.0005162 seconds
[2022-06-13T01:30:48.385+0000][1][safepoint    ] Application time: 0.0002974 seconds
[2022-06-13T01:30:48.386+0000][1][safepoint    ] Entering safepoint region: RevokeBias
[2022-06-13T01:30:48.386+0000][1][safepoint    ] Leaving safepoint region
[2022-06-13T01:30:48.387+0000][1][safepoint    ] Total time for which application threads were stopped: 0.0009510 seconds, Stopping threads took: 0.0005312 seconds
[2022-06-13T01:30:48.387+0000][1][safepoint    ] Application time: 0.0001404 seconds
[2022-06-13T01:30:48.388+0000][1][safepoint    ] Entering safepoint region: RevokeBias
[2022-06-13T01:30:48.388+0000][1][safepoint    ] Leaving safepoint region
[2022-06-13T01:30:48.389+0000][1][safepoint    ] Total time for which application threads were stopped: 0.0008532 seconds, Stopping threads took: 0.0005027 seconds
[2022-06-13T01:30:48.390+0000][1][safepoint    ] Application time: 0.0011803 seconds
[2022-06-13T01:30:48.391+0000][1][safepoint    ] Entering safepoint region: CollectForMetadataAllocation
[2022-06-13T01:30:48.392+0000][1][safepoint    ] Leaving safepoint region
[2022-06-13T01:30:48.392+0000][1][safepoint    ] Total time for which application threads were stopped: 0.0010754 seconds, Stopping threads took: 0.0005756 seconds
[2022-06-13T01:30:48.418+0000][1][safepoint    ] Application time: 0.0255333 seconds
[2022-06-13T01:30:48.419+0000][1][safepoint    ] Entering safepoint region: CollectForMetadataAllocation
[2022-06-13T01:30:48.419+0000][1][safepoint    ] Leaving safepoint region
[2022-06-13T01:30:48.420+0000][1][safepoint    ] Total time for which application threads were stopped: 0.0012606 seconds, Stopping threads took: 0.0003927 seconds
[2022-06-13T01:30:49.035+0000][1][safepoint    ] Application time: 0.6145416 seconds
[2022-06-13T01:30:49.035+0000][1][safepoint    ] Entering safepoint region: CollectForMetadataAllocation
[2022-06-13T01:30:49.036+0000][1][safepoint    ] Leaving safepoint region
[2022-06-13T01:30:49.036+0000][1][safepoint    ] Total time for which application threads were stopped: 0.0011091 seconds, Stopping threads took: 0.0006237 seconds
[2022-06-13T01:30:49.060+0000][1][safepoint    ] Application time: 0.0232656 seconds
[2022-06-13T01:30:49.060+0000][1][safepoint    ] Entering safepoint region: CollectForMetadataAllocation
[2022-06-13T01:30:49.061+0000][1][safepoint    ] Leaving safepoint region
[2022-06-13T01:30:49.061+0000][1][safepoint    ] Total time for which application threads were stopped: 0.0010961 seconds, Stopping threads took: 0.0004290 seconds
[2022-06-13T01:30:49.063+0000][1][safepoint    ] Application time: 0.0007812 seconds
[2022-06-13T01:30:49.063+0000][1][safepoint    ] Entering safepoint region: GenCollectForAllocation
[2022-06-13T01:30:49.064+0000][1][gc,start     ] GC(17) Pause Young (Allocation Failure)
[2022-06-13T01:30:49.064+0000][1][gc,task      ] GC(17) Using 5 workers of 13 for evacuation
[2022-06-13T01:30:49.070+0000][1][gc,age       ] GC(17) Desired survivor size 4456448 bytes, new threshold 6 (max threshold 6)
[2022-06-13T01:30:49.070+0000][1][gc,age       ] GC(17) Age table with threshold 6 (max threshold 6)
[2022-06-13T01:30:49.071+0000][1][gc,age       ] GC(17) - age   1:    4079816 bytes,    4079816 total
[2022-06-13T01:30:49.072+0000][1][gc,age       ] GC(17) - age   2:     273208 bytes,    4353024 total
[2022-06-13T01:30:49.072+0000][1][gc,heap      ] GC(17) ParNew: 76598K->5500K(78656K)
[2022-06-13T01:30:49.073+0000][1][gc,heap      ] GC(17) CMS: 55850K->55850K(174784K)
[2022-06-13T01:30:49.073+0000][1][gc,metaspace ] GC(17) Metaspace: 42555K->42555K(1089536K)
[2022-06-13T01:30:49.073+0000][1][gc           ] GC(17) Pause Young (Allocation Failure) 129M->59M(247M) 9.664ms
[2022-06-13T01:30:49.074+0000][1][gc,cpu       ] GC(17) User=0.02s Sys=0.00s Real=0.01s
[2022-06-13T01:30:49.074+0000][1][safepoint    ] Leaving safepoint region
[2022-06-13T01:30:49.074+0000][1][safepoint    ] Total time for which application threads were stopped: 0.0114132 seconds, Stopping threads took: 0.0005861 seconds
[2022-06-13T01:30:49.075+0000][1][safepoint    ] Application time: 0.0004163 seconds
[2022-06-13T01:30:49.076+0000][1][safepoint    ] Entering safepoint region: CMS_Initial_Mark
[2022-06-13T01:30:49.076+0000][1][gc,start     ] GC(18) Pause Initial Mark
[2022-06-13T01:30:49.079+0000][1][gc           ] GC(18) Pause Initial Mark 61M->61M(247M) 2.595ms
[2022-06-13T01:30:49.079+0000][1][gc,cpu       ] GC(18) User=0.01s Sys=0.00s Real=0.01s
[2022-06-13T01:30:49.079+0000][1][safepoint    ] Leaving safepoint region
[2022-06-13T01:30:49.080+0000][1][safepoint    ] Total time for which application threads were stopped: 0.0040049 seconds, Stopping threads took: 0.0003507 seconds
[2022-06-13T01:30:49.080+0000][1][gc           ] GC(18) Concurrent Mark
[2022-06-13T01:30:49.081+0000][1][gc,task      ] GC(18) Using 4 workers of 4 for marking
[2022-06-13T01:30:49.111+0000][1][safepoint    ] Application time: 0.0308531 seconds
[2022-06-13T01:30:49.114+0000][1][safepoint    ] Entering safepoint region: CollectForMetadataAllocation
[2022-06-13T01:30:49.114+0000][1][safepoint    ] Leaving safepoint region
[2022-06-13T01:30:49.115+0000][1][safepoint    ] Total time for which application threads were stopped: 0.0010016 seconds, Stopping threads took: 0.0004288 seconds
[2022-06-13T01:30:49.120+0000][1][gc           ] GC(18) Concurrent Mark 40.100ms
[2022-06-13T01:30:49.121+0000][1][gc,cpu       ] GC(18) User=0.24s Sys=0.02s Real=0.04s
[2022-06-13T01:30:49.121+0000][1][gc           ] GC(18) Concurrent Preclean
[2022-06-13T01:30:49.125+0000][1][gc           ] GC(18) Concurrent Preclean 3.683ms
[2022-06-13T01:30:49.125+0000][1][gc,cpu       ] GC(18) User=0.01s Sys=0.00s Real=0.00s
[2022-06-13T01:30:49.125+0000][1][gc           ] GC(18) Concurrent Abortable Preclean
[2022-06-13T01:30:49.394+0000][1][safepoint    ] Application time: 0.2793942 seconds
[2022-06-13T01:30:49.395+0000][1][safepoint    ] Entering safepoint region: CollectForMetadataAllocation
[2022-06-13T01:30:49.396+0000][1][safepoint    ] Leaving safepoint region
[2022-06-13T01:30:49.396+0000][1][safepoint    ] Total time for which application threads were stopped: 0.0010330 seconds, Stopping threads took: 0.0004151 seconds
[2022-06-13T01:30:49.431+0000][1][safepoint    ] Application time: 0.0345935 seconds
[2022-06-13T01:30:49.432+0000][1][safepoint    ] Entering safepoint region: CollectForMetadataAllocation
[2022-06-13T01:30:49.432+0000][1][safepoint    ] Leaving safepoint region
[2022-06-13T01:30:49.433+0000][1][safepoint    ] Total time for which application threads were stopped: 0.0011219 seconds, Stopping threads took: 0.0005057 seconds
[2022-06-13T01:30:49.498+0000][1][safepoint    ] Application time: 0.0650493 seconds
[2022-06-13T01:30:49.498+0000][1][safepoint    ] Entering safepoint region: CollectForMetadataAllocation
[2022-06-13T01:30:49.499+0000][1][safepoint    ] Leaving safepoint region
[2022-06-13T01:30:49.499+0000][1][safepoint    ] Total time for which application threads were stopped: 0.0008744 seconds, Stopping threads took: 0.0002976 seconds
[2022-06-13T01:30:49.520+0000][1][safepoint    ] Application time: 0.0207999 seconds
[2022-06-13T01:30:49.521+0000][1][safepoint    ] Entering safepoint region: CollectForMetadataAllocation
[2022-06-13T01:30:49.521+0000][1][safepoint    ] Leaving safepoint region
[2022-06-13T01:30:49.521+0000][1][safepoint    ] Total time for which application threads were stopped: 0.0006727 seconds, Stopping threads took: 0.0002581 seconds
[2022-06-13T01:30:49.549+0000][1][gc           ] GC(18) Concurrent Abortable Preclean 424.254ms
[2022-06-13T01:30:49.550+0000][1][gc,cpu       ] GC(18) User=2.30s Sys=0.05s Real=0.43s
[2022-06-13T01:30:49.550+0000][1][safepoint    ] Application time: 0.0287014 seconds
[2022-06-13T01:30:49.551+0000][1][safepoint    ] Entering safepoint region: CMS_Final_Remark
[2022-06-13T01:30:49.551+0000][1][gc,start     ] GC(18) Pause Remark
[2022-06-13T01:30:49.571+0000][1][gc           ] GC(18) Pause Remark 95M->95M(247M) 20.519ms
[2022-06-13T01:30:49.572+0000][1][gc,cpu       ] GC(18) User=0.08s Sys=0.00s Real=0.02s
[2022-06-13T01:30:49.572+0000][1][safepoint    ] Leaving safepoint region
[2022-06-13T01:30:49.572+0000][1][safepoint    ] Total time for which application threads were stopped: 0.0215483 seconds, Stopping threads took: 0.0003019 seconds
[2022-06-13T01:30:49.572+0000][1][gc           ] GC(18) Concurrent Sweep
[2022-06-13T01:30:49.590+0000][1][safepoint    ] Application time: 0.0179001 seconds
[2022-06-13T01:30:49.590+0000][1][safepoint    ] Entering safepoint region: CollectForMetadataAllocation
[2022-06-13T01:30:49.592+0000][1][safepoint    ] Leaving safepoint region
[2022-06-13T01:30:49.592+0000][1][safepoint    ] Total time for which application threads were stopped: 0.0014821 seconds, Stopping threads took: 0.0002012 seconds
[2022-06-13T01:30:49.604+0000][1][gc           ] GC(18) Concurrent Sweep 31.296ms
[2022-06-13T01:30:49.604+0000][1][gc,cpu       ] GC(18) User=0.11s Sys=0.00s Real=0.03s
[2022-06-13T01:30:49.604+0000][1][gc           ] GC(18) Concurrent Reset
[2022-06-13T01:30:49.605+0000][1][gc           ] GC(18) Concurrent Reset 0.522ms
[2022-06-13T01:30:49.605+0000][1][gc,cpu       ] GC(18) User=0.00s Sys=0.00s Real=0.00s
[2022-06-13T01:30:49.606+0000][1][gc,heap      ] GC(18) Old: 55850K->55635K(174784K)
[2022-06-13T01:30:49.660+0000][1][safepoint    ] Application time: 0.0678403 seconds
[2022-06-13T01:30:49.660+0000][1][safepoint    ] Entering safepoint region: RevokeBias
[2022-06-13T01:30:49.661+0000][1][safepoint    ] Leaving safepoint region
[2022-06-13T01:30:49.661+0000][1][safepoint    ] Total time for which application threads were stopped: 0.0005888 seconds, Stopping threads took: 0.0003061 seconds
[2022-06-13T01:30:49.667+0000][1][safepoint    ] Application time: 0.0062185 seconds
[2022-06-13T01:30:49.668+0000][1][safepoint    ] Entering safepoint region: RevokeBias
[2022-06-13T01:30:49.668+0000][1][safepoint    ] Leaving safepoint region
[2022-06-13T01:30:49.668+0000][1][safepoint    ] Total time for which application threads were stopped: 0.0005225 seconds, Stopping threads took: 0.0002500 seconds
[2022-06-13T01:30:49.890+0000][1][safepoint    ] Application time: 0.2220614 seconds
[2022-06-13T01:30:49.891+0000][1][safepoint    ] Entering safepoint region: RevokeBias
[2022-06-13T01:30:49.892+0000][1][safepoint    ] Leaving safepoint region
[2022-06-13T01:30:49.893+0000][1][safepoint    ] Total time for which application threads were stopped: 0.0017881 seconds, Stopping threads took: 0.0006531 seconds
[2022-06-13T01:30:49.893+0000][1][safepoint    ] Application time: 0.0002393 seconds
[2022-06-13T01:30:49.894+0000][1][safepoint    ] Entering safepoint region: RevokeBias
[2022-06-13T01:30:49.894+0000][1][safepoint    ] Leaving safepoint region
[2022-06-13T01:30:49.894+0000][1][safepoint    ] Total time for which application threads were stopped: 0.0006901 seconds, Stopping threads took: 0.0003578 seconds
[2022-06-13T01:30:49.895+0000][1][safepoint    ] Application time: 0.0004287 seconds
[2022-06-13T01:30:49.896+0000][1][safepoint    ] Entering safepoint region: RevokeBias
[2022-06-13T01:30:49.896+0000][1][safepoint    ] Leaving safepoint region
[2022-06-13T01:30:49.896+0000][1][safepoint    ] Total time for which application threads were stopped: 0.0008024 seconds, Stopping threads took: 0.0003951 seconds
[2022-06-13T01:30:49.897+0000][1][safepoint    ] Application time: 0.0001928 seconds
[2022-06-13T01:30:49.897+0000][1][safepoint    ] Entering safepoint region: RevokeBias
[2022-06-13T01:30:49.898+0000][1][safepoint    ] Leaving safepoint region
[2022-06-13T01:30:49.898+0000][1][safepoint    ] Total time for which application threads were stopped: 0.0009261 seconds, Stopping threads took: 0.0004444 seconds
[2022-06-13T01:30:49.991+0000][1][safepoint    ] Application time: 0.0917038 seconds
[2022-06-13T01:30:49.991+0000][1][safepoint    ] Entering safepoint region: RevokeBias
[2022-06-13T01:30:49.992+0000][1][safepoint    ] Leaving safepoint region
[2022-06-13T01:30:49.992+0000][1][safepoint    ] Total time for which application threads were stopped: 0.0005449 seconds, Stopping threads took: 0.0002895 seconds
[2022-06-13T01:30:49.992+0000][1][safepoint    ] Application time: 0.0001640 seconds
[2022-06-13T01:30:49.992+0000][1][safepoint    ] Entering safepoint region: RevokeBias
[2022-06-13T01:30:49.993+0000][1][safepoint    ] Leaving safepoint region
[2022-06-13T01:30:49.993+0000][1][safepoint    ] Total time for which application threads were stopped: 0.0006828 seconds, Stopping threads took: 0.0002971 seconds
[2022-06-13T01:30:49.993+0000][1][safepoint    ] Application time: 0.0001542 seconds
[2022-06-13T01:30:49.994+0000][1][safepoint    ] Entering safepoint region: RevokeBias
[2022-06-13T01:30:49.994+0000][1][safepoint    ] Leaving safepoint region
[2022-06-13T01:30:49.994+0000][1][safepoint    ] Total time for which application threads were stopped: 0.0004710 seconds, Stopping threads took: 0.0002230 seconds
[2022-06-13T01:30:49.995+0000][1][safepoint    ] Application time: 0.0005107 seconds
[2022-06-13T01:30:49.995+0000][1][safepoint    ] Entering safepoint region: RevokeBias
[2022-06-13T01:30:49.995+0000][1][safepoint    ] Leaving safepoint region
[2022-06-13T01:30:49.996+0000][1][safepoint    ] Total time for which application threads were stopped: 0.0005735 seconds, Stopping threads took: 0.0002928 seconds
[2022-06-13T01:30:49.997+0000][1][safepoint    ] Application time: 0.0005212 seconds
[2022-06-13T01:30:49.997+0000][1][safepoint    ] Entering safepoint region: RevokeBias
[2022-06-13T01:30:49.997+0000][1][safepoint    ] Leaving safepoint region
[2022-06-13T01:30:49.998+0000][1][safepoint    ] Total time for which application threads were stopped: 0.0005934 seconds, Stopping threads took: 0.0003138 seconds
[2022-06-13T01:30:49.998+0000][1][safepoint    ] Application time: 0.0006118 seconds
[2022-06-13T01:30:49.999+0000][1][safepoint    ] Entering safepoint region: RevokeBias
[2022-06-13T01:30:49.999+0000][1][safepoint    ] Leaving safepoint region
[2022-06-13T01:30:49.999+0000][1][safepoint    ] Total time for which application threads were stopped: 0.0006315 seconds, Stopping threads took: 0.0002667 seconds
[2022-06-13T01:30:50.000+0000][1][safepoint    ] Application time: 0.0003429 seconds
[2022-06-13T01:30:50.000+0000][1][safepoint    ] Entering safepoint region: RevokeBias
[2022-06-13T01:30:50.001+0000][1][safepoint    ] Leaving safepoint region
[2022-06-13T01:30:50.001+0000][1][safepoint    ] Total time for which application threads were stopped: 0.0008028 seconds, Stopping threads took: 0.0004825 seconds
[2022-06-13T01:30:50.001+0000][1][safepoint    ] Application time: 0.0001671 seconds
[2022-06-13T01:30:50.002+0000][1][safepoint    ] Entering safepoint region: RevokeBias
[2022-06-13T01:30:50.002+0000][1][safepoint    ] Leaving safepoint region
[2022-06-13T01:30:50.002+0000][1][safepoint    ] Total time for which application threads were stopped: 0.0006823 seconds, Stopping threads took: 0.0003024 seconds
[2022-06-13T01:30:50.003+0000][1][safepoint    ] Application time: 0.0001776 seconds
[2022-06-13T01:30:50.003+0000][1][safepoint    ] Entering safepoint region: RevokeBias
[2022-06-13T01:30:50.003+0000][1][safepoint    ] Leaving safepoint region
[2022-06-13T01:30:50.004+0000][1][safepoint    ] Total time for which application threads were stopped: 0.0005875 seconds, Stopping threads took: 0.0002882 seconds
[2022-06-13T01:30:50.004+0000][1][safepoint    ] Application time: 0.0001520 seconds
[2022-06-13T01:30:50.004+0000][1][safepoint    ] Entering safepoint region: RevokeBias
[2022-06-13T01:30:50.005+0000][1][safepoint    ] Leaving safepoint region
[2022-06-13T01:30:50.005+0000][1][safepoint    ] Total time for which application threads were stopped: 0.0005569 seconds, Stopping threads took: 0.0002237 seconds
[2022-06-13T01:30:50.005+0000][1][safepoint    ] Application time: 0.0001328 seconds
[2022-06-13T01:30:50.005+0000][1][safepoint    ] Entering safepoint region: RevokeBias
[2022-06-13T01:30:50.006+0000][1][safepoint    ] Leaving safepoint region
[2022-06-13T01:30:50.006+0000][1][safepoint    ] Total time for which application threads were stopped: 0.0005077 seconds, Stopping threads took: 0.0002188 seconds
[2022-06-13T01:30:50.006+0000][1][safepoint    ] Application time: 0.0001222 seconds
[2022-06-13T01:30:50.007+0000][1][safepoint    ] Entering safepoint region: RevokeBias
[2022-06-13T01:30:50.007+0000][1][safepoint    ] Leaving safepoint region
[2022-06-13T01:30:50.007+0000][1][safepoint    ] Total time for which application threads were stopped: 0.0005698 seconds, Stopping threads took: 0.0002378 seconds
[2022-06-13T01:30:50.008+0000][1][safepoint    ] Application time: 0.0001396 seconds
[2022-06-13T01:30:50.008+0000][1][safepoint    ] Entering safepoint region: RevokeBias
[2022-06-13T01:30:50.008+0000][1][safepoint    ] Leaving safepoint region
[2022-06-13T01:30:50.009+0000][1][safepoint    ] Total time for which application threads were stopped: 0.0009318 seconds, Stopping threads took: 0.0002598 seconds
[2022-06-13T01:30:50.009+0000][1][safepoint    ] Application time: 0.0001753 seconds
[2022-06-13T01:30:50.009+0000][1][safepoint    ] Entering safepoint region: RevokeBias
[2022-06-13T01:30:50.010+0000][1][safepoint    ] Leaving safepoint region
[2022-06-13T01:30:50.010+0000][1][safepoint    ] Total time for which application threads were stopped: 0.0009612 seconds, Stopping threads took: 0.0005664 seconds
[2022-06-13T01:30:50.011+0000][1][safepoint    ] Application time: 0.0001032 seconds
[2022-06-13T01:30:50.011+0000][1][safepoint    ] Entering safepoint region: RevokeBias
[2022-06-13T01:30:50.012+0000][1][safepoint    ] Leaving safepoint region
[2022-06-13T01:30:50.012+0000][1][safepoint    ] Total time for which application threads were stopped: 0.0006661 seconds, Stopping threads took: 0.0002814 seconds
[2022-06-13T01:30:50.012+0000][1][safepoint    ] Application time: 0.0001314 seconds
[2022-06-13T01:30:50.012+0000][1][safepoint    ] Entering safepoint region: RevokeBias
[2022-06-13T01:30:50.013+0000][1][safepoint    ] Leaving safepoint region
[2022-06-13T01:30:50.013+0000][1][safepoint    ] Total time for which application threads were stopped: 0.0006533 seconds, Stopping threads took: 0.0003162 seconds
[2022-06-13T01:30:50.013+0000][1][safepoint    ] Application time: 0.0001191 seconds
[2022-06-13T01:30:50.014+0000][1][safepoint    ] Entering safepoint region: RevokeBias
[2022-06-13T01:30:50.014+0000][1][safepoint    ] Leaving safepoint region
[2022-06-13T01:30:50.014+0000][1][safepoint    ] Total time for which application threads were stopped: 0.0005982 seconds, Stopping threads took: 0.0002286 seconds
[2022-06-13T01:30:50.015+0000][1][safepoint    ] Application time: 0.0001563 seconds
[2022-06-13T01:30:50.015+0000][1][safepoint    ] Entering safepoint region: RevokeBias
[2022-06-13T01:30:50.015+0000][1][safepoint    ] Leaving safepoint region
[2022-06-13T01:30:50.016+0000][1][safepoint    ] Total time for which application threads were stopped: 0.0005948 seconds, Stopping threads took: 0.0002796 seconds
[2022-06-13T01:30:50.016+0000][1][safepoint    ] Application time: 0.0002024 seconds
[2022-06-13T01:30:50.016+0000][1][safepoint    ] Entering safepoint region: RevokeBias
[2022-06-13T01:30:50.017+0000][1][safepoint    ] Leaving safepoint region
[2022-06-13T01:30:50.017+0000][1][safepoint    ] Total time for which application threads were stopped: 0.0006215 seconds, Stopping threads took: 0.0003071 seconds
[2022-06-13T01:30:50.017+0000][1][safepoint    ] Application time: 0.0002193 seconds
[2022-06-13T01:30:50.018+0000][1][safepoint    ] Entering safepoint region: RevokeBias
[2022-06-13T01:30:50.019+0000][1][safepoint    ] Leaving safepoint region
[2022-06-13T01:30:50.019+0000][1][safepoint    ] Total time for which application threads were stopped: 0.0007242 seconds, Stopping threads took: 0.0003352 seconds
[2022-06-13T01:30:50.019+0000][1][safepoint    ] Application time: 0.0001478 seconds
[2022-06-13T01:30:50.020+0000][1][safepoint    ] Entering safepoint region: RevokeBias
[2022-06-13T01:30:50.020+0000][1][safepoint    ] Leaving safepoint region
[2022-06-13T01:30:50.021+0000][1][safepoint    ] Total time for which application threads were stopped: 0.0010118 seconds, Stopping threads took: 0.0007060 seconds
[2022-06-13T01:30:50.021+0000][1][safepoint    ] Application time: 0.0001686 seconds
[2022-06-13T01:30:50.021+0000][1][safepoint    ] Entering safepoint region: RevokeBias
[2022-06-13T01:30:50.022+0000][1][safepoint    ] Leaving safepoint region
[2022-06-13T01:30:50.022+0000][1][safepoint    ] Total time for which application threads were stopped: 0.0006303 seconds, Stopping threads took: 0.0003528 seconds
[2022-06-13T01:30:50.022+0000][1][safepoint    ] Application time: 0.0001681 seconds
[2022-06-13T01:30:50.023+0000][1][safepoint    ] Entering safepoint region: RevokeBias
[2022-06-13T01:30:50.023+0000][1][safepoint    ] Leaving safepoint region
[2022-06-13T01:30:50.023+0000][1][safepoint    ] Total time for which application threads were stopped: 0.0005134 seconds, Stopping threads took: 0.0002601 seconds
[2022-06-13T01:30:50.024+0000][1][safepoint    ] Application time: 0.0001583 seconds
[2022-06-13T01:30:50.024+0000][1][safepoint    ] Entering safepoint region: RevokeBias
[2022-06-13T01:30:50.024+0000][1][safepoint    ] Leaving safepoint region
[2022-06-13T01:30:50.025+0000][1][safepoint    ] Total time for which application threads were stopped: 0.0007040 seconds, Stopping threads took: 0.0003364 seconds
[2022-06-13T01:30:50.025+0000][1][safepoint    ] Application time: 0.0001531 seconds
[2022-06-13T01:30:50.025+0000][1][safepoint    ] Entering safepoint region: RevokeBias
[2022-06-13T01:30:50.026+0000][1][safepoint    ] Leaving safepoint region
[2022-06-13T01:30:50.026+0000][1][safepoint    ] Total time for which application threads were stopped: 0.0007201 seconds, Stopping threads took: 0.0003858 seconds
[2022-06-13T01:30:50.026+0000][1][safepoint    ] Application time: 0.0001770 seconds
[2022-06-13T01:30:50.027+0000][1][safepoint    ] Entering safepoint region: BulkRevokeBias
[2022-06-13T01:30:50.027+0000][1][safepoint    ] Leaving safepoint region
[2022-06-13T01:30:50.027+0000][1][safepoint    ] Total time for which application threads were stopped: 0.0008230 seconds, Stopping threads took: 0.0003937 seconds
[2022-06-13T01:30:50.028+0000][1][safepoint    ] Application time: 0.0003897 seconds
[2022-06-13T01:30:50.028+0000][1][safepoint    ] Entering safepoint region: RevokeBias
[2022-06-13T01:30:50.029+0000][1][safepoint    ] Leaving safepoint region
[2022-06-13T01:30:50.029+0000][1][safepoint    ] Total time for which application threads were stopped: 0.0010417 seconds, Stopping threads took: 0.0005221 seconds
[2022-06-13T01:30:50.030+0000][1][safepoint    ] Application time: 0.0002227 seconds
[2022-06-13T01:30:50.030+0000][1][safepoint    ] Entering safepoint region: RevokeBias
[2022-06-13T01:30:50.030+0000][1][safepoint    ] Leaving safepoint region
[2022-06-13T01:30:50.031+0000][1][safepoint    ] Total time for which application threads were stopped: 0.0005051 seconds, Stopping threads took: 0.0002453 seconds
[2022-06-13T01:30:50.031+0000][1][safepoint    ] Application time: 0.0002880 seconds
[2022-06-13T01:30:50.031+0000][1][safepoint    ] Entering safepoint region: RevokeBias
[2022-06-13T01:30:50.032+0000][1][safepoint    ] Leaving safepoint region
[2022-06-13T01:30:50.032+0000][1][safepoint    ] Total time for which application threads were stopped: 0.0006939 seconds, Stopping threads took: 0.0003216 seconds
[2022-06-13T01:30:50.033+0000][1][safepoint    ] Application time: 0.0002614 seconds
[2022-06-13T01:30:50.033+0000][1][safepoint    ] Entering safepoint region: RevokeBias
[2022-06-13T01:30:50.033+0000][1][safepoint    ] Leaving safepoint region
[2022-06-13T01:30:50.034+0000][1][safepoint    ] Total time for which application threads were stopped: 0.0007221 seconds, Stopping threads took: 0.0003291 seconds
[2022-06-13T01:30:50.034+0000][1][safepoint    ] Application time: 0.0001974 seconds
[2022-06-13T01:30:50.034+0000][1][safepoint    ] Entering safepoint region: RevokeBias
[2022-06-13T01:30:50.035+0000][1][safepoint    ] Leaving safepoint region
[2022-06-13T01:30:50.035+0000][1][safepoint    ] Total time for which application threads were stopped: 0.0005833 seconds, Stopping threads took: 0.0002978 seconds
[2022-06-13T01:30:50.035+0000][1][safepoint    ] Application time: 0.0001663 seconds
[2022-06-13T01:30:50.035+0000][1][safepoint    ] Entering safepoint region: RevokeBias
[2022-06-13T01:30:50.036+0000][1][safepoint    ] Leaving safepoint region
[2022-06-13T01:30:50.036+0000][1][safepoint    ] Total time for which application threads were stopped: 0.0006756 seconds, Stopping threads took: 0.0003259 seconds
[2022-06-13T01:30:50.037+0000][1][safepoint    ] Application time: 0.0001870 seconds
[2022-06-13T01:30:50.037+0000][1][safepoint    ] Entering safepoint region: RevokeBias
[2022-06-13T01:30:50.037+0000][1][safepoint    ] Leaving safepoint region
[2022-06-13T01:30:50.037+0000][1][safepoint    ] Total time for which application threads were stopped: 0.0006960 seconds, Stopping threads took: 0.0003142 seconds
[2022-06-13T01:30:50.038+0000][1][safepoint    ] Application time: 0.0002069 seconds
[2022-06-13T01:30:50.038+0000][1][safepoint    ] Entering safepoint region: RevokeBias
[2022-06-13T01:30:50.039+0000][1][safepoint    ] Leaving safepoint region
[2022-06-13T01:30:50.039+0000][1][safepoint    ] Total time for which application threads were stopped: 0.0006880 seconds, Stopping threads took: 0.0003147 seconds
[2022-06-13T01:30:50.040+0000][1][safepoint    ] Application time: 0.0003645 seconds
[2022-06-13T01:30:50.040+0000][1][safepoint    ] Entering safepoint region: RevokeBias
[2022-06-13T01:30:50.040+0000][1][safepoint    ] Leaving safepoint region
[2022-06-13T01:30:50.041+0000][1][safepoint    ] Total time for which application threads were stopped: 0.0007795 seconds, Stopping threads took: 0.0004898 seconds
[2022-06-13T01:30:50.041+0000][1][safepoint    ] Application time: 0.0001558 seconds
[2022-06-13T01:30:50.041+0000][1][safepoint    ] Entering safepoint region: RevokeBias
[2022-06-13T01:30:50.042+0000][1][safepoint    ] Leaving safepoint region
[2022-06-13T01:30:50.042+0000][1][safepoint    ] Total time for which application threads were stopped: 0.0006220 seconds, Stopping threads took: 0.0003606 seconds
[2022-06-13T01:30:50.042+0000][1][safepoint    ] Application time: 0.0001349 seconds
[2022-06-13T01:30:50.043+0000][1][safepoint    ] Entering safepoint region: RevokeBias
[2022-06-13T01:30:50.043+0000][1][safepoint    ] Leaving safepoint region
[2022-06-13T01:30:50.043+0000][1][safepoint    ] Total time for which application threads were stopped: 0.0006234 seconds, Stopping threads took: 0.0003036 seconds
[2022-06-13T01:30:50.044+0000][1][safepoint    ] Application time: 0.0001606 seconds
[2022-06-13T01:30:50.044+0000][1][safepoint    ] Entering safepoint region: RevokeBias
[2022-06-13T01:30:50.044+0000][1][safepoint    ] Leaving safepoint region
[2022-06-13T01:30:50.044+0000][1][safepoint    ] Total time for which application threads were stopped: 0.0005546 seconds, Stopping threads took: 0.0003008 seconds
[2022-06-13T01:30:50.045+0000][1][safepoint    ] Application time: 0.0001636 seconds
[2022-06-13T01:30:50.045+0000][1][safepoint    ] Entering safepoint region: RevokeBias
[2022-06-13T01:30:50.045+0000][1][safepoint    ] Leaving safepoint region
[2022-06-13T01:30:50.045+0000][1][safepoint    ] Total time for which application threads were stopped: 0.0005423 seconds, Stopping threads took: 0.0002652 seconds
[2022-06-13T01:30:50.046+0000][1][safepoint    ] Application time: 0.0001342 seconds
[2022-06-13T01:30:50.046+0000][1][safepoint    ] Entering safepoint region: RevokeBias
[2022-06-13T01:30:50.046+0000][1][safepoint    ] Leaving safepoint region
[2022-06-13T01:30:50.047+0000][1][safepoint    ] Total time for which application threads were stopped: 0.0007084 seconds, Stopping threads took: 0.0003069 seconds
[2022-06-13T01:30:50.047+0000][1][safepoint    ] Application time: 0.0001589 seconds
[2022-06-13T01:30:50.047+0000][1][safepoint    ] Entering safepoint region: RevokeBias
[2022-06-13T01:30:50.048+0000][1][safepoint    ] Leaving safepoint region
[2022-06-13T01:30:50.048+0000][1][safepoint    ] Total time for which application threads were stopped: 0.0004946 seconds, Stopping threads took: 0.0001846 seconds
[2022-06-13T01:30:50.048+0000][1][safepoint    ] Application time: 0.0001376 seconds
[2022-06-13T01:30:50.049+0000][1][safepoint    ] Entering safepoint region: RevokeBias
[2022-06-13T01:30:50.049+0000][1][safepoint    ] Leaving safepoint region
[2022-06-13T01:30:50.049+0000][1][safepoint    ] Total time for which application threads were stopped: 0.0006285 seconds, Stopping threads took: 0.0002810 seconds
[2022-06-13T01:30:50.050+0000][1][safepoint    ] Application time: 0.0001222 seconds
[2022-06-13T01:30:50.050+0000][1][safepoint    ] Entering safepoint region: RevokeBias
[2022-06-13T01:30:50.050+0000][1][safepoint    ] Leaving safepoint region
[2022-06-13T01:30:50.050+0000][1][safepoint    ] Total time for which application threads were stopped: 0.0005842 seconds, Stopping threads took: 0.0002235 seconds
[2022-06-13T01:30:50.051+0000][1][safepoint    ] Application time: 0.0001495 seconds
[2022-06-13T01:30:50.051+0000][1][safepoint    ] Entering safepoint region: RevokeBias
[2022-06-13T01:30:50.051+0000][1][safepoint    ] Leaving safepoint region
[2022-06-13T01:30:50.052+0000][1][safepoint    ] Total time for which application threads were stopped: 0.0005009 seconds, Stopping threads took: 0.0002463 seconds
[2022-06-13T01:30:50.052+0000][1][safepoint    ] Application time: 0.0001054 seconds
[2022-06-13T01:30:50.052+0000][1][safepoint    ] Entering safepoint region: RevokeBias
[2022-06-13T01:30:50.052+0000][1][safepoint    ] Leaving safepoint region
[2022-06-13T01:30:50.053+0000][1][safepoint    ] Total time for which application threads were stopped: 0.0005468 seconds, Stopping threads took: 0.0002408 seconds
[2022-06-13T01:30:50.053+0000][1][safepoint    ] Application time: 0.0001256 seconds
[2022-06-13T01:30:50.053+0000][1][safepoint    ] Entering safepoint region: RevokeBias
[2022-06-13T01:30:50.054+0000][1][safepoint    ] Leaving safepoint region
[2022-06-13T01:30:50.054+0000][1][safepoint    ] Total time for which application threads were stopped: 0.0005576 seconds, Stopping threads took: 0.0002614 seconds
[2022-06-13T01:30:50.054+0000][1][safepoint    ] Application time: 0.0001301 seconds
[2022-06-13T01:30:50.054+0000][1][safepoint    ] Entering safepoint region: RevokeBias
[2022-06-13T01:30:50.055+0000][1][safepoint    ] Leaving safepoint region
[2022-06-13T01:30:50.055+0000][1][safepoint    ] Total time for which application threads were stopped: 0.0005331 seconds, Stopping threads took: 0.0002453 seconds
[2022-06-13T01:30:50.056+0000][1][safepoint    ] Application time: 0.0003241 seconds
[2022-06-13T01:30:50.056+0000][1][safepoint    ] Entering safepoint region: RevokeBias
[2022-06-13T01:30:50.056+0000][1][safepoint    ] Leaving safepoint region
[2022-06-13T01:30:50.057+0000][1][safepoint    ] Total time for which application threads were stopped: 0.0005339 seconds, Stopping threads took: 0.0002567 seconds
[2022-06-13T01:30:50.057+0000][1][safepoint    ] Application time: 0.0001291 seconds
[2022-06-13T01:30:50.057+0000][1][safepoint    ] Entering safepoint region: BulkRevokeBias
[2022-06-13T01:30:50.058+0000][1][safepoint    ] Leaving safepoint region
[2022-06-13T01:30:50.058+0000][1][safepoint    ] Total time for which application threads were stopped: 0.0006934 seconds, Stopping threads took: 0.0002082 seconds
[2022-06-13T01:30:50.059+0000][1][safepoint    ] Application time: 0.0004982 seconds
[2022-06-13T01:30:50.059+0000][1][safepoint    ] Entering safepoint region: RevokeBias
[2022-06-13T01:30:50.060+0000][1][safepoint    ] Leaving safepoint region
[2022-06-13T01:30:50.060+0000][1][safepoint    ] Total time for which application threads were stopped: 0.0008437 seconds, Stopping threads took: 0.0004706 seconds
[2022-06-13T01:30:50.060+0000][1][safepoint    ] Application time: 0.0001783 seconds
[2022-06-13T01:30:50.061+0000][1][safepoint    ] Entering safepoint region: RevokeBias
[2022-06-13T01:30:50.061+0000][1][safepoint    ] Leaving safepoint region
[2022-06-13T01:30:50.061+0000][1][safepoint    ] Total time for which application threads were stopped: 0.0005518 seconds, Stopping threads took: 0.0002647 seconds
[2022-06-13T01:30:50.062+0000][1][safepoint    ] Application time: 0.0004044 seconds
[2022-06-13T01:30:50.062+0000][1][safepoint    ] Entering safepoint region: RevokeBias
[2022-06-13T01:30:50.062+0000][1][safepoint    ] Leaving safepoint region
[2022-06-13T01:30:50.063+0000][1][safepoint    ] Total time for which application threads were stopped: 0.0006132 seconds, Stopping threads took: 0.0002831 seconds
[2022-06-13T01:30:50.063+0000][1][safepoint    ] Application time: 0.0001657 seconds
[2022-06-13T01:30:50.064+0000][1][safepoint    ] Entering safepoint region: RevokeBias
[2022-06-13T01:30:50.064+0000][1][safepoint    ] Leaving safepoint region
[2022-06-13T01:30:50.064+0000][1][safepoint    ] Total time for which application threads were stopped: 0.0012288 seconds, Stopping threads took: 0.0009684 seconds
[2022-06-13T01:30:50.065+0000][1][safepoint    ] Application time: 0.0001387 seconds
[2022-06-13T01:30:50.065+0000][1][safepoint    ] Entering safepoint region: RevokeBias
[2022-06-13T01:30:50.066+0000][1][safepoint    ] Leaving safepoint region
[2022-06-13T01:30:50.066+0000][1][safepoint    ] Total time for which application threads were stopped: 0.0008091 seconds, Stopping threads took: 0.0004957 seconds
[2022-06-13T01:30:50.066+0000][1][safepoint    ] Application time: 0.0001517 seconds
[2022-06-13T01:30:50.067+0000][1][safepoint    ] Entering safepoint region: RevokeBias
[2022-06-13T01:30:50.067+0000][1][safepoint    ] Leaving safepoint region
[2022-06-13T01:30:50.067+0000][1][safepoint    ] Total time for which application threads were stopped: 0.0006469 seconds, Stopping threads took: 0.0003417 seconds
[2022-06-13T01:30:50.068+0000][1][safepoint    ] Application time: 0.0004956 seconds
[2022-06-13T01:30:50.069+0000][1][safepoint    ] Entering safepoint region: RevokeBias
[2022-06-13T01:30:50.069+0000][1][safepoint    ] Leaving safepoint region
[2022-06-13T01:30:50.069+0000][1][safepoint    ] Total time for which application threads were stopped: 0.0011275 seconds, Stopping threads took: 0.0007678 seconds
[2022-06-13T01:30:50.070+0000][1][safepoint    ] Application time: 0.0004461 seconds
[2022-06-13T01:30:50.070+0000][1][safepoint    ] Entering safepoint region: RevokeBias
[2022-06-13T01:30:50.071+0000][1][safepoint    ] Leaving safepoint region
[2022-06-13T01:30:50.071+0000][1][safepoint    ] Total time for which application threads were stopped: 0.0006366 seconds, Stopping threads took: 0.0002556 seconds
[2022-06-13T01:30:50.071+0000][1][safepoint    ] Application time: 0.0002816 seconds
[2022-06-13T01:30:50.072+0000][1][safepoint    ] Entering safepoint region: RevokeBias
[2022-06-13T01:30:50.072+0000][1][safepoint    ] Leaving safepoint region
[2022-06-13T01:30:50.072+0000][1][safepoint    ] Total time for which application threads were stopped: 0.0006475 seconds, Stopping threads took: 0.0003670 seconds
[2022-06-13T01:30:50.073+0000][1][safepoint    ] Application time: 0.0005535 seconds
[2022-06-13T01:30:50.073+0000][1][safepoint    ] Entering safepoint region: RevokeBias
[2022-06-13T01:30:50.074+0000][1][safepoint    ] Leaving safepoint region
[2022-06-13T01:30:50.074+0000][1][safepoint    ] Total time for which application threads were stopped: 0.0008207 seconds, Stopping threads took: 0.0004948 seconds
[2022-06-13T01:30:50.075+0000][1][safepoint    ] Application time: 0.0006696 seconds
[2022-06-13T01:30:50.076+0000][1][safepoint    ] Entering safepoint region: RevokeBias
[2022-06-13T01:30:50.076+0000][1][safepoint    ] Leaving safepoint region
[2022-06-13T01:30:50.076+0000][1][safepoint    ] Total time for which application threads were stopped: 0.0010141 seconds, Stopping threads took: 0.0007768 seconds
[2022-06-13T01:30:50.077+0000][1][safepoint    ] Application time: 0.0002060 seconds
[2022-06-13T01:30:50.077+0000][1][safepoint    ] Entering safepoint region: RevokeBias
[2022-06-13T01:30:50.077+0000][1][safepoint    ] Leaving safepoint region
[2022-06-13T01:30:50.078+0000][1][safepoint    ] Total time for which application threads were stopped: 0.0007272 seconds, Stopping threads took: 0.0003503 seconds
[2022-06-13T01:30:50.078+0000][1][safepoint    ] Application time: 0.0002488 seconds
[2022-06-13T01:30:50.079+0000][1][safepoint    ] Entering safepoint region: RevokeBias
[2022-06-13T01:30:50.079+0000][1][safepoint    ] Leaving safepoint region
[2022-06-13T01:30:50.079+0000][1][safepoint    ] Total time for which application threads were stopped: 0.0006104 seconds, Stopping threads took: 0.0003198 seconds
[2022-06-13T01:30:50.079+0000][1][safepoint    ] Application time: 0.0001371 seconds
[2022-06-13T01:30:50.080+0000][1][safepoint    ] Entering safepoint region: RevokeBias
[2022-06-13T01:30:50.080+0000][1][safepoint    ] Leaving safepoint region
[2022-06-13T01:30:50.080+0000][1][safepoint    ] Total time for which application threads were stopped: 0.0006885 seconds, Stopping threads took: 0.0003720 seconds
[2022-06-13T01:30:50.082+0000][1][safepoint    ] Application time: 0.0009936 seconds
[2022-06-13T01:30:50.082+0000][1][safepoint    ] Entering safepoint region: RevokeBias
[2022-06-13T01:30:50.082+0000][1][safepoint    ] Leaving safepoint region
[2022-06-13T01:30:50.083+0000][1][safepoint    ] Total time for which application threads were stopped: 0.0005740 seconds, Stopping threads took: 0.0002709 seconds
[2022-06-13T01:30:50.083+0000][1][safepoint    ] Application time: 0.0003216 seconds
[2022-06-13T01:30:50.083+0000][1][safepoint    ] Entering safepoint region: RevokeBias
[2022-06-13T01:30:50.084+0000][1][safepoint    ] Leaving safepoint region
[2022-06-13T01:30:50.084+0000][1][safepoint    ] Total time for which application threads were stopped: 0.0005753 seconds, Stopping threads took: 0.0003055 seconds
[2022-06-13T01:30:50.087+0000][1][safepoint    ] Application time: 0.0026520 seconds
[2022-06-13T01:30:50.087+0000][1][safepoint    ] Entering safepoint region: RevokeBias
[2022-06-13T01:30:50.088+0000][1][safepoint    ] Leaving safepoint region
[2022-06-13T01:30:50.088+0000][1][safepoint    ] Total time for which application threads were stopped: 0.0006601 seconds, Stopping threads took: 0.0002919 seconds
[2022-06-13T01:30:50.088+0000][1][safepoint    ] Application time: 0.0002237 seconds
[2022-06-13T01:30:50.089+0000][1][safepoint    ] Entering safepoint region: RevokeBias
[2022-06-13T01:30:50.089+0000][1][safepoint    ] Leaving safepoint region
[2022-06-13T01:30:50.090+0000][1][safepoint    ] Total time for which application threads were stopped: 0.0009221 seconds, Stopping threads took: 0.0005680 seconds
[2022-06-13T01:30:50.090+0000][1][safepoint    ] Application time: 0.0001472 seconds
[2022-06-13T01:30:50.090+0000][1][safepoint    ] Entering safepoint region: RevokeBias
[2022-06-13T01:30:50.090+0000][1][safepoint    ] Leaving safepoint region
[2022-06-13T01:30:50.091+0000][1][safepoint    ] Total time for which application threads were stopped: 0.0005047 seconds, Stopping threads took: 0.0002153 seconds
[2022-06-13T01:30:50.094+0000][1][safepoint    ] Application time: 0.0030894 seconds
[2022-06-13T01:30:50.095+0000][1][safepoint    ] Entering safepoint region: RevokeBias
[2022-06-13T01:30:50.095+0000][1][safepoint    ] Leaving safepoint region
[2022-06-13T01:30:50.095+0000][1][safepoint    ] Total time for which application threads were stopped: 0.0012577 seconds, Stopping threads took: 0.0009636 seconds
[2022-06-13T01:30:50.096+0000][1][safepoint    ] Application time: 0.0001324 seconds
[2022-06-13T01:30:50.097+0000][1][safepoint    ] Entering safepoint region: RevokeBias
[2022-06-13T01:30:50.097+0000][1][safepoint    ] Leaving safepoint region
[2022-06-13T01:30:50.097+0000][1][safepoint    ] Total time for which application threads were stopped: 0.0012269 seconds, Stopping threads took: 0.0009533 seconds
[2022-06-13T01:30:50.098+0000][1][safepoint    ] Application time: 0.0004757 seconds
[2022-06-13T01:30:50.098+0000][1][safepoint    ] Entering safepoint region: RevokeBias
[2022-06-13T01:30:50.099+0000][1][safepoint    ] Leaving safepoint region
[2022-06-13T01:30:50.099+0000][1][safepoint    ] Total time for which application threads were stopped: 0.0008021 seconds, Stopping threads took: 0.0003271 seconds
[2022-06-13T01:30:50.144+0000][1][safepoint    ] Application time: 0.0440952 seconds
[2022-06-13T01:30:50.144+0000][1][safepoint    ] Entering safepoint region: GenCollectForAllocation
[2022-06-13T01:30:50.145+0000][1][gc,start     ] GC(19) Pause Young (Allocation Failure)
[2022-06-13T01:30:50.145+0000][1][gc,task      ] GC(19) Using 5 workers of 13 for evacuation
[2022-06-13T01:30:50.152+0000][1][gc,age       ] GC(19) Desired survivor size 4456448 bytes, new threshold 2 (max threshold 6)
[2022-06-13T01:30:50.152+0000][1][gc,age       ] GC(19) Age table with threshold 2 (max threshold 6)
[2022-06-13T01:30:50.152+0000][1][gc,age       ] GC(19) - age   1:    2854904 bytes,    2854904 total
[2022-06-13T01:30:50.153+0000][1][gc,age       ] GC(19) - age   2:    3977568 bytes,    6832472 total
[2022-06-13T01:30:50.153+0000][1][gc,age       ] GC(19) - age   3:     272920 bytes,    7105392 total
[2022-06-13T01:30:50.153+0000][1][gc,heap      ] GC(19) ParNew: 75452K->8682K(78656K)
[2022-06-13T01:30:50.154+0000][1][gc,heap      ] GC(19) CMS: 55635K->55635K(174784K)
[2022-06-13T01:30:50.154+0000][1][gc,metaspace ] GC(19) Metaspace: 47525K->47525K(1093632K)
[2022-06-13T01:30:50.154+0000][1][gc           ] GC(19) Pause Young (Allocation Failure) 128M->62M(247M) 9.448ms
[2022-06-13T01:30:50.154+0000][1][gc,cpu       ] GC(19) User=0.04s Sys=0.00s Real=0.01s
[2022-06-13T01:30:50.155+0000][1][safepoint    ] Leaving safepoint region
[2022-06-13T01:30:50.155+0000][1][safepoint    ] Total time for which application threads were stopped: 0.0104296 seconds, Stopping threads took: 0.0002404 seconds
[2022-06-13T01:30:50.877+0000][1][safepoint    ] Application time: 0.7222124 seconds
[2022-06-13T01:30:50.878+0000][1][safepoint    ] Entering safepoint region: BulkRevokeBias
[2022-06-13T01:30:50.880+0000][1][safepoint    ] Leaving safepoint region
[2022-06-13T01:30:50.880+0000][1][safepoint    ] Total time for which application threads were stopped: 0.0018705 seconds, Stopping threads took: 0.0010983 seconds
[2022-06-13T01:30:50.882+0000][1][safepoint    ] Application time: 0.0016793 seconds
[2022-06-13T01:30:50.883+0000][1][safepoint    ] Entering safepoint region: RevokeBias
[2022-06-13T01:30:50.883+0000][1][safepoint    ] Leaving safepoint region
[2022-06-13T01:30:50.883+0000][1][safepoint    ] Total time for which application threads were stopped: 0.0006813 seconds, Stopping threads took: 0.0003467 seconds
[2022-06-13T01:30:51.038+0000][1][safepoint    ] Application time: 0.1541911 seconds
[2022-06-13T01:30:51.039+0000][1][safepoint    ] Entering safepoint region: GenCollectForAllocation
[2022-06-13T01:30:51.040+0000][1][gc,start     ] GC(20) Pause Young (Allocation Failure)
[2022-06-13T01:30:51.040+0000][1][gc,task      ] GC(20) Using 5 workers of 13 for evacuation
[2022-06-13T01:30:51.053+0000][1][gc,age       ] GC(20) Desired survivor size 4456448 bytes, new threshold 6 (max threshold 6)
[2022-06-13T01:30:51.054+0000][1][gc,age       ] GC(20) Age table with threshold 6 (max threshold 6)
[2022-06-13T01:30:51.054+0000][1][gc,age       ] GC(20) - age   1:    1561160 bytes,    1561160 total
[2022-06-13T01:30:51.055+0000][1][gc,age       ] GC(20) - age   2:    2806400 bytes,    4367560 total
[2022-06-13T01:30:51.055+0000][1][gc,heap      ] GC(20) ParNew: 78634K->6108K(78656K)
[2022-06-13T01:30:51.056+0000][1][gc,heap      ] GC(20) CMS: 55635K->59933K(174784K)
[2022-06-13T01:30:51.056+0000][1][gc,metaspace ] GC(20) Metaspace: 54301K->54301K(1099776K)
[2022-06-13T01:30:51.057+0000][1][gc           ] GC(20) Pause Young (Allocation Failure) 131M->64M(247M) 17.277ms
[2022-06-13T01:30:51.057+0000][1][gc,cpu       ] GC(20) User=0.06s Sys=0.01s Real=0.01s
[2022-06-13T01:30:51.058+0000][1][safepoint    ] Leaving safepoint region
[2022-06-13T01:30:51.058+0000][1][safepoint    ] Total time for which application threads were stopped: 0.0196471 seconds, Stopping threads took: 0.0003906 seconds
[2022-06-13T01:30:51.060+0000][1][safepoint    ] Application time: 0.0016799 seconds
[2022-06-13T01:30:51.061+0000][1][safepoint    ] Entering safepoint region: RevokeBias
[2022-06-13T01:30:51.062+0000][1][safepoint    ] Leaving safepoint region
[2022-06-13T01:30:51.062+0000][1][safepoint    ] Total time for which application threads were stopped: 0.0009468 seconds, Stopping threads took: 0.0004308 seconds
[2022-06-13T01:30:51.235+0000][1][safepoint    ] Application time: 0.1726226 seconds
[2022-06-13T01:30:51.236+0000][1][safepoint    ] Entering safepoint region: RevokeBias
[2022-06-13T01:30:51.237+0000][1][safepoint    ] Leaving safepoint region
[2022-06-13T01:30:51.237+0000][1][safepoint    ] Total time for which application threads were stopped: 0.0016732 seconds, Stopping threads took: 0.0005737 seconds
[2022-06-13T01:30:51.300+0000][1][safepoint    ] Application time: 0.0622033 seconds
[2022-06-13T01:30:51.301+0000][1][safepoint    ] Entering safepoint region: Deoptimize
[2022-06-13T01:30:51.302+0000][1][safepoint    ] Leaving safepoint region
[2022-06-13T01:30:51.302+0000][1][safepoint    ] Total time for which application threads were stopped: 0.0013892 seconds, Stopping threads took: 0.0003770 seconds
[2022-06-13T01:30:51.350+0000][1][safepoint    ] Application time: 0.0468706 seconds
[2022-06-13T01:30:51.350+0000][1][safepoint    ] Entering safepoint region: RevokeBias
[2022-06-13T01:30:51.350+0000][1][safepoint    ] Leaving safepoint region
[2022-06-13T01:30:51.351+0000][1][safepoint    ] Total time for which application threads were stopped: 0.0009394 seconds, Stopping threads took: 0.0002413 seconds
[2022-06-13T01:30:51.352+0000][1][safepoint    ] Application time: 0.0002426 seconds
[2022-06-13T01:30:51.352+0000][1][safepoint    ] Entering safepoint region: RevokeBias
[2022-06-13T01:30:51.353+0000][1][safepoint    ] Leaving safepoint region
[2022-06-13T01:30:51.353+0000][1][safepoint    ] Total time for which application threads were stopped: 0.0009221 seconds, Stopping threads took: 0.0005443 seconds
[2022-06-13T01:30:51.354+0000][1][safepoint    ] Application time: 0.0003345 seconds
[2022-06-13T01:30:51.354+0000][1][safepoint    ] Entering safepoint region: RevokeBias
[2022-06-13T01:30:51.354+0000][1][safepoint    ] Leaving safepoint region
[2022-06-13T01:30:51.355+0000][1][safepoint    ] Total time for which application threads were stopped: 0.0007782 seconds, Stopping threads took: 0.0002227 seconds
[2022-06-13T01:30:51.359+0000][1][safepoint    ] Application time: 0.0037778 seconds
[2022-06-13T01:30:51.359+0000][1][safepoint    ] Entering safepoint region: RevokeBias
[2022-06-13T01:30:51.360+0000][1][safepoint    ] Leaving safepoint region
[2022-06-13T01:30:51.360+0000][1][safepoint    ] Total time for which application threads were stopped: 0.0006295 seconds, Stopping threads took: 0.0003159 seconds
[2022-06-13T01:30:51.655+0000][1][safepoint    ] Application time: 0.2943738 seconds
[2022-06-13T01:30:51.655+0000][1][safepoint    ] Entering safepoint region: Deoptimize
[2022-06-13T01:30:51.658+0000][1][safepoint    ] Leaving safepoint region
[2022-06-13T01:30:51.658+0000][1][safepoint    ] Total time for which application threads were stopped: 0.0031882 seconds, Stopping threads took: 0.0004175 seconds
[2022-06-13T01:30:51.886+0000][1][safepoint    ] Application time: 0.2270375 seconds
[2022-06-13T01:30:51.886+0000][1][safepoint    ] Entering safepoint region: RevokeBias
[2022-06-13T01:30:51.887+0000][1][safepoint    ] Leaving safepoint region
[2022-06-13T01:30:51.887+0000][1][safepoint    ] Total time for which application threads were stopped: 0.0009948 seconds, Stopping threads took: 0.0005407 seconds
[2022-06-13T01:30:51.888+0000][1][safepoint    ] Application time: 0.0003032 seconds
[2022-06-13T01:30:51.888+0000][1][safepoint    ] Entering safepoint region: RevokeBias
[2022-06-13T01:30:51.889+0000][1][safepoint    ] Leaving safepoint region
[2022-06-13T01:30:51.889+0000][1][safepoint    ] Total time for which application threads were stopped: 0.0009821 seconds, Stopping threads took: 0.0004312 seconds
[2022-06-13T01:30:51.890+0000][1][safepoint    ] Application time: 0.0001746 seconds
[2022-06-13T01:30:51.890+0000][1][safepoint    ] Entering safepoint region: RevokeBias
[2022-06-13T01:30:51.891+0000][1][safepoint    ] Leaving safepoint region
[2022-06-13T01:30:51.891+0000][1][safepoint    ] Total time for which application threads were stopped: 0.0007802 seconds, Stopping threads took: 0.0004927 seconds
[2022-06-13T01:30:52.087+0000][1][safepoint    ] Application time: 0.1958176 seconds
[2022-06-13T01:30:52.087+0000][1][safepoint    ] Entering safepoint region: RevokeBias
[2022-06-13T01:30:52.088+0000][1][safepoint    ] Leaving safepoint region
[2022-06-13T01:30:52.088+0000][1][safepoint    ] Total time for which application threads were stopped: 0.0007701 seconds, Stopping threads took: 0.0004803 seconds
[2022-06-13T01:30:52.088+0000][1][safepoint    ] Application time: 0.0001788 seconds
[2022-06-13T01:30:52.089+0000][1][safepoint    ] Entering safepoint region: RevokeBias
[2022-06-13T01:30:52.089+0000][1][safepoint    ] Leaving safepoint region
[2022-06-13T01:30:52.089+0000][1][safepoint    ] Total time for which application threads were stopped: 0.0005176 seconds, Stopping threads took: 0.0002543 seconds
[2022-06-13T01:30:52.090+0000][1][safepoint    ] Application time: 0.0001489 seconds
[2022-06-13T01:30:52.090+0000][1][safepoint    ] Entering safepoint region: RevokeBias
[2022-06-13T01:30:52.091+0000][1][safepoint    ] Leaving safepoint region
[2022-06-13T01:30:52.091+0000][1][safepoint    ] Total time for which application threads were stopped: 0.0010977 seconds, Stopping threads took: 0.0006804 seconds
[2022-06-13T01:30:52.092+0000][1][safepoint    ] Application time: 0.0002335 seconds
[2022-06-13T01:30:52.092+0000][1][safepoint    ] Entering safepoint region: RevokeBias
[2022-06-13T01:30:52.092+0000][1][safepoint    ] Leaving safepoint region
[2022-06-13T01:30:52.093+0000][1][safepoint    ] Total time for which application threads were stopped: 0.0004686 seconds, Stopping threads took: 0.0002094 seconds
[2022-06-13T01:30:52.093+0000][1][safepoint    ] Application time: 0.0002476 seconds
[2022-06-13T01:30:52.093+0000][1][safepoint    ] Entering safepoint region: RevokeBias
[2022-06-13T01:30:52.094+0000][1][safepoint    ] Leaving safepoint region
[2022-06-13T01:30:52.094+0000][1][safepoint    ] Total time for which application threads were stopped: 0.0005669 seconds, Stopping threads took: 0.0002655 seconds
[2022-06-13T01:30:52.095+0000][1][safepoint    ] Application time: 0.0002360 seconds
[2022-06-13T01:30:52.095+0000][1][safepoint    ] Entering safepoint region: RevokeBias
[2022-06-13T01:30:52.095+0000][1][safepoint    ] Leaving safepoint region
[2022-06-13T01:30:52.095+0000][1][safepoint    ] Total time for which application threads were stopped: 0.0005595 seconds, Stopping threads took: 0.0002686 seconds
[2022-06-13T01:30:52.096+0000][1][safepoint    ] Application time: 0.0002971 seconds
[2022-06-13T01:30:52.096+0000][1][safepoint    ] Entering safepoint region: RevokeBias
[2022-06-13T01:30:52.097+0000][1][safepoint    ] Leaving safepoint region
[2022-06-13T01:30:52.097+0000][1][safepoint    ] Total time for which application threads were stopped: 0.0007002 seconds, Stopping threads took: 0.0002798 seconds
[2022-06-13T01:30:52.098+0000][1][safepoint    ] Application time: 0.0003778 seconds
[2022-06-13T01:30:52.098+0000][1][safepoint    ] Entering safepoint region: RevokeBias
[2022-06-13T01:30:52.098+0000][1][safepoint    ] Leaving safepoint region
[2022-06-13T01:30:52.099+0000][1][safepoint    ] Total time for which application threads were stopped: 0.0006007 seconds, Stopping threads took: 0.0003038 seconds
[2022-06-13T01:30:52.099+0000][1][safepoint    ] Application time: 0.0001579 seconds
[2022-06-13T01:30:52.100+0000][1][safepoint    ] Entering safepoint region: RevokeBias
[2022-06-13T01:30:52.100+0000][1][safepoint    ] Leaving safepoint region
[2022-06-13T01:30:52.100+0000][1][safepoint    ] Total time for which application threads were stopped: 0.0005636 seconds, Stopping threads took: 0.0002593 seconds
[2022-06-13T01:30:52.101+0000][1][safepoint    ] Application time: 0.0003792 seconds
[2022-06-13T01:30:52.101+0000][1][safepoint    ] Entering safepoint region: RevokeBias
[2022-06-13T01:30:52.102+0000][1][safepoint    ] Leaving safepoint region
[2022-06-13T01:30:52.102+0000][1][safepoint    ] Total time for which application threads were stopped: 0.0008459 seconds, Stopping threads took: 0.0004713 seconds
[2022-06-13T01:30:52.103+0000][1][safepoint    ] Application time: 0.0002315 seconds
[2022-06-13T01:30:52.103+0000][1][safepoint    ] Entering safepoint region: RevokeBias
[2022-06-13T01:30:52.103+0000][1][safepoint    ] Leaving safepoint region
[2022-06-13T01:30:52.104+0000][1][safepoint    ] Total time for which application threads were stopped: 0.0007185 seconds, Stopping threads took: 0.0003452 seconds
[2022-06-13T01:30:52.208+0000][1][safepoint    ] Application time: 0.1036030 seconds
[2022-06-13T01:30:52.208+0000][1][safepoint    ] Entering safepoint region: RevokeBias
[2022-06-13T01:30:52.209+0000][1][safepoint    ] Leaving safepoint region
[2022-06-13T01:30:52.209+0000][1][safepoint    ] Total time for which application threads were stopped: 0.0006546 seconds, Stopping threads took: 0.0003085 seconds
[2022-06-13T01:30:52.366+0000][1][safepoint    ] Application time: 0.1567869 seconds
[2022-06-13T01:30:52.366+0000][1][safepoint    ] Entering safepoint region: GenCollectForAllocation
[2022-06-13T01:30:52.367+0000][1][gc,start     ] GC(21) Pause Young (Allocation Failure)
[2022-06-13T01:30:52.367+0000][1][gc,task      ] GC(21) Using 5 workers of 13 for evacuation
[2022-06-13T01:30:52.376+0000][1][gc,age       ] GC(21) Desired survivor size 4456448 bytes, new threshold 2 (max threshold 6)
[2022-06-13T01:30:52.376+0000][1][gc,age       ] GC(21) Age table with threshold 2 (max threshold 6)
[2022-06-13T01:30:52.376+0000][1][gc,age       ] GC(21) - age   1:    3774392 bytes,    3774392 total
[2022-06-13T01:30:52.377+0000][1][gc,age       ] GC(21) - age   2:    1476648 bytes,    5251040 total
[2022-06-13T01:30:52.378+0000][1][gc,age       ] GC(21) - age   3:    2787392 bytes,    8038432 total
[2022-06-13T01:30:52.378+0000][1][gc,heap      ] GC(21) ParNew: 76060K->8704K(78656K)
[2022-06-13T01:30:52.378+0000][1][gc,heap      ] GC(21) CMS: 59933K->60272K(174784K)
[2022-06-13T01:30:52.379+0000][1][gc,metaspace ] GC(21) Metaspace: 62478K->62478K(1105920K)
[2022-06-13T01:30:52.379+0000][1][gc           ] GC(21) Pause Young (Allocation Failure) 132M->67M(247M) 12.327ms
[2022-06-13T01:30:52.379+0000][1][gc,cpu       ] GC(21) User=0.06s Sys=0.01s Real=0.02s
[2022-06-13T01:30:52.380+0000][1][safepoint    ] Leaving safepoint region
[2022-06-13T01:30:52.380+0000][1][safepoint    ] Total time for which application threads were stopped: 0.0136844 seconds, Stopping threads took: 0.0005102 seconds
[2022-06-13T01:30:52.417+0000][1][safepoint    ] Application time: 0.0370963 seconds
[2022-06-13T01:30:52.418+0000][1][safepoint    ] Entering safepoint region: Deoptimize
[2022-06-13T01:30:52.419+0000][1][safepoint    ] Leaving safepoint region
[2022-06-13T01:30:52.420+0000][1][safepoint    ] Total time for which application threads were stopped: 0.0018747 seconds, Stopping threads took: 0.0005652 seconds
[2022-06-13T01:30:52.429+0000][1][safepoint    ] Application time: 0.0089809 seconds
[2022-06-13T01:30:52.430+0000][1][safepoint    ] Entering safepoint region: BulkRevokeBias
[2022-06-13T01:30:52.431+0000][1][safepoint    ] Leaving safepoint region
[2022-06-13T01:30:52.431+0000][1][safepoint    ] Total time for which application threads were stopped: 0.0013157 seconds, Stopping threads took: 0.0006678 seconds
[2022-06-13T01:30:52.434+0000][1][safepoint    ] Application time: 0.0024568 seconds
[2022-06-13T01:30:52.435+0000][1][safepoint    ] Entering safepoint region: RevokeBias
[2022-06-13T01:30:52.435+0000][1][safepoint    ] Leaving safepoint region
[2022-06-13T01:30:52.436+0000][1][safepoint    ] Total time for which application threads were stopped: 0.0012681 seconds, Stopping threads took: 0.0006355 seconds
[2022-06-13T01:30:52.437+0000][1][safepoint    ] Application time: 0.0008651 seconds
[2022-06-13T01:30:52.438+0000][1][safepoint    ] Entering safepoint region: RevokeBias
[2022-06-13T01:30:52.438+0000][1][safepoint    ] Leaving safepoint region
[2022-06-13T01:30:52.439+0000][1][safepoint    ] Total time for which application threads were stopped: 0.0012687 seconds, Stopping threads took: 0.0005106 seconds
[2022-06-13T01:30:52.440+0000][1][safepoint    ] Application time: 0.0003044 seconds
[2022-06-13T01:30:52.441+0000][1][safepoint    ] Entering safepoint region: RevokeBias
[2022-06-13T01:30:52.441+0000][1][safepoint    ] Leaving safepoint region
[2022-06-13T01:30:52.442+0000][1][safepoint    ] Total time for which application threads were stopped: 0.0011667 seconds, Stopping threads took: 0.0005980 seconds
[2022-06-13T01:30:52.443+0000][1][safepoint    ] Application time: 0.0002543 seconds
[2022-06-13T01:30:52.443+0000][1][safepoint    ] Entering safepoint region: RevokeBias
[2022-06-13T01:30:52.443+0000][1][safepoint    ] Leaving safepoint region
[2022-06-13T01:30:52.444+0000][1][safepoint    ] Total time for which application threads were stopped: 0.0009034 seconds, Stopping threads took: 0.0003320 seconds
[2022-06-13T01:30:52.445+0000][1][safepoint    ] Application time: 0.0003185 seconds
[2022-06-13T01:30:52.445+0000][1][safepoint    ] Entering safepoint region: RevokeBias
[2022-06-13T01:30:52.445+0000][1][safepoint    ] Leaving safepoint region
[2022-06-13T01:30:52.446+0000][1][safepoint    ] Total time for which application threads were stopped: 0.0008700 seconds, Stopping threads took: 0.0004747 seconds
[2022-06-13T01:30:52.447+0000][1][safepoint    ] Application time: 0.0004740 seconds
[2022-06-13T01:30:52.447+0000][1][safepoint    ] Entering safepoint region: RevokeBias
[2022-06-13T01:30:52.447+0000][1][safepoint    ] Leaving safepoint region
[2022-06-13T01:30:52.448+0000][1][safepoint    ] Total time for which application threads were stopped: 0.0007142 seconds, Stopping threads took: 0.0002773 seconds
[2022-06-13T01:30:52.448+0000][1][safepoint    ] Application time: 0.0004527 seconds
[2022-06-13T01:30:52.449+0000][1][safepoint    ] Entering safepoint region: RevokeBias
[2022-06-13T01:30:52.449+0000][1][safepoint    ] Leaving safepoint region
[2022-06-13T01:30:52.449+0000][1][safepoint    ] Total time for which application threads were stopped: 0.0006878 seconds, Stopping threads took: 0.0003378 seconds
[2022-06-13T01:30:52.450+0000][1][safepoint    ] Application time: 0.0001688 seconds
[2022-06-13T01:30:52.450+0000][1][safepoint    ] Entering safepoint region: RevokeBias
[2022-06-13T01:30:52.451+0000][1][safepoint    ] Leaving safepoint region
[2022-06-13T01:30:52.451+0000][1][safepoint    ] Total time for which application threads were stopped: 0.0009641 seconds, Stopping threads took: 0.0005567 seconds
[2022-06-13T01:30:52.454+0000][1][safepoint    ] Application time: 0.0020534 seconds
[2022-06-13T01:30:52.455+0000][1][safepoint    ] Entering safepoint region: RevokeBias
[2022-06-13T01:30:52.455+0000][1][safepoint    ] Leaving safepoint region
[2022-06-13T01:30:52.456+0000][1][safepoint    ] Total time for which application threads were stopped: 0.0010112 seconds, Stopping threads took: 0.0004393 seconds
[2022-06-13T01:30:52.457+0000][1][safepoint    ] Application time: 0.0003860 seconds
[2022-06-13T01:30:52.457+0000][1][safepoint    ] Entering safepoint region: RevokeBias
[2022-06-13T01:30:52.458+0000][1][safepoint    ] Leaving safepoint region
[2022-06-13T01:30:52.458+0000][1][safepoint    ] Total time for which application threads were stopped: 0.0008760 seconds, Stopping threads took: 0.0005298 seconds
[2022-06-13T01:30:52.462+0000][1][safepoint    ] Application time: 0.0032918 seconds
[2022-06-13T01:30:52.462+0000][1][safepoint    ] Entering safepoint region: RevokeBias
[2022-06-13T01:30:52.463+0000][1][safepoint    ] Leaving safepoint region
[2022-06-13T01:30:52.463+0000][1][safepoint    ] Total time for which application threads were stopped: 0.0009729 seconds, Stopping threads took: 0.0004785 seconds
[2022-06-13T01:30:52.464+0000][1][safepoint    ] Application time: 0.0008736 seconds
[2022-06-13T01:30:52.465+0000][1][safepoint    ] Entering safepoint region: Deoptimize
[2022-06-13T01:30:52.466+0000][1][safepoint    ] Leaving safepoint region
[2022-06-13T01:30:52.466+0000][1][safepoint    ] Total time for which application threads were stopped: 0.0015849 seconds, Stopping threads took: 0.0004268 seconds
[2022-06-13T01:30:52.468+0000][1][safepoint    ] Application time: 0.0008990 seconds
[2022-06-13T01:30:52.468+0000][1][safepoint    ] Entering safepoint region: RevokeBias
[2022-06-13T01:30:52.468+0000][1][safepoint    ] Leaving safepoint region
[2022-06-13T01:30:52.468+0000][1][safepoint    ] Total time for which application threads were stopped: 0.0004519 seconds, Stopping threads took: 0.0002453 seconds
[2022-06-13T01:30:52.471+0000][1][safepoint    ] Application time: 0.0019495 seconds
[2022-06-13T01:30:52.471+0000][1][safepoint    ] Entering safepoint region: RevokeBias
[2022-06-13T01:30:52.471+0000][1][safepoint    ] Leaving safepoint region
[2022-06-13T01:30:52.472+0000][1][safepoint    ] Total time for which application threads were stopped: 0.0010673 seconds, Stopping threads took: 0.0003697 seconds
[2022-06-13T01:30:52.473+0000][1][safepoint    ] Application time: 0.0002337 seconds
[2022-06-13T01:30:52.473+0000][1][safepoint    ] Entering safepoint region: RevokeBias
[2022-06-13T01:30:52.474+0000][1][safepoint    ] Leaving safepoint region
[2022-06-13T01:30:52.474+0000][1][safepoint    ] Total time for which application threads were stopped: 0.0008471 seconds, Stopping threads took: 0.0005103 seconds
[2022-06-13T01:30:52.475+0000][1][safepoint    ] Application time: 0.0003342 seconds
[2022-06-13T01:30:52.475+0000][1][safepoint    ] Entering safepoint region: RevokeBias
[2022-06-13T01:30:52.475+0000][1][safepoint    ] Leaving safepoint region
[2022-06-13T01:30:52.476+0000][1][safepoint    ] Total time for which application threads were stopped: 0.0008634 seconds, Stopping threads took: 0.0004958 seconds
[2022-06-13T01:30:52.476+0000][1][safepoint    ] Application time: 0.0003376 seconds
[2022-06-13T01:30:52.477+0000][1][safepoint    ] Entering safepoint region: RevokeBias
[2022-06-13T01:30:52.477+0000][1][safepoint    ] Leaving safepoint region
[2022-06-13T01:30:52.477+0000][1][safepoint    ] Total time for which application threads were stopped: 0.0007253 seconds, Stopping threads took: 0.0002597 seconds
[2022-06-13T01:30:52.478+0000][1][safepoint    ] Application time: 0.0001794 seconds
[2022-06-13T01:30:52.478+0000][1][safepoint    ] Entering safepoint region: RevokeBias
[2022-06-13T01:30:52.478+0000][1][safepoint    ] Leaving safepoint region
[2022-06-13T01:30:52.479+0000][1][safepoint    ] Total time for which application threads were stopped: 0.0006862 seconds, Stopping threads took: 0.0003037 seconds
[2022-06-13T01:30:52.554+0000][1][safepoint    ] Application time: 0.0749869 seconds
[2022-06-13T01:30:52.554+0000][1][safepoint    ] Entering safepoint region: RevokeBias
[2022-06-13T01:30:52.555+0000][1][safepoint    ] Leaving safepoint region
[2022-06-13T01:30:52.555+0000][1][safepoint    ] Total time for which application threads were stopped: 0.0008412 seconds, Stopping threads took: 0.0004382 seconds
[2022-06-13T01:30:52.557+0000][1][safepoint    ] Application time: 0.0010702 seconds
[2022-06-13T01:30:52.557+0000][1][safepoint    ] Entering safepoint region: RevokeBias
[2022-06-13T01:30:52.557+0000][1][safepoint    ] Leaving safepoint region
[2022-06-13T01:30:52.558+0000][1][safepoint    ] Total time for which application threads were stopped: 0.0006897 seconds, Stopping threads took: 0.0003538 seconds
[2022-06-13T01:30:52.560+0000][1][safepoint    ] Application time: 0.0022066 seconds
[2022-06-13T01:30:52.560+0000][1][safepoint    ] Entering safepoint region: RevokeBias
[2022-06-13T01:30:52.561+0000][1][safepoint    ] Leaving safepoint region
[2022-06-13T01:30:52.561+0000][1][safepoint    ] Total time for which application threads were stopped: 0.0006989 seconds, Stopping threads took: 0.0003028 seconds
[2022-06-13T01:30:52.562+0000][1][safepoint    ] Application time: 0.0004352 seconds
[2022-06-13T01:30:52.562+0000][1][safepoint    ] Entering safepoint region: RevokeBias
[2022-06-13T01:30:52.562+0000][1][safepoint    ] Leaving safepoint region
[2022-06-13T01:30:52.563+0000][1][safepoint    ] Total time for which application threads were stopped: 0.0006887 seconds, Stopping threads took: 0.0003179 seconds
[2022-06-13T01:30:52.563+0000][1][safepoint    ] Application time: 0.0002066 seconds
[2022-06-13T01:30:52.564+0000][1][safepoint    ] Entering safepoint region: RevokeBias
[2022-06-13T01:30:52.564+0000][1][safepoint    ] Leaving safepoint region
[2022-06-13T01:30:52.564+0000][1][safepoint    ] Total time for which application threads were stopped: 0.0006800 seconds, Stopping threads took: 0.0003639 seconds
[2022-06-13T01:30:52.566+0000][1][safepoint    ] Application time: 0.0012549 seconds
[2022-06-13T01:30:52.567+0000][1][safepoint    ] Entering safepoint region: RevokeBias
[2022-06-13T01:30:52.567+0000][1][safepoint    ] Leaving safepoint region
[2022-06-13T01:30:52.567+0000][1][safepoint    ] Total time for which application threads were stopped: 0.0008128 seconds, Stopping threads took: 0.0004487 seconds
[2022-06-13T01:30:52.568+0000][1][safepoint    ] Application time: 0.0002398 seconds
[2022-06-13T01:30:52.568+0000][1][safepoint    ] Entering safepoint region: RevokeBias
[2022-06-13T01:30:52.569+0000][1][safepoint    ] Leaving safepoint region
[2022-06-13T01:30:52.569+0000][1][safepoint    ] Total time for which application threads were stopped: 0.0009799 seconds, Stopping threads took: 0.0007051 seconds
[2022-06-13T01:30:52.570+0000][1][safepoint    ] Application time: 0.0003048 seconds
[2022-06-13T01:30:52.570+0000][1][safepoint    ] Entering safepoint region: RevokeBias
[2022-06-13T01:30:52.570+0000][1][safepoint    ] Leaving safepoint region
[2022-06-13T01:30:52.571+0000][1][safepoint    ] Total time for which application threads were stopped: 0.0005116 seconds, Stopping threads took: 0.0002189 seconds
[2022-06-13T01:30:52.571+0000][1][safepoint    ] Application time: 0.0006620 seconds
[2022-06-13T01:30:52.572+0000][1][safepoint    ] Entering safepoint region: RevokeBias
[2022-06-13T01:30:52.572+0000][1][safepoint    ] Leaving safepoint region
[2022-06-13T01:30:52.573+0000][1][safepoint    ] Total time for which application threads were stopped: 0.0006943 seconds, Stopping threads took: 0.0003800 seconds
[2022-06-13T01:30:52.573+0000][1][safepoint    ] Application time: 0.0001817 seconds
[2022-06-13T01:30:52.573+0000][1][safepoint    ] Entering safepoint region: BulkRevokeBias
[2022-06-13T01:30:52.574+0000][1][safepoint    ] Leaving safepoint region
[2022-06-13T01:30:52.574+0000][1][safepoint    ] Total time for which application threads were stopped: 0.0008602 seconds, Stopping threads took: 0.0003134 seconds
[2022-06-13T01:30:52.576+0000][1][safepoint    ] Application time: 0.0011573 seconds
[2022-06-13T01:30:52.576+0000][1][safepoint    ] Entering safepoint region: RevokeBias
[2022-06-13T01:30:52.576+0000][1][safepoint    ] Leaving safepoint region
[2022-06-13T01:30:52.577+0000][1][safepoint    ] Total time for which application threads were stopped: 0.0006679 seconds, Stopping threads took: 0.0003179 seconds
[2022-06-13T01:30:52.577+0000][1][safepoint    ] Application time: 0.0002570 seconds
[2022-06-13T01:30:52.577+0000][1][safepoint    ] Entering safepoint region: RevokeBias
[2022-06-13T01:30:52.578+0000][1][safepoint    ] Leaving safepoint region
[2022-06-13T01:30:52.578+0000][1][safepoint    ] Total time for which application threads were stopped: 0.0005494 seconds, Stopping threads took: 0.0002728 seconds
[2022-06-13T01:30:52.579+0000][1][safepoint    ] Application time: 0.0005405 seconds
[2022-06-13T01:30:52.579+0000][1][safepoint    ] Entering safepoint region: RevokeBias
[2022-06-13T01:30:52.580+0000][1][safepoint    ] Leaving safepoint region
[2022-06-13T01:30:52.580+0000][1][safepoint    ] Total time for which application threads were stopped: 0.0007712 seconds, Stopping threads took: 0.0003643 seconds
[2022-06-13T01:30:52.581+0000][1][safepoint    ] Application time: 0.0008993 seconds
[2022-06-13T01:30:52.582+0000][1][safepoint    ] Entering safepoint region: RevokeBias
[2022-06-13T01:30:52.582+0000][1][safepoint    ] Leaving safepoint region
[2022-06-13T01:30:52.582+0000][1][safepoint    ] Total time for which application threads were stopped: 0.0007939 seconds, Stopping threads took: 0.0004586 seconds
[2022-06-13T01:30:52.585+0000][1][safepoint    ] Application time: 0.0026000 seconds
[2022-06-13T01:30:52.585+0000][1][safepoint    ] Entering safepoint region: RevokeBias
[2022-06-13T01:30:52.586+0000][1][safepoint    ] Leaving safepoint region
[2022-06-13T01:30:52.586+0000][1][safepoint    ] Total time for which application threads were stopped: 0.0006438 seconds, Stopping threads took: 0.0002873 seconds
[2022-06-13T01:30:52.587+0000][1][safepoint    ] Application time: 0.0006883 seconds
[2022-06-13T01:30:52.588+0000][1][safepoint    ] Entering safepoint region: RevokeBias
[2022-06-13T01:30:52.588+0000][1][safepoint    ] Leaving safepoint region
[2022-06-13T01:30:52.588+0000][1][safepoint    ] Total time for which application threads were stopped: 0.0005328 seconds, Stopping threads took: 0.0002692 seconds
[2022-06-13T01:30:52.589+0000][1][safepoint    ] Application time: 0.0006301 seconds
[2022-06-13T01:30:52.590+0000][1][safepoint    ] Entering safepoint region: RevokeBias
[2022-06-13T01:30:52.590+0000][1][safepoint    ] Leaving safepoint region
[2022-06-13T01:30:52.590+0000][1][safepoint    ] Total time for which application threads were stopped: 0.0006430 seconds, Stopping threads took: 0.0003264 seconds
[2022-06-13T01:30:52.591+0000][1][safepoint    ] Application time: 0.0001606 seconds
[2022-06-13T01:30:52.591+0000][1][safepoint    ] Entering safepoint region: RevokeBias
[2022-06-13T01:30:52.591+0000][1][safepoint    ] Leaving safepoint region
[2022-06-13T01:30:52.591+0000][1][safepoint    ] Total time for which application threads were stopped: 0.0006781 seconds, Stopping threads took: 0.0004451 seconds
[2022-06-13T01:30:52.592+0000][1][safepoint    ] Application time: 0.0001133 seconds
[2022-06-13T01:30:52.592+0000][1][safepoint    ] Entering safepoint region: RevokeBias
[2022-06-13T01:30:52.592+0000][1][safepoint    ] Leaving safepoint region
[2022-06-13T01:30:52.592+0000][1][safepoint    ] Total time for which application threads were stopped: 0.0004945 seconds, Stopping threads took: 0.0001829 seconds
[2022-06-13T01:30:52.593+0000][1][safepoint    ] Application time: 0.0009030 seconds
[2022-06-13T01:30:52.594+0000][1][safepoint    ] Entering safepoint region: RevokeBias
[2022-06-13T01:30:52.594+0000][1][safepoint    ] Leaving safepoint region
[2022-06-13T01:30:52.594+0000][1][safepoint    ] Total time for which application threads were stopped: 0.0004444 seconds, Stopping threads took: 0.0002034 seconds
[2022-06-13T01:30:52.594+0000][1][safepoint    ] Application time: 0.0001076 seconds
[2022-06-13T01:30:52.595+0000][1][safepoint    ] Entering safepoint region: RevokeBias
[2022-06-13T01:30:52.595+0000][1][safepoint    ] Leaving safepoint region
[2022-06-13T01:30:52.595+0000][1][safepoint    ] Total time for which application threads were stopped: 0.0003943 seconds, Stopping threads took: 0.0001523 seconds
[2022-06-13T01:30:52.599+0000][1][safepoint    ] Application time: 0.0035842 seconds
[2022-06-13T01:30:52.599+0000][1][safepoint    ] Entering safepoint region: RevokeBias
[2022-06-13T01:30:52.599+0000][1][safepoint    ] Leaving safepoint region
[2022-06-13T01:30:52.600+0000][1][safepoint    ] Total time for which application threads were stopped: 0.0006658 seconds, Stopping threads took: 0.0003647 seconds
[2022-06-13T01:30:52.600+0000][1][safepoint    ] Application time: 0.0001613 seconds
[2022-06-13T01:30:52.600+0000][1][safepoint    ] Entering safepoint region: BulkRevokeBias
[2022-06-13T01:30:52.601+0000][1][safepoint    ] Leaving safepoint region
[2022-06-13T01:30:52.601+0000][1][safepoint    ] Total time for which application threads were stopped: 0.0007812 seconds, Stopping threads took: 0.0002977 seconds
[2022-06-13T01:30:52.606+0000][1][safepoint    ] Application time: 0.0046109 seconds
[2022-06-13T01:30:52.606+0000][1][safepoint    ] Entering safepoint region: RevokeBias
[2022-06-13T01:30:52.607+0000][1][safepoint    ] Leaving safepoint region
[2022-06-13T01:30:52.607+0000][1][safepoint    ] Total time for which application threads were stopped: 0.0009444 seconds, Stopping threads took: 0.0004790 seconds
[2022-06-13T01:30:52.609+0000][1][safepoint    ] Application time: 0.0009856 seconds
[2022-06-13T01:30:52.609+0000][1][safepoint    ] Entering safepoint region: RevokeBias
[2022-06-13T01:30:52.609+0000][1][safepoint    ] Leaving safepoint region
[2022-06-13T01:30:52.610+0000][1][safepoint    ] Total time for which application threads were stopped: 0.0007205 seconds, Stopping threads took: 0.0002845 seconds
[2022-06-13T01:30:52.610+0000][1][safepoint    ] Application time: 0.0002120 seconds
[2022-06-13T01:30:52.610+0000][1][safepoint    ] Entering safepoint region: RevokeBias
[2022-06-13T01:30:52.611+0000][1][safepoint    ] Leaving safepoint region
[2022-06-13T01:30:52.611+0000][1][safepoint    ] Total time for which application threads were stopped: 0.0007648 seconds, Stopping threads took: 0.0002225 seconds
[2022-06-13T01:30:52.612+0000][1][safepoint    ] Application time: 0.0001570 seconds
[2022-06-13T01:30:52.612+0000][1][safepoint    ] Entering safepoint region: RevokeBias
[2022-06-13T01:30:52.613+0000][1][safepoint    ] Leaving safepoint region
[2022-06-13T01:30:52.613+0000][1][safepoint    ] Total time for which application threads were stopped: 0.0007527 seconds, Stopping threads took: 0.0002916 seconds
[2022-06-13T01:30:52.614+0000][1][safepoint    ] Application time: 0.0010547 seconds
[2022-06-13T01:30:52.615+0000][1][safepoint    ] Entering safepoint region: RevokeBias
[2022-06-13T01:30:52.615+0000][1][safepoint    ] Leaving safepoint region
[2022-06-13T01:30:52.616+0000][1][safepoint    ] Total time for which application threads were stopped: 0.0012269 seconds, Stopping threads took: 0.0005736 seconds
[2022-06-13T01:30:52.617+0000][1][safepoint    ] Application time: 0.0001664 seconds
[2022-06-13T01:30:52.617+0000][1][safepoint    ] Entering safepoint region: RevokeBias
[2022-06-13T01:30:52.617+0000][1][safepoint    ] Leaving safepoint region
[2022-06-13T01:30:52.617+0000][1][safepoint    ] Total time for which application threads were stopped: 0.0006347 seconds, Stopping threads took: 0.0002989 seconds
[2022-06-13T01:30:52.620+0000][1][safepoint    ] Application time: 0.0024741 seconds
[2022-06-13T01:30:52.621+0000][1][safepoint    ] Entering safepoint region: RevokeBias
[2022-06-13T01:30:52.621+0000][1][safepoint    ] Leaving safepoint region
[2022-06-13T01:30:52.621+0000][1][safepoint    ] Total time for which application threads were stopped: 0.0009296 seconds, Stopping threads took: 0.0005497 seconds
[2022-06-13T01:30:52.622+0000][1][safepoint    ] Application time: 0.0002108 seconds
[2022-06-13T01:30:52.623+0000][1][safepoint    ] Entering safepoint region: RevokeBias
[2022-06-13T01:30:52.623+0000][1][safepoint    ] Leaving safepoint region
[2022-06-13T01:30:52.624+0000][1][safepoint    ] Total time for which application threads were stopped: 0.0009849 seconds, Stopping threads took: 0.0006308 seconds
[2022-06-13T01:30:52.628+0000][1][safepoint    ] Application time: 0.0041441 seconds
[2022-06-13T01:30:52.628+0000][1][safepoint    ] Entering safepoint region: RevokeBias
[2022-06-13T01:30:52.629+0000][1][safepoint    ] Leaving safepoint region
[2022-06-13T01:30:52.629+0000][1][safepoint    ] Total time for which application threads were stopped: 0.0007054 seconds, Stopping threads took: 0.0004151 seconds
[2022-06-13T01:30:52.629+0000][1][safepoint    ] Application time: 0.0002701 seconds
[2022-06-13T01:30:52.630+0000][1][safepoint    ] Entering safepoint region: RevokeBias
[2022-06-13T01:30:52.630+0000][1][safepoint    ] Leaving safepoint region
[2022-06-13T01:30:52.630+0000][1][safepoint    ] Total time for which application threads were stopped: 0.0004978 seconds, Stopping threads took: 0.0002378 seconds
[2022-06-13T01:30:52.631+0000][1][safepoint    ] Application time: 0.0002356 seconds
[2022-06-13T01:30:52.631+0000][1][safepoint    ] Entering safepoint region: RevokeBias
[2022-06-13T01:30:52.631+0000][1][safepoint    ] Leaving safepoint region
[2022-06-13T01:30:52.631+0000][1][safepoint    ] Total time for which application threads were stopped: 0.0004143 seconds, Stopping threads took: 0.0001991 seconds
[2022-06-13T01:30:52.632+0000][1][safepoint    ] Application time: 0.0001101 seconds
[2022-06-13T01:30:52.632+0000][1][safepoint    ] Entering safepoint region: RevokeBias
[2022-06-13T01:30:52.632+0000][1][safepoint    ] Leaving safepoint region
[2022-06-13T01:30:52.632+0000][1][safepoint    ] Total time for which application threads were stopped: 0.0003625 seconds, Stopping threads took: 0.0001811 seconds
[2022-06-13T01:30:52.636+0000][1][safepoint    ] Application time: 0.0034492 seconds
[2022-06-13T01:30:52.636+0000][1][safepoint    ] Entering safepoint region: RevokeBias
[2022-06-13T01:30:52.636+0000][1][safepoint    ] Leaving safepoint region
[2022-06-13T01:30:52.637+0000][1][safepoint    ] Total time for which application threads were stopped: 0.0004873 seconds, Stopping threads took: 0.0002177 seconds
[2022-06-13T01:30:52.637+0000][1][safepoint    ] Application time: 0.0002368 seconds
[2022-06-13T01:30:52.637+0000][1][safepoint    ] Entering safepoint region: RevokeBias
[2022-06-13T01:30:52.637+0000][1][safepoint    ] Leaving safepoint region
[2022-06-13T01:30:52.638+0000][1][safepoint    ] Total time for which application threads were stopped: 0.0003873 seconds, Stopping threads took: 0.0001698 seconds
[2022-06-13T01:30:52.638+0000][1][safepoint    ] Application time: 0.0001787 seconds
[2022-06-13T01:30:52.638+0000][1][safepoint    ] Entering safepoint region: RevokeBias
[2022-06-13T01:30:52.638+0000][1][safepoint    ] Leaving safepoint region
[2022-06-13T01:30:52.639+0000][1][safepoint    ] Total time for which application threads were stopped: 0.0006192 seconds, Stopping threads took: 0.0003148 seconds
[2022-06-13T01:30:52.639+0000][1][safepoint    ] Application time: 0.0002256 seconds
[2022-06-13T01:30:52.640+0000][1][safepoint    ] Entering safepoint region: RevokeBias
[2022-06-13T01:30:52.640+0000][1][safepoint    ] Leaving safepoint region
[2022-06-13T01:30:52.640+0000][1][safepoint    ] Total time for which application threads were stopped: 0.0005769 seconds, Stopping threads took: 0.0002920 seconds
[2022-06-13T01:30:52.643+0000][1][safepoint    ] Application time: 0.0027178 seconds
[2022-06-13T01:30:52.643+0000][1][safepoint    ] Entering safepoint region: RevokeBias
[2022-06-13T01:30:52.644+0000][1][safepoint    ] Leaving safepoint region
[2022-06-13T01:30:52.644+0000][1][safepoint    ] Total time for which application threads were stopped: 0.0007001 seconds, Stopping threads took: 0.0002181 seconds
[2022-06-13T01:30:53.190+0000][1][safepoint    ] Application time: 0.5463018 seconds
[2022-06-13T01:30:53.191+0000][1][safepoint    ] Entering safepoint region: RevokeBias
[2022-06-13T01:30:53.192+0000][1][safepoint    ] Leaving safepoint region
[2022-06-13T01:30:53.192+0000][1][safepoint    ] Total time for which application threads were stopped: 0.0011206 seconds, Stopping threads took: 0.0005414 seconds
[2022-06-13T01:30:53.193+0000][1][safepoint    ] Application time: 0.0001451 seconds
[2022-06-13T01:30:53.193+0000][1][safepoint    ] Entering safepoint region: RevokeBias
[2022-06-13T01:30:53.194+0000][1][safepoint    ] Leaving safepoint region
[2022-06-13T01:30:53.194+0000][1][safepoint    ] Total time for which application threads were stopped: 0.0006903 seconds, Stopping threads took: 0.0003730 seconds
[2022-06-13T01:30:53.195+0000][1][safepoint    ] Application time: 0.0001554 seconds
[2022-06-13T01:30:53.195+0000][1][safepoint    ] Entering safepoint region: RevokeBias
[2022-06-13T01:30:53.196+0000][1][safepoint    ] Leaving safepoint region
[2022-06-13T01:30:53.196+0000][1][safepoint    ] Total time for which application threads were stopped: 0.0006046 seconds, Stopping threads took: 0.0002866 seconds
[2022-06-13T01:30:53.197+0000][1][safepoint    ] Application time: 0.0002755 seconds
[2022-06-13T01:30:53.197+0000][1][safepoint    ] Entering safepoint region: RevokeBias
[2022-06-13T01:30:53.197+0000][1][safepoint    ] Leaving safepoint region
[2022-06-13T01:30:53.198+0000][1][safepoint    ] Total time for which application threads were stopped: 0.0007011 seconds, Stopping threads took: 0.0003201 seconds
[2022-06-13T01:30:53.198+0000][1][safepoint    ] Application time: 0.0001900 seconds
[2022-06-13T01:30:53.199+0000][1][safepoint    ] Entering safepoint region: RevokeBias
[2022-06-13T01:30:53.199+0000][1][safepoint    ] Leaving safepoint region
[2022-06-13T01:30:53.200+0000][1][safepoint    ] Total time for which application threads were stopped: 0.0012262 seconds, Stopping threads took: 0.0006578 seconds
[2022-06-13T01:30:53.201+0000][1][safepoint    ] Application time: 0.0002552 seconds
[2022-06-13T01:30:53.201+0000][1][safepoint    ] Entering safepoint region: RevokeBias
[2022-06-13T01:30:53.202+0000][1][safepoint    ] Leaving safepoint region
[2022-06-13T01:30:53.203+0000][1][safepoint    ] Total time for which application threads were stopped: 0.0013279 seconds, Stopping threads took: 0.0007422 seconds
[2022-06-13T01:30:53.203+0000][1][safepoint    ] Application time: 0.0002187 seconds
[2022-06-13T01:30:53.204+0000][1][safepoint    ] Entering safepoint region: RevokeBias
[2022-06-13T01:30:53.205+0000][1][safepoint    ] Leaving safepoint region
[2022-06-13T01:30:53.206+0000][1][safepoint    ] Total time for which application threads were stopped: 0.0022618 seconds, Stopping threads took: 0.0015990 seconds
[2022-06-13T01:30:53.207+0000][1][safepoint    ] Application time: 0.0001367 seconds
[2022-06-13T01:30:53.207+0000][1][safepoint    ] Entering safepoint region: RevokeBias
[2022-06-13T01:30:53.208+0000][1][safepoint    ] Leaving safepoint region
[2022-06-13T01:30:53.209+0000][1][safepoint    ] Total time for which application threads were stopped: 0.0017850 seconds, Stopping threads took: 0.0003682 seconds
[2022-06-13T01:30:53.555+0000][1][safepoint    ] Application time: 0.3458377 seconds
[2022-06-13T01:30:53.556+0000][1][safepoint    ] Entering safepoint region: RevokeBias
[2022-06-13T01:30:53.556+0000][1][safepoint    ] Leaving safepoint region
[2022-06-13T01:30:53.557+0000][1][safepoint    ] Total time for which application threads were stopped: 0.0009229 seconds, Stopping threads took: 0.0004334 seconds
[2022-06-13T01:30:55.626+0000][1][safepoint    ] Application time: 2.0693580 seconds
[2022-06-13T01:30:55.628+0000][1][safepoint    ] Entering safepoint region: RevokeBias
[2022-06-13T01:30:55.628+0000][1][safepoint    ] Leaving safepoint region
[2022-06-13T01:30:55.629+0000][1][safepoint    ] Total time for which application threads were stopped: 0.0020457 seconds, Stopping threads took: 0.0011180 seconds
[2022-06-13T01:30:55.631+0000][1][safepoint    ] Application time: 0.0009742 seconds
[2022-06-13T01:30:55.632+0000][1][safepoint    ] Entering safepoint region: RevokeBias
[2022-06-13T01:30:55.633+0000][1][safepoint    ] Leaving safepoint region
[2022-06-13T01:30:55.633+0000][1][safepoint    ] Total time for which application threads were stopped: 0.0016075 seconds, Stopping threads took: 0.0008609 seconds
[2022-06-13T01:30:55.635+0000][1][safepoint    ] Application time: 0.0011699 seconds
[2022-06-13T01:30:55.636+0000][1][safepoint    ] Entering safepoint region: RevokeBias
[2022-06-13T01:30:55.637+0000][1][safepoint    ] Leaving safepoint region
[2022-06-13T01:30:55.638+0000][1][safepoint    ] Total time for which application threads were stopped: 0.0018769 seconds, Stopping threads took: 0.0011271 seconds
[2022-06-13T01:30:56.559+0000][1][safepoint    ] Application time: 0.9208568 seconds
[2022-06-13T01:30:56.560+0000][1][safepoint    ] Entering safepoint region: RevokeBias
[2022-06-13T01:30:56.560+0000][1][safepoint    ] Leaving safepoint region
[2022-06-13T01:30:56.560+0000][1][safepoint    ] Total time for which application threads were stopped: 0.0005581 seconds, Stopping threads took: 0.0003102 seconds
[2022-06-13T01:30:56.562+0000][1][safepoint    ] Application time: 0.0008973 seconds
[2022-06-13T01:30:56.562+0000][1][safepoint    ] Entering safepoint region: RevokeBias
[2022-06-13T01:30:56.563+0000][1][safepoint    ] Leaving safepoint region
[2022-06-13T01:30:56.563+0000][1][safepoint    ] Total time for which application threads were stopped: 0.0010086 seconds, Stopping threads took: 0.0006019 seconds
[2022-06-13T01:30:56.564+0000][1][safepoint    ] Application time: 0.0002834 seconds
[2022-06-13T01:30:56.564+0000][1][safepoint    ] Entering safepoint region: RevokeBias
[2022-06-13T01:30:56.565+0000][1][safepoint    ] Leaving safepoint region
[2022-06-13T01:30:56.565+0000][1][safepoint    ] Total time for which application threads were stopped: 0.0010118 seconds, Stopping threads took: 0.0004855 seconds
[2022-06-13T01:30:56.566+0000][1][safepoint    ] Application time: 0.0003980 seconds
[2022-06-13T01:30:56.567+0000][1][safepoint    ] Entering safepoint region: RevokeBias
[2022-06-13T01:30:56.567+0000][1][safepoint    ] Leaving safepoint region
[2022-06-13T01:30:56.568+0000][1][safepoint    ] Total time for which application threads were stopped: 0.0013457 seconds, Stopping threads took: 0.0007894 seconds
[2022-06-13T01:30:56.569+0000][1][safepoint    ] Application time: 0.0004836 seconds
[2022-06-13T01:30:56.569+0000][1][safepoint    ] Entering safepoint region: RevokeBias
[2022-06-13T01:30:56.570+0000][1][safepoint    ] Leaving safepoint region
[2022-06-13T01:30:56.570+0000][1][safepoint    ] Total time for which application threads were stopped: 0.0011420 seconds, Stopping threads took: 0.0005953 seconds
[2022-06-13T01:30:56.571+0000][1][safepoint    ] Application time: 0.0005613 seconds
[2022-06-13T01:30:56.572+0000][1][safepoint    ] Entering safepoint region: RevokeBias
[2022-06-13T01:30:56.573+0000][1][safepoint    ] Leaving safepoint region
[2022-06-13T01:30:56.573+0000][1][safepoint    ] Total time for which application threads were stopped: 0.0012102 seconds, Stopping threads took: 0.0007217 seconds
[2022-06-13T01:30:56.574+0000][1][safepoint    ] Application time: 0.0008397 seconds
[2022-06-13T01:30:56.575+0000][1][safepoint    ] Entering safepoint region: RevokeBias
[2022-06-13T01:30:56.576+0000][1][safepoint    ] Leaving safepoint region
[2022-06-13T01:30:56.576+0000][1][safepoint    ] Total time for which application threads were stopped: 0.0013990 seconds, Stopping threads took: 0.0007173 seconds
[2022-06-13T01:30:57.577+0000][1][safepoint    ] Application time: 1.0002663 seconds
[2022-06-13T01:30:57.578+0000][1][safepoint    ] Entering safepoint region: Cleanup
[2022-06-13T01:30:57.579+0000][1][safepoint    ] Leaving safepoint region
[2022-06-13T01:30:57.579+0000][1][safepoint    ] Total time for which application threads were stopped: 0.0012947 seconds, Stopping threads took: 0.0005743 seconds
[2022-06-13T01:30:58.580+0000][1][safepoint    ] Application time: 1.0001799 seconds
[2022-06-13T01:30:58.581+0000][1][safepoint    ] Entering safepoint region: Cleanup
[2022-06-13T01:30:58.582+0000][1][safepoint    ] Leaving safepoint region
[2022-06-13T01:30:58.583+0000][1][safepoint    ] Total time for which application threads were stopped: 0.0017445 seconds, Stopping threads took: 0.0007843 seconds
[2022-06-13T01:30:59.560+0000][1][safepoint    ] Application time: 0.9764430 seconds
[2022-06-13T01:30:59.560+0000][1][safepoint    ] Entering safepoint region: RevokeBias
[2022-06-13T01:30:59.561+0000][1][safepoint    ] Leaving safepoint region
[2022-06-13T01:30:59.562+0000][1][safepoint    ] Total time for which application threads were stopped: 0.0011773 seconds, Stopping threads took: 0.0004024 seconds
[2022-06-13T01:30:59.562+0000][1][safepoint    ] Application time: 0.0000976 seconds
[2022-06-13T01:30:59.563+0000][1][safepoint    ] Entering safepoint region: RevokeBias
[2022-06-13T01:30:59.564+0000][1][safepoint    ] Leaving safepoint region
[2022-06-13T01:30:59.565+0000][1][safepoint    ] Total time for which application threads were stopped: 0.0016431 seconds, Stopping threads took: 0.0008322 seconds
[2022-06-13T01:30:59.565+0000][1][safepoint    ] Application time: 0.0003222 seconds
[2022-06-13T01:30:59.566+0000][1][safepoint    ] Entering safepoint region: RevokeBias
[2022-06-13T01:30:59.567+0000][1][safepoint    ] Leaving safepoint region
[2022-06-13T01:30:59.567+0000][1][safepoint    ] Total time for which application threads were stopped: 0.0012086 seconds, Stopping threads took: 0.0005197 seconds
[2022-06-13T01:30:59.739+0000][1][safepoint    ] Application time: 0.1716913 seconds
[2022-06-13T01:30:59.740+0000][1][safepoint    ] Entering safepoint region: RevokeBias
[2022-06-13T01:30:59.740+0000][1][safepoint    ] Leaving safepoint region
[2022-06-13T01:30:59.741+0000][1][safepoint    ] Total time for which application threads were stopped: 0.0010258 seconds, Stopping threads took: 0.0004480 seconds
[2022-06-13T01:30:59.742+0000][1][safepoint    ] Application time: 0.0002637 seconds
[2022-06-13T01:30:59.742+0000][1][safepoint    ] Entering safepoint region: RevokeBias
[2022-06-13T01:30:59.742+0000][1][safepoint    ] Leaving safepoint region
[2022-06-13T01:30:59.743+0000][1][safepoint    ] Total time for which application threads were stopped: 0.0008950 seconds, Stopping threads took: 0.0004478 seconds
[2022-06-13T01:31:00.562+0000][1][safepoint    ] Application time: 0.8190428 seconds
[2022-06-13T01:31:00.563+0000][1][safepoint    ] Entering safepoint region: RevokeBias
[2022-06-13T01:31:00.563+0000][1][safepoint    ] Leaving safepoint region
[2022-06-13T01:31:00.564+0000][1][safepoint    ] Total time for which application threads were stopped: 0.0012609 seconds, Stopping threads took: 0.0005955 seconds
[2022-06-13T01:31:00.565+0000][1][safepoint    ] Application time: 0.0006887 seconds
[2022-06-13T01:31:00.565+0000][1][safepoint    ] Entering safepoint region: RevokeBias
[2022-06-13T01:31:00.566+0000][1][safepoint    ] Leaving safepoint region
[2022-06-13T01:31:00.566+0000][1][safepoint    ] Total time for which application threads were stopped: 0.0010388 seconds, Stopping threads took: 0.0004668 seconds
[2022-06-13T01:31:00.567+0000][1][safepoint    ] Application time: 0.0003354 seconds
[2022-06-13T01:31:00.568+0000][1][safepoint    ] Entering safepoint region: RevokeBias
[2022-06-13T01:31:00.568+0000][1][safepoint    ] Leaving safepoint region
[2022-06-13T01:31:00.569+0000][1][safepoint    ] Total time for which application threads were stopped: 0.0012797 seconds, Stopping threads took: 0.0005420 seconds
[2022-06-13T01:31:00.570+0000][1][safepoint    ] Application time: 0.0002728 seconds
[2022-06-13T01:31:00.570+0000][1][safepoint    ] Entering safepoint region: RevokeBias
[2022-06-13T01:31:00.571+0000][1][safepoint    ] Leaving safepoint region
[2022-06-13T01:31:00.572+0000][1][safepoint    ] Total time for which application threads were stopped: 0.0013160 seconds, Stopping threads took: 0.0007928 seconds
[2022-06-13T01:31:00.572+0000][1][safepoint    ] Application time: 0.0001846 seconds
[2022-06-13T01:31:00.573+0000][1][safepoint    ] Entering safepoint region: RevokeBias
[2022-06-13T01:31:00.573+0000][1][safepoint    ] Leaving safepoint region
[2022-06-13T01:31:00.574+0000][1][safepoint    ] Total time for which application threads were stopped: 0.0010845 seconds, Stopping threads took: 0.0003266 seconds
[2022-06-13T01:31:00.574+0000][1][safepoint    ] Application time: 0.0002183 seconds
[2022-06-13T01:31:00.575+0000][1][safepoint    ] Entering safepoint region: RevokeBias
[2022-06-13T01:31:00.575+0000][1][safepoint    ] Leaving safepoint region
[2022-06-13T01:31:00.576+0000][1][safepoint    ] Total time for which application threads were stopped: 0.0011030 seconds, Stopping threads took: 0.0004378 seconds
[2022-06-13T01:31:00.577+0000][1][safepoint    ] Application time: 0.0003889 seconds
[2022-06-13T01:31:00.577+0000][1][safepoint    ] Entering safepoint region: RevokeBias
[2022-06-13T01:31:00.578+0000][1][safepoint    ] Leaving safepoint region
[2022-06-13T01:31:00.578+0000][1][safepoint    ] Total time for which application threads were stopped: 0.0011155 seconds, Stopping threads took: 0.0003784 seconds
[2022-06-13T01:31:02.223+0000][1][safepoint    ] Application time: 1.6440688 seconds
[2022-06-13T01:31:02.223+0000][1][safepoint    ] Entering safepoint region: Cleanup
[2022-06-13T01:31:02.224+0000][1][safepoint    ] Leaving safepoint region
[2022-06-13T01:31:02.225+0000][1][safepoint    ] Total time for which application threads were stopped: 0.0019145 seconds, Stopping threads took: 0.0011538 seconds
[2022-06-13T01:31:03.226+0000][1][safepoint    ] Application time: 1.0001775 seconds
[2022-06-13T01:31:03.227+0000][1][safepoint    ] Entering safepoint region: Cleanup
[2022-06-13T01:31:03.227+0000][1][safepoint    ] Leaving safepoint region
[2022-06-13T01:31:03.228+0000][1][safepoint    ] Total time for which application threads were stopped: 0.0009079 seconds, Stopping threads took: 0.0003764 seconds
[2022-06-13T01:31:03.562+0000][1][safepoint    ] Application time: 0.3343961 seconds
[2022-06-13T01:31:03.563+0000][1][safepoint    ] Entering safepoint region: RevokeBias
[2022-06-13T01:31:03.563+0000][1][safepoint    ] Leaving safepoint region
[2022-06-13T01:31:03.564+0000][1][safepoint    ] Total time for which application threads were stopped: 0.0012824 seconds, Stopping threads took: 0.0006815 seconds
[2022-06-13T01:31:03.565+0000][1][safepoint    ] Application time: 0.0003306 seconds
[2022-06-13T01:31:03.565+0000][1][safepoint    ] Entering safepoint region: RevokeBias
[2022-06-13T01:31:03.566+0000][1][safepoint    ] Leaving safepoint region
[2022-06-13T01:31:03.567+0000][1][safepoint    ] Total time for which application threads were stopped: 0.0016383 seconds, Stopping threads took: 0.0008788 seconds
[2022-06-13T01:31:03.568+0000][1][safepoint    ] Application time: 0.0010862 seconds
[2022-06-13T01:31:03.569+0000][1][safepoint    ] Entering safepoint region: RevokeBias
[2022-06-13T01:31:03.570+0000][1][safepoint    ] Leaving safepoint region
[2022-06-13T01:31:03.571+0000][1][safepoint    ] Total time for which application threads were stopped: 0.0017846 seconds, Stopping threads took: 0.0008443 seconds
[2022-06-13T01:31:04.565+0000][1][safepoint    ] Application time: 0.9940380 seconds
[2022-06-13T01:31:04.565+0000][1][safepoint    ] Entering safepoint region: RevokeBias
[2022-06-13T01:31:04.566+0000][1][safepoint    ] Leaving safepoint region
[2022-06-13T01:31:04.567+0000][1][safepoint    ] Total time for which application threads were stopped: 0.0010452 seconds, Stopping threads took: 0.0004448 seconds
[2022-06-13T01:31:04.568+0000][1][safepoint    ] Application time: 0.0005979 seconds
[2022-06-13T01:31:04.568+0000][1][safepoint    ] Entering safepoint region: RevokeBias
[2022-06-13T01:31:04.569+0000][1][safepoint    ] Leaving safepoint region
[2022-06-13T01:31:04.570+0000][1][safepoint    ] Total time for which application threads were stopped: 0.0015360 seconds, Stopping threads took: 0.0007289 seconds
[2022-06-13T01:31:04.571+0000][1][safepoint    ] Application time: 0.0003741 seconds
[2022-06-13T01:31:04.571+0000][1][safepoint    ] Entering safepoint region: RevokeBias
[2022-06-13T01:31:04.572+0000][1][safepoint    ] Leaving safepoint region
[2022-06-13T01:31:04.572+0000][1][safepoint    ] Total time for which application threads were stopped: 0.0004637 seconds, Stopping threads took: 0.0002076 seconds
[2022-06-13T01:31:04.573+0000][1][safepoint    ] Application time: 0.0006931 seconds
[2022-06-13T01:31:04.573+0000][1][safepoint    ] Entering safepoint region: RevokeBias
[2022-06-13T01:31:04.574+0000][1][safepoint    ] Leaving safepoint region
[2022-06-13T01:31:04.574+0000][1][safepoint    ] Total time for which application threads were stopped: 0.0010214 seconds, Stopping threads took: 0.0006783 seconds
[2022-06-13T01:31:04.574+0000][1][safepoint    ] Application time: 0.0001931 seconds
[2022-06-13T01:31:04.575+0000][1][safepoint    ] Entering safepoint region: RevokeBias
[2022-06-13T01:31:04.575+0000][1][safepoint    ] Leaving safepoint region
[2022-06-13T01:31:04.576+0000][1][safepoint    ] Total time for which application threads were stopped: 0.0007660 seconds, Stopping threads took: 0.0004976 seconds
[2022-06-13T01:31:04.576+0000][1][safepoint    ] Application time: 0.0001834 seconds
[2022-06-13T01:31:04.576+0000][1][safepoint    ] Entering safepoint region: RevokeBias
[2022-06-13T01:31:04.577+0000][1][safepoint    ] Leaving safepoint region
[2022-06-13T01:31:04.577+0000][1][safepoint    ] Total time for which application threads were stopped: 0.0011118 seconds, Stopping threads took: 0.0007610 seconds
[2022-06-13T01:31:04.578+0000][1][safepoint    ] Application time: 0.0001693 seconds
[2022-06-13T01:31:04.578+0000][1][safepoint    ] Entering safepoint region: RevokeBias
[2022-06-13T01:31:04.579+0000][1][safepoint    ] Leaving safepoint region
[2022-06-13T01:31:04.579+0000][1][safepoint    ] Total time for which application threads were stopped: 0.0008521 seconds, Stopping threads took: 0.0005108 seconds
[2022-06-13T01:31:04.581+0000][1][safepoint    ] Application time: 0.0009321 seconds
[2022-06-13T01:31:04.581+0000][1][safepoint    ] Entering safepoint region: RevokeBias
[2022-06-13T01:31:04.582+0000][1][safepoint    ] Leaving safepoint region
[2022-06-13T01:31:04.582+0000][1][safepoint    ] Total time for which application threads were stopped: 0.0009613 seconds, Stopping threads took: 0.0006359 seconds
[2022-06-13T01:31:05.583+0000][1][safepoint    ] Application time: 1.0003152 seconds
[2022-06-13T01:31:05.584+0000][1][safepoint    ] Entering safepoint region: Cleanup
[2022-06-13T01:31:05.584+0000][1][safepoint    ] Leaving safepoint region
[2022-06-13T01:31:05.585+0000][1][safepoint    ] Total time for which application threads were stopped: 0.0013310 seconds, Stopping threads took: 0.0005630 seconds
[2022-06-13T01:31:06.586+0000][1][safepoint    ] Application time: 1.0003882 seconds
[2022-06-13T01:31:06.587+0000][1][safepoint    ] Entering safepoint region: Cleanup
[2022-06-13T01:31:06.587+0000][1][safepoint    ] Leaving safepoint region
[2022-06-13T01:31:06.587+0000][1][safepoint    ] Total time for which application threads were stopped: 0.0008895 seconds, Stopping threads took: 0.0003857 seconds
[2022-06-13T01:31:07.565+0000][1][safepoint    ] Application time: 0.9769898 seconds
[2022-06-13T01:31:07.566+0000][1][safepoint    ] Entering safepoint region: RevokeBias
[2022-06-13T01:31:07.566+0000][1][safepoint    ] Leaving safepoint region
[2022-06-13T01:31:07.567+0000][1][safepoint    ] Total time for which application threads were stopped: 0.0017535 seconds, Stopping threads took: 0.0007614 seconds
[2022-06-13T01:31:07.568+0000][1][safepoint    ] Application time: 0.0002077 seconds
[2022-06-13T01:31:07.568+0000][1][safepoint    ] Entering safepoint region: RevokeBias
[2022-06-13T01:31:07.569+0000][1][safepoint    ] Leaving safepoint region
[2022-06-13T01:31:07.569+0000][1][safepoint    ] Total time for which application threads were stopped: 0.0010796 seconds, Stopping threads took: 0.0005639 seconds
[2022-06-13T01:31:07.570+0000][1][safepoint    ] Application time: 0.0003277 seconds
[2022-06-13T01:31:07.571+0000][1][safepoint    ] Entering safepoint region: RevokeBias
[2022-06-13T01:31:07.571+0000][1][safepoint    ] Leaving safepoint region
[2022-06-13T01:31:07.572+0000][1][safepoint    ] Total time for which application threads were stopped: 0.0012296 seconds, Stopping threads took: 0.0007815 seconds
[2022-06-13T01:31:08.568+0000][1][safepoint    ] Application time: 0.9963032 seconds
[2022-06-13T01:31:08.569+0000][1][safepoint    ] Entering safepoint region: RevokeBias
[2022-06-13T01:31:08.570+0000][1][safepoint    ] Leaving safepoint region
[2022-06-13T01:31:08.571+0000][1][safepoint    ] Total time for which application threads were stopped: 0.0017734 seconds, Stopping threads took: 0.0002691 seconds
[2022-06-13T01:31:08.572+0000][1][safepoint    ] Application time: 0.0006135 seconds
[2022-06-13T01:31:08.572+0000][1][safepoint    ] Entering safepoint region: RevokeBias
[2022-06-13T01:31:08.573+0000][1][safepoint    ] Leaving safepoint region
[2022-06-13T01:31:08.573+0000][1][safepoint    ] Total time for which application threads were stopped: 0.0013955 seconds, Stopping threads took: 0.0005186 seconds
[2022-06-13T01:31:08.574+0000][1][safepoint    ] Application time: 0.0004743 seconds
[2022-06-13T01:31:08.575+0000][1][safepoint    ] Entering safepoint region: RevokeBias
[2022-06-13T01:31:08.576+0000][1][safepoint    ] Leaving safepoint region
[2022-06-13T01:31:08.576+0000][1][safepoint    ] Total time for which application threads were stopped: 0.0011801 seconds, Stopping threads took: 0.0005565 seconds
[2022-06-13T01:31:08.577+0000][1][safepoint    ] Application time: 0.0005858 seconds
[2022-06-13T01:31:08.578+0000][1][safepoint    ] Entering safepoint region: RevokeBias
[2022-06-13T01:31:08.578+0000][1][safepoint    ] Leaving safepoint region
[2022-06-13T01:31:08.578+0000][1][safepoint    ] Total time for which application threads were stopped: 0.0008121 seconds, Stopping threads took: 0.0003234 seconds
[2022-06-13T01:31:08.579+0000][1][safepoint    ] Application time: 0.0003481 seconds
[2022-06-13T01:31:08.580+0000][1][safepoint    ] Entering safepoint region: RevokeBias
[2022-06-13T01:31:08.581+0000][1][safepoint    ] Leaving safepoint region
[2022-06-13T01:31:08.581+0000][1][safepoint    ] Total time for which application threads were stopped: 0.0012717 seconds, Stopping threads took: 0.0004269 seconds
[2022-06-13T01:31:08.582+0000][1][safepoint    ] Application time: 0.0004860 seconds
[2022-06-13T01:31:08.583+0000][1][safepoint    ] Entering safepoint region: BulkRevokeBias
[2022-06-13T01:31:08.584+0000][1][safepoint    ] Leaving safepoint region
[2022-06-13T01:31:08.585+0000][1][safepoint    ] Total time for which application threads were stopped: 0.0024040 seconds, Stopping threads took: 0.0008538 seconds
[2022-06-13T01:31:09.586+0000][1][safepoint    ] Application time: 1.0002508 seconds
[2022-06-13T01:31:09.586+0000][1][safepoint    ] Entering safepoint region: Cleanup
[2022-06-13T01:31:09.587+0000][1][safepoint    ] Leaving safepoint region
[2022-06-13T01:31:09.587+0000][1][safepoint    ] Total time for which application threads were stopped: 0.0010668 seconds, Stopping threads took: 0.0005331 seconds
[2022-06-13T01:31:10.589+0000][1][safepoint    ] Application time: 1.0005030 seconds
[2022-06-13T01:31:10.590+0000][1][safepoint    ] Entering safepoint region: Cleanup
[2022-06-13T01:31:10.590+0000][1][safepoint    ] Leaving safepoint region
[2022-06-13T01:31:10.591+0000][1][safepoint    ] Total time for which application threads were stopped: 0.0015222 seconds, Stopping threads took: 0.0008273 seconds
[2022-06-13T01:31:11.569+0000][1][safepoint    ] Application time: 0.9770946 seconds
[2022-06-13T01:31:11.570+0000][1][safepoint    ] Entering safepoint region: RevokeBias
[2022-06-13T01:31:11.571+0000][1][safepoint    ] Leaving safepoint region
[2022-06-13T01:31:11.572+0000][1][safepoint    ] Total time for which application threads were stopped: 0.0023790 seconds, Stopping threads took: 0.0012204 seconds
[2022-06-13T01:31:11.572+0000][1][safepoint    ] Application time: 0.0002584 seconds
[2022-06-13T01:31:11.573+0000][1][safepoint    ] Entering safepoint region: RevokeBias
[2022-06-13T01:31:11.574+0000][1][safepoint    ] Leaving safepoint region
[2022-06-13T01:31:11.575+0000][1][safepoint    ] Total time for which application threads were stopped: 0.0016618 seconds, Stopping threads took: 0.0008729 seconds
[2022-06-13T01:31:11.575+0000][1][safepoint    ] Application time: 0.0000704 seconds
[2022-06-13T01:31:11.576+0000][1][safepoint    ] Entering safepoint region: RevokeBias
[2022-06-13T01:31:11.577+0000][1][safepoint    ] Leaving safepoint region
[2022-06-13T01:31:11.577+0000][1][safepoint    ] Total time for which application threads were stopped: 0.0014281 seconds, Stopping threads took: 0.0006254 seconds
[2022-06-13T01:31:11.578+0000][1][safepoint    ] Application time: 0.0003966 seconds
[2022-06-13T01:31:11.579+0000][1][safepoint    ] Entering safepoint region: BulkRevokeBias
[2022-06-13T01:31:11.580+0000][1][safepoint    ] Leaving safepoint region
[2022-06-13T01:31:11.581+0000][1][safepoint    ] Total time for which application threads were stopped: 0.0019923 seconds, Stopping threads took: 0.0006446 seconds
[2022-06-13T01:31:11.582+0000][1][safepoint    ] Application time: 0.0003916 seconds
[2022-06-13T01:31:11.583+0000][1][safepoint    ] Entering safepoint region: BulkRevokeBias
[2022-06-13T01:31:11.583+0000][1][safepoint    ] Leaving safepoint region
[2022-06-13T01:31:11.584+0000][1][safepoint    ] Total time for which application threads were stopped: 0.0013835 seconds, Stopping threads took: 0.0005152 seconds
[2022-06-13T01:31:12.570+0000][1][safepoint    ] Application time: 0.9860958 seconds
[2022-06-13T01:31:12.571+0000][1][safepoint    ] Entering safepoint region: RevokeBias
[2022-06-13T01:31:12.572+0000][1][safepoint    ] Leaving safepoint region
[2022-06-13T01:31:12.572+0000][1][safepoint    ] Total time for which application threads were stopped: 0.0010873 seconds, Stopping threads took: 0.0005113 seconds
[2022-06-13T01:31:12.573+0000][1][safepoint    ] Application time: 0.0006388 seconds
[2022-06-13T01:31:12.574+0000][1][safepoint    ] Entering safepoint region: RevokeBias
[2022-06-13T01:31:12.575+0000][1][safepoint    ] Leaving safepoint region
[2022-06-13T01:31:12.575+0000][1][safepoint    ] Total time for which application threads were stopped: 0.0012679 seconds, Stopping threads took: 0.0005212 seconds
[2022-06-13T01:31:12.577+0000][1][safepoint    ] Application time: 0.0008492 seconds
[2022-06-13T01:31:12.577+0000][1][safepoint    ] Entering safepoint region: RevokeBias
[2022-06-13T01:31:12.578+0000][1][safepoint    ] Leaving safepoint region
[2022-06-13T01:31:12.579+0000][1][safepoint    ] Total time for which application threads were stopped: 0.0016020 seconds, Stopping threads took: 0.0009122 seconds
[2022-06-13T01:31:12.580+0000][1][safepoint    ] Application time: 0.0005144 seconds
[2022-06-13T01:31:12.580+0000][1][safepoint    ] Entering safepoint region: RevokeBias
[2022-06-13T01:31:12.582+0000][1][safepoint    ] Leaving safepoint region
[2022-06-13T01:31:12.582+0000][1][safepoint    ] Total time for which application threads were stopped: 0.0018513 seconds, Stopping threads took: 0.0008943 seconds
[2022-06-13T01:31:13.583+0000][1][safepoint    ] Application time: 1.0003812 seconds
[2022-06-13T01:31:13.584+0000][1][safepoint    ] Entering safepoint region: Cleanup
[2022-06-13T01:31:13.585+0000][1][safepoint    ] Leaving safepoint region
[2022-06-13T01:31:13.585+0000][1][safepoint    ] Total time for which application threads were stopped: 0.0012427 seconds, Stopping threads took: 0.0007160 seconds
[2022-06-13T01:31:14.586+0000][1][safepoint    ] Application time: 1.0002137 seconds
[2022-06-13T01:31:14.587+0000][1][safepoint    ] Entering safepoint region: Cleanup
[2022-06-13T01:31:14.587+0000][1][safepoint    ] Leaving safepoint region
[2022-06-13T01:31:14.588+0000][1][safepoint    ] Total time for which application threads were stopped: 0.0006352 seconds, Stopping threads took: 0.0002711 seconds
[2022-06-13T01:31:15.570+0000][1][safepoint    ] Application time: 0.9824267 seconds
[2022-06-13T01:31:15.571+0000][1][safepoint    ] Entering safepoint region: RevokeBias
[2022-06-13T01:31:15.572+0000][1][safepoint    ] Leaving safepoint region
[2022-06-13T01:31:15.572+0000][1][safepoint    ] Total time for which application threads were stopped: 0.0014003 seconds, Stopping threads took: 0.0006074 seconds
[2022-06-13T01:31:15.574+0000][1][safepoint    ] Application time: 0.0005346 seconds
[2022-06-13T01:31:15.574+0000][1][safepoint    ] Entering safepoint region: RevokeBias
[2022-06-13T01:31:15.575+0000][1][safepoint    ] Leaving safepoint region
[2022-06-13T01:31:15.575+0000][1][safepoint    ] Total time for which application threads were stopped: 0.0014308 seconds, Stopping threads took: 0.0007839 seconds
[2022-06-13T01:31:15.576+0000][1][safepoint    ] Application time: 0.0001115 seconds
[2022-06-13T01:31:15.576+0000][1][safepoint    ] Entering safepoint region: RevokeBias
[2022-06-13T01:31:15.577+0000][1][safepoint    ] Leaving safepoint region
[2022-06-13T01:31:15.578+0000][1][safepoint    ] Total time for which application threads were stopped: 0.0013300 seconds, Stopping threads took: 0.0007209 seconds
[2022-06-13T01:31:16.575+0000][1][safepoint    ] Application time: 0.9964357 seconds
[2022-06-13T01:31:16.575+0000][1][safepoint    ] Entering safepoint region: RevokeBias
[2022-06-13T01:31:16.576+0000][1][safepoint    ] Leaving safepoint region
[2022-06-13T01:31:16.577+0000][1][safepoint    ] Total time for which application threads were stopped: 0.0014961 seconds, Stopping threads took: 0.0006680 seconds
[2022-06-13T01:31:16.578+0000][1][safepoint    ] Application time: 0.0007779 seconds
[2022-06-13T01:31:16.580+0000][1][safepoint    ] Entering safepoint region: RevokeBias
[2022-06-13T01:31:16.581+0000][1][safepoint    ] Leaving safepoint region
[2022-06-13T01:31:16.582+0000][1][safepoint    ] Total time for which application threads were stopped: 0.0020485 seconds, Stopping threads took: 0.0009090 seconds
[2022-06-13T01:31:16.583+0000][1][safepoint    ] Application time: 0.0008065 seconds
[2022-06-13T01:31:16.584+0000][1][safepoint    ] Entering safepoint region: RevokeBias
[2022-06-13T01:31:16.584+0000][1][safepoint    ] Leaving safepoint region
[2022-06-13T01:31:16.585+0000][1][safepoint    ] Total time for which application threads were stopped: 0.0012713 seconds, Stopping threads took: 0.0005044 seconds
[2022-06-13T01:31:17.586+0000][1][safepoint    ] Application time: 1.0002660 seconds
[2022-06-13T01:31:17.587+0000][1][safepoint    ] Entering safepoint region: Cleanup
[2022-06-13T01:31:17.587+0000][1][safepoint    ] Leaving safepoint region
[2022-06-13T01:31:17.588+0000][1][safepoint    ] Total time for which application threads were stopped: 0.0009854 seconds, Stopping threads took: 0.0003795 seconds
[2022-06-13T01:31:18.588+0000][1][safepoint    ] Application time: 1.0002756 seconds
[2022-06-13T01:31:18.589+0000][1][safepoint    ] Entering safepoint region: Cleanup
[2022-06-13T01:31:18.590+0000][1][safepoint    ] Leaving safepoint region
[2022-06-13T01:31:18.591+0000][1][safepoint    ] Total time for which application threads were stopped: 0.0017928 seconds, Stopping threads took: 0.0007817 seconds
[2022-06-13T01:31:19.574+0000][1][safepoint    ] Application time: 0.9816947 seconds
[2022-06-13T01:31:19.574+0000][1][safepoint    ] Entering safepoint region: RevokeBias
[2022-06-13T01:31:19.575+0000][1][safepoint    ] Leaving safepoint region
[2022-06-13T01:31:19.576+0000][1][safepoint    ] Total time for which application threads were stopped: 0.0018437 seconds, Stopping threads took: 0.0008151 seconds
[2022-06-13T01:31:19.578+0000][1][safepoint    ] Application time: 0.0010469 seconds
[2022-06-13T01:31:19.578+0000][1][safepoint    ] Entering safepoint region: RevokeBias
[2022-06-13T01:31:19.579+0000][1][safepoint    ] Leaving safepoint region
[2022-06-13T01:31:19.580+0000][1][safepoint    ] Total time for which application threads were stopped: 0.0014615 seconds, Stopping threads took: 0.0005779 seconds
[2022-06-13T01:31:20.575+0000][1][safepoint    ] Application time: 0.9939866 seconds
[2022-06-13T01:31:20.575+0000][1][safepoint    ] Entering safepoint region: RevokeBias
[2022-06-13T01:31:20.577+0000][1][safepoint    ] Leaving safepoint region
[2022-06-13T01:31:20.577+0000][1][safepoint    ] Total time for which application threads were stopped: 0.0018712 seconds, Stopping threads took: 0.0010895 seconds
[2022-06-13T01:31:20.579+0000][1][safepoint    ] Application time: 0.0008991 seconds
[2022-06-13T01:31:20.579+0000][1][safepoint    ] Entering safepoint region: RevokeBias
[2022-06-13T01:31:20.580+0000][1][safepoint    ] Leaving safepoint region
[2022-06-13T01:31:20.581+0000][1][safepoint    ] Total time for which application threads were stopped: 0.0016650 seconds, Stopping threads took: 0.0007224 seconds
[2022-06-13T01:31:20.583+0000][1][safepoint    ] Application time: 0.0010305 seconds
[2022-06-13T01:31:20.584+0000][1][safepoint    ] Entering safepoint region: RevokeBias
[2022-06-13T01:31:20.584+0000][1][safepoint    ] Leaving safepoint region
[2022-06-13T01:31:20.584+0000][1][safepoint    ] Total time for which application threads were stopped: 0.0009067 seconds, Stopping threads took: 0.0004324 seconds
[2022-06-13T01:31:20.586+0000][1][safepoint    ] Application time: 0.0006988 seconds
[2022-06-13T01:31:20.586+0000][1][safepoint    ] Entering safepoint region: RevokeBias
[2022-06-13T01:31:20.587+0000][1][safepoint    ] Leaving safepoint region
[2022-06-13T01:31:20.588+0000][1][safepoint    ] Total time for which application threads were stopped: 0.0015812 seconds, Stopping threads took: 0.0007095 seconds
[2022-06-13T01:31:21.588+0000][1][safepoint    ] Application time: 1.0002793 seconds
[2022-06-13T01:31:21.589+0000][1][safepoint    ] Entering safepoint region: Cleanup
[2022-06-13T01:31:21.590+0000][1][safepoint    ] Leaving safepoint region
[2022-06-13T01:31:21.590+0000][1][safepoint    ] Total time for which application threads were stopped: 0.0012836 seconds, Stopping threads took: 0.0006510 seconds
[2022-06-13T01:31:22.591+0000][1][safepoint    ] Application time: 1.0002445 seconds
[2022-06-13T01:31:22.592+0000][1][safepoint    ] Entering safepoint region: Cleanup
[2022-06-13T01:31:22.592+0000][1][safepoint    ] Leaving safepoint region
[2022-06-13T01:31:22.593+0000][1][safepoint    ] Total time for which application threads were stopped: 0.0011408 seconds, Stopping threads took: 0.0003954 seconds
[2022-06-13T01:31:22.595+0000][1][safepoint    ] Application time: 0.0016568 seconds
[2022-06-13T01:31:22.595+0000][1][safepoint    ] Entering safepoint region: RevokeBias
[2022-06-13T01:31:22.596+0000][1][safepoint    ] Leaving safepoint region
[2022-06-13T01:31:22.597+0000][1][safepoint    ] Total time for which application threads were stopped: 0.0014651 seconds, Stopping threads took: 0.0005956 seconds
[2022-06-13T01:31:22.598+0000][1][safepoint    ] Application time: 0.0007392 seconds
[2022-06-13T01:31:22.599+0000][1][safepoint    ] Entering safepoint region: RevokeBias
[2022-06-13T01:31:22.600+0000][1][safepoint    ] Leaving safepoint region
[2022-06-13T01:31:22.600+0000][1][safepoint    ] Total time for which application threads were stopped: 0.0013365 seconds, Stopping threads took: 0.0005989 seconds
[2022-06-13T01:31:22.604+0000][1][safepoint    ] Application time: 0.0031511 seconds
[2022-06-13T01:31:22.605+0000][1][safepoint    ] Entering safepoint region: RevokeBias
[2022-06-13T01:31:22.606+0000][1][safepoint    ] Leaving safepoint region
[2022-06-13T01:31:22.607+0000][1][safepoint    ] Total time for which application threads were stopped: 0.0020711 seconds, Stopping threads took: 0.0008692 seconds
[2022-06-13T01:31:22.608+0000][1][safepoint    ] Application time: 0.0003995 seconds
[2022-06-13T01:31:22.609+0000][1][safepoint    ] Entering safepoint region: RevokeBias
[2022-06-13T01:31:22.610+0000][1][safepoint    ] Leaving safepoint region
[2022-06-13T01:31:22.611+0000][1][safepoint    ] Total time for which application threads were stopped: 0.0017677 seconds, Stopping threads took: 0.0009433 seconds
[2022-06-13T01:31:23.575+0000][1][safepoint    ] Application time: 0.9637063 seconds
[2022-06-13T01:31:23.576+0000][1][safepoint    ] Entering safepoint region: RevokeBias
[2022-06-13T01:31:23.576+0000][1][safepoint    ] Leaving safepoint region
[2022-06-13T01:31:23.576+0000][1][safepoint    ] Total time for which application threads were stopped: 0.0007049 seconds, Stopping threads took: 0.0003216 seconds
[2022-06-13T01:31:23.579+0000][1][safepoint    ] Application time: 0.0023085 seconds
[2022-06-13T01:31:23.579+0000][1][safepoint    ] Entering safepoint region: RevokeBias
[2022-06-13T01:31:23.580+0000][1][safepoint    ] Leaving safepoint region
[2022-06-13T01:31:23.580+0000][1][safepoint    ] Total time for which application threads were stopped: 0.0007790 seconds, Stopping threads took: 0.0004153 seconds
[2022-06-13T01:31:24.576+0000][1][safepoint    ] Application time: 0.9956914 seconds
[2022-06-13T01:31:24.577+0000][1][safepoint    ] Entering safepoint region: RevokeBias
[2022-06-13T01:31:24.577+0000][1][safepoint    ] Leaving safepoint region
[2022-06-13T01:31:24.578+0000][1][safepoint    ] Total time for which application threads were stopped: 0.0010301 seconds, Stopping threads took: 0.0004469 seconds
[2022-06-13T01:31:24.579+0000][1][safepoint    ] Application time: 0.0007937 seconds
[2022-06-13T01:31:24.579+0000][1][safepoint    ] Entering safepoint region: RevokeBias
[2022-06-13T01:31:24.580+0000][1][safepoint    ] Leaving safepoint region
[2022-06-13T01:31:24.580+0000][1][safepoint    ] Total time for which application threads were stopped: 0.0011075 seconds, Stopping threads took: 0.0004389 seconds
[2022-06-13T01:31:24.581+0000][1][safepoint    ] Application time: 0.0005690 seconds
[2022-06-13T01:31:24.582+0000][1][safepoint    ] Entering safepoint region: RevokeBias
[2022-06-13T01:31:24.583+0000][1][safepoint    ] Leaving safepoint region
[2022-06-13T01:31:24.584+0000][1][safepoint    ] Total time for which application threads were stopped: 0.0016006 seconds, Stopping threads took: 0.0010641 seconds
[2022-06-13T01:31:25.584+0000][1][safepoint    ] Application time: 1.0003672 seconds
[2022-06-13T01:31:25.585+0000][1][safepoint    ] Entering safepoint region: Cleanup
[2022-06-13T01:31:25.586+0000][1][safepoint    ] Leaving safepoint region
[2022-06-13T01:31:25.586+0000][1][safepoint    ] Total time for which application threads were stopped: 0.0009311 seconds, Stopping threads took: 0.0004683 seconds
[2022-06-13T01:31:26.587+0000][1][safepoint    ] Application time: 1.0002197 seconds
[2022-06-13T01:31:26.587+0000][1][safepoint    ] Entering safepoint region: Cleanup
[2022-06-13T01:31:26.588+0000][1][safepoint    ] Leaving safepoint region
[2022-06-13T01:31:26.588+0000][1][safepoint    ] Total time for which application threads were stopped: 0.0014026 seconds, Stopping threads took: 0.0004693 seconds
[2022-06-13T01:31:27.578+0000][1][safepoint    ] Application time: 0.9882094 seconds
[2022-06-13T01:31:27.578+0000][1][safepoint    ] Entering safepoint region: RevokeBias
[2022-06-13T01:31:27.579+0000][1][safepoint    ] Leaving safepoint region
[2022-06-13T01:31:27.579+0000][1][safepoint    ] Total time for which application threads were stopped: 0.0011059 seconds, Stopping threads took: 0.0004506 seconds
[2022-06-13T01:31:27.581+0000][1][safepoint    ] Application time: 0.0008238 seconds
[2022-06-13T01:31:27.581+0000][1][safepoint    ] Entering safepoint region: RevokeBias
[2022-06-13T01:31:27.582+0000][1][safepoint    ] Leaving safepoint region
[2022-06-13T01:31:27.582+0000][1][safepoint    ] Total time for which application threads were stopped: 0.0009742 seconds, Stopping threads took: 0.0006420 seconds
[2022-06-13T01:31:28.578+0000][1][safepoint    ] Application time: 0.9960657 seconds
[2022-06-13T01:31:28.579+0000][1][safepoint    ] Entering safepoint region: RevokeBias
[2022-06-13T01:31:28.581+0000][1][safepoint    ] Leaving safepoint region
[2022-06-13T01:31:28.582+0000][1][safepoint    ] Total time for which application threads were stopped: 0.0026176 seconds, Stopping threads took: 0.0005671 seconds
[2022-06-13T01:31:28.583+0000][1][safepoint    ] Application time: 0.0008049 seconds
[2022-06-13T01:31:28.583+0000][1][safepoint    ] Entering safepoint region: BulkRevokeBias
[2022-06-13T01:31:28.584+0000][1][safepoint    ] Leaving safepoint region
[2022-06-13T01:31:28.584+0000][1][safepoint    ] Total time for which application threads were stopped: 0.0013836 seconds, Stopping threads took: 0.0005911 seconds
[2022-06-13T01:31:28.586+0000][1][safepoint    ] Application time: 0.0005172 seconds
[2022-06-13T01:31:28.586+0000][1][safepoint    ] Entering safepoint region: BulkRevokeBias
[2022-06-13T01:31:28.588+0000][1][safepoint    ] Leaving safepoint region
[2022-06-13T01:31:28.588+0000][1][safepoint    ] Total time for which application threads were stopped: 0.0022231 seconds, Stopping threads took: 0.0005153 seconds
[2022-06-13T01:31:31.580+0000][1][safepoint    ] Application time: 2.9907314 seconds
[2022-06-13T01:31:31.580+0000][1][safepoint    ] Entering safepoint region: RevokeBias
[2022-06-13T01:31:31.583+0000][1][safepoint    ] Leaving safepoint region
[2022-06-13T01:31:31.584+0000][1][safepoint    ] Total time for which application threads were stopped: 0.0031569 seconds, Stopping threads took: 0.0007565 seconds
[2022-06-13T01:31:34.570+0000][1][safepoint    ] Application time: 2.9859732 seconds
[2022-06-13T01:31:34.571+0000][1][safepoint    ] Entering safepoint region: Cleanup
[2022-06-13T01:31:34.572+0000][1][safepoint    ] Leaving safepoint region
[2022-06-13T01:31:34.573+0000][1][safepoint    ] Total time for which application threads were stopped: 0.0020275 seconds, Stopping threads took: 0.0008973 seconds
[2022-06-13T01:31:36.574+0000][1][safepoint    ] Application time: 2.0005138 seconds
[2022-06-13T01:31:36.575+0000][1][safepoint    ] Entering safepoint region: Cleanup
[2022-06-13T01:31:36.576+0000][1][safepoint    ] Leaving safepoint region
[2022-06-13T01:31:36.576+0000][1][safepoint    ] Total time for which application threads were stopped: 0.0007880 seconds, Stopping threads took: 0.0003780 seconds
[2022-06-13T01:31:37.576+0000][1][safepoint    ] Application time: 1.0002309 seconds
[2022-06-13T01:31:37.577+0000][1][safepoint    ] Entering safepoint region: Cleanup
[2022-06-13T01:31:37.578+0000][1][safepoint    ] Leaving safepoint region
[2022-06-13T01:31:37.578+0000][1][safepoint    ] Total time for which application threads were stopped: 0.0012119 seconds, Stopping threads took: 0.0006901 seconds
[2022-06-13T01:31:38.579+0000][1][safepoint    ] Application time: 1.0002821 seconds
[2022-06-13T01:31:38.580+0000][1][safepoint    ] Entering safepoint region: Cleanup
[2022-06-13T01:31:38.581+0000][1][safepoint    ] Leaving safepoint region
[2022-06-13T01:31:38.581+0000][1][safepoint    ] Total time for which application threads were stopped: 0.0012742 seconds, Stopping threads took: 0.0006372 seconds
[2022-06-13T01:31:39.582+0000][1][safepoint    ] Application time: 1.0001858 seconds
[2022-06-13T01:31:39.583+0000][1][safepoint    ] Entering safepoint region: Cleanup
[2022-06-13T01:31:39.583+0000][1][safepoint    ] Leaving safepoint region
[2022-06-13T01:31:39.583+0000][1][safepoint    ] Total time for which application threads were stopped: 0.0006346 seconds, Stopping threads took: 0.0003582 seconds
[2022-06-13T01:31:40.584+0000][1][safepoint    ] Application time: 1.0001375 seconds
[2022-06-13T01:31:40.584+0000][1][safepoint    ] Entering safepoint region: Cleanup
[2022-06-13T01:31:40.585+0000][1][safepoint    ] Leaving safepoint region
[2022-06-13T01:31:40.585+0000][1][safepoint    ] Total time for which application threads were stopped: 0.0011383 seconds, Stopping threads took: 0.0005359 seconds
[2022-06-13T01:31:40.742+0000][1][safepoint    ] Application time: 0.1570067 seconds
[2022-06-13T01:31:40.743+0000][1][safepoint    ] Entering safepoint region: RevokeBias
[2022-06-13T01:31:40.744+0000][1][safepoint    ] Leaving safepoint region
[2022-06-13T01:31:40.744+0000][1][safepoint    ] Total time for which application threads were stopped: 0.0012809 seconds, Stopping threads took: 0.0005837 seconds
[2022-06-13T01:31:41.745+0000][1][safepoint    ] Application time: 1.0002482 seconds
[2022-06-13T01:31:41.746+0000][1][safepoint    ] Entering safepoint region: Cleanup
[2022-06-13T01:31:41.746+0000][1][safepoint    ] Leaving safepoint region
[2022-06-13T01:31:41.746+0000][1][safepoint    ] Total time for which application threads were stopped: 0.0008069 seconds, Stopping threads took: 0.0003775 seconds
[2022-06-13T01:31:42.747+0000][1][safepoint    ] Application time: 1.0002683 seconds
[2022-06-13T01:31:42.748+0000][1][safepoint    ] Entering safepoint region: Cleanup
[2022-06-13T01:31:42.748+0000][1][safepoint    ] Leaving safepoint region
[2022-06-13T01:31:42.749+0000][1][safepoint    ] Total time for which application threads were stopped: 0.0007863 seconds, Stopping threads took: 0.0003892 seconds
[2022-06-13T01:31:43.749+0000][1][safepoint    ] Application time: 1.0002818 seconds
[2022-06-13T01:31:43.750+0000][1][safepoint    ] Entering safepoint region: Cleanup
[2022-06-13T01:31:43.751+0000][1][safepoint    ] Leaving safepoint region
[2022-06-13T01:31:43.751+0000][1][safepoint    ] Total time for which application threads were stopped: 0.0007398 seconds, Stopping threads took: 0.0003830 seconds
[2022-06-13T01:31:44.751+0000][1][safepoint    ] Application time: 1.0002616 seconds
[2022-06-13T01:31:44.752+0000][1][safepoint    ] Entering safepoint region: Cleanup
[2022-06-13T01:31:44.753+0000][1][safepoint    ] Leaving safepoint region
[2022-06-13T01:31:44.753+0000][1][safepoint    ] Total time for which application threads were stopped: 0.0008388 seconds, Stopping threads took: 0.0004023 seconds
[2022-06-13T01:31:45.753+0000][1][safepoint    ] Application time: 1.0001554 seconds
[2022-06-13T01:31:45.754+0000][1][safepoint    ] Entering safepoint region: Cleanup
[2022-06-13T01:31:45.755+0000][1][safepoint    ] Leaving safepoint region
[2022-06-13T01:31:45.755+0000][1][safepoint    ] Total time for which application threads were stopped: 0.0010082 seconds, Stopping threads took: 0.0004313 seconds
[2022-06-13T01:31:46.756+0000][1][safepoint    ] Application time: 1.0002402 seconds
[2022-06-13T01:31:46.757+0000][1][safepoint    ] Entering safepoint region: Cleanup
[2022-06-13T01:31:46.757+0000][1][safepoint    ] Leaving safepoint region
[2022-06-13T01:31:46.757+0000][1][safepoint    ] Total time for which application threads were stopped: 0.0006827 seconds, Stopping threads took: 0.0002981 seconds
[2022-06-13T01:31:47.758+0000][1][safepoint    ] Application time: 1.0002259 seconds
[2022-06-13T01:31:47.758+0000][1][safepoint    ] Entering safepoint region: Cleanup
[2022-06-13T01:31:47.759+0000][1][safepoint    ] Leaving safepoint region
[2022-06-13T01:31:47.759+0000][1][safepoint    ] Total time for which application threads were stopped: 0.0007453 seconds, Stopping threads took: 0.0003487 seconds
[2022-06-13T01:31:48.759+0000][1][safepoint    ] Application time: 1.0001743 seconds
[2022-06-13T01:31:48.760+0000][1][safepoint    ] Entering safepoint region: Cleanup
[2022-06-13T01:31:48.761+0000][1][safepoint    ] Leaving safepoint region
[2022-06-13T01:31:48.761+0000][1][safepoint    ] Total time for which application threads were stopped: 0.0009390 seconds, Stopping threads took: 0.0004531 seconds
[2022-06-13T01:31:49.761+0000][1][safepoint    ] Application time: 1.0002074 seconds
[2022-06-13T01:31:49.762+0000][1][safepoint    ] Entering safepoint region: Cleanup
[2022-06-13T01:31:49.763+0000][1][safepoint    ] Leaving safepoint region
[2022-06-13T01:31:49.763+0000][1][safepoint    ] Total time for which application threads were stopped: 0.0007908 seconds, Stopping threads took: 0.0003504 seconds
[2022-06-13T01:31:50.763+0000][1][safepoint    ] Application time: 1.0001301 seconds
[2022-06-13T01:31:50.764+0000][1][safepoint    ] Entering safepoint region: Cleanup
[2022-06-13T01:31:50.765+0000][1][safepoint    ] Leaving safepoint region
[2022-06-13T01:31:50.765+0000][1][safepoint    ] Total time for which application threads were stopped: 0.0011615 seconds, Stopping threads took: 0.0006207 seconds
[2022-06-13T01:31:51.765+0000][1][safepoint    ] Application time: 1.0002017 seconds
[2022-06-13T01:31:51.766+0000][1][safepoint    ] Entering safepoint region: Cleanup
[2022-06-13T01:31:51.766+0000][1][safepoint    ] Leaving safepoint region
[2022-06-13T01:31:51.766+0000][1][safepoint    ] Total time for which application threads were stopped: 0.0004692 seconds, Stopping threads took: 0.0001961 seconds
[2022-06-13T01:31:52.767+0000][1][safepoint    ] Application time: 1.0002020 seconds
[2022-06-13T01:31:52.768+0000][1][safepoint    ] Entering safepoint region: Cleanup
[2022-06-13T01:31:52.768+0000][1][safepoint    ] Leaving safepoint region
[2022-06-13T01:31:52.769+0000][1][safepoint    ] Total time for which application threads were stopped: 0.0010233 seconds, Stopping threads took: 0.0005155 seconds
[2022-06-13T01:31:53.769+0000][1][safepoint    ] Application time: 1.0002176 seconds
[2022-06-13T01:31:53.769+0000][1][safepoint    ] Entering safepoint region: Cleanup
[2022-06-13T01:31:53.770+0000][1][safepoint    ] Leaving safepoint region
[2022-06-13T01:31:53.770+0000][1][safepoint    ] Total time for which application threads were stopped: 0.0005609 seconds, Stopping threads took: 0.0001729 seconds
[2022-06-13T01:31:54.770+0000][1][safepoint    ] Application time: 1.0001642 seconds
[2022-06-13T01:31:54.771+0000][1][safepoint    ] Entering safepoint region: Cleanup
[2022-06-13T01:31:54.772+0000][1][safepoint    ] Leaving safepoint region
[2022-06-13T01:31:54.772+0000][1][safepoint    ] Total time for which application threads were stopped: 0.0010782 seconds, Stopping threads took: 0.0003872 seconds
[2022-06-13T01:31:55.773+0000][1][safepoint    ] Application time: 1.0003216 seconds
[2022-06-13T01:31:55.774+0000][1][safepoint    ] Entering safepoint region: Cleanup
[2022-06-13T01:31:55.775+0000][1][safepoint    ] Leaving safepoint region
[2022-06-13T01:31:55.776+0000][1][safepoint    ] Total time for which application threads were stopped: 0.0013435 seconds, Stopping threads took: 0.0005871 seconds
[2022-06-13T01:31:56.777+0000][1][safepoint    ] Application time: 1.0001912 seconds
[2022-06-13T01:31:56.777+0000][1][safepoint    ] Entering safepoint region: Cleanup
[2022-06-13T01:31:56.777+0000][1][safepoint    ] Leaving safepoint region
[2022-06-13T01:31:56.778+0000][1][safepoint    ] Total time for which application threads were stopped: 0.0007898 seconds, Stopping threads took: 0.0002997 seconds
[2022-06-13T01:31:57.778+0000][1][safepoint    ] Application time: 1.0002799 seconds
[2022-06-13T01:31:57.779+0000][1][safepoint    ] Entering safepoint region: Cleanup
[2022-06-13T01:31:57.780+0000][1][safepoint    ] Leaving safepoint region
[2022-06-13T01:31:57.780+0000][1][safepoint    ] Total time for which application threads were stopped: 0.0009552 seconds, Stopping threads took: 0.0004094 seconds
[2022-06-13T01:31:58.780+0000][1][safepoint    ] Application time: 1.0001625 seconds
[2022-06-13T01:31:58.781+0000][1][safepoint    ] Entering safepoint region: Cleanup
[2022-06-13T01:31:58.781+0000][1][safepoint    ] Leaving safepoint region
[2022-06-13T01:31:58.782+0000][1][safepoint    ] Total time for which application threads were stopped: 0.0011838 seconds, Stopping threads took: 0.0004865 seconds
[2022-06-13T01:31:59.783+0000][1][safepoint    ] Application time: 1.0001903 seconds
[2022-06-13T01:31:59.783+0000][1][safepoint    ] Entering safepoint region: Cleanup
[2022-06-13T01:31:59.784+0000][1][safepoint    ] Leaving safepoint region
[2022-06-13T01:31:59.784+0000][1][safepoint    ] Total time for which application threads were stopped: 0.0009006 seconds, Stopping threads took: 0.0003894 seconds
[2022-06-13T01:32:00.785+0000][1][safepoint    ] Application time: 1.0001882 seconds
[2022-06-13T01:32:00.786+0000][1][safepoint    ] Entering safepoint region: Cleanup
[2022-06-13T01:32:00.787+0000][1][safepoint    ] Leaving safepoint region
[2022-06-13T01:32:00.787+0000][1][safepoint    ] Total time for which application threads were stopped: 0.0012838 seconds, Stopping threads took: 0.0005628 seconds
[2022-06-13T01:32:01.788+0000][1][safepoint    ] Application time: 1.0002663 seconds
[2022-06-13T01:32:01.789+0000][1][safepoint    ] Entering safepoint region: Cleanup
[2022-06-13T01:32:01.789+0000][1][safepoint    ] Leaving safepoint region
[2022-06-13T01:32:01.790+0000][1][safepoint    ] Total time for which application threads were stopped: 0.0013192 seconds, Stopping threads took: 0.0005346 seconds
[2022-06-13T01:32:02.791+0000][1][safepoint    ] Application time: 1.0002731 seconds
[2022-06-13T01:32:02.791+0000][1][safepoint    ] Entering safepoint region: Cleanup
[2022-06-13T01:32:02.793+0000][1][safepoint    ] Leaving safepoint region
[2022-06-13T01:32:02.793+0000][1][safepoint    ] Total time for which application threads were stopped: 0.0019123 seconds, Stopping threads took: 0.0009319 seconds
[2022-06-13T01:32:03.794+0000][1][safepoint    ] Application time: 1.0001662 seconds
[2022-06-13T01:32:03.794+0000][1][safepoint    ] Entering safepoint region: Cleanup
[2022-06-13T01:32:03.795+0000][1][safepoint    ] Leaving safepoint region
[2022-06-13T01:32:03.795+0000][1][safepoint    ] Total time for which application threads were stopped: 0.0006752 seconds, Stopping threads took: 0.0002724 seconds
[2022-06-13T01:32:04.641+0000][1][safepoint    ] Application time: 0.8459685 seconds
[2022-06-13T01:32:04.642+0000][1][safepoint    ] Entering safepoint region: RevokeBias
[2022-06-13T01:32:04.642+0000][1][safepoint    ] Leaving safepoint region
[2022-06-13T01:32:04.643+0000][1][safepoint    ] Total time for which application threads were stopped: 0.0008427 seconds, Stopping threads took: 0.0003647 seconds
[2022-06-13T01:32:04.643+0000][1][safepoint    ] Application time: 0.0002189 seconds
[2022-06-13T01:32:04.644+0000][1][safepoint    ] Entering safepoint region: RevokeBias
[2022-06-13T01:32:04.644+0000][1][safepoint    ] Leaving safepoint region
[2022-06-13T01:32:04.645+0000][1][safepoint    ] Total time for which application threads were stopped: 0.0008329 seconds, Stopping threads took: 0.0003756 seconds
[2022-06-13T01:32:04.647+0000][1][safepoint    ] Application time: 0.0019166 seconds
[2022-06-13T01:32:04.647+0000][1][safepoint    ] Entering safepoint region: RevokeBias
[2022-06-13T01:32:04.648+0000][1][safepoint    ] Leaving safepoint region
[2022-06-13T01:32:04.649+0000][1][safepoint    ] Total time for which application threads were stopped: 0.0011481 seconds, Stopping threads took: 0.0005750 seconds
[2022-06-13T01:32:04.649+0000][1][safepoint    ] Application time: 0.0002912 seconds
[2022-06-13T01:32:04.650+0000][1][safepoint    ] Entering safepoint region: RevokeBias
[2022-06-13T01:32:04.651+0000][1][safepoint    ] Leaving safepoint region
[2022-06-13T01:32:04.651+0000][1][safepoint    ] Total time for which application threads were stopped: 0.0011163 seconds, Stopping threads took: 0.0004688 seconds
[2022-06-13T01:32:04.652+0000][1][safepoint    ] Application time: 0.0003606 seconds
[2022-06-13T01:32:04.652+0000][1][safepoint    ] Entering safepoint region: RevokeBias
[2022-06-13T01:32:04.653+0000][1][safepoint    ] Leaving safepoint region
[2022-06-13T01:32:04.654+0000][1][safepoint    ] Total time for which application threads were stopped: 0.0017169 seconds, Stopping threads took: 0.0008122 seconds
[2022-06-13T01:32:04.656+0000][1][safepoint    ] Application time: 0.0019477 seconds
[2022-06-13T01:32:04.658+0000][1][safepoint    ] Entering safepoint region: RevokeBias
[2022-06-13T01:32:04.659+0000][1][safepoint    ] Leaving safepoint region
[2022-06-13T01:32:04.659+0000][1][safepoint    ] Total time for which application threads were stopped: 0.0018025 seconds, Stopping threads took: 0.0007870 seconds
[2022-06-13T01:32:04.661+0000][1][safepoint    ] Application time: 0.0015184 seconds
[2022-06-13T01:32:04.662+0000][1][safepoint    ] Entering safepoint region: RevokeBias
[2022-06-13T01:32:04.663+0000][1][safepoint    ] Leaving safepoint region
[2022-06-13T01:32:04.663+0000][1][safepoint    ] Total time for which application threads were stopped: 0.0011947 seconds, Stopping threads took: 0.0006451 seconds
[2022-06-13T01:32:04.665+0000][1][safepoint    ] Application time: 0.0006819 seconds
[2022-06-13T01:32:04.665+0000][1][safepoint    ] Entering safepoint region: BulkRevokeBias
[2022-06-13T01:32:04.667+0000][1][safepoint    ] Leaving safepoint region
[2022-06-13T01:32:04.667+0000][1][safepoint    ] Total time for which application threads were stopped: 0.0021067 seconds, Stopping threads took: 0.0004391 seconds
[2022-06-13T01:32:04.669+0000][1][safepoint    ] Application time: 0.0009327 seconds
[2022-06-13T01:32:04.669+0000][1][safepoint    ] Entering safepoint region: RevokeBias
[2022-06-13T01:32:04.670+0000][1][safepoint    ] Leaving safepoint region
[2022-06-13T01:32:04.670+0000][1][safepoint    ] Total time for which application threads were stopped: 0.0010999 seconds, Stopping threads took: 0.0005534 seconds
[2022-06-13T01:32:04.671+0000][1][safepoint    ] Application time: 0.0007365 seconds
[2022-06-13T01:32:04.672+0000][1][safepoint    ] Entering safepoint region: RevokeBias
[2022-06-13T01:32:04.672+0000][1][safepoint    ] Leaving safepoint region
[2022-06-13T01:32:04.673+0000][1][safepoint    ] Total time for which application threads were stopped: 0.0016357 seconds, Stopping threads took: 0.0005367 seconds
[2022-06-13T01:32:04.674+0000][1][safepoint    ] Application time: 0.0003228 seconds
[2022-06-13T01:32:04.675+0000][1][safepoint    ] Entering safepoint region: RevokeBias
[2022-06-13T01:32:04.676+0000][1][safepoint    ] Leaving safepoint region
[2022-06-13T01:32:04.676+0000][1][safepoint    ] Total time for which application threads were stopped: 0.0013605 seconds, Stopping threads took: 0.0005416 seconds
[2022-06-13T01:32:04.677+0000][1][safepoint    ] Application time: 0.0005725 seconds
[2022-06-13T01:32:04.678+0000][1][safepoint    ] Entering safepoint region: RevokeBias
[2022-06-13T01:32:04.678+0000][1][safepoint    ] Leaving safepoint region
[2022-06-13T01:32:04.679+0000][1][safepoint    ] Total time for which application threads were stopped: 0.0011700 seconds, Stopping threads took: 0.0005076 seconds
[2022-06-13T01:32:04.680+0000][1][safepoint    ] Application time: 0.0006743 seconds
[2022-06-13T01:32:04.681+0000][1][safepoint    ] Entering safepoint region: RevokeBias
[2022-06-13T01:32:04.681+0000][1][safepoint    ] Leaving safepoint region
[2022-06-13T01:32:04.682+0000][1][safepoint    ] Total time for which application threads were stopped: 0.0008424 seconds, Stopping threads took: 0.0004427 seconds
[2022-06-13T01:32:04.683+0000][1][safepoint    ] Application time: 0.0003859 seconds
[2022-06-13T01:32:04.683+0000][1][safepoint    ] Entering safepoint region: RevokeBias
[2022-06-13T01:32:04.684+0000][1][safepoint    ] Leaving safepoint region
[2022-06-13T01:32:04.684+0000][1][safepoint    ] Total time for which application threads were stopped: 0.0009316 seconds, Stopping threads took: 0.0004200 seconds
[2022-06-13T01:32:04.684+0000][1][safepoint    ] Application time: 0.0000838 seconds
[2022-06-13T01:32:04.685+0000][1][safepoint    ] Entering safepoint region: RevokeBias
[2022-06-13T01:32:04.685+0000][1][safepoint    ] Leaving safepoint region
[2022-06-13T01:32:04.686+0000][1][safepoint    ] Total time for which application threads were stopped: 0.0007863 seconds, Stopping threads took: 0.0004066 seconds
[2022-06-13T01:32:04.686+0000][1][safepoint    ] Application time: 0.0002328 seconds
[2022-06-13T01:32:04.686+0000][1][safepoint    ] Entering safepoint region: RevokeBias
[2022-06-13T01:32:04.687+0000][1][safepoint    ] Leaving safepoint region
[2022-06-13T01:32:04.687+0000][1][safepoint    ] Total time for which application threads were stopped: 0.0008232 seconds, Stopping threads took: 0.0003632 seconds
[2022-06-13T01:32:04.688+0000][1][safepoint    ] Application time: 0.0004684 seconds
[2022-06-13T01:32:04.689+0000][1][safepoint    ] Entering safepoint region: RevokeBias
[2022-06-13T01:32:04.690+0000][1][safepoint    ] Leaving safepoint region
[2022-06-13T01:32:04.690+0000][1][safepoint    ] Total time for which application threads were stopped: 0.0014424 seconds, Stopping threads took: 0.0009159 seconds
[2022-06-13T01:32:04.692+0000][1][safepoint    ] Application time: 0.0008462 seconds
[2022-06-13T01:32:04.692+0000][1][safepoint    ] Entering safepoint region: RevokeBias
[2022-06-13T01:32:04.693+0000][1][safepoint    ] Leaving safepoint region
[2022-06-13T01:32:04.693+0000][1][safepoint    ] Total time for which application threads were stopped: 0.0011827 seconds, Stopping threads took: 0.0006011 seconds
[2022-06-13T01:32:04.694+0000][1][safepoint    ] Application time: 0.0007862 seconds
[2022-06-13T01:32:04.695+0000][1][safepoint    ] Entering safepoint region: RevokeBias
[2022-06-13T01:32:04.696+0000][1][safepoint    ] Leaving safepoint region
[2022-06-13T01:32:04.696+0000][1][safepoint    ] Total time for which application threads were stopped: 0.0010821 seconds, Stopping threads took: 0.0006530 seconds
[2022-06-13T01:32:04.697+0000][1][safepoint    ] Application time: 0.0004781 seconds
[2022-06-13T01:32:04.697+0000][1][safepoint    ] Entering safepoint region: RevokeBias
[2022-06-13T01:32:04.697+0000][1][safepoint    ] Leaving safepoint region
[2022-06-13T01:32:04.698+0000][1][safepoint    ] Total time for which application threads were stopped: 0.0009285 seconds, Stopping threads took: 0.0003623 seconds
[2022-06-13T01:32:04.699+0000][1][safepoint    ] Application time: 0.0003545 seconds
[2022-06-13T01:32:04.699+0000][1][safepoint    ] Entering safepoint region: RevokeBias
[2022-06-13T01:32:04.700+0000][1][safepoint    ] Leaving safepoint region
[2022-06-13T01:32:04.700+0000][1][safepoint    ] Total time for which application threads were stopped: 0.0014311 seconds, Stopping threads took: 0.0004220 seconds
[2022-06-13T01:32:04.702+0000][1][safepoint    ] Application time: 0.0008387 seconds
[2022-06-13T01:32:04.702+0000][1][safepoint    ] Entering safepoint region: RevokeBias
[2022-06-13T01:32:04.703+0000][1][safepoint    ] Leaving safepoint region
[2022-06-13T01:32:04.703+0000][1][safepoint    ] Total time for which application threads were stopped: 0.0012533 seconds, Stopping threads took: 0.0003487 seconds
[2022-06-13T01:32:04.704+0000][1][safepoint    ] Application time: 0.0004046 seconds
[2022-06-13T01:32:04.705+0000][1][safepoint    ] Entering safepoint region: RevokeBias
[2022-06-13T01:32:04.706+0000][1][safepoint    ] Leaving safepoint region
[2022-06-13T01:32:04.706+0000][1][safepoint    ] Total time for which application threads were stopped: 0.0011977 seconds, Stopping threads took: 0.0007215 seconds
[2022-06-13T01:32:04.707+0000][1][safepoint    ] Application time: 0.0006662 seconds
[2022-06-13T01:32:04.708+0000][1][safepoint    ] Entering safepoint region: RevokeBias
[2022-06-13T01:32:04.708+0000][1][safepoint    ] Leaving safepoint region
[2022-06-13T01:32:04.708+0000][1][safepoint    ] Total time for which application threads were stopped: 0.0008582 seconds, Stopping threads took: 0.0003896 seconds
[2022-06-13T01:32:04.710+0000][1][safepoint    ] Application time: 0.0009695 seconds
[2022-06-13T01:32:04.710+0000][1][safepoint    ] Entering safepoint region: RevokeBias
[2022-06-13T01:32:04.711+0000][1][safepoint    ] Leaving safepoint region
[2022-06-13T01:32:04.711+0000][1][safepoint    ] Total time for which application threads were stopped: 0.0011267 seconds, Stopping threads took: 0.0003718 seconds
[2022-06-13T01:32:04.713+0000][1][safepoint    ] Application time: 0.0012293 seconds
[2022-06-13T01:32:04.714+0000][1][safepoint    ] Entering safepoint region: RevokeBias
[2022-06-13T01:32:04.715+0000][1][safepoint    ] Leaving safepoint region
[2022-06-13T01:32:04.715+0000][1][safepoint    ] Total time for which application threads were stopped: 0.0015485 seconds, Stopping threads took: 0.0004298 seconds
[2022-06-13T01:32:04.718+0000][1][safepoint    ] Application time: 0.0020526 seconds
[2022-06-13T01:32:04.718+0000][1][safepoint    ] Entering safepoint region: RevokeBias
[2022-06-13T01:32:04.719+0000][1][safepoint    ] Leaving safepoint region
[2022-06-13T01:32:04.719+0000][1][safepoint    ] Total time for which application threads were stopped: 0.0007442 seconds, Stopping threads took: 0.0004279 seconds
[2022-06-13T01:32:04.719+0000][1][safepoint    ] Application time: 0.0002464 seconds
[2022-06-13T01:32:04.720+0000][1][safepoint    ] Entering safepoint region: RevokeBias
[2022-06-13T01:32:04.720+0000][1][safepoint    ] Leaving safepoint region
[2022-06-13T01:32:04.721+0000][1][safepoint    ] Total time for which application threads were stopped: 0.0006384 seconds, Stopping threads took: 0.0002703 seconds
[2022-06-13T01:32:04.722+0000][1][safepoint    ] Application time: 0.0004775 seconds
[2022-06-13T01:32:04.722+0000][1][safepoint    ] Entering safepoint region: RevokeBias
[2022-06-13T01:32:04.722+0000][1][safepoint    ] Leaving safepoint region
[2022-06-13T01:32:04.722+0000][1][safepoint    ] Total time for which application threads were stopped: 0.0007027 seconds, Stopping threads took: 0.0003346 seconds
[2022-06-13T01:32:04.723+0000][1][safepoint    ] Application time: 0.0002757 seconds
[2022-06-13T01:32:04.723+0000][1][safepoint    ] Entering safepoint region: RevokeBias
[2022-06-13T01:32:04.724+0000][1][safepoint    ] Leaving safepoint region
[2022-06-13T01:32:04.724+0000][1][safepoint    ] Total time for which application threads were stopped: 0.0007707 seconds, Stopping threads took: 0.0004463 seconds
[2022-06-13T01:32:04.724+0000][1][safepoint    ] Application time: 0.0001291 seconds
[2022-06-13T01:32:04.725+0000][1][safepoint    ] Entering safepoint region: RevokeBias
[2022-06-13T01:32:04.725+0000][1][safepoint    ] Leaving safepoint region
[2022-06-13T01:32:04.726+0000][1][safepoint    ] Total time for which application threads were stopped: 0.0007674 seconds, Stopping threads took: 0.0002848 seconds
[2022-06-13T01:32:04.726+0000][1][safepoint    ] Application time: 0.0001615 seconds
[2022-06-13T01:32:04.726+0000][1][safepoint    ] Entering safepoint region: RevokeBias
[2022-06-13T01:32:04.727+0000][1][safepoint    ] Leaving safepoint region
[2022-06-13T01:32:04.727+0000][1][safepoint    ] Total time for which application threads were stopped: 0.0006898 seconds, Stopping threads took: 0.0002739 seconds
[2022-06-13T01:32:04.727+0000][1][safepoint    ] Application time: 0.0001317 seconds
[2022-06-13T01:32:04.728+0000][1][safepoint    ] Entering safepoint region: RevokeBias
[2022-06-13T01:32:04.728+0000][1][safepoint    ] Leaving safepoint region
[2022-06-13T01:32:04.728+0000][1][safepoint    ] Total time for which application threads were stopped: 0.0005201 seconds, Stopping threads took: 0.0002393 seconds
[2022-06-13T01:32:04.728+0000][1][safepoint    ] Application time: 0.0001404 seconds
[2022-06-13T01:32:04.729+0000][1][safepoint    ] Entering safepoint region: RevokeBias
[2022-06-13T01:32:04.730+0000][1][safepoint    ] Leaving safepoint region
[2022-06-13T01:32:04.730+0000][1][safepoint    ] Total time for which application threads were stopped: 0.0008477 seconds, Stopping threads took: 0.0003860 seconds
[2022-06-13T01:32:04.732+0000][1][safepoint    ] Application time: 0.0018280 seconds
[2022-06-13T01:32:04.733+0000][1][safepoint    ] Entering safepoint region: RevokeBias
[2022-06-13T01:32:04.733+0000][1][safepoint    ] Leaving safepoint region
[2022-06-13T01:32:04.733+0000][1][safepoint    ] Total time for which application threads were stopped: 0.0007544 seconds, Stopping threads took: 0.0003638 seconds
[2022-06-13T01:32:04.955+0000][1][safepoint    ] Application time: 0.2213370 seconds
[2022-06-13T01:32:04.956+0000][1][safepoint    ] Entering safepoint region: RevokeBias
[2022-06-13T01:32:04.956+0000][1][safepoint    ] Leaving safepoint region
[2022-06-13T01:32:04.957+0000][1][safepoint    ] Total time for which application threads were stopped: 0.0009988 seconds, Stopping threads took: 0.0005271 seconds
[2022-06-13T01:32:04.957+0000][1][safepoint    ] Application time: 0.0006246 seconds
[2022-06-13T01:32:04.959+0000][1][safepoint    ] Entering safepoint region: RevokeBias
[2022-06-13T01:32:04.959+0000][1][safepoint    ] Leaving safepoint region
[2022-06-13T01:32:04.960+0000][1][safepoint    ] Total time for which application threads were stopped: 0.0009633 seconds, Stopping threads took: 0.0005892 seconds
[2022-06-13T01:32:04.960+0000][1][safepoint    ] Application time: 0.0003513 seconds
[2022-06-13T01:32:04.961+0000][1][safepoint    ] Entering safepoint region: RevokeBias
[2022-06-13T01:32:04.962+0000][1][safepoint    ] Leaving safepoint region
[2022-06-13T01:32:04.962+0000][1][safepoint    ] Total time for which application threads were stopped: 0.0009177 seconds, Stopping threads took: 0.0004137 seconds
[2022-06-13T01:32:04.962+0000][1][safepoint    ] Application time: 0.0001981 seconds
[2022-06-13T01:32:04.963+0000][1][safepoint    ] Entering safepoint region: RevokeBias
[2022-06-13T01:32:04.963+0000][1][safepoint    ] Leaving safepoint region
[2022-06-13T01:32:04.963+0000][1][safepoint    ] Total time for which application threads were stopped: 0.0006968 seconds, Stopping threads took: 0.0002188 seconds
[2022-06-13T01:32:04.964+0000][1][safepoint    ] Application time: 0.0001722 seconds
[2022-06-13T01:32:04.965+0000][1][safepoint    ] Entering safepoint region: RevokeBias
[2022-06-13T01:32:04.965+0000][1][safepoint    ] Leaving safepoint region
[2022-06-13T01:32:04.966+0000][1][safepoint    ] Total time for which application threads were stopped: 0.0015039 seconds, Stopping threads took: 0.0007280 seconds
[2022-06-13T01:32:04.971+0000][1][safepoint    ] Application time: 0.0045674 seconds
[2022-06-13T01:32:04.972+0000][1][safepoint    ] Entering safepoint region: RevokeBias
[2022-06-13T01:32:04.973+0000][1][safepoint    ] Leaving safepoint region
[2022-06-13T01:32:04.974+0000][1][safepoint    ] Total time for which application threads were stopped: 0.0020742 seconds, Stopping threads took: 0.0012934 seconds
[2022-06-13T01:32:04.975+0000][1][safepoint    ] Application time: 0.0002999 seconds
[2022-06-13T01:32:04.975+0000][1][safepoint    ] Entering safepoint region: RevokeBias
[2022-06-13T01:32:04.976+0000][1][safepoint    ] Leaving safepoint region
[2022-06-13T01:32:04.976+0000][1][safepoint    ] Total time for which application threads were stopped: 0.0012602 seconds, Stopping threads took: 0.0008188 seconds
[2022-06-13T01:32:04.980+0000][1][safepoint    ] Application time: 0.0033701 seconds
[2022-06-13T01:32:04.980+0000][1][safepoint    ] Entering safepoint region: RevokeBias
[2022-06-13T01:32:04.981+0000][1][safepoint    ] Leaving safepoint region
[2022-06-13T01:32:04.981+0000][1][safepoint    ] Total time for which application threads were stopped: 0.0007692 seconds, Stopping threads took: 0.0004715 seconds
[2022-06-13T01:32:04.982+0000][1][safepoint    ] Application time: 0.0001707 seconds
[2022-06-13T01:32:04.982+0000][1][safepoint    ] Entering safepoint region: RevokeBias
[2022-06-13T01:32:04.983+0000][1][safepoint    ] Leaving safepoint region
[2022-06-13T01:32:04.983+0000][1][safepoint    ] Total time for which application threads were stopped: 0.0008993 seconds, Stopping threads took: 0.0005842 seconds
[2022-06-13T01:32:04.984+0000][1][safepoint    ] Application time: 0.0002110 seconds
[2022-06-13T01:32:04.984+0000][1][safepoint    ] Entering safepoint region: BulkRevokeBias
[2022-06-13T01:32:04.985+0000][1][safepoint    ] Leaving safepoint region
[2022-06-13T01:32:04.985+0000][1][safepoint    ] Total time for which application threads were stopped: 0.0013571 seconds, Stopping threads took: 0.0007219 seconds
[2022-06-13T01:32:04.989+0000][1][safepoint    ] Application time: 0.0026579 seconds
[2022-06-13T01:32:04.989+0000][1][safepoint    ] Entering safepoint region: RevokeBias
[2022-06-13T01:32:04.990+0000][1][safepoint    ] Leaving safepoint region
[2022-06-13T01:32:04.990+0000][1][safepoint    ] Total time for which application threads were stopped: 0.0011183 seconds, Stopping threads took: 0.0006146 seconds
[2022-06-13T01:32:05.000+0000][1][safepoint    ] Application time: 0.0093359 seconds
[2022-06-13T01:32:05.000+0000][1][safepoint    ] Entering safepoint region: RevokeBias
[2022-06-13T01:32:05.001+0000][1][safepoint    ] Leaving safepoint region
[2022-06-13T01:32:05.001+0000][1][safepoint    ] Total time for which application threads were stopped: 0.0008628 seconds, Stopping threads took: 0.0004125 seconds
[2022-06-13T01:32:05.002+0000][1][safepoint    ] Application time: 0.0003569 seconds
[2022-06-13T01:32:05.002+0000][1][safepoint    ] Entering safepoint region: RevokeBias
[2022-06-13T01:32:05.003+0000][1][safepoint    ] Leaving safepoint region
[2022-06-13T01:32:05.003+0000][1][safepoint    ] Total time for which application threads were stopped: 0.0009835 seconds, Stopping threads took: 0.0005200 seconds
[2022-06-13T01:32:05.004+0000][1][safepoint    ] Application time: 0.0002677 seconds
[2022-06-13T01:32:05.004+0000][1][safepoint    ] Entering safepoint region: RevokeBias
[2022-06-13T01:32:05.005+0000][1][safepoint    ] Leaving safepoint region
[2022-06-13T01:32:05.006+0000][1][safepoint    ] Total time for which application threads were stopped: 0.0011093 seconds, Stopping threads took: 0.0005420 seconds
[2022-06-13T01:32:05.007+0000][1][safepoint    ] Application time: 0.0008774 seconds
[2022-06-13T01:32:05.008+0000][1][safepoint    ] Entering safepoint region: RevokeBias
[2022-06-13T01:32:05.008+0000][1][safepoint    ] Leaving safepoint region
[2022-06-13T01:32:05.008+0000][1][safepoint    ] Total time for which application threads were stopped: 0.0007754 seconds, Stopping threads took: 0.0003882 seconds
[2022-06-13T01:32:05.010+0000][1][safepoint    ] Application time: 0.0017122 seconds
[2022-06-13T01:32:05.011+0000][1][safepoint    ] Entering safepoint region: RevokeBias
[2022-06-13T01:32:05.011+0000][1][safepoint    ] Leaving safepoint region
[2022-06-13T01:32:05.011+0000][1][safepoint    ] Total time for which application threads were stopped: 0.0005730 seconds, Stopping threads took: 0.0002408 seconds
[2022-06-13T01:32:05.012+0000][1][safepoint    ] Application time: 0.0005191 seconds
[2022-06-13T01:32:05.013+0000][1][safepoint    ] Entering safepoint region: RevokeBias
[2022-06-13T01:32:05.013+0000][1][safepoint    ] Leaving safepoint region
[2022-06-13T01:32:05.014+0000][1][safepoint    ] Total time for which application threads were stopped: 0.0010176 seconds, Stopping threads took: 0.0004724 seconds
[2022-06-13T01:32:05.016+0000][1][safepoint    ] Application time: 0.0022100 seconds
[2022-06-13T01:32:05.017+0000][1][safepoint    ] Entering safepoint region: RevokeBias
[2022-06-13T01:32:05.017+0000][1][safepoint    ] Leaving safepoint region
[2022-06-13T01:32:05.018+0000][1][safepoint    ] Total time for which application threads were stopped: 0.0007709 seconds, Stopping threads took: 0.0004124 seconds
[2022-06-13T01:32:05.019+0000][1][safepoint    ] Application time: 0.0006370 seconds
[2022-06-13T01:32:05.019+0000][1][safepoint    ] Entering safepoint region: RevokeBias
[2022-06-13T01:32:05.020+0000][1][safepoint    ] Leaving safepoint region
[2022-06-13T01:32:05.020+0000][1][safepoint    ] Total time for which application threads were stopped: 0.0012029 seconds, Stopping threads took: 0.0007295 seconds
[2022-06-13T01:32:05.021+0000][1][safepoint    ] Application time: 0.0003498 seconds
[2022-06-13T01:32:05.022+0000][1][safepoint    ] Entering safepoint region: RevokeBias
[2022-06-13T01:32:05.022+0000][1][safepoint    ] Leaving safepoint region
[2022-06-13T01:32:05.022+0000][1][safepoint    ] Total time for which application threads were stopped: 0.0007874 seconds, Stopping threads took: 0.0003460 seconds
[2022-06-13T01:32:05.024+0000][1][safepoint    ] Application time: 0.0010772 seconds
[2022-06-13T01:32:05.024+0000][1][safepoint    ] Entering safepoint region: RevokeBias
[2022-06-13T01:32:05.025+0000][1][safepoint    ] Leaving safepoint region
[2022-06-13T01:32:05.025+0000][1][safepoint    ] Total time for which application threads were stopped: 0.0004916 seconds, Stopping threads took: 0.0002820 seconds
[2022-06-13T01:32:05.027+0000][1][safepoint    ] Application time: 0.0021302 seconds
[2022-06-13T01:32:05.028+0000][1][safepoint    ] Entering safepoint region: RevokeBias
[2022-06-13T01:32:05.028+0000][1][safepoint    ] Leaving safepoint region
[2022-06-13T01:32:05.028+0000][1][safepoint    ] Total time for which application threads were stopped: 0.0010052 seconds, Stopping threads took: 0.0005557 seconds
[2022-06-13T01:32:05.030+0000][1][safepoint    ] Application time: 0.0008197 seconds
[2022-06-13T01:32:05.030+0000][1][safepoint    ] Entering safepoint region: RevokeBias
[2022-06-13T01:32:05.030+0000][1][safepoint    ] Leaving safepoint region
[2022-06-13T01:32:05.031+0000][1][safepoint    ] Total time for which application threads were stopped: 0.0006932 seconds, Stopping threads took: 0.0003883 seconds
[2022-06-13T01:32:05.034+0000][1][gc,heap,exit ] Heap
[2022-06-13T01:32:05.034+0000][1][gc,heap,exit ]  par new generation   total 78656K, used 70464K [0x00000000f0000000, 0x00000000f5550000, 0x00000000f5550000)
[2022-06-13T01:32:05.035+0000][1][gc,heap,exit ]   eden space 69952K,  88% used [0x00000000f0000000, 0x00000000f3c501e8, 0x00000000f4450000)
[2022-06-13T01:32:05.035+0000][1][gc,heap,exit ]   from space 8704K, 100% used [0x00000000f4450000, 0x00000000f4cd0000, 0x00000000f4cd0000)
[2022-06-13T01:32:05.035+0000][1][gc,heap,exit ]   to   space 8704K,   0% used [0x00000000f4cd0000, 0x00000000f4cd0000, 0x00000000f5550000)
[2022-06-13T01:32:05.035+0000][1][gc,heap,exit ]  concurrent mark-sweep generation total 174784K, used 60272K [0x00000000f5550000, 0x0000000100000000, 0x0000000100000000)
[2022-06-13T01:32:05.035+0000][1][gc,heap,exit ]  Metaspace       used 64805K, capacity 69685K, committed 69964K, reserved 1107968K
[2022-06-13T01:32:05.036+0000][1][gc,heap,exit ]   class space    used 8771K, capacity 10834K, committed 10940K, reserved 1048576K
[2022-06-13T01:32:05.036+0000][1][safepoint    ] Application time: 0.0052452 seconds
[2022-06-13T01:32:05.036+0000][1][safepoint    ] Entering safepoint region: Exit
