[2022-06-13T03:25:53.588+0000][1][gc] Using Concurrent Mark Sweep
[2022-06-13T03:25:53.588+0000][1][gc,heap,coops] Heap address: 0x00000000f0000000, size: 256 MB, Compressed Oops mode: 32-bit
[2022-06-13T03:25:53.617+0000][1][safepoint    ] Entering safepoint region: EnableBiasedLocking
[2022-06-13T03:25:53.618+0000][1][safepoint    ] Leaving safepoint region
[2022-06-13T03:25:53.618+0000][1][safepoint    ] Total time for which application threads were stopped: 0.0005179 seconds, Stopping threads took: 0.0003097 seconds
[2022-06-13T03:25:53.621+0000][1][safepoint    ] Application time: 0.0026203 seconds
[2022-06-13T03:25:53.621+0000][1][safepoint    ] Entering safepoint region: RevokeBias
[2022-06-13T03:25:53.622+0000][1][safepoint    ] Leaving safepoint region
[2022-06-13T03:25:53.622+0000][1][safepoint    ] Total time for which application threads were stopped: 0.0010340 seconds, Stopping threads took: 0.0006154 seconds
[2022-06-13T03:25:53.630+0000][1][safepoint    ] Application time: 0.0079663 seconds
[2022-06-13T03:25:53.631+0000][1][safepoint    ] Entering safepoint region: Deoptimize
[2022-06-13T03:25:53.631+0000][1][safepoint    ] Leaving safepoint region
[2022-06-13T03:25:53.631+0000][1][safepoint    ] Total time for which application threads were stopped: 0.0003341 seconds, Stopping threads took: 0.0001442 seconds
[2022-06-13T03:25:53.684+0000][1][safepoint    ] Application time: 0.0532731 seconds
[2022-06-13T03:25:53.685+0000][1][safepoint    ] Entering safepoint region: RevokeBias
[2022-06-13T03:25:53.685+0000][1][safepoint    ] Leaving safepoint region
[2022-06-13T03:25:53.685+0000][1][safepoint    ] Total time for which application threads were stopped: 0.0005934 seconds, Stopping threads took: 0.0002940 seconds
[2022-06-13T03:25:53.706+0000][1][safepoint    ] Application time: 0.0209022 seconds
[2022-06-13T03:25:53.707+0000][1][safepoint    ] Entering safepoint region: Deoptimize
[2022-06-13T03:25:53.707+0000][1][safepoint    ] Leaving safepoint region
[2022-06-13T03:25:53.707+0000][1][safepoint    ] Total time for which application threads were stopped: 0.0002737 seconds, Stopping threads took: 0.0001126 seconds
[2022-06-13T03:25:53.880+0000][1][safepoint    ] Application time: 0.1730615 seconds
[2022-06-13T03:25:53.880+0000][1][safepoint    ] Entering safepoint region: Deoptimize
[2022-06-13T03:25:53.881+0000][1][safepoint    ] Leaving safepoint region
[2022-06-13T03:25:53.881+0000][1][safepoint    ] Total time for which application threads were stopped: 0.0004583 seconds, Stopping threads took: 0.0001601 seconds
[2022-06-13T03:25:53.898+0000][1][safepoint    ] Application time: 0.0169435 seconds
[2022-06-13T03:25:53.898+0000][1][safepoint    ] Entering safepoint region: Deoptimize
[2022-06-13T03:25:53.898+0000][1][safepoint    ] Leaving safepoint region
[2022-06-13T03:25:53.898+0000][1][safepoint    ] Total time for which application threads were stopped: 0.0003602 seconds, Stopping threads took: 0.0001594 seconds
[2022-06-13T03:25:53.914+0000][1][safepoint    ] Application time: 0.0151346 seconds
[2022-06-13T03:25:53.914+0000][1][safepoint    ] Entering safepoint region: Deoptimize
[2022-06-13T03:25:53.914+0000][1][safepoint    ] Leaving safepoint region
[2022-06-13T03:25:53.914+0000][1][safepoint    ] Total time for which application threads were stopped: 0.0003465 seconds, Stopping threads took: 0.0001206 seconds
[2022-06-13T03:25:53.921+0000][1][safepoint    ] Application time: 0.0063316 seconds
[2022-06-13T03:25:53.921+0000][1][safepoint    ] Entering safepoint region: Deoptimize
[2022-06-13T03:25:53.921+0000][1][safepoint    ] Leaving safepoint region
[2022-06-13T03:25:53.921+0000][1][safepoint    ] Total time for which application threads were stopped: 0.0003394 seconds, Stopping threads took: 0.0001256 seconds
[2022-06-13T03:25:54.161+0000][1][safepoint    ] Application time: 0.2401927 seconds
[2022-06-13T03:25:54.162+0000][1][safepoint    ] Entering safepoint region: Deoptimize
[2022-06-13T03:25:54.162+0000][1][safepoint    ] Leaving safepoint region
[2022-06-13T03:25:54.162+0000][1][safepoint    ] Total time for which application threads were stopped: 0.0006936 seconds, Stopping threads took: 0.0002443 seconds
[2022-06-13T03:25:54.321+0000][1][safepoint    ] Application time: 0.1588789 seconds
[2022-06-13T03:25:54.322+0000][1][safepoint    ] Entering safepoint region: RevokeBias
[2022-06-13T03:25:54.322+0000][1][safepoint    ] Leaving safepoint region
[2022-06-13T03:25:54.323+0000][1][safepoint    ] Total time for which application threads were stopped: 0.0007982 seconds, Stopping threads took: 0.0003616 seconds
[2022-06-13T03:25:54.379+0000][1][safepoint    ] Application time: 0.0554796 seconds
[2022-06-13T03:25:54.379+0000][1][safepoint    ] Entering safepoint region: Deoptimize
[2022-06-13T03:25:54.380+0000][1][safepoint    ] Leaving safepoint region
[2022-06-13T03:25:54.380+0000][1][safepoint    ] Total time for which application threads were stopped: 0.0007810 seconds, Stopping threads took: 0.0002511 seconds
[2022-06-13T03:25:54.434+0000][1][safepoint    ] Application time: 0.0534693 seconds
[2022-06-13T03:25:54.434+0000][1][safepoint    ] Entering safepoint region: Deoptimize
[2022-06-13T03:25:54.435+0000][1][safepoint    ] Leaving safepoint region
[2022-06-13T03:25:54.435+0000][1][safepoint    ] Total time for which application threads were stopped: 0.0006954 seconds, Stopping threads took: 0.0002930 seconds
[2022-06-13T03:25:54.435+0000][1][safepoint    ] Application time: 0.0001943 seconds
[2022-06-13T03:25:54.436+0000][1][safepoint    ] Entering safepoint region: Deoptimize
[2022-06-13T03:25:54.436+0000][1][safepoint    ] Leaving safepoint region
[2022-06-13T03:25:54.436+0000][1][safepoint    ] Total time for which application threads were stopped: 0.0006897 seconds, Stopping threads took: 0.0002868 seconds
[2022-06-13T03:25:54.448+0000][1][safepoint    ] Application time: 0.0114567 seconds
[2022-06-13T03:25:54.448+0000][1][safepoint    ] Entering safepoint region: Deoptimize
[2022-06-13T03:25:54.449+0000][1][safepoint    ] Leaving safepoint region
[2022-06-13T03:25:54.449+0000][1][safepoint    ] Total time for which application threads were stopped: 0.0004652 seconds, Stopping threads took: 0.0001719 seconds
[2022-06-13T03:25:54.455+0000][1][safepoint    ] Application time: 0.0058059 seconds
[2022-06-13T03:25:54.455+0000][1][safepoint    ] Entering safepoint region: Deoptimize
[2022-06-13T03:25:54.456+0000][1][safepoint    ] Leaving safepoint region
[2022-06-13T03:25:54.456+0000][1][safepoint    ] Total time for which application threads were stopped: 0.0007860 seconds, Stopping threads took: 0.0002783 seconds
[2022-06-13T03:25:54.460+0000][1][safepoint    ] Application time: 0.0042659 seconds
[2022-06-13T03:25:54.461+0000][1][safepoint    ] Entering safepoint region: RevokeBias
[2022-06-13T03:25:54.461+0000][1][safepoint    ] Leaving safepoint region
[2022-06-13T03:25:54.461+0000][1][safepoint    ] Total time for which application threads were stopped: 0.0006151 seconds, Stopping threads took: 0.0003590 seconds
[2022-06-13T03:25:54.462+0000][1][safepoint    ] Application time: 0.0001526 seconds
[2022-06-13T03:25:54.462+0000][1][safepoint    ] Entering safepoint region: RevokeBias
[2022-06-13T03:25:54.462+0000][1][safepoint    ] Leaving safepoint region
[2022-06-13T03:25:54.462+0000][1][safepoint    ] Total time for which application threads were stopped: 0.0007073 seconds, Stopping threads took: 0.0004292 seconds
[2022-06-13T03:25:54.463+0000][1][safepoint    ] Application time: 0.0001410 seconds
[2022-06-13T03:25:54.463+0000][1][safepoint    ] Entering safepoint region: RevokeBias
[2022-06-13T03:25:54.464+0000][1][safepoint    ] Leaving safepoint region
[2022-06-13T03:25:54.464+0000][1][safepoint    ] Total time for which application threads were stopped: 0.0005713 seconds, Stopping threads took: 0.0002848 seconds
[2022-06-13T03:25:54.464+0000][1][safepoint    ] Application time: 0.0002457 seconds
[2022-06-13T03:25:54.465+0000][1][safepoint    ] Entering safepoint region: RevokeBias
[2022-06-13T03:25:54.465+0000][1][safepoint    ] Leaving safepoint region
[2022-06-13T03:25:54.465+0000][1][safepoint    ] Total time for which application threads were stopped: 0.0007083 seconds, Stopping threads took: 0.0003369 seconds
[2022-06-13T03:25:54.470+0000][1][safepoint    ] Application time: 0.0043070 seconds
[2022-06-13T03:25:54.470+0000][1][safepoint    ] Entering safepoint region: Deoptimize
[2022-06-13T03:25:54.471+0000][1][safepoint    ] Leaving safepoint region
[2022-06-13T03:25:54.471+0000][1][safepoint    ] Total time for which application threads were stopped: 0.0011700 seconds, Stopping threads took: 0.0004681 seconds
[2022-06-13T03:25:54.510+0000][1][safepoint    ] Application time: 0.0381378 seconds
[2022-06-13T03:25:54.510+0000][1][safepoint    ] Entering safepoint region: GenCollectForAllocation
[2022-06-13T03:25:54.510+0000][1][gc,start     ] GC(0) Pause Young (Allocation Failure)
[2022-06-13T03:25:54.511+0000][1][gc,task      ] GC(0) Using 5 workers of 13 for evacuation
[2022-06-13T03:25:54.515+0000][1][gc,age       ] GC(0) Desired survivor size 4456448 bytes, new threshold 1 (max threshold 6)
[2022-06-13T03:25:54.516+0000][1][gc,age       ] GC(0) Age table with threshold 1 (max threshold 6)
[2022-06-13T03:25:54.516+0000][1][gc,age       ] GC(0) - age   1:    8184552 bytes,    8184552 total
[2022-06-13T03:25:54.516+0000][1][gc,heap      ] GC(0) ParNew: 69952K->8104K(78656K)
[2022-06-13T03:25:54.516+0000][1][gc,heap      ] GC(0) CMS: 0K->0K(174784K)
[2022-06-13T03:25:54.516+0000][1][gc,metaspace ] GC(0) Metaspace: 12146K->12146K(1060864K)
[2022-06-13T03:25:54.516+0000][1][gc           ] GC(0) Pause Young (Allocation Failure) 68M->7M(247M) 5.844ms
[2022-06-13T03:25:54.516+0000][1][gc,cpu       ] GC(0) User=0.02s Sys=0.01s Real=0.00s
[2022-06-13T03:25:54.517+0000][1][safepoint    ] Leaving safepoint region
[2022-06-13T03:25:54.517+0000][1][safepoint    ] Total time for which application threads were stopped: 0.0064702 seconds, Stopping threads took: 0.0002197 seconds
[2022-06-13T03:25:54.517+0000][1][safepoint    ] Application time: 0.0004601 seconds
[2022-06-13T03:25:54.517+0000][1][safepoint    ] Entering safepoint region: RevokeBias
[2022-06-13T03:25:54.518+0000][1][safepoint    ] Leaving safepoint region
[2022-06-13T03:25:54.518+0000][1][safepoint    ] Total time for which application threads were stopped: 0.0004591 seconds, Stopping threads took: 0.0002768 seconds
[2022-06-13T03:25:54.518+0000][1][safepoint    ] Application time: 0.0002049 seconds
[2022-06-13T03:25:54.519+0000][1][safepoint    ] Entering safepoint region: RevokeBias
[2022-06-13T03:25:54.519+0000][1][safepoint    ] Leaving safepoint region
[2022-06-13T03:25:54.519+0000][1][safepoint    ] Total time for which application threads were stopped: 0.0006234 seconds, Stopping threads took: 0.0002190 seconds
[2022-06-13T03:25:54.520+0000][1][safepoint    ] Application time: 0.0002157 seconds
[2022-06-13T03:25:54.520+0000][1][safepoint    ] Entering safepoint region: RevokeBias
[2022-06-13T03:25:54.520+0000][1][safepoint    ] Leaving safepoint region
[2022-06-13T03:25:54.520+0000][1][safepoint    ] Total time for which application threads were stopped: 0.0003363 seconds, Stopping threads took: 0.0001727 seconds
[2022-06-13T03:25:54.520+0000][1][safepoint    ] Application time: 0.0000747 seconds
[2022-06-13T03:25:54.520+0000][1][safepoint    ] Entering safepoint region: RevokeBias
[2022-06-13T03:25:54.521+0000][1][safepoint    ] Leaving safepoint region
[2022-06-13T03:25:54.521+0000][1][safepoint    ] Total time for which application threads were stopped: 0.0002653 seconds, Stopping threads took: 0.0001299 seconds
[2022-06-13T03:25:54.521+0000][1][safepoint    ] Application time: 0.0001324 seconds
[2022-06-13T03:25:54.521+0000][1][safepoint    ] Entering safepoint region: RevokeBias
[2022-06-13T03:25:54.521+0000][1][safepoint    ] Leaving safepoint region
[2022-06-13T03:25:54.521+0000][1][safepoint    ] Total time for which application threads were stopped: 0.0003171 seconds, Stopping threads took: 0.0001703 seconds
[2022-06-13T03:25:54.522+0000][1][safepoint    ] Application time: 0.0000728 seconds
[2022-06-13T03:25:54.522+0000][1][safepoint    ] Entering safepoint region: RevokeBias
[2022-06-13T03:25:54.522+0000][1][safepoint    ] Leaving safepoint region
[2022-06-13T03:25:54.522+0000][1][safepoint    ] Total time for which application threads were stopped: 0.0003543 seconds, Stopping threads took: 0.0001800 seconds
[2022-06-13T03:25:54.523+0000][1][safepoint    ] Application time: 0.0003764 seconds
[2022-06-13T03:25:54.523+0000][1][safepoint    ] Entering safepoint region: RevokeBias
[2022-06-13T03:25:54.523+0000][1][safepoint    ] Leaving safepoint region
[2022-06-13T03:25:54.523+0000][1][safepoint    ] Total time for which application threads were stopped: 0.0003829 seconds, Stopping threads took: 0.0002342 seconds
[2022-06-13T03:25:54.523+0000][1][safepoint    ] Application time: 0.0002220 seconds
[2022-06-13T03:25:54.524+0000][1][safepoint    ] Entering safepoint region: RevokeBias
[2022-06-13T03:25:54.524+0000][1][safepoint    ] Leaving safepoint region
[2022-06-13T03:25:54.524+0000][1][safepoint    ] Total time for which application threads were stopped: 0.0003925 seconds, Stopping threads took: 0.0001871 seconds
[2022-06-13T03:25:54.524+0000][1][safepoint    ] Application time: 0.0000890 seconds
[2022-06-13T03:25:54.524+0000][1][safepoint    ] Entering safepoint region: RevokeBias
[2022-06-13T03:25:54.524+0000][1][safepoint    ] Leaving safepoint region
[2022-06-13T03:25:54.525+0000][1][safepoint    ] Total time for which application threads were stopped: 0.0002588 seconds, Stopping threads took: 0.0001308 seconds
[2022-06-13T03:25:54.525+0000][1][safepoint    ] Application time: 0.0000659 seconds
[2022-06-13T03:25:54.525+0000][1][safepoint    ] Entering safepoint region: RevokeBias
[2022-06-13T03:25:54.525+0000][1][safepoint    ] Leaving safepoint region
[2022-06-13T03:25:54.525+0000][1][safepoint    ] Total time for which application threads were stopped: 0.0003748 seconds, Stopping threads took: 0.0001977 seconds
[2022-06-13T03:25:54.525+0000][1][safepoint    ] Application time: 0.0000745 seconds
[2022-06-13T03:25:54.526+0000][1][safepoint    ] Entering safepoint region: RevokeBias
[2022-06-13T03:25:54.526+0000][1][safepoint    ] Leaving safepoint region
[2022-06-13T03:25:54.526+0000][1][safepoint    ] Total time for which application threads were stopped: 0.0002287 seconds, Stopping threads took: 0.0001146 seconds
[2022-06-13T03:25:54.526+0000][1][safepoint    ] Application time: 0.0000656 seconds
[2022-06-13T03:25:54.526+0000][1][safepoint    ] Entering safepoint region: RevokeBias
[2022-06-13T03:25:54.526+0000][1][safepoint    ] Leaving safepoint region
[2022-06-13T03:25:54.526+0000][1][safepoint    ] Total time for which application threads were stopped: 0.0001972 seconds, Stopping threads took: 0.0000924 seconds
[2022-06-13T03:25:54.526+0000][1][safepoint    ] Application time: 0.0000730 seconds
[2022-06-13T03:25:54.527+0000][1][safepoint    ] Entering safepoint region: RevokeBias
[2022-06-13T03:25:54.527+0000][1][safepoint    ] Leaving safepoint region
[2022-06-13T03:25:54.527+0000][1][safepoint    ] Total time for which application threads were stopped: 0.0002057 seconds, Stopping threads took: 0.0001132 seconds
[2022-06-13T03:25:54.527+0000][1][safepoint    ] Application time: 0.0000834 seconds
[2022-06-13T03:25:54.527+0000][1][safepoint    ] Entering safepoint region: RevokeBias
[2022-06-13T03:25:54.527+0000][1][safepoint    ] Leaving safepoint region
[2022-06-13T03:25:54.527+0000][1][safepoint    ] Total time for which application threads were stopped: 0.0002687 seconds, Stopping threads took: 0.0001562 seconds
[2022-06-13T03:25:54.527+0000][1][safepoint    ] Application time: 0.0000767 seconds
[2022-06-13T03:25:54.528+0000][1][safepoint    ] Entering safepoint region: RevokeBias
[2022-06-13T03:25:54.528+0000][1][safepoint    ] Leaving safepoint region
[2022-06-13T03:25:54.528+0000][1][safepoint    ] Total time for which application threads were stopped: 0.0002761 seconds, Stopping threads took: 0.0001394 seconds
[2022-06-13T03:25:54.528+0000][1][safepoint    ] Application time: 0.0000669 seconds
[2022-06-13T03:25:54.528+0000][1][safepoint    ] Entering safepoint region: RevokeBias
[2022-06-13T03:25:54.529+0000][1][safepoint    ] Leaving safepoint region
[2022-06-13T03:25:54.529+0000][1][safepoint    ] Total time for which application threads were stopped: 0.0005501 seconds, Stopping threads took: 0.0003797 seconds
[2022-06-13T03:25:54.529+0000][1][safepoint    ] Application time: 0.0000679 seconds
[2022-06-13T03:25:54.529+0000][1][safepoint    ] Entering safepoint region: RevokeBias
[2022-06-13T03:25:54.529+0000][1][safepoint    ] Leaving safepoint region
[2022-06-13T03:25:54.529+0000][1][safepoint    ] Total time for which application threads were stopped: 0.0002748 seconds, Stopping threads took: 0.0001285 seconds
[2022-06-13T03:25:54.530+0000][1][safepoint    ] Application time: 0.0000599 seconds
[2022-06-13T03:25:54.530+0000][1][safepoint    ] Entering safepoint region: RevokeBias
[2022-06-13T03:25:54.530+0000][1][safepoint    ] Leaving safepoint region
[2022-06-13T03:25:54.530+0000][1][safepoint    ] Total time for which application threads were stopped: 0.0001933 seconds, Stopping threads took: 0.0000898 seconds
[2022-06-13T03:25:54.530+0000][1][safepoint    ] Application time: 0.0000788 seconds
[2022-06-13T03:25:54.530+0000][1][safepoint    ] Entering safepoint region: RevokeBias
[2022-06-13T03:25:54.530+0000][1][safepoint    ] Leaving safepoint region
[2022-06-13T03:25:54.530+0000][1][safepoint    ] Total time for which application threads were stopped: 0.0003351 seconds, Stopping threads took: 0.0002122 seconds
[2022-06-13T03:25:54.531+0000][1][safepoint    ] Application time: 0.0000667 seconds
[2022-06-13T03:25:54.531+0000][1][safepoint    ] Entering safepoint region: RevokeBias
[2022-06-13T03:25:54.531+0000][1][safepoint    ] Leaving safepoint region
[2022-06-13T03:25:54.531+0000][1][safepoint    ] Total time for which application threads were stopped: 0.0002789 seconds, Stopping threads took: 0.0001765 seconds
[2022-06-13T03:25:54.531+0000][1][safepoint    ] Application time: 0.0001246 seconds
[2022-06-13T03:25:54.531+0000][1][safepoint    ] Entering safepoint region: RevokeBias
[2022-06-13T03:25:54.532+0000][1][safepoint    ] Leaving safepoint region
[2022-06-13T03:25:54.532+0000][1][safepoint    ] Total time for which application threads were stopped: 0.0002656 seconds, Stopping threads took: 0.0001380 seconds
[2022-06-13T03:25:54.532+0000][1][safepoint    ] Application time: 0.0000665 seconds
[2022-06-13T03:25:54.532+0000][1][safepoint    ] Entering safepoint region: RevokeBias
[2022-06-13T03:25:54.532+0000][1][safepoint    ] Leaving safepoint region
[2022-06-13T03:25:54.532+0000][1][safepoint    ] Total time for which application threads were stopped: 0.0002220 seconds, Stopping threads took: 0.0001317 seconds
[2022-06-13T03:25:54.532+0000][1][safepoint    ] Application time: 0.0000721 seconds
[2022-06-13T03:25:54.532+0000][1][safepoint    ] Entering safepoint region: RevokeBias
[2022-06-13T03:25:54.532+0000][1][safepoint    ] Leaving safepoint region
[2022-06-13T03:25:54.533+0000][1][safepoint    ] Total time for which application threads were stopped: 0.0002658 seconds, Stopping threads took: 0.0001560 seconds
[2022-06-13T03:25:54.533+0000][1][safepoint    ] Application time: 0.0000651 seconds
[2022-06-13T03:25:54.533+0000][1][safepoint    ] Entering safepoint region: RevokeBias
[2022-06-13T03:25:54.533+0000][1][safepoint    ] Leaving safepoint region
[2022-06-13T03:25:54.533+0000][1][safepoint    ] Total time for which application threads were stopped: 0.0002097 seconds, Stopping threads took: 0.0001006 seconds
[2022-06-13T03:25:54.533+0000][1][safepoint    ] Application time: 0.0000939 seconds
[2022-06-13T03:25:54.533+0000][1][safepoint    ] Entering safepoint region: RevokeBias
[2022-06-13T03:25:54.533+0000][1][safepoint    ] Leaving safepoint region
[2022-06-13T03:25:54.534+0000][1][safepoint    ] Total time for which application threads were stopped: 0.0002807 seconds, Stopping threads took: 0.0001320 seconds
[2022-06-13T03:25:54.534+0000][1][safepoint    ] Application time: 0.0000804 seconds
[2022-06-13T03:25:54.534+0000][1][safepoint    ] Entering safepoint region: RevokeBias
[2022-06-13T03:25:54.534+0000][1][safepoint    ] Leaving safepoint region
[2022-06-13T03:25:54.534+0000][1][safepoint    ] Total time for which application threads were stopped: 0.0002611 seconds, Stopping threads took: 0.0001405 seconds
[2022-06-13T03:25:54.536+0000][1][safepoint    ] Application time: 0.0019895 seconds
[2022-06-13T03:25:54.536+0000][1][safepoint    ] Entering safepoint region: RevokeBias
[2022-06-13T03:25:54.537+0000][1][safepoint    ] Leaving safepoint region
[2022-06-13T03:25:54.537+0000][1][safepoint    ] Total time for which application threads were stopped: 0.0002601 seconds, Stopping threads took: 0.0001276 seconds
[2022-06-13T03:25:54.661+0000][1][safepoint    ] Application time: 0.1246647 seconds
[2022-06-13T03:25:54.662+0000][1][safepoint    ] Entering safepoint region: Deoptimize
[2022-06-13T03:25:54.662+0000][1][safepoint    ] Leaving safepoint region
[2022-06-13T03:25:54.662+0000][1][safepoint    ] Total time for which application threads were stopped: 0.0005530 seconds, Stopping threads took: 0.0001236 seconds
[2022-06-13T03:25:54.770+0000][1][safepoint    ] Application time: 0.1081455 seconds
[2022-06-13T03:25:54.771+0000][1][safepoint    ] Entering safepoint region: RevokeBias
[2022-06-13T03:25:54.771+0000][1][safepoint    ] Leaving safepoint region
[2022-06-13T03:25:54.771+0000][1][safepoint    ] Total time for which application threads were stopped: 0.0006646 seconds, Stopping threads took: 0.0003166 seconds
[2022-06-13T03:25:54.832+0000][1][safepoint    ] Application time: 0.0604950 seconds
[2022-06-13T03:25:54.832+0000][1][safepoint    ] Entering safepoint region: RevokeBias
[2022-06-13T03:25:54.833+0000][1][safepoint    ] Leaving safepoint region
[2022-06-13T03:25:54.833+0000][1][safepoint    ] Total time for which application threads were stopped: 0.0003359 seconds, Stopping threads took: 0.0001771 seconds
[2022-06-13T03:25:54.836+0000][1][safepoint    ] Application time: 0.0028776 seconds
[2022-06-13T03:25:54.836+0000][1][safepoint    ] Entering safepoint region: RevokeBias
[2022-06-13T03:25:54.836+0000][1][safepoint    ] Leaving safepoint region
[2022-06-13T03:25:54.837+0000][1][safepoint    ] Total time for which application threads were stopped: 0.0004275 seconds, Stopping threads took: 0.0002089 seconds
[2022-06-13T03:25:54.849+0000][1][safepoint    ] Application time: 0.0124185 seconds
[2022-06-13T03:25:54.849+0000][1][safepoint    ] Entering safepoint region: GenCollectForAllocation
[2022-06-13T03:25:54.850+0000][1][gc,start     ] GC(1) Pause Young (Allocation Failure)
[2022-06-13T03:25:54.850+0000][1][gc,task      ] GC(1) Using 5 workers of 13 for evacuation
[2022-06-13T03:25:54.861+0000][1][gc,age       ] GC(1) Desired survivor size 4456448 bytes, new threshold 6 (max threshold 6)
[2022-06-13T03:25:54.861+0000][1][gc,age       ] GC(1) Age table with threshold 6 (max threshold 6)
[2022-06-13T03:25:54.861+0000][1][gc,age       ] GC(1) - age   1:    2014080 bytes,    2014080 total
[2022-06-13T03:25:54.862+0000][1][gc,heap      ] GC(1) ParNew: 78056K->5427K(78656K)
[2022-06-13T03:25:54.862+0000][1][gc,heap      ] GC(1) CMS: 0K->6635K(174784K)
[2022-06-13T03:25:54.862+0000][1][gc,metaspace ] GC(1) Metaspace: 14865K->14865K(1062912K)
[2022-06-13T03:25:54.862+0000][1][gc           ] GC(1) Pause Young (Allocation Failure) 76M->11M(247M) 12.339ms
[2022-06-13T03:25:54.862+0000][1][gc,cpu       ] GC(1) User=0.07s Sys=0.01s Real=0.01s
[2022-06-13T03:25:54.862+0000][1][safepoint    ] Leaving safepoint region
[2022-06-13T03:25:54.862+0000][1][safepoint    ] Total time for which application threads were stopped: 0.0129861 seconds, Stopping threads took: 0.0001570 seconds
[2022-06-13T03:25:54.863+0000][1][safepoint    ] Application time: 0.0002166 seconds
[2022-06-13T03:25:54.863+0000][1][safepoint    ] Entering safepoint region: RevokeBias
[2022-06-13T03:25:54.863+0000][1][safepoint    ] Leaving safepoint region
[2022-06-13T03:25:54.863+0000][1][safepoint    ] Total time for which application threads were stopped: 0.0003428 seconds, Stopping threads took: 0.0001642 seconds
[2022-06-13T03:25:54.864+0000][1][safepoint    ] Application time: 0.0001036 seconds
[2022-06-13T03:25:54.864+0000][1][safepoint    ] Entering safepoint region: RevokeBias
[2022-06-13T03:25:54.864+0000][1][safepoint    ] Leaving safepoint region
[2022-06-13T03:25:54.864+0000][1][safepoint    ] Total time for which application threads were stopped: 0.0002382 seconds, Stopping threads took: 0.0001041 seconds
[2022-06-13T03:25:54.864+0000][1][safepoint    ] Application time: 0.0002053 seconds
[2022-06-13T03:25:54.864+0000][1][safepoint    ] Entering safepoint region: RevokeBias
[2022-06-13T03:25:54.865+0000][1][safepoint    ] Leaving safepoint region
[2022-06-13T03:25:54.865+0000][1][safepoint    ] Total time for which application threads were stopped: 0.0002850 seconds, Stopping threads took: 0.0001416 seconds
[2022-06-13T03:25:54.865+0000][1][safepoint    ] Application time: 0.0000685 seconds
[2022-06-13T03:25:54.865+0000][1][safepoint    ] Entering safepoint region: RevokeBias
[2022-06-13T03:25:54.865+0000][1][safepoint    ] Leaving safepoint region
[2022-06-13T03:25:54.865+0000][1][safepoint    ] Total time for which application threads were stopped: 0.0002637 seconds, Stopping threads took: 0.0001240 seconds
[2022-06-13T03:25:54.865+0000][1][safepoint    ] Application time: 0.0000734 seconds
[2022-06-13T03:25:54.866+0000][1][safepoint    ] Entering safepoint region: RevokeBias
[2022-06-13T03:25:54.866+0000][1][safepoint    ] Leaving safepoint region
[2022-06-13T03:25:54.866+0000][1][safepoint    ] Total time for which application threads were stopped: 0.0003081 seconds, Stopping threads took: 0.0001511 seconds
[2022-06-13T03:25:54.866+0000][1][safepoint    ] Application time: 0.0001030 seconds
[2022-06-13T03:25:54.866+0000][1][safepoint    ] Entering safepoint region: RevokeBias
[2022-06-13T03:25:54.867+0000][1][safepoint    ] Leaving safepoint region
[2022-06-13T03:25:54.867+0000][1][safepoint    ] Total time for which application threads were stopped: 0.0005593 seconds, Stopping threads took: 0.0004018 seconds
[2022-06-13T03:25:54.867+0000][1][safepoint    ] Application time: 0.0000995 seconds
[2022-06-13T03:25:54.867+0000][1][safepoint    ] Entering safepoint region: RevokeBias
[2022-06-13T03:25:54.867+0000][1][safepoint    ] Leaving safepoint region
[2022-06-13T03:25:54.867+0000][1][safepoint    ] Total time for which application threads were stopped: 0.0002891 seconds, Stopping threads took: 0.0001569 seconds
[2022-06-13T03:25:54.868+0000][1][safepoint    ] Application time: 0.0000652 seconds
[2022-06-13T03:25:54.868+0000][1][safepoint    ] Entering safepoint region: RevokeBias
[2022-06-13T03:25:54.868+0000][1][safepoint    ] Leaving safepoint region
[2022-06-13T03:25:54.868+0000][1][safepoint    ] Total time for which application threads were stopped: 0.0002244 seconds, Stopping threads took: 0.0001008 seconds
[2022-06-13T03:25:54.868+0000][1][safepoint    ] Application time: 0.0000683 seconds
[2022-06-13T03:25:54.868+0000][1][safepoint    ] Entering safepoint region: RevokeBias
[2022-06-13T03:25:54.868+0000][1][safepoint    ] Leaving safepoint region
[2022-06-13T03:25:54.868+0000][1][safepoint    ] Total time for which application threads were stopped: 0.0002667 seconds, Stopping threads took: 0.0001307 seconds
[2022-06-13T03:25:54.869+0000][1][safepoint    ] Application time: 0.0000638 seconds
[2022-06-13T03:25:54.869+0000][1][safepoint    ] Entering safepoint region: RevokeBias
[2022-06-13T03:25:54.869+0000][1][safepoint    ] Leaving safepoint region
[2022-06-13T03:25:54.869+0000][1][safepoint    ] Total time for which application threads were stopped: 0.0002452 seconds, Stopping threads took: 0.0001241 seconds
[2022-06-13T03:25:54.869+0000][1][safepoint    ] Application time: 0.0001037 seconds
[2022-06-13T03:25:54.869+0000][1][safepoint    ] Entering safepoint region: BulkRevokeBias
[2022-06-13T03:25:54.869+0000][1][safepoint    ] Leaving safepoint region
[2022-06-13T03:25:54.869+0000][1][safepoint    ] Total time for which application threads were stopped: 0.0002441 seconds, Stopping threads took: 0.0001078 seconds
[2022-06-13T03:25:54.870+0000][1][safepoint    ] Application time: 0.0000797 seconds
[2022-06-13T03:25:54.870+0000][1][safepoint    ] Entering safepoint region: RevokeBias
[2022-06-13T03:25:54.870+0000][1][safepoint    ] Leaving safepoint region
[2022-06-13T03:25:54.870+0000][1][safepoint    ] Total time for which application threads were stopped: 0.0002135 seconds, Stopping threads took: 0.0001015 seconds
[2022-06-13T03:25:54.870+0000][1][safepoint    ] Application time: 0.0000690 seconds
[2022-06-13T03:25:54.870+0000][1][safepoint    ] Entering safepoint region: BulkRevokeBias
[2022-06-13T03:25:54.870+0000][1][safepoint    ] Leaving safepoint region
[2022-06-13T03:25:54.870+0000][1][safepoint    ] Total time for which application threads were stopped: 0.0002131 seconds, Stopping threads took: 0.0000919 seconds
[2022-06-13T03:25:54.944+0000][1][safepoint    ] Application time: 0.0731166 seconds
[2022-06-13T03:25:54.944+0000][1][safepoint    ] Entering safepoint region: GenCollectForAllocation
[2022-06-13T03:25:54.944+0000][1][gc,start     ] GC(2) Pause Young (Allocation Failure)
[2022-06-13T03:25:54.944+0000][1][gc,task      ] GC(2) Using 5 workers of 13 for evacuation
[2022-06-13T03:25:54.947+0000][1][gc,age       ] GC(2) Desired survivor size 4456448 bytes, new threshold 6 (max threshold 6)
[2022-06-13T03:25:54.948+0000][1][gc,age       ] GC(2) Age table with threshold 6 (max threshold 6)
[2022-06-13T03:25:54.948+0000][1][gc,age       ] GC(2) - age   1:    2574288 bytes,    2574288 total
[2022-06-13T03:25:54.948+0000][1][gc,age       ] GC(2) - age   2:    1208904 bytes,    3783192 total
[2022-06-13T03:25:54.948+0000][1][gc,heap      ] GC(2) ParNew: 75379K->4436K(78656K)
[2022-06-13T03:25:54.948+0000][1][gc,heap      ] GC(2) CMS: 6635K->6635K(174784K)
[2022-06-13T03:25:54.948+0000][1][gc,metaspace ] GC(2) Metaspace: 15002K->15002K(1062912K)
[2022-06-13T03:25:54.948+0000][1][gc           ] GC(2) Pause Young (Allocation Failure) 80M->10M(247M) 4.020ms
[2022-06-13T03:25:54.948+0000][1][gc,cpu       ] GC(2) User=0.01s Sys=0.00s Real=0.00s
[2022-06-13T03:25:54.948+0000][1][safepoint    ] Leaving safepoint region
[2022-06-13T03:25:54.949+0000][1][safepoint    ] Total time for which application threads were stopped: 0.0046587 seconds, Stopping threads took: 0.0001410 seconds
[2022-06-13T03:25:54.949+0000][1][safepoint    ] Application time: 0.0002122 seconds
[2022-06-13T03:25:54.965+0000][1][safepoint    ] Entering safepoint region: RevokeBias
[2022-06-13T03:25:54.965+0000][1][safepoint    ] Leaving safepoint region
[2022-06-13T03:25:54.966+0000][1][safepoint    ] Total time for which application threads were stopped: 0.0010572 seconds, Stopping threads took: 0.0006551 seconds
[2022-06-13T03:25:54.966+0000][1][safepoint    ] Application time: 0.0004643 seconds
[2022-06-13T03:25:54.967+0000][1][safepoint    ] Entering safepoint region: RevokeBias
[2022-06-13T03:25:54.968+0000][1][safepoint    ] Leaving safepoint region
[2022-06-13T03:25:54.968+0000][1][safepoint    ] Total time for which application threads were stopped: 0.0014342 seconds, Stopping threads took: 0.0010864 seconds
[2022-06-13T03:25:54.969+0000][1][safepoint    ] Application time: 0.0001588 seconds
[2022-06-13T03:25:54.969+0000][1][safepoint    ] Entering safepoint region: RevokeBias
[2022-06-13T03:25:54.969+0000][1][safepoint    ] Leaving safepoint region
[2022-06-13T03:25:54.970+0000][1][safepoint    ] Total time for which application threads were stopped: 0.0005055 seconds, Stopping threads took: 0.0002339 seconds
[2022-06-13T03:25:54.970+0000][1][safepoint    ] Application time: 0.0000947 seconds
[2022-06-13T03:25:54.970+0000][1][safepoint    ] Entering safepoint region: RevokeBias
[2022-06-13T03:25:54.970+0000][1][safepoint    ] Leaving safepoint region
[2022-06-13T03:25:54.970+0000][1][safepoint    ] Total time for which application threads were stopped: 0.0003865 seconds, Stopping threads took: 0.0001478 seconds
[2022-06-13T03:25:54.971+0000][1][safepoint    ] Application time: 0.0001040 seconds
[2022-06-13T03:25:54.971+0000][1][safepoint    ] Entering safepoint region: RevokeBias
[2022-06-13T03:25:54.971+0000][1][safepoint    ] Leaving safepoint region
[2022-06-13T03:25:54.971+0000][1][safepoint    ] Total time for which application threads were stopped: 0.0006460 seconds, Stopping threads took: 0.0002745 seconds
[2022-06-13T03:25:54.972+0000][1][safepoint    ] Application time: 0.0000888 seconds
[2022-06-13T03:25:54.972+0000][1][safepoint    ] Entering safepoint region: RevokeBias
[2022-06-13T03:25:54.972+0000][1][safepoint    ] Leaving safepoint region
[2022-06-13T03:25:54.972+0000][1][safepoint    ] Total time for which application threads were stopped: 0.0003468 seconds, Stopping threads took: 0.0001466 seconds
[2022-06-13T03:25:55.048+0000][1][safepoint    ] Application time: 0.0754733 seconds
[2022-06-13T03:25:55.048+0000][1][safepoint    ] Entering safepoint region: Deoptimize
[2022-06-13T03:25:55.049+0000][1][safepoint    ] Leaving safepoint region
[2022-06-13T03:25:55.049+0000][1][safepoint    ] Total time for which application threads were stopped: 0.0006477 seconds, Stopping threads took: 0.0001391 seconds
[2022-06-13T03:25:55.050+0000][1][safepoint    ] Application time: 0.0005069 seconds
[2022-06-13T03:25:55.050+0000][1][safepoint    ] Entering safepoint region: Deoptimize
[2022-06-13T03:25:55.050+0000][1][safepoint    ] Leaving safepoint region
[2022-06-13T03:25:55.050+0000][1][safepoint    ] Total time for which application threads were stopped: 0.0005127 seconds, Stopping threads took: 0.0000960 seconds
[2022-06-13T03:25:55.170+0000][1][safepoint    ] Application time: 0.1196666 seconds
[2022-06-13T03:25:55.170+0000][1][safepoint    ] Entering safepoint region: GenCollectForAllocation
[2022-06-13T03:25:55.170+0000][1][gc,start     ] GC(3) Pause Young (Allocation Failure)
[2022-06-13T03:25:55.171+0000][1][gc,task      ] GC(3) Using 5 workers of 13 for evacuation
[2022-06-13T03:25:55.173+0000][1][gc,age       ] GC(3) Desired survivor size 4456448 bytes, new threshold 3 (max threshold 6)
[2022-06-13T03:25:55.173+0000][1][gc,age       ] GC(3) Age table with threshold 3 (max threshold 6)
[2022-06-13T03:25:55.173+0000][1][gc,age       ] GC(3) - age   1:    3230440 bytes,    3230440 total
[2022-06-13T03:25:55.173+0000][1][gc,age       ] GC(3) - age   2:     294088 bytes,    3524528 total
[2022-06-13T03:25:55.173+0000][1][gc,age       ] GC(3) - age   3:    1205600 bytes,    4730128 total
[2022-06-13T03:25:55.173+0000][1][gc,heap      ] GC(3) ParNew: 74388K->6555K(78656K)
[2022-06-13T03:25:55.174+0000][1][gc,heap      ] GC(3) CMS: 6635K->6635K(174784K)
[2022-06-13T03:25:55.174+0000][1][gc,metaspace ] GC(3) Metaspace: 18211K->18211K(1067008K)
[2022-06-13T03:25:55.174+0000][1][gc           ] GC(3) Pause Young (Allocation Failure) 79M->12M(247M) 3.339ms
[2022-06-13T03:25:55.174+0000][1][gc,cpu       ] GC(3) User=0.01s Sys=0.00s Real=0.00s
[2022-06-13T03:25:55.174+0000][1][safepoint    ] Leaving safepoint region
[2022-06-13T03:25:55.174+0000][1][safepoint    ] Total time for which application threads were stopped: 0.0039047 seconds, Stopping threads took: 0.0001228 seconds
[2022-06-13T03:25:55.174+0000][1][safepoint    ] Application time: 0.0002070 seconds
[2022-06-13T03:25:55.175+0000][1][safepoint    ] Entering safepoint region: RevokeBias
[2022-06-13T03:25:55.175+0000][1][safepoint    ] Leaving safepoint region
[2022-06-13T03:25:55.175+0000][1][safepoint    ] Total time for which application threads were stopped: 0.0005332 seconds, Stopping threads took: 0.0003389 seconds
[2022-06-13T03:25:55.175+0000][1][safepoint    ] Application time: 0.0000807 seconds
[2022-06-13T03:25:55.176+0000][1][safepoint    ] Entering safepoint region: RevokeBias
[2022-06-13T03:25:55.176+0000][1][safepoint    ] Leaving safepoint region
[2022-06-13T03:25:55.176+0000][1][safepoint    ] Total time for which application threads were stopped: 0.0004342 seconds, Stopping threads took: 0.0002496 seconds
[2022-06-13T03:25:55.176+0000][1][safepoint    ] Application time: 0.0000926 seconds
[2022-06-13T03:25:55.176+0000][1][safepoint    ] Entering safepoint region: RevokeBias
[2022-06-13T03:25:55.177+0000][1][safepoint    ] Leaving safepoint region
[2022-06-13T03:25:55.177+0000][1][safepoint    ] Total time for which application threads were stopped: 0.0004500 seconds, Stopping threads took: 0.0002208 seconds
[2022-06-13T03:25:55.177+0000][1][safepoint    ] Application time: 0.0000844 seconds
[2022-06-13T03:25:55.177+0000][1][safepoint    ] Entering safepoint region: RevokeBias
[2022-06-13T03:25:55.177+0000][1][safepoint    ] Leaving safepoint region
[2022-06-13T03:25:55.177+0000][1][safepoint    ] Total time for which application threads were stopped: 0.0002853 seconds, Stopping threads took: 0.0001161 seconds
[2022-06-13T03:25:55.178+0000][1][safepoint    ] Application time: 0.0000919 seconds
[2022-06-13T03:25:55.178+0000][1][safepoint    ] Entering safepoint region: RevokeBias
[2022-06-13T03:25:55.178+0000][1][safepoint    ] Leaving safepoint region
[2022-06-13T03:25:55.178+0000][1][safepoint    ] Total time for which application threads were stopped: 0.0005384 seconds, Stopping threads took: 0.0003705 seconds
[2022-06-13T03:25:55.178+0000][1][safepoint    ] Application time: 0.0000898 seconds
[2022-06-13T03:25:55.179+0000][1][safepoint    ] Entering safepoint region: RevokeBias
[2022-06-13T03:25:55.179+0000][1][safepoint    ] Leaving safepoint region
[2022-06-13T03:25:55.179+0000][1][safepoint    ] Total time for which application threads were stopped: 0.0003384 seconds, Stopping threads took: 0.0001481 seconds
[2022-06-13T03:25:55.179+0000][1][safepoint    ] Application time: 0.0000700 seconds
[2022-06-13T03:25:55.179+0000][1][safepoint    ] Entering safepoint region: RevokeBias
[2022-06-13T03:25:55.179+0000][1][safepoint    ] Leaving safepoint region
[2022-06-13T03:25:55.180+0000][1][safepoint    ] Total time for which application threads were stopped: 0.0003337 seconds, Stopping threads took: 0.0001478 seconds
[2022-06-13T03:25:55.180+0000][1][safepoint    ] Application time: 0.0000747 seconds
[2022-06-13T03:25:55.180+0000][1][safepoint    ] Entering safepoint region: RevokeBias
[2022-06-13T03:25:55.180+0000][1][safepoint    ] Leaving safepoint region
[2022-06-13T03:25:55.180+0000][1][safepoint    ] Total time for which application threads were stopped: 0.0002613 seconds, Stopping threads took: 0.0001210 seconds
[2022-06-13T03:25:55.180+0000][1][safepoint    ] Application time: 0.0000813 seconds
[2022-06-13T03:25:55.181+0000][1][safepoint    ] Entering safepoint region: RevokeBias
[2022-06-13T03:25:55.181+0000][1][safepoint    ] Leaving safepoint region
[2022-06-13T03:25:55.181+0000][1][safepoint    ] Total time for which application threads were stopped: 0.0005313 seconds, Stopping threads took: 0.0003273 seconds
[2022-06-13T03:25:55.181+0000][1][safepoint    ] Application time: 0.0000830 seconds
[2022-06-13T03:25:55.181+0000][1][safepoint    ] Entering safepoint region: RevokeBias
[2022-06-13T03:25:55.182+0000][1][safepoint    ] Leaving safepoint region
[2022-06-13T03:25:55.182+0000][1][safepoint    ] Total time for which application threads were stopped: 0.0003572 seconds, Stopping threads took: 0.0001516 seconds
[2022-06-13T03:25:55.182+0000][1][safepoint    ] Application time: 0.0000946 seconds
[2022-06-13T03:25:55.182+0000][1][safepoint    ] Entering safepoint region: RevokeBias
[2022-06-13T03:25:55.182+0000][1][safepoint    ] Leaving safepoint region
[2022-06-13T03:25:55.183+0000][1][safepoint    ] Total time for which application threads were stopped: 0.0003805 seconds, Stopping threads took: 0.0002137 seconds
[2022-06-13T03:25:55.183+0000][1][safepoint    ] Application time: 0.0000780 seconds
[2022-06-13T03:25:55.183+0000][1][safepoint    ] Entering safepoint region: RevokeBias
[2022-06-13T03:25:55.183+0000][1][safepoint    ] Leaving safepoint region
[2022-06-13T03:25:55.183+0000][1][safepoint    ] Total time for which application threads were stopped: 0.0003819 seconds, Stopping threads took: 0.0001922 seconds
[2022-06-13T03:25:55.184+0000][1][safepoint    ] Application time: 0.0000875 seconds
[2022-06-13T03:25:55.184+0000][1][safepoint    ] Entering safepoint region: RevokeBias
[2022-06-13T03:25:55.184+0000][1][safepoint    ] Leaving safepoint region
[2022-06-13T03:25:55.184+0000][1][safepoint    ] Total time for which application threads were stopped: 0.0004661 seconds, Stopping threads took: 0.0001633 seconds
[2022-06-13T03:25:55.184+0000][1][safepoint    ] Application time: 0.0000895 seconds
[2022-06-13T03:25:55.185+0000][1][safepoint    ] Entering safepoint region: RevokeBias
[2022-06-13T03:25:55.185+0000][1][safepoint    ] Leaving safepoint region
[2022-06-13T03:25:55.185+0000][1][safepoint    ] Total time for which application threads were stopped: 0.0003878 seconds, Stopping threads took: 0.0001608 seconds
[2022-06-13T03:25:55.185+0000][1][safepoint    ] Application time: 0.0000920 seconds
[2022-06-13T03:25:55.186+0000][1][safepoint    ] Entering safepoint region: RevokeBias
[2022-06-13T03:25:55.186+0000][1][safepoint    ] Leaving safepoint region
[2022-06-13T03:25:55.186+0000][1][safepoint    ] Total time for which application threads were stopped: 0.0010060 seconds, Stopping threads took: 0.0007103 seconds
[2022-06-13T03:25:55.187+0000][1][safepoint    ] Application time: 0.0001120 seconds
[2022-06-13T03:25:55.187+0000][1][safepoint    ] Entering safepoint region: RevokeBias
[2022-06-13T03:25:55.187+0000][1][safepoint    ] Leaving safepoint region
[2022-06-13T03:25:55.187+0000][1][safepoint    ] Total time for which application threads were stopped: 0.0004135 seconds, Stopping threads took: 0.0001702 seconds
[2022-06-13T03:25:55.187+0000][1][safepoint    ] Application time: 0.0000880 seconds
[2022-06-13T03:25:55.188+0000][1][safepoint    ] Entering safepoint region: RevokeBias
[2022-06-13T03:25:55.188+0000][1][safepoint    ] Leaving safepoint region
[2022-06-13T03:25:55.188+0000][1][safepoint    ] Total time for which application threads were stopped: 0.0004817 seconds, Stopping threads took: 0.0002007 seconds
[2022-06-13T03:25:55.188+0000][1][safepoint    ] Application time: 0.0001159 seconds
[2022-06-13T03:25:55.188+0000][1][safepoint    ] Entering safepoint region: RevokeBias
[2022-06-13T03:25:55.189+0000][1][safepoint    ] Leaving safepoint region
[2022-06-13T03:25:55.189+0000][1][safepoint    ] Total time for which application threads were stopped: 0.0002986 seconds, Stopping threads took: 0.0001401 seconds
[2022-06-13T03:25:55.189+0000][1][safepoint    ] Application time: 0.0000785 seconds
[2022-06-13T03:25:55.189+0000][1][safepoint    ] Entering safepoint region: RevokeBias
[2022-06-13T03:25:55.190+0000][1][safepoint    ] Leaving safepoint region
[2022-06-13T03:25:55.190+0000][1][safepoint    ] Total time for which application threads were stopped: 0.0006957 seconds, Stopping threads took: 0.0004999 seconds
[2022-06-13T03:25:55.190+0000][1][safepoint    ] Application time: 0.0001033 seconds
[2022-06-13T03:25:55.190+0000][1][safepoint    ] Entering safepoint region: RevokeBias
[2022-06-13T03:25:55.190+0000][1][safepoint    ] Leaving safepoint region
[2022-06-13T03:25:55.190+0000][1][safepoint    ] Total time for which application threads were stopped: 0.0002972 seconds, Stopping threads took: 0.0001554 seconds
[2022-06-13T03:25:55.191+0000][1][safepoint    ] Application time: 0.0000611 seconds
[2022-06-13T03:25:55.191+0000][1][safepoint    ] Entering safepoint region: RevokeBias
[2022-06-13T03:25:55.191+0000][1][safepoint    ] Leaving safepoint region
[2022-06-13T03:25:55.191+0000][1][safepoint    ] Total time for which application threads were stopped: 0.0003139 seconds, Stopping threads took: 0.0001492 seconds
[2022-06-13T03:25:55.284+0000][1][safepoint    ] Application time: 0.0926253 seconds
[2022-06-13T03:25:55.284+0000][1][safepoint    ] Entering safepoint region: GenCollectForAllocation
[2022-06-13T03:25:55.284+0000][1][gc,start     ] GC(4) Pause Young (Allocation Failure)
[2022-06-13T03:25:55.285+0000][1][gc,task      ] GC(4) Using 5 workers of 13 for evacuation
[2022-06-13T03:25:55.288+0000][1][gc,age       ] GC(4) Desired survivor size 4456448 bytes, new threshold 3 (max threshold 6)
[2022-06-13T03:25:55.288+0000][1][gc,age       ] GC(4) Age table with threshold 3 (max threshold 6)
[2022-06-13T03:25:55.288+0000][1][gc,age       ] GC(4) - age   1:    1162640 bytes,    1162640 total
[2022-06-13T03:25:55.288+0000][1][gc,age       ] GC(4) - age   2:    3195544 bytes,    4358184 total
[2022-06-13T03:25:55.288+0000][1][gc,age       ] GC(4) - age   3:     293560 bytes,    4651744 total
[2022-06-13T03:25:55.288+0000][1][gc,heap      ] GC(4) ParNew: 76507K->6729K(78656K)
[2022-06-13T03:25:55.289+0000][1][gc,heap      ] GC(4) CMS: 6635K->7842K(174784K)
[2022-06-13T03:25:55.289+0000][1][gc,metaspace ] GC(4) Metaspace: 18688K->18688K(1067008K)
[2022-06-13T03:25:55.289+0000][1][gc           ] GC(4) Pause Young (Allocation Failure) 81M->14M(247M) 4.458ms
[2022-06-13T03:25:55.289+0000][1][gc,cpu       ] GC(4) User=0.02s Sys=0.00s Real=0.00s
[2022-06-13T03:25:55.289+0000][1][safepoint    ] Leaving safepoint region
[2022-06-13T03:25:55.289+0000][1][safepoint    ] Total time for which application threads were stopped: 0.0052375 seconds, Stopping threads took: 0.0001991 seconds
[2022-06-13T03:25:55.290+0000][1][safepoint    ] Application time: 0.0001964 seconds
[2022-06-13T03:25:55.290+0000][1][safepoint    ] Entering safepoint region: RevokeBias
[2022-06-13T03:25:55.290+0000][1][safepoint    ] Leaving safepoint region
[2022-06-13T03:25:55.290+0000][1][safepoint    ] Total time for which application threads were stopped: 0.0003055 seconds, Stopping threads took: 0.0001504 seconds
[2022-06-13T03:25:55.290+0000][1][safepoint    ] Application time: 0.0000804 seconds
[2022-06-13T03:25:55.290+0000][1][safepoint    ] Entering safepoint region: RevokeBias
[2022-06-13T03:25:55.290+0000][1][safepoint    ] Leaving safepoint region
[2022-06-13T03:25:55.291+0000][1][safepoint    ] Total time for which application threads were stopped: 0.0002630 seconds, Stopping threads took: 0.0001369 seconds
[2022-06-13T03:25:55.291+0000][1][safepoint    ] Application time: 0.0000905 seconds
[2022-06-13T03:25:55.291+0000][1][safepoint    ] Entering safepoint region: RevokeBias
[2022-06-13T03:25:55.291+0000][1][safepoint    ] Leaving safepoint region
[2022-06-13T03:25:55.291+0000][1][safepoint    ] Total time for which application threads were stopped: 0.0002521 seconds, Stopping threads took: 0.0001192 seconds
[2022-06-13T03:25:55.291+0000][1][safepoint    ] Application time: 0.0000661 seconds
[2022-06-13T03:25:55.291+0000][1][safepoint    ] Entering safepoint region: RevokeBias
[2022-06-13T03:25:55.292+0000][1][safepoint    ] Leaving safepoint region
[2022-06-13T03:25:55.292+0000][1][safepoint    ] Total time for which application threads were stopped: 0.0003433 seconds, Stopping threads took: 0.0001203 seconds
[2022-06-13T03:25:55.305+0000][1][safepoint    ] Application time: 0.0129927 seconds
[2022-06-13T03:25:55.305+0000][1][safepoint    ] Entering safepoint region: Deoptimize
[2022-06-13T03:25:55.306+0000][1][safepoint    ] Leaving safepoint region
[2022-06-13T03:25:55.306+0000][1][safepoint    ] Total time for which application threads were stopped: 0.0007333 seconds, Stopping threads took: 0.0001717 seconds
[2022-06-13T03:25:55.335+0000][1][safepoint    ] Application time: 0.0287823 seconds
[2022-06-13T03:25:55.335+0000][1][safepoint    ] Entering safepoint region: Deoptimize
[2022-06-13T03:25:55.336+0000][1][safepoint    ] Leaving safepoint region
[2022-06-13T03:25:55.336+0000][1][safepoint    ] Total time for which application threads were stopped: 0.0007050 seconds, Stopping threads took: 0.0001634 seconds
[2022-06-13T03:25:55.403+0000][1][safepoint    ] Application time: 0.0668996 seconds
[2022-06-13T03:25:55.403+0000][1][safepoint    ] Entering safepoint region: GenCollectForAllocation
[2022-06-13T03:25:55.403+0000][1][gc,start     ] GC(5) Pause Young (Allocation Failure)
[2022-06-13T03:25:55.403+0000][1][gc,task      ] GC(5) Using 5 workers of 13 for evacuation
[2022-06-13T03:25:55.406+0000][1][gc,age       ] GC(5) Desired survivor size 4456448 bytes, new threshold 3 (max threshold 6)
[2022-06-13T03:25:55.406+0000][1][gc,age       ] GC(5) Age table with threshold 3 (max threshold 6)
[2022-06-13T03:25:55.406+0000][1][gc,age       ] GC(5) - age   1:    2185648 bytes,    2185648 total
[2022-06-13T03:25:55.407+0000][1][gc,age       ] GC(5) - age   2:     581808 bytes,    2767456 total
[2022-06-13T03:25:55.407+0000][1][gc,age       ] GC(5) - age   3:    3191312 bytes,    5958768 total
[2022-06-13T03:25:55.407+0000][1][gc,heap      ] GC(5) ParNew: 76681K->8025K(78656K)
[2022-06-13T03:25:55.407+0000][1][gc,heap      ] GC(5) CMS: 7842K->8133K(174784K)
[2022-06-13T03:25:55.407+0000][1][gc,metaspace ] GC(5) Metaspace: 19004K->19004K(1067008K)
[2022-06-13T03:25:55.407+0000][1][gc           ] GC(5) Pause Young (Allocation Failure) 82M->15M(247M) 3.847ms
[2022-06-13T03:25:55.407+0000][1][gc,cpu       ] GC(5) User=0.02s Sys=0.01s Real=0.00s
[2022-06-13T03:25:55.407+0000][1][safepoint    ] Leaving safepoint region
[2022-06-13T03:25:55.408+0000][1][safepoint    ] Total time for which application threads were stopped: 0.0044874 seconds, Stopping threads took: 0.0001157 seconds
[2022-06-13T03:25:55.408+0000][1][safepoint    ] Application time: 0.0002408 seconds
[2022-06-13T03:25:55.408+0000][1][safepoint    ] Entering safepoint region: RevokeBias
[2022-06-13T03:25:55.408+0000][1][safepoint    ] Leaving safepoint region
[2022-06-13T03:25:55.409+0000][1][safepoint    ] Total time for which application threads were stopped: 0.0004189 seconds, Stopping threads took: 0.0001933 seconds
[2022-06-13T03:25:55.409+0000][1][safepoint    ] Application time: 0.0000895 seconds
[2022-06-13T03:25:55.409+0000][1][safepoint    ] Entering safepoint region: RevokeBias
[2022-06-13T03:25:55.409+0000][1][safepoint    ] Leaving safepoint region
[2022-06-13T03:25:55.409+0000][1][safepoint    ] Total time for which application threads were stopped: 0.0003884 seconds, Stopping threads took: 0.0001918 seconds
[2022-06-13T03:25:55.410+0000][1][safepoint    ] Application time: 0.0000948 seconds
[2022-06-13T03:25:55.410+0000][1][safepoint    ] Entering safepoint region: RevokeBias
[2022-06-13T03:25:55.410+0000][1][safepoint    ] Leaving safepoint region
[2022-06-13T03:25:55.410+0000][1][safepoint    ] Total time for which application threads were stopped: 0.0003313 seconds, Stopping threads took: 0.0001540 seconds
[2022-06-13T03:25:55.410+0000][1][safepoint    ] Application time: 0.0000833 seconds
[2022-06-13T03:25:55.410+0000][1][safepoint    ] Entering safepoint region: RevokeBias
[2022-06-13T03:25:55.411+0000][1][safepoint    ] Leaving safepoint region
[2022-06-13T03:25:55.411+0000][1][safepoint    ] Total time for which application threads were stopped: 0.0003556 seconds, Stopping threads took: 0.0001621 seconds
[2022-06-13T03:25:55.411+0000][1][safepoint    ] Application time: 0.0001037 seconds
[2022-06-13T03:25:55.411+0000][1][safepoint    ] Entering safepoint region: RevokeBias
[2022-06-13T03:25:55.411+0000][1][safepoint    ] Leaving safepoint region
[2022-06-13T03:25:55.412+0000][1][safepoint    ] Total time for which application threads were stopped: 0.0004826 seconds, Stopping threads took: 0.0002809 seconds
[2022-06-13T03:25:55.412+0000][1][safepoint    ] Application time: 0.0000818 seconds
[2022-06-13T03:25:55.412+0000][1][safepoint    ] Entering safepoint region: RevokeBias
[2022-06-13T03:25:55.412+0000][1][safepoint    ] Leaving safepoint region
[2022-06-13T03:25:55.412+0000][1][safepoint    ] Total time for which application threads were stopped: 0.0003401 seconds, Stopping threads took: 0.0001783 seconds
[2022-06-13T03:25:55.514+0000][1][safepoint    ] Application time: 0.1012880 seconds
[2022-06-13T03:25:55.514+0000][1][safepoint    ] Entering safepoint region: GenCollectForAllocation
[2022-06-13T03:25:55.514+0000][1][gc,start     ] GC(6) Pause Young (Allocation Failure)
[2022-06-13T03:25:55.514+0000][1][gc,task      ] GC(6) Using 5 workers of 13 for evacuation
[2022-06-13T03:25:55.518+0000][1][gc,age       ] GC(6) Desired survivor size 4456448 bytes, new threshold 6 (max threshold 6)
[2022-06-13T03:25:55.518+0000][1][gc,age       ] GC(6) Age table with threshold 6 (max threshold 6)
[2022-06-13T03:25:55.518+0000][1][gc,age       ] GC(6) - age   1:    1414392 bytes,    1414392 total
[2022-06-13T03:25:55.518+0000][1][gc,age       ] GC(6) - age   2:    2172464 bytes,    3586856 total
[2022-06-13T03:25:55.518+0000][1][gc,age       ] GC(6) - age   3:     581808 bytes,    4168664 total
[2022-06-13T03:25:55.518+0000][1][gc,heap      ] GC(6) ParNew: 77977K->7670K(78656K)
[2022-06-13T03:25:55.518+0000][1][gc,heap      ] GC(6) CMS: 8133K->11273K(174784K)
[2022-06-13T03:25:55.518+0000][1][gc,metaspace ] GC(6) Metaspace: 19334K->19334K(1067008K)
[2022-06-13T03:25:55.519+0000][1][gc           ] GC(6) Pause Young (Allocation Failure) 84M->18M(247M) 4.324ms
[2022-06-13T03:25:55.519+0000][1][gc,cpu       ] GC(6) User=0.02s Sys=0.00s Real=0.00s
[2022-06-13T03:25:55.519+0000][1][safepoint    ] Leaving safepoint region
[2022-06-13T03:25:55.519+0000][1][safepoint    ] Total time for which application threads were stopped: 0.0049672 seconds, Stopping threads took: 0.0001698 seconds
[2022-06-13T03:25:55.519+0000][1][safepoint    ] Application time: 0.0002285 seconds
[2022-06-13T03:25:55.519+0000][1][safepoint    ] Entering safepoint region: RevokeBias
[2022-06-13T03:25:55.520+0000][1][safepoint    ] Leaving safepoint region
[2022-06-13T03:25:55.520+0000][1][safepoint    ] Total time for which application threads were stopped: 0.0003608 seconds, Stopping threads took: 0.0001737 seconds
[2022-06-13T03:25:55.520+0000][1][safepoint    ] Application time: 0.0000815 seconds
[2022-06-13T03:25:55.520+0000][1][safepoint    ] Entering safepoint region: BulkRevokeBias
[2022-06-13T03:25:55.520+0000][1][safepoint    ] Leaving safepoint region
[2022-06-13T03:25:55.520+0000][1][safepoint    ] Total time for which application threads were stopped: 0.0003186 seconds, Stopping threads took: 0.0001343 seconds
[2022-06-13T03:25:55.521+0000][1][safepoint    ] Application time: 0.0001002 seconds
[2022-06-13T03:25:55.521+0000][1][safepoint    ] Entering safepoint region: BulkRevokeBias
[2022-06-13T03:25:55.521+0000][1][safepoint    ] Leaving safepoint region
[2022-06-13T03:25:55.521+0000][1][safepoint    ] Total time for which application threads were stopped: 0.0003104 seconds, Stopping threads took: 0.0001346 seconds
[2022-06-13T03:25:55.627+0000][1][safepoint    ] Application time: 0.1062044 seconds
[2022-06-13T03:25:55.628+0000][1][safepoint    ] Entering safepoint region: GenCollectForAllocation
[2022-06-13T03:25:55.628+0000][1][gc,start     ] GC(7) Pause Young (Allocation Failure)
[2022-06-13T03:25:55.628+0000][1][gc,task      ] GC(7) Using 5 workers of 13 for evacuation
[2022-06-13T03:25:55.631+0000][1][gc,age       ] GC(7) Desired survivor size 4456448 bytes, new threshold 6 (max threshold 6)
[2022-06-13T03:25:55.631+0000][1][gc,age       ] GC(7) Age table with threshold 6 (max threshold 6)
[2022-06-13T03:25:55.631+0000][1][gc,age       ] GC(7) - age   1:     539288 bytes,     539288 total
[2022-06-13T03:25:55.631+0000][1][gc,age       ] GC(7) - age   2:    1151872 bytes,    1691160 total
[2022-06-13T03:25:55.631+0000][1][gc,age       ] GC(7) - age   3:    2170536 bytes,    3861696 total
[2022-06-13T03:25:55.632+0000][1][gc,age       ] GC(7) - age   4:     581808 bytes,    4443504 total
[2022-06-13T03:25:55.632+0000][1][gc,heap      ] GC(7) ParNew: 77622K->5422K(78656K)
[2022-06-13T03:25:55.632+0000][1][gc,heap      ] GC(7) CMS: 11273K->11273K(174784K)
[2022-06-13T03:25:55.632+0000][1][gc,metaspace ] GC(7) Metaspace: 19659K->19659K(1067008K)
[2022-06-13T03:25:55.632+0000][1][gc           ] GC(7) Pause Young (Allocation Failure) 86M->16M(247M) 4.112ms
[2022-06-13T03:25:55.632+0000][1][gc,cpu       ] GC(7) User=0.05s Sys=0.00s Real=0.01s
[2022-06-13T03:25:55.632+0000][1][safepoint    ] Leaving safepoint region
[2022-06-13T03:25:55.633+0000][1][safepoint    ] Total time for which application threads were stopped: 0.0048675 seconds, Stopping threads took: 0.0001834 seconds
[2022-06-13T03:25:55.667+0000][1][safepoint    ] Application time: 0.0337698 seconds
[2022-06-13T03:25:55.667+0000][1][safepoint    ] Entering safepoint region: CollectForMetadataAllocation
[2022-06-13T03:25:55.667+0000][1][safepoint    ] Leaving safepoint region
[2022-06-13T03:25:55.668+0000][1][safepoint    ] Total time for which application threads were stopped: 0.0007977 seconds, Stopping threads took: 0.0001514 seconds
[2022-06-13T03:25:55.687+0000][1][safepoint    ] Application time: 0.0190251 seconds
[2022-06-13T03:25:55.687+0000][1][safepoint    ] Entering safepoint region: CollectForMetadataAllocation
[2022-06-13T03:25:55.688+0000][1][safepoint    ] Leaving safepoint region
[2022-06-13T03:25:55.688+0000][1][safepoint    ] Total time for which application threads were stopped: 0.0006447 seconds, Stopping threads took: 0.0002093 seconds
[2022-06-13T03:25:55.764+0000][1][safepoint    ] Application time: 0.0762082 seconds
[2022-06-13T03:25:55.764+0000][1][safepoint    ] Entering safepoint region: GenCollectForAllocation
[2022-06-13T03:25:55.764+0000][1][gc,start     ] GC(8) Pause Young (Allocation Failure)
[2022-06-13T03:25:55.764+0000][1][gc,task      ] GC(8) Using 5 workers of 13 for evacuation
[2022-06-13T03:25:55.766+0000][1][gc,age       ] GC(8) Desired survivor size 4456448 bytes, new threshold 5 (max threshold 6)
[2022-06-13T03:25:55.766+0000][1][gc,age       ] GC(8) Age table with threshold 5 (max threshold 6)
[2022-06-13T03:25:55.767+0000][1][gc,age       ] GC(8) - age   1:     495312 bytes,     495312 total
[2022-06-13T03:25:55.767+0000][1][gc,age       ] GC(8) - age   2:     484048 bytes,     979360 total
[2022-06-13T03:25:55.767+0000][1][gc,age       ] GC(8) - age   3:    1151776 bytes,    2131136 total
[2022-06-13T03:25:55.767+0000][1][gc,age       ] GC(8) - age   4:    2170248 bytes,    4301384 total
[2022-06-13T03:25:55.767+0000][1][gc,age       ] GC(8) - age   5:     581808 bytes,    4883192 total
[2022-06-13T03:25:55.767+0000][1][gc,heap      ] GC(8) ParNew: 75374K->6524K(78656K)
[2022-06-13T03:25:55.767+0000][1][gc,heap      ] GC(8) CMS: 11273K->11273K(174784K)
[2022-06-13T03:25:55.767+0000][1][gc,metaspace ] GC(8) Metaspace: 20383K->20383K(1069056K)
[2022-06-13T03:25:55.767+0000][1][gc           ] GC(8) Pause Young (Allocation Failure) 84M->17M(247M) 2.859ms
[2022-06-13T03:25:55.767+0000][1][gc,cpu       ] GC(8) User=0.02s Sys=0.00s Real=0.00s
[2022-06-13T03:25:55.767+0000][1][safepoint    ] Leaving safepoint region
[2022-06-13T03:25:55.768+0000][1][safepoint    ] Total time for which application threads were stopped: 0.0032797 seconds, Stopping threads took: 0.0000980 seconds
[2022-06-13T03:25:55.768+0000][1][safepoint    ] Application time: 0.0001882 seconds
[2022-06-13T03:25:55.768+0000][1][safepoint    ] Entering safepoint region: CMS_Initial_Mark
[2022-06-13T03:25:55.768+0000][1][gc,start     ] GC(9) Pause Initial Mark
[2022-06-13T03:25:55.769+0000][1][gc           ] GC(9) Pause Initial Mark 18M->18M(247M) 0.633ms
[2022-06-13T03:25:55.769+0000][1][gc,cpu       ] GC(9) User=0.01s Sys=0.00s Real=0.01s
[2022-06-13T03:25:55.769+0000][1][safepoint    ] Leaving safepoint region
[2022-06-13T03:25:55.769+0000][1][safepoint    ] Total time for which application threads were stopped: 0.0014758 seconds, Stopping threads took: 0.0003252 seconds
[2022-06-13T03:25:55.770+0000][1][gc           ] GC(9) Concurrent Mark
[2022-06-13T03:25:55.770+0000][1][gc,task      ] GC(9) Using 4 workers of 4 for marking
[2022-06-13T03:25:55.775+0000][1][gc           ] GC(9) Concurrent Mark 5.795ms
[2022-06-13T03:25:55.776+0000][1][gc,cpu       ] GC(9) User=0.03s Sys=0.00s Real=0.00s
[2022-06-13T03:25:55.776+0000][1][gc           ] GC(9) Concurrent Preclean
[2022-06-13T03:25:55.777+0000][1][gc           ] GC(9) Concurrent Preclean 0.696ms
[2022-06-13T03:25:55.777+0000][1][gc,cpu       ] GC(9) User=0.00s Sys=0.00s Real=0.00s
[2022-06-13T03:25:55.777+0000][1][gc           ] GC(9) Concurrent Abortable Preclean
[2022-06-13T03:25:55.841+0000][1][safepoint    ] Application time: 0.0713596 seconds
[2022-06-13T03:25:55.841+0000][1][safepoint    ] Entering safepoint region: GenCollectForAllocation
[2022-06-13T03:25:55.842+0000][1][gc,start     ] GC(10) Pause Young (Allocation Failure)
[2022-06-13T03:25:55.842+0000][1][gc,task      ] GC(10) Using 5 workers of 13 for evacuation
[2022-06-13T03:25:55.844+0000][1][gc,age       ] GC(10) Desired survivor size 4456448 bytes, new threshold 5 (max threshold 6)
[2022-06-13T03:25:55.845+0000][1][gc,age       ] GC(10) Age table with threshold 5 (max threshold 6)
[2022-06-13T03:25:55.845+0000][1][gc,age       ] GC(10) - age   1:     933864 bytes,     933864 total
[2022-06-13T03:25:55.845+0000][1][gc,age       ] GC(10) - age   2:     483336 bytes,    1417200 total
[2022-06-13T03:25:55.845+0000][1][gc,age       ] GC(10) - age   3:     483928 bytes,    1901128 total
[2022-06-13T03:25:55.845+0000][1][gc,age       ] GC(10) - age   4:    1151776 bytes,    3052904 total
[2022-06-13T03:25:55.845+0000][1][gc,age       ] GC(10) - age   5:    2170056 bytes,    5222960 total
[2022-06-13T03:25:55.846+0000][1][gc,heap      ] GC(10) ParNew: 76476K->6171K(78656K)
[2022-06-13T03:25:55.846+0000][1][gc,heap      ] GC(10) CMS: 11273K->11853K(174784K)
[2022-06-13T03:25:55.846+0000][1][gc,metaspace ] GC(10) Metaspace: 20499K->20499K(1069056K)
[2022-06-13T03:25:55.846+0000][1][gc           ] GC(10) Pause Young (Allocation Failure) 85M->17M(247M) 4.384ms
[2022-06-13T03:25:55.846+0000][1][gc,cpu       ] GC(10) User=0.01s Sys=0.00s Real=0.00s
[2022-06-13T03:25:55.846+0000][1][safepoint    ] Leaving safepoint region
[2022-06-13T03:25:55.846+0000][1][safepoint    ] Total time for which application threads were stopped: 0.0050184 seconds, Stopping threads took: 0.0002660 seconds
[2022-06-13T03:25:55.912+0000][1][safepoint    ] Application time: 0.0661926 seconds
[2022-06-13T03:25:55.913+0000][1][safepoint    ] Entering safepoint region: GenCollectForAllocation
[2022-06-13T03:25:55.913+0000][1][gc,start     ] GC(11) Pause Young (Allocation Failure)
[2022-06-13T03:25:55.913+0000][1][gc,task      ] GC(11) Using 5 workers of 13 for evacuation
[2022-06-13T03:25:55.916+0000][1][gc,age       ] GC(11) Desired survivor size 4456448 bytes, new threshold 6 (max threshold 6)
[2022-06-13T03:25:55.917+0000][1][gc,age       ] GC(11) Age table with threshold 6 (max threshold 6)
[2022-06-13T03:25:55.917+0000][1][gc,age       ] GC(11) - age   1:    1661616 bytes,    1661616 total
[2022-06-13T03:25:55.917+0000][1][gc,age       ] GC(11) - age   2:     126944 bytes,    1788560 total
[2022-06-13T03:25:55.917+0000][1][gc,age       ] GC(11) - age   3:     483336 bytes,    2271896 total
[2022-06-13T03:25:55.917+0000][1][gc,age       ] GC(11) - age   4:     483776 bytes,    2755672 total
[2022-06-13T03:25:55.917+0000][1][gc,age       ] GC(11) - age   5:    1151488 bytes,    3907160 total
[2022-06-13T03:25:55.918+0000][1][gc,heap      ] GC(11) ParNew: 76123K->6343K(78656K)
[2022-06-13T03:25:55.918+0000][1][gc,heap      ] GC(11) CMS: 11853K->13985K(174784K)
[2022-06-13T03:25:55.918+0000][1][gc,metaspace ] GC(11) Metaspace: 20576K->20576K(1069056K)
[2022-06-13T03:25:55.918+0000][1][gc           ] GC(11) Pause Young (Allocation Failure) 85M->19M(247M) 5.062ms
[2022-06-13T03:25:55.918+0000][1][gc,cpu       ] GC(11) User=0.01s Sys=0.00s Real=0.00s
[2022-06-13T03:25:55.918+0000][1][safepoint    ] Leaving safepoint region
[2022-06-13T03:25:55.918+0000][1][safepoint    ] Total time for which application threads were stopped: 0.0057149 seconds, Stopping threads took: 0.0001419 seconds
[2022-06-13T03:25:55.919+0000][1][gc           ] GC(9) Concurrent Abortable Preclean 141.866ms
[2022-06-13T03:25:55.919+0000][1][gc,cpu       ] GC(9) User=0.46s Sys=0.02s Real=0.14s
[2022-06-13T03:25:55.919+0000][1][safepoint    ] Application time: 0.0003789 seconds
[2022-06-13T03:25:55.919+0000][1][safepoint    ] Entering safepoint region: CMS_Final_Remark
[2022-06-13T03:25:55.919+0000][1][gc,start     ] GC(9) Pause Remark
[2022-06-13T03:25:55.927+0000][1][gc           ] GC(9) Pause Remark 21M->21M(247M) 7.734ms
[2022-06-13T03:25:55.927+0000][1][gc,cpu       ] GC(9) User=0.01s Sys=0.00s Real=0.00s
[2022-06-13T03:25:55.927+0000][1][safepoint    ] Leaving safepoint region
[2022-06-13T03:25:55.928+0000][1][safepoint    ] Total time for which application threads were stopped: 0.0084646 seconds, Stopping threads took: 0.0001919 seconds
[2022-06-13T03:25:55.928+0000][1][gc           ] GC(9) Concurrent Sweep
[2022-06-13T03:25:55.935+0000][1][gc           ] GC(9) Concurrent Sweep 7.214ms
[2022-06-13T03:25:55.935+0000][1][gc,cpu       ] GC(9) User=0.02s Sys=0.00s Real=0.01s
[2022-06-13T03:25:55.936+0000][1][gc           ] GC(9) Concurrent Reset
[2022-06-13T03:25:55.936+0000][1][gc           ] GC(9) Concurrent Reset 0.524ms
[2022-06-13T03:25:55.936+0000][1][gc,cpu       ] GC(9) User=0.00s Sys=0.00s Real=0.00s
[2022-06-13T03:25:55.936+0000][1][gc,heap      ] GC(9) Old: 11273K->13960K(174784K)
[2022-06-13T03:25:55.974+0000][1][safepoint    ] Application time: 0.0464464 seconds
[2022-06-13T03:25:55.975+0000][1][safepoint    ] Entering safepoint region: Deoptimize
[2022-06-13T03:25:55.976+0000][1][safepoint    ] Leaving safepoint region
[2022-06-13T03:25:55.976+0000][1][safepoint    ] Total time for which application threads were stopped: 0.0012450 seconds, Stopping threads took: 0.0001698 seconds
[2022-06-13T03:25:56.210+0000][1][safepoint    ] Application time: 0.2337563 seconds
[2022-06-13T03:25:56.210+0000][1][safepoint    ] Entering safepoint region: Deoptimize
[2022-06-13T03:25:56.211+0000][1][safepoint    ] Leaving safepoint region
[2022-06-13T03:25:56.211+0000][1][safepoint    ] Total time for which application threads were stopped: 0.0010833 seconds, Stopping threads took: 0.0001884 seconds
[2022-06-13T03:25:56.212+0000][1][safepoint    ] Application time: 0.0005311 seconds
[2022-06-13T03:25:56.212+0000][1][safepoint    ] Entering safepoint region: Deoptimize
[2022-06-13T03:25:56.213+0000][1][safepoint    ] Leaving safepoint region
[2022-06-13T03:25:56.213+0000][1][safepoint    ] Total time for which application threads were stopped: 0.0008083 seconds, Stopping threads took: 0.0001591 seconds
[2022-06-13T03:25:56.225+0000][1][safepoint    ] Application time: 0.0116529 seconds
[2022-06-13T03:25:56.225+0000][1][safepoint    ] Entering safepoint region: RevokeBias
[2022-06-13T03:25:56.225+0000][1][safepoint    ] Leaving safepoint region
[2022-06-13T03:25:56.225+0000][1][safepoint    ] Total time for which application threads were stopped: 0.0003148 seconds, Stopping threads took: 0.0001300 seconds
[2022-06-13T03:25:56.226+0000][1][safepoint    ] Application time: 0.0001119 seconds
[2022-06-13T03:25:56.226+0000][1][safepoint    ] Entering safepoint region: RevokeBias
[2022-06-13T03:25:56.226+0000][1][safepoint    ] Leaving safepoint region
[2022-06-13T03:25:56.226+0000][1][safepoint    ] Total time for which application threads were stopped: 0.0002610 seconds, Stopping threads took: 0.0001366 seconds
[2022-06-13T03:25:56.226+0000][1][safepoint    ] Application time: 0.0003947 seconds
[2022-06-13T03:25:56.227+0000][1][safepoint    ] Entering safepoint region: Deoptimize
[2022-06-13T03:25:56.227+0000][1][safepoint    ] Leaving safepoint region
[2022-06-13T03:25:56.227+0000][1][safepoint    ] Total time for which application threads were stopped: 0.0006519 seconds, Stopping threads took: 0.0001406 seconds
[2022-06-13T03:25:56.231+0000][1][safepoint    ] Application time: 0.0031729 seconds
[2022-06-13T03:25:56.231+0000][1][safepoint    ] Entering safepoint region: Deoptimize
[2022-06-13T03:25:56.232+0000][1][safepoint    ] Leaving safepoint region
[2022-06-13T03:25:56.232+0000][1][safepoint    ] Total time for which application threads were stopped: 0.0009162 seconds, Stopping threads took: 0.0001836 seconds
[2022-06-13T03:25:56.255+0000][1][safepoint    ] Application time: 0.0233580 seconds
[2022-06-13T03:25:56.256+0000][1][safepoint    ] Entering safepoint region: GenCollectForAllocation
[2022-06-13T03:25:56.256+0000][1][gc,start     ] GC(12) Pause Young (Allocation Failure)
[2022-06-13T03:25:56.256+0000][1][gc,task      ] GC(12) Using 5 workers of 13 for evacuation
[2022-06-13T03:25:56.259+0000][1][gc,age       ] GC(12) Desired survivor size 4456448 bytes, new threshold 6 (max threshold 6)
[2022-06-13T03:25:56.259+0000][1][gc,age       ] GC(12) Age table with threshold 6 (max threshold 6)
[2022-06-13T03:25:56.259+0000][1][gc,age       ] GC(12) - age   1:    2367408 bytes,    2367408 total
[2022-06-13T03:25:56.259+0000][1][gc,age       ] GC(12) - age   2:     344744 bytes,    2712152 total
[2022-06-13T03:25:56.260+0000][1][gc,age       ] GC(12) - age   3:     126680 bytes,    2838832 total
[2022-06-13T03:25:56.260+0000][1][gc,age       ] GC(12) - age   4:     482712 bytes,    3321544 total
[2022-06-13T03:25:56.260+0000][1][gc,age       ] GC(12) - age   5:     479040 bytes,    3800584 total
[2022-06-13T03:25:56.260+0000][1][gc,age       ] GC(12) - age   6:    1151112 bytes,    4951696 total
[2022-06-13T03:25:56.260+0000][1][gc,heap      ] GC(12) ParNew: 76295K->6391K(78656K)
[2022-06-13T03:25:56.261+0000][1][gc,heap      ] GC(12) CMS: 13960K->13960K(174784K)
[2022-06-13T03:25:56.261+0000][1][gc,metaspace ] GC(12) Metaspace: 26253K->26253K(1073152K)
[2022-06-13T03:25:56.261+0000][1][gc           ] GC(12) Pause Young (Allocation Failure) 88M->19M(247M) 5.144ms
[2022-06-13T03:25:56.261+0000][1][gc,cpu       ] GC(12) User=0.01s Sys=0.01s Real=0.01s
[2022-06-13T03:25:56.261+0000][1][safepoint    ] Leaving safepoint region
[2022-06-13T03:25:56.262+0000][1][safepoint    ] Total time for which application threads were stopped: 0.0061282 seconds, Stopping threads took: 0.0003112 seconds
[2022-06-13T03:25:56.402+0000][1][safepoint    ] Application time: 0.1405760 seconds
[2022-06-13T03:25:56.403+0000][1][safepoint    ] Entering safepoint region: RevokeBias
[2022-06-13T03:25:56.403+0000][1][safepoint    ] Leaving safepoint region
[2022-06-13T03:25:56.403+0000][1][safepoint    ] Total time for which application threads were stopped: 0.0004655 seconds, Stopping threads took: 0.0001133 seconds
[2022-06-13T03:25:56.511+0000][1][safepoint    ] Application time: 0.1081444 seconds
[2022-06-13T03:25:56.512+0000][1][safepoint    ] Entering safepoint region: Deoptimize
[2022-06-13T03:25:56.512+0000][1][safepoint    ] Leaving safepoint region
[2022-06-13T03:25:56.512+0000][1][safepoint    ] Total time for which application threads were stopped: 0.0009492 seconds, Stopping threads took: 0.0002034 seconds
[2022-06-13T03:25:56.794+0000][1][safepoint    ] Application time: 0.2818133 seconds
[2022-06-13T03:25:56.796+0000][1][safepoint    ] Entering safepoint region: GenCollectForAllocation
[2022-06-13T03:25:56.796+0000][1][gc,start     ] GC(13) Pause Young (Allocation Failure)
[2022-06-13T03:25:56.796+0000][1][gc,task      ] GC(13) Using 5 workers of 13 for evacuation
[2022-06-13T03:25:56.830+0000][1][gc,age       ] GC(13) Desired survivor size 4456448 bytes, new threshold 1 (max threshold 6)
[2022-06-13T03:25:56.830+0000][1][gc,age       ] GC(13) Age table with threshold 1 (max threshold 6)
[2022-06-13T03:25:56.831+0000][1][gc,age       ] GC(13) - age   1:    5417280 bytes,    5417280 total
[2022-06-13T03:25:56.831+0000][1][gc,age       ] GC(13) - age   2:    2068552 bytes,    7485832 total
[2022-06-13T03:25:56.831+0000][1][gc,age       ] GC(13) - age   3:     344680 bytes,    7830512 total
[2022-06-13T03:25:56.831+0000][1][gc,age       ] GC(13) - age   4:     126680 bytes,    7957192 total
[2022-06-13T03:25:56.831+0000][1][gc,age       ] GC(13) - age   5:     482736 bytes,    8439928 total
[2022-06-13T03:25:56.831+0000][1][gc,age       ] GC(13) - age   6:     478896 bytes,    8918824 total
[2022-06-13T03:25:56.831+0000][1][gc,heap      ] GC(13) ParNew: 76343K->8704K(78656K)
[2022-06-13T03:25:56.832+0000][1][gc,heap      ] GC(13) CMS: 13960K->25396K(174784K)
[2022-06-13T03:25:56.832+0000][1][gc,metaspace ] GC(13) Metaspace: 27105K->27105K(1075200K)
[2022-06-13T03:25:56.832+0000][1][gc           ] GC(13) Pause Young (Allocation Failure) 88M->33M(247M) 35.580ms
[2022-06-13T03:25:56.832+0000][1][gc,cpu       ] GC(13) User=0.31s Sys=0.01s Real=0.04s
[2022-06-13T03:25:56.832+0000][1][safepoint    ] Leaving safepoint region
[2022-06-13T03:25:56.832+0000][1][safepoint    ] Total time for which application threads were stopped: 0.0363662 seconds, Stopping threads took: 0.0002311 seconds
[2022-06-13T03:25:57.337+0000][1][safepoint    ] Application time: 0.5046561 seconds
[2022-06-13T03:25:57.340+0000][1][safepoint    ] Entering safepoint region: GenCollectForAllocation
[2022-06-13T03:25:57.340+0000][1][gc,start     ] GC(14) Pause Young (Allocation Failure)
[2022-06-13T03:25:57.341+0000][1][gc,task      ] GC(14) Using 5 workers of 13 for evacuation
[2022-06-13T03:25:57.366+0000][1][gc,age       ] GC(14) Desired survivor size 4456448 bytes, new threshold 1 (max threshold 6)
[2022-06-13T03:25:57.367+0000][1][gc,age       ] GC(14) Age table with threshold 1 (max threshold 6)
[2022-06-13T03:25:57.367+0000][1][gc,age       ] GC(14) - age   1:    8912728 bytes,    8912728 total
[2022-06-13T03:25:57.367+0000][1][gc,heap      ] GC(14) ParNew: 78656K->8704K(78656K)
[2022-06-13T03:25:57.367+0000][1][gc,heap      ] GC(14) CMS: 25396K->39242K(174784K)
[2022-06-13T03:25:57.367+0000][1][gc,metaspace ] GC(14) Metaspace: 27138K->27138K(1075200K)
[2022-06-13T03:25:57.368+0000][1][gc           ] GC(14) Pause Young (Allocation Failure) 101M->46M(247M) 27.254ms
[2022-06-13T03:25:57.368+0000][1][gc,cpu       ] GC(14) User=0.17s Sys=0.00s Real=0.02s
[2022-06-13T03:25:57.368+0000][1][safepoint    ] Leaving safepoint region
[2022-06-13T03:25:57.368+0000][1][safepoint    ] Total time for which application threads were stopped: 0.0284893 seconds, Stopping threads took: 0.0007350 seconds
[2022-06-13T03:25:57.586+0000][1][safepoint    ] Application time: 0.2182079 seconds
[2022-06-13T03:25:57.587+0000][1][safepoint    ] Entering safepoint region: RevokeBias
[2022-06-13T03:25:57.587+0000][1][safepoint    ] Leaving safepoint region
[2022-06-13T03:25:57.587+0000][1][safepoint    ] Total time for which application threads were stopped: 0.0004569 seconds, Stopping threads took: 0.0002056 seconds
[2022-06-13T03:25:57.810+0000][1][safepoint    ] Application time: 0.2224594 seconds
[2022-06-13T03:25:57.810+0000][1][safepoint    ] Entering safepoint region: GenCollectForAllocation
[2022-06-13T03:25:57.810+0000][1][gc,start     ] GC(15) Pause Young (Allocation Failure)
[2022-06-13T03:25:57.811+0000][1][gc,task      ] GC(15) Using 5 workers of 13 for evacuation
[2022-06-13T03:25:57.822+0000][1][gc,age       ] GC(15) Desired survivor size 4456448 bytes, new threshold 1 (max threshold 6)
[2022-06-13T03:25:57.822+0000][1][gc,age       ] GC(15) Age table with threshold 1 (max threshold 6)
[2022-06-13T03:25:57.822+0000][1][gc,age       ] GC(15) - age   1:    7163056 bytes,    7163056 total
[2022-06-13T03:25:57.822+0000][1][gc,heap      ] GC(15) ParNew: 78656K->8704K(78656K)
[2022-06-13T03:25:57.822+0000][1][gc,heap      ] GC(15) CMS: 39242K->48673K(174784K)
[2022-06-13T03:25:57.823+0000][1][gc,metaspace ] GC(15) Metaspace: 31478K->31478K(1079296K)
[2022-06-13T03:25:57.823+0000][1][gc           ] GC(15) Pause Young (Allocation Failure) 115M->56M(247M) 12.286ms
[2022-06-13T03:25:57.823+0000][1][gc,cpu       ] GC(15) User=0.10s Sys=0.00s Real=0.01s
[2022-06-13T03:25:57.823+0000][1][safepoint    ] Leaving safepoint region
[2022-06-13T03:25:57.823+0000][1][safepoint    ] Total time for which application threads were stopped: 0.0130020 seconds, Stopping threads took: 0.0002039 seconds
[2022-06-13T03:25:57.925+0000][1][safepoint    ] Application time: 0.1019537 seconds
[2022-06-13T03:25:57.925+0000][1][safepoint    ] Entering safepoint region: GenCollectForAllocation
[2022-06-13T03:25:57.926+0000][1][gc,start     ] GC(16) Pause Young (Allocation Failure)
[2022-06-13T03:25:57.926+0000][1][gc,task      ] GC(16) Using 5 workers of 13 for evacuation
[2022-06-13T03:25:57.931+0000][1][gc,age       ] GC(16) Desired survivor size 4456448 bytes, new threshold 6 (max threshold 6)
[2022-06-13T03:25:57.931+0000][1][gc,age       ] GC(16) Age table with threshold 6 (max threshold 6)
[2022-06-13T03:25:57.932+0000][1][gc,age       ] GC(16) - age   1:     454672 bytes,     454672 total
[2022-06-13T03:25:57.932+0000][1][gc,heap      ] GC(16) ParNew: 78656K->7358K(78656K)
[2022-06-13T03:25:57.932+0000][1][gc,heap      ] GC(16) CMS: 48673K->55722K(174784K)
[2022-06-13T03:25:57.932+0000][1][gc,metaspace ] GC(16) Metaspace: 32944K->32944K(1079296K)
[2022-06-13T03:25:57.932+0000][1][gc           ] GC(16) Pause Young (Allocation Failure) 124M->61M(247M) 6.403ms
[2022-06-13T03:25:57.932+0000][1][gc,cpu       ] GC(16) User=0.05s Sys=0.00s Real=0.01s
[2022-06-13T03:25:57.932+0000][1][safepoint    ] Leaving safepoint region
[2022-06-13T03:25:57.932+0000][1][safepoint    ] Total time for which application threads were stopped: 0.0069227 seconds, Stopping threads took: 0.0001144 seconds
[2022-06-13T03:25:57.947+0000][1][safepoint    ] Application time: 0.0150206 seconds
[2022-06-13T03:25:57.948+0000][1][safepoint    ] Entering safepoint region: RevokeBias
[2022-06-13T03:25:57.948+0000][1][safepoint    ] Leaving safepoint region
[2022-06-13T03:25:57.948+0000][1][safepoint    ] Total time for which application threads were stopped: 0.0003285 seconds, Stopping threads took: 0.0001435 seconds
[2022-06-13T03:25:58.059+0000][1][safepoint    ] Application time: 0.1105923 seconds
[2022-06-13T03:25:58.059+0000][1][safepoint    ] Entering safepoint region: CollectForMetadataAllocation
[2022-06-13T03:25:58.059+0000][1][safepoint    ] Leaving safepoint region
[2022-06-13T03:25:58.059+0000][1][safepoint    ] Total time for which application threads were stopped: 0.0004911 seconds, Stopping threads took: 0.0001842 seconds
[2022-06-13T03:25:58.078+0000][1][safepoint    ] Application time: 0.0187709 seconds
[2022-06-13T03:25:58.079+0000][1][safepoint    ] Entering safepoint region: CollectForMetadataAllocation
[2022-06-13T03:25:58.079+0000][1][safepoint    ] Leaving safepoint region
[2022-06-13T03:25:58.079+0000][1][safepoint    ] Total time for which application threads were stopped: 0.0003134 seconds, Stopping threads took: 0.0001081 seconds
[2022-06-13T03:25:58.092+0000][1][safepoint    ] Application time: 0.0131527 seconds
[2022-06-13T03:25:58.092+0000][1][safepoint    ] Entering safepoint region: CollectForMetadataAllocation
[2022-06-13T03:25:58.093+0000][1][safepoint    ] Leaving safepoint region
[2022-06-13T03:25:58.093+0000][1][safepoint    ] Total time for which application threads were stopped: 0.0003623 seconds, Stopping threads took: 0.0001426 seconds
[2022-06-13T03:25:58.102+0000][1][safepoint    ] Application time: 0.0096065 seconds
[2022-06-13T03:25:58.103+0000][1][safepoint    ] Entering safepoint region: CollectForMetadataAllocation
[2022-06-13T03:25:58.103+0000][1][safepoint    ] Leaving safepoint region
[2022-06-13T03:25:58.103+0000][1][safepoint    ] Total time for which application threads were stopped: 0.0003364 seconds, Stopping threads took: 0.0001543 seconds
[2022-06-13T03:25:58.123+0000][1][safepoint    ] Application time: 0.0203294 seconds
[2022-06-13T03:25:58.124+0000][1][safepoint    ] Entering safepoint region: CollectForMetadataAllocation
[2022-06-13T03:25:58.124+0000][1][safepoint    ] Leaving safepoint region
[2022-06-13T03:25:58.125+0000][1][safepoint    ] Total time for which application threads were stopped: 0.0006900 seconds, Stopping threads took: 0.0003176 seconds
[2022-06-13T03:25:58.136+0000][1][safepoint    ] Application time: 0.0116159 seconds
[2022-06-13T03:25:58.137+0000][1][safepoint    ] Entering safepoint region: CollectForMetadataAllocation
[2022-06-13T03:25:58.137+0000][1][safepoint    ] Leaving safepoint region
[2022-06-13T03:25:58.138+0000][1][safepoint    ] Total time for which application threads were stopped: 0.0007291 seconds, Stopping threads took: 0.0003945 seconds
[2022-06-13T03:25:58.147+0000][1][safepoint    ] Application time: 0.0087063 seconds
[2022-06-13T03:25:58.147+0000][1][safepoint    ] Entering safepoint region: CollectForMetadataAllocation
[2022-06-13T03:25:58.148+0000][1][safepoint    ] Leaving safepoint region
[2022-06-13T03:25:58.148+0000][1][safepoint    ] Total time for which application threads were stopped: 0.0010647 seconds, Stopping threads took: 0.0002319 seconds
[2022-06-13T03:25:58.165+0000][1][safepoint    ] Application time: 0.0164802 seconds
[2022-06-13T03:25:58.165+0000][1][safepoint    ] Entering safepoint region: CollectForMetadataAllocation
[2022-06-13T03:25:58.165+0000][1][safepoint    ] Leaving safepoint region
[2022-06-13T03:25:58.166+0000][1][safepoint    ] Total time for which application threads were stopped: 0.0004798 seconds, Stopping threads took: 0.0002110 seconds
[2022-06-13T03:25:58.176+0000][1][safepoint    ] Application time: 0.0105906 seconds
[2022-06-13T03:25:58.177+0000][1][safepoint    ] Entering safepoint region: CollectForMetadataAllocation
[2022-06-13T03:25:58.177+0000][1][safepoint    ] Leaving safepoint region
[2022-06-13T03:25:58.177+0000][1][safepoint    ] Total time for which application threads were stopped: 0.0004706 seconds, Stopping threads took: 0.0001895 seconds
[2022-06-13T03:25:58.190+0000][1][safepoint    ] Application time: 0.0128056 seconds
[2022-06-13T03:25:58.190+0000][1][safepoint    ] Entering safepoint region: RevokeBias
[2022-06-13T03:25:58.191+0000][1][safepoint    ] Leaving safepoint region
[2022-06-13T03:25:58.191+0000][1][safepoint    ] Total time for which application threads were stopped: 0.0003562 seconds, Stopping threads took: 0.0001502 seconds
[2022-06-13T03:25:58.194+0000][1][safepoint    ] Application time: 0.0028906 seconds
[2022-06-13T03:25:58.194+0000][1][safepoint    ] Entering safepoint region: CollectForMetadataAllocation
[2022-06-13T03:25:58.194+0000][1][safepoint    ] Leaving safepoint region
[2022-06-13T03:25:58.194+0000][1][safepoint    ] Total time for which application threads were stopped: 0.0004118 seconds, Stopping threads took: 0.0001577 seconds
[2022-06-13T03:25:58.195+0000][1][safepoint    ] Application time: 0.0005037 seconds
[2022-06-13T03:25:58.195+0000][1][safepoint    ] Entering safepoint region: RevokeBias
[2022-06-13T03:25:58.195+0000][1][safepoint    ] Leaving safepoint region
[2022-06-13T03:25:58.195+0000][1][safepoint    ] Total time for which application threads were stopped: 0.0002489 seconds, Stopping threads took: 0.0001114 seconds
[2022-06-13T03:25:58.202+0000][1][safepoint    ] Application time: 0.0064700 seconds
[2022-06-13T03:25:58.202+0000][1][safepoint    ] Entering safepoint region: RevokeBias
[2022-06-13T03:25:58.202+0000][1][safepoint    ] Leaving safepoint region
[2022-06-13T03:25:58.203+0000][1][safepoint    ] Total time for which application threads were stopped: 0.0003678 seconds, Stopping threads took: 0.0001696 seconds
[2022-06-13T03:25:58.216+0000][1][safepoint    ] Application time: 0.0132760 seconds
[2022-06-13T03:25:58.216+0000][1][safepoint    ] Entering safepoint region: CollectForMetadataAllocation
[2022-06-13T03:25:58.217+0000][1][safepoint    ] Leaving safepoint region
[2022-06-13T03:25:58.217+0000][1][safepoint    ] Total time for which application threads were stopped: 0.0004854 seconds, Stopping threads took: 0.0001991 seconds
[2022-06-13T03:25:58.239+0000][1][safepoint    ] Application time: 0.0215020 seconds
[2022-06-13T03:25:58.239+0000][1][safepoint    ] Entering safepoint region: CollectForMetadataAllocation
[2022-06-13T03:25:58.239+0000][1][safepoint    ] Leaving safepoint region
[2022-06-13T03:25:58.239+0000][1][safepoint    ] Total time for which application threads were stopped: 0.0004243 seconds, Stopping threads took: 0.0001167 seconds
[2022-06-13T03:25:58.250+0000][1][safepoint    ] Application time: 0.0106522 seconds
[2022-06-13T03:25:58.250+0000][1][safepoint    ] Entering safepoint region: CollectForMetadataAllocation
[2022-06-13T03:25:58.251+0000][1][safepoint    ] Leaving safepoint region
[2022-06-13T03:25:58.251+0000][1][safepoint    ] Total time for which application threads were stopped: 0.0004030 seconds, Stopping threads took: 0.0001491 seconds
[2022-06-13T03:25:58.263+0000][1][safepoint    ] Application time: 0.0116035 seconds
[2022-06-13T03:25:58.263+0000][1][safepoint    ] Entering safepoint region: CollectForMetadataAllocation
[2022-06-13T03:25:58.263+0000][1][safepoint    ] Leaving safepoint region
[2022-06-13T03:25:58.263+0000][1][safepoint    ] Total time for which application threads were stopped: 0.0004013 seconds, Stopping threads took: 0.0001664 seconds
[2022-06-13T03:25:58.273+0000][1][safepoint    ] Application time: 0.0092970 seconds
[2022-06-13T03:25:58.273+0000][1][safepoint    ] Entering safepoint region: CollectForMetadataAllocation
[2022-06-13T03:25:58.273+0000][1][safepoint    ] Leaving safepoint region
[2022-06-13T03:25:58.273+0000][1][safepoint    ] Total time for which application threads were stopped: 0.0003341 seconds, Stopping threads took: 0.0001362 seconds
[2022-06-13T03:25:58.284+0000][1][safepoint    ] Application time: 0.0105361 seconds
[2022-06-13T03:25:58.284+0000][1][safepoint    ] Entering safepoint region: CollectForMetadataAllocation
[2022-06-13T03:25:58.284+0000][1][safepoint    ] Leaving safepoint region
[2022-06-13T03:25:58.284+0000][1][safepoint    ] Total time for which application threads were stopped: 0.0005230 seconds, Stopping threads took: 0.0002041 seconds
[2022-06-13T03:25:58.294+0000][1][safepoint    ] Application time: 0.0092383 seconds
[2022-06-13T03:25:58.294+0000][1][safepoint    ] Entering safepoint region: CollectForMetadataAllocation
[2022-06-13T03:25:58.294+0000][1][safepoint    ] Leaving safepoint region
[2022-06-13T03:25:58.294+0000][1][safepoint    ] Total time for which application threads were stopped: 0.0004063 seconds, Stopping threads took: 0.0001668 seconds
[2022-06-13T03:25:58.306+0000][1][safepoint    ] Application time: 0.0109725 seconds
[2022-06-13T03:25:58.306+0000][1][safepoint    ] Entering safepoint region: CollectForMetadataAllocation
[2022-06-13T03:25:58.306+0000][1][safepoint    ] Leaving safepoint region
[2022-06-13T03:25:58.306+0000][1][safepoint    ] Total time for which application threads were stopped: 0.0003903 seconds, Stopping threads took: 0.0001386 seconds
[2022-06-13T03:25:58.322+0000][1][safepoint    ] Application time: 0.0159813 seconds
[2022-06-13T03:25:58.323+0000][1][safepoint    ] Entering safepoint region: CollectForMetadataAllocation
[2022-06-13T03:25:58.323+0000][1][safepoint    ] Leaving safepoint region
[2022-06-13T03:25:58.324+0000][1][safepoint    ] Total time for which application threads were stopped: 0.0011440 seconds, Stopping threads took: 0.0005673 seconds
[2022-06-13T03:25:58.345+0000][1][safepoint    ] Application time: 0.0202135 seconds
[2022-06-13T03:25:58.345+0000][1][safepoint    ] Entering safepoint region: CollectForMetadataAllocation
[2022-06-13T03:25:58.346+0000][1][safepoint    ] Leaving safepoint region
[2022-06-13T03:25:58.346+0000][1][safepoint    ] Total time for which application threads were stopped: 0.0010066 seconds, Stopping threads took: 0.0004704 seconds
[2022-06-13T03:25:58.355+0000][1][safepoint    ] Application time: 0.0086572 seconds
[2022-06-13T03:25:58.356+0000][1][safepoint    ] Entering safepoint region: CollectForMetadataAllocation
[2022-06-13T03:25:58.356+0000][1][safepoint    ] Leaving safepoint region
[2022-06-13T03:25:58.357+0000][1][safepoint    ] Total time for which application threads were stopped: 0.0009489 seconds, Stopping threads took: 0.0004390 seconds
[2022-06-13T03:25:58.377+0000][1][safepoint    ] Application time: 0.0194668 seconds
[2022-06-13T03:25:58.377+0000][1][safepoint    ] Entering safepoint region: CollectForMetadataAllocation
[2022-06-13T03:25:58.377+0000][1][safepoint    ] Leaving safepoint region
[2022-06-13T03:25:58.378+0000][1][safepoint    ] Total time for which application threads were stopped: 0.0008456 seconds, Stopping threads took: 0.0003206 seconds
[2022-06-13T03:25:58.397+0000][1][safepoint    ] Application time: 0.0186632 seconds
[2022-06-13T03:25:58.397+0000][1][safepoint    ] Entering safepoint region: CollectForMetadataAllocation
[2022-06-13T03:25:58.398+0000][1][safepoint    ] Leaving safepoint region
[2022-06-13T03:25:58.398+0000][1][safepoint    ] Total time for which application threads were stopped: 0.0009516 seconds, Stopping threads took: 0.0004439 seconds
[2022-06-13T03:25:58.413+0000][1][safepoint    ] Application time: 0.0145407 seconds
[2022-06-13T03:25:58.414+0000][1][safepoint    ] Entering safepoint region: CollectForMetadataAllocation
[2022-06-13T03:25:58.414+0000][1][safepoint    ] Leaving safepoint region
[2022-06-13T03:25:58.415+0000][1][safepoint    ] Total time for which application threads were stopped: 0.0010320 seconds, Stopping threads took: 0.0006121 seconds
[2022-06-13T03:25:58.427+0000][1][safepoint    ] Application time: 0.0119676 seconds
[2022-06-13T03:25:58.427+0000][1][safepoint    ] Entering safepoint region: CollectForMetadataAllocation
[2022-06-13T03:25:58.428+0000][1][safepoint    ] Leaving safepoint region
[2022-06-13T03:25:58.428+0000][1][safepoint    ] Total time for which application threads were stopped: 0.0005775 seconds, Stopping threads took: 0.0002423 seconds
[2022-06-13T03:25:58.444+0000][1][safepoint    ] Application time: 0.0160798 seconds
[2022-06-13T03:25:58.445+0000][1][safepoint    ] Entering safepoint region: CollectForMetadataAllocation
[2022-06-13T03:25:58.445+0000][1][safepoint    ] Leaving safepoint region
[2022-06-13T03:25:58.445+0000][1][safepoint    ] Total time for which application threads were stopped: 0.0005730 seconds, Stopping threads took: 0.0002199 seconds
[2022-06-13T03:25:58.449+0000][1][safepoint    ] Application time: 0.0038781 seconds
[2022-06-13T03:25:58.449+0000][1][safepoint    ] Entering safepoint region: RevokeBias
[2022-06-13T03:25:58.450+0000][1][safepoint    ] Leaving safepoint region
[2022-06-13T03:25:58.450+0000][1][safepoint    ] Total time for which application threads were stopped: 0.0004654 seconds, Stopping threads took: 0.0002405 seconds
[2022-06-13T03:25:58.450+0000][1][safepoint    ] Application time: 0.0002176 seconds
[2022-06-13T03:25:58.451+0000][1][safepoint    ] Entering safepoint region: RevokeBias
[2022-06-13T03:25:58.451+0000][1][safepoint    ] Leaving safepoint region
[2022-06-13T03:25:58.452+0000][1][safepoint    ] Total time for which application threads were stopped: 0.0009725 seconds, Stopping threads took: 0.0005358 seconds
[2022-06-13T03:25:58.456+0000][1][safepoint    ] Application time: 0.0045932 seconds
[2022-06-13T03:25:58.457+0000][1][safepoint    ] Entering safepoint region: CollectForMetadataAllocation
[2022-06-13T03:25:58.457+0000][1][safepoint    ] Leaving safepoint region
[2022-06-13T03:25:58.457+0000][1][safepoint    ] Total time for which application threads were stopped: 0.0002940 seconds, Stopping threads took: 0.0001011 seconds
[2022-06-13T03:25:58.626+0000][1][safepoint    ] Application time: 0.1695032 seconds
[2022-06-13T03:25:58.627+0000][1][safepoint    ] Entering safepoint region: CollectForMetadataAllocation
[2022-06-13T03:25:58.627+0000][1][safepoint    ] Leaving safepoint region
[2022-06-13T03:25:58.627+0000][1][safepoint    ] Total time for which application threads were stopped: 0.0005296 seconds, Stopping threads took: 0.0001355 seconds
[2022-06-13T03:25:58.836+0000][1][safepoint    ] Application time: 0.2090835 seconds
[2022-06-13T03:25:58.837+0000][1][safepoint    ] Entering safepoint region: GenCollectForAllocation
[2022-06-13T03:25:58.837+0000][1][gc,start     ] GC(17) Pause Young (Allocation Failure)
[2022-06-13T03:25:58.837+0000][1][gc,task      ] GC(17) Using 5 workers of 13 for evacuation
[2022-06-13T03:25:58.842+0000][1][gc,age       ] GC(17) Desired survivor size 4456448 bytes, new threshold 6 (max threshold 6)
[2022-06-13T03:25:58.842+0000][1][gc,age       ] GC(17) Age table with threshold 6 (max threshold 6)
[2022-06-13T03:25:58.842+0000][1][gc,age       ] GC(17) - age   1:    3769008 bytes,    3769008 total
[2022-06-13T03:25:58.842+0000][1][gc,age       ] GC(17) - age   2:     412320 bytes,    4181328 total
[2022-06-13T03:25:58.842+0000][1][gc,heap      ] GC(17) ParNew: 77310K->4999K(78656K)
[2022-06-13T03:25:58.843+0000][1][gc,heap      ] GC(17) CMS: 55722K->55722K(174784K)
[2022-06-13T03:25:58.843+0000][1][gc,metaspace ] GC(17) Metaspace: 42287K->42287K(1087488K)
[2022-06-13T03:25:58.843+0000][1][gc           ] GC(17) Pause Young (Allocation Failure) 129M->59M(247M) 6.016ms
[2022-06-13T03:25:58.843+0000][1][gc,cpu       ] GC(17) User=0.01s Sys=0.00s Real=0.01s
[2022-06-13T03:25:58.844+0000][1][safepoint    ] Leaving safepoint region
[2022-06-13T03:25:58.844+0000][1][safepoint    ] Total time for which application threads were stopped: 0.0073399 seconds, Stopping threads took: 0.0002740 seconds
[2022-06-13T03:25:58.844+0000][1][safepoint    ] Application time: 0.0001411 seconds
[2022-06-13T03:25:58.845+0000][1][safepoint    ] Entering safepoint region: CMS_Initial_Mark
[2022-06-13T03:25:58.845+0000][1][gc,start     ] GC(18) Pause Initial Mark
[2022-06-13T03:25:58.846+0000][1][gc           ] GC(18) Pause Initial Mark 60M->60M(247M) 1.323ms
[2022-06-13T03:25:58.847+0000][1][gc,cpu       ] GC(18) User=0.00s Sys=0.00s Real=0.00s
[2022-06-13T03:25:58.847+0000][1][safepoint    ] Leaving safepoint region
[2022-06-13T03:25:58.847+0000][1][safepoint    ] Total time for which application threads were stopped: 0.0026993 seconds, Stopping threads took: 0.0002999 seconds
[2022-06-13T03:25:58.848+0000][1][gc           ] GC(18) Concurrent Mark
[2022-06-13T03:25:58.848+0000][1][gc,task      ] GC(18) Using 4 workers of 4 for marking
[2022-06-13T03:25:58.856+0000][1][safepoint    ] Application time: 0.0080361 seconds
[2022-06-13T03:25:58.856+0000][1][safepoint    ] Entering safepoint region: CollectForMetadataAllocation
[2022-06-13T03:25:58.857+0000][1][safepoint    ] Leaving safepoint region
[2022-06-13T03:25:58.857+0000][1][safepoint    ] Total time for which application threads were stopped: 0.0006764 seconds, Stopping threads took: 0.0003161 seconds
[2022-06-13T03:25:58.868+0000][1][gc           ] GC(18) Concurrent Mark 20.404ms
[2022-06-13T03:25:58.869+0000][1][gc,cpu       ] GC(18) User=0.09s Sys=0.00s Real=0.02s
[2022-06-13T03:25:58.869+0000][1][gc           ] GC(18) Concurrent Preclean
[2022-06-13T03:25:58.870+0000][1][gc           ] GC(18) Concurrent Preclean 1.611ms
[2022-06-13T03:25:58.870+0000][1][gc,cpu       ] GC(18) User=0.01s Sys=0.00s Real=0.01s
[2022-06-13T03:25:58.871+0000][1][gc           ] GC(18) Concurrent Abortable Preclean
[2022-06-13T03:25:58.877+0000][1][safepoint    ] Application time: 0.0193685 seconds
[2022-06-13T03:25:58.877+0000][1][safepoint    ] Entering safepoint region: CollectForMetadataAllocation
[2022-06-13T03:25:58.877+0000][1][safepoint    ] Leaving safepoint region
[2022-06-13T03:25:58.877+0000][1][safepoint    ] Total time for which application threads were stopped: 0.0005605 seconds, Stopping threads took: 0.0002687 seconds
[2022-06-13T03:25:59.014+0000][1][safepoint    ] Application time: 0.1365026 seconds
[2022-06-13T03:25:59.014+0000][1][safepoint    ] Entering safepoint region: CollectForMetadataAllocation
[2022-06-13T03:25:59.015+0000][1][safepoint    ] Leaving safepoint region
[2022-06-13T03:25:59.015+0000][1][safepoint    ] Total time for which application threads were stopped: 0.0003523 seconds, Stopping threads took: 0.0000947 seconds
[2022-06-13T03:25:59.032+0000][1][safepoint    ] Application time: 0.0172558 seconds
[2022-06-13T03:25:59.032+0000][1][safepoint    ] Entering safepoint region: CollectForMetadataAllocation
[2022-06-13T03:25:59.033+0000][1][safepoint    ] Leaving safepoint region
[2022-06-13T03:25:59.033+0000][1][safepoint    ] Total time for which application threads were stopped: 0.0003316 seconds, Stopping threads took: 0.0001117 seconds
[2022-06-13T03:25:59.041+0000][1][safepoint    ] Application time: 0.0080411 seconds
[2022-06-13T03:25:59.041+0000][1][safepoint    ] Entering safepoint region: CollectForMetadataAllocation
[2022-06-13T03:25:59.042+0000][1][safepoint    ] Leaving safepoint region
[2022-06-13T03:25:59.042+0000][1][safepoint    ] Total time for which application threads were stopped: 0.0004949 seconds, Stopping threads took: 0.0001506 seconds
[2022-06-13T03:25:59.066+0000][1][safepoint    ] Application time: 0.0240004 seconds
[2022-06-13T03:25:59.066+0000][1][safepoint    ] Entering safepoint region: CollectForMetadataAllocation
[2022-06-13T03:25:59.067+0000][1][safepoint    ] Leaving safepoint region
[2022-06-13T03:25:59.067+0000][1][safepoint    ] Total time for which application threads were stopped: 0.0005712 seconds, Stopping threads took: 0.0002951 seconds
[2022-06-13T03:25:59.067+0000][1][gc           ] GC(18) Concurrent Abortable Preclean 196.268ms
[2022-06-13T03:25:59.067+0000][1][gc,cpu       ] GC(18) User=1.04s Sys=0.01s Real=0.19s
[2022-06-13T03:25:59.067+0000][1][safepoint    ] Application time: 0.0004831 seconds
[2022-06-13T03:25:59.068+0000][1][safepoint    ] Entering safepoint region: CMS_Final_Remark
[2022-06-13T03:25:59.068+0000][1][gc,start     ] GC(18) Pause Remark
[2022-06-13T03:25:59.079+0000][1][gc           ] GC(18) Pause Remark 93M->93M(247M) 11.189ms
[2022-06-13T03:25:59.079+0000][1][gc,cpu       ] GC(18) User=0.04s Sys=0.00s Real=0.02s
[2022-06-13T03:25:59.079+0000][1][safepoint    ] Leaving safepoint region
[2022-06-13T03:25:59.080+0000][1][safepoint    ] Total time for which application threads were stopped: 0.0120970 seconds, Stopping threads took: 0.0001760 seconds
[2022-06-13T03:25:59.080+0000][1][gc           ] GC(18) Concurrent Sweep
[2022-06-13T03:25:59.095+0000][1][gc           ] GC(18) Concurrent Sweep 15.339ms
[2022-06-13T03:25:59.095+0000][1][gc,cpu       ] GC(18) User=0.04s Sys=0.00s Real=0.01s
[2022-06-13T03:25:59.096+0000][1][gc           ] GC(18) Concurrent Reset
[2022-06-13T03:25:59.096+0000][1][gc           ] GC(18) Concurrent Reset 0.339ms
[2022-06-13T03:25:59.096+0000][1][gc,cpu       ] GC(18) User=0.00s Sys=0.00s Real=0.00s
[2022-06-13T03:25:59.096+0000][1][gc,heap      ] GC(18) Old: 55722K->55501K(174784K)
[2022-06-13T03:25:59.144+0000][1][safepoint    ] Application time: 0.0644836 seconds
[2022-06-13T03:25:59.144+0000][1][safepoint    ] Entering safepoint region: RevokeBias
[2022-06-13T03:25:59.145+0000][1][safepoint    ] Leaving safepoint region
[2022-06-13T03:25:59.145+0000][1][safepoint    ] Total time for which application threads were stopped: 0.0008836 seconds, Stopping threads took: 0.0001104 seconds
[2022-06-13T03:25:59.148+0000][1][safepoint    ] Application time: 0.0022570 seconds
[2022-06-13T03:25:59.148+0000][1][safepoint    ] Entering safepoint region: RevokeBias
[2022-06-13T03:25:59.148+0000][1][safepoint    ] Leaving safepoint region
[2022-06-13T03:25:59.148+0000][1][safepoint    ] Total time for which application threads were stopped: 0.0002669 seconds, Stopping threads took: 0.0001229 seconds
[2022-06-13T03:25:59.249+0000][1][safepoint    ] Application time: 0.1006594 seconds
[2022-06-13T03:25:59.249+0000][1][safepoint    ] Entering safepoint region: RevokeBias
[2022-06-13T03:25:59.250+0000][1][safepoint    ] Leaving safepoint region
[2022-06-13T03:25:59.250+0000][1][safepoint    ] Total time for which application threads were stopped: 0.0009610 seconds, Stopping threads took: 0.0002900 seconds
[2022-06-13T03:25:59.250+0000][1][safepoint    ] Application time: 0.0001247 seconds
[2022-06-13T03:25:59.251+0000][1][safepoint    ] Entering safepoint region: RevokeBias
[2022-06-13T03:25:59.251+0000][1][safepoint    ] Leaving safepoint region
[2022-06-13T03:25:59.251+0000][1][safepoint    ] Total time for which application threads were stopped: 0.0004129 seconds, Stopping threads took: 0.0002427 seconds
[2022-06-13T03:25:59.251+0000][1][safepoint    ] Application time: 0.0002575 seconds
[2022-06-13T03:25:59.252+0000][1][safepoint    ] Entering safepoint region: RevokeBias
[2022-06-13T03:25:59.252+0000][1][safepoint    ] Leaving safepoint region
[2022-06-13T03:25:59.252+0000][1][safepoint    ] Total time for which application threads were stopped: 0.0003409 seconds, Stopping threads took: 0.0001807 seconds
[2022-06-13T03:25:59.252+0000][1][safepoint    ] Application time: 0.0001003 seconds
[2022-06-13T03:25:59.252+0000][1][safepoint    ] Entering safepoint region: RevokeBias
[2022-06-13T03:25:59.252+0000][1][safepoint    ] Leaving safepoint region
[2022-06-13T03:25:59.253+0000][1][safepoint    ] Total time for which application threads were stopped: 0.0003371 seconds, Stopping threads took: 0.0001324 seconds
[2022-06-13T03:25:59.304+0000][1][safepoint    ] Application time: 0.0509464 seconds
[2022-06-13T03:25:59.304+0000][1][safepoint    ] Entering safepoint region: RevokeBias
[2022-06-13T03:25:59.304+0000][1][safepoint    ] Leaving safepoint region
[2022-06-13T03:25:59.304+0000][1][safepoint    ] Total time for which application threads were stopped: 0.0003512 seconds, Stopping threads took: 0.0001798 seconds
[2022-06-13T03:25:59.304+0000][1][safepoint    ] Application time: 0.0001276 seconds
[2022-06-13T03:25:59.305+0000][1][safepoint    ] Entering safepoint region: RevokeBias
[2022-06-13T03:25:59.305+0000][1][safepoint    ] Leaving safepoint region
[2022-06-13T03:25:59.305+0000][1][safepoint    ] Total time for which application threads were stopped: 0.0002722 seconds, Stopping threads took: 0.0001365 seconds
[2022-06-13T03:25:59.305+0000][1][safepoint    ] Application time: 0.0000829 seconds
[2022-06-13T03:25:59.305+0000][1][safepoint    ] Entering safepoint region: RevokeBias
[2022-06-13T03:25:59.305+0000][1][safepoint    ] Leaving safepoint region
[2022-06-13T03:25:59.305+0000][1][safepoint    ] Total time for which application threads were stopped: 0.0002426 seconds, Stopping threads took: 0.0001057 seconds
[2022-06-13T03:25:59.306+0000][1][safepoint    ] Application time: 0.0002467 seconds
[2022-06-13T03:25:59.306+0000][1][safepoint    ] Entering safepoint region: RevokeBias
[2022-06-13T03:25:59.306+0000][1][safepoint    ] Leaving safepoint region
[2022-06-13T03:25:59.306+0000][1][safepoint    ] Total time for which application threads were stopped: 0.0003962 seconds, Stopping threads took: 0.0002145 seconds
[2022-06-13T03:25:59.307+0000][1][safepoint    ] Application time: 0.0002790 seconds
[2022-06-13T03:25:59.307+0000][1][safepoint    ] Entering safepoint region: RevokeBias
[2022-06-13T03:25:59.307+0000][1][safepoint    ] Leaving safepoint region
[2022-06-13T03:25:59.307+0000][1][safepoint    ] Total time for which application threads were stopped: 0.0002973 seconds, Stopping threads took: 0.0001623 seconds
[2022-06-13T03:25:59.307+0000][1][safepoint    ] Application time: 0.0001198 seconds
[2022-06-13T03:25:59.307+0000][1][safepoint    ] Entering safepoint region: RevokeBias
[2022-06-13T03:25:59.308+0000][1][safepoint    ] Leaving safepoint region
[2022-06-13T03:25:59.308+0000][1][safepoint    ] Total time for which application threads were stopped: 0.0002922 seconds, Stopping threads took: 0.0001321 seconds
[2022-06-13T03:25:59.308+0000][1][safepoint    ] Application time: 0.0002550 seconds
[2022-06-13T03:25:59.308+0000][1][safepoint    ] Entering safepoint region: RevokeBias
[2022-06-13T03:25:59.309+0000][1][safepoint    ] Leaving safepoint region
[2022-06-13T03:25:59.309+0000][1][safepoint    ] Total time for which application threads were stopped: 0.0003906 seconds, Stopping threads took: 0.0002340 seconds
[2022-06-13T03:25:59.309+0000][1][safepoint    ] Application time: 0.0000709 seconds
[2022-06-13T03:25:59.309+0000][1][safepoint    ] Entering safepoint region: RevokeBias
[2022-06-13T03:25:59.309+0000][1][safepoint    ] Leaving safepoint region
[2022-06-13T03:25:59.309+0000][1][safepoint    ] Total time for which application threads were stopped: 0.0003771 seconds, Stopping threads took: 0.0002072 seconds
[2022-06-13T03:25:59.310+0000][1][safepoint    ] Application time: 0.0000813 seconds
[2022-06-13T03:25:59.310+0000][1][safepoint    ] Entering safepoint region: RevokeBias
[2022-06-13T03:25:59.310+0000][1][safepoint    ] Leaving safepoint region
[2022-06-13T03:25:59.310+0000][1][safepoint    ] Total time for which application threads were stopped: 0.0002736 seconds, Stopping threads took: 0.0001236 seconds
[2022-06-13T03:25:59.310+0000][1][safepoint    ] Application time: 0.0000795 seconds
[2022-06-13T03:25:59.310+0000][1][safepoint    ] Entering safepoint region: RevokeBias
[2022-06-13T03:25:59.310+0000][1][safepoint    ] Leaving safepoint region
[2022-06-13T03:25:59.310+0000][1][safepoint    ] Total time for which application threads were stopped: 0.0002771 seconds, Stopping threads took: 0.0001436 seconds
[2022-06-13T03:25:59.311+0000][1][safepoint    ] Application time: 0.0000709 seconds
[2022-06-13T03:25:59.311+0000][1][safepoint    ] Entering safepoint region: RevokeBias
[2022-06-13T03:25:59.311+0000][1][safepoint    ] Leaving safepoint region
[2022-06-13T03:25:59.311+0000][1][safepoint    ] Total time for which application threads were stopped: 0.0002630 seconds, Stopping threads took: 0.0001236 seconds
[2022-06-13T03:25:59.311+0000][1][safepoint    ] Application time: 0.0002441 seconds
[2022-06-13T03:25:59.312+0000][1][safepoint    ] Entering safepoint region: RevokeBias
[2022-06-13T03:25:59.312+0000][1][safepoint    ] Leaving safepoint region
[2022-06-13T03:25:59.312+0000][1][safepoint    ] Total time for which application threads were stopped: 0.0006982 seconds, Stopping threads took: 0.0004812 seconds
[2022-06-13T03:25:59.312+0000][1][safepoint    ] Application time: 0.0000706 seconds
[2022-06-13T03:25:59.313+0000][1][safepoint    ] Entering safepoint region: RevokeBias
[2022-06-13T03:25:59.313+0000][1][safepoint    ] Leaving safepoint region
[2022-06-13T03:25:59.313+0000][1][safepoint    ] Total time for which application threads were stopped: 0.0002854 seconds, Stopping threads took: 0.0001581 seconds
[2022-06-13T03:25:59.313+0000][1][safepoint    ] Application time: 0.0000880 seconds
[2022-06-13T03:25:59.313+0000][1][safepoint    ] Entering safepoint region: RevokeBias
[2022-06-13T03:25:59.313+0000][1][safepoint    ] Leaving safepoint region
[2022-06-13T03:25:59.313+0000][1][safepoint    ] Total time for which application threads were stopped: 0.0002254 seconds, Stopping threads took: 0.0000994 seconds
[2022-06-13T03:25:59.313+0000][1][safepoint    ] Application time: 0.0000584 seconds
[2022-06-13T03:25:59.314+0000][1][safepoint    ] Entering safepoint region: RevokeBias
[2022-06-13T03:25:59.314+0000][1][safepoint    ] Leaving safepoint region
[2022-06-13T03:25:59.314+0000][1][safepoint    ] Total time for which application threads were stopped: 0.0002210 seconds, Stopping threads took: 0.0000995 seconds
[2022-06-13T03:25:59.314+0000][1][safepoint    ] Application time: 0.0000726 seconds
[2022-06-13T03:25:59.314+0000][1][safepoint    ] Entering safepoint region: RevokeBias
[2022-06-13T03:25:59.314+0000][1][safepoint    ] Leaving safepoint region
[2022-06-13T03:25:59.314+0000][1][safepoint    ] Total time for which application threads were stopped: 0.0002665 seconds, Stopping threads took: 0.0001094 seconds
[2022-06-13T03:25:59.314+0000][1][safepoint    ] Application time: 0.0000548 seconds
[2022-06-13T03:25:59.315+0000][1][safepoint    ] Entering safepoint region: RevokeBias
[2022-06-13T03:25:59.315+0000][1][safepoint    ] Leaving safepoint region
[2022-06-13T03:25:59.315+0000][1][safepoint    ] Total time for which application threads were stopped: 0.0001860 seconds, Stopping threads took: 0.0000818 seconds
[2022-06-13T03:25:59.315+0000][1][safepoint    ] Application time: 0.0000488 seconds
[2022-06-13T03:25:59.315+0000][1][safepoint    ] Entering safepoint region: RevokeBias
[2022-06-13T03:25:59.315+0000][1][safepoint    ] Leaving safepoint region
[2022-06-13T03:25:59.315+0000][1][safepoint    ] Total time for which application threads were stopped: 0.0002257 seconds, Stopping threads took: 0.0000874 seconds
[2022-06-13T03:25:59.315+0000][1][safepoint    ] Application time: 0.0000526 seconds
[2022-06-13T03:25:59.315+0000][1][safepoint    ] Entering safepoint region: RevokeBias
[2022-06-13T03:25:59.316+0000][1][safepoint    ] Leaving safepoint region
[2022-06-13T03:25:59.316+0000][1][safepoint    ] Total time for which application threads were stopped: 0.0001904 seconds, Stopping threads took: 0.0000848 seconds
[2022-06-13T03:25:59.316+0000][1][safepoint    ] Application time: 0.0000501 seconds
[2022-06-13T03:25:59.316+0000][1][safepoint    ] Entering safepoint region: RevokeBias
[2022-06-13T03:25:59.316+0000][1][safepoint    ] Leaving safepoint region
[2022-06-13T03:25:59.316+0000][1][safepoint    ] Total time for which application threads were stopped: 0.0001899 seconds, Stopping threads took: 0.0000857 seconds
[2022-06-13T03:25:59.316+0000][1][safepoint    ] Application time: 0.0000530 seconds
[2022-06-13T03:25:59.316+0000][1][safepoint    ] Entering safepoint region: RevokeBias
[2022-06-13T03:25:59.316+0000][1][safepoint    ] Leaving safepoint region
[2022-06-13T03:25:59.316+0000][1][safepoint    ] Total time for which application threads were stopped: 0.0001895 seconds, Stopping threads took: 0.0000933 seconds
[2022-06-13T03:25:59.317+0000][1][safepoint    ] Application time: 0.0000470 seconds
[2022-06-13T03:25:59.317+0000][1][safepoint    ] Entering safepoint region: RevokeBias
[2022-06-13T03:25:59.317+0000][1][safepoint    ] Leaving safepoint region
[2022-06-13T03:25:59.317+0000][1][safepoint    ] Total time for which application threads were stopped: 0.0001928 seconds, Stopping threads took: 0.0000868 seconds
[2022-06-13T03:25:59.317+0000][1][safepoint    ] Application time: 0.0000494 seconds
[2022-06-13T03:25:59.317+0000][1][safepoint    ] Entering safepoint region: RevokeBias
[2022-06-13T03:25:59.317+0000][1][safepoint    ] Leaving safepoint region
[2022-06-13T03:25:59.317+0000][1][safepoint    ] Total time for which application threads were stopped: 0.0001953 seconds, Stopping threads took: 0.0000840 seconds
[2022-06-13T03:25:59.317+0000][1][safepoint    ] Application time: 0.0000468 seconds
[2022-06-13T03:25:59.317+0000][1][safepoint    ] Entering safepoint region: RevokeBias
[2022-06-13T03:25:59.318+0000][1][safepoint    ] Leaving safepoint region
[2022-06-13T03:25:59.318+0000][1][safepoint    ] Total time for which application threads were stopped: 0.0001850 seconds, Stopping threads took: 0.0000817 seconds
[2022-06-13T03:25:59.318+0000][1][safepoint    ] Application time: 0.0000799 seconds
[2022-06-13T03:25:59.318+0000][1][safepoint    ] Entering safepoint region: RevokeBias
[2022-06-13T03:25:59.318+0000][1][safepoint    ] Leaving safepoint region
[2022-06-13T03:25:59.318+0000][1][safepoint    ] Total time for which application threads were stopped: 0.0002492 seconds, Stopping threads took: 0.0001318 seconds
[2022-06-13T03:25:59.318+0000][1][safepoint    ] Application time: 0.0000532 seconds
[2022-06-13T03:25:59.319+0000][1][safepoint    ] Entering safepoint region: RevokeBias
[2022-06-13T03:25:59.319+0000][1][safepoint    ] Leaving safepoint region
[2022-06-13T03:25:59.319+0000][1][safepoint    ] Total time for which application threads were stopped: 0.0001961 seconds, Stopping threads took: 0.0000897 seconds
[2022-06-13T03:25:59.319+0000][1][safepoint    ] Application time: 0.0000551 seconds
[2022-06-13T03:25:59.319+0000][1][safepoint    ] Entering safepoint region: RevokeBias
[2022-06-13T03:25:59.319+0000][1][safepoint    ] Leaving safepoint region
[2022-06-13T03:25:59.319+0000][1][safepoint    ] Total time for which application threads were stopped: 0.0002471 seconds, Stopping threads took: 0.0000816 seconds
[2022-06-13T03:25:59.319+0000][1][safepoint    ] Application time: 0.0000547 seconds
[2022-06-13T03:25:59.319+0000][1][safepoint    ] Entering safepoint region: RevokeBias
[2022-06-13T03:25:59.320+0000][1][safepoint    ] Leaving safepoint region
[2022-06-13T03:25:59.320+0000][1][safepoint    ] Total time for which application threads were stopped: 0.0002066 seconds, Stopping threads took: 0.0000888 seconds
[2022-06-13T03:25:59.320+0000][1][safepoint    ] Application time: 0.0000512 seconds
[2022-06-13T03:25:59.320+0000][1][safepoint    ] Entering safepoint region: RevokeBias
[2022-06-13T03:25:59.320+0000][1][safepoint    ] Leaving safepoint region
[2022-06-13T03:25:59.320+0000][1][safepoint    ] Total time for which application threads were stopped: 0.0002049 seconds, Stopping threads took: 0.0000958 seconds
[2022-06-13T03:25:59.320+0000][1][safepoint    ] Application time: 0.0000518 seconds
[2022-06-13T03:25:59.320+0000][1][safepoint    ] Entering safepoint region: RevokeBias
[2022-06-13T03:25:59.320+0000][1][safepoint    ] Leaving safepoint region
[2022-06-13T03:25:59.320+0000][1][safepoint    ] Total time for which application threads were stopped: 0.0002070 seconds, Stopping threads took: 0.0000985 seconds
[2022-06-13T03:25:59.321+0000][1][safepoint    ] Application time: 0.0000511 seconds
[2022-06-13T03:25:59.321+0000][1][safepoint    ] Entering safepoint region: BulkRevokeBias
[2022-06-13T03:25:59.321+0000][1][safepoint    ] Leaving safepoint region
[2022-06-13T03:25:59.321+0000][1][safepoint    ] Total time for which application threads were stopped: 0.0002356 seconds, Stopping threads took: 0.0000905 seconds
[2022-06-13T03:25:59.321+0000][1][safepoint    ] Application time: 0.0001542 seconds
[2022-06-13T03:25:59.321+0000][1][safepoint    ] Entering safepoint region: RevokeBias
[2022-06-13T03:25:59.322+0000][1][safepoint    ] Leaving safepoint region
[2022-06-13T03:25:59.322+0000][1][safepoint    ] Total time for which application threads were stopped: 0.0003331 seconds, Stopping threads took: 0.0001630 seconds
[2022-06-13T03:25:59.322+0000][1][safepoint    ] Application time: 0.0001224 seconds
[2022-06-13T03:25:59.322+0000][1][safepoint    ] Entering safepoint region: RevokeBias
[2022-06-13T03:25:59.322+0000][1][safepoint    ] Leaving safepoint region
[2022-06-13T03:25:59.322+0000][1][safepoint    ] Total time for which application threads were stopped: 0.0002816 seconds, Stopping threads took: 0.0001257 seconds
[2022-06-13T03:25:59.323+0000][1][safepoint    ] Application time: 0.0001703 seconds
[2022-06-13T03:25:59.323+0000][1][safepoint    ] Entering safepoint region: RevokeBias
[2022-06-13T03:25:59.323+0000][1][safepoint    ] Leaving safepoint region
[2022-06-13T03:25:59.323+0000][1][safepoint    ] Total time for which application threads were stopped: 0.0002583 seconds, Stopping threads took: 0.0001221 seconds
[2022-06-13T03:25:59.323+0000][1][safepoint    ] Application time: 0.0000952 seconds
[2022-06-13T03:25:59.323+0000][1][safepoint    ] Entering safepoint region: RevokeBias
[2022-06-13T03:25:59.324+0000][1][safepoint    ] Leaving safepoint region
[2022-06-13T03:25:59.324+0000][1][safepoint    ] Total time for which application threads were stopped: 0.0002895 seconds, Stopping threads took: 0.0001585 seconds
[2022-06-13T03:25:59.324+0000][1][safepoint    ] Application time: 0.0001016 seconds
[2022-06-13T03:25:59.324+0000][1][safepoint    ] Entering safepoint region: RevokeBias
[2022-06-13T03:25:59.324+0000][1][safepoint    ] Leaving safepoint region
[2022-06-13T03:25:59.324+0000][1][safepoint    ] Total time for which application threads were stopped: 0.0002619 seconds, Stopping threads took: 0.0001150 seconds
[2022-06-13T03:25:59.324+0000][1][safepoint    ] Application time: 0.0000866 seconds
[2022-06-13T03:25:59.324+0000][1][safepoint    ] Entering safepoint region: RevokeBias
[2022-06-13T03:25:59.325+0000][1][safepoint    ] Leaving safepoint region
[2022-06-13T03:25:59.325+0000][1][safepoint    ] Total time for which application threads were stopped: 0.0002788 seconds, Stopping threads took: 0.0001247 seconds
[2022-06-13T03:25:59.325+0000][1][safepoint    ] Application time: 0.0000751 seconds
[2022-06-13T03:25:59.325+0000][1][safepoint    ] Entering safepoint region: RevokeBias
[2022-06-13T03:25:59.325+0000][1][safepoint    ] Leaving safepoint region
[2022-06-13T03:25:59.325+0000][1][safepoint    ] Total time for which application threads were stopped: 0.0002172 seconds, Stopping threads took: 0.0000930 seconds
[2022-06-13T03:25:59.325+0000][1][safepoint    ] Application time: 0.0000723 seconds
[2022-06-13T03:25:59.326+0000][1][safepoint    ] Entering safepoint region: RevokeBias
[2022-06-13T03:25:59.326+0000][1][safepoint    ] Leaving safepoint region
[2022-06-13T03:25:59.326+0000][1][safepoint    ] Total time for which application threads were stopped: 0.0003224 seconds, Stopping threads took: 0.0001911 seconds
[2022-06-13T03:25:59.326+0000][1][safepoint    ] Application time: 0.0000799 seconds
[2022-06-13T03:25:59.326+0000][1][safepoint    ] Entering safepoint region: RevokeBias
[2022-06-13T03:25:59.326+0000][1][safepoint    ] Leaving safepoint region
[2022-06-13T03:25:59.326+0000][1][safepoint    ] Total time for which application threads were stopped: 0.0002137 seconds, Stopping threads took: 0.0000915 seconds
[2022-06-13T03:25:59.327+0000][1][safepoint    ] Application time: 0.0000605 seconds
[2022-06-13T03:25:59.327+0000][1][safepoint    ] Entering safepoint region: RevokeBias
[2022-06-13T03:25:59.327+0000][1][safepoint    ] Leaving safepoint region
[2022-06-13T03:25:59.327+0000][1][safepoint    ] Total time for which application threads were stopped: 0.0002255 seconds, Stopping threads took: 0.0001086 seconds
[2022-06-13T03:25:59.327+0000][1][safepoint    ] Application time: 0.0000496 seconds
[2022-06-13T03:25:59.327+0000][1][safepoint    ] Entering safepoint region: RevokeBias
[2022-06-13T03:25:59.327+0000][1][safepoint    ] Leaving safepoint region
[2022-06-13T03:25:59.327+0000][1][safepoint    ] Total time for which application threads were stopped: 0.0002437 seconds, Stopping threads took: 0.0000993 seconds
[2022-06-13T03:25:59.328+0000][1][safepoint    ] Application time: 0.0000616 seconds
[2022-06-13T03:25:59.328+0000][1][safepoint    ] Entering safepoint region: RevokeBias
[2022-06-13T03:25:59.328+0000][1][safepoint    ] Leaving safepoint region
[2022-06-13T03:25:59.328+0000][1][safepoint    ] Total time for which application threads were stopped: 0.0002831 seconds, Stopping threads took: 0.0001224 seconds
[2022-06-13T03:25:59.328+0000][1][safepoint    ] Application time: 0.0000635 seconds
[2022-06-13T03:25:59.328+0000][1][safepoint    ] Entering safepoint region: RevokeBias
[2022-06-13T03:25:59.328+0000][1][safepoint    ] Leaving safepoint region
[2022-06-13T03:25:59.328+0000][1][safepoint    ] Total time for which application threads were stopped: 0.0002131 seconds, Stopping threads took: 0.0000932 seconds
[2022-06-13T03:25:59.329+0000][1][safepoint    ] Application time: 0.0000575 seconds
[2022-06-13T03:25:59.329+0000][1][safepoint    ] Entering safepoint region: RevokeBias
[2022-06-13T03:25:59.329+0000][1][safepoint    ] Leaving safepoint region
[2022-06-13T03:25:59.329+0000][1][safepoint    ] Total time for which application threads were stopped: 0.0002137 seconds, Stopping threads took: 0.0000915 seconds
[2022-06-13T03:25:59.329+0000][1][safepoint    ] Application time: 0.0000494 seconds
[2022-06-13T03:25:59.329+0000][1][safepoint    ] Entering safepoint region: RevokeBias
[2022-06-13T03:25:59.329+0000][1][safepoint    ] Leaving safepoint region
[2022-06-13T03:25:59.329+0000][1][safepoint    ] Total time for which application threads were stopped: 0.0002563 seconds, Stopping threads took: 0.0001234 seconds
[2022-06-13T03:25:59.329+0000][1][safepoint    ] Application time: 0.0000530 seconds
[2022-06-13T03:25:59.330+0000][1][safepoint    ] Entering safepoint region: RevokeBias
[2022-06-13T03:25:59.330+0000][1][safepoint    ] Leaving safepoint region
[2022-06-13T03:25:59.330+0000][1][safepoint    ] Total time for which application threads were stopped: 0.0001963 seconds, Stopping threads took: 0.0000850 seconds
[2022-06-13T03:25:59.330+0000][1][safepoint    ] Application time: 0.0000477 seconds
[2022-06-13T03:25:59.330+0000][1][safepoint    ] Entering safepoint region: RevokeBias
[2022-06-13T03:25:59.330+0000][1][safepoint    ] Leaving safepoint region
[2022-06-13T03:25:59.330+0000][1][safepoint    ] Total time for which application threads were stopped: 0.0001970 seconds, Stopping threads took: 0.0000919 seconds
[2022-06-13T03:25:59.330+0000][1][safepoint    ] Application time: 0.0000509 seconds
[2022-06-13T03:25:59.330+0000][1][safepoint    ] Entering safepoint region: RevokeBias
[2022-06-13T03:25:59.331+0000][1][safepoint    ] Leaving safepoint region
[2022-06-13T03:25:59.331+0000][1][safepoint    ] Total time for which application threads were stopped: 0.0001963 seconds, Stopping threads took: 0.0000879 seconds
[2022-06-13T03:25:59.331+0000][1][safepoint    ] Application time: 0.0000552 seconds
[2022-06-13T03:25:59.331+0000][1][safepoint    ] Entering safepoint region: RevokeBias
[2022-06-13T03:25:59.331+0000][1][safepoint    ] Leaving safepoint region
[2022-06-13T03:25:59.331+0000][1][safepoint    ] Total time for which application threads were stopped: 0.0001845 seconds, Stopping threads took: 0.0000847 seconds
[2022-06-13T03:25:59.331+0000][1][safepoint    ] Application time: 0.0000490 seconds
[2022-06-13T03:25:59.331+0000][1][safepoint    ] Entering safepoint region: RevokeBias
[2022-06-13T03:25:59.331+0000][1][safepoint    ] Leaving safepoint region
[2022-06-13T03:25:59.331+0000][1][safepoint    ] Total time for which application threads were stopped: 0.0001877 seconds, Stopping threads took: 0.0000884 seconds
[2022-06-13T03:25:59.332+0000][1][safepoint    ] Application time: 0.0000553 seconds
[2022-06-13T03:25:59.332+0000][1][safepoint    ] Entering safepoint region: RevokeBias
[2022-06-13T03:25:59.332+0000][1][safepoint    ] Leaving safepoint region
[2022-06-13T03:25:59.332+0000][1][safepoint    ] Total time for which application threads were stopped: 0.0002091 seconds, Stopping threads took: 0.0000905 seconds
[2022-06-13T03:25:59.332+0000][1][safepoint    ] Application time: 0.0000519 seconds
[2022-06-13T03:25:59.332+0000][1][safepoint    ] Entering safepoint region: RevokeBias
[2022-06-13T03:25:59.332+0000][1][safepoint    ] Leaving safepoint region
[2022-06-13T03:25:59.332+0000][1][safepoint    ] Total time for which application threads were stopped: 0.0003045 seconds, Stopping threads took: 0.0001439 seconds
[2022-06-13T03:25:59.333+0000][1][safepoint    ] Application time: 0.0000683 seconds
[2022-06-13T03:25:59.333+0000][1][safepoint    ] Entering safepoint region: RevokeBias
[2022-06-13T03:25:59.333+0000][1][safepoint    ] Leaving safepoint region
[2022-06-13T03:25:59.333+0000][1][safepoint    ] Total time for which application threads were stopped: 0.0002630 seconds, Stopping threads took: 0.0001148 seconds
[2022-06-13T03:25:59.333+0000][1][safepoint    ] Application time: 0.0000740 seconds
[2022-06-13T03:25:59.333+0000][1][safepoint    ] Entering safepoint region: BulkRevokeBias
[2022-06-13T03:25:59.333+0000][1][safepoint    ] Leaving safepoint region
[2022-06-13T03:25:59.334+0000][1][safepoint    ] Total time for which application threads were stopped: 0.0002749 seconds, Stopping threads took: 0.0000874 seconds
[2022-06-13T03:25:59.334+0000][1][safepoint    ] Application time: 0.0003318 seconds
[2022-06-13T03:25:59.335+0000][1][safepoint    ] Entering safepoint region: RevokeBias
[2022-06-13T03:25:59.335+0000][1][safepoint    ] Leaving safepoint region
[2022-06-13T03:25:59.335+0000][1][safepoint    ] Total time for which application threads were stopped: 0.0007186 seconds, Stopping threads took: 0.0005877 seconds
[2022-06-13T03:25:59.335+0000][1][safepoint    ] Application time: 0.0001100 seconds
[2022-06-13T03:25:59.335+0000][1][safepoint    ] Entering safepoint region: RevokeBias
[2022-06-13T03:25:59.335+0000][1][safepoint    ] Leaving safepoint region
[2022-06-13T03:25:59.335+0000][1][safepoint    ] Total time for which application threads were stopped: 0.0002144 seconds, Stopping threads took: 0.0000947 seconds
[2022-06-13T03:25:59.336+0000][1][safepoint    ] Application time: 0.0001801 seconds
[2022-06-13T03:25:59.336+0000][1][safepoint    ] Entering safepoint region: RevokeBias
[2022-06-13T03:25:59.336+0000][1][safepoint    ] Leaving safepoint region
[2022-06-13T03:25:59.336+0000][1][safepoint    ] Total time for which application threads were stopped: 0.0002901 seconds, Stopping threads took: 0.0001234 seconds
[2022-06-13T03:25:59.336+0000][1][safepoint    ] Application time: 0.0001010 seconds
[2022-06-13T03:25:59.336+0000][1][safepoint    ] Entering safepoint region: RevokeBias
[2022-06-13T03:25:59.336+0000][1][safepoint    ] Leaving safepoint region
[2022-06-13T03:25:59.337+0000][1][safepoint    ] Total time for which application threads were stopped: 0.0002477 seconds, Stopping threads took: 0.0001167 seconds
[2022-06-13T03:25:59.337+0000][1][safepoint    ] Application time: 0.0000876 seconds
[2022-06-13T03:25:59.337+0000][1][safepoint    ] Entering safepoint region: RevokeBias
[2022-06-13T03:25:59.337+0000][1][safepoint    ] Leaving safepoint region
[2022-06-13T03:25:59.337+0000][1][safepoint    ] Total time for which application threads were stopped: 0.0003108 seconds, Stopping threads took: 0.0001472 seconds
[2022-06-13T03:25:59.337+0000][1][safepoint    ] Application time: 0.0000889 seconds
[2022-06-13T03:25:59.338+0000][1][safepoint    ] Entering safepoint region: RevokeBias
[2022-06-13T03:25:59.338+0000][1][safepoint    ] Leaving safepoint region
[2022-06-13T03:25:59.338+0000][1][safepoint    ] Total time for which application threads were stopped: 0.0002908 seconds, Stopping threads took: 0.0001736 seconds
[2022-06-13T03:25:59.338+0000][1][safepoint    ] Application time: 0.0004067 seconds
[2022-06-13T03:25:59.339+0000][1][safepoint    ] Entering safepoint region: RevokeBias
[2022-06-13T03:25:59.339+0000][1][safepoint    ] Leaving safepoint region
[2022-06-13T03:25:59.339+0000][1][safepoint    ] Total time for which application threads were stopped: 0.0004894 seconds, Stopping threads took: 0.0003581 seconds
[2022-06-13T03:25:59.339+0000][1][safepoint    ] Application time: 0.0001718 seconds
[2022-06-13T03:25:59.339+0000][1][safepoint    ] Entering safepoint region: RevokeBias
[2022-06-13T03:25:59.339+0000][1][safepoint    ] Leaving safepoint region
[2022-06-13T03:25:59.339+0000][1][safepoint    ] Total time for which application threads were stopped: 0.0002028 seconds, Stopping threads took: 0.0000962 seconds
[2022-06-13T03:25:59.340+0000][1][safepoint    ] Application time: 0.0001762 seconds
[2022-06-13T03:25:59.340+0000][1][safepoint    ] Entering safepoint region: RevokeBias
[2022-06-13T03:25:59.340+0000][1][safepoint    ] Leaving safepoint region
[2022-06-13T03:25:59.340+0000][1][safepoint    ] Total time for which application threads were stopped: 0.0002512 seconds, Stopping threads took: 0.0001191 seconds
[2022-06-13T03:25:59.340+0000][1][safepoint    ] Application time: 0.0003285 seconds
[2022-06-13T03:25:59.341+0000][1][safepoint    ] Entering safepoint region: RevokeBias
[2022-06-13T03:25:59.341+0000][1][safepoint    ] Leaving safepoint region
[2022-06-13T03:25:59.341+0000][1][safepoint    ] Total time for which application threads were stopped: 0.0002542 seconds, Stopping threads took: 0.0001216 seconds
[2022-06-13T03:25:59.341+0000][1][safepoint    ] Application time: 0.0001655 seconds
[2022-06-13T03:25:59.341+0000][1][safepoint    ] Entering safepoint region: RevokeBias
[2022-06-13T03:25:59.341+0000][1][safepoint    ] Leaving safepoint region
[2022-06-13T03:25:59.341+0000][1][safepoint    ] Total time for which application threads were stopped: 0.0002674 seconds, Stopping threads took: 0.0001315 seconds
[2022-06-13T03:25:59.342+0000][1][safepoint    ] Application time: 0.0005012 seconds
[2022-06-13T03:25:59.342+0000][1][safepoint    ] Entering safepoint region: RevokeBias
[2022-06-13T03:25:59.342+0000][1][safepoint    ] Leaving safepoint region
[2022-06-13T03:25:59.342+0000][1][safepoint    ] Total time for which application threads were stopped: 0.0002577 seconds, Stopping threads took: 0.0001270 seconds
[2022-06-13T03:25:59.343+0000][1][safepoint    ] Application time: 0.0001018 seconds
[2022-06-13T03:25:59.343+0000][1][safepoint    ] Entering safepoint region: RevokeBias
[2022-06-13T03:25:59.343+0000][1][safepoint    ] Leaving safepoint region
[2022-06-13T03:25:59.343+0000][1][safepoint    ] Total time for which application threads were stopped: 0.0002526 seconds, Stopping threads took: 0.0001170 seconds
[2022-06-13T03:25:59.343+0000][1][safepoint    ] Application time: 0.0001486 seconds
[2022-06-13T03:25:59.343+0000][1][safepoint    ] Entering safepoint region: BulkRevokeBias
[2022-06-13T03:25:59.344+0000][1][safepoint    ] Leaving safepoint region
[2022-06-13T03:25:59.344+0000][1][safepoint    ] Total time for which application threads were stopped: 0.0003182 seconds, Stopping threads took: 0.0001152 seconds
[2022-06-13T03:25:59.344+0000][1][safepoint    ] Application time: 0.0000844 seconds
[2022-06-13T03:25:59.344+0000][1][safepoint    ] Entering safepoint region: RevokeBias
[2022-06-13T03:25:59.344+0000][1][safepoint    ] Leaving safepoint region
[2022-06-13T03:25:59.344+0000][1][safepoint    ] Total time for which application threads were stopped: 0.0003271 seconds, Stopping threads took: 0.0001364 seconds
[2022-06-13T03:25:59.345+0000][1][safepoint    ] Application time: 0.0002611 seconds
[2022-06-13T03:25:59.345+0000][1][safepoint    ] Entering safepoint region: RevokeBias
[2022-06-13T03:25:59.345+0000][1][safepoint    ] Leaving safepoint region
[2022-06-13T03:25:59.345+0000][1][safepoint    ] Total time for which application threads were stopped: 0.0002725 seconds, Stopping threads took: 0.0001260 seconds
[2022-06-13T03:25:59.347+0000][1][safepoint    ] Application time: 0.0012138 seconds
[2022-06-13T03:25:59.347+0000][1][safepoint    ] Entering safepoint region: RevokeBias
[2022-06-13T03:25:59.347+0000][1][safepoint    ] Leaving safepoint region
[2022-06-13T03:25:59.347+0000][1][safepoint    ] Total time for which application threads were stopped: 0.0002656 seconds, Stopping threads took: 0.0001092 seconds
[2022-06-13T03:25:59.347+0000][1][safepoint    ] Application time: 0.0000875 seconds
[2022-06-13T03:25:59.347+0000][1][safepoint    ] Entering safepoint region: RevokeBias
[2022-06-13T03:25:59.347+0000][1][safepoint    ] Leaving safepoint region
[2022-06-13T03:25:59.347+0000][1][safepoint    ] Total time for which application threads were stopped: 0.0002151 seconds, Stopping threads took: 0.0000905 seconds
[2022-06-13T03:25:59.349+0000][1][safepoint    ] Application time: 0.0012918 seconds
[2022-06-13T03:25:59.349+0000][1][safepoint    ] Entering safepoint region: RevokeBias
[2022-06-13T03:25:59.349+0000][1][safepoint    ] Leaving safepoint region
[2022-06-13T03:25:59.349+0000][1][safepoint    ] Total time for which application threads were stopped: 0.0004726 seconds, Stopping threads took: 0.0003171 seconds
[2022-06-13T03:25:59.350+0000][1][safepoint    ] Application time: 0.0000888 seconds
[2022-06-13T03:25:59.350+0000][1][safepoint    ] Entering safepoint region: RevokeBias
[2022-06-13T03:25:59.350+0000][1][safepoint    ] Leaving safepoint region
[2022-06-13T03:25:59.350+0000][1][safepoint    ] Total time for which application threads were stopped: 0.0005532 seconds, Stopping threads took: 0.0004211 seconds
[2022-06-13T03:25:59.351+0000][1][safepoint    ] Application time: 0.0002656 seconds
[2022-06-13T03:25:59.351+0000][1][safepoint    ] Entering safepoint region: RevokeBias
[2022-06-13T03:25:59.351+0000][1][safepoint    ] Leaving safepoint region
[2022-06-13T03:25:59.351+0000][1][safepoint    ] Total time for which application threads were stopped: 0.0002525 seconds, Stopping threads took: 0.0001183 seconds
[2022-06-13T03:25:59.361+0000][1][safepoint    ] Application time: 0.0101300 seconds
[2022-06-13T03:25:59.362+0000][1][safepoint    ] Entering safepoint region: GenCollectForAllocation
[2022-06-13T03:25:59.362+0000][1][gc,start     ] GC(19) Pause Young (Allocation Failure)
[2022-06-13T03:25:59.362+0000][1][gc,task      ] GC(19) Using 5 workers of 13 for evacuation
[2022-06-13T03:25:59.366+0000][1][gc,age       ] GC(19) Desired survivor size 4456448 bytes, new threshold 2 (max threshold 6)
[2022-06-13T03:25:59.366+0000][1][gc,age       ] GC(19) Age table with threshold 2 (max threshold 6)
[2022-06-13T03:25:59.366+0000][1][gc,age       ] GC(19) - age   1:    3117592 bytes,    3117592 total
[2022-06-13T03:25:59.366+0000][1][gc,age       ] GC(19) - age   2:    3667736 bytes,    6785328 total
[2022-06-13T03:25:59.366+0000][1][gc,age       ] GC(19) - age   3:     410320 bytes,    7195648 total
[2022-06-13T03:25:59.366+0000][1][gc,heap      ] GC(19) ParNew: 74951K->8704K(78656K)
[2022-06-13T03:25:59.366+0000][1][gc,heap      ] GC(19) CMS: 55501K->55501K(174784K)
[2022-06-13T03:25:59.367+0000][1][gc,metaspace ] GC(19) Metaspace: 47282K->47282K(1093632K)
[2022-06-13T03:25:59.367+0000][1][gc           ] GC(19) Pause Young (Allocation Failure) 127M->62M(247M) 4.931ms
[2022-06-13T03:25:59.367+0000][1][gc,cpu       ] GC(19) User=0.02s Sys=0.00s Real=0.00s
[2022-06-13T03:25:59.367+0000][1][safepoint    ] Leaving safepoint region
[2022-06-13T03:25:59.367+0000][1][safepoint    ] Total time for which application threads were stopped: 0.0054829 seconds, Stopping threads took: 0.0001370 seconds
[2022-06-13T03:25:59.496+0000][1][safepoint    ] Application time: 0.1288532 seconds
[2022-06-13T03:25:59.496+0000][1][safepoint    ] Entering safepoint region: RevokeBias
[2022-06-13T03:25:59.496+0000][1][safepoint    ] Leaving safepoint region
[2022-06-13T03:25:59.496+0000][1][safepoint    ] Total time for which application threads were stopped: 0.0002753 seconds, Stopping threads took: 0.0001319 seconds
[2022-06-13T03:25:59.790+0000][1][safepoint    ] Application time: 0.2938592 seconds
[2022-06-13T03:25:59.791+0000][1][safepoint    ] Entering safepoint region: GenCollectForAllocation
[2022-06-13T03:25:59.792+0000][1][gc,start     ] GC(20) Pause Young (Allocation Failure)
[2022-06-13T03:25:59.792+0000][1][gc,task      ] GC(20) Using 5 workers of 13 for evacuation
[2022-06-13T03:25:59.799+0000][1][gc,age       ] GC(20) Desired survivor size 4456448 bytes, new threshold 2 (max threshold 6)
[2022-06-13T03:25:59.799+0000][1][gc,age       ] GC(20) Age table with threshold 2 (max threshold 6)
[2022-06-13T03:25:59.800+0000][1][gc,age       ] GC(20) - age   1:    1546320 bytes,    1546320 total
[2022-06-13T03:25:59.800+0000][1][gc,age       ] GC(20) - age   2:    3057240 bytes,    4603560 total
[2022-06-13T03:25:59.800+0000][1][gc,heap      ] GC(20) ParNew: 78656K->6156K(78656K)
[2022-06-13T03:25:59.801+0000][1][gc,heap      ] GC(20) CMS: 55501K->59591K(174784K)
[2022-06-13T03:25:59.801+0000][1][gc,metaspace ] GC(20) Metaspace: 53714K->53714K(1097728K)
[2022-06-13T03:25:59.802+0000][1][gc           ] GC(20) Pause Young (Allocation Failure) 131M->64M(247M) 9.765ms
[2022-06-13T03:25:59.802+0000][1][gc,cpu       ] GC(20) User=0.05s Sys=0.01s Real=0.01s
[2022-06-13T03:25:59.803+0000][1][safepoint    ] Leaving safepoint region
[2022-06-13T03:25:59.803+0000][1][safepoint    ] Total time for which application threads were stopped: 0.0121114 seconds, Stopping threads took: 0.0009067 seconds
[2022-06-13T03:25:59.930+0000][1][safepoint    ] Application time: 0.1268901 seconds
[2022-06-13T03:25:59.931+0000][1][safepoint    ] Entering safepoint region: Deoptimize
[2022-06-13T03:25:59.932+0000][1][safepoint    ] Leaving safepoint region
[2022-06-13T03:25:59.933+0000][1][safepoint    ] Total time for which application threads were stopped: 0.0020134 seconds, Stopping threads took: 0.0004658 seconds
[2022-06-13T03:25:59.956+0000][1][safepoint    ] Application time: 0.0232658 seconds
[2022-06-13T03:25:59.957+0000][1][safepoint    ] Entering safepoint region: RevokeBias
[2022-06-13T03:25:59.957+0000][1][safepoint    ] Leaving safepoint region
[2022-06-13T03:25:59.957+0000][1][safepoint    ] Total time for which application threads were stopped: 0.0006678 seconds, Stopping threads took: 0.0002431 seconds
[2022-06-13T03:25:59.958+0000][1][safepoint    ] Application time: 0.0002089 seconds
[2022-06-13T03:25:59.958+0000][1][safepoint    ] Entering safepoint region: RevokeBias
[2022-06-13T03:25:59.958+0000][1][safepoint    ] Leaving safepoint region
[2022-06-13T03:25:59.959+0000][1][safepoint    ] Total time for which application threads were stopped: 0.0005992 seconds, Stopping threads took: 0.0002623 seconds
[2022-06-13T03:25:59.959+0000][1][safepoint    ] Application time: 0.0002762 seconds
[2022-06-13T03:25:59.960+0000][1][safepoint    ] Entering safepoint region: RevokeBias
[2022-06-13T03:25:59.960+0000][1][safepoint    ] Leaving safepoint region
[2022-06-13T03:25:59.960+0000][1][safepoint    ] Total time for which application threads were stopped: 0.0006638 seconds, Stopping threads took: 0.0002956 seconds
[2022-06-13T03:25:59.962+0000][1][safepoint    ] Application time: 0.0017141 seconds
[2022-06-13T03:25:59.963+0000][1][safepoint    ] Entering safepoint region: RevokeBias
[2022-06-13T03:25:59.963+0000][1][safepoint    ] Leaving safepoint region
[2022-06-13T03:25:59.963+0000][1][safepoint    ] Total time for which application threads were stopped: 0.0006728 seconds, Stopping threads took: 0.0003631 seconds
[2022-06-13T03:26:00.053+0000][1][safepoint    ] Application time: 0.0889210 seconds
[2022-06-13T03:26:00.053+0000][1][safepoint    ] Entering safepoint region: RevokeBias
[2022-06-13T03:26:00.054+0000][1][safepoint    ] Leaving safepoint region
[2022-06-13T03:26:00.054+0000][1][safepoint    ] Total time for which application threads were stopped: 0.0014360 seconds, Stopping threads took: 0.0002600 seconds
[2022-06-13T03:26:00.103+0000][1][safepoint    ] Application time: 0.0484163 seconds
[2022-06-13T03:26:00.104+0000][1][safepoint    ] Entering safepoint region: Deoptimize
[2022-06-13T03:26:00.105+0000][1][safepoint    ] Leaving safepoint region
[2022-06-13T03:26:00.105+0000][1][safepoint    ] Total time for which application threads were stopped: 0.0015639 seconds, Stopping threads took: 0.0004799 seconds
[2022-06-13T03:26:00.243+0000][1][safepoint    ] Application time: 0.1373253 seconds
[2022-06-13T03:26:00.243+0000][1][safepoint    ] Entering safepoint region: RevokeBias
[2022-06-13T03:26:00.244+0000][1][safepoint    ] Leaving safepoint region
[2022-06-13T03:26:00.244+0000][1][safepoint    ] Total time for which application threads were stopped: 0.0003893 seconds, Stopping threads took: 0.0001952 seconds
[2022-06-13T03:26:00.244+0000][1][safepoint    ] Application time: 0.0005669 seconds
[2022-06-13T03:26:00.245+0000][1][safepoint    ] Entering safepoint region: RevokeBias
[2022-06-13T03:26:00.245+0000][1][safepoint    ] Leaving safepoint region
[2022-06-13T03:26:00.245+0000][1][safepoint    ] Total time for which application threads were stopped: 0.0003024 seconds, Stopping threads took: 0.0001630 seconds
[2022-06-13T03:26:00.245+0000][1][safepoint    ] Application time: 0.0002195 seconds
[2022-06-13T03:26:00.245+0000][1][safepoint    ] Entering safepoint region: RevokeBias
[2022-06-13T03:26:00.246+0000][1][safepoint    ] Leaving safepoint region
[2022-06-13T03:26:00.246+0000][1][safepoint    ] Total time for which application threads were stopped: 0.0003603 seconds, Stopping threads took: 0.0001946 seconds
[2022-06-13T03:26:00.268+0000][1][safepoint    ] Application time: 0.0225599 seconds
[2022-06-13T03:26:00.269+0000][1][safepoint    ] Entering safepoint region: RevokeBias
[2022-06-13T03:26:00.269+0000][1][safepoint    ] Leaving safepoint region
[2022-06-13T03:26:00.270+0000][1][safepoint    ] Total time for which application threads were stopped: 0.0008953 seconds, Stopping threads took: 0.0004292 seconds
[2022-06-13T03:26:00.271+0000][1][safepoint    ] Application time: 0.0005040 seconds
[2022-06-13T03:26:00.271+0000][1][safepoint    ] Entering safepoint region: RevokeBias
[2022-06-13T03:26:00.271+0000][1][safepoint    ] Leaving safepoint region
[2022-06-13T03:26:00.272+0000][1][safepoint    ] Total time for which application threads were stopped: 0.0007386 seconds, Stopping threads took: 0.0003314 seconds
[2022-06-13T03:26:00.272+0000][1][safepoint    ] Application time: 0.0001826 seconds
[2022-06-13T03:26:00.272+0000][1][safepoint    ] Entering safepoint region: RevokeBias
[2022-06-13T03:26:00.273+0000][1][safepoint    ] Leaving safepoint region
[2022-06-13T03:26:00.273+0000][1][safepoint    ] Total time for which application threads were stopped: 0.0005090 seconds, Stopping threads took: 0.0002381 seconds
[2022-06-13T03:26:00.273+0000][1][safepoint    ] Application time: 0.0002163 seconds
[2022-06-13T03:26:00.274+0000][1][safepoint    ] Entering safepoint region: RevokeBias
[2022-06-13T03:26:00.274+0000][1][safepoint    ] Leaving safepoint region
[2022-06-13T03:26:00.274+0000][1][safepoint    ] Total time for which application threads were stopped: 0.0006618 seconds, Stopping threads took: 0.0002384 seconds
[2022-06-13T03:26:00.353+0000][1][safepoint    ] Application time: 0.0786396 seconds
[2022-06-13T03:26:00.353+0000][1][safepoint    ] Entering safepoint region: RevokeBias
[2022-06-13T03:26:00.354+0000][1][safepoint    ] Leaving safepoint region
[2022-06-13T03:26:00.354+0000][1][safepoint    ] Total time for which application threads were stopped: 0.0005119 seconds, Stopping threads took: 0.0002381 seconds
[2022-06-13T03:26:00.433+0000][1][safepoint    ] Application time: 0.0785220 seconds
[2022-06-13T03:26:00.433+0000][1][safepoint    ] Entering safepoint region: GenCollectForAllocation
[2022-06-13T03:26:00.433+0000][1][gc,start     ] GC(21) Pause Young (Allocation Failure)
[2022-06-13T03:26:00.433+0000][1][gc,task      ] GC(21) Using 5 workers of 13 for evacuation
[2022-06-13T03:26:00.441+0000][1][gc,age       ] GC(21) Desired survivor size 4456448 bytes, new threshold 2 (max threshold 6)
[2022-06-13T03:26:00.441+0000][1][gc,age       ] GC(21) Age table with threshold 2 (max threshold 6)
[2022-06-13T03:26:00.441+0000][1][gc,age       ] GC(21) - age   1:    4045680 bytes,    4045680 total
[2022-06-13T03:26:00.441+0000][1][gc,age       ] GC(21) - age   2:    1488272 bytes,    5533952 total
[2022-06-13T03:26:00.442+0000][1][gc,heap      ] GC(21) ParNew: 76108K->6871K(78656K)
[2022-06-13T03:26:00.442+0000][1][gc,heap      ] GC(21) CMS: 59591K->62642K(174784K)
[2022-06-13T03:26:00.442+0000][1][gc,metaspace ] GC(21) Metaspace: 61864K->61864K(1105920K)
[2022-06-13T03:26:00.442+0000][1][gc           ] GC(21) Pause Young (Allocation Failure) 132M->67M(247M) 9.193ms
[2022-06-13T03:26:00.443+0000][1][gc,cpu       ] GC(21) User=0.03s Sys=0.00s Real=0.01s
[2022-06-13T03:26:00.443+0000][1][safepoint    ] Leaving safepoint region
[2022-06-13T03:26:00.443+0000][1][safepoint    ] Total time for which application threads were stopped: 0.0103155 seconds, Stopping threads took: 0.0002073 seconds
[2022-06-13T03:26:00.485+0000][1][safepoint    ] Application time: 0.0409492 seconds
[2022-06-13T03:26:00.485+0000][1][safepoint    ] Entering safepoint region: Deoptimize
[2022-06-13T03:26:00.485+0000][1][safepoint    ] Leaving safepoint region
[2022-06-13T03:26:00.486+0000][1][safepoint    ] Total time for which application threads were stopped: 0.0007177 seconds, Stopping threads took: 0.0001167 seconds
[2022-06-13T03:26:00.491+0000][1][safepoint    ] Application time: 0.0048742 seconds
[2022-06-13T03:26:00.491+0000][1][safepoint    ] Entering safepoint region: BulkRevokeBias
[2022-06-13T03:26:00.491+0000][1][safepoint    ] Leaving safepoint region
[2022-06-13T03:26:00.491+0000][1][safepoint    ] Total time for which application threads were stopped: 0.0003026 seconds, Stopping threads took: 0.0001387 seconds
[2022-06-13T03:26:00.492+0000][1][safepoint    ] Application time: 0.0008147 seconds
[2022-06-13T03:26:00.492+0000][1][safepoint    ] Entering safepoint region: RevokeBias
[2022-06-13T03:26:00.492+0000][1][safepoint    ] Leaving safepoint region
[2022-06-13T03:26:00.492+0000][1][safepoint    ] Total time for which application threads were stopped: 0.0002378 seconds, Stopping threads took: 0.0000872 seconds
[2022-06-13T03:26:00.492+0000][1][safepoint    ] Application time: 0.0000646 seconds
[2022-06-13T03:26:00.493+0000][1][safepoint    ] Entering safepoint region: RevokeBias
[2022-06-13T03:26:00.493+0000][1][safepoint    ] Leaving safepoint region
[2022-06-13T03:26:00.493+0000][1][safepoint    ] Total time for which application threads were stopped: 0.0001816 seconds, Stopping threads took: 0.0000824 seconds
[2022-06-13T03:26:00.493+0000][1][safepoint    ] Application time: 0.0000936 seconds
[2022-06-13T03:26:00.493+0000][1][safepoint    ] Entering safepoint region: RevokeBias
[2022-06-13T03:26:00.493+0000][1][safepoint    ] Leaving safepoint region
[2022-06-13T03:26:00.493+0000][1][safepoint    ] Total time for which application threads were stopped: 0.0002051 seconds, Stopping threads took: 0.0000939 seconds
[2022-06-13T03:26:00.494+0000][1][safepoint    ] Application time: 0.0002456 seconds
[2022-06-13T03:26:00.494+0000][1][safepoint    ] Entering safepoint region: RevokeBias
[2022-06-13T03:26:00.494+0000][1][safepoint    ] Leaving safepoint region
[2022-06-13T03:26:00.494+0000][1][safepoint    ] Total time for which application threads were stopped: 0.0001839 seconds, Stopping threads took: 0.0000814 seconds
[2022-06-13T03:26:00.494+0000][1][safepoint    ] Application time: 0.0000516 seconds
[2022-06-13T03:26:00.494+0000][1][safepoint    ] Entering safepoint region: RevokeBias
[2022-06-13T03:26:00.494+0000][1][safepoint    ] Leaving safepoint region
[2022-06-13T03:26:00.494+0000][1][safepoint    ] Total time for which application threads were stopped: 0.0002168 seconds, Stopping threads took: 0.0000822 seconds
[2022-06-13T03:26:00.494+0000][1][safepoint    ] Application time: 0.0000661 seconds
[2022-06-13T03:26:00.494+0000][1][safepoint    ] Entering safepoint region: RevokeBias
[2022-06-13T03:26:00.495+0000][1][safepoint    ] Leaving safepoint region
[2022-06-13T03:26:00.495+0000][1][safepoint    ] Total time for which application threads were stopped: 0.0001731 seconds, Stopping threads took: 0.0000779 seconds
[2022-06-13T03:26:00.495+0000][1][safepoint    ] Application time: 0.0000920 seconds
[2022-06-13T03:26:00.495+0000][1][safepoint    ] Entering safepoint region: RevokeBias
[2022-06-13T03:26:00.495+0000][1][safepoint    ] Leaving safepoint region
[2022-06-13T03:26:00.495+0000][1][safepoint    ] Total time for which application threads were stopped: 0.0001771 seconds, Stopping threads took: 0.0000780 seconds
[2022-06-13T03:26:00.495+0000][1][safepoint    ] Application time: 0.0001551 seconds
[2022-06-13T03:26:00.495+0000][1][safepoint    ] Entering safepoint region: RevokeBias
[2022-06-13T03:26:00.496+0000][1][safepoint    ] Leaving safepoint region
[2022-06-13T03:26:00.496+0000][1][safepoint    ] Total time for which application threads were stopped: 0.0001980 seconds, Stopping threads took: 0.0000885 seconds
[2022-06-13T03:26:00.496+0000][1][safepoint    ] Application time: 0.0001087 seconds
[2022-06-13T03:26:00.496+0000][1][safepoint    ] Entering safepoint region: RevokeBias
[2022-06-13T03:26:00.496+0000][1][safepoint    ] Leaving safepoint region
[2022-06-13T03:26:00.496+0000][1][safepoint    ] Total time for which application threads were stopped: 0.0001717 seconds, Stopping threads took: 0.0000776 seconds
[2022-06-13T03:26:00.496+0000][1][safepoint    ] Application time: 0.0000495 seconds
[2022-06-13T03:26:00.496+0000][1][safepoint    ] Entering safepoint region: RevokeBias
[2022-06-13T03:26:00.496+0000][1][safepoint    ] Leaving safepoint region
[2022-06-13T03:26:00.496+0000][1][safepoint    ] Total time for which application threads were stopped: 0.0001765 seconds, Stopping threads took: 0.0000840 seconds
[2022-06-13T03:26:00.497+0000][1][safepoint    ] Application time: 0.0002813 seconds
[2022-06-13T03:26:00.497+0000][1][safepoint    ] Entering safepoint region: RevokeBias
[2022-06-13T03:26:00.497+0000][1][safepoint    ] Leaving safepoint region
[2022-06-13T03:26:00.497+0000][1][safepoint    ] Total time for which application threads were stopped: 0.0001622 seconds, Stopping threads took: 0.0000736 seconds
[2022-06-13T03:26:00.498+0000][1][safepoint    ] Application time: 0.0005295 seconds
[2022-06-13T03:26:00.498+0000][1][safepoint    ] Entering safepoint region: RevokeBias
[2022-06-13T03:26:00.498+0000][1][safepoint    ] Leaving safepoint region
[2022-06-13T03:26:00.498+0000][1][safepoint    ] Total time for which application threads were stopped: 0.0001801 seconds, Stopping threads took: 0.0000856 seconds
[2022-06-13T03:26:00.498+0000][1][safepoint    ] Application time: 0.0000713 seconds
[2022-06-13T03:26:00.498+0000][1][safepoint    ] Entering safepoint region: RevokeBias
[2022-06-13T03:26:00.498+0000][1][safepoint    ] Leaving safepoint region
[2022-06-13T03:26:00.498+0000][1][safepoint    ] Total time for which application threads were stopped: 0.0002283 seconds, Stopping threads took: 0.0001182 seconds
[2022-06-13T03:26:00.499+0000][1][safepoint    ] Application time: 0.0007860 seconds
[2022-06-13T03:26:00.499+0000][1][safepoint    ] Entering safepoint region: RevokeBias
[2022-06-13T03:26:00.500+0000][1][safepoint    ] Leaving safepoint region
[2022-06-13T03:26:00.500+0000][1][safepoint    ] Total time for which application threads were stopped: 0.0002182 seconds, Stopping threads took: 0.0001024 seconds
[2022-06-13T03:26:00.500+0000][1][safepoint    ] Application time: 0.0004950 seconds
[2022-06-13T03:26:00.500+0000][1][safepoint    ] Entering safepoint region: Deoptimize
[2022-06-13T03:26:00.501+0000][1][safepoint    ] Leaving safepoint region
[2022-06-13T03:26:00.501+0000][1][safepoint    ] Total time for which application threads were stopped: 0.0006000 seconds, Stopping threads took: 0.0000897 seconds
[2022-06-13T03:26:00.501+0000][1][safepoint    ] Application time: 0.0003674 seconds
[2022-06-13T03:26:00.502+0000][1][safepoint    ] Entering safepoint region: RevokeBias
[2022-06-13T03:26:00.502+0000][1][safepoint    ] Leaving safepoint region
[2022-06-13T03:26:00.502+0000][1][safepoint    ] Total time for which application threads were stopped: 0.0001869 seconds, Stopping threads took: 0.0000862 seconds
[2022-06-13T03:26:00.527+0000][1][safepoint    ] Application time: 0.0248932 seconds
[2022-06-13T03:26:00.527+0000][1][safepoint    ] Entering safepoint region: RevokeBias
[2022-06-13T03:26:00.527+0000][1][safepoint    ] Leaving safepoint region
[2022-06-13T03:26:00.527+0000][1][safepoint    ] Total time for which application threads were stopped: 0.0004001 seconds, Stopping threads took: 0.0002318 seconds
[2022-06-13T03:26:00.528+0000][1][safepoint    ] Application time: 0.0001109 seconds
[2022-06-13T03:26:00.528+0000][1][safepoint    ] Entering safepoint region: RevokeBias
[2022-06-13T03:26:00.528+0000][1][safepoint    ] Leaving safepoint region
[2022-06-13T03:26:00.528+0000][1][safepoint    ] Total time for which application threads were stopped: 0.0004823 seconds, Stopping threads took: 0.0002938 seconds
[2022-06-13T03:26:00.529+0000][1][safepoint    ] Application time: 0.0004743 seconds
[2022-06-13T03:26:00.529+0000][1][safepoint    ] Entering safepoint region: RevokeBias
[2022-06-13T03:26:00.529+0000][1][safepoint    ] Leaving safepoint region
[2022-06-13T03:26:00.530+0000][1][safepoint    ] Total time for which application threads were stopped: 0.0004754 seconds, Stopping threads took: 0.0003138 seconds
[2022-06-13T03:26:00.530+0000][1][safepoint    ] Application time: 0.0003573 seconds
[2022-06-13T03:26:00.530+0000][1][safepoint    ] Entering safepoint region: RevokeBias
[2022-06-13T03:26:00.530+0000][1][safepoint    ] Leaving safepoint region
[2022-06-13T03:26:00.531+0000][1][safepoint    ] Total time for which application threads were stopped: 0.0003085 seconds, Stopping threads took: 0.0002017 seconds
[2022-06-13T03:26:00.531+0000][1][safepoint    ] Application time: 0.0007466 seconds
[2022-06-13T03:26:00.532+0000][1][safepoint    ] Entering safepoint region: RevokeBias
[2022-06-13T03:26:00.532+0000][1][safepoint    ] Leaving safepoint region
[2022-06-13T03:26:00.532+0000][1][safepoint    ] Total time for which application threads were stopped: 0.0002813 seconds, Stopping threads took: 0.0001692 seconds
[2022-06-13T03:26:00.532+0000][1][safepoint    ] Application time: 0.0001721 seconds
[2022-06-13T03:26:00.532+0000][1][safepoint    ] Entering safepoint region: RevokeBias
[2022-06-13T03:26:00.532+0000][1][safepoint    ] Leaving safepoint region
[2022-06-13T03:26:00.532+0000][1][safepoint    ] Total time for which application threads were stopped: 0.0002670 seconds, Stopping threads took: 0.0001414 seconds
[2022-06-13T03:26:00.533+0000][1][safepoint    ] Application time: 0.0001031 seconds
[2022-06-13T03:26:00.533+0000][1][safepoint    ] Entering safepoint region: RevokeBias
[2022-06-13T03:26:00.533+0000][1][safepoint    ] Leaving safepoint region
[2022-06-13T03:26:00.533+0000][1][safepoint    ] Total time for which application threads were stopped: 0.0002287 seconds, Stopping threads took: 0.0001246 seconds
[2022-06-13T03:26:00.534+0000][1][safepoint    ] Application time: 0.0009657 seconds
[2022-06-13T03:26:00.534+0000][1][safepoint    ] Entering safepoint region: RevokeBias
[2022-06-13T03:26:00.534+0000][1][safepoint    ] Leaving safepoint region
[2022-06-13T03:26:00.534+0000][1][safepoint    ] Total time for which application threads were stopped: 0.0002964 seconds, Stopping threads took: 0.0001767 seconds
[2022-06-13T03:26:00.535+0000][1][safepoint    ] Application time: 0.0000651 seconds
[2022-06-13T03:26:00.535+0000][1][safepoint    ] Entering safepoint region: RevokeBias
[2022-06-13T03:26:00.535+0000][1][safepoint    ] Leaving safepoint region
[2022-06-13T03:26:00.535+0000][1][safepoint    ] Total time for which application threads were stopped: 0.0002622 seconds, Stopping threads took: 0.0001446 seconds
[2022-06-13T03:26:00.535+0000][1][safepoint    ] Application time: 0.0001561 seconds
[2022-06-13T03:26:00.536+0000][1][safepoint    ] Entering safepoint region: RevokeBias
[2022-06-13T03:26:00.536+0000][1][safepoint    ] Leaving safepoint region
[2022-06-13T03:26:00.536+0000][1][safepoint    ] Total time for which application threads were stopped: 0.0002775 seconds, Stopping threads took: 0.0001545 seconds
[2022-06-13T03:26:00.536+0000][1][safepoint    ] Application time: 0.0001132 seconds
[2022-06-13T03:26:00.536+0000][1][safepoint    ] Entering safepoint region: RevokeBias
[2022-06-13T03:26:00.536+0000][1][safepoint    ] Leaving safepoint region
[2022-06-13T03:26:00.536+0000][1][safepoint    ] Total time for which application threads were stopped: 0.0003540 seconds, Stopping threads took: 0.0001642 seconds
[2022-06-13T03:26:00.537+0000][1][safepoint    ] Application time: 0.0000861 seconds
[2022-06-13T03:26:00.537+0000][1][safepoint    ] Entering safepoint region: RevokeBias
[2022-06-13T03:26:00.537+0000][1][safepoint    ] Leaving safepoint region
[2022-06-13T03:26:00.537+0000][1][safepoint    ] Total time for which application threads were stopped: 0.0003376 seconds, Stopping threads took: 0.0001154 seconds
[2022-06-13T03:26:00.538+0000][1][safepoint    ] Application time: 0.0003084 seconds
[2022-06-13T03:26:00.538+0000][1][safepoint    ] Entering safepoint region: RevokeBias
[2022-06-13T03:26:00.538+0000][1][safepoint    ] Leaving safepoint region
[2022-06-13T03:26:00.538+0000][1][safepoint    ] Total time for which application threads were stopped: 0.0005767 seconds, Stopping threads took: 0.0003610 seconds
[2022-06-13T03:26:00.539+0000][1][safepoint    ] Application time: 0.0002991 seconds
[2022-06-13T03:26:00.539+0000][1][safepoint    ] Entering safepoint region: RevokeBias
[2022-06-13T03:26:00.539+0000][1][safepoint    ] Leaving safepoint region
[2022-06-13T03:26:00.540+0000][1][safepoint    ] Total time for which application threads were stopped: 0.0007218 seconds, Stopping threads took: 0.0003138 seconds
[2022-06-13T03:26:00.541+0000][1][safepoint    ] Application time: 0.0005703 seconds
[2022-06-13T03:26:00.541+0000][1][safepoint    ] Entering safepoint region: RevokeBias
[2022-06-13T03:26:00.541+0000][1][safepoint    ] Leaving safepoint region
[2022-06-13T03:26:00.541+0000][1][safepoint    ] Total time for which application threads were stopped: 0.0003073 seconds, Stopping threads took: 0.0001085 seconds
[2022-06-13T03:26:00.543+0000][1][safepoint    ] Application time: 0.0015221 seconds
[2022-06-13T03:26:00.543+0000][1][safepoint    ] Entering safepoint region: RevokeBias
[2022-06-13T03:26:00.543+0000][1][safepoint    ] Leaving safepoint region
[2022-06-13T03:26:00.543+0000][1][safepoint    ] Total time for which application threads were stopped: 0.0004003 seconds, Stopping threads took: 0.0001954 seconds
[2022-06-13T03:26:00.544+0000][1][safepoint    ] Application time: 0.0001037 seconds
[2022-06-13T03:26:00.544+0000][1][safepoint    ] Entering safepoint region: RevokeBias
[2022-06-13T03:26:00.544+0000][1][safepoint    ] Leaving safepoint region
[2022-06-13T03:26:00.544+0000][1][safepoint    ] Total time for which application threads were stopped: 0.0003654 seconds, Stopping threads took: 0.0002307 seconds
[2022-06-13T03:26:00.545+0000][1][safepoint    ] Application time: 0.0001774 seconds
[2022-06-13T03:26:00.545+0000][1][safepoint    ] Entering safepoint region: RevokeBias
[2022-06-13T03:26:00.545+0000][1][safepoint    ] Leaving safepoint region
[2022-06-13T03:26:00.545+0000][1][safepoint    ] Total time for which application threads were stopped: 0.0001880 seconds, Stopping threads took: 0.0000859 seconds
[2022-06-13T03:26:00.546+0000][1][safepoint    ] Application time: 0.0010194 seconds
[2022-06-13T03:26:00.546+0000][1][safepoint    ] Entering safepoint region: RevokeBias
[2022-06-13T03:26:00.547+0000][1][safepoint    ] Leaving safepoint region
[2022-06-13T03:26:00.547+0000][1][safepoint    ] Total time for which application threads were stopped: 0.0004761 seconds, Stopping threads took: 0.0002392 seconds
[2022-06-13T03:26:00.547+0000][1][safepoint    ] Application time: 0.0001536 seconds
[2022-06-13T03:26:00.547+0000][1][safepoint    ] Entering safepoint region: RevokeBias
[2022-06-13T03:26:00.548+0000][1][safepoint    ] Leaving safepoint region
[2022-06-13T03:26:00.548+0000][1][safepoint    ] Total time for which application threads were stopped: 0.0004538 seconds, Stopping threads took: 0.0002129 seconds
[2022-06-13T03:26:00.548+0000][1][safepoint    ] Application time: 0.0000940 seconds
[2022-06-13T03:26:00.548+0000][1][safepoint    ] Entering safepoint region: RevokeBias
[2022-06-13T03:26:00.548+0000][1][safepoint    ] Leaving safepoint region
[2022-06-13T03:26:00.548+0000][1][safepoint    ] Total time for which application threads were stopped: 0.0002045 seconds, Stopping threads took: 0.0000992 seconds
[2022-06-13T03:26:00.549+0000][1][safepoint    ] Application time: 0.0002772 seconds
[2022-06-13T03:26:00.549+0000][1][safepoint    ] Entering safepoint region: RevokeBias
[2022-06-13T03:26:00.549+0000][1][safepoint    ] Leaving safepoint region
[2022-06-13T03:26:00.549+0000][1][safepoint    ] Total time for which application threads were stopped: 0.0004001 seconds, Stopping threads took: 0.0000816 seconds
[2022-06-13T03:26:00.549+0000][1][safepoint    ] Application time: 0.0000508 seconds
[2022-06-13T03:26:00.550+0000][1][safepoint    ] Entering safepoint region: RevokeBias
[2022-06-13T03:26:00.550+0000][1][safepoint    ] Leaving safepoint region
[2022-06-13T03:26:00.550+0000][1][safepoint    ] Total time for which application threads were stopped: 0.0001789 seconds, Stopping threads took: 0.0000796 seconds
[2022-06-13T03:26:00.552+0000][1][safepoint    ] Application time: 0.0023071 seconds
[2022-06-13T03:26:00.552+0000][1][safepoint    ] Entering safepoint region: RevokeBias
[2022-06-13T03:26:00.553+0000][1][safepoint    ] Leaving safepoint region
[2022-06-13T03:26:00.553+0000][1][safepoint    ] Total time for which application threads were stopped: 0.0006038 seconds, Stopping threads took: 0.0003496 seconds
[2022-06-13T03:26:00.553+0000][1][safepoint    ] Application time: 0.0000836 seconds
[2022-06-13T03:26:00.553+0000][1][safepoint    ] Entering safepoint region: RevokeBias
[2022-06-13T03:26:00.553+0000][1][safepoint    ] Leaving safepoint region
[2022-06-13T03:26:00.553+0000][1][safepoint    ] Total time for which application threads were stopped: 0.0002924 seconds, Stopping threads took: 0.0001173 seconds
[2022-06-13T03:26:00.556+0000][1][safepoint    ] Application time: 0.0019442 seconds
[2022-06-13T03:26:00.556+0000][1][safepoint    ] Entering safepoint region: RevokeBias
[2022-06-13T03:26:00.556+0000][1][safepoint    ] Leaving safepoint region
[2022-06-13T03:26:00.556+0000][1][safepoint    ] Total time for which application threads were stopped: 0.0003339 seconds, Stopping threads took: 0.0001656 seconds
[2022-06-13T03:26:00.556+0000][1][safepoint    ] Application time: 0.0002345 seconds
[2022-06-13T03:26:00.557+0000][1][safepoint    ] Entering safepoint region: RevokeBias
[2022-06-13T03:26:00.557+0000][1][safepoint    ] Leaving safepoint region
[2022-06-13T03:26:00.557+0000][1][safepoint    ] Total time for which application threads were stopped: 0.0008795 seconds, Stopping threads took: 0.0005604 seconds
[2022-06-13T03:26:00.558+0000][1][safepoint    ] Application time: 0.0001577 seconds
[2022-06-13T03:26:00.558+0000][1][safepoint    ] Entering safepoint region: RevokeBias
[2022-06-13T03:26:00.559+0000][1][safepoint    ] Leaving safepoint region
[2022-06-13T03:26:00.559+0000][1][safepoint    ] Total time for which application threads were stopped: 0.0007533 seconds, Stopping threads took: 0.0002676 seconds
[2022-06-13T03:26:00.560+0000][1][safepoint    ] Application time: 0.0002474 seconds
[2022-06-13T03:26:00.560+0000][1][safepoint    ] Entering safepoint region: RevokeBias
[2022-06-13T03:26:00.560+0000][1][safepoint    ] Leaving safepoint region
[2022-06-13T03:26:00.560+0000][1][safepoint    ] Total time for which application threads were stopped: 0.0005085 seconds, Stopping threads took: 0.0003129 seconds
[2022-06-13T03:26:00.561+0000][1][safepoint    ] Application time: 0.0002086 seconds
[2022-06-13T03:26:00.561+0000][1][safepoint    ] Entering safepoint region: RevokeBias
[2022-06-13T03:26:00.561+0000][1][safepoint    ] Leaving safepoint region
[2022-06-13T03:26:00.561+0000][1][safepoint    ] Total time for which application threads were stopped: 0.0004077 seconds, Stopping threads took: 0.0001816 seconds
[2022-06-13T03:26:00.562+0000][1][safepoint    ] Application time: 0.0001347 seconds
[2022-06-13T03:26:00.562+0000][1][safepoint    ] Entering safepoint region: RevokeBias
[2022-06-13T03:26:00.562+0000][1][safepoint    ] Leaving safepoint region
[2022-06-13T03:26:00.562+0000][1][safepoint    ] Total time for which application threads were stopped: 0.0004763 seconds, Stopping threads took: 0.0002958 seconds
[2022-06-13T03:26:00.562+0000][1][safepoint    ] Application time: 0.0000707 seconds
[2022-06-13T03:26:00.563+0000][1][safepoint    ] Entering safepoint region: RevokeBias
[2022-06-13T03:26:00.563+0000][1][safepoint    ] Leaving safepoint region
[2022-06-13T03:26:00.563+0000][1][safepoint    ] Total time for which application threads were stopped: 0.0002815 seconds, Stopping threads took: 0.0001615 seconds
[2022-06-13T03:26:00.563+0000][1][safepoint    ] Application time: 0.0001035 seconds
[2022-06-13T03:26:00.563+0000][1][safepoint    ] Entering safepoint region: RevokeBias
[2022-06-13T03:26:00.563+0000][1][safepoint    ] Leaving safepoint region
[2022-06-13T03:26:00.564+0000][1][safepoint    ] Total time for which application threads were stopped: 0.0003645 seconds, Stopping threads took: 0.0001235 seconds
[2022-06-13T03:26:00.565+0000][1][safepoint    ] Application time: 0.0015997 seconds
[2022-06-13T03:26:00.565+0000][1][safepoint    ] Entering safepoint region: RevokeBias
[2022-06-13T03:26:00.566+0000][1][safepoint    ] Leaving safepoint region
[2022-06-13T03:26:00.566+0000][1][safepoint    ] Total time for which application threads were stopped: 0.0002014 seconds, Stopping threads took: 0.0000926 seconds
[2022-06-13T03:26:00.566+0000][1][safepoint    ] Application time: 0.0000671 seconds
[2022-06-13T03:26:00.566+0000][1][safepoint    ] Entering safepoint region: RevokeBias
[2022-06-13T03:26:00.566+0000][1][safepoint    ] Leaving safepoint region
[2022-06-13T03:26:00.566+0000][1][safepoint    ] Total time for which application threads were stopped: 0.0001898 seconds, Stopping threads took: 0.0000917 seconds
[2022-06-13T03:26:00.569+0000][1][safepoint    ] Application time: 0.0026018 seconds
[2022-06-13T03:26:00.569+0000][1][safepoint    ] Entering safepoint region: RevokeBias
[2022-06-13T03:26:00.569+0000][1][safepoint    ] Leaving safepoint region
[2022-06-13T03:26:00.569+0000][1][safepoint    ] Total time for which application threads were stopped: 0.0002912 seconds, Stopping threads took: 0.0001222 seconds
[2022-06-13T03:26:00.569+0000][1][safepoint    ] Application time: 0.0001210 seconds
[2022-06-13T03:26:00.570+0000][1][safepoint    ] Entering safepoint region: RevokeBias
[2022-06-13T03:26:00.570+0000][1][safepoint    ] Leaving safepoint region
[2022-06-13T03:26:00.570+0000][1][safepoint    ] Total time for which application threads were stopped: 0.0002384 seconds, Stopping threads took: 0.0000937 seconds
[2022-06-13T03:26:00.570+0000][1][safepoint    ] Application time: 0.0000663 seconds
[2022-06-13T03:26:00.570+0000][1][safepoint    ] Entering safepoint region: RevokeBias
[2022-06-13T03:26:00.570+0000][1][safepoint    ] Leaving safepoint region
[2022-06-13T03:26:00.570+0000][1][safepoint    ] Total time for which application threads were stopped: 0.0001965 seconds, Stopping threads took: 0.0000889 seconds
[2022-06-13T03:26:00.570+0000][1][safepoint    ] Application time: 0.0000651 seconds
[2022-06-13T03:26:00.570+0000][1][safepoint    ] Entering safepoint region: RevokeBias
[2022-06-13T03:26:00.571+0000][1][safepoint    ] Leaving safepoint region
[2022-06-13T03:26:00.571+0000][1][safepoint    ] Total time for which application threads were stopped: 0.0002136 seconds, Stopping threads took: 0.0001031 seconds
[2022-06-13T03:26:00.572+0000][1][safepoint    ] Application time: 0.0016083 seconds
[2022-06-13T03:26:00.573+0000][1][safepoint    ] Entering safepoint region: RevokeBias
[2022-06-13T03:26:00.573+0000][1][safepoint    ] Leaving safepoint region
[2022-06-13T03:26:00.573+0000][1][safepoint    ] Total time for which application threads were stopped: 0.0003576 seconds, Stopping threads took: 0.0001782 seconds
[2022-06-13T03:26:00.573+0000][1][safepoint    ] Application time: 0.0001162 seconds
[2022-06-13T03:26:00.573+0000][1][safepoint    ] Entering safepoint region: RevokeBias
[2022-06-13T03:26:00.573+0000][1][safepoint    ] Leaving safepoint region
[2022-06-13T03:26:00.574+0000][1][safepoint    ] Total time for which application threads were stopped: 0.0003640 seconds, Stopping threads took: 0.0001820 seconds
[2022-06-13T03:26:00.575+0000][1][safepoint    ] Application time: 0.0014816 seconds
[2022-06-13T03:26:00.575+0000][1][safepoint    ] Entering safepoint region: RevokeBias
[2022-06-13T03:26:00.576+0000][1][safepoint    ] Leaving safepoint region
[2022-06-13T03:26:00.576+0000][1][safepoint    ] Total time for which application threads were stopped: 0.0003272 seconds, Stopping threads took: 0.0001840 seconds
[2022-06-13T03:26:00.577+0000][1][safepoint    ] Application time: 0.0008944 seconds
[2022-06-13T03:26:00.577+0000][1][safepoint    ] Entering safepoint region: RevokeBias
[2022-06-13T03:26:00.578+0000][1][safepoint    ] Leaving safepoint region
[2022-06-13T03:26:00.578+0000][1][safepoint    ] Total time for which application threads were stopped: 0.0004448 seconds, Stopping threads took: 0.0002522 seconds
[2022-06-13T03:26:00.578+0000][1][safepoint    ] Application time: 0.0004791 seconds
[2022-06-13T03:26:00.579+0000][1][safepoint    ] Entering safepoint region: RevokeBias
[2022-06-13T03:26:00.579+0000][1][safepoint    ] Leaving safepoint region
[2022-06-13T03:26:00.579+0000][1][safepoint    ] Total time for which application threads were stopped: 0.0005398 seconds, Stopping threads took: 0.0002400 seconds
[2022-06-13T03:26:00.579+0000][1][safepoint    ] Application time: 0.0001621 seconds
[2022-06-13T03:26:00.580+0000][1][safepoint    ] Entering safepoint region: RevokeBias
[2022-06-13T03:26:00.580+0000][1][safepoint    ] Leaving safepoint region
[2022-06-13T03:26:00.580+0000][1][safepoint    ] Total time for which application threads were stopped: 0.0004394 seconds, Stopping threads took: 0.0001881 seconds
[2022-06-13T03:26:00.580+0000][1][safepoint    ] Application time: 0.0001056 seconds
[2022-06-13T03:26:00.581+0000][1][safepoint    ] Entering safepoint region: RevokeBias
[2022-06-13T03:26:00.581+0000][1][safepoint    ] Leaving safepoint region
[2022-06-13T03:26:00.581+0000][1][safepoint    ] Total time for which application threads were stopped: 0.0003551 seconds, Stopping threads took: 0.0002185 seconds
[2022-06-13T03:26:00.583+0000][1][safepoint    ] Application time: 0.0023923 seconds
[2022-06-13T03:26:00.584+0000][1][safepoint    ] Entering safepoint region: RevokeBias
[2022-06-13T03:26:00.584+0000][1][safepoint    ] Leaving safepoint region
[2022-06-13T03:26:00.584+0000][1][safepoint    ] Total time for which application threads were stopped: 0.0005344 seconds, Stopping threads took: 0.0003604 seconds
[2022-06-13T03:26:00.585+0000][1][safepoint    ] Application time: 0.0000949 seconds
[2022-06-13T03:26:00.585+0000][1][safepoint    ] Entering safepoint region: RevokeBias
[2022-06-13T03:26:00.585+0000][1][safepoint    ] Leaving safepoint region
[2022-06-13T03:26:00.585+0000][1][safepoint    ] Total time for which application threads were stopped: 0.0004642 seconds, Stopping threads took: 0.0003278 seconds
[2022-06-13T03:26:00.592+0000][1][safepoint    ] Application time: 0.0068331 seconds
[2022-06-13T03:26:00.593+0000][1][safepoint    ] Entering safepoint region: RevokeBias
[2022-06-13T03:26:00.593+0000][1][safepoint    ] Leaving safepoint region
[2022-06-13T03:26:00.593+0000][1][safepoint    ] Total time for which application threads were stopped: 0.0002722 seconds, Stopping threads took: 0.0001334 seconds
[2022-06-13T03:26:00.620+0000][1][safepoint    ] Application time: 0.0268874 seconds
[2022-06-13T03:26:00.620+0000][1][safepoint    ] Entering safepoint region: RevokeBias
[2022-06-13T03:26:00.620+0000][1][safepoint    ] Leaving safepoint region
[2022-06-13T03:26:00.620+0000][1][safepoint    ] Total time for which application threads were stopped: 0.0004510 seconds, Stopping threads took: 0.0001960 seconds
[2022-06-13T03:26:00.621+0000][1][safepoint    ] Application time: 0.0002554 seconds
[2022-06-13T03:26:00.621+0000][1][safepoint    ] Entering safepoint region: RevokeBias
[2022-06-13T03:26:00.621+0000][1][safepoint    ] Leaving safepoint region
[2022-06-13T03:26:00.622+0000][1][safepoint    ] Total time for which application threads were stopped: 0.0005421 seconds, Stopping threads took: 0.0003338 seconds
[2022-06-13T03:26:00.622+0000][1][safepoint    ] Application time: 0.0001728 seconds
[2022-06-13T03:26:00.622+0000][1][safepoint    ] Entering safepoint region: RevokeBias
[2022-06-13T03:26:00.623+0000][1][safepoint    ] Leaving safepoint region
[2022-06-13T03:26:00.623+0000][1][safepoint    ] Total time for which application threads were stopped: 0.0003264 seconds, Stopping threads took: 0.0001480 seconds
[2022-06-13T03:26:00.623+0000][1][safepoint    ] Application time: 0.0001236 seconds
[2022-06-13T03:26:00.623+0000][1][safepoint    ] Entering safepoint region: RevokeBias
[2022-06-13T03:26:00.623+0000][1][safepoint    ] Leaving safepoint region
[2022-06-13T03:26:00.624+0000][1][safepoint    ] Total time for which application threads were stopped: 0.0004015 seconds, Stopping threads took: 0.0001836 seconds
[2022-06-13T03:26:00.624+0000][1][safepoint    ] Application time: 0.0002077 seconds
[2022-06-13T03:26:00.624+0000][1][safepoint    ] Entering safepoint region: RevokeBias
[2022-06-13T03:26:00.624+0000][1][safepoint    ] Leaving safepoint region
[2022-06-13T03:26:00.624+0000][1][safepoint    ] Total time for which application threads were stopped: 0.0002495 seconds, Stopping threads took: 0.0001325 seconds
[2022-06-13T03:26:00.638+0000][1][safepoint    ] Application time: 0.0134414 seconds
[2022-06-13T03:26:00.638+0000][1][safepoint    ] Entering safepoint region: RevokeBias
[2022-06-13T03:26:00.638+0000][1][safepoint    ] Leaving safepoint region
[2022-06-13T03:26:00.638+0000][1][safepoint    ] Total time for which application threads were stopped: 0.0004322 seconds, Stopping threads took: 0.0001297 seconds
[2022-06-13T03:26:00.642+0000][1][safepoint    ] Application time: 0.0031337 seconds
[2022-06-13T03:26:00.642+0000][1][safepoint    ] Entering safepoint region: RevokeBias
[2022-06-13T03:26:00.642+0000][1][safepoint    ] Leaving safepoint region
[2022-06-13T03:26:00.642+0000][1][safepoint    ] Total time for which application threads were stopped: 0.0003117 seconds, Stopping threads took: 0.0001580 seconds
[2022-06-13T03:26:00.644+0000][1][safepoint    ] Application time: 0.0015931 seconds
[2022-06-13T03:26:00.644+0000][1][safepoint    ] Entering safepoint region: RevokeBias
[2022-06-13T03:26:00.644+0000][1][safepoint    ] Leaving safepoint region
[2022-06-13T03:26:00.644+0000][1][safepoint    ] Total time for which application threads were stopped: 0.0003192 seconds, Stopping threads took: 0.0001509 seconds
[2022-06-13T03:26:00.645+0000][1][safepoint    ] Application time: 0.0002444 seconds
[2022-06-13T03:26:00.645+0000][1][safepoint    ] Entering safepoint region: RevokeBias
[2022-06-13T03:26:00.645+0000][1][safepoint    ] Leaving safepoint region
[2022-06-13T03:26:00.645+0000][1][safepoint    ] Total time for which application threads were stopped: 0.0002657 seconds, Stopping threads took: 0.0001147 seconds
[2022-06-13T03:26:00.645+0000][1][safepoint    ] Application time: 0.0002201 seconds
[2022-06-13T03:26:00.645+0000][1][safepoint    ] Entering safepoint region: RevokeBias
[2022-06-13T03:26:00.646+0000][1][safepoint    ] Leaving safepoint region
[2022-06-13T03:26:00.646+0000][1][safepoint    ] Total time for which application threads were stopped: 0.0002496 seconds, Stopping threads took: 0.0001227 seconds
[2022-06-13T03:26:00.646+0000][1][safepoint    ] Application time: 0.0000927 seconds
[2022-06-13T03:26:00.646+0000][1][safepoint    ] Entering safepoint region: RevokeBias
[2022-06-13T03:26:00.646+0000][1][safepoint    ] Leaving safepoint region
[2022-06-13T03:26:00.646+0000][1][safepoint    ] Total time for which application threads were stopped: 0.0002450 seconds, Stopping threads took: 0.0001036 seconds
[2022-06-13T03:26:00.647+0000][1][safepoint    ] Application time: 0.0003415 seconds
[2022-06-13T03:26:00.647+0000][1][safepoint    ] Entering safepoint region: RevokeBias
[2022-06-13T03:26:00.647+0000][1][safepoint    ] Leaving safepoint region
[2022-06-13T03:26:00.647+0000][1][safepoint    ] Total time for which application threads were stopped: 0.0005225 seconds, Stopping threads took: 0.0001538 seconds
[2022-06-13T03:26:00.648+0000][1][safepoint    ] Application time: 0.0002554 seconds
[2022-06-13T03:26:00.648+0000][1][safepoint    ] Entering safepoint region: RevokeBias
[2022-06-13T03:26:00.648+0000][1][safepoint    ] Leaving safepoint region
[2022-06-13T03:26:00.648+0000][1][safepoint    ] Total time for which application threads were stopped: 0.0003137 seconds, Stopping threads took: 0.0001329 seconds
[2022-06-13T03:26:00.649+0000][1][safepoint    ] Application time: 0.0003038 seconds
[2022-06-13T03:26:00.649+0000][1][safepoint    ] Entering safepoint region: RevokeBias
[2022-06-13T03:26:00.649+0000][1][safepoint    ] Leaving safepoint region
[2022-06-13T03:26:00.650+0000][1][safepoint    ] Total time for which application threads were stopped: 0.0006910 seconds, Stopping threads took: 0.0003084 seconds
[2022-06-13T03:26:00.650+0000][1][safepoint    ] Application time: 0.0001664 seconds
[2022-06-13T03:26:00.650+0000][1][safepoint    ] Entering safepoint region: RevokeBias
[2022-06-13T03:26:00.650+0000][1][safepoint    ] Leaving safepoint region
[2022-06-13T03:26:00.650+0000][1][safepoint    ] Total time for which application threads were stopped: 0.0004549 seconds, Stopping threads took: 0.0001736 seconds
[2022-06-13T03:26:00.651+0000][1][safepoint    ] Application time: 0.0002884 seconds
[2022-06-13T03:26:00.651+0000][1][safepoint    ] Entering safepoint region: RevokeBias
[2022-06-13T03:26:00.651+0000][1][safepoint    ] Leaving safepoint region
[2022-06-13T03:26:00.651+0000][1][safepoint    ] Total time for which application threads were stopped: 0.0003091 seconds, Stopping threads took: 0.0001875 seconds
[2022-06-13T03:26:00.652+0000][1][safepoint    ] Application time: 0.0003905 seconds
[2022-06-13T03:26:00.652+0000][1][safepoint    ] Entering safepoint region: RevokeBias
[2022-06-13T03:26:00.652+0000][1][safepoint    ] Leaving safepoint region
[2022-06-13T03:26:00.652+0000][1][safepoint    ] Total time for which application threads were stopped: 0.0003526 seconds, Stopping threads took: 0.0001931 seconds
[2022-06-13T03:26:00.653+0000][1][safepoint    ] Application time: 0.0002540 seconds
[2022-06-13T03:26:00.653+0000][1][safepoint    ] Entering safepoint region: RevokeBias
[2022-06-13T03:26:00.653+0000][1][safepoint    ] Leaving safepoint region
[2022-06-13T03:26:00.653+0000][1][safepoint    ] Total time for which application threads were stopped: 0.0002639 seconds, Stopping threads took: 0.0001289 seconds
[2022-06-13T03:26:00.654+0000][1][safepoint    ] Application time: 0.0002200 seconds
[2022-06-13T03:26:00.654+0000][1][safepoint    ] Entering safepoint region: RevokeBias
[2022-06-13T03:26:00.654+0000][1][safepoint    ] Leaving safepoint region
[2022-06-13T03:26:00.654+0000][1][safepoint    ] Total time for which application threads were stopped: 0.0003558 seconds, Stopping threads took: 0.0001897 seconds
[2022-06-13T03:26:00.654+0000][1][safepoint    ] Application time: 0.0001229 seconds
[2022-06-13T03:26:00.655+0000][1][safepoint    ] Entering safepoint region: RevokeBias
[2022-06-13T03:26:00.655+0000][1][safepoint    ] Leaving safepoint region
[2022-06-13T03:26:00.655+0000][1][safepoint    ] Total time for which application threads were stopped: 0.0003354 seconds, Stopping threads took: 0.0001982 seconds
[2022-06-13T03:26:00.655+0000][1][safepoint    ] Application time: 0.0003330 seconds
[2022-06-13T03:26:00.656+0000][1][safepoint    ] Entering safepoint region: RevokeBias
[2022-06-13T03:26:00.656+0000][1][safepoint    ] Leaving safepoint region
[2022-06-13T03:26:00.656+0000][1][safepoint    ] Total time for which application threads were stopped: 0.0004012 seconds, Stopping threads took: 0.0002274 seconds
[2022-06-13T03:26:00.656+0000][1][safepoint    ] Application time: 0.0001797 seconds
[2022-06-13T03:26:00.657+0000][1][safepoint    ] Entering safepoint region: RevokeBias
[2022-06-13T03:26:00.657+0000][1][safepoint    ] Leaving safepoint region
[2022-06-13T03:26:00.657+0000][1][safepoint    ] Total time for which application threads were stopped: 0.0003288 seconds, Stopping threads took: 0.0001671 seconds
[2022-06-13T03:26:00.657+0000][1][safepoint    ] Application time: 0.0001404 seconds
[2022-06-13T03:26:00.657+0000][1][safepoint    ] Entering safepoint region: RevokeBias
[2022-06-13T03:26:00.658+0000][1][safepoint    ] Leaving safepoint region
[2022-06-13T03:26:00.658+0000][1][safepoint    ] Total time for which application threads were stopped: 0.0003375 seconds, Stopping threads took: 0.0001644 seconds
[2022-06-13T03:26:00.658+0000][1][safepoint    ] Application time: 0.0001561 seconds
[2022-06-13T03:26:00.658+0000][1][safepoint    ] Entering safepoint region: RevokeBias
[2022-06-13T03:26:00.658+0000][1][safepoint    ] Leaving safepoint region
[2022-06-13T03:26:00.658+0000][1][safepoint    ] Total time for which application threads were stopped: 0.0003125 seconds, Stopping threads took: 0.0001412 seconds
[2022-06-13T03:26:00.659+0000][1][safepoint    ] Application time: 0.0003046 seconds
[2022-06-13T03:26:00.659+0000][1][safepoint    ] Entering safepoint region: RevokeBias
[2022-06-13T03:26:00.659+0000][1][safepoint    ] Leaving safepoint region
[2022-06-13T03:26:00.659+0000][1][safepoint    ] Total time for which application threads were stopped: 0.0003229 seconds, Stopping threads took: 0.0001527 seconds
[2022-06-13T03:26:00.660+0000][1][safepoint    ] Application time: 0.0002635 seconds
[2022-06-13T03:26:00.660+0000][1][safepoint    ] Entering safepoint region: RevokeBias
[2022-06-13T03:26:00.660+0000][1][safepoint    ] Leaving safepoint region
[2022-06-13T03:26:00.660+0000][1][safepoint    ] Total time for which application threads were stopped: 0.0004544 seconds, Stopping threads took: 0.0002964 seconds
[2022-06-13T03:26:00.661+0000][1][safepoint    ] Application time: 0.0007537 seconds
[2022-06-13T03:26:00.662+0000][1][safepoint    ] Entering safepoint region: RevokeBias
[2022-06-13T03:26:00.662+0000][1][safepoint    ] Leaving safepoint region
[2022-06-13T03:26:00.662+0000][1][safepoint    ] Total time for which application threads were stopped: 0.0006574 seconds, Stopping threads took: 0.0003620 seconds
[2022-06-13T03:26:00.663+0000][1][safepoint    ] Application time: 0.0005460 seconds
[2022-06-13T03:26:00.663+0000][1][safepoint    ] Entering safepoint region: RevokeBias
[2022-06-13T03:26:00.663+0000][1][safepoint    ] Leaving safepoint region
[2022-06-13T03:26:00.663+0000][1][safepoint    ] Total time for which application threads were stopped: 0.0003023 seconds, Stopping threads took: 0.0001112 seconds
[2022-06-13T03:26:00.664+0000][1][safepoint    ] Application time: 0.0004683 seconds
[2022-06-13T03:26:00.664+0000][1][safepoint    ] Entering safepoint region: RevokeBias
[2022-06-13T03:26:00.664+0000][1][safepoint    ] Leaving safepoint region
[2022-06-13T03:26:00.664+0000][1][safepoint    ] Total time for which application threads were stopped: 0.0002861 seconds, Stopping threads took: 0.0001174 seconds
[2022-06-13T03:26:00.666+0000][1][safepoint    ] Application time: 0.0015980 seconds
[2022-06-13T03:26:00.666+0000][1][safepoint    ] Entering safepoint region: RevokeBias
[2022-06-13T03:26:00.666+0000][1][safepoint    ] Leaving safepoint region
[2022-06-13T03:26:00.667+0000][1][safepoint    ] Total time for which application threads were stopped: 0.0003632 seconds, Stopping threads took: 0.0001669 seconds
[2022-06-13T03:26:00.668+0000][1][safepoint    ] Application time: 0.0015666 seconds
[2022-06-13T03:26:00.669+0000][1][safepoint    ] Entering safepoint region: RevokeBias
[2022-06-13T03:26:00.669+0000][1][safepoint    ] Leaving safepoint region
[2022-06-13T03:26:00.669+0000][1][safepoint    ] Total time for which application threads were stopped: 0.0004006 seconds, Stopping threads took: 0.0001400 seconds
[2022-06-13T03:26:00.671+0000][1][safepoint    ] Application time: 0.0022286 seconds
[2022-06-13T03:26:00.672+0000][1][safepoint    ] Entering safepoint region: BulkRevokeBias
[2022-06-13T03:26:00.672+0000][1][safepoint    ] Leaving safepoint region
[2022-06-13T03:26:00.672+0000][1][safepoint    ] Total time for which application threads were stopped: 0.0003786 seconds, Stopping threads took: 0.0001396 seconds
[2022-06-13T03:26:00.674+0000][1][safepoint    ] Application time: 0.0022443 seconds
[2022-06-13T03:26:00.675+0000][1][safepoint    ] Entering safepoint region: RevokeBias
[2022-06-13T03:26:00.675+0000][1][safepoint    ] Leaving safepoint region
[2022-06-13T03:26:00.675+0000][1][safepoint    ] Total time for which application threads were stopped: 0.0003828 seconds, Stopping threads took: 0.0001540 seconds
[2022-06-13T03:26:00.678+0000][1][safepoint    ] Application time: 0.0031572 seconds
[2022-06-13T03:26:00.679+0000][1][safepoint    ] Entering safepoint region: RevokeBias
[2022-06-13T03:26:00.679+0000][1][safepoint    ] Leaving safepoint region
[2022-06-13T03:26:00.679+0000][1][safepoint    ] Total time for which application threads were stopped: 0.0004546 seconds, Stopping threads took: 0.0001624 seconds
[2022-06-13T03:26:00.688+0000][1][safepoint    ] Application time: 0.0085549 seconds
[2022-06-13T03:26:00.688+0000][1][safepoint    ] Entering safepoint region: RevokeBias
[2022-06-13T03:26:00.688+0000][1][safepoint    ] Leaving safepoint region
[2022-06-13T03:26:00.688+0000][1][safepoint    ] Total time for which application threads were stopped: 0.0004068 seconds, Stopping threads took: 0.0002254 seconds
[2022-06-13T03:26:00.689+0000][1][safepoint    ] Application time: 0.0005163 seconds
[2022-06-13T03:26:00.689+0000][1][safepoint    ] Entering safepoint region: RevokeBias
[2022-06-13T03:26:00.690+0000][1][safepoint    ] Leaving safepoint region
[2022-06-13T03:26:00.690+0000][1][safepoint    ] Total time for which application threads were stopped: 0.0006183 seconds, Stopping threads took: 0.0003638 seconds
[2022-06-13T03:26:00.690+0000][1][safepoint    ] Application time: 0.0004108 seconds
[2022-06-13T03:26:00.691+0000][1][safepoint    ] Entering safepoint region: RevokeBias
[2022-06-13T03:26:00.691+0000][1][safepoint    ] Leaving safepoint region
[2022-06-13T03:26:00.691+0000][1][safepoint    ] Total time for which application threads were stopped: 0.0003033 seconds, Stopping threads took: 0.0001112 seconds
[2022-06-13T03:26:00.692+0000][1][safepoint    ] Application time: 0.0003205 seconds
[2022-06-13T03:26:00.692+0000][1][safepoint    ] Entering safepoint region: RevokeBias
[2022-06-13T03:26:00.692+0000][1][safepoint    ] Leaving safepoint region
[2022-06-13T03:26:00.693+0000][1][safepoint    ] Total time for which application threads were stopped: 0.0006911 seconds, Stopping threads took: 0.0001497 seconds
[2022-06-13T03:26:00.693+0000][1][safepoint    ] Application time: 0.0003064 seconds
[2022-06-13T03:26:00.693+0000][1][safepoint    ] Entering safepoint region: RevokeBias
[2022-06-13T03:26:00.694+0000][1][safepoint    ] Leaving safepoint region
[2022-06-13T03:26:00.694+0000][1][safepoint    ] Total time for which application threads were stopped: 0.0005261 seconds, Stopping threads took: 0.0002764 seconds
[2022-06-13T03:26:00.695+0000][1][safepoint    ] Application time: 0.0005793 seconds
[2022-06-13T03:26:00.695+0000][1][safepoint    ] Entering safepoint region: RevokeBias
[2022-06-13T03:26:00.695+0000][1][safepoint    ] Leaving safepoint region
[2022-06-13T03:26:00.695+0000][1][safepoint    ] Total time for which application threads were stopped: 0.0006232 seconds, Stopping threads took: 0.0003404 seconds
[2022-06-13T03:26:00.696+0000][1][safepoint    ] Application time: 0.0005166 seconds
[2022-06-13T03:26:00.696+0000][1][safepoint    ] Entering safepoint region: RevokeBias
[2022-06-13T03:26:00.697+0000][1][safepoint    ] Leaving safepoint region
[2022-06-13T03:26:00.697+0000][1][safepoint    ] Total time for which application threads were stopped: 0.0003173 seconds, Stopping threads took: 0.0001474 seconds
[2022-06-13T03:26:00.697+0000][1][safepoint    ] Application time: 0.0003479 seconds
[2022-06-13T03:26:00.698+0000][1][safepoint    ] Entering safepoint region: RevokeBias
[2022-06-13T03:26:00.698+0000][1][safepoint    ] Leaving safepoint region
[2022-06-13T03:26:00.698+0000][1][safepoint    ] Total time for which application threads were stopped: 0.0003417 seconds, Stopping threads took: 0.0001809 seconds
[2022-06-13T03:26:00.698+0000][1][safepoint    ] Application time: 0.0004435 seconds
[2022-06-13T03:26:00.699+0000][1][safepoint    ] Entering safepoint region: RevokeBias
[2022-06-13T03:26:00.699+0000][1][safepoint    ] Leaving safepoint region
[2022-06-13T03:26:00.699+0000][1][safepoint    ] Total time for which application threads were stopped: 0.0003659 seconds, Stopping threads took: 0.0002106 seconds
[2022-06-13T03:26:00.700+0000][1][safepoint    ] Application time: 0.0003084 seconds
[2022-06-13T03:26:00.700+0000][1][safepoint    ] Entering safepoint region: RevokeBias
[2022-06-13T03:26:00.700+0000][1][safepoint    ] Leaving safepoint region
[2022-06-13T03:26:00.700+0000][1][safepoint    ] Total time for which application threads were stopped: 0.0004995 seconds, Stopping threads took: 0.0003208 seconds
[2022-06-13T03:26:00.701+0000][1][safepoint    ] Application time: 0.0004496 seconds
[2022-06-13T03:26:00.701+0000][1][safepoint    ] Entering safepoint region: RevokeBias
[2022-06-13T03:26:00.701+0000][1][safepoint    ] Leaving safepoint region
[2022-06-13T03:26:00.701+0000][1][safepoint    ] Total time for which application threads were stopped: 0.0003811 seconds, Stopping threads took: 0.0001642 seconds
[2022-06-13T03:26:00.702+0000][1][safepoint    ] Application time: 0.0004139 seconds
[2022-06-13T03:26:00.702+0000][1][safepoint    ] Entering safepoint region: RevokeBias
[2022-06-13T03:26:00.703+0000][1][safepoint    ] Leaving safepoint region
[2022-06-13T03:26:00.703+0000][1][safepoint    ] Total time for which application threads were stopped: 0.0006987 seconds, Stopping threads took: 0.0003076 seconds
[2022-06-13T03:26:00.703+0000][1][safepoint    ] Application time: 0.0003727 seconds
[2022-06-13T03:26:00.704+0000][1][safepoint    ] Entering safepoint region: RevokeBias
[2022-06-13T03:26:00.704+0000][1][safepoint    ] Leaving safepoint region
[2022-06-13T03:26:00.704+0000][1][safepoint    ] Total time for which application threads were stopped: 0.0002836 seconds, Stopping threads took: 0.0001289 seconds
[2022-06-13T03:26:00.704+0000][1][safepoint    ] Application time: 0.0002303 seconds
[2022-06-13T03:26:00.704+0000][1][safepoint    ] Entering safepoint region: RevokeBias
[2022-06-13T03:26:00.704+0000][1][safepoint    ] Leaving safepoint region
[2022-06-13T03:26:00.705+0000][1][safepoint    ] Total time for which application threads were stopped: 0.0002539 seconds, Stopping threads took: 0.0001033 seconds
[2022-06-13T03:26:00.706+0000][1][safepoint    ] Application time: 0.0013417 seconds
[2022-06-13T03:26:00.706+0000][1][safepoint    ] Entering safepoint region: RevokeBias
[2022-06-13T03:26:00.707+0000][1][safepoint    ] Leaving safepoint region
[2022-06-13T03:26:00.707+0000][1][safepoint    ] Total time for which application threads were stopped: 0.0004052 seconds, Stopping threads took: 0.0002520 seconds
[2022-06-13T03:26:00.711+0000][1][safepoint    ] Application time: 0.0046175 seconds
[2022-06-13T03:26:00.712+0000][1][safepoint    ] Entering safepoint region: RevokeBias
[2022-06-13T03:26:00.712+0000][1][safepoint    ] Leaving safepoint region
[2022-06-13T03:26:00.712+0000][1][safepoint    ] Total time for which application threads were stopped: 0.0006014 seconds, Stopping threads took: 0.0003154 seconds
[2022-06-13T03:26:00.759+0000][1][safepoint    ] Application time: 0.0469795 seconds
[2022-06-13T03:26:00.759+0000][1][safepoint    ] Entering safepoint region: RevokeBias
[2022-06-13T03:26:00.760+0000][1][safepoint    ] Leaving safepoint region
[2022-06-13T03:26:00.760+0000][1][safepoint    ] Total time for which application threads were stopped: 0.0003824 seconds, Stopping threads took: 0.0001519 seconds
[2022-06-13T03:26:00.763+0000][1][safepoint    ] Application time: 0.0032487 seconds
[2022-06-13T03:26:00.763+0000][1][safepoint    ] Entering safepoint region: RevokeBias
[2022-06-13T03:26:00.764+0000][1][safepoint    ] Leaving safepoint region
[2022-06-13T03:26:00.764+0000][1][safepoint    ] Total time for which application threads were stopped: 0.0003492 seconds, Stopping threads took: 0.0001605 seconds
[2022-06-13T03:26:00.764+0000][1][safepoint    ] Application time: 0.0000651 seconds
[2022-06-13T03:26:00.764+0000][1][safepoint    ] Entering safepoint region: RevokeBias
[2022-06-13T03:26:00.764+0000][1][safepoint    ] Leaving safepoint region
[2022-06-13T03:26:00.764+0000][1][safepoint    ] Total time for which application threads were stopped: 0.0004972 seconds, Stopping threads took: 0.0001517 seconds
[2022-06-13T03:26:00.766+0000][1][safepoint    ] Application time: 0.0018050 seconds
[2022-06-13T03:26:00.767+0000][1][safepoint    ] Entering safepoint region: RevokeBias
[2022-06-13T03:26:00.767+0000][1][safepoint    ] Leaving safepoint region
[2022-06-13T03:26:00.767+0000][1][safepoint    ] Total time for which application threads were stopped: 0.0003941 seconds, Stopping threads took: 0.0001713 seconds
[2022-06-13T03:26:00.767+0000][1][safepoint    ] Application time: 0.0001552 seconds
[2022-06-13T03:26:00.767+0000][1][safepoint    ] Entering safepoint region: RevokeBias
[2022-06-13T03:26:00.768+0000][1][safepoint    ] Leaving safepoint region
[2022-06-13T03:26:00.768+0000][1][safepoint    ] Total time for which application threads were stopped: 0.0002903 seconds, Stopping threads took: 0.0001276 seconds
[2022-06-13T03:26:00.768+0000][1][safepoint    ] Application time: 0.0000881 seconds
[2022-06-13T03:26:00.768+0000][1][safepoint    ] Entering safepoint region: RevokeBias
[2022-06-13T03:26:00.768+0000][1][safepoint    ] Leaving safepoint region
[2022-06-13T03:26:00.768+0000][1][safepoint    ] Total time for which application threads were stopped: 0.0002800 seconds, Stopping threads took: 0.0001245 seconds
[2022-06-13T03:26:00.769+0000][1][safepoint    ] Application time: 0.0000754 seconds
[2022-06-13T03:26:00.769+0000][1][safepoint    ] Entering safepoint region: RevokeBias
[2022-06-13T03:26:00.769+0000][1][safepoint    ] Leaving safepoint region
[2022-06-13T03:26:00.769+0000][1][safepoint    ] Total time for which application threads were stopped: 0.0003763 seconds, Stopping threads took: 0.0001711 seconds
[2022-06-13T03:26:00.769+0000][1][safepoint    ] Application time: 0.0000853 seconds
[2022-06-13T03:26:00.770+0000][1][safepoint    ] Entering safepoint region: RevokeBias
[2022-06-13T03:26:00.770+0000][1][safepoint    ] Leaving safepoint region
[2022-06-13T03:26:00.770+0000][1][safepoint    ] Total time for which application threads were stopped: 0.0005367 seconds, Stopping threads took: 0.0001746 seconds
[2022-06-13T03:26:00.770+0000][1][safepoint    ] Application time: 0.0000576 seconds
[2022-06-13T03:26:00.770+0000][1][safepoint    ] Entering safepoint region: RevokeBias
[2022-06-13T03:26:00.771+0000][1][safepoint    ] Leaving safepoint region
[2022-06-13T03:26:00.771+0000][1][safepoint    ] Total time for which application threads were stopped: 0.0002876 seconds, Stopping threads took: 0.0001400 seconds
[2022-06-13T03:26:00.771+0000][1][safepoint    ] Application time: 0.0000665 seconds
[2022-06-13T03:26:00.771+0000][1][safepoint    ] Entering safepoint region: RevokeBias
[2022-06-13T03:26:00.771+0000][1][safepoint    ] Leaving safepoint region
[2022-06-13T03:26:00.771+0000][1][safepoint    ] Total time for which application threads were stopped: 0.0002256 seconds, Stopping threads took: 0.0000935 seconds
[2022-06-13T03:26:00.771+0000][1][safepoint    ] Application time: 0.0000536 seconds
[2022-06-13T03:26:00.771+0000][1][safepoint    ] Entering safepoint region: RevokeBias
[2022-06-13T03:26:00.772+0000][1][safepoint    ] Leaving safepoint region
[2022-06-13T03:26:00.772+0000][1][safepoint    ] Total time for which application threads were stopped: 0.0003550 seconds, Stopping threads took: 0.0001239 seconds
[2022-06-13T03:26:00.802+0000][1][safepoint    ] Application time: 0.0302163 seconds
[2022-06-13T03:26:00.802+0000][1][safepoint    ] Entering safepoint region: RevokeBias
[2022-06-13T03:26:00.803+0000][1][safepoint    ] Leaving safepoint region
[2022-06-13T03:26:00.803+0000][1][safepoint    ] Total time for which application threads were stopped: 0.0004505 seconds, Stopping threads took: 0.0002146 seconds
[2022-06-13T03:26:00.812+0000][1][safepoint    ] Application time: 0.0093489 seconds
[2022-06-13T03:26:00.813+0000][1][safepoint    ] Entering safepoint region: RevokeBias
[2022-06-13T03:26:00.813+0000][1][safepoint    ] Leaving safepoint region
[2022-06-13T03:26:00.814+0000][1][safepoint    ] Total time for which application threads were stopped: 0.0008874 seconds, Stopping threads took: 0.0003539 seconds
[2022-06-13T03:26:00.818+0000][1][safepoint    ] Application time: 0.0036936 seconds
[2022-06-13T03:26:00.818+0000][1][safepoint    ] Entering safepoint region: RevokeBias
[2022-06-13T03:26:00.818+0000][1][safepoint    ] Leaving safepoint region
[2022-06-13T03:26:00.818+0000][1][safepoint    ] Total time for which application threads were stopped: 0.0006683 seconds, Stopping threads took: 0.0003752 seconds
[2022-06-13T03:26:00.819+0000][1][safepoint    ] Application time: 0.0003348 seconds
[2022-06-13T03:26:00.820+0000][1][safepoint    ] Entering safepoint region: RevokeBias
[2022-06-13T03:26:00.820+0000][1][safepoint    ] Leaving safepoint region
[2022-06-13T03:26:00.820+0000][1][safepoint    ] Total time for which application threads were stopped: 0.0008392 seconds, Stopping threads took: 0.0004401 seconds
[2022-06-13T03:26:00.821+0000][1][safepoint    ] Application time: 0.0004621 seconds
[2022-06-13T03:26:00.822+0000][1][safepoint    ] Entering safepoint region: BulkRevokeBias
[2022-06-13T03:26:00.822+0000][1][safepoint    ] Leaving safepoint region
[2022-06-13T03:26:00.823+0000][1][safepoint    ] Total time for which application threads were stopped: 0.0009042 seconds, Stopping threads took: 0.0003094 seconds
[2022-06-13T03:26:00.861+0000][1][safepoint    ] Application time: 0.0382288 seconds
[2022-06-13T03:26:00.861+0000][1][safepoint    ] Entering safepoint region: RevokeBias
[2022-06-13T03:26:00.862+0000][1][safepoint    ] Leaving safepoint region
[2022-06-13T03:26:00.862+0000][1][safepoint    ] Total time for which application threads were stopped: 0.0006517 seconds, Stopping threads took: 0.0002773 seconds
[2022-06-13T03:26:00.883+0000][1][safepoint    ] Application time: 0.0202000 seconds
[2022-06-13T03:26:00.883+0000][1][safepoint    ] Entering safepoint region: RevokeBias
[2022-06-13T03:26:00.883+0000][1][safepoint    ] Leaving safepoint region
[2022-06-13T03:26:00.883+0000][1][safepoint    ] Total time for which application threads were stopped: 0.0004216 seconds, Stopping threads took: 0.0001845 seconds
[2022-06-13T03:26:00.884+0000][1][safepoint    ] Application time: 0.0000961 seconds
[2022-06-13T03:26:00.884+0000][1][safepoint    ] Entering safepoint region: RevokeBias
[2022-06-13T03:26:00.884+0000][1][safepoint    ] Leaving safepoint region
[2022-06-13T03:26:00.884+0000][1][safepoint    ] Total time for which application threads were stopped: 0.0003455 seconds, Stopping threads took: 0.0001735 seconds
[2022-06-13T03:26:00.885+0000][1][safepoint    ] Application time: 0.0006442 seconds
[2022-06-13T03:26:00.885+0000][1][safepoint    ] Entering safepoint region: RevokeBias
[2022-06-13T03:26:00.885+0000][1][safepoint    ] Leaving safepoint region
[2022-06-13T03:26:00.885+0000][1][safepoint    ] Total time for which application threads were stopped: 0.0002418 seconds, Stopping threads took: 0.0001232 seconds
[2022-06-13T03:26:00.885+0000][1][safepoint    ] Application time: 0.0001426 seconds
[2022-06-13T03:26:00.885+0000][1][safepoint    ] Entering safepoint region: RevokeBias
[2022-06-13T03:26:00.886+0000][1][safepoint    ] Leaving safepoint region
[2022-06-13T03:26:00.886+0000][1][safepoint    ] Total time for which application threads were stopped: 0.0002056 seconds, Stopping threads took: 0.0000884 seconds
[2022-06-13T03:26:00.886+0000][1][safepoint    ] Application time: 0.0000780 seconds
[2022-06-13T03:26:00.886+0000][1][safepoint    ] Entering safepoint region: RevokeBias
[2022-06-13T03:26:00.886+0000][1][safepoint    ] Leaving safepoint region
[2022-06-13T03:26:00.886+0000][1][safepoint    ] Total time for which application threads were stopped: 0.0001935 seconds, Stopping threads took: 0.0000878 seconds
[2022-06-13T03:26:00.894+0000][1][safepoint    ] Application time: 0.0077068 seconds
[2022-06-13T03:26:00.894+0000][1][safepoint    ] Entering safepoint region: RevokeBias
[2022-06-13T03:26:00.894+0000][1][safepoint    ] Leaving safepoint region
[2022-06-13T03:26:00.895+0000][1][safepoint    ] Total time for which application threads were stopped: 0.0005238 seconds, Stopping threads took: 0.0003086 seconds
[2022-06-13T03:26:00.899+0000][1][safepoint    ] Application time: 0.0046415 seconds
[2022-06-13T03:26:00.900+0000][1][safepoint    ] Entering safepoint region: RevokeBias
[2022-06-13T03:26:00.900+0000][1][safepoint    ] Leaving safepoint region
[2022-06-13T03:26:00.900+0000][1][safepoint    ] Total time for which application threads were stopped: 0.0006077 seconds, Stopping threads took: 0.0001934 seconds
[2022-06-13T03:26:00.901+0000][1][safepoint    ] Application time: 0.0004151 seconds
[2022-06-13T03:26:00.901+0000][1][safepoint    ] Entering safepoint region: RevokeBias
[2022-06-13T03:26:00.902+0000][1][safepoint    ] Leaving safepoint region
[2022-06-13T03:26:00.902+0000][1][safepoint    ] Total time for which application threads were stopped: 0.0007675 seconds, Stopping threads took: 0.0004406 seconds
[2022-06-13T03:26:00.903+0000][1][safepoint    ] Application time: 0.0007180 seconds
[2022-06-13T03:26:00.903+0000][1][safepoint    ] Entering safepoint region: RevokeBias
[2022-06-13T03:26:00.904+0000][1][safepoint    ] Leaving safepoint region
[2022-06-13T03:26:00.904+0000][1][safepoint    ] Total time for which application threads were stopped: 0.0005317 seconds, Stopping threads took: 0.0001958 seconds
[2022-06-13T03:26:00.909+0000][1][safepoint    ] Application time: 0.0046753 seconds
[2022-06-13T03:26:00.909+0000][1][safepoint    ] Entering safepoint region: RevokeBias
[2022-06-13T03:26:00.910+0000][1][safepoint    ] Leaving safepoint region
[2022-06-13T03:26:00.910+0000][1][safepoint    ] Total time for which application threads were stopped: 0.0007990 seconds, Stopping threads took: 0.0005341 seconds
[2022-06-13T03:26:00.935+0000][1][safepoint    ] Application time: 0.0250246 seconds
[2022-06-13T03:26:00.935+0000][1][safepoint    ] Entering safepoint region: RevokeBias
[2022-06-13T03:26:00.936+0000][1][safepoint    ] Leaving safepoint region
[2022-06-13T03:26:00.936+0000][1][safepoint    ] Total time for which application threads were stopped: 0.0004706 seconds, Stopping threads took: 0.0002247 seconds
[2022-06-13T03:26:00.937+0000][1][safepoint    ] Application time: 0.0008452 seconds
[2022-06-13T03:26:00.937+0000][1][safepoint    ] Entering safepoint region: RevokeBias
[2022-06-13T03:26:00.937+0000][1][safepoint    ] Leaving safepoint region
[2022-06-13T03:26:00.937+0000][1][safepoint    ] Total time for which application threads were stopped: 0.0003273 seconds, Stopping threads took: 0.0001408 seconds
[2022-06-13T03:26:00.938+0000][1][safepoint    ] Application time: 0.0002638 seconds
[2022-06-13T03:26:00.938+0000][1][safepoint    ] Entering safepoint region: RevokeBias
[2022-06-13T03:26:00.939+0000][1][safepoint    ] Leaving safepoint region
[2022-06-13T03:26:00.939+0000][1][safepoint    ] Total time for which application threads were stopped: 0.0008622 seconds, Stopping threads took: 0.0002558 seconds
[2022-06-13T03:26:00.939+0000][1][safepoint    ] Application time: 0.0001821 seconds
[2022-06-13T03:26:00.939+0000][1][safepoint    ] Entering safepoint region: RevokeBias
[2022-06-13T03:26:00.940+0000][1][safepoint    ] Leaving safepoint region
[2022-06-13T03:26:00.940+0000][1][safepoint    ] Total time for which application threads were stopped: 0.0006369 seconds, Stopping threads took: 0.0003057 seconds
[2022-06-13T03:26:00.941+0000][1][safepoint    ] Application time: 0.0002977 seconds
[2022-06-13T03:26:00.941+0000][1][safepoint    ] Entering safepoint region: RevokeBias
[2022-06-13T03:26:00.941+0000][1][safepoint    ] Leaving safepoint region
[2022-06-13T03:26:00.941+0000][1][safepoint    ] Total time for which application threads were stopped: 0.0004810 seconds, Stopping threads took: 0.0002610 seconds
[2022-06-13T03:26:00.943+0000][1][safepoint    ] Application time: 0.0014780 seconds
[2022-06-13T03:26:00.943+0000][1][safepoint    ] Entering safepoint region: RevokeBias
[2022-06-13T03:26:00.944+0000][1][safepoint    ] Leaving safepoint region
[2022-06-13T03:26:00.944+0000][1][safepoint    ] Total time for which application threads were stopped: 0.0006177 seconds, Stopping threads took: 0.0002811 seconds
[2022-06-13T03:26:00.944+0000][1][safepoint    ] Application time: 0.0003449 seconds
[2022-06-13T03:26:00.945+0000][1][safepoint    ] Entering safepoint region: RevokeBias
[2022-06-13T03:26:00.945+0000][1][safepoint    ] Leaving safepoint region
[2022-06-13T03:26:00.945+0000][1][safepoint    ] Total time for which application threads were stopped: 0.0005304 seconds, Stopping threads took: 0.0001732 seconds
[2022-06-13T03:26:00.945+0000][1][safepoint    ] Application time: 0.0000416 seconds
[2022-06-13T03:26:00.946+0000][1][safepoint    ] Entering safepoint region: RevokeBias
[2022-06-13T03:26:00.946+0000][1][safepoint    ] Leaving safepoint region
[2022-06-13T03:26:00.946+0000][1][safepoint    ] Total time for which application threads were stopped: 0.0003926 seconds, Stopping threads took: 0.0001733 seconds
[2022-06-13T03:26:00.947+0000][1][safepoint    ] Application time: 0.0004268 seconds
[2022-06-13T03:26:00.947+0000][1][safepoint    ] Entering safepoint region: BulkRevokeBias
[2022-06-13T03:26:00.948+0000][1][safepoint    ] Leaving safepoint region
[2022-06-13T03:26:00.948+0000][1][safepoint    ] Total time for which application threads were stopped: 0.0011633 seconds, Stopping threads took: 0.0002986 seconds
[2022-06-13T03:26:00.949+0000][1][safepoint    ] Application time: 0.0001552 seconds
[2022-06-13T03:26:00.949+0000][1][safepoint    ] Entering safepoint region: RevokeBias
[2022-06-13T03:26:00.949+0000][1][safepoint    ] Leaving safepoint region
[2022-06-13T03:26:00.950+0000][1][safepoint    ] Total time for which application threads were stopped: 0.0008666 seconds, Stopping threads took: 0.0003378 seconds
[2022-06-13T03:26:00.950+0000][1][safepoint    ] Application time: 0.0003672 seconds
[2022-06-13T03:26:00.951+0000][1][safepoint    ] Entering safepoint region: RevokeBias
[2022-06-13T03:26:00.951+0000][1][safepoint    ] Leaving safepoint region
[2022-06-13T03:26:00.951+0000][1][safepoint    ] Total time for which application threads were stopped: 0.0007664 seconds, Stopping threads took: 0.0001955 seconds
[2022-06-13T03:26:00.952+0000][1][safepoint    ] Application time: 0.0002966 seconds
[2022-06-13T03:26:00.952+0000][1][safepoint    ] Entering safepoint region: RevokeBias
[2022-06-13T03:26:00.952+0000][1][safepoint    ] Leaving safepoint region
[2022-06-13T03:26:00.953+0000][1][safepoint    ] Total time for which application threads were stopped: 0.0006040 seconds, Stopping threads took: 0.0003427 seconds
[2022-06-13T03:26:00.953+0000][1][safepoint    ] Application time: 0.0002483 seconds
[2022-06-13T03:26:00.953+0000][1][safepoint    ] Entering safepoint region: BulkRevokeBias
[2022-06-13T03:26:00.954+0000][1][safepoint    ] Leaving safepoint region
[2022-06-13T03:26:00.954+0000][1][safepoint    ] Total time for which application threads were stopped: 0.0007278 seconds, Stopping threads took: 0.0001634 seconds
[2022-06-13T03:26:00.955+0000][1][safepoint    ] Application time: 0.0006262 seconds
[2022-06-13T03:26:00.955+0000][1][safepoint    ] Entering safepoint region: RevokeBias
[2022-06-13T03:26:00.955+0000][1][safepoint    ] Leaving safepoint region
[2022-06-13T03:26:00.956+0000][1][safepoint    ] Total time for which application threads were stopped: 0.0006459 seconds, Stopping threads took: 0.0003492 seconds
[2022-06-13T03:26:00.960+0000][1][safepoint    ] Application time: 0.0044079 seconds
[2022-06-13T03:26:00.961+0000][1][safepoint    ] Entering safepoint region: RevokeBias
[2022-06-13T03:26:00.961+0000][1][safepoint    ] Leaving safepoint region
[2022-06-13T03:26:00.961+0000][1][safepoint    ] Total time for which application threads were stopped: 0.0007111 seconds, Stopping threads took: 0.0002179 seconds
[2022-06-13T03:26:01.010+0000][1][safepoint    ] Application time: 0.0480687 seconds
[2022-06-13T03:26:01.010+0000][1][safepoint    ] Entering safepoint region: RevokeBias
[2022-06-13T03:26:01.011+0000][1][safepoint    ] Leaving safepoint region
[2022-06-13T03:26:01.011+0000][1][safepoint    ] Total time for which application threads were stopped: 0.0005150 seconds, Stopping threads took: 0.0002735 seconds
[2022-06-13T03:26:01.011+0000][1][safepoint    ] Application time: 0.0001218 seconds
[2022-06-13T03:26:01.011+0000][1][safepoint    ] Entering safepoint region: RevokeBias
[2022-06-13T03:26:01.012+0000][1][safepoint    ] Leaving safepoint region
[2022-06-13T03:26:01.012+0000][1][safepoint    ] Total time for which application threads were stopped: 0.0006171 seconds, Stopping threads took: 0.0003975 seconds
[2022-06-13T03:26:01.035+0000][1][safepoint    ] Application time: 0.0227974 seconds
[2022-06-13T03:26:01.035+0000][1][safepoint    ] Entering safepoint region: RevokeBias
[2022-06-13T03:26:01.035+0000][1][safepoint    ] Leaving safepoint region
[2022-06-13T03:26:01.035+0000][1][safepoint    ] Total time for which application threads were stopped: 0.0004464 seconds, Stopping threads took: 0.0001868 seconds
[2022-06-13T03:26:01.042+0000][1][safepoint    ] Application time: 0.0067528 seconds
[2022-06-13T03:26:01.042+0000][1][safepoint    ] Entering safepoint region: RevokeBias
[2022-06-13T03:26:01.043+0000][1][safepoint    ] Leaving safepoint region
[2022-06-13T03:26:01.043+0000][1][safepoint    ] Total time for which application threads were stopped: 0.0002725 seconds, Stopping threads took: 0.0001081 seconds
[2022-06-13T03:26:01.043+0000][1][safepoint    ] Application time: 0.0003269 seconds
[2022-06-13T03:26:01.043+0000][1][safepoint    ] Entering safepoint region: RevokeBias
[2022-06-13T03:26:01.043+0000][1][safepoint    ] Leaving safepoint region
[2022-06-13T03:26:01.044+0000][1][safepoint    ] Total time for which application threads were stopped: 0.0002880 seconds, Stopping threads took: 0.0001249 seconds
[2022-06-13T03:26:01.044+0000][1][safepoint    ] Application time: 0.0000995 seconds
[2022-06-13T03:26:01.044+0000][1][safepoint    ] Entering safepoint region: RevokeBias
[2022-06-13T03:26:01.044+0000][1][safepoint    ] Leaving safepoint region
[2022-06-13T03:26:01.044+0000][1][safepoint    ] Total time for which application threads were stopped: 0.0002098 seconds, Stopping threads took: 0.0000897 seconds
[2022-06-13T03:26:01.044+0000][1][safepoint    ] Application time: 0.0002057 seconds
[2022-06-13T03:26:01.045+0000][1][safepoint    ] Entering safepoint region: RevokeBias
[2022-06-13T03:26:01.045+0000][1][safepoint    ] Leaving safepoint region
[2022-06-13T03:26:01.045+0000][1][safepoint    ] Total time for which application threads were stopped: 0.0002908 seconds, Stopping threads took: 0.0001560 seconds
[2022-06-13T03:26:01.046+0000][1][safepoint    ] Application time: 0.0011063 seconds
[2022-06-13T03:26:01.046+0000][1][safepoint    ] Entering safepoint region: RevokeBias
[2022-06-13T03:26:01.046+0000][1][safepoint    ] Leaving safepoint region
[2022-06-13T03:26:01.046+0000][1][safepoint    ] Total time for which application threads were stopped: 0.0003016 seconds, Stopping threads took: 0.0001117 seconds
[2022-06-13T03:26:01.047+0000][1][safepoint    ] Application time: 0.0002758 seconds
[2022-06-13T03:26:01.047+0000][1][safepoint    ] Entering safepoint region: RevokeBias
[2022-06-13T03:26:01.047+0000][1][safepoint    ] Leaving safepoint region
[2022-06-13T03:26:01.047+0000][1][safepoint    ] Total time for which application threads were stopped: 0.0002163 seconds, Stopping threads took: 0.0000952 seconds
[2022-06-13T03:26:01.052+0000][1][safepoint    ] Application time: 0.0044212 seconds
[2022-06-13T03:26:01.052+0000][1][safepoint    ] Entering safepoint region: RevokeBias
[2022-06-13T03:26:01.052+0000][1][safepoint    ] Leaving safepoint region
[2022-06-13T03:26:01.052+0000][1][safepoint    ] Total time for which application threads were stopped: 0.0003423 seconds, Stopping threads took: 0.0001269 seconds
[2022-06-13T03:26:01.052+0000][1][safepoint    ] Application time: 0.0000845 seconds
[2022-06-13T03:26:01.052+0000][1][safepoint    ] Entering safepoint region: RevokeBias
[2022-06-13T03:26:01.053+0000][1][safepoint    ] Leaving safepoint region
[2022-06-13T03:26:01.053+0000][1][safepoint    ] Total time for which application threads were stopped: 0.0002993 seconds, Stopping threads took: 0.0001188 seconds
[2022-06-13T03:26:01.087+0000][1][safepoint    ] Application time: 0.0345857 seconds
[2022-06-13T03:26:01.088+0000][1][safepoint    ] Entering safepoint region: Deoptimize
[2022-06-13T03:26:01.088+0000][1][safepoint    ] Leaving safepoint region
[2022-06-13T03:26:01.089+0000][1][safepoint    ] Total time for which application threads were stopped: 0.0008622 seconds, Stopping threads took: 0.0001132 seconds
[2022-06-13T03:26:01.122+0000][1][safepoint    ] Application time: 0.0337011 seconds
[2022-06-13T03:26:01.123+0000][1][safepoint    ] Entering safepoint region: RevokeBias
[2022-06-13T03:26:01.123+0000][1][safepoint    ] Leaving safepoint region
[2022-06-13T03:26:01.123+0000][1][safepoint    ] Total time for which application threads were stopped: 0.0003521 seconds, Stopping threads took: 0.0001369 seconds
[2022-06-13T03:26:01.123+0000][1][safepoint    ] Application time: 0.0000814 seconds
[2022-06-13T03:26:01.123+0000][1][safepoint    ] Entering safepoint region: RevokeBias
[2022-06-13T03:26:01.123+0000][1][safepoint    ] Leaving safepoint region
[2022-06-13T03:26:01.123+0000][1][safepoint    ] Total time for which application threads were stopped: 0.0003159 seconds, Stopping threads took: 0.0001091 seconds
[2022-06-13T03:26:01.132+0000][1][safepoint    ] Application time: 0.0081293 seconds
[2022-06-13T03:26:01.132+0000][1][safepoint    ] Entering safepoint region: RevokeBias
[2022-06-13T03:26:01.132+0000][1][safepoint    ] Leaving safepoint region
[2022-06-13T03:26:01.132+0000][1][safepoint    ] Total time for which application threads were stopped: 0.0004157 seconds, Stopping threads took: 0.0002031 seconds
[2022-06-13T03:26:01.133+0000][1][safepoint    ] Application time: 0.0000940 seconds
[2022-06-13T03:26:01.133+0000][1][safepoint    ] Entering safepoint region: BulkRevokeBias
[2022-06-13T03:26:01.133+0000][1][safepoint    ] Leaving safepoint region
[2022-06-13T03:26:01.133+0000][1][safepoint    ] Total time for which application threads were stopped: 0.0005156 seconds, Stopping threads took: 0.0001274 seconds
[2022-06-13T03:26:01.133+0000][1][safepoint    ] Application time: 0.0000895 seconds
[2022-06-13T03:26:01.133+0000][1][safepoint    ] Entering safepoint region: RevokeBias
[2022-06-13T03:26:01.134+0000][1][safepoint    ] Leaving safepoint region
[2022-06-13T03:26:01.134+0000][1][safepoint    ] Total time for which application threads were stopped: 0.0003084 seconds, Stopping threads took: 0.0001457 seconds
[2022-06-13T03:26:01.134+0000][1][safepoint    ] Application time: 0.0003046 seconds
[2022-06-13T03:26:01.134+0000][1][safepoint    ] Entering safepoint region: RevokeBias
[2022-06-13T03:26:01.134+0000][1][safepoint    ] Leaving safepoint region
[2022-06-13T03:26:01.135+0000][1][safepoint    ] Total time for which application threads were stopped: 0.0002718 seconds, Stopping threads took: 0.0001129 seconds
[2022-06-13T03:26:01.246+0000][1][safepoint    ] Application time: 0.1108997 seconds
[2022-06-13T03:26:01.246+0000][1][safepoint    ] Entering safepoint region: RevokeBias
[2022-06-13T03:26:01.246+0000][1][safepoint    ] Leaving safepoint region
[2022-06-13T03:26:01.247+0000][1][safepoint    ] Total time for which application threads were stopped: 0.0007317 seconds, Stopping threads took: 0.0004566 seconds
[2022-06-13T03:26:01.290+0000][1][safepoint    ] Application time: 0.0430681 seconds
[2022-06-13T03:26:01.290+0000][1][safepoint    ] Entering safepoint region: RevokeBias
[2022-06-13T03:26:01.290+0000][1][safepoint    ] Leaving safepoint region
[2022-06-13T03:26:01.291+0000][1][safepoint    ] Total time for which application threads were stopped: 0.0004012 seconds, Stopping threads took: 0.0001790 seconds
[2022-06-13T03:26:01.291+0000][1][safepoint    ] Application time: 0.0001366 seconds
[2022-06-13T03:26:01.291+0000][1][safepoint    ] Entering safepoint region: BulkRevokeBias
[2022-06-13T03:26:01.291+0000][1][safepoint    ] Leaving safepoint region
[2022-06-13T03:26:01.292+0000][1][safepoint    ] Total time for which application threads were stopped: 0.0005823 seconds, Stopping threads took: 0.0001303 seconds
[2022-06-13T03:26:01.292+0000][1][safepoint    ] Application time: 0.0002599 seconds
[2022-06-13T03:26:01.292+0000][1][safepoint    ] Entering safepoint region: RevokeBias
[2022-06-13T03:26:01.292+0000][1][safepoint    ] Leaving safepoint region
[2022-06-13T03:26:01.292+0000][1][safepoint    ] Total time for which application threads were stopped: 0.0002463 seconds, Stopping threads took: 0.0001083 seconds
[2022-06-13T03:26:01.308+0000][1][safepoint    ] Application time: 0.0152135 seconds
[2022-06-13T03:26:01.308+0000][1][safepoint    ] Entering safepoint region: RevokeBias
[2022-06-13T03:26:01.308+0000][1][safepoint    ] Leaving safepoint region
[2022-06-13T03:26:01.308+0000][1][safepoint    ] Total time for which application threads were stopped: 0.0003452 seconds, Stopping threads took: 0.0001460 seconds
[2022-06-13T03:26:01.316+0000][1][safepoint    ] Application time: 0.0081238 seconds
[2022-06-13T03:26:01.317+0000][1][safepoint    ] Entering safepoint region: RevokeBias
[2022-06-13T03:26:01.317+0000][1][safepoint    ] Leaving safepoint region
[2022-06-13T03:26:01.317+0000][1][safepoint    ] Total time for which application threads were stopped: 0.0004034 seconds, Stopping threads took: 0.0001640 seconds
[2022-06-13T03:26:01.318+0000][1][safepoint    ] Application time: 0.0008273 seconds
[2022-06-13T03:26:01.318+0000][1][safepoint    ] Entering safepoint region: RevokeBias
[2022-06-13T03:26:01.318+0000][1][safepoint    ] Leaving safepoint region
[2022-06-13T03:26:01.319+0000][1][safepoint    ] Total time for which application threads were stopped: 0.0003896 seconds, Stopping threads took: 0.0001642 seconds
[2022-06-13T03:26:01.346+0000][1][safepoint    ] Application time: 0.0275141 seconds
[2022-06-13T03:26:01.346+0000][1][safepoint    ] Entering safepoint region: RevokeBias
[2022-06-13T03:26:01.347+0000][1][safepoint    ] Leaving safepoint region
[2022-06-13T03:26:01.347+0000][1][safepoint    ] Total time for which application threads were stopped: 0.0004510 seconds, Stopping threads took: 0.0002126 seconds
[2022-06-13T03:26:01.347+0000][1][safepoint    ] Application time: 0.0001172 seconds
[2022-06-13T03:26:01.347+0000][1][safepoint    ] Entering safepoint region: RevokeBias
[2022-06-13T03:26:01.347+0000][1][safepoint    ] Leaving safepoint region
[2022-06-13T03:26:01.348+0000][1][safepoint    ] Total time for which application threads were stopped: 0.0003337 seconds, Stopping threads took: 0.0001450 seconds
[2022-06-13T03:26:01.348+0000][1][safepoint    ] Application time: 0.0001098 seconds
[2022-06-13T03:26:01.348+0000][1][safepoint    ] Entering safepoint region: RevokeBias
[2022-06-13T03:26:01.348+0000][1][safepoint    ] Leaving safepoint region
[2022-06-13T03:26:01.348+0000][1][safepoint    ] Total time for which application threads were stopped: 0.0002433 seconds, Stopping threads took: 0.0001077 seconds
[2022-06-13T03:26:01.348+0000][1][safepoint    ] Application time: 0.0000843 seconds
[2022-06-13T03:26:01.348+0000][1][safepoint    ] Entering safepoint region: RevokeBias
[2022-06-13T03:26:01.349+0000][1][safepoint    ] Leaving safepoint region
[2022-06-13T03:26:01.349+0000][1][safepoint    ] Total time for which application threads were stopped: 0.0002220 seconds, Stopping threads took: 0.0000965 seconds
[2022-06-13T03:26:01.349+0000][1][safepoint    ] Application time: 0.0000795 seconds
[2022-06-13T03:26:01.349+0000][1][safepoint    ] Entering safepoint region: RevokeBias
[2022-06-13T03:26:01.349+0000][1][safepoint    ] Leaving safepoint region
[2022-06-13T03:26:01.349+0000][1][safepoint    ] Total time for which application threads were stopped: 0.0002446 seconds, Stopping threads took: 0.0000924 seconds
[2022-06-13T03:26:01.349+0000][1][safepoint    ] Application time: 0.0000820 seconds
[2022-06-13T03:26:01.349+0000][1][safepoint    ] Entering safepoint region: RevokeBias
[2022-06-13T03:26:01.350+0000][1][safepoint    ] Leaving safepoint region
[2022-06-13T03:26:01.350+0000][1][safepoint    ] Total time for which application threads were stopped: 0.0002181 seconds, Stopping threads took: 0.0001019 seconds
[2022-06-13T03:26:01.350+0000][1][safepoint    ] Application time: 0.0000645 seconds
[2022-06-13T03:26:01.350+0000][1][safepoint    ] Entering safepoint region: RevokeBias
[2022-06-13T03:26:01.350+0000][1][safepoint    ] Leaving safepoint region
[2022-06-13T03:26:01.350+0000][1][safepoint    ] Total time for which application threads were stopped: 0.0002000 seconds, Stopping threads took: 0.0000909 seconds
[2022-06-13T03:26:01.350+0000][1][safepoint    ] Application time: 0.0000586 seconds
[2022-06-13T03:26:01.350+0000][1][safepoint    ] Entering safepoint region: RevokeBias
[2022-06-13T03:26:01.350+0000][1][safepoint    ] Leaving safepoint region
[2022-06-13T03:26:01.351+0000][1][safepoint    ] Total time for which application threads were stopped: 0.0002022 seconds, Stopping threads took: 0.0000929 seconds
[2022-06-13T03:26:01.570+0000][1][safepoint    ] Application time: 0.2189612 seconds
[2022-06-13T03:26:01.570+0000][1][safepoint    ] Entering safepoint region: RevokeBias
[2022-06-13T03:26:01.570+0000][1][safepoint    ] Leaving safepoint region
[2022-06-13T03:26:01.570+0000][1][safepoint    ] Total time for which application threads were stopped: 0.0004288 seconds, Stopping threads took: 0.0002134 seconds
[2022-06-13T03:26:01.571+0000][1][safepoint    ] Application time: 0.0001660 seconds
[2022-06-13T03:26:01.571+0000][1][safepoint    ] Entering safepoint region: RevokeBias
[2022-06-13T03:26:01.571+0000][1][safepoint    ] Leaving safepoint region
[2022-06-13T03:26:01.571+0000][1][safepoint    ] Total time for which application threads were stopped: 0.0003362 seconds, Stopping threads took: 0.0001253 seconds
[2022-06-13T03:26:01.572+0000][1][safepoint    ] Application time: 0.0005856 seconds
[2022-06-13T03:26:01.572+0000][1][safepoint    ] Entering safepoint region: RevokeBias
[2022-06-13T03:26:01.572+0000][1][safepoint    ] Leaving safepoint region
[2022-06-13T03:26:01.572+0000][1][safepoint    ] Total time for which application threads were stopped: 0.0004253 seconds, Stopping threads took: 0.0002370 seconds
[2022-06-13T03:26:02.573+0000][1][safepoint    ] Application time: 1.0002295 seconds
[2022-06-13T03:26:02.573+0000][1][safepoint    ] Entering safepoint region: Cleanup
[2022-06-13T03:26:02.574+0000][1][safepoint    ] Leaving safepoint region
[2022-06-13T03:26:02.574+0000][1][safepoint    ] Total time for which application threads were stopped: 0.0011534 seconds, Stopping threads took: 0.0005067 seconds
[2022-06-13T03:26:03.575+0000][1][safepoint    ] Application time: 1.0002195 seconds
[2022-06-13T03:26:03.576+0000][1][safepoint    ] Entering safepoint region: Cleanup
[2022-06-13T03:26:03.576+0000][1][safepoint    ] Leaving safepoint region
[2022-06-13T03:26:03.577+0000][1][safepoint    ] Total time for which application threads were stopped: 0.0011308 seconds, Stopping threads took: 0.0005558 seconds
[2022-06-13T03:26:04.577+0000][1][safepoint    ] Application time: 1.0001838 seconds
[2022-06-13T03:26:04.577+0000][1][safepoint    ] Entering safepoint region: Cleanup
[2022-06-13T03:26:04.578+0000][1][safepoint    ] Leaving safepoint region
[2022-06-13T03:26:04.578+0000][1][safepoint    ] Total time for which application threads were stopped: 0.0004012 seconds, Stopping threads took: 0.0001744 seconds
[2022-06-13T03:26:05.578+0000][1][safepoint    ] Application time: 1.0001683 seconds
[2022-06-13T03:26:05.579+0000][1][safepoint    ] Entering safepoint region: Cleanup
[2022-06-13T03:26:05.580+0000][1][safepoint    ] Leaving safepoint region
[2022-06-13T03:26:05.580+0000][1][safepoint    ] Total time for which application threads were stopped: 0.0014564 seconds, Stopping threads took: 0.0006815 seconds
[2022-06-13T03:26:06.581+0000][1][safepoint    ] Application time: 1.0002244 seconds
[2022-06-13T03:26:06.582+0000][1][safepoint    ] Entering safepoint region: Cleanup
[2022-06-13T03:26:06.582+0000][1][safepoint    ] Leaving safepoint region
[2022-06-13T03:26:06.582+0000][1][safepoint    ] Total time for which application threads were stopped: 0.0008195 seconds, Stopping threads took: 0.0002881 seconds
[2022-06-13T03:26:07.583+0000][1][safepoint    ] Application time: 1.0001382 seconds
[2022-06-13T03:26:07.583+0000][1][safepoint    ] Entering safepoint region: Cleanup
[2022-06-13T03:26:07.584+0000][1][safepoint    ] Leaving safepoint region
[2022-06-13T03:26:07.584+0000][1][safepoint    ] Total time for which application threads were stopped: 0.0009209 seconds, Stopping threads took: 0.0004108 seconds
[2022-06-13T03:26:08.585+0000][1][safepoint    ] Application time: 1.0003175 seconds
[2022-06-13T03:26:08.585+0000][1][safepoint    ] Entering safepoint region: Cleanup
[2022-06-13T03:26:08.585+0000][1][safepoint    ] Leaving safepoint region
[2022-06-13T03:26:08.586+0000][1][safepoint    ] Total time for which application threads were stopped: 0.0006074 seconds, Stopping threads took: 0.0003060 seconds
[2022-06-13T03:26:09.586+0000][1][safepoint    ] Application time: 1.0001929 seconds
[2022-06-13T03:26:09.586+0000][1][safepoint    ] Entering safepoint region: Cleanup
[2022-06-13T03:26:09.587+0000][1][safepoint    ] Leaving safepoint region
[2022-06-13T03:26:09.587+0000][1][safepoint    ] Total time for which application threads were stopped: 0.0006993 seconds, Stopping threads took: 0.0003152 seconds
[2022-06-13T03:26:10.588+0000][1][safepoint    ] Application time: 1.0002899 seconds
[2022-06-13T03:26:10.588+0000][1][safepoint    ] Entering safepoint region: Cleanup
[2022-06-13T03:26:10.588+0000][1][safepoint    ] Leaving safepoint region
[2022-06-13T03:26:10.589+0000][1][safepoint    ] Total time for which application threads were stopped: 0.0005936 seconds, Stopping threads took: 0.0002614 seconds
[2022-06-13T03:26:11.589+0000][1][safepoint    ] Application time: 1.0001220 seconds
[2022-06-13T03:26:11.589+0000][1][safepoint    ] Entering safepoint region: Cleanup
[2022-06-13T03:26:11.590+0000][1][safepoint    ] Leaving safepoint region
[2022-06-13T03:26:11.590+0000][1][safepoint    ] Total time for which application threads were stopped: 0.0005538 seconds, Stopping threads took: 0.0002858 seconds
[2022-06-13T03:26:12.590+0000][1][safepoint    ] Application time: 1.0001485 seconds
[2022-06-13T03:26:12.591+0000][1][safepoint    ] Entering safepoint region: Cleanup
[2022-06-13T03:26:12.591+0000][1][safepoint    ] Leaving safepoint region
[2022-06-13T03:26:12.591+0000][1][safepoint    ] Total time for which application threads were stopped: 0.0004491 seconds, Stopping threads took: 0.0002065 seconds
[2022-06-13T03:26:13.592+0000][1][safepoint    ] Application time: 1.0001708 seconds
[2022-06-13T03:26:13.592+0000][1][safepoint    ] Entering safepoint region: Cleanup
[2022-06-13T03:26:13.592+0000][1][safepoint    ] Leaving safepoint region
[2022-06-13T03:26:13.593+0000][1][safepoint    ] Total time for which application threads were stopped: 0.0005699 seconds, Stopping threads took: 0.0002618 seconds
[2022-06-13T03:26:14.593+0000][1][safepoint    ] Application time: 1.0001930 seconds
[2022-06-13T03:26:14.593+0000][1][safepoint    ] Entering safepoint region: Cleanup
[2022-06-13T03:26:14.594+0000][1][safepoint    ] Leaving safepoint region
[2022-06-13T03:26:14.594+0000][1][safepoint    ] Total time for which application threads were stopped: 0.0008544 seconds, Stopping threads took: 0.0003723 seconds
[2022-06-13T03:26:15.595+0000][1][safepoint    ] Application time: 1.0002214 seconds
[2022-06-13T03:26:15.595+0000][1][safepoint    ] Entering safepoint region: Cleanup
[2022-06-13T03:26:15.596+0000][1][safepoint    ] Leaving safepoint region
[2022-06-13T03:26:15.596+0000][1][safepoint    ] Total time for which application threads were stopped: 0.0009447 seconds, Stopping threads took: 0.0004563 seconds
[2022-06-13T03:26:15.853+0000][1][safepoint    ] Application time: 0.2566573 seconds
[2022-06-13T03:26:15.854+0000][1][safepoint    ] Entering safepoint region: GenCollectForAllocation
[2022-06-13T03:26:15.854+0000][1][gc,start     ] GC(22) Pause Young (Allocation Failure)
[2022-06-13T03:26:15.855+0000][1][gc,task      ] GC(22) Using 5 workers of 13 for evacuation
[2022-06-13T03:26:15.860+0000][1][gc,age       ] GC(22) Desired survivor size 4456448 bytes, new threshold 2 (max threshold 6)
[2022-06-13T03:26:15.860+0000][1][gc,age       ] GC(22) Age table with threshold 2 (max threshold 6)
[2022-06-13T03:26:15.861+0000][1][gc,age       ] GC(22) - age   1:    2311176 bytes,    2311176 total
[2022-06-13T03:26:15.861+0000][1][gc,age       ] GC(22) - age   2:    3969144 bytes,    6280320 total
[2022-06-13T03:26:15.861+0000][1][gc,heap      ] GC(22) ParNew: 76770K->8447K(78656K)
[2022-06-13T03:26:15.861+0000][1][gc,heap      ] GC(22) CMS: 62642K->64079K(174784K)
[2022-06-13T03:26:15.861+0000][1][gc,metaspace ] GC(22) Metaspace: 67093K->67093K(1110016K)
[2022-06-13T03:26:15.861+0000][1][gc           ] GC(22) Pause Young (Allocation Failure) 136M->70M(247M) 7.051ms
[2022-06-13T03:26:15.861+0000][1][gc,cpu       ] GC(22) User=0.03s Sys=0.00s Real=0.01s
[2022-06-13T03:26:15.862+0000][1][safepoint    ] Leaving safepoint region
[2022-06-13T03:26:15.862+0000][1][safepoint    ] Total time for which application threads were stopped: 0.0076824 seconds, Stopping threads took: 0.0002134 seconds
[2022-06-13T03:26:16.862+0000][1][safepoint    ] Application time: 1.0002777 seconds
[2022-06-13T03:26:16.862+0000][1][safepoint    ] Entering safepoint region: Cleanup
[2022-06-13T03:26:16.863+0000][1][safepoint    ] Leaving safepoint region
[2022-06-13T03:26:16.863+0000][1][safepoint    ] Total time for which application threads were stopped: 0.0009309 seconds, Stopping threads took: 0.0004372 seconds
[2022-06-13T03:26:17.864+0000][1][safepoint    ] Application time: 1.0002563 seconds
[2022-06-13T03:26:17.864+0000][1][safepoint    ] Entering safepoint region: Cleanup
[2022-06-13T03:26:17.865+0000][1][safepoint    ] Leaving safepoint region
[2022-06-13T03:26:17.865+0000][1][safepoint    ] Total time for which application threads were stopped: 0.0006185 seconds, Stopping threads took: 0.0002775 seconds
[2022-06-13T03:26:18.865+0000][1][safepoint    ] Application time: 1.0002179 seconds
[2022-06-13T03:26:18.866+0000][1][safepoint    ] Entering safepoint region: Cleanup
[2022-06-13T03:26:18.867+0000][1][safepoint    ] Leaving safepoint region
[2022-06-13T03:26:18.867+0000][1][safepoint    ] Total time for which application threads were stopped: 0.0012350 seconds, Stopping threads took: 0.0006520 seconds
[2022-06-13T03:26:19.868+0000][1][safepoint    ] Application time: 1.0002874 seconds
[2022-06-13T03:26:19.868+0000][1][safepoint    ] Entering safepoint region: Cleanup
[2022-06-13T03:26:19.869+0000][1][safepoint    ] Leaving safepoint region
[2022-06-13T03:26:19.869+0000][1][safepoint    ] Total time for which application threads were stopped: 0.0008843 seconds, Stopping threads took: 0.0002723 seconds
[2022-06-13T03:26:20.870+0000][1][safepoint    ] Application time: 1.0001478 seconds
[2022-06-13T03:26:20.870+0000][1][safepoint    ] Entering safepoint region: Cleanup
[2022-06-13T03:26:20.871+0000][1][safepoint    ] Leaving safepoint region
[2022-06-13T03:26:20.871+0000][1][safepoint    ] Total time for which application threads were stopped: 0.0005970 seconds, Stopping threads took: 0.0002889 seconds
[2022-06-13T03:26:21.871+0000][1][safepoint    ] Application time: 1.0002021 seconds
[2022-06-13T03:26:21.872+0000][1][safepoint    ] Entering safepoint region: Cleanup
[2022-06-13T03:26:21.873+0000][1][safepoint    ] Leaving safepoint region
[2022-06-13T03:26:21.873+0000][1][safepoint    ] Total time for which application threads were stopped: 0.0010200 seconds, Stopping threads took: 0.0004757 seconds
[2022-06-13T03:26:22.874+0000][1][safepoint    ] Application time: 1.0002262 seconds
[2022-06-13T03:26:22.874+0000][1][safepoint    ] Entering safepoint region: Cleanup
[2022-06-13T03:26:22.875+0000][1][safepoint    ] Leaving safepoint region
[2022-06-13T03:26:22.875+0000][1][safepoint    ] Total time for which application threads were stopped: 0.0009341 seconds, Stopping threads took: 0.0004432 seconds
[2022-06-13T03:26:23.876+0000][1][safepoint    ] Application time: 1.0003337 seconds
[2022-06-13T03:26:23.877+0000][1][safepoint    ] Entering safepoint region: Cleanup
[2022-06-13T03:26:23.877+0000][1][safepoint    ] Leaving safepoint region
[2022-06-13T03:26:23.878+0000][1][safepoint    ] Total time for which application threads were stopped: 0.0009807 seconds, Stopping threads took: 0.0004240 seconds
[2022-06-13T03:26:24.878+0000][1][safepoint    ] Application time: 1.0001681 seconds
[2022-06-13T03:26:24.879+0000][1][safepoint    ] Entering safepoint region: Cleanup
[2022-06-13T03:26:24.879+0000][1][safepoint    ] Leaving safepoint region
[2022-06-13T03:26:24.879+0000][1][safepoint    ] Total time for which application threads were stopped: 0.0005019 seconds, Stopping threads took: 0.0002352 seconds
[2022-06-13T03:26:25.880+0000][1][safepoint    ] Application time: 1.0002014 seconds
[2022-06-13T03:26:25.880+0000][1][safepoint    ] Entering safepoint region: Cleanup
[2022-06-13T03:26:25.881+0000][1][safepoint    ] Leaving safepoint region
[2022-06-13T03:26:25.881+0000][1][safepoint    ] Total time for which application threads were stopped: 0.0007316 seconds, Stopping threads took: 0.0003524 seconds
[2022-06-13T03:26:26.881+0000][1][safepoint    ] Application time: 1.0002189 seconds
[2022-06-13T03:26:26.882+0000][1][safepoint    ] Entering safepoint region: Cleanup
[2022-06-13T03:26:26.882+0000][1][safepoint    ] Leaving safepoint region
[2022-06-13T03:26:26.882+0000][1][safepoint    ] Total time for which application threads were stopped: 0.0005418 seconds, Stopping threads took: 0.0002741 seconds
[2022-06-13T03:26:27.883+0000][1][safepoint    ] Application time: 1.0001588 seconds
[2022-06-13T03:26:27.883+0000][1][safepoint    ] Entering safepoint region: Cleanup
[2022-06-13T03:26:27.883+0000][1][safepoint    ] Leaving safepoint region
[2022-06-13T03:26:27.883+0000][1][safepoint    ] Total time for which application threads were stopped: 0.0005511 seconds, Stopping threads took: 0.0002465 seconds
[2022-06-13T03:26:28.884+0000][1][safepoint    ] Application time: 1.0001936 seconds
[2022-06-13T03:26:28.884+0000][1][safepoint    ] Entering safepoint region: Cleanup
[2022-06-13T03:26:28.885+0000][1][safepoint    ] Leaving safepoint region
[2022-06-13T03:26:28.885+0000][1][safepoint    ] Total time for which application threads were stopped: 0.0005107 seconds, Stopping threads took: 0.0002300 seconds
[2022-06-13T03:26:29.885+0000][1][safepoint    ] Application time: 1.0001778 seconds
[2022-06-13T03:26:29.886+0000][1][safepoint    ] Entering safepoint region: Cleanup
[2022-06-13T03:26:29.886+0000][1][safepoint    ] Leaving safepoint region
[2022-06-13T03:26:29.886+0000][1][safepoint    ] Total time for which application threads were stopped: 0.0004923 seconds, Stopping threads took: 0.0002297 seconds
[2022-06-13T03:26:30.887+0000][1][safepoint    ] Application time: 1.0001919 seconds
[2022-06-13T03:26:30.887+0000][1][safepoint    ] Entering safepoint region: Cleanup
[2022-06-13T03:26:30.887+0000][1][safepoint    ] Leaving safepoint region
[2022-06-13T03:26:30.888+0000][1][safepoint    ] Total time for which application threads were stopped: 0.0006550 seconds, Stopping threads took: 0.0003287 seconds
[2022-06-13T03:26:31.888+0000][1][safepoint    ] Application time: 1.0003273 seconds
[2022-06-13T03:26:31.889+0000][1][safepoint    ] Entering safepoint region: Cleanup
[2022-06-13T03:26:31.889+0000][1][safepoint    ] Leaving safepoint region
[2022-06-13T03:26:31.889+0000][1][safepoint    ] Total time for which application threads were stopped: 0.0007069 seconds, Stopping threads took: 0.0002685 seconds
[2022-06-13T03:26:32.890+0000][1][safepoint    ] Application time: 1.0001673 seconds
[2022-06-13T03:26:32.890+0000][1][safepoint    ] Entering safepoint region: Cleanup
[2022-06-13T03:26:32.891+0000][1][safepoint    ] Leaving safepoint region
[2022-06-13T03:26:32.891+0000][1][safepoint    ] Total time for which application threads were stopped: 0.0010038 seconds, Stopping threads took: 0.0004846 seconds
[2022-06-13T03:26:33.892+0000][1][safepoint    ] Application time: 1.0001769 seconds
[2022-06-13T03:26:33.892+0000][1][safepoint    ] Entering safepoint region: Cleanup
[2022-06-13T03:26:33.893+0000][1][safepoint    ] Leaving safepoint region
[2022-06-13T03:26:33.893+0000][1][safepoint    ] Total time for which application threads were stopped: 0.0004951 seconds, Stopping threads took: 0.0001889 seconds
[2022-06-13T03:26:34.893+0000][1][safepoint    ] Application time: 1.0002413 seconds
[2022-06-13T03:26:34.894+0000][1][safepoint    ] Entering safepoint region: Cleanup
[2022-06-13T03:26:34.894+0000][1][safepoint    ] Leaving safepoint region
[2022-06-13T03:26:34.894+0000][1][safepoint    ] Total time for which application threads were stopped: 0.0007755 seconds, Stopping threads took: 0.0004072 seconds
[2022-06-13T03:26:35.895+0000][1][safepoint    ] Application time: 1.0002044 seconds
[2022-06-13T03:26:35.895+0000][1][safepoint    ] Entering safepoint region: Cleanup
[2022-06-13T03:26:35.895+0000][1][safepoint    ] Leaving safepoint region
[2022-06-13T03:26:35.896+0000][1][safepoint    ] Total time for which application threads were stopped: 0.0006779 seconds, Stopping threads took: 0.0002711 seconds
[2022-06-13T03:26:36.896+0000][1][safepoint    ] Application time: 1.0001068 seconds
[2022-06-13T03:26:36.897+0000][1][safepoint    ] Entering safepoint region: Cleanup
[2022-06-13T03:26:36.897+0000][1][safepoint    ] Leaving safepoint region
[2022-06-13T03:26:36.897+0000][1][safepoint    ] Total time for which application threads were stopped: 0.0005074 seconds, Stopping threads took: 0.0002759 seconds
[2022-06-13T03:26:37.898+0000][1][safepoint    ] Application time: 1.0001892 seconds
[2022-06-13T03:26:37.898+0000][1][safepoint    ] Entering safepoint region: Cleanup
[2022-06-13T03:26:37.899+0000][1][safepoint    ] Leaving safepoint region
[2022-06-13T03:26:37.899+0000][1][safepoint    ] Total time for which application threads were stopped: 0.0007834 seconds, Stopping threads took: 0.0004224 seconds
[2022-06-13T03:26:38.899+0000][1][safepoint    ] Application time: 1.0001843 seconds
[2022-06-13T03:26:38.900+0000][1][safepoint    ] Entering safepoint region: Cleanup
[2022-06-13T03:26:38.900+0000][1][safepoint    ] Leaving safepoint region
[2022-06-13T03:26:38.900+0000][1][safepoint    ] Total time for which application threads were stopped: 0.0006552 seconds, Stopping threads took: 0.0003749 seconds
[2022-06-13T03:26:39.901+0000][1][safepoint    ] Application time: 1.0002076 seconds
[2022-06-13T03:26:39.902+0000][1][safepoint    ] Entering safepoint region: Cleanup
[2022-06-13T03:26:39.902+0000][1][safepoint    ] Leaving safepoint region
[2022-06-13T03:26:39.902+0000][1][safepoint    ] Total time for which application threads were stopped: 0.0006601 seconds, Stopping threads took: 0.0003539 seconds
[2022-06-13T03:26:40.902+0000][1][safepoint    ] Application time: 1.0001117 seconds
[2022-06-13T03:26:40.903+0000][1][safepoint    ] Entering safepoint region: Cleanup
[2022-06-13T03:26:40.904+0000][1][safepoint    ] Leaving safepoint region
[2022-06-13T03:26:40.904+0000][1][safepoint    ] Total time for which application threads were stopped: 0.0014107 seconds, Stopping threads took: 0.0006294 seconds
[2022-06-13T03:26:41.905+0000][1][safepoint    ] Application time: 1.0001323 seconds
[2022-06-13T03:26:41.906+0000][1][safepoint    ] Entering safepoint region: Cleanup
[2022-06-13T03:26:41.906+0000][1][safepoint    ] Leaving safepoint region
[2022-06-13T03:26:41.906+0000][1][safepoint    ] Total time for which application threads were stopped: 0.0006732 seconds, Stopping threads took: 0.0003292 seconds
[2022-06-13T03:26:42.907+0000][1][safepoint    ] Application time: 1.0001798 seconds
[2022-06-13T03:26:42.907+0000][1][safepoint    ] Entering safepoint region: Cleanup
[2022-06-13T03:26:42.907+0000][1][safepoint    ] Leaving safepoint region
[2022-06-13T03:26:42.908+0000][1][safepoint    ] Total time for which application threads were stopped: 0.0004013 seconds, Stopping threads took: 0.0001808 seconds
[2022-06-13T03:26:43.908+0000][1][safepoint    ] Application time: 1.0001839 seconds
[2022-06-13T03:26:43.908+0000][1][safepoint    ] Entering safepoint region: Cleanup
[2022-06-13T03:26:43.909+0000][1][safepoint    ] Leaving safepoint region
[2022-06-13T03:26:43.909+0000][1][safepoint    ] Total time for which application threads were stopped: 0.0010012 seconds, Stopping threads took: 0.0004564 seconds
[2022-06-13T03:26:44.910+0000][1][safepoint    ] Application time: 1.0001534 seconds
[2022-06-13T03:26:44.910+0000][1][safepoint    ] Entering safepoint region: Cleanup
[2022-06-13T03:26:44.911+0000][1][safepoint    ] Leaving safepoint region
[2022-06-13T03:26:44.911+0000][1][safepoint    ] Total time for which application threads were stopped: 0.0006110 seconds, Stopping threads took: 0.0001925 seconds
[2022-06-13T03:26:45.911+0000][1][safepoint    ] Application time: 1.0002380 seconds
[2022-06-13T03:26:45.912+0000][1][safepoint    ] Entering safepoint region: Cleanup
[2022-06-13T03:26:45.912+0000][1][safepoint    ] Leaving safepoint region
[2022-06-13T03:26:45.913+0000][1][safepoint    ] Total time for which application threads were stopped: 0.0008172 seconds, Stopping threads took: 0.0003903 seconds
[2022-06-13T03:26:46.913+0000][1][safepoint    ] Application time: 1.0002389 seconds
[2022-06-13T03:26:46.914+0000][1][safepoint    ] Entering safepoint region: Cleanup
[2022-06-13T03:26:46.914+0000][1][safepoint    ] Leaving safepoint region
[2022-06-13T03:26:46.914+0000][1][safepoint    ] Total time for which application threads were stopped: 0.0007493 seconds, Stopping threads took: 0.0003894 seconds
[2022-06-13T03:26:47.915+0000][1][safepoint    ] Application time: 1.0001232 seconds
[2022-06-13T03:26:47.915+0000][1][safepoint    ] Entering safepoint region: Cleanup
[2022-06-13T03:26:47.916+0000][1][safepoint    ] Leaving safepoint region
[2022-06-13T03:26:47.916+0000][1][safepoint    ] Total time for which application threads were stopped: 0.0005033 seconds, Stopping threads took: 0.0002769 seconds
[2022-06-13T03:26:48.916+0000][1][safepoint    ] Application time: 1.0001788 seconds
[2022-06-13T03:26:48.917+0000][1][safepoint    ] Entering safepoint region: Cleanup
[2022-06-13T03:26:48.917+0000][1][safepoint    ] Leaving safepoint region
[2022-06-13T03:26:48.917+0000][1][safepoint    ] Total time for which application threads were stopped: 0.0004888 seconds, Stopping threads took: 0.0002064 seconds
[2022-06-13T03:26:49.918+0000][1][safepoint    ] Application time: 1.0003019 seconds
[2022-06-13T03:26:49.918+0000][1][safepoint    ] Entering safepoint region: Cleanup
[2022-06-13T03:26:49.918+0000][1][safepoint    ] Leaving safepoint region
[2022-06-13T03:26:49.918+0000][1][safepoint    ] Total time for which application threads were stopped: 0.0004496 seconds, Stopping threads took: 0.0002164 seconds
[2022-06-13T03:26:50.919+0000][1][safepoint    ] Application time: 1.0001854 seconds
[2022-06-13T03:26:50.919+0000][1][safepoint    ] Entering safepoint region: Cleanup
[2022-06-13T03:26:50.920+0000][1][safepoint    ] Leaving safepoint region
[2022-06-13T03:26:50.920+0000][1][safepoint    ] Total time for which application threads were stopped: 0.0007912 seconds, Stopping threads took: 0.0003684 seconds
[2022-06-13T03:26:51.921+0000][1][safepoint    ] Application time: 1.0001938 seconds
[2022-06-13T03:26:51.921+0000][1][safepoint    ] Entering safepoint region: Cleanup
[2022-06-13T03:26:51.921+0000][1][safepoint    ] Leaving safepoint region
[2022-06-13T03:26:51.922+0000][1][safepoint    ] Total time for which application threads were stopped: 0.0006362 seconds, Stopping threads took: 0.0002062 seconds
[2022-06-13T03:26:52.922+0000][1][safepoint    ] Application time: 1.0001022 seconds
[2022-06-13T03:26:52.922+0000][1][safepoint    ] Entering safepoint region: Cleanup
[2022-06-13T03:26:52.923+0000][1][safepoint    ] Leaving safepoint region
[2022-06-13T03:26:52.923+0000][1][safepoint    ] Total time for which application threads were stopped: 0.0005407 seconds, Stopping threads took: 0.0001541 seconds
[2022-06-13T03:26:53.923+0000][1][safepoint    ] Application time: 1.0002245 seconds
[2022-06-13T03:26:53.924+0000][1][safepoint    ] Entering safepoint region: Cleanup
[2022-06-13T03:26:53.924+0000][1][safepoint    ] Leaving safepoint region
[2022-06-13T03:26:53.925+0000][1][safepoint    ] Total time for which application threads were stopped: 0.0007881 seconds, Stopping threads took: 0.0004141 seconds
[2022-06-13T03:26:54.925+0000][1][safepoint    ] Application time: 1.0002227 seconds
[2022-06-13T03:26:54.926+0000][1][safepoint    ] Entering safepoint region: Cleanup
[2022-06-13T03:26:54.927+0000][1][safepoint    ] Leaving safepoint region
[2022-06-13T03:26:54.927+0000][1][safepoint    ] Total time for which application threads were stopped: 0.0013248 seconds, Stopping threads took: 0.0005105 seconds
[2022-06-13T03:26:55.928+0000][1][safepoint    ] Application time: 1.0002398 seconds
[2022-06-13T03:26:55.929+0000][1][safepoint    ] Entering safepoint region: Cleanup
[2022-06-13T03:26:55.930+0000][1][safepoint    ] Leaving safepoint region
[2022-06-13T03:26:55.930+0000][1][safepoint    ] Total time for which application threads were stopped: 0.0015326 seconds, Stopping threads took: 0.0007181 seconds
[2022-06-13T03:26:56.931+0000][1][safepoint    ] Application time: 1.0002485 seconds
[2022-06-13T03:26:56.932+0000][1][safepoint    ] Entering safepoint region: Cleanup
[2022-06-13T03:26:56.933+0000][1][safepoint    ] Leaving safepoint region
[2022-06-13T03:26:56.933+0000][1][safepoint    ] Total time for which application threads were stopped: 0.0014995 seconds, Stopping threads took: 0.0005847 seconds
[2022-06-13T03:26:57.934+0000][1][safepoint    ] Application time: 1.0001784 seconds
[2022-06-13T03:26:57.935+0000][1][safepoint    ] Entering safepoint region: Cleanup
[2022-06-13T03:26:57.935+0000][1][safepoint    ] Leaving safepoint region
[2022-06-13T03:26:57.935+0000][1][safepoint    ] Total time for which application threads were stopped: 0.0006450 seconds, Stopping threads took: 0.0003276 seconds
[2022-06-13T03:26:58.936+0000][1][safepoint    ] Application time: 1.0001256 seconds
[2022-06-13T03:26:58.936+0000][1][safepoint    ] Entering safepoint region: Cleanup
[2022-06-13T03:26:58.937+0000][1][safepoint    ] Leaving safepoint region
[2022-06-13T03:26:58.937+0000][1][safepoint    ] Total time for which application threads were stopped: 0.0011678 seconds, Stopping threads took: 0.0006878 seconds
[2022-06-13T03:26:59.938+0000][1][safepoint    ] Application time: 1.0001591 seconds
[2022-06-13T03:26:59.939+0000][1][safepoint    ] Entering safepoint region: Cleanup
[2022-06-13T03:26:59.939+0000][1][safepoint    ] Leaving safepoint region
[2022-06-13T03:26:59.939+0000][1][safepoint    ] Total time for which application threads were stopped: 0.0006388 seconds, Stopping threads took: 0.0002532 seconds
[2022-06-13T03:27:05.941+0000][1][safepoint    ] Application time: 6.0010404 seconds
[2022-06-13T03:27:05.941+0000][1][safepoint    ] Entering safepoint region: Cleanup
[2022-06-13T03:27:05.942+0000][1][safepoint    ] Leaving safepoint region
[2022-06-13T03:27:05.942+0000][1][safepoint    ] Total time for which application threads were stopped: 0.0010682 seconds, Stopping threads took: 0.0003718 seconds
[2022-06-13T03:27:07.943+0000][1][safepoint    ] Application time: 2.0003419 seconds
[2022-06-13T03:27:07.944+0000][1][safepoint    ] Entering safepoint region: Cleanup
[2022-06-13T03:27:07.944+0000][1][safepoint    ] Leaving safepoint region
[2022-06-13T03:27:07.944+0000][1][safepoint    ] Total time for which application threads were stopped: 0.0008169 seconds, Stopping threads took: 0.0003862 seconds
[2022-06-13T03:27:09.945+0000][1][safepoint    ] Application time: 2.0005533 seconds
[2022-06-13T03:27:09.946+0000][1][safepoint    ] Entering safepoint region: Cleanup
[2022-06-13T03:27:09.946+0000][1][safepoint    ] Leaving safepoint region
[2022-06-13T03:27:09.947+0000][1][safepoint    ] Total time for which application threads were stopped: 0.0009002 seconds, Stopping threads took: 0.0004791 seconds
[2022-06-13T03:27:10.947+0000][1][safepoint    ] Application time: 1.0001836 seconds
[2022-06-13T03:27:10.948+0000][1][safepoint    ] Entering safepoint region: Cleanup
[2022-06-13T03:27:10.948+0000][1][safepoint    ] Leaving safepoint region
[2022-06-13T03:27:10.948+0000][1][safepoint    ] Total time for which application threads were stopped: 0.0006536 seconds, Stopping threads took: 0.0002934 seconds
[2022-06-13T03:27:12.949+0000][1][safepoint    ] Application time: 2.0004596 seconds
[2022-06-13T03:27:12.949+0000][1][safepoint    ] Entering safepoint region: Cleanup
[2022-06-13T03:27:12.950+0000][1][safepoint    ] Leaving safepoint region
[2022-06-13T03:27:12.950+0000][1][safepoint    ] Total time for which application threads were stopped: 0.0005360 seconds, Stopping threads took: 0.0002261 seconds
[2022-06-13T03:27:13.950+0000][1][safepoint    ] Application time: 1.0001501 seconds
[2022-06-13T03:27:13.951+0000][1][safepoint    ] Entering safepoint region: Cleanup
[2022-06-13T03:27:13.951+0000][1][safepoint    ] Leaving safepoint region
[2022-06-13T03:27:13.952+0000][1][safepoint    ] Total time for which application threads were stopped: 0.0008405 seconds, Stopping threads took: 0.0002922 seconds
[2022-06-13T03:27:14.952+0000][1][safepoint    ] Application time: 1.0002962 seconds
[2022-06-13T03:27:14.953+0000][1][safepoint    ] Entering safepoint region: Cleanup
[2022-06-13T03:27:14.953+0000][1][safepoint    ] Leaving safepoint region
[2022-06-13T03:27:14.954+0000][1][safepoint    ] Total time for which application threads were stopped: 0.0009817 seconds, Stopping threads took: 0.0004683 seconds
[2022-06-13T03:27:15.955+0000][1][safepoint    ] Application time: 1.0002310 seconds
[2022-06-13T03:27:15.955+0000][1][safepoint    ] Entering safepoint region: Cleanup
[2022-06-13T03:27:15.956+0000][1][safepoint    ] Leaving safepoint region
[2022-06-13T03:27:15.956+0000][1][safepoint    ] Total time for which application threads were stopped: 0.0009971 seconds, Stopping threads took: 0.0004672 seconds
[2022-06-13T03:27:16.957+0000][1][safepoint    ] Application time: 1.0001810 seconds
[2022-06-13T03:27:16.957+0000][1][safepoint    ] Entering safepoint region: Cleanup
[2022-06-13T03:27:16.958+0000][1][safepoint    ] Leaving safepoint region
[2022-06-13T03:27:16.958+0000][1][safepoint    ] Total time for which application threads were stopped: 0.0007747 seconds, Stopping threads took: 0.0003057 seconds
[2022-06-13T03:27:18.959+0000][1][safepoint    ] Application time: 2.0004749 seconds
[2022-06-13T03:27:18.959+0000][1][safepoint    ] Entering safepoint region: Cleanup
[2022-06-13T03:27:18.960+0000][1][safepoint    ] Leaving safepoint region
[2022-06-13T03:27:18.960+0000][1][safepoint    ] Total time for which application threads were stopped: 0.0007960 seconds, Stopping threads took: 0.0003558 seconds
[2022-06-13T03:27:19.960+0000][1][safepoint    ] Application time: 1.0002028 seconds
[2022-06-13T03:27:19.961+0000][1][safepoint    ] Entering safepoint region: Cleanup
[2022-06-13T03:27:19.961+0000][1][safepoint    ] Leaving safepoint region
[2022-06-13T03:27:19.961+0000][1][safepoint    ] Total time for which application threads were stopped: 0.0006827 seconds, Stopping threads took: 0.0003098 seconds
[2022-06-13T03:27:21.962+0000][1][safepoint    ] Application time: 2.0004034 seconds
[2022-06-13T03:27:21.963+0000][1][safepoint    ] Entering safepoint region: Cleanup
[2022-06-13T03:27:21.964+0000][1][safepoint    ] Leaving safepoint region
[2022-06-13T03:27:21.964+0000][1][safepoint    ] Total time for which application threads were stopped: 0.0014285 seconds, Stopping threads took: 0.0006603 seconds
[2022-06-13T03:27:24.965+0000][1][safepoint    ] Application time: 3.0005834 seconds
[2022-06-13T03:27:24.966+0000][1][safepoint    ] Entering safepoint region: Cleanup
[2022-06-13T03:27:24.966+0000][1][safepoint    ] Leaving safepoint region
[2022-06-13T03:27:24.966+0000][1][safepoint    ] Total time for which application threads were stopped: 0.0006605 seconds, Stopping threads took: 0.0003197 seconds
[2022-06-13T03:27:27.967+0000][1][safepoint    ] Application time: 3.0006399 seconds
[2022-06-13T03:27:27.968+0000][1][safepoint    ] Entering safepoint region: Cleanup
[2022-06-13T03:27:27.968+0000][1][safepoint    ] Leaving safepoint region
[2022-06-13T03:27:27.969+0000][1][safepoint    ] Total time for which application threads were stopped: 0.0008977 seconds, Stopping threads took: 0.0003184 seconds
[2022-06-13T03:27:30.970+0000][1][safepoint    ] Application time: 3.0006272 seconds
[2022-06-13T03:27:30.984+0000][1][safepoint    ] Entering safepoint region: Cleanup
[2022-06-13T03:27:30.985+0000][1][safepoint    ] Leaving safepoint region
[2022-06-13T03:27:30.985+0000][1][safepoint    ] Total time for which application threads were stopped: 0.0148085 seconds, Stopping threads took: 0.0142977 seconds
[2022-06-13T03:27:31.986+0000][1][safepoint    ] Application time: 1.0001764 seconds
[2022-06-13T03:27:31.986+0000][1][safepoint    ] Entering safepoint region: Cleanup
[2022-06-13T03:27:31.986+0000][1][safepoint    ] Leaving safepoint region
[2022-06-13T03:27:31.987+0000][1][safepoint    ] Total time for which application threads were stopped: 0.0007473 seconds, Stopping threads took: 0.0003389 seconds
[2022-06-13T03:27:32.987+0000][1][safepoint    ] Application time: 1.0003025 seconds
[2022-06-13T03:27:32.988+0000][1][safepoint    ] Entering safepoint region: Cleanup
[2022-06-13T03:27:32.990+0000][1][safepoint    ] Leaving safepoint region
[2022-06-13T03:27:32.990+0000][1][safepoint    ] Total time for which application threads were stopped: 0.0014275 seconds, Stopping threads took: 0.0009808 seconds
[2022-06-13T03:27:33.550+0000][1][safepoint    ] Application time: 0.5602619 seconds
[2022-06-13T03:27:33.551+0000][1][safepoint    ] Entering safepoint region: RevokeBias
[2022-06-13T03:27:33.552+0000][1][safepoint    ] Leaving safepoint region
[2022-06-13T03:27:33.552+0000][1][safepoint    ] Total time for which application threads were stopped: 0.0013335 seconds, Stopping threads took: 0.0009483 seconds
[2022-06-13T03:27:33.866+0000][1][safepoint    ] Application time: 0.3131077 seconds
[2022-06-13T03:27:33.866+0000][1][safepoint    ] Entering safepoint region: RevokeBias
[2022-06-13T03:27:33.866+0000][1][safepoint    ] Leaving safepoint region
[2022-06-13T03:27:33.867+0000][1][safepoint    ] Total time for which application threads were stopped: 0.0009649 seconds, Stopping threads took: 0.0002291 seconds
[2022-06-13T03:27:33.868+0000][1][safepoint    ] Application time: 0.0001341 seconds
[2022-06-13T03:27:33.868+0000][1][safepoint    ] Entering safepoint region: RevokeBias
[2022-06-13T03:27:33.868+0000][1][safepoint    ] Leaving safepoint region
[2022-06-13T03:27:33.868+0000][1][safepoint    ] Total time for which application threads were stopped: 0.0006360 seconds, Stopping threads took: 0.0001553 seconds
[2022-06-13T03:27:34.869+0000][1][safepoint    ] Application time: 1.0002040 seconds
[2022-06-13T03:27:34.869+0000][1][safepoint    ] Entering safepoint region: Cleanup
[2022-06-13T03:27:34.869+0000][1][safepoint    ] Leaving safepoint region
[2022-06-13T03:27:34.870+0000][1][safepoint    ] Total time for which application threads were stopped: 0.0008098 seconds, Stopping threads took: 0.0004180 seconds
[2022-06-13T03:27:36.870+0000][1][safepoint    ] Application time: 2.0002916 seconds
[2022-06-13T03:27:36.871+0000][1][safepoint    ] Entering safepoint region: Cleanup
[2022-06-13T03:27:36.871+0000][1][safepoint    ] Leaving safepoint region
[2022-06-13T03:27:36.871+0000][1][safepoint    ] Total time for which application threads were stopped: 0.0007604 seconds, Stopping threads took: 0.0003462 seconds
[2022-06-13T03:27:39.872+0000][1][safepoint    ] Application time: 3.0004414 seconds
[2022-06-13T03:27:39.873+0000][1][safepoint    ] Entering safepoint region: Cleanup
[2022-06-13T03:27:39.873+0000][1][safepoint    ] Leaving safepoint region
[2022-06-13T03:27:39.874+0000][1][safepoint    ] Total time for which application threads were stopped: 0.0009674 seconds, Stopping threads took: 0.0004776 seconds
[2022-06-13T03:27:40.874+0000][1][safepoint    ] Application time: 1.0002366 seconds
[2022-06-13T03:27:40.875+0000][1][safepoint    ] Entering safepoint region: Cleanup
[2022-06-13T03:27:40.875+0000][1][safepoint    ] Leaving safepoint region
[2022-06-13T03:27:40.876+0000][1][safepoint    ] Total time for which application threads were stopped: 0.0006692 seconds, Stopping threads took: 0.0003132 seconds
[2022-06-13T03:27:41.876+0000][1][safepoint    ] Application time: 1.0002124 seconds
[2022-06-13T03:27:41.877+0000][1][safepoint    ] Entering safepoint region: Cleanup
[2022-06-13T03:27:41.877+0000][1][safepoint    ] Leaving safepoint region
[2022-06-13T03:27:41.878+0000][1][safepoint    ] Total time for which application threads were stopped: 0.0008713 seconds, Stopping threads took: 0.0003728 seconds
[2022-06-13T03:27:42.878+0000][1][safepoint    ] Application time: 1.0001115 seconds
[2022-06-13T03:27:42.879+0000][1][safepoint    ] Entering safepoint region: Cleanup
[2022-06-13T03:27:42.879+0000][1][safepoint    ] Leaving safepoint region
[2022-06-13T03:27:42.879+0000][1][safepoint    ] Total time for which application threads were stopped: 0.0005226 seconds, Stopping threads took: 0.0002383 seconds
[2022-06-13T03:27:44.880+0000][1][safepoint    ] Application time: 2.0004157 seconds
[2022-06-13T03:27:44.880+0000][1][safepoint    ] Entering safepoint region: Cleanup
[2022-06-13T03:27:44.881+0000][1][safepoint    ] Leaving safepoint region
[2022-06-13T03:27:44.881+0000][1][safepoint    ] Total time for which application threads were stopped: 0.0008627 seconds, Stopping threads took: 0.0005161 seconds
[2022-06-13T03:27:45.882+0000][1][safepoint    ] Application time: 1.0001638 seconds
[2022-06-13T03:27:45.882+0000][1][safepoint    ] Entering safepoint region: Cleanup
[2022-06-13T03:27:45.883+0000][1][safepoint    ] Leaving safepoint region
[2022-06-13T03:27:45.883+0000][1][safepoint    ] Total time for which application threads were stopped: 0.0008851 seconds, Stopping threads took: 0.0003713 seconds
[2022-06-13T03:27:46.884+0000][1][safepoint    ] Application time: 1.0002909 seconds
[2022-06-13T03:27:46.884+0000][1][safepoint    ] Entering safepoint region: Cleanup
[2022-06-13T03:27:46.885+0000][1][safepoint    ] Leaving safepoint region
[2022-06-13T03:27:46.886+0000][1][safepoint    ] Total time for which application threads were stopped: 0.0011953 seconds, Stopping threads took: 0.0005682 seconds
[2022-06-13T03:27:49.887+0000][1][safepoint    ] Application time: 3.0006666 seconds
[2022-06-13T03:27:49.887+0000][1][safepoint    ] Entering safepoint region: Cleanup
[2022-06-13T03:27:49.888+0000][1][safepoint    ] Leaving safepoint region
[2022-06-13T03:27:49.888+0000][1][safepoint    ] Total time for which application threads were stopped: 0.0010293 seconds, Stopping threads took: 0.0004965 seconds
[2022-06-13T03:27:50.889+0000][1][safepoint    ] Application time: 1.0001945 seconds
[2022-06-13T03:27:50.890+0000][1][safepoint    ] Entering safepoint region: Cleanup
[2022-06-13T03:27:50.890+0000][1][safepoint    ] Leaving safepoint region
[2022-06-13T03:27:50.890+0000][1][safepoint    ] Total time for which application threads were stopped: 0.0003817 seconds, Stopping threads took: 0.0001617 seconds
[2022-06-13T03:27:53.891+0000][1][safepoint    ] Application time: 3.0004620 seconds
[2022-06-13T03:27:53.891+0000][1][safepoint    ] Entering safepoint region: Cleanup
[2022-06-13T03:27:53.892+0000][1][safepoint    ] Leaving safepoint region
[2022-06-13T03:27:53.892+0000][1][safepoint    ] Total time for which application threads were stopped: 0.0010834 seconds, Stopping threads took: 0.0006481 seconds
[2022-06-13T03:27:54.893+0000][1][safepoint    ] Application time: 1.0002087 seconds
[2022-06-13T03:27:54.893+0000][1][safepoint    ] Entering safepoint region: Cleanup
[2022-06-13T03:27:54.893+0000][1][safepoint    ] Leaving safepoint region
[2022-06-13T03:27:54.893+0000][1][safepoint    ] Total time for which application threads were stopped: 0.0003929 seconds, Stopping threads took: 0.0001701 seconds
[2022-06-13T03:28:00.894+0000][1][safepoint    ] Application time: 6.0010694 seconds
[2022-06-13T03:28:00.895+0000][1][safepoint    ] Entering safepoint region: Cleanup
[2022-06-13T03:28:00.895+0000][1][safepoint    ] Leaving safepoint region
[2022-06-13T03:28:00.896+0000][1][safepoint    ] Total time for which application threads were stopped: 0.0007134 seconds, Stopping threads took: 0.0003246 seconds
[2022-06-13T03:28:04.896+0000][1][safepoint    ] Application time: 4.0007072 seconds
[2022-06-13T03:28:04.897+0000][1][safepoint    ] Entering safepoint region: Cleanup
[2022-06-13T03:28:04.898+0000][1][safepoint    ] Leaving safepoint region
[2022-06-13T03:28:04.898+0000][1][safepoint    ] Total time for which application threads were stopped: 0.0011503 seconds, Stopping threads took: 0.0005528 seconds
[2022-06-13T03:28:05.899+0000][1][safepoint    ] Application time: 1.0001382 seconds
[2022-06-13T03:28:05.899+0000][1][safepoint    ] Entering safepoint region: Cleanup
[2022-06-13T03:28:05.900+0000][1][safepoint    ] Leaving safepoint region
[2022-06-13T03:28:05.901+0000][1][safepoint    ] Total time for which application threads were stopped: 0.0013366 seconds, Stopping threads took: 0.0006168 seconds
[2022-06-13T03:28:07.902+0000][1][safepoint    ] Application time: 2.0003906 seconds
[2022-06-13T03:28:07.902+0000][1][safepoint    ] Entering safepoint region: Cleanup
[2022-06-13T03:28:07.903+0000][1][safepoint    ] Leaving safepoint region
[2022-06-13T03:28:07.903+0000][1][safepoint    ] Total time for which application threads were stopped: 0.0009432 seconds, Stopping threads took: 0.0004031 seconds
[2022-06-13T03:28:09.904+0000][1][safepoint    ] Application time: 2.0005770 seconds
[2022-06-13T03:28:09.905+0000][1][safepoint    ] Entering safepoint region: Cleanup
[2022-06-13T03:28:09.905+0000][1][safepoint    ] Leaving safepoint region
[2022-06-13T03:28:09.906+0000][1][safepoint    ] Total time for which application threads were stopped: 0.0009204 seconds, Stopping threads took: 0.0004206 seconds
[2022-06-13T03:28:10.431+0000][1][safepoint    ] Application time: 0.5246733 seconds
[2022-06-13T03:28:10.431+0000][1][safepoint    ] Entering safepoint region: GenCollectForAllocation
[2022-06-13T03:28:10.431+0000][1][gc,start     ] GC(23) Pause Young (Allocation Failure)
[2022-06-13T03:28:10.432+0000][1][gc,task      ] GC(23) Using 5 workers of 13 for evacuation
[2022-06-13T03:28:10.439+0000][1][gc,age       ] GC(23) Desired survivor size 4456448 bytes, new threshold 6 (max threshold 6)
[2022-06-13T03:28:10.439+0000][1][gc,age       ] GC(23) Age table with threshold 6 (max threshold 6)
[2022-06-13T03:28:10.440+0000][1][gc,age       ] GC(23) - age   1:     117032 bytes,     117032 total
[2022-06-13T03:28:10.440+0000][1][gc,age       ] GC(23) - age   2:    2280464 bytes,    2397496 total
[2022-06-13T03:28:10.441+0000][1][gc,heap      ] GC(23) ParNew: 78399K->5919K(78656K)
[2022-06-13T03:28:10.441+0000][1][gc,heap      ] GC(23) CMS: 64079K->68093K(174784K)
[2022-06-13T03:28:10.441+0000][1][gc,metaspace ] GC(23) Metaspace: 67705K->67705K(1112064K)
[2022-06-13T03:28:10.442+0000][1][gc           ] GC(23) Pause Young (Allocation Failure) 139M->72M(247M) 10.430ms
[2022-06-13T03:28:10.442+0000][1][gc,cpu       ] GC(23) User=0.02s Sys=0.00s Real=0.01s
[2022-06-13T03:28:10.443+0000][1][safepoint    ] Leaving safepoint region
[2022-06-13T03:28:10.443+0000][1][safepoint    ] Total time for which application threads were stopped: 0.0121291 seconds, Stopping threads took: 0.0003536 seconds
[2022-06-13T03:28:16.445+0000][1][safepoint    ] Application time: 6.0012541 seconds
[2022-06-13T03:28:16.445+0000][1][safepoint    ] Entering safepoint region: Cleanup
[2022-06-13T03:28:16.446+0000][1][safepoint    ] Leaving safepoint region
[2022-06-13T03:28:16.446+0000][1][safepoint    ] Total time for which application threads were stopped: 0.0007780 seconds, Stopping threads took: 0.0002993 seconds
[2022-06-13T03:28:17.447+0000][1][safepoint    ] Application time: 1.0002020 seconds
[2022-06-13T03:28:17.447+0000][1][safepoint    ] Entering safepoint region: Cleanup
[2022-06-13T03:28:17.448+0000][1][safepoint    ] Leaving safepoint region
[2022-06-13T03:28:17.448+0000][1][safepoint    ] Total time for which application threads were stopped: 0.0010665 seconds, Stopping threads took: 0.0003344 seconds
[2022-06-13T03:28:19.449+0000][1][safepoint    ] Application time: 2.0003230 seconds
[2022-06-13T03:28:19.450+0000][1][safepoint    ] Entering safepoint region: Cleanup
[2022-06-13T03:28:19.451+0000][1][safepoint    ] Leaving safepoint region
[2022-06-13T03:28:19.452+0000][1][safepoint    ] Total time for which application threads were stopped: 0.0015529 seconds, Stopping threads took: 0.0007524 seconds
[2022-06-13T03:28:20.453+0000][1][safepoint    ] Application time: 1.0002243 seconds
[2022-06-13T03:28:20.453+0000][1][safepoint    ] Entering safepoint region: Cleanup
[2022-06-13T03:28:20.453+0000][1][safepoint    ] Leaving safepoint region
[2022-06-13T03:28:20.454+0000][1][safepoint    ] Total time for which application threads were stopped: 0.0006024 seconds, Stopping threads took: 0.0003282 seconds
[2022-06-13T03:28:27.455+0000][1][safepoint    ] Application time: 7.0016082 seconds
[2022-06-13T03:28:27.456+0000][1][safepoint    ] Entering safepoint region: Cleanup
[2022-06-13T03:28:27.457+0000][1][safepoint    ] Leaving safepoint region
[2022-06-13T03:28:27.457+0000][1][safepoint    ] Total time for which application threads were stopped: 0.0007651 seconds, Stopping threads took: 0.0004438 seconds
[2022-06-13T03:28:28.457+0000][1][safepoint    ] Application time: 1.0001542 seconds
[2022-06-13T03:28:28.458+0000][1][safepoint    ] Entering safepoint region: Cleanup
[2022-06-13T03:28:28.458+0000][1][safepoint    ] Leaving safepoint region
[2022-06-13T03:28:28.459+0000][1][safepoint    ] Total time for which application threads were stopped: 0.0009036 seconds, Stopping threads took: 0.0003093 seconds
[2022-06-13T03:28:31.459+0000][1][safepoint    ] Application time: 3.0005123 seconds
[2022-06-13T03:28:31.460+0000][1][safepoint    ] Entering safepoint region: Cleanup
[2022-06-13T03:28:31.460+0000][1][safepoint    ] Leaving safepoint region
[2022-06-13T03:28:31.461+0000][1][safepoint    ] Total time for which application threads were stopped: 0.0007769 seconds, Stopping threads took: 0.0004409 seconds
[2022-06-13T03:28:33.461+0000][1][safepoint    ] Application time: 2.0002884 seconds
[2022-06-13T03:28:33.462+0000][1][safepoint    ] Entering safepoint region: Cleanup
[2022-06-13T03:28:33.462+0000][1][safepoint    ] Leaving safepoint region
[2022-06-13T03:28:33.463+0000][1][safepoint    ] Total time for which application threads were stopped: 0.0010039 seconds, Stopping threads took: 0.0004889 seconds
[2022-06-13T03:28:41.464+0000][1][safepoint    ] Application time: 8.0011804 seconds
[2022-06-13T03:28:41.465+0000][1][safepoint    ] Entering safepoint region: Cleanup
[2022-06-13T03:28:41.465+0000][1][safepoint    ] Leaving safepoint region
[2022-06-13T03:28:41.466+0000][1][safepoint    ] Total time for which application threads were stopped: 0.0008603 seconds, Stopping threads took: 0.0004035 seconds
[2022-06-13T03:28:48.467+0000][1][safepoint    ] Application time: 7.0011432 seconds
[2022-06-13T03:28:48.468+0000][1][safepoint    ] Entering safepoint region: Cleanup
[2022-06-13T03:28:48.468+0000][1][safepoint    ] Leaving safepoint region
[2022-06-13T03:28:48.468+0000][1][safepoint    ] Total time for which application threads were stopped: 0.0005645 seconds, Stopping threads took: 0.0002149 seconds
[2022-06-13T03:28:49.469+0000][1][safepoint    ] Application time: 1.0001545 seconds
[2022-06-13T03:28:49.469+0000][1][safepoint    ] Entering safepoint region: Cleanup
[2022-06-13T03:28:49.470+0000][1][safepoint    ] Leaving safepoint region
[2022-06-13T03:28:49.470+0000][1][safepoint    ] Total time for which application threads were stopped: 0.0008652 seconds, Stopping threads took: 0.0003503 seconds
[2022-06-13T03:28:55.472+0000][1][safepoint    ] Application time: 6.0011953 seconds
[2022-06-13T03:28:55.472+0000][1][safepoint    ] Entering safepoint region: Cleanup
[2022-06-13T03:28:55.473+0000][1][safepoint    ] Leaving safepoint region
[2022-06-13T03:28:55.474+0000][1][safepoint    ] Total time for which application threads were stopped: 0.0011877 seconds, Stopping threads took: 0.0005699 seconds
[2022-06-13T03:29:11.476+0000][1][safepoint    ] Application time: 16.0025280 seconds
[2022-06-13T03:29:11.477+0000][1][safepoint    ] Entering safepoint region: Cleanup
[2022-06-13T03:29:11.477+0000][1][safepoint    ] Leaving safepoint region
[2022-06-13T03:29:11.478+0000][1][safepoint    ] Total time for which application threads were stopped: 0.0007542 seconds, Stopping threads took: 0.0003305 seconds
[2022-06-13T03:29:13.478+0000][1][safepoint    ] Application time: 2.0004335 seconds
[2022-06-13T03:29:13.479+0000][1][safepoint    ] Entering safepoint region: Cleanup
[2022-06-13T03:29:13.479+0000][1][safepoint    ] Leaving safepoint region
[2022-06-13T03:29:13.479+0000][1][safepoint    ] Total time for which application threads were stopped: 0.0006471 seconds, Stopping threads took: 0.0002984 seconds
[2022-06-13T03:29:26.482+0000][1][safepoint    ] Application time: 13.0024318 seconds
[2022-06-13T03:29:26.483+0000][1][safepoint    ] Entering safepoint region: Cleanup
[2022-06-13T03:29:26.483+0000][1][safepoint    ] Leaving safepoint region
[2022-06-13T03:29:26.484+0000][1][safepoint    ] Total time for which application threads were stopped: 0.0010039 seconds, Stopping threads took: 0.0004525 seconds
[2022-06-13T03:29:32.485+0000][1][safepoint    ] Application time: 6.0012818 seconds
[2022-06-13T03:29:32.486+0000][1][safepoint    ] Entering safepoint region: Cleanup
[2022-06-13T03:29:32.487+0000][1][safepoint    ] Leaving safepoint region
[2022-06-13T03:29:32.487+0000][1][safepoint    ] Total time for which application threads were stopped: 0.0014526 seconds, Stopping threads took: 0.0008005 seconds
[2022-06-13T03:29:34.488+0000][1][safepoint    ] Application time: 2.0004119 seconds
[2022-06-13T03:29:34.489+0000][1][safepoint    ] Entering safepoint region: Cleanup
[2022-06-13T03:29:34.489+0000][1][safepoint    ] Leaving safepoint region
[2022-06-13T03:29:34.489+0000][1][safepoint    ] Total time for which application threads were stopped: 0.0006140 seconds, Stopping threads took: 0.0003506 seconds
[2022-06-13T03:29:37.490+0000][1][safepoint    ] Application time: 3.0005105 seconds
[2022-06-13T03:29:37.491+0000][1][safepoint    ] Entering safepoint region: Cleanup
[2022-06-13T03:29:37.491+0000][1][safepoint    ] Leaving safepoint region
[2022-06-13T03:29:37.492+0000][1][safepoint    ] Total time for which application threads were stopped: 0.0007843 seconds, Stopping threads took: 0.0003869 seconds
[2022-06-13T03:29:38.492+0000][1][safepoint    ] Application time: 1.0002618 seconds
[2022-06-13T03:29:38.493+0000][1][safepoint    ] Entering safepoint region: Cleanup
[2022-06-13T03:29:38.494+0000][1][safepoint    ] Leaving safepoint region
[2022-06-13T03:29:38.494+0000][1][safepoint    ] Total time for which application threads were stopped: 0.0011172 seconds, Stopping threads took: 0.0005484 seconds
[2022-06-13T03:29:40.495+0000][1][safepoint    ] Application time: 2.0004462 seconds
[2022-06-13T03:29:40.496+0000][1][safepoint    ] Entering safepoint region: Cleanup
[2022-06-13T03:29:40.496+0000][1][safepoint    ] Leaving safepoint region
[2022-06-13T03:29:40.496+0000][1][safepoint    ] Total time for which application threads were stopped: 0.0008587 seconds, Stopping threads took: 0.0004129 seconds
[2022-06-13T03:29:46.498+0000][1][safepoint    ] Application time: 6.0012656 seconds
[2022-06-13T03:29:46.499+0000][1][safepoint    ] Entering safepoint region: Cleanup
[2022-06-13T03:29:46.500+0000][1][safepoint    ] Leaving safepoint region
[2022-06-13T03:29:46.500+0000][1][safepoint    ] Total time for which application threads were stopped: 0.0013212 seconds, Stopping threads took: 0.0006404 seconds
[2022-06-13T03:29:51.502+0000][1][safepoint    ] Application time: 5.0008157 seconds
[2022-06-13T03:29:51.502+0000][1][safepoint    ] Entering safepoint region: Cleanup
[2022-06-13T03:29:51.503+0000][1][safepoint    ] Leaving safepoint region
[2022-06-13T03:29:51.503+0000][1][safepoint    ] Total time for which application threads were stopped: 0.0009454 seconds, Stopping threads took: 0.0003765 seconds
[2022-06-13T03:29:52.504+0000][1][safepoint    ] Application time: 1.0001623 seconds
[2022-06-13T03:29:52.504+0000][1][safepoint    ] Entering safepoint region: Cleanup
[2022-06-13T03:29:52.505+0000][1][safepoint    ] Leaving safepoint region
[2022-06-13T03:29:52.505+0000][1][safepoint    ] Total time for which application threads were stopped: 0.0006015 seconds, Stopping threads took: 0.0002699 seconds
[2022-06-13T03:29:53.505+0000][1][safepoint    ] Application time: 1.0001662 seconds
[2022-06-13T03:29:53.506+0000][1][safepoint    ] Entering safepoint region: Cleanup
[2022-06-13T03:29:53.506+0000][1][safepoint    ] Leaving safepoint region
[2022-06-13T03:29:53.507+0000][1][safepoint    ] Total time for which application threads were stopped: 0.0010320 seconds, Stopping threads took: 0.0004888 seconds
[2022-06-13T03:29:57.508+0000][1][safepoint    ] Application time: 4.0006983 seconds
[2022-06-13T03:29:57.509+0000][1][safepoint    ] Entering safepoint region: Cleanup
[2022-06-13T03:29:57.509+0000][1][safepoint    ] Leaving safepoint region
[2022-06-13T03:29:57.509+0000][1][safepoint    ] Total time for which application threads were stopped: 0.0005208 seconds, Stopping threads took: 0.0002424 seconds
[2022-06-13T03:29:59.510+0000][1][safepoint    ] Application time: 2.0004052 seconds
[2022-06-13T03:29:59.510+0000][1][safepoint    ] Entering safepoint region: Cleanup
[2022-06-13T03:29:59.511+0000][1][safepoint    ] Leaving safepoint region
[2022-06-13T03:29:59.511+0000][1][safepoint    ] Total time for which application threads were stopped: 0.0008067 seconds, Stopping threads took: 0.0003694 seconds
[2022-06-13T03:30:05.512+0000][1][safepoint    ] Application time: 6.0010867 seconds
[2022-06-13T03:30:05.513+0000][1][safepoint    ] Entering safepoint region: Cleanup
[2022-06-13T03:30:05.513+0000][1][safepoint    ] Leaving safepoint region
[2022-06-13T03:30:05.513+0000][1][safepoint    ] Total time for which application threads were stopped: 0.0006217 seconds, Stopping threads took: 0.0002886 seconds
[2022-06-13T03:30:06.514+0000][1][safepoint    ] Application time: 1.0001475 seconds
[2022-06-13T03:30:06.514+0000][1][safepoint    ] Entering safepoint region: Cleanup
[2022-06-13T03:30:06.514+0000][1][safepoint    ] Leaving safepoint region
[2022-06-13T03:30:06.514+0000][1][safepoint    ] Total time for which application threads were stopped: 0.0003493 seconds, Stopping threads took: 0.0001506 seconds
[2022-06-13T03:30:10.510+0000][1][safepoint    ] Application time: 3.9954722 seconds
[2022-06-13T03:30:10.510+0000][1][safepoint    ] Entering safepoint region: GenCollectForAllocation
[2022-06-13T03:30:10.510+0000][1][gc,start     ] GC(24) Pause Young (Allocation Failure)
[2022-06-13T03:30:10.511+0000][1][gc,task      ] GC(24) Using 5 workers of 13 for evacuation
[2022-06-13T03:30:10.514+0000][1][gc,age       ] GC(24) Desired survivor size 4456448 bytes, new threshold 6 (max threshold 6)
[2022-06-13T03:30:10.514+0000][1][gc,age       ] GC(24) Age table with threshold 6 (max threshold 6)
[2022-06-13T03:30:10.514+0000][1][gc,age       ] GC(24) - age   1:      10928 bytes,      10928 total
[2022-06-13T03:30:10.514+0000][1][gc,age       ] GC(24) - age   2:     112680 bytes,     123608 total
[2022-06-13T03:30:10.515+0000][1][gc,age       ] GC(24) - age   3:    2280576 bytes,    2404184 total
[2022-06-13T03:30:10.515+0000][1][gc,heap      ] GC(24) ParNew: 75871K->3304K(78656K)
[2022-06-13T03:30:10.515+0000][1][gc,heap      ] GC(24) CMS: 68093K->68093K(174784K)
[2022-06-13T03:30:10.515+0000][1][gc,metaspace ] GC(24) Metaspace: 67933K->67933K(1112064K)
[2022-06-13T03:30:10.516+0000][1][gc           ] GC(24) Pause Young (Allocation Failure) 140M->69M(247M) 5.354ms
[2022-06-13T03:30:10.516+0000][1][gc,cpu       ] GC(24) User=0.01s Sys=0.00s Real=0.00s
[2022-06-13T03:30:10.516+0000][1][safepoint    ] Leaving safepoint region
[2022-06-13T03:30:10.516+0000][1][safepoint    ] Total time for which application threads were stopped: 0.0063078 seconds, Stopping threads took: 0.0002001 seconds
[2022-06-13T03:30:11.517+0000][1][safepoint    ] Application time: 1.0002646 seconds
[2022-06-13T03:30:11.518+0000][1][safepoint    ] Entering safepoint region: Cleanup
[2022-06-13T03:30:11.518+0000][1][safepoint    ] Leaving safepoint region
[2022-06-13T03:30:11.518+0000][1][safepoint    ] Total time for which application threads were stopped: 0.0007353 seconds, Stopping threads took: 0.0002752 seconds
[2022-06-13T03:30:12.519+0000][1][safepoint    ] Application time: 1.0002104 seconds
[2022-06-13T03:30:12.519+0000][1][safepoint    ] Entering safepoint region: Cleanup
[2022-06-13T03:30:12.520+0000][1][safepoint    ] Leaving safepoint region
[2022-06-13T03:30:12.520+0000][1][safepoint    ] Total time for which application threads were stopped: 0.0008604 seconds, Stopping threads took: 0.0004085 seconds
[2022-06-13T03:30:14.521+0000][1][safepoint    ] Application time: 2.0003134 seconds
[2022-06-13T03:30:14.521+0000][1][safepoint    ] Entering safepoint region: Cleanup
[2022-06-13T03:30:14.522+0000][1][safepoint    ] Leaving safepoint region
[2022-06-13T03:30:14.522+0000][1][safepoint    ] Total time for which application threads were stopped: 0.0006752 seconds, Stopping threads took: 0.0002758 seconds
[2022-06-13T03:30:16.522+0000][1][safepoint    ] Application time: 2.0002162 seconds
[2022-06-13T03:30:16.523+0000][1][safepoint    ] Entering safepoint region: Cleanup
[2022-06-13T03:30:16.523+0000][1][safepoint    ] Leaving safepoint region
[2022-06-13T03:30:16.524+0000][1][safepoint    ] Total time for which application threads were stopped: 0.0007132 seconds, Stopping threads took: 0.0003923 seconds
[2022-06-13T03:30:50.530+0000][1][safepoint    ] Application time: 34.0060469 seconds
[2022-06-13T03:30:50.530+0000][1][safepoint    ] Entering safepoint region: Cleanup
[2022-06-13T03:30:50.531+0000][1][safepoint    ] Leaving safepoint region
[2022-06-13T03:30:50.531+0000][1][safepoint    ] Total time for which application threads were stopped: 0.0009128 seconds, Stopping threads took: 0.0004803 seconds
[2022-06-13T03:30:55.532+0000][1][safepoint    ] Application time: 5.0007563 seconds
[2022-06-13T03:30:55.533+0000][1][safepoint    ] Entering safepoint region: Cleanup
[2022-06-13T03:30:55.533+0000][1][safepoint    ] Leaving safepoint region
[2022-06-13T03:30:55.533+0000][1][safepoint    ] Total time for which application threads were stopped: 0.0005062 seconds, Stopping threads took: 0.0002153 seconds
[2022-06-13T03:30:56.534+0000][1][safepoint    ] Application time: 1.0003556 seconds
[2022-06-13T03:30:56.534+0000][1][safepoint    ] Entering safepoint region: Cleanup
[2022-06-13T03:30:56.535+0000][1][safepoint    ] Leaving safepoint region
[2022-06-13T03:30:56.535+0000][1][safepoint    ] Total time for which application threads were stopped: 0.0008398 seconds, Stopping threads took: 0.0003422 seconds
[2022-06-13T03:31:12.539+0000][1][safepoint    ] Application time: 16.0029147 seconds
[2022-06-13T03:31:12.539+0000][1][safepoint    ] Entering safepoint region: Cleanup
[2022-06-13T03:31:12.540+0000][1][safepoint    ] Leaving safepoint region
[2022-06-13T03:31:12.540+0000][1][safepoint    ] Total time for which application threads were stopped: 0.0008973 seconds, Stopping threads took: 0.0003998 seconds
[2022-06-13T03:31:36.545+0000][1][safepoint    ] Application time: 24.0042182 seconds
[2022-06-13T03:31:36.545+0000][1][safepoint    ] Entering safepoint region: Cleanup
[2022-06-13T03:31:36.546+0000][1][safepoint    ] Leaving safepoint region
[2022-06-13T03:31:36.546+0000][1][safepoint    ] Total time for which application threads were stopped: 0.0006830 seconds, Stopping threads took: 0.0003778 seconds
[2022-06-13T03:31:52.550+0000][1][safepoint    ] Application time: 16.0032854 seconds
[2022-06-13T03:31:52.550+0000][1][safepoint    ] Entering safepoint region: Cleanup
[2022-06-13T03:31:52.551+0000][1][safepoint    ] Leaving safepoint region
[2022-06-13T03:31:52.551+0000][1][safepoint    ] Total time for which application threads were stopped: 0.0008646 seconds, Stopping threads took: 0.0004206 seconds
[2022-06-13T03:31:55.552+0000][1][safepoint    ] Application time: 3.0006667 seconds
[2022-06-13T03:31:55.552+0000][1][safepoint    ] Entering safepoint region: Cleanup
[2022-06-13T03:31:55.553+0000][1][safepoint    ] Leaving safepoint region
[2022-06-13T03:31:55.554+0000][1][safepoint    ] Total time for which application threads were stopped: 0.0013933 seconds, Stopping threads took: 0.0006228 seconds
[2022-06-13T03:31:57.555+0000][1][safepoint    ] Application time: 2.0002848 seconds
[2022-06-13T03:31:57.555+0000][1][safepoint    ] Entering safepoint region: Cleanup
[2022-06-13T03:31:57.555+0000][1][safepoint    ] Leaving safepoint region
[2022-06-13T03:31:57.555+0000][1][safepoint    ] Total time for which application threads were stopped: 0.0003790 seconds, Stopping threads took: 0.0001433 seconds
[2022-06-13T03:32:12.367+0000][1][safepoint    ] Application time: 14.8114860 seconds
[2022-06-13T03:32:12.367+0000][1][safepoint    ] Entering safepoint region: GenCollectForAllocation
[2022-06-13T03:32:12.368+0000][1][gc,start     ] GC(25) Pause Young (Allocation Failure)
[2022-06-13T03:32:12.368+0000][1][gc,task      ] GC(25) Using 5 workers of 13 for evacuation
[2022-06-13T03:32:12.370+0000][1][gc,age       ] GC(25) Desired survivor size 4456448 bytes, new threshold 6 (max threshold 6)
[2022-06-13T03:32:12.370+0000][1][gc,age       ] GC(25) Age table with threshold 6 (max threshold 6)
[2022-06-13T03:32:12.371+0000][1][gc,age       ] GC(25) - age   1:       6352 bytes,       6352 total
[2022-06-13T03:32:12.371+0000][1][gc,age       ] GC(25) - age   2:       6632 bytes,      12984 total
[2022-06-13T03:32:12.371+0000][1][gc,age       ] GC(25) - age   3:     110920 bytes,     123904 total
[2022-06-13T03:32:12.371+0000][1][gc,age       ] GC(25) - age   4:    2194752 bytes,    2318656 total
[2022-06-13T03:32:12.372+0000][1][gc,heap      ] GC(25) ParNew: 73249K->3187K(78656K)
[2022-06-13T03:32:12.372+0000][1][gc,heap      ] GC(25) CMS: 68093K->68093K(174784K)
[2022-06-13T03:32:12.372+0000][1][gc,metaspace ] GC(25) Metaspace: 68029K->68029K(1112064K)
[2022-06-13T03:32:12.372+0000][1][gc           ] GC(25) Pause Young (Allocation Failure) 138M->69M(247M) 4.678ms
[2022-06-13T03:32:12.373+0000][1][gc,cpu       ] GC(25) User=0.01s Sys=0.00s Real=0.01s
[2022-06-13T03:32:12.373+0000][1][safepoint    ] Leaving safepoint region
[2022-06-13T03:32:12.373+0000][1][safepoint    ] Total time for which application threads were stopped: 0.0057598 seconds, Stopping threads took: 0.0002872 seconds
[2022-06-13T03:32:20.981+0000][1][safepoint    ] Application time: 8.6081887 seconds
[2022-06-13T03:32:20.982+0000][1][safepoint    ] Entering safepoint region: RevokeBias
[2022-06-13T03:32:20.983+0000][1][safepoint    ] Leaving safepoint region
[2022-06-13T03:32:20.983+0000][1][safepoint    ] Total time for which application threads were stopped: 0.0011510 seconds, Stopping threads took: 0.0006367 seconds
[2022-06-13T03:32:20.984+0000][1][safepoint    ] Application time: 0.0001780 seconds
[2022-06-13T03:32:20.984+0000][1][safepoint    ] Entering safepoint region: RevokeBias
[2022-06-13T03:32:20.984+0000][1][safepoint    ] Leaving safepoint region
[2022-06-13T03:32:20.985+0000][1][safepoint    ] Total time for which application threads were stopped: 0.0006632 seconds, Stopping threads took: 0.0003322 seconds
[2022-06-13T03:32:20.986+0000][1][safepoint    ] Application time: 0.0011773 seconds
[2022-06-13T03:32:20.986+0000][1][safepoint    ] Entering safepoint region: RevokeBias
[2022-06-13T03:32:20.987+0000][1][safepoint    ] Leaving safepoint region
[2022-06-13T03:32:20.987+0000][1][safepoint    ] Total time for which application threads were stopped: 0.0006781 seconds, Stopping threads took: 0.0003995 seconds
[2022-06-13T03:32:20.987+0000][1][safepoint    ] Application time: 0.0001784 seconds
[2022-06-13T03:32:20.989+0000][1][safepoint    ] Entering safepoint region: RevokeBias
[2022-06-13T03:32:20.990+0000][1][safepoint    ] Leaving safepoint region
[2022-06-13T03:32:20.990+0000][1][safepoint    ] Total time for which application threads were stopped: 0.0006852 seconds, Stopping threads took: 0.0002970 seconds
[2022-06-13T03:32:20.991+0000][1][safepoint    ] Application time: 0.0006128 seconds
[2022-06-13T03:32:20.991+0000][1][safepoint    ] Entering safepoint region: RevokeBias
[2022-06-13T03:32:20.991+0000][1][safepoint    ] Leaving safepoint region
[2022-06-13T03:32:20.992+0000][1][safepoint    ] Total time for which application threads were stopped: 0.0006163 seconds, Stopping threads took: 0.0003039 seconds
[2022-06-13T03:32:20.992+0000][1][safepoint    ] Application time: 0.0003752 seconds
[2022-06-13T03:32:20.993+0000][1][safepoint    ] Entering safepoint region: RevokeBias
[2022-06-13T03:32:20.993+0000][1][safepoint    ] Leaving safepoint region
[2022-06-13T03:32:20.993+0000][1][safepoint    ] Total time for which application threads were stopped: 0.0005625 seconds, Stopping threads took: 0.0002431 seconds
[2022-06-13T03:32:20.994+0000][1][safepoint    ] Application time: 0.0012846 seconds
[2022-06-13T03:32:20.995+0000][1][safepoint    ] Entering safepoint region: RevokeBias
[2022-06-13T03:32:20.995+0000][1][safepoint    ] Leaving safepoint region
[2022-06-13T03:32:20.996+0000][1][safepoint    ] Total time for which application threads were stopped: 0.0008542 seconds, Stopping threads took: 0.0005432 seconds
[2022-06-13T03:32:20.997+0000][1][safepoint    ] Application time: 0.0010661 seconds
[2022-06-13T03:32:20.997+0000][1][safepoint    ] Entering safepoint region: RevokeBias
[2022-06-13T03:32:20.998+0000][1][safepoint    ] Leaving safepoint region
[2022-06-13T03:32:20.998+0000][1][safepoint    ] Total time for which application threads were stopped: 0.0007690 seconds, Stopping threads took: 0.0004091 seconds
[2022-06-13T03:32:20.998+0000][1][safepoint    ] Application time: 0.0004111 seconds
[2022-06-13T03:32:20.999+0000][1][safepoint    ] Entering safepoint region: RevokeBias
[2022-06-13T03:32:20.999+0000][1][safepoint    ] Leaving safepoint region
[2022-06-13T03:32:20.999+0000][1][safepoint    ] Total time for which application threads were stopped: 0.0005522 seconds, Stopping threads took: 0.0002233 seconds
[2022-06-13T03:32:21.000+0000][1][safepoint    ] Application time: 0.0002226 seconds
[2022-06-13T03:32:21.000+0000][1][safepoint    ] Entering safepoint region: RevokeBias
[2022-06-13T03:32:21.000+0000][1][safepoint    ] Leaving safepoint region
[2022-06-13T03:32:21.000+0000][1][safepoint    ] Total time for which application threads were stopped: 0.0004848 seconds, Stopping threads took: 0.0002552 seconds
[2022-06-13T03:32:21.001+0000][1][safepoint    ] Application time: 0.0001591 seconds
[2022-06-13T03:32:21.001+0000][1][safepoint    ] Entering safepoint region: RevokeBias
[2022-06-13T03:32:21.001+0000][1][safepoint    ] Leaving safepoint region
[2022-06-13T03:32:21.002+0000][1][safepoint    ] Total time for which application threads were stopped: 0.0005666 seconds, Stopping threads took: 0.0001722 seconds
[2022-06-13T03:32:21.002+0000][1][safepoint    ] Application time: 0.0001823 seconds
[2022-06-13T03:32:21.003+0000][1][safepoint    ] Entering safepoint region: RevokeBias
[2022-06-13T03:32:21.003+0000][1][safepoint    ] Leaving safepoint region
[2022-06-13T03:32:21.003+0000][1][safepoint    ] Total time for which application threads were stopped: 0.0006729 seconds, Stopping threads took: 0.0003377 seconds
[2022-06-13T03:32:21.004+0000][1][safepoint    ] Application time: 0.0005670 seconds
[2022-06-13T03:32:21.004+0000][1][safepoint    ] Entering safepoint region: RevokeBias
[2022-06-13T03:32:21.004+0000][1][safepoint    ] Leaving safepoint region
[2022-06-13T03:32:21.005+0000][1][safepoint    ] Total time for which application threads were stopped: 0.0005211 seconds, Stopping threads took: 0.0002154 seconds
[2022-06-13T03:32:21.005+0000][1][safepoint    ] Application time: 0.0002790 seconds
[2022-06-13T03:32:21.005+0000][1][safepoint    ] Entering safepoint region: RevokeBias
[2022-06-13T03:32:21.006+0000][1][safepoint    ] Leaving safepoint region
[2022-06-13T03:32:21.006+0000][1][safepoint    ] Total time for which application threads were stopped: 0.0005007 seconds, Stopping threads took: 0.0001399 seconds
[2022-06-13T03:32:21.006+0000][1][safepoint    ] Application time: 0.0003471 seconds
[2022-06-13T03:32:21.007+0000][1][safepoint    ] Entering safepoint region: RevokeBias
[2022-06-13T03:32:21.008+0000][1][safepoint    ] Leaving safepoint region
[2022-06-13T03:32:21.008+0000][1][safepoint    ] Total time for which application threads were stopped: 0.0014151 seconds, Stopping threads took: 0.0004018 seconds
[2022-06-13T03:32:21.009+0000][1][safepoint    ] Application time: 0.0002123 seconds
[2022-06-13T03:32:21.009+0000][1][safepoint    ] Entering safepoint region: RevokeBias
[2022-06-13T03:32:21.010+0000][1][safepoint    ] Leaving safepoint region
[2022-06-13T03:32:21.010+0000][1][safepoint    ] Total time for which application threads were stopped: 0.0004942 seconds, Stopping threads took: 0.0001120 seconds
[2022-06-13T03:32:21.011+0000][1][safepoint    ] Application time: 0.0003149 seconds
[2022-06-13T03:32:21.011+0000][1][safepoint    ] Entering safepoint region: RevokeBias
[2022-06-13T03:32:21.011+0000][1][safepoint    ] Leaving safepoint region
[2022-06-13T03:32:21.011+0000][1][safepoint    ] Total time for which application threads were stopped: 0.0004433 seconds, Stopping threads took: 0.0001550 seconds
[2022-06-13T03:32:21.012+0000][1][safepoint    ] Application time: 0.0003030 seconds
[2022-06-13T03:32:21.012+0000][1][safepoint    ] Entering safepoint region: RevokeBias
[2022-06-13T03:32:21.012+0000][1][safepoint    ] Leaving safepoint region
[2022-06-13T03:32:21.013+0000][1][safepoint    ] Total time for which application threads were stopped: 0.0002995 seconds, Stopping threads took: 0.0001137 seconds
[2022-06-13T03:32:21.013+0000][1][safepoint    ] Application time: 0.0002594 seconds
[2022-06-13T03:32:21.013+0000][1][safepoint    ] Entering safepoint region: RevokeBias
[2022-06-13T03:32:21.014+0000][1][safepoint    ] Leaving safepoint region
[2022-06-13T03:32:21.014+0000][1][safepoint    ] Total time for which application threads were stopped: 0.0004354 seconds, Stopping threads took: 0.0001461 seconds
[2022-06-13T03:32:21.014+0000][1][safepoint    ] Application time: 0.0002272 seconds
[2022-06-13T03:32:21.015+0000][1][safepoint    ] Entering safepoint region: RevokeBias
[2022-06-13T03:32:21.015+0000][1][safepoint    ] Leaving safepoint region
[2022-06-13T03:32:21.015+0000][1][safepoint    ] Total time for which application threads were stopped: 0.0005874 seconds, Stopping threads took: 0.0002843 seconds
[2022-06-13T03:32:21.016+0000][1][safepoint    ] Application time: 0.0002631 seconds
[2022-06-13T03:32:21.016+0000][1][safepoint    ] Entering safepoint region: RevokeBias
[2022-06-13T03:32:21.017+0000][1][safepoint    ] Leaving safepoint region
[2022-06-13T03:32:21.017+0000][1][safepoint    ] Total time for which application threads were stopped: 0.0005505 seconds, Stopping threads took: 0.0003660 seconds
[2022-06-13T03:32:21.017+0000][1][safepoint    ] Application time: 0.0003071 seconds
[2022-06-13T03:32:21.018+0000][1][safepoint    ] Entering safepoint region: RevokeBias
[2022-06-13T03:32:21.018+0000][1][safepoint    ] Leaving safepoint region
[2022-06-13T03:32:21.018+0000][1][safepoint    ] Total time for which application threads were stopped: 0.0004019 seconds, Stopping threads took: 0.0002023 seconds
[2022-06-13T03:32:21.019+0000][1][safepoint    ] Application time: 0.0003749 seconds
[2022-06-13T03:32:21.019+0000][1][safepoint    ] Entering safepoint region: RevokeBias
[2022-06-13T03:32:21.019+0000][1][safepoint    ] Leaving safepoint region
[2022-06-13T03:32:21.020+0000][1][safepoint    ] Total time for which application threads were stopped: 0.0006463 seconds, Stopping threads took: 0.0002375 seconds
[2022-06-13T03:32:21.020+0000][1][safepoint    ] Application time: 0.0003475 seconds
[2022-06-13T03:32:21.020+0000][1][safepoint    ] Entering safepoint region: RevokeBias
[2022-06-13T03:32:21.021+0000][1][safepoint    ] Leaving safepoint region
[2022-06-13T03:32:21.021+0000][1][safepoint    ] Total time for which application threads were stopped: 0.0006055 seconds, Stopping threads took: 0.0004412 seconds
[2022-06-13T03:32:21.021+0000][1][safepoint    ] Application time: 0.0001966 seconds
[2022-06-13T03:32:21.021+0000][1][safepoint    ] Entering safepoint region: RevokeBias
[2022-06-13T03:32:21.021+0000][1][safepoint    ] Leaving safepoint region
[2022-06-13T03:32:21.022+0000][1][safepoint    ] Total time for which application threads were stopped: 0.0004011 seconds, Stopping threads took: 0.0001995 seconds
[2022-06-13T03:32:21.022+0000][1][safepoint    ] Application time: 0.0002242 seconds
[2022-06-13T03:32:21.022+0000][1][safepoint    ] Entering safepoint region: RevokeBias
[2022-06-13T03:32:21.022+0000][1][safepoint    ] Leaving safepoint region
[2022-06-13T03:32:21.023+0000][1][safepoint    ] Total time for which application threads were stopped: 0.0003326 seconds, Stopping threads took: 0.0001587 seconds
[2022-06-13T03:32:21.023+0000][1][safepoint    ] Application time: 0.0001062 seconds
[2022-06-13T03:32:21.023+0000][1][safepoint    ] Entering safepoint region: RevokeBias
[2022-06-13T03:32:21.023+0000][1][safepoint    ] Leaving safepoint region
[2022-06-13T03:32:21.024+0000][1][safepoint    ] Total time for which application threads were stopped: 0.0004126 seconds, Stopping threads took: 0.0002272 seconds
[2022-06-13T03:32:21.024+0000][1][safepoint    ] Application time: 0.0002018 seconds
[2022-06-13T03:32:21.024+0000][1][safepoint    ] Entering safepoint region: BulkRevokeBias
[2022-06-13T03:32:21.025+0000][1][safepoint    ] Leaving safepoint region
[2022-06-13T03:32:21.025+0000][1][safepoint    ] Total time for which application threads were stopped: 0.0010434 seconds, Stopping threads took: 0.0003693 seconds
[2022-06-13T03:32:21.026+0000][1][safepoint    ] Application time: 0.0007335 seconds
[2022-06-13T03:32:21.026+0000][1][safepoint    ] Entering safepoint region: RevokeBias
[2022-06-13T03:32:21.027+0000][1][safepoint    ] Leaving safepoint region
[2022-06-13T03:32:21.027+0000][1][safepoint    ] Total time for which application threads were stopped: 0.0005311 seconds, Stopping threads took: 0.0002125 seconds
[2022-06-13T03:32:21.028+0000][1][safepoint    ] Application time: 0.0004474 seconds
[2022-06-13T03:32:21.028+0000][1][safepoint    ] Entering safepoint region: RevokeBias
[2022-06-13T03:32:21.028+0000][1][safepoint    ] Leaving safepoint region
[2022-06-13T03:32:21.028+0000][1][safepoint    ] Total time for which application threads were stopped: 0.0004834 seconds, Stopping threads took: 0.0001707 seconds
[2022-06-13T03:32:21.029+0000][1][safepoint    ] Application time: 0.0001676 seconds
[2022-06-13T03:32:21.029+0000][1][safepoint    ] Entering safepoint region: RevokeBias
[2022-06-13T03:32:21.029+0000][1][safepoint    ] Leaving safepoint region
[2022-06-13T03:32:21.029+0000][1][safepoint    ] Total time for which application threads were stopped: 0.0005955 seconds, Stopping threads took: 0.0002840 seconds
[2022-06-13T03:32:21.031+0000][1][safepoint    ] Application time: 0.0011319 seconds
[2022-06-13T03:32:21.031+0000][1][safepoint    ] Entering safepoint region: RevokeBias
[2022-06-13T03:32:21.031+0000][1][safepoint    ] Leaving safepoint region
[2022-06-13T03:32:21.031+0000][1][safepoint    ] Total time for which application threads were stopped: 0.0004554 seconds, Stopping threads took: 0.0001827 seconds
[2022-06-13T03:32:21.051+0000][1][safepoint    ] Application time: 0.0196062 seconds
[2022-06-13T03:32:21.051+0000][1][safepoint    ] Entering safepoint region: RevokeBias
[2022-06-13T03:32:21.052+0000][1][safepoint    ] Leaving safepoint region
[2022-06-13T03:32:21.052+0000][1][safepoint    ] Total time for which application threads were stopped: 0.0006990 seconds, Stopping threads took: 0.0002301 seconds
[2022-06-13T03:32:21.053+0000][1][safepoint    ] Application time: 0.0002585 seconds
[2022-06-13T03:32:21.053+0000][1][safepoint    ] Entering safepoint region: RevokeBias
[2022-06-13T03:32:21.053+0000][1][safepoint    ] Leaving safepoint region
[2022-06-13T03:32:21.053+0000][1][safepoint    ] Total time for which application threads were stopped: 0.0006062 seconds, Stopping threads took: 0.0002251 seconds
[2022-06-13T03:32:21.055+0000][1][safepoint    ] Application time: 0.0015572 seconds
[2022-06-13T03:32:21.055+0000][1][safepoint    ] Entering safepoint region: RevokeBias
[2022-06-13T03:32:21.056+0000][1][safepoint    ] Leaving safepoint region
[2022-06-13T03:32:21.056+0000][1][safepoint    ] Total time for which application threads were stopped: 0.0006431 seconds, Stopping threads took: 0.0002767 seconds
[2022-06-13T03:32:21.057+0000][1][safepoint    ] Application time: 0.0005319 seconds
[2022-06-13T03:32:21.057+0000][1][safepoint    ] Entering safepoint region: RevokeBias
[2022-06-13T03:32:21.057+0000][1][safepoint    ] Leaving safepoint region
[2022-06-13T03:32:21.057+0000][1][safepoint    ] Total time for which application threads were stopped: 0.0005873 seconds, Stopping threads took: 0.0001664 seconds
[2022-06-13T03:32:21.058+0000][1][safepoint    ] Application time: 0.0002888 seconds
[2022-06-13T03:32:21.058+0000][1][safepoint    ] Entering safepoint region: RevokeBias
[2022-06-13T03:32:21.058+0000][1][safepoint    ] Leaving safepoint region
[2022-06-13T03:32:21.059+0000][1][safepoint    ] Total time for which application threads were stopped: 0.0004260 seconds, Stopping threads took: 0.0001796 seconds
[2022-06-13T03:32:21.059+0000][1][safepoint    ] Application time: 0.0005025 seconds
[2022-06-13T03:32:21.060+0000][1][safepoint    ] Entering safepoint region: RevokeBias
[2022-06-13T03:32:21.060+0000][1][safepoint    ] Leaving safepoint region
[2022-06-13T03:32:21.061+0000][1][safepoint    ] Total time for which application threads were stopped: 0.0007945 seconds, Stopping threads took: 0.0005162 seconds
[2022-06-13T03:32:21.061+0000][1][safepoint    ] Application time: 0.0001356 seconds
[2022-06-13T03:32:21.061+0000][1][safepoint    ] Entering safepoint region: RevokeBias
[2022-06-13T03:32:21.062+0000][1][safepoint    ] Leaving safepoint region
[2022-06-13T03:32:21.064+0000][1][safepoint    ] Total time for which application threads were stopped: 0.0024967 seconds, Stopping threads took: 0.0004877 seconds
[2022-06-13T03:32:21.065+0000][1][safepoint    ] Application time: 0.0006107 seconds
[2022-06-13T03:32:21.066+0000][1][safepoint    ] Entering safepoint region: RevokeBias
[2022-06-13T03:32:21.066+0000][1][safepoint    ] Leaving safepoint region
[2022-06-13T03:32:21.067+0000][1][safepoint    ] Total time for which application threads were stopped: 0.0007758 seconds, Stopping threads took: 0.0003086 seconds
[2022-06-13T03:32:21.068+0000][1][safepoint    ] Application time: 0.0008511 seconds
[2022-06-13T03:32:21.068+0000][1][safepoint    ] Entering safepoint region: RevokeBias
[2022-06-13T03:32:21.070+0000][1][safepoint    ] Leaving safepoint region
[2022-06-13T03:32:21.070+0000][1][safepoint    ] Total time for which application threads were stopped: 0.0025449 seconds, Stopping threads took: 0.0002338 seconds
[2022-06-13T03:32:21.446+0000][1][safepoint    ] Application time: 0.3753744 seconds
[2022-06-13T03:32:21.447+0000][1][safepoint    ] Entering safepoint region: RevokeBias
[2022-06-13T03:32:21.447+0000][1][safepoint    ] Leaving safepoint region
[2022-06-13T03:32:21.447+0000][1][safepoint    ] Total time for which application threads were stopped: 0.0006223 seconds, Stopping threads took: 0.0003611 seconds
[2022-06-13T03:32:21.448+0000][1][safepoint    ] Application time: 0.0002749 seconds
[2022-06-13T03:32:21.448+0000][1][safepoint    ] Entering safepoint region: RevokeBias
[2022-06-13T03:32:21.449+0000][1][safepoint    ] Leaving safepoint region
[2022-06-13T03:32:21.449+0000][1][safepoint    ] Total time for which application threads were stopped: 0.0008079 seconds, Stopping threads took: 0.0003859 seconds
[2022-06-13T03:32:21.449+0000][1][safepoint    ] Application time: 0.0001166 seconds
[2022-06-13T03:32:21.450+0000][1][safepoint    ] Entering safepoint region: RevokeBias
[2022-06-13T03:32:21.450+0000][1][safepoint    ] Leaving safepoint region
[2022-06-13T03:32:21.451+0000][1][safepoint    ] Total time for which application threads were stopped: 0.0007464 seconds, Stopping threads took: 0.0003552 seconds
[2022-06-13T03:32:21.451+0000][1][safepoint    ] Application time: 0.0001025 seconds
[2022-06-13T03:32:21.451+0000][1][safepoint    ] Entering safepoint region: RevokeBias
[2022-06-13T03:32:21.452+0000][1][safepoint    ] Leaving safepoint region
[2022-06-13T03:32:21.452+0000][1][safepoint    ] Total time for which application threads were stopped: 0.0007006 seconds, Stopping threads took: 0.0003657 seconds
[2022-06-13T03:32:21.452+0000][1][safepoint    ] Application time: 0.0001731 seconds
[2022-06-13T03:32:21.453+0000][1][safepoint    ] Entering safepoint region: RevokeBias
[2022-06-13T03:32:21.453+0000][1][safepoint    ] Leaving safepoint region
[2022-06-13T03:32:21.454+0000][1][safepoint    ] Total time for which application threads were stopped: 0.0008324 seconds, Stopping threads took: 0.0005863 seconds
[2022-06-13T03:32:21.454+0000][1][safepoint    ] Application time: 0.0005133 seconds
[2022-06-13T03:32:21.455+0000][1][safepoint    ] Entering safepoint region: RevokeBias
[2022-06-13T03:32:21.455+0000][1][safepoint    ] Leaving safepoint region
[2022-06-13T03:32:21.455+0000][1][safepoint    ] Total time for which application threads were stopped: 0.0003924 seconds, Stopping threads took: 0.0002084 seconds
[2022-06-13T03:32:21.457+0000][1][safepoint    ] Application time: 0.0018463 seconds
[2022-06-13T03:32:21.458+0000][1][safepoint    ] Entering safepoint region: RevokeBias
[2022-06-13T03:32:21.458+0000][1][safepoint    ] Leaving safepoint region
[2022-06-13T03:32:21.459+0000][1][safepoint    ] Total time for which application threads were stopped: 0.0014015 seconds, Stopping threads took: 0.0009663 seconds
[2022-06-13T03:32:21.459+0000][1][safepoint    ] Application time: 0.0002202 seconds
[2022-06-13T03:32:21.460+0000][1][safepoint    ] Entering safepoint region: RevokeBias
[2022-06-13T03:32:21.460+0000][1][safepoint    ] Leaving safepoint region
[2022-06-13T03:32:21.461+0000][1][safepoint    ] Total time for which application threads were stopped: 0.0009769 seconds, Stopping threads took: 0.0004572 seconds
[2022-06-13T03:32:21.461+0000][1][safepoint    ] Application time: 0.0001902 seconds
[2022-06-13T03:32:21.462+0000][1][safepoint    ] Entering safepoint region: RevokeBias
[2022-06-13T03:32:21.462+0000][1][safepoint    ] Leaving safepoint region
[2022-06-13T03:32:21.462+0000][1][safepoint    ] Total time for which application threads were stopped: 0.0007029 seconds, Stopping threads took: 0.0002176 seconds
[2022-06-13T03:32:21.463+0000][1][safepoint    ] Application time: 0.0002009 seconds
[2022-06-13T03:32:21.463+0000][1][safepoint    ] Entering safepoint region: RevokeBias
[2022-06-13T03:32:21.463+0000][1][safepoint    ] Leaving safepoint region
[2022-06-13T03:32:21.463+0000][1][safepoint    ] Total time for which application threads were stopped: 0.0002062 seconds, Stopping threads took: 0.0001028 seconds
[2022-06-13T03:32:21.464+0000][1][safepoint    ] Application time: 0.0000958 seconds
[2022-06-13T03:32:21.464+0000][1][safepoint    ] Entering safepoint region: RevokeBias
[2022-06-13T03:32:21.464+0000][1][safepoint    ] Leaving safepoint region
[2022-06-13T03:32:21.464+0000][1][safepoint    ] Total time for which application threads were stopped: 0.0002727 seconds, Stopping threads took: 0.0001225 seconds
[2022-06-13T03:32:21.464+0000][1][safepoint    ] Application time: 0.0001395 seconds
[2022-06-13T03:32:21.464+0000][1][safepoint    ] Entering safepoint region: RevokeBias
[2022-06-13T03:32:21.465+0000][1][safepoint    ] Leaving safepoint region
[2022-06-13T03:32:21.465+0000][1][safepoint    ] Total time for which application threads were stopped: 0.0003283 seconds, Stopping threads took: 0.0001424 seconds
[2022-06-13T03:32:21.465+0000][1][safepoint    ] Application time: 0.0001303 seconds
[2022-06-13T03:32:21.465+0000][1][safepoint    ] Entering safepoint region: RevokeBias
[2022-06-13T03:32:21.465+0000][1][safepoint    ] Leaving safepoint region
[2022-06-13T03:32:21.465+0000][1][safepoint    ] Total time for which application threads were stopped: 0.0002269 seconds, Stopping threads took: 0.0000958 seconds
[2022-06-13T03:32:21.466+0000][1][safepoint    ] Application time: 0.0001769 seconds
[2022-06-13T03:32:21.466+0000][1][safepoint    ] Entering safepoint region: RevokeBias
[2022-06-13T03:32:21.466+0000][1][safepoint    ] Leaving safepoint region
[2022-06-13T03:32:21.466+0000][1][safepoint    ] Total time for which application threads were stopped: 0.0002447 seconds, Stopping threads took: 0.0001176 seconds
[2022-06-13T03:32:21.466+0000][1][safepoint    ] Application time: 0.0000897 seconds
[2022-06-13T03:32:21.467+0000][1][safepoint    ] Entering safepoint region: RevokeBias
[2022-06-13T03:32:21.467+0000][1][safepoint    ] Leaving safepoint region
[2022-06-13T03:32:21.467+0000][1][safepoint    ] Total time for which application threads were stopped: 0.0001941 seconds, Stopping threads took: 0.0000939 seconds
[2022-06-13T03:32:21.467+0000][1][safepoint    ] Application time: 0.0000727 seconds
[2022-06-13T03:32:21.467+0000][1][safepoint    ] Entering safepoint region: RevokeBias
[2022-06-13T03:32:21.467+0000][1][safepoint    ] Leaving safepoint region
[2022-06-13T03:32:21.467+0000][1][safepoint    ] Total time for which application threads were stopped: 0.0002290 seconds, Stopping threads took: 0.0001081 seconds
[2022-06-13T03:32:21.468+0000][1][safepoint    ] Application time: 0.0002749 seconds
[2022-06-13T03:32:21.468+0000][1][safepoint    ] Entering safepoint region: RevokeBias
[2022-06-13T03:32:21.468+0000][1][safepoint    ] Leaving safepoint region
[2022-06-13T03:32:21.468+0000][1][safepoint    ] Total time for which application threads were stopped: 0.0003057 seconds, Stopping threads took: 0.0001841 seconds
[2022-06-13T03:32:21.468+0000][1][safepoint    ] Application time: 0.0000946 seconds
[2022-06-13T03:32:21.468+0000][1][safepoint    ] Entering safepoint region: RevokeBias
[2022-06-13T03:32:21.469+0000][1][safepoint    ] Leaving safepoint region
[2022-06-13T03:32:21.469+0000][1][safepoint    ] Total time for which application threads were stopped: 0.0002506 seconds, Stopping threads took: 0.0001004 seconds
[2022-06-13T03:32:21.469+0000][1][safepoint    ] Application time: 0.0000820 seconds
[2022-06-13T03:32:21.469+0000][1][safepoint    ] Entering safepoint region: RevokeBias
[2022-06-13T03:32:21.469+0000][1][safepoint    ] Leaving safepoint region
[2022-06-13T03:32:21.469+0000][1][safepoint    ] Total time for which application threads were stopped: 0.0003662 seconds, Stopping threads took: 0.0002178 seconds
[2022-06-13T03:32:21.471+0000][1][safepoint    ] Application time: 0.0019350 seconds
[2022-06-13T03:32:21.472+0000][1][safepoint    ] Entering safepoint region: RevokeBias
[2022-06-13T03:32:21.472+0000][1][safepoint    ] Leaving safepoint region
[2022-06-13T03:32:21.472+0000][1][safepoint    ] Total time for which application threads were stopped: 0.0004032 seconds, Stopping threads took: 0.0001330 seconds
[2022-06-13T03:32:21.479+0000][1][safepoint    ] Application time: 0.0067257 seconds
[2022-06-13T03:32:21.479+0000][1][safepoint    ] Entering safepoint region: RevokeBias
[2022-06-13T03:32:21.480+0000][1][safepoint    ] Leaving safepoint region
[2022-06-13T03:32:21.480+0000][1][safepoint    ] Total time for which application threads were stopped: 0.0004477 seconds, Stopping threads took: 0.0002708 seconds
[2022-06-13T03:32:21.480+0000][1][safepoint    ] Application time: 0.0004678 seconds
[2022-06-13T03:32:21.481+0000][1][safepoint    ] Entering safepoint region: RevokeBias
[2022-06-13T03:32:21.481+0000][1][safepoint    ] Leaving safepoint region
[2022-06-13T03:32:21.481+0000][1][safepoint    ] Total time for which application threads were stopped: 0.0004005 seconds, Stopping threads took: 0.0002213 seconds
[2022-06-13T03:32:21.482+0000][1][safepoint    ] Application time: 0.0012571 seconds
[2022-06-13T03:32:21.483+0000][1][safepoint    ] Entering safepoint region: RevokeBias
[2022-06-13T03:32:21.483+0000][1][safepoint    ] Leaving safepoint region
[2022-06-13T03:32:21.483+0000][1][safepoint    ] Total time for which application threads were stopped: 0.0003566 seconds, Stopping threads took: 0.0001801 seconds
[2022-06-13T03:32:21.483+0000][1][safepoint    ] Application time: 0.0003282 seconds
[2022-06-13T03:32:21.484+0000][1][safepoint    ] Entering safepoint region: RevokeBias
[2022-06-13T03:32:21.484+0000][1][safepoint    ] Leaving safepoint region
[2022-06-13T03:32:21.484+0000][1][safepoint    ] Total time for which application threads were stopped: 0.0006367 seconds, Stopping threads took: 0.0004018 seconds
[2022-06-13T03:32:21.486+0000][1][safepoint    ] Application time: 0.0016161 seconds
[2022-06-13T03:32:21.486+0000][1][safepoint    ] Entering safepoint region: RevokeBias
[2022-06-13T03:32:21.487+0000][1][safepoint    ] Leaving safepoint region
[2022-06-13T03:32:21.487+0000][1][safepoint    ] Total time for which application threads were stopped: 0.0004486 seconds, Stopping threads took: 0.0002143 seconds
[2022-06-13T03:32:21.487+0000][1][safepoint    ] Application time: 0.0001535 seconds
[2022-06-13T03:32:21.487+0000][1][safepoint    ] Entering safepoint region: RevokeBias
[2022-06-13T03:32:21.488+0000][1][safepoint    ] Leaving safepoint region
[2022-06-13T03:32:21.488+0000][1][safepoint    ] Total time for which application threads were stopped: 0.0005000 seconds, Stopping threads took: 0.0002652 seconds
[2022-06-13T03:32:21.491+0000][1][safepoint    ] Application time: 0.0030004 seconds
[2022-06-13T03:32:21.491+0000][1][safepoint    ] Entering safepoint region: RevokeBias
[2022-06-13T03:32:21.492+0000][1][safepoint    ] Leaving safepoint region
[2022-06-13T03:32:21.492+0000][1][safepoint    ] Total time for which application threads were stopped: 0.0004785 seconds, Stopping threads took: 0.0001369 seconds
[2022-06-13T03:32:21.495+0000][1][gc,heap,exit ] Heap
[2022-06-13T03:32:21.495+0000][1][gc,heap,exit ]  par new generation   total 78656K, used 22705K [0x00000000f0000000, 0x00000000f5550000, 0x00000000f5550000)
[2022-06-13T03:32:21.495+0000][1][gc,heap,exit ]   eden space 69952K,  27% used [0x00000000f0000000, 0x00000000f130f6a0, 0x00000000f4450000)
[2022-06-13T03:32:21.496+0000][1][gc,heap,exit ]   from space 8704K,  36% used [0x00000000f4450000, 0x00000000f476cf98, 0x00000000f4cd0000)
[2022-06-13T03:32:21.496+0000][1][gc,heap,exit ]   to   space 8704K,   0% used [0x00000000f4cd0000, 0x00000000f4cd0000, 0x00000000f5550000)
[2022-06-13T03:32:21.496+0000][1][gc,heap,exit ]  concurrent mark-sweep generation total 174784K, used 68093K [0x00000000f5550000, 0x0000000100000000, 0x0000000100000000)
[2022-06-13T03:32:21.496+0000][1][gc,heap,exit ]  Metaspace       used 68306K, capacity 73300K, committed 73360K, reserved 1112064K
[2022-06-13T03:32:21.496+0000][1][gc,heap,exit ]   class space    used 9190K, capacity 11294K, committed 11304K, reserved 1048576K
[2022-06-13T03:32:21.496+0000][1][safepoint    ] Application time: 0.0040679 seconds
[2022-06-13T03:32:21.496+0000][1][safepoint    ] Entering safepoint region: Exit
