[2022-06-13T01:32:13.400+0000][1][gc] Using Concurrent Mark Sweep
[2022-06-13T01:32:13.400+0000][1][gc,heap,coops] Heap address: 0x00000000f0000000, size: 256 MB, Compressed Oops mode: 32-bit
[2022-06-13T01:32:13.452+0000][1][safepoint    ] Entering safepoint region: EnableBiasedLocking
[2022-06-13T01:32:13.453+0000][1][safepoint    ] Leaving safepoint region
[2022-06-13T01:32:13.453+0000][1][safepoint    ] Total time for which application threads were stopped: 0.0006033 seconds, Stopping threads took: 0.0003044 seconds
[2022-06-13T01:32:13.457+0000][1][safepoint    ] Application time: 0.0032035 seconds
[2022-06-13T01:32:13.457+0000][1][safepoint    ] Entering safepoint region: RevokeBias
[2022-06-13T01:32:13.491+0000][1][safepoint    ] Leaving safepoint region
[2022-06-13T01:32:13.491+0000][1][safepoint    ] Total time for which application threads were stopped: 0.0345217 seconds, Stopping threads took: 0.0340818 seconds
[2022-06-13T01:32:13.502+0000][1][safepoint    ] Application time: 0.0103644 seconds
[2022-06-13T01:32:13.502+0000][1][safepoint    ] Entering safepoint region: Deoptimize
[2022-06-13T01:32:13.503+0000][1][safepoint    ] Leaving safepoint region
[2022-06-13T01:32:13.503+0000][1][safepoint    ] Total time for which application threads were stopped: 0.0004994 seconds, Stopping threads took: 0.0001769 seconds
[2022-06-13T01:32:13.617+0000][1][safepoint    ] Application time: 0.1143889 seconds
[2022-06-13T01:32:13.618+0000][1][safepoint    ] Entering safepoint region: RevokeBias
[2022-06-13T01:32:13.618+0000][1][safepoint    ] Leaving safepoint region
[2022-06-13T01:32:13.618+0000][1][safepoint    ] Total time for which application threads were stopped: 0.0005363 seconds, Stopping threads took: 0.0002539 seconds
[2022-06-13T01:32:13.664+0000][1][safepoint    ] Application time: 0.0453774 seconds
[2022-06-13T01:32:13.665+0000][1][safepoint    ] Entering safepoint region: Deoptimize
[2022-06-13T01:32:13.665+0000][1][safepoint    ] Leaving safepoint region
[2022-06-13T01:32:13.665+0000][1][safepoint    ] Total time for which application threads were stopped: 0.0008430 seconds, Stopping threads took: 0.0002922 seconds
[2022-06-13T01:32:14.083+0000][1][safepoint    ] Application time: 0.4175658 seconds
[2022-06-13T01:32:14.084+0000][1][safepoint    ] Entering safepoint region: Deoptimize
[2022-06-13T01:32:14.084+0000][1][safepoint    ] Leaving safepoint region
[2022-06-13T01:32:14.085+0000][1][safepoint    ] Total time for which application threads were stopped: 0.0008650 seconds, Stopping threads took: 0.0003349 seconds
[2022-06-13T01:32:14.107+0000][1][safepoint    ] Application time: 0.0220053 seconds
[2022-06-13T01:32:14.108+0000][1][safepoint    ] Entering safepoint region: Deoptimize
[2022-06-13T01:32:14.108+0000][1][safepoint    ] Leaving safepoint region
[2022-06-13T01:32:14.109+0000][1][safepoint    ] Total time for which application threads were stopped: 0.0008342 seconds, Stopping threads took: 0.0003293 seconds
[2022-06-13T01:32:14.180+0000][1][safepoint    ] Application time: 0.0709295 seconds
[2022-06-13T01:32:14.180+0000][1][safepoint    ] Entering safepoint region: Deoptimize
[2022-06-13T01:32:14.181+0000][1][safepoint    ] Leaving safepoint region
[2022-06-13T01:32:14.181+0000][1][safepoint    ] Total time for which application threads were stopped: 0.0010745 seconds, Stopping threads took: 0.0003433 seconds
[2022-06-13T01:32:14.199+0000][1][safepoint    ] Application time: 0.0176766 seconds
[2022-06-13T01:32:14.200+0000][1][safepoint    ] Entering safepoint region: Deoptimize
[2022-06-13T01:32:14.201+0000][1][safepoint    ] Leaving safepoint region
[2022-06-13T01:32:14.201+0000][1][safepoint    ] Total time for which application threads were stopped: 0.0014435 seconds, Stopping threads took: 0.0005068 seconds
[2022-06-13T01:32:14.846+0000][1][safepoint    ] Application time: 0.6441636 seconds
[2022-06-13T01:32:14.847+0000][1][safepoint    ] Entering safepoint region: Deoptimize
[2022-06-13T01:32:14.848+0000][1][safepoint    ] Leaving safepoint region
[2022-06-13T01:32:14.848+0000][1][safepoint    ] Total time for which application threads were stopped: 0.0012743 seconds, Stopping threads took: 0.0003038 seconds
[2022-06-13T01:32:15.220+0000][1][safepoint    ] Application time: 0.3712353 seconds
[2022-06-13T01:32:15.220+0000][1][safepoint    ] Entering safepoint region: RevokeBias
[2022-06-13T01:32:15.221+0000][1][safepoint    ] Leaving safepoint region
[2022-06-13T01:32:15.221+0000][1][safepoint    ] Total time for which application threads were stopped: 0.0006357 seconds, Stopping threads took: 0.0002778 seconds
[2022-06-13T01:32:15.360+0000][1][safepoint    ] Application time: 0.1386931 seconds
[2022-06-13T01:32:15.360+0000][1][safepoint    ] Entering safepoint region: Deoptimize
[2022-06-13T01:32:15.361+0000][1][safepoint    ] Leaving safepoint region
[2022-06-13T01:32:15.361+0000][1][safepoint    ] Total time for which application threads were stopped: 0.0008965 seconds, Stopping threads took: 0.0003015 seconds
[2022-06-13T01:32:15.510+0000][1][safepoint    ] Application time: 0.1490346 seconds
[2022-06-13T01:32:15.511+0000][1][safepoint    ] Entering safepoint region: Deoptimize
[2022-06-13T01:32:15.512+0000][1][safepoint    ] Leaving safepoint region
[2022-06-13T01:32:15.512+0000][1][safepoint    ] Total time for which application threads were stopped: 0.0011419 seconds, Stopping threads took: 0.0004331 seconds
[2022-06-13T01:32:15.513+0000][1][safepoint    ] Application time: 0.0003275 seconds
[2022-06-13T01:32:15.513+0000][1][safepoint    ] Entering safepoint region: Deoptimize
[2022-06-13T01:32:15.513+0000][1][safepoint    ] Leaving safepoint region
[2022-06-13T01:32:15.514+0000][1][safepoint    ] Total time for which application threads were stopped: 0.0008164 seconds, Stopping threads took: 0.0002442 seconds
[2022-06-13T01:32:15.571+0000][1][safepoint    ] Application time: 0.0569191 seconds
[2022-06-13T01:32:15.571+0000][1][safepoint    ] Entering safepoint region: Deoptimize
[2022-06-13T01:32:15.572+0000][1][safepoint    ] Leaving safepoint region
[2022-06-13T01:32:15.573+0000][1][safepoint    ] Total time for which application threads were stopped: 0.0011599 seconds, Stopping threads took: 0.0003298 seconds
[2022-06-13T01:32:15.586+0000][1][safepoint    ] Application time: 0.0126694 seconds
[2022-06-13T01:32:15.588+0000][1][safepoint    ] Entering safepoint region: RevokeBias
[2022-06-13T01:32:15.588+0000][1][safepoint    ] Leaving safepoint region
[2022-06-13T01:32:15.589+0000][1][safepoint    ] Total time for which application threads were stopped: 0.0008663 seconds, Stopping threads took: 0.0003996 seconds
[2022-06-13T01:32:15.589+0000][1][safepoint    ] Application time: 0.0002874 seconds
[2022-06-13T01:32:15.590+0000][1][safepoint    ] Entering safepoint region: RevokeBias
[2022-06-13T01:32:15.590+0000][1][safepoint    ] Leaving safepoint region
[2022-06-13T01:32:15.590+0000][1][safepoint    ] Total time for which application threads were stopped: 0.0007094 seconds, Stopping threads took: 0.0003758 seconds
[2022-06-13T01:32:15.592+0000][1][safepoint    ] Application time: 0.0010168 seconds
[2022-06-13T01:32:15.592+0000][1][safepoint    ] Entering safepoint region: RevokeBias
[2022-06-13T01:32:15.593+0000][1][safepoint    ] Leaving safepoint region
[2022-06-13T01:32:15.593+0000][1][safepoint    ] Total time for which application threads were stopped: 0.0008625 seconds, Stopping threads took: 0.0005238 seconds
[2022-06-13T01:32:15.593+0000][1][safepoint    ] Application time: 0.0003527 seconds
[2022-06-13T01:32:15.594+0000][1][safepoint    ] Entering safepoint region: RevokeBias
[2022-06-13T01:32:15.594+0000][1][safepoint    ] Leaving safepoint region
[2022-06-13T01:32:15.594+0000][1][safepoint    ] Total time for which application threads were stopped: 0.0006097 seconds, Stopping threads took: 0.0003139 seconds
[2022-06-13T01:32:15.605+0000][1][safepoint    ] Application time: 0.0105997 seconds
[2022-06-13T01:32:15.606+0000][1][safepoint    ] Entering safepoint region: Deoptimize
[2022-06-13T01:32:15.606+0000][1][safepoint    ] Leaving safepoint region
[2022-06-13T01:32:15.607+0000][1][safepoint    ] Total time for which application threads were stopped: 0.0011270 seconds, Stopping threads took: 0.0005301 seconds
[2022-06-13T01:32:15.731+0000][1][safepoint    ] Application time: 0.1238215 seconds
[2022-06-13T01:32:15.731+0000][1][safepoint    ] Entering safepoint region: GenCollectForAllocation
[2022-06-13T01:32:15.732+0000][1][gc,start     ] GC(0) Pause Young (Allocation Failure)
[2022-06-13T01:32:15.733+0000][1][gc,task      ] GC(0) Using 5 workers of 13 for evacuation
[2022-06-13T01:32:15.749+0000][1][gc,age       ] GC(0) Desired survivor size 4456448 bytes, new threshold 1 (max threshold 6)
[2022-06-13T01:32:15.750+0000][1][gc,age       ] GC(0) Age table with threshold 1 (max threshold 6)
[2022-06-13T01:32:15.751+0000][1][gc,age       ] GC(0) - age   1:    8142216 bytes,    8142216 total
[2022-06-13T01:32:15.751+0000][1][gc,heap      ] GC(0) ParNew: 69952K->8059K(78656K)
[2022-06-13T01:32:15.751+0000][1][gc,heap      ] GC(0) CMS: 0K->0K(174784K)
[2022-06-13T01:32:15.752+0000][1][gc,metaspace ] GC(0) Metaspace: 12356K->12356K(1060864K)
[2022-06-13T01:32:15.752+0000][1][gc           ] GC(0) Pause Young (Allocation Failure) 68M->7M(247M) 20.583ms
[2022-06-13T01:32:15.753+0000][1][gc,cpu       ] GC(0) User=0.09s Sys=0.00s Real=0.02s
[2022-06-13T01:32:15.753+0000][1][safepoint    ] Leaving safepoint region
[2022-06-13T01:32:15.753+0000][1][safepoint    ] Total time for which application threads were stopped: 0.0220440 seconds, Stopping threads took: 0.0003091 seconds
[2022-06-13T01:32:15.758+0000][1][safepoint    ] Application time: 0.0047745 seconds
[2022-06-13T01:32:15.760+0000][1][safepoint    ] Entering safepoint region: RevokeBias
[2022-06-13T01:32:15.760+0000][1][safepoint    ] Leaving safepoint region
[2022-06-13T01:32:15.760+0000][1][safepoint    ] Total time for which application threads were stopped: 0.0009346 seconds, Stopping threads took: 0.0004671 seconds
[2022-06-13T01:32:15.761+0000][1][safepoint    ] Application time: 0.0002342 seconds
[2022-06-13T01:32:15.761+0000][1][safepoint    ] Entering safepoint region: RevokeBias
[2022-06-13T01:32:15.762+0000][1][safepoint    ] Leaving safepoint region
[2022-06-13T01:32:15.763+0000][1][safepoint    ] Total time for which application threads were stopped: 0.0016997 seconds, Stopping threads took: 0.0003307 seconds
[2022-06-13T01:32:15.764+0000][1][safepoint    ] Application time: 0.0010500 seconds
[2022-06-13T01:32:15.765+0000][1][safepoint    ] Entering safepoint region: RevokeBias
[2022-06-13T01:32:15.766+0000][1][safepoint    ] Leaving safepoint region
[2022-06-13T01:32:15.766+0000][1][safepoint    ] Total time for which application threads were stopped: 0.0013524 seconds, Stopping threads took: 0.0009686 seconds
[2022-06-13T01:32:15.766+0000][1][safepoint    ] Application time: 0.0001926 seconds
[2022-06-13T01:32:15.767+0000][1][safepoint    ] Entering safepoint region: RevokeBias
[2022-06-13T01:32:15.767+0000][1][safepoint    ] Leaving safepoint region
[2022-06-13T01:32:15.767+0000][1][safepoint    ] Total time for which application threads were stopped: 0.0006962 seconds, Stopping threads took: 0.0003175 seconds
[2022-06-13T01:32:15.768+0000][1][safepoint    ] Application time: 0.0002149 seconds
[2022-06-13T01:32:15.769+0000][1][safepoint    ] Entering safepoint region: RevokeBias
[2022-06-13T01:32:15.769+0000][1][safepoint    ] Leaving safepoint region
[2022-06-13T01:32:15.770+0000][1][safepoint    ] Total time for which application threads were stopped: 0.0009292 seconds, Stopping threads took: 0.0003324 seconds
[2022-06-13T01:32:15.771+0000][1][safepoint    ] Application time: 0.0002603 seconds
[2022-06-13T01:32:15.771+0000][1][safepoint    ] Entering safepoint region: RevokeBias
[2022-06-13T01:32:15.771+0000][1][safepoint    ] Leaving safepoint region
[2022-06-13T01:32:15.772+0000][1][safepoint    ] Total time for which application threads were stopped: 0.0006941 seconds, Stopping threads took: 0.0003546 seconds
[2022-06-13T01:32:15.773+0000][1][safepoint    ] Application time: 0.0009714 seconds
[2022-06-13T01:32:15.773+0000][1][safepoint    ] Entering safepoint region: RevokeBias
[2022-06-13T01:32:15.774+0000][1][safepoint    ] Leaving safepoint region
[2022-06-13T01:32:15.774+0000][1][safepoint    ] Total time for which application threads were stopped: 0.0007061 seconds, Stopping threads took: 0.0003560 seconds
[2022-06-13T01:32:15.774+0000][1][safepoint    ] Application time: 0.0001751 seconds
[2022-06-13T01:32:15.775+0000][1][safepoint    ] Entering safepoint region: RevokeBias
[2022-06-13T01:32:15.775+0000][1][safepoint    ] Leaving safepoint region
[2022-06-13T01:32:15.776+0000][1][safepoint    ] Total time for which application threads were stopped: 0.0013219 seconds, Stopping threads took: 0.0009073 seconds
[2022-06-13T01:32:15.776+0000][1][safepoint    ] Application time: 0.0003077 seconds
[2022-06-13T01:32:15.777+0000][1][safepoint    ] Entering safepoint region: RevokeBias
[2022-06-13T01:32:15.778+0000][1][safepoint    ] Leaving safepoint region
[2022-06-13T01:32:15.778+0000][1][safepoint    ] Total time for which application threads were stopped: 0.0007948 seconds, Stopping threads took: 0.0004325 seconds
[2022-06-13T01:32:15.778+0000][1][safepoint    ] Application time: 0.0001288 seconds
[2022-06-13T01:32:15.779+0000][1][safepoint    ] Entering safepoint region: RevokeBias
[2022-06-13T01:32:15.779+0000][1][safepoint    ] Leaving safepoint region
[2022-06-13T01:32:15.780+0000][1][safepoint    ] Total time for which application threads were stopped: 0.0008906 seconds, Stopping threads took: 0.0005046 seconds
[2022-06-13T01:32:15.780+0000][1][safepoint    ] Application time: 0.0001231 seconds
[2022-06-13T01:32:15.781+0000][1][safepoint    ] Entering safepoint region: RevokeBias
[2022-06-13T01:32:15.781+0000][1][safepoint    ] Leaving safepoint region
[2022-06-13T01:32:15.781+0000][1][safepoint    ] Total time for which application threads were stopped: 0.0006908 seconds, Stopping threads took: 0.0003244 seconds
[2022-06-13T01:32:15.782+0000][1][safepoint    ] Application time: 0.0002433 seconds
[2022-06-13T01:32:15.783+0000][1][safepoint    ] Entering safepoint region: RevokeBias
[2022-06-13T01:32:15.783+0000][1][safepoint    ] Leaving safepoint region
[2022-06-13T01:32:15.783+0000][1][safepoint    ] Total time for which application threads were stopped: 0.0006406 seconds, Stopping threads took: 0.0003142 seconds
[2022-06-13T01:32:15.784+0000][1][safepoint    ] Application time: 0.0003122 seconds
[2022-06-13T01:32:15.788+0000][1][safepoint    ] Entering safepoint region: RevokeBias
[2022-06-13T01:32:15.788+0000][1][safepoint    ] Leaving safepoint region
[2022-06-13T01:32:15.788+0000][1][safepoint    ] Total time for which application threads were stopped: 0.0008466 seconds, Stopping threads took: 0.0004303 seconds
[2022-06-13T01:32:15.789+0000][1][safepoint    ] Application time: 0.0002829 seconds
[2022-06-13T01:32:15.789+0000][1][safepoint    ] Entering safepoint region: RevokeBias
[2022-06-13T01:32:15.790+0000][1][safepoint    ] Leaving safepoint region
[2022-06-13T01:32:15.790+0000][1][safepoint    ] Total time for which application threads were stopped: 0.0007155 seconds, Stopping threads took: 0.0003670 seconds
[2022-06-13T01:32:15.791+0000][1][safepoint    ] Application time: 0.0002909 seconds
[2022-06-13T01:32:15.791+0000][1][safepoint    ] Entering safepoint region: RevokeBias
[2022-06-13T01:32:15.792+0000][1][safepoint    ] Leaving safepoint region
[2022-06-13T01:32:15.792+0000][1][safepoint    ] Total time for which application threads were stopped: 0.0009112 seconds, Stopping threads took: 0.0006037 seconds
[2022-06-13T01:32:15.793+0000][1][safepoint    ] Application time: 0.0002333 seconds
[2022-06-13T01:32:15.793+0000][1][safepoint    ] Entering safepoint region: RevokeBias
[2022-06-13T01:32:15.794+0000][1][safepoint    ] Leaving safepoint region
[2022-06-13T01:32:15.794+0000][1][safepoint    ] Total time for which application threads were stopped: 0.0008335 seconds, Stopping threads took: 0.0002848 seconds
[2022-06-13T01:32:15.796+0000][1][safepoint    ] Application time: 0.0009473 seconds
[2022-06-13T01:32:15.796+0000][1][safepoint    ] Entering safepoint region: RevokeBias
[2022-06-13T01:32:15.796+0000][1][safepoint    ] Leaving safepoint region
[2022-06-13T01:32:15.797+0000][1][safepoint    ] Total time for which application threads were stopped: 0.0007781 seconds, Stopping threads took: 0.0004124 seconds
[2022-06-13T01:32:15.798+0000][1][safepoint    ] Application time: 0.0003397 seconds
[2022-06-13T01:32:15.798+0000][1][safepoint    ] Entering safepoint region: RevokeBias
[2022-06-13T01:32:15.798+0000][1][safepoint    ] Leaving safepoint region
[2022-06-13T01:32:15.799+0000][1][safepoint    ] Total time for which application threads were stopped: 0.0008615 seconds, Stopping threads took: 0.0005789 seconds
[2022-06-13T01:32:15.799+0000][1][safepoint    ] Application time: 0.0002524 seconds
[2022-06-13T01:32:15.800+0000][1][safepoint    ] Entering safepoint region: RevokeBias
[2022-06-13T01:32:15.800+0000][1][safepoint    ] Leaving safepoint region
[2022-06-13T01:32:15.800+0000][1][safepoint    ] Total time for which application threads were stopped: 0.0008119 seconds, Stopping threads took: 0.0004332 seconds
[2022-06-13T01:32:15.801+0000][1][safepoint    ] Application time: 0.0001757 seconds
[2022-06-13T01:32:15.801+0000][1][safepoint    ] Entering safepoint region: RevokeBias
[2022-06-13T01:32:15.802+0000][1][safepoint    ] Leaving safepoint region
[2022-06-13T01:32:15.802+0000][1][safepoint    ] Total time for which application threads were stopped: 0.0008137 seconds, Stopping threads took: 0.0003829 seconds
[2022-06-13T01:32:15.803+0000][1][safepoint    ] Application time: 0.0001612 seconds
[2022-06-13T01:32:15.804+0000][1][safepoint    ] Entering safepoint region: RevokeBias
[2022-06-13T01:32:15.804+0000][1][safepoint    ] Leaving safepoint region
[2022-06-13T01:32:15.804+0000][1][safepoint    ] Total time for which application threads were stopped: 0.0011569 seconds, Stopping threads took: 0.0007380 seconds
[2022-06-13T01:32:15.805+0000][1][safepoint    ] Application time: 0.0004578 seconds
[2022-06-13T01:32:15.806+0000][1][safepoint    ] Entering safepoint region: RevokeBias
[2022-06-13T01:32:15.806+0000][1][safepoint    ] Leaving safepoint region
[2022-06-13T01:32:15.807+0000][1][safepoint    ] Total time for which application threads were stopped: 0.0007610 seconds, Stopping threads took: 0.0003400 seconds
[2022-06-13T01:32:15.807+0000][1][safepoint    ] Application time: 0.0003054 seconds
[2022-06-13T01:32:15.808+0000][1][safepoint    ] Entering safepoint region: RevokeBias
[2022-06-13T01:32:15.809+0000][1][safepoint    ] Leaving safepoint region
[2022-06-13T01:32:15.809+0000][1][safepoint    ] Total time for which application threads were stopped: 0.0015196 seconds, Stopping threads took: 0.0010212 seconds
[2022-06-13T01:32:15.810+0000][1][safepoint    ] Application time: 0.0002958 seconds
[2022-06-13T01:32:15.811+0000][1][safepoint    ] Entering safepoint region: RevokeBias
[2022-06-13T01:32:15.811+0000][1][safepoint    ] Leaving safepoint region
[2022-06-13T01:32:15.812+0000][1][safepoint    ] Total time for which application threads were stopped: 0.0011835 seconds, Stopping threads took: 0.0007746 seconds
[2022-06-13T01:32:15.813+0000][1][safepoint    ] Application time: 0.0007083 seconds
[2022-06-13T01:32:15.813+0000][1][safepoint    ] Entering safepoint region: RevokeBias
[2022-06-13T01:32:15.814+0000][1][safepoint    ] Leaving safepoint region
[2022-06-13T01:32:15.814+0000][1][safepoint    ] Total time for which application threads were stopped: 0.0005804 seconds, Stopping threads took: 0.0002594 seconds
[2022-06-13T01:32:15.814+0000][1][safepoint    ] Application time: 0.0001987 seconds
[2022-06-13T01:32:15.815+0000][1][safepoint    ] Entering safepoint region: RevokeBias
[2022-06-13T01:32:15.815+0000][1][safepoint    ] Leaving safepoint region
[2022-06-13T01:32:15.815+0000][1][safepoint    ] Total time for which application threads were stopped: 0.0005363 seconds, Stopping threads took: 0.0002523 seconds
[2022-06-13T01:32:15.819+0000][1][safepoint    ] Application time: 0.0035920 seconds
[2022-06-13T01:32:15.819+0000][1][safepoint    ] Entering safepoint region: RevokeBias
[2022-06-13T01:32:15.820+0000][1][safepoint    ] Leaving safepoint region
[2022-06-13T01:32:15.821+0000][1][safepoint    ] Total time for which application threads were stopped: 0.0012516 seconds, Stopping threads took: 0.0006970 seconds
[2022-06-13T01:32:16.331+0000][1][safepoint    ] Application time: 0.5104615 seconds
[2022-06-13T01:32:16.332+0000][1][safepoint    ] Entering safepoint region: Deoptimize
[2022-06-13T01:32:16.334+0000][1][safepoint    ] Leaving safepoint region
[2022-06-13T01:32:16.334+0000][1][safepoint    ] Total time for which application threads were stopped: 0.0020729 seconds, Stopping threads took: 0.0009547 seconds
[2022-06-13T01:32:16.755+0000][1][safepoint    ] Application time: 0.4207105 seconds
[2022-06-13T01:32:16.755+0000][1][safepoint    ] Entering safepoint region: RevokeBias
[2022-06-13T01:32:16.760+0000][1][safepoint    ] Leaving safepoint region
[2022-06-13T01:32:16.760+0000][1][safepoint    ] Total time for which application threads were stopped: 0.0048579 seconds, Stopping threads took: 0.0043555 seconds
[2022-06-13T01:32:17.029+0000][1][safepoint    ] Application time: 0.2686060 seconds
[2022-06-13T01:32:17.038+0000][1][safepoint    ] Entering safepoint region: RevokeBias
[2022-06-13T01:32:17.039+0000][1][safepoint    ] Leaving safepoint region
[2022-06-13T01:32:17.039+0000][1][safepoint    ] Total time for which application threads were stopped: 0.0009065 seconds, Stopping threads took: 0.0004654 seconds
[2022-06-13T01:32:17.042+0000][1][safepoint    ] Application time: 0.0030076 seconds
[2022-06-13T01:32:17.043+0000][1][safepoint    ] Entering safepoint region: RevokeBias
[2022-06-13T01:32:17.044+0000][1][safepoint    ] Leaving safepoint region
[2022-06-13T01:32:17.044+0000][1][safepoint    ] Total time for which application threads were stopped: 0.0007780 seconds, Stopping threads took: 0.0003446 seconds
[2022-06-13T01:32:17.119+0000][1][safepoint    ] Application time: 0.0744072 seconds
[2022-06-13T01:32:17.120+0000][1][safepoint    ] Entering safepoint region: GenCollectForAllocation
[2022-06-13T01:32:17.121+0000][1][gc,start     ] GC(1) Pause Young (Allocation Failure)
[2022-06-13T01:32:17.121+0000][1][gc,task      ] GC(1) Using 5 workers of 13 for evacuation
[2022-06-13T01:32:17.160+0000][1][gc,age       ] GC(1) Desired survivor size 4456448 bytes, new threshold 6 (max threshold 6)
[2022-06-13T01:32:17.160+0000][1][gc,age       ] GC(1) Age table with threshold 6 (max threshold 6)
[2022-06-13T01:32:17.161+0000][1][gc,age       ] GC(1) - age   1:    1964072 bytes,    1964072 total
[2022-06-13T01:32:17.161+0000][1][gc,heap      ] GC(1) ParNew: 78011K->5379K(78656K)
[2022-06-13T01:32:17.161+0000][1][gc,heap      ] GC(1) CMS: 0K->6706K(174784K)
[2022-06-13T01:32:17.162+0000][1][gc,metaspace ] GC(1) Metaspace: 14963K->14963K(1062912K)
[2022-06-13T01:32:17.162+0000][1][gc           ] GC(1) Pause Young (Allocation Failure) 76M->11M(247M) 41.400ms
[2022-06-13T01:32:17.162+0000][1][gc,cpu       ] GC(1) User=0.19s Sys=0.00s Real=0.04s
[2022-06-13T01:32:17.163+0000][1][safepoint    ] Leaving safepoint region
[2022-06-13T01:32:17.163+0000][1][safepoint    ] Total time for which application threads were stopped: 0.0427251 seconds, Stopping threads took: 0.0003404 seconds
[2022-06-13T01:32:17.164+0000][1][safepoint    ] Application time: 0.0006032 seconds
[2022-06-13T01:32:17.164+0000][1][safepoint    ] Entering safepoint region: BulkRevokeBias
[2022-06-13T01:32:17.165+0000][1][safepoint    ] Leaving safepoint region
[2022-06-13T01:32:17.165+0000][1][safepoint    ] Total time for which application threads were stopped: 0.0008191 seconds, Stopping threads took: 0.0004153 seconds
[2022-06-13T01:32:17.166+0000][1][safepoint    ] Application time: 0.0002350 seconds
[2022-06-13T01:32:17.166+0000][1][safepoint    ] Entering safepoint region: RevokeBias
[2022-06-13T01:32:17.166+0000][1][safepoint    ] Leaving safepoint region
[2022-06-13T01:32:17.167+0000][1][safepoint    ] Total time for which application threads were stopped: 0.0008362 seconds, Stopping threads took: 0.0004237 seconds
[2022-06-13T01:32:17.167+0000][1][safepoint    ] Application time: 0.0002571 seconds
[2022-06-13T01:32:17.168+0000][1][safepoint    ] Entering safepoint region: RevokeBias
[2022-06-13T01:32:17.169+0000][1][safepoint    ] Leaving safepoint region
[2022-06-13T01:32:17.169+0000][1][safepoint    ] Total time for which application threads were stopped: 0.0012446 seconds, Stopping threads took: 0.0003997 seconds
[2022-06-13T01:32:17.171+0000][1][safepoint    ] Application time: 0.0017132 seconds
[2022-06-13T01:32:17.172+0000][1][safepoint    ] Entering safepoint region: RevokeBias
[2022-06-13T01:32:17.173+0000][1][safepoint    ] Leaving safepoint region
[2022-06-13T01:32:17.175+0000][1][safepoint    ] Total time for which application threads were stopped: 0.0036278 seconds, Stopping threads took: 0.0011421 seconds
[2022-06-13T01:32:17.177+0000][1][safepoint    ] Application time: 0.0012051 seconds
[2022-06-13T01:32:17.178+0000][1][safepoint    ] Entering safepoint region: RevokeBias
[2022-06-13T01:32:17.178+0000][1][safepoint    ] Leaving safepoint region
[2022-06-13T01:32:17.178+0000][1][safepoint    ] Total time for which application threads were stopped: 0.0007817 seconds, Stopping threads took: 0.0004196 seconds
[2022-06-13T01:32:17.179+0000][1][safepoint    ] Application time: 0.0005694 seconds
[2022-06-13T01:32:17.180+0000][1][safepoint    ] Entering safepoint region: RevokeBias
[2022-06-13T01:32:17.181+0000][1][safepoint    ] Leaving safepoint region
[2022-06-13T01:32:17.181+0000][1][safepoint    ] Total time for which application threads were stopped: 0.0011892 seconds, Stopping threads took: 0.0006891 seconds
[2022-06-13T01:32:17.182+0000][1][safepoint    ] Application time: 0.0005792 seconds
[2022-06-13T01:32:17.182+0000][1][safepoint    ] Entering safepoint region: RevokeBias
[2022-06-13T01:32:17.183+0000][1][safepoint    ] Leaving safepoint region
[2022-06-13T01:32:17.184+0000][1][safepoint    ] Total time for which application threads were stopped: 0.0013584 seconds, Stopping threads took: 0.0007231 seconds
[2022-06-13T01:32:17.185+0000][1][safepoint    ] Application time: 0.0006908 seconds
[2022-06-13T01:32:17.186+0000][1][safepoint    ] Entering safepoint region: RevokeBias
[2022-06-13T01:32:17.186+0000][1][safepoint    ] Leaving safepoint region
[2022-06-13T01:32:17.187+0000][1][safepoint    ] Total time for which application threads were stopped: 0.0007961 seconds, Stopping threads took: 0.0003744 seconds
[2022-06-13T01:32:17.187+0000][1][safepoint    ] Application time: 0.0001392 seconds
[2022-06-13T01:32:17.187+0000][1][safepoint    ] Entering safepoint region: RevokeBias
[2022-06-13T01:32:17.188+0000][1][safepoint    ] Leaving safepoint region
[2022-06-13T01:32:17.188+0000][1][safepoint    ] Total time for which application threads were stopped: 0.0007205 seconds, Stopping threads took: 0.0003467 seconds
[2022-06-13T01:32:17.189+0000][1][safepoint    ] Application time: 0.0001593 seconds
[2022-06-13T01:32:17.189+0000][1][safepoint    ] Entering safepoint region: RevokeBias
[2022-06-13T01:32:17.189+0000][1][safepoint    ] Leaving safepoint region
[2022-06-13T01:32:17.190+0000][1][safepoint    ] Total time for which application threads were stopped: 0.0008237 seconds, Stopping threads took: 0.0004573 seconds
[2022-06-13T01:32:17.190+0000][1][safepoint    ] Application time: 0.0003776 seconds
[2022-06-13T01:32:17.191+0000][1][safepoint    ] Entering safepoint region: BulkRevokeBias
[2022-06-13T01:32:17.192+0000][1][safepoint    ] Leaving safepoint region
[2022-06-13T01:32:17.193+0000][1][safepoint    ] Total time for which application threads were stopped: 0.0014325 seconds, Stopping threads took: 0.0010168 seconds
[2022-06-13T01:32:17.193+0000][1][safepoint    ] Application time: 0.0001377 seconds
[2022-06-13T01:32:17.194+0000][1][safepoint    ] Entering safepoint region: RevokeBias
[2022-06-13T01:32:17.194+0000][1][safepoint    ] Leaving safepoint region
[2022-06-13T01:32:17.194+0000][1][safepoint    ] Total time for which application threads were stopped: 0.0006752 seconds, Stopping threads took: 0.0003113 seconds
[2022-06-13T01:32:17.195+0000][1][safepoint    ] Application time: 0.0001999 seconds
[2022-06-13T01:32:17.195+0000][1][safepoint    ] Entering safepoint region: BulkRevokeBias
[2022-06-13T01:32:17.197+0000][1][safepoint    ] Leaving safepoint region
[2022-06-13T01:32:17.211+0000][1][safepoint    ] Total time for which application threads were stopped: 0.0160044 seconds, Stopping threads took: 0.0013911 seconds
[2022-06-13T01:32:17.527+0000][1][safepoint    ] Application time: 0.3133712 seconds
[2022-06-13T01:32:17.528+0000][1][safepoint    ] Entering safepoint region: GenCollectForAllocation
[2022-06-13T01:32:17.528+0000][1][gc,start     ] GC(2) Pause Young (Allocation Failure)
[2022-06-13T01:32:17.529+0000][1][gc,task      ] GC(2) Using 5 workers of 13 for evacuation
[2022-06-13T01:32:17.536+0000][1][gc,age       ] GC(2) Desired survivor size 4456448 bytes, new threshold 6 (max threshold 6)
[2022-06-13T01:32:17.537+0000][1][gc,age       ] GC(2) Age table with threshold 6 (max threshold 6)
[2022-06-13T01:32:17.537+0000][1][gc,age       ] GC(2) - age   1:    2577336 bytes,    2577336 total
[2022-06-13T01:32:17.539+0000][1][gc,age       ] GC(2) - age   2:    1180536 bytes,    3757872 total
[2022-06-13T01:32:17.544+0000][1][gc,heap      ] GC(2) ParNew: 75331K->4743K(78656K)
[2022-06-13T01:32:17.544+0000][1][gc,heap      ] GC(2) CMS: 6706K->6706K(174784K)
[2022-06-13T01:32:17.545+0000][1][gc,metaspace ] GC(2) Metaspace: 15103K->15103K(1062912K)
[2022-06-13T01:32:17.546+0000][1][gc           ] GC(2) Pause Young (Allocation Failure) 80M->11M(247M) 17.850ms
[2022-06-13T01:32:17.547+0000][1][gc,cpu       ] GC(2) User=0.05s Sys=0.03s Real=0.02s
[2022-06-13T01:32:17.549+0000][1][safepoint    ] Leaving safepoint region
[2022-06-13T01:32:17.551+0000][1][safepoint    ] Total time for which application threads were stopped: 0.0227686 seconds, Stopping threads took: 0.0002904 seconds
[2022-06-13T01:32:17.569+0000][1][safepoint    ] Application time: 0.0172733 seconds
[2022-06-13T01:32:17.583+0000][1][safepoint    ] Entering safepoint region: RevokeBias
[2022-06-13T01:32:17.584+0000][1][safepoint    ] Leaving safepoint region
[2022-06-13T01:32:17.584+0000][1][safepoint    ] Total time for which application threads were stopped: 0.0032509 seconds, Stopping threads took: 0.0028566 seconds
[2022-06-13T01:32:17.588+0000][1][safepoint    ] Application time: 0.0037370 seconds
[2022-06-13T01:32:17.589+0000][1][safepoint    ] Entering safepoint region: RevokeBias
[2022-06-13T01:32:17.595+0000][1][safepoint    ] Leaving safepoint region
[2022-06-13T01:32:17.597+0000][1][safepoint    ] Total time for which application threads were stopped: 0.0084385 seconds, Stopping threads took: 0.0066633 seconds
[2022-06-13T01:32:17.598+0000][1][safepoint    ] Application time: 0.0002157 seconds
[2022-06-13T01:32:17.599+0000][1][safepoint    ] Entering safepoint region: RevokeBias
[2022-06-13T01:32:17.601+0000][1][safepoint    ] Leaving safepoint region
[2022-06-13T01:32:17.602+0000][1][safepoint    ] Total time for which application threads were stopped: 0.0026445 seconds, Stopping threads took: 0.0022085 seconds
[2022-06-13T01:32:17.602+0000][1][safepoint    ] Application time: 0.0000774 seconds
[2022-06-13T01:32:17.602+0000][1][safepoint    ] Entering safepoint region: RevokeBias
[2022-06-13T01:32:17.603+0000][1][safepoint    ] Leaving safepoint region
[2022-06-13T01:32:17.603+0000][1][safepoint    ] Total time for which application threads were stopped: 0.0010544 seconds, Stopping threads took: 0.0004772 seconds
[2022-06-13T01:32:17.604+0000][1][safepoint    ] Application time: 0.0000609 seconds
[2022-06-13T01:32:17.604+0000][1][safepoint    ] Entering safepoint region: RevokeBias
[2022-06-13T01:32:17.604+0000][1][safepoint    ] Leaving safepoint region
[2022-06-13T01:32:17.604+0000][1][safepoint    ] Total time for which application threads were stopped: 0.0006131 seconds, Stopping threads took: 0.0002447 seconds
[2022-06-13T01:32:17.605+0000][1][safepoint    ] Application time: 0.0000693 seconds
[2022-06-13T01:32:17.606+0000][1][safepoint    ] Entering safepoint region: RevokeBias
[2022-06-13T01:32:17.610+0000][1][safepoint    ] Leaving safepoint region
[2022-06-13T01:32:17.611+0000][1][safepoint    ] Total time for which application threads were stopped: 0.0046546 seconds, Stopping threads took: 0.0039367 seconds
[2022-06-13T01:32:17.872+0000][1][safepoint    ] Application time: 0.2610317 seconds
[2022-06-13T01:32:17.877+0000][1][safepoint    ] Entering safepoint region: Deoptimize
[2022-06-13T01:32:17.881+0000][1][safepoint    ] Leaving safepoint region
[2022-06-13T01:32:17.882+0000][1][safepoint    ] Total time for which application threads were stopped: 0.0046811 seconds, Stopping threads took: 0.0037101 seconds
[2022-06-13T01:32:17.883+0000][1][safepoint    ] Application time: 0.0011137 seconds
[2022-06-13T01:32:17.883+0000][1][safepoint    ] Entering safepoint region: Deoptimize
[2022-06-13T01:32:17.885+0000][1][safepoint    ] Leaving safepoint region
[2022-06-13T01:32:17.885+0000][1][safepoint    ] Total time for which application threads were stopped: 0.0019841 seconds, Stopping threads took: 0.0003218 seconds
[2022-06-13T01:32:18.234+0000][1][safepoint    ] Application time: 0.3460126 seconds
[2022-06-13T01:32:18.235+0000][1][safepoint    ] Entering safepoint region: GenCollectForAllocation
[2022-06-13T01:32:18.235+0000][1][gc,start     ] GC(3) Pause Young (Allocation Failure)
[2022-06-13T01:32:18.236+0000][1][gc,task      ] GC(3) Using 5 workers of 13 for evacuation
[2022-06-13T01:32:18.240+0000][1][gc,age       ] GC(3) Desired survivor size 4456448 bytes, new threshold 3 (max threshold 6)
[2022-06-13T01:32:18.241+0000][1][gc,age       ] GC(3) Age table with threshold 3 (max threshold 6)
[2022-06-13T01:32:18.242+0000][1][gc,age       ] GC(3) - age   1:    3224016 bytes,    3224016 total
[2022-06-13T01:32:18.243+0000][1][gc,age       ] GC(3) - age   2:     319312 bytes,    3543328 total
[2022-06-13T01:32:18.243+0000][1][gc,age       ] GC(3) - age   3:    1177520 bytes,    4720848 total
[2022-06-13T01:32:18.243+0000][1][gc,heap      ] GC(3) ParNew: 74695K->6678K(78656K)
[2022-06-13T01:32:18.244+0000][1][gc,heap      ] GC(3) CMS: 6706K->6706K(174784K)
[2022-06-13T01:32:18.245+0000][1][gc,metaspace ] GC(3) Metaspace: 18422K->18422K(1067008K)
[2022-06-13T01:32:18.245+0000][1][gc           ] GC(3) Pause Young (Allocation Failure) 79M->13M(247M) 9.737ms
[2022-06-13T01:32:18.246+0000][1][gc,cpu       ] GC(3) User=0.05s Sys=0.00s Real=0.01s
[2022-06-13T01:32:18.246+0000][1][safepoint    ] Leaving safepoint region
[2022-06-13T01:32:18.247+0000][1][safepoint    ] Total time for which application threads were stopped: 0.0116913 seconds, Stopping threads took: 0.0004098 seconds
[2022-06-13T01:32:18.247+0000][1][safepoint    ] Application time: 0.0004552 seconds
[2022-06-13T01:32:18.248+0000][1][safepoint    ] Entering safepoint region: RevokeBias
[2022-06-13T01:32:18.248+0000][1][safepoint    ] Leaving safepoint region
[2022-06-13T01:32:18.249+0000][1][safepoint    ] Total time for which application threads were stopped: 0.0010109 seconds, Stopping threads took: 0.0004168 seconds
[2022-06-13T01:32:18.249+0000][1][safepoint    ] Application time: 0.0002743 seconds
[2022-06-13T01:32:18.251+0000][1][safepoint    ] Entering safepoint region: RevokeBias
[2022-06-13T01:32:18.251+0000][1][safepoint    ] Leaving safepoint region
[2022-06-13T01:32:18.252+0000][1][safepoint    ] Total time for which application threads were stopped: 0.0015184 seconds, Stopping threads took: 0.0009382 seconds
[2022-06-13T01:32:18.253+0000][1][safepoint    ] Application time: 0.0008690 seconds
[2022-06-13T01:32:18.254+0000][1][safepoint    ] Entering safepoint region: RevokeBias
[2022-06-13T01:32:18.254+0000][1][safepoint    ] Leaving safepoint region
[2022-06-13T01:32:18.255+0000][1][safepoint    ] Total time for which application threads were stopped: 0.0010405 seconds, Stopping threads took: 0.0006336 seconds
[2022-06-13T01:32:18.255+0000][1][safepoint    ] Application time: 0.0000790 seconds
[2022-06-13T01:32:18.255+0000][1][safepoint    ] Entering safepoint region: RevokeBias
[2022-06-13T01:32:18.256+0000][1][safepoint    ] Leaving safepoint region
[2022-06-13T01:32:18.257+0000][1][safepoint    ] Total time for which application threads were stopped: 0.0017571 seconds, Stopping threads took: 0.0004933 seconds
[2022-06-13T01:32:18.259+0000][1][safepoint    ] Application time: 0.0007868 seconds
[2022-06-13T01:32:18.260+0000][1][safepoint    ] Entering safepoint region: RevokeBias
[2022-06-13T01:32:18.262+0000][1][safepoint    ] Leaving safepoint region
[2022-06-13T01:32:18.262+0000][1][safepoint    ] Total time for which application threads were stopped: 0.0028141 seconds, Stopping threads took: 0.0005355 seconds
[2022-06-13T01:32:18.263+0000][1][safepoint    ] Application time: 0.0000828 seconds
[2022-06-13T01:32:18.265+0000][1][safepoint    ] Entering safepoint region: RevokeBias
[2022-06-13T01:32:18.266+0000][1][safepoint    ] Leaving safepoint region
[2022-06-13T01:32:18.266+0000][1][safepoint    ] Total time for which application threads were stopped: 0.0008376 seconds, Stopping threads took: 0.0003574 seconds
[2022-06-13T01:32:18.266+0000][1][safepoint    ] Application time: 0.0000970 seconds
[2022-06-13T01:32:18.267+0000][1][safepoint    ] Entering safepoint region: RevokeBias
[2022-06-13T01:32:18.268+0000][1][safepoint    ] Leaving safepoint region
[2022-06-13T01:32:18.268+0000][1][safepoint    ] Total time for which application threads were stopped: 0.0009510 seconds, Stopping threads took: 0.0003469 seconds
[2022-06-13T01:32:18.269+0000][1][safepoint    ] Application time: 0.0000991 seconds
[2022-06-13T01:32:18.269+0000][1][safepoint    ] Entering safepoint region: RevokeBias
[2022-06-13T01:32:18.270+0000][1][safepoint    ] Leaving safepoint region
[2022-06-13T01:32:18.270+0000][1][safepoint    ] Total time for which application threads were stopped: 0.0007545 seconds, Stopping threads took: 0.0003387 seconds
[2022-06-13T01:32:18.273+0000][1][safepoint    ] Application time: 0.0032786 seconds
[2022-06-13T01:32:18.275+0000][1][safepoint    ] Entering safepoint region: RevokeBias
[2022-06-13T01:32:18.276+0000][1][safepoint    ] Leaving safepoint region
[2022-06-13T01:32:18.276+0000][1][safepoint    ] Total time for which application threads were stopped: 0.0021588 seconds, Stopping threads took: 0.0017369 seconds
[2022-06-13T01:32:18.277+0000][1][safepoint    ] Application time: 0.0000528 seconds
[2022-06-13T01:32:18.277+0000][1][safepoint    ] Entering safepoint region: RevokeBias
[2022-06-13T01:32:18.278+0000][1][safepoint    ] Leaving safepoint region
[2022-06-13T01:32:18.278+0000][1][safepoint    ] Total time for which application threads were stopped: 0.0015907 seconds, Stopping threads took: 0.0011103 seconds
[2022-06-13T01:32:18.279+0000][1][safepoint    ] Application time: 0.0004879 seconds
[2022-06-13T01:32:18.280+0000][1][safepoint    ] Entering safepoint region: RevokeBias
[2022-06-13T01:32:18.281+0000][1][safepoint    ] Leaving safepoint region
[2022-06-13T01:32:18.282+0000][1][safepoint    ] Total time for which application threads were stopped: 0.0018296 seconds, Stopping threads took: 0.0013292 seconds
[2022-06-13T01:32:18.282+0000][1][safepoint    ] Application time: 0.0002450 seconds
[2022-06-13T01:32:18.283+0000][1][safepoint    ] Entering safepoint region: RevokeBias
[2022-06-13T01:32:18.283+0000][1][safepoint    ] Leaving safepoint region
[2022-06-13T01:32:18.284+0000][1][safepoint    ] Total time for which application threads were stopped: 0.0011325 seconds, Stopping threads took: 0.0005033 seconds
[2022-06-13T01:32:18.284+0000][1][safepoint    ] Application time: 0.0000967 seconds
[2022-06-13T01:32:18.285+0000][1][safepoint    ] Entering safepoint region: RevokeBias
[2022-06-13T01:32:18.285+0000][1][safepoint    ] Leaving safepoint region
[2022-06-13T01:32:18.286+0000][1][safepoint    ] Total time for which application threads were stopped: 0.0011452 seconds, Stopping threads took: 0.0007756 seconds
[2022-06-13T01:32:18.286+0000][1][safepoint    ] Application time: 0.0001481 seconds
[2022-06-13T01:32:18.286+0000][1][safepoint    ] Entering safepoint region: RevokeBias
[2022-06-13T01:32:18.287+0000][1][safepoint    ] Leaving safepoint region
[2022-06-13T01:32:18.287+0000][1][safepoint    ] Total time for which application threads were stopped: 0.0010418 seconds, Stopping threads took: 0.0006572 seconds
[2022-06-13T01:32:18.288+0000][1][safepoint    ] Application time: 0.0001192 seconds
[2022-06-13T01:32:18.288+0000][1][safepoint    ] Entering safepoint region: RevokeBias
[2022-06-13T01:32:18.289+0000][1][safepoint    ] Leaving safepoint region
[2022-06-13T01:32:18.289+0000][1][safepoint    ] Total time for which application threads were stopped: 0.0005920 seconds, Stopping threads took: 0.0002643 seconds
[2022-06-13T01:32:18.298+0000][1][safepoint    ] Application time: 0.0088402 seconds
[2022-06-13T01:32:18.299+0000][1][safepoint    ] Entering safepoint region: RevokeBias
[2022-06-13T01:32:18.299+0000][1][safepoint    ] Leaving safepoint region
[2022-06-13T01:32:18.300+0000][1][safepoint    ] Total time for which application threads were stopped: 0.0011253 seconds, Stopping threads took: 0.0007199 seconds
[2022-06-13T01:32:18.300+0000][1][safepoint    ] Application time: 0.0001753 seconds
[2022-06-13T01:32:18.300+0000][1][safepoint    ] Entering safepoint region: RevokeBias
[2022-06-13T01:32:18.301+0000][1][safepoint    ] Leaving safepoint region
[2022-06-13T01:32:18.301+0000][1][safepoint    ] Total time for which application threads were stopped: 0.0006501 seconds, Stopping threads took: 0.0002808 seconds
[2022-06-13T01:32:18.301+0000][1][safepoint    ] Application time: 0.0001829 seconds
[2022-06-13T01:32:18.302+0000][1][safepoint    ] Entering safepoint region: RevokeBias
[2022-06-13T01:32:18.302+0000][1][safepoint    ] Leaving safepoint region
[2022-06-13T01:32:18.302+0000][1][safepoint    ] Total time for which application threads were stopped: 0.0006062 seconds, Stopping threads took: 0.0002625 seconds
[2022-06-13T01:32:18.303+0000][1][safepoint    ] Application time: 0.0001298 seconds
[2022-06-13T01:32:18.305+0000][1][safepoint    ] Entering safepoint region: RevokeBias
[2022-06-13T01:32:18.306+0000][1][safepoint    ] Leaving safepoint region
[2022-06-13T01:32:18.309+0000][1][safepoint    ] Total time for which application threads were stopped: 0.0033743 seconds, Stopping threads took: 0.0004985 seconds
[2022-06-13T01:32:18.309+0000][1][safepoint    ] Application time: 0.0001894 seconds
[2022-06-13T01:32:18.313+0000][1][safepoint    ] Entering safepoint region: RevokeBias
[2022-06-13T01:32:18.314+0000][1][safepoint    ] Leaving safepoint region
[2022-06-13T01:32:18.314+0000][1][safepoint    ] Total time for which application threads were stopped: 0.0010438 seconds, Stopping threads took: 0.0006415 seconds
[2022-06-13T01:32:18.315+0000][1][safepoint    ] Application time: 0.0001764 seconds
[2022-06-13T01:32:18.315+0000][1][safepoint    ] Entering safepoint region: RevokeBias
[2022-06-13T01:32:18.315+0000][1][safepoint    ] Leaving safepoint region
[2022-06-13T01:32:18.316+0000][1][safepoint    ] Total time for which application threads were stopped: 0.0007747 seconds, Stopping threads took: 0.0003301 seconds
[2022-06-13T01:32:18.531+0000][1][safepoint    ] Application time: 0.2148737 seconds
[2022-06-13T01:32:18.531+0000][1][safepoint    ] Entering safepoint region: GenCollectForAllocation
[2022-06-13T01:32:18.532+0000][1][gc,start     ] GC(4) Pause Young (Allocation Failure)
[2022-06-13T01:32:18.532+0000][1][gc,task      ] GC(4) Using 5 workers of 13 for evacuation
[2022-06-13T01:32:18.545+0000][1][gc,age       ] GC(4) Desired survivor size 4456448 bytes, new threshold 2 (max threshold 6)
[2022-06-13T01:32:18.546+0000][1][gc,age       ] GC(4) Age table with threshold 2 (max threshold 6)
[2022-06-13T01:32:18.549+0000][1][gc,age       ] GC(4) - age   1:    1461376 bytes,    1461376 total
[2022-06-13T01:32:18.549+0000][1][gc,age       ] GC(4) - age   2:    3187520 bytes,    4648896 total
[2022-06-13T01:32:18.549+0000][1][gc,age       ] GC(4) - age   3:     318784 bytes,    4967680 total
[2022-06-13T01:32:18.550+0000][1][gc,heap      ] GC(4) ParNew: 76630K->7313K(78656K)
[2022-06-13T01:32:18.551+0000][1][gc,heap      ] GC(4) CMS: 6706K->7874K(174784K)
[2022-06-13T01:32:18.551+0000][1][gc,metaspace ] GC(4) Metaspace: 18766K->18766K(1067008K)
[2022-06-13T01:32:18.552+0000][1][gc           ] GC(4) Pause Young (Allocation Failure) 81M->14M(247M) 19.781ms
[2022-06-13T01:32:18.552+0000][1][gc,cpu       ] GC(4) User=0.06s Sys=0.00s Real=0.02s
[2022-06-13T01:32:18.552+0000][1][safepoint    ] Leaving safepoint region
[2022-06-13T01:32:18.553+0000][1][safepoint    ] Total time for which application threads were stopped: 0.0211542 seconds, Stopping threads took: 0.0003550 seconds
[2022-06-13T01:32:18.560+0000][1][safepoint    ] Application time: 0.0068576 seconds
[2022-06-13T01:32:18.560+0000][1][safepoint    ] Entering safepoint region: RevokeBias
[2022-06-13T01:32:18.561+0000][1][safepoint    ] Leaving safepoint region
[2022-06-13T01:32:18.563+0000][1][safepoint    ] Total time for which application threads were stopped: 0.0027418 seconds, Stopping threads took: 0.0010403 seconds
[2022-06-13T01:32:18.565+0000][1][safepoint    ] Application time: 0.0001003 seconds
[2022-06-13T01:32:18.575+0000][1][safepoint    ] Entering safepoint region: RevokeBias
[2022-06-13T01:32:18.575+0000][1][safepoint    ] Leaving safepoint region
[2022-06-13T01:32:18.576+0000][1][safepoint    ] Total time for which application threads were stopped: 0.0010290 seconds, Stopping threads took: 0.0003771 seconds
[2022-06-13T01:32:18.577+0000][1][safepoint    ] Application time: 0.0010972 seconds
[2022-06-13T01:32:18.578+0000][1][safepoint    ] Entering safepoint region: RevokeBias
[2022-06-13T01:32:18.578+0000][1][safepoint    ] Leaving safepoint region
[2022-06-13T01:32:18.588+0000][1][safepoint    ] Total time for which application threads were stopped: 0.0108334 seconds, Stopping threads took: 0.0003436 seconds
[2022-06-13T01:32:18.599+0000][1][safepoint    ] Application time: 0.0030817 seconds
[2022-06-13T01:32:18.608+0000][1][safepoint    ] Entering safepoint region: RevokeBias
[2022-06-13T01:32:18.613+0000][1][safepoint    ] Leaving safepoint region
[2022-06-13T01:32:18.613+0000][1][safepoint    ] Total time for which application threads were stopped: 0.0050865 seconds, Stopping threads took: 0.0045863 seconds
[2022-06-13T01:32:18.654+0000][1][safepoint    ] Application time: 0.0398585 seconds
[2022-06-13T01:32:18.659+0000][1][safepoint    ] Entering safepoint region: Deoptimize
[2022-06-13T01:32:18.662+0000][1][safepoint    ] Leaving safepoint region
[2022-06-13T01:32:18.663+0000][1][safepoint    ] Total time for which application threads were stopped: 0.0034632 seconds, Stopping threads took: 0.0004631 seconds
[2022-06-13T01:32:18.746+0000][1][safepoint    ] Application time: 0.0823557 seconds
[2022-06-13T01:32:18.749+0000][1][safepoint    ] Entering safepoint region: Deoptimize
[2022-06-13T01:32:18.752+0000][1][safepoint    ] Leaving safepoint region
[2022-06-13T01:32:18.755+0000][1][safepoint    ] Total time for which application threads were stopped: 0.0074387 seconds, Stopping threads took: 0.0032632 seconds
[2022-06-13T01:32:18.959+0000][1][safepoint    ] Application time: 0.2042240 seconds
[2022-06-13T01:32:18.974+0000][1][safepoint    ] Entering safepoint region: GenCollectForAllocation
[2022-06-13T01:32:18.979+0000][1][gc,start     ] GC(5) Pause Young (Allocation Failure)
[2022-06-13T01:32:18.980+0000][1][gc,task      ] GC(5) Using 5 workers of 13 for evacuation
[2022-06-13T01:32:18.995+0000][1][gc,age       ] GC(5) Desired survivor size 4456448 bytes, new threshold 6 (max threshold 6)
[2022-06-13T01:32:18.995+0000][1][gc,age       ] GC(5) Age table with threshold 6 (max threshold 6)
[2022-06-13T01:32:18.996+0000][1][gc,age       ] GC(5) - age   1:    2229352 bytes,    2229352 total
[2022-06-13T01:32:18.996+0000][1][gc,age       ] GC(5) - age   2:     560448 bytes,    2789800 total
[2022-06-13T01:32:18.996+0000][1][gc,heap      ] GC(5) ParNew: 77265K->3723K(78656K)
[2022-06-13T01:32:18.996+0000][1][gc,heap      ] GC(5) CMS: 7874K->11323K(174784K)
[2022-06-13T01:32:18.996+0000][1][gc,metaspace ] GC(5) Metaspace: 19118K->19118K(1067008K)
[2022-06-13T01:32:18.997+0000][1][gc           ] GC(5) Pause Young (Allocation Failure) 83M->14M(247M) 17.370ms
[2022-06-13T01:32:18.997+0000][1][gc,cpu       ] GC(5) User=0.03s Sys=0.00s Real=0.01s
[2022-06-13T01:32:18.997+0000][1][safepoint    ] Leaving safepoint region
[2022-06-13T01:32:18.997+0000][1][safepoint    ] Total time for which application threads were stopped: 0.0235372 seconds, Stopping threads took: 0.0053387 seconds
[2022-06-13T01:32:19.000+0000][1][safepoint    ] Application time: 0.0025082 seconds
[2022-06-13T01:32:19.000+0000][1][safepoint    ] Entering safepoint region: RevokeBias
[2022-06-13T01:32:19.001+0000][1][safepoint    ] Leaving safepoint region
[2022-06-13T01:32:19.001+0000][1][safepoint    ] Total time for which application threads were stopped: 0.0010314 seconds, Stopping threads took: 0.0005483 seconds
[2022-06-13T01:32:19.002+0000][1][safepoint    ] Application time: 0.0001043 seconds
[2022-06-13T01:32:19.002+0000][1][safepoint    ] Entering safepoint region: RevokeBias
[2022-06-13T01:32:19.003+0000][1][safepoint    ] Leaving safepoint region
[2022-06-13T01:32:19.003+0000][1][safepoint    ] Total time for which application threads were stopped: 0.0006526 seconds, Stopping threads took: 0.0002996 seconds
[2022-06-13T01:32:19.003+0000][1][safepoint    ] Application time: 0.0001757 seconds
[2022-06-13T01:32:19.003+0000][1][safepoint    ] Entering safepoint region: RevokeBias
[2022-06-13T01:32:19.004+0000][1][safepoint    ] Leaving safepoint region
[2022-06-13T01:32:19.004+0000][1][safepoint    ] Total time for which application threads were stopped: 0.0005653 seconds, Stopping threads took: 0.0002396 seconds
[2022-06-13T01:32:19.004+0000][1][safepoint    ] Application time: 0.0001424 seconds
[2022-06-13T01:32:19.005+0000][1][safepoint    ] Entering safepoint region: RevokeBias
[2022-06-13T01:32:19.005+0000][1][safepoint    ] Leaving safepoint region
[2022-06-13T01:32:19.005+0000][1][safepoint    ] Total time for which application threads were stopped: 0.0005915 seconds, Stopping threads took: 0.0002500 seconds
[2022-06-13T01:32:19.005+0000][1][safepoint    ] Application time: 0.0001590 seconds
[2022-06-13T01:32:19.006+0000][1][safepoint    ] Entering safepoint region: RevokeBias
[2022-06-13T01:32:19.006+0000][1][safepoint    ] Leaving safepoint region
[2022-06-13T01:32:19.006+0000][1][safepoint    ] Total time for which application threads were stopped: 0.0004951 seconds, Stopping threads took: 0.0002184 seconds
[2022-06-13T01:32:19.007+0000][1][safepoint    ] Application time: 0.0001680 seconds
[2022-06-13T01:32:19.007+0000][1][safepoint    ] Entering safepoint region: RevokeBias
[2022-06-13T01:32:19.007+0000][1][safepoint    ] Leaving safepoint region
[2022-06-13T01:32:19.007+0000][1][safepoint    ] Total time for which application threads were stopped: 0.0005241 seconds, Stopping threads took: 0.0002723 seconds
[2022-06-13T01:32:19.168+0000][1][safepoint    ] Application time: 0.1607483 seconds
[2022-06-13T01:32:19.169+0000][1][safepoint    ] Entering safepoint region: RevokeBias
[2022-06-13T01:32:19.169+0000][1][safepoint    ] Leaving safepoint region
[2022-06-13T01:32:19.169+0000][1][safepoint    ] Total time for which application threads were stopped: 0.0005801 seconds, Stopping threads took: 0.0002695 seconds
[2022-06-13T01:32:19.219+0000][1][safepoint    ] Application time: 0.0497424 seconds
[2022-06-13T01:32:19.220+0000][1][safepoint    ] Entering safepoint region: GenCollectForAllocation
[2022-06-13T01:32:19.220+0000][1][gc,start     ] GC(6) Pause Young (Allocation Failure)
[2022-06-13T01:32:19.221+0000][1][gc,task      ] GC(6) Using 5 workers of 13 for evacuation
[2022-06-13T01:32:19.231+0000][1][gc,age       ] GC(6) Desired survivor size 4456448 bytes, new threshold 6 (max threshold 6)
[2022-06-13T01:32:19.231+0000][1][gc,age       ] GC(6) Age table with threshold 6 (max threshold 6)
[2022-06-13T01:32:19.232+0000][1][gc,age       ] GC(6) - age   1:    1155864 bytes,    1155864 total
[2022-06-13T01:32:19.232+0000][1][gc,age       ] GC(6) - age   2:    2195720 bytes,    3351584 total
[2022-06-13T01:32:19.232+0000][1][gc,age       ] GC(6) - age   3:     560448 bytes,    3912032 total
[2022-06-13T01:32:19.232+0000][1][gc,heap      ] GC(6) ParNew: 73675K->4916K(78656K)
[2022-06-13T01:32:19.233+0000][1][gc,heap      ] GC(6) CMS: 11323K->11323K(174784K)
[2022-06-13T01:32:19.233+0000][1][gc,metaspace ] GC(6) Metaspace: 19424K->19424K(1067008K)
[2022-06-13T01:32:19.234+0000][1][gc           ] GC(6) Pause Young (Allocation Failure) 83M->15M(247M) 13.430ms
[2022-06-13T01:32:19.234+0000][1][gc,cpu       ] GC(6) User=0.02s Sys=0.00s Real=0.01s
[2022-06-13T01:32:19.235+0000][1][safepoint    ] Leaving safepoint region
[2022-06-13T01:32:19.235+0000][1][safepoint    ] Total time for which application threads were stopped: 0.0149122 seconds, Stopping threads took: 0.0003539 seconds
[2022-06-13T01:32:19.236+0000][1][safepoint    ] Application time: 0.0003693 seconds
[2022-06-13T01:32:19.237+0000][1][safepoint    ] Entering safepoint region: BulkRevokeBias
[2022-06-13T01:32:19.237+0000][1][safepoint    ] Leaving safepoint region
[2022-06-13T01:32:19.237+0000][1][safepoint    ] Total time for which application threads were stopped: 0.0014909 seconds, Stopping threads took: 0.0011208 seconds
[2022-06-13T01:32:19.238+0000][1][safepoint    ] Application time: 0.0001564 seconds
[2022-06-13T01:32:19.238+0000][1][safepoint    ] Entering safepoint region: BulkRevokeBias
[2022-06-13T01:32:19.238+0000][1][safepoint    ] Leaving safepoint region
[2022-06-13T01:32:19.239+0000][1][safepoint    ] Total time for which application threads were stopped: 0.0006639 seconds, Stopping threads took: 0.0003052 seconds
[2022-06-13T01:32:19.396+0000][1][safepoint    ] Application time: 0.1567381 seconds
[2022-06-13T01:32:19.396+0000][1][safepoint    ] Entering safepoint region: GenCollectForAllocation
[2022-06-13T01:32:19.396+0000][1][gc,start     ] GC(7) Pause Young (Allocation Failure)
[2022-06-13T01:32:19.397+0000][1][gc,task      ] GC(7) Using 5 workers of 13 for evacuation
[2022-06-13T01:32:19.399+0000][1][gc,age       ] GC(7) Desired survivor size 4456448 bytes, new threshold 6 (max threshold 6)
[2022-06-13T01:32:19.400+0000][1][gc,age       ] GC(7) Age table with threshold 6 (max threshold 6)
[2022-06-13T01:32:19.400+0000][1][gc,age       ] GC(7) - age   1:     514152 bytes,     514152 total
[2022-06-13T01:32:19.400+0000][1][gc,age       ] GC(7) - age   2:    1129888 bytes,    1644040 total
[2022-06-13T01:32:19.400+0000][1][gc,age       ] GC(7) - age   3:    2193712 bytes,    3837752 total
[2022-06-13T01:32:19.400+0000][1][gc,age       ] GC(7) - age   4:     560448 bytes,    4398200 total
[2022-06-13T01:32:19.400+0000][1][gc,heap      ] GC(7) ParNew: 74868K->6451K(78656K)
[2022-06-13T01:32:19.401+0000][1][gc,heap      ] GC(7) CMS: 11323K->11323K(174784K)
[2022-06-13T01:32:19.401+0000][1][gc,metaspace ] GC(7) Metaspace: 19792K->19792K(1067008K)
[2022-06-13T01:32:19.401+0000][1][gc           ] GC(7) Pause Young (Allocation Failure) 84M->17M(247M) 4.609ms
[2022-06-13T01:32:19.401+0000][1][gc,cpu       ] GC(7) User=0.03s Sys=0.01s Real=0.01s
[2022-06-13T01:32:19.401+0000][1][safepoint    ] Leaving safepoint region
[2022-06-13T01:32:19.402+0000][1][safepoint    ] Total time for which application threads were stopped: 0.0056988 seconds, Stopping threads took: 0.0003084 seconds
[2022-06-13T01:32:19.440+0000][1][safepoint    ] Application time: 0.0379640 seconds
[2022-06-13T01:32:19.440+0000][1][safepoint    ] Entering safepoint region: CollectForMetadataAllocation
[2022-06-13T01:32:19.441+0000][1][safepoint    ] Leaving safepoint region
[2022-06-13T01:32:19.441+0000][1][safepoint    ] Total time for which application threads were stopped: 0.0012079 seconds, Stopping threads took: 0.0004378 seconds
[2022-06-13T01:32:19.495+0000][1][safepoint    ] Application time: 0.0535343 seconds
[2022-06-13T01:32:19.496+0000][1][safepoint    ] Entering safepoint region: CollectForMetadataAllocation
[2022-06-13T01:32:19.496+0000][1][safepoint    ] Leaving safepoint region
[2022-06-13T01:32:19.497+0000][1][safepoint    ] Total time for which application threads were stopped: 0.0008590 seconds, Stopping threads took: 0.0003372 seconds
[2022-06-13T01:32:19.650+0000][1][safepoint    ] Application time: 0.1526391 seconds
[2022-06-13T01:32:19.650+0000][1][safepoint    ] Entering safepoint region: GenCollectForAllocation
[2022-06-13T01:32:19.651+0000][1][gc,start     ] GC(8) Pause Young (Allocation Failure)
[2022-06-13T01:32:19.651+0000][1][gc,task      ] GC(8) Using 5 workers of 13 for evacuation
[2022-06-13T01:32:19.669+0000][1][gc,age       ] GC(8) Desired survivor size 4456448 bytes, new threshold 5 (max threshold 6)
[2022-06-13T01:32:19.670+0000][1][gc,age       ] GC(8) Age table with threshold 5 (max threshold 6)
[2022-06-13T01:32:19.670+0000][1][gc,age       ] GC(8) - age   1:     488104 bytes,     488104 total
[2022-06-13T01:32:19.670+0000][1][gc,age       ] GC(8) - age   2:     491992 bytes,     980096 total
[2022-06-13T01:32:19.671+0000][1][gc,age       ] GC(8) - age   3:    1129792 bytes,    2109888 total
[2022-06-13T01:32:19.671+0000][1][gc,age       ] GC(8) - age   4:    2193424 bytes,    4303312 total
[2022-06-13T01:32:19.671+0000][1][gc,age       ] GC(8) - age   5:     560448 bytes,    4863760 total
[2022-06-13T01:32:19.671+0000][1][gc,heap      ] GC(8) ParNew: 76403K->6407K(78656K)
[2022-06-13T01:32:19.672+0000][1][gc,heap      ] GC(8) CMS: 11323K->11323K(174784K)
[2022-06-13T01:32:19.672+0000][1][gc,metaspace ] GC(8) Metaspace: 20478K->20478K(1069056K)
[2022-06-13T01:32:19.672+0000][1][gc           ] GC(8) Pause Young (Allocation Failure) 85M->17M(247M) 21.469ms
[2022-06-13T01:32:19.673+0000][1][gc,cpu       ] GC(8) User=0.05s Sys=0.01s Real=0.02s
[2022-06-13T01:32:19.673+0000][1][safepoint    ] Leaving safepoint region
[2022-06-13T01:32:19.673+0000][1][safepoint    ] Total time for which application threads were stopped: 0.0234834 seconds, Stopping threads took: 0.0005457 seconds
[2022-06-13T01:32:19.674+0000][1][safepoint    ] Application time: 0.0004610 seconds
[2022-06-13T01:32:19.675+0000][1][safepoint    ] Entering safepoint region: CMS_Initial_Mark
[2022-06-13T01:32:19.675+0000][1][gc,start     ] GC(9) Pause Initial Mark
[2022-06-13T01:32:19.677+0000][1][gc           ] GC(9) Pause Initial Mark 18M->18M(247M) 1.496ms
[2022-06-13T01:32:19.677+0000][1][gc,cpu       ] GC(9) User=0.00s Sys=0.00s Real=0.00s
[2022-06-13T01:32:19.677+0000][1][safepoint    ] Leaving safepoint region
[2022-06-13T01:32:19.677+0000][1][safepoint    ] Total time for which application threads were stopped: 0.0028416 seconds, Stopping threads took: 0.0003952 seconds
[2022-06-13T01:32:19.678+0000][1][gc           ] GC(9) Concurrent Mark
[2022-06-13T01:32:19.689+0000][1][gc,task      ] GC(9) Using 4 workers of 4 for marking
[2022-06-13T01:32:19.719+0000][1][gc           ] GC(9) Concurrent Mark 41.413ms
[2022-06-13T01:32:19.720+0000][1][gc,cpu       ] GC(9) User=0.19s Sys=0.00s Real=0.05s
[2022-06-13T01:32:19.720+0000][1][gc           ] GC(9) Concurrent Preclean
[2022-06-13T01:32:19.721+0000][1][gc           ] GC(9) Concurrent Preclean 1.225ms
[2022-06-13T01:32:19.721+0000][1][gc,cpu       ] GC(9) User=0.01s Sys=0.00s Real=0.00s
[2022-06-13T01:32:19.722+0000][1][gc           ] GC(9) Concurrent Abortable Preclean
[2022-06-13T01:32:19.832+0000][1][safepoint    ] Application time: 0.1547732 seconds
[2022-06-13T01:32:19.833+0000][1][safepoint    ] Entering safepoint region: GenCollectForAllocation
[2022-06-13T01:32:19.834+0000][1][gc,start     ] GC(10) Pause Young (Allocation Failure)
[2022-06-13T01:32:19.834+0000][1][gc,task      ] GC(10) Using 5 workers of 13 for evacuation
[2022-06-13T01:32:19.845+0000][1][gc,age       ] GC(10) Desired survivor size 4456448 bytes, new threshold 5 (max threshold 6)
[2022-06-13T01:32:19.845+0000][1][gc,age       ] GC(10) Age table with threshold 5 (max threshold 6)
[2022-06-13T01:32:19.845+0000][1][gc,age       ] GC(10) - age   1:     937280 bytes,     937280 total
[2022-06-13T01:32:19.846+0000][1][gc,age       ] GC(10) - age   2:     476328 bytes,    1413608 total
[2022-06-13T01:32:19.846+0000][1][gc,age       ] GC(10) - age   3:     491872 bytes,    1905480 total
[2022-06-13T01:32:19.846+0000][1][gc,age       ] GC(10) - age   4:    1129792 bytes,    3035272 total
[2022-06-13T01:32:19.846+0000][1][gc,age       ] GC(10) - age   5:    2193232 bytes,    5228504 total
[2022-06-13T01:32:19.847+0000][1][gc,heap      ] GC(10) ParNew: 76359K->7109K(78656K)
[2022-06-13T01:32:19.847+0000][1][gc,heap      ] GC(10) CMS: 11323K->11881K(174784K)
[2022-06-13T01:32:19.847+0000][1][gc,metaspace ] GC(10) Metaspace: 20595K->20595K(1069056K)
[2022-06-13T01:32:19.847+0000][1][gc           ] GC(10) Pause Young (Allocation Failure) 85M->18M(247M) 13.665ms
[2022-06-13T01:32:19.848+0000][1][gc,cpu       ] GC(10) User=0.06s Sys=0.00s Real=0.01s
[2022-06-13T01:32:19.849+0000][1][safepoint    ] Leaving safepoint region
[2022-06-13T01:32:19.850+0000][1][safepoint    ] Total time for which application threads were stopped: 0.0163338 seconds, Stopping threads took: 0.0003879 seconds
[2022-06-13T01:32:20.037+0000][1][safepoint    ] Application time: 0.1833991 seconds
[2022-06-13T01:32:20.040+0000][1][safepoint    ] Entering safepoint region: GenCollectForAllocation
[2022-06-13T01:32:20.047+0000][1][gc           ] GC(9) Concurrent Abortable Preclean 324.982ms
[2022-06-13T01:32:20.050+0000][1][gc,cpu       ] GC(9) User=1.41s Sys=0.12s Real=0.33s
[2022-06-13T01:32:20.049+0000][1][gc,start     ] GC(11) Pause Young (Allocation Failure)
[2022-06-13T01:32:20.050+0000][1][gc,task      ] GC(11) Using 5 workers of 13 for evacuation
[2022-06-13T01:32:20.058+0000][1][gc,age       ] GC(11) Desired survivor size 4456448 bytes, new threshold 6 (max threshold 6)
[2022-06-13T01:32:20.058+0000][1][gc,age       ] GC(11) Age table with threshold 6 (max threshold 6)
[2022-06-13T01:32:20.059+0000][1][gc,age       ] GC(11) - age   1:    1814664 bytes,    1814664 total
[2022-06-13T01:32:20.059+0000][1][gc,age       ] GC(11) - age   2:     126152 bytes,    1940816 total
[2022-06-13T01:32:20.069+0000][1][gc,age       ] GC(11) - age   3:     476328 bytes,    2417144 total
[2022-06-13T01:32:20.070+0000][1][gc,age       ] GC(11) - age   4:     491720 bytes,    2908864 total
[2022-06-13T01:32:20.070+0000][1][gc,age       ] GC(11) - age   5:    1129504 bytes,    4038368 total
[2022-06-13T01:32:20.070+0000][1][gc,heap      ] GC(11) ParNew: 77061K->6374K(78656K)
[2022-06-13T01:32:20.071+0000][1][gc,heap      ] GC(11) CMS: 11881K->14037K(174784K)
[2022-06-13T01:32:20.071+0000][1][gc,metaspace ] GC(11) Metaspace: 20671K->20671K(1069056K)
[2022-06-13T01:32:20.071+0000][1][gc           ] GC(11) Pause Young (Allocation Failure) 86M->19M(247M) 21.896ms
[2022-06-13T01:32:20.071+0000][1][gc,cpu       ] GC(11) User=0.09s Sys=0.00s Real=0.02s
[2022-06-13T01:32:20.072+0000][1][safepoint    ] Leaving safepoint region
[2022-06-13T01:32:20.072+0000][1][safepoint    ] Total time for which application threads were stopped: 0.0321580 seconds, Stopping threads took: 0.0093405 seconds
[2022-06-13T01:32:20.074+0000][1][safepoint    ] Application time: 0.0015748 seconds
[2022-06-13T01:32:20.074+0000][1][safepoint    ] Entering safepoint region: CMS_Final_Remark
[2022-06-13T01:32:20.075+0000][1][gc,start     ] GC(9) Pause Remark
[2022-06-13T01:32:20.087+0000][1][gc           ] GC(9) Pause Remark 21M->21M(247M) 12.767ms
[2022-06-13T01:32:20.088+0000][1][gc,cpu       ] GC(9) User=0.04s Sys=0.00s Real=0.01s
[2022-06-13T01:32:20.088+0000][1][safepoint    ] Leaving safepoint region
[2022-06-13T01:32:20.089+0000][1][safepoint    ] Total time for which application threads were stopped: 0.0147602 seconds, Stopping threads took: 0.0004305 seconds
[2022-06-13T01:32:20.104+0000][1][gc           ] GC(9) Concurrent Sweep
[2022-06-13T01:32:20.114+0000][1][gc           ] GC(9) Concurrent Sweep 10.134ms
[2022-06-13T01:32:20.118+0000][1][gc,cpu       ] GC(9) User=0.07s Sys=0.01s Real=0.01s
[2022-06-13T01:32:20.119+0000][1][gc           ] GC(9) Concurrent Reset
[2022-06-13T01:32:20.120+0000][1][gc           ] GC(9) Concurrent Reset 0.772ms
[2022-06-13T01:32:20.120+0000][1][gc,cpu       ] GC(9) User=0.03s Sys=0.00s Real=0.01s
[2022-06-13T01:32:20.120+0000][1][gc,heap      ] GC(9) Old: 11323K->14011K(174784K)
[2022-06-13T01:32:20.583+0000][1][safepoint    ] Application time: 0.4933395 seconds
[2022-06-13T01:32:20.583+0000][1][safepoint    ] Entering safepoint region: Deoptimize
[2022-06-13T01:32:20.585+0000][1][safepoint    ] Leaving safepoint region
[2022-06-13T01:32:20.585+0000][1][safepoint    ] Total time for which application threads were stopped: 0.0019198 seconds, Stopping threads took: 0.0002781 seconds
[2022-06-13T01:32:20.694+0000][1][safepoint    ] Application time: 0.1086385 seconds
[2022-06-13T01:32:20.694+0000][1][safepoint    ] Entering safepoint region: Deoptimize
[2022-06-13T01:32:20.695+0000][1][safepoint    ] Leaving safepoint region
[2022-06-13T01:32:20.696+0000][1][safepoint    ] Total time for which application threads were stopped: 0.0012384 seconds, Stopping threads took: 0.0002620 seconds
[2022-06-13T01:32:20.716+0000][1][safepoint    ] Application time: 0.0207089 seconds
[2022-06-13T01:32:20.717+0000][1][safepoint    ] Entering safepoint region: RevokeBias
[2022-06-13T01:32:20.717+0000][1][safepoint    ] Leaving safepoint region
[2022-06-13T01:32:20.717+0000][1][safepoint    ] Total time for which application threads were stopped: 0.0004866 seconds, Stopping threads took: 0.0002058 seconds
[2022-06-13T01:32:20.718+0000][1][safepoint    ] Application time: 0.0001855 seconds
[2022-06-13T01:32:20.718+0000][1][safepoint    ] Entering safepoint region: RevokeBias
[2022-06-13T01:32:20.718+0000][1][safepoint    ] Leaving safepoint region
[2022-06-13T01:32:20.719+0000][1][safepoint    ] Total time for which application threads were stopped: 0.0006801 seconds, Stopping threads took: 0.0003123 seconds
[2022-06-13T01:32:20.720+0000][1][safepoint    ] Application time: 0.0007213 seconds
[2022-06-13T01:32:20.720+0000][1][safepoint    ] Entering safepoint region: Deoptimize
[2022-06-13T01:32:20.721+0000][1][safepoint    ] Leaving safepoint region
[2022-06-13T01:32:20.721+0000][1][safepoint    ] Total time for which application threads were stopped: 0.0012576 seconds, Stopping threads took: 0.0002591 seconds
[2022-06-13T01:32:20.730+0000][1][safepoint    ] Application time: 0.0080843 seconds
[2022-06-13T01:32:20.730+0000][1][safepoint    ] Entering safepoint region: Deoptimize
[2022-06-13T01:32:20.731+0000][1][safepoint    ] Leaving safepoint region
[2022-06-13T01:32:20.731+0000][1][safepoint    ] Total time for which application threads were stopped: 0.0013485 seconds, Stopping threads took: 0.0004357 seconds
[2022-06-13T01:32:20.855+0000][1][safepoint    ] Application time: 0.1239766 seconds
[2022-06-13T01:32:20.858+0000][1][safepoint    ] Entering safepoint region: GenCollectForAllocation
[2022-06-13T01:32:20.859+0000][1][gc,start     ] GC(12) Pause Young (Allocation Failure)
[2022-06-13T01:32:20.860+0000][1][gc,task      ] GC(12) Using 5 workers of 13 for evacuation
[2022-06-13T01:32:20.866+0000][1][gc,age       ] GC(12) Desired survivor size 4456448 bytes, new threshold 6 (max threshold 6)
[2022-06-13T01:32:20.866+0000][1][gc,age       ] GC(12) Age table with threshold 6 (max threshold 6)
[2022-06-13T01:32:20.866+0000][1][gc,age       ] GC(12) - age   1:    2991160 bytes,    2991160 total
[2022-06-13T01:32:20.867+0000][1][gc,age       ] GC(12) - age   2:     344864 bytes,    3336024 total
[2022-06-13T01:32:20.867+0000][1][gc,age       ] GC(12) - age   3:     125888 bytes,    3461912 total
[2022-06-13T01:32:20.867+0000][1][gc,age       ] GC(12) - age   4:     475768 bytes,    3937680 total
[2022-06-13T01:32:20.867+0000][1][gc,age       ] GC(12) - age   5:     486920 bytes,    4424600 total
[2022-06-13T01:32:20.868+0000][1][gc,age       ] GC(12) - age   6:    1129368 bytes,    5553968 total
[2022-06-13T01:32:20.868+0000][1][gc,heap      ] GC(12) ParNew: 76326K->7372K(78656K)
[2022-06-13T01:32:20.868+0000][1][gc,heap      ] GC(12) CMS: 14011K->14011K(174784K)
[2022-06-13T01:32:20.869+0000][1][gc,metaspace ] GC(12) Metaspace: 26436K->26436K(1073152K)
[2022-06-13T01:32:20.869+0000][1][gc           ] GC(12) Pause Young (Allocation Failure) 88M->20M(247M) 10.031ms
[2022-06-13T01:32:20.869+0000][1][gc,cpu       ] GC(12) User=0.05s Sys=0.00s Real=0.02s
[2022-06-13T01:32:20.870+0000][1][safepoint    ] Leaving safepoint region
[2022-06-13T01:32:20.870+0000][1][safepoint    ] Total time for which application threads were stopped: 0.0145377 seconds, Stopping threads took: 0.0028597 seconds
[2022-06-13T01:32:22.569+0000][1][safepoint    ] Application time: 1.6982259 seconds
[2022-06-13T01:32:22.579+0000][1][safepoint    ] Entering safepoint region: GenCollectForAllocation
[2022-06-13T01:32:22.583+0000][1][gc,start     ] GC(13) Pause Young (Allocation Failure)
[2022-06-13T01:32:22.584+0000][1][gc,task      ] GC(13) Using 5 workers of 13 for evacuation
[2022-06-13T01:32:22.652+0000][1][gc,age       ] GC(13) Desired survivor size 4456448 bytes, new threshold 1 (max threshold 6)
[2022-06-13T01:32:22.654+0000][1][gc,age       ] GC(13) Age table with threshold 1 (max threshold 6)
[2022-06-13T01:32:22.656+0000][1][gc,age       ] GC(13) - age   1:    4874296 bytes,    4874296 total
[2022-06-13T01:32:22.657+0000][1][gc,age       ] GC(13) - age   2:    2604264 bytes,    7478560 total
[2022-06-13T01:32:22.659+0000][1][gc,age       ] GC(13) - age   3:     344800 bytes,    7823360 total
[2022-06-13T01:32:22.661+0000][1][gc,age       ] GC(13) - age   4:     125888 bytes,    7949248 total
[2022-06-13T01:32:22.663+0000][1][gc,age       ] GC(13) - age   5:     475768 bytes,    8425016 total
[2022-06-13T01:32:22.665+0000][1][gc,age       ] GC(13) - age   6:     486776 bytes,    8911792 total
[2022-06-13T01:32:22.666+0000][1][gc,heap      ] GC(13) ParNew: 77324K->8704K(78656K)
[2022-06-13T01:32:22.667+0000][1][gc,heap      ] GC(13) CMS: 14011K->25388K(174784K)
[2022-06-13T01:32:22.667+0000][1][gc,metaspace ] GC(13) Metaspace: 27061K->27061K(1075200K)
[2022-06-13T01:32:22.668+0000][1][gc           ] GC(13) Pause Young (Allocation Failure) 89M->33M(247M) 84.956ms
[2022-06-13T01:32:22.669+0000][1][gc,cpu       ] GC(13) User=0.28s Sys=0.00s Real=0.08s
[2022-06-13T01:32:22.669+0000][1][safepoint    ] Leaving safepoint region
[2022-06-13T01:32:22.670+0000][1][safepoint    ] Total time for which application threads were stopped: 0.0904582 seconds, Stopping threads took: 0.0035478 seconds
[2022-06-13T01:32:22.826+0000][1][safepoint    ] Application time: 0.1560640 seconds
[2022-06-13T01:32:22.826+0000][1][safepoint    ] Entering safepoint region: Deoptimize
[2022-06-13T01:32:22.827+0000][1][safepoint    ] Leaving safepoint region
[2022-06-13T01:32:22.828+0000][1][safepoint    ] Total time for which application threads were stopped: 0.0011365 seconds, Stopping threads took: 0.0002544 seconds
[2022-06-13T01:32:23.246+0000][1][safepoint    ] Application time: 0.4179293 seconds
[2022-06-13T01:32:23.246+0000][1][safepoint    ] Entering safepoint region: RevokeBias
[2022-06-13T01:32:23.247+0000][1][safepoint    ] Leaving safepoint region
[2022-06-13T01:32:23.247+0000][1][safepoint    ] Total time for which application threads were stopped: 0.0007434 seconds, Stopping threads took: 0.0003626 seconds
[2022-06-13T01:32:24.060+0000][1][safepoint    ] Application time: 0.8131766 seconds
[2022-06-13T01:32:24.061+0000][1][safepoint    ] Entering safepoint region: GenCollectForAllocation
[2022-06-13T01:32:24.061+0000][1][gc,start     ] GC(14) Pause Young (Allocation Failure)
[2022-06-13T01:32:24.061+0000][1][gc,task      ] GC(14) Using 5 workers of 13 for evacuation
[2022-06-13T01:32:24.150+0000][1][gc,age       ] GC(14) Desired survivor size 4456448 bytes, new threshold 1 (max threshold 6)
[2022-06-13T01:32:24.153+0000][1][gc,age       ] GC(14) Age table with threshold 1 (max threshold 6)
[2022-06-13T01:32:24.157+0000][1][gc,age       ] GC(14) - age   1:    8912720 bytes,    8912720 total
[2022-06-13T01:32:24.158+0000][1][gc,heap      ] GC(14) ParNew: 78656K->8704K(78656K)
[2022-06-13T01:32:24.158+0000][1][gc,heap      ] GC(14) CMS: 25388K->39292K(174784K)
[2022-06-13T01:32:24.158+0000][1][gc,metaspace ] GC(14) Metaspace: 27228K->27228K(1075200K)
[2022-06-13T01:32:24.158+0000][1][gc           ] GC(14) Pause Young (Allocation Failure) 101M->46M(247M) 97.170ms
[2022-06-13T01:32:24.159+0000][1][gc,cpu       ] GC(14) User=0.26s Sys=0.00s Real=0.09s
[2022-06-13T01:32:24.159+0000][1][safepoint    ] Leaving safepoint region
[2022-06-13T01:32:24.159+0000][1][safepoint    ] Total time for which application threads were stopped: 0.0984511 seconds, Stopping threads took: 0.0002278 seconds
[2022-06-13T01:32:24.600+0000][1][safepoint    ] Application time: 0.4407511 seconds
[2022-06-13T01:32:24.601+0000][1][safepoint    ] Entering safepoint region: RevokeBias
[2022-06-13T01:32:24.601+0000][1][safepoint    ] Leaving safepoint region
[2022-06-13T01:32:24.602+0000][1][safepoint    ] Total time for which application threads were stopped: 0.0008276 seconds, Stopping threads took: 0.0003438 seconds
[2022-06-13T01:32:24.960+0000][1][safepoint    ] Application time: 0.3585765 seconds
[2022-06-13T01:32:24.961+0000][1][safepoint    ] Entering safepoint region: RevokeBias
[2022-06-13T01:32:24.961+0000][1][safepoint    ] Leaving safepoint region
[2022-06-13T01:32:24.961+0000][1][safepoint    ] Total time for which application threads were stopped: 0.0006960 seconds, Stopping threads took: 0.0003091 seconds
[2022-06-13T01:32:24.966+0000][1][safepoint    ] Application time: 0.0046309 seconds
[2022-06-13T01:32:24.969+0000][1][safepoint    ] Entering safepoint region: RevokeBias
[2022-06-13T01:32:24.970+0000][1][safepoint    ] Leaving safepoint region
[2022-06-13T01:32:24.970+0000][1][safepoint    ] Total time for which application threads were stopped: 0.0022014 seconds, Stopping threads took: 0.0018365 seconds
[2022-06-13T01:32:25.197+0000][1][safepoint    ] Application time: 0.2267415 seconds
[2022-06-13T01:32:25.197+0000][1][safepoint    ] Entering safepoint region: GenCollectForAllocation
[2022-06-13T01:32:25.198+0000][1][gc,start     ] GC(15) Pause Young (Allocation Failure)
[2022-06-13T01:32:25.198+0000][1][gc,task      ] GC(15) Using 5 workers of 13 for evacuation
[2022-06-13T01:32:25.237+0000][1][gc,age       ] GC(15) Desired survivor size 4456448 bytes, new threshold 1 (max threshold 6)
[2022-06-13T01:32:25.239+0000][1][gc,age       ] GC(15) Age table with threshold 1 (max threshold 6)
[2022-06-13T01:32:25.239+0000][1][gc,age       ] GC(15) - age   1:    6145328 bytes,    6145328 total
[2022-06-13T01:32:25.239+0000][1][gc,heap      ] GC(15) ParNew: 78656K->8704K(78656K)
[2022-06-13T01:32:25.239+0000][1][gc,heap      ] GC(15) CMS: 39292K->49795K(174784K)
[2022-06-13T01:32:25.240+0000][1][gc,metaspace ] GC(15) Metaspace: 31994K->31994K(1079296K)
[2022-06-13T01:32:25.240+0000][1][gc           ] GC(15) Pause Young (Allocation Failure) 115M->57M(247M) 42.113ms
[2022-06-13T01:32:25.240+0000][1][gc,cpu       ] GC(15) User=0.24s Sys=0.01s Real=0.05s
[2022-06-13T01:32:25.241+0000][1][safepoint    ] Leaving safepoint region
[2022-06-13T01:32:25.241+0000][1][safepoint    ] Total time for which application threads were stopped: 0.0434094 seconds, Stopping threads took: 0.0003428 seconds
[2022-06-13T01:32:25.568+0000][1][safepoint    ] Application time: 0.3270603 seconds
[2022-06-13T01:32:25.569+0000][1][safepoint    ] Entering safepoint region: GenCollectForAllocation
[2022-06-13T01:32:25.574+0000][1][gc,start     ] GC(16) Pause Young (Allocation Failure)
[2022-06-13T01:32:25.574+0000][1][gc,task      ] GC(16) Using 5 workers of 13 for evacuation
[2022-06-13T01:32:25.591+0000][1][gc,age       ] GC(16) Desired survivor size 4456448 bytes, new threshold 6 (max threshold 6)
[2022-06-13T01:32:25.591+0000][1][gc,age       ] GC(16) Age table with threshold 6 (max threshold 6)
[2022-06-13T01:32:25.592+0000][1][gc,age       ] GC(16) - age   1:     386336 bytes,     386336 total
[2022-06-13T01:32:25.593+0000][1][gc,heap      ] GC(16) ParNew: 78656K->5296K(78656K)
[2022-06-13T01:32:25.594+0000][1][gc,heap      ] GC(16) CMS: 49795K->55831K(174784K)
[2022-06-13T01:32:25.594+0000][1][gc,metaspace ] GC(16) Metaspace: 33019K->33019K(1079296K)
[2022-06-13T01:32:25.595+0000][1][gc           ] GC(16) Pause Young (Allocation Failure) 125M->59M(247M) 21.331ms
[2022-06-13T01:32:25.598+0000][1][gc,cpu       ] GC(16) User=0.06s Sys=0.00s Real=0.02s
[2022-06-13T01:32:25.599+0000][1][safepoint    ] Leaving safepoint region
[2022-06-13T01:32:25.599+0000][1][safepoint    ] Total time for which application threads were stopped: 0.0297787 seconds, Stopping threads took: 0.0041148 seconds
[2022-06-13T01:32:25.645+0000][1][safepoint    ] Application time: 0.0456231 seconds
[2022-06-13T01:32:25.646+0000][1][safepoint    ] Entering safepoint region: RevokeBias
[2022-06-13T01:32:25.646+0000][1][safepoint    ] Leaving safepoint region
[2022-06-13T01:32:25.646+0000][1][safepoint    ] Total time for which application threads were stopped: 0.0006987 seconds, Stopping threads took: 0.0003069 seconds
[2022-06-13T01:32:25.994+0000][1][safepoint    ] Application time: 0.3476582 seconds
[2022-06-13T01:32:25.995+0000][1][safepoint    ] Entering safepoint region: CollectForMetadataAllocation
[2022-06-13T01:32:25.995+0000][1][safepoint    ] Leaving safepoint region
[2022-06-13T01:32:25.995+0000][1][safepoint    ] Total time for which application threads were stopped: 0.0008560 seconds, Stopping threads took: 0.0002901 seconds
[2022-06-13T01:32:26.057+0000][1][safepoint    ] Application time: 0.0608186 seconds
[2022-06-13T01:32:26.059+0000][1][safepoint    ] Entering safepoint region: CollectForMetadataAllocation
[2022-06-13T01:32:26.060+0000][1][safepoint    ] Leaving safepoint region
[2022-06-13T01:32:26.060+0000][1][safepoint    ] Total time for which application threads were stopped: 0.0013875 seconds, Stopping threads took: 0.0008979 seconds
[2022-06-13T01:32:26.086+0000][1][safepoint    ] Application time: 0.0254762 seconds
[2022-06-13T01:32:26.086+0000][1][safepoint    ] Entering safepoint region: CollectForMetadataAllocation
[2022-06-13T01:32:26.087+0000][1][safepoint    ] Leaving safepoint region
[2022-06-13T01:32:26.087+0000][1][safepoint    ] Total time for which application threads were stopped: 0.0006802 seconds, Stopping threads took: 0.0002624 seconds
[2022-06-13T01:32:26.126+0000][1][safepoint    ] Application time: 0.0392089 seconds
[2022-06-13T01:32:26.127+0000][1][safepoint    ] Entering safepoint region: CollectForMetadataAllocation
[2022-06-13T01:32:26.128+0000][1][safepoint    ] Leaving safepoint region
[2022-06-13T01:32:26.128+0000][1][safepoint    ] Total time for which application threads were stopped: 0.0010091 seconds, Stopping threads took: 0.0005029 seconds
[2022-06-13T01:32:26.162+0000][1][safepoint    ] Application time: 0.0341581 seconds
[2022-06-13T01:32:26.163+0000][1][safepoint    ] Entering safepoint region: CollectForMetadataAllocation
[2022-06-13T01:32:26.163+0000][1][safepoint    ] Leaving safepoint region
[2022-06-13T01:32:26.164+0000][1][safepoint    ] Total time for which application threads were stopped: 0.0007877 seconds, Stopping threads took: 0.0003187 seconds
[2022-06-13T01:32:26.198+0000][1][safepoint    ] Application time: 0.0335881 seconds
[2022-06-13T01:32:26.198+0000][1][safepoint    ] Entering safepoint region: CollectForMetadataAllocation
[2022-06-13T01:32:26.199+0000][1][safepoint    ] Leaving safepoint region
[2022-06-13T01:32:26.199+0000][1][safepoint    ] Total time for which application threads were stopped: 0.0007789 seconds, Stopping threads took: 0.0003125 seconds
[2022-06-13T01:32:26.232+0000][1][safepoint    ] Application time: 0.0323621 seconds
[2022-06-13T01:32:26.232+0000][1][safepoint    ] Entering safepoint region: CollectForMetadataAllocation
[2022-06-13T01:32:26.233+0000][1][safepoint    ] Leaving safepoint region
[2022-06-13T01:32:26.233+0000][1][safepoint    ] Total time for which application threads were stopped: 0.0013128 seconds, Stopping threads took: 0.0002859 seconds
[2022-06-13T01:32:26.270+0000][1][safepoint    ] Application time: 0.0364392 seconds
[2022-06-13T01:32:26.270+0000][1][safepoint    ] Entering safepoint region: CollectForMetadataAllocation
[2022-06-13T01:32:26.271+0000][1][safepoint    ] Leaving safepoint region
[2022-06-13T01:32:26.271+0000][1][safepoint    ] Total time for which application threads were stopped: 0.0008128 seconds, Stopping threads took: 0.0003452 seconds
[2022-06-13T01:32:26.303+0000][1][safepoint    ] Application time: 0.0314920 seconds
[2022-06-13T01:32:26.304+0000][1][safepoint    ] Entering safepoint region: CollectForMetadataAllocation
[2022-06-13T01:32:26.304+0000][1][safepoint    ] Leaving safepoint region
[2022-06-13T01:32:26.304+0000][1][safepoint    ] Total time for which application threads were stopped: 0.0006521 seconds, Stopping threads took: 0.0002477 seconds
[2022-06-13T01:32:26.327+0000][1][safepoint    ] Application time: 0.0229336 seconds
[2022-06-13T01:32:26.328+0000][1][safepoint    ] Entering safepoint region: RevokeBias
[2022-06-13T01:32:26.328+0000][1][safepoint    ] Leaving safepoint region
[2022-06-13T01:32:26.329+0000][1][safepoint    ] Total time for which application threads were stopped: 0.0005975 seconds, Stopping threads took: 0.0002425 seconds
[2022-06-13T01:32:26.330+0000][1][safepoint    ] Application time: 0.0011421 seconds
[2022-06-13T01:32:26.330+0000][1][safepoint    ] Entering safepoint region: CollectForMetadataAllocation
[2022-06-13T01:32:26.331+0000][1][safepoint    ] Leaving safepoint region
[2022-06-13T01:32:26.332+0000][1][safepoint    ] Total time for which application threads were stopped: 0.0014745 seconds, Stopping threads took: 0.0003174 seconds
[2022-06-13T01:32:26.373+0000][1][safepoint    ] Application time: 0.0414166 seconds
[2022-06-13T01:32:26.374+0000][1][safepoint    ] Entering safepoint region: CollectForMetadataAllocation
[2022-06-13T01:32:26.375+0000][1][safepoint    ] Leaving safepoint region
[2022-06-13T01:32:26.375+0000][1][safepoint    ] Total time for which application threads were stopped: 0.0017297 seconds, Stopping threads took: 0.0003137 seconds
[2022-06-13T01:32:26.423+0000][1][safepoint    ] Application time: 0.0470455 seconds
[2022-06-13T01:32:26.423+0000][1][safepoint    ] Entering safepoint region: CollectForMetadataAllocation
[2022-06-13T01:32:26.423+0000][1][safepoint    ] Leaving safepoint region
[2022-06-13T01:32:26.424+0000][1][safepoint    ] Total time for which application threads were stopped: 0.0005494 seconds, Stopping threads took: 0.0002196 seconds
[2022-06-13T01:32:26.445+0000][1][safepoint    ] Application time: 0.0215235 seconds
[2022-06-13T01:32:26.446+0000][1][safepoint    ] Entering safepoint region: CollectForMetadataAllocation
[2022-06-13T01:32:26.446+0000][1][safepoint    ] Leaving safepoint region
[2022-06-13T01:32:26.447+0000][1][safepoint    ] Total time for which application threads were stopped: 0.0010497 seconds, Stopping threads took: 0.0001614 seconds
[2022-06-13T01:32:26.465+0000][1][safepoint    ] Application time: 0.0183060 seconds
[2022-06-13T01:32:26.465+0000][1][safepoint    ] Entering safepoint region: CollectForMetadataAllocation
[2022-06-13T01:32:26.466+0000][1][safepoint    ] Leaving safepoint region
[2022-06-13T01:32:26.466+0000][1][safepoint    ] Total time for which application threads were stopped: 0.0006872 seconds, Stopping threads took: 0.0002245 seconds
[2022-06-13T01:32:26.487+0000][1][safepoint    ] Application time: 0.0207689 seconds
[2022-06-13T01:32:26.488+0000][1][safepoint    ] Entering safepoint region: CollectForMetadataAllocation
[2022-06-13T01:32:26.488+0000][1][safepoint    ] Leaving safepoint region
[2022-06-13T01:32:26.489+0000][1][safepoint    ] Total time for which application threads were stopped: 0.0008725 seconds, Stopping threads took: 0.0003122 seconds
[2022-06-13T01:32:26.525+0000][1][safepoint    ] Application time: 0.0357444 seconds
[2022-06-13T01:32:26.525+0000][1][safepoint    ] Entering safepoint region: CollectForMetadataAllocation
[2022-06-13T01:32:26.525+0000][1][safepoint    ] Leaving safepoint region
[2022-06-13T01:32:26.525+0000][1][safepoint    ] Total time for which application threads were stopped: 0.0006215 seconds, Stopping threads took: 0.0002215 seconds
[2022-06-13T01:32:26.546+0000][1][safepoint    ] Application time: 0.0201996 seconds
[2022-06-13T01:32:26.546+0000][1][safepoint    ] Entering safepoint region: CollectForMetadataAllocation
[2022-06-13T01:32:26.547+0000][1][safepoint    ] Leaving safepoint region
[2022-06-13T01:32:26.547+0000][1][safepoint    ] Total time for which application threads were stopped: 0.0008923 seconds, Stopping threads took: 0.0004325 seconds
[2022-06-13T01:32:26.589+0000][1][safepoint    ] Application time: 0.0417079 seconds
[2022-06-13T01:32:26.590+0000][1][safepoint    ] Entering safepoint region: CollectForMetadataAllocation
[2022-06-13T01:32:26.591+0000][1][safepoint    ] Leaving safepoint region
[2022-06-13T01:32:26.591+0000][1][safepoint    ] Total time for which application threads were stopped: 0.0015440 seconds, Stopping threads took: 0.0002511 seconds
[2022-06-13T01:32:26.618+0000][1][safepoint    ] Application time: 0.0266060 seconds
[2022-06-13T01:32:26.619+0000][1][safepoint    ] Entering safepoint region: CollectForMetadataAllocation
[2022-06-13T01:32:26.619+0000][1][safepoint    ] Leaving safepoint region
[2022-06-13T01:32:26.620+0000][1][safepoint    ] Total time for which application threads were stopped: 0.0011960 seconds, Stopping threads took: 0.0004734 seconds
[2022-06-13T01:32:26.648+0000][1][safepoint    ] Application time: 0.0277356 seconds
[2022-06-13T01:32:26.648+0000][1][safepoint    ] Entering safepoint region: CollectForMetadataAllocation
[2022-06-13T01:32:26.649+0000][1][safepoint    ] Leaving safepoint region
[2022-06-13T01:32:26.649+0000][1][safepoint    ] Total time for which application threads were stopped: 0.0007799 seconds, Stopping threads took: 0.0002886 seconds
[2022-06-13T01:32:26.669+0000][1][safepoint    ] Application time: 0.0186758 seconds
[2022-06-13T01:32:26.669+0000][1][safepoint    ] Entering safepoint region: CollectForMetadataAllocation
[2022-06-13T01:32:26.670+0000][1][safepoint    ] Leaving safepoint region
[2022-06-13T01:32:26.671+0000][1][safepoint    ] Total time for which application threads were stopped: 0.0017085 seconds, Stopping threads took: 0.0008610 seconds
[2022-06-13T01:32:26.700+0000][1][safepoint    ] Application time: 0.0292620 seconds
[2022-06-13T01:32:26.701+0000][1][safepoint    ] Entering safepoint region: CollectForMetadataAllocation
[2022-06-13T01:32:26.702+0000][1][safepoint    ] Leaving safepoint region
[2022-06-13T01:32:26.702+0000][1][safepoint    ] Total time for which application threads were stopped: 0.0010879 seconds, Stopping threads took: 0.0004426 seconds
[2022-06-13T01:32:26.744+0000][1][safepoint    ] Application time: 0.0407915 seconds
[2022-06-13T01:32:26.744+0000][1][safepoint    ] Entering safepoint region: CollectForMetadataAllocation
[2022-06-13T01:32:26.745+0000][1][safepoint    ] Leaving safepoint region
[2022-06-13T01:32:26.745+0000][1][safepoint    ] Total time for which application threads were stopped: 0.0006742 seconds, Stopping threads took: 0.0002308 seconds
[2022-06-13T01:32:26.777+0000][1][safepoint    ] Application time: 0.0315264 seconds
[2022-06-13T01:32:26.777+0000][1][safepoint    ] Entering safepoint region: CollectForMetadataAllocation
[2022-06-13T01:32:26.778+0000][1][safepoint    ] Leaving safepoint region
[2022-06-13T01:32:26.778+0000][1][safepoint    ] Total time for which application threads were stopped: 0.0011685 seconds, Stopping threads took: 0.0005306 seconds
[2022-06-13T01:32:26.812+0000][1][safepoint    ] Application time: 0.0328704 seconds
[2022-06-13T01:32:26.812+0000][1][safepoint    ] Entering safepoint region: CollectForMetadataAllocation
[2022-06-13T01:32:26.812+0000][1][safepoint    ] Leaving safepoint region
[2022-06-13T01:32:26.813+0000][1][safepoint    ] Total time for which application threads were stopped: 0.0005687 seconds, Stopping threads took: 0.0002320 seconds
[2022-06-13T01:32:26.842+0000][1][safepoint    ] Application time: 0.0289936 seconds
[2022-06-13T01:32:26.842+0000][1][safepoint    ] Entering safepoint region: CollectForMetadataAllocation
[2022-06-13T01:32:26.843+0000][1][safepoint    ] Leaving safepoint region
[2022-06-13T01:32:26.843+0000][1][safepoint    ] Total time for which application threads were stopped: 0.0010859 seconds, Stopping threads took: 0.0002342 seconds
[2022-06-13T01:32:26.859+0000][1][safepoint    ] Application time: 0.0154182 seconds
[2022-06-13T01:32:26.860+0000][1][safepoint    ] Entering safepoint region: RevokeBias
[2022-06-13T01:32:26.860+0000][1][safepoint    ] Leaving safepoint region
[2022-06-13T01:32:26.860+0000][1][safepoint    ] Total time for which application threads were stopped: 0.0007535 seconds, Stopping threads took: 0.0003863 seconds
[2022-06-13T01:32:26.861+0000][1][safepoint    ] Application time: 0.0003602 seconds
[2022-06-13T01:32:26.861+0000][1][safepoint    ] Entering safepoint region: RevokeBias
[2022-06-13T01:32:26.862+0000][1][safepoint    ] Leaving safepoint region
[2022-06-13T01:32:26.862+0000][1][safepoint    ] Total time for which application threads were stopped: 0.0007312 seconds, Stopping threads took: 0.0004003 seconds
[2022-06-13T01:32:26.870+0000][1][safepoint    ] Application time: 0.0082389 seconds
[2022-06-13T01:32:26.871+0000][1][safepoint    ] Entering safepoint region: CollectForMetadataAllocation
[2022-06-13T01:32:26.871+0000][1][safepoint    ] Leaving safepoint region
[2022-06-13T01:32:26.872+0000][1][safepoint    ] Total time for which application threads were stopped: 0.0008501 seconds, Stopping threads took: 0.0003119 seconds
[2022-06-13T01:32:27.308+0000][1][safepoint    ] Application time: 0.4361980 seconds
[2022-06-13T01:32:27.309+0000][1][safepoint    ] Entering safepoint region: CollectForMetadataAllocation
[2022-06-13T01:32:27.310+0000][1][safepoint    ] Leaving safepoint region
[2022-06-13T01:32:27.310+0000][1][safepoint    ] Total time for which application threads were stopped: 0.0012889 seconds, Stopping threads took: 0.0002667 seconds
[2022-06-13T01:32:27.606+0000][1][safepoint    ] Application time: 0.2963895 seconds
[2022-06-13T01:32:27.607+0000][1][safepoint    ] Entering safepoint region: CMS_Initial_Mark
[2022-06-13T01:32:27.607+0000][1][gc,start     ] GC(17) Pause Initial Mark
[2022-06-13T01:32:27.615+0000][1][gc           ] GC(17) Pause Initial Mark 125M->125M(247M) 7.637ms
[2022-06-13T01:32:27.615+0000][1][gc,cpu       ] GC(17) User=0.03s Sys=0.00s Real=0.01s
[2022-06-13T01:32:27.615+0000][1][safepoint    ] Leaving safepoint region
[2022-06-13T01:32:27.615+0000][1][safepoint    ] Total time for which application threads were stopped: 0.0086086 seconds, Stopping threads took: 0.0002918 seconds
[2022-06-13T01:32:27.616+0000][1][gc           ] GC(17) Concurrent Mark
[2022-06-13T01:32:27.616+0000][1][gc,task      ] GC(17) Using 4 workers of 4 for marking
[2022-06-13T01:32:27.644+0000][1][gc           ] GC(17) Concurrent Mark 28.518ms
[2022-06-13T01:32:27.645+0000][1][gc,cpu       ] GC(17) User=0.14s Sys=0.00s Real=0.03s
[2022-06-13T01:32:27.645+0000][1][gc           ] GC(17) Concurrent Preclean
[2022-06-13T01:32:27.649+0000][1][gc           ] GC(17) Concurrent Preclean 3.859ms
[2022-06-13T01:32:27.649+0000][1][gc,cpu       ] GC(17) User=0.00s Sys=0.00s Real=0.00s
[2022-06-13T01:32:27.649+0000][1][gc           ] GC(17) Concurrent Abortable Preclean
[2022-06-13T01:32:27.744+0000][1][safepoint    ] Application time: 0.1287982 seconds
[2022-06-13T01:32:27.745+0000][1][safepoint    ] Entering safepoint region: GenCollectForAllocation
[2022-06-13T01:32:27.745+0000][1][gc,start     ] GC(18) Pause Young (Allocation Failure)
[2022-06-13T01:32:27.746+0000][1][gc,task      ] GC(18) Using 5 workers of 13 for evacuation
[2022-06-13T01:32:27.754+0000][1][gc,age       ] GC(18) Desired survivor size 4456448 bytes, new threshold 6 (max threshold 6)
[2022-06-13T01:32:27.755+0000][1][gc,age       ] GC(18) Age table with threshold 6 (max threshold 6)
[2022-06-13T01:32:27.755+0000][1][gc,age       ] GC(18) - age   1:    3770240 bytes,    3770240 total
[2022-06-13T01:32:27.755+0000][1][gc,age       ] GC(18) - age   2:     346288 bytes,    4116528 total
[2022-06-13T01:32:27.755+0000][1][gc,heap      ] GC(18) ParNew: 75248K->4832K(78656K)
[2022-06-13T01:32:27.756+0000][1][gc,heap      ] GC(18) CMS: 55831K->55831K(174784K)
[2022-06-13T01:32:27.756+0000][1][gc,metaspace ] GC(18) Metaspace: 42366K->42366K(1087488K)
[2022-06-13T01:32:27.756+0000][1][gc           ] GC(18) Pause Young (Allocation Failure) 128M->59M(247M) 10.818ms
[2022-06-13T01:32:27.756+0000][1][gc,cpu       ] GC(18) User=0.03s Sys=0.00s Real=0.01s
[2022-06-13T01:32:27.757+0000][1][safepoint    ] Leaving safepoint region
[2022-06-13T01:32:27.757+0000][1][safepoint    ] Total time for which application threads were stopped: 0.0121476 seconds, Stopping threads took: 0.0003703 seconds
[2022-06-13T01:32:27.769+0000][1][safepoint    ] Application time: 0.0118609 seconds
[2022-06-13T01:32:27.770+0000][1][safepoint    ] Entering safepoint region: CollectForMetadataAllocation
[2022-06-13T01:32:27.770+0000][1][safepoint    ] Leaving safepoint region
[2022-06-13T01:32:27.770+0000][1][safepoint    ] Total time for which application threads were stopped: 0.0007129 seconds, Stopping threads took: 0.0002416 seconds
[2022-06-13T01:32:27.796+0000][1][safepoint    ] Application time: 0.0256424 seconds
[2022-06-13T01:32:27.797+0000][1][safepoint    ] Entering safepoint region: CollectForMetadataAllocation
[2022-06-13T01:32:27.797+0000][1][safepoint    ] Leaving safepoint region
[2022-06-13T01:32:27.797+0000][1][safepoint    ] Total time for which application threads were stopped: 0.0006555 seconds, Stopping threads took: 0.0002934 seconds
[2022-06-13T01:32:28.029+0000][1][safepoint    ] Application time: 0.2317035 seconds
[2022-06-13T01:32:28.039+0000][1][safepoint    ] Entering safepoint region: CollectForMetadataAllocation
[2022-06-13T01:32:28.040+0000][1][safepoint    ] Leaving safepoint region
[2022-06-13T01:32:28.040+0000][1][safepoint    ] Total time for which application threads were stopped: 0.0013149 seconds, Stopping threads took: 0.0006591 seconds
[2022-06-13T01:32:28.203+0000][1][safepoint    ] Application time: 0.1622921 seconds
[2022-06-13T01:32:28.209+0000][1][safepoint    ] Entering safepoint region: CollectForMetadataAllocation
[2022-06-13T01:32:28.220+0000][1][safepoint    ] Leaving safepoint region
[2022-06-13T01:32:28.231+0000][1][safepoint    ] Total time for which application threads were stopped: 0.0215584 seconds, Stopping threads took: 0.0099751 seconds
[2022-06-13T01:32:28.255+0000][1][safepoint    ] Application time: 0.0226172 seconds
[2022-06-13T01:32:28.255+0000][1][safepoint    ] Entering safepoint region: CollectForMetadataAllocation
[2022-06-13T01:32:28.257+0000][1][safepoint    ] Leaving safepoint region
[2022-06-13T01:32:28.257+0000][1][safepoint    ] Total time for which application threads were stopped: 0.0016494 seconds, Stopping threads took: 0.0003715 seconds
[2022-06-13T01:32:28.331+0000][1][safepoint    ] Application time: 0.0742806 seconds
[2022-06-13T01:32:28.332+0000][1][safepoint    ] Entering safepoint region: CollectForMetadataAllocation
[2022-06-13T01:32:28.332+0000][1][safepoint    ] Leaving safepoint region
[2022-06-13T01:32:28.333+0000][1][safepoint    ] Total time for which application threads were stopped: 0.0007208 seconds, Stopping threads took: 0.0002293 seconds
[2022-06-13T01:32:28.378+0000][1][safepoint    ] Application time: 0.0451112 seconds
[2022-06-13T01:32:28.378+0000][1][safepoint    ] Entering safepoint region: CollectForMetadataAllocation
[2022-06-13T01:32:28.379+0000][1][safepoint    ] Leaving safepoint region
[2022-06-13T01:32:28.379+0000][1][safepoint    ] Total time for which application threads were stopped: 0.0012136 seconds, Stopping threads took: 0.0002739 seconds
[2022-06-13T01:32:28.385+0000][1][gc           ] GC(17) Concurrent Abortable Preclean 736.030ms
[2022-06-13T01:32:28.386+0000][1][gc,cpu       ] GC(17) User=2.62s Sys=0.06s Real=0.73s
[2022-06-13T01:32:28.386+0000][1][safepoint    ] Application time: 0.0063756 seconds
[2022-06-13T01:32:28.387+0000][1][safepoint    ] Entering safepoint region: CMS_Final_Remark
[2022-06-13T01:32:28.387+0000][1][gc,start     ] GC(17) Pause Remark
[2022-06-13T01:32:28.415+0000][1][gc           ] GC(17) Pause Remark 97M->97M(247M) 28.432ms
[2022-06-13T01:32:28.416+0000][1][gc,cpu       ] GC(17) User=0.09s Sys=0.00s Real=0.03s
[2022-06-13T01:32:28.416+0000][1][safepoint    ] Leaving safepoint region
[2022-06-13T01:32:28.416+0000][1][safepoint    ] Total time for which application threads were stopped: 0.0298541 seconds, Stopping threads took: 0.0005190 seconds
[2022-06-13T01:32:28.417+0000][1][gc           ] GC(17) Concurrent Sweep
[2022-06-13T01:32:28.429+0000][1][safepoint    ] Application time: 0.0124803 seconds
[2022-06-13T01:32:28.430+0000][1][safepoint    ] Entering safepoint region: RevokeBias
[2022-06-13T01:32:28.431+0000][1][safepoint    ] Leaving safepoint region
[2022-06-13T01:32:28.431+0000][1][safepoint    ] Total time for which application threads were stopped: 0.0016953 seconds, Stopping threads took: 0.0002871 seconds
[2022-06-13T01:32:28.434+0000][1][safepoint    ] Application time: 0.0026619 seconds
[2022-06-13T01:32:28.436+0000][1][safepoint    ] Entering safepoint region: RevokeBias
[2022-06-13T01:32:28.436+0000][1][safepoint    ] Leaving safepoint region
[2022-06-13T01:32:28.437+0000][1][safepoint    ] Total time for which application threads were stopped: 0.0007253 seconds, Stopping threads took: 0.0002992 seconds
[2022-06-13T01:32:28.453+0000][1][safepoint    ] Application time: 0.0163014 seconds
[2022-06-13T01:32:28.454+0000][1][safepoint    ] Entering safepoint region: CollectForMetadataAllocation
[2022-06-13T01:32:28.454+0000][1][safepoint    ] Leaving safepoint region
[2022-06-13T01:32:28.454+0000][1][safepoint    ] Total time for which application threads were stopped: 0.0005720 seconds, Stopping threads took: 0.0001700 seconds
[2022-06-13T01:32:28.463+0000][1][gc           ] GC(17) Concurrent Sweep 45.929ms
[2022-06-13T01:32:28.463+0000][1][gc,cpu       ] GC(17) User=0.16s Sys=0.00s Real=0.05s
[2022-06-13T01:32:28.463+0000][1][gc           ] GC(17) Concurrent Reset
[2022-06-13T01:32:28.464+0000][1][gc           ] GC(17) Concurrent Reset 0.534ms
[2022-06-13T01:32:28.464+0000][1][gc,cpu       ] GC(17) User=0.00s Sys=0.00s Real=0.00s
[2022-06-13T01:32:28.464+0000][1][gc,heap      ] GC(17) Old: 55831K->55616K(174784K)
[2022-06-13T01:32:28.513+0000][1][safepoint    ] Application time: 0.0533448 seconds
[2022-06-13T01:32:28.513+0000][1][safepoint    ] Entering safepoint region: RevokeBias
[2022-06-13T01:32:28.513+0000][1][safepoint    ] Leaving safepoint region
[2022-06-13T01:32:28.514+0000][1][safepoint    ] Total time for which application threads were stopped: 0.0007278 seconds, Stopping threads took: 0.0003512 seconds
[2022-06-13T01:32:28.551+0000][1][safepoint    ] Application time: 0.0375226 seconds
[2022-06-13T01:32:28.552+0000][1][safepoint    ] Entering safepoint region: RevokeBias
[2022-06-13T01:32:28.552+0000][1][safepoint    ] Leaving safepoint region
[2022-06-13T01:32:28.552+0000][1][safepoint    ] Total time for which application threads were stopped: 0.0005310 seconds, Stopping threads took: 0.0002588 seconds
[2022-06-13T01:32:28.560+0000][1][safepoint    ] Application time: 0.0076721 seconds
[2022-06-13T01:32:28.561+0000][1][safepoint    ] Entering safepoint region: RevokeBias
[2022-06-13T01:32:28.561+0000][1][safepoint    ] Leaving safepoint region
[2022-06-13T01:32:28.561+0000][1][safepoint    ] Total time for which application threads were stopped: 0.0006060 seconds, Stopping threads took: 0.0002845 seconds
[2022-06-13T01:32:28.828+0000][1][safepoint    ] Application time: 0.2661882 seconds
[2022-06-13T01:32:28.828+0000][1][safepoint    ] Entering safepoint region: RevokeBias
[2022-06-13T01:32:28.829+0000][1][safepoint    ] Leaving safepoint region
[2022-06-13T01:32:28.829+0000][1][safepoint    ] Total time for which application threads were stopped: 0.0013870 seconds, Stopping threads took: 0.0002990 seconds
[2022-06-13T01:32:28.830+0000][1][safepoint    ] Application time: 0.0001494 seconds
[2022-06-13T01:32:28.830+0000][1][safepoint    ] Entering safepoint region: RevokeBias
[2022-06-13T01:32:28.831+0000][1][safepoint    ] Leaving safepoint region
[2022-06-13T01:32:28.831+0000][1][safepoint    ] Total time for which application threads were stopped: 0.0006553 seconds, Stopping threads took: 0.0002593 seconds
[2022-06-13T01:32:28.832+0000][1][safepoint    ] Application time: 0.0007415 seconds
[2022-06-13T01:32:28.833+0000][1][safepoint    ] Entering safepoint region: RevokeBias
[2022-06-13T01:32:28.833+0000][1][safepoint    ] Leaving safepoint region
[2022-06-13T01:32:28.833+0000][1][safepoint    ] Total time for which application threads were stopped: 0.0009308 seconds, Stopping threads took: 0.0006523 seconds
[2022-06-13T01:32:28.834+0000][1][safepoint    ] Application time: 0.0002031 seconds
[2022-06-13T01:32:28.834+0000][1][safepoint    ] Entering safepoint region: RevokeBias
[2022-06-13T01:32:28.834+0000][1][safepoint    ] Leaving safepoint region
[2022-06-13T01:32:28.834+0000][1][safepoint    ] Total time for which application threads were stopped: 0.0004785 seconds, Stopping threads took: 0.0001815 seconds
[2022-06-13T01:32:28.919+0000][1][safepoint    ] Application time: 0.0845971 seconds
[2022-06-13T01:32:28.920+0000][1][safepoint    ] Entering safepoint region: RevokeBias
[2022-06-13T01:32:28.921+0000][1][safepoint    ] Leaving safepoint region
[2022-06-13T01:32:28.921+0000][1][safepoint    ] Total time for which application threads were stopped: 0.0011822 seconds, Stopping threads took: 0.0007680 seconds
[2022-06-13T01:32:28.922+0000][1][safepoint    ] Application time: 0.0002136 seconds
[2022-06-13T01:32:28.922+0000][1][safepoint    ] Entering safepoint region: RevokeBias
[2022-06-13T01:32:28.922+0000][1][safepoint    ] Leaving safepoint region
[2022-06-13T01:32:28.923+0000][1][safepoint    ] Total time for which application threads were stopped: 0.0008550 seconds, Stopping threads took: 0.0003920 seconds
[2022-06-13T01:32:28.923+0000][1][safepoint    ] Application time: 0.0004444 seconds
[2022-06-13T01:32:28.924+0000][1][safepoint    ] Entering safepoint region: RevokeBias
[2022-06-13T01:32:28.924+0000][1][safepoint    ] Leaving safepoint region
[2022-06-13T01:32:28.924+0000][1][safepoint    ] Total time for which application threads were stopped: 0.0006093 seconds, Stopping threads took: 0.0003652 seconds
[2022-06-13T01:32:28.925+0000][1][safepoint    ] Application time: 0.0002949 seconds
[2022-06-13T01:32:28.925+0000][1][safepoint    ] Entering safepoint region: RevokeBias
[2022-06-13T01:32:28.925+0000][1][safepoint    ] Leaving safepoint region
[2022-06-13T01:32:28.926+0000][1][safepoint    ] Total time for which application threads were stopped: 0.0004964 seconds, Stopping threads took: 0.0002388 seconds
[2022-06-13T01:32:28.927+0000][1][safepoint    ] Application time: 0.0008306 seconds
[2022-06-13T01:32:28.927+0000][1][safepoint    ] Entering safepoint region: RevokeBias
[2022-06-13T01:32:28.927+0000][1][safepoint    ] Leaving safepoint region
[2022-06-13T01:32:28.927+0000][1][safepoint    ] Total time for which application threads were stopped: 0.0006401 seconds, Stopping threads took: 0.0003571 seconds
[2022-06-13T01:32:28.928+0000][1][safepoint    ] Application time: 0.0002378 seconds
[2022-06-13T01:32:28.928+0000][1][safepoint    ] Entering safepoint region: RevokeBias
[2022-06-13T01:32:28.929+0000][1][safepoint    ] Leaving safepoint region
[2022-06-13T01:32:28.929+0000][1][safepoint    ] Total time for which application threads were stopped: 0.0007664 seconds, Stopping threads took: 0.0004623 seconds
[2022-06-13T01:32:28.930+0000][1][safepoint    ] Application time: 0.0007617 seconds
[2022-06-13T01:32:28.930+0000][1][safepoint    ] Entering safepoint region: RevokeBias
[2022-06-13T01:32:28.931+0000][1][safepoint    ] Leaving safepoint region
[2022-06-13T01:32:28.931+0000][1][safepoint    ] Total time for which application threads were stopped: 0.0006781 seconds, Stopping threads took: 0.0003308 seconds
[2022-06-13T01:32:28.931+0000][1][safepoint    ] Application time: 0.0000661 seconds
[2022-06-13T01:32:28.932+0000][1][safepoint    ] Entering safepoint region: RevokeBias
[2022-06-13T01:32:28.932+0000][1][safepoint    ] Leaving safepoint region
[2022-06-13T01:32:28.932+0000][1][safepoint    ] Total time for which application threads were stopped: 0.0005192 seconds, Stopping threads took: 0.0002275 seconds
[2022-06-13T01:32:28.932+0000][1][safepoint    ] Application time: 0.0001353 seconds
[2022-06-13T01:32:28.933+0000][1][safepoint    ] Entering safepoint region: RevokeBias
[2022-06-13T01:32:28.933+0000][1][safepoint    ] Leaving safepoint region
[2022-06-13T01:32:28.933+0000][1][safepoint    ] Total time for which application threads were stopped: 0.0004625 seconds, Stopping threads took: 0.0002088 seconds
[2022-06-13T01:32:28.933+0000][1][safepoint    ] Application time: 0.0001172 seconds
[2022-06-13T01:32:28.934+0000][1][safepoint    ] Entering safepoint region: RevokeBias
[2022-06-13T01:32:28.934+0000][1][safepoint    ] Leaving safepoint region
[2022-06-13T01:32:28.934+0000][1][safepoint    ] Total time for which application threads were stopped: 0.0006955 seconds, Stopping threads took: 0.0002314 seconds
[2022-06-13T01:32:28.935+0000][1][safepoint    ] Application time: 0.0001312 seconds
[2022-06-13T01:32:28.935+0000][1][safepoint    ] Entering safepoint region: RevokeBias
[2022-06-13T01:32:28.935+0000][1][safepoint    ] Leaving safepoint region
[2022-06-13T01:32:28.935+0000][1][safepoint    ] Total time for which application threads were stopped: 0.0005340 seconds, Stopping threads took: 0.0002887 seconds
[2022-06-13T01:32:28.936+0000][1][safepoint    ] Application time: 0.0001307 seconds
[2022-06-13T01:32:28.936+0000][1][safepoint    ] Entering safepoint region: RevokeBias
[2022-06-13T01:32:28.936+0000][1][safepoint    ] Leaving safepoint region
[2022-06-13T01:32:28.936+0000][1][safepoint    ] Total time for which application threads were stopped: 0.0004508 seconds, Stopping threads took: 0.0001923 seconds
[2022-06-13T01:32:28.937+0000][1][safepoint    ] Application time: 0.0001251 seconds
[2022-06-13T01:32:28.937+0000][1][safepoint    ] Entering safepoint region: RevokeBias
[2022-06-13T01:32:28.937+0000][1][safepoint    ] Leaving safepoint region
[2022-06-13T01:32:28.937+0000][1][safepoint    ] Total time for which application threads were stopped: 0.0003818 seconds, Stopping threads took: 0.0001680 seconds
[2022-06-13T01:32:28.938+0000][1][safepoint    ] Application time: 0.0000985 seconds
[2022-06-13T01:32:28.938+0000][1][safepoint    ] Entering safepoint region: RevokeBias
[2022-06-13T01:32:28.939+0000][1][safepoint    ] Leaving safepoint region
[2022-06-13T01:32:28.939+0000][1][safepoint    ] Total time for which application threads were stopped: 0.0008135 seconds, Stopping threads took: 0.0004424 seconds
[2022-06-13T01:32:28.945+0000][1][safepoint    ] Application time: 0.0056830 seconds
[2022-06-13T01:32:28.945+0000][1][safepoint    ] Entering safepoint region: RevokeBias
[2022-06-13T01:32:28.946+0000][1][safepoint    ] Leaving safepoint region
[2022-06-13T01:32:28.946+0000][1][safepoint    ] Total time for which application threads were stopped: 0.0006028 seconds, Stopping threads took: 0.0002851 seconds
[2022-06-13T01:32:28.946+0000][1][safepoint    ] Application time: 0.0001772 seconds
[2022-06-13T01:32:28.947+0000][1][safepoint    ] Entering safepoint region: RevokeBias
[2022-06-13T01:32:28.947+0000][1][safepoint    ] Leaving safepoint region
[2022-06-13T01:32:28.947+0000][1][safepoint    ] Total time for which application threads were stopped: 0.0006142 seconds, Stopping threads took: 0.0002732 seconds
[2022-06-13T01:32:28.948+0000][1][safepoint    ] Application time: 0.0001608 seconds
[2022-06-13T01:32:28.948+0000][1][safepoint    ] Entering safepoint region: RevokeBias
[2022-06-13T01:32:28.948+0000][1][safepoint    ] Leaving safepoint region
[2022-06-13T01:32:28.949+0000][1][safepoint    ] Total time for which application threads were stopped: 0.0006318 seconds, Stopping threads took: 0.0002933 seconds
[2022-06-13T01:32:28.949+0000][1][safepoint    ] Application time: 0.0001860 seconds
[2022-06-13T01:32:28.949+0000][1][safepoint    ] Entering safepoint region: RevokeBias
[2022-06-13T01:32:28.950+0000][1][safepoint    ] Leaving safepoint region
[2022-06-13T01:32:28.950+0000][1][safepoint    ] Total time for which application threads were stopped: 0.0005448 seconds, Stopping threads took: 0.0002362 seconds
[2022-06-13T01:32:28.950+0000][1][safepoint    ] Application time: 0.0001508 seconds
[2022-06-13T01:32:28.951+0000][1][safepoint    ] Entering safepoint region: RevokeBias
[2022-06-13T01:32:28.951+0000][1][safepoint    ] Leaving safepoint region
[2022-06-13T01:32:28.951+0000][1][safepoint    ] Total time for which application threads were stopped: 0.0006550 seconds, Stopping threads took: 0.0003105 seconds
[2022-06-13T01:32:28.952+0000][1][safepoint    ] Application time: 0.0001552 seconds
[2022-06-13T01:32:28.952+0000][1][safepoint    ] Entering safepoint region: RevokeBias
[2022-06-13T01:32:28.952+0000][1][safepoint    ] Leaving safepoint region
[2022-06-13T01:32:28.953+0000][1][safepoint    ] Total time for which application threads were stopped: 0.0004848 seconds, Stopping threads took: 0.0002138 seconds
[2022-06-13T01:32:28.953+0000][1][safepoint    ] Application time: 0.0001831 seconds
[2022-06-13T01:32:28.953+0000][1][safepoint    ] Entering safepoint region: RevokeBias
[2022-06-13T01:32:28.954+0000][1][safepoint    ] Leaving safepoint region
[2022-06-13T01:32:28.954+0000][1][safepoint    ] Total time for which application threads were stopped: 0.0006968 seconds, Stopping threads took: 0.0003005 seconds
[2022-06-13T01:32:28.955+0000][1][safepoint    ] Application time: 0.0001512 seconds
[2022-06-13T01:32:28.955+0000][1][safepoint    ] Entering safepoint region: RevokeBias
[2022-06-13T01:32:28.955+0000][1][safepoint    ] Leaving safepoint region
[2022-06-13T01:32:28.955+0000][1][safepoint    ] Total time for which application threads were stopped: 0.0006515 seconds, Stopping threads took: 0.0002022 seconds
[2022-06-13T01:32:28.956+0000][1][safepoint    ] Application time: 0.0001126 seconds
[2022-06-13T01:32:28.956+0000][1][safepoint    ] Entering safepoint region: RevokeBias
[2022-06-13T01:32:28.956+0000][1][safepoint    ] Leaving safepoint region
[2022-06-13T01:32:28.957+0000][1][safepoint    ] Total time for which application threads were stopped: 0.0005115 seconds, Stopping threads took: 0.0002262 seconds
[2022-06-13T01:32:28.957+0000][1][safepoint    ] Application time: 0.0000919 seconds
[2022-06-13T01:32:28.957+0000][1][safepoint    ] Entering safepoint region: RevokeBias
[2022-06-13T01:32:28.957+0000][1][safepoint    ] Leaving safepoint region
[2022-06-13T01:32:28.958+0000][1][safepoint    ] Total time for which application threads were stopped: 0.0005680 seconds, Stopping threads took: 0.0002646 seconds
[2022-06-13T01:32:28.958+0000][1][safepoint    ] Application time: 0.0001032 seconds
[2022-06-13T01:32:28.958+0000][1][safepoint    ] Entering safepoint region: RevokeBias
[2022-06-13T01:32:28.959+0000][1][safepoint    ] Leaving safepoint region
[2022-06-13T01:32:28.959+0000][1][safepoint    ] Total time for which application threads were stopped: 0.0005091 seconds, Stopping threads took: 0.0002372 seconds
[2022-06-13T01:32:28.959+0000][1][safepoint    ] Application time: 0.0000895 seconds
[2022-06-13T01:32:28.959+0000][1][safepoint    ] Entering safepoint region: BulkRevokeBias
[2022-06-13T01:32:28.960+0000][1][safepoint    ] Leaving safepoint region
[2022-06-13T01:32:28.960+0000][1][safepoint    ] Total time for which application threads were stopped: 0.0006319 seconds, Stopping threads took: 0.0002827 seconds
[2022-06-13T01:32:28.961+0000][1][safepoint    ] Application time: 0.0004051 seconds
[2022-06-13T01:32:28.961+0000][1][safepoint    ] Entering safepoint region: RevokeBias
[2022-06-13T01:32:28.961+0000][1][safepoint    ] Leaving safepoint region
[2022-06-13T01:32:28.961+0000][1][safepoint    ] Total time for which application threads were stopped: 0.0004670 seconds, Stopping threads took: 0.0001779 seconds
[2022-06-13T01:32:28.962+0000][1][safepoint    ] Application time: 0.0001603 seconds
[2022-06-13T01:32:28.962+0000][1][safepoint    ] Entering safepoint region: RevokeBias
[2022-06-13T01:32:28.962+0000][1][safepoint    ] Leaving safepoint region
[2022-06-13T01:32:28.962+0000][1][safepoint    ] Total time for which application threads were stopped: 0.0004392 seconds, Stopping threads took: 0.0001851 seconds
[2022-06-13T01:32:28.963+0000][1][safepoint    ] Application time: 0.0003071 seconds
[2022-06-13T01:32:28.963+0000][1][safepoint    ] Entering safepoint region: RevokeBias
[2022-06-13T01:32:28.963+0000][1][safepoint    ] Leaving safepoint region
[2022-06-13T01:32:28.964+0000][1][safepoint    ] Total time for which application threads were stopped: 0.0005987 seconds, Stopping threads took: 0.0002624 seconds
[2022-06-13T01:32:28.964+0000][1][safepoint    ] Application time: 0.0002477 seconds
[2022-06-13T01:32:28.964+0000][1][safepoint    ] Entering safepoint region: RevokeBias
[2022-06-13T01:32:28.965+0000][1][safepoint    ] Leaving safepoint region
[2022-06-13T01:32:28.965+0000][1][safepoint    ] Total time for which application threads were stopped: 0.0007330 seconds, Stopping threads took: 0.0002848 seconds
[2022-06-13T01:32:28.966+0000][1][safepoint    ] Application time: 0.0001982 seconds
[2022-06-13T01:32:28.966+0000][1][safepoint    ] Entering safepoint region: RevokeBias
[2022-06-13T01:32:28.966+0000][1][safepoint    ] Leaving safepoint region
[2022-06-13T01:32:28.966+0000][1][safepoint    ] Total time for which application threads were stopped: 0.0005973 seconds, Stopping threads took: 0.0002666 seconds
[2022-06-13T01:32:28.967+0000][1][safepoint    ] Application time: 0.0001487 seconds
[2022-06-13T01:32:28.967+0000][1][safepoint    ] Entering safepoint region: RevokeBias
[2022-06-13T01:32:28.967+0000][1][safepoint    ] Leaving safepoint region
[2022-06-13T01:32:28.968+0000][1][safepoint    ] Total time for which application threads were stopped: 0.0005115 seconds, Stopping threads took: 0.0002289 seconds
[2022-06-13T01:32:28.968+0000][1][safepoint    ] Application time: 0.0001536 seconds
[2022-06-13T01:32:28.968+0000][1][safepoint    ] Entering safepoint region: RevokeBias
[2022-06-13T01:32:28.968+0000][1][safepoint    ] Leaving safepoint region
[2022-06-13T01:32:28.969+0000][1][safepoint    ] Total time for which application threads were stopped: 0.0004806 seconds, Stopping threads took: 0.0002056 seconds
[2022-06-13T01:32:28.969+0000][1][safepoint    ] Application time: 0.0001679 seconds
[2022-06-13T01:32:28.969+0000][1][safepoint    ] Entering safepoint region: RevokeBias
[2022-06-13T01:32:28.970+0000][1][safepoint    ] Leaving safepoint region
[2022-06-13T01:32:28.970+0000][1][safepoint    ] Total time for which application threads were stopped: 0.0005030 seconds, Stopping threads took: 0.0002403 seconds
[2022-06-13T01:32:28.970+0000][1][safepoint    ] Application time: 0.0001538 seconds
[2022-06-13T01:32:28.970+0000][1][safepoint    ] Entering safepoint region: RevokeBias
[2022-06-13T01:32:28.971+0000][1][safepoint    ] Leaving safepoint region
[2022-06-13T01:32:28.971+0000][1][safepoint    ] Total time for which application threads were stopped: 0.0006329 seconds, Stopping threads took: 0.0004002 seconds
[2022-06-13T01:32:28.971+0000][1][safepoint    ] Application time: 0.0001541 seconds
[2022-06-13T01:32:28.971+0000][1][safepoint    ] Entering safepoint region: RevokeBias
[2022-06-13T01:32:28.972+0000][1][safepoint    ] Leaving safepoint region
[2022-06-13T01:32:28.972+0000][1][safepoint    ] Total time for which application threads were stopped: 0.0004347 seconds, Stopping threads took: 0.0001958 seconds
[2022-06-13T01:32:28.972+0000][1][safepoint    ] Application time: 0.0001209 seconds
[2022-06-13T01:32:28.972+0000][1][safepoint    ] Entering safepoint region: RevokeBias
[2022-06-13T01:32:28.973+0000][1][safepoint    ] Leaving safepoint region
[2022-06-13T01:32:28.973+0000][1][safepoint    ] Total time for which application threads were stopped: 0.0003904 seconds, Stopping threads took: 0.0001713 seconds
[2022-06-13T01:32:28.973+0000][1][safepoint    ] Application time: 0.0001336 seconds
[2022-06-13T01:32:28.973+0000][1][safepoint    ] Entering safepoint region: RevokeBias
[2022-06-13T01:32:28.974+0000][1][safepoint    ] Leaving safepoint region
[2022-06-13T01:32:28.974+0000][1][safepoint    ] Total time for which application threads were stopped: 0.0004304 seconds, Stopping threads took: 0.0001895 seconds
[2022-06-13T01:32:28.974+0000][1][safepoint    ] Application time: 0.0001149 seconds
[2022-06-13T01:32:28.974+0000][1][safepoint    ] Entering safepoint region: RevokeBias
[2022-06-13T01:32:28.974+0000][1][safepoint    ] Leaving safepoint region
[2022-06-13T01:32:28.975+0000][1][safepoint    ] Total time for which application threads were stopped: 0.0003979 seconds, Stopping threads took: 0.0001870 seconds
[2022-06-13T01:32:28.975+0000][1][safepoint    ] Application time: 0.0002929 seconds
[2022-06-13T01:32:28.975+0000][1][safepoint    ] Entering safepoint region: RevokeBias
[2022-06-13T01:32:28.976+0000][1][safepoint    ] Leaving safepoint region
[2022-06-13T01:32:28.976+0000][1][safepoint    ] Total time for which application threads were stopped: 0.0003696 seconds, Stopping threads took: 0.0001654 seconds
[2022-06-13T01:32:28.976+0000][1][safepoint    ] Application time: 0.0001499 seconds
[2022-06-13T01:32:28.976+0000][1][safepoint    ] Entering safepoint region: RevokeBias
[2022-06-13T01:32:28.977+0000][1][safepoint    ] Leaving safepoint region
[2022-06-13T01:32:28.977+0000][1][safepoint    ] Total time for which application threads were stopped: 0.0005043 seconds, Stopping threads took: 0.0002208 seconds
[2022-06-13T01:32:28.977+0000][1][safepoint    ] Application time: 0.0001554 seconds
[2022-06-13T01:32:28.977+0000][1][safepoint    ] Entering safepoint region: RevokeBias
[2022-06-13T01:32:28.978+0000][1][safepoint    ] Leaving safepoint region
[2022-06-13T01:32:28.978+0000][1][safepoint    ] Total time for which application threads were stopped: 0.0005803 seconds, Stopping threads took: 0.0003694 seconds
[2022-06-13T01:32:28.978+0000][1][safepoint    ] Application time: 0.0001211 seconds
[2022-06-13T01:32:28.978+0000][1][safepoint    ] Entering safepoint region: RevokeBias
[2022-06-13T01:32:28.979+0000][1][safepoint    ] Leaving safepoint region
[2022-06-13T01:32:28.979+0000][1][safepoint    ] Total time for which application threads were stopped: 0.0004451 seconds, Stopping threads took: 0.0001816 seconds
[2022-06-13T01:32:28.979+0000][1][safepoint    ] Application time: 0.0001364 seconds
[2022-06-13T01:32:28.980+0000][1][safepoint    ] Entering safepoint region: RevokeBias
[2022-06-13T01:32:28.980+0000][1][safepoint    ] Leaving safepoint region
[2022-06-13T01:32:28.980+0000][1][safepoint    ] Total time for which application threads were stopped: 0.0006178 seconds, Stopping threads took: 0.0002284 seconds
[2022-06-13T01:32:28.981+0000][1][safepoint    ] Application time: 0.0001324 seconds
[2022-06-13T01:32:28.981+0000][1][safepoint    ] Entering safepoint region: RevokeBias
[2022-06-13T01:32:28.981+0000][1][safepoint    ] Leaving safepoint region
[2022-06-13T01:32:28.981+0000][1][safepoint    ] Total time for which application threads were stopped: 0.0005227 seconds, Stopping threads took: 0.0002318 seconds
[2022-06-13T01:32:28.982+0000][1][safepoint    ] Application time: 0.0001179 seconds
[2022-06-13T01:32:28.982+0000][1][safepoint    ] Entering safepoint region: RevokeBias
[2022-06-13T01:32:28.982+0000][1][safepoint    ] Leaving safepoint region
[2022-06-13T01:32:28.982+0000][1][safepoint    ] Total time for which application threads were stopped: 0.0005520 seconds, Stopping threads took: 0.0002576 seconds
[2022-06-13T01:32:28.983+0000][1][safepoint    ] Application time: 0.0001066 seconds
[2022-06-13T01:32:28.983+0000][1][safepoint    ] Entering safepoint region: RevokeBias
[2022-06-13T01:32:28.983+0000][1][safepoint    ] Leaving safepoint region
[2022-06-13T01:32:28.983+0000][1][safepoint    ] Total time for which application threads were stopped: 0.0004846 seconds, Stopping threads took: 0.0002058 seconds
[2022-06-13T01:32:28.984+0000][1][safepoint    ] Application time: 0.0001104 seconds
[2022-06-13T01:32:28.984+0000][1][safepoint    ] Entering safepoint region: RevokeBias
[2022-06-13T01:32:28.985+0000][1][safepoint    ] Leaving safepoint region
[2022-06-13T01:32:28.985+0000][1][safepoint    ] Total time for which application threads were stopped: 0.0009537 seconds, Stopping threads took: 0.0006028 seconds
[2022-06-13T01:32:28.985+0000][1][safepoint    ] Application time: 0.0001410 seconds
[2022-06-13T01:32:28.986+0000][1][safepoint    ] Entering safepoint region: RevokeBias
[2022-06-13T01:32:28.986+0000][1][safepoint    ] Leaving safepoint region
[2022-06-13T01:32:28.986+0000][1][safepoint    ] Total time for which application threads were stopped: 0.0005813 seconds, Stopping threads took: 0.0002417 seconds
[2022-06-13T01:32:28.987+0000][1][safepoint    ] Application time: 0.0001862 seconds
[2022-06-13T01:32:28.987+0000][1][safepoint    ] Entering safepoint region: BulkRevokeBias
[2022-06-13T01:32:28.987+0000][1][safepoint    ] Leaving safepoint region
[2022-06-13T01:32:28.988+0000][1][safepoint    ] Total time for which application threads were stopped: 0.0005815 seconds, Stopping threads took: 0.0002129 seconds
[2022-06-13T01:32:28.989+0000][1][safepoint    ] Application time: 0.0007141 seconds
[2022-06-13T01:32:28.989+0000][1][safepoint    ] Entering safepoint region: RevokeBias
[2022-06-13T01:32:28.990+0000][1][safepoint    ] Leaving safepoint region
[2022-06-13T01:32:28.990+0000][1][safepoint    ] Total time for which application threads were stopped: 0.0007704 seconds, Stopping threads took: 0.0004725 seconds
[2022-06-13T01:32:28.990+0000][1][safepoint    ] Application time: 0.0001853 seconds
[2022-06-13T01:32:28.991+0000][1][safepoint    ] Entering safepoint region: RevokeBias
[2022-06-13T01:32:28.991+0000][1][safepoint    ] Leaving safepoint region
[2022-06-13T01:32:28.991+0000][1][safepoint    ] Total time for which application threads were stopped: 0.0007373 seconds, Stopping threads took: 0.0003617 seconds
[2022-06-13T01:32:28.992+0000][1][safepoint    ] Application time: 0.0002885 seconds
[2022-06-13T01:32:28.992+0000][1][safepoint    ] Entering safepoint region: RevokeBias
[2022-06-13T01:32:28.993+0000][1][safepoint    ] Leaving safepoint region
[2022-06-13T01:32:28.993+0000][1][safepoint    ] Total time for which application threads were stopped: 0.0007533 seconds, Stopping threads took: 0.0002795 seconds
[2022-06-13T01:32:28.993+0000][1][safepoint    ] Application time: 0.0001998 seconds
[2022-06-13T01:32:28.994+0000][1][safepoint    ] Entering safepoint region: RevokeBias
[2022-06-13T01:32:28.995+0000][1][safepoint    ] Leaving safepoint region
[2022-06-13T01:32:28.995+0000][1][safepoint    ] Total time for which application threads were stopped: 0.0011415 seconds, Stopping threads took: 0.0008194 seconds
[2022-06-13T01:32:28.995+0000][1][safepoint    ] Application time: 0.0001557 seconds
[2022-06-13T01:32:28.996+0000][1][safepoint    ] Entering safepoint region: RevokeBias
[2022-06-13T01:32:28.996+0000][1][safepoint    ] Leaving safepoint region
[2022-06-13T01:32:28.996+0000][1][safepoint    ] Total time for which application threads were stopped: 0.0005981 seconds, Stopping threads took: 0.0002347 seconds
[2022-06-13T01:32:28.997+0000][1][safepoint    ] Application time: 0.0001543 seconds
[2022-06-13T01:32:28.997+0000][1][safepoint    ] Entering safepoint region: RevokeBias
[2022-06-13T01:32:28.997+0000][1][safepoint    ] Leaving safepoint region
[2022-06-13T01:32:28.998+0000][1][safepoint    ] Total time for which application threads were stopped: 0.0008224 seconds, Stopping threads took: 0.0004139 seconds
[2022-06-13T01:32:28.999+0000][1][safepoint    ] Application time: 0.0008381 seconds
[2022-06-13T01:32:29.000+0000][1][safepoint    ] Entering safepoint region: RevokeBias
[2022-06-13T01:32:29.000+0000][1][safepoint    ] Leaving safepoint region
[2022-06-13T01:32:29.000+0000][1][safepoint    ] Total time for which application threads were stopped: 0.0013278 seconds, Stopping threads took: 0.0009245 seconds
[2022-06-13T01:32:29.001+0000][1][safepoint    ] Application time: 0.0003051 seconds
[2022-06-13T01:32:29.001+0000][1][safepoint    ] Entering safepoint region: RevokeBias
[2022-06-13T01:32:29.001+0000][1][safepoint    ] Leaving safepoint region
[2022-06-13T01:32:29.002+0000][1][safepoint    ] Total time for which application threads were stopped: 0.0005133 seconds, Stopping threads took: 0.0002488 seconds
[2022-06-13T01:32:29.002+0000][1][safepoint    ] Application time: 0.0003338 seconds
[2022-06-13T01:32:29.003+0000][1][safepoint    ] Entering safepoint region: RevokeBias
[2022-06-13T01:32:29.003+0000][1][safepoint    ] Leaving safepoint region
[2022-06-13T01:32:29.003+0000][1][safepoint    ] Total time for which application threads were stopped: 0.0008240 seconds, Stopping threads took: 0.0004262 seconds
[2022-06-13T01:32:29.004+0000][1][safepoint    ] Application time: 0.0006435 seconds
[2022-06-13T01:32:29.005+0000][1][safepoint    ] Entering safepoint region: RevokeBias
[2022-06-13T01:32:29.005+0000][1][safepoint    ] Leaving safepoint region
[2022-06-13T01:32:29.005+0000][1][safepoint    ] Total time for which application threads were stopped: 0.0009150 seconds, Stopping threads took: 0.0004897 seconds
[2022-06-13T01:32:29.006+0000][1][safepoint    ] Application time: 0.0005126 seconds
[2022-06-13T01:32:29.006+0000][1][safepoint    ] Entering safepoint region: RevokeBias
[2022-06-13T01:32:29.007+0000][1][safepoint    ] Leaving safepoint region
[2022-06-13T01:32:29.007+0000][1][safepoint    ] Total time for which application threads were stopped: 0.0009218 seconds, Stopping threads took: 0.0005628 seconds
[2022-06-13T01:32:29.008+0000][1][safepoint    ] Application time: 0.0005419 seconds
[2022-06-13T01:32:29.009+0000][1][safepoint    ] Entering safepoint region: RevokeBias
[2022-06-13T01:32:29.009+0000][1][safepoint    ] Leaving safepoint region
[2022-06-13T01:32:29.009+0000][1][safepoint    ] Total time for which application threads were stopped: 0.0006464 seconds, Stopping threads took: 0.0003267 seconds
[2022-06-13T01:32:29.010+0000][1][safepoint    ] Application time: 0.0003087 seconds
[2022-06-13T01:32:29.010+0000][1][safepoint    ] Entering safepoint region: RevokeBias
[2022-06-13T01:32:29.010+0000][1][safepoint    ] Leaving safepoint region
[2022-06-13T01:32:29.011+0000][1][safepoint    ] Total time for which application threads were stopped: 0.0006625 seconds, Stopping threads took: 0.0003536 seconds
[2022-06-13T01:32:29.011+0000][1][safepoint    ] Application time: 0.0003196 seconds
[2022-06-13T01:32:29.012+0000][1][safepoint    ] Entering safepoint region: RevokeBias
[2022-06-13T01:32:29.012+0000][1][safepoint    ] Leaving safepoint region
[2022-06-13T01:32:29.012+0000][1][safepoint    ] Total time for which application threads were stopped: 0.0006384 seconds, Stopping threads took: 0.0003232 seconds
[2022-06-13T01:32:29.013+0000][1][safepoint    ] Application time: 0.0001869 seconds
[2022-06-13T01:32:29.013+0000][1][safepoint    ] Entering safepoint region: RevokeBias
[2022-06-13T01:32:29.013+0000][1][safepoint    ] Leaving safepoint region
[2022-06-13T01:32:29.013+0000][1][safepoint    ] Total time for which application threads were stopped: 0.0005296 seconds, Stopping threads took: 0.0002248 seconds
[2022-06-13T01:32:29.015+0000][1][safepoint    ] Application time: 0.0019104 seconds
[2022-06-13T01:32:29.016+0000][1][safepoint    ] Entering safepoint region: RevokeBias
[2022-06-13T01:32:29.016+0000][1][safepoint    ] Leaving safepoint region
[2022-06-13T01:32:29.017+0000][1][safepoint    ] Total time for which application threads were stopped: 0.0007836 seconds, Stopping threads took: 0.0002996 seconds
[2022-06-13T01:32:29.019+0000][1][safepoint    ] Application time: 0.0018130 seconds
[2022-06-13T01:32:29.019+0000][1][safepoint    ] Entering safepoint region: RevokeBias
[2022-06-13T01:32:29.019+0000][1][safepoint    ] Leaving safepoint region
[2022-06-13T01:32:29.019+0000][1][safepoint    ] Total time for which application threads were stopped: 0.0006925 seconds, Stopping threads took: 0.0004143 seconds
[2022-06-13T01:32:29.020+0000][1][safepoint    ] Application time: 0.0002780 seconds
[2022-06-13T01:32:29.020+0000][1][safepoint    ] Entering safepoint region: RevokeBias
[2022-06-13T01:32:29.021+0000][1][safepoint    ] Leaving safepoint region
[2022-06-13T01:32:29.021+0000][1][safepoint    ] Total time for which application threads were stopped: 0.0005855 seconds, Stopping threads took: 0.0002427 seconds
[2022-06-13T01:32:29.021+0000][1][safepoint    ] Application time: 0.0001443 seconds
[2022-06-13T01:32:29.021+0000][1][safepoint    ] Entering safepoint region: RevokeBias
[2022-06-13T01:32:29.022+0000][1][safepoint    ] Leaving safepoint region
[2022-06-13T01:32:29.022+0000][1][safepoint    ] Total time for which application threads were stopped: 0.0004477 seconds, Stopping threads took: 0.0001846 seconds
[2022-06-13T01:32:29.025+0000][1][safepoint    ] Application time: 0.0026976 seconds
[2022-06-13T01:32:29.025+0000][1][safepoint    ] Entering safepoint region: RevokeBias
[2022-06-13T01:32:29.025+0000][1][safepoint    ] Leaving safepoint region
[2022-06-13T01:32:29.026+0000][1][safepoint    ] Total time for which application threads were stopped: 0.0006333 seconds, Stopping threads took: 0.0003139 seconds
[2022-06-13T01:32:29.026+0000][1][safepoint    ] Application time: 0.0001983 seconds
[2022-06-13T01:32:29.026+0000][1][safepoint    ] Entering safepoint region: RevokeBias
[2022-06-13T01:32:29.027+0000][1][safepoint    ] Leaving safepoint region
[2022-06-13T01:32:29.027+0000][1][safepoint    ] Total time for which application threads were stopped: 0.0005564 seconds, Stopping threads took: 0.0002072 seconds
[2022-06-13T01:32:29.028+0000][1][safepoint    ] Application time: 0.0004619 seconds
[2022-06-13T01:32:29.028+0000][1][safepoint    ] Entering safepoint region: RevokeBias
[2022-06-13T01:32:29.028+0000][1][safepoint    ] Leaving safepoint region
[2022-06-13T01:32:29.029+0000][1][safepoint    ] Total time for which application threads were stopped: 0.0009106 seconds, Stopping threads took: 0.0005707 seconds
[2022-06-13T01:32:29.048+0000][1][safepoint    ] Application time: 0.0192780 seconds
[2022-06-13T01:32:29.049+0000][1][safepoint    ] Entering safepoint region: GenCollectForAllocation
[2022-06-13T01:32:29.049+0000][1][gc,start     ] GC(19) Pause Young (Allocation Failure)
[2022-06-13T01:32:29.049+0000][1][gc,task      ] GC(19) Using 5 workers of 13 for evacuation
[2022-06-13T01:32:29.056+0000][1][gc,age       ] GC(19) Desired survivor size 4456448 bytes, new threshold 2 (max threshold 6)
[2022-06-13T01:32:29.057+0000][1][gc,age       ] GC(19) Age table with threshold 2 (max threshold 6)
[2022-06-13T01:32:29.057+0000][1][gc,age       ] GC(19) - age   1:    3147680 bytes,    3147680 total
[2022-06-13T01:32:29.057+0000][1][gc,age       ] GC(19) - age   2:    3669136 bytes,    6816816 total
[2022-06-13T01:32:29.057+0000][1][gc,age       ] GC(19) - age   3:     344448 bytes,    7161264 total
[2022-06-13T01:32:29.058+0000][1][gc,heap      ] GC(19) ParNew: 74784K->8704K(78656K)
[2022-06-13T01:32:29.058+0000][1][gc,heap      ] GC(19) CMS: 55616K->55616K(174784K)
[2022-06-13T01:32:29.058+0000][1][gc,metaspace ] GC(19) Metaspace: 47285K->47285K(1093632K)
[2022-06-13T01:32:29.059+0000][1][gc           ] GC(19) Pause Young (Allocation Failure) 127M->62M(247M) 9.540ms
[2022-06-13T01:32:29.059+0000][1][gc,cpu       ] GC(19) User=0.04s Sys=0.00s Real=0.01s
[2022-06-13T01:32:29.059+0000][1][safepoint    ] Leaving safepoint region
[2022-06-13T01:32:29.059+0000][1][safepoint    ] Total time for which application threads were stopped: 0.0107012 seconds, Stopping threads took: 0.0003072 seconds
[2022-06-13T01:32:29.555+0000][1][safepoint    ] Application time: 0.4951157 seconds
[2022-06-13T01:32:29.555+0000][1][safepoint    ] Entering safepoint region: RevokeBias
[2022-06-13T01:32:29.555+0000][1][safepoint    ] Leaving safepoint region
[2022-06-13T01:32:29.556+0000][1][safepoint    ] Total time for which application threads were stopped: 0.0005792 seconds, Stopping threads took: 0.0003183 seconds
[2022-06-13T01:32:29.816+0000][1][safepoint    ] Application time: 0.2607163 seconds
[2022-06-13T01:32:29.817+0000][1][safepoint    ] Entering safepoint region: RevokeBias
[2022-06-13T01:32:29.818+0000][1][safepoint    ] Leaving safepoint region
[2022-06-13T01:32:29.818+0000][1][safepoint    ] Total time for which application threads were stopped: 0.0007341 seconds, Stopping threads took: 0.0003789 seconds
[2022-06-13T01:32:29.818+0000][1][safepoint    ] Application time: 0.0002261 seconds
[2022-06-13T01:32:29.819+0000][1][safepoint    ] Entering safepoint region: BulkRevokeBias
[2022-06-13T01:32:29.819+0000][1][safepoint    ] Leaving safepoint region
[2022-06-13T01:32:29.820+0000][1][safepoint    ] Total time for which application threads were stopped: 0.0009535 seconds, Stopping threads took: 0.0004189 seconds
[2022-06-13T01:32:29.820+0000][1][safepoint    ] Application time: 0.0004223 seconds
[2022-06-13T01:32:29.821+0000][1][safepoint    ] Entering safepoint region: RevokeBias
[2022-06-13T01:32:29.821+0000][1][safepoint    ] Leaving safepoint region
[2022-06-13T01:32:29.821+0000][1][safepoint    ] Total time for which application threads were stopped: 0.0005865 seconds, Stopping threads took: 0.0003504 seconds
[2022-06-13T01:32:29.822+0000][1][safepoint    ] Application time: 0.0001665 seconds
[2022-06-13T01:32:29.822+0000][1][safepoint    ] Entering safepoint region: RevokeBias
[2022-06-13T01:32:29.822+0000][1][safepoint    ] Leaving safepoint region
[2022-06-13T01:32:29.823+0000][1][safepoint    ] Total time for which application threads were stopped: 0.0005669 seconds, Stopping threads took: 0.0002686 seconds
[2022-06-13T01:32:29.926+0000][1][safepoint    ] Application time: 0.1031005 seconds
[2022-06-13T01:32:29.926+0000][1][safepoint    ] Entering safepoint region: GenCollectForAllocation
[2022-06-13T01:32:29.927+0000][1][gc,start     ] GC(20) Pause Young (Allocation Failure)
[2022-06-13T01:32:29.927+0000][1][gc,task      ] GC(20) Using 5 workers of 13 for evacuation
[2022-06-13T01:32:29.938+0000][1][gc,age       ] GC(20) Desired survivor size 4456448 bytes, new threshold 2 (max threshold 6)
[2022-06-13T01:32:29.938+0000][1][gc,age       ] GC(20) Age table with threshold 2 (max threshold 6)
[2022-06-13T01:32:29.939+0000][1][gc,age       ] GC(20) - age   1:    1472392 bytes,    1472392 total
[2022-06-13T01:32:29.939+0000][1][gc,age       ] GC(20) - age   2:    3068920 bytes,    4541312 total
[2022-06-13T01:32:29.940+0000][1][gc,heap      ] GC(20) ParNew: 78656K->7328K(78656K)
[2022-06-13T01:32:29.940+0000][1][gc,heap      ] GC(20) CMS: 55616K->59666K(174784K)
[2022-06-13T01:32:29.940+0000][1][gc,metaspace ] GC(20) Metaspace: 53786K->53786K(1097728K)
[2022-06-13T01:32:29.940+0000][1][gc           ] GC(20) Pause Young (Allocation Failure) 131M->65M(247M) 13.683ms
[2022-06-13T01:32:29.941+0000][1][gc,cpu       ] GC(20) User=0.05s Sys=0.00s Real=0.02s
[2022-06-13T01:32:29.941+0000][1][safepoint    ] Leaving safepoint region
[2022-06-13T01:32:29.941+0000][1][safepoint    ] Total time for which application threads were stopped: 0.0148347 seconds, Stopping threads took: 0.0003233 seconds
[2022-06-13T01:32:29.976+0000][1][safepoint    ] Application time: 0.0350416 seconds
[2022-06-13T01:32:29.977+0000][1][safepoint    ] Entering safepoint region: RevokeBias
[2022-06-13T01:32:29.977+0000][1][safepoint    ] Leaving safepoint region
[2022-06-13T01:32:29.977+0000][1][safepoint    ] Total time for which application threads were stopped: 0.0006928 seconds, Stopping threads took: 0.0003605 seconds
[2022-06-13T01:32:29.978+0000][1][safepoint    ] Application time: 0.0002063 seconds
[2022-06-13T01:32:29.978+0000][1][safepoint    ] Entering safepoint region: RevokeBias
[2022-06-13T01:32:29.979+0000][1][safepoint    ] Leaving safepoint region
[2022-06-13T01:32:29.979+0000][1][safepoint    ] Total time for which application threads were stopped: 0.0007525 seconds, Stopping threads took: 0.0003750 seconds
[2022-06-13T01:32:30.293+0000][1][safepoint    ] Application time: 0.3133253 seconds
[2022-06-13T01:32:30.293+0000][1][safepoint    ] Entering safepoint region: Deoptimize
[2022-06-13T01:32:30.295+0000][1][safepoint    ] Leaving safepoint region
[2022-06-13T01:32:30.295+0000][1][safepoint    ] Total time for which application threads were stopped: 0.0020787 seconds, Stopping threads took: 0.0003000 seconds
[2022-06-13T01:32:30.352+0000][1][safepoint    ] Application time: 0.0559612 seconds
[2022-06-13T01:32:30.352+0000][1][safepoint    ] Entering safepoint region: RevokeBias
[2022-06-13T01:32:30.353+0000][1][safepoint    ] Leaving safepoint region
[2022-06-13T01:32:30.353+0000][1][safepoint    ] Total time for which application threads were stopped: 0.0007692 seconds, Stopping threads took: 0.0003477 seconds
[2022-06-13T01:32:30.353+0000][1][safepoint    ] Application time: 0.0002285 seconds
[2022-06-13T01:32:30.354+0000][1][safepoint    ] Entering safepoint region: RevokeBias
[2022-06-13T01:32:30.354+0000][1][safepoint    ] Leaving safepoint region
[2022-06-13T01:32:30.354+0000][1][safepoint    ] Total time for which application threads were stopped: 0.0007424 seconds, Stopping threads took: 0.0004491 seconds
[2022-06-13T01:32:30.355+0000][1][safepoint    ] Application time: 0.0002976 seconds
[2022-06-13T01:32:30.355+0000][1][safepoint    ] Entering safepoint region: RevokeBias
[2022-06-13T01:32:30.356+0000][1][safepoint    ] Leaving safepoint region
[2022-06-13T01:32:30.356+0000][1][safepoint    ] Total time for which application threads were stopped: 0.0006422 seconds, Stopping threads took: 0.0003115 seconds
[2022-06-13T01:32:30.360+0000][1][safepoint    ] Application time: 0.0040107 seconds
[2022-06-13T01:32:30.361+0000][1][safepoint    ] Entering safepoint region: RevokeBias
[2022-06-13T01:32:30.361+0000][1][safepoint    ] Leaving safepoint region
[2022-06-13T01:32:30.361+0000][1][safepoint    ] Total time for which application threads were stopped: 0.0006022 seconds, Stopping threads took: 0.0003507 seconds
[2022-06-13T01:32:30.648+0000][1][safepoint    ] Application time: 0.2857122 seconds
[2022-06-13T01:32:30.648+0000][1][safepoint    ] Entering safepoint region: Deoptimize
[2022-06-13T01:32:30.651+0000][1][safepoint    ] Leaving safepoint region
[2022-06-13T01:32:30.651+0000][1][safepoint    ] Total time for which application threads were stopped: 0.0030797 seconds, Stopping threads took: 0.0002906 seconds
[2022-06-13T01:32:30.821+0000][1][safepoint    ] Application time: 0.1701161 seconds
[2022-06-13T01:32:30.822+0000][1][safepoint    ] Entering safepoint region: RevokeBias
[2022-06-13T01:32:30.822+0000][1][safepoint    ] Leaving safepoint region
[2022-06-13T01:32:30.823+0000][1][safepoint    ] Total time for which application threads were stopped: 0.0007806 seconds, Stopping threads took: 0.0004169 seconds
[2022-06-13T01:32:30.823+0000][1][safepoint    ] Application time: 0.0001784 seconds
[2022-06-13T01:32:30.823+0000][1][safepoint    ] Entering safepoint region: RevokeBias
[2022-06-13T01:32:30.824+0000][1][safepoint    ] Leaving safepoint region
[2022-06-13T01:32:30.824+0000][1][safepoint    ] Total time for which application threads were stopped: 0.0008719 seconds, Stopping threads took: 0.0002940 seconds
[2022-06-13T01:32:30.825+0000][1][safepoint    ] Application time: 0.0001689 seconds
[2022-06-13T01:32:30.825+0000][1][safepoint    ] Entering safepoint region: RevokeBias
[2022-06-13T01:32:30.825+0000][1][safepoint    ] Leaving safepoint region
[2022-06-13T01:32:30.826+0000][1][safepoint    ] Total time for which application threads were stopped: 0.0007418 seconds, Stopping threads took: 0.0003832 seconds
[2022-06-13T01:32:31.026+0000][1][safepoint    ] Application time: 0.1996769 seconds
[2022-06-13T01:32:31.026+0000][1][safepoint    ] Entering safepoint region: RevokeBias
[2022-06-13T01:32:31.026+0000][1][safepoint    ] Leaving safepoint region
[2022-06-13T01:32:31.026+0000][1][safepoint    ] Total time for which application threads were stopped: 0.0005044 seconds, Stopping threads took: 0.0002246 seconds
[2022-06-13T01:32:31.027+0000][1][safepoint    ] Application time: 0.0004078 seconds
[2022-06-13T01:32:31.027+0000][1][safepoint    ] Entering safepoint region: RevokeBias
[2022-06-13T01:32:31.028+0000][1][safepoint    ] Leaving safepoint region
[2022-06-13T01:32:31.028+0000][1][safepoint    ] Total time for which application threads were stopped: 0.0005654 seconds, Stopping threads took: 0.0002953 seconds
[2022-06-13T01:32:31.028+0000][1][safepoint    ] Application time: 0.0002062 seconds
[2022-06-13T01:32:31.029+0000][1][safepoint    ] Entering safepoint region: RevokeBias
[2022-06-13T01:32:31.029+0000][1][safepoint    ] Leaving safepoint region
[2022-06-13T01:32:31.030+0000][1][safepoint    ] Total time for which application threads were stopped: 0.0013517 seconds, Stopping threads took: 0.0002879 seconds
[2022-06-13T01:32:31.245+0000][1][safepoint    ] Application time: 0.2149261 seconds
[2022-06-13T01:32:31.245+0000][1][safepoint    ] Entering safepoint region: GenCollectForAllocation
[2022-06-13T01:32:31.246+0000][1][gc,start     ] GC(21) Pause Young (Allocation Failure)
[2022-06-13T01:32:31.246+0000][1][gc,task      ] GC(21) Using 5 workers of 13 for evacuation
[2022-06-13T01:32:31.256+0000][1][gc,age       ] GC(21) Desired survivor size 4456448 bytes, new threshold 2 (max threshold 6)
[2022-06-13T01:32:31.257+0000][1][gc,age       ] GC(21) Age table with threshold 2 (max threshold 6)
[2022-06-13T01:32:31.257+0000][1][gc,age       ] GC(21) - age   1:    3743816 bytes,    3743816 total
[2022-06-13T01:32:31.258+0000][1][gc,age       ] GC(21) - age   2:    1398400 bytes,    5142216 total
[2022-06-13T01:32:31.258+0000][1][gc,heap      ] GC(21) ParNew: 77280K->7764K(78656K)
[2022-06-13T01:32:31.258+0000][1][gc,heap      ] GC(21) CMS: 59666K->62727K(174784K)
[2022-06-13T01:32:31.258+0000][1][gc,metaspace ] GC(21) Metaspace: 61778K->61778K(1105920K)
[2022-06-13T01:32:31.259+0000][1][gc           ] GC(21) Pause Young (Allocation Failure) 133M->68M(247M) 12.942ms
[2022-06-13T01:32:31.259+0000][1][gc,cpu       ] GC(21) User=0.06s Sys=0.00s Real=0.01s
[2022-06-13T01:32:31.259+0000][1][safepoint    ] Leaving safepoint region
[2022-06-13T01:32:31.260+0000][1][safepoint    ] Total time for which application threads were stopped: 0.0143807 seconds, Stopping threads took: 0.0002272 seconds
[2022-06-13T01:32:31.440+0000][1][safepoint    ] Application time: 0.1795857 seconds
[2022-06-13T01:32:31.440+0000][1][safepoint    ] Entering safepoint region: Deoptimize
[2022-06-13T01:32:31.441+0000][1][safepoint    ] Leaving safepoint region
[2022-06-13T01:32:31.442+0000][1][safepoint    ] Total time for which application threads were stopped: 0.0015702 seconds, Stopping threads took: 0.0003176 seconds
[2022-06-13T01:32:31.451+0000][1][safepoint    ] Application time: 0.0093841 seconds
[2022-06-13T01:32:31.452+0000][1][safepoint    ] Entering safepoint region: BulkRevokeBias
[2022-06-13T01:32:31.453+0000][1][safepoint    ] Leaving safepoint region
[2022-06-13T01:32:31.453+0000][1][safepoint    ] Total time for which application threads were stopped: 0.0009792 seconds, Stopping threads took: 0.0005255 seconds
[2022-06-13T01:32:31.455+0000][1][safepoint    ] Application time: 0.0019041 seconds
[2022-06-13T01:32:31.456+0000][1][safepoint    ] Entering safepoint region: RevokeBias
[2022-06-13T01:32:31.456+0000][1][safepoint    ] Leaving safepoint region
[2022-06-13T01:32:31.456+0000][1][safepoint    ] Total time for which application threads were stopped: 0.0007840 seconds, Stopping threads took: 0.0003431 seconds
[2022-06-13T01:32:31.457+0000][1][safepoint    ] Application time: 0.0008088 seconds
[2022-06-13T01:32:31.458+0000][1][safepoint    ] Entering safepoint region: RevokeBias
[2022-06-13T01:32:31.458+0000][1][safepoint    ] Leaving safepoint region
[2022-06-13T01:32:31.458+0000][1][safepoint    ] Total time for which application threads were stopped: 0.0006963 seconds, Stopping threads took: 0.0003131 seconds
[2022-06-13T01:32:31.459+0000][1][safepoint    ] Application time: 0.0001950 seconds
[2022-06-13T01:32:31.459+0000][1][safepoint    ] Entering safepoint region: RevokeBias
[2022-06-13T01:32:31.460+0000][1][safepoint    ] Leaving safepoint region
[2022-06-13T01:32:31.460+0000][1][safepoint    ] Total time for which application threads were stopped: 0.0006686 seconds, Stopping threads took: 0.0003051 seconds
[2022-06-13T01:32:31.460+0000][1][safepoint    ] Application time: 0.0003559 seconds
[2022-06-13T01:32:31.461+0000][1][safepoint    ] Entering safepoint region: RevokeBias
[2022-06-13T01:32:31.462+0000][1][safepoint    ] Leaving safepoint region
[2022-06-13T01:32:31.462+0000][1][safepoint    ] Total time for which application threads were stopped: 0.0011523 seconds, Stopping threads took: 0.0007719 seconds
[2022-06-13T01:32:31.463+0000][1][safepoint    ] Application time: 0.0005087 seconds
[2022-06-13T01:32:31.463+0000][1][safepoint    ] Entering safepoint region: RevokeBias
[2022-06-13T01:32:31.464+0000][1][safepoint    ] Leaving safepoint region
[2022-06-13T01:32:31.464+0000][1][safepoint    ] Total time for which application threads were stopped: 0.0011385 seconds, Stopping threads took: 0.0004232 seconds
[2022-06-13T01:32:31.465+0000][1][safepoint    ] Application time: 0.0006450 seconds
[2022-06-13T01:32:31.466+0000][1][safepoint    ] Entering safepoint region: RevokeBias
[2022-06-13T01:32:31.466+0000][1][safepoint    ] Leaving safepoint region
[2022-06-13T01:32:31.466+0000][1][safepoint    ] Total time for which application threads were stopped: 0.0006513 seconds, Stopping threads took: 0.0002489 seconds
[2022-06-13T01:32:31.467+0000][1][safepoint    ] Application time: 0.0005764 seconds
[2022-06-13T01:32:31.467+0000][1][safepoint    ] Entering safepoint region: RevokeBias
[2022-06-13T01:32:31.468+0000][1][safepoint    ] Leaving safepoint region
[2022-06-13T01:32:31.468+0000][1][safepoint    ] Total time for which application threads were stopped: 0.0009560 seconds, Stopping threads took: 0.0003275 seconds
[2022-06-13T01:32:31.469+0000][1][safepoint    ] Application time: 0.0001838 seconds
[2022-06-13T01:32:31.470+0000][1][safepoint    ] Entering safepoint region: RevokeBias
[2022-06-13T01:32:31.470+0000][1][safepoint    ] Leaving safepoint region
[2022-06-13T01:32:31.470+0000][1][safepoint    ] Total time for which application threads were stopped: 0.0007192 seconds, Stopping threads took: 0.0003719 seconds
[2022-06-13T01:32:31.473+0000][1][safepoint    ] Application time: 0.0027371 seconds
[2022-06-13T01:32:31.474+0000][1][safepoint    ] Entering safepoint region: RevokeBias
[2022-06-13T01:32:31.474+0000][1][safepoint    ] Leaving safepoint region
[2022-06-13T01:32:31.474+0000][1][safepoint    ] Total time for which application threads were stopped: 0.0005348 seconds, Stopping threads took: 0.0002348 seconds
[2022-06-13T01:32:31.475+0000][1][safepoint    ] Application time: 0.0001977 seconds
[2022-06-13T01:32:31.475+0000][1][safepoint    ] Entering safepoint region: RevokeBias
[2022-06-13T01:32:31.475+0000][1][safepoint    ] Leaving safepoint region
[2022-06-13T01:32:31.476+0000][1][safepoint    ] Total time for which application threads were stopped: 0.0007326 seconds, Stopping threads took: 0.0002080 seconds
[2022-06-13T01:32:31.480+0000][1][safepoint    ] Application time: 0.0044060 seconds
[2022-06-13T01:32:31.481+0000][1][safepoint    ] Entering safepoint region: Deoptimize
[2022-06-13T01:32:31.482+0000][1][safepoint    ] Leaving safepoint region
[2022-06-13T01:32:31.482+0000][1][safepoint    ] Total time for which application threads were stopped: 0.0012016 seconds, Stopping threads took: 0.0002792 seconds
[2022-06-13T01:32:31.483+0000][1][safepoint    ] Application time: 0.0014826 seconds
[2022-06-13T01:32:31.484+0000][1][safepoint    ] Entering safepoint region: RevokeBias
[2022-06-13T01:32:31.484+0000][1][safepoint    ] Leaving safepoint region
[2022-06-13T01:32:31.485+0000][1][safepoint    ] Total time for which application threads were stopped: 0.0006521 seconds, Stopping threads took: 0.0003905 seconds
[2022-06-13T01:32:31.487+0000][1][safepoint    ] Application time: 0.0019159 seconds
[2022-06-13T01:32:31.487+0000][1][safepoint    ] Entering safepoint region: RevokeBias
[2022-06-13T01:32:31.487+0000][1][safepoint    ] Leaving safepoint region
[2022-06-13T01:32:31.488+0000][1][safepoint    ] Total time for which application threads were stopped: 0.0008116 seconds, Stopping threads took: 0.0003060 seconds
[2022-06-13T01:32:31.489+0000][1][safepoint    ] Application time: 0.0003924 seconds
[2022-06-13T01:32:31.489+0000][1][safepoint    ] Entering safepoint region: RevokeBias
[2022-06-13T01:32:31.489+0000][1][safepoint    ] Leaving safepoint region
[2022-06-13T01:32:31.489+0000][1][safepoint    ] Total time for which application threads were stopped: 0.0006299 seconds, Stopping threads took: 0.0002610 seconds
[2022-06-13T01:32:31.490+0000][1][safepoint    ] Application time: 0.0002612 seconds
[2022-06-13T01:32:31.490+0000][1][safepoint    ] Entering safepoint region: RevokeBias
[2022-06-13T01:32:31.491+0000][1][safepoint    ] Leaving safepoint region
[2022-06-13T01:32:31.491+0000][1][safepoint    ] Total time for which application threads were stopped: 0.0004772 seconds, Stopping threads took: 0.0002548 seconds
[2022-06-13T01:32:31.491+0000][1][safepoint    ] Application time: 0.0004158 seconds
[2022-06-13T01:32:31.492+0000][1][safepoint    ] Entering safepoint region: RevokeBias
[2022-06-13T01:32:31.492+0000][1][safepoint    ] Leaving safepoint region
[2022-06-13T01:32:31.492+0000][1][safepoint    ] Total time for which application threads were stopped: 0.0005767 seconds, Stopping threads took: 0.0002809 seconds
[2022-06-13T01:32:31.493+0000][1][safepoint    ] Application time: 0.0002380 seconds
[2022-06-13T01:32:31.493+0000][1][safepoint    ] Entering safepoint region: RevokeBias
[2022-06-13T01:32:31.493+0000][1][safepoint    ] Leaving safepoint region
[2022-06-13T01:32:31.494+0000][1][safepoint    ] Total time for which application threads were stopped: 0.0005750 seconds, Stopping threads took: 0.0002795 seconds
[2022-06-13T01:32:31.564+0000][1][safepoint    ] Application time: 0.0701170 seconds
[2022-06-13T01:32:31.565+0000][1][safepoint    ] Entering safepoint region: RevokeBias
[2022-06-13T01:32:31.565+0000][1][safepoint    ] Leaving safepoint region
[2022-06-13T01:32:31.565+0000][1][safepoint    ] Total time for which application threads were stopped: 0.0007409 seconds, Stopping threads took: 0.0004306 seconds
[2022-06-13T01:32:31.566+0000][1][safepoint    ] Application time: 0.0008640 seconds
[2022-06-13T01:32:31.567+0000][1][safepoint    ] Entering safepoint region: RevokeBias
[2022-06-13T01:32:31.567+0000][1][safepoint    ] Leaving safepoint region
[2022-06-13T01:32:31.567+0000][1][safepoint    ] Total time for which application threads were stopped: 0.0006777 seconds, Stopping threads took: 0.0003532 seconds
[2022-06-13T01:32:31.569+0000][1][safepoint    ] Application time: 0.0017354 seconds
[2022-06-13T01:32:31.570+0000][1][safepoint    ] Entering safepoint region: RevokeBias
[2022-06-13T01:32:31.570+0000][1][safepoint    ] Leaving safepoint region
[2022-06-13T01:32:31.570+0000][1][safepoint    ] Total time for which application threads were stopped: 0.0006716 seconds, Stopping threads took: 0.0003617 seconds
[2022-06-13T01:32:31.572+0000][1][safepoint    ] Application time: 0.0010340 seconds
[2022-06-13T01:32:31.572+0000][1][safepoint    ] Entering safepoint region: RevokeBias
[2022-06-13T01:32:31.573+0000][1][safepoint    ] Leaving safepoint region
[2022-06-13T01:32:31.573+0000][1][safepoint    ] Total time for which application threads were stopped: 0.0010000 seconds, Stopping threads took: 0.0005174 seconds
[2022-06-13T01:32:31.574+0000][1][safepoint    ] Application time: 0.0002462 seconds
[2022-06-13T01:32:31.574+0000][1][safepoint    ] Entering safepoint region: RevokeBias
[2022-06-13T01:32:31.575+0000][1][safepoint    ] Leaving safepoint region
[2022-06-13T01:32:31.575+0000][1][safepoint    ] Total time for which application threads were stopped: 0.0009084 seconds, Stopping threads took: 0.0006514 seconds
[2022-06-13T01:32:31.575+0000][1][safepoint    ] Application time: 0.0003160 seconds
[2022-06-13T01:32:31.576+0000][1][safepoint    ] Entering safepoint region: RevokeBias
[2022-06-13T01:32:31.576+0000][1][safepoint    ] Leaving safepoint region
[2022-06-13T01:32:31.576+0000][1][safepoint    ] Total time for which application threads were stopped: 0.0006022 seconds, Stopping threads took: 0.0002993 seconds
[2022-06-13T01:32:31.577+0000][1][safepoint    ] Application time: 0.0006780 seconds
[2022-06-13T01:32:31.578+0000][1][safepoint    ] Entering safepoint region: RevokeBias
[2022-06-13T01:32:31.578+0000][1][safepoint    ] Leaving safepoint region
[2022-06-13T01:32:31.579+0000][1][safepoint    ] Total time for which application threads were stopped: 0.0010936 seconds, Stopping threads took: 0.0004289 seconds
[2022-06-13T01:32:31.579+0000][1][safepoint    ] Application time: 0.0002233 seconds
[2022-06-13T01:32:31.579+0000][1][safepoint    ] Entering safepoint region: RevokeBias
[2022-06-13T01:32:31.580+0000][1][safepoint    ] Leaving safepoint region
[2022-06-13T01:32:31.580+0000][1][safepoint    ] Total time for which application threads were stopped: 0.0006663 seconds, Stopping threads took: 0.0003681 seconds
[2022-06-13T01:32:31.581+0000][1][safepoint    ] Application time: 0.0004871 seconds
[2022-06-13T01:32:31.581+0000][1][safepoint    ] Entering safepoint region: RevokeBias
[2022-06-13T01:32:31.582+0000][1][safepoint    ] Leaving safepoint region
[2022-06-13T01:32:31.582+0000][1][safepoint    ] Total time for which application threads were stopped: 0.0006037 seconds, Stopping threads took: 0.0003064 seconds
[2022-06-13T01:32:31.582+0000][1][safepoint    ] Application time: 0.0001546 seconds
[2022-06-13T01:32:31.583+0000][1][safepoint    ] Entering safepoint region: RevokeBias
[2022-06-13T01:32:31.583+0000][1][safepoint    ] Leaving safepoint region
[2022-06-13T01:32:31.584+0000][1][safepoint    ] Total time for which application threads were stopped: 0.0007575 seconds, Stopping threads took: 0.0003556 seconds
[2022-06-13T01:32:31.586+0000][1][safepoint    ] Application time: 0.0017696 seconds
[2022-06-13T01:32:31.586+0000][1][safepoint    ] Entering safepoint region: RevokeBias
[2022-06-13T01:32:31.586+0000][1][safepoint    ] Leaving safepoint region
[2022-06-13T01:32:31.587+0000][1][safepoint    ] Total time for which application threads were stopped: 0.0007302 seconds, Stopping threads took: 0.0003534 seconds
[2022-06-13T01:32:31.588+0000][1][safepoint    ] Application time: 0.0010103 seconds
[2022-06-13T01:32:31.589+0000][1][safepoint    ] Entering safepoint region: RevokeBias
[2022-06-13T01:32:31.589+0000][1][safepoint    ] Leaving safepoint region
[2022-06-13T01:32:31.589+0000][1][safepoint    ] Total time for which application threads were stopped: 0.0006662 seconds, Stopping threads took: 0.0003179 seconds
[2022-06-13T01:32:31.590+0000][1][safepoint    ] Application time: 0.0001700 seconds
[2022-06-13T01:32:31.590+0000][1][safepoint    ] Entering safepoint region: RevokeBias
[2022-06-13T01:32:31.590+0000][1][safepoint    ] Leaving safepoint region
[2022-06-13T01:32:31.591+0000][1][safepoint    ] Total time for which application threads were stopped: 0.0006042 seconds, Stopping threads took: 0.0002804 seconds
[2022-06-13T01:32:31.592+0000][1][safepoint    ] Application time: 0.0011995 seconds
[2022-06-13T01:32:31.592+0000][1][safepoint    ] Entering safepoint region: RevokeBias
[2022-06-13T01:32:31.593+0000][1][safepoint    ] Leaving safepoint region
[2022-06-13T01:32:31.593+0000][1][safepoint    ] Total time for which application threads were stopped: 0.0007440 seconds, Stopping threads took: 0.0004003 seconds
[2022-06-13T01:32:31.593+0000][1][safepoint    ] Application time: 0.0002894 seconds
[2022-06-13T01:32:31.594+0000][1][safepoint    ] Entering safepoint region: RevokeBias
[2022-06-13T01:32:31.594+0000][1][safepoint    ] Leaving safepoint region
[2022-06-13T01:32:31.594+0000][1][safepoint    ] Total time for which application threads were stopped: 0.0006064 seconds, Stopping threads took: 0.0002942 seconds
[2022-06-13T01:32:31.595+0000][1][safepoint    ] Application time: 0.0006185 seconds
[2022-06-13T01:32:31.595+0000][1][safepoint    ] Entering safepoint region: RevokeBias
[2022-06-13T01:32:31.596+0000][1][safepoint    ] Leaving safepoint region
[2022-06-13T01:32:31.596+0000][1][safepoint    ] Total time for which application threads were stopped: 0.0005619 seconds, Stopping threads took: 0.0002701 seconds
[2022-06-13T01:32:31.596+0000][1][safepoint    ] Application time: 0.0001092 seconds
[2022-06-13T01:32:31.597+0000][1][safepoint    ] Entering safepoint region: RevokeBias
[2022-06-13T01:32:31.597+0000][1][safepoint    ] Leaving safepoint region
[2022-06-13T01:32:31.597+0000][1][safepoint    ] Total time for which application threads were stopped: 0.0005689 seconds, Stopping threads took: 0.0002758 seconds
[2022-06-13T01:32:31.598+0000][1][safepoint    ] Application time: 0.0003218 seconds
[2022-06-13T01:32:31.598+0000][1][safepoint    ] Entering safepoint region: BulkRevokeBias
[2022-06-13T01:32:31.599+0000][1][safepoint    ] Leaving safepoint region
[2022-06-13T01:32:31.599+0000][1][safepoint    ] Total time for which application threads were stopped: 0.0007789 seconds, Stopping threads took: 0.0003777 seconds
[2022-06-13T01:32:31.601+0000][1][safepoint    ] Application time: 0.0019375 seconds
[2022-06-13T01:32:31.601+0000][1][safepoint    ] Entering safepoint region: RevokeBias
[2022-06-13T01:32:31.602+0000][1][safepoint    ] Leaving safepoint region
[2022-06-13T01:32:31.602+0000][1][safepoint    ] Total time for which application threads were stopped: 0.0006815 seconds, Stopping threads took: 0.0003708 seconds
[2022-06-13T01:32:31.602+0000][1][safepoint    ] Application time: 0.0003103 seconds
[2022-06-13T01:32:31.603+0000][1][safepoint    ] Entering safepoint region: RevokeBias
[2022-06-13T01:32:31.603+0000][1][safepoint    ] Leaving safepoint region
[2022-06-13T01:32:31.603+0000][1][safepoint    ] Total time for which application threads were stopped: 0.0007653 seconds, Stopping threads took: 0.0004007 seconds
[2022-06-13T01:32:31.604+0000][1][safepoint    ] Application time: 0.0004759 seconds
[2022-06-13T01:32:31.604+0000][1][safepoint    ] Entering safepoint region: RevokeBias
[2022-06-13T01:32:31.605+0000][1][safepoint    ] Leaving safepoint region
[2022-06-13T01:32:31.605+0000][1][safepoint    ] Total time for which application threads were stopped: 0.0007100 seconds, Stopping threads took: 0.0003419 seconds
[2022-06-13T01:32:31.607+0000][1][safepoint    ] Application time: 0.0014295 seconds
[2022-06-13T01:32:31.607+0000][1][safepoint    ] Entering safepoint region: RevokeBias
[2022-06-13T01:32:31.607+0000][1][safepoint    ] Leaving safepoint region
[2022-06-13T01:32:31.608+0000][1][safepoint    ] Total time for which application threads were stopped: 0.0005520 seconds, Stopping threads took: 0.0003018 seconds
[2022-06-13T01:32:31.608+0000][1][safepoint    ] Application time: 0.0001737 seconds
[2022-06-13T01:32:31.608+0000][1][safepoint    ] Entering safepoint region: RevokeBias
[2022-06-13T01:32:31.608+0000][1][safepoint    ] Leaving safepoint region
[2022-06-13T01:32:31.609+0000][1][safepoint    ] Total time for which application threads were stopped: 0.0005951 seconds, Stopping threads took: 0.0003156 seconds
[2022-06-13T01:32:31.609+0000][1][safepoint    ] Application time: 0.0001960 seconds
[2022-06-13T01:32:31.610+0000][1][safepoint    ] Entering safepoint region: RevokeBias
[2022-06-13T01:32:31.610+0000][1][safepoint    ] Leaving safepoint region
[2022-06-13T01:32:31.610+0000][1][safepoint    ] Total time for which application threads were stopped: 0.0006905 seconds, Stopping threads took: 0.0003786 seconds
[2022-06-13T01:32:31.611+0000][1][safepoint    ] Application time: 0.0001937 seconds
[2022-06-13T01:32:31.611+0000][1][safepoint    ] Entering safepoint region: RevokeBias
[2022-06-13T01:32:31.611+0000][1][safepoint    ] Leaving safepoint region
[2022-06-13T01:32:31.611+0000][1][safepoint    ] Total time for which application threads were stopped: 0.0004784 seconds, Stopping threads took: 0.0002196 seconds
[2022-06-13T01:32:31.612+0000][1][safepoint    ] Application time: 0.0007111 seconds
[2022-06-13T01:32:31.612+0000][1][safepoint    ] Entering safepoint region: RevokeBias
[2022-06-13T01:32:31.613+0000][1][safepoint    ] Leaving safepoint region
[2022-06-13T01:32:31.613+0000][1][safepoint    ] Total time for which application threads were stopped: 0.0005045 seconds, Stopping threads took: 0.0002381 seconds
[2022-06-13T01:32:31.613+0000][1][safepoint    ] Application time: 0.0001802 seconds
[2022-06-13T01:32:31.613+0000][1][safepoint    ] Entering safepoint region: RevokeBias
[2022-06-13T01:32:31.614+0000][1][safepoint    ] Leaving safepoint region
[2022-06-13T01:32:31.614+0000][1][safepoint    ] Total time for which application threads were stopped: 0.0005142 seconds, Stopping threads took: 0.0002422 seconds
[2022-06-13T01:32:31.618+0000][1][safepoint    ] Application time: 0.0042141 seconds
[2022-06-13T01:32:31.619+0000][1][safepoint    ] Entering safepoint region: RevokeBias
[2022-06-13T01:32:31.619+0000][1][safepoint    ] Leaving safepoint region
[2022-06-13T01:32:31.620+0000][1][safepoint    ] Total time for which application threads were stopped: 0.0008018 seconds, Stopping threads took: 0.0003825 seconds
[2022-06-13T01:32:31.620+0000][1][safepoint    ] Application time: 0.0001792 seconds
[2022-06-13T01:32:31.620+0000][1][safepoint    ] Entering safepoint region: BulkRevokeBias
[2022-06-13T01:32:31.621+0000][1][safepoint    ] Leaving safepoint region
[2022-06-13T01:32:31.621+0000][1][safepoint    ] Total time for which application threads were stopped: 0.0011558 seconds, Stopping threads took: 0.0004352 seconds
[2022-06-13T01:32:31.626+0000][1][safepoint    ] Application time: 0.0042084 seconds
[2022-06-13T01:32:31.626+0000][1][safepoint    ] Entering safepoint region: RevokeBias
[2022-06-13T01:32:31.627+0000][1][safepoint    ] Leaving safepoint region
[2022-06-13T01:32:31.627+0000][1][safepoint    ] Total time for which application threads were stopped: 0.0008431 seconds, Stopping threads took: 0.0004454 seconds
[2022-06-13T01:32:31.628+0000][1][safepoint    ] Application time: 0.0008123 seconds
[2022-06-13T01:32:31.629+0000][1][safepoint    ] Entering safepoint region: RevokeBias
[2022-06-13T01:32:31.629+0000][1][safepoint    ] Leaving safepoint region
[2022-06-13T01:32:31.629+0000][1][safepoint    ] Total time for which application threads were stopped: 0.0010604 seconds, Stopping threads took: 0.0004302 seconds
[2022-06-13T01:32:31.630+0000][1][safepoint    ] Application time: 0.0001974 seconds
[2022-06-13T01:32:31.630+0000][1][safepoint    ] Entering safepoint region: RevokeBias
[2022-06-13T01:32:31.631+0000][1][safepoint    ] Leaving safepoint region
[2022-06-13T01:32:31.631+0000][1][safepoint    ] Total time for which application threads were stopped: 0.0008446 seconds, Stopping threads took: 0.0003468 seconds
[2022-06-13T01:32:31.632+0000][1][safepoint    ] Application time: 0.0001799 seconds
[2022-06-13T01:32:31.632+0000][1][safepoint    ] Entering safepoint region: RevokeBias
[2022-06-13T01:32:31.632+0000][1][safepoint    ] Leaving safepoint region
[2022-06-13T01:32:31.633+0000][1][safepoint    ] Total time for which application threads were stopped: 0.0006313 seconds, Stopping threads took: 0.0003856 seconds
[2022-06-13T01:32:31.634+0000][1][safepoint    ] Application time: 0.0012693 seconds
[2022-06-13T01:32:31.634+0000][1][safepoint    ] Entering safepoint region: RevokeBias
[2022-06-13T01:32:31.635+0000][1][safepoint    ] Leaving safepoint region
[2022-06-13T01:32:31.635+0000][1][safepoint    ] Total time for which application threads were stopped: 0.0005628 seconds, Stopping threads took: 0.0003288 seconds
[2022-06-13T01:32:31.635+0000][1][safepoint    ] Application time: 0.0003760 seconds
[2022-06-13T01:32:31.636+0000][1][safepoint    ] Entering safepoint region: RevokeBias
[2022-06-13T01:32:31.636+0000][1][safepoint    ] Leaving safepoint region
[2022-06-13T01:32:31.636+0000][1][safepoint    ] Total time for which application threads were stopped: 0.0005423 seconds, Stopping threads took: 0.0002496 seconds
[2022-06-13T01:32:31.639+0000][1][safepoint    ] Application time: 0.0023704 seconds
[2022-06-13T01:32:31.639+0000][1][safepoint    ] Entering safepoint region: RevokeBias
[2022-06-13T01:32:31.640+0000][1][safepoint    ] Leaving safepoint region
[2022-06-13T01:32:31.640+0000][1][safepoint    ] Total time for which application threads were stopped: 0.0009486 seconds, Stopping threads took: 0.0004335 seconds
[2022-06-13T01:32:31.641+0000][1][safepoint    ] Application time: 0.0001585 seconds
[2022-06-13T01:32:31.641+0000][1][safepoint    ] Entering safepoint region: RevokeBias
[2022-06-13T01:32:31.641+0000][1][safepoint    ] Leaving safepoint region
[2022-06-13T01:32:31.642+0000][1][safepoint    ] Total time for which application threads were stopped: 0.0007461 seconds, Stopping threads took: 0.0003441 seconds
[2022-06-13T01:32:31.647+0000][1][safepoint    ] Application time: 0.0051046 seconds
[2022-06-13T01:32:31.647+0000][1][safepoint    ] Entering safepoint region: RevokeBias
[2022-06-13T01:32:31.648+0000][1][safepoint    ] Leaving safepoint region
[2022-06-13T01:32:31.648+0000][1][safepoint    ] Total time for which application threads were stopped: 0.0005696 seconds, Stopping threads took: 0.0002790 seconds
[2022-06-13T01:32:31.648+0000][1][safepoint    ] Application time: 0.0002354 seconds
[2022-06-13T01:32:31.648+0000][1][safepoint    ] Entering safepoint region: RevokeBias
[2022-06-13T01:32:31.649+0000][1][safepoint    ] Leaving safepoint region
[2022-06-13T01:32:31.649+0000][1][safepoint    ] Total time for which application threads were stopped: 0.0006250 seconds, Stopping threads took: 0.0002578 seconds
[2022-06-13T01:32:31.649+0000][1][safepoint    ] Application time: 0.0002106 seconds
[2022-06-13T01:32:31.650+0000][1][safepoint    ] Entering safepoint region: RevokeBias
[2022-06-13T01:32:31.650+0000][1][safepoint    ] Leaving safepoint region
[2022-06-13T01:32:31.650+0000][1][safepoint    ] Total time for which application threads were stopped: 0.0004038 seconds, Stopping threads took: 0.0001791 seconds
[2022-06-13T01:32:31.655+0000][1][safepoint    ] Application time: 0.0045153 seconds
[2022-06-13T01:32:31.655+0000][1][safepoint    ] Entering safepoint region: RevokeBias
[2022-06-13T01:32:31.656+0000][1][safepoint    ] Leaving safepoint region
[2022-06-13T01:32:31.656+0000][1][safepoint    ] Total time for which application threads were stopped: 0.0008707 seconds, Stopping threads took: 0.0004220 seconds
[2022-06-13T01:32:31.657+0000][1][safepoint    ] Application time: 0.0002642 seconds
[2022-06-13T01:32:31.657+0000][1][safepoint    ] Entering safepoint region: RevokeBias
[2022-06-13T01:32:31.657+0000][1][safepoint    ] Leaving safepoint region
[2022-06-13T01:32:31.658+0000][1][safepoint    ] Total time for which application threads were stopped: 0.0007475 seconds, Stopping threads took: 0.0003709 seconds
[2022-06-13T01:32:31.658+0000][1][safepoint    ] Application time: 0.0002613 seconds
[2022-06-13T01:32:31.659+0000][1][safepoint    ] Entering safepoint region: RevokeBias
[2022-06-13T01:32:31.659+0000][1][safepoint    ] Leaving safepoint region
[2022-06-13T01:32:31.659+0000][1][safepoint    ] Total time for which application threads were stopped: 0.0004368 seconds, Stopping threads took: 0.0002015 seconds
[2022-06-13T01:32:31.659+0000][1][safepoint    ] Application time: 0.0002188 seconds
[2022-06-13T01:32:31.660+0000][1][safepoint    ] Entering safepoint region: RevokeBias
[2022-06-13T01:32:31.660+0000][1][safepoint    ] Leaving safepoint region
[2022-06-13T01:32:31.660+0000][1][safepoint    ] Total time for which application threads were stopped: 0.0007322 seconds, Stopping threads took: 0.0004064 seconds
[2022-06-13T01:32:31.664+0000][1][safepoint    ] Application time: 0.0035319 seconds
[2022-06-13T01:32:31.665+0000][1][safepoint    ] Entering safepoint region: RevokeBias
[2022-06-13T01:32:31.665+0000][1][safepoint    ] Leaving safepoint region
[2022-06-13T01:32:31.665+0000][1][safepoint    ] Total time for which application threads were stopped: 0.0004800 seconds, Stopping threads took: 0.0002005 seconds
[2022-06-13T01:32:32.200+0000][1][safepoint    ] Application time: 0.5345217 seconds
[2022-06-13T01:32:32.200+0000][1][safepoint    ] Entering safepoint region: RevokeBias
[2022-06-13T01:32:32.201+0000][1][safepoint    ] Leaving safepoint region
[2022-06-13T01:32:32.201+0000][1][safepoint    ] Total time for which application threads were stopped: 0.0008477 seconds, Stopping threads took: 0.0004203 seconds
[2022-06-13T01:32:32.202+0000][1][safepoint    ] Application time: 0.0001947 seconds
[2022-06-13T01:32:32.202+0000][1][safepoint    ] Entering safepoint region: RevokeBias
[2022-06-13T01:32:32.202+0000][1][safepoint    ] Leaving safepoint region
[2022-06-13T01:32:32.203+0000][1][safepoint    ] Total time for which application threads were stopped: 0.0009659 seconds, Stopping threads took: 0.0004287 seconds
[2022-06-13T01:32:32.203+0000][1][safepoint    ] Application time: 0.0001730 seconds
[2022-06-13T01:32:32.204+0000][1][safepoint    ] Entering safepoint region: RevokeBias
[2022-06-13T01:32:32.204+0000][1][safepoint    ] Leaving safepoint region
[2022-06-13T01:32:32.205+0000][1][safepoint    ] Total time for which application threads were stopped: 0.0008545 seconds, Stopping threads took: 0.0003539 seconds
[2022-06-13T01:32:32.205+0000][1][safepoint    ] Application time: 0.0001737 seconds
[2022-06-13T01:32:32.206+0000][1][safepoint    ] Entering safepoint region: RevokeBias
[2022-06-13T01:32:32.206+0000][1][safepoint    ] Leaving safepoint region
[2022-06-13T01:32:32.206+0000][1][safepoint    ] Total time for which application threads were stopped: 0.0008198 seconds, Stopping threads took: 0.0003493 seconds
[2022-06-13T01:32:32.207+0000][1][safepoint    ] Application time: 0.0002117 seconds
[2022-06-13T01:32:32.207+0000][1][safepoint    ] Entering safepoint region: RevokeBias
[2022-06-13T01:32:32.208+0000][1][safepoint    ] Leaving safepoint region
[2022-06-13T01:32:32.208+0000][1][safepoint    ] Total time for which application threads were stopped: 0.0009352 seconds, Stopping threads took: 0.0004551 seconds
[2022-06-13T01:32:32.209+0000][1][safepoint    ] Application time: 0.0001958 seconds
[2022-06-13T01:32:32.210+0000][1][safepoint    ] Entering safepoint region: RevokeBias
[2022-06-13T01:32:32.210+0000][1][safepoint    ] Leaving safepoint region
[2022-06-13T01:32:32.210+0000][1][safepoint    ] Total time for which application threads were stopped: 0.0008843 seconds, Stopping threads took: 0.0003682 seconds
[2022-06-13T01:32:32.211+0000][1][safepoint    ] Application time: 0.0001666 seconds
[2022-06-13T01:32:32.211+0000][1][safepoint    ] Entering safepoint region: RevokeBias
[2022-06-13T01:32:32.212+0000][1][safepoint    ] Leaving safepoint region
[2022-06-13T01:32:32.212+0000][1][safepoint    ] Total time for which application threads were stopped: 0.0007825 seconds, Stopping threads took: 0.0003542 seconds
[2022-06-13T01:32:32.213+0000][1][safepoint    ] Application time: 0.0001619 seconds
[2022-06-13T01:32:32.213+0000][1][safepoint    ] Entering safepoint region: RevokeBias
[2022-06-13T01:32:32.214+0000][1][safepoint    ] Leaving safepoint region
[2022-06-13T01:32:32.214+0000][1][safepoint    ] Total time for which application threads were stopped: 0.0011573 seconds, Stopping threads took: 0.0005117 seconds
[2022-06-13T01:32:32.566+0000][1][safepoint    ] Application time: 0.3518410 seconds
[2022-06-13T01:32:32.567+0000][1][safepoint    ] Entering safepoint region: RevokeBias
[2022-06-13T01:32:32.568+0000][1][safepoint    ] Leaving safepoint region
[2022-06-13T01:32:32.569+0000][1][safepoint    ] Total time for which application threads were stopped: 0.0014747 seconds, Stopping threads took: 0.0007267 seconds
[2022-06-13T01:32:33.569+0000][1][safepoint    ] Application time: 1.0002184 seconds
[2022-06-13T01:32:33.570+0000][1][safepoint    ] Entering safepoint region: Cleanup
[2022-06-13T01:32:33.570+0000][1][safepoint    ] Leaving safepoint region
[2022-06-13T01:32:33.571+0000][1][safepoint    ] Total time for which application threads were stopped: 0.0008133 seconds, Stopping threads took: 0.0004174 seconds
[2022-06-13T01:32:34.571+0000][1][safepoint    ] Application time: 1.0002684 seconds
[2022-06-13T01:32:34.572+0000][1][safepoint    ] Entering safepoint region: Cleanup
[2022-06-13T01:32:34.573+0000][1][safepoint    ] Leaving safepoint region
[2022-06-13T01:32:34.573+0000][1][safepoint    ] Total time for which application threads were stopped: 0.0008778 seconds, Stopping threads took: 0.0004285 seconds
[2022-06-13T01:32:34.641+0000][1][safepoint    ] Application time: 0.0682381 seconds
[2022-06-13T01:32:34.642+0000][1][safepoint    ] Entering safepoint region: RevokeBias
[2022-06-13T01:32:34.642+0000][1][safepoint    ] Leaving safepoint region
[2022-06-13T01:32:34.643+0000][1][safepoint    ] Total time for which application threads were stopped: 0.0011103 seconds, Stopping threads took: 0.0004228 seconds
[2022-06-13T01:32:34.644+0000][1][safepoint    ] Application time: 0.0009356 seconds
[2022-06-13T01:32:34.645+0000][1][safepoint    ] Entering safepoint region: RevokeBias
[2022-06-13T01:32:34.646+0000][1][safepoint    ] Leaving safepoint region
[2022-06-13T01:32:34.646+0000][1][safepoint    ] Total time for which application threads were stopped: 0.0013503 seconds, Stopping threads took: 0.0007696 seconds
[2022-06-13T01:32:34.647+0000][1][safepoint    ] Application time: 0.0001863 seconds
[2022-06-13T01:32:34.648+0000][1][safepoint    ] Entering safepoint region: RevokeBias
[2022-06-13T01:32:34.649+0000][1][safepoint    ] Leaving safepoint region
[2022-06-13T01:32:34.649+0000][1][safepoint    ] Total time for which application threads were stopped: 0.0020973 seconds, Stopping threads took: 0.0012645 seconds
[2022-06-13T01:32:34.650+0000][1][safepoint    ] Application time: 0.0005337 seconds
[2022-06-13T01:32:34.651+0000][1][safepoint    ] Entering safepoint region: RevokeBias
[2022-06-13T01:32:34.652+0000][1][safepoint    ] Leaving safepoint region
[2022-06-13T01:32:34.653+0000][1][safepoint    ] Total time for which application threads were stopped: 0.0014234 seconds, Stopping threads took: 0.0008773 seconds
[2022-06-13T01:32:35.572+0000][1][safepoint    ] Application time: 0.9186432 seconds
[2022-06-13T01:32:35.572+0000][1][safepoint    ] Entering safepoint region: RevokeBias
[2022-06-13T01:32:35.573+0000][1][safepoint    ] Leaving safepoint region
[2022-06-13T01:32:35.573+0000][1][safepoint    ] Total time for which application threads were stopped: 0.0009014 seconds, Stopping threads took: 0.0004461 seconds
[2022-06-13T01:32:35.574+0000][1][safepoint    ] Application time: 0.0007167 seconds
[2022-06-13T01:32:35.575+0000][1][safepoint    ] Entering safepoint region: RevokeBias
[2022-06-13T01:32:35.575+0000][1][safepoint    ] Leaving safepoint region
[2022-06-13T01:32:35.576+0000][1][safepoint    ] Total time for which application threads were stopped: 0.0010418 seconds, Stopping threads took: 0.0005434 seconds
[2022-06-13T01:32:35.577+0000][1][safepoint    ] Application time: 0.0003180 seconds
[2022-06-13T01:32:35.577+0000][1][safepoint    ] Entering safepoint region: RevokeBias
[2022-06-13T01:32:35.578+0000][1][safepoint    ] Leaving safepoint region
[2022-06-13T01:32:35.578+0000][1][safepoint    ] Total time for which application threads were stopped: 0.0011105 seconds, Stopping threads took: 0.0006634 seconds
[2022-06-13T01:32:35.579+0000][1][safepoint    ] Application time: 0.0002913 seconds
[2022-06-13T01:32:35.580+0000][1][safepoint    ] Entering safepoint region: RevokeBias
[2022-06-13T01:32:35.580+0000][1][safepoint    ] Leaving safepoint region
[2022-06-13T01:32:35.581+0000][1][safepoint    ] Total time for which application threads were stopped: 0.0008610 seconds, Stopping threads took: 0.0004917 seconds
[2022-06-13T01:32:35.582+0000][1][safepoint    ] Application time: 0.0004421 seconds
[2022-06-13T01:32:35.582+0000][1][safepoint    ] Entering safepoint region: RevokeBias
[2022-06-13T01:32:35.583+0000][1][safepoint    ] Leaving safepoint region
[2022-06-13T01:32:35.583+0000][1][safepoint    ] Total time for which application threads were stopped: 0.0014797 seconds, Stopping threads took: 0.0008597 seconds
[2022-06-13T01:32:35.584+0000][1][safepoint    ] Application time: 0.0003432 seconds
[2022-06-13T01:32:35.585+0000][1][safepoint    ] Entering safepoint region: RevokeBias
[2022-06-13T01:32:35.585+0000][1][safepoint    ] Leaving safepoint region
[2022-06-13T01:32:35.586+0000][1][safepoint    ] Total time for which application threads were stopped: 0.0013882 seconds, Stopping threads took: 0.0004084 seconds
[2022-06-13T01:32:35.588+0000][1][safepoint    ] Application time: 0.0007764 seconds
[2022-06-13T01:32:35.588+0000][1][safepoint    ] Entering safepoint region: RevokeBias
[2022-06-13T01:32:35.588+0000][1][safepoint    ] Leaving safepoint region
[2022-06-13T01:32:35.589+0000][1][safepoint    ] Total time for which application threads were stopped: 0.0009034 seconds, Stopping threads took: 0.0003055 seconds
[2022-06-13T01:32:36.590+0000][1][safepoint    ] Application time: 1.0002634 seconds
[2022-06-13T01:32:36.590+0000][1][safepoint    ] Entering safepoint region: Cleanup
[2022-06-13T01:32:36.591+0000][1][safepoint    ] Leaving safepoint region
[2022-06-13T01:32:36.592+0000][1][safepoint    ] Total time for which application threads were stopped: 0.0015990 seconds, Stopping threads took: 0.0007633 seconds
[2022-06-13T01:32:37.593+0000][1][safepoint    ] Application time: 1.0004390 seconds
[2022-06-13T01:32:37.594+0000][1][safepoint    ] Entering safepoint region: Cleanup
[2022-06-13T01:32:37.595+0000][1][safepoint    ] Leaving safepoint region
[2022-06-13T01:32:37.595+0000][1][safepoint    ] Total time for which application threads were stopped: 0.0012644 seconds, Stopping threads took: 0.0006029 seconds
[2022-06-13T01:32:38.571+0000][1][safepoint    ] Application time: 0.9753047 seconds
[2022-06-13T01:32:38.572+0000][1][safepoint    ] Entering safepoint region: RevokeBias
[2022-06-13T01:32:38.573+0000][1][safepoint    ] Leaving safepoint region
[2022-06-13T01:32:38.574+0000][1][safepoint    ] Total time for which application threads were stopped: 0.0014781 seconds, Stopping threads took: 0.0010407 seconds
[2022-06-13T01:32:38.574+0000][1][safepoint    ] Application time: 0.0005745 seconds
[2022-06-13T01:32:38.575+0000][1][safepoint    ] Entering safepoint region: RevokeBias
[2022-06-13T01:32:38.576+0000][1][safepoint    ] Leaving safepoint region
[2022-06-13T01:32:38.576+0000][1][safepoint    ] Total time for which application threads were stopped: 0.0014064 seconds, Stopping threads took: 0.0009367 seconds
[2022-06-13T01:32:38.664+0000][1][safepoint    ] Application time: 0.0878361 seconds
[2022-06-13T01:32:38.665+0000][1][safepoint    ] Entering safepoint region: RevokeBias
[2022-06-13T01:32:38.665+0000][1][safepoint    ] Leaving safepoint region
[2022-06-13T01:32:38.666+0000][1][safepoint    ] Total time for which application threads were stopped: 0.0008387 seconds, Stopping threads took: 0.0004396 seconds
[2022-06-13T01:32:38.666+0000][1][safepoint    ] Application time: 0.0003572 seconds
[2022-06-13T01:32:38.667+0000][1][safepoint    ] Entering safepoint region: RevokeBias
[2022-06-13T01:32:38.667+0000][1][safepoint    ] Leaving safepoint region
[2022-06-13T01:32:38.668+0000][1][safepoint    ] Total time for which application threads were stopped: 0.0007934 seconds, Stopping threads took: 0.0003306 seconds
[2022-06-13T01:32:39.573+0000][1][safepoint    ] Application time: 0.9056157 seconds
[2022-06-13T01:32:39.574+0000][1][safepoint    ] Entering safepoint region: RevokeBias
[2022-06-13T01:32:39.574+0000][1][safepoint    ] Leaving safepoint region
[2022-06-13T01:32:39.575+0000][1][safepoint    ] Total time for which application threads were stopped: 0.0006177 seconds, Stopping threads took: 0.0002991 seconds
[2022-06-13T01:32:39.575+0000][1][safepoint    ] Application time: 0.0006052 seconds
[2022-06-13T01:32:39.576+0000][1][safepoint    ] Entering safepoint region: RevokeBias
[2022-06-13T01:32:39.576+0000][1][safepoint    ] Leaving safepoint region
[2022-06-13T01:32:39.576+0000][1][safepoint    ] Total time for which application threads were stopped: 0.0005612 seconds, Stopping threads took: 0.0002595 seconds
[2022-06-13T01:32:39.577+0000][1][safepoint    ] Application time: 0.0003337 seconds
[2022-06-13T01:32:39.578+0000][1][safepoint    ] Entering safepoint region: RevokeBias
[2022-06-13T01:32:39.578+0000][1][safepoint    ] Leaving safepoint region
[2022-06-13T01:32:39.579+0000][1][safepoint    ] Total time for which application threads were stopped: 0.0013243 seconds, Stopping threads took: 0.0008189 seconds
[2022-06-13T01:32:39.580+0000][1][safepoint    ] Application time: 0.0004655 seconds
[2022-06-13T01:32:39.580+0000][1][safepoint    ] Entering safepoint region: RevokeBias
[2022-06-13T01:32:39.581+0000][1][safepoint    ] Leaving safepoint region
[2022-06-13T01:32:39.581+0000][1][safepoint    ] Total time for which application threads were stopped: 0.0011128 seconds, Stopping threads took: 0.0004562 seconds
[2022-06-13T01:32:39.582+0000][1][safepoint    ] Application time: 0.0003114 seconds
[2022-06-13T01:32:39.582+0000][1][safepoint    ] Entering safepoint region: RevokeBias
[2022-06-13T01:32:39.583+0000][1][safepoint    ] Leaving safepoint region
[2022-06-13T01:32:39.583+0000][1][safepoint    ] Total time for which application threads were stopped: 0.0007274 seconds, Stopping threads took: 0.0003487 seconds
[2022-06-13T01:32:39.584+0000][1][safepoint    ] Application time: 0.0004802 seconds
[2022-06-13T01:32:39.584+0000][1][safepoint    ] Entering safepoint region: RevokeBias
[2022-06-13T01:32:39.585+0000][1][safepoint    ] Leaving safepoint region
[2022-06-13T01:32:39.585+0000][1][safepoint    ] Total time for which application threads were stopped: 0.0008039 seconds, Stopping threads took: 0.0004222 seconds
[2022-06-13T01:32:39.586+0000][1][safepoint    ] Application time: 0.0001647 seconds
[2022-06-13T01:32:39.586+0000][1][safepoint    ] Entering safepoint region: RevokeBias
[2022-06-13T01:32:39.586+0000][1][safepoint    ] Leaving safepoint region
[2022-06-13T01:32:39.587+0000][1][safepoint    ] Total time for which application threads were stopped: 0.0007596 seconds, Stopping threads took: 0.0004576 seconds
[2022-06-13T01:32:40.587+0000][1][safepoint    ] Application time: 1.0003103 seconds
[2022-06-13T01:32:40.588+0000][1][safepoint    ] Entering safepoint region: Cleanup
[2022-06-13T01:32:40.588+0000][1][safepoint    ] Leaving safepoint region
[2022-06-13T01:32:40.589+0000][1][safepoint    ] Total time for which application threads were stopped: 0.0009909 seconds, Stopping threads took: 0.0004431 seconds
[2022-06-13T01:32:41.590+0000][1][safepoint    ] Application time: 1.0002329 seconds
[2022-06-13T01:32:41.590+0000][1][safepoint    ] Entering safepoint region: Cleanup
[2022-06-13T01:32:41.590+0000][1][safepoint    ] Leaving safepoint region
[2022-06-13T01:32:41.591+0000][1][safepoint    ] Total time for which application threads were stopped: 0.0010637 seconds, Stopping threads took: 0.0002463 seconds
[2022-06-13T01:32:42.574+0000][1][safepoint    ] Application time: 0.9829976 seconds
[2022-06-13T01:32:42.575+0000][1][safepoint    ] Entering safepoint region: RevokeBias
[2022-06-13T01:32:42.576+0000][1][safepoint    ] Leaving safepoint region
[2022-06-13T01:32:42.576+0000][1][safepoint    ] Total time for which application threads were stopped: 0.0015386 seconds, Stopping threads took: 0.0005646 seconds
[2022-06-13T01:32:42.578+0000][1][safepoint    ] Application time: 0.0005275 seconds
[2022-06-13T01:32:42.578+0000][1][safepoint    ] Entering safepoint region: RevokeBias
[2022-06-13T01:32:42.579+0000][1][safepoint    ] Leaving safepoint region
[2022-06-13T01:32:42.580+0000][1][safepoint    ] Total time for which application threads were stopped: 0.0016981 seconds, Stopping threads took: 0.0012000 seconds
[2022-06-13T01:32:42.580+0000][1][safepoint    ] Application time: 0.0003617 seconds
[2022-06-13T01:32:42.581+0000][1][safepoint    ] Entering safepoint region: RevokeBias
[2022-06-13T01:32:42.581+0000][1][safepoint    ] Leaving safepoint region
[2022-06-13T01:32:42.581+0000][1][safepoint    ] Total time for which application threads were stopped: 0.0009489 seconds, Stopping threads took: 0.0004608 seconds
[2022-06-13T01:32:43.578+0000][1][safepoint    ] Application time: 0.9964706 seconds
[2022-06-13T01:32:43.579+0000][1][safepoint    ] Entering safepoint region: RevokeBias
[2022-06-13T01:32:43.580+0000][1][safepoint    ] Leaving safepoint region
[2022-06-13T01:32:43.580+0000][1][safepoint    ] Total time for which application threads were stopped: 0.0014543 seconds, Stopping threads took: 0.0007469 seconds
[2022-06-13T01:32:43.582+0000][1][safepoint    ] Application time: 0.0008314 seconds
[2022-06-13T01:32:43.583+0000][1][safepoint    ] Entering safepoint region: RevokeBias
[2022-06-13T01:32:43.584+0000][1][safepoint    ] Leaving safepoint region
[2022-06-13T01:32:43.585+0000][1][safepoint    ] Total time for which application threads were stopped: 0.0017152 seconds, Stopping threads took: 0.0007387 seconds
[2022-06-13T01:32:43.585+0000][1][safepoint    ] Application time: 0.0002681 seconds
[2022-06-13T01:32:43.586+0000][1][safepoint    ] Entering safepoint region: RevokeBias
[2022-06-13T01:32:43.587+0000][1][safepoint    ] Leaving safepoint region
[2022-06-13T01:32:43.587+0000][1][safepoint    ] Total time for which application threads were stopped: 0.0010506 seconds, Stopping threads took: 0.0005800 seconds
[2022-06-13T01:32:43.588+0000][1][safepoint    ] Application time: 0.0005159 seconds
[2022-06-13T01:32:43.589+0000][1][safepoint    ] Entering safepoint region: RevokeBias
[2022-06-13T01:32:43.589+0000][1][safepoint    ] Leaving safepoint region
[2022-06-13T01:32:43.590+0000][1][safepoint    ] Total time for which application threads were stopped: 0.0015240 seconds, Stopping threads took: 0.0006598 seconds
[2022-06-13T01:32:43.591+0000][1][safepoint    ] Application time: 0.0004625 seconds
[2022-06-13T01:32:43.592+0000][1][safepoint    ] Entering safepoint region: RevokeBias
[2022-06-13T01:32:43.593+0000][1][safepoint    ] Leaving safepoint region
[2022-06-13T01:32:43.593+0000][1][safepoint    ] Total time for which application threads were stopped: 0.0010024 seconds, Stopping threads took: 0.0006091 seconds
[2022-06-13T01:32:43.594+0000][1][safepoint    ] Application time: 0.0005462 seconds
[2022-06-13T01:32:43.595+0000][1][safepoint    ] Entering safepoint region: RevokeBias
[2022-06-13T01:32:43.595+0000][1][safepoint    ] Leaving safepoint region
[2022-06-13T01:32:43.596+0000][1][safepoint    ] Total time for which application threads were stopped: 0.0009025 seconds, Stopping threads took: 0.0003081 seconds
[2022-06-13T01:32:43.596+0000][1][safepoint    ] Application time: 0.0004377 seconds
[2022-06-13T01:32:43.597+0000][1][safepoint    ] Entering safepoint region: RevokeBias
[2022-06-13T01:32:43.597+0000][1][safepoint    ] Leaving safepoint region
[2022-06-13T01:32:43.598+0000][1][safepoint    ] Total time for which application threads were stopped: 0.0011343 seconds, Stopping threads took: 0.0006368 seconds
[2022-06-13T01:32:44.599+0000][1][safepoint    ] Application time: 1.0003387 seconds
[2022-06-13T01:32:44.600+0000][1][safepoint    ] Entering safepoint region: Cleanup
[2022-06-13T01:32:44.600+0000][1][safepoint    ] Leaving safepoint region
[2022-06-13T01:32:44.601+0000][1][safepoint    ] Total time for which application threads were stopped: 0.0009577 seconds, Stopping threads took: 0.0004506 seconds
[2022-06-13T01:32:45.601+0000][1][safepoint    ] Application time: 1.0002727 seconds
[2022-06-13T01:32:45.602+0000][1][safepoint    ] Entering safepoint region: Cleanup
[2022-06-13T01:32:45.603+0000][1][safepoint    ] Leaving safepoint region
[2022-06-13T01:32:45.604+0000][1][safepoint    ] Total time for which application threads were stopped: 0.0012750 seconds, Stopping threads took: 0.0005972 seconds
[2022-06-13T01:32:46.577+0000][1][safepoint    ] Application time: 0.9727353 seconds
[2022-06-13T01:32:46.578+0000][1][safepoint    ] Entering safepoint region: RevokeBias
[2022-06-13T01:32:46.578+0000][1][safepoint    ] Leaving safepoint region
[2022-06-13T01:32:46.578+0000][1][safepoint    ] Total time for which application threads were stopped: 0.0007848 seconds, Stopping threads took: 0.0003024 seconds
[2022-06-13T01:32:46.579+0000][1][safepoint    ] Application time: 0.0000933 seconds
[2022-06-13T01:32:46.579+0000][1][safepoint    ] Entering safepoint region: RevokeBias
[2022-06-13T01:32:46.580+0000][1][safepoint    ] Leaving safepoint region
[2022-06-13T01:32:46.580+0000][1][safepoint    ] Total time for which application threads were stopped: 0.0009965 seconds, Stopping threads took: 0.0005848 seconds
[2022-06-13T01:32:47.579+0000][1][safepoint    ] Application time: 0.9990185 seconds
[2022-06-13T01:32:47.580+0000][1][safepoint    ] Entering safepoint region: RevokeBias
[2022-06-13T01:32:47.581+0000][1][safepoint    ] Leaving safepoint region
[2022-06-13T01:32:47.582+0000][1][safepoint    ] Total time for which application threads were stopped: 0.0016977 seconds, Stopping threads took: 0.0003649 seconds
[2022-06-13T01:32:47.584+0000][1][safepoint    ] Application time: 0.0012336 seconds
[2022-06-13T01:32:47.584+0000][1][safepoint    ] Entering safepoint region: BulkRevokeBias
[2022-06-13T01:32:47.586+0000][1][safepoint    ] Leaving safepoint region
[2022-06-13T01:32:47.586+0000][1][safepoint    ] Total time for which application threads were stopped: 0.0016664 seconds, Stopping threads took: 0.0006338 seconds
[2022-06-13T01:32:47.587+0000][1][safepoint    ] Application time: 0.0005768 seconds
[2022-06-13T01:32:47.588+0000][1][safepoint    ] Entering safepoint region: RevokeBias
[2022-06-13T01:32:47.589+0000][1][safepoint    ] Leaving safepoint region
[2022-06-13T01:32:47.590+0000][1][safepoint    ] Total time for which application threads were stopped: 0.0019089 seconds, Stopping threads took: 0.0010286 seconds
[2022-06-13T01:32:47.590+0000][1][safepoint    ] Application time: 0.0003817 seconds
[2022-06-13T01:32:47.591+0000][1][safepoint    ] Entering safepoint region: RevokeBias
[2022-06-13T01:32:47.592+0000][1][safepoint    ] Leaving safepoint region
[2022-06-13T01:32:47.592+0000][1][safepoint    ] Total time for which application threads were stopped: 0.0012507 seconds, Stopping threads took: 0.0007718 seconds
[2022-06-13T01:32:47.593+0000][1][safepoint    ] Application time: 0.0002941 seconds
[2022-06-13T01:32:47.593+0000][1][safepoint    ] Entering safepoint region: RevokeBias
[2022-06-13T01:32:47.594+0000][1][safepoint    ] Leaving safepoint region
[2022-06-13T01:32:47.594+0000][1][safepoint    ] Total time for which application threads were stopped: 0.0012881 seconds, Stopping threads took: 0.0003798 seconds
[2022-06-13T01:32:47.595+0000][1][safepoint    ] Application time: 0.0002628 seconds
[2022-06-13T01:32:47.596+0000][1][safepoint    ] Entering safepoint region: BulkRevokeBias
[2022-06-13T01:32:47.597+0000][1][safepoint    ] Leaving safepoint region
[2022-06-13T01:32:47.597+0000][1][safepoint    ] Total time for which application threads were stopped: 0.0018054 seconds, Stopping threads took: 0.0007107 seconds
[2022-06-13T01:32:48.598+0000][1][safepoint    ] Application time: 1.0002729 seconds
[2022-06-13T01:32:48.599+0000][1][safepoint    ] Entering safepoint region: Cleanup
[2022-06-13T01:32:48.600+0000][1][safepoint    ] Leaving safepoint region
[2022-06-13T01:32:48.600+0000][1][safepoint    ] Total time for which application threads were stopped: 0.0010313 seconds, Stopping threads took: 0.0005433 seconds
[2022-06-13T01:32:49.600+0000][1][safepoint    ] Application time: 1.0001747 seconds
[2022-06-13T01:32:49.601+0000][1][safepoint    ] Entering safepoint region: Cleanup
[2022-06-13T01:32:49.602+0000][1][safepoint    ] Leaving safepoint region
[2022-06-13T01:32:49.602+0000][1][safepoint    ] Total time for which application threads were stopped: 0.0010288 seconds, Stopping threads took: 0.0004411 seconds
[2022-06-13T01:32:50.580+0000][1][safepoint    ] Application time: 0.9772291 seconds
[2022-06-13T01:32:50.580+0000][1][safepoint    ] Entering safepoint region: RevokeBias
[2022-06-13T01:32:50.581+0000][1][safepoint    ] Leaving safepoint region
[2022-06-13T01:32:50.581+0000][1][safepoint    ] Total time for which application threads were stopped: 0.0009403 seconds, Stopping threads took: 0.0004804 seconds
[2022-06-13T01:32:50.584+0000][1][safepoint    ] Application time: 0.0023928 seconds
[2022-06-13T01:32:50.585+0000][1][safepoint    ] Entering safepoint region: RevokeBias
[2022-06-13T01:32:50.589+0000][1][safepoint    ] Leaving safepoint region
[2022-06-13T01:32:50.590+0000][1][safepoint    ] Total time for which application threads were stopped: 0.0052261 seconds, Stopping threads took: 0.0003508 seconds
[2022-06-13T01:32:51.581+0000][1][safepoint    ] Application time: 0.9907952 seconds
[2022-06-13T01:32:51.582+0000][1][safepoint    ] Entering safepoint region: RevokeBias
[2022-06-13T01:32:51.582+0000][1][safepoint    ] Leaving safepoint region
[2022-06-13T01:32:51.583+0000][1][safepoint    ] Total time for which application threads were stopped: 0.0012356 seconds, Stopping threads took: 0.0005680 seconds
[2022-06-13T01:32:51.584+0000][1][safepoint    ] Application time: 0.0010347 seconds
[2022-06-13T01:32:51.585+0000][1][safepoint    ] Entering safepoint region: RevokeBias
[2022-06-13T01:32:51.586+0000][1][safepoint    ] Leaving safepoint region
[2022-06-13T01:32:51.587+0000][1][safepoint    ] Total time for which application threads were stopped: 0.0016995 seconds, Stopping threads took: 0.0006760 seconds
[2022-06-13T01:32:51.587+0000][1][safepoint    ] Application time: 0.0004649 seconds
[2022-06-13T01:32:51.588+0000][1][safepoint    ] Entering safepoint region: RevokeBias
[2022-06-13T01:32:51.589+0000][1][safepoint    ] Leaving safepoint region
[2022-06-13T01:32:51.589+0000][1][safepoint    ] Total time for which application threads were stopped: 0.0010386 seconds, Stopping threads took: 0.0005356 seconds
[2022-06-13T01:32:51.590+0000][1][safepoint    ] Application time: 0.0005121 seconds
[2022-06-13T01:32:51.591+0000][1][safepoint    ] Entering safepoint region: RevokeBias
[2022-06-13T01:32:51.591+0000][1][safepoint    ] Leaving safepoint region
[2022-06-13T01:32:51.591+0000][1][safepoint    ] Total time for which application threads were stopped: 0.0009873 seconds, Stopping threads took: 0.0005809 seconds
[2022-06-13T01:32:52.592+0000][1][safepoint    ] Application time: 1.0003427 seconds
[2022-06-13T01:32:52.592+0000][1][safepoint    ] Entering safepoint region: Cleanup
[2022-06-13T01:32:52.593+0000][1][safepoint    ] Leaving safepoint region
[2022-06-13T01:32:52.593+0000][1][safepoint    ] Total time for which application threads were stopped: 0.0008004 seconds, Stopping threads took: 0.0003952 seconds
[2022-06-13T01:32:53.594+0000][1][safepoint    ] Application time: 1.0002123 seconds
[2022-06-13T01:32:53.595+0000][1][safepoint    ] Entering safepoint region: Cleanup
[2022-06-13T01:32:53.595+0000][1][safepoint    ] Leaving safepoint region
[2022-06-13T01:32:53.596+0000][1][safepoint    ] Total time for which application threads were stopped: 0.0010711 seconds, Stopping threads took: 0.0005483 seconds
[2022-06-13T01:32:54.582+0000][1][safepoint    ] Application time: 0.9855265 seconds
[2022-06-13T01:32:54.582+0000][1][safepoint    ] Entering safepoint region: RevokeBias
[2022-06-13T01:32:54.583+0000][1][safepoint    ] Leaving safepoint region
[2022-06-13T01:32:54.583+0000][1][safepoint    ] Total time for which application threads were stopped: 0.0010692 seconds, Stopping threads took: 0.0004636 seconds
[2022-06-13T01:32:54.585+0000][1][safepoint    ] Application time: 0.0007404 seconds
[2022-06-13T01:32:54.585+0000][1][safepoint    ] Entering safepoint region: RevokeBias
[2022-06-13T01:32:54.586+0000][1][safepoint    ] Leaving safepoint region
[2022-06-13T01:32:54.587+0000][1][safepoint    ] Total time for which application threads were stopped: 0.0023698 seconds, Stopping threads took: 0.0007056 seconds
[2022-06-13T01:32:54.588+0000][1][safepoint    ] Application time: 0.0003533 seconds
[2022-06-13T01:32:54.589+0000][1][safepoint    ] Entering safepoint region: RevokeBias
[2022-06-13T01:32:54.590+0000][1][safepoint    ] Leaving safepoint region
[2022-06-13T01:32:54.591+0000][1][safepoint    ] Total time for which application threads were stopped: 0.0016140 seconds, Stopping threads took: 0.0009432 seconds
[2022-06-13T01:32:54.592+0000][1][safepoint    ] Application time: 0.0003968 seconds
[2022-06-13T01:32:54.593+0000][1][safepoint    ] Entering safepoint region: RevokeBias
[2022-06-13T01:32:54.593+0000][1][safepoint    ] Leaving safepoint region
[2022-06-13T01:32:54.594+0000][1][safepoint    ] Total time for which application threads were stopped: 0.0015059 seconds, Stopping threads took: 0.0008465 seconds
[2022-06-13T01:32:55.584+0000][1][safepoint    ] Application time: 0.9894861 seconds
[2022-06-13T01:32:55.585+0000][1][safepoint    ] Entering safepoint region: RevokeBias
[2022-06-13T01:32:55.586+0000][1][safepoint    ] Leaving safepoint region
[2022-06-13T01:32:55.586+0000][1][safepoint    ] Total time for which application threads were stopped: 0.0015528 seconds, Stopping threads took: 0.0005327 seconds
[2022-06-13T01:32:55.587+0000][1][safepoint    ] Application time: 0.0006028 seconds
[2022-06-13T01:32:55.588+0000][1][safepoint    ] Entering safepoint region: RevokeBias
[2022-06-13T01:32:55.588+0000][1][safepoint    ] Leaving safepoint region
[2022-06-13T01:32:55.589+0000][1][safepoint    ] Total time for which application threads were stopped: 0.0008204 seconds, Stopping threads took: 0.0002881 seconds
[2022-06-13T01:32:55.590+0000][1][safepoint    ] Application time: 0.0006116 seconds
[2022-06-13T01:32:55.590+0000][1][safepoint    ] Entering safepoint region: RevokeBias
[2022-06-13T01:32:55.591+0000][1][safepoint    ] Leaving safepoint region
[2022-06-13T01:32:55.591+0000][1][safepoint    ] Total time for which application threads were stopped: 0.0010597 seconds, Stopping threads took: 0.0004886 seconds
[2022-06-13T01:32:56.592+0000][1][safepoint    ] Application time: 1.0003117 seconds
[2022-06-13T01:32:56.593+0000][1][safepoint    ] Entering safepoint region: Cleanup
[2022-06-13T01:32:56.593+0000][1][safepoint    ] Leaving safepoint region
[2022-06-13T01:32:56.593+0000][1][safepoint    ] Total time for which application threads were stopped: 0.0007035 seconds, Stopping threads took: 0.0003169 seconds
[2022-06-13T01:32:57.594+0000][1][safepoint    ] Application time: 1.0003343 seconds
[2022-06-13T01:32:57.595+0000][1][safepoint    ] Entering safepoint region: Cleanup
[2022-06-13T01:32:57.596+0000][1][safepoint    ] Leaving safepoint region
[2022-06-13T01:32:57.596+0000][1][safepoint    ] Total time for which application threads were stopped: 0.0018410 seconds, Stopping threads took: 0.0007827 seconds
[2022-06-13T01:32:58.583+0000][1][safepoint    ] Application time: 0.9863915 seconds
[2022-06-13T01:32:58.584+0000][1][safepoint    ] Entering safepoint region: RevokeBias
[2022-06-13T01:32:58.585+0000][1][safepoint    ] Leaving safepoint region
[2022-06-13T01:32:58.585+0000][1][safepoint    ] Total time for which application threads were stopped: 0.0007327 seconds, Stopping threads took: 0.0003879 seconds
[2022-06-13T01:32:58.585+0000][1][safepoint    ] Application time: 0.0004268 seconds
[2022-06-13T01:32:58.586+0000][1][safepoint    ] Entering safepoint region: RevokeBias
[2022-06-13T01:32:58.586+0000][1][safepoint    ] Leaving safepoint region
[2022-06-13T01:32:58.587+0000][1][safepoint    ] Total time for which application threads were stopped: 0.0007300 seconds, Stopping threads took: 0.0002671 seconds
[2022-06-13T01:32:59.585+0000][1][safepoint    ] Application time: 0.9983775 seconds
[2022-06-13T01:32:59.586+0000][1][safepoint    ] Entering safepoint region: RevokeBias
[2022-06-13T01:32:59.586+0000][1][safepoint    ] Leaving safepoint region
[2022-06-13T01:32:59.587+0000][1][safepoint    ] Total time for which application threads were stopped: 0.0009464 seconds, Stopping threads took: 0.0003739 seconds
[2022-06-13T01:32:59.588+0000][1][safepoint    ] Application time: 0.0005069 seconds
[2022-06-13T01:32:59.588+0000][1][safepoint    ] Entering safepoint region: RevokeBias
[2022-06-13T01:32:59.589+0000][1][safepoint    ] Leaving safepoint region
[2022-06-13T01:32:59.589+0000][1][safepoint    ] Total time for which application threads were stopped: 0.0009441 seconds, Stopping threads took: 0.0003023 seconds
[2022-06-13T01:32:59.590+0000][1][safepoint    ] Application time: 0.0004408 seconds
[2022-06-13T01:32:59.590+0000][1][safepoint    ] Entering safepoint region: RevokeBias
[2022-06-13T01:32:59.591+0000][1][safepoint    ] Leaving safepoint region
[2022-06-13T01:32:59.591+0000][1][safepoint    ] Total time for which application threads were stopped: 0.0009073 seconds, Stopping threads took: 0.0003576 seconds
[2022-06-13T01:32:59.592+0000][1][safepoint    ] Application time: 0.0005602 seconds
[2022-06-13T01:32:59.592+0000][1][safepoint    ] Entering safepoint region: RevokeBias
[2022-06-13T01:32:59.593+0000][1][safepoint    ] Leaving safepoint region
[2022-06-13T01:32:59.593+0000][1][safepoint    ] Total time for which application threads were stopped: 0.0009229 seconds, Stopping threads took: 0.0004438 seconds
[2022-06-13T01:33:01.594+0000][1][safepoint    ] Application time: 2.0002785 seconds
[2022-06-13T01:33:01.594+0000][1][safepoint    ] Entering safepoint region: Cleanup
[2022-06-13T01:33:01.595+0000][1][safepoint    ] Leaving safepoint region
[2022-06-13T01:33:01.595+0000][1][safepoint    ] Total time for which application threads were stopped: 0.0006423 seconds, Stopping threads took: 0.0002339 seconds
[2022-06-13T01:33:01.614+0000][1][safepoint    ] Application time: 0.0190270 seconds
[2022-06-13T01:33:01.615+0000][1][safepoint    ] Entering safepoint region: RevokeBias
[2022-06-13T01:33:01.616+0000][1][safepoint    ] Leaving safepoint region
[2022-06-13T01:33:01.617+0000][1][safepoint    ] Total time for which application threads were stopped: 0.0017631 seconds, Stopping threads took: 0.0010520 seconds
[2022-06-13T01:33:01.618+0000][1][safepoint    ] Application time: 0.0005748 seconds
[2022-06-13T01:33:01.618+0000][1][safepoint    ] Entering safepoint region: RevokeBias
[2022-06-13T01:33:01.619+0000][1][safepoint    ] Leaving safepoint region
[2022-06-13T01:33:01.619+0000][1][safepoint    ] Total time for which application threads were stopped: 0.0007947 seconds, Stopping threads took: 0.0003254 seconds
[2022-06-13T01:33:01.624+0000][1][safepoint    ] Application time: 0.0042965 seconds
[2022-06-13T01:33:01.624+0000][1][safepoint    ] Entering safepoint region: RevokeBias
[2022-06-13T01:33:01.624+0000][1][safepoint    ] Leaving safepoint region
[2022-06-13T01:33:01.625+0000][1][safepoint    ] Total time for which application threads were stopped: 0.0007972 seconds, Stopping threads took: 0.0003172 seconds
[2022-06-13T01:33:01.626+0000][1][safepoint    ] Application time: 0.0004222 seconds
[2022-06-13T01:33:01.627+0000][1][safepoint    ] Entering safepoint region: RevokeBias
[2022-06-13T01:33:01.627+0000][1][safepoint    ] Leaving safepoint region
[2022-06-13T01:33:01.628+0000][1][safepoint    ] Total time for which application threads were stopped: 0.0011593 seconds, Stopping threads took: 0.0005769 seconds
[2022-06-13T01:33:02.586+0000][1][safepoint    ] Application time: 0.9581581 seconds
[2022-06-13T01:33:02.587+0000][1][safepoint    ] Entering safepoint region: RevokeBias
[2022-06-13T01:33:02.587+0000][1][safepoint    ] Leaving safepoint region
[2022-06-13T01:33:02.588+0000][1][safepoint    ] Total time for which application threads were stopped: 0.0009326 seconds, Stopping threads took: 0.0003310 seconds
[2022-06-13T01:33:02.588+0000][1][safepoint    ] Application time: 0.0002222 seconds
[2022-06-13T01:33:02.589+0000][1][safepoint    ] Entering safepoint region: RevokeBias
[2022-06-13T01:33:02.590+0000][1][safepoint    ] Leaving safepoint region
[2022-06-13T01:33:02.590+0000][1][safepoint    ] Total time for which application threads were stopped: 0.0013485 seconds, Stopping threads took: 0.0008684 seconds
[2022-06-13T01:33:03.587+0000][1][safepoint    ] Application time: 0.9966522 seconds
[2022-06-13T01:33:03.588+0000][1][safepoint    ] Entering safepoint region: RevokeBias
[2022-06-13T01:33:03.588+0000][1][safepoint    ] Leaving safepoint region
[2022-06-13T01:33:03.589+0000][1][safepoint    ] Total time for which application threads were stopped: 0.0012266 seconds, Stopping threads took: 0.0005671 seconds
[2022-06-13T01:33:03.590+0000][1][safepoint    ] Application time: 0.0007667 seconds
[2022-06-13T01:33:03.591+0000][1][safepoint    ] Entering safepoint region: RevokeBias
[2022-06-13T01:33:03.592+0000][1][safepoint    ] Leaving safepoint region
[2022-06-13T01:33:03.592+0000][1][safepoint    ] Total time for which application threads were stopped: 0.0015591 seconds, Stopping threads took: 0.0005715 seconds
[2022-06-13T01:33:03.594+0000][1][safepoint    ] Application time: 0.0008461 seconds
[2022-06-13T01:33:03.594+0000][1][safepoint    ] Entering safepoint region: RevokeBias
[2022-06-13T01:33:03.595+0000][1][safepoint    ] Leaving safepoint region
[2022-06-13T01:33:03.595+0000][1][safepoint    ] Total time for which application threads were stopped: 0.0009867 seconds, Stopping threads took: 0.0005300 seconds
[2022-06-13T01:33:04.596+0000][1][safepoint    ] Application time: 1.0002111 seconds
[2022-06-13T01:33:04.597+0000][1][safepoint    ] Entering safepoint region: Cleanup
[2022-06-13T01:33:04.597+0000][1][safepoint    ] Leaving safepoint region
[2022-06-13T01:33:04.598+0000][1][safepoint    ] Total time for which application threads were stopped: 0.0010052 seconds, Stopping threads took: 0.0004655 seconds
[2022-06-13T01:33:06.588+0000][1][safepoint    ] Application time: 1.9905503 seconds
[2022-06-13T01:33:06.589+0000][1][safepoint    ] Entering safepoint region: RevokeBias
[2022-06-13T01:33:06.590+0000][1][safepoint    ] Leaving safepoint region
[2022-06-13T01:33:06.591+0000][1][safepoint    ] Total time for which application threads were stopped: 0.0016285 seconds, Stopping threads took: 0.0010258 seconds
[2022-06-13T01:33:06.592+0000][1][safepoint    ] Application time: 0.0007241 seconds
[2022-06-13T01:33:06.592+0000][1][safepoint    ] Entering safepoint region: RevokeBias
[2022-06-13T01:33:06.593+0000][1][safepoint    ] Leaving safepoint region
[2022-06-13T01:33:06.593+0000][1][safepoint    ] Total time for which application threads were stopped: 0.0009523 seconds, Stopping threads took: 0.0004807 seconds
[2022-06-13T01:33:06.594+0000][1][safepoint    ] Application time: 0.0005463 seconds
[2022-06-13T01:33:06.594+0000][1][safepoint    ] Entering safepoint region: RevokeBias
[2022-06-13T01:33:06.595+0000][1][safepoint    ] Leaving safepoint region
[2022-06-13T01:33:06.595+0000][1][safepoint    ] Total time for which application threads were stopped: 0.0010680 seconds, Stopping threads took: 0.0005523 seconds
[2022-06-13T01:33:06.596+0000][1][safepoint    ] Application time: 0.0005904 seconds
[2022-06-13T01:33:06.597+0000][1][safepoint    ] Entering safepoint region: RevokeBias
[2022-06-13T01:33:06.599+0000][1][safepoint    ] Leaving safepoint region
[2022-06-13T01:33:06.599+0000][1][safepoint    ] Total time for which application threads were stopped: 0.0023090 seconds, Stopping threads took: 0.0009201 seconds
[2022-06-13T01:33:06.601+0000][1][safepoint    ] Application time: 0.0009693 seconds
[2022-06-13T01:33:06.601+0000][1][safepoint    ] Entering safepoint region: RevokeBias
[2022-06-13T01:33:06.603+0000][1][safepoint    ] Leaving safepoint region
[2022-06-13T01:33:06.604+0000][1][safepoint    ] Total time for which application threads were stopped: 0.0026982 seconds, Stopping threads took: 0.0005941 seconds
[2022-06-13T01:33:07.605+0000][1][safepoint    ] Application time: 1.0003191 seconds
[2022-06-13T01:33:07.606+0000][1][safepoint    ] Entering safepoint region: Cleanup
[2022-06-13T01:33:07.606+0000][1][safepoint    ] Leaving safepoint region
[2022-06-13T01:33:07.607+0000][1][safepoint    ] Total time for which application threads were stopped: 0.0010853 seconds, Stopping threads took: 0.0005355 seconds
[2022-06-13T01:33:08.607+0000][1][safepoint    ] Application time: 1.0002950 seconds
[2022-06-13T01:33:08.608+0000][1][safepoint    ] Entering safepoint region: Cleanup
[2022-06-13T01:33:08.609+0000][1][safepoint    ] Leaving safepoint region
[2022-06-13T01:33:08.610+0000][1][safepoint    ] Total time for which application threads were stopped: 0.0015956 seconds, Stopping threads took: 0.0007349 seconds
[2022-06-13T01:33:09.597+0000][1][safepoint    ] Application time: 0.9870119 seconds
[2022-06-13T01:33:09.598+0000][1][safepoint    ] Entering safepoint region: RevokeBias
[2022-06-13T01:33:09.598+0000][1][safepoint    ] Leaving safepoint region
[2022-06-13T01:33:09.599+0000][1][safepoint    ] Total time for which application threads were stopped: 0.0013012 seconds, Stopping threads took: 0.0006085 seconds
[2022-06-13T01:33:09.601+0000][1][safepoint    ] Application time: 0.0013877 seconds
[2022-06-13T01:33:09.602+0000][1][safepoint    ] Entering safepoint region: RevokeBias
[2022-06-13T01:33:09.602+0000][1][safepoint    ] Leaving safepoint region
[2022-06-13T01:33:09.603+0000][1][safepoint    ] Total time for which application threads were stopped: 0.0011683 seconds, Stopping threads took: 0.0006156 seconds
[2022-06-13T01:33:10.592+0000][1][safepoint    ] Application time: 0.9881299 seconds
[2022-06-13T01:33:10.593+0000][1][safepoint    ] Entering safepoint region: BulkRevokeBias
[2022-06-13T01:33:10.595+0000][1][safepoint    ] Leaving safepoint region
[2022-06-13T01:33:10.595+0000][1][safepoint    ] Total time for which application threads were stopped: 0.0025454 seconds, Stopping threads took: 0.0006967 seconds
[2022-06-13T01:33:11.596+0000][1][safepoint    ] Application time: 1.0003197 seconds
[2022-06-13T01:33:11.597+0000][1][safepoint    ] Entering safepoint region: Cleanup
[2022-06-13T01:33:11.598+0000][1][safepoint    ] Leaving safepoint region
[2022-06-13T01:33:11.599+0000][1][safepoint    ] Total time for which application threads were stopped: 0.0018971 seconds, Stopping threads took: 0.0010088 seconds
[2022-06-13T01:33:12.600+0000][1][safepoint    ] Application time: 1.0004300 seconds
[2022-06-13T01:33:12.600+0000][1][safepoint    ] Entering safepoint region: Cleanup
[2022-06-13T01:33:12.601+0000][1][safepoint    ] Leaving safepoint region
[2022-06-13T01:33:12.601+0000][1][safepoint    ] Total time for which application threads were stopped: 0.0012334 seconds, Stopping threads took: 0.0007106 seconds
[2022-06-13T01:33:13.602+0000][1][safepoint    ] Application time: 1.0002084 seconds
[2022-06-13T01:33:13.603+0000][1][safepoint    ] Entering safepoint region: Cleanup
[2022-06-13T01:33:13.604+0000][1][safepoint    ] Leaving safepoint region
[2022-06-13T01:33:13.604+0000][1][safepoint    ] Total time for which application threads were stopped: 0.0017983 seconds, Stopping threads took: 0.0009971 seconds
[2022-06-13T01:33:14.605+0000][1][safepoint    ] Application time: 1.0002242 seconds
[2022-06-13T01:33:14.605+0000][1][safepoint    ] Entering safepoint region: Cleanup
[2022-06-13T01:33:14.606+0000][1][safepoint    ] Leaving safepoint region
[2022-06-13T01:33:14.606+0000][1][safepoint    ] Total time for which application threads were stopped: 0.0008818 seconds, Stopping threads took: 0.0003921 seconds
[2022-06-13T01:33:15.596+0000][1][safepoint    ] Application time: 0.9891030 seconds
[2022-06-13T01:33:15.597+0000][1][safepoint    ] Entering safepoint region: RevokeBias
[2022-06-13T01:33:15.598+0000][1][safepoint    ] Leaving safepoint region
[2022-06-13T01:33:15.598+0000][1][safepoint    ] Total time for which application threads were stopped: 0.0016620 seconds, Stopping threads took: 0.0009558 seconds
[2022-06-13T01:33:16.599+0000][1][safepoint    ] Application time: 1.0004218 seconds
[2022-06-13T01:33:16.600+0000][1][safepoint    ] Entering safepoint region: Cleanup
[2022-06-13T01:33:16.601+0000][1][safepoint    ] Leaving safepoint region
[2022-06-13T01:33:16.601+0000][1][safepoint    ] Total time for which application threads were stopped: 0.0010724 seconds, Stopping threads took: 0.0004846 seconds
[2022-06-13T01:33:17.602+0000][1][safepoint    ] Application time: 1.0002206 seconds
[2022-06-13T01:33:17.602+0000][1][safepoint    ] Entering safepoint region: Cleanup
[2022-06-13T01:33:17.603+0000][1][safepoint    ] Leaving safepoint region
[2022-06-13T01:33:17.603+0000][1][safepoint    ] Total time for which application threads were stopped: 0.0006998 seconds, Stopping threads took: 0.0002532 seconds
[2022-06-13T01:33:18.603+0000][1][safepoint    ] Application time: 1.0002927 seconds
[2022-06-13T01:33:18.604+0000][1][safepoint    ] Entering safepoint region: Cleanup
[2022-06-13T01:33:18.605+0000][1][safepoint    ] Leaving safepoint region
[2022-06-13T01:33:18.606+0000][1][safepoint    ] Total time for which application threads were stopped: 0.0014138 seconds, Stopping threads took: 0.0005956 seconds
[2022-06-13T01:33:19.606+0000][1][safepoint    ] Application time: 1.0002404 seconds
[2022-06-13T01:33:19.607+0000][1][safepoint    ] Entering safepoint region: Cleanup
[2022-06-13T01:33:19.608+0000][1][safepoint    ] Leaving safepoint region
[2022-06-13T01:33:19.608+0000][1][safepoint    ] Total time for which application threads were stopped: 0.0009996 seconds, Stopping threads took: 0.0004880 seconds
[2022-06-13T01:33:20.609+0000][1][safepoint    ] Application time: 1.0004041 seconds
[2022-06-13T01:33:20.610+0000][1][safepoint    ] Entering safepoint region: Cleanup
[2022-06-13T01:33:20.610+0000][1][safepoint    ] Leaving safepoint region
[2022-06-13T01:33:20.611+0000][1][safepoint    ] Total time for which application threads were stopped: 0.0008611 seconds, Stopping threads took: 0.0002867 seconds
[2022-06-13T01:33:21.611+0000][1][safepoint    ] Application time: 1.0002561 seconds
[2022-06-13T01:33:21.612+0000][1][safepoint    ] Entering safepoint region: Cleanup
[2022-06-13T01:33:21.613+0000][1][safepoint    ] Leaving safepoint region
[2022-06-13T01:33:21.613+0000][1][safepoint    ] Total time for which application threads were stopped: 0.0013556 seconds, Stopping threads took: 0.0005204 seconds
[2022-06-13T01:33:22.615+0000][1][safepoint    ] Application time: 1.0004818 seconds
[2022-06-13T01:33:22.616+0000][1][safepoint    ] Entering safepoint region: Cleanup
[2022-06-13T01:33:22.617+0000][1][safepoint    ] Leaving safepoint region
[2022-06-13T01:33:22.617+0000][1][safepoint    ] Total time for which application threads were stopped: 0.0014725 seconds, Stopping threads took: 0.0007029 seconds
[2022-06-13T01:33:23.618+0000][1][safepoint    ] Application time: 1.0005748 seconds
[2022-06-13T01:33:23.619+0000][1][safepoint    ] Entering safepoint region: Cleanup
[2022-06-13T01:33:23.620+0000][1][safepoint    ] Leaving safepoint region
[2022-06-13T01:33:23.620+0000][1][safepoint    ] Total time for which application threads were stopped: 0.0011751 seconds, Stopping threads took: 0.0006675 seconds
[2022-06-13T01:33:24.621+0000][1][safepoint    ] Application time: 1.0001789 seconds
[2022-06-13T01:33:24.622+0000][1][safepoint    ] Entering safepoint region: Cleanup
[2022-06-13T01:33:24.623+0000][1][safepoint    ] Leaving safepoint region
[2022-06-13T01:33:24.623+0000][1][safepoint    ] Total time for which application threads were stopped: 0.0012132 seconds, Stopping threads took: 0.0004618 seconds
[2022-06-13T01:33:25.624+0000][1][safepoint    ] Application time: 1.0003089 seconds
[2022-06-13T01:33:25.625+0000][1][safepoint    ] Entering safepoint region: Cleanup
[2022-06-13T01:33:25.626+0000][1][safepoint    ] Leaving safepoint region
[2022-06-13T01:33:25.626+0000][1][safepoint    ] Total time for which application threads were stopped: 0.0014812 seconds, Stopping threads took: 0.0007035 seconds
[2022-06-13T01:33:26.627+0000][1][safepoint    ] Application time: 1.0002492 seconds
[2022-06-13T01:33:26.628+0000][1][safepoint    ] Entering safepoint region: Cleanup
[2022-06-13T01:33:26.629+0000][1][safepoint    ] Leaving safepoint region
[2022-06-13T01:33:26.629+0000][1][safepoint    ] Total time for which application threads were stopped: 0.0011708 seconds, Stopping threads took: 0.0004962 seconds
[2022-06-13T01:33:27.630+0000][1][safepoint    ] Application time: 1.0001977 seconds
[2022-06-13T01:33:27.631+0000][1][safepoint    ] Entering safepoint region: Cleanup
[2022-06-13T01:33:27.632+0000][1][safepoint    ] Leaving safepoint region
[2022-06-13T01:33:27.632+0000][1][safepoint    ] Total time for which application threads were stopped: 0.0013269 seconds, Stopping threads took: 0.0004523 seconds
[2022-06-13T01:33:28.633+0000][1][safepoint    ] Application time: 1.0003840 seconds
[2022-06-13T01:33:28.634+0000][1][safepoint    ] Entering safepoint region: Cleanup
[2022-06-13T01:33:28.635+0000][1][safepoint    ] Leaving safepoint region
[2022-06-13T01:33:28.635+0000][1][safepoint    ] Total time for which application threads were stopped: 0.0011941 seconds, Stopping threads took: 0.0005752 seconds
[2022-06-13T01:33:29.636+0000][1][safepoint    ] Application time: 1.0003185 seconds
[2022-06-13T01:33:29.637+0000][1][safepoint    ] Entering safepoint region: Cleanup
[2022-06-13T01:33:29.639+0000][1][safepoint    ] Leaving safepoint region
[2022-06-13T01:33:29.639+0000][1][safepoint    ] Total time for which application threads were stopped: 0.0022745 seconds, Stopping threads took: 0.0009825 seconds
[2022-06-13T01:33:30.641+0000][1][safepoint    ] Application time: 1.0003299 seconds
[2022-06-13T01:33:30.641+0000][1][safepoint    ] Entering safepoint region: Cleanup
[2022-06-13T01:33:30.642+0000][1][safepoint    ] Leaving safepoint region
[2022-06-13T01:33:30.642+0000][1][safepoint    ] Total time for which application threads were stopped: 0.0009823 seconds, Stopping threads took: 0.0003433 seconds
[2022-06-13T01:33:31.643+0000][1][safepoint    ] Application time: 1.0002447 seconds
[2022-06-13T01:33:31.644+0000][1][safepoint    ] Entering safepoint region: Cleanup
[2022-06-13T01:33:31.644+0000][1][safepoint    ] Leaving safepoint region
[2022-06-13T01:33:31.645+0000][1][safepoint    ] Total time for which application threads were stopped: 0.0012307 seconds, Stopping threads took: 0.0006337 seconds
[2022-06-13T01:33:32.646+0000][1][safepoint    ] Application time: 1.0005256 seconds
[2022-06-13T01:33:32.647+0000][1][safepoint    ] Entering safepoint region: Cleanup
[2022-06-13T01:33:32.648+0000][1][safepoint    ] Leaving safepoint region
[2022-06-13T01:33:32.648+0000][1][safepoint    ] Total time for which application threads were stopped: 0.0014584 seconds, Stopping threads took: 0.0007146 seconds
[2022-06-13T01:33:33.649+0000][1][safepoint    ] Application time: 1.0001794 seconds
[2022-06-13T01:33:33.650+0000][1][safepoint    ] Entering safepoint region: Cleanup
[2022-06-13T01:33:33.650+0000][1][safepoint    ] Leaving safepoint region
[2022-06-13T01:33:33.651+0000][1][safepoint    ] Total time for which application threads were stopped: 0.0011331 seconds, Stopping threads took: 0.0006736 seconds
[2022-06-13T01:33:34.651+0000][1][safepoint    ] Application time: 1.0002974 seconds
[2022-06-13T01:33:34.652+0000][1][safepoint    ] Entering safepoint region: Cleanup
[2022-06-13T01:33:34.653+0000][1][safepoint    ] Leaving safepoint region
[2022-06-13T01:33:34.654+0000][1][safepoint    ] Total time for which application threads were stopped: 0.0015210 seconds, Stopping threads took: 0.0006583 seconds
[2022-06-13T01:33:35.655+0000][1][safepoint    ] Application time: 1.0002293 seconds
[2022-06-13T01:33:35.655+0000][1][safepoint    ] Entering safepoint region: Cleanup
[2022-06-13T01:33:35.655+0000][1][safepoint    ] Leaving safepoint region
[2022-06-13T01:33:35.656+0000][1][safepoint    ] Total time for which application threads were stopped: 0.0008937 seconds, Stopping threads took: 0.0003631 seconds
[2022-06-13T01:33:36.656+0000][1][safepoint    ] Application time: 1.0001944 seconds
[2022-06-13T01:33:36.657+0000][1][safepoint    ] Entering safepoint region: Cleanup
[2022-06-13T01:33:36.658+0000][1][safepoint    ] Leaving safepoint region
[2022-06-13T01:33:36.658+0000][1][safepoint    ] Total time for which application threads were stopped: 0.0010305 seconds, Stopping threads took: 0.0005387 seconds
[2022-06-13T01:33:37.659+0000][1][safepoint    ] Application time: 1.0003378 seconds
[2022-06-13T01:33:37.660+0000][1][safepoint    ] Entering safepoint region: Cleanup
[2022-06-13T01:33:37.661+0000][1][safepoint    ] Leaving safepoint region
[2022-06-13T01:33:37.662+0000][1][safepoint    ] Total time for which application threads were stopped: 0.0018615 seconds, Stopping threads took: 0.0008710 seconds
[2022-06-13T01:33:38.663+0000][1][safepoint    ] Application time: 1.0001478 seconds
[2022-06-13T01:33:38.664+0000][1][safepoint    ] Entering safepoint region: Cleanup
[2022-06-13T01:33:38.664+0000][1][safepoint    ] Leaving safepoint region
[2022-06-13T01:33:38.664+0000][1][safepoint    ] Total time for which application threads were stopped: 0.0005757 seconds, Stopping threads took: 0.0002529 seconds
[2022-06-13T01:33:39.665+0000][1][safepoint    ] Application time: 1.0001986 seconds
[2022-06-13T01:33:39.665+0000][1][safepoint    ] Entering safepoint region: Cleanup
[2022-06-13T01:33:39.666+0000][1][safepoint    ] Leaving safepoint region
[2022-06-13T01:33:39.666+0000][1][safepoint    ] Total time for which application threads were stopped: 0.0011766 seconds, Stopping threads took: 0.0006130 seconds
[2022-06-13T01:33:40.667+0000][1][safepoint    ] Application time: 1.0001767 seconds
[2022-06-13T01:33:40.668+0000][1][safepoint    ] Entering safepoint region: Cleanup
[2022-06-13T01:33:40.668+0000][1][safepoint    ] Leaving safepoint region
[2022-06-13T01:33:40.669+0000][1][safepoint    ] Total time for which application threads were stopped: 0.0008708 seconds, Stopping threads took: 0.0003910 seconds
[2022-06-13T01:33:41.669+0000][1][safepoint    ] Application time: 1.0001404 seconds
[2022-06-13T01:33:41.670+0000][1][safepoint    ] Entering safepoint region: Cleanup
[2022-06-13T01:33:41.671+0000][1][safepoint    ] Leaving safepoint region
[2022-06-13T01:33:41.671+0000][1][safepoint    ] Total time for which application threads were stopped: 0.0011187 seconds, Stopping threads took: 0.0005888 seconds
[2022-06-13T01:33:42.672+0000][1][safepoint    ] Application time: 1.0002273 seconds
[2022-06-13T01:33:42.672+0000][1][safepoint    ] Entering safepoint region: Cleanup
[2022-06-13T01:33:42.673+0000][1][safepoint    ] Leaving safepoint region
[2022-06-13T01:33:42.673+0000][1][safepoint    ] Total time for which application threads were stopped: 0.0011642 seconds, Stopping threads took: 0.0004895 seconds
[2022-06-13T01:33:43.674+0000][1][safepoint    ] Application time: 1.0002458 seconds
[2022-06-13T01:33:43.675+0000][1][safepoint    ] Entering safepoint region: Cleanup
[2022-06-13T01:33:43.675+0000][1][safepoint    ] Leaving safepoint region
[2022-06-13T01:33:43.676+0000][1][safepoint    ] Total time for which application threads were stopped: 0.0011387 seconds, Stopping threads took: 0.0006067 seconds
[2022-06-13T01:33:44.676+0000][1][safepoint    ] Application time: 1.0001649 seconds
[2022-06-13T01:33:44.677+0000][1][safepoint    ] Entering safepoint region: Cleanup
[2022-06-13T01:33:44.677+0000][1][safepoint    ] Leaving safepoint region
[2022-06-13T01:33:44.678+0000][1][safepoint    ] Total time for which application threads were stopped: 0.0008377 seconds, Stopping threads took: 0.0003505 seconds
[2022-06-13T01:33:45.678+0000][1][safepoint    ] Application time: 1.0002991 seconds
[2022-06-13T01:33:45.679+0000][1][safepoint    ] Entering safepoint region: Cleanup
[2022-06-13T01:33:45.680+0000][1][safepoint    ] Leaving safepoint region
[2022-06-13T01:33:45.681+0000][1][safepoint    ] Total time for which application threads were stopped: 0.0014104 seconds, Stopping threads took: 0.0006297 seconds
[2022-06-13T01:33:46.682+0000][1][safepoint    ] Application time: 1.0003238 seconds
[2022-06-13T01:33:46.682+0000][1][safepoint    ] Entering safepoint region: Cleanup
[2022-06-13T01:33:46.683+0000][1][safepoint    ] Leaving safepoint region
[2022-06-13T01:33:46.683+0000][1][safepoint    ] Total time for which application threads were stopped: 0.0011668 seconds, Stopping threads took: 0.0006172 seconds
[2022-06-13T01:33:47.684+0000][1][safepoint    ] Application time: 1.0002289 seconds
[2022-06-13T01:33:47.684+0000][1][safepoint    ] Entering safepoint region: Cleanup
[2022-06-13T01:33:47.685+0000][1][safepoint    ] Leaving safepoint region
[2022-06-13T01:33:47.686+0000][1][safepoint    ] Total time for which application threads were stopped: 0.0012756 seconds, Stopping threads took: 0.0005762 seconds
[2022-06-13T01:33:48.686+0000][1][safepoint    ] Application time: 1.0002905 seconds
[2022-06-13T01:33:48.688+0000][1][safepoint    ] Entering safepoint region: Cleanup
[2022-06-13T01:33:48.689+0000][1][safepoint    ] Leaving safepoint region
[2022-06-13T01:33:48.690+0000][1][safepoint    ] Total time for which application threads were stopped: 0.0020823 seconds, Stopping threads took: 0.0010905 seconds
[2022-06-13T01:33:49.691+0000][1][safepoint    ] Application time: 1.0002833 seconds
[2022-06-13T01:33:49.692+0000][1][safepoint    ] Entering safepoint region: Cleanup
[2022-06-13T01:33:49.693+0000][1][safepoint    ] Leaving safepoint region
[2022-06-13T01:33:49.694+0000][1][safepoint    ] Total time for which application threads were stopped: 0.0022143 seconds, Stopping threads took: 0.0012453 seconds
[2022-06-13T01:33:50.695+0000][1][safepoint    ] Application time: 1.0003206 seconds
[2022-06-13T01:33:50.696+0000][1][safepoint    ] Entering safepoint region: Cleanup
[2022-06-13T01:33:50.697+0000][1][safepoint    ] Leaving safepoint region
[2022-06-13T01:33:50.698+0000][1][safepoint    ] Total time for which application threads were stopped: 0.0019657 seconds, Stopping threads took: 0.0008482 seconds
[2022-06-13T01:33:51.699+0000][1][safepoint    ] Application time: 1.0004694 seconds
[2022-06-13T01:33:51.700+0000][1][safepoint    ] Entering safepoint region: Cleanup
[2022-06-13T01:33:51.701+0000][1][safepoint    ] Leaving safepoint region
[2022-06-13T01:33:51.702+0000][1][safepoint    ] Total time for which application threads were stopped: 0.0022005 seconds, Stopping threads took: 0.0009912 seconds
[2022-06-13T01:33:52.703+0000][1][safepoint    ] Application time: 1.0003462 seconds
[2022-06-13T01:33:52.704+0000][1][safepoint    ] Entering safepoint region: Cleanup
[2022-06-13T01:33:52.706+0000][1][safepoint    ] Leaving safepoint region
[2022-06-13T01:33:52.706+0000][1][safepoint    ] Total time for which application threads were stopped: 0.0020424 seconds, Stopping threads took: 0.0010274 seconds
[2022-06-13T01:33:53.707+0000][1][safepoint    ] Application time: 1.0003125 seconds
[2022-06-13T01:33:53.709+0000][1][safepoint    ] Entering safepoint region: Cleanup
[2022-06-13T01:33:53.709+0000][1][safepoint    ] Leaving safepoint region
[2022-06-13T01:33:53.710+0000][1][safepoint    ] Total time for which application threads were stopped: 0.0019476 seconds, Stopping threads took: 0.0007278 seconds
[2022-06-13T01:33:54.711+0000][1][safepoint    ] Application time: 1.0002934 seconds
[2022-06-13T01:33:54.712+0000][1][safepoint    ] Entering safepoint region: Cleanup
[2022-06-13T01:33:54.712+0000][1][safepoint    ] Leaving safepoint region
[2022-06-13T01:33:54.713+0000][1][safepoint    ] Total time for which application threads were stopped: 0.0008544 seconds, Stopping threads took: 0.0004082 seconds
[2022-06-13T01:33:55.713+0000][1][safepoint    ] Application time: 1.0003434 seconds
[2022-06-13T01:33:55.714+0000][1][safepoint    ] Entering safepoint region: Cleanup
[2022-06-13T01:33:55.715+0000][1][safepoint    ] Leaving safepoint region
[2022-06-13T01:33:55.715+0000][1][safepoint    ] Total time for which application threads were stopped: 0.0008676 seconds, Stopping threads took: 0.0004191 seconds
[2022-06-13T01:33:56.716+0000][1][safepoint    ] Application time: 1.0002433 seconds
[2022-06-13T01:33:56.716+0000][1][safepoint    ] Entering safepoint region: Cleanup
[2022-06-13T01:33:56.717+0000][1][safepoint    ] Leaving safepoint region
[2022-06-13T01:33:56.717+0000][1][safepoint    ] Total time for which application threads were stopped: 0.0010272 seconds, Stopping threads took: 0.0004503 seconds
[2022-06-13T01:33:57.718+0000][1][safepoint    ] Application time: 1.0003092 seconds
[2022-06-13T01:33:57.719+0000][1][safepoint    ] Entering safepoint region: Cleanup
[2022-06-13T01:33:57.720+0000][1][safepoint    ] Leaving safepoint region
[2022-06-13T01:33:57.722+0000][1][safepoint    ] Total time for which application threads were stopped: 0.0023700 seconds, Stopping threads took: 0.0009641 seconds
[2022-06-13T01:33:58.723+0000][1][safepoint    ] Application time: 1.0003121 seconds
[2022-06-13T01:33:58.724+0000][1][safepoint    ] Entering safepoint region: Cleanup
[2022-06-13T01:33:58.724+0000][1][safepoint    ] Leaving safepoint region
[2022-06-13T01:33:58.725+0000][1][safepoint    ] Total time for which application threads were stopped: 0.0012179 seconds, Stopping threads took: 0.0006448 seconds
[2022-06-13T01:33:59.726+0000][1][safepoint    ] Application time: 1.0002747 seconds
[2022-06-13T01:33:59.727+0000][1][safepoint    ] Entering safepoint region: Cleanup
[2022-06-13T01:33:59.728+0000][1][safepoint    ] Leaving safepoint region
[2022-06-13T01:33:59.729+0000][1][safepoint    ] Total time for which application threads were stopped: 0.0019569 seconds, Stopping threads took: 0.0006882 seconds
[2022-06-13T01:34:00.730+0000][1][safepoint    ] Application time: 1.0002977 seconds
[2022-06-13T01:34:00.731+0000][1][safepoint    ] Entering safepoint region: Cleanup
[2022-06-13T01:34:00.731+0000][1][safepoint    ] Leaving safepoint region
[2022-06-13T01:34:00.732+0000][1][safepoint    ] Total time for which application threads were stopped: 0.0014252 seconds, Stopping threads took: 0.0006385 seconds
[2022-06-13T01:34:01.733+0000][1][safepoint    ] Application time: 1.0002599 seconds
[2022-06-13T01:34:01.734+0000][1][safepoint    ] Entering safepoint region: Cleanup
[2022-06-13T01:34:01.735+0000][1][safepoint    ] Leaving safepoint region
[2022-06-13T01:34:01.735+0000][1][safepoint    ] Total time for which application threads were stopped: 0.0015375 seconds, Stopping threads took: 0.0007050 seconds
[2022-06-13T01:34:10.738+0000][1][safepoint    ] Application time: 9.0018567 seconds
[2022-06-13T01:34:10.738+0000][1][safepoint    ] Entering safepoint region: Cleanup
[2022-06-13T01:34:10.739+0000][1][safepoint    ] Leaving safepoint region
[2022-06-13T01:34:10.740+0000][1][safepoint    ] Total time for which application threads were stopped: 0.0018476 seconds, Stopping threads took: 0.0006166 seconds
[2022-06-13T01:34:13.742+0000][1][safepoint    ] Application time: 3.0007635 seconds
[2022-06-13T01:34:13.742+0000][1][safepoint    ] Entering safepoint region: Cleanup
[2022-06-13T01:34:13.743+0000][1][safepoint    ] Leaving safepoint region
[2022-06-13T01:34:13.743+0000][1][safepoint    ] Total time for which application threads were stopped: 0.0009451 seconds, Stopping threads took: 0.0004157 seconds
[2022-06-13T01:34:18.744+0000][1][safepoint    ] Application time: 5.0011579 seconds
[2022-06-13T01:34:18.745+0000][1][safepoint    ] Entering safepoint region: Cleanup
[2022-06-13T01:34:18.745+0000][1][safepoint    ] Leaving safepoint region
[2022-06-13T01:34:18.746+0000][1][safepoint    ] Total time for which application threads were stopped: 0.0009448 seconds, Stopping threads took: 0.0004232 seconds
[2022-06-13T01:34:19.634+0000][1][safepoint    ] Application time: 0.8883275 seconds
[2022-06-13T01:34:19.635+0000][1][safepoint    ] Entering safepoint region: GenCollectForAllocation
[2022-06-13T01:34:19.635+0000][1][gc,start     ] GC(22) Pause Young (Allocation Failure)
[2022-06-13T01:34:19.636+0000][1][gc,task      ] GC(22) Using 5 workers of 13 for evacuation
[2022-06-13T01:34:19.645+0000][1][gc,age       ] GC(22) Desired survivor size 4456448 bytes, new threshold 2 (max threshold 6)
[2022-06-13T01:34:19.645+0000][1][gc,age       ] GC(22) Age table with threshold 2 (max threshold 6)
[2022-06-13T01:34:19.646+0000][1][gc,age       ] GC(22) - age   1:    1369552 bytes,    1369552 total
[2022-06-13T01:34:19.647+0000][1][gc,age       ] GC(22) - age   2:    3668432 bytes,    5037984 total
[2022-06-13T01:34:19.647+0000][1][gc,heap      ] GC(22) ParNew: 77716K->6971K(78656K)
[2022-06-13T01:34:19.647+0000][1][gc,heap      ] GC(22) CMS: 62727K->64130K(174784K)
[2022-06-13T01:34:19.648+0000][1][gc,metaspace ] GC(22) Metaspace: 64716K->64716K(1107968K)
[2022-06-13T01:34:19.648+0000][1][gc           ] GC(22) Pause Young (Allocation Failure) 137M->69M(247M) 12.561ms
[2022-06-13T01:34:19.649+0000][1][gc,cpu       ] GC(22) User=0.04s Sys=0.00s Real=0.01s
[2022-06-13T01:34:19.649+0000][1][safepoint    ] Leaving safepoint region
[2022-06-13T01:34:19.650+0000][1][safepoint    ] Total time for which application threads were stopped: 0.0148046 seconds, Stopping threads took: 0.0003972 seconds
[2022-06-13T01:34:20.650+0000][1][safepoint    ] Application time: 1.0001788 seconds
[2022-06-13T01:34:20.651+0000][1][safepoint    ] Entering safepoint region: Cleanup
[2022-06-13T01:34:20.651+0000][1][safepoint    ] Leaving safepoint region
[2022-06-13T01:34:20.651+0000][1][safepoint    ] Total time for which application threads were stopped: 0.0007858 seconds, Stopping threads took: 0.0004223 seconds
[2022-06-13T01:34:21.652+0000][1][safepoint    ] Application time: 1.0002085 seconds
[2022-06-13T01:34:21.652+0000][1][safepoint    ] Entering safepoint region: Cleanup
[2022-06-13T01:34:21.653+0000][1][safepoint    ] Leaving safepoint region
[2022-06-13T01:34:21.653+0000][1][safepoint    ] Total time for which application threads were stopped: 0.0011519 seconds, Stopping threads took: 0.0006670 seconds
[2022-06-13T01:34:22.654+0000][1][safepoint    ] Application time: 1.0003626 seconds
[2022-06-13T01:34:22.655+0000][1][safepoint    ] Entering safepoint region: Cleanup
[2022-06-13T01:34:22.655+0000][1][safepoint    ] Leaving safepoint region
[2022-06-13T01:34:22.656+0000][1][safepoint    ] Total time for which application threads were stopped: 0.0009675 seconds, Stopping threads took: 0.0004637 seconds
[2022-06-13T01:34:23.656+0000][1][safepoint    ] Application time: 1.0003987 seconds
[2022-06-13T01:34:23.657+0000][1][safepoint    ] Entering safepoint region: Cleanup
[2022-06-13T01:34:23.658+0000][1][safepoint    ] Leaving safepoint region
[2022-06-13T01:34:23.658+0000][1][safepoint    ] Total time for which application threads were stopped: 0.0010860 seconds, Stopping threads took: 0.0004490 seconds
[2022-06-13T01:34:24.659+0000][1][safepoint    ] Application time: 1.0002525 seconds
[2022-06-13T01:34:24.660+0000][1][safepoint    ] Entering safepoint region: Cleanup
[2022-06-13T01:34:24.660+0000][1][safepoint    ] Leaving safepoint region
[2022-06-13T01:34:24.661+0000][1][safepoint    ] Total time for which application threads were stopped: 0.0009710 seconds, Stopping threads took: 0.0005743 seconds
[2022-06-13T01:34:25.661+0000][1][safepoint    ] Application time: 1.0002904 seconds
[2022-06-13T01:34:25.662+0000][1][safepoint    ] Entering safepoint region: Cleanup
[2022-06-13T01:34:25.663+0000][1][safepoint    ] Leaving safepoint region
[2022-06-13T01:34:25.663+0000][1][safepoint    ] Total time for which application threads were stopped: 0.0011929 seconds, Stopping threads took: 0.0005390 seconds
[2022-06-13T01:34:26.664+0000][1][safepoint    ] Application time: 1.0003128 seconds
[2022-06-13T01:34:26.665+0000][1][safepoint    ] Entering safepoint region: Cleanup
[2022-06-13T01:34:26.666+0000][1][safepoint    ] Leaving safepoint region
[2022-06-13T01:34:26.666+0000][1][safepoint    ] Total time for which application threads were stopped: 0.0012979 seconds, Stopping threads took: 0.0006379 seconds
[2022-06-13T01:34:27.667+0000][1][safepoint    ] Application time: 1.0003685 seconds
[2022-06-13T01:34:27.668+0000][1][safepoint    ] Entering safepoint region: Cleanup
[2022-06-13T01:34:27.669+0000][1][safepoint    ] Leaving safepoint region
[2022-06-13T01:34:27.670+0000][1][safepoint    ] Total time for which application threads were stopped: 0.0015275 seconds, Stopping threads took: 0.0006051 seconds
[2022-06-13T01:34:28.671+0000][1][safepoint    ] Application time: 1.0001565 seconds
[2022-06-13T01:34:28.671+0000][1][safepoint    ] Entering safepoint region: Cleanup
[2022-06-13T01:34:28.672+0000][1][safepoint    ] Leaving safepoint region
[2022-06-13T01:34:28.672+0000][1][safepoint    ] Total time for which application threads were stopped: 0.0008718 seconds, Stopping threads took: 0.0005474 seconds
[2022-06-13T01:34:29.673+0000][1][safepoint    ] Application time: 1.0003595 seconds
[2022-06-13T01:34:29.674+0000][1][safepoint    ] Entering safepoint region: Cleanup
[2022-06-13T01:34:29.674+0000][1][safepoint    ] Leaving safepoint region
[2022-06-13T01:34:29.675+0000][1][safepoint    ] Total time for which application threads were stopped: 0.0012390 seconds, Stopping threads took: 0.0006006 seconds
[2022-06-13T01:34:30.676+0000][1][safepoint    ] Application time: 1.0001347 seconds
[2022-06-13T01:34:30.677+0000][1][safepoint    ] Entering safepoint region: Cleanup
[2022-06-13T01:34:30.677+0000][1][safepoint    ] Leaving safepoint region
[2022-06-13T01:34:30.678+0000][1][safepoint    ] Total time for which application threads were stopped: 0.0011085 seconds, Stopping threads took: 0.0006854 seconds
[2022-06-13T01:34:31.678+0000][1][safepoint    ] Application time: 1.0001734 seconds
[2022-06-13T01:34:31.679+0000][1][safepoint    ] Entering safepoint region: Cleanup
[2022-06-13T01:34:31.680+0000][1][safepoint    ] Leaving safepoint region
[2022-06-13T01:34:31.680+0000][1][safepoint    ] Total time for which application threads were stopped: 0.0013256 seconds, Stopping threads took: 0.0006730 seconds
[2022-06-13T01:34:32.681+0000][1][safepoint    ] Application time: 1.0002728 seconds
[2022-06-13T01:34:32.682+0000][1][safepoint    ] Entering safepoint region: Cleanup
[2022-06-13T01:34:32.682+0000][1][safepoint    ] Leaving safepoint region
[2022-06-13T01:34:32.683+0000][1][safepoint    ] Total time for which application threads were stopped: 0.0009935 seconds, Stopping threads took: 0.0004175 seconds
[2022-06-13T01:34:33.684+0000][1][safepoint    ] Application time: 1.0002311 seconds
[2022-06-13T01:34:33.684+0000][1][safepoint    ] Entering safepoint region: Cleanup
[2022-06-13T01:34:33.685+0000][1][safepoint    ] Leaving safepoint region
[2022-06-13T01:34:33.686+0000][1][safepoint    ] Total time for which application threads were stopped: 0.0011357 seconds, Stopping threads took: 0.0004303 seconds
[2022-06-13T01:34:34.686+0000][1][safepoint    ] Application time: 1.0003395 seconds
[2022-06-13T01:34:34.687+0000][1][safepoint    ] Entering safepoint region: Cleanup
[2022-06-13T01:34:34.687+0000][1][safepoint    ] Leaving safepoint region
[2022-06-13T01:34:34.688+0000][1][safepoint    ] Total time for which application threads were stopped: 0.0008728 seconds, Stopping threads took: 0.0002988 seconds
[2022-06-13T01:34:35.689+0000][1][safepoint    ] Application time: 1.0002079 seconds
[2022-06-13T01:34:35.689+0000][1][safepoint    ] Entering safepoint region: Cleanup
[2022-06-13T01:34:35.689+0000][1][safepoint    ] Leaving safepoint region
[2022-06-13T01:34:35.690+0000][1][safepoint    ] Total time for which application threads were stopped: 0.0007094 seconds, Stopping threads took: 0.0001921 seconds
[2022-06-13T01:34:36.690+0000][1][safepoint    ] Application time: 1.0001418 seconds
[2022-06-13T01:34:36.691+0000][1][safepoint    ] Entering safepoint region: Cleanup
[2022-06-13T01:34:36.693+0000][1][safepoint    ] Leaving safepoint region
[2022-06-13T01:34:36.694+0000][1][safepoint    ] Total time for which application threads were stopped: 0.0023633 seconds, Stopping threads took: 0.0008920 seconds
[2022-06-13T01:34:37.695+0000][1][safepoint    ] Application time: 1.0003296 seconds
[2022-06-13T01:34:37.695+0000][1][safepoint    ] Entering safepoint region: Cleanup
[2022-06-13T01:34:37.696+0000][1][safepoint    ] Leaving safepoint region
[2022-06-13T01:34:37.696+0000][1][safepoint    ] Total time for which application threads were stopped: 0.0008253 seconds, Stopping threads took: 0.0003663 seconds
[2022-06-13T01:34:38.697+0000][1][safepoint    ] Application time: 1.0001498 seconds
[2022-06-13T01:34:38.697+0000][1][safepoint    ] Entering safepoint region: Cleanup
[2022-06-13T01:34:38.698+0000][1][safepoint    ] Leaving safepoint region
[2022-06-13T01:34:38.698+0000][1][safepoint    ] Total time for which application threads were stopped: 0.0006413 seconds, Stopping threads took: 0.0001594 seconds
[2022-06-13T01:34:39.698+0000][1][safepoint    ] Application time: 1.0001439 seconds
[2022-06-13T01:34:39.699+0000][1][safepoint    ] Entering safepoint region: Cleanup
[2022-06-13T01:34:39.699+0000][1][safepoint    ] Leaving safepoint region
[2022-06-13T01:34:39.700+0000][1][safepoint    ] Total time for which application threads were stopped: 0.0010636 seconds, Stopping threads took: 0.0003015 seconds
[2022-06-13T01:34:40.700+0000][1][safepoint    ] Application time: 1.0002151 seconds
[2022-06-13T01:34:40.701+0000][1][safepoint    ] Entering safepoint region: Cleanup
[2022-06-13T01:34:40.702+0000][1][safepoint    ] Leaving safepoint region
[2022-06-13T01:34:40.703+0000][1][safepoint    ] Total time for which application threads were stopped: 0.0011272 seconds, Stopping threads took: 0.0005402 seconds
[2022-06-13T01:34:41.703+0000][1][safepoint    ] Application time: 1.0003360 seconds
[2022-06-13T01:34:41.704+0000][1][safepoint    ] Entering safepoint region: Cleanup
[2022-06-13T01:34:41.705+0000][1][safepoint    ] Leaving safepoint region
[2022-06-13T01:34:41.706+0000][1][safepoint    ] Total time for which application threads were stopped: 0.0018528 seconds, Stopping threads took: 0.0008312 seconds
[2022-06-13T01:34:42.707+0000][1][safepoint    ] Application time: 1.0003107 seconds
[2022-06-13T01:34:42.708+0000][1][safepoint    ] Entering safepoint region: Cleanup
[2022-06-13T01:34:42.709+0000][1][safepoint    ] Leaving safepoint region
[2022-06-13T01:34:42.709+0000][1][safepoint    ] Total time for which application threads were stopped: 0.0012561 seconds, Stopping threads took: 0.0005385 seconds
[2022-06-13T01:34:46.710+0000][1][safepoint    ] Application time: 4.0007882 seconds
[2022-06-13T01:34:46.711+0000][1][safepoint    ] Entering safepoint region: Cleanup
[2022-06-13T01:34:46.712+0000][1][safepoint    ] Leaving safepoint region
[2022-06-13T01:34:46.712+0000][1][safepoint    ] Total time for which application threads were stopped: 0.0013667 seconds, Stopping threads took: 0.0006074 seconds
[2022-06-13T01:34:47.713+0000][1][safepoint    ] Application time: 1.0001463 seconds
[2022-06-13T01:34:47.714+0000][1][safepoint    ] Entering safepoint region: Cleanup
[2022-06-13T01:34:47.714+0000][1][safepoint    ] Leaving safepoint region
[2022-06-13T01:34:47.715+0000][1][safepoint    ] Total time for which application threads were stopped: 0.0010972 seconds, Stopping threads took: 0.0006436 seconds
[2022-06-13T01:34:51.717+0000][1][safepoint    ] Application time: 4.0013994 seconds
[2022-06-13T01:34:51.718+0000][1][safepoint    ] Entering safepoint region: Cleanup
[2022-06-13T01:34:51.719+0000][1][safepoint    ] Leaving safepoint region
[2022-06-13T01:34:51.719+0000][1][safepoint    ] Total time for which application threads were stopped: 0.0008151 seconds, Stopping threads took: 0.0004140 seconds
[2022-06-13T01:34:54.720+0000][1][safepoint    ] Application time: 3.0005039 seconds
[2022-06-13T01:34:54.720+0000][1][safepoint    ] Entering safepoint region: Cleanup
[2022-06-13T01:34:54.721+0000][1][safepoint    ] Leaving safepoint region
[2022-06-13T01:34:54.722+0000][1][safepoint    ] Total time for which application threads were stopped: 0.0011442 seconds, Stopping threads took: 0.0005038 seconds
[2022-06-13T01:34:56.722+0000][1][safepoint    ] Application time: 2.0003644 seconds
[2022-06-13T01:34:56.723+0000][1][safepoint    ] Entering safepoint region: Cleanup
[2022-06-13T01:34:56.724+0000][1][safepoint    ] Leaving safepoint region
[2022-06-13T01:34:56.724+0000][1][safepoint    ] Total time for which application threads were stopped: 0.0012050 seconds, Stopping threads took: 0.0005397 seconds
[2022-06-13T01:35:01.726+0000][1][safepoint    ] Application time: 5.0011885 seconds
[2022-06-13T01:35:01.727+0000][1][safepoint    ] Entering safepoint region: Cleanup
[2022-06-13T01:35:01.728+0000][1][safepoint    ] Leaving safepoint region
[2022-06-13T01:35:01.728+0000][1][safepoint    ] Total time for which application threads were stopped: 0.0014422 seconds, Stopping threads took: 0.0006676 seconds
[2022-06-13T01:35:03.730+0000][1][safepoint    ] Application time: 2.0007131 seconds
[2022-06-13T01:35:03.731+0000][1][safepoint    ] Entering safepoint region: Cleanup
[2022-06-13T01:35:03.732+0000][1][safepoint    ] Leaving safepoint region
[2022-06-13T01:35:03.732+0000][1][safepoint    ] Total time for which application threads were stopped: 0.0017981 seconds, Stopping threads took: 0.0007831 seconds
[2022-06-13T01:35:04.733+0000][1][safepoint    ] Application time: 1.0002525 seconds
[2022-06-13T01:35:04.734+0000][1][safepoint    ] Entering safepoint region: Cleanup
[2022-06-13T01:35:04.734+0000][1][safepoint    ] Leaving safepoint region
[2022-06-13T01:35:04.735+0000][1][safepoint    ] Total time for which application threads were stopped: 0.0013499 seconds, Stopping threads took: 0.0005759 seconds
[2022-06-13T01:35:05.736+0000][1][safepoint    ] Application time: 1.0003520 seconds
[2022-06-13T01:35:05.737+0000][1][safepoint    ] Entering safepoint region: Cleanup
[2022-06-13T01:35:05.738+0000][1][safepoint    ] Leaving safepoint region
[2022-06-13T01:35:05.739+0000][1][safepoint    ] Total time for which application threads were stopped: 0.0021254 seconds, Stopping threads took: 0.0010574 seconds
[2022-06-13T01:35:06.740+0000][1][safepoint    ] Application time: 1.0003545 seconds
[2022-06-13T01:35:06.741+0000][1][safepoint    ] Entering safepoint region: Cleanup
[2022-06-13T01:35:06.742+0000][1][safepoint    ] Leaving safepoint region
[2022-06-13T01:35:06.742+0000][1][safepoint    ] Total time for which application threads were stopped: 0.0015139 seconds, Stopping threads took: 0.0006189 seconds
[2022-06-13T01:35:07.744+0000][1][safepoint    ] Application time: 1.0003334 seconds
[2022-06-13T01:35:07.744+0000][1][safepoint    ] Entering safepoint region: Cleanup
[2022-06-13T01:35:07.745+0000][1][safepoint    ] Leaving safepoint region
[2022-06-13T01:35:07.746+0000][1][safepoint    ] Total time for which application threads were stopped: 0.0013111 seconds, Stopping threads took: 0.0006039 seconds
[2022-06-13T01:35:08.747+0000][1][safepoint    ] Application time: 1.0002103 seconds
[2022-06-13T01:35:08.747+0000][1][safepoint    ] Entering safepoint region: Cleanup
[2022-06-13T01:35:08.748+0000][1][safepoint    ] Leaving safepoint region
[2022-06-13T01:35:08.749+0000][1][safepoint    ] Total time for which application threads were stopped: 0.0015675 seconds, Stopping threads took: 0.0006658 seconds
[2022-06-13T01:35:09.750+0000][1][safepoint    ] Application time: 1.0001842 seconds
[2022-06-13T01:35:09.751+0000][1][safepoint    ] Entering safepoint region: Cleanup
[2022-06-13T01:35:09.752+0000][1][safepoint    ] Leaving safepoint region
[2022-06-13T01:35:09.753+0000][1][safepoint    ] Total time for which application threads were stopped: 0.0019740 seconds, Stopping threads took: 0.0011104 seconds
[2022-06-13T01:35:10.753+0000][1][safepoint    ] Application time: 1.0002811 seconds
[2022-06-13T01:35:10.754+0000][1][safepoint    ] Entering safepoint region: Cleanup
[2022-06-13T01:35:10.755+0000][1][safepoint    ] Leaving safepoint region
[2022-06-13T01:35:10.756+0000][1][safepoint    ] Total time for which application threads were stopped: 0.0012640 seconds, Stopping threads took: 0.0005750 seconds
[2022-06-13T01:35:11.756+0000][1][safepoint    ] Application time: 1.0003516 seconds
[2022-06-13T01:35:11.758+0000][1][safepoint    ] Entering safepoint region: Cleanup
[2022-06-13T01:35:11.759+0000][1][safepoint    ] Leaving safepoint region
[2022-06-13T01:35:11.760+0000][1][safepoint    ] Total time for which application threads were stopped: 0.0022122 seconds, Stopping threads took: 0.0008209 seconds
[2022-06-13T01:35:12.761+0000][1][safepoint    ] Application time: 1.0003014 seconds
[2022-06-13T01:35:12.762+0000][1][safepoint    ] Entering safepoint region: Cleanup
[2022-06-13T01:35:12.763+0000][1][safepoint    ] Leaving safepoint region
[2022-06-13T01:35:12.764+0000][1][safepoint    ] Total time for which application threads were stopped: 0.0014601 seconds, Stopping threads took: 0.0006111 seconds
[2022-06-13T01:35:13.765+0000][1][safepoint    ] Application time: 1.0003480 seconds
[2022-06-13T01:35:13.766+0000][1][safepoint    ] Entering safepoint region: Cleanup
[2022-06-13T01:35:13.767+0000][1][safepoint    ] Leaving safepoint region
[2022-06-13T01:35:13.767+0000][1][safepoint    ] Total time for which application threads were stopped: 0.0016086 seconds, Stopping threads took: 0.0006494 seconds
[2022-06-13T01:35:14.768+0000][1][safepoint    ] Application time: 1.0001868 seconds
[2022-06-13T01:35:14.769+0000][1][safepoint    ] Entering safepoint region: Cleanup
[2022-06-13T01:35:14.769+0000][1][safepoint    ] Leaving safepoint region
[2022-06-13T01:35:14.770+0000][1][safepoint    ] Total time for which application threads were stopped: 0.0008207 seconds, Stopping threads took: 0.0003004 seconds
[2022-06-13T01:35:15.770+0000][1][safepoint    ] Application time: 1.0003125 seconds
[2022-06-13T01:35:15.771+0000][1][safepoint    ] Entering safepoint region: Cleanup
[2022-06-13T01:35:15.772+0000][1][safepoint    ] Leaving safepoint region
[2022-06-13T01:35:15.773+0000][1][safepoint    ] Total time for which application threads were stopped: 0.0017511 seconds, Stopping threads took: 0.0008021 seconds
[2022-06-13T01:35:16.774+0000][1][safepoint    ] Application time: 1.0003353 seconds
[2022-06-13T01:35:16.775+0000][1][safepoint    ] Entering safepoint region: Cleanup
[2022-06-13T01:35:16.775+0000][1][safepoint    ] Leaving safepoint region
[2022-06-13T01:35:16.776+0000][1][safepoint    ] Total time for which application threads were stopped: 0.0010295 seconds, Stopping threads took: 0.0004987 seconds
[2022-06-13T01:35:17.776+0000][1][safepoint    ] Application time: 1.0003549 seconds
[2022-06-13T01:35:17.777+0000][1][safepoint    ] Entering safepoint region: Cleanup
[2022-06-13T01:35:17.778+0000][1][safepoint    ] Leaving safepoint region
[2022-06-13T01:35:17.779+0000][1][safepoint    ] Total time for which application threads were stopped: 0.0015314 seconds, Stopping threads took: 0.0005733 seconds
[2022-06-13T01:35:18.780+0000][1][safepoint    ] Application time: 1.0001964 seconds
[2022-06-13T01:35:18.780+0000][1][safepoint    ] Entering safepoint region: Cleanup
[2022-06-13T01:35:18.781+0000][1][safepoint    ] Leaving safepoint region
[2022-06-13T01:35:18.781+0000][1][safepoint    ] Total time for which application threads were stopped: 0.0009966 seconds, Stopping threads took: 0.0005272 seconds
[2022-06-13T01:35:19.782+0000][1][safepoint    ] Application time: 1.0001649 seconds
[2022-06-13T01:35:19.782+0000][1][safepoint    ] Entering safepoint region: Cleanup
[2022-06-13T01:35:19.783+0000][1][safepoint    ] Leaving safepoint region
[2022-06-13T01:35:19.784+0000][1][safepoint    ] Total time for which application threads were stopped: 0.0014482 seconds, Stopping threads took: 0.0005864 seconds
[2022-06-13T01:35:20.784+0000][1][safepoint    ] Application time: 1.0001923 seconds
[2022-06-13T01:35:20.785+0000][1][safepoint    ] Entering safepoint region: Cleanup
[2022-06-13T01:35:20.785+0000][1][safepoint    ] Leaving safepoint region
[2022-06-13T01:35:20.786+0000][1][safepoint    ] Total time for which application threads were stopped: 0.0007584 seconds, Stopping threads took: 0.0003176 seconds
[2022-06-13T01:35:21.786+0000][1][safepoint    ] Application time: 1.0001659 seconds
[2022-06-13T01:35:21.787+0000][1][safepoint    ] Entering safepoint region: Cleanup
[2022-06-13T01:35:21.788+0000][1][safepoint    ] Leaving safepoint region
[2022-06-13T01:35:21.788+0000][1][safepoint    ] Total time for which application threads were stopped: 0.0008459 seconds, Stopping threads took: 0.0005063 seconds
[2022-06-13T01:35:22.788+0000][1][safepoint    ] Application time: 1.0002417 seconds
[2022-06-13T01:35:22.789+0000][1][safepoint    ] Entering safepoint region: Cleanup
[2022-06-13T01:35:22.789+0000][1][safepoint    ] Leaving safepoint region
[2022-06-13T01:35:22.790+0000][1][safepoint    ] Total time for which application threads were stopped: 0.0013835 seconds, Stopping threads took: 0.0004370 seconds
[2022-06-13T01:35:23.791+0000][1][safepoint    ] Application time: 1.0002506 seconds
[2022-06-13T01:35:23.792+0000][1][safepoint    ] Entering safepoint region: Cleanup
[2022-06-13T01:35:23.792+0000][1][safepoint    ] Leaving safepoint region
[2022-06-13T01:35:23.793+0000][1][safepoint    ] Total time for which application threads were stopped: 0.0008925 seconds, Stopping threads took: 0.0003782 seconds
[2022-06-13T01:35:24.793+0000][1][safepoint    ] Application time: 1.0002398 seconds
[2022-06-13T01:35:24.794+0000][1][safepoint    ] Entering safepoint region: Cleanup
[2022-06-13T01:35:24.795+0000][1][safepoint    ] Leaving safepoint region
[2022-06-13T01:35:24.795+0000][1][safepoint    ] Total time for which application threads were stopped: 0.0011844 seconds, Stopping threads took: 0.0004826 seconds
[2022-06-13T01:35:25.796+0000][1][safepoint    ] Application time: 1.0004495 seconds
[2022-06-13T01:35:25.797+0000][1][safepoint    ] Entering safepoint region: Cleanup
[2022-06-13T01:35:25.798+0000][1][safepoint    ] Leaving safepoint region
[2022-06-13T01:35:25.798+0000][1][safepoint    ] Total time for which application threads were stopped: 0.0014445 seconds, Stopping threads took: 0.0006768 seconds
[2022-06-13T01:35:26.799+0000][1][safepoint    ] Application time: 1.0002045 seconds
[2022-06-13T01:35:26.799+0000][1][safepoint    ] Entering safepoint region: Cleanup
[2022-06-13T01:35:26.800+0000][1][safepoint    ] Leaving safepoint region
[2022-06-13T01:35:26.800+0000][1][safepoint    ] Total time for which application threads were stopped: 0.0010375 seconds, Stopping threads took: 0.0004966 seconds
[2022-06-13T01:35:27.801+0000][1][safepoint    ] Application time: 1.0002866 seconds
[2022-06-13T01:35:27.802+0000][1][safepoint    ] Entering safepoint region: Cleanup
[2022-06-13T01:35:27.802+0000][1][safepoint    ] Leaving safepoint region
[2022-06-13T01:35:27.803+0000][1][safepoint    ] Total time for which application threads were stopped: 0.0008103 seconds, Stopping threads took: 0.0003360 seconds
[2022-06-13T01:35:28.803+0000][1][safepoint    ] Application time: 1.0002386 seconds
[2022-06-13T01:35:28.804+0000][1][safepoint    ] Entering safepoint region: Cleanup
[2022-06-13T01:35:28.804+0000][1][safepoint    ] Leaving safepoint region
[2022-06-13T01:35:28.805+0000][1][safepoint    ] Total time for which application threads were stopped: 0.0009155 seconds, Stopping threads took: 0.0004539 seconds
[2022-06-13T01:35:29.805+0000][1][safepoint    ] Application time: 1.0002527 seconds
[2022-06-13T01:35:29.806+0000][1][safepoint    ] Entering safepoint region: Cleanup
[2022-06-13T01:35:29.806+0000][1][safepoint    ] Leaving safepoint region
[2022-06-13T01:35:29.807+0000][1][safepoint    ] Total time for which application threads were stopped: 0.0010900 seconds, Stopping threads took: 0.0006266 seconds
[2022-06-13T01:35:30.807+0000][1][safepoint    ] Application time: 1.0002766 seconds
[2022-06-13T01:35:30.808+0000][1][safepoint    ] Entering safepoint region: Cleanup
[2022-06-13T01:35:30.809+0000][1][safepoint    ] Leaving safepoint region
[2022-06-13T01:35:30.809+0000][1][safepoint    ] Total time for which application threads were stopped: 0.0011441 seconds, Stopping threads took: 0.0003843 seconds
[2022-06-13T01:35:31.810+0000][1][safepoint    ] Application time: 1.0002868 seconds
[2022-06-13T01:35:31.810+0000][1][safepoint    ] Entering safepoint region: Cleanup
[2022-06-13T01:35:31.811+0000][1][safepoint    ] Leaving safepoint region
[2022-06-13T01:35:31.811+0000][1][safepoint    ] Total time for which application threads were stopped: 0.0004044 seconds, Stopping threads took: 0.0001631 seconds
[2022-06-13T01:35:32.811+0000][1][safepoint    ] Application time: 1.0003237 seconds
[2022-06-13T01:35:32.812+0000][1][safepoint    ] Entering safepoint region: Cleanup
[2022-06-13T01:35:32.813+0000][1][safepoint    ] Leaving safepoint region
[2022-06-13T01:35:32.814+0000][1][safepoint    ] Total time for which application threads were stopped: 0.0014380 seconds, Stopping threads took: 0.0005692 seconds
[2022-06-13T01:35:33.814+0000][1][safepoint    ] Application time: 1.0001683 seconds
[2022-06-13T01:35:33.815+0000][1][safepoint    ] Entering safepoint region: Cleanup
[2022-06-13T01:35:33.815+0000][1][safepoint    ] Leaving safepoint region
[2022-06-13T01:35:33.815+0000][1][safepoint    ] Total time for which application threads were stopped: 0.0005480 seconds, Stopping threads took: 0.0002377 seconds
[2022-06-13T01:35:34.816+0000][1][safepoint    ] Application time: 1.0002566 seconds
[2022-06-13T01:35:34.817+0000][1][safepoint    ] Entering safepoint region: Cleanup
[2022-06-13T01:35:34.818+0000][1][safepoint    ] Leaving safepoint region
[2022-06-13T01:35:34.818+0000][1][safepoint    ] Total time for which application threads were stopped: 0.0015776 seconds, Stopping threads took: 0.0006195 seconds
[2022-06-13T01:35:35.819+0000][1][safepoint    ] Application time: 1.0001743 seconds
[2022-06-13T01:35:35.820+0000][1][safepoint    ] Entering safepoint region: Cleanup
[2022-06-13T01:35:35.820+0000][1][safepoint    ] Leaving safepoint region
[2022-06-13T01:35:35.821+0000][1][safepoint    ] Total time for which application threads were stopped: 0.0011616 seconds, Stopping threads took: 0.0005253 seconds
[2022-06-13T01:35:36.822+0000][1][safepoint    ] Application time: 1.0002072 seconds
[2022-06-13T01:35:36.823+0000][1][safepoint    ] Entering safepoint region: Cleanup
[2022-06-13T01:35:36.824+0000][1][safepoint    ] Leaving safepoint region
[2022-06-13T01:35:36.824+0000][1][safepoint    ] Total time for which application threads were stopped: 0.0016810 seconds, Stopping threads took: 0.0008140 seconds
[2022-06-13T01:35:37.825+0000][1][safepoint    ] Application time: 1.0002358 seconds
[2022-06-13T01:35:37.826+0000][1][safepoint    ] Entering safepoint region: Cleanup
[2022-06-13T01:35:37.826+0000][1][safepoint    ] Leaving safepoint region
[2022-06-13T01:35:37.826+0000][1][safepoint    ] Total time for which application threads were stopped: 0.0005898 seconds, Stopping threads took: 0.0003060 seconds
[2022-06-13T01:35:38.827+0000][1][safepoint    ] Application time: 1.0003228 seconds
[2022-06-13T01:35:38.828+0000][1][safepoint    ] Entering safepoint region: Cleanup
[2022-06-13T01:35:38.829+0000][1][safepoint    ] Leaving safepoint region
[2022-06-13T01:35:38.829+0000][1][safepoint    ] Total time for which application threads were stopped: 0.0014681 seconds, Stopping threads took: 0.0006961 seconds
[2022-06-13T01:35:39.830+0000][1][safepoint    ] Application time: 1.0002403 seconds
[2022-06-13T01:35:39.831+0000][1][safepoint    ] Entering safepoint region: Cleanup
[2022-06-13T01:35:39.831+0000][1][safepoint    ] Leaving safepoint region
[2022-06-13T01:35:39.831+0000][1][safepoint    ] Total time for which application threads were stopped: 0.0007062 seconds, Stopping threads took: 0.0003015 seconds
[2022-06-13T01:35:40.832+0000][1][safepoint    ] Application time: 1.0001801 seconds
[2022-06-13T01:35:40.833+0000][1][safepoint    ] Entering safepoint region: Cleanup
[2022-06-13T01:35:40.833+0000][1][safepoint    ] Leaving safepoint region
[2022-06-13T01:35:40.834+0000][1][safepoint    ] Total time for which application threads were stopped: 0.0009242 seconds, Stopping threads took: 0.0005241 seconds
[2022-06-13T01:35:41.834+0000][1][safepoint    ] Application time: 1.0002502 seconds
[2022-06-13T01:35:41.835+0000][1][safepoint    ] Entering safepoint region: Cleanup
[2022-06-13T01:35:41.835+0000][1][safepoint    ] Leaving safepoint region
[2022-06-13T01:35:41.836+0000][1][safepoint    ] Total time for which application threads were stopped: 0.0007648 seconds, Stopping threads took: 0.0003560 seconds
[2022-06-13T01:35:42.836+0000][1][safepoint    ] Application time: 1.0001620 seconds
[2022-06-13T01:35:42.837+0000][1][safepoint    ] Entering safepoint region: Cleanup
[2022-06-13T01:35:42.838+0000][1][safepoint    ] Leaving safepoint region
[2022-06-13T01:35:42.838+0000][1][safepoint    ] Total time for which application threads were stopped: 0.0010158 seconds, Stopping threads took: 0.0007010 seconds
[2022-06-13T01:35:43.838+0000][1][safepoint    ] Application time: 1.0003039 seconds
[2022-06-13T01:35:43.839+0000][1][safepoint    ] Entering safepoint region: Cleanup
[2022-06-13T01:35:43.840+0000][1][safepoint    ] Leaving safepoint region
[2022-06-13T01:35:43.840+0000][1][safepoint    ] Total time for which application threads were stopped: 0.0011922 seconds, Stopping threads took: 0.0005856 seconds
[2022-06-13T01:35:44.841+0000][1][safepoint    ] Application time: 1.0002003 seconds
[2022-06-13T01:35:44.842+0000][1][safepoint    ] Entering safepoint region: Cleanup
[2022-06-13T01:35:44.842+0000][1][safepoint    ] Leaving safepoint region
[2022-06-13T01:35:44.843+0000][1][safepoint    ] Total time for which application threads were stopped: 0.0011080 seconds, Stopping threads took: 0.0006113 seconds
[2022-06-13T01:35:45.843+0000][1][safepoint    ] Application time: 1.0002227 seconds
[2022-06-13T01:35:45.844+0000][1][safepoint    ] Entering safepoint region: Cleanup
[2022-06-13T01:35:45.845+0000][1][safepoint    ] Leaving safepoint region
[2022-06-13T01:35:45.845+0000][1][safepoint    ] Total time for which application threads were stopped: 0.0012916 seconds, Stopping threads took: 0.0005871 seconds
[2022-06-13T01:35:46.846+0000][1][safepoint    ] Application time: 1.0001768 seconds
[2022-06-13T01:35:46.847+0000][1][safepoint    ] Entering safepoint region: Cleanup
[2022-06-13T01:35:46.847+0000][1][safepoint    ] Leaving safepoint region
[2022-06-13T01:35:46.847+0000][1][safepoint    ] Total time for which application threads were stopped: 0.0007097 seconds, Stopping threads took: 0.0002523 seconds
[2022-06-13T01:35:47.848+0000][1][safepoint    ] Application time: 1.0001939 seconds
[2022-06-13T01:35:47.848+0000][1][safepoint    ] Entering safepoint region: Cleanup
[2022-06-13T01:35:47.849+0000][1][safepoint    ] Leaving safepoint region
[2022-06-13T01:35:47.849+0000][1][safepoint    ] Total time for which application threads were stopped: 0.0006127 seconds, Stopping threads took: 0.0003041 seconds
[2022-06-13T01:35:48.849+0000][1][safepoint    ] Application time: 1.0002299 seconds
[2022-06-13T01:35:48.851+0000][1][safepoint    ] Entering safepoint region: Cleanup
[2022-06-13T01:35:48.852+0000][1][safepoint    ] Leaving safepoint region
[2022-06-13T01:35:48.852+0000][1][safepoint    ] Total time for which application threads were stopped: 0.0018217 seconds, Stopping threads took: 0.0008268 seconds
[2022-06-13T01:35:49.853+0000][1][safepoint    ] Application time: 1.0002198 seconds
[2022-06-13T01:35:49.854+0000][1][safepoint    ] Entering safepoint region: Cleanup
[2022-06-13T01:35:49.855+0000][1][safepoint    ] Leaving safepoint region
[2022-06-13T01:35:49.856+0000][1][safepoint    ] Total time for which application threads were stopped: 0.0015252 seconds, Stopping threads took: 0.0006451 seconds
[2022-06-13T01:35:50.857+0000][1][safepoint    ] Application time: 1.0002534 seconds
[2022-06-13T01:35:50.858+0000][1][safepoint    ] Entering safepoint region: Cleanup
[2022-06-13T01:35:50.859+0000][1][safepoint    ] Leaving safepoint region
[2022-06-13T01:35:50.859+0000][1][safepoint    ] Total time for which application threads were stopped: 0.0019296 seconds, Stopping threads took: 0.0009351 seconds
[2022-06-13T01:35:51.860+0000][1][safepoint    ] Application time: 1.0002463 seconds
[2022-06-13T01:35:51.861+0000][1][safepoint    ] Entering safepoint region: Cleanup
[2022-06-13T01:35:51.862+0000][1][safepoint    ] Leaving safepoint region
[2022-06-13T01:35:51.862+0000][1][safepoint    ] Total time for which application threads were stopped: 0.0007589 seconds, Stopping threads took: 0.0003072 seconds
[2022-06-13T01:35:52.862+0000][1][safepoint    ] Application time: 1.0002233 seconds
[2022-06-13T01:35:52.863+0000][1][safepoint    ] Entering safepoint region: Cleanup
[2022-06-13T01:35:52.864+0000][1][safepoint    ] Leaving safepoint region
[2022-06-13T01:35:52.864+0000][1][safepoint    ] Total time for which application threads were stopped: 0.0011976 seconds, Stopping threads took: 0.0005217 seconds
[2022-06-13T01:35:53.865+0000][1][safepoint    ] Application time: 1.0002820 seconds
[2022-06-13T01:35:53.866+0000][1][safepoint    ] Entering safepoint region: Cleanup
[2022-06-13T01:35:53.867+0000][1][safepoint    ] Leaving safepoint region
[2022-06-13T01:35:53.868+0000][1][safepoint    ] Total time for which application threads were stopped: 0.0017550 seconds, Stopping threads took: 0.0008243 seconds
[2022-06-13T01:35:54.869+0000][1][safepoint    ] Application time: 1.0001640 seconds
[2022-06-13T01:35:54.869+0000][1][safepoint    ] Entering safepoint region: Cleanup
[2022-06-13T01:35:54.870+0000][1][safepoint    ] Leaving safepoint region
[2022-06-13T01:35:54.870+0000][1][safepoint    ] Total time for which application threads were stopped: 0.0010871 seconds, Stopping threads took: 0.0005049 seconds
[2022-06-13T01:35:55.871+0000][1][safepoint    ] Application time: 1.0002419 seconds
[2022-06-13T01:35:55.872+0000][1][safepoint    ] Entering safepoint region: Cleanup
[2022-06-13T01:35:55.873+0000][1][safepoint    ] Leaving safepoint region
[2022-06-13T01:35:55.874+0000][1][safepoint    ] Total time for which application threads were stopped: 0.0017970 seconds, Stopping threads took: 0.0007299 seconds
[2022-06-13T01:35:56.875+0000][1][safepoint    ] Application time: 1.0002439 seconds
[2022-06-13T01:35:56.876+0000][1][safepoint    ] Entering safepoint region: Cleanup
[2022-06-13T01:35:56.877+0000][1][safepoint    ] Leaving safepoint region
[2022-06-13T01:35:56.878+0000][1][safepoint    ] Total time for which application threads were stopped: 0.0017407 seconds, Stopping threads took: 0.0007176 seconds
[2022-06-13T01:35:57.879+0000][1][safepoint    ] Application time: 1.0006580 seconds
[2022-06-13T01:35:57.880+0000][1][safepoint    ] Entering safepoint region: Cleanup
[2022-06-13T01:35:57.881+0000][1][safepoint    ] Leaving safepoint region
[2022-06-13T01:35:57.882+0000][1][safepoint    ] Total time for which application threads were stopped: 0.0017333 seconds, Stopping threads took: 0.0007424 seconds
[2022-06-13T01:35:58.883+0000][1][safepoint    ] Application time: 1.0001867 seconds
[2022-06-13T01:35:58.883+0000][1][safepoint    ] Entering safepoint region: Cleanup
[2022-06-13T01:35:58.884+0000][1][safepoint    ] Leaving safepoint region
[2022-06-13T01:35:58.884+0000][1][safepoint    ] Total time for which application threads were stopped: 0.0010538 seconds, Stopping threads took: 0.0005743 seconds
[2022-06-13T01:35:59.885+0000][1][safepoint    ] Application time: 1.0001608 seconds
[2022-06-13T01:35:59.886+0000][1][safepoint    ] Entering safepoint region: Cleanup
[2022-06-13T01:35:59.886+0000][1][safepoint    ] Leaving safepoint region
[2022-06-13T01:35:59.887+0000][1][safepoint    ] Total time for which application threads were stopped: 0.0011545 seconds, Stopping threads took: 0.0006132 seconds
[2022-06-13T01:36:00.887+0000][1][safepoint    ] Application time: 1.0002513 seconds
[2022-06-13T01:36:00.888+0000][1][safepoint    ] Entering safepoint region: Cleanup
[2022-06-13T01:36:00.888+0000][1][safepoint    ] Leaving safepoint region
[2022-06-13T01:36:00.889+0000][1][safepoint    ] Total time for which application threads were stopped: 0.0009327 seconds, Stopping threads took: 0.0003502 seconds
[2022-06-13T01:36:01.889+0000][1][safepoint    ] Application time: 1.0002675 seconds
[2022-06-13T01:36:01.890+0000][1][safepoint    ] Entering safepoint region: Cleanup
[2022-06-13T01:36:01.891+0000][1][safepoint    ] Leaving safepoint region
[2022-06-13T01:36:01.892+0000][1][safepoint    ] Total time for which application threads were stopped: 0.0017259 seconds, Stopping threads took: 0.0008172 seconds
[2022-06-13T01:36:02.893+0000][1][safepoint    ] Application time: 1.0002397 seconds
[2022-06-13T01:36:02.893+0000][1][safepoint    ] Entering safepoint region: Cleanup
[2022-06-13T01:36:02.894+0000][1][safepoint    ] Leaving safepoint region
[2022-06-13T01:36:02.894+0000][1][safepoint    ] Total time for which application threads were stopped: 0.0006054 seconds, Stopping threads took: 0.0002649 seconds
[2022-06-13T01:36:03.894+0000][1][safepoint    ] Application time: 1.0002109 seconds
[2022-06-13T01:36:03.895+0000][1][safepoint    ] Entering safepoint region: Cleanup
[2022-06-13T01:36:03.896+0000][1][safepoint    ] Leaving safepoint region
[2022-06-13T01:36:03.896+0000][1][safepoint    ] Total time for which application threads were stopped: 0.0010301 seconds, Stopping threads took: 0.0004342 seconds
[2022-06-13T01:36:04.897+0000][1][safepoint    ] Application time: 1.0003641 seconds
[2022-06-13T01:36:04.897+0000][1][safepoint    ] Entering safepoint region: Cleanup
[2022-06-13T01:36:04.898+0000][1][safepoint    ] Leaving safepoint region
[2022-06-13T01:36:04.898+0000][1][safepoint    ] Total time for which application threads were stopped: 0.0008957 seconds, Stopping threads took: 0.0005287 seconds
[2022-06-13T01:36:05.899+0000][1][safepoint    ] Application time: 1.0002690 seconds
[2022-06-13T01:36:05.900+0000][1][safepoint    ] Entering safepoint region: Cleanup
[2022-06-13T01:36:05.900+0000][1][safepoint    ] Leaving safepoint region
[2022-06-13T01:36:05.901+0000][1][safepoint    ] Total time for which application threads were stopped: 0.0013321 seconds, Stopping threads took: 0.0005898 seconds
[2022-06-13T01:36:06.902+0000][1][safepoint    ] Application time: 1.0002398 seconds
[2022-06-13T01:36:06.903+0000][1][safepoint    ] Entering safepoint region: Cleanup
[2022-06-13T01:36:06.903+0000][1][safepoint    ] Leaving safepoint region
[2022-06-13T01:36:06.903+0000][1][safepoint    ] Total time for which application threads were stopped: 0.0007150 seconds, Stopping threads took: 0.0003174 seconds
[2022-06-13T01:36:07.904+0000][1][safepoint    ] Application time: 1.0002473 seconds
[2022-06-13T01:36:07.904+0000][1][safepoint    ] Entering safepoint region: Cleanup
[2022-06-13T01:36:07.905+0000][1][safepoint    ] Leaving safepoint region
[2022-06-13T01:36:07.905+0000][1][safepoint    ] Total time for which application threads were stopped: 0.0008711 seconds, Stopping threads took: 0.0004341 seconds
[2022-06-13T01:36:08.906+0000][1][safepoint    ] Application time: 1.0001583 seconds
[2022-06-13T01:36:08.906+0000][1][safepoint    ] Entering safepoint region: Cleanup
[2022-06-13T01:36:08.907+0000][1][safepoint    ] Leaving safepoint region
[2022-06-13T01:36:08.907+0000][1][safepoint    ] Total time for which application threads were stopped: 0.0008367 seconds, Stopping threads took: 0.0003925 seconds
[2022-06-13T01:36:09.907+0000][1][safepoint    ] Application time: 1.0002230 seconds
[2022-06-13T01:36:09.908+0000][1][safepoint    ] Entering safepoint region: Cleanup
[2022-06-13T01:36:09.909+0000][1][safepoint    ] Leaving safepoint region
[2022-06-13T01:36:09.909+0000][1][safepoint    ] Total time for which application threads were stopped: 0.0009514 seconds, Stopping threads took: 0.0005772 seconds
[2022-06-13T01:36:10.910+0000][1][safepoint    ] Application time: 1.0002731 seconds
[2022-06-13T01:36:10.910+0000][1][safepoint    ] Entering safepoint region: Cleanup
[2022-06-13T01:36:10.910+0000][1][safepoint    ] Leaving safepoint region
[2022-06-13T01:36:10.911+0000][1][safepoint    ] Total time for which application threads were stopped: 0.0006909 seconds, Stopping threads took: 0.0003215 seconds
[2022-06-13T01:36:11.911+0000][1][safepoint    ] Application time: 1.0002610 seconds
[2022-06-13T01:36:11.912+0000][1][safepoint    ] Entering safepoint region: Cleanup
[2022-06-13T01:36:11.912+0000][1][safepoint    ] Leaving safepoint region
[2022-06-13T01:36:11.913+0000][1][safepoint    ] Total time for which application threads were stopped: 0.0005961 seconds, Stopping threads took: 0.0003972 seconds
[2022-06-13T01:36:12.913+0000][1][safepoint    ] Application time: 1.0002072 seconds
[2022-06-13T01:36:12.914+0000][1][safepoint    ] Entering safepoint region: Cleanup
[2022-06-13T01:36:12.914+0000][1][safepoint    ] Leaving safepoint region
[2022-06-13T01:36:12.915+0000][1][safepoint    ] Total time for which application threads were stopped: 0.0009925 seconds, Stopping threads took: 0.0004723 seconds
[2022-06-13T01:36:13.915+0000][1][safepoint    ] Application time: 1.0002822 seconds
[2022-06-13T01:36:13.916+0000][1][safepoint    ] Entering safepoint region: Cleanup
[2022-06-13T01:36:13.916+0000][1][safepoint    ] Leaving safepoint region
[2022-06-13T01:36:13.917+0000][1][safepoint    ] Total time for which application threads were stopped: 0.0008779 seconds, Stopping threads took: 0.0003853 seconds
[2022-06-13T01:36:14.917+0000][1][safepoint    ] Application time: 1.0002320 seconds
[2022-06-13T01:36:14.918+0000][1][safepoint    ] Entering safepoint region: Cleanup
[2022-06-13T01:36:14.918+0000][1][safepoint    ] Leaving safepoint region
[2022-06-13T01:36:14.919+0000][1][safepoint    ] Total time for which application threads were stopped: 0.0009374 seconds, Stopping threads took: 0.0005365 seconds
[2022-06-13T01:36:15.919+0000][1][safepoint    ] Application time: 1.0003472 seconds
[2022-06-13T01:36:15.920+0000][1][safepoint    ] Entering safepoint region: Cleanup
[2022-06-13T01:36:15.921+0000][1][safepoint    ] Leaving safepoint region
[2022-06-13T01:36:15.921+0000][1][safepoint    ] Total time for which application threads were stopped: 0.0007015 seconds, Stopping threads took: 0.0003391 seconds
[2022-06-13T01:36:16.921+0000][1][safepoint    ] Application time: 1.0001493 seconds
[2022-06-13T01:36:16.922+0000][1][safepoint    ] Entering safepoint region: Cleanup
[2022-06-13T01:36:16.922+0000][1][safepoint    ] Leaving safepoint region
[2022-06-13T01:36:16.923+0000][1][safepoint    ] Total time for which application threads were stopped: 0.0005856 seconds, Stopping threads took: 0.0002758 seconds
[2022-06-13T01:36:17.923+0000][1][safepoint    ] Application time: 1.0002213 seconds
[2022-06-13T01:36:17.924+0000][1][safepoint    ] Entering safepoint region: Cleanup
[2022-06-13T01:36:17.924+0000][1][safepoint    ] Leaving safepoint region
[2022-06-13T01:36:17.925+0000][1][safepoint    ] Total time for which application threads were stopped: 0.0008097 seconds, Stopping threads took: 0.0004109 seconds
[2022-06-13T01:36:18.925+0000][1][safepoint    ] Application time: 1.0002535 seconds
[2022-06-13T01:36:18.926+0000][1][safepoint    ] Entering safepoint region: Cleanup
[2022-06-13T01:36:18.926+0000][1][safepoint    ] Leaving safepoint region
[2022-06-13T01:36:18.926+0000][1][safepoint    ] Total time for which application threads were stopped: 0.0006749 seconds, Stopping threads took: 0.0003122 seconds
[2022-06-13T01:36:19.927+0000][1][safepoint    ] Application time: 1.0003568 seconds
[2022-06-13T01:36:19.928+0000][1][safepoint    ] Entering safepoint region: Cleanup
[2022-06-13T01:36:19.929+0000][1][safepoint    ] Leaving safepoint region
[2022-06-13T01:36:19.930+0000][1][safepoint    ] Total time for which application threads were stopped: 0.0020242 seconds, Stopping threads took: 0.0008771 seconds
[2022-06-13T01:36:20.931+0000][1][safepoint    ] Application time: 1.0003901 seconds
[2022-06-13T01:36:20.932+0000][1][safepoint    ] Entering safepoint region: Cleanup
[2022-06-13T01:36:20.932+0000][1][safepoint    ] Leaving safepoint region
[2022-06-13T01:36:20.932+0000][1][safepoint    ] Total time for which application threads were stopped: 0.0008709 seconds, Stopping threads took: 0.0003765 seconds
[2022-06-13T01:36:21.933+0000][1][safepoint    ] Application time: 1.0003313 seconds
[2022-06-13T01:36:21.934+0000][1][safepoint    ] Entering safepoint region: Cleanup
[2022-06-13T01:36:21.935+0000][1][safepoint    ] Leaving safepoint region
[2022-06-13T01:36:21.936+0000][1][safepoint    ] Total time for which application threads were stopped: 0.0015443 seconds, Stopping threads took: 0.0006178 seconds
[2022-06-13T01:36:22.937+0000][1][safepoint    ] Application time: 1.0003449 seconds
[2022-06-13T01:36:22.938+0000][1][safepoint    ] Entering safepoint region: Cleanup
[2022-06-13T01:36:22.938+0000][1][safepoint    ] Leaving safepoint region
[2022-06-13T01:36:22.939+0000][1][safepoint    ] Total time for which application threads were stopped: 0.0015163 seconds, Stopping threads took: 0.0006482 seconds
[2022-06-13T01:36:23.940+0000][1][safepoint    ] Application time: 1.0003544 seconds
[2022-06-13T01:36:23.941+0000][1][safepoint    ] Entering safepoint region: Cleanup
[2022-06-13T01:36:23.942+0000][1][safepoint    ] Leaving safepoint region
[2022-06-13T01:36:23.942+0000][1][safepoint    ] Total time for which application threads were stopped: 0.0015180 seconds, Stopping threads took: 0.0008317 seconds
[2022-06-13T01:36:24.943+0000][1][safepoint    ] Application time: 1.0002655 seconds
[2022-06-13T01:36:24.944+0000][1][safepoint    ] Entering safepoint region: Cleanup
[2022-06-13T01:36:24.945+0000][1][safepoint    ] Leaving safepoint region
[2022-06-13T01:36:24.946+0000][1][safepoint    ] Total time for which application threads were stopped: 0.0015776 seconds, Stopping threads took: 0.0006064 seconds
[2022-06-13T01:36:25.946+0000][1][safepoint    ] Application time: 1.0002091 seconds
[2022-06-13T01:36:25.947+0000][1][safepoint    ] Entering safepoint region: Cleanup
[2022-06-13T01:36:25.947+0000][1][safepoint    ] Leaving safepoint region
[2022-06-13T01:36:25.948+0000][1][safepoint    ] Total time for which application threads were stopped: 0.0013289 seconds, Stopping threads took: 0.0005051 seconds
[2022-06-13T01:36:26.949+0000][1][safepoint    ] Application time: 1.0003955 seconds
[2022-06-13T01:36:26.950+0000][1][safepoint    ] Entering safepoint region: Cleanup
[2022-06-13T01:36:26.950+0000][1][safepoint    ] Leaving safepoint region
[2022-06-13T01:36:26.951+0000][1][safepoint    ] Total time for which application threads were stopped: 0.0008100 seconds, Stopping threads took: 0.0004066 seconds
[2022-06-13T01:36:27.951+0000][1][safepoint    ] Application time: 1.0002476 seconds
[2022-06-13T01:36:27.952+0000][1][safepoint    ] Entering safepoint region: Cleanup
[2022-06-13T01:36:27.952+0000][1][safepoint    ] Leaving safepoint region
[2022-06-13T01:36:27.952+0000][1][safepoint    ] Total time for which application threads were stopped: 0.0007542 seconds, Stopping threads took: 0.0003882 seconds
[2022-06-13T01:36:28.953+0000][1][safepoint    ] Application time: 1.0002163 seconds
[2022-06-13T01:36:28.954+0000][1][safepoint    ] Entering safepoint region: Cleanup
[2022-06-13T01:36:28.954+0000][1][safepoint    ] Leaving safepoint region
[2022-06-13T01:36:28.955+0000][1][safepoint    ] Total time for which application threads were stopped: 0.0013750 seconds, Stopping threads took: 0.0006664 seconds
[2022-06-13T01:36:29.956+0000][1][safepoint    ] Application time: 1.0002990 seconds
[2022-06-13T01:36:29.956+0000][1][safepoint    ] Entering safepoint region: Cleanup
[2022-06-13T01:36:29.957+0000][1][safepoint    ] Leaving safepoint region
[2022-06-13T01:36:29.957+0000][1][safepoint    ] Total time for which application threads were stopped: 0.0009325 seconds, Stopping threads took: 0.0003166 seconds
[2022-06-13T01:36:30.958+0000][1][safepoint    ] Application time: 1.0003736 seconds
[2022-06-13T01:36:30.959+0000][1][safepoint    ] Entering safepoint region: Cleanup
[2022-06-13T01:36:30.960+0000][1][safepoint    ] Leaving safepoint region
[2022-06-13T01:36:30.961+0000][1][safepoint    ] Total time for which application threads were stopped: 0.0017275 seconds, Stopping threads took: 0.0008050 seconds
[2022-06-13T01:36:31.962+0000][1][safepoint    ] Application time: 1.0003945 seconds
[2022-06-13T01:36:31.963+0000][1][safepoint    ] Entering safepoint region: Cleanup
[2022-06-13T01:36:31.964+0000][1][safepoint    ] Leaving safepoint region
[2022-06-13T01:36:31.965+0000][1][safepoint    ] Total time for which application threads were stopped: 0.0017271 seconds, Stopping threads took: 0.0007325 seconds
[2022-06-13T01:36:32.966+0000][1][safepoint    ] Application time: 1.0002680 seconds
[2022-06-13T01:36:32.966+0000][1][safepoint    ] Entering safepoint region: Cleanup
[2022-06-13T01:36:32.967+0000][1][safepoint    ] Leaving safepoint region
[2022-06-13T01:36:32.968+0000][1][safepoint    ] Total time for which application threads were stopped: 0.0017671 seconds, Stopping threads took: 0.0007647 seconds
[2022-06-13T01:36:33.969+0000][1][safepoint    ] Application time: 1.0003641 seconds
[2022-06-13T01:36:33.970+0000][1][safepoint    ] Entering safepoint region: Cleanup
[2022-06-13T01:36:33.971+0000][1][safepoint    ] Leaving safepoint region
[2022-06-13T01:36:33.972+0000][1][safepoint    ] Total time for which application threads were stopped: 0.0017046 seconds, Stopping threads took: 0.0007274 seconds
[2022-06-13T01:36:34.973+0000][1][safepoint    ] Application time: 1.0002671 seconds
[2022-06-13T01:36:34.973+0000][1][safepoint    ] Entering safepoint region: Cleanup
[2022-06-13T01:36:34.974+0000][1][safepoint    ] Leaving safepoint region
[2022-06-13T01:36:34.974+0000][1][safepoint    ] Total time for which application threads were stopped: 0.0008907 seconds, Stopping threads took: 0.0003733 seconds
[2022-06-13T01:36:35.975+0000][1][safepoint    ] Application time: 1.0001467 seconds
[2022-06-13T01:36:35.975+0000][1][safepoint    ] Entering safepoint region: Cleanup
[2022-06-13T01:36:35.976+0000][1][safepoint    ] Leaving safepoint region
[2022-06-13T01:36:35.976+0000][1][safepoint    ] Total time for which application threads were stopped: 0.0009780 seconds, Stopping threads took: 0.0004911 seconds
[2022-06-13T01:36:36.977+0000][1][safepoint    ] Application time: 1.0003456 seconds
[2022-06-13T01:36:36.978+0000][1][safepoint    ] Entering safepoint region: Cleanup
[2022-06-13T01:36:36.978+0000][1][safepoint    ] Leaving safepoint region
[2022-06-13T01:36:36.979+0000][1][safepoint    ] Total time for which application threads were stopped: 0.0013922 seconds, Stopping threads took: 0.0005537 seconds
[2022-06-13T01:36:37.980+0000][1][safepoint    ] Application time: 1.0003107 seconds
[2022-06-13T01:36:37.981+0000][1][safepoint    ] Entering safepoint region: Cleanup
[2022-06-13T01:36:37.982+0000][1][safepoint    ] Leaving safepoint region
[2022-06-13T01:36:37.983+0000][1][safepoint    ] Total time for which application threads were stopped: 0.0014756 seconds, Stopping threads took: 0.0006550 seconds
[2022-06-13T01:36:38.983+0000][1][safepoint    ] Application time: 1.0003283 seconds
[2022-06-13T01:36:38.985+0000][1][safepoint    ] Entering safepoint region: Cleanup
[2022-06-13T01:36:38.986+0000][1][safepoint    ] Leaving safepoint region
[2022-06-13T01:36:38.987+0000][1][safepoint    ] Total time for which application threads were stopped: 0.0016740 seconds, Stopping threads took: 0.0007263 seconds
[2022-06-13T01:36:39.988+0000][1][safepoint    ] Application time: 1.0003710 seconds
[2022-06-13T01:36:39.989+0000][1][safepoint    ] Entering safepoint region: Cleanup
[2022-06-13T01:36:39.989+0000][1][safepoint    ] Leaving safepoint region
[2022-06-13T01:36:39.990+0000][1][safepoint    ] Total time for which application threads were stopped: 0.0010142 seconds, Stopping threads took: 0.0004899 seconds
[2022-06-13T01:36:40.991+0000][1][safepoint    ] Application time: 1.0002220 seconds
[2022-06-13T01:36:40.992+0000][1][safepoint    ] Entering safepoint region: Cleanup
[2022-06-13T01:36:40.993+0000][1][safepoint    ] Leaving safepoint region
[2022-06-13T01:36:40.994+0000][1][safepoint    ] Total time for which application threads were stopped: 0.0019704 seconds, Stopping threads took: 0.0006969 seconds
[2022-06-13T01:36:41.995+0000][1][safepoint    ] Application time: 1.0003474 seconds
[2022-06-13T01:36:41.996+0000][1][safepoint    ] Entering safepoint region: Cleanup
[2022-06-13T01:36:41.996+0000][1][safepoint    ] Leaving safepoint region
[2022-06-13T01:36:41.997+0000][1][safepoint    ] Total time for which application threads were stopped: 0.0012353 seconds, Stopping threads took: 0.0004607 seconds
[2022-06-13T01:36:42.997+0000][1][safepoint    ] Application time: 1.0001791 seconds
[2022-06-13T01:36:42.998+0000][1][safepoint    ] Entering safepoint region: Cleanup
[2022-06-13T01:36:42.998+0000][1][safepoint    ] Leaving safepoint region
[2022-06-13T01:36:42.999+0000][1][safepoint    ] Total time for which application threads were stopped: 0.0009731 seconds, Stopping threads took: 0.0003517 seconds
[2022-06-13T01:36:44.000+0000][1][safepoint    ] Application time: 1.0004640 seconds
[2022-06-13T01:36:44.000+0000][1][safepoint    ] Entering safepoint region: Cleanup
[2022-06-13T01:36:44.001+0000][1][safepoint    ] Leaving safepoint region
[2022-06-13T01:36:44.001+0000][1][safepoint    ] Total time for which application threads were stopped: 0.0009438 seconds, Stopping threads took: 0.0005164 seconds
[2022-06-13T01:36:45.002+0000][1][safepoint    ] Application time: 1.0001697 seconds
[2022-06-13T01:36:45.002+0000][1][safepoint    ] Entering safepoint region: Cleanup
[2022-06-13T01:36:45.003+0000][1][safepoint    ] Leaving safepoint region
[2022-06-13T01:36:45.003+0000][1][safepoint    ] Total time for which application threads were stopped: 0.0010828 seconds, Stopping threads took: 0.0005551 seconds
[2022-06-13T01:36:46.004+0000][1][safepoint    ] Application time: 1.0003357 seconds
[2022-06-13T01:36:46.005+0000][1][safepoint    ] Entering safepoint region: Cleanup
[2022-06-13T01:36:46.006+0000][1][safepoint    ] Leaving safepoint region
[2022-06-13T01:36:46.007+0000][1][safepoint    ] Total time for which application threads were stopped: 0.0015211 seconds, Stopping threads took: 0.0008035 seconds
[2022-06-13T01:36:46.458+0000][1][safepoint    ] Application time: 0.4503207 seconds
[2022-06-13T01:36:46.458+0000][1][safepoint    ] Entering safepoint region: GenCollectForAllocation
[2022-06-13T01:36:46.459+0000][1][gc,start     ] GC(23) Pause Young (Allocation Failure)
[2022-06-13T01:36:46.460+0000][1][gc,task      ] GC(23) Using 5 workers of 13 for evacuation
[2022-06-13T01:36:46.468+0000][1][gc,age       ] GC(23) Desired survivor size 4456448 bytes, new threshold 6 (max threshold 6)
[2022-06-13T01:36:46.468+0000][1][gc,age       ] GC(23) Age table with threshold 6 (max threshold 6)
[2022-06-13T01:36:46.469+0000][1][gc,age       ] GC(23) - age   1:      74672 bytes,      74672 total
[2022-06-13T01:36:46.469+0000][1][gc,age       ] GC(23) - age   2:    1341008 bytes,    1415680 total
[2022-06-13T01:36:46.470+0000][1][gc,heap      ] GC(23) ParNew: 76923K->4934K(78656K)
[2022-06-13T01:36:46.470+0000][1][gc,heap      ] GC(23) CMS: 64130K->67848K(174784K)
[2022-06-13T01:36:46.470+0000][1][gc,metaspace ] GC(23) Metaspace: 65016K->65016K(1107968K)
[2022-06-13T01:36:46.471+0000][1][gc           ] GC(23) Pause Young (Allocation Failure) 137M->71M(247M) 11.823ms
[2022-06-13T01:36:46.471+0000][1][gc,cpu       ] GC(23) User=0.04s Sys=0.00s Real=0.02s
[2022-06-13T01:36:46.471+0000][1][safepoint    ] Leaving safepoint region
[2022-06-13T01:36:46.472+0000][1][safepoint    ] Total time for which application threads were stopped: 0.0142987 seconds, Stopping threads took: 0.0007654 seconds
[2022-06-13T01:36:47.473+0000][1][safepoint    ] Application time: 1.0002482 seconds
[2022-06-13T01:36:47.474+0000][1][safepoint    ] Entering safepoint region: Cleanup
[2022-06-13T01:36:47.475+0000][1][safepoint    ] Leaving safepoint region
[2022-06-13T01:36:47.475+0000][1][safepoint    ] Total time for which application threads were stopped: 0.0015104 seconds, Stopping threads took: 0.0008081 seconds
[2022-06-13T01:36:48.476+0000][1][safepoint    ] Application time: 1.0004123 seconds
[2022-06-13T01:36:48.477+0000][1][safepoint    ] Entering safepoint region: Cleanup
[2022-06-13T01:36:48.479+0000][1][safepoint    ] Leaving safepoint region
[2022-06-13T01:36:48.480+0000][1][safepoint    ] Total time for which application threads were stopped: 0.0022963 seconds, Stopping threads took: 0.0010177 seconds
[2022-06-13T01:36:49.481+0000][1][safepoint    ] Application time: 1.0002997 seconds
[2022-06-13T01:36:49.481+0000][1][safepoint    ] Entering safepoint region: Cleanup
[2022-06-13T01:36:49.482+0000][1][safepoint    ] Leaving safepoint region
[2022-06-13T01:36:49.482+0000][1][safepoint    ] Total time for which application threads were stopped: 0.0007643 seconds, Stopping threads took: 0.0003841 seconds
[2022-06-13T01:36:50.483+0000][1][safepoint    ] Application time: 1.0002475 seconds
[2022-06-13T01:36:50.483+0000][1][safepoint    ] Entering safepoint region: Cleanup
[2022-06-13T01:36:50.484+0000][1][safepoint    ] Leaving safepoint region
[2022-06-13T01:36:50.484+0000][1][safepoint    ] Total time for which application threads were stopped: 0.0013363 seconds, Stopping threads took: 0.0005879 seconds
[2022-06-13T01:36:51.485+0000][1][safepoint    ] Application time: 1.0003569 seconds
[2022-06-13T01:36:51.486+0000][1][safepoint    ] Entering safepoint region: Cleanup
[2022-06-13T01:36:51.487+0000][1][safepoint    ] Leaving safepoint region
[2022-06-13T01:36:51.488+0000][1][safepoint    ] Total time for which application threads were stopped: 0.0014270 seconds, Stopping threads took: 0.0007587 seconds
[2022-06-13T01:36:52.489+0000][1][safepoint    ] Application time: 1.0003935 seconds
[2022-06-13T01:36:52.489+0000][1][safepoint    ] Entering safepoint region: Cleanup
[2022-06-13T01:36:52.490+0000][1][safepoint    ] Leaving safepoint region
[2022-06-13T01:36:52.491+0000][1][safepoint    ] Total time for which application threads were stopped: 0.0015532 seconds, Stopping threads took: 0.0008471 seconds
[2022-06-13T01:36:53.491+0000][1][safepoint    ] Application time: 1.0001703 seconds
[2022-06-13T01:36:53.492+0000][1][safepoint    ] Entering safepoint region: Cleanup
[2022-06-13T01:36:53.493+0000][1][safepoint    ] Leaving safepoint region
[2022-06-13T01:36:53.493+0000][1][safepoint    ] Total time for which application threads were stopped: 0.0013741 seconds, Stopping threads took: 0.0004619 seconds
[2022-06-13T01:36:54.494+0000][1][safepoint    ] Application time: 1.0004379 seconds
[2022-06-13T01:36:54.495+0000][1][safepoint    ] Entering safepoint region: Cleanup
[2022-06-13T01:36:54.496+0000][1][safepoint    ] Leaving safepoint region
[2022-06-13T01:36:54.496+0000][1][safepoint    ] Total time for which application threads were stopped: 0.0012282 seconds, Stopping threads took: 0.0005642 seconds
[2022-06-13T01:36:55.497+0000][1][safepoint    ] Application time: 1.0002612 seconds
[2022-06-13T01:36:55.498+0000][1][safepoint    ] Entering safepoint region: Cleanup
[2022-06-13T01:36:55.498+0000][1][safepoint    ] Leaving safepoint region
[2022-06-13T01:36:55.498+0000][1][safepoint    ] Total time for which application threads were stopped: 0.0005512 seconds, Stopping threads took: 0.0002916 seconds
[2022-06-13T01:36:56.499+0000][1][safepoint    ] Application time: 1.0002321 seconds
[2022-06-13T01:36:56.499+0000][1][safepoint    ] Entering safepoint region: Cleanup
[2022-06-13T01:36:56.500+0000][1][safepoint    ] Leaving safepoint region
[2022-06-13T01:36:56.500+0000][1][safepoint    ] Total time for which application threads were stopped: 0.0009047 seconds, Stopping threads took: 0.0003947 seconds
[2022-06-13T01:36:57.501+0000][1][safepoint    ] Application time: 1.0003340 seconds
[2022-06-13T01:36:57.502+0000][1][safepoint    ] Entering safepoint region: Cleanup
[2022-06-13T01:36:57.503+0000][1][safepoint    ] Leaving safepoint region
[2022-06-13T01:36:57.503+0000][1][safepoint    ] Total time for which application threads were stopped: 0.0018630 seconds, Stopping threads took: 0.0009294 seconds
[2022-06-13T01:36:58.504+0000][1][safepoint    ] Application time: 1.0002962 seconds
[2022-06-13T01:36:58.506+0000][1][safepoint    ] Entering safepoint region: Cleanup
[2022-06-13T01:36:58.506+0000][1][safepoint    ] Leaving safepoint region
[2022-06-13T01:36:58.507+0000][1][safepoint    ] Total time for which application threads were stopped: 0.0015417 seconds, Stopping threads took: 0.0007351 seconds
[2022-06-13T01:36:59.508+0000][1][safepoint    ] Application time: 1.0004861 seconds
[2022-06-13T01:36:59.509+0000][1][safepoint    ] Entering safepoint region: Cleanup
[2022-06-13T01:36:59.510+0000][1][safepoint    ] Leaving safepoint region
[2022-06-13T01:36:59.510+0000][1][safepoint    ] Total time for which application threads were stopped: 0.0011447 seconds, Stopping threads took: 0.0005283 seconds
[2022-06-13T01:37:00.511+0000][1][safepoint    ] Application time: 1.0002613 seconds
[2022-06-13T01:37:00.512+0000][1][safepoint    ] Entering safepoint region: Cleanup
[2022-06-13T01:37:00.512+0000][1][safepoint    ] Leaving safepoint region
[2022-06-13T01:37:00.512+0000][1][safepoint    ] Total time for which application threads were stopped: 0.0008410 seconds, Stopping threads took: 0.0004521 seconds
[2022-06-13T01:37:01.513+0000][1][safepoint    ] Application time: 1.0001967 seconds
[2022-06-13T01:37:01.513+0000][1][safepoint    ] Entering safepoint region: Cleanup
[2022-06-13T01:37:01.515+0000][1][safepoint    ] Leaving safepoint region
[2022-06-13T01:37:01.516+0000][1][safepoint    ] Total time for which application threads were stopped: 0.0023591 seconds, Stopping threads took: 0.0016499 seconds
[2022-06-13T01:37:02.517+0000][1][safepoint    ] Application time: 1.0002009 seconds
[2022-06-13T01:37:02.517+0000][1][safepoint    ] Entering safepoint region: Cleanup
[2022-06-13T01:37:02.518+0000][1][safepoint    ] Leaving safepoint region
[2022-06-13T01:37:02.518+0000][1][safepoint    ] Total time for which application threads were stopped: 0.0008425 seconds, Stopping threads took: 0.0003695 seconds
[2022-06-13T01:37:03.519+0000][1][safepoint    ] Application time: 1.0003000 seconds
[2022-06-13T01:37:03.520+0000][1][safepoint    ] Entering safepoint region: Cleanup
[2022-06-13T01:37:03.521+0000][1][safepoint    ] Leaving safepoint region
[2022-06-13T01:37:03.521+0000][1][safepoint    ] Total time for which application threads were stopped: 0.0008427 seconds, Stopping threads took: 0.0005229 seconds
[2022-06-13T01:37:04.521+0000][1][safepoint    ] Application time: 1.0003205 seconds
[2022-06-13T01:37:04.522+0000][1][safepoint    ] Entering safepoint region: Cleanup
[2022-06-13T01:37:04.523+0000][1][safepoint    ] Leaving safepoint region
[2022-06-13T01:37:04.524+0000][1][safepoint    ] Total time for which application threads were stopped: 0.0016140 seconds, Stopping threads took: 0.0007094 seconds
[2022-06-13T01:37:05.525+0000][1][safepoint    ] Application time: 1.0002322 seconds
[2022-06-13T01:37:05.526+0000][1][safepoint    ] Entering safepoint region: Cleanup
[2022-06-13T01:37:05.526+0000][1][safepoint    ] Leaving safepoint region
[2022-06-13T01:37:05.527+0000][1][safepoint    ] Total time for which application threads were stopped: 0.0015177 seconds, Stopping threads took: 0.0007694 seconds
[2022-06-13T01:37:06.528+0000][1][safepoint    ] Application time: 1.0002890 seconds
[2022-06-13T01:37:06.529+0000][1][safepoint    ] Entering safepoint region: Cleanup
[2022-06-13T01:37:06.530+0000][1][safepoint    ] Leaving safepoint region
[2022-06-13T01:37:06.530+0000][1][safepoint    ] Total time for which application threads were stopped: 0.0016794 seconds, Stopping threads took: 0.0008090 seconds
[2022-06-13T01:37:07.531+0000][1][safepoint    ] Application time: 1.0001290 seconds
[2022-06-13T01:37:07.531+0000][1][safepoint    ] Entering safepoint region: Cleanup
[2022-06-13T01:37:07.532+0000][1][safepoint    ] Leaving safepoint region
[2022-06-13T01:37:07.532+0000][1][safepoint    ] Total time for which application threads were stopped: 0.0008162 seconds, Stopping threads took: 0.0003885 seconds
[2022-06-13T01:37:08.533+0000][1][safepoint    ] Application time: 1.0002742 seconds
[2022-06-13T01:37:08.533+0000][1][safepoint    ] Entering safepoint region: Cleanup
[2022-06-13T01:37:08.534+0000][1][safepoint    ] Leaving safepoint region
[2022-06-13T01:37:08.534+0000][1][safepoint    ] Total time for which application threads were stopped: 0.0009847 seconds, Stopping threads took: 0.0004885 seconds
[2022-06-13T01:37:09.535+0000][1][safepoint    ] Application time: 1.0002996 seconds
[2022-06-13T01:37:09.536+0000][1][safepoint    ] Entering safepoint region: Cleanup
[2022-06-13T01:37:09.537+0000][1][safepoint    ] Leaving safepoint region
[2022-06-13T01:37:09.537+0000][1][safepoint    ] Total time for which application threads were stopped: 0.0014460 seconds, Stopping threads took: 0.0007151 seconds
[2022-06-13T01:37:10.538+0000][1][safepoint    ] Application time: 1.0001318 seconds
[2022-06-13T01:37:10.538+0000][1][safepoint    ] Entering safepoint region: Cleanup
[2022-06-13T01:37:10.539+0000][1][safepoint    ] Leaving safepoint region
[2022-06-13T01:37:10.539+0000][1][safepoint    ] Total time for which application threads were stopped: 0.0007877 seconds, Stopping threads took: 0.0003795 seconds
[2022-06-13T01:37:11.540+0000][1][safepoint    ] Application time: 1.0001276 seconds
[2022-06-13T01:37:11.540+0000][1][safepoint    ] Entering safepoint region: Cleanup
[2022-06-13T01:37:11.540+0000][1][safepoint    ] Leaving safepoint region
[2022-06-13T01:37:11.541+0000][1][safepoint    ] Total time for which application threads were stopped: 0.0007286 seconds, Stopping threads took: 0.0003282 seconds
[2022-06-13T01:37:12.541+0000][1][safepoint    ] Application time: 1.0001861 seconds
[2022-06-13T01:37:12.542+0000][1][safepoint    ] Entering safepoint region: Cleanup
[2022-06-13T01:37:12.542+0000][1][safepoint    ] Leaving safepoint region
[2022-06-13T01:37:12.543+0000][1][safepoint    ] Total time for which application threads were stopped: 0.0012105 seconds, Stopping threads took: 0.0005460 seconds
[2022-06-13T01:37:13.544+0000][1][safepoint    ] Application time: 1.0003084 seconds
[2022-06-13T01:37:13.545+0000][1][safepoint    ] Entering safepoint region: Cleanup
[2022-06-13T01:37:13.545+0000][1][safepoint    ] Leaving safepoint region
[2022-06-13T01:37:13.546+0000][1][safepoint    ] Total time for which application threads were stopped: 0.0014151 seconds, Stopping threads took: 0.0005829 seconds
[2022-06-13T01:37:14.547+0000][1][safepoint    ] Application time: 1.0003051 seconds
[2022-06-13T01:37:14.547+0000][1][safepoint    ] Entering safepoint region: Cleanup
[2022-06-13T01:37:14.547+0000][1][safepoint    ] Leaving safepoint region
[2022-06-13T01:37:14.548+0000][1][safepoint    ] Total time for which application threads were stopped: 0.0006574 seconds, Stopping threads took: 0.0003053 seconds
[2022-06-13T01:37:15.548+0000][1][safepoint    ] Application time: 1.0002419 seconds
[2022-06-13T01:37:15.549+0000][1][safepoint    ] Entering safepoint region: Cleanup
[2022-06-13T01:37:15.550+0000][1][safepoint    ] Leaving safepoint region
[2022-06-13T01:37:15.551+0000][1][safepoint    ] Total time for which application threads were stopped: 0.0017718 seconds, Stopping threads took: 0.0008258 seconds
[2022-06-13T01:37:16.552+0000][1][safepoint    ] Application time: 1.0003543 seconds
[2022-06-13T01:37:16.553+0000][1][safepoint    ] Entering safepoint region: Cleanup
[2022-06-13T01:37:16.554+0000][1][safepoint    ] Leaving safepoint region
[2022-06-13T01:37:16.554+0000][1][safepoint    ] Total time for which application threads were stopped: 0.0015703 seconds, Stopping threads took: 0.0010382 seconds
[2022-06-13T01:37:17.555+0000][1][safepoint    ] Application time: 1.0002418 seconds
[2022-06-13T01:37:17.556+0000][1][safepoint    ] Entering safepoint region: Cleanup
[2022-06-13T01:37:17.557+0000][1][safepoint    ] Leaving safepoint region
[2022-06-13T01:37:17.558+0000][1][safepoint    ] Total time for which application threads were stopped: 0.0015054 seconds, Stopping threads took: 0.0006665 seconds
[2022-06-13T01:37:18.559+0000][1][safepoint    ] Application time: 1.0002364 seconds
[2022-06-13T01:37:18.559+0000][1][safepoint    ] Entering safepoint region: Cleanup
[2022-06-13T01:37:18.560+0000][1][safepoint    ] Leaving safepoint region
[2022-06-13T01:37:18.560+0000][1][safepoint    ] Total time for which application threads were stopped: 0.0004106 seconds, Stopping threads took: 0.0001876 seconds
[2022-06-13T01:37:19.560+0000][1][safepoint    ] Application time: 1.0001652 seconds
[2022-06-13T01:37:19.561+0000][1][safepoint    ] Entering safepoint region: Cleanup
[2022-06-13T01:37:19.562+0000][1][safepoint    ] Leaving safepoint region
[2022-06-13T01:37:19.563+0000][1][safepoint    ] Total time for which application threads were stopped: 0.0018147 seconds, Stopping threads took: 0.0008266 seconds
[2022-06-13T01:37:20.564+0000][1][safepoint    ] Application time: 1.0002038 seconds
[2022-06-13T01:37:20.565+0000][1][safepoint    ] Entering safepoint region: Cleanup
[2022-06-13T01:37:20.566+0000][1][safepoint    ] Leaving safepoint region
[2022-06-13T01:37:20.567+0000][1][safepoint    ] Total time for which application threads were stopped: 0.0017507 seconds, Stopping threads took: 0.0010519 seconds
[2022-06-13T01:37:21.567+0000][1][safepoint    ] Application time: 1.0002565 seconds
[2022-06-13T01:37:21.568+0000][1][safepoint    ] Entering safepoint region: Cleanup
[2022-06-13T01:37:21.569+0000][1][safepoint    ] Leaving safepoint region
[2022-06-13T01:37:21.569+0000][1][safepoint    ] Total time for which application threads were stopped: 0.0013374 seconds, Stopping threads took: 0.0005787 seconds
[2022-06-13T01:37:22.570+0000][1][safepoint    ] Application time: 1.0003787 seconds
[2022-06-13T01:37:22.571+0000][1][safepoint    ] Entering safepoint region: Cleanup
[2022-06-13T01:37:22.572+0000][1][safepoint    ] Leaving safepoint region
[2022-06-13T01:37:22.572+0000][1][safepoint    ] Total time for which application threads were stopped: 0.0012952 seconds, Stopping threads took: 0.0006639 seconds
[2022-06-13T01:37:23.573+0000][1][safepoint    ] Application time: 1.0002843 seconds
[2022-06-13T01:37:23.574+0000][1][safepoint    ] Entering safepoint region: Cleanup
[2022-06-13T01:37:23.575+0000][1][safepoint    ] Leaving safepoint region
[2022-06-13T01:37:23.575+0000][1][safepoint    ] Total time for which application threads were stopped: 0.0013031 seconds, Stopping threads took: 0.0006578 seconds
[2022-06-13T01:37:24.576+0000][1][safepoint    ] Application time: 1.0002580 seconds
[2022-06-13T01:37:24.577+0000][1][safepoint    ] Entering safepoint region: Cleanup
[2022-06-13T01:37:24.577+0000][1][safepoint    ] Leaving safepoint region
[2022-06-13T01:37:24.578+0000][1][safepoint    ] Total time for which application threads were stopped: 0.0011082 seconds, Stopping threads took: 0.0006571 seconds
[2022-06-13T01:37:25.578+0000][1][safepoint    ] Application time: 1.0002601 seconds
[2022-06-13T01:37:25.579+0000][1][safepoint    ] Entering safepoint region: Cleanup
[2022-06-13T01:37:25.580+0000][1][safepoint    ] Leaving safepoint region
[2022-06-13T01:37:25.581+0000][1][safepoint    ] Total time for which application threads were stopped: 0.0016869 seconds, Stopping threads took: 0.0007617 seconds
[2022-06-13T01:37:26.582+0000][1][safepoint    ] Application time: 1.0002907 seconds
[2022-06-13T01:37:26.582+0000][1][safepoint    ] Entering safepoint region: Cleanup
[2022-06-13T01:37:26.583+0000][1][safepoint    ] Leaving safepoint region
[2022-06-13T01:37:26.583+0000][1][safepoint    ] Total time for which application threads were stopped: 0.0006611 seconds, Stopping threads took: 0.0004270 seconds
[2022-06-13T01:37:27.583+0000][1][safepoint    ] Application time: 1.0001637 seconds
[2022-06-13T01:37:27.584+0000][1][safepoint    ] Entering safepoint region: Cleanup
[2022-06-13T01:37:27.584+0000][1][safepoint    ] Leaving safepoint region
[2022-06-13T01:37:27.584+0000][1][safepoint    ] Total time for which application threads were stopped: 0.0006663 seconds, Stopping threads took: 0.0003487 seconds
[2022-06-13T01:37:28.585+0000][1][safepoint    ] Application time: 1.0002751 seconds
[2022-06-13T01:37:28.586+0000][1][safepoint    ] Entering safepoint region: Cleanup
[2022-06-13T01:37:28.586+0000][1][safepoint    ] Leaving safepoint region
[2022-06-13T01:37:28.587+0000][1][safepoint    ] Total time for which application threads were stopped: 0.0016804 seconds, Stopping threads took: 0.0006949 seconds
[2022-06-13T01:37:29.589+0000][1][safepoint    ] Application time: 1.0003117 seconds
[2022-06-13T01:37:29.589+0000][1][safepoint    ] Entering safepoint region: Cleanup
[2022-06-13T01:37:29.590+0000][1][safepoint    ] Leaving safepoint region
[2022-06-13T01:37:29.590+0000][1][safepoint    ] Total time for which application threads were stopped: 0.0009386 seconds, Stopping threads took: 0.0004732 seconds
[2022-06-13T01:37:30.591+0000][1][safepoint    ] Application time: 1.0002686 seconds
[2022-06-13T01:37:30.592+0000][1][safepoint    ] Entering safepoint region: Cleanup
[2022-06-13T01:37:30.592+0000][1][safepoint    ] Leaving safepoint region
[2022-06-13T01:37:30.593+0000][1][safepoint    ] Total time for which application threads were stopped: 0.0013659 seconds, Stopping threads took: 0.0006177 seconds
[2022-06-13T01:37:31.594+0000][1][safepoint    ] Application time: 1.0003618 seconds
[2022-06-13T01:37:31.595+0000][1][safepoint    ] Entering safepoint region: Cleanup
[2022-06-13T01:37:31.595+0000][1][safepoint    ] Leaving safepoint region
[2022-06-13T01:37:31.595+0000][1][safepoint    ] Total time for which application threads were stopped: 0.0008847 seconds, Stopping threads took: 0.0003010 seconds
[2022-06-13T01:37:32.596+0000][1][safepoint    ] Application time: 1.0003053 seconds
[2022-06-13T01:37:32.597+0000][1][safepoint    ] Entering safepoint region: Cleanup
[2022-06-13T01:37:32.597+0000][1][safepoint    ] Leaving safepoint region
[2022-06-13T01:37:32.597+0000][1][safepoint    ] Total time for which application threads were stopped: 0.0007090 seconds, Stopping threads took: 0.0003753 seconds
[2022-06-13T01:37:33.598+0000][1][safepoint    ] Application time: 1.0003345 seconds
[2022-06-13T01:37:33.599+0000][1][safepoint    ] Entering safepoint region: Cleanup
[2022-06-13T01:37:33.600+0000][1][safepoint    ] Leaving safepoint region
[2022-06-13T01:37:33.600+0000][1][safepoint    ] Total time for which application threads were stopped: 0.0016894 seconds, Stopping threads took: 0.0010091 seconds
[2022-06-13T01:37:34.601+0000][1][safepoint    ] Application time: 1.0004861 seconds
[2022-06-13T01:37:34.603+0000][1][safepoint    ] Entering safepoint region: Cleanup
[2022-06-13T01:37:34.603+0000][1][safepoint    ] Leaving safepoint region
[2022-06-13T01:37:34.604+0000][1][safepoint    ] Total time for which application threads were stopped: 0.0010366 seconds, Stopping threads took: 0.0004811 seconds
[2022-06-13T01:37:35.604+0000][1][safepoint    ] Application time: 1.0001942 seconds
[2022-06-13T01:37:35.605+0000][1][safepoint    ] Entering safepoint region: Cleanup
[2022-06-13T01:37:35.605+0000][1][safepoint    ] Leaving safepoint region
[2022-06-13T01:37:35.606+0000][1][safepoint    ] Total time for which application threads were stopped: 0.0006738 seconds, Stopping threads took: 0.0003111 seconds
[2022-06-13T01:37:36.606+0000][1][safepoint    ] Application time: 1.0003454 seconds
[2022-06-13T01:37:36.607+0000][1][safepoint    ] Entering safepoint region: Cleanup
[2022-06-13T01:37:36.607+0000][1][safepoint    ] Leaving safepoint region
[2022-06-13T01:37:36.608+0000][1][safepoint    ] Total time for which application threads were stopped: 0.0008740 seconds, Stopping threads took: 0.0004886 seconds
[2022-06-13T01:37:37.608+0000][1][safepoint    ] Application time: 1.0001375 seconds
[2022-06-13T01:37:37.609+0000][1][safepoint    ] Entering safepoint region: Cleanup
[2022-06-13T01:37:37.609+0000][1][safepoint    ] Leaving safepoint region
[2022-06-13T01:37:37.609+0000][1][safepoint    ] Total time for which application threads were stopped: 0.0005008 seconds, Stopping threads took: 0.0002267 seconds
[2022-06-13T01:37:38.610+0000][1][safepoint    ] Application time: 1.0003030 seconds
[2022-06-13T01:37:38.611+0000][1][safepoint    ] Entering safepoint region: Cleanup
[2022-06-13T01:37:38.612+0000][1][safepoint    ] Leaving safepoint region
[2022-06-13T01:37:38.613+0000][1][safepoint    ] Total time for which application threads were stopped: 0.0019289 seconds, Stopping threads took: 0.0008373 seconds
[2022-06-13T01:37:39.614+0000][1][safepoint    ] Application time: 1.0002902 seconds
[2022-06-13T01:37:39.615+0000][1][safepoint    ] Entering safepoint region: Cleanup
[2022-06-13T01:37:39.615+0000][1][safepoint    ] Leaving safepoint region
[2022-06-13T01:37:39.616+0000][1][safepoint    ] Total time for which application threads were stopped: 0.0017756 seconds, Stopping threads took: 0.0008197 seconds
[2022-06-13T01:37:40.617+0000][1][safepoint    ] Application time: 1.0002561 seconds
[2022-06-13T01:37:40.618+0000][1][safepoint    ] Entering safepoint region: Cleanup
[2022-06-13T01:37:40.619+0000][1][safepoint    ] Leaving safepoint region
[2022-06-13T01:37:40.619+0000][1][safepoint    ] Total time for which application threads were stopped: 0.0007834 seconds, Stopping threads took: 0.0003679 seconds
[2022-06-13T01:37:41.619+0000][1][safepoint    ] Application time: 1.0002532 seconds
[2022-06-13T01:37:41.620+0000][1][safepoint    ] Entering safepoint region: Cleanup
[2022-06-13T01:37:41.621+0000][1][safepoint    ] Leaving safepoint region
[2022-06-13T01:37:41.621+0000][1][safepoint    ] Total time for which application threads were stopped: 0.0010254 seconds, Stopping threads took: 0.0006136 seconds
[2022-06-13T01:37:42.621+0000][1][safepoint    ] Application time: 1.0001996 seconds
[2022-06-13T01:37:42.622+0000][1][safepoint    ] Entering safepoint region: Cleanup
[2022-06-13T01:37:42.623+0000][1][safepoint    ] Leaving safepoint region
[2022-06-13T01:37:42.624+0000][1][safepoint    ] Total time for which application threads were stopped: 0.0017056 seconds, Stopping threads took: 0.0007493 seconds
[2022-06-13T01:37:43.625+0000][1][safepoint    ] Application time: 1.0002437 seconds
[2022-06-13T01:37:43.637+0000][1][safepoint    ] Entering safepoint region: Cleanup
[2022-06-13T01:37:43.638+0000][1][safepoint    ] Leaving safepoint region
[2022-06-13T01:37:43.638+0000][1][safepoint    ] Total time for which application threads were stopped: 0.0010363 seconds, Stopping threads took: 0.0005745 seconds
[2022-06-13T01:37:44.639+0000][1][safepoint    ] Application time: 1.0002327 seconds
[2022-06-13T01:37:44.639+0000][1][safepoint    ] Entering safepoint region: Cleanup
[2022-06-13T01:37:44.640+0000][1][safepoint    ] Leaving safepoint region
[2022-06-13T01:37:44.640+0000][1][safepoint    ] Total time for which application threads were stopped: 0.0007855 seconds, Stopping threads took: 0.0004222 seconds
[2022-06-13T01:37:45.641+0000][1][safepoint    ] Application time: 1.0001879 seconds
[2022-06-13T01:37:45.641+0000][1][safepoint    ] Entering safepoint region: Cleanup
[2022-06-13T01:37:45.642+0000][1][safepoint    ] Leaving safepoint region
[2022-06-13T01:37:45.642+0000][1][safepoint    ] Total time for which application threads were stopped: 0.0007745 seconds, Stopping threads took: 0.0003933 seconds
[2022-06-13T01:37:46.643+0000][1][safepoint    ] Application time: 1.0001568 seconds
[2022-06-13T01:37:46.643+0000][1][safepoint    ] Entering safepoint region: Cleanup
[2022-06-13T01:37:46.644+0000][1][safepoint    ] Leaving safepoint region
[2022-06-13T01:37:46.644+0000][1][safepoint    ] Total time for which application threads were stopped: 0.0009553 seconds, Stopping threads took: 0.0005184 seconds
[2022-06-13T01:37:47.645+0000][1][safepoint    ] Application time: 1.0002888 seconds
[2022-06-13T01:37:47.645+0000][1][safepoint    ] Entering safepoint region: Cleanup
[2022-06-13T01:37:47.646+0000][1][safepoint    ] Leaving safepoint region
[2022-06-13T01:37:47.646+0000][1][safepoint    ] Total time for which application threads were stopped: 0.0008910 seconds, Stopping threads took: 0.0003395 seconds
[2022-06-13T01:37:48.647+0000][1][safepoint    ] Application time: 1.0002585 seconds
[2022-06-13T01:37:48.648+0000][1][safepoint    ] Entering safepoint region: Cleanup
[2022-06-13T01:37:48.648+0000][1][safepoint    ] Leaving safepoint region
[2022-06-13T01:37:48.649+0000][1][safepoint    ] Total time for which application threads were stopped: 0.0017163 seconds, Stopping threads took: 0.0006561 seconds
[2022-06-13T01:37:49.650+0000][1][safepoint    ] Application time: 1.0003889 seconds
[2022-06-13T01:37:49.651+0000][1][safepoint    ] Entering safepoint region: Cleanup
[2022-06-13T01:37:49.652+0000][1][safepoint    ] Leaving safepoint region
[2022-06-13T01:37:49.653+0000][1][safepoint    ] Total time for which application threads were stopped: 0.0020111 seconds, Stopping threads took: 0.0008346 seconds
[2022-06-13T01:37:50.654+0000][1][safepoint    ] Application time: 1.0002695 seconds
[2022-06-13T01:37:50.655+0000][1][safepoint    ] Entering safepoint region: Cleanup
[2022-06-13T01:37:50.655+0000][1][safepoint    ] Leaving safepoint region
[2022-06-13T01:37:50.655+0000][1][safepoint    ] Total time for which application threads were stopped: 0.0007745 seconds, Stopping threads took: 0.0003697 seconds
[2022-06-13T01:37:51.656+0000][1][safepoint    ] Application time: 1.0004150 seconds
[2022-06-13T01:37:51.657+0000][1][safepoint    ] Entering safepoint region: Cleanup
[2022-06-13T01:37:51.657+0000][1][safepoint    ] Leaving safepoint region
[2022-06-13T01:37:51.657+0000][1][safepoint    ] Total time for which application threads were stopped: 0.0008816 seconds, Stopping threads took: 0.0003716 seconds
[2022-06-13T01:37:52.658+0000][1][safepoint    ] Application time: 1.0002471 seconds
[2022-06-13T01:37:52.659+0000][1][safepoint    ] Entering safepoint region: Cleanup
[2022-06-13T01:37:52.660+0000][1][safepoint    ] Leaving safepoint region
[2022-06-13T01:37:52.660+0000][1][safepoint    ] Total time for which application threads were stopped: 0.0016799 seconds, Stopping threads took: 0.0007600 seconds
[2022-06-13T01:37:53.661+0000][1][safepoint    ] Application time: 1.0001819 seconds
[2022-06-13T01:37:53.663+0000][1][safepoint    ] Entering safepoint region: Cleanup
[2022-06-13T01:37:53.664+0000][1][safepoint    ] Leaving safepoint region
[2022-06-13T01:37:53.664+0000][1][safepoint    ] Total time for which application threads were stopped: 0.0014505 seconds, Stopping threads took: 0.0007175 seconds
[2022-06-13T01:37:54.665+0000][1][safepoint    ] Application time: 1.0001750 seconds
[2022-06-13T01:37:54.666+0000][1][safepoint    ] Entering safepoint region: Cleanup
[2022-06-13T01:37:54.667+0000][1][safepoint    ] Leaving safepoint region
[2022-06-13T01:37:54.668+0000][1][safepoint    ] Total time for which application threads were stopped: 0.0018972 seconds, Stopping threads took: 0.0006648 seconds
[2022-06-13T01:37:55.669+0000][1][safepoint    ] Application time: 1.0003801 seconds
[2022-06-13T01:37:55.669+0000][1][safepoint    ] Entering safepoint region: Cleanup
[2022-06-13T01:37:55.670+0000][1][safepoint    ] Leaving safepoint region
[2022-06-13T01:37:55.670+0000][1][safepoint    ] Total time for which application threads were stopped: 0.0007118 seconds, Stopping threads took: 0.0003722 seconds
[2022-06-13T01:37:56.671+0000][1][safepoint    ] Application time: 1.0002130 seconds
[2022-06-13T01:37:56.671+0000][1][safepoint    ] Entering safepoint region: Cleanup
[2022-06-13T01:37:56.672+0000][1][safepoint    ] Leaving safepoint region
[2022-06-13T01:37:56.672+0000][1][safepoint    ] Total time for which application threads were stopped: 0.0009769 seconds, Stopping threads took: 0.0004565 seconds
[2022-06-13T01:37:57.673+0000][1][safepoint    ] Application time: 1.0002931 seconds
[2022-06-13T01:37:57.673+0000][1][safepoint    ] Entering safepoint region: Cleanup
[2022-06-13T01:37:57.674+0000][1][safepoint    ] Leaving safepoint region
[2022-06-13T01:37:57.675+0000][1][safepoint    ] Total time for which application threads were stopped: 0.0010601 seconds, Stopping threads took: 0.0004331 seconds
[2022-06-13T01:37:58.675+0000][1][safepoint    ] Application time: 1.0001630 seconds
[2022-06-13T01:37:58.676+0000][1][safepoint    ] Entering safepoint region: Cleanup
[2022-06-13T01:37:58.677+0000][1][safepoint    ] Leaving safepoint region
[2022-06-13T01:37:58.677+0000][1][safepoint    ] Total time for which application threads were stopped: 0.0009327 seconds, Stopping threads took: 0.0005208 seconds
[2022-06-13T01:37:59.677+0000][1][safepoint    ] Application time: 1.0001901 seconds
[2022-06-13T01:37:59.678+0000][1][safepoint    ] Entering safepoint region: Cleanup
[2022-06-13T01:37:59.679+0000][1][safepoint    ] Leaving safepoint region
[2022-06-13T01:37:59.680+0000][1][safepoint    ] Total time for which application threads were stopped: 0.0011969 seconds, Stopping threads took: 0.0005656 seconds
[2022-06-13T01:38:00.680+0000][1][safepoint    ] Application time: 1.0002532 seconds
[2022-06-13T01:38:00.681+0000][1][safepoint    ] Entering safepoint region: Cleanup
[2022-06-13T01:38:00.682+0000][1][safepoint    ] Leaving safepoint region
[2022-06-13T01:38:00.683+0000][1][safepoint    ] Total time for which application threads were stopped: 0.0017704 seconds, Stopping threads took: 0.0007412 seconds
[2022-06-13T01:38:01.684+0000][1][safepoint    ] Application time: 1.0002765 seconds
[2022-06-13T01:38:01.685+0000][1][safepoint    ] Entering safepoint region: Cleanup
[2022-06-13T01:38:01.685+0000][1][safepoint    ] Leaving safepoint region
[2022-06-13T01:38:01.685+0000][1][safepoint    ] Total time for which application threads were stopped: 0.0007301 seconds, Stopping threads took: 0.0003143 seconds
[2022-06-13T01:38:02.686+0000][1][safepoint    ] Application time: 1.0002843 seconds
[2022-06-13T01:38:02.687+0000][1][safepoint    ] Entering safepoint region: Cleanup
[2022-06-13T01:38:02.688+0000][1][safepoint    ] Leaving safepoint region
[2022-06-13T01:38:02.688+0000][1][safepoint    ] Total time for which application threads were stopped: 0.0014556 seconds, Stopping threads took: 0.0009972 seconds
[2022-06-13T01:38:03.688+0000][1][safepoint    ] Application time: 1.0002697 seconds
[2022-06-13T01:38:03.690+0000][1][safepoint    ] Entering safepoint region: Cleanup
[2022-06-13T01:38:03.691+0000][1][safepoint    ] Leaving safepoint region
[2022-06-13T01:38:03.691+0000][1][safepoint    ] Total time for which application threads were stopped: 0.0015434 seconds, Stopping threads took: 0.0009825 seconds
[2022-06-13T01:38:04.692+0000][1][safepoint    ] Application time: 1.0004222 seconds
[2022-06-13T01:38:04.693+0000][1][safepoint    ] Entering safepoint region: Cleanup
[2022-06-13T01:38:04.694+0000][1][safepoint    ] Leaving safepoint region
[2022-06-13T01:38:04.695+0000][1][safepoint    ] Total time for which application threads were stopped: 0.0018356 seconds, Stopping threads took: 0.0009103 seconds
[2022-06-13T01:38:05.696+0000][1][safepoint    ] Application time: 1.0002282 seconds
[2022-06-13T01:38:05.697+0000][1][safepoint    ] Entering safepoint region: Cleanup
[2022-06-13T01:38:05.697+0000][1][safepoint    ] Leaving safepoint region
[2022-06-13T01:38:05.697+0000][1][safepoint    ] Total time for which application threads were stopped: 0.0006977 seconds, Stopping threads took: 0.0003254 seconds
[2022-06-13T01:38:06.698+0000][1][safepoint    ] Application time: 1.0001345 seconds
[2022-06-13T01:38:06.698+0000][1][safepoint    ] Entering safepoint region: Cleanup
[2022-06-13T01:38:06.699+0000][1][safepoint    ] Leaving safepoint region
[2022-06-13T01:38:06.699+0000][1][safepoint    ] Total time for which application threads were stopped: 0.0010215 seconds, Stopping threads took: 0.0004879 seconds
[2022-06-13T01:38:07.700+0000][1][safepoint    ] Application time: 1.0003024 seconds
[2022-06-13T01:38:07.700+0000][1][safepoint    ] Entering safepoint region: Cleanup
[2022-06-13T01:38:07.701+0000][1][safepoint    ] Leaving safepoint region
[2022-06-13T01:38:07.701+0000][1][safepoint    ] Total time for which application threads were stopped: 0.0006026 seconds, Stopping threads took: 0.0003585 seconds
[2022-06-13T01:38:08.702+0000][1][safepoint    ] Application time: 1.0003588 seconds
[2022-06-13T01:38:08.702+0000][1][safepoint    ] Entering safepoint region: Cleanup
[2022-06-13T01:38:08.703+0000][1][safepoint    ] Leaving safepoint region
[2022-06-13T01:38:08.704+0000][1][safepoint    ] Total time for which application threads were stopped: 0.0017703 seconds, Stopping threads took: 0.0008391 seconds
[2022-06-13T01:38:09.705+0000][1][safepoint    ] Application time: 1.0002657 seconds
[2022-06-13T01:38:09.706+0000][1][safepoint    ] Entering safepoint region: Cleanup
[2022-06-13T01:38:09.706+0000][1][safepoint    ] Leaving safepoint region
[2022-06-13T01:38:09.707+0000][1][safepoint    ] Total time for which application threads were stopped: 0.0007260 seconds, Stopping threads took: 0.0003667 seconds
[2022-06-13T01:38:10.707+0000][1][safepoint    ] Application time: 1.0001061 seconds
[2022-06-13T01:38:10.708+0000][1][safepoint    ] Entering safepoint region: Cleanup
[2022-06-13T01:38:10.708+0000][1][safepoint    ] Leaving safepoint region
[2022-06-13T01:38:10.709+0000][1][safepoint    ] Total time for which application threads were stopped: 0.0010066 seconds, Stopping threads took: 0.0004286 seconds
[2022-06-13T01:38:11.709+0000][1][safepoint    ] Application time: 1.0001921 seconds
[2022-06-13T01:38:11.710+0000][1][safepoint    ] Entering safepoint region: Cleanup
[2022-06-13T01:38:11.710+0000][1][safepoint    ] Leaving safepoint region
[2022-06-13T01:38:11.711+0000][1][safepoint    ] Total time for which application threads were stopped: 0.0011184 seconds, Stopping threads took: 0.0004556 seconds
[2022-06-13T01:38:12.712+0000][1][safepoint    ] Application time: 1.0002167 seconds
[2022-06-13T01:38:12.712+0000][1][safepoint    ] Entering safepoint region: Cleanup
[2022-06-13T01:38:12.713+0000][1][safepoint    ] Leaving safepoint region
[2022-06-13T01:38:12.713+0000][1][safepoint    ] Total time for which application threads were stopped: 0.0009721 seconds, Stopping threads took: 0.0004247 seconds
[2022-06-13T01:38:13.714+0000][1][safepoint    ] Application time: 1.0002279 seconds
[2022-06-13T01:38:13.715+0000][1][safepoint    ] Entering safepoint region: Cleanup
[2022-06-13T01:38:13.715+0000][1][safepoint    ] Leaving safepoint region
[2022-06-13T01:38:13.716+0000][1][safepoint    ] Total time for which application threads were stopped: 0.0010526 seconds, Stopping threads took: 0.0006195 seconds
[2022-06-13T01:38:14.716+0000][1][safepoint    ] Application time: 1.0003461 seconds
[2022-06-13T01:38:14.717+0000][1][safepoint    ] Entering safepoint region: Cleanup
[2022-06-13T01:38:14.718+0000][1][safepoint    ] Leaving safepoint region
[2022-06-13T01:38:14.719+0000][1][safepoint    ] Total time for which application threads were stopped: 0.0020630 seconds, Stopping threads took: 0.0009512 seconds
[2022-06-13T01:38:15.720+0000][1][safepoint    ] Application time: 1.0002459 seconds
[2022-06-13T01:38:15.721+0000][1][safepoint    ] Entering safepoint region: Cleanup
[2022-06-13T01:38:15.721+0000][1][safepoint    ] Leaving safepoint region
[2022-06-13T01:38:15.722+0000][1][safepoint    ] Total time for which application threads were stopped: 0.0010453 seconds, Stopping threads took: 0.0006270 seconds
[2022-06-13T01:38:16.722+0000][1][safepoint    ] Application time: 1.0002769 seconds
[2022-06-13T01:38:16.723+0000][1][safepoint    ] Entering safepoint region: Cleanup
[2022-06-13T01:38:16.724+0000][1][safepoint    ] Leaving safepoint region
[2022-06-13T01:38:16.725+0000][1][safepoint    ] Total time for which application threads were stopped: 0.0017329 seconds, Stopping threads took: 0.0007337 seconds
[2022-06-13T01:38:17.726+0000][1][safepoint    ] Application time: 1.0002862 seconds
[2022-06-13T01:38:17.726+0000][1][safepoint    ] Entering safepoint region: Cleanup
[2022-06-13T01:38:17.727+0000][1][safepoint    ] Leaving safepoint region
[2022-06-13T01:38:17.727+0000][1][safepoint    ] Total time for which application threads were stopped: 0.0007864 seconds, Stopping threads took: 0.0003862 seconds
[2022-06-13T01:38:18.728+0000][1][safepoint    ] Application time: 1.0003215 seconds
[2022-06-13T01:38:18.728+0000][1][safepoint    ] Entering safepoint region: Cleanup
[2022-06-13T01:38:18.729+0000][1][safepoint    ] Leaving safepoint region
[2022-06-13T01:38:18.730+0000][1][safepoint    ] Total time for which application threads were stopped: 0.0017200 seconds, Stopping threads took: 0.0007760 seconds
[2022-06-13T01:38:19.731+0000][1][safepoint    ] Application time: 1.0001437 seconds
[2022-06-13T01:38:19.731+0000][1][safepoint    ] Entering safepoint region: Cleanup
[2022-06-13T01:38:19.732+0000][1][safepoint    ] Leaving safepoint region
[2022-06-13T01:38:19.732+0000][1][safepoint    ] Total time for which application threads were stopped: 0.0010919 seconds, Stopping threads took: 0.0004985 seconds
[2022-06-13T01:38:20.733+0000][1][safepoint    ] Application time: 1.0001518 seconds
[2022-06-13T01:38:20.733+0000][1][safepoint    ] Entering safepoint region: Cleanup
[2022-06-13T01:38:20.734+0000][1][safepoint    ] Leaving safepoint region
[2022-06-13T01:38:20.734+0000][1][safepoint    ] Total time for which application threads were stopped: 0.0006764 seconds, Stopping threads took: 0.0003246 seconds
[2022-06-13T01:38:21.735+0000][1][safepoint    ] Application time: 1.0003162 seconds
[2022-06-13T01:38:21.735+0000][1][safepoint    ] Entering safepoint region: Cleanup
[2022-06-13T01:38:21.736+0000][1][safepoint    ] Leaving safepoint region
[2022-06-13T01:38:21.736+0000][1][safepoint    ] Total time for which application threads were stopped: 0.0005037 seconds, Stopping threads took: 0.0002499 seconds
[2022-06-13T01:38:22.736+0000][1][safepoint    ] Application time: 1.0003221 seconds
[2022-06-13T01:38:22.737+0000][1][safepoint    ] Entering safepoint region: Cleanup
[2022-06-13T01:38:22.738+0000][1][safepoint    ] Leaving safepoint region
[2022-06-13T01:38:22.739+0000][1][safepoint    ] Total time for which application threads were stopped: 0.0016660 seconds, Stopping threads took: 0.0007425 seconds
[2022-06-13T01:38:23.740+0000][1][safepoint    ] Application time: 1.0001443 seconds
[2022-06-13T01:38:23.740+0000][1][safepoint    ] Entering safepoint region: Cleanup
[2022-06-13T01:38:23.741+0000][1][safepoint    ] Leaving safepoint region
[2022-06-13T01:38:23.741+0000][1][safepoint    ] Total time for which application threads were stopped: 0.0009668 seconds, Stopping threads took: 0.0004297 seconds
[2022-06-13T01:38:24.742+0000][1][safepoint    ] Application time: 1.0001191 seconds
[2022-06-13T01:38:24.742+0000][1][safepoint    ] Entering safepoint region: Cleanup
[2022-06-13T01:38:24.743+0000][1][safepoint    ] Leaving safepoint region
[2022-06-13T01:38:24.743+0000][1][safepoint    ] Total time for which application threads were stopped: 0.0005620 seconds, Stopping threads took: 0.0002482 seconds
[2022-06-13T01:38:25.743+0000][1][safepoint    ] Application time: 1.0002195 seconds
[2022-06-13T01:38:25.744+0000][1][safepoint    ] Entering safepoint region: Cleanup
[2022-06-13T01:38:25.746+0000][1][safepoint    ] Leaving safepoint region
[2022-06-13T01:38:25.746+0000][1][safepoint    ] Total time for which application threads were stopped: 0.0020300 seconds, Stopping threads took: 0.0010383 seconds
[2022-06-13T01:38:26.747+0000][1][safepoint    ] Application time: 1.0002750 seconds
[2022-06-13T01:38:26.748+0000][1][safepoint    ] Entering safepoint region: Cleanup
[2022-06-13T01:38:26.749+0000][1][safepoint    ] Leaving safepoint region
[2022-06-13T01:38:26.749+0000][1][safepoint    ] Total time for which application threads were stopped: 0.0012905 seconds, Stopping threads took: 0.0005906 seconds
[2022-06-13T01:38:27.750+0000][1][safepoint    ] Application time: 1.0002348 seconds
[2022-06-13T01:38:27.751+0000][1][safepoint    ] Entering safepoint region: Cleanup
[2022-06-13T01:38:27.751+0000][1][safepoint    ] Leaving safepoint region
[2022-06-13T01:38:27.752+0000][1][safepoint    ] Total time for which application threads were stopped: 0.0009576 seconds, Stopping threads took: 0.0004101 seconds
[2022-06-13T01:38:28.752+0000][1][safepoint    ] Application time: 1.0002811 seconds
[2022-06-13T01:38:28.753+0000][1][safepoint    ] Entering safepoint region: Cleanup
[2022-06-13T01:38:28.753+0000][1][safepoint    ] Leaving safepoint region
[2022-06-13T01:38:28.754+0000][1][safepoint    ] Total time for which application threads were stopped: 0.0010623 seconds, Stopping threads took: 0.0001870 seconds
[2022-06-13T01:38:29.755+0000][1][safepoint    ] Application time: 1.0001828 seconds
[2022-06-13T01:38:29.755+0000][1][safepoint    ] Entering safepoint region: Cleanup
[2022-06-13T01:38:29.756+0000][1][safepoint    ] Leaving safepoint region
[2022-06-13T01:38:29.757+0000][1][safepoint    ] Total time for which application threads were stopped: 0.0015985 seconds, Stopping threads took: 0.0009505 seconds
[2022-06-13T01:38:30.758+0000][1][safepoint    ] Application time: 1.0002384 seconds
[2022-06-13T01:38:30.758+0000][1][safepoint    ] Entering safepoint region: Cleanup
[2022-06-13T01:38:30.758+0000][1][safepoint    ] Leaving safepoint region
[2022-06-13T01:38:30.759+0000][1][safepoint    ] Total time for which application threads were stopped: 0.0006535 seconds, Stopping threads took: 0.0002552 seconds
[2022-06-13T01:38:31.759+0000][1][safepoint    ] Application time: 1.0002357 seconds
[2022-06-13T01:38:31.760+0000][1][safepoint    ] Entering safepoint region: Cleanup
[2022-06-13T01:38:31.760+0000][1][safepoint    ] Leaving safepoint region
[2022-06-13T01:38:31.761+0000][1][safepoint    ] Total time for which application threads were stopped: 0.0012485 seconds, Stopping threads took: 0.0004639 seconds
[2022-06-13T01:38:32.762+0000][1][safepoint    ] Application time: 1.0001900 seconds
[2022-06-13T01:38:32.762+0000][1][safepoint    ] Entering safepoint region: Cleanup
[2022-06-13T01:38:32.763+0000][1][safepoint    ] Leaving safepoint region
[2022-06-13T01:38:32.764+0000][1][safepoint    ] Total time for which application threads were stopped: 0.0015404 seconds, Stopping threads took: 0.0007627 seconds
[2022-06-13T01:38:33.765+0000][1][safepoint    ] Application time: 1.0002315 seconds
[2022-06-13T01:38:33.765+0000][1][safepoint    ] Entering safepoint region: Cleanup
[2022-06-13T01:38:33.766+0000][1][safepoint    ] Leaving safepoint region
[2022-06-13T01:38:33.766+0000][1][safepoint    ] Total time for which application threads were stopped: 0.0007590 seconds, Stopping threads took: 0.0003443 seconds
[2022-06-13T01:38:34.766+0000][1][safepoint    ] Application time: 1.0002719 seconds
[2022-06-13T01:38:34.767+0000][1][safepoint    ] Entering safepoint region: Cleanup
[2022-06-13T01:38:34.768+0000][1][safepoint    ] Leaving safepoint region
[2022-06-13T01:38:34.768+0000][1][safepoint    ] Total time for which application threads were stopped: 0.0009876 seconds, Stopping threads took: 0.0006601 seconds
[2022-06-13T01:38:35.769+0000][1][safepoint    ] Application time: 1.0002540 seconds
[2022-06-13T01:38:35.770+0000][1][safepoint    ] Entering safepoint region: Cleanup
[2022-06-13T01:38:35.771+0000][1][safepoint    ] Leaving safepoint region
[2022-06-13T01:38:35.771+0000][1][safepoint    ] Total time for which application threads were stopped: 0.0013474 seconds, Stopping threads took: 0.0007699 seconds
[2022-06-13T01:38:36.772+0000][1][safepoint    ] Application time: 1.0001806 seconds
[2022-06-13T01:38:36.800+0000][1][safepoint    ] Entering safepoint region: Cleanup
[2022-06-13T01:38:36.801+0000][1][safepoint    ] Leaving safepoint region
[2022-06-13T01:38:36.802+0000][1][safepoint    ] Total time for which application threads were stopped: 0.0013121 seconds, Stopping threads took: 0.0007093 seconds
[2022-06-13T01:38:37.802+0000][1][safepoint    ] Application time: 1.0003042 seconds
[2022-06-13T01:38:37.803+0000][1][safepoint    ] Entering safepoint region: Cleanup
[2022-06-13T01:38:37.803+0000][1][safepoint    ] Leaving safepoint region
[2022-06-13T01:38:37.804+0000][1][safepoint    ] Total time for which application threads were stopped: 0.0010463 seconds, Stopping threads took: 0.0004681 seconds
[2022-06-13T01:38:38.805+0000][1][safepoint    ] Application time: 1.0003370 seconds
[2022-06-13T01:38:38.806+0000][1][safepoint    ] Entering safepoint region: Cleanup
[2022-06-13T01:38:38.807+0000][1][safepoint    ] Leaving safepoint region
[2022-06-13T01:38:38.808+0000][1][safepoint    ] Total time for which application threads were stopped: 0.0017005 seconds, Stopping threads took: 0.0007046 seconds
[2022-06-13T01:38:39.809+0000][1][safepoint    ] Application time: 1.0002758 seconds
[2022-06-13T01:38:39.809+0000][1][safepoint    ] Entering safepoint region: Cleanup
[2022-06-13T01:38:39.810+0000][1][safepoint    ] Leaving safepoint region
[2022-06-13T01:38:39.810+0000][1][safepoint    ] Total time for which application threads were stopped: 0.0008476 seconds, Stopping threads took: 0.0003577 seconds
[2022-06-13T01:38:40.811+0000][1][safepoint    ] Application time: 1.0002180 seconds
[2022-06-13T01:38:40.812+0000][1][safepoint    ] Entering safepoint region: Cleanup
[2022-06-13T01:38:40.813+0000][1][safepoint    ] Leaving safepoint region
[2022-06-13T01:38:40.814+0000][1][safepoint    ] Total time for which application threads were stopped: 0.0019192 seconds, Stopping threads took: 0.0008101 seconds
[2022-06-13T01:38:41.815+0000][1][safepoint    ] Application time: 1.0001666 seconds
[2022-06-13T01:38:41.815+0000][1][safepoint    ] Entering safepoint region: Cleanup
[2022-06-13T01:38:41.816+0000][1][safepoint    ] Leaving safepoint region
[2022-06-13T01:38:41.816+0000][1][safepoint    ] Total time for which application threads were stopped: 0.0005861 seconds, Stopping threads took: 0.0002482 seconds
[2022-06-13T01:38:42.816+0000][1][safepoint    ] Application time: 1.0001517 seconds
[2022-06-13T01:38:42.817+0000][1][safepoint    ] Entering safepoint region: Cleanup
[2022-06-13T01:38:42.818+0000][1][safepoint    ] Leaving safepoint region
[2022-06-13T01:38:42.819+0000][1][safepoint    ] Total time for which application threads were stopped: 0.0013849 seconds, Stopping threads took: 0.0006825 seconds
[2022-06-13T01:38:43.820+0000][1][safepoint    ] Application time: 1.0001989 seconds
[2022-06-13T01:38:43.820+0000][1][safepoint    ] Entering safepoint region: Cleanup
[2022-06-13T01:38:43.820+0000][1][safepoint    ] Leaving safepoint region
[2022-06-13T01:38:43.821+0000][1][safepoint    ] Total time for which application threads were stopped: 0.0008306 seconds, Stopping threads took: 0.0003777 seconds
[2022-06-13T01:38:44.821+0000][1][safepoint    ] Application time: 1.0002850 seconds
[2022-06-13T01:38:44.822+0000][1][safepoint    ] Entering safepoint region: Cleanup
[2022-06-13T01:38:44.823+0000][1][safepoint    ] Leaving safepoint region
[2022-06-13T01:38:44.824+0000][1][safepoint    ] Total time for which application threads were stopped: 0.0016852 seconds, Stopping threads took: 0.0007628 seconds
[2022-06-13T01:38:45.825+0000][1][safepoint    ] Application time: 1.0003003 seconds
[2022-06-13T01:38:45.826+0000][1][safepoint    ] Entering safepoint region: Cleanup
[2022-06-13T01:38:45.827+0000][1][safepoint    ] Leaving safepoint region
[2022-06-13T01:38:45.828+0000][1][safepoint    ] Total time for which application threads were stopped: 0.0021088 seconds, Stopping threads took: 0.0009906 seconds
[2022-06-13T01:38:46.829+0000][1][safepoint    ] Application time: 1.0002512 seconds
[2022-06-13T01:38:46.829+0000][1][safepoint    ] Entering safepoint region: Cleanup
[2022-06-13T01:38:46.830+0000][1][safepoint    ] Leaving safepoint region
[2022-06-13T01:38:46.830+0000][1][safepoint    ] Total time for which application threads were stopped: 0.0009603 seconds, Stopping threads took: 0.0005206 seconds
[2022-06-13T01:38:47.831+0000][1][safepoint    ] Application time: 1.0002769 seconds
[2022-06-13T01:38:47.831+0000][1][safepoint    ] Entering safepoint region: Cleanup
[2022-06-13T01:38:47.832+0000][1][safepoint    ] Leaving safepoint region
[2022-06-13T01:38:47.832+0000][1][safepoint    ] Total time for which application threads were stopped: 0.0009869 seconds, Stopping threads took: 0.0004586 seconds
[2022-06-13T01:38:48.833+0000][1][safepoint    ] Application time: 1.0003232 seconds
[2022-06-13T01:38:48.834+0000][1][safepoint    ] Entering safepoint region: Cleanup
[2022-06-13T01:38:48.835+0000][1][safepoint    ] Leaving safepoint region
[2022-06-13T01:38:48.836+0000][1][safepoint    ] Total time for which application threads were stopped: 0.0016703 seconds, Stopping threads took: 0.0007197 seconds
[2022-06-13T01:38:49.837+0000][1][safepoint    ] Application time: 1.0002126 seconds
[2022-06-13T01:38:49.838+0000][1][safepoint    ] Entering safepoint region: Cleanup
[2022-06-13T01:38:49.838+0000][1][safepoint    ] Leaving safepoint region
[2022-06-13T01:38:49.839+0000][1][safepoint    ] Total time for which application threads were stopped: 0.0010048 seconds, Stopping threads took: 0.0004573 seconds
[2022-06-13T01:38:50.839+0000][1][safepoint    ] Application time: 1.0001315 seconds
[2022-06-13T01:38:50.840+0000][1][safepoint    ] Entering safepoint region: Cleanup
[2022-06-13T01:38:50.840+0000][1][safepoint    ] Leaving safepoint region
[2022-06-13T01:38:50.841+0000][1][safepoint    ] Total time for which application threads were stopped: 0.0008411 seconds, Stopping threads took: 0.0003533 seconds
[2022-06-13T01:38:51.841+0000][1][safepoint    ] Application time: 1.0003111 seconds
[2022-06-13T01:38:51.842+0000][1][safepoint    ] Entering safepoint region: Cleanup
[2022-06-13T01:38:51.843+0000][1][safepoint    ] Leaving safepoint region
[2022-06-13T01:38:51.844+0000][1][safepoint    ] Total time for which application threads were stopped: 0.0013641 seconds, Stopping threads took: 0.0006701 seconds
[2022-06-13T01:38:52.845+0000][1][safepoint    ] Application time: 1.0002658 seconds
[2022-06-13T01:38:52.846+0000][1][safepoint    ] Entering safepoint region: Cleanup
[2022-06-13T01:38:52.847+0000][1][safepoint    ] Leaving safepoint region
[2022-06-13T01:38:52.847+0000][1][safepoint    ] Total time for which application threads were stopped: 0.0013461 seconds, Stopping threads took: 0.0007035 seconds
[2022-06-13T01:38:53.848+0000][1][safepoint    ] Application time: 1.0003357 seconds
[2022-06-13T01:38:53.849+0000][1][safepoint    ] Entering safepoint region: Cleanup
[2022-06-13T01:38:53.850+0000][1][safepoint    ] Leaving safepoint region
[2022-06-13T01:38:53.851+0000][1][safepoint    ] Total time for which application threads were stopped: 0.0017941 seconds, Stopping threads took: 0.0008923 seconds
[2022-06-13T01:38:54.852+0000][1][safepoint    ] Application time: 1.0003203 seconds
[2022-06-13T01:38:54.853+0000][1][safepoint    ] Entering safepoint region: Cleanup
[2022-06-13T01:38:54.854+0000][1][safepoint    ] Leaving safepoint region
[2022-06-13T01:38:54.855+0000][1][safepoint    ] Total time for which application threads were stopped: 0.0015096 seconds, Stopping threads took: 0.0006656 seconds
[2022-06-13T01:38:55.856+0000][1][safepoint    ] Application time: 1.0003735 seconds
[2022-06-13T01:38:55.882+0000][1][safepoint    ] Entering safepoint region: Cleanup
[2022-06-13T01:38:55.882+0000][1][safepoint    ] Leaving safepoint region
[2022-06-13T01:38:55.883+0000][1][safepoint    ] Total time for which application threads were stopped: 0.0013824 seconds, Stopping threads took: 0.0007411 seconds
[2022-06-13T01:38:56.884+0000][1][safepoint    ] Application time: 1.0004116 seconds
[2022-06-13T01:38:56.885+0000][1][safepoint    ] Entering safepoint region: Cleanup
[2022-06-13T01:38:56.885+0000][1][safepoint    ] Leaving safepoint region
[2022-06-13T01:38:56.886+0000][1][safepoint    ] Total time for which application threads were stopped: 0.0011614 seconds, Stopping threads took: 0.0004551 seconds
[2022-06-13T01:38:57.886+0000][1][safepoint    ] Application time: 1.0001729 seconds
[2022-06-13T01:38:57.887+0000][1][safepoint    ] Entering safepoint region: Cleanup
[2022-06-13T01:38:57.887+0000][1][safepoint    ] Leaving safepoint region
[2022-06-13T01:38:57.888+0000][1][safepoint    ] Total time for which application threads were stopped: 0.0011508 seconds, Stopping threads took: 0.0004056 seconds
[2022-06-13T01:38:58.889+0000][1][safepoint    ] Application time: 1.0003180 seconds
[2022-06-13T01:38:58.889+0000][1][safepoint    ] Entering safepoint region: Cleanup
[2022-06-13T01:38:58.890+0000][1][safepoint    ] Leaving safepoint region
[2022-06-13T01:38:58.891+0000][1][safepoint    ] Total time for which application threads were stopped: 0.0014358 seconds, Stopping threads took: 0.0007283 seconds
[2022-06-13T01:38:59.891+0000][1][safepoint    ] Application time: 1.0003201 seconds
[2022-06-13T01:38:59.892+0000][1][safepoint    ] Entering safepoint region: Cleanup
[2022-06-13T01:38:59.893+0000][1][safepoint    ] Leaving safepoint region
[2022-06-13T01:38:59.894+0000][1][safepoint    ] Total time for which application threads were stopped: 0.0015324 seconds, Stopping threads took: 0.0009269 seconds
[2022-06-13T01:39:00.894+0000][1][safepoint    ] Application time: 1.0002760 seconds
[2022-06-13T01:39:00.895+0000][1][safepoint    ] Entering safepoint region: Cleanup
[2022-06-13T01:39:00.895+0000][1][safepoint    ] Leaving safepoint region
[2022-06-13T01:39:00.896+0000][1][safepoint    ] Total time for which application threads were stopped: 0.0011833 seconds, Stopping threads took: 0.0005495 seconds
[2022-06-13T01:39:01.897+0000][1][safepoint    ] Application time: 1.0003076 seconds
[2022-06-13T01:39:01.897+0000][1][safepoint    ] Entering safepoint region: Cleanup
[2022-06-13T01:39:01.898+0000][1][safepoint    ] Leaving safepoint region
[2022-06-13T01:39:01.898+0000][1][safepoint    ] Total time for which application threads were stopped: 0.0010143 seconds, Stopping threads took: 0.0004031 seconds
[2022-06-13T01:39:02.899+0000][1][safepoint    ] Application time: 1.0001565 seconds
[2022-06-13T01:39:02.900+0000][1][safepoint    ] Entering safepoint region: Cleanup
[2022-06-13T01:39:02.901+0000][1][safepoint    ] Leaving safepoint region
[2022-06-13T01:39:02.901+0000][1][safepoint    ] Total time for which application threads were stopped: 0.0010686 seconds, Stopping threads took: 0.0005970 seconds
[2022-06-13T01:39:03.902+0000][1][safepoint    ] Application time: 1.0003830 seconds
[2022-06-13T01:39:03.903+0000][1][safepoint    ] Entering safepoint region: Cleanup
[2022-06-13T01:39:03.903+0000][1][safepoint    ] Leaving safepoint region
[2022-06-13T01:39:03.904+0000][1][safepoint    ] Total time for which application threads were stopped: 0.0012640 seconds, Stopping threads took: 0.0006159 seconds
[2022-06-13T01:39:04.904+0000][1][safepoint    ] Application time: 1.0001459 seconds
[2022-06-13T01:39:04.905+0000][1][safepoint    ] Entering safepoint region: Cleanup
[2022-06-13T01:39:04.905+0000][1][safepoint    ] Leaving safepoint region
[2022-06-13T01:39:04.906+0000][1][safepoint    ] Total time for which application threads were stopped: 0.0007883 seconds, Stopping threads took: 0.0003697 seconds
[2022-06-13T01:39:05.906+0000][1][safepoint    ] Application time: 1.0003016 seconds
[2022-06-13T01:39:05.907+0000][1][safepoint    ] Entering safepoint region: Cleanup
[2022-06-13T01:39:05.908+0000][1][safepoint    ] Leaving safepoint region
[2022-06-13T01:39:05.909+0000][1][safepoint    ] Total time for which application threads were stopped: 0.0014155 seconds, Stopping threads took: 0.0006853 seconds
[2022-06-13T01:39:06.909+0000][1][safepoint    ] Application time: 1.0001724 seconds
[2022-06-13T01:39:06.910+0000][1][safepoint    ] Entering safepoint region: Cleanup
[2022-06-13T01:39:06.911+0000][1][safepoint    ] Leaving safepoint region
[2022-06-13T01:39:06.911+0000][1][safepoint    ] Total time for which application threads were stopped: 0.0011456 seconds, Stopping threads took: 0.0005467 seconds
[2022-06-13T01:39:07.912+0000][1][safepoint    ] Application time: 1.0003720 seconds
[2022-06-13T01:39:07.913+0000][1][safepoint    ] Entering safepoint region: Cleanup
[2022-06-13T01:39:07.913+0000][1][safepoint    ] Leaving safepoint region
[2022-06-13T01:39:07.913+0000][1][safepoint    ] Total time for which application threads were stopped: 0.0008117 seconds, Stopping threads took: 0.0003798 seconds
[2022-06-13T01:39:08.914+0000][1][safepoint    ] Application time: 1.0001587 seconds
[2022-06-13T01:39:08.915+0000][1][safepoint    ] Entering safepoint region: Cleanup
[2022-06-13T01:39:08.915+0000][1][safepoint    ] Leaving safepoint region
[2022-06-13T01:39:08.916+0000][1][safepoint    ] Total time for which application threads were stopped: 0.0009418 seconds, Stopping threads took: 0.0004467 seconds
[2022-06-13T01:39:09.916+0000][1][safepoint    ] Application time: 1.0002400 seconds
[2022-06-13T01:39:09.917+0000][1][safepoint    ] Entering safepoint region: Cleanup
[2022-06-13T01:39:09.917+0000][1][safepoint    ] Leaving safepoint region
[2022-06-13T01:39:09.918+0000][1][safepoint    ] Total time for which application threads were stopped: 0.0007951 seconds, Stopping threads took: 0.0002876 seconds
[2022-06-13T01:39:10.918+0000][1][safepoint    ] Application time: 1.0002680 seconds
[2022-06-13T01:39:10.919+0000][1][safepoint    ] Entering safepoint region: Cleanup
[2022-06-13T01:39:10.920+0000][1][safepoint    ] Leaving safepoint region
[2022-06-13T01:39:10.920+0000][1][safepoint    ] Total time for which application threads were stopped: 0.0009008 seconds, Stopping threads took: 0.0003890 seconds
[2022-06-13T01:39:11.921+0000][1][safepoint    ] Application time: 1.0002289 seconds
[2022-06-13T01:39:11.921+0000][1][safepoint    ] Entering safepoint region: Cleanup
[2022-06-13T01:39:11.921+0000][1][safepoint    ] Leaving safepoint region
[2022-06-13T01:39:11.922+0000][1][safepoint    ] Total time for which application threads were stopped: 0.0007232 seconds, Stopping threads took: 0.0002008 seconds
[2022-06-13T01:39:12.923+0000][1][safepoint    ] Application time: 1.0003455 seconds
[2022-06-13T01:39:12.923+0000][1][safepoint    ] Entering safepoint region: Cleanup
[2022-06-13T01:39:12.924+0000][1][safepoint    ] Leaving safepoint region
[2022-06-13T01:39:12.925+0000][1][safepoint    ] Total time for which application threads were stopped: 0.0017957 seconds, Stopping threads took: 0.0008843 seconds
[2022-06-13T01:39:13.926+0000][1][safepoint    ] Application time: 1.0002517 seconds
[2022-06-13T01:39:13.927+0000][1][safepoint    ] Entering safepoint region: Cleanup
[2022-06-13T01:39:13.927+0000][1][safepoint    ] Leaving safepoint region
[2022-06-13T01:39:13.928+0000][1][safepoint    ] Total time for which application threads were stopped: 0.0012841 seconds, Stopping threads took: 0.0005556 seconds
[2022-06-13T01:39:14.929+0000][1][safepoint    ] Application time: 1.0001951 seconds
[2022-06-13T01:39:14.961+0000][1][safepoint    ] Entering safepoint region: Cleanup
[2022-06-13T01:39:14.962+0000][1][safepoint    ] Leaving safepoint region
[2022-06-13T01:39:14.963+0000][1][safepoint    ] Total time for which application threads were stopped: 0.0016070 seconds, Stopping threads took: 0.0006555 seconds
[2022-06-13T01:39:15.964+0000][1][safepoint    ] Application time: 1.0002473 seconds
[2022-06-13T01:39:15.965+0000][1][safepoint    ] Entering safepoint region: Cleanup
[2022-06-13T01:39:15.965+0000][1][safepoint    ] Leaving safepoint region
[2022-06-13T01:39:15.966+0000][1][safepoint    ] Total time for which application threads were stopped: 0.0009666 seconds, Stopping threads took: 0.0006023 seconds
[2022-06-13T01:39:16.602+0000][1][safepoint    ] Application time: 0.6362870 seconds
[2022-06-13T01:39:16.603+0000][1][safepoint    ] Entering safepoint region: GenCollectForAllocation
[2022-06-13T01:39:16.603+0000][1][gc,start     ] GC(24) Pause Young (Allocation Failure)
[2022-06-13T01:39:16.603+0000][1][gc,task      ] GC(24) Using 5 workers of 13 for evacuation
[2022-06-13T01:39:16.606+0000][1][gc,age       ] GC(24) Desired survivor size 4456448 bytes, new threshold 6 (max threshold 6)
[2022-06-13T01:39:16.606+0000][1][gc,age       ] GC(24) Age table with threshold 6 (max threshold 6)
[2022-06-13T01:39:16.606+0000][1][gc,age       ] GC(24) - age   1:      28592 bytes,      28592 total
[2022-06-13T01:39:16.607+0000][1][gc,age       ] GC(24) - age   2:      63072 bytes,      91664 total
[2022-06-13T01:39:16.607+0000][1][gc,age       ] GC(24) - age   3:    1299472 bytes,    1391136 total
[2022-06-13T01:39:16.607+0000][1][gc,heap      ] GC(24) ParNew: 74886K->2210K(78656K)
[2022-06-13T01:39:16.607+0000][1][gc,heap      ] GC(24) CMS: 67848K->67848K(174784K)
[2022-06-13T01:39:16.608+0000][1][gc,metaspace ] GC(24) Metaspace: 65256K->65256K(1110016K)
[2022-06-13T01:39:16.608+0000][1][gc           ] GC(24) Pause Young (Allocation Failure) 139M->68M(247M) 4.924ms
[2022-06-13T01:39:16.608+0000][1][gc,cpu       ] GC(24) User=0.01s Sys=0.00s Real=0.00s
[2022-06-13T01:39:16.609+0000][1][safepoint    ] Leaving safepoint region
[2022-06-13T01:39:16.609+0000][1][safepoint    ] Total time for which application threads were stopped: 0.0064611 seconds, Stopping threads took: 0.0002884 seconds
[2022-06-13T01:39:17.610+0000][1][safepoint    ] Application time: 1.0005309 seconds
[2022-06-13T01:39:17.611+0000][1][safepoint    ] Entering safepoint region: Cleanup
[2022-06-13T01:39:17.611+0000][1][safepoint    ] Leaving safepoint region
[2022-06-13T01:39:17.612+0000][1][safepoint    ] Total time for which application threads were stopped: 0.0007907 seconds, Stopping threads took: 0.0004355 seconds
[2022-06-13T01:39:18.612+0000][1][safepoint    ] Application time: 1.0001777 seconds
[2022-06-13T01:39:18.613+0000][1][safepoint    ] Entering safepoint region: Cleanup
[2022-06-13T01:39:18.614+0000][1][safepoint    ] Leaving safepoint region
[2022-06-13T01:39:18.614+0000][1][safepoint    ] Total time for which application threads were stopped: 0.0015348 seconds, Stopping threads took: 0.0009326 seconds
[2022-06-13T01:39:19.615+0000][1][safepoint    ] Application time: 1.0002858 seconds
[2022-06-13T01:39:19.616+0000][1][safepoint    ] Entering safepoint region: Cleanup
[2022-06-13T01:39:19.617+0000][1][safepoint    ] Leaving safepoint region
[2022-06-13T01:39:19.618+0000][1][safepoint    ] Total time for which application threads were stopped: 0.0016555 seconds, Stopping threads took: 0.0007003 seconds
[2022-06-13T01:39:20.619+0000][1][safepoint    ] Application time: 1.0002570 seconds
[2022-06-13T01:39:20.619+0000][1][safepoint    ] Entering safepoint region: Cleanup
[2022-06-13T01:39:20.620+0000][1][safepoint    ] Leaving safepoint region
[2022-06-13T01:39:20.621+0000][1][safepoint    ] Total time for which application threads were stopped: 0.0016314 seconds, Stopping threads took: 0.0007279 seconds
[2022-06-13T01:39:21.622+0000][1][safepoint    ] Application time: 1.0002380 seconds
[2022-06-13T01:39:21.623+0000][1][safepoint    ] Entering safepoint region: Cleanup
[2022-06-13T01:39:21.624+0000][1][safepoint    ] Leaving safepoint region
[2022-06-13T01:39:21.624+0000][1][safepoint    ] Total time for which application threads were stopped: 0.0014810 seconds, Stopping threads took: 0.0006714 seconds
[2022-06-13T01:39:22.625+0000][1][safepoint    ] Application time: 1.0004358 seconds
[2022-06-13T01:39:22.626+0000][1][safepoint    ] Entering safepoint region: Cleanup
[2022-06-13T01:39:22.627+0000][1][safepoint    ] Leaving safepoint region
[2022-06-13T01:39:22.628+0000][1][safepoint    ] Total time for which application threads were stopped: 0.0016265 seconds, Stopping threads took: 0.0007415 seconds
[2022-06-13T01:39:23.629+0000][1][safepoint    ] Application time: 1.0002387 seconds
[2022-06-13T01:39:23.630+0000][1][safepoint    ] Entering safepoint region: Cleanup
[2022-06-13T01:39:23.631+0000][1][safepoint    ] Leaving safepoint region
[2022-06-13T01:39:23.631+0000][1][safepoint    ] Total time for which application threads were stopped: 0.0013989 seconds, Stopping threads took: 0.0008509 seconds
[2022-06-13T01:39:24.632+0000][1][safepoint    ] Application time: 1.0001968 seconds
[2022-06-13T01:39:24.633+0000][1][safepoint    ] Entering safepoint region: Cleanup
[2022-06-13T01:39:24.633+0000][1][safepoint    ] Leaving safepoint region
[2022-06-13T01:39:24.634+0000][1][safepoint    ] Total time for which application threads were stopped: 0.0016977 seconds, Stopping threads took: 0.0008053 seconds
[2022-06-13T01:39:25.635+0000][1][safepoint    ] Application time: 1.0002339 seconds
[2022-06-13T01:39:25.635+0000][1][safepoint    ] Entering safepoint region: Cleanup
[2022-06-13T01:39:25.636+0000][1][safepoint    ] Leaving safepoint region
[2022-06-13T01:39:25.636+0000][1][safepoint    ] Total time for which application threads were stopped: 0.0006172 seconds, Stopping threads took: 0.0002699 seconds
[2022-06-13T01:39:26.637+0000][1][safepoint    ] Application time: 1.0003048 seconds
[2022-06-13T01:39:26.638+0000][1][safepoint    ] Entering safepoint region: Cleanup
[2022-06-13T01:39:26.639+0000][1][safepoint    ] Leaving safepoint region
[2022-06-13T01:39:26.640+0000][1][safepoint    ] Total time for which application threads were stopped: 0.0020591 seconds, Stopping threads took: 0.0009066 seconds
[2022-06-13T01:39:27.641+0000][1][safepoint    ] Application time: 1.0002732 seconds
[2022-06-13T01:39:27.641+0000][1][safepoint    ] Entering safepoint region: Cleanup
[2022-06-13T01:39:27.642+0000][1][safepoint    ] Leaving safepoint region
[2022-06-13T01:39:27.643+0000][1][safepoint    ] Total time for which application threads were stopped: 0.0013320 seconds, Stopping threads took: 0.0009006 seconds
[2022-06-13T01:39:28.643+0000][1][safepoint    ] Application time: 1.0001405 seconds
[2022-06-13T01:39:28.644+0000][1][safepoint    ] Entering safepoint region: Cleanup
[2022-06-13T01:39:28.644+0000][1][safepoint    ] Leaving safepoint region
[2022-06-13T01:39:28.644+0000][1][safepoint    ] Total time for which application threads were stopped: 0.0004230 seconds, Stopping threads took: 0.0001892 seconds
[2022-06-13T01:39:29.645+0000][1][safepoint    ] Application time: 1.0002657 seconds
[2022-06-13T01:39:29.645+0000][1][safepoint    ] Entering safepoint region: Cleanup
[2022-06-13T01:39:29.646+0000][1][safepoint    ] Leaving safepoint region
[2022-06-13T01:39:29.647+0000][1][safepoint    ] Total time for which application threads were stopped: 0.0020029 seconds, Stopping threads took: 0.0008659 seconds
[2022-06-13T01:39:30.648+0000][1][safepoint    ] Application time: 1.0002881 seconds
[2022-06-13T01:39:30.649+0000][1][safepoint    ] Entering safepoint region: Cleanup
[2022-06-13T01:39:30.650+0000][1][safepoint    ] Leaving safepoint region
[2022-06-13T01:39:30.651+0000][1][safepoint    ] Total time for which application threads were stopped: 0.0016334 seconds, Stopping threads took: 0.0007622 seconds
[2022-06-13T01:39:31.652+0000][1][safepoint    ] Application time: 1.0003218 seconds
[2022-06-13T01:39:31.653+0000][1][safepoint    ] Entering safepoint region: Cleanup
[2022-06-13T01:39:31.653+0000][1][safepoint    ] Leaving safepoint region
[2022-06-13T01:39:31.653+0000][1][safepoint    ] Total time for which application threads were stopped: 0.0006681 seconds, Stopping threads took: 0.0004298 seconds
[2022-06-13T01:39:32.654+0000][1][safepoint    ] Application time: 1.0003128 seconds
[2022-06-13T01:39:32.654+0000][1][safepoint    ] Entering safepoint region: Cleanup
[2022-06-13T01:39:32.655+0000][1][safepoint    ] Leaving safepoint region
[2022-06-13T01:39:32.656+0000][1][safepoint    ] Total time for which application threads were stopped: 0.0015299 seconds, Stopping threads took: 0.0007054 seconds
[2022-06-13T01:39:33.657+0000][1][safepoint    ] Application time: 1.0002409 seconds
[2022-06-13T01:39:33.658+0000][1][safepoint    ] Entering safepoint region: Cleanup
[2022-06-13T01:39:33.658+0000][1][safepoint    ] Leaving safepoint region
[2022-06-13T01:39:33.659+0000][1][safepoint    ] Total time for which application threads were stopped: 0.0011163 seconds, Stopping threads took: 0.0005671 seconds
[2022-06-13T01:39:34.659+0000][1][safepoint    ] Application time: 1.0002096 seconds
[2022-06-13T01:39:34.660+0000][1][safepoint    ] Entering safepoint region: Cleanup
[2022-06-13T01:39:34.660+0000][1][safepoint    ] Leaving safepoint region
[2022-06-13T01:39:34.661+0000][1][safepoint    ] Total time for which application threads were stopped: 0.0012203 seconds, Stopping threads took: 0.0005225 seconds
[2022-06-13T01:39:35.662+0000][1][safepoint    ] Application time: 1.0002973 seconds
[2022-06-13T01:39:35.663+0000][1][safepoint    ] Entering safepoint region: Cleanup
[2022-06-13T01:39:35.664+0000][1][safepoint    ] Leaving safepoint region
[2022-06-13T01:39:35.665+0000][1][safepoint    ] Total time for which application threads were stopped: 0.0017706 seconds, Stopping threads took: 0.0007947 seconds
[2022-06-13T01:39:36.666+0000][1][safepoint    ] Application time: 1.0003455 seconds
[2022-06-13T01:39:36.667+0000][1][safepoint    ] Entering safepoint region: Cleanup
[2022-06-13T01:39:36.667+0000][1][safepoint    ] Leaving safepoint region
[2022-06-13T01:39:36.668+0000][1][safepoint    ] Total time for which application threads were stopped: 0.0012823 seconds, Stopping threads took: 0.0005344 seconds
[2022-06-13T01:39:37.669+0000][1][safepoint    ] Application time: 1.0002459 seconds
[2022-06-13T01:39:37.670+0000][1][safepoint    ] Entering safepoint region: Cleanup
[2022-06-13T01:39:37.671+0000][1][safepoint    ] Leaving safepoint region
[2022-06-13T01:39:37.671+0000][1][safepoint    ] Total time for which application threads were stopped: 0.0018173 seconds, Stopping threads took: 0.0007681 seconds
[2022-06-13T01:39:38.672+0000][1][safepoint    ] Application time: 1.0002230 seconds
[2022-06-13T01:39:38.673+0000][1][safepoint    ] Entering safepoint region: Cleanup
[2022-06-13T01:39:38.674+0000][1][safepoint    ] Leaving safepoint region
[2022-06-13T01:39:38.674+0000][1][safepoint    ] Total time for which application threads were stopped: 0.0011852 seconds, Stopping threads took: 0.0005822 seconds
[2022-06-13T01:39:39.675+0000][1][safepoint    ] Application time: 1.0003975 seconds
[2022-06-13T01:39:39.675+0000][1][safepoint    ] Entering safepoint region: Cleanup
[2022-06-13T01:39:39.676+0000][1][safepoint    ] Leaving safepoint region
[2022-06-13T01:39:39.676+0000][1][safepoint    ] Total time for which application threads were stopped: 0.0006399 seconds, Stopping threads took: 0.0001900 seconds
[2022-06-13T01:39:40.676+0000][1][safepoint    ] Application time: 1.0002440 seconds
[2022-06-13T01:39:40.677+0000][1][safepoint    ] Entering safepoint region: Cleanup
[2022-06-13T01:39:40.678+0000][1][safepoint    ] Leaving safepoint region
[2022-06-13T01:39:40.679+0000][1][safepoint    ] Total time for which application threads were stopped: 0.0014398 seconds, Stopping threads took: 0.0005673 seconds
[2022-06-13T01:39:41.680+0000][1][safepoint    ] Application time: 1.0002812 seconds
[2022-06-13T01:39:41.680+0000][1][safepoint    ] Entering safepoint region: Cleanup
[2022-06-13T01:39:41.681+0000][1][safepoint    ] Leaving safepoint region
[2022-06-13T01:39:41.682+0000][1][safepoint    ] Total time for which application threads were stopped: 0.0019139 seconds, Stopping threads took: 0.0007500 seconds
[2022-06-13T01:39:42.683+0000][1][safepoint    ] Application time: 1.0002664 seconds
[2022-06-13T01:39:42.684+0000][1][safepoint    ] Entering safepoint region: Cleanup
[2022-06-13T01:39:42.685+0000][1][safepoint    ] Leaving safepoint region
[2022-06-13T01:39:42.686+0000][1][safepoint    ] Total time for which application threads were stopped: 0.0017844 seconds, Stopping threads took: 0.0008725 seconds
[2022-06-13T01:39:43.687+0000][1][safepoint    ] Application time: 1.0002586 seconds
[2022-06-13T01:39:43.688+0000][1][safepoint    ] Entering safepoint region: Cleanup
[2022-06-13T01:39:43.689+0000][1][safepoint    ] Leaving safepoint region
[2022-06-13T01:39:43.690+0000][1][safepoint    ] Total time for which application threads were stopped: 0.0017236 seconds, Stopping threads took: 0.0007790 seconds
[2022-06-13T01:39:44.691+0000][1][safepoint    ] Application time: 1.0003475 seconds
[2022-06-13T01:39:44.692+0000][1][safepoint    ] Entering safepoint region: Cleanup
[2022-06-13T01:39:44.693+0000][1][safepoint    ] Leaving safepoint region
[2022-06-13T01:39:44.693+0000][1][safepoint    ] Total time for which application threads were stopped: 0.0016737 seconds, Stopping threads took: 0.0008021 seconds
[2022-06-13T01:39:45.694+0000][1][safepoint    ] Application time: 1.0002155 seconds
[2022-06-13T01:39:45.695+0000][1][safepoint    ] Entering safepoint region: Cleanup
[2022-06-13T01:39:45.695+0000][1][safepoint    ] Leaving safepoint region
[2022-06-13T01:39:45.695+0000][1][safepoint    ] Total time for which application threads were stopped: 0.0004372 seconds, Stopping threads took: 0.0001823 seconds
[2022-06-13T01:39:46.696+0000][1][safepoint    ] Application time: 1.0001875 seconds
[2022-06-13T01:39:46.696+0000][1][safepoint    ] Entering safepoint region: Cleanup
[2022-06-13T01:39:46.696+0000][1][safepoint    ] Leaving safepoint region
[2022-06-13T01:39:46.697+0000][1][safepoint    ] Total time for which application threads were stopped: 0.0010238 seconds, Stopping threads took: 0.0003340 seconds
[2022-06-13T01:39:47.698+0000][1][safepoint    ] Application time: 1.0002579 seconds
[2022-06-13T01:39:47.698+0000][1][safepoint    ] Entering safepoint region: Cleanup
[2022-06-13T01:39:47.698+0000][1][safepoint    ] Leaving safepoint region
[2022-06-13T01:39:47.699+0000][1][safepoint    ] Total time for which application threads were stopped: 0.0008031 seconds, Stopping threads took: 0.0003480 seconds
[2022-06-13T01:39:48.699+0000][1][safepoint    ] Application time: 1.0001699 seconds
[2022-06-13T01:39:48.700+0000][1][safepoint    ] Entering safepoint region: Cleanup
[2022-06-13T01:39:48.701+0000][1][safepoint    ] Leaving safepoint region
[2022-06-13T01:39:48.701+0000][1][safepoint    ] Total time for which application threads were stopped: 0.0013842 seconds, Stopping threads took: 0.0006426 seconds
[2022-06-13T01:39:49.702+0000][1][safepoint    ] Application time: 1.0002661 seconds
[2022-06-13T01:39:49.703+0000][1][safepoint    ] Entering safepoint region: Cleanup
[2022-06-13T01:39:49.704+0000][1][safepoint    ] Leaving safepoint region
[2022-06-13T01:39:49.705+0000][1][safepoint    ] Total time for which application threads were stopped: 0.0016594 seconds, Stopping threads took: 0.0007677 seconds
[2022-06-13T01:39:50.706+0000][1][safepoint    ] Application time: 1.0002861 seconds
[2022-06-13T01:39:50.707+0000][1][safepoint    ] Entering safepoint region: Cleanup
[2022-06-13T01:39:50.707+0000][1][safepoint    ] Leaving safepoint region
[2022-06-13T01:39:50.708+0000][1][safepoint    ] Total time for which application threads were stopped: 0.0010979 seconds, Stopping threads took: 0.0005067 seconds
[2022-06-13T01:39:51.708+0000][1][safepoint    ] Application time: 1.0002173 seconds
[2022-06-13T01:39:51.709+0000][1][safepoint    ] Entering safepoint region: Cleanup
[2022-06-13T01:39:51.710+0000][1][safepoint    ] Leaving safepoint region
[2022-06-13T01:39:51.710+0000][1][safepoint    ] Total time for which application threads were stopped: 0.0012252 seconds, Stopping threads took: 0.0004820 seconds
[2022-06-13T01:39:52.711+0000][1][safepoint    ] Application time: 1.0001784 seconds
[2022-06-13T01:39:52.711+0000][1][safepoint    ] Entering safepoint region: Cleanup
[2022-06-13T01:39:52.712+0000][1][safepoint    ] Leaving safepoint region
[2022-06-13T01:39:52.712+0000][1][safepoint    ] Total time for which application threads were stopped: 0.0013054 seconds, Stopping threads took: 0.0006230 seconds
[2022-06-13T01:39:53.713+0000][1][safepoint    ] Application time: 1.0002387 seconds
[2022-06-13T01:39:53.714+0000][1][safepoint    ] Entering safepoint region: Cleanup
[2022-06-13T01:39:53.714+0000][1][safepoint    ] Leaving safepoint region
[2022-06-13T01:39:53.715+0000][1][safepoint    ] Total time for which application threads were stopped: 0.0008573 seconds, Stopping threads took: 0.0003131 seconds
[2022-06-13T01:39:54.715+0000][1][safepoint    ] Application time: 1.0002668 seconds
[2022-06-13T01:39:54.716+0000][1][safepoint    ] Entering safepoint region: Cleanup
[2022-06-13T01:39:54.717+0000][1][safepoint    ] Leaving safepoint region
[2022-06-13T01:39:54.718+0000][1][safepoint    ] Total time for which application threads were stopped: 0.0018578 seconds, Stopping threads took: 0.0007274 seconds
[2022-06-13T01:39:55.719+0000][1][safepoint    ] Application time: 1.0001905 seconds
[2022-06-13T01:39:55.720+0000][1][safepoint    ] Entering safepoint region: Cleanup
[2022-06-13T01:39:55.720+0000][1][safepoint    ] Leaving safepoint region
[2022-06-13T01:39:55.721+0000][1][safepoint    ] Total time for which application threads were stopped: 0.0012875 seconds, Stopping threads took: 0.0006805 seconds
[2022-06-13T01:39:56.722+0000][1][safepoint    ] Application time: 1.0002712 seconds
[2022-06-13T01:39:56.722+0000][1][safepoint    ] Entering safepoint region: Cleanup
[2022-06-13T01:39:56.723+0000][1][safepoint    ] Leaving safepoint region
[2022-06-13T01:39:56.724+0000][1][safepoint    ] Total time for which application threads were stopped: 0.0016721 seconds, Stopping threads took: 0.0007561 seconds
[2022-06-13T01:39:57.725+0000][1][safepoint    ] Application time: 1.0002889 seconds
[2022-06-13T01:39:57.726+0000][1][safepoint    ] Entering safepoint region: Cleanup
[2022-06-13T01:39:57.726+0000][1][safepoint    ] Leaving safepoint region
[2022-06-13T01:39:57.726+0000][1][safepoint    ] Total time for which application threads were stopped: 0.0006588 seconds, Stopping threads took: 0.0003402 seconds
[2022-06-13T01:39:58.727+0000][1][safepoint    ] Application time: 1.0003479 seconds
[2022-06-13T01:39:58.728+0000][1][safepoint    ] Entering safepoint region: Cleanup
[2022-06-13T01:39:58.729+0000][1][safepoint    ] Leaving safepoint region
[2022-06-13T01:39:58.730+0000][1][safepoint    ] Total time for which application threads were stopped: 0.0020352 seconds, Stopping threads took: 0.0007792 seconds
[2022-06-13T01:39:59.731+0000][1][safepoint    ] Application time: 1.0002768 seconds
[2022-06-13T01:39:59.732+0000][1][safepoint    ] Entering safepoint region: Cleanup
[2022-06-13T01:39:59.733+0000][1][safepoint    ] Leaving safepoint region
[2022-06-13T01:39:59.734+0000][1][safepoint    ] Total time for which application threads were stopped: 0.0015222 seconds, Stopping threads took: 0.0007042 seconds
[2022-06-13T01:40:00.734+0000][1][safepoint    ] Application time: 1.0002325 seconds
[2022-06-13T01:40:00.735+0000][1][safepoint    ] Entering safepoint region: Cleanup
[2022-06-13T01:40:00.735+0000][1][safepoint    ] Leaving safepoint region
[2022-06-13T01:40:00.736+0000][1][safepoint    ] Total time for which application threads were stopped: 0.0007978 seconds, Stopping threads took: 0.0003678 seconds
[2022-06-13T01:40:01.736+0000][1][safepoint    ] Application time: 1.0002257 seconds
[2022-06-13T01:40:01.737+0000][1][safepoint    ] Entering safepoint region: Cleanup
[2022-06-13T01:40:01.737+0000][1][safepoint    ] Leaving safepoint region
[2022-06-13T01:40:01.738+0000][1][safepoint    ] Total time for which application threads were stopped: 0.0010081 seconds, Stopping threads took: 0.0003870 seconds
[2022-06-13T01:40:02.738+0000][1][safepoint    ] Application time: 1.0002395 seconds
[2022-06-13T01:40:02.739+0000][1][safepoint    ] Entering safepoint region: Cleanup
[2022-06-13T01:40:02.739+0000][1][safepoint    ] Leaving safepoint region
[2022-06-13T01:40:02.740+0000][1][safepoint    ] Total time for which application threads were stopped: 0.0007806 seconds, Stopping threads took: 0.0003598 seconds
[2022-06-13T01:40:03.740+0000][1][safepoint    ] Application time: 1.0002499 seconds
[2022-06-13T01:40:03.741+0000][1][safepoint    ] Entering safepoint region: Cleanup
[2022-06-13T01:40:03.742+0000][1][safepoint    ] Leaving safepoint region
[2022-06-13T01:40:03.743+0000][1][safepoint    ] Total time for which application threads were stopped: 0.0015108 seconds, Stopping threads took: 0.0006894 seconds
[2022-06-13T01:40:04.744+0000][1][safepoint    ] Application time: 1.0002572 seconds
[2022-06-13T01:40:04.744+0000][1][safepoint    ] Entering safepoint region: Cleanup
[2022-06-13T01:40:04.744+0000][1][safepoint    ] Leaving safepoint region
[2022-06-13T01:40:04.744+0000][1][safepoint    ] Total time for which application threads were stopped: 0.0004324 seconds, Stopping threads took: 0.0001818 seconds
[2022-06-13T01:40:05.745+0000][1][safepoint    ] Application time: 1.0003074 seconds
[2022-06-13T01:40:05.746+0000][1][safepoint    ] Entering safepoint region: Cleanup
[2022-06-13T01:40:05.746+0000][1][safepoint    ] Leaving safepoint region
[2022-06-13T01:40:05.747+0000][1][safepoint    ] Total time for which application threads were stopped: 0.0013341 seconds, Stopping threads took: 0.0004909 seconds
[2022-06-13T01:40:06.748+0000][1][safepoint    ] Application time: 1.0002870 seconds
[2022-06-13T01:40:06.760+0000][1][safepoint    ] Entering safepoint region: Cleanup
[2022-06-13T01:40:06.761+0000][1][safepoint    ] Leaving safepoint region
[2022-06-13T01:40:06.761+0000][1][safepoint    ] Total time for which application threads were stopped: 0.0012306 seconds, Stopping threads took: 0.0004895 seconds
[2022-06-13T01:40:07.762+0000][1][safepoint    ] Application time: 1.0001013 seconds
[2022-06-13T01:40:07.762+0000][1][safepoint    ] Entering safepoint region: Cleanup
[2022-06-13T01:40:07.763+0000][1][safepoint    ] Leaving safepoint region
[2022-06-13T01:40:07.763+0000][1][safepoint    ] Total time for which application threads were stopped: 0.0009070 seconds, Stopping threads took: 0.0005022 seconds
[2022-06-13T01:40:08.764+0000][1][safepoint    ] Application time: 1.0003140 seconds
[2022-06-13T01:40:08.764+0000][1][safepoint    ] Entering safepoint region: Cleanup
[2022-06-13T01:40:08.765+0000][1][safepoint    ] Leaving safepoint region
[2022-06-13T01:40:08.765+0000][1][safepoint    ] Total time for which application threads were stopped: 0.0008889 seconds, Stopping threads took: 0.0003377 seconds
[2022-06-13T01:40:09.766+0000][1][safepoint    ] Application time: 1.0004112 seconds
[2022-06-13T01:40:09.767+0000][1][safepoint    ] Entering safepoint region: Cleanup
[2022-06-13T01:40:09.768+0000][1][safepoint    ] Leaving safepoint region
[2022-06-13T01:40:09.768+0000][1][safepoint    ] Total time for which application threads were stopped: 0.0006410 seconds, Stopping threads took: 0.0003073 seconds
[2022-06-13T01:40:10.768+0000][1][safepoint    ] Application time: 1.0001819 seconds
[2022-06-13T01:40:10.769+0000][1][safepoint    ] Entering safepoint region: Cleanup
[2022-06-13T01:40:10.770+0000][1][safepoint    ] Leaving safepoint region
[2022-06-13T01:40:10.771+0000][1][safepoint    ] Total time for which application threads were stopped: 0.0016355 seconds, Stopping threads took: 0.0010175 seconds
[2022-06-13T01:40:11.771+0000][1][safepoint    ] Application time: 1.0001673 seconds
[2022-06-13T01:40:11.772+0000][1][safepoint    ] Entering safepoint region: Cleanup
[2022-06-13T01:40:11.773+0000][1][safepoint    ] Leaving safepoint region
[2022-06-13T01:40:11.773+0000][1][safepoint    ] Total time for which application threads were stopped: 0.0012559 seconds, Stopping threads took: 0.0005598 seconds
[2022-06-13T01:40:12.774+0000][1][safepoint    ] Application time: 1.0002197 seconds
[2022-06-13T01:40:12.775+0000][1][safepoint    ] Entering safepoint region: Cleanup
[2022-06-13T01:40:12.776+0000][1][safepoint    ] Leaving safepoint region
[2022-06-13T01:40:12.777+0000][1][safepoint    ] Total time for which application threads were stopped: 0.0022985 seconds, Stopping threads took: 0.0011402 seconds
[2022-06-13T01:40:13.778+0000][1][safepoint    ] Application time: 1.0002362 seconds
[2022-06-13T01:40:13.779+0000][1][safepoint    ] Entering safepoint region: Cleanup
[2022-06-13T01:40:13.779+0000][1][safepoint    ] Leaving safepoint region
[2022-06-13T01:40:13.779+0000][1][safepoint    ] Total time for which application threads were stopped: 0.0006118 seconds, Stopping threads took: 0.0003361 seconds
[2022-06-13T01:40:14.780+0000][1][safepoint    ] Application time: 1.0002313 seconds
[2022-06-13T01:40:14.781+0000][1][safepoint    ] Entering safepoint region: Cleanup
[2022-06-13T01:40:14.782+0000][1][safepoint    ] Leaving safepoint region
[2022-06-13T01:40:14.782+0000][1][safepoint    ] Total time for which application threads were stopped: 0.0017710 seconds, Stopping threads took: 0.0008660 seconds
[2022-06-13T01:40:15.783+0000][1][safepoint    ] Application time: 1.0003350 seconds
[2022-06-13T01:40:15.784+0000][1][safepoint    ] Entering safepoint region: Cleanup
[2022-06-13T01:40:15.784+0000][1][safepoint    ] Leaving safepoint region
[2022-06-13T01:40:15.785+0000][1][safepoint    ] Total time for which application threads were stopped: 0.0007754 seconds, Stopping threads took: 0.0003685 seconds
[2022-06-13T01:40:16.785+0000][1][safepoint    ] Application time: 1.0001832 seconds
[2022-06-13T01:40:16.786+0000][1][safepoint    ] Entering safepoint region: Cleanup
[2022-06-13T01:40:16.786+0000][1][safepoint    ] Leaving safepoint region
[2022-06-13T01:40:16.786+0000][1][safepoint    ] Total time for which application threads were stopped: 0.0007140 seconds, Stopping threads took: 0.0003229 seconds
[2022-06-13T01:40:17.787+0000][1][safepoint    ] Application time: 1.0001251 seconds
[2022-06-13T01:40:17.787+0000][1][safepoint    ] Entering safepoint region: Cleanup
[2022-06-13T01:40:17.788+0000][1][safepoint    ] Leaving safepoint region
[2022-06-13T01:40:17.788+0000][1][safepoint    ] Total time for which application threads were stopped: 0.0011083 seconds, Stopping threads took: 0.0005481 seconds
[2022-06-13T01:40:18.789+0000][1][safepoint    ] Application time: 1.0002352 seconds
[2022-06-13T01:40:18.790+0000][1][safepoint    ] Entering safepoint region: Cleanup
[2022-06-13T01:40:18.790+0000][1][safepoint    ] Leaving safepoint region
[2022-06-13T01:40:18.790+0000][1][safepoint    ] Total time for which application threads were stopped: 0.0007998 seconds, Stopping threads took: 0.0004089 seconds
[2022-06-13T01:40:19.791+0000][1][safepoint    ] Application time: 1.0002278 seconds
[2022-06-13T01:40:19.792+0000][1][safepoint    ] Entering safepoint region: Cleanup
[2022-06-13T01:40:19.792+0000][1][safepoint    ] Leaving safepoint region
[2022-06-13T01:40:19.793+0000][1][safepoint    ] Total time for which application threads were stopped: 0.0009613 seconds, Stopping threads took: 0.0004575 seconds
[2022-06-13T01:40:20.793+0000][1][safepoint    ] Application time: 1.0001590 seconds
[2022-06-13T01:40:20.794+0000][1][safepoint    ] Entering safepoint region: Cleanup
[2022-06-13T01:40:20.794+0000][1][safepoint    ] Leaving safepoint region
[2022-06-13T01:40:20.795+0000][1][safepoint    ] Total time for which application threads were stopped: 0.0007839 seconds, Stopping threads took: 0.0003587 seconds
[2022-06-13T01:40:21.795+0000][1][safepoint    ] Application time: 1.0002949 seconds
[2022-06-13T01:40:21.796+0000][1][safepoint    ] Entering safepoint region: Cleanup
[2022-06-13T01:40:21.797+0000][1][safepoint    ] Leaving safepoint region
[2022-06-13T01:40:21.797+0000][1][safepoint    ] Total time for which application threads were stopped: 0.0012871 seconds, Stopping threads took: 0.0005869 seconds
[2022-06-13T01:40:22.798+0000][1][safepoint    ] Application time: 1.0003637 seconds
[2022-06-13T01:40:22.799+0000][1][safepoint    ] Entering safepoint region: Cleanup
[2022-06-13T01:40:22.799+0000][1][safepoint    ] Leaving safepoint region
[2022-06-13T01:40:22.800+0000][1][safepoint    ] Total time for which application threads were stopped: 0.0009768 seconds, Stopping threads took: 0.0003965 seconds
[2022-06-13T01:40:23.801+0000][1][safepoint    ] Application time: 1.0003940 seconds
[2022-06-13T01:40:23.802+0000][1][safepoint    ] Entering safepoint region: Cleanup
[2022-06-13T01:40:23.802+0000][1][safepoint    ] Leaving safepoint region
[2022-06-13T01:40:23.803+0000][1][safepoint    ] Total time for which application threads were stopped: 0.0011336 seconds, Stopping threads took: 0.0003833 seconds
[2022-06-13T01:40:24.804+0000][1][safepoint    ] Application time: 1.0002432 seconds
[2022-06-13T01:40:24.804+0000][1][safepoint    ] Entering safepoint region: Cleanup
[2022-06-13T01:40:24.805+0000][1][safepoint    ] Leaving safepoint region
[2022-06-13T01:40:24.805+0000][1][safepoint    ] Total time for which application threads were stopped: 0.0008501 seconds, Stopping threads took: 0.0004068 seconds
[2022-06-13T01:40:25.805+0000][1][safepoint    ] Application time: 1.0002212 seconds
[2022-06-13T01:40:25.806+0000][1][safepoint    ] Entering safepoint region: Cleanup
[2022-06-13T01:40:25.807+0000][1][safepoint    ] Leaving safepoint region
[2022-06-13T01:40:25.808+0000][1][safepoint    ] Total time for which application threads were stopped: 0.0014839 seconds, Stopping threads took: 0.0007382 seconds
[2022-06-13T01:40:26.809+0000][1][safepoint    ] Application time: 1.0005094 seconds
[2022-06-13T01:40:26.809+0000][1][safepoint    ] Entering safepoint region: Cleanup
[2022-06-13T01:40:26.810+0000][1][safepoint    ] Leaving safepoint region
[2022-06-13T01:40:26.811+0000][1][safepoint    ] Total time for which application threads were stopped: 0.0016287 seconds, Stopping threads took: 0.0010401 seconds
[2022-06-13T01:40:27.812+0000][1][safepoint    ] Application time: 1.0001615 seconds
[2022-06-13T01:40:27.812+0000][1][safepoint    ] Entering safepoint region: Cleanup
[2022-06-13T01:40:27.813+0000][1][safepoint    ] Leaving safepoint region
[2022-06-13T01:40:27.814+0000][1][safepoint    ] Total time for which application threads were stopped: 0.0014544 seconds, Stopping threads took: 0.0005847 seconds
[2022-06-13T01:40:28.814+0000][1][safepoint    ] Application time: 1.0002654 seconds
[2022-06-13T01:40:28.815+0000][1][safepoint    ] Entering safepoint region: Cleanup
[2022-06-13T01:40:28.816+0000][1][safepoint    ] Leaving safepoint region
[2022-06-13T01:40:28.816+0000][1][safepoint    ] Total time for which application threads were stopped: 0.0009256 seconds, Stopping threads took: 0.0003529 seconds
[2022-06-13T01:40:29.817+0000][1][safepoint    ] Application time: 1.0002631 seconds
[2022-06-13T01:40:29.818+0000][1][safepoint    ] Entering safepoint region: Cleanup
[2022-06-13T01:40:29.818+0000][1][safepoint    ] Leaving safepoint region
[2022-06-13T01:40:29.819+0000][1][safepoint    ] Total time for which application threads were stopped: 0.0010172 seconds, Stopping threads took: 0.0002191 seconds
[2022-06-13T01:40:30.819+0000][1][safepoint    ] Application time: 1.0002808 seconds
[2022-06-13T01:40:30.820+0000][1][safepoint    ] Entering safepoint region: Cleanup
[2022-06-13T01:40:30.820+0000][1][safepoint    ] Leaving safepoint region
[2022-06-13T01:40:30.821+0000][1][safepoint    ] Total time for which application threads were stopped: 0.0006954 seconds, Stopping threads took: 0.0003216 seconds
[2022-06-13T01:40:31.821+0000][1][safepoint    ] Application time: 1.0001348 seconds
[2022-06-13T01:40:31.822+0000][1][safepoint    ] Entering safepoint region: Cleanup
[2022-06-13T01:40:31.822+0000][1][safepoint    ] Leaving safepoint region
[2022-06-13T01:40:31.822+0000][1][safepoint    ] Total time for which application threads were stopped: 0.0005624 seconds, Stopping threads took: 0.0002795 seconds
[2022-06-13T01:40:32.823+0000][1][safepoint    ] Application time: 1.0002194 seconds
[2022-06-13T01:40:32.824+0000][1][safepoint    ] Entering safepoint region: Cleanup
[2022-06-13T01:40:32.825+0000][1][safepoint    ] Leaving safepoint region
[2022-06-13T01:40:32.825+0000][1][safepoint    ] Total time for which application threads were stopped: 0.0014781 seconds, Stopping threads took: 0.0007562 seconds
[2022-06-13T01:40:33.827+0000][1][safepoint    ] Application time: 1.0002278 seconds
[2022-06-13T01:40:33.827+0000][1][safepoint    ] Entering safepoint region: Cleanup
[2022-06-13T01:40:33.828+0000][1][safepoint    ] Leaving safepoint region
[2022-06-13T01:40:33.828+0000][1][safepoint    ] Total time for which application threads were stopped: 0.0007739 seconds, Stopping threads took: 0.0003457 seconds
[2022-06-13T01:40:34.829+0000][1][safepoint    ] Application time: 1.0001584 seconds
[2022-06-13T01:40:34.829+0000][1][safepoint    ] Entering safepoint region: Cleanup
[2022-06-13T01:40:34.830+0000][1][safepoint    ] Leaving safepoint region
[2022-06-13T01:40:34.830+0000][1][safepoint    ] Total time for which application threads were stopped: 0.0008498 seconds, Stopping threads took: 0.0003059 seconds
[2022-06-13T01:40:35.831+0000][1][safepoint    ] Application time: 1.0002158 seconds
[2022-06-13T01:40:35.831+0000][1][safepoint    ] Entering safepoint region: Cleanup
[2022-06-13T01:40:35.832+0000][1][safepoint    ] Leaving safepoint region
[2022-06-13T01:40:35.832+0000][1][safepoint    ] Total time for which application threads were stopped: 0.0009532 seconds, Stopping threads took: 0.0004833 seconds
[2022-06-13T01:40:36.833+0000][1][safepoint    ] Application time: 1.0002441 seconds
[2022-06-13T01:40:36.834+0000][1][safepoint    ] Entering safepoint region: Cleanup
[2022-06-13T01:40:36.834+0000][1][safepoint    ] Leaving safepoint region
[2022-06-13T01:40:36.835+0000][1][safepoint    ] Total time for which application threads were stopped: 0.0012469 seconds, Stopping threads took: 0.0005121 seconds
[2022-06-13T01:40:37.836+0000][1][safepoint    ] Application time: 1.0001575 seconds
[2022-06-13T01:40:37.836+0000][1][safepoint    ] Entering safepoint region: Cleanup
[2022-06-13T01:40:37.837+0000][1][safepoint    ] Leaving safepoint region
[2022-06-13T01:40:37.837+0000][1][safepoint    ] Total time for which application threads were stopped: 0.0007945 seconds, Stopping threads took: 0.0004401 seconds
[2022-06-13T01:40:38.838+0000][1][safepoint    ] Application time: 1.0002639 seconds
[2022-06-13T01:40:38.838+0000][1][safepoint    ] Entering safepoint region: Cleanup
[2022-06-13T01:40:38.839+0000][1][safepoint    ] Leaving safepoint region
[2022-06-13T01:40:38.840+0000][1][safepoint    ] Total time for which application threads were stopped: 0.0013562 seconds, Stopping threads took: 0.0006625 seconds
[2022-06-13T01:40:39.841+0000][1][safepoint    ] Application time: 1.0002246 seconds
[2022-06-13T01:40:39.841+0000][1][safepoint    ] Entering safepoint region: Cleanup
[2022-06-13T01:40:39.842+0000][1][safepoint    ] Leaving safepoint region
[2022-06-13T01:40:39.843+0000][1][safepoint    ] Total time for which application threads were stopped: 0.0016568 seconds, Stopping threads took: 0.0006795 seconds
[2022-06-13T01:40:40.844+0000][1][safepoint    ] Application time: 1.0003046 seconds
[2022-06-13T01:40:40.845+0000][1][safepoint    ] Entering safepoint region: Cleanup
[2022-06-13T01:40:40.846+0000][1][safepoint    ] Leaving safepoint region
[2022-06-13T01:40:40.846+0000][1][safepoint    ] Total time for which application threads were stopped: 0.0012605 seconds, Stopping threads took: 0.0006173 seconds
[2022-06-13T01:40:41.847+0000][1][safepoint    ] Application time: 1.0002212 seconds
[2022-06-13T01:40:41.848+0000][1][safepoint    ] Entering safepoint region: Cleanup
[2022-06-13T01:40:41.848+0000][1][safepoint    ] Leaving safepoint region
[2022-06-13T01:40:41.849+0000][1][safepoint    ] Total time for which application threads were stopped: 0.0007556 seconds, Stopping threads took: 0.0003054 seconds
[2022-06-13T01:40:42.849+0000][1][safepoint    ] Application time: 1.0003348 seconds
[2022-06-13T01:40:42.850+0000][1][safepoint    ] Entering safepoint region: Cleanup
[2022-06-13T01:40:42.851+0000][1][safepoint    ] Leaving safepoint region
[2022-06-13T01:40:42.852+0000][1][safepoint    ] Total time for which application threads were stopped: 0.0015242 seconds, Stopping threads took: 0.0005948 seconds
[2022-06-13T01:40:43.853+0000][1][safepoint    ] Application time: 1.0002529 seconds
[2022-06-13T01:40:43.853+0000][1][safepoint    ] Entering safepoint region: Cleanup
[2022-06-13T01:40:43.854+0000][1][safepoint    ] Leaving safepoint region
[2022-06-13T01:40:43.854+0000][1][safepoint    ] Total time for which application threads were stopped: 0.0009023 seconds, Stopping threads took: 0.0003581 seconds
[2022-06-13T01:40:44.855+0000][1][safepoint    ] Application time: 1.0002657 seconds
[2022-06-13T01:40:44.856+0000][1][safepoint    ] Entering safepoint region: Cleanup
[2022-06-13T01:40:44.857+0000][1][safepoint    ] Leaving safepoint region
[2022-06-13T01:40:44.857+0000][1][safepoint    ] Total time for which application threads were stopped: 0.0017524 seconds, Stopping threads took: 0.0008313 seconds
[2022-06-13T01:40:45.858+0000][1][safepoint    ] Application time: 1.0001842 seconds
[2022-06-13T01:40:45.859+0000][1][safepoint    ] Entering safepoint region: Cleanup
[2022-06-13T01:40:45.860+0000][1][safepoint    ] Leaving safepoint region
[2022-06-13T01:40:45.861+0000][1][safepoint    ] Total time for which application threads were stopped: 0.0016021 seconds, Stopping threads took: 0.0007450 seconds
[2022-06-13T01:40:46.862+0000][1][safepoint    ] Application time: 1.0002842 seconds
[2022-06-13T01:40:46.862+0000][1][safepoint    ] Entering safepoint region: Cleanup
[2022-06-13T01:40:46.863+0000][1][safepoint    ] Leaving safepoint region
[2022-06-13T01:40:46.863+0000][1][safepoint    ] Total time for which application threads were stopped: 0.0009680 seconds, Stopping threads took: 0.0004027 seconds
[2022-06-13T01:40:47.864+0000][1][safepoint    ] Application time: 1.0002661 seconds
[2022-06-13T01:40:47.865+0000][1][safepoint    ] Entering safepoint region: Cleanup
[2022-06-13T01:40:47.866+0000][1][safepoint    ] Leaving safepoint region
[2022-06-13T01:40:47.867+0000][1][safepoint    ] Total time for which application threads were stopped: 0.0017324 seconds, Stopping threads took: 0.0008987 seconds
[2022-06-13T01:40:48.868+0000][1][safepoint    ] Application time: 1.0002805 seconds
[2022-06-13T01:40:48.869+0000][1][safepoint    ] Entering safepoint region: Cleanup
[2022-06-13T01:40:48.870+0000][1][safepoint    ] Leaving safepoint region
[2022-06-13T01:40:48.870+0000][1][safepoint    ] Total time for which application threads were stopped: 0.0015868 seconds, Stopping threads took: 0.0008660 seconds
[2022-06-13T01:40:49.871+0000][1][safepoint    ] Application time: 1.0002403 seconds
[2022-06-13T01:40:49.872+0000][1][safepoint    ] Entering safepoint region: Cleanup
[2022-06-13T01:40:49.872+0000][1][safepoint    ] Leaving safepoint region
[2022-06-13T01:40:49.872+0000][1][safepoint    ] Total time for which application threads were stopped: 0.0008331 seconds, Stopping threads took: 0.0004010 seconds
[2022-06-13T01:40:50.873+0000][1][safepoint    ] Application time: 1.0003858 seconds
[2022-06-13T01:40:50.874+0000][1][safepoint    ] Entering safepoint region: Cleanup
[2022-06-13T01:40:50.875+0000][1][safepoint    ] Leaving safepoint region
[2022-06-13T01:40:50.876+0000][1][safepoint    ] Total time for which application threads were stopped: 0.0017344 seconds, Stopping threads took: 0.0007966 seconds
[2022-06-13T01:40:51.877+0000][1][safepoint    ] Application time: 1.0003730 seconds
[2022-06-13T01:40:51.878+0000][1][safepoint    ] Entering safepoint region: Cleanup
[2022-06-13T01:40:51.879+0000][1][safepoint    ] Leaving safepoint region
[2022-06-13T01:40:51.879+0000][1][safepoint    ] Total time for which application threads were stopped: 0.0012592 seconds, Stopping threads took: 0.0006957 seconds
[2022-06-13T01:40:52.880+0000][1][safepoint    ] Application time: 1.0002136 seconds
[2022-06-13T01:40:52.880+0000][1][safepoint    ] Entering safepoint region: Cleanup
[2022-06-13T01:40:52.881+0000][1][safepoint    ] Leaving safepoint region
[2022-06-13T01:40:52.881+0000][1][safepoint    ] Total time for which application threads were stopped: 0.0008685 seconds, Stopping threads took: 0.0004293 seconds
[2022-06-13T01:40:53.882+0000][1][safepoint    ] Application time: 1.0002937 seconds
[2022-06-13T01:40:53.883+0000][1][safepoint    ] Entering safepoint region: Cleanup
[2022-06-13T01:40:53.884+0000][1][safepoint    ] Leaving safepoint region
[2022-06-13T01:40:53.884+0000][1][safepoint    ] Total time for which application threads were stopped: 0.0011883 seconds, Stopping threads took: 0.0005650 seconds
[2022-06-13T01:40:54.885+0000][1][safepoint    ] Application time: 1.0002710 seconds
[2022-06-13T01:40:54.885+0000][1][safepoint    ] Entering safepoint region: Cleanup
[2022-06-13T01:40:54.886+0000][1][safepoint    ] Leaving safepoint region
[2022-06-13T01:40:54.887+0000][1][safepoint    ] Total time for which application threads were stopped: 0.0011289 seconds, Stopping threads took: 0.0005339 seconds
[2022-06-13T01:40:55.887+0000][1][safepoint    ] Application time: 1.0004040 seconds
[2022-06-13T01:40:55.888+0000][1][safepoint    ] Entering safepoint region: Cleanup
[2022-06-13T01:40:55.889+0000][1][safepoint    ] Leaving safepoint region
[2022-06-13T01:40:55.889+0000][1][safepoint    ] Total time for which application threads were stopped: 0.0010914 seconds, Stopping threads took: 0.0005628 seconds
[2022-06-13T01:40:56.890+0000][1][safepoint    ] Application time: 1.0002120 seconds
[2022-06-13T01:40:56.890+0000][1][safepoint    ] Entering safepoint region: Cleanup
[2022-06-13T01:40:56.891+0000][1][safepoint    ] Leaving safepoint region
[2022-06-13T01:40:56.892+0000][1][safepoint    ] Total time for which application threads were stopped: 0.0016232 seconds, Stopping threads took: 0.0008439 seconds
[2022-06-13T01:40:57.893+0000][1][safepoint    ] Application time: 1.0002451 seconds
[2022-06-13T01:40:57.894+0000][1][safepoint    ] Entering safepoint region: Cleanup
[2022-06-13T01:40:57.895+0000][1][safepoint    ] Leaving safepoint region
[2022-06-13T01:40:57.895+0000][1][safepoint    ] Total time for which application threads were stopped: 0.0015725 seconds, Stopping threads took: 0.0007799 seconds
[2022-06-13T01:40:58.896+0000][1][safepoint    ] Application time: 1.0002113 seconds
[2022-06-13T01:40:58.897+0000][1][safepoint    ] Entering safepoint region: Cleanup
[2022-06-13T01:40:58.898+0000][1][safepoint    ] Leaving safepoint region
[2022-06-13T01:40:58.899+0000][1][safepoint    ] Total time for which application threads were stopped: 0.0014182 seconds, Stopping threads took: 0.0005566 seconds
[2022-06-13T01:40:59.900+0000][1][safepoint    ] Application time: 1.0002541 seconds
[2022-06-13T01:40:59.932+0000][1][safepoint    ] Entering safepoint region: Cleanup
[2022-06-13T01:40:59.933+0000][1][safepoint    ] Leaving safepoint region
[2022-06-13T01:40:59.934+0000][1][safepoint    ] Total time for which application threads were stopped: 0.0017027 seconds, Stopping threads took: 0.0008304 seconds
[2022-06-13T01:41:00.935+0000][1][safepoint    ] Application time: 1.0002523 seconds
[2022-06-13T01:41:00.935+0000][1][safepoint    ] Entering safepoint region: Cleanup
[2022-06-13T01:41:00.936+0000][1][safepoint    ] Leaving safepoint region
[2022-06-13T01:41:00.936+0000][1][safepoint    ] Total time for which application threads were stopped: 0.0006551 seconds, Stopping threads took: 0.0003141 seconds
[2022-06-13T01:41:01.937+0000][1][safepoint    ] Application time: 1.0003029 seconds
[2022-06-13T01:41:01.937+0000][1][safepoint    ] Entering safepoint region: Cleanup
[2022-06-13T01:41:01.938+0000][1][safepoint    ] Leaving safepoint region
[2022-06-13T01:41:01.938+0000][1][safepoint    ] Total time for which application threads were stopped: 0.0009251 seconds, Stopping threads took: 0.0003508 seconds
[2022-06-13T01:41:02.938+0000][1][safepoint    ] Application time: 1.0001498 seconds
[2022-06-13T01:41:02.939+0000][1][safepoint    ] Entering safepoint region: Cleanup
[2022-06-13T01:41:02.940+0000][1][safepoint    ] Leaving safepoint region
[2022-06-13T01:41:02.940+0000][1][safepoint    ] Total time for which application threads were stopped: 0.0010976 seconds, Stopping threads took: 0.0005321 seconds
[2022-06-13T01:41:03.941+0000][1][safepoint    ] Application time: 1.0002630 seconds
[2022-06-13T01:41:03.942+0000][1][safepoint    ] Entering safepoint region: Cleanup
[2022-06-13T01:41:03.942+0000][1][safepoint    ] Leaving safepoint region
[2022-06-13T01:41:03.943+0000][1][safepoint    ] Total time for which application threads were stopped: 0.0006307 seconds, Stopping threads took: 0.0002479 seconds
[2022-06-13T01:41:04.943+0000][1][safepoint    ] Application time: 1.0002622 seconds
[2022-06-13T01:41:04.944+0000][1][safepoint    ] Entering safepoint region: Cleanup
[2022-06-13T01:41:04.945+0000][1][safepoint    ] Leaving safepoint region
[2022-06-13T01:41:04.945+0000][1][safepoint    ] Total time for which application threads were stopped: 0.0014547 seconds, Stopping threads took: 0.0008237 seconds
[2022-06-13T01:41:05.946+0000][1][safepoint    ] Application time: 1.0003438 seconds
[2022-06-13T01:41:05.946+0000][1][safepoint    ] Entering safepoint region: Cleanup
[2022-06-13T01:41:05.947+0000][1][safepoint    ] Leaving safepoint region
[2022-06-13T01:41:05.947+0000][1][safepoint    ] Total time for which application threads were stopped: 0.0007745 seconds, Stopping threads took: 0.0004480 seconds
[2022-06-13T01:41:06.948+0000][1][safepoint    ] Application time: 1.0003657 seconds
[2022-06-13T01:41:06.949+0000][1][safepoint    ] Entering safepoint region: Cleanup
[2022-06-13T01:41:06.949+0000][1][safepoint    ] Leaving safepoint region
[2022-06-13T01:41:06.950+0000][1][safepoint    ] Total time for which application threads were stopped: 0.0012000 seconds, Stopping threads took: 0.0005237 seconds
[2022-06-13T01:41:07.951+0000][1][safepoint    ] Application time: 1.0003017 seconds
[2022-06-13T01:41:07.952+0000][1][safepoint    ] Entering safepoint region: Cleanup
[2022-06-13T01:41:07.952+0000][1][safepoint    ] Leaving safepoint region
[2022-06-13T01:41:07.953+0000][1][safepoint    ] Total time for which application threads were stopped: 0.0009372 seconds, Stopping threads took: 0.0005205 seconds
[2022-06-13T01:41:08.953+0000][1][safepoint    ] Application time: 1.0004132 seconds
[2022-06-13T01:41:08.954+0000][1][safepoint    ] Entering safepoint region: Cleanup
[2022-06-13T01:41:08.954+0000][1][safepoint    ] Leaving safepoint region
[2022-06-13T01:41:08.955+0000][1][safepoint    ] Total time for which application threads were stopped: 0.0007878 seconds, Stopping threads took: 0.0003851 seconds
[2022-06-13T01:41:09.955+0000][1][safepoint    ] Application time: 1.0001214 seconds
[2022-06-13T01:41:09.955+0000][1][safepoint    ] Entering safepoint region: Cleanup
[2022-06-13T01:41:09.956+0000][1][safepoint    ] Leaving safepoint region
[2022-06-13T01:41:09.956+0000][1][safepoint    ] Total time for which application threads were stopped: 0.0008851 seconds, Stopping threads took: 0.0004075 seconds
[2022-06-13T01:41:10.957+0000][1][safepoint    ] Application time: 1.0002413 seconds
[2022-06-13T01:41:10.957+0000][1][safepoint    ] Entering safepoint region: Cleanup
[2022-06-13T01:41:10.958+0000][1][safepoint    ] Leaving safepoint region
[2022-06-13T01:41:10.959+0000][1][safepoint    ] Total time for which application threads were stopped: 0.0011630 seconds, Stopping threads took: 0.0006945 seconds
[2022-06-13T01:41:11.959+0000][1][safepoint    ] Application time: 1.0002420 seconds
[2022-06-13T01:41:11.960+0000][1][safepoint    ] Entering safepoint region: Cleanup
[2022-06-13T01:41:11.961+0000][1][safepoint    ] Leaving safepoint region
[2022-06-13T01:41:11.961+0000][1][safepoint    ] Total time for which application threads were stopped: 0.0010883 seconds, Stopping threads took: 0.0006738 seconds
[2022-06-13T01:41:12.961+0000][1][safepoint    ] Application time: 1.0002036 seconds
[2022-06-13T01:41:12.962+0000][1][safepoint    ] Entering safepoint region: Cleanup
[2022-06-13T01:41:12.962+0000][1][safepoint    ] Leaving safepoint region
[2022-06-13T01:41:12.962+0000][1][safepoint    ] Total time for which application threads were stopped: 0.0009397 seconds, Stopping threads took: 0.0003920 seconds
[2022-06-13T01:41:13.963+0000][1][safepoint    ] Application time: 1.0002512 seconds
[2022-06-13T01:41:13.964+0000][1][safepoint    ] Entering safepoint region: Cleanup
[2022-06-13T01:41:13.964+0000][1][safepoint    ] Leaving safepoint region
[2022-06-13T01:41:13.964+0000][1][safepoint    ] Total time for which application threads were stopped: 0.0006106 seconds, Stopping threads took: 0.0003064 seconds
[2022-06-13T01:41:14.965+0000][1][safepoint    ] Application time: 1.0002247 seconds
[2022-06-13T01:41:14.966+0000][1][safepoint    ] Entering safepoint region: Cleanup
[2022-06-13T01:41:14.966+0000][1][safepoint    ] Leaving safepoint region
[2022-06-13T01:41:14.967+0000][1][safepoint    ] Total time for which application threads were stopped: 0.0010167 seconds, Stopping threads took: 0.0005559 seconds
[2022-06-13T01:41:15.967+0000][1][safepoint    ] Application time: 1.0003396 seconds
[2022-06-13T01:41:15.968+0000][1][safepoint    ] Entering safepoint region: Cleanup
[2022-06-13T01:41:15.969+0000][1][safepoint    ] Leaving safepoint region
[2022-06-13T01:41:15.969+0000][1][safepoint    ] Total time for which application threads were stopped: 0.0011342 seconds, Stopping threads took: 0.0005286 seconds
[2022-06-13T01:41:16.970+0000][1][safepoint    ] Application time: 1.0002353 seconds
[2022-06-13T01:41:16.971+0000][1][safepoint    ] Entering safepoint region: Cleanup
[2022-06-13T01:41:16.971+0000][1][safepoint    ] Leaving safepoint region
[2022-06-13T01:41:16.972+0000][1][safepoint    ] Total time for which application threads were stopped: 0.0008144 seconds, Stopping threads took: 0.0003703 seconds
[2022-06-13T01:41:17.973+0000][1][safepoint    ] Application time: 1.0004809 seconds
[2022-06-13T01:41:17.973+0000][1][safepoint    ] Entering safepoint region: Cleanup
[2022-06-13T01:41:17.974+0000][1][safepoint    ] Leaving safepoint region
[2022-06-13T01:41:17.974+0000][1][safepoint    ] Total time for which application threads were stopped: 0.0006692 seconds, Stopping threads took: 0.0003104 seconds
[2022-06-13T01:41:18.975+0000][1][safepoint    ] Application time: 1.0001485 seconds
[2022-06-13T01:41:18.975+0000][1][safepoint    ] Entering safepoint region: Cleanup
[2022-06-13T01:41:18.976+0000][1][safepoint    ] Leaving safepoint region
[2022-06-13T01:41:18.976+0000][1][safepoint    ] Total time for which application threads were stopped: 0.0007816 seconds, Stopping threads took: 0.0004018 seconds
[2022-06-13T01:41:19.976+0000][1][safepoint    ] Application time: 1.0002011 seconds
[2022-06-13T01:41:19.977+0000][1][safepoint    ] Entering safepoint region: Cleanup
[2022-06-13T01:41:19.978+0000][1][safepoint    ] Leaving safepoint region
[2022-06-13T01:41:19.978+0000][1][safepoint    ] Total time for which application threads were stopped: 0.0008778 seconds, Stopping threads took: 0.0004988 seconds
[2022-06-13T01:41:20.979+0000][1][safepoint    ] Application time: 1.0002192 seconds
[2022-06-13T01:41:20.979+0000][1][safepoint    ] Entering safepoint region: Cleanup
[2022-06-13T01:41:20.980+0000][1][safepoint    ] Leaving safepoint region
[2022-06-13T01:41:20.980+0000][1][safepoint    ] Total time for which application threads were stopped: 0.0008806 seconds, Stopping threads took: 0.0004565 seconds
[2022-06-13T01:41:21.981+0000][1][safepoint    ] Application time: 1.0003216 seconds
[2022-06-13T01:41:21.982+0000][1][safepoint    ] Entering safepoint region: Cleanup
[2022-06-13T01:41:21.982+0000][1][safepoint    ] Leaving safepoint region
[2022-06-13T01:41:21.983+0000][1][safepoint    ] Total time for which application threads were stopped: 0.0012350 seconds, Stopping threads took: 0.0005700 seconds
[2022-06-13T01:41:22.983+0000][1][safepoint    ] Application time: 1.0001584 seconds
[2022-06-13T01:41:22.984+0000][1][safepoint    ] Entering safepoint region: Cleanup
[2022-06-13T01:41:22.984+0000][1][safepoint    ] Leaving safepoint region
[2022-06-13T01:41:22.985+0000][1][safepoint    ] Total time for which application threads were stopped: 0.0008177 seconds, Stopping threads took: 0.0002402 seconds
[2022-06-13T01:41:23.986+0000][1][safepoint    ] Application time: 1.0003007 seconds
[2022-06-13T01:41:23.986+0000][1][safepoint    ] Entering safepoint region: Cleanup
[2022-06-13T01:41:23.987+0000][1][safepoint    ] Leaving safepoint region
[2022-06-13T01:41:23.988+0000][1][safepoint    ] Total time for which application threads were stopped: 0.0012953 seconds, Stopping threads took: 0.0004109 seconds
[2022-06-13T01:41:24.988+0000][1][safepoint    ] Application time: 1.0001975 seconds
[2022-06-13T01:41:24.989+0000][1][safepoint    ] Entering safepoint region: Cleanup
[2022-06-13T01:41:24.990+0000][1][safepoint    ] Leaving safepoint region
[2022-06-13T01:41:24.991+0000][1][safepoint    ] Total time for which application threads were stopped: 0.0018056 seconds, Stopping threads took: 0.0007973 seconds
[2022-06-13T01:41:25.992+0000][1][safepoint    ] Application time: 1.0002546 seconds
[2022-06-13T01:41:25.992+0000][1][safepoint    ] Entering safepoint region: Cleanup
[2022-06-13T01:41:25.993+0000][1][safepoint    ] Leaving safepoint region
[2022-06-13T01:41:25.993+0000][1][safepoint    ] Total time for which application threads were stopped: 0.0010615 seconds, Stopping threads took: 0.0005221 seconds
[2022-06-13T01:41:26.994+0000][1][safepoint    ] Application time: 1.0002284 seconds
[2022-06-13T01:41:26.995+0000][1][safepoint    ] Entering safepoint region: Cleanup
[2022-06-13T01:41:26.995+0000][1][safepoint    ] Leaving safepoint region
[2022-06-13T01:41:26.996+0000][1][safepoint    ] Total time for which application threads were stopped: 0.0009480 seconds, Stopping threads took: 0.0003997 seconds
[2022-06-13T01:41:27.996+0000][1][safepoint    ] Application time: 1.0003344 seconds
[2022-06-13T01:41:27.997+0000][1][safepoint    ] Entering safepoint region: Cleanup
[2022-06-13T01:41:27.998+0000][1][safepoint    ] Leaving safepoint region
[2022-06-13T01:41:27.999+0000][1][safepoint    ] Total time for which application threads were stopped: 0.0019311 seconds, Stopping threads took: 0.0008033 seconds
[2022-06-13T01:41:29.000+0000][1][safepoint    ] Application time: 1.0001538 seconds
[2022-06-13T01:41:29.000+0000][1][safepoint    ] Entering safepoint region: Cleanup
[2022-06-13T01:41:29.001+0000][1][safepoint    ] Leaving safepoint region
[2022-06-13T01:41:29.001+0000][1][safepoint    ] Total time for which application threads were stopped: 0.0005595 seconds, Stopping threads took: 0.0002305 seconds
[2022-06-13T01:41:30.001+0000][1][safepoint    ] Application time: 1.0001454 seconds
[2022-06-13T01:41:30.002+0000][1][safepoint    ] Entering safepoint region: Cleanup
[2022-06-13T01:41:30.003+0000][1][safepoint    ] Leaving safepoint region
[2022-06-13T01:41:30.003+0000][1][safepoint    ] Total time for which application threads were stopped: 0.0012809 seconds, Stopping threads took: 0.0006150 seconds
[2022-06-13T01:41:31.004+0000][1][safepoint    ] Application time: 1.0002344 seconds
[2022-06-13T01:41:31.005+0000][1][safepoint    ] Entering safepoint region: Cleanup
[2022-06-13T01:41:31.006+0000][1][safepoint    ] Leaving safepoint region
[2022-06-13T01:41:31.006+0000][1][safepoint    ] Total time for which application threads were stopped: 0.0017089 seconds, Stopping threads took: 0.0007132 seconds
[2022-06-13T01:41:32.007+0000][1][safepoint    ] Application time: 1.0002574 seconds
[2022-06-13T01:41:32.008+0000][1][safepoint    ] Entering safepoint region: Cleanup
[2022-06-13T01:41:32.008+0000][1][safepoint    ] Leaving safepoint region
[2022-06-13T01:41:32.008+0000][1][safepoint    ] Total time for which application threads were stopped: 0.0005677 seconds, Stopping threads took: 0.0002600 seconds
[2022-06-13T01:41:33.009+0000][1][safepoint    ] Application time: 1.0003426 seconds
[2022-06-13T01:41:33.010+0000][1][safepoint    ] Entering safepoint region: Cleanup
[2022-06-13T01:41:33.011+0000][1][safepoint    ] Leaving safepoint region
[2022-06-13T01:41:33.012+0000][1][safepoint    ] Total time for which application threads were stopped: 0.0014032 seconds, Stopping threads took: 0.0007690 seconds
[2022-06-13T01:41:34.013+0000][1][safepoint    ] Application time: 1.0003143 seconds
[2022-06-13T01:41:34.013+0000][1][safepoint    ] Entering safepoint region: Cleanup
[2022-06-13T01:41:34.014+0000][1][safepoint    ] Leaving safepoint region
[2022-06-13T01:41:34.014+0000][1][safepoint    ] Total time for which application threads were stopped: 0.0009402 seconds, Stopping threads took: 0.0004556 seconds
[2022-06-13T01:41:35.015+0000][1][safepoint    ] Application time: 1.0001171 seconds
[2022-06-13T01:41:35.016+0000][1][safepoint    ] Entering safepoint region: Cleanup
[2022-06-13T01:41:35.016+0000][1][safepoint    ] Leaving safepoint region
[2022-06-13T01:41:35.017+0000][1][safepoint    ] Total time for which application threads were stopped: 0.0010566 seconds, Stopping threads took: 0.0003513 seconds
[2022-06-13T01:41:36.017+0000][1][safepoint    ] Application time: 1.0001681 seconds
[2022-06-13T01:41:36.018+0000][1][safepoint    ] Entering safepoint region: Cleanup
[2022-06-13T01:41:36.019+0000][1][safepoint    ] Leaving safepoint region
[2022-06-13T01:41:36.019+0000][1][safepoint    ] Total time for which application threads were stopped: 0.0012812 seconds, Stopping threads took: 0.0006061 seconds
[2022-06-13T01:41:37.020+0000][1][safepoint    ] Application time: 1.0002405 seconds
[2022-06-13T01:41:37.021+0000][1][safepoint    ] Entering safepoint region: Cleanup
[2022-06-13T01:41:37.021+0000][1][safepoint    ] Leaving safepoint region
[2022-06-13T01:41:37.022+0000][1][safepoint    ] Total time for which application threads were stopped: 0.0010142 seconds, Stopping threads took: 0.0003751 seconds
[2022-06-13T01:41:38.022+0000][1][safepoint    ] Application time: 1.0002842 seconds
[2022-06-13T01:41:38.023+0000][1][safepoint    ] Entering safepoint region: Cleanup
[2022-06-13T01:41:38.024+0000][1][safepoint    ] Leaving safepoint region
[2022-06-13T01:41:38.024+0000][1][safepoint    ] Total time for which application threads were stopped: 0.0010596 seconds, Stopping threads took: 0.0004521 seconds
[2022-06-13T01:41:39.025+0000][1][safepoint    ] Application time: 1.0002050 seconds
[2022-06-13T01:41:39.026+0000][1][safepoint    ] Entering safepoint region: Cleanup
[2022-06-13T01:41:39.027+0000][1][safepoint    ] Leaving safepoint region
[2022-06-13T01:41:39.028+0000][1][safepoint    ] Total time for which application threads were stopped: 0.0017270 seconds, Stopping threads took: 0.0007228 seconds
[2022-06-13T01:41:40.029+0000][1][safepoint    ] Application time: 1.0001233 seconds
[2022-06-13T01:41:40.029+0000][1][safepoint    ] Entering safepoint region: Cleanup
[2022-06-13T01:41:40.030+0000][1][safepoint    ] Leaving safepoint region
[2022-06-13T01:41:40.030+0000][1][safepoint    ] Total time for which application threads were stopped: 0.0012578 seconds, Stopping threads took: 0.0006888 seconds
[2022-06-13T01:41:41.031+0000][1][safepoint    ] Application time: 1.0001426 seconds
[2022-06-13T01:41:41.032+0000][1][safepoint    ] Entering safepoint region: Cleanup
[2022-06-13T01:41:41.032+0000][1][safepoint    ] Leaving safepoint region
[2022-06-13T01:41:41.033+0000][1][safepoint    ] Total time for which application threads were stopped: 0.0009048 seconds, Stopping threads took: 0.0006080 seconds
[2022-06-13T01:41:42.033+0000][1][safepoint    ] Application time: 1.0002941 seconds
[2022-06-13T01:41:42.034+0000][1][safepoint    ] Entering safepoint region: Cleanup
[2022-06-13T01:41:42.035+0000][1][safepoint    ] Leaving safepoint region
[2022-06-13T01:41:42.035+0000][1][safepoint    ] Total time for which application threads were stopped: 0.0017061 seconds, Stopping threads took: 0.0007061 seconds
[2022-06-13T01:41:43.037+0000][1][safepoint    ] Application time: 1.0004286 seconds
[2022-06-13T01:41:43.038+0000][1][safepoint    ] Entering safepoint region: Cleanup
[2022-06-13T01:41:43.038+0000][1][safepoint    ] Leaving safepoint region
[2022-06-13T01:41:43.039+0000][1][safepoint    ] Total time for which application threads were stopped: 0.0014528 seconds, Stopping threads took: 0.0006604 seconds
[2022-06-13T01:41:44.040+0000][1][safepoint    ] Application time: 1.0002491 seconds
[2022-06-13T01:41:44.040+0000][1][safepoint    ] Entering safepoint region: Cleanup
[2022-06-13T01:41:44.041+0000][1][safepoint    ] Leaving safepoint region
[2022-06-13T01:41:44.041+0000][1][safepoint    ] Total time for which application threads were stopped: 0.0008294 seconds, Stopping threads took: 0.0003851 seconds
[2022-06-13T01:41:45.042+0000][1][safepoint    ] Application time: 1.0004124 seconds
[2022-06-13T01:41:45.042+0000][1][safepoint    ] Entering safepoint region: Cleanup
[2022-06-13T01:41:45.043+0000][1][safepoint    ] Leaving safepoint region
[2022-06-13T01:41:45.043+0000][1][safepoint    ] Total time for which application threads were stopped: 0.0004066 seconds, Stopping threads took: 0.0001742 seconds
[2022-06-13T01:41:46.043+0000][1][safepoint    ] Application time: 1.0001903 seconds
[2022-06-13T01:41:46.044+0000][1][safepoint    ] Entering safepoint region: Cleanup
[2022-06-13T01:41:46.045+0000][1][safepoint    ] Leaving safepoint region
[2022-06-13T01:41:46.045+0000][1][safepoint    ] Total time for which application threads were stopped: 0.0012111 seconds, Stopping threads took: 0.0005841 seconds
[2022-06-13T01:41:47.046+0000][1][safepoint    ] Application time: 1.0001919 seconds
[2022-06-13T01:41:47.046+0000][1][safepoint    ] Entering safepoint region: Cleanup
[2022-06-13T01:41:47.047+0000][1][safepoint    ] Leaving safepoint region
[2022-06-13T01:41:47.048+0000][1][safepoint    ] Total time for which application threads were stopped: 0.0014613 seconds, Stopping threads took: 0.0005538 seconds
[2022-06-13T01:41:48.049+0000][1][safepoint    ] Application time: 1.0003038 seconds
[2022-06-13T01:41:48.050+0000][1][safepoint    ] Entering safepoint region: Cleanup
[2022-06-13T01:41:48.051+0000][1][safepoint    ] Leaving safepoint region
[2022-06-13T01:41:48.052+0000][1][safepoint    ] Total time for which application threads were stopped: 0.0015632 seconds, Stopping threads took: 0.0008160 seconds
[2022-06-13T01:41:49.053+0000][1][safepoint    ] Application time: 1.0004027 seconds
[2022-06-13T01:41:49.053+0000][1][safepoint    ] Entering safepoint region: Cleanup
[2022-06-13T01:41:49.054+0000][1][safepoint    ] Leaving safepoint region
[2022-06-13T01:41:49.054+0000][1][safepoint    ] Total time for which application threads were stopped: 0.0009893 seconds, Stopping threads took: 0.0005724 seconds
[2022-06-13T01:41:50.055+0000][1][safepoint    ] Application time: 1.0002143 seconds
[2022-06-13T01:41:50.056+0000][1][safepoint    ] Entering safepoint region: Cleanup
[2022-06-13T01:41:50.057+0000][1][safepoint    ] Leaving safepoint region
[2022-06-13T01:41:50.058+0000][1][safepoint    ] Total time for which application threads were stopped: 0.0017136 seconds, Stopping threads took: 0.0007672 seconds
[2022-06-13T01:41:51.059+0000][1][safepoint    ] Application time: 1.0002597 seconds
[2022-06-13T01:41:51.059+0000][1][safepoint    ] Entering safepoint region: Cleanup
[2022-06-13T01:41:51.060+0000][1][safepoint    ] Leaving safepoint region
[2022-06-13T01:41:51.060+0000][1][safepoint    ] Total time for which application threads were stopped: 0.0010676 seconds, Stopping threads took: 0.0004662 seconds
[2022-06-13T01:41:51.762+0000][1][safepoint    ] Application time: 0.7008584 seconds
[2022-06-13T01:41:51.762+0000][1][safepoint    ] Entering safepoint region: GenCollectForAllocation
[2022-06-13T01:41:51.762+0000][1][gc,start     ] GC(25) Pause Young (Allocation Failure)
[2022-06-13T01:41:51.763+0000][1][gc,task      ] GC(25) Using 5 workers of 13 for evacuation
[2022-06-13T01:41:51.765+0000][1][gc,age       ] GC(25) Desired survivor size 4456448 bytes, new threshold 6 (max threshold 6)
[2022-06-13T01:41:51.765+0000][1][gc,age       ] GC(25) Age table with threshold 6 (max threshold 6)
[2022-06-13T01:41:51.765+0000][1][gc,age       ] GC(25) - age   1:      31560 bytes,      31560 total
[2022-06-13T01:41:51.765+0000][1][gc,age       ] GC(25) - age   2:      17040 bytes,      48600 total
[2022-06-13T01:41:51.765+0000][1][gc,age       ] GC(25) - age   3:      63072 bytes,     111672 total
[2022-06-13T01:41:51.766+0000][1][gc,age       ] GC(25) - age   4:    1299472 bytes,    1411144 total
[2022-06-13T01:41:51.766+0000][1][gc,heap      ] GC(25) ParNew: 72162K->1979K(78656K)
[2022-06-13T01:41:51.766+0000][1][gc,heap      ] GC(25) CMS: 67848K->67848K(174784K)
[2022-06-13T01:41:51.766+0000][1][gc,metaspace ] GC(25) Metaspace: 65293K->65293K(1110016K)
[2022-06-13T01:41:51.766+0000][1][gc           ] GC(25) Pause Young (Allocation Failure) 136M->68M(247M) 3.671ms
[2022-06-13T01:41:51.766+0000][1][gc,cpu       ] GC(25) User=0.01s Sys=0.00s Real=0.00s
[2022-06-13T01:41:51.766+0000][1][safepoint    ] Leaving safepoint region
[2022-06-13T01:41:51.767+0000][1][safepoint    ] Total time for which application threads were stopped: 0.0046683 seconds, Stopping threads took: 0.0004747 seconds
[2022-06-13T01:41:52.767+0000][1][safepoint    ] Application time: 1.0003398 seconds
[2022-06-13T01:41:52.768+0000][1][safepoint    ] Entering safepoint region: Cleanup
[2022-06-13T01:41:52.769+0000][1][safepoint    ] Leaving safepoint region
[2022-06-13T01:41:52.769+0000][1][safepoint    ] Total time for which application threads were stopped: 0.0014229 seconds, Stopping threads took: 0.0006400 seconds
[2022-06-13T01:41:53.770+0000][1][safepoint    ] Application time: 1.0003865 seconds
[2022-06-13T01:41:53.771+0000][1][safepoint    ] Entering safepoint region: Cleanup
[2022-06-13T01:41:53.771+0000][1][safepoint    ] Leaving safepoint region
[2022-06-13T01:41:53.772+0000][1][safepoint    ] Total time for which application threads were stopped: 0.0014380 seconds, Stopping threads took: 0.0006339 seconds
[2022-06-13T01:41:54.773+0000][1][safepoint    ] Application time: 1.0002391 seconds
[2022-06-13T01:41:54.774+0000][1][safepoint    ] Entering safepoint region: Cleanup
[2022-06-13T01:41:54.775+0000][1][safepoint    ] Leaving safepoint region
[2022-06-13T01:41:54.775+0000][1][safepoint    ] Total time for which application threads were stopped: 0.0011386 seconds, Stopping threads took: 0.0005753 seconds
[2022-06-13T01:41:55.776+0000][1][safepoint    ] Application time: 1.0002260 seconds
[2022-06-13T01:41:55.776+0000][1][safepoint    ] Entering safepoint region: Cleanup
[2022-06-13T01:41:55.777+0000][1][safepoint    ] Leaving safepoint region
[2022-06-13T01:41:55.777+0000][1][safepoint    ] Total time for which application threads were stopped: 0.0009565 seconds, Stopping threads took: 0.0004564 seconds
[2022-06-13T01:41:56.778+0000][1][safepoint    ] Application time: 1.0002734 seconds
[2022-06-13T01:41:56.779+0000][1][safepoint    ] Entering safepoint region: Cleanup
[2022-06-13T01:41:56.779+0000][1][safepoint    ] Leaving safepoint region
[2022-06-13T01:41:56.780+0000][1][safepoint    ] Total time for which application threads were stopped: 0.0010304 seconds, Stopping threads took: 0.0006014 seconds
[2022-06-13T01:41:57.780+0000][1][safepoint    ] Application time: 1.0001472 seconds
[2022-06-13T01:41:57.781+0000][1][safepoint    ] Entering safepoint region: Cleanup
[2022-06-13T01:41:57.781+0000][1][safepoint    ] Leaving safepoint region
[2022-06-13T01:41:57.782+0000][1][safepoint    ] Total time for which application threads were stopped: 0.0012818 seconds, Stopping threads took: 0.0006044 seconds
[2022-06-13T01:41:58.783+0000][1][safepoint    ] Application time: 1.0001359 seconds
[2022-06-13T01:41:58.784+0000][1][safepoint    ] Entering safepoint region: Cleanup
[2022-06-13T01:41:58.784+0000][1][safepoint    ] Leaving safepoint region
[2022-06-13T01:41:58.785+0000][1][safepoint    ] Total time for which application threads were stopped: 0.0011999 seconds, Stopping threads took: 0.0004553 seconds
[2022-06-13T01:41:59.786+0000][1][safepoint    ] Application time: 1.0003078 seconds
[2022-06-13T01:41:59.786+0000][1][safepoint    ] Entering safepoint region: Cleanup
[2022-06-13T01:41:59.787+0000][1][safepoint    ] Leaving safepoint region
[2022-06-13T01:41:59.787+0000][1][safepoint    ] Total time for which application threads were stopped: 0.0009565 seconds, Stopping threads took: 0.0003839 seconds
[2022-06-13T01:42:00.788+0000][1][safepoint    ] Application time: 1.0002347 seconds
[2022-06-13T01:42:00.789+0000][1][safepoint    ] Entering safepoint region: Cleanup
[2022-06-13T01:42:00.790+0000][1][safepoint    ] Leaving safepoint region
[2022-06-13T01:42:00.790+0000][1][safepoint    ] Total time for which application threads were stopped: 0.0016043 seconds, Stopping threads took: 0.0006831 seconds
[2022-06-13T01:42:01.792+0000][1][safepoint    ] Application time: 1.0003055 seconds
[2022-06-13T01:42:01.793+0000][1][safepoint    ] Entering safepoint region: Cleanup
[2022-06-13T01:42:01.794+0000][1][safepoint    ] Leaving safepoint region
[2022-06-13T01:42:01.794+0000][1][safepoint    ] Total time for which application threads were stopped: 0.0014396 seconds, Stopping threads took: 0.0006808 seconds
[2022-06-13T01:42:02.795+0000][1][safepoint    ] Application time: 1.0002472 seconds
[2022-06-13T01:42:02.796+0000][1][safepoint    ] Entering safepoint region: Cleanup
[2022-06-13T01:42:02.796+0000][1][safepoint    ] Leaving safepoint region
[2022-06-13T01:42:02.797+0000][1][safepoint    ] Total time for which application threads were stopped: 0.0010969 seconds, Stopping threads took: 0.0004663 seconds
[2022-06-13T01:42:03.797+0000][1][safepoint    ] Application time: 1.0001944 seconds
[2022-06-13T01:42:03.798+0000][1][safepoint    ] Entering safepoint region: Cleanup
[2022-06-13T01:42:03.798+0000][1][safepoint    ] Leaving safepoint region
[2022-06-13T01:42:03.799+0000][1][safepoint    ] Total time for which application threads were stopped: 0.0008276 seconds, Stopping threads took: 0.0005136 seconds
[2022-06-13T01:42:04.799+0000][1][safepoint    ] Application time: 1.0001719 seconds
[2022-06-13T01:42:04.800+0000][1][safepoint    ] Entering safepoint region: Cleanup
[2022-06-13T01:42:04.800+0000][1][safepoint    ] Leaving safepoint region
[2022-06-13T01:42:04.801+0000][1][safepoint    ] Total time for which application threads were stopped: 0.0011985 seconds, Stopping threads took: 0.0004106 seconds
[2022-06-13T01:42:05.801+0000][1][safepoint    ] Application time: 1.0001250 seconds
[2022-06-13T01:42:05.802+0000][1][safepoint    ] Entering safepoint region: Cleanup
[2022-06-13T01:42:05.802+0000][1][safepoint    ] Leaving safepoint region
[2022-06-13T01:42:05.802+0000][1][safepoint    ] Total time for which application threads were stopped: 0.0004143 seconds, Stopping threads took: 0.0001902 seconds
[2022-06-13T01:42:06.802+0000][1][safepoint    ] Application time: 1.0001493 seconds
[2022-06-13T01:42:06.803+0000][1][safepoint    ] Entering safepoint region: Cleanup
[2022-06-13T01:42:06.804+0000][1][safepoint    ] Leaving safepoint region
[2022-06-13T01:42:06.804+0000][1][safepoint    ] Total time for which application threads were stopped: 0.0014138 seconds, Stopping threads took: 0.0007684 seconds
[2022-06-13T01:42:07.805+0000][1][safepoint    ] Application time: 1.0003728 seconds
[2022-06-13T01:42:07.806+0000][1][safepoint    ] Entering safepoint region: Cleanup
[2022-06-13T01:42:07.807+0000][1][safepoint    ] Leaving safepoint region
[2022-06-13T01:42:07.807+0000][1][safepoint    ] Total time for which application threads were stopped: 0.0013441 seconds, Stopping threads took: 0.0006518 seconds
[2022-06-13T01:42:08.808+0000][1][safepoint    ] Application time: 1.0003955 seconds
[2022-06-13T01:42:08.809+0000][1][safepoint    ] Entering safepoint region: Cleanup
[2022-06-13T01:42:08.810+0000][1][safepoint    ] Leaving safepoint region
[2022-06-13T01:42:08.810+0000][1][safepoint    ] Total time for which application threads were stopped: 0.0009915 seconds, Stopping threads took: 0.0004849 seconds
[2022-06-13T01:42:09.811+0000][1][safepoint    ] Application time: 1.0002517 seconds
[2022-06-13T01:42:09.812+0000][1][safepoint    ] Entering safepoint region: Cleanup
[2022-06-13T01:42:09.813+0000][1][safepoint    ] Leaving safepoint region
[2022-06-13T01:42:09.814+0000][1][safepoint    ] Total time for which application threads were stopped: 0.0017742 seconds, Stopping threads took: 0.0007410 seconds
[2022-06-13T01:42:10.815+0000][1][safepoint    ] Application time: 1.0003430 seconds
[2022-06-13T01:42:10.816+0000][1][safepoint    ] Entering safepoint region: Cleanup
[2022-06-13T01:42:10.816+0000][1][safepoint    ] Leaving safepoint region
[2022-06-13T01:42:10.817+0000][1][safepoint    ] Total time for which application threads were stopped: 0.0010678 seconds, Stopping threads took: 0.0005026 seconds
[2022-06-13T01:42:11.818+0000][1][safepoint    ] Application time: 1.0004016 seconds
[2022-06-13T01:42:11.819+0000][1][safepoint    ] Entering safepoint region: Cleanup
[2022-06-13T01:42:11.819+0000][1][safepoint    ] Leaving safepoint region
[2022-06-13T01:42:11.820+0000][1][safepoint    ] Total time for which application threads were stopped: 0.0011684 seconds, Stopping threads took: 0.0007275 seconds
[2022-06-13T01:42:12.820+0000][1][safepoint    ] Application time: 1.0002536 seconds
[2022-06-13T01:42:12.821+0000][1][safepoint    ] Entering safepoint region: Cleanup
[2022-06-13T01:42:12.821+0000][1][safepoint    ] Leaving safepoint region
[2022-06-13T01:42:12.821+0000][1][safepoint    ] Total time for which application threads were stopped: 0.0004485 seconds, Stopping threads took: 0.0002212 seconds
[2022-06-13T01:42:13.822+0000][1][safepoint    ] Application time: 1.0002938 seconds
[2022-06-13T01:42:13.823+0000][1][safepoint    ] Entering safepoint region: Cleanup
[2022-06-13T01:42:13.823+0000][1][safepoint    ] Leaving safepoint region
[2022-06-13T01:42:13.824+0000][1][safepoint    ] Total time for which application threads were stopped: 0.0009206 seconds, Stopping threads took: 0.0004944 seconds
[2022-06-13T01:42:14.824+0000][1][safepoint    ] Application time: 1.0001784 seconds
[2022-06-13T01:42:14.825+0000][1][safepoint    ] Entering safepoint region: Cleanup
[2022-06-13T01:42:14.825+0000][1][safepoint    ] Leaving safepoint region
[2022-06-13T01:42:14.825+0000][1][safepoint    ] Total time for which application threads were stopped: 0.0007778 seconds, Stopping threads took: 0.0002951 seconds
[2022-06-13T01:42:15.826+0000][1][safepoint    ] Application time: 1.0001710 seconds
[2022-06-13T01:42:15.827+0000][1][safepoint    ] Entering safepoint region: Cleanup
[2022-06-13T01:42:15.827+0000][1][safepoint    ] Leaving safepoint region
[2022-06-13T01:42:15.827+0000][1][safepoint    ] Total time for which application threads were stopped: 0.0007843 seconds, Stopping threads took: 0.0004501 seconds
[2022-06-13T01:42:16.828+0000][1][safepoint    ] Application time: 1.0001960 seconds
[2022-06-13T01:42:16.829+0000][1][safepoint    ] Entering safepoint region: Cleanup
[2022-06-13T01:42:16.829+0000][1][safepoint    ] Leaving safepoint region
[2022-06-13T01:42:16.830+0000][1][safepoint    ] Total time for which application threads were stopped: 0.0011840 seconds, Stopping threads took: 0.0004684 seconds
[2022-06-13T01:42:17.831+0000][1][safepoint    ] Application time: 1.0002426 seconds
[2022-06-13T01:42:17.831+0000][1][safepoint    ] Entering safepoint region: Cleanup
[2022-06-13T01:42:17.832+0000][1][safepoint    ] Leaving safepoint region
[2022-06-13T01:42:17.832+0000][1][safepoint    ] Total time for which application threads were stopped: 0.0012826 seconds, Stopping threads took: 0.0006952 seconds
[2022-06-13T01:42:18.833+0000][1][safepoint    ] Application time: 1.0001585 seconds
[2022-06-13T01:42:18.833+0000][1][safepoint    ] Entering safepoint region: Cleanup
[2022-06-13T01:42:18.834+0000][1][safepoint    ] Leaving safepoint region
[2022-06-13T01:42:18.834+0000][1][safepoint    ] Total time for which application threads were stopped: 0.0008865 seconds, Stopping threads took: 0.0003465 seconds
[2022-06-13T01:42:19.835+0000][1][safepoint    ] Application time: 1.0002074 seconds
[2022-06-13T01:42:19.836+0000][1][safepoint    ] Entering safepoint region: Cleanup
[2022-06-13T01:42:19.836+0000][1][safepoint    ] Leaving safepoint region
[2022-06-13T01:42:19.837+0000][1][safepoint    ] Total time for which application threads were stopped: 0.0011554 seconds, Stopping threads took: 0.0006169 seconds
[2022-06-13T01:42:20.837+0000][1][safepoint    ] Application time: 1.0001826 seconds
[2022-06-13T01:42:20.838+0000][1][safepoint    ] Entering safepoint region: Cleanup
[2022-06-13T01:42:20.838+0000][1][safepoint    ] Leaving safepoint region
[2022-06-13T01:42:20.838+0000][1][safepoint    ] Total time for which application threads were stopped: 0.0005040 seconds, Stopping threads took: 0.0002172 seconds
[2022-06-13T01:42:22.665+0000][1][safepoint    ] Application time: 1.8267282 seconds
[2022-06-13T01:42:22.666+0000][1][safepoint    ] Entering safepoint region: Cleanup
[2022-06-13T01:42:22.666+0000][1][safepoint    ] Leaving safepoint region
[2022-06-13T01:42:22.666+0000][1][safepoint    ] Total time for which application threads were stopped: 0.0006325 seconds, Stopping threads took: 0.0003266 seconds
[2022-06-13T01:42:23.667+0000][1][safepoint    ] Application time: 1.0002441 seconds
[2022-06-13T01:42:23.668+0000][1][safepoint    ] Entering safepoint region: Cleanup
[2022-06-13T01:42:23.668+0000][1][safepoint    ] Leaving safepoint region
[2022-06-13T01:42:23.669+0000][1][safepoint    ] Total time for which application threads were stopped: 0.0012311 seconds, Stopping threads took: 0.0005616 seconds
[2022-06-13T01:42:24.670+0000][1][safepoint    ] Application time: 1.0003076 seconds
[2022-06-13T01:42:24.671+0000][1][safepoint    ] Entering safepoint region: Cleanup
[2022-06-13T01:42:24.672+0000][1][safepoint    ] Leaving safepoint region
[2022-06-13T01:42:24.672+0000][1][safepoint    ] Total time for which application threads were stopped: 0.0015435 seconds, Stopping threads took: 0.0006687 seconds
[2022-06-13T01:42:25.673+0000][1][safepoint    ] Application time: 1.0003299 seconds
[2022-06-13T01:42:25.674+0000][1][safepoint    ] Entering safepoint region: Cleanup
[2022-06-13T01:42:25.675+0000][1][safepoint    ] Leaving safepoint region
[2022-06-13T01:42:25.675+0000][1][safepoint    ] Total time for which application threads were stopped: 0.0013058 seconds, Stopping threads took: 0.0006904 seconds
[2022-06-13T01:42:26.676+0000][1][safepoint    ] Application time: 1.0001613 seconds
[2022-06-13T01:42:26.676+0000][1][safepoint    ] Entering safepoint region: Cleanup
[2022-06-13T01:42:26.677+0000][1][safepoint    ] Leaving safepoint region
[2022-06-13T01:42:26.678+0000][1][safepoint    ] Total time for which application threads were stopped: 0.0012293 seconds, Stopping threads took: 0.0005847 seconds
[2022-06-13T01:42:27.678+0000][1][safepoint    ] Application time: 1.0002298 seconds
[2022-06-13T01:42:27.679+0000][1][safepoint    ] Entering safepoint region: Cleanup
[2022-06-13T01:42:27.680+0000][1][safepoint    ] Leaving safepoint region
[2022-06-13T01:42:27.680+0000][1][safepoint    ] Total time for which application threads were stopped: 0.0010425 seconds, Stopping threads took: 0.0004416 seconds
[2022-06-13T01:42:28.681+0000][1][safepoint    ] Application time: 1.0001674 seconds
[2022-06-13T01:42:28.681+0000][1][safepoint    ] Entering safepoint region: Cleanup
[2022-06-13T01:42:28.682+0000][1][safepoint    ] Leaving safepoint region
[2022-06-13T01:42:28.682+0000][1][safepoint    ] Total time for which application threads were stopped: 0.0006662 seconds, Stopping threads took: 0.0003316 seconds
[2022-06-13T01:42:29.683+0000][1][safepoint    ] Application time: 1.0003055 seconds
[2022-06-13T01:42:29.684+0000][1][safepoint    ] Entering safepoint region: Cleanup
[2022-06-13T01:42:29.684+0000][1][safepoint    ] Leaving safepoint region
[2022-06-13T01:42:29.685+0000][1][safepoint    ] Total time for which application threads were stopped: 0.0018439 seconds, Stopping threads took: 0.0008034 seconds
[2022-06-13T01:42:30.687+0000][1][safepoint    ] Application time: 1.0003732 seconds
[2022-06-13T01:42:30.687+0000][1][safepoint    ] Entering safepoint region: Cleanup
[2022-06-13T01:42:30.688+0000][1][safepoint    ] Leaving safepoint region
[2022-06-13T01:42:30.688+0000][1][safepoint    ] Total time for which application threads were stopped: 0.0007612 seconds, Stopping threads took: 0.0003725 seconds
[2022-06-13T01:42:31.689+0000][1][safepoint    ] Application time: 1.0001757 seconds
[2022-06-13T01:42:31.689+0000][1][safepoint    ] Entering safepoint region: Cleanup
[2022-06-13T01:42:31.690+0000][1][safepoint    ] Leaving safepoint region
[2022-06-13T01:42:31.691+0000][1][safepoint    ] Total time for which application threads were stopped: 0.0016116 seconds, Stopping threads took: 0.0006937 seconds
[2022-06-13T01:42:32.691+0000][1][safepoint    ] Application time: 1.0002699 seconds
[2022-06-13T01:42:32.692+0000][1][safepoint    ] Entering safepoint region: Cleanup
[2022-06-13T01:42:32.692+0000][1][safepoint    ] Leaving safepoint region
[2022-06-13T01:42:32.693+0000][1][safepoint    ] Total time for which application threads were stopped: 0.0007376 seconds, Stopping threads took: 0.0003298 seconds
[2022-06-13T01:42:33.693+0000][1][safepoint    ] Application time: 1.0002226 seconds
[2022-06-13T01:42:33.694+0000][1][safepoint    ] Entering safepoint region: Cleanup
[2022-06-13T01:42:33.694+0000][1][safepoint    ] Leaving safepoint region
[2022-06-13T01:42:33.695+0000][1][safepoint    ] Total time for which application threads were stopped: 0.0007984 seconds, Stopping threads took: 0.0003687 seconds
[2022-06-13T01:42:34.695+0000][1][safepoint    ] Application time: 1.0002144 seconds
[2022-06-13T01:42:34.696+0000][1][safepoint    ] Entering safepoint region: Cleanup
[2022-06-13T01:42:34.697+0000][1][safepoint    ] Leaving safepoint region
[2022-06-13T01:42:34.698+0000][1][safepoint    ] Total time for which application threads were stopped: 0.0017461 seconds, Stopping threads took: 0.0008809 seconds
[2022-06-13T01:42:35.699+0000][1][safepoint    ] Application time: 1.0001570 seconds
[2022-06-13T01:42:35.699+0000][1][safepoint    ] Entering safepoint region: Cleanup
[2022-06-13T01:42:35.700+0000][1][safepoint    ] Leaving safepoint region
[2022-06-13T01:42:35.700+0000][1][safepoint    ] Total time for which application threads were stopped: 0.0009418 seconds, Stopping threads took: 0.0004931 seconds
[2022-06-13T01:42:36.701+0000][1][safepoint    ] Application time: 1.0002728 seconds
[2022-06-13T01:42:36.702+0000][1][safepoint    ] Entering safepoint region: Cleanup
[2022-06-13T01:42:36.703+0000][1][safepoint    ] Leaving safepoint region
[2022-06-13T01:42:36.704+0000][1][safepoint    ] Total time for which application threads were stopped: 0.0017285 seconds, Stopping threads took: 0.0008372 seconds
[2022-06-13T01:42:37.705+0000][1][safepoint    ] Application time: 1.0002982 seconds
[2022-06-13T01:42:37.705+0000][1][safepoint    ] Entering safepoint region: Cleanup
[2022-06-13T01:42:37.705+0000][1][safepoint    ] Leaving safepoint region
[2022-06-13T01:42:37.706+0000][1][safepoint    ] Total time for which application threads were stopped: 0.0003696 seconds, Stopping threads took: 0.0001718 seconds
[2022-06-13T01:42:38.706+0000][1][safepoint    ] Application time: 1.0001814 seconds
[2022-06-13T01:42:38.707+0000][1][safepoint    ] Entering safepoint region: Cleanup
[2022-06-13T01:42:38.707+0000][1][safepoint    ] Leaving safepoint region
[2022-06-13T01:42:38.708+0000][1][safepoint    ] Total time for which application threads were stopped: 0.0011507 seconds, Stopping threads took: 0.0004959 seconds
[2022-06-13T01:42:39.709+0000][1][safepoint    ] Application time: 1.0001796 seconds
[2022-06-13T01:42:39.709+0000][1][safepoint    ] Entering safepoint region: Cleanup
[2022-06-13T01:42:39.710+0000][1][safepoint    ] Leaving safepoint region
[2022-06-13T01:42:39.710+0000][1][safepoint    ] Total time for which application threads were stopped: 0.0010889 seconds, Stopping threads took: 0.0005273 seconds
[2022-06-13T01:42:40.711+0000][1][safepoint    ] Application time: 1.0003535 seconds
[2022-06-13T01:42:40.712+0000][1][safepoint    ] Entering safepoint region: Cleanup
[2022-06-13T01:42:40.713+0000][1][safepoint    ] Leaving safepoint region
[2022-06-13T01:42:40.713+0000][1][safepoint    ] Total time for which application threads were stopped: 0.0013947 seconds, Stopping threads took: 0.0008399 seconds
[2022-06-13T01:42:41.714+0000][1][safepoint    ] Application time: 1.0002464 seconds
[2022-06-13T01:42:41.714+0000][1][safepoint    ] Entering safepoint region: Cleanup
[2022-06-13T01:42:41.715+0000][1][safepoint    ] Leaving safepoint region
[2022-06-13T01:42:41.716+0000][1][safepoint    ] Total time for which application threads were stopped: 0.0014876 seconds, Stopping threads took: 0.0006888 seconds
[2022-06-13T01:42:42.717+0000][1][safepoint    ] Application time: 1.0002235 seconds
[2022-06-13T01:42:42.718+0000][1][safepoint    ] Entering safepoint region: Cleanup
[2022-06-13T01:42:42.718+0000][1][safepoint    ] Leaving safepoint region
[2022-06-13T01:42:42.719+0000][1][safepoint    ] Total time for which application threads were stopped: 0.0011849 seconds, Stopping threads took: 0.0004933 seconds
[2022-06-13T01:42:43.719+0000][1][safepoint    ] Application time: 1.0002313 seconds
[2022-06-13T01:42:43.720+0000][1][safepoint    ] Entering safepoint region: Cleanup
[2022-06-13T01:42:43.721+0000][1][safepoint    ] Leaving safepoint region
[2022-06-13T01:42:43.722+0000][1][safepoint    ] Total time for which application threads were stopped: 0.0014328 seconds, Stopping threads took: 0.0007077 seconds
[2022-06-13T01:42:44.723+0000][1][safepoint    ] Application time: 1.0002396 seconds
[2022-06-13T01:42:44.724+0000][1][safepoint    ] Entering safepoint region: Cleanup
[2022-06-13T01:42:44.725+0000][1][safepoint    ] Leaving safepoint region
[2022-06-13T01:42:44.726+0000][1][safepoint    ] Total time for which application threads were stopped: 0.0012370 seconds, Stopping threads took: 0.0006652 seconds
[2022-06-13T01:42:45.726+0000][1][safepoint    ] Application time: 1.0003246 seconds
[2022-06-13T01:42:45.727+0000][1][safepoint    ] Entering safepoint region: Cleanup
[2022-06-13T01:42:45.728+0000][1][safepoint    ] Leaving safepoint region
[2022-06-13T01:42:45.729+0000][1][safepoint    ] Total time for which application threads were stopped: 0.0015311 seconds, Stopping threads took: 0.0006925 seconds
[2022-06-13T01:42:46.730+0000][1][safepoint    ] Application time: 1.0002713 seconds
[2022-06-13T01:42:46.730+0000][1][safepoint    ] Entering safepoint region: Cleanup
[2022-06-13T01:42:46.731+0000][1][safepoint    ] Leaving safepoint region
[2022-06-13T01:42:46.732+0000][1][safepoint    ] Total time for which application threads were stopped: 0.0012577 seconds, Stopping threads took: 0.0003643 seconds
[2022-06-13T01:42:47.732+0000][1][safepoint    ] Application time: 1.0002243 seconds
[2022-06-13T01:42:47.733+0000][1][safepoint    ] Entering safepoint region: Cleanup
[2022-06-13T01:42:47.733+0000][1][safepoint    ] Leaving safepoint region
[2022-06-13T01:42:47.734+0000][1][safepoint    ] Total time for which application threads were stopped: 0.0009904 seconds, Stopping threads took: 0.0003361 seconds
[2022-06-13T01:42:48.735+0000][1][safepoint    ] Application time: 1.0003441 seconds
[2022-06-13T01:42:48.735+0000][1][safepoint    ] Entering safepoint region: Cleanup
[2022-06-13T01:42:48.736+0000][1][safepoint    ] Leaving safepoint region
[2022-06-13T01:42:48.737+0000][1][safepoint    ] Total time for which application threads were stopped: 0.0015072 seconds, Stopping threads took: 0.0004614 seconds
[2022-06-13T01:42:49.738+0000][1][safepoint    ] Application time: 1.0003503 seconds
[2022-06-13T01:42:49.739+0000][1][safepoint    ] Entering safepoint region: Cleanup
[2022-06-13T01:42:49.740+0000][1][safepoint    ] Leaving safepoint region
[2022-06-13T01:42:49.741+0000][1][safepoint    ] Total time for which application threads were stopped: 0.0013477 seconds, Stopping threads took: 0.0007225 seconds
[2022-06-13T01:42:50.741+0000][1][safepoint    ] Application time: 1.0002216 seconds
[2022-06-13T01:42:50.742+0000][1][safepoint    ] Entering safepoint region: Cleanup
[2022-06-13T01:42:50.743+0000][1][safepoint    ] Leaving safepoint region
[2022-06-13T01:42:50.743+0000][1][safepoint    ] Total time for which application threads were stopped: 0.0009410 seconds, Stopping threads took: 0.0005008 seconds
[2022-06-13T01:42:51.744+0000][1][safepoint    ] Application time: 1.0001548 seconds
[2022-06-13T01:42:51.744+0000][1][safepoint    ] Entering safepoint region: Cleanup
[2022-06-13T01:42:51.745+0000][1][safepoint    ] Leaving safepoint region
[2022-06-13T01:42:51.746+0000][1][safepoint    ] Total time for which application threads were stopped: 0.0015514 seconds, Stopping threads took: 0.0007237 seconds
[2022-06-13T01:42:52.747+0000][1][safepoint    ] Application time: 1.0002897 seconds
[2022-06-13T01:42:52.748+0000][1][safepoint    ] Entering safepoint region: Cleanup
[2022-06-13T01:42:52.748+0000][1][safepoint    ] Leaving safepoint region
[2022-06-13T01:42:52.749+0000][1][safepoint    ] Total time for which application threads were stopped: 0.0009663 seconds, Stopping threads took: 0.0003713 seconds
[2022-06-13T01:42:53.749+0000][1][safepoint    ] Application time: 1.0002428 seconds
[2022-06-13T01:42:53.750+0000][1][safepoint    ] Entering safepoint region: Cleanup
[2022-06-13T01:42:53.750+0000][1][safepoint    ] Leaving safepoint region
[2022-06-13T01:42:53.751+0000][1][safepoint    ] Total time for which application threads were stopped: 0.0007871 seconds, Stopping threads took: 0.0003662 seconds
[2022-06-13T01:42:54.751+0000][1][safepoint    ] Application time: 1.0003440 seconds
[2022-06-13T01:42:54.752+0000][1][safepoint    ] Entering safepoint region: Cleanup
[2022-06-13T01:42:54.753+0000][1][safepoint    ] Leaving safepoint region
[2022-06-13T01:42:54.753+0000][1][safepoint    ] Total time for which application threads were stopped: 0.0013695 seconds, Stopping threads took: 0.0007052 seconds
[2022-06-13T01:42:55.754+0000][1][safepoint    ] Application time: 1.0001974 seconds
[2022-06-13T01:42:55.755+0000][1][safepoint    ] Entering safepoint region: Cleanup
[2022-06-13T01:42:55.755+0000][1][safepoint    ] Leaving safepoint region
[2022-06-13T01:42:55.756+0000][1][safepoint    ] Total time for which application threads were stopped: 0.0012656 seconds, Stopping threads took: 0.0005493 seconds
[2022-06-13T01:42:56.757+0000][1][safepoint    ] Application time: 1.0003056 seconds
[2022-06-13T01:42:56.758+0000][1][safepoint    ] Entering safepoint region: Cleanup
[2022-06-13T01:42:56.758+0000][1][safepoint    ] Leaving safepoint region
[2022-06-13T01:42:56.759+0000][1][safepoint    ] Total time for which application threads were stopped: 0.0012954 seconds, Stopping threads took: 0.0007355 seconds
[2022-06-13T01:42:57.760+0000][1][safepoint    ] Application time: 1.0003197 seconds
[2022-06-13T01:42:57.760+0000][1][safepoint    ] Entering safepoint region: Cleanup
[2022-06-13T01:42:57.761+0000][1][safepoint    ] Leaving safepoint region
[2022-06-13T01:42:57.762+0000][1][safepoint    ] Total time for which application threads were stopped: 0.0015760 seconds, Stopping threads took: 0.0006896 seconds
[2022-06-13T01:42:58.763+0000][1][safepoint    ] Application time: 1.0003214 seconds
[2022-06-13T01:42:58.764+0000][1][safepoint    ] Entering safepoint region: Cleanup
[2022-06-13T01:42:58.765+0000][1][safepoint    ] Leaving safepoint region
[2022-06-13T01:42:58.766+0000][1][safepoint    ] Total time for which application threads were stopped: 0.0017258 seconds, Stopping threads took: 0.0007069 seconds
[2022-06-13T01:42:59.767+0000][1][safepoint    ] Application time: 1.0003757 seconds
[2022-06-13T01:42:59.768+0000][1][safepoint    ] Entering safepoint region: Cleanup
[2022-06-13T01:42:59.769+0000][1][safepoint    ] Leaving safepoint region
[2022-06-13T01:42:59.769+0000][1][safepoint    ] Total time for which application threads were stopped: 0.0010893 seconds, Stopping threads took: 0.0005375 seconds
[2022-06-13T01:43:00.770+0000][1][safepoint    ] Application time: 1.0002909 seconds
[2022-06-13T01:43:00.770+0000][1][safepoint    ] Entering safepoint region: Cleanup
[2022-06-13T01:43:00.771+0000][1][safepoint    ] Leaving safepoint region
[2022-06-13T01:43:00.772+0000][1][safepoint    ] Total time for which application threads were stopped: 0.0011348 seconds, Stopping threads took: 0.0005788 seconds
[2022-06-13T01:43:01.772+0000][1][safepoint    ] Application time: 1.0002207 seconds
[2022-06-13T01:43:01.773+0000][1][safepoint    ] Entering safepoint region: Cleanup
[2022-06-13T01:43:01.774+0000][1][safepoint    ] Leaving safepoint region
[2022-06-13T01:43:01.774+0000][1][safepoint    ] Total time for which application threads were stopped: 0.0012902 seconds, Stopping threads took: 0.0005926 seconds
[2022-06-13T01:43:02.775+0000][1][safepoint    ] Application time: 1.0003020 seconds
[2022-06-13T01:43:02.776+0000][1][safepoint    ] Entering safepoint region: Cleanup
[2022-06-13T01:43:02.776+0000][1][safepoint    ] Leaving safepoint region
[2022-06-13T01:43:02.777+0000][1][safepoint    ] Total time for which application threads were stopped: 0.0011564 seconds, Stopping threads took: 0.0005486 seconds
[2022-06-13T01:43:03.778+0000][1][safepoint    ] Application time: 1.0002859 seconds
[2022-06-13T01:43:03.779+0000][1][safepoint    ] Entering safepoint region: Cleanup
[2022-06-13T01:43:03.779+0000][1][safepoint    ] Leaving safepoint region
[2022-06-13T01:43:03.780+0000][1][safepoint    ] Total time for which application threads were stopped: 0.0017369 seconds, Stopping threads took: 0.0005528 seconds
[2022-06-13T01:43:04.781+0000][1][safepoint    ] Application time: 1.0002226 seconds
[2022-06-13T01:43:04.782+0000][1][safepoint    ] Entering safepoint region: Cleanup
[2022-06-13T01:43:04.782+0000][1][safepoint    ] Leaving safepoint region
[2022-06-13T01:43:04.783+0000][1][safepoint    ] Total time for which application threads were stopped: 0.0010825 seconds, Stopping threads took: 0.0004867 seconds
[2022-06-13T01:43:05.784+0000][1][safepoint    ] Application time: 1.0003121 seconds
[2022-06-13T01:43:05.785+0000][1][safepoint    ] Entering safepoint region: Cleanup
[2022-06-13T01:43:05.786+0000][1][safepoint    ] Leaving safepoint region
[2022-06-13T01:43:05.786+0000][1][safepoint    ] Total time for which application threads were stopped: 0.0016297 seconds, Stopping threads took: 0.0007207 seconds
[2022-06-13T01:43:06.787+0000][1][safepoint    ] Application time: 1.0002438 seconds
[2022-06-13T01:43:06.788+0000][1][safepoint    ] Entering safepoint region: Cleanup
[2022-06-13T01:43:06.789+0000][1][safepoint    ] Leaving safepoint region
[2022-06-13T01:43:06.789+0000][1][safepoint    ] Total time for which application threads were stopped: 0.0014099 seconds, Stopping threads took: 0.0006319 seconds
[2022-06-13T01:43:07.790+0000][1][safepoint    ] Application time: 1.0001907 seconds
[2022-06-13T01:43:07.791+0000][1][safepoint    ] Entering safepoint region: Cleanup
[2022-06-13T01:43:07.792+0000][1][safepoint    ] Leaving safepoint region
[2022-06-13T01:43:07.792+0000][1][safepoint    ] Total time for which application threads were stopped: 0.0015979 seconds, Stopping threads took: 0.0006123 seconds
[2022-06-13T01:43:08.793+0000][1][safepoint    ] Application time: 1.0002989 seconds
[2022-06-13T01:43:08.794+0000][1][safepoint    ] Entering safepoint region: Cleanup
[2022-06-13T01:43:08.794+0000][1][safepoint    ] Leaving safepoint region
[2022-06-13T01:43:08.795+0000][1][safepoint    ] Total time for which application threads were stopped: 0.0015922 seconds, Stopping threads took: 0.0005693 seconds
[2022-06-13T01:43:09.796+0000][1][safepoint    ] Application time: 1.0002728 seconds
[2022-06-13T01:43:09.797+0000][1][safepoint    ] Entering safepoint region: Cleanup
[2022-06-13T01:43:09.798+0000][1][safepoint    ] Leaving safepoint region
[2022-06-13T01:43:09.799+0000][1][safepoint    ] Total time for which application threads were stopped: 0.0016315 seconds, Stopping threads took: 0.0008027 seconds
[2022-06-13T01:43:10.800+0000][1][safepoint    ] Application time: 1.0002274 seconds
[2022-06-13T01:43:10.801+0000][1][safepoint    ] Entering safepoint region: Cleanup
[2022-06-13T01:43:10.801+0000][1][safepoint    ] Leaving safepoint region
[2022-06-13T01:43:10.802+0000][1][safepoint    ] Total time for which application threads were stopped: 0.0009215 seconds, Stopping threads took: 0.0004552 seconds
[2022-06-13T01:43:11.802+0000][1][safepoint    ] Application time: 1.0002585 seconds
[2022-06-13T01:43:11.803+0000][1][safepoint    ] Entering safepoint region: Cleanup
[2022-06-13T01:43:11.803+0000][1][safepoint    ] Leaving safepoint region
[2022-06-13T01:43:11.804+0000][1][safepoint    ] Total time for which application threads were stopped: 0.0007739 seconds, Stopping threads took: 0.0004748 seconds
[2022-06-13T01:43:12.804+0000][1][safepoint    ] Application time: 1.0001316 seconds
[2022-06-13T01:43:12.805+0000][1][safepoint    ] Entering safepoint region: Cleanup
[2022-06-13T01:43:12.805+0000][1][safepoint    ] Leaving safepoint region
[2022-06-13T01:43:12.805+0000][1][safepoint    ] Total time for which application threads were stopped: 0.0007146 seconds, Stopping threads took: 0.0003702 seconds
[2022-06-13T01:43:13.806+0000][1][safepoint    ] Application time: 1.0004003 seconds
[2022-06-13T01:43:13.807+0000][1][safepoint    ] Entering safepoint region: Cleanup
[2022-06-13T01:43:13.808+0000][1][safepoint    ] Leaving safepoint region
[2022-06-13T01:43:13.809+0000][1][safepoint    ] Total time for which application threads were stopped: 0.0021098 seconds, Stopping threads took: 0.0011897 seconds
[2022-06-13T01:43:14.811+0000][1][safepoint    ] Application time: 1.0002263 seconds
[2022-06-13T01:43:14.811+0000][1][safepoint    ] Entering safepoint region: Cleanup
[2022-06-13T01:43:14.812+0000][1][safepoint    ] Leaving safepoint region
[2022-06-13T01:43:14.812+0000][1][safepoint    ] Total time for which application threads were stopped: 0.0008940 seconds, Stopping threads took: 0.0003403 seconds
[2022-06-13T01:43:15.812+0000][1][safepoint    ] Application time: 1.0001346 seconds
[2022-06-13T01:43:15.813+0000][1][safepoint    ] Entering safepoint region: Cleanup
[2022-06-13T01:43:15.813+0000][1][safepoint    ] Leaving safepoint region
[2022-06-13T01:43:15.814+0000][1][safepoint    ] Total time for which application threads were stopped: 0.0013164 seconds, Stopping threads took: 0.0004851 seconds
[2022-06-13T01:43:16.815+0000][1][safepoint    ] Application time: 1.0002847 seconds
[2022-06-13T01:43:16.816+0000][1][safepoint    ] Entering safepoint region: Cleanup
[2022-06-13T01:43:16.816+0000][1][safepoint    ] Leaving safepoint region
[2022-06-13T01:43:16.817+0000][1][safepoint    ] Total time for which application threads were stopped: 0.0012942 seconds, Stopping threads took: 0.0004720 seconds
[2022-06-13T01:43:17.818+0000][1][safepoint    ] Application time: 1.0002073 seconds
[2022-06-13T01:43:17.818+0000][1][safepoint    ] Entering safepoint region: Cleanup
[2022-06-13T01:43:17.819+0000][1][safepoint    ] Leaving safepoint region
[2022-06-13T01:43:17.819+0000][1][safepoint    ] Total time for which application threads were stopped: 0.0007176 seconds, Stopping threads took: 0.0002563 seconds
[2022-06-13T01:43:18.820+0000][1][safepoint    ] Application time: 1.0002364 seconds
[2022-06-13T01:43:18.821+0000][1][safepoint    ] Entering safepoint region: Cleanup
[2022-06-13T01:43:18.822+0000][1][safepoint    ] Leaving safepoint region
[2022-06-13T01:43:18.822+0000][1][safepoint    ] Total time for which application threads were stopped: 0.0011452 seconds, Stopping threads took: 0.0006046 seconds
[2022-06-13T01:43:19.823+0000][1][safepoint    ] Application time: 1.0001549 seconds
[2022-06-13T01:43:19.824+0000][1][safepoint    ] Entering safepoint region: Cleanup
[2022-06-13T01:43:19.824+0000][1][safepoint    ] Leaving safepoint region
[2022-06-13T01:43:19.825+0000][1][safepoint    ] Total time for which application threads were stopped: 0.0012418 seconds, Stopping threads took: 0.0004427 seconds
[2022-06-13T01:43:20.826+0000][1][safepoint    ] Application time: 1.0001962 seconds
[2022-06-13T01:43:20.826+0000][1][safepoint    ] Entering safepoint region: Cleanup
[2022-06-13T01:43:20.827+0000][1][safepoint    ] Leaving safepoint region
[2022-06-13T01:43:20.827+0000][1][safepoint    ] Total time for which application threads were stopped: 0.0010184 seconds, Stopping threads took: 0.0004004 seconds
[2022-06-13T01:43:21.828+0000][1][safepoint    ] Application time: 1.0002667 seconds
[2022-06-13T01:43:21.829+0000][1][safepoint    ] Entering safepoint region: Cleanup
[2022-06-13T01:43:21.829+0000][1][safepoint    ] Leaving safepoint region
[2022-06-13T01:43:21.830+0000][1][safepoint    ] Total time for which application threads were stopped: 0.0011380 seconds, Stopping threads took: 0.0004781 seconds
[2022-06-13T01:43:22.830+0000][1][safepoint    ] Application time: 1.0002210 seconds
[2022-06-13T01:43:22.831+0000][1][safepoint    ] Entering safepoint region: Cleanup
[2022-06-13T01:43:22.832+0000][1][safepoint    ] Leaving safepoint region
[2022-06-13T01:43:22.833+0000][1][safepoint    ] Total time for which application threads were stopped: 0.0021591 seconds, Stopping threads took: 0.0007216 seconds
[2022-06-13T01:43:23.834+0000][1][safepoint    ] Application time: 1.0003153 seconds
[2022-06-13T01:43:23.835+0000][1][safepoint    ] Entering safepoint region: Cleanup
[2022-06-13T01:43:23.836+0000][1][safepoint    ] Leaving safepoint region
[2022-06-13T01:43:23.837+0000][1][safepoint    ] Total time for which application threads were stopped: 0.0014663 seconds, Stopping threads took: 0.0006221 seconds
[2022-06-13T01:43:24.838+0000][1][safepoint    ] Application time: 1.0002911 seconds
[2022-06-13T01:43:24.838+0000][1][safepoint    ] Entering safepoint region: Cleanup
[2022-06-13T01:43:24.839+0000][1][safepoint    ] Leaving safepoint region
[2022-06-13T01:43:24.839+0000][1][safepoint    ] Total time for which application threads were stopped: 0.0009824 seconds, Stopping threads took: 0.0004150 seconds
[2022-06-13T01:43:25.840+0000][1][safepoint    ] Application time: 1.0002056 seconds
[2022-06-13T01:43:25.840+0000][1][safepoint    ] Entering safepoint region: Cleanup
[2022-06-13T01:43:25.841+0000][1][safepoint    ] Leaving safepoint region
[2022-06-13T01:43:25.841+0000][1][safepoint    ] Total time for which application threads were stopped: 0.0010293 seconds, Stopping threads took: 0.0004601 seconds
[2022-06-13T01:43:26.842+0000][1][safepoint    ] Application time: 1.0003464 seconds
[2022-06-13T01:43:26.843+0000][1][safepoint    ] Entering safepoint region: Cleanup
[2022-06-13T01:43:26.844+0000][1][safepoint    ] Leaving safepoint region
[2022-06-13T01:43:26.845+0000][1][safepoint    ] Total time for which application threads were stopped: 0.0018775 seconds, Stopping threads took: 0.0008307 seconds
[2022-06-13T01:43:27.846+0000][1][safepoint    ] Application time: 1.0002118 seconds
[2022-06-13T01:43:27.847+0000][1][safepoint    ] Entering safepoint region: Cleanup
[2022-06-13T01:43:27.847+0000][1][safepoint    ] Leaving safepoint region
[2022-06-13T01:43:27.848+0000][1][safepoint    ] Total time for which application threads were stopped: 0.0010632 seconds, Stopping threads took: 0.0004573 seconds
[2022-06-13T01:43:28.849+0000][1][safepoint    ] Application time: 1.0003763 seconds
[2022-06-13T01:43:28.850+0000][1][safepoint    ] Entering safepoint region: Cleanup
[2022-06-13T01:43:28.851+0000][1][safepoint    ] Leaving safepoint region
[2022-06-13T01:43:28.851+0000][1][safepoint    ] Total time for which application threads were stopped: 0.0012959 seconds, Stopping threads took: 0.0006527 seconds
[2022-06-13T01:43:29.852+0000][1][safepoint    ] Application time: 1.0003091 seconds
[2022-06-13T01:43:29.853+0000][1][safepoint    ] Entering safepoint region: Cleanup
[2022-06-13T01:43:29.854+0000][1][safepoint    ] Leaving safepoint region
[2022-06-13T01:43:29.854+0000][1][safepoint    ] Total time for which application threads were stopped: 0.0013831 seconds, Stopping threads took: 0.0006111 seconds
[2022-06-13T01:43:30.855+0000][1][safepoint    ] Application time: 1.0003409 seconds
[2022-06-13T01:43:30.856+0000][1][safepoint    ] Entering safepoint region: Cleanup
[2022-06-13T01:43:30.856+0000][1][safepoint    ] Leaving safepoint region
[2022-06-13T01:43:30.857+0000][1][safepoint    ] Total time for which application threads were stopped: 0.0011137 seconds, Stopping threads took: 0.0004636 seconds
[2022-06-13T01:43:31.858+0000][1][safepoint    ] Application time: 1.0003219 seconds
[2022-06-13T01:43:31.859+0000][1][safepoint    ] Entering safepoint region: Cleanup
[2022-06-13T01:43:31.859+0000][1][safepoint    ] Leaving safepoint region
[2022-06-13T01:43:31.860+0000][1][safepoint    ] Total time for which application threads were stopped: 0.0011803 seconds, Stopping threads took: 0.0003909 seconds
[2022-06-13T01:43:32.861+0000][1][safepoint    ] Application time: 1.0001679 seconds
[2022-06-13T01:43:32.861+0000][1][safepoint    ] Entering safepoint region: Cleanup
[2022-06-13T01:43:32.862+0000][1][safepoint    ] Leaving safepoint region
[2022-06-13T01:43:32.863+0000][1][safepoint    ] Total time for which application threads were stopped: 0.0013902 seconds, Stopping threads took: 0.0005086 seconds
[2022-06-13T01:43:33.863+0000][1][safepoint    ] Application time: 1.0003299 seconds
[2022-06-13T01:43:33.865+0000][1][safepoint    ] Entering safepoint region: Cleanup
[2022-06-13T01:43:33.865+0000][1][safepoint    ] Leaving safepoint region
[2022-06-13T01:43:33.866+0000][1][safepoint    ] Total time for which application threads were stopped: 0.0013807 seconds, Stopping threads took: 0.0006591 seconds
[2022-06-13T01:43:34.867+0000][1][safepoint    ] Application time: 1.0001890 seconds
[2022-06-13T01:43:34.867+0000][1][safepoint    ] Entering safepoint region: Cleanup
[2022-06-13T01:43:34.868+0000][1][safepoint    ] Leaving safepoint region
[2022-06-13T01:43:34.869+0000][1][safepoint    ] Total time for which application threads were stopped: 0.0016409 seconds, Stopping threads took: 0.0006790 seconds
[2022-06-13T01:43:35.870+0000][1][safepoint    ] Application time: 1.0003400 seconds
[2022-06-13T01:43:35.871+0000][1][safepoint    ] Entering safepoint region: Cleanup
[2022-06-13T01:43:35.872+0000][1][safepoint    ] Leaving safepoint region
[2022-06-13T01:43:35.873+0000][1][safepoint    ] Total time for which application threads were stopped: 0.0017960 seconds, Stopping threads took: 0.0008848 seconds
[2022-06-13T01:43:36.874+0000][1][safepoint    ] Application time: 1.0004030 seconds
[2022-06-13T01:43:36.874+0000][1][safepoint    ] Entering safepoint region: Cleanup
[2022-06-13T01:43:36.875+0000][1][safepoint    ] Leaving safepoint region
[2022-06-13T01:43:36.876+0000][1][safepoint    ] Total time for which application threads were stopped: 0.0012560 seconds, Stopping threads took: 0.0004976 seconds
[2022-06-13T01:43:37.876+0000][1][safepoint    ] Application time: 1.0003933 seconds
[2022-06-13T01:43:37.877+0000][1][safepoint    ] Entering safepoint region: Cleanup
[2022-06-13T01:43:37.878+0000][1][safepoint    ] Leaving safepoint region
[2022-06-13T01:43:37.879+0000][1][safepoint    ] Total time for which application threads were stopped: 0.0018142 seconds, Stopping threads took: 0.0008317 seconds
[2022-06-13T01:43:38.880+0000][1][safepoint    ] Application time: 1.0002758 seconds
[2022-06-13T01:43:38.881+0000][1][safepoint    ] Entering safepoint region: Cleanup
[2022-06-13T01:43:38.882+0000][1][safepoint    ] Leaving safepoint region
[2022-06-13T01:43:38.882+0000][1][safepoint    ] Total time for which application threads were stopped: 0.0013797 seconds, Stopping threads took: 0.0006592 seconds
[2022-06-13T01:43:39.883+0000][1][safepoint    ] Application time: 1.0001426 seconds
[2022-06-13T01:43:39.884+0000][1][safepoint    ] Entering safepoint region: Cleanup
[2022-06-13T01:43:39.884+0000][1][safepoint    ] Leaving safepoint region
[2022-06-13T01:43:39.884+0000][1][safepoint    ] Total time for which application threads were stopped: 0.0007042 seconds, Stopping threads took: 0.0002980 seconds
[2022-06-13T01:43:40.885+0000][1][safepoint    ] Application time: 1.0003803 seconds
[2022-06-13T01:43:40.886+0000][1][safepoint    ] Entering safepoint region: Cleanup
[2022-06-13T01:43:40.886+0000][1][safepoint    ] Leaving safepoint region
[2022-06-13T01:43:40.887+0000][1][safepoint    ] Total time for which application threads were stopped: 0.0013688 seconds, Stopping threads took: 0.0007100 seconds
[2022-06-13T01:43:41.888+0000][1][safepoint    ] Application time: 1.0003117 seconds
[2022-06-13T01:43:41.888+0000][1][safepoint    ] Entering safepoint region: Cleanup
[2022-06-13T01:43:41.889+0000][1][safepoint    ] Leaving safepoint region
[2022-06-13T01:43:41.889+0000][1][safepoint    ] Total time for which application threads were stopped: 0.0010769 seconds, Stopping threads took: 0.0004896 seconds
[2022-06-13T01:43:42.890+0000][1][safepoint    ] Application time: 1.0004413 seconds
[2022-06-13T01:43:42.891+0000][1][safepoint    ] Entering safepoint region: Cleanup
[2022-06-13T01:43:42.892+0000][1][safepoint    ] Leaving safepoint region
[2022-06-13T01:43:42.892+0000][1][safepoint    ] Total time for which application threads were stopped: 0.0012862 seconds, Stopping threads took: 0.0005998 seconds
[2022-06-13T01:43:43.893+0000][1][safepoint    ] Application time: 1.0002972 seconds
[2022-06-13T01:43:43.894+0000][1][safepoint    ] Entering safepoint region: Cleanup
[2022-06-13T01:43:43.894+0000][1][safepoint    ] Leaving safepoint region
[2022-06-13T01:43:43.895+0000][1][safepoint    ] Total time for which application threads were stopped: 0.0008222 seconds, Stopping threads took: 0.0004786 seconds
[2022-06-13T01:43:44.895+0000][1][safepoint    ] Application time: 1.0001791 seconds
[2022-06-13T01:43:44.896+0000][1][safepoint    ] Entering safepoint region: Cleanup
[2022-06-13T01:43:44.896+0000][1][safepoint    ] Leaving safepoint region
[2022-06-13T01:43:44.896+0000][1][safepoint    ] Total time for which application threads were stopped: 0.0008784 seconds, Stopping threads took: 0.0004842 seconds
[2022-06-13T01:43:45.897+0000][1][safepoint    ] Application time: 1.0001484 seconds
[2022-06-13T01:43:45.898+0000][1][safepoint    ] Entering safepoint region: Cleanup
[2022-06-13T01:43:45.898+0000][1][safepoint    ] Leaving safepoint region
[2022-06-13T01:43:45.898+0000][1][safepoint    ] Total time for which application threads were stopped: 0.0007811 seconds, Stopping threads took: 0.0003275 seconds
[2022-06-13T01:43:46.899+0000][1][safepoint    ] Application time: 1.0001691 seconds
[2022-06-13T01:43:46.899+0000][1][safepoint    ] Entering safepoint region: Cleanup
[2022-06-13T01:43:46.900+0000][1][safepoint    ] Leaving safepoint region
[2022-06-13T01:43:46.901+0000][1][safepoint    ] Total time for which application threads were stopped: 0.0020874 seconds, Stopping threads took: 0.0008426 seconds
[2022-06-13T01:43:47.902+0000][1][safepoint    ] Application time: 1.0002142 seconds
[2022-06-13T01:43:47.902+0000][1][safepoint    ] Entering safepoint region: Cleanup
[2022-06-13T01:43:47.903+0000][1][safepoint    ] Leaving safepoint region
[2022-06-13T01:43:47.904+0000][1][safepoint    ] Total time for which application threads were stopped: 0.0013618 seconds, Stopping threads took: 0.0005006 seconds
[2022-06-13T01:43:48.905+0000][1][safepoint    ] Application time: 1.0002018 seconds
[2022-06-13T01:43:48.905+0000][1][safepoint    ] Entering safepoint region: Cleanup
[2022-06-13T01:43:48.905+0000][1][safepoint    ] Leaving safepoint region
[2022-06-13T01:43:48.906+0000][1][safepoint    ] Total time for which application threads were stopped: 0.0005107 seconds, Stopping threads took: 0.0002512 seconds
[2022-06-13T01:43:49.906+0000][1][safepoint    ] Application time: 1.0004538 seconds
[2022-06-13T01:43:49.907+0000][1][safepoint    ] Entering safepoint region: Cleanup
[2022-06-13T01:43:49.907+0000][1][safepoint    ] Leaving safepoint region
[2022-06-13T01:43:49.907+0000][1][safepoint    ] Total time for which application threads were stopped: 0.0008756 seconds, Stopping threads took: 0.0004088 seconds
[2022-06-13T01:43:50.909+0000][1][safepoint    ] Application time: 1.0003356 seconds
[2022-06-13T01:43:50.910+0000][1][safepoint    ] Entering safepoint region: Cleanup
[2022-06-13T01:43:50.910+0000][1][safepoint    ] Leaving safepoint region
[2022-06-13T01:43:50.911+0000][1][safepoint    ] Total time for which application threads were stopped: 0.0016168 seconds, Stopping threads took: 0.0005648 seconds
[2022-06-13T01:43:51.912+0000][1][safepoint    ] Application time: 1.0003622 seconds
[2022-06-13T01:43:51.913+0000][1][safepoint    ] Entering safepoint region: Cleanup
[2022-06-13T01:43:51.914+0000][1][safepoint    ] Leaving safepoint region
[2022-06-13T01:43:51.914+0000][1][safepoint    ] Total time for which application threads were stopped: 0.0005310 seconds, Stopping threads took: 0.0002945 seconds
[2022-06-13T01:43:52.914+0000][1][safepoint    ] Application time: 1.0002235 seconds
[2022-06-13T01:43:52.915+0000][1][safepoint    ] Entering safepoint region: Cleanup
[2022-06-13T01:43:52.915+0000][1][safepoint    ] Leaving safepoint region
[2022-06-13T01:43:52.915+0000][1][safepoint    ] Total time for which application threads were stopped: 0.0006498 seconds, Stopping threads took: 0.0002526 seconds
[2022-06-13T01:43:53.916+0000][1][safepoint    ] Application time: 1.0001508 seconds
[2022-06-13T01:43:53.916+0000][1][safepoint    ] Entering safepoint region: Cleanup
[2022-06-13T01:43:53.917+0000][1][safepoint    ] Leaving safepoint region
[2022-06-13T01:43:53.917+0000][1][safepoint    ] Total time for which application threads were stopped: 0.0009360 seconds, Stopping threads took: 0.0005313 seconds
[2022-06-13T01:43:54.918+0000][1][safepoint    ] Application time: 1.0001957 seconds
[2022-06-13T01:43:54.918+0000][1][safepoint    ] Entering safepoint region: Cleanup
[2022-06-13T01:43:54.919+0000][1][safepoint    ] Leaving safepoint region
[2022-06-13T01:43:54.919+0000][1][safepoint    ] Total time for which application threads were stopped: 0.0010124 seconds, Stopping threads took: 0.0004485 seconds
[2022-06-13T01:43:55.920+0000][1][safepoint    ] Application time: 1.0002332 seconds
[2022-06-13T01:43:55.920+0000][1][safepoint    ] Entering safepoint region: Cleanup
[2022-06-13T01:43:55.921+0000][1][safepoint    ] Leaving safepoint region
[2022-06-13T01:43:55.921+0000][1][safepoint    ] Total time for which application threads were stopped: 0.0008718 seconds, Stopping threads took: 0.0004628 seconds
[2022-06-13T01:43:56.922+0000][1][safepoint    ] Application time: 1.0002782 seconds
[2022-06-13T01:43:56.923+0000][1][safepoint    ] Entering safepoint region: Cleanup
[2022-06-13T01:43:56.924+0000][1][safepoint    ] Leaving safepoint region
[2022-06-13T01:43:56.925+0000][1][safepoint    ] Total time for which application threads were stopped: 0.0017729 seconds, Stopping threads took: 0.0008440 seconds
[2022-06-13T01:43:57.926+0000][1][safepoint    ] Application time: 1.0002284 seconds
[2022-06-13T01:43:57.926+0000][1][safepoint    ] Entering safepoint region: Cleanup
[2022-06-13T01:43:57.927+0000][1][safepoint    ] Leaving safepoint region
[2022-06-13T01:43:57.927+0000][1][safepoint    ] Total time for which application threads were stopped: 0.0008254 seconds, Stopping threads took: 0.0003591 seconds
[2022-06-13T01:43:58.928+0000][1][safepoint    ] Application time: 1.0002757 seconds
[2022-06-13T01:43:58.929+0000][1][safepoint    ] Entering safepoint region: Cleanup
[2022-06-13T01:43:58.930+0000][1][safepoint    ] Leaving safepoint region
[2022-06-13T01:43:58.931+0000][1][safepoint    ] Total time for which application threads were stopped: 0.0017760 seconds, Stopping threads took: 0.0008382 seconds
[2022-06-13T01:43:59.932+0000][1][safepoint    ] Application time: 1.0003030 seconds
[2022-06-13T01:43:59.932+0000][1][safepoint    ] Entering safepoint region: Cleanup
[2022-06-13T01:43:59.933+0000][1][safepoint    ] Leaving safepoint region
[2022-06-13T01:43:59.933+0000][1][safepoint    ] Total time for which application threads were stopped: 0.0008080 seconds, Stopping threads took: 0.0004476 seconds
[2022-06-13T01:44:00.934+0000][1][safepoint    ] Application time: 1.0002304 seconds
[2022-06-13T01:44:00.935+0000][1][safepoint    ] Entering safepoint region: Cleanup
[2022-06-13T01:44:00.935+0000][1][safepoint    ] Leaving safepoint region
[2022-06-13T01:44:00.936+0000][1][safepoint    ] Total time for which application threads were stopped: 0.0014939 seconds, Stopping threads took: 0.0005167 seconds
[2022-06-13T01:44:01.937+0000][1][safepoint    ] Application time: 1.0002021 seconds
[2022-06-13T01:44:01.938+0000][1][safepoint    ] Entering safepoint region: Cleanup
[2022-06-13T01:44:01.939+0000][1][safepoint    ] Leaving safepoint region
[2022-06-13T01:44:01.940+0000][1][safepoint    ] Total time for which application threads were stopped: 0.0019027 seconds, Stopping threads took: 0.0011637 seconds
[2022-06-13T01:44:02.940+0000][1][safepoint    ] Application time: 1.0001898 seconds
[2022-06-13T01:44:02.941+0000][1][safepoint    ] Entering safepoint region: Cleanup
[2022-06-13T01:44:02.941+0000][1][safepoint    ] Leaving safepoint region
[2022-06-13T01:44:02.942+0000][1][safepoint    ] Total time for which application threads were stopped: 0.0007359 seconds, Stopping threads took: 0.0003354 seconds
[2022-06-13T01:44:03.942+0000][1][safepoint    ] Application time: 1.0000934 seconds
[2022-06-13T01:44:03.942+0000][1][safepoint    ] Entering safepoint region: Cleanup
[2022-06-13T01:44:03.943+0000][1][safepoint    ] Leaving safepoint region
[2022-06-13T01:44:03.943+0000][1][safepoint    ] Total time for which application threads were stopped: 0.0006540 seconds, Stopping threads took: 0.0003273 seconds
[2022-06-13T01:44:04.943+0000][1][safepoint    ] Application time: 1.0001955 seconds
[2022-06-13T01:44:04.944+0000][1][safepoint    ] Entering safepoint region: Cleanup
[2022-06-13T01:44:04.945+0000][1][safepoint    ] Leaving safepoint region
[2022-06-13T01:44:04.945+0000][1][safepoint    ] Total time for which application threads were stopped: 0.0008079 seconds, Stopping threads took: 0.0003657 seconds
[2022-06-13T01:44:05.945+0000][1][safepoint    ] Application time: 1.0002296 seconds
[2022-06-13T01:44:05.946+0000][1][safepoint    ] Entering safepoint region: Cleanup
[2022-06-13T01:44:05.947+0000][1][safepoint    ] Leaving safepoint region
[2022-06-13T01:44:05.948+0000][1][safepoint    ] Total time for which application threads were stopped: 0.0015124 seconds, Stopping threads took: 0.0007757 seconds
[2022-06-13T01:44:06.948+0000][1][safepoint    ] Application time: 1.0001134 seconds
[2022-06-13T01:44:06.949+0000][1][safepoint    ] Entering safepoint region: Cleanup
[2022-06-13T01:44:06.949+0000][1][safepoint    ] Leaving safepoint region
[2022-06-13T01:44:06.950+0000][1][safepoint    ] Total time for which application threads were stopped: 0.0009437 seconds, Stopping threads took: 0.0004280 seconds
[2022-06-13T01:44:07.951+0000][1][safepoint    ] Application time: 1.0003443 seconds
[2022-06-13T01:44:07.951+0000][1][safepoint    ] Entering safepoint region: Cleanup
[2022-06-13T01:44:07.952+0000][1][safepoint    ] Leaving safepoint region
[2022-06-13T01:44:07.952+0000][1][safepoint    ] Total time for which application threads were stopped: 0.0011120 seconds, Stopping threads took: 0.0007144 seconds
[2022-06-13T01:44:08.953+0000][1][safepoint    ] Application time: 1.0001415 seconds
[2022-06-13T01:44:08.954+0000][1][safepoint    ] Entering safepoint region: Cleanup
[2022-06-13T01:44:08.954+0000][1][safepoint    ] Leaving safepoint region
[2022-06-13T01:44:08.954+0000][1][safepoint    ] Total time for which application threads were stopped: 0.0007252 seconds, Stopping threads took: 0.0002203 seconds
[2022-06-13T01:44:09.955+0000][1][safepoint    ] Application time: 1.0003134 seconds
[2022-06-13T01:44:09.956+0000][1][safepoint    ] Entering safepoint region: Cleanup
[2022-06-13T01:44:09.957+0000][1][safepoint    ] Leaving safepoint region
[2022-06-13T01:44:09.958+0000][1][safepoint    ] Total time for which application threads were stopped: 0.0017758 seconds, Stopping threads took: 0.0010710 seconds
[2022-06-13T01:44:10.958+0000][1][safepoint    ] Application time: 1.0002264 seconds
[2022-06-13T01:44:10.959+0000][1][safepoint    ] Entering safepoint region: Cleanup
[2022-06-13T01:44:10.960+0000][1][safepoint    ] Leaving safepoint region
[2022-06-13T01:44:10.961+0000][1][safepoint    ] Total time for which application threads were stopped: 0.0014840 seconds, Stopping threads took: 0.0006181 seconds
[2022-06-13T01:44:11.962+0000][1][safepoint    ] Application time: 1.0002752 seconds
[2022-06-13T01:44:11.962+0000][1][safepoint    ] Entering safepoint region: Cleanup
[2022-06-13T01:44:11.963+0000][1][safepoint    ] Leaving safepoint region
[2022-06-13T01:44:11.963+0000][1][safepoint    ] Total time for which application threads were stopped: 0.0012403 seconds, Stopping threads took: 0.0005918 seconds
[2022-06-13T01:44:12.964+0000][1][safepoint    ] Application time: 1.0002222 seconds
[2022-06-13T01:44:12.965+0000][1][safepoint    ] Entering safepoint region: Cleanup
[2022-06-13T01:44:12.965+0000][1][safepoint    ] Leaving safepoint region
[2022-06-13T01:44:12.966+0000][1][safepoint    ] Total time for which application threads were stopped: 0.0011112 seconds, Stopping threads took: 0.0005113 seconds
[2022-06-13T01:44:13.966+0000][1][safepoint    ] Application time: 1.0002122 seconds
[2022-06-13T01:44:13.967+0000][1][safepoint    ] Entering safepoint region: Cleanup
[2022-06-13T01:44:13.968+0000][1][safepoint    ] Leaving safepoint region
[2022-06-13T01:44:13.968+0000][1][safepoint    ] Total time for which application threads were stopped: 0.0014585 seconds, Stopping threads took: 0.0006335 seconds
[2022-06-13T01:44:14.970+0000][1][safepoint    ] Application time: 1.0003506 seconds
[2022-06-13T01:44:14.971+0000][1][safepoint    ] Entering safepoint region: Cleanup
[2022-06-13T01:44:14.971+0000][1][safepoint    ] Leaving safepoint region
[2022-06-13T01:44:14.972+0000][1][safepoint    ] Total time for which application threads were stopped: 0.0013620 seconds, Stopping threads took: 0.0006135 seconds
[2022-06-13T01:44:15.973+0000][1][safepoint    ] Application time: 1.0003454 seconds
[2022-06-13T01:44:15.974+0000][1][safepoint    ] Entering safepoint region: Cleanup
[2022-06-13T01:44:15.975+0000][1][safepoint    ] Leaving safepoint region
[2022-06-13T01:44:15.976+0000][1][safepoint    ] Total time for which application threads were stopped: 0.0017966 seconds, Stopping threads took: 0.0007445 seconds
[2022-06-13T01:44:16.977+0000][1][safepoint    ] Application time: 1.0002834 seconds
[2022-06-13T01:44:16.977+0000][1][safepoint    ] Entering safepoint region: Cleanup
[2022-06-13T01:44:16.978+0000][1][safepoint    ] Leaving safepoint region
[2022-06-13T01:44:16.978+0000][1][safepoint    ] Total time for which application threads were stopped: 0.0011801 seconds, Stopping threads took: 0.0004625 seconds
[2022-06-13T01:44:17.979+0000][1][safepoint    ] Application time: 1.0003001 seconds
[2022-06-13T01:44:17.980+0000][1][safepoint    ] Entering safepoint region: Cleanup
[2022-06-13T01:44:17.981+0000][1][safepoint    ] Leaving safepoint region
[2022-06-13T01:44:17.982+0000][1][safepoint    ] Total time for which application threads were stopped: 0.0018337 seconds, Stopping threads took: 0.0008219 seconds
[2022-06-13T01:44:18.983+0000][1][safepoint    ] Application time: 1.0002148 seconds
[2022-06-13T01:44:18.984+0000][1][safepoint    ] Entering safepoint region: Cleanup
[2022-06-13T01:44:18.984+0000][1][safepoint    ] Leaving safepoint region
[2022-06-13T01:44:18.985+0000][1][safepoint    ] Total time for which application threads were stopped: 0.0010872 seconds, Stopping threads took: 0.0005495 seconds
[2022-06-13T01:44:19.985+0000][1][safepoint    ] Application time: 1.0002768 seconds
[2022-06-13T01:44:19.986+0000][1][safepoint    ] Entering safepoint region: Cleanup
[2022-06-13T01:44:19.987+0000][1][safepoint    ] Leaving safepoint region
[2022-06-13T01:44:19.987+0000][1][safepoint    ] Total time for which application threads were stopped: 0.0010300 seconds, Stopping threads took: 0.0005562 seconds
[2022-06-13T01:44:20.987+0000][1][safepoint    ] Application time: 1.0002300 seconds
[2022-06-13T01:44:20.988+0000][1][safepoint    ] Entering safepoint region: Cleanup
[2022-06-13T01:44:20.989+0000][1][safepoint    ] Leaving safepoint region
[2022-06-13T01:44:20.989+0000][1][safepoint    ] Total time for which application threads were stopped: 0.0008837 seconds, Stopping threads took: 0.0004236 seconds
[2022-06-13T01:44:21.990+0000][1][safepoint    ] Application time: 1.0001471 seconds
[2022-06-13T01:44:21.990+0000][1][safepoint    ] Entering safepoint region: Cleanup
[2022-06-13T01:44:21.991+0000][1][safepoint    ] Leaving safepoint region
[2022-06-13T01:44:21.991+0000][1][safepoint    ] Total time for which application threads were stopped: 0.0007897 seconds, Stopping threads took: 0.0003805 seconds
[2022-06-13T01:44:22.992+0000][1][safepoint    ] Application time: 1.0001981 seconds
[2022-06-13T01:44:22.992+0000][1][safepoint    ] Entering safepoint region: Cleanup
[2022-06-13T01:44:22.993+0000][1][safepoint    ] Leaving safepoint region
[2022-06-13T01:44:22.993+0000][1][safepoint    ] Total time for which application threads were stopped: 0.0010491 seconds, Stopping threads took: 0.0004466 seconds
[2022-06-13T01:44:23.994+0000][1][safepoint    ] Application time: 1.0002121 seconds
[2022-06-13T01:44:23.995+0000][1][safepoint    ] Entering safepoint region: Cleanup
[2022-06-13T01:44:23.996+0000][1][safepoint    ] Leaving safepoint region
[2022-06-13T01:44:23.996+0000][1][safepoint    ] Total time for which application threads were stopped: 0.0016554 seconds, Stopping threads took: 0.0008264 seconds
[2022-06-13T01:44:24.997+0000][1][safepoint    ] Application time: 1.0002510 seconds
[2022-06-13T01:44:24.998+0000][1][safepoint    ] Entering safepoint region: Cleanup
[2022-06-13T01:44:24.999+0000][1][safepoint    ] Leaving safepoint region
[2022-06-13T01:44:25.000+0000][1][safepoint    ] Total time for which application threads were stopped: 0.0016025 seconds, Stopping threads took: 0.0007020 seconds
[2022-06-13T01:44:26.001+0000][1][safepoint    ] Application time: 1.0003921 seconds
[2022-06-13T01:44:26.002+0000][1][safepoint    ] Entering safepoint region: Cleanup
[2022-06-13T01:44:26.003+0000][1][safepoint    ] Leaving safepoint region
[2022-06-13T01:44:26.003+0000][1][safepoint    ] Total time for which application threads were stopped: 0.0015514 seconds, Stopping threads took: 0.0007772 seconds
[2022-06-13T01:44:26.914+0000][1][safepoint    ] Application time: 0.9097592 seconds
[2022-06-13T01:44:26.914+0000][1][safepoint    ] Entering safepoint region: GenCollectForAllocation
[2022-06-13T01:44:26.915+0000][1][gc,start     ] GC(26) Pause Young (Allocation Failure)
[2022-06-13T01:44:26.916+0000][1][gc,task      ] GC(26) Using 5 workers of 13 for evacuation
[2022-06-13T01:44:26.921+0000][1][gc,age       ] GC(26) Desired survivor size 4456448 bytes, new threshold 6 (max threshold 6)
[2022-06-13T01:44:26.921+0000][1][gc,age       ] GC(26) Age table with threshold 6 (max threshold 6)
[2022-06-13T01:44:26.922+0000][1][gc,age       ] GC(26) - age   1:      24136 bytes,      24136 total
[2022-06-13T01:44:26.923+0000][1][gc,age       ] GC(26) - age   2:      13168 bytes,      37304 total
[2022-06-13T01:44:26.923+0000][1][gc,age       ] GC(26) - age   3:      17040 bytes,      54344 total
[2022-06-13T01:44:26.924+0000][1][gc,age       ] GC(26) - age   4:      63072 bytes,     117416 total
[2022-06-13T01:44:26.925+0000][1][gc,age       ] GC(26) - age   5:    1299856 bytes,    1417272 total
[2022-06-13T01:44:26.925+0000][1][gc,heap      ] GC(26) ParNew: 71931K->2219K(78656K)
[2022-06-13T01:44:26.926+0000][1][gc,heap      ] GC(26) CMS: 67848K->67848K(174784K)
[2022-06-13T01:44:26.927+0000][1][gc,metaspace ] GC(26) Metaspace: 65304K->65304K(1110016K)
[2022-06-13T01:44:26.928+0000][1][gc           ] GC(26) Pause Young (Allocation Failure) 136M->68M(247M) 12.275ms
[2022-06-13T01:44:26.928+0000][1][gc,cpu       ] GC(26) User=0.03s Sys=0.00s Real=0.01s
[2022-06-13T01:44:26.929+0000][1][safepoint    ] Leaving safepoint region
[2022-06-13T01:44:26.930+0000][1][safepoint    ] Total time for which application threads were stopped: 0.0154608 seconds, Stopping threads took: 0.0008303 seconds
[2022-06-13T01:44:27.931+0000][1][safepoint    ] Application time: 1.0002486 seconds
[2022-06-13T01:44:27.932+0000][1][safepoint    ] Entering safepoint region: Cleanup
[2022-06-13T01:44:27.933+0000][1][safepoint    ] Leaving safepoint region
[2022-06-13T01:44:27.933+0000][1][safepoint    ] Total time for which application threads were stopped: 0.0017443 seconds, Stopping threads took: 0.0008290 seconds
[2022-06-13T01:44:28.935+0000][1][safepoint    ] Application time: 1.0002620 seconds
[2022-06-13T01:44:28.935+0000][1][safepoint    ] Entering safepoint region: Cleanup
[2022-06-13T01:44:28.936+0000][1][safepoint    ] Leaving safepoint region
[2022-06-13T01:44:28.936+0000][1][safepoint    ] Total time for which application threads were stopped: 0.0011668 seconds, Stopping threads took: 0.0004910 seconds
[2022-06-13T01:44:29.937+0000][1][safepoint    ] Application time: 1.0001769 seconds
[2022-06-13T01:44:29.937+0000][1][safepoint    ] Entering safepoint region: Cleanup
[2022-06-13T01:44:29.938+0000][1][safepoint    ] Leaving safepoint region
[2022-06-13T01:44:29.938+0000][1][safepoint    ] Total time for which application threads were stopped: 0.0005811 seconds, Stopping threads took: 0.0002948 seconds
[2022-06-13T01:44:30.939+0000][1][safepoint    ] Application time: 1.0002641 seconds
[2022-06-13T01:44:30.939+0000][1][safepoint    ] Entering safepoint region: Cleanup
[2022-06-13T01:44:30.940+0000][1][safepoint    ] Leaving safepoint region
[2022-06-13T01:44:30.941+0000][1][safepoint    ] Total time for which application threads were stopped: 0.0015089 seconds, Stopping threads took: 0.0006745 seconds
[2022-06-13T01:44:32.686+0000][1][safepoint    ] Application time: 1.7449576 seconds
[2022-06-13T01:44:32.687+0000][1][safepoint    ] Entering safepoint region: Cleanup
[2022-06-13T01:44:32.688+0000][1][safepoint    ] Leaving safepoint region
[2022-06-13T01:44:32.689+0000][1][safepoint    ] Total time for which application threads were stopped: 0.0015986 seconds, Stopping threads took: 0.0007693 seconds
[2022-06-13T01:44:33.690+0000][1][safepoint    ] Application time: 1.0002594 seconds
[2022-06-13T01:44:33.690+0000][1][safepoint    ] Entering safepoint region: Cleanup
[2022-06-13T01:44:33.691+0000][1][safepoint    ] Leaving safepoint region
[2022-06-13T01:44:33.691+0000][1][safepoint    ] Total time for which application threads were stopped: 0.0009396 seconds, Stopping threads took: 0.0002562 seconds
[2022-06-13T01:44:34.692+0000][1][safepoint    ] Application time: 1.0002465 seconds
[2022-06-13T01:44:34.693+0000][1][safepoint    ] Entering safepoint region: Cleanup
[2022-06-13T01:44:34.693+0000][1][safepoint    ] Leaving safepoint region
[2022-06-13T01:44:34.694+0000][1][safepoint    ] Total time for which application threads were stopped: 0.0012919 seconds, Stopping threads took: 0.0004333 seconds
[2022-06-13T01:44:35.695+0000][1][safepoint    ] Application time: 1.0003093 seconds
[2022-06-13T01:44:35.696+0000][1][safepoint    ] Entering safepoint region: Cleanup
[2022-06-13T01:44:35.696+0000][1][safepoint    ] Leaving safepoint region
[2022-06-13T01:44:35.697+0000][1][safepoint    ] Total time for which application threads were stopped: 0.0012611 seconds, Stopping threads took: 0.0005640 seconds
[2022-06-13T01:44:36.698+0000][1][safepoint    ] Application time: 1.0002411 seconds
[2022-06-13T01:44:36.699+0000][1][safepoint    ] Entering safepoint region: Cleanup
[2022-06-13T01:44:36.699+0000][1][safepoint    ] Leaving safepoint region
[2022-06-13T01:44:36.700+0000][1][safepoint    ] Total time for which application threads were stopped: 0.0011394 seconds, Stopping threads took: 0.0004678 seconds
[2022-06-13T01:44:37.700+0000][1][safepoint    ] Application time: 1.0002126 seconds
[2022-06-13T01:44:37.701+0000][1][safepoint    ] Entering safepoint region: Cleanup
[2022-06-13T01:44:37.702+0000][1][safepoint    ] Leaving safepoint region
[2022-06-13T01:44:37.702+0000][1][safepoint    ] Total time for which application threads were stopped: 0.0008145 seconds, Stopping threads took: 0.0003281 seconds
[2022-06-13T01:44:38.703+0000][1][safepoint    ] Application time: 1.0003148 seconds
[2022-06-13T01:44:38.703+0000][1][safepoint    ] Entering safepoint region: Cleanup
[2022-06-13T01:44:38.703+0000][1][safepoint    ] Leaving safepoint region
[2022-06-13T01:44:38.704+0000][1][safepoint    ] Total time for which application threads were stopped: 0.0004476 seconds, Stopping threads took: 0.0001928 seconds
[2022-06-13T01:44:39.704+0000][1][safepoint    ] Application time: 1.0003037 seconds
[2022-06-13T01:44:39.705+0000][1][safepoint    ] Entering safepoint region: Cleanup
[2022-06-13T01:44:39.705+0000][1][safepoint    ] Leaving safepoint region
[2022-06-13T01:44:39.706+0000][1][safepoint    ] Total time for which application threads were stopped: 0.0008979 seconds, Stopping threads took: 0.0004160 seconds
[2022-06-13T01:44:40.706+0000][1][safepoint    ] Application time: 1.0002431 seconds
[2022-06-13T01:44:40.707+0000][1][safepoint    ] Entering safepoint region: Cleanup
[2022-06-13T01:44:40.707+0000][1][safepoint    ] Leaving safepoint region
[2022-06-13T01:44:40.708+0000][1][safepoint    ] Total time for which application threads were stopped: 0.0009241 seconds, Stopping threads took: 0.0004125 seconds
[2022-06-13T01:44:41.708+0000][1][safepoint    ] Application time: 1.0001762 seconds
[2022-06-13T01:44:41.709+0000][1][safepoint    ] Entering safepoint region: Cleanup
[2022-06-13T01:44:41.710+0000][1][safepoint    ] Leaving safepoint region
[2022-06-13T01:44:41.710+0000][1][safepoint    ] Total time for which application threads were stopped: 0.0015099 seconds, Stopping threads took: 0.0006748 seconds
[2022-06-13T01:44:42.711+0000][1][safepoint    ] Application time: 1.0002066 seconds
[2022-06-13T01:44:42.712+0000][1][safepoint    ] Entering safepoint region: Cleanup
[2022-06-13T01:44:42.712+0000][1][safepoint    ] Leaving safepoint region
[2022-06-13T01:44:42.713+0000][1][safepoint    ] Total time for which application threads were stopped: 0.0008538 seconds, Stopping threads took: 0.0003574 seconds
[2022-06-13T01:44:43.713+0000][1][safepoint    ] Application time: 1.0002564 seconds
[2022-06-13T01:44:43.714+0000][1][safepoint    ] Entering safepoint region: Cleanup
[2022-06-13T01:44:43.715+0000][1][safepoint    ] Leaving safepoint region
[2022-06-13T01:44:43.715+0000][1][safepoint    ] Total time for which application threads were stopped: 0.0014972 seconds, Stopping threads took: 0.0006356 seconds
[2022-06-13T01:44:44.716+0000][1][safepoint    ] Application time: 1.0002626 seconds
[2022-06-13T01:44:44.717+0000][1][safepoint    ] Entering safepoint region: Cleanup
[2022-06-13T01:44:44.718+0000][1][safepoint    ] Leaving safepoint region
[2022-06-13T01:44:44.719+0000][1][safepoint    ] Total time for which application threads were stopped: 0.0014137 seconds, Stopping threads took: 0.0005437 seconds
[2022-06-13T01:44:45.719+0000][1][safepoint    ] Application time: 1.0002239 seconds
[2022-06-13T01:44:45.720+0000][1][safepoint    ] Entering safepoint region: Cleanup
[2022-06-13T01:44:45.721+0000][1][safepoint    ] Leaving safepoint region
[2022-06-13T01:44:45.721+0000][1][safepoint    ] Total time for which application threads were stopped: 0.0010248 seconds, Stopping threads took: 0.0004722 seconds
[2022-06-13T01:44:46.722+0000][1][safepoint    ] Application time: 1.0003643 seconds
[2022-06-13T01:44:46.723+0000][1][safepoint    ] Entering safepoint region: Cleanup
[2022-06-13T01:44:46.723+0000][1][safepoint    ] Leaving safepoint region
[2022-06-13T01:44:46.724+0000][1][safepoint    ] Total time for which application threads were stopped: 0.0009033 seconds, Stopping threads took: 0.0005047 seconds
[2022-06-13T01:44:47.952+0000][1][safepoint    ] Application time: 1.2284214 seconds
[2022-06-13T01:44:47.953+0000][1][safepoint    ] Entering safepoint region: Cleanup
[2022-06-13T01:44:47.954+0000][1][safepoint    ] Leaving safepoint region
[2022-06-13T01:44:47.954+0000][1][safepoint    ] Total time for which application threads were stopped: 0.0006690 seconds, Stopping threads took: 0.0003559 seconds
[2022-06-13T01:44:48.954+0000][1][safepoint    ] Application time: 1.0002655 seconds
[2022-06-13T01:44:48.955+0000][1][safepoint    ] Entering safepoint region: Cleanup
[2022-06-13T01:44:48.956+0000][1][safepoint    ] Leaving safepoint region
[2022-06-13T01:44:48.956+0000][1][safepoint    ] Total time for which application threads were stopped: 0.0008851 seconds, Stopping threads took: 0.0003926 seconds
[2022-06-13T01:44:49.957+0000][1][safepoint    ] Application time: 1.0001615 seconds
[2022-06-13T01:44:49.957+0000][1][safepoint    ] Entering safepoint region: Cleanup
[2022-06-13T01:44:49.958+0000][1][safepoint    ] Leaving safepoint region
[2022-06-13T01:44:49.958+0000][1][safepoint    ] Total time for which application threads were stopped: 0.0009978 seconds, Stopping threads took: 0.0004117 seconds
[2022-06-13T01:44:50.959+0000][1][safepoint    ] Application time: 1.0004103 seconds
[2022-06-13T01:44:50.960+0000][1][safepoint    ] Entering safepoint region: Cleanup
[2022-06-13T01:44:50.960+0000][1][safepoint    ] Leaving safepoint region
[2022-06-13T01:44:50.961+0000][1][safepoint    ] Total time for which application threads were stopped: 0.0013860 seconds, Stopping threads took: 0.0006348 seconds
[2022-06-13T01:44:51.962+0000][1][safepoint    ] Application time: 1.0004069 seconds
[2022-06-13T01:44:51.963+0000][1][safepoint    ] Entering safepoint region: Cleanup
[2022-06-13T01:44:51.963+0000][1][safepoint    ] Leaving safepoint region
[2022-06-13T01:44:51.964+0000][1][safepoint    ] Total time for which application threads were stopped: 0.0010919 seconds, Stopping threads took: 0.0002799 seconds
[2022-06-13T01:44:52.965+0000][1][safepoint    ] Application time: 1.0002323 seconds
[2022-06-13T01:44:52.966+0000][1][safepoint    ] Entering safepoint region: Cleanup
[2022-06-13T01:44:52.966+0000][1][safepoint    ] Leaving safepoint region
[2022-06-13T01:44:52.966+0000][1][safepoint    ] Total time for which application threads were stopped: 0.0006895 seconds, Stopping threads took: 0.0002239 seconds
[2022-06-13T01:44:53.967+0000][1][safepoint    ] Application time: 1.0003552 seconds
[2022-06-13T01:44:53.967+0000][1][safepoint    ] Entering safepoint region: Cleanup
[2022-06-13T01:44:53.968+0000][1][safepoint    ] Leaving safepoint region
[2022-06-13T01:44:53.968+0000][1][safepoint    ] Total time for which application threads were stopped: 0.0006600 seconds, Stopping threads took: 0.0002640 seconds
[2022-06-13T01:44:54.969+0000][1][safepoint    ] Application time: 1.0001743 seconds
[2022-06-13T01:44:54.969+0000][1][safepoint    ] Entering safepoint region: Cleanup
[2022-06-13T01:44:54.970+0000][1][safepoint    ] Leaving safepoint region
[2022-06-13T01:44:54.970+0000][1][safepoint    ] Total time for which application threads were stopped: 0.0010760 seconds, Stopping threads took: 0.0005286 seconds
[2022-06-13T01:44:55.971+0000][1][safepoint    ] Application time: 1.0002463 seconds
[2022-06-13T01:44:55.972+0000][1][safepoint    ] Entering safepoint region: Cleanup
[2022-06-13T01:44:55.972+0000][1][safepoint    ] Leaving safepoint region
[2022-06-13T01:44:55.972+0000][1][safepoint    ] Total time for which application threads were stopped: 0.0004313 seconds, Stopping threads took: 0.0001925 seconds
[2022-06-13T01:44:56.972+0000][1][safepoint    ] Application time: 1.0001414 seconds
[2022-06-13T01:44:56.973+0000][1][safepoint    ] Entering safepoint region: Cleanup
[2022-06-13T01:44:56.974+0000][1][safepoint    ] Leaving safepoint region
[2022-06-13T01:44:56.974+0000][1][safepoint    ] Total time for which application threads were stopped: 0.0012583 seconds, Stopping threads took: 0.0005481 seconds
[2022-06-13T01:44:57.975+0000][1][safepoint    ] Application time: 1.0001855 seconds
[2022-06-13T01:44:57.976+0000][1][safepoint    ] Entering safepoint region: Cleanup
[2022-06-13T01:44:57.976+0000][1][safepoint    ] Leaving safepoint region
[2022-06-13T01:44:57.976+0000][1][safepoint    ] Total time for which application threads were stopped: 0.0007250 seconds, Stopping threads took: 0.0003356 seconds
[2022-06-13T01:44:58.977+0000][1][safepoint    ] Application time: 1.0002355 seconds
[2022-06-13T01:44:58.978+0000][1][safepoint    ] Entering safepoint region: Cleanup
[2022-06-13T01:44:58.978+0000][1][safepoint    ] Leaving safepoint region
[2022-06-13T01:44:58.978+0000][1][safepoint    ] Total time for which application threads were stopped: 0.0007811 seconds, Stopping threads took: 0.0002963 seconds
[2022-06-13T01:44:59.979+0000][1][safepoint    ] Application time: 1.0002654 seconds
[2022-06-13T01:44:59.980+0000][1][safepoint    ] Entering safepoint region: Cleanup
[2022-06-13T01:44:59.980+0000][1][safepoint    ] Leaving safepoint region
[2022-06-13T01:44:59.981+0000][1][safepoint    ] Total time for which application threads were stopped: 0.0008830 seconds, Stopping threads took: 0.0004373 seconds
[2022-06-13T01:45:00.981+0000][1][safepoint    ] Application time: 1.0002178 seconds
[2022-06-13T01:45:00.982+0000][1][safepoint    ] Entering safepoint region: Cleanup
[2022-06-13T01:45:00.983+0000][1][safepoint    ] Leaving safepoint region
[2022-06-13T01:45:00.983+0000][1][safepoint    ] Total time for which application threads were stopped: 0.0007756 seconds, Stopping threads took: 0.0004222 seconds
[2022-06-13T01:45:01.983+0000][1][safepoint    ] Application time: 1.0003271 seconds
[2022-06-13T01:45:01.984+0000][1][safepoint    ] Entering safepoint region: Cleanup
[2022-06-13T01:45:01.985+0000][1][safepoint    ] Leaving safepoint region
[2022-06-13T01:45:01.986+0000][1][safepoint    ] Total time for which application threads were stopped: 0.0014768 seconds, Stopping threads took: 0.0006865 seconds
[2022-06-13T01:45:02.987+0000][1][safepoint    ] Application time: 1.0002715 seconds
[2022-06-13T01:45:02.988+0000][1][safepoint    ] Entering safepoint region: Cleanup
[2022-06-13T01:45:02.989+0000][1][safepoint    ] Leaving safepoint region
[2022-06-13T01:45:02.990+0000][1][safepoint    ] Total time for which application threads were stopped: 0.0017659 seconds, Stopping threads took: 0.0008860 seconds
[2022-06-13T01:45:03.991+0000][1][safepoint    ] Application time: 1.0003229 seconds
[2022-06-13T01:45:03.992+0000][1][safepoint    ] Entering safepoint region: Cleanup
[2022-06-13T01:45:03.992+0000][1][safepoint    ] Leaving safepoint region
[2022-06-13T01:45:03.993+0000][1][safepoint    ] Total time for which application threads were stopped: 0.0010326 seconds, Stopping threads took: 0.0003419 seconds
[2022-06-13T01:45:04.993+0000][1][safepoint    ] Application time: 1.0002260 seconds
[2022-06-13T01:45:04.994+0000][1][safepoint    ] Entering safepoint region: Cleanup
[2022-06-13T01:45:04.995+0000][1][safepoint    ] Leaving safepoint region
[2022-06-13T01:45:04.995+0000][1][safepoint    ] Total time for which application threads were stopped: 0.0008652 seconds, Stopping threads took: 0.0003922 seconds
[2022-06-13T01:45:05.996+0000][1][safepoint    ] Application time: 1.0002205 seconds
[2022-06-13T01:45:05.996+0000][1][safepoint    ] Entering safepoint region: Cleanup
[2022-06-13T01:45:05.997+0000][1][safepoint    ] Leaving safepoint region
[2022-06-13T01:45:05.997+0000][1][safepoint    ] Total time for which application threads were stopped: 0.0009073 seconds, Stopping threads took: 0.0003635 seconds
[2022-06-13T01:45:06.997+0000][1][safepoint    ] Application time: 1.0002198 seconds
[2022-06-13T01:45:06.998+0000][1][safepoint    ] Entering safepoint region: Cleanup
[2022-06-13T01:45:06.999+0000][1][safepoint    ] Leaving safepoint region
[2022-06-13T01:45:07.000+0000][1][safepoint    ] Total time for which application threads were stopped: 0.0014486 seconds, Stopping threads took: 0.0006725 seconds
[2022-06-13T01:45:08.001+0000][1][safepoint    ] Application time: 1.0002273 seconds
[2022-06-13T01:45:08.001+0000][1][safepoint    ] Entering safepoint region: Cleanup
[2022-06-13T01:45:08.001+0000][1][safepoint    ] Leaving safepoint region
[2022-06-13T01:45:08.002+0000][1][safepoint    ] Total time for which application threads were stopped: 0.0007969 seconds, Stopping threads took: 0.0003930 seconds
[2022-06-13T01:45:09.002+0000][1][safepoint    ] Application time: 1.0002987 seconds
[2022-06-13T01:45:09.003+0000][1][safepoint    ] Entering safepoint region: Cleanup
[2022-06-13T01:45:09.005+0000][1][safepoint    ] Leaving safepoint region
[2022-06-13T01:45:09.005+0000][1][safepoint    ] Total time for which application threads were stopped: 0.0023081 seconds, Stopping threads took: 0.0011262 seconds
[2022-06-13T01:45:10.006+0000][1][safepoint    ] Application time: 1.0001727 seconds
[2022-06-13T01:45:10.007+0000][1][safepoint    ] Entering safepoint region: Cleanup
[2022-06-13T01:45:10.007+0000][1][safepoint    ] Leaving safepoint region
[2022-06-13T01:45:10.008+0000][1][safepoint    ] Total time for which application threads were stopped: 0.0010301 seconds, Stopping threads took: 0.0004986 seconds
[2022-06-13T01:45:11.008+0000][1][safepoint    ] Application time: 1.0001578 seconds
[2022-06-13T01:45:11.009+0000][1][safepoint    ] Entering safepoint region: Cleanup
[2022-06-13T01:45:11.009+0000][1][safepoint    ] Leaving safepoint region
[2022-06-13T01:45:11.010+0000][1][safepoint    ] Total time for which application threads were stopped: 0.0006851 seconds, Stopping threads took: 0.0002964 seconds
[2022-06-13T01:45:12.010+0000][1][safepoint    ] Application time: 1.0001395 seconds
[2022-06-13T01:45:12.012+0000][1][safepoint    ] Entering safepoint region: Cleanup
[2022-06-13T01:45:12.013+0000][1][safepoint    ] Leaving safepoint region
[2022-06-13T01:45:12.013+0000][1][safepoint    ] Total time for which application threads were stopped: 0.0005297 seconds, Stopping threads took: 0.0002466 seconds
[2022-06-13T01:45:13.013+0000][1][safepoint    ] Application time: 1.0002703 seconds
[2022-06-13T01:45:13.015+0000][1][safepoint    ] Entering safepoint region: Cleanup
[2022-06-13T01:45:13.016+0000][1][safepoint    ] Leaving safepoint region
[2022-06-13T01:45:13.016+0000][1][safepoint    ] Total time for which application threads were stopped: 0.0012048 seconds, Stopping threads took: 0.0006990 seconds
[2022-06-13T01:45:14.017+0000][1][safepoint    ] Application time: 1.0002699 seconds
[2022-06-13T01:45:14.018+0000][1][safepoint    ] Entering safepoint region: Cleanup
[2022-06-13T01:45:14.018+0000][1][safepoint    ] Leaving safepoint region
[2022-06-13T01:45:14.018+0000][1][safepoint    ] Total time for which application threads were stopped: 0.0005950 seconds, Stopping threads took: 0.0002393 seconds
[2022-06-13T01:45:15.019+0000][1][safepoint    ] Application time: 1.0001512 seconds
[2022-06-13T01:45:15.020+0000][1][safepoint    ] Entering safepoint region: Cleanup
[2022-06-13T01:45:15.020+0000][1][safepoint    ] Leaving safepoint region
[2022-06-13T01:45:15.021+0000][1][safepoint    ] Total time for which application threads were stopped: 0.0013559 seconds, Stopping threads took: 0.0006022 seconds
[2022-06-13T01:45:16.022+0000][1][safepoint    ] Application time: 1.0005859 seconds
[2022-06-13T01:45:16.023+0000][1][safepoint    ] Entering safepoint region: Cleanup
[2022-06-13T01:45:16.023+0000][1][safepoint    ] Leaving safepoint region
[2022-06-13T01:45:16.023+0000][1][safepoint    ] Total time for which application threads were stopped: 0.0008155 seconds, Stopping threads took: 0.0004217 seconds
[2022-06-13T01:45:17.024+0000][1][safepoint    ] Application time: 1.0003306 seconds
[2022-06-13T01:45:17.025+0000][1][safepoint    ] Entering safepoint region: Cleanup
[2022-06-13T01:45:17.025+0000][1][safepoint    ] Leaving safepoint region
[2022-06-13T01:45:17.026+0000][1][safepoint    ] Total time for which application threads were stopped: 0.0013992 seconds, Stopping threads took: 0.0007143 seconds
[2022-06-13T01:45:18.027+0000][1][safepoint    ] Application time: 1.0001802 seconds
[2022-06-13T01:45:18.027+0000][1][safepoint    ] Entering safepoint region: Cleanup
[2022-06-13T01:45:18.028+0000][1][safepoint    ] Leaving safepoint region
[2022-06-13T01:45:18.028+0000][1][safepoint    ] Total time for which application threads were stopped: 0.0007676 seconds, Stopping threads took: 0.0004494 seconds
[2022-06-13T01:45:19.028+0000][1][safepoint    ] Application time: 1.0001738 seconds
[2022-06-13T01:45:19.029+0000][1][safepoint    ] Entering safepoint region: Cleanup
[2022-06-13T01:45:19.029+0000][1][safepoint    ] Leaving safepoint region
[2022-06-13T01:45:19.030+0000][1][safepoint    ] Total time for which application threads were stopped: 0.0007224 seconds, Stopping threads took: 0.0003566 seconds
[2022-06-13T01:45:20.030+0000][1][safepoint    ] Application time: 1.0001157 seconds
[2022-06-13T01:45:20.031+0000][1][safepoint    ] Entering safepoint region: Cleanup
[2022-06-13T01:45:20.031+0000][1][safepoint    ] Leaving safepoint region
[2022-06-13T01:45:20.031+0000][1][safepoint    ] Total time for which application threads were stopped: 0.0007890 seconds, Stopping threads took: 0.0003631 seconds
[2022-06-13T01:45:21.032+0000][1][safepoint    ] Application time: 1.0001567 seconds
[2022-06-13T01:45:21.032+0000][1][safepoint    ] Entering safepoint region: Cleanup
[2022-06-13T01:45:21.033+0000][1][safepoint    ] Leaving safepoint region
[2022-06-13T01:45:21.033+0000][1][safepoint    ] Total time for which application threads were stopped: 0.0007575 seconds, Stopping threads took: 0.0003660 seconds
[2022-06-13T01:45:22.033+0000][1][safepoint    ] Application time: 1.0001651 seconds
[2022-06-13T01:45:22.034+0000][1][safepoint    ] Entering safepoint region: Cleanup
[2022-06-13T01:45:22.034+0000][1][safepoint    ] Leaving safepoint region
[2022-06-13T01:45:22.035+0000][1][safepoint    ] Total time for which application threads were stopped: 0.0009810 seconds, Stopping threads took: 0.0005068 seconds
[2022-06-13T01:45:23.035+0000][1][safepoint    ] Application time: 1.0001879 seconds
[2022-06-13T01:45:23.036+0000][1][safepoint    ] Entering safepoint region: Cleanup
[2022-06-13T01:45:23.036+0000][1][safepoint    ] Leaving safepoint region
[2022-06-13T01:45:23.036+0000][1][safepoint    ] Total time for which application threads were stopped: 0.0005918 seconds, Stopping threads took: 0.0002903 seconds
[2022-06-13T01:45:24.037+0000][1][safepoint    ] Application time: 1.0002671 seconds
[2022-06-13T01:45:24.037+0000][1][safepoint    ] Entering safepoint region: Cleanup
[2022-06-13T01:45:24.038+0000][1][safepoint    ] Leaving safepoint region
[2022-06-13T01:45:24.038+0000][1][safepoint    ] Total time for which application threads were stopped: 0.0007969 seconds, Stopping threads took: 0.0002720 seconds
[2022-06-13T01:45:25.039+0000][1][safepoint    ] Application time: 1.0002537 seconds
[2022-06-13T01:45:25.041+0000][1][safepoint    ] Entering safepoint region: Cleanup
[2022-06-13T01:45:25.041+0000][1][safepoint    ] Leaving safepoint region
[2022-06-13T01:45:25.042+0000][1][safepoint    ] Total time for which application threads were stopped: 0.0010319 seconds, Stopping threads took: 0.0003954 seconds
[2022-06-13T01:45:26.043+0000][1][safepoint    ] Application time: 1.0001551 seconds
[2022-06-13T01:45:26.043+0000][1][safepoint    ] Entering safepoint region: Cleanup
[2022-06-13T01:45:26.044+0000][1][safepoint    ] Leaving safepoint region
[2022-06-13T01:45:26.044+0000][1][safepoint    ] Total time for which application threads were stopped: 0.0008223 seconds, Stopping threads took: 0.0003618 seconds
[2022-06-13T01:45:27.044+0000][1][safepoint    ] Application time: 1.0001315 seconds
[2022-06-13T01:45:27.045+0000][1][safepoint    ] Entering safepoint region: Cleanup
[2022-06-13T01:45:27.046+0000][1][safepoint    ] Leaving safepoint region
[2022-06-13T01:45:27.046+0000][1][safepoint    ] Total time for which application threads were stopped: 0.0010498 seconds, Stopping threads took: 0.0005229 seconds
[2022-06-13T01:45:28.047+0000][1][safepoint    ] Application time: 1.0002787 seconds
[2022-06-13T01:45:28.047+0000][1][safepoint    ] Entering safepoint region: Cleanup
[2022-06-13T01:45:28.048+0000][1][safepoint    ] Leaving safepoint region
[2022-06-13T01:45:28.048+0000][1][safepoint    ] Total time for which application threads were stopped: 0.0006388 seconds, Stopping threads took: 0.0002615 seconds
[2022-06-13T01:45:29.049+0000][1][safepoint    ] Application time: 1.0002517 seconds
[2022-06-13T01:45:29.049+0000][1][safepoint    ] Entering safepoint region: Cleanup
[2022-06-13T01:45:29.050+0000][1][safepoint    ] Leaving safepoint region
[2022-06-13T01:45:29.050+0000][1][safepoint    ] Total time for which application threads were stopped: 0.0008914 seconds, Stopping threads took: 0.0005339 seconds
[2022-06-13T01:45:30.050+0000][1][safepoint    ] Application time: 1.0001855 seconds
[2022-06-13T01:45:30.051+0000][1][safepoint    ] Entering safepoint region: Cleanup
[2022-06-13T01:45:30.051+0000][1][safepoint    ] Leaving safepoint region
[2022-06-13T01:45:30.052+0000][1][safepoint    ] Total time for which application threads were stopped: 0.0007727 seconds, Stopping threads took: 0.0003667 seconds
[2022-06-13T01:45:31.052+0000][1][safepoint    ] Application time: 1.0001666 seconds
[2022-06-13T01:45:31.053+0000][1][safepoint    ] Entering safepoint region: Cleanup
[2022-06-13T01:45:31.053+0000][1][safepoint    ] Leaving safepoint region
[2022-06-13T01:45:31.054+0000][1][safepoint    ] Total time for which application threads were stopped: 0.0008298 seconds, Stopping threads took: 0.0003640 seconds
[2022-06-13T01:45:32.054+0000][1][safepoint    ] Application time: 1.0002852 seconds
[2022-06-13T01:45:32.055+0000][1][safepoint    ] Entering safepoint region: Cleanup
[2022-06-13T01:45:32.056+0000][1][safepoint    ] Leaving safepoint region
[2022-06-13T01:45:32.056+0000][1][safepoint    ] Total time for which application threads were stopped: 0.0011365 seconds, Stopping threads took: 0.0005452 seconds
[2022-06-13T01:45:33.057+0000][1][safepoint    ] Application time: 1.0001694 seconds
[2022-06-13T01:45:33.057+0000][1][safepoint    ] Entering safepoint region: Cleanup
[2022-06-13T01:45:33.058+0000][1][safepoint    ] Leaving safepoint region
[2022-06-13T01:45:33.058+0000][1][safepoint    ] Total time for which application threads were stopped: 0.0006689 seconds, Stopping threads took: 0.0003305 seconds
[2022-06-13T01:45:34.059+0000][1][safepoint    ] Application time: 1.0001665 seconds
[2022-06-13T01:45:34.059+0000][1][safepoint    ] Entering safepoint region: Cleanup
[2022-06-13T01:45:34.060+0000][1][safepoint    ] Leaving safepoint region
[2022-06-13T01:45:34.060+0000][1][safepoint    ] Total time for which application threads were stopped: 0.0009360 seconds, Stopping threads took: 0.0003831 seconds
[2022-06-13T01:45:35.061+0000][1][safepoint    ] Application time: 1.0003315 seconds
[2022-06-13T01:45:35.062+0000][1][safepoint    ] Entering safepoint region: Cleanup
[2022-06-13T01:45:35.063+0000][1][safepoint    ] Leaving safepoint region
[2022-06-13T01:45:35.064+0000][1][safepoint    ] Total time for which application threads were stopped: 0.0019594 seconds, Stopping threads took: 0.0006523 seconds
[2022-06-13T01:45:36.065+0000][1][safepoint    ] Application time: 1.0001468 seconds
[2022-06-13T01:45:36.066+0000][1][safepoint    ] Entering safepoint region: Cleanup
[2022-06-13T01:45:36.066+0000][1][safepoint    ] Leaving safepoint region
[2022-06-13T01:45:36.066+0000][1][safepoint    ] Total time for which application threads were stopped: 0.0007660 seconds, Stopping threads took: 0.0004376 seconds
[2022-06-13T01:45:37.067+0000][1][safepoint    ] Application time: 1.0002329 seconds
[2022-06-13T01:45:37.068+0000][1][safepoint    ] Entering safepoint region: Cleanup
[2022-06-13T01:45:37.069+0000][1][safepoint    ] Leaving safepoint region
[2022-06-13T01:45:37.069+0000][1][safepoint    ] Total time for which application threads were stopped: 0.0017904 seconds, Stopping threads took: 0.0008481 seconds
[2022-06-13T01:45:38.070+0000][1][safepoint    ] Application time: 1.0001407 seconds
[2022-06-13T01:45:38.070+0000][1][safepoint    ] Entering safepoint region: Cleanup
[2022-06-13T01:45:38.071+0000][1][safepoint    ] Leaving safepoint region
[2022-06-13T01:45:38.071+0000][1][safepoint    ] Total time for which application threads were stopped: 0.0006208 seconds, Stopping threads took: 0.0002345 seconds
[2022-06-13T01:45:39.072+0000][1][safepoint    ] Application time: 1.0003453 seconds
[2022-06-13T01:45:39.072+0000][1][safepoint    ] Entering safepoint region: Cleanup
[2022-06-13T01:45:39.073+0000][1][safepoint    ] Leaving safepoint region
[2022-06-13T01:45:39.073+0000][1][safepoint    ] Total time for which application threads were stopped: 0.0011433 seconds, Stopping threads took: 0.0005635 seconds
[2022-06-13T01:45:40.074+0000][1][safepoint    ] Application time: 1.0002419 seconds
[2022-06-13T01:45:40.075+0000][1][safepoint    ] Entering safepoint region: Cleanup
[2022-06-13T01:45:40.076+0000][1][safepoint    ] Leaving safepoint region
[2022-06-13T01:45:40.076+0000][1][safepoint    ] Total time for which application threads were stopped: 0.0014438 seconds, Stopping threads took: 0.0007869 seconds
[2022-06-13T01:45:41.077+0000][1][safepoint    ] Application time: 1.0000997 seconds
[2022-06-13T01:45:41.078+0000][1][safepoint    ] Entering safepoint region: Cleanup
[2022-06-13T01:45:41.078+0000][1][safepoint    ] Leaving safepoint region
[2022-06-13T01:45:41.078+0000][1][safepoint    ] Total time for which application threads were stopped: 0.0005803 seconds, Stopping threads took: 0.0002575 seconds
[2022-06-13T01:45:42.079+0000][1][safepoint    ] Application time: 1.0001807 seconds
[2022-06-13T01:45:42.080+0000][1][safepoint    ] Entering safepoint region: Cleanup
[2022-06-13T01:45:42.081+0000][1][safepoint    ] Leaving safepoint region
[2022-06-13T01:45:42.081+0000][1][safepoint    ] Total time for which application threads were stopped: 0.0014925 seconds, Stopping threads took: 0.0007760 seconds
[2022-06-13T01:45:43.082+0000][1][safepoint    ] Application time: 1.0003615 seconds
[2022-06-13T01:45:43.083+0000][1][safepoint    ] Entering safepoint region: Cleanup
[2022-06-13T01:45:43.084+0000][1][safepoint    ] Leaving safepoint region
[2022-06-13T01:45:43.085+0000][1][safepoint    ] Total time for which application threads were stopped: 0.0019516 seconds, Stopping threads took: 0.0009333 seconds
[2022-06-13T01:45:44.086+0000][1][safepoint    ] Application time: 1.0001892 seconds
[2022-06-13T01:45:44.087+0000][1][safepoint    ] Entering safepoint region: Cleanup
[2022-06-13T01:45:44.087+0000][1][safepoint    ] Leaving safepoint region
[2022-06-13T01:45:44.088+0000][1][safepoint    ] Total time for which application threads were stopped: 0.0011066 seconds, Stopping threads took: 0.0006929 seconds
[2022-06-13T01:45:45.088+0000][1][safepoint    ] Application time: 1.0002798 seconds
[2022-06-13T01:45:45.090+0000][1][safepoint    ] Entering safepoint region: Cleanup
[2022-06-13T01:45:45.091+0000][1][safepoint    ] Leaving safepoint region
[2022-06-13T01:45:45.092+0000][1][safepoint    ] Total time for which application threads were stopped: 0.0019651 seconds, Stopping threads took: 0.0010233 seconds
[2022-06-13T01:45:46.092+0000][1][safepoint    ] Application time: 1.0002072 seconds
[2022-06-13T01:45:46.093+0000][1][safepoint    ] Entering safepoint region: Cleanup
[2022-06-13T01:45:46.094+0000][1][safepoint    ] Leaving safepoint region
[2022-06-13T01:45:46.094+0000][1][safepoint    ] Total time for which application threads were stopped: 0.0011477 seconds, Stopping threads took: 0.0003958 seconds
[2022-06-13T01:45:47.095+0000][1][safepoint    ] Application time: 1.0003850 seconds
[2022-06-13T01:45:47.097+0000][1][safepoint    ] Entering safepoint region: Cleanup
[2022-06-13T01:45:47.097+0000][1][safepoint    ] Leaving safepoint region
[2022-06-13T01:45:47.098+0000][1][safepoint    ] Total time for which application threads were stopped: 0.0010925 seconds, Stopping threads took: 0.0005295 seconds
[2022-06-13T01:45:48.098+0000][1][safepoint    ] Application time: 1.0002206 seconds
[2022-06-13T01:45:48.099+0000][1][safepoint    ] Entering safepoint region: Cleanup
[2022-06-13T01:45:48.100+0000][1][safepoint    ] Leaving safepoint region
[2022-06-13T01:45:48.100+0000][1][safepoint    ] Total time for which application threads were stopped: 0.0012882 seconds, Stopping threads took: 0.0005636 seconds
[2022-06-13T01:45:49.101+0000][1][safepoint    ] Application time: 1.0002043 seconds
[2022-06-13T01:45:49.102+0000][1][safepoint    ] Entering safepoint region: Cleanup
[2022-06-13T01:45:49.102+0000][1][safepoint    ] Leaving safepoint region
[2022-06-13T01:45:49.102+0000][1][safepoint    ] Total time for which application threads were stopped: 0.0009150 seconds, Stopping threads took: 0.0003916 seconds
[2022-06-13T01:45:50.104+0000][1][safepoint    ] Application time: 1.0002875 seconds
[2022-06-13T01:45:50.104+0000][1][safepoint    ] Entering safepoint region: Cleanup
[2022-06-13T01:45:50.105+0000][1][safepoint    ] Leaving safepoint region
[2022-06-13T01:45:50.105+0000][1][safepoint    ] Total time for which application threads were stopped: 0.0010414 seconds, Stopping threads took: 0.0004718 seconds
[2022-06-13T01:45:51.106+0000][1][safepoint    ] Application time: 1.0003730 seconds
[2022-06-13T01:45:51.107+0000][1][safepoint    ] Entering safepoint region: Cleanup
[2022-06-13T01:45:51.108+0000][1][safepoint    ] Leaving safepoint region
[2022-06-13T01:45:51.108+0000][1][safepoint    ] Total time for which application threads were stopped: 0.0014358 seconds, Stopping threads took: 0.0005997 seconds
[2022-06-13T01:45:52.109+0000][1][safepoint    ] Application time: 1.0002732 seconds
[2022-06-13T01:45:52.110+0000][1][safepoint    ] Entering safepoint region: Cleanup
[2022-06-13T01:45:52.111+0000][1][safepoint    ] Leaving safepoint region
[2022-06-13T01:45:52.111+0000][1][safepoint    ] Total time for which application threads were stopped: 0.0018064 seconds, Stopping threads took: 0.0009601 seconds
[2022-06-13T01:45:53.112+0000][1][safepoint    ] Application time: 1.0002883 seconds
[2022-06-13T01:45:53.113+0000][1][safepoint    ] Entering safepoint region: Cleanup
[2022-06-13T01:45:53.114+0000][1][safepoint    ] Leaving safepoint region
[2022-06-13T01:45:53.115+0000][1][safepoint    ] Total time for which application threads were stopped: 0.0014944 seconds, Stopping threads took: 0.0007139 seconds
[2022-06-13T01:45:54.116+0000][1][safepoint    ] Application time: 1.0003475 seconds
[2022-06-13T01:45:54.117+0000][1][safepoint    ] Entering safepoint region: Cleanup
[2022-06-13T01:45:54.117+0000][1][safepoint    ] Leaving safepoint region
[2022-06-13T01:45:54.118+0000][1][safepoint    ] Total time for which application threads were stopped: 0.0016285 seconds, Stopping threads took: 0.0007315 seconds
[2022-06-13T01:45:55.119+0000][1][safepoint    ] Application time: 1.0004927 seconds
[2022-06-13T01:45:55.120+0000][1][safepoint    ] Entering safepoint region: Cleanup
[2022-06-13T01:45:55.121+0000][1][safepoint    ] Leaving safepoint region
[2022-06-13T01:45:55.122+0000][1][safepoint    ] Total time for which application threads were stopped: 0.0015204 seconds, Stopping threads took: 0.0007062 seconds
[2022-06-13T01:45:56.123+0000][1][safepoint    ] Application time: 1.0003990 seconds
[2022-06-13T01:45:56.123+0000][1][safepoint    ] Entering safepoint region: Cleanup
[2022-06-13T01:45:56.124+0000][1][safepoint    ] Leaving safepoint region
[2022-06-13T01:45:56.125+0000][1][safepoint    ] Total time for which application threads were stopped: 0.0013676 seconds, Stopping threads took: 0.0005008 seconds
[2022-06-13T01:45:57.126+0000][1][safepoint    ] Application time: 1.0004118 seconds
[2022-06-13T01:45:57.127+0000][1][safepoint    ] Entering safepoint region: Cleanup
[2022-06-13T01:45:57.127+0000][1][safepoint    ] Leaving safepoint region
[2022-06-13T01:45:57.128+0000][1][safepoint    ] Total time for which application threads were stopped: 0.0011380 seconds, Stopping threads took: 0.0005193 seconds
[2022-06-13T01:45:58.129+0000][1][safepoint    ] Application time: 1.0001867 seconds
[2022-06-13T01:45:58.129+0000][1][safepoint    ] Entering safepoint region: Cleanup
[2022-06-13T01:45:58.130+0000][1][safepoint    ] Leaving safepoint region
[2022-06-13T01:45:58.131+0000][1][safepoint    ] Total time for which application threads were stopped: 0.0013509 seconds, Stopping threads took: 0.0006248 seconds
[2022-06-13T01:45:59.132+0000][1][safepoint    ] Application time: 1.0003184 seconds
[2022-06-13T01:45:59.132+0000][1][safepoint    ] Entering safepoint region: Cleanup
[2022-06-13T01:45:59.133+0000][1][safepoint    ] Leaving safepoint region
[2022-06-13T01:45:59.133+0000][1][safepoint    ] Total time for which application threads were stopped: 0.0010712 seconds, Stopping threads took: 0.0005088 seconds
[2022-06-13T01:46:00.134+0000][1][safepoint    ] Application time: 1.0003004 seconds
[2022-06-13T01:46:00.134+0000][1][safepoint    ] Entering safepoint region: Cleanup
[2022-06-13T01:46:00.135+0000][1][safepoint    ] Leaving safepoint region
[2022-06-13T01:46:00.135+0000][1][safepoint    ] Total time for which application threads were stopped: 0.0008455 seconds, Stopping threads took: 0.0004065 seconds
[2022-06-13T01:46:01.136+0000][1][safepoint    ] Application time: 1.0003124 seconds
[2022-06-13T01:46:01.137+0000][1][safepoint    ] Entering safepoint region: Cleanup
[2022-06-13T01:46:01.138+0000][1][safepoint    ] Leaving safepoint region
[2022-06-13T01:46:01.138+0000][1][safepoint    ] Total time for which application threads were stopped: 0.0009023 seconds, Stopping threads took: 0.0003678 seconds
[2022-06-13T01:46:02.139+0000][1][safepoint    ] Application time: 1.0002173 seconds
[2022-06-13T01:46:02.139+0000][1][safepoint    ] Entering safepoint region: Cleanup
[2022-06-13T01:46:02.140+0000][1][safepoint    ] Leaving safepoint region
[2022-06-13T01:46:02.140+0000][1][safepoint    ] Total time for which application threads were stopped: 0.0010175 seconds, Stopping threads took: 0.0005122 seconds
[2022-06-13T01:46:03.140+0000][1][safepoint    ] Application time: 1.0001902 seconds
[2022-06-13T01:46:03.141+0000][1][safepoint    ] Entering safepoint region: Cleanup
[2022-06-13T01:46:03.142+0000][1][safepoint    ] Leaving safepoint region
[2022-06-13T01:46:03.142+0000][1][safepoint    ] Total time for which application threads were stopped: 0.0010242 seconds, Stopping threads took: 0.0005136 seconds
[2022-06-13T01:46:04.143+0000][1][safepoint    ] Application time: 1.0003085 seconds
[2022-06-13T01:46:04.144+0000][1][safepoint    ] Entering safepoint region: Cleanup
[2022-06-13T01:46:04.145+0000][1][safepoint    ] Leaving safepoint region
[2022-06-13T01:46:04.146+0000][1][safepoint    ] Total time for which application threads were stopped: 0.0018070 seconds, Stopping threads took: 0.0008541 seconds
[2022-06-13T01:46:05.147+0000][1][safepoint    ] Application time: 1.0003306 seconds
[2022-06-13T01:46:05.148+0000][1][safepoint    ] Entering safepoint region: Cleanup
[2022-06-13T01:46:05.148+0000][1][safepoint    ] Leaving safepoint region
[2022-06-13T01:46:05.149+0000][1][safepoint    ] Total time for which application threads were stopped: 0.0015390 seconds, Stopping threads took: 0.0006223 seconds
[2022-06-13T01:46:06.150+0000][1][safepoint    ] Application time: 1.0002985 seconds
[2022-06-13T01:46:06.151+0000][1][safepoint    ] Entering safepoint region: Cleanup
[2022-06-13T01:46:06.152+0000][1][safepoint    ] Leaving safepoint region
[2022-06-13T01:46:06.152+0000][1][safepoint    ] Total time for which application threads were stopped: 0.0015699 seconds, Stopping threads took: 0.0009082 seconds
[2022-06-13T01:46:07.153+0000][1][safepoint    ] Application time: 1.0001048 seconds
[2022-06-13T01:46:07.153+0000][1][safepoint    ] Entering safepoint region: Cleanup
[2022-06-13T01:46:07.154+0000][1][safepoint    ] Leaving safepoint region
[2022-06-13T01:46:07.154+0000][1][safepoint    ] Total time for which application threads were stopped: 0.0007020 seconds, Stopping threads took: 0.0003914 seconds
[2022-06-13T01:46:08.154+0000][1][safepoint    ] Application time: 1.0001332 seconds
[2022-06-13T01:46:08.155+0000][1][safepoint    ] Entering safepoint region: Cleanup
[2022-06-13T01:46:08.156+0000][1][safepoint    ] Leaving safepoint region
[2022-06-13T01:46:08.157+0000][1][safepoint    ] Total time for which application threads were stopped: 0.0013475 seconds, Stopping threads took: 0.0007704 seconds
[2022-06-13T01:46:09.157+0000][1][safepoint    ] Application time: 1.0001765 seconds
[2022-06-13T01:46:09.158+0000][1][safepoint    ] Entering safepoint region: Cleanup
[2022-06-13T01:46:09.159+0000][1][safepoint    ] Leaving safepoint region
[2022-06-13T01:46:09.159+0000][1][safepoint    ] Total time for which application threads were stopped: 0.0013467 seconds, Stopping threads took: 0.0007492 seconds
[2022-06-13T01:46:10.160+0000][1][safepoint    ] Application time: 1.0002246 seconds
[2022-06-13T01:46:10.161+0000][1][safepoint    ] Entering safepoint region: Cleanup
[2022-06-13T01:46:10.161+0000][1][safepoint    ] Leaving safepoint region
[2022-06-13T01:46:10.161+0000][1][safepoint    ] Total time for which application threads were stopped: 0.0005631 seconds, Stopping threads took: 0.0002364 seconds
[2022-06-13T01:46:11.162+0000][1][safepoint    ] Application time: 1.0003616 seconds
[2022-06-13T01:46:11.163+0000][1][safepoint    ] Entering safepoint region: Cleanup
[2022-06-13T01:46:11.163+0000][1][safepoint    ] Leaving safepoint region
[2022-06-13T01:46:11.163+0000][1][safepoint    ] Total time for which application threads were stopped: 0.0008576 seconds, Stopping threads took: 0.0004573 seconds
[2022-06-13T01:46:12.164+0000][1][safepoint    ] Application time: 1.0001760 seconds
[2022-06-13T01:46:12.165+0000][1][safepoint    ] Entering safepoint region: Cleanup
[2022-06-13T01:46:12.165+0000][1][safepoint    ] Leaving safepoint region
[2022-06-13T01:46:12.166+0000][1][safepoint    ] Total time for which application threads were stopped: 0.0012167 seconds, Stopping threads took: 0.0005628 seconds
[2022-06-13T01:46:13.167+0000][1][safepoint    ] Application time: 1.0002543 seconds
[2022-06-13T01:46:13.167+0000][1][safepoint    ] Entering safepoint region: Cleanup
[2022-06-13T01:46:13.168+0000][1][safepoint    ] Leaving safepoint region
[2022-06-13T01:46:13.169+0000][1][safepoint    ] Total time for which application threads were stopped: 0.0016063 seconds, Stopping threads took: 0.0006924 seconds
[2022-06-13T01:46:14.170+0000][1][safepoint    ] Application time: 1.0002180 seconds
[2022-06-13T01:46:14.171+0000][1][safepoint    ] Entering safepoint region: Cleanup
[2022-06-13T01:46:14.171+0000][1][safepoint    ] Leaving safepoint region
[2022-06-13T01:46:14.172+0000][1][safepoint    ] Total time for which application threads were stopped: 0.0015663 seconds, Stopping threads took: 0.0006427 seconds
[2022-06-13T01:46:15.173+0000][1][safepoint    ] Application time: 1.0003924 seconds
[2022-06-13T01:46:15.174+0000][1][safepoint    ] Entering safepoint region: Cleanup
[2022-06-13T01:46:15.175+0000][1][safepoint    ] Leaving safepoint region
[2022-06-13T01:46:15.175+0000][1][safepoint    ] Total time for which application threads were stopped: 0.0007460 seconds, Stopping threads took: 0.0003480 seconds
[2022-06-13T01:46:16.175+0000][1][safepoint    ] Application time: 1.0002660 seconds
[2022-06-13T01:46:16.176+0000][1][safepoint    ] Entering safepoint region: Cleanup
[2022-06-13T01:46:16.177+0000][1][safepoint    ] Leaving safepoint region
[2022-06-13T01:46:16.178+0000][1][safepoint    ] Total time for which application threads were stopped: 0.0015109 seconds, Stopping threads took: 0.0008690 seconds
[2022-06-13T01:46:17.179+0000][1][safepoint    ] Application time: 1.0002761 seconds
[2022-06-13T01:46:17.180+0000][1][safepoint    ] Entering safepoint region: Cleanup
[2022-06-13T01:46:17.180+0000][1][safepoint    ] Leaving safepoint region
[2022-06-13T01:46:17.181+0000][1][safepoint    ] Total time for which application threads were stopped: 0.0015311 seconds, Stopping threads took: 0.0005083 seconds
[2022-06-13T01:46:18.182+0000][1][safepoint    ] Application time: 1.0005300 seconds
[2022-06-13T01:46:18.183+0000][1][safepoint    ] Entering safepoint region: Cleanup
[2022-06-13T01:46:18.184+0000][1][safepoint    ] Leaving safepoint region
[2022-06-13T01:46:18.184+0000][1][safepoint    ] Total time for which application threads were stopped: 0.0008290 seconds, Stopping threads took: 0.0004823 seconds
[2022-06-13T01:46:19.185+0000][1][safepoint    ] Application time: 1.0003160 seconds
[2022-06-13T01:46:19.186+0000][1][safepoint    ] Entering safepoint region: Cleanup
[2022-06-13T01:46:19.186+0000][1][safepoint    ] Leaving safepoint region
[2022-06-13T01:46:19.186+0000][1][safepoint    ] Total time for which application threads were stopped: 0.0008383 seconds, Stopping threads took: 0.0003524 seconds
[2022-06-13T01:46:20.187+0000][1][safepoint    ] Application time: 1.0002680 seconds
[2022-06-13T01:46:20.188+0000][1][safepoint    ] Entering safepoint region: Cleanup
[2022-06-13T01:46:20.189+0000][1][safepoint    ] Leaving safepoint region
[2022-06-13T01:46:20.190+0000][1][safepoint    ] Total time for which application threads were stopped: 0.0017821 seconds, Stopping threads took: 0.0010872 seconds
[2022-06-13T01:46:21.191+0000][1][safepoint    ] Application time: 1.0004070 seconds
[2022-06-13T01:46:21.191+0000][1][safepoint    ] Entering safepoint region: Cleanup
[2022-06-13T01:46:21.192+0000][1][safepoint    ] Leaving safepoint region
[2022-06-13T01:46:21.192+0000][1][safepoint    ] Total time for which application threads were stopped: 0.0010682 seconds, Stopping threads took: 0.0004580 seconds
[2022-06-13T01:46:22.193+0000][1][safepoint    ] Application time: 1.0001932 seconds
[2022-06-13T01:46:22.193+0000][1][safepoint    ] Entering safepoint region: Cleanup
[2022-06-13T01:46:22.194+0000][1][safepoint    ] Leaving safepoint region
[2022-06-13T01:46:22.195+0000][1][safepoint    ] Total time for which application threads were stopped: 0.0015378 seconds, Stopping threads took: 0.0007462 seconds
[2022-06-13T01:46:23.196+0000][1][safepoint    ] Application time: 1.0002269 seconds
[2022-06-13T01:46:23.196+0000][1][safepoint    ] Entering safepoint region: Cleanup
[2022-06-13T01:46:23.197+0000][1][safepoint    ] Leaving safepoint region
[2022-06-13T01:46:23.198+0000][1][safepoint    ] Total time for which application threads were stopped: 0.0014198 seconds, Stopping threads took: 0.0006549 seconds
[2022-06-13T01:46:24.198+0000][1][safepoint    ] Application time: 1.0001845 seconds
[2022-06-13T01:46:24.199+0000][1][safepoint    ] Entering safepoint region: Cleanup
[2022-06-13T01:46:24.199+0000][1][safepoint    ] Leaving safepoint region
[2022-06-13T01:46:24.199+0000][1][safepoint    ] Total time for which application threads were stopped: 0.0004786 seconds, Stopping threads took: 0.0002019 seconds
[2022-06-13T01:46:25.199+0000][1][safepoint    ] Application time: 1.0002254 seconds
[2022-06-13T01:46:25.200+0000][1][safepoint    ] Entering safepoint region: Cleanup
[2022-06-13T01:46:25.201+0000][1][safepoint    ] Leaving safepoint region
[2022-06-13T01:46:25.202+0000][1][safepoint    ] Total time for which application threads were stopped: 0.0014163 seconds, Stopping threads took: 0.0006710 seconds
[2022-06-13T01:46:26.203+0000][1][safepoint    ] Application time: 1.0003803 seconds
[2022-06-13T01:46:26.203+0000][1][safepoint    ] Entering safepoint region: Cleanup
[2022-06-13T01:46:26.204+0000][1][safepoint    ] Leaving safepoint region
[2022-06-13T01:46:26.205+0000][1][safepoint    ] Total time for which application threads were stopped: 0.0016995 seconds, Stopping threads took: 0.0006349 seconds
[2022-06-13T01:46:27.205+0000][1][safepoint    ] Application time: 1.0002700 seconds
[2022-06-13T01:46:27.206+0000][1][safepoint    ] Entering safepoint region: Cleanup
[2022-06-13T01:46:27.207+0000][1][safepoint    ] Leaving safepoint region
[2022-06-13T01:46:27.207+0000][1][safepoint    ] Total time for which application threads were stopped: 0.0010468 seconds, Stopping threads took: 0.0004409 seconds
[2022-06-13T01:46:28.208+0000][1][safepoint    ] Application time: 1.0001772 seconds
[2022-06-13T01:46:28.208+0000][1][safepoint    ] Entering safepoint region: Cleanup
[2022-06-13T01:46:28.208+0000][1][safepoint    ] Leaving safepoint region
[2022-06-13T01:46:28.209+0000][1][safepoint    ] Total time for which application threads were stopped: 0.0007770 seconds, Stopping threads took: 0.0003319 seconds
[2022-06-13T01:46:29.209+0000][1][safepoint    ] Application time: 1.0002476 seconds
[2022-06-13T01:46:29.210+0000][1][safepoint    ] Entering safepoint region: Cleanup
[2022-06-13T01:46:29.210+0000][1][safepoint    ] Leaving safepoint region
[2022-06-13T01:46:29.211+0000][1][safepoint    ] Total time for which application threads were stopped: 0.0007484 seconds, Stopping threads took: 0.0004230 seconds
[2022-06-13T01:46:30.211+0000][1][safepoint    ] Application time: 1.0002250 seconds
[2022-06-13T01:46:30.212+0000][1][safepoint    ] Entering safepoint region: Cleanup
[2022-06-13T01:46:30.212+0000][1][safepoint    ] Leaving safepoint region
[2022-06-13T01:46:30.212+0000][1][safepoint    ] Total time for which application threads were stopped: 0.0006586 seconds, Stopping threads took: 0.0002797 seconds
[2022-06-13T01:46:31.213+0000][1][safepoint    ] Application time: 1.0003320 seconds
[2022-06-13T01:46:31.214+0000][1][safepoint    ] Entering safepoint region: Cleanup
[2022-06-13T01:46:31.215+0000][1][safepoint    ] Leaving safepoint region
[2022-06-13T01:46:31.215+0000][1][safepoint    ] Total time for which application threads were stopped: 0.0016998 seconds, Stopping threads took: 0.0008019 seconds
[2022-06-13T01:46:32.217+0000][1][safepoint    ] Application time: 1.0004226 seconds
[2022-06-13T01:46:32.217+0000][1][safepoint    ] Entering safepoint region: Cleanup
[2022-06-13T01:46:32.217+0000][1][safepoint    ] Leaving safepoint region
[2022-06-13T01:46:32.218+0000][1][safepoint    ] Total time for which application threads were stopped: 0.0008911 seconds, Stopping threads took: 0.0002911 seconds
[2022-06-13T01:46:33.218+0000][1][safepoint    ] Application time: 1.0002383 seconds
[2022-06-13T01:46:33.219+0000][1][safepoint    ] Entering safepoint region: Cleanup
[2022-06-13T01:46:33.220+0000][1][safepoint    ] Leaving safepoint region
[2022-06-13T01:46:33.220+0000][1][safepoint    ] Total time for which application threads were stopped: 0.0012170 seconds, Stopping threads took: 0.0006307 seconds
[2022-06-13T01:46:34.221+0000][1][safepoint    ] Application time: 1.0003528 seconds
[2022-06-13T01:46:34.222+0000][1][safepoint    ] Entering safepoint region: Cleanup
[2022-06-13T01:46:34.223+0000][1][safepoint    ] Leaving safepoint region
[2022-06-13T01:46:34.224+0000][1][safepoint    ] Total time for which application threads were stopped: 0.0019035 seconds, Stopping threads took: 0.0006873 seconds
[2022-06-13T01:46:35.225+0000][1][safepoint    ] Application time: 1.0002137 seconds
[2022-06-13T01:46:35.225+0000][1][safepoint    ] Entering safepoint region: Cleanup
[2022-06-13T01:46:35.226+0000][1][safepoint    ] Leaving safepoint region
[2022-06-13T01:46:35.226+0000][1][safepoint    ] Total time for which application threads were stopped: 0.0007927 seconds, Stopping threads took: 0.0004124 seconds
[2022-06-13T01:46:36.227+0000][1][safepoint    ] Application time: 1.0002368 seconds
[2022-06-13T01:46:36.227+0000][1][safepoint    ] Entering safepoint region: Cleanup
[2022-06-13T01:46:36.228+0000][1][safepoint    ] Leaving safepoint region
[2022-06-13T01:46:36.228+0000][1][safepoint    ] Total time for which application threads were stopped: 0.0011685 seconds, Stopping threads took: 0.0005459 seconds
[2022-06-13T01:46:37.229+0000][1][safepoint    ] Application time: 1.0001329 seconds
[2022-06-13T01:46:37.229+0000][1][safepoint    ] Entering safepoint region: Cleanup
[2022-06-13T01:46:37.230+0000][1][safepoint    ] Leaving safepoint region
[2022-06-13T01:46:37.231+0000][1][safepoint    ] Total time for which application threads were stopped: 0.0015221 seconds, Stopping threads took: 0.0006981 seconds
[2022-06-13T01:46:38.231+0000][1][safepoint    ] Application time: 1.0003539 seconds
[2022-06-13T01:46:38.232+0000][1][safepoint    ] Entering safepoint region: Cleanup
[2022-06-13T01:46:38.233+0000][1][safepoint    ] Leaving safepoint region
[2022-06-13T01:46:38.233+0000][1][safepoint    ] Total time for which application threads were stopped: 0.0012498 seconds, Stopping threads took: 0.0005674 seconds
[2022-06-13T01:46:39.234+0000][1][safepoint    ] Application time: 1.0002571 seconds
[2022-06-13T01:46:39.235+0000][1][safepoint    ] Entering safepoint region: Cleanup
[2022-06-13T01:46:39.236+0000][1][safepoint    ] Leaving safepoint region
[2022-06-13T01:46:39.236+0000][1][safepoint    ] Total time for which application threads were stopped: 0.0011838 seconds, Stopping threads took: 0.0005757 seconds
[2022-06-13T01:46:40.237+0000][1][safepoint    ] Application time: 1.0004308 seconds
[2022-06-13T01:46:40.238+0000][1][safepoint    ] Entering safepoint region: Cleanup
[2022-06-13T01:46:40.238+0000][1][safepoint    ] Leaving safepoint region
[2022-06-13T01:46:40.239+0000][1][safepoint    ] Total time for which application threads were stopped: 0.0010636 seconds, Stopping threads took: 0.0004075 seconds
[2022-06-13T01:46:41.239+0000][1][safepoint    ] Application time: 1.0002528 seconds
[2022-06-13T01:46:41.239+0000][1][safepoint    ] Entering safepoint region: Cleanup
[2022-06-13T01:46:41.240+0000][1][safepoint    ] Leaving safepoint region
[2022-06-13T01:46:41.240+0000][1][safepoint    ] Total time for which application threads were stopped: 0.0008907 seconds, Stopping threads took: 0.0004067 seconds
[2022-06-13T01:46:42.241+0000][1][safepoint    ] Application time: 1.0003112 seconds
[2022-06-13T01:46:42.242+0000][1][safepoint    ] Entering safepoint region: Cleanup
[2022-06-13T01:46:42.243+0000][1][safepoint    ] Leaving safepoint region
[2022-06-13T01:46:42.243+0000][1][safepoint    ] Total time for which application threads were stopped: 0.0016848 seconds, Stopping threads took: 0.0007801 seconds
[2022-06-13T01:46:43.244+0000][1][safepoint    ] Application time: 1.0001856 seconds
[2022-06-13T01:46:43.245+0000][1][safepoint    ] Entering safepoint region: Cleanup
[2022-06-13T01:46:43.245+0000][1][safepoint    ] Leaving safepoint region
[2022-06-13T01:46:43.245+0000][1][safepoint    ] Total time for which application threads were stopped: 0.0007167 seconds, Stopping threads took: 0.0002338 seconds
[2022-06-13T01:46:44.246+0000][1][safepoint    ] Application time: 1.0003601 seconds
[2022-06-13T01:46:44.246+0000][1][safepoint    ] Entering safepoint region: Cleanup
[2022-06-13T01:46:44.247+0000][1][safepoint    ] Leaving safepoint region
[2022-06-13T01:46:44.247+0000][1][safepoint    ] Total time for which application threads were stopped: 0.0006149 seconds, Stopping threads took: 0.0002807 seconds
[2022-06-13T01:46:45.248+0000][1][safepoint    ] Application time: 1.0003765 seconds
[2022-06-13T01:46:45.248+0000][1][safepoint    ] Entering safepoint region: Cleanup
[2022-06-13T01:46:45.249+0000][1][safepoint    ] Leaving safepoint region
[2022-06-13T01:46:45.249+0000][1][safepoint    ] Total time for which application threads were stopped: 0.0010129 seconds, Stopping threads took: 0.0005404 seconds
[2022-06-13T01:46:46.249+0000][1][safepoint    ] Application time: 1.0002244 seconds
[2022-06-13T01:46:46.250+0000][1][safepoint    ] Entering safepoint region: Cleanup
[2022-06-13T01:46:46.251+0000][1][safepoint    ] Leaving safepoint region
[2022-06-13T01:46:46.252+0000][1][safepoint    ] Total time for which application threads were stopped: 0.0017327 seconds, Stopping threads took: 0.0007309 seconds
[2022-06-13T01:46:47.253+0000][1][safepoint    ] Application time: 1.0003308 seconds
[2022-06-13T01:46:47.253+0000][1][safepoint    ] Entering safepoint region: Cleanup
[2022-06-13T01:46:47.254+0000][1][safepoint    ] Leaving safepoint region
[2022-06-13T01:46:47.255+0000][1][safepoint    ] Total time for which application threads were stopped: 0.0015922 seconds, Stopping threads took: 0.0007745 seconds
[2022-06-13T01:46:48.256+0000][1][safepoint    ] Application time: 1.0002206 seconds
[2022-06-13T01:46:48.257+0000][1][safepoint    ] Entering safepoint region: Cleanup
[2022-06-13T01:46:48.258+0000][1][safepoint    ] Leaving safepoint region
[2022-06-13T01:46:48.258+0000][1][safepoint    ] Total time for which application threads were stopped: 0.0017642 seconds, Stopping threads took: 0.0009924 seconds
[2022-06-13T01:46:49.260+0000][1][safepoint    ] Application time: 1.0002131 seconds
[2022-06-13T01:46:49.260+0000][1][safepoint    ] Entering safepoint region: Cleanup
[2022-06-13T01:46:49.261+0000][1][safepoint    ] Leaving safepoint region
[2022-06-13T01:46:49.262+0000][1][safepoint    ] Total time for which application threads were stopped: 0.0018563 seconds, Stopping threads took: 0.0008197 seconds
[2022-06-13T01:46:50.263+0000][1][safepoint    ] Application time: 1.0001127 seconds
[2022-06-13T01:46:50.263+0000][1][safepoint    ] Entering safepoint region: Cleanup
[2022-06-13T01:46:50.264+0000][1][safepoint    ] Leaving safepoint region
[2022-06-13T01:46:50.264+0000][1][safepoint    ] Total time for which application threads were stopped: 0.0011025 seconds, Stopping threads took: 0.0005604 seconds
[2022-06-13T01:46:51.265+0000][1][safepoint    ] Application time: 1.0002589 seconds
[2022-06-13T01:46:51.266+0000][1][safepoint    ] Entering safepoint region: Cleanup
[2022-06-13T01:46:51.266+0000][1][safepoint    ] Leaving safepoint region
[2022-06-13T01:46:51.266+0000][1][safepoint    ] Total time for which application threads were stopped: 0.0007530 seconds, Stopping threads took: 0.0003493 seconds
[2022-06-13T01:46:52.267+0000][1][safepoint    ] Application time: 1.0002407 seconds
[2022-06-13T01:46:52.267+0000][1][safepoint    ] Entering safepoint region: Cleanup
[2022-06-13T01:46:52.268+0000][1][safepoint    ] Leaving safepoint region
[2022-06-13T01:46:52.268+0000][1][safepoint    ] Total time for which application threads were stopped: 0.0007078 seconds, Stopping threads took: 0.0003346 seconds
[2022-06-13T01:46:53.269+0000][1][safepoint    ] Application time: 1.0006450 seconds
[2022-06-13T01:46:53.270+0000][1][safepoint    ] Entering safepoint region: Cleanup
[2022-06-13T01:46:53.271+0000][1][safepoint    ] Leaving safepoint region
[2022-06-13T01:46:53.271+0000][1][safepoint    ] Total time for which application threads were stopped: 0.0011743 seconds, Stopping threads took: 0.0005384 seconds
[2022-06-13T01:46:54.272+0000][1][safepoint    ] Application time: 1.0001551 seconds
[2022-06-13T01:46:54.272+0000][1][safepoint    ] Entering safepoint region: Cleanup
[2022-06-13T01:46:54.273+0000][1][safepoint    ] Leaving safepoint region
[2022-06-13T01:46:54.273+0000][1][safepoint    ] Total time for which application threads were stopped: 0.0005959 seconds, Stopping threads took: 0.0002388 seconds
[2022-06-13T01:46:55.273+0000][1][safepoint    ] Application time: 1.0002920 seconds
[2022-06-13T01:46:55.274+0000][1][safepoint    ] Entering safepoint region: Cleanup
[2022-06-13T01:46:55.275+0000][1][safepoint    ] Leaving safepoint region
[2022-06-13T01:46:55.275+0000][1][safepoint    ] Total time for which application threads were stopped: 0.0010576 seconds, Stopping threads took: 0.0006380 seconds
[2022-06-13T01:46:56.276+0000][1][safepoint    ] Application time: 1.0003106 seconds
[2022-06-13T01:46:56.276+0000][1][safepoint    ] Entering safepoint region: Cleanup
[2022-06-13T01:46:56.277+0000][1][safepoint    ] Leaving safepoint region
[2022-06-13T01:46:56.278+0000][1][safepoint    ] Total time for which application threads were stopped: 0.0017558 seconds, Stopping threads took: 0.0008422 seconds
[2022-06-13T01:46:57.279+0000][1][safepoint    ] Application time: 1.0001874 seconds
[2022-06-13T01:46:57.279+0000][1][safepoint    ] Entering safepoint region: Cleanup
[2022-06-13T01:46:57.280+0000][1][safepoint    ] Leaving safepoint region
[2022-06-13T01:46:57.280+0000][1][safepoint    ] Total time for which application threads were stopped: 0.0007645 seconds, Stopping threads took: 0.0004576 seconds
[2022-06-13T01:46:58.281+0000][1][safepoint    ] Application time: 1.0002094 seconds
[2022-06-13T01:46:58.281+0000][1][safepoint    ] Entering safepoint region: Cleanup
[2022-06-13T01:46:58.282+0000][1][safepoint    ] Leaving safepoint region
[2022-06-13T01:46:58.282+0000][1][safepoint    ] Total time for which application threads were stopped: 0.0012292 seconds, Stopping threads took: 0.0006733 seconds
[2022-06-13T01:46:59.283+0000][1][safepoint    ] Application time: 1.0003687 seconds
[2022-06-13T01:46:59.284+0000][1][safepoint    ] Entering safepoint region: Cleanup
[2022-06-13T01:46:59.285+0000][1][safepoint    ] Leaving safepoint region
[2022-06-13T01:46:59.286+0000][1][safepoint    ] Total time for which application threads were stopped: 0.0016354 seconds, Stopping threads took: 0.0008761 seconds
[2022-06-13T01:47:00.287+0000][1][safepoint    ] Application time: 1.0002295 seconds
[2022-06-13T01:47:00.287+0000][1][safepoint    ] Entering safepoint region: Cleanup
[2022-06-13T01:47:00.287+0000][1][safepoint    ] Leaving safepoint region
[2022-06-13T01:47:00.288+0000][1][safepoint    ] Total time for which application threads were stopped: 0.0009342 seconds, Stopping threads took: 0.0003207 seconds
[2022-06-13T01:47:01.289+0000][1][safepoint    ] Application time: 1.0003730 seconds
[2022-06-13T01:47:01.289+0000][1][safepoint    ] Entering safepoint region: Cleanup
[2022-06-13T01:47:01.290+0000][1][safepoint    ] Leaving safepoint region
[2022-06-13T01:47:01.291+0000][1][safepoint    ] Total time for which application threads were stopped: 0.0013359 seconds, Stopping threads took: 0.0006958 seconds
[2022-06-13T01:47:02.071+0000][1][safepoint    ] Application time: 0.7796391 seconds
[2022-06-13T01:47:02.072+0000][1][safepoint    ] Entering safepoint region: GenCollectForAllocation
[2022-06-13T01:47:02.073+0000][1][gc,start     ] GC(27) Pause Young (Allocation Failure)
[2022-06-13T01:47:02.073+0000][1][gc,task      ] GC(27) Using 5 workers of 13 for evacuation
[2022-06-13T01:47:02.076+0000][1][gc,age       ] GC(27) Desired survivor size 4456448 bytes, new threshold 6 (max threshold 6)
[2022-06-13T01:47:02.076+0000][1][gc,age       ] GC(27) Age table with threshold 6 (max threshold 6)
[2022-06-13T01:47:02.077+0000][1][gc,age       ] GC(27) - age   1:      32408 bytes,      32408 total
[2022-06-13T01:47:02.077+0000][1][gc,age       ] GC(27) - age   2:      12528 bytes,      44936 total
[2022-06-13T01:47:02.077+0000][1][gc,age       ] GC(27) - age   3:      13168 bytes,      58104 total
[2022-06-13T01:47:02.078+0000][1][gc,age       ] GC(27) - age   4:      17040 bytes,      75144 total
[2022-06-13T01:47:02.078+0000][1][gc,age       ] GC(27) - age   5:      63072 bytes,     138216 total
[2022-06-13T01:47:02.078+0000][1][gc,age       ] GC(27) - age   6:    1299472 bytes,    1437688 total
[2022-06-13T01:47:02.079+0000][1][gc,heap      ] GC(27) ParNew: 72171K->1938K(78656K)
[2022-06-13T01:47:02.079+0000][1][gc,heap      ] GC(27) CMS: 67848K->67848K(174784K)
[2022-06-13T01:47:02.079+0000][1][gc,metaspace ] GC(27) Metaspace: 65341K->65341K(1110016K)
[2022-06-13T01:47:02.080+0000][1][gc           ] GC(27) Pause Young (Allocation Failure) 136M->68M(247M) 7.565ms
[2022-06-13T01:47:02.081+0000][1][gc,cpu       ] GC(27) User=0.01s Sys=0.00s Real=0.01s
[2022-06-13T01:47:02.081+0000][1][safepoint    ] Leaving safepoint region
[2022-06-13T01:47:02.082+0000][1][safepoint    ] Total time for which application threads were stopped: 0.0097700 seconds, Stopping threads took: 0.0004321 seconds
[2022-06-13T01:47:03.083+0000][1][safepoint    ] Application time: 1.0004069 seconds
[2022-06-13T01:47:03.084+0000][1][safepoint    ] Entering safepoint region: Cleanup
[2022-06-13T01:47:03.084+0000][1][safepoint    ] Leaving safepoint region
[2022-06-13T01:47:03.085+0000][1][safepoint    ] Total time for which application threads were stopped: 0.0015324 seconds, Stopping threads took: 0.0008439 seconds
[2022-06-13T01:47:04.086+0000][1][safepoint    ] Application time: 1.0002062 seconds
[2022-06-13T01:47:04.087+0000][1][safepoint    ] Entering safepoint region: Cleanup
[2022-06-13T01:47:04.087+0000][1][safepoint    ] Leaving safepoint region
[2022-06-13T01:47:04.088+0000][1][safepoint    ] Total time for which application threads were stopped: 0.0012151 seconds, Stopping threads took: 0.0004937 seconds
[2022-06-13T01:47:05.088+0000][1][safepoint    ] Application time: 1.0001383 seconds
[2022-06-13T01:47:05.089+0000][1][safepoint    ] Entering safepoint region: Cleanup
[2022-06-13T01:47:05.090+0000][1][safepoint    ] Leaving safepoint region
[2022-06-13T01:47:05.090+0000][1][safepoint    ] Total time for which application threads were stopped: 0.0010668 seconds, Stopping threads took: 0.0006271 seconds
[2022-06-13T01:47:06.091+0000][1][safepoint    ] Application time: 1.0002338 seconds
[2022-06-13T01:47:06.092+0000][1][safepoint    ] Entering safepoint region: Cleanup
[2022-06-13T01:47:06.092+0000][1][safepoint    ] Leaving safepoint region
[2022-06-13T01:47:06.093+0000][1][safepoint    ] Total time for which application threads were stopped: 0.0010382 seconds, Stopping threads took: 0.0006200 seconds
[2022-06-13T01:47:07.100+0000][1][safepoint    ] Application time: 1.0065455 seconds
[2022-06-13T01:47:07.100+0000][1][safepoint    ] Entering safepoint region: Cleanup
[2022-06-13T01:47:07.101+0000][1][safepoint    ] Leaving safepoint region
[2022-06-13T01:47:07.101+0000][1][safepoint    ] Total time for which application threads were stopped: 0.0009373 seconds, Stopping threads took: 0.0004605 seconds
[2022-06-13T01:47:08.102+0000][1][safepoint    ] Application time: 1.0001316 seconds
[2022-06-13T01:47:08.103+0000][1][safepoint    ] Entering safepoint region: Cleanup
[2022-06-13T01:47:08.103+0000][1][safepoint    ] Leaving safepoint region
[2022-06-13T01:47:08.103+0000][1][safepoint    ] Total time for which application threads were stopped: 0.0005558 seconds, Stopping threads took: 0.0002671 seconds
[2022-06-13T01:47:09.104+0000][1][safepoint    ] Application time: 1.0000983 seconds
[2022-06-13T01:47:09.105+0000][1][safepoint    ] Entering safepoint region: Cleanup
[2022-06-13T01:47:09.105+0000][1][safepoint    ] Leaving safepoint region
[2022-06-13T01:47:09.106+0000][1][safepoint    ] Total time for which application threads were stopped: 0.0010324 seconds, Stopping threads took: 0.0004764 seconds
[2022-06-13T01:47:10.106+0000][1][safepoint    ] Application time: 1.0003128 seconds
[2022-06-13T01:47:10.107+0000][1][safepoint    ] Entering safepoint region: Cleanup
[2022-06-13T01:47:10.107+0000][1][safepoint    ] Leaving safepoint region
[2022-06-13T01:47:10.108+0000][1][safepoint    ] Total time for which application threads were stopped: 0.0009137 seconds, Stopping threads took: 0.0005522 seconds
[2022-06-13T01:47:11.108+0000][1][safepoint    ] Application time: 1.0002788 seconds
[2022-06-13T01:47:11.109+0000][1][safepoint    ] Entering safepoint region: Cleanup
[2022-06-13T01:47:11.110+0000][1][safepoint    ] Leaving safepoint region
[2022-06-13T01:47:11.110+0000][1][safepoint    ] Total time for which application threads were stopped: 0.0014921 seconds, Stopping threads took: 0.0006723 seconds
[2022-06-13T01:47:12.111+0000][1][safepoint    ] Application time: 1.0003191 seconds
[2022-06-13T01:47:12.111+0000][1][safepoint    ] Entering safepoint region: Cleanup
[2022-06-13T01:47:12.112+0000][1][safepoint    ] Leaving safepoint region
[2022-06-13T01:47:12.112+0000][1][safepoint    ] Total time for which application threads were stopped: 0.0008840 seconds, Stopping threads took: 0.0004222 seconds
[2022-06-13T01:47:13.113+0000][1][safepoint    ] Application time: 1.0002268 seconds
[2022-06-13T01:47:13.114+0000][1][safepoint    ] Entering safepoint region: Cleanup
[2022-06-13T01:47:13.114+0000][1][safepoint    ] Leaving safepoint region
[2022-06-13T01:47:13.115+0000][1][safepoint    ] Total time for which application threads were stopped: 0.0011505 seconds, Stopping threads took: 0.0005845 seconds
[2022-06-13T01:47:14.115+0000][1][safepoint    ] Application time: 1.0001549 seconds
[2022-06-13T01:47:14.116+0000][1][safepoint    ] Entering safepoint region: Cleanup
[2022-06-13T01:47:14.117+0000][1][safepoint    ] Leaving safepoint region
[2022-06-13T01:47:14.117+0000][1][safepoint    ] Total time for which application threads were stopped: 0.0011534 seconds, Stopping threads took: 0.0005486 seconds
[2022-06-13T01:47:15.118+0000][1][safepoint    ] Application time: 1.0003396 seconds
[2022-06-13T01:47:15.119+0000][1][safepoint    ] Entering safepoint region: Cleanup
[2022-06-13T01:47:15.120+0000][1][safepoint    ] Leaving safepoint region
[2022-06-13T01:47:15.121+0000][1][safepoint    ] Total time for which application threads were stopped: 0.0015638 seconds, Stopping threads took: 0.0007315 seconds
[2022-06-13T01:47:16.122+0000][1][safepoint    ] Application time: 1.0003188 seconds
[2022-06-13T01:47:16.123+0000][1][safepoint    ] Entering safepoint region: Cleanup
[2022-06-13T01:47:16.124+0000][1][safepoint    ] Leaving safepoint region
[2022-06-13T01:47:16.125+0000][1][safepoint    ] Total time for which application threads were stopped: 0.0013668 seconds, Stopping threads took: 0.0006210 seconds
[2022-06-13T01:47:17.125+0000][1][safepoint    ] Application time: 1.0001466 seconds
[2022-06-13T01:47:17.126+0000][1][safepoint    ] Entering safepoint region: Cleanup
[2022-06-13T01:47:17.126+0000][1][safepoint    ] Leaving safepoint region
[2022-06-13T01:47:17.127+0000][1][safepoint    ] Total time for which application threads were stopped: 0.0008360 seconds, Stopping threads took: 0.0004266 seconds
[2022-06-13T01:47:18.127+0000][1][safepoint    ] Application time: 1.0002063 seconds
[2022-06-13T01:47:18.128+0000][1][safepoint    ] Entering safepoint region: Cleanup
[2022-06-13T01:47:18.129+0000][1][safepoint    ] Leaving safepoint region
[2022-06-13T01:47:18.129+0000][1][safepoint    ] Total time for which application threads were stopped: 0.0010244 seconds, Stopping threads took: 0.0005696 seconds
[2022-06-13T01:47:19.130+0000][1][safepoint    ] Application time: 1.0001809 seconds
[2022-06-13T01:47:19.136+0000][1][safepoint    ] Entering safepoint region: Cleanup
[2022-06-13T01:47:19.137+0000][1][safepoint    ] Leaving safepoint region
[2022-06-13T01:47:19.139+0000][1][safepoint    ] Total time for which application threads were stopped: 0.0026158 seconds, Stopping threads took: 0.0010986 seconds
[2022-06-13T01:47:20.140+0000][1][safepoint    ] Application time: 1.0002867 seconds
[2022-06-13T01:47:20.140+0000][1][safepoint    ] Entering safepoint region: Cleanup
[2022-06-13T01:47:20.141+0000][1][safepoint    ] Leaving safepoint region
[2022-06-13T01:47:20.141+0000][1][safepoint    ] Total time for which application threads were stopped: 0.0008077 seconds, Stopping threads took: 0.0003975 seconds
[2022-06-13T01:47:21.141+0000][1][safepoint    ] Application time: 1.0001937 seconds
[2022-06-13T01:47:21.142+0000][1][safepoint    ] Entering safepoint region: Cleanup
[2022-06-13T01:47:21.143+0000][1][safepoint    ] Leaving safepoint region
[2022-06-13T01:47:21.143+0000][1][safepoint    ] Total time for which application threads were stopped: 0.0012944 seconds, Stopping threads took: 0.0007374 seconds
[2022-06-13T01:47:22.144+0000][1][safepoint    ] Application time: 1.0002205 seconds
[2022-06-13T01:47:22.144+0000][1][safepoint    ] Entering safepoint region: Cleanup
[2022-06-13T01:47:22.145+0000][1][safepoint    ] Leaving safepoint region
[2022-06-13T01:47:22.145+0000][1][safepoint    ] Total time for which application threads were stopped: 0.0006561 seconds, Stopping threads took: 0.0003480 seconds
[2022-06-13T01:47:24.119+0000][1][safepoint    ] Application time: 1.9739286 seconds
[2022-06-13T01:47:24.120+0000][1][safepoint    ] Entering safepoint region: Cleanup
[2022-06-13T01:47:24.120+0000][1][safepoint    ] Leaving safepoint region
[2022-06-13T01:47:24.121+0000][1][safepoint    ] Total time for which application threads were stopped: 0.0007619 seconds, Stopping threads took: 0.0003319 seconds
[2022-06-13T01:47:25.121+0000][1][safepoint    ] Application time: 1.0002464 seconds
[2022-06-13T01:47:25.122+0000][1][safepoint    ] Entering safepoint region: Cleanup
[2022-06-13T01:47:25.123+0000][1][safepoint    ] Leaving safepoint region
[2022-06-13T01:47:25.123+0000][1][safepoint    ] Total time for which application threads were stopped: 0.0011758 seconds, Stopping threads took: 0.0005772 seconds
[2022-06-13T01:47:26.124+0000][1][safepoint    ] Application time: 1.0001841 seconds
[2022-06-13T01:47:26.125+0000][1][safepoint    ] Entering safepoint region: Cleanup
[2022-06-13T01:47:26.126+0000][1][safepoint    ] Leaving safepoint region
[2022-06-13T01:47:26.126+0000][1][safepoint    ] Total time for which application threads were stopped: 0.0013341 seconds, Stopping threads took: 0.0008060 seconds
[2022-06-13T01:47:27.127+0000][1][safepoint    ] Application time: 1.0001407 seconds
[2022-06-13T01:47:27.128+0000][1][safepoint    ] Entering safepoint region: Cleanup
[2022-06-13T01:47:27.129+0000][1][safepoint    ] Leaving safepoint region
[2022-06-13T01:47:27.129+0000][1][safepoint    ] Total time for which application threads were stopped: 0.0016342 seconds, Stopping threads took: 0.0005389 seconds
[2022-06-13T01:47:28.131+0000][1][safepoint    ] Application time: 1.0004448 seconds
[2022-06-13T01:47:28.131+0000][1][safepoint    ] Entering safepoint region: Cleanup
[2022-06-13T01:47:28.132+0000][1][safepoint    ] Leaving safepoint region
[2022-06-13T01:47:28.133+0000][1][safepoint    ] Total time for which application threads were stopped: 0.0013706 seconds, Stopping threads took: 0.0005443 seconds
[2022-06-13T01:47:29.133+0000][1][safepoint    ] Application time: 1.0002576 seconds
[2022-06-13T01:47:29.134+0000][1][safepoint    ] Entering safepoint region: Cleanup
[2022-06-13T01:47:29.134+0000][1][safepoint    ] Leaving safepoint region
[2022-06-13T01:47:29.135+0000][1][safepoint    ] Total time for which application threads were stopped: 0.0012309 seconds, Stopping threads took: 0.0004695 seconds
[2022-06-13T01:47:30.136+0000][1][safepoint    ] Application time: 1.0002341 seconds
[2022-06-13T01:47:30.137+0000][1][safepoint    ] Entering safepoint region: Cleanup
[2022-06-13T01:47:30.137+0000][1][safepoint    ] Leaving safepoint region
[2022-06-13T01:47:30.138+0000][1][safepoint    ] Total time for which application threads were stopped: 0.0011718 seconds, Stopping threads took: 0.0006214 seconds
[2022-06-13T01:47:31.139+0000][1][safepoint    ] Application time: 1.0001923 seconds
[2022-06-13T01:47:31.139+0000][1][safepoint    ] Entering safepoint region: Cleanup
[2022-06-13T01:47:31.140+0000][1][safepoint    ] Leaving safepoint region
[2022-06-13T01:47:31.141+0000][1][safepoint    ] Total time for which application threads were stopped: 0.0012680 seconds, Stopping threads took: 0.0006025 seconds
[2022-06-13T01:47:32.142+0000][1][safepoint    ] Application time: 1.0001764 seconds
[2022-06-13T01:47:32.142+0000][1][safepoint    ] Entering safepoint region: Cleanup
[2022-06-13T01:47:32.143+0000][1][safepoint    ] Leaving safepoint region
[2022-06-13T01:47:32.143+0000][1][safepoint    ] Total time for which application threads were stopped: 0.0012348 seconds, Stopping threads took: 0.0004503 seconds
[2022-06-13T01:47:33.144+0000][1][safepoint    ] Application time: 1.0002888 seconds
[2022-06-13T01:47:33.145+0000][1][safepoint    ] Entering safepoint region: Cleanup
[2022-06-13T01:47:33.145+0000][1][safepoint    ] Leaving safepoint region
[2022-06-13T01:47:33.146+0000][1][safepoint    ] Total time for which application threads were stopped: 0.0012810 seconds, Stopping threads took: 0.0004706 seconds
[2022-06-13T01:47:34.147+0000][1][safepoint    ] Application time: 1.0001796 seconds
[2022-06-13T01:47:34.148+0000][1][safepoint    ] Entering safepoint region: Cleanup
[2022-06-13T01:47:34.148+0000][1][safepoint    ] Leaving safepoint region
[2022-06-13T01:47:34.149+0000][1][safepoint    ] Total time for which application threads were stopped: 0.0013841 seconds, Stopping threads took: 0.0007178 seconds
[2022-06-13T01:47:35.150+0000][1][safepoint    ] Application time: 1.0003481 seconds
[2022-06-13T01:47:35.151+0000][1][safepoint    ] Entering safepoint region: Cleanup
[2022-06-13T01:47:35.152+0000][1][safepoint    ] Leaving safepoint region
[2022-06-13T01:47:35.152+0000][1][safepoint    ] Total time for which application threads were stopped: 0.0016851 seconds, Stopping threads took: 0.0008470 seconds
[2022-06-13T01:47:36.153+0000][1][safepoint    ] Application time: 1.0002981 seconds
[2022-06-13T01:47:36.154+0000][1][safepoint    ] Entering safepoint region: Cleanup
[2022-06-13T01:47:36.155+0000][1][safepoint    ] Leaving safepoint region
[2022-06-13T01:47:36.155+0000][1][safepoint    ] Total time for which application threads were stopped: 0.0010648 seconds, Stopping threads took: 0.0004801 seconds
[2022-06-13T01:47:37.156+0000][1][safepoint    ] Application time: 1.0002265 seconds
[2022-06-13T01:47:37.157+0000][1][safepoint    ] Entering safepoint region: Cleanup
[2022-06-13T01:47:37.157+0000][1][safepoint    ] Leaving safepoint region
[2022-06-13T01:47:37.158+0000][1][safepoint    ] Total time for which application threads were stopped: 0.0014585 seconds, Stopping threads took: 0.0006072 seconds
[2022-06-13T01:47:38.159+0000][1][safepoint    ] Application time: 1.0001944 seconds
[2022-06-13T01:47:38.160+0000][1][safepoint    ] Entering safepoint region: Cleanup
[2022-06-13T01:47:38.160+0000][1][safepoint    ] Leaving safepoint region
[2022-06-13T01:47:38.160+0000][1][safepoint    ] Total time for which application threads were stopped: 0.0006646 seconds, Stopping threads took: 0.0003207 seconds
[2022-06-13T01:47:39.161+0000][1][safepoint    ] Application time: 1.0002390 seconds
[2022-06-13T01:47:39.161+0000][1][safepoint    ] Entering safepoint region: Cleanup
[2022-06-13T01:47:39.162+0000][1][safepoint    ] Leaving safepoint region
[2022-06-13T01:47:39.162+0000][1][safepoint    ] Total time for which application threads were stopped: 0.0009471 seconds, Stopping threads took: 0.0004504 seconds
[2022-06-13T01:47:40.163+0000][1][safepoint    ] Application time: 1.0003563 seconds
[2022-06-13T01:47:40.164+0000][1][safepoint    ] Entering safepoint region: Cleanup
[2022-06-13T01:47:40.164+0000][1][safepoint    ] Leaving safepoint region
[2022-06-13T01:47:40.164+0000][1][safepoint    ] Total time for which application threads were stopped: 0.0009797 seconds, Stopping threads took: 0.0005707 seconds
[2022-06-13T01:47:41.165+0000][1][safepoint    ] Application time: 1.0002015 seconds
[2022-06-13T01:47:41.166+0000][1][safepoint    ] Entering safepoint region: Cleanup
[2022-06-13T01:47:41.167+0000][1][safepoint    ] Leaving safepoint region
[2022-06-13T01:47:41.167+0000][1][safepoint    ] Total time for which application threads were stopped: 0.0014789 seconds, Stopping threads took: 0.0006307 seconds
[2022-06-13T01:47:42.713+0000][1][safepoint    ] Application time: 1.5450908 seconds
[2022-06-13T01:47:42.714+0000][1][safepoint    ] Entering safepoint region: Cleanup
[2022-06-13T01:47:42.714+0000][1][safepoint    ] Leaving safepoint region
[2022-06-13T01:47:42.715+0000][1][safepoint    ] Total time for which application threads were stopped: 0.0010060 seconds, Stopping threads took: 0.0004214 seconds
[2022-06-13T01:47:43.715+0000][1][safepoint    ] Application time: 1.0002084 seconds
[2022-06-13T01:47:43.716+0000][1][safepoint    ] Entering safepoint region: Cleanup
[2022-06-13T01:47:43.717+0000][1][safepoint    ] Leaving safepoint region
[2022-06-13T01:47:43.717+0000][1][safepoint    ] Total time for which application threads were stopped: 0.0016413 seconds, Stopping threads took: 0.0007249 seconds
[2022-06-13T01:47:44.718+0000][1][safepoint    ] Application time: 1.0002228 seconds
[2022-06-13T01:47:44.719+0000][1][safepoint    ] Entering safepoint region: Cleanup
[2022-06-13T01:47:44.719+0000][1][safepoint    ] Leaving safepoint region
[2022-06-13T01:47:44.719+0000][1][safepoint    ] Total time for which application threads were stopped: 0.0005556 seconds, Stopping threads took: 0.0002429 seconds
[2022-06-13T01:47:45.720+0000][1][safepoint    ] Application time: 1.0002320 seconds
[2022-06-13T01:47:45.720+0000][1][safepoint    ] Entering safepoint region: Cleanup
[2022-06-13T01:47:45.721+0000][1][safepoint    ] Leaving safepoint region
[2022-06-13T01:47:45.721+0000][1][safepoint    ] Total time for which application threads were stopped: 0.0009878 seconds, Stopping threads took: 0.0003832 seconds
[2022-06-13T01:47:46.722+0000][1][safepoint    ] Application time: 1.0003003 seconds
[2022-06-13T01:47:46.722+0000][1][safepoint    ] Entering safepoint region: Cleanup
[2022-06-13T01:47:46.723+0000][1][safepoint    ] Leaving safepoint region
[2022-06-13T01:47:46.723+0000][1][safepoint    ] Total time for which application threads were stopped: 0.0008145 seconds, Stopping threads took: 0.0005943 seconds
[2022-06-13T01:47:47.723+0000][1][safepoint    ] Application time: 1.0001853 seconds
[2022-06-13T01:47:47.724+0000][1][safepoint    ] Entering safepoint region: Cleanup
[2022-06-13T01:47:47.724+0000][1][safepoint    ] Leaving safepoint region
[2022-06-13T01:47:47.724+0000][1][safepoint    ] Total time for which application threads were stopped: 0.0005553 seconds, Stopping threads took: 0.0002579 seconds
[2022-06-13T01:47:48.725+0000][1][safepoint    ] Application time: 1.0002000 seconds
[2022-06-13T01:47:48.726+0000][1][safepoint    ] Entering safepoint region: Cleanup
[2022-06-13T01:47:48.726+0000][1][safepoint    ] Leaving safepoint region
[2022-06-13T01:47:48.726+0000][1][safepoint    ] Total time for which application threads were stopped: 0.0008524 seconds, Stopping threads took: 0.0003678 seconds
[2022-06-13T01:47:49.727+0000][1][safepoint    ] Application time: 1.0001603 seconds
[2022-06-13T01:47:49.728+0000][1][safepoint    ] Entering safepoint region: Cleanup
[2022-06-13T01:47:49.728+0000][1][safepoint    ] Leaving safepoint region
[2022-06-13T01:47:49.729+0000][1][safepoint    ] Total time for which application threads were stopped: 0.0012123 seconds, Stopping threads took: 0.0006195 seconds
[2022-06-13T01:47:50.730+0000][1][safepoint    ] Application time: 1.0003667 seconds
[2022-06-13T01:47:50.731+0000][1][safepoint    ] Entering safepoint region: Cleanup
[2022-06-13T01:47:50.732+0000][1][safepoint    ] Leaving safepoint region
[2022-06-13T01:47:50.733+0000][1][safepoint    ] Total time for which application threads were stopped: 0.0018155 seconds, Stopping threads took: 0.0008913 seconds
[2022-06-13T01:47:51.734+0000][1][safepoint    ] Application time: 1.0002744 seconds
[2022-06-13T01:47:51.734+0000][1][safepoint    ] Entering safepoint region: Cleanup
[2022-06-13T01:47:51.734+0000][1][safepoint    ] Leaving safepoint region
[2022-06-13T01:47:51.735+0000][1][safepoint    ] Total time for which application threads were stopped: 0.0005718 seconds, Stopping threads took: 0.0002159 seconds
[2022-06-13T01:47:52.735+0000][1][safepoint    ] Application time: 1.0001290 seconds
[2022-06-13T01:47:52.736+0000][1][safepoint    ] Entering safepoint region: Cleanup
[2022-06-13T01:47:52.736+0000][1][safepoint    ] Leaving safepoint region
[2022-06-13T01:47:52.737+0000][1][safepoint    ] Total time for which application threads were stopped: 0.0008435 seconds, Stopping threads took: 0.0003774 seconds
[2022-06-13T01:47:53.737+0000][1][safepoint    ] Application time: 1.0003020 seconds
[2022-06-13T01:47:53.738+0000][1][safepoint    ] Entering safepoint region: Cleanup
[2022-06-13T01:47:53.739+0000][1][safepoint    ] Leaving safepoint region
[2022-06-13T01:47:53.740+0000][1][safepoint    ] Total time for which application threads were stopped: 0.0011823 seconds, Stopping threads took: 0.0003861 seconds
[2022-06-13T01:47:54.740+0000][1][safepoint    ] Application time: 1.0002506 seconds
[2022-06-13T01:47:54.741+0000][1][safepoint    ] Entering safepoint region: Cleanup
[2022-06-13T01:47:54.741+0000][1][safepoint    ] Leaving safepoint region
[2022-06-13T01:47:54.742+0000][1][safepoint    ] Total time for which application threads were stopped: 0.0010075 seconds, Stopping threads took: 0.0004474 seconds
[2022-06-13T01:47:55.742+0000][1][safepoint    ] Application time: 1.0001922 seconds
[2022-06-13T01:47:55.743+0000][1][safepoint    ] Entering safepoint region: Cleanup
[2022-06-13T01:47:55.744+0000][1][safepoint    ] Leaving safepoint region
[2022-06-13T01:47:55.744+0000][1][safepoint    ] Total time for which application threads were stopped: 0.0011156 seconds, Stopping threads took: 0.0006968 seconds
[2022-06-13T01:47:56.745+0000][1][safepoint    ] Application time: 1.0002950 seconds
[2022-06-13T01:47:56.745+0000][1][safepoint    ] Entering safepoint region: Cleanup
[2022-06-13T01:47:56.746+0000][1][safepoint    ] Leaving safepoint region
[2022-06-13T01:47:56.746+0000][1][safepoint    ] Total time for which application threads were stopped: 0.0008698 seconds, Stopping threads took: 0.0003450 seconds
[2022-06-13T01:47:57.747+0000][1][safepoint    ] Application time: 1.0003267 seconds
[2022-06-13T01:47:57.748+0000][1][safepoint    ] Entering safepoint region: Cleanup
[2022-06-13T01:47:57.748+0000][1][safepoint    ] Leaving safepoint region
[2022-06-13T01:47:57.749+0000][1][safepoint    ] Total time for which application threads were stopped: 0.0010662 seconds, Stopping threads took: 0.0004562 seconds
[2022-06-13T01:47:58.749+0000][1][safepoint    ] Application time: 1.0001319 seconds
[2022-06-13T01:47:58.750+0000][1][safepoint    ] Entering safepoint region: Cleanup
[2022-06-13T01:47:58.750+0000][1][safepoint    ] Leaving safepoint region
[2022-06-13T01:47:58.750+0000][1][safepoint    ] Total time for which application threads were stopped: 0.0007677 seconds, Stopping threads took: 0.0004297 seconds
[2022-06-13T01:47:59.751+0000][1][safepoint    ] Application time: 1.0001536 seconds
[2022-06-13T01:47:59.751+0000][1][safepoint    ] Entering safepoint region: Cleanup
[2022-06-13T01:47:59.752+0000][1][safepoint    ] Leaving safepoint region
[2022-06-13T01:47:59.752+0000][1][safepoint    ] Total time for which application threads were stopped: 0.0011536 seconds, Stopping threads took: 0.0004635 seconds
[2022-06-13T01:48:00.753+0000][1][safepoint    ] Application time: 1.0002746 seconds
[2022-06-13T01:48:00.754+0000][1][safepoint    ] Entering safepoint region: Cleanup
[2022-06-13T01:48:00.754+0000][1][safepoint    ] Leaving safepoint region
[2022-06-13T01:48:00.755+0000][1][safepoint    ] Total time for which application threads were stopped: 0.0009389 seconds, Stopping threads took: 0.0004982 seconds
[2022-06-13T01:48:01.755+0000][1][safepoint    ] Application time: 1.0002073 seconds
[2022-06-13T01:48:01.756+0000][1][safepoint    ] Entering safepoint region: Cleanup
[2022-06-13T01:48:01.756+0000][1][safepoint    ] Leaving safepoint region
[2022-06-13T01:48:01.757+0000][1][safepoint    ] Total time for which application threads were stopped: 0.0011018 seconds, Stopping threads took: 0.0004594 seconds
[2022-06-13T01:48:02.757+0000][1][safepoint    ] Application time: 1.0001661 seconds
[2022-06-13T01:48:02.758+0000][1][safepoint    ] Entering safepoint region: Cleanup
[2022-06-13T01:48:02.759+0000][1][safepoint    ] Leaving safepoint region
[2022-06-13T01:48:02.759+0000][1][safepoint    ] Total time for which application threads were stopped: 0.0010181 seconds, Stopping threads took: 0.0005014 seconds
[2022-06-13T01:48:03.760+0000][1][safepoint    ] Application time: 1.0002376 seconds
[2022-06-13T01:48:03.760+0000][1][safepoint    ] Entering safepoint region: Cleanup
[2022-06-13T01:48:03.761+0000][1][safepoint    ] Leaving safepoint region
[2022-06-13T01:48:03.761+0000][1][safepoint    ] Total time for which application threads were stopped: 0.0006169 seconds, Stopping threads took: 0.0002288 seconds
[2022-06-13T01:48:04.762+0000][1][safepoint    ] Application time: 1.0004154 seconds
[2022-06-13T01:48:04.762+0000][1][safepoint    ] Entering safepoint region: Cleanup
[2022-06-13T01:48:04.763+0000][1][safepoint    ] Leaving safepoint region
[2022-06-13T01:48:04.764+0000][1][safepoint    ] Total time for which application threads were stopped: 0.0015082 seconds, Stopping threads took: 0.0007932 seconds
[2022-06-13T01:48:05.764+0000][1][safepoint    ] Application time: 1.0003327 seconds
[2022-06-13T01:48:05.766+0000][1][safepoint    ] Entering safepoint region: Cleanup
[2022-06-13T01:48:05.766+0000][1][safepoint    ] Leaving safepoint region
[2022-06-13T01:48:05.767+0000][1][safepoint    ] Total time for which application threads were stopped: 0.0010005 seconds, Stopping threads took: 0.0003113 seconds
[2022-06-13T01:48:06.767+0000][1][safepoint    ] Application time: 1.0002352 seconds
[2022-06-13T01:48:06.768+0000][1][safepoint    ] Entering safepoint region: Cleanup
[2022-06-13T01:48:06.769+0000][1][safepoint    ] Leaving safepoint region
[2022-06-13T01:48:06.769+0000][1][safepoint    ] Total time for which application threads were stopped: 0.0008505 seconds, Stopping threads took: 0.0003954 seconds
[2022-06-13T01:48:07.770+0000][1][safepoint    ] Application time: 1.0002321 seconds
[2022-06-13T01:48:07.770+0000][1][safepoint    ] Entering safepoint region: Cleanup
[2022-06-13T01:48:07.771+0000][1][safepoint    ] Leaving safepoint region
[2022-06-13T01:48:07.772+0000][1][safepoint    ] Total time for which application threads were stopped: 0.0014862 seconds, Stopping threads took: 0.0008390 seconds
[2022-06-13T01:48:08.773+0000][1][safepoint    ] Application time: 1.0003208 seconds
[2022-06-13T01:48:08.773+0000][1][safepoint    ] Entering safepoint region: Cleanup
[2022-06-13T01:48:08.774+0000][1][safepoint    ] Leaving safepoint region
[2022-06-13T01:48:08.775+0000][1][safepoint    ] Total time for which application threads were stopped: 0.0013115 seconds, Stopping threads took: 0.0006279 seconds
[2022-06-13T01:48:09.776+0000][1][safepoint    ] Application time: 1.0003341 seconds
[2022-06-13T01:48:09.777+0000][1][safepoint    ] Entering safepoint region: Cleanup
[2022-06-13T01:48:09.778+0000][1][safepoint    ] Leaving safepoint region
[2022-06-13T01:48:09.778+0000][1][safepoint    ] Total time for which application threads were stopped: 0.0012693 seconds, Stopping threads took: 0.0005688 seconds
[2022-06-13T01:48:10.779+0000][1][safepoint    ] Application time: 1.0001569 seconds
[2022-06-13T01:48:10.779+0000][1][safepoint    ] Entering safepoint region: Cleanup
[2022-06-13T01:48:10.780+0000][1][safepoint    ] Leaving safepoint region
[2022-06-13T01:48:10.780+0000][1][safepoint    ] Total time for which application threads were stopped: 0.0010859 seconds, Stopping threads took: 0.0005396 seconds
[2022-06-13T01:48:11.781+0000][1][safepoint    ] Application time: 1.0003595 seconds
[2022-06-13T01:48:11.782+0000][1][safepoint    ] Entering safepoint region: Cleanup
[2022-06-13T01:48:11.783+0000][1][safepoint    ] Leaving safepoint region
[2022-06-13T01:48:11.783+0000][1][safepoint    ] Total time for which application threads were stopped: 0.0011972 seconds, Stopping threads took: 0.0005230 seconds
[2022-06-13T01:48:12.783+0000][1][safepoint    ] Application time: 1.0002013 seconds
[2022-06-13T01:48:12.784+0000][1][safepoint    ] Entering safepoint region: Cleanup
[2022-06-13T01:48:12.785+0000][1][safepoint    ] Leaving safepoint region
[2022-06-13T01:48:12.785+0000][1][safepoint    ] Total time for which application threads were stopped: 0.0014110 seconds, Stopping threads took: 0.0005501 seconds
[2022-06-13T01:48:13.786+0000][1][safepoint    ] Application time: 1.0004972 seconds
[2022-06-13T01:48:13.787+0000][1][safepoint    ] Entering safepoint region: Cleanup
[2022-06-13T01:48:13.788+0000][1][safepoint    ] Leaving safepoint region
[2022-06-13T01:48:13.788+0000][1][safepoint    ] Total time for which application threads were stopped: 0.0009666 seconds, Stopping threads took: 0.0005069 seconds
[2022-06-13T01:48:14.788+0000][1][safepoint    ] Application time: 1.0003091 seconds
[2022-06-13T01:48:14.789+0000][1][safepoint    ] Entering safepoint region: Cleanup
[2022-06-13T01:48:14.790+0000][1][safepoint    ] Leaving safepoint region
[2022-06-13T01:48:14.790+0000][1][safepoint    ] Total time for which application threads were stopped: 0.0008442 seconds, Stopping threads took: 0.0003584 seconds
[2022-06-13T01:48:15.791+0000][1][safepoint    ] Application time: 1.0002777 seconds
[2022-06-13T01:48:15.791+0000][1][safepoint    ] Entering safepoint region: Cleanup
[2022-06-13T01:48:15.792+0000][1][safepoint    ] Leaving safepoint region
[2022-06-13T01:48:15.792+0000][1][safepoint    ] Total time for which application threads were stopped: 0.0012903 seconds, Stopping threads took: 0.0006009 seconds
[2022-06-13T01:48:16.793+0000][1][safepoint    ] Application time: 1.0003687 seconds
[2022-06-13T01:48:16.794+0000][1][safepoint    ] Entering safepoint region: Cleanup
[2022-06-13T01:48:16.795+0000][1][safepoint    ] Leaving safepoint region
[2022-06-13T01:48:16.795+0000][1][safepoint    ] Total time for which application threads were stopped: 0.0009706 seconds, Stopping threads took: 0.0004004 seconds
[2022-06-13T01:48:17.796+0000][1][safepoint    ] Application time: 1.0002648 seconds
[2022-06-13T01:48:17.797+0000][1][safepoint    ] Entering safepoint region: Cleanup
[2022-06-13T01:48:17.797+0000][1][safepoint    ] Leaving safepoint region
[2022-06-13T01:48:17.798+0000][1][safepoint    ] Total time for which application threads were stopped: 0.0011613 seconds, Stopping threads took: 0.0004687 seconds
[2022-06-13T01:48:18.799+0000][1][safepoint    ] Application time: 1.0001569 seconds
[2022-06-13T01:48:18.799+0000][1][safepoint    ] Entering safepoint region: Cleanup
[2022-06-13T01:48:18.800+0000][1][safepoint    ] Leaving safepoint region
[2022-06-13T01:48:18.800+0000][1][safepoint    ] Total time for which application threads were stopped: 0.0007290 seconds, Stopping threads took: 0.0003480 seconds
[2022-06-13T01:48:19.800+0000][1][safepoint    ] Application time: 1.0003035 seconds
[2022-06-13T01:48:19.801+0000][1][safepoint    ] Entering safepoint region: Cleanup
[2022-06-13T01:48:19.802+0000][1][safepoint    ] Leaving safepoint region
[2022-06-13T01:48:19.802+0000][1][safepoint    ] Total time for which application threads were stopped: 0.0013435 seconds, Stopping threads took: 0.0005547 seconds
[2022-06-13T01:48:20.803+0000][1][safepoint    ] Application time: 1.0001352 seconds
[2022-06-13T01:48:20.804+0000][1][safepoint    ] Entering safepoint region: Cleanup
[2022-06-13T01:48:20.804+0000][1][safepoint    ] Leaving safepoint region
[2022-06-13T01:48:20.804+0000][1][safepoint    ] Total time for which application threads were stopped: 0.0006974 seconds, Stopping threads took: 0.0003376 seconds
[2022-06-13T01:48:21.805+0000][1][safepoint    ] Application time: 1.0002825 seconds
[2022-06-13T01:48:21.806+0000][1][safepoint    ] Entering safepoint region: Cleanup
[2022-06-13T01:48:21.806+0000][1][safepoint    ] Leaving safepoint region
[2022-06-13T01:48:21.807+0000][1][safepoint    ] Total time for which application threads were stopped: 0.0012236 seconds, Stopping threads took: 0.0007222 seconds
[2022-06-13T01:48:22.808+0000][1][safepoint    ] Application time: 1.0001971 seconds
[2022-06-13T01:48:22.808+0000][1][safepoint    ] Entering safepoint region: Cleanup
[2022-06-13T01:48:22.809+0000][1][safepoint    ] Leaving safepoint region
[2022-06-13T01:48:22.809+0000][1][safepoint    ] Total time for which application threads were stopped: 0.0012656 seconds, Stopping threads took: 0.0005272 seconds
[2022-06-13T01:48:23.810+0000][1][safepoint    ] Application time: 1.0001832 seconds
[2022-06-13T01:48:23.811+0000][1][safepoint    ] Entering safepoint region: Cleanup
[2022-06-13T01:48:23.811+0000][1][safepoint    ] Leaving safepoint region
[2022-06-13T01:48:23.811+0000][1][safepoint    ] Total time for which application threads were stopped: 0.0002937 seconds, Stopping threads took: 0.0001171 seconds
[2022-06-13T01:48:24.811+0000][1][safepoint    ] Application time: 1.0001872 seconds
[2022-06-13T01:48:24.812+0000][1][safepoint    ] Entering safepoint region: Cleanup
[2022-06-13T01:48:24.812+0000][1][safepoint    ] Leaving safepoint region
[2022-06-13T01:48:24.813+0000][1][safepoint    ] Total time for which application threads were stopped: 0.0010739 seconds, Stopping threads took: 0.0003861 seconds
[2022-06-13T01:48:25.814+0000][1][safepoint    ] Application time: 1.0004460 seconds
[2022-06-13T01:48:25.814+0000][1][safepoint    ] Entering safepoint region: Cleanup
[2022-06-13T01:48:25.815+0000][1][safepoint    ] Leaving safepoint region
[2022-06-13T01:48:25.815+0000][1][safepoint    ] Total time for which application threads were stopped: 0.0011947 seconds, Stopping threads took: 0.0005601 seconds
[2022-06-13T01:48:26.816+0000][1][safepoint    ] Application time: 1.0002253 seconds
[2022-06-13T01:48:26.817+0000][1][safepoint    ] Entering safepoint region: Cleanup
[2022-06-13T01:48:26.818+0000][1][safepoint    ] Leaving safepoint region
[2022-06-13T01:48:26.818+0000][1][safepoint    ] Total time for which application threads were stopped: 0.0011491 seconds, Stopping threads took: 0.0005683 seconds
[2022-06-13T01:48:27.819+0000][1][safepoint    ] Application time: 1.0002777 seconds
[2022-06-13T01:48:27.820+0000][1][safepoint    ] Entering safepoint region: Cleanup
[2022-06-13T01:48:27.821+0000][1][safepoint    ] Leaving safepoint region
[2022-06-13T01:48:27.821+0000][1][safepoint    ] Total time for which application threads were stopped: 0.0013867 seconds, Stopping threads took: 0.0006999 seconds
[2022-06-13T01:48:28.822+0000][1][safepoint    ] Application time: 1.0002477 seconds
[2022-06-13T01:48:28.823+0000][1][safepoint    ] Entering safepoint region: Cleanup
[2022-06-13T01:48:28.823+0000][1][safepoint    ] Leaving safepoint region
[2022-06-13T01:48:28.824+0000][1][safepoint    ] Total time for which application threads were stopped: 0.0009937 seconds, Stopping threads took: 0.0005104 seconds
[2022-06-13T01:48:29.824+0000][1][safepoint    ] Application time: 1.0002671 seconds
[2022-06-13T01:48:29.825+0000][1][safepoint    ] Entering safepoint region: Cleanup
[2022-06-13T01:48:29.825+0000][1][safepoint    ] Leaving safepoint region
[2022-06-13T01:48:29.826+0000][1][safepoint    ] Total time for which application threads were stopped: 0.0009371 seconds, Stopping threads took: 0.0003993 seconds
[2022-06-13T01:48:30.826+0000][1][safepoint    ] Application time: 1.0003266 seconds
[2022-06-13T01:48:30.827+0000][1][safepoint    ] Entering safepoint region: Cleanup
[2022-06-13T01:48:30.828+0000][1][safepoint    ] Leaving safepoint region
[2022-06-13T01:48:30.828+0000][1][safepoint    ] Total time for which application threads were stopped: 0.0011223 seconds, Stopping threads took: 0.0003816 seconds
[2022-06-13T01:48:31.829+0000][1][safepoint    ] Application time: 1.0002962 seconds
[2022-06-13T01:48:31.830+0000][1][safepoint    ] Entering safepoint region: Cleanup
[2022-06-13T01:48:31.830+0000][1][safepoint    ] Leaving safepoint region
[2022-06-13T01:48:31.831+0000][1][safepoint    ] Total time for which application threads were stopped: 0.0011388 seconds, Stopping threads took: 0.0004239 seconds
[2022-06-13T01:48:32.832+0000][1][safepoint    ] Application time: 1.0002507 seconds
[2022-06-13T01:48:32.832+0000][1][safepoint    ] Entering safepoint region: Cleanup
[2022-06-13T01:48:32.833+0000][1][safepoint    ] Leaving safepoint region
[2022-06-13T01:48:32.833+0000][1][safepoint    ] Total time for which application threads were stopped: 0.0011304 seconds, Stopping threads took: 0.0006014 seconds
[2022-06-13T01:48:33.834+0000][1][safepoint    ] Application time: 1.0003446 seconds
[2022-06-13T01:48:33.835+0000][1][safepoint    ] Entering safepoint region: Cleanup
[2022-06-13T01:48:33.836+0000][1][safepoint    ] Leaving safepoint region
[2022-06-13T01:48:33.836+0000][1][safepoint    ] Total time for which application threads were stopped: 0.0012612 seconds, Stopping threads took: 0.0007690 seconds
[2022-06-13T01:48:34.837+0000][1][safepoint    ] Application time: 1.0003061 seconds
[2022-06-13T01:48:34.838+0000][1][safepoint    ] Entering safepoint region: Cleanup
[2022-06-13T01:48:34.838+0000][1][safepoint    ] Leaving safepoint region
[2022-06-13T01:48:34.839+0000][1][safepoint    ] Total time for which application threads were stopped: 0.0013752 seconds, Stopping threads took: 0.0007459 seconds
[2022-06-13T01:48:35.839+0000][1][safepoint    ] Application time: 1.0001488 seconds
[2022-06-13T01:48:35.840+0000][1][safepoint    ] Entering safepoint region: Cleanup
[2022-06-13T01:48:35.840+0000][1][safepoint    ] Leaving safepoint region
[2022-06-13T01:48:35.841+0000][1][safepoint    ] Total time for which application threads were stopped: 0.0008131 seconds, Stopping threads took: 0.0003124 seconds
[2022-06-13T01:48:36.841+0000][1][safepoint    ] Application time: 1.0003123 seconds
[2022-06-13T01:48:36.842+0000][1][safepoint    ] Entering safepoint region: Cleanup
[2022-06-13T01:48:36.844+0000][1][safepoint    ] Leaving safepoint region
[2022-06-13T01:48:36.844+0000][1][safepoint    ] Total time for which application threads were stopped: 0.0021994 seconds, Stopping threads took: 0.0010364 seconds
[2022-06-13T01:48:37.846+0000][1][safepoint    ] Application time: 1.0002489 seconds
[2022-06-13T01:48:37.846+0000][1][safepoint    ] Entering safepoint region: Cleanup
[2022-06-13T01:48:37.847+0000][1][safepoint    ] Leaving safepoint region
[2022-06-13T01:48:37.848+0000][1][safepoint    ] Total time for which application threads were stopped: 0.0013516 seconds, Stopping threads took: 0.0006518 seconds
[2022-06-13T01:48:38.848+0000][1][safepoint    ] Application time: 1.0002382 seconds
[2022-06-13T01:48:38.849+0000][1][safepoint    ] Entering safepoint region: Cleanup
[2022-06-13T01:48:38.850+0000][1][safepoint    ] Leaving safepoint region
[2022-06-13T01:48:38.851+0000][1][safepoint    ] Total time for which application threads were stopped: 0.0012878 seconds, Stopping threads took: 0.0007211 seconds
[2022-06-13T01:48:39.852+0000][1][safepoint    ] Application time: 1.0004145 seconds
[2022-06-13T01:48:39.853+0000][1][safepoint    ] Entering safepoint region: Cleanup
[2022-06-13T01:48:39.853+0000][1][safepoint    ] Leaving safepoint region
[2022-06-13T01:48:39.854+0000][1][safepoint    ] Total time for which application threads were stopped: 0.0010539 seconds, Stopping threads took: 0.0005440 seconds
[2022-06-13T01:48:40.854+0000][1][safepoint    ] Application time: 1.0002058 seconds
[2022-06-13T01:48:40.855+0000][1][safepoint    ] Entering safepoint region: Cleanup
[2022-06-13T01:48:40.856+0000][1][safepoint    ] Leaving safepoint region
[2022-06-13T01:48:40.857+0000][1][safepoint    ] Total time for which application threads were stopped: 0.0016256 seconds, Stopping threads took: 0.0006203 seconds
[2022-06-13T01:48:41.858+0000][1][safepoint    ] Application time: 1.0002736 seconds
[2022-06-13T01:48:41.859+0000][1][safepoint    ] Entering safepoint region: Cleanup
[2022-06-13T01:48:41.859+0000][1][safepoint    ] Leaving safepoint region
[2022-06-13T01:48:41.860+0000][1][safepoint    ] Total time for which application threads were stopped: 0.0015862 seconds, Stopping threads took: 0.0005761 seconds
[2022-06-13T01:48:42.861+0000][1][safepoint    ] Application time: 1.0002444 seconds
[2022-06-13T01:48:42.862+0000][1][safepoint    ] Entering safepoint region: Cleanup
[2022-06-13T01:48:42.862+0000][1][safepoint    ] Leaving safepoint region
[2022-06-13T01:48:42.863+0000][1][safepoint    ] Total time for which application threads were stopped: 0.0010541 seconds, Stopping threads took: 0.0005080 seconds
[2022-06-13T01:48:43.864+0000][1][safepoint    ] Application time: 1.0001736 seconds
[2022-06-13T01:48:43.865+0000][1][safepoint    ] Entering safepoint region: Cleanup
[2022-06-13T01:48:43.865+0000][1][safepoint    ] Leaving safepoint region
[2022-06-13T01:48:43.866+0000][1][safepoint    ] Total time for which application threads were stopped: 0.0014996 seconds, Stopping threads took: 0.0007167 seconds
[2022-06-13T01:48:44.867+0000][1][safepoint    ] Application time: 1.0001979 seconds
[2022-06-13T01:48:44.868+0000][1][safepoint    ] Entering safepoint region: Cleanup
[2022-06-13T01:48:44.868+0000][1][safepoint    ] Leaving safepoint region
[2022-06-13T01:48:44.869+0000][1][safepoint    ] Total time for which application threads were stopped: 0.0015633 seconds, Stopping threads took: 0.0007211 seconds
[2022-06-13T01:48:45.870+0000][1][safepoint    ] Application time: 1.0003176 seconds
[2022-06-13T01:48:45.871+0000][1][safepoint    ] Entering safepoint region: Cleanup
[2022-06-13T01:48:45.872+0000][1][safepoint    ] Leaving safepoint region
[2022-06-13T01:48:45.873+0000][1][safepoint    ] Total time for which application threads were stopped: 0.0018083 seconds, Stopping threads took: 0.0009258 seconds
[2022-06-13T01:48:46.874+0000][1][safepoint    ] Application time: 1.0002213 seconds
[2022-06-13T01:48:46.874+0000][1][safepoint    ] Entering safepoint region: Cleanup
[2022-06-13T01:48:46.875+0000][1][safepoint    ] Leaving safepoint region
[2022-06-13T01:48:46.875+0000][1][safepoint    ] Total time for which application threads were stopped: 0.0009113 seconds, Stopping threads took: 0.0004175 seconds
[2022-06-13T01:48:47.876+0000][1][safepoint    ] Application time: 1.0002120 seconds
[2022-06-13T01:48:47.876+0000][1][safepoint    ] Entering safepoint region: Cleanup
[2022-06-13T01:48:47.877+0000][1][safepoint    ] Leaving safepoint region
[2022-06-13T01:48:47.877+0000][1][safepoint    ] Total time for which application threads were stopped: 0.0008535 seconds, Stopping threads took: 0.0003472 seconds
[2022-06-13T01:48:48.877+0000][1][safepoint    ] Application time: 1.0001710 seconds
[2022-06-13T01:48:48.878+0000][1][safepoint    ] Entering safepoint region: Cleanup
[2022-06-13T01:48:48.878+0000][1][safepoint    ] Leaving safepoint region
[2022-06-13T01:48:48.879+0000][1][safepoint    ] Total time for which application threads were stopped: 0.0007382 seconds, Stopping threads took: 0.0003807 seconds
[2022-06-13T01:48:49.879+0000][1][safepoint    ] Application time: 1.0002708 seconds
[2022-06-13T01:48:49.880+0000][1][safepoint    ] Entering safepoint region: Cleanup
[2022-06-13T01:48:49.881+0000][1][safepoint    ] Leaving safepoint region
[2022-06-13T01:48:49.882+0000][1][safepoint    ] Total time for which application threads were stopped: 0.0016039 seconds, Stopping threads took: 0.0007323 seconds
[2022-06-13T01:48:50.186+0000][1][safepoint    ] Application time: 0.3037066 seconds
[2022-06-13T01:48:50.187+0000][1][safepoint    ] Entering safepoint region: RevokeBias
[2022-06-13T01:48:50.187+0000][1][safepoint    ] Leaving safepoint region
[2022-06-13T01:48:50.188+0000][1][safepoint    ] Total time for which application threads were stopped: 0.0006397 seconds, Stopping threads took: 0.0002291 seconds
[2022-06-13T01:48:51.188+0000][1][safepoint    ] Application time: 1.0001512 seconds
[2022-06-13T01:48:51.189+0000][1][safepoint    ] Entering safepoint region: Cleanup
[2022-06-13T01:48:51.189+0000][1][safepoint    ] Leaving safepoint region
[2022-06-13T01:48:51.189+0000][1][safepoint    ] Total time for which application threads were stopped: 0.0008198 seconds, Stopping threads took: 0.0003524 seconds
[2022-06-13T01:48:52.190+0000][1][safepoint    ] Application time: 1.0002487 seconds
[2022-06-13T01:48:52.190+0000][1][safepoint    ] Entering safepoint region: Cleanup
[2022-06-13T01:48:52.191+0000][1][safepoint    ] Leaving safepoint region
[2022-06-13T01:48:52.191+0000][1][safepoint    ] Total time for which application threads were stopped: 0.0009371 seconds, Stopping threads took: 0.0003248 seconds
[2022-06-13T01:48:53.192+0000][1][safepoint    ] Application time: 1.0003558 seconds
[2022-06-13T01:48:53.193+0000][1][safepoint    ] Entering safepoint region: Cleanup
[2022-06-13T01:48:53.194+0000][1][safepoint    ] Leaving safepoint region
[2022-06-13T01:48:53.194+0000][1][safepoint    ] Total time for which application threads were stopped: 0.0013442 seconds, Stopping threads took: 0.0006885 seconds
[2022-06-13T01:48:53.498+0000][1][safepoint    ] Application time: 0.3035168 seconds
[2022-06-13T01:48:53.499+0000][1][safepoint    ] Entering safepoint region: RevokeBias
[2022-06-13T01:48:53.500+0000][1][safepoint    ] Leaving safepoint region
[2022-06-13T01:48:53.500+0000][1][safepoint    ] Total time for which application threads were stopped: 0.0015574 seconds, Stopping threads took: 0.0006356 seconds
[2022-06-13T01:48:53.501+0000][1][safepoint    ] Application time: 0.0005148 seconds
[2022-06-13T01:48:53.502+0000][1][safepoint    ] Entering safepoint region: RevokeBias
[2022-06-13T01:48:53.502+0000][1][safepoint    ] Leaving safepoint region
[2022-06-13T01:48:53.502+0000][1][safepoint    ] Total time for which application threads were stopped: 0.0009277 seconds, Stopping threads took: 0.0004420 seconds
[2022-06-13T01:48:53.505+0000][1][safepoint    ] Application time: 0.0022881 seconds
[2022-06-13T01:48:53.506+0000][1][safepoint    ] Entering safepoint region: RevokeBias
[2022-06-13T01:48:53.507+0000][1][safepoint    ] Leaving safepoint region
[2022-06-13T01:48:53.507+0000][1][safepoint    ] Total time for which application threads were stopped: 0.0014756 seconds, Stopping threads took: 0.0005614 seconds
[2022-06-13T01:48:53.508+0000][1][safepoint    ] Application time: 0.0005067 seconds
[2022-06-13T01:48:53.509+0000][1][safepoint    ] Entering safepoint region: RevokeBias
[2022-06-13T01:48:53.510+0000][1][safepoint    ] Leaving safepoint region
[2022-06-13T01:48:53.510+0000][1][safepoint    ] Total time for which application threads were stopped: 0.0013145 seconds, Stopping threads took: 0.0005557 seconds
[2022-06-13T01:48:53.511+0000][1][safepoint    ] Application time: 0.0003271 seconds
[2022-06-13T01:48:53.511+0000][1][safepoint    ] Entering safepoint region: RevokeBias
[2022-06-13T01:48:53.512+0000][1][safepoint    ] Leaving safepoint region
[2022-06-13T01:48:53.513+0000][1][safepoint    ] Total time for which application threads were stopped: 0.0011474 seconds, Stopping threads took: 0.0004947 seconds
[2022-06-13T01:48:53.515+0000][1][safepoint    ] Application time: 0.0013433 seconds
[2022-06-13T01:48:53.515+0000][1][safepoint    ] Entering safepoint region: RevokeBias
[2022-06-13T01:48:53.516+0000][1][safepoint    ] Leaving safepoint region
[2022-06-13T01:48:53.516+0000][1][safepoint    ] Total time for which application threads were stopped: 0.0008283 seconds, Stopping threads took: 0.0003172 seconds
[2022-06-13T01:48:53.518+0000][1][safepoint    ] Application time: 0.0014293 seconds
[2022-06-13T01:48:53.519+0000][1][safepoint    ] Entering safepoint region: RevokeBias
[2022-06-13T01:48:53.521+0000][1][safepoint    ] Leaving safepoint region
[2022-06-13T01:48:53.521+0000][1][safepoint    ] Total time for which application threads were stopped: 0.0025886 seconds, Stopping threads took: 0.0013012 seconds
[2022-06-13T01:48:53.524+0000][1][safepoint    ] Application time: 0.0026488 seconds
[2022-06-13T01:48:53.525+0000][1][safepoint    ] Entering safepoint region: RevokeBias
[2022-06-13T01:48:53.525+0000][1][safepoint    ] Leaving safepoint region
[2022-06-13T01:48:53.526+0000][1][safepoint    ] Total time for which application threads were stopped: 0.0014094 seconds, Stopping threads took: 0.0004861 seconds
[2022-06-13T01:48:53.527+0000][1][safepoint    ] Application time: 0.0004372 seconds
[2022-06-13T01:48:53.528+0000][1][safepoint    ] Entering safepoint region: RevokeBias
[2022-06-13T01:48:53.528+0000][1][safepoint    ] Leaving safepoint region
[2022-06-13T01:48:53.528+0000][1][safepoint    ] Total time for which application threads were stopped: 0.0009630 seconds, Stopping threads took: 0.0004329 seconds
[2022-06-13T01:48:53.530+0000][1][safepoint    ] Application time: 0.0010897 seconds
[2022-06-13T01:48:53.531+0000][1][safepoint    ] Entering safepoint region: RevokeBias
[2022-06-13T01:48:53.532+0000][1][safepoint    ] Leaving safepoint region
[2022-06-13T01:48:53.532+0000][1][safepoint    ] Total time for which application threads were stopped: 0.0016304 seconds, Stopping threads took: 0.0008301 seconds
[2022-06-13T01:48:53.535+0000][1][safepoint    ] Application time: 0.0024514 seconds
[2022-06-13T01:48:53.536+0000][1][safepoint    ] Entering safepoint region: RevokeBias
[2022-06-13T01:48:53.537+0000][1][safepoint    ] Leaving safepoint region
[2022-06-13T01:48:53.537+0000][1][safepoint    ] Total time for which application threads were stopped: 0.0014489 seconds, Stopping threads took: 0.0007524 seconds
[2022-06-13T01:48:53.539+0000][1][safepoint    ] Application time: 0.0011679 seconds
[2022-06-13T01:48:53.540+0000][1][safepoint    ] Entering safepoint region: RevokeBias
[2022-06-13T01:48:53.541+0000][1][safepoint    ] Leaving safepoint region
[2022-06-13T01:48:53.541+0000][1][safepoint    ] Total time for which application threads were stopped: 0.0015328 seconds, Stopping threads took: 0.0007055 seconds
[2022-06-13T01:48:53.543+0000][1][safepoint    ] Application time: 0.0015320 seconds
[2022-06-13T01:48:53.544+0000][1][safepoint    ] Entering safepoint region: RevokeBias
[2022-06-13T01:48:53.544+0000][1][safepoint    ] Leaving safepoint region
[2022-06-13T01:48:53.545+0000][1][safepoint    ] Total time for which application threads were stopped: 0.0009708 seconds, Stopping threads took: 0.0004052 seconds
[2022-06-13T01:48:53.546+0000][1][safepoint    ] Application time: 0.0004602 seconds
[2022-06-13T01:48:53.547+0000][1][safepoint    ] Entering safepoint region: RevokeBias
[2022-06-13T01:48:53.547+0000][1][safepoint    ] Leaving safepoint region
[2022-06-13T01:48:53.548+0000][1][safepoint    ] Total time for which application threads were stopped: 0.0008528 seconds, Stopping threads took: 0.0003425 seconds
[2022-06-13T01:48:53.550+0000][1][safepoint    ] Application time: 0.0014463 seconds
[2022-06-13T01:48:53.550+0000][1][safepoint    ] Entering safepoint region: RevokeBias
[2022-06-13T01:48:53.551+0000][1][safepoint    ] Leaving safepoint region
[2022-06-13T01:48:53.552+0000][1][safepoint    ] Total time for which application threads were stopped: 0.0015643 seconds, Stopping threads took: 0.0007183 seconds
[2022-06-13T01:48:53.552+0000][1][safepoint    ] Application time: 0.0002882 seconds
[2022-06-13T01:48:53.553+0000][1][safepoint    ] Entering safepoint region: RevokeBias
[2022-06-13T01:48:53.553+0000][1][safepoint    ] Leaving safepoint region
[2022-06-13T01:48:53.554+0000][1][safepoint    ] Total time for which application threads were stopped: 0.0010407 seconds, Stopping threads took: 0.0007095 seconds
[2022-06-13T01:48:53.555+0000][1][safepoint    ] Application time: 0.0012005 seconds
[2022-06-13T01:48:53.556+0000][1][safepoint    ] Entering safepoint region: RevokeBias
[2022-06-13T01:48:53.556+0000][1][safepoint    ] Leaving safepoint region
[2022-06-13T01:48:53.557+0000][1][safepoint    ] Total time for which application threads were stopped: 0.0010514 seconds, Stopping threads took: 0.0004745 seconds
[2022-06-13T01:48:53.558+0000][1][safepoint    ] Application time: 0.0004085 seconds
[2022-06-13T01:48:53.558+0000][1][safepoint    ] Entering safepoint region: RevokeBias
[2022-06-13T01:48:53.560+0000][1][safepoint    ] Leaving safepoint region
[2022-06-13T01:48:53.560+0000][1][safepoint    ] Total time for which application threads were stopped: 0.0019018 seconds, Stopping threads took: 0.0005111 seconds
[2022-06-13T01:48:53.562+0000][1][safepoint    ] Application time: 0.0011469 seconds
[2022-06-13T01:48:53.562+0000][1][safepoint    ] Entering safepoint region: RevokeBias
[2022-06-13T01:48:53.562+0000][1][safepoint    ] Leaving safepoint region
[2022-06-13T01:48:53.563+0000][1][safepoint    ] Total time for which application threads were stopped: 0.0009454 seconds, Stopping threads took: 0.0002622 seconds
[2022-06-13T01:48:53.564+0000][1][safepoint    ] Application time: 0.0002181 seconds
[2022-06-13T01:48:53.564+0000][1][safepoint    ] Entering safepoint region: RevokeBias
[2022-06-13T01:48:53.565+0000][1][safepoint    ] Leaving safepoint region
[2022-06-13T01:48:53.565+0000][1][safepoint    ] Total time for which application threads were stopped: 0.0009459 seconds, Stopping threads took: 0.0004252 seconds
[2022-06-13T01:48:53.566+0000][1][safepoint    ] Application time: 0.0006455 seconds
[2022-06-13T01:48:53.566+0000][1][safepoint    ] Entering safepoint region: RevokeBias
[2022-06-13T01:48:53.567+0000][1][safepoint    ] Leaving safepoint region
[2022-06-13T01:48:53.568+0000][1][safepoint    ] Total time for which application threads were stopped: 0.0015338 seconds, Stopping threads took: 0.0007231 seconds
[2022-06-13T01:48:53.569+0000][1][safepoint    ] Application time: 0.0002502 seconds
[2022-06-13T01:48:53.569+0000][1][safepoint    ] Entering safepoint region: RevokeBias
[2022-06-13T01:48:53.570+0000][1][safepoint    ] Leaving safepoint region
[2022-06-13T01:48:53.571+0000][1][safepoint    ] Total time for which application threads were stopped: 0.0014065 seconds, Stopping threads took: 0.0006330 seconds
[2022-06-13T01:48:53.572+0000][1][safepoint    ] Application time: 0.0009295 seconds
[2022-06-13T01:48:53.573+0000][1][safepoint    ] Entering safepoint region: RevokeBias
[2022-06-13T01:48:53.573+0000][1][safepoint    ] Leaving safepoint region
[2022-06-13T01:48:53.574+0000][1][safepoint    ] Total time for which application threads were stopped: 0.0012259 seconds, Stopping threads took: 0.0005511 seconds
[2022-06-13T01:48:53.575+0000][1][safepoint    ] Application time: 0.0007235 seconds
[2022-06-13T01:48:53.576+0000][1][safepoint    ] Entering safepoint region: RevokeBias
[2022-06-13T01:48:53.576+0000][1][safepoint    ] Leaving safepoint region
[2022-06-13T01:48:53.577+0000][1][safepoint    ] Total time for which application threads were stopped: 0.0009977 seconds, Stopping threads took: 0.0004101 seconds
[2022-06-13T01:48:53.578+0000][1][safepoint    ] Application time: 0.0007260 seconds
[2022-06-13T01:48:53.579+0000][1][safepoint    ] Entering safepoint region: RevokeBias
[2022-06-13T01:48:53.579+0000][1][safepoint    ] Leaving safepoint region
[2022-06-13T01:48:53.580+0000][1][safepoint    ] Total time for which application threads were stopped: 0.0014858 seconds, Stopping threads took: 0.0003617 seconds
[2022-06-13T01:48:53.582+0000][1][safepoint    ] Application time: 0.0005463 seconds
[2022-06-13T01:48:53.582+0000][1][safepoint    ] Entering safepoint region: RevokeBias
[2022-06-13T01:48:53.583+0000][1][safepoint    ] Leaving safepoint region
[2022-06-13T01:48:53.583+0000][1][safepoint    ] Total time for which application threads were stopped: 0.0008074 seconds, Stopping threads took: 0.0003760 seconds
[2022-06-13T01:48:53.584+0000][1][safepoint    ] Application time: 0.0001974 seconds
[2022-06-13T01:48:53.584+0000][1][safepoint    ] Entering safepoint region: RevokeBias
[2022-06-13T01:48:53.585+0000][1][safepoint    ] Leaving safepoint region
[2022-06-13T01:48:53.585+0000][1][safepoint    ] Total time for which application threads were stopped: 0.0011828 seconds, Stopping threads took: 0.0005513 seconds
[2022-06-13T01:48:53.589+0000][1][safepoint    ] Application time: 0.0031948 seconds
[2022-06-13T01:48:53.590+0000][1][safepoint    ] Entering safepoint region: RevokeBias
[2022-06-13T01:48:53.590+0000][1][safepoint    ] Leaving safepoint region
[2022-06-13T01:48:53.591+0000][1][safepoint    ] Total time for which application threads were stopped: 0.0009245 seconds, Stopping threads took: 0.0004653 seconds
[2022-06-13T01:48:53.874+0000][1][safepoint    ] Application time: 0.2832827 seconds
[2022-06-13T01:48:53.875+0000][1][safepoint    ] Entering safepoint region: RevokeBias
[2022-06-13T01:48:53.875+0000][1][safepoint    ] Leaving safepoint region
[2022-06-13T01:48:53.876+0000][1][safepoint    ] Total time for which application threads were stopped: 0.0010324 seconds, Stopping threads took: 0.0005110 seconds
[2022-06-13T01:48:53.876+0000][1][safepoint    ] Application time: 0.0001917 seconds
[2022-06-13T01:48:53.877+0000][1][safepoint    ] Entering safepoint region: RevokeBias
[2022-06-13T01:48:53.877+0000][1][safepoint    ] Leaving safepoint region
[2022-06-13T01:48:53.877+0000][1][safepoint    ] Total time for which application threads were stopped: 0.0007048 seconds, Stopping threads took: 0.0003561 seconds
[2022-06-13T01:48:53.878+0000][1][safepoint    ] Application time: 0.0005914 seconds
[2022-06-13T01:48:53.879+0000][1][safepoint    ] Entering safepoint region: RevokeBias
[2022-06-13T01:48:53.879+0000][1][safepoint    ] Leaving safepoint region
[2022-06-13T01:48:53.880+0000][1][safepoint    ] Total time for which application threads were stopped: 0.0010174 seconds, Stopping threads took: 0.0003765 seconds
[2022-06-13T01:48:53.880+0000][1][safepoint    ] Application time: 0.0000751 seconds
[2022-06-13T01:48:53.880+0000][1][safepoint    ] Entering safepoint region: RevokeBias
[2022-06-13T01:48:53.881+0000][1][safepoint    ] Leaving safepoint region
[2022-06-13T01:48:53.881+0000][1][safepoint    ] Total time for which application threads were stopped: 0.0007718 seconds, Stopping threads took: 0.0003010 seconds
[2022-06-13T01:48:53.882+0000][1][safepoint    ] Application time: 0.0002443 seconds
[2022-06-13T01:48:53.882+0000][1][safepoint    ] Entering safepoint region: RevokeBias
[2022-06-13T01:48:53.883+0000][1][safepoint    ] Leaving safepoint region
[2022-06-13T01:48:53.883+0000][1][safepoint    ] Total time for which application threads were stopped: 0.0009237 seconds, Stopping threads took: 0.0005054 seconds
[2022-06-13T01:48:53.884+0000][1][safepoint    ] Application time: 0.0003020 seconds
[2022-06-13T01:48:53.884+0000][1][safepoint    ] Entering safepoint region: RevokeBias
[2022-06-13T01:48:53.885+0000][1][safepoint    ] Leaving safepoint region
[2022-06-13T01:48:53.885+0000][1][safepoint    ] Total time for which application threads were stopped: 0.0009997 seconds, Stopping threads took: 0.0006213 seconds
[2022-06-13T01:48:53.886+0000][1][safepoint    ] Application time: 0.0003906 seconds
[2022-06-13T01:48:53.886+0000][1][safepoint    ] Entering safepoint region: RevokeBias
[2022-06-13T01:48:53.887+0000][1][safepoint    ] Leaving safepoint region
[2022-06-13T01:48:53.887+0000][1][safepoint    ] Total time for which application threads were stopped: 0.0012052 seconds, Stopping threads took: 0.0005215 seconds
[2022-06-13T01:48:53.891+0000][1][safepoint    ] Application time: 0.0034285 seconds
[2022-06-13T01:48:53.892+0000][1][safepoint    ] Entering safepoint region: RevokeBias
[2022-06-13T01:48:53.893+0000][1][safepoint    ] Leaving safepoint region
[2022-06-13T01:48:53.893+0000][1][safepoint    ] Total time for which application threads were stopped: 0.0011195 seconds, Stopping threads took: 0.0006687 seconds
[2022-06-13T01:48:53.894+0000][1][safepoint    ] Application time: 0.0004662 seconds
[2022-06-13T01:48:53.895+0000][1][safepoint    ] Entering safepoint region: RevokeBias
[2022-06-13T01:48:53.896+0000][1][safepoint    ] Leaving safepoint region
[2022-06-13T01:48:53.896+0000][1][safepoint    ] Total time for which application threads were stopped: 0.0011922 seconds, Stopping threads took: 0.0007821 seconds
[2022-06-13T01:48:53.897+0000][1][safepoint    ] Application time: 0.0003364 seconds
[2022-06-13T01:48:53.898+0000][1][safepoint    ] Entering safepoint region: RevokeBias
[2022-06-13T01:48:53.898+0000][1][safepoint    ] Leaving safepoint region
[2022-06-13T01:48:53.899+0000][1][safepoint    ] Total time for which application threads were stopped: 0.0009462 seconds, Stopping threads took: 0.0005738 seconds
[2022-06-13T01:48:53.899+0000][1][safepoint    ] Application time: 0.0002406 seconds
[2022-06-13T01:48:53.900+0000][1][safepoint    ] Entering safepoint region: RevokeBias
[2022-06-13T01:48:53.900+0000][1][safepoint    ] Leaving safepoint region
[2022-06-13T01:48:53.903+0000][1][safepoint    ] Total time for which application threads were stopped: 0.0035448 seconds, Stopping threads took: 0.0003700 seconds
[2022-06-13T01:48:53.904+0000][1][safepoint    ] Application time: 0.0002760 seconds
[2022-06-13T01:48:53.904+0000][1][safepoint    ] Entering safepoint region: RevokeBias
[2022-06-13T01:48:53.905+0000][1][safepoint    ] Leaving safepoint region
[2022-06-13T01:48:53.905+0000][1][safepoint    ] Total time for which application threads were stopped: 0.0011659 seconds, Stopping threads took: 0.0007522 seconds
[2022-06-13T01:48:53.906+0000][1][safepoint    ] Application time: 0.0001788 seconds
[2022-06-13T01:48:53.907+0000][1][safepoint    ] Entering safepoint region: BulkRevokeBias
[2022-06-13T01:48:53.907+0000][1][safepoint    ] Leaving safepoint region
[2022-06-13T01:48:53.908+0000][1][safepoint    ] Total time for which application threads were stopped: 0.0015555 seconds, Stopping threads took: 0.0006553 seconds
[2022-06-13T01:48:53.913+0000][1][safepoint    ] Application time: 0.0047324 seconds
[2022-06-13T01:48:53.914+0000][1][safepoint    ] Entering safepoint region: RevokeBias
[2022-06-13T01:48:53.915+0000][1][safepoint    ] Leaving safepoint region
[2022-06-13T01:48:53.916+0000][1][safepoint    ] Total time for which application threads were stopped: 0.0014571 seconds, Stopping threads took: 0.0007772 seconds
[2022-06-13T01:48:53.926+0000][1][safepoint    ] Application time: 0.0094664 seconds
[2022-06-13T01:48:53.926+0000][1][safepoint    ] Entering safepoint region: RevokeBias
[2022-06-13T01:48:53.926+0000][1][safepoint    ] Leaving safepoint region
[2022-06-13T01:48:53.927+0000][1][safepoint    ] Total time for which application threads were stopped: 0.0007858 seconds, Stopping threads took: 0.0003708 seconds
[2022-06-13T01:48:53.927+0000][1][safepoint    ] Application time: 0.0001618 seconds
[2022-06-13T01:48:53.928+0000][1][safepoint    ] Entering safepoint region: RevokeBias
[2022-06-13T01:48:53.929+0000][1][safepoint    ] Leaving safepoint region
[2022-06-13T01:48:53.929+0000][1][safepoint    ] Total time for which application threads were stopped: 0.0012463 seconds, Stopping threads took: 0.0008639 seconds
[2022-06-13T01:48:53.930+0000][1][safepoint    ] Application time: 0.0004752 seconds
[2022-06-13T01:48:53.931+0000][1][safepoint    ] Entering safepoint region: RevokeBias
[2022-06-13T01:48:53.931+0000][1][safepoint    ] Leaving safepoint region
[2022-06-13T01:48:53.931+0000][1][safepoint    ] Total time for which application threads were stopped: 0.0005417 seconds, Stopping threads took: 0.0002905 seconds
[2022-06-13T01:48:53.933+0000][1][safepoint    ] Application time: 0.0008442 seconds
[2022-06-13T01:48:53.933+0000][1][safepoint    ] Entering safepoint region: RevokeBias
[2022-06-13T01:48:53.933+0000][1][safepoint    ] Leaving safepoint region
[2022-06-13T01:48:53.934+0000][1][safepoint    ] Total time for which application threads were stopped: 0.0006728 seconds, Stopping threads took: 0.0003629 seconds
[2022-06-13T01:48:53.936+0000][1][safepoint    ] Application time: 0.0018893 seconds
[2022-06-13T01:48:53.936+0000][1][safepoint    ] Entering safepoint region: RevokeBias
[2022-06-13T01:48:53.936+0000][1][safepoint    ] Leaving safepoint region
[2022-06-13T01:48:53.937+0000][1][safepoint    ] Total time for which application threads were stopped: 0.0007811 seconds, Stopping threads took: 0.0002522 seconds
[2022-06-13T01:48:53.938+0000][1][safepoint    ] Application time: 0.0005567 seconds
[2022-06-13T01:48:53.939+0000][1][safepoint    ] Entering safepoint region: RevokeBias
[2022-06-13T01:48:53.939+0000][1][safepoint    ] Leaving safepoint region
[2022-06-13T01:48:53.940+0000][1][safepoint    ] Total time for which application threads were stopped: 0.0011342 seconds, Stopping threads took: 0.0007387 seconds
[2022-06-13T01:48:53.942+0000][1][safepoint    ] Application time: 0.0023848 seconds
[2022-06-13T01:48:53.942+0000][1][safepoint    ] Entering safepoint region: RevokeBias
[2022-06-13T01:48:53.943+0000][1][safepoint    ] Leaving safepoint region
[2022-06-13T01:48:53.943+0000][1][safepoint    ] Total time for which application threads were stopped: 0.0006655 seconds, Stopping threads took: 0.0003318 seconds
[2022-06-13T01:48:53.944+0000][1][safepoint    ] Application time: 0.0005634 seconds
[2022-06-13T01:48:53.944+0000][1][safepoint    ] Entering safepoint region: RevokeBias
[2022-06-13T01:48:53.945+0000][1][safepoint    ] Leaving safepoint region
[2022-06-13T01:48:53.946+0000][1][safepoint    ] Total time for which application threads were stopped: 0.0013670 seconds, Stopping threads took: 0.0005685 seconds
[2022-06-13T01:48:53.947+0000][1][safepoint    ] Application time: 0.0006107 seconds
[2022-06-13T01:48:53.948+0000][1][safepoint    ] Entering safepoint region: RevokeBias
[2022-06-13T01:48:53.948+0000][1][safepoint    ] Leaving safepoint region
[2022-06-13T01:48:53.948+0000][1][safepoint    ] Total time for which application threads were stopped: 0.0006378 seconds, Stopping threads took: 0.0003076 seconds
[2022-06-13T01:48:53.950+0000][1][safepoint    ] Application time: 0.0015417 seconds
[2022-06-13T01:48:53.950+0000][1][safepoint    ] Entering safepoint region: RevokeBias
[2022-06-13T01:48:53.951+0000][1][safepoint    ] Leaving safepoint region
[2022-06-13T01:48:53.951+0000][1][safepoint    ] Total time for which application threads were stopped: 0.0006156 seconds, Stopping threads took: 0.0002652 seconds
[2022-06-13T01:48:53.954+0000][1][safepoint    ] Application time: 0.0025217 seconds
[2022-06-13T01:48:53.954+0000][1][safepoint    ] Entering safepoint region: RevokeBias
[2022-06-13T01:48:53.955+0000][1][safepoint    ] Leaving safepoint region
[2022-06-13T01:48:53.955+0000][1][safepoint    ] Total time for which application threads were stopped: 0.0007238 seconds, Stopping threads took: 0.0003356 seconds
[2022-06-13T01:48:53.956+0000][1][safepoint    ] Application time: 0.0004877 seconds
[2022-06-13T01:48:53.956+0000][1][safepoint    ] Entering safepoint region: RevokeBias
[2022-06-13T01:48:53.956+0000][1][safepoint    ] Leaving safepoint region
[2022-06-13T01:48:53.956+0000][1][safepoint    ] Total time for which application threads were stopped: 0.0004746 seconds, Stopping threads took: 0.0001598 seconds
[2022-06-13T01:48:53.961+0000][1][gc,heap,exit ] Heap
[2022-06-13T01:48:53.961+0000][1][gc,heap,exit ]  par new generation   total 78656K, used 58901K [0x00000000f0000000, 0x00000000f5550000, 0x00000000f5550000)
[2022-06-13T01:48:53.962+0000][1][gc,heap,exit ]   eden space 69952K,  81% used [0x00000000f0000000, 0x00000000f37a0e38, 0x00000000f4450000)
[2022-06-13T01:48:53.962+0000][1][gc,heap,exit ]   from space 8704K,  22% used [0x00000000f4450000, 0x00000000f4634928, 0x00000000f4cd0000)
[2022-06-13T01:48:53.962+0000][1][gc,heap,exit ]   to   space 8704K,   0% used [0x00000000f4cd0000, 0x00000000f4cd0000, 0x00000000f5550000)
[2022-06-13T01:48:53.963+0000][1][gc,heap,exit ]  concurrent mark-sweep generation total 174784K, used 67848K [0x00000000f5550000, 0x0000000100000000, 0x0000000100000000)
[2022-06-13T01:48:53.963+0000][1][gc,heap,exit ]  Metaspace       used 65499K, capacity 70407K, committed 70620K, reserved 1110016K
[2022-06-13T01:48:53.963+0000][1][gc,heap,exit ]   class space    used 8775K, capacity 10831K, committed 10896K, reserved 1048576K
[2022-06-13T01:48:53.964+0000][1][safepoint    ] Application time: 0.0072485 seconds
[2022-06-13T01:48:53.964+0000][1][safepoint    ] Entering safepoint region: Exit
