[2022-06-13T03:32:58.136+0000][1][gc] Using Concurrent Mark Sweep
[2022-06-13T03:32:58.137+0000][1][gc,heap,coops] Heap address: 0x00000000f0000000, size: 256 MB, Compressed Oops mode: 32-bit
[2022-06-13T03:32:58.166+0000][1][safepoint    ] Entering safepoint region: EnableBiasedLocking
[2022-06-13T03:32:58.166+0000][1][safepoint    ] Leaving safepoint region
[2022-06-13T03:32:58.166+0000][1][safepoint    ] Total time for which application threads were stopped: 0.0005336 seconds, Stopping threads took: 0.0002831 seconds
[2022-06-13T03:32:58.168+0000][1][safepoint    ] Application time: 0.0018428 seconds
[2022-06-13T03:32:58.169+0000][1][safepoint    ] Entering safepoint region: RevokeBias
[2022-06-13T03:32:58.192+0000][1][safepoint    ] Leaving safepoint region
[2022-06-13T03:32:58.192+0000][1][safepoint    ] Total time for which application threads were stopped: 0.0236239 seconds, Stopping threads took: 0.0233759 seconds
[2022-06-13T03:32:58.200+0000][1][safepoint    ] Application time: 0.0079850 seconds
[2022-06-13T03:32:58.200+0000][1][safepoint    ] Entering safepoint region: Deoptimize
[2022-06-13T03:32:58.200+0000][1][safepoint    ] Leaving safepoint region
[2022-06-13T03:32:58.201+0000][1][safepoint    ] Total time for which application threads were stopped: 0.0002435 seconds, Stopping threads took: 0.0001012 seconds
[2022-06-13T03:32:58.260+0000][1][safepoint    ] Application time: 0.0588537 seconds
[2022-06-13T03:32:58.260+0000][1][safepoint    ] Entering safepoint region: RevokeBias
[2022-06-13T03:32:58.261+0000][1][safepoint    ] Leaving safepoint region
[2022-06-13T03:32:58.261+0000][1][safepoint    ] Total time for which application threads were stopped: 0.0004221 seconds, Stopping threads took: 0.0001793 seconds
[2022-06-13T03:32:58.282+0000][1][safepoint    ] Application time: 0.0214759 seconds
[2022-06-13T03:32:58.283+0000][1][safepoint    ] Entering safepoint region: Deoptimize
[2022-06-13T03:32:58.283+0000][1][safepoint    ] Leaving safepoint region
[2022-06-13T03:32:58.283+0000][1][safepoint    ] Total time for which application threads were stopped: 0.0004119 seconds, Stopping threads took: 0.0001812 seconds
[2022-06-13T03:32:58.493+0000][1][safepoint    ] Application time: 0.2099802 seconds
[2022-06-13T03:32:58.493+0000][1][safepoint    ] Entering safepoint region: Deoptimize
[2022-06-13T03:32:58.494+0000][1][safepoint    ] Leaving safepoint region
[2022-06-13T03:32:58.494+0000][1][safepoint    ] Total time for which application threads were stopped: 0.0005244 seconds, Stopping threads took: 0.0001804 seconds
[2022-06-13T03:32:58.508+0000][1][safepoint    ] Application time: 0.0140669 seconds
[2022-06-13T03:32:58.508+0000][1][safepoint    ] Entering safepoint region: Deoptimize
[2022-06-13T03:32:58.508+0000][1][safepoint    ] Leaving safepoint region
[2022-06-13T03:32:58.508+0000][1][safepoint    ] Total time for which application threads were stopped: 0.0003334 seconds, Stopping threads took: 0.0001060 seconds
[2022-06-13T03:32:58.547+0000][1][safepoint    ] Application time: 0.0382966 seconds
[2022-06-13T03:32:58.547+0000][1][safepoint    ] Entering safepoint region: Deoptimize
[2022-06-13T03:32:58.547+0000][1][safepoint    ] Leaving safepoint region
[2022-06-13T03:32:58.548+0000][1][safepoint    ] Total time for which application threads were stopped: 0.0005217 seconds, Stopping threads took: 0.0001843 seconds
[2022-06-13T03:32:58.556+0000][1][safepoint    ] Application time: 0.0077245 seconds
[2022-06-13T03:32:58.556+0000][1][safepoint    ] Entering safepoint region: Deoptimize
[2022-06-13T03:32:58.556+0000][1][safepoint    ] Leaving safepoint region
[2022-06-13T03:32:58.556+0000][1][safepoint    ] Total time for which application threads were stopped: 0.0004123 seconds, Stopping threads took: 0.0001575 seconds
[2022-06-13T03:32:58.820+0000][1][safepoint    ] Application time: 0.2632637 seconds
[2022-06-13T03:32:58.820+0000][1][safepoint    ] Entering safepoint region: Deoptimize
[2022-06-13T03:32:58.820+0000][1][safepoint    ] Leaving safepoint region
[2022-06-13T03:32:58.820+0000][1][safepoint    ] Total time for which application threads were stopped: 0.0004814 seconds, Stopping threads took: 0.0001224 seconds
[2022-06-13T03:32:59.005+0000][1][safepoint    ] Application time: 0.1840769 seconds
[2022-06-13T03:32:59.005+0000][1][safepoint    ] Entering safepoint region: RevokeBias
[2022-06-13T03:32:59.005+0000][1][safepoint    ] Leaving safepoint region
[2022-06-13T03:32:59.005+0000][1][safepoint    ] Total time for which application threads were stopped: 0.0003976 seconds, Stopping threads took: 0.0001739 seconds
[2022-06-13T03:32:59.079+0000][1][safepoint    ] Application time: 0.0735662 seconds
[2022-06-13T03:32:59.079+0000][1][safepoint    ] Entering safepoint region: Deoptimize
[2022-06-13T03:32:59.080+0000][1][safepoint    ] Leaving safepoint region
[2022-06-13T03:32:59.080+0000][1][safepoint    ] Total time for which application threads were stopped: 0.0006613 seconds, Stopping threads took: 0.0002122 seconds
[2022-06-13T03:32:59.169+0000][1][safepoint    ] Application time: 0.0889084 seconds
[2022-06-13T03:32:59.169+0000][1][safepoint    ] Entering safepoint region: Deoptimize
[2022-06-13T03:32:59.170+0000][1][safepoint    ] Leaving safepoint region
[2022-06-13T03:32:59.170+0000][1][safepoint    ] Total time for which application threads were stopped: 0.0007202 seconds, Stopping threads took: 0.0002112 seconds
[2022-06-13T03:32:59.170+0000][1][safepoint    ] Application time: 0.0001974 seconds
[2022-06-13T03:32:59.171+0000][1][safepoint    ] Entering safepoint region: Deoptimize
[2022-06-13T03:32:59.171+0000][1][safepoint    ] Leaving safepoint region
[2022-06-13T03:32:59.171+0000][1][safepoint    ] Total time for which application threads were stopped: 0.0004917 seconds, Stopping threads took: 0.0001614 seconds
[2022-06-13T03:32:59.197+0000][1][safepoint    ] Application time: 0.0259435 seconds
[2022-06-13T03:32:59.198+0000][1][safepoint    ] Entering safepoint region: Deoptimize
[2022-06-13T03:32:59.198+0000][1][safepoint    ] Leaving safepoint region
[2022-06-13T03:32:59.198+0000][1][safepoint    ] Total time for which application threads were stopped: 0.0005057 seconds, Stopping threads took: 0.0001406 seconds
[2022-06-13T03:32:59.204+0000][1][safepoint    ] Application time: 0.0054607 seconds
[2022-06-13T03:32:59.204+0000][1][safepoint    ] Entering safepoint region: RevokeBias
[2022-06-13T03:32:59.204+0000][1][safepoint    ] Leaving safepoint region
[2022-06-13T03:32:59.204+0000][1][safepoint    ] Total time for which application threads were stopped: 0.0003182 seconds, Stopping threads took: 0.0001712 seconds
[2022-06-13T03:32:59.204+0000][1][safepoint    ] Application time: 0.0002387 seconds
[2022-06-13T03:32:59.205+0000][1][safepoint    ] Entering safepoint region: RevokeBias
[2022-06-13T03:32:59.205+0000][1][safepoint    ] Leaving safepoint region
[2022-06-13T03:32:59.205+0000][1][safepoint    ] Total time for which application threads were stopped: 0.0003449 seconds, Stopping threads took: 0.0001968 seconds
[2022-06-13T03:32:59.205+0000][1][safepoint    ] Application time: 0.0000799 seconds
[2022-06-13T03:32:59.205+0000][1][safepoint    ] Entering safepoint region: RevokeBias
[2022-06-13T03:32:59.205+0000][1][safepoint    ] Leaving safepoint region
[2022-06-13T03:32:59.206+0000][1][safepoint    ] Total time for which application threads were stopped: 0.0002957 seconds, Stopping threads took: 0.0001383 seconds
[2022-06-13T03:32:59.207+0000][1][safepoint    ] Application time: 0.0009240 seconds
[2022-06-13T03:32:59.207+0000][1][safepoint    ] Entering safepoint region: RevokeBias
[2022-06-13T03:32:59.207+0000][1][safepoint    ] Leaving safepoint region
[2022-06-13T03:32:59.207+0000][1][safepoint    ] Total time for which application threads were stopped: 0.0003222 seconds, Stopping threads took: 0.0001316 seconds
[2022-06-13T03:32:59.207+0000][1][safepoint    ] Application time: 0.0001069 seconds
[2022-06-13T03:32:59.208+0000][1][safepoint    ] Entering safepoint region: RevokeBias
[2022-06-13T03:32:59.208+0000][1][safepoint    ] Leaving safepoint region
[2022-06-13T03:32:59.208+0000][1][safepoint    ] Total time for which application threads were stopped: 0.0003457 seconds, Stopping threads took: 0.0002112 seconds
[2022-06-13T03:32:59.215+0000][1][safepoint    ] Application time: 0.0064730 seconds
[2022-06-13T03:32:59.215+0000][1][safepoint    ] Entering safepoint region: Deoptimize
[2022-06-13T03:32:59.215+0000][1][safepoint    ] Leaving safepoint region
[2022-06-13T03:32:59.215+0000][1][safepoint    ] Total time for which application threads were stopped: 0.0005376 seconds, Stopping threads took: 0.0001509 seconds
[2022-06-13T03:32:59.264+0000][1][safepoint    ] Application time: 0.0483603 seconds
[2022-06-13T03:32:59.264+0000][1][safepoint    ] Entering safepoint region: GenCollectForAllocation
[2022-06-13T03:32:59.265+0000][1][gc,start     ] GC(0) Pause Young (Allocation Failure)
[2022-06-13T03:32:59.265+0000][1][gc,task      ] GC(0) Using 5 workers of 13 for evacuation
[2022-06-13T03:32:59.271+0000][1][gc,age       ] GC(0) Desired survivor size 4456448 bytes, new threshold 1 (max threshold 6)
[2022-06-13T03:32:59.271+0000][1][gc,age       ] GC(0) Age table with threshold 1 (max threshold 6)
[2022-06-13T03:32:59.271+0000][1][gc,age       ] GC(0) - age   1:    7795704 bytes,    7795704 total
[2022-06-13T03:32:59.272+0000][1][gc,heap      ] GC(0) ParNew: 69952K->7715K(78656K)
[2022-06-13T03:32:59.272+0000][1][gc,heap      ] GC(0) CMS: 0K->0K(174784K)
[2022-06-13T03:32:59.272+0000][1][gc,metaspace ] GC(0) Metaspace: 12274K->12274K(1060864K)
[2022-06-13T03:32:59.272+0000][1][gc           ] GC(0) Pause Young (Allocation Failure) 68M->7M(247M) 7.472ms
[2022-06-13T03:32:59.272+0000][1][gc,cpu       ] GC(0) User=0.07s Sys=0.00s Real=0.01s
[2022-06-13T03:32:59.272+0000][1][safepoint    ] Leaving safepoint region
[2022-06-13T03:32:59.272+0000][1][safepoint    ] Total time for which application threads were stopped: 0.0083015 seconds, Stopping threads took: 0.0002807 seconds
[2022-06-13T03:32:59.280+0000][1][safepoint    ] Application time: 0.0069290 seconds
[2022-06-13T03:32:59.289+0000][1][safepoint    ] Entering safepoint region: RevokeBias
[2022-06-13T03:32:59.289+0000][1][safepoint    ] Leaving safepoint region
[2022-06-13T03:32:59.289+0000][1][safepoint    ] Total time for which application threads were stopped: 0.0006876 seconds, Stopping threads took: 0.0003796 seconds
[2022-06-13T03:32:59.290+0000][1][safepoint    ] Application time: 0.0000943 seconds
[2022-06-13T03:32:59.290+0000][1][safepoint    ] Entering safepoint region: RevokeBias
[2022-06-13T03:32:59.290+0000][1][safepoint    ] Leaving safepoint region
[2022-06-13T03:32:59.290+0000][1][safepoint    ] Total time for which application threads were stopped: 0.0004158 seconds, Stopping threads took: 0.0002377 seconds
[2022-06-13T03:32:59.290+0000][1][safepoint    ] Application time: 0.0001048 seconds
[2022-06-13T03:32:59.291+0000][1][safepoint    ] Entering safepoint region: RevokeBias
[2022-06-13T03:32:59.291+0000][1][safepoint    ] Leaving safepoint region
[2022-06-13T03:32:59.291+0000][1][safepoint    ] Total time for which application threads were stopped: 0.0004939 seconds, Stopping threads took: 0.0002479 seconds
[2022-06-13T03:32:59.292+0000][1][safepoint    ] Application time: 0.0000866 seconds
[2022-06-13T03:32:59.292+0000][1][safepoint    ] Entering safepoint region: RevokeBias
[2022-06-13T03:32:59.292+0000][1][safepoint    ] Leaving safepoint region
[2022-06-13T03:32:59.292+0000][1][safepoint    ] Total time for which application threads were stopped: 0.0003470 seconds, Stopping threads took: 0.0001949 seconds
[2022-06-13T03:32:59.292+0000][1][safepoint    ] Application time: 0.0000558 seconds
[2022-06-13T03:32:59.293+0000][1][safepoint    ] Entering safepoint region: RevokeBias
[2022-06-13T03:32:59.293+0000][1][safepoint    ] Leaving safepoint region
[2022-06-13T03:32:59.293+0000][1][safepoint    ] Total time for which application threads were stopped: 0.0004396 seconds, Stopping threads took: 0.0002796 seconds
[2022-06-13T03:32:59.293+0000][1][safepoint    ] Application time: 0.0000378 seconds
[2022-06-13T03:32:59.293+0000][1][safepoint    ] Entering safepoint region: RevokeBias
[2022-06-13T03:32:59.293+0000][1][safepoint    ] Leaving safepoint region
[2022-06-13T03:32:59.294+0000][1][safepoint    ] Total time for which application threads were stopped: 0.0003182 seconds, Stopping threads took: 0.0001534 seconds
[2022-06-13T03:32:59.294+0000][1][safepoint    ] Application time: 0.0000542 seconds
[2022-06-13T03:32:59.294+0000][1][safepoint    ] Entering safepoint region: RevokeBias
[2022-06-13T03:32:59.294+0000][1][safepoint    ] Leaving safepoint region
[2022-06-13T03:32:59.294+0000][1][safepoint    ] Total time for which application threads were stopped: 0.0002544 seconds, Stopping threads took: 0.0001201 seconds
[2022-06-13T03:32:59.294+0000][1][safepoint    ] Application time: 0.0000366 seconds
[2022-06-13T03:32:59.295+0000][1][safepoint    ] Entering safepoint region: RevokeBias
[2022-06-13T03:32:59.295+0000][1][safepoint    ] Leaving safepoint region
[2022-06-13T03:32:59.295+0000][1][safepoint    ] Total time for which application threads were stopped: 0.0003211 seconds, Stopping threads took: 0.0001383 seconds
[2022-06-13T03:32:59.295+0000][1][safepoint    ] Application time: 0.0000574 seconds
[2022-06-13T03:32:59.295+0000][1][safepoint    ] Entering safepoint region: RevokeBias
[2022-06-13T03:32:59.296+0000][1][safepoint    ] Leaving safepoint region
[2022-06-13T03:32:59.296+0000][1][safepoint    ] Total time for which application threads were stopped: 0.0003301 seconds, Stopping threads took: 0.0001517 seconds
[2022-06-13T03:32:59.296+0000][1][safepoint    ] Application time: 0.0000695 seconds
[2022-06-13T03:32:59.296+0000][1][safepoint    ] Entering safepoint region: RevokeBias
[2022-06-13T03:32:59.296+0000][1][safepoint    ] Leaving safepoint region
[2022-06-13T03:32:59.296+0000][1][safepoint    ] Total time for which application threads were stopped: 0.0003705 seconds, Stopping threads took: 0.0002024 seconds
[2022-06-13T03:32:59.297+0000][1][safepoint    ] Application time: 0.0000528 seconds
[2022-06-13T03:32:59.297+0000][1][safepoint    ] Entering safepoint region: RevokeBias
[2022-06-13T03:32:59.297+0000][1][safepoint    ] Leaving safepoint region
[2022-06-13T03:32:59.297+0000][1][safepoint    ] Total time for which application threads were stopped: 0.0002659 seconds, Stopping threads took: 0.0001297 seconds
[2022-06-13T03:32:59.297+0000][1][safepoint    ] Application time: 0.0000213 seconds
[2022-06-13T03:32:59.298+0000][1][safepoint    ] Entering safepoint region: RevokeBias
[2022-06-13T03:32:59.298+0000][1][safepoint    ] Leaving safepoint region
[2022-06-13T03:32:59.298+0000][1][safepoint    ] Total time for which application threads were stopped: 0.0003043 seconds, Stopping threads took: 0.0001504 seconds
[2022-06-13T03:32:59.298+0000][1][safepoint    ] Application time: 0.0000326 seconds
[2022-06-13T03:32:59.298+0000][1][safepoint    ] Entering safepoint region: RevokeBias
[2022-06-13T03:32:59.298+0000][1][safepoint    ] Leaving safepoint region
[2022-06-13T03:32:59.298+0000][1][safepoint    ] Total time for which application threads were stopped: 0.0002220 seconds, Stopping threads took: 0.0000989 seconds
[2022-06-13T03:32:59.298+0000][1][safepoint    ] Application time: 0.0000169 seconds
[2022-06-13T03:32:59.298+0000][1][safepoint    ] Entering safepoint region: RevokeBias
[2022-06-13T03:32:59.299+0000][1][safepoint    ] Leaving safepoint region
[2022-06-13T03:32:59.299+0000][1][safepoint    ] Total time for which application threads were stopped: 0.0002434 seconds, Stopping threads took: 0.0000883 seconds
[2022-06-13T03:32:59.299+0000][1][safepoint    ] Application time: 0.0000332 seconds
[2022-06-13T03:32:59.299+0000][1][safepoint    ] Entering safepoint region: RevokeBias
[2022-06-13T03:32:59.299+0000][1][safepoint    ] Leaving safepoint region
[2022-06-13T03:32:59.299+0000][1][safepoint    ] Total time for which application threads were stopped: 0.0002648 seconds, Stopping threads took: 0.0001138 seconds
[2022-06-13T03:32:59.299+0000][1][safepoint    ] Application time: 0.0000452 seconds
[2022-06-13T03:32:59.300+0000][1][safepoint    ] Entering safepoint region: RevokeBias
[2022-06-13T03:32:59.300+0000][1][safepoint    ] Leaving safepoint region
[2022-06-13T03:32:59.300+0000][1][safepoint    ] Total time for which application threads were stopped: 0.0003585 seconds, Stopping threads took: 0.0002159 seconds
[2022-06-13T03:32:59.300+0000][1][safepoint    ] Application time: 0.0000623 seconds
[2022-06-13T03:32:59.301+0000][1][safepoint    ] Entering safepoint region: RevokeBias
[2022-06-13T03:32:59.301+0000][1][safepoint    ] Leaving safepoint region
[2022-06-13T03:32:59.301+0000][1][safepoint    ] Total time for which application threads were stopped: 0.0003625 seconds, Stopping threads took: 0.0002235 seconds
[2022-06-13T03:32:59.301+0000][1][safepoint    ] Application time: 0.0000755 seconds
[2022-06-13T03:32:59.301+0000][1][safepoint    ] Entering safepoint region: RevokeBias
[2022-06-13T03:32:59.301+0000][1][safepoint    ] Leaving safepoint region
[2022-06-13T03:32:59.301+0000][1][safepoint    ] Total time for which application threads were stopped: 0.0002285 seconds, Stopping threads took: 0.0001039 seconds
[2022-06-13T03:32:59.304+0000][1][safepoint    ] Application time: 0.0025210 seconds
[2022-06-13T03:32:59.304+0000][1][safepoint    ] Entering safepoint region: RevokeBias
[2022-06-13T03:32:59.304+0000][1][safepoint    ] Leaving safepoint region
[2022-06-13T03:32:59.305+0000][1][safepoint    ] Total time for which application threads were stopped: 0.0005176 seconds, Stopping threads took: 0.0002581 seconds
[2022-06-13T03:32:59.305+0000][1][safepoint    ] Application time: 0.0000923 seconds
[2022-06-13T03:32:59.305+0000][1][safepoint    ] Entering safepoint region: RevokeBias
[2022-06-13T03:32:59.306+0000][1][safepoint    ] Leaving safepoint region
[2022-06-13T03:32:59.306+0000][1][safepoint    ] Total time for which application threads were stopped: 0.0008453 seconds, Stopping threads took: 0.0006714 seconds
[2022-06-13T03:32:59.306+0000][1][safepoint    ] Application time: 0.0001226 seconds
[2022-06-13T03:32:59.306+0000][1][safepoint    ] Entering safepoint region: RevokeBias
[2022-06-13T03:32:59.306+0000][1][safepoint    ] Leaving safepoint region
[2022-06-13T03:32:59.307+0000][1][safepoint    ] Total time for which application threads were stopped: 0.0003111 seconds, Stopping threads took: 0.0001465 seconds
[2022-06-13T03:32:59.307+0000][1][safepoint    ] Application time: 0.0000930 seconds
[2022-06-13T03:32:59.307+0000][1][safepoint    ] Entering safepoint region: RevokeBias
[2022-06-13T03:32:59.307+0000][1][safepoint    ] Leaving safepoint region
[2022-06-13T03:32:59.307+0000][1][safepoint    ] Total time for which application threads were stopped: 0.0003931 seconds, Stopping threads took: 0.0002080 seconds
[2022-06-13T03:32:59.308+0000][1][safepoint    ] Application time: 0.0007108 seconds
[2022-06-13T03:32:59.309+0000][1][safepoint    ] Entering safepoint region: RevokeBias
[2022-06-13T03:32:59.309+0000][1][safepoint    ] Leaving safepoint region
[2022-06-13T03:32:59.309+0000][1][safepoint    ] Total time for which application threads were stopped: 0.0003832 seconds, Stopping threads took: 0.0002280 seconds
[2022-06-13T03:32:59.309+0000][1][safepoint    ] Application time: 0.0000378 seconds
[2022-06-13T03:32:59.309+0000][1][safepoint    ] Entering safepoint region: RevokeBias
[2022-06-13T03:32:59.309+0000][1][safepoint    ] Leaving safepoint region
[2022-06-13T03:32:59.310+0000][1][safepoint    ] Total time for which application threads were stopped: 0.0002912 seconds, Stopping threads took: 0.0001445 seconds
[2022-06-13T03:32:59.310+0000][1][safepoint    ] Application time: 0.0001497 seconds
[2022-06-13T03:32:59.310+0000][1][safepoint    ] Entering safepoint region: RevokeBias
[2022-06-13T03:32:59.310+0000][1][safepoint    ] Leaving safepoint region
[2022-06-13T03:32:59.311+0000][1][safepoint    ] Total time for which application threads were stopped: 0.0003695 seconds, Stopping threads took: 0.0001536 seconds
[2022-06-13T03:32:59.311+0000][1][safepoint    ] Application time: 0.0000785 seconds
[2022-06-13T03:32:59.311+0000][1][safepoint    ] Entering safepoint region: RevokeBias
[2022-06-13T03:32:59.311+0000][1][safepoint    ] Leaving safepoint region
[2022-06-13T03:32:59.311+0000][1][safepoint    ] Total time for which application threads were stopped: 0.0003720 seconds, Stopping threads took: 0.0002135 seconds
[2022-06-13T03:32:59.496+0000][1][safepoint    ] Application time: 0.1847612 seconds
[2022-06-13T03:32:59.496+0000][1][safepoint    ] Entering safepoint region: Deoptimize
[2022-06-13T03:32:59.497+0000][1][safepoint    ] Leaving safepoint region
[2022-06-13T03:32:59.497+0000][1][safepoint    ] Total time for which application threads were stopped: 0.0007419 seconds, Stopping threads took: 0.0001295 seconds
[2022-06-13T03:32:59.679+0000][1][safepoint    ] Application time: 0.1813353 seconds
[2022-06-13T03:32:59.679+0000][1][safepoint    ] Entering safepoint region: RevokeBias
[2022-06-13T03:32:59.680+0000][1][safepoint    ] Leaving safepoint region
[2022-06-13T03:32:59.680+0000][1][safepoint    ] Total time for which application threads were stopped: 0.0006747 seconds, Stopping threads took: 0.0003712 seconds
[2022-06-13T03:32:59.767+0000][1][safepoint    ] Application time: 0.0870968 seconds
[2022-06-13T03:32:59.768+0000][1][safepoint    ] Entering safepoint region: RevokeBias
[2022-06-13T03:32:59.768+0000][1][safepoint    ] Leaving safepoint region
[2022-06-13T03:32:59.768+0000][1][safepoint    ] Total time for which application threads were stopped: 0.0004323 seconds, Stopping threads took: 0.0001685 seconds
[2022-06-13T03:32:59.772+0000][1][safepoint    ] Application time: 0.0034793 seconds
[2022-06-13T03:32:59.780+0000][1][safepoint    ] Entering safepoint region: RevokeBias
[2022-06-13T03:32:59.780+0000][1][safepoint    ] Leaving safepoint region
[2022-06-13T03:32:59.780+0000][1][safepoint    ] Total time for which application threads were stopped: 0.0005306 seconds, Stopping threads took: 0.0002996 seconds
[2022-06-13T03:32:59.806+0000][1][safepoint    ] Application time: 0.0251949 seconds
[2022-06-13T03:32:59.807+0000][1][safepoint    ] Entering safepoint region: GenCollectForAllocation
[2022-06-13T03:32:59.807+0000][1][gc,start     ] GC(1) Pause Young (Allocation Failure)
[2022-06-13T03:32:59.808+0000][1][gc,task      ] GC(1) Using 5 workers of 13 for evacuation
[2022-06-13T03:32:59.830+0000][1][gc,age       ] GC(1) Desired survivor size 4456448 bytes, new threshold 6 (max threshold 6)
[2022-06-13T03:32:59.831+0000][1][gc,age       ] GC(1) Age table with threshold 6 (max threshold 6)
[2022-06-13T03:32:59.831+0000][1][gc,age       ] GC(1) - age   1:    1808736 bytes,    1808736 total
[2022-06-13T03:32:59.831+0000][1][gc,heap      ] GC(1) ParNew: 77667K->6090K(78656K)
[2022-06-13T03:32:59.831+0000][1][gc,heap      ] GC(1) CMS: 0K->6674K(174784K)
[2022-06-13T03:32:59.831+0000][1][gc,metaspace ] GC(1) Metaspace: 14904K->14904K(1062912K)
[2022-06-13T03:32:59.831+0000][1][gc           ] GC(1) Pause Young (Allocation Failure) 75M->12M(247M) 24.046ms
[2022-06-13T03:32:59.832+0000][1][gc,cpu       ] GC(1) User=0.10s Sys=0.00s Real=0.03s
[2022-06-13T03:32:59.832+0000][1][safepoint    ] Leaving safepoint region
[2022-06-13T03:32:59.832+0000][1][safepoint    ] Total time for which application threads were stopped: 0.0249677 seconds, Stopping threads took: 0.0002834 seconds
[2022-06-13T03:32:59.832+0000][1][safepoint    ] Application time: 0.0003093 seconds
[2022-06-13T03:32:59.833+0000][1][safepoint    ] Entering safepoint region: BulkRevokeBias
[2022-06-13T03:32:59.833+0000][1][safepoint    ] Leaving safepoint region
[2022-06-13T03:32:59.833+0000][1][safepoint    ] Total time for which application threads were stopped: 0.0004381 seconds, Stopping threads took: 0.0002116 seconds
[2022-06-13T03:32:59.833+0000][1][safepoint    ] Application time: 0.0001054 seconds
[2022-06-13T03:32:59.833+0000][1][safepoint    ] Entering safepoint region: RevokeBias
[2022-06-13T03:32:59.834+0000][1][safepoint    ] Leaving safepoint region
[2022-06-13T03:32:59.834+0000][1][safepoint    ] Total time for which application threads were stopped: 0.0003384 seconds, Stopping threads took: 0.0001784 seconds
[2022-06-13T03:32:59.834+0000][1][safepoint    ] Application time: 0.0000928 seconds
[2022-06-13T03:32:59.834+0000][1][safepoint    ] Entering safepoint region: RevokeBias
[2022-06-13T03:32:59.834+0000][1][safepoint    ] Leaving safepoint region
[2022-06-13T03:32:59.834+0000][1][safepoint    ] Total time for which application threads were stopped: 0.0003261 seconds, Stopping threads took: 0.0001429 seconds
[2022-06-13T03:32:59.835+0000][1][safepoint    ] Application time: 0.0000773 seconds
[2022-06-13T03:32:59.835+0000][1][safepoint    ] Entering safepoint region: RevokeBias
[2022-06-13T03:32:59.835+0000][1][safepoint    ] Leaving safepoint region
[2022-06-13T03:32:59.835+0000][1][safepoint    ] Total time for which application threads were stopped: 0.0003774 seconds, Stopping threads took: 0.0001764 seconds
[2022-06-13T03:32:59.835+0000][1][safepoint    ] Application time: 0.0000887 seconds
[2022-06-13T03:32:59.835+0000][1][safepoint    ] Entering safepoint region: RevokeBias
[2022-06-13T03:32:59.836+0000][1][safepoint    ] Leaving safepoint region
[2022-06-13T03:32:59.836+0000][1][safepoint    ] Total time for which application threads were stopped: 0.0003296 seconds, Stopping threads took: 0.0001317 seconds
[2022-06-13T03:32:59.836+0000][1][safepoint    ] Application time: 0.0000765 seconds
[2022-06-13T03:32:59.836+0000][1][safepoint    ] Entering safepoint region: RevokeBias
[2022-06-13T03:32:59.836+0000][1][safepoint    ] Leaving safepoint region
[2022-06-13T03:32:59.836+0000][1][safepoint    ] Total time for which application threads were stopped: 0.0003029 seconds, Stopping threads took: 0.0001297 seconds
[2022-06-13T03:32:59.837+0000][1][safepoint    ] Application time: 0.0000840 seconds
[2022-06-13T03:32:59.837+0000][1][safepoint    ] Entering safepoint region: RevokeBias
[2022-06-13T03:32:59.837+0000][1][safepoint    ] Leaving safepoint region
[2022-06-13T03:32:59.837+0000][1][safepoint    ] Total time for which application threads were stopped: 0.0002886 seconds, Stopping threads took: 0.0001258 seconds
[2022-06-13T03:32:59.837+0000][1][safepoint    ] Application time: 0.0000681 seconds
[2022-06-13T03:32:59.837+0000][1][safepoint    ] Entering safepoint region: RevokeBias
[2022-06-13T03:32:59.838+0000][1][safepoint    ] Leaving safepoint region
[2022-06-13T03:32:59.838+0000][1][safepoint    ] Total time for which application threads were stopped: 0.0003218 seconds, Stopping threads took: 0.0001499 seconds
[2022-06-13T03:32:59.842+0000][1][safepoint    ] Application time: 0.0044515 seconds
[2022-06-13T03:32:59.843+0000][1][safepoint    ] Entering safepoint region: RevokeBias
[2022-06-13T03:32:59.843+0000][1][safepoint    ] Leaving safepoint region
[2022-06-13T03:32:59.843+0000][1][safepoint    ] Total time for which application threads were stopped: 0.0003324 seconds, Stopping threads took: 0.0001528 seconds
[2022-06-13T03:32:59.845+0000][1][safepoint    ] Application time: 0.0016031 seconds
[2022-06-13T03:32:59.845+0000][1][safepoint    ] Entering safepoint region: RevokeBias
[2022-06-13T03:32:59.845+0000][1][safepoint    ] Leaving safepoint region
[2022-06-13T03:32:59.845+0000][1][safepoint    ] Total time for which application threads were stopped: 0.0003251 seconds, Stopping threads took: 0.0001616 seconds
[2022-06-13T03:32:59.845+0000][1][safepoint    ] Application time: 0.0001187 seconds
[2022-06-13T03:32:59.845+0000][1][safepoint    ] Entering safepoint region: BulkRevokeBias
[2022-06-13T03:32:59.846+0000][1][safepoint    ] Leaving safepoint region
[2022-06-13T03:32:59.846+0000][1][safepoint    ] Total time for which application threads were stopped: 0.0002988 seconds, Stopping threads took: 0.0001306 seconds
[2022-06-13T03:32:59.846+0000][1][safepoint    ] Application time: 0.0000484 seconds
[2022-06-13T03:32:59.846+0000][1][safepoint    ] Entering safepoint region: RevokeBias
[2022-06-13T03:32:59.846+0000][1][safepoint    ] Leaving safepoint region
[2022-06-13T03:32:59.846+0000][1][safepoint    ] Total time for which application threads were stopped: 0.0002316 seconds, Stopping threads took: 0.0001136 seconds
[2022-06-13T03:32:59.846+0000][1][safepoint    ] Application time: 0.0000558 seconds
[2022-06-13T03:32:59.847+0000][1][safepoint    ] Entering safepoint region: BulkRevokeBias
[2022-06-13T03:32:59.847+0000][1][safepoint    ] Leaving safepoint region
[2022-06-13T03:32:59.847+0000][1][safepoint    ] Total time for which application threads were stopped: 0.0002463 seconds, Stopping threads took: 0.0001069 seconds
[2022-06-13T03:32:59.952+0000][1][safepoint    ] Application time: 0.1049198 seconds
[2022-06-13T03:32:59.952+0000][1][safepoint    ] Entering safepoint region: GenCollectForAllocation
[2022-06-13T03:32:59.952+0000][1][gc,start     ] GC(2) Pause Young (Allocation Failure)
[2022-06-13T03:32:59.953+0000][1][gc,task      ] GC(2) Using 5 workers of 13 for evacuation
[2022-06-13T03:32:59.959+0000][1][gc,age       ] GC(2) Desired survivor size 4456448 bytes, new threshold 6 (max threshold 6)
[2022-06-13T03:32:59.960+0000][1][gc,age       ] GC(2) Age table with threshold 6 (max threshold 6)
[2022-06-13T03:32:59.960+0000][1][gc,age       ] GC(2) - age   1:    2515376 bytes,    2515376 total
[2022-06-13T03:32:59.960+0000][1][gc,age       ] GC(2) - age   2:    1204936 bytes,    3720312 total
[2022-06-13T03:32:59.960+0000][1][gc,heap      ] GC(2) ParNew: 76042K->4447K(78656K)
[2022-06-13T03:32:59.960+0000][1][gc,heap      ] GC(2) CMS: 6674K->6674K(174784K)
[2022-06-13T03:32:59.960+0000][1][gc,metaspace ] GC(2) Metaspace: 15045K->15045K(1062912K)
[2022-06-13T03:32:59.961+0000][1][gc           ] GC(2) Pause Young (Allocation Failure) 80M->10M(247M) 8.321ms
[2022-06-13T03:32:59.961+0000][1][gc,cpu       ] GC(2) User=0.02s Sys=0.00s Real=0.01s
[2022-06-13T03:32:59.961+0000][1][safepoint    ] Leaving safepoint region
[2022-06-13T03:32:59.961+0000][1][safepoint    ] Total time for which application threads were stopped: 0.0090798 seconds, Stopping threads took: 0.0002339 seconds
[2022-06-13T03:32:59.963+0000][1][safepoint    ] Application time: 0.0017596 seconds
[2022-06-13T03:32:59.963+0000][1][safepoint    ] Entering safepoint region: RevokeBias
[2022-06-13T03:32:59.963+0000][1][safepoint    ] Leaving safepoint region
[2022-06-13T03:32:59.964+0000][1][safepoint    ] Total time for which application threads were stopped: 0.0003565 seconds, Stopping threads took: 0.0001467 seconds
[2022-06-13T03:32:59.964+0000][1][safepoint    ] Application time: 0.0000692 seconds
[2022-06-13T03:32:59.964+0000][1][safepoint    ] Entering safepoint region: RevokeBias
[2022-06-13T03:32:59.964+0000][1][safepoint    ] Leaving safepoint region
[2022-06-13T03:32:59.964+0000][1][safepoint    ] Total time for which application threads were stopped: 0.0002377 seconds, Stopping threads took: 0.0001003 seconds
[2022-06-13T03:32:59.964+0000][1][safepoint    ] Application time: 0.0000817 seconds
[2022-06-13T03:32:59.964+0000][1][safepoint    ] Entering safepoint region: RevokeBias
[2022-06-13T03:32:59.965+0000][1][safepoint    ] Leaving safepoint region
[2022-06-13T03:32:59.965+0000][1][safepoint    ] Total time for which application threads were stopped: 0.0003014 seconds, Stopping threads took: 0.0001373 seconds
[2022-06-13T03:32:59.965+0000][1][safepoint    ] Application time: 0.0000785 seconds
[2022-06-13T03:32:59.965+0000][1][safepoint    ] Entering safepoint region: RevokeBias
[2022-06-13T03:32:59.965+0000][1][safepoint    ] Leaving safepoint region
[2022-06-13T03:32:59.965+0000][1][safepoint    ] Total time for which application threads were stopped: 0.0002510 seconds, Stopping threads took: 0.0001156 seconds
[2022-06-13T03:32:59.965+0000][1][safepoint    ] Application time: 0.0000728 seconds
[2022-06-13T03:32:59.966+0000][1][safepoint    ] Entering safepoint region: RevokeBias
[2022-06-13T03:32:59.966+0000][1][safepoint    ] Leaving safepoint region
[2022-06-13T03:32:59.966+0000][1][safepoint    ] Total time for which application threads were stopped: 0.0003475 seconds, Stopping threads took: 0.0001716 seconds
[2022-06-13T03:32:59.966+0000][1][safepoint    ] Application time: 0.0000408 seconds
[2022-06-13T03:32:59.966+0000][1][safepoint    ] Entering safepoint region: RevokeBias
[2022-06-13T03:32:59.967+0000][1][safepoint    ] Leaving safepoint region
[2022-06-13T03:32:59.967+0000][1][safepoint    ] Total time for which application threads were stopped: 0.0003613 seconds, Stopping threads took: 0.0001833 seconds
[2022-06-13T03:33:00.097+0000][1][safepoint    ] Application time: 0.1300251 seconds
[2022-06-13T03:33:00.097+0000][1][safepoint    ] Entering safepoint region: Deoptimize
[2022-06-13T03:33:00.098+0000][1][safepoint    ] Leaving safepoint region
[2022-06-13T03:33:00.098+0000][1][safepoint    ] Total time for which application threads were stopped: 0.0009245 seconds, Stopping threads took: 0.0001706 seconds
[2022-06-13T03:33:00.099+0000][1][safepoint    ] Application time: 0.0005565 seconds
[2022-06-13T03:33:00.099+0000][1][safepoint    ] Entering safepoint region: Deoptimize
[2022-06-13T03:33:00.100+0000][1][safepoint    ] Leaving safepoint region
[2022-06-13T03:33:00.100+0000][1][safepoint    ] Total time for which application threads were stopped: 0.0012298 seconds, Stopping threads took: 0.0005754 seconds
[2022-06-13T03:33:00.269+0000][1][safepoint    ] Application time: 0.1686224 seconds
[2022-06-13T03:33:00.269+0000][1][safepoint    ] Entering safepoint region: GenCollectForAllocation
[2022-06-13T03:33:00.270+0000][1][gc,start     ] GC(3) Pause Young (Allocation Failure)
[2022-06-13T03:33:00.270+0000][1][gc,task      ] GC(3) Using 5 workers of 13 for evacuation
[2022-06-13T03:33:00.273+0000][1][gc,age       ] GC(3) Desired survivor size 4456448 bytes, new threshold 3 (max threshold 6)
[2022-06-13T03:33:00.273+0000][1][gc,age       ] GC(3) Age table with threshold 3 (max threshold 6)
[2022-06-13T03:33:00.273+0000][1][gc,age       ] GC(3) - age   1:    3211208 bytes,    3211208 total
[2022-06-13T03:33:00.273+0000][1][gc,age       ] GC(3) - age   2:     318760 bytes,    3529968 total
[2022-06-13T03:33:00.273+0000][1][gc,age       ] GC(3) - age   3:    1201920 bytes,    4731888 total
[2022-06-13T03:33:00.274+0000][1][gc,heap      ] GC(3) ParNew: 74399K->5840K(78656K)
[2022-06-13T03:33:00.274+0000][1][gc,heap      ] GC(3) CMS: 6674K->6674K(174784K)
[2022-06-13T03:33:00.274+0000][1][gc,metaspace ] GC(3) Metaspace: 18283K->18283K(1067008K)
[2022-06-13T03:33:00.274+0000][1][gc           ] GC(3) Pause Young (Allocation Failure) 79M->12M(247M) 4.353ms
[2022-06-13T03:33:00.274+0000][1][gc,cpu       ] GC(3) User=0.01s Sys=0.00s Real=0.00s
[2022-06-13T03:33:00.274+0000][1][safepoint    ] Leaving safepoint region
[2022-06-13T03:33:00.274+0000][1][safepoint    ] Total time for which application threads were stopped: 0.0050224 seconds, Stopping threads took: 0.0001541 seconds
[2022-06-13T03:33:00.275+0000][1][safepoint    ] Application time: 0.0001519 seconds
[2022-06-13T03:33:00.275+0000][1][safepoint    ] Entering safepoint region: RevokeBias
[2022-06-13T03:33:00.275+0000][1][safepoint    ] Leaving safepoint region
[2022-06-13T03:33:00.275+0000][1][safepoint    ] Total time for which application threads were stopped: 0.0004066 seconds, Stopping threads took: 0.0001494 seconds
[2022-06-13T03:33:00.275+0000][1][safepoint    ] Application time: 0.0000287 seconds
[2022-06-13T03:33:00.276+0000][1][safepoint    ] Entering safepoint region: RevokeBias
[2022-06-13T03:33:00.276+0000][1][safepoint    ] Leaving safepoint region
[2022-06-13T03:33:00.276+0000][1][safepoint    ] Total time for which application threads were stopped: 0.0002643 seconds, Stopping threads took: 0.0001168 seconds
[2022-06-13T03:33:00.277+0000][1][safepoint    ] Application time: 0.0009773 seconds
[2022-06-13T03:33:00.277+0000][1][safepoint    ] Entering safepoint region: RevokeBias
[2022-06-13T03:33:00.277+0000][1][safepoint    ] Leaving safepoint region
[2022-06-13T03:33:00.277+0000][1][safepoint    ] Total time for which application threads were stopped: 0.0004111 seconds, Stopping threads took: 0.0001622 seconds
[2022-06-13T03:33:00.278+0000][1][safepoint    ] Application time: 0.0000587 seconds
[2022-06-13T03:33:00.278+0000][1][safepoint    ] Entering safepoint region: RevokeBias
[2022-06-13T03:33:00.278+0000][1][safepoint    ] Leaving safepoint region
[2022-06-13T03:33:00.278+0000][1][safepoint    ] Total time for which application threads were stopped: 0.0003961 seconds, Stopping threads took: 0.0001637 seconds
[2022-06-13T03:33:00.278+0000][1][safepoint    ] Application time: 0.0001341 seconds
[2022-06-13T03:33:00.279+0000][1][safepoint    ] Entering safepoint region: RevokeBias
[2022-06-13T03:33:00.279+0000][1][safepoint    ] Leaving safepoint region
[2022-06-13T03:33:00.279+0000][1][safepoint    ] Total time for which application threads were stopped: 0.0005411 seconds, Stopping threads took: 0.0003656 seconds
[2022-06-13T03:33:00.288+0000][1][safepoint    ] Application time: 0.0091288 seconds
[2022-06-13T03:33:00.289+0000][1][safepoint    ] Entering safepoint region: RevokeBias
[2022-06-13T03:33:00.289+0000][1][safepoint    ] Leaving safepoint region
[2022-06-13T03:33:00.289+0000][1][safepoint    ] Total time for which application threads were stopped: 0.0005826 seconds, Stopping threads took: 0.0002252 seconds
[2022-06-13T03:33:00.290+0000][1][safepoint    ] Application time: 0.0000796 seconds
[2022-06-13T03:33:00.290+0000][1][safepoint    ] Entering safepoint region: RevokeBias
[2022-06-13T03:33:00.290+0000][1][safepoint    ] Leaving safepoint region
[2022-06-13T03:33:00.290+0000][1][safepoint    ] Total time for which application threads were stopped: 0.0004404 seconds, Stopping threads took: 0.0002097 seconds
[2022-06-13T03:33:00.290+0000][1][safepoint    ] Application time: 0.0000963 seconds
[2022-06-13T03:33:00.291+0000][1][safepoint    ] Entering safepoint region: RevokeBias
[2022-06-13T03:33:00.291+0000][1][safepoint    ] Leaving safepoint region
[2022-06-13T03:33:00.291+0000][1][safepoint    ] Total time for which application threads were stopped: 0.0004442 seconds, Stopping threads took: 0.0001692 seconds
[2022-06-13T03:33:00.291+0000][1][safepoint    ] Application time: 0.0000963 seconds
[2022-06-13T03:33:00.292+0000][1][safepoint    ] Entering safepoint region: RevokeBias
[2022-06-13T03:33:00.292+0000][1][safepoint    ] Leaving safepoint region
[2022-06-13T03:33:00.292+0000][1][safepoint    ] Total time for which application threads were stopped: 0.0004075 seconds, Stopping threads took: 0.0001972 seconds
[2022-06-13T03:33:00.292+0000][1][safepoint    ] Application time: 0.0001029 seconds
[2022-06-13T03:33:00.292+0000][1][safepoint    ] Entering safepoint region: RevokeBias
[2022-06-13T03:33:00.293+0000][1][safepoint    ] Leaving safepoint region
[2022-06-13T03:33:00.293+0000][1][safepoint    ] Total time for which application threads were stopped: 0.0003677 seconds, Stopping threads took: 0.0001323 seconds
[2022-06-13T03:33:00.293+0000][1][safepoint    ] Application time: 0.0000504 seconds
[2022-06-13T03:33:00.293+0000][1][safepoint    ] Entering safepoint region: RevokeBias
[2022-06-13T03:33:00.293+0000][1][safepoint    ] Leaving safepoint region
[2022-06-13T03:33:00.293+0000][1][safepoint    ] Total time for which application threads were stopped: 0.0004334 seconds, Stopping threads took: 0.0001884 seconds
[2022-06-13T03:33:00.294+0000][1][safepoint    ] Application time: 0.0000551 seconds
[2022-06-13T03:33:00.294+0000][1][safepoint    ] Entering safepoint region: RevokeBias
[2022-06-13T03:33:00.294+0000][1][safepoint    ] Leaving safepoint region
[2022-06-13T03:33:00.294+0000][1][safepoint    ] Total time for which application threads were stopped: 0.0003814 seconds, Stopping threads took: 0.0001435 seconds
[2022-06-13T03:33:00.294+0000][1][safepoint    ] Application time: 0.0000965 seconds
[2022-06-13T03:33:00.295+0000][1][safepoint    ] Entering safepoint region: RevokeBias
[2022-06-13T03:33:00.295+0000][1][safepoint    ] Leaving safepoint region
[2022-06-13T03:33:00.295+0000][1][safepoint    ] Total time for which application threads were stopped: 0.0004825 seconds, Stopping threads took: 0.0002385 seconds
[2022-06-13T03:33:00.299+0000][1][safepoint    ] Application time: 0.0039782 seconds
[2022-06-13T03:33:00.304+0000][1][safepoint    ] Entering safepoint region: RevokeBias
[2022-06-13T03:33:00.304+0000][1][safepoint    ] Leaving safepoint region
[2022-06-13T03:33:00.304+0000][1][safepoint    ] Total time for which application threads were stopped: 0.0051567 seconds, Stopping threads took: 0.0047854 seconds
[2022-06-13T03:33:00.305+0000][1][safepoint    ] Application time: 0.0001599 seconds
[2022-06-13T03:33:00.305+0000][1][safepoint    ] Entering safepoint region: RevokeBias
[2022-06-13T03:33:00.305+0000][1][safepoint    ] Leaving safepoint region
[2022-06-13T03:33:00.305+0000][1][safepoint    ] Total time for which application threads were stopped: 0.0003305 seconds, Stopping threads took: 0.0001464 seconds
[2022-06-13T03:33:00.305+0000][1][safepoint    ] Application time: 0.0000856 seconds
[2022-06-13T03:33:00.306+0000][1][safepoint    ] Entering safepoint region: RevokeBias
[2022-06-13T03:33:00.306+0000][1][safepoint    ] Leaving safepoint region
[2022-06-13T03:33:00.306+0000][1][safepoint    ] Total time for which application threads were stopped: 0.0004878 seconds, Stopping threads took: 0.0002543 seconds
[2022-06-13T03:33:00.306+0000][1][safepoint    ] Application time: 0.0000893 seconds
[2022-06-13T03:33:00.307+0000][1][safepoint    ] Entering safepoint region: RevokeBias
[2022-06-13T03:33:00.307+0000][1][safepoint    ] Leaving safepoint region
[2022-06-13T03:33:00.307+0000][1][safepoint    ] Total time for which application threads were stopped: 0.0003803 seconds, Stopping threads took: 0.0001463 seconds
[2022-06-13T03:33:00.307+0000][1][safepoint    ] Application time: 0.0001150 seconds
[2022-06-13T03:33:00.307+0000][1][safepoint    ] Entering safepoint region: RevokeBias
[2022-06-13T03:33:00.308+0000][1][safepoint    ] Leaving safepoint region
[2022-06-13T03:33:00.308+0000][1][safepoint    ] Total time for which application threads were stopped: 0.0003800 seconds, Stopping threads took: 0.0001738 seconds
[2022-06-13T03:33:00.308+0000][1][safepoint    ] Application time: 0.0002919 seconds
[2022-06-13T03:33:00.308+0000][1][safepoint    ] Entering safepoint region: RevokeBias
[2022-06-13T03:33:00.309+0000][1][safepoint    ] Leaving safepoint region
[2022-06-13T03:33:00.309+0000][1][safepoint    ] Total time for which application threads were stopped: 0.0003114 seconds, Stopping threads took: 0.0001717 seconds
[2022-06-13T03:33:00.309+0000][1][safepoint    ] Application time: 0.0001510 seconds
[2022-06-13T03:33:00.311+0000][1][safepoint    ] Entering safepoint region: RevokeBias
[2022-06-13T03:33:00.311+0000][1][safepoint    ] Leaving safepoint region
[2022-06-13T03:33:00.311+0000][1][safepoint    ] Total time for which application threads were stopped: 0.0003847 seconds, Stopping threads took: 0.0001592 seconds
[2022-06-13T03:33:00.311+0000][1][safepoint    ] Application time: 0.0000448 seconds
[2022-06-13T03:33:00.312+0000][1][safepoint    ] Entering safepoint region: RevokeBias
[2022-06-13T03:33:00.312+0000][1][safepoint    ] Leaving safepoint region
[2022-06-13T03:33:00.312+0000][1][safepoint    ] Total time for which application threads were stopped: 0.0003994 seconds, Stopping threads took: 0.0001695 seconds
[2022-06-13T03:33:00.431+0000][1][safepoint    ] Application time: 0.1184108 seconds
[2022-06-13T03:33:00.431+0000][1][safepoint    ] Entering safepoint region: GenCollectForAllocation
[2022-06-13T03:33:00.431+0000][1][gc,start     ] GC(4) Pause Young (Allocation Failure)
[2022-06-13T03:33:00.431+0000][1][gc,task      ] GC(4) Using 5 workers of 13 for evacuation
[2022-06-13T03:33:00.435+0000][1][gc,age       ] GC(4) Desired survivor size 4456448 bytes, new threshold 3 (max threshold 6)
[2022-06-13T03:33:00.436+0000][1][gc,age       ] GC(4) Age table with threshold 3 (max threshold 6)
[2022-06-13T03:33:00.436+0000][1][gc,age       ] GC(4) - age   1:    1126680 bytes,    1126680 total
[2022-06-13T03:33:00.436+0000][1][gc,age       ] GC(4) - age   2:    3171384 bytes,    4298064 total
[2022-06-13T03:33:00.436+0000][1][gc,age       ] GC(4) - age   3:     318232 bytes,    4616296 total
[2022-06-13T03:33:00.436+0000][1][gc,heap      ] GC(4) ParNew: 75792K->6773K(78656K)
[2022-06-13T03:33:00.436+0000][1][gc,heap      ] GC(4) CMS: 6674K->7865K(174784K)
[2022-06-13T03:33:00.437+0000][1][gc,metaspace ] GC(4) Metaspace: 18760K->18760K(1067008K)
[2022-06-13T03:33:00.437+0000][1][gc           ] GC(4) Pause Young (Allocation Failure) 80M->14M(247M) 5.561ms
[2022-06-13T03:33:00.437+0000][1][gc,cpu       ] GC(4) User=0.02s Sys=0.00s Real=0.00s
[2022-06-13T03:33:00.437+0000][1][safepoint    ] Leaving safepoint region
[2022-06-13T03:33:00.437+0000][1][safepoint    ] Total time for which application threads were stopped: 0.0063410 seconds, Stopping threads took: 0.0002214 seconds
[2022-06-13T03:33:00.439+0000][1][safepoint    ] Application time: 0.0014807 seconds
[2022-06-13T03:33:00.439+0000][1][safepoint    ] Entering safepoint region: RevokeBias
[2022-06-13T03:33:00.440+0000][1][safepoint    ] Leaving safepoint region
[2022-06-13T03:33:00.440+0000][1][safepoint    ] Total time for which application threads were stopped: 0.0004672 seconds, Stopping threads took: 0.0002286 seconds
[2022-06-13T03:33:00.440+0000][1][safepoint    ] Application time: 0.0000729 seconds
[2022-06-13T03:33:00.440+0000][1][safepoint    ] Entering safepoint region: RevokeBias
[2022-06-13T03:33:00.441+0000][1][safepoint    ] Leaving safepoint region
[2022-06-13T03:33:00.441+0000][1][safepoint    ] Total time for which application threads were stopped: 0.0004932 seconds, Stopping threads took: 0.0001780 seconds
[2022-06-13T03:33:00.441+0000][1][safepoint    ] Application time: 0.0000652 seconds
[2022-06-13T03:33:00.441+0000][1][safepoint    ] Entering safepoint region: RevokeBias
[2022-06-13T03:33:00.441+0000][1][safepoint    ] Leaving safepoint region
[2022-06-13T03:33:00.441+0000][1][safepoint    ] Total time for which application threads were stopped: 0.0003761 seconds, Stopping threads took: 0.0001765 seconds
[2022-06-13T03:33:00.442+0000][1][safepoint    ] Application time: 0.0001368 seconds
[2022-06-13T03:33:00.442+0000][1][safepoint    ] Entering safepoint region: RevokeBias
[2022-06-13T03:33:00.442+0000][1][safepoint    ] Leaving safepoint region
[2022-06-13T03:33:00.442+0000][1][safepoint    ] Total time for which application threads were stopped: 0.0003888 seconds, Stopping threads took: 0.0002017 seconds
[2022-06-13T03:33:00.465+0000][1][safepoint    ] Application time: 0.0221611 seconds
[2022-06-13T03:33:00.465+0000][1][safepoint    ] Entering safepoint region: Deoptimize
[2022-06-13T03:33:00.466+0000][1][safepoint    ] Leaving safepoint region
[2022-06-13T03:33:00.466+0000][1][safepoint    ] Total time for which application threads were stopped: 0.0008684 seconds, Stopping threads took: 0.0002276 seconds
[2022-06-13T03:33:00.495+0000][1][safepoint    ] Application time: 0.0288634 seconds
[2022-06-13T03:33:00.495+0000][1][safepoint    ] Entering safepoint region: Deoptimize
[2022-06-13T03:33:00.496+0000][1][safepoint    ] Leaving safepoint region
[2022-06-13T03:33:00.496+0000][1][safepoint    ] Total time for which application threads were stopped: 0.0010104 seconds, Stopping threads took: 0.0004123 seconds
[2022-06-13T03:33:00.610+0000][1][safepoint    ] Application time: 0.1134198 seconds
[2022-06-13T03:33:00.610+0000][1][safepoint    ] Entering safepoint region: GenCollectForAllocation
[2022-06-13T03:33:00.610+0000][1][gc,start     ] GC(5) Pause Young (Allocation Failure)
[2022-06-13T03:33:00.611+0000][1][gc,task      ] GC(5) Using 5 workers of 13 for evacuation
[2022-06-13T03:33:00.616+0000][1][gc,age       ] GC(5) Desired survivor size 4456448 bytes, new threshold 3 (max threshold 6)
[2022-06-13T03:33:00.616+0000][1][gc,age       ] GC(5) Age table with threshold 3 (max threshold 6)
[2022-06-13T03:33:00.616+0000][1][gc,age       ] GC(5) - age   1:    2182896 bytes,    2182896 total
[2022-06-13T03:33:00.616+0000][1][gc,age       ] GC(5) - age   2:     580256 bytes,    2763152 total
[2022-06-13T03:33:00.616+0000][1][gc,age       ] GC(5) - age   3:    3167184 bytes,    5930336 total
[2022-06-13T03:33:00.617+0000][1][gc,heap      ] GC(5) ParNew: 76725K->6852K(78656K)
[2022-06-13T03:33:00.617+0000][1][gc,heap      ] GC(5) CMS: 7865K->8180K(174784K)
[2022-06-13T03:33:00.617+0000][1][gc,metaspace ] GC(5) Metaspace: 19093K->19093K(1067008K)
[2022-06-13T03:33:00.617+0000][1][gc           ] GC(5) Pause Young (Allocation Failure) 82M->14M(247M) 6.594ms
[2022-06-13T03:33:00.617+0000][1][gc,cpu       ] GC(5) User=0.02s Sys=0.01s Real=0.00s
[2022-06-13T03:33:00.617+0000][1][safepoint    ] Leaving safepoint region
[2022-06-13T03:33:00.617+0000][1][safepoint    ] Total time for which application threads were stopped: 0.0072134 seconds, Stopping threads took: 0.0001599 seconds
[2022-06-13T03:33:00.619+0000][1][safepoint    ] Application time: 0.0019329 seconds
[2022-06-13T03:33:00.620+0000][1][safepoint    ] Entering safepoint region: RevokeBias
[2022-06-13T03:33:00.620+0000][1][safepoint    ] Leaving safepoint region
[2022-06-13T03:33:00.620+0000][1][safepoint    ] Total time for which application threads were stopped: 0.0004065 seconds, Stopping threads took: 0.0002046 seconds
[2022-06-13T03:33:00.620+0000][1][safepoint    ] Application time: 0.0000361 seconds
[2022-06-13T03:33:00.620+0000][1][safepoint    ] Entering safepoint region: RevokeBias
[2022-06-13T03:33:00.620+0000][1][safepoint    ] Leaving safepoint region
[2022-06-13T03:33:00.621+0000][1][safepoint    ] Total time for which application threads were stopped: 0.0002816 seconds, Stopping threads took: 0.0001030 seconds
[2022-06-13T03:33:00.621+0000][1][safepoint    ] Application time: 0.0000370 seconds
[2022-06-13T03:33:00.621+0000][1][safepoint    ] Entering safepoint region: RevokeBias
[2022-06-13T03:33:00.621+0000][1][safepoint    ] Leaving safepoint region
[2022-06-13T03:33:00.621+0000][1][safepoint    ] Total time for which application threads were stopped: 0.0002600 seconds, Stopping threads took: 0.0001001 seconds
[2022-06-13T03:33:00.621+0000][1][safepoint    ] Application time: 0.0000201 seconds
[2022-06-13T03:33:00.621+0000][1][safepoint    ] Entering safepoint region: RevokeBias
[2022-06-13T03:33:00.622+0000][1][safepoint    ] Leaving safepoint region
[2022-06-13T03:33:00.622+0000][1][safepoint    ] Total time for which application threads were stopped: 0.0002647 seconds, Stopping threads took: 0.0000994 seconds
[2022-06-13T03:33:00.622+0000][1][safepoint    ] Application time: 0.0000275 seconds
[2022-06-13T03:33:00.622+0000][1][safepoint    ] Entering safepoint region: RevokeBias
[2022-06-13T03:33:00.622+0000][1][safepoint    ] Leaving safepoint region
[2022-06-13T03:33:00.622+0000][1][safepoint    ] Total time for which application threads were stopped: 0.0002931 seconds, Stopping threads took: 0.0001103 seconds
[2022-06-13T03:33:00.622+0000][1][safepoint    ] Application time: 0.0000229 seconds
[2022-06-13T03:33:00.622+0000][1][safepoint    ] Entering safepoint region: RevokeBias
[2022-06-13T03:33:00.623+0000][1][safepoint    ] Leaving safepoint region
[2022-06-13T03:33:00.623+0000][1][safepoint    ] Total time for which application threads were stopped: 0.0002626 seconds, Stopping threads took: 0.0000988 seconds
[2022-06-13T03:33:00.729+0000][1][safepoint    ] Application time: 0.1063983 seconds
[2022-06-13T03:33:00.730+0000][1][safepoint    ] Entering safepoint region: GenCollectForAllocation
[2022-06-13T03:33:00.730+0000][1][gc,start     ] GC(6) Pause Young (Allocation Failure)
[2022-06-13T03:33:00.730+0000][1][gc,task      ] GC(6) Using 5 workers of 13 for evacuation
[2022-06-13T03:33:00.737+0000][1][gc,age       ] GC(6) Desired survivor size 4456448 bytes, new threshold 6 (max threshold 6)
[2022-06-13T03:33:00.737+0000][1][gc,age       ] GC(6) Age table with threshold 6 (max threshold 6)
[2022-06-13T03:33:00.737+0000][1][gc,age       ] GC(6) - age   1:    1357056 bytes,    1357056 total
[2022-06-13T03:33:00.737+0000][1][gc,age       ] GC(6) - age   2:    2169616 bytes,    3526672 total
[2022-06-13T03:33:00.737+0000][1][gc,age       ] GC(6) - age   3:     580280 bytes,    4106952 total
[2022-06-13T03:33:00.737+0000][1][gc,heap      ] GC(6) ParNew: 76804K->7579K(78656K)
[2022-06-13T03:33:00.738+0000][1][gc,heap      ] GC(6) CMS: 8180K->11297K(174784K)
[2022-06-13T03:33:00.738+0000][1][gc,metaspace ] GC(6) Metaspace: 19441K->19441K(1067008K)
[2022-06-13T03:33:00.738+0000][1][gc           ] GC(6) Pause Young (Allocation Failure) 82M->18M(247M) 8.074ms
[2022-06-13T03:33:00.738+0000][1][gc,cpu       ] GC(6) User=0.02s Sys=0.01s Real=0.00s
[2022-06-13T03:33:00.738+0000][1][safepoint    ] Leaving safepoint region
[2022-06-13T03:33:00.738+0000][1][safepoint    ] Total time for which application threads were stopped: 0.0088328 seconds, Stopping threads took: 0.0002304 seconds
[2022-06-13T03:33:00.739+0000][1][safepoint    ] Application time: 0.0007237 seconds
[2022-06-13T03:33:00.739+0000][1][safepoint    ] Entering safepoint region: RevokeBias
[2022-06-13T03:33:00.740+0000][1][safepoint    ] Leaving safepoint region
[2022-06-13T03:33:00.740+0000][1][safepoint    ] Total time for which application threads were stopped: 0.0004263 seconds, Stopping threads took: 0.0002001 seconds
[2022-06-13T03:33:00.740+0000][1][safepoint    ] Application time: 0.0000806 seconds
[2022-06-13T03:33:00.740+0000][1][safepoint    ] Entering safepoint region: BulkRevokeBias
[2022-06-13T03:33:00.740+0000][1][safepoint    ] Leaving safepoint region
[2022-06-13T03:33:00.741+0000][1][safepoint    ] Total time for which application threads were stopped: 0.0003768 seconds, Stopping threads took: 0.0001415 seconds
[2022-06-13T03:33:00.741+0000][1][safepoint    ] Application time: 0.0001018 seconds
[2022-06-13T03:33:00.741+0000][1][safepoint    ] Entering safepoint region: BulkRevokeBias
[2022-06-13T03:33:00.741+0000][1][safepoint    ] Leaving safepoint region
[2022-06-13T03:33:00.741+0000][1][safepoint    ] Total time for which application threads were stopped: 0.0004286 seconds, Stopping threads took: 0.0001721 seconds
[2022-06-13T03:33:00.878+0000][1][safepoint    ] Application time: 0.1328516 seconds
[2022-06-13T03:33:00.878+0000][1][safepoint    ] Entering safepoint region: GenCollectForAllocation
[2022-06-13T03:33:00.878+0000][1][gc,start     ] GC(7) Pause Young (Allocation Failure)
[2022-06-13T03:33:00.878+0000][1][gc,task      ] GC(7) Using 5 workers of 13 for evacuation
[2022-06-13T03:33:00.882+0000][1][gc,age       ] GC(7) Desired survivor size 4456448 bytes, new threshold 6 (max threshold 6)
[2022-06-13T03:33:00.882+0000][1][gc,age       ] GC(7) Age table with threshold 6 (max threshold 6)
[2022-06-13T03:33:00.882+0000][1][gc,age       ] GC(7) - age   1:     476888 bytes,     476888 total
[2022-06-13T03:33:00.882+0000][1][gc,age       ] GC(7) - age   2:    1156256 bytes,    1633144 total
[2022-06-13T03:33:00.882+0000][1][gc,age       ] GC(7) - age   3:    2169616 bytes,    3802760 total
[2022-06-13T03:33:00.882+0000][1][gc,age       ] GC(7) - age   4:     580256 bytes,    4383016 total
[2022-06-13T03:33:00.883+0000][1][gc,heap      ] GC(7) ParNew: 77531K->5127K(78656K)
[2022-06-13T03:33:00.883+0000][1][gc,heap      ] GC(7) CMS: 11297K->11297K(174784K)
[2022-06-13T03:33:00.883+0000][1][gc,metaspace ] GC(7) Metaspace: 19694K->19694K(1067008K)
[2022-06-13T03:33:00.883+0000][1][gc           ] GC(7) Pause Young (Allocation Failure) 86M->16M(247M) 5.316ms
[2022-06-13T03:33:00.884+0000][1][gc,cpu       ] GC(7) User=0.05s Sys=0.00s Real=0.01s
[2022-06-13T03:33:00.884+0000][1][safepoint    ] Leaving safepoint region
[2022-06-13T03:33:00.884+0000][1][safepoint    ] Total time for which application threads were stopped: 0.0062446 seconds, Stopping threads took: 0.0002490 seconds
[2022-06-13T03:33:00.924+0000][1][safepoint    ] Application time: 0.0400655 seconds
[2022-06-13T03:33:00.925+0000][1][safepoint    ] Entering safepoint region: CollectForMetadataAllocation
[2022-06-13T03:33:00.925+0000][1][safepoint    ] Leaving safepoint region
[2022-06-13T03:33:00.925+0000][1][safepoint    ] Total time for which application threads were stopped: 0.0004583 seconds, Stopping threads took: 0.0001584 seconds
[2022-06-13T03:33:00.941+0000][1][safepoint    ] Application time: 0.0158364 seconds
[2022-06-13T03:33:00.942+0000][1][safepoint    ] Entering safepoint region: CollectForMetadataAllocation
[2022-06-13T03:33:00.942+0000][1][safepoint    ] Leaving safepoint region
[2022-06-13T03:33:00.942+0000][1][safepoint    ] Total time for which application threads were stopped: 0.0004949 seconds, Stopping threads took: 0.0002450 seconds
[2022-06-13T03:33:01.041+0000][1][safepoint    ] Application time: 0.0989650 seconds
[2022-06-13T03:33:01.041+0000][1][safepoint    ] Entering safepoint region: GenCollectForAllocation
[2022-06-13T03:33:01.042+0000][1][gc,start     ] GC(8) Pause Young (Allocation Failure)
[2022-06-13T03:33:01.042+0000][1][gc,task      ] GC(8) Using 5 workers of 13 for evacuation
[2022-06-13T03:33:01.050+0000][1][gc,age       ] GC(8) Desired survivor size 4456448 bytes, new threshold 4 (max threshold 6)
[2022-06-13T03:33:01.051+0000][1][gc,age       ] GC(8) Age table with threshold 4 (max threshold 6)
[2022-06-13T03:33:01.051+0000][1][gc,age       ] GC(8) - age   1:    2462312 bytes,    2462312 total
[2022-06-13T03:33:01.051+0000][1][gc,age       ] GC(8) - age   2:     443200 bytes,    2905512 total
[2022-06-13T03:33:01.051+0000][1][gc,age       ] GC(8) - age   3:    1156112 bytes,    4061624 total
[2022-06-13T03:33:01.051+0000][1][gc,age       ] GC(8) - age   4:    2167424 bytes,    6229048 total
[2022-06-13T03:33:01.051+0000][1][gc,age       ] GC(8) - age   5:     580256 bytes,    6809304 total
[2022-06-13T03:33:01.052+0000][1][gc,heap      ] GC(8) ParNew: 75079K->8326K(78656K)
[2022-06-13T03:33:01.052+0000][1][gc,heap      ] GC(8) CMS: 11297K->11297K(174784K)
[2022-06-13T03:33:01.052+0000][1][gc,metaspace ] GC(8) Metaspace: 20492K->20492K(1069056K)
[2022-06-13T03:33:01.052+0000][1][gc           ] GC(8) Pause Young (Allocation Failure) 84M->19M(247M) 10.317ms
[2022-06-13T03:33:01.052+0000][1][gc,cpu       ] GC(8) User=0.03s Sys=0.01s Real=0.01s
[2022-06-13T03:33:01.052+0000][1][safepoint    ] Leaving safepoint region
[2022-06-13T03:33:01.052+0000][1][safepoint    ] Total time for which application threads were stopped: 0.0109448 seconds, Stopping threads took: 0.0001696 seconds
[2022-06-13T03:33:01.053+0000][1][safepoint    ] Application time: 0.0002280 seconds
[2022-06-13T03:33:01.053+0000][1][safepoint    ] Entering safepoint region: CMS_Initial_Mark
[2022-06-13T03:33:01.053+0000][1][gc,start     ] GC(9) Pause Initial Mark
[2022-06-13T03:33:01.054+0000][1][gc           ] GC(9) Pause Initial Mark 20M->20M(247M) 1.001ms
[2022-06-13T03:33:01.054+0000][1][gc,cpu       ] GC(9) User=0.00s Sys=0.00s Real=0.00s
[2022-06-13T03:33:01.055+0000][1][safepoint    ] Leaving safepoint region
[2022-06-13T03:33:01.055+0000][1][safepoint    ] Total time for which application threads were stopped: 0.0017281 seconds, Stopping threads took: 0.0002565 seconds
[2022-06-13T03:33:01.055+0000][1][gc           ] GC(9) Concurrent Mark
[2022-06-13T03:33:01.056+0000][1][gc,task      ] GC(9) Using 4 workers of 4 for marking
[2022-06-13T03:33:01.064+0000][1][gc           ] GC(9) Concurrent Mark 8.928ms
[2022-06-13T03:33:01.066+0000][1][gc,cpu       ] GC(9) User=0.05s Sys=0.00s Real=0.01s
[2022-06-13T03:33:01.066+0000][1][gc           ] GC(9) Concurrent Preclean
[2022-06-13T03:33:01.067+0000][1][gc           ] GC(9) Concurrent Preclean 0.823ms
[2022-06-13T03:33:01.067+0000][1][gc,cpu       ] GC(9) User=0.00s Sys=0.00s Real=0.00s
[2022-06-13T03:33:01.067+0000][1][gc           ] GC(9) Concurrent Abortable Preclean
[2022-06-13T03:33:01.159+0000][1][safepoint    ] Application time: 0.1043233 seconds
[2022-06-13T03:33:01.169+0000][1][safepoint    ] Entering safepoint region: GenCollectForAllocation
[2022-06-13T03:33:01.169+0000][1][gc,start     ] GC(10) Pause Young (Allocation Failure)
[2022-06-13T03:33:01.170+0000][1][gc,task      ] GC(10) Using 5 workers of 13 for evacuation
[2022-06-13T03:33:01.189+0000][1][gc,age       ] GC(10) Desired survivor size 4456448 bytes, new threshold 6 (max threshold 6)
[2022-06-13T03:33:01.196+0000][1][gc,age       ] GC(10) Age table with threshold 6 (max threshold 6)
[2022-06-13T03:33:01.196+0000][1][gc,age       ] GC(10) - age   1:     815944 bytes,     815944 total
[2022-06-13T03:33:01.197+0000][1][gc,age       ] GC(10) - age   2:     524608 bytes,    1340552 total
[2022-06-13T03:33:01.209+0000][1][gc,age       ] GC(10) - age   3:     443080 bytes,    1783632 total
[2022-06-13T03:33:01.219+0000][1][gc,age       ] GC(10) - age   4:    1156136 bytes,    2939768 total
[2022-06-13T03:33:01.229+0000][1][gc,heap      ] GC(10) ParNew: 78278K->3310K(78656K)
[2022-06-13T03:33:01.239+0000][1][gc,heap      ] GC(10) CMS: 11297K->14094K(174784K)
[2022-06-13T03:33:01.249+0000][1][gc,metaspace ] GC(10) Metaspace: 20605K->20605K(1069056K)
[2022-06-13T03:33:01.249+0000][1][gc           ] GC(10) Pause Young (Allocation Failure) 87M->16M(247M) 80.117ms
[2022-06-13T03:33:01.250+0000][1][gc,cpu       ] GC(10) User=0.09s Sys=0.00s Real=0.08s
[2022-06-13T03:33:01.250+0000][1][safepoint    ] Leaving safepoint region
[2022-06-13T03:33:01.250+0000][1][safepoint    ] Total time for which application threads were stopped: 0.0808559 seconds, Stopping threads took: 0.0001903 seconds
[2022-06-13T03:33:01.359+0000][1][safepoint    ] Application time: 0.1090474 seconds
[2022-06-13T03:33:01.360+0000][1][safepoint    ] Entering safepoint region: GenCollectForAllocation
[2022-06-13T03:33:01.360+0000][1][gc,start     ] GC(11) Pause Young (Allocation Failure)
[2022-06-13T03:33:01.360+0000][1][gc,task      ] GC(11) Using 5 workers of 13 for evacuation
[2022-06-13T03:33:01.378+0000][1][gc           ] GC(9) Concurrent Abortable Preclean 310.465ms
[2022-06-13T03:33:01.378+0000][1][gc,cpu       ] GC(9) User=0.61s Sys=0.01s Real=0.31s
[2022-06-13T03:33:01.390+0000][1][gc,age       ] GC(11) Desired survivor size 4456448 bytes, new threshold 6 (max threshold 6)
[2022-06-13T03:33:01.391+0000][1][gc,age       ] GC(11) Age table with threshold 6 (max threshold 6)
[2022-06-13T03:33:01.394+0000][1][gc,age       ] GC(11) - age   1:    1538336 bytes,    1538336 total
[2022-06-13T03:33:01.394+0000][1][gc,age       ] GC(11) - age   2:     131744 bytes,    1670080 total
[2022-06-13T03:33:01.395+0000][1][gc,age       ] GC(11) - age   3:     524560 bytes,    2194640 total
[2022-06-13T03:33:01.395+0000][1][gc,age       ] GC(11) - age   4:     442976 bytes,    2637616 total
[2022-06-13T03:33:01.395+0000][1][gc,age       ] GC(11) - age   5:    1155824 bytes,    3793440 total
[2022-06-13T03:33:01.395+0000][1][gc,heap      ] GC(11) ParNew: 73262K->4366K(78656K)
[2022-06-13T03:33:01.395+0000][1][gc,heap      ] GC(11) CMS: 14094K->14094K(174784K)
[2022-06-13T03:33:01.395+0000][1][gc,metaspace ] GC(11) Metaspace: 20684K->20684K(1069056K)
[2022-06-13T03:33:01.395+0000][1][gc           ] GC(11) Pause Young (Allocation Failure) 85M->18M(247M) 35.346ms
[2022-06-13T03:33:01.395+0000][1][gc,cpu       ] GC(11) User=0.03s Sys=0.01s Real=0.03s
[2022-06-13T03:33:01.395+0000][1][safepoint    ] Leaving safepoint region
[2022-06-13T03:33:01.396+0000][1][safepoint    ] Total time for which application threads were stopped: 0.0360466 seconds, Stopping threads took: 0.0002324 seconds
[2022-06-13T03:33:01.400+0000][1][safepoint    ] Application time: 0.0043469 seconds
[2022-06-13T03:33:01.400+0000][1][safepoint    ] Entering safepoint region: CMS_Final_Remark
[2022-06-13T03:33:01.400+0000][1][gc,start     ] GC(9) Pause Remark
[2022-06-13T03:33:01.440+0000][1][gc           ] GC(9) Pause Remark 22M->22M(247M) 39.223ms
[2022-06-13T03:33:01.440+0000][1][gc,cpu       ] GC(9) User=0.03s Sys=0.00s Real=0.04s
[2022-06-13T03:33:01.440+0000][1][safepoint    ] Leaving safepoint region
[2022-06-13T03:33:01.440+0000][1][safepoint    ] Total time for which application threads were stopped: 0.0401123 seconds, Stopping threads took: 0.0001809 seconds
[2022-06-13T03:33:01.445+0000][1][gc           ] GC(9) Concurrent Sweep
[2022-06-13T03:33:01.453+0000][1][gc           ] GC(9) Concurrent Sweep 8.642ms
[2022-06-13T03:33:01.459+0000][1][gc,cpu       ] GC(9) User=0.02s Sys=0.00s Real=0.01s
[2022-06-13T03:33:01.459+0000][1][gc           ] GC(9) Concurrent Reset
[2022-06-13T03:33:01.461+0000][1][gc           ] GC(9) Concurrent Reset 1.703ms
[2022-06-13T03:33:01.464+0000][1][gc,cpu       ] GC(9) User=0.01s Sys=0.00s Real=0.00s
[2022-06-13T03:33:01.465+0000][1][gc,heap      ] GC(9) Old: 11297K->14069K(174784K)
[2022-06-13T03:33:01.507+0000][1][safepoint    ] Application time: 0.0667507 seconds
[2022-06-13T03:33:01.508+0000][1][safepoint    ] Entering safepoint region: Deoptimize
[2022-06-13T03:33:01.509+0000][1][safepoint    ] Leaving safepoint region
[2022-06-13T03:33:01.509+0000][1][safepoint    ] Total time for which application threads were stopped: 0.0012839 seconds, Stopping threads took: 0.0001756 seconds
[2022-06-13T03:33:01.919+0000][1][safepoint    ] Application time: 0.4101984 seconds
[2022-06-13T03:33:01.923+0000][1][safepoint    ] Entering safepoint region: Deoptimize
[2022-06-13T03:33:01.925+0000][1][safepoint    ] Leaving safepoint region
[2022-06-13T03:33:01.926+0000][1][safepoint    ] Total time for which application threads were stopped: 0.0022941 seconds, Stopping threads took: 0.0004121 seconds
[2022-06-13T03:33:01.943+0000][1][safepoint    ] Application time: 0.0164635 seconds
[2022-06-13T03:33:01.943+0000][1][safepoint    ] Entering safepoint region: RevokeBias
[2022-06-13T03:33:01.944+0000][1][safepoint    ] Leaving safepoint region
[2022-06-13T03:33:01.944+0000][1][safepoint    ] Total time for which application threads were stopped: 0.0010986 seconds, Stopping threads took: 0.0006298 seconds
[2022-06-13T03:33:01.946+0000][1][safepoint    ] Application time: 0.0007057 seconds
[2022-06-13T03:33:01.950+0000][1][safepoint    ] Entering safepoint region: Deoptimize
[2022-06-13T03:33:01.952+0000][1][safepoint    ] Leaving safepoint region
[2022-06-13T03:33:01.952+0000][1][safepoint    ] Total time for which application threads were stopped: 0.0019715 seconds, Stopping threads took: 0.0012252 seconds
[2022-06-13T03:33:01.966+0000][1][safepoint    ] Application time: 0.0140897 seconds
[2022-06-13T03:33:01.967+0000][1][safepoint    ] Entering safepoint region: Deoptimize
[2022-06-13T03:33:01.968+0000][1][safepoint    ] Leaving safepoint region
[2022-06-13T03:33:01.968+0000][1][safepoint    ] Total time for which application threads were stopped: 0.0011247 seconds, Stopping threads took: 0.0002407 seconds
[2022-06-13T03:33:02.047+0000][1][safepoint    ] Application time: 0.0789569 seconds
[2022-06-13T03:33:02.056+0000][1][safepoint    ] Entering safepoint region: GenCollectForAllocation
[2022-06-13T03:33:02.057+0000][1][gc,start     ] GC(12) Pause Young (Allocation Failure)
[2022-06-13T03:33:02.058+0000][1][gc,task      ] GC(12) Using 5 workers of 13 for evacuation
[2022-06-13T03:33:02.063+0000][1][gc,age       ] GC(12) Desired survivor size 4456448 bytes, new threshold 6 (max threshold 6)
[2022-06-13T03:33:02.064+0000][1][gc,age       ] GC(12) Age table with threshold 6 (max threshold 6)
[2022-06-13T03:33:02.064+0000][1][gc,age       ] GC(12) - age   1:    2365016 bytes,    2365016 total
[2022-06-13T03:33:02.064+0000][1][gc,age       ] GC(12) - age   2:     344744 bytes,    2709760 total
[2022-06-13T03:33:02.064+0000][1][gc,age       ] GC(12) - age   3:     131480 bytes,    2841240 total
[2022-06-13T03:33:02.064+0000][1][gc,age       ] GC(12) - age   4:     521488 bytes,    3362728 total
[2022-06-13T03:33:02.064+0000][1][gc,age       ] GC(12) - age   5:     440688 bytes,    3803416 total
[2022-06-13T03:33:02.064+0000][1][gc,age       ] GC(12) - age   6:    1155448 bytes,    4958864 total
[2022-06-13T03:33:02.065+0000][1][gc,heap      ] GC(12) ParNew: 74318K->6417K(78656K)
[2022-06-13T03:33:02.065+0000][1][gc,heap      ] GC(12) CMS: 14069K->14069K(174784K)
[2022-06-13T03:33:02.065+0000][1][gc,metaspace ] GC(12) Metaspace: 26319K->26319K(1073152K)
[2022-06-13T03:33:02.065+0000][1][gc           ] GC(12) Pause Young (Allocation Failure) 86M->20M(247M) 7.819ms
[2022-06-13T03:33:02.065+0000][1][gc,cpu       ] GC(12) User=0.01s Sys=0.00s Real=0.01s
[2022-06-13T03:33:02.065+0000][1][safepoint    ] Leaving safepoint region
[2022-06-13T03:33:02.066+0000][1][safepoint    ] Total time for which application threads were stopped: 0.0096890 seconds, Stopping threads took: 0.0013168 seconds
[2022-06-13T03:33:02.985+0000][1][safepoint    ] Application time: 0.9188895 seconds
[2022-06-13T03:33:02.990+0000][1][safepoint    ] Entering safepoint region: GenCollectForAllocation
[2022-06-13T03:33:02.991+0000][1][gc,start     ] GC(13) Pause Young (Allocation Failure)
[2022-06-13T03:33:02.991+0000][1][gc,task      ] GC(13) Using 5 workers of 13 for evacuation
[2022-06-13T03:33:03.021+0000][1][gc,age       ] GC(13) Desired survivor size 4456448 bytes, new threshold 1 (max threshold 6)
[2022-06-13T03:33:03.022+0000][1][gc,age       ] GC(13) Age table with threshold 1 (max threshold 6)
[2022-06-13T03:33:03.022+0000][1][gc,age       ] GC(13) - age   1:    5240496 bytes,    5240496 total
[2022-06-13T03:33:03.022+0000][1][gc,age       ] GC(13) - age   2:    2233928 bytes,    7474424 total
[2022-06-13T03:33:03.022+0000][1][gc,age       ] GC(13) - age   3:     344744 bytes,    7819168 total
[2022-06-13T03:33:03.023+0000][1][gc,age       ] GC(13) - age   4:     131416 bytes,    7950584 total
[2022-06-13T03:33:03.023+0000][1][gc,age       ] GC(13) - age   5:     521344 bytes,    8471928 total
[2022-06-13T03:33:03.023+0000][1][gc,age       ] GC(13) - age   6:     440688 bytes,    8912616 total
[2022-06-13T03:33:03.023+0000][1][gc,heap      ] GC(13) ParNew: 76369K->8704K(78656K)
[2022-06-13T03:33:03.023+0000][1][gc,heap      ] GC(13) CMS: 14069K->24963K(174784K)
[2022-06-13T03:33:03.023+0000][1][gc,metaspace ] GC(13) Metaspace: 27074K->27074K(1075200K)
[2022-06-13T03:33:03.024+0000][1][gc           ] GC(13) Pause Young (Allocation Failure) 88M->32M(247M) 32.580ms
[2022-06-13T03:33:03.024+0000][1][gc,cpu       ] GC(13) User=0.17s Sys=0.00s Real=0.03s
[2022-06-13T03:33:03.024+0000][1][safepoint    ] Leaving safepoint region
[2022-06-13T03:33:03.024+0000][1][safepoint    ] Total time for which application threads were stopped: 0.0391263 seconds, Stopping threads took: 0.0056733 seconds
[2022-06-13T03:33:03.130+0000][1][safepoint    ] Application time: 0.1060995 seconds
[2022-06-13T03:33:03.131+0000][1][safepoint    ] Entering safepoint region: Deoptimize
[2022-06-13T03:33:03.131+0000][1][safepoint    ] Leaving safepoint region
[2022-06-13T03:33:03.131+0000][1][safepoint    ] Total time for which application threads were stopped: 0.0008039 seconds, Stopping threads took: 0.0001428 seconds
[2022-06-13T03:33:03.338+0000][1][safepoint    ] Application time: 0.2061816 seconds
[2022-06-13T03:33:03.339+0000][1][safepoint    ] Entering safepoint region: RevokeBias
[2022-06-13T03:33:03.340+0000][1][safepoint    ] Leaving safepoint region
[2022-06-13T03:33:03.340+0000][1][safepoint    ] Total time for which application threads were stopped: 0.0005729 seconds, Stopping threads took: 0.0003264 seconds
[2022-06-13T03:33:03.497+0000][1][safepoint    ] Application time: 0.1567063 seconds
[2022-06-13T03:33:03.497+0000][1][safepoint    ] Entering safepoint region: GenCollectForAllocation
[2022-06-13T03:33:03.497+0000][1][gc,start     ] GC(14) Pause Young (Allocation Failure)
[2022-06-13T03:33:03.497+0000][1][gc,task      ] GC(14) Using 5 workers of 13 for evacuation
[2022-06-13T03:33:03.519+0000][1][gc,age       ] GC(14) Desired survivor size 4456448 bytes, new threshold 1 (max threshold 6)
[2022-06-13T03:33:03.519+0000][1][gc,age       ] GC(14) Age table with threshold 1 (max threshold 6)
[2022-06-13T03:33:03.519+0000][1][gc,age       ] GC(14) - age   1:    8912752 bytes,    8912752 total
[2022-06-13T03:33:03.519+0000][1][gc,heap      ] GC(14) ParNew: 78656K->8704K(78656K)
[2022-06-13T03:33:03.520+0000][1][gc,heap      ] GC(14) CMS: 24963K->39049K(174784K)
[2022-06-13T03:33:03.520+0000][1][gc,metaspace ] GC(14) Metaspace: 27227K->27227K(1075200K)
[2022-06-13T03:33:03.520+0000][1][gc           ] GC(14) Pause Young (Allocation Failure) 101M->46M(247M) 22.610ms
[2022-06-13T03:33:03.520+0000][1][gc,cpu       ] GC(14) User=0.13s Sys=0.00s Real=0.03s
[2022-06-13T03:33:03.520+0000][1][safepoint    ] Leaving safepoint region
[2022-06-13T03:33:03.520+0000][1][safepoint    ] Total time for which application threads were stopped: 0.0232242 seconds, Stopping threads took: 0.0001287 seconds
[2022-06-13T03:33:03.972+0000][1][safepoint    ] Application time: 0.4512090 seconds
[2022-06-13T03:33:03.973+0000][1][safepoint    ] Entering safepoint region: GenCollectForAllocation
[2022-06-13T03:33:03.974+0000][1][gc,start     ] GC(15) Pause Young (Allocation Failure)
[2022-06-13T03:33:03.975+0000][1][gc,task      ] GC(15) Using 5 workers of 13 for evacuation
[2022-06-13T03:33:03.991+0000][1][gc,age       ] GC(15) Desired survivor size 4456448 bytes, new threshold 1 (max threshold 6)
[2022-06-13T03:33:03.991+0000][1][gc,age       ] GC(15) Age table with threshold 1 (max threshold 6)
[2022-06-13T03:33:03.991+0000][1][gc,age       ] GC(15) - age   1:    7149024 bytes,    7149024 total
[2022-06-13T03:33:03.991+0000][1][gc,heap      ] GC(15) ParNew: 78656K->8704K(78656K)
[2022-06-13T03:33:03.992+0000][1][gc,heap      ] GC(15) CMS: 39049K->48528K(174784K)
[2022-06-13T03:33:03.992+0000][1][gc,metaspace ] GC(15) Metaspace: 31464K->31464K(1079296K)
[2022-06-13T03:33:03.992+0000][1][gc           ] GC(15) Pause Young (Allocation Failure) 114M->55M(247M) 18.203ms
[2022-06-13T03:33:03.992+0000][1][gc,cpu       ] GC(15) User=0.10s Sys=0.00s Real=0.02s
[2022-06-13T03:33:03.992+0000][1][safepoint    ] Leaving safepoint region
[2022-06-13T03:33:03.992+0000][1][safepoint    ] Total time for which application threads were stopped: 0.0191889 seconds, Stopping threads took: 0.0003160 seconds
[2022-06-13T03:33:04.129+0000][1][safepoint    ] Application time: 0.1366331 seconds
[2022-06-13T03:33:04.129+0000][1][safepoint    ] Entering safepoint region: GenCollectForAllocation
[2022-06-13T03:33:04.130+0000][1][gc,start     ] GC(16) Pause Young (Allocation Failure)
[2022-06-13T03:33:04.130+0000][1][gc,task      ] GC(16) Using 5 workers of 13 for evacuation
[2022-06-13T03:33:04.135+0000][1][gc,age       ] GC(16) Desired survivor size 4456448 bytes, new threshold 6 (max threshold 6)
[2022-06-13T03:33:04.136+0000][1][gc,age       ] GC(16) Age table with threshold 6 (max threshold 6)
[2022-06-13T03:33:04.136+0000][1][gc,age       ] GC(16) - age   1:     463000 bytes,     463000 total
[2022-06-13T03:33:04.136+0000][1][gc,heap      ] GC(16) ParNew: 78656K->7346K(78656K)
[2022-06-13T03:33:04.136+0000][1][gc,heap      ] GC(16) CMS: 48528K->55562K(174784K)
[2022-06-13T03:33:04.136+0000][1][gc,metaspace ] GC(16) Metaspace: 32963K->32963K(1079296K)
[2022-06-13T03:33:04.136+0000][1][gc           ] GC(16) Pause Young (Allocation Failure) 124M->61M(247M) 6.744ms
[2022-06-13T03:33:04.136+0000][1][gc,cpu       ] GC(16) User=0.03s Sys=0.00s Real=0.00s
[2022-06-13T03:33:04.137+0000][1][safepoint    ] Leaving safepoint region
[2022-06-13T03:33:04.137+0000][1][safepoint    ] Total time for which application threads were stopped: 0.0074594 seconds, Stopping threads took: 0.0001417 seconds
[2022-06-13T03:33:04.156+0000][1][safepoint    ] Application time: 0.0191332 seconds
[2022-06-13T03:33:04.156+0000][1][safepoint    ] Entering safepoint region: RevokeBias
[2022-06-13T03:33:04.157+0000][1][safepoint    ] Leaving safepoint region
[2022-06-13T03:33:04.157+0000][1][safepoint    ] Total time for which application threads were stopped: 0.0004335 seconds, Stopping threads took: 0.0001928 seconds
[2022-06-13T03:33:04.342+0000][1][safepoint    ] Application time: 0.1849396 seconds
[2022-06-13T03:33:04.342+0000][1][safepoint    ] Entering safepoint region: CollectForMetadataAllocation
[2022-06-13T03:33:04.343+0000][1][safepoint    ] Leaving safepoint region
[2022-06-13T03:33:04.343+0000][1][safepoint    ] Total time for which application threads were stopped: 0.0004256 seconds, Stopping threads took: 0.0001222 seconds
[2022-06-13T03:33:04.366+0000][1][safepoint    ] Application time: 0.0229890 seconds
[2022-06-13T03:33:04.366+0000][1][safepoint    ] Entering safepoint region: CollectForMetadataAllocation
[2022-06-13T03:33:04.366+0000][1][safepoint    ] Leaving safepoint region
[2022-06-13T03:33:04.366+0000][1][safepoint    ] Total time for which application threads were stopped: 0.0003371 seconds, Stopping threads took: 0.0000876 seconds
[2022-06-13T03:33:04.375+0000][1][safepoint    ] Application time: 0.0083033 seconds
[2022-06-13T03:33:04.375+0000][1][safepoint    ] Entering safepoint region: CollectForMetadataAllocation
[2022-06-13T03:33:04.375+0000][1][safepoint    ] Leaving safepoint region
[2022-06-13T03:33:04.375+0000][1][safepoint    ] Total time for which application threads were stopped: 0.0002712 seconds, Stopping threads took: 0.0001022 seconds
[2022-06-13T03:33:04.384+0000][1][safepoint    ] Application time: 0.0089084 seconds
[2022-06-13T03:33:04.384+0000][1][safepoint    ] Entering safepoint region: CollectForMetadataAllocation
[2022-06-13T03:33:04.385+0000][1][safepoint    ] Leaving safepoint region
[2022-06-13T03:33:04.385+0000][1][safepoint    ] Total time for which application threads were stopped: 0.0003938 seconds, Stopping threads took: 0.0001214 seconds
[2022-06-13T03:33:04.399+0000][1][safepoint    ] Application time: 0.0137286 seconds
[2022-06-13T03:33:04.399+0000][1][safepoint    ] Entering safepoint region: CollectForMetadataAllocation
[2022-06-13T03:33:04.399+0000][1][safepoint    ] Leaving safepoint region
[2022-06-13T03:33:04.399+0000][1][safepoint    ] Total time for which application threads were stopped: 0.0003621 seconds, Stopping threads took: 0.0001303 seconds
[2022-06-13T03:33:04.412+0000][1][safepoint    ] Application time: 0.0123417 seconds
[2022-06-13T03:33:04.412+0000][1][safepoint    ] Entering safepoint region: CollectForMetadataAllocation
[2022-06-13T03:33:04.412+0000][1][safepoint    ] Leaving safepoint region
[2022-06-13T03:33:04.412+0000][1][safepoint    ] Total time for which application threads were stopped: 0.0004406 seconds, Stopping threads took: 0.0001529 seconds
[2022-06-13T03:33:04.427+0000][1][safepoint    ] Application time: 0.0149575 seconds
[2022-06-13T03:33:04.428+0000][1][safepoint    ] Entering safepoint region: CollectForMetadataAllocation
[2022-06-13T03:33:04.428+0000][1][safepoint    ] Leaving safepoint region
[2022-06-13T03:33:04.428+0000][1][safepoint    ] Total time for which application threads were stopped: 0.0003810 seconds, Stopping threads took: 0.0001418 seconds
[2022-06-13T03:33:04.443+0000][1][safepoint    ] Application time: 0.0147758 seconds
[2022-06-13T03:33:04.443+0000][1][safepoint    ] Entering safepoint region: CollectForMetadataAllocation
[2022-06-13T03:33:04.444+0000][1][safepoint    ] Leaving safepoint region
[2022-06-13T03:33:04.444+0000][1][safepoint    ] Total time for which application threads were stopped: 0.0009838 seconds, Stopping threads took: 0.0001972 seconds
[2022-06-13T03:33:04.456+0000][1][safepoint    ] Application time: 0.0118745 seconds
[2022-06-13T03:33:04.456+0000][1][safepoint    ] Entering safepoint region: CollectForMetadataAllocation
[2022-06-13T03:33:04.457+0000][1][safepoint    ] Leaving safepoint region
[2022-06-13T03:33:04.457+0000][1][safepoint    ] Total time for which application threads were stopped: 0.0003741 seconds, Stopping threads took: 0.0001313 seconds
[2022-06-13T03:33:04.469+0000][1][safepoint    ] Application time: 0.0117006 seconds
[2022-06-13T03:33:04.469+0000][1][safepoint    ] Entering safepoint region: RevokeBias
[2022-06-13T03:33:04.469+0000][1][safepoint    ] Leaving safepoint region
[2022-06-13T03:33:04.470+0000][1][safepoint    ] Total time for which application threads were stopped: 0.0005360 seconds, Stopping threads took: 0.0001373 seconds
[2022-06-13T03:33:04.473+0000][1][safepoint    ] Application time: 0.0035625 seconds
[2022-06-13T03:33:04.474+0000][1][safepoint    ] Entering safepoint region: RevokeBias
[2022-06-13T03:33:04.474+0000][1][safepoint    ] Leaving safepoint region
[2022-06-13T03:33:04.474+0000][1][safepoint    ] Total time for which application threads were stopped: 0.0006779 seconds, Stopping threads took: 0.0003795 seconds
[2022-06-13T03:33:04.475+0000][1][safepoint    ] Application time: 0.0008922 seconds
[2022-06-13T03:33:04.476+0000][1][safepoint    ] Entering safepoint region: CollectForMetadataAllocation
[2022-06-13T03:33:04.476+0000][1][safepoint    ] Leaving safepoint region
[2022-06-13T03:33:04.476+0000][1][safepoint    ] Total time for which application threads were stopped: 0.0005146 seconds, Stopping threads took: 0.0002466 seconds
[2022-06-13T03:33:04.481+0000][1][safepoint    ] Application time: 0.0050875 seconds
[2022-06-13T03:33:04.482+0000][1][safepoint    ] Entering safepoint region: RevokeBias
[2022-06-13T03:33:04.482+0000][1][safepoint    ] Leaving safepoint region
[2022-06-13T03:33:04.482+0000][1][safepoint    ] Total time for which application threads were stopped: 0.0003986 seconds, Stopping threads took: 0.0001525 seconds
[2022-06-13T03:33:04.489+0000][1][safepoint    ] Application time: 0.0064677 seconds
[2022-06-13T03:33:04.489+0000][1][safepoint    ] Entering safepoint region: RevokeBias
[2022-06-13T03:33:04.489+0000][1][safepoint    ] Leaving safepoint region
[2022-06-13T03:33:04.489+0000][1][safepoint    ] Total time for which application threads were stopped: 0.0003912 seconds, Stopping threads took: 0.0001853 seconds
[2022-06-13T03:33:04.495+0000][1][safepoint    ] Application time: 0.0054488 seconds
[2022-06-13T03:33:04.495+0000][1][safepoint    ] Entering safepoint region: CollectForMetadataAllocation
[2022-06-13T03:33:04.495+0000][1][safepoint    ] Leaving safepoint region
[2022-06-13T03:33:04.495+0000][1][safepoint    ] Total time for which application threads were stopped: 0.0004064 seconds, Stopping threads took: 0.0001506 seconds
[2022-06-13T03:33:04.516+0000][1][safepoint    ] Application time: 0.0209804 seconds
[2022-06-13T03:33:04.517+0000][1][safepoint    ] Entering safepoint region: CollectForMetadataAllocation
[2022-06-13T03:33:04.517+0000][1][safepoint    ] Leaving safepoint region
[2022-06-13T03:33:04.517+0000][1][safepoint    ] Total time for which application threads were stopped: 0.0003965 seconds, Stopping threads took: 0.0001589 seconds
[2022-06-13T03:33:04.530+0000][1][safepoint    ] Application time: 0.0129575 seconds
[2022-06-13T03:33:04.530+0000][1][safepoint    ] Entering safepoint region: CollectForMetadataAllocation
[2022-06-13T03:33:04.531+0000][1][safepoint    ] Leaving safepoint region
[2022-06-13T03:33:04.531+0000][1][safepoint    ] Total time for which application threads were stopped: 0.0003492 seconds, Stopping threads took: 0.0001312 seconds
[2022-06-13T03:33:04.541+0000][1][safepoint    ] Application time: 0.0101823 seconds
[2022-06-13T03:33:04.541+0000][1][safepoint    ] Entering safepoint region: CollectForMetadataAllocation
[2022-06-13T03:33:04.541+0000][1][safepoint    ] Leaving safepoint region
[2022-06-13T03:33:04.541+0000][1][safepoint    ] Total time for which application threads were stopped: 0.0003376 seconds, Stopping threads took: 0.0001016 seconds
[2022-06-13T03:33:04.554+0000][1][safepoint    ] Application time: 0.0124134 seconds
[2022-06-13T03:33:04.554+0000][1][safepoint    ] Entering safepoint region: CollectForMetadataAllocation
[2022-06-13T03:33:04.555+0000][1][safepoint    ] Leaving safepoint region
[2022-06-13T03:33:04.555+0000][1][safepoint    ] Total time for which application threads were stopped: 0.0004797 seconds, Stopping threads took: 0.0001859 seconds
[2022-06-13T03:33:04.570+0000][1][safepoint    ] Application time: 0.0147697 seconds
[2022-06-13T03:33:04.570+0000][1][safepoint    ] Entering safepoint region: CollectForMetadataAllocation
[2022-06-13T03:33:04.571+0000][1][safepoint    ] Leaving safepoint region
[2022-06-13T03:33:04.571+0000][1][safepoint    ] Total time for which application threads were stopped: 0.0009033 seconds, Stopping threads took: 0.0001772 seconds
[2022-06-13T03:33:04.583+0000][1][safepoint    ] Application time: 0.0122404 seconds
[2022-06-13T03:33:04.583+0000][1][safepoint    ] Entering safepoint region: CollectForMetadataAllocation
[2022-06-13T03:33:04.584+0000][1][safepoint    ] Leaving safepoint region
[2022-06-13T03:33:04.584+0000][1][safepoint    ] Total time for which application threads were stopped: 0.0003731 seconds, Stopping threads took: 0.0001091 seconds
[2022-06-13T03:33:04.604+0000][1][safepoint    ] Application time: 0.0199118 seconds
[2022-06-13T03:33:04.604+0000][1][safepoint    ] Entering safepoint region: CollectForMetadataAllocation
[2022-06-13T03:33:04.605+0000][1][safepoint    ] Leaving safepoint region
[2022-06-13T03:33:04.605+0000][1][safepoint    ] Total time for which application threads were stopped: 0.0009730 seconds, Stopping threads took: 0.0001340 seconds
[2022-06-13T03:33:04.623+0000][1][safepoint    ] Application time: 0.0175361 seconds
[2022-06-13T03:33:04.623+0000][1][safepoint    ] Entering safepoint region: CollectForMetadataAllocation
[2022-06-13T03:33:04.623+0000][1][safepoint    ] Leaving safepoint region
[2022-06-13T03:33:04.623+0000][1][safepoint    ] Total time for which application threads were stopped: 0.0004181 seconds, Stopping threads took: 0.0001710 seconds
[2022-06-13T03:33:04.640+0000][1][safepoint    ] Application time: 0.0166273 seconds
[2022-06-13T03:33:04.640+0000][1][safepoint    ] Entering safepoint region: CollectForMetadataAllocation
[2022-06-13T03:33:04.641+0000][1][safepoint    ] Leaving safepoint region
[2022-06-13T03:33:04.641+0000][1][safepoint    ] Total time for which application threads were stopped: 0.0004589 seconds, Stopping threads took: 0.0001483 seconds
[2022-06-13T03:33:04.651+0000][1][safepoint    ] Application time: 0.0105186 seconds
[2022-06-13T03:33:04.652+0000][1][safepoint    ] Entering safepoint region: CollectForMetadataAllocation
[2022-06-13T03:33:04.652+0000][1][safepoint    ] Leaving safepoint region
[2022-06-13T03:33:04.652+0000][1][safepoint    ] Total time for which application threads were stopped: 0.0002967 seconds, Stopping threads took: 0.0001338 seconds
[2022-06-13T03:33:04.667+0000][1][safepoint    ] Application time: 0.0150368 seconds
[2022-06-13T03:33:04.667+0000][1][safepoint    ] Entering safepoint region: CollectForMetadataAllocation
[2022-06-13T03:33:04.668+0000][1][safepoint    ] Leaving safepoint region
[2022-06-13T03:33:04.668+0000][1][safepoint    ] Total time for which application threads were stopped: 0.0004197 seconds, Stopping threads took: 0.0001811 seconds
[2022-06-13T03:33:04.683+0000][1][safepoint    ] Application time: 0.0148234 seconds
[2022-06-13T03:33:04.683+0000][1][safepoint    ] Entering safepoint region: CollectForMetadataAllocation
[2022-06-13T03:33:04.683+0000][1][safepoint    ] Leaving safepoint region
[2022-06-13T03:33:04.683+0000][1][safepoint    ] Total time for which application threads were stopped: 0.0003530 seconds, Stopping threads took: 0.0000976 seconds
[2022-06-13T03:33:04.697+0000][1][safepoint    ] Application time: 0.0139645 seconds
[2022-06-13T03:33:04.697+0000][1][safepoint    ] Entering safepoint region: CollectForMetadataAllocation
[2022-06-13T03:33:04.698+0000][1][safepoint    ] Leaving safepoint region
[2022-06-13T03:33:04.698+0000][1][safepoint    ] Total time for which application threads were stopped: 0.0003330 seconds, Stopping threads took: 0.0001389 seconds
[2022-06-13T03:33:04.718+0000][1][safepoint    ] Application time: 0.0198472 seconds
[2022-06-13T03:33:04.718+0000][1][safepoint    ] Entering safepoint region: CollectForMetadataAllocation
[2022-06-13T03:33:04.718+0000][1][safepoint    ] Leaving safepoint region
[2022-06-13T03:33:04.718+0000][1][safepoint    ] Total time for which application threads were stopped: 0.0003349 seconds, Stopping threads took: 0.0001117 seconds
[2022-06-13T03:33:04.737+0000][1][safepoint    ] Application time: 0.0184993 seconds
[2022-06-13T03:33:04.737+0000][1][safepoint    ] Entering safepoint region: CollectForMetadataAllocation
[2022-06-13T03:33:04.738+0000][1][safepoint    ] Leaving safepoint region
[2022-06-13T03:33:04.738+0000][1][safepoint    ] Total time for which application threads were stopped: 0.0005397 seconds, Stopping threads took: 0.0001853 seconds
[2022-06-13T03:33:04.749+0000][1][safepoint    ] Application time: 0.0115528 seconds
[2022-06-13T03:33:04.753+0000][1][safepoint    ] Entering safepoint region: RevokeBias
[2022-06-13T03:33:04.753+0000][1][safepoint    ] Leaving safepoint region
[2022-06-13T03:33:04.753+0000][1][safepoint    ] Total time for which application threads were stopped: 0.0005913 seconds, Stopping threads took: 0.0003465 seconds
[2022-06-13T03:33:04.756+0000][1][safepoint    ] Application time: 0.0019188 seconds
[2022-06-13T03:33:04.756+0000][1][safepoint    ] Entering safepoint region: CollectForMetadataAllocation
[2022-06-13T03:33:04.756+0000][1][safepoint    ] Leaving safepoint region
[2022-06-13T03:33:04.756+0000][1][safepoint    ] Total time for which application threads were stopped: 0.0004900 seconds, Stopping threads took: 0.0001118 seconds
[2022-06-13T03:33:04.947+0000][1][safepoint    ] Application time: 0.1909890 seconds
[2022-06-13T03:33:04.948+0000][1][safepoint    ] Entering safepoint region: CollectForMetadataAllocation
[2022-06-13T03:33:04.948+0000][1][safepoint    ] Leaving safepoint region
[2022-06-13T03:33:04.948+0000][1][safepoint    ] Total time for which application threads were stopped: 0.0005407 seconds, Stopping threads took: 0.0001899 seconds
[2022-06-13T03:33:05.170+0000][1][safepoint    ] Application time: 0.2214966 seconds
[2022-06-13T03:33:05.170+0000][1][safepoint    ] Entering safepoint region: GenCollectForAllocation
[2022-06-13T03:33:05.170+0000][1][gc,start     ] GC(17) Pause Young (Allocation Failure)
[2022-06-13T03:33:05.170+0000][1][gc,task      ] GC(17) Using 5 workers of 13 for evacuation
[2022-06-13T03:33:05.173+0000][1][gc,age       ] GC(17) Desired survivor size 4456448 bytes, new threshold 6 (max threshold 6)
[2022-06-13T03:33:05.174+0000][1][gc,age       ] GC(17) Age table with threshold 6 (max threshold 6)
[2022-06-13T03:33:05.174+0000][1][gc,age       ] GC(17) - age   1:    3766960 bytes,    3766960 total
[2022-06-13T03:33:05.174+0000][1][gc,age       ] GC(17) - age   2:     420112 bytes,    4187072 total
[2022-06-13T03:33:05.174+0000][1][gc,heap      ] GC(17) ParNew: 77298K->4995K(78656K)
[2022-06-13T03:33:05.174+0000][1][gc,heap      ] GC(17) CMS: 55562K->55562K(174784K)
[2022-06-13T03:33:05.174+0000][1][gc,metaspace ] GC(17) Metaspace: 42248K->42248K(1087488K)
[2022-06-13T03:33:05.174+0000][1][gc           ] GC(17) Pause Young (Allocation Failure) 129M->59M(247M) 3.941ms
[2022-06-13T03:33:05.174+0000][1][gc,cpu       ] GC(17) User=0.01s Sys=0.00s Real=0.00s
[2022-06-13T03:33:05.174+0000][1][safepoint    ] Leaving safepoint region
[2022-06-13T03:33:05.174+0000][1][safepoint    ] Total time for which application threads were stopped: 0.0044323 seconds, Stopping threads took: 0.0001830 seconds
[2022-06-13T03:33:05.175+0000][1][safepoint    ] Application time: 0.0001918 seconds
[2022-06-13T03:33:05.175+0000][1][safepoint    ] Entering safepoint region: CMS_Initial_Mark
[2022-06-13T03:33:05.175+0000][1][gc,start     ] GC(18) Pause Initial Mark
[2022-06-13T03:33:05.176+0000][1][gc           ] GC(18) Pause Initial Mark 60M->60M(247M) 0.913ms
[2022-06-13T03:33:05.176+0000][1][gc,cpu       ] GC(18) User=0.00s Sys=0.00s Real=0.00s
[2022-06-13T03:33:05.176+0000][1][safepoint    ] Leaving safepoint region
[2022-06-13T03:33:05.176+0000][1][safepoint    ] Total time for which application threads were stopped: 0.0014129 seconds, Stopping threads took: 0.0001333 seconds
[2022-06-13T03:33:05.176+0000][1][gc           ] GC(18) Concurrent Mark
[2022-06-13T03:33:05.177+0000][1][gc,task      ] GC(18) Using 4 workers of 4 for marking
[2022-06-13T03:33:05.178+0000][1][safepoint    ] Application time: 0.0019707 seconds
[2022-06-13T03:33:05.179+0000][1][safepoint    ] Entering safepoint region: CollectForMetadataAllocation
[2022-06-13T03:33:05.179+0000][1][safepoint    ] Leaving safepoint region
[2022-06-13T03:33:05.179+0000][1][safepoint    ] Total time for which application threads were stopped: 0.0003644 seconds, Stopping threads took: 0.0001394 seconds
[2022-06-13T03:33:05.194+0000][1][safepoint    ] Application time: 0.0146488 seconds
[2022-06-13T03:33:05.194+0000][1][safepoint    ] Entering safepoint region: CollectForMetadataAllocation
[2022-06-13T03:33:05.194+0000][1][safepoint    ] Leaving safepoint region
[2022-06-13T03:33:05.194+0000][1][safepoint    ] Total time for which application threads were stopped: 0.0003483 seconds, Stopping threads took: 0.0001204 seconds
[2022-06-13T03:33:05.196+0000][1][gc           ] GC(18) Concurrent Mark 19.249ms
[2022-06-13T03:33:05.196+0000][1][gc,cpu       ] GC(18) User=0.09s Sys=0.00s Real=0.02s
[2022-06-13T03:33:05.196+0000][1][gc           ] GC(18) Concurrent Preclean
[2022-06-13T03:33:05.197+0000][1][gc           ] GC(18) Concurrent Preclean 1.364ms
[2022-06-13T03:33:05.197+0000][1][gc,cpu       ] GC(18) User=0.00s Sys=0.00s Real=0.00s
[2022-06-13T03:33:05.198+0000][1][gc           ] GC(18) Concurrent Abortable Preclean
[2022-06-13T03:33:05.334+0000][1][safepoint    ] Application time: 0.1393242 seconds
[2022-06-13T03:33:05.334+0000][1][safepoint    ] Entering safepoint region: CollectForMetadataAllocation
[2022-06-13T03:33:05.335+0000][1][safepoint    ] Leaving safepoint region
[2022-06-13T03:33:05.335+0000][1][safepoint    ] Total time for which application threads were stopped: 0.0005662 seconds, Stopping threads took: 0.0002208 seconds
[2022-06-13T03:33:05.361+0000][1][safepoint    ] Application time: 0.0257666 seconds
[2022-06-13T03:33:05.361+0000][1][safepoint    ] Entering safepoint region: CollectForMetadataAllocation
[2022-06-13T03:33:05.361+0000][1][safepoint    ] Leaving safepoint region
[2022-06-13T03:33:05.362+0000][1][safepoint    ] Total time for which application threads were stopped: 0.0005504 seconds, Stopping threads took: 0.0002013 seconds
[2022-06-13T03:33:05.372+0000][1][safepoint    ] Application time: 0.0103289 seconds
[2022-06-13T03:33:05.376+0000][1][safepoint    ] Entering safepoint region: CollectForMetadataAllocation
[2022-06-13T03:33:05.377+0000][1][safepoint    ] Leaving safepoint region
[2022-06-13T03:33:05.377+0000][1][safepoint    ] Total time for which application threads were stopped: 0.0046660 seconds, Stopping threads took: 0.0042395 seconds
[2022-06-13T03:33:05.414+0000][1][safepoint    ] Application time: 0.0371700 seconds
[2022-06-13T03:33:05.415+0000][1][safepoint    ] Entering safepoint region: CollectForMetadataAllocation
[2022-06-13T03:33:05.415+0000][1][safepoint    ] Leaving safepoint region
[2022-06-13T03:33:05.416+0000][1][safepoint    ] Total time for which application threads were stopped: 0.0006723 seconds, Stopping threads took: 0.0001878 seconds
[2022-06-13T03:33:05.416+0000][1][gc           ] GC(18) Concurrent Abortable Preclean 218.323ms
[2022-06-13T03:33:05.416+0000][1][gc,cpu       ] GC(18) User=1.11s Sys=0.03s Real=0.22s
[2022-06-13T03:33:05.416+0000][1][safepoint    ] Application time: 0.0004427 seconds
[2022-06-13T03:33:05.416+0000][1][safepoint    ] Entering safepoint region: CMS_Final_Remark
[2022-06-13T03:33:05.417+0000][1][gc,start     ] GC(18) Pause Remark
[2022-06-13T03:33:05.433+0000][1][gc           ] GC(18) Pause Remark 96M->96M(247M) 16.550ms
[2022-06-13T03:33:05.434+0000][1][gc,cpu       ] GC(18) User=0.06s Sys=0.00s Real=0.02s
[2022-06-13T03:33:05.434+0000][1][safepoint    ] Leaving safepoint region
[2022-06-13T03:33:05.434+0000][1][safepoint    ] Total time for which application threads were stopped: 0.0175311 seconds, Stopping threads took: 0.0001986 seconds
[2022-06-13T03:33:05.443+0000][1][gc           ] GC(18) Concurrent Sweep
[2022-06-13T03:33:05.450+0000][1][safepoint    ] Application time: 0.0162987 seconds
[2022-06-13T03:33:05.451+0000][1][safepoint    ] Entering safepoint region: CollectForMetadataAllocation
[2022-06-13T03:33:05.452+0000][1][safepoint    ] Leaving safepoint region
[2022-06-13T03:33:05.452+0000][1][safepoint    ] Total time for which application threads were stopped: 0.0012075 seconds, Stopping threads took: 0.0001976 seconds
[2022-06-13T03:33:05.453+0000][1][safepoint    ] Application time: 0.0013230 seconds
[2022-06-13T03:33:05.453+0000][1][safepoint    ] Entering safepoint region: CollectForMetadataAllocation
[2022-06-13T03:33:05.454+0000][1][safepoint    ] Leaving safepoint region
[2022-06-13T03:33:05.454+0000][1][safepoint    ] Total time for which application threads were stopped: 0.0004703 seconds, Stopping threads took: 0.0001881 seconds
[2022-06-13T03:33:05.466+0000][1][gc           ] GC(18) Concurrent Sweep 23.967ms
[2022-06-13T03:33:05.467+0000][1][gc,cpu       ] GC(18) User=0.08s Sys=0.00s Real=0.02s
[2022-06-13T03:33:05.467+0000][1][gc           ] GC(18) Concurrent Reset
[2022-06-13T03:33:05.468+0000][1][gc           ] GC(18) Concurrent Reset 0.861ms
[2022-06-13T03:33:05.468+0000][1][gc,cpu       ] GC(18) User=0.00s Sys=0.00s Real=0.00s
[2022-06-13T03:33:05.468+0000][1][gc,heap      ] GC(18) Old: 55562K->55347K(174784K)
[2022-06-13T03:33:05.521+0000][1][safepoint    ] Application time: 0.0669015 seconds
[2022-06-13T03:33:05.521+0000][1][safepoint    ] Entering safepoint region: RevokeBias
[2022-06-13T03:33:05.521+0000][1][safepoint    ] Leaving safepoint region
[2022-06-13T03:33:05.522+0000][1][safepoint    ] Total time for which application threads were stopped: 0.0003007 seconds, Stopping threads took: 0.0001340 seconds
[2022-06-13T03:33:05.525+0000][1][safepoint    ] Application time: 0.0029947 seconds
[2022-06-13T03:33:05.525+0000][1][safepoint    ] Entering safepoint region: RevokeBias
[2022-06-13T03:33:05.525+0000][1][safepoint    ] Leaving safepoint region
[2022-06-13T03:33:05.525+0000][1][safepoint    ] Total time for which application threads were stopped: 0.0004003 seconds, Stopping threads took: 0.0001798 seconds
[2022-06-13T03:33:05.646+0000][1][safepoint    ] Application time: 0.1207269 seconds
[2022-06-13T03:33:05.647+0000][1][safepoint    ] Entering safepoint region: RevokeBias
[2022-06-13T03:33:05.647+0000][1][safepoint    ] Leaving safepoint region
[2022-06-13T03:33:05.647+0000][1][safepoint    ] Total time for which application threads were stopped: 0.0008981 seconds, Stopping threads took: 0.0002857 seconds
[2022-06-13T03:33:05.648+0000][1][safepoint    ] Application time: 0.0001133 seconds
[2022-06-13T03:33:05.648+0000][1][safepoint    ] Entering safepoint region: RevokeBias
[2022-06-13T03:33:05.648+0000][1][safepoint    ] Leaving safepoint region
[2022-06-13T03:33:05.648+0000][1][safepoint    ] Total time for which application threads were stopped: 0.0003893 seconds, Stopping threads took: 0.0002062 seconds
[2022-06-13T03:33:05.649+0000][1][safepoint    ] Application time: 0.0002725 seconds
[2022-06-13T03:33:05.649+0000][1][safepoint    ] Entering safepoint region: RevokeBias
[2022-06-13T03:33:05.649+0000][1][safepoint    ] Leaving safepoint region
[2022-06-13T03:33:05.649+0000][1][safepoint    ] Total time for which application threads were stopped: 0.0003336 seconds, Stopping threads took: 0.0001649 seconds
[2022-06-13T03:33:05.649+0000][1][safepoint    ] Application time: 0.0000960 seconds
[2022-06-13T03:33:05.649+0000][1][safepoint    ] Entering safepoint region: RevokeBias
[2022-06-13T03:33:05.650+0000][1][safepoint    ] Leaving safepoint region
[2022-06-13T03:33:05.650+0000][1][safepoint    ] Total time for which application threads were stopped: 0.0003485 seconds, Stopping threads took: 0.0001643 seconds
[2022-06-13T03:33:05.705+0000][1][safepoint    ] Application time: 0.0548196 seconds
[2022-06-13T03:33:05.705+0000][1][safepoint    ] Entering safepoint region: RevokeBias
[2022-06-13T03:33:05.705+0000][1][safepoint    ] Leaving safepoint region
[2022-06-13T03:33:05.706+0000][1][safepoint    ] Total time for which application threads were stopped: 0.0004591 seconds, Stopping threads took: 0.0002218 seconds
[2022-06-13T03:33:05.706+0000][1][safepoint    ] Application time: 0.0001241 seconds
[2022-06-13T03:33:05.706+0000][1][safepoint    ] Entering safepoint region: RevokeBias
[2022-06-13T03:33:05.706+0000][1][safepoint    ] Leaving safepoint region
[2022-06-13T03:33:05.706+0000][1][safepoint    ] Total time for which application threads were stopped: 0.0004067 seconds, Stopping threads took: 0.0002257 seconds
[2022-06-13T03:33:05.707+0000][1][safepoint    ] Application time: 0.0000442 seconds
[2022-06-13T03:33:05.707+0000][1][safepoint    ] Entering safepoint region: RevokeBias
[2022-06-13T03:33:05.707+0000][1][safepoint    ] Leaving safepoint region
[2022-06-13T03:33:05.707+0000][1][safepoint    ] Total time for which application threads were stopped: 0.0003324 seconds, Stopping threads took: 0.0001554 seconds
[2022-06-13T03:33:05.707+0000][1][safepoint    ] Application time: 0.0001405 seconds
[2022-06-13T03:33:05.707+0000][1][safepoint    ] Entering safepoint region: RevokeBias
[2022-06-13T03:33:05.708+0000][1][safepoint    ] Leaving safepoint region
[2022-06-13T03:33:05.708+0000][1][safepoint    ] Total time for which application threads were stopped: 0.0002822 seconds, Stopping threads took: 0.0001223 seconds
[2022-06-13T03:33:05.708+0000][1][safepoint    ] Application time: 0.0002298 seconds
[2022-06-13T03:33:05.708+0000][1][safepoint    ] Entering safepoint region: RevokeBias
[2022-06-13T03:33:05.708+0000][1][safepoint    ] Leaving safepoint region
[2022-06-13T03:33:05.709+0000][1][safepoint    ] Total time for which application threads were stopped: 0.0004231 seconds, Stopping threads took: 0.0002368 seconds
[2022-06-13T03:33:05.709+0000][1][safepoint    ] Application time: 0.0001141 seconds
[2022-06-13T03:33:05.709+0000][1][safepoint    ] Entering safepoint region: RevokeBias
[2022-06-13T03:33:05.709+0000][1][safepoint    ] Leaving safepoint region
[2022-06-13T03:33:05.710+0000][1][safepoint    ] Total time for which application threads were stopped: 0.0009709 seconds, Stopping threads took: 0.0001711 seconds
[2022-06-13T03:33:05.711+0000][1][safepoint    ] Application time: 0.0005550 seconds
[2022-06-13T03:33:05.711+0000][1][safepoint    ] Entering safepoint region: RevokeBias
[2022-06-13T03:33:05.711+0000][1][safepoint    ] Leaving safepoint region
[2022-06-13T03:33:05.711+0000][1][safepoint    ] Total time for which application threads were stopped: 0.0003910 seconds, Stopping threads took: 0.0001758 seconds
[2022-06-13T03:33:05.712+0000][1][safepoint    ] Application time: 0.0001043 seconds
[2022-06-13T03:33:05.712+0000][1][safepoint    ] Entering safepoint region: RevokeBias
[2022-06-13T03:33:05.712+0000][1][safepoint    ] Leaving safepoint region
[2022-06-13T03:33:05.712+0000][1][safepoint    ] Total time for which application threads were stopped: 0.0003595 seconds, Stopping threads took: 0.0001755 seconds
[2022-06-13T03:33:05.712+0000][1][safepoint    ] Application time: 0.0001612 seconds
[2022-06-13T03:33:05.712+0000][1][safepoint    ] Entering safepoint region: RevokeBias
[2022-06-13T03:33:05.713+0000][1][safepoint    ] Leaving safepoint region
[2022-06-13T03:33:05.713+0000][1][safepoint    ] Total time for which application threads were stopped: 0.0002807 seconds, Stopping threads took: 0.0001295 seconds
[2022-06-13T03:33:05.713+0000][1][safepoint    ] Application time: 0.0000707 seconds
[2022-06-13T03:33:05.713+0000][1][safepoint    ] Entering safepoint region: RevokeBias
[2022-06-13T03:33:05.713+0000][1][safepoint    ] Leaving safepoint region
[2022-06-13T03:33:05.713+0000][1][safepoint    ] Total time for which application threads were stopped: 0.0002963 seconds, Stopping threads took: 0.0001338 seconds
[2022-06-13T03:33:05.714+0000][1][safepoint    ] Application time: 0.0000740 seconds
[2022-06-13T03:33:05.714+0000][1][safepoint    ] Entering safepoint region: RevokeBias
[2022-06-13T03:33:05.714+0000][1][safepoint    ] Leaving safepoint region
[2022-06-13T03:33:05.714+0000][1][safepoint    ] Total time for which application threads were stopped: 0.0002877 seconds, Stopping threads took: 0.0001081 seconds
[2022-06-13T03:33:05.714+0000][1][safepoint    ] Application time: 0.0000827 seconds
[2022-06-13T03:33:05.714+0000][1][safepoint    ] Entering safepoint region: RevokeBias
[2022-06-13T03:33:05.714+0000][1][safepoint    ] Leaving safepoint region
[2022-06-13T03:33:05.715+0000][1][safepoint    ] Total time for which application threads were stopped: 0.0003201 seconds, Stopping threads took: 0.0001636 seconds
[2022-06-13T03:33:05.715+0000][1][safepoint    ] Application time: 0.0000989 seconds
[2022-06-13T03:33:05.715+0000][1][safepoint    ] Entering safepoint region: RevokeBias
[2022-06-13T03:33:05.715+0000][1][safepoint    ] Leaving safepoint region
[2022-06-13T03:33:05.715+0000][1][safepoint    ] Total time for which application threads were stopped: 0.0003047 seconds, Stopping threads took: 0.0001324 seconds
[2022-06-13T03:33:05.715+0000][1][safepoint    ] Application time: 0.0000830 seconds
[2022-06-13T03:33:05.716+0000][1][safepoint    ] Entering safepoint region: RevokeBias
[2022-06-13T03:33:05.716+0000][1][safepoint    ] Leaving safepoint region
[2022-06-13T03:33:05.716+0000][1][safepoint    ] Total time for which application threads were stopped: 0.0003130 seconds, Stopping threads took: 0.0001449 seconds
[2022-06-13T03:33:05.716+0000][1][safepoint    ] Application time: 0.0000835 seconds
[2022-06-13T03:33:05.716+0000][1][safepoint    ] Entering safepoint region: RevokeBias
[2022-06-13T03:33:05.716+0000][1][safepoint    ] Leaving safepoint region
[2022-06-13T03:33:05.717+0000][1][safepoint    ] Total time for which application threads were stopped: 0.0003069 seconds, Stopping threads took: 0.0001311 seconds
[2022-06-13T03:33:05.717+0000][1][safepoint    ] Application time: 0.0000805 seconds
[2022-06-13T03:33:05.717+0000][1][safepoint    ] Entering safepoint region: RevokeBias
[2022-06-13T03:33:05.717+0000][1][safepoint    ] Leaving safepoint region
[2022-06-13T03:33:05.717+0000][1][safepoint    ] Total time for which application threads were stopped: 0.0003510 seconds, Stopping threads took: 0.0001629 seconds
[2022-06-13T03:33:05.718+0000][1][safepoint    ] Application time: 0.0000698 seconds
[2022-06-13T03:33:05.718+0000][1][safepoint    ] Entering safepoint region: RevokeBias
[2022-06-13T03:33:05.718+0000][1][safepoint    ] Leaving safepoint region
[2022-06-13T03:33:05.718+0000][1][safepoint    ] Total time for which application threads were stopped: 0.0003494 seconds, Stopping threads took: 0.0001375 seconds
[2022-06-13T03:33:05.718+0000][1][safepoint    ] Application time: 0.0000740 seconds
[2022-06-13T03:33:05.718+0000][1][safepoint    ] Entering safepoint region: RevokeBias
[2022-06-13T03:33:05.719+0000][1][safepoint    ] Leaving safepoint region
[2022-06-13T03:33:05.719+0000][1][safepoint    ] Total time for which application threads were stopped: 0.0002958 seconds, Stopping threads took: 0.0001355 seconds
[2022-06-13T03:33:05.719+0000][1][safepoint    ] Application time: 0.0000654 seconds
[2022-06-13T03:33:05.719+0000][1][safepoint    ] Entering safepoint region: RevokeBias
[2022-06-13T03:33:05.719+0000][1][safepoint    ] Leaving safepoint region
[2022-06-13T03:33:05.719+0000][1][safepoint    ] Total time for which application threads were stopped: 0.0003539 seconds, Stopping threads took: 0.0001551 seconds
[2022-06-13T03:33:05.720+0000][1][safepoint    ] Application time: 0.0000735 seconds
[2022-06-13T03:33:05.720+0000][1][safepoint    ] Entering safepoint region: RevokeBias
[2022-06-13T03:33:05.720+0000][1][safepoint    ] Leaving safepoint region
[2022-06-13T03:33:05.720+0000][1][safepoint    ] Total time for which application threads were stopped: 0.0002844 seconds, Stopping threads took: 0.0001237 seconds
[2022-06-13T03:33:05.720+0000][1][safepoint    ] Application time: 0.0000708 seconds
[2022-06-13T03:33:05.720+0000][1][safepoint    ] Entering safepoint region: RevokeBias
[2022-06-13T03:33:05.720+0000][1][safepoint    ] Leaving safepoint region
[2022-06-13T03:33:05.721+0000][1][safepoint    ] Total time for which application threads were stopped: 0.0002800 seconds, Stopping threads took: 0.0001269 seconds
[2022-06-13T03:33:05.721+0000][1][safepoint    ] Application time: 0.0000609 seconds
[2022-06-13T03:33:05.721+0000][1][safepoint    ] Entering safepoint region: RevokeBias
[2022-06-13T03:33:05.721+0000][1][safepoint    ] Leaving safepoint region
[2022-06-13T03:33:05.721+0000][1][safepoint    ] Total time for which application threads were stopped: 0.0002262 seconds, Stopping threads took: 0.0000968 seconds
[2022-06-13T03:33:05.721+0000][1][safepoint    ] Application time: 0.0000716 seconds
[2022-06-13T03:33:05.721+0000][1][safepoint    ] Entering safepoint region: RevokeBias
[2022-06-13T03:33:05.721+0000][1][safepoint    ] Leaving safepoint region
[2022-06-13T03:33:05.722+0000][1][safepoint    ] Total time for which application threads were stopped: 0.0002227 seconds, Stopping threads took: 0.0001003 seconds
[2022-06-13T03:33:05.722+0000][1][safepoint    ] Application time: 0.0000658 seconds
[2022-06-13T03:33:05.722+0000][1][safepoint    ] Entering safepoint region: RevokeBias
[2022-06-13T03:33:05.722+0000][1][safepoint    ] Leaving safepoint region
[2022-06-13T03:33:05.722+0000][1][safepoint    ] Total time for which application threads were stopped: 0.0002420 seconds, Stopping threads took: 0.0001183 seconds
[2022-06-13T03:33:05.722+0000][1][safepoint    ] Application time: 0.0000694 seconds
[2022-06-13T03:33:05.722+0000][1][safepoint    ] Entering safepoint region: RevokeBias
[2022-06-13T03:33:05.723+0000][1][safepoint    ] Leaving safepoint region
[2022-06-13T03:33:05.723+0000][1][safepoint    ] Total time for which application threads were stopped: 0.0002092 seconds, Stopping threads took: 0.0000970 seconds
[2022-06-13T03:33:05.723+0000][1][safepoint    ] Application time: 0.0000627 seconds
[2022-06-13T03:33:05.723+0000][1][safepoint    ] Entering safepoint region: BulkRevokeBias
[2022-06-13T03:33:05.723+0000][1][safepoint    ] Leaving safepoint region
[2022-06-13T03:33:05.723+0000][1][safepoint    ] Total time for which application threads were stopped: 0.0002746 seconds, Stopping threads took: 0.0001048 seconds
[2022-06-13T03:33:05.723+0000][1][safepoint    ] Application time: 0.0002060 seconds
[2022-06-13T03:33:05.724+0000][1][safepoint    ] Entering safepoint region: RevokeBias
[2022-06-13T03:33:05.724+0000][1][safepoint    ] Leaving safepoint region
[2022-06-13T03:33:05.724+0000][1][safepoint    ] Total time for which application threads were stopped: 0.0003351 seconds, Stopping threads took: 0.0001296 seconds
[2022-06-13T03:33:05.724+0000][1][safepoint    ] Application time: 0.0001403 seconds
[2022-06-13T03:33:05.724+0000][1][safepoint    ] Entering safepoint region: RevokeBias
[2022-06-13T03:33:05.725+0000][1][safepoint    ] Leaving safepoint region
[2022-06-13T03:33:05.725+0000][1][safepoint    ] Total time for which application threads were stopped: 0.0003616 seconds, Stopping threads took: 0.0001478 seconds
[2022-06-13T03:33:05.725+0000][1][safepoint    ] Application time: 0.0001686 seconds
[2022-06-13T03:33:05.725+0000][1][safepoint    ] Entering safepoint region: RevokeBias
[2022-06-13T03:33:05.725+0000][1][safepoint    ] Leaving safepoint region
[2022-06-13T03:33:05.726+0000][1][safepoint    ] Total time for which application threads were stopped: 0.0003370 seconds, Stopping threads took: 0.0001481 seconds
[2022-06-13T03:33:05.726+0000][1][safepoint    ] Application time: 0.0001243 seconds
[2022-06-13T03:33:05.726+0000][1][safepoint    ] Entering safepoint region: RevokeBias
[2022-06-13T03:33:05.727+0000][1][safepoint    ] Leaving safepoint region
[2022-06-13T03:33:05.727+0000][1][safepoint    ] Total time for which application threads were stopped: 0.0005978 seconds, Stopping threads took: 0.0003792 seconds
[2022-06-13T03:33:05.727+0000][1][safepoint    ] Application time: 0.0001031 seconds
[2022-06-13T03:33:05.727+0000][1][safepoint    ] Entering safepoint region: RevokeBias
[2022-06-13T03:33:05.727+0000][1][safepoint    ] Leaving safepoint region
[2022-06-13T03:33:05.728+0000][1][safepoint    ] Total time for which application threads were stopped: 0.0003022 seconds, Stopping threads took: 0.0001075 seconds
[2022-06-13T03:33:05.728+0000][1][safepoint    ] Application time: 0.0000982 seconds
[2022-06-13T03:33:05.728+0000][1][safepoint    ] Entering safepoint region: RevokeBias
[2022-06-13T03:33:05.728+0000][1][safepoint    ] Leaving safepoint region
[2022-06-13T03:33:05.728+0000][1][safepoint    ] Total time for which application threads were stopped: 0.0003071 seconds, Stopping threads took: 0.0001387 seconds
[2022-06-13T03:33:05.728+0000][1][safepoint    ] Application time: 0.0000899 seconds
[2022-06-13T03:33:05.729+0000][1][safepoint    ] Entering safepoint region: RevokeBias
[2022-06-13T03:33:05.729+0000][1][safepoint    ] Leaving safepoint region
[2022-06-13T03:33:05.729+0000][1][safepoint    ] Total time for which application threads were stopped: 0.0003159 seconds, Stopping threads took: 0.0001394 seconds
[2022-06-13T03:33:05.729+0000][1][safepoint    ] Application time: 0.0000934 seconds
[2022-06-13T03:33:05.729+0000][1][safepoint    ] Entering safepoint region: RevokeBias
[2022-06-13T03:33:05.730+0000][1][safepoint    ] Leaving safepoint region
[2022-06-13T03:33:05.730+0000][1][safepoint    ] Total time for which application threads were stopped: 0.0003527 seconds, Stopping threads took: 0.0001738 seconds
[2022-06-13T03:33:05.730+0000][1][safepoint    ] Application time: 0.0001276 seconds
[2022-06-13T03:33:05.730+0000][1][safepoint    ] Entering safepoint region: RevokeBias
[2022-06-13T03:33:05.730+0000][1][safepoint    ] Leaving safepoint region
[2022-06-13T03:33:05.730+0000][1][safepoint    ] Total time for which application threads were stopped: 0.0003534 seconds, Stopping threads took: 0.0001715 seconds
[2022-06-13T03:33:05.731+0000][1][safepoint    ] Application time: 0.0000986 seconds
[2022-06-13T03:33:05.731+0000][1][safepoint    ] Entering safepoint region: RevokeBias
[2022-06-13T03:33:05.731+0000][1][safepoint    ] Leaving safepoint region
[2022-06-13T03:33:05.731+0000][1][safepoint    ] Total time for which application threads were stopped: 0.0002720 seconds, Stopping threads took: 0.0001117 seconds
[2022-06-13T03:33:05.731+0000][1][safepoint    ] Application time: 0.0000738 seconds
[2022-06-13T03:33:05.731+0000][1][safepoint    ] Entering safepoint region: RevokeBias
[2022-06-13T03:33:05.732+0000][1][safepoint    ] Leaving safepoint region
[2022-06-13T03:33:05.732+0000][1][safepoint    ] Total time for which application threads were stopped: 0.0002963 seconds, Stopping threads took: 0.0001204 seconds
[2022-06-13T03:33:05.732+0000][1][safepoint    ] Application time: 0.0000326 seconds
[2022-06-13T03:33:05.732+0000][1][safepoint    ] Entering safepoint region: RevokeBias
[2022-06-13T03:33:05.732+0000][1][safepoint    ] Leaving safepoint region
[2022-06-13T03:33:05.732+0000][1][safepoint    ] Total time for which application threads were stopped: 0.0002926 seconds, Stopping threads took: 0.0001258 seconds
[2022-06-13T03:33:05.732+0000][1][safepoint    ] Application time: 0.0000711 seconds
[2022-06-13T03:33:05.733+0000][1][safepoint    ] Entering safepoint region: RevokeBias
[2022-06-13T03:33:05.733+0000][1][safepoint    ] Leaving safepoint region
[2022-06-13T03:33:05.733+0000][1][safepoint    ] Total time for which application threads were stopped: 0.0003742 seconds, Stopping threads took: 0.0002114 seconds
[2022-06-13T03:33:05.733+0000][1][safepoint    ] Application time: 0.0000401 seconds
[2022-06-13T03:33:05.733+0000][1][safepoint    ] Entering safepoint region: RevokeBias
[2022-06-13T03:33:05.733+0000][1][safepoint    ] Leaving safepoint region
[2022-06-13T03:33:05.734+0000][1][safepoint    ] Total time for which application threads were stopped: 0.0003009 seconds, Stopping threads took: 0.0001329 seconds
[2022-06-13T03:33:05.734+0000][1][safepoint    ] Application time: 0.0000816 seconds
[2022-06-13T03:33:05.734+0000][1][safepoint    ] Entering safepoint region: RevokeBias
[2022-06-13T03:33:05.734+0000][1][safepoint    ] Leaving safepoint region
[2022-06-13T03:33:05.734+0000][1][safepoint    ] Total time for which application threads were stopped: 0.0002660 seconds, Stopping threads took: 0.0001278 seconds
[2022-06-13T03:33:05.734+0000][1][safepoint    ] Application time: 0.0000597 seconds
[2022-06-13T03:33:05.734+0000][1][safepoint    ] Entering safepoint region: RevokeBias
[2022-06-13T03:33:05.735+0000][1][safepoint    ] Leaving safepoint region
[2022-06-13T03:33:05.735+0000][1][safepoint    ] Total time for which application threads were stopped: 0.0006380 seconds, Stopping threads took: 0.0004256 seconds
[2022-06-13T03:33:05.735+0000][1][safepoint    ] Application time: 0.0000795 seconds
[2022-06-13T03:33:05.735+0000][1][safepoint    ] Entering safepoint region: RevokeBias
[2022-06-13T03:33:05.736+0000][1][safepoint    ] Leaving safepoint region
[2022-06-13T03:33:05.736+0000][1][safepoint    ] Total time for which application threads were stopped: 0.0002934 seconds, Stopping threads took: 0.0001128 seconds
[2022-06-13T03:33:05.736+0000][1][safepoint    ] Application time: 0.0000701 seconds
[2022-06-13T03:33:05.736+0000][1][safepoint    ] Entering safepoint region: RevokeBias
[2022-06-13T03:33:05.736+0000][1][safepoint    ] Leaving safepoint region
[2022-06-13T03:33:05.736+0000][1][safepoint    ] Total time for which application threads were stopped: 0.0002448 seconds, Stopping threads took: 0.0001045 seconds
[2022-06-13T03:33:05.736+0000][1][safepoint    ] Application time: 0.0000751 seconds
[2022-06-13T03:33:05.737+0000][1][safepoint    ] Entering safepoint region: RevokeBias
[2022-06-13T03:33:05.737+0000][1][safepoint    ] Leaving safepoint region
[2022-06-13T03:33:05.737+0000][1][safepoint    ] Total time for which application threads were stopped: 0.0002637 seconds, Stopping threads took: 0.0001086 seconds
[2022-06-13T03:33:05.737+0000][1][safepoint    ] Application time: 0.0000783 seconds
[2022-06-13T03:33:05.737+0000][1][safepoint    ] Entering safepoint region: RevokeBias
[2022-06-13T03:33:05.737+0000][1][safepoint    ] Leaving safepoint region
[2022-06-13T03:33:05.737+0000][1][safepoint    ] Total time for which application threads were stopped: 0.0002104 seconds, Stopping threads took: 0.0000938 seconds
[2022-06-13T03:33:05.737+0000][1][safepoint    ] Application time: 0.0000787 seconds
[2022-06-13T03:33:05.738+0000][1][safepoint    ] Entering safepoint region: RevokeBias
[2022-06-13T03:33:05.738+0000][1][safepoint    ] Leaving safepoint region
[2022-06-13T03:33:05.738+0000][1][safepoint    ] Total time for which application threads were stopped: 0.0001892 seconds, Stopping threads took: 0.0000822 seconds
[2022-06-13T03:33:05.738+0000][1][safepoint    ] Application time: 0.0000647 seconds
[2022-06-13T03:33:05.738+0000][1][safepoint    ] Entering safepoint region: RevokeBias
[2022-06-13T03:33:05.738+0000][1][safepoint    ] Leaving safepoint region
[2022-06-13T03:33:05.738+0000][1][safepoint    ] Total time for which application threads were stopped: 0.0001729 seconds, Stopping threads took: 0.0000763 seconds
[2022-06-13T03:33:05.738+0000][1][safepoint    ] Application time: 0.0000666 seconds
[2022-06-13T03:33:05.738+0000][1][safepoint    ] Entering safepoint region: RevokeBias
[2022-06-13T03:33:05.738+0000][1][safepoint    ] Leaving safepoint region
[2022-06-13T03:33:05.739+0000][1][safepoint    ] Total time for which application threads were stopped: 0.0001764 seconds, Stopping threads took: 0.0000817 seconds
[2022-06-13T03:33:05.739+0000][1][safepoint    ] Application time: 0.0000721 seconds
[2022-06-13T03:33:05.739+0000][1][safepoint    ] Entering safepoint region: BulkRevokeBias
[2022-06-13T03:33:05.739+0000][1][safepoint    ] Leaving safepoint region
[2022-06-13T03:33:05.739+0000][1][safepoint    ] Total time for which application threads were stopped: 0.0002365 seconds, Stopping threads took: 0.0000817 seconds
[2022-06-13T03:33:05.739+0000][1][safepoint    ] Application time: 0.0003577 seconds
[2022-06-13T03:33:05.740+0000][1][safepoint    ] Entering safepoint region: RevokeBias
[2022-06-13T03:33:05.740+0000][1][safepoint    ] Leaving safepoint region
[2022-06-13T03:33:05.740+0000][1][safepoint    ] Total time for which application threads were stopped: 0.0004245 seconds, Stopping threads took: 0.0002436 seconds
[2022-06-13T03:33:05.740+0000][1][safepoint    ] Application time: 0.0000938 seconds
[2022-06-13T03:33:05.740+0000][1][safepoint    ] Entering safepoint region: RevokeBias
[2022-06-13T03:33:05.741+0000][1][safepoint    ] Leaving safepoint region
[2022-06-13T03:33:05.741+0000][1][safepoint    ] Total time for which application threads were stopped: 0.0003056 seconds, Stopping threads took: 0.0001431 seconds
[2022-06-13T03:33:05.741+0000][1][safepoint    ] Application time: 0.0001532 seconds
[2022-06-13T03:33:05.741+0000][1][safepoint    ] Entering safepoint region: RevokeBias
[2022-06-13T03:33:05.741+0000][1][safepoint    ] Leaving safepoint region
[2022-06-13T03:33:05.742+0000][1][safepoint    ] Total time for which application threads were stopped: 0.0003281 seconds, Stopping threads took: 0.0001641 seconds
[2022-06-13T03:33:05.742+0000][1][safepoint    ] Application time: 0.0000618 seconds
[2022-06-13T03:33:05.742+0000][1][safepoint    ] Entering safepoint region: RevokeBias
[2022-06-13T03:33:05.742+0000][1][safepoint    ] Leaving safepoint region
[2022-06-13T03:33:05.742+0000][1][safepoint    ] Total time for which application threads were stopped: 0.0003027 seconds, Stopping threads took: 0.0001426 seconds
[2022-06-13T03:33:05.742+0000][1][safepoint    ] Application time: 0.0000923 seconds
[2022-06-13T03:33:05.743+0000][1][safepoint    ] Entering safepoint region: RevokeBias
[2022-06-13T03:33:05.743+0000][1][safepoint    ] Leaving safepoint region
[2022-06-13T03:33:05.743+0000][1][safepoint    ] Total time for which application threads were stopped: 0.0007125 seconds, Stopping threads took: 0.0005147 seconds
[2022-06-13T03:33:05.743+0000][1][safepoint    ] Application time: 0.0000731 seconds
[2022-06-13T03:33:05.744+0000][1][safepoint    ] Entering safepoint region: RevokeBias
[2022-06-13T03:33:05.744+0000][1][safepoint    ] Leaving safepoint region
[2022-06-13T03:33:05.744+0000][1][safepoint    ] Total time for which application threads were stopped: 0.0004738 seconds, Stopping threads took: 0.0002521 seconds
[2022-06-13T03:33:05.744+0000][1][safepoint    ] Application time: 0.0003355 seconds
[2022-06-13T03:33:05.745+0000][1][safepoint    ] Entering safepoint region: RevokeBias
[2022-06-13T03:33:05.745+0000][1][safepoint    ] Leaving safepoint region
[2022-06-13T03:33:05.745+0000][1][safepoint    ] Total time for which application threads were stopped: 0.0002906 seconds, Stopping threads took: 0.0001295 seconds
[2022-06-13T03:33:05.745+0000][1][safepoint    ] Application time: 0.0003479 seconds
[2022-06-13T03:33:05.746+0000][1][safepoint    ] Entering safepoint region: RevokeBias
[2022-06-13T03:33:05.746+0000][1][safepoint    ] Leaving safepoint region
[2022-06-13T03:33:05.746+0000][1][safepoint    ] Total time for which application threads were stopped: 0.0007942 seconds, Stopping threads took: 0.0005987 seconds
[2022-06-13T03:33:05.747+0000][1][safepoint    ] Application time: 0.0003701 seconds
[2022-06-13T03:33:05.747+0000][1][safepoint    ] Entering safepoint region: RevokeBias
[2022-06-13T03:33:05.747+0000][1][safepoint    ] Leaving safepoint region
[2022-06-13T03:33:05.747+0000][1][safepoint    ] Total time for which application threads were stopped: 0.0003444 seconds, Stopping threads took: 0.0001751 seconds
[2022-06-13T03:33:05.748+0000][1][safepoint    ] Application time: 0.0003700 seconds
[2022-06-13T03:33:05.748+0000][1][safepoint    ] Entering safepoint region: RevokeBias
[2022-06-13T03:33:05.748+0000][1][safepoint    ] Leaving safepoint region
[2022-06-13T03:33:05.748+0000][1][safepoint    ] Total time for which application threads were stopped: 0.0004959 seconds, Stopping threads took: 0.0002279 seconds
[2022-06-13T03:33:05.749+0000][1][safepoint    ] Application time: 0.0001268 seconds
[2022-06-13T03:33:05.749+0000][1][safepoint    ] Entering safepoint region: RevokeBias
[2022-06-13T03:33:05.749+0000][1][safepoint    ] Leaving safepoint region
[2022-06-13T03:33:05.749+0000][1][safepoint    ] Total time for which application threads were stopped: 0.0004200 seconds, Stopping threads took: 0.0001697 seconds
[2022-06-13T03:33:05.750+0000][1][safepoint    ] Application time: 0.0001538 seconds
[2022-06-13T03:33:05.750+0000][1][safepoint    ] Entering safepoint region: RevokeBias
[2022-06-13T03:33:05.750+0000][1][safepoint    ] Leaving safepoint region
[2022-06-13T03:33:05.750+0000][1][safepoint    ] Total time for which application threads were stopped: 0.0006621 seconds, Stopping threads took: 0.0005064 seconds
[2022-06-13T03:33:05.751+0000][1][safepoint    ] Application time: 0.0000962 seconds
[2022-06-13T03:33:05.751+0000][1][safepoint    ] Entering safepoint region: RevokeBias
[2022-06-13T03:33:05.751+0000][1][safepoint    ] Leaving safepoint region
[2022-06-13T03:33:05.751+0000][1][safepoint    ] Total time for which application threads were stopped: 0.0003058 seconds, Stopping threads took: 0.0001453 seconds
[2022-06-13T03:33:05.751+0000][1][safepoint    ] Application time: 0.0003465 seconds
[2022-06-13T03:33:05.752+0000][1][safepoint    ] Entering safepoint region: RevokeBias
[2022-06-13T03:33:05.752+0000][1][safepoint    ] Leaving safepoint region
[2022-06-13T03:33:05.752+0000][1][safepoint    ] Total time for which application threads were stopped: 0.0003676 seconds, Stopping threads took: 0.0001733 seconds
[2022-06-13T03:33:05.753+0000][1][safepoint    ] Application time: 0.0012568 seconds
[2022-06-13T03:33:05.754+0000][1][safepoint    ] Entering safepoint region: RevokeBias
[2022-06-13T03:33:05.754+0000][1][safepoint    ] Leaving safepoint region
[2022-06-13T03:33:05.754+0000][1][safepoint    ] Total time for which application threads were stopped: 0.0003590 seconds, Stopping threads took: 0.0001809 seconds
[2022-06-13T03:33:05.754+0000][1][safepoint    ] Application time: 0.0001384 seconds
[2022-06-13T03:33:05.754+0000][1][safepoint    ] Entering safepoint region: RevokeBias
[2022-06-13T03:33:05.755+0000][1][safepoint    ] Leaving safepoint region
[2022-06-13T03:33:05.755+0000][1][safepoint    ] Total time for which application threads were stopped: 0.0003060 seconds, Stopping threads took: 0.0001507 seconds
[2022-06-13T03:33:05.755+0000][1][safepoint    ] Application time: 0.0000893 seconds
[2022-06-13T03:33:05.755+0000][1][safepoint    ] Entering safepoint region: RevokeBias
[2022-06-13T03:33:05.755+0000][1][safepoint    ] Leaving safepoint region
[2022-06-13T03:33:05.755+0000][1][safepoint    ] Total time for which application threads were stopped: 0.0002841 seconds, Stopping threads took: 0.0001229 seconds
[2022-06-13T03:33:05.757+0000][1][safepoint    ] Application time: 0.0016800 seconds
[2022-06-13T03:33:05.757+0000][1][safepoint    ] Entering safepoint region: RevokeBias
[2022-06-13T03:33:05.757+0000][1][safepoint    ] Leaving safepoint region
[2022-06-13T03:33:05.758+0000][1][safepoint    ] Total time for which application threads were stopped: 0.0003354 seconds, Stopping threads took: 0.0001435 seconds
[2022-06-13T03:33:05.758+0000][1][safepoint    ] Application time: 0.0000947 seconds
[2022-06-13T03:33:05.758+0000][1][safepoint    ] Entering safepoint region: RevokeBias
[2022-06-13T03:33:05.758+0000][1][gc,start     ] GC(19) Pause Young (Allocation Failure)
[2022-06-13T03:33:05.758+0000][1][gc,task      ] GC(19) Using 5 workers of 13 for evacuation
[2022-06-13T03:33:05.763+0000][1][gc,age       ] GC(19) Desired survivor size 4456448 bytes, new threshold 2 (max threshold 6)
[2022-06-13T03:33:05.763+0000][1][gc,age       ] GC(19) Age table with threshold 2 (max threshold 6)
[2022-06-13T03:33:05.763+0000][1][gc,age       ] GC(19) - age   1:    3154504 bytes,    3154504 total
[2022-06-13T03:33:05.763+0000][1][gc,age       ] GC(19) - age   2:    3657752 bytes,    6812256 total
[2022-06-13T03:33:05.763+0000][1][gc,age       ] GC(19) - age   3:     418240 bytes,    7230496 total
[2022-06-13T03:33:05.764+0000][1][gc,heap      ] GC(19) ParNew: 74947K->8512K(78656K)
[2022-06-13T03:33:05.764+0000][1][gc,heap      ] GC(19) CMS: 55347K->55347K(174784K)
[2022-06-13T03:33:05.764+0000][1][gc,metaspace ] GC(19) Metaspace: 47086K->47086K(1091584K)
[2022-06-13T03:33:05.764+0000][1][gc           ] GC(19) Pause Young (Allocation Failure) 127M->62M(247M) 5.835ms
[2022-06-13T03:33:05.764+0000][1][gc,cpu       ] GC(19) User=0.03s Sys=0.00s Real=0.01s
[2022-06-13T03:33:05.764+0000][1][safepoint    ] Leaving safepoint region
[2022-06-13T03:33:05.764+0000][1][safepoint    ] Total time for which application threads were stopped: 0.0064192 seconds, Stopping threads took: 0.0001388 seconds
[2022-06-13T03:33:05.765+0000][1][safepoint    ] Application time: 0.0003711 seconds
[2022-06-13T03:33:05.766+0000][1][safepoint    ] Entering safepoint region: RevokeBias
[2022-06-13T03:33:05.766+0000][1][safepoint    ] Leaving safepoint region
[2022-06-13T03:33:05.766+0000][1][safepoint    ] Total time for which application threads were stopped: 0.0009640 seconds, Stopping threads took: 0.0007865 seconds
[2022-06-13T03:33:06.194+0000][1][safepoint    ] Application time: 0.4276600 seconds
[2022-06-13T03:33:06.194+0000][1][safepoint    ] Entering safepoint region: GenCollectForAllocation
[2022-06-13T03:33:06.194+0000][1][gc,start     ] GC(20) Pause Young (Allocation Failure)
[2022-06-13T03:33:06.195+0000][1][gc,task      ] GC(20) Using 5 workers of 13 for evacuation
[2022-06-13T03:33:06.202+0000][1][gc,age       ] GC(20) Desired survivor size 4456448 bytes, new threshold 2 (max threshold 6)
[2022-06-13T03:33:06.202+0000][1][gc,age       ] GC(20) Age table with threshold 2 (max threshold 6)
[2022-06-13T03:33:06.202+0000][1][gc,age       ] GC(20) - age   1:    1542272 bytes,    1542272 total
[2022-06-13T03:33:06.202+0000][1][gc,age       ] GC(20) - age   2:    3039016 bytes,    4581288 total
[2022-06-13T03:33:06.202+0000][1][gc,heap      ] GC(20) ParNew: 78464K->6182K(78656K)
[2022-06-13T03:33:06.202+0000][1][gc,heap      ] GC(20) CMS: 55347K->59462K(174784K)
[2022-06-13T03:33:06.203+0000][1][gc,metaspace ] GC(20) Metaspace: 53703K->53703K(1097728K)
[2022-06-13T03:33:06.203+0000][1][gc           ] GC(20) Pause Young (Allocation Failure) 130M->64M(247M) 8.342ms
[2022-06-13T03:33:06.203+0000][1][gc,cpu       ] GC(20) User=0.03s Sys=0.00s Real=0.01s
[2022-06-13T03:33:06.203+0000][1][safepoint    ] Leaving safepoint region
[2022-06-13T03:33:06.203+0000][1][safepoint    ] Total time for which application threads were stopped: 0.0090311 seconds, Stopping threads took: 0.0002044 seconds
[2022-06-13T03:33:06.418+0000][1][safepoint    ] Application time: 0.2146697 seconds
[2022-06-13T03:33:06.418+0000][1][safepoint    ] Entering safepoint region: Deoptimize
[2022-06-13T03:33:06.419+0000][1][safepoint    ] Leaving safepoint region
[2022-06-13T03:33:06.419+0000][1][safepoint    ] Total time for which application threads were stopped: 0.0013098 seconds, Stopping threads took: 0.0002120 seconds
[2022-06-13T03:33:06.445+0000][1][safepoint    ] Application time: 0.0252362 seconds
[2022-06-13T03:33:06.445+0000][1][safepoint    ] Entering safepoint region: RevokeBias
[2022-06-13T03:33:06.446+0000][1][safepoint    ] Leaving safepoint region
[2022-06-13T03:33:06.446+0000][1][safepoint    ] Total time for which application threads were stopped: 0.0010081 seconds, Stopping threads took: 0.0008123 seconds
[2022-06-13T03:33:06.446+0000][1][safepoint    ] Application time: 0.0001281 seconds
[2022-06-13T03:33:06.446+0000][1][safepoint    ] Entering safepoint region: RevokeBias
[2022-06-13T03:33:06.447+0000][1][safepoint    ] Leaving safepoint region
[2022-06-13T03:33:06.447+0000][1][safepoint    ] Total time for which application threads were stopped: 0.0003415 seconds, Stopping threads took: 0.0002012 seconds
[2022-06-13T03:33:06.447+0000][1][safepoint    ] Application time: 0.0001498 seconds
[2022-06-13T03:33:06.447+0000][1][safepoint    ] Entering safepoint region: RevokeBias
[2022-06-13T03:33:06.448+0000][1][safepoint    ] Leaving safepoint region
[2022-06-13T03:33:06.448+0000][1][safepoint    ] Total time for which application threads were stopped: 0.0005386 seconds, Stopping threads took: 0.0002600 seconds
[2022-06-13T03:33:06.450+0000][1][safepoint    ] Application time: 0.0017552 seconds
[2022-06-13T03:33:06.450+0000][1][safepoint    ] Entering safepoint region: RevokeBias
[2022-06-13T03:33:06.450+0000][1][safepoint    ] Leaving safepoint region
[2022-06-13T03:33:06.450+0000][1][safepoint    ] Total time for which application threads were stopped: 0.0004368 seconds, Stopping threads took: 0.0002863 seconds
[2022-06-13T03:33:06.582+0000][1][safepoint    ] Application time: 0.1311490 seconds
[2022-06-13T03:33:06.582+0000][1][safepoint    ] Entering safepoint region: Deoptimize
[2022-06-13T03:33:06.584+0000][1][safepoint    ] Leaving safepoint region
[2022-06-13T03:33:06.584+0000][1][safepoint    ] Total time for which application threads were stopped: 0.0018072 seconds, Stopping threads took: 0.0002242 seconds
[2022-06-13T03:33:06.640+0000][1][safepoint    ] Application time: 0.0562822 seconds
[2022-06-13T03:33:06.641+0000][1][safepoint    ] Entering safepoint region: RevokeBias
[2022-06-13T03:33:06.642+0000][1][safepoint    ] Leaving safepoint region
[2022-06-13T03:33:06.642+0000][1][safepoint    ] Total time for which application threads were stopped: 0.0009571 seconds, Stopping threads took: 0.0006287 seconds
[2022-06-13T03:33:06.643+0000][1][safepoint    ] Application time: 0.0006038 seconds
[2022-06-13T03:33:06.643+0000][1][safepoint    ] Entering safepoint region: RevokeBias
[2022-06-13T03:33:06.643+0000][1][safepoint    ] Leaving safepoint region
[2022-06-13T03:33:06.644+0000][1][safepoint    ] Total time for which application threads were stopped: 0.0005497 seconds, Stopping threads took: 0.0002107 seconds
[2022-06-13T03:33:06.644+0000][1][safepoint    ] Application time: 0.0001145 seconds
[2022-06-13T03:33:06.644+0000][1][safepoint    ] Entering safepoint region: RevokeBias
[2022-06-13T03:33:06.645+0000][1][safepoint    ] Leaving safepoint region
[2022-06-13T03:33:06.645+0000][1][safepoint    ] Total time for which application threads were stopped: 0.0009047 seconds, Stopping threads took: 0.0004628 seconds
[2022-06-13T03:33:06.646+0000][1][safepoint    ] Application time: 0.0001704 seconds
[2022-06-13T03:33:06.646+0000][1][safepoint    ] Entering safepoint region: RevokeBias
[2022-06-13T03:33:06.646+0000][1][safepoint    ] Leaving safepoint region
[2022-06-13T03:33:06.647+0000][1][safepoint    ] Total time for which application threads were stopped: 0.0009215 seconds, Stopping threads took: 0.0004881 seconds
[2022-06-13T03:33:06.760+0000][1][safepoint    ] Application time: 0.1133731 seconds
[2022-06-13T03:33:06.761+0000][1][safepoint    ] Entering safepoint region: BulkRevokeBias
[2022-06-13T03:33:06.761+0000][1][safepoint    ] Leaving safepoint region
[2022-06-13T03:33:06.761+0000][1][safepoint    ] Total time for which application threads were stopped: 0.0005915 seconds, Stopping threads took: 0.0002707 seconds
[2022-06-13T03:33:06.838+0000][1][safepoint    ] Application time: 0.0766052 seconds
[2022-06-13T03:33:06.839+0000][1][safepoint    ] Entering safepoint region: RevokeBias
[2022-06-13T03:33:06.839+0000][1][safepoint    ] Leaving safepoint region
[2022-06-13T03:33:06.840+0000][1][safepoint    ] Total time for which application threads were stopped: 0.0012507 seconds, Stopping threads took: 0.0005272 seconds
[2022-06-13T03:33:06.847+0000][1][safepoint    ] Application time: 0.0061180 seconds
[2022-06-13T03:33:06.847+0000][1][safepoint    ] Entering safepoint region: GenCollectForAllocation
[2022-06-13T03:33:06.847+0000][1][gc,start     ] GC(21) Pause Young (Allocation Failure)
[2022-06-13T03:33:06.847+0000][1][gc,task      ] GC(21) Using 5 workers of 13 for evacuation
[2022-06-13T03:33:06.854+0000][1][gc,age       ] GC(21) Desired survivor size 4456448 bytes, new threshold 2 (max threshold 6)
[2022-06-13T03:33:06.854+0000][1][gc,age       ] GC(21) Age table with threshold 2 (max threshold 6)
[2022-06-13T03:33:06.854+0000][1][gc,age       ] GC(21) - age   1:    3709064 bytes,    3709064 total
[2022-06-13T03:33:06.855+0000][1][gc,age       ] GC(21) - age   2:    1443664 bytes,    5152728 total
[2022-06-13T03:33:06.855+0000][1][gc,heap      ] GC(21) ParNew: 76134K->7841K(78656K)
[2022-06-13T03:33:06.855+0000][1][gc,heap      ] GC(21) CMS: 59462K->62500K(174784K)
[2022-06-13T03:33:06.855+0000][1][gc,metaspace ] GC(21) Metaspace: 61631K->61631K(1105920K)
[2022-06-13T03:33:06.855+0000][1][gc           ] GC(21) Pause Young (Allocation Failure) 132M->68M(247M) 8.025ms
[2022-06-13T03:33:06.855+0000][1][gc,cpu       ] GC(21) User=0.04s Sys=0.00s Real=0.01s
[2022-06-13T03:33:06.855+0000][1][safepoint    ] Leaving safepoint region
[2022-06-13T03:33:06.855+0000][1][safepoint    ] Total time for which application threads were stopped: 0.0086058 seconds, Stopping threads took: 0.0001237 seconds
[2022-06-13T03:33:06.962+0000][1][safepoint    ] Application time: 0.1062257 seconds
[2022-06-13T03:33:06.962+0000][1][safepoint    ] Entering safepoint region: Deoptimize
[2022-06-13T03:33:06.963+0000][1][safepoint    ] Leaving safepoint region
[2022-06-13T03:33:06.964+0000][1][safepoint    ] Total time for which application threads were stopped: 0.0013709 seconds, Stopping threads took: 0.0004655 seconds
[2022-06-13T03:33:06.969+0000][1][safepoint    ] Application time: 0.0049122 seconds
[2022-06-13T03:33:06.969+0000][1][safepoint    ] Entering safepoint region: BulkRevokeBias
[2022-06-13T03:33:06.970+0000][1][safepoint    ] Leaving safepoint region
[2022-06-13T03:33:06.970+0000][1][safepoint    ] Total time for which application threads were stopped: 0.0008299 seconds, Stopping threads took: 0.0004045 seconds
[2022-06-13T03:33:06.972+0000][1][safepoint    ] Application time: 0.0010648 seconds
[2022-06-13T03:33:06.972+0000][1][safepoint    ] Entering safepoint region: RevokeBias
[2022-06-13T03:33:06.973+0000][1][safepoint    ] Leaving safepoint region
[2022-06-13T03:33:06.973+0000][1][safepoint    ] Total time for which application threads were stopped: 0.0008462 seconds, Stopping threads took: 0.0003795 seconds
[2022-06-13T03:33:06.974+0000][1][safepoint    ] Application time: 0.0005962 seconds
[2022-06-13T03:33:06.974+0000][1][safepoint    ] Entering safepoint region: RevokeBias
[2022-06-13T03:33:06.975+0000][1][safepoint    ] Leaving safepoint region
[2022-06-13T03:33:06.975+0000][1][safepoint    ] Total time for which application threads were stopped: 0.0005948 seconds, Stopping threads took: 0.0003067 seconds
[2022-06-13T03:33:06.976+0000][1][safepoint    ] Application time: 0.0002580 seconds
[2022-06-13T03:33:06.976+0000][1][safepoint    ] Entering safepoint region: RevokeBias
[2022-06-13T03:33:06.976+0000][1][safepoint    ] Leaving safepoint region
[2022-06-13T03:33:06.976+0000][1][safepoint    ] Total time for which application threads were stopped: 0.0003704 seconds, Stopping threads took: 0.0001714 seconds
[2022-06-13T03:33:06.977+0000][1][safepoint    ] Application time: 0.0002851 seconds
[2022-06-13T03:33:06.977+0000][1][safepoint    ] Entering safepoint region: RevokeBias
[2022-06-13T03:33:06.977+0000][1][safepoint    ] Leaving safepoint region
[2022-06-13T03:33:06.977+0000][1][safepoint    ] Total time for which application threads were stopped: 0.0003480 seconds, Stopping threads took: 0.0001602 seconds
[2022-06-13T03:33:06.978+0000][1][safepoint    ] Application time: 0.0003145 seconds
[2022-06-13T03:33:06.978+0000][1][safepoint    ] Entering safepoint region: RevokeBias
[2022-06-13T03:33:06.978+0000][1][safepoint    ] Leaving safepoint region
[2022-06-13T03:33:06.978+0000][1][safepoint    ] Total time for which application threads were stopped: 0.0003548 seconds, Stopping threads took: 0.0001665 seconds
[2022-06-13T03:33:06.979+0000][1][safepoint    ] Application time: 0.0003558 seconds
[2022-06-13T03:33:06.979+0000][1][safepoint    ] Entering safepoint region: RevokeBias
[2022-06-13T03:33:06.979+0000][1][safepoint    ] Leaving safepoint region
[2022-06-13T03:33:06.979+0000][1][safepoint    ] Total time for which application threads were stopped: 0.0005871 seconds, Stopping threads took: 0.0001980 seconds
[2022-06-13T03:33:06.980+0000][1][safepoint    ] Application time: 0.0003379 seconds
[2022-06-13T03:33:06.980+0000][1][safepoint    ] Entering safepoint region: RevokeBias
[2022-06-13T03:33:06.981+0000][1][safepoint    ] Leaving safepoint region
[2022-06-13T03:33:06.981+0000][1][safepoint    ] Total time for which application threads were stopped: 0.0004445 seconds, Stopping threads took: 0.0002074 seconds
[2022-06-13T03:33:06.981+0000][1][safepoint    ] Application time: 0.0002481 seconds
[2022-06-13T03:33:06.981+0000][1][safepoint    ] Entering safepoint region: RevokeBias
[2022-06-13T03:33:06.981+0000][1][safepoint    ] Leaving safepoint region
[2022-06-13T03:33:06.982+0000][1][safepoint    ] Total time for which application threads were stopped: 0.0002376 seconds, Stopping threads took: 0.0001023 seconds
[2022-06-13T03:33:06.983+0000][1][safepoint    ] Application time: 0.0010966 seconds
[2022-06-13T03:33:06.983+0000][1][safepoint    ] Entering safepoint region: RevokeBias
[2022-06-13T03:33:06.983+0000][1][safepoint    ] Leaving safepoint region
[2022-06-13T03:33:06.983+0000][1][safepoint    ] Total time for which application threads were stopped: 0.0001738 seconds, Stopping threads took: 0.0000780 seconds
[2022-06-13T03:33:06.983+0000][1][safepoint    ] Application time: 0.0001877 seconds
[2022-06-13T03:33:06.983+0000][1][safepoint    ] Entering safepoint region: RevokeBias
[2022-06-13T03:33:06.984+0000][1][safepoint    ] Leaving safepoint region
[2022-06-13T03:33:06.984+0000][1][safepoint    ] Total time for which application threads were stopped: 0.0002029 seconds, Stopping threads took: 0.0000801 seconds
[2022-06-13T03:33:06.986+0000][1][safepoint    ] Application time: 0.0018950 seconds
[2022-06-13T03:33:06.986+0000][1][safepoint    ] Entering safepoint region: Deoptimize
[2022-06-13T03:33:06.986+0000][1][safepoint    ] Leaving safepoint region
[2022-06-13T03:33:06.986+0000][1][safepoint    ] Total time for which application threads were stopped: 0.0004663 seconds, Stopping threads took: 0.0000766 seconds
[2022-06-13T03:33:06.987+0000][1][safepoint    ] Application time: 0.0004791 seconds
[2022-06-13T03:33:06.987+0000][1][safepoint    ] Entering safepoint region: RevokeBias
[2022-06-13T03:33:06.987+0000][1][safepoint    ] Leaving safepoint region
[2022-06-13T03:33:06.987+0000][1][safepoint    ] Total time for which application threads were stopped: 0.0001672 seconds, Stopping threads took: 0.0000797 seconds
[2022-06-13T03:33:07.013+0000][1][safepoint    ] Application time: 0.0254404 seconds
[2022-06-13T03:33:07.013+0000][1][safepoint    ] Entering safepoint region: RevokeBias
[2022-06-13T03:33:07.014+0000][1][safepoint    ] Leaving safepoint region
[2022-06-13T03:33:07.014+0000][1][safepoint    ] Total time for which application threads were stopped: 0.0008602 seconds, Stopping threads took: 0.0004387 seconds
[2022-06-13T03:33:07.015+0000][1][safepoint    ] Application time: 0.0003014 seconds
[2022-06-13T03:33:07.015+0000][1][safepoint    ] Entering safepoint region: RevokeBias
[2022-06-13T03:33:07.016+0000][1][safepoint    ] Leaving safepoint region
[2022-06-13T03:33:07.016+0000][1][safepoint    ] Total time for which application threads were stopped: 0.0010016 seconds, Stopping threads took: 0.0004900 seconds
[2022-06-13T03:33:07.017+0000][1][safepoint    ] Application time: 0.0006324 seconds
[2022-06-13T03:33:07.018+0000][1][safepoint    ] Entering safepoint region: RevokeBias
[2022-06-13T03:33:07.018+0000][1][safepoint    ] Leaving safepoint region
[2022-06-13T03:33:07.019+0000][1][safepoint    ] Total time for which application threads were stopped: 0.0008821 seconds, Stopping threads took: 0.0003940 seconds
[2022-06-13T03:33:07.020+0000][1][safepoint    ] Application time: 0.0006294 seconds
[2022-06-13T03:33:07.021+0000][1][safepoint    ] Entering safepoint region: RevokeBias
[2022-06-13T03:33:07.021+0000][1][safepoint    ] Leaving safepoint region
[2022-06-13T03:33:07.022+0000][1][safepoint    ] Total time for which application threads were stopped: 0.0010786 seconds, Stopping threads took: 0.0006326 seconds
[2022-06-13T03:33:07.023+0000][1][safepoint    ] Application time: 0.0004202 seconds
[2022-06-13T03:33:07.023+0000][1][safepoint    ] Entering safepoint region: RevokeBias
[2022-06-13T03:33:07.024+0000][1][safepoint    ] Leaving safepoint region
[2022-06-13T03:33:07.024+0000][1][safepoint    ] Total time for which application threads were stopped: 0.0009774 seconds, Stopping threads took: 0.0004592 seconds
[2022-06-13T03:33:07.026+0000][1][safepoint    ] Application time: 0.0011490 seconds
[2022-06-13T03:33:07.026+0000][1][safepoint    ] Entering safepoint region: RevokeBias
[2022-06-13T03:33:07.027+0000][1][safepoint    ] Leaving safepoint region
[2022-06-13T03:33:07.027+0000][1][safepoint    ] Total time for which application threads were stopped: 0.0009103 seconds, Stopping threads took: 0.0004890 seconds
[2022-06-13T03:33:07.028+0000][1][safepoint    ] Application time: 0.0008384 seconds
[2022-06-13T03:33:07.029+0000][1][safepoint    ] Entering safepoint region: RevokeBias
[2022-06-13T03:33:07.029+0000][1][safepoint    ] Leaving safepoint region
[2022-06-13T03:33:07.029+0000][1][safepoint    ] Total time for which application threads were stopped: 0.0009814 seconds, Stopping threads took: 0.0004749 seconds
[2022-06-13T03:33:07.030+0000][1][safepoint    ] Application time: 0.0002690 seconds
[2022-06-13T03:33:07.030+0000][1][safepoint    ] Entering safepoint region: RevokeBias
[2022-06-13T03:33:07.031+0000][1][safepoint    ] Leaving safepoint region
[2022-06-13T03:33:07.031+0000][1][safepoint    ] Total time for which application threads were stopped: 0.0007903 seconds, Stopping threads took: 0.0004525 seconds
[2022-06-13T03:33:07.032+0000][1][safepoint    ] Application time: 0.0002629 seconds
[2022-06-13T03:33:07.032+0000][1][safepoint    ] Entering safepoint region: RevokeBias
[2022-06-13T03:33:07.033+0000][1][safepoint    ] Leaving safepoint region
[2022-06-13T03:33:07.033+0000][1][safepoint    ] Total time for which application threads were stopped: 0.0007654 seconds, Stopping threads took: 0.0004506 seconds
[2022-06-13T03:33:07.033+0000][1][safepoint    ] Application time: 0.0002824 seconds
[2022-06-13T03:33:07.034+0000][1][safepoint    ] Entering safepoint region: RevokeBias
[2022-06-13T03:33:07.034+0000][1][safepoint    ] Leaving safepoint region
[2022-06-13T03:33:07.034+0000][1][safepoint    ] Total time for which application threads were stopped: 0.0005017 seconds, Stopping threads took: 0.0002554 seconds
[2022-06-13T03:33:07.036+0000][1][safepoint    ] Application time: 0.0008641 seconds
[2022-06-13T03:33:07.036+0000][1][safepoint    ] Entering safepoint region: RevokeBias
[2022-06-13T03:33:07.036+0000][1][safepoint    ] Leaving safepoint region
[2022-06-13T03:33:07.037+0000][1][safepoint    ] Total time for which application threads were stopped: 0.0005720 seconds, Stopping threads took: 0.0003315 seconds
[2022-06-13T03:33:07.037+0000][1][safepoint    ] Application time: 0.0003380 seconds
[2022-06-13T03:33:07.037+0000][1][safepoint    ] Entering safepoint region: RevokeBias
[2022-06-13T03:33:07.038+0000][1][safepoint    ] Leaving safepoint region
[2022-06-13T03:33:07.038+0000][1][safepoint    ] Total time for which application threads were stopped: 0.0004897 seconds, Stopping threads took: 0.0002653 seconds
[2022-06-13T03:33:07.039+0000][1][safepoint    ] Application time: 0.0004423 seconds
[2022-06-13T03:33:07.039+0000][1][safepoint    ] Entering safepoint region: RevokeBias
[2022-06-13T03:33:07.039+0000][1][safepoint    ] Leaving safepoint region
[2022-06-13T03:33:07.039+0000][1][safepoint    ] Total time for which application threads were stopped: 0.0005005 seconds, Stopping threads took: 0.0001968 seconds
[2022-06-13T03:33:07.040+0000][1][safepoint    ] Application time: 0.0004773 seconds
[2022-06-13T03:33:07.040+0000][1][safepoint    ] Entering safepoint region: RevokeBias
[2022-06-13T03:33:07.040+0000][1][safepoint    ] Leaving safepoint region
[2022-06-13T03:33:07.041+0000][1][safepoint    ] Total time for which application threads were stopped: 0.0003828 seconds, Stopping threads took: 0.0001813 seconds
[2022-06-13T03:33:07.042+0000][1][safepoint    ] Application time: 0.0009994 seconds
[2022-06-13T03:33:07.043+0000][1][safepoint    ] Entering safepoint region: RevokeBias
[2022-06-13T03:33:07.043+0000][1][safepoint    ] Leaving safepoint region
[2022-06-13T03:33:07.043+0000][1][safepoint    ] Total time for which application threads were stopped: 0.0009907 seconds, Stopping threads took: 0.0007624 seconds
[2022-06-13T03:33:07.043+0000][1][safepoint    ] Application time: 0.0001776 seconds
[2022-06-13T03:33:07.044+0000][1][safepoint    ] Entering safepoint region: RevokeBias
[2022-06-13T03:33:07.044+0000][1][safepoint    ] Leaving safepoint region
[2022-06-13T03:33:07.044+0000][1][safepoint    ] Total time for which application threads were stopped: 0.0004613 seconds, Stopping threads took: 0.0002417 seconds
[2022-06-13T03:33:07.045+0000][1][safepoint    ] Application time: 0.0003285 seconds
[2022-06-13T03:33:07.045+0000][1][safepoint    ] Entering safepoint region: RevokeBias
[2022-06-13T03:33:07.045+0000][1][safepoint    ] Leaving safepoint region
[2022-06-13T03:33:07.045+0000][1][safepoint    ] Total time for which application threads were stopped: 0.0004848 seconds, Stopping threads took: 0.0002484 seconds
[2022-06-13T03:33:07.046+0000][1][safepoint    ] Application time: 0.0003810 seconds
[2022-06-13T03:33:07.046+0000][1][safepoint    ] Entering safepoint region: RevokeBias
[2022-06-13T03:33:07.047+0000][1][safepoint    ] Leaving safepoint region
[2022-06-13T03:33:07.047+0000][1][safepoint    ] Total time for which application threads were stopped: 0.0003541 seconds, Stopping threads took: 0.0002489 seconds
[2022-06-13T03:33:07.047+0000][1][safepoint    ] Application time: 0.0004016 seconds
[2022-06-13T03:33:07.047+0000][1][safepoint    ] Entering safepoint region: RevokeBias
[2022-06-13T03:33:07.048+0000][1][safepoint    ] Leaving safepoint region
[2022-06-13T03:33:07.048+0000][1][safepoint    ] Total time for which application threads were stopped: 0.0002489 seconds, Stopping threads took: 0.0001392 seconds
[2022-06-13T03:33:07.048+0000][1][safepoint    ] Application time: 0.0001971 seconds
[2022-06-13T03:33:07.048+0000][1][safepoint    ] Entering safepoint region: RevokeBias
[2022-06-13T03:33:07.048+0000][1][safepoint    ] Leaving safepoint region
[2022-06-13T03:33:07.048+0000][1][safepoint    ] Total time for which application threads were stopped: 0.0002156 seconds, Stopping threads took: 0.0000972 seconds
[2022-06-13T03:33:07.049+0000][1][safepoint    ] Application time: 0.0002069 seconds
[2022-06-13T03:33:07.049+0000][1][safepoint    ] Entering safepoint region: RevokeBias
[2022-06-13T03:33:07.049+0000][1][safepoint    ] Leaving safepoint region
[2022-06-13T03:33:07.049+0000][1][safepoint    ] Total time for which application threads were stopped: 0.0002277 seconds, Stopping threads took: 0.0001186 seconds
[2022-06-13T03:33:07.049+0000][1][safepoint    ] Application time: 0.0002007 seconds
[2022-06-13T03:33:07.049+0000][1][safepoint    ] Entering safepoint region: RevokeBias
[2022-06-13T03:33:07.050+0000][1][safepoint    ] Leaving safepoint region
[2022-06-13T03:33:07.050+0000][1][safepoint    ] Total time for which application threads were stopped: 0.0002622 seconds, Stopping threads took: 0.0001312 seconds
[2022-06-13T03:33:07.050+0000][1][safepoint    ] Application time: 0.0001983 seconds
[2022-06-13T03:33:07.050+0000][1][safepoint    ] Entering safepoint region: RevokeBias
[2022-06-13T03:33:07.050+0000][1][safepoint    ] Leaving safepoint region
[2022-06-13T03:33:07.050+0000][1][safepoint    ] Total time for which application threads were stopped: 0.0001933 seconds, Stopping threads took: 0.0000963 seconds
[2022-06-13T03:33:07.050+0000][1][safepoint    ] Application time: 0.0001026 seconds
[2022-06-13T03:33:07.051+0000][1][safepoint    ] Entering safepoint region: RevokeBias
[2022-06-13T03:33:07.051+0000][1][safepoint    ] Leaving safepoint region
[2022-06-13T03:33:07.052+0000][1][safepoint    ] Total time for which application threads were stopped: 0.0011320 seconds, Stopping threads took: 0.0007670 seconds
[2022-06-13T03:33:07.053+0000][1][safepoint    ] Application time: 0.0012530 seconds
[2022-06-13T03:33:07.053+0000][1][safepoint    ] Entering safepoint region: RevokeBias
[2022-06-13T03:33:07.053+0000][1][safepoint    ] Leaving safepoint region
[2022-06-13T03:33:07.054+0000][1][safepoint    ] Total time for which application threads were stopped: 0.0003353 seconds, Stopping threads took: 0.0001656 seconds
[2022-06-13T03:33:07.055+0000][1][safepoint    ] Application time: 0.0013217 seconds
[2022-06-13T03:33:07.055+0000][1][safepoint    ] Entering safepoint region: RevokeBias
[2022-06-13T03:33:07.056+0000][1][safepoint    ] Leaving safepoint region
[2022-06-13T03:33:07.056+0000][1][safepoint    ] Total time for which application threads were stopped: 0.0003877 seconds, Stopping threads took: 0.0001859 seconds
[2022-06-13T03:33:07.056+0000][1][safepoint    ] Application time: 0.0001806 seconds
[2022-06-13T03:33:07.057+0000][1][safepoint    ] Entering safepoint region: RevokeBias
[2022-06-13T03:33:07.057+0000][1][safepoint    ] Leaving safepoint region
[2022-06-13T03:33:07.057+0000][1][safepoint    ] Total time for which application threads were stopped: 0.0004340 seconds, Stopping threads took: 0.0002474 seconds
[2022-06-13T03:33:07.059+0000][1][safepoint    ] Application time: 0.0016184 seconds
[2022-06-13T03:33:07.059+0000][1][safepoint    ] Entering safepoint region: RevokeBias
[2022-06-13T03:33:07.059+0000][1][safepoint    ] Leaving safepoint region
[2022-06-13T03:33:07.059+0000][1][safepoint    ] Total time for which application threads were stopped: 0.0004556 seconds, Stopping threads took: 0.0001852 seconds
[2022-06-13T03:33:07.060+0000][1][safepoint    ] Application time: 0.0001817 seconds
[2022-06-13T03:33:07.060+0000][1][safepoint    ] Entering safepoint region: RevokeBias
[2022-06-13T03:33:07.060+0000][1][safepoint    ] Leaving safepoint region
[2022-06-13T03:33:07.061+0000][1][safepoint    ] Total time for which application threads were stopped: 0.0006424 seconds, Stopping threads took: 0.0003549 seconds
[2022-06-13T03:33:07.061+0000][1][safepoint    ] Application time: 0.0002424 seconds
[2022-06-13T03:33:07.061+0000][1][safepoint    ] Entering safepoint region: RevokeBias
[2022-06-13T03:33:07.061+0000][1][safepoint    ] Leaving safepoint region
[2022-06-13T03:33:07.062+0000][1][safepoint    ] Total time for which application threads were stopped: 0.0005394 seconds, Stopping threads took: 0.0002695 seconds
[2022-06-13T03:33:07.062+0000][1][safepoint    ] Application time: 0.0001909 seconds
[2022-06-13T03:33:07.063+0000][1][safepoint    ] Entering safepoint region: RevokeBias
[2022-06-13T03:33:07.063+0000][1][safepoint    ] Leaving safepoint region
[2022-06-13T03:33:07.063+0000][1][safepoint    ] Total time for which application threads were stopped: 0.0008431 seconds, Stopping threads took: 0.0003171 seconds
[2022-06-13T03:33:07.064+0000][1][safepoint    ] Application time: 0.0002474 seconds
[2022-06-13T03:33:07.064+0000][1][safepoint    ] Entering safepoint region: RevokeBias
[2022-06-13T03:33:07.065+0000][1][safepoint    ] Leaving safepoint region
[2022-06-13T03:33:07.065+0000][1][safepoint    ] Total time for which application threads were stopped: 0.0003742 seconds, Stopping threads took: 0.0001838 seconds
[2022-06-13T03:33:07.065+0000][1][safepoint    ] Application time: 0.0001245 seconds
[2022-06-13T03:33:07.065+0000][1][safepoint    ] Entering safepoint region: RevokeBias
[2022-06-13T03:33:07.065+0000][1][safepoint    ] Leaving safepoint region
[2022-06-13T03:33:07.065+0000][1][safepoint    ] Total time for which application threads were stopped: 0.0003696 seconds, Stopping threads took: 0.0001973 seconds
[2022-06-13T03:33:07.066+0000][1][safepoint    ] Application time: 0.0003966 seconds
[2022-06-13T03:33:07.066+0000][1][safepoint    ] Entering safepoint region: RevokeBias
[2022-06-13T03:33:07.066+0000][1][safepoint    ] Leaving safepoint region
[2022-06-13T03:33:07.067+0000][1][safepoint    ] Total time for which application threads were stopped: 0.0003080 seconds, Stopping threads took: 0.0001289 seconds
[2022-06-13T03:33:07.067+0000][1][safepoint    ] Application time: 0.0001323 seconds
[2022-06-13T03:33:07.067+0000][1][safepoint    ] Entering safepoint region: RevokeBias
[2022-06-13T03:33:07.067+0000][1][safepoint    ] Leaving safepoint region
[2022-06-13T03:33:07.068+0000][1][safepoint    ] Total time for which application threads were stopped: 0.0008598 seconds, Stopping threads took: 0.0003808 seconds
[2022-06-13T03:33:07.068+0000][1][safepoint    ] Application time: 0.0003959 seconds
[2022-06-13T03:33:07.069+0000][1][safepoint    ] Entering safepoint region: RevokeBias
[2022-06-13T03:33:07.069+0000][1][safepoint    ] Leaving safepoint region
[2022-06-13T03:33:07.069+0000][1][safepoint    ] Total time for which application threads were stopped: 0.0006915 seconds, Stopping threads took: 0.0003903 seconds
[2022-06-13T03:33:07.070+0000][1][safepoint    ] Application time: 0.0001357 seconds
[2022-06-13T03:33:07.070+0000][1][safepoint    ] Entering safepoint region: RevokeBias
[2022-06-13T03:33:07.071+0000][1][safepoint    ] Leaving safepoint region
[2022-06-13T03:33:07.071+0000][1][safepoint    ] Total time for which application threads were stopped: 0.0005820 seconds, Stopping threads took: 0.0002793 seconds
[2022-06-13T03:33:07.071+0000][1][safepoint    ] Application time: 0.0003491 seconds
[2022-06-13T03:33:07.071+0000][1][safepoint    ] Entering safepoint region: RevokeBias
[2022-06-13T03:33:07.072+0000][1][safepoint    ] Leaving safepoint region
[2022-06-13T03:33:07.072+0000][1][safepoint    ] Total time for which application threads were stopped: 0.0004505 seconds, Stopping threads took: 0.0002392 seconds
[2022-06-13T03:33:07.072+0000][1][safepoint    ] Application time: 0.0001163 seconds
[2022-06-13T03:33:07.072+0000][1][safepoint    ] Entering safepoint region: RevokeBias
[2022-06-13T03:33:07.072+0000][1][safepoint    ] Leaving safepoint region
[2022-06-13T03:33:07.072+0000][1][safepoint    ] Total time for which application threads were stopped: 0.0002565 seconds, Stopping threads took: 0.0001325 seconds
[2022-06-13T03:33:07.075+0000][1][safepoint    ] Application time: 0.0025805 seconds
[2022-06-13T03:33:07.075+0000][1][safepoint    ] Entering safepoint region: RevokeBias
[2022-06-13T03:33:07.075+0000][1][safepoint    ] Leaving safepoint region
[2022-06-13T03:33:07.075+0000][1][safepoint    ] Total time for which application threads were stopped: 0.0001999 seconds, Stopping threads took: 0.0000949 seconds
[2022-06-13T03:33:07.076+0000][1][safepoint    ] Application time: 0.0001966 seconds
[2022-06-13T03:33:07.076+0000][1][safepoint    ] Entering safepoint region: RevokeBias
[2022-06-13T03:33:07.076+0000][1][safepoint    ] Leaving safepoint region
[2022-06-13T03:33:07.076+0000][1][safepoint    ] Total time for which application threads were stopped: 0.0002809 seconds, Stopping threads took: 0.0001023 seconds
[2022-06-13T03:33:07.076+0000][1][safepoint    ] Application time: 0.0000878 seconds
[2022-06-13T03:33:07.076+0000][1][safepoint    ] Entering safepoint region: RevokeBias
[2022-06-13T03:33:07.076+0000][1][safepoint    ] Leaving safepoint region
[2022-06-13T03:33:07.077+0000][1][safepoint    ] Total time for which application threads were stopped: 0.0001671 seconds, Stopping threads took: 0.0000806 seconds
[2022-06-13T03:33:07.079+0000][1][safepoint    ] Application time: 0.0021671 seconds
[2022-06-13T03:33:07.079+0000][1][safepoint    ] Entering safepoint region: RevokeBias
[2022-06-13T03:33:07.079+0000][1][safepoint    ] Leaving safepoint region
[2022-06-13T03:33:07.079+0000][1][safepoint    ] Total time for which application threads were stopped: 0.0001715 seconds, Stopping threads took: 0.0000766 seconds
[2022-06-13T03:33:07.079+0000][1][safepoint    ] Application time: 0.0001242 seconds
[2022-06-13T03:33:07.079+0000][1][safepoint    ] Entering safepoint region: RevokeBias
[2022-06-13T03:33:07.080+0000][1][safepoint    ] Leaving safepoint region
[2022-06-13T03:33:07.080+0000][1][safepoint    ] Total time for which application threads were stopped: 0.0002027 seconds, Stopping threads took: 0.0001138 seconds
[2022-06-13T03:33:07.081+0000][1][safepoint    ] Application time: 0.0015226 seconds
[2022-06-13T03:33:07.081+0000][1][safepoint    ] Entering safepoint region: RevokeBias
[2022-06-13T03:33:07.082+0000][1][safepoint    ] Leaving safepoint region
[2022-06-13T03:33:07.082+0000][1][safepoint    ] Total time for which application threads were stopped: 0.0006422 seconds, Stopping threads took: 0.0003087 seconds
[2022-06-13T03:33:07.084+0000][1][safepoint    ] Application time: 0.0017468 seconds
[2022-06-13T03:33:07.084+0000][1][safepoint    ] Entering safepoint region: RevokeBias
[2022-06-13T03:33:07.085+0000][1][safepoint    ] Leaving safepoint region
[2022-06-13T03:33:07.085+0000][1][safepoint    ] Total time for which application threads were stopped: 0.0007163 seconds, Stopping threads took: 0.0003013 seconds
[2022-06-13T03:33:07.086+0000][1][safepoint    ] Application time: 0.0003337 seconds
[2022-06-13T03:33:07.086+0000][1][safepoint    ] Entering safepoint region: RevokeBias
[2022-06-13T03:33:07.086+0000][1][safepoint    ] Leaving safepoint region
[2022-06-13T03:33:07.086+0000][1][safepoint    ] Total time for which application threads were stopped: 0.0006082 seconds, Stopping threads took: 0.0002490 seconds
[2022-06-13T03:33:07.087+0000][1][safepoint    ] Application time: 0.0003989 seconds
[2022-06-13T03:33:07.087+0000][1][safepoint    ] Entering safepoint region: RevokeBias
[2022-06-13T03:33:07.088+0000][1][safepoint    ] Leaving safepoint region
[2022-06-13T03:33:07.088+0000][1][safepoint    ] Total time for which application threads were stopped: 0.0005945 seconds, Stopping threads took: 0.0003356 seconds
[2022-06-13T03:33:07.088+0000][1][safepoint    ] Application time: 0.0001306 seconds
[2022-06-13T03:33:07.088+0000][1][safepoint    ] Entering safepoint region: RevokeBias
[2022-06-13T03:33:07.089+0000][1][safepoint    ] Leaving safepoint region
[2022-06-13T03:33:07.089+0000][1][safepoint    ] Total time for which application threads were stopped: 0.0003681 seconds, Stopping threads took: 0.0001595 seconds
[2022-06-13T03:33:07.089+0000][1][safepoint    ] Application time: 0.0003317 seconds
[2022-06-13T03:33:07.090+0000][1][safepoint    ] Entering safepoint region: RevokeBias
[2022-06-13T03:33:07.090+0000][1][safepoint    ] Leaving safepoint region
[2022-06-13T03:33:07.090+0000][1][safepoint    ] Total time for which application threads were stopped: 0.0006527 seconds, Stopping threads took: 0.0002579 seconds
[2022-06-13T03:33:07.093+0000][1][safepoint    ] Application time: 0.0021461 seconds
[2022-06-13T03:33:07.093+0000][1][safepoint    ] Entering safepoint region: RevokeBias
[2022-06-13T03:33:07.093+0000][1][safepoint    ] Leaving safepoint region
[2022-06-13T03:33:07.093+0000][1][safepoint    ] Total time for which application threads were stopped: 0.0004412 seconds, Stopping threads took: 0.0001998 seconds
[2022-06-13T03:33:07.094+0000][1][safepoint    ] Application time: 0.0000735 seconds
[2022-06-13T03:33:07.094+0000][1][safepoint    ] Entering safepoint region: RevokeBias
[2022-06-13T03:33:07.094+0000][1][safepoint    ] Leaving safepoint region
[2022-06-13T03:33:07.094+0000][1][safepoint    ] Total time for which application threads were stopped: 0.0003084 seconds, Stopping threads took: 0.0001630 seconds
[2022-06-13T03:33:07.102+0000][1][safepoint    ] Application time: 0.0080249 seconds
[2022-06-13T03:33:07.102+0000][1][safepoint    ] Entering safepoint region: RevokeBias
[2022-06-13T03:33:07.103+0000][1][safepoint    ] Leaving safepoint region
[2022-06-13T03:33:07.103+0000][1][safepoint    ] Total time for which application threads were stopped: 0.0003880 seconds, Stopping threads took: 0.0001847 seconds
[2022-06-13T03:33:07.128+0000][1][safepoint    ] Application time: 0.0247540 seconds
[2022-06-13T03:33:07.128+0000][1][safepoint    ] Entering safepoint region: RevokeBias
[2022-06-13T03:33:07.129+0000][1][safepoint    ] Leaving safepoint region
[2022-06-13T03:33:07.129+0000][1][safepoint    ] Total time for which application threads were stopped: 0.0009045 seconds, Stopping threads took: 0.0003917 seconds
[2022-06-13T03:33:07.130+0000][1][safepoint    ] Application time: 0.0003361 seconds
[2022-06-13T03:33:07.130+0000][1][safepoint    ] Entering safepoint region: RevokeBias
[2022-06-13T03:33:07.131+0000][1][safepoint    ] Leaving safepoint region
[2022-06-13T03:33:07.131+0000][1][safepoint    ] Total time for which application threads were stopped: 0.0009776 seconds, Stopping threads took: 0.0004708 seconds
[2022-06-13T03:33:07.132+0000][1][safepoint    ] Application time: 0.0002148 seconds
[2022-06-13T03:33:07.132+0000][1][safepoint    ] Entering safepoint region: RevokeBias
[2022-06-13T03:33:07.132+0000][1][safepoint    ] Leaving safepoint region
[2022-06-13T03:33:07.133+0000][1][safepoint    ] Total time for which application threads were stopped: 0.0003543 seconds, Stopping threads took: 0.0001689 seconds
[2022-06-13T03:33:07.133+0000][1][safepoint    ] Application time: 0.0001994 seconds
[2022-06-13T03:33:07.133+0000][1][safepoint    ] Entering safepoint region: RevokeBias
[2022-06-13T03:33:07.133+0000][1][safepoint    ] Leaving safepoint region
[2022-06-13T03:33:07.133+0000][1][safepoint    ] Total time for which application threads were stopped: 0.0004378 seconds, Stopping threads took: 0.0001765 seconds
[2022-06-13T03:33:07.134+0000][1][safepoint    ] Application time: 0.0002459 seconds
[2022-06-13T03:33:07.134+0000][1][safepoint    ] Entering safepoint region: RevokeBias
[2022-06-13T03:33:07.134+0000][1][safepoint    ] Leaving safepoint region
[2022-06-13T03:33:07.134+0000][1][safepoint    ] Total time for which application threads were stopped: 0.0003708 seconds, Stopping threads took: 0.0001910 seconds
[2022-06-13T03:33:07.150+0000][1][safepoint    ] Application time: 0.0149593 seconds
[2022-06-13T03:33:07.150+0000][1][safepoint    ] Entering safepoint region: RevokeBias
[2022-06-13T03:33:07.151+0000][1][safepoint    ] Leaving safepoint region
[2022-06-13T03:33:07.151+0000][1][safepoint    ] Total time for which application threads were stopped: 0.0009682 seconds, Stopping threads took: 0.0005251 seconds
[2022-06-13T03:33:07.155+0000][1][safepoint    ] Application time: 0.0036787 seconds
[2022-06-13T03:33:07.156+0000][1][safepoint    ] Entering safepoint region: RevokeBias
[2022-06-13T03:33:07.156+0000][1][safepoint    ] Leaving safepoint region
[2022-06-13T03:33:07.156+0000][1][safepoint    ] Total time for which application threads were stopped: 0.0011198 seconds, Stopping threads took: 0.0007788 seconds
[2022-06-13T03:33:07.195+0000][1][safepoint    ] Application time: 0.0376608 seconds
[2022-06-13T03:33:07.195+0000][1][safepoint    ] Entering safepoint region: RevokeBias
[2022-06-13T03:33:07.195+0000][1][safepoint    ] Leaving safepoint region
[2022-06-13T03:33:07.195+0000][1][safepoint    ] Total time for which application threads were stopped: 0.0002687 seconds, Stopping threads took: 0.0001367 seconds
[2022-06-13T03:33:07.197+0000][1][safepoint    ] Application time: 0.0014228 seconds
[2022-06-13T03:33:07.197+0000][1][safepoint    ] Entering safepoint region: RevokeBias
[2022-06-13T03:33:07.197+0000][1][safepoint    ] Leaving safepoint region
[2022-06-13T03:33:07.197+0000][1][safepoint    ] Total time for which application threads were stopped: 0.0002391 seconds, Stopping threads took: 0.0001078 seconds
[2022-06-13T03:33:07.214+0000][1][safepoint    ] Application time: 0.0162434 seconds
[2022-06-13T03:33:07.214+0000][1][safepoint    ] Entering safepoint region: RevokeBias
[2022-06-13T03:33:07.214+0000][1][safepoint    ] Leaving safepoint region
[2022-06-13T03:33:07.214+0000][1][safepoint    ] Total time for which application threads were stopped: 0.0003884 seconds, Stopping threads took: 0.0001656 seconds
[2022-06-13T03:33:07.481+0000][1][safepoint    ] Application time: 0.2664947 seconds
[2022-06-13T03:33:07.481+0000][1][safepoint    ] Entering safepoint region: RevokeBias
[2022-06-13T03:33:07.481+0000][1][safepoint    ] Leaving safepoint region
[2022-06-13T03:33:07.481+0000][1][safepoint    ] Total time for which application threads were stopped: 0.0003800 seconds, Stopping threads took: 0.0001654 seconds
[2022-06-13T03:33:07.482+0000][1][safepoint    ] Application time: 0.0005597 seconds
[2022-06-13T03:33:07.482+0000][1][safepoint    ] Entering safepoint region: RevokeBias
[2022-06-13T03:33:07.483+0000][1][safepoint    ] Leaving safepoint region
[2022-06-13T03:33:07.483+0000][1][safepoint    ] Total time for which application threads were stopped: 0.0003653 seconds, Stopping threads took: 0.0001623 seconds
[2022-06-13T03:33:07.489+0000][1][safepoint    ] Application time: 0.0061749 seconds
[2022-06-13T03:33:07.489+0000][1][safepoint    ] Entering safepoint region: RevokeBias
[2022-06-13T03:33:07.490+0000][1][safepoint    ] Leaving safepoint region
[2022-06-13T03:33:07.490+0000][1][safepoint    ] Total time for which application threads were stopped: 0.0003711 seconds, Stopping threads took: 0.0002094 seconds
[2022-06-13T03:33:07.646+0000][1][safepoint    ] Application time: 0.1562019 seconds
[2022-06-13T03:33:07.647+0000][1][safepoint    ] Entering safepoint region: RevokeBias
[2022-06-13T03:33:07.647+0000][1][safepoint    ] Leaving safepoint region
[2022-06-13T03:33:07.647+0000][1][safepoint    ] Total time for which application threads were stopped: 0.0007295 seconds, Stopping threads took: 0.0004106 seconds
[2022-06-13T03:33:07.829+0000][1][safepoint    ] Application time: 0.1814789 seconds
[2022-06-13T03:33:07.830+0000][1][safepoint    ] Entering safepoint region: RevokeBias
[2022-06-13T03:33:07.830+0000][1][safepoint    ] Leaving safepoint region
[2022-06-13T03:33:07.831+0000][1][safepoint    ] Total time for which application threads were stopped: 0.0008431 seconds, Stopping threads took: 0.0004587 seconds
[2022-06-13T03:33:07.831+0000][1][safepoint    ] Application time: 0.0002010 seconds
[2022-06-13T03:33:07.831+0000][1][safepoint    ] Entering safepoint region: RevokeBias
[2022-06-13T03:33:07.831+0000][1][safepoint    ] Leaving safepoint region
[2022-06-13T03:33:07.832+0000][1][safepoint    ] Total time for which application threads were stopped: 0.0004725 seconds, Stopping threads took: 0.0001898 seconds
[2022-06-13T03:33:07.832+0000][1][safepoint    ] Application time: 0.0002271 seconds
[2022-06-13T03:33:07.832+0000][1][safepoint    ] Entering safepoint region: RevokeBias
[2022-06-13T03:33:07.832+0000][1][safepoint    ] Leaving safepoint region
[2022-06-13T03:33:07.833+0000][1][safepoint    ] Total time for which application threads were stopped: 0.0005440 seconds, Stopping threads took: 0.0001275 seconds
[2022-06-13T03:33:07.833+0000][1][safepoint    ] Application time: 0.0001143 seconds
[2022-06-13T03:33:07.834+0000][1][safepoint    ] Entering safepoint region: RevokeBias
[2022-06-13T03:33:07.834+0000][1][safepoint    ] Leaving safepoint region
[2022-06-13T03:33:07.834+0000][1][safepoint    ] Total time for which application threads were stopped: 0.0006218 seconds, Stopping threads took: 0.0003213 seconds
[2022-06-13T03:33:07.835+0000][1][safepoint    ] Application time: 0.0001077 seconds
[2022-06-13T03:33:07.835+0000][1][safepoint    ] Entering safepoint region: RevokeBias
[2022-06-13T03:33:07.835+0000][1][safepoint    ] Leaving safepoint region
[2022-06-13T03:33:07.835+0000][1][safepoint    ] Total time for which application threads were stopped: 0.0003899 seconds, Stopping threads took: 0.0001333 seconds
[2022-06-13T03:33:07.835+0000][1][safepoint    ] Application time: 0.0000945 seconds
[2022-06-13T03:33:07.836+0000][1][safepoint    ] Entering safepoint region: RevokeBias
[2022-06-13T03:33:07.836+0000][1][safepoint    ] Leaving safepoint region
[2022-06-13T03:33:07.836+0000][1][safepoint    ] Total time for which application threads were stopped: 0.0007104 seconds, Stopping threads took: 0.0003443 seconds
[2022-06-13T03:33:07.837+0000][1][safepoint    ] Application time: 0.0001051 seconds
[2022-06-13T03:33:07.837+0000][1][safepoint    ] Entering safepoint region: RevokeBias
[2022-06-13T03:33:07.837+0000][1][safepoint    ] Leaving safepoint region
[2022-06-13T03:33:07.837+0000][1][safepoint    ] Total time for which application threads were stopped: 0.0004739 seconds, Stopping threads took: 0.0002899 seconds
[2022-06-13T03:33:07.838+0000][1][safepoint    ] Application time: 0.0001124 seconds
[2022-06-13T03:33:07.838+0000][1][safepoint    ] Entering safepoint region: RevokeBias
[2022-06-13T03:33:07.838+0000][1][safepoint    ] Leaving safepoint region
[2022-06-13T03:33:07.838+0000][1][safepoint    ] Total time for which application threads were stopped: 0.0003137 seconds, Stopping threads took: 0.0001513 seconds
[2022-06-13T03:33:08.015+0000][1][safepoint    ] Application time: 0.1763642 seconds
[2022-06-13T03:33:08.015+0000][1][safepoint    ] Entering safepoint region: RevokeBias
[2022-06-13T03:33:08.015+0000][1][safepoint    ] Leaving safepoint region
[2022-06-13T03:33:08.015+0000][1][safepoint    ] Total time for which application threads were stopped: 0.0003690 seconds, Stopping threads took: 0.0001999 seconds
[2022-06-13T03:33:08.016+0000][1][safepoint    ] Application time: 0.0002858 seconds
[2022-06-13T03:33:08.016+0000][1][safepoint    ] Entering safepoint region: RevokeBias
[2022-06-13T03:33:08.016+0000][1][safepoint    ] Leaving safepoint region
[2022-06-13T03:33:08.016+0000][1][safepoint    ] Total time for which application threads were stopped: 0.0004573 seconds, Stopping threads took: 0.0001875 seconds
[2022-06-13T03:33:08.017+0000][1][safepoint    ] Application time: 0.0001436 seconds
[2022-06-13T03:33:08.017+0000][1][safepoint    ] Entering safepoint region: RevokeBias
[2022-06-13T03:33:08.017+0000][1][safepoint    ] Leaving safepoint region
[2022-06-13T03:33:08.017+0000][1][safepoint    ] Total time for which application threads were stopped: 0.0003201 seconds, Stopping threads took: 0.0001579 seconds
[2022-06-13T03:33:08.018+0000][1][safepoint    ] Application time: 0.0002093 seconds
[2022-06-13T03:33:08.018+0000][1][safepoint    ] Entering safepoint region: RevokeBias
[2022-06-13T03:33:08.018+0000][1][safepoint    ] Leaving safepoint region
[2022-06-13T03:33:08.018+0000][1][safepoint    ] Total time for which application threads were stopped: 0.0003764 seconds, Stopping threads took: 0.0001389 seconds
[2022-06-13T03:33:08.019+0000][1][safepoint    ] Application time: 0.0000941 seconds
[2022-06-13T03:33:08.019+0000][1][safepoint    ] Entering safepoint region: RevokeBias
[2022-06-13T03:33:08.019+0000][1][safepoint    ] Leaving safepoint region
[2022-06-13T03:33:08.019+0000][1][safepoint    ] Total time for which application threads were stopped: 0.0006427 seconds, Stopping threads took: 0.0003501 seconds
[2022-06-13T03:33:08.020+0000][1][safepoint    ] Application time: 0.0001019 seconds
[2022-06-13T03:33:08.020+0000][1][safepoint    ] Entering safepoint region: RevokeBias
[2022-06-13T03:33:08.020+0000][1][safepoint    ] Leaving safepoint region
[2022-06-13T03:33:08.020+0000][1][safepoint    ] Total time for which application threads were stopped: 0.0004077 seconds, Stopping threads took: 0.0001698 seconds
[2022-06-13T03:33:08.021+0000][1][safepoint    ] Application time: 0.0003314 seconds
[2022-06-13T03:33:08.021+0000][1][safepoint    ] Entering safepoint region: RevokeBias
[2022-06-13T03:33:08.021+0000][1][safepoint    ] Leaving safepoint region
[2022-06-13T03:33:08.022+0000][1][safepoint    ] Total time for which application threads were stopped: 0.0004878 seconds, Stopping threads took: 0.0002280 seconds
[2022-06-13T03:33:08.025+0000][1][safepoint    ] Application time: 0.0028831 seconds
[2022-06-13T03:33:08.025+0000][1][safepoint    ] Entering safepoint region: RevokeBias
[2022-06-13T03:33:08.025+0000][1][safepoint    ] Leaving safepoint region
[2022-06-13T03:33:08.026+0000][1][safepoint    ] Total time for which application threads were stopped: 0.0006121 seconds, Stopping threads took: 0.0001766 seconds
[2022-06-13T03:33:08.027+0000][1][safepoint    ] Application time: 0.0009107 seconds
[2022-06-13T03:33:08.027+0000][1][safepoint    ] Entering safepoint region: RevokeBias
[2022-06-13T03:33:08.027+0000][1][safepoint    ] Leaving safepoint region
[2022-06-13T03:33:08.028+0000][1][safepoint    ] Total time for which application threads were stopped: 0.0006883 seconds, Stopping threads took: 0.0003429 seconds
[2022-06-13T03:33:08.028+0000][1][safepoint    ] Application time: 0.0001569 seconds
[2022-06-13T03:33:08.029+0000][1][safepoint    ] Entering safepoint region: RevokeBias
[2022-06-13T03:33:08.029+0000][1][safepoint    ] Leaving safepoint region
[2022-06-13T03:33:08.030+0000][1][safepoint    ] Total time for which application threads were stopped: 0.0009571 seconds, Stopping threads took: 0.0004027 seconds
[2022-06-13T03:33:08.031+0000][1][safepoint    ] Application time: 0.0008670 seconds
[2022-06-13T03:33:08.032+0000][1][safepoint    ] Entering safepoint region: RevokeBias
[2022-06-13T03:33:08.032+0000][1][safepoint    ] Leaving safepoint region
[2022-06-13T03:33:08.032+0000][1][safepoint    ] Total time for which application threads were stopped: 0.0009115 seconds, Stopping threads took: 0.0006004 seconds
[2022-06-13T03:33:08.034+0000][1][safepoint    ] Application time: 0.0014489 seconds
[2022-06-13T03:33:08.035+0000][1][safepoint    ] Entering safepoint region: RevokeBias
[2022-06-13T03:33:08.035+0000][1][safepoint    ] Leaving safepoint region
[2022-06-13T03:33:08.035+0000][1][safepoint    ] Total time for which application threads were stopped: 0.0005327 seconds, Stopping threads took: 0.0003725 seconds
[2022-06-13T03:33:08.035+0000][1][safepoint    ] Application time: 0.0002272 seconds
[2022-06-13T03:33:08.036+0000][1][safepoint    ] Entering safepoint region: RevokeBias
[2022-06-13T03:33:08.036+0000][1][safepoint    ] Leaving safepoint region
[2022-06-13T03:33:08.036+0000][1][safepoint    ] Total time for which application threads were stopped: 0.0002808 seconds, Stopping threads took: 0.0001412 seconds
[2022-06-13T03:33:08.036+0000][1][safepoint    ] Application time: 0.0001729 seconds
[2022-06-13T03:33:08.036+0000][1][safepoint    ] Entering safepoint region: RevokeBias
[2022-06-13T03:33:08.037+0000][1][safepoint    ] Leaving safepoint region
[2022-06-13T03:33:08.037+0000][1][safepoint    ] Total time for which application threads were stopped: 0.0003622 seconds, Stopping threads took: 0.0001402 seconds
[2022-06-13T03:33:08.037+0000][1][safepoint    ] Application time: 0.0001437 seconds
[2022-06-13T03:33:08.037+0000][1][safepoint    ] Entering safepoint region: RevokeBias
[2022-06-13T03:33:08.037+0000][1][safepoint    ] Leaving safepoint region
[2022-06-13T03:33:08.037+0000][1][safepoint    ] Total time for which application threads were stopped: 0.0002726 seconds, Stopping threads took: 0.0001237 seconds
[2022-06-13T03:33:08.038+0000][1][safepoint    ] Application time: 0.0002146 seconds
[2022-06-13T03:33:08.038+0000][1][safepoint    ] Entering safepoint region: RevokeBias
[2022-06-13T03:33:08.038+0000][1][safepoint    ] Leaving safepoint region
[2022-06-13T03:33:08.038+0000][1][safepoint    ] Total time for which application threads were stopped: 0.0002993 seconds, Stopping threads took: 0.0001488 seconds
[2022-06-13T03:33:08.039+0000][1][safepoint    ] Application time: 0.0002547 seconds
[2022-06-13T03:33:08.039+0000][1][safepoint    ] Entering safepoint region: RevokeBias
[2022-06-13T03:33:08.039+0000][1][safepoint    ] Leaving safepoint region
[2022-06-13T03:33:08.039+0000][1][safepoint    ] Total time for which application threads were stopped: 0.0004934 seconds, Stopping threads took: 0.0001876 seconds
[2022-06-13T03:33:08.039+0000][1][safepoint    ] Application time: 0.0001572 seconds
[2022-06-13T03:33:08.040+0000][1][safepoint    ] Entering safepoint region: RevokeBias
[2022-06-13T03:33:08.040+0000][1][safepoint    ] Leaving safepoint region
[2022-06-13T03:33:08.040+0000][1][safepoint    ] Total time for which application threads were stopped: 0.0004411 seconds, Stopping threads took: 0.0001979 seconds
[2022-06-13T03:33:08.041+0000][1][safepoint    ] Application time: 0.0001497 seconds
[2022-06-13T03:33:08.041+0000][1][safepoint    ] Entering safepoint region: RevokeBias
[2022-06-13T03:33:08.041+0000][1][safepoint    ] Leaving safepoint region
[2022-06-13T03:33:08.041+0000][1][safepoint    ] Total time for which application threads were stopped: 0.0003821 seconds, Stopping threads took: 0.0001860 seconds
[2022-06-13T03:33:08.042+0000][1][safepoint    ] Application time: 0.0002950 seconds
[2022-06-13T03:33:08.042+0000][1][safepoint    ] Entering safepoint region: RevokeBias
[2022-06-13T03:33:08.042+0000][1][safepoint    ] Leaving safepoint region
[2022-06-13T03:33:08.042+0000][1][safepoint    ] Total time for which application threads were stopped: 0.0004450 seconds, Stopping threads took: 0.0001466 seconds
[2022-06-13T03:33:08.043+0000][1][safepoint    ] Application time: 0.0002532 seconds
[2022-06-13T03:33:08.043+0000][1][safepoint    ] Entering safepoint region: RevokeBias
[2022-06-13T03:33:08.043+0000][1][safepoint    ] Leaving safepoint region
[2022-06-13T03:33:08.043+0000][1][safepoint    ] Total time for which application threads were stopped: 0.0002970 seconds, Stopping threads took: 0.0001263 seconds
[2022-06-13T03:33:08.044+0000][1][safepoint    ] Application time: 0.0001813 seconds
[2022-06-13T03:33:08.044+0000][1][safepoint    ] Entering safepoint region: RevokeBias
[2022-06-13T03:33:08.044+0000][1][safepoint    ] Leaving safepoint region
[2022-06-13T03:33:08.044+0000][1][safepoint    ] Total time for which application threads were stopped: 0.0003502 seconds, Stopping threads took: 0.0001817 seconds
[2022-06-13T03:33:08.045+0000][1][safepoint    ] Application time: 0.0001482 seconds
[2022-06-13T03:33:08.045+0000][1][safepoint    ] Entering safepoint region: RevokeBias
[2022-06-13T03:33:08.045+0000][1][safepoint    ] Leaving safepoint region
[2022-06-13T03:33:08.045+0000][1][safepoint    ] Total time for which application threads were stopped: 0.0005206 seconds, Stopping threads took: 0.0001425 seconds
[2022-06-13T03:33:08.046+0000][1][safepoint    ] Application time: 0.0001285 seconds
[2022-06-13T03:33:08.046+0000][1][safepoint    ] Entering safepoint region: RevokeBias
[2022-06-13T03:33:08.046+0000][1][safepoint    ] Leaving safepoint region
[2022-06-13T03:33:08.046+0000][1][safepoint    ] Total time for which application threads were stopped: 0.0005258 seconds, Stopping threads took: 0.0002550 seconds
[2022-06-13T03:33:08.047+0000][1][safepoint    ] Application time: 0.0002269 seconds
[2022-06-13T03:33:08.047+0000][1][safepoint    ] Entering safepoint region: RevokeBias
[2022-06-13T03:33:08.047+0000][1][safepoint    ] Leaving safepoint region
[2022-06-13T03:33:08.047+0000][1][safepoint    ] Total time for which application threads were stopped: 0.0004082 seconds, Stopping threads took: 0.0002521 seconds
[2022-06-13T03:33:08.048+0000][1][safepoint    ] Application time: 0.0001908 seconds
[2022-06-13T03:33:08.048+0000][1][safepoint    ] Entering safepoint region: RevokeBias
[2022-06-13T03:33:08.048+0000][1][safepoint    ] Leaving safepoint region
[2022-06-13T03:33:08.048+0000][1][safepoint    ] Total time for which application threads were stopped: 0.0003981 seconds, Stopping threads took: 0.0001127 seconds
[2022-06-13T03:33:08.049+0000][1][safepoint    ] Application time: 0.0001691 seconds
[2022-06-13T03:33:08.049+0000][1][safepoint    ] Entering safepoint region: RevokeBias
[2022-06-13T03:33:08.049+0000][1][safepoint    ] Leaving safepoint region
[2022-06-13T03:33:08.049+0000][1][safepoint    ] Total time for which application threads were stopped: 0.0004664 seconds, Stopping threads took: 0.0002435 seconds
[2022-06-13T03:33:08.050+0000][1][safepoint    ] Application time: 0.0002832 seconds
[2022-06-13T03:33:08.050+0000][1][safepoint    ] Entering safepoint region: RevokeBias
[2022-06-13T03:33:08.050+0000][1][safepoint    ] Leaving safepoint region
[2022-06-13T03:33:08.050+0000][1][safepoint    ] Total time for which application threads were stopped: 0.0005932 seconds, Stopping threads took: 0.0003216 seconds
[2022-06-13T03:33:08.051+0000][1][safepoint    ] Application time: 0.0003446 seconds
[2022-06-13T03:33:08.051+0000][1][safepoint    ] Entering safepoint region: RevokeBias
[2022-06-13T03:33:08.051+0000][1][safepoint    ] Leaving safepoint region
[2022-06-13T03:33:08.051+0000][1][safepoint    ] Total time for which application threads were stopped: 0.0003965 seconds, Stopping threads took: 0.0001354 seconds
[2022-06-13T03:33:08.052+0000][1][safepoint    ] Application time: 0.0005490 seconds
[2022-06-13T03:33:08.052+0000][1][safepoint    ] Entering safepoint region: RevokeBias
[2022-06-13T03:33:08.052+0000][1][safepoint    ] Leaving safepoint region
[2022-06-13T03:33:08.053+0000][1][safepoint    ] Total time for which application threads were stopped: 0.0003235 seconds, Stopping threads took: 0.0001174 seconds
[2022-06-13T03:33:08.054+0000][1][safepoint    ] Application time: 0.0013373 seconds
[2022-06-13T03:33:08.054+0000][1][safepoint    ] Entering safepoint region: RevokeBias
[2022-06-13T03:33:08.055+0000][1][safepoint    ] Leaving safepoint region
[2022-06-13T03:33:08.055+0000][1][safepoint    ] Total time for which application threads were stopped: 0.0004578 seconds, Stopping threads took: 0.0001731 seconds
[2022-06-13T03:33:08.056+0000][1][safepoint    ] Application time: 0.0011475 seconds
[2022-06-13T03:33:08.056+0000][1][safepoint    ] Entering safepoint region: RevokeBias
[2022-06-13T03:33:08.057+0000][1][safepoint    ] Leaving safepoint region
[2022-06-13T03:33:08.057+0000][1][safepoint    ] Total time for which application threads were stopped: 0.0003032 seconds, Stopping threads took: 0.0001494 seconds
[2022-06-13T03:33:08.057+0000][1][safepoint    ] Application time: 0.0003091 seconds
[2022-06-13T03:33:08.057+0000][1][safepoint    ] Entering safepoint region: RevokeBias
[2022-06-13T03:33:08.057+0000][1][safepoint    ] Leaving safepoint region
[2022-06-13T03:33:08.058+0000][1][safepoint    ] Total time for which application threads were stopped: 0.0002331 seconds, Stopping threads took: 0.0001038 seconds
[2022-06-13T03:33:08.060+0000][1][safepoint    ] Application time: 0.0020287 seconds
[2022-06-13T03:33:08.060+0000][1][safepoint    ] Entering safepoint region: RevokeBias
[2022-06-13T03:33:08.060+0000][1][safepoint    ] Leaving safepoint region
[2022-06-13T03:33:08.060+0000][1][safepoint    ] Total time for which application threads were stopped: 0.0004024 seconds, Stopping threads took: 0.0002011 seconds
[2022-06-13T03:33:08.061+0000][1][safepoint    ] Application time: 0.0006477 seconds
[2022-06-13T03:33:08.061+0000][1][safepoint    ] Entering safepoint region: RevokeBias
[2022-06-13T03:33:08.062+0000][1][safepoint    ] Leaving safepoint region
[2022-06-13T03:33:08.062+0000][1][safepoint    ] Total time for which application threads were stopped: 0.0005195 seconds, Stopping threads took: 0.0003311 seconds
[2022-06-13T03:33:08.066+0000][1][safepoint    ] Application time: 0.0035910 seconds
[2022-06-13T03:33:08.066+0000][1][safepoint    ] Entering safepoint region: RevokeBias
[2022-06-13T03:33:08.066+0000][1][safepoint    ] Leaving safepoint region
[2022-06-13T03:33:08.066+0000][1][safepoint    ] Total time for which application threads were stopped: 0.0004710 seconds, Stopping threads took: 0.0001793 seconds
[2022-06-13T03:33:08.071+0000][1][safepoint    ] Application time: 0.0051154 seconds
[2022-06-13T03:33:08.072+0000][1][safepoint    ] Entering safepoint region: BulkRevokeBias
[2022-06-13T03:33:08.072+0000][1][safepoint    ] Leaving safepoint region
[2022-06-13T03:33:08.072+0000][1][safepoint    ] Total time for which application threads were stopped: 0.0006035 seconds, Stopping threads took: 0.0001884 seconds
[2022-06-13T03:33:08.073+0000][1][safepoint    ] Application time: 0.0004286 seconds
[2022-06-13T03:33:08.073+0000][1][safepoint    ] Entering safepoint region: RevokeBias
[2022-06-13T03:33:08.073+0000][1][safepoint    ] Leaving safepoint region
[2022-06-13T03:33:08.074+0000][1][safepoint    ] Total time for which application threads were stopped: 0.0006113 seconds, Stopping threads took: 0.0003170 seconds
[2022-06-13T03:33:08.074+0000][1][safepoint    ] Application time: 0.0004080 seconds
[2022-06-13T03:33:08.075+0000][1][safepoint    ] Entering safepoint region: RevokeBias
[2022-06-13T03:33:08.075+0000][1][safepoint    ] Leaving safepoint region
[2022-06-13T03:33:08.075+0000][1][safepoint    ] Total time for which application threads were stopped: 0.0006661 seconds, Stopping threads took: 0.0002659 seconds
[2022-06-13T03:33:08.076+0000][1][safepoint    ] Application time: 0.0002467 seconds
[2022-06-13T03:33:08.076+0000][1][safepoint    ] Entering safepoint region: RevokeBias
[2022-06-13T03:33:08.076+0000][1][safepoint    ] Leaving safepoint region
[2022-06-13T03:33:08.076+0000][1][safepoint    ] Total time for which application threads were stopped: 0.0004844 seconds, Stopping threads took: 0.0002479 seconds
[2022-06-13T03:33:08.077+0000][1][safepoint    ] Application time: 0.0004107 seconds
[2022-06-13T03:33:08.077+0000][1][safepoint    ] Entering safepoint region: RevokeBias
[2022-06-13T03:33:08.078+0000][1][safepoint    ] Leaving safepoint region
[2022-06-13T03:33:08.078+0000][1][safepoint    ] Total time for which application threads were stopped: 0.0004821 seconds, Stopping threads took: 0.0002585 seconds
[2022-06-13T03:33:08.078+0000][1][safepoint    ] Application time: 0.0004359 seconds
[2022-06-13T03:33:08.079+0000][1][safepoint    ] Entering safepoint region: RevokeBias
[2022-06-13T03:33:08.079+0000][1][safepoint    ] Leaving safepoint region
[2022-06-13T03:33:08.079+0000][1][safepoint    ] Total time for which application threads were stopped: 0.0004831 seconds, Stopping threads took: 0.0003319 seconds
[2022-06-13T03:33:08.080+0000][1][safepoint    ] Application time: 0.0010482 seconds
[2022-06-13T03:33:08.080+0000][1][safepoint    ] Entering safepoint region: RevokeBias
[2022-06-13T03:33:08.081+0000][1][safepoint    ] Leaving safepoint region
[2022-06-13T03:33:08.081+0000][1][safepoint    ] Total time for which application threads were stopped: 0.0004372 seconds, Stopping threads took: 0.0002341 seconds
[2022-06-13T03:33:08.081+0000][1][safepoint    ] Application time: 0.0004128 seconds
[2022-06-13T03:33:08.082+0000][1][safepoint    ] Entering safepoint region: RevokeBias
[2022-06-13T03:33:08.082+0000][1][safepoint    ] Leaving safepoint region
[2022-06-13T03:33:08.082+0000][1][safepoint    ] Total time for which application threads were stopped: 0.0004074 seconds, Stopping threads took: 0.0002098 seconds
[2022-06-13T03:33:08.082+0000][1][safepoint    ] Application time: 0.0003215 seconds
[2022-06-13T03:33:08.083+0000][1][safepoint    ] Entering safepoint region: RevokeBias
[2022-06-13T03:33:08.083+0000][1][safepoint    ] Leaving safepoint region
[2022-06-13T03:33:08.083+0000][1][safepoint    ] Total time for which application threads were stopped: 0.0004844 seconds, Stopping threads took: 0.0002835 seconds
[2022-06-13T03:33:08.084+0000][1][safepoint    ] Application time: 0.0005700 seconds
[2022-06-13T03:33:08.084+0000][1][safepoint    ] Entering safepoint region: RevokeBias
[2022-06-13T03:33:08.084+0000][1][safepoint    ] Leaving safepoint region
[2022-06-13T03:33:08.084+0000][1][safepoint    ] Total time for which application threads were stopped: 0.0003440 seconds, Stopping threads took: 0.0001610 seconds
[2022-06-13T03:33:08.085+0000][1][safepoint    ] Application time: 0.0003331 seconds
[2022-06-13T03:33:08.085+0000][1][safepoint    ] Entering safepoint region: RevokeBias
[2022-06-13T03:33:08.085+0000][1][safepoint    ] Leaving safepoint region
[2022-06-13T03:33:08.085+0000][1][safepoint    ] Total time for which application threads were stopped: 0.0005236 seconds, Stopping threads took: 0.0002082 seconds
[2022-06-13T03:33:08.086+0000][1][safepoint    ] Application time: 0.0003952 seconds
[2022-06-13T03:33:08.086+0000][1][safepoint    ] Entering safepoint region: RevokeBias
[2022-06-13T03:33:08.087+0000][1][safepoint    ] Leaving safepoint region
[2022-06-13T03:33:08.087+0000][1][safepoint    ] Total time for which application threads were stopped: 0.0006211 seconds, Stopping threads took: 0.0003034 seconds
[2022-06-13T03:33:08.087+0000][1][safepoint    ] Application time: 0.0003098 seconds
[2022-06-13T03:33:08.088+0000][1][safepoint    ] Entering safepoint region: RevokeBias
[2022-06-13T03:33:08.088+0000][1][safepoint    ] Leaving safepoint region
[2022-06-13T03:33:08.088+0000][1][safepoint    ] Total time for which application threads were stopped: 0.0006335 seconds, Stopping threads took: 0.0003425 seconds
[2022-06-13T03:33:08.088+0000][1][safepoint    ] Application time: 0.0002391 seconds
[2022-06-13T03:33:08.089+0000][1][safepoint    ] Entering safepoint region: RevokeBias
[2022-06-13T03:33:08.089+0000][1][safepoint    ] Leaving safepoint region
[2022-06-13T03:33:08.089+0000][1][safepoint    ] Total time for which application threads were stopped: 0.0002966 seconds, Stopping threads took: 0.0001408 seconds
[2022-06-13T03:33:08.128+0000][1][safepoint    ] Application time: 0.0391951 seconds
[2022-06-13T03:33:08.129+0000][1][safepoint    ] Entering safepoint region: BulkRevokeBias
[2022-06-13T03:33:08.129+0000][1][safepoint    ] Leaving safepoint region
[2022-06-13T03:33:08.130+0000][1][safepoint    ] Total time for which application threads were stopped: 0.0012081 seconds, Stopping threads took: 0.0004843 seconds
[2022-06-13T03:33:08.133+0000][1][safepoint    ] Application time: 0.0029640 seconds
[2022-06-13T03:33:08.133+0000][1][safepoint    ] Entering safepoint region: RevokeBias
[2022-06-13T03:33:08.134+0000][1][safepoint    ] Leaving safepoint region
[2022-06-13T03:33:08.134+0000][1][safepoint    ] Total time for which application threads were stopped: 0.0006541 seconds, Stopping threads took: 0.0002564 seconds
[2022-06-13T03:33:08.135+0000][1][safepoint    ] Application time: 0.0001339 seconds
[2022-06-13T03:33:08.135+0000][1][safepoint    ] Entering safepoint region: RevokeBias
[2022-06-13T03:33:08.135+0000][1][safepoint    ] Leaving safepoint region
[2022-06-13T03:33:08.136+0000][1][safepoint    ] Total time for which application threads were stopped: 0.0007705 seconds, Stopping threads took: 0.0003055 seconds
[2022-06-13T03:33:08.138+0000][1][safepoint    ] Application time: 0.0023244 seconds
[2022-06-13T03:33:08.139+0000][1][safepoint    ] Entering safepoint region: RevokeBias
[2022-06-13T03:33:08.140+0000][1][safepoint    ] Leaving safepoint region
[2022-06-13T03:33:08.140+0000][1][safepoint    ] Total time for which application threads were stopped: 0.0011172 seconds, Stopping threads took: 0.0005220 seconds
[2022-06-13T03:33:08.141+0000][1][safepoint    ] Application time: 0.0002362 seconds
[2022-06-13T03:33:08.141+0000][1][safepoint    ] Entering safepoint region: RevokeBias
[2022-06-13T03:33:08.142+0000][1][safepoint    ] Leaving safepoint region
[2022-06-13T03:33:08.142+0000][1][safepoint    ] Total time for which application threads were stopped: 0.0009363 seconds, Stopping threads took: 0.0005263 seconds
[2022-06-13T03:33:08.143+0000][1][safepoint    ] Application time: 0.0002695 seconds
[2022-06-13T03:33:08.143+0000][1][safepoint    ] Entering safepoint region: RevokeBias
[2022-06-13T03:33:08.144+0000][1][safepoint    ] Leaving safepoint region
[2022-06-13T03:33:08.144+0000][1][safepoint    ] Total time for which application threads were stopped: 0.0008360 seconds, Stopping threads took: 0.0003788 seconds
[2022-06-13T03:33:08.145+0000][1][safepoint    ] Application time: 0.0001042 seconds
[2022-06-13T03:33:08.145+0000][1][safepoint    ] Entering safepoint region: RevokeBias
[2022-06-13T03:33:08.145+0000][1][safepoint    ] Leaving safepoint region
[2022-06-13T03:33:08.146+0000][1][safepoint    ] Total time for which application threads were stopped: 0.0005369 seconds, Stopping threads took: 0.0002869 seconds
[2022-06-13T03:33:08.146+0000][1][safepoint    ] Application time: 0.0001728 seconds
[2022-06-13T03:33:08.146+0000][1][safepoint    ] Entering safepoint region: RevokeBias
[2022-06-13T03:33:08.146+0000][1][safepoint    ] Leaving safepoint region
[2022-06-13T03:33:08.147+0000][1][safepoint    ] Total time for which application threads were stopped: 0.0003586 seconds, Stopping threads took: 0.0001704 seconds
[2022-06-13T03:33:08.147+0000][1][safepoint    ] Application time: 0.0001154 seconds
[2022-06-13T03:33:08.147+0000][1][safepoint    ] Entering safepoint region: RevokeBias
[2022-06-13T03:33:08.147+0000][1][safepoint    ] Leaving safepoint region
[2022-06-13T03:33:08.147+0000][1][safepoint    ] Total time for which application threads were stopped: 0.0003330 seconds, Stopping threads took: 0.0001617 seconds
[2022-06-13T03:33:08.148+0000][1][safepoint    ] Application time: 0.0001119 seconds
[2022-06-13T03:33:08.148+0000][1][safepoint    ] Entering safepoint region: RevokeBias
[2022-06-13T03:33:08.148+0000][1][safepoint    ] Leaving safepoint region
[2022-06-13T03:33:08.148+0000][1][safepoint    ] Total time for which application threads were stopped: 0.0003552 seconds, Stopping threads took: 0.0001634 seconds
[2022-06-13T03:33:08.148+0000][1][safepoint    ] Application time: 0.0001078 seconds
[2022-06-13T03:33:08.149+0000][1][safepoint    ] Entering safepoint region: RevokeBias
[2022-06-13T03:33:08.149+0000][1][safepoint    ] Leaving safepoint region
[2022-06-13T03:33:08.149+0000][1][safepoint    ] Total time for which application threads were stopped: 0.0003316 seconds, Stopping threads took: 0.0001569 seconds
[2022-06-13T03:33:08.170+0000][1][safepoint    ] Application time: 0.0211935 seconds
[2022-06-13T03:33:08.171+0000][1][safepoint    ] Entering safepoint region: RevokeBias
[2022-06-13T03:33:08.172+0000][1][safepoint    ] Leaving safepoint region
[2022-06-13T03:33:08.173+0000][1][safepoint    ] Total time for which application threads were stopped: 0.0015540 seconds, Stopping threads took: 0.0006008 seconds
[2022-06-13T03:33:08.281+0000][1][safepoint    ] Application time: 0.1075081 seconds
[2022-06-13T03:33:08.281+0000][1][safepoint    ] Entering safepoint region: RevokeBias
[2022-06-13T03:33:08.282+0000][1][safepoint    ] Leaving safepoint region
[2022-06-13T03:33:08.282+0000][1][safepoint    ] Total time for which application threads were stopped: 0.0008101 seconds, Stopping threads took: 0.0004030 seconds
[2022-06-13T03:33:08.309+0000][1][safepoint    ] Application time: 0.0268863 seconds
[2022-06-13T03:33:08.309+0000][1][safepoint    ] Entering safepoint region: BulkRevokeBias
[2022-06-13T03:33:08.310+0000][1][safepoint    ] Leaving safepoint region
[2022-06-13T03:33:08.311+0000][1][safepoint    ] Total time for which application threads were stopped: 0.0011973 seconds, Stopping threads took: 0.0003792 seconds
[2022-06-13T03:33:08.349+0000][1][safepoint    ] Application time: 0.0382571 seconds
[2022-06-13T03:33:08.350+0000][1][safepoint    ] Entering safepoint region: RevokeBias
[2022-06-13T03:33:08.350+0000][1][safepoint    ] Leaving safepoint region
[2022-06-13T03:33:08.350+0000][1][safepoint    ] Total time for which application threads were stopped: 0.0004441 seconds, Stopping threads took: 0.0001901 seconds
[2022-06-13T03:33:08.351+0000][1][safepoint    ] Application time: 0.0009595 seconds
[2022-06-13T03:33:08.351+0000][1][safepoint    ] Entering safepoint region: RevokeBias
[2022-06-13T03:33:08.352+0000][1][safepoint    ] Leaving safepoint region
[2022-06-13T03:33:08.352+0000][1][safepoint    ] Total time for which application threads were stopped: 0.0005337 seconds, Stopping threads took: 0.0002037 seconds
[2022-06-13T03:33:08.352+0000][1][safepoint    ] Application time: 0.0003277 seconds
[2022-06-13T03:33:08.353+0000][1][safepoint    ] Entering safepoint region: RevokeBias
[2022-06-13T03:33:08.353+0000][1][safepoint    ] Leaving safepoint region
[2022-06-13T03:33:08.353+0000][1][safepoint    ] Total time for which application threads were stopped: 0.0005142 seconds, Stopping threads took: 0.0003068 seconds
[2022-06-13T03:33:08.354+0000][1][safepoint    ] Application time: 0.0001891 seconds
[2022-06-13T03:33:08.354+0000][1][safepoint    ] Entering safepoint region: RevokeBias
[2022-06-13T03:33:08.354+0000][1][safepoint    ] Leaving safepoint region
[2022-06-13T03:33:08.354+0000][1][safepoint    ] Total time for which application threads were stopped: 0.0003967 seconds, Stopping threads took: 0.0002181 seconds
[2022-06-13T03:33:08.354+0000][1][safepoint    ] Application time: 0.0000689 seconds
[2022-06-13T03:33:08.355+0000][1][safepoint    ] Entering safepoint region: RevokeBias
[2022-06-13T03:33:08.355+0000][1][safepoint    ] Leaving safepoint region
[2022-06-13T03:33:08.355+0000][1][safepoint    ] Total time for which application threads were stopped: 0.0006030 seconds, Stopping threads took: 0.0003912 seconds
[2022-06-13T03:33:08.355+0000][1][safepoint    ] Application time: 0.0001798 seconds
[2022-06-13T03:33:08.356+0000][1][safepoint    ] Entering safepoint region: RevokeBias
[2022-06-13T03:33:08.356+0000][1][safepoint    ] Leaving safepoint region
[2022-06-13T03:33:08.357+0000][1][safepoint    ] Total time for which application threads were stopped: 0.0009359 seconds, Stopping threads took: 0.0004074 seconds
[2022-06-13T03:33:08.357+0000][1][safepoint    ] Application time: 0.0000871 seconds
[2022-06-13T03:33:08.357+0000][1][safepoint    ] Entering safepoint region: RevokeBias
[2022-06-13T03:33:08.358+0000][1][safepoint    ] Leaving safepoint region
[2022-06-13T03:33:08.358+0000][1][safepoint    ] Total time for which application threads were stopped: 0.0007347 seconds, Stopping threads took: 0.0002040 seconds
[2022-06-13T03:33:08.359+0000][1][safepoint    ] Application time: 0.0002585 seconds
[2022-06-13T03:33:08.359+0000][1][safepoint    ] Entering safepoint region: RevokeBias
[2022-06-13T03:33:08.360+0000][1][safepoint    ] Leaving safepoint region
[2022-06-13T03:33:08.360+0000][1][safepoint    ] Total time for which application threads were stopped: 0.0009224 seconds, Stopping threads took: 0.0002794 seconds
[2022-06-13T03:33:08.361+0000][1][safepoint    ] Application time: 0.0005979 seconds
[2022-06-13T03:33:08.361+0000][1][safepoint    ] Entering safepoint region: RevokeBias
[2022-06-13T03:33:08.361+0000][1][safepoint    ] Leaving safepoint region
[2022-06-13T03:33:08.361+0000][1][safepoint    ] Total time for which application threads were stopped: 0.0006090 seconds, Stopping threads took: 0.0004045 seconds
[2022-06-13T03:33:08.363+0000][1][safepoint    ] Application time: 0.0014087 seconds
[2022-06-13T03:33:08.364+0000][1][safepoint    ] Entering safepoint region: RevokeBias
[2022-06-13T03:33:08.364+0000][1][safepoint    ] Leaving safepoint region
[2022-06-13T03:33:08.364+0000][1][safepoint    ] Total time for which application threads were stopped: 0.0008939 seconds, Stopping threads took: 0.0005883 seconds
[2022-06-13T03:33:08.366+0000][1][safepoint    ] Application time: 0.0020284 seconds
[2022-06-13T03:33:08.367+0000][1][safepoint    ] Entering safepoint region: RevokeBias
[2022-06-13T03:33:08.367+0000][1][safepoint    ] Leaving safepoint region
[2022-06-13T03:33:08.368+0000][1][safepoint    ] Total time for which application threads were stopped: 0.0008899 seconds, Stopping threads took: 0.0003858 seconds
[2022-06-13T03:33:08.377+0000][1][safepoint    ] Application time: 0.0087473 seconds
[2022-06-13T03:33:08.377+0000][1][safepoint    ] Entering safepoint region: RevokeBias
[2022-06-13T03:33:08.377+0000][1][safepoint    ] Leaving safepoint region
[2022-06-13T03:33:08.378+0000][1][safepoint    ] Total time for which application threads were stopped: 0.0006446 seconds, Stopping threads took: 0.0003158 seconds
[2022-06-13T03:33:08.378+0000][1][safepoint    ] Application time: 0.0003033 seconds
[2022-06-13T03:33:08.378+0000][1][safepoint    ] Entering safepoint region: RevokeBias
[2022-06-13T03:33:08.379+0000][1][safepoint    ] Leaving safepoint region
[2022-06-13T03:33:08.379+0000][1][safepoint    ] Total time for which application threads were stopped: 0.0006251 seconds, Stopping threads took: 0.0002515 seconds
[2022-06-13T03:33:08.379+0000][1][safepoint    ] Application time: 0.0001177 seconds
[2022-06-13T03:33:08.379+0000][1][safepoint    ] Entering safepoint region: RevokeBias
[2022-06-13T03:33:08.380+0000][1][safepoint    ] Leaving safepoint region
[2022-06-13T03:33:08.380+0000][1][safepoint    ] Total time for which application threads were stopped: 0.0008185 seconds, Stopping threads took: 0.0004057 seconds
[2022-06-13T03:33:08.381+0000][1][safepoint    ] Application time: 0.0002746 seconds
[2022-06-13T03:33:08.381+0000][1][safepoint    ] Entering safepoint region: RevokeBias
[2022-06-13T03:33:08.381+0000][1][safepoint    ] Leaving safepoint region
[2022-06-13T03:33:08.382+0000][1][safepoint    ] Total time for which application threads were stopped: 0.0006153 seconds, Stopping threads took: 0.0002864 seconds
[2022-06-13T03:33:08.383+0000][1][safepoint    ] Application time: 0.0010759 seconds
[2022-06-13T03:33:08.383+0000][1][safepoint    ] Entering safepoint region: RevokeBias
[2022-06-13T03:33:08.383+0000][1][safepoint    ] Leaving safepoint region
[2022-06-13T03:33:08.384+0000][1][safepoint    ] Total time for which application threads were stopped: 0.0006090 seconds, Stopping threads took: 0.0003171 seconds
[2022-06-13T03:33:08.384+0000][1][safepoint    ] Application time: 0.0004387 seconds
[2022-06-13T03:33:08.385+0000][1][safepoint    ] Entering safepoint region: RevokeBias
[2022-06-13T03:33:08.385+0000][1][safepoint    ] Leaving safepoint region
[2022-06-13T03:33:08.386+0000][1][safepoint    ] Total time for which application threads were stopped: 0.0007203 seconds, Stopping threads took: 0.0002605 seconds
[2022-06-13T03:33:08.390+0000][1][safepoint    ] Application time: 0.0042865 seconds
[2022-06-13T03:33:08.390+0000][1][safepoint    ] Entering safepoint region: RevokeBias
[2022-06-13T03:33:08.391+0000][1][safepoint    ] Leaving safepoint region
[2022-06-13T03:33:08.391+0000][1][safepoint    ] Total time for which application threads were stopped: 0.0006730 seconds, Stopping threads took: 0.0003338 seconds
[2022-06-13T03:33:08.392+0000][1][safepoint    ] Application time: 0.0002272 seconds
[2022-06-13T03:33:08.392+0000][1][safepoint    ] Entering safepoint region: RevokeBias
[2022-06-13T03:33:08.392+0000][1][safepoint    ] Leaving safepoint region
[2022-06-13T03:33:08.392+0000][1][safepoint    ] Total time for which application threads were stopped: 0.0004575 seconds, Stopping threads took: 0.0002040 seconds
[2022-06-13T03:33:08.424+0000][1][safepoint    ] Application time: 0.0309593 seconds
[2022-06-13T03:33:08.424+0000][1][safepoint    ] Entering safepoint region: Deoptimize
[2022-06-13T03:33:08.425+0000][1][safepoint    ] Leaving safepoint region
[2022-06-13T03:33:08.425+0000][1][safepoint    ] Total time for which application threads were stopped: 0.0011495 seconds, Stopping threads took: 0.0002245 seconds
[2022-06-13T03:33:08.456+0000][1][safepoint    ] Application time: 0.0303505 seconds
[2022-06-13T03:33:08.456+0000][1][safepoint    ] Entering safepoint region: RevokeBias
[2022-06-13T03:33:08.456+0000][1][safepoint    ] Leaving safepoint region
[2022-06-13T03:33:08.456+0000][1][safepoint    ] Total time for which application threads were stopped: 0.0004640 seconds, Stopping threads took: 0.0001874 seconds
[2022-06-13T03:33:08.457+0000][1][safepoint    ] Application time: 0.0000725 seconds
[2022-06-13T03:33:08.457+0000][1][safepoint    ] Entering safepoint region: RevokeBias
[2022-06-13T03:33:08.457+0000][1][safepoint    ] Leaving safepoint region
[2022-06-13T03:33:08.458+0000][1][safepoint    ] Total time for which application threads were stopped: 0.0004763 seconds, Stopping threads took: 0.0001947 seconds
[2022-06-13T03:33:08.463+0000][1][safepoint    ] Application time: 0.0047937 seconds
[2022-06-13T03:33:08.463+0000][1][safepoint    ] Entering safepoint region: RevokeBias
[2022-06-13T03:33:08.463+0000][1][safepoint    ] Leaving safepoint region
[2022-06-13T03:33:08.463+0000][1][safepoint    ] Total time for which application threads were stopped: 0.0006035 seconds, Stopping threads took: 0.0003530 seconds
[2022-06-13T03:33:08.464+0000][1][safepoint    ] Application time: 0.0000980 seconds
[2022-06-13T03:33:08.464+0000][1][safepoint    ] Entering safepoint region: RevokeBias
[2022-06-13T03:33:08.464+0000][1][safepoint    ] Leaving safepoint region
[2022-06-13T03:33:08.465+0000][1][safepoint    ] Total time for which application threads were stopped: 0.0006681 seconds, Stopping threads took: 0.0002730 seconds
[2022-06-13T03:33:08.465+0000][1][safepoint    ] Application time: 0.0000712 seconds
[2022-06-13T03:33:08.465+0000][1][safepoint    ] Entering safepoint region: RevokeBias
[2022-06-13T03:33:08.466+0000][1][safepoint    ] Leaving safepoint region
[2022-06-13T03:33:08.466+0000][1][safepoint    ] Total time for which application threads were stopped: 0.0005673 seconds, Stopping threads took: 0.0002697 seconds
[2022-06-13T03:33:08.467+0000][1][safepoint    ] Application time: 0.0002470 seconds
[2022-06-13T03:33:08.467+0000][1][safepoint    ] Entering safepoint region: RevokeBias
[2022-06-13T03:33:08.467+0000][1][safepoint    ] Leaving safepoint region
[2022-06-13T03:33:08.467+0000][1][safepoint    ] Total time for which application threads were stopped: 0.0004773 seconds, Stopping threads took: 0.0002587 seconds
[2022-06-13T03:33:08.469+0000][1][safepoint    ] Application time: 0.0014174 seconds
[2022-06-13T03:33:08.469+0000][1][safepoint    ] Entering safepoint region: RevokeBias
[2022-06-13T03:33:08.469+0000][1][safepoint    ] Leaving safepoint region
[2022-06-13T03:33:08.469+0000][1][safepoint    ] Total time for which application threads were stopped: 0.0003182 seconds, Stopping threads took: 0.0001052 seconds
[2022-06-13T03:33:08.469+0000][1][safepoint    ] Application time: 0.0000644 seconds
[2022-06-13T03:33:08.470+0000][1][safepoint    ] Entering safepoint region: RevokeBias
[2022-06-13T03:33:08.470+0000][1][safepoint    ] Leaving safepoint region
[2022-06-13T03:33:08.470+0000][1][safepoint    ] Total time for which application threads were stopped: 0.0001991 seconds, Stopping threads took: 0.0000882 seconds
[2022-06-13T03:33:08.538+0000][1][safepoint    ] Application time: 0.0678552 seconds
[2022-06-13T03:33:08.538+0000][1][safepoint    ] Entering safepoint region: RevokeBias
[2022-06-13T03:33:08.539+0000][1][safepoint    ] Leaving safepoint region
[2022-06-13T03:33:08.539+0000][1][safepoint    ] Total time for which application threads were stopped: 0.0008177 seconds, Stopping threads took: 0.0003561 seconds
[2022-06-13T03:33:08.539+0000][1][safepoint    ] Application time: 0.0002431 seconds
[2022-06-13T03:33:08.540+0000][1][safepoint    ] Entering safepoint region: BulkRevokeBias
[2022-06-13T03:33:08.540+0000][1][safepoint    ] Leaving safepoint region
[2022-06-13T03:33:08.541+0000][1][safepoint    ] Total time for which application threads were stopped: 0.0009744 seconds, Stopping threads took: 0.0003042 seconds
[2022-06-13T03:33:08.541+0000][1][safepoint    ] Application time: 0.0001739 seconds
[2022-06-13T03:33:08.542+0000][1][safepoint    ] Entering safepoint region: BulkRevokeBias
[2022-06-13T03:33:08.542+0000][1][safepoint    ] Leaving safepoint region
[2022-06-13T03:33:08.542+0000][1][safepoint    ] Total time for which application threads were stopped: 0.0008488 seconds, Stopping threads took: 0.0003882 seconds
[2022-06-13T03:33:08.543+0000][1][safepoint    ] Application time: 0.0002616 seconds
[2022-06-13T03:33:08.543+0000][1][safepoint    ] Entering safepoint region: RevokeBias
[2022-06-13T03:33:08.543+0000][1][safepoint    ] Leaving safepoint region
[2022-06-13T03:33:08.544+0000][1][safepoint    ] Total time for which application threads were stopped: 0.0005942 seconds, Stopping threads took: 0.0002936 seconds
[2022-06-13T03:33:08.559+0000][1][safepoint    ] Application time: 0.0150416 seconds
[2022-06-13T03:33:08.560+0000][1][safepoint    ] Entering safepoint region: RevokeBias
[2022-06-13T03:33:08.560+0000][1][safepoint    ] Leaving safepoint region
[2022-06-13T03:33:08.560+0000][1][safepoint    ] Total time for which application threads were stopped: 0.0006994 seconds, Stopping threads took: 0.0003264 seconds
[2022-06-13T03:33:08.561+0000][1][safepoint    ] Application time: 0.0006196 seconds
[2022-06-13T03:33:08.562+0000][1][safepoint    ] Entering safepoint region: RevokeBias
[2022-06-13T03:33:08.562+0000][1][safepoint    ] Leaving safepoint region
[2022-06-13T03:33:08.562+0000][1][safepoint    ] Total time for which application threads were stopped: 0.0006246 seconds, Stopping threads took: 0.0003534 seconds
[2022-06-13T03:33:08.567+0000][1][safepoint    ] Application time: 0.0040635 seconds
[2022-06-13T03:33:08.567+0000][1][safepoint    ] Entering safepoint region: RevokeBias
[2022-06-13T03:33:08.568+0000][1][safepoint    ] Leaving safepoint region
[2022-06-13T03:33:08.568+0000][1][safepoint    ] Total time for which application threads were stopped: 0.0007351 seconds, Stopping threads took: 0.0003024 seconds
[2022-06-13T03:33:08.569+0000][1][safepoint    ] Application time: 0.0002028 seconds
[2022-06-13T03:33:08.569+0000][1][safepoint    ] Entering safepoint region: RevokeBias
[2022-06-13T03:33:08.569+0000][1][safepoint    ] Leaving safepoint region
[2022-06-13T03:33:08.570+0000][1][safepoint    ] Total time for which application threads were stopped: 0.0007670 seconds, Stopping threads took: 0.0002696 seconds
[2022-06-13T03:33:08.571+0000][1][safepoint    ] Application time: 0.0006972 seconds
[2022-06-13T03:33:08.571+0000][1][safepoint    ] Entering safepoint region: RevokeBias
[2022-06-13T03:33:08.571+0000][1][safepoint    ] Leaving safepoint region
[2022-06-13T03:33:08.572+0000][1][safepoint    ] Total time for which application threads were stopped: 0.0008680 seconds, Stopping threads took: 0.0004999 seconds
[2022-06-13T03:33:08.572+0000][1][safepoint    ] Application time: 0.0002549 seconds
[2022-06-13T03:33:08.573+0000][1][safepoint    ] Entering safepoint region: RevokeBias
[2022-06-13T03:33:08.573+0000][1][safepoint    ] Leaving safepoint region
[2022-06-13T03:33:08.574+0000][1][safepoint    ] Total time for which application threads were stopped: 0.0009351 seconds, Stopping threads took: 0.0004036 seconds
[2022-06-13T03:33:08.580+0000][1][safepoint    ] Application time: 0.0055269 seconds
[2022-06-13T03:33:08.580+0000][1][safepoint    ] Entering safepoint region: RevokeBias
[2022-06-13T03:33:08.580+0000][1][safepoint    ] Leaving safepoint region
[2022-06-13T03:33:08.581+0000][1][safepoint    ] Total time for which application threads were stopped: 0.0006440 seconds, Stopping threads took: 0.0002378 seconds
[2022-06-13T03:33:08.582+0000][1][safepoint    ] Application time: 0.0008247 seconds
[2022-06-13T03:33:08.582+0000][1][safepoint    ] Entering safepoint region: RevokeBias
[2022-06-13T03:33:08.582+0000][1][safepoint    ] Leaving safepoint region
[2022-06-13T03:33:08.583+0000][1][safepoint    ] Total time for which application threads were stopped: 0.0007557 seconds, Stopping threads took: 0.0003607 seconds
[2022-06-13T03:33:08.591+0000][1][safepoint    ] Application time: 0.0076058 seconds
[2022-06-13T03:33:08.591+0000][1][safepoint    ] Entering safepoint region: RevokeBias
[2022-06-13T03:33:08.592+0000][1][safepoint    ] Leaving safepoint region
[2022-06-13T03:33:08.592+0000][1][safepoint    ] Total time for which application threads were stopped: 0.0011475 seconds, Stopping threads took: 0.0005936 seconds
[2022-06-13T03:33:08.642+0000][1][safepoint    ] Application time: 0.0494915 seconds
[2022-06-13T03:33:08.642+0000][1][safepoint    ] Entering safepoint region: RevokeBias
[2022-06-13T03:33:08.642+0000][1][safepoint    ] Leaving safepoint region
[2022-06-13T03:33:08.643+0000][1][safepoint    ] Total time for which application threads were stopped: 0.0006095 seconds, Stopping threads took: 0.0002055 seconds
[2022-06-13T03:33:08.643+0000][1][safepoint    ] Application time: 0.0001857 seconds
[2022-06-13T03:33:08.643+0000][1][safepoint    ] Entering safepoint region: RevokeBias
[2022-06-13T03:33:08.644+0000][1][safepoint    ] Leaving safepoint region
[2022-06-13T03:33:08.644+0000][1][safepoint    ] Total time for which application threads were stopped: 0.0004561 seconds, Stopping threads took: 0.0002374 seconds
[2022-06-13T03:33:08.644+0000][1][safepoint    ] Application time: 0.0005256 seconds
[2022-06-13T03:33:08.645+0000][1][safepoint    ] Entering safepoint region: RevokeBias
[2022-06-13T03:33:08.645+0000][1][safepoint    ] Leaving safepoint region
[2022-06-13T03:33:08.645+0000][1][safepoint    ] Total time for which application threads were stopped: 0.0002074 seconds, Stopping threads took: 0.0000947 seconds
[2022-06-13T03:33:09.645+0000][1][safepoint    ] Application time: 1.0002516 seconds
[2022-06-13T03:33:09.646+0000][1][safepoint    ] Entering safepoint region: Cleanup
[2022-06-13T03:33:09.646+0000][1][safepoint    ] Leaving safepoint region
[2022-06-13T03:33:09.647+0000][1][safepoint    ] Total time for which application threads were stopped: 0.0009212 seconds, Stopping threads took: 0.0004436 seconds
[2022-06-13T03:33:10.647+0000][1][safepoint    ] Application time: 1.0003642 seconds
[2022-06-13T03:33:10.648+0000][1][safepoint    ] Entering safepoint region: Cleanup
[2022-06-13T03:33:10.648+0000][1][safepoint    ] Leaving safepoint region
[2022-06-13T03:33:10.649+0000][1][safepoint    ] Total time for which application threads were stopped: 0.0007558 seconds, Stopping threads took: 0.0003955 seconds
[2022-06-13T03:33:11.649+0000][1][safepoint    ] Application time: 1.0001905 seconds
[2022-06-13T03:33:11.649+0000][1][safepoint    ] Entering safepoint region: Cleanup
[2022-06-13T03:33:11.650+0000][1][safepoint    ] Leaving safepoint region
[2022-06-13T03:33:11.650+0000][1][safepoint    ] Total time for which application threads were stopped: 0.0009718 seconds, Stopping threads took: 0.0003767 seconds
[2022-06-13T03:33:12.651+0000][1][safepoint    ] Application time: 1.0003098 seconds
[2022-06-13T03:33:12.652+0000][1][safepoint    ] Entering safepoint region: Cleanup
[2022-06-13T03:33:12.652+0000][1][safepoint    ] Leaving safepoint region
[2022-06-13T03:33:12.652+0000][1][safepoint    ] Total time for which application threads were stopped: 0.0010765 seconds, Stopping threads took: 0.0005989 seconds
[2022-06-13T03:33:13.653+0000][1][safepoint    ] Application time: 1.0004029 seconds
[2022-06-13T03:33:13.654+0000][1][safepoint    ] Entering safepoint region: Cleanup
[2022-06-13T03:33:13.655+0000][1][safepoint    ] Leaving safepoint region
[2022-06-13T03:33:13.655+0000][1][safepoint    ] Total time for which application threads were stopped: 0.0012845 seconds, Stopping threads took: 0.0005961 seconds
[2022-06-13T03:33:14.656+0000][1][safepoint    ] Application time: 1.0002526 seconds
[2022-06-13T03:33:14.657+0000][1][safepoint    ] Entering safepoint region: Cleanup
[2022-06-13T03:33:14.658+0000][1][safepoint    ] Leaving safepoint region
[2022-06-13T03:33:14.658+0000][1][safepoint    ] Total time for which application threads were stopped: 0.0008694 seconds, Stopping threads took: 0.0004185 seconds
[2022-06-13T03:33:15.658+0000][1][safepoint    ] Application time: 1.0002463 seconds
[2022-06-13T03:33:15.659+0000][1][safepoint    ] Entering safepoint region: Cleanup
[2022-06-13T03:33:15.660+0000][1][safepoint    ] Leaving safepoint region
[2022-06-13T03:33:15.660+0000][1][safepoint    ] Total time for which application threads were stopped: 0.0009357 seconds, Stopping threads took: 0.0004971 seconds
[2022-06-13T03:33:16.661+0000][1][safepoint    ] Application time: 1.0001509 seconds
[2022-06-13T03:33:16.661+0000][1][safepoint    ] Entering safepoint region: Cleanup
[2022-06-13T03:33:16.661+0000][1][safepoint    ] Leaving safepoint region
[2022-06-13T03:33:16.662+0000][1][safepoint    ] Total time for which application threads were stopped: 0.0005858 seconds, Stopping threads took: 0.0002663 seconds
[2022-06-13T03:33:17.662+0000][1][safepoint    ] Application time: 1.0002774 seconds
[2022-06-13T03:33:17.663+0000][1][safepoint    ] Entering safepoint region: Cleanup
[2022-06-13T03:33:17.664+0000][1][safepoint    ] Leaving safepoint region
[2022-06-13T03:33:17.664+0000][1][safepoint    ] Total time for which application threads were stopped: 0.0009160 seconds, Stopping threads took: 0.0004570 seconds
[2022-06-13T03:33:18.665+0000][1][safepoint    ] Application time: 1.0002061 seconds
[2022-06-13T03:33:18.665+0000][1][safepoint    ] Entering safepoint region: Cleanup
[2022-06-13T03:33:18.666+0000][1][safepoint    ] Leaving safepoint region
[2022-06-13T03:33:18.666+0000][1][safepoint    ] Total time for which application threads were stopped: 0.0008482 seconds, Stopping threads took: 0.0004356 seconds
[2022-06-13T03:33:19.667+0000][1][safepoint    ] Application time: 1.0003402 seconds
[2022-06-13T03:33:19.667+0000][1][safepoint    ] Entering safepoint region: Cleanup
[2022-06-13T03:33:19.668+0000][1][safepoint    ] Leaving safepoint region
[2022-06-13T03:33:19.669+0000][1][safepoint    ] Total time for which application threads were stopped: 0.0011790 seconds, Stopping threads took: 0.0005212 seconds
[2022-06-13T03:33:20.669+0000][1][safepoint    ] Application time: 1.0002380 seconds
[2022-06-13T03:33:20.670+0000][1][safepoint    ] Entering safepoint region: Cleanup
[2022-06-13T03:33:20.670+0000][1][safepoint    ] Leaving safepoint region
[2022-06-13T03:33:20.670+0000][1][safepoint    ] Total time for which application threads were stopped: 0.0007415 seconds, Stopping threads took: 0.0003430 seconds
[2022-06-13T03:33:21.671+0000][1][safepoint    ] Application time: 1.0001616 seconds
[2022-06-13T03:33:21.671+0000][1][safepoint    ] Entering safepoint region: Cleanup
[2022-06-13T03:33:21.672+0000][1][safepoint    ] Leaving safepoint region
[2022-06-13T03:33:21.672+0000][1][safepoint    ] Total time for which application threads were stopped: 0.0009878 seconds, Stopping threads took: 0.0004759 seconds
[2022-06-13T03:33:22.673+0000][1][safepoint    ] Application time: 1.0003011 seconds
[2022-06-13T03:33:22.674+0000][1][safepoint    ] Entering safepoint region: Cleanup
[2022-06-13T03:33:22.674+0000][1][safepoint    ] Leaving safepoint region
[2022-06-13T03:33:22.675+0000][1][safepoint    ] Total time for which application threads were stopped: 0.0009480 seconds, Stopping threads took: 0.0004161 seconds
[2022-06-13T03:33:23.675+0000][1][safepoint    ] Application time: 1.0001434 seconds
[2022-06-13T03:33:23.676+0000][1][safepoint    ] Entering safepoint region: Cleanup
[2022-06-13T03:33:23.676+0000][1][safepoint    ] Leaving safepoint region
[2022-06-13T03:33:23.676+0000][1][safepoint    ] Total time for which application threads were stopped: 0.0007566 seconds, Stopping threads took: 0.0003978 seconds
[2022-06-13T03:33:24.677+0000][1][safepoint    ] Application time: 1.0002316 seconds
[2022-06-13T03:33:24.677+0000][1][safepoint    ] Entering safepoint region: Cleanup
[2022-06-13T03:33:24.678+0000][1][safepoint    ] Leaving safepoint region
[2022-06-13T03:33:24.678+0000][1][safepoint    ] Total time for which application threads were stopped: 0.0008109 seconds, Stopping threads took: 0.0003517 seconds
[2022-06-13T03:33:25.679+0000][1][safepoint    ] Application time: 1.0001748 seconds
[2022-06-13T03:33:25.679+0000][1][safepoint    ] Entering safepoint region: Cleanup
[2022-06-13T03:33:25.679+0000][1][safepoint    ] Leaving safepoint region
[2022-06-13T03:33:25.679+0000][1][safepoint    ] Total time for which application threads were stopped: 0.0005817 seconds, Stopping threads took: 0.0002238 seconds
[2022-06-13T03:33:26.680+0000][1][safepoint    ] Application time: 1.0004142 seconds
[2022-06-13T03:33:26.681+0000][1][safepoint    ] Entering safepoint region: Cleanup
[2022-06-13T03:33:26.682+0000][1][safepoint    ] Leaving safepoint region
[2022-06-13T03:33:26.682+0000][1][safepoint    ] Total time for which application threads were stopped: 0.0012885 seconds, Stopping threads took: 0.0005641 seconds
[2022-06-13T03:33:26.844+0000][1][safepoint    ] Application time: 0.1615571 seconds
[2022-06-13T03:33:26.844+0000][1][safepoint    ] Entering safepoint region: GenCollectForAllocation
[2022-06-13T03:33:26.845+0000][1][gc,start     ] GC(22) Pause Young (Allocation Failure)
[2022-06-13T03:33:26.845+0000][1][gc,task      ] GC(22) Using 5 workers of 13 for evacuation
[2022-06-13T03:33:26.851+0000][1][gc,age       ] GC(22) Desired survivor size 4456448 bytes, new threshold 2 (max threshold 6)
[2022-06-13T03:33:26.852+0000][1][gc,age       ] GC(22) Age table with threshold 2 (max threshold 6)
[2022-06-13T03:33:26.852+0000][1][gc,age       ] GC(22) - age   1:    2750576 bytes,    2750576 total
[2022-06-13T03:33:26.852+0000][1][gc,age       ] GC(22) - age   2:    3601928 bytes,    6352504 total
[2022-06-13T03:33:26.853+0000][1][gc,heap      ] GC(22) ParNew: 77793K->7997K(78656K)
[2022-06-13T03:33:26.853+0000][1][gc,heap      ] GC(22) CMS: 62500K->63933K(174784K)
[2022-06-13T03:33:26.853+0000][1][gc,metaspace ] GC(22) Metaspace: 67159K->67159K(1110016K)
[2022-06-13T03:33:26.853+0000][1][gc           ] GC(22) Pause Young (Allocation Failure) 137M->70M(247M) 8.564ms
[2022-06-13T03:33:26.854+0000][1][gc,cpu       ] GC(22) User=0.02s Sys=0.00s Real=0.01s
[2022-06-13T03:33:26.854+0000][1][safepoint    ] Leaving safepoint region
[2022-06-13T03:33:26.855+0000][1][safepoint    ] Total time for which application threads were stopped: 0.0101211 seconds, Stopping threads took: 0.0003496 seconds
[2022-06-13T03:33:27.855+0000][1][safepoint    ] Application time: 1.0002069 seconds
[2022-06-13T03:33:27.856+0000][1][safepoint    ] Entering safepoint region: Cleanup
[2022-06-13T03:33:27.856+0000][1][safepoint    ] Leaving safepoint region
[2022-06-13T03:33:27.856+0000][1][safepoint    ] Total time for which application threads were stopped: 0.0006371 seconds, Stopping threads took: 0.0002629 seconds
[2022-06-13T03:33:28.857+0000][1][safepoint    ] Application time: 1.0002668 seconds
[2022-06-13T03:33:28.857+0000][1][safepoint    ] Entering safepoint region: Cleanup
[2022-06-13T03:33:28.857+0000][1][safepoint    ] Leaving safepoint region
[2022-06-13T03:33:28.857+0000][1][safepoint    ] Total time for which application threads were stopped: 0.0002905 seconds, Stopping threads took: 0.0001050 seconds
[2022-06-13T03:33:29.858+0000][1][safepoint    ] Application time: 1.0001898 seconds
[2022-06-13T03:33:29.858+0000][1][safepoint    ] Entering safepoint region: Cleanup
[2022-06-13T03:33:29.858+0000][1][safepoint    ] Leaving safepoint region
[2022-06-13T03:33:29.859+0000][1][safepoint    ] Total time for which application threads were stopped: 0.0005617 seconds, Stopping threads took: 0.0002771 seconds
[2022-06-13T03:33:30.859+0000][1][safepoint    ] Application time: 1.0002675 seconds
[2022-06-13T03:33:30.860+0000][1][safepoint    ] Entering safepoint region: Cleanup
[2022-06-13T03:33:30.861+0000][1][safepoint    ] Leaving safepoint region
[2022-06-13T03:33:30.861+0000][1][safepoint    ] Total time for which application threads were stopped: 0.0009424 seconds, Stopping threads took: 0.0004732 seconds
[2022-06-13T03:33:31.861+0000][1][safepoint    ] Application time: 1.0002387 seconds
[2022-06-13T03:33:31.862+0000][1][safepoint    ] Entering safepoint region: Cleanup
[2022-06-13T03:33:31.862+0000][1][safepoint    ] Leaving safepoint region
[2022-06-13T03:33:31.863+0000][1][safepoint    ] Total time for which application threads were stopped: 0.0008418 seconds, Stopping threads took: 0.0003638 seconds
[2022-06-13T03:33:32.863+0000][1][safepoint    ] Application time: 1.0002835 seconds
[2022-06-13T03:33:32.864+0000][1][safepoint    ] Entering safepoint region: Cleanup
[2022-06-13T03:33:32.864+0000][1][safepoint    ] Leaving safepoint region
[2022-06-13T03:33:32.865+0000][1][safepoint    ] Total time for which application threads were stopped: 0.0010030 seconds, Stopping threads took: 0.0004689 seconds
[2022-06-13T03:33:33.866+0000][1][safepoint    ] Application time: 1.0002843 seconds
[2022-06-13T03:33:33.866+0000][1][safepoint    ] Entering safepoint region: Cleanup
[2022-06-13T03:33:33.867+0000][1][safepoint    ] Leaving safepoint region
[2022-06-13T03:33:33.867+0000][1][safepoint    ] Total time for which application threads were stopped: 0.0008129 seconds, Stopping threads took: 0.0003367 seconds
[2022-06-13T03:33:34.868+0000][1][safepoint    ] Application time: 1.0002409 seconds
[2022-06-13T03:33:34.868+0000][1][safepoint    ] Entering safepoint region: Cleanup
[2022-06-13T03:33:34.869+0000][1][safepoint    ] Leaving safepoint region
[2022-06-13T03:33:34.869+0000][1][safepoint    ] Total time for which application threads were stopped: 0.0010128 seconds, Stopping threads took: 0.0005060 seconds
[2022-06-13T03:33:35.870+0000][1][safepoint    ] Application time: 1.0002088 seconds
[2022-06-13T03:33:35.870+0000][1][safepoint    ] Entering safepoint region: Cleanup
[2022-06-13T03:33:35.871+0000][1][safepoint    ] Leaving safepoint region
[2022-06-13T03:33:35.871+0000][1][safepoint    ] Total time for which application threads were stopped: 0.0006446 seconds, Stopping threads took: 0.0002843 seconds
[2022-06-13T03:33:36.871+0000][1][safepoint    ] Application time: 1.0002323 seconds
[2022-06-13T03:33:36.872+0000][1][safepoint    ] Entering safepoint region: Cleanup
[2022-06-13T03:33:36.873+0000][1][safepoint    ] Leaving safepoint region
[2022-06-13T03:33:36.873+0000][1][safepoint    ] Total time for which application threads were stopped: 0.0012471 seconds, Stopping threads took: 0.0007434 seconds
[2022-06-13T03:33:37.874+0000][1][safepoint    ] Application time: 1.0002601 seconds
[2022-06-13T03:33:37.874+0000][1][safepoint    ] Entering safepoint region: Cleanup
[2022-06-13T03:33:37.874+0000][1][safepoint    ] Leaving safepoint region
[2022-06-13T03:33:37.875+0000][1][safepoint    ] Total time for which application threads were stopped: 0.0005493 seconds, Stopping threads took: 0.0003064 seconds
[2022-06-13T03:33:38.875+0000][1][safepoint    ] Application time: 1.0002109 seconds
[2022-06-13T03:33:38.876+0000][1][safepoint    ] Entering safepoint region: Cleanup
[2022-06-13T03:33:38.877+0000][1][safepoint    ] Leaving safepoint region
[2022-06-13T03:33:38.877+0000][1][safepoint    ] Total time for which application threads were stopped: 0.0013089 seconds, Stopping threads took: 0.0007845 seconds
[2022-06-13T03:33:39.877+0000][1][safepoint    ] Application time: 1.0002015 seconds
[2022-06-13T03:33:39.878+0000][1][safepoint    ] Entering safepoint region: Cleanup
[2022-06-13T03:33:39.878+0000][1][safepoint    ] Leaving safepoint region
[2022-06-13T03:33:39.879+0000][1][safepoint    ] Total time for which application threads were stopped: 0.0008000 seconds, Stopping threads took: 0.0004380 seconds
[2022-06-13T03:33:40.879+0000][1][safepoint    ] Application time: 1.0001563 seconds
[2022-06-13T03:33:40.880+0000][1][safepoint    ] Entering safepoint region: Cleanup
[2022-06-13T03:33:40.880+0000][1][safepoint    ] Leaving safepoint region
[2022-06-13T03:33:40.881+0000][1][safepoint    ] Total time for which application threads were stopped: 0.0013443 seconds, Stopping threads took: 0.0007105 seconds
[2022-06-13T03:33:41.882+0000][1][safepoint    ] Application time: 1.0002460 seconds
[2022-06-13T03:33:41.882+0000][1][safepoint    ] Entering safepoint region: Cleanup
[2022-06-13T03:33:41.882+0000][1][safepoint    ] Leaving safepoint region
[2022-06-13T03:33:41.882+0000][1][safepoint    ] Total time for which application threads were stopped: 0.0004131 seconds, Stopping threads took: 0.0002119 seconds
[2022-06-13T03:33:42.883+0000][1][safepoint    ] Application time: 1.0001258 seconds
[2022-06-13T03:33:42.883+0000][1][safepoint    ] Entering safepoint region: Cleanup
[2022-06-13T03:33:42.883+0000][1][safepoint    ] Leaving safepoint region
[2022-06-13T03:33:42.884+0000][1][safepoint    ] Total time for which application threads were stopped: 0.0004464 seconds, Stopping threads took: 0.0002699 seconds
[2022-06-13T03:33:43.884+0000][1][safepoint    ] Application time: 1.0001528 seconds
[2022-06-13T03:33:43.884+0000][1][safepoint    ] Entering safepoint region: Cleanup
[2022-06-13T03:33:43.885+0000][1][safepoint    ] Leaving safepoint region
[2022-06-13T03:33:43.885+0000][1][safepoint    ] Total time for which application threads were stopped: 0.0009552 seconds, Stopping threads took: 0.0004398 seconds
[2022-06-13T03:33:44.886+0000][1][safepoint    ] Application time: 1.0002585 seconds
[2022-06-13T03:33:44.887+0000][1][safepoint    ] Entering safepoint region: Cleanup
[2022-06-13T03:33:44.887+0000][1][safepoint    ] Leaving safepoint region
[2022-06-13T03:33:44.887+0000][1][safepoint    ] Total time for which application threads were stopped: 0.0008017 seconds, Stopping threads took: 0.0004502 seconds
[2022-06-13T03:33:45.888+0000][1][safepoint    ] Application time: 1.0003796 seconds
[2022-06-13T03:33:45.889+0000][1][safepoint    ] Entering safepoint region: Cleanup
[2022-06-13T03:33:45.889+0000][1][safepoint    ] Leaving safepoint region
[2022-06-13T03:33:45.890+0000][1][safepoint    ] Total time for which application threads were stopped: 0.0011256 seconds, Stopping threads took: 0.0005011 seconds
[2022-06-13T03:33:46.891+0000][1][safepoint    ] Application time: 1.0002374 seconds
[2022-06-13T03:33:46.891+0000][1][safepoint    ] Entering safepoint region: Cleanup
[2022-06-13T03:33:46.891+0000][1][safepoint    ] Leaving safepoint region
[2022-06-13T03:33:46.892+0000][1][safepoint    ] Total time for which application threads were stopped: 0.0005190 seconds, Stopping threads took: 0.0002683 seconds
[2022-06-13T03:33:47.892+0000][1][safepoint    ] Application time: 1.0001444 seconds
[2022-06-13T03:33:47.892+0000][1][safepoint    ] Entering safepoint region: Cleanup
[2022-06-13T03:33:47.893+0000][1][safepoint    ] Leaving safepoint region
[2022-06-13T03:33:47.893+0000][1][safepoint    ] Total time for which application threads were stopped: 0.0004031 seconds, Stopping threads took: 0.0001965 seconds
[2022-06-13T03:33:48.893+0000][1][safepoint    ] Application time: 1.0001472 seconds
[2022-06-13T03:33:48.894+0000][1][safepoint    ] Entering safepoint region: Cleanup
[2022-06-13T03:33:48.894+0000][1][safepoint    ] Leaving safepoint region
[2022-06-13T03:33:48.894+0000][1][safepoint    ] Total time for which application threads were stopped: 0.0003098 seconds, Stopping threads took: 0.0001230 seconds
[2022-06-13T03:33:49.894+0000][1][safepoint    ] Application time: 1.0002054 seconds
[2022-06-13T03:33:49.895+0000][1][safepoint    ] Entering safepoint region: Cleanup
[2022-06-13T03:33:49.895+0000][1][safepoint    ] Leaving safepoint region
[2022-06-13T03:33:49.895+0000][1][safepoint    ] Total time for which application threads were stopped: 0.0003230 seconds, Stopping threads took: 0.0001693 seconds
[2022-06-13T03:33:50.895+0000][1][safepoint    ] Application time: 1.0001802 seconds
[2022-06-13T03:33:50.896+0000][1][safepoint    ] Entering safepoint region: Cleanup
[2022-06-13T03:33:50.896+0000][1][safepoint    ] Leaving safepoint region
[2022-06-13T03:33:50.896+0000][1][safepoint    ] Total time for which application threads were stopped: 0.0007496 seconds, Stopping threads took: 0.0003023 seconds
[2022-06-13T03:33:51.897+0000][1][safepoint    ] Application time: 1.0002760 seconds
[2022-06-13T03:33:51.897+0000][1][safepoint    ] Entering safepoint region: Cleanup
[2022-06-13T03:33:51.898+0000][1][safepoint    ] Leaving safepoint region
[2022-06-13T03:33:51.898+0000][1][safepoint    ] Total time for which application threads were stopped: 0.0007322 seconds, Stopping threads took: 0.0003677 seconds
[2022-06-13T03:33:52.898+0000][1][safepoint    ] Application time: 1.0001601 seconds
[2022-06-13T03:33:52.899+0000][1][safepoint    ] Entering safepoint region: Cleanup
[2022-06-13T03:33:52.899+0000][1][safepoint    ] Leaving safepoint region
[2022-06-13T03:33:52.899+0000][1][safepoint    ] Total time for which application threads were stopped: 0.0004791 seconds, Stopping threads took: 0.0001959 seconds
[2022-06-13T03:33:53.900+0000][1][safepoint    ] Application time: 1.0001179 seconds
[2022-06-13T03:33:53.900+0000][1][safepoint    ] Entering safepoint region: Cleanup
[2022-06-13T03:33:53.901+0000][1][safepoint    ] Leaving safepoint region
[2022-06-13T03:33:53.901+0000][1][safepoint    ] Total time for which application threads were stopped: 0.0007858 seconds, Stopping threads took: 0.0005801 seconds
[2022-06-13T03:33:54.901+0000][1][safepoint    ] Application time: 1.0001856 seconds
[2022-06-13T03:33:54.902+0000][1][safepoint    ] Entering safepoint region: Cleanup
[2022-06-13T03:33:54.902+0000][1][safepoint    ] Leaving safepoint region
[2022-06-13T03:33:54.902+0000][1][safepoint    ] Total time for which application threads were stopped: 0.0006628 seconds, Stopping threads took: 0.0003034 seconds
[2022-06-13T03:33:55.903+0000][1][safepoint    ] Application time: 1.0002340 seconds
[2022-06-13T03:33:55.904+0000][1][safepoint    ] Entering safepoint region: Cleanup
[2022-06-13T03:33:55.904+0000][1][safepoint    ] Leaving safepoint region
[2022-06-13T03:33:55.905+0000][1][safepoint    ] Total time for which application threads were stopped: 0.0012122 seconds, Stopping threads took: 0.0004817 seconds
[2022-06-13T03:33:56.905+0000][1][safepoint    ] Application time: 1.0001719 seconds
[2022-06-13T03:33:56.906+0000][1][safepoint    ] Entering safepoint region: Cleanup
[2022-06-13T03:33:56.906+0000][1][safepoint    ] Leaving safepoint region
[2022-06-13T03:33:56.906+0000][1][safepoint    ] Total time for which application threads were stopped: 0.0006278 seconds, Stopping threads took: 0.0002677 seconds
[2022-06-13T03:33:57.907+0000][1][safepoint    ] Application time: 1.0003259 seconds
[2022-06-13T03:33:57.907+0000][1][safepoint    ] Entering safepoint region: Cleanup
[2022-06-13T03:33:57.908+0000][1][safepoint    ] Leaving safepoint region
[2022-06-13T03:33:57.909+0000][1][safepoint    ] Total time for which application threads were stopped: 0.0012356 seconds, Stopping threads took: 0.0005344 seconds
[2022-06-13T03:33:58.909+0000][1][safepoint    ] Application time: 1.0002919 seconds
[2022-06-13T03:33:58.910+0000][1][safepoint    ] Entering safepoint region: Cleanup
[2022-06-13T03:33:58.910+0000][1][safepoint    ] Leaving safepoint region
[2022-06-13T03:33:58.911+0000][1][safepoint    ] Total time for which application threads were stopped: 0.0007952 seconds, Stopping threads took: 0.0003637 seconds
[2022-06-13T03:33:59.911+0000][1][safepoint    ] Application time: 1.0003706 seconds
[2022-06-13T03:33:59.945+0000][1][safepoint    ] Entering safepoint region: Cleanup
[2022-06-13T03:33:59.945+0000][1][safepoint    ] Leaving safepoint region
[2022-06-13T03:33:59.945+0000][1][safepoint    ] Total time for which application threads were stopped: 0.0332512 seconds, Stopping threads took: 0.0330154 seconds
[2022-06-13T03:34:00.946+0000][1][safepoint    ] Application time: 1.0001624 seconds
[2022-06-13T03:34:00.946+0000][1][safepoint    ] Entering safepoint region: Cleanup
[2022-06-13T03:34:00.947+0000][1][safepoint    ] Leaving safepoint region
[2022-06-13T03:34:00.947+0000][1][safepoint    ] Total time for which application threads were stopped: 0.0010918 seconds, Stopping threads took: 0.0004738 seconds
[2022-06-13T03:34:01.948+0000][1][safepoint    ] Application time: 1.0001974 seconds
[2022-06-13T03:34:01.949+0000][1][safepoint    ] Entering safepoint region: Cleanup
[2022-06-13T03:34:01.949+0000][1][safepoint    ] Leaving safepoint region
[2022-06-13T03:34:01.949+0000][1][safepoint    ] Total time for which application threads were stopped: 0.0006630 seconds, Stopping threads took: 0.0003066 seconds
[2022-06-13T03:34:02.950+0000][1][safepoint    ] Application time: 1.0003302 seconds
[2022-06-13T03:34:02.950+0000][1][safepoint    ] Entering safepoint region: Cleanup
[2022-06-13T03:34:02.951+0000][1][safepoint    ] Leaving safepoint region
[2022-06-13T03:34:02.951+0000][1][safepoint    ] Total time for which application threads were stopped: 0.0009157 seconds, Stopping threads took: 0.0004185 seconds
[2022-06-13T03:34:03.952+0000][1][safepoint    ] Application time: 1.0004886 seconds
[2022-06-13T03:34:03.953+0000][1][safepoint    ] Entering safepoint region: Cleanup
[2022-06-13T03:34:03.954+0000][1][safepoint    ] Leaving safepoint region
[2022-06-13T03:34:03.954+0000][1][safepoint    ] Total time for which application threads were stopped: 0.0010852 seconds, Stopping threads took: 0.0004894 seconds
[2022-06-13T03:34:04.955+0000][1][safepoint    ] Application time: 1.0002663 seconds
[2022-06-13T03:34:04.955+0000][1][safepoint    ] Entering safepoint region: Cleanup
[2022-06-13T03:34:04.956+0000][1][safepoint    ] Leaving safepoint region
[2022-06-13T03:34:04.956+0000][1][safepoint    ] Total time for which application threads were stopped: 0.0010210 seconds, Stopping threads took: 0.0004430 seconds
[2022-06-13T03:34:05.957+0000][1][safepoint    ] Application time: 1.0002425 seconds
[2022-06-13T03:34:05.957+0000][1][safepoint    ] Entering safepoint region: Cleanup
[2022-06-13T03:34:05.958+0000][1][safepoint    ] Leaving safepoint region
[2022-06-13T03:34:05.958+0000][1][safepoint    ] Total time for which application threads were stopped: 0.0009997 seconds, Stopping threads took: 0.0004045 seconds
[2022-06-13T03:34:06.959+0000][1][safepoint    ] Application time: 1.0002473 seconds
[2022-06-13T03:34:06.959+0000][1][safepoint    ] Entering safepoint region: Cleanup
[2022-06-13T03:34:06.960+0000][1][safepoint    ] Leaving safepoint region
[2022-06-13T03:34:06.960+0000][1][safepoint    ] Total time for which application threads were stopped: 0.0004155 seconds, Stopping threads took: 0.0002195 seconds
[2022-06-13T03:34:07.960+0000][1][safepoint    ] Application time: 1.0002508 seconds
[2022-06-13T03:34:07.961+0000][1][safepoint    ] Entering safepoint region: Cleanup
[2022-06-13T03:34:07.961+0000][1][safepoint    ] Leaving safepoint region
[2022-06-13T03:34:07.962+0000][1][safepoint    ] Total time for which application threads were stopped: 0.0010507 seconds, Stopping threads took: 0.0004718 seconds
[2022-06-13T03:34:11.963+0000][1][safepoint    ] Application time: 4.0010367 seconds
[2022-06-13T03:34:11.964+0000][1][safepoint    ] Entering safepoint region: Cleanup
[2022-06-13T03:34:11.964+0000][1][safepoint    ] Leaving safepoint region
[2022-06-13T03:34:11.964+0000][1][safepoint    ] Total time for which application threads were stopped: 0.0005757 seconds, Stopping threads took: 0.0003309 seconds
[2022-06-13T03:34:14.965+0000][1][safepoint    ] Application time: 3.0005629 seconds
[2022-06-13T03:34:14.965+0000][1][safepoint    ] Entering safepoint region: Cleanup
[2022-06-13T03:34:14.966+0000][1][safepoint    ] Leaving safepoint region
[2022-06-13T03:34:14.966+0000][1][safepoint    ] Total time for which application threads were stopped: 0.0004478 seconds, Stopping threads took: 0.0002594 seconds
[2022-06-13T03:34:17.966+0000][1][safepoint    ] Application time: 3.0006243 seconds
[2022-06-13T03:34:17.967+0000][1][safepoint    ] Entering safepoint region: Cleanup
[2022-06-13T03:34:17.967+0000][1][safepoint    ] Leaving safepoint region
[2022-06-13T03:34:17.967+0000][1][safepoint    ] Total time for which application threads were stopped: 0.0005402 seconds, Stopping threads took: 0.0002453 seconds
[2022-06-13T03:34:19.968+0000][1][safepoint    ] Application time: 2.0003328 seconds
[2022-06-13T03:34:19.969+0000][1][safepoint    ] Entering safepoint region: Cleanup
[2022-06-13T03:34:19.969+0000][1][safepoint    ] Leaving safepoint region
[2022-06-13T03:34:19.969+0000][1][safepoint    ] Total time for which application threads were stopped: 0.0008965 seconds, Stopping threads took: 0.0003791 seconds
[2022-06-13T03:34:20.970+0000][1][safepoint    ] Application time: 1.0002788 seconds
[2022-06-13T03:34:20.971+0000][1][safepoint    ] Entering safepoint region: Cleanup
[2022-06-13T03:34:20.971+0000][1][safepoint    ] Leaving safepoint region
[2022-06-13T03:34:20.972+0000][1][safepoint    ] Total time for which application threads were stopped: 0.0008329 seconds, Stopping threads took: 0.0003657 seconds
[2022-06-13T03:34:21.972+0000][1][safepoint    ] Application time: 1.0002291 seconds
[2022-06-13T03:34:21.973+0000][1][safepoint    ] Entering safepoint region: Cleanup
[2022-06-13T03:34:21.973+0000][1][safepoint    ] Leaving safepoint region
[2022-06-13T03:34:21.974+0000][1][safepoint    ] Total time for which application threads were stopped: 0.0011466 seconds, Stopping threads took: 0.0005271 seconds
[2022-06-13T03:34:24.975+0000][1][safepoint    ] Application time: 3.0006341 seconds
[2022-06-13T03:34:24.976+0000][1][safepoint    ] Entering safepoint region: Cleanup
[2022-06-13T03:34:24.976+0000][1][safepoint    ] Leaving safepoint region
[2022-06-13T03:34:24.976+0000][1][safepoint    ] Total time for which application threads were stopped: 0.0007212 seconds, Stopping threads took: 0.0003169 seconds
[2022-06-13T03:34:25.977+0000][1][safepoint    ] Application time: 1.0002341 seconds
[2022-06-13T03:34:25.977+0000][1][safepoint    ] Entering safepoint region: Cleanup
[2022-06-13T03:34:25.978+0000][1][safepoint    ] Leaving safepoint region
[2022-06-13T03:34:25.978+0000][1][safepoint    ] Total time for which application threads were stopped: 0.0007863 seconds, Stopping threads took: 0.0003603 seconds
[2022-06-13T03:34:26.979+0000][1][safepoint    ] Application time: 1.0002153 seconds
[2022-06-13T03:34:26.979+0000][1][safepoint    ] Entering safepoint region: Cleanup
[2022-06-13T03:34:26.980+0000][1][safepoint    ] Leaving safepoint region
[2022-06-13T03:34:26.981+0000][1][safepoint    ] Total time for which application threads were stopped: 0.0012382 seconds, Stopping threads took: 0.0004991 seconds
[2022-06-13T03:34:27.981+0000][1][safepoint    ] Application time: 1.0001927 seconds
[2022-06-13T03:34:27.982+0000][1][safepoint    ] Entering safepoint region: Cleanup
[2022-06-13T03:34:27.982+0000][1][safepoint    ] Leaving safepoint region
[2022-06-13T03:34:27.982+0000][1][safepoint    ] Total time for which application threads were stopped: 0.0007325 seconds, Stopping threads took: 0.0003263 seconds
[2022-06-13T03:34:28.983+0000][1][safepoint    ] Application time: 1.0002320 seconds
[2022-06-13T03:34:28.983+0000][1][safepoint    ] Entering safepoint region: Cleanup
[2022-06-13T03:34:28.984+0000][1][safepoint    ] Leaving safepoint region
[2022-06-13T03:34:28.984+0000][1][safepoint    ] Total time for which application threads were stopped: 0.0008718 seconds, Stopping threads took: 0.0003966 seconds
[2022-06-13T03:34:30.985+0000][1][safepoint    ] Application time: 2.0003327 seconds
[2022-06-13T03:34:30.985+0000][1][safepoint    ] Entering safepoint region: Cleanup
[2022-06-13T03:34:30.986+0000][1][safepoint    ] Leaving safepoint region
[2022-06-13T03:34:30.986+0000][1][safepoint    ] Total time for which application threads were stopped: 0.0008632 seconds, Stopping threads took: 0.0004303 seconds
[2022-06-13T03:34:31.987+0000][1][safepoint    ] Application time: 1.0002245 seconds
[2022-06-13T03:34:31.987+0000][1][safepoint    ] Entering safepoint region: Cleanup
[2022-06-13T03:34:31.988+0000][1][safepoint    ] Leaving safepoint region
[2022-06-13T03:34:31.989+0000][1][safepoint    ] Total time for which application threads were stopped: 0.0014949 seconds, Stopping threads took: 0.0006997 seconds
[2022-06-13T03:34:32.990+0000][1][safepoint    ] Application time: 1.0002190 seconds
[2022-06-13T03:34:32.991+0000][1][safepoint    ] Entering safepoint region: Cleanup
[2022-06-13T03:34:32.991+0000][1][safepoint    ] Leaving safepoint region
[2022-06-13T03:34:32.992+0000][1][safepoint    ] Total time for which application threads were stopped: 0.0013358 seconds, Stopping threads took: 0.0005925 seconds
[2022-06-13T03:34:33.993+0000][1][safepoint    ] Application time: 1.0001842 seconds
[2022-06-13T03:34:33.993+0000][1][safepoint    ] Entering safepoint region: Cleanup
[2022-06-13T03:34:33.994+0000][1][safepoint    ] Leaving safepoint region
[2022-06-13T03:34:33.994+0000][1][safepoint    ] Total time for which application threads were stopped: 0.0008819 seconds, Stopping threads took: 0.0004078 seconds
[2022-06-13T03:34:34.995+0000][1][safepoint    ] Application time: 1.0002268 seconds
[2022-06-13T03:34:34.995+0000][1][safepoint    ] Entering safepoint region: Cleanup
[2022-06-13T03:34:34.996+0000][1][safepoint    ] Leaving safepoint region
[2022-06-13T03:34:34.996+0000][1][safepoint    ] Total time for which application threads were stopped: 0.0008240 seconds, Stopping threads took: 0.0003626 seconds
[2022-06-13T03:34:35.997+0000][1][safepoint    ] Application time: 1.0001848 seconds
[2022-06-13T03:34:35.997+0000][1][safepoint    ] Entering safepoint region: Cleanup
[2022-06-13T03:34:35.998+0000][1][safepoint    ] Leaving safepoint region
[2022-06-13T03:34:35.998+0000][1][safepoint    ] Total time for which application threads were stopped: 0.0007823 seconds, Stopping threads took: 0.0003623 seconds
[2022-06-13T03:34:36.998+0000][1][safepoint    ] Application time: 1.0001778 seconds
[2022-06-13T03:34:36.999+0000][1][safepoint    ] Entering safepoint region: Cleanup
[2022-06-13T03:34:36.999+0000][1][safepoint    ] Leaving safepoint region
[2022-06-13T03:34:36.999+0000][1][safepoint    ] Total time for which application threads were stopped: 0.0005047 seconds, Stopping threads took: 0.0001835 seconds
[2022-06-13T03:34:38.000+0000][1][safepoint    ] Application time: 1.0002482 seconds
[2022-06-13T03:34:38.000+0000][1][safepoint    ] Entering safepoint region: Cleanup
[2022-06-13T03:34:38.001+0000][1][safepoint    ] Leaving safepoint region
[2022-06-13T03:34:38.001+0000][1][safepoint    ] Total time for which application threads were stopped: 0.0010555 seconds, Stopping threads took: 0.0005114 seconds
[2022-06-13T03:34:47.003+0000][1][safepoint    ] Application time: 9.0017857 seconds
[2022-06-13T03:34:47.004+0000][1][safepoint    ] Entering safepoint region: Cleanup
[2022-06-13T03:34:47.005+0000][1][safepoint    ] Leaving safepoint region
[2022-06-13T03:34:47.005+0000][1][safepoint    ] Total time for which application threads were stopped: 0.0011391 seconds, Stopping threads took: 0.0006003 seconds
[2022-06-13T03:34:48.006+0000][1][safepoint    ] Application time: 1.0002187 seconds
[2022-06-13T03:34:48.006+0000][1][safepoint    ] Entering safepoint region: Cleanup
[2022-06-13T03:34:48.007+0000][1][safepoint    ] Leaving safepoint region
[2022-06-13T03:34:48.007+0000][1][safepoint    ] Total time for which application threads were stopped: 0.0007953 seconds, Stopping threads took: 0.0003907 seconds
[2022-06-13T03:34:52.008+0000][1][safepoint    ] Application time: 4.0008571 seconds
[2022-06-13T03:34:52.009+0000][1][safepoint    ] Entering safepoint region: Cleanup
[2022-06-13T03:34:52.009+0000][1][safepoint    ] Leaving safepoint region
[2022-06-13T03:34:52.009+0000][1][safepoint    ] Total time for which application threads were stopped: 0.0005534 seconds, Stopping threads took: 0.0002628 seconds
[2022-06-13T03:34:54.010+0000][1][safepoint    ] Application time: 2.0003521 seconds
[2022-06-13T03:34:54.010+0000][1][safepoint    ] Entering safepoint region: Cleanup
[2022-06-13T03:34:54.011+0000][1][safepoint    ] Leaving safepoint region
[2022-06-13T03:34:54.011+0000][1][safepoint    ] Total time for which application threads were stopped: 0.0006295 seconds, Stopping threads took: 0.0003029 seconds
[2022-06-13T03:34:57.012+0000][1][safepoint    ] Application time: 3.0005209 seconds
[2022-06-13T03:34:57.012+0000][1][safepoint    ] Entering safepoint region: Cleanup
[2022-06-13T03:34:57.013+0000][1][safepoint    ] Leaving safepoint region
[2022-06-13T03:34:57.013+0000][1][safepoint    ] Total time for which application threads were stopped: 0.0008096 seconds, Stopping threads took: 0.0003659 seconds
[2022-06-13T03:34:59.014+0000][1][safepoint    ] Application time: 2.0006063 seconds
[2022-06-13T03:34:59.015+0000][1][safepoint    ] Entering safepoint region: Cleanup
[2022-06-13T03:34:59.015+0000][1][safepoint    ] Leaving safepoint region
[2022-06-13T03:34:59.016+0000][1][safepoint    ] Total time for which application threads were stopped: 0.0012523 seconds, Stopping threads took: 0.0004966 seconds
[2022-06-13T03:35:00.016+0000][1][safepoint    ] Application time: 1.0001706 seconds
[2022-06-13T03:35:00.017+0000][1][safepoint    ] Entering safepoint region: Cleanup
[2022-06-13T03:35:00.018+0000][1][safepoint    ] Leaving safepoint region
[2022-06-13T03:35:00.018+0000][1][safepoint    ] Total time for which application threads were stopped: 0.0009291 seconds, Stopping threads took: 0.0004656 seconds
[2022-06-13T03:35:01.019+0000][1][safepoint    ] Application time: 1.0002203 seconds
[2022-06-13T03:35:01.019+0000][1][safepoint    ] Entering safepoint region: Cleanup
[2022-06-13T03:35:01.019+0000][1][safepoint    ] Leaving safepoint region
[2022-06-13T03:35:01.020+0000][1][safepoint    ] Total time for which application threads were stopped: 0.0006355 seconds, Stopping threads took: 0.0002467 seconds
[2022-06-13T03:35:02.020+0000][1][safepoint    ] Application time: 1.0001076 seconds
[2022-06-13T03:35:02.020+0000][1][safepoint    ] Entering safepoint region: Cleanup
[2022-06-13T03:35:02.020+0000][1][safepoint    ] Leaving safepoint region
[2022-06-13T03:35:02.021+0000][1][safepoint    ] Total time for which application threads were stopped: 0.0006044 seconds, Stopping threads took: 0.0002757 seconds
[2022-06-13T03:35:03.021+0000][1][safepoint    ] Application time: 1.0001893 seconds
[2022-06-13T03:35:03.022+0000][1][safepoint    ] Entering safepoint region: Cleanup
[2022-06-13T03:35:03.022+0000][1][safepoint    ] Leaving safepoint region
[2022-06-13T03:35:03.023+0000][1][safepoint    ] Total time for which application threads were stopped: 0.0008570 seconds, Stopping threads took: 0.0004230 seconds
[2022-06-13T03:35:07.024+0000][1][safepoint    ] Application time: 4.0008198 seconds
[2022-06-13T03:35:07.024+0000][1][safepoint    ] Entering safepoint region: Cleanup
[2022-06-13T03:35:07.025+0000][1][safepoint    ] Leaving safepoint region
[2022-06-13T03:35:07.026+0000][1][safepoint    ] Total time for which application threads were stopped: 0.0013544 seconds, Stopping threads took: 0.0006100 seconds
[2022-06-13T03:35:08.027+0000][1][safepoint    ] Application time: 1.0003539 seconds
[2022-06-13T03:35:08.027+0000][1][safepoint    ] Entering safepoint region: Cleanup
[2022-06-13T03:35:08.027+0000][1][safepoint    ] Leaving safepoint region
[2022-06-13T03:35:08.028+0000][1][safepoint    ] Total time for which application threads were stopped: 0.0008026 seconds, Stopping threads took: 0.0003409 seconds
[2022-06-13T03:35:08.354+0000][1][safepoint    ] Application time: 0.3262718 seconds
[2022-06-13T03:35:08.355+0000][1][safepoint    ] Entering safepoint region: RevokeBias
[2022-06-13T03:35:08.355+0000][1][safepoint    ] Leaving safepoint region
[2022-06-13T03:35:08.355+0000][1][safepoint    ] Total time for which application threads were stopped: 0.0004848 seconds, Stopping threads took: 0.0001744 seconds
[2022-06-13T03:35:08.612+0000][1][safepoint    ] Application time: 0.2562625 seconds
[2022-06-13T03:35:08.612+0000][1][safepoint    ] Entering safepoint region: RevokeBias
[2022-06-13T03:35:08.613+0000][1][safepoint    ] Leaving safepoint region
[2022-06-13T03:35:08.613+0000][1][safepoint    ] Total time for which application threads were stopped: 0.0006458 seconds, Stopping threads took: 0.0002119 seconds
[2022-06-13T03:35:08.613+0000][1][safepoint    ] Application time: 0.0001411 seconds
[2022-06-13T03:35:08.613+0000][1][safepoint    ] Entering safepoint region: RevokeBias
[2022-06-13T03:35:08.614+0000][1][safepoint    ] Leaving safepoint region
[2022-06-13T03:35:08.614+0000][1][safepoint    ] Total time for which application threads were stopped: 0.0005143 seconds, Stopping threads took: 0.0001809 seconds
[2022-06-13T03:35:09.614+0000][1][safepoint    ] Application time: 1.0002211 seconds
[2022-06-13T03:35:09.615+0000][1][safepoint    ] Entering safepoint region: Cleanup
[2022-06-13T03:35:09.615+0000][1][safepoint    ] Leaving safepoint region
[2022-06-13T03:35:09.615+0000][1][safepoint    ] Total time for which application threads were stopped: 0.0005960 seconds, Stopping threads took: 0.0003183 seconds
[2022-06-13T03:35:10.616+0000][1][safepoint    ] Application time: 1.0001106 seconds
[2022-06-13T03:35:10.616+0000][1][safepoint    ] Entering safepoint region: Cleanup
[2022-06-13T03:35:10.616+0000][1][safepoint    ] Leaving safepoint region
[2022-06-13T03:35:10.617+0000][1][safepoint    ] Total time for which application threads were stopped: 0.0008196 seconds, Stopping threads took: 0.0002824 seconds
[2022-06-13T03:35:11.617+0000][1][safepoint    ] Application time: 1.0001942 seconds
[2022-06-13T03:35:11.618+0000][1][safepoint    ] Entering safepoint region: Cleanup
[2022-06-13T03:35:11.619+0000][1][safepoint    ] Leaving safepoint region
[2022-06-13T03:35:11.619+0000][1][safepoint    ] Total time for which application threads were stopped: 0.0010590 seconds, Stopping threads took: 0.0003941 seconds
[2022-06-13T03:35:12.620+0000][1][safepoint    ] Application time: 1.0002031 seconds
[2022-06-13T03:35:12.620+0000][1][safepoint    ] Entering safepoint region: Cleanup
[2022-06-13T03:35:12.621+0000][1][safepoint    ] Leaving safepoint region
[2022-06-13T03:35:12.621+0000][1][safepoint    ] Total time for which application threads were stopped: 0.0009323 seconds, Stopping threads took: 0.0004898 seconds
[2022-06-13T03:35:13.622+0000][1][safepoint    ] Application time: 1.0001812 seconds
[2022-06-13T03:35:13.622+0000][1][safepoint    ] Entering safepoint region: Cleanup
[2022-06-13T03:35:13.622+0000][1][safepoint    ] Leaving safepoint region
[2022-06-13T03:35:13.622+0000][1][safepoint    ] Total time for which application threads were stopped: 0.0005534 seconds, Stopping threads took: 0.0002390 seconds
[2022-06-13T03:35:14.623+0000][1][safepoint    ] Application time: 1.0002776 seconds
[2022-06-13T03:35:14.623+0000][1][safepoint    ] Entering safepoint region: Cleanup
[2022-06-13T03:35:14.624+0000][1][safepoint    ] Leaving safepoint region
[2022-06-13T03:35:14.624+0000][1][safepoint    ] Total time for which application threads were stopped: 0.0007540 seconds, Stopping threads took: 0.0003942 seconds
[2022-06-13T03:35:15.625+0000][1][safepoint    ] Application time: 1.0001718 seconds
[2022-06-13T03:35:15.625+0000][1][safepoint    ] Entering safepoint region: Cleanup
[2022-06-13T03:35:15.626+0000][1][safepoint    ] Leaving safepoint region
[2022-06-13T03:35:15.626+0000][1][safepoint    ] Total time for which application threads were stopped: 0.0009184 seconds, Stopping threads took: 0.0004263 seconds
[2022-06-13T03:35:16.627+0000][1][safepoint    ] Application time: 1.0001196 seconds
[2022-06-13T03:35:16.627+0000][1][safepoint    ] Entering safepoint region: Cleanup
[2022-06-13T03:35:16.627+0000][1][safepoint    ] Leaving safepoint region
[2022-06-13T03:35:16.628+0000][1][safepoint    ] Total time for which application threads were stopped: 0.0005904 seconds, Stopping threads took: 0.0002319 seconds
[2022-06-13T03:35:17.628+0000][1][safepoint    ] Application time: 1.0001205 seconds
[2022-06-13T03:35:17.628+0000][1][safepoint    ] Entering safepoint region: Cleanup
[2022-06-13T03:35:17.629+0000][1][safepoint    ] Leaving safepoint region
[2022-06-13T03:35:17.629+0000][1][safepoint    ] Total time for which application threads were stopped: 0.0008052 seconds, Stopping threads took: 0.0003017 seconds
[2022-06-13T03:35:18.630+0000][1][safepoint    ] Application time: 1.0001134 seconds
[2022-06-13T03:35:18.630+0000][1][safepoint    ] Entering safepoint region: Cleanup
[2022-06-13T03:35:18.631+0000][1][safepoint    ] Leaving safepoint region
[2022-06-13T03:35:18.631+0000][1][safepoint    ] Total time for which application threads were stopped: 0.0009769 seconds, Stopping threads took: 0.0005460 seconds
[2022-06-13T03:35:19.632+0000][1][safepoint    ] Application time: 1.0001620 seconds
[2022-06-13T03:35:19.632+0000][1][safepoint    ] Entering safepoint region: Cleanup
[2022-06-13T03:35:19.632+0000][1][safepoint    ] Leaving safepoint region
[2022-06-13T03:35:19.633+0000][1][safepoint    ] Total time for which application threads were stopped: 0.0006168 seconds, Stopping threads took: 0.0002946 seconds
[2022-06-13T03:35:20.633+0000][1][safepoint    ] Application time: 1.0001787 seconds
[2022-06-13T03:35:20.633+0000][1][safepoint    ] Entering safepoint region: Cleanup
[2022-06-13T03:35:20.634+0000][1][safepoint    ] Leaving safepoint region
[2022-06-13T03:35:20.634+0000][1][safepoint    ] Total time for which application threads were stopped: 0.0005345 seconds, Stopping threads took: 0.0003122 seconds
[2022-06-13T03:35:21.635+0000][1][safepoint    ] Application time: 1.0003359 seconds
[2022-06-13T03:35:21.635+0000][1][safepoint    ] Entering safepoint region: Cleanup
[2022-06-13T03:35:21.636+0000][1][safepoint    ] Leaving safepoint region
[2022-06-13T03:35:21.637+0000][1][safepoint    ] Total time for which application threads were stopped: 0.0013051 seconds, Stopping threads took: 0.0005853 seconds
[2022-06-13T03:35:22.526+0000][1][safepoint    ] Application time: 0.8887697 seconds
[2022-06-13T03:35:22.527+0000][1][safepoint    ] Entering safepoint region: GenCollectForAllocation
[2022-06-13T03:35:22.527+0000][1][gc,start     ] GC(23) Pause Young (Allocation Failure)
[2022-06-13T03:35:22.527+0000][1][gc,task      ] GC(23) Using 5 workers of 13 for evacuation
[2022-06-13T03:35:22.533+0000][1][gc,age       ] GC(23) Desired survivor size 4456448 bytes, new threshold 6 (max threshold 6)
[2022-06-13T03:35:22.534+0000][1][gc,age       ] GC(23) Age table with threshold 6 (max threshold 6)
[2022-06-13T03:35:22.534+0000][1][gc,age       ] GC(23) - age   1:      96296 bytes,      96296 total
[2022-06-13T03:35:22.535+0000][1][gc,age       ] GC(23) - age   2:    2717408 bytes,    2813704 total
[2022-06-13T03:35:22.535+0000][1][gc,heap      ] GC(23) ParNew: 77949K->5902K(78656K)
[2022-06-13T03:35:22.536+0000][1][gc,heap      ] GC(23) CMS: 63933K->67584K(174784K)
[2022-06-13T03:35:22.536+0000][1][gc,metaspace ] GC(23) Metaspace: 67744K->67744K(1112064K)
[2022-06-13T03:35:22.536+0000][1][gc           ] GC(23) Pause Young (Allocation Failure) 138M->71M(247M) 9.241ms
[2022-06-13T03:35:22.537+0000][1][gc,cpu       ] GC(23) User=0.03s Sys=0.00s Real=0.01s
[2022-06-13T03:35:22.537+0000][1][safepoint    ] Leaving safepoint region
[2022-06-13T03:35:22.537+0000][1][safepoint    ] Total time for which application threads were stopped: 0.0106982 seconds, Stopping threads took: 0.0004163 seconds
[2022-06-13T03:35:23.538+0000][1][safepoint    ] Application time: 1.0001776 seconds
[2022-06-13T03:35:23.538+0000][1][safepoint    ] Entering safepoint region: Cleanup
[2022-06-13T03:35:23.538+0000][1][safepoint    ] Leaving safepoint region
[2022-06-13T03:35:23.539+0000][1][safepoint    ] Total time for which application threads were stopped: 0.0004905 seconds, Stopping threads took: 0.0001812 seconds
[2022-06-13T03:35:24.539+0000][1][safepoint    ] Application time: 1.0003468 seconds
[2022-06-13T03:35:24.540+0000][1][safepoint    ] Entering safepoint region: Cleanup
[2022-06-13T03:35:24.540+0000][1][safepoint    ] Leaving safepoint region
[2022-06-13T03:35:24.541+0000][1][safepoint    ] Total time for which application threads were stopped: 0.0010911 seconds, Stopping threads took: 0.0004091 seconds
[2022-06-13T03:35:25.542+0000][1][safepoint    ] Application time: 1.0002742 seconds
[2022-06-13T03:35:25.542+0000][1][safepoint    ] Entering safepoint region: Cleanup
[2022-06-13T03:35:25.543+0000][1][safepoint    ] Leaving safepoint region
[2022-06-13T03:35:25.543+0000][1][safepoint    ] Total time for which application threads were stopped: 0.0006333 seconds, Stopping threads took: 0.0003218 seconds
[2022-06-13T03:35:26.543+0000][1][safepoint    ] Application time: 1.0001930 seconds
[2022-06-13T03:35:26.544+0000][1][safepoint    ] Entering safepoint region: Cleanup
[2022-06-13T03:35:26.544+0000][1][safepoint    ] Leaving safepoint region
[2022-06-13T03:35:26.545+0000][1][safepoint    ] Total time for which application threads were stopped: 0.0007590 seconds, Stopping threads took: 0.0002676 seconds
[2022-06-13T03:35:27.545+0000][1][safepoint    ] Application time: 1.0001934 seconds
[2022-06-13T03:35:27.545+0000][1][safepoint    ] Entering safepoint region: Cleanup
[2022-06-13T03:35:27.546+0000][1][safepoint    ] Leaving safepoint region
[2022-06-13T03:35:27.546+0000][1][safepoint    ] Total time for which application threads were stopped: 0.0007562 seconds, Stopping threads took: 0.0003014 seconds
[2022-06-13T03:35:28.547+0000][1][safepoint    ] Application time: 1.0001952 seconds
[2022-06-13T03:35:28.547+0000][1][safepoint    ] Entering safepoint region: Cleanup
[2022-06-13T03:35:28.548+0000][1][safepoint    ] Leaving safepoint region
[2022-06-13T03:35:28.548+0000][1][safepoint    ] Total time for which application threads were stopped: 0.0007439 seconds, Stopping threads took: 0.0002687 seconds
[2022-06-13T03:35:29.549+0000][1][safepoint    ] Application time: 1.0002504 seconds
[2022-06-13T03:35:29.549+0000][1][safepoint    ] Entering safepoint region: Cleanup
[2022-06-13T03:35:29.550+0000][1][safepoint    ] Leaving safepoint region
[2022-06-13T03:35:29.550+0000][1][safepoint    ] Total time for which application threads were stopped: 0.0008240 seconds, Stopping threads took: 0.0004635 seconds
[2022-06-13T03:35:30.551+0000][1][safepoint    ] Application time: 1.0001999 seconds
[2022-06-13T03:35:30.551+0000][1][safepoint    ] Entering safepoint region: Cleanup
[2022-06-13T03:35:30.551+0000][1][safepoint    ] Leaving safepoint region
[2022-06-13T03:35:30.552+0000][1][safepoint    ] Total time for which application threads were stopped: 0.0006928 seconds, Stopping threads took: 0.0003895 seconds
[2022-06-13T03:35:31.552+0000][1][safepoint    ] Application time: 1.0001770 seconds
[2022-06-13T03:35:31.552+0000][1][safepoint    ] Entering safepoint region: Cleanup
[2022-06-13T03:35:31.553+0000][1][safepoint    ] Leaving safepoint region
[2022-06-13T03:35:31.553+0000][1][safepoint    ] Total time for which application threads were stopped: 0.0007938 seconds, Stopping threads took: 0.0004374 seconds
[2022-06-13T03:35:32.554+0000][1][safepoint    ] Application time: 1.0002450 seconds
[2022-06-13T03:35:32.554+0000][1][safepoint    ] Entering safepoint region: Cleanup
[2022-06-13T03:35:32.555+0000][1][safepoint    ] Leaving safepoint region
[2022-06-13T03:35:32.555+0000][1][safepoint    ] Total time for which application threads were stopped: 0.0010201 seconds, Stopping threads took: 0.0004814 seconds
[2022-06-13T03:35:33.556+0000][1][safepoint    ] Application time: 1.0001972 seconds
[2022-06-13T03:35:33.556+0000][1][safepoint    ] Entering safepoint region: Cleanup
[2022-06-13T03:35:33.557+0000][1][safepoint    ] Leaving safepoint region
[2022-06-13T03:35:33.557+0000][1][safepoint    ] Total time for which application threads were stopped: 0.0008302 seconds, Stopping threads took: 0.0004610 seconds
[2022-06-13T03:35:34.558+0000][1][safepoint    ] Application time: 1.0002481 seconds
[2022-06-13T03:35:34.558+0000][1][safepoint    ] Entering safepoint region: Cleanup
[2022-06-13T03:35:34.558+0000][1][safepoint    ] Leaving safepoint region
[2022-06-13T03:35:34.559+0000][1][safepoint    ] Total time for which application threads were stopped: 0.0007444 seconds, Stopping threads took: 0.0003441 seconds
[2022-06-13T03:35:35.559+0000][1][safepoint    ] Application time: 1.0001668 seconds
[2022-06-13T03:35:35.560+0000][1][safepoint    ] Entering safepoint region: Cleanup
[2022-06-13T03:35:35.560+0000][1][safepoint    ] Leaving safepoint region
[2022-06-13T03:35:35.561+0000][1][safepoint    ] Total time for which application threads were stopped: 0.0009363 seconds, Stopping threads took: 0.0004530 seconds
[2022-06-13T03:35:36.561+0000][1][safepoint    ] Application time: 1.0002199 seconds
[2022-06-13T03:35:36.562+0000][1][safepoint    ] Entering safepoint region: Cleanup
[2022-06-13T03:35:36.563+0000][1][safepoint    ] Leaving safepoint region
[2022-06-13T03:35:36.563+0000][1][safepoint    ] Total time for which application threads were stopped: 0.0012809 seconds, Stopping threads took: 0.0007090 seconds
[2022-06-13T03:35:37.564+0000][1][safepoint    ] Application time: 1.0003417 seconds
[2022-06-13T03:35:37.564+0000][1][safepoint    ] Entering safepoint region: Cleanup
[2022-06-13T03:35:37.565+0000][1][safepoint    ] Leaving safepoint region
[2022-06-13T03:35:37.565+0000][1][safepoint    ] Total time for which application threads were stopped: 0.0008722 seconds, Stopping threads took: 0.0003860 seconds
[2022-06-13T03:35:38.565+0000][1][safepoint    ] Application time: 1.0001233 seconds
[2022-06-13T03:35:38.566+0000][1][safepoint    ] Entering safepoint region: Cleanup
[2022-06-13T03:35:38.566+0000][1][safepoint    ] Leaving safepoint region
[2022-06-13T03:35:38.566+0000][1][safepoint    ] Total time for which application threads were stopped: 0.0004306 seconds, Stopping threads took: 0.0001795 seconds
[2022-06-13T03:35:39.567+0000][1][safepoint    ] Application time: 1.0002474 seconds
[2022-06-13T03:35:39.567+0000][1][safepoint    ] Entering safepoint region: Cleanup
[2022-06-13T03:35:39.567+0000][1][safepoint    ] Leaving safepoint region
[2022-06-13T03:35:39.567+0000][1][safepoint    ] Total time for which application threads were stopped: 0.0006630 seconds, Stopping threads took: 0.0001443 seconds
[2022-06-13T03:35:40.568+0000][1][safepoint    ] Application time: 1.0001103 seconds
[2022-06-13T03:35:40.568+0000][1][safepoint    ] Entering safepoint region: Cleanup
[2022-06-13T03:35:40.568+0000][1][safepoint    ] Leaving safepoint region
[2022-06-13T03:35:40.569+0000][1][safepoint    ] Total time for which application threads were stopped: 0.0004853 seconds, Stopping threads took: 0.0002151 seconds
[2022-06-13T03:35:41.569+0000][1][safepoint    ] Application time: 1.0002971 seconds
[2022-06-13T03:35:41.570+0000][1][safepoint    ] Entering safepoint region: Cleanup
[2022-06-13T03:35:41.570+0000][1][safepoint    ] Leaving safepoint region
[2022-06-13T03:35:41.571+0000][1][safepoint    ] Total time for which application threads were stopped: 0.0007470 seconds, Stopping threads took: 0.0003347 seconds
[2022-06-13T03:35:42.571+0000][1][safepoint    ] Application time: 1.0001886 seconds
[2022-06-13T03:35:42.571+0000][1][safepoint    ] Entering safepoint region: Cleanup
[2022-06-13T03:35:42.571+0000][1][safepoint    ] Leaving safepoint region
[2022-06-13T03:35:42.572+0000][1][safepoint    ] Total time for which application threads were stopped: 0.0005908 seconds, Stopping threads took: 0.0001953 seconds
[2022-06-13T03:35:43.572+0000][1][safepoint    ] Application time: 1.0001859 seconds
[2022-06-13T03:35:43.573+0000][1][safepoint    ] Entering safepoint region: Cleanup
[2022-06-13T03:35:43.573+0000][1][safepoint    ] Leaving safepoint region
[2022-06-13T03:35:43.573+0000][1][safepoint    ] Total time for which application threads were stopped: 0.0006185 seconds, Stopping threads took: 0.0003977 seconds
[2022-06-13T03:35:44.574+0000][1][safepoint    ] Application time: 1.0002289 seconds
[2022-06-13T03:35:44.574+0000][1][safepoint    ] Entering safepoint region: Cleanup
[2022-06-13T03:35:44.575+0000][1][safepoint    ] Leaving safepoint region
[2022-06-13T03:35:44.575+0000][1][safepoint    ] Total time for which application threads were stopped: 0.0008246 seconds, Stopping threads took: 0.0004387 seconds
[2022-06-13T03:35:45.576+0000][1][safepoint    ] Application time: 1.0002464 seconds
[2022-06-13T03:35:45.576+0000][1][safepoint    ] Entering safepoint region: Cleanup
[2022-06-13T03:35:45.576+0000][1][safepoint    ] Leaving safepoint region
[2022-06-13T03:35:45.577+0000][1][safepoint    ] Total time for which application threads were stopped: 0.0006440 seconds, Stopping threads took: 0.0003033 seconds
[2022-06-13T03:35:46.577+0000][1][safepoint    ] Application time: 1.0001934 seconds
[2022-06-13T03:35:46.578+0000][1][safepoint    ] Entering safepoint region: Cleanup
[2022-06-13T03:35:46.578+0000][1][safepoint    ] Leaving safepoint region
[2022-06-13T03:35:46.578+0000][1][safepoint    ] Total time for which application threads were stopped: 0.0005162 seconds, Stopping threads took: 0.0002041 seconds
[2022-06-13T03:35:47.579+0000][1][safepoint    ] Application time: 1.0003674 seconds
[2022-06-13T03:35:47.579+0000][1][safepoint    ] Entering safepoint region: Cleanup
[2022-06-13T03:35:47.580+0000][1][safepoint    ] Leaving safepoint region
[2022-06-13T03:35:47.580+0000][1][safepoint    ] Total time for which application threads were stopped: 0.0013783 seconds, Stopping threads took: 0.0007949 seconds
[2022-06-13T03:35:48.581+0000][1][safepoint    ] Application time: 1.0001648 seconds
[2022-06-13T03:35:48.582+0000][1][safepoint    ] Entering safepoint region: Cleanup
[2022-06-13T03:35:48.582+0000][1][safepoint    ] Leaving safepoint region
[2022-06-13T03:35:48.583+0000][1][safepoint    ] Total time for which application threads were stopped: 0.0008495 seconds, Stopping threads took: 0.0003689 seconds
[2022-06-13T03:35:49.583+0000][1][safepoint    ] Application time: 1.0003327 seconds
[2022-06-13T03:35:49.584+0000][1][safepoint    ] Entering safepoint region: Cleanup
[2022-06-13T03:35:49.584+0000][1][safepoint    ] Leaving safepoint region
[2022-06-13T03:35:49.584+0000][1][safepoint    ] Total time for which application threads were stopped: 0.0006434 seconds, Stopping threads took: 0.0003681 seconds
[2022-06-13T03:35:50.585+0000][1][safepoint    ] Application time: 1.0002261 seconds
[2022-06-13T03:35:50.585+0000][1][safepoint    ] Entering safepoint region: Cleanup
[2022-06-13T03:35:50.586+0000][1][safepoint    ] Leaving safepoint region
[2022-06-13T03:35:50.586+0000][1][safepoint    ] Total time for which application threads were stopped: 0.0010240 seconds, Stopping threads took: 0.0005355 seconds
[2022-06-13T03:35:51.587+0000][1][safepoint    ] Application time: 1.0001689 seconds
[2022-06-13T03:35:51.587+0000][1][safepoint    ] Entering safepoint region: Cleanup
[2022-06-13T03:35:51.587+0000][1][safepoint    ] Leaving safepoint region
[2022-06-13T03:35:51.588+0000][1][safepoint    ] Total time for which application threads were stopped: 0.0007564 seconds, Stopping threads took: 0.0003390 seconds
[2022-06-13T03:35:52.588+0000][1][safepoint    ] Application time: 1.0001800 seconds
[2022-06-13T03:35:52.589+0000][1][safepoint    ] Entering safepoint region: Cleanup
[2022-06-13T03:35:52.589+0000][1][safepoint    ] Leaving safepoint region
[2022-06-13T03:35:52.589+0000][1][safepoint    ] Total time for which application threads were stopped: 0.0008003 seconds, Stopping threads took: 0.0003306 seconds
[2022-06-13T03:35:53.590+0000][1][safepoint    ] Application time: 1.0003019 seconds
[2022-06-13T03:35:53.590+0000][1][safepoint    ] Entering safepoint region: Cleanup
[2022-06-13T03:35:53.591+0000][1][safepoint    ] Leaving safepoint region
[2022-06-13T03:35:53.591+0000][1][safepoint    ] Total time for which application threads were stopped: 0.0009592 seconds, Stopping threads took: 0.0005882 seconds
[2022-06-13T03:35:54.592+0000][1][safepoint    ] Application time: 1.0001945 seconds
[2022-06-13T03:35:54.592+0000][1][safepoint    ] Entering safepoint region: Cleanup
[2022-06-13T03:35:54.593+0000][1][safepoint    ] Leaving safepoint region
[2022-06-13T03:35:54.593+0000][1][safepoint    ] Total time for which application threads were stopped: 0.0009897 seconds, Stopping threads took: 0.0004335 seconds
[2022-06-13T03:35:55.594+0000][1][safepoint    ] Application time: 1.0002205 seconds
[2022-06-13T03:35:55.594+0000][1][safepoint    ] Entering safepoint region: Cleanup
[2022-06-13T03:35:55.595+0000][1][safepoint    ] Leaving safepoint region
[2022-06-13T03:35:55.595+0000][1][safepoint    ] Total time for which application threads were stopped: 0.0005905 seconds, Stopping threads took: 0.0003212 seconds
[2022-06-13T03:35:56.595+0000][1][safepoint    ] Application time: 1.0001677 seconds
[2022-06-13T03:35:56.596+0000][1][safepoint    ] Entering safepoint region: Cleanup
[2022-06-13T03:35:56.597+0000][1][safepoint    ] Leaving safepoint region
[2022-06-13T03:35:56.597+0000][1][safepoint    ] Total time for which application threads were stopped: 0.0012893 seconds, Stopping threads took: 0.0007164 seconds
[2022-06-13T03:35:57.598+0000][1][safepoint    ] Application time: 1.0002054 seconds
[2022-06-13T03:35:57.598+0000][1][safepoint    ] Entering safepoint region: Cleanup
[2022-06-13T03:35:57.598+0000][1][safepoint    ] Leaving safepoint region
[2022-06-13T03:35:57.599+0000][1][safepoint    ] Total time for which application threads were stopped: 0.0006515 seconds, Stopping threads took: 0.0002826 seconds
[2022-06-13T03:35:58.599+0000][1][safepoint    ] Application time: 1.0001561 seconds
[2022-06-13T03:35:58.599+0000][1][safepoint    ] Entering safepoint region: Cleanup
[2022-06-13T03:35:58.600+0000][1][safepoint    ] Leaving safepoint region
[2022-06-13T03:35:58.600+0000][1][safepoint    ] Total time for which application threads were stopped: 0.0007261 seconds, Stopping threads took: 0.0004081 seconds
[2022-06-13T03:35:59.601+0000][1][safepoint    ] Application time: 1.0001844 seconds
[2022-06-13T03:35:59.601+0000][1][safepoint    ] Entering safepoint region: Cleanup
[2022-06-13T03:35:59.601+0000][1][safepoint    ] Leaving safepoint region
[2022-06-13T03:35:59.602+0000][1][safepoint    ] Total time for which application threads were stopped: 0.0006702 seconds, Stopping threads took: 0.0003174 seconds
[2022-06-13T03:36:00.602+0000][1][safepoint    ] Application time: 1.0001816 seconds
[2022-06-13T03:36:00.602+0000][1][safepoint    ] Entering safepoint region: Cleanup
[2022-06-13T03:36:00.603+0000][1][safepoint    ] Leaving safepoint region
[2022-06-13T03:36:00.603+0000][1][safepoint    ] Total time for which application threads were stopped: 0.0004960 seconds, Stopping threads took: 0.0002435 seconds
[2022-06-13T03:36:01.603+0000][1][safepoint    ] Application time: 1.0003077 seconds
[2022-06-13T03:36:01.604+0000][1][safepoint    ] Entering safepoint region: Cleanup
[2022-06-13T03:36:01.605+0000][1][safepoint    ] Leaving safepoint region
[2022-06-13T03:36:01.605+0000][1][safepoint    ] Total time for which application threads were stopped: 0.0012243 seconds, Stopping threads took: 0.0006389 seconds
[2022-06-13T03:36:02.606+0000][1][safepoint    ] Application time: 1.0002468 seconds
[2022-06-13T03:36:02.607+0000][1][safepoint    ] Entering safepoint region: Cleanup
[2022-06-13T03:36:02.607+0000][1][safepoint    ] Leaving safepoint region
[2022-06-13T03:36:02.607+0000][1][safepoint    ] Total time for which application threads were stopped: 0.0007934 seconds, Stopping threads took: 0.0003525 seconds
[2022-06-13T03:36:03.608+0000][1][safepoint    ] Application time: 1.0002790 seconds
[2022-06-13T03:36:03.609+0000][1][safepoint    ] Entering safepoint region: Cleanup
[2022-06-13T03:36:03.609+0000][1][safepoint    ] Leaving safepoint region
[2022-06-13T03:36:03.609+0000][1][safepoint    ] Total time for which application threads were stopped: 0.0008040 seconds, Stopping threads took: 0.0003326 seconds
[2022-06-13T03:36:04.610+0000][1][safepoint    ] Application time: 1.0002007 seconds
[2022-06-13T03:36:04.610+0000][1][safepoint    ] Entering safepoint region: Cleanup
[2022-06-13T03:36:04.611+0000][1][safepoint    ] Leaving safepoint region
[2022-06-13T03:36:04.611+0000][1][safepoint    ] Total time for which application threads were stopped: 0.0010695 seconds, Stopping threads took: 0.0005356 seconds
[2022-06-13T03:36:05.612+0000][1][safepoint    ] Application time: 1.0002531 seconds
[2022-06-13T03:36:05.613+0000][1][safepoint    ] Entering safepoint region: Cleanup
[2022-06-13T03:36:05.613+0000][1][safepoint    ] Leaving safepoint region
[2022-06-13T03:36:05.613+0000][1][safepoint    ] Total time for which application threads were stopped: 0.0009517 seconds, Stopping threads took: 0.0004403 seconds
[2022-06-13T03:36:06.614+0000][1][safepoint    ] Application time: 1.0002943 seconds
[2022-06-13T03:36:06.615+0000][1][safepoint    ] Entering safepoint region: Cleanup
[2022-06-13T03:36:06.615+0000][1][safepoint    ] Leaving safepoint region
[2022-06-13T03:36:06.616+0000][1][safepoint    ] Total time for which application threads were stopped: 0.0009196 seconds, Stopping threads took: 0.0004245 seconds
[2022-06-13T03:36:07.616+0000][1][safepoint    ] Application time: 1.0003632 seconds
[2022-06-13T03:36:07.617+0000][1][safepoint    ] Entering safepoint region: Cleanup
[2022-06-13T03:36:07.617+0000][1][safepoint    ] Leaving safepoint region
[2022-06-13T03:36:07.618+0000][1][safepoint    ] Total time for which application threads were stopped: 0.0011799 seconds, Stopping threads took: 0.0005383 seconds
[2022-06-13T03:36:08.619+0000][1][safepoint    ] Application time: 1.0002341 seconds
[2022-06-13T03:36:08.619+0000][1][safepoint    ] Entering safepoint region: Cleanup
[2022-06-13T03:36:08.619+0000][1][safepoint    ] Leaving safepoint region
[2022-06-13T03:36:08.619+0000][1][safepoint    ] Total time for which application threads were stopped: 0.0004838 seconds, Stopping threads took: 0.0001826 seconds
[2022-06-13T03:36:09.620+0000][1][safepoint    ] Application time: 1.0002739 seconds
[2022-06-13T03:36:09.620+0000][1][safepoint    ] Entering safepoint region: Cleanup
[2022-06-13T03:36:09.621+0000][1][safepoint    ] Leaving safepoint region
[2022-06-13T03:36:09.621+0000][1][safepoint    ] Total time for which application threads were stopped: 0.0008241 seconds, Stopping threads took: 0.0004106 seconds
[2022-06-13T03:36:10.622+0000][1][safepoint    ] Application time: 1.0003111 seconds
[2022-06-13T03:36:10.622+0000][1][safepoint    ] Entering safepoint region: Cleanup
[2022-06-13T03:36:10.623+0000][1][safepoint    ] Leaving safepoint region
[2022-06-13T03:36:10.623+0000][1][safepoint    ] Total time for which application threads were stopped: 0.0006974 seconds, Stopping threads took: 0.0002764 seconds
[2022-06-13T03:36:11.624+0000][1][safepoint    ] Application time: 1.0003635 seconds
[2022-06-13T03:36:11.624+0000][1][safepoint    ] Entering safepoint region: Cleanup
[2022-06-13T03:36:11.625+0000][1][safepoint    ] Leaving safepoint region
[2022-06-13T03:36:11.625+0000][1][safepoint    ] Total time for which application threads were stopped: 0.0010182 seconds, Stopping threads took: 0.0003473 seconds
[2022-06-13T03:36:12.626+0000][1][safepoint    ] Application time: 1.0002393 seconds
[2022-06-13T03:36:12.627+0000][1][safepoint    ] Entering safepoint region: Cleanup
[2022-06-13T03:36:12.627+0000][1][safepoint    ] Leaving safepoint region
[2022-06-13T03:36:12.627+0000][1][safepoint    ] Total time for which application threads were stopped: 0.0006110 seconds, Stopping threads took: 0.0003202 seconds
[2022-06-13T03:36:13.628+0000][1][safepoint    ] Application time: 1.0002514 seconds
[2022-06-13T03:36:13.628+0000][1][safepoint    ] Entering safepoint region: Cleanup
[2022-06-13T03:36:13.629+0000][1][safepoint    ] Leaving safepoint region
[2022-06-13T03:36:13.629+0000][1][safepoint    ] Total time for which application threads were stopped: 0.0009043 seconds, Stopping threads took: 0.0003844 seconds
[2022-06-13T03:36:14.630+0000][1][safepoint    ] Application time: 1.0001575 seconds
[2022-06-13T03:36:14.631+0000][1][safepoint    ] Entering safepoint region: Cleanup
[2022-06-13T03:36:14.631+0000][1][safepoint    ] Leaving safepoint region
[2022-06-13T03:36:14.632+0000][1][safepoint    ] Total time for which application threads were stopped: 0.0008910 seconds, Stopping threads took: 0.0004541 seconds
[2022-06-13T03:36:15.632+0000][1][safepoint    ] Application time: 1.0003348 seconds
[2022-06-13T03:36:15.633+0000][1][safepoint    ] Entering safepoint region: Cleanup
[2022-06-13T03:36:15.633+0000][1][safepoint    ] Leaving safepoint region
[2022-06-13T03:36:15.634+0000][1][safepoint    ] Total time for which application threads were stopped: 0.0011253 seconds, Stopping threads took: 0.0005158 seconds
[2022-06-13T03:36:16.635+0000][1][safepoint    ] Application time: 1.0001889 seconds
[2022-06-13T03:36:16.635+0000][1][safepoint    ] Entering safepoint region: Cleanup
[2022-06-13T03:36:16.635+0000][1][safepoint    ] Leaving safepoint region
[2022-06-13T03:36:16.636+0000][1][safepoint    ] Total time for which application threads were stopped: 0.0006021 seconds, Stopping threads took: 0.0003401 seconds
[2022-06-13T03:36:17.636+0000][1][safepoint    ] Application time: 1.0001711 seconds
[2022-06-13T03:36:17.637+0000][1][safepoint    ] Entering safepoint region: Cleanup
[2022-06-13T03:36:17.638+0000][1][safepoint    ] Leaving safepoint region
[2022-06-13T03:36:17.638+0000][1][safepoint    ] Total time for which application threads were stopped: 0.0010830 seconds, Stopping threads took: 0.0005937 seconds
[2022-06-13T03:36:18.638+0000][1][safepoint    ] Application time: 1.0001531 seconds
[2022-06-13T03:36:18.639+0000][1][safepoint    ] Entering safepoint region: Cleanup
[2022-06-13T03:36:18.639+0000][1][safepoint    ] Leaving safepoint region
[2022-06-13T03:36:18.639+0000][1][safepoint    ] Total time for which application threads were stopped: 0.0003390 seconds, Stopping threads took: 0.0001653 seconds
[2022-06-13T03:36:19.639+0000][1][safepoint    ] Application time: 1.0002506 seconds
[2022-06-13T03:36:19.640+0000][1][safepoint    ] Entering safepoint region: Cleanup
[2022-06-13T03:36:19.640+0000][1][safepoint    ] Leaving safepoint region
[2022-06-13T03:36:19.641+0000][1][safepoint    ] Total time for which application threads were stopped: 0.0011139 seconds, Stopping threads took: 0.0004889 seconds
[2022-06-13T03:36:20.642+0000][1][safepoint    ] Application time: 1.0002216 seconds
[2022-06-13T03:36:20.642+0000][1][safepoint    ] Entering safepoint region: Cleanup
[2022-06-13T03:36:20.643+0000][1][safepoint    ] Leaving safepoint region
[2022-06-13T03:36:20.643+0000][1][safepoint    ] Total time for which application threads were stopped: 0.0006860 seconds, Stopping threads took: 0.0003746 seconds
[2022-06-13T03:36:21.643+0000][1][safepoint    ] Application time: 1.0002392 seconds
[2022-06-13T03:36:21.644+0000][1][safepoint    ] Entering safepoint region: Cleanup
[2022-06-13T03:36:21.644+0000][1][safepoint    ] Leaving safepoint region
[2022-06-13T03:36:21.645+0000][1][safepoint    ] Total time for which application threads were stopped: 0.0011838 seconds, Stopping threads took: 0.0004439 seconds
[2022-06-13T03:36:22.645+0000][1][safepoint    ] Application time: 1.0003046 seconds
[2022-06-13T03:36:22.646+0000][1][safepoint    ] Entering safepoint region: Cleanup
[2022-06-13T03:36:22.646+0000][1][safepoint    ] Leaving safepoint region
[2022-06-13T03:36:22.646+0000][1][safepoint    ] Total time for which application threads were stopped: 0.0008091 seconds, Stopping threads took: 0.0003710 seconds
[2022-06-13T03:36:23.647+0000][1][safepoint    ] Application time: 1.0002319 seconds
[2022-06-13T03:36:23.648+0000][1][safepoint    ] Entering safepoint region: Cleanup
[2022-06-13T03:36:23.648+0000][1][safepoint    ] Leaving safepoint region
[2022-06-13T03:36:23.648+0000][1][safepoint    ] Total time for which application threads were stopped: 0.0008495 seconds, Stopping threads took: 0.0004018 seconds
[2022-06-13T03:36:24.649+0000][1][safepoint    ] Application time: 1.0003287 seconds
[2022-06-13T03:36:24.650+0000][1][safepoint    ] Entering safepoint region: Cleanup
[2022-06-13T03:36:24.650+0000][1][safepoint    ] Leaving safepoint region
[2022-06-13T03:36:24.650+0000][1][safepoint    ] Total time for which application threads were stopped: 0.0007905 seconds, Stopping threads took: 0.0003299 seconds
[2022-06-13T03:36:25.651+0000][1][safepoint    ] Application time: 1.0002180 seconds
[2022-06-13T03:36:25.651+0000][1][safepoint    ] Entering safepoint region: Cleanup
[2022-06-13T03:36:25.652+0000][1][safepoint    ] Leaving safepoint region
[2022-06-13T03:36:25.652+0000][1][safepoint    ] Total time for which application threads were stopped: 0.0008117 seconds, Stopping threads took: 0.0004263 seconds
[2022-06-13T03:36:26.653+0000][1][safepoint    ] Application time: 1.0001636 seconds
[2022-06-13T03:36:26.653+0000][1][safepoint    ] Entering safepoint region: Cleanup
[2022-06-13T03:36:26.654+0000][1][safepoint    ] Leaving safepoint region
[2022-06-13T03:36:26.654+0000][1][safepoint    ] Total time for which application threads were stopped: 0.0009700 seconds, Stopping threads took: 0.0005697 seconds
[2022-06-13T03:36:27.655+0000][1][safepoint    ] Application time: 1.0001795 seconds
[2022-06-13T03:36:27.655+0000][1][safepoint    ] Entering safepoint region: Cleanup
[2022-06-13T03:36:27.656+0000][1][safepoint    ] Leaving safepoint region
[2022-06-13T03:36:27.656+0000][1][safepoint    ] Total time for which application threads were stopped: 0.0007363 seconds, Stopping threads took: 0.0003359 seconds
[2022-06-13T03:36:28.657+0000][1][safepoint    ] Application time: 1.0002406 seconds
[2022-06-13T03:36:28.657+0000][1][safepoint    ] Entering safepoint region: Cleanup
[2022-06-13T03:36:28.658+0000][1][safepoint    ] Leaving safepoint region
[2022-06-13T03:36:28.658+0000][1][safepoint    ] Total time for which application threads were stopped: 0.0009562 seconds, Stopping threads took: 0.0006056 seconds
[2022-06-13T03:36:29.659+0000][1][safepoint    ] Application time: 1.0001660 seconds
[2022-06-13T03:36:29.659+0000][1][safepoint    ] Entering safepoint region: Cleanup
[2022-06-13T03:36:29.660+0000][1][safepoint    ] Leaving safepoint region
[2022-06-13T03:36:29.660+0000][1][safepoint    ] Total time for which application threads were stopped: 0.0007512 seconds, Stopping threads took: 0.0004177 seconds
[2022-06-13T03:36:30.660+0000][1][safepoint    ] Application time: 1.0002064 seconds
[2022-06-13T03:36:30.661+0000][1][safepoint    ] Entering safepoint region: Cleanup
[2022-06-13T03:36:30.661+0000][1][safepoint    ] Leaving safepoint region
[2022-06-13T03:36:30.661+0000][1][safepoint    ] Total time for which application threads were stopped: 0.0006571 seconds, Stopping threads took: 0.0003078 seconds
[2022-06-13T03:36:31.662+0000][1][safepoint    ] Application time: 1.0001648 seconds
[2022-06-13T03:36:31.662+0000][1][safepoint    ] Entering safepoint region: Cleanup
[2022-06-13T03:36:31.663+0000][1][safepoint    ] Leaving safepoint region
[2022-06-13T03:36:31.663+0000][1][safepoint    ] Total time for which application threads were stopped: 0.0006959 seconds, Stopping threads took: 0.0003046 seconds
[2022-06-13T03:36:32.664+0000][1][safepoint    ] Application time: 1.0002082 seconds
[2022-06-13T03:36:32.664+0000][1][safepoint    ] Entering safepoint region: Cleanup
[2022-06-13T03:36:32.665+0000][1][safepoint    ] Leaving safepoint region
[2022-06-13T03:36:32.665+0000][1][safepoint    ] Total time for which application threads were stopped: 0.0009617 seconds, Stopping threads took: 0.0003435 seconds
[2022-06-13T03:36:33.666+0000][1][safepoint    ] Application time: 1.0001249 seconds
[2022-06-13T03:36:33.666+0000][1][safepoint    ] Entering safepoint region: Cleanup
[2022-06-13T03:36:33.666+0000][1][safepoint    ] Leaving safepoint region
[2022-06-13T03:36:33.666+0000][1][safepoint    ] Total time for which application threads were stopped: 0.0005711 seconds, Stopping threads took: 0.0003721 seconds
[2022-06-13T03:36:34.667+0000][1][safepoint    ] Application time: 1.0001063 seconds
[2022-06-13T03:36:34.667+0000][1][safepoint    ] Entering safepoint region: Cleanup
[2022-06-13T03:36:34.667+0000][1][safepoint    ] Leaving safepoint region
[2022-06-13T03:36:34.667+0000][1][safepoint    ] Total time for which application threads were stopped: 0.0004503 seconds, Stopping threads took: 0.0002251 seconds
[2022-06-13T03:36:35.668+0000][1][safepoint    ] Application time: 1.0001382 seconds
[2022-06-13T03:36:35.668+0000][1][safepoint    ] Entering safepoint region: Cleanup
[2022-06-13T03:36:35.669+0000][1][safepoint    ] Leaving safepoint region
[2022-06-13T03:36:35.669+0000][1][safepoint    ] Total time for which application threads were stopped: 0.0008885 seconds, Stopping threads took: 0.0003291 seconds
[2022-06-13T03:36:36.670+0000][1][safepoint    ] Application time: 1.0002217 seconds
[2022-06-13T03:36:36.670+0000][1][safepoint    ] Entering safepoint region: Cleanup
[2022-06-13T03:36:36.670+0000][1][safepoint    ] Leaving safepoint region
[2022-06-13T03:36:36.671+0000][1][safepoint    ] Total time for which application threads were stopped: 0.0006738 seconds, Stopping threads took: 0.0003008 seconds
[2022-06-13T03:36:37.671+0000][1][safepoint    ] Application time: 1.0001602 seconds
[2022-06-13T03:36:37.672+0000][1][safepoint    ] Entering safepoint region: Cleanup
[2022-06-13T03:36:37.672+0000][1][safepoint    ] Leaving safepoint region
[2022-06-13T03:36:37.673+0000][1][safepoint    ] Total time for which application threads were stopped: 0.0006754 seconds, Stopping threads took: 0.0002783 seconds
[2022-06-13T03:36:38.673+0000][1][safepoint    ] Application time: 1.0002117 seconds
[2022-06-13T03:36:38.674+0000][1][safepoint    ] Entering safepoint region: Cleanup
[2022-06-13T03:36:38.674+0000][1][safepoint    ] Leaving safepoint region
[2022-06-13T03:36:38.675+0000][1][safepoint    ] Total time for which application threads were stopped: 0.0009177 seconds, Stopping threads took: 0.0003686 seconds
[2022-06-13T03:36:39.675+0000][1][safepoint    ] Application time: 1.0003161 seconds
[2022-06-13T03:36:39.676+0000][1][safepoint    ] Entering safepoint region: Cleanup
[2022-06-13T03:36:39.677+0000][1][safepoint    ] Leaving safepoint region
[2022-06-13T03:36:39.677+0000][1][safepoint    ] Total time for which application threads were stopped: 0.0010496 seconds, Stopping threads took: 0.0004553 seconds
[2022-06-13T03:36:40.678+0000][1][safepoint    ] Application time: 1.0002860 seconds
[2022-06-13T03:36:40.678+0000][1][safepoint    ] Entering safepoint region: Cleanup
[2022-06-13T03:36:40.679+0000][1][safepoint    ] Leaving safepoint region
[2022-06-13T03:36:40.679+0000][1][safepoint    ] Total time for which application threads were stopped: 0.0007709 seconds, Stopping threads took: 0.0002874 seconds
[2022-06-13T03:36:41.680+0000][1][safepoint    ] Application time: 1.0001946 seconds
[2022-06-13T03:36:41.680+0000][1][safepoint    ] Entering safepoint region: Cleanup
[2022-06-13T03:36:41.681+0000][1][safepoint    ] Leaving safepoint region
[2022-06-13T03:36:41.681+0000][1][safepoint    ] Total time for which application threads were stopped: 0.0007389 seconds, Stopping threads took: 0.0002190 seconds
[2022-06-13T03:36:42.682+0000][1][safepoint    ] Application time: 1.0002482 seconds
[2022-06-13T03:36:42.682+0000][1][safepoint    ] Entering safepoint region: Cleanup
[2022-06-13T03:36:42.683+0000][1][safepoint    ] Leaving safepoint region
[2022-06-13T03:36:42.683+0000][1][safepoint    ] Total time for which application threads were stopped: 0.0007783 seconds, Stopping threads took: 0.0003272 seconds
[2022-06-13T03:36:43.684+0000][1][safepoint    ] Application time: 1.0001273 seconds
[2022-06-13T03:36:43.684+0000][1][safepoint    ] Entering safepoint region: Cleanup
[2022-06-13T03:36:43.684+0000][1][safepoint    ] Leaving safepoint region
[2022-06-13T03:36:43.685+0000][1][safepoint    ] Total time for which application threads were stopped: 0.0006050 seconds, Stopping threads took: 0.0003426 seconds
[2022-06-13T03:36:44.685+0000][1][safepoint    ] Application time: 1.0002487 seconds
[2022-06-13T03:36:44.686+0000][1][safepoint    ] Entering safepoint region: Cleanup
[2022-06-13T03:36:44.686+0000][1][safepoint    ] Leaving safepoint region
[2022-06-13T03:36:44.687+0000][1][safepoint    ] Total time for which application threads were stopped: 0.0009857 seconds, Stopping threads took: 0.0004697 seconds
[2022-06-13T03:36:45.687+0000][1][safepoint    ] Application time: 1.0002900 seconds
[2022-06-13T03:36:45.688+0000][1][safepoint    ] Entering safepoint region: Cleanup
[2022-06-13T03:36:45.689+0000][1][safepoint    ] Leaving safepoint region
[2022-06-13T03:36:45.689+0000][1][safepoint    ] Total time for which application threads were stopped: 0.0009285 seconds, Stopping threads took: 0.0003159 seconds
[2022-06-13T03:36:46.690+0000][1][safepoint    ] Application time: 1.0002757 seconds
[2022-06-13T03:36:46.690+0000][1][safepoint    ] Entering safepoint region: Cleanup
[2022-06-13T03:36:46.691+0000][1][safepoint    ] Leaving safepoint region
[2022-06-13T03:36:46.691+0000][1][safepoint    ] Total time for which application threads were stopped: 0.0007781 seconds, Stopping threads took: 0.0003751 seconds
[2022-06-13T03:36:47.692+0000][1][safepoint    ] Application time: 1.0002794 seconds
[2022-06-13T03:36:47.692+0000][1][safepoint    ] Entering safepoint region: Cleanup
[2022-06-13T03:36:47.693+0000][1][safepoint    ] Leaving safepoint region
[2022-06-13T03:36:47.693+0000][1][safepoint    ] Total time for which application threads were stopped: 0.0008139 seconds, Stopping threads took: 0.0003854 seconds
[2022-06-13T03:36:48.693+0000][1][safepoint    ] Application time: 1.0001750 seconds
[2022-06-13T03:36:48.694+0000][1][safepoint    ] Entering safepoint region: Cleanup
[2022-06-13T03:36:48.694+0000][1][safepoint    ] Leaving safepoint region
[2022-06-13T03:36:48.695+0000][1][safepoint    ] Total time for which application threads were stopped: 0.0007238 seconds, Stopping threads took: 0.0002835 seconds
[2022-06-13T03:36:49.695+0000][1][safepoint    ] Application time: 1.0001793 seconds
[2022-06-13T03:36:49.695+0000][1][safepoint    ] Entering safepoint region: Cleanup
[2022-06-13T03:36:49.696+0000][1][safepoint    ] Leaving safepoint region
[2022-06-13T03:36:49.696+0000][1][safepoint    ] Total time for which application threads were stopped: 0.0006699 seconds, Stopping threads took: 0.0002948 seconds
[2022-06-13T03:36:50.697+0000][1][safepoint    ] Application time: 1.0002531 seconds
[2022-06-13T03:36:50.697+0000][1][safepoint    ] Entering safepoint region: Cleanup
[2022-06-13T03:36:50.698+0000][1][safepoint    ] Leaving safepoint region
[2022-06-13T03:36:50.698+0000][1][safepoint    ] Total time for which application threads were stopped: 0.0007490 seconds, Stopping threads took: 0.0003200 seconds
[2022-06-13T03:36:51.698+0000][1][safepoint    ] Application time: 1.0001522 seconds
[2022-06-13T03:36:51.699+0000][1][safepoint    ] Entering safepoint region: Cleanup
[2022-06-13T03:36:51.699+0000][1][safepoint    ] Leaving safepoint region
[2022-06-13T03:36:51.700+0000][1][safepoint    ] Total time for which application threads were stopped: 0.0005815 seconds, Stopping threads took: 0.0002066 seconds
[2022-06-13T03:36:52.700+0000][1][safepoint    ] Application time: 1.0001775 seconds
[2022-06-13T03:36:52.700+0000][1][safepoint    ] Entering safepoint region: Cleanup
[2022-06-13T03:36:52.701+0000][1][safepoint    ] Leaving safepoint region
[2022-06-13T03:36:52.701+0000][1][safepoint    ] Total time for which application threads were stopped: 0.0008046 seconds, Stopping threads took: 0.0004026 seconds
[2022-06-13T03:36:53.702+0000][1][safepoint    ] Application time: 1.0001388 seconds
[2022-06-13T03:36:53.702+0000][1][safepoint    ] Entering safepoint region: Cleanup
[2022-06-13T03:36:53.702+0000][1][safepoint    ] Leaving safepoint region
[2022-06-13T03:36:53.702+0000][1][safepoint    ] Total time for which application threads were stopped: 0.0005163 seconds, Stopping threads took: 0.0001879 seconds
[2022-06-13T03:36:54.703+0000][1][safepoint    ] Application time: 1.0002080 seconds
[2022-06-13T03:36:54.703+0000][1][safepoint    ] Entering safepoint region: Cleanup
[2022-06-13T03:36:54.704+0000][1][safepoint    ] Leaving safepoint region
[2022-06-13T03:36:54.704+0000][1][safepoint    ] Total time for which application threads were stopped: 0.0006015 seconds, Stopping threads took: 0.0002725 seconds
[2022-06-13T03:36:55.704+0000][1][safepoint    ] Application time: 1.0002346 seconds
[2022-06-13T03:36:55.705+0000][1][safepoint    ] Entering safepoint region: Cleanup
[2022-06-13T03:36:55.706+0000][1][safepoint    ] Leaving safepoint region
[2022-06-13T03:36:55.706+0000][1][safepoint    ] Total time for which application threads were stopped: 0.0010391 seconds, Stopping threads took: 0.0003856 seconds
[2022-06-13T03:36:56.707+0000][1][safepoint    ] Application time: 1.0001608 seconds
[2022-06-13T03:36:56.708+0000][1][safepoint    ] Entering safepoint region: Cleanup
[2022-06-13T03:36:56.708+0000][1][safepoint    ] Leaving safepoint region
[2022-06-13T03:36:56.709+0000][1][safepoint    ] Total time for which application threads were stopped: 0.0009827 seconds, Stopping threads took: 0.0004676 seconds
[2022-06-13T03:36:57.709+0000][1][safepoint    ] Application time: 1.0002784 seconds
[2022-06-13T03:36:57.710+0000][1][safepoint    ] Entering safepoint region: Cleanup
[2022-06-13T03:36:57.710+0000][1][safepoint    ] Leaving safepoint region
[2022-06-13T03:36:57.711+0000][1][safepoint    ] Total time for which application threads were stopped: 0.0009055 seconds, Stopping threads took: 0.0003549 seconds
[2022-06-13T03:36:58.711+0000][1][safepoint    ] Application time: 1.0001518 seconds
[2022-06-13T03:36:58.712+0000][1][safepoint    ] Entering safepoint region: Cleanup
[2022-06-13T03:36:58.712+0000][1][safepoint    ] Leaving safepoint region
[2022-06-13T03:36:58.712+0000][1][safepoint    ] Total time for which application threads were stopped: 0.0006841 seconds, Stopping threads took: 0.0003234 seconds
[2022-06-13T03:36:59.713+0000][1][safepoint    ] Application time: 1.0002035 seconds
[2022-06-13T03:36:59.713+0000][1][safepoint    ] Entering safepoint region: Cleanup
[2022-06-13T03:36:59.714+0000][1][safepoint    ] Leaving safepoint region
[2022-06-13T03:36:59.714+0000][1][safepoint    ] Total time for which application threads were stopped: 0.0009094 seconds, Stopping threads took: 0.0005133 seconds
[2022-06-13T03:37:00.715+0000][1][safepoint    ] Application time: 1.0002468 seconds
[2022-06-13T03:37:00.716+0000][1][safepoint    ] Entering safepoint region: Cleanup
[2022-06-13T03:37:00.717+0000][1][safepoint    ] Leaving safepoint region
[2022-06-13T03:37:00.717+0000][1][safepoint    ] Total time for which application threads were stopped: 0.0013338 seconds, Stopping threads took: 0.0008790 seconds
[2022-06-13T03:37:01.718+0000][1][safepoint    ] Application time: 1.0002418 seconds
[2022-06-13T03:37:01.719+0000][1][safepoint    ] Entering safepoint region: Cleanup
[2022-06-13T03:37:01.719+0000][1][safepoint    ] Leaving safepoint region
[2022-06-13T03:37:01.720+0000][1][safepoint    ] Total time for which application threads were stopped: 0.0013064 seconds, Stopping threads took: 0.0006540 seconds
[2022-06-13T03:37:02.720+0000][1][safepoint    ] Application time: 1.0002098 seconds
[2022-06-13T03:37:02.721+0000][1][safepoint    ] Entering safepoint region: Cleanup
[2022-06-13T03:37:02.721+0000][1][safepoint    ] Leaving safepoint region
[2022-06-13T03:37:02.721+0000][1][safepoint    ] Total time for which application threads were stopped: 0.0006528 seconds, Stopping threads took: 0.0002928 seconds
[2022-06-13T03:37:03.722+0000][1][safepoint    ] Application time: 1.0001335 seconds
[2022-06-13T03:37:03.722+0000][1][safepoint    ] Entering safepoint region: Cleanup
[2022-06-13T03:37:03.723+0000][1][safepoint    ] Leaving safepoint region
[2022-06-13T03:37:03.723+0000][1][safepoint    ] Total time for which application threads were stopped: 0.0008082 seconds, Stopping threads took: 0.0003782 seconds
[2022-06-13T03:37:04.724+0000][1][safepoint    ] Application time: 1.0002587 seconds
[2022-06-13T03:37:04.725+0000][1][safepoint    ] Entering safepoint region: Cleanup
[2022-06-13T03:37:04.725+0000][1][safepoint    ] Leaving safepoint region
[2022-06-13T03:37:04.726+0000][1][safepoint    ] Total time for which application threads were stopped: 0.0009777 seconds, Stopping threads took: 0.0003980 seconds
[2022-06-13T03:37:05.727+0000][1][safepoint    ] Application time: 1.0001975 seconds
[2022-06-13T03:37:05.727+0000][1][safepoint    ] Entering safepoint region: Cleanup
[2022-06-13T03:37:05.728+0000][1][safepoint    ] Leaving safepoint region
[2022-06-13T03:37:05.728+0000][1][safepoint    ] Total time for which application threads were stopped: 0.0008651 seconds, Stopping threads took: 0.0003642 seconds
[2022-06-13T03:37:06.729+0000][1][safepoint    ] Application time: 1.0003640 seconds
[2022-06-13T03:37:06.729+0000][1][safepoint    ] Entering safepoint region: Cleanup
[2022-06-13T03:37:06.730+0000][1][safepoint    ] Leaving safepoint region
[2022-06-13T03:37:06.730+0000][1][safepoint    ] Total time for which application threads were stopped: 0.0007021 seconds, Stopping threads took: 0.0002682 seconds
[2022-06-13T03:37:07.731+0000][1][safepoint    ] Application time: 1.0002049 seconds
[2022-06-13T03:37:07.731+0000][1][safepoint    ] Entering safepoint region: Cleanup
[2022-06-13T03:37:07.732+0000][1][safepoint    ] Leaving safepoint region
[2022-06-13T03:37:07.732+0000][1][safepoint    ] Total time for which application threads were stopped: 0.0008635 seconds, Stopping threads took: 0.0003359 seconds
[2022-06-13T03:37:08.732+0000][1][safepoint    ] Application time: 1.0002085 seconds
[2022-06-13T03:37:08.733+0000][1][safepoint    ] Entering safepoint region: Cleanup
[2022-06-13T03:37:08.733+0000][1][safepoint    ] Leaving safepoint region
[2022-06-13T03:37:08.734+0000][1][safepoint    ] Total time for which application threads were stopped: 0.0007623 seconds, Stopping threads took: 0.0004413 seconds
[2022-06-13T03:37:09.734+0000][1][safepoint    ] Application time: 1.0002207 seconds
[2022-06-13T03:37:09.735+0000][1][safepoint    ] Entering safepoint region: Cleanup
[2022-06-13T03:37:09.735+0000][1][safepoint    ] Leaving safepoint region
[2022-06-13T03:37:09.736+0000][1][safepoint    ] Total time for which application threads were stopped: 0.0011803 seconds, Stopping threads took: 0.0004837 seconds
[2022-06-13T03:37:10.737+0000][1][safepoint    ] Application time: 1.0003168 seconds
[2022-06-13T03:37:10.737+0000][1][safepoint    ] Entering safepoint region: Cleanup
[2022-06-13T03:37:10.738+0000][1][safepoint    ] Leaving safepoint region
[2022-06-13T03:37:10.738+0000][1][safepoint    ] Total time for which application threads were stopped: 0.0009637 seconds, Stopping threads took: 0.0004677 seconds
[2022-06-13T03:37:11.739+0000][1][safepoint    ] Application time: 1.0001429 seconds
[2022-06-13T03:37:11.739+0000][1][safepoint    ] Entering safepoint region: Cleanup
[2022-06-13T03:37:11.740+0000][1][safepoint    ] Leaving safepoint region
[2022-06-13T03:37:11.740+0000][1][safepoint    ] Total time for which application threads were stopped: 0.0007004 seconds, Stopping threads took: 0.0003727 seconds
[2022-06-13T03:37:12.740+0000][1][safepoint    ] Application time: 1.0003767 seconds
[2022-06-13T03:37:12.741+0000][1][safepoint    ] Entering safepoint region: Cleanup
[2022-06-13T03:37:12.741+0000][1][safepoint    ] Leaving safepoint region
[2022-06-13T03:37:12.742+0000][1][safepoint    ] Total time for which application threads were stopped: 0.0007612 seconds, Stopping threads took: 0.0003814 seconds
[2022-06-13T03:37:13.742+0000][1][safepoint    ] Application time: 1.0003798 seconds
[2022-06-13T03:37:13.743+0000][1][safepoint    ] Entering safepoint region: Cleanup
[2022-06-13T03:37:13.744+0000][1][safepoint    ] Leaving safepoint region
[2022-06-13T03:37:13.745+0000][1][safepoint    ] Total time for which application threads were stopped: 0.0016005 seconds, Stopping threads took: 0.0008072 seconds
[2022-06-13T03:37:14.746+0000][1][safepoint    ] Application time: 1.0002905 seconds
[2022-06-13T03:37:14.746+0000][1][safepoint    ] Entering safepoint region: Cleanup
[2022-06-13T03:37:14.746+0000][1][safepoint    ] Leaving safepoint region
[2022-06-13T03:37:14.747+0000][1][safepoint    ] Total time for which application threads were stopped: 0.0005808 seconds, Stopping threads took: 0.0002301 seconds
[2022-06-13T03:37:15.748+0000][1][safepoint    ] Application time: 1.0003587 seconds
[2022-06-13T03:37:15.748+0000][1][safepoint    ] Entering safepoint region: Cleanup
[2022-06-13T03:37:15.749+0000][1][safepoint    ] Leaving safepoint region
[2022-06-13T03:37:15.749+0000][1][safepoint    ] Total time for which application threads were stopped: 0.0011028 seconds, Stopping threads took: 0.0005347 seconds
[2022-06-13T03:37:16.750+0000][1][safepoint    ] Application time: 1.0003970 seconds
[2022-06-13T03:37:16.751+0000][1][safepoint    ] Entering safepoint region: Cleanup
[2022-06-13T03:37:16.752+0000][1][safepoint    ] Leaving safepoint region
[2022-06-13T03:37:16.752+0000][1][safepoint    ] Total time for which application threads were stopped: 0.0012080 seconds, Stopping threads took: 0.0004576 seconds
[2022-06-13T03:37:17.753+0000][1][safepoint    ] Application time: 1.0002462 seconds
[2022-06-13T03:37:17.754+0000][1][safepoint    ] Entering safepoint region: Cleanup
[2022-06-13T03:37:17.754+0000][1][safepoint    ] Leaving safepoint region
[2022-06-13T03:37:17.755+0000][1][safepoint    ] Total time for which application threads were stopped: 0.0007340 seconds, Stopping threads took: 0.0003624 seconds
[2022-06-13T03:37:18.755+0000][1][safepoint    ] Application time: 1.0003218 seconds
[2022-06-13T03:37:18.756+0000][1][safepoint    ] Entering safepoint region: Cleanup
[2022-06-13T03:37:18.756+0000][1][safepoint    ] Leaving safepoint region
[2022-06-13T03:37:18.757+0000][1][safepoint    ] Total time for which application threads were stopped: 0.0011600 seconds, Stopping threads took: 0.0005790 seconds
[2022-06-13T03:37:19.758+0000][1][safepoint    ] Application time: 1.0003271 seconds
[2022-06-13T03:37:19.758+0000][1][safepoint    ] Entering safepoint region: Cleanup
[2022-06-13T03:37:19.758+0000][1][safepoint    ] Leaving safepoint region
[2022-06-13T03:37:19.758+0000][1][safepoint    ] Total time for which application threads were stopped: 0.0004121 seconds, Stopping threads took: 0.0001331 seconds
[2022-06-13T03:37:20.759+0000][1][safepoint    ] Application time: 1.0001343 seconds
[2022-06-13T03:37:20.759+0000][1][safepoint    ] Entering safepoint region: Cleanup
[2022-06-13T03:37:20.760+0000][1][safepoint    ] Leaving safepoint region
[2022-06-13T03:37:20.760+0000][1][safepoint    ] Total time for which application threads were stopped: 0.0010438 seconds, Stopping threads took: 0.0004623 seconds
[2022-06-13T03:37:21.761+0000][1][safepoint    ] Application time: 1.0002678 seconds
[2022-06-13T03:37:21.761+0000][1][safepoint    ] Entering safepoint region: Cleanup
[2022-06-13T03:37:21.762+0000][1][safepoint    ] Leaving safepoint region
[2022-06-13T03:37:21.762+0000][1][safepoint    ] Total time for which application threads were stopped: 0.0006688 seconds, Stopping threads took: 0.0002661 seconds
[2022-06-13T03:37:22.762+0000][1][safepoint    ] Application time: 1.0002530 seconds
[2022-06-13T03:37:22.763+0000][1][safepoint    ] Entering safepoint region: Cleanup
[2022-06-13T03:37:22.764+0000][1][safepoint    ] Leaving safepoint region
[2022-06-13T03:37:22.764+0000][1][safepoint    ] Total time for which application threads were stopped: 0.0008322 seconds, Stopping threads took: 0.0004757 seconds
[2022-06-13T03:37:23.764+0000][1][safepoint    ] Application time: 1.0002124 seconds
[2022-06-13T03:37:23.765+0000][1][safepoint    ] Entering safepoint region: Cleanup
[2022-06-13T03:37:23.765+0000][1][safepoint    ] Leaving safepoint region
[2022-06-13T03:37:23.766+0000][1][safepoint    ] Total time for which application threads were stopped: 0.0008650 seconds, Stopping threads took: 0.0004302 seconds
[2022-06-13T03:37:24.766+0000][1][safepoint    ] Application time: 1.0002067 seconds
[2022-06-13T03:37:24.767+0000][1][safepoint    ] Entering safepoint region: Cleanup
[2022-06-13T03:37:24.767+0000][1][safepoint    ] Leaving safepoint region
[2022-06-13T03:37:24.767+0000][1][safepoint    ] Total time for which application threads were stopped: 0.0005816 seconds, Stopping threads took: 0.0002741 seconds
[2022-06-13T03:37:25.767+0000][1][safepoint    ] Application time: 1.0001912 seconds
[2022-06-13T03:37:25.768+0000][1][safepoint    ] Entering safepoint region: Cleanup
[2022-06-13T03:37:25.768+0000][1][safepoint    ] Leaving safepoint region
[2022-06-13T03:37:25.768+0000][1][safepoint    ] Total time for which application threads were stopped: 0.0004830 seconds, Stopping threads took: 0.0002263 seconds
[2022-06-13T03:37:26.769+0000][1][safepoint    ] Application time: 1.0001951 seconds
[2022-06-13T03:37:26.769+0000][1][safepoint    ] Entering safepoint region: Cleanup
[2022-06-13T03:37:26.769+0000][1][safepoint    ] Leaving safepoint region
[2022-06-13T03:37:26.770+0000][1][safepoint    ] Total time for which application threads were stopped: 0.0007606 seconds, Stopping threads took: 0.0003315 seconds
[2022-06-13T03:37:26.770+0000][1][safepoint    ] Application time: 0.0001842 seconds
[2022-06-13T03:37:26.771+0000][1][safepoint    ] Entering safepoint region: GenCollectForAllocation
[2022-06-13T03:37:26.771+0000][1][gc,start     ] GC(24) Pause Young (Allocation Failure)
[2022-06-13T03:37:26.771+0000][1][gc,task      ] GC(24) Using 5 workers of 13 for evacuation
[2022-06-13T03:37:26.774+0000][1][gc,age       ] GC(24) Desired survivor size 4456448 bytes, new threshold 6 (max threshold 6)
[2022-06-13T03:37:26.774+0000][1][gc,age       ] GC(24) Age table with threshold 6 (max threshold 6)
[2022-06-13T03:37:26.775+0000][1][gc,age       ] GC(24) - age   1:      16048 bytes,      16048 total
[2022-06-13T03:37:26.775+0000][1][gc,age       ] GC(24) - age   2:      91984 bytes,     108032 total
[2022-06-13T03:37:26.776+0000][1][gc,age       ] GC(24) - age   3:    2717344 bytes,    2825376 total
[2022-06-13T03:37:26.776+0000][1][gc,heap      ] GC(24) ParNew: 75799K->4009K(78656K)
[2022-06-13T03:37:26.776+0000][1][gc,heap      ] GC(24) CMS: 67584K->67584K(174784K)
[2022-06-13T03:37:26.777+0000][1][gc,metaspace ] GC(24) Metaspace: 68031K->68031K(1112064K)
[2022-06-13T03:37:26.777+0000][1][gc           ] GC(24) Pause Young (Allocation Failure) 140M->69M(247M) 6.174ms
[2022-06-13T03:37:26.777+0000][1][gc,cpu       ] GC(24) User=0.01s Sys=0.00s Real=0.00s
[2022-06-13T03:37:26.778+0000][1][safepoint    ] Leaving safepoint region
[2022-06-13T03:37:26.778+0000][1][safepoint    ] Total time for which application threads were stopped: 0.0076939 seconds, Stopping threads took: 0.0003246 seconds
[2022-06-13T03:37:27.779+0000][1][safepoint    ] Application time: 1.0001884 seconds
[2022-06-13T03:37:27.779+0000][1][safepoint    ] Entering safepoint region: Cleanup
[2022-06-13T03:37:27.780+0000][1][safepoint    ] Leaving safepoint region
[2022-06-13T03:37:27.780+0000][1][safepoint    ] Total time for which application threads were stopped: 0.0007969 seconds, Stopping threads took: 0.0003456 seconds
[2022-06-13T03:37:28.781+0000][1][safepoint    ] Application time: 1.0002085 seconds
[2022-06-13T03:37:28.781+0000][1][safepoint    ] Entering safepoint region: Cleanup
[2022-06-13T03:37:28.781+0000][1][safepoint    ] Leaving safepoint region
[2022-06-13T03:37:28.782+0000][1][safepoint    ] Total time for which application threads were stopped: 0.0007310 seconds, Stopping threads took: 0.0003589 seconds
[2022-06-13T03:37:29.783+0000][1][safepoint    ] Application time: 1.0002859 seconds
[2022-06-13T03:37:29.783+0000][1][safepoint    ] Entering safepoint region: Cleanup
[2022-06-13T03:37:29.783+0000][1][safepoint    ] Leaving safepoint region
[2022-06-13T03:37:29.784+0000][1][safepoint    ] Total time for which application threads were stopped: 0.0007011 seconds, Stopping threads took: 0.0003717 seconds
[2022-06-13T03:37:30.784+0000][1][safepoint    ] Application time: 1.0002252 seconds
[2022-06-13T03:37:30.785+0000][1][safepoint    ] Entering safepoint region: Cleanup
[2022-06-13T03:37:30.786+0000][1][safepoint    ] Leaving safepoint region
[2022-06-13T03:37:30.786+0000][1][safepoint    ] Total time for which application threads were stopped: 0.0012740 seconds, Stopping threads took: 0.0006606 seconds
[2022-06-13T03:37:31.787+0000][1][safepoint    ] Application time: 1.0002282 seconds
[2022-06-13T03:37:31.788+0000][1][safepoint    ] Entering safepoint region: Cleanup
[2022-06-13T03:37:31.788+0000][1][safepoint    ] Leaving safepoint region
[2022-06-13T03:37:31.789+0000][1][safepoint    ] Total time for which application threads were stopped: 0.0010612 seconds, Stopping threads took: 0.0004348 seconds
[2022-06-13T03:37:32.789+0000][1][safepoint    ] Application time: 1.0002582 seconds
[2022-06-13T03:37:32.790+0000][1][safepoint    ] Entering safepoint region: Cleanup
[2022-06-13T03:37:32.790+0000][1][safepoint    ] Leaving safepoint region
[2022-06-13T03:37:32.791+0000][1][safepoint    ] Total time for which application threads were stopped: 0.0007094 seconds, Stopping threads took: 0.0003671 seconds
[2022-06-13T03:37:33.791+0000][1][safepoint    ] Application time: 1.0001087 seconds
[2022-06-13T03:37:33.791+0000][1][safepoint    ] Entering safepoint region: Cleanup
[2022-06-13T03:37:33.792+0000][1][safepoint    ] Leaving safepoint region
[2022-06-13T03:37:33.792+0000][1][safepoint    ] Total time for which application threads were stopped: 0.0008032 seconds, Stopping threads took: 0.0005125 seconds
[2022-06-13T03:37:34.792+0000][1][safepoint    ] Application time: 1.0001332 seconds
[2022-06-13T03:37:34.793+0000][1][safepoint    ] Entering safepoint region: Cleanup
[2022-06-13T03:37:34.793+0000][1][safepoint    ] Leaving safepoint region
[2022-06-13T03:37:34.793+0000][1][safepoint    ] Total time for which application threads were stopped: 0.0006259 seconds, Stopping threads took: 0.0002746 seconds
[2022-06-13T03:37:35.794+0000][1][safepoint    ] Application time: 1.0002230 seconds
[2022-06-13T03:37:35.795+0000][1][safepoint    ] Entering safepoint region: Cleanup
[2022-06-13T03:37:35.795+0000][1][safepoint    ] Leaving safepoint region
[2022-06-13T03:37:35.795+0000][1][safepoint    ] Total time for which application threads were stopped: 0.0009638 seconds, Stopping threads took: 0.0005126 seconds
[2022-06-13T03:37:36.796+0000][1][safepoint    ] Application time: 1.0001868 seconds
[2022-06-13T03:37:36.796+0000][1][safepoint    ] Entering safepoint region: Cleanup
[2022-06-13T03:37:36.796+0000][1][safepoint    ] Leaving safepoint region
[2022-06-13T03:37:36.797+0000][1][safepoint    ] Total time for which application threads were stopped: 0.0007423 seconds, Stopping threads took: 0.0001614 seconds
[2022-06-13T03:37:37.797+0000][1][safepoint    ] Application time: 1.0002128 seconds
[2022-06-13T03:37:37.798+0000][1][safepoint    ] Entering safepoint region: Cleanup
[2022-06-13T03:37:37.799+0000][1][safepoint    ] Leaving safepoint region
[2022-06-13T03:37:37.799+0000][1][safepoint    ] Total time for which application threads were stopped: 0.0008256 seconds, Stopping threads took: 0.0004378 seconds
[2022-06-13T03:37:38.799+0000][1][safepoint    ] Application time: 1.0001684 seconds
[2022-06-13T03:37:38.800+0000][1][safepoint    ] Entering safepoint region: Cleanup
[2022-06-13T03:37:38.800+0000][1][safepoint    ] Leaving safepoint region
[2022-06-13T03:37:38.801+0000][1][safepoint    ] Total time for which application threads were stopped: 0.0009099 seconds, Stopping threads took: 0.0004324 seconds
[2022-06-13T03:37:39.801+0000][1][safepoint    ] Application time: 1.0002595 seconds
[2022-06-13T03:37:39.802+0000][1][safepoint    ] Entering safepoint region: Cleanup
[2022-06-13T03:37:39.802+0000][1][safepoint    ] Leaving safepoint region
[2022-06-13T03:37:39.802+0000][1][safepoint    ] Total time for which application threads were stopped: 0.0008353 seconds, Stopping threads took: 0.0004237 seconds
[2022-06-13T03:37:40.803+0000][1][safepoint    ] Application time: 1.0001583 seconds
[2022-06-13T03:37:40.803+0000][1][safepoint    ] Entering safepoint region: Cleanup
[2022-06-13T03:37:40.804+0000][1][safepoint    ] Leaving safepoint region
[2022-06-13T03:37:40.805+0000][1][safepoint    ] Total time for which application threads were stopped: 0.0010838 seconds, Stopping threads took: 0.0004101 seconds
[2022-06-13T03:37:41.805+0000][1][safepoint    ] Application time: 1.0002484 seconds
[2022-06-13T03:37:41.806+0000][1][safepoint    ] Entering safepoint region: Cleanup
[2022-06-13T03:37:41.806+0000][1][safepoint    ] Leaving safepoint region
[2022-06-13T03:37:41.806+0000][1][safepoint    ] Total time for which application threads were stopped: 0.0006143 seconds, Stopping threads took: 0.0002889 seconds
[2022-06-13T03:37:42.807+0000][1][safepoint    ] Application time: 1.0001355 seconds
[2022-06-13T03:37:42.807+0000][1][safepoint    ] Entering safepoint region: Cleanup
[2022-06-13T03:37:42.807+0000][1][safepoint    ] Leaving safepoint region
[2022-06-13T03:37:42.807+0000][1][safepoint    ] Total time for which application threads were stopped: 0.0004889 seconds, Stopping threads took: 0.0002771 seconds
[2022-06-13T03:37:43.808+0000][1][safepoint    ] Application time: 1.0001729 seconds
[2022-06-13T03:37:43.808+0000][1][safepoint    ] Entering safepoint region: Cleanup
[2022-06-13T03:37:43.808+0000][1][safepoint    ] Leaving safepoint region
[2022-06-13T03:37:43.809+0000][1][safepoint    ] Total time for which application threads were stopped: 0.0005210 seconds, Stopping threads took: 0.0001936 seconds
[2022-06-13T03:37:44.809+0000][1][safepoint    ] Application time: 1.0002181 seconds
[2022-06-13T03:37:44.810+0000][1][safepoint    ] Entering safepoint region: Cleanup
[2022-06-13T03:37:44.811+0000][1][safepoint    ] Leaving safepoint region
[2022-06-13T03:37:44.811+0000][1][safepoint    ] Total time for which application threads were stopped: 0.0014526 seconds, Stopping threads took: 0.0006666 seconds
[2022-06-13T03:37:45.812+0000][1][safepoint    ] Application time: 1.0002205 seconds
[2022-06-13T03:37:45.813+0000][1][safepoint    ] Entering safepoint region: Cleanup
[2022-06-13T03:37:45.813+0000][1][safepoint    ] Leaving safepoint region
[2022-06-13T03:37:45.814+0000][1][safepoint    ] Total time for which application threads were stopped: 0.0010557 seconds, Stopping threads took: 0.0005568 seconds
[2022-06-13T03:37:46.814+0000][1][safepoint    ] Application time: 1.0002018 seconds
[2022-06-13T03:37:46.815+0000][1][safepoint    ] Entering safepoint region: Cleanup
[2022-06-13T03:37:46.815+0000][1][safepoint    ] Leaving safepoint region
[2022-06-13T03:37:46.815+0000][1][safepoint    ] Total time for which application threads were stopped: 0.0005475 seconds, Stopping threads took: 0.0002964 seconds
[2022-06-13T03:37:47.816+0000][1][safepoint    ] Application time: 1.0001412 seconds
[2022-06-13T03:37:47.817+0000][1][safepoint    ] Entering safepoint region: Cleanup
[2022-06-13T03:37:47.817+0000][1][safepoint    ] Leaving safepoint region
[2022-06-13T03:37:47.818+0000][1][safepoint    ] Total time for which application threads were stopped: 0.0014336 seconds, Stopping threads took: 0.0008147 seconds
[2022-06-13T03:37:48.819+0000][1][safepoint    ] Application time: 1.0002382 seconds
[2022-06-13T03:37:48.819+0000][1][safepoint    ] Entering safepoint region: Cleanup
[2022-06-13T03:37:48.819+0000][1][safepoint    ] Leaving safepoint region
[2022-06-13T03:37:48.820+0000][1][safepoint    ] Total time for which application threads were stopped: 0.0007462 seconds, Stopping threads took: 0.0003093 seconds
[2022-06-13T03:37:49.820+0000][1][safepoint    ] Application time: 1.0001013 seconds
[2022-06-13T03:37:49.821+0000][1][safepoint    ] Entering safepoint region: Cleanup
[2022-06-13T03:37:49.821+0000][1][safepoint    ] Leaving safepoint region
[2022-06-13T03:37:49.821+0000][1][safepoint    ] Total time for which application threads were stopped: 0.0007400 seconds, Stopping threads took: 0.0004241 seconds
[2022-06-13T03:37:50.822+0000][1][safepoint    ] Application time: 1.0001869 seconds
[2022-06-13T03:37:50.822+0000][1][safepoint    ] Entering safepoint region: Cleanup
[2022-06-13T03:37:50.823+0000][1][safepoint    ] Leaving safepoint region
[2022-06-13T03:37:50.823+0000][1][safepoint    ] Total time for which application threads were stopped: 0.0007104 seconds, Stopping threads took: 0.0003909 seconds
[2022-06-13T03:37:51.824+0000][1][safepoint    ] Application time: 1.0003289 seconds
[2022-06-13T03:37:51.824+0000][1][safepoint    ] Entering safepoint region: Cleanup
[2022-06-13T03:37:51.825+0000][1][safepoint    ] Leaving safepoint region
[2022-06-13T03:37:51.825+0000][1][safepoint    ] Total time for which application threads were stopped: 0.0008595 seconds, Stopping threads took: 0.0004238 seconds
[2022-06-13T03:37:52.826+0000][1][safepoint    ] Application time: 1.0001961 seconds
[2022-06-13T03:37:52.826+0000][1][safepoint    ] Entering safepoint region: Cleanup
[2022-06-13T03:37:52.827+0000][1][safepoint    ] Leaving safepoint region
[2022-06-13T03:37:52.827+0000][1][safepoint    ] Total time for which application threads were stopped: 0.0006621 seconds, Stopping threads took: 0.0002657 seconds
[2022-06-13T03:37:53.827+0000][1][safepoint    ] Application time: 1.0001597 seconds
[2022-06-13T03:37:53.828+0000][1][safepoint    ] Entering safepoint region: Cleanup
[2022-06-13T03:37:53.829+0000][1][safepoint    ] Leaving safepoint region
[2022-06-13T03:37:53.829+0000][1][safepoint    ] Total time for which application threads were stopped: 0.0012002 seconds, Stopping threads took: 0.0006039 seconds
[2022-06-13T03:37:54.830+0000][1][safepoint    ] Application time: 1.0002870 seconds
[2022-06-13T03:37:54.831+0000][1][safepoint    ] Entering safepoint region: Cleanup
[2022-06-13T03:37:54.831+0000][1][safepoint    ] Leaving safepoint region
[2022-06-13T03:37:54.831+0000][1][safepoint    ] Total time for which application threads were stopped: 0.0007779 seconds, Stopping threads took: 0.0003227 seconds
[2022-06-13T03:37:55.832+0000][1][safepoint    ] Application time: 1.0002319 seconds
[2022-06-13T03:37:55.833+0000][1][safepoint    ] Entering safepoint region: Cleanup
[2022-06-13T03:37:55.833+0000][1][safepoint    ] Leaving safepoint region
[2022-06-13T03:37:55.833+0000][1][safepoint    ] Total time for which application threads were stopped: 0.0008031 seconds, Stopping threads took: 0.0004784 seconds
[2022-06-13T03:37:56.834+0000][1][safepoint    ] Application time: 1.0001061 seconds
[2022-06-13T03:37:56.834+0000][1][safepoint    ] Entering safepoint region: Cleanup
[2022-06-13T03:37:56.835+0000][1][safepoint    ] Leaving safepoint region
[2022-06-13T03:37:56.835+0000][1][safepoint    ] Total time for which application threads were stopped: 0.0008205 seconds, Stopping threads took: 0.0004736 seconds
[2022-06-13T03:37:57.836+0000][1][safepoint    ] Application time: 1.0002212 seconds
[2022-06-13T03:37:57.836+0000][1][safepoint    ] Entering safepoint region: Cleanup
[2022-06-13T03:37:57.837+0000][1][safepoint    ] Leaving safepoint region
[2022-06-13T03:37:57.837+0000][1][safepoint    ] Total time for which application threads were stopped: 0.0009067 seconds, Stopping threads took: 0.0004126 seconds
[2022-06-13T03:37:58.838+0000][1][safepoint    ] Application time: 1.0004027 seconds
[2022-06-13T03:37:58.838+0000][1][safepoint    ] Entering safepoint region: Cleanup
[2022-06-13T03:37:58.839+0000][1][safepoint    ] Leaving safepoint region
[2022-06-13T03:37:58.839+0000][1][safepoint    ] Total time for which application threads were stopped: 0.0005783 seconds, Stopping threads took: 0.0002296 seconds
[2022-06-13T03:37:59.839+0000][1][safepoint    ] Application time: 1.0002905 seconds
[2022-06-13T03:37:59.840+0000][1][safepoint    ] Entering safepoint region: Cleanup
[2022-06-13T03:37:59.840+0000][1][safepoint    ] Leaving safepoint region
[2022-06-13T03:37:59.841+0000][1][safepoint    ] Total time for which application threads were stopped: 0.0007836 seconds, Stopping threads took: 0.0003077 seconds
[2022-06-13T03:38:00.841+0000][1][safepoint    ] Application time: 1.0001889 seconds
[2022-06-13T03:38:00.842+0000][1][safepoint    ] Entering safepoint region: Cleanup
[2022-06-13T03:38:00.842+0000][1][safepoint    ] Leaving safepoint region
[2022-06-13T03:38:00.842+0000][1][safepoint    ] Total time for which application threads were stopped: 0.0007666 seconds, Stopping threads took: 0.0003858 seconds
[2022-06-13T03:38:01.843+0000][1][safepoint    ] Application time: 1.0002021 seconds
[2022-06-13T03:38:01.864+0000][1][safepoint    ] Entering safepoint region: Cleanup
[2022-06-13T03:38:01.865+0000][1][safepoint    ] Leaving safepoint region
[2022-06-13T03:38:01.865+0000][1][safepoint    ] Total time for which application threads were stopped: 0.0215661 seconds, Stopping threads took: 0.0210652 seconds
[2022-06-13T03:38:02.866+0000][1][safepoint    ] Application time: 1.0001626 seconds
[2022-06-13T03:38:02.866+0000][1][safepoint    ] Entering safepoint region: Cleanup
[2022-06-13T03:38:02.866+0000][1][safepoint    ] Leaving safepoint region
[2022-06-13T03:38:02.867+0000][1][safepoint    ] Total time for which application threads were stopped: 0.0006802 seconds, Stopping threads took: 0.0002733 seconds
[2022-06-13T03:38:03.867+0000][1][safepoint    ] Application time: 1.0001151 seconds
[2022-06-13T03:38:03.868+0000][1][safepoint    ] Entering safepoint region: Cleanup
[2022-06-13T03:38:03.868+0000][1][safepoint    ] Leaving safepoint region
[2022-06-13T03:38:03.868+0000][1][safepoint    ] Total time for which application threads were stopped: 0.0007370 seconds, Stopping threads took: 0.0003610 seconds
[2022-06-13T03:38:04.869+0000][1][safepoint    ] Application time: 1.0001779 seconds
[2022-06-13T03:38:04.870+0000][1][safepoint    ] Entering safepoint region: Cleanup
[2022-06-13T03:38:04.870+0000][1][safepoint    ] Leaving safepoint region
[2022-06-13T03:38:04.870+0000][1][safepoint    ] Total time for which application threads were stopped: 0.0008505 seconds, Stopping threads took: 0.0004958 seconds
[2022-06-13T03:38:05.871+0000][1][safepoint    ] Application time: 1.0002566 seconds
[2022-06-13T03:38:05.872+0000][1][safepoint    ] Entering safepoint region: Cleanup
[2022-06-13T03:38:05.872+0000][1][safepoint    ] Leaving safepoint region
[2022-06-13T03:38:05.872+0000][1][safepoint    ] Total time for which application threads were stopped: 0.0007986 seconds, Stopping threads took: 0.0003798 seconds
[2022-06-13T03:38:06.873+0000][1][safepoint    ] Application time: 1.0002180 seconds
[2022-06-13T03:38:06.873+0000][1][safepoint    ] Entering safepoint region: Cleanup
[2022-06-13T03:38:06.874+0000][1][safepoint    ] Leaving safepoint region
[2022-06-13T03:38:06.874+0000][1][safepoint    ] Total time for which application threads were stopped: 0.0009742 seconds, Stopping threads took: 0.0003495 seconds
[2022-06-13T03:38:07.875+0000][1][safepoint    ] Application time: 1.0002375 seconds
[2022-06-13T03:38:07.876+0000][1][safepoint    ] Entering safepoint region: Cleanup
[2022-06-13T03:38:07.876+0000][1][safepoint    ] Leaving safepoint region
[2022-06-13T03:38:07.877+0000][1][safepoint    ] Total time for which application threads were stopped: 0.0009150 seconds, Stopping threads took: 0.0003834 seconds
[2022-06-13T03:38:08.878+0000][1][safepoint    ] Application time: 1.0002128 seconds
[2022-06-13T03:38:08.878+0000][1][safepoint    ] Entering safepoint region: Cleanup
[2022-06-13T03:38:08.878+0000][1][safepoint    ] Leaving safepoint region
[2022-06-13T03:38:08.879+0000][1][safepoint    ] Total time for which application threads were stopped: 0.0007820 seconds, Stopping threads took: 0.0003550 seconds
[2022-06-13T03:38:09.879+0000][1][safepoint    ] Application time: 1.0002454 seconds
[2022-06-13T03:38:09.880+0000][1][safepoint    ] Entering safepoint region: Cleanup
[2022-06-13T03:38:09.880+0000][1][safepoint    ] Leaving safepoint region
[2022-06-13T03:38:09.881+0000][1][safepoint    ] Total time for which application threads were stopped: 0.0006711 seconds, Stopping threads took: 0.0003062 seconds
[2022-06-13T03:38:10.881+0000][1][safepoint    ] Application time: 1.0002009 seconds
[2022-06-13T03:38:10.882+0000][1][safepoint    ] Entering safepoint region: Cleanup
[2022-06-13T03:38:10.882+0000][1][safepoint    ] Leaving safepoint region
[2022-06-13T03:38:10.883+0000][1][safepoint    ] Total time for which application threads were stopped: 0.0009695 seconds, Stopping threads took: 0.0005258 seconds
[2022-06-13T03:38:11.883+0000][1][safepoint    ] Application time: 1.0002136 seconds
[2022-06-13T03:38:11.884+0000][1][safepoint    ] Entering safepoint region: Cleanup
[2022-06-13T03:38:11.884+0000][1][safepoint    ] Leaving safepoint region
[2022-06-13T03:38:11.885+0000][1][safepoint    ] Total time for which application threads were stopped: 0.0007004 seconds, Stopping threads took: 0.0003704 seconds
[2022-06-13T03:38:12.885+0000][1][safepoint    ] Application time: 1.0003755 seconds
[2022-06-13T03:38:12.886+0000][1][safepoint    ] Entering safepoint region: Cleanup
[2022-06-13T03:38:12.887+0000][1][safepoint    ] Leaving safepoint region
[2022-06-13T03:38:12.887+0000][1][safepoint    ] Total time for which application threads were stopped: 0.0013172 seconds, Stopping threads took: 0.0005638 seconds
[2022-06-13T03:38:13.888+0000][1][safepoint    ] Application time: 1.0002034 seconds
[2022-06-13T03:38:13.889+0000][1][safepoint    ] Entering safepoint region: Cleanup
[2022-06-13T03:38:13.889+0000][1][safepoint    ] Leaving safepoint region
[2022-06-13T03:38:13.889+0000][1][safepoint    ] Total time for which application threads were stopped: 0.0006836 seconds, Stopping threads took: 0.0002801 seconds
[2022-06-13T03:38:14.890+0000][1][safepoint    ] Application time: 1.0001142 seconds
[2022-06-13T03:38:14.890+0000][1][safepoint    ] Entering safepoint region: Cleanup
[2022-06-13T03:38:14.891+0000][1][safepoint    ] Leaving safepoint region
[2022-06-13T03:38:14.891+0000][1][safepoint    ] Total time for which application threads were stopped: 0.0007505 seconds, Stopping threads took: 0.0003479 seconds
[2022-06-13T03:38:15.892+0000][1][safepoint    ] Application time: 1.0002485 seconds
[2022-06-13T03:38:15.893+0000][1][safepoint    ] Entering safepoint region: Cleanup
[2022-06-13T03:38:15.893+0000][1][safepoint    ] Leaving safepoint region
[2022-06-13T03:38:15.894+0000][1][safepoint    ] Total time for which application threads were stopped: 0.0015344 seconds, Stopping threads took: 0.0007329 seconds
[2022-06-13T03:38:16.895+0000][1][safepoint    ] Application time: 1.0002848 seconds
[2022-06-13T03:38:16.896+0000][1][safepoint    ] Entering safepoint region: Cleanup
[2022-06-13T03:38:16.896+0000][1][safepoint    ] Leaving safepoint region
[2022-06-13T03:38:16.897+0000][1][safepoint    ] Total time for which application threads were stopped: 0.0013142 seconds, Stopping threads took: 0.0005401 seconds
[2022-06-13T03:38:17.898+0000][1][safepoint    ] Application time: 1.0002223 seconds
[2022-06-13T03:38:17.899+0000][1][safepoint    ] Entering safepoint region: Cleanup
[2022-06-13T03:38:17.899+0000][1][safepoint    ] Leaving safepoint region
[2022-06-13T03:38:17.900+0000][1][safepoint    ] Total time for which application threads were stopped: 0.0011376 seconds, Stopping threads took: 0.0004605 seconds
[2022-06-13T03:38:18.901+0000][1][safepoint    ] Application time: 1.0002440 seconds
[2022-06-13T03:38:18.901+0000][1][safepoint    ] Entering safepoint region: Cleanup
[2022-06-13T03:38:18.902+0000][1][safepoint    ] Leaving safepoint region
[2022-06-13T03:38:18.903+0000][1][safepoint    ] Total time for which application threads were stopped: 0.0015533 seconds, Stopping threads took: 0.0006964 seconds
[2022-06-13T03:38:19.904+0000][1][safepoint    ] Application time: 1.0001946 seconds
[2022-06-13T03:38:19.905+0000][1][safepoint    ] Entering safepoint region: Cleanup
[2022-06-13T03:38:19.905+0000][1][safepoint    ] Leaving safepoint region
[2022-06-13T03:38:19.906+0000][1][safepoint    ] Total time for which application threads were stopped: 0.0009886 seconds, Stopping threads took: 0.0004676 seconds
[2022-06-13T03:38:20.906+0000][1][safepoint    ] Application time: 1.0002579 seconds
[2022-06-13T03:38:20.907+0000][1][safepoint    ] Entering safepoint region: Cleanup
[2022-06-13T03:38:20.907+0000][1][safepoint    ] Leaving safepoint region
[2022-06-13T03:38:20.908+0000][1][safepoint    ] Total time for which application threads were stopped: 0.0007026 seconds, Stopping threads took: 0.0002823 seconds
[2022-06-13T03:38:21.908+0000][1][safepoint    ] Application time: 1.0002175 seconds
[2022-06-13T03:38:21.909+0000][1][safepoint    ] Entering safepoint region: Cleanup
[2022-06-13T03:38:21.909+0000][1][safepoint    ] Leaving safepoint region
[2022-06-13T03:38:21.909+0000][1][safepoint    ] Total time for which application threads were stopped: 0.0005981 seconds, Stopping threads took: 0.0002569 seconds
[2022-06-13T03:38:22.910+0000][1][safepoint    ] Application time: 1.0002156 seconds
[2022-06-13T03:38:22.911+0000][1][safepoint    ] Entering safepoint region: Cleanup
[2022-06-13T03:38:22.911+0000][1][safepoint    ] Leaving safepoint region
[2022-06-13T03:38:22.912+0000][1][safepoint    ] Total time for which application threads were stopped: 0.0013660 seconds, Stopping threads took: 0.0005568 seconds
[2022-06-13T03:38:23.913+0000][1][safepoint    ] Application time: 1.0001350 seconds
[2022-06-13T03:38:23.913+0000][1][safepoint    ] Entering safepoint region: Cleanup
[2022-06-13T03:38:23.913+0000][1][safepoint    ] Leaving safepoint region
[2022-06-13T03:38:23.914+0000][1][safepoint    ] Total time for which application threads were stopped: 0.0006750 seconds, Stopping threads took: 0.0003117 seconds
[2022-06-13T03:38:24.914+0000][1][safepoint    ] Application time: 1.0003258 seconds
[2022-06-13T03:38:24.915+0000][1][safepoint    ] Entering safepoint region: Cleanup
[2022-06-13T03:38:24.916+0000][1][safepoint    ] Leaving safepoint region
[2022-06-13T03:38:24.917+0000][1][safepoint    ] Total time for which application threads were stopped: 0.0014312 seconds, Stopping threads took: 0.0006552 seconds
[2022-06-13T03:38:25.917+0000][1][safepoint    ] Application time: 1.0001347 seconds
[2022-06-13T03:38:25.918+0000][1][safepoint    ] Entering safepoint region: Cleanup
[2022-06-13T03:38:25.918+0000][1][safepoint    ] Leaving safepoint region
[2022-06-13T03:38:25.918+0000][1][safepoint    ] Total time for which application threads were stopped: 0.0004794 seconds, Stopping threads took: 0.0002550 seconds
[2022-06-13T03:38:26.919+0000][1][safepoint    ] Application time: 1.0001454 seconds
[2022-06-13T03:38:26.919+0000][1][safepoint    ] Entering safepoint region: Cleanup
[2022-06-13T03:38:26.920+0000][1][safepoint    ] Leaving safepoint region
[2022-06-13T03:38:26.920+0000][1][safepoint    ] Total time for which application threads were stopped: 0.0011056 seconds, Stopping threads took: 0.0004952 seconds
[2022-06-13T03:38:27.921+0000][1][safepoint    ] Application time: 1.0001217 seconds
[2022-06-13T03:38:27.921+0000][1][safepoint    ] Entering safepoint region: Cleanup
[2022-06-13T03:38:27.922+0000][1][safepoint    ] Leaving safepoint region
[2022-06-13T03:38:27.922+0000][1][safepoint    ] Total time for which application threads were stopped: 0.0006286 seconds, Stopping threads took: 0.0003154 seconds
[2022-06-13T03:38:28.922+0000][1][safepoint    ] Application time: 1.0001942 seconds
[2022-06-13T03:38:28.923+0000][1][safepoint    ] Entering safepoint region: Cleanup
[2022-06-13T03:38:28.923+0000][1][safepoint    ] Leaving safepoint region
[2022-06-13T03:38:28.924+0000][1][safepoint    ] Total time for which application threads were stopped: 0.0007226 seconds, Stopping threads took: 0.0003666 seconds
[2022-06-13T03:38:29.924+0000][1][safepoint    ] Application time: 1.0001929 seconds
[2022-06-13T03:38:29.925+0000][1][safepoint    ] Entering safepoint region: Cleanup
[2022-06-13T03:38:29.926+0000][1][safepoint    ] Leaving safepoint region
[2022-06-13T03:38:29.926+0000][1][safepoint    ] Total time for which application threads were stopped: 0.0010719 seconds, Stopping threads took: 0.0005947 seconds
[2022-06-13T03:38:30.927+0000][1][safepoint    ] Application time: 1.0001878 seconds
[2022-06-13T03:38:30.927+0000][1][safepoint    ] Entering safepoint region: Cleanup
[2022-06-13T03:38:30.927+0000][1][safepoint    ] Leaving safepoint region
[2022-06-13T03:38:30.928+0000][1][safepoint    ] Total time for which application threads were stopped: 0.0006068 seconds, Stopping threads took: 0.0002301 seconds
[2022-06-13T03:38:31.928+0000][1][safepoint    ] Application time: 1.0002212 seconds
[2022-06-13T03:38:31.929+0000][1][safepoint    ] Entering safepoint region: Cleanup
[2022-06-13T03:38:31.929+0000][1][safepoint    ] Leaving safepoint region
[2022-06-13T03:38:31.930+0000][1][safepoint    ] Total time for which application threads were stopped: 0.0009090 seconds, Stopping threads took: 0.0005157 seconds
[2022-06-13T03:38:32.930+0000][1][safepoint    ] Application time: 1.0002186 seconds
[2022-06-13T03:38:32.931+0000][1][safepoint    ] Entering safepoint region: Cleanup
[2022-06-13T03:38:32.931+0000][1][safepoint    ] Leaving safepoint region
[2022-06-13T03:38:32.931+0000][1][safepoint    ] Total time for which application threads were stopped: 0.0005228 seconds, Stopping threads took: 0.0003081 seconds
[2022-06-13T03:38:33.932+0000][1][safepoint    ] Application time: 1.0001926 seconds
[2022-06-13T03:38:33.932+0000][1][safepoint    ] Entering safepoint region: Cleanup
[2022-06-13T03:38:33.933+0000][1][safepoint    ] Leaving safepoint region
[2022-06-13T03:38:33.933+0000][1][safepoint    ] Total time for which application threads were stopped: 0.0007915 seconds, Stopping threads took: 0.0003437 seconds
[2022-06-13T03:38:34.934+0000][1][safepoint    ] Application time: 1.0002456 seconds
[2022-06-13T03:38:34.934+0000][1][safepoint    ] Entering safepoint region: Cleanup
[2022-06-13T03:38:34.935+0000][1][safepoint    ] Leaving safepoint region
[2022-06-13T03:38:34.935+0000][1][safepoint    ] Total time for which application threads were stopped: 0.0007120 seconds, Stopping threads took: 0.0003161 seconds
[2022-06-13T03:38:35.935+0000][1][safepoint    ] Application time: 1.0001421 seconds
[2022-06-13T03:38:35.936+0000][1][safepoint    ] Entering safepoint region: Cleanup
[2022-06-13T03:38:35.936+0000][1][safepoint    ] Leaving safepoint region
[2022-06-13T03:38:35.937+0000][1][safepoint    ] Total time for which application threads were stopped: 0.0007341 seconds, Stopping threads took: 0.0003137 seconds
[2022-06-13T03:38:36.937+0000][1][safepoint    ] Application time: 1.0002092 seconds
[2022-06-13T03:38:36.952+0000][1][safepoint    ] Entering safepoint region: Cleanup
[2022-06-13T03:38:36.952+0000][1][safepoint    ] Leaving safepoint region
[2022-06-13T03:38:36.952+0000][1][safepoint    ] Total time for which application threads were stopped: 0.0007777 seconds, Stopping threads took: 0.0003863 seconds
[2022-06-13T03:38:37.953+0000][1][safepoint    ] Application time: 1.0001799 seconds
[2022-06-13T03:38:37.953+0000][1][safepoint    ] Entering safepoint region: Cleanup
[2022-06-13T03:38:37.954+0000][1][safepoint    ] Leaving safepoint region
[2022-06-13T03:38:37.954+0000][1][safepoint    ] Total time for which application threads were stopped: 0.0005758 seconds, Stopping threads took: 0.0002881 seconds
[2022-06-13T03:38:38.954+0000][1][safepoint    ] Application time: 1.0003309 seconds
[2022-06-13T03:38:38.955+0000][1][safepoint    ] Entering safepoint region: Cleanup
[2022-06-13T03:38:38.955+0000][1][safepoint    ] Leaving safepoint region
[2022-06-13T03:38:38.956+0000][1][safepoint    ] Total time for which application threads were stopped: 0.0008135 seconds, Stopping threads took: 0.0003721 seconds
[2022-06-13T03:38:39.956+0000][1][safepoint    ] Application time: 1.0003445 seconds
[2022-06-13T03:38:39.957+0000][1][safepoint    ] Entering safepoint region: Cleanup
[2022-06-13T03:38:39.958+0000][1][safepoint    ] Leaving safepoint region
[2022-06-13T03:38:39.959+0000][1][safepoint    ] Total time for which application threads were stopped: 0.0014475 seconds, Stopping threads took: 0.0006858 seconds
[2022-06-13T03:38:40.959+0000][1][safepoint    ] Application time: 1.0001861 seconds
[2022-06-13T03:38:40.960+0000][1][safepoint    ] Entering safepoint region: Cleanup
[2022-06-13T03:38:40.960+0000][1][safepoint    ] Leaving safepoint region
[2022-06-13T03:38:40.961+0000][1][safepoint    ] Total time for which application threads were stopped: 0.0006154 seconds, Stopping threads took: 0.0003224 seconds
[2022-06-13T03:38:41.961+0000][1][safepoint    ] Application time: 1.0002592 seconds
[2022-06-13T03:38:41.962+0000][1][safepoint    ] Entering safepoint region: Cleanup
[2022-06-13T03:38:41.963+0000][1][safepoint    ] Leaving safepoint region
[2022-06-13T03:38:41.963+0000][1][safepoint    ] Total time for which application threads were stopped: 0.0013102 seconds, Stopping threads took: 0.0005913 seconds
[2022-06-13T03:38:42.964+0000][1][safepoint    ] Application time: 1.0002137 seconds
[2022-06-13T03:38:42.965+0000][1][safepoint    ] Entering safepoint region: Cleanup
[2022-06-13T03:38:42.965+0000][1][safepoint    ] Leaving safepoint region
[2022-06-13T03:38:42.965+0000][1][safepoint    ] Total time for which application threads were stopped: 0.0006317 seconds, Stopping threads took: 0.0002337 seconds
[2022-06-13T03:38:43.966+0000][1][safepoint    ] Application time: 1.0002047 seconds
[2022-06-13T03:38:43.966+0000][1][safepoint    ] Entering safepoint region: Cleanup
[2022-06-13T03:38:43.966+0000][1][safepoint    ] Leaving safepoint region
[2022-06-13T03:38:43.967+0000][1][safepoint    ] Total time for which application threads were stopped: 0.0005508 seconds, Stopping threads took: 0.0002731 seconds
[2022-06-13T03:38:44.967+0000][1][safepoint    ] Application time: 1.0002482 seconds
[2022-06-13T03:38:44.968+0000][1][safepoint    ] Entering safepoint region: Cleanup
[2022-06-13T03:38:44.968+0000][1][safepoint    ] Leaving safepoint region
[2022-06-13T03:38:44.969+0000][1][safepoint    ] Total time for which application threads were stopped: 0.0010085 seconds, Stopping threads took: 0.0005029 seconds
[2022-06-13T03:38:45.969+0000][1][safepoint    ] Application time: 1.0003219 seconds
[2022-06-13T03:38:45.970+0000][1][safepoint    ] Entering safepoint region: Cleanup
[2022-06-13T03:38:45.970+0000][1][safepoint    ] Leaving safepoint region
[2022-06-13T03:38:45.971+0000][1][safepoint    ] Total time for which application threads were stopped: 0.0007507 seconds, Stopping threads took: 0.0003933 seconds
[2022-06-13T03:38:46.971+0000][1][safepoint    ] Application time: 1.0002942 seconds
[2022-06-13T03:38:46.972+0000][1][safepoint    ] Entering safepoint region: Cleanup
[2022-06-13T03:38:46.972+0000][1][safepoint    ] Leaving safepoint region
[2022-06-13T03:38:46.972+0000][1][safepoint    ] Total time for which application threads were stopped: 0.0002958 seconds, Stopping threads took: 0.0001393 seconds
[2022-06-13T03:38:47.972+0000][1][safepoint    ] Application time: 1.0002535 seconds
[2022-06-13T03:38:47.973+0000][1][safepoint    ] Entering safepoint region: Cleanup
[2022-06-13T03:38:47.974+0000][1][safepoint    ] Leaving safepoint region
[2022-06-13T03:38:47.975+0000][1][safepoint    ] Total time for which application threads were stopped: 0.0016030 seconds, Stopping threads took: 0.0007449 seconds
[2022-06-13T03:38:48.975+0000][1][safepoint    ] Application time: 1.0001237 seconds
[2022-06-13T03:38:48.976+0000][1][safepoint    ] Entering safepoint region: Cleanup
[2022-06-13T03:38:48.976+0000][1][safepoint    ] Leaving safepoint region
[2022-06-13T03:38:48.977+0000][1][safepoint    ] Total time for which application threads were stopped: 0.0007732 seconds, Stopping threads took: 0.0003279 seconds
[2022-06-13T03:38:49.977+0000][1][safepoint    ] Application time: 1.0001895 seconds
[2022-06-13T03:38:49.978+0000][1][safepoint    ] Entering safepoint region: Cleanup
[2022-06-13T03:38:49.978+0000][1][safepoint    ] Leaving safepoint region
[2022-06-13T03:38:49.978+0000][1][safepoint    ] Total time for which application threads were stopped: 0.0005952 seconds, Stopping threads took: 0.0002622 seconds
[2022-06-13T03:38:50.979+0000][1][safepoint    ] Application time: 1.0002591 seconds
[2022-06-13T03:38:50.979+0000][1][safepoint    ] Entering safepoint region: Cleanup
[2022-06-13T03:38:50.980+0000][1][safepoint    ] Leaving safepoint region
[2022-06-13T03:38:50.981+0000][1][safepoint    ] Total time for which application threads were stopped: 0.0013422 seconds, Stopping threads took: 0.0006009 seconds
[2022-06-13T03:38:51.982+0000][1][safepoint    ] Application time: 1.0002170 seconds
[2022-06-13T03:38:51.982+0000][1][safepoint    ] Entering safepoint region: Cleanup
[2022-06-13T03:38:51.983+0000][1][safepoint    ] Leaving safepoint region
[2022-06-13T03:38:51.983+0000][1][safepoint    ] Total time for which application threads were stopped: 0.0008691 seconds, Stopping threads took: 0.0003673 seconds
[2022-06-13T03:38:53.911+0000][1][safepoint    ] Application time: 1.9274572 seconds
[2022-06-13T03:38:53.911+0000][1][safepoint    ] Entering safepoint region: Cleanup
[2022-06-13T03:38:53.911+0000][1][safepoint    ] Leaving safepoint region
[2022-06-13T03:38:53.912+0000][1][safepoint    ] Total time for which application threads were stopped: 0.0006933 seconds, Stopping threads took: 0.0003705 seconds
[2022-06-13T03:38:54.912+0000][1][safepoint    ] Application time: 1.0001665 seconds
[2022-06-13T03:38:54.913+0000][1][safepoint    ] Entering safepoint region: Cleanup
[2022-06-13T03:38:54.913+0000][1][safepoint    ] Leaving safepoint region
[2022-06-13T03:38:54.914+0000][1][safepoint    ] Total time for which application threads were stopped: 0.0008541 seconds, Stopping threads took: 0.0004274 seconds
[2022-06-13T03:38:55.914+0000][1][safepoint    ] Application time: 1.0003095 seconds
[2022-06-13T03:38:55.915+0000][1][safepoint    ] Entering safepoint region: Cleanup
[2022-06-13T03:38:55.915+0000][1][safepoint    ] Leaving safepoint region
[2022-06-13T03:38:55.915+0000][1][safepoint    ] Total time for which application threads were stopped: 0.0007284 seconds, Stopping threads took: 0.0003888 seconds
[2022-06-13T03:38:56.916+0000][1][safepoint    ] Application time: 1.0001989 seconds
[2022-06-13T03:38:56.916+0000][1][safepoint    ] Entering safepoint region: Cleanup
[2022-06-13T03:38:56.917+0000][1][safepoint    ] Leaving safepoint region
[2022-06-13T03:38:56.917+0000][1][safepoint    ] Total time for which application threads were stopped: 0.0011910 seconds, Stopping threads took: 0.0005166 seconds
[2022-06-13T03:38:57.918+0000][1][safepoint    ] Application time: 1.0002025 seconds
[2022-06-13T03:38:57.919+0000][1][safepoint    ] Entering safepoint region: Cleanup
[2022-06-13T03:38:57.920+0000][1][safepoint    ] Leaving safepoint region
[2022-06-13T03:38:57.920+0000][1][safepoint    ] Total time for which application threads were stopped: 0.0011680 seconds, Stopping threads took: 0.0005693 seconds
[2022-06-13T03:38:58.920+0000][1][safepoint    ] Application time: 1.0001880 seconds
[2022-06-13T03:38:58.921+0000][1][safepoint    ] Entering safepoint region: Cleanup
[2022-06-13T03:38:58.921+0000][1][safepoint    ] Leaving safepoint region
[2022-06-13T03:38:58.921+0000][1][safepoint    ] Total time for which application threads were stopped: 0.0005793 seconds, Stopping threads took: 0.0002213 seconds
[2022-06-13T03:38:59.922+0000][1][safepoint    ] Application time: 1.0001747 seconds
[2022-06-13T03:38:59.922+0000][1][safepoint    ] Entering safepoint region: Cleanup
[2022-06-13T03:38:59.923+0000][1][safepoint    ] Leaving safepoint region
[2022-06-13T03:38:59.923+0000][1][safepoint    ] Total time for which application threads were stopped: 0.0007087 seconds, Stopping threads took: 0.0003373 seconds
[2022-06-13T03:39:00.923+0000][1][safepoint    ] Application time: 1.0001798 seconds
[2022-06-13T03:39:00.924+0000][1][safepoint    ] Entering safepoint region: Cleanup
[2022-06-13T03:39:00.924+0000][1][safepoint    ] Leaving safepoint region
[2022-06-13T03:39:00.925+0000][1][safepoint    ] Total time for which application threads were stopped: 0.0010939 seconds, Stopping threads took: 0.0005564 seconds
[2022-06-13T03:39:01.926+0000][1][safepoint    ] Application time: 1.0001994 seconds
[2022-06-13T03:39:01.926+0000][1][safepoint    ] Entering safepoint region: Cleanup
[2022-06-13T03:39:01.927+0000][1][safepoint    ] Leaving safepoint region
[2022-06-13T03:39:01.927+0000][1][safepoint    ] Total time for which application threads were stopped: 0.0008592 seconds, Stopping threads took: 0.0003002 seconds
[2022-06-13T03:39:02.928+0000][1][safepoint    ] Application time: 1.0002099 seconds
[2022-06-13T03:39:02.929+0000][1][safepoint    ] Entering safepoint region: Cleanup
[2022-06-13T03:39:02.929+0000][1][safepoint    ] Leaving safepoint region
[2022-06-13T03:39:02.930+0000][1][safepoint    ] Total time for which application threads were stopped: 0.0016576 seconds, Stopping threads took: 0.0006760 seconds
[2022-06-13T03:39:03.931+0000][1][safepoint    ] Application time: 1.0002832 seconds
[2022-06-13T03:39:03.931+0000][1][safepoint    ] Entering safepoint region: Cleanup
[2022-06-13T03:39:03.931+0000][1][safepoint    ] Leaving safepoint region
[2022-06-13T03:39:03.932+0000][1][safepoint    ] Total time for which application threads were stopped: 0.0006712 seconds, Stopping threads took: 0.0002417 seconds
[2022-06-13T03:39:04.932+0000][1][safepoint    ] Application time: 1.0001947 seconds
[2022-06-13T03:39:04.933+0000][1][safepoint    ] Entering safepoint region: Cleanup
[2022-06-13T03:39:04.933+0000][1][safepoint    ] Leaving safepoint region
[2022-06-13T03:39:04.934+0000][1][safepoint    ] Total time for which application threads were stopped: 0.0006635 seconds, Stopping threads took: 0.0002187 seconds
[2022-06-13T03:39:05.934+0000][1][safepoint    ] Application time: 1.0002523 seconds
[2022-06-13T03:39:05.935+0000][1][safepoint    ] Entering safepoint region: Cleanup
[2022-06-13T03:39:05.935+0000][1][safepoint    ] Leaving safepoint region
[2022-06-13T03:39:05.935+0000][1][safepoint    ] Total time for which application threads were stopped: 0.0005752 seconds, Stopping threads took: 0.0002750 seconds
[2022-06-13T03:39:06.936+0000][1][safepoint    ] Application time: 1.0001830 seconds
[2022-06-13T03:39:06.936+0000][1][safepoint    ] Entering safepoint region: Cleanup
[2022-06-13T03:39:06.936+0000][1][safepoint    ] Leaving safepoint region
[2022-06-13T03:39:06.937+0000][1][safepoint    ] Total time for which application threads were stopped: 0.0009136 seconds, Stopping threads took: 0.0003950 seconds
[2022-06-13T03:39:07.937+0000][1][safepoint    ] Application time: 1.0002316 seconds
[2022-06-13T03:39:07.938+0000][1][safepoint    ] Entering safepoint region: Cleanup
[2022-06-13T03:39:07.938+0000][1][safepoint    ] Leaving safepoint region
[2022-06-13T03:39:07.938+0000][1][safepoint    ] Total time for which application threads were stopped: 0.0007178 seconds, Stopping threads took: 0.0004051 seconds
[2022-06-13T03:39:08.939+0000][1][safepoint    ] Application time: 1.0001990 seconds
[2022-06-13T03:39:08.939+0000][1][safepoint    ] Entering safepoint region: Cleanup
[2022-06-13T03:39:08.939+0000][1][safepoint    ] Leaving safepoint region
[2022-06-13T03:39:08.940+0000][1][safepoint    ] Total time for which application threads were stopped: 0.0003935 seconds, Stopping threads took: 0.0001840 seconds
[2022-06-13T03:39:09.940+0000][1][safepoint    ] Application time: 1.0002206 seconds
[2022-06-13T03:39:09.940+0000][1][safepoint    ] Entering safepoint region: Cleanup
[2022-06-13T03:39:09.941+0000][1][safepoint    ] Leaving safepoint region
[2022-06-13T03:39:09.941+0000][1][safepoint    ] Total time for which application threads were stopped: 0.0006447 seconds, Stopping threads took: 0.0003738 seconds
[2022-06-13T03:39:10.942+0000][1][safepoint    ] Application time: 1.0003769 seconds
[2022-06-13T03:39:10.942+0000][1][safepoint    ] Entering safepoint region: Cleanup
[2022-06-13T03:39:10.943+0000][1][safepoint    ] Leaving safepoint region
[2022-06-13T03:39:10.943+0000][1][safepoint    ] Total time for which application threads were stopped: 0.0011894 seconds, Stopping threads took: 0.0005607 seconds
[2022-06-13T03:39:11.944+0000][1][safepoint    ] Application time: 1.0004032 seconds
[2022-06-13T03:39:11.945+0000][1][safepoint    ] Entering safepoint region: Cleanup
[2022-06-13T03:39:11.945+0000][1][safepoint    ] Leaving safepoint region
[2022-06-13T03:39:11.946+0000][1][safepoint    ] Total time for which application threads were stopped: 0.0009976 seconds, Stopping threads took: 0.0003815 seconds
[2022-06-13T03:39:12.947+0000][1][safepoint    ] Application time: 1.0002708 seconds
[2022-06-13T03:39:12.947+0000][1][safepoint    ] Entering safepoint region: Cleanup
[2022-06-13T03:39:12.948+0000][1][safepoint    ] Leaving safepoint region
[2022-06-13T03:39:12.948+0000][1][safepoint    ] Total time for which application threads were stopped: 0.0010108 seconds, Stopping threads took: 0.0004351 seconds
[2022-06-13T03:39:13.949+0000][1][safepoint    ] Application time: 1.0002664 seconds
[2022-06-13T03:39:13.950+0000][1][safepoint    ] Entering safepoint region: Cleanup
[2022-06-13T03:39:13.950+0000][1][safepoint    ] Leaving safepoint region
[2022-06-13T03:39:13.950+0000][1][safepoint    ] Total time for which application threads were stopped: 0.0009204 seconds, Stopping threads took: 0.0003274 seconds
[2022-06-13T03:39:14.951+0000][1][safepoint    ] Application time: 1.0002426 seconds
[2022-06-13T03:39:14.952+0000][1][safepoint    ] Entering safepoint region: Cleanup
[2022-06-13T03:39:14.952+0000][1][safepoint    ] Leaving safepoint region
[2022-06-13T03:39:14.953+0000][1][safepoint    ] Total time for which application threads were stopped: 0.0011346 seconds, Stopping threads took: 0.0005154 seconds
[2022-06-13T03:39:15.953+0000][1][safepoint    ] Application time: 1.0002763 seconds
[2022-06-13T03:39:15.954+0000][1][safepoint    ] Entering safepoint region: Cleanup
[2022-06-13T03:39:15.955+0000][1][safepoint    ] Leaving safepoint region
[2022-06-13T03:39:15.955+0000][1][safepoint    ] Total time for which application threads were stopped: 0.0012878 seconds, Stopping threads took: 0.0005888 seconds
[2022-06-13T03:39:16.956+0000][1][safepoint    ] Application time: 1.0002948 seconds
[2022-06-13T03:39:16.957+0000][1][safepoint    ] Entering safepoint region: Cleanup
[2022-06-13T03:39:16.957+0000][1][safepoint    ] Leaving safepoint region
[2022-06-13T03:39:16.958+0000][1][safepoint    ] Total time for which application threads were stopped: 0.0007753 seconds, Stopping threads took: 0.0003000 seconds
[2022-06-13T03:39:17.958+0000][1][safepoint    ] Application time: 1.0002354 seconds
[2022-06-13T03:39:17.959+0000][1][safepoint    ] Entering safepoint region: Cleanup
[2022-06-13T03:39:17.959+0000][1][safepoint    ] Leaving safepoint region
[2022-06-13T03:39:17.959+0000][1][safepoint    ] Total time for which application threads were stopped: 0.0006717 seconds, Stopping threads took: 0.0002957 seconds
[2022-06-13T03:39:18.960+0000][1][safepoint    ] Application time: 1.0001470 seconds
[2022-06-13T03:39:18.960+0000][1][safepoint    ] Entering safepoint region: Cleanup
[2022-06-13T03:39:18.961+0000][1][safepoint    ] Leaving safepoint region
[2022-06-13T03:39:18.961+0000][1][safepoint    ] Total time for which application threads were stopped: 0.0008071 seconds, Stopping threads took: 0.0003657 seconds
[2022-06-13T03:39:19.961+0000][1][safepoint    ] Application time: 1.0001232 seconds
[2022-06-13T03:39:19.962+0000][1][safepoint    ] Entering safepoint region: Cleanup
[2022-06-13T03:39:19.962+0000][1][safepoint    ] Leaving safepoint region
[2022-06-13T03:39:19.962+0000][1][safepoint    ] Total time for which application threads were stopped: 0.0004528 seconds, Stopping threads took: 0.0002545 seconds
[2022-06-13T03:39:20.963+0000][1][safepoint    ] Application time: 1.0001156 seconds
[2022-06-13T03:39:20.963+0000][1][safepoint    ] Entering safepoint region: Cleanup
[2022-06-13T03:39:20.964+0000][1][safepoint    ] Leaving safepoint region
[2022-06-13T03:39:20.964+0000][1][safepoint    ] Total time for which application threads were stopped: 0.0006571 seconds, Stopping threads took: 0.0003484 seconds
[2022-06-13T03:39:21.964+0000][1][safepoint    ] Application time: 1.0001844 seconds
[2022-06-13T03:39:21.965+0000][1][safepoint    ] Entering safepoint region: Cleanup
[2022-06-13T03:39:21.966+0000][1][safepoint    ] Leaving safepoint region
[2022-06-13T03:39:21.966+0000][1][safepoint    ] Total time for which application threads were stopped: 0.0008846 seconds, Stopping threads took: 0.0005279 seconds
[2022-06-13T03:39:22.966+0000][1][safepoint    ] Application time: 1.0001990 seconds
[2022-06-13T03:39:22.967+0000][1][safepoint    ] Entering safepoint region: Cleanup
[2022-06-13T03:39:22.967+0000][1][safepoint    ] Leaving safepoint region
[2022-06-13T03:39:22.967+0000][1][safepoint    ] Total time for which application threads were stopped: 0.0005194 seconds, Stopping threads took: 0.0002408 seconds
[2022-06-13T03:39:23.968+0000][1][safepoint    ] Application time: 1.0003254 seconds
[2022-06-13T03:39:23.968+0000][1][safepoint    ] Entering safepoint region: Cleanup
[2022-06-13T03:39:23.969+0000][1][safepoint    ] Leaving safepoint region
[2022-06-13T03:39:23.969+0000][1][safepoint    ] Total time for which application threads were stopped: 0.0008346 seconds, Stopping threads took: 0.0003406 seconds
[2022-06-13T03:39:23.970+0000][1][safepoint    ] Application time: 0.0001732 seconds
[2022-06-13T03:39:23.970+0000][1][safepoint    ] Entering safepoint region: GenCollectForAllocation
[2022-06-13T03:39:23.970+0000][1][gc,start     ] GC(25) Pause Young (Allocation Failure)
[2022-06-13T03:39:23.970+0000][1][gc,task      ] GC(25) Using 5 workers of 13 for evacuation
[2022-06-13T03:39:23.973+0000][1][gc,age       ] GC(25) Desired survivor size 4456448 bytes, new threshold 6 (max threshold 6)
[2022-06-13T03:39:23.973+0000][1][gc,age       ] GC(25) Age table with threshold 6 (max threshold 6)
[2022-06-13T03:39:23.974+0000][1][gc,age       ] GC(25) - age   1:       6816 bytes,       6816 total
[2022-06-13T03:39:23.974+0000][1][gc,age       ] GC(25) - age   2:      12560 bytes,      19376 total
[2022-06-13T03:39:23.975+0000][1][gc,age       ] GC(25) - age   3:      90192 bytes,     109568 total
[2022-06-13T03:39:23.975+0000][1][gc,age       ] GC(25) - age   4:    2624880 bytes,    2734448 total
[2022-06-13T03:39:23.975+0000][1][gc,heap      ] GC(25) ParNew: 73961K->3774K(78656K)
[2022-06-13T03:39:23.976+0000][1][gc,heap      ] GC(25) CMS: 67584K->67584K(174784K)
[2022-06-13T03:39:23.976+0000][1][gc,metaspace ] GC(25) Metaspace: 68085K->68085K(1112064K)
[2022-06-13T03:39:23.976+0000][1][gc           ] GC(25) Pause Young (Allocation Failure) 138M->69M(247M) 6.402ms
[2022-06-13T03:39:23.977+0000][1][gc,cpu       ] GC(25) User=0.01s Sys=0.00s Real=0.00s
[2022-06-13T03:39:23.977+0000][1][safepoint    ] Leaving safepoint region
[2022-06-13T03:39:23.977+0000][1][safepoint    ] Total time for which application threads were stopped: 0.0076149 seconds, Stopping threads took: 0.0002031 seconds
[2022-06-13T03:39:24.978+0000][1][safepoint    ] Application time: 1.0001921 seconds
[2022-06-13T03:39:24.979+0000][1][safepoint    ] Entering safepoint region: Cleanup
[2022-06-13T03:39:24.980+0000][1][safepoint    ] Leaving safepoint region
[2022-06-13T03:39:24.980+0000][1][safepoint    ] Total time for which application threads were stopped: 0.0014312 seconds, Stopping threads took: 0.0010610 seconds
[2022-06-13T03:39:25.980+0000][1][safepoint    ] Application time: 1.0002876 seconds
[2022-06-13T03:39:25.981+0000][1][safepoint    ] Entering safepoint region: Cleanup
[2022-06-13T03:39:25.981+0000][1][safepoint    ] Leaving safepoint region
[2022-06-13T03:39:25.982+0000][1][safepoint    ] Total time for which application threads were stopped: 0.0007921 seconds, Stopping threads took: 0.0004136 seconds
[2022-06-13T03:39:26.982+0000][1][safepoint    ] Application time: 1.0003167 seconds
[2022-06-13T03:39:26.983+0000][1][safepoint    ] Entering safepoint region: Cleanup
[2022-06-13T03:39:26.983+0000][1][safepoint    ] Leaving safepoint region
[2022-06-13T03:39:26.983+0000][1][safepoint    ] Total time for which application threads were stopped: 0.0007536 seconds, Stopping threads took: 0.0003468 seconds
[2022-06-13T03:39:27.984+0000][1][safepoint    ] Application time: 1.0003434 seconds
[2022-06-13T03:39:27.985+0000][1][safepoint    ] Entering safepoint region: Cleanup
[2022-06-13T03:39:27.985+0000][1][safepoint    ] Leaving safepoint region
[2022-06-13T03:39:27.986+0000][1][safepoint    ] Total time for which application threads were stopped: 0.0011133 seconds, Stopping threads took: 0.0005857 seconds
[2022-06-13T03:39:28.986+0000][1][safepoint    ] Application time: 1.0002820 seconds
[2022-06-13T03:39:28.987+0000][1][safepoint    ] Entering safepoint region: Cleanup
[2022-06-13T03:39:28.988+0000][1][safepoint    ] Leaving safepoint region
[2022-06-13T03:39:28.988+0000][1][safepoint    ] Total time for which application threads were stopped: 0.0010528 seconds, Stopping threads took: 0.0004745 seconds
[2022-06-13T03:39:29.989+0000][1][safepoint    ] Application time: 1.0002433 seconds
[2022-06-13T03:39:29.989+0000][1][safepoint    ] Entering safepoint region: Cleanup
[2022-06-13T03:39:29.990+0000][1][safepoint    ] Leaving safepoint region
[2022-06-13T03:39:29.990+0000][1][safepoint    ] Total time for which application threads were stopped: 0.0009024 seconds, Stopping threads took: 0.0004094 seconds
[2022-06-13T03:39:30.991+0000][1][safepoint    ] Application time: 1.0003461 seconds
[2022-06-13T03:39:30.991+0000][1][safepoint    ] Entering safepoint region: Cleanup
[2022-06-13T03:39:30.992+0000][1][safepoint    ] Leaving safepoint region
[2022-06-13T03:39:30.992+0000][1][safepoint    ] Total time for which application threads were stopped: 0.0008506 seconds, Stopping threads took: 0.0004300 seconds
[2022-06-13T03:39:31.993+0000][1][safepoint    ] Application time: 1.0002176 seconds
[2022-06-13T03:39:31.993+0000][1][safepoint    ] Entering safepoint region: Cleanup
[2022-06-13T03:39:31.993+0000][1][safepoint    ] Leaving safepoint region
[2022-06-13T03:39:31.994+0000][1][safepoint    ] Total time for which application threads were stopped: 0.0005623 seconds, Stopping threads took: 0.0002466 seconds
[2022-06-13T03:39:32.994+0000][1][safepoint    ] Application time: 1.0002484 seconds
[2022-06-13T03:39:32.995+0000][1][safepoint    ] Entering safepoint region: Cleanup
[2022-06-13T03:39:32.995+0000][1][safepoint    ] Leaving safepoint region
[2022-06-13T03:39:32.996+0000][1][safepoint    ] Total time for which application threads were stopped: 0.0012072 seconds, Stopping threads took: 0.0005918 seconds
[2022-06-13T03:39:33.997+0000][1][safepoint    ] Application time: 1.0002481 seconds
[2022-06-13T03:39:33.997+0000][1][safepoint    ] Entering safepoint region: Cleanup
[2022-06-13T03:39:33.998+0000][1][safepoint    ] Leaving safepoint region
[2022-06-13T03:39:33.998+0000][1][safepoint    ] Total time for which application threads were stopped: 0.0007506 seconds, Stopping threads took: 0.0003147 seconds
[2022-06-13T03:39:34.998+0000][1][safepoint    ] Application time: 1.0001628 seconds
[2022-06-13T03:39:34.999+0000][1][safepoint    ] Entering safepoint region: Cleanup
[2022-06-13T03:39:35.000+0000][1][safepoint    ] Leaving safepoint region
[2022-06-13T03:39:35.000+0000][1][safepoint    ] Total time for which application threads were stopped: 0.0009572 seconds, Stopping threads took: 0.0005102 seconds
[2022-06-13T03:39:36.001+0000][1][safepoint    ] Application time: 1.0002198 seconds
[2022-06-13T03:39:36.001+0000][1][safepoint    ] Entering safepoint region: Cleanup
[2022-06-13T03:39:36.002+0000][1][safepoint    ] Leaving safepoint region
[2022-06-13T03:39:36.002+0000][1][safepoint    ] Total time for which application threads were stopped: 0.0011600 seconds, Stopping threads took: 0.0007710 seconds
[2022-06-13T03:39:37.003+0000][1][safepoint    ] Application time: 1.0002646 seconds
[2022-06-13T03:39:37.003+0000][1][safepoint    ] Entering safepoint region: Cleanup
[2022-06-13T03:39:37.004+0000][1][safepoint    ] Leaving safepoint region
[2022-06-13T03:39:37.004+0000][1][safepoint    ] Total time for which application threads were stopped: 0.0010779 seconds, Stopping threads took: 0.0005049 seconds
[2022-06-13T03:39:38.005+0000][1][safepoint    ] Application time: 1.0002714 seconds
[2022-06-13T03:39:38.006+0000][1][safepoint    ] Entering safepoint region: Cleanup
[2022-06-13T03:39:38.006+0000][1][safepoint    ] Leaving safepoint region
[2022-06-13T03:39:38.007+0000][1][safepoint    ] Total time for which application threads were stopped: 0.0008375 seconds, Stopping threads took: 0.0003522 seconds
[2022-06-13T03:39:39.007+0000][1][safepoint    ] Application time: 1.0001725 seconds
[2022-06-13T03:39:39.007+0000][1][safepoint    ] Entering safepoint region: Cleanup
[2022-06-13T03:39:39.008+0000][1][safepoint    ] Leaving safepoint region
[2022-06-13T03:39:39.008+0000][1][safepoint    ] Total time for which application threads were stopped: 0.0006900 seconds, Stopping threads took: 0.0002334 seconds
[2022-06-13T03:39:40.009+0000][1][safepoint    ] Application time: 1.0001361 seconds
[2022-06-13T03:39:40.009+0000][1][safepoint    ] Entering safepoint region: Cleanup
[2022-06-13T03:39:40.010+0000][1][safepoint    ] Leaving safepoint region
[2022-06-13T03:39:40.010+0000][1][safepoint    ] Total time for which application threads were stopped: 0.0007579 seconds, Stopping threads took: 0.0004478 seconds
[2022-06-13T03:39:41.010+0000][1][safepoint    ] Application time: 1.0003628 seconds
[2022-06-13T03:39:41.011+0000][1][safepoint    ] Entering safepoint region: Cleanup
[2022-06-13T03:39:41.011+0000][1][safepoint    ] Leaving safepoint region
[2022-06-13T03:39:41.011+0000][1][safepoint    ] Total time for which application threads were stopped: 0.0005556 seconds, Stopping threads took: 0.0001876 seconds
[2022-06-13T03:39:42.012+0000][1][safepoint    ] Application time: 1.0001539 seconds
[2022-06-13T03:39:42.012+0000][1][safepoint    ] Entering safepoint region: Cleanup
[2022-06-13T03:39:42.012+0000][1][safepoint    ] Leaving safepoint region
[2022-06-13T03:39:42.013+0000][1][safepoint    ] Total time for which application threads were stopped: 0.0007316 seconds, Stopping threads took: 0.0002375 seconds
[2022-06-13T03:39:43.013+0000][1][safepoint    ] Application time: 1.0001165 seconds
[2022-06-13T03:39:43.014+0000][1][safepoint    ] Entering safepoint region: Cleanup
[2022-06-13T03:39:43.014+0000][1][safepoint    ] Leaving safepoint region
[2022-06-13T03:39:43.015+0000][1][safepoint    ] Total time for which application threads were stopped: 0.0009989 seconds, Stopping threads took: 0.0004972 seconds
[2022-06-13T03:39:44.015+0000][1][safepoint    ] Application time: 1.0003100 seconds
[2022-06-13T03:39:44.016+0000][1][safepoint    ] Entering safepoint region: Cleanup
[2022-06-13T03:39:44.016+0000][1][safepoint    ] Leaving safepoint region
[2022-06-13T03:39:44.017+0000][1][safepoint    ] Total time for which application threads were stopped: 0.0008033 seconds, Stopping threads took: 0.0004210 seconds
[2022-06-13T03:39:45.017+0000][1][safepoint    ] Application time: 1.0001808 seconds
[2022-06-13T03:39:45.017+0000][1][safepoint    ] Entering safepoint region: Cleanup
[2022-06-13T03:39:45.018+0000][1][safepoint    ] Leaving safepoint region
[2022-06-13T03:39:45.018+0000][1][safepoint    ] Total time for which application threads were stopped: 0.0008967 seconds, Stopping threads took: 0.0004502 seconds
[2022-06-13T03:39:46.019+0000][1][safepoint    ] Application time: 1.0003581 seconds
[2022-06-13T03:39:46.020+0000][1][safepoint    ] Entering safepoint region: Cleanup
[2022-06-13T03:39:46.020+0000][1][safepoint    ] Leaving safepoint region
[2022-06-13T03:39:46.021+0000][1][safepoint    ] Total time for which application threads were stopped: 0.0010940 seconds, Stopping threads took: 0.0004316 seconds
[2022-06-13T03:39:47.021+0000][1][safepoint    ] Application time: 1.0002300 seconds
[2022-06-13T03:39:47.022+0000][1][safepoint    ] Entering safepoint region: Cleanup
[2022-06-13T03:39:47.022+0000][1][safepoint    ] Leaving safepoint region
[2022-06-13T03:39:47.022+0000][1][safepoint    ] Total time for which application threads were stopped: 0.0006640 seconds, Stopping threads took: 0.0001938 seconds
[2022-06-13T03:39:48.023+0000][1][safepoint    ] Application time: 1.0001293 seconds
[2022-06-13T03:39:48.023+0000][1][safepoint    ] Entering safepoint region: Cleanup
[2022-06-13T03:39:48.024+0000][1][safepoint    ] Leaving safepoint region
[2022-06-13T03:39:48.024+0000][1][safepoint    ] Total time for which application threads were stopped: 0.0008543 seconds, Stopping threads took: 0.0004907 seconds
[2022-06-13T03:39:49.025+0000][1][safepoint    ] Application time: 1.0003125 seconds
[2022-06-13T03:39:49.025+0000][1][safepoint    ] Entering safepoint region: Cleanup
[2022-06-13T03:39:49.026+0000][1][safepoint    ] Leaving safepoint region
[2022-06-13T03:39:49.026+0000][1][safepoint    ] Total time for which application threads were stopped: 0.0010766 seconds, Stopping threads took: 0.0004057 seconds
[2022-06-13T03:39:50.027+0000][1][safepoint    ] Application time: 1.0001498 seconds
[2022-06-13T03:39:50.027+0000][1][safepoint    ] Entering safepoint region: Cleanup
[2022-06-13T03:39:50.028+0000][1][safepoint    ] Leaving safepoint region
[2022-06-13T03:39:50.028+0000][1][safepoint    ] Total time for which application threads were stopped: 0.0006508 seconds, Stopping threads took: 0.0002982 seconds
[2022-06-13T03:39:51.028+0000][1][safepoint    ] Application time: 1.0002067 seconds
[2022-06-13T03:39:51.029+0000][1][safepoint    ] Entering safepoint region: Cleanup
[2022-06-13T03:39:51.029+0000][1][safepoint    ] Leaving safepoint region
[2022-06-13T03:39:51.030+0000][1][safepoint    ] Total time for which application threads were stopped: 0.0009798 seconds, Stopping threads took: 0.0004222 seconds
[2022-06-13T03:39:52.031+0000][1][safepoint    ] Application time: 1.0003617 seconds
[2022-06-13T03:39:52.031+0000][1][safepoint    ] Entering safepoint region: Cleanup
[2022-06-13T03:39:52.031+0000][1][safepoint    ] Leaving safepoint region
[2022-06-13T03:39:52.031+0000][1][safepoint    ] Total time for which application threads were stopped: 0.0004054 seconds, Stopping threads took: 0.0001329 seconds
[2022-06-13T03:39:53.032+0000][1][safepoint    ] Application time: 1.0003317 seconds
[2022-06-13T03:39:53.033+0000][1][safepoint    ] Entering safepoint region: Cleanup
[2022-06-13T03:39:53.033+0000][1][safepoint    ] Leaving safepoint region
[2022-06-13T03:39:53.034+0000][1][safepoint    ] Total time for which application threads were stopped: 0.0009996 seconds, Stopping threads took: 0.0004503 seconds
[2022-06-13T03:39:54.034+0000][1][safepoint    ] Application time: 1.0001337 seconds
[2022-06-13T03:39:54.035+0000][1][safepoint    ] Entering safepoint region: Cleanup
[2022-06-13T03:39:54.035+0000][1][safepoint    ] Leaving safepoint region
[2022-06-13T03:39:54.036+0000][1][safepoint    ] Total time for which application threads were stopped: 0.0007163 seconds, Stopping threads took: 0.0001594 seconds
[2022-06-13T03:39:55.036+0000][1][safepoint    ] Application time: 1.0001022 seconds
[2022-06-13T03:39:55.037+0000][1][safepoint    ] Entering safepoint region: Cleanup
[2022-06-13T03:39:55.037+0000][1][safepoint    ] Leaving safepoint region
[2022-06-13T03:39:55.038+0000][1][safepoint    ] Total time for which application threads were stopped: 0.0008888 seconds, Stopping threads took: 0.0003877 seconds
[2022-06-13T03:39:56.039+0000][1][safepoint    ] Application time: 1.0002777 seconds
[2022-06-13T03:39:56.039+0000][1][safepoint    ] Entering safepoint region: Cleanup
[2022-06-13T03:39:56.039+0000][1][safepoint    ] Leaving safepoint region
[2022-06-13T03:39:56.040+0000][1][safepoint    ] Total time for which application threads were stopped: 0.0006973 seconds, Stopping threads took: 0.0002903 seconds
[2022-06-13T03:39:57.040+0000][1][safepoint    ] Application time: 1.0002345 seconds
[2022-06-13T03:39:57.040+0000][1][safepoint    ] Entering safepoint region: Cleanup
[2022-06-13T03:39:57.041+0000][1][safepoint    ] Leaving safepoint region
[2022-06-13T03:39:57.041+0000][1][safepoint    ] Total time for which application threads were stopped: 0.0006288 seconds, Stopping threads took: 0.0003304 seconds
[2022-06-13T03:39:58.042+0000][1][safepoint    ] Application time: 1.0003669 seconds
[2022-06-13T03:39:58.042+0000][1][safepoint    ] Entering safepoint region: Cleanup
[2022-06-13T03:39:58.043+0000][1][safepoint    ] Leaving safepoint region
[2022-06-13T03:39:58.043+0000][1][safepoint    ] Total time for which application threads were stopped: 0.0012416 seconds, Stopping threads took: 0.0004856 seconds
[2022-06-13T03:39:59.044+0000][1][safepoint    ] Application time: 1.0003169 seconds
[2022-06-13T03:39:59.045+0000][1][safepoint    ] Entering safepoint region: Cleanup
[2022-06-13T03:39:59.045+0000][1][safepoint    ] Leaving safepoint region
[2022-06-13T03:39:59.046+0000][1][safepoint    ] Total time for which application threads were stopped: 0.0007637 seconds, Stopping threads took: 0.0003063 seconds
[2022-06-13T03:40:00.046+0000][1][safepoint    ] Application time: 1.0001697 seconds
[2022-06-13T03:40:00.047+0000][1][safepoint    ] Entering safepoint region: Cleanup
[2022-06-13T03:40:00.047+0000][1][safepoint    ] Leaving safepoint region
[2022-06-13T03:40:00.047+0000][1][safepoint    ] Total time for which application threads were stopped: 0.0007070 seconds, Stopping threads took: 0.0003376 seconds
[2022-06-13T03:40:01.048+0000][1][safepoint    ] Application time: 1.0001788 seconds
[2022-06-13T03:40:01.048+0000][1][safepoint    ] Entering safepoint region: Cleanup
[2022-06-13T03:40:01.049+0000][1][safepoint    ] Leaving safepoint region
[2022-06-13T03:40:01.049+0000][1][safepoint    ] Total time for which application threads were stopped: 0.0010477 seconds, Stopping threads took: 0.0004768 seconds
[2022-06-13T03:40:02.050+0000][1][safepoint    ] Application time: 1.0004015 seconds
[2022-06-13T03:40:02.051+0000][1][safepoint    ] Entering safepoint region: Cleanup
[2022-06-13T03:40:02.051+0000][1][safepoint    ] Leaving safepoint region
[2022-06-13T03:40:02.052+0000][1][safepoint    ] Total time for which application threads were stopped: 0.0008496 seconds, Stopping threads took: 0.0003377 seconds
[2022-06-13T03:40:03.052+0000][1][safepoint    ] Application time: 1.0002712 seconds
[2022-06-13T03:40:03.053+0000][1][safepoint    ] Entering safepoint region: Cleanup
[2022-06-13T03:40:03.053+0000][1][safepoint    ] Leaving safepoint region
[2022-06-13T03:40:03.054+0000][1][safepoint    ] Total time for which application threads were stopped: 0.0008447 seconds, Stopping threads took: 0.0003244 seconds
[2022-06-13T03:40:04.054+0000][1][safepoint    ] Application time: 1.0002402 seconds
[2022-06-13T03:40:04.055+0000][1][safepoint    ] Entering safepoint region: Cleanup
[2022-06-13T03:40:04.055+0000][1][safepoint    ] Leaving safepoint region
[2022-06-13T03:40:04.055+0000][1][safepoint    ] Total time for which application threads were stopped: 0.0007498 seconds, Stopping threads took: 0.0004493 seconds
[2022-06-13T03:40:05.056+0000][1][safepoint    ] Application time: 1.0001706 seconds
[2022-06-13T03:40:05.056+0000][1][safepoint    ] Entering safepoint region: Cleanup
[2022-06-13T03:40:05.057+0000][1][safepoint    ] Leaving safepoint region
[2022-06-13T03:40:05.057+0000][1][safepoint    ] Total time for which application threads were stopped: 0.0006187 seconds, Stopping threads took: 0.0003013 seconds
[2022-06-13T03:40:06.058+0000][1][safepoint    ] Application time: 1.0002333 seconds
[2022-06-13T03:40:06.058+0000][1][safepoint    ] Entering safepoint region: Cleanup
[2022-06-13T03:40:06.059+0000][1][safepoint    ] Leaving safepoint region
[2022-06-13T03:40:06.059+0000][1][safepoint    ] Total time for which application threads were stopped: 0.0008221 seconds, Stopping threads took: 0.0004876 seconds
[2022-06-13T03:40:07.059+0000][1][safepoint    ] Application time: 1.0002318 seconds
[2022-06-13T03:40:07.060+0000][1][safepoint    ] Entering safepoint region: Cleanup
[2022-06-13T03:40:07.060+0000][1][safepoint    ] Leaving safepoint region
[2022-06-13T03:40:07.060+0000][1][safepoint    ] Total time for which application threads were stopped: 0.0005071 seconds, Stopping threads took: 0.0002186 seconds
[2022-06-13T03:40:08.061+0000][1][safepoint    ] Application time: 1.0001707 seconds
[2022-06-13T03:40:08.061+0000][1][safepoint    ] Entering safepoint region: Cleanup
[2022-06-13T03:40:08.062+0000][1][safepoint    ] Leaving safepoint region
[2022-06-13T03:40:08.062+0000][1][safepoint    ] Total time for which application threads were stopped: 0.0008393 seconds, Stopping threads took: 0.0004289 seconds
[2022-06-13T03:40:09.062+0000][1][safepoint    ] Application time: 1.0001956 seconds
[2022-06-13T03:40:09.063+0000][1][safepoint    ] Entering safepoint region: Cleanup
[2022-06-13T03:40:09.063+0000][1][safepoint    ] Leaving safepoint region
[2022-06-13T03:40:09.063+0000][1][safepoint    ] Total time for which application threads were stopped: 0.0006145 seconds, Stopping threads took: 0.0002340 seconds
[2022-06-13T03:40:10.064+0000][1][safepoint    ] Application time: 1.0002318 seconds
[2022-06-13T03:40:10.065+0000][1][safepoint    ] Entering safepoint region: Cleanup
[2022-06-13T03:40:10.065+0000][1][safepoint    ] Leaving safepoint region
[2022-06-13T03:40:10.066+0000][1][safepoint    ] Total time for which application threads were stopped: 0.0013475 seconds, Stopping threads took: 0.0006374 seconds
[2022-06-13T03:40:10.423+0000][1][safepoint    ] Application time: 0.3567702 seconds
[2022-06-13T03:40:10.424+0000][1][safepoint    ] Entering safepoint region: RevokeBias
[2022-06-13T03:40:10.424+0000][1][safepoint    ] Leaving safepoint region
[2022-06-13T03:40:10.424+0000][1][safepoint    ] Total time for which application threads were stopped: 0.0007330 seconds, Stopping threads took: 0.0003872 seconds
[2022-06-13T03:40:10.425+0000][1][safepoint    ] Application time: 0.0002843 seconds
[2022-06-13T03:40:10.425+0000][1][safepoint    ] Entering safepoint region: RevokeBias
[2022-06-13T03:40:10.426+0000][1][safepoint    ] Leaving safepoint region
[2022-06-13T03:40:10.426+0000][1][safepoint    ] Total time for which application threads were stopped: 0.0004905 seconds, Stopping threads took: 0.0001667 seconds
[2022-06-13T03:40:10.427+0000][1][safepoint    ] Application time: 0.0006929 seconds
[2022-06-13T03:40:10.427+0000][1][safepoint    ] Entering safepoint region: RevokeBias
[2022-06-13T03:40:10.427+0000][1][safepoint    ] Leaving safepoint region
[2022-06-13T03:40:10.427+0000][1][safepoint    ] Total time for which application threads were stopped: 0.0005956 seconds, Stopping threads took: 0.0002980 seconds
[2022-06-13T03:40:10.428+0000][1][safepoint    ] Application time: 0.0003022 seconds
[2022-06-13T03:40:10.428+0000][1][safepoint    ] Entering safepoint region: RevokeBias
[2022-06-13T03:40:10.428+0000][1][safepoint    ] Leaving safepoint region
[2022-06-13T03:40:10.428+0000][1][safepoint    ] Total time for which application threads were stopped: 0.0004818 seconds, Stopping threads took: 0.0002045 seconds
[2022-06-13T03:40:10.429+0000][1][safepoint    ] Application time: 0.0002211 seconds
[2022-06-13T03:40:10.429+0000][1][safepoint    ] Entering safepoint region: RevokeBias
[2022-06-13T03:40:10.429+0000][1][safepoint    ] Leaving safepoint region
[2022-06-13T03:40:10.430+0000][1][safepoint    ] Total time for which application threads were stopped: 0.0007188 seconds, Stopping threads took: 0.0001676 seconds
[2022-06-13T03:40:10.431+0000][1][safepoint    ] Application time: 0.0005784 seconds
[2022-06-13T03:40:10.431+0000][1][safepoint    ] Entering safepoint region: RevokeBias
[2022-06-13T03:40:10.431+0000][1][safepoint    ] Leaving safepoint region
[2022-06-13T03:40:10.432+0000][1][safepoint    ] Total time for which application threads were stopped: 0.0006794 seconds, Stopping threads took: 0.0003437 seconds
[2022-06-13T03:40:10.432+0000][1][safepoint    ] Application time: 0.0003407 seconds
[2022-06-13T03:40:10.432+0000][1][safepoint    ] Entering safepoint region: RevokeBias
[2022-06-13T03:40:10.433+0000][1][safepoint    ] Leaving safepoint region
[2022-06-13T03:40:10.433+0000][1][safepoint    ] Total time for which application threads were stopped: 0.0003799 seconds, Stopping threads took: 0.0002093 seconds
[2022-06-13T03:40:10.434+0000][1][safepoint    ] Application time: 0.0006466 seconds
[2022-06-13T03:40:10.434+0000][1][safepoint    ] Entering safepoint region: RevokeBias
[2022-06-13T03:40:10.434+0000][1][safepoint    ] Leaving safepoint region
[2022-06-13T03:40:10.434+0000][1][safepoint    ] Total time for which application threads were stopped: 0.0004892 seconds, Stopping threads took: 0.0002416 seconds
[2022-06-13T03:40:10.435+0000][1][safepoint    ] Application time: 0.0006571 seconds
[2022-06-13T03:40:10.436+0000][1][safepoint    ] Entering safepoint region: RevokeBias
[2022-06-13T03:40:10.436+0000][1][safepoint    ] Leaving safepoint region
[2022-06-13T03:40:10.437+0000][1][safepoint    ] Total time for which application threads were stopped: 0.0010033 seconds, Stopping threads took: 0.0004389 seconds
[2022-06-13T03:40:10.437+0000][1][safepoint    ] Application time: 0.0003637 seconds
[2022-06-13T03:40:10.438+0000][1][safepoint    ] Entering safepoint region: RevokeBias
[2022-06-13T03:40:10.438+0000][1][safepoint    ] Leaving safepoint region
[2022-06-13T03:40:10.438+0000][1][safepoint    ] Total time for which application threads were stopped: 0.0006839 seconds, Stopping threads took: 0.0003147 seconds
[2022-06-13T03:40:10.439+0000][1][safepoint    ] Application time: 0.0002765 seconds
[2022-06-13T03:40:10.439+0000][1][safepoint    ] Entering safepoint region: RevokeBias
[2022-06-13T03:40:10.439+0000][1][safepoint    ] Leaving safepoint region
[2022-06-13T03:40:10.439+0000][1][safepoint    ] Total time for which application threads were stopped: 0.0006217 seconds, Stopping threads took: 0.0001794 seconds
[2022-06-13T03:40:10.440+0000][1][safepoint    ] Application time: 0.0001585 seconds
[2022-06-13T03:40:10.440+0000][1][safepoint    ] Entering safepoint region: RevokeBias
[2022-06-13T03:40:10.441+0000][1][safepoint    ] Leaving safepoint region
[2022-06-13T03:40:10.441+0000][1][safepoint    ] Total time for which application threads were stopped: 0.0004958 seconds, Stopping threads took: 0.0001413 seconds
[2022-06-13T03:40:10.442+0000][1][safepoint    ] Application time: 0.0003985 seconds
[2022-06-13T03:40:10.442+0000][1][safepoint    ] Entering safepoint region: RevokeBias
[2022-06-13T03:40:10.442+0000][1][safepoint    ] Leaving safepoint region
[2022-06-13T03:40:10.442+0000][1][safepoint    ] Total time for which application threads were stopped: 0.0003235 seconds, Stopping threads took: 0.0001638 seconds
[2022-06-13T03:40:10.443+0000][1][safepoint    ] Application time: 0.0003204 seconds
[2022-06-13T03:40:10.443+0000][1][safepoint    ] Entering safepoint region: RevokeBias
[2022-06-13T03:40:10.443+0000][1][safepoint    ] Leaving safepoint region
[2022-06-13T03:40:10.444+0000][1][safepoint    ] Total time for which application threads were stopped: 0.0006852 seconds, Stopping threads took: 0.0003350 seconds
[2022-06-13T03:40:10.444+0000][1][safepoint    ] Application time: 0.0002157 seconds
[2022-06-13T03:40:10.445+0000][1][safepoint    ] Entering safepoint region: RevokeBias
[2022-06-13T03:40:10.445+0000][1][safepoint    ] Leaving safepoint region
[2022-06-13T03:40:10.445+0000][1][safepoint    ] Total time for which application threads were stopped: 0.0007901 seconds, Stopping threads took: 0.0003231 seconds
[2022-06-13T03:40:10.446+0000][1][safepoint    ] Application time: 0.0001868 seconds
[2022-06-13T03:40:10.447+0000][1][safepoint    ] Entering safepoint region: RevokeBias
[2022-06-13T03:40:10.447+0000][1][safepoint    ] Leaving safepoint region
[2022-06-13T03:40:10.448+0000][1][safepoint    ] Total time for which application threads were stopped: 0.0008869 seconds, Stopping threads took: 0.0003527 seconds
[2022-06-13T03:40:10.448+0000][1][safepoint    ] Application time: 0.0001678 seconds
[2022-06-13T03:40:10.448+0000][1][safepoint    ] Entering safepoint region: RevokeBias
[2022-06-13T03:40:10.449+0000][1][safepoint    ] Leaving safepoint region
[2022-06-13T03:40:10.449+0000][1][safepoint    ] Total time for which application threads were stopped: 0.0005416 seconds, Stopping threads took: 0.0002238 seconds
[2022-06-13T03:40:10.450+0000][1][safepoint    ] Application time: 0.0007300 seconds
[2022-06-13T03:40:10.450+0000][1][safepoint    ] Entering safepoint region: RevokeBias
[2022-06-13T03:40:10.450+0000][1][safepoint    ] Leaving safepoint region
[2022-06-13T03:40:10.450+0000][1][safepoint    ] Total time for which application threads were stopped: 0.0005705 seconds, Stopping threads took: 0.0002755 seconds
[2022-06-13T03:40:10.451+0000][1][safepoint    ] Application time: 0.0003672 seconds
[2022-06-13T03:40:10.451+0000][1][safepoint    ] Entering safepoint region: RevokeBias
[2022-06-13T03:40:10.452+0000][1][safepoint    ] Leaving safepoint region
[2022-06-13T03:40:10.452+0000][1][safepoint    ] Total time for which application threads were stopped: 0.0008062 seconds, Stopping threads took: 0.0004100 seconds
[2022-06-13T03:40:10.453+0000][1][safepoint    ] Application time: 0.0001795 seconds
[2022-06-13T03:40:10.453+0000][1][safepoint    ] Entering safepoint region: BulkRevokeBias
[2022-06-13T03:40:10.454+0000][1][safepoint    ] Leaving safepoint region
[2022-06-13T03:40:10.454+0000][1][safepoint    ] Total time for which application threads were stopped: 0.0011301 seconds, Stopping threads took: 0.0002146 seconds
[2022-06-13T03:40:10.455+0000][1][safepoint    ] Application time: 0.0002963 seconds
[2022-06-13T03:40:10.455+0000][1][safepoint    ] Entering safepoint region: RevokeBias
[2022-06-13T03:40:10.455+0000][1][safepoint    ] Leaving safepoint region
[2022-06-13T03:40:10.455+0000][1][safepoint    ] Total time for which application threads were stopped: 0.0003174 seconds, Stopping threads took: 0.0001440 seconds
[2022-06-13T03:40:10.456+0000][1][safepoint    ] Application time: 0.0002310 seconds
[2022-06-13T03:40:10.456+0000][1][safepoint    ] Entering safepoint region: RevokeBias
[2022-06-13T03:40:10.456+0000][1][safepoint    ] Leaving safepoint region
[2022-06-13T03:40:10.456+0000][1][safepoint    ] Total time for which application threads were stopped: 0.0005061 seconds, Stopping threads took: 0.0002828 seconds
[2022-06-13T03:40:10.457+0000][1][safepoint    ] Application time: 0.0003058 seconds
[2022-06-13T03:40:10.457+0000][1][safepoint    ] Entering safepoint region: RevokeBias
[2022-06-13T03:40:10.457+0000][1][safepoint    ] Leaving safepoint region
[2022-06-13T03:40:10.457+0000][1][safepoint    ] Total time for which application threads were stopped: 0.0004121 seconds, Stopping threads took: 0.0002489 seconds
[2022-06-13T03:40:10.458+0000][1][safepoint    ] Application time: 0.0003887 seconds
[2022-06-13T03:40:10.458+0000][1][safepoint    ] Entering safepoint region: RevokeBias
[2022-06-13T03:40:10.458+0000][1][safepoint    ] Leaving safepoint region
[2022-06-13T03:40:10.459+0000][1][safepoint    ] Total time for which application threads were stopped: 0.0005900 seconds, Stopping threads took: 0.0002247 seconds
[2022-06-13T03:40:10.459+0000][1][safepoint    ] Application time: 0.0001248 seconds
[2022-06-13T03:40:10.459+0000][1][safepoint    ] Entering safepoint region: RevokeBias
[2022-06-13T03:40:10.460+0000][1][safepoint    ] Leaving safepoint region
[2022-06-13T03:40:10.460+0000][1][safepoint    ] Total time for which application threads were stopped: 0.0004374 seconds, Stopping threads took: 0.0002401 seconds
[2022-06-13T03:40:10.460+0000][1][safepoint    ] Application time: 0.0001878 seconds
[2022-06-13T03:40:10.460+0000][1][safepoint    ] Entering safepoint region: RevokeBias
[2022-06-13T03:40:10.461+0000][1][safepoint    ] Leaving safepoint region
[2022-06-13T03:40:10.461+0000][1][safepoint    ] Total time for which application threads were stopped: 0.0004917 seconds, Stopping threads took: 0.0002333 seconds
[2022-06-13T03:40:10.461+0000][1][safepoint    ] Application time: 0.0000867 seconds
[2022-06-13T03:40:10.462+0000][1][safepoint    ] Entering safepoint region: RevokeBias
[2022-06-13T03:40:10.462+0000][1][safepoint    ] Leaving safepoint region
[2022-06-13T03:40:10.462+0000][1][safepoint    ] Total time for which application threads were stopped: 0.0003025 seconds, Stopping threads took: 0.0001280 seconds
[2022-06-13T03:40:10.462+0000][1][safepoint    ] Application time: 0.0001065 seconds
[2022-06-13T03:40:10.462+0000][1][safepoint    ] Entering safepoint region: RevokeBias
[2022-06-13T03:40:10.462+0000][1][safepoint    ] Leaving safepoint region
[2022-06-13T03:40:10.463+0000][1][safepoint    ] Total time for which application threads were stopped: 0.0005528 seconds, Stopping threads took: 0.0002203 seconds
[2022-06-13T03:40:10.463+0000][1][safepoint    ] Application time: 0.0002883 seconds
[2022-06-13T03:40:10.464+0000][1][safepoint    ] Entering safepoint region: RevokeBias
[2022-06-13T03:40:10.464+0000][1][safepoint    ] Leaving safepoint region
[2022-06-13T03:40:10.464+0000][1][safepoint    ] Total time for which application threads were stopped: 0.0005563 seconds, Stopping threads took: 0.0003687 seconds
[2022-06-13T03:40:10.464+0000][1][safepoint    ] Application time: 0.0001939 seconds
[2022-06-13T03:40:10.465+0000][1][safepoint    ] Entering safepoint region: RevokeBias
[2022-06-13T03:40:10.465+0000][1][safepoint    ] Leaving safepoint region
[2022-06-13T03:40:10.465+0000][1][safepoint    ] Total time for which application threads were stopped: 0.0006410 seconds, Stopping threads took: 0.0002818 seconds
[2022-06-13T03:40:10.466+0000][1][safepoint    ] Application time: 0.0001333 seconds
[2022-06-13T03:40:10.466+0000][1][safepoint    ] Entering safepoint region: RevokeBias
[2022-06-13T03:40:10.466+0000][1][safepoint    ] Leaving safepoint region
[2022-06-13T03:40:10.466+0000][1][safepoint    ] Total time for which application threads were stopped: 0.0004821 seconds, Stopping threads took: 0.0002355 seconds
[2022-06-13T03:40:10.467+0000][1][safepoint    ] Application time: 0.0003351 seconds
[2022-06-13T03:40:10.467+0000][1][safepoint    ] Entering safepoint region: RevokeBias
[2022-06-13T03:40:10.467+0000][1][safepoint    ] Leaving safepoint region
[2022-06-13T03:40:10.467+0000][1][safepoint    ] Total time for which application threads were stopped: 0.0003776 seconds, Stopping threads took: 0.0002066 seconds
[2022-06-13T03:40:10.468+0000][1][safepoint    ] Application time: 0.0001453 seconds
[2022-06-13T03:40:10.468+0000][1][safepoint    ] Entering safepoint region: RevokeBias
[2022-06-13T03:40:10.468+0000][1][safepoint    ] Leaving safepoint region
[2022-06-13T03:40:10.468+0000][1][safepoint    ] Total time for which application threads were stopped: 0.0004625 seconds, Stopping threads took: 0.0002823 seconds
[2022-06-13T03:40:10.469+0000][1][safepoint    ] Application time: 0.0001582 seconds
[2022-06-13T03:40:10.469+0000][1][safepoint    ] Entering safepoint region: RevokeBias
[2022-06-13T03:40:10.469+0000][1][safepoint    ] Leaving safepoint region
[2022-06-13T03:40:10.469+0000][1][safepoint    ] Total time for which application threads were stopped: 0.0003361 seconds, Stopping threads took: 0.0001602 seconds
[2022-06-13T03:40:10.470+0000][1][safepoint    ] Application time: 0.0006255 seconds
[2022-06-13T03:40:10.470+0000][1][safepoint    ] Entering safepoint region: RevokeBias
[2022-06-13T03:40:10.470+0000][1][safepoint    ] Leaving safepoint region
[2022-06-13T03:40:10.470+0000][1][safepoint    ] Total time for which application threads were stopped: 0.0003340 seconds, Stopping threads took: 0.0001708 seconds
[2022-06-13T03:40:10.472+0000][1][safepoint    ] Application time: 0.0020769 seconds
[2022-06-13T03:40:10.473+0000][1][safepoint    ] Entering safepoint region: RevokeBias
[2022-06-13T03:40:10.473+0000][1][safepoint    ] Leaving safepoint region
[2022-06-13T03:40:10.473+0000][1][safepoint    ] Total time for which application threads were stopped: 0.0003925 seconds, Stopping threads took: 0.0001817 seconds
[2022-06-13T03:40:10.475+0000][1][safepoint    ] Application time: 0.0015932 seconds
[2022-06-13T03:40:10.475+0000][1][safepoint    ] Entering safepoint region: RevokeBias
[2022-06-13T03:40:10.476+0000][1][safepoint    ] Leaving safepoint region
[2022-06-13T03:40:10.476+0000][1][safepoint    ] Total time for which application threads were stopped: 0.0004637 seconds, Stopping threads took: 0.0002122 seconds
[2022-06-13T03:40:10.476+0000][1][safepoint    ] Application time: 0.0001421 seconds
[2022-06-13T03:40:10.476+0000][1][safepoint    ] Entering safepoint region: RevokeBias
[2022-06-13T03:40:10.477+0000][1][safepoint    ] Leaving safepoint region
[2022-06-13T03:40:10.477+0000][1][safepoint    ] Total time for which application threads were stopped: 0.0005537 seconds, Stopping threads took: 0.0002032 seconds
[2022-06-13T03:40:10.478+0000][1][safepoint    ] Application time: 0.0013212 seconds
[2022-06-13T03:40:10.479+0000][1][safepoint    ] Entering safepoint region: RevokeBias
[2022-06-13T03:40:10.479+0000][1][safepoint    ] Leaving safepoint region
[2022-06-13T03:40:10.479+0000][1][safepoint    ] Total time for which application threads were stopped: 0.0005060 seconds, Stopping threads took: 0.0002274 seconds
[2022-06-13T03:40:10.480+0000][1][safepoint    ] Application time: 0.0003398 seconds
[2022-06-13T03:40:10.480+0000][1][safepoint    ] Entering safepoint region: RevokeBias
[2022-06-13T03:40:10.480+0000][1][safepoint    ] Leaving safepoint region
[2022-06-13T03:40:10.480+0000][1][safepoint    ] Total time for which application threads were stopped: 0.0004219 seconds, Stopping threads took: 0.0001704 seconds
[2022-06-13T03:40:10.481+0000][1][safepoint    ] Application time: 0.0002393 seconds
[2022-06-13T03:40:10.481+0000][1][safepoint    ] Entering safepoint region: RevokeBias
[2022-06-13T03:40:10.481+0000][1][safepoint    ] Leaving safepoint region
[2022-06-13T03:40:10.481+0000][1][safepoint    ] Total time for which application threads were stopped: 0.0004568 seconds, Stopping threads took: 0.0002281 seconds
[2022-06-13T03:40:10.482+0000][1][safepoint    ] Application time: 0.0001792 seconds
[2022-06-13T03:40:10.482+0000][1][safepoint    ] Entering safepoint region: RevokeBias
[2022-06-13T03:40:10.482+0000][1][safepoint    ] Leaving safepoint region
[2022-06-13T03:40:10.482+0000][1][safepoint    ] Total time for which application threads were stopped: 0.0005394 seconds, Stopping threads took: 0.0003001 seconds
[2022-06-13T03:40:10.482+0000][1][safepoint    ] Application time: 0.0001387 seconds
[2022-06-13T03:40:10.483+0000][1][safepoint    ] Entering safepoint region: RevokeBias
[2022-06-13T03:40:10.483+0000][1][safepoint    ] Leaving safepoint region
[2022-06-13T03:40:10.483+0000][1][safepoint    ] Total time for which application threads were stopped: 0.0008907 seconds, Stopping threads took: 0.0002035 seconds
[2022-06-13T03:40:10.484+0000][1][safepoint    ] Application time: 0.0002905 seconds
[2022-06-13T03:40:10.484+0000][1][safepoint    ] Entering safepoint region: RevokeBias
[2022-06-13T03:40:10.484+0000][1][safepoint    ] Leaving safepoint region
[2022-06-13T03:40:10.484+0000][1][safepoint    ] Total time for which application threads were stopped: 0.0003752 seconds, Stopping threads took: 0.0001864 seconds
[2022-06-13T03:40:10.485+0000][1][safepoint    ] Application time: 0.0003168 seconds
[2022-06-13T03:40:10.485+0000][1][safepoint    ] Entering safepoint region: RevokeBias
[2022-06-13T03:40:10.485+0000][1][safepoint    ] Leaving safepoint region
[2022-06-13T03:40:10.486+0000][1][safepoint    ] Total time for which application threads were stopped: 0.0004472 seconds, Stopping threads took: 0.0002400 seconds
[2022-06-13T03:40:10.486+0000][1][safepoint    ] Application time: 0.0004425 seconds
[2022-06-13T03:40:10.486+0000][1][safepoint    ] Entering safepoint region: RevokeBias
[2022-06-13T03:40:10.487+0000][1][safepoint    ] Leaving safepoint region
[2022-06-13T03:40:10.487+0000][1][safepoint    ] Total time for which application threads were stopped: 0.0004561 seconds, Stopping threads took: 0.0002296 seconds
[2022-06-13T03:40:10.487+0000][1][safepoint    ] Application time: 0.0003222 seconds
[2022-06-13T03:40:10.487+0000][1][safepoint    ] Entering safepoint region: RevokeBias
[2022-06-13T03:40:10.488+0000][1][safepoint    ] Leaving safepoint region
[2022-06-13T03:40:10.488+0000][1][safepoint    ] Total time for which application threads were stopped: 0.0004665 seconds, Stopping threads took: 0.0002912 seconds
[2022-06-13T03:40:10.488+0000][1][safepoint    ] Application time: 0.0001193 seconds
[2022-06-13T03:40:10.488+0000][1][safepoint    ] Entering safepoint region: RevokeBias
[2022-06-13T03:40:10.488+0000][1][safepoint    ] Leaving safepoint region
[2022-06-13T03:40:10.489+0000][1][safepoint    ] Total time for which application threads were stopped: 0.0003545 seconds, Stopping threads took: 0.0001255 seconds
[2022-06-13T03:40:10.489+0000][1][safepoint    ] Application time: 0.0003782 seconds
[2022-06-13T03:40:10.489+0000][1][safepoint    ] Entering safepoint region: RevokeBias
[2022-06-13T03:40:10.490+0000][1][safepoint    ] Leaving safepoint region
[2022-06-13T03:40:10.490+0000][1][safepoint    ] Total time for which application threads were stopped: 0.0007445 seconds, Stopping threads took: 0.0004288 seconds
[2022-06-13T03:40:10.490+0000][1][safepoint    ] Application time: 0.0003249 seconds
[2022-06-13T03:40:10.491+0000][1][safepoint    ] Entering safepoint region: RevokeBias
[2022-06-13T03:40:10.491+0000][1][safepoint    ] Leaving safepoint region
[2022-06-13T03:40:10.491+0000][1][safepoint    ] Total time for which application threads were stopped: 0.0006276 seconds, Stopping threads took: 0.0004158 seconds
[2022-06-13T03:40:10.858+0000][1][safepoint    ] Application time: 0.3664067 seconds
[2022-06-13T03:40:10.858+0000][1][safepoint    ] Entering safepoint region: RevokeBias
[2022-06-13T03:40:10.859+0000][1][safepoint    ] Leaving safepoint region
[2022-06-13T03:40:10.859+0000][1][safepoint    ] Total time for which application threads were stopped: 0.0005872 seconds, Stopping threads took: 0.0002693 seconds
[2022-06-13T03:40:10.860+0000][1][safepoint    ] Application time: 0.0007949 seconds
[2022-06-13T03:40:10.860+0000][1][safepoint    ] Entering safepoint region: RevokeBias
[2022-06-13T03:40:10.861+0000][1][safepoint    ] Leaving safepoint region
[2022-06-13T03:40:10.861+0000][1][safepoint    ] Total time for which application threads were stopped: 0.0005142 seconds, Stopping threads took: 0.0002266 seconds
[2022-06-13T03:40:10.861+0000][1][safepoint    ] Application time: 0.0000601 seconds
[2022-06-13T03:40:10.862+0000][1][safepoint    ] Entering safepoint region: RevokeBias
[2022-06-13T03:40:10.862+0000][1][safepoint    ] Leaving safepoint region
[2022-06-13T03:40:10.862+0000][1][safepoint    ] Total time for which application threads were stopped: 0.0006326 seconds, Stopping threads took: 0.0002907 seconds
[2022-06-13T03:40:10.863+0000][1][safepoint    ] Application time: 0.0001443 seconds
[2022-06-13T03:40:10.863+0000][1][safepoint    ] Entering safepoint region: RevokeBias
[2022-06-13T03:40:10.863+0000][1][safepoint    ] Leaving safepoint region
[2022-06-13T03:40:10.863+0000][1][safepoint    ] Total time for which application threads were stopped: 0.0004294 seconds, Stopping threads took: 0.0002234 seconds
[2022-06-13T03:40:10.864+0000][1][safepoint    ] Application time: 0.0001120 seconds
[2022-06-13T03:40:10.864+0000][1][safepoint    ] Entering safepoint region: RevokeBias
[2022-06-13T03:40:10.864+0000][1][safepoint    ] Leaving safepoint region
[2022-06-13T03:40:10.865+0000][1][safepoint    ] Total time for which application threads were stopped: 0.0008291 seconds, Stopping threads took: 0.0004449 seconds
[2022-06-13T03:40:10.865+0000][1][safepoint    ] Application time: 0.0003939 seconds
[2022-06-13T03:40:10.865+0000][1][safepoint    ] Entering safepoint region: RevokeBias
[2022-06-13T03:40:10.866+0000][1][safepoint    ] Leaving safepoint region
[2022-06-13T03:40:10.866+0000][1][safepoint    ] Total time for which application threads were stopped: 0.0002791 seconds, Stopping threads took: 0.0001432 seconds
[2022-06-13T03:40:10.868+0000][1][safepoint    ] Application time: 0.0025686 seconds
[2022-06-13T03:40:10.869+0000][1][safepoint    ] Entering safepoint region: RevokeBias
[2022-06-13T03:40:10.869+0000][1][safepoint    ] Leaving safepoint region
[2022-06-13T03:40:10.870+0000][1][safepoint    ] Total time for which application threads were stopped: 0.0008673 seconds, Stopping threads took: 0.0005802 seconds
[2022-06-13T03:40:10.870+0000][1][safepoint    ] Application time: 0.0001817 seconds
[2022-06-13T03:40:10.870+0000][1][safepoint    ] Entering safepoint region: RevokeBias
[2022-06-13T03:40:10.871+0000][1][safepoint    ] Leaving safepoint region
[2022-06-13T03:40:10.871+0000][1][safepoint    ] Total time for which application threads were stopped: 0.0007829 seconds, Stopping threads took: 0.0003944 seconds
[2022-06-13T03:40:10.871+0000][1][safepoint    ] Application time: 0.0002016 seconds
[2022-06-13T03:40:10.872+0000][1][safepoint    ] Entering safepoint region: RevokeBias
[2022-06-13T03:40:10.872+0000][1][safepoint    ] Leaving safepoint region
[2022-06-13T03:40:10.872+0000][1][safepoint    ] Total time for which application threads were stopped: 0.0004450 seconds, Stopping threads took: 0.0002267 seconds
[2022-06-13T03:40:10.872+0000][1][safepoint    ] Application time: 0.0001686 seconds
[2022-06-13T03:40:10.873+0000][1][safepoint    ] Entering safepoint region: RevokeBias
[2022-06-13T03:40:10.873+0000][1][safepoint    ] Leaving safepoint region
[2022-06-13T03:40:10.873+0000][1][safepoint    ] Total time for which application threads were stopped: 0.0003023 seconds, Stopping threads took: 0.0001489 seconds
[2022-06-13T03:40:10.873+0000][1][safepoint    ] Application time: 0.0000869 seconds
[2022-06-13T03:40:10.873+0000][1][safepoint    ] Entering safepoint region: BulkRevokeBias
[2022-06-13T03:40:10.873+0000][1][safepoint    ] Leaving safepoint region
[2022-06-13T03:40:10.873+0000][1][safepoint    ] Total time for which application threads were stopped: 0.0002970 seconds, Stopping threads took: 0.0001160 seconds
[2022-06-13T03:40:10.875+0000][1][safepoint    ] Application time: 0.0014579 seconds
[2022-06-13T03:40:10.875+0000][1][safepoint    ] Entering safepoint region: RevokeBias
[2022-06-13T03:40:10.875+0000][1][safepoint    ] Leaving safepoint region
[2022-06-13T03:40:10.875+0000][1][safepoint    ] Total time for which application threads were stopped: 0.0002837 seconds, Stopping threads took: 0.0001475 seconds
[2022-06-13T03:40:10.880+0000][1][safepoint    ] Application time: 0.0046763 seconds
[2022-06-13T03:40:10.880+0000][1][safepoint    ] Entering safepoint region: RevokeBias
[2022-06-13T03:40:10.881+0000][1][safepoint    ] Leaving safepoint region
[2022-06-13T03:40:10.881+0000][1][safepoint    ] Total time for which application threads were stopped: 0.0003306 seconds, Stopping threads took: 0.0001718 seconds
[2022-06-13T03:40:10.881+0000][1][safepoint    ] Application time: 0.0004182 seconds
[2022-06-13T03:40:10.882+0000][1][safepoint    ] Entering safepoint region: RevokeBias
[2022-06-13T03:40:10.882+0000][1][safepoint    ] Leaving safepoint region
[2022-06-13T03:40:10.882+0000][1][safepoint    ] Total time for which application threads were stopped: 0.0003255 seconds, Stopping threads took: 0.0001452 seconds
[2022-06-13T03:40:10.883+0000][1][safepoint    ] Application time: 0.0009173 seconds
[2022-06-13T03:40:10.883+0000][1][safepoint    ] Entering safepoint region: RevokeBias
[2022-06-13T03:40:10.883+0000][1][safepoint    ] Leaving safepoint region
[2022-06-13T03:40:10.883+0000][1][safepoint    ] Total time for which application threads were stopped: 0.0002599 seconds, Stopping threads took: 0.0001371 seconds
[2022-06-13T03:40:10.884+0000][1][safepoint    ] Application time: 0.0002118 seconds
[2022-06-13T03:40:10.884+0000][1][safepoint    ] Entering safepoint region: RevokeBias
[2022-06-13T03:40:10.884+0000][1][safepoint    ] Leaving safepoint region
[2022-06-13T03:40:10.884+0000][1][safepoint    ] Total time for which application threads were stopped: 0.0002442 seconds, Stopping threads took: 0.0001289 seconds
[2022-06-13T03:40:10.885+0000][1][safepoint    ] Application time: 0.0011086 seconds
[2022-06-13T03:40:10.885+0000][1][safepoint    ] Entering safepoint region: RevokeBias
[2022-06-13T03:40:10.886+0000][1][safepoint    ] Leaving safepoint region
[2022-06-13T03:40:10.886+0000][1][safepoint    ] Total time for which application threads were stopped: 0.0001967 seconds, Stopping threads took: 0.0000895 seconds
[2022-06-13T03:40:10.886+0000][1][safepoint    ] Application time: 0.0001321 seconds
[2022-06-13T03:40:10.886+0000][1][safepoint    ] Entering safepoint region: RevokeBias
[2022-06-13T03:40:10.886+0000][1][safepoint    ] Leaving safepoint region
[2022-06-13T03:40:10.886+0000][1][safepoint    ] Total time for which application threads were stopped: 0.0001959 seconds, Stopping threads took: 0.0000940 seconds
[2022-06-13T03:40:10.888+0000][1][safepoint    ] Application time: 0.0013026 seconds
[2022-06-13T03:40:10.888+0000][1][safepoint    ] Entering safepoint region: RevokeBias
[2022-06-13T03:40:10.888+0000][1][safepoint    ] Leaving safepoint region
[2022-06-13T03:40:10.888+0000][1][safepoint    ] Total time for which application threads were stopped: 0.0002160 seconds, Stopping threads took: 0.0000944 seconds
[2022-06-13T03:40:10.890+0000][1][gc,heap,exit ] Heap
[2022-06-13T03:40:10.890+0000][1][gc,heap,exit ]  par new generation   total 78656K, used 44122K [0x00000000f0000000, 0x00000000f5550000, 0x00000000f5550000)
[2022-06-13T03:40:10.890+0000][1][gc,heap,exit ]   eden space 69952K,  57% used [0x00000000f0000000, 0x00000000f2767288, 0x00000000f4450000)
[2022-06-13T03:40:10.890+0000][1][gc,heap,exit ]   from space 8704K,  43% used [0x00000000f4450000, 0x00000000f47ff898, 0x00000000f4cd0000)
[2022-06-13T03:40:10.890+0000][1][gc,heap,exit ]   to   space 8704K,   0% used [0x00000000f4cd0000, 0x00000000f4cd0000, 0x00000000f5550000)
[2022-06-13T03:40:10.890+0000][1][gc,heap,exit ]  concurrent mark-sweep generation total 174784K, used 67584K [0x00000000f5550000, 0x0000000100000000, 0x0000000100000000)
[2022-06-13T03:40:10.890+0000][1][gc,heap,exit ]  Metaspace       used 68375K, capacity 73427K, committed 73648K, reserved 1112064K
[2022-06-13T03:40:10.891+0000][1][gc,heap,exit ]   class space    used 9200K, capacity 11295K, committed 11360K, reserved 1048576K
[2022-06-13T03:40:10.891+0000][1][safepoint    ] Application time: 0.0026417 seconds
[2022-06-13T03:40:10.891+0000][1][safepoint    ] Entering safepoint region: Exit
