[2022-06-13T03:17:27.796+0000][1][gc] Using Concurrent Mark Sweep
[2022-06-13T03:17:27.797+0000][1][gc,heap,coops] Heap address: 0x00000000f0000000, size: 256 MB, Compressed Oops mode: 32-bit
[2022-06-13T03:17:27.828+0000][1][safepoint    ] Entering safepoint region: EnableBiasedLocking
[2022-06-13T03:17:27.828+0000][1][safepoint    ] Leaving safepoint region
[2022-06-13T03:17:27.829+0000][1][safepoint    ] Total time for which application threads were stopped: 0.0006848 seconds, Stopping threads took: 0.0004126 seconds
[2022-06-13T03:17:27.832+0000][1][safepoint    ] Application time: 0.0029604 seconds
[2022-06-13T03:17:27.832+0000][1][safepoint    ] Entering safepoint region: RevokeBias
[2022-06-13T03:17:27.833+0000][1][safepoint    ] Leaving safepoint region
[2022-06-13T03:17:27.834+0000][1][safepoint    ] Total time for which application threads were stopped: 0.0012225 seconds, Stopping threads took: 0.0005634 seconds
[2022-06-13T03:17:27.845+0000][1][safepoint    ] Application time: 0.0108470 seconds
[2022-06-13T03:17:27.845+0000][1][safepoint    ] Entering safepoint region: Deoptimize
[2022-06-13T03:17:27.845+0000][1][safepoint    ] Leaving safepoint region
[2022-06-13T03:17:27.846+0000][1][safepoint    ] Total time for which application threads were stopped: 0.0005686 seconds, Stopping threads took: 0.0001798 seconds
[2022-06-13T03:17:27.932+0000][1][safepoint    ] Application time: 0.0858784 seconds
[2022-06-13T03:17:27.932+0000][1][safepoint    ] Entering safepoint region: RevokeBias
[2022-06-13T03:17:27.932+0000][1][safepoint    ] Leaving safepoint region
[2022-06-13T03:17:27.933+0000][1][safepoint    ] Total time for which application threads were stopped: 0.0007214 seconds, Stopping threads took: 0.0002130 seconds
[2022-06-13T03:17:27.961+0000][1][safepoint    ] Application time: 0.0282401 seconds
[2022-06-13T03:17:27.962+0000][1][safepoint    ] Entering safepoint region: Deoptimize
[2022-06-13T03:17:27.962+0000][1][safepoint    ] Leaving safepoint region
[2022-06-13T03:17:27.962+0000][1][safepoint    ] Total time for which application threads were stopped: 0.0004408 seconds, Stopping threads took: 0.0001972 seconds
[2022-06-13T03:17:28.178+0000][1][safepoint    ] Application time: 0.2152843 seconds
[2022-06-13T03:17:28.178+0000][1][safepoint    ] Entering safepoint region: Deoptimize
[2022-06-13T03:17:28.178+0000][1][safepoint    ] Leaving safepoint region
[2022-06-13T03:17:28.178+0000][1][safepoint    ] Total time for which application threads were stopped: 0.0005971 seconds, Stopping threads took: 0.0001823 seconds
[2022-06-13T03:17:28.192+0000][1][safepoint    ] Application time: 0.0136448 seconds
[2022-06-13T03:17:28.192+0000][1][safepoint    ] Entering safepoint region: Deoptimize
[2022-06-13T03:17:28.193+0000][1][safepoint    ] Leaving safepoint region
[2022-06-13T03:17:28.193+0000][1][safepoint    ] Total time for which application threads were stopped: 0.0004309 seconds, Stopping threads took: 0.0001395 seconds
[2022-06-13T03:17:28.223+0000][1][safepoint    ] Application time: 0.0296447 seconds
[2022-06-13T03:17:28.223+0000][1][safepoint    ] Entering safepoint region: Deoptimize
[2022-06-13T03:17:28.223+0000][1][safepoint    ] Leaving safepoint region
[2022-06-13T03:17:28.223+0000][1][safepoint    ] Total time for which application threads were stopped: 0.0005814 seconds, Stopping threads took: 0.0002245 seconds
[2022-06-13T03:17:28.232+0000][1][safepoint    ] Application time: 0.0081603 seconds
[2022-06-13T03:17:28.232+0000][1][safepoint    ] Entering safepoint region: Deoptimize
[2022-06-13T03:17:28.232+0000][1][safepoint    ] Leaving safepoint region
[2022-06-13T03:17:28.232+0000][1][safepoint    ] Total time for which application threads were stopped: 0.0003702 seconds, Stopping threads took: 0.0001030 seconds
[2022-06-13T03:17:28.578+0000][1][safepoint    ] Application time: 0.3456111 seconds
[2022-06-13T03:17:28.578+0000][1][safepoint    ] Entering safepoint region: Deoptimize
[2022-06-13T03:17:28.579+0000][1][safepoint    ] Leaving safepoint region
[2022-06-13T03:17:28.579+0000][1][safepoint    ] Total time for which application threads were stopped: 0.0007367 seconds, Stopping threads took: 0.0002171 seconds
[2022-06-13T03:17:28.769+0000][1][safepoint    ] Application time: 0.1891761 seconds
[2022-06-13T03:17:28.769+0000][1][safepoint    ] Entering safepoint region: RevokeBias
[2022-06-13T03:17:28.770+0000][1][safepoint    ] Leaving safepoint region
[2022-06-13T03:17:28.770+0000][1][safepoint    ] Total time for which application threads were stopped: 0.0006125 seconds, Stopping threads took: 0.0001981 seconds
[2022-06-13T03:17:28.873+0000][1][safepoint    ] Application time: 0.1028889 seconds
[2022-06-13T03:17:28.873+0000][1][safepoint    ] Entering safepoint region: Deoptimize
[2022-06-13T03:17:28.874+0000][1][safepoint    ] Leaving safepoint region
[2022-06-13T03:17:28.874+0000][1][safepoint    ] Total time for which application threads were stopped: 0.0006210 seconds, Stopping threads took: 0.0001696 seconds
[2022-06-13T03:17:29.013+0000][1][safepoint    ] Application time: 0.1386544 seconds
[2022-06-13T03:17:29.013+0000][1][safepoint    ] Entering safepoint region: Deoptimize
[2022-06-13T03:17:29.014+0000][1][safepoint    ] Leaving safepoint region
[2022-06-13T03:17:29.014+0000][1][safepoint    ] Total time for which application threads were stopped: 0.0011036 seconds, Stopping threads took: 0.0002992 seconds
[2022-06-13T03:17:29.015+0000][1][safepoint    ] Application time: 0.0002558 seconds
[2022-06-13T03:17:29.015+0000][1][safepoint    ] Entering safepoint region: Deoptimize
[2022-06-13T03:17:29.016+0000][1][safepoint    ] Leaving safepoint region
[2022-06-13T03:17:29.016+0000][1][safepoint    ] Total time for which application threads were stopped: 0.0010727 seconds, Stopping threads took: 0.0003179 seconds
[2022-06-13T03:17:29.054+0000][1][safepoint    ] Application time: 0.0371984 seconds
[2022-06-13T03:17:29.057+0000][1][safepoint    ] Entering safepoint region: Deoptimize
[2022-06-13T03:17:29.058+0000][1][safepoint    ] Leaving safepoint region
[2022-06-13T03:17:29.058+0000][1][safepoint    ] Total time for which application threads were stopped: 0.0012689 seconds, Stopping threads took: 0.0005653 seconds
[2022-06-13T03:17:29.067+0000][1][safepoint    ] Application time: 0.0088724 seconds
[2022-06-13T03:17:29.068+0000][1][safepoint    ] Entering safepoint region: RevokeBias
[2022-06-13T03:17:29.068+0000][1][safepoint    ] Leaving safepoint region
[2022-06-13T03:17:29.068+0000][1][safepoint    ] Total time for which application threads were stopped: 0.0004413 seconds, Stopping threads took: 0.0002184 seconds
[2022-06-13T03:17:29.068+0000][1][safepoint    ] Application time: 0.0001899 seconds
[2022-06-13T03:17:29.069+0000][1][safepoint    ] Entering safepoint region: RevokeBias
[2022-06-13T03:17:29.069+0000][1][safepoint    ] Leaving safepoint region
[2022-06-13T03:17:29.069+0000][1][safepoint    ] Total time for which application threads were stopped: 0.0004395 seconds, Stopping threads took: 0.0002270 seconds
[2022-06-13T03:17:29.070+0000][1][safepoint    ] Application time: 0.0004115 seconds
[2022-06-13T03:17:29.071+0000][1][safepoint    ] Entering safepoint region: RevokeBias
[2022-06-13T03:17:29.071+0000][1][safepoint    ] Leaving safepoint region
[2022-06-13T03:17:29.071+0000][1][safepoint    ] Total time for which application threads were stopped: 0.0014823 seconds, Stopping threads took: 0.0012759 seconds
[2022-06-13T03:17:29.071+0000][1][safepoint    ] Application time: 0.0000975 seconds
[2022-06-13T03:17:29.072+0000][1][safepoint    ] Entering safepoint region: RevokeBias
[2022-06-13T03:17:29.072+0000][1][safepoint    ] Leaving safepoint region
[2022-06-13T03:17:29.072+0000][1][safepoint    ] Total time for which application threads were stopped: 0.0003964 seconds, Stopping threads took: 0.0002106 seconds
[2022-06-13T03:17:29.072+0000][1][safepoint    ] Application time: 0.0002127 seconds
[2022-06-13T03:17:29.073+0000][1][safepoint    ] Entering safepoint region: RevokeBias
[2022-06-13T03:17:29.073+0000][1][safepoint    ] Leaving safepoint region
[2022-06-13T03:17:29.073+0000][1][safepoint    ] Total time for which application threads were stopped: 0.0004961 seconds, Stopping threads took: 0.0002110 seconds
[2022-06-13T03:17:29.079+0000][1][safepoint    ] Application time: 0.0057078 seconds
[2022-06-13T03:17:29.080+0000][1][safepoint    ] Entering safepoint region: Deoptimize
[2022-06-13T03:17:29.080+0000][1][safepoint    ] Leaving safepoint region
[2022-06-13T03:17:29.080+0000][1][safepoint    ] Total time for which application threads were stopped: 0.0008293 seconds, Stopping threads took: 0.0002941 seconds
[2022-06-13T03:17:29.169+0000][1][safepoint    ] Application time: 0.0875463 seconds
[2022-06-13T03:17:29.170+0000][1][safepoint    ] Entering safepoint region: GenCollectForAllocation
[2022-06-13T03:17:29.170+0000][1][gc,start     ] GC(0) Pause Young (Allocation Failure)
[2022-06-13T03:17:29.171+0000][1][gc,task      ] GC(0) Using 5 workers of 13 for evacuation
[2022-06-13T03:17:29.181+0000][1][gc,age       ] GC(0) Desired survivor size 4456448 bytes, new threshold 1 (max threshold 6)
[2022-06-13T03:17:29.182+0000][1][gc,age       ] GC(0) Age table with threshold 1 (max threshold 6)
[2022-06-13T03:17:29.182+0000][1][gc,age       ] GC(0) - age   1:    8096472 bytes,    8096472 total
[2022-06-13T03:17:29.182+0000][1][gc,heap      ] GC(0) ParNew: 69952K->8013K(78656K)
[2022-06-13T03:17:29.182+0000][1][gc,heap      ] GC(0) CMS: 0K->0K(174784K)
[2022-06-13T03:17:29.182+0000][1][gc,metaspace ] GC(0) Metaspace: 12271K->12271K(1060864K)
[2022-06-13T03:17:29.182+0000][1][gc           ] GC(0) Pause Young (Allocation Failure) 68M->7M(247M) 12.029ms
[2022-06-13T03:17:29.183+0000][1][gc,cpu       ] GC(0) User=0.05s Sys=0.00s Real=0.01s
[2022-06-13T03:17:29.183+0000][1][safepoint    ] Leaving safepoint region
[2022-06-13T03:17:29.183+0000][1][safepoint    ] Total time for which application threads were stopped: 0.0129410 seconds, Stopping threads took: 0.0002757 seconds
[2022-06-13T03:17:29.185+0000][1][safepoint    ] Application time: 0.0014759 seconds
[2022-06-13T03:17:29.185+0000][1][safepoint    ] Entering safepoint region: RevokeBias
[2022-06-13T03:17:29.185+0000][1][safepoint    ] Leaving safepoint region
[2022-06-13T03:17:29.185+0000][1][safepoint    ] Total time for which application threads were stopped: 0.0003581 seconds, Stopping threads took: 0.0001738 seconds
[2022-06-13T03:17:29.189+0000][1][safepoint    ] Application time: 0.0037035 seconds
[2022-06-13T03:17:29.189+0000][1][safepoint    ] Entering safepoint region: RevokeBias
[2022-06-13T03:17:29.190+0000][1][safepoint    ] Leaving safepoint region
[2022-06-13T03:17:29.190+0000][1][safepoint    ] Total time for which application threads were stopped: 0.0004699 seconds, Stopping threads took: 0.0002647 seconds
[2022-06-13T03:17:29.190+0000][1][safepoint    ] Application time: 0.0000468 seconds
[2022-06-13T03:17:29.190+0000][1][safepoint    ] Entering safepoint region: RevokeBias
[2022-06-13T03:17:29.190+0000][1][safepoint    ] Leaving safepoint region
[2022-06-13T03:17:29.190+0000][1][safepoint    ] Total time for which application threads were stopped: 0.0003023 seconds, Stopping threads took: 0.0001461 seconds
[2022-06-13T03:17:29.191+0000][1][safepoint    ] Application time: 0.0000625 seconds
[2022-06-13T03:17:29.191+0000][1][safepoint    ] Entering safepoint region: RevokeBias
[2022-06-13T03:17:29.191+0000][1][safepoint    ] Leaving safepoint region
[2022-06-13T03:17:29.191+0000][1][safepoint    ] Total time for which application threads were stopped: 0.0004060 seconds, Stopping threads took: 0.0002271 seconds
[2022-06-13T03:17:29.191+0000][1][safepoint    ] Application time: 0.0000873 seconds
[2022-06-13T03:17:29.192+0000][1][safepoint    ] Entering safepoint region: RevokeBias
[2022-06-13T03:17:29.192+0000][1][safepoint    ] Leaving safepoint region
[2022-06-13T03:17:29.192+0000][1][safepoint    ] Total time for which application threads were stopped: 0.0003129 seconds, Stopping threads took: 0.0001799 seconds
[2022-06-13T03:17:29.192+0000][1][safepoint    ] Application time: 0.0000942 seconds
[2022-06-13T03:17:29.192+0000][1][safepoint    ] Entering safepoint region: RevokeBias
[2022-06-13T03:17:29.192+0000][1][safepoint    ] Leaving safepoint region
[2022-06-13T03:17:29.193+0000][1][safepoint    ] Total time for which application threads were stopped: 0.0003279 seconds, Stopping threads took: 0.0001799 seconds
[2022-06-13T03:17:29.193+0000][1][safepoint    ] Application time: 0.0000865 seconds
[2022-06-13T03:17:29.193+0000][1][safepoint    ] Entering safepoint region: RevokeBias
[2022-06-13T03:17:29.193+0000][1][safepoint    ] Leaving safepoint region
[2022-06-13T03:17:29.193+0000][1][safepoint    ] Total time for which application threads were stopped: 0.0002676 seconds, Stopping threads took: 0.0001184 seconds
[2022-06-13T03:17:29.194+0000][1][safepoint    ] Application time: 0.0003268 seconds
[2022-06-13T03:17:29.194+0000][1][safepoint    ] Entering safepoint region: RevokeBias
[2022-06-13T03:17:29.194+0000][1][safepoint    ] Leaving safepoint region
[2022-06-13T03:17:29.194+0000][1][safepoint    ] Total time for which application threads were stopped: 0.0004154 seconds, Stopping threads took: 0.0002572 seconds
[2022-06-13T03:17:29.194+0000][1][safepoint    ] Application time: 0.0000733 seconds
[2022-06-13T03:17:29.195+0000][1][safepoint    ] Entering safepoint region: RevokeBias
[2022-06-13T03:17:29.195+0000][1][safepoint    ] Leaving safepoint region
[2022-06-13T03:17:29.195+0000][1][safepoint    ] Total time for which application threads were stopped: 0.0002473 seconds, Stopping threads took: 0.0001187 seconds
[2022-06-13T03:17:29.195+0000][1][safepoint    ] Application time: 0.0000961 seconds
[2022-06-13T03:17:29.196+0000][1][safepoint    ] Entering safepoint region: RevokeBias
[2022-06-13T03:17:29.196+0000][1][safepoint    ] Leaving safepoint region
[2022-06-13T03:17:29.197+0000][1][safepoint    ] Total time for which application threads were stopped: 0.0010314 seconds, Stopping threads took: 0.0006958 seconds
[2022-06-13T03:17:29.197+0000][1][safepoint    ] Application time: 0.0001099 seconds
[2022-06-13T03:17:29.197+0000][1][safepoint    ] Entering safepoint region: RevokeBias
[2022-06-13T03:17:29.197+0000][1][safepoint    ] Leaving safepoint region
[2022-06-13T03:17:29.197+0000][1][safepoint    ] Total time for which application threads were stopped: 0.0003910 seconds, Stopping threads took: 0.0001941 seconds
[2022-06-13T03:17:29.198+0000][1][safepoint    ] Application time: 0.0001541 seconds
[2022-06-13T03:17:29.198+0000][1][safepoint    ] Entering safepoint region: RevokeBias
[2022-06-13T03:17:29.198+0000][1][safepoint    ] Leaving safepoint region
[2022-06-13T03:17:29.198+0000][1][safepoint    ] Total time for which application threads were stopped: 0.0003617 seconds, Stopping threads took: 0.0001943 seconds
[2022-06-13T03:17:29.199+0000][1][safepoint    ] Application time: 0.0000878 seconds
[2022-06-13T03:17:29.199+0000][1][safepoint    ] Entering safepoint region: RevokeBias
[2022-06-13T03:17:29.199+0000][1][safepoint    ] Leaving safepoint region
[2022-06-13T03:17:29.199+0000][1][safepoint    ] Total time for which application threads were stopped: 0.0003872 seconds, Stopping threads took: 0.0002076 seconds
[2022-06-13T03:17:29.199+0000][1][safepoint    ] Application time: 0.0001031 seconds
[2022-06-13T03:17:29.200+0000][1][safepoint    ] Entering safepoint region: RevokeBias
[2022-06-13T03:17:29.200+0000][1][safepoint    ] Leaving safepoint region
[2022-06-13T03:17:29.201+0000][1][safepoint    ] Total time for which application threads were stopped: 0.0004088 seconds, Stopping threads took: 0.0002712 seconds
[2022-06-13T03:17:29.201+0000][1][safepoint    ] Application time: 0.0000980 seconds
[2022-06-13T03:17:29.201+0000][1][safepoint    ] Entering safepoint region: RevokeBias
[2022-06-13T03:17:29.201+0000][1][safepoint    ] Leaving safepoint region
[2022-06-13T03:17:29.201+0000][1][safepoint    ] Total time for which application threads were stopped: 0.0002914 seconds, Stopping threads took: 0.0001344 seconds
[2022-06-13T03:17:29.201+0000][1][safepoint    ] Application time: 0.0000831 seconds
[2022-06-13T03:17:29.202+0000][1][safepoint    ] Entering safepoint region: RevokeBias
[2022-06-13T03:17:29.202+0000][1][safepoint    ] Leaving safepoint region
[2022-06-13T03:17:29.202+0000][1][safepoint    ] Total time for which application threads were stopped: 0.0003374 seconds, Stopping threads took: 0.0001861 seconds
[2022-06-13T03:17:29.202+0000][1][safepoint    ] Application time: 0.0001088 seconds
[2022-06-13T03:17:29.202+0000][1][safepoint    ] Entering safepoint region: RevokeBias
[2022-06-13T03:17:29.202+0000][1][safepoint    ] Leaving safepoint region
[2022-06-13T03:17:29.203+0000][1][safepoint    ] Total time for which application threads were stopped: 0.0003256 seconds, Stopping threads took: 0.0002034 seconds
[2022-06-13T03:17:29.203+0000][1][safepoint    ] Application time: 0.0000874 seconds
[2022-06-13T03:17:29.203+0000][1][safepoint    ] Entering safepoint region: RevokeBias
[2022-06-13T03:17:29.203+0000][1][safepoint    ] Leaving safepoint region
[2022-06-13T03:17:29.203+0000][1][safepoint    ] Total time for which application threads were stopped: 0.0003477 seconds, Stopping threads took: 0.0001280 seconds
[2022-06-13T03:17:29.203+0000][1][safepoint    ] Application time: 0.0000748 seconds
[2022-06-13T03:17:29.204+0000][1][safepoint    ] Entering safepoint region: RevokeBias
[2022-06-13T03:17:29.204+0000][1][safepoint    ] Leaving safepoint region
[2022-06-13T03:17:29.204+0000][1][safepoint    ] Total time for which application threads were stopped: 0.0003849 seconds, Stopping threads took: 0.0001678 seconds
[2022-06-13T03:17:29.204+0000][1][safepoint    ] Application time: 0.0000912 seconds
[2022-06-13T03:17:29.204+0000][1][safepoint    ] Entering safepoint region: RevokeBias
[2022-06-13T03:17:29.204+0000][1][safepoint    ] Leaving safepoint region
[2022-06-13T03:17:29.205+0000][1][safepoint    ] Total time for which application threads were stopped: 0.0002716 seconds, Stopping threads took: 0.0001313 seconds
[2022-06-13T03:17:29.205+0000][1][safepoint    ] Application time: 0.0000964 seconds
[2022-06-13T03:17:29.205+0000][1][safepoint    ] Entering safepoint region: RevokeBias
[2022-06-13T03:17:29.205+0000][1][safepoint    ] Leaving safepoint region
[2022-06-13T03:17:29.205+0000][1][safepoint    ] Total time for which application threads were stopped: 0.0003190 seconds, Stopping threads took: 0.0001671 seconds
[2022-06-13T03:17:29.206+0000][1][safepoint    ] Application time: 0.0001099 seconds
[2022-06-13T03:17:29.206+0000][1][safepoint    ] Entering safepoint region: RevokeBias
[2022-06-13T03:17:29.206+0000][1][safepoint    ] Leaving safepoint region
[2022-06-13T03:17:29.206+0000][1][safepoint    ] Total time for which application threads were stopped: 0.0003463 seconds, Stopping threads took: 0.0001659 seconds
[2022-06-13T03:17:29.206+0000][1][safepoint    ] Application time: 0.0000895 seconds
[2022-06-13T03:17:29.206+0000][1][safepoint    ] Entering safepoint region: RevokeBias
[2022-06-13T03:17:29.207+0000][1][safepoint    ] Leaving safepoint region
[2022-06-13T03:17:29.207+0000][1][safepoint    ] Total time for which application threads were stopped: 0.0002778 seconds, Stopping threads took: 0.0001428 seconds
[2022-06-13T03:17:29.207+0000][1][safepoint    ] Application time: 0.0001931 seconds
[2022-06-13T03:17:29.207+0000][1][safepoint    ] Entering safepoint region: RevokeBias
[2022-06-13T03:17:29.207+0000][1][safepoint    ] Leaving safepoint region
[2022-06-13T03:17:29.208+0000][1][safepoint    ] Total time for which application threads were stopped: 0.0003470 seconds, Stopping threads took: 0.0001631 seconds
[2022-06-13T03:17:29.208+0000][1][safepoint    ] Application time: 0.0000975 seconds
[2022-06-13T03:17:29.208+0000][1][safepoint    ] Entering safepoint region: RevokeBias
[2022-06-13T03:17:29.208+0000][1][safepoint    ] Leaving safepoint region
[2022-06-13T03:17:29.208+0000][1][safepoint    ] Total time for which application threads were stopped: 0.0003177 seconds, Stopping threads took: 0.0001529 seconds
[2022-06-13T03:17:29.208+0000][1][safepoint    ] Application time: 0.0001065 seconds
[2022-06-13T03:17:29.209+0000][1][safepoint    ] Entering safepoint region: RevokeBias
[2022-06-13T03:17:29.209+0000][1][safepoint    ] Leaving safepoint region
[2022-06-13T03:17:29.209+0000][1][safepoint    ] Total time for which application threads were stopped: 0.0004137 seconds, Stopping threads took: 0.0002421 seconds
[2022-06-13T03:17:29.209+0000][1][safepoint    ] Application time: 0.0000884 seconds
[2022-06-13T03:17:29.209+0000][1][safepoint    ] Entering safepoint region: RevokeBias
[2022-06-13T03:17:29.210+0000][1][safepoint    ] Leaving safepoint region
[2022-06-13T03:17:29.210+0000][1][safepoint    ] Total time for which application threads were stopped: 0.0002377 seconds, Stopping threads took: 0.0001170 seconds
[2022-06-13T03:17:29.218+0000][1][safepoint    ] Application time: 0.0084786 seconds
[2022-06-13T03:17:29.218+0000][1][safepoint    ] Entering safepoint region: RevokeBias
[2022-06-13T03:17:29.219+0000][1][safepoint    ] Leaving safepoint region
[2022-06-13T03:17:29.219+0000][1][safepoint    ] Total time for which application threads were stopped: 0.0004443 seconds, Stopping threads took: 0.0001937 seconds
[2022-06-13T03:17:29.238+0000][1][safepoint    ] Application time: 0.0189467 seconds
[2022-06-13T03:17:29.238+0000][1][safepoint    ] Entering safepoint region: RevokeBias
[2022-06-13T03:17:29.239+0000][1][safepoint    ] Leaving safepoint region
[2022-06-13T03:17:29.239+0000][1][safepoint    ] Total time for which application threads were stopped: 0.0004483 seconds, Stopping threads took: 0.0001918 seconds
[2022-06-13T03:17:29.376+0000][1][safepoint    ] Application time: 0.1371528 seconds
[2022-06-13T03:17:29.376+0000][1][safepoint    ] Entering safepoint region: Deoptimize
[2022-06-13T03:17:29.377+0000][1][safepoint    ] Leaving safepoint region
[2022-06-13T03:17:29.377+0000][1][safepoint    ] Total time for which application threads were stopped: 0.0006309 seconds, Stopping threads took: 0.0001599 seconds
[2022-06-13T03:17:29.544+0000][1][safepoint    ] Application time: 0.1667355 seconds
[2022-06-13T03:17:29.545+0000][1][safepoint    ] Entering safepoint region: RevokeBias
[2022-06-13T03:17:29.545+0000][1][safepoint    ] Leaving safepoint region
[2022-06-13T03:17:29.545+0000][1][safepoint    ] Total time for which application threads were stopped: 0.0005524 seconds, Stopping threads took: 0.0002842 seconds
[2022-06-13T03:17:29.625+0000][1][safepoint    ] Application time: 0.0797523 seconds
[2022-06-13T03:17:29.625+0000][1][safepoint    ] Entering safepoint region: RevokeBias
[2022-06-13T03:17:29.626+0000][1][safepoint    ] Leaving safepoint region
[2022-06-13T03:17:29.626+0000][1][safepoint    ] Total time for which application threads were stopped: 0.0004713 seconds, Stopping threads took: 0.0002341 seconds
[2022-06-13T03:17:29.629+0000][1][safepoint    ] Application time: 0.0034855 seconds
[2022-06-13T03:17:29.630+0000][1][safepoint    ] Entering safepoint region: RevokeBias
[2022-06-13T03:17:29.630+0000][1][safepoint    ] Leaving safepoint region
[2022-06-13T03:17:29.630+0000][1][safepoint    ] Total time for which application threads were stopped: 0.0003271 seconds, Stopping threads took: 0.0001430 seconds
[2022-06-13T03:17:29.646+0000][1][safepoint    ] Application time: 0.0162104 seconds
[2022-06-13T03:17:29.647+0000][1][safepoint    ] Entering safepoint region: GenCollectForAllocation
[2022-06-13T03:17:29.647+0000][1][gc,start     ] GC(1) Pause Young (Allocation Failure)
[2022-06-13T03:17:29.647+0000][1][gc,task      ] GC(1) Using 5 workers of 13 for evacuation
[2022-06-13T03:17:29.660+0000][1][gc,age       ] GC(1) Desired survivor size 4456448 bytes, new threshold 6 (max threshold 6)
[2022-06-13T03:17:29.660+0000][1][gc,age       ] GC(1) Age table with threshold 6 (max threshold 6)
[2022-06-13T03:17:29.661+0000][1][gc,age       ] GC(1) - age   1:    1986320 bytes,    1986320 total
[2022-06-13T03:17:29.661+0000][1][gc,heap      ] GC(1) ParNew: 77965K->5351K(78656K)
[2022-06-13T03:17:29.661+0000][1][gc,heap      ] GC(1) CMS: 0K->6653K(174784K)
[2022-06-13T03:17:29.661+0000][1][gc,metaspace ] GC(1) Metaspace: 14852K->14852K(1062912K)
[2022-06-13T03:17:29.661+0000][1][gc           ] GC(1) Pause Young (Allocation Failure) 76M->11M(247M) 14.381ms
[2022-06-13T03:17:29.662+0000][1][gc,cpu       ] GC(1) User=0.06s Sys=0.01s Real=0.02s
[2022-06-13T03:17:29.662+0000][1][safepoint    ] Leaving safepoint region
[2022-06-13T03:17:29.662+0000][1][safepoint    ] Total time for which application threads were stopped: 0.0155406 seconds, Stopping threads took: 0.0002168 seconds
[2022-06-13T03:17:29.662+0000][1][safepoint    ] Application time: 0.0002295 seconds
[2022-06-13T03:17:29.663+0000][1][safepoint    ] Entering safepoint region: RevokeBias
[2022-06-13T03:17:29.663+0000][1][safepoint    ] Leaving safepoint region
[2022-06-13T03:17:29.663+0000][1][safepoint    ] Total time for which application threads were stopped: 0.0004589 seconds, Stopping threads took: 0.0002077 seconds
[2022-06-13T03:17:29.663+0000][1][safepoint    ] Application time: 0.0001094 seconds
[2022-06-13T03:17:29.663+0000][1][safepoint    ] Entering safepoint region: RevokeBias
[2022-06-13T03:17:29.664+0000][1][safepoint    ] Leaving safepoint region
[2022-06-13T03:17:29.664+0000][1][safepoint    ] Total time for which application threads were stopped: 0.0003873 seconds, Stopping threads took: 0.0001566 seconds
[2022-06-13T03:17:29.664+0000][1][safepoint    ] Application time: 0.0000793 seconds
[2022-06-13T03:17:29.664+0000][1][safepoint    ] Entering safepoint region: RevokeBias
[2022-06-13T03:17:29.664+0000][1][safepoint    ] Leaving safepoint region
[2022-06-13T03:17:29.664+0000][1][safepoint    ] Total time for which application threads were stopped: 0.0003162 seconds, Stopping threads took: 0.0001418 seconds
[2022-06-13T03:17:29.665+0000][1][safepoint    ] Application time: 0.0000878 seconds
[2022-06-13T03:17:29.665+0000][1][safepoint    ] Entering safepoint region: RevokeBias
[2022-06-13T03:17:29.665+0000][1][safepoint    ] Leaving safepoint region
[2022-06-13T03:17:29.665+0000][1][safepoint    ] Total time for which application threads were stopped: 0.0003205 seconds, Stopping threads took: 0.0001426 seconds
[2022-06-13T03:17:29.665+0000][1][safepoint    ] Application time: 0.0000910 seconds
[2022-06-13T03:17:29.666+0000][1][safepoint    ] Entering safepoint region: RevokeBias
[2022-06-13T03:17:29.666+0000][1][safepoint    ] Leaving safepoint region
[2022-06-13T03:17:29.666+0000][1][safepoint    ] Total time for which application threads were stopped: 0.0003173 seconds, Stopping threads took: 0.0001528 seconds
[2022-06-13T03:17:29.666+0000][1][safepoint    ] Application time: 0.0000886 seconds
[2022-06-13T03:17:29.666+0000][1][safepoint    ] Entering safepoint region: RevokeBias
[2022-06-13T03:17:29.666+0000][1][safepoint    ] Leaving safepoint region
[2022-06-13T03:17:29.666+0000][1][safepoint    ] Total time for which application threads were stopped: 0.0002857 seconds, Stopping threads took: 0.0001156 seconds
[2022-06-13T03:17:29.667+0000][1][safepoint    ] Application time: 0.0000551 seconds
[2022-06-13T03:17:29.667+0000][1][safepoint    ] Entering safepoint region: RevokeBias
[2022-06-13T03:17:29.667+0000][1][safepoint    ] Leaving safepoint region
[2022-06-13T03:17:29.667+0000][1][safepoint    ] Total time for which application threads were stopped: 0.0003861 seconds, Stopping threads took: 0.0001853 seconds
[2022-06-13T03:17:29.667+0000][1][safepoint    ] Application time: 0.0000418 seconds
[2022-06-13T03:17:29.668+0000][1][safepoint    ] Entering safepoint region: RevokeBias
[2022-06-13T03:17:29.668+0000][1][safepoint    ] Leaving safepoint region
[2022-06-13T03:17:29.668+0000][1][safepoint    ] Total time for which application threads were stopped: 0.0002747 seconds, Stopping threads took: 0.0001380 seconds
[2022-06-13T03:17:29.668+0000][1][safepoint    ] Application time: 0.0000853 seconds
[2022-06-13T03:17:29.668+0000][1][safepoint    ] Entering safepoint region: RevokeBias
[2022-06-13T03:17:29.668+0000][1][safepoint    ] Leaving safepoint region
[2022-06-13T03:17:29.668+0000][1][safepoint    ] Total time for which application threads were stopped: 0.0002499 seconds, Stopping threads took: 0.0001309 seconds
[2022-06-13T03:17:29.669+0000][1][safepoint    ] Application time: 0.0000876 seconds
[2022-06-13T03:17:29.669+0000][1][safepoint    ] Entering safepoint region: RevokeBias
[2022-06-13T03:17:29.669+0000][1][safepoint    ] Leaving safepoint region
[2022-06-13T03:17:29.669+0000][1][safepoint    ] Total time for which application threads were stopped: 0.0002304 seconds, Stopping threads took: 0.0001078 seconds
[2022-06-13T03:17:29.669+0000][1][safepoint    ] Application time: 0.0000924 seconds
[2022-06-13T03:17:29.669+0000][1][safepoint    ] Entering safepoint region: BulkRevokeBias
[2022-06-13T03:17:29.669+0000][1][safepoint    ] Leaving safepoint region
[2022-06-13T03:17:29.670+0000][1][safepoint    ] Total time for which application threads were stopped: 0.0003172 seconds, Stopping threads took: 0.0001445 seconds
[2022-06-13T03:17:29.670+0000][1][safepoint    ] Application time: 0.0000775 seconds
[2022-06-13T03:17:29.670+0000][1][safepoint    ] Entering safepoint region: RevokeBias
[2022-06-13T03:17:29.670+0000][1][safepoint    ] Leaving safepoint region
[2022-06-13T03:17:29.670+0000][1][safepoint    ] Total time for which application threads were stopped: 0.0003086 seconds, Stopping threads took: 0.0001430 seconds
[2022-06-13T03:17:29.670+0000][1][safepoint    ] Application time: 0.0000804 seconds
[2022-06-13T03:17:29.670+0000][1][safepoint    ] Entering safepoint region: BulkRevokeBias
[2022-06-13T03:17:29.671+0000][1][safepoint    ] Leaving safepoint region
[2022-06-13T03:17:29.671+0000][1][safepoint    ] Total time for which application threads were stopped: 0.0002792 seconds, Stopping threads took: 0.0001362 seconds
[2022-06-13T03:17:29.761+0000][1][safepoint    ] Application time: 0.0898673 seconds
[2022-06-13T03:17:29.761+0000][1][safepoint    ] Entering safepoint region: GenCollectForAllocation
[2022-06-13T03:17:29.761+0000][1][gc,start     ] GC(2) Pause Young (Allocation Failure)
[2022-06-13T03:17:29.762+0000][1][gc,task      ] GC(2) Using 5 workers of 13 for evacuation
[2022-06-13T03:17:29.765+0000][1][gc,age       ] GC(2) Desired survivor size 4456448 bytes, new threshold 6 (max threshold 6)
[2022-06-13T03:17:29.765+0000][1][gc,age       ] GC(2) Age table with threshold 6 (max threshold 6)
[2022-06-13T03:17:29.765+0000][1][gc,age       ] GC(2) - age   1:    2582840 bytes,    2582840 total
[2022-06-13T03:17:29.765+0000][1][gc,age       ] GC(2) - age   2:    1180472 bytes,    3763312 total
[2022-06-13T03:17:29.765+0000][1][gc,heap      ] GC(2) ParNew: 75303K->4867K(78656K)
[2022-06-13T03:17:29.765+0000][1][gc,heap      ] GC(2) CMS: 6653K->6653K(174784K)
[2022-06-13T03:17:29.766+0000][1][gc,metaspace ] GC(2) Metaspace: 14985K->14985K(1062912K)
[2022-06-13T03:17:29.766+0000][1][gc           ] GC(2) Pause Young (Allocation Failure) 80M->11M(247M) 4.337ms
[2022-06-13T03:17:29.766+0000][1][gc,cpu       ] GC(2) User=0.02s Sys=0.00s Real=0.00s
[2022-06-13T03:17:29.766+0000][1][safepoint    ] Leaving safepoint region
[2022-06-13T03:17:29.766+0000][1][safepoint    ] Total time for which application threads were stopped: 0.0050093 seconds, Stopping threads took: 0.0001702 seconds
[2022-06-13T03:17:29.766+0000][1][safepoint    ] Application time: 0.0001860 seconds
[2022-06-13T03:17:29.767+0000][1][safepoint    ] Entering safepoint region: RevokeBias
[2022-06-13T03:17:29.767+0000][1][safepoint    ] Leaving safepoint region
[2022-06-13T03:17:29.767+0000][1][safepoint    ] Total time for which application threads were stopped: 0.0003567 seconds, Stopping threads took: 0.0001557 seconds
[2022-06-13T03:17:29.767+0000][1][safepoint    ] Application time: 0.0000696 seconds
[2022-06-13T03:17:29.767+0000][1][safepoint    ] Entering safepoint region: RevokeBias
[2022-06-13T03:17:29.767+0000][1][safepoint    ] Leaving safepoint region
[2022-06-13T03:17:29.768+0000][1][safepoint    ] Total time for which application threads were stopped: 0.0003351 seconds, Stopping threads took: 0.0001142 seconds
[2022-06-13T03:17:29.768+0000][1][safepoint    ] Application time: 0.0001475 seconds
[2022-06-13T03:17:29.768+0000][1][safepoint    ] Entering safepoint region: RevokeBias
[2022-06-13T03:17:29.768+0000][1][safepoint    ] Leaving safepoint region
[2022-06-13T03:17:29.768+0000][1][safepoint    ] Total time for which application threads were stopped: 0.0003826 seconds, Stopping threads took: 0.0002187 seconds
[2022-06-13T03:17:29.769+0000][1][safepoint    ] Application time: 0.0000762 seconds
[2022-06-13T03:17:29.769+0000][1][safepoint    ] Entering safepoint region: RevokeBias
[2022-06-13T03:17:29.769+0000][1][safepoint    ] Leaving safepoint region
[2022-06-13T03:17:29.769+0000][1][safepoint    ] Total time for which application threads were stopped: 0.0002793 seconds, Stopping threads took: 0.0001151 seconds
[2022-06-13T03:17:29.769+0000][1][safepoint    ] Application time: 0.0000815 seconds
[2022-06-13T03:17:29.769+0000][1][safepoint    ] Entering safepoint region: RevokeBias
[2022-06-13T03:17:29.769+0000][1][safepoint    ] Leaving safepoint region
[2022-06-13T03:17:29.770+0000][1][safepoint    ] Total time for which application threads were stopped: 0.0010252 seconds, Stopping threads took: 0.0001820 seconds
[2022-06-13T03:17:29.771+0000][1][safepoint    ] Application time: 0.0000491 seconds
[2022-06-13T03:17:29.771+0000][1][safepoint    ] Entering safepoint region: RevokeBias
[2022-06-13T03:17:29.771+0000][1][safepoint    ] Leaving safepoint region
[2022-06-13T03:17:29.771+0000][1][safepoint    ] Total time for which application threads were stopped: 0.0003578 seconds, Stopping threads took: 0.0001474 seconds
[2022-06-13T03:17:29.885+0000][1][safepoint    ] Application time: 0.1136723 seconds
[2022-06-13T03:17:29.885+0000][1][safepoint    ] Entering safepoint region: Deoptimize
[2022-06-13T03:17:29.886+0000][1][safepoint    ] Leaving safepoint region
[2022-06-13T03:17:29.887+0000][1][safepoint    ] Total time for which application threads were stopped: 0.0013750 seconds, Stopping threads took: 0.0001827 seconds
[2022-06-13T03:17:29.892+0000][1][safepoint    ] Application time: 0.0048271 seconds
[2022-06-13T03:17:29.892+0000][1][safepoint    ] Entering safepoint region: Deoptimize
[2022-06-13T03:17:29.893+0000][1][safepoint    ] Leaving safepoint region
[2022-06-13T03:17:29.893+0000][1][safepoint    ] Total time for which application threads were stopped: 0.0007658 seconds, Stopping threads took: 0.0001925 seconds
[2022-06-13T03:17:30.061+0000][1][safepoint    ] Application time: 0.1678822 seconds
[2022-06-13T03:17:30.061+0000][1][safepoint    ] Entering safepoint region: GenCollectForAllocation
[2022-06-13T03:17:30.062+0000][1][gc,start     ] GC(3) Pause Young (Allocation Failure)
[2022-06-13T03:17:30.062+0000][1][gc,task      ] GC(3) Using 5 workers of 13 for evacuation
[2022-06-13T03:17:30.065+0000][1][gc,age       ] GC(3) Desired survivor size 4456448 bytes, new threshold 3 (max threshold 6)
[2022-06-13T03:17:30.066+0000][1][gc,age       ] GC(3) Age table with threshold 3 (max threshold 6)
[2022-06-13T03:17:30.066+0000][1][gc,age       ] GC(3) - age   1:    3258336 bytes,    3258336 total
[2022-06-13T03:17:30.066+0000][1][gc,age       ] GC(3) - age   2:     293984 bytes,    3552320 total
[2022-06-13T03:17:30.066+0000][1][gc,age       ] GC(3) - age   3:    1177168 bytes,    4729488 total
[2022-06-13T03:17:30.066+0000][1][gc,heap      ] GC(3) ParNew: 74819K->5074K(78656K)
[2022-06-13T03:17:30.067+0000][1][gc,heap      ] GC(3) CMS: 6653K->6653K(174784K)
[2022-06-13T03:17:30.067+0000][1][gc,metaspace ] GC(3) Metaspace: 18395K->18395K(1067008K)
[2022-06-13T03:17:30.067+0000][1][gc           ] GC(3) Pause Young (Allocation Failure) 79M->11M(247M) 5.351ms
[2022-06-13T03:17:30.067+0000][1][gc,cpu       ] GC(3) User=0.02s Sys=0.00s Real=0.00s
[2022-06-13T03:17:30.067+0000][1][safepoint    ] Leaving safepoint region
[2022-06-13T03:17:30.068+0000][1][safepoint    ] Total time for which application threads were stopped: 0.0063454 seconds, Stopping threads took: 0.0002822 seconds
[2022-06-13T03:17:30.068+0000][1][safepoint    ] Application time: 0.0002778 seconds
[2022-06-13T03:17:30.068+0000][1][safepoint    ] Entering safepoint region: RevokeBias
[2022-06-13T03:17:30.069+0000][1][safepoint    ] Leaving safepoint region
[2022-06-13T03:17:30.069+0000][1][safepoint    ] Total time for which application threads were stopped: 0.0005608 seconds, Stopping threads took: 0.0002777 seconds
[2022-06-13T03:17:30.069+0000][1][safepoint    ] Application time: 0.0001083 seconds
[2022-06-13T03:17:30.069+0000][1][safepoint    ] Entering safepoint region: RevokeBias
[2022-06-13T03:17:30.070+0000][1][safepoint    ] Leaving safepoint region
[2022-06-13T03:17:30.070+0000][1][safepoint    ] Total time for which application threads were stopped: 0.0005810 seconds, Stopping threads took: 0.0003012 seconds
[2022-06-13T03:17:30.071+0000][1][safepoint    ] Application time: 0.0011136 seconds
[2022-06-13T03:17:30.071+0000][1][safepoint    ] Entering safepoint region: RevokeBias
[2022-06-13T03:17:30.073+0000][1][safepoint    ] Leaving safepoint region
[2022-06-13T03:17:30.073+0000][1][safepoint    ] Total time for which application threads were stopped: 0.0015954 seconds, Stopping threads took: 0.0002397 seconds
[2022-06-13T03:17:30.073+0000][1][safepoint    ] Application time: 0.0001061 seconds
[2022-06-13T03:17:30.073+0000][1][safepoint    ] Entering safepoint region: RevokeBias
[2022-06-13T03:17:30.074+0000][1][safepoint    ] Leaving safepoint region
[2022-06-13T03:17:30.074+0000][1][safepoint    ] Total time for which application threads were stopped: 0.0004396 seconds, Stopping threads took: 0.0002146 seconds
[2022-06-13T03:17:30.074+0000][1][safepoint    ] Application time: 0.0001117 seconds
[2022-06-13T03:17:30.074+0000][1][safepoint    ] Entering safepoint region: RevokeBias
[2022-06-13T03:17:30.074+0000][1][safepoint    ] Leaving safepoint region
[2022-06-13T03:17:30.075+0000][1][safepoint    ] Total time for which application threads were stopped: 0.0003861 seconds, Stopping threads took: 0.0002052 seconds
[2022-06-13T03:17:30.075+0000][1][safepoint    ] Application time: 0.0000846 seconds
[2022-06-13T03:17:30.075+0000][1][safepoint    ] Entering safepoint region: RevokeBias
[2022-06-13T03:17:30.075+0000][1][safepoint    ] Leaving safepoint region
[2022-06-13T03:17:30.075+0000][1][safepoint    ] Total time for which application threads were stopped: 0.0003931 seconds, Stopping threads took: 0.0001827 seconds
[2022-06-13T03:17:30.077+0000][1][safepoint    ] Application time: 0.0017106 seconds
[2022-06-13T03:17:30.078+0000][1][safepoint    ] Entering safepoint region: RevokeBias
[2022-06-13T03:17:30.078+0000][1][safepoint    ] Leaving safepoint region
[2022-06-13T03:17:30.078+0000][1][safepoint    ] Total time for which application threads were stopped: 0.0005547 seconds, Stopping threads took: 0.0001903 seconds
[2022-06-13T03:17:30.078+0000][1][safepoint    ] Application time: 0.0000965 seconds
[2022-06-13T03:17:30.079+0000][1][safepoint    ] Entering safepoint region: RevokeBias
[2022-06-13T03:17:30.079+0000][1][safepoint    ] Leaving safepoint region
[2022-06-13T03:17:30.079+0000][1][safepoint    ] Total time for which application threads were stopped: 0.0003458 seconds, Stopping threads took: 0.0001618 seconds
[2022-06-13T03:17:30.080+0000][1][safepoint    ] Application time: 0.0008989 seconds
[2022-06-13T03:17:30.080+0000][1][safepoint    ] Entering safepoint region: RevokeBias
[2022-06-13T03:17:30.080+0000][1][safepoint    ] Leaving safepoint region
[2022-06-13T03:17:30.081+0000][1][safepoint    ] Total time for which application threads were stopped: 0.0003960 seconds, Stopping threads took: 0.0001969 seconds
[2022-06-13T03:17:30.081+0000][1][safepoint    ] Application time: 0.0000732 seconds
[2022-06-13T03:17:30.081+0000][1][safepoint    ] Entering safepoint region: RevokeBias
[2022-06-13T03:17:30.081+0000][1][safepoint    ] Leaving safepoint region
[2022-06-13T03:17:30.085+0000][1][safepoint    ] Total time for which application threads were stopped: 0.0037057 seconds, Stopping threads took: 0.0003641 seconds
[2022-06-13T03:17:30.085+0000][1][safepoint    ] Application time: 0.0000652 seconds
[2022-06-13T03:17:30.086+0000][1][safepoint    ] Entering safepoint region: RevokeBias
[2022-06-13T03:17:30.086+0000][1][safepoint    ] Leaving safepoint region
[2022-06-13T03:17:30.086+0000][1][safepoint    ] Total time for which application threads were stopped: 0.0005337 seconds, Stopping threads took: 0.0002126 seconds
[2022-06-13T03:17:30.087+0000][1][safepoint    ] Application time: 0.0000760 seconds
[2022-06-13T03:17:30.087+0000][1][safepoint    ] Entering safepoint region: RevokeBias
[2022-06-13T03:17:30.087+0000][1][safepoint    ] Leaving safepoint region
[2022-06-13T03:17:30.088+0000][1][safepoint    ] Total time for which application threads were stopped: 0.0008084 seconds, Stopping threads took: 0.0001953 seconds
[2022-06-13T03:17:30.088+0000][1][safepoint    ] Application time: 0.0002237 seconds
[2022-06-13T03:17:30.089+0000][1][safepoint    ] Entering safepoint region: RevokeBias
[2022-06-13T03:17:30.090+0000][1][safepoint    ] Leaving safepoint region
[2022-06-13T03:17:30.090+0000][1][safepoint    ] Total time for which application threads were stopped: 0.0018216 seconds, Stopping threads took: 0.0015535 seconds
[2022-06-13T03:17:30.093+0000][1][safepoint    ] Application time: 0.0019846 seconds
[2022-06-13T03:17:30.093+0000][1][safepoint    ] Entering safepoint region: RevokeBias
[2022-06-13T03:17:30.093+0000][1][safepoint    ] Leaving safepoint region
[2022-06-13T03:17:30.094+0000][1][safepoint    ] Total time for which application threads were stopped: 0.0009324 seconds, Stopping threads took: 0.0002536 seconds
[2022-06-13T03:17:30.094+0000][1][safepoint    ] Application time: 0.0000931 seconds
[2022-06-13T03:17:30.094+0000][1][safepoint    ] Entering safepoint region: RevokeBias
[2022-06-13T03:17:30.094+0000][1][safepoint    ] Leaving safepoint region
[2022-06-13T03:17:30.095+0000][1][safepoint    ] Total time for which application threads were stopped: 0.0003502 seconds, Stopping threads took: 0.0001538 seconds
[2022-06-13T03:17:30.095+0000][1][safepoint    ] Application time: 0.0001157 seconds
[2022-06-13T03:17:30.095+0000][1][safepoint    ] Entering safepoint region: RevokeBias
[2022-06-13T03:17:30.095+0000][1][safepoint    ] Leaving safepoint region
[2022-06-13T03:17:30.095+0000][1][safepoint    ] Total time for which application threads were stopped: 0.0004299 seconds, Stopping threads took: 0.0002009 seconds
[2022-06-13T03:17:30.096+0000][1][safepoint    ] Application time: 0.0000547 seconds
[2022-06-13T03:17:30.096+0000][1][safepoint    ] Entering safepoint region: RevokeBias
[2022-06-13T03:17:30.096+0000][1][safepoint    ] Leaving safepoint region
[2022-06-13T03:17:30.096+0000][1][safepoint    ] Total time for which application threads were stopped: 0.0003311 seconds, Stopping threads took: 0.0001707 seconds
[2022-06-13T03:17:30.096+0000][1][safepoint    ] Application time: 0.0001134 seconds
[2022-06-13T03:17:30.097+0000][1][safepoint    ] Entering safepoint region: RevokeBias
[2022-06-13T03:17:30.097+0000][1][safepoint    ] Leaving safepoint region
[2022-06-13T03:17:30.097+0000][1][safepoint    ] Total time for which application threads were stopped: 0.0003812 seconds, Stopping threads took: 0.0002037 seconds
[2022-06-13T03:17:30.097+0000][1][safepoint    ] Application time: 0.0000457 seconds
[2022-06-13T03:17:30.097+0000][1][safepoint    ] Entering safepoint region: RevokeBias
[2022-06-13T03:17:30.097+0000][1][safepoint    ] Leaving safepoint region
[2022-06-13T03:17:30.098+0000][1][safepoint    ] Total time for which application threads were stopped: 0.0003608 seconds, Stopping threads took: 0.0001731 seconds
[2022-06-13T03:17:30.098+0000][1][safepoint    ] Application time: 0.0000586 seconds
[2022-06-13T03:17:30.098+0000][1][safepoint    ] Entering safepoint region: RevokeBias
[2022-06-13T03:17:30.098+0000][1][safepoint    ] Leaving safepoint region
[2022-06-13T03:17:30.098+0000][1][safepoint    ] Total time for which application threads were stopped: 0.0003310 seconds, Stopping threads took: 0.0001349 seconds
[2022-06-13T03:17:30.099+0000][1][safepoint    ] Application time: 0.0002764 seconds
[2022-06-13T03:17:30.099+0000][1][safepoint    ] Entering safepoint region: RevokeBias
[2022-06-13T03:17:30.109+0000][1][safepoint    ] Leaving safepoint region
[2022-06-13T03:17:30.116+0000][1][safepoint    ] Total time for which application threads were stopped: 0.0169523 seconds, Stopping threads took: 0.0102459 seconds
[2022-06-13T03:17:30.215+0000][1][safepoint    ] Application time: 0.0989047 seconds
[2022-06-13T03:17:30.216+0000][1][safepoint    ] Entering safepoint region: GenCollectForAllocation
[2022-06-13T03:17:30.216+0000][1][gc,start     ] GC(4) Pause Young (Allocation Failure)
[2022-06-13T03:17:30.217+0000][1][gc,task      ] GC(4) Using 5 workers of 13 for evacuation
[2022-06-13T03:17:30.221+0000][1][gc,age       ] GC(4) Desired survivor size 4456448 bytes, new threshold 2 (max threshold 6)
[2022-06-13T03:17:30.221+0000][1][gc,age       ] GC(4) Age table with threshold 2 (max threshold 6)
[2022-06-13T03:17:30.221+0000][1][gc,age       ] GC(4) - age   1:    1453096 bytes,    1453096 total
[2022-06-13T03:17:30.222+0000][1][gc,age       ] GC(4) - age   2:    3221704 bytes,    4674800 total
[2022-06-13T03:17:30.222+0000][1][gc,age       ] GC(4) - age   3:     293456 bytes,    4968256 total
[2022-06-13T03:17:30.222+0000][1][gc,heap      ] GC(4) ParNew: 75026K->6849K(78656K)
[2022-06-13T03:17:30.222+0000][1][gc,heap      ] GC(4) CMS: 6653K->7849K(174784K)
[2022-06-13T03:17:30.222+0000][1][gc,metaspace ] GC(4) Metaspace: 18695K->18695K(1067008K)
[2022-06-13T03:17:30.222+0000][1][gc           ] GC(4) Pause Young (Allocation Failure) 79M->14M(247M) 6.055ms
[2022-06-13T03:17:30.223+0000][1][gc,cpu       ] GC(4) User=0.03s Sys=0.00s Real=0.01s
[2022-06-13T03:17:30.223+0000][1][safepoint    ] Leaving safepoint region
[2022-06-13T03:17:30.223+0000][1][safepoint    ] Total time for which application threads were stopped: 0.0068253 seconds, Stopping threads took: 0.0002480 seconds
[2022-06-13T03:17:30.223+0000][1][safepoint    ] Application time: 0.0001647 seconds
[2022-06-13T03:17:30.223+0000][1][safepoint    ] Entering safepoint region: RevokeBias
[2022-06-13T03:17:30.224+0000][1][safepoint    ] Leaving safepoint region
[2022-06-13T03:17:30.224+0000][1][safepoint    ] Total time for which application threads were stopped: 0.0003940 seconds, Stopping threads took: 0.0001860 seconds
[2022-06-13T03:17:30.224+0000][1][safepoint    ] Application time: 0.0000316 seconds
[2022-06-13T03:17:30.224+0000][1][safepoint    ] Entering safepoint region: RevokeBias
[2022-06-13T03:17:30.224+0000][1][safepoint    ] Leaving safepoint region
[2022-06-13T03:17:30.224+0000][1][safepoint    ] Total time for which application threads were stopped: 0.0002699 seconds, Stopping threads took: 0.0001269 seconds
[2022-06-13T03:17:30.224+0000][1][safepoint    ] Application time: 0.0000889 seconds
[2022-06-13T03:17:30.225+0000][1][safepoint    ] Entering safepoint region: RevokeBias
[2022-06-13T03:17:30.225+0000][1][safepoint    ] Leaving safepoint region
[2022-06-13T03:17:30.225+0000][1][safepoint    ] Total time for which application threads were stopped: 0.0003422 seconds, Stopping threads took: 0.0001663 seconds
[2022-06-13T03:17:30.225+0000][1][safepoint    ] Application time: 0.0000649 seconds
[2022-06-13T03:17:30.226+0000][1][safepoint    ] Entering safepoint region: RevokeBias
[2022-06-13T03:17:30.226+0000][1][safepoint    ] Leaving safepoint region
[2022-06-13T03:17:30.226+0000][1][safepoint    ] Total time for which application threads were stopped: 0.0003491 seconds, Stopping threads took: 0.0001847 seconds
[2022-06-13T03:17:30.250+0000][1][safepoint    ] Application time: 0.0234871 seconds
[2022-06-13T03:17:30.250+0000][1][safepoint    ] Entering safepoint region: Deoptimize
[2022-06-13T03:17:30.251+0000][1][safepoint    ] Leaving safepoint region
[2022-06-13T03:17:30.251+0000][1][safepoint    ] Total time for which application threads were stopped: 0.0007706 seconds, Stopping threads took: 0.0002002 seconds
[2022-06-13T03:17:30.281+0000][1][safepoint    ] Application time: 0.0303721 seconds
[2022-06-13T03:17:30.282+0000][1][safepoint    ] Entering safepoint region: Deoptimize
[2022-06-13T03:17:30.282+0000][1][safepoint    ] Leaving safepoint region
[2022-06-13T03:17:30.282+0000][1][safepoint    ] Total time for which application threads were stopped: 0.0008268 seconds, Stopping threads took: 0.0001953 seconds
[2022-06-13T03:17:30.285+0000][1][safepoint    ] Application time: 0.0019869 seconds
[2022-06-13T03:17:30.285+0000][1][safepoint    ] Entering safepoint region: RevokeBias
[2022-06-13T03:17:30.285+0000][1][safepoint    ] Leaving safepoint region
[2022-06-13T03:17:30.285+0000][1][safepoint    ] Total time for which application threads were stopped: 0.0003773 seconds, Stopping threads took: 0.0001748 seconds
[2022-06-13T03:17:30.366+0000][1][safepoint    ] Application time: 0.0802852 seconds
[2022-06-13T03:17:30.366+0000][1][safepoint    ] Entering safepoint region: GenCollectForAllocation
[2022-06-13T03:17:30.367+0000][1][gc,start     ] GC(5) Pause Young (Allocation Failure)
[2022-06-13T03:17:30.367+0000][1][gc,task      ] GC(5) Using 5 workers of 13 for evacuation
[2022-06-13T03:17:30.390+0000][1][gc,age       ] GC(5) Desired survivor size 4456448 bytes, new threshold 6 (max threshold 6)
[2022-06-13T03:17:30.391+0000][1][gc,age       ] GC(5) Age table with threshold 6 (max threshold 6)
[2022-06-13T03:17:30.399+0000][1][gc,age       ] GC(5) - age   1:    2224296 bytes,    2224296 total
[2022-06-13T03:17:30.402+0000][1][gc,age       ] GC(5) - age   2:     555040 bytes,    2779336 total
[2022-06-13T03:17:30.402+0000][1][gc,heap      ] GC(5) ParNew: 76801K->5636K(78656K)
[2022-06-13T03:17:30.403+0000][1][gc,heap      ] GC(5) CMS: 7849K->11307K(174784K)
[2022-06-13T03:17:30.403+0000][1][gc,metaspace ] GC(5) Metaspace: 19052K->19052K(1067008K)
[2022-06-13T03:17:30.408+0000][1][gc           ] GC(5) Pause Young (Allocation Failure) 82M->16M(247M) 40.879ms
[2022-06-13T03:17:30.412+0000][1][gc,cpu       ] GC(5) User=0.09s Sys=0.00s Real=0.05s
[2022-06-13T03:17:30.419+0000][1][safepoint    ] Leaving safepoint region
[2022-06-13T03:17:30.419+0000][1][safepoint    ] Total time for which application threads were stopped: 0.0530361 seconds, Stopping threads took: 0.0006898 seconds
[2022-06-13T03:17:30.420+0000][1][safepoint    ] Application time: 0.0007617 seconds
[2022-06-13T03:17:30.423+0000][1][safepoint    ] Entering safepoint region: RevokeBias
[2022-06-13T03:17:30.423+0000][1][safepoint    ] Leaving safepoint region
[2022-06-13T03:17:30.425+0000][1][safepoint    ] Total time for which application threads were stopped: 0.0041138 seconds, Stopping threads took: 0.0023557 seconds
[2022-06-13T03:17:30.425+0000][1][safepoint    ] Application time: 0.0000675 seconds
[2022-06-13T03:17:30.429+0000][1][safepoint    ] Entering safepoint region: RevokeBias
[2022-06-13T03:17:30.430+0000][1][safepoint    ] Leaving safepoint region
[2022-06-13T03:17:30.430+0000][1][safepoint    ] Total time for which application threads were stopped: 0.0045872 seconds, Stopping threads took: 0.0043629 seconds
[2022-06-13T03:17:30.430+0000][1][safepoint    ] Application time: 0.0000573 seconds
[2022-06-13T03:17:30.430+0000][1][safepoint    ] Entering safepoint region: RevokeBias
[2022-06-13T03:17:30.430+0000][1][safepoint    ] Leaving safepoint region
[2022-06-13T03:17:30.430+0000][1][safepoint    ] Total time for which application threads were stopped: 0.0002427 seconds, Stopping threads took: 0.0001019 seconds
[2022-06-13T03:17:30.430+0000][1][safepoint    ] Application time: 0.0000178 seconds
[2022-06-13T03:17:30.430+0000][1][safepoint    ] Entering safepoint region: RevokeBias
[2022-06-13T03:17:30.431+0000][1][safepoint    ] Leaving safepoint region
[2022-06-13T03:17:30.431+0000][1][safepoint    ] Total time for which application threads were stopped: 0.0002558 seconds, Stopping threads took: 0.0001259 seconds
[2022-06-13T03:17:30.431+0000][1][safepoint    ] Application time: 0.0000244 seconds
[2022-06-13T03:17:30.431+0000][1][safepoint    ] Entering safepoint region: RevokeBias
[2022-06-13T03:17:30.431+0000][1][safepoint    ] Leaving safepoint region
[2022-06-13T03:17:30.431+0000][1][safepoint    ] Total time for which application threads were stopped: 0.0002171 seconds, Stopping threads took: 0.0001010 seconds
[2022-06-13T03:17:30.431+0000][1][safepoint    ] Application time: 0.0000145 seconds
[2022-06-13T03:17:30.431+0000][1][safepoint    ] Entering safepoint region: RevokeBias
[2022-06-13T03:17:30.431+0000][1][safepoint    ] Leaving safepoint region
[2022-06-13T03:17:30.432+0000][1][safepoint    ] Total time for which application threads were stopped: 0.0002441 seconds, Stopping threads took: 0.0000954 seconds
[2022-06-13T03:17:30.562+0000][1][safepoint    ] Application time: 0.1299191 seconds
[2022-06-13T03:17:30.562+0000][1][safepoint    ] Entering safepoint region: GenCollectForAllocation
[2022-06-13T03:17:30.562+0000][1][gc,start     ] GC(6) Pause Young (Allocation Failure)
[2022-06-13T03:17:30.562+0000][1][gc,task      ] GC(6) Using 5 workers of 13 for evacuation
[2022-06-13T03:17:30.564+0000][1][gc,age       ] GC(6) Desired survivor size 4456448 bytes, new threshold 6 (max threshold 6)
[2022-06-13T03:17:30.564+0000][1][gc,age       ] GC(6) Age table with threshold 6 (max threshold 6)
[2022-06-13T03:17:30.564+0000][1][gc,age       ] GC(6) - age   1:    1330352 bytes,    1330352 total
[2022-06-13T03:17:30.565+0000][1][gc,age       ] GC(6) - age   2:    2195272 bytes,    3525624 total
[2022-06-13T03:17:30.565+0000][1][gc,age       ] GC(6) - age   3:     555040 bytes,    4080664 total
[2022-06-13T03:17:30.565+0000][1][gc,heap      ] GC(6) ParNew: 75588K->5255K(78656K)
[2022-06-13T03:17:30.565+0000][1][gc,heap      ] GC(6) CMS: 11307K->11307K(174784K)
[2022-06-13T03:17:30.565+0000][1][gc,metaspace ] GC(6) Metaspace: 19358K->19358K(1067008K)
[2022-06-13T03:17:30.565+0000][1][gc           ] GC(6) Pause Young (Allocation Failure) 84M->16M(247M) 2.868ms
[2022-06-13T03:17:30.565+0000][1][gc,cpu       ] GC(6) User=0.01s Sys=0.00s Real=0.00s
[2022-06-13T03:17:30.565+0000][1][safepoint    ] Leaving safepoint region
[2022-06-13T03:17:30.565+0000][1][safepoint    ] Total time for which application threads were stopped: 0.0034671 seconds, Stopping threads took: 0.0001940 seconds
[2022-06-13T03:17:30.566+0000][1][safepoint    ] Application time: 0.0002047 seconds
[2022-06-13T03:17:30.566+0000][1][safepoint    ] Entering safepoint region: RevokeBias
[2022-06-13T03:17:30.566+0000][1][safepoint    ] Leaving safepoint region
[2022-06-13T03:17:30.566+0000][1][safepoint    ] Total time for which application threads were stopped: 0.0003901 seconds, Stopping threads took: 0.0001778 seconds
[2022-06-13T03:17:30.566+0000][1][safepoint    ] Application time: 0.0000476 seconds
[2022-06-13T03:17:30.567+0000][1][safepoint    ] Entering safepoint region: BulkRevokeBias
[2022-06-13T03:17:30.567+0000][1][safepoint    ] Leaving safepoint region
[2022-06-13T03:17:30.567+0000][1][safepoint    ] Total time for which application threads were stopped: 0.0003915 seconds, Stopping threads took: 0.0001296 seconds
[2022-06-13T03:17:30.567+0000][1][safepoint    ] Application time: 0.0000594 seconds
[2022-06-13T03:17:30.567+0000][1][safepoint    ] Entering safepoint region: BulkRevokeBias
[2022-06-13T03:17:30.567+0000][1][safepoint    ] Leaving safepoint region
[2022-06-13T03:17:30.568+0000][1][safepoint    ] Total time for which application threads were stopped: 0.0003529 seconds, Stopping threads took: 0.0001525 seconds
[2022-06-13T03:17:30.677+0000][1][safepoint    ] Application time: 0.1089167 seconds
[2022-06-13T03:17:30.677+0000][1][safepoint    ] Entering safepoint region: GenCollectForAllocation
[2022-06-13T03:17:30.677+0000][1][gc,start     ] GC(7) Pause Young (Allocation Failure)
[2022-06-13T03:17:30.677+0000][1][gc,task      ] GC(7) Using 5 workers of 13 for evacuation
[2022-06-13T03:17:30.680+0000][1][gc,age       ] GC(7) Desired survivor size 4456448 bytes, new threshold 6 (max threshold 6)
[2022-06-13T03:17:30.680+0000][1][gc,age       ] GC(7) Age table with threshold 6 (max threshold 6)
[2022-06-13T03:17:30.680+0000][1][gc,age       ] GC(7) - age   1:     535480 bytes,     535480 total
[2022-06-13T03:17:30.680+0000][1][gc,age       ] GC(7) - age   2:    1129728 bytes,    1665208 total
[2022-06-13T03:17:30.681+0000][1][gc,age       ] GC(7) - age   3:    2193264 bytes,    3858472 total
[2022-06-13T03:17:30.681+0000][1][gc,age       ] GC(7) - age   4:     555040 bytes,    4413512 total
[2022-06-13T03:17:30.681+0000][1][gc,heap      ] GC(7) ParNew: 75207K->5860K(78656K)
[2022-06-13T03:17:30.681+0000][1][gc,heap      ] GC(7) CMS: 11307K->11307K(174784K)
[2022-06-13T03:17:30.681+0000][1][gc,metaspace ] GC(7) Metaspace: 19815K->19815K(1067008K)
[2022-06-13T03:17:30.681+0000][1][gc           ] GC(7) Pause Young (Allocation Failure) 84M->16M(247M) 4.052ms
[2022-06-13T03:17:30.681+0000][1][gc,cpu       ] GC(7) User=0.01s Sys=0.00s Real=0.01s
[2022-06-13T03:17:30.682+0000][1][safepoint    ] Leaving safepoint region
[2022-06-13T03:17:30.682+0000][1][safepoint    ] Total time for which application threads were stopped: 0.0047735 seconds, Stopping threads took: 0.0002229 seconds
[2022-06-13T03:17:30.693+0000][1][safepoint    ] Application time: 0.0109630 seconds
[2022-06-13T03:17:30.693+0000][1][safepoint    ] Entering safepoint region: CollectForMetadataAllocation
[2022-06-13T03:17:30.693+0000][1][safepoint    ] Leaving safepoint region
[2022-06-13T03:17:30.694+0000][1][safepoint    ] Total time for which application threads were stopped: 0.0004096 seconds, Stopping threads took: 0.0001398 seconds
[2022-06-13T03:17:30.716+0000][1][safepoint    ] Application time: 0.0221727 seconds
[2022-06-13T03:17:30.716+0000][1][safepoint    ] Entering safepoint region: CollectForMetadataAllocation
[2022-06-13T03:17:30.716+0000][1][safepoint    ] Leaving safepoint region
[2022-06-13T03:17:30.716+0000][1][safepoint    ] Total time for which application threads were stopped: 0.0003615 seconds, Stopping threads took: 0.0001327 seconds
[2022-06-13T03:17:30.717+0000][1][safepoint    ] Application time: 0.0001206 seconds
[2022-06-13T03:17:30.717+0000][1][safepoint    ] Entering safepoint region: CollectForMetadataAllocation
[2022-06-13T03:17:30.717+0000][1][safepoint    ] Leaving safepoint region
[2022-06-13T03:17:30.717+0000][1][safepoint    ] Total time for which application threads were stopped: 0.0002184 seconds, Stopping threads took: 0.0001043 seconds
[2022-06-13T03:17:30.826+0000][1][safepoint    ] Application time: 0.1090556 seconds
[2022-06-13T03:17:30.826+0000][1][safepoint    ] Entering safepoint region: GenCollectForAllocation
[2022-06-13T03:17:30.827+0000][1][gc,start     ] GC(8) Pause Young (Allocation Failure)
[2022-06-13T03:17:30.827+0000][1][gc,task      ] GC(8) Using 5 workers of 13 for evacuation
[2022-06-13T03:17:30.829+0000][1][gc,age       ] GC(8) Desired survivor size 4456448 bytes, new threshold 5 (max threshold 6)
[2022-06-13T03:17:30.829+0000][1][gc,age       ] GC(8) Age table with threshold 5 (max threshold 6)
[2022-06-13T03:17:30.830+0000][1][gc,age       ] GC(8) - age   1:     492872 bytes,     492872 total
[2022-06-13T03:17:30.830+0000][1][gc,age       ] GC(8) - age   2:     514248 bytes,    1007120 total
[2022-06-13T03:17:30.830+0000][1][gc,age       ] GC(8) - age   3:    1129632 bytes,    2136752 total
[2022-06-13T03:17:30.830+0000][1][gc,age       ] GC(8) - age   4:    2192976 bytes,    4329728 total
[2022-06-13T03:17:30.830+0000][1][gc,age       ] GC(8) - age   5:     555040 bytes,    4884768 total
[2022-06-13T03:17:30.831+0000][1][gc,heap      ] GC(8) ParNew: 75812K->7034K(78656K)
[2022-06-13T03:17:30.831+0000][1][gc,heap      ] GC(8) CMS: 11307K->11307K(174784K)
[2022-06-13T03:17:30.831+0000][1][gc,metaspace ] GC(8) Metaspace: 20413K->20413K(1069056K)
[2022-06-13T03:17:30.831+0000][1][gc           ] GC(8) Pause Young (Allocation Failure) 85M->17M(247M) 4.418ms
[2022-06-13T03:17:30.831+0000][1][gc,cpu       ] GC(8) User=0.03s Sys=0.00s Real=0.01s
[2022-06-13T03:17:30.831+0000][1][safepoint    ] Leaving safepoint region
[2022-06-13T03:17:30.831+0000][1][safepoint    ] Total time for which application threads were stopped: 0.0051636 seconds, Stopping threads took: 0.0002470 seconds
[2022-06-13T03:17:30.832+0000][1][safepoint    ] Application time: 0.0001524 seconds
[2022-06-13T03:17:30.832+0000][1][safepoint    ] Entering safepoint region: CMS_Initial_Mark
[2022-06-13T03:17:30.832+0000][1][gc,start     ] GC(9) Pause Initial Mark
[2022-06-13T03:17:30.833+0000][1][gc           ] GC(9) Pause Initial Mark 17M->17M(247M) 1.115ms
[2022-06-13T03:17:30.833+0000][1][gc,cpu       ] GC(9) User=0.00s Sys=0.00s Real=0.00s
[2022-06-13T03:17:30.834+0000][1][safepoint    ] Leaving safepoint region
[2022-06-13T03:17:30.834+0000][1][safepoint    ] Total time for which application threads were stopped: 0.0018626 seconds, Stopping threads took: 0.0001738 seconds
[2022-06-13T03:17:30.834+0000][1][gc           ] GC(9) Concurrent Mark
[2022-06-13T03:17:30.841+0000][1][gc,task      ] GC(9) Using 4 workers of 4 for marking
[2022-06-13T03:17:30.870+0000][1][gc           ] GC(9) Concurrent Mark 36.239ms
[2022-06-13T03:17:30.870+0000][1][gc,cpu       ] GC(9) User=0.17s Sys=0.00s Real=0.04s
[2022-06-13T03:17:30.871+0000][1][gc           ] GC(9) Concurrent Preclean
[2022-06-13T03:17:30.872+0000][1][gc           ] GC(9) Concurrent Preclean 0.991ms
[2022-06-13T03:17:30.873+0000][1][gc,cpu       ] GC(9) User=0.00s Sys=0.00s Real=0.00s
[2022-06-13T03:17:30.873+0000][1][gc           ] GC(9) Concurrent Abortable Preclean
[2022-06-13T03:17:30.918+0000][1][safepoint    ] Application time: 0.0839139 seconds
[2022-06-13T03:17:30.918+0000][1][safepoint    ] Entering safepoint region: GenCollectForAllocation
[2022-06-13T03:17:30.918+0000][1][gc,start     ] GC(10) Pause Young (Allocation Failure)
[2022-06-13T03:17:30.919+0000][1][gc,task      ] GC(10) Using 5 workers of 13 for evacuation
[2022-06-13T03:17:30.923+0000][1][gc,age       ] GC(10) Desired survivor size 4456448 bytes, new threshold 5 (max threshold 6)
[2022-06-13T03:17:30.923+0000][1][gc,age       ] GC(10) Age table with threshold 5 (max threshold 6)
[2022-06-13T03:17:30.923+0000][1][gc,age       ] GC(10) - age   1:     918088 bytes,     918088 total
[2022-06-13T03:17:30.923+0000][1][gc,age       ] GC(10) - age   2:     477376 bytes,    1395464 total
[2022-06-13T03:17:30.923+0000][1][gc,age       ] GC(10) - age   3:     514128 bytes,    1909592 total
[2022-06-13T03:17:30.923+0000][1][gc,age       ] GC(10) - age   4:    1129632 bytes,    3039224 total
[2022-06-13T03:17:30.924+0000][1][gc,age       ] GC(10) - age   5:    2192784 bytes,    5232008 total
[2022-06-13T03:17:30.924+0000][1][gc,heap      ] GC(10) ParNew: 76986K->6601K(78656K)
[2022-06-13T03:17:30.924+0000][1][gc,heap      ] GC(10) CMS: 11307K->11859K(174784K)
[2022-06-13T03:17:30.924+0000][1][gc,metaspace ] GC(10) Metaspace: 20528K->20528K(1069056K)
[2022-06-13T03:17:30.924+0000][1][gc           ] GC(10) Pause Young (Allocation Failure) 86M->18M(247M) 5.745ms
[2022-06-13T03:17:30.924+0000][1][gc,cpu       ] GC(10) User=0.02s Sys=0.00s Real=0.01s
[2022-06-13T03:17:30.924+0000][1][safepoint    ] Leaving safepoint region
[2022-06-13T03:17:30.924+0000][1][safepoint    ] Total time for which application threads were stopped: 0.0063782 seconds, Stopping threads took: 0.0001826 seconds
[2022-06-13T03:17:31.021+0000][1][safepoint    ] Application time: 0.0966803 seconds
[2022-06-13T03:17:31.022+0000][1][safepoint    ] Entering safepoint region: GenCollectForAllocation
[2022-06-13T03:17:31.022+0000][1][gc,start     ] GC(11) Pause Young (Allocation Failure)
[2022-06-13T03:17:31.022+0000][1][gc,task      ] GC(11) Using 5 workers of 13 for evacuation
[2022-06-13T03:17:31.029+0000][1][gc,age       ] GC(11) Desired survivor size 4456448 bytes, new threshold 6 (max threshold 6)
[2022-06-13T03:17:31.029+0000][1][gc,age       ] GC(11) Age table with threshold 6 (max threshold 6)
[2022-06-13T03:17:31.030+0000][1][gc,age       ] GC(11) - age   1:    1828616 bytes,    1828616 total
[2022-06-13T03:17:31.030+0000][1][gc,age       ] GC(11) - age   2:     103552 bytes,    1932168 total
[2022-06-13T03:17:31.030+0000][1][gc,age       ] GC(11) - age   3:     477376 bytes,    2409544 total
[2022-06-13T03:17:31.030+0000][1][gc,age       ] GC(11) - age   4:     513976 bytes,    2923520 total
[2022-06-13T03:17:31.030+0000][1][gc,age       ] GC(11) - age   5:    1129344 bytes,    4052864 total
[2022-06-13T03:17:31.031+0000][1][gc,heap      ] GC(11) ParNew: 76553K->5371K(78656K)
[2022-06-13T03:17:31.031+0000][1][gc,heap      ] GC(11) CMS: 11859K->14021K(174784K)
[2022-06-13T03:17:31.031+0000][1][gc,metaspace ] GC(11) Metaspace: 20608K->20608K(1069056K)
[2022-06-13T03:17:31.031+0000][1][gc           ] GC(11) Pause Young (Allocation Failure) 86M->18M(247M) 9.417ms
[2022-06-13T03:17:31.032+0000][1][gc,cpu       ] GC(11) User=0.03s Sys=0.00s Real=0.01s
[2022-06-13T03:17:31.032+0000][1][safepoint    ] Leaving safepoint region
[2022-06-13T03:17:31.032+0000][1][safepoint    ] Total time for which application threads were stopped: 0.0102156 seconds, Stopping threads took: 0.0002189 seconds
[2022-06-13T03:17:31.087+0000][1][safepoint    ] Application time: 0.0550425 seconds
[2022-06-13T03:17:31.087+0000][1][safepoint    ] Entering safepoint region: CollectForMetadataAllocation
[2022-06-13T03:17:31.088+0000][1][safepoint    ] Leaving safepoint region
[2022-06-13T03:17:31.088+0000][1][safepoint    ] Total time for which application threads were stopped: 0.0003586 seconds, Stopping threads took: 0.0001519 seconds
[2022-06-13T03:17:31.100+0000][1][gc           ] GC(9) Concurrent Abortable Preclean 227.565ms
[2022-06-13T03:17:31.101+0000][1][gc,cpu       ] GC(9) User=0.70s Sys=0.00s Real=0.23s
[2022-06-13T03:17:31.101+0000][1][safepoint    ] Application time: 0.0137149 seconds
[2022-06-13T03:17:31.105+0000][1][safepoint    ] Entering safepoint region: CMS_Final_Remark
[2022-06-13T03:17:31.105+0000][1][gc,start     ] GC(9) Pause Remark
[2022-06-13T03:17:31.115+0000][1][gc           ] GC(9) Pause Remark 57M->57M(247M) 9.675ms
[2022-06-13T03:17:31.115+0000][1][gc,cpu       ] GC(9) User=0.03s Sys=0.00s Real=0.01s
[2022-06-13T03:17:31.116+0000][1][safepoint    ] Leaving safepoint region
[2022-06-13T03:17:31.116+0000][1][safepoint    ] Total time for which application threads were stopped: 0.0141675 seconds, Stopping threads took: 0.0036475 seconds
[2022-06-13T03:17:31.116+0000][1][gc           ] GC(9) Concurrent Sweep
[2022-06-13T03:17:31.123+0000][1][gc           ] GC(9) Concurrent Sweep 7.216ms
[2022-06-13T03:17:31.125+0000][1][gc,cpu       ] GC(9) User=0.03s Sys=0.00s Real=0.01s
[2022-06-13T03:17:31.126+0000][1][gc           ] GC(9) Concurrent Reset
[2022-06-13T03:17:31.126+0000][1][gc           ] GC(9) Concurrent Reset 0.490ms
[2022-06-13T03:17:31.126+0000][1][gc,cpu       ] GC(9) User=0.00s Sys=0.00s Real=0.00s
[2022-06-13T03:17:31.126+0000][1][gc,heap      ] GC(9) Old: 11307K->13996K(174784K)
[2022-06-13T03:17:31.327+0000][1][safepoint    ] Application time: 0.2111062 seconds
[2022-06-13T03:17:31.327+0000][1][safepoint    ] Entering safepoint region: Deoptimize
[2022-06-13T03:17:31.329+0000][1][safepoint    ] Leaving safepoint region
[2022-06-13T03:17:31.329+0000][1][safepoint    ] Total time for which application threads were stopped: 0.0013413 seconds, Stopping threads took: 0.0001414 seconds
[2022-06-13T03:17:31.388+0000][1][safepoint    ] Application time: 0.0589069 seconds
[2022-06-13T03:17:31.388+0000][1][safepoint    ] Entering safepoint region: Deoptimize
[2022-06-13T03:17:31.389+0000][1][safepoint    ] Leaving safepoint region
[2022-06-13T03:17:31.389+0000][1][safepoint    ] Total time for which application threads were stopped: 0.0008068 seconds, Stopping threads took: 0.0002128 seconds
[2022-06-13T03:17:31.395+0000][1][safepoint    ] Application time: 0.0056240 seconds
[2022-06-13T03:17:31.395+0000][1][safepoint    ] Entering safepoint region: Deoptimize
[2022-06-13T03:17:31.396+0000][1][safepoint    ] Leaving safepoint region
[2022-06-13T03:17:31.396+0000][1][safepoint    ] Total time for which application threads were stopped: 0.0010418 seconds, Stopping threads took: 0.0002015 seconds
[2022-06-13T03:17:31.407+0000][1][safepoint    ] Application time: 0.0108704 seconds
[2022-06-13T03:17:31.408+0000][1][safepoint    ] Entering safepoint region: Deoptimize
[2022-06-13T03:17:31.408+0000][1][safepoint    ] Leaving safepoint region
[2022-06-13T03:17:31.408+0000][1][safepoint    ] Total time for which application threads were stopped: 0.0008410 seconds, Stopping threads took: 0.0001695 seconds
[2022-06-13T03:17:31.413+0000][1][safepoint    ] Application time: 0.0044178 seconds
[2022-06-13T03:17:31.413+0000][1][safepoint    ] Entering safepoint region: Deoptimize
[2022-06-13T03:17:31.414+0000][1][safepoint    ] Leaving safepoint region
[2022-06-13T03:17:31.414+0000][1][safepoint    ] Total time for which application threads were stopped: 0.0012571 seconds, Stopping threads took: 0.0002672 seconds
[2022-06-13T03:17:31.542+0000][1][safepoint    ] Application time: 0.1274409 seconds
[2022-06-13T03:17:31.545+0000][1][safepoint    ] Entering safepoint region: GenCollectForAllocation
[2022-06-13T03:17:31.545+0000][1][gc,start     ] GC(12) Pause Young (Allocation Failure)
[2022-06-13T03:17:31.545+0000][1][gc,task      ] GC(12) Using 5 workers of 13 for evacuation
[2022-06-13T03:17:31.561+0000][1][gc,age       ] GC(12) Desired survivor size 4456448 bytes, new threshold 5 (max threshold 6)
[2022-06-13T03:17:31.562+0000][1][gc,age       ] GC(12) Age table with threshold 5 (max threshold 6)
[2022-06-13T03:17:31.562+0000][1][gc,age       ] GC(12) - age   1:    3432704 bytes,    3432704 total
[2022-06-13T03:17:31.562+0000][1][gc,age       ] GC(12) - age   2:     345000 bytes,    3777704 total
[2022-06-13T03:17:31.562+0000][1][gc,age       ] GC(12) - age   3:     103288 bytes,    3880992 total
[2022-06-13T03:17:31.562+0000][1][gc,age       ] GC(12) - age   4:     476928 bytes,    4357920 total
[2022-06-13T03:17:31.562+0000][1][gc,age       ] GC(12) - age   5:     509064 bytes,    4866984 total
[2022-06-13T03:17:31.562+0000][1][gc,age       ] GC(12) - age   6:    1129184 bytes,    5996168 total
[2022-06-13T03:17:31.562+0000][1][gc,heap      ] GC(12) ParNew: 75323K->6540K(78656K)
[2022-06-13T03:17:31.562+0000][1][gc,heap      ] GC(12) CMS: 13996K->13996K(174784K)
[2022-06-13T03:17:31.562+0000][1][gc,metaspace ] GC(12) Metaspace: 26416K->26416K(1073152K)
[2022-06-13T03:17:31.563+0000][1][gc           ] GC(12) Pause Young (Allocation Failure) 87M->20M(247M) 17.953ms
[2022-06-13T03:17:31.563+0000][1][gc,cpu       ] GC(12) User=0.03s Sys=0.00s Real=0.02s
[2022-06-13T03:17:31.563+0000][1][safepoint    ] Leaving safepoint region
[2022-06-13T03:17:31.563+0000][1][safepoint    ] Total time for which application threads were stopped: 0.0187616 seconds, Stopping threads took: 0.0003368 seconds
[2022-06-13T03:17:32.384+0000][1][safepoint    ] Application time: 0.8201491 seconds
[2022-06-13T03:17:32.386+0000][1][safepoint    ] Entering safepoint region: Deoptimize
[2022-06-13T03:17:32.388+0000][1][safepoint    ] Leaving safepoint region
[2022-06-13T03:17:32.388+0000][1][safepoint    ] Total time for which application threads were stopped: 0.0013822 seconds, Stopping threads took: 0.0002923 seconds
[2022-06-13T03:17:32.492+0000][1][safepoint    ] Application time: 0.1041120 seconds
[2022-06-13T03:17:32.496+0000][1][safepoint    ] Entering safepoint region: GenCollectForAllocation
[2022-06-13T03:17:32.499+0000][1][gc,start     ] GC(13) Pause Young (Allocation Failure)
[2022-06-13T03:17:32.506+0000][1][gc,task      ] GC(13) Using 5 workers of 13 for evacuation
[2022-06-13T03:17:32.578+0000][1][gc,age       ] GC(13) Desired survivor size 4456448 bytes, new threshold 1 (max threshold 6)
[2022-06-13T03:17:32.584+0000][1][gc,age       ] GC(13) Age table with threshold 1 (max threshold 6)
[2022-06-13T03:17:32.589+0000][1][gc,age       ] GC(13) - age   1:    5047376 bytes,    5047376 total
[2022-06-13T03:17:32.593+0000][1][gc,age       ] GC(13) - age   2:    2939872 bytes,    7987248 total
[2022-06-13T03:17:32.593+0000][1][gc,age       ] GC(13) - age   3:     345000 bytes,    8332248 total
[2022-06-13T03:17:32.593+0000][1][gc,age       ] GC(13) - age   4:     103288 bytes,    8435536 total
[2022-06-13T03:17:32.593+0000][1][gc,age       ] GC(13) - age   5:     476928 bytes,    8912464 total
[2022-06-13T03:17:32.594+0000][1][gc,heap      ] GC(13) ParNew: 76492K->8704K(78656K)
[2022-06-13T03:17:32.594+0000][1][gc,heap      ] GC(13) CMS: 13996K->25338K(174784K)
[2022-06-13T03:17:32.594+0000][1][gc,metaspace ] GC(13) Metaspace: 27087K->27087K(1075200K)
[2022-06-13T03:17:32.594+0000][1][gc           ] GC(13) Pause Young (Allocation Failure) 88M->33M(247M) 94.688ms
[2022-06-13T03:17:32.594+0000][1][gc,cpu       ] GC(13) User=0.38s Sys=0.01s Real=0.09s
[2022-06-13T03:17:32.594+0000][1][safepoint    ] Leaving safepoint region
[2022-06-13T03:17:32.594+0000][1][safepoint    ] Total time for which application threads were stopped: 0.0985835 seconds, Stopping threads took: 0.0034597 seconds
[2022-06-13T03:17:33.394+0000][1][safepoint    ] Application time: 0.7993697 seconds
[2022-06-13T03:17:33.394+0000][1][safepoint    ] Entering safepoint region: GenCollectForAllocation
[2022-06-13T03:17:33.401+0000][1][gc,start     ] GC(14) Pause Young (Allocation Failure)
[2022-06-13T03:17:33.401+0000][1][gc,task      ] GC(14) Using 5 workers of 13 for evacuation
[2022-06-13T03:17:33.452+0000][1][gc,age       ] GC(14) Desired survivor size 4456448 bytes, new threshold 1 (max threshold 6)
[2022-06-13T03:17:33.454+0000][1][gc,age       ] GC(14) Age table with threshold 1 (max threshold 6)
[2022-06-13T03:17:33.455+0000][1][gc,age       ] GC(14) - age   1:    8454608 bytes,    8454608 total
[2022-06-13T03:17:33.455+0000][1][gc,heap      ] GC(14) ParNew: 78656K->8704K(78656K)
[2022-06-13T03:17:33.456+0000][1][gc,heap      ] GC(14) CMS: 25338K->39368K(174784K)
[2022-06-13T03:17:33.456+0000][1][gc,metaspace ] GC(14) Metaspace: 27125K->27125K(1075200K)
[2022-06-13T03:17:33.457+0000][1][gc           ] GC(14) Pause Young (Allocation Failure) 101M->46M(247M) 56.041ms
[2022-06-13T03:17:33.457+0000][1][gc,cpu       ] GC(14) User=0.18s Sys=0.00s Real=0.05s
[2022-06-13T03:17:33.460+0000][1][safepoint    ] Leaving safepoint region
[2022-06-13T03:17:33.465+0000][1][safepoint    ] Total time for which application threads were stopped: 0.0705339 seconds, Stopping threads took: 0.0063469 seconds
[2022-06-13T03:17:33.554+0000][1][safepoint    ] Application time: 0.0883690 seconds
[2022-06-13T03:17:33.554+0000][1][safepoint    ] Entering safepoint region: RevokeBias
[2022-06-13T03:17:33.555+0000][1][safepoint    ] Leaving safepoint region
[2022-06-13T03:17:33.555+0000][1][safepoint    ] Total time for which application threads were stopped: 0.0005169 seconds, Stopping threads took: 0.0003116 seconds
[2022-06-13T03:17:34.169+0000][1][safepoint    ] Application time: 0.6139687 seconds
[2022-06-13T03:17:34.173+0000][1][safepoint    ] Entering safepoint region: RevokeBias
[2022-06-13T03:17:34.174+0000][1][safepoint    ] Leaving safepoint region
[2022-06-13T03:17:34.175+0000][1][safepoint    ] Total time for which application threads were stopped: 0.0022560 seconds, Stopping threads took: 0.0009359 seconds
[2022-06-13T03:17:34.184+0000][1][safepoint    ] Application time: 0.0032748 seconds
[2022-06-13T03:17:34.186+0000][1][safepoint    ] Entering safepoint region: RevokeBias
[2022-06-13T03:17:34.186+0000][1][safepoint    ] Leaving safepoint region
[2022-06-13T03:17:34.187+0000][1][safepoint    ] Total time for which application threads were stopped: 0.0004409 seconds, Stopping threads took: 0.0002383 seconds
[2022-06-13T03:17:34.190+0000][1][safepoint    ] Application time: 0.0028894 seconds
[2022-06-13T03:17:34.190+0000][1][safepoint    ] Entering safepoint region: RevokeBias
[2022-06-13T03:17:34.190+0000][1][safepoint    ] Leaving safepoint region
[2022-06-13T03:17:34.190+0000][1][safepoint    ] Total time for which application threads were stopped: 0.0003753 seconds, Stopping threads took: 0.0001587 seconds
[2022-06-13T03:17:34.192+0000][1][safepoint    ] Application time: 0.0020264 seconds
[2022-06-13T03:17:34.193+0000][1][safepoint    ] Entering safepoint region: RevokeBias
[2022-06-13T03:17:34.193+0000][1][safepoint    ] Leaving safepoint region
[2022-06-13T03:17:34.193+0000][1][safepoint    ] Total time for which application threads were stopped: 0.0003853 seconds, Stopping threads took: 0.0001708 seconds
[2022-06-13T03:17:34.201+0000][1][safepoint    ] Application time: 0.0074311 seconds
[2022-06-13T03:17:34.202+0000][1][safepoint    ] Entering safepoint region: RevokeBias
[2022-06-13T03:17:34.204+0000][1][safepoint    ] Leaving safepoint region
[2022-06-13T03:17:34.205+0000][1][safepoint    ] Total time for which application threads were stopped: 0.0029100 seconds, Stopping threads took: 0.0019143 seconds
[2022-06-13T03:17:34.375+0000][1][safepoint    ] Application time: 0.1673351 seconds
[2022-06-13T03:17:34.375+0000][1][safepoint    ] Entering safepoint region: GenCollectForAllocation
[2022-06-13T03:17:34.376+0000][1][gc,start     ] GC(15) Pause Young (Allocation Failure)
[2022-06-13T03:17:34.377+0000][1][gc,task      ] GC(15) Using 5 workers of 13 for evacuation
[2022-06-13T03:17:34.400+0000][1][gc,age       ] GC(15) Desired survivor size 4456448 bytes, new threshold 1 (max threshold 6)
[2022-06-13T03:17:34.402+0000][1][gc,age       ] GC(15) Age table with threshold 1 (max threshold 6)
[2022-06-13T03:17:34.402+0000][1][gc,age       ] GC(15) - age   1:    6979848 bytes,    6979848 total
[2022-06-13T03:17:34.402+0000][1][gc,heap      ] GC(15) ParNew: 78656K->8704K(78656K)
[2022-06-13T03:17:34.402+0000][1][gc,heap      ] GC(15) CMS: 39368K->48977K(174784K)
[2022-06-13T03:17:34.402+0000][1][gc,metaspace ] GC(15) Metaspace: 32096K->32096K(1079296K)
[2022-06-13T03:17:34.402+0000][1][gc           ] GC(15) Pause Young (Allocation Failure) 115M->56M(247M) 26.855ms
[2022-06-13T03:17:34.403+0000][1][gc,cpu       ] GC(15) User=0.13s Sys=0.01s Real=0.03s
[2022-06-13T03:17:34.403+0000][1][safepoint    ] Leaving safepoint region
[2022-06-13T03:17:34.403+0000][1][safepoint    ] Total time for which application threads were stopped: 0.0276355 seconds, Stopping threads took: 0.0002362 seconds
[2022-06-13T03:17:34.544+0000][1][safepoint    ] Application time: 0.1414564 seconds
[2022-06-13T03:17:34.545+0000][1][safepoint    ] Entering safepoint region: GenCollectForAllocation
[2022-06-13T03:17:34.545+0000][1][gc,start     ] GC(16) Pause Young (Allocation Failure)
[2022-06-13T03:17:34.546+0000][1][gc,task      ] GC(16) Using 5 workers of 13 for evacuation
[2022-06-13T03:17:34.557+0000][1][gc,age       ] GC(16) Desired survivor size 4456448 bytes, new threshold 6 (max threshold 6)
[2022-06-13T03:17:34.559+0000][1][gc,age       ] GC(16) Age table with threshold 6 (max threshold 6)
[2022-06-13T03:17:34.560+0000][1][gc,age       ] GC(16) - age   1:     360888 bytes,     360888 total
[2022-06-13T03:17:34.560+0000][1][gc,heap      ] GC(16) ParNew: 78656K->5722K(78656K)
[2022-06-13T03:17:34.560+0000][1][gc,heap      ] GC(16) CMS: 48977K->55822K(174784K)
[2022-06-13T03:17:34.561+0000][1][gc,metaspace ] GC(16) Metaspace: 32902K->32902K(1079296K)
[2022-06-13T03:17:34.561+0000][1][gc           ] GC(16) Pause Young (Allocation Failure) 124M->60M(247M) 15.513ms
[2022-06-13T03:17:34.561+0000][1][gc,cpu       ] GC(16) User=0.05s Sys=0.01s Real=0.02s
[2022-06-13T03:17:34.562+0000][1][safepoint    ] Leaving safepoint region
[2022-06-13T03:17:34.562+0000][1][safepoint    ] Total time for which application threads were stopped: 0.0169464 seconds, Stopping threads took: 0.0003705 seconds
[2022-06-13T03:17:34.771+0000][1][safepoint    ] Application time: 0.2094530 seconds
[2022-06-13T03:17:34.772+0000][1][safepoint    ] Entering safepoint region: CollectForMetadataAllocation
[2022-06-13T03:17:34.772+0000][1][safepoint    ] Leaving safepoint region
[2022-06-13T03:17:34.772+0000][1][safepoint    ] Total time for which application threads were stopped: 0.0005716 seconds, Stopping threads took: 0.0001604 seconds
[2022-06-13T03:17:34.785+0000][1][safepoint    ] Application time: 0.0122137 seconds
[2022-06-13T03:17:34.785+0000][1][safepoint    ] Entering safepoint region: CollectForMetadataAllocation
[2022-06-13T03:17:34.785+0000][1][safepoint    ] Leaving safepoint region
[2022-06-13T03:17:34.785+0000][1][safepoint    ] Total time for which application threads were stopped: 0.0004948 seconds, Stopping threads took: 0.0002016 seconds
[2022-06-13T03:17:34.799+0000][1][safepoint    ] Application time: 0.0130246 seconds
[2022-06-13T03:17:34.799+0000][1][safepoint    ] Entering safepoint region: CollectForMetadataAllocation
[2022-06-13T03:17:34.800+0000][1][safepoint    ] Leaving safepoint region
[2022-06-13T03:17:34.800+0000][1][safepoint    ] Total time for which application threads were stopped: 0.0012034 seconds, Stopping threads took: 0.0001973 seconds
[2022-06-13T03:17:34.818+0000][1][safepoint    ] Application time: 0.0178970 seconds
[2022-06-13T03:17:34.819+0000][1][safepoint    ] Entering safepoint region: CollectForMetadataAllocation
[2022-06-13T03:17:34.820+0000][1][safepoint    ] Leaving safepoint region
[2022-06-13T03:17:34.820+0000][1][safepoint    ] Total time for which application threads were stopped: 0.0010481 seconds, Stopping threads took: 0.0001947 seconds
[2022-06-13T03:17:34.840+0000][1][safepoint    ] Application time: 0.0203192 seconds
[2022-06-13T03:17:34.841+0000][1][safepoint    ] Entering safepoint region: CollectForMetadataAllocation
[2022-06-13T03:17:34.841+0000][1][safepoint    ] Leaving safepoint region
[2022-06-13T03:17:34.841+0000][1][safepoint    ] Total time for which application threads were stopped: 0.0004208 seconds, Stopping threads took: 0.0001299 seconds
[2022-06-13T03:17:34.867+0000][1][safepoint    ] Application time: 0.0263714 seconds
[2022-06-13T03:17:34.868+0000][1][safepoint    ] Entering safepoint region: CollectForMetadataAllocation
[2022-06-13T03:17:34.869+0000][1][safepoint    ] Leaving safepoint region
[2022-06-13T03:17:34.869+0000][1][safepoint    ] Total time for which application threads were stopped: 0.0016132 seconds, Stopping threads took: 0.0005611 seconds
[2022-06-13T03:17:34.890+0000][1][safepoint    ] Application time: 0.0179460 seconds
[2022-06-13T03:17:34.890+0000][1][safepoint    ] Entering safepoint region: CollectForMetadataAllocation
[2022-06-13T03:17:34.890+0000][1][safepoint    ] Leaving safepoint region
[2022-06-13T03:17:34.890+0000][1][safepoint    ] Total time for which application threads were stopped: 0.0003765 seconds, Stopping threads took: 0.0001225 seconds
[2022-06-13T03:17:34.905+0000][1][safepoint    ] Application time: 0.0148111 seconds
[2022-06-13T03:17:34.906+0000][1][safepoint    ] Entering safepoint region: RevokeBias
[2022-06-13T03:17:34.906+0000][1][safepoint    ] Leaving safepoint region
[2022-06-13T03:17:34.906+0000][1][safepoint    ] Total time for which application threads were stopped: 0.0003625 seconds, Stopping threads took: 0.0001536 seconds
[2022-06-13T03:17:34.911+0000][1][safepoint    ] Application time: 0.0046576 seconds
[2022-06-13T03:17:34.911+0000][1][safepoint    ] Entering safepoint region: CollectForMetadataAllocation
[2022-06-13T03:17:34.911+0000][1][safepoint    ] Leaving safepoint region
[2022-06-13T03:17:34.912+0000][1][safepoint    ] Total time for which application threads were stopped: 0.0005352 seconds, Stopping threads took: 0.0002041 seconds
[2022-06-13T03:17:34.928+0000][1][safepoint    ] Application time: 0.0162290 seconds
[2022-06-13T03:17:34.928+0000][1][safepoint    ] Entering safepoint region: RevokeBias
[2022-06-13T03:17:34.929+0000][1][safepoint    ] Leaving safepoint region
[2022-06-13T03:17:34.929+0000][1][safepoint    ] Total time for which application threads were stopped: 0.0005762 seconds, Stopping threads took: 0.0001965 seconds
[2022-06-13T03:17:34.935+0000][1][safepoint    ] Application time: 0.0061001 seconds
[2022-06-13T03:17:34.935+0000][1][safepoint    ] Entering safepoint region: CollectForMetadataAllocation
[2022-06-13T03:17:34.936+0000][1][safepoint    ] Leaving safepoint region
[2022-06-13T03:17:34.936+0000][1][safepoint    ] Total time for which application threads were stopped: 0.0005584 seconds, Stopping threads took: 0.0002088 seconds
[2022-06-13T03:17:34.950+0000][1][safepoint    ] Application time: 0.0141897 seconds
[2022-06-13T03:17:34.951+0000][1][safepoint    ] Entering safepoint region: CollectForMetadataAllocation
[2022-06-13T03:17:34.951+0000][1][safepoint    ] Leaving safepoint region
[2022-06-13T03:17:34.951+0000][1][safepoint    ] Total time for which application threads were stopped: 0.0003660 seconds, Stopping threads took: 0.0001476 seconds
[2022-06-13T03:17:34.975+0000][1][safepoint    ] Application time: 0.0245027 seconds
[2022-06-13T03:17:34.976+0000][1][safepoint    ] Entering safepoint region: CollectForMetadataAllocation
[2022-06-13T03:17:34.976+0000][1][safepoint    ] Leaving safepoint region
[2022-06-13T03:17:34.976+0000][1][safepoint    ] Total time for which application threads were stopped: 0.0004785 seconds, Stopping threads took: 0.0001446 seconds
[2022-06-13T03:17:34.990+0000][1][safepoint    ] Application time: 0.0137569 seconds
[2022-06-13T03:17:34.990+0000][1][safepoint    ] Entering safepoint region: CollectForMetadataAllocation
[2022-06-13T03:17:34.990+0000][1][safepoint    ] Leaving safepoint region
[2022-06-13T03:17:34.991+0000][1][safepoint    ] Total time for which application threads were stopped: 0.0004015 seconds, Stopping threads took: 0.0001106 seconds
[2022-06-13T03:17:35.008+0000][1][safepoint    ] Application time: 0.0171775 seconds
[2022-06-13T03:17:35.008+0000][1][safepoint    ] Entering safepoint region: CollectForMetadataAllocation
[2022-06-13T03:17:35.009+0000][1][safepoint    ] Leaving safepoint region
[2022-06-13T03:17:35.009+0000][1][safepoint    ] Total time for which application threads were stopped: 0.0009523 seconds, Stopping threads took: 0.0001362 seconds
[2022-06-13T03:17:35.023+0000][1][safepoint    ] Application time: 0.0138726 seconds
[2022-06-13T03:17:35.023+0000][1][safepoint    ] Entering safepoint region: CollectForMetadataAllocation
[2022-06-13T03:17:35.023+0000][1][safepoint    ] Leaving safepoint region
[2022-06-13T03:17:35.024+0000][1][safepoint    ] Total time for which application threads were stopped: 0.0003274 seconds, Stopping threads took: 0.0000956 seconds
[2022-06-13T03:17:35.037+0000][1][safepoint    ] Application time: 0.0137463 seconds
[2022-06-13T03:17:35.038+0000][1][safepoint    ] Entering safepoint region: CollectForMetadataAllocation
[2022-06-13T03:17:35.038+0000][1][safepoint    ] Leaving safepoint region
[2022-06-13T03:17:35.038+0000][1][safepoint    ] Total time for which application threads were stopped: 0.0004025 seconds, Stopping threads took: 0.0001338 seconds
[2022-06-13T03:17:35.051+0000][1][safepoint    ] Application time: 0.0127044 seconds
[2022-06-13T03:17:35.051+0000][1][safepoint    ] Entering safepoint region: CollectForMetadataAllocation
[2022-06-13T03:17:35.051+0000][1][safepoint    ] Leaving safepoint region
[2022-06-13T03:17:35.051+0000][1][safepoint    ] Total time for which application threads were stopped: 0.0004363 seconds, Stopping threads took: 0.0001573 seconds
[2022-06-13T03:17:35.066+0000][1][safepoint    ] Application time: 0.0142433 seconds
[2022-06-13T03:17:35.066+0000][1][safepoint    ] Entering safepoint region: CollectForMetadataAllocation
[2022-06-13T03:17:35.066+0000][1][safepoint    ] Leaving safepoint region
[2022-06-13T03:17:35.066+0000][1][safepoint    ] Total time for which application threads were stopped: 0.0003616 seconds, Stopping threads took: 0.0001536 seconds
[2022-06-13T03:17:35.083+0000][1][safepoint    ] Application time: 0.0164755 seconds
[2022-06-13T03:17:35.083+0000][1][safepoint    ] Entering safepoint region: CollectForMetadataAllocation
[2022-06-13T03:17:35.084+0000][1][safepoint    ] Leaving safepoint region
[2022-06-13T03:17:35.084+0000][1][safepoint    ] Total time for which application threads were stopped: 0.0004418 seconds, Stopping threads took: 0.0001423 seconds
[2022-06-13T03:17:35.098+0000][1][safepoint    ] Application time: 0.0145666 seconds
[2022-06-13T03:17:35.099+0000][1][safepoint    ] Entering safepoint region: CollectForMetadataAllocation
[2022-06-13T03:17:35.099+0000][1][safepoint    ] Leaving safepoint region
[2022-06-13T03:17:35.099+0000][1][safepoint    ] Total time for which application threads were stopped: 0.0004305 seconds, Stopping threads took: 0.0001613 seconds
[2022-06-13T03:17:35.115+0000][1][safepoint    ] Application time: 0.0152804 seconds
[2022-06-13T03:17:35.115+0000][1][safepoint    ] Entering safepoint region: CollectForMetadataAllocation
[2022-06-13T03:17:35.115+0000][1][safepoint    ] Leaving safepoint region
[2022-06-13T03:17:35.115+0000][1][safepoint    ] Total time for which application threads were stopped: 0.0004803 seconds, Stopping threads took: 0.0001879 seconds
[2022-06-13T03:17:35.140+0000][1][safepoint    ] Application time: 0.0247627 seconds
[2022-06-13T03:17:35.141+0000][1][safepoint    ] Entering safepoint region: CollectForMetadataAllocation
[2022-06-13T03:17:35.141+0000][1][safepoint    ] Leaving safepoint region
[2022-06-13T03:17:35.141+0000][1][safepoint    ] Total time for which application threads were stopped: 0.0007892 seconds, Stopping threads took: 0.0004924 seconds
[2022-06-13T03:17:35.172+0000][1][safepoint    ] Application time: 0.0303312 seconds
[2022-06-13T03:17:35.173+0000][1][safepoint    ] Entering safepoint region: CollectForMetadataAllocation
[2022-06-13T03:17:35.174+0000][1][safepoint    ] Leaving safepoint region
[2022-06-13T03:17:35.174+0000][1][safepoint    ] Total time for which application threads were stopped: 0.0009839 seconds, Stopping threads took: 0.0006661 seconds
[2022-06-13T03:17:35.195+0000][1][safepoint    ] Application time: 0.0214010 seconds
[2022-06-13T03:17:35.195+0000][1][safepoint    ] Entering safepoint region: CollectForMetadataAllocation
[2022-06-13T03:17:35.196+0000][1][safepoint    ] Leaving safepoint region
[2022-06-13T03:17:35.196+0000][1][safepoint    ] Total time for which application threads were stopped: 0.0003409 seconds, Stopping threads took: 0.0001165 seconds
[2022-06-13T03:17:35.214+0000][1][safepoint    ] Application time: 0.0180086 seconds
[2022-06-13T03:17:35.214+0000][1][safepoint    ] Entering safepoint region: CollectForMetadataAllocation
[2022-06-13T03:17:35.214+0000][1][safepoint    ] Leaving safepoint region
[2022-06-13T03:17:35.215+0000][1][safepoint    ] Total time for which application threads were stopped: 0.0004562 seconds, Stopping threads took: 0.0001404 seconds
[2022-06-13T03:17:35.232+0000][1][safepoint    ] Application time: 0.0174528 seconds
[2022-06-13T03:17:35.233+0000][1][safepoint    ] Entering safepoint region: CollectForMetadataAllocation
[2022-06-13T03:17:35.233+0000][1][safepoint    ] Leaving safepoint region
[2022-06-13T03:17:35.233+0000][1][safepoint    ] Total time for which application threads were stopped: 0.0004496 seconds, Stopping threads took: 0.0001379 seconds
[2022-06-13T03:17:35.431+0000][1][safepoint    ] Application time: 0.1981726 seconds
[2022-06-13T03:17:35.432+0000][1][safepoint    ] Entering safepoint region: CollectForMetadataAllocation
[2022-06-13T03:17:35.432+0000][1][safepoint    ] Leaving safepoint region
[2022-06-13T03:17:35.432+0000][1][safepoint    ] Total time for which application threads were stopped: 0.0005121 seconds, Stopping threads took: 0.0001923 seconds
[2022-06-13T03:17:35.654+0000][1][safepoint    ] Application time: 0.2222085 seconds
[2022-06-13T03:17:35.655+0000][1][safepoint    ] Entering safepoint region: GenCollectForAllocation
[2022-06-13T03:17:35.655+0000][1][gc,start     ] GC(17) Pause Young (Allocation Failure)
[2022-06-13T03:17:35.655+0000][1][gc,task      ] GC(17) Using 5 workers of 13 for evacuation
[2022-06-13T03:17:35.659+0000][1][gc,age       ] GC(17) Desired survivor size 4456448 bytes, new threshold 6 (max threshold 6)
[2022-06-13T03:17:35.659+0000][1][gc,age       ] GC(17) Age table with threshold 6 (max threshold 6)
[2022-06-13T03:17:35.659+0000][1][gc,age       ] GC(17) - age   1:    3771608 bytes,    3771608 total
[2022-06-13T03:17:35.660+0000][1][gc,age       ] GC(17) - age   2:     320952 bytes,    4092560 total
[2022-06-13T03:17:35.660+0000][1][gc,heap      ] GC(17) ParNew: 75674K->4821K(78656K)
[2022-06-13T03:17:35.660+0000][1][gc,heap      ] GC(17) CMS: 55822K->55822K(174784K)
[2022-06-13T03:17:35.660+0000][1][gc,metaspace ] GC(17) Metaspace: 42256K->42256K(1087488K)
[2022-06-13T03:17:35.660+0000][1][gc           ] GC(17) Pause Young (Allocation Failure) 128M->59M(247M) 5.207ms
[2022-06-13T03:17:35.660+0000][1][gc,cpu       ] GC(17) User=0.02s Sys=0.00s Real=0.01s
[2022-06-13T03:17:35.661+0000][1][safepoint    ] Leaving safepoint region
[2022-06-13T03:17:35.661+0000][1][safepoint    ] Total time for which application threads were stopped: 0.0061817 seconds, Stopping threads took: 0.0001997 seconds
[2022-06-13T03:17:35.661+0000][1][safepoint    ] Application time: 0.0001591 seconds
[2022-06-13T03:17:35.661+0000][1][safepoint    ] Entering safepoint region: CMS_Initial_Mark
[2022-06-13T03:17:35.662+0000][1][gc,start     ] GC(18) Pause Initial Mark
[2022-06-13T03:17:35.663+0000][1][gc           ] GC(18) Pause Initial Mark 60M->60M(247M) 1.709ms
[2022-06-13T03:17:35.664+0000][1][gc,cpu       ] GC(18) User=0.00s Sys=0.01s Real=0.00s
[2022-06-13T03:17:35.664+0000][1][safepoint    ] Leaving safepoint region
[2022-06-13T03:17:35.664+0000][1][safepoint    ] Total time for which application threads were stopped: 0.0025569 seconds, Stopping threads took: 0.0002417 seconds
[2022-06-13T03:17:35.664+0000][1][gc           ] GC(18) Concurrent Mark
[2022-06-13T03:17:35.664+0000][1][gc,task      ] GC(18) Using 4 workers of 4 for marking
[2022-06-13T03:17:35.665+0000][1][safepoint    ] Application time: 0.0014085 seconds
[2022-06-13T03:17:35.666+0000][1][safepoint    ] Entering safepoint region: RevokeBias
[2022-06-13T03:17:35.666+0000][1][safepoint    ] Leaving safepoint region
[2022-06-13T03:17:35.666+0000][1][safepoint    ] Total time for which application threads were stopped: 0.0003281 seconds, Stopping threads took: 0.0001543 seconds
[2022-06-13T03:17:35.667+0000][1][safepoint    ] Application time: 0.0013282 seconds
[2022-06-13T03:17:35.668+0000][1][safepoint    ] Entering safepoint region: CollectForMetadataAllocation
[2022-06-13T03:17:35.668+0000][1][safepoint    ] Leaving safepoint region
[2022-06-13T03:17:35.668+0000][1][safepoint    ] Total time for which application threads were stopped: 0.0003290 seconds, Stopping threads took: 0.0001251 seconds
[2022-06-13T03:17:35.690+0000][1][gc           ] GC(18) Concurrent Mark 26.358ms
[2022-06-13T03:17:35.691+0000][1][gc,cpu       ] GC(18) User=0.12s Sys=0.01s Real=0.03s
[2022-06-13T03:17:35.691+0000][1][safepoint    ] Application time: 0.0230106 seconds
[2022-06-13T03:17:35.691+0000][1][safepoint    ] Entering safepoint region: CollectForMetadataAllocation
[2022-06-13T03:17:35.692+0000][1][safepoint    ] Leaving safepoint region
[2022-06-13T03:17:35.692+0000][1][safepoint    ] Total time for which application threads were stopped: 0.0005348 seconds, Stopping threads took: 0.0002138 seconds
[2022-06-13T03:17:35.692+0000][1][gc           ] GC(18) Concurrent Preclean
[2022-06-13T03:17:35.695+0000][1][gc           ] GC(18) Concurrent Preclean 2.776ms
[2022-06-13T03:17:35.696+0000][1][gc,cpu       ] GC(18) User=0.01s Sys=0.00s Real=0.00s
[2022-06-13T03:17:35.696+0000][1][gc           ] GC(18) Concurrent Abortable Preclean
[2022-06-13T03:17:35.885+0000][1][safepoint    ] Application time: 0.1934964 seconds
[2022-06-13T03:17:35.886+0000][1][safepoint    ] Entering safepoint region: CollectForMetadataAllocation
[2022-06-13T03:17:35.886+0000][1][safepoint    ] Leaving safepoint region
[2022-06-13T03:17:35.886+0000][1][safepoint    ] Total time for which application threads were stopped: 0.0006219 seconds, Stopping threads took: 0.0001657 seconds
[2022-06-13T03:17:35.912+0000][1][safepoint    ] Application time: 0.0254582 seconds
[2022-06-13T03:17:35.912+0000][1][safepoint    ] Entering safepoint region: CollectForMetadataAllocation
[2022-06-13T03:17:35.913+0000][1][safepoint    ] Leaving safepoint region
[2022-06-13T03:17:35.913+0000][1][safepoint    ] Total time for which application threads were stopped: 0.0011556 seconds, Stopping threads took: 0.0006256 seconds
[2022-06-13T03:17:35.939+0000][1][safepoint    ] Application time: 0.0255460 seconds
[2022-06-13T03:17:35.946+0000][1][safepoint    ] Entering safepoint region: CollectForMetadataAllocation
[2022-06-13T03:17:35.947+0000][1][safepoint    ] Leaving safepoint region
[2022-06-13T03:17:35.947+0000][1][safepoint    ] Total time for which application threads were stopped: 0.0007078 seconds, Stopping threads took: 0.0002511 seconds
[2022-06-13T03:17:35.979+0000][1][safepoint    ] Application time: 0.0320949 seconds
[2022-06-13T03:17:35.979+0000][1][safepoint    ] Entering safepoint region: CollectForMetadataAllocation
[2022-06-13T03:17:35.980+0000][1][safepoint    ] Leaving safepoint region
[2022-06-13T03:17:35.980+0000][1][safepoint    ] Total time for which application threads were stopped: 0.0005887 seconds, Stopping threads took: 0.0001561 seconds
[2022-06-13T03:17:36.004+0000][1][safepoint    ] Application time: 0.0237641 seconds
[2022-06-13T03:17:36.004+0000][1][safepoint    ] Entering safepoint region: CollectForMetadataAllocation
[2022-06-13T03:17:36.004+0000][1][safepoint    ] Leaving safepoint region
[2022-06-13T03:17:36.004+0000][1][safepoint    ] Total time for which application threads were stopped: 0.0004131 seconds, Stopping threads took: 0.0001514 seconds
[2022-06-13T03:17:36.005+0000][1][gc           ] GC(18) Concurrent Abortable Preclean 309.458ms
[2022-06-13T03:17:36.005+0000][1][gc,cpu       ] GC(18) User=1.41s Sys=0.03s Real=0.31s
[2022-06-13T03:17:36.006+0000][1][safepoint    ] Application time: 0.0011706 seconds
[2022-06-13T03:17:36.006+0000][1][safepoint    ] Entering safepoint region: CMS_Final_Remark
[2022-06-13T03:17:36.006+0000][1][gc,start     ] GC(18) Pause Remark
[2022-06-13T03:17:36.026+0000][1][gc           ] GC(18) Pause Remark 97M->97M(247M) 19.858ms
[2022-06-13T03:17:36.026+0000][1][gc,cpu       ] GC(18) User=0.09s Sys=0.00s Real=0.02s
[2022-06-13T03:17:36.026+0000][1][safepoint    ] Leaving safepoint region
[2022-06-13T03:17:36.026+0000][1][safepoint    ] Total time for which application threads were stopped: 0.0207317 seconds, Stopping threads took: 0.0001797 seconds
[2022-06-13T03:17:36.027+0000][1][gc           ] GC(18) Concurrent Sweep
[2022-06-13T03:17:36.034+0000][1][safepoint    ] Application time: 0.0069496 seconds
[2022-06-13T03:17:36.034+0000][1][safepoint    ] Entering safepoint region: RevokeBias
[2022-06-13T03:17:36.035+0000][1][safepoint    ] Leaving safepoint region
[2022-06-13T03:17:36.036+0000][1][safepoint    ] Total time for which application threads were stopped: 0.0016285 seconds, Stopping threads took: 0.0005694 seconds
[2022-06-13T03:17:36.037+0000][1][safepoint    ] Application time: 0.0017895 seconds
[2022-06-13T03:17:36.038+0000][1][safepoint    ] Entering safepoint region: RevokeBias
[2022-06-13T03:17:36.038+0000][1][safepoint    ] Leaving safepoint region
[2022-06-13T03:17:36.038+0000][1][safepoint    ] Total time for which application threads were stopped: 0.0002413 seconds, Stopping threads took: 0.0000962 seconds
[2022-06-13T03:17:36.050+0000][1][safepoint    ] Application time: 0.0119439 seconds
[2022-06-13T03:17:36.050+0000][1][safepoint    ] Entering safepoint region: CollectForMetadataAllocation
[2022-06-13T03:17:36.051+0000][1][safepoint    ] Leaving safepoint region
[2022-06-13T03:17:36.051+0000][1][safepoint    ] Total time for which application threads were stopped: 0.0005950 seconds, Stopping threads took: 0.0001889 seconds
[2022-06-13T03:17:36.051+0000][1][gc           ] GC(18) Concurrent Sweep 24.623ms
[2022-06-13T03:17:36.051+0000][1][gc,cpu       ] GC(18) User=0.12s Sys=0.00s Real=0.03s
[2022-06-13T03:17:36.052+0000][1][gc           ] GC(18) Concurrent Reset
[2022-06-13T03:17:36.052+0000][1][gc           ] GC(18) Concurrent Reset 0.552ms
[2022-06-13T03:17:36.052+0000][1][gc,cpu       ] GC(18) User=0.00s Sys=0.00s Real=0.00s
[2022-06-13T03:17:36.052+0000][1][gc,heap      ] GC(18) Old: 55822K->55603K(174784K)
[2022-06-13T03:17:36.083+0000][1][safepoint    ] Application time: 0.0321410 seconds
[2022-06-13T03:17:36.083+0000][1][safepoint    ] Entering safepoint region: RevokeBias
[2022-06-13T03:17:36.084+0000][1][safepoint    ] Leaving safepoint region
[2022-06-13T03:17:36.084+0000][1][safepoint    ] Total time for which application threads were stopped: 0.0003887 seconds, Stopping threads took: 0.0001693 seconds
[2022-06-13T03:17:36.087+0000][1][safepoint    ] Application time: 0.0032213 seconds
[2022-06-13T03:17:36.087+0000][1][safepoint    ] Entering safepoint region: RevokeBias
[2022-06-13T03:17:36.088+0000][1][safepoint    ] Leaving safepoint region
[2022-06-13T03:17:36.088+0000][1][safepoint    ] Total time for which application threads were stopped: 0.0003418 seconds, Stopping threads took: 0.0001540 seconds
[2022-06-13T03:17:36.222+0000][1][safepoint    ] Application time: 0.1342820 seconds
[2022-06-13T03:17:36.223+0000][1][safepoint    ] Entering safepoint region: RevokeBias
[2022-06-13T03:17:36.223+0000][1][safepoint    ] Leaving safepoint region
[2022-06-13T03:17:36.223+0000][1][safepoint    ] Total time for which application threads were stopped: 0.0011256 seconds, Stopping threads took: 0.0004598 seconds
[2022-06-13T03:17:36.227+0000][1][safepoint    ] Application time: 0.0037008 seconds
[2022-06-13T03:17:36.227+0000][1][safepoint    ] Entering safepoint region: RevokeBias
[2022-06-13T03:17:36.228+0000][1][safepoint    ] Leaving safepoint region
[2022-06-13T03:17:36.228+0000][1][safepoint    ] Total time for which application threads were stopped: 0.0003589 seconds, Stopping threads took: 0.0001461 seconds
[2022-06-13T03:17:36.228+0000][1][safepoint    ] Application time: 0.0003506 seconds
[2022-06-13T03:17:36.229+0000][1][safepoint    ] Entering safepoint region: RevokeBias
[2022-06-13T03:17:36.229+0000][1][safepoint    ] Leaving safepoint region
[2022-06-13T03:17:36.229+0000][1][safepoint    ] Total time for which application threads were stopped: 0.0004893 seconds, Stopping threads took: 0.0002388 seconds
[2022-06-13T03:17:36.229+0000][1][safepoint    ] Application time: 0.0000585 seconds
[2022-06-13T03:17:36.229+0000][1][safepoint    ] Entering safepoint region: RevokeBias
[2022-06-13T03:17:36.230+0000][1][safepoint    ] Leaving safepoint region
[2022-06-13T03:17:36.230+0000][1][safepoint    ] Total time for which application threads were stopped: 0.0004506 seconds, Stopping threads took: 0.0002062 seconds
[2022-06-13T03:17:36.286+0000][1][safepoint    ] Application time: 0.0560524 seconds
[2022-06-13T03:17:36.287+0000][1][safepoint    ] Entering safepoint region: RevokeBias
[2022-06-13T03:17:36.287+0000][1][safepoint    ] Leaving safepoint region
[2022-06-13T03:17:36.287+0000][1][safepoint    ] Total time for which application threads were stopped: 0.0004893 seconds, Stopping threads took: 0.0002321 seconds
[2022-06-13T03:17:36.288+0000][1][safepoint    ] Application time: 0.0007320 seconds
[2022-06-13T03:17:36.288+0000][1][safepoint    ] Entering safepoint region: RevokeBias
[2022-06-13T03:17:36.288+0000][1][safepoint    ] Leaving safepoint region
[2022-06-13T03:17:36.288+0000][1][safepoint    ] Total time for which application threads were stopped: 0.0003615 seconds, Stopping threads took: 0.0002000 seconds
[2022-06-13T03:17:36.289+0000][1][safepoint    ] Application time: 0.0000839 seconds
[2022-06-13T03:17:36.289+0000][1][safepoint    ] Entering safepoint region: RevokeBias
[2022-06-13T03:17:36.289+0000][1][safepoint    ] Leaving safepoint region
[2022-06-13T03:17:36.289+0000][1][safepoint    ] Total time for which application threads were stopped: 0.0002888 seconds, Stopping threads took: 0.0001098 seconds
[2022-06-13T03:17:36.289+0000][1][safepoint    ] Application time: 0.0000811 seconds
[2022-06-13T03:17:36.290+0000][1][safepoint    ] Entering safepoint region: RevokeBias
[2022-06-13T03:17:36.290+0000][1][safepoint    ] Leaving safepoint region
[2022-06-13T03:17:36.290+0000][1][safepoint    ] Total time for which application threads were stopped: 0.0007093 seconds, Stopping threads took: 0.0005107 seconds
[2022-06-13T03:17:36.290+0000][1][safepoint    ] Application time: 0.0000882 seconds
[2022-06-13T03:17:36.291+0000][1][safepoint    ] Entering safepoint region: RevokeBias
[2022-06-13T03:17:36.291+0000][1][safepoint    ] Leaving safepoint region
[2022-06-13T03:17:36.291+0000][1][safepoint    ] Total time for which application threads were stopped: 0.0003728 seconds, Stopping threads took: 0.0001792 seconds
[2022-06-13T03:17:36.291+0000][1][safepoint    ] Application time: 0.0001015 seconds
[2022-06-13T03:17:36.291+0000][1][safepoint    ] Entering safepoint region: RevokeBias
[2022-06-13T03:17:36.291+0000][1][safepoint    ] Leaving safepoint region
[2022-06-13T03:17:36.292+0000][1][safepoint    ] Total time for which application threads were stopped: 0.0004510 seconds, Stopping threads took: 0.0002007 seconds
[2022-06-13T03:17:36.292+0000][1][safepoint    ] Application time: 0.0000951 seconds
[2022-06-13T03:17:36.292+0000][1][safepoint    ] Entering safepoint region: RevokeBias
[2022-06-13T03:17:36.292+0000][1][safepoint    ] Leaving safepoint region
[2022-06-13T03:17:36.292+0000][1][safepoint    ] Total time for which application threads were stopped: 0.0003232 seconds, Stopping threads took: 0.0001775 seconds
[2022-06-13T03:17:36.293+0000][1][safepoint    ] Application time: 0.0001316 seconds
[2022-06-13T03:17:36.293+0000][1][safepoint    ] Entering safepoint region: RevokeBias
[2022-06-13T03:17:36.293+0000][1][safepoint    ] Leaving safepoint region
[2022-06-13T03:17:36.293+0000][1][safepoint    ] Total time for which application threads were stopped: 0.0002545 seconds, Stopping threads took: 0.0001026 seconds
[2022-06-13T03:17:36.294+0000][1][safepoint    ] Application time: 0.0003815 seconds
[2022-06-13T03:17:36.294+0000][1][safepoint    ] Entering safepoint region: RevokeBias
[2022-06-13T03:17:36.294+0000][1][safepoint    ] Leaving safepoint region
[2022-06-13T03:17:36.294+0000][1][safepoint    ] Total time for which application threads were stopped: 0.0004433 seconds, Stopping threads took: 0.0002934 seconds
[2022-06-13T03:17:36.295+0000][1][safepoint    ] Application time: 0.0002371 seconds
[2022-06-13T03:17:36.297+0000][1][safepoint    ] Entering safepoint region: RevokeBias
[2022-06-13T03:17:36.297+0000][1][safepoint    ] Leaving safepoint region
[2022-06-13T03:17:36.297+0000][1][safepoint    ] Total time for which application threads were stopped: 0.0003403 seconds, Stopping threads took: 0.0001480 seconds
[2022-06-13T03:17:36.298+0000][1][safepoint    ] Application time: 0.0002558 seconds
[2022-06-13T03:17:36.298+0000][1][safepoint    ] Entering safepoint region: RevokeBias
[2022-06-13T03:17:36.298+0000][1][safepoint    ] Leaving safepoint region
[2022-06-13T03:17:36.298+0000][1][safepoint    ] Total time for which application threads were stopped: 0.0003628 seconds, Stopping threads took: 0.0001427 seconds
[2022-06-13T03:17:36.299+0000][1][safepoint    ] Application time: 0.0002306 seconds
[2022-06-13T03:17:36.299+0000][1][safepoint    ] Entering safepoint region: RevokeBias
[2022-06-13T03:17:36.299+0000][1][safepoint    ] Leaving safepoint region
[2022-06-13T03:17:36.300+0000][1][safepoint    ] Total time for which application threads were stopped: 0.0008438 seconds, Stopping threads took: 0.0006359 seconds
[2022-06-13T03:17:36.300+0000][1][safepoint    ] Application time: 0.0000791 seconds
[2022-06-13T03:17:36.300+0000][1][safepoint    ] Entering safepoint region: RevokeBias
[2022-06-13T03:17:36.300+0000][1][safepoint    ] Leaving safepoint region
[2022-06-13T03:17:36.300+0000][1][safepoint    ] Total time for which application threads were stopped: 0.0002685 seconds, Stopping threads took: 0.0001204 seconds
[2022-06-13T03:17:36.300+0000][1][safepoint    ] Application time: 0.0000661 seconds
[2022-06-13T03:17:36.301+0000][1][safepoint    ] Entering safepoint region: RevokeBias
[2022-06-13T03:17:36.301+0000][1][safepoint    ] Leaving safepoint region
[2022-06-13T03:17:36.301+0000][1][safepoint    ] Total time for which application threads were stopped: 0.0002270 seconds, Stopping threads took: 0.0000970 seconds
[2022-06-13T03:17:36.301+0000][1][safepoint    ] Application time: 0.0000580 seconds
[2022-06-13T03:17:36.301+0000][1][safepoint    ] Entering safepoint region: RevokeBias
[2022-06-13T03:17:36.301+0000][1][safepoint    ] Leaving safepoint region
[2022-06-13T03:17:36.301+0000][1][safepoint    ] Total time for which application threads were stopped: 0.0002322 seconds, Stopping threads took: 0.0000998 seconds
[2022-06-13T03:17:36.301+0000][1][safepoint    ] Application time: 0.0000651 seconds
[2022-06-13T03:17:36.301+0000][1][safepoint    ] Entering safepoint region: RevokeBias
[2022-06-13T03:17:36.302+0000][1][safepoint    ] Leaving safepoint region
[2022-06-13T03:17:36.302+0000][1][safepoint    ] Total time for which application threads were stopped: 0.0002393 seconds, Stopping threads took: 0.0000935 seconds
[2022-06-13T03:17:36.302+0000][1][safepoint    ] Application time: 0.0000706 seconds
[2022-06-13T03:17:36.302+0000][1][safepoint    ] Entering safepoint region: RevokeBias
[2022-06-13T03:17:36.302+0000][1][safepoint    ] Leaving safepoint region
[2022-06-13T03:17:36.302+0000][1][safepoint    ] Total time for which application threads were stopped: 0.0002387 seconds, Stopping threads took: 0.0000988 seconds
[2022-06-13T03:17:36.302+0000][1][safepoint    ] Application time: 0.0000640 seconds
[2022-06-13T03:17:36.303+0000][1][safepoint    ] Entering safepoint region: RevokeBias
[2022-06-13T03:17:36.303+0000][1][safepoint    ] Leaving safepoint region
[2022-06-13T03:17:36.303+0000][1][safepoint    ] Total time for which application threads were stopped: 0.0002425 seconds, Stopping threads took: 0.0000899 seconds
[2022-06-13T03:17:36.303+0000][1][safepoint    ] Application time: 0.0000771 seconds
[2022-06-13T03:17:36.303+0000][1][safepoint    ] Entering safepoint region: RevokeBias
[2022-06-13T03:17:36.303+0000][1][safepoint    ] Leaving safepoint region
[2022-06-13T03:17:36.303+0000][1][safepoint    ] Total time for which application threads were stopped: 0.0003210 seconds, Stopping threads took: 0.0001483 seconds
[2022-06-13T03:17:36.304+0000][1][safepoint    ] Application time: 0.0000653 seconds
[2022-06-13T03:17:36.304+0000][1][safepoint    ] Entering safepoint region: RevokeBias
[2022-06-13T03:17:36.304+0000][1][safepoint    ] Leaving safepoint region
[2022-06-13T03:17:36.304+0000][1][safepoint    ] Total time for which application threads were stopped: 0.0002178 seconds, Stopping threads took: 0.0000861 seconds
[2022-06-13T03:17:36.304+0000][1][safepoint    ] Application time: 0.0000659 seconds
[2022-06-13T03:17:36.304+0000][1][safepoint    ] Entering safepoint region: RevokeBias
[2022-06-13T03:17:36.304+0000][1][safepoint    ] Leaving safepoint region
[2022-06-13T03:17:36.304+0000][1][safepoint    ] Total time for which application threads were stopped: 0.0002136 seconds, Stopping threads took: 0.0000864 seconds
[2022-06-13T03:17:36.305+0000][1][safepoint    ] Application time: 0.0000596 seconds
[2022-06-13T03:17:36.305+0000][1][safepoint    ] Entering safepoint region: RevokeBias
[2022-06-13T03:17:36.305+0000][1][safepoint    ] Leaving safepoint region
[2022-06-13T03:17:36.305+0000][1][safepoint    ] Total time for which application threads were stopped: 0.0003545 seconds, Stopping threads took: 0.0001604 seconds
[2022-06-13T03:17:36.305+0000][1][safepoint    ] Application time: 0.0000600 seconds
[2022-06-13T03:17:36.305+0000][1][safepoint    ] Entering safepoint region: RevokeBias
[2022-06-13T03:17:36.305+0000][1][safepoint    ] Leaving safepoint region
[2022-06-13T03:17:36.305+0000][1][safepoint    ] Total time for which application threads were stopped: 0.0002155 seconds, Stopping threads took: 0.0000921 seconds
[2022-06-13T03:17:36.306+0000][1][safepoint    ] Application time: 0.0000678 seconds
[2022-06-13T03:17:36.306+0000][1][safepoint    ] Entering safepoint region: RevokeBias
[2022-06-13T03:17:36.306+0000][1][safepoint    ] Leaving safepoint region
[2022-06-13T03:17:36.306+0000][1][safepoint    ] Total time for which application threads were stopped: 0.0002309 seconds, Stopping threads took: 0.0000995 seconds
[2022-06-13T03:17:36.306+0000][1][safepoint    ] Application time: 0.0000692 seconds
[2022-06-13T03:17:36.306+0000][1][safepoint    ] Entering safepoint region: RevokeBias
[2022-06-13T03:17:36.306+0000][1][safepoint    ] Leaving safepoint region
[2022-06-13T03:17:36.306+0000][1][safepoint    ] Total time for which application threads were stopped: 0.0002123 seconds, Stopping threads took: 0.0000824 seconds
[2022-06-13T03:17:36.307+0000][1][safepoint    ] Application time: 0.0000576 seconds
[2022-06-13T03:17:36.307+0000][1][safepoint    ] Entering safepoint region: RevokeBias
[2022-06-13T03:17:36.307+0000][1][safepoint    ] Leaving safepoint region
[2022-06-13T03:17:36.307+0000][1][safepoint    ] Total time for which application threads were stopped: 0.0002561 seconds, Stopping threads took: 0.0000825 seconds
[2022-06-13T03:17:36.307+0000][1][safepoint    ] Application time: 0.0001131 seconds
[2022-06-13T03:17:36.307+0000][1][safepoint    ] Entering safepoint region: RevokeBias
[2022-06-13T03:17:36.307+0000][1][safepoint    ] Leaving safepoint region
[2022-06-13T03:17:36.307+0000][1][safepoint    ] Total time for which application threads were stopped: 0.0002110 seconds, Stopping threads took: 0.0000868 seconds
[2022-06-13T03:17:36.308+0000][1][safepoint    ] Application time: 0.0000580 seconds
[2022-06-13T03:17:36.308+0000][1][safepoint    ] Entering safepoint region: RevokeBias
[2022-06-13T03:17:36.308+0000][1][safepoint    ] Leaving safepoint region
[2022-06-13T03:17:36.308+0000][1][safepoint    ] Total time for which application threads were stopped: 0.0001957 seconds, Stopping threads took: 0.0000806 seconds
[2022-06-13T03:17:36.308+0000][1][safepoint    ] Application time: 0.0000548 seconds
[2022-06-13T03:17:36.308+0000][1][safepoint    ] Entering safepoint region: RevokeBias
[2022-06-13T03:17:36.308+0000][1][safepoint    ] Leaving safepoint region
[2022-06-13T03:17:36.308+0000][1][safepoint    ] Total time for which application threads were stopped: 0.0002210 seconds, Stopping threads took: 0.0000785 seconds
[2022-06-13T03:17:36.308+0000][1][safepoint    ] Application time: 0.0000608 seconds
[2022-06-13T03:17:36.309+0000][1][safepoint    ] Entering safepoint region: RevokeBias
[2022-06-13T03:17:36.309+0000][1][safepoint    ] Leaving safepoint region
[2022-06-13T03:17:36.309+0000][1][safepoint    ] Total time for which application threads were stopped: 0.0002346 seconds, Stopping threads took: 0.0000974 seconds
[2022-06-13T03:17:36.309+0000][1][safepoint    ] Application time: 0.0000699 seconds
[2022-06-13T03:17:36.309+0000][1][safepoint    ] Entering safepoint region: BulkRevokeBias
[2022-06-13T03:17:36.309+0000][1][safepoint    ] Leaving safepoint region
[2022-06-13T03:17:36.309+0000][1][safepoint    ] Total time for which application threads were stopped: 0.0003341 seconds, Stopping threads took: 0.0001446 seconds
[2022-06-13T03:17:36.310+0000][1][safepoint    ] Application time: 0.0002352 seconds
[2022-06-13T03:17:36.310+0000][1][safepoint    ] Entering safepoint region: RevokeBias
[2022-06-13T03:17:36.310+0000][1][safepoint    ] Leaving safepoint region
[2022-06-13T03:17:36.310+0000][1][safepoint    ] Total time for which application threads were stopped: 0.0002165 seconds, Stopping threads took: 0.0000916 seconds
[2022-06-13T03:17:36.310+0000][1][safepoint    ] Application time: 0.0001237 seconds
[2022-06-13T03:17:36.310+0000][1][safepoint    ] Entering safepoint region: RevokeBias
[2022-06-13T03:17:36.311+0000][1][safepoint    ] Leaving safepoint region
[2022-06-13T03:17:36.311+0000][1][safepoint    ] Total time for which application threads were stopped: 0.0002387 seconds, Stopping threads took: 0.0001001 seconds
[2022-06-13T03:17:36.311+0000][1][safepoint    ] Application time: 0.0001892 seconds
[2022-06-13T03:17:36.311+0000][1][safepoint    ] Entering safepoint region: RevokeBias
[2022-06-13T03:17:36.311+0000][1][safepoint    ] Leaving safepoint region
[2022-06-13T03:17:36.311+0000][1][safepoint    ] Total time for which application threads were stopped: 0.0002306 seconds, Stopping threads took: 0.0000952 seconds
[2022-06-13T03:17:36.311+0000][1][safepoint    ] Application time: 0.0001175 seconds
[2022-06-13T03:17:36.312+0000][1][safepoint    ] Entering safepoint region: RevokeBias
[2022-06-13T03:17:36.312+0000][1][safepoint    ] Leaving safepoint region
[2022-06-13T03:17:36.312+0000][1][safepoint    ] Total time for which application threads were stopped: 0.0003537 seconds, Stopping threads took: 0.0002298 seconds
[2022-06-13T03:17:36.312+0000][1][safepoint    ] Application time: 0.0001027 seconds
[2022-06-13T03:17:36.312+0000][1][safepoint    ] Entering safepoint region: RevokeBias
[2022-06-13T03:17:36.312+0000][1][safepoint    ] Leaving safepoint region
[2022-06-13T03:17:36.313+0000][1][safepoint    ] Total time for which application threads were stopped: 0.0003727 seconds, Stopping threads took: 0.0002587 seconds
[2022-06-13T03:17:36.313+0000][1][safepoint    ] Application time: 0.0000537 seconds
[2022-06-13T03:17:36.313+0000][1][safepoint    ] Entering safepoint region: RevokeBias
[2022-06-13T03:17:36.313+0000][1][safepoint    ] Leaving safepoint region
[2022-06-13T03:17:36.313+0000][1][safepoint    ] Total time for which application threads were stopped: 0.0003380 seconds, Stopping threads took: 0.0001746 seconds
[2022-06-13T03:17:36.313+0000][1][safepoint    ] Application time: 0.0001757 seconds
[2022-06-13T03:17:36.314+0000][1][safepoint    ] Entering safepoint region: RevokeBias
[2022-06-13T03:17:36.314+0000][1][safepoint    ] Leaving safepoint region
[2022-06-13T03:17:36.314+0000][1][safepoint    ] Total time for which application threads were stopped: 0.0003533 seconds, Stopping threads took: 0.0001956 seconds
[2022-06-13T03:17:36.314+0000][1][safepoint    ] Application time: 0.0003071 seconds
[2022-06-13T03:17:36.315+0000][1][safepoint    ] Entering safepoint region: RevokeBias
[2022-06-13T03:17:36.315+0000][1][safepoint    ] Leaving safepoint region
[2022-06-13T03:17:36.315+0000][1][safepoint    ] Total time for which application threads were stopped: 0.0002945 seconds, Stopping threads took: 0.0001481 seconds
[2022-06-13T03:17:36.315+0000][1][safepoint    ] Application time: 0.0001361 seconds
[2022-06-13T03:17:36.315+0000][1][safepoint    ] Entering safepoint region: RevokeBias
[2022-06-13T03:17:36.315+0000][1][safepoint    ] Leaving safepoint region
[2022-06-13T03:17:36.315+0000][1][safepoint    ] Total time for which application threads were stopped: 0.0003103 seconds, Stopping threads took: 0.0001632 seconds
[2022-06-13T03:17:36.316+0000][1][safepoint    ] Application time: 0.0001978 seconds
[2022-06-13T03:17:36.316+0000][1][safepoint    ] Entering safepoint region: RevokeBias
[2022-06-13T03:17:36.316+0000][1][safepoint    ] Leaving safepoint region
[2022-06-13T03:17:36.316+0000][1][safepoint    ] Total time for which application threads were stopped: 0.0003466 seconds, Stopping threads took: 0.0001538 seconds
[2022-06-13T03:17:36.317+0000][1][safepoint    ] Application time: 0.0001204 seconds
[2022-06-13T03:17:36.317+0000][1][safepoint    ] Entering safepoint region: RevokeBias
[2022-06-13T03:17:36.317+0000][1][safepoint    ] Leaving safepoint region
[2022-06-13T03:17:36.317+0000][1][safepoint    ] Total time for which application threads were stopped: 0.0003187 seconds, Stopping threads took: 0.0001519 seconds
[2022-06-13T03:17:36.317+0000][1][safepoint    ] Application time: 0.0000786 seconds
[2022-06-13T03:17:36.317+0000][1][safepoint    ] Entering safepoint region: RevokeBias
[2022-06-13T03:17:36.317+0000][1][safepoint    ] Leaving safepoint region
[2022-06-13T03:17:36.318+0000][1][safepoint    ] Total time for which application threads were stopped: 0.0002501 seconds, Stopping threads took: 0.0001043 seconds
[2022-06-13T03:17:36.318+0000][1][safepoint    ] Application time: 0.0000805 seconds
[2022-06-13T03:17:36.318+0000][1][safepoint    ] Entering safepoint region: RevokeBias
[2022-06-13T03:17:36.318+0000][1][safepoint    ] Leaving safepoint region
[2022-06-13T03:17:36.318+0000][1][safepoint    ] Total time for which application threads were stopped: 0.0002527 seconds, Stopping threads took: 0.0001066 seconds
[2022-06-13T03:17:36.318+0000][1][safepoint    ] Application time: 0.0000613 seconds
[2022-06-13T03:17:36.318+0000][1][safepoint    ] Entering safepoint region: RevokeBias
[2022-06-13T03:17:36.319+0000][1][safepoint    ] Leaving safepoint region
[2022-06-13T03:17:36.319+0000][1][safepoint    ] Total time for which application threads were stopped: 0.0003298 seconds, Stopping threads took: 0.0001894 seconds
[2022-06-13T03:17:36.319+0000][1][safepoint    ] Application time: 0.0000461 seconds
[2022-06-13T03:17:36.319+0000][1][safepoint    ] Entering safepoint region: RevokeBias
[2022-06-13T03:17:36.319+0000][1][safepoint    ] Leaving safepoint region
[2022-06-13T03:17:36.319+0000][1][safepoint    ] Total time for which application threads were stopped: 0.0002728 seconds, Stopping threads took: 0.0001373 seconds
[2022-06-13T03:17:36.319+0000][1][safepoint    ] Application time: 0.0000754 seconds
[2022-06-13T03:17:36.320+0000][1][safepoint    ] Entering safepoint region: RevokeBias
[2022-06-13T03:17:36.320+0000][1][safepoint    ] Leaving safepoint region
[2022-06-13T03:17:36.320+0000][1][safepoint    ] Total time for which application threads were stopped: 0.0002054 seconds, Stopping threads took: 0.0000971 seconds
[2022-06-13T03:17:36.320+0000][1][safepoint    ] Application time: 0.0000646 seconds
[2022-06-13T03:17:36.320+0000][1][safepoint    ] Entering safepoint region: RevokeBias
[2022-06-13T03:17:36.320+0000][1][safepoint    ] Leaving safepoint region
[2022-06-13T03:17:36.320+0000][1][safepoint    ] Total time for which application threads were stopped: 0.0001844 seconds, Stopping threads took: 0.0000815 seconds
[2022-06-13T03:17:36.320+0000][1][safepoint    ] Application time: 0.0000681 seconds
[2022-06-13T03:17:36.320+0000][1][safepoint    ] Entering safepoint region: RevokeBias
[2022-06-13T03:17:36.320+0000][1][safepoint    ] Leaving safepoint region
[2022-06-13T03:17:36.321+0000][1][safepoint    ] Total time for which application threads were stopped: 0.0001818 seconds, Stopping threads took: 0.0000822 seconds
[2022-06-13T03:17:36.321+0000][1][safepoint    ] Application time: 0.0000591 seconds
[2022-06-13T03:17:36.321+0000][1][safepoint    ] Entering safepoint region: RevokeBias
[2022-06-13T03:17:36.321+0000][1][safepoint    ] Leaving safepoint region
[2022-06-13T03:17:36.321+0000][1][safepoint    ] Total time for which application threads were stopped: 0.0001915 seconds, Stopping threads took: 0.0000902 seconds
[2022-06-13T03:17:36.321+0000][1][safepoint    ] Application time: 0.0000614 seconds
[2022-06-13T03:17:36.321+0000][1][safepoint    ] Entering safepoint region: RevokeBias
[2022-06-13T03:17:36.321+0000][1][safepoint    ] Leaving safepoint region
[2022-06-13T03:17:36.321+0000][1][safepoint    ] Total time for which application threads were stopped: 0.0002006 seconds, Stopping threads took: 0.0000913 seconds
[2022-06-13T03:17:36.322+0000][1][safepoint    ] Application time: 0.0000554 seconds
[2022-06-13T03:17:36.322+0000][1][safepoint    ] Entering safepoint region: RevokeBias
[2022-06-13T03:17:36.322+0000][1][safepoint    ] Leaving safepoint region
[2022-06-13T03:17:36.322+0000][1][safepoint    ] Total time for which application threads were stopped: 0.0001969 seconds, Stopping threads took: 0.0000809 seconds
[2022-06-13T03:17:36.322+0000][1][safepoint    ] Application time: 0.0000570 seconds
[2022-06-13T03:17:36.322+0000][1][safepoint    ] Entering safepoint region: RevokeBias
[2022-06-13T03:17:36.322+0000][1][safepoint    ] Leaving safepoint region
[2022-06-13T03:17:36.322+0000][1][safepoint    ] Total time for which application threads were stopped: 0.0001878 seconds, Stopping threads took: 0.0000838 seconds
[2022-06-13T03:17:36.322+0000][1][safepoint    ] Application time: 0.0000779 seconds
[2022-06-13T03:17:36.323+0000][1][safepoint    ] Entering safepoint region: RevokeBias
[2022-06-13T03:17:36.323+0000][1][safepoint    ] Leaving safepoint region
[2022-06-13T03:17:36.323+0000][1][safepoint    ] Total time for which application threads were stopped: 0.0003476 seconds, Stopping threads took: 0.0001644 seconds
[2022-06-13T03:17:36.323+0000][1][safepoint    ] Application time: 0.0000808 seconds
[2022-06-13T03:17:36.323+0000][1][safepoint    ] Entering safepoint region: RevokeBias
[2022-06-13T03:17:36.323+0000][1][safepoint    ] Leaving safepoint region
[2022-06-13T03:17:36.324+0000][1][safepoint    ] Total time for which application threads were stopped: 0.0002926 seconds, Stopping threads took: 0.0001185 seconds
[2022-06-13T03:17:36.324+0000][1][safepoint    ] Application time: 0.0000900 seconds
[2022-06-13T03:17:36.324+0000][1][safepoint    ] Entering safepoint region: RevokeBias
[2022-06-13T03:17:36.324+0000][1][safepoint    ] Leaving safepoint region
[2022-06-13T03:17:36.324+0000][1][safepoint    ] Total time for which application threads were stopped: 0.0002575 seconds, Stopping threads took: 0.0001205 seconds
[2022-06-13T03:17:36.324+0000][1][safepoint    ] Application time: 0.0000694 seconds
[2022-06-13T03:17:36.324+0000][1][safepoint    ] Entering safepoint region: RevokeBias
[2022-06-13T03:17:36.325+0000][1][safepoint    ] Leaving safepoint region
[2022-06-13T03:17:36.325+0000][1][safepoint    ] Total time for which application threads were stopped: 0.0002703 seconds, Stopping threads took: 0.0001139 seconds
[2022-06-13T03:17:36.325+0000][1][safepoint    ] Application time: 0.0000626 seconds
[2022-06-13T03:17:36.325+0000][1][safepoint    ] Entering safepoint region: RevokeBias
[2022-06-13T03:17:36.325+0000][1][safepoint    ] Leaving safepoint region
[2022-06-13T03:17:36.325+0000][1][safepoint    ] Total time for which application threads were stopped: 0.0002399 seconds, Stopping threads took: 0.0001002 seconds
[2022-06-13T03:17:36.325+0000][1][safepoint    ] Application time: 0.0000312 seconds
[2022-06-13T03:17:36.326+0000][1][safepoint    ] Entering safepoint region: RevokeBias
[2022-06-13T03:17:36.326+0000][1][safepoint    ] Leaving safepoint region
[2022-06-13T03:17:36.326+0000][1][safepoint    ] Total time for which application threads were stopped: 0.0005121 seconds, Stopping threads took: 0.0001389 seconds
[2022-06-13T03:17:36.326+0000][1][safepoint    ] Application time: 0.0000813 seconds
[2022-06-13T03:17:36.326+0000][1][safepoint    ] Entering safepoint region: RevokeBias
[2022-06-13T03:17:36.327+0000][1][safepoint    ] Leaving safepoint region
[2022-06-13T03:17:36.327+0000][1][safepoint    ] Total time for which application threads were stopped: 0.0002483 seconds, Stopping threads took: 0.0001130 seconds
[2022-06-13T03:17:36.327+0000][1][safepoint    ] Application time: 0.0000725 seconds
[2022-06-13T03:17:36.327+0000][1][safepoint    ] Entering safepoint region: RevokeBias
[2022-06-13T03:17:36.327+0000][1][safepoint    ] Leaving safepoint region
[2022-06-13T03:17:36.327+0000][1][safepoint    ] Total time for which application threads were stopped: 0.0002699 seconds, Stopping threads took: 0.0001126 seconds
[2022-06-13T03:17:36.327+0000][1][safepoint    ] Application time: 0.0000643 seconds
[2022-06-13T03:17:36.328+0000][1][safepoint    ] Entering safepoint region: BulkRevokeBias
[2022-06-13T03:17:36.328+0000][1][safepoint    ] Leaving safepoint region
[2022-06-13T03:17:36.328+0000][1][safepoint    ] Total time for which application threads were stopped: 0.0003333 seconds, Stopping threads took: 0.0001142 seconds
[2022-06-13T03:17:36.328+0000][1][safepoint    ] Application time: 0.0004678 seconds
[2022-06-13T03:17:36.329+0000][1][safepoint    ] Entering safepoint region: RevokeBias
[2022-06-13T03:17:36.329+0000][1][safepoint    ] Leaving safepoint region
[2022-06-13T03:17:36.329+0000][1][safepoint    ] Total time for which application threads were stopped: 0.0004096 seconds, Stopping threads took: 0.0002211 seconds
[2022-06-13T03:17:36.329+0000][1][safepoint    ] Application time: 0.0003521 seconds
[2022-06-13T03:17:36.330+0000][1][safepoint    ] Entering safepoint region: RevokeBias
[2022-06-13T03:17:36.330+0000][1][safepoint    ] Leaving safepoint region
[2022-06-13T03:17:36.330+0000][1][safepoint    ] Total time for which application threads were stopped: 0.0003624 seconds, Stopping threads took: 0.0001782 seconds
[2022-06-13T03:17:36.331+0000][1][safepoint    ] Application time: 0.0005941 seconds
[2022-06-13T03:17:36.331+0000][1][safepoint    ] Entering safepoint region: RevokeBias
[2022-06-13T03:17:36.331+0000][1][safepoint    ] Leaving safepoint region
[2022-06-13T03:17:36.331+0000][1][safepoint    ] Total time for which application threads were stopped: 0.0002487 seconds, Stopping threads took: 0.0001115 seconds
[2022-06-13T03:17:36.332+0000][1][safepoint    ] Application time: 0.0005528 seconds
[2022-06-13T03:17:36.332+0000][1][safepoint    ] Entering safepoint region: RevokeBias
[2022-06-13T03:17:36.332+0000][1][safepoint    ] Leaving safepoint region
[2022-06-13T03:17:36.332+0000][1][safepoint    ] Total time for which application threads were stopped: 0.0003966 seconds, Stopping threads took: 0.0002308 seconds
[2022-06-13T03:17:36.332+0000][1][safepoint    ] Application time: 0.0001141 seconds
[2022-06-13T03:17:36.333+0000][1][safepoint    ] Entering safepoint region: RevokeBias
[2022-06-13T03:17:36.333+0000][1][safepoint    ] Leaving safepoint region
[2022-06-13T03:17:36.333+0000][1][safepoint    ] Total time for which application threads were stopped: 0.0002701 seconds, Stopping threads took: 0.0001072 seconds
[2022-06-13T03:17:36.333+0000][1][safepoint    ] Application time: 0.0001316 seconds
[2022-06-13T03:17:36.333+0000][1][safepoint    ] Entering safepoint region: RevokeBias
[2022-06-13T03:17:36.333+0000][1][safepoint    ] Leaving safepoint region
[2022-06-13T03:17:36.333+0000][1][safepoint    ] Total time for which application threads were stopped: 0.0003156 seconds, Stopping threads took: 0.0001432 seconds
[2022-06-13T03:17:36.334+0000][1][safepoint    ] Application time: 0.0000865 seconds
[2022-06-13T03:17:36.334+0000][1][safepoint    ] Entering safepoint region: RevokeBias
[2022-06-13T03:17:36.334+0000][1][safepoint    ] Leaving safepoint region
[2022-06-13T03:17:36.334+0000][1][safepoint    ] Total time for which application threads were stopped: 0.0003076 seconds, Stopping threads took: 0.0001132 seconds
[2022-06-13T03:17:36.334+0000][1][safepoint    ] Application time: 0.0003242 seconds
[2022-06-13T03:17:36.335+0000][1][safepoint    ] Entering safepoint region: RevokeBias
[2022-06-13T03:17:36.335+0000][1][safepoint    ] Leaving safepoint region
[2022-06-13T03:17:36.335+0000][1][safepoint    ] Total time for which application threads were stopped: 0.0002732 seconds, Stopping threads took: 0.0001267 seconds
[2022-06-13T03:17:36.336+0000][1][safepoint    ] Application time: 0.0010585 seconds
[2022-06-13T03:17:36.337+0000][1][safepoint    ] Entering safepoint region: BulkRevokeBias
[2022-06-13T03:17:36.337+0000][1][safepoint    ] Leaving safepoint region
[2022-06-13T03:17:36.337+0000][1][safepoint    ] Total time for which application threads were stopped: 0.0007800 seconds, Stopping threads took: 0.0005957 seconds
[2022-06-13T03:17:36.337+0000][1][safepoint    ] Application time: 0.0001339 seconds
[2022-06-13T03:17:36.338+0000][1][safepoint    ] Entering safepoint region: RevokeBias
[2022-06-13T03:17:36.338+0000][1][safepoint    ] Leaving safepoint region
[2022-06-13T03:17:36.338+0000][1][safepoint    ] Total time for which application threads were stopped: 0.0006685 seconds, Stopping threads took: 0.0005290 seconds
[2022-06-13T03:17:36.338+0000][1][safepoint    ] Application time: 0.0000804 seconds
[2022-06-13T03:17:36.338+0000][1][safepoint    ] Entering safepoint region: RevokeBias
[2022-06-13T03:17:36.339+0000][1][safepoint    ] Leaving safepoint region
[2022-06-13T03:17:36.339+0000][1][safepoint    ] Total time for which application threads were stopped: 0.0003303 seconds, Stopping threads took: 0.0001666 seconds
[2022-06-13T03:17:36.340+0000][1][safepoint    ] Application time: 0.0016185 seconds
[2022-06-13T03:17:36.341+0000][1][safepoint    ] Entering safepoint region: RevokeBias
[2022-06-13T03:17:36.341+0000][1][safepoint    ] Leaving safepoint region
[2022-06-13T03:17:36.341+0000][1][safepoint    ] Total time for which application threads were stopped: 0.0003024 seconds, Stopping threads took: 0.0001370 seconds
[2022-06-13T03:17:36.341+0000][1][safepoint    ] Application time: 0.0001542 seconds
[2022-06-13T03:17:36.342+0000][1][safepoint    ] Entering safepoint region: RevokeBias
[2022-06-13T03:17:36.342+0000][1][safepoint    ] Leaving safepoint region
[2022-06-13T03:17:36.342+0000][1][safepoint    ] Total time for which application threads were stopped: 0.0005871 seconds, Stopping threads took: 0.0003949 seconds
[2022-06-13T03:17:36.342+0000][1][safepoint    ] Application time: 0.0002847 seconds
[2022-06-13T03:17:36.342+0000][1][safepoint    ] Entering safepoint region: RevokeBias
[2022-06-13T03:17:36.343+0000][1][safepoint    ] Leaving safepoint region
[2022-06-13T03:17:36.343+0000][1][safepoint    ] Total time for which application threads were stopped: 0.0004482 seconds, Stopping threads took: 0.0002516 seconds
[2022-06-13T03:17:36.361+0000][1][safepoint    ] Application time: 0.0176945 seconds
[2022-06-13T03:17:36.361+0000][1][safepoint    ] Entering safepoint region: GenCollectForAllocation
[2022-06-13T03:17:36.361+0000][1][gc,start     ] GC(19) Pause Young (Allocation Failure)
[2022-06-13T03:17:36.361+0000][1][gc,task      ] GC(19) Using 5 workers of 13 for evacuation
[2022-06-13T03:17:36.366+0000][1][gc,age       ] GC(19) Desired survivor size 4456448 bytes, new threshold 2 (max threshold 6)
[2022-06-13T03:17:36.366+0000][1][gc,age       ] GC(19) Age table with threshold 2 (max threshold 6)
[2022-06-13T03:17:36.366+0000][1][gc,age       ] GC(19) - age   1:    3181384 bytes,    3181384 total
[2022-06-13T03:17:36.367+0000][1][gc,age       ] GC(19) - age   2:    3668712 bytes,    6850096 total
[2022-06-13T03:17:36.367+0000][1][gc,age       ] GC(19) - age   3:     320472 bytes,    7170568 total
[2022-06-13T03:17:36.367+0000][1][gc,heap      ] GC(19) ParNew: 74773K->8304K(78656K)
[2022-06-13T03:17:36.367+0000][1][gc,heap      ] GC(19) CMS: 55603K->55603K(174784K)
[2022-06-13T03:17:36.367+0000][1][gc,metaspace ] GC(19) Metaspace: 47284K->47284K(1093632K)
[2022-06-13T03:17:36.367+0000][1][gc           ] GC(19) Pause Young (Allocation Failure) 127M->62M(247M) 5.996ms
[2022-06-13T03:17:36.367+0000][1][gc,cpu       ] GC(19) User=0.02s Sys=0.00s Real=0.00s
[2022-06-13T03:17:36.367+0000][1][safepoint    ] Leaving safepoint region
[2022-06-13T03:17:36.368+0000][1][safepoint    ] Total time for which application threads were stopped: 0.0066437 seconds, Stopping threads took: 0.0001556 seconds
[2022-06-13T03:17:36.533+0000][1][safepoint    ] Application time: 0.1651774 seconds
[2022-06-13T03:17:36.533+0000][1][safepoint    ] Entering safepoint region: RevokeBias
[2022-06-13T03:17:36.533+0000][1][safepoint    ] Leaving safepoint region
[2022-06-13T03:17:36.534+0000][1][safepoint    ] Total time for which application threads were stopped: 0.0003972 seconds, Stopping threads took: 0.0001968 seconds
[2022-06-13T03:17:36.872+0000][1][safepoint    ] Application time: 0.3377772 seconds
[2022-06-13T03:17:36.872+0000][1][safepoint    ] Entering safepoint region: RevokeBias
[2022-06-13T03:17:36.872+0000][1][safepoint    ] Leaving safepoint region
[2022-06-13T03:17:36.872+0000][1][safepoint    ] Total time for which application threads were stopped: 0.0003487 seconds, Stopping threads took: 0.0001378 seconds
[2022-06-13T03:17:36.877+0000][1][safepoint    ] Application time: 0.0050225 seconds
[2022-06-13T03:17:36.877+0000][1][safepoint    ] Entering safepoint region: GenCollectForAllocation
[2022-06-13T03:17:36.878+0000][1][gc,start     ] GC(20) Pause Young (Allocation Failure)
[2022-06-13T03:17:36.878+0000][1][gc,task      ] GC(20) Using 5 workers of 13 for evacuation
[2022-06-13T03:17:36.884+0000][1][gc,age       ] GC(20) Desired survivor size 4456448 bytes, new threshold 2 (max threshold 6)
[2022-06-13T03:17:36.884+0000][1][gc,age       ] GC(20) Age table with threshold 2 (max threshold 6)
[2022-06-13T03:17:36.884+0000][1][gc,age       ] GC(20) - age   1:    1561456 bytes,    1561456 total
[2022-06-13T03:17:36.884+0000][1][gc,age       ] GC(20) - age   2:    3078616 bytes,    4640072 total
[2022-06-13T03:17:36.885+0000][1][gc,heap      ] GC(20) ParNew: 78256K->7340K(78656K)
[2022-06-13T03:17:36.885+0000][1][gc,heap      ] GC(20) CMS: 55603K->59604K(174784K)
[2022-06-13T03:17:36.885+0000][1][gc,metaspace ] GC(20) Metaspace: 53914K->53914K(1099776K)
[2022-06-13T03:17:36.885+0000][1][gc           ] GC(20) Pause Young (Allocation Failure) 130M->65M(247M) 7.935ms
[2022-06-13T03:17:36.886+0000][1][gc,cpu       ] GC(20) User=0.03s Sys=0.00s Real=0.01s
[2022-06-13T03:17:36.886+0000][1][safepoint    ] Leaving safepoint region
[2022-06-13T03:17:36.886+0000][1][safepoint    ] Total time for which application threads were stopped: 0.0089598 seconds, Stopping threads took: 0.0001545 seconds
[2022-06-13T03:17:37.025+0000][1][safepoint    ] Application time: 0.1386892 seconds
[2022-06-13T03:17:37.026+0000][1][safepoint    ] Entering safepoint region: Deoptimize
[2022-06-13T03:17:37.027+0000][1][safepoint    ] Leaving safepoint region
[2022-06-13T03:17:37.027+0000][1][safepoint    ] Total time for which application threads were stopped: 0.0013476 seconds, Stopping threads took: 0.0001582 seconds
[2022-06-13T03:17:37.053+0000][1][safepoint    ] Application time: 0.0257539 seconds
[2022-06-13T03:17:37.053+0000][1][safepoint    ] Entering safepoint region: RevokeBias
[2022-06-13T03:17:37.053+0000][1][safepoint    ] Leaving safepoint region
[2022-06-13T03:17:37.053+0000][1][safepoint    ] Total time for which application threads were stopped: 0.0003175 seconds, Stopping threads took: 0.0001658 seconds
[2022-06-13T03:17:37.054+0000][1][safepoint    ] Application time: 0.0001159 seconds
[2022-06-13T03:17:37.054+0000][1][safepoint    ] Entering safepoint region: RevokeBias
[2022-06-13T03:17:37.054+0000][1][safepoint    ] Leaving safepoint region
[2022-06-13T03:17:37.054+0000][1][safepoint    ] Total time for which application threads were stopped: 0.0002356 seconds, Stopping threads took: 0.0001035 seconds
[2022-06-13T03:17:37.054+0000][1][safepoint    ] Application time: 0.0001503 seconds
[2022-06-13T03:17:37.054+0000][1][safepoint    ] Entering safepoint region: RevokeBias
[2022-06-13T03:17:37.054+0000][1][safepoint    ] Leaving safepoint region
[2022-06-13T03:17:37.055+0000][1][safepoint    ] Total time for which application threads were stopped: 0.0002405 seconds, Stopping threads took: 0.0001001 seconds
[2022-06-13T03:17:37.057+0000][1][safepoint    ] Application time: 0.0023218 seconds
[2022-06-13T03:17:37.057+0000][1][safepoint    ] Entering safepoint region: RevokeBias
[2022-06-13T03:17:37.057+0000][1][safepoint    ] Leaving safepoint region
[2022-06-13T03:17:37.057+0000][1][safepoint    ] Total time for which application threads were stopped: 0.0003307 seconds, Stopping threads took: 0.0001548 seconds
[2022-06-13T03:17:37.205+0000][1][safepoint    ] Application time: 0.1477307 seconds
[2022-06-13T03:17:37.206+0000][1][safepoint    ] Entering safepoint region: Deoptimize
[2022-06-13T03:17:37.208+0000][1][safepoint    ] Leaving safepoint region
[2022-06-13T03:17:37.208+0000][1][safepoint    ] Total time for which application threads were stopped: 0.0023357 seconds, Stopping threads took: 0.0001305 seconds
[2022-06-13T03:17:37.219+0000][1][safepoint    ] Application time: 0.0112363 seconds
[2022-06-13T03:17:37.220+0000][1][safepoint    ] Entering safepoint region: RevokeBias
[2022-06-13T03:17:37.220+0000][1][safepoint    ] Leaving safepoint region
[2022-06-13T03:17:37.220+0000][1][safepoint    ] Total time for which application threads were stopped: 0.0004991 seconds, Stopping threads took: 0.0002573 seconds
[2022-06-13T03:17:37.229+0000][1][safepoint    ] Application time: 0.0087043 seconds
[2022-06-13T03:17:37.230+0000][1][safepoint    ] Entering safepoint region: RevokeBias
[2022-06-13T03:17:37.230+0000][1][safepoint    ] Leaving safepoint region
[2022-06-13T03:17:37.230+0000][1][safepoint    ] Total time for which application threads were stopped: 0.0004712 seconds, Stopping threads took: 0.0002404 seconds
[2022-06-13T03:17:37.230+0000][1][safepoint    ] Application time: 0.0001957 seconds
[2022-06-13T03:17:37.231+0000][1][safepoint    ] Entering safepoint region: RevokeBias
[2022-06-13T03:17:37.231+0000][1][safepoint    ] Leaving safepoint region
[2022-06-13T03:17:37.231+0000][1][safepoint    ] Total time for which application threads were stopped: 0.0004032 seconds, Stopping threads took: 0.0001908 seconds
[2022-06-13T03:17:37.395+0000][1][safepoint    ] Application time: 0.1641177 seconds
[2022-06-13T03:17:37.395+0000][1][safepoint    ] Entering safepoint region: RevokeBias
[2022-06-13T03:17:37.396+0000][1][safepoint    ] Leaving safepoint region
[2022-06-13T03:17:37.396+0000][1][safepoint    ] Total time for which application threads were stopped: 0.0003121 seconds, Stopping threads took: 0.0001334 seconds
[2022-06-13T03:17:37.396+0000][1][safepoint    ] Application time: 0.0001166 seconds
[2022-06-13T03:17:37.396+0000][1][safepoint    ] Entering safepoint region: RevokeBias
[2022-06-13T03:17:37.396+0000][1][safepoint    ] Leaving safepoint region
[2022-06-13T03:17:37.396+0000][1][safepoint    ] Total time for which application threads were stopped: 0.0003220 seconds, Stopping threads took: 0.0001367 seconds
[2022-06-13T03:17:37.397+0000][1][safepoint    ] Application time: 0.0001035 seconds
[2022-06-13T03:17:37.397+0000][1][safepoint    ] Entering safepoint region: RevokeBias
[2022-06-13T03:17:37.397+0000][1][safepoint    ] Leaving safepoint region
[2022-06-13T03:17:37.397+0000][1][safepoint    ] Total time for which application threads were stopped: 0.0003095 seconds, Stopping threads took: 0.0001613 seconds
[2022-06-13T03:17:37.397+0000][1][safepoint    ] Application time: 0.0000852 seconds
[2022-06-13T03:17:37.397+0000][1][safepoint    ] Entering safepoint region: RevokeBias
[2022-06-13T03:17:37.398+0000][1][safepoint    ] Leaving safepoint region
[2022-06-13T03:17:37.398+0000][1][safepoint    ] Total time for which application threads were stopped: 0.0003405 seconds, Stopping threads took: 0.0001769 seconds
[2022-06-13T03:17:37.398+0000][1][safepoint    ] Application time: 0.0000996 seconds
[2022-06-13T03:17:37.398+0000][1][safepoint    ] Entering safepoint region: RevokeBias
[2022-06-13T03:17:37.398+0000][1][safepoint    ] Leaving safepoint region
[2022-06-13T03:17:37.398+0000][1][safepoint    ] Total time for which application threads were stopped: 0.0002813 seconds, Stopping threads took: 0.0001347 seconds
[2022-06-13T03:17:37.399+0000][1][safepoint    ] Application time: 0.0001143 seconds
[2022-06-13T03:17:37.399+0000][1][safepoint    ] Entering safepoint region: RevokeBias
[2022-06-13T03:17:37.399+0000][1][safepoint    ] Leaving safepoint region
[2022-06-13T03:17:37.399+0000][1][safepoint    ] Total time for which application threads were stopped: 0.0002796 seconds, Stopping threads took: 0.0001310 seconds
[2022-06-13T03:17:37.399+0000][1][safepoint    ] Application time: 0.0001978 seconds
[2022-06-13T03:17:37.399+0000][1][safepoint    ] Entering safepoint region: RevokeBias
[2022-06-13T03:17:37.400+0000][1][safepoint    ] Leaving safepoint region
[2022-06-13T03:17:37.400+0000][1][safepoint    ] Total time for which application threads were stopped: 0.0002847 seconds, Stopping threads took: 0.0001266 seconds
[2022-06-13T03:17:37.400+0000][1][safepoint    ] Application time: 0.0000689 seconds
[2022-06-13T03:17:37.400+0000][1][safepoint    ] Entering safepoint region: RevokeBias
[2022-06-13T03:17:37.400+0000][1][safepoint    ] Leaving safepoint region
[2022-06-13T03:17:37.400+0000][1][safepoint    ] Total time for which application threads were stopped: 0.0002504 seconds, Stopping threads took: 0.0001126 seconds
[2022-06-13T03:17:37.493+0000][1][safepoint    ] Application time: 0.0927574 seconds
[2022-06-13T03:17:37.493+0000][1][safepoint    ] Entering safepoint region: RevokeBias
[2022-06-13T03:17:37.494+0000][1][safepoint    ] Leaving safepoint region
[2022-06-13T03:17:37.494+0000][1][safepoint    ] Total time for which application threads were stopped: 0.0002289 seconds, Stopping threads took: 0.0001043 seconds
[2022-06-13T03:17:37.603+0000][1][safepoint    ] Application time: 0.1091989 seconds
[2022-06-13T03:17:37.603+0000][1][safepoint    ] Entering safepoint region: GenCollectForAllocation
[2022-06-13T03:17:37.603+0000][1][gc,start     ] GC(21) Pause Young (Allocation Failure)
[2022-06-13T03:17:37.603+0000][1][gc,task      ] GC(21) Using 5 workers of 13 for evacuation
[2022-06-13T03:17:37.611+0000][1][gc,age       ] GC(21) Desired survivor size 4456448 bytes, new threshold 2 (max threshold 6)
[2022-06-13T03:17:37.612+0000][1][gc,age       ] GC(21) Age table with threshold 2 (max threshold 6)
[2022-06-13T03:17:37.612+0000][1][gc,age       ] GC(21) - age   1:    4041456 bytes,    4041456 total
[2022-06-13T03:17:37.612+0000][1][gc,age       ] GC(21) - age   2:    1495576 bytes,    5537032 total
[2022-06-13T03:17:37.612+0000][1][gc,heap      ] GC(21) ParNew: 77292K->7884K(78656K)
[2022-06-13T03:17:37.612+0000][1][gc,heap      ] GC(21) CMS: 59604K->62679K(174784K)
[2022-06-13T03:17:37.612+0000][1][gc,metaspace ] GC(21) Metaspace: 62053K->62053K(1105920K)
[2022-06-13T03:17:37.612+0000][1][gc           ] GC(21) Pause Young (Allocation Failure) 133M->68M(247M) 9.203ms
[2022-06-13T03:17:37.613+0000][1][gc,cpu       ] GC(21) User=0.04s Sys=0.00s Real=0.01s
[2022-06-13T03:17:37.613+0000][1][safepoint    ] Leaving safepoint region
[2022-06-13T03:17:37.613+0000][1][safepoint    ] Total time for which application threads were stopped: 0.0097903 seconds, Stopping threads took: 0.0001535 seconds
[2022-06-13T03:17:37.653+0000][1][safepoint    ] Application time: 0.0401461 seconds
[2022-06-13T03:17:37.654+0000][1][safepoint    ] Entering safepoint region: Deoptimize
[2022-06-13T03:17:37.655+0000][1][safepoint    ] Leaving safepoint region
[2022-06-13T03:17:37.655+0000][1][safepoint    ] Total time for which application threads were stopped: 0.0014450 seconds, Stopping threads took: 0.0002523 seconds
[2022-06-13T03:17:37.660+0000][1][safepoint    ] Application time: 0.0050951 seconds
[2022-06-13T03:17:37.661+0000][1][safepoint    ] Entering safepoint region: BulkRevokeBias
[2022-06-13T03:17:37.661+0000][1][safepoint    ] Leaving safepoint region
[2022-06-13T03:17:37.662+0000][1][safepoint    ] Total time for which application threads were stopped: 0.0008663 seconds, Stopping threads took: 0.0004159 seconds
[2022-06-13T03:17:37.663+0000][1][safepoint    ] Application time: 0.0012810 seconds
[2022-06-13T03:17:37.664+0000][1][safepoint    ] Entering safepoint region: RevokeBias
[2022-06-13T03:17:37.664+0000][1][safepoint    ] Leaving safepoint region
[2022-06-13T03:17:37.664+0000][1][safepoint    ] Total time for which application threads were stopped: 0.0003178 seconds, Stopping threads took: 0.0001516 seconds
[2022-06-13T03:17:37.664+0000][1][safepoint    ] Application time: 0.0000867 seconds
[2022-06-13T03:17:37.665+0000][1][safepoint    ] Entering safepoint region: RevokeBias
[2022-06-13T03:17:37.665+0000][1][safepoint    ] Leaving safepoint region
[2022-06-13T03:17:37.665+0000][1][safepoint    ] Total time for which application threads were stopped: 0.0003108 seconds, Stopping threads took: 0.0001275 seconds
[2022-06-13T03:17:37.665+0000][1][safepoint    ] Application time: 0.0000759 seconds
[2022-06-13T03:17:37.665+0000][1][safepoint    ] Entering safepoint region: RevokeBias
[2022-06-13T03:17:37.665+0000][1][safepoint    ] Leaving safepoint region
[2022-06-13T03:17:37.666+0000][1][safepoint    ] Total time for which application threads were stopped: 0.0003777 seconds, Stopping threads took: 0.0001907 seconds
[2022-06-13T03:17:37.666+0000][1][safepoint    ] Application time: 0.0001266 seconds
[2022-06-13T03:17:37.666+0000][1][safepoint    ] Entering safepoint region: RevokeBias
[2022-06-13T03:17:37.666+0000][1][safepoint    ] Leaving safepoint region
[2022-06-13T03:17:37.666+0000][1][safepoint    ] Total time for which application threads were stopped: 0.0003011 seconds, Stopping threads took: 0.0001409 seconds
[2022-06-13T03:17:37.667+0000][1][safepoint    ] Application time: 0.0003075 seconds
[2022-06-13T03:17:37.667+0000][1][safepoint    ] Entering safepoint region: RevokeBias
[2022-06-13T03:17:37.667+0000][1][safepoint    ] Leaving safepoint region
[2022-06-13T03:17:37.667+0000][1][safepoint    ] Total time for which application threads were stopped: 0.0003240 seconds, Stopping threads took: 0.0002004 seconds
[2022-06-13T03:17:37.667+0000][1][safepoint    ] Application time: 0.0000693 seconds
[2022-06-13T03:17:37.667+0000][1][safepoint    ] Entering safepoint region: RevokeBias
[2022-06-13T03:17:37.668+0000][1][safepoint    ] Leaving safepoint region
[2022-06-13T03:17:37.668+0000][1][safepoint    ] Total time for which application threads were stopped: 0.0002394 seconds, Stopping threads took: 0.0001062 seconds
[2022-06-13T03:17:37.668+0000][1][safepoint    ] Application time: 0.0000913 seconds
[2022-06-13T03:17:37.668+0000][1][safepoint    ] Entering safepoint region: RevokeBias
[2022-06-13T03:17:37.668+0000][1][safepoint    ] Leaving safepoint region
[2022-06-13T03:17:37.668+0000][1][safepoint    ] Total time for which application threads were stopped: 0.0001872 seconds, Stopping threads took: 0.0000861 seconds
[2022-06-13T03:17:37.668+0000][1][safepoint    ] Application time: 0.0002030 seconds
[2022-06-13T03:17:37.669+0000][1][safepoint    ] Entering safepoint region: RevokeBias
[2022-06-13T03:17:37.669+0000][1][safepoint    ] Leaving safepoint region
[2022-06-13T03:17:37.669+0000][1][safepoint    ] Total time for which application threads were stopped: 0.0001850 seconds, Stopping threads took: 0.0000789 seconds
[2022-06-13T03:17:37.669+0000][1][safepoint    ] Application time: 0.0002478 seconds
[2022-06-13T03:17:37.669+0000][1][safepoint    ] Entering safepoint region: RevokeBias
[2022-06-13T03:17:37.670+0000][1][safepoint    ] Leaving safepoint region
[2022-06-13T03:17:37.670+0000][1][safepoint    ] Total time for which application threads were stopped: 0.0003728 seconds, Stopping threads took: 0.0001894 seconds
[2022-06-13T03:17:37.670+0000][1][safepoint    ] Application time: 0.0002407 seconds
[2022-06-13T03:17:37.670+0000][1][safepoint    ] Entering safepoint region: RevokeBias
[2022-06-13T03:17:37.670+0000][1][safepoint    ] Leaving safepoint region
[2022-06-13T03:17:37.671+0000][1][safepoint    ] Total time for which application threads were stopped: 0.0004432 seconds, Stopping threads took: 0.0001849 seconds
[2022-06-13T03:17:37.671+0000][1][safepoint    ] Application time: 0.0000778 seconds
[2022-06-13T03:17:37.671+0000][1][safepoint    ] Entering safepoint region: RevokeBias
[2022-06-13T03:17:37.671+0000][1][safepoint    ] Leaving safepoint region
[2022-06-13T03:17:37.671+0000][1][safepoint    ] Total time for which application threads were stopped: 0.0003263 seconds, Stopping threads took: 0.0001597 seconds
[2022-06-13T03:17:37.672+0000][1][safepoint    ] Application time: 0.0004647 seconds
[2022-06-13T03:17:37.672+0000][1][safepoint    ] Entering safepoint region: RevokeBias
[2022-06-13T03:17:37.672+0000][1][safepoint    ] Leaving safepoint region
[2022-06-13T03:17:37.673+0000][1][safepoint    ] Total time for which application threads were stopped: 0.0003335 seconds, Stopping threads took: 0.0001501 seconds
[2022-06-13T03:17:37.674+0000][1][safepoint    ] Application time: 0.0007109 seconds
[2022-06-13T03:17:37.674+0000][1][safepoint    ] Entering safepoint region: RevokeBias
[2022-06-13T03:17:37.674+0000][1][safepoint    ] Leaving safepoint region
[2022-06-13T03:17:37.674+0000][1][safepoint    ] Total time for which application threads were stopped: 0.0003097 seconds, Stopping threads took: 0.0001541 seconds
[2022-06-13T03:17:37.674+0000][1][safepoint    ] Application time: 0.0000979 seconds
[2022-06-13T03:17:37.674+0000][1][safepoint    ] Entering safepoint region: RevokeBias
[2022-06-13T03:17:37.675+0000][1][safepoint    ] Leaving safepoint region
[2022-06-13T03:17:37.675+0000][1][safepoint    ] Total time for which application threads were stopped: 0.0004153 seconds, Stopping threads took: 0.0001673 seconds
[2022-06-13T03:17:37.676+0000][1][safepoint    ] Application time: 0.0009227 seconds
[2022-06-13T03:17:37.676+0000][1][safepoint    ] Entering safepoint region: RevokeBias
[2022-06-13T03:17:37.677+0000][1][safepoint    ] Leaving safepoint region
[2022-06-13T03:17:37.677+0000][1][safepoint    ] Total time for which application threads were stopped: 0.0003619 seconds, Stopping threads took: 0.0002289 seconds
[2022-06-13T03:17:37.677+0000][1][safepoint    ] Application time: 0.0004817 seconds
[2022-06-13T03:17:37.678+0000][1][safepoint    ] Entering safepoint region: Deoptimize
[2022-06-13T03:17:37.678+0000][1][safepoint    ] Leaving safepoint region
[2022-06-13T03:17:37.679+0000][1][safepoint    ] Total time for which application threads were stopped: 0.0009563 seconds, Stopping threads took: 0.0002752 seconds
[2022-06-13T03:17:37.679+0000][1][safepoint    ] Application time: 0.0004581 seconds
[2022-06-13T03:17:37.679+0000][1][safepoint    ] Entering safepoint region: RevokeBias
[2022-06-13T03:17:37.680+0000][1][safepoint    ] Leaving safepoint region
[2022-06-13T03:17:37.680+0000][1][safepoint    ] Total time for which application threads were stopped: 0.0004902 seconds, Stopping threads took: 0.0002895 seconds
[2022-06-13T03:17:37.705+0000][1][safepoint    ] Application time: 0.0247554 seconds
[2022-06-13T03:17:37.705+0000][1][safepoint    ] Entering safepoint region: RevokeBias
[2022-06-13T03:17:37.706+0000][1][safepoint    ] Leaving safepoint region
[2022-06-13T03:17:37.706+0000][1][safepoint    ] Total time for which application threads were stopped: 0.0003346 seconds, Stopping threads took: 0.0001907 seconds
[2022-06-13T03:17:37.706+0000][1][safepoint    ] Application time: 0.0001321 seconds
[2022-06-13T03:17:37.706+0000][1][safepoint    ] Entering safepoint region: RevokeBias
[2022-06-13T03:17:37.706+0000][1][safepoint    ] Leaving safepoint region
[2022-06-13T03:17:37.706+0000][1][safepoint    ] Total time for which application threads were stopped: 0.0002001 seconds, Stopping threads took: 0.0000940 seconds
[2022-06-13T03:17:37.706+0000][1][safepoint    ] Application time: 0.0001478 seconds
[2022-06-13T03:17:37.707+0000][1][safepoint    ] Entering safepoint region: RevokeBias
[2022-06-13T03:17:37.707+0000][1][safepoint    ] Leaving safepoint region
[2022-06-13T03:17:37.707+0000][1][safepoint    ] Total time for which application threads were stopped: 0.0002585 seconds, Stopping threads took: 0.0001204 seconds
[2022-06-13T03:17:37.707+0000][1][safepoint    ] Application time: 0.0003986 seconds
[2022-06-13T03:17:37.707+0000][1][safepoint    ] Entering safepoint region: BulkRevokeBias
[2022-06-13T03:17:37.708+0000][1][safepoint    ] Leaving safepoint region
[2022-06-13T03:17:37.708+0000][1][safepoint    ] Total time for which application threads were stopped: 0.0005572 seconds, Stopping threads took: 0.0002818 seconds
[2022-06-13T03:17:37.709+0000][1][safepoint    ] Application time: 0.0008749 seconds
[2022-06-13T03:17:37.710+0000][1][safepoint    ] Entering safepoint region: RevokeBias
[2022-06-13T03:17:37.710+0000][1][safepoint    ] Leaving safepoint region
[2022-06-13T03:17:37.710+0000][1][safepoint    ] Total time for which application threads were stopped: 0.0007146 seconds, Stopping threads took: 0.0004569 seconds
[2022-06-13T03:17:37.710+0000][1][safepoint    ] Application time: 0.0001119 seconds
[2022-06-13T03:17:37.711+0000][1][safepoint    ] Entering safepoint region: RevokeBias
[2022-06-13T03:17:37.711+0000][1][safepoint    ] Leaving safepoint region
[2022-06-13T03:17:37.711+0000][1][safepoint    ] Total time for which application threads were stopped: 0.0003037 seconds, Stopping threads took: 0.0001696 seconds
[2022-06-13T03:17:37.712+0000][1][safepoint    ] Application time: 0.0008464 seconds
[2022-06-13T03:17:37.712+0000][1][safepoint    ] Entering safepoint region: RevokeBias
[2022-06-13T03:17:37.713+0000][1][safepoint    ] Leaving safepoint region
[2022-06-13T03:17:37.713+0000][1][safepoint    ] Total time for which application threads were stopped: 0.0005444 seconds, Stopping threads took: 0.0003084 seconds
[2022-06-13T03:17:37.713+0000][1][safepoint    ] Application time: 0.0001072 seconds
[2022-06-13T03:17:37.713+0000][1][safepoint    ] Entering safepoint region: RevokeBias
[2022-06-13T03:17:37.714+0000][1][safepoint    ] Leaving safepoint region
[2022-06-13T03:17:37.714+0000][1][safepoint    ] Total time for which application threads were stopped: 0.0005070 seconds, Stopping threads took: 0.0003183 seconds
[2022-06-13T03:17:37.715+0000][1][safepoint    ] Application time: 0.0006211 seconds
[2022-06-13T03:17:37.715+0000][1][safepoint    ] Entering safepoint region: RevokeBias
[2022-06-13T03:17:37.715+0000][1][safepoint    ] Leaving safepoint region
[2022-06-13T03:17:37.715+0000][1][safepoint    ] Total time for which application threads were stopped: 0.0004986 seconds, Stopping threads took: 0.0003246 seconds
[2022-06-13T03:17:37.716+0000][1][safepoint    ] Application time: 0.0002054 seconds
[2022-06-13T03:17:37.716+0000][1][safepoint    ] Entering safepoint region: RevokeBias
[2022-06-13T03:17:37.716+0000][1][safepoint    ] Leaving safepoint region
[2022-06-13T03:17:37.716+0000][1][safepoint    ] Total time for which application threads were stopped: 0.0005148 seconds, Stopping threads took: 0.0002374 seconds
[2022-06-13T03:17:37.717+0000][1][safepoint    ] Application time: 0.0007024 seconds
[2022-06-13T03:17:37.718+0000][1][safepoint    ] Entering safepoint region: RevokeBias
[2022-06-13T03:17:37.718+0000][1][safepoint    ] Leaving safepoint region
[2022-06-13T03:17:37.718+0000][1][safepoint    ] Total time for which application threads were stopped: 0.0004291 seconds, Stopping threads took: 0.0002802 seconds
[2022-06-13T03:17:37.720+0000][1][safepoint    ] Application time: 0.0015680 seconds
[2022-06-13T03:17:37.720+0000][1][safepoint    ] Entering safepoint region: RevokeBias
[2022-06-13T03:17:37.720+0000][1][safepoint    ] Leaving safepoint region
[2022-06-13T03:17:37.720+0000][1][safepoint    ] Total time for which application threads were stopped: 0.0003944 seconds, Stopping threads took: 0.0001977 seconds
[2022-06-13T03:17:37.721+0000][1][safepoint    ] Application time: 0.0001760 seconds
[2022-06-13T03:17:37.721+0000][1][safepoint    ] Entering safepoint region: RevokeBias
[2022-06-13T03:17:37.721+0000][1][safepoint    ] Leaving safepoint region
[2022-06-13T03:17:37.721+0000][1][safepoint    ] Total time for which application threads were stopped: 0.0004462 seconds, Stopping threads took: 0.0002171 seconds
[2022-06-13T03:17:37.722+0000][1][safepoint    ] Application time: 0.0001209 seconds
[2022-06-13T03:17:37.722+0000][1][safepoint    ] Entering safepoint region: RevokeBias
[2022-06-13T03:17:37.722+0000][1][safepoint    ] Leaving safepoint region
[2022-06-13T03:17:37.722+0000][1][safepoint    ] Total time for which application threads were stopped: 0.0005749 seconds, Stopping threads took: 0.0003464 seconds
[2022-06-13T03:17:37.724+0000][1][safepoint    ] Application time: 0.0009555 seconds
[2022-06-13T03:17:37.724+0000][1][safepoint    ] Entering safepoint region: RevokeBias
[2022-06-13T03:17:37.724+0000][1][safepoint    ] Leaving safepoint region
[2022-06-13T03:17:37.724+0000][1][safepoint    ] Total time for which application threads were stopped: 0.0003517 seconds, Stopping threads took: 0.0002006 seconds
[2022-06-13T03:17:37.724+0000][1][safepoint    ] Application time: 0.0001576 seconds
[2022-06-13T03:17:37.725+0000][1][safepoint    ] Entering safepoint region: RevokeBias
[2022-06-13T03:17:37.725+0000][1][safepoint    ] Leaving safepoint region
[2022-06-13T03:17:37.725+0000][1][safepoint    ] Total time for which application threads were stopped: 0.0003667 seconds, Stopping threads took: 0.0001367 seconds
[2022-06-13T03:17:37.725+0000][1][safepoint    ] Application time: 0.0001023 seconds
[2022-06-13T03:17:37.725+0000][1][safepoint    ] Entering safepoint region: RevokeBias
[2022-06-13T03:17:37.726+0000][1][safepoint    ] Leaving safepoint region
[2022-06-13T03:17:37.726+0000][1][safepoint    ] Total time for which application threads were stopped: 0.0002904 seconds, Stopping threads took: 0.0001565 seconds
[2022-06-13T03:17:37.726+0000][1][safepoint    ] Application time: 0.0003947 seconds
[2022-06-13T03:17:37.727+0000][1][safepoint    ] Entering safepoint region: RevokeBias
[2022-06-13T03:17:37.727+0000][1][safepoint    ] Leaving safepoint region
[2022-06-13T03:17:37.727+0000][1][safepoint    ] Total time for which application threads were stopped: 0.0004914 seconds, Stopping threads took: 0.0002528 seconds
[2022-06-13T03:17:37.727+0000][1][safepoint    ] Application time: 0.0000781 seconds
[2022-06-13T03:17:37.727+0000][1][safepoint    ] Entering safepoint region: RevokeBias
[2022-06-13T03:17:37.728+0000][1][safepoint    ] Leaving safepoint region
[2022-06-13T03:17:37.728+0000][1][safepoint    ] Total time for which application threads were stopped: 0.0005003 seconds, Stopping threads took: 0.0002339 seconds
[2022-06-13T03:17:37.731+0000][1][safepoint    ] Application time: 0.0024632 seconds
[2022-06-13T03:17:37.731+0000][1][safepoint    ] Entering safepoint region: RevokeBias
[2022-06-13T03:17:37.731+0000][1][safepoint    ] Leaving safepoint region
[2022-06-13T03:17:37.731+0000][1][safepoint    ] Total time for which application threads were stopped: 0.0002921 seconds, Stopping threads took: 0.0001211 seconds
[2022-06-13T03:17:37.731+0000][1][safepoint    ] Application time: 0.0001255 seconds
[2022-06-13T03:17:37.731+0000][1][safepoint    ] Entering safepoint region: RevokeBias
[2022-06-13T03:17:37.731+0000][1][safepoint    ] Leaving safepoint region
[2022-06-13T03:17:37.732+0000][1][safepoint    ] Total time for which application threads were stopped: 0.0002556 seconds, Stopping threads took: 0.0000993 seconds
[2022-06-13T03:17:37.734+0000][1][safepoint    ] Application time: 0.0024898 seconds
[2022-06-13T03:17:37.735+0000][1][safepoint    ] Entering safepoint region: RevokeBias
[2022-06-13T03:17:37.735+0000][1][safepoint    ] Leaving safepoint region
[2022-06-13T03:17:37.735+0000][1][safepoint    ] Total time for which application threads were stopped: 0.0006168 seconds, Stopping threads took: 0.0003424 seconds
[2022-06-13T03:17:37.735+0000][1][safepoint    ] Application time: 0.0001853 seconds
[2022-06-13T03:17:37.735+0000][1][safepoint    ] Entering safepoint region: RevokeBias
[2022-06-13T03:17:37.736+0000][1][safepoint    ] Leaving safepoint region
[2022-06-13T03:17:37.736+0000][1][safepoint    ] Total time for which application threads were stopped: 0.0003752 seconds, Stopping threads took: 0.0001898 seconds
[2022-06-13T03:17:37.736+0000][1][safepoint    ] Application time: 0.0004285 seconds
[2022-06-13T03:17:37.736+0000][1][safepoint    ] Entering safepoint region: RevokeBias
[2022-06-13T03:17:37.737+0000][1][safepoint    ] Leaving safepoint region
[2022-06-13T03:17:37.737+0000][1][safepoint    ] Total time for which application threads were stopped: 0.0003358 seconds, Stopping threads took: 0.0001581 seconds
[2022-06-13T03:17:37.737+0000][1][safepoint    ] Application time: 0.0000667 seconds
[2022-06-13T03:17:37.737+0000][1][safepoint    ] Entering safepoint region: RevokeBias
[2022-06-13T03:17:37.737+0000][1][safepoint    ] Leaving safepoint region
[2022-06-13T03:17:37.737+0000][1][safepoint    ] Total time for which application threads were stopped: 0.0002378 seconds, Stopping threads took: 0.0001107 seconds
[2022-06-13T03:17:37.738+0000][1][safepoint    ] Application time: 0.0000940 seconds
[2022-06-13T03:17:37.738+0000][1][safepoint    ] Entering safepoint region: RevokeBias
[2022-06-13T03:17:37.738+0000][1][safepoint    ] Leaving safepoint region
[2022-06-13T03:17:37.738+0000][1][safepoint    ] Total time for which application threads were stopped: 0.0002309 seconds, Stopping threads took: 0.0001056 seconds
[2022-06-13T03:17:37.738+0000][1][safepoint    ] Application time: 0.0004793 seconds
[2022-06-13T03:17:37.739+0000][1][safepoint    ] Entering safepoint region: RevokeBias
[2022-06-13T03:17:37.739+0000][1][safepoint    ] Leaving safepoint region
[2022-06-13T03:17:37.739+0000][1][safepoint    ] Total time for which application threads were stopped: 0.0002813 seconds, Stopping threads took: 0.0001344 seconds
[2022-06-13T03:17:37.739+0000][1][safepoint    ] Application time: 0.0000955 seconds
[2022-06-13T03:17:37.740+0000][1][safepoint    ] Entering safepoint region: RevokeBias
[2022-06-13T03:17:37.740+0000][1][safepoint    ] Leaving safepoint region
[2022-06-13T03:17:37.740+0000][1][safepoint    ] Total time for which application threads were stopped: 0.0006078 seconds, Stopping threads took: 0.0004025 seconds
[2022-06-13T03:17:37.741+0000][1][safepoint    ] Application time: 0.0011237 seconds
[2022-06-13T03:17:37.741+0000][1][safepoint    ] Entering safepoint region: RevokeBias
[2022-06-13T03:17:37.742+0000][1][safepoint    ] Leaving safepoint region
[2022-06-13T03:17:37.742+0000][1][safepoint    ] Total time for which application threads were stopped: 0.0003875 seconds, Stopping threads took: 0.0002084 seconds
[2022-06-13T03:17:37.742+0000][1][safepoint    ] Application time: 0.0000970 seconds
[2022-06-13T03:17:37.742+0000][1][safepoint    ] Entering safepoint region: RevokeBias
[2022-06-13T03:17:37.742+0000][1][safepoint    ] Leaving safepoint region
[2022-06-13T03:17:37.742+0000][1][safepoint    ] Total time for which application threads were stopped: 0.0003119 seconds, Stopping threads took: 0.0001493 seconds
[2022-06-13T03:17:37.745+0000][1][safepoint    ] Application time: 0.0028700 seconds
[2022-06-13T03:17:37.745+0000][1][safepoint    ] Entering safepoint region: RevokeBias
[2022-06-13T03:17:37.746+0000][1][safepoint    ] Leaving safepoint region
[2022-06-13T03:17:37.746+0000][1][safepoint    ] Total time for which application threads were stopped: 0.0003261 seconds, Stopping threads took: 0.0001260 seconds
[2022-06-13T03:17:37.746+0000][1][safepoint    ] Application time: 0.0002171 seconds
[2022-06-13T03:17:37.746+0000][1][safepoint    ] Entering safepoint region: RevokeBias
[2022-06-13T03:17:37.747+0000][1][safepoint    ] Leaving safepoint region
[2022-06-13T03:17:37.747+0000][1][safepoint    ] Total time for which application threads were stopped: 0.0005490 seconds, Stopping threads took: 0.0001698 seconds
[2022-06-13T03:17:37.747+0000][1][safepoint    ] Application time: 0.0001623 seconds
[2022-06-13T03:17:37.748+0000][1][safepoint    ] Entering safepoint region: RevokeBias
[2022-06-13T03:17:37.748+0000][1][safepoint    ] Leaving safepoint region
[2022-06-13T03:17:37.748+0000][1][safepoint    ] Total time for which application threads were stopped: 0.0004593 seconds, Stopping threads took: 0.0002635 seconds
[2022-06-13T03:17:37.748+0000][1][safepoint    ] Application time: 0.0001771 seconds
[2022-06-13T03:17:37.749+0000][1][safepoint    ] Entering safepoint region: RevokeBias
[2022-06-13T03:17:37.749+0000][1][safepoint    ] Leaving safepoint region
[2022-06-13T03:17:37.749+0000][1][safepoint    ] Total time for which application threads were stopped: 0.0005897 seconds, Stopping threads took: 0.0003145 seconds
[2022-06-13T03:17:37.753+0000][1][safepoint    ] Application time: 0.0036633 seconds
[2022-06-13T03:17:37.753+0000][1][safepoint    ] Entering safepoint region: RevokeBias
[2022-06-13T03:17:37.754+0000][1][safepoint    ] Leaving safepoint region
[2022-06-13T03:17:37.754+0000][1][safepoint    ] Total time for which application threads were stopped: 0.0007167 seconds, Stopping threads took: 0.0003868 seconds
[2022-06-13T03:17:37.755+0000][1][safepoint    ] Application time: 0.0001868 seconds
[2022-06-13T03:17:37.755+0000][1][safepoint    ] Entering safepoint region: RevokeBias
[2022-06-13T03:17:37.755+0000][1][safepoint    ] Leaving safepoint region
[2022-06-13T03:17:37.755+0000][1][safepoint    ] Total time for which application threads were stopped: 0.0005189 seconds, Stopping threads took: 0.0002024 seconds
[2022-06-13T03:17:37.756+0000][1][safepoint    ] Application time: 0.0001512 seconds
[2022-06-13T03:17:37.756+0000][1][safepoint    ] Entering safepoint region: RevokeBias
[2022-06-13T03:17:37.756+0000][1][safepoint    ] Leaving safepoint region
[2022-06-13T03:17:37.757+0000][1][safepoint    ] Total time for which application threads were stopped: 0.0007151 seconds, Stopping threads took: 0.0003561 seconds
[2022-06-13T03:17:37.757+0000][1][safepoint    ] Application time: 0.0002074 seconds
[2022-06-13T03:17:37.757+0000][1][safepoint    ] Entering safepoint region: RevokeBias
[2022-06-13T03:17:37.758+0000][1][safepoint    ] Leaving safepoint region
[2022-06-13T03:17:37.758+0000][1][safepoint    ] Total time for which application threads were stopped: 0.0006021 seconds, Stopping threads took: 0.0002660 seconds
[2022-06-13T03:17:37.760+0000][1][safepoint    ] Application time: 0.0017584 seconds
[2022-06-13T03:17:37.760+0000][1][safepoint    ] Entering safepoint region: RevokeBias
[2022-06-13T03:17:37.760+0000][1][safepoint    ] Leaving safepoint region
[2022-06-13T03:17:37.760+0000][1][safepoint    ] Total time for which application threads were stopped: 0.0003706 seconds, Stopping threads took: 0.0001451 seconds
[2022-06-13T03:17:38.232+0000][1][safepoint    ] Application time: 0.4710438 seconds
[2022-06-13T03:17:38.232+0000][1][safepoint    ] Entering safepoint region: RevokeBias
[2022-06-13T03:17:38.232+0000][1][safepoint    ] Leaving safepoint region
[2022-06-13T03:17:38.232+0000][1][safepoint    ] Total time for which application threads were stopped: 0.0002379 seconds, Stopping threads took: 0.0001085 seconds
[2022-06-13T03:17:38.485+0000][1][safepoint    ] Application time: 0.2528526 seconds
[2022-06-13T03:17:38.485+0000][1][safepoint    ] Entering safepoint region: RevokeBias
[2022-06-13T03:17:38.486+0000][1][safepoint    ] Leaving safepoint region
[2022-06-13T03:17:38.486+0000][1][safepoint    ] Total time for which application threads were stopped: 0.0008195 seconds, Stopping threads took: 0.0004016 seconds
[2022-06-13T03:17:38.486+0000][1][safepoint    ] Application time: 0.0000975 seconds
[2022-06-13T03:17:38.487+0000][1][safepoint    ] Entering safepoint region: RevokeBias
[2022-06-13T03:17:38.487+0000][1][safepoint    ] Leaving safepoint region
[2022-06-13T03:17:38.487+0000][1][safepoint    ] Total time for which application threads were stopped: 0.0004282 seconds, Stopping threads took: 0.0002326 seconds
[2022-06-13T03:17:38.487+0000][1][safepoint    ] Application time: 0.0000903 seconds
[2022-06-13T03:17:38.487+0000][1][safepoint    ] Entering safepoint region: RevokeBias
[2022-06-13T03:17:38.488+0000][1][safepoint    ] Leaving safepoint region
[2022-06-13T03:17:38.488+0000][1][safepoint    ] Total time for which application threads were stopped: 0.0002396 seconds, Stopping threads took: 0.0001103 seconds
[2022-06-13T03:17:38.488+0000][1][safepoint    ] Application time: 0.0000897 seconds
[2022-06-13T03:17:38.488+0000][1][safepoint    ] Entering safepoint region: RevokeBias
[2022-06-13T03:17:38.488+0000][1][safepoint    ] Leaving safepoint region
[2022-06-13T03:17:38.488+0000][1][safepoint    ] Total time for which application threads were stopped: 0.0002530 seconds, Stopping threads took: 0.0001121 seconds
[2022-06-13T03:17:38.489+0000][1][safepoint    ] Application time: 0.0000617 seconds
[2022-06-13T03:17:38.489+0000][1][safepoint    ] Entering safepoint region: RevokeBias
[2022-06-13T03:17:38.489+0000][1][safepoint    ] Leaving safepoint region
[2022-06-13T03:17:38.489+0000][1][safepoint    ] Total time for which application threads were stopped: 0.0002437 seconds, Stopping threads took: 0.0001004 seconds
[2022-06-13T03:17:38.489+0000][1][safepoint    ] Application time: 0.0000764 seconds
[2022-06-13T03:17:38.489+0000][1][safepoint    ] Entering safepoint region: RevokeBias
[2022-06-13T03:17:38.489+0000][1][safepoint    ] Leaving safepoint region
[2022-06-13T03:17:38.489+0000][1][safepoint    ] Total time for which application threads were stopped: 0.0002710 seconds, Stopping threads took: 0.0001205 seconds
[2022-06-13T03:17:38.490+0000][1][safepoint    ] Application time: 0.0000813 seconds
[2022-06-13T03:17:38.490+0000][1][safepoint    ] Entering safepoint region: RevokeBias
[2022-06-13T03:17:38.490+0000][1][safepoint    ] Leaving safepoint region
[2022-06-13T03:17:38.490+0000][1][safepoint    ] Total time for which application threads were stopped: 0.0002430 seconds, Stopping threads took: 0.0001050 seconds
[2022-06-13T03:17:38.490+0000][1][safepoint    ] Application time: 0.0000948 seconds
[2022-06-13T03:17:38.490+0000][1][safepoint    ] Entering safepoint region: RevokeBias
[2022-06-13T03:17:38.491+0000][1][safepoint    ] Leaving safepoint region
[2022-06-13T03:17:38.491+0000][1][safepoint    ] Total time for which application threads were stopped: 0.0003004 seconds, Stopping threads took: 0.0001515 seconds
[2022-06-13T03:17:38.706+0000][1][safepoint    ] Application time: 0.2151666 seconds
[2022-06-13T03:17:38.706+0000][1][safepoint    ] Entering safepoint region: RevokeBias
[2022-06-13T03:17:38.707+0000][1][safepoint    ] Leaving safepoint region
[2022-06-13T03:17:38.707+0000][1][safepoint    ] Total time for which application threads were stopped: 0.0009840 seconds, Stopping threads took: 0.0004322 seconds
[2022-06-13T03:17:39.708+0000][1][safepoint    ] Application time: 1.0001832 seconds
[2022-06-13T03:17:39.709+0000][1][safepoint    ] Entering safepoint region: Cleanup
[2022-06-13T03:17:39.709+0000][1][safepoint    ] Leaving safepoint region
[2022-06-13T03:17:39.709+0000][1][safepoint    ] Total time for which application threads were stopped: 0.0004631 seconds, Stopping threads took: 0.0002865 seconds
[2022-06-13T03:17:40.710+0000][1][safepoint    ] Application time: 1.0001844 seconds
[2022-06-13T03:17:40.710+0000][1][safepoint    ] Entering safepoint region: Cleanup
[2022-06-13T03:17:40.711+0000][1][safepoint    ] Leaving safepoint region
[2022-06-13T03:17:40.711+0000][1][safepoint    ] Total time for which application threads were stopped: 0.0009969 seconds, Stopping threads took: 0.0005223 seconds
[2022-06-13T03:17:40.744+0000][1][safepoint    ] Application time: 0.0322262 seconds
[2022-06-13T03:17:40.745+0000][1][safepoint    ] Entering safepoint region: RevokeBias
[2022-06-13T03:17:40.745+0000][1][safepoint    ] Leaving safepoint region
[2022-06-13T03:17:40.746+0000][1][safepoint    ] Total time for which application threads were stopped: 0.0012994 seconds, Stopping threads took: 0.0007063 seconds
[2022-06-13T03:17:40.747+0000][1][safepoint    ] Application time: 0.0003768 seconds
[2022-06-13T03:17:40.747+0000][1][safepoint    ] Entering safepoint region: RevokeBias
[2022-06-13T03:17:40.748+0000][1][safepoint    ] Leaving safepoint region
[2022-06-13T03:17:40.748+0000][1][safepoint    ] Total time for which application threads were stopped: 0.0009782 seconds, Stopping threads took: 0.0005938 seconds
[2022-06-13T03:17:40.748+0000][1][safepoint    ] Application time: 0.0001293 seconds
[2022-06-13T03:17:40.749+0000][1][safepoint    ] Entering safepoint region: RevokeBias
[2022-06-13T03:17:40.749+0000][1][safepoint    ] Leaving safepoint region
[2022-06-13T03:17:40.750+0000][1][safepoint    ] Total time for which application threads were stopped: 0.0011280 seconds, Stopping threads took: 0.0006829 seconds
[2022-06-13T03:17:40.750+0000][1][safepoint    ] Application time: 0.0002368 seconds
[2022-06-13T03:17:40.751+0000][1][safepoint    ] Entering safepoint region: RevokeBias
[2022-06-13T03:17:40.751+0000][1][safepoint    ] Leaving safepoint region
[2022-06-13T03:17:40.752+0000][1][safepoint    ] Total time for which application threads were stopped: 0.0007444 seconds, Stopping threads took: 0.0003533 seconds
[2022-06-13T03:17:40.752+0000][1][safepoint    ] Application time: 0.0001471 seconds
[2022-06-13T03:17:40.752+0000][1][safepoint    ] Entering safepoint region: RevokeBias
[2022-06-13T03:17:40.753+0000][1][safepoint    ] Leaving safepoint region
[2022-06-13T03:17:40.753+0000][1][safepoint    ] Total time for which application threads were stopped: 0.0005098 seconds, Stopping threads took: 0.0002452 seconds
[2022-06-13T03:17:40.753+0000][1][safepoint    ] Application time: 0.0002731 seconds
[2022-06-13T03:17:40.754+0000][1][safepoint    ] Entering safepoint region: RevokeBias
[2022-06-13T03:17:40.754+0000][1][safepoint    ] Leaving safepoint region
[2022-06-13T03:17:40.754+0000][1][safepoint    ] Total time for which application threads were stopped: 0.0005097 seconds, Stopping threads took: 0.0002829 seconds
[2022-06-13T03:17:41.709+0000][1][safepoint    ] Application time: 0.9545204 seconds
[2022-06-13T03:17:41.709+0000][1][safepoint    ] Entering safepoint region: RevokeBias
[2022-06-13T03:17:41.710+0000][1][safepoint    ] Leaving safepoint region
[2022-06-13T03:17:41.710+0000][1][safepoint    ] Total time for which application threads were stopped: 0.0006688 seconds, Stopping threads took: 0.0003282 seconds
[2022-06-13T03:17:41.710+0000][1][safepoint    ] Application time: 0.0002882 seconds
[2022-06-13T03:17:41.711+0000][1][safepoint    ] Entering safepoint region: RevokeBias
[2022-06-13T03:17:41.711+0000][1][safepoint    ] Leaving safepoint region
[2022-06-13T03:17:41.711+0000][1][safepoint    ] Total time for which application threads were stopped: 0.0005278 seconds, Stopping threads took: 0.0002406 seconds
[2022-06-13T03:17:41.712+0000][1][safepoint    ] Application time: 0.0001389 seconds
[2022-06-13T03:17:41.712+0000][1][safepoint    ] Entering safepoint region: RevokeBias
[2022-06-13T03:17:41.713+0000][1][safepoint    ] Leaving safepoint region
[2022-06-13T03:17:41.713+0000][1][safepoint    ] Total time for which application threads were stopped: 0.0007918 seconds, Stopping threads took: 0.0003834 seconds
[2022-06-13T03:17:41.713+0000][1][safepoint    ] Application time: 0.0002819 seconds
[2022-06-13T03:17:41.714+0000][1][safepoint    ] Entering safepoint region: RevokeBias
[2022-06-13T03:17:41.714+0000][1][safepoint    ] Leaving safepoint region
[2022-06-13T03:17:41.715+0000][1][safepoint    ] Total time for which application threads were stopped: 0.0008531 seconds, Stopping threads took: 0.0003798 seconds
[2022-06-13T03:17:41.715+0000][1][safepoint    ] Application time: 0.0001476 seconds
[2022-06-13T03:17:41.716+0000][1][safepoint    ] Entering safepoint region: RevokeBias
[2022-06-13T03:17:41.716+0000][1][safepoint    ] Leaving safepoint region
[2022-06-13T03:17:41.717+0000][1][safepoint    ] Total time for which application threads were stopped: 0.0009938 seconds, Stopping threads took: 0.0005732 seconds
[2022-06-13T03:17:41.717+0000][1][safepoint    ] Application time: 0.0002286 seconds
[2022-06-13T03:17:41.717+0000][1][safepoint    ] Entering safepoint region: RevokeBias
[2022-06-13T03:17:41.718+0000][1][safepoint    ] Leaving safepoint region
[2022-06-13T03:17:41.718+0000][1][safepoint    ] Total time for which application threads were stopped: 0.0006371 seconds, Stopping threads took: 0.0004440 seconds
[2022-06-13T03:17:41.718+0000][1][safepoint    ] Application time: 0.0003816 seconds
[2022-06-13T03:17:41.719+0000][1][safepoint    ] Entering safepoint region: RevokeBias
[2022-06-13T03:17:41.720+0000][1][safepoint    ] Leaving safepoint region
[2022-06-13T03:17:41.720+0000][1][safepoint    ] Total time for which application threads were stopped: 0.0006190 seconds, Stopping threads took: 0.0002900 seconds
[2022-06-13T03:17:42.720+0000][1][safepoint    ] Application time: 1.0002367 seconds
[2022-06-13T03:17:42.721+0000][1][safepoint    ] Entering safepoint region: Cleanup
[2022-06-13T03:17:42.721+0000][1][safepoint    ] Leaving safepoint region
[2022-06-13T03:17:42.722+0000][1][safepoint    ] Total time for which application threads were stopped: 0.0008037 seconds, Stopping threads took: 0.0003394 seconds
[2022-06-13T03:17:43.722+0000][1][safepoint    ] Application time: 1.0002438 seconds
[2022-06-13T03:17:43.723+0000][1][safepoint    ] Entering safepoint region: Cleanup
[2022-06-13T03:17:43.723+0000][1][safepoint    ] Leaving safepoint region
[2022-06-13T03:17:43.723+0000][1][safepoint    ] Total time for which application threads were stopped: 0.0005092 seconds, Stopping threads took: 0.0002391 seconds
[2022-06-13T03:17:44.709+0000][1][safepoint    ] Application time: 0.9851006 seconds
[2022-06-13T03:17:44.709+0000][1][safepoint    ] Entering safepoint region: RevokeBias
[2022-06-13T03:17:44.710+0000][1][safepoint    ] Leaving safepoint region
[2022-06-13T03:17:44.710+0000][1][safepoint    ] Total time for which application threads were stopped: 0.0011611 seconds, Stopping threads took: 0.0007846 seconds
[2022-06-13T03:17:44.711+0000][1][safepoint    ] Application time: 0.0001608 seconds
[2022-06-13T03:17:44.711+0000][1][safepoint    ] Entering safepoint region: RevokeBias
[2022-06-13T03:17:44.712+0000][1][safepoint    ] Leaving safepoint region
[2022-06-13T03:17:44.712+0000][1][safepoint    ] Total time for which application threads were stopped: 0.0006534 seconds, Stopping threads took: 0.0003898 seconds
[2022-06-13T03:17:44.713+0000][1][safepoint    ] Application time: 0.0003570 seconds
[2022-06-13T03:17:44.714+0000][1][safepoint    ] Entering safepoint region: RevokeBias
[2022-06-13T03:17:44.714+0000][1][safepoint    ] Leaving safepoint region
[2022-06-13T03:17:44.714+0000][1][safepoint    ] Total time for which application threads were stopped: 0.0008866 seconds, Stopping threads took: 0.0006650 seconds
[2022-06-13T03:17:45.713+0000][1][safepoint    ] Application time: 0.9979579 seconds
[2022-06-13T03:17:45.713+0000][1][safepoint    ] Entering safepoint region: RevokeBias
[2022-06-13T03:17:45.714+0000][1][safepoint    ] Leaving safepoint region
[2022-06-13T03:17:45.714+0000][1][safepoint    ] Total time for which application threads were stopped: 0.0012011 seconds, Stopping threads took: 0.0004426 seconds
[2022-06-13T03:17:45.715+0000][1][safepoint    ] Application time: 0.0004297 seconds
[2022-06-13T03:17:45.716+0000][1][safepoint    ] Entering safepoint region: RevokeBias
[2022-06-13T03:17:45.716+0000][1][safepoint    ] Leaving safepoint region
[2022-06-13T03:17:45.717+0000][1][safepoint    ] Total time for which application threads were stopped: 0.0012572 seconds, Stopping threads took: 0.0006007 seconds
[2022-06-13T03:17:45.718+0000][1][safepoint    ] Application time: 0.0005851 seconds
[2022-06-13T03:17:45.719+0000][1][safepoint    ] Entering safepoint region: RevokeBias
[2022-06-13T03:17:45.720+0000][1][safepoint    ] Leaving safepoint region
[2022-06-13T03:17:45.720+0000][1][safepoint    ] Total time for which application threads were stopped: 0.0009396 seconds, Stopping threads took: 0.0006457 seconds
[2022-06-13T03:17:45.720+0000][1][safepoint    ] Application time: 0.0002901 seconds
[2022-06-13T03:17:45.721+0000][1][safepoint    ] Entering safepoint region: RevokeBias
[2022-06-13T03:17:45.722+0000][1][safepoint    ] Leaving safepoint region
[2022-06-13T03:17:45.722+0000][1][safepoint    ] Total time for which application threads were stopped: 0.0013425 seconds, Stopping threads took: 0.0006571 seconds
[2022-06-13T03:17:45.724+0000][1][safepoint    ] Application time: 0.0004353 seconds
[2022-06-13T03:17:45.724+0000][1][safepoint    ] Entering safepoint region: RevokeBias
[2022-06-13T03:17:45.724+0000][1][safepoint    ] Leaving safepoint region
[2022-06-13T03:17:45.725+0000][1][safepoint    ] Total time for which application threads were stopped: 0.0008819 seconds, Stopping threads took: 0.0004312 seconds
[2022-06-13T03:17:45.725+0000][1][safepoint    ] Application time: 0.0001510 seconds
[2022-06-13T03:17:45.726+0000][1][safepoint    ] Entering safepoint region: RevokeBias
[2022-06-13T03:17:45.726+0000][1][safepoint    ] Leaving safepoint region
[2022-06-13T03:17:45.727+0000][1][safepoint    ] Total time for which application threads were stopped: 0.0008476 seconds, Stopping threads took: 0.0002862 seconds
[2022-06-13T03:17:45.727+0000][1][safepoint    ] Application time: 0.0003543 seconds
[2022-06-13T03:17:45.728+0000][1][safepoint    ] Entering safepoint region: RevokeBias
[2022-06-13T03:17:45.728+0000][1][safepoint    ] Leaving safepoint region
[2022-06-13T03:17:45.728+0000][1][safepoint    ] Total time for which application threads were stopped: 0.0005116 seconds, Stopping threads took: 0.0002044 seconds
[2022-06-13T03:17:46.130+0000][1][safepoint    ] Application time: 0.4020258 seconds
[2022-06-13T03:17:46.131+0000][1][safepoint    ] Entering safepoint region: RevokeBias
[2022-06-13T03:17:46.131+0000][1][safepoint    ] Leaving safepoint region
[2022-06-13T03:17:46.132+0000][1][safepoint    ] Total time for which application threads were stopped: 0.0009090 seconds, Stopping threads took: 0.0004154 seconds
[2022-06-13T03:17:46.133+0000][1][safepoint    ] Application time: 0.0003073 seconds
[2022-06-13T03:17:46.133+0000][1][safepoint    ] Entering safepoint region: RevokeBias
[2022-06-13T03:17:46.134+0000][1][safepoint    ] Leaving safepoint region
[2022-06-13T03:17:46.134+0000][1][safepoint    ] Total time for which application threads were stopped: 0.0009527 seconds, Stopping threads took: 0.0004256 seconds
[2022-06-13T03:17:47.135+0000][1][safepoint    ] Application time: 1.0001307 seconds
[2022-06-13T03:17:47.135+0000][1][safepoint    ] Entering safepoint region: Cleanup
[2022-06-13T03:17:47.135+0000][1][safepoint    ] Leaving safepoint region
[2022-06-13T03:17:47.135+0000][1][safepoint    ] Total time for which application threads were stopped: 0.0002657 seconds, Stopping threads took: 0.0001304 seconds
[2022-06-13T03:17:48.519+0000][1][safepoint    ] Application time: 1.3831550 seconds
[2022-06-13T03:17:48.519+0000][1][safepoint    ] Entering safepoint region: Cleanup
[2022-06-13T03:17:48.520+0000][1][safepoint    ] Leaving safepoint region
[2022-06-13T03:17:48.521+0000][1][safepoint    ] Total time for which application threads were stopped: 0.0011704 seconds, Stopping threads took: 0.0005346 seconds
[2022-06-13T03:17:48.712+0000][1][safepoint    ] Application time: 0.1910375 seconds
[2022-06-13T03:17:48.713+0000][1][safepoint    ] Entering safepoint region: RevokeBias
[2022-06-13T03:17:48.714+0000][1][safepoint    ] Leaving safepoint region
[2022-06-13T03:17:48.714+0000][1][safepoint    ] Total time for which application threads were stopped: 0.0013190 seconds, Stopping threads took: 0.0006837 seconds
[2022-06-13T03:17:48.715+0000][1][safepoint    ] Application time: 0.0004674 seconds
[2022-06-13T03:17:48.715+0000][1][safepoint    ] Entering safepoint region: RevokeBias
[2022-06-13T03:17:48.716+0000][1][safepoint    ] Leaving safepoint region
[2022-06-13T03:17:48.716+0000][1][safepoint    ] Total time for which application threads were stopped: 0.0010688 seconds, Stopping threads took: 0.0005829 seconds
[2022-06-13T03:17:49.712+0000][1][safepoint    ] Application time: 0.9960425 seconds
[2022-06-13T03:17:49.713+0000][1][safepoint    ] Entering safepoint region: RevokeBias
[2022-06-13T03:17:49.713+0000][1][safepoint    ] Leaving safepoint region
[2022-06-13T03:17:49.714+0000][1][safepoint    ] Total time for which application threads were stopped: 0.0007954 seconds, Stopping threads took: 0.0002919 seconds
[2022-06-13T03:17:49.714+0000][1][safepoint    ] Application time: 0.0003618 seconds
[2022-06-13T03:17:49.715+0000][1][safepoint    ] Entering safepoint region: RevokeBias
[2022-06-13T03:17:49.715+0000][1][safepoint    ] Leaving safepoint region
[2022-06-13T03:17:49.716+0000][1][safepoint    ] Total time for which application threads were stopped: 0.0007515 seconds, Stopping threads took: 0.0004719 seconds
[2022-06-13T03:17:49.716+0000][1][safepoint    ] Application time: 0.0001335 seconds
[2022-06-13T03:17:49.716+0000][1][safepoint    ] Entering safepoint region: RevokeBias
[2022-06-13T03:17:49.716+0000][1][safepoint    ] Leaving safepoint region
[2022-06-13T03:17:49.717+0000][1][safepoint    ] Total time for which application threads were stopped: 0.0006570 seconds, Stopping threads took: 0.0003056 seconds
[2022-06-13T03:17:49.717+0000][1][safepoint    ] Application time: 0.0002329 seconds
[2022-06-13T03:17:49.718+0000][1][safepoint    ] Entering safepoint region: RevokeBias
[2022-06-13T03:17:49.718+0000][1][safepoint    ] Leaving safepoint region
[2022-06-13T03:17:49.718+0000][1][safepoint    ] Total time for which application threads were stopped: 0.0003995 seconds, Stopping threads took: 0.0001814 seconds
[2022-06-13T03:17:49.718+0000][1][safepoint    ] Application time: 0.0001999 seconds
[2022-06-13T03:17:49.719+0000][1][safepoint    ] Entering safepoint region: RevokeBias
[2022-06-13T03:17:49.719+0000][1][safepoint    ] Leaving safepoint region
[2022-06-13T03:17:49.720+0000][1][safepoint    ] Total time for which application threads were stopped: 0.0010100 seconds, Stopping threads took: 0.0004283 seconds
[2022-06-13T03:17:49.720+0000][1][safepoint    ] Application time: 0.0002146 seconds
[2022-06-13T03:17:49.721+0000][1][safepoint    ] Entering safepoint region: RevokeBias
[2022-06-13T03:17:49.721+0000][1][safepoint    ] Leaving safepoint region
[2022-06-13T03:17:49.722+0000][1][safepoint    ] Total time for which application threads were stopped: 0.0008807 seconds, Stopping threads took: 0.0005618 seconds
[2022-06-13T03:17:49.722+0000][1][safepoint    ] Application time: 0.0001636 seconds
[2022-06-13T03:17:49.722+0000][1][safepoint    ] Entering safepoint region: RevokeBias
[2022-06-13T03:17:49.723+0000][1][safepoint    ] Leaving safepoint region
[2022-06-13T03:17:49.723+0000][1][safepoint    ] Total time for which application threads were stopped: 0.0008964 seconds, Stopping threads took: 0.0002884 seconds
[2022-06-13T03:17:50.724+0000][1][safepoint    ] Application time: 1.0002126 seconds
[2022-06-13T03:17:50.724+0000][1][safepoint    ] Entering safepoint region: Cleanup
[2022-06-13T03:17:50.725+0000][1][safepoint    ] Leaving safepoint region
[2022-06-13T03:17:50.725+0000][1][safepoint    ] Total time for which application threads were stopped: 0.0007157 seconds, Stopping threads took: 0.0003536 seconds
[2022-06-13T03:17:51.726+0000][1][safepoint    ] Application time: 1.0002618 seconds
[2022-06-13T03:17:51.726+0000][1][safepoint    ] Entering safepoint region: Cleanup
[2022-06-13T03:17:51.726+0000][1][safepoint    ] Leaving safepoint region
[2022-06-13T03:17:51.727+0000][1][safepoint    ] Total time for which application threads were stopped: 0.0006697 seconds, Stopping threads took: 0.0003207 seconds
[2022-06-13T03:17:52.713+0000][1][safepoint    ] Application time: 0.9855707 seconds
[2022-06-13T03:17:52.714+0000][1][safepoint    ] Entering safepoint region: RevokeBias
[2022-06-13T03:17:52.714+0000][1][safepoint    ] Leaving safepoint region
[2022-06-13T03:17:52.714+0000][1][safepoint    ] Total time for which application threads were stopped: 0.0005262 seconds, Stopping threads took: 0.0003613 seconds
[2022-06-13T03:17:53.715+0000][1][safepoint    ] Application time: 1.0007138 seconds
[2022-06-13T03:17:53.715+0000][1][safepoint    ] Entering safepoint region: Cleanup
[2022-06-13T03:17:53.715+0000][1][safepoint    ] Leaving safepoint region
[2022-06-13T03:17:53.716+0000][1][safepoint    ] Total time for which application threads were stopped: 0.0007908 seconds, Stopping threads took: 0.0003044 seconds
[2022-06-13T03:17:53.716+0000][1][safepoint    ] Application time: 0.0000763 seconds
[2022-06-13T03:17:53.717+0000][1][safepoint    ] Entering safepoint region: RevokeBias
[2022-06-13T03:17:53.718+0000][1][safepoint    ] Leaving safepoint region
[2022-06-13T03:17:53.718+0000][1][safepoint    ] Total time for which application threads were stopped: 0.0017419 seconds, Stopping threads took: 0.0005078 seconds
[2022-06-13T03:17:53.719+0000][1][safepoint    ] Application time: 0.0004043 seconds
[2022-06-13T03:17:53.719+0000][1][safepoint    ] Entering safepoint region: RevokeBias
[2022-06-13T03:17:53.720+0000][1][safepoint    ] Leaving safepoint region
[2022-06-13T03:17:53.720+0000][1][safepoint    ] Total time for which application threads were stopped: 0.0008922 seconds, Stopping threads took: 0.0002413 seconds
[2022-06-13T03:17:53.721+0000][1][safepoint    ] Application time: 0.0002214 seconds
[2022-06-13T03:17:53.721+0000][1][safepoint    ] Entering safepoint region: RevokeBias
[2022-06-13T03:17:53.722+0000][1][safepoint    ] Leaving safepoint region
[2022-06-13T03:17:53.722+0000][1][safepoint    ] Total time for which application threads were stopped: 0.0006620 seconds, Stopping threads took: 0.0002955 seconds
[2022-06-13T03:17:53.722+0000][1][safepoint    ] Application time: 0.0002927 seconds
[2022-06-13T03:17:53.723+0000][1][safepoint    ] Entering safepoint region: RevokeBias
[2022-06-13T03:17:53.723+0000][1][safepoint    ] Leaving safepoint region
[2022-06-13T03:17:53.724+0000][1][safepoint    ] Total time for which application threads were stopped: 0.0010723 seconds, Stopping threads took: 0.0005760 seconds
[2022-06-13T03:17:53.724+0000][1][safepoint    ] Application time: 0.0001738 seconds
[2022-06-13T03:17:53.725+0000][1][safepoint    ] Entering safepoint region: RevokeBias
[2022-06-13T03:17:53.725+0000][1][safepoint    ] Leaving safepoint region
[2022-06-13T03:17:53.725+0000][1][safepoint    ] Total time for which application threads were stopped: 0.0006505 seconds, Stopping threads took: 0.0002579 seconds
[2022-06-13T03:17:53.726+0000][1][safepoint    ] Application time: 0.0003060 seconds
[2022-06-13T03:17:53.726+0000][1][safepoint    ] Entering safepoint region: BulkRevokeBias
[2022-06-13T03:17:53.727+0000][1][safepoint    ] Leaving safepoint region
[2022-06-13T03:17:53.727+0000][1][safepoint    ] Total time for which application threads were stopped: 0.0012109 seconds, Stopping threads took: 0.0004631 seconds
[2022-06-13T03:17:54.728+0000][1][safepoint    ] Application time: 1.0001547 seconds
[2022-06-13T03:17:54.728+0000][1][safepoint    ] Entering safepoint region: Cleanup
[2022-06-13T03:17:54.729+0000][1][safepoint    ] Leaving safepoint region
[2022-06-13T03:17:54.729+0000][1][safepoint    ] Total time for which application threads were stopped: 0.0006038 seconds, Stopping threads took: 0.0002985 seconds
[2022-06-13T03:17:55.729+0000][1][safepoint    ] Application time: 1.0001880 seconds
[2022-06-13T03:17:55.730+0000][1][safepoint    ] Entering safepoint region: Cleanup
[2022-06-13T03:17:55.730+0000][1][safepoint    ] Leaving safepoint region
[2022-06-13T03:17:55.731+0000][1][safepoint    ] Total time for which application threads were stopped: 0.0007629 seconds, Stopping threads took: 0.0003804 seconds
[2022-06-13T03:17:56.715+0000][1][safepoint    ] Application time: 0.9841363 seconds
[2022-06-13T03:17:56.716+0000][1][safepoint    ] Entering safepoint region: RevokeBias
[2022-06-13T03:17:56.718+0000][1][safepoint    ] Leaving safepoint region
[2022-06-13T03:17:56.718+0000][1][safepoint    ] Total time for which application threads were stopped: 0.0023963 seconds, Stopping threads took: 0.0009630 seconds
[2022-06-13T03:17:57.717+0000][1][safepoint    ] Application time: 0.9975241 seconds
[2022-06-13T03:17:57.717+0000][1][safepoint    ] Entering safepoint region: RevokeBias
[2022-06-13T03:17:57.718+0000][1][safepoint    ] Leaving safepoint region
[2022-06-13T03:17:57.718+0000][1][safepoint    ] Total time for which application threads were stopped: 0.0009352 seconds, Stopping threads took: 0.0004646 seconds
[2022-06-13T03:17:57.719+0000][1][safepoint    ] Application time: 0.0005303 seconds
[2022-06-13T03:17:57.720+0000][1][safepoint    ] Entering safepoint region: RevokeBias
[2022-06-13T03:17:57.720+0000][1][safepoint    ] Leaving safepoint region
[2022-06-13T03:17:57.721+0000][1][safepoint    ] Total time for which application threads were stopped: 0.0007539 seconds, Stopping threads took: 0.0004100 seconds
[2022-06-13T03:17:57.722+0000][1][safepoint    ] Application time: 0.0004352 seconds
[2022-06-13T03:17:57.722+0000][1][safepoint    ] Entering safepoint region: RevokeBias
[2022-06-13T03:17:57.722+0000][1][safepoint    ] Leaving safepoint region
[2022-06-13T03:17:57.722+0000][1][safepoint    ] Total time for which application threads were stopped: 0.0007250 seconds, Stopping threads took: 0.0001812 seconds
[2022-06-13T03:17:57.723+0000][1][safepoint    ] Application time: 0.0004383 seconds
[2022-06-13T03:17:57.724+0000][1][safepoint    ] Entering safepoint region: RevokeBias
[2022-06-13T03:17:57.725+0000][1][safepoint    ] Leaving safepoint region
[2022-06-13T03:17:57.725+0000][1][safepoint    ] Total time for which application threads were stopped: 0.0012515 seconds, Stopping threads took: 0.0007571 seconds
[2022-06-13T03:17:58.726+0000][1][safepoint    ] Application time: 1.0003504 seconds
[2022-06-13T03:17:58.726+0000][1][safepoint    ] Entering safepoint region: Cleanup
[2022-06-13T03:17:58.727+0000][1][safepoint    ] Leaving safepoint region
[2022-06-13T03:17:58.727+0000][1][safepoint    ] Total time for which application threads were stopped: 0.0010122 seconds, Stopping threads took: 0.0004931 seconds
[2022-06-13T03:17:59.728+0000][1][safepoint    ] Application time: 1.0002079 seconds
[2022-06-13T03:17:59.728+0000][1][safepoint    ] Entering safepoint region: Cleanup
[2022-06-13T03:17:59.729+0000][1][safepoint    ] Leaving safepoint region
[2022-06-13T03:17:59.729+0000][1][safepoint    ] Total time for which application threads were stopped: 0.0007413 seconds, Stopping threads took: 0.0003442 seconds
[2022-06-13T03:18:00.716+0000][1][safepoint    ] Application time: 0.9871267 seconds
[2022-06-13T03:18:00.717+0000][1][safepoint    ] Entering safepoint region: RevokeBias
[2022-06-13T03:18:00.717+0000][1][safepoint    ] Leaving safepoint region
[2022-06-13T03:18:00.718+0000][1][safepoint    ] Total time for which application threads were stopped: 0.0009933 seconds, Stopping threads took: 0.0004391 seconds
[2022-06-13T03:18:00.719+0000][1][safepoint    ] Application time: 0.0004757 seconds
[2022-06-13T03:18:00.719+0000][1][safepoint    ] Entering safepoint region: RevokeBias
[2022-06-13T03:18:00.719+0000][1][safepoint    ] Leaving safepoint region
[2022-06-13T03:18:00.720+0000][1][safepoint    ] Total time for which application threads were stopped: 0.0007507 seconds, Stopping threads took: 0.0002669 seconds
[2022-06-13T03:18:00.721+0000][1][safepoint    ] Application time: 0.0006322 seconds
[2022-06-13T03:18:00.721+0000][1][safepoint    ] Entering safepoint region: RevokeBias
[2022-06-13T03:18:00.722+0000][1][safepoint    ] Leaving safepoint region
[2022-06-13T03:18:00.722+0000][1][safepoint    ] Total time for which application threads were stopped: 0.0006191 seconds, Stopping threads took: 0.0002814 seconds
[2022-06-13T03:18:01.717+0000][1][safepoint    ] Application time: 0.9952343 seconds
[2022-06-13T03:18:01.718+0000][1][safepoint    ] Entering safepoint region: RevokeBias
[2022-06-13T03:18:01.718+0000][1][safepoint    ] Leaving safepoint region
[2022-06-13T03:18:01.719+0000][1][safepoint    ] Total time for which application threads were stopped: 0.0008530 seconds, Stopping threads took: 0.0003607 seconds
[2022-06-13T03:18:01.720+0000][1][safepoint    ] Application time: 0.0005879 seconds
[2022-06-13T03:18:01.720+0000][1][safepoint    ] Entering safepoint region: RevokeBias
[2022-06-13T03:18:01.720+0000][1][safepoint    ] Leaving safepoint region
[2022-06-13T03:18:01.721+0000][1][safepoint    ] Total time for which application threads were stopped: 0.0009005 seconds, Stopping threads took: 0.0003247 seconds
[2022-06-13T03:18:01.722+0000][1][safepoint    ] Application time: 0.0002844 seconds
[2022-06-13T03:18:01.722+0000][1][safepoint    ] Entering safepoint region: RevokeBias
[2022-06-13T03:18:01.722+0000][1][safepoint    ] Leaving safepoint region
[2022-06-13T03:18:01.723+0000][1][safepoint    ] Total time for which application threads were stopped: 0.0005702 seconds, Stopping threads took: 0.0002750 seconds
[2022-06-13T03:18:01.723+0000][1][safepoint    ] Application time: 0.0005153 seconds
[2022-06-13T03:18:01.724+0000][1][safepoint    ] Entering safepoint region: RevokeBias
[2022-06-13T03:18:01.724+0000][1][safepoint    ] Leaving safepoint region
[2022-06-13T03:18:01.725+0000][1][safepoint    ] Total time for which application threads were stopped: 0.0008017 seconds, Stopping threads took: 0.0003791 seconds
[2022-06-13T03:18:02.725+0000][1][safepoint    ] Application time: 1.0001432 seconds
[2022-06-13T03:18:02.726+0000][1][safepoint    ] Entering safepoint region: Cleanup
[2022-06-13T03:18:02.726+0000][1][safepoint    ] Leaving safepoint region
[2022-06-13T03:18:02.726+0000][1][safepoint    ] Total time for which application threads were stopped: 0.0007807 seconds, Stopping threads took: 0.0004136 seconds
[2022-06-13T03:18:03.727+0000][1][safepoint    ] Application time: 1.0001651 seconds
[2022-06-13T03:18:03.727+0000][1][safepoint    ] Entering safepoint region: Cleanup
[2022-06-13T03:18:03.728+0000][1][safepoint    ] Leaving safepoint region
[2022-06-13T03:18:03.728+0000][1][safepoint    ] Total time for which application threads were stopped: 0.0007353 seconds, Stopping threads took: 0.0003461 seconds
[2022-06-13T03:18:04.313+0000][1][safepoint    ] Application time: 0.5843086 seconds
[2022-06-13T03:18:04.313+0000][1][safepoint    ] Entering safepoint region: RevokeBias
[2022-06-13T03:18:04.313+0000][1][safepoint    ] Leaving safepoint region
[2022-06-13T03:18:04.314+0000][1][safepoint    ] Total time for which application threads were stopped: 0.0006396 seconds, Stopping threads took: 0.0001290 seconds
[2022-06-13T03:18:04.314+0000][1][safepoint    ] Application time: 0.0002802 seconds
[2022-06-13T03:18:04.315+0000][1][safepoint    ] Entering safepoint region: RevokeBias
[2022-06-13T03:18:04.315+0000][1][safepoint    ] Leaving safepoint region
[2022-06-13T03:18:04.315+0000][1][safepoint    ] Total time for which application threads were stopped: 0.0005351 seconds, Stopping threads took: 0.0002266 seconds
[2022-06-13T03:18:04.317+0000][1][safepoint    ] Application time: 0.0015635 seconds
[2022-06-13T03:18:04.317+0000][1][safepoint    ] Entering safepoint region: RevokeBias
[2022-06-13T03:18:04.318+0000][1][safepoint    ] Leaving safepoint region
[2022-06-13T03:18:04.318+0000][1][safepoint    ] Total time for which application threads were stopped: 0.0006494 seconds, Stopping threads took: 0.0003379 seconds
[2022-06-13T03:18:04.318+0000][1][safepoint    ] Application time: 0.0003029 seconds
[2022-06-13T03:18:04.319+0000][1][safepoint    ] Entering safepoint region: RevokeBias
[2022-06-13T03:18:04.319+0000][1][safepoint    ] Leaving safepoint region
[2022-06-13T03:18:04.319+0000][1][safepoint    ] Total time for which application threads were stopped: 0.0005927 seconds, Stopping threads took: 0.0003029 seconds
[2022-06-13T03:18:04.320+0000][1][safepoint    ] Application time: 0.0008763 seconds
[2022-06-13T03:18:04.321+0000][1][safepoint    ] Entering safepoint region: RevokeBias
[2022-06-13T03:18:04.321+0000][1][safepoint    ] Leaving safepoint region
[2022-06-13T03:18:04.322+0000][1][safepoint    ] Total time for which application threads were stopped: 0.0007310 seconds, Stopping threads took: 0.0003192 seconds
[2022-06-13T03:18:04.718+0000][1][safepoint    ] Application time: 0.3958897 seconds
[2022-06-13T03:18:04.718+0000][1][safepoint    ] Entering safepoint region: RevokeBias
[2022-06-13T03:18:04.719+0000][1][safepoint    ] Leaving safepoint region
[2022-06-13T03:18:04.719+0000][1][safepoint    ] Total time for which application threads were stopped: 0.0009628 seconds, Stopping threads took: 0.0003730 seconds
[2022-06-13T03:18:04.720+0000][1][safepoint    ] Application time: 0.0001872 seconds
[2022-06-13T03:18:04.720+0000][1][safepoint    ] Entering safepoint region: RevokeBias
[2022-06-13T03:18:04.721+0000][1][safepoint    ] Leaving safepoint region
[2022-06-13T03:18:04.721+0000][1][safepoint    ] Total time for which application threads were stopped: 0.0007348 seconds, Stopping threads took: 0.0003301 seconds
[2022-06-13T03:18:04.750+0000][1][safepoint    ] Application time: 0.0289284 seconds
[2022-06-13T03:18:04.751+0000][1][safepoint    ] Entering safepoint region: RevokeBias
[2022-06-13T03:18:04.751+0000][1][safepoint    ] Leaving safepoint region
[2022-06-13T03:18:04.752+0000][1][safepoint    ] Total time for which application threads were stopped: 0.0008457 seconds, Stopping threads took: 0.0003789 seconds
[2022-06-13T03:18:04.752+0000][1][safepoint    ] Application time: 0.0003987 seconds
[2022-06-13T03:18:04.753+0000][1][safepoint    ] Entering safepoint region: RevokeBias
[2022-06-13T03:18:04.753+0000][1][safepoint    ] Leaving safepoint region
[2022-06-13T03:18:04.754+0000][1][safepoint    ] Total time for which application threads were stopped: 0.0008683 seconds, Stopping threads took: 0.0004642 seconds
[2022-06-13T03:18:04.754+0000][1][safepoint    ] Application time: 0.0002313 seconds
[2022-06-13T03:18:04.754+0000][1][safepoint    ] Entering safepoint region: RevokeBias
[2022-06-13T03:18:04.755+0000][1][safepoint    ] Leaving safepoint region
[2022-06-13T03:18:04.755+0000][1][safepoint    ] Total time for which application threads were stopped: 0.0008168 seconds, Stopping threads took: 0.0003559 seconds
[2022-06-13T03:18:04.756+0000][1][safepoint    ] Application time: 0.0002533 seconds
[2022-06-13T03:18:04.756+0000][1][safepoint    ] Entering safepoint region: RevokeBias
[2022-06-13T03:18:04.757+0000][1][safepoint    ] Leaving safepoint region
[2022-06-13T03:18:04.757+0000][1][safepoint    ] Total time for which application threads were stopped: 0.0007466 seconds, Stopping threads took: 0.0004268 seconds
[2022-06-13T03:18:04.758+0000][1][safepoint    ] Application time: 0.0003734 seconds
[2022-06-13T03:18:04.758+0000][1][safepoint    ] Entering safepoint region: RevokeBias
[2022-06-13T03:18:04.759+0000][1][safepoint    ] Leaving safepoint region
[2022-06-13T03:18:04.759+0000][1][safepoint    ] Total time for which application threads were stopped: 0.0010968 seconds, Stopping threads took: 0.0005990 seconds
[2022-06-13T03:18:04.760+0000][1][safepoint    ] Application time: 0.0004437 seconds
[2022-06-13T03:18:04.760+0000][1][safepoint    ] Entering safepoint region: RevokeBias
[2022-06-13T03:18:04.761+0000][1][safepoint    ] Leaving safepoint region
[2022-06-13T03:18:04.761+0000][1][safepoint    ] Total time for which application threads were stopped: 0.0004338 seconds, Stopping threads took: 0.0002416 seconds
[2022-06-13T03:18:04.764+0000][1][safepoint    ] Application time: 0.0034222 seconds
[2022-06-13T03:18:04.765+0000][1][safepoint    ] Entering safepoint region: RevokeBias
[2022-06-13T03:18:04.765+0000][1][safepoint    ] Leaving safepoint region
[2022-06-13T03:18:04.766+0000][1][safepoint    ] Total time for which application threads were stopped: 0.0011087 seconds, Stopping threads took: 0.0004692 seconds
[2022-06-13T03:18:04.767+0000][1][safepoint    ] Application time: 0.0009840 seconds
[2022-06-13T03:18:04.767+0000][1][safepoint    ] Entering safepoint region: RevokeBias
[2022-06-13T03:18:04.768+0000][1][safepoint    ] Leaving safepoint region
[2022-06-13T03:18:04.768+0000][1][safepoint    ] Total time for which application threads were stopped: 0.0004862 seconds, Stopping threads took: 0.0003172 seconds
[2022-06-13T03:18:04.768+0000][1][safepoint    ] Application time: 0.0000779 seconds
[2022-06-13T03:18:04.768+0000][1][safepoint    ] Entering safepoint region: RevokeBias
[2022-06-13T03:18:04.768+0000][1][safepoint    ] Leaving safepoint region
[2022-06-13T03:18:04.769+0000][1][safepoint    ] Total time for which application threads were stopped: 0.0004095 seconds, Stopping threads took: 0.0001101 seconds
[2022-06-13T03:18:04.769+0000][1][safepoint    ] Application time: 0.0001178 seconds
[2022-06-13T03:18:04.769+0000][1][safepoint    ] Entering safepoint region: RevokeBias
[2022-06-13T03:18:04.769+0000][1][safepoint    ] Leaving safepoint region
[2022-06-13T03:18:04.770+0000][1][safepoint    ] Total time for which application threads were stopped: 0.0004926 seconds, Stopping threads took: 0.0001790 seconds
[2022-06-13T03:18:04.770+0000][1][safepoint    ] Application time: 0.0001339 seconds
[2022-06-13T03:18:04.770+0000][1][safepoint    ] Entering safepoint region: RevokeBias
[2022-06-13T03:18:04.770+0000][1][safepoint    ] Leaving safepoint region
[2022-06-13T03:18:04.770+0000][1][safepoint    ] Total time for which application threads were stopped: 0.0003368 seconds, Stopping threads took: 0.0001838 seconds
[2022-06-13T03:18:04.770+0000][1][safepoint    ] Application time: 0.0001246 seconds
[2022-06-13T03:18:04.771+0000][1][safepoint    ] Entering safepoint region: RevokeBias
[2022-06-13T03:18:04.771+0000][1][safepoint    ] Leaving safepoint region
[2022-06-13T03:18:04.771+0000][1][safepoint    ] Total time for which application threads were stopped: 0.0002203 seconds, Stopping threads took: 0.0001089 seconds
[2022-06-13T03:18:04.771+0000][1][safepoint    ] Application time: 0.0000768 seconds
[2022-06-13T03:18:04.771+0000][1][safepoint    ] Entering safepoint region: RevokeBias
[2022-06-13T03:18:04.771+0000][1][safepoint    ] Leaving safepoint region
[2022-06-13T03:18:04.772+0000][1][safepoint    ] Total time for which application threads were stopped: 0.0004290 seconds, Stopping threads took: 0.0002731 seconds
[2022-06-13T03:18:04.772+0000][1][safepoint    ] Application time: 0.0001224 seconds
[2022-06-13T03:18:04.772+0000][1][safepoint    ] Entering safepoint region: RevokeBias
[2022-06-13T03:18:04.772+0000][1][safepoint    ] Leaving safepoint region
[2022-06-13T03:18:04.772+0000][1][safepoint    ] Total time for which application threads were stopped: 0.0001888 seconds, Stopping threads took: 0.0000919 seconds
[2022-06-13T03:18:04.772+0000][1][safepoint    ] Application time: 0.0001648 seconds
[2022-06-13T03:18:04.772+0000][1][safepoint    ] Entering safepoint region: RevokeBias
[2022-06-13T03:18:04.773+0000][1][safepoint    ] Leaving safepoint region
[2022-06-13T03:18:04.773+0000][1][safepoint    ] Total time for which application threads were stopped: 0.0002726 seconds, Stopping threads took: 0.0001303 seconds
[2022-06-13T03:18:04.773+0000][1][safepoint    ] Application time: 0.0001292 seconds
[2022-06-13T03:18:04.773+0000][1][safepoint    ] Entering safepoint region: RevokeBias
[2022-06-13T03:18:04.774+0000][1][safepoint    ] Leaving safepoint region
[2022-06-13T03:18:04.774+0000][1][safepoint    ] Total time for which application threads were stopped: 0.0003713 seconds, Stopping threads took: 0.0002212 seconds
[2022-06-13T03:18:04.774+0000][1][safepoint    ] Application time: 0.0000983 seconds
[2022-06-13T03:18:04.774+0000][1][safepoint    ] Entering safepoint region: RevokeBias
[2022-06-13T03:18:04.774+0000][1][safepoint    ] Leaving safepoint region
[2022-06-13T03:18:04.774+0000][1][safepoint    ] Total time for which application threads were stopped: 0.0002605 seconds, Stopping threads took: 0.0001316 seconds
[2022-06-13T03:18:04.775+0000][1][safepoint    ] Application time: 0.0000895 seconds
[2022-06-13T03:18:04.775+0000][1][safepoint    ] Entering safepoint region: RevokeBias
[2022-06-13T03:18:04.775+0000][1][safepoint    ] Leaving safepoint region
[2022-06-13T03:18:04.775+0000][1][safepoint    ] Total time for which application threads were stopped: 0.0003524 seconds, Stopping threads took: 0.0002251 seconds
[2022-06-13T03:18:04.775+0000][1][safepoint    ] Application time: 0.0000980 seconds
[2022-06-13T03:18:04.775+0000][1][safepoint    ] Entering safepoint region: RevokeBias
[2022-06-13T03:18:04.775+0000][1][safepoint    ] Leaving safepoint region
[2022-06-13T03:18:04.776+0000][1][safepoint    ] Total time for which application threads were stopped: 0.0002309 seconds, Stopping threads took: 0.0001136 seconds
[2022-06-13T03:18:04.776+0000][1][safepoint    ] Application time: 0.0000758 seconds
[2022-06-13T03:18:04.776+0000][1][safepoint    ] Entering safepoint region: RevokeBias
[2022-06-13T03:18:04.776+0000][1][safepoint    ] Leaving safepoint region
[2022-06-13T03:18:04.776+0000][1][safepoint    ] Total time for which application threads were stopped: 0.0002748 seconds, Stopping threads took: 0.0001449 seconds
[2022-06-13T03:18:04.777+0000][1][safepoint    ] Application time: 0.0003444 seconds
[2022-06-13T03:18:04.777+0000][1][safepoint    ] Entering safepoint region: RevokeBias
[2022-06-13T03:18:04.777+0000][1][safepoint    ] Leaving safepoint region
[2022-06-13T03:18:04.777+0000][1][safepoint    ] Total time for which application threads were stopped: 0.0003130 seconds, Stopping threads took: 0.0001903 seconds
[2022-06-13T03:18:04.778+0000][1][safepoint    ] Application time: 0.0005964 seconds
[2022-06-13T03:18:04.778+0000][1][safepoint    ] Entering safepoint region: RevokeBias
[2022-06-13T03:18:04.778+0000][1][safepoint    ] Leaving safepoint region
[2022-06-13T03:18:04.778+0000][1][safepoint    ] Total time for which application threads were stopped: 0.0003362 seconds, Stopping threads took: 0.0001990 seconds
[2022-06-13T03:18:04.779+0000][1][safepoint    ] Application time: 0.0002663 seconds
[2022-06-13T03:18:04.779+0000][1][safepoint    ] Entering safepoint region: RevokeBias
[2022-06-13T03:18:04.779+0000][1][safepoint    ] Leaving safepoint region
[2022-06-13T03:18:04.779+0000][1][safepoint    ] Total time for which application threads were stopped: 0.0002594 seconds, Stopping threads took: 0.0001244 seconds
[2022-06-13T03:18:04.782+0000][1][safepoint    ] Application time: 0.0030101 seconds
[2022-06-13T03:18:04.782+0000][1][safepoint    ] Entering safepoint region: RevokeBias
[2022-06-13T03:18:04.782+0000][1][safepoint    ] Leaving safepoint region
[2022-06-13T03:18:04.783+0000][1][safepoint    ] Total time for which application threads were stopped: 0.0003249 seconds, Stopping threads took: 0.0001874 seconds
[2022-06-13T03:18:04.785+0000][1][safepoint    ] Application time: 0.0020677 seconds
[2022-06-13T03:18:04.785+0000][1][safepoint    ] Entering safepoint region: RevokeBias
[2022-06-13T03:18:04.785+0000][1][safepoint    ] Leaving safepoint region
[2022-06-13T03:18:04.785+0000][1][safepoint    ] Total time for which application threads were stopped: 0.0002234 seconds, Stopping threads took: 0.0001128 seconds
[2022-06-13T03:18:04.785+0000][1][safepoint    ] Application time: 0.0001807 seconds
[2022-06-13T03:18:04.786+0000][1][safepoint    ] Entering safepoint region: RevokeBias
[2022-06-13T03:18:04.786+0000][1][safepoint    ] Leaving safepoint region
[2022-06-13T03:18:04.786+0000][1][safepoint    ] Total time for which application threads were stopped: 0.0002466 seconds, Stopping threads took: 0.0001281 seconds
[2022-06-13T03:18:04.786+0000][1][safepoint    ] Application time: 0.0002984 seconds
[2022-06-13T03:18:04.786+0000][1][safepoint    ] Entering safepoint region: RevokeBias
[2022-06-13T03:18:04.786+0000][1][safepoint    ] Leaving safepoint region
[2022-06-13T03:18:04.787+0000][1][safepoint    ] Total time for which application threads were stopped: 0.0002445 seconds, Stopping threads took: 0.0001279 seconds
[2022-06-13T03:18:04.787+0000][1][safepoint    ] Application time: 0.0001120 seconds
[2022-06-13T03:18:04.787+0000][1][safepoint    ] Entering safepoint region: RevokeBias
[2022-06-13T03:18:04.787+0000][1][safepoint    ] Leaving safepoint region
[2022-06-13T03:18:04.787+0000][1][safepoint    ] Total time for which application threads were stopped: 0.0002288 seconds, Stopping threads took: 0.0001155 seconds
[2022-06-13T03:18:04.788+0000][1][safepoint    ] Application time: 0.0007200 seconds
[2022-06-13T03:18:04.788+0000][1][safepoint    ] Entering safepoint region: RevokeBias
[2022-06-13T03:18:04.788+0000][1][safepoint    ] Leaving safepoint region
[2022-06-13T03:18:04.788+0000][1][safepoint    ] Total time for which application threads were stopped: 0.0002298 seconds, Stopping threads took: 0.0001186 seconds
[2022-06-13T03:18:04.789+0000][1][safepoint    ] Application time: 0.0001747 seconds
[2022-06-13T03:18:04.789+0000][1][safepoint    ] Entering safepoint region: RevokeBias
[2022-06-13T03:18:04.789+0000][1][safepoint    ] Leaving safepoint region
[2022-06-13T03:18:04.790+0000][1][safepoint    ] Total time for which application threads were stopped: 0.0008286 seconds, Stopping threads took: 0.0002842 seconds
[2022-06-13T03:18:04.790+0000][1][safepoint    ] Application time: 0.0002491 seconds
[2022-06-13T03:18:04.790+0000][1][safepoint    ] Entering safepoint region: BulkRevokeBias
[2022-06-13T03:18:04.791+0000][1][safepoint    ] Leaving safepoint region
[2022-06-13T03:18:04.791+0000][1][safepoint    ] Total time for which application threads were stopped: 0.0005278 seconds, Stopping threads took: 0.0002476 seconds
[2022-06-13T03:18:04.791+0000][1][safepoint    ] Application time: 0.0002550 seconds
[2022-06-13T03:18:04.792+0000][1][safepoint    ] Entering safepoint region: RevokeBias
[2022-06-13T03:18:04.792+0000][1][safepoint    ] Leaving safepoint region
[2022-06-13T03:18:04.792+0000][1][safepoint    ] Total time for which application threads were stopped: 0.0003403 seconds, Stopping threads took: 0.0001690 seconds
[2022-06-13T03:18:04.793+0000][1][safepoint    ] Application time: 0.0005809 seconds
[2022-06-13T03:18:04.793+0000][1][safepoint    ] Entering safepoint region: RevokeBias
[2022-06-13T03:18:04.793+0000][1][safepoint    ] Leaving safepoint region
[2022-06-13T03:18:04.793+0000][1][safepoint    ] Total time for which application threads were stopped: 0.0004746 seconds, Stopping threads took: 0.0002990 seconds
[2022-06-13T03:18:04.795+0000][1][safepoint    ] Application time: 0.0011655 seconds
[2022-06-13T03:18:04.795+0000][1][safepoint    ] Entering safepoint region: RevokeBias
[2022-06-13T03:18:04.795+0000][1][safepoint    ] Leaving safepoint region
[2022-06-13T03:18:04.795+0000][1][safepoint    ] Total time for which application threads were stopped: 0.0003493 seconds, Stopping threads took: 0.0002028 seconds
[2022-06-13T03:18:04.796+0000][1][safepoint    ] Application time: 0.0004516 seconds
[2022-06-13T03:18:04.796+0000][1][safepoint    ] Entering safepoint region: RevokeBias
[2022-06-13T03:18:04.797+0000][1][safepoint    ] Leaving safepoint region
[2022-06-13T03:18:04.797+0000][1][safepoint    ] Total time for which application threads were stopped: 0.0007438 seconds, Stopping threads took: 0.0005414 seconds
[2022-06-13T03:18:04.803+0000][1][safepoint    ] Application time: 0.0056845 seconds
[2022-06-13T03:18:04.803+0000][1][safepoint    ] Entering safepoint region: RevokeBias
[2022-06-13T03:18:04.804+0000][1][safepoint    ] Leaving safepoint region
[2022-06-13T03:18:04.804+0000][1][safepoint    ] Total time for which application threads were stopped: 0.0008594 seconds, Stopping threads took: 0.0005274 seconds
[2022-06-13T03:18:04.805+0000][1][safepoint    ] Application time: 0.0001935 seconds
[2022-06-13T03:18:04.805+0000][1][safepoint    ] Entering safepoint region: RevokeBias
[2022-06-13T03:18:04.806+0000][1][safepoint    ] Leaving safepoint region
[2022-06-13T03:18:04.806+0000][1][safepoint    ] Total time for which application threads were stopped: 0.0007403 seconds, Stopping threads took: 0.0004289 seconds
[2022-06-13T03:18:04.806+0000][1][safepoint    ] Application time: 0.0000764 seconds
[2022-06-13T03:18:04.806+0000][1][safepoint    ] Entering safepoint region: RevokeBias
[2022-06-13T03:18:04.807+0000][1][safepoint    ] Leaving safepoint region
[2022-06-13T03:18:04.807+0000][1][safepoint    ] Total time for which application threads were stopped: 0.0005030 seconds, Stopping threads took: 0.0002596 seconds
[2022-06-13T03:18:04.808+0000][1][safepoint    ] Application time: 0.0004919 seconds
[2022-06-13T03:18:04.808+0000][1][safepoint    ] Entering safepoint region: RevokeBias
[2022-06-13T03:18:04.808+0000][1][safepoint    ] Leaving safepoint region
[2022-06-13T03:18:04.808+0000][1][safepoint    ] Total time for which application threads were stopped: 0.0004136 seconds, Stopping threads took: 0.0002099 seconds
[2022-06-13T03:18:04.810+0000][1][safepoint    ] Application time: 0.0011294 seconds
[2022-06-13T03:18:04.810+0000][1][safepoint    ] Entering safepoint region: RevokeBias
[2022-06-13T03:18:04.810+0000][1][safepoint    ] Leaving safepoint region
[2022-06-13T03:18:04.810+0000][1][safepoint    ] Total time for which application threads were stopped: 0.0004140 seconds, Stopping threads took: 0.0001957 seconds
[2022-06-13T03:18:04.811+0000][1][safepoint    ] Application time: 0.0003039 seconds
[2022-06-13T03:18:04.811+0000][1][safepoint    ] Entering safepoint region: RevokeBias
[2022-06-13T03:18:04.811+0000][1][safepoint    ] Leaving safepoint region
[2022-06-13T03:18:04.811+0000][1][safepoint    ] Total time for which application threads were stopped: 0.0003556 seconds, Stopping threads took: 0.0002082 seconds
[2022-06-13T03:18:04.813+0000][1][safepoint    ] Application time: 0.0011030 seconds
[2022-06-13T03:18:04.813+0000][1][safepoint    ] Entering safepoint region: RevokeBias
[2022-06-13T03:18:04.813+0000][1][safepoint    ] Leaving safepoint region
[2022-06-13T03:18:04.813+0000][1][safepoint    ] Total time for which application threads were stopped: 0.0002154 seconds, Stopping threads took: 0.0000922 seconds
[2022-06-13T03:18:04.813+0000][1][safepoint    ] Application time: 0.0002325 seconds
[2022-06-13T03:18:04.813+0000][1][safepoint    ] Entering safepoint region: RevokeBias
[2022-06-13T03:18:04.813+0000][1][safepoint    ] Leaving safepoint region
[2022-06-13T03:18:04.814+0000][1][safepoint    ] Total time for which application threads were stopped: 0.0002119 seconds, Stopping threads took: 0.0000847 seconds
[2022-06-13T03:18:04.814+0000][1][safepoint    ] Application time: 0.0001145 seconds
[2022-06-13T03:18:04.814+0000][1][safepoint    ] Entering safepoint region: RevokeBias
[2022-06-13T03:18:04.814+0000][1][safepoint    ] Leaving safepoint region
[2022-06-13T03:18:04.814+0000][1][safepoint    ] Total time for which application threads were stopped: 0.0002060 seconds, Stopping threads took: 0.0000799 seconds
[2022-06-13T03:18:04.815+0000][1][safepoint    ] Application time: 0.0004959 seconds
[2022-06-13T03:18:04.815+0000][1][safepoint    ] Entering safepoint region: RevokeBias
[2022-06-13T03:18:04.815+0000][1][safepoint    ] Leaving safepoint region
[2022-06-13T03:18:04.815+0000][1][safepoint    ] Total time for which application threads were stopped: 0.0002006 seconds, Stopping threads took: 0.0000888 seconds
[2022-06-13T03:18:04.816+0000][1][safepoint    ] Application time: 0.0010349 seconds
[2022-06-13T03:18:04.816+0000][1][safepoint    ] Entering safepoint region: RevokeBias
[2022-06-13T03:18:04.817+0000][1][safepoint    ] Leaving safepoint region
[2022-06-13T03:18:04.817+0000][1][safepoint    ] Total time for which application threads were stopped: 0.0004593 seconds, Stopping threads took: 0.0002568 seconds
[2022-06-13T03:18:04.817+0000][1][safepoint    ] Application time: 0.0002637 seconds
[2022-06-13T03:18:04.817+0000][1][safepoint    ] Entering safepoint region: RevokeBias
[2022-06-13T03:18:04.818+0000][1][safepoint    ] Leaving safepoint region
[2022-06-13T03:18:04.818+0000][1][safepoint    ] Total time for which application threads were stopped: 0.0001719 seconds, Stopping threads took: 0.0000833 seconds
[2022-06-13T03:18:04.820+0000][1][gc,heap,exit ] Heap
[2022-06-13T03:18:04.820+0000][1][gc,heap,exit ]  par new generation   total 78656K, used 53519K [0x00000000f0000000, 0x00000000f5550000, 0x00000000f5550000)
[2022-06-13T03:18:04.821+0000][1][gc,heap,exit ]   eden space 69952K,  65% used [0x00000000f0000000, 0x00000000f2c90cd0, 0x00000000f4450000)
[2022-06-13T03:18:04.821+0000][1][gc,heap,exit ]   from space 8704K,  90% used [0x00000000f4450000, 0x00000000f4c030c0, 0x00000000f4cd0000)
[2022-06-13T03:18:04.821+0000][1][gc,heap,exit ]   to   space 8704K,   0% used [0x00000000f4cd0000, 0x00000000f4cd0000, 0x00000000f5550000)
[2022-06-13T03:18:04.821+0000][1][gc,heap,exit ]  concurrent mark-sweep generation total 174784K, used 62679K [0x00000000f5550000, 0x0000000100000000, 0x0000000100000000)
[2022-06-13T03:18:04.821+0000][1][gc,heap,exit ]  Metaspace       used 64466K, capacity 69426K, committed 69620K, reserved 1107968K
[2022-06-13T03:18:04.821+0000][1][gc,heap,exit ]   class space    used 8761K, capacity 10836K, committed 10856K, reserved 1048576K
[2022-06-13T03:18:04.822+0000][1][safepoint    ] Application time: 0.0038571 seconds
[2022-06-13T03:18:04.822+0000][1][safepoint    ] Entering safepoint region: Exit
