[2022-06-13T01:29:58.673+0000][1][gc] Using Concurrent Mark Sweep
[2022-06-13T01:29:58.674+0000][1][gc,heap,coops] Heap address: 0x00000000f0000000, size: 256 MB, Compressed Oops mode: 32-bit
[2022-06-13T01:29:58.726+0000][1][safepoint    ] Entering safepoint region: EnableBiasedLocking
[2022-06-13T01:29:58.727+0000][1][safepoint    ] Leaving safepoint region
[2022-06-13T01:29:58.727+0000][1][safepoint    ] Total time for which application threads were stopped: 0.0010636 seconds, Stopping threads took: 0.0005151 seconds
[2022-06-13T01:29:58.732+0000][1][safepoint    ] Application time: 0.0039775 seconds
[2022-06-13T01:29:58.732+0000][1][safepoint    ] Entering safepoint region: RevokeBias
[2022-06-13T01:29:58.767+0000][1][safepoint    ] Leaving safepoint region
[2022-06-13T01:29:58.768+0000][1][safepoint    ] Total time for which application threads were stopped: 0.0355837 seconds, Stopping threads took: 0.0349570 seconds
[2022-06-13T01:29:58.786+0000][1][safepoint    ] Application time: 0.0172623 seconds
[2022-06-13T01:29:58.786+0000][1][safepoint    ] Entering safepoint region: Deoptimize
[2022-06-13T01:29:58.786+0000][1][safepoint    ] Leaving safepoint region
[2022-06-13T01:29:58.786+0000][1][safepoint    ] Total time for which application threads were stopped: 0.0005281 seconds, Stopping threads took: 0.0002712 seconds
[2022-06-13T01:29:58.888+0000][1][safepoint    ] Application time: 0.1016813 seconds
[2022-06-13T01:29:58.889+0000][1][safepoint    ] Entering safepoint region: RevokeBias
[2022-06-13T01:29:58.890+0000][1][safepoint    ] Leaving safepoint region
[2022-06-13T01:29:58.890+0000][1][safepoint    ] Total time for which application threads were stopped: 0.0010645 seconds, Stopping threads took: 0.0005576 seconds
[2022-06-13T01:29:58.926+0000][1][safepoint    ] Application time: 0.0359028 seconds
[2022-06-13T01:29:58.927+0000][1][safepoint    ] Entering safepoint region: Deoptimize
[2022-06-13T01:29:58.927+0000][1][safepoint    ] Leaving safepoint region
[2022-06-13T01:29:58.927+0000][1][safepoint    ] Total time for which application threads were stopped: 0.0005946 seconds, Stopping threads took: 0.0002969 seconds
[2022-06-13T01:29:59.271+0000][1][safepoint    ] Application time: 0.3437310 seconds
[2022-06-13T01:29:59.272+0000][1][safepoint    ] Entering safepoint region: Deoptimize
[2022-06-13T01:29:59.272+0000][1][safepoint    ] Leaving safepoint region
[2022-06-13T01:29:59.272+0000][1][safepoint    ] Total time for which application threads were stopped: 0.0006882 seconds, Stopping threads took: 0.0001982 seconds
[2022-06-13T01:29:59.296+0000][1][safepoint    ] Application time: 0.0234409 seconds
[2022-06-13T01:29:59.296+0000][1][safepoint    ] Entering safepoint region: Deoptimize
[2022-06-13T01:29:59.297+0000][1][safepoint    ] Leaving safepoint region
[2022-06-13T01:29:59.297+0000][1][safepoint    ] Total time for which application threads were stopped: 0.0006599 seconds, Stopping threads took: 0.0002595 seconds
[2022-06-13T01:29:59.350+0000][1][safepoint    ] Application time: 0.0529139 seconds
[2022-06-13T01:29:59.351+0000][1][safepoint    ] Entering safepoint region: Deoptimize
[2022-06-13T01:29:59.351+0000][1][safepoint    ] Leaving safepoint region
[2022-06-13T01:29:59.352+0000][1][safepoint    ] Total time for which application threads were stopped: 0.0009565 seconds, Stopping threads took: 0.0004140 seconds
[2022-06-13T01:29:59.365+0000][1][safepoint    ] Application time: 0.0133272 seconds
[2022-06-13T01:29:59.366+0000][1][safepoint    ] Entering safepoint region: Deoptimize
[2022-06-13T01:29:59.366+0000][1][safepoint    ] Leaving safepoint region
[2022-06-13T01:29:59.366+0000][1][safepoint    ] Total time for which application threads were stopped: 0.0007023 seconds, Stopping threads took: 0.0003028 seconds
[2022-06-13T01:29:59.799+0000][1][safepoint    ] Application time: 0.4323949 seconds
[2022-06-13T01:29:59.800+0000][1][safepoint    ] Entering safepoint region: Deoptimize
[2022-06-13T01:29:59.801+0000][1][safepoint    ] Leaving safepoint region
[2022-06-13T01:29:59.801+0000][1][safepoint    ] Total time for which application threads were stopped: 0.0011372 seconds, Stopping threads took: 0.0004232 seconds
[2022-06-13T01:30:00.080+0000][1][safepoint    ] Application time: 0.2784632 seconds
[2022-06-13T01:30:00.081+0000][1][safepoint    ] Entering safepoint region: RevokeBias
[2022-06-13T01:30:00.081+0000][1][safepoint    ] Leaving safepoint region
[2022-06-13T01:30:00.082+0000][1][safepoint    ] Total time for which application threads were stopped: 0.0009223 seconds, Stopping threads took: 0.0004327 seconds
[2022-06-13T01:30:00.213+0000][1][safepoint    ] Application time: 0.1313781 seconds
[2022-06-13T01:30:00.214+0000][1][safepoint    ] Entering safepoint region: Deoptimize
[2022-06-13T01:30:00.214+0000][1][safepoint    ] Leaving safepoint region
[2022-06-13T01:30:00.215+0000][1][safepoint    ] Total time for which application threads were stopped: 0.0008203 seconds, Stopping threads took: 0.0002719 seconds
[2022-06-13T01:30:00.337+0000][1][safepoint    ] Application time: 0.1225005 seconds
[2022-06-13T01:30:00.338+0000][1][safepoint    ] Entering safepoint region: Deoptimize
[2022-06-13T01:30:00.338+0000][1][safepoint    ] Leaving safepoint region
[2022-06-13T01:30:00.339+0000][1][safepoint    ] Total time for which application threads were stopped: 0.0009905 seconds, Stopping threads took: 0.0002892 seconds
[2022-06-13T01:30:00.339+0000][1][safepoint    ] Application time: 0.0002252 seconds
[2022-06-13T01:30:00.340+0000][1][safepoint    ] Entering safepoint region: Deoptimize
[2022-06-13T01:30:00.340+0000][1][safepoint    ] Leaving safepoint region
[2022-06-13T01:30:00.340+0000][1][safepoint    ] Total time for which application threads were stopped: 0.0007541 seconds, Stopping threads took: 0.0002633 seconds
[2022-06-13T01:30:00.380+0000][1][safepoint    ] Application time: 0.0389416 seconds
[2022-06-13T01:30:00.380+0000][1][safepoint    ] Entering safepoint region: Deoptimize
[2022-06-13T01:30:00.381+0000][1][safepoint    ] Leaving safepoint region
[2022-06-13T01:30:00.381+0000][1][safepoint    ] Total time for which application threads were stopped: 0.0009009 seconds, Stopping threads took: 0.0003245 seconds
[2022-06-13T01:30:00.391+0000][1][safepoint    ] Application time: 0.0094681 seconds
[2022-06-13T01:30:00.392+0000][1][safepoint    ] Entering safepoint region: RevokeBias
[2022-06-13T01:30:00.392+0000][1][safepoint    ] Leaving safepoint region
[2022-06-13T01:30:00.393+0000][1][safepoint    ] Total time for which application threads were stopped: 0.0008184 seconds, Stopping threads took: 0.0004877 seconds
[2022-06-13T01:30:00.393+0000][1][safepoint    ] Application time: 0.0001967 seconds
[2022-06-13T01:30:00.394+0000][1][safepoint    ] Entering safepoint region: RevokeBias
[2022-06-13T01:30:00.394+0000][1][safepoint    ] Leaving safepoint region
[2022-06-13T01:30:00.394+0000][1][safepoint    ] Total time for which application threads were stopped: 0.0005201 seconds, Stopping threads took: 0.0002908 seconds
[2022-06-13T01:30:00.395+0000][1][safepoint    ] Application time: 0.0002015 seconds
[2022-06-13T01:30:00.395+0000][1][safepoint    ] Entering safepoint region: RevokeBias
[2022-06-13T01:30:00.395+0000][1][safepoint    ] Leaving safepoint region
[2022-06-13T01:30:00.395+0000][1][safepoint    ] Total time for which application threads were stopped: 0.0005743 seconds, Stopping threads took: 0.0003406 seconds
[2022-06-13T01:30:00.396+0000][1][safepoint    ] Application time: 0.0003738 seconds
[2022-06-13T01:30:00.396+0000][1][safepoint    ] Entering safepoint region: RevokeBias
[2022-06-13T01:30:00.397+0000][1][safepoint    ] Leaving safepoint region
[2022-06-13T01:30:00.397+0000][1][safepoint    ] Total time for which application threads were stopped: 0.0006626 seconds, Stopping threads took: 0.0003129 seconds
[2022-06-13T01:30:00.406+0000][1][safepoint    ] Application time: 0.0089624 seconds
[2022-06-13T01:30:00.407+0000][1][safepoint    ] Entering safepoint region: Deoptimize
[2022-06-13T01:30:00.407+0000][1][safepoint    ] Leaving safepoint region
[2022-06-13T01:30:00.407+0000][1][safepoint    ] Total time for which application threads were stopped: 0.0006992 seconds, Stopping threads took: 0.0002143 seconds
[2022-06-13T01:30:00.499+0000][1][safepoint    ] Application time: 0.0913180 seconds
[2022-06-13T01:30:00.500+0000][1][safepoint    ] Entering safepoint region: GenCollectForAllocation
[2022-06-13T01:30:00.500+0000][1][gc,start     ] GC(0) Pause Young (Allocation Failure)
[2022-06-13T01:30:00.501+0000][1][gc,task      ] GC(0) Using 5 workers of 13 for evacuation
[2022-06-13T01:30:00.509+0000][1][gc,age       ] GC(0) Desired survivor size 4456448 bytes, new threshold 1 (max threshold 6)
[2022-06-13T01:30:00.510+0000][1][gc,age       ] GC(0) Age table with threshold 1 (max threshold 6)
[2022-06-13T01:30:00.510+0000][1][gc,age       ] GC(0) - age   1:    8136336 bytes,    8136336 total
[2022-06-13T01:30:00.510+0000][1][gc,heap      ] GC(0) ParNew: 69952K->8053K(78656K)
[2022-06-13T01:30:00.511+0000][1][gc,heap      ] GC(0) CMS: 0K->0K(174784K)
[2022-06-13T01:30:00.511+0000][1][gc,metaspace ] GC(0) Metaspace: 12402K->12402K(1060864K)
[2022-06-13T01:30:00.511+0000][1][gc           ] GC(0) Pause Young (Allocation Failure) 68M->7M(247M) 11.178ms
[2022-06-13T01:30:00.511+0000][1][gc,cpu       ] GC(0) User=0.05s Sys=0.02s Real=0.01s
[2022-06-13T01:30:00.512+0000][1][safepoint    ] Leaving safepoint region
[2022-06-13T01:30:00.512+0000][1][safepoint    ] Total time for which application threads were stopped: 0.0124142 seconds, Stopping threads took: 0.0002848 seconds
[2022-06-13T01:30:00.512+0000][1][safepoint    ] Application time: 0.0003800 seconds
[2022-06-13T01:30:00.513+0000][1][safepoint    ] Entering safepoint region: RevokeBias
[2022-06-13T01:30:00.513+0000][1][safepoint    ] Leaving safepoint region
[2022-06-13T01:30:00.513+0000][1][safepoint    ] Total time for which application threads were stopped: 0.0005770 seconds, Stopping threads took: 0.0002949 seconds
[2022-06-13T01:30:00.514+0000][1][safepoint    ] Application time: 0.0001852 seconds
[2022-06-13T01:30:00.514+0000][1][safepoint    ] Entering safepoint region: RevokeBias
[2022-06-13T01:30:00.514+0000][1][safepoint    ] Leaving safepoint region
[2022-06-13T01:30:00.515+0000][1][safepoint    ] Total time for which application threads were stopped: 0.0006263 seconds, Stopping threads took: 0.0003207 seconds
[2022-06-13T01:30:00.515+0000][1][safepoint    ] Application time: 0.0001691 seconds
[2022-06-13T01:30:00.515+0000][1][safepoint    ] Entering safepoint region: RevokeBias
[2022-06-13T01:30:00.516+0000][1][safepoint    ] Leaving safepoint region
[2022-06-13T01:30:00.516+0000][1][safepoint    ] Total time for which application threads were stopped: 0.0005618 seconds, Stopping threads took: 0.0002761 seconds
[2022-06-13T01:30:00.516+0000][1][safepoint    ] Application time: 0.0001769 seconds
[2022-06-13T01:30:00.516+0000][1][safepoint    ] Entering safepoint region: RevokeBias
[2022-06-13T01:30:00.517+0000][1][safepoint    ] Leaving safepoint region
[2022-06-13T01:30:00.517+0000][1][safepoint    ] Total time for which application threads were stopped: 0.0006220 seconds, Stopping threads took: 0.0001921 seconds
[2022-06-13T01:30:00.517+0000][1][safepoint    ] Application time: 0.0001763 seconds
[2022-06-13T01:30:00.518+0000][1][safepoint    ] Entering safepoint region: RevokeBias
[2022-06-13T01:30:00.518+0000][1][safepoint    ] Leaving safepoint region
[2022-06-13T01:30:00.518+0000][1][safepoint    ] Total time for which application threads were stopped: 0.0004571 seconds, Stopping threads took: 0.0002418 seconds
[2022-06-13T01:30:00.518+0000][1][safepoint    ] Application time: 0.0001628 seconds
[2022-06-13T01:30:00.519+0000][1][safepoint    ] Entering safepoint region: RevokeBias
[2022-06-13T01:30:00.519+0000][1][safepoint    ] Leaving safepoint region
[2022-06-13T01:30:00.519+0000][1][safepoint    ] Total time for which application threads were stopped: 0.0006854 seconds, Stopping threads took: 0.0003108 seconds
[2022-06-13T01:30:00.520+0000][1][safepoint    ] Application time: 0.0001645 seconds
[2022-06-13T01:30:00.520+0000][1][safepoint    ] Entering safepoint region: RevokeBias
[2022-06-13T01:30:00.521+0000][1][safepoint    ] Leaving safepoint region
[2022-06-13T01:30:00.521+0000][1][safepoint    ] Total time for which application threads were stopped: 0.0008271 seconds, Stopping threads took: 0.0005175 seconds
[2022-06-13T01:30:00.521+0000][1][safepoint    ] Application time: 0.0001252 seconds
[2022-06-13T01:30:00.521+0000][1][safepoint    ] Entering safepoint region: RevokeBias
[2022-06-13T01:30:00.522+0000][1][safepoint    ] Leaving safepoint region
[2022-06-13T01:30:00.522+0000][1][safepoint    ] Total time for which application threads were stopped: 0.0004310 seconds, Stopping threads took: 0.0002092 seconds
[2022-06-13T01:30:00.522+0000][1][safepoint    ] Application time: 0.0001450 seconds
[2022-06-13T01:30:00.522+0000][1][safepoint    ] Entering safepoint region: RevokeBias
[2022-06-13T01:30:00.523+0000][1][safepoint    ] Leaving safepoint region
[2022-06-13T01:30:00.523+0000][1][safepoint    ] Total time for which application threads were stopped: 0.0005612 seconds, Stopping threads took: 0.0003113 seconds
[2022-06-13T01:30:00.523+0000][1][safepoint    ] Application time: 0.0001699 seconds
[2022-06-13T01:30:00.524+0000][1][safepoint    ] Entering safepoint region: RevokeBias
[2022-06-13T01:30:00.524+0000][1][safepoint    ] Leaving safepoint region
[2022-06-13T01:30:00.524+0000][1][safepoint    ] Total time for which application threads were stopped: 0.0004364 seconds, Stopping threads took: 0.0002146 seconds
[2022-06-13T01:30:00.525+0000][1][safepoint    ] Application time: 0.0002224 seconds
[2022-06-13T01:30:00.525+0000][1][safepoint    ] Entering safepoint region: RevokeBias
[2022-06-13T01:30:00.525+0000][1][safepoint    ] Leaving safepoint region
[2022-06-13T01:30:00.526+0000][1][safepoint    ] Total time for which application threads were stopped: 0.0009346 seconds, Stopping threads took: 0.0002307 seconds
[2022-06-13T01:30:00.527+0000][1][safepoint    ] Application time: 0.0004072 seconds
[2022-06-13T01:30:00.527+0000][1][safepoint    ] Entering safepoint region: RevokeBias
[2022-06-13T01:30:00.527+0000][1][safepoint    ] Leaving safepoint region
[2022-06-13T01:30:00.528+0000][1][safepoint    ] Total time for which application threads were stopped: 0.0007035 seconds, Stopping threads took: 0.0003632 seconds
[2022-06-13T01:30:00.528+0000][1][safepoint    ] Application time: 0.0001874 seconds
[2022-06-13T01:30:00.528+0000][1][safepoint    ] Entering safepoint region: RevokeBias
[2022-06-13T01:30:00.529+0000][1][safepoint    ] Leaving safepoint region
[2022-06-13T01:30:00.529+0000][1][safepoint    ] Total time for which application threads were stopped: 0.0005625 seconds, Stopping threads took: 0.0002760 seconds
[2022-06-13T01:30:00.529+0000][1][safepoint    ] Application time: 0.0001754 seconds
[2022-06-13T01:30:00.529+0000][1][safepoint    ] Entering safepoint region: RevokeBias
[2022-06-13T01:30:00.530+0000][1][safepoint    ] Leaving safepoint region
[2022-06-13T01:30:00.530+0000][1][safepoint    ] Total time for which application threads were stopped: 0.0005603 seconds, Stopping threads took: 0.0002132 seconds
[2022-06-13T01:30:00.530+0000][1][safepoint    ] Application time: 0.0001839 seconds
[2022-06-13T01:30:00.531+0000][1][safepoint    ] Entering safepoint region: RevokeBias
[2022-06-13T01:30:00.531+0000][1][safepoint    ] Leaving safepoint region
[2022-06-13T01:30:00.532+0000][1][safepoint    ] Total time for which application threads were stopped: 0.0007995 seconds, Stopping threads took: 0.0004877 seconds
[2022-06-13T01:30:00.532+0000][1][safepoint    ] Application time: 0.0001766 seconds
[2022-06-13T01:30:00.533+0000][1][safepoint    ] Entering safepoint region: RevokeBias
[2022-06-13T01:30:00.533+0000][1][safepoint    ] Leaving safepoint region
[2022-06-13T01:30:00.533+0000][1][safepoint    ] Total time for which application threads were stopped: 0.0005484 seconds, Stopping threads took: 0.0003318 seconds
[2022-06-13T01:30:00.533+0000][1][safepoint    ] Application time: 0.0002080 seconds
[2022-06-13T01:30:00.534+0000][1][safepoint    ] Entering safepoint region: RevokeBias
[2022-06-13T01:30:00.534+0000][1][safepoint    ] Leaving safepoint region
[2022-06-13T01:30:00.534+0000][1][safepoint    ] Total time for which application threads were stopped: 0.0007316 seconds, Stopping threads took: 0.0004279 seconds
[2022-06-13T01:30:00.535+0000][1][safepoint    ] Application time: 0.0001204 seconds
[2022-06-13T01:30:00.535+0000][1][safepoint    ] Entering safepoint region: RevokeBias
[2022-06-13T01:30:00.535+0000][1][safepoint    ] Leaving safepoint region
[2022-06-13T01:30:00.535+0000][1][safepoint    ] Total time for which application threads were stopped: 0.0006314 seconds, Stopping threads took: 0.0003114 seconds
[2022-06-13T01:30:00.536+0000][1][safepoint    ] Application time: 0.0004205 seconds
[2022-06-13T01:30:00.536+0000][1][safepoint    ] Entering safepoint region: RevokeBias
[2022-06-13T01:30:00.537+0000][1][safepoint    ] Leaving safepoint region
[2022-06-13T01:30:00.537+0000][1][safepoint    ] Total time for which application threads were stopped: 0.0005753 seconds, Stopping threads took: 0.0003144 seconds
[2022-06-13T01:30:00.537+0000][1][safepoint    ] Application time: 0.0001853 seconds
[2022-06-13T01:30:00.538+0000][1][safepoint    ] Entering safepoint region: RevokeBias
[2022-06-13T01:30:00.538+0000][1][safepoint    ] Leaving safepoint region
[2022-06-13T01:30:00.538+0000][1][safepoint    ] Total time for which application threads were stopped: 0.0004934 seconds, Stopping threads took: 0.0002306 seconds
[2022-06-13T01:30:00.539+0000][1][safepoint    ] Application time: 0.0001724 seconds
[2022-06-13T01:30:00.539+0000][1][safepoint    ] Entering safepoint region: RevokeBias
[2022-06-13T01:30:00.539+0000][1][safepoint    ] Leaving safepoint region
[2022-06-13T01:30:00.539+0000][1][safepoint    ] Total time for which application threads were stopped: 0.0006082 seconds, Stopping threads took: 0.0003093 seconds
[2022-06-13T01:30:00.540+0000][1][safepoint    ] Application time: 0.0001695 seconds
[2022-06-13T01:30:00.540+0000][1][safepoint    ] Entering safepoint region: RevokeBias
[2022-06-13T01:30:00.541+0000][1][safepoint    ] Leaving safepoint region
[2022-06-13T01:30:00.541+0000][1][safepoint    ] Total time for which application threads were stopped: 0.0006983 seconds, Stopping threads took: 0.0003530 seconds
[2022-06-13T01:30:00.542+0000][1][safepoint    ] Application time: 0.0002352 seconds
[2022-06-13T01:30:00.542+0000][1][safepoint    ] Entering safepoint region: RevokeBias
[2022-06-13T01:30:00.543+0000][1][safepoint    ] Leaving safepoint region
[2022-06-13T01:30:00.543+0000][1][safepoint    ] Total time for which application threads were stopped: 0.0008141 seconds, Stopping threads took: 0.0005579 seconds
[2022-06-13T01:30:00.543+0000][1][safepoint    ] Application time: 0.0001493 seconds
[2022-06-13T01:30:00.543+0000][1][safepoint    ] Entering safepoint region: RevokeBias
[2022-06-13T01:30:00.544+0000][1][safepoint    ] Leaving safepoint region
[2022-06-13T01:30:00.544+0000][1][safepoint    ] Total time for which application threads were stopped: 0.0004535 seconds, Stopping threads took: 0.0002153 seconds
[2022-06-13T01:30:00.544+0000][1][safepoint    ] Application time: 0.0001932 seconds
[2022-06-13T01:30:00.545+0000][1][safepoint    ] Entering safepoint region: RevokeBias
[2022-06-13T01:30:00.545+0000][1][safepoint    ] Leaving safepoint region
[2022-06-13T01:30:00.545+0000][1][safepoint    ] Total time for which application threads were stopped: 0.0006750 seconds, Stopping threads took: 0.0003620 seconds
[2022-06-13T01:30:00.546+0000][1][safepoint    ] Application time: 0.0001549 seconds
[2022-06-13T01:30:00.546+0000][1][safepoint    ] Entering safepoint region: RevokeBias
[2022-06-13T01:30:00.546+0000][1][safepoint    ] Leaving safepoint region
[2022-06-13T01:30:00.547+0000][1][safepoint    ] Total time for which application threads were stopped: 0.0006716 seconds, Stopping threads took: 0.0003180 seconds
[2022-06-13T01:30:00.839+0000][1][safepoint    ] Application time: 0.2923782 seconds
[2022-06-13T01:30:00.840+0000][1][safepoint    ] Entering safepoint region: Deoptimize
[2022-06-13T01:30:00.841+0000][1][safepoint    ] Leaving safepoint region
[2022-06-13T01:30:00.841+0000][1][safepoint    ] Total time for which application threads were stopped: 0.0014794 seconds, Stopping threads took: 0.0003591 seconds
[2022-06-13T01:30:01.063+0000][1][safepoint    ] Application time: 0.2215831 seconds
[2022-06-13T01:30:01.064+0000][1][safepoint    ] Entering safepoint region: RevokeBias
[2022-06-13T01:30:01.064+0000][1][safepoint    ] Leaving safepoint region
[2022-06-13T01:30:01.064+0000][1][safepoint    ] Total time for which application threads were stopped: 0.0007728 seconds, Stopping threads took: 0.0002996 seconds
[2022-06-13T01:30:01.175+0000][1][safepoint    ] Application time: 0.1101824 seconds
[2022-06-13T01:30:01.175+0000][1][safepoint    ] Entering safepoint region: RevokeBias
[2022-06-13T01:30:01.176+0000][1][safepoint    ] Leaving safepoint region
[2022-06-13T01:30:01.176+0000][1][safepoint    ] Total time for which application threads were stopped: 0.0005188 seconds, Stopping threads took: 0.0002507 seconds
[2022-06-13T01:30:01.180+0000][1][safepoint    ] Application time: 0.0039176 seconds
[2022-06-13T01:30:01.180+0000][1][safepoint    ] Entering safepoint region: RevokeBias
[2022-06-13T01:30:01.181+0000][1][safepoint    ] Leaving safepoint region
[2022-06-13T01:30:01.181+0000][1][safepoint    ] Total time for which application threads were stopped: 0.0006090 seconds, Stopping threads took: 0.0002960 seconds
[2022-06-13T01:30:01.202+0000][1][safepoint    ] Application time: 0.0207846 seconds
[2022-06-13T01:30:01.202+0000][1][safepoint    ] Entering safepoint region: GenCollectForAllocation
[2022-06-13T01:30:01.203+0000][1][gc,start     ] GC(1) Pause Young (Allocation Failure)
[2022-06-13T01:30:01.203+0000][1][gc,task      ] GC(1) Using 5 workers of 13 for evacuation
[2022-06-13T01:30:01.224+0000][1][gc,age       ] GC(1) Desired survivor size 4456448 bytes, new threshold 6 (max threshold 6)
[2022-06-13T01:30:01.225+0000][1][gc,age       ] GC(1) Age table with threshold 6 (max threshold 6)
[2022-06-13T01:30:01.225+0000][1][gc,age       ] GC(1) - age   1:    1959760 bytes,    1959760 total
[2022-06-13T01:30:01.225+0000][1][gc,heap      ] GC(1) ParNew: 78005K->6455K(78656K)
[2022-06-13T01:30:01.226+0000][1][gc,heap      ] GC(1) CMS: 0K->6687K(174784K)
[2022-06-13T01:30:01.226+0000][1][gc,metaspace ] GC(1) Metaspace: 15002K->15002K(1062912K)
[2022-06-13T01:30:01.226+0000][1][gc           ] GC(1) Pause Young (Allocation Failure) 76M->12M(247M) 23.432ms
[2022-06-13T01:30:01.226+0000][1][gc,cpu       ] GC(1) User=0.11s Sys=0.00s Real=0.02s
[2022-06-13T01:30:01.227+0000][1][safepoint    ] Leaving safepoint region
[2022-06-13T01:30:01.227+0000][1][safepoint    ] Total time for which application threads were stopped: 0.0245961 seconds, Stopping threads took: 0.0003964 seconds
[2022-06-13T01:30:01.227+0000][1][safepoint    ] Application time: 0.0003039 seconds
[2022-06-13T01:30:01.228+0000][1][safepoint    ] Entering safepoint region: RevokeBias
[2022-06-13T01:30:01.228+0000][1][safepoint    ] Leaving safepoint region
[2022-06-13T01:30:01.228+0000][1][safepoint    ] Total time for which application threads were stopped: 0.0007462 seconds, Stopping threads took: 0.0003863 seconds
[2022-06-13T01:30:01.229+0000][1][safepoint    ] Application time: 0.0002182 seconds
[2022-06-13T01:30:01.229+0000][1][safepoint    ] Entering safepoint region: RevokeBias
[2022-06-13T01:30:01.230+0000][1][safepoint    ] Leaving safepoint region
[2022-06-13T01:30:01.230+0000][1][safepoint    ] Total time for which application threads were stopped: 0.0007560 seconds, Stopping threads took: 0.0004054 seconds
[2022-06-13T01:30:01.230+0000][1][safepoint    ] Application time: 0.0001977 seconds
[2022-06-13T01:30:01.231+0000][1][safepoint    ] Entering safepoint region: RevokeBias
[2022-06-13T01:30:01.231+0000][1][safepoint    ] Leaving safepoint region
[2022-06-13T01:30:01.231+0000][1][safepoint    ] Total time for which application threads were stopped: 0.0005427 seconds, Stopping threads took: 0.0002589 seconds
[2022-06-13T01:30:01.231+0000][1][safepoint    ] Application time: 0.0001960 seconds
[2022-06-13T01:30:01.232+0000][1][safepoint    ] Entering safepoint region: RevokeBias
[2022-06-13T01:30:01.232+0000][1][safepoint    ] Leaving safepoint region
[2022-06-13T01:30:01.232+0000][1][safepoint    ] Total time for which application threads were stopped: 0.0007622 seconds, Stopping threads took: 0.0003840 seconds
[2022-06-13T01:30:01.233+0000][1][safepoint    ] Application time: 0.0001837 seconds
[2022-06-13T01:30:01.233+0000][1][safepoint    ] Entering safepoint region: RevokeBias
[2022-06-13T01:30:01.234+0000][1][safepoint    ] Leaving safepoint region
[2022-06-13T01:30:01.234+0000][1][safepoint    ] Total time for which application threads were stopped: 0.0007403 seconds, Stopping threads took: 0.0003518 seconds
[2022-06-13T01:30:01.234+0000][1][safepoint    ] Application time: 0.0001559 seconds
[2022-06-13T01:30:01.235+0000][1][safepoint    ] Entering safepoint region: RevokeBias
[2022-06-13T01:30:01.235+0000][1][safepoint    ] Leaving safepoint region
[2022-06-13T01:30:01.235+0000][1][safepoint    ] Total time for which application threads were stopped: 0.0005469 seconds, Stopping threads took: 0.0002873 seconds
[2022-06-13T01:30:01.236+0000][1][safepoint    ] Application time: 0.0002293 seconds
[2022-06-13T01:30:01.236+0000][1][safepoint    ] Entering safepoint region: RevokeBias
[2022-06-13T01:30:01.236+0000][1][safepoint    ] Leaving safepoint region
[2022-06-13T01:30:01.237+0000][1][safepoint    ] Total time for which application threads were stopped: 0.0005958 seconds, Stopping threads took: 0.0003122 seconds
[2022-06-13T01:30:01.237+0000][1][safepoint    ] Application time: 0.0001285 seconds
[2022-06-13T01:30:01.237+0000][1][safepoint    ] Entering safepoint region: RevokeBias
[2022-06-13T01:30:01.237+0000][1][safepoint    ] Leaving safepoint region
[2022-06-13T01:30:01.238+0000][1][safepoint    ] Total time for which application threads were stopped: 0.0007150 seconds, Stopping threads took: 0.0002951 seconds
[2022-06-13T01:30:01.238+0000][1][safepoint    ] Application time: 0.0001468 seconds
[2022-06-13T01:30:01.238+0000][1][safepoint    ] Entering safepoint region: RevokeBias
[2022-06-13T01:30:01.239+0000][1][safepoint    ] Leaving safepoint region
[2022-06-13T01:30:01.239+0000][1][safepoint    ] Total time for which application threads were stopped: 0.0007668 seconds, Stopping threads took: 0.0003482 seconds
[2022-06-13T01:30:01.240+0000][1][safepoint    ] Application time: 0.0001741 seconds
[2022-06-13T01:30:01.240+0000][1][safepoint    ] Entering safepoint region: RevokeBias
[2022-06-13T01:30:01.240+0000][1][safepoint    ] Leaving safepoint region
[2022-06-13T01:30:01.241+0000][1][safepoint    ] Total time for which application threads were stopped: 0.0006763 seconds, Stopping threads took: 0.0003052 seconds
[2022-06-13T01:30:01.241+0000][1][safepoint    ] Application time: 0.0001471 seconds
[2022-06-13T01:30:01.241+0000][1][safepoint    ] Entering safepoint region: BulkRevokeBias
[2022-06-13T01:30:01.242+0000][1][safepoint    ] Leaving safepoint region
[2022-06-13T01:30:01.243+0000][1][safepoint    ] Total time for which application threads were stopped: 0.0014228 seconds, Stopping threads took: 0.0008177 seconds
[2022-06-13T01:30:01.243+0000][1][safepoint    ] Application time: 0.0001645 seconds
[2022-06-13T01:30:01.243+0000][1][safepoint    ] Entering safepoint region: RevokeBias
[2022-06-13T01:30:01.244+0000][1][safepoint    ] Leaving safepoint region
[2022-06-13T01:30:01.244+0000][1][safepoint    ] Total time for which application threads were stopped: 0.0004882 seconds, Stopping threads took: 0.0003035 seconds
[2022-06-13T01:30:01.244+0000][1][safepoint    ] Application time: 0.0001110 seconds
[2022-06-13T01:30:01.244+0000][1][safepoint    ] Entering safepoint region: BulkRevokeBias
[2022-06-13T01:30:01.244+0000][1][safepoint    ] Leaving safepoint region
[2022-06-13T01:30:01.244+0000][1][safepoint    ] Total time for which application threads were stopped: 0.0003642 seconds, Stopping threads took: 0.0001609 seconds
[2022-06-13T01:30:01.409+0000][1][safepoint    ] Application time: 0.1643266 seconds
[2022-06-13T01:30:01.409+0000][1][safepoint    ] Entering safepoint region: GenCollectForAllocation
[2022-06-13T01:30:01.410+0000][1][gc,start     ] GC(2) Pause Young (Allocation Failure)
[2022-06-13T01:30:01.410+0000][1][gc,task      ] GC(2) Using 5 workers of 13 for evacuation
[2022-06-13T01:30:01.414+0000][1][gc,age       ] GC(2) Desired survivor size 4456448 bytes, new threshold 6 (max threshold 6)
[2022-06-13T01:30:01.415+0000][1][gc,age       ] GC(2) Age table with threshold 6 (max threshold 6)
[2022-06-13T01:30:01.415+0000][1][gc,age       ] GC(2) - age   1:    2547376 bytes,    2547376 total
[2022-06-13T01:30:01.415+0000][1][gc,age       ] GC(2) - age   2:    1181048 bytes,    3728424 total
[2022-06-13T01:30:01.415+0000][1][gc,heap      ] GC(2) ParNew: 76407K->4011K(78656K)
[2022-06-13T01:30:01.416+0000][1][gc,heap      ] GC(2) CMS: 6687K->6687K(174784K)
[2022-06-13T01:30:01.416+0000][1][gc,metaspace ] GC(2) Metaspace: 15138K->15138K(1062912K)
[2022-06-13T01:30:01.417+0000][1][gc           ] GC(2) Pause Young (Allocation Failure) 81M->10M(247M) 6.626ms
[2022-06-13T01:30:01.417+0000][1][gc,cpu       ] GC(2) User=0.02s Sys=0.01s Real=0.00s
[2022-06-13T01:30:01.417+0000][1][safepoint    ] Leaving safepoint region
[2022-06-13T01:30:01.417+0000][1][safepoint    ] Total time for which application threads were stopped: 0.0077162 seconds, Stopping threads took: 0.0002718 seconds
[2022-06-13T01:30:01.418+0000][1][safepoint    ] Application time: 0.0003591 seconds
[2022-06-13T01:30:01.418+0000][1][safepoint    ] Entering safepoint region: RevokeBias
[2022-06-13T01:30:01.419+0000][1][safepoint    ] Leaving safepoint region
[2022-06-13T01:30:01.419+0000][1][safepoint    ] Total time for which application threads were stopped: 0.0006031 seconds, Stopping threads took: 0.0003378 seconds
[2022-06-13T01:30:01.419+0000][1][safepoint    ] Application time: 0.0001304 seconds
[2022-06-13T01:30:01.420+0000][1][safepoint    ] Entering safepoint region: RevokeBias
[2022-06-13T01:30:01.420+0000][1][safepoint    ] Leaving safepoint region
[2022-06-13T01:30:01.420+0000][1][safepoint    ] Total time for which application threads were stopped: 0.0006889 seconds, Stopping threads took: 0.0003078 seconds
[2022-06-13T01:30:01.421+0000][1][safepoint    ] Application time: 0.0002089 seconds
[2022-06-13T01:30:01.421+0000][1][safepoint    ] Entering safepoint region: RevokeBias
[2022-06-13T01:30:01.421+0000][1][safepoint    ] Leaving safepoint region
[2022-06-13T01:30:01.421+0000][1][safepoint    ] Total time for which application threads were stopped: 0.0005237 seconds, Stopping threads took: 0.0002641 seconds
[2022-06-13T01:30:01.422+0000][1][safepoint    ] Application time: 0.0002857 seconds
[2022-06-13T01:30:01.422+0000][1][safepoint    ] Entering safepoint region: RevokeBias
[2022-06-13T01:30:01.423+0000][1][safepoint    ] Leaving safepoint region
[2022-06-13T01:30:01.423+0000][1][safepoint    ] Total time for which application threads were stopped: 0.0006862 seconds, Stopping threads took: 0.0003339 seconds
[2022-06-13T01:30:01.423+0000][1][safepoint    ] Application time: 0.0001806 seconds
[2022-06-13T01:30:01.424+0000][1][safepoint    ] Entering safepoint region: RevokeBias
[2022-06-13T01:30:01.425+0000][1][safepoint    ] Leaving safepoint region
[2022-06-13T01:30:01.425+0000][1][safepoint    ] Total time for which application threads were stopped: 0.0013528 seconds, Stopping threads took: 0.0008492 seconds
[2022-06-13T01:30:01.426+0000][1][safepoint    ] Application time: 0.0002596 seconds
[2022-06-13T01:30:01.427+0000][1][safepoint    ] Entering safepoint region: RevokeBias
[2022-06-13T01:30:01.427+0000][1][safepoint    ] Leaving safepoint region
[2022-06-13T01:30:01.427+0000][1][safepoint    ] Total time for which application threads were stopped: 0.0006858 seconds, Stopping threads took: 0.0003772 seconds
[2022-06-13T01:30:01.606+0000][1][safepoint    ] Application time: 0.1783550 seconds
[2022-06-13T01:30:01.606+0000][1][safepoint    ] Entering safepoint region: Deoptimize
[2022-06-13T01:30:01.608+0000][1][safepoint    ] Leaving safepoint region
[2022-06-13T01:30:01.608+0000][1][safepoint    ] Total time for which application threads were stopped: 0.0019604 seconds, Stopping threads took: 0.0005352 seconds
[2022-06-13T01:30:01.610+0000][1][safepoint    ] Application time: 0.0013432 seconds
[2022-06-13T01:30:01.610+0000][1][safepoint    ] Entering safepoint region: Deoptimize
[2022-06-13T01:30:01.611+0000][1][safepoint    ] Leaving safepoint region
[2022-06-13T01:30:01.611+0000][1][safepoint    ] Total time for which application threads were stopped: 0.0012775 seconds, Stopping threads took: 0.0003344 seconds
[2022-06-13T01:30:01.833+0000][1][safepoint    ] Application time: 0.2210489 seconds
[2022-06-13T01:30:01.833+0000][1][safepoint    ] Entering safepoint region: GenCollectForAllocation
[2022-06-13T01:30:01.834+0000][1][gc,start     ] GC(3) Pause Young (Allocation Failure)
[2022-06-13T01:30:01.834+0000][1][gc,task      ] GC(3) Using 5 workers of 13 for evacuation
[2022-06-13T01:30:01.838+0000][1][gc,age       ] GC(3) Desired survivor size 4456448 bytes, new threshold 3 (max threshold 6)
[2022-06-13T01:30:01.838+0000][1][gc,age       ] GC(3) Age table with threshold 3 (max threshold 6)
[2022-06-13T01:30:01.838+0000][1][gc,age       ] GC(3) - age   1:    3295456 bytes,    3295456 total
[2022-06-13T01:30:01.839+0000][1][gc,age       ] GC(3) - age   2:     319600 bytes,    3615056 total
[2022-06-13T01:30:01.839+0000][1][gc,age       ] GC(3) - age   3:    1178032 bytes,    4793088 total
[2022-06-13T01:30:01.839+0000][1][gc,heap      ] GC(3) ParNew: 73963K->6379K(78656K)
[2022-06-13T01:30:01.839+0000][1][gc,heap      ] GC(3) CMS: 6687K->6687K(174784K)
[2022-06-13T01:30:01.840+0000][1][gc,metaspace ] GC(3) Metaspace: 18430K->18430K(1067008K)
[2022-06-13T01:30:01.840+0000][1][gc           ] GC(3) Pause Young (Allocation Failure) 78M->12M(247M) 6.183ms
[2022-06-13T01:30:01.840+0000][1][gc,cpu       ] GC(3) User=0.04s Sys=0.01s Real=0.01s
[2022-06-13T01:30:01.841+0000][1][safepoint    ] Leaving safepoint region
[2022-06-13T01:30:01.841+0000][1][safepoint    ] Total time for which application threads were stopped: 0.0077945 seconds, Stopping threads took: 0.0003205 seconds
[2022-06-13T01:30:01.843+0000][1][safepoint    ] Application time: 0.0008606 seconds
[2022-06-13T01:30:01.843+0000][1][safepoint    ] Entering safepoint region: RevokeBias
[2022-06-13T01:30:01.844+0000][1][safepoint    ] Leaving safepoint region
[2022-06-13T01:30:01.844+0000][1][safepoint    ] Total time for which application threads were stopped: 0.0011892 seconds, Stopping threads took: 0.0006534 seconds
[2022-06-13T01:30:01.845+0000][1][safepoint    ] Application time: 0.0002462 seconds
[2022-06-13T01:30:01.846+0000][1][safepoint    ] Entering safepoint region: RevokeBias
[2022-06-13T01:30:01.846+0000][1][safepoint    ] Leaving safepoint region
[2022-06-13T01:30:01.846+0000][1][safepoint    ] Total time for which application threads were stopped: 0.0009281 seconds, Stopping threads took: 0.0003928 seconds
[2022-06-13T01:30:01.847+0000][1][safepoint    ] Application time: 0.0001628 seconds
[2022-06-13T01:30:01.847+0000][1][safepoint    ] Entering safepoint region: RevokeBias
[2022-06-13T01:30:01.848+0000][1][safepoint    ] Leaving safepoint region
[2022-06-13T01:30:01.848+0000][1][safepoint    ] Total time for which application threads were stopped: 0.0009413 seconds, Stopping threads took: 0.0003547 seconds
[2022-06-13T01:30:01.849+0000][1][safepoint    ] Application time: 0.0001404 seconds
[2022-06-13T01:30:01.849+0000][1][safepoint    ] Entering safepoint region: RevokeBias
[2022-06-13T01:30:01.850+0000][1][safepoint    ] Leaving safepoint region
[2022-06-13T01:30:01.850+0000][1][safepoint    ] Total time for which application threads were stopped: 0.0011693 seconds, Stopping threads took: 0.0006563 seconds
[2022-06-13T01:30:01.851+0000][1][safepoint    ] Application time: 0.0002596 seconds
[2022-06-13T01:30:01.851+0000][1][safepoint    ] Entering safepoint region: RevokeBias
[2022-06-13T01:30:01.852+0000][1][safepoint    ] Leaving safepoint region
[2022-06-13T01:30:01.852+0000][1][safepoint    ] Total time for which application threads were stopped: 0.0009352 seconds, Stopping threads took: 0.0004994 seconds
[2022-06-13T01:30:01.852+0000][1][safepoint    ] Application time: 0.0001379 seconds
[2022-06-13T01:30:01.853+0000][1][safepoint    ] Entering safepoint region: RevokeBias
[2022-06-13T01:30:01.853+0000][1][safepoint    ] Leaving safepoint region
[2022-06-13T01:30:01.853+0000][1][safepoint    ] Total time for which application threads were stopped: 0.0008921 seconds, Stopping threads took: 0.0004871 seconds
[2022-06-13T01:30:01.854+0000][1][safepoint    ] Application time: 0.0001480 seconds
[2022-06-13T01:30:01.855+0000][1][safepoint    ] Entering safepoint region: RevokeBias
[2022-06-13T01:30:01.855+0000][1][safepoint    ] Leaving safepoint region
[2022-06-13T01:30:01.856+0000][1][safepoint    ] Total time for which application threads were stopped: 0.0010764 seconds, Stopping threads took: 0.0007437 seconds
[2022-06-13T01:30:01.856+0000][1][safepoint    ] Application time: 0.0001861 seconds
[2022-06-13T01:30:01.857+0000][1][safepoint    ] Entering safepoint region: RevokeBias
[2022-06-13T01:30:01.857+0000][1][safepoint    ] Leaving safepoint region
[2022-06-13T01:30:01.858+0000][1][safepoint    ] Total time for which application threads were stopped: 0.0008304 seconds, Stopping threads took: 0.0004542 seconds
[2022-06-13T01:30:01.858+0000][1][safepoint    ] Application time: 0.0002499 seconds
[2022-06-13T01:30:01.859+0000][1][safepoint    ] Entering safepoint region: RevokeBias
[2022-06-13T01:30:01.859+0000][1][safepoint    ] Leaving safepoint region
[2022-06-13T01:30:01.859+0000][1][safepoint    ] Total time for which application threads were stopped: 0.0008982 seconds, Stopping threads took: 0.0005360 seconds
[2022-06-13T01:30:01.860+0000][1][safepoint    ] Application time: 0.0001912 seconds
[2022-06-13T01:30:01.860+0000][1][safepoint    ] Entering safepoint region: RevokeBias
[2022-06-13T01:30:01.861+0000][1][safepoint    ] Leaving safepoint region
[2022-06-13T01:30:01.861+0000][1][safepoint    ] Total time for which application threads were stopped: 0.0006848 seconds, Stopping threads took: 0.0003253 seconds
[2022-06-13T01:30:01.861+0000][1][safepoint    ] Application time: 0.0001590 seconds
[2022-06-13T01:30:01.862+0000][1][safepoint    ] Entering safepoint region: RevokeBias
[2022-06-13T01:30:01.862+0000][1][safepoint    ] Leaving safepoint region
[2022-06-13T01:30:01.862+0000][1][safepoint    ] Total time for which application threads were stopped: 0.0008204 seconds, Stopping threads took: 0.0004646 seconds
[2022-06-13T01:30:01.863+0000][1][safepoint    ] Application time: 0.0001601 seconds
[2022-06-13T01:30:01.863+0000][1][safepoint    ] Entering safepoint region: RevokeBias
[2022-06-13T01:30:01.864+0000][1][safepoint    ] Leaving safepoint region
[2022-06-13T01:30:01.864+0000][1][safepoint    ] Total time for which application threads were stopped: 0.0008777 seconds, Stopping threads took: 0.0005060 seconds
[2022-06-13T01:30:01.865+0000][1][safepoint    ] Application time: 0.0003178 seconds
[2022-06-13T01:30:01.865+0000][1][safepoint    ] Entering safepoint region: RevokeBias
[2022-06-13T01:30:01.865+0000][1][safepoint    ] Leaving safepoint region
[2022-06-13T01:30:01.866+0000][1][safepoint    ] Total time for which application threads were stopped: 0.0009289 seconds, Stopping threads took: 0.0005358 seconds
[2022-06-13T01:30:01.866+0000][1][safepoint    ] Application time: 0.0003325 seconds
[2022-06-13T01:30:01.867+0000][1][safepoint    ] Entering safepoint region: RevokeBias
[2022-06-13T01:30:01.867+0000][1][safepoint    ] Leaving safepoint region
[2022-06-13T01:30:01.868+0000][1][safepoint    ] Total time for which application threads were stopped: 0.0006789 seconds, Stopping threads took: 0.0003064 seconds
[2022-06-13T01:30:01.868+0000][1][safepoint    ] Application time: 0.0003194 seconds
[2022-06-13T01:30:01.869+0000][1][safepoint    ] Entering safepoint region: RevokeBias
[2022-06-13T01:30:01.869+0000][1][safepoint    ] Leaving safepoint region
[2022-06-13T01:30:01.870+0000][1][safepoint    ] Total time for which application threads were stopped: 0.0012860 seconds, Stopping threads took: 0.0004376 seconds
[2022-06-13T01:30:01.871+0000][1][safepoint    ] Application time: 0.0004102 seconds
[2022-06-13T01:30:01.871+0000][1][safepoint    ] Entering safepoint region: RevokeBias
[2022-06-13T01:30:01.872+0000][1][safepoint    ] Leaving safepoint region
[2022-06-13T01:30:01.872+0000][1][safepoint    ] Total time for which application threads were stopped: 0.0009011 seconds, Stopping threads took: 0.0003053 seconds
[2022-06-13T01:30:01.873+0000][1][safepoint    ] Application time: 0.0001662 seconds
[2022-06-13T01:30:01.873+0000][1][safepoint    ] Entering safepoint region: RevokeBias
[2022-06-13T01:30:01.874+0000][1][safepoint    ] Leaving safepoint region
[2022-06-13T01:30:01.874+0000][1][safepoint    ] Total time for which application threads were stopped: 0.0005823 seconds, Stopping threads took: 0.0002849 seconds
[2022-06-13T01:30:01.874+0000][1][safepoint    ] Application time: 0.0001714 seconds
[2022-06-13T01:30:01.874+0000][1][safepoint    ] Entering safepoint region: RevokeBias
[2022-06-13T01:30:01.875+0000][1][safepoint    ] Leaving safepoint region
[2022-06-13T01:30:01.875+0000][1][safepoint    ] Total time for which application threads were stopped: 0.0005757 seconds, Stopping threads took: 0.0002975 seconds
[2022-06-13T01:30:01.876+0000][1][safepoint    ] Application time: 0.0001658 seconds
[2022-06-13T01:30:01.876+0000][1][safepoint    ] Entering safepoint region: RevokeBias
[2022-06-13T01:30:01.877+0000][1][safepoint    ] Leaving safepoint region
[2022-06-13T01:30:01.877+0000][1][safepoint    ] Total time for which application threads were stopped: 0.0010076 seconds, Stopping threads took: 0.0003601 seconds
[2022-06-13T01:30:01.877+0000][1][safepoint    ] Application time: 0.0001283 seconds
[2022-06-13T01:30:01.878+0000][1][safepoint    ] Entering safepoint region: RevokeBias
[2022-06-13T01:30:01.878+0000][1][safepoint    ] Leaving safepoint region
[2022-06-13T01:30:01.878+0000][1][safepoint    ] Total time for which application threads were stopped: 0.0008674 seconds, Stopping threads took: 0.0002903 seconds
[2022-06-13T01:30:01.879+0000][1][safepoint    ] Application time: 0.0001608 seconds
[2022-06-13T01:30:01.879+0000][1][safepoint    ] Entering safepoint region: RevokeBias
[2022-06-13T01:30:01.880+0000][1][safepoint    ] Leaving safepoint region
[2022-06-13T01:30:01.880+0000][1][safepoint    ] Total time for which application threads were stopped: 0.0010000 seconds, Stopping threads took: 0.0004079 seconds
[2022-06-13T01:30:01.993+0000][1][safepoint    ] Application time: 0.1120446 seconds
[2022-06-13T01:30:01.993+0000][1][safepoint    ] Entering safepoint region: GenCollectForAllocation
[2022-06-13T01:30:01.993+0000][1][gc,start     ] GC(4) Pause Young (Allocation Failure)
[2022-06-13T01:30:01.994+0000][1][gc,task      ] GC(4) Using 5 workers of 13 for evacuation
[2022-06-13T01:30:01.998+0000][1][gc,age       ] GC(4) Desired survivor size 4456448 bytes, new threshold 2 (max threshold 6)
[2022-06-13T01:30:01.998+0000][1][gc,age       ] GC(4) Age table with threshold 2 (max threshold 6)
[2022-06-13T01:30:01.999+0000][1][gc,age       ] GC(4) - age   1:    1370256 bytes,    1370256 total
[2022-06-13T01:30:01.999+0000][1][gc,age       ] GC(4) - age   2:    3176248 bytes,    4546504 total
[2022-06-13T01:30:01.999+0000][1][gc,age       ] GC(4) - age   3:     319072 bytes,    4865576 total
[2022-06-13T01:30:01.999+0000][1][gc,heap      ] GC(4) ParNew: 76331K->6883K(78656K)
[2022-06-13T01:30:02.000+0000][1][gc,heap      ] GC(4) CMS: 6687K->7855K(174784K)
[2022-06-13T01:30:02.000+0000][1][gc,metaspace ] GC(4) Metaspace: 18822K->18822K(1067008K)
[2022-06-13T01:30:02.000+0000][1][gc           ] GC(4) Pause Young (Allocation Failure) 81M->14M(247M) 6.650ms
[2022-06-13T01:30:02.000+0000][1][gc,cpu       ] GC(4) User=0.04s Sys=0.00s Real=0.01s
[2022-06-13T01:30:02.000+0000][1][safepoint    ] Leaving safepoint region
[2022-06-13T01:30:02.001+0000][1][safepoint    ] Total time for which application threads were stopped: 0.0075954 seconds, Stopping threads took: 0.0001936 seconds
[2022-06-13T01:30:02.001+0000][1][safepoint    ] Application time: 0.0003317 seconds
[2022-06-13T01:30:02.001+0000][1][safepoint    ] Entering safepoint region: RevokeBias
[2022-06-13T01:30:02.002+0000][1][safepoint    ] Leaving safepoint region
[2022-06-13T01:30:02.002+0000][1][safepoint    ] Total time for which application threads were stopped: 0.0006163 seconds, Stopping threads took: 0.0003104 seconds
[2022-06-13T01:30:02.002+0000][1][safepoint    ] Application time: 0.0001846 seconds
[2022-06-13T01:30:02.003+0000][1][safepoint    ] Entering safepoint region: RevokeBias
[2022-06-13T01:30:02.003+0000][1][safepoint    ] Leaving safepoint region
[2022-06-13T01:30:02.003+0000][1][safepoint    ] Total time for which application threads were stopped: 0.0005741 seconds, Stopping threads took: 0.0003030 seconds
[2022-06-13T01:30:02.004+0000][1][safepoint    ] Application time: 0.0001524 seconds
[2022-06-13T01:30:02.004+0000][1][safepoint    ] Entering safepoint region: RevokeBias
[2022-06-13T01:30:02.004+0000][1][safepoint    ] Leaving safepoint region
[2022-06-13T01:30:02.004+0000][1][safepoint    ] Total time for which application threads were stopped: 0.0005903 seconds, Stopping threads took: 0.0002908 seconds
[2022-06-13T01:30:02.005+0000][1][safepoint    ] Application time: 0.0001514 seconds
[2022-06-13T01:30:02.005+0000][1][safepoint    ] Entering safepoint region: RevokeBias
[2022-06-13T01:30:02.005+0000][1][safepoint    ] Leaving safepoint region
[2022-06-13T01:30:02.006+0000][1][safepoint    ] Total time for which application threads were stopped: 0.0005523 seconds, Stopping threads took: 0.0002626 seconds
[2022-06-13T01:30:02.035+0000][1][safepoint    ] Application time: 0.0292998 seconds
[2022-06-13T01:30:02.036+0000][1][safepoint    ] Entering safepoint region: Deoptimize
[2022-06-13T01:30:02.037+0000][1][safepoint    ] Leaving safepoint region
[2022-06-13T01:30:02.037+0000][1][safepoint    ] Total time for which application threads were stopped: 0.0011673 seconds, Stopping threads took: 0.0002838 seconds
[2022-06-13T01:30:02.076+0000][1][safepoint    ] Application time: 0.0390354 seconds
[2022-06-13T01:30:02.077+0000][1][safepoint    ] Entering safepoint region: Deoptimize
[2022-06-13T01:30:02.077+0000][1][safepoint    ] Leaving safepoint region
[2022-06-13T01:30:02.078+0000][1][safepoint    ] Total time for which application threads were stopped: 0.0008832 seconds, Stopping threads took: 0.0003032 seconds
[2022-06-13T01:30:02.179+0000][1][safepoint    ] Application time: 0.1014784 seconds
[2022-06-13T01:30:02.180+0000][1][safepoint    ] Entering safepoint region: GenCollectForAllocation
[2022-06-13T01:30:02.180+0000][1][gc,start     ] GC(5) Pause Young (Allocation Failure)
[2022-06-13T01:30:02.180+0000][1][gc,task      ] GC(5) Using 5 workers of 13 for evacuation
[2022-06-13T01:30:02.185+0000][1][gc,age       ] GC(5) Desired survivor size 4456448 bytes, new threshold 6 (max threshold 6)
[2022-06-13T01:30:02.185+0000][1][gc,age       ] GC(5) Age table with threshold 6 (max threshold 6)
[2022-06-13T01:30:02.185+0000][1][gc,age       ] GC(5) - age   1:    2193912 bytes,    2193912 total
[2022-06-13T01:30:02.185+0000][1][gc,age       ] GC(5) - age   2:     574672 bytes,    2768584 total
[2022-06-13T01:30:02.185+0000][1][gc,heap      ] GC(5) ParNew: 76835K->5735K(78656K)
[2022-06-13T01:30:02.185+0000][1][gc,heap      ] GC(5) CMS: 7855K->11293K(174784K)
[2022-06-13T01:30:02.186+0000][1][gc,metaspace ] GC(5) Metaspace: 19153K->19153K(1067008K)
[2022-06-13T01:30:02.186+0000][1][gc           ] GC(5) Pause Young (Allocation Failure) 82M->16M(247M) 6.066ms
[2022-06-13T01:30:02.186+0000][1][gc,cpu       ] GC(5) User=0.03s Sys=0.00s Real=0.00s
[2022-06-13T01:30:02.186+0000][1][safepoint    ] Leaving safepoint region
[2022-06-13T01:30:02.187+0000][1][safepoint    ] Total time for which application threads were stopped: 0.0070222 seconds, Stopping threads took: 0.0002695 seconds
[2022-06-13T01:30:02.187+0000][1][safepoint    ] Application time: 0.0003015 seconds
[2022-06-13T01:30:02.188+0000][1][safepoint    ] Entering safepoint region: RevokeBias
[2022-06-13T01:30:02.188+0000][1][safepoint    ] Leaving safepoint region
[2022-06-13T01:30:02.188+0000][1][safepoint    ] Total time for which application threads were stopped: 0.0011548 seconds, Stopping threads took: 0.0009334 seconds
[2022-06-13T01:30:02.189+0000][1][safepoint    ] Application time: 0.0001457 seconds
[2022-06-13T01:30:02.189+0000][1][safepoint    ] Entering safepoint region: RevokeBias
[2022-06-13T01:30:02.190+0000][1][safepoint    ] Leaving safepoint region
[2022-06-13T01:30:02.190+0000][1][safepoint    ] Total time for which application threads were stopped: 0.0009038 seconds, Stopping threads took: 0.0006170 seconds
[2022-06-13T01:30:02.190+0000][1][safepoint    ] Application time: 0.0001524 seconds
[2022-06-13T01:30:02.191+0000][1][safepoint    ] Entering safepoint region: RevokeBias
[2022-06-13T01:30:02.191+0000][1][safepoint    ] Leaving safepoint region
[2022-06-13T01:30:02.192+0000][1][safepoint    ] Total time for which application threads were stopped: 0.0010648 seconds, Stopping threads took: 0.0008904 seconds
[2022-06-13T01:30:02.192+0000][1][safepoint    ] Application time: 0.0001412 seconds
[2022-06-13T01:30:02.192+0000][1][safepoint    ] Entering safepoint region: RevokeBias
[2022-06-13T01:30:02.192+0000][1][safepoint    ] Leaving safepoint region
[2022-06-13T01:30:02.193+0000][1][safepoint    ] Total time for which application threads were stopped: 0.0005929 seconds, Stopping threads took: 0.0002937 seconds
[2022-06-13T01:30:02.193+0000][1][safepoint    ] Application time: 0.0001264 seconds
[2022-06-13T01:30:02.193+0000][1][safepoint    ] Entering safepoint region: RevokeBias
[2022-06-13T01:30:02.193+0000][1][safepoint    ] Leaving safepoint region
[2022-06-13T01:30:02.194+0000][1][safepoint    ] Total time for which application threads were stopped: 0.0004223 seconds, Stopping threads took: 0.0002303 seconds
[2022-06-13T01:30:02.194+0000][1][safepoint    ] Application time: 0.0001157 seconds
[2022-06-13T01:30:02.194+0000][1][safepoint    ] Entering safepoint region: RevokeBias
[2022-06-13T01:30:02.194+0000][1][safepoint    ] Leaving safepoint region
[2022-06-13T01:30:02.194+0000][1][safepoint    ] Total time for which application threads were stopped: 0.0003903 seconds, Stopping threads took: 0.0002001 seconds
[2022-06-13T01:30:02.320+0000][1][safepoint    ] Application time: 0.1258110 seconds
[2022-06-13T01:30:02.321+0000][1][safepoint    ] Entering safepoint region: RevokeBias
[2022-06-13T01:30:02.321+0000][1][safepoint    ] Leaving safepoint region
[2022-06-13T01:30:02.322+0000][1][safepoint    ] Total time for which application threads were stopped: 0.0005787 seconds, Stopping threads took: 0.0002991 seconds
[2022-06-13T01:30:02.354+0000][1][safepoint    ] Application time: 0.0319521 seconds
[2022-06-13T01:30:02.354+0000][1][safepoint    ] Entering safepoint region: GenCollectForAllocation
[2022-06-13T01:30:02.355+0000][1][gc,start     ] GC(6) Pause Young (Allocation Failure)
[2022-06-13T01:30:02.355+0000][1][gc,task      ] GC(6) Using 5 workers of 13 for evacuation
[2022-06-13T01:30:02.358+0000][1][gc,age       ] GC(6) Desired survivor size 4456448 bytes, new threshold 6 (max threshold 6)
[2022-06-13T01:30:02.358+0000][1][gc,age       ] GC(6) Age table with threshold 6 (max threshold 6)
[2022-06-13T01:30:02.358+0000][1][gc,age       ] GC(6) - age   1:    1483664 bytes,    1483664 total
[2022-06-13T01:30:02.359+0000][1][gc,age       ] GC(6) - age   2:    2182360 bytes,    3666024 total
[2022-06-13T01:30:02.359+0000][1][gc,age       ] GC(6) - age   3:     574672 bytes,    4240696 total
[2022-06-13T01:30:02.359+0000][1][gc,heap      ] GC(6) ParNew: 75687K->5323K(78656K)
[2022-06-13T01:30:02.359+0000][1][gc,heap      ] GC(6) CMS: 11293K->11293K(174784K)
[2022-06-13T01:30:02.360+0000][1][gc,metaspace ] GC(6) Metaspace: 19474K->19474K(1067008K)
[2022-06-13T01:30:02.360+0000][1][gc           ] GC(6) Pause Young (Allocation Failure) 84M->16M(247M) 4.984ms
[2022-06-13T01:30:02.360+0000][1][gc,cpu       ] GC(6) User=0.02s Sys=0.00s Real=0.01s
[2022-06-13T01:30:02.360+0000][1][safepoint    ] Leaving safepoint region
[2022-06-13T01:30:02.361+0000][1][safepoint    ] Total time for which application threads were stopped: 0.0061752 seconds, Stopping threads took: 0.0003936 seconds
[2022-06-13T01:30:02.361+0000][1][safepoint    ] Application time: 0.0003287 seconds
[2022-06-13T01:30:02.361+0000][1][safepoint    ] Entering safepoint region: BulkRevokeBias
[2022-06-13T01:30:02.362+0000][1][safepoint    ] Leaving safepoint region
[2022-06-13T01:30:02.362+0000][1][safepoint    ] Total time for which application threads were stopped: 0.0007794 seconds, Stopping threads took: 0.0004018 seconds
[2022-06-13T01:30:02.363+0000][1][safepoint    ] Application time: 0.0001513 seconds
[2022-06-13T01:30:02.363+0000][1][safepoint    ] Entering safepoint region: BulkRevokeBias
[2022-06-13T01:30:02.363+0000][1][safepoint    ] Leaving safepoint region
[2022-06-13T01:30:02.363+0000][1][safepoint    ] Total time for which application threads were stopped: 0.0005027 seconds, Stopping threads took: 0.0002015 seconds
[2022-06-13T01:30:02.506+0000][1][safepoint    ] Application time: 0.1423797 seconds
[2022-06-13T01:30:02.506+0000][1][safepoint    ] Entering safepoint region: GenCollectForAllocation
[2022-06-13T01:30:02.507+0000][1][gc,start     ] GC(7) Pause Young (Allocation Failure)
[2022-06-13T01:30:02.507+0000][1][gc,task      ] GC(7) Using 5 workers of 13 for evacuation
[2022-06-13T01:30:02.509+0000][1][gc,age       ] GC(7) Desired survivor size 4456448 bytes, new threshold 6 (max threshold 6)
[2022-06-13T01:30:02.510+0000][1][gc,age       ] GC(7) Age table with threshold 6 (max threshold 6)
[2022-06-13T01:30:02.510+0000][1][gc,age       ] GC(7) - age   1:     514336 bytes,     514336 total
[2022-06-13T01:30:02.510+0000][1][gc,age       ] GC(7) - age   2:    1142008 bytes,    1656344 total
[2022-06-13T01:30:02.510+0000][1][gc,age       ] GC(7) - age   3:    2180480 bytes,    3836824 total
[2022-06-13T01:30:02.510+0000][1][gc,age       ] GC(7) - age   4:     574672 bytes,    4411496 total
[2022-06-13T01:30:02.511+0000][1][gc,heap      ] GC(7) ParNew: 75275K->5674K(78656K)
[2022-06-13T01:30:02.511+0000][1][gc,heap      ] GC(7) CMS: 11293K->11293K(174784K)
[2022-06-13T01:30:02.511+0000][1][gc,metaspace ] GC(7) Metaspace: 19751K->19751K(1067008K)
[2022-06-13T01:30:02.511+0000][1][gc           ] GC(7) Pause Young (Allocation Failure) 84M->16M(247M) 4.616ms
[2022-06-13T01:30:02.511+0000][1][gc,cpu       ] GC(7) User=0.04s Sys=0.01s Real=0.01s
[2022-06-13T01:30:02.512+0000][1][safepoint    ] Leaving safepoint region
[2022-06-13T01:30:02.512+0000][1][safepoint    ] Total time for which application threads were stopped: 0.0055244 seconds, Stopping threads took: 0.0002380 seconds
[2022-06-13T01:30:02.538+0000][1][safepoint    ] Application time: 0.0255413 seconds
[2022-06-13T01:30:02.538+0000][1][safepoint    ] Entering safepoint region: CollectForMetadataAllocation
[2022-06-13T01:30:02.539+0000][1][safepoint    ] Leaving safepoint region
[2022-06-13T01:30:02.539+0000][1][safepoint    ] Total time for which application threads were stopped: 0.0007520 seconds, Stopping threads took: 0.0003238 seconds
[2022-06-13T01:30:02.566+0000][1][safepoint    ] Application time: 0.0269881 seconds
[2022-06-13T01:30:02.566+0000][1][safepoint    ] Entering safepoint region: CollectForMetadataAllocation
[2022-06-13T01:30:02.567+0000][1][safepoint    ] Leaving safepoint region
[2022-06-13T01:30:02.567+0000][1][safepoint    ] Total time for which application threads were stopped: 0.0009909 seconds, Stopping threads took: 0.0005492 seconds
[2022-06-13T01:30:02.717+0000][1][safepoint    ] Application time: 0.1497822 seconds
[2022-06-13T01:30:02.718+0000][1][safepoint    ] Entering safepoint region: GenCollectForAllocation
[2022-06-13T01:30:02.718+0000][1][gc,start     ] GC(8) Pause Young (Allocation Failure)
[2022-06-13T01:30:02.719+0000][1][gc,task      ] GC(8) Using 5 workers of 13 for evacuation
[2022-06-13T01:30:02.722+0000][1][gc,age       ] GC(8) Desired survivor size 4456448 bytes, new threshold 5 (max threshold 6)
[2022-06-13T01:30:02.722+0000][1][gc,age       ] GC(8) Age table with threshold 5 (max threshold 6)
[2022-06-13T01:30:02.722+0000][1][gc,age       ] GC(8) - age   1:     502704 bytes,     502704 total
[2022-06-13T01:30:02.723+0000][1][gc,age       ] GC(8) - age   2:     479512 bytes,     982216 total
[2022-06-13T01:30:02.723+0000][1][gc,age       ] GC(8) - age   3:    1141912 bytes,    2124128 total
[2022-06-13T01:30:02.723+0000][1][gc,age       ] GC(8) - age   4:    2180144 bytes,    4304272 total
[2022-06-13T01:30:02.723+0000][1][gc,age       ] GC(8) - age   5:     574672 bytes,    4878944 total
[2022-06-13T01:30:02.723+0000][1][gc,heap      ] GC(8) ParNew: 75626K->6034K(78656K)
[2022-06-13T01:30:02.724+0000][1][gc,heap      ] GC(8) CMS: 11293K->11293K(174784K)
[2022-06-13T01:30:02.724+0000][1][gc,metaspace ] GC(8) Metaspace: 20523K->20523K(1069056K)
[2022-06-13T01:30:02.724+0000][1][gc           ] GC(8) Pause Young (Allocation Failure) 84M->16M(247M) 5.609ms
[2022-06-13T01:30:02.724+0000][1][gc,cpu       ] GC(8) User=0.04s Sys=0.00s Real=0.01s
[2022-06-13T01:30:02.724+0000][1][safepoint    ] Leaving safepoint region
[2022-06-13T01:30:02.724+0000][1][safepoint    ] Total time for which application threads were stopped: 0.0065930 seconds, Stopping threads took: 0.0003314 seconds
[2022-06-13T01:30:02.725+0000][1][safepoint    ] Application time: 0.0005471 seconds
[2022-06-13T01:30:02.726+0000][1][safepoint    ] Entering safepoint region: CMS_Initial_Mark
[2022-06-13T01:30:02.726+0000][1][gc,start     ] GC(9) Pause Initial Mark
[2022-06-13T01:30:02.727+0000][1][gc           ] GC(9) Pause Initial Mark 18M->18M(247M) 1.157ms
[2022-06-13T01:30:02.727+0000][1][gc,cpu       ] GC(9) User=0.01s Sys=0.00s Real=0.00s
[2022-06-13T01:30:02.728+0000][1][safepoint    ] Leaving safepoint region
[2022-06-13T01:30:02.728+0000][1][safepoint    ] Total time for which application threads were stopped: 0.0022307 seconds, Stopping threads took: 0.0003131 seconds
[2022-06-13T01:30:02.728+0000][1][gc           ] GC(9) Concurrent Mark
[2022-06-13T01:30:02.729+0000][1][gc,task      ] GC(9) Using 4 workers of 4 for marking
[2022-06-13T01:30:02.750+0000][1][gc           ] GC(9) Concurrent Mark 21.714ms
[2022-06-13T01:30:02.750+0000][1][gc,cpu       ] GC(9) User=0.16s Sys=0.00s Real=0.03s
[2022-06-13T01:30:02.751+0000][1][gc           ] GC(9) Concurrent Preclean
[2022-06-13T01:30:02.752+0000][1][gc           ] GC(9) Concurrent Preclean 1.112ms
[2022-06-13T01:30:02.754+0000][1][gc,cpu       ] GC(9) User=0.00s Sys=0.00s Real=0.00s
[2022-06-13T01:30:02.754+0000][1][gc           ] GC(9) Concurrent Abortable Preclean
[2022-06-13T01:30:02.853+0000][1][safepoint    ] Application time: 0.1245584 seconds
[2022-06-13T01:30:02.853+0000][1][safepoint    ] Entering safepoint region: GenCollectForAllocation
[2022-06-13T01:30:02.853+0000][1][gc,start     ] GC(10) Pause Young (Allocation Failure)
[2022-06-13T01:30:02.854+0000][1][gc,task      ] GC(10) Using 5 workers of 13 for evacuation
[2022-06-13T01:30:02.858+0000][1][gc,age       ] GC(10) Desired survivor size 4456448 bytes, new threshold 5 (max threshold 6)
[2022-06-13T01:30:02.859+0000][1][gc,age       ] GC(10) Age table with threshold 5 (max threshold 6)
[2022-06-13T01:30:02.859+0000][1][gc,age       ] GC(10) - age   1:     928344 bytes,     928344 total
[2022-06-13T01:30:02.859+0000][1][gc,age       ] GC(10) - age   2:     489880 bytes,    1418224 total
[2022-06-13T01:30:02.860+0000][1][gc,age       ] GC(10) - age   3:     479392 bytes,    1897616 total
[2022-06-13T01:30:02.860+0000][1][gc,age       ] GC(10) - age   4:    1141912 bytes,    3039528 total
[2022-06-13T01:30:02.860+0000][1][gc,age       ] GC(10) - age   5:    2179952 bytes,    5219480 total
[2022-06-13T01:30:02.860+0000][1][gc,heap      ] GC(10) ParNew: 75986K->6208K(78656K)
[2022-06-13T01:30:02.861+0000][1][gc,heap      ] GC(10) CMS: 11293K->11865K(174784K)
[2022-06-13T01:30:02.861+0000][1][gc,metaspace ] GC(10) Metaspace: 20638K->20638K(1069056K)
[2022-06-13T01:30:02.861+0000][1][gc           ] GC(10) Pause Young (Allocation Failure) 85M->17M(247M) 7.876ms
[2022-06-13T01:30:02.862+0000][1][gc,cpu       ] GC(10) User=0.04s Sys=0.00s Real=0.01s
[2022-06-13T01:30:02.862+0000][1][safepoint    ] Leaving safepoint region
[2022-06-13T01:30:02.862+0000][1][safepoint    ] Total time for which application threads were stopped: 0.0090368 seconds, Stopping threads took: 0.0002741 seconds
[2022-06-13T01:30:02.992+0000][1][safepoint    ] Application time: 0.1296592 seconds
[2022-06-13T01:30:02.992+0000][1][safepoint    ] Entering safepoint region: GenCollectForAllocation
[2022-06-13T01:30:02.993+0000][1][gc,start     ] GC(11) Pause Young (Allocation Failure)
[2022-06-13T01:30:02.993+0000][1][gc,task      ] GC(11) Using 5 workers of 13 for evacuation
[2022-06-13T01:30:02.999+0000][1][gc,age       ] GC(11) Desired survivor size 4456448 bytes, new threshold 6 (max threshold 6)
[2022-06-13T01:30:03.000+0000][1][gc,age       ] GC(11) Age table with threshold 6 (max threshold 6)
[2022-06-13T01:30:03.000+0000][1][gc,age       ] GC(11) - age   1:    1545504 bytes,    1545504 total
[2022-06-13T01:30:03.000+0000][1][gc,age       ] GC(11) - age   2:     129840 bytes,    1675344 total
[2022-06-13T01:30:03.001+0000][1][gc,age       ] GC(11) - age   3:     489880 bytes,    2165224 total
[2022-06-13T01:30:03.001+0000][1][gc,age       ] GC(11) - age   4:     479240 bytes,    2644464 total
[2022-06-13T01:30:03.001+0000][1][gc,age       ] GC(11) - age   5:    1141624 bytes,    3786088 total
[2022-06-13T01:30:03.001+0000][1][gc,heap      ] GC(11) ParNew: 76160K->5441K(78656K)
[2022-06-13T01:30:03.001+0000][1][gc,heap      ] GC(11) CMS: 11865K->14008K(174784K)
[2022-06-13T01:30:03.002+0000][1][gc,metaspace ] GC(11) Metaspace: 20717K->20717K(1069056K)
[2022-06-13T01:30:03.002+0000][1][gc           ] GC(11) Pause Young (Allocation Failure) 85M->18M(247M) 8.960ms
[2022-06-13T01:30:03.002+0000][1][gc,cpu       ] GC(11) User=0.05s Sys=0.00s Real=0.01s
[2022-06-13T01:30:03.002+0000][1][safepoint    ] Leaving safepoint region
[2022-06-13T01:30:03.002+0000][1][safepoint    ] Total time for which application threads were stopped: 0.0099989 seconds, Stopping threads took: 0.0002656 seconds
[2022-06-13T01:30:03.003+0000][1][gc           ] GC(9) Concurrent Abortable Preclean 248.310ms
[2022-06-13T01:30:03.003+0000][1][gc,cpu       ] GC(9) User=1.15s Sys=0.03s Real=0.25s
[2022-06-13T01:30:03.003+0000][1][safepoint    ] Application time: 0.0005879 seconds
[2022-06-13T01:30:03.004+0000][1][safepoint    ] Entering safepoint region: CMS_Final_Remark
[2022-06-13T01:30:03.004+0000][1][gc,start     ] GC(9) Pause Remark
[2022-06-13T01:30:03.014+0000][1][gc           ] GC(9) Pause Remark 20M->20M(247M) 10.448ms
[2022-06-13T01:30:03.015+0000][1][gc,cpu       ] GC(9) User=0.04s Sys=0.00s Real=0.01s
[2022-06-13T01:30:03.015+0000][1][safepoint    ] Leaving safepoint region
[2022-06-13T01:30:03.015+0000][1][safepoint    ] Total time for which application threads were stopped: 0.0115907 seconds, Stopping threads took: 0.0003212 seconds
[2022-06-13T01:30:03.015+0000][1][gc           ] GC(9) Concurrent Sweep
[2022-06-13T01:30:03.022+0000][1][gc           ] GC(9) Concurrent Sweep 6.677ms
[2022-06-13T01:30:03.023+0000][1][gc,cpu       ] GC(9) User=0.03s Sys=0.00s Real=0.01s
[2022-06-13T01:30:03.023+0000][1][gc           ] GC(9) Concurrent Reset
[2022-06-13T01:30:03.024+0000][1][gc           ] GC(9) Concurrent Reset 1.041ms
[2022-06-13T01:30:03.024+0000][1][gc,cpu       ] GC(9) User=0.01s Sys=0.00s Real=0.00s
[2022-06-13T01:30:03.025+0000][1][gc,heap      ] GC(9) Old: 11293K->13982K(174784K)
[2022-06-13T01:30:03.497+0000][1][safepoint    ] Application time: 0.4815209 seconds
[2022-06-13T01:30:03.497+0000][1][safepoint    ] Entering safepoint region: Deoptimize
[2022-06-13T01:30:03.499+0000][1][safepoint    ] Leaving safepoint region
[2022-06-13T01:30:03.499+0000][1][safepoint    ] Total time for which application threads were stopped: 0.0021194 seconds, Stopping threads took: 0.0002447 seconds
[2022-06-13T01:30:03.609+0000][1][safepoint    ] Application time: 0.1092635 seconds
[2022-06-13T01:30:03.610+0000][1][safepoint    ] Entering safepoint region: Deoptimize
[2022-06-13T01:30:03.610+0000][1][safepoint    ] Leaving safepoint region
[2022-06-13T01:30:03.611+0000][1][safepoint    ] Total time for which application threads were stopped: 0.0011705 seconds, Stopping threads took: 0.0003678 seconds
[2022-06-13T01:30:03.612+0000][1][safepoint    ] Application time: 0.0006061 seconds
[2022-06-13T01:30:03.612+0000][1][safepoint    ] Entering safepoint region: Deoptimize
[2022-06-13T01:30:03.613+0000][1][safepoint    ] Leaving safepoint region
[2022-06-13T01:30:03.613+0000][1][safepoint    ] Total time for which application threads were stopped: 0.0010321 seconds, Stopping threads took: 0.0003539 seconds
[2022-06-13T01:30:03.626+0000][1][safepoint    ] Application time: 0.0127350 seconds
[2022-06-13T01:30:03.627+0000][1][safepoint    ] Entering safepoint region: RevokeBias
[2022-06-13T01:30:03.627+0000][1][safepoint    ] Leaving safepoint region
[2022-06-13T01:30:03.627+0000][1][safepoint    ] Total time for which application threads were stopped: 0.0005524 seconds, Stopping threads took: 0.0002892 seconds
[2022-06-13T01:30:03.628+0000][1][safepoint    ] Application time: 0.0006080 seconds
[2022-06-13T01:30:03.628+0000][1][safepoint    ] Entering safepoint region: Deoptimize
[2022-06-13T01:30:03.629+0000][1][safepoint    ] Leaving safepoint region
[2022-06-13T01:30:03.629+0000][1][safepoint    ] Total time for which application threads were stopped: 0.0009993 seconds, Stopping threads took: 0.0002560 seconds
[2022-06-13T01:30:03.636+0000][1][safepoint    ] Application time: 0.0058447 seconds
[2022-06-13T01:30:03.636+0000][1][safepoint    ] Entering safepoint region: Deoptimize
[2022-06-13T01:30:03.637+0000][1][safepoint    ] Leaving safepoint region
[2022-06-13T01:30:03.637+0000][1][safepoint    ] Total time for which application threads were stopped: 0.0011166 seconds, Stopping threads took: 0.0003222 seconds
[2022-06-13T01:30:03.721+0000][1][safepoint    ] Application time: 0.0837410 seconds
[2022-06-13T01:30:03.722+0000][1][safepoint    ] Entering safepoint region: GenCollectForAllocation
[2022-06-13T01:30:03.722+0000][1][gc,start     ] GC(12) Pause Young (Allocation Failure)
[2022-06-13T01:30:03.722+0000][1][gc,task      ] GC(12) Using 5 workers of 13 for evacuation
[2022-06-13T01:30:03.727+0000][1][gc,age       ] GC(12) Desired survivor size 4456448 bytes, new threshold 6 (max threshold 6)
[2022-06-13T01:30:03.727+0000][1][gc,age       ] GC(12) Age table with threshold 6 (max threshold 6)
[2022-06-13T01:30:03.728+0000][1][gc,age       ] GC(12) - age   1:    2752200 bytes,    2752200 total
[2022-06-13T01:30:03.728+0000][1][gc,age       ] GC(12) - age   2:     345008 bytes,    3097208 total
[2022-06-13T01:30:03.728+0000][1][gc,age       ] GC(12) - age   3:     129576 bytes,    3226784 total
[2022-06-13T01:30:03.728+0000][1][gc,age       ] GC(12) - age   4:     489224 bytes,    3716008 total
[2022-06-13T01:30:03.728+0000][1][gc,age       ] GC(12) - age   5:     474536 bytes,    4190544 total
[2022-06-13T01:30:03.729+0000][1][gc,age       ] GC(12) - age   6:    1141168 bytes,    5331712 total
[2022-06-13T01:30:03.729+0000][1][gc,heap      ] GC(12) ParNew: 75393K->7813K(78656K)
[2022-06-13T01:30:03.729+0000][1][gc,heap      ] GC(12) CMS: 13982K->13982K(174784K)
[2022-06-13T01:30:03.729+0000][1][gc,metaspace ] GC(12) Metaspace: 26418K->26418K(1073152K)
[2022-06-13T01:30:03.729+0000][1][gc           ] GC(12) Pause Young (Allocation Failure) 87M->21M(247M) 7.554ms
[2022-06-13T01:30:03.730+0000][1][gc,cpu       ] GC(12) User=0.04s Sys=0.00s Real=0.01s
[2022-06-13T01:30:03.730+0000][1][safepoint    ] Leaving safepoint region
[2022-06-13T01:30:03.730+0000][1][safepoint    ] Total time for which application threads were stopped: 0.0087235 seconds, Stopping threads took: 0.0003329 seconds
[2022-06-13T01:30:04.132+0000][1][safepoint    ] Application time: 0.4019023 seconds
[2022-06-13T01:30:04.133+0000][1][safepoint    ] Entering safepoint region: RevokeBias
[2022-06-13T01:30:04.134+0000][1][safepoint    ] Leaving safepoint region
[2022-06-13T01:30:04.134+0000][1][safepoint    ] Total time for which application threads were stopped: 0.0012239 seconds, Stopping threads took: 0.0004210 seconds
[2022-06-13T01:30:04.769+0000][1][safepoint    ] Application time: 0.6351263 seconds
[2022-06-13T01:30:04.788+0000][1][safepoint    ] Entering safepoint region: GenCollectForAllocation
[2022-06-13T01:30:04.791+0000][1][gc,start     ] GC(13) Pause Young (Allocation Failure)
[2022-06-13T01:30:04.792+0000][1][gc,task      ] GC(13) Using 5 workers of 13 for evacuation
[2022-06-13T01:30:04.833+0000][1][gc,age       ] GC(13) Desired survivor size 4456448 bytes, new threshold 1 (max threshold 6)
[2022-06-13T01:30:04.833+0000][1][gc,age       ] GC(13) Age table with threshold 1 (max threshold 6)
[2022-06-13T01:30:04.834+0000][1][gc,age       ] GC(13) - age   1:    4994632 bytes,    4994632 total
[2022-06-13T01:30:04.834+0000][1][gc,age       ] GC(13) - age   2:    2479944 bytes,    7474576 total
[2022-06-13T01:30:04.834+0000][1][gc,age       ] GC(13) - age   3:     344744 bytes,    7819320 total
[2022-06-13T01:30:04.834+0000][1][gc,age       ] GC(13) - age   4:     129544 bytes,    7948864 total
[2022-06-13T01:30:04.834+0000][1][gc,age       ] GC(13) - age   5:     489224 bytes,    8438088 total
[2022-06-13T01:30:04.835+0000][1][gc,age       ] GC(13) - age   6:     474536 bytes,    8912624 total
[2022-06-13T01:30:04.835+0000][1][gc,heap      ] GC(13) ParNew: 77765K->8704K(78656K)
[2022-06-13T01:30:04.836+0000][1][gc,heap      ] GC(13) CMS: 13982K->25811K(174784K)
[2022-06-13T01:30:04.841+0000][1][gc,metaspace ] GC(13) Metaspace: 27136K->27136K(1075200K)
[2022-06-13T01:30:04.841+0000][1][gc           ] GC(13) Pause Young (Allocation Failure) 89M->33M(247M) 50.353ms
[2022-06-13T01:30:04.842+0000][1][gc,cpu       ] GC(13) User=0.40s Sys=0.00s Real=0.05s
[2022-06-13T01:30:04.842+0000][1][safepoint    ] Leaving safepoint region
[2022-06-13T01:30:04.842+0000][1][safepoint    ] Total time for which application threads were stopped: 0.0539379 seconds, Stopping threads took: 0.0025482 seconds
[2022-06-13T01:30:04.886+0000][1][safepoint    ] Application time: 0.0429891 seconds
[2022-06-13T01:30:04.890+0000][1][safepoint    ] Entering safepoint region: Deoptimize
[2022-06-13T01:30:04.893+0000][1][safepoint    ] Leaving safepoint region
[2022-06-13T01:30:04.894+0000][1][safepoint    ] Total time for which application threads were stopped: 0.0038692 seconds, Stopping threads took: 0.0018371 seconds
[2022-06-13T01:30:05.441+0000][1][safepoint    ] Application time: 0.5452123 seconds
[2022-06-13T01:30:05.442+0000][1][safepoint    ] Entering safepoint region: GenCollectForAllocation
[2022-06-13T01:30:05.443+0000][1][gc,start     ] GC(14) Pause Young (Allocation Failure)
[2022-06-13T01:30:05.443+0000][1][gc,task      ] GC(14) Using 5 workers of 13 for evacuation
[2022-06-13T01:30:05.470+0000][1][gc,age       ] GC(14) Desired survivor size 4456448 bytes, new threshold 1 (max threshold 6)
[2022-06-13T01:30:05.470+0000][1][gc,age       ] GC(14) Age table with threshold 1 (max threshold 6)
[2022-06-13T01:30:05.471+0000][1][gc,age       ] GC(14) - age   1:    8912712 bytes,    8912712 total
[2022-06-13T01:30:05.471+0000][1][gc,heap      ] GC(14) ParNew: 78656K->8704K(78656K)
[2022-06-13T01:30:05.472+0000][1][gc,heap      ] GC(14) CMS: 25811K->38941K(174784K)
[2022-06-13T01:30:05.472+0000][1][gc,metaspace ] GC(14) Metaspace: 27271K->27271K(1075200K)
[2022-06-13T01:30:05.472+0000][1][gc           ] GC(14) Pause Young (Allocation Failure) 102M->46M(247M) 29.735ms
[2022-06-13T01:30:05.473+0000][1][gc,cpu       ] GC(14) User=0.21s Sys=0.00s Real=0.03s
[2022-06-13T01:30:05.474+0000][1][safepoint    ] Leaving safepoint region
[2022-06-13T01:30:05.474+0000][1][safepoint    ] Total time for which application threads were stopped: 0.0324723 seconds, Stopping threads took: 0.0006528 seconds
[2022-06-13T01:30:05.726+0000][1][safepoint    ] Application time: 0.2514483 seconds
[2022-06-13T01:30:05.726+0000][1][safepoint    ] Entering safepoint region: RevokeBias
[2022-06-13T01:30:05.727+0000][1][safepoint    ] Leaving safepoint region
[2022-06-13T01:30:05.727+0000][1][safepoint    ] Total time for which application threads were stopped: 0.0006003 seconds, Stopping threads took: 0.0002573 seconds
[2022-06-13T01:30:05.973+0000][1][safepoint    ] Application time: 0.2453721 seconds
[2022-06-13T01:30:05.974+0000][1][safepoint    ] Entering safepoint region: RevokeBias
[2022-06-13T01:30:05.974+0000][1][safepoint    ] Leaving safepoint region
[2022-06-13T01:30:05.975+0000][1][safepoint    ] Total time for which application threads were stopped: 0.0013770 seconds, Stopping threads took: 0.0006873 seconds
[2022-06-13T01:30:05.980+0000][1][safepoint    ] Application time: 0.0044565 seconds
[2022-06-13T01:30:05.981+0000][1][safepoint    ] Entering safepoint region: RevokeBias
[2022-06-13T01:30:05.981+0000][1][safepoint    ] Leaving safepoint region
[2022-06-13T01:30:05.981+0000][1][safepoint    ] Total time for which application threads were stopped: 0.0008634 seconds, Stopping threads took: 0.0004371 seconds
[2022-06-13T01:30:06.147+0000][1][safepoint    ] Application time: 0.1647139 seconds
[2022-06-13T01:30:06.147+0000][1][safepoint    ] Entering safepoint region: GenCollectForAllocation
[2022-06-13T01:30:06.148+0000][1][gc,start     ] GC(15) Pause Young (Allocation Failure)
[2022-06-13T01:30:06.148+0000][1][gc,task      ] GC(15) Using 5 workers of 13 for evacuation
[2022-06-13T01:30:06.168+0000][1][gc,age       ] GC(15) Desired survivor size 4456448 bytes, new threshold 1 (max threshold 6)
[2022-06-13T01:30:06.169+0000][1][gc,age       ] GC(15) Age table with threshold 1 (max threshold 6)
[2022-06-13T01:30:06.169+0000][1][gc,age       ] GC(15) - age   1:    6550888 bytes,    6550888 total
[2022-06-13T01:30:06.170+0000][1][gc,heap      ] GC(15) ParNew: 78656K->8704K(78656K)
[2022-06-13T01:30:06.171+0000][1][gc,heap      ] GC(15) CMS: 38941K->49073K(174784K)
[2022-06-13T01:30:06.172+0000][1][gc,metaspace ] GC(15) Metaspace: 31931K->31931K(1079296K)
[2022-06-13T01:30:06.172+0000][1][gc           ] GC(15) Pause Young (Allocation Failure) 114M->56M(247M) 24.812ms
[2022-06-13T01:30:06.173+0000][1][gc,cpu       ] GC(15) User=0.16s Sys=0.00s Real=0.03s
[2022-06-13T01:30:06.174+0000][1][safepoint    ] Leaving safepoint region
[2022-06-13T01:30:06.174+0000][1][safepoint    ] Total time for which application threads were stopped: 0.0270185 seconds, Stopping threads took: 0.0003338 seconds
[2022-06-13T01:30:06.248+0000][1][safepoint    ] Application time: 0.0731520 seconds
[2022-06-13T01:30:06.248+0000][1][safepoint    ] Entering safepoint region: RevokeBias
[2022-06-13T01:30:06.249+0000][1][safepoint    ] Leaving safepoint region
[2022-06-13T01:30:06.249+0000][1][safepoint    ] Total time for which application threads were stopped: 0.0006878 seconds, Stopping threads took: 0.0004155 seconds
[2022-06-13T01:30:06.358+0000][1][safepoint    ] Application time: 0.1094321 seconds
[2022-06-13T01:30:06.359+0000][1][safepoint    ] Entering safepoint region: GenCollectForAllocation
[2022-06-13T01:30:06.360+0000][1][gc,start     ] GC(16) Pause Young (Allocation Failure)
[2022-06-13T01:30:06.360+0000][1][gc,task      ] GC(16) Using 5 workers of 13 for evacuation
[2022-06-13T01:30:06.369+0000][1][gc,age       ] GC(16) Desired survivor size 4456448 bytes, new threshold 6 (max threshold 6)
[2022-06-13T01:30:06.369+0000][1][gc,age       ] GC(16) Age table with threshold 6 (max threshold 6)
[2022-06-13T01:30:06.370+0000][1][gc,age       ] GC(16) - age   1:     402776 bytes,     402776 total
[2022-06-13T01:30:06.370+0000][1][gc,heap      ] GC(16) ParNew: 78656K->6913K(78656K)
[2022-06-13T01:30:06.371+0000][1][gc,heap      ] GC(16) CMS: 49073K->55486K(174784K)
[2022-06-13T01:30:06.371+0000][1][gc,metaspace ] GC(16) Metaspace: 33009K->33009K(1079296K)
[2022-06-13T01:30:06.372+0000][1][gc           ] GC(16) Pause Young (Allocation Failure) 124M->60M(247M) 11.686ms
[2022-06-13T01:30:06.372+0000][1][gc,cpu       ] GC(16) User=0.04s Sys=0.01s Real=0.01s
[2022-06-13T01:30:06.372+0000][1][safepoint    ] Leaving safepoint region
[2022-06-13T01:30:06.373+0000][1][safepoint    ] Total time for which application threads were stopped: 0.0133537 seconds, Stopping threads took: 0.0005295 seconds
[2022-06-13T01:30:06.609+0000][1][safepoint    ] Application time: 0.2355012 seconds
[2022-06-13T01:30:06.609+0000][1][safepoint    ] Entering safepoint region: CollectForMetadataAllocation
[2022-06-13T01:30:06.610+0000][1][safepoint    ] Leaving safepoint region
[2022-06-13T01:30:06.610+0000][1][safepoint    ] Total time for which application threads were stopped: 0.0010993 seconds, Stopping threads took: 0.0003484 seconds
[2022-06-13T01:30:06.650+0000][1][safepoint    ] Application time: 0.0389856 seconds
[2022-06-13T01:30:06.650+0000][1][safepoint    ] Entering safepoint region: CollectForMetadataAllocation
[2022-06-13T01:30:06.651+0000][1][safepoint    ] Leaving safepoint region
[2022-06-13T01:30:06.651+0000][1][safepoint    ] Total time for which application threads were stopped: 0.0009266 seconds, Stopping threads took: 0.0005008 seconds
[2022-06-13T01:30:06.669+0000][1][safepoint    ] Application time: 0.0176396 seconds
[2022-06-13T01:30:06.670+0000][1][safepoint    ] Entering safepoint region: CollectForMetadataAllocation
[2022-06-13T01:30:06.670+0000][1][safepoint    ] Leaving safepoint region
[2022-06-13T01:30:06.670+0000][1][safepoint    ] Total time for which application threads were stopped: 0.0006138 seconds, Stopping threads took: 0.0002265 seconds
[2022-06-13T01:30:06.690+0000][1][safepoint    ] Application time: 0.0191294 seconds
[2022-06-13T01:30:06.691+0000][1][safepoint    ] Entering safepoint region: CollectForMetadataAllocation
[2022-06-13T01:30:06.691+0000][1][safepoint    ] Leaving safepoint region
[2022-06-13T01:30:06.691+0000][1][safepoint    ] Total time for which application threads were stopped: 0.0006729 seconds, Stopping threads took: 0.0002559 seconds
[2022-06-13T01:30:06.718+0000][1][safepoint    ] Application time: 0.0268929 seconds
[2022-06-13T01:30:06.719+0000][1][safepoint    ] Entering safepoint region: CollectForMetadataAllocation
[2022-06-13T01:30:06.720+0000][1][safepoint    ] Leaving safepoint region
[2022-06-13T01:30:06.721+0000][1][safepoint    ] Total time for which application threads were stopped: 0.0023347 seconds, Stopping threads took: 0.0003149 seconds
[2022-06-13T01:30:06.755+0000][1][safepoint    ] Application time: 0.0339791 seconds
[2022-06-13T01:30:06.756+0000][1][safepoint    ] Entering safepoint region: CollectForMetadataAllocation
[2022-06-13T01:30:06.756+0000][1][safepoint    ] Leaving safepoint region
[2022-06-13T01:30:06.757+0000][1][safepoint    ] Total time for which application threads were stopped: 0.0008251 seconds, Stopping threads took: 0.0003447 seconds
[2022-06-13T01:30:06.786+0000][1][safepoint    ] Application time: 0.0293237 seconds
[2022-06-13T01:30:06.787+0000][1][safepoint    ] Entering safepoint region: CollectForMetadataAllocation
[2022-06-13T01:30:06.788+0000][1][safepoint    ] Leaving safepoint region
[2022-06-13T01:30:06.789+0000][1][safepoint    ] Total time for which application threads were stopped: 0.0018007 seconds, Stopping threads took: 0.0006463 seconds
[2022-06-13T01:30:06.813+0000][1][safepoint    ] Application time: 0.0244664 seconds
[2022-06-13T01:30:06.814+0000][1][safepoint    ] Entering safepoint region: CollectForMetadataAllocation
[2022-06-13T01:30:06.815+0000][1][safepoint    ] Leaving safepoint region
[2022-06-13T01:30:06.815+0000][1][safepoint    ] Total time for which application threads were stopped: 0.0010999 seconds, Stopping threads took: 0.0004217 seconds
[2022-06-13T01:30:06.841+0000][1][safepoint    ] Application time: 0.0249730 seconds
[2022-06-13T01:30:06.841+0000][1][safepoint    ] Entering safepoint region: CollectForMetadataAllocation
[2022-06-13T01:30:06.842+0000][1][safepoint    ] Leaving safepoint region
[2022-06-13T01:30:06.842+0000][1][safepoint    ] Total time for which application threads were stopped: 0.0009008 seconds, Stopping threads took: 0.0003823 seconds
[2022-06-13T01:30:06.861+0000][1][safepoint    ] Application time: 0.0185826 seconds
[2022-06-13T01:30:06.861+0000][1][safepoint    ] Entering safepoint region: RevokeBias
[2022-06-13T01:30:06.862+0000][1][safepoint    ] Leaving safepoint region
[2022-06-13T01:30:06.862+0000][1][safepoint    ] Total time for which application threads were stopped: 0.0004300 seconds, Stopping threads took: 0.0001813 seconds
[2022-06-13T01:30:06.863+0000][1][safepoint    ] Application time: 0.0004558 seconds
[2022-06-13T01:30:06.863+0000][1][safepoint    ] Entering safepoint region: CollectForMetadataAllocation
[2022-06-13T01:30:06.863+0000][1][safepoint    ] Leaving safepoint region
[2022-06-13T01:30:06.864+0000][1][safepoint    ] Total time for which application threads were stopped: 0.0007283 seconds, Stopping threads took: 0.0002336 seconds
[2022-06-13T01:30:06.895+0000][1][safepoint    ] Application time: 0.0312022 seconds
[2022-06-13T01:30:06.895+0000][1][safepoint    ] Entering safepoint region: CollectForMetadataAllocation
[2022-06-13T01:30:06.896+0000][1][safepoint    ] Leaving safepoint region
[2022-06-13T01:30:06.896+0000][1][safepoint    ] Total time for which application threads were stopped: 0.0008203 seconds, Stopping threads took: 0.0002775 seconds
[2022-06-13T01:30:06.923+0000][1][safepoint    ] Application time: 0.0271023 seconds
[2022-06-13T01:30:06.924+0000][1][safepoint    ] Entering safepoint region: CollectForMetadataAllocation
[2022-06-13T01:30:06.925+0000][1][safepoint    ] Leaving safepoint region
[2022-06-13T01:30:06.925+0000][1][safepoint    ] Total time for which application threads were stopped: 0.0012931 seconds, Stopping threads took: 0.0005752 seconds
[2022-06-13T01:30:06.948+0000][1][safepoint    ] Application time: 0.0216834 seconds
[2022-06-13T01:30:06.948+0000][1][safepoint    ] Entering safepoint region: CollectForMetadataAllocation
[2022-06-13T01:30:06.949+0000][1][safepoint    ] Leaving safepoint region
[2022-06-13T01:30:06.950+0000][1][safepoint    ] Total time for which application threads were stopped: 0.0014937 seconds, Stopping threads took: 0.0006179 seconds
[2022-06-13T01:30:06.965+0000][1][safepoint    ] Application time: 0.0148810 seconds
[2022-06-13T01:30:06.966+0000][1][safepoint    ] Entering safepoint region: CollectForMetadataAllocation
[2022-06-13T01:30:06.966+0000][1][safepoint    ] Leaving safepoint region
[2022-06-13T01:30:06.967+0000][1][safepoint    ] Total time for which application threads were stopped: 0.0016875 seconds, Stopping threads took: 0.0003775 seconds
[2022-06-13T01:30:06.987+0000][1][safepoint    ] Application time: 0.0185372 seconds
[2022-06-13T01:30:06.987+0000][1][safepoint    ] Entering safepoint region: CollectForMetadataAllocation
[2022-06-13T01:30:06.988+0000][1][safepoint    ] Leaving safepoint region
[2022-06-13T01:30:06.989+0000][1][safepoint    ] Total time for which application threads were stopped: 0.0017185 seconds, Stopping threads took: 0.0006779 seconds
[2022-06-13T01:30:07.038+0000][1][safepoint    ] Application time: 0.0483988 seconds
[2022-06-13T01:30:07.039+0000][1][safepoint    ] Entering safepoint region: CollectForMetadataAllocation
[2022-06-13T01:30:07.039+0000][1][safepoint    ] Leaving safepoint region
[2022-06-13T01:30:07.040+0000][1][safepoint    ] Total time for which application threads were stopped: 0.0013120 seconds, Stopping threads took: 0.0004590 seconds
[2022-06-13T01:30:07.089+0000][1][safepoint    ] Application time: 0.0489567 seconds
[2022-06-13T01:30:07.090+0000][1][safepoint    ] Entering safepoint region: CollectForMetadataAllocation
[2022-06-13T01:30:07.090+0000][1][safepoint    ] Leaving safepoint region
[2022-06-13T01:30:07.090+0000][1][safepoint    ] Total time for which application threads were stopped: 0.0005833 seconds, Stopping threads took: 0.0002188 seconds
[2022-06-13T01:30:07.125+0000][1][safepoint    ] Application time: 0.0343517 seconds
[2022-06-13T01:30:07.125+0000][1][safepoint    ] Entering safepoint region: CollectForMetadataAllocation
[2022-06-13T01:30:07.126+0000][1][safepoint    ] Leaving safepoint region
[2022-06-13T01:30:07.126+0000][1][safepoint    ] Total time for which application threads were stopped: 0.0006604 seconds, Stopping threads took: 0.0002813 seconds
[2022-06-13T01:30:07.160+0000][1][safepoint    ] Application time: 0.0340757 seconds
[2022-06-13T01:30:07.161+0000][1][safepoint    ] Entering safepoint region: CollectForMetadataAllocation
[2022-06-13T01:30:07.161+0000][1][safepoint    ] Leaving safepoint region
[2022-06-13T01:30:07.161+0000][1][safepoint    ] Total time for which application threads were stopped: 0.0008060 seconds, Stopping threads took: 0.0002745 seconds
[2022-06-13T01:30:07.193+0000][1][safepoint    ] Application time: 0.0314637 seconds
[2022-06-13T01:30:07.194+0000][1][safepoint    ] Entering safepoint region: CollectForMetadataAllocation
[2022-06-13T01:30:07.194+0000][1][safepoint    ] Leaving safepoint region
[2022-06-13T01:30:07.194+0000][1][safepoint    ] Total time for which application threads were stopped: 0.0007635 seconds, Stopping threads took: 0.0002876 seconds
[2022-06-13T01:30:07.221+0000][1][safepoint    ] Application time: 0.0265244 seconds
[2022-06-13T01:30:07.222+0000][1][safepoint    ] Entering safepoint region: CollectForMetadataAllocation
[2022-06-13T01:30:07.222+0000][1][safepoint    ] Leaving safepoint region
[2022-06-13T01:30:07.222+0000][1][safepoint    ] Total time for which application threads were stopped: 0.0007073 seconds, Stopping threads took: 0.0003069 seconds
[2022-06-13T01:30:07.246+0000][1][safepoint    ] Application time: 0.0227699 seconds
[2022-06-13T01:30:07.246+0000][1][safepoint    ] Entering safepoint region: CollectForMetadataAllocation
[2022-06-13T01:30:07.247+0000][1][safepoint    ] Leaving safepoint region
[2022-06-13T01:30:07.247+0000][1][safepoint    ] Total time for which application threads were stopped: 0.0010274 seconds, Stopping threads took: 0.0002957 seconds
[2022-06-13T01:30:07.292+0000][1][safepoint    ] Application time: 0.0441011 seconds
[2022-06-13T01:30:07.292+0000][1][safepoint    ] Entering safepoint region: CollectForMetadataAllocation
[2022-06-13T01:30:07.292+0000][1][safepoint    ] Leaving safepoint region
[2022-06-13T01:30:07.293+0000][1][safepoint    ] Total time for which application threads were stopped: 0.0006850 seconds, Stopping threads took: 0.0002230 seconds
[2022-06-13T01:30:07.320+0000][1][safepoint    ] Application time: 0.0273013 seconds
[2022-06-13T01:30:07.321+0000][1][safepoint    ] Entering safepoint region: CollectForMetadataAllocation
[2022-06-13T01:30:07.322+0000][1][safepoint    ] Leaving safepoint region
[2022-06-13T01:30:07.322+0000][1][safepoint    ] Total time for which application threads were stopped: 0.0007272 seconds, Stopping threads took: 0.0002837 seconds
[2022-06-13T01:30:07.371+0000][1][safepoint    ] Application time: 0.0486278 seconds
[2022-06-13T01:30:07.371+0000][1][safepoint    ] Entering safepoint region: CollectForMetadataAllocation
[2022-06-13T01:30:07.372+0000][1][safepoint    ] Leaving safepoint region
[2022-06-13T01:30:07.373+0000][1][safepoint    ] Total time for which application threads were stopped: 0.0017119 seconds, Stopping threads took: 0.0003194 seconds
[2022-06-13T01:30:07.407+0000][1][safepoint    ] Application time: 0.0339283 seconds
[2022-06-13T01:30:07.407+0000][1][safepoint    ] Entering safepoint region: CollectForMetadataAllocation
[2022-06-13T01:30:07.408+0000][1][safepoint    ] Leaving safepoint region
[2022-06-13T01:30:07.408+0000][1][safepoint    ] Total time for which application threads were stopped: 0.0008275 seconds, Stopping threads took: 0.0003385 seconds
[2022-06-13T01:30:07.424+0000][1][safepoint    ] Application time: 0.0158882 seconds
[2022-06-13T01:30:07.425+0000][1][safepoint    ] Entering safepoint region: RevokeBias
[2022-06-13T01:30:07.425+0000][1][safepoint    ] Leaving safepoint region
[2022-06-13T01:30:07.426+0000][1][safepoint    ] Total time for which application threads were stopped: 0.0007450 seconds, Stopping threads took: 0.0004157 seconds
[2022-06-13T01:30:07.435+0000][1][safepoint    ] Application time: 0.0090462 seconds
[2022-06-13T01:30:07.435+0000][1][safepoint    ] Entering safepoint region: CollectForMetadataAllocation
[2022-06-13T01:30:07.436+0000][1][safepoint    ] Leaving safepoint region
[2022-06-13T01:30:07.436+0000][1][safepoint    ] Total time for which application threads were stopped: 0.0009617 seconds, Stopping threads took: 0.0003548 seconds
[2022-06-13T01:30:07.845+0000][1][safepoint    ] Application time: 0.4078593 seconds
[2022-06-13T01:30:07.845+0000][1][safepoint    ] Entering safepoint region: CollectForMetadataAllocation
[2022-06-13T01:30:07.846+0000][1][safepoint    ] Leaving safepoint region
[2022-06-13T01:30:07.847+0000][1][safepoint    ] Total time for which application threads were stopped: 0.0016600 seconds, Stopping threads took: 0.0002398 seconds
[2022-06-13T01:30:08.218+0000][1][safepoint    ] Application time: 0.3709344 seconds
[2022-06-13T01:30:08.218+0000][1][safepoint    ] Entering safepoint region: CollectForMetadataAllocation
[2022-06-13T01:30:08.219+0000][1][safepoint    ] Leaving safepoint region
[2022-06-13T01:30:08.219+0000][1][safepoint    ] Total time for which application threads were stopped: 0.0009893 seconds, Stopping threads took: 0.0003473 seconds
[2022-06-13T01:30:08.239+0000][1][safepoint    ] Application time: 0.0195991 seconds
[2022-06-13T01:30:08.240+0000][1][safepoint    ] Entering safepoint region: GenCollectForAllocation
[2022-06-13T01:30:08.241+0000][1][gc,start     ] GC(17) Pause Young (Allocation Failure)
[2022-06-13T01:30:08.241+0000][1][gc,task      ] GC(17) Using 5 workers of 13 for evacuation
[2022-06-13T01:30:08.248+0000][1][gc,age       ] GC(17) Desired survivor size 4456448 bytes, new threshold 6 (max threshold 6)
[2022-06-13T01:30:08.248+0000][1][gc,age       ] GC(17) Age table with threshold 6 (max threshold 6)
[2022-06-13T01:30:08.249+0000][1][gc,age       ] GC(17) - age   1:    3977288 bytes,    3977288 total
[2022-06-13T01:30:08.250+0000][1][gc,age       ] GC(17) - age   2:     362048 bytes,    4339336 total
[2022-06-13T01:30:08.250+0000][1][gc,heap      ] GC(17) ParNew: 76865K->4685K(78656K)
[2022-06-13T01:30:08.251+0000][1][gc,heap      ] GC(17) CMS: 55486K->55486K(174784K)
[2022-06-13T01:30:08.251+0000][1][gc,metaspace ] GC(17) Metaspace: 42474K->42474K(1089536K)
[2022-06-13T01:30:08.252+0000][1][gc           ] GC(17) Pause Young (Allocation Failure) 129M->58M(247M) 11.485ms
[2022-06-13T01:30:08.253+0000][1][gc,cpu       ] GC(17) User=0.03s Sys=0.00s Real=0.01s
[2022-06-13T01:30:08.254+0000][1][safepoint    ] Leaving safepoint region
[2022-06-13T01:30:08.255+0000][1][safepoint    ] Total time for which application threads were stopped: 0.0146651 seconds, Stopping threads took: 0.0006698 seconds
[2022-06-13T01:30:08.255+0000][1][safepoint    ] Application time: 0.0003845 seconds
[2022-06-13T01:30:08.256+0000][1][safepoint    ] Entering safepoint region: CMS_Initial_Mark
[2022-06-13T01:30:08.257+0000][1][gc,start     ] GC(18) Pause Initial Mark
[2022-06-13T01:30:08.260+0000][1][gc           ] GC(18) Pause Initial Mark 60M->60M(247M) 2.816ms
[2022-06-13T01:30:08.261+0000][1][gc,cpu       ] GC(18) User=0.01s Sys=0.00s Real=0.01s
[2022-06-13T01:30:08.261+0000][1][safepoint    ] Leaving safepoint region
[2022-06-13T01:30:08.262+0000][1][safepoint    ] Total time for which application threads were stopped: 0.0064456 seconds, Stopping threads took: 0.0010667 seconds
[2022-06-13T01:30:08.263+0000][1][gc           ] GC(18) Concurrent Mark
[2022-06-13T01:30:08.263+0000][1][gc,task      ] GC(18) Using 4 workers of 4 for marking
[2022-06-13T01:30:08.277+0000][1][safepoint    ] Application time: 0.0146178 seconds
[2022-06-13T01:30:08.278+0000][1][safepoint    ] Entering safepoint region: CollectForMetadataAllocation
[2022-06-13T01:30:08.279+0000][1][safepoint    ] Leaving safepoint region
[2022-06-13T01:30:08.279+0000][1][safepoint    ] Total time for which application threads were stopped: 0.0011999 seconds, Stopping threads took: 0.0006412 seconds
[2022-06-13T01:30:08.301+0000][1][gc           ] GC(18) Concurrent Mark 37.626ms
[2022-06-13T01:30:08.301+0000][1][gc,cpu       ] GC(18) User=0.20s Sys=0.01s Real=0.04s
[2022-06-13T01:30:08.301+0000][1][gc           ] GC(18) Concurrent Preclean
[2022-06-13T01:30:08.304+0000][1][gc           ] GC(18) Concurrent Preclean 3.034ms
[2022-06-13T01:30:08.305+0000][1][gc,cpu       ] GC(18) User=0.02s Sys=0.00s Real=0.00s
[2022-06-13T01:30:08.305+0000][1][gc           ] GC(18) Concurrent Abortable Preclean
[2022-06-13T01:30:08.518+0000][1][safepoint    ] Application time: 0.2389743 seconds
[2022-06-13T01:30:08.519+0000][1][safepoint    ] Entering safepoint region: CollectForMetadataAllocation
[2022-06-13T01:30:08.519+0000][1][safepoint    ] Leaving safepoint region
[2022-06-13T01:30:08.520+0000][1][safepoint    ] Total time for which application threads were stopped: 0.0008828 seconds, Stopping threads took: 0.0003836 seconds
[2022-06-13T01:30:08.558+0000][1][safepoint    ] Application time: 0.0384213 seconds
[2022-06-13T01:30:08.559+0000][1][safepoint    ] Entering safepoint region: CollectForMetadataAllocation
[2022-06-13T01:30:08.560+0000][1][safepoint    ] Leaving safepoint region
[2022-06-13T01:30:08.560+0000][1][safepoint    ] Total time for which application threads were stopped: 0.0009911 seconds, Stopping threads took: 0.0004044 seconds
[2022-06-13T01:30:08.574+0000][1][safepoint    ] Application time: 0.0143943 seconds
[2022-06-13T01:30:08.575+0000][1][safepoint    ] Entering safepoint region: CollectForMetadataAllocation
[2022-06-13T01:30:08.575+0000][1][safepoint    ] Leaving safepoint region
[2022-06-13T01:30:08.575+0000][1][safepoint    ] Total time for which application threads were stopped: 0.0006256 seconds, Stopping threads took: 0.0002626 seconds
[2022-06-13T01:30:08.628+0000][1][safepoint    ] Application time: 0.0520663 seconds
[2022-06-13T01:30:08.628+0000][1][safepoint    ] Entering safepoint region: CollectForMetadataAllocation
[2022-06-13T01:30:08.629+0000][1][safepoint    ] Leaving safepoint region
[2022-06-13T01:30:08.629+0000][1][safepoint    ] Total time for which application threads were stopped: 0.0009945 seconds, Stopping threads took: 0.0003131 seconds
[2022-06-13T01:30:08.666+0000][1][safepoint    ] Application time: 0.0366113 seconds
[2022-06-13T01:30:08.667+0000][1][safepoint    ] Entering safepoint region: CollectForMetadataAllocation
[2022-06-13T01:30:08.668+0000][1][safepoint    ] Leaving safepoint region
[2022-06-13T01:30:08.668+0000][1][safepoint    ] Total time for which application threads were stopped: 0.0012211 seconds, Stopping threads took: 0.0005667 seconds
[2022-06-13T01:30:08.670+0000][1][gc           ] GC(18) Concurrent Abortable Preclean 365.117ms
[2022-06-13T01:30:08.671+0000][1][gc,cpu       ] GC(18) User=1.89s Sys=0.05s Real=0.37s
[2022-06-13T01:30:08.671+0000][1][safepoint    ] Application time: 0.0025878 seconds
[2022-06-13T01:30:08.671+0000][1][safepoint    ] Entering safepoint region: CMS_Final_Remark
[2022-06-13T01:30:08.672+0000][1][gc,start     ] GC(18) Pause Remark
[2022-06-13T01:30:08.696+0000][1][gc           ] GC(18) Pause Remark 94M->94M(247M) 24.246ms
[2022-06-13T01:30:08.696+0000][1][gc,cpu       ] GC(18) User=0.07s Sys=0.00s Real=0.02s
[2022-06-13T01:30:08.697+0000][1][safepoint    ] Leaving safepoint region
[2022-06-13T01:30:08.697+0000][1][safepoint    ] Total time for which application threads were stopped: 0.0256990 seconds, Stopping threads took: 0.0002912 seconds
[2022-06-13T01:30:08.698+0000][1][gc           ] GC(18) Concurrent Sweep
[2022-06-13T01:30:08.707+0000][1][safepoint    ] Application time: 0.0093742 seconds
[2022-06-13T01:30:08.707+0000][1][safepoint    ] Entering safepoint region: RevokeBias
[2022-06-13T01:30:08.709+0000][1][safepoint    ] Leaving safepoint region
[2022-06-13T01:30:08.709+0000][1][safepoint    ] Total time for which application threads were stopped: 0.0019830 seconds, Stopping threads took: 0.0003986 seconds
[2022-06-13T01:30:08.713+0000][1][safepoint    ] Application time: 0.0037418 seconds
[2022-06-13T01:30:08.714+0000][1][safepoint    ] Entering safepoint region: RevokeBias
[2022-06-13T01:30:08.714+0000][1][safepoint    ] Leaving safepoint region
[2022-06-13T01:30:08.714+0000][1][safepoint    ] Total time for which application threads were stopped: 0.0006498 seconds, Stopping threads took: 0.0003138 seconds
[2022-06-13T01:30:08.731+0000][1][gc           ] GC(18) Concurrent Sweep 33.331ms
[2022-06-13T01:30:08.731+0000][1][gc,cpu       ] GC(18) User=0.12s Sys=0.00s Real=0.04s
[2022-06-13T01:30:08.732+0000][1][gc           ] GC(18) Concurrent Reset
[2022-06-13T01:30:08.732+0000][1][gc           ] GC(18) Concurrent Reset 0.581ms
[2022-06-13T01:30:08.733+0000][1][gc,cpu       ] GC(18) User=0.00s Sys=0.00s Real=0.00s
[2022-06-13T01:30:08.733+0000][1][gc,heap      ] GC(18) Old: 55486K->55264K(174784K)
[2022-06-13T01:30:08.796+0000][1][safepoint    ] Application time: 0.0813680 seconds
[2022-06-13T01:30:08.796+0000][1][safepoint    ] Entering safepoint region: RevokeBias
[2022-06-13T01:30:08.797+0000][1][safepoint    ] Leaving safepoint region
[2022-06-13T01:30:08.797+0000][1][safepoint    ] Total time for which application threads were stopped: 0.0005852 seconds, Stopping threads took: 0.0002747 seconds
[2022-06-13T01:30:08.828+0000][1][safepoint    ] Application time: 0.0309222 seconds
[2022-06-13T01:30:08.828+0000][1][safepoint    ] Entering safepoint region: RevokeBias
[2022-06-13T01:30:08.829+0000][1][safepoint    ] Leaving safepoint region
[2022-06-13T01:30:08.829+0000][1][safepoint    ] Total time for which application threads were stopped: 0.0007181 seconds, Stopping threads took: 0.0003339 seconds
[2022-06-13T01:30:08.834+0000][1][safepoint    ] Application time: 0.0044662 seconds
[2022-06-13T01:30:08.834+0000][1][safepoint    ] Entering safepoint region: RevokeBias
[2022-06-13T01:30:08.835+0000][1][safepoint    ] Leaving safepoint region
[2022-06-13T01:30:08.835+0000][1][safepoint    ] Total time for which application threads were stopped: 0.0005117 seconds, Stopping threads took: 0.0002632 seconds
[2022-06-13T01:30:09.049+0000][1][safepoint    ] Application time: 0.2137756 seconds
[2022-06-13T01:30:09.049+0000][1][safepoint    ] Entering safepoint region: RevokeBias
[2022-06-13T01:30:09.050+0000][1][safepoint    ] Leaving safepoint region
[2022-06-13T01:30:09.050+0000][1][safepoint    ] Total time for which application threads were stopped: 0.0013921 seconds, Stopping threads took: 0.0003630 seconds
[2022-06-13T01:30:09.051+0000][1][safepoint    ] Application time: 0.0002456 seconds
[2022-06-13T01:30:09.052+0000][1][safepoint    ] Entering safepoint region: RevokeBias
[2022-06-13T01:30:09.052+0000][1][safepoint    ] Leaving safepoint region
[2022-06-13T01:30:09.052+0000][1][safepoint    ] Total time for which application threads were stopped: 0.0007067 seconds, Stopping threads took: 0.0004444 seconds
[2022-06-13T01:30:09.053+0000][1][safepoint    ] Application time: 0.0005547 seconds
[2022-06-13T01:30:09.053+0000][1][safepoint    ] Entering safepoint region: RevokeBias
[2022-06-13T01:30:09.054+0000][1][safepoint    ] Leaving safepoint region
[2022-06-13T01:30:09.054+0000][1][safepoint    ] Total time for which application threads were stopped: 0.0009352 seconds, Stopping threads took: 0.0005862 seconds
[2022-06-13T01:30:09.055+0000][1][safepoint    ] Application time: 0.0004677 seconds
[2022-06-13T01:30:09.055+0000][1][safepoint    ] Entering safepoint region: RevokeBias
[2022-06-13T01:30:09.056+0000][1][safepoint    ] Leaving safepoint region
[2022-06-13T01:30:09.056+0000][1][safepoint    ] Total time for which application threads were stopped: 0.0009357 seconds, Stopping threads took: 0.0004200 seconds
[2022-06-13T01:30:09.137+0000][1][safepoint    ] Application time: 0.0800512 seconds
[2022-06-13T01:30:09.137+0000][1][safepoint    ] Entering safepoint region: RevokeBias
[2022-06-13T01:30:09.138+0000][1][safepoint    ] Leaving safepoint region
[2022-06-13T01:30:09.138+0000][1][safepoint    ] Total time for which application threads were stopped: 0.0009709 seconds, Stopping threads took: 0.0005583 seconds
[2022-06-13T01:30:09.139+0000][1][safepoint    ] Application time: 0.0002404 seconds
[2022-06-13T01:30:09.139+0000][1][safepoint    ] Entering safepoint region: RevokeBias
[2022-06-13T01:30:09.140+0000][1][safepoint    ] Leaving safepoint region
[2022-06-13T01:30:09.140+0000][1][safepoint    ] Total time for which application threads were stopped: 0.0009094 seconds, Stopping threads took: 0.0005298 seconds
[2022-06-13T01:30:09.141+0000][1][safepoint    ] Application time: 0.0001925 seconds
[2022-06-13T01:30:09.141+0000][1][safepoint    ] Entering safepoint region: RevokeBias
[2022-06-13T01:30:09.141+0000][1][safepoint    ] Leaving safepoint region
[2022-06-13T01:30:09.141+0000][1][safepoint    ] Total time for which application threads were stopped: 0.0005409 seconds, Stopping threads took: 0.0002294 seconds
[2022-06-13T01:30:09.142+0000][1][safepoint    ] Application time: 0.0004498 seconds
[2022-06-13T01:30:09.143+0000][1][safepoint    ] Entering safepoint region: RevokeBias
[2022-06-13T01:30:09.143+0000][1][safepoint    ] Leaving safepoint region
[2022-06-13T01:30:09.143+0000][1][safepoint    ] Total time for which application threads were stopped: 0.0009433 seconds, Stopping threads took: 0.0006846 seconds
[2022-06-13T01:30:09.144+0000][1][safepoint    ] Application time: 0.0006798 seconds
[2022-06-13T01:30:09.145+0000][1][safepoint    ] Entering safepoint region: RevokeBias
[2022-06-13T01:30:09.145+0000][1][safepoint    ] Leaving safepoint region
[2022-06-13T01:30:09.145+0000][1][safepoint    ] Total time for which application threads were stopped: 0.0006568 seconds, Stopping threads took: 0.0003630 seconds
[2022-06-13T01:30:09.146+0000][1][safepoint    ] Application time: 0.0003219 seconds
[2022-06-13T01:30:09.146+0000][1][safepoint    ] Entering safepoint region: RevokeBias
[2022-06-13T01:30:09.146+0000][1][safepoint    ] Leaving safepoint region
[2022-06-13T01:30:09.147+0000][1][safepoint    ] Total time for which application threads were stopped: 0.0006142 seconds, Stopping threads took: 0.0003480 seconds
[2022-06-13T01:30:09.147+0000][1][safepoint    ] Application time: 0.0004338 seconds
[2022-06-13T01:30:09.148+0000][1][safepoint    ] Entering safepoint region: RevokeBias
[2022-06-13T01:30:09.149+0000][1][safepoint    ] Leaving safepoint region
[2022-06-13T01:30:09.149+0000][1][safepoint    ] Total time for which application threads were stopped: 0.0014781 seconds, Stopping threads took: 0.0007364 seconds
[2022-06-13T01:30:09.150+0000][1][safepoint    ] Application time: 0.0002383 seconds
[2022-06-13T01:30:09.150+0000][1][safepoint    ] Entering safepoint region: RevokeBias
[2022-06-13T01:30:09.151+0000][1][safepoint    ] Leaving safepoint region
[2022-06-13T01:30:09.151+0000][1][safepoint    ] Total time for which application threads were stopped: 0.0011157 seconds, Stopping threads took: 0.0005428 seconds
[2022-06-13T01:30:09.152+0000][1][safepoint    ] Application time: 0.0001981 seconds
[2022-06-13T01:30:09.153+0000][1][safepoint    ] Entering safepoint region: RevokeBias
[2022-06-13T01:30:09.154+0000][1][safepoint    ] Leaving safepoint region
[2022-06-13T01:30:09.154+0000][1][safepoint    ] Total time for which application threads were stopped: 0.0020220 seconds, Stopping threads took: 0.0014042 seconds
[2022-06-13T01:30:09.155+0000][1][safepoint    ] Application time: 0.0002277 seconds
[2022-06-13T01:30:09.156+0000][1][safepoint    ] Entering safepoint region: RevokeBias
[2022-06-13T01:30:09.156+0000][1][safepoint    ] Leaving safepoint region
[2022-06-13T01:30:09.157+0000][1][safepoint    ] Total time for which application threads were stopped: 0.0010937 seconds, Stopping threads took: 0.0004192 seconds
[2022-06-13T01:30:09.157+0000][1][safepoint    ] Application time: 0.0001471 seconds
[2022-06-13T01:30:09.158+0000][1][safepoint    ] Entering safepoint region: RevokeBias
[2022-06-13T01:30:09.158+0000][1][safepoint    ] Leaving safepoint region
[2022-06-13T01:30:09.158+0000][1][safepoint    ] Total time for which application threads were stopped: 0.0006457 seconds, Stopping threads took: 0.0002764 seconds
[2022-06-13T01:30:09.160+0000][1][safepoint    ] Application time: 0.0011281 seconds
[2022-06-13T01:30:09.161+0000][1][safepoint    ] Entering safepoint region: RevokeBias
[2022-06-13T01:30:09.161+0000][1][safepoint    ] Leaving safepoint region
[2022-06-13T01:30:09.162+0000][1][safepoint    ] Total time for which application threads were stopped: 0.0014945 seconds, Stopping threads took: 0.0010183 seconds
[2022-06-13T01:30:09.162+0000][1][safepoint    ] Application time: 0.0001624 seconds
[2022-06-13T01:30:09.163+0000][1][safepoint    ] Entering safepoint region: RevokeBias
[2022-06-13T01:30:09.163+0000][1][safepoint    ] Leaving safepoint region
[2022-06-13T01:30:09.164+0000][1][safepoint    ] Total time for which application threads were stopped: 0.0011038 seconds, Stopping threads took: 0.0007887 seconds
[2022-06-13T01:30:09.164+0000][1][safepoint    ] Application time: 0.0001957 seconds
[2022-06-13T01:30:09.164+0000][1][safepoint    ] Entering safepoint region: RevokeBias
[2022-06-13T01:30:09.165+0000][1][safepoint    ] Leaving safepoint region
[2022-06-13T01:30:09.165+0000][1][safepoint    ] Total time for which application threads were stopped: 0.0006247 seconds, Stopping threads took: 0.0003429 seconds
[2022-06-13T01:30:09.165+0000][1][safepoint    ] Application time: 0.0001589 seconds
[2022-06-13T01:30:09.166+0000][1][safepoint    ] Entering safepoint region: RevokeBias
[2022-06-13T01:30:09.166+0000][1][safepoint    ] Leaving safepoint region
[2022-06-13T01:30:09.166+0000][1][safepoint    ] Total time for which application threads were stopped: 0.0007417 seconds, Stopping threads took: 0.0003042 seconds
[2022-06-13T01:30:09.167+0000][1][safepoint    ] Application time: 0.0001343 seconds
[2022-06-13T01:30:09.167+0000][1][safepoint    ] Entering safepoint region: RevokeBias
[2022-06-13T01:30:09.167+0000][1][safepoint    ] Leaving safepoint region
[2022-06-13T01:30:09.168+0000][1][safepoint    ] Total time for which application threads were stopped: 0.0006139 seconds, Stopping threads took: 0.0003107 seconds
[2022-06-13T01:30:09.168+0000][1][safepoint    ] Application time: 0.0001650 seconds
[2022-06-13T01:30:09.169+0000][1][safepoint    ] Entering safepoint region: RevokeBias
[2022-06-13T01:30:09.169+0000][1][safepoint    ] Leaving safepoint region
[2022-06-13T01:30:09.170+0000][1][safepoint    ] Total time for which application threads were stopped: 0.0013479 seconds, Stopping threads took: 0.0003053 seconds
[2022-06-13T01:30:09.170+0000][1][safepoint    ] Application time: 0.0001046 seconds
[2022-06-13T01:30:09.171+0000][1][safepoint    ] Entering safepoint region: RevokeBias
[2022-06-13T01:30:09.172+0000][1][safepoint    ] Leaving safepoint region
[2022-06-13T01:30:09.172+0000][1][safepoint    ] Total time for which application threads were stopped: 0.0007003 seconds, Stopping threads took: 0.0003681 seconds
[2022-06-13T01:30:09.172+0000][1][safepoint    ] Application time: 0.0001195 seconds
[2022-06-13T01:30:09.173+0000][1][safepoint    ] Entering safepoint region: RevokeBias
[2022-06-13T01:30:09.173+0000][1][safepoint    ] Leaving safepoint region
[2022-06-13T01:30:09.173+0000][1][safepoint    ] Total time for which application threads were stopped: 0.0004938 seconds, Stopping threads took: 0.0002248 seconds
[2022-06-13T01:30:09.173+0000][1][safepoint    ] Application time: 0.0000957 seconds
[2022-06-13T01:30:09.174+0000][1][safepoint    ] Entering safepoint region: RevokeBias
[2022-06-13T01:30:09.174+0000][1][safepoint    ] Leaving safepoint region
[2022-06-13T01:30:09.174+0000][1][safepoint    ] Total time for which application threads were stopped: 0.0004879 seconds, Stopping threads took: 0.0002645 seconds
[2022-06-13T01:30:09.174+0000][1][safepoint    ] Application time: 0.0001164 seconds
[2022-06-13T01:30:09.175+0000][1][safepoint    ] Entering safepoint region: RevokeBias
[2022-06-13T01:30:09.175+0000][1][safepoint    ] Leaving safepoint region
[2022-06-13T01:30:09.175+0000][1][safepoint    ] Total time for which application threads were stopped: 0.0005861 seconds, Stopping threads took: 0.0002907 seconds
[2022-06-13T01:30:09.176+0000][1][safepoint    ] Application time: 0.0002460 seconds
[2022-06-13T01:30:09.176+0000][1][safepoint    ] Entering safepoint region: RevokeBias
[2022-06-13T01:30:09.176+0000][1][safepoint    ] Leaving safepoint region
[2022-06-13T01:30:09.176+0000][1][safepoint    ] Total time for which application threads were stopped: 0.0006045 seconds, Stopping threads took: 0.0002683 seconds
[2022-06-13T01:30:09.177+0000][1][safepoint    ] Application time: 0.0001405 seconds
[2022-06-13T01:30:09.177+0000][1][safepoint    ] Entering safepoint region: RevokeBias
[2022-06-13T01:30:09.178+0000][1][safepoint    ] Leaving safepoint region
[2022-06-13T01:30:09.178+0000][1][safepoint    ] Total time for which application threads were stopped: 0.0009842 seconds, Stopping threads took: 0.0003587 seconds
[2022-06-13T01:30:09.179+0000][1][safepoint    ] Application time: 0.0001793 seconds
[2022-06-13T01:30:09.179+0000][1][safepoint    ] Entering safepoint region: RevokeBias
[2022-06-13T01:30:09.179+0000][1][safepoint    ] Leaving safepoint region
[2022-06-13T01:30:09.180+0000][1][safepoint    ] Total time for which application threads were stopped: 0.0007820 seconds, Stopping threads took: 0.0004120 seconds
[2022-06-13T01:30:09.180+0000][1][safepoint    ] Application time: 0.0001144 seconds
[2022-06-13T01:30:09.180+0000][1][safepoint    ] Entering safepoint region: RevokeBias
[2022-06-13T01:30:09.181+0000][1][safepoint    ] Leaving safepoint region
[2022-06-13T01:30:09.181+0000][1][safepoint    ] Total time for which application threads were stopped: 0.0005355 seconds, Stopping threads took: 0.0002588 seconds
[2022-06-13T01:30:09.181+0000][1][safepoint    ] Application time: 0.0001720 seconds
[2022-06-13T01:30:09.182+0000][1][safepoint    ] Entering safepoint region: RevokeBias
[2022-06-13T01:30:09.182+0000][1][safepoint    ] Leaving safepoint region
[2022-06-13T01:30:09.182+0000][1][safepoint    ] Total time for which application threads were stopped: 0.0005141 seconds, Stopping threads took: 0.0002500 seconds
[2022-06-13T01:30:09.183+0000][1][safepoint    ] Application time: 0.0002721 seconds
[2022-06-13T01:30:09.183+0000][1][safepoint    ] Entering safepoint region: RevokeBias
[2022-06-13T01:30:09.184+0000][1][safepoint    ] Leaving safepoint region
[2022-06-13T01:30:09.184+0000][1][safepoint    ] Total time for which application threads were stopped: 0.0005929 seconds, Stopping threads took: 0.0002465 seconds
[2022-06-13T01:30:09.184+0000][1][safepoint    ] Application time: 0.0002725 seconds
[2022-06-13T01:30:09.185+0000][1][safepoint    ] Entering safepoint region: RevokeBias
[2022-06-13T01:30:09.185+0000][1][safepoint    ] Leaving safepoint region
[2022-06-13T01:30:09.186+0000][1][safepoint    ] Total time for which application threads were stopped: 0.0007186 seconds, Stopping threads took: 0.0002848 seconds
[2022-06-13T01:30:09.187+0000][1][safepoint    ] Application time: 0.0005575 seconds
[2022-06-13T01:30:09.187+0000][1][safepoint    ] Entering safepoint region: RevokeBias
[2022-06-13T01:30:09.188+0000][1][safepoint    ] Leaving safepoint region
[2022-06-13T01:30:09.188+0000][1][safepoint    ] Total time for which application threads were stopped: 0.0012818 seconds, Stopping threads took: 0.0007958 seconds
[2022-06-13T01:30:09.189+0000][1][safepoint    ] Application time: 0.0001541 seconds
[2022-06-13T01:30:09.189+0000][1][safepoint    ] Entering safepoint region: RevokeBias
[2022-06-13T01:30:09.190+0000][1][safepoint    ] Leaving safepoint region
[2022-06-13T01:30:09.190+0000][1][safepoint    ] Total time for which application threads were stopped: 0.0006964 seconds, Stopping threads took: 0.0003545 seconds
[2022-06-13T01:30:09.190+0000][1][safepoint    ] Application time: 0.0001380 seconds
[2022-06-13T01:30:09.191+0000][1][safepoint    ] Entering safepoint region: BulkRevokeBias
[2022-06-13T01:30:09.191+0000][1][safepoint    ] Leaving safepoint region
[2022-06-13T01:30:09.191+0000][1][safepoint    ] Total time for which application threads were stopped: 0.0008405 seconds, Stopping threads took: 0.0003799 seconds
[2022-06-13T01:30:09.192+0000][1][safepoint    ] Application time: 0.0004775 seconds
[2022-06-13T01:30:09.193+0000][1][safepoint    ] Entering safepoint region: RevokeBias
[2022-06-13T01:30:09.193+0000][1][safepoint    ] Leaving safepoint region
[2022-06-13T01:30:09.193+0000][1][safepoint    ] Total time for which application threads were stopped: 0.0006645 seconds, Stopping threads took: 0.0002619 seconds
[2022-06-13T01:30:09.194+0000][1][safepoint    ] Application time: 0.0001614 seconds
[2022-06-13T01:30:09.194+0000][1][safepoint    ] Entering safepoint region: RevokeBias
[2022-06-13T01:30:09.194+0000][1][safepoint    ] Leaving safepoint region
[2022-06-13T01:30:09.195+0000][1][safepoint    ] Total time for which application threads were stopped: 0.0006260 seconds, Stopping threads took: 0.0002843 seconds
[2022-06-13T01:30:09.195+0000][1][safepoint    ] Application time: 0.0002987 seconds
[2022-06-13T01:30:09.196+0000][1][safepoint    ] Entering safepoint region: RevokeBias
[2022-06-13T01:30:09.196+0000][1][safepoint    ] Leaving safepoint region
[2022-06-13T01:30:09.196+0000][1][safepoint    ] Total time for which application threads were stopped: 0.0006941 seconds, Stopping threads took: 0.0002543 seconds
[2022-06-13T01:30:09.197+0000][1][safepoint    ] Application time: 0.0001577 seconds
[2022-06-13T01:30:09.197+0000][1][safepoint    ] Entering safepoint region: RevokeBias
[2022-06-13T01:30:09.198+0000][1][safepoint    ] Leaving safepoint region
[2022-06-13T01:30:09.198+0000][1][safepoint    ] Total time for which application threads were stopped: 0.0008200 seconds, Stopping threads took: 0.0004187 seconds
[2022-06-13T01:30:09.199+0000][1][safepoint    ] Application time: 0.0001552 seconds
[2022-06-13T01:30:09.199+0000][1][safepoint    ] Entering safepoint region: RevokeBias
[2022-06-13T01:30:09.199+0000][1][safepoint    ] Leaving safepoint region
[2022-06-13T01:30:09.200+0000][1][safepoint    ] Total time for which application threads were stopped: 0.0009311 seconds, Stopping threads took: 0.0004605 seconds
[2022-06-13T01:30:09.200+0000][1][safepoint    ] Application time: 0.0002861 seconds
[2022-06-13T01:30:09.201+0000][1][safepoint    ] Entering safepoint region: RevokeBias
[2022-06-13T01:30:09.201+0000][1][safepoint    ] Leaving safepoint region
[2022-06-13T01:30:09.202+0000][1][safepoint    ] Total time for which application threads were stopped: 0.0008876 seconds, Stopping threads took: 0.0004641 seconds
[2022-06-13T01:30:09.202+0000][1][safepoint    ] Application time: 0.0002701 seconds
[2022-06-13T01:30:09.203+0000][1][safepoint    ] Entering safepoint region: RevokeBias
[2022-06-13T01:30:09.204+0000][1][safepoint    ] Leaving safepoint region
[2022-06-13T01:30:09.205+0000][1][safepoint    ] Total time for which application threads were stopped: 0.0013672 seconds, Stopping threads took: 0.0004726 seconds
[2022-06-13T01:30:09.206+0000][1][safepoint    ] Application time: 0.0001492 seconds
[2022-06-13T01:30:09.206+0000][1][safepoint    ] Entering safepoint region: RevokeBias
[2022-06-13T01:30:09.207+0000][1][safepoint    ] Leaving safepoint region
[2022-06-13T01:30:09.207+0000][1][safepoint    ] Total time for which application threads were stopped: 0.0010748 seconds, Stopping threads took: 0.0005867 seconds
[2022-06-13T01:30:09.208+0000][1][safepoint    ] Application time: 0.0004616 seconds
[2022-06-13T01:30:09.208+0000][1][safepoint    ] Entering safepoint region: RevokeBias
[2022-06-13T01:30:09.209+0000][1][safepoint    ] Leaving safepoint region
[2022-06-13T01:30:09.209+0000][1][safepoint    ] Total time for which application threads were stopped: 0.0005207 seconds, Stopping threads took: 0.0002383 seconds
[2022-06-13T01:30:09.210+0000][1][safepoint    ] Application time: 0.0002714 seconds
[2022-06-13T01:30:09.210+0000][1][safepoint    ] Entering safepoint region: RevokeBias
[2022-06-13T01:30:09.211+0000][1][safepoint    ] Leaving safepoint region
[2022-06-13T01:30:09.211+0000][1][safepoint    ] Total time for which application threads were stopped: 0.0007473 seconds, Stopping threads took: 0.0003985 seconds
[2022-06-13T01:30:09.212+0000][1][safepoint    ] Application time: 0.0002840 seconds
[2022-06-13T01:30:09.212+0000][1][safepoint    ] Entering safepoint region: RevokeBias
[2022-06-13T01:30:09.213+0000][1][safepoint    ] Leaving safepoint region
[2022-06-13T01:30:09.213+0000][1][safepoint    ] Total time for which application threads were stopped: 0.0011161 seconds, Stopping threads took: 0.0004739 seconds
[2022-06-13T01:30:09.214+0000][1][safepoint    ] Application time: 0.0001858 seconds
[2022-06-13T01:30:09.214+0000][1][safepoint    ] Entering safepoint region: RevokeBias
[2022-06-13T01:30:09.215+0000][1][safepoint    ] Leaving safepoint region
[2022-06-13T01:30:09.215+0000][1][safepoint    ] Total time for which application threads were stopped: 0.0009981 seconds, Stopping threads took: 0.0004696 seconds
[2022-06-13T01:30:09.216+0000][1][safepoint    ] Application time: 0.0002665 seconds
[2022-06-13T01:30:09.217+0000][1][safepoint    ] Entering safepoint region: RevokeBias
[2022-06-13T01:30:09.218+0000][1][safepoint    ] Leaving safepoint region
[2022-06-13T01:30:09.218+0000][1][safepoint    ] Total time for which application threads were stopped: 0.0014738 seconds, Stopping threads took: 0.0007486 seconds
[2022-06-13T01:30:09.219+0000][1][safepoint    ] Application time: 0.0001816 seconds
[2022-06-13T01:30:09.220+0000][1][safepoint    ] Entering safepoint region: RevokeBias
[2022-06-13T01:30:09.221+0000][1][safepoint    ] Leaving safepoint region
[2022-06-13T01:30:09.222+0000][1][safepoint    ] Total time for which application threads were stopped: 0.0020460 seconds, Stopping threads took: 0.0009169 seconds
[2022-06-13T01:30:09.223+0000][1][safepoint    ] Application time: 0.0002439 seconds
[2022-06-13T01:30:09.223+0000][1][safepoint    ] Entering safepoint region: RevokeBias
[2022-06-13T01:30:09.224+0000][1][safepoint    ] Leaving safepoint region
[2022-06-13T01:30:09.224+0000][1][safepoint    ] Total time for which application threads were stopped: 0.0011849 seconds, Stopping threads took: 0.0005775 seconds
[2022-06-13T01:30:09.226+0000][1][safepoint    ] Application time: 0.0003299 seconds
[2022-06-13T01:30:09.227+0000][1][safepoint    ] Entering safepoint region: RevokeBias
[2022-06-13T01:30:09.227+0000][1][safepoint    ] Leaving safepoint region
[2022-06-13T01:30:09.228+0000][1][safepoint    ] Total time for which application threads were stopped: 0.0011964 seconds, Stopping threads took: 0.0005712 seconds
[2022-06-13T01:30:09.229+0000][1][safepoint    ] Application time: 0.0002804 seconds
[2022-06-13T01:30:09.229+0000][1][safepoint    ] Entering safepoint region: RevokeBias
[2022-06-13T01:30:09.230+0000][1][safepoint    ] Leaving safepoint region
[2022-06-13T01:30:09.231+0000][1][safepoint    ] Total time for which application threads were stopped: 0.0014323 seconds, Stopping threads took: 0.0007064 seconds
[2022-06-13T01:30:09.232+0000][1][safepoint    ] Application time: 0.0002784 seconds
[2022-06-13T01:30:09.232+0000][1][safepoint    ] Entering safepoint region: RevokeBias
[2022-06-13T01:30:09.233+0000][1][safepoint    ] Leaving safepoint region
[2022-06-13T01:30:09.233+0000][1][safepoint    ] Total time for which application threads were stopped: 0.0011336 seconds, Stopping threads took: 0.0005345 seconds
[2022-06-13T01:30:09.234+0000][1][safepoint    ] Application time: 0.0002609 seconds
[2022-06-13T01:30:09.235+0000][1][safepoint    ] Entering safepoint region: RevokeBias
[2022-06-13T01:30:09.235+0000][1][safepoint    ] Leaving safepoint region
[2022-06-13T01:30:09.236+0000][1][safepoint    ] Total time for which application threads were stopped: 0.0012077 seconds, Stopping threads took: 0.0005734 seconds
[2022-06-13T01:30:09.237+0000][1][safepoint    ] Application time: 0.0002450 seconds
[2022-06-13T01:30:09.238+0000][1][safepoint    ] Entering safepoint region: RevokeBias
[2022-06-13T01:30:09.238+0000][1][safepoint    ] Leaving safepoint region
[2022-06-13T01:30:09.240+0000][1][safepoint    ] Total time for which application threads were stopped: 0.0018420 seconds, Stopping threads took: 0.0006035 seconds
[2022-06-13T01:30:09.240+0000][1][safepoint    ] Application time: 0.0001809 seconds
[2022-06-13T01:30:09.241+0000][1][safepoint    ] Entering safepoint region: RevokeBias
[2022-06-13T01:30:09.241+0000][1][safepoint    ] Leaving safepoint region
[2022-06-13T01:30:09.241+0000][1][safepoint    ] Total time for which application threads were stopped: 0.0006585 seconds, Stopping threads took: 0.0003319 seconds
[2022-06-13T01:30:09.242+0000][1][safepoint    ] Application time: 0.0001648 seconds
[2022-06-13T01:30:09.242+0000][1][safepoint    ] Entering safepoint region: RevokeBias
[2022-06-13T01:30:09.242+0000][1][safepoint    ] Leaving safepoint region
[2022-06-13T01:30:09.243+0000][1][safepoint    ] Total time for which application threads were stopped: 0.0006734 seconds, Stopping threads took: 0.0002930 seconds
[2022-06-13T01:30:09.243+0000][1][safepoint    ] Application time: 0.0001704 seconds
[2022-06-13T01:30:09.243+0000][1][safepoint    ] Entering safepoint region: BulkRevokeBias
[2022-06-13T01:30:09.244+0000][1][safepoint    ] Leaving safepoint region
[2022-06-13T01:30:09.244+0000][1][safepoint    ] Total time for which application threads were stopped: 0.0010015 seconds, Stopping threads took: 0.0003207 seconds
[2022-06-13T01:30:09.246+0000][1][safepoint    ] Application time: 0.0007693 seconds
[2022-06-13T01:30:09.246+0000][1][safepoint    ] Entering safepoint region: RevokeBias
[2022-06-13T01:30:09.247+0000][1][safepoint    ] Leaving safepoint region
[2022-06-13T01:30:09.247+0000][1][safepoint    ] Total time for which application threads were stopped: 0.0014593 seconds, Stopping threads took: 0.0009774 seconds
[2022-06-13T01:30:09.248+0000][1][safepoint    ] Application time: 0.0004391 seconds
[2022-06-13T01:30:09.249+0000][1][safepoint    ] Entering safepoint region: RevokeBias
[2022-06-13T01:30:09.249+0000][1][safepoint    ] Leaving safepoint region
[2022-06-13T01:30:09.250+0000][1][safepoint    ] Total time for which application threads were stopped: 0.0010044 seconds, Stopping threads took: 0.0004294 seconds
[2022-06-13T01:30:09.250+0000][1][safepoint    ] Application time: 0.0003689 seconds
[2022-06-13T01:30:09.251+0000][1][safepoint    ] Entering safepoint region: RevokeBias
[2022-06-13T01:30:09.251+0000][1][safepoint    ] Leaving safepoint region
[2022-06-13T01:30:09.252+0000][1][safepoint    ] Total time for which application threads were stopped: 0.0010987 seconds, Stopping threads took: 0.0005241 seconds
[2022-06-13T01:30:09.252+0000][1][safepoint    ] Application time: 0.0002524 seconds
[2022-06-13T01:30:09.253+0000][1][safepoint    ] Entering safepoint region: RevokeBias
[2022-06-13T01:30:09.254+0000][1][safepoint    ] Leaving safepoint region
[2022-06-13T01:30:09.255+0000][1][safepoint    ] Total time for which application threads were stopped: 0.0014790 seconds, Stopping threads took: 0.0006922 seconds
[2022-06-13T01:30:09.255+0000][1][safepoint    ] Application time: 0.0001657 seconds
[2022-06-13T01:30:09.256+0000][1][safepoint    ] Entering safepoint region: RevokeBias
[2022-06-13T01:30:09.257+0000][1][safepoint    ] Leaving safepoint region
[2022-06-13T01:30:09.257+0000][1][safepoint    ] Total time for which application threads were stopped: 0.0013503 seconds, Stopping threads took: 0.0008214 seconds
[2022-06-13T01:30:09.258+0000][1][safepoint    ] Application time: 0.0001915 seconds
[2022-06-13T01:30:09.259+0000][1][safepoint    ] Entering safepoint region: RevokeBias
[2022-06-13T01:30:09.259+0000][1][safepoint    ] Leaving safepoint region
[2022-06-13T01:30:09.260+0000][1][safepoint    ] Total time for which application threads were stopped: 0.0012436 seconds, Stopping threads took: 0.0007982 seconds
[2022-06-13T01:30:09.261+0000][1][safepoint    ] Application time: 0.0009104 seconds
[2022-06-13T01:30:09.262+0000][1][safepoint    ] Entering safepoint region: RevokeBias
[2022-06-13T01:30:09.263+0000][1][safepoint    ] Leaving safepoint region
[2022-06-13T01:30:09.263+0000][1][safepoint    ] Total time for which application threads were stopped: 0.0015402 seconds, Stopping threads took: 0.0010523 seconds
[2022-06-13T01:30:09.264+0000][1][safepoint    ] Application time: 0.0003226 seconds
[2022-06-13T01:30:09.264+0000][1][safepoint    ] Entering safepoint region: RevokeBias
[2022-06-13T01:30:09.264+0000][1][safepoint    ] Leaving safepoint region
[2022-06-13T01:30:09.265+0000][1][safepoint    ] Total time for which application threads were stopped: 0.0006828 seconds, Stopping threads took: 0.0004107 seconds
[2022-06-13T01:30:09.266+0000][1][safepoint    ] Application time: 0.0010751 seconds
[2022-06-13T01:30:09.266+0000][1][safepoint    ] Entering safepoint region: RevokeBias
[2022-06-13T01:30:09.267+0000][1][safepoint    ] Leaving safepoint region
[2022-06-13T01:30:09.267+0000][1][safepoint    ] Total time for which application threads were stopped: 0.0011784 seconds, Stopping threads took: 0.0005094 seconds
[2022-06-13T01:30:09.268+0000][1][safepoint    ] Application time: 0.0002647 seconds
[2022-06-13T01:30:09.268+0000][1][safepoint    ] Entering safepoint region: RevokeBias
[2022-06-13T01:30:09.269+0000][1][safepoint    ] Leaving safepoint region
[2022-06-13T01:30:09.270+0000][1][safepoint    ] Total time for which application threads were stopped: 0.0013784 seconds, Stopping threads took: 0.0003618 seconds
[2022-06-13T01:30:09.271+0000][1][safepoint    ] Application time: 0.0006235 seconds
[2022-06-13T01:30:09.271+0000][1][safepoint    ] Entering safepoint region: RevokeBias
[2022-06-13T01:30:09.272+0000][1][safepoint    ] Leaving safepoint region
[2022-06-13T01:30:09.272+0000][1][safepoint    ] Total time for which application threads were stopped: 0.0007573 seconds, Stopping threads took: 0.0004050 seconds
[2022-06-13T01:30:09.273+0000][1][safepoint    ] Application time: 0.0008764 seconds
[2022-06-13T01:30:09.273+0000][1][safepoint    ] Entering safepoint region: RevokeBias
[2022-06-13T01:30:09.274+0000][1][safepoint    ] Leaving safepoint region
[2022-06-13T01:30:09.274+0000][1][safepoint    ] Total time for which application threads were stopped: 0.0010066 seconds, Stopping threads took: 0.0005722 seconds
[2022-06-13T01:30:09.275+0000][1][safepoint    ] Application time: 0.0004383 seconds
[2022-06-13T01:30:09.276+0000][1][safepoint    ] Entering safepoint region: RevokeBias
[2022-06-13T01:30:09.277+0000][1][safepoint    ] Leaving safepoint region
[2022-06-13T01:30:09.277+0000][1][safepoint    ] Total time for which application threads were stopped: 0.0015797 seconds, Stopping threads took: 0.0009714 seconds
[2022-06-13T01:30:09.278+0000][1][safepoint    ] Application time: 0.0003554 seconds
[2022-06-13T01:30:09.279+0000][1][safepoint    ] Entering safepoint region: RevokeBias
[2022-06-13T01:30:09.279+0000][1][safepoint    ] Leaving safepoint region
[2022-06-13T01:30:09.280+0000][1][safepoint    ] Total time for which application threads were stopped: 0.0011526 seconds, Stopping threads took: 0.0006700 seconds
[2022-06-13T01:30:09.281+0000][1][safepoint    ] Application time: 0.0005753 seconds
[2022-06-13T01:30:09.281+0000][1][safepoint    ] Entering safepoint region: RevokeBias
[2022-06-13T01:30:09.282+0000][1][safepoint    ] Leaving safepoint region
[2022-06-13T01:30:09.282+0000][1][safepoint    ] Total time for which application threads were stopped: 0.0010941 seconds, Stopping threads took: 0.0006340 seconds
[2022-06-13T01:30:09.283+0000][1][safepoint    ] Application time: 0.0007010 seconds
[2022-06-13T01:30:09.284+0000][1][safepoint    ] Entering safepoint region: RevokeBias
[2022-06-13T01:30:09.285+0000][1][safepoint    ] Leaving safepoint region
[2022-06-13T01:30:09.286+0000][1][safepoint    ] Total time for which application threads were stopped: 0.0014465 seconds, Stopping threads took: 0.0008190 seconds
[2022-06-13T01:30:09.287+0000][1][safepoint    ] Application time: 0.0011704 seconds
[2022-06-13T01:30:09.288+0000][1][safepoint    ] Entering safepoint region: RevokeBias
[2022-06-13T01:30:09.289+0000][1][safepoint    ] Leaving safepoint region
[2022-06-13T01:30:09.289+0000][1][safepoint    ] Total time for which application threads were stopped: 0.0009764 seconds, Stopping threads took: 0.0004995 seconds
[2022-06-13T01:30:09.291+0000][1][safepoint    ] Application time: 0.0014398 seconds
[2022-06-13T01:30:09.292+0000][1][safepoint    ] Entering safepoint region: RevokeBias
[2022-06-13T01:30:09.292+0000][1][safepoint    ] Leaving safepoint region
[2022-06-13T01:30:09.293+0000][1][safepoint    ] Total time for which application threads were stopped: 0.0010196 seconds, Stopping threads took: 0.0004760 seconds
[2022-06-13T01:30:09.295+0000][1][safepoint    ] Application time: 0.0015405 seconds
[2022-06-13T01:30:09.295+0000][1][safepoint    ] Entering safepoint region: BulkRevokeBias
[2022-06-13T01:30:09.296+0000][1][safepoint    ] Leaving safepoint region
[2022-06-13T01:30:09.296+0000][1][safepoint    ] Total time for which application threads were stopped: 0.0007195 seconds, Stopping threads took: 0.0002812 seconds
[2022-06-13T01:30:09.297+0000][1][safepoint    ] Application time: 0.0004307 seconds
[2022-06-13T01:30:09.298+0000][1][safepoint    ] Entering safepoint region: RevokeBias
[2022-06-13T01:30:09.298+0000][1][safepoint    ] Leaving safepoint region
[2022-06-13T01:30:09.299+0000][1][safepoint    ] Total time for which application threads were stopped: 0.0015711 seconds, Stopping threads took: 0.0011759 seconds
[2022-06-13T01:30:09.299+0000][1][safepoint    ] Application time: 0.0001591 seconds
[2022-06-13T01:30:09.300+0000][1][safepoint    ] Entering safepoint region: RevokeBias
[2022-06-13T01:30:09.300+0000][1][safepoint    ] Leaving safepoint region
[2022-06-13T01:30:09.300+0000][1][safepoint    ] Total time for which application threads were stopped: 0.0006974 seconds, Stopping threads took: 0.0003251 seconds
[2022-06-13T01:30:09.304+0000][1][safepoint    ] Application time: 0.0034100 seconds
[2022-06-13T01:30:09.304+0000][1][safepoint    ] Entering safepoint region: RevokeBias
[2022-06-13T01:30:09.305+0000][1][safepoint    ] Leaving safepoint region
[2022-06-13T01:30:09.305+0000][1][safepoint    ] Total time for which application threads were stopped: 0.0008907 seconds, Stopping threads took: 0.0004378 seconds
[2022-06-13T01:30:09.306+0000][1][safepoint    ] Application time: 0.0001797 seconds
[2022-06-13T01:30:09.307+0000][1][safepoint    ] Entering safepoint region: RevokeBias
[2022-06-13T01:30:09.308+0000][1][safepoint    ] Leaving safepoint region
[2022-06-13T01:30:09.308+0000][1][safepoint    ] Total time for which application threads were stopped: 0.0016516 seconds, Stopping threads took: 0.0011400 seconds
[2022-06-13T01:30:09.309+0000][1][safepoint    ] Application time: 0.0006517 seconds
[2022-06-13T01:30:09.310+0000][1][safepoint    ] Entering safepoint region: RevokeBias
[2022-06-13T01:30:09.310+0000][1][safepoint    ] Leaving safepoint region
[2022-06-13T01:30:09.310+0000][1][safepoint    ] Total time for which application threads were stopped: 0.0008741 seconds, Stopping threads took: 0.0003745 seconds
[2022-06-13T01:30:09.355+0000][1][safepoint    ] Application time: 0.0438142 seconds
[2022-06-13T01:30:09.355+0000][1][safepoint    ] Entering safepoint region: GenCollectForAllocation
[2022-06-13T01:30:09.356+0000][1][gc,start     ] GC(19) Pause Young (Allocation Failure)
[2022-06-13T01:30:09.356+0000][1][gc,task      ] GC(19) Using 5 workers of 13 for evacuation
[2022-06-13T01:30:09.363+0000][1][gc,age       ] GC(19) Desired survivor size 4456448 bytes, new threshold 2 (max threshold 6)
[2022-06-13T01:30:09.364+0000][1][gc,age       ] GC(19) Age table with threshold 2 (max threshold 6)
[2022-06-13T01:30:09.364+0000][1][gc,age       ] GC(19) - age   1:    2956016 bytes,    2956016 total
[2022-06-13T01:30:09.364+0000][1][gc,age       ] GC(19) - age   2:    3874400 bytes,    6830416 total
[2022-06-13T01:30:09.365+0000][1][gc,age       ] GC(19) - age   3:     360112 bytes,    7190528 total
[2022-06-13T01:30:09.365+0000][1][gc,heap      ] GC(19) ParNew: 74637K->8704K(78656K)
[2022-06-13T01:30:09.366+0000][1][gc,heap      ] GC(19) CMS: 55264K->55264K(174784K)
[2022-06-13T01:30:09.366+0000][1][gc,metaspace ] GC(19) Metaspace: 47448K->47448K(1093632K)
[2022-06-13T01:30:09.366+0000][1][gc           ] GC(19) Pause Young (Allocation Failure) 126M->62M(247M) 10.545ms
[2022-06-13T01:30:09.367+0000][1][gc,cpu       ] GC(19) User=0.04s Sys=0.00s Real=0.01s
[2022-06-13T01:30:09.367+0000][1][safepoint    ] Leaving safepoint region
[2022-06-13T01:30:09.368+0000][1][safepoint    ] Total time for which application threads were stopped: 0.0123693 seconds, Stopping threads took: 0.0004995 seconds
[2022-06-13T01:30:09.695+0000][1][safepoint    ] Application time: 0.3268993 seconds
[2022-06-13T01:30:09.695+0000][1][safepoint    ] Entering safepoint region: RevokeBias
[2022-06-13T01:30:09.696+0000][1][safepoint    ] Leaving safepoint region
[2022-06-13T01:30:09.696+0000][1][safepoint    ] Total time for which application threads were stopped: 0.0007092 seconds, Stopping threads took: 0.0003229 seconds
[2022-06-13T01:30:10.034+0000][1][safepoint    ] Application time: 0.3377584 seconds
[2022-06-13T01:30:10.034+0000][1][safepoint    ] Entering safepoint region: RevokeBias
[2022-06-13T01:30:10.035+0000][1][safepoint    ] Leaving safepoint region
[2022-06-13T01:30:10.035+0000][1][safepoint    ] Total time for which application threads were stopped: 0.0009547 seconds, Stopping threads took: 0.0004100 seconds
[2022-06-13T01:30:10.037+0000][1][safepoint    ] Application time: 0.0015675 seconds
[2022-06-13T01:30:10.038+0000][1][safepoint    ] Entering safepoint region: RevokeBias
[2022-06-13T01:30:10.038+0000][1][safepoint    ] Leaving safepoint region
[2022-06-13T01:30:10.038+0000][1][safepoint    ] Total time for which application threads were stopped: 0.0007725 seconds, Stopping threads took: 0.0004041 seconds
[2022-06-13T01:30:10.039+0000][1][safepoint    ] Application time: 0.0001699 seconds
[2022-06-13T01:30:10.039+0000][1][safepoint    ] Entering safepoint region: RevokeBias
[2022-06-13T01:30:10.040+0000][1][safepoint    ] Leaving safepoint region
[2022-06-13T01:30:10.040+0000][1][safepoint    ] Total time for which application threads were stopped: 0.0010928 seconds, Stopping threads took: 0.0006824 seconds
[2022-06-13T01:30:10.374+0000][1][safepoint    ] Application time: 0.3336985 seconds
[2022-06-13T01:30:10.374+0000][1][safepoint    ] Entering safepoint region: GenCollectForAllocation
[2022-06-13T01:30:10.375+0000][1][gc,start     ] GC(20) Pause Young (Allocation Failure)
[2022-06-13T01:30:10.375+0000][1][gc,task      ] GC(20) Using 5 workers of 13 for evacuation
[2022-06-13T01:30:10.386+0000][1][gc,age       ] GC(20) Desired survivor size 4456448 bytes, new threshold 6 (max threshold 6)
[2022-06-13T01:30:10.386+0000][1][gc,age       ] GC(20) Age table with threshold 6 (max threshold 6)
[2022-06-13T01:30:10.387+0000][1][gc,age       ] GC(20) - age   1:    1568272 bytes,    1568272 total
[2022-06-13T01:30:10.387+0000][1][gc,age       ] GC(20) - age   2:    2879416 bytes,    4447688 total
[2022-06-13T01:30:10.387+0000][1][gc,heap      ] GC(20) ParNew: 78656K->6173K(78656K)
[2022-06-13T01:30:10.387+0000][1][gc,heap      ] GC(20) CMS: 55264K->59517K(174784K)
[2022-06-13T01:30:10.388+0000][1][gc,metaspace ] GC(20) Metaspace: 54059K->54059K(1099776K)
[2022-06-13T01:30:10.388+0000][1][gc           ] GC(20) Pause Young (Allocation Failure) 130M->64M(247M) 13.211ms
[2022-06-13T01:30:10.388+0000][1][gc,cpu       ] GC(20) User=0.07s Sys=0.00s Real=0.01s
[2022-06-13T01:30:10.388+0000][1][safepoint    ] Leaving safepoint region
[2022-06-13T01:30:10.388+0000][1][safepoint    ] Total time for which application threads were stopped: 0.0142149 seconds, Stopping threads took: 0.0002094 seconds
[2022-06-13T01:30:10.592+0000][1][safepoint    ] Application time: 0.2031128 seconds
[2022-06-13T01:30:10.592+0000][1][safepoint    ] Entering safepoint region: RevokeBias
[2022-06-13T01:30:10.593+0000][1][safepoint    ] Leaving safepoint region
[2022-06-13T01:30:10.593+0000][1][safepoint    ] Total time for which application threads were stopped: 0.0011459 seconds, Stopping threads took: 0.0003114 seconds
[2022-06-13T01:30:10.652+0000][1][safepoint    ] Application time: 0.0586078 seconds
[2022-06-13T01:30:10.653+0000][1][safepoint    ] Entering safepoint region: Deoptimize
[2022-06-13T01:30:10.653+0000][1][safepoint    ] Leaving safepoint region
[2022-06-13T01:30:10.654+0000][1][safepoint    ] Total time for which application threads were stopped: 0.0012328 seconds, Stopping threads took: 0.0002873 seconds
[2022-06-13T01:30:10.700+0000][1][safepoint    ] Application time: 0.0463901 seconds
[2022-06-13T01:30:10.701+0000][1][safepoint    ] Entering safepoint region: RevokeBias
[2022-06-13T01:30:10.702+0000][1][safepoint    ] Leaving safepoint region
[2022-06-13T01:30:10.702+0000][1][safepoint    ] Total time for which application threads were stopped: 0.0010944 seconds, Stopping threads took: 0.0003900 seconds
[2022-06-13T01:30:10.703+0000][1][safepoint    ] Application time: 0.0002536 seconds
[2022-06-13T01:30:10.703+0000][1][safepoint    ] Entering safepoint region: RevokeBias
[2022-06-13T01:30:10.704+0000][1][safepoint    ] Leaving safepoint region
[2022-06-13T01:30:10.704+0000][1][safepoint    ] Total time for which application threads were stopped: 0.0007435 seconds, Stopping threads took: 0.0002500 seconds
[2022-06-13T01:30:10.705+0000][1][safepoint    ] Application time: 0.0005799 seconds
[2022-06-13T01:30:10.706+0000][1][safepoint    ] Entering safepoint region: RevokeBias
[2022-06-13T01:30:10.707+0000][1][safepoint    ] Leaving safepoint region
[2022-06-13T01:30:10.707+0000][1][safepoint    ] Total time for which application threads were stopped: 0.0017261 seconds, Stopping threads took: 0.0007814 seconds
[2022-06-13T01:30:10.711+0000][1][safepoint    ] Application time: 0.0035029 seconds
[2022-06-13T01:30:10.712+0000][1][safepoint    ] Entering safepoint region: RevokeBias
[2022-06-13T01:30:10.712+0000][1][safepoint    ] Leaving safepoint region
[2022-06-13T01:30:10.713+0000][1][safepoint    ] Total time for which application threads were stopped: 0.0011110 seconds, Stopping threads took: 0.0005475 seconds
[2022-06-13T01:30:10.948+0000][1][safepoint    ] Application time: 0.2350060 seconds
[2022-06-13T01:30:10.949+0000][1][safepoint    ] Entering safepoint region: Deoptimize
[2022-06-13T01:30:10.951+0000][1][safepoint    ] Leaving safepoint region
[2022-06-13T01:30:10.952+0000][1][safepoint    ] Total time for which application threads were stopped: 0.0034894 seconds, Stopping threads took: 0.0003473 seconds
[2022-06-13T01:30:11.042+0000][1][safepoint    ] Application time: 0.0897735 seconds
[2022-06-13T01:30:11.043+0000][1][safepoint    ] Entering safepoint region: RevokeBias
[2022-06-13T01:30:11.043+0000][1][safepoint    ] Leaving safepoint region
[2022-06-13T01:30:11.043+0000][1][safepoint    ] Total time for which application threads were stopped: 0.0006952 seconds, Stopping threads took: 0.0003800 seconds
[2022-06-13T01:30:11.044+0000][1][safepoint    ] Application time: 0.0001639 seconds
[2022-06-13T01:30:11.045+0000][1][safepoint    ] Entering safepoint region: RevokeBias
[2022-06-13T01:30:11.045+0000][1][safepoint    ] Leaving safepoint region
[2022-06-13T01:30:11.045+0000][1][safepoint    ] Total time for which application threads were stopped: 0.0011618 seconds, Stopping threads took: 0.0006742 seconds
[2022-06-13T01:30:11.046+0000][1][safepoint    ] Application time: 0.0001810 seconds
[2022-06-13T01:30:11.046+0000][1][safepoint    ] Entering safepoint region: RevokeBias
[2022-06-13T01:30:11.046+0000][1][safepoint    ] Leaving safepoint region
[2022-06-13T01:30:11.047+0000][1][safepoint    ] Total time for which application threads were stopped: 0.0006383 seconds, Stopping threads took: 0.0002765 seconds
[2022-06-13T01:30:11.147+0000][1][safepoint    ] Application time: 0.0997405 seconds
[2022-06-13T01:30:11.147+0000][1][safepoint    ] Entering safepoint region: RevokeBias
[2022-06-13T01:30:11.148+0000][1][safepoint    ] Leaving safepoint region
[2022-06-13T01:30:11.148+0000][1][safepoint    ] Total time for which application threads were stopped: 0.0006533 seconds, Stopping threads took: 0.0002868 seconds
[2022-06-13T01:30:11.302+0000][1][safepoint    ] Application time: 0.1536402 seconds
[2022-06-13T01:30:11.302+0000][1][safepoint    ] Entering safepoint region: RevokeBias
[2022-06-13T01:30:11.303+0000][1][safepoint    ] Leaving safepoint region
[2022-06-13T01:30:11.303+0000][1][safepoint    ] Total time for which application threads were stopped: 0.0010802 seconds, Stopping threads took: 0.0003943 seconds
[2022-06-13T01:30:11.304+0000][1][safepoint    ] Application time: 0.0001304 seconds
[2022-06-13T01:30:11.304+0000][1][safepoint    ] Entering safepoint region: RevokeBias
[2022-06-13T01:30:11.304+0000][1][safepoint    ] Leaving safepoint region
[2022-06-13T01:30:11.304+0000][1][safepoint    ] Total time for which application threads were stopped: 0.0003786 seconds, Stopping threads took: 0.0001816 seconds
[2022-06-13T01:30:11.305+0000][1][safepoint    ] Application time: 0.0001730 seconds
[2022-06-13T01:30:11.305+0000][1][safepoint    ] Entering safepoint region: RevokeBias
[2022-06-13T01:30:11.305+0000][1][safepoint    ] Leaving safepoint region
[2022-06-13T01:30:11.305+0000][1][safepoint    ] Total time for which application threads were stopped: 0.0003282 seconds, Stopping threads took: 0.0001624 seconds
[2022-06-13T01:30:11.305+0000][1][safepoint    ] Application time: 0.0001060 seconds
[2022-06-13T01:30:11.305+0000][1][safepoint    ] Entering safepoint region: RevokeBias
[2022-06-13T01:30:11.306+0000][1][safepoint    ] Leaving safepoint region
[2022-06-13T01:30:11.306+0000][1][safepoint    ] Total time for which application threads were stopped: 0.0003476 seconds, Stopping threads took: 0.0001685 seconds
[2022-06-13T01:30:11.306+0000][1][safepoint    ] Application time: 0.0001064 seconds
[2022-06-13T01:30:11.306+0000][1][safepoint    ] Entering safepoint region: RevokeBias
[2022-06-13T01:30:11.306+0000][1][safepoint    ] Leaving safepoint region
[2022-06-13T01:30:11.307+0000][1][safepoint    ] Total time for which application threads were stopped: 0.0005374 seconds, Stopping threads took: 0.0001736 seconds
[2022-06-13T01:30:11.307+0000][1][safepoint    ] Application time: 0.0003256 seconds
[2022-06-13T01:30:11.308+0000][1][safepoint    ] Entering safepoint region: RevokeBias
[2022-06-13T01:30:11.308+0000][1][safepoint    ] Leaving safepoint region
[2022-06-13T01:30:11.308+0000][1][safepoint    ] Total time for which application threads were stopped: 0.0004043 seconds, Stopping threads took: 0.0001969 seconds
[2022-06-13T01:30:11.308+0000][1][safepoint    ] Application time: 0.0001796 seconds
[2022-06-13T01:30:11.309+0000][1][safepoint    ] Entering safepoint region: RevokeBias
[2022-06-13T01:30:11.309+0000][1][safepoint    ] Leaving safepoint region
[2022-06-13T01:30:11.309+0000][1][safepoint    ] Total time for which application threads were stopped: 0.0004999 seconds, Stopping threads took: 0.0002573 seconds
[2022-06-13T01:30:11.498+0000][1][safepoint    ] Application time: 0.1881497 seconds
[2022-06-13T01:30:11.498+0000][1][safepoint    ] Entering safepoint region: RevokeBias
[2022-06-13T01:30:11.498+0000][1][safepoint    ] Leaving safepoint region
[2022-06-13T01:30:11.498+0000][1][safepoint    ] Total time for which application threads were stopped: 0.0004673 seconds, Stopping threads took: 0.0002162 seconds
[2022-06-13T01:30:11.618+0000][1][safepoint    ] Application time: 0.1195897 seconds
[2022-06-13T01:30:11.619+0000][1][safepoint    ] Entering safepoint region: GenCollectForAllocation
[2022-06-13T01:30:11.619+0000][1][gc,start     ] GC(21) Pause Young (Allocation Failure)
[2022-06-13T01:30:11.619+0000][1][gc,task      ] GC(21) Using 5 workers of 13 for evacuation
[2022-06-13T01:30:11.629+0000][1][gc,age       ] GC(21) Desired survivor size 4456448 bytes, new threshold 2 (max threshold 6)
[2022-06-13T01:30:11.629+0000][1][gc,age       ] GC(21) Age table with threshold 2 (max threshold 6)
[2022-06-13T01:30:11.629+0000][1][gc,age       ] GC(21) - age   1:    3888872 bytes,    3888872 total
[2022-06-13T01:30:11.629+0000][1][gc,age       ] GC(21) - age   2:    1296728 bytes,    5185600 total
[2022-06-13T01:30:11.630+0000][1][gc,age       ] GC(21) - age   3:    2831680 bytes,    8017280 total
[2022-06-13T01:30:11.630+0000][1][gc,heap      ] GC(21) ParNew: 76125K->8704K(78656K)
[2022-06-13T01:30:11.630+0000][1][gc,heap      ] GC(21) CMS: 59517K->59903K(174784K)
[2022-06-13T01:30:11.630+0000][1][gc,metaspace ] GC(21) Metaspace: 62287K->62287K(1105920K)
[2022-06-13T01:30:11.631+0000][1][gc           ] GC(21) Pause Young (Allocation Failure) 132M->66M(247M) 11.755ms
[2022-06-13T01:30:11.631+0000][1][gc,cpu       ] GC(21) User=0.06s Sys=0.00s Real=0.02s
[2022-06-13T01:30:11.631+0000][1][safepoint    ] Leaving safepoint region
[2022-06-13T01:30:11.631+0000][1][safepoint    ] Total time for which application threads were stopped: 0.0128048 seconds, Stopping threads took: 0.0003004 seconds
[2022-06-13T01:30:11.692+0000][1][safepoint    ] Application time: 0.0605293 seconds
[2022-06-13T01:30:11.693+0000][1][safepoint    ] Entering safepoint region: Deoptimize
[2022-06-13T01:30:11.693+0000][1][safepoint    ] Leaving safepoint region
[2022-06-13T01:30:11.694+0000][1][safepoint    ] Total time for which application threads were stopped: 0.0012983 seconds, Stopping threads took: 0.0002634 seconds
[2022-06-13T01:30:11.703+0000][1][safepoint    ] Application time: 0.0085279 seconds
[2022-06-13T01:30:11.704+0000][1][safepoint    ] Entering safepoint region: BulkRevokeBias
[2022-06-13T01:30:11.704+0000][1][safepoint    ] Leaving safepoint region
[2022-06-13T01:30:11.704+0000][1][safepoint    ] Total time for which application threads were stopped: 0.0008307 seconds, Stopping threads took: 0.0004473 seconds
[2022-06-13T01:30:11.706+0000][1][safepoint    ] Application time: 0.0013562 seconds
[2022-06-13T01:30:11.706+0000][1][safepoint    ] Entering safepoint region: RevokeBias
[2022-06-13T01:30:11.707+0000][1][safepoint    ] Leaving safepoint region
[2022-06-13T01:30:11.707+0000][1][safepoint    ] Total time for which application threads were stopped: 0.0007448 seconds, Stopping threads took: 0.0003431 seconds
[2022-06-13T01:30:11.708+0000][1][safepoint    ] Application time: 0.0004620 seconds
[2022-06-13T01:30:11.708+0000][1][safepoint    ] Entering safepoint region: RevokeBias
[2022-06-13T01:30:11.709+0000][1][safepoint    ] Leaving safepoint region
[2022-06-13T01:30:11.709+0000][1][safepoint    ] Total time for which application threads were stopped: 0.0007808 seconds, Stopping threads took: 0.0002636 seconds
[2022-06-13T01:30:11.710+0000][1][safepoint    ] Application time: 0.0001887 seconds
[2022-06-13T01:30:11.710+0000][1][safepoint    ] Entering safepoint region: RevokeBias
[2022-06-13T01:30:11.710+0000][1][safepoint    ] Leaving safepoint region
[2022-06-13T01:30:11.710+0000][1][safepoint    ] Total time for which application threads were stopped: 0.0006699 seconds, Stopping threads took: 0.0003682 seconds
[2022-06-13T01:30:11.711+0000][1][safepoint    ] Application time: 0.0001438 seconds
[2022-06-13T01:30:11.711+0000][1][safepoint    ] Entering safepoint region: RevokeBias
[2022-06-13T01:30:11.711+0000][1][safepoint    ] Leaving safepoint region
[2022-06-13T01:30:11.712+0000][1][safepoint    ] Total time for which application threads were stopped: 0.0006389 seconds, Stopping threads took: 0.0001515 seconds
[2022-06-13T01:30:11.712+0000][1][safepoint    ] Application time: 0.0002488 seconds
[2022-06-13T01:30:11.713+0000][1][safepoint    ] Entering safepoint region: RevokeBias
[2022-06-13T01:30:11.713+0000][1][safepoint    ] Leaving safepoint region
[2022-06-13T01:30:11.713+0000][1][safepoint    ] Total time for which application threads were stopped: 0.0006807 seconds, Stopping threads took: 0.0002037 seconds
[2022-06-13T01:30:11.714+0000][1][safepoint    ] Application time: 0.0003144 seconds
[2022-06-13T01:30:11.714+0000][1][safepoint    ] Entering safepoint region: RevokeBias
[2022-06-13T01:30:11.715+0000][1][safepoint    ] Leaving safepoint region
[2022-06-13T01:30:11.715+0000][1][safepoint    ] Total time for which application threads were stopped: 0.0007248 seconds, Stopping threads took: 0.0003927 seconds
[2022-06-13T01:30:11.716+0000][1][safepoint    ] Application time: 0.0005588 seconds
[2022-06-13T01:30:11.716+0000][1][safepoint    ] Entering safepoint region: RevokeBias
[2022-06-13T01:30:11.716+0000][1][safepoint    ] Leaving safepoint region
[2022-06-13T01:30:11.717+0000][1][safepoint    ] Total time for which application threads were stopped: 0.0004623 seconds, Stopping threads took: 0.0002321 seconds
[2022-06-13T01:30:11.717+0000][1][safepoint    ] Application time: 0.0001786 seconds
[2022-06-13T01:30:11.717+0000][1][safepoint    ] Entering safepoint region: RevokeBias
[2022-06-13T01:30:11.718+0000][1][safepoint    ] Leaving safepoint region
[2022-06-13T01:30:11.718+0000][1][safepoint    ] Total time for which application threads were stopped: 0.0007344 seconds, Stopping threads took: 0.0003567 seconds
[2022-06-13T01:30:11.720+0000][1][safepoint    ] Application time: 0.0018288 seconds
[2022-06-13T01:30:11.720+0000][1][safepoint    ] Entering safepoint region: RevokeBias
[2022-06-13T01:30:11.721+0000][1][safepoint    ] Leaving safepoint region
[2022-06-13T01:30:11.721+0000][1][safepoint    ] Total time for which application threads were stopped: 0.0004027 seconds, Stopping threads took: 0.0001977 seconds
[2022-06-13T01:30:11.722+0000][1][safepoint    ] Application time: 0.0011827 seconds
[2022-06-13T01:30:11.722+0000][1][safepoint    ] Entering safepoint region: RevokeBias
[2022-06-13T01:30:11.723+0000][1][safepoint    ] Leaving safepoint region
[2022-06-13T01:30:11.723+0000][1][safepoint    ] Total time for which application threads were stopped: 0.0004295 seconds, Stopping threads took: 0.0002102 seconds
[2022-06-13T01:30:11.723+0000][1][safepoint    ] Application time: 0.0001526 seconds
[2022-06-13T01:30:11.723+0000][1][safepoint    ] Entering safepoint region: RevokeBias
[2022-06-13T01:30:11.724+0000][1][safepoint    ] Leaving safepoint region
[2022-06-13T01:30:11.724+0000][1][safepoint    ] Total time for which application threads were stopped: 0.0004049 seconds, Stopping threads took: 0.0002027 seconds
[2022-06-13T01:30:11.725+0000][1][safepoint    ] Application time: 0.0011785 seconds
[2022-06-13T01:30:11.725+0000][1][safepoint    ] Entering safepoint region: RevokeBias
[2022-06-13T01:30:11.726+0000][1][safepoint    ] Leaving safepoint region
[2022-06-13T01:30:11.726+0000][1][safepoint    ] Total time for which application threads were stopped: 0.0005635 seconds, Stopping threads took: 0.0003342 seconds
[2022-06-13T01:30:11.727+0000][1][safepoint    ] Application time: 0.0007757 seconds
[2022-06-13T01:30:11.727+0000][1][safepoint    ] Entering safepoint region: RevokeBias
[2022-06-13T01:30:11.727+0000][1][safepoint    ] Leaving safepoint region
[2022-06-13T01:30:11.727+0000][1][safepoint    ] Total time for which application threads were stopped: 0.0003769 seconds, Stopping threads took: 0.0001897 seconds
[2022-06-13T01:30:11.728+0000][1][safepoint    ] Application time: 0.0004698 seconds
[2022-06-13T01:30:11.728+0000][1][safepoint    ] Entering safepoint region: RevokeBias
[2022-06-13T01:30:11.729+0000][1][safepoint    ] Leaving safepoint region
[2022-06-13T01:30:11.729+0000][1][safepoint    ] Total time for which application threads were stopped: 0.0004844 seconds, Stopping threads took: 0.0002953 seconds
[2022-06-13T01:30:11.729+0000][1][safepoint    ] Application time: 0.0005165 seconds
[2022-06-13T01:30:11.730+0000][1][safepoint    ] Entering safepoint region: RevokeBias
[2022-06-13T01:30:11.730+0000][1][safepoint    ] Leaving safepoint region
[2022-06-13T01:30:11.730+0000][1][safepoint    ] Total time for which application threads were stopped: 0.0003454 seconds, Stopping threads took: 0.0001444 seconds
[2022-06-13T01:30:11.731+0000][1][safepoint    ] Application time: 0.0005573 seconds
[2022-06-13T01:30:11.731+0000][1][safepoint    ] Entering safepoint region: RevokeBias
[2022-06-13T01:30:11.731+0000][1][safepoint    ] Leaving safepoint region
[2022-06-13T01:30:11.731+0000][1][safepoint    ] Total time for which application threads were stopped: 0.0003454 seconds, Stopping threads took: 0.0001612 seconds
[2022-06-13T01:30:11.732+0000][1][safepoint    ] Application time: 0.0002375 seconds
[2022-06-13T01:30:11.732+0000][1][safepoint    ] Entering safepoint region: RevokeBias
[2022-06-13T01:30:11.732+0000][1][safepoint    ] Leaving safepoint region
[2022-06-13T01:30:11.732+0000][1][safepoint    ] Total time for which application threads were stopped: 0.0005034 seconds, Stopping threads took: 0.0002713 seconds
[2022-06-13T01:30:11.733+0000][1][safepoint    ] Application time: 0.0003119 seconds
[2022-06-13T01:30:11.733+0000][1][safepoint    ] Entering safepoint region: RevokeBias
[2022-06-13T01:30:11.733+0000][1][safepoint    ] Leaving safepoint region
[2022-06-13T01:30:11.734+0000][1][safepoint    ] Total time for which application threads were stopped: 0.0005535 seconds, Stopping threads took: 0.0002753 seconds
[2022-06-13T01:30:11.735+0000][1][safepoint    ] Application time: 0.0008778 seconds
[2022-06-13T01:30:11.735+0000][1][safepoint    ] Entering safepoint region: RevokeBias
[2022-06-13T01:30:11.736+0000][1][safepoint    ] Leaving safepoint region
[2022-06-13T01:30:11.736+0000][1][safepoint    ] Total time for which application threads were stopped: 0.0010810 seconds, Stopping threads took: 0.0002887 seconds
[2022-06-13T01:30:11.737+0000][1][safepoint    ] Application time: 0.0007061 seconds
[2022-06-13T01:30:11.738+0000][1][safepoint    ] Entering safepoint region: RevokeBias
[2022-06-13T01:30:11.738+0000][1][safepoint    ] Leaving safepoint region
[2022-06-13T01:30:11.738+0000][1][safepoint    ] Total time for which application threads were stopped: 0.0006911 seconds, Stopping threads took: 0.0004745 seconds
[2022-06-13T01:30:11.739+0000][1][safepoint    ] Application time: 0.0004213 seconds
[2022-06-13T01:30:11.739+0000][1][safepoint    ] Entering safepoint region: RevokeBias
[2022-06-13T01:30:11.740+0000][1][safepoint    ] Leaving safepoint region
[2022-06-13T01:30:11.740+0000][1][safepoint    ] Total time for which application threads were stopped: 0.0005713 seconds, Stopping threads took: 0.0002512 seconds
[2022-06-13T01:30:11.741+0000][1][safepoint    ] Application time: 0.0003566 seconds
[2022-06-13T01:30:11.741+0000][1][safepoint    ] Entering safepoint region: RevokeBias
[2022-06-13T01:30:11.741+0000][1][safepoint    ] Leaving safepoint region
[2022-06-13T01:30:11.742+0000][1][safepoint    ] Total time for which application threads were stopped: 0.0004549 seconds, Stopping threads took: 0.0002384 seconds
[2022-06-13T01:30:11.742+0000][1][safepoint    ] Application time: 0.0004442 seconds
[2022-06-13T01:30:11.743+0000][1][safepoint    ] Entering safepoint region: RevokeBias
[2022-06-13T01:30:11.743+0000][1][safepoint    ] Leaving safepoint region
[2022-06-13T01:30:11.743+0000][1][safepoint    ] Total time for which application threads were stopped: 0.0004983 seconds, Stopping threads took: 0.0002704 seconds
[2022-06-13T01:30:11.744+0000][1][safepoint    ] Application time: 0.0005609 seconds
[2022-06-13T01:30:11.744+0000][1][safepoint    ] Entering safepoint region: RevokeBias
[2022-06-13T01:30:11.745+0000][1][safepoint    ] Leaving safepoint region
[2022-06-13T01:30:11.745+0000][1][safepoint    ] Total time for which application threads were stopped: 0.0013389 seconds, Stopping threads took: 0.0006582 seconds
[2022-06-13T01:30:11.746+0000][1][safepoint    ] Application time: 0.0003762 seconds
[2022-06-13T01:30:11.746+0000][1][safepoint    ] Entering safepoint region: RevokeBias
[2022-06-13T01:30:11.747+0000][1][safepoint    ] Leaving safepoint region
[2022-06-13T01:30:11.747+0000][1][safepoint    ] Total time for which application threads were stopped: 0.0007128 seconds, Stopping threads took: 0.0003669 seconds
[2022-06-13T01:30:11.748+0000][1][safepoint    ] Application time: 0.0003616 seconds
[2022-06-13T01:30:11.748+0000][1][safepoint    ] Entering safepoint region: RevokeBias
[2022-06-13T01:30:11.748+0000][1][safepoint    ] Leaving safepoint region
[2022-06-13T01:30:11.749+0000][1][safepoint    ] Total time for which application threads were stopped: 0.0006699 seconds, Stopping threads took: 0.0002384 seconds
[2022-06-13T01:30:11.750+0000][1][safepoint    ] Application time: 0.0008357 seconds
[2022-06-13T01:30:11.750+0000][1][safepoint    ] Entering safepoint region: RevokeBias
[2022-06-13T01:30:11.750+0000][1][safepoint    ] Leaving safepoint region
[2022-06-13T01:30:11.751+0000][1][safepoint    ] Total time for which application threads were stopped: 0.0004819 seconds, Stopping threads took: 0.0002281 seconds
[2022-06-13T01:30:11.751+0000][1][safepoint    ] Application time: 0.0002636 seconds
[2022-06-13T01:30:11.751+0000][1][safepoint    ] Entering safepoint region: RevokeBias
[2022-06-13T01:30:11.752+0000][1][safepoint    ] Leaving safepoint region
[2022-06-13T01:30:11.752+0000][1][safepoint    ] Total time for which application threads were stopped: 0.0005703 seconds, Stopping threads took: 0.0003378 seconds
[2022-06-13T01:30:11.752+0000][1][safepoint    ] Application time: 0.0004539 seconds
[2022-06-13T01:30:11.753+0000][1][safepoint    ] Entering safepoint region: RevokeBias
[2022-06-13T01:30:11.753+0000][1][safepoint    ] Leaving safepoint region
[2022-06-13T01:30:11.753+0000][1][safepoint    ] Total time for which application threads were stopped: 0.0003574 seconds, Stopping threads took: 0.0001634 seconds
[2022-06-13T01:30:11.753+0000][1][safepoint    ] Application time: 0.0002512 seconds
[2022-06-13T01:30:11.754+0000][1][safepoint    ] Entering safepoint region: RevokeBias
[2022-06-13T01:30:11.754+0000][1][safepoint    ] Leaving safepoint region
[2022-06-13T01:30:11.754+0000][1][safepoint    ] Total time for which application threads were stopped: 0.0003632 seconds, Stopping threads took: 0.0001679 seconds
[2022-06-13T01:30:11.755+0000][1][safepoint    ] Application time: 0.0004248 seconds
[2022-06-13T01:30:11.755+0000][1][safepoint    ] Entering safepoint region: BulkRevokeBias
[2022-06-13T01:30:11.755+0000][1][safepoint    ] Leaving safepoint region
[2022-06-13T01:30:11.756+0000][1][safepoint    ] Total time for which application threads were stopped: 0.0008260 seconds, Stopping threads took: 0.0001995 seconds
[2022-06-13T01:30:11.756+0000][1][safepoint    ] Application time: 0.0005248 seconds
[2022-06-13T01:30:11.757+0000][1][safepoint    ] Entering safepoint region: BulkRevokeBias
[2022-06-13T01:30:11.757+0000][1][safepoint    ] Leaving safepoint region
[2022-06-13T01:30:11.757+0000][1][safepoint    ] Total time for which application threads were stopped: 0.0004844 seconds, Stopping threads took: 0.0001849 seconds
[2022-06-13T01:30:11.758+0000][1][safepoint    ] Application time: 0.0003710 seconds
[2022-06-13T01:30:11.758+0000][1][safepoint    ] Entering safepoint region: RevokeBias
[2022-06-13T01:30:11.758+0000][1][safepoint    ] Leaving safepoint region
[2022-06-13T01:30:11.759+0000][1][safepoint    ] Total time for which application threads were stopped: 0.0003925 seconds, Stopping threads took: 0.0002126 seconds
[2022-06-13T01:30:11.759+0000][1][safepoint    ] Application time: 0.0003210 seconds
[2022-06-13T01:30:11.759+0000][1][safepoint    ] Entering safepoint region: RevokeBias
[2022-06-13T01:30:11.760+0000][1][safepoint    ] Leaving safepoint region
[2022-06-13T01:30:11.760+0000][1][safepoint    ] Total time for which application threads were stopped: 0.0004349 seconds, Stopping threads took: 0.0002686 seconds
[2022-06-13T01:30:11.761+0000][1][safepoint    ] Application time: 0.0008182 seconds
[2022-06-13T01:30:11.761+0000][1][safepoint    ] Entering safepoint region: RevokeBias
[2022-06-13T01:30:11.761+0000][1][safepoint    ] Leaving safepoint region
[2022-06-13T01:30:11.761+0000][1][safepoint    ] Total time for which application threads were stopped: 0.0003415 seconds, Stopping threads took: 0.0001629 seconds
[2022-06-13T01:30:11.761+0000][1][safepoint    ] Application time: 0.0001570 seconds
[2022-06-13T01:30:11.762+0000][1][safepoint    ] Entering safepoint region: RevokeBias
[2022-06-13T01:30:11.762+0000][1][safepoint    ] Leaving safepoint region
[2022-06-13T01:30:11.762+0000][1][safepoint    ] Total time for which application threads were stopped: 0.0004056 seconds, Stopping threads took: 0.0002440 seconds
[2022-06-13T01:30:11.763+0000][1][safepoint    ] Application time: 0.0005882 seconds
[2022-06-13T01:30:11.763+0000][1][safepoint    ] Entering safepoint region: RevokeBias
[2022-06-13T01:30:11.764+0000][1][safepoint    ] Leaving safepoint region
[2022-06-13T01:30:11.764+0000][1][safepoint    ] Total time for which application threads were stopped: 0.0004092 seconds, Stopping threads took: 0.0002160 seconds
[2022-06-13T01:30:11.764+0000][1][safepoint    ] Application time: 0.0001933 seconds
[2022-06-13T01:30:11.764+0000][1][safepoint    ] Entering safepoint region: RevokeBias
[2022-06-13T01:30:11.765+0000][1][safepoint    ] Leaving safepoint region
[2022-06-13T01:30:11.765+0000][1][safepoint    ] Total time for which application threads were stopped: 0.0005486 seconds, Stopping threads took: 0.0003529 seconds
[2022-06-13T01:30:11.765+0000][1][safepoint    ] Application time: 0.0002275 seconds
[2022-06-13T01:30:11.765+0000][1][safepoint    ] Entering safepoint region: RevokeBias
[2022-06-13T01:30:11.766+0000][1][safepoint    ] Leaving safepoint region
[2022-06-13T01:30:11.766+0000][1][safepoint    ] Total time for which application threads were stopped: 0.0007045 seconds, Stopping threads took: 0.0003360 seconds
[2022-06-13T01:30:11.767+0000][1][safepoint    ] Application time: 0.0001595 seconds
[2022-06-13T01:30:11.767+0000][1][safepoint    ] Entering safepoint region: RevokeBias
[2022-06-13T01:30:11.767+0000][1][safepoint    ] Leaving safepoint region
[2022-06-13T01:30:11.767+0000][1][safepoint    ] Total time for which application threads were stopped: 0.0004530 seconds, Stopping threads took: 0.0001417 seconds
[2022-06-13T01:30:11.768+0000][1][safepoint    ] Application time: 0.0004012 seconds
[2022-06-13T01:30:11.768+0000][1][safepoint    ] Entering safepoint region: RevokeBias
[2022-06-13T01:30:11.768+0000][1][safepoint    ] Leaving safepoint region
[2022-06-13T01:30:11.769+0000][1][safepoint    ] Total time for which application threads were stopped: 0.0003817 seconds, Stopping threads took: 0.0002150 seconds
[2022-06-13T01:30:11.769+0000][1][safepoint    ] Application time: 0.0002659 seconds
[2022-06-13T01:30:11.769+0000][1][safepoint    ] Entering safepoint region: RevokeBias
[2022-06-13T01:30:11.770+0000][1][safepoint    ] Leaving safepoint region
[2022-06-13T01:30:11.770+0000][1][safepoint    ] Total time for which application threads were stopped: 0.0004065 seconds, Stopping threads took: 0.0002265 seconds
[2022-06-13T01:30:11.773+0000][1][safepoint    ] Application time: 0.0033119 seconds
[2022-06-13T01:30:11.773+0000][1][safepoint    ] Entering safepoint region: RevokeBias
[2022-06-13T01:30:11.774+0000][1][safepoint    ] Leaving safepoint region
[2022-06-13T01:30:11.774+0000][1][safepoint    ] Total time for which application threads were stopped: 0.0004848 seconds, Stopping threads took: 0.0001672 seconds
[2022-06-13T01:30:12.048+0000][1][safepoint    ] Application time: 0.2743341 seconds
[2022-06-13T01:30:12.049+0000][1][safepoint    ] Entering safepoint region: RevokeBias
[2022-06-13T01:30:12.050+0000][1][safepoint    ] Leaving safepoint region
[2022-06-13T01:30:12.050+0000][1][safepoint    ] Total time for which application threads were stopped: 0.0013202 seconds, Stopping threads took: 0.0006767 seconds
[2022-06-13T01:30:12.424+0000][1][safepoint    ] Application time: 0.3730251 seconds
[2022-06-13T01:30:12.425+0000][1][safepoint    ] Entering safepoint region: RevokeBias
[2022-06-13T01:30:12.425+0000][1][safepoint    ] Leaving safepoint region
[2022-06-13T01:30:12.425+0000][1][safepoint    ] Total time for which application threads were stopped: 0.0007161 seconds, Stopping threads took: 0.0002991 seconds
[2022-06-13T01:30:12.426+0000][1][safepoint    ] Application time: 0.0001422 seconds
[2022-06-13T01:30:12.426+0000][1][safepoint    ] Entering safepoint region: RevokeBias
[2022-06-13T01:30:12.426+0000][1][safepoint    ] Leaving safepoint region
[2022-06-13T01:30:12.427+0000][1][safepoint    ] Total time for which application threads were stopped: 0.0006810 seconds, Stopping threads took: 0.0002279 seconds
[2022-06-13T01:30:12.428+0000][1][safepoint    ] Application time: 0.0011866 seconds
[2022-06-13T01:30:12.429+0000][1][safepoint    ] Entering safepoint region: RevokeBias
[2022-06-13T01:30:12.429+0000][1][safepoint    ] Leaving safepoint region
[2022-06-13T01:30:12.430+0000][1][safepoint    ] Total time for which application threads were stopped: 0.0011934 seconds, Stopping threads took: 0.0004060 seconds
[2022-06-13T01:30:12.431+0000][1][safepoint    ] Application time: 0.0003494 seconds
[2022-06-13T01:30:12.432+0000][1][safepoint    ] Entering safepoint region: RevokeBias
[2022-06-13T01:30:12.432+0000][1][safepoint    ] Leaving safepoint region
[2022-06-13T01:30:12.433+0000][1][safepoint    ] Total time for which application threads were stopped: 0.0011001 seconds, Stopping threads took: 0.0004879 seconds
[2022-06-13T01:30:12.434+0000][1][safepoint    ] Application time: 0.0002844 seconds
[2022-06-13T01:30:12.434+0000][1][safepoint    ] Entering safepoint region: BulkRevokeBias
[2022-06-13T01:30:12.435+0000][1][safepoint    ] Leaving safepoint region
[2022-06-13T01:30:12.435+0000][1][safepoint    ] Total time for which application threads were stopped: 0.0009385 seconds, Stopping threads took: 0.0003132 seconds
[2022-06-13T01:30:12.487+0000][1][safepoint    ] Application time: 0.0506409 seconds
[2022-06-13T01:30:12.487+0000][1][safepoint    ] Entering safepoint region: RevokeBias
[2022-06-13T01:30:12.488+0000][1][safepoint    ] Leaving safepoint region
[2022-06-13T01:30:12.489+0000][1][safepoint    ] Total time for which application threads were stopped: 0.0012280 seconds, Stopping threads took: 0.0007800 seconds
[2022-06-13T01:30:12.489+0000][1][safepoint    ] Application time: 0.0002060 seconds
[2022-06-13T01:30:12.490+0000][1][safepoint    ] Entering safepoint region: RevokeBias
[2022-06-13T01:30:12.490+0000][1][safepoint    ] Leaving safepoint region
[2022-06-13T01:30:12.491+0000][1][safepoint    ] Total time for which application threads were stopped: 0.0011446 seconds, Stopping threads took: 0.0007375 seconds
[2022-06-13T01:30:12.491+0000][1][safepoint    ] Application time: 0.0002189 seconds
[2022-06-13T01:30:12.492+0000][1][safepoint    ] Entering safepoint region: RevokeBias
[2022-06-13T01:30:12.492+0000][1][safepoint    ] Leaving safepoint region
[2022-06-13T01:30:12.492+0000][1][safepoint    ] Total time for which application threads were stopped: 0.0007035 seconds, Stopping threads took: 0.0003728 seconds
[2022-06-13T01:30:12.493+0000][1][safepoint    ] Application time: 0.0002100 seconds
[2022-06-13T01:30:12.493+0000][1][safepoint    ] Entering safepoint region: RevokeBias
[2022-06-13T01:30:12.494+0000][1][safepoint    ] Leaving safepoint region
[2022-06-13T01:30:12.494+0000][1][safepoint    ] Total time for which application threads were stopped: 0.0005565 seconds, Stopping threads took: 0.0003075 seconds
[2022-06-13T01:30:12.494+0000][1][safepoint    ] Application time: 0.0001593 seconds
[2022-06-13T01:30:12.494+0000][1][safepoint    ] Entering safepoint region: RevokeBias
[2022-06-13T01:30:12.495+0000][1][safepoint    ] Leaving safepoint region
[2022-06-13T01:30:12.495+0000][1][safepoint    ] Total time for which application threads were stopped: 0.0006182 seconds, Stopping threads took: 0.0002315 seconds
[2022-06-13T01:30:12.495+0000][1][safepoint    ] Application time: 0.0001636 seconds
[2022-06-13T01:30:12.496+0000][1][safepoint    ] Entering safepoint region: RevokeBias
[2022-06-13T01:30:12.496+0000][1][safepoint    ] Leaving safepoint region
[2022-06-13T01:30:12.496+0000][1][safepoint    ] Total time for which application threads were stopped: 0.0005519 seconds, Stopping threads took: 0.0002742 seconds
[2022-06-13T01:30:12.497+0000][1][safepoint    ] Application time: 0.0002921 seconds
[2022-06-13T01:30:12.497+0000][1][safepoint    ] Entering safepoint region: RevokeBias
[2022-06-13T01:30:12.498+0000][1][safepoint    ] Leaving safepoint region
[2022-06-13T01:30:12.498+0000][1][safepoint    ] Total time for which application threads were stopped: 0.0006531 seconds, Stopping threads took: 0.0003475 seconds
[2022-06-13T01:30:12.498+0000][1][safepoint    ] Application time: 0.0002114 seconds
[2022-06-13T01:30:12.499+0000][1][safepoint    ] Entering safepoint region: RevokeBias
[2022-06-13T01:30:12.500+0000][1][safepoint    ] Leaving safepoint region
[2022-06-13T01:30:12.500+0000][1][safepoint    ] Total time for which application threads were stopped: 0.0009341 seconds, Stopping threads took: 0.0004244 seconds
[2022-06-13T01:30:12.505+0000][1][safepoint    ] Application time: 0.0048078 seconds
[2022-06-13T01:30:12.506+0000][1][safepoint    ] Entering safepoint region: RevokeBias
[2022-06-13T01:30:12.506+0000][1][safepoint    ] Leaving safepoint region
[2022-06-13T01:30:12.506+0000][1][safepoint    ] Total time for which application threads were stopped: 0.0007564 seconds, Stopping threads took: 0.0003747 seconds
[2022-06-13T01:30:12.508+0000][1][safepoint    ] Application time: 0.0016298 seconds
[2022-06-13T01:30:12.509+0000][1][safepoint    ] Entering safepoint region: RevokeBias
[2022-06-13T01:30:12.509+0000][1][safepoint    ] Leaving safepoint region
[2022-06-13T01:30:12.510+0000][1][safepoint    ] Total time for which application threads were stopped: 0.0009791 seconds, Stopping threads took: 0.0004821 seconds
[2022-06-13T01:30:12.510+0000][1][safepoint    ] Application time: 0.0002765 seconds
[2022-06-13T01:30:12.511+0000][1][safepoint    ] Entering safepoint region: RevokeBias
[2022-06-13T01:30:12.511+0000][1][safepoint    ] Leaving safepoint region
[2022-06-13T01:30:12.511+0000][1][safepoint    ] Total time for which application threads were stopped: 0.0008435 seconds, Stopping threads took: 0.0004675 seconds
[2022-06-13T01:30:12.515+0000][1][safepoint    ] Application time: 0.0035933 seconds
[2022-06-13T01:30:12.516+0000][1][safepoint    ] Entering safepoint region: RevokeBias
[2022-06-13T01:30:12.516+0000][1][safepoint    ] Leaving safepoint region
[2022-06-13T01:30:12.517+0000][1][safepoint    ] Total time for which application threads were stopped: 0.0007943 seconds, Stopping threads took: 0.0004056 seconds
[2022-06-13T01:30:12.534+0000][1][safepoint    ] Application time: 0.0165606 seconds
[2022-06-13T01:30:12.534+0000][1][safepoint    ] Entering safepoint region: RevokeBias
[2022-06-13T01:30:12.535+0000][1][safepoint    ] Leaving safepoint region
[2022-06-13T01:30:12.535+0000][1][safepoint    ] Total time for which application threads were stopped: 0.0010306 seconds, Stopping threads took: 0.0004149 seconds
[2022-06-13T01:30:12.536+0000][1][safepoint    ] Application time: 0.0002580 seconds
[2022-06-13T01:30:12.536+0000][1][safepoint    ] Entering safepoint region: RevokeBias
[2022-06-13T01:30:12.537+0000][1][safepoint    ] Leaving safepoint region
[2022-06-13T01:30:12.537+0000][1][safepoint    ] Total time for which application threads were stopped: 0.0006336 seconds, Stopping threads took: 0.0002990 seconds
[2022-06-13T01:30:12.538+0000][1][safepoint    ] Application time: 0.0002851 seconds
[2022-06-13T01:30:12.538+0000][1][safepoint    ] Entering safepoint region: RevokeBias
[2022-06-13T01:30:12.538+0000][1][safepoint    ] Leaving safepoint region
[2022-06-13T01:30:12.539+0000][1][safepoint    ] Total time for which application threads were stopped: 0.0006920 seconds, Stopping threads took: 0.0003518 seconds
[2022-06-13T01:30:12.540+0000][1][safepoint    ] Application time: 0.0014096 seconds
[2022-06-13T01:30:12.541+0000][1][safepoint    ] Entering safepoint region: RevokeBias
[2022-06-13T01:30:12.541+0000][1][safepoint    ] Leaving safepoint region
[2022-06-13T01:30:12.542+0000][1][safepoint    ] Total time for which application threads were stopped: 0.0009606 seconds, Stopping threads took: 0.0003972 seconds
[2022-06-13T01:30:12.542+0000][1][safepoint    ] Application time: 0.0002208 seconds
[2022-06-13T01:30:12.543+0000][1][safepoint    ] Entering safepoint region: RevokeBias
[2022-06-13T01:30:12.543+0000][1][safepoint    ] Leaving safepoint region
[2022-06-13T01:30:12.544+0000][1][safepoint    ] Total time for which application threads were stopped: 0.0008194 seconds, Stopping threads took: 0.0002294 seconds
[2022-06-13T01:30:12.544+0000][1][safepoint    ] Application time: 0.0001957 seconds
[2022-06-13T01:30:12.544+0000][1][safepoint    ] Entering safepoint region: RevokeBias
[2022-06-13T01:30:12.545+0000][1][safepoint    ] Leaving safepoint region
[2022-06-13T01:30:12.545+0000][1][safepoint    ] Total time for which application threads were stopped: 0.0006054 seconds, Stopping threads took: 0.0002650 seconds
[2022-06-13T01:30:12.546+0000][1][safepoint    ] Application time: 0.0010433 seconds
[2022-06-13T01:30:12.547+0000][1][safepoint    ] Entering safepoint region: RevokeBias
[2022-06-13T01:30:12.547+0000][1][safepoint    ] Leaving safepoint region
[2022-06-13T01:30:12.547+0000][1][safepoint    ] Total time for which application threads were stopped: 0.0007035 seconds, Stopping threads took: 0.0002103 seconds
[2022-06-13T01:30:12.549+0000][1][safepoint    ] Application time: 0.0010790 seconds
[2022-06-13T01:30:12.549+0000][1][safepoint    ] Entering safepoint region: RevokeBias
[2022-06-13T01:30:12.549+0000][1][safepoint    ] Leaving safepoint region
[2022-06-13T01:30:12.550+0000][1][safepoint    ] Total time for which application threads were stopped: 0.0005949 seconds, Stopping threads took: 0.0002683 seconds
[2022-06-13T01:30:12.551+0000][1][safepoint    ] Application time: 0.0008792 seconds
[2022-06-13T01:30:12.551+0000][1][safepoint    ] Entering safepoint region: RevokeBias
[2022-06-13T01:30:12.552+0000][1][safepoint    ] Leaving safepoint region
[2022-06-13T01:30:12.552+0000][1][safepoint    ] Total time for which application threads were stopped: 0.0008837 seconds, Stopping threads took: 0.0004026 seconds
[2022-06-13T01:30:12.553+0000][1][safepoint    ] Application time: 0.0005573 seconds
[2022-06-13T01:30:12.553+0000][1][safepoint    ] Entering safepoint region: RevokeBias
[2022-06-13T01:30:12.554+0000][1][safepoint    ] Leaving safepoint region
[2022-06-13T01:30:12.554+0000][1][safepoint    ] Total time for which application threads were stopped: 0.0011196 seconds, Stopping threads took: 0.0006616 seconds
[2022-06-13T01:30:12.556+0000][1][safepoint    ] Application time: 0.0016257 seconds
[2022-06-13T01:30:12.556+0000][1][safepoint    ] Entering safepoint region: RevokeBias
[2022-06-13T01:30:12.557+0000][1][safepoint    ] Leaving safepoint region
[2022-06-13T01:30:12.557+0000][1][safepoint    ] Total time for which application threads were stopped: 0.0003901 seconds, Stopping threads took: 0.0001852 seconds
[2022-06-13T01:30:12.557+0000][1][safepoint    ] Application time: 0.0004319 seconds
[2022-06-13T01:30:12.558+0000][1][safepoint    ] Entering safepoint region: RevokeBias
[2022-06-13T01:30:12.558+0000][1][safepoint    ] Leaving safepoint region
[2022-06-13T01:30:12.558+0000][1][safepoint    ] Total time for which application threads were stopped: 0.0007641 seconds, Stopping threads took: 0.0004853 seconds
[2022-06-13T01:30:12.559+0000][1][safepoint    ] Application time: 0.0001994 seconds
[2022-06-13T01:30:12.559+0000][1][safepoint    ] Entering safepoint region: RevokeBias
[2022-06-13T01:30:12.559+0000][1][safepoint    ] Leaving safepoint region
[2022-06-13T01:30:12.560+0000][1][safepoint    ] Total time for which application threads were stopped: 0.0006196 seconds, Stopping threads took: 0.0002811 seconds
[2022-06-13T01:30:12.561+0000][1][safepoint    ] Application time: 0.0010351 seconds
[2022-06-13T01:30:12.561+0000][1][safepoint    ] Entering safepoint region: RevokeBias
[2022-06-13T01:30:12.562+0000][1][safepoint    ] Leaving safepoint region
[2022-06-13T01:30:12.562+0000][1][safepoint    ] Total time for which application threads were stopped: 0.0006520 seconds, Stopping threads took: 0.0003225 seconds
[2022-06-13T01:30:12.565+0000][1][safepoint    ] Application time: 0.0027557 seconds
[2022-06-13T01:30:12.565+0000][1][safepoint    ] Entering safepoint region: RevokeBias
[2022-06-13T01:30:12.566+0000][1][safepoint    ] Leaving safepoint region
[2022-06-13T01:30:12.566+0000][1][safepoint    ] Total time for which application threads were stopped: 0.0006406 seconds, Stopping threads took: 0.0003152 seconds
[2022-06-13T01:30:12.566+0000][1][safepoint    ] Application time: 0.0001910 seconds
[2022-06-13T01:30:12.567+0000][1][safepoint    ] Entering safepoint region: RevokeBias
[2022-06-13T01:30:12.567+0000][1][safepoint    ] Leaving safepoint region
[2022-06-13T01:30:12.567+0000][1][safepoint    ] Total time for which application threads were stopped: 0.0006319 seconds, Stopping threads took: 0.0002688 seconds
[2022-06-13T01:30:12.568+0000][1][safepoint    ] Application time: 0.0002628 seconds
[2022-06-13T01:30:12.568+0000][1][safepoint    ] Entering safepoint region: RevokeBias
[2022-06-13T01:30:12.569+0000][1][safepoint    ] Leaving safepoint region
[2022-06-13T01:30:12.570+0000][1][safepoint    ] Total time for which application threads were stopped: 0.0014662 seconds, Stopping threads took: 0.0011021 seconds
[2022-06-13T01:30:12.571+0000][1][safepoint    ] Application time: 0.0006141 seconds
[2022-06-13T01:30:12.571+0000][1][safepoint    ] Entering safepoint region: RevokeBias
[2022-06-13T01:30:12.571+0000][1][safepoint    ] Leaving safepoint region
[2022-06-13T01:30:12.572+0000][1][safepoint    ] Total time for which application threads were stopped: 0.0005849 seconds, Stopping threads took: 0.0002959 seconds
[2022-06-13T01:30:12.572+0000][1][safepoint    ] Application time: 0.0003528 seconds
[2022-06-13T01:30:12.572+0000][1][safepoint    ] Entering safepoint region: RevokeBias
[2022-06-13T01:30:12.573+0000][1][safepoint    ] Leaving safepoint region
[2022-06-13T01:30:12.573+0000][1][safepoint    ] Total time for which application threads were stopped: 0.0005864 seconds, Stopping threads took: 0.0002709 seconds
[2022-06-13T01:30:12.578+0000][1][gc,heap,exit ] Heap
[2022-06-13T01:30:12.579+0000][1][gc,heap,exit ]  par new generation   total 78656K, used 27104K [0x00000000f0000000, 0x00000000f5550000, 0x00000000f5550000)
[2022-06-13T01:30:12.579+0000][1][gc,heap,exit ]   eden space 69952K,  26% used [0x00000000f0000000, 0x00000000f11f8170, 0x00000000f4450000)
[2022-06-13T01:30:12.579+0000][1][gc,heap,exit ]   from space 8704K, 100% used [0x00000000f4450000, 0x00000000f4cd0000, 0x00000000f4cd0000)
[2022-06-13T01:30:12.580+0000][1][gc,heap,exit ]   to   space 8704K,   0% used [0x00000000f4cd0000, 0x00000000f4cd0000, 0x00000000f5550000)
[2022-06-13T01:30:12.580+0000][1][gc,heap,exit ]  concurrent mark-sweep generation total 174784K, used 59903K [0x00000000f5550000, 0x0000000100000000, 0x0000000100000000)
[2022-06-13T01:30:12.580+0000][1][gc,heap,exit ]  Metaspace       used 63594K, capacity 68449K, committed 68700K, reserved 1107968K
[2022-06-13T01:30:12.580+0000][1][gc,heap,exit ]   class space    used 8633K, capacity 10687K, committed 10736K, reserved 1048576K
[2022-06-13T01:30:12.581+0000][1][safepoint    ] Application time: 0.0073682 seconds
[2022-06-13T01:30:12.581+0000][1][safepoint    ] Entering safepoint region: Halt
