[2022-06-13T03:23:28.045+0000][1][gc] Using Concurrent Mark Sweep
[2022-06-13T03:23:28.046+0000][1][gc,heap,coops] Heap address: 0x00000000f0000000, size: 256 MB, Compressed Oops mode: 32-bit
[2022-06-13T03:23:28.078+0000][1][safepoint    ] Entering safepoint region: EnableBiasedLocking
[2022-06-13T03:23:28.079+0000][1][safepoint    ] Leaving safepoint region
[2022-06-13T03:23:28.079+0000][1][safepoint    ] Total time for which application threads were stopped: 0.0005135 seconds, Stopping threads took: 0.0002283 seconds
[2022-06-13T03:23:28.082+0000][1][safepoint    ] Application time: 0.0020774 seconds
[2022-06-13T03:23:28.082+0000][1][safepoint    ] Entering safepoint region: RevokeBias
[2022-06-13T03:23:28.082+0000][1][safepoint    ] Leaving safepoint region
[2022-06-13T03:23:28.082+0000][1][safepoint    ] Total time for which application threads were stopped: 0.0007018 seconds, Stopping threads took: 0.0003697 seconds
[2022-06-13T03:23:28.090+0000][1][safepoint    ] Application time: 0.0068488 seconds
[2022-06-13T03:23:28.090+0000][1][safepoint    ] Entering safepoint region: Deoptimize
[2022-06-13T03:23:28.090+0000][1][safepoint    ] Leaving safepoint region
[2022-06-13T03:23:28.090+0000][1][safepoint    ] Total time for which application threads were stopped: 0.0002728 seconds, Stopping threads took: 0.0001242 seconds
[2022-06-13T03:23:28.144+0000][1][safepoint    ] Application time: 0.0541924 seconds
[2022-06-13T03:23:28.145+0000][1][safepoint    ] Entering safepoint region: RevokeBias
[2022-06-13T03:23:28.145+0000][1][safepoint    ] Leaving safepoint region
[2022-06-13T03:23:28.145+0000][1][safepoint    ] Total time for which application threads were stopped: 0.0004687 seconds, Stopping threads took: 0.0002279 seconds
[2022-06-13T03:23:28.166+0000][1][safepoint    ] Application time: 0.0212912 seconds
[2022-06-13T03:23:28.167+0000][1][safepoint    ] Entering safepoint region: Deoptimize
[2022-06-13T03:23:28.167+0000][1][safepoint    ] Leaving safepoint region
[2022-06-13T03:23:28.167+0000][1][safepoint    ] Total time for which application threads were stopped: 0.0003880 seconds, Stopping threads took: 0.0001537 seconds
[2022-06-13T03:23:28.358+0000][1][safepoint    ] Application time: 0.1910281 seconds
[2022-06-13T03:23:28.358+0000][1][safepoint    ] Entering safepoint region: Deoptimize
[2022-06-13T03:23:28.359+0000][1][safepoint    ] Leaving safepoint region
[2022-06-13T03:23:28.359+0000][1][safepoint    ] Total time for which application threads were stopped: 0.0004022 seconds, Stopping threads took: 0.0001385 seconds
[2022-06-13T03:23:28.376+0000][1][safepoint    ] Application time: 0.0167405 seconds
[2022-06-13T03:23:28.376+0000][1][safepoint    ] Entering safepoint region: Deoptimize
[2022-06-13T03:23:28.376+0000][1][safepoint    ] Leaving safepoint region
[2022-06-13T03:23:28.376+0000][1][safepoint    ] Total time for which application threads were stopped: 0.0005137 seconds, Stopping threads took: 0.0001265 seconds
[2022-06-13T03:23:28.391+0000][1][safepoint    ] Application time: 0.0142768 seconds
[2022-06-13T03:23:28.391+0000][1][safepoint    ] Entering safepoint region: Deoptimize
[2022-06-13T03:23:28.391+0000][1][safepoint    ] Leaving safepoint region
[2022-06-13T03:23:28.392+0000][1][safepoint    ] Total time for which application threads were stopped: 0.0005846 seconds, Stopping threads took: 0.0002294 seconds
[2022-06-13T03:23:28.398+0000][1][safepoint    ] Application time: 0.0064452 seconds
[2022-06-13T03:23:28.399+0000][1][safepoint    ] Entering safepoint region: Deoptimize
[2022-06-13T03:23:28.399+0000][1][safepoint    ] Leaving safepoint region
[2022-06-13T03:23:28.399+0000][1][safepoint    ] Total time for which application threads were stopped: 0.0006514 seconds, Stopping threads took: 0.0002090 seconds
[2022-06-13T03:23:28.617+0000][1][safepoint    ] Application time: 0.2173967 seconds
[2022-06-13T03:23:28.617+0000][1][safepoint    ] Entering safepoint region: Deoptimize
[2022-06-13T03:23:28.618+0000][1][safepoint    ] Leaving safepoint region
[2022-06-13T03:23:28.618+0000][1][safepoint    ] Total time for which application threads were stopped: 0.0004081 seconds, Stopping threads took: 0.0001257 seconds
[2022-06-13T03:23:28.760+0000][1][safepoint    ] Application time: 0.1417965 seconds
[2022-06-13T03:23:28.760+0000][1][safepoint    ] Entering safepoint region: RevokeBias
[2022-06-13T03:23:28.760+0000][1][safepoint    ] Leaving safepoint region
[2022-06-13T03:23:28.761+0000][1][safepoint    ] Total time for which application threads were stopped: 0.0006908 seconds, Stopping threads took: 0.0003380 seconds
[2022-06-13T03:23:28.817+0000][1][safepoint    ] Application time: 0.0556459 seconds
[2022-06-13T03:23:28.817+0000][1][safepoint    ] Entering safepoint region: Deoptimize
[2022-06-13T03:23:28.817+0000][1][safepoint    ] Leaving safepoint region
[2022-06-13T03:23:28.817+0000][1][safepoint    ] Total time for which application threads were stopped: 0.0006205 seconds, Stopping threads took: 0.0002509 seconds
[2022-06-13T03:23:28.873+0000][1][safepoint    ] Application time: 0.0552637 seconds
[2022-06-13T03:23:28.873+0000][1][safepoint    ] Entering safepoint region: Deoptimize
[2022-06-13T03:23:28.873+0000][1][safepoint    ] Leaving safepoint region
[2022-06-13T03:23:28.874+0000][1][safepoint    ] Total time for which application threads were stopped: 0.0005931 seconds, Stopping threads took: 0.0001700 seconds
[2022-06-13T03:23:28.874+0000][1][safepoint    ] Application time: 0.0001473 seconds
[2022-06-13T03:23:28.874+0000][1][safepoint    ] Entering safepoint region: Deoptimize
[2022-06-13T03:23:28.875+0000][1][safepoint    ] Leaving safepoint region
[2022-06-13T03:23:28.875+0000][1][safepoint    ] Total time for which application threads were stopped: 0.0005220 seconds, Stopping threads took: 0.0002339 seconds
[2022-06-13T03:23:28.887+0000][1][safepoint    ] Application time: 0.0114926 seconds
[2022-06-13T03:23:28.887+0000][1][safepoint    ] Entering safepoint region: Deoptimize
[2022-06-13T03:23:28.888+0000][1][safepoint    ] Leaving safepoint region
[2022-06-13T03:23:28.888+0000][1][safepoint    ] Total time for which application threads were stopped: 0.0009689 seconds, Stopping threads took: 0.0004639 seconds
[2022-06-13T03:23:28.894+0000][1][safepoint    ] Application time: 0.0057877 seconds
[2022-06-13T03:23:28.895+0000][1][safepoint    ] Entering safepoint region: Deoptimize
[2022-06-13T03:23:28.895+0000][1][safepoint    ] Leaving safepoint region
[2022-06-13T03:23:28.895+0000][1][safepoint    ] Total time for which application threads were stopped: 0.0005819 seconds, Stopping threads took: 0.0002579 seconds
[2022-06-13T03:23:28.899+0000][1][safepoint    ] Application time: 0.0039511 seconds
[2022-06-13T03:23:28.900+0000][1][safepoint    ] Entering safepoint region: RevokeBias
[2022-06-13T03:23:28.900+0000][1][safepoint    ] Leaving safepoint region
[2022-06-13T03:23:28.900+0000][1][safepoint    ] Total time for which application threads were stopped: 0.0005854 seconds, Stopping threads took: 0.0003880 seconds
[2022-06-13T03:23:28.901+0000][1][safepoint    ] Application time: 0.0003025 seconds
[2022-06-13T03:23:28.901+0000][1][safepoint    ] Entering safepoint region: RevokeBias
[2022-06-13T03:23:28.901+0000][1][safepoint    ] Leaving safepoint region
[2022-06-13T03:23:28.901+0000][1][safepoint    ] Total time for which application threads were stopped: 0.0004898 seconds, Stopping threads took: 0.0002624 seconds
[2022-06-13T03:23:28.902+0000][1][safepoint    ] Application time: 0.0001823 seconds
[2022-06-13T03:23:28.902+0000][1][safepoint    ] Entering safepoint region: RevokeBias
[2022-06-13T03:23:28.903+0000][1][safepoint    ] Leaving safepoint region
[2022-06-13T03:23:28.903+0000][1][safepoint    ] Total time for which application threads were stopped: 0.0006850 seconds, Stopping threads took: 0.0004073 seconds
[2022-06-13T03:23:28.903+0000][1][safepoint    ] Application time: 0.0002396 seconds
[2022-06-13T03:23:28.903+0000][1][safepoint    ] Entering safepoint region: RevokeBias
[2022-06-13T03:23:28.904+0000][1][safepoint    ] Leaving safepoint region
[2022-06-13T03:23:28.904+0000][1][safepoint    ] Total time for which application threads were stopped: 0.0007104 seconds, Stopping threads took: 0.0003666 seconds
[2022-06-13T03:23:28.909+0000][1][safepoint    ] Application time: 0.0040962 seconds
[2022-06-13T03:23:28.909+0000][1][safepoint    ] Entering safepoint region: Deoptimize
[2022-06-13T03:23:28.910+0000][1][safepoint    ] Leaving safepoint region
[2022-06-13T03:23:28.910+0000][1][safepoint    ] Total time for which application threads were stopped: 0.0006705 seconds, Stopping threads took: 0.0003196 seconds
[2022-06-13T03:23:28.961+0000][1][safepoint    ] Application time: 0.0508144 seconds
[2022-06-13T03:23:28.961+0000][1][safepoint    ] Entering safepoint region: GenCollectForAllocation
[2022-06-13T03:23:28.962+0000][1][gc,start     ] GC(0) Pause Young (Allocation Failure)
[2022-06-13T03:23:28.963+0000][1][gc,task      ] GC(0) Using 5 workers of 13 for evacuation
[2022-06-13T03:23:28.968+0000][1][gc,age       ] GC(0) Desired survivor size 4456448 bytes, new threshold 1 (max threshold 6)
[2022-06-13T03:23:28.968+0000][1][gc,age       ] GC(0) Age table with threshold 1 (max threshold 6)
[2022-06-13T03:23:28.969+0000][1][gc,age       ] GC(0) - age   1:    8142808 bytes,    8142808 total
[2022-06-13T03:23:28.969+0000][1][gc,heap      ] GC(0) ParNew: 69952K->8062K(78656K)
[2022-06-13T03:23:28.970+0000][1][gc,heap      ] GC(0) CMS: 0K->0K(174784K)
[2022-06-13T03:23:28.970+0000][1][gc,metaspace ] GC(0) Metaspace: 12247K->12247K(1060864K)
[2022-06-13T03:23:28.970+0000][1][gc           ] GC(0) Pause Young (Allocation Failure) 68M->7M(247M) 8.481ms
[2022-06-13T03:23:28.970+0000][1][gc,cpu       ] GC(0) User=0.04s Sys=0.00s Real=0.01s
[2022-06-13T03:23:28.971+0000][1][safepoint    ] Leaving safepoint region
[2022-06-13T03:23:28.971+0000][1][safepoint    ] Total time for which application threads were stopped: 0.0096669 seconds, Stopping threads took: 0.0001857 seconds
[2022-06-13T03:23:28.972+0000][1][safepoint    ] Application time: 0.0004414 seconds
[2022-06-13T03:23:28.972+0000][1][safepoint    ] Entering safepoint region: RevokeBias
[2022-06-13T03:23:28.973+0000][1][safepoint    ] Leaving safepoint region
[2022-06-13T03:23:28.973+0000][1][safepoint    ] Total time for which application threads were stopped: 0.0010043 seconds, Stopping threads took: 0.0007300 seconds
[2022-06-13T03:23:28.974+0000][1][safepoint    ] Application time: 0.0001609 seconds
[2022-06-13T03:23:28.974+0000][1][safepoint    ] Entering safepoint region: RevokeBias
[2022-06-13T03:23:28.974+0000][1][safepoint    ] Leaving safepoint region
[2022-06-13T03:23:28.975+0000][1][safepoint    ] Total time for which application threads were stopped: 0.0008248 seconds, Stopping threads took: 0.0003822 seconds
[2022-06-13T03:23:28.976+0000][1][safepoint    ] Application time: 0.0001512 seconds
[2022-06-13T03:23:28.976+0000][1][safepoint    ] Entering safepoint region: RevokeBias
[2022-06-13T03:23:28.976+0000][1][safepoint    ] Leaving safepoint region
[2022-06-13T03:23:28.976+0000][1][safepoint    ] Total time for which application threads were stopped: 0.0005884 seconds, Stopping threads took: 0.0002850 seconds
[2022-06-13T03:23:28.977+0000][1][safepoint    ] Application time: 0.0001862 seconds
[2022-06-13T03:23:28.977+0000][1][safepoint    ] Entering safepoint region: RevokeBias
[2022-06-13T03:23:28.978+0000][1][safepoint    ] Leaving safepoint region
[2022-06-13T03:23:28.978+0000][1][safepoint    ] Total time for which application threads were stopped: 0.0008182 seconds, Stopping threads took: 0.0004375 seconds
[2022-06-13T03:23:28.978+0000][1][safepoint    ] Application time: 0.0000955 seconds
[2022-06-13T03:23:28.978+0000][1][safepoint    ] Entering safepoint region: RevokeBias
[2022-06-13T03:23:28.979+0000][1][safepoint    ] Leaving safepoint region
[2022-06-13T03:23:28.979+0000][1][safepoint    ] Total time for which application threads were stopped: 0.0003147 seconds, Stopping threads took: 0.0001630 seconds
[2022-06-13T03:23:28.979+0000][1][safepoint    ] Application time: 0.0001006 seconds
[2022-06-13T03:23:28.979+0000][1][safepoint    ] Entering safepoint region: RevokeBias
[2022-06-13T03:23:28.979+0000][1][safepoint    ] Leaving safepoint region
[2022-06-13T03:23:28.979+0000][1][safepoint    ] Total time for which application threads were stopped: 0.0004531 seconds, Stopping threads took: 0.0001900 seconds
[2022-06-13T03:23:28.980+0000][1][safepoint    ] Application time: 0.0001039 seconds
[2022-06-13T03:23:28.980+0000][1][safepoint    ] Entering safepoint region: RevokeBias
[2022-06-13T03:23:28.980+0000][1][safepoint    ] Leaving safepoint region
[2022-06-13T03:23:28.980+0000][1][safepoint    ] Total time for which application threads were stopped: 0.0005755 seconds, Stopping threads took: 0.0003371 seconds
[2022-06-13T03:23:28.981+0000][1][safepoint    ] Application time: 0.0000954 seconds
[2022-06-13T03:23:28.981+0000][1][safepoint    ] Entering safepoint region: RevokeBias
[2022-06-13T03:23:28.981+0000][1][safepoint    ] Leaving safepoint region
[2022-06-13T03:23:28.981+0000][1][safepoint    ] Total time for which application threads were stopped: 0.0003270 seconds, Stopping threads took: 0.0001857 seconds
[2022-06-13T03:23:28.982+0000][1][safepoint    ] Application time: 0.0001153 seconds
[2022-06-13T03:23:28.982+0000][1][safepoint    ] Entering safepoint region: RevokeBias
[2022-06-13T03:23:28.982+0000][1][safepoint    ] Leaving safepoint region
[2022-06-13T03:23:28.982+0000][1][safepoint    ] Total time for which application threads were stopped: 0.0004835 seconds, Stopping threads took: 0.0003036 seconds
[2022-06-13T03:23:28.983+0000][1][safepoint    ] Application time: 0.0000824 seconds
[2022-06-13T03:23:28.983+0000][1][safepoint    ] Entering safepoint region: RevokeBias
[2022-06-13T03:23:28.983+0000][1][safepoint    ] Leaving safepoint region
[2022-06-13T03:23:28.983+0000][1][safepoint    ] Total time for which application threads were stopped: 0.0003685 seconds, Stopping threads took: 0.0001923 seconds
[2022-06-13T03:23:28.984+0000][1][safepoint    ] Application time: 0.0000840 seconds
[2022-06-13T03:23:28.984+0000][1][safepoint    ] Entering safepoint region: RevokeBias
[2022-06-13T03:23:28.984+0000][1][safepoint    ] Leaving safepoint region
[2022-06-13T03:23:28.984+0000][1][safepoint    ] Total time for which application threads were stopped: 0.0003648 seconds, Stopping threads took: 0.0001725 seconds
[2022-06-13T03:23:28.984+0000][1][safepoint    ] Application time: 0.0000598 seconds
[2022-06-13T03:23:28.984+0000][1][safepoint    ] Entering safepoint region: RevokeBias
[2022-06-13T03:23:28.985+0000][1][safepoint    ] Leaving safepoint region
[2022-06-13T03:23:28.985+0000][1][safepoint    ] Total time for which application threads were stopped: 0.0003844 seconds, Stopping threads took: 0.0002226 seconds
[2022-06-13T03:23:28.985+0000][1][safepoint    ] Application time: 0.0001477 seconds
[2022-06-13T03:23:28.985+0000][1][safepoint    ] Entering safepoint region: RevokeBias
[2022-06-13T03:23:28.986+0000][1][safepoint    ] Leaving safepoint region
[2022-06-13T03:23:28.986+0000][1][safepoint    ] Total time for which application threads were stopped: 0.0004999 seconds, Stopping threads took: 0.0002214 seconds
[2022-06-13T03:23:28.986+0000][1][safepoint    ] Application time: 0.0001064 seconds
[2022-06-13T03:23:28.986+0000][1][safepoint    ] Entering safepoint region: RevokeBias
[2022-06-13T03:23:28.987+0000][1][safepoint    ] Leaving safepoint region
[2022-06-13T03:23:28.987+0000][1][safepoint    ] Total time for which application threads were stopped: 0.0003598 seconds, Stopping threads took: 0.0002037 seconds
[2022-06-13T03:23:28.987+0000][1][safepoint    ] Application time: 0.0001034 seconds
[2022-06-13T03:23:28.987+0000][1][safepoint    ] Entering safepoint region: RevokeBias
[2022-06-13T03:23:28.987+0000][1][safepoint    ] Leaving safepoint region
[2022-06-13T03:23:28.987+0000][1][safepoint    ] Total time for which application threads were stopped: 0.0002536 seconds, Stopping threads took: 0.0001193 seconds
[2022-06-13T03:23:28.988+0000][1][safepoint    ] Application time: 0.0000742 seconds
[2022-06-13T03:23:28.988+0000][1][safepoint    ] Entering safepoint region: RevokeBias
[2022-06-13T03:23:28.988+0000][1][safepoint    ] Leaving safepoint region
[2022-06-13T03:23:28.988+0000][1][safepoint    ] Total time for which application threads were stopped: 0.0004427 seconds, Stopping threads took: 0.0002484 seconds
[2022-06-13T03:23:28.988+0000][1][safepoint    ] Application time: 0.0000901 seconds
[2022-06-13T03:23:28.989+0000][1][safepoint    ] Entering safepoint region: RevokeBias
[2022-06-13T03:23:28.989+0000][1][safepoint    ] Leaving safepoint region
[2022-06-13T03:23:28.989+0000][1][safepoint    ] Total time for which application threads were stopped: 0.0005051 seconds, Stopping threads took: 0.0003207 seconds
[2022-06-13T03:23:28.989+0000][1][safepoint    ] Application time: 0.0000827 seconds
[2022-06-13T03:23:28.990+0000][1][safepoint    ] Entering safepoint region: RevokeBias
[2022-06-13T03:23:28.990+0000][1][safepoint    ] Leaving safepoint region
[2022-06-13T03:23:28.990+0000][1][safepoint    ] Total time for which application threads were stopped: 0.0003734 seconds, Stopping threads took: 0.0001551 seconds
[2022-06-13T03:23:28.990+0000][1][safepoint    ] Application time: 0.0001051 seconds
[2022-06-13T03:23:28.991+0000][1][safepoint    ] Entering safepoint region: RevokeBias
[2022-06-13T03:23:28.991+0000][1][safepoint    ] Leaving safepoint region
[2022-06-13T03:23:28.991+0000][1][safepoint    ] Total time for which application threads were stopped: 0.0004828 seconds, Stopping threads took: 0.0003292 seconds
[2022-06-13T03:23:28.991+0000][1][safepoint    ] Application time: 0.0000890 seconds
[2022-06-13T03:23:28.991+0000][1][safepoint    ] Entering safepoint region: RevokeBias
[2022-06-13T03:23:28.992+0000][1][safepoint    ] Leaving safepoint region
[2022-06-13T03:23:28.992+0000][1][safepoint    ] Total time for which application threads were stopped: 0.0002772 seconds, Stopping threads took: 0.0001332 seconds
[2022-06-13T03:23:28.992+0000][1][safepoint    ] Application time: 0.0001602 seconds
[2022-06-13T03:23:28.992+0000][1][safepoint    ] Entering safepoint region: RevokeBias
[2022-06-13T03:23:28.992+0000][1][safepoint    ] Leaving safepoint region
[2022-06-13T03:23:28.992+0000][1][safepoint    ] Total time for which application threads were stopped: 0.0002443 seconds, Stopping threads took: 0.0001402 seconds
[2022-06-13T03:23:28.992+0000][1][safepoint    ] Application time: 0.0000739 seconds
[2022-06-13T03:23:28.993+0000][1][safepoint    ] Entering safepoint region: RevokeBias
[2022-06-13T03:23:28.993+0000][1][safepoint    ] Leaving safepoint region
[2022-06-13T03:23:28.993+0000][1][safepoint    ] Total time for which application threads were stopped: 0.0007172 seconds, Stopping threads took: 0.0003559 seconds
[2022-06-13T03:23:28.994+0000][1][safepoint    ] Application time: 0.0000960 seconds
[2022-06-13T03:23:28.994+0000][1][safepoint    ] Entering safepoint region: RevokeBias
[2022-06-13T03:23:28.996+0000][1][safepoint    ] Leaving safepoint region
[2022-06-13T03:23:28.996+0000][1][safepoint    ] Total time for which application threads were stopped: 0.0020510 seconds, Stopping threads took: 0.0018754 seconds
[2022-06-13T03:23:28.996+0000][1][safepoint    ] Application time: 0.0001046 seconds
[2022-06-13T03:23:28.997+0000][1][safepoint    ] Entering safepoint region: RevokeBias
[2022-06-13T03:23:28.997+0000][1][safepoint    ] Leaving safepoint region
[2022-06-13T03:23:28.997+0000][1][safepoint    ] Total time for which application threads were stopped: 0.0003920 seconds, Stopping threads took: 0.0001863 seconds
[2022-06-13T03:23:28.997+0000][1][safepoint    ] Application time: 0.0000988 seconds
[2022-06-13T03:23:28.997+0000][1][safepoint    ] Entering safepoint region: RevokeBias
[2022-06-13T03:23:28.997+0000][1][safepoint    ] Leaving safepoint region
[2022-06-13T03:23:28.998+0000][1][safepoint    ] Total time for which application threads were stopped: 0.0002622 seconds, Stopping threads took: 0.0001300 seconds
[2022-06-13T03:23:28.998+0000][1][safepoint    ] Application time: 0.0001366 seconds
[2022-06-13T03:23:28.998+0000][1][safepoint    ] Entering safepoint region: RevokeBias
[2022-06-13T03:23:28.998+0000][1][safepoint    ] Leaving safepoint region
[2022-06-13T03:23:28.998+0000][1][safepoint    ] Total time for which application threads were stopped: 0.0002521 seconds, Stopping threads took: 0.0001469 seconds
[2022-06-13T03:23:29.138+0000][1][safepoint    ] Application time: 0.1398487 seconds
[2022-06-13T03:23:29.138+0000][1][safepoint    ] Entering safepoint region: Deoptimize
[2022-06-13T03:23:29.139+0000][1][safepoint    ] Leaving safepoint region
[2022-06-13T03:23:29.139+0000][1][safepoint    ] Total time for which application threads were stopped: 0.0005918 seconds, Stopping threads took: 0.0001055 seconds
[2022-06-13T03:23:29.231+0000][1][safepoint    ] Application time: 0.0918119 seconds
[2022-06-13T03:23:29.231+0000][1][safepoint    ] Entering safepoint region: RevokeBias
[2022-06-13T03:23:29.231+0000][1][safepoint    ] Leaving safepoint region
[2022-06-13T03:23:29.231+0000][1][safepoint    ] Total time for which application threads were stopped: 0.0002535 seconds, Stopping threads took: 0.0001093 seconds
[2022-06-13T03:23:29.287+0000][1][safepoint    ] Application time: 0.0562724 seconds
[2022-06-13T03:23:29.288+0000][1][safepoint    ] Entering safepoint region: RevokeBias
[2022-06-13T03:23:29.288+0000][1][safepoint    ] Leaving safepoint region
[2022-06-13T03:23:29.288+0000][1][safepoint    ] Total time for which application threads were stopped: 0.0004139 seconds, Stopping threads took: 0.0001922 seconds
[2022-06-13T03:23:29.292+0000][1][safepoint    ] Application time: 0.0035243 seconds
[2022-06-13T03:23:29.292+0000][1][safepoint    ] Entering safepoint region: RevokeBias
[2022-06-13T03:23:29.293+0000][1][safepoint    ] Leaving safepoint region
[2022-06-13T03:23:29.293+0000][1][safepoint    ] Total time for which application threads were stopped: 0.0005452 seconds, Stopping threads took: 0.0003297 seconds
[2022-06-13T03:23:29.313+0000][1][safepoint    ] Application time: 0.0203740 seconds
[2022-06-13T03:23:29.313+0000][1][safepoint    ] Entering safepoint region: GenCollectForAllocation
[2022-06-13T03:23:29.314+0000][1][gc,start     ] GC(1) Pause Young (Allocation Failure)
[2022-06-13T03:23:29.314+0000][1][gc,task      ] GC(1) Using 5 workers of 13 for evacuation
[2022-06-13T03:23:29.326+0000][1][gc,age       ] GC(1) Desired survivor size 4456448 bytes, new threshold 6 (max threshold 6)
[2022-06-13T03:23:29.326+0000][1][gc,age       ] GC(1) Age table with threshold 6 (max threshold 6)
[2022-06-13T03:23:29.326+0000][1][gc,age       ] GC(1) - age   1:    1973712 bytes,    1973712 total
[2022-06-13T03:23:29.326+0000][1][gc,heap      ] GC(1) ParNew: 78014K->5391K(78656K)
[2022-06-13T03:23:29.326+0000][1][gc,heap      ] GC(1) CMS: 0K->6664K(174784K)
[2022-06-13T03:23:29.327+0000][1][gc,metaspace ] GC(1) Metaspace: 14885K->14885K(1062912K)
[2022-06-13T03:23:29.327+0000][1][gc           ] GC(1) Pause Young (Allocation Failure) 76M->11M(247M) 13.059ms
[2022-06-13T03:23:29.327+0000][1][gc,cpu       ] GC(1) User=0.06s Sys=0.00s Real=0.01s
[2022-06-13T03:23:29.327+0000][1][safepoint    ] Leaving safepoint region
[2022-06-13T03:23:29.327+0000][1][safepoint    ] Total time for which application threads were stopped: 0.0136782 seconds, Stopping threads took: 0.0001461 seconds
[2022-06-13T03:23:29.327+0000][1][safepoint    ] Application time: 0.0002042 seconds
[2022-06-13T03:23:29.328+0000][1][safepoint    ] Entering safepoint region: RevokeBias
[2022-06-13T03:23:29.328+0000][1][safepoint    ] Leaving safepoint region
[2022-06-13T03:23:29.328+0000][1][safepoint    ] Total time for which application threads were stopped: 0.0003474 seconds, Stopping threads took: 0.0001328 seconds
[2022-06-13T03:23:29.328+0000][1][safepoint    ] Application time: 0.0001129 seconds
[2022-06-13T03:23:29.328+0000][1][safepoint    ] Entering safepoint region: RevokeBias
[2022-06-13T03:23:29.329+0000][1][safepoint    ] Leaving safepoint region
[2022-06-13T03:23:29.329+0000][1][safepoint    ] Total time for which application threads were stopped: 0.0002723 seconds, Stopping threads took: 0.0001117 seconds
[2022-06-13T03:23:29.329+0000][1][safepoint    ] Application time: 0.0000827 seconds
[2022-06-13T03:23:29.329+0000][1][safepoint    ] Entering safepoint region: RevokeBias
[2022-06-13T03:23:29.329+0000][1][safepoint    ] Leaving safepoint region
[2022-06-13T03:23:29.329+0000][1][safepoint    ] Total time for which application threads were stopped: 0.0004109 seconds, Stopping threads took: 0.0002664 seconds
[2022-06-13T03:23:29.330+0000][1][safepoint    ] Application time: 0.0000856 seconds
[2022-06-13T03:23:29.330+0000][1][safepoint    ] Entering safepoint region: RevokeBias
[2022-06-13T03:23:29.330+0000][1][safepoint    ] Leaving safepoint region
[2022-06-13T03:23:29.330+0000][1][safepoint    ] Total time for which application threads were stopped: 0.0003068 seconds, Stopping threads took: 0.0001477 seconds
[2022-06-13T03:23:29.330+0000][1][safepoint    ] Application time: 0.0001106 seconds
[2022-06-13T03:23:29.330+0000][1][safepoint    ] Entering safepoint region: RevokeBias
[2022-06-13T03:23:29.331+0000][1][safepoint    ] Leaving safepoint region
[2022-06-13T03:23:29.331+0000][1][safepoint    ] Total time for which application threads were stopped: 0.0002298 seconds, Stopping threads took: 0.0001113 seconds
[2022-06-13T03:23:29.331+0000][1][safepoint    ] Application time: 0.0000862 seconds
[2022-06-13T03:23:29.331+0000][1][safepoint    ] Entering safepoint region: RevokeBias
[2022-06-13T03:23:29.331+0000][1][safepoint    ] Leaving safepoint region
[2022-06-13T03:23:29.331+0000][1][safepoint    ] Total time for which application threads were stopped: 0.0002746 seconds, Stopping threads took: 0.0001407 seconds
[2022-06-13T03:23:29.331+0000][1][safepoint    ] Application time: 0.0000828 seconds
[2022-06-13T03:23:29.332+0000][1][safepoint    ] Entering safepoint region: RevokeBias
[2022-06-13T03:23:29.332+0000][1][safepoint    ] Leaving safepoint region
[2022-06-13T03:23:29.332+0000][1][safepoint    ] Total time for which application threads were stopped: 0.0002985 seconds, Stopping threads took: 0.0001789 seconds
[2022-06-13T03:23:29.332+0000][1][safepoint    ] Application time: 0.0000810 seconds
[2022-06-13T03:23:29.332+0000][1][safepoint    ] Entering safepoint region: RevokeBias
[2022-06-13T03:23:29.332+0000][1][safepoint    ] Leaving safepoint region
[2022-06-13T03:23:29.332+0000][1][safepoint    ] Total time for which application threads were stopped: 0.0002696 seconds, Stopping threads took: 0.0001400 seconds
[2022-06-13T03:23:29.333+0000][1][safepoint    ] Application time: 0.0000995 seconds
[2022-06-13T03:23:29.333+0000][1][safepoint    ] Entering safepoint region: RevokeBias
[2022-06-13T03:23:29.333+0000][1][safepoint    ] Leaving safepoint region
[2022-06-13T03:23:29.333+0000][1][safepoint    ] Total time for which application threads were stopped: 0.0003135 seconds, Stopping threads took: 0.0001594 seconds
[2022-06-13T03:23:29.333+0000][1][safepoint    ] Application time: 0.0000852 seconds
[2022-06-13T03:23:29.333+0000][1][safepoint    ] Entering safepoint region: RevokeBias
[2022-06-13T03:23:29.334+0000][1][safepoint    ] Leaving safepoint region
[2022-06-13T03:23:29.334+0000][1][safepoint    ] Total time for which application threads were stopped: 0.0002863 seconds, Stopping threads took: 0.0001528 seconds
[2022-06-13T03:23:29.334+0000][1][safepoint    ] Application time: 0.0000843 seconds
[2022-06-13T03:23:29.334+0000][1][safepoint    ] Entering safepoint region: BulkRevokeBias
[2022-06-13T03:23:29.335+0000][1][safepoint    ] Leaving safepoint region
[2022-06-13T03:23:29.335+0000][1][safepoint    ] Total time for which application threads were stopped: 0.0006403 seconds, Stopping threads took: 0.0004625 seconds
[2022-06-13T03:23:29.335+0000][1][safepoint    ] Application time: 0.0000916 seconds
[2022-06-13T03:23:29.335+0000][1][safepoint    ] Entering safepoint region: RevokeBias
[2022-06-13T03:23:29.335+0000][1][safepoint    ] Leaving safepoint region
[2022-06-13T03:23:29.335+0000][1][safepoint    ] Total time for which application threads were stopped: 0.0003086 seconds, Stopping threads took: 0.0001392 seconds
[2022-06-13T03:23:29.336+0000][1][safepoint    ] Application time: 0.0000871 seconds
[2022-06-13T03:23:29.336+0000][1][safepoint    ] Entering safepoint region: BulkRevokeBias
[2022-06-13T03:23:29.336+0000][1][safepoint    ] Leaving safepoint region
[2022-06-13T03:23:29.336+0000][1][safepoint    ] Total time for which application threads were stopped: 0.0002927 seconds, Stopping threads took: 0.0001413 seconds
[2022-06-13T03:23:29.403+0000][1][safepoint    ] Application time: 0.0671165 seconds
[2022-06-13T03:23:29.403+0000][1][safepoint    ] Entering safepoint region: GenCollectForAllocation
[2022-06-13T03:23:29.404+0000][1][gc,start     ] GC(2) Pause Young (Allocation Failure)
[2022-06-13T03:23:29.404+0000][1][gc,task      ] GC(2) Using 5 workers of 13 for evacuation
[2022-06-13T03:23:29.406+0000][1][gc,age       ] GC(2) Desired survivor size 4456448 bytes, new threshold 6 (max threshold 6)
[2022-06-13T03:23:29.406+0000][1][gc,age       ] GC(2) Age table with threshold 6 (max threshold 6)
[2022-06-13T03:23:29.407+0000][1][gc,age       ] GC(2) - age   1:    2524360 bytes,    2524360 total
[2022-06-13T03:23:29.407+0000][1][gc,age       ] GC(2) - age   2:    1184656 bytes,    3709016 total
[2022-06-13T03:23:29.407+0000][1][gc,heap      ] GC(2) ParNew: 75343K->4757K(78656K)
[2022-06-13T03:23:29.407+0000][1][gc,heap      ] GC(2) CMS: 6664K->6664K(174784K)
[2022-06-13T03:23:29.407+0000][1][gc,metaspace ] GC(2) Metaspace: 15021K->15021K(1062912K)
[2022-06-13T03:23:29.407+0000][1][gc           ] GC(2) Pause Young (Allocation Failure) 80M->11M(247M) 3.564ms
[2022-06-13T03:23:29.407+0000][1][gc,cpu       ] GC(2) User=0.01s Sys=0.00s Real=0.00s
[2022-06-13T03:23:29.408+0000][1][safepoint    ] Leaving safepoint region
[2022-06-13T03:23:29.408+0000][1][safepoint    ] Total time for which application threads were stopped: 0.0041650 seconds, Stopping threads took: 0.0001671 seconds
[2022-06-13T03:23:29.408+0000][1][safepoint    ] Application time: 0.0001821 seconds
[2022-06-13T03:23:29.408+0000][1][safepoint    ] Entering safepoint region: RevokeBias
[2022-06-13T03:23:29.408+0000][1][safepoint    ] Leaving safepoint region
[2022-06-13T03:23:29.408+0000][1][safepoint    ] Total time for which application threads were stopped: 0.0003841 seconds, Stopping threads took: 0.0002323 seconds
[2022-06-13T03:23:29.409+0000][1][safepoint    ] Application time: 0.0000993 seconds
[2022-06-13T03:23:29.409+0000][1][safepoint    ] Entering safepoint region: RevokeBias
[2022-06-13T03:23:29.409+0000][1][safepoint    ] Leaving safepoint region
[2022-06-13T03:23:29.409+0000][1][safepoint    ] Total time for which application threads were stopped: 0.0002798 seconds, Stopping threads took: 0.0001540 seconds
[2022-06-13T03:23:29.409+0000][1][safepoint    ] Application time: 0.0001003 seconds
[2022-06-13T03:23:29.410+0000][1][safepoint    ] Entering safepoint region: RevokeBias
[2022-06-13T03:23:29.410+0000][1][safepoint    ] Leaving safepoint region
[2022-06-13T03:23:29.410+0000][1][safepoint    ] Total time for which application threads were stopped: 0.0003915 seconds, Stopping threads took: 0.0001944 seconds
[2022-06-13T03:23:29.410+0000][1][safepoint    ] Application time: 0.0000843 seconds
[2022-06-13T03:23:29.410+0000][1][safepoint    ] Entering safepoint region: RevokeBias
[2022-06-13T03:23:29.410+0000][1][safepoint    ] Leaving safepoint region
[2022-06-13T03:23:29.411+0000][1][safepoint    ] Total time for which application threads were stopped: 0.0003265 seconds, Stopping threads took: 0.0001520 seconds
[2022-06-13T03:23:29.411+0000][1][safepoint    ] Application time: 0.0000899 seconds
[2022-06-13T03:23:29.411+0000][1][safepoint    ] Entering safepoint region: RevokeBias
[2022-06-13T03:23:29.411+0000][1][safepoint    ] Leaving safepoint region
[2022-06-13T03:23:29.411+0000][1][safepoint    ] Total time for which application threads were stopped: 0.0003049 seconds, Stopping threads took: 0.0001328 seconds
[2022-06-13T03:23:29.411+0000][1][safepoint    ] Application time: 0.0000845 seconds
[2022-06-13T03:23:29.412+0000][1][safepoint    ] Entering safepoint region: RevokeBias
[2022-06-13T03:23:29.412+0000][1][safepoint    ] Leaving safepoint region
[2022-06-13T03:23:29.412+0000][1][safepoint    ] Total time for which application threads were stopped: 0.0003902 seconds, Stopping threads took: 0.0001802 seconds
[2022-06-13T03:23:29.502+0000][1][safepoint    ] Application time: 0.0901079 seconds
[2022-06-13T03:23:29.502+0000][1][safepoint    ] Entering safepoint region: Deoptimize
[2022-06-13T03:23:29.503+0000][1][safepoint    ] Leaving safepoint region
[2022-06-13T03:23:29.503+0000][1][safepoint    ] Total time for which application threads were stopped: 0.0007670 seconds, Stopping threads took: 0.0001831 seconds
[2022-06-13T03:23:29.504+0000][1][safepoint    ] Application time: 0.0004803 seconds
[2022-06-13T03:23:29.504+0000][1][safepoint    ] Entering safepoint region: Deoptimize
[2022-06-13T03:23:29.504+0000][1][safepoint    ] Leaving safepoint region
[2022-06-13T03:23:29.505+0000][1][safepoint    ] Total time for which application threads were stopped: 0.0006028 seconds, Stopping threads took: 0.0001339 seconds
[2022-06-13T03:23:29.610+0000][1][safepoint    ] Application time: 0.1050512 seconds
[2022-06-13T03:23:29.610+0000][1][safepoint    ] Entering safepoint region: GenCollectForAllocation
[2022-06-13T03:23:29.610+0000][1][gc,start     ] GC(3) Pause Young (Allocation Failure)
[2022-06-13T03:23:29.611+0000][1][gc,task      ] GC(3) Using 5 workers of 13 for evacuation
[2022-06-13T03:23:29.613+0000][1][gc,age       ] GC(3) Desired survivor size 4456448 bytes, new threshold 3 (max threshold 6)
[2022-06-13T03:23:29.613+0000][1][gc,age       ] GC(3) Age table with threshold 3 (max threshold 6)
[2022-06-13T03:23:29.613+0000][1][gc,age       ] GC(3) - age   1:    3202792 bytes,    3202792 total
[2022-06-13T03:23:29.614+0000][1][gc,age       ] GC(3) - age   2:     294024 bytes,    3496816 total
[2022-06-13T03:23:29.614+0000][1][gc,age       ] GC(3) - age   3:    1181784 bytes,    4678600 total
[2022-06-13T03:23:29.614+0000][1][gc,heap      ] GC(3) ParNew: 74709K->6354K(78656K)
[2022-06-13T03:23:29.614+0000][1][gc,heap      ] GC(3) CMS: 6664K->6664K(174784K)
[2022-06-13T03:23:29.614+0000][1][gc,metaspace ] GC(3) Metaspace: 18168K->18168K(1067008K)
[2022-06-13T03:23:29.614+0000][1][gc           ] GC(3) Pause Young (Allocation Failure) 79M->12M(247M) 3.760ms
[2022-06-13T03:23:29.614+0000][1][gc,cpu       ] GC(3) User=0.01s Sys=0.00s Real=0.00s
[2022-06-13T03:23:29.614+0000][1][safepoint    ] Leaving safepoint region
[2022-06-13T03:23:29.614+0000][1][safepoint    ] Total time for which application threads were stopped: 0.0043475 seconds, Stopping threads took: 0.0001603 seconds
[2022-06-13T03:23:29.615+0000][1][safepoint    ] Application time: 0.0002097 seconds
[2022-06-13T03:23:29.615+0000][1][safepoint    ] Entering safepoint region: RevokeBias
[2022-06-13T03:23:29.615+0000][1][safepoint    ] Leaving safepoint region
[2022-06-13T03:23:29.615+0000][1][safepoint    ] Total time for which application threads were stopped: 0.0003827 seconds, Stopping threads took: 0.0002104 seconds
[2022-06-13T03:23:29.615+0000][1][safepoint    ] Application time: 0.0000998 seconds
[2022-06-13T03:23:29.616+0000][1][safepoint    ] Entering safepoint region: RevokeBias
[2022-06-13T03:23:29.616+0000][1][safepoint    ] Leaving safepoint region
[2022-06-13T03:23:29.616+0000][1][safepoint    ] Total time for which application threads were stopped: 0.0004034 seconds, Stopping threads took: 0.0002129 seconds
[2022-06-13T03:23:29.616+0000][1][safepoint    ] Application time: 0.0000859 seconds
[2022-06-13T03:23:29.616+0000][1][safepoint    ] Entering safepoint region: RevokeBias
[2022-06-13T03:23:29.617+0000][1][safepoint    ] Leaving safepoint region
[2022-06-13T03:23:29.617+0000][1][safepoint    ] Total time for which application threads were stopped: 0.0003458 seconds, Stopping threads took: 0.0001933 seconds
[2022-06-13T03:23:29.617+0000][1][safepoint    ] Application time: 0.0000899 seconds
[2022-06-13T03:23:29.617+0000][1][safepoint    ] Entering safepoint region: RevokeBias
[2022-06-13T03:23:29.617+0000][1][safepoint    ] Leaving safepoint region
[2022-06-13T03:23:29.617+0000][1][safepoint    ] Total time for which application threads were stopped: 0.0003849 seconds, Stopping threads took: 0.0002106 seconds
[2022-06-13T03:23:29.618+0000][1][safepoint    ] Application time: 0.0000862 seconds
[2022-06-13T03:23:29.618+0000][1][safepoint    ] Entering safepoint region: RevokeBias
[2022-06-13T03:23:29.618+0000][1][safepoint    ] Leaving safepoint region
[2022-06-13T03:23:29.618+0000][1][safepoint    ] Total time for which application threads were stopped: 0.0003874 seconds, Stopping threads took: 0.0002198 seconds
[2022-06-13T03:23:29.618+0000][1][safepoint    ] Application time: 0.0000666 seconds
[2022-06-13T03:23:29.619+0000][1][safepoint    ] Entering safepoint region: RevokeBias
[2022-06-13T03:23:29.619+0000][1][safepoint    ] Leaving safepoint region
[2022-06-13T03:23:29.619+0000][1][safepoint    ] Total time for which application threads were stopped: 0.0003880 seconds, Stopping threads took: 0.0002493 seconds
[2022-06-13T03:23:29.619+0000][1][safepoint    ] Application time: 0.0000830 seconds
[2022-06-13T03:23:29.619+0000][1][safepoint    ] Entering safepoint region: RevokeBias
[2022-06-13T03:23:29.619+0000][1][safepoint    ] Leaving safepoint region
[2022-06-13T03:23:29.619+0000][1][safepoint    ] Total time for which application threads were stopped: 0.0002877 seconds, Stopping threads took: 0.0001668 seconds
[2022-06-13T03:23:29.620+0000][1][safepoint    ] Application time: 0.0000764 seconds
[2022-06-13T03:23:29.620+0000][1][safepoint    ] Entering safepoint region: RevokeBias
[2022-06-13T03:23:29.620+0000][1][safepoint    ] Leaving safepoint region
[2022-06-13T03:23:29.620+0000][1][safepoint    ] Total time for which application threads were stopped: 0.0003458 seconds, Stopping threads took: 0.0001558 seconds
[2022-06-13T03:23:29.620+0000][1][safepoint    ] Application time: 0.0001032 seconds
[2022-06-13T03:23:29.621+0000][1][safepoint    ] Entering safepoint region: RevokeBias
[2022-06-13T03:23:29.621+0000][1][safepoint    ] Leaving safepoint region
[2022-06-13T03:23:29.621+0000][1][safepoint    ] Total time for which application threads were stopped: 0.0003310 seconds, Stopping threads took: 0.0001761 seconds
[2022-06-13T03:23:29.621+0000][1][safepoint    ] Application time: 0.0000942 seconds
[2022-06-13T03:23:29.621+0000][1][safepoint    ] Entering safepoint region: RevokeBias
[2022-06-13T03:23:29.622+0000][1][safepoint    ] Leaving safepoint region
[2022-06-13T03:23:29.622+0000][1][safepoint    ] Total time for which application threads were stopped: 0.0003326 seconds, Stopping threads took: 0.0001697 seconds
[2022-06-13T03:23:29.622+0000][1][safepoint    ] Application time: 0.0000852 seconds
[2022-06-13T03:23:29.622+0000][1][safepoint    ] Entering safepoint region: RevokeBias
[2022-06-13T03:23:29.622+0000][1][safepoint    ] Leaving safepoint region
[2022-06-13T03:23:29.622+0000][1][safepoint    ] Total time for which application threads were stopped: 0.0002626 seconds, Stopping threads took: 0.0001222 seconds
[2022-06-13T03:23:29.622+0000][1][safepoint    ] Application time: 0.0000947 seconds
[2022-06-13T03:23:29.623+0000][1][safepoint    ] Entering safepoint region: RevokeBias
[2022-06-13T03:23:29.623+0000][1][safepoint    ] Leaving safepoint region
[2022-06-13T03:23:29.623+0000][1][safepoint    ] Total time for which application threads were stopped: 0.0002723 seconds, Stopping threads took: 0.0001523 seconds
[2022-06-13T03:23:29.623+0000][1][safepoint    ] Application time: 0.0000775 seconds
[2022-06-13T03:23:29.623+0000][1][safepoint    ] Entering safepoint region: RevokeBias
[2022-06-13T03:23:29.623+0000][1][safepoint    ] Leaving safepoint region
[2022-06-13T03:23:29.623+0000][1][safepoint    ] Total time for which application threads were stopped: 0.0003616 seconds, Stopping threads took: 0.0001532 seconds
[2022-06-13T03:23:29.624+0000][1][safepoint    ] Application time: 0.0000833 seconds
[2022-06-13T03:23:29.624+0000][1][safepoint    ] Entering safepoint region: RevokeBias
[2022-06-13T03:23:29.624+0000][1][safepoint    ] Leaving safepoint region
[2022-06-13T03:23:29.624+0000][1][safepoint    ] Total time for which application threads were stopped: 0.0004109 seconds, Stopping threads took: 0.0001568 seconds
[2022-06-13T03:23:29.624+0000][1][safepoint    ] Application time: 0.0001014 seconds
[2022-06-13T03:23:29.625+0000][1][safepoint    ] Entering safepoint region: RevokeBias
[2022-06-13T03:23:29.625+0000][1][safepoint    ] Leaving safepoint region
[2022-06-13T03:23:29.625+0000][1][safepoint    ] Total time for which application threads were stopped: 0.0003497 seconds, Stopping threads took: 0.0001399 seconds
[2022-06-13T03:23:29.625+0000][1][safepoint    ] Application time: 0.0000924 seconds
[2022-06-13T03:23:29.625+0000][1][safepoint    ] Entering safepoint region: RevokeBias
[2022-06-13T03:23:29.626+0000][1][safepoint    ] Leaving safepoint region
[2022-06-13T03:23:29.626+0000][1][safepoint    ] Total time for which application threads were stopped: 0.0003856 seconds, Stopping threads took: 0.0001495 seconds
[2022-06-13T03:23:29.626+0000][1][safepoint    ] Application time: 0.0000993 seconds
[2022-06-13T03:23:29.626+0000][1][safepoint    ] Entering safepoint region: RevokeBias
[2022-06-13T03:23:29.627+0000][1][safepoint    ] Leaving safepoint region
[2022-06-13T03:23:29.627+0000][1][safepoint    ] Total time for which application threads were stopped: 0.0005820 seconds, Stopping threads took: 0.0004144 seconds
[2022-06-13T03:23:29.627+0000][1][safepoint    ] Application time: 0.0000916 seconds
[2022-06-13T03:23:29.627+0000][1][safepoint    ] Entering safepoint region: RevokeBias
[2022-06-13T03:23:29.627+0000][1][safepoint    ] Leaving safepoint region
[2022-06-13T03:23:29.627+0000][1][safepoint    ] Total time for which application threads were stopped: 0.0003024 seconds, Stopping threads took: 0.0001327 seconds
[2022-06-13T03:23:29.628+0000][1][safepoint    ] Application time: 0.0000845 seconds
[2022-06-13T03:23:29.628+0000][1][safepoint    ] Entering safepoint region: RevokeBias
[2022-06-13T03:23:29.628+0000][1][safepoint    ] Leaving safepoint region
[2022-06-13T03:23:29.628+0000][1][safepoint    ] Total time for which application threads were stopped: 0.0003162 seconds, Stopping threads took: 0.0001642 seconds
[2022-06-13T03:23:29.628+0000][1][safepoint    ] Application time: 0.0001074 seconds
[2022-06-13T03:23:29.628+0000][1][safepoint    ] Entering safepoint region: RevokeBias
[2022-06-13T03:23:29.629+0000][1][safepoint    ] Leaving safepoint region
[2022-06-13T03:23:29.629+0000][1][safepoint    ] Total time for which application threads were stopped: 0.0004153 seconds, Stopping threads took: 0.0002181 seconds
[2022-06-13T03:23:29.629+0000][1][safepoint    ] Application time: 0.0000930 seconds
[2022-06-13T03:23:29.629+0000][1][safepoint    ] Entering safepoint region: RevokeBias
[2022-06-13T03:23:29.629+0000][1][safepoint    ] Leaving safepoint region
[2022-06-13T03:23:29.630+0000][1][safepoint    ] Total time for which application threads were stopped: 0.0004521 seconds, Stopping threads took: 0.0002765 seconds
[2022-06-13T03:23:29.727+0000][1][safepoint    ] Application time: 0.0968588 seconds
[2022-06-13T03:23:29.727+0000][1][safepoint    ] Entering safepoint region: GenCollectForAllocation
[2022-06-13T03:23:29.727+0000][1][gc,start     ] GC(4) Pause Young (Allocation Failure)
[2022-06-13T03:23:29.727+0000][1][gc,task      ] GC(4) Using 5 workers of 13 for evacuation
[2022-06-13T03:23:29.730+0000][1][gc,age       ] GC(4) Desired survivor size 4456448 bytes, new threshold 6 (max threshold 6)
[2022-06-13T03:23:29.730+0000][1][gc,age       ] GC(4) Age table with threshold 6 (max threshold 6)
[2022-06-13T03:23:29.730+0000][1][gc,age       ] GC(4) - age   1:     882736 bytes,     882736 total
[2022-06-13T03:23:29.730+0000][1][gc,age       ] GC(4) - age   2:    3166160 bytes,    4048896 total
[2022-06-13T03:23:29.731+0000][1][gc,age       ] GC(4) - age   3:     293496 bytes,    4342392 total
[2022-06-13T03:23:29.731+0000][1][gc,heap      ] GC(4) ParNew: 76306K->6744K(78656K)
[2022-06-13T03:23:29.731+0000][1][gc,heap      ] GC(4) CMS: 6664K->7835K(174784K)
[2022-06-13T03:23:29.731+0000][1][gc,metaspace ] GC(4) Metaspace: 18723K->18723K(1067008K)
[2022-06-13T03:23:29.731+0000][1][gc           ] GC(4) Pause Young (Allocation Failure) 81M->14M(247M) 4.030ms
[2022-06-13T03:23:29.731+0000][1][gc,cpu       ] GC(4) User=0.03s Sys=0.00s Real=0.01s
[2022-06-13T03:23:29.731+0000][1][safepoint    ] Leaving safepoint region
[2022-06-13T03:23:29.732+0000][1][safepoint    ] Total time for which application threads were stopped: 0.0046949 seconds, Stopping threads took: 0.0001055 seconds
[2022-06-13T03:23:29.732+0000][1][safepoint    ] Application time: 0.0002062 seconds
[2022-06-13T03:23:29.732+0000][1][safepoint    ] Entering safepoint region: RevokeBias
[2022-06-13T03:23:29.732+0000][1][safepoint    ] Leaving safepoint region
[2022-06-13T03:23:29.732+0000][1][safepoint    ] Total time for which application threads were stopped: 0.0003981 seconds, Stopping threads took: 0.0002249 seconds
[2022-06-13T03:23:29.733+0000][1][safepoint    ] Application time: 0.0000811 seconds
[2022-06-13T03:23:29.733+0000][1][safepoint    ] Entering safepoint region: RevokeBias
[2022-06-13T03:23:29.733+0000][1][safepoint    ] Leaving safepoint region
[2022-06-13T03:23:29.733+0000][1][safepoint    ] Total time for which application threads were stopped: 0.0002716 seconds, Stopping threads took: 0.0001257 seconds
[2022-06-13T03:23:29.733+0000][1][safepoint    ] Application time: 0.0001019 seconds
[2022-06-13T03:23:29.734+0000][1][safepoint    ] Entering safepoint region: RevokeBias
[2022-06-13T03:23:29.734+0000][1][safepoint    ] Leaving safepoint region
[2022-06-13T03:23:29.734+0000][1][safepoint    ] Total time for which application threads were stopped: 0.0005469 seconds, Stopping threads took: 0.0003463 seconds
[2022-06-13T03:23:29.734+0000][1][safepoint    ] Application time: 0.0000789 seconds
[2022-06-13T03:23:29.734+0000][1][safepoint    ] Entering safepoint region: RevokeBias
[2022-06-13T03:23:29.735+0000][1][safepoint    ] Leaving safepoint region
[2022-06-13T03:23:29.735+0000][1][safepoint    ] Total time for which application threads were stopped: 0.0002989 seconds, Stopping threads took: 0.0001520 seconds
[2022-06-13T03:23:29.754+0000][1][safepoint    ] Application time: 0.0193296 seconds
[2022-06-13T03:23:29.754+0000][1][safepoint    ] Entering safepoint region: Deoptimize
[2022-06-13T03:23:29.755+0000][1][safepoint    ] Leaving safepoint region
[2022-06-13T03:23:29.755+0000][1][safepoint    ] Total time for which application threads were stopped: 0.0007470 seconds, Stopping threads took: 0.0002143 seconds
[2022-06-13T03:23:29.783+0000][1][safepoint    ] Application time: 0.0280843 seconds
[2022-06-13T03:23:29.784+0000][1][safepoint    ] Entering safepoint region: Deoptimize
[2022-06-13T03:23:29.784+0000][1][safepoint    ] Leaving safepoint region
[2022-06-13T03:23:29.784+0000][1][safepoint    ] Total time for which application threads were stopped: 0.0006291 seconds, Stopping threads took: 0.0001307 seconds
[2022-06-13T03:23:29.835+0000][1][safepoint    ] Application time: 0.0508738 seconds
[2022-06-13T03:23:29.836+0000][1][safepoint    ] Entering safepoint region: GenCollectForAllocation
[2022-06-13T03:23:29.836+0000][1][gc,start     ] GC(5) Pause Young (Allocation Failure)
[2022-06-13T03:23:29.836+0000][1][gc,task      ] GC(5) Using 5 workers of 13 for evacuation
[2022-06-13T03:23:29.838+0000][1][gc,age       ] GC(5) Desired survivor size 4456448 bytes, new threshold 3 (max threshold 6)
[2022-06-13T03:23:29.838+0000][1][gc,age       ] GC(5) Age table with threshold 3 (max threshold 6)
[2022-06-13T03:23:29.838+0000][1][gc,age       ] GC(5) - age   1:    2252320 bytes,    2252320 total
[2022-06-13T03:23:29.839+0000][1][gc,age       ] GC(5) - age   2:     610352 bytes,    2862672 total
[2022-06-13T03:23:29.839+0000][1][gc,age       ] GC(5) - age   3:    3166136 bytes,    6028808 total
[2022-06-13T03:23:29.839+0000][1][gc,age       ] GC(5) - age   4:     293496 bytes,    6322304 total
[2022-06-13T03:23:29.839+0000][1][gc,heap      ] GC(5) ParNew: 76696K->7794K(78656K)
[2022-06-13T03:23:29.839+0000][1][gc,heap      ] GC(5) CMS: 7835K->7835K(174784K)
[2022-06-13T03:23:29.839+0000][1][gc,metaspace ] GC(5) Metaspace: 18928K->18928K(1067008K)
[2022-06-13T03:23:29.839+0000][1][gc           ] GC(5) Pause Young (Allocation Failure) 82M->15M(247M) 3.383ms
[2022-06-13T03:23:29.839+0000][1][gc,cpu       ] GC(5) User=0.05s Sys=0.00s Real=0.01s
[2022-06-13T03:23:29.840+0000][1][safepoint    ] Leaving safepoint region
[2022-06-13T03:23:29.840+0000][1][safepoint    ] Total time for which application threads were stopped: 0.0041439 seconds, Stopping threads took: 0.0003481 seconds
[2022-06-13T03:23:29.840+0000][1][safepoint    ] Application time: 0.0001981 seconds
[2022-06-13T03:23:29.840+0000][1][safepoint    ] Entering safepoint region: RevokeBias
[2022-06-13T03:23:29.840+0000][1][safepoint    ] Leaving safepoint region
[2022-06-13T03:23:29.841+0000][1][safepoint    ] Total time for which application threads were stopped: 0.0004553 seconds, Stopping threads took: 0.0002602 seconds
[2022-06-13T03:23:29.841+0000][1][safepoint    ] Application time: 0.0001036 seconds
[2022-06-13T03:23:29.841+0000][1][safepoint    ] Entering safepoint region: RevokeBias
[2022-06-13T03:23:29.841+0000][1][safepoint    ] Leaving safepoint region
[2022-06-13T03:23:29.841+0000][1][safepoint    ] Total time for which application threads were stopped: 0.0002801 seconds, Stopping threads took: 0.0001240 seconds
[2022-06-13T03:23:29.841+0000][1][safepoint    ] Application time: 0.0001031 seconds
[2022-06-13T03:23:29.842+0000][1][safepoint    ] Entering safepoint region: RevokeBias
[2022-06-13T03:23:29.842+0000][1][safepoint    ] Leaving safepoint region
[2022-06-13T03:23:29.842+0000][1][safepoint    ] Total time for which application threads were stopped: 0.0003546 seconds, Stopping threads took: 0.0001539 seconds
[2022-06-13T03:23:29.842+0000][1][safepoint    ] Application time: 0.0000862 seconds
[2022-06-13T03:23:29.842+0000][1][safepoint    ] Entering safepoint region: RevokeBias
[2022-06-13T03:23:29.842+0000][1][safepoint    ] Leaving safepoint region
[2022-06-13T03:23:29.843+0000][1][safepoint    ] Total time for which application threads were stopped: 0.0003401 seconds, Stopping threads took: 0.0001296 seconds
[2022-06-13T03:23:29.843+0000][1][safepoint    ] Application time: 0.0000931 seconds
[2022-06-13T03:23:29.843+0000][1][safepoint    ] Entering safepoint region: RevokeBias
[2022-06-13T03:23:29.843+0000][1][safepoint    ] Leaving safepoint region
[2022-06-13T03:23:29.843+0000][1][safepoint    ] Total time for which application threads were stopped: 0.0003329 seconds, Stopping threads took: 0.0001981 seconds
[2022-06-13T03:23:29.843+0000][1][safepoint    ] Application time: 0.0000651 seconds
[2022-06-13T03:23:29.844+0000][1][safepoint    ] Entering safepoint region: RevokeBias
[2022-06-13T03:23:29.844+0000][1][safepoint    ] Leaving safepoint region
[2022-06-13T03:23:29.844+0000][1][safepoint    ] Total time for which application threads were stopped: 0.0002992 seconds, Stopping threads took: 0.0001386 seconds
[2022-06-13T03:23:29.923+0000][1][safepoint    ] Application time: 0.0788578 seconds
[2022-06-13T03:23:29.923+0000][1][safepoint    ] Entering safepoint region: GenCollectForAllocation
[2022-06-13T03:23:29.924+0000][1][gc,start     ] GC(6) Pause Young (Allocation Failure)
[2022-06-13T03:23:29.924+0000][1][gc,task      ] GC(6) Using 5 workers of 13 for evacuation
[2022-06-13T03:23:29.928+0000][1][gc,age       ] GC(6) Desired survivor size 4456448 bytes, new threshold 6 (max threshold 6)
[2022-06-13T03:23:29.928+0000][1][gc,age       ] GC(6) Age table with threshold 6 (max threshold 6)
[2022-06-13T03:23:29.929+0000][1][gc,age       ] GC(6) - age   1:     775192 bytes,     775192 total
[2022-06-13T03:23:29.929+0000][1][gc,age       ] GC(6) - age   2:    2135320 bytes,    2910512 total
[2022-06-13T03:23:29.929+0000][1][gc,age       ] GC(6) - age   3:     610088 bytes,    3520600 total
[2022-06-13T03:23:29.929+0000][1][gc,heap      ] GC(6) ParNew: 77523K->5559K(78656K)
[2022-06-13T03:23:29.929+0000][1][gc,heap      ] GC(6) CMS: 7835K->11236K(174784K)
[2022-06-13T03:23:29.929+0000][1][gc,metaspace ] GC(6) Metaspace: 19291K->19291K(1067008K)
[2022-06-13T03:23:29.929+0000][1][gc           ] GC(6) Pause Young (Allocation Failure) 83M->16M(247M) 5.843ms
[2022-06-13T03:23:29.930+0000][1][gc,cpu       ] GC(6) User=0.07s Sys=0.00s Real=0.01s
[2022-06-13T03:23:29.930+0000][1][safepoint    ] Leaving safepoint region
[2022-06-13T03:23:29.930+0000][1][safepoint    ] Total time for which application threads were stopped: 0.0065847 seconds, Stopping threads took: 0.0002104 seconds
[2022-06-13T03:23:29.930+0000][1][safepoint    ] Application time: 0.0002106 seconds
[2022-06-13T03:23:29.930+0000][1][safepoint    ] Entering safepoint region: RevokeBias
[2022-06-13T03:23:29.931+0000][1][safepoint    ] Leaving safepoint region
[2022-06-13T03:23:29.931+0000][1][safepoint    ] Total time for which application threads were stopped: 0.0003979 seconds, Stopping threads took: 0.0001496 seconds
[2022-06-13T03:23:29.931+0000][1][safepoint    ] Application time: 0.0000853 seconds
[2022-06-13T03:23:29.931+0000][1][safepoint    ] Entering safepoint region: BulkRevokeBias
[2022-06-13T03:23:29.931+0000][1][safepoint    ] Leaving safepoint region
[2022-06-13T03:23:29.931+0000][1][safepoint    ] Total time for which application threads were stopped: 0.0004070 seconds, Stopping threads took: 0.0002163 seconds
[2022-06-13T03:23:29.932+0000][1][safepoint    ] Application time: 0.0000967 seconds
[2022-06-13T03:23:29.932+0000][1][safepoint    ] Entering safepoint region: BulkRevokeBias
[2022-06-13T03:23:29.932+0000][1][safepoint    ] Leaving safepoint region
[2022-06-13T03:23:29.932+0000][1][safepoint    ] Total time for which application threads were stopped: 0.0003883 seconds, Stopping threads took: 0.0001865 seconds
[2022-06-13T03:23:30.018+0000][1][safepoint    ] Application time: 0.0852883 seconds
[2022-06-13T03:23:30.018+0000][1][safepoint    ] Entering safepoint region: GenCollectForAllocation
[2022-06-13T03:23:30.018+0000][1][gc,start     ] GC(7) Pause Young (Allocation Failure)
[2022-06-13T03:23:30.019+0000][1][gc,task      ] GC(7) Using 5 workers of 13 for evacuation
[2022-06-13T03:23:30.024+0000][1][gc,age       ] GC(7) Desired survivor size 4456448 bytes, new threshold 3 (max threshold 6)
[2022-06-13T03:23:30.024+0000][1][gc,age       ] GC(7) Age table with threshold 3 (max threshold 6)
[2022-06-13T03:23:30.024+0000][1][gc,age       ] GC(7) - age   1:    3234200 bytes,    3234200 total
[2022-06-13T03:23:30.024+0000][1][gc,age       ] GC(7) - age   2:     231448 bytes,    3465648 total
[2022-06-13T03:23:30.024+0000][1][gc,age       ] GC(7) - age   3:    2135296 bytes,    5600944 total
[2022-06-13T03:23:30.024+0000][1][gc,age       ] GC(7) - age   4:     610088 bytes,    6211032 total
[2022-06-13T03:23:30.025+0000][1][gc,heap      ] GC(7) ParNew: 75511K->8363K(78656K)
[2022-06-13T03:23:30.025+0000][1][gc,heap      ] GC(7) CMS: 11236K->11236K(174784K)
[2022-06-13T03:23:30.025+0000][1][gc,metaspace ] GC(7) Metaspace: 19615K->19615K(1067008K)
[2022-06-13T03:23:30.025+0000][1][gc           ] GC(7) Pause Young (Allocation Failure) 84M->19M(247M) 6.672ms
[2022-06-13T03:23:30.025+0000][1][gc,cpu       ] GC(7) User=0.07s Sys=0.00s Real=0.01s
[2022-06-13T03:23:30.025+0000][1][safepoint    ] Leaving safepoint region
[2022-06-13T03:23:30.025+0000][1][safepoint    ] Total time for which application threads were stopped: 0.0072674 seconds, Stopping threads took: 0.0002021 seconds
[2022-06-13T03:23:30.081+0000][1][safepoint    ] Application time: 0.0554023 seconds
[2022-06-13T03:23:30.081+0000][1][safepoint    ] Entering safepoint region: CollectForMetadataAllocation
[2022-06-13T03:23:30.082+0000][1][safepoint    ] Leaving safepoint region
[2022-06-13T03:23:30.082+0000][1][safepoint    ] Total time for which application threads were stopped: 0.0006537 seconds, Stopping threads took: 0.0002837 seconds
[2022-06-13T03:23:30.116+0000][1][safepoint    ] Application time: 0.0345349 seconds
[2022-06-13T03:23:30.117+0000][1][safepoint    ] Entering safepoint region: CollectForMetadataAllocation
[2022-06-13T03:23:30.118+0000][1][safepoint    ] Leaving safepoint region
[2022-06-13T03:23:30.118+0000][1][safepoint    ] Total time for which application threads were stopped: 0.0012690 seconds, Stopping threads took: 0.0002195 seconds
[2022-06-13T03:23:30.213+0000][1][safepoint    ] Application time: 0.0947658 seconds
[2022-06-13T03:23:30.213+0000][1][safepoint    ] Entering safepoint region: GenCollectForAllocation
[2022-06-13T03:23:30.214+0000][1][gc,start     ] GC(8) Pause Young (Allocation Failure)
[2022-06-13T03:23:30.214+0000][1][gc,task      ] GC(8) Using 5 workers of 13 for evacuation
[2022-06-13T03:23:30.219+0000][1][gc,age       ] GC(8) Desired survivor size 4456448 bytes, new threshold 6 (max threshold 6)
[2022-06-13T03:23:30.220+0000][1][gc,age       ] GC(8) Age table with threshold 6 (max threshold 6)
[2022-06-13T03:23:30.220+0000][1][gc,age       ] GC(8) - age   1:    2248792 bytes,    2248792 total
[2022-06-13T03:23:30.220+0000][1][gc,age       ] GC(8) - age   2:    1295768 bytes,    3544560 total
[2022-06-13T03:23:30.220+0000][1][gc,age       ] GC(8) - age   3:     231304 bytes,    3775864 total
[2022-06-13T03:23:30.220+0000][1][gc,heap      ] GC(8) ParNew: 78315K->6265K(78656K)
[2022-06-13T03:23:30.220+0000][1][gc,heap      ] GC(8) CMS: 11236K->13939K(174784K)
[2022-06-13T03:23:30.221+0000][1][gc,metaspace ] GC(8) Metaspace: 20418K->20418K(1069056K)
[2022-06-13T03:23:30.221+0000][1][gc           ] GC(8) Pause Young (Allocation Failure) 87M->19M(247M) 7.149ms
[2022-06-13T03:23:30.221+0000][1][gc,cpu       ] GC(8) User=0.05s Sys=0.01s Real=0.01s
[2022-06-13T03:23:30.221+0000][1][safepoint    ] Leaving safepoint region
[2022-06-13T03:23:30.221+0000][1][safepoint    ] Total time for which application threads were stopped: 0.0078311 seconds, Stopping threads took: 0.0001718 seconds
[2022-06-13T03:23:30.221+0000][1][safepoint    ] Application time: 0.0001811 seconds
[2022-06-13T03:23:30.222+0000][1][safepoint    ] Entering safepoint region: CMS_Initial_Mark
[2022-06-13T03:23:30.222+0000][1][gc,start     ] GC(9) Pause Initial Mark
[2022-06-13T03:23:30.223+0000][1][gc           ] GC(9) Pause Initial Mark 21M->21M(247M) 0.758ms
[2022-06-13T03:23:30.223+0000][1][gc,cpu       ] GC(9) User=0.00s Sys=0.00s Real=0.00s
[2022-06-13T03:23:30.223+0000][1][safepoint    ] Leaving safepoint region
[2022-06-13T03:23:30.223+0000][1][safepoint    ] Total time for which application threads were stopped: 0.0014015 seconds, Stopping threads took: 0.0001821 seconds
[2022-06-13T03:23:30.223+0000][1][gc           ] GC(9) Concurrent Mark
[2022-06-13T03:23:30.224+0000][1][gc,task      ] GC(9) Using 4 workers of 4 for marking
[2022-06-13T03:23:30.229+0000][1][gc           ] GC(9) Concurrent Mark 6.190ms
[2022-06-13T03:23:30.230+0000][1][gc,cpu       ] GC(9) User=0.04s Sys=0.00s Real=0.01s
[2022-06-13T03:23:30.230+0000][1][gc           ] GC(9) Concurrent Preclean
[2022-06-13T03:23:30.231+0000][1][gc           ] GC(9) Concurrent Preclean 0.913ms
[2022-06-13T03:23:30.231+0000][1][gc,cpu       ] GC(9) User=0.00s Sys=0.01s Real=0.00s
[2022-06-13T03:23:30.231+0000][1][gc           ] GC(9) Concurrent Abortable Preclean
[2022-06-13T03:23:30.301+0000][1][safepoint    ] Application time: 0.0776075 seconds
[2022-06-13T03:23:30.301+0000][1][safepoint    ] Entering safepoint region: GenCollectForAllocation
[2022-06-13T03:23:30.301+0000][1][gc,start     ] GC(10) Pause Young (Allocation Failure)
[2022-06-13T03:23:30.302+0000][1][gc,task      ] GC(10) Using 5 workers of 13 for evacuation
[2022-06-13T03:23:30.303+0000][1][gc,age       ] GC(10) Desired survivor size 4456448 bytes, new threshold 6 (max threshold 6)
[2022-06-13T03:23:30.304+0000][1][gc,age       ] GC(10) Age table with threshold 6 (max threshold 6)
[2022-06-13T03:23:30.304+0000][1][gc,age       ] GC(10) - age   1:     891912 bytes,     891912 total
[2022-06-13T03:23:30.304+0000][1][gc,age       ] GC(10) - age   2:     623960 bytes,    1515872 total
[2022-06-13T03:23:30.304+0000][1][gc,age       ] GC(10) - age   3:    1295648 bytes,    2811520 total
[2022-06-13T03:23:30.304+0000][1][gc,age       ] GC(10) - age   4:     231304 bytes,    3042824 total
[2022-06-13T03:23:30.304+0000][1][gc,heap      ] GC(10) ParNew: 76217K->4208K(78656K)
[2022-06-13T03:23:30.304+0000][1][gc,heap      ] GC(10) CMS: 13939K->13939K(174784K)
[2022-06-13T03:23:30.305+0000][1][gc,metaspace ] GC(10) Metaspace: 20530K->20530K(1069056K)
[2022-06-13T03:23:30.305+0000][1][gc           ] GC(10) Pause Young (Allocation Failure) 88M->17M(247M) 3.391ms
[2022-06-13T03:23:30.305+0000][1][gc,cpu       ] GC(10) User=0.00s Sys=0.00s Real=0.00s
[2022-06-13T03:23:30.305+0000][1][safepoint    ] Leaving safepoint region
[2022-06-13T03:23:30.305+0000][1][safepoint    ] Total time for which application threads were stopped: 0.0042245 seconds, Stopping threads took: 0.0001780 seconds
[2022-06-13T03:23:30.389+0000][1][safepoint    ] Application time: 0.0834403 seconds
[2022-06-13T03:23:30.389+0000][1][safepoint    ] Entering safepoint region: GenCollectForAllocation
[2022-06-13T03:23:30.390+0000][1][gc,start     ] GC(11) Pause Young (Allocation Failure)
[2022-06-13T03:23:30.390+0000][1][gc,task      ] GC(11) Using 5 workers of 13 for evacuation
[2022-06-13T03:23:30.391+0000][1][gc,age       ] GC(11) Desired survivor size 4456448 bytes, new threshold 6 (max threshold 6)
[2022-06-13T03:23:30.392+0000][1][gc,age       ] GC(11) Age table with threshold 6 (max threshold 6)
[2022-06-13T03:23:30.392+0000][1][gc,age       ] GC(11) - age   1:     616920 bytes,     616920 total
[2022-06-13T03:23:30.392+0000][1][gc,age       ] GC(11) - age   2:     131680 bytes,     748600 total
[2022-06-13T03:23:30.392+0000][1][gc,age       ] GC(11) - age   3:     623912 bytes,    1372512 total
[2022-06-13T03:23:30.392+0000][1][gc,age       ] GC(11) - age   4:    1295544 bytes,    2668056 total
[2022-06-13T03:23:30.393+0000][1][gc,age       ] GC(11) - age   5:     231016 bytes,    2899072 total
[2022-06-13T03:23:30.393+0000][1][gc,heap      ] GC(11) ParNew: 74160K->4038K(78656K)
[2022-06-13T03:23:30.393+0000][1][gc,heap      ] GC(11) CMS: 13939K->13939K(174784K)
[2022-06-13T03:23:30.393+0000][1][gc,metaspace ] GC(11) Metaspace: 20607K->20607K(1069056K)
[2022-06-13T03:23:30.393+0000][1][gc           ] GC(11) Pause Young (Allocation Failure) 86M->17M(247M) 3.580ms
[2022-06-13T03:23:30.393+0000][1][gc,cpu       ] GC(11) User=0.00s Sys=0.00s Real=0.00s
[2022-06-13T03:23:30.393+0000][1][safepoint    ] Leaving safepoint region
[2022-06-13T03:23:30.394+0000][1][safepoint    ] Total time for which application threads were stopped: 0.0044477 seconds, Stopping threads took: 0.0002486 seconds
[2022-06-13T03:23:30.450+0000][1][safepoint    ] Application time: 0.0563672 seconds
[2022-06-13T03:23:30.451+0000][1][safepoint    ] Entering safepoint region: CollectForMetadataAllocation
[2022-06-13T03:23:30.451+0000][1][safepoint    ] Leaving safepoint region
[2022-06-13T03:23:30.451+0000][1][safepoint    ] Total time for which application threads were stopped: 0.0003986 seconds, Stopping threads took: 0.0001633 seconds
[2022-06-13T03:23:30.457+0000][1][gc           ] GC(9) Concurrent Abortable Preclean 225.429ms
[2022-06-13T03:23:30.457+0000][1][gc,cpu       ] GC(9) User=0.60s Sys=0.02s Real=0.22s
[2022-06-13T03:23:30.457+0000][1][safepoint    ] Application time: 0.0064925 seconds
[2022-06-13T03:23:30.458+0000][1][safepoint    ] Entering safepoint region: CMS_Final_Remark
[2022-06-13T03:23:30.458+0000][1][gc,start     ] GC(9) Pause Remark
[2022-06-13T03:23:30.472+0000][1][gc           ] GC(9) Pause Remark 62M->62M(247M) 14.123ms
[2022-06-13T03:23:30.472+0000][1][gc,cpu       ] GC(9) User=0.05s Sys=0.00s Real=0.02s
[2022-06-13T03:23:30.473+0000][1][safepoint    ] Leaving safepoint region
[2022-06-13T03:23:30.473+0000][1][safepoint    ] Total time for which application threads were stopped: 0.0154512 seconds, Stopping threads took: 0.0003572 seconds
[2022-06-13T03:23:30.474+0000][1][gc           ] GC(9) Concurrent Sweep
[2022-06-13T03:23:30.481+0000][1][gc           ] GC(9) Concurrent Sweep 7.424ms
[2022-06-13T03:23:30.482+0000][1][gc,cpu       ] GC(9) User=0.02s Sys=0.01s Real=0.01s
[2022-06-13T03:23:30.482+0000][1][gc           ] GC(9) Concurrent Reset
[2022-06-13T03:23:30.482+0000][1][gc           ] GC(9) Concurrent Reset 0.464ms
[2022-06-13T03:23:30.482+0000][1][gc,cpu       ] GC(9) User=0.00s Sys=0.00s Real=0.00s
[2022-06-13T03:23:30.482+0000][1][gc,heap      ] GC(9) Old: 13939K->13913K(174784K)
[2022-06-13T03:23:30.752+0000][1][safepoint    ] Application time: 0.2780445 seconds
[2022-06-13T03:23:30.752+0000][1][safepoint    ] Entering safepoint region: Deoptimize
[2022-06-13T03:23:30.753+0000][1][safepoint    ] Leaving safepoint region
[2022-06-13T03:23:30.754+0000][1][safepoint    ] Total time for which application threads were stopped: 0.0015352 seconds, Stopping threads took: 0.0002306 seconds
[2022-06-13T03:23:30.778+0000][1][safepoint    ] Application time: 0.0244413 seconds
[2022-06-13T03:23:30.778+0000][1][safepoint    ] Entering safepoint region: GenCollectForAllocation
[2022-06-13T03:23:30.779+0000][1][gc,start     ] GC(12) Pause Young (Allocation Failure)
[2022-06-13T03:23:30.779+0000][1][gc,task      ] GC(12) Using 5 workers of 13 for evacuation
[2022-06-13T03:23:30.781+0000][1][gc,age       ] GC(12) Desired survivor size 4456448 bytes, new threshold 6 (max threshold 6)
[2022-06-13T03:23:30.781+0000][1][gc,age       ] GC(12) Age table with threshold 6 (max threshold 6)
[2022-06-13T03:23:30.782+0000][1][gc,age       ] GC(12) - age   1:    1324808 bytes,    1324808 total
[2022-06-13T03:23:30.782+0000][1][gc,age       ] GC(12) - age   2:     345280 bytes,    1670088 total
[2022-06-13T03:23:30.782+0000][1][gc,age       ] GC(12) - age   3:     131432 bytes,    1801520 total
[2022-06-13T03:23:30.782+0000][1][gc,age       ] GC(12) - age   4:     624200 bytes,    2425720 total
[2022-06-13T03:23:30.782+0000][1][gc,age       ] GC(12) - age   5:    1293384 bytes,    3719104 total
[2022-06-13T03:23:30.782+0000][1][gc,age       ] GC(12) - age   6:     230920 bytes,    3950024 total
[2022-06-13T03:23:30.782+0000][1][gc,heap      ] GC(12) ParNew: 73990K->5521K(78656K)
[2022-06-13T03:23:30.782+0000][1][gc,heap      ] GC(12) CMS: 13913K->13913K(174784K)
[2022-06-13T03:23:30.782+0000][1][gc,metaspace ] GC(12) Metaspace: 24844K->24844K(1073152K)
[2022-06-13T03:23:30.783+0000][1][gc           ] GC(12) Pause Young (Allocation Failure) 85M->18M(247M) 3.856ms
[2022-06-13T03:23:30.783+0000][1][gc,cpu       ] GC(12) User=0.01s Sys=0.00s Real=0.01s
[2022-06-13T03:23:30.783+0000][1][safepoint    ] Leaving safepoint region
[2022-06-13T03:23:30.783+0000][1][safepoint    ] Total time for which application threads were stopped: 0.0045358 seconds, Stopping threads took: 0.0001713 seconds
[2022-06-13T03:23:30.818+0000][1][safepoint    ] Application time: 0.0353689 seconds
[2022-06-13T03:23:30.819+0000][1][safepoint    ] Entering safepoint region: Deoptimize
[2022-06-13T03:23:30.819+0000][1][safepoint    ] Leaving safepoint region
[2022-06-13T03:23:30.819+0000][1][safepoint    ] Total time for which application threads were stopped: 0.0006979 seconds, Stopping threads took: 0.0001545 seconds
[2022-06-13T03:23:30.820+0000][1][safepoint    ] Application time: 0.0003803 seconds
[2022-06-13T03:23:30.820+0000][1][safepoint    ] Entering safepoint region: Deoptimize
[2022-06-13T03:23:30.820+0000][1][safepoint    ] Leaving safepoint region
[2022-06-13T03:23:30.821+0000][1][safepoint    ] Total time for which application threads were stopped: 0.0005504 seconds, Stopping threads took: 0.0001004 seconds
[2022-06-13T03:23:30.828+0000][1][safepoint    ] Application time: 0.0076108 seconds
[2022-06-13T03:23:30.829+0000][1][safepoint    ] Entering safepoint region: Deoptimize
[2022-06-13T03:23:30.829+0000][1][safepoint    ] Leaving safepoint region
[2022-06-13T03:23:30.829+0000][1][safepoint    ] Total time for which application threads were stopped: 0.0007677 seconds, Stopping threads took: 0.0001609 seconds
[2022-06-13T03:23:30.833+0000][1][safepoint    ] Application time: 0.0033339 seconds
[2022-06-13T03:23:30.833+0000][1][safepoint    ] Entering safepoint region: Deoptimize
[2022-06-13T03:23:30.834+0000][1][safepoint    ] Leaving safepoint region
[2022-06-13T03:23:30.834+0000][1][safepoint    ] Total time for which application threads were stopped: 0.0007867 seconds, Stopping threads took: 0.0001816 seconds
[2022-06-13T03:23:30.839+0000][1][safepoint    ] Application time: 0.0053693 seconds
[2022-06-13T03:23:30.840+0000][1][safepoint    ] Entering safepoint region: RevokeBias
[2022-06-13T03:23:30.840+0000][1][safepoint    ] Leaving safepoint region
[2022-06-13T03:23:30.840+0000][1][safepoint    ] Total time for which application threads were stopped: 0.0003042 seconds, Stopping threads took: 0.0001612 seconds
[2022-06-13T03:23:31.056+0000][1][safepoint    ] Application time: 0.2161665 seconds
[2022-06-13T03:23:31.057+0000][1][safepoint    ] Entering safepoint region: Deoptimize
[2022-06-13T03:23:31.058+0000][1][safepoint    ] Leaving safepoint region
[2022-06-13T03:23:31.058+0000][1][safepoint    ] Total time for which application threads were stopped: 0.0010659 seconds, Stopping threads took: 0.0001799 seconds
[2022-06-13T03:23:31.339+0000][1][safepoint    ] Application time: 0.2809161 seconds
[2022-06-13T03:23:31.341+0000][1][safepoint    ] Entering safepoint region: GenCollectForAllocation
[2022-06-13T03:23:31.341+0000][1][gc,start     ] GC(13) Pause Young (Allocation Failure)
[2022-06-13T03:23:31.342+0000][1][gc,task      ] GC(13) Using 5 workers of 13 for evacuation
[2022-06-13T03:23:31.361+0000][1][gc,age       ] GC(13) Desired survivor size 4456448 bytes, new threshold 1 (max threshold 6)
[2022-06-13T03:23:31.361+0000][1][gc,age       ] GC(13) Age table with threshold 1 (max threshold 6)
[2022-06-13T03:23:31.361+0000][1][gc,age       ] GC(13) - age   1:    5234312 bytes,    5234312 total
[2022-06-13T03:23:31.362+0000][1][gc,age       ] GC(13) - age   2:    1282904 bytes,    6517216 total
[2022-06-13T03:23:31.362+0000][1][gc,age       ] GC(13) - age   3:     344992 bytes,    6862208 total
[2022-06-13T03:23:31.362+0000][1][gc,age       ] GC(13) - age   4:     131384 bytes,    6993592 total
[2022-06-13T03:23:31.362+0000][1][gc,age       ] GC(13) - age   5:     620600 bytes,    7614192 total
[2022-06-13T03:23:31.362+0000][1][gc,age       ] GC(13) - age   6:    1293224 bytes,    8907416 total
[2022-06-13T03:23:31.362+0000][1][gc,heap      ] GC(13) ParNew: 75473K->8704K(78656K)
[2022-06-13T03:23:31.362+0000][1][gc,heap      ] GC(13) CMS: 13913K->23946K(174784K)
[2022-06-13T03:23:31.362+0000][1][gc,metaspace ] GC(13) Metaspace: 27101K->27101K(1075200K)
[2022-06-13T03:23:31.362+0000][1][gc           ] GC(13) Pause Young (Allocation Failure) 87M->31M(247M) 20.793ms
[2022-06-13T03:23:31.362+0000][1][gc,cpu       ] GC(13) User=0.16s Sys=0.01s Real=0.02s
[2022-06-13T03:23:31.362+0000][1][safepoint    ] Leaving safepoint region
[2022-06-13T03:23:31.363+0000][1][safepoint    ] Total time for which application threads were stopped: 0.0215001 seconds, Stopping threads took: 0.0002808 seconds
[2022-06-13T03:23:31.745+0000][1][safepoint    ] Application time: 0.3826975 seconds
[2022-06-13T03:23:31.746+0000][1][safepoint    ] Entering safepoint region: GenCollectForAllocation
[2022-06-13T03:23:31.746+0000][1][gc,start     ] GC(14) Pause Young (Allocation Failure)
[2022-06-13T03:23:31.746+0000][1][gc,task      ] GC(14) Using 5 workers of 13 for evacuation
[2022-06-13T03:23:31.770+0000][1][gc,age       ] GC(14) Desired survivor size 4456448 bytes, new threshold 1 (max threshold 6)
[2022-06-13T03:23:31.770+0000][1][gc,age       ] GC(14) Age table with threshold 1 (max threshold 6)
[2022-06-13T03:23:31.770+0000][1][gc,age       ] GC(14) - age   1:    8282064 bytes,    8282064 total
[2022-06-13T03:23:31.770+0000][1][gc,heap      ] GC(14) ParNew: 78656K->8704K(78656K)
[2022-06-13T03:23:31.770+0000][1][gc,heap      ] GC(14) CMS: 23946K->37424K(174784K)
[2022-06-13T03:23:31.770+0000][1][gc,metaspace ] GC(14) Metaspace: 27128K->27128K(1075200K)
[2022-06-13T03:23:31.770+0000][1][gc           ] GC(14) Pause Young (Allocation Failure) 100M->45M(247M) 24.417ms
[2022-06-13T03:23:31.770+0000][1][gc,cpu       ] GC(14) User=0.14s Sys=0.00s Real=0.03s
[2022-06-13T03:23:31.771+0000][1][safepoint    ] Leaving safepoint region
[2022-06-13T03:23:31.771+0000][1][safepoint    ] Total time for which application threads were stopped: 0.0250338 seconds, Stopping threads took: 0.0001690 seconds
[2022-06-13T03:23:31.799+0000][1][safepoint    ] Application time: 0.0278981 seconds
[2022-06-13T03:23:31.826+0000][1][safepoint    ] Entering safepoint region: RevokeBias
[2022-06-13T03:23:31.827+0000][1][safepoint    ] Leaving safepoint region
[2022-06-13T03:23:31.827+0000][1][safepoint    ] Total time for which application threads were stopped: 0.0004929 seconds, Stopping threads took: 0.0002726 seconds
[2022-06-13T03:23:32.142+0000][1][safepoint    ] Application time: 0.3151471 seconds
[2022-06-13T03:23:32.143+0000][1][safepoint    ] Entering safepoint region: RevokeBias
[2022-06-13T03:23:32.143+0000][1][safepoint    ] Leaving safepoint region
[2022-06-13T03:23:32.143+0000][1][safepoint    ] Total time for which application threads were stopped: 0.0006845 seconds, Stopping threads took: 0.0003244 seconds
[2022-06-13T03:23:32.185+0000][1][safepoint    ] Application time: 0.0415094 seconds
[2022-06-13T03:23:32.186+0000][1][safepoint    ] Entering safepoint region: GenCollectForAllocation
[2022-06-13T03:23:32.186+0000][1][gc,start     ] GC(15) Pause Young (Allocation Failure)
[2022-06-13T03:23:32.186+0000][1][gc,task      ] GC(15) Using 5 workers of 13 for evacuation
[2022-06-13T03:23:32.198+0000][1][gc,age       ] GC(15) Desired survivor size 4456448 bytes, new threshold 1 (max threshold 6)
[2022-06-13T03:23:32.198+0000][1][gc,age       ] GC(15) Age table with threshold 1 (max threshold 6)
[2022-06-13T03:23:32.199+0000][1][gc,age       ] GC(15) - age   1:    8003680 bytes,    8003680 total
[2022-06-13T03:23:32.199+0000][1][gc,heap      ] GC(15) ParNew: 78656K->8704K(78656K)
[2022-06-13T03:23:32.199+0000][1][gc,heap      ] GC(15) CMS: 37424K->47205K(174784K)
[2022-06-13T03:23:32.199+0000][1][gc,metaspace ] GC(15) Metaspace: 30958K->30958K(1077248K)
[2022-06-13T03:23:32.200+0000][1][gc           ] GC(15) Pause Young (Allocation Failure) 113M->54M(247M) 13.982ms
[2022-06-13T03:23:32.200+0000][1][gc,cpu       ] GC(15) User=0.11s Sys=0.00s Real=0.02s
[2022-06-13T03:23:32.200+0000][1][safepoint    ] Leaving safepoint region
[2022-06-13T03:23:32.201+0000][1][safepoint    ] Total time for which application threads were stopped: 0.0150162 seconds, Stopping threads took: 0.0001883 seconds
[2022-06-13T03:23:32.340+0000][1][safepoint    ] Application time: 0.1392400 seconds
[2022-06-13T03:23:32.340+0000][1][safepoint    ] Entering safepoint region: GenCollectForAllocation
[2022-06-13T03:23:32.341+0000][1][gc,start     ] GC(16) Pause Young (Allocation Failure)
[2022-06-13T03:23:32.341+0000][1][gc,task      ] GC(16) Using 5 workers of 13 for evacuation
[2022-06-13T03:23:32.346+0000][1][gc,age       ] GC(16) Desired survivor size 4456448 bytes, new threshold 6 (max threshold 6)
[2022-06-13T03:23:32.346+0000][1][gc,age       ] GC(16) Age table with threshold 6 (max threshold 6)
[2022-06-13T03:23:32.346+0000][1][gc,age       ] GC(16) - age   1:     706216 bytes,     706216 total
[2022-06-13T03:23:32.346+0000][1][gc,heap      ] GC(16) ParNew: 78656K->7815K(78656K)
[2022-06-13T03:23:32.346+0000][1][gc,heap      ] GC(16) CMS: 47205K->55046K(174784K)
[2022-06-13T03:23:32.346+0000][1][gc,metaspace ] GC(16) Metaspace: 32959K->32959K(1079296K)
[2022-06-13T03:23:32.346+0000][1][gc           ] GC(16) Pause Young (Allocation Failure) 122M->61M(247M) 5.836ms
[2022-06-13T03:23:32.346+0000][1][gc,cpu       ] GC(16) User=0.02s Sys=0.01s Real=0.00s
[2022-06-13T03:23:32.347+0000][1][safepoint    ] Leaving safepoint region
[2022-06-13T03:23:32.347+0000][1][safepoint    ] Total time for which application threads were stopped: 0.0063637 seconds, Stopping threads took: 0.0001638 seconds
[2022-06-13T03:23:32.363+0000][1][safepoint    ] Application time: 0.0159063 seconds
[2022-06-13T03:23:32.363+0000][1][safepoint    ] Entering safepoint region: RevokeBias
[2022-06-13T03:23:32.363+0000][1][safepoint    ] Leaving safepoint region
[2022-06-13T03:23:32.363+0000][1][safepoint    ] Total time for which application threads were stopped: 0.0002986 seconds, Stopping threads took: 0.0001524 seconds
[2022-06-13T03:23:32.500+0000][1][safepoint    ] Application time: 0.1363079 seconds
[2022-06-13T03:23:32.500+0000][1][safepoint    ] Entering safepoint region: CollectForMetadataAllocation
[2022-06-13T03:23:32.500+0000][1][safepoint    ] Leaving safepoint region
[2022-06-13T03:23:32.500+0000][1][safepoint    ] Total time for which application threads were stopped: 0.0004151 seconds, Stopping threads took: 0.0000980 seconds
[2022-06-13T03:23:32.509+0000][1][safepoint    ] Application time: 0.0083757 seconds
[2022-06-13T03:23:32.509+0000][1][safepoint    ] Entering safepoint region: CollectForMetadataAllocation
[2022-06-13T03:23:32.509+0000][1][safepoint    ] Leaving safepoint region
[2022-06-13T03:23:32.509+0000][1][safepoint    ] Total time for which application threads were stopped: 0.0004068 seconds, Stopping threads took: 0.0001870 seconds
[2022-06-13T03:23:32.520+0000][1][safepoint    ] Application time: 0.0109881 seconds
[2022-06-13T03:23:32.521+0000][1][safepoint    ] Entering safepoint region: CollectForMetadataAllocation
[2022-06-13T03:23:32.521+0000][1][safepoint    ] Leaving safepoint region
[2022-06-13T03:23:32.521+0000][1][safepoint    ] Total time for which application threads were stopped: 0.0002913 seconds, Stopping threads took: 0.0001030 seconds
[2022-06-13T03:23:32.533+0000][1][safepoint    ] Application time: 0.0117362 seconds
[2022-06-13T03:23:32.533+0000][1][safepoint    ] Entering safepoint region: CollectForMetadataAllocation
[2022-06-13T03:23:32.533+0000][1][safepoint    ] Leaving safepoint region
[2022-06-13T03:23:32.533+0000][1][safepoint    ] Total time for which application threads were stopped: 0.0003090 seconds, Stopping threads took: 0.0001248 seconds
[2022-06-13T03:23:32.549+0000][1][safepoint    ] Application time: 0.0158300 seconds
[2022-06-13T03:23:32.550+0000][1][safepoint    ] Entering safepoint region: CollectForMetadataAllocation
[2022-06-13T03:23:32.550+0000][1][safepoint    ] Leaving safepoint region
[2022-06-13T03:23:32.550+0000][1][safepoint    ] Total time for which application threads were stopped: 0.0003622 seconds, Stopping threads took: 0.0001365 seconds
[2022-06-13T03:23:32.572+0000][1][safepoint    ] Application time: 0.0217440 seconds
[2022-06-13T03:23:32.572+0000][1][safepoint    ] Entering safepoint region: CollectForMetadataAllocation
[2022-06-13T03:23:32.572+0000][1][safepoint    ] Leaving safepoint region
[2022-06-13T03:23:32.572+0000][1][safepoint    ] Total time for which application threads were stopped: 0.0003091 seconds, Stopping threads took: 0.0001149 seconds
[2022-06-13T03:23:32.585+0000][1][safepoint    ] Application time: 0.0120839 seconds
[2022-06-13T03:23:32.585+0000][1][safepoint    ] Entering safepoint region: CollectForMetadataAllocation
[2022-06-13T03:23:32.585+0000][1][safepoint    ] Leaving safepoint region
[2022-06-13T03:23:32.585+0000][1][safepoint    ] Total time for which application threads were stopped: 0.0004304 seconds, Stopping threads took: 0.0001563 seconds
[2022-06-13T03:23:32.597+0000][1][safepoint    ] Application time: 0.0116359 seconds
[2022-06-13T03:23:32.597+0000][1][safepoint    ] Entering safepoint region: RevokeBias
[2022-06-13T03:23:32.598+0000][1][safepoint    ] Leaving safepoint region
[2022-06-13T03:23:32.598+0000][1][safepoint    ] Total time for which application threads were stopped: 0.0003594 seconds, Stopping threads took: 0.0001487 seconds
[2022-06-13T03:23:32.599+0000][1][safepoint    ] Application time: 0.0009037 seconds
[2022-06-13T03:23:32.599+0000][1][safepoint    ] Entering safepoint region: CollectForMetadataAllocation
[2022-06-13T03:23:32.600+0000][1][safepoint    ] Leaving safepoint region
[2022-06-13T03:23:32.600+0000][1][safepoint    ] Total time for which application threads were stopped: 0.0009086 seconds, Stopping threads took: 0.0001752 seconds
[2022-06-13T03:23:32.603+0000][1][safepoint    ] Application time: 0.0031503 seconds
[2022-06-13T03:23:32.603+0000][1][safepoint    ] Entering safepoint region: RevokeBias
[2022-06-13T03:23:32.604+0000][1][safepoint    ] Leaving safepoint region
[2022-06-13T03:23:32.604+0000][1][safepoint    ] Total time for which application threads were stopped: 0.0005465 seconds, Stopping threads took: 0.0002970 seconds
[2022-06-13T03:23:32.611+0000][1][safepoint    ] Application time: 0.0069287 seconds
[2022-06-13T03:23:32.611+0000][1][safepoint    ] Entering safepoint region: RevokeBias
[2022-06-13T03:23:32.612+0000][1][safepoint    ] Leaving safepoint region
[2022-06-13T03:23:32.612+0000][1][safepoint    ] Total time for which application threads were stopped: 0.0004204 seconds, Stopping threads took: 0.0001878 seconds
[2022-06-13T03:23:32.622+0000][1][safepoint    ] Application time: 0.0101726 seconds
[2022-06-13T03:23:32.622+0000][1][safepoint    ] Entering safepoint region: RevokeBias
[2022-06-13T03:23:32.623+0000][1][safepoint    ] Leaving safepoint region
[2022-06-13T03:23:32.623+0000][1][safepoint    ] Total time for which application threads were stopped: 0.0004544 seconds, Stopping threads took: 0.0001958 seconds
[2022-06-13T03:23:32.628+0000][1][safepoint    ] Application time: 0.0050464 seconds
[2022-06-13T03:23:32.628+0000][1][safepoint    ] Entering safepoint region: CollectForMetadataAllocation
[2022-06-13T03:23:32.629+0000][1][safepoint    ] Leaving safepoint region
[2022-06-13T03:23:32.629+0000][1][safepoint    ] Total time for which application threads were stopped: 0.0004261 seconds, Stopping threads took: 0.0001683 seconds
[2022-06-13T03:23:32.641+0000][1][safepoint    ] Application time: 0.0125400 seconds
[2022-06-13T03:23:32.642+0000][1][safepoint    ] Entering safepoint region: CollectForMetadataAllocation
[2022-06-13T03:23:32.642+0000][1][safepoint    ] Leaving safepoint region
[2022-06-13T03:23:32.642+0000][1][safepoint    ] Total time for which application threads were stopped: 0.0005137 seconds, Stopping threads took: 0.0001865 seconds
[2022-06-13T03:23:32.664+0000][1][safepoint    ] Application time: 0.0214840 seconds
[2022-06-13T03:23:32.664+0000][1][safepoint    ] Entering safepoint region: CollectForMetadataAllocation
[2022-06-13T03:23:32.664+0000][1][safepoint    ] Leaving safepoint region
[2022-06-13T03:23:32.664+0000][1][safepoint    ] Total time for which application threads were stopped: 0.0003031 seconds, Stopping threads took: 0.0001118 seconds
[2022-06-13T03:23:32.674+0000][1][safepoint    ] Application time: 0.0097039 seconds
[2022-06-13T03:23:32.674+0000][1][safepoint    ] Entering safepoint region: CollectForMetadataAllocation
[2022-06-13T03:23:32.675+0000][1][safepoint    ] Leaving safepoint region
[2022-06-13T03:23:32.675+0000][1][safepoint    ] Total time for which application threads were stopped: 0.0004223 seconds, Stopping threads took: 0.0001405 seconds
[2022-06-13T03:23:32.688+0000][1][safepoint    ] Application time: 0.0131006 seconds
[2022-06-13T03:23:32.688+0000][1][safepoint    ] Entering safepoint region: CollectForMetadataAllocation
[2022-06-13T03:23:32.689+0000][1][safepoint    ] Leaving safepoint region
[2022-06-13T03:23:32.689+0000][1][safepoint    ] Total time for which application threads were stopped: 0.0007323 seconds, Stopping threads took: 0.0002437 seconds
[2022-06-13T03:23:32.703+0000][1][safepoint    ] Application time: 0.0132801 seconds
[2022-06-13T03:23:32.703+0000][1][safepoint    ] Entering safepoint region: CollectForMetadataAllocation
[2022-06-13T03:23:32.703+0000][1][safepoint    ] Leaving safepoint region
[2022-06-13T03:23:32.704+0000][1][safepoint    ] Total time for which application threads were stopped: 0.0006512 seconds, Stopping threads took: 0.0002418 seconds
[2022-06-13T03:23:32.712+0000][1][safepoint    ] Application time: 0.0075247 seconds
[2022-06-13T03:23:32.712+0000][1][safepoint    ] Entering safepoint region: CollectForMetadataAllocation
[2022-06-13T03:23:32.712+0000][1][safepoint    ] Leaving safepoint region
[2022-06-13T03:23:32.713+0000][1][safepoint    ] Total time for which application threads were stopped: 0.0006942 seconds, Stopping threads took: 0.0003076 seconds
[2022-06-13T03:23:32.726+0000][1][safepoint    ] Application time: 0.0132119 seconds
[2022-06-13T03:23:32.726+0000][1][safepoint    ] Entering safepoint region: CollectForMetadataAllocation
[2022-06-13T03:23:32.727+0000][1][safepoint    ] Leaving safepoint region
[2022-06-13T03:23:32.727+0000][1][safepoint    ] Total time for which application threads were stopped: 0.0006775 seconds, Stopping threads took: 0.0003086 seconds
[2022-06-13T03:23:32.740+0000][1][safepoint    ] Application time: 0.0127481 seconds
[2022-06-13T03:23:32.740+0000][1][safepoint    ] Entering safepoint region: CollectForMetadataAllocation
[2022-06-13T03:23:32.741+0000][1][safepoint    ] Leaving safepoint region
[2022-06-13T03:23:32.741+0000][1][safepoint    ] Total time for which application threads were stopped: 0.0004982 seconds, Stopping threads took: 0.0002156 seconds
[2022-06-13T03:23:32.748+0000][1][safepoint    ] Application time: 0.0072776 seconds
[2022-06-13T03:23:32.749+0000][1][safepoint    ] Entering safepoint region: CollectForMetadataAllocation
[2022-06-13T03:23:32.749+0000][1][safepoint    ] Leaving safepoint region
[2022-06-13T03:23:32.749+0000][1][safepoint    ] Total time for which application threads were stopped: 0.0007446 seconds, Stopping threads took: 0.0002968 seconds
[2022-06-13T03:23:32.760+0000][1][safepoint    ] Application time: 0.0105999 seconds
[2022-06-13T03:23:32.761+0000][1][safepoint    ] Entering safepoint region: CollectForMetadataAllocation
[2022-06-13T03:23:32.761+0000][1][safepoint    ] Leaving safepoint region
[2022-06-13T03:23:32.762+0000][1][safepoint    ] Total time for which application threads were stopped: 0.0009269 seconds, Stopping threads took: 0.0004503 seconds
[2022-06-13T03:23:32.772+0000][1][safepoint    ] Application time: 0.0097491 seconds
[2022-06-13T03:23:32.772+0000][1][safepoint    ] Entering safepoint region: CollectForMetadataAllocation
[2022-06-13T03:23:32.773+0000][1][safepoint    ] Leaving safepoint region
[2022-06-13T03:23:32.773+0000][1][safepoint    ] Total time for which application threads were stopped: 0.0004258 seconds, Stopping threads took: 0.0001436 seconds
[2022-06-13T03:23:32.806+0000][1][safepoint    ] Application time: 0.0329815 seconds
[2022-06-13T03:23:32.806+0000][1][safepoint    ] Entering safepoint region: CollectForMetadataAllocation
[2022-06-13T03:23:32.808+0000][1][safepoint    ] Leaving safepoint region
[2022-06-13T03:23:32.808+0000][1][safepoint    ] Total time for which application threads were stopped: 0.0016992 seconds, Stopping threads took: 0.0005616 seconds
[2022-06-13T03:23:32.820+0000][1][safepoint    ] Application time: 0.0119361 seconds
[2022-06-13T03:23:32.821+0000][1][safepoint    ] Entering safepoint region: CollectForMetadataAllocation
[2022-06-13T03:23:32.821+0000][1][safepoint    ] Leaving safepoint region
[2022-06-13T03:23:32.822+0000][1][safepoint    ] Total time for which application threads were stopped: 0.0009736 seconds, Stopping threads took: 0.0004568 seconds
[2022-06-13T03:23:32.837+0000][1][safepoint    ] Application time: 0.0148924 seconds
[2022-06-13T03:23:32.838+0000][1][safepoint    ] Entering safepoint region: CollectForMetadataAllocation
[2022-06-13T03:23:32.839+0000][1][safepoint    ] Leaving safepoint region
[2022-06-13T03:23:32.839+0000][1][safepoint    ] Total time for which application threads were stopped: 0.0014616 seconds, Stopping threads took: 0.0004700 seconds
[2022-06-13T03:23:32.852+0000][1][safepoint    ] Application time: 0.0129846 seconds
[2022-06-13T03:23:32.853+0000][1][safepoint    ] Entering safepoint region: CollectForMetadataAllocation
[2022-06-13T03:23:32.854+0000][1][safepoint    ] Leaving safepoint region
[2022-06-13T03:23:32.854+0000][1][safepoint    ] Total time for which application threads were stopped: 0.0009600 seconds, Stopping threads took: 0.0004664 seconds
[2022-06-13T03:23:32.861+0000][1][safepoint    ] Application time: 0.0063758 seconds
[2022-06-13T03:23:32.861+0000][1][safepoint    ] Entering safepoint region: RevokeBias
[2022-06-13T03:23:32.862+0000][1][safepoint    ] Leaving safepoint region
[2022-06-13T03:23:32.862+0000][1][safepoint    ] Total time for which application threads were stopped: 0.0009665 seconds, Stopping threads took: 0.0005438 seconds
[2022-06-13T03:23:32.863+0000][1][safepoint    ] Application time: 0.0002044 seconds
[2022-06-13T03:23:32.863+0000][1][safepoint    ] Entering safepoint region: RevokeBias
[2022-06-13T03:23:32.864+0000][1][safepoint    ] Leaving safepoint region
[2022-06-13T03:23:32.865+0000][1][safepoint    ] Total time for which application threads were stopped: 0.0017235 seconds, Stopping threads took: 0.0003799 seconds
[2022-06-13T03:23:32.980+0000][1][safepoint    ] Application time: 0.1143043 seconds
[2022-06-13T03:23:32.980+0000][1][safepoint    ] Entering safepoint region: GenCollectForAllocation
[2022-06-13T03:23:32.980+0000][1][gc,start     ] GC(17) Pause Young (Allocation Failure)
[2022-06-13T03:23:32.980+0000][1][gc,task      ] GC(17) Using 5 workers of 13 for evacuation
[2022-06-13T03:23:32.984+0000][1][gc,age       ] GC(17) Desired survivor size 4456448 bytes, new threshold 6 (max threshold 6)
[2022-06-13T03:23:32.984+0000][1][gc,age       ] GC(17) Age table with threshold 6 (max threshold 6)
[2022-06-13T03:23:32.984+0000][1][gc,age       ] GC(17) - age   1:    3607344 bytes,    3607344 total
[2022-06-13T03:23:32.984+0000][1][gc,age       ] GC(17) - age   2:     659456 bytes,    4266800 total
[2022-06-13T03:23:32.985+0000][1][gc,heap      ] GC(17) ParNew: 77767K->5416K(78656K)
[2022-06-13T03:23:32.985+0000][1][gc,heap      ] GC(17) CMS: 55046K->55046K(174784K)
[2022-06-13T03:23:32.985+0000][1][gc,metaspace ] GC(17) Metaspace: 41965K->41965K(1087488K)
[2022-06-13T03:23:32.985+0000][1][gc           ] GC(17) Pause Young (Allocation Failure) 129M->59M(247M) 5.351ms
[2022-06-13T03:23:32.986+0000][1][gc,cpu       ] GC(17) User=0.02s Sys=0.00s Real=0.00s
[2022-06-13T03:23:32.986+0000][1][safepoint    ] Leaving safepoint region
[2022-06-13T03:23:32.986+0000][1][safepoint    ] Total time for which application threads were stopped: 0.0062162 seconds, Stopping threads took: 0.0001184 seconds
[2022-06-13T03:23:32.987+0000][1][safepoint    ] Application time: 0.0002721 seconds
[2022-06-13T03:23:32.987+0000][1][safepoint    ] Entering safepoint region: CMS_Initial_Mark
[2022-06-13T03:23:32.987+0000][1][gc,start     ] GC(18) Pause Initial Mark
[2022-06-13T03:23:32.989+0000][1][gc           ] GC(18) Pause Initial Mark 60M->60M(247M) 1.719ms
[2022-06-13T03:23:32.989+0000][1][gc,cpu       ] GC(18) User=0.03s Sys=0.00s Real=0.01s
[2022-06-13T03:23:32.989+0000][1][safepoint    ] Leaving safepoint region
[2022-06-13T03:23:32.990+0000][1][safepoint    ] Total time for which application threads were stopped: 0.0028371 seconds, Stopping threads took: 0.0004380 seconds
[2022-06-13T03:23:32.990+0000][1][gc           ] GC(18) Concurrent Mark
[2022-06-13T03:23:32.990+0000][1][gc,task      ] GC(18) Using 4 workers of 4 for marking
[2022-06-13T03:23:33.006+0000][1][gc           ] GC(18) Concurrent Mark 15.680ms
[2022-06-13T03:23:33.006+0000][1][gc,cpu       ] GC(18) User=0.09s Sys=0.01s Real=0.01s
[2022-06-13T03:23:33.006+0000][1][gc           ] GC(18) Concurrent Preclean
[2022-06-13T03:23:33.008+0000][1][gc           ] GC(18) Concurrent Preclean 1.637ms
[2022-06-13T03:23:33.008+0000][1][gc,cpu       ] GC(18) User=0.00s Sys=0.00s Real=0.00s
[2022-06-13T03:23:33.009+0000][1][safepoint    ] Application time: 0.0189026 seconds
[2022-06-13T03:23:33.009+0000][1][safepoint    ] Entering safepoint region: CMS_Final_Remark
[2022-06-13T03:23:33.010+0000][1][gc,start     ] GC(18) Pause Remark
[2022-06-13T03:23:33.018+0000][1][gc           ] GC(18) Pause Remark 60M->60M(247M) 8.928ms
[2022-06-13T03:23:33.019+0000][1][gc,cpu       ] GC(18) User=0.01s Sys=0.00s Real=0.00s
[2022-06-13T03:23:33.019+0000][1][safepoint    ] Leaving safepoint region
[2022-06-13T03:23:33.019+0000][1][safepoint    ] Total time for which application threads were stopped: 0.0098163 seconds, Stopping threads took: 0.0004028 seconds
[2022-06-13T03:23:33.019+0000][1][gc           ] GC(18) Concurrent Sweep
[2022-06-13T03:23:33.030+0000][1][safepoint    ] Application time: 0.0109386 seconds
[2022-06-13T03:23:33.030+0000][1][safepoint    ] Entering safepoint region: CollectForMetadataAllocation
[2022-06-13T03:23:33.031+0000][1][safepoint    ] Leaving safepoint region
[2022-06-13T03:23:33.032+0000][1][safepoint    ] Total time for which application threads were stopped: 0.0011974 seconds, Stopping threads took: 0.0003091 seconds
[2022-06-13T03:23:33.038+0000][1][gc           ] GC(18) Concurrent Sweep 18.637ms
[2022-06-13T03:23:33.038+0000][1][gc,cpu       ] GC(18) User=0.06s Sys=0.00s Real=0.01s
[2022-06-13T03:23:33.039+0000][1][gc           ] GC(18) Concurrent Reset
[2022-06-13T03:23:33.039+0000][1][gc           ] GC(18) Concurrent Reset 0.595ms
[2022-06-13T03:23:33.039+0000][1][gc,cpu       ] GC(18) User=0.03s Sys=0.00s Real=0.01s
[2022-06-13T03:23:33.040+0000][1][gc,heap      ] GC(18) Old: 55046K->54834K(174784K)
[2022-06-13T03:23:33.431+0000][1][safepoint    ] Application time: 0.3995611 seconds
[2022-06-13T03:23:33.432+0000][1][safepoint    ] Entering safepoint region: ICBufferFull
[2022-06-13T03:23:33.432+0000][1][safepoint    ] Leaving safepoint region
[2022-06-13T03:23:33.433+0000][1][safepoint    ] Total time for which application threads were stopped: 0.0007241 seconds, Stopping threads took: 0.0002338 seconds
[2022-06-13T03:23:33.466+0000][1][safepoint    ] Application time: 0.0330254 seconds
[2022-06-13T03:23:33.466+0000][1][safepoint    ] Entering safepoint region: RevokeBias
[2022-06-13T03:23:33.466+0000][1][safepoint    ] Leaving safepoint region
[2022-06-13T03:23:33.467+0000][1][safepoint    ] Total time for which application threads were stopped: 0.0004144 seconds, Stopping threads took: 0.0001520 seconds
[2022-06-13T03:23:33.468+0000][1][safepoint    ] Application time: 0.0010107 seconds
[2022-06-13T03:23:33.468+0000][1][safepoint    ] Entering safepoint region: RevokeBias
[2022-06-13T03:23:33.468+0000][1][safepoint    ] Leaving safepoint region
[2022-06-13T03:23:33.469+0000][1][safepoint    ] Total time for which application threads were stopped: 0.0005407 seconds, Stopping threads took: 0.0002789 seconds
[2022-06-13T03:23:33.486+0000][1][safepoint    ] Application time: 0.0172901 seconds
[2022-06-13T03:23:33.486+0000][1][safepoint    ] Entering safepoint region: RevokeBias
[2022-06-13T03:23:33.487+0000][1][safepoint    ] Leaving safepoint region
[2022-06-13T03:23:33.487+0000][1][safepoint    ] Total time for which application threads were stopped: 0.0003019 seconds, Stopping threads took: 0.0001097 seconds
[2022-06-13T03:23:33.505+0000][1][safepoint    ] Application time: 0.0178641 seconds
[2022-06-13T03:23:33.505+0000][1][safepoint    ] Entering safepoint region: RevokeBias
[2022-06-13T03:23:33.505+0000][1][safepoint    ] Leaving safepoint region
[2022-06-13T03:23:33.506+0000][1][safepoint    ] Total time for which application threads were stopped: 0.0004851 seconds, Stopping threads took: 0.0002261 seconds
[2022-06-13T03:23:33.521+0000][1][safepoint    ] Application time: 0.0157275 seconds
[2022-06-13T03:23:33.522+0000][1][safepoint    ] Entering safepoint region: RevokeBias
[2022-06-13T03:23:33.522+0000][1][safepoint    ] Leaving safepoint region
[2022-06-13T03:23:33.522+0000][1][safepoint    ] Total time for which application threads were stopped: 0.0002812 seconds, Stopping threads took: 0.0001353 seconds
[2022-06-13T03:23:33.525+0000][1][safepoint    ] Application time: 0.0031838 seconds
[2022-06-13T03:23:33.526+0000][1][safepoint    ] Entering safepoint region: RevokeBias
[2022-06-13T03:23:33.526+0000][1][safepoint    ] Leaving safepoint region
[2022-06-13T03:23:33.526+0000][1][safepoint    ] Total time for which application threads were stopped: 0.0003627 seconds, Stopping threads took: 0.0001673 seconds
[2022-06-13T03:23:33.633+0000][1][safepoint    ] Application time: 0.1072849 seconds
[2022-06-13T03:23:33.634+0000][1][safepoint    ] Entering safepoint region: RevokeBias
[2022-06-13T03:23:33.634+0000][1][safepoint    ] Leaving safepoint region
[2022-06-13T03:23:33.634+0000][1][safepoint    ] Total time for which application threads were stopped: 0.0008115 seconds, Stopping threads took: 0.0002505 seconds
[2022-06-13T03:23:33.635+0000][1][safepoint    ] Application time: 0.0001006 seconds
[2022-06-13T03:23:33.635+0000][1][safepoint    ] Entering safepoint region: RevokeBias
[2022-06-13T03:23:33.635+0000][1][safepoint    ] Leaving safepoint region
[2022-06-13T03:23:33.635+0000][1][safepoint    ] Total time for which application threads were stopped: 0.0003362 seconds, Stopping threads took: 0.0001873 seconds
[2022-06-13T03:23:33.636+0000][1][safepoint    ] Application time: 0.0002823 seconds
[2022-06-13T03:23:33.636+0000][1][safepoint    ] Entering safepoint region: RevokeBias
[2022-06-13T03:23:33.636+0000][1][safepoint    ] Leaving safepoint region
[2022-06-13T03:23:33.636+0000][1][safepoint    ] Total time for which application threads were stopped: 0.0002979 seconds, Stopping threads took: 0.0001323 seconds
[2022-06-13T03:23:33.636+0000][1][safepoint    ] Application time: 0.0002158 seconds
[2022-06-13T03:23:33.637+0000][1][safepoint    ] Entering safepoint region: RevokeBias
[2022-06-13T03:23:33.637+0000][1][safepoint    ] Leaving safepoint region
[2022-06-13T03:23:33.637+0000][1][safepoint    ] Total time for which application threads were stopped: 0.0003333 seconds, Stopping threads took: 0.0001967 seconds
[2022-06-13T03:23:33.658+0000][1][safepoint    ] Application time: 0.0207564 seconds
[2022-06-13T03:23:33.658+0000][1][safepoint    ] Entering safepoint region: GenCollectForAllocation
[2022-06-13T03:23:33.658+0000][1][gc,start     ] GC(19) Pause Young (Allocation Failure)
[2022-06-13T03:23:33.658+0000][1][gc,task      ] GC(19) Using 5 workers of 13 for evacuation
[2022-06-13T03:23:33.663+0000][1][gc,age       ] GC(19) Desired survivor size 4456448 bytes, new threshold 2 (max threshold 6)
[2022-06-13T03:23:33.663+0000][1][gc,age       ] GC(19) Age table with threshold 2 (max threshold 6)
[2022-06-13T03:23:33.663+0000][1][gc,age       ] GC(19) - age   1:    3048432 bytes,    3048432 total
[2022-06-13T03:23:33.663+0000][1][gc,age       ] GC(19) - age   2:    3511248 bytes,    6559680 total
[2022-06-13T03:23:33.663+0000][1][gc,age       ] GC(19) - age   3:     658048 bytes,    7217728 total
[2022-06-13T03:23:33.664+0000][1][gc,heap      ] GC(19) ParNew: 75368K->8704K(78656K)
[2022-06-13T03:23:33.664+0000][1][gc,heap      ] GC(19) CMS: 54834K->54834K(174784K)
[2022-06-13T03:23:33.664+0000][1][gc,metaspace ] GC(19) Metaspace: 46730K->46730K(1091584K)
[2022-06-13T03:23:33.664+0000][1][gc           ] GC(19) Pause Young (Allocation Failure) 127M->62M(247M) 5.549ms
[2022-06-13T03:23:33.664+0000][1][gc,cpu       ] GC(19) User=0.06s Sys=0.00s Real=0.01s
[2022-06-13T03:23:33.664+0000][1][safepoint    ] Leaving safepoint region
[2022-06-13T03:23:33.664+0000][1][safepoint    ] Total time for which application threads were stopped: 0.0061896 seconds, Stopping threads took: 0.0001957 seconds
[2022-06-13T03:23:33.697+0000][1][safepoint    ] Application time: 0.0325864 seconds
[2022-06-13T03:23:33.697+0000][1][safepoint    ] Entering safepoint region: RevokeBias
[2022-06-13T03:23:33.697+0000][1][safepoint    ] Leaving safepoint region
[2022-06-13T03:23:33.697+0000][1][safepoint    ] Total time for which application threads were stopped: 0.0002768 seconds, Stopping threads took: 0.0001288 seconds
[2022-06-13T03:23:33.698+0000][1][safepoint    ] Application time: 0.0000870 seconds
[2022-06-13T03:23:33.698+0000][1][safepoint    ] Entering safepoint region: RevokeBias
[2022-06-13T03:23:33.698+0000][1][safepoint    ] Leaving safepoint region
[2022-06-13T03:23:33.698+0000][1][safepoint    ] Total time for which application threads were stopped: 0.0002816 seconds, Stopping threads took: 0.0001327 seconds
[2022-06-13T03:23:33.698+0000][1][safepoint    ] Application time: 0.0002182 seconds
[2022-06-13T03:23:33.698+0000][1][safepoint    ] Entering safepoint region: RevokeBias
[2022-06-13T03:23:33.699+0000][1][safepoint    ] Leaving safepoint region
[2022-06-13T03:23:33.699+0000][1][safepoint    ] Total time for which application threads were stopped: 0.0003214 seconds, Stopping threads took: 0.0001822 seconds
[2022-06-13T03:23:33.699+0000][1][safepoint    ] Application time: 0.0003097 seconds
[2022-06-13T03:23:33.699+0000][1][safepoint    ] Entering safepoint region: RevokeBias
[2022-06-13T03:23:33.699+0000][1][safepoint    ] Leaving safepoint region
[2022-06-13T03:23:33.700+0000][1][safepoint    ] Total time for which application threads were stopped: 0.0003270 seconds, Stopping threads took: 0.0001468 seconds
[2022-06-13T03:23:33.700+0000][1][safepoint    ] Application time: 0.0002195 seconds
[2022-06-13T03:23:33.700+0000][1][safepoint    ] Entering safepoint region: RevokeBias
[2022-06-13T03:23:33.700+0000][1][safepoint    ] Leaving safepoint region
[2022-06-13T03:23:33.700+0000][1][safepoint    ] Total time for which application threads were stopped: 0.0003462 seconds, Stopping threads took: 0.0001846 seconds
[2022-06-13T03:23:33.701+0000][1][safepoint    ] Application time: 0.0003040 seconds
[2022-06-13T03:23:33.701+0000][1][safepoint    ] Entering safepoint region: RevokeBias
[2022-06-13T03:23:33.701+0000][1][safepoint    ] Leaving safepoint region
[2022-06-13T03:23:33.701+0000][1][safepoint    ] Total time for which application threads were stopped: 0.0003694 seconds, Stopping threads took: 0.0002099 seconds
[2022-06-13T03:23:33.702+0000][1][safepoint    ] Application time: 0.0001881 seconds
[2022-06-13T03:23:33.702+0000][1][safepoint    ] Entering safepoint region: RevokeBias
[2022-06-13T03:23:33.702+0000][1][safepoint    ] Leaving safepoint region
[2022-06-13T03:23:33.702+0000][1][safepoint    ] Total time for which application threads were stopped: 0.0004457 seconds, Stopping threads took: 0.0002614 seconds
[2022-06-13T03:23:33.702+0000][1][safepoint    ] Application time: 0.0000931 seconds
[2022-06-13T03:23:33.703+0000][1][safepoint    ] Entering safepoint region: RevokeBias
[2022-06-13T03:23:33.703+0000][1][safepoint    ] Leaving safepoint region
[2022-06-13T03:23:33.703+0000][1][safepoint    ] Total time for which application threads were stopped: 0.0002975 seconds, Stopping threads took: 0.0001389 seconds
[2022-06-13T03:23:33.703+0000][1][safepoint    ] Application time: 0.0000988 seconds
[2022-06-13T03:23:33.703+0000][1][safepoint    ] Entering safepoint region: RevokeBias
[2022-06-13T03:23:33.703+0000][1][safepoint    ] Leaving safepoint region
[2022-06-13T03:23:33.704+0000][1][safepoint    ] Total time for which application threads were stopped: 0.0003150 seconds, Stopping threads took: 0.0001517 seconds
[2022-06-13T03:23:33.704+0000][1][safepoint    ] Application time: 0.0001075 seconds
[2022-06-13T03:23:33.704+0000][1][safepoint    ] Entering safepoint region: RevokeBias
[2022-06-13T03:23:33.704+0000][1][safepoint    ] Leaving safepoint region
[2022-06-13T03:23:33.704+0000][1][safepoint    ] Total time for which application threads were stopped: 0.0004259 seconds, Stopping threads took: 0.0001635 seconds
[2022-06-13T03:23:33.705+0000][1][safepoint    ] Application time: 0.0000799 seconds
[2022-06-13T03:23:33.705+0000][1][safepoint    ] Entering safepoint region: RevokeBias
[2022-06-13T03:23:33.705+0000][1][safepoint    ] Leaving safepoint region
[2022-06-13T03:23:33.705+0000][1][safepoint    ] Total time for which application threads were stopped: 0.0006893 seconds, Stopping threads took: 0.0005425 seconds
[2022-06-13T03:23:33.706+0000][1][safepoint    ] Application time: 0.0001261 seconds
[2022-06-13T03:23:33.706+0000][1][safepoint    ] Entering safepoint region: RevokeBias
[2022-06-13T03:23:33.706+0000][1][safepoint    ] Leaving safepoint region
[2022-06-13T03:23:33.706+0000][1][safepoint    ] Total time for which application threads were stopped: 0.0002656 seconds, Stopping threads took: 0.0001481 seconds
[2022-06-13T03:23:33.706+0000][1][safepoint    ] Application time: 0.0000672 seconds
[2022-06-13T03:23:33.706+0000][1][safepoint    ] Entering safepoint region: RevokeBias
[2022-06-13T03:23:33.706+0000][1][safepoint    ] Leaving safepoint region
[2022-06-13T03:23:33.707+0000][1][safepoint    ] Total time for which application threads were stopped: 0.0002411 seconds, Stopping threads took: 0.0001205 seconds
[2022-06-13T03:23:33.707+0000][1][safepoint    ] Application time: 0.0000707 seconds
[2022-06-13T03:23:33.707+0000][1][safepoint    ] Entering safepoint region: RevokeBias
[2022-06-13T03:23:33.707+0000][1][safepoint    ] Leaving safepoint region
[2022-06-13T03:23:33.707+0000][1][safepoint    ] Total time for which application threads were stopped: 0.0002118 seconds, Stopping threads took: 0.0000958 seconds
[2022-06-13T03:23:33.707+0000][1][safepoint    ] Application time: 0.0000678 seconds
[2022-06-13T03:23:33.707+0000][1][safepoint    ] Entering safepoint region: RevokeBias
[2022-06-13T03:23:33.707+0000][1][safepoint    ] Leaving safepoint region
[2022-06-13T03:23:33.708+0000][1][safepoint    ] Total time for which application threads were stopped: 0.0002296 seconds, Stopping threads took: 0.0001027 seconds
[2022-06-13T03:23:33.708+0000][1][safepoint    ] Application time: 0.0001023 seconds
[2022-06-13T03:23:33.708+0000][1][safepoint    ] Entering safepoint region: RevokeBias
[2022-06-13T03:23:33.708+0000][1][safepoint    ] Leaving safepoint region
[2022-06-13T03:23:33.708+0000][1][safepoint    ] Total time for which application threads were stopped: 0.0002831 seconds, Stopping threads took: 0.0001218 seconds
[2022-06-13T03:23:33.708+0000][1][safepoint    ] Application time: 0.0000688 seconds
[2022-06-13T03:23:33.708+0000][1][safepoint    ] Entering safepoint region: RevokeBias
[2022-06-13T03:23:33.709+0000][1][safepoint    ] Leaving safepoint region
[2022-06-13T03:23:33.709+0000][1][safepoint    ] Total time for which application threads were stopped: 0.0002231 seconds, Stopping threads took: 0.0000923 seconds
[2022-06-13T03:23:33.709+0000][1][safepoint    ] Application time: 0.0000525 seconds
[2022-06-13T03:23:33.709+0000][1][safepoint    ] Entering safepoint region: RevokeBias
[2022-06-13T03:23:33.709+0000][1][safepoint    ] Leaving safepoint region
[2022-06-13T03:23:33.709+0000][1][safepoint    ] Total time for which application threads were stopped: 0.0002417 seconds, Stopping threads took: 0.0000813 seconds
[2022-06-13T03:23:33.709+0000][1][safepoint    ] Application time: 0.0000551 seconds
[2022-06-13T03:23:33.709+0000][1][safepoint    ] Entering safepoint region: RevokeBias
[2022-06-13T03:23:33.710+0000][1][safepoint    ] Leaving safepoint region
[2022-06-13T03:23:33.710+0000][1][safepoint    ] Total time for which application threads were stopped: 0.0002400 seconds, Stopping threads took: 0.0001293 seconds
[2022-06-13T03:23:33.710+0000][1][safepoint    ] Application time: 0.0000879 seconds
[2022-06-13T03:23:33.710+0000][1][safepoint    ] Entering safepoint region: RevokeBias
[2022-06-13T03:23:33.710+0000][1][safepoint    ] Leaving safepoint region
[2022-06-13T03:23:33.710+0000][1][safepoint    ] Total time for which application threads were stopped: 0.0002007 seconds, Stopping threads took: 0.0000865 seconds
[2022-06-13T03:23:33.710+0000][1][safepoint    ] Application time: 0.0000593 seconds
[2022-06-13T03:23:33.710+0000][1][safepoint    ] Entering safepoint region: RevokeBias
[2022-06-13T03:23:33.710+0000][1][safepoint    ] Leaving safepoint region
[2022-06-13T03:23:33.711+0000][1][safepoint    ] Total time for which application threads were stopped: 0.0001963 seconds, Stopping threads took: 0.0000889 seconds
[2022-06-13T03:23:33.711+0000][1][safepoint    ] Application time: 0.0000510 seconds
[2022-06-13T03:23:33.711+0000][1][safepoint    ] Entering safepoint region: RevokeBias
[2022-06-13T03:23:33.711+0000][1][safepoint    ] Leaving safepoint region
[2022-06-13T03:23:33.711+0000][1][safepoint    ] Total time for which application threads were stopped: 0.0002040 seconds, Stopping threads took: 0.0000974 seconds
[2022-06-13T03:23:33.711+0000][1][safepoint    ] Application time: 0.0000509 seconds
[2022-06-13T03:23:33.711+0000][1][safepoint    ] Entering safepoint region: RevokeBias
[2022-06-13T03:23:33.711+0000][1][safepoint    ] Leaving safepoint region
[2022-06-13T03:23:33.712+0000][1][safepoint    ] Total time for which application threads were stopped: 0.0003168 seconds, Stopping threads took: 0.0001556 seconds
[2022-06-13T03:23:33.712+0000][1][safepoint    ] Application time: 0.0000607 seconds
[2022-06-13T03:23:33.712+0000][1][safepoint    ] Entering safepoint region: RevokeBias
[2022-06-13T03:23:33.712+0000][1][safepoint    ] Leaving safepoint region
[2022-06-13T03:23:33.712+0000][1][safepoint    ] Total time for which application threads were stopped: 0.0002579 seconds, Stopping threads took: 0.0001327 seconds
[2022-06-13T03:23:33.712+0000][1][safepoint    ] Application time: 0.0000552 seconds
[2022-06-13T03:23:33.712+0000][1][safepoint    ] Entering safepoint region: RevokeBias
[2022-06-13T03:23:33.712+0000][1][safepoint    ] Leaving safepoint region
[2022-06-13T03:23:33.713+0000][1][safepoint    ] Total time for which application threads were stopped: 0.0001875 seconds, Stopping threads took: 0.0000831 seconds
[2022-06-13T03:23:33.713+0000][1][safepoint    ] Application time: 0.0000643 seconds
[2022-06-13T03:23:33.713+0000][1][safepoint    ] Entering safepoint region: RevokeBias
[2022-06-13T03:23:33.713+0000][1][safepoint    ] Leaving safepoint region
[2022-06-13T03:23:33.713+0000][1][safepoint    ] Total time for which application threads were stopped: 0.0002791 seconds, Stopping threads took: 0.0001291 seconds
[2022-06-13T03:23:33.713+0000][1][safepoint    ] Application time: 0.0000610 seconds
[2022-06-13T03:23:33.713+0000][1][safepoint    ] Entering safepoint region: RevokeBias
[2022-06-13T03:23:33.713+0000][1][safepoint    ] Leaving safepoint region
[2022-06-13T03:23:33.714+0000][1][safepoint    ] Total time for which application threads were stopped: 0.0002051 seconds, Stopping threads took: 0.0000922 seconds
[2022-06-13T03:23:33.714+0000][1][safepoint    ] Application time: 0.0000579 seconds
[2022-06-13T03:23:33.714+0000][1][safepoint    ] Entering safepoint region: RevokeBias
[2022-06-13T03:23:33.714+0000][1][safepoint    ] Leaving safepoint region
[2022-06-13T03:23:33.714+0000][1][safepoint    ] Total time for which application threads were stopped: 0.0002064 seconds, Stopping threads took: 0.0000833 seconds
[2022-06-13T03:23:33.714+0000][1][safepoint    ] Application time: 0.0000553 seconds
[2022-06-13T03:23:33.714+0000][1][safepoint    ] Entering safepoint region: RevokeBias
[2022-06-13T03:23:33.714+0000][1][safepoint    ] Leaving safepoint region
[2022-06-13T03:23:33.715+0000][1][safepoint    ] Total time for which application threads were stopped: 0.0002714 seconds, Stopping threads took: 0.0001072 seconds
[2022-06-13T03:23:33.715+0000][1][safepoint    ] Application time: 0.0000641 seconds
[2022-06-13T03:23:33.715+0000][1][safepoint    ] Entering safepoint region: RevokeBias
[2022-06-13T03:23:33.715+0000][1][safepoint    ] Leaving safepoint region
[2022-06-13T03:23:33.715+0000][1][safepoint    ] Total time for which application threads were stopped: 0.0002126 seconds, Stopping threads took: 0.0000902 seconds
[2022-06-13T03:23:33.715+0000][1][safepoint    ] Application time: 0.0000572 seconds
[2022-06-13T03:23:33.715+0000][1][safepoint    ] Entering safepoint region: BulkRevokeBias
[2022-06-13T03:23:33.716+0000][1][safepoint    ] Leaving safepoint region
[2022-06-13T03:23:33.716+0000][1][safepoint    ] Total time for which application threads were stopped: 0.0003032 seconds, Stopping threads took: 0.0001199 seconds
[2022-06-13T03:23:33.716+0000][1][safepoint    ] Application time: 0.0002013 seconds
[2022-06-13T03:23:33.716+0000][1][safepoint    ] Entering safepoint region: RevokeBias
[2022-06-13T03:23:33.716+0000][1][safepoint    ] Leaving safepoint region
[2022-06-13T03:23:33.716+0000][1][safepoint    ] Total time for which application threads were stopped: 0.0002279 seconds, Stopping threads took: 0.0001048 seconds
[2022-06-13T03:23:33.716+0000][1][safepoint    ] Application time: 0.0000884 seconds
[2022-06-13T03:23:33.717+0000][1][safepoint    ] Entering safepoint region: RevokeBias
[2022-06-13T03:23:33.717+0000][1][safepoint    ] Leaving safepoint region
[2022-06-13T03:23:33.717+0000][1][safepoint    ] Total time for which application threads were stopped: 0.0002027 seconds, Stopping threads took: 0.0000920 seconds
[2022-06-13T03:23:33.717+0000][1][safepoint    ] Application time: 0.0001450 seconds
[2022-06-13T03:23:33.717+0000][1][safepoint    ] Entering safepoint region: RevokeBias
[2022-06-13T03:23:33.717+0000][1][safepoint    ] Leaving safepoint region
[2022-06-13T03:23:33.717+0000][1][safepoint    ] Total time for which application threads were stopped: 0.0002771 seconds, Stopping threads took: 0.0001203 seconds
[2022-06-13T03:23:33.718+0000][1][safepoint    ] Application time: 0.0001147 seconds
[2022-06-13T03:23:33.718+0000][1][safepoint    ] Entering safepoint region: RevokeBias
[2022-06-13T03:23:33.718+0000][1][safepoint    ] Leaving safepoint region
[2022-06-13T03:23:33.718+0000][1][safepoint    ] Total time for which application threads were stopped: 0.0003172 seconds, Stopping threads took: 0.0001668 seconds
[2022-06-13T03:23:33.718+0000][1][safepoint    ] Application time: 0.0000938 seconds
[2022-06-13T03:23:33.718+0000][1][safepoint    ] Entering safepoint region: RevokeBias
[2022-06-13T03:23:33.719+0000][1][safepoint    ] Leaving safepoint region
[2022-06-13T03:23:33.719+0000][1][safepoint    ] Total time for which application threads were stopped: 0.0004324 seconds, Stopping threads took: 0.0002534 seconds
[2022-06-13T03:23:33.719+0000][1][safepoint    ] Application time: 0.0000368 seconds
[2022-06-13T03:23:33.719+0000][1][safepoint    ] Entering safepoint region: RevokeBias
[2022-06-13T03:23:33.719+0000][1][safepoint    ] Leaving safepoint region
[2022-06-13T03:23:33.719+0000][1][safepoint    ] Total time for which application threads were stopped: 0.0002390 seconds, Stopping threads took: 0.0001040 seconds
[2022-06-13T03:23:33.720+0000][1][safepoint    ] Application time: 0.0000820 seconds
[2022-06-13T03:23:33.720+0000][1][safepoint    ] Entering safepoint region: RevokeBias
[2022-06-13T03:23:33.720+0000][1][safepoint    ] Leaving safepoint region
[2022-06-13T03:23:33.720+0000][1][safepoint    ] Total time for which application threads were stopped: 0.0002700 seconds, Stopping threads took: 0.0000852 seconds
[2022-06-13T03:23:33.720+0000][1][safepoint    ] Application time: 0.0000704 seconds
[2022-06-13T03:23:33.720+0000][1][safepoint    ] Entering safepoint region: RevokeBias
[2022-06-13T03:23:33.720+0000][1][safepoint    ] Leaving safepoint region
[2022-06-13T03:23:33.721+0000][1][safepoint    ] Total time for which application threads were stopped: 0.0003441 seconds, Stopping threads took: 0.0002183 seconds
[2022-06-13T03:23:33.721+0000][1][safepoint    ] Application time: 0.0000689 seconds
[2022-06-13T03:23:33.721+0000][1][safepoint    ] Entering safepoint region: RevokeBias
[2022-06-13T03:23:33.721+0000][1][safepoint    ] Leaving safepoint region
[2022-06-13T03:23:33.721+0000][1][safepoint    ] Total time for which application threads were stopped: 0.0002294 seconds, Stopping threads took: 0.0001111 seconds
[2022-06-13T03:23:33.721+0000][1][safepoint    ] Application time: 0.0000589 seconds
[2022-06-13T03:23:33.721+0000][1][safepoint    ] Entering safepoint region: RevokeBias
[2022-06-13T03:23:33.722+0000][1][safepoint    ] Leaving safepoint region
[2022-06-13T03:23:33.722+0000][1][safepoint    ] Total time for which application threads were stopped: 0.0002404 seconds, Stopping threads took: 0.0000986 seconds
[2022-06-13T03:23:33.722+0000][1][safepoint    ] Application time: 0.0000819 seconds
[2022-06-13T03:23:33.722+0000][1][safepoint    ] Entering safepoint region: RevokeBias
[2022-06-13T03:23:33.722+0000][1][safepoint    ] Leaving safepoint region
[2022-06-13T03:23:33.722+0000][1][safepoint    ] Total time for which application threads were stopped: 0.0002983 seconds, Stopping threads took: 0.0001400 seconds
[2022-06-13T03:23:33.722+0000][1][safepoint    ] Application time: 0.0000663 seconds
[2022-06-13T03:23:33.723+0000][1][safepoint    ] Entering safepoint region: RevokeBias
[2022-06-13T03:23:33.723+0000][1][safepoint    ] Leaving safepoint region
[2022-06-13T03:23:33.723+0000][1][safepoint    ] Total time for which application threads were stopped: 0.0002167 seconds, Stopping threads took: 0.0000911 seconds
[2022-06-13T03:23:33.723+0000][1][safepoint    ] Application time: 0.0000500 seconds
[2022-06-13T03:23:33.723+0000][1][safepoint    ] Entering safepoint region: RevokeBias
[2022-06-13T03:23:33.723+0000][1][safepoint    ] Leaving safepoint region
[2022-06-13T03:23:33.723+0000][1][safepoint    ] Total time for which application threads were stopped: 0.0002381 seconds, Stopping threads took: 0.0001134 seconds
[2022-06-13T03:23:33.723+0000][1][safepoint    ] Application time: 0.0000617 seconds
[2022-06-13T03:23:33.724+0000][1][safepoint    ] Entering safepoint region: RevokeBias
[2022-06-13T03:23:33.724+0000][1][safepoint    ] Leaving safepoint region
[2022-06-13T03:23:33.724+0000][1][safepoint    ] Total time for which application threads were stopped: 0.0002193 seconds, Stopping threads took: 0.0001064 seconds
[2022-06-13T03:23:33.724+0000][1][safepoint    ] Application time: 0.0000565 seconds
[2022-06-13T03:23:33.724+0000][1][safepoint    ] Entering safepoint region: RevokeBias
[2022-06-13T03:23:33.724+0000][1][safepoint    ] Leaving safepoint region
[2022-06-13T03:23:33.724+0000][1][safepoint    ] Total time for which application threads were stopped: 0.0002407 seconds, Stopping threads took: 0.0000924 seconds
[2022-06-13T03:23:33.724+0000][1][safepoint    ] Application time: 0.0000539 seconds
[2022-06-13T03:23:33.724+0000][1][safepoint    ] Entering safepoint region: RevokeBias
[2022-06-13T03:23:33.725+0000][1][safepoint    ] Leaving safepoint region
[2022-06-13T03:23:33.725+0000][1][safepoint    ] Total time for which application threads were stopped: 0.0002137 seconds, Stopping threads took: 0.0000995 seconds
[2022-06-13T03:23:33.725+0000][1][safepoint    ] Application time: 0.0000595 seconds
[2022-06-13T03:23:33.725+0000][1][safepoint    ] Entering safepoint region: RevokeBias
[2022-06-13T03:23:33.725+0000][1][safepoint    ] Leaving safepoint region
[2022-06-13T03:23:33.725+0000][1][safepoint    ] Total time for which application threads were stopped: 0.0002361 seconds, Stopping threads took: 0.0001075 seconds
[2022-06-13T03:23:33.725+0000][1][safepoint    ] Application time: 0.0000616 seconds
[2022-06-13T03:23:33.725+0000][1][safepoint    ] Entering safepoint region: RevokeBias
[2022-06-13T03:23:33.726+0000][1][safepoint    ] Leaving safepoint region
[2022-06-13T03:23:33.726+0000][1][safepoint    ] Total time for which application threads were stopped: 0.0002043 seconds, Stopping threads took: 0.0000896 seconds
[2022-06-13T03:23:33.726+0000][1][safepoint    ] Application time: 0.0000644 seconds
[2022-06-13T03:23:33.726+0000][1][safepoint    ] Entering safepoint region: RevokeBias
[2022-06-13T03:23:33.726+0000][1][safepoint    ] Leaving safepoint region
[2022-06-13T03:23:33.726+0000][1][safepoint    ] Total time for which application threads were stopped: 0.0002025 seconds, Stopping threads took: 0.0000898 seconds
[2022-06-13T03:23:33.726+0000][1][safepoint    ] Application time: 0.0000740 seconds
[2022-06-13T03:23:33.726+0000][1][safepoint    ] Entering safepoint region: RevokeBias
[2022-06-13T03:23:33.727+0000][1][safepoint    ] Leaving safepoint region
[2022-06-13T03:23:33.727+0000][1][safepoint    ] Total time for which application threads were stopped: 0.0002106 seconds, Stopping threads took: 0.0000893 seconds
[2022-06-13T03:23:33.727+0000][1][safepoint    ] Application time: 0.0000581 seconds
[2022-06-13T03:23:33.727+0000][1][safepoint    ] Entering safepoint region: RevokeBias
[2022-06-13T03:23:33.727+0000][1][safepoint    ] Leaving safepoint region
[2022-06-13T03:23:33.727+0000][1][safepoint    ] Total time for which application threads were stopped: 0.0002276 seconds, Stopping threads took: 0.0000917 seconds
[2022-06-13T03:23:33.727+0000][1][safepoint    ] Application time: 0.0000522 seconds
[2022-06-13T03:23:33.727+0000][1][safepoint    ] Entering safepoint region: RevokeBias
[2022-06-13T03:23:33.727+0000][1][safepoint    ] Leaving safepoint region
[2022-06-13T03:23:33.728+0000][1][safepoint    ] Total time for which application threads were stopped: 0.0002057 seconds, Stopping threads took: 0.0000935 seconds
[2022-06-13T03:23:33.728+0000][1][safepoint    ] Application time: 0.0000485 seconds
[2022-06-13T03:23:33.728+0000][1][safepoint    ] Entering safepoint region: RevokeBias
[2022-06-13T03:23:33.728+0000][1][safepoint    ] Leaving safepoint region
[2022-06-13T03:23:33.728+0000][1][safepoint    ] Total time for which application threads were stopped: 0.0002164 seconds, Stopping threads took: 0.0000997 seconds
[2022-06-13T03:23:33.728+0000][1][safepoint    ] Application time: 0.0000492 seconds
[2022-06-13T03:23:33.728+0000][1][safepoint    ] Entering safepoint region: RevokeBias
[2022-06-13T03:23:33.728+0000][1][safepoint    ] Leaving safepoint region
[2022-06-13T03:23:33.728+0000][1][safepoint    ] Total time for which application threads were stopped: 0.0002171 seconds, Stopping threads took: 0.0000980 seconds
[2022-06-13T03:23:33.729+0000][1][safepoint    ] Application time: 0.0000640 seconds
[2022-06-13T03:23:33.729+0000][1][safepoint    ] Entering safepoint region: BulkRevokeBias
[2022-06-13T03:23:33.729+0000][1][safepoint    ] Leaving safepoint region
[2022-06-13T03:23:33.729+0000][1][safepoint    ] Total time for which application threads were stopped: 0.0002872 seconds, Stopping threads took: 0.0001109 seconds
[2022-06-13T03:23:33.729+0000][1][safepoint    ] Application time: 0.0002728 seconds
[2022-06-13T03:23:33.730+0000][1][safepoint    ] Entering safepoint region: RevokeBias
[2022-06-13T03:23:33.730+0000][1][safepoint    ] Leaving safepoint region
[2022-06-13T03:23:33.730+0000][1][safepoint    ] Total time for which application threads were stopped: 0.0006805 seconds, Stopping threads took: 0.0005156 seconds
[2022-06-13T03:23:33.730+0000][1][safepoint    ] Application time: 0.0000909 seconds
[2022-06-13T03:23:33.731+0000][1][safepoint    ] Entering safepoint region: RevokeBias
[2022-06-13T03:23:33.731+0000][1][safepoint    ] Leaving safepoint region
[2022-06-13T03:23:33.731+0000][1][safepoint    ] Total time for which application threads were stopped: 0.0001899 seconds, Stopping threads took: 0.0000905 seconds
[2022-06-13T03:23:33.731+0000][1][safepoint    ] Application time: 0.0001484 seconds
[2022-06-13T03:23:33.731+0000][1][safepoint    ] Entering safepoint region: RevokeBias
[2022-06-13T03:23:33.731+0000][1][safepoint    ] Leaving safepoint region
[2022-06-13T03:23:33.731+0000][1][safepoint    ] Total time for which application threads were stopped: 0.0002634 seconds, Stopping threads took: 0.0001220 seconds
[2022-06-13T03:23:33.732+0000][1][safepoint    ] Application time: 0.0000765 seconds
[2022-06-13T03:23:33.732+0000][1][safepoint    ] Entering safepoint region: RevokeBias
[2022-06-13T03:23:33.732+0000][1][safepoint    ] Leaving safepoint region
[2022-06-13T03:23:33.732+0000][1][safepoint    ] Total time for which application threads were stopped: 0.0002511 seconds, Stopping threads took: 0.0001281 seconds
[2022-06-13T03:23:33.732+0000][1][safepoint    ] Application time: 0.0000615 seconds
[2022-06-13T03:23:33.732+0000][1][safepoint    ] Entering safepoint region: RevokeBias
[2022-06-13T03:23:33.732+0000][1][safepoint    ] Leaving safepoint region
[2022-06-13T03:23:33.732+0000][1][safepoint    ] Total time for which application threads were stopped: 0.0002258 seconds, Stopping threads took: 0.0001042 seconds
[2022-06-13T03:23:33.732+0000][1][safepoint    ] Application time: 0.0000574 seconds
[2022-06-13T03:23:33.733+0000][1][safepoint    ] Entering safepoint region: RevokeBias
[2022-06-13T03:23:33.733+0000][1][safepoint    ] Leaving safepoint region
[2022-06-13T03:23:33.733+0000][1][safepoint    ] Total time for which application threads were stopped: 0.0003974 seconds, Stopping threads took: 0.0002812 seconds
[2022-06-13T03:23:33.733+0000][1][safepoint    ] Application time: 0.0003704 seconds
[2022-06-13T03:23:33.734+0000][1][safepoint    ] Entering safepoint region: RevokeBias
[2022-06-13T03:23:33.734+0000][1][safepoint    ] Leaving safepoint region
[2022-06-13T03:23:33.734+0000][1][safepoint    ] Total time for which application threads were stopped: 0.0004912 seconds, Stopping threads took: 0.0003469 seconds
[2022-06-13T03:23:33.734+0000][1][safepoint    ] Application time: 0.0001675 seconds
[2022-06-13T03:23:33.734+0000][1][safepoint    ] Entering safepoint region: RevokeBias
[2022-06-13T03:23:33.735+0000][1][safepoint    ] Leaving safepoint region
[2022-06-13T03:23:33.735+0000][1][safepoint    ] Total time for which application threads were stopped: 0.0002450 seconds, Stopping threads took: 0.0001239 seconds
[2022-06-13T03:23:33.735+0000][1][safepoint    ] Application time: 0.0003209 seconds
[2022-06-13T03:23:33.735+0000][1][safepoint    ] Entering safepoint region: RevokeBias
[2022-06-13T03:23:33.736+0000][1][safepoint    ] Leaving safepoint region
[2022-06-13T03:23:33.736+0000][1][safepoint    ] Total time for which application threads were stopped: 0.0003505 seconds, Stopping threads took: 0.0001817 seconds
[2022-06-13T03:23:33.736+0000][1][safepoint    ] Application time: 0.0001765 seconds
[2022-06-13T03:23:33.736+0000][1][safepoint    ] Entering safepoint region: RevokeBias
[2022-06-13T03:23:33.736+0000][1][safepoint    ] Leaving safepoint region
[2022-06-13T03:23:33.736+0000][1][safepoint    ] Total time for which application threads were stopped: 0.0002937 seconds, Stopping threads took: 0.0001394 seconds
[2022-06-13T03:23:33.737+0000][1][safepoint    ] Application time: 0.0003666 seconds
[2022-06-13T03:23:33.737+0000][1][safepoint    ] Entering safepoint region: RevokeBias
[2022-06-13T03:23:33.737+0000][1][safepoint    ] Leaving safepoint region
[2022-06-13T03:23:33.737+0000][1][safepoint    ] Total time for which application threads were stopped: 0.0002307 seconds, Stopping threads took: 0.0001057 seconds
[2022-06-13T03:23:33.737+0000][1][safepoint    ] Application time: 0.0001060 seconds
[2022-06-13T03:23:33.738+0000][1][safepoint    ] Entering safepoint region: RevokeBias
[2022-06-13T03:23:33.738+0000][1][safepoint    ] Leaving safepoint region
[2022-06-13T03:23:33.738+0000][1][safepoint    ] Total time for which application threads were stopped: 0.0002687 seconds, Stopping threads took: 0.0001425 seconds
[2022-06-13T03:23:33.738+0000][1][safepoint    ] Application time: 0.0001571 seconds
[2022-06-13T03:23:33.738+0000][1][safepoint    ] Entering safepoint region: RevokeBias
[2022-06-13T03:23:33.738+0000][1][safepoint    ] Leaving safepoint region
[2022-06-13T03:23:33.739+0000][1][safepoint    ] Total time for which application threads were stopped: 0.0003307 seconds, Stopping threads took: 0.0001392 seconds
[2022-06-13T03:23:33.739+0000][1][safepoint    ] Application time: 0.0001567 seconds
[2022-06-13T03:23:33.739+0000][1][safepoint    ] Entering safepoint region: RevokeBias
[2022-06-13T03:23:33.739+0000][1][safepoint    ] Leaving safepoint region
[2022-06-13T03:23:33.739+0000][1][safepoint    ] Total time for which application threads were stopped: 0.0003752 seconds, Stopping threads took: 0.0001781 seconds
[2022-06-13T03:23:33.740+0000][1][safepoint    ] Application time: 0.0002377 seconds
[2022-06-13T03:23:33.740+0000][1][safepoint    ] Entering safepoint region: RevokeBias
[2022-06-13T03:23:33.740+0000][1][safepoint    ] Leaving safepoint region
[2022-06-13T03:23:33.740+0000][1][safepoint    ] Total time for which application threads were stopped: 0.0002872 seconds, Stopping threads took: 0.0001161 seconds
[2022-06-13T03:23:33.741+0000][1][safepoint    ] Application time: 0.0003003 seconds
[2022-06-13T03:23:33.741+0000][1][safepoint    ] Entering safepoint region: BulkRevokeBias
[2022-06-13T03:23:33.741+0000][1][safepoint    ] Leaving safepoint region
[2022-06-13T03:23:33.741+0000][1][safepoint    ] Total time for which application threads were stopped: 0.0003590 seconds, Stopping threads took: 0.0001293 seconds
[2022-06-13T03:23:33.742+0000][1][safepoint    ] Application time: 0.0009313 seconds
[2022-06-13T03:23:33.742+0000][1][safepoint    ] Entering safepoint region: RevokeBias
[2022-06-13T03:23:33.742+0000][1][safepoint    ] Leaving safepoint region
[2022-06-13T03:23:33.743+0000][1][safepoint    ] Total time for which application threads were stopped: 0.0003790 seconds, Stopping threads took: 0.0002079 seconds
[2022-06-13T03:23:33.743+0000][1][safepoint    ] Application time: 0.0000783 seconds
[2022-06-13T03:23:33.743+0000][1][safepoint    ] Entering safepoint region: RevokeBias
[2022-06-13T03:23:33.743+0000][1][safepoint    ] Leaving safepoint region
[2022-06-13T03:23:33.743+0000][1][safepoint    ] Total time for which application threads were stopped: 0.0002396 seconds, Stopping threads took: 0.0001008 seconds
[2022-06-13T03:23:33.744+0000][1][safepoint    ] Application time: 0.0010602 seconds
[2022-06-13T03:23:33.745+0000][1][safepoint    ] Entering safepoint region: RevokeBias
[2022-06-13T03:23:33.745+0000][1][safepoint    ] Leaving safepoint region
[2022-06-13T03:23:33.745+0000][1][safepoint    ] Total time for which application threads were stopped: 0.0005367 seconds, Stopping threads took: 0.0004028 seconds
[2022-06-13T03:23:33.745+0000][1][safepoint    ] Application time: 0.0000854 seconds
[2022-06-13T03:23:33.745+0000][1][safepoint    ] Entering safepoint region: RevokeBias
[2022-06-13T03:23:33.745+0000][1][safepoint    ] Leaving safepoint region
[2022-06-13T03:23:33.745+0000][1][safepoint    ] Total time for which application threads were stopped: 0.0002737 seconds, Stopping threads took: 0.0001222 seconds
[2022-06-13T03:23:33.746+0000][1][safepoint    ] Application time: 0.0002530 seconds
[2022-06-13T03:23:33.746+0000][1][safepoint    ] Entering safepoint region: RevokeBias
[2022-06-13T03:23:33.746+0000][1][safepoint    ] Leaving safepoint region
[2022-06-13T03:23:33.746+0000][1][safepoint    ] Total time for which application threads were stopped: 0.0003465 seconds, Stopping threads took: 0.0001822 seconds
[2022-06-13T03:23:33.906+0000][1][safepoint    ] Application time: 0.1599747 seconds
[2022-06-13T03:23:33.907+0000][1][safepoint    ] Entering safepoint region: RevokeBias
[2022-06-13T03:23:33.907+0000][1][safepoint    ] Leaving safepoint region
[2022-06-13T03:23:33.907+0000][1][safepoint    ] Total time for which application threads were stopped: 0.0003703 seconds, Stopping threads took: 0.0001449 seconds
[2022-06-13T03:23:34.111+0000][1][safepoint    ] Application time: 0.2038440 seconds
[2022-06-13T03:23:34.111+0000][1][safepoint    ] Entering safepoint region: GenCollectForAllocation
[2022-06-13T03:23:34.112+0000][1][gc,start     ] GC(20) Pause Young (Allocation Failure)
[2022-06-13T03:23:34.112+0000][1][gc,task      ] GC(20) Using 5 workers of 13 for evacuation
[2022-06-13T03:23:34.118+0000][1][gc,age       ] GC(20) Desired survivor size 4456448 bytes, new threshold 2 (max threshold 6)
[2022-06-13T03:23:34.118+0000][1][gc,age       ] GC(20) Age table with threshold 2 (max threshold 6)
[2022-06-13T03:23:34.119+0000][1][gc,age       ] GC(20) - age   1:    1598600 bytes,    1598600 total
[2022-06-13T03:23:34.119+0000][1][gc,age       ] GC(20) - age   2:    2994128 bytes,    4592728 total
[2022-06-13T03:23:34.120+0000][1][gc,heap      ] GC(20) ParNew: 78656K->8676K(78656K)
[2022-06-13T03:23:34.120+0000][1][gc,heap      ] GC(20) CMS: 54834K->59006K(174784K)
[2022-06-13T03:23:34.120+0000][1][gc,metaspace ] GC(20) Metaspace: 53243K->53243K(1097728K)
[2022-06-13T03:23:34.121+0000][1][gc           ] GC(20) Pause Young (Allocation Failure) 130M->66M(247M) 8.981ms
[2022-06-13T03:23:34.121+0000][1][gc,cpu       ] GC(20) User=0.02s Sys=0.00s Real=0.01s
[2022-06-13T03:23:34.121+0000][1][safepoint    ] Leaving safepoint region
[2022-06-13T03:23:34.122+0000][1][safepoint    ] Total time for which application threads were stopped: 0.0101974 seconds, Stopping threads took: 0.0003091 seconds
[2022-06-13T03:23:34.396+0000][1][safepoint    ] Application time: 0.2737491 seconds
[2022-06-13T03:23:34.396+0000][1][safepoint    ] Entering safepoint region: Deoptimize
[2022-06-13T03:23:34.397+0000][1][safepoint    ] Leaving safepoint region
[2022-06-13T03:23:34.398+0000][1][safepoint    ] Total time for which application threads were stopped: 0.0016438 seconds, Stopping threads took: 0.0003369 seconds
[2022-06-13T03:23:34.424+0000][1][safepoint    ] Application time: 0.0257281 seconds
[2022-06-13T03:23:34.424+0000][1][safepoint    ] Entering safepoint region: RevokeBias
[2022-06-13T03:23:34.424+0000][1][safepoint    ] Leaving safepoint region
[2022-06-13T03:23:34.424+0000][1][safepoint    ] Total time for which application threads were stopped: 0.0004312 seconds, Stopping threads took: 0.0002522 seconds
[2022-06-13T03:23:34.425+0000][1][safepoint    ] Application time: 0.0001159 seconds
[2022-06-13T03:23:34.425+0000][1][safepoint    ] Entering safepoint region: RevokeBias
[2022-06-13T03:23:34.425+0000][1][safepoint    ] Leaving safepoint region
[2022-06-13T03:23:34.425+0000][1][safepoint    ] Total time for which application threads were stopped: 0.0002802 seconds, Stopping threads took: 0.0001406 seconds
[2022-06-13T03:23:34.425+0000][1][safepoint    ] Application time: 0.0001373 seconds
[2022-06-13T03:23:34.425+0000][1][safepoint    ] Entering safepoint region: RevokeBias
[2022-06-13T03:23:34.426+0000][1][safepoint    ] Leaving safepoint region
[2022-06-13T03:23:34.426+0000][1][safepoint    ] Total time for which application threads were stopped: 0.0003926 seconds, Stopping threads took: 0.0001938 seconds
[2022-06-13T03:23:34.428+0000][1][safepoint    ] Application time: 0.0020358 seconds
[2022-06-13T03:23:34.428+0000][1][safepoint    ] Entering safepoint region: RevokeBias
[2022-06-13T03:23:34.429+0000][1][safepoint    ] Leaving safepoint region
[2022-06-13T03:23:34.429+0000][1][safepoint    ] Total time for which application threads were stopped: 0.0005508 seconds, Stopping threads took: 0.0002401 seconds
[2022-06-13T03:23:34.553+0000][1][safepoint    ] Application time: 0.1234348 seconds
[2022-06-13T03:23:34.553+0000][1][safepoint    ] Entering safepoint region: Deoptimize
[2022-06-13T03:23:34.555+0000][1][safepoint    ] Leaving safepoint region
[2022-06-13T03:23:34.555+0000][1][safepoint    ] Total time for which application threads were stopped: 0.0020964 seconds, Stopping threads took: 0.0002349 seconds
[2022-06-13T03:23:34.630+0000][1][safepoint    ] Application time: 0.0743423 seconds
[2022-06-13T03:23:34.630+0000][1][safepoint    ] Entering safepoint region: RevokeBias
[2022-06-13T03:23:34.631+0000][1][safepoint    ] Leaving safepoint region
[2022-06-13T03:23:34.631+0000][1][safepoint    ] Total time for which application threads were stopped: 0.0009445 seconds, Stopping threads took: 0.0004540 seconds
[2022-06-13T03:23:34.632+0000][1][safepoint    ] Application time: 0.0003046 seconds
[2022-06-13T03:23:34.632+0000][1][safepoint    ] Entering safepoint region: RevokeBias
[2022-06-13T03:23:34.633+0000][1][safepoint    ] Leaving safepoint region
[2022-06-13T03:23:34.633+0000][1][safepoint    ] Total time for which application threads were stopped: 0.0009349 seconds, Stopping threads took: 0.0005482 seconds
[2022-06-13T03:23:34.634+0000][1][safepoint    ] Application time: 0.0002045 seconds
[2022-06-13T03:23:34.634+0000][1][safepoint    ] Entering safepoint region: RevokeBias
[2022-06-13T03:23:34.634+0000][1][safepoint    ] Leaving safepoint region
[2022-06-13T03:23:34.634+0000][1][safepoint    ] Total time for which application threads were stopped: 0.0006015 seconds, Stopping threads took: 0.0003018 seconds
[2022-06-13T03:23:34.725+0000][1][safepoint    ] Application time: 0.0904811 seconds
[2022-06-13T03:23:34.725+0000][1][safepoint    ] Entering safepoint region: RevokeBias
[2022-06-13T03:23:34.726+0000][1][safepoint    ] Leaving safepoint region
[2022-06-13T03:23:34.726+0000][1][safepoint    ] Total time for which application threads were stopped: 0.0004702 seconds, Stopping threads took: 0.0001828 seconds
[2022-06-13T03:23:34.726+0000][1][safepoint    ] Application time: 0.0001367 seconds
[2022-06-13T03:23:34.726+0000][1][safepoint    ] Entering safepoint region: RevokeBias
[2022-06-13T03:23:34.727+0000][1][safepoint    ] Leaving safepoint region
[2022-06-13T03:23:34.727+0000][1][safepoint    ] Total time for which application threads were stopped: 0.0004285 seconds, Stopping threads took: 0.0002238 seconds
[2022-06-13T03:23:34.728+0000][1][safepoint    ] Application time: 0.0001828 seconds
[2022-06-13T03:23:34.728+0000][1][safepoint    ] Entering safepoint region: RevokeBias
[2022-06-13T03:23:34.728+0000][1][safepoint    ] Leaving safepoint region
[2022-06-13T03:23:34.728+0000][1][safepoint    ] Total time for which application threads were stopped: 0.0002748 seconds, Stopping threads took: 0.0001305 seconds
[2022-06-13T03:23:34.728+0000][1][safepoint    ] Application time: 0.0001514 seconds
[2022-06-13T03:23:34.728+0000][1][safepoint    ] Entering safepoint region: RevokeBias
[2022-06-13T03:23:34.728+0000][1][safepoint    ] Leaving safepoint region
[2022-06-13T03:23:34.729+0000][1][safepoint    ] Total time for which application threads were stopped: 0.0002432 seconds, Stopping threads took: 0.0001241 seconds
[2022-06-13T03:23:34.729+0000][1][safepoint    ] Application time: 0.0000593 seconds
[2022-06-13T03:23:34.729+0000][1][safepoint    ] Entering safepoint region: RevokeBias
[2022-06-13T03:23:34.729+0000][1][safepoint    ] Leaving safepoint region
[2022-06-13T03:23:34.729+0000][1][safepoint    ] Total time for which application threads were stopped: 0.0002276 seconds, Stopping threads took: 0.0001026 seconds
[2022-06-13T03:23:34.729+0000][1][safepoint    ] Application time: 0.0001848 seconds
[2022-06-13T03:23:34.730+0000][1][safepoint    ] Entering safepoint region: RevokeBias
[2022-06-13T03:23:34.730+0000][1][safepoint    ] Leaving safepoint region
[2022-06-13T03:23:34.730+0000][1][safepoint    ] Total time for which application threads were stopped: 0.0002701 seconds, Stopping threads took: 0.0001382 seconds
[2022-06-13T03:23:34.730+0000][1][safepoint    ] Application time: 0.0001143 seconds
[2022-06-13T03:23:34.730+0000][1][safepoint    ] Entering safepoint region: RevokeBias
[2022-06-13T03:23:34.730+0000][1][safepoint    ] Leaving safepoint region
[2022-06-13T03:23:34.730+0000][1][safepoint    ] Total time for which application threads were stopped: 0.0002227 seconds, Stopping threads took: 0.0001140 seconds
[2022-06-13T03:23:34.731+0000][1][safepoint    ] Application time: 0.0002632 seconds
[2022-06-13T03:23:34.731+0000][1][safepoint    ] Entering safepoint region: RevokeBias
[2022-06-13T03:23:34.731+0000][1][safepoint    ] Leaving safepoint region
[2022-06-13T03:23:34.731+0000][1][safepoint    ] Total time for which application threads were stopped: 0.0002275 seconds, Stopping threads took: 0.0001116 seconds
[2022-06-13T03:23:34.796+0000][1][safepoint    ] Application time: 0.0648408 seconds
[2022-06-13T03:23:34.796+0000][1][safepoint    ] Entering safepoint region: GenCollectForAllocation
[2022-06-13T03:23:34.797+0000][1][gc,start     ] GC(21) Pause Young (Allocation Failure)
[2022-06-13T03:23:34.797+0000][1][gc,task      ] GC(21) Using 5 workers of 13 for evacuation
[2022-06-13T03:23:34.804+0000][1][gc,age       ] GC(21) Desired survivor size 4456448 bytes, new threshold 2 (max threshold 6)
[2022-06-13T03:23:34.804+0000][1][gc,age       ] GC(21) Age table with threshold 2 (max threshold 6)
[2022-06-13T03:23:34.805+0000][1][gc,age       ] GC(21) - age   1:    3800032 bytes,    3800032 total
[2022-06-13T03:23:34.805+0000][1][gc,age       ] GC(21) - age   2:    1500640 bytes,    5300672 total
[2022-06-13T03:23:34.805+0000][1][gc,heap      ] GC(21) ParNew: 78628K->7107K(78656K)
[2022-06-13T03:23:34.805+0000][1][gc,heap      ] GC(21) CMS: 59006K->62004K(174784K)
[2022-06-13T03:23:34.805+0000][1][gc,metaspace ] GC(21) Metaspace: 61179K->61179K(1105920K)
[2022-06-13T03:23:34.805+0000][1][gc           ] GC(21) Pause Young (Allocation Failure) 134M->67M(247M) 8.937ms
[2022-06-13T03:23:34.806+0000][1][gc,cpu       ] GC(21) User=0.07s Sys=0.00s Real=0.01s
[2022-06-13T03:23:34.806+0000][1][safepoint    ] Leaving safepoint region
[2022-06-13T03:23:34.806+0000][1][safepoint    ] Total time for which application threads were stopped: 0.0095960 seconds, Stopping threads took: 0.0001717 seconds
[2022-06-13T03:23:34.976+0000][1][safepoint    ] Application time: 0.1698060 seconds
[2022-06-13T03:23:34.976+0000][1][safepoint    ] Entering safepoint region: Deoptimize
[2022-06-13T03:23:34.977+0000][1][safepoint    ] Leaving safepoint region
[2022-06-13T03:23:34.977+0000][1][safepoint    ] Total time for which application threads were stopped: 0.0011117 seconds, Stopping threads took: 0.0003807 seconds
[2022-06-13T03:23:34.983+0000][1][safepoint    ] Application time: 0.0049911 seconds
[2022-06-13T03:23:34.983+0000][1][safepoint    ] Entering safepoint region: BulkRevokeBias
[2022-06-13T03:23:34.983+0000][1][safepoint    ] Leaving safepoint region
[2022-06-13T03:23:34.983+0000][1][safepoint    ] Total time for which application threads were stopped: 0.0003446 seconds, Stopping threads took: 0.0001602 seconds
[2022-06-13T03:23:34.984+0000][1][safepoint    ] Application time: 0.0007618 seconds
[2022-06-13T03:23:34.984+0000][1][safepoint    ] Entering safepoint region: RevokeBias
[2022-06-13T03:23:34.985+0000][1][safepoint    ] Leaving safepoint region
[2022-06-13T03:23:34.985+0000][1][safepoint    ] Total time for which application threads were stopped: 0.0002144 seconds, Stopping threads took: 0.0000980 seconds
[2022-06-13T03:23:34.985+0000][1][safepoint    ] Application time: 0.0001024 seconds
[2022-06-13T03:23:34.985+0000][1][safepoint    ] Entering safepoint region: RevokeBias
[2022-06-13T03:23:34.985+0000][1][safepoint    ] Leaving safepoint region
[2022-06-13T03:23:34.985+0000][1][safepoint    ] Total time for which application threads were stopped: 0.0001871 seconds, Stopping threads took: 0.0000910 seconds
[2022-06-13T03:23:34.985+0000][1][safepoint    ] Application time: 0.0002745 seconds
[2022-06-13T03:23:34.986+0000][1][safepoint    ] Entering safepoint region: RevokeBias
[2022-06-13T03:23:34.986+0000][1][safepoint    ] Leaving safepoint region
[2022-06-13T03:23:34.986+0000][1][safepoint    ] Total time for which application threads were stopped: 0.0001783 seconds, Stopping threads took: 0.0000797 seconds
[2022-06-13T03:23:34.986+0000][1][safepoint    ] Application time: 0.0000644 seconds
[2022-06-13T03:23:34.986+0000][1][safepoint    ] Entering safepoint region: RevokeBias
[2022-06-13T03:23:34.986+0000][1][safepoint    ] Leaving safepoint region
[2022-06-13T03:23:34.986+0000][1][safepoint    ] Total time for which application threads were stopped: 0.0001736 seconds, Stopping threads took: 0.0000803 seconds
[2022-06-13T03:23:34.986+0000][1][safepoint    ] Application time: 0.0000757 seconds
[2022-06-13T03:23:34.986+0000][1][safepoint    ] Entering safepoint region: RevokeBias
[2022-06-13T03:23:34.987+0000][1][safepoint    ] Leaving safepoint region
[2022-06-13T03:23:34.987+0000][1][safepoint    ] Total time for which application threads were stopped: 0.0001829 seconds, Stopping threads took: 0.0000899 seconds
[2022-06-13T03:23:34.987+0000][1][safepoint    ] Application time: 0.0000973 seconds
[2022-06-13T03:23:34.987+0000][1][safepoint    ] Entering safepoint region: RevokeBias
[2022-06-13T03:23:34.987+0000][1][safepoint    ] Leaving safepoint region
[2022-06-13T03:23:34.987+0000][1][safepoint    ] Total time for which application threads were stopped: 0.0002360 seconds, Stopping threads took: 0.0000895 seconds
[2022-06-13T03:23:34.988+0000][1][safepoint    ] Application time: 0.0001916 seconds
[2022-06-13T03:23:34.988+0000][1][safepoint    ] Entering safepoint region: RevokeBias
[2022-06-13T03:23:34.988+0000][1][safepoint    ] Leaving safepoint region
[2022-06-13T03:23:34.988+0000][1][safepoint    ] Total time for which application threads were stopped: 0.0002776 seconds, Stopping threads took: 0.0001059 seconds
[2022-06-13T03:23:34.988+0000][1][safepoint    ] Application time: 0.0002274 seconds
[2022-06-13T03:23:34.989+0000][1][safepoint    ] Entering safepoint region: RevokeBias
[2022-06-13T03:23:34.989+0000][1][safepoint    ] Leaving safepoint region
[2022-06-13T03:23:34.989+0000][1][safepoint    ] Total time for which application threads were stopped: 0.0003871 seconds, Stopping threads took: 0.0002027 seconds
[2022-06-13T03:23:34.989+0000][1][safepoint    ] Application time: 0.0000646 seconds
[2022-06-13T03:23:34.990+0000][1][safepoint    ] Entering safepoint region: RevokeBias
[2022-06-13T03:23:34.990+0000][1][safepoint    ] Leaving safepoint region
[2022-06-13T03:23:34.990+0000][1][safepoint    ] Total time for which application threads were stopped: 0.0003971 seconds, Stopping threads took: 0.0001786 seconds
[2022-06-13T03:23:34.991+0000][1][safepoint    ] Application time: 0.0005067 seconds
[2022-06-13T03:23:34.991+0000][1][safepoint    ] Entering safepoint region: RevokeBias
[2022-06-13T03:23:34.991+0000][1][safepoint    ] Leaving safepoint region
[2022-06-13T03:23:34.991+0000][1][safepoint    ] Total time for which application threads were stopped: 0.0004555 seconds, Stopping threads took: 0.0002084 seconds
[2022-06-13T03:23:34.992+0000][1][safepoint    ] Application time: 0.0007242 seconds
[2022-06-13T03:23:34.992+0000][1][safepoint    ] Entering safepoint region: RevokeBias
[2022-06-13T03:23:34.992+0000][1][safepoint    ] Leaving safepoint region
[2022-06-13T03:23:34.993+0000][1][safepoint    ] Total time for which application threads were stopped: 0.0003855 seconds, Stopping threads took: 0.0001957 seconds
[2022-06-13T03:23:34.993+0000][1][safepoint    ] Application time: 0.0000898 seconds
[2022-06-13T03:23:34.993+0000][1][safepoint    ] Entering safepoint region: RevokeBias
[2022-06-13T03:23:34.993+0000][1][safepoint    ] Leaving safepoint region
[2022-06-13T03:23:34.994+0000][1][safepoint    ] Total time for which application threads were stopped: 0.0004225 seconds, Stopping threads took: 0.0002023 seconds
[2022-06-13T03:23:34.995+0000][1][safepoint    ] Application time: 0.0009854 seconds
[2022-06-13T03:23:34.995+0000][1][safepoint    ] Entering safepoint region: RevokeBias
[2022-06-13T03:23:34.995+0000][1][safepoint    ] Leaving safepoint region
[2022-06-13T03:23:34.995+0000][1][safepoint    ] Total time for which application threads were stopped: 0.0004852 seconds, Stopping threads took: 0.0002610 seconds
[2022-06-13T03:23:34.996+0000][1][safepoint    ] Application time: 0.0006157 seconds
[2022-06-13T03:23:34.997+0000][1][safepoint    ] Entering safepoint region: Deoptimize
[2022-06-13T03:23:34.997+0000][1][safepoint    ] Leaving safepoint region
[2022-06-13T03:23:34.998+0000][1][safepoint    ] Total time for which application threads were stopped: 0.0010097 seconds, Stopping threads took: 0.0002524 seconds
[2022-06-13T03:23:34.998+0000][1][safepoint    ] Application time: 0.0005624 seconds
[2022-06-13T03:23:34.999+0000][1][safepoint    ] Entering safepoint region: RevokeBias
[2022-06-13T03:23:34.999+0000][1][safepoint    ] Leaving safepoint region
[2022-06-13T03:23:34.999+0000][1][safepoint    ] Total time for which application threads were stopped: 0.0004490 seconds, Stopping threads took: 0.0002096 seconds
[2022-06-13T03:23:35.025+0000][1][safepoint    ] Application time: 0.0260525 seconds
[2022-06-13T03:23:35.026+0000][1][safepoint    ] Entering safepoint region: RevokeBias
[2022-06-13T03:23:35.026+0000][1][safepoint    ] Leaving safepoint region
[2022-06-13T03:23:35.027+0000][1][safepoint    ] Total time for which application threads were stopped: 0.0007173 seconds, Stopping threads took: 0.0003650 seconds
[2022-06-13T03:23:35.027+0000][1][safepoint    ] Application time: 0.0002325 seconds
[2022-06-13T03:23:35.027+0000][1][safepoint    ] Entering safepoint region: RevokeBias
[2022-06-13T03:23:35.027+0000][1][safepoint    ] Leaving safepoint region
[2022-06-13T03:23:35.028+0000][1][safepoint    ] Total time for which application threads were stopped: 0.0003813 seconds, Stopping threads took: 0.0001189 seconds
[2022-06-13T03:23:35.028+0000][1][safepoint    ] Application time: 0.0001597 seconds
[2022-06-13T03:23:35.028+0000][1][safepoint    ] Entering safepoint region: RevokeBias
[2022-06-13T03:23:35.028+0000][1][safepoint    ] Leaving safepoint region
[2022-06-13T03:23:35.029+0000][1][safepoint    ] Total time for which application threads were stopped: 0.0003327 seconds, Stopping threads took: 0.0001774 seconds
[2022-06-13T03:23:35.029+0000][1][safepoint    ] Application time: 0.0001375 seconds
[2022-06-13T03:23:35.029+0000][1][safepoint    ] Entering safepoint region: RevokeBias
[2022-06-13T03:23:35.029+0000][1][safepoint    ] Leaving safepoint region
[2022-06-13T03:23:35.029+0000][1][safepoint    ] Total time for which application threads were stopped: 0.0002792 seconds, Stopping threads took: 0.0001405 seconds
[2022-06-13T03:23:35.030+0000][1][safepoint    ] Application time: 0.0001956 seconds
[2022-06-13T03:23:35.030+0000][1][safepoint    ] Entering safepoint region: RevokeBias
[2022-06-13T03:23:35.030+0000][1][safepoint    ] Leaving safepoint region
[2022-06-13T03:23:35.030+0000][1][safepoint    ] Total time for which application threads were stopped: 0.0001920 seconds, Stopping threads took: 0.0000958 seconds
[2022-06-13T03:23:35.031+0000][1][safepoint    ] Application time: 0.0009683 seconds
[2022-06-13T03:23:35.031+0000][1][safepoint    ] Entering safepoint region: RevokeBias
[2022-06-13T03:23:35.031+0000][1][safepoint    ] Leaving safepoint region
[2022-06-13T03:23:35.032+0000][1][safepoint    ] Total time for which application threads were stopped: 0.0004187 seconds, Stopping threads took: 0.0002088 seconds
[2022-06-13T03:23:35.032+0000][1][safepoint    ] Application time: 0.0005201 seconds
[2022-06-13T03:23:35.033+0000][1][safepoint    ] Entering safepoint region: RevokeBias
[2022-06-13T03:23:35.033+0000][1][safepoint    ] Leaving safepoint region
[2022-06-13T03:23:35.033+0000][1][safepoint    ] Total time for which application threads were stopped: 0.0004345 seconds, Stopping threads took: 0.0002266 seconds
[2022-06-13T03:23:35.033+0000][1][safepoint    ] Application time: 0.0001543 seconds
[2022-06-13T03:23:35.033+0000][1][safepoint    ] Entering safepoint region: RevokeBias
[2022-06-13T03:23:35.034+0000][1][safepoint    ] Leaving safepoint region
[2022-06-13T03:23:35.034+0000][1][safepoint    ] Total time for which application threads were stopped: 0.0003809 seconds, Stopping threads took: 0.0001280 seconds
[2022-06-13T03:23:35.034+0000][1][safepoint    ] Application time: 0.0003998 seconds
[2022-06-13T03:23:35.035+0000][1][safepoint    ] Entering safepoint region: BulkRevokeBias
[2022-06-13T03:23:35.035+0000][1][safepoint    ] Leaving safepoint region
[2022-06-13T03:23:35.035+0000][1][safepoint    ] Total time for which application threads were stopped: 0.0003217 seconds, Stopping threads took: 0.0001238 seconds
[2022-06-13T03:23:35.036+0000][1][safepoint    ] Application time: 0.0006700 seconds
[2022-06-13T03:23:35.036+0000][1][safepoint    ] Entering safepoint region: RevokeBias
[2022-06-13T03:23:35.036+0000][1][safepoint    ] Leaving safepoint region
[2022-06-13T03:23:35.036+0000][1][safepoint    ] Total time for which application threads were stopped: 0.0002481 seconds, Stopping threads took: 0.0001028 seconds
[2022-06-13T03:23:35.036+0000][1][safepoint    ] Application time: 0.0001726 seconds
[2022-06-13T03:23:35.036+0000][1][safepoint    ] Entering safepoint region: RevokeBias
[2022-06-13T03:23:35.037+0000][1][safepoint    ] Leaving safepoint region
[2022-06-13T03:23:35.037+0000][1][safepoint    ] Total time for which application threads were stopped: 0.0002322 seconds, Stopping threads took: 0.0001244 seconds
[2022-06-13T03:23:35.038+0000][1][safepoint    ] Application time: 0.0007561 seconds
[2022-06-13T03:23:35.038+0000][1][safepoint    ] Entering safepoint region: RevokeBias
[2022-06-13T03:23:35.038+0000][1][safepoint    ] Leaving safepoint region
[2022-06-13T03:23:35.038+0000][1][safepoint    ] Total time for which application threads were stopped: 0.0002541 seconds, Stopping threads took: 0.0001191 seconds
[2022-06-13T03:23:35.038+0000][1][safepoint    ] Application time: 0.0002120 seconds
[2022-06-13T03:23:35.038+0000][1][safepoint    ] Entering safepoint region: RevokeBias
[2022-06-13T03:23:35.039+0000][1][safepoint    ] Leaving safepoint region
[2022-06-13T03:23:35.039+0000][1][safepoint    ] Total time for which application threads were stopped: 0.0002648 seconds, Stopping threads took: 0.0001164 seconds
[2022-06-13T03:23:35.039+0000][1][safepoint    ] Application time: 0.0001723 seconds
[2022-06-13T03:23:35.039+0000][1][safepoint    ] Entering safepoint region: RevokeBias
[2022-06-13T03:23:35.039+0000][1][safepoint    ] Leaving safepoint region
[2022-06-13T03:23:35.039+0000][1][safepoint    ] Total time for which application threads were stopped: 0.0002715 seconds, Stopping threads took: 0.0001471 seconds
[2022-06-13T03:23:35.040+0000][1][safepoint    ] Application time: 0.0001850 seconds
[2022-06-13T03:23:35.040+0000][1][safepoint    ] Entering safepoint region: RevokeBias
[2022-06-13T03:23:35.040+0000][1][safepoint    ] Leaving safepoint region
[2022-06-13T03:23:35.040+0000][1][safepoint    ] Total time for which application threads were stopped: 0.0002258 seconds, Stopping threads took: 0.0001012 seconds
[2022-06-13T03:23:35.040+0000][1][safepoint    ] Application time: 0.0002006 seconds
[2022-06-13T03:23:35.040+0000][1][safepoint    ] Entering safepoint region: RevokeBias
[2022-06-13T03:23:35.041+0000][1][safepoint    ] Leaving safepoint region
[2022-06-13T03:23:35.041+0000][1][safepoint    ] Total time for which application threads were stopped: 0.0002361 seconds, Stopping threads took: 0.0001148 seconds
[2022-06-13T03:23:35.041+0000][1][safepoint    ] Application time: 0.0002084 seconds
[2022-06-13T03:23:35.041+0000][1][safepoint    ] Entering safepoint region: RevokeBias
[2022-06-13T03:23:35.041+0000][1][safepoint    ] Leaving safepoint region
[2022-06-13T03:23:35.041+0000][1][safepoint    ] Total time for which application threads were stopped: 0.0002253 seconds, Stopping threads took: 0.0001135 seconds
[2022-06-13T03:23:35.042+0000][1][safepoint    ] Application time: 0.0001801 seconds
[2022-06-13T03:23:35.042+0000][1][safepoint    ] Entering safepoint region: RevokeBias
[2022-06-13T03:23:35.042+0000][1][safepoint    ] Leaving safepoint region
[2022-06-13T03:23:35.042+0000][1][safepoint    ] Total time for which application threads were stopped: 0.0005677 seconds, Stopping threads took: 0.0004422 seconds
[2022-06-13T03:23:35.043+0000][1][safepoint    ] Application time: 0.0001907 seconds
[2022-06-13T03:23:35.043+0000][1][safepoint    ] Entering safepoint region: RevokeBias
[2022-06-13T03:23:35.043+0000][1][safepoint    ] Leaving safepoint region
[2022-06-13T03:23:35.043+0000][1][safepoint    ] Total time for which application threads were stopped: 0.0002824 seconds, Stopping threads took: 0.0001381 seconds
[2022-06-13T03:23:35.043+0000][1][safepoint    ] Application time: 0.0001394 seconds
[2022-06-13T03:23:35.043+0000][1][safepoint    ] Entering safepoint region: RevokeBias
[2022-06-13T03:23:35.044+0000][1][safepoint    ] Leaving safepoint region
[2022-06-13T03:23:35.044+0000][1][safepoint    ] Total time for which application threads were stopped: 0.0002541 seconds, Stopping threads took: 0.0001014 seconds
[2022-06-13T03:23:35.044+0000][1][safepoint    ] Application time: 0.0001204 seconds
[2022-06-13T03:23:35.044+0000][1][safepoint    ] Entering safepoint region: RevokeBias
[2022-06-13T03:23:35.044+0000][1][safepoint    ] Leaving safepoint region
[2022-06-13T03:23:35.044+0000][1][safepoint    ] Total time for which application threads were stopped: 0.0002459 seconds, Stopping threads took: 0.0001165 seconds
[2022-06-13T03:23:35.044+0000][1][safepoint    ] Application time: 0.0001592 seconds
[2022-06-13T03:23:35.045+0000][1][safepoint    ] Entering safepoint region: RevokeBias
[2022-06-13T03:23:35.045+0000][1][safepoint    ] Leaving safepoint region
[2022-06-13T03:23:35.045+0000][1][safepoint    ] Total time for which application threads were stopped: 0.0002236 seconds, Stopping threads took: 0.0001065 seconds
[2022-06-13T03:23:35.045+0000][1][safepoint    ] Application time: 0.0001314 seconds
[2022-06-13T03:23:35.045+0000][1][safepoint    ] Entering safepoint region: RevokeBias
[2022-06-13T03:23:35.045+0000][1][safepoint    ] Leaving safepoint region
[2022-06-13T03:23:35.045+0000][1][safepoint    ] Total time for which application threads were stopped: 0.0002135 seconds, Stopping threads took: 0.0001023 seconds
[2022-06-13T03:23:35.046+0000][1][safepoint    ] Application time: 0.0001302 seconds
[2022-06-13T03:23:35.046+0000][1][safepoint    ] Entering safepoint region: RevokeBias
[2022-06-13T03:23:35.046+0000][1][safepoint    ] Leaving safepoint region
[2022-06-13T03:23:35.046+0000][1][safepoint    ] Total time for which application threads were stopped: 0.0002164 seconds, Stopping threads took: 0.0001045 seconds
[2022-06-13T03:23:35.046+0000][1][safepoint    ] Application time: 0.0001630 seconds
[2022-06-13T03:23:35.046+0000][1][safepoint    ] Entering safepoint region: RevokeBias
[2022-06-13T03:23:35.046+0000][1][safepoint    ] Leaving safepoint region
[2022-06-13T03:23:35.047+0000][1][safepoint    ] Total time for which application threads were stopped: 0.0002335 seconds, Stopping threads took: 0.0000994 seconds
[2022-06-13T03:23:35.047+0000][1][safepoint    ] Application time: 0.0001385 seconds
[2022-06-13T03:23:35.047+0000][1][safepoint    ] Entering safepoint region: RevokeBias
[2022-06-13T03:23:35.047+0000][1][safepoint    ] Leaving safepoint region
[2022-06-13T03:23:35.047+0000][1][safepoint    ] Total time for which application threads were stopped: 0.0002435 seconds, Stopping threads took: 0.0001096 seconds
[2022-06-13T03:23:35.047+0000][1][safepoint    ] Application time: 0.0001987 seconds
[2022-06-13T03:23:35.048+0000][1][safepoint    ] Entering safepoint region: RevokeBias
[2022-06-13T03:23:35.048+0000][1][safepoint    ] Leaving safepoint region
[2022-06-13T03:23:35.048+0000][1][safepoint    ] Total time for which application threads were stopped: 0.0002239 seconds, Stopping threads took: 0.0001043 seconds
[2022-06-13T03:23:35.048+0000][1][safepoint    ] Application time: 0.0002580 seconds
[2022-06-13T03:23:35.048+0000][1][safepoint    ] Entering safepoint region: RevokeBias
[2022-06-13T03:23:35.049+0000][1][safepoint    ] Leaving safepoint region
[2022-06-13T03:23:35.049+0000][1][safepoint    ] Total time for which application threads were stopped: 0.0003949 seconds, Stopping threads took: 0.0001838 seconds
[2022-06-13T03:23:35.049+0000][1][safepoint    ] Application time: 0.0001480 seconds
[2022-06-13T03:23:35.049+0000][1][safepoint    ] Entering safepoint region: RevokeBias
[2022-06-13T03:23:35.049+0000][1][safepoint    ] Leaving safepoint region
[2022-06-13T03:23:35.049+0000][1][safepoint    ] Total time for which application threads were stopped: 0.0003086 seconds, Stopping threads took: 0.0001737 seconds
[2022-06-13T03:23:35.050+0000][1][safepoint    ] Application time: 0.0001359 seconds
[2022-06-13T03:23:35.050+0000][1][safepoint    ] Entering safepoint region: BulkRevokeBias
[2022-06-13T03:23:35.050+0000][1][safepoint    ] Leaving safepoint region
[2022-06-13T03:23:35.050+0000][1][safepoint    ] Total time for which application threads were stopped: 0.0002708 seconds, Stopping threads took: 0.0001144 seconds
[2022-06-13T03:23:35.050+0000][1][safepoint    ] Application time: 0.0001529 seconds
[2022-06-13T03:23:35.050+0000][1][safepoint    ] Entering safepoint region: RevokeBias
[2022-06-13T03:23:35.050+0000][1][safepoint    ] Leaving safepoint region
[2022-06-13T03:23:35.050+0000][1][safepoint    ] Total time for which application threads were stopped: 0.0001866 seconds, Stopping threads took: 0.0000861 seconds
[2022-06-13T03:23:35.051+0000][1][safepoint    ] Application time: 0.0001713 seconds
[2022-06-13T03:23:35.051+0000][1][safepoint    ] Entering safepoint region: RevokeBias
[2022-06-13T03:23:35.051+0000][1][safepoint    ] Leaving safepoint region
[2022-06-13T03:23:35.051+0000][1][safepoint    ] Total time for which application threads were stopped: 0.0002470 seconds, Stopping threads took: 0.0001060 seconds
[2022-06-13T03:23:35.051+0000][1][safepoint    ] Application time: 0.0001479 seconds
[2022-06-13T03:23:35.052+0000][1][safepoint    ] Entering safepoint region: RevokeBias
[2022-06-13T03:23:35.052+0000][1][safepoint    ] Leaving safepoint region
[2022-06-13T03:23:35.052+0000][1][safepoint    ] Total time for which application threads were stopped: 0.0004711 seconds, Stopping threads took: 0.0002800 seconds
[2022-06-13T03:23:35.053+0000][1][safepoint    ] Application time: 0.0002388 seconds
[2022-06-13T03:23:35.053+0000][1][safepoint    ] Entering safepoint region: RevokeBias
[2022-06-13T03:23:35.053+0000][1][safepoint    ] Leaving safepoint region
[2022-06-13T03:23:35.053+0000][1][safepoint    ] Total time for which application threads were stopped: 0.0003927 seconds, Stopping threads took: 0.0001989 seconds
[2022-06-13T03:23:35.054+0000][1][safepoint    ] Application time: 0.0003061 seconds
[2022-06-13T03:23:35.054+0000][1][safepoint    ] Entering safepoint region: RevokeBias
[2022-06-13T03:23:35.054+0000][1][safepoint    ] Leaving safepoint region
[2022-06-13T03:23:35.054+0000][1][safepoint    ] Total time for which application threads were stopped: 0.0004186 seconds, Stopping threads took: 0.0002808 seconds
[2022-06-13T03:23:35.054+0000][1][safepoint    ] Application time: 0.0001624 seconds
[2022-06-13T03:23:35.055+0000][1][safepoint    ] Entering safepoint region: RevokeBias
[2022-06-13T03:23:35.055+0000][1][safepoint    ] Leaving safepoint region
[2022-06-13T03:23:35.055+0000][1][safepoint    ] Total time for which application threads were stopped: 0.0002536 seconds, Stopping threads took: 0.0001000 seconds
[2022-06-13T03:23:35.055+0000][1][safepoint    ] Application time: 0.0001919 seconds
[2022-06-13T03:23:35.055+0000][1][safepoint    ] Entering safepoint region: RevokeBias
[2022-06-13T03:23:35.055+0000][1][safepoint    ] Leaving safepoint region
[2022-06-13T03:23:35.056+0000][1][safepoint    ] Total time for which application threads were stopped: 0.0002660 seconds, Stopping threads took: 0.0000871 seconds
[2022-06-13T03:23:35.056+0000][1][safepoint    ] Application time: 0.0003016 seconds
[2022-06-13T03:23:35.056+0000][1][safepoint    ] Entering safepoint region: RevokeBias
[2022-06-13T03:23:35.056+0000][1][safepoint    ] Leaving safepoint region
[2022-06-13T03:23:35.056+0000][1][safepoint    ] Total time for which application threads were stopped: 0.0002443 seconds, Stopping threads took: 0.0000909 seconds
[2022-06-13T03:23:35.057+0000][1][safepoint    ] Application time: 0.0002618 seconds
[2022-06-13T03:23:35.057+0000][1][safepoint    ] Entering safepoint region: RevokeBias
[2022-06-13T03:23:35.057+0000][1][safepoint    ] Leaving safepoint region
[2022-06-13T03:23:35.057+0000][1][safepoint    ] Total time for which application threads were stopped: 0.0002886 seconds, Stopping threads took: 0.0001197 seconds
[2022-06-13T03:23:35.057+0000][1][safepoint    ] Application time: 0.0001722 seconds
[2022-06-13T03:23:35.058+0000][1][safepoint    ] Entering safepoint region: RevokeBias
[2022-06-13T03:23:35.058+0000][1][safepoint    ] Leaving safepoint region
[2022-06-13T03:23:35.058+0000][1][safepoint    ] Total time for which application threads were stopped: 0.0002810 seconds, Stopping threads took: 0.0001340 seconds
[2022-06-13T03:23:35.058+0000][1][safepoint    ] Application time: 0.0001032 seconds
[2022-06-13T03:23:35.058+0000][1][safepoint    ] Entering safepoint region: RevokeBias
[2022-06-13T03:23:35.058+0000][1][safepoint    ] Leaving safepoint region
[2022-06-13T03:23:35.058+0000][1][safepoint    ] Total time for which application threads were stopped: 0.0002390 seconds, Stopping threads took: 0.0000888 seconds
[2022-06-13T03:23:35.059+0000][1][safepoint    ] Application time: 0.0000929 seconds
[2022-06-13T03:23:35.059+0000][1][safepoint    ] Entering safepoint region: RevokeBias
[2022-06-13T03:23:35.059+0000][1][safepoint    ] Leaving safepoint region
[2022-06-13T03:23:35.059+0000][1][safepoint    ] Total time for which application threads were stopped: 0.0003170 seconds, Stopping threads took: 0.0001011 seconds
[2022-06-13T03:23:35.059+0000][1][safepoint    ] Application time: 0.0000569 seconds
[2022-06-13T03:23:35.060+0000][1][safepoint    ] Entering safepoint region: RevokeBias
[2022-06-13T03:23:35.060+0000][1][safepoint    ] Leaving safepoint region
[2022-06-13T03:23:35.060+0000][1][safepoint    ] Total time for which application threads were stopped: 0.0003546 seconds, Stopping threads took: 0.0001652 seconds
[2022-06-13T03:23:35.061+0000][1][safepoint    ] Application time: 0.0011227 seconds
[2022-06-13T03:23:35.062+0000][1][safepoint    ] Entering safepoint region: RevokeBias
[2022-06-13T03:23:35.062+0000][1][safepoint    ] Leaving safepoint region
[2022-06-13T03:23:35.062+0000][1][safepoint    ] Total time for which application threads were stopped: 0.0003175 seconds, Stopping threads took: 0.0001494 seconds
[2022-06-13T03:23:35.067+0000][1][safepoint    ] Application time: 0.0046856 seconds
[2022-06-13T03:23:35.067+0000][1][safepoint    ] Entering safepoint region: RevokeBias
[2022-06-13T03:23:35.067+0000][1][safepoint    ] Leaving safepoint region
[2022-06-13T03:23:35.067+0000][1][safepoint    ] Total time for which application threads were stopped: 0.0003572 seconds, Stopping threads took: 0.0001821 seconds
[2022-06-13T03:23:35.067+0000][1][safepoint    ] Application time: 0.0000846 seconds
[2022-06-13T03:23:35.068+0000][1][safepoint    ] Entering safepoint region: RevokeBias
[2022-06-13T03:23:35.068+0000][1][safepoint    ] Leaving safepoint region
[2022-06-13T03:23:35.068+0000][1][safepoint    ] Total time for which application threads were stopped: 0.0002241 seconds, Stopping threads took: 0.0001239 seconds
[2022-06-13T03:23:35.068+0000][1][safepoint    ] Application time: 0.0000819 seconds
[2022-06-13T03:23:35.068+0000][1][safepoint    ] Entering safepoint region: RevokeBias
[2022-06-13T03:23:35.068+0000][1][safepoint    ] Leaving safepoint region
[2022-06-13T03:23:35.068+0000][1][safepoint    ] Total time for which application threads were stopped: 0.0002399 seconds, Stopping threads took: 0.0001085 seconds
[2022-06-13T03:23:35.069+0000][1][safepoint    ] Application time: 0.0004324 seconds
[2022-06-13T03:23:35.069+0000][1][safepoint    ] Entering safepoint region: RevokeBias
[2022-06-13T03:23:35.069+0000][1][safepoint    ] Leaving safepoint region
[2022-06-13T03:23:35.069+0000][1][safepoint    ] Total time for which application threads were stopped: 0.0002651 seconds, Stopping threads took: 0.0001171 seconds
[2022-06-13T03:23:35.069+0000][1][safepoint    ] Application time: 0.0001600 seconds
[2022-06-13T03:23:35.070+0000][1][safepoint    ] Entering safepoint region: RevokeBias
[2022-06-13T03:23:35.070+0000][1][safepoint    ] Leaving safepoint region
[2022-06-13T03:23:35.070+0000][1][safepoint    ] Total time for which application threads were stopped: 0.0002798 seconds, Stopping threads took: 0.0001751 seconds
[2022-06-13T03:23:35.070+0000][1][safepoint    ] Application time: 0.0001961 seconds
[2022-06-13T03:23:35.070+0000][1][safepoint    ] Entering safepoint region: RevokeBias
[2022-06-13T03:23:35.070+0000][1][safepoint    ] Leaving safepoint region
[2022-06-13T03:23:35.071+0000][1][safepoint    ] Total time for which application threads were stopped: 0.0003087 seconds, Stopping threads took: 0.0001682 seconds
[2022-06-13T03:23:35.071+0000][1][safepoint    ] Application time: 0.0004370 seconds
[2022-06-13T03:23:35.071+0000][1][safepoint    ] Entering safepoint region: RevokeBias
[2022-06-13T03:23:35.072+0000][1][safepoint    ] Leaving safepoint region
[2022-06-13T03:23:35.072+0000][1][safepoint    ] Total time for which application threads were stopped: 0.0003758 seconds, Stopping threads took: 0.0002481 seconds
[2022-06-13T03:23:35.072+0000][1][safepoint    ] Application time: 0.0002801 seconds
[2022-06-13T03:23:35.072+0000][1][safepoint    ] Entering safepoint region: RevokeBias
[2022-06-13T03:23:35.073+0000][1][safepoint    ] Leaving safepoint region
[2022-06-13T03:23:35.073+0000][1][safepoint    ] Total time for which application threads were stopped: 0.0002079 seconds, Stopping threads took: 0.0001048 seconds
[2022-06-13T03:23:35.073+0000][1][safepoint    ] Application time: 0.0002721 seconds
[2022-06-13T03:23:35.073+0000][1][safepoint    ] Entering safepoint region: RevokeBias
[2022-06-13T03:23:35.073+0000][1][safepoint    ] Leaving safepoint region
[2022-06-13T03:23:35.073+0000][1][safepoint    ] Total time for which application threads were stopped: 0.0003008 seconds, Stopping threads took: 0.0001754 seconds
[2022-06-13T03:23:35.074+0000][1][safepoint    ] Application time: 0.0005158 seconds
[2022-06-13T03:23:35.074+0000][1][safepoint    ] Entering safepoint region: RevokeBias
[2022-06-13T03:23:35.074+0000][1][safepoint    ] Leaving safepoint region
[2022-06-13T03:23:35.074+0000][1][safepoint    ] Total time for which application threads were stopped: 0.0003061 seconds, Stopping threads took: 0.0001553 seconds
[2022-06-13T03:23:35.075+0000][1][safepoint    ] Application time: 0.0002678 seconds
[2022-06-13T03:23:35.075+0000][1][safepoint    ] Entering safepoint region: RevokeBias
[2022-06-13T03:23:35.075+0000][1][safepoint    ] Leaving safepoint region
[2022-06-13T03:23:35.075+0000][1][safepoint    ] Total time for which application threads were stopped: 0.0002245 seconds, Stopping threads took: 0.0001234 seconds
[2022-06-13T03:23:35.076+0000][1][safepoint    ] Application time: 0.0006129 seconds
[2022-06-13T03:23:35.076+0000][1][safepoint    ] Entering safepoint region: RevokeBias
[2022-06-13T03:23:35.076+0000][1][safepoint    ] Leaving safepoint region
[2022-06-13T03:23:35.076+0000][1][safepoint    ] Total time for which application threads were stopped: 0.0002519 seconds, Stopping threads took: 0.0001212 seconds
[2022-06-13T03:23:35.077+0000][1][safepoint    ] Application time: 0.0002137 seconds
[2022-06-13T03:23:35.077+0000][1][safepoint    ] Entering safepoint region: RevokeBias
[2022-06-13T03:23:35.077+0000][1][safepoint    ] Leaving safepoint region
[2022-06-13T03:23:35.077+0000][1][safepoint    ] Total time for which application threads were stopped: 0.0002285 seconds, Stopping threads took: 0.0001244 seconds
[2022-06-13T03:23:35.077+0000][1][safepoint    ] Application time: 0.0001004 seconds
[2022-06-13T03:23:35.077+0000][1][safepoint    ] Entering safepoint region: RevokeBias
[2022-06-13T03:23:35.077+0000][1][safepoint    ] Leaving safepoint region
[2022-06-13T03:23:35.078+0000][1][safepoint    ] Total time for which application threads were stopped: 0.0002393 seconds, Stopping threads took: 0.0001225 seconds
[2022-06-13T03:23:35.078+0000][1][safepoint    ] Application time: 0.0004372 seconds
[2022-06-13T03:23:35.078+0000][1][safepoint    ] Entering safepoint region: RevokeBias
[2022-06-13T03:23:35.078+0000][1][safepoint    ] Leaving safepoint region
[2022-06-13T03:23:35.078+0000][1][safepoint    ] Total time for which application threads were stopped: 0.0002298 seconds, Stopping threads took: 0.0001149 seconds
[2022-06-13T03:23:35.080+0000][1][safepoint    ] Application time: 0.0013087 seconds
[2022-06-13T03:23:35.080+0000][1][safepoint    ] Entering safepoint region: RevokeBias
[2022-06-13T03:23:35.080+0000][1][safepoint    ] Leaving safepoint region
[2022-06-13T03:23:35.080+0000][1][safepoint    ] Total time for which application threads were stopped: 0.0002466 seconds, Stopping threads took: 0.0001224 seconds
[2022-06-13T03:23:35.080+0000][1][safepoint    ] Application time: 0.0000374 seconds
[2022-06-13T03:23:35.081+0000][1][safepoint    ] Entering safepoint region: RevokeBias
[2022-06-13T03:23:35.081+0000][1][safepoint    ] Leaving safepoint region
[2022-06-13T03:23:35.081+0000][1][safepoint    ] Total time for which application threads were stopped: 0.0002410 seconds, Stopping threads took: 0.0001054 seconds
[2022-06-13T03:23:35.081+0000][1][safepoint    ] Application time: 0.0001445 seconds
[2022-06-13T03:23:35.081+0000][1][safepoint    ] Entering safepoint region: RevokeBias
[2022-06-13T03:23:35.081+0000][1][safepoint    ] Leaving safepoint region
[2022-06-13T03:23:35.081+0000][1][safepoint    ] Total time for which application threads were stopped: 0.0003021 seconds, Stopping threads took: 0.0001701 seconds
[2022-06-13T03:23:35.082+0000][1][safepoint    ] Application time: 0.0001231 seconds
[2022-06-13T03:23:35.082+0000][1][safepoint    ] Entering safepoint region: RevokeBias
[2022-06-13T03:23:35.082+0000][1][safepoint    ] Leaving safepoint region
[2022-06-13T03:23:35.082+0000][1][safepoint    ] Total time for which application threads were stopped: 0.0005720 seconds, Stopping threads took: 0.0003284 seconds
[2022-06-13T03:23:35.083+0000][1][safepoint    ] Application time: 0.0001973 seconds
[2022-06-13T03:23:35.083+0000][1][safepoint    ] Entering safepoint region: RevokeBias
[2022-06-13T03:23:35.083+0000][1][safepoint    ] Leaving safepoint region
[2022-06-13T03:23:35.083+0000][1][safepoint    ] Total time for which application threads were stopped: 0.0002873 seconds, Stopping threads took: 0.0001396 seconds
[2022-06-13T03:23:35.086+0000][1][gc,heap,exit ] Heap
[2022-06-13T03:23:35.086+0000][1][gc,heap,exit ]  par new generation   total 78656K, used 33069K [0x00000000f0000000, 0x00000000f5550000, 0x00000000f5550000)
[2022-06-13T03:23:35.086+0000][1][gc,heap,exit ]   eden space 69952K,  37% used [0x00000000f0000000, 0x00000000f195a9b8, 0x00000000f4450000)
[2022-06-13T03:23:35.086+0000][1][gc,heap,exit ]   from space 8704K,  81% used [0x00000000f4450000, 0x00000000f4b40c20, 0x00000000f4cd0000)
[2022-06-13T03:23:35.086+0000][1][gc,heap,exit ]   to   space 8704K,   0% used [0x00000000f4cd0000, 0x00000000f4cd0000, 0x00000000f5550000)
[2022-06-13T03:23:35.086+0000][1][gc,heap,exit ]  concurrent mark-sweep generation total 174784K, used 62004K [0x00000000f5550000, 0x0000000100000000, 0x0000000100000000)
[2022-06-13T03:23:35.086+0000][1][gc,heap,exit ]  Metaspace       used 63643K, capacity 68448K, committed 68760K, reserved 1107968K
[2022-06-13T03:23:35.087+0000][1][gc,heap,exit ]   class space    used 8649K, capacity 10669K, committed 10756K, reserved 1048576K
[2022-06-13T03:23:35.087+0000][1][safepoint    ] Application time: 0.0036594 seconds
[2022-06-13T03:23:35.087+0000][1][safepoint    ] Entering safepoint region: Exit
