[2022-06-13T03:18:07.926+0000][1][gc] Using Concurrent Mark Sweep
[2022-06-13T03:18:07.927+0000][1][gc,heap,coops] Heap address: 0x00000000f0000000, size: 256 MB, Compressed Oops mode: 32-bit
[2022-06-13T03:18:07.954+0000][1][safepoint    ] Entering safepoint region: EnableBiasedLocking
[2022-06-13T03:18:07.954+0000][1][safepoint    ] Leaving safepoint region
[2022-06-13T03:18:07.954+0000][1][safepoint    ] Total time for which application threads were stopped: 0.0004314 seconds, Stopping threads took: 0.0002543 seconds
[2022-06-13T03:18:07.957+0000][1][safepoint    ] Application time: 0.0019817 seconds
[2022-06-13T03:18:07.957+0000][1][safepoint    ] Entering safepoint region: RevokeBias
[2022-06-13T03:18:07.957+0000][1][safepoint    ] Leaving safepoint region
[2022-06-13T03:18:07.957+0000][1][safepoint    ] Total time for which application threads were stopped: 0.0004097 seconds, Stopping threads took: 0.0002668 seconds
[2022-06-13T03:18:07.964+0000][1][safepoint    ] Application time: 0.0070496 seconds
[2022-06-13T03:18:07.964+0000][1][safepoint    ] Entering safepoint region: Deoptimize
[2022-06-13T03:18:07.964+0000][1][safepoint    ] Leaving safepoint region
[2022-06-13T03:18:07.965+0000][1][safepoint    ] Total time for which application threads were stopped: 0.0001959 seconds, Stopping threads took: 0.0000758 seconds
[2022-06-13T03:18:08.020+0000][1][safepoint    ] Application time: 0.0552756 seconds
[2022-06-13T03:18:08.020+0000][1][safepoint    ] Entering safepoint region: RevokeBias
[2022-06-13T03:18:08.020+0000][1][safepoint    ] Leaving safepoint region
[2022-06-13T03:18:08.020+0000][1][safepoint    ] Total time for which application threads were stopped: 0.0002713 seconds, Stopping threads took: 0.0001214 seconds
[2022-06-13T03:18:08.038+0000][1][safepoint    ] Application time: 0.0174928 seconds
[2022-06-13T03:18:08.039+0000][1][safepoint    ] Entering safepoint region: Deoptimize
[2022-06-13T03:18:08.039+0000][1][safepoint    ] Leaving safepoint region
[2022-06-13T03:18:08.039+0000][1][safepoint    ] Total time for which application threads were stopped: 0.0004026 seconds, Stopping threads took: 0.0002236 seconds
[2022-06-13T03:18:08.229+0000][1][safepoint    ] Application time: 0.1898551 seconds
[2022-06-13T03:18:08.229+0000][1][safepoint    ] Entering safepoint region: Deoptimize
[2022-06-13T03:18:08.230+0000][1][safepoint    ] Leaving safepoint region
[2022-06-13T03:18:08.230+0000][1][safepoint    ] Total time for which application threads were stopped: 0.0004754 seconds, Stopping threads took: 0.0001504 seconds
[2022-06-13T03:18:08.240+0000][1][safepoint    ] Application time: 0.0097006 seconds
[2022-06-13T03:18:08.240+0000][1][safepoint    ] Entering safepoint region: Deoptimize
[2022-06-13T03:18:08.240+0000][1][safepoint    ] Leaving safepoint region
[2022-06-13T03:18:08.240+0000][1][safepoint    ] Total time for which application threads were stopped: 0.0003191 seconds, Stopping threads took: 0.0001109 seconds
[2022-06-13T03:18:08.265+0000][1][safepoint    ] Application time: 0.0241141 seconds
[2022-06-13T03:18:08.265+0000][1][safepoint    ] Entering safepoint region: Deoptimize
[2022-06-13T03:18:08.265+0000][1][safepoint    ] Leaving safepoint region
[2022-06-13T03:18:08.265+0000][1][safepoint    ] Total time for which application threads were stopped: 0.0005087 seconds, Stopping threads took: 0.0001914 seconds
[2022-06-13T03:18:08.273+0000][1][safepoint    ] Application time: 0.0079468 seconds
[2022-06-13T03:18:08.274+0000][1][safepoint    ] Entering safepoint region: Deoptimize
[2022-06-13T03:18:08.274+0000][1][safepoint    ] Leaving safepoint region
[2022-06-13T03:18:08.274+0000][1][safepoint    ] Total time for which application threads were stopped: 0.0004629 seconds, Stopping threads took: 0.0001519 seconds
[2022-06-13T03:18:08.515+0000][1][safepoint    ] Application time: 0.2412907 seconds
[2022-06-13T03:18:08.516+0000][1][safepoint    ] Entering safepoint region: Deoptimize
[2022-06-13T03:18:08.516+0000][1][safepoint    ] Leaving safepoint region
[2022-06-13T03:18:08.516+0000][1][safepoint    ] Total time for which application threads were stopped: 0.0004898 seconds, Stopping threads took: 0.0001174 seconds
[2022-06-13T03:18:08.716+0000][1][safepoint    ] Application time: 0.1992198 seconds
[2022-06-13T03:18:08.716+0000][1][safepoint    ] Entering safepoint region: RevokeBias
[2022-06-13T03:18:08.716+0000][1][safepoint    ] Leaving safepoint region
[2022-06-13T03:18:08.716+0000][1][safepoint    ] Total time for which application threads were stopped: 0.0002855 seconds, Stopping threads took: 0.0001161 seconds
[2022-06-13T03:18:08.789+0000][1][safepoint    ] Application time: 0.0733109 seconds
[2022-06-13T03:18:08.790+0000][1][safepoint    ] Entering safepoint region: Deoptimize
[2022-06-13T03:18:08.790+0000][1][safepoint    ] Leaving safepoint region
[2022-06-13T03:18:08.790+0000][1][safepoint    ] Total time for which application threads were stopped: 0.0004971 seconds, Stopping threads took: 0.0001182 seconds
[2022-06-13T03:18:08.864+0000][1][safepoint    ] Application time: 0.0740682 seconds
[2022-06-13T03:18:08.865+0000][1][safepoint    ] Entering safepoint region: Deoptimize
[2022-06-13T03:18:08.865+0000][1][safepoint    ] Leaving safepoint region
[2022-06-13T03:18:08.865+0000][1][safepoint    ] Total time for which application threads were stopped: 0.0006170 seconds, Stopping threads took: 0.0001607 seconds
[2022-06-13T03:18:08.866+0000][1][safepoint    ] Application time: 0.0001863 seconds
[2022-06-13T03:18:08.866+0000][1][safepoint    ] Entering safepoint region: Deoptimize
[2022-06-13T03:18:08.866+0000][1][safepoint    ] Leaving safepoint region
[2022-06-13T03:18:08.866+0000][1][safepoint    ] Total time for which application threads were stopped: 0.0005021 seconds, Stopping threads took: 0.0001322 seconds
[2022-06-13T03:18:08.888+0000][1][safepoint    ] Application time: 0.0221127 seconds
[2022-06-13T03:18:08.889+0000][1][safepoint    ] Entering safepoint region: Deoptimize
[2022-06-13T03:18:08.889+0000][1][safepoint    ] Leaving safepoint region
[2022-06-13T03:18:08.889+0000][1][safepoint    ] Total time for which application threads were stopped: 0.0005634 seconds, Stopping threads took: 0.0001087 seconds
[2022-06-13T03:18:08.893+0000][1][safepoint    ] Application time: 0.0040407 seconds
[2022-06-13T03:18:08.894+0000][1][safepoint    ] Entering safepoint region: RevokeBias
[2022-06-13T03:18:08.894+0000][1][safepoint    ] Leaving safepoint region
[2022-06-13T03:18:08.894+0000][1][safepoint    ] Total time for which application threads were stopped: 0.0003194 seconds, Stopping threads took: 0.0001500 seconds
[2022-06-13T03:18:08.894+0000][1][safepoint    ] Application time: 0.0003136 seconds
[2022-06-13T03:18:08.895+0000][1][safepoint    ] Entering safepoint region: RevokeBias
[2022-06-13T03:18:08.895+0000][1][safepoint    ] Leaving safepoint region
[2022-06-13T03:18:08.895+0000][1][safepoint    ] Total time for which application threads were stopped: 0.0002918 seconds, Stopping threads took: 0.0001836 seconds
[2022-06-13T03:18:08.895+0000][1][safepoint    ] Application time: 0.0000660 seconds
[2022-06-13T03:18:08.895+0000][1][safepoint    ] Entering safepoint region: RevokeBias
[2022-06-13T03:18:08.895+0000][1][safepoint    ] Leaving safepoint region
[2022-06-13T03:18:08.895+0000][1][safepoint    ] Total time for which application threads were stopped: 0.0002621 seconds, Stopping threads took: 0.0001391 seconds
[2022-06-13T03:18:08.896+0000][1][safepoint    ] Application time: 0.0001194 seconds
[2022-06-13T03:18:08.896+0000][1][safepoint    ] Entering safepoint region: RevokeBias
[2022-06-13T03:18:08.896+0000][1][safepoint    ] Leaving safepoint region
[2022-06-13T03:18:08.896+0000][1][safepoint    ] Total time for which application threads were stopped: 0.0003294 seconds, Stopping threads took: 0.0001803 seconds
[2022-06-13T03:18:08.896+0000][1][safepoint    ] Application time: 0.0001956 seconds
[2022-06-13T03:18:08.897+0000][1][safepoint    ] Entering safepoint region: RevokeBias
[2022-06-13T03:18:08.897+0000][1][safepoint    ] Leaving safepoint region
[2022-06-13T03:18:08.897+0000][1][safepoint    ] Total time for which application threads were stopped: 0.0002511 seconds, Stopping threads took: 0.0001248 seconds
[2022-06-13T03:18:08.901+0000][1][safepoint    ] Application time: 0.0041368 seconds
[2022-06-13T03:18:08.901+0000][1][safepoint    ] Entering safepoint region: Deoptimize
[2022-06-13T03:18:08.902+0000][1][safepoint    ] Leaving safepoint region
[2022-06-13T03:18:08.902+0000][1][safepoint    ] Total time for which application threads were stopped: 0.0005731 seconds, Stopping threads took: 0.0001684 seconds
[2022-06-13T03:18:08.927+0000][1][safepoint    ] Application time: 0.0254360 seconds
[2022-06-13T03:18:08.928+0000][1][safepoint    ] Entering safepoint region: RevokeBias
[2022-06-13T03:18:08.928+0000][1][safepoint    ] Leaving safepoint region
[2022-06-13T03:18:08.928+0000][1][safepoint    ] Total time for which application threads were stopped: 0.0004110 seconds, Stopping threads took: 0.0002234 seconds
[2022-06-13T03:18:08.958+0000][1][safepoint    ] Application time: 0.0301536 seconds
[2022-06-13T03:18:08.959+0000][1][safepoint    ] Entering safepoint region: GenCollectForAllocation
[2022-06-13T03:18:08.959+0000][1][gc,start     ] GC(0) Pause Young (Allocation Failure)
[2022-06-13T03:18:08.960+0000][1][gc,task      ] GC(0) Using 5 workers of 13 for evacuation
[2022-06-13T03:18:08.965+0000][1][gc,age       ] GC(0) Desired survivor size 4456448 bytes, new threshold 1 (max threshold 6)
[2022-06-13T03:18:08.965+0000][1][gc,age       ] GC(0) Age table with threshold 1 (max threshold 6)
[2022-06-13T03:18:08.965+0000][1][gc,age       ] GC(0) - age   1:    8138840 bytes,    8138840 total
[2022-06-13T03:18:08.966+0000][1][gc,heap      ] GC(0) ParNew: 69952K->8059K(78656K)
[2022-06-13T03:18:08.966+0000][1][gc,heap      ] GC(0) CMS: 0K->0K(174784K)
[2022-06-13T03:18:08.966+0000][1][gc,metaspace ] GC(0) Metaspace: 12358K->12358K(1060864K)
[2022-06-13T03:18:08.966+0000][1][gc           ] GC(0) Pause Young (Allocation Failure) 68M->7M(247M) 7.040ms
[2022-06-13T03:18:08.966+0000][1][gc,cpu       ] GC(0) User=0.05s Sys=0.00s Real=0.01s
[2022-06-13T03:18:08.966+0000][1][safepoint    ] Leaving safepoint region
[2022-06-13T03:18:08.966+0000][1][safepoint    ] Total time for which application threads were stopped: 0.0077533 seconds, Stopping threads took: 0.0001979 seconds
[2022-06-13T03:18:08.967+0000][1][safepoint    ] Application time: 0.0002480 seconds
[2022-06-13T03:18:08.967+0000][1][safepoint    ] Entering safepoint region: RevokeBias
[2022-06-13T03:18:08.967+0000][1][safepoint    ] Leaving safepoint region
[2022-06-13T03:18:08.967+0000][1][safepoint    ] Total time for which application threads were stopped: 0.0004155 seconds, Stopping threads took: 0.0001884 seconds
[2022-06-13T03:18:08.968+0000][1][safepoint    ] Application time: 0.0001487 seconds
[2022-06-13T03:18:08.968+0000][1][safepoint    ] Entering safepoint region: RevokeBias
[2022-06-13T03:18:08.968+0000][1][safepoint    ] Leaving safepoint region
[2022-06-13T03:18:08.968+0000][1][safepoint    ] Total time for which application threads were stopped: 0.0003973 seconds, Stopping threads took: 0.0002209 seconds
[2022-06-13T03:18:08.968+0000][1][safepoint    ] Application time: 0.0000940 seconds
[2022-06-13T03:18:08.969+0000][1][safepoint    ] Entering safepoint region: RevokeBias
[2022-06-13T03:18:08.969+0000][1][safepoint    ] Leaving safepoint region
[2022-06-13T03:18:08.969+0000][1][safepoint    ] Total time for which application threads were stopped: 0.0002754 seconds, Stopping threads took: 0.0001543 seconds
[2022-06-13T03:18:08.969+0000][1][safepoint    ] Application time: 0.0000872 seconds
[2022-06-13T03:18:08.969+0000][1][safepoint    ] Entering safepoint region: RevokeBias
[2022-06-13T03:18:08.969+0000][1][safepoint    ] Leaving safepoint region
[2022-06-13T03:18:08.969+0000][1][safepoint    ] Total time for which application threads were stopped: 0.0002421 seconds, Stopping threads took: 0.0001295 seconds
[2022-06-13T03:18:08.970+0000][1][safepoint    ] Application time: 0.0000822 seconds
[2022-06-13T03:18:08.970+0000][1][safepoint    ] Entering safepoint region: RevokeBias
[2022-06-13T03:18:08.970+0000][1][safepoint    ] Leaving safepoint region
[2022-06-13T03:18:08.970+0000][1][safepoint    ] Total time for which application threads were stopped: 0.0003078 seconds, Stopping threads took: 0.0001644 seconds
[2022-06-13T03:18:08.970+0000][1][safepoint    ] Application time: 0.0000810 seconds
[2022-06-13T03:18:08.970+0000][1][safepoint    ] Entering safepoint region: RevokeBias
[2022-06-13T03:18:08.971+0000][1][safepoint    ] Leaving safepoint region
[2022-06-13T03:18:08.971+0000][1][safepoint    ] Total time for which application threads were stopped: 0.0003118 seconds, Stopping threads took: 0.0001557 seconds
[2022-06-13T03:18:08.971+0000][1][safepoint    ] Application time: 0.0001125 seconds
[2022-06-13T03:18:08.971+0000][1][safepoint    ] Entering safepoint region: RevokeBias
[2022-06-13T03:18:08.971+0000][1][safepoint    ] Leaving safepoint region
[2022-06-13T03:18:08.971+0000][1][safepoint    ] Total time for which application threads were stopped: 0.0003385 seconds, Stopping threads took: 0.0002121 seconds
[2022-06-13T03:18:08.972+0000][1][safepoint    ] Application time: 0.0000847 seconds
[2022-06-13T03:18:08.972+0000][1][safepoint    ] Entering safepoint region: RevokeBias
[2022-06-13T03:18:08.972+0000][1][safepoint    ] Leaving safepoint region
[2022-06-13T03:18:08.972+0000][1][safepoint    ] Total time for which application threads were stopped: 0.0002803 seconds, Stopping threads took: 0.0001346 seconds
[2022-06-13T03:18:08.972+0000][1][safepoint    ] Application time: 0.0001139 seconds
[2022-06-13T03:18:08.973+0000][1][safepoint    ] Entering safepoint region: RevokeBias
[2022-06-13T03:18:08.973+0000][1][safepoint    ] Leaving safepoint region
[2022-06-13T03:18:08.973+0000][1][safepoint    ] Total time for which application threads were stopped: 0.0003487 seconds, Stopping threads took: 0.0001984 seconds
[2022-06-13T03:18:08.973+0000][1][safepoint    ] Application time: 0.0000710 seconds
[2022-06-13T03:18:08.973+0000][1][safepoint    ] Entering safepoint region: RevokeBias
[2022-06-13T03:18:08.973+0000][1][safepoint    ] Leaving safepoint region
[2022-06-13T03:18:08.973+0000][1][safepoint    ] Total time for which application threads were stopped: 0.0002612 seconds, Stopping threads took: 0.0001122 seconds
[2022-06-13T03:18:08.973+0000][1][safepoint    ] Application time: 0.0000868 seconds
[2022-06-13T03:18:08.974+0000][1][safepoint    ] Entering safepoint region: RevokeBias
[2022-06-13T03:18:08.974+0000][1][safepoint    ] Leaving safepoint region
[2022-06-13T03:18:08.974+0000][1][safepoint    ] Total time for which application threads were stopped: 0.0003185 seconds, Stopping threads took: 0.0001694 seconds
[2022-06-13T03:18:08.974+0000][1][safepoint    ] Application time: 0.0000707 seconds
[2022-06-13T03:18:08.974+0000][1][safepoint    ] Entering safepoint region: RevokeBias
[2022-06-13T03:18:08.974+0000][1][safepoint    ] Leaving safepoint region
[2022-06-13T03:18:08.974+0000][1][safepoint    ] Total time for which application threads were stopped: 0.0002787 seconds, Stopping threads took: 0.0001419 seconds
[2022-06-13T03:18:08.975+0000][1][safepoint    ] Application time: 0.0001438 seconds
[2022-06-13T03:18:08.975+0000][1][safepoint    ] Entering safepoint region: RevokeBias
[2022-06-13T03:18:08.975+0000][1][safepoint    ] Leaving safepoint region
[2022-06-13T03:18:08.975+0000][1][safepoint    ] Total time for which application threads were stopped: 0.0002731 seconds, Stopping threads took: 0.0001301 seconds
[2022-06-13T03:18:08.975+0000][1][safepoint    ] Application time: 0.0000706 seconds
[2022-06-13T03:18:08.976+0000][1][safepoint    ] Entering safepoint region: RevokeBias
[2022-06-13T03:18:08.976+0000][1][safepoint    ] Leaving safepoint region
[2022-06-13T03:18:08.976+0000][1][safepoint    ] Total time for which application threads were stopped: 0.0002954 seconds, Stopping threads took: 0.0001765 seconds
[2022-06-13T03:18:08.976+0000][1][safepoint    ] Application time: 0.0000791 seconds
[2022-06-13T03:18:08.976+0000][1][safepoint    ] Entering safepoint region: RevokeBias
[2022-06-13T03:18:08.976+0000][1][safepoint    ] Leaving safepoint region
[2022-06-13T03:18:08.976+0000][1][safepoint    ] Total time for which application threads were stopped: 0.0002488 seconds, Stopping threads took: 0.0001355 seconds
[2022-06-13T03:18:08.976+0000][1][safepoint    ] Application time: 0.0000619 seconds
[2022-06-13T03:18:08.977+0000][1][safepoint    ] Entering safepoint region: RevokeBias
[2022-06-13T03:18:08.977+0000][1][safepoint    ] Leaving safepoint region
[2022-06-13T03:18:08.977+0000][1][safepoint    ] Total time for which application threads were stopped: 0.0003018 seconds, Stopping threads took: 0.0001457 seconds
[2022-06-13T03:18:08.977+0000][1][safepoint    ] Application time: 0.0001052 seconds
[2022-06-13T03:18:08.977+0000][1][safepoint    ] Entering safepoint region: RevokeBias
[2022-06-13T03:18:08.977+0000][1][safepoint    ] Leaving safepoint region
[2022-06-13T03:18:08.978+0000][1][safepoint    ] Total time for which application threads were stopped: 0.0003664 seconds, Stopping threads took: 0.0002087 seconds
[2022-06-13T03:18:08.978+0000][1][safepoint    ] Application time: 0.0000739 seconds
[2022-06-13T03:18:08.978+0000][1][safepoint    ] Entering safepoint region: RevokeBias
[2022-06-13T03:18:08.978+0000][1][safepoint    ] Leaving safepoint region
[2022-06-13T03:18:08.978+0000][1][safepoint    ] Total time for which application threads were stopped: 0.0002958 seconds, Stopping threads took: 0.0001328 seconds
[2022-06-13T03:18:08.978+0000][1][safepoint    ] Application time: 0.0000854 seconds
[2022-06-13T03:18:08.979+0000][1][safepoint    ] Entering safepoint region: RevokeBias
[2022-06-13T03:18:08.979+0000][1][safepoint    ] Leaving safepoint region
[2022-06-13T03:18:08.979+0000][1][safepoint    ] Total time for which application threads were stopped: 0.0003439 seconds, Stopping threads took: 0.0001819 seconds
[2022-06-13T03:18:08.979+0000][1][safepoint    ] Application time: 0.0000697 seconds
[2022-06-13T03:18:08.979+0000][1][safepoint    ] Entering safepoint region: RevokeBias
[2022-06-13T03:18:08.979+0000][1][safepoint    ] Leaving safepoint region
[2022-06-13T03:18:08.980+0000][1][safepoint    ] Total time for which application threads were stopped: 0.0003550 seconds, Stopping threads took: 0.0001889 seconds
[2022-06-13T03:18:08.980+0000][1][safepoint    ] Application time: 0.0001033 seconds
[2022-06-13T03:18:08.980+0000][1][safepoint    ] Entering safepoint region: RevokeBias
[2022-06-13T03:18:08.980+0000][1][safepoint    ] Leaving safepoint region
[2022-06-13T03:18:08.980+0000][1][safepoint    ] Total time for which application threads were stopped: 0.0003820 seconds, Stopping threads took: 0.0002182 seconds
[2022-06-13T03:18:08.981+0000][1][safepoint    ] Application time: 0.0000748 seconds
[2022-06-13T03:18:08.981+0000][1][safepoint    ] Entering safepoint region: RevokeBias
[2022-06-13T03:18:08.981+0000][1][safepoint    ] Leaving safepoint region
[2022-06-13T03:18:08.981+0000][1][safepoint    ] Total time for which application threads were stopped: 0.0003011 seconds, Stopping threads took: 0.0001316 seconds
[2022-06-13T03:18:08.981+0000][1][safepoint    ] Application time: 0.0000908 seconds
[2022-06-13T03:18:08.981+0000][1][safepoint    ] Entering safepoint region: RevokeBias
[2022-06-13T03:18:08.982+0000][1][safepoint    ] Leaving safepoint region
[2022-06-13T03:18:08.982+0000][1][safepoint    ] Total time for which application threads were stopped: 0.0002950 seconds, Stopping threads took: 0.0001804 seconds
[2022-06-13T03:18:08.982+0000][1][safepoint    ] Application time: 0.0000684 seconds
[2022-06-13T03:18:08.982+0000][1][safepoint    ] Entering safepoint region: RevokeBias
[2022-06-13T03:18:08.982+0000][1][safepoint    ] Leaving safepoint region
[2022-06-13T03:18:08.982+0000][1][safepoint    ] Total time for which application threads were stopped: 0.0002415 seconds, Stopping threads took: 0.0001115 seconds
[2022-06-13T03:18:08.982+0000][1][safepoint    ] Application time: 0.0000992 seconds
[2022-06-13T03:18:08.983+0000][1][safepoint    ] Entering safepoint region: RevokeBias
[2022-06-13T03:18:08.983+0000][1][safepoint    ] Leaving safepoint region
[2022-06-13T03:18:08.983+0000][1][safepoint    ] Total time for which application threads were stopped: 0.0003437 seconds, Stopping threads took: 0.0001902 seconds
[2022-06-13T03:18:08.983+0000][1][safepoint    ] Application time: 0.0000887 seconds
[2022-06-13T03:18:08.983+0000][1][safepoint    ] Entering safepoint region: RevokeBias
[2022-06-13T03:18:08.983+0000][1][safepoint    ] Leaving safepoint region
[2022-06-13T03:18:08.983+0000][1][safepoint    ] Total time for which application threads were stopped: 0.0002993 seconds, Stopping threads took: 0.0001561 seconds
[2022-06-13T03:18:09.116+0000][1][safepoint    ] Application time: 0.1327714 seconds
[2022-06-13T03:18:09.117+0000][1][safepoint    ] Entering safepoint region: Deoptimize
[2022-06-13T03:18:09.117+0000][1][safepoint    ] Leaving safepoint region
[2022-06-13T03:18:09.117+0000][1][safepoint    ] Total time for which application threads were stopped: 0.0007077 seconds, Stopping threads took: 0.0001460 seconds
[2022-06-13T03:18:09.238+0000][1][safepoint    ] Application time: 0.1206913 seconds
[2022-06-13T03:18:09.238+0000][1][safepoint    ] Entering safepoint region: RevokeBias
[2022-06-13T03:18:09.239+0000][1][safepoint    ] Leaving safepoint region
[2022-06-13T03:18:09.239+0000][1][safepoint    ] Total time for which application threads were stopped: 0.0005657 seconds, Stopping threads took: 0.0003502 seconds
[2022-06-13T03:18:09.296+0000][1][safepoint    ] Application time: 0.0574455 seconds
[2022-06-13T03:18:09.297+0000][1][safepoint    ] Entering safepoint region: RevokeBias
[2022-06-13T03:18:09.297+0000][1][safepoint    ] Leaving safepoint region
[2022-06-13T03:18:09.297+0000][1][safepoint    ] Total time for which application threads were stopped: 0.0003850 seconds, Stopping threads took: 0.0001763 seconds
[2022-06-13T03:18:09.299+0000][1][safepoint    ] Application time: 0.0014257 seconds
[2022-06-13T03:18:09.299+0000][1][safepoint    ] Entering safepoint region: RevokeBias
[2022-06-13T03:18:09.299+0000][1][safepoint    ] Leaving safepoint region
[2022-06-13T03:18:09.299+0000][1][safepoint    ] Total time for which application threads were stopped: 0.0003604 seconds, Stopping threads took: 0.0001416 seconds
[2022-06-13T03:18:09.314+0000][1][safepoint    ] Application time: 0.0148196 seconds
[2022-06-13T03:18:09.314+0000][1][safepoint    ] Entering safepoint region: GenCollectForAllocation
[2022-06-13T03:18:09.315+0000][1][gc,start     ] GC(1) Pause Young (Allocation Failure)
[2022-06-13T03:18:09.315+0000][1][gc,task      ] GC(1) Using 5 workers of 13 for evacuation
[2022-06-13T03:18:09.325+0000][1][gc,age       ] GC(1) Desired survivor size 4456448 bytes, new threshold 6 (max threshold 6)
[2022-06-13T03:18:09.326+0000][1][gc,age       ] GC(1) Age table with threshold 6 (max threshold 6)
[2022-06-13T03:18:09.326+0000][1][gc,age       ] GC(1) - age   1:    1960944 bytes,    1960944 total
[2022-06-13T03:18:09.326+0000][1][gc,heap      ] GC(1) ParNew: 78011K->5368K(78656K)
[2022-06-13T03:18:09.326+0000][1][gc,heap      ] GC(1) CMS: 0K->6690K(174784K)
[2022-06-13T03:18:09.326+0000][1][gc,metaspace ] GC(1) Metaspace: 14960K->14960K(1062912K)
[2022-06-13T03:18:09.326+0000][1][gc           ] GC(1) Pause Young (Allocation Failure) 76M->11M(247M) 11.710ms
[2022-06-13T03:18:09.326+0000][1][gc,cpu       ] GC(1) User=0.06s Sys=0.00s Real=0.01s
[2022-06-13T03:18:09.327+0000][1][safepoint    ] Leaving safepoint region
[2022-06-13T03:18:09.327+0000][1][safepoint    ] Total time for which application threads were stopped: 0.0122559 seconds, Stopping threads took: 0.0001104 seconds
[2022-06-13T03:18:09.327+0000][1][safepoint    ] Application time: 0.0001872 seconds
[2022-06-13T03:18:09.327+0000][1][safepoint    ] Entering safepoint region: RevokeBias
[2022-06-13T03:18:09.327+0000][1][safepoint    ] Leaving safepoint region
[2022-06-13T03:18:09.328+0000][1][safepoint    ] Total time for which application threads were stopped: 0.0003955 seconds, Stopping threads took: 0.0001932 seconds
[2022-06-13T03:18:09.328+0000][1][safepoint    ] Application time: 0.0000907 seconds
[2022-06-13T03:18:09.328+0000][1][safepoint    ] Entering safepoint region: RevokeBias
[2022-06-13T03:18:09.328+0000][1][safepoint    ] Leaving safepoint region
[2022-06-13T03:18:09.328+0000][1][safepoint    ] Total time for which application threads were stopped: 0.0003194 seconds, Stopping threads took: 0.0001615 seconds
[2022-06-13T03:18:09.328+0000][1][safepoint    ] Application time: 0.0001049 seconds
[2022-06-13T03:18:09.329+0000][1][safepoint    ] Entering safepoint region: RevokeBias
[2022-06-13T03:18:09.329+0000][1][safepoint    ] Leaving safepoint region
[2022-06-13T03:18:09.329+0000][1][safepoint    ] Total time for which application threads were stopped: 0.0003687 seconds, Stopping threads took: 0.0001816 seconds
[2022-06-13T03:18:09.329+0000][1][safepoint    ] Application time: 0.0000838 seconds
[2022-06-13T03:18:09.329+0000][1][safepoint    ] Entering safepoint region: RevokeBias
[2022-06-13T03:18:09.330+0000][1][safepoint    ] Leaving safepoint region
[2022-06-13T03:18:09.330+0000][1][safepoint    ] Total time for which application threads were stopped: 0.0003005 seconds, Stopping threads took: 0.0001441 seconds
[2022-06-13T03:18:09.330+0000][1][safepoint    ] Application time: 0.0000878 seconds
[2022-06-13T03:18:09.330+0000][1][safepoint    ] Entering safepoint region: RevokeBias
[2022-06-13T03:18:09.330+0000][1][safepoint    ] Leaving safepoint region
[2022-06-13T03:18:09.330+0000][1][safepoint    ] Total time for which application threads were stopped: 0.0003258 seconds, Stopping threads took: 0.0001856 seconds
[2022-06-13T03:18:09.331+0000][1][safepoint    ] Application time: 0.0000885 seconds
[2022-06-13T03:18:09.331+0000][1][safepoint    ] Entering safepoint region: RevokeBias
[2022-06-13T03:18:09.331+0000][1][safepoint    ] Leaving safepoint region
[2022-06-13T03:18:09.331+0000][1][safepoint    ] Total time for which application threads were stopped: 0.0003319 seconds, Stopping threads took: 0.0001710 seconds
[2022-06-13T03:18:09.331+0000][1][safepoint    ] Application time: 0.0000911 seconds
[2022-06-13T03:18:09.331+0000][1][safepoint    ] Entering safepoint region: RevokeBias
[2022-06-13T03:18:09.331+0000][1][safepoint    ] Leaving safepoint region
[2022-06-13T03:18:09.332+0000][1][safepoint    ] Total time for which application threads were stopped: 0.0002376 seconds, Stopping threads took: 0.0001104 seconds
[2022-06-13T03:18:09.332+0000][1][safepoint    ] Application time: 0.0000884 seconds
[2022-06-13T03:18:09.332+0000][1][safepoint    ] Entering safepoint region: RevokeBias
[2022-06-13T03:18:09.332+0000][1][safepoint    ] Leaving safepoint region
[2022-06-13T03:18:09.332+0000][1][safepoint    ] Total time for which application threads were stopped: 0.0003089 seconds, Stopping threads took: 0.0001377 seconds
[2022-06-13T03:18:09.333+0000][1][safepoint    ] Application time: 0.0002038 seconds
[2022-06-13T03:18:09.333+0000][1][safepoint    ] Entering safepoint region: RevokeBias
[2022-06-13T03:18:09.333+0000][1][safepoint    ] Leaving safepoint region
[2022-06-13T03:18:09.333+0000][1][safepoint    ] Total time for which application threads were stopped: 0.0002523 seconds, Stopping threads took: 0.0001421 seconds
[2022-06-13T03:18:09.333+0000][1][safepoint    ] Application time: 0.0000711 seconds
[2022-06-13T03:18:09.333+0000][1][safepoint    ] Entering safepoint region: RevokeBias
[2022-06-13T03:18:09.333+0000][1][safepoint    ] Leaving safepoint region
[2022-06-13T03:18:09.333+0000][1][safepoint    ] Total time for which application threads were stopped: 0.0001906 seconds, Stopping threads took: 0.0000823 seconds
[2022-06-13T03:18:09.333+0000][1][safepoint    ] Application time: 0.0000831 seconds
[2022-06-13T03:18:09.334+0000][1][safepoint    ] Entering safepoint region: BulkRevokeBias
[2022-06-13T03:18:09.334+0000][1][safepoint    ] Leaving safepoint region
[2022-06-13T03:18:09.334+0000][1][safepoint    ] Total time for which application threads were stopped: 0.0002931 seconds, Stopping threads took: 0.0001416 seconds
[2022-06-13T03:18:09.334+0000][1][safepoint    ] Application time: 0.0000723 seconds
[2022-06-13T03:18:09.334+0000][1][safepoint    ] Entering safepoint region: RevokeBias
[2022-06-13T03:18:09.334+0000][1][safepoint    ] Leaving safepoint region
[2022-06-13T03:18:09.334+0000][1][safepoint    ] Total time for which application threads were stopped: 0.0002521 seconds, Stopping threads took: 0.0001100 seconds
[2022-06-13T03:18:09.335+0000][1][safepoint    ] Application time: 0.0000870 seconds
[2022-06-13T03:18:09.335+0000][1][safepoint    ] Entering safepoint region: BulkRevokeBias
[2022-06-13T03:18:09.335+0000][1][safepoint    ] Leaving safepoint region
[2022-06-13T03:18:09.335+0000][1][safepoint    ] Total time for which application threads were stopped: 0.0002528 seconds, Stopping threads took: 0.0001215 seconds
[2022-06-13T03:18:09.406+0000][1][safepoint    ] Application time: 0.0711994 seconds
[2022-06-13T03:18:09.407+0000][1][safepoint    ] Entering safepoint region: GenCollectForAllocation
[2022-06-13T03:18:09.407+0000][1][gc,start     ] GC(2) Pause Young (Allocation Failure)
[2022-06-13T03:18:09.407+0000][1][gc,task      ] GC(2) Using 5 workers of 13 for evacuation
[2022-06-13T03:18:09.410+0000][1][gc,age       ] GC(2) Desired survivor size 4456448 bytes, new threshold 6 (max threshold 6)
[2022-06-13T03:18:09.410+0000][1][gc,age       ] GC(2) Age table with threshold 6 (max threshold 6)
[2022-06-13T03:18:09.410+0000][1][gc,age       ] GC(2) - age   1:    2605280 bytes,    2605280 total
[2022-06-13T03:18:09.410+0000][1][gc,age       ] GC(2) - age   2:    1181168 bytes,    3786448 total
[2022-06-13T03:18:09.410+0000][1][gc,heap      ] GC(2) ParNew: 75320K->4734K(78656K)
[2022-06-13T03:18:09.410+0000][1][gc,heap      ] GC(2) CMS: 6690K->6690K(174784K)
[2022-06-13T03:18:09.410+0000][1][gc,metaspace ] GC(2) Metaspace: 15098K->15098K(1062912K)
[2022-06-13T03:18:09.410+0000][1][gc           ] GC(2) Pause Young (Allocation Failure) 80M->11M(247M) 3.532ms
[2022-06-13T03:18:09.411+0000][1][gc,cpu       ] GC(2) User=0.04s Sys=0.00s Real=0.01s
[2022-06-13T03:18:09.411+0000][1][safepoint    ] Leaving safepoint region
[2022-06-13T03:18:09.411+0000][1][safepoint    ] Total time for which application threads were stopped: 0.0042446 seconds, Stopping threads took: 0.0002150 seconds
[2022-06-13T03:18:09.411+0000][1][safepoint    ] Application time: 0.0001761 seconds
[2022-06-13T03:18:09.411+0000][1][safepoint    ] Entering safepoint region: RevokeBias
[2022-06-13T03:18:09.411+0000][1][safepoint    ] Leaving safepoint region
[2022-06-13T03:18:09.412+0000][1][safepoint    ] Total time for which application threads were stopped: 0.0002959 seconds, Stopping threads took: 0.0001505 seconds
[2022-06-13T03:18:09.412+0000][1][safepoint    ] Application time: 0.0000975 seconds
[2022-06-13T03:18:09.412+0000][1][safepoint    ] Entering safepoint region: RevokeBias
[2022-06-13T03:18:09.412+0000][1][safepoint    ] Leaving safepoint region
[2022-06-13T03:18:09.412+0000][1][safepoint    ] Total time for which application threads were stopped: 0.0002596 seconds, Stopping threads took: 0.0001245 seconds
[2022-06-13T03:18:09.412+0000][1][safepoint    ] Application time: 0.0000957 seconds
[2022-06-13T03:18:09.412+0000][1][safepoint    ] Entering safepoint region: RevokeBias
[2022-06-13T03:18:09.413+0000][1][safepoint    ] Leaving safepoint region
[2022-06-13T03:18:09.413+0000][1][safepoint    ] Total time for which application threads were stopped: 0.0003380 seconds, Stopping threads took: 0.0001511 seconds
[2022-06-13T03:18:09.413+0000][1][safepoint    ] Application time: 0.0000697 seconds
[2022-06-13T03:18:09.413+0000][1][safepoint    ] Entering safepoint region: RevokeBias
[2022-06-13T03:18:09.413+0000][1][safepoint    ] Leaving safepoint region
[2022-06-13T03:18:09.414+0000][1][safepoint    ] Total time for which application threads were stopped: 0.0004868 seconds, Stopping threads took: 0.0001603 seconds
[2022-06-13T03:18:09.414+0000][1][safepoint    ] Application time: 0.0000818 seconds
[2022-06-13T03:18:09.414+0000][1][safepoint    ] Entering safepoint region: RevokeBias
[2022-06-13T03:18:09.414+0000][1][safepoint    ] Leaving safepoint region
[2022-06-13T03:18:09.414+0000][1][safepoint    ] Total time for which application threads were stopped: 0.0003013 seconds, Stopping threads took: 0.0001670 seconds
[2022-06-13T03:18:09.414+0000][1][safepoint    ] Application time: 0.0000769 seconds
[2022-06-13T03:18:09.415+0000][1][safepoint    ] Entering safepoint region: RevokeBias
[2022-06-13T03:18:09.415+0000][1][safepoint    ] Leaving safepoint region
[2022-06-13T03:18:09.415+0000][1][safepoint    ] Total time for which application threads were stopped: 0.0002996 seconds, Stopping threads took: 0.0001200 seconds
[2022-06-13T03:18:09.512+0000][1][safepoint    ] Application time: 0.0971592 seconds
[2022-06-13T03:18:09.512+0000][1][safepoint    ] Entering safepoint region: Deoptimize
[2022-06-13T03:18:09.513+0000][1][safepoint    ] Leaving safepoint region
[2022-06-13T03:18:09.513+0000][1][safepoint    ] Total time for which application threads were stopped: 0.0009379 seconds, Stopping threads took: 0.0002242 seconds
[2022-06-13T03:18:09.514+0000][1][safepoint    ] Application time: 0.0004972 seconds
[2022-06-13T03:18:09.514+0000][1][safepoint    ] Entering safepoint region: Deoptimize
[2022-06-13T03:18:09.515+0000][1][safepoint    ] Leaving safepoint region
[2022-06-13T03:18:09.515+0000][1][safepoint    ] Total time for which application threads were stopped: 0.0006602 seconds, Stopping threads took: 0.0001380 seconds
[2022-06-13T03:18:09.646+0000][1][safepoint    ] Application time: 0.1314603 seconds
[2022-06-13T03:18:09.647+0000][1][safepoint    ] Entering safepoint region: GenCollectForAllocation
[2022-06-13T03:18:09.647+0000][1][gc,start     ] GC(3) Pause Young (Allocation Failure)
[2022-06-13T03:18:09.647+0000][1][gc,task      ] GC(3) Using 5 workers of 13 for evacuation
[2022-06-13T03:18:09.649+0000][1][gc,age       ] GC(3) Desired survivor size 4456448 bytes, new threshold 3 (max threshold 6)
[2022-06-13T03:18:09.649+0000][1][gc,age       ] GC(3) Age table with threshold 3 (max threshold 6)
[2022-06-13T03:18:09.650+0000][1][gc,age       ] GC(3) - age   1:    3233424 bytes,    3233424 total
[2022-06-13T03:18:09.650+0000][1][gc,age       ] GC(3) - age   2:     319456 bytes,    3552880 total
[2022-06-13T03:18:09.650+0000][1][gc,age       ] GC(3) - age   3:    1178152 bytes,    4731032 total
[2022-06-13T03:18:09.650+0000][1][gc,heap      ] GC(3) ParNew: 74686K->5817K(78656K)
[2022-06-13T03:18:09.650+0000][1][gc,heap      ] GC(3) CMS: 6690K->6690K(174784K)
[2022-06-13T03:18:09.650+0000][1][gc,metaspace ] GC(3) Metaspace: 18474K->18474K(1067008K)
[2022-06-13T03:18:09.650+0000][1][gc           ] GC(3) Pause Young (Allocation Failure) 79M->12M(247M) 3.279ms
[2022-06-13T03:18:09.650+0000][1][gc,cpu       ] GC(3) User=0.03s Sys=0.00s Real=0.01s
[2022-06-13T03:18:09.650+0000][1][safepoint    ] Leaving safepoint region
[2022-06-13T03:18:09.650+0000][1][safepoint    ] Total time for which application threads were stopped: 0.0037666 seconds, Stopping threads took: 0.0001365 seconds
[2022-06-13T03:18:09.651+0000][1][safepoint    ] Application time: 0.0002133 seconds
[2022-06-13T03:18:09.651+0000][1][safepoint    ] Entering safepoint region: RevokeBias
[2022-06-13T03:18:09.651+0000][1][safepoint    ] Leaving safepoint region
[2022-06-13T03:18:09.651+0000][1][safepoint    ] Total time for which application threads were stopped: 0.0002705 seconds, Stopping threads took: 0.0000964 seconds
[2022-06-13T03:18:09.651+0000][1][safepoint    ] Application time: 0.0000858 seconds
[2022-06-13T03:18:09.652+0000][1][safepoint    ] Entering safepoint region: RevokeBias
[2022-06-13T03:18:09.652+0000][1][safepoint    ] Leaving safepoint region
[2022-06-13T03:18:09.652+0000][1][safepoint    ] Total time for which application threads were stopped: 0.0004467 seconds, Stopping threads took: 0.0002968 seconds
[2022-06-13T03:18:09.652+0000][1][safepoint    ] Application time: 0.0000910 seconds
[2022-06-13T03:18:09.652+0000][1][safepoint    ] Entering safepoint region: RevokeBias
[2022-06-13T03:18:09.652+0000][1][safepoint    ] Leaving safepoint region
[2022-06-13T03:18:09.652+0000][1][safepoint    ] Total time for which application threads were stopped: 0.0003651 seconds, Stopping threads took: 0.0002099 seconds
[2022-06-13T03:18:09.653+0000][1][safepoint    ] Application time: 0.0000697 seconds
[2022-06-13T03:18:09.653+0000][1][safepoint    ] Entering safepoint region: RevokeBias
[2022-06-13T03:18:09.653+0000][1][safepoint    ] Leaving safepoint region
[2022-06-13T03:18:09.653+0000][1][safepoint    ] Total time for which application threads were stopped: 0.0002772 seconds, Stopping threads took: 0.0001360 seconds
[2022-06-13T03:18:09.653+0000][1][safepoint    ] Application time: 0.0000664 seconds
[2022-06-13T03:18:09.653+0000][1][safepoint    ] Entering safepoint region: RevokeBias
[2022-06-13T03:18:09.653+0000][1][safepoint    ] Leaving safepoint region
[2022-06-13T03:18:09.654+0000][1][safepoint    ] Total time for which application threads were stopped: 0.0002982 seconds, Stopping threads took: 0.0001425 seconds
[2022-06-13T03:18:09.654+0000][1][safepoint    ] Application time: 0.0000921 seconds
[2022-06-13T03:18:09.654+0000][1][safepoint    ] Entering safepoint region: RevokeBias
[2022-06-13T03:18:09.654+0000][1][safepoint    ] Leaving safepoint region
[2022-06-13T03:18:09.654+0000][1][safepoint    ] Total time for which application threads were stopped: 0.0005117 seconds, Stopping threads took: 0.0003675 seconds
[2022-06-13T03:18:09.655+0000][1][safepoint    ] Application time: 0.0000807 seconds
[2022-06-13T03:18:09.655+0000][1][safepoint    ] Entering safepoint region: RevokeBias
[2022-06-13T03:18:09.655+0000][1][safepoint    ] Leaving safepoint region
[2022-06-13T03:18:09.655+0000][1][safepoint    ] Total time for which application threads were stopped: 0.0002829 seconds, Stopping threads took: 0.0001402 seconds
[2022-06-13T03:18:09.655+0000][1][safepoint    ] Application time: 0.0000693 seconds
[2022-06-13T03:18:09.655+0000][1][safepoint    ] Entering safepoint region: RevokeBias
[2022-06-13T03:18:09.655+0000][1][safepoint    ] Leaving safepoint region
[2022-06-13T03:18:09.656+0000][1][safepoint    ] Total time for which application threads were stopped: 0.0003194 seconds, Stopping threads took: 0.0001260 seconds
[2022-06-13T03:18:09.656+0000][1][safepoint    ] Application time: 0.0000668 seconds
[2022-06-13T03:18:09.656+0000][1][safepoint    ] Entering safepoint region: RevokeBias
[2022-06-13T03:18:09.656+0000][1][safepoint    ] Leaving safepoint region
[2022-06-13T03:18:09.656+0000][1][safepoint    ] Total time for which application threads were stopped: 0.0003430 seconds, Stopping threads took: 0.0001520 seconds
[2022-06-13T03:18:09.656+0000][1][safepoint    ] Application time: 0.0000685 seconds
[2022-06-13T03:18:09.657+0000][1][safepoint    ] Entering safepoint region: RevokeBias
[2022-06-13T03:18:09.657+0000][1][safepoint    ] Leaving safepoint region
[2022-06-13T03:18:09.657+0000][1][safepoint    ] Total time for which application threads were stopped: 0.0004281 seconds, Stopping threads took: 0.0002662 seconds
[2022-06-13T03:18:09.657+0000][1][safepoint    ] Application time: 0.0000774 seconds
[2022-06-13T03:18:09.657+0000][1][safepoint    ] Entering safepoint region: RevokeBias
[2022-06-13T03:18:09.657+0000][1][safepoint    ] Leaving safepoint region
[2022-06-13T03:18:09.658+0000][1][safepoint    ] Total time for which application threads were stopped: 0.0002883 seconds, Stopping threads took: 0.0001656 seconds
[2022-06-13T03:18:09.658+0000][1][safepoint    ] Application time: 0.0000658 seconds
[2022-06-13T03:18:09.658+0000][1][safepoint    ] Entering safepoint region: RevokeBias
[2022-06-13T03:18:09.658+0000][1][safepoint    ] Leaving safepoint region
[2022-06-13T03:18:09.658+0000][1][safepoint    ] Total time for which application threads were stopped: 0.0002570 seconds, Stopping threads took: 0.0001129 seconds
[2022-06-13T03:18:09.658+0000][1][safepoint    ] Application time: 0.0000696 seconds
[2022-06-13T03:18:09.658+0000][1][safepoint    ] Entering safepoint region: RevokeBias
[2022-06-13T03:18:09.659+0000][1][safepoint    ] Leaving safepoint region
[2022-06-13T03:18:09.659+0000][1][safepoint    ] Total time for which application threads were stopped: 0.0003719 seconds, Stopping threads took: 0.0002135 seconds
[2022-06-13T03:18:09.659+0000][1][safepoint    ] Application time: 0.0000639 seconds
[2022-06-13T03:18:09.659+0000][1][safepoint    ] Entering safepoint region: RevokeBias
[2022-06-13T03:18:09.659+0000][1][safepoint    ] Leaving safepoint region
[2022-06-13T03:18:09.659+0000][1][safepoint    ] Total time for which application threads were stopped: 0.0003639 seconds, Stopping threads took: 0.0002349 seconds
[2022-06-13T03:18:09.659+0000][1][safepoint    ] Application time: 0.0000658 seconds
[2022-06-13T03:18:09.660+0000][1][safepoint    ] Entering safepoint region: RevokeBias
[2022-06-13T03:18:09.660+0000][1][safepoint    ] Leaving safepoint region
[2022-06-13T03:18:09.660+0000][1][safepoint    ] Total time for which application threads were stopped: 0.0002870 seconds, Stopping threads took: 0.0001268 seconds
[2022-06-13T03:18:09.660+0000][1][safepoint    ] Application time: 0.0001064 seconds
[2022-06-13T03:18:09.660+0000][1][safepoint    ] Entering safepoint region: RevokeBias
[2022-06-13T03:18:09.660+0000][1][safepoint    ] Leaving safepoint region
[2022-06-13T03:18:09.661+0000][1][safepoint    ] Total time for which application threads were stopped: 0.0003443 seconds, Stopping threads took: 0.0001861 seconds
[2022-06-13T03:18:09.661+0000][1][safepoint    ] Application time: 0.0000771 seconds
[2022-06-13T03:18:09.661+0000][1][safepoint    ] Entering safepoint region: RevokeBias
[2022-06-13T03:18:09.661+0000][1][safepoint    ] Leaving safepoint region
[2022-06-13T03:18:09.661+0000][1][safepoint    ] Total time for which application threads were stopped: 0.0003854 seconds, Stopping threads took: 0.0002085 seconds
[2022-06-13T03:18:09.662+0000][1][safepoint    ] Application time: 0.0001102 seconds
[2022-06-13T03:18:09.662+0000][1][safepoint    ] Entering safepoint region: RevokeBias
[2022-06-13T03:18:09.662+0000][1][safepoint    ] Leaving safepoint region
[2022-06-13T03:18:09.662+0000][1][safepoint    ] Total time for which application threads were stopped: 0.0003434 seconds, Stopping threads took: 0.0001604 seconds
[2022-06-13T03:18:09.662+0000][1][safepoint    ] Application time: 0.0000695 seconds
[2022-06-13T03:18:09.662+0000][1][safepoint    ] Entering safepoint region: RevokeBias
[2022-06-13T03:18:09.663+0000][1][safepoint    ] Leaving safepoint region
[2022-06-13T03:18:09.663+0000][1][safepoint    ] Total time for which application threads were stopped: 0.0003402 seconds, Stopping threads took: 0.0001700 seconds
[2022-06-13T03:18:09.663+0000][1][safepoint    ] Application time: 0.0000782 seconds
[2022-06-13T03:18:09.663+0000][1][safepoint    ] Entering safepoint region: RevokeBias
[2022-06-13T03:18:09.663+0000][1][safepoint    ] Leaving safepoint region
[2022-06-13T03:18:09.663+0000][1][safepoint    ] Total time for which application threads were stopped: 0.0003329 seconds, Stopping threads took: 0.0001780 seconds
[2022-06-13T03:18:09.664+0000][1][safepoint    ] Application time: 0.0000734 seconds
[2022-06-13T03:18:09.664+0000][1][safepoint    ] Entering safepoint region: RevokeBias
[2022-06-13T03:18:09.664+0000][1][safepoint    ] Leaving safepoint region
[2022-06-13T03:18:09.664+0000][1][safepoint    ] Total time for which application threads were stopped: 0.0002939 seconds, Stopping threads took: 0.0001441 seconds
[2022-06-13T03:18:09.743+0000][1][safepoint    ] Application time: 0.0785165 seconds
[2022-06-13T03:18:09.743+0000][1][safepoint    ] Entering safepoint region: GenCollectForAllocation
[2022-06-13T03:18:09.743+0000][1][gc,start     ] GC(4) Pause Young (Allocation Failure)
[2022-06-13T03:18:09.743+0000][1][gc,task      ] GC(4) Using 5 workers of 13 for evacuation
[2022-06-13T03:18:09.747+0000][1][gc,age       ] GC(4) Desired survivor size 4456448 bytes, new threshold 2 (max threshold 6)
[2022-06-13T03:18:09.747+0000][1][gc,age       ] GC(4) Age table with threshold 2 (max threshold 6)
[2022-06-13T03:18:09.747+0000][1][gc,age       ] GC(4) - age   1:    1477120 bytes,    1477120 total
[2022-06-13T03:18:09.748+0000][1][gc,age       ] GC(4) - age   2:    3193064 bytes,    4670184 total
[2022-06-13T03:18:09.748+0000][1][gc,age       ] GC(4) - age   3:     318928 bytes,    4989112 total
[2022-06-13T03:18:09.748+0000][1][gc,heap      ] GC(4) ParNew: 75769K->7681K(78656K)
[2022-06-13T03:18:09.748+0000][1][gc,heap      ] GC(4) CMS: 6690K->7858K(174784K)
[2022-06-13T03:18:09.748+0000][1][gc,metaspace ] GC(4) Metaspace: 18799K->18799K(1067008K)
[2022-06-13T03:18:09.748+0000][1][gc           ] GC(4) Pause Young (Allocation Failure) 80M->15M(247M) 4.843ms
[2022-06-13T03:18:09.748+0000][1][gc,cpu       ] GC(4) User=0.02s Sys=0.00s Real=0.00s
[2022-06-13T03:18:09.748+0000][1][safepoint    ] Leaving safepoint region
[2022-06-13T03:18:09.748+0000][1][safepoint    ] Total time for which application threads were stopped: 0.0054777 seconds, Stopping threads took: 0.0001994 seconds
[2022-06-13T03:18:09.749+0000][1][safepoint    ] Application time: 0.0001920 seconds
[2022-06-13T03:18:09.749+0000][1][safepoint    ] Entering safepoint region: RevokeBias
[2022-06-13T03:18:09.749+0000][1][safepoint    ] Leaving safepoint region
[2022-06-13T03:18:09.749+0000][1][safepoint    ] Total time for which application threads were stopped: 0.0003899 seconds, Stopping threads took: 0.0001963 seconds
[2022-06-13T03:18:09.750+0000][1][safepoint    ] Application time: 0.0000870 seconds
[2022-06-13T03:18:09.750+0000][1][safepoint    ] Entering safepoint region: RevokeBias
[2022-06-13T03:18:09.750+0000][1][safepoint    ] Leaving safepoint region
[2022-06-13T03:18:09.750+0000][1][safepoint    ] Total time for which application threads were stopped: 0.0003464 seconds, Stopping threads took: 0.0001506 seconds
[2022-06-13T03:18:09.750+0000][1][safepoint    ] Application time: 0.0000820 seconds
[2022-06-13T03:18:09.750+0000][1][safepoint    ] Entering safepoint region: RevokeBias
[2022-06-13T03:18:09.750+0000][1][safepoint    ] Leaving safepoint region
[2022-06-13T03:18:09.751+0000][1][safepoint    ] Total time for which application threads were stopped: 0.0003227 seconds, Stopping threads took: 0.0001468 seconds
[2022-06-13T03:18:09.751+0000][1][safepoint    ] Application time: 0.0000742 seconds
[2022-06-13T03:18:09.751+0000][1][safepoint    ] Entering safepoint region: RevokeBias
[2022-06-13T03:18:09.751+0000][1][safepoint    ] Leaving safepoint region
[2022-06-13T03:18:09.751+0000][1][safepoint    ] Total time for which application threads were stopped: 0.0002946 seconds, Stopping threads took: 0.0001406 seconds
[2022-06-13T03:18:09.768+0000][1][safepoint    ] Application time: 0.0168244 seconds
[2022-06-13T03:18:09.769+0000][1][safepoint    ] Entering safepoint region: Deoptimize
[2022-06-13T03:18:09.769+0000][1][safepoint    ] Leaving safepoint region
[2022-06-13T03:18:09.769+0000][1][safepoint    ] Total time for which application threads were stopped: 0.0007674 seconds, Stopping threads took: 0.0001575 seconds
[2022-06-13T03:18:09.799+0000][1][safepoint    ] Application time: 0.0299644 seconds
[2022-06-13T03:18:09.800+0000][1][safepoint    ] Entering safepoint region: Deoptimize
[2022-06-13T03:18:09.800+0000][1][safepoint    ] Leaving safepoint region
[2022-06-13T03:18:09.801+0000][1][safepoint    ] Total time for which application threads were stopped: 0.0008947 seconds, Stopping threads took: 0.0002095 seconds
[2022-06-13T03:18:09.899+0000][1][safepoint    ] Application time: 0.0984386 seconds
[2022-06-13T03:18:09.900+0000][1][safepoint    ] Entering safepoint region: GenCollectForAllocation
[2022-06-13T03:18:09.900+0000][1][gc,start     ] GC(5) Pause Young (Allocation Failure)
[2022-06-13T03:18:09.900+0000][1][gc,task      ] GC(5) Using 5 workers of 13 for evacuation
[2022-06-13T03:18:09.905+0000][1][gc,age       ] GC(5) Desired survivor size 4456448 bytes, new threshold 6 (max threshold 6)
[2022-06-13T03:18:09.906+0000][1][gc,age       ] GC(5) Age table with threshold 6 (max threshold 6)
[2022-06-13T03:18:09.906+0000][1][gc,age       ] GC(5) - age   1:    2220560 bytes,    2220560 total
[2022-06-13T03:18:09.906+0000][1][gc,age       ] GC(5) - age   2:     558672 bytes,    2779232 total
[2022-06-13T03:18:09.906+0000][1][gc,heap      ] GC(5) ParNew: 77633K->5665K(78656K)
[2022-06-13T03:18:09.906+0000][1][gc,heap      ] GC(5) CMS: 7858K->11313K(174784K)
[2022-06-13T03:18:09.907+0000][1][gc,metaspace ] GC(5) Metaspace: 19139K->19139K(1067008K)
[2022-06-13T03:18:09.907+0000][1][gc           ] GC(5) Pause Young (Allocation Failure) 83M->16M(247M) 6.664ms
[2022-06-13T03:18:09.907+0000][1][gc,cpu       ] GC(5) User=0.03s Sys=0.00s Real=0.00s
[2022-06-13T03:18:09.907+0000][1][safepoint    ] Leaving safepoint region
[2022-06-13T03:18:09.907+0000][1][safepoint    ] Total time for which application threads were stopped: 0.0074187 seconds, Stopping threads took: 0.0002143 seconds
[2022-06-13T03:18:09.908+0000][1][safepoint    ] Application time: 0.0003851 seconds
[2022-06-13T03:18:09.908+0000][1][safepoint    ] Entering safepoint region: RevokeBias
[2022-06-13T03:18:09.908+0000][1][safepoint    ] Leaving safepoint region
[2022-06-13T03:18:09.909+0000][1][safepoint    ] Total time for which application threads were stopped: 0.0004986 seconds, Stopping threads took: 0.0002976 seconds
[2022-06-13T03:18:09.909+0000][1][safepoint    ] Application time: 0.0001135 seconds
[2022-06-13T03:18:09.909+0000][1][safepoint    ] Entering safepoint region: RevokeBias
[2022-06-13T03:18:09.909+0000][1][safepoint    ] Leaving safepoint region
[2022-06-13T03:18:09.909+0000][1][safepoint    ] Total time for which application threads were stopped: 0.0003799 seconds, Stopping threads took: 0.0001879 seconds
[2022-06-13T03:18:09.910+0000][1][safepoint    ] Application time: 0.0000891 seconds
[2022-06-13T03:18:09.910+0000][1][safepoint    ] Entering safepoint region: RevokeBias
[2022-06-13T03:18:09.910+0000][1][safepoint    ] Leaving safepoint region
[2022-06-13T03:18:09.910+0000][1][safepoint    ] Total time for which application threads were stopped: 0.0003740 seconds, Stopping threads took: 0.0001922 seconds
[2022-06-13T03:18:09.910+0000][1][safepoint    ] Application time: 0.0001402 seconds
[2022-06-13T03:18:09.911+0000][1][safepoint    ] Entering safepoint region: RevokeBias
[2022-06-13T03:18:09.911+0000][1][safepoint    ] Leaving safepoint region
[2022-06-13T03:18:09.911+0000][1][safepoint    ] Total time for which application threads were stopped: 0.0003686 seconds, Stopping threads took: 0.0001779 seconds
[2022-06-13T03:18:09.911+0000][1][safepoint    ] Application time: 0.0001181 seconds
[2022-06-13T03:18:09.911+0000][1][safepoint    ] Entering safepoint region: RevokeBias
[2022-06-13T03:18:09.911+0000][1][safepoint    ] Leaving safepoint region
[2022-06-13T03:18:09.912+0000][1][safepoint    ] Total time for which application threads were stopped: 0.0003356 seconds, Stopping threads took: 0.0001815 seconds
[2022-06-13T03:18:09.912+0000][1][safepoint    ] Application time: 0.0000875 seconds
[2022-06-13T03:18:09.912+0000][1][safepoint    ] Entering safepoint region: RevokeBias
[2022-06-13T03:18:09.912+0000][1][safepoint    ] Leaving safepoint region
[2022-06-13T03:18:09.912+0000][1][safepoint    ] Total time for which application threads were stopped: 0.0004874 seconds, Stopping threads took: 0.0002085 seconds
[2022-06-13T03:18:10.006+0000][1][safepoint    ] Application time: 0.0931270 seconds
[2022-06-13T03:18:10.006+0000][1][safepoint    ] Entering safepoint region: GenCollectForAllocation
[2022-06-13T03:18:10.006+0000][1][gc,start     ] GC(6) Pause Young (Allocation Failure)
[2022-06-13T03:18:10.006+0000][1][gc,task      ] GC(6) Using 5 workers of 13 for evacuation
[2022-06-13T03:18:10.008+0000][1][gc,age       ] GC(6) Desired survivor size 4456448 bytes, new threshold 6 (max threshold 6)
[2022-06-13T03:18:10.008+0000][1][gc,age       ] GC(6) Age table with threshold 6 (max threshold 6)
[2022-06-13T03:18:10.009+0000][1][gc,age       ] GC(6) - age   1:    1158848 bytes,    1158848 total
[2022-06-13T03:18:10.009+0000][1][gc,age       ] GC(6) - age   2:    2194824 bytes,    3353672 total
[2022-06-13T03:18:10.009+0000][1][gc,age       ] GC(6) - age   3:     558672 bytes,    3912344 total
[2022-06-13T03:18:10.009+0000][1][gc,heap      ] GC(6) ParNew: 75617K->4944K(78656K)
[2022-06-13T03:18:10.009+0000][1][gc,heap      ] GC(6) CMS: 11313K->11313K(174784K)
[2022-06-13T03:18:10.009+0000][1][gc,metaspace ] GC(6) Metaspace: 19445K->19445K(1067008K)
[2022-06-13T03:18:10.009+0000][1][gc           ] GC(6) Pause Young (Allocation Failure) 84M->15M(247M) 3.011ms
[2022-06-13T03:18:10.009+0000][1][gc,cpu       ] GC(6) User=0.03s Sys=0.00s Real=0.01s
[2022-06-13T03:18:10.010+0000][1][safepoint    ] Leaving safepoint region
[2022-06-13T03:18:10.010+0000][1][safepoint    ] Total time for which application threads were stopped: 0.0036181 seconds, Stopping threads took: 0.0001695 seconds
[2022-06-13T03:18:10.010+0000][1][safepoint    ] Application time: 0.0001849 seconds
[2022-06-13T03:18:10.010+0000][1][safepoint    ] Entering safepoint region: RevokeBias
[2022-06-13T03:18:10.010+0000][1][safepoint    ] Leaving safepoint region
[2022-06-13T03:18:10.010+0000][1][safepoint    ] Total time for which application threads were stopped: 0.0003314 seconds, Stopping threads took: 0.0001481 seconds
[2022-06-13T03:18:10.011+0000][1][safepoint    ] Application time: 0.0000923 seconds
[2022-06-13T03:18:10.011+0000][1][safepoint    ] Entering safepoint region: BulkRevokeBias
[2022-06-13T03:18:10.011+0000][1][safepoint    ] Leaving safepoint region
[2022-06-13T03:18:10.011+0000][1][safepoint    ] Total time for which application threads were stopped: 0.0003025 seconds, Stopping threads took: 0.0001460 seconds
[2022-06-13T03:18:10.011+0000][1][safepoint    ] Application time: 0.0000765 seconds
[2022-06-13T03:18:10.011+0000][1][safepoint    ] Entering safepoint region: BulkRevokeBias
[2022-06-13T03:18:10.011+0000][1][safepoint    ] Leaving safepoint region
[2022-06-13T03:18:10.012+0000][1][safepoint    ] Total time for which application threads were stopped: 0.0002867 seconds, Stopping threads took: 0.0001292 seconds
[2022-06-13T03:18:10.091+0000][1][safepoint    ] Application time: 0.0789400 seconds
[2022-06-13T03:18:10.091+0000][1][safepoint    ] Entering safepoint region: GenCollectForAllocation
[2022-06-13T03:18:10.091+0000][1][gc,start     ] GC(7) Pause Young (Allocation Failure)
[2022-06-13T03:18:10.091+0000][1][gc,task      ] GC(7) Using 5 workers of 13 for evacuation
[2022-06-13T03:18:10.093+0000][1][gc,age       ] GC(7) Desired survivor size 4456448 bytes, new threshold 6 (max threshold 6)
[2022-06-13T03:18:10.093+0000][1][gc,age       ] GC(7) Age table with threshold 6 (max threshold 6)
[2022-06-13T03:18:10.093+0000][1][gc,age       ] GC(7) - age   1:     517776 bytes,     517776 total
[2022-06-13T03:18:10.093+0000][1][gc,age       ] GC(7) - age   2:    1129624 bytes,    1647400 total
[2022-06-13T03:18:10.093+0000][1][gc,age       ] GC(7) - age   3:    2192816 bytes,    3840216 total
[2022-06-13T03:18:10.094+0000][1][gc,age       ] GC(7) - age   4:     558672 bytes,    4398888 total
[2022-06-13T03:18:10.094+0000][1][gc,heap      ] GC(7) ParNew: 74896K->5834K(78656K)
[2022-06-13T03:18:10.094+0000][1][gc,heap      ] GC(7) CMS: 11313K->11313K(174784K)
[2022-06-13T03:18:10.094+0000][1][gc,metaspace ] GC(7) Metaspace: 19809K->19809K(1067008K)
[2022-06-13T03:18:10.094+0000][1][gc           ] GC(7) Pause Young (Allocation Failure) 84M->16M(247M) 2.683ms
[2022-06-13T03:18:10.094+0000][1][gc,cpu       ] GC(7) User=0.02s Sys=0.00s Real=0.00s
[2022-06-13T03:18:10.094+0000][1][safepoint    ] Leaving safepoint region
[2022-06-13T03:18:10.094+0000][1][safepoint    ] Total time for which application threads were stopped: 0.0031781 seconds, Stopping threads took: 0.0001559 seconds
[2022-06-13T03:18:10.109+0000][1][safepoint    ] Application time: 0.0148967 seconds
[2022-06-13T03:18:10.109+0000][1][safepoint    ] Entering safepoint region: CollectForMetadataAllocation
[2022-06-13T03:18:10.110+0000][1][safepoint    ] Leaving safepoint region
[2022-06-13T03:18:10.110+0000][1][safepoint    ] Total time for which application threads were stopped: 0.0003853 seconds, Stopping threads took: 0.0001482 seconds
[2022-06-13T03:18:10.125+0000][1][safepoint    ] Application time: 0.0151094 seconds
[2022-06-13T03:18:10.125+0000][1][safepoint    ] Entering safepoint region: CollectForMetadataAllocation
[2022-06-13T03:18:10.126+0000][1][safepoint    ] Leaving safepoint region
[2022-06-13T03:18:10.126+0000][1][safepoint    ] Total time for which application threads were stopped: 0.0004215 seconds, Stopping threads took: 0.0001100 seconds
[2022-06-13T03:18:10.191+0000][1][safepoint    ] Application time: 0.0646632 seconds
[2022-06-13T03:18:10.191+0000][1][safepoint    ] Entering safepoint region: GenCollectForAllocation
[2022-06-13T03:18:10.191+0000][1][gc,start     ] GC(8) Pause Young (Allocation Failure)
[2022-06-13T03:18:10.191+0000][1][gc,task      ] GC(8) Using 5 workers of 13 for evacuation
[2022-06-13T03:18:10.193+0000][1][gc,age       ] GC(8) Desired survivor size 4456448 bytes, new threshold 5 (max threshold 6)
[2022-06-13T03:18:10.193+0000][1][gc,age       ] GC(8) Age table with threshold 5 (max threshold 6)
[2022-06-13T03:18:10.193+0000][1][gc,age       ] GC(8) - age   1:     489272 bytes,     489272 total
[2022-06-13T03:18:10.193+0000][1][gc,age       ] GC(8) - age   2:     490512 bytes,     979784 total
[2022-06-13T03:18:10.193+0000][1][gc,age       ] GC(8) - age   3:    1129528 bytes,    2109312 total
[2022-06-13T03:18:10.193+0000][1][gc,age       ] GC(8) - age   4:    2192552 bytes,    4301864 total
[2022-06-13T03:18:10.193+0000][1][gc,age       ] GC(8) - age   5:     558720 bytes,    4860584 total
[2022-06-13T03:18:10.194+0000][1][gc,heap      ] GC(8) ParNew: 75786K->5708K(78656K)
[2022-06-13T03:18:10.194+0000][1][gc,heap      ] GC(8) CMS: 11313K->11313K(174784K)
[2022-06-13T03:18:10.194+0000][1][gc,metaspace ] GC(8) Metaspace: 20497K->20497K(1069056K)
[2022-06-13T03:18:10.194+0000][1][gc           ] GC(8) Pause Young (Allocation Failure) 85M->16M(247M) 2.970ms
[2022-06-13T03:18:10.194+0000][1][gc,cpu       ] GC(8) User=0.01s Sys=0.00s Real=0.00s
[2022-06-13T03:18:10.194+0000][1][safepoint    ] Leaving safepoint region
[2022-06-13T03:18:10.194+0000][1][safepoint    ] Total time for which application threads were stopped: 0.0036313 seconds, Stopping threads took: 0.0001241 seconds
[2022-06-13T03:18:10.195+0000][1][safepoint    ] Application time: 0.0001747 seconds
[2022-06-13T03:18:10.195+0000][1][safepoint    ] Entering safepoint region: CMS_Initial_Mark
[2022-06-13T03:18:10.195+0000][1][gc,start     ] GC(9) Pause Initial Mark
[2022-06-13T03:18:10.196+0000][1][gc           ] GC(9) Pause Initial Mark 17M->17M(247M) 0.708ms
[2022-06-13T03:18:10.196+0000][1][gc,cpu       ] GC(9) User=0.00s Sys=0.00s Real=0.00s
[2022-06-13T03:18:10.196+0000][1][safepoint    ] Leaving safepoint region
[2022-06-13T03:18:10.196+0000][1][safepoint    ] Total time for which application threads were stopped: 0.0012610 seconds, Stopping threads took: 0.0001375 seconds
[2022-06-13T03:18:10.196+0000][1][gc           ] GC(9) Concurrent Mark
[2022-06-13T03:18:10.197+0000][1][gc,task      ] GC(9) Using 4 workers of 4 for marking
[2022-06-13T03:18:10.201+0000][1][gc           ] GC(9) Concurrent Mark 4.964ms
[2022-06-13T03:18:10.202+0000][1][gc,cpu       ] GC(9) User=0.03s Sys=0.00s Real=0.01s
[2022-06-13T03:18:10.202+0000][1][gc           ] GC(9) Concurrent Preclean
[2022-06-13T03:18:10.202+0000][1][gc           ] GC(9) Concurrent Preclean 0.586ms
[2022-06-13T03:18:10.203+0000][1][gc,cpu       ] GC(9) User=0.00s Sys=0.00s Real=0.00s
[2022-06-13T03:18:10.203+0000][1][gc           ] GC(9) Concurrent Abortable Preclean
[2022-06-13T03:18:10.257+0000][1][safepoint    ] Application time: 0.0609239 seconds
[2022-06-13T03:18:10.257+0000][1][safepoint    ] Entering safepoint region: GenCollectForAllocation
[2022-06-13T03:18:10.258+0000][1][gc,start     ] GC(10) Pause Young (Allocation Failure)
[2022-06-13T03:18:10.258+0000][1][gc,task      ] GC(10) Using 5 workers of 13 for evacuation
[2022-06-13T03:18:10.260+0000][1][gc,age       ] GC(10) Desired survivor size 4456448 bytes, new threshold 5 (max threshold 6)
[2022-06-13T03:18:10.260+0000][1][gc,age       ] GC(10) Age table with threshold 5 (max threshold 6)
[2022-06-13T03:18:10.261+0000][1][gc,age       ] GC(10) - age   1:     935984 bytes,     935984 total
[2022-06-13T03:18:10.261+0000][1][gc,age       ] GC(10) - age   2:     477408 bytes,    1413392 total
[2022-06-13T03:18:10.261+0000][1][gc,age       ] GC(10) - age   3:     490392 bytes,    1903784 total
[2022-06-13T03:18:10.261+0000][1][gc,age       ] GC(10) - age   4:    1129528 bytes,    3033312 total
[2022-06-13T03:18:10.261+0000][1][gc,age       ] GC(10) - age   5:    2192336 bytes,    5225648 total
[2022-06-13T03:18:10.261+0000][1][gc,heap      ] GC(10) ParNew: 75660K->6869K(78656K)
[2022-06-13T03:18:10.261+0000][1][gc,heap      ] GC(10) CMS: 11313K->11869K(174784K)
[2022-06-13T03:18:10.261+0000][1][gc,metaspace ] GC(10) Metaspace: 20613K->20613K(1069056K)
[2022-06-13T03:18:10.261+0000][1][gc           ] GC(10) Pause Young (Allocation Failure) 84M->18M(247M) 3.732ms
[2022-06-13T03:18:10.261+0000][1][gc,cpu       ] GC(10) User=0.03s Sys=0.00s Real=0.01s
[2022-06-13T03:18:10.262+0000][1][safepoint    ] Leaving safepoint region
[2022-06-13T03:18:10.262+0000][1][safepoint    ] Total time for which application threads were stopped: 0.0041853 seconds, Stopping threads took: 0.0001343 seconds
[2022-06-13T03:18:10.317+0000][1][safepoint    ] Application time: 0.0555143 seconds
[2022-06-13T03:18:10.317+0000][1][safepoint    ] Entering safepoint region: GenCollectForAllocation
[2022-06-13T03:18:10.318+0000][1][gc,start     ] GC(11) Pause Young (Allocation Failure)
[2022-06-13T03:18:10.318+0000][1][gc,task      ] GC(11) Using 5 workers of 13 for evacuation
[2022-06-13T03:18:10.321+0000][1][gc,age       ] GC(11) Desired survivor size 4456448 bytes, new threshold 6 (max threshold 6)
[2022-06-13T03:18:10.321+0000][1][gc,age       ] GC(11) Age table with threshold 6 (max threshold 6)
[2022-06-13T03:18:10.321+0000][1][gc,age       ] GC(11) - age   1:    1743176 bytes,    1743176 total
[2022-06-13T03:18:10.321+0000][1][gc,age       ] GC(11) - age   2:     126648 bytes,    1869824 total
[2022-06-13T03:18:10.322+0000][1][gc,age       ] GC(11) - age   3:     477368 bytes,    2347192 total
[2022-06-13T03:18:10.322+0000][1][gc,age       ] GC(11) - age   4:     490240 bytes,    2837432 total
[2022-06-13T03:18:10.322+0000][1][gc,age       ] GC(11) - age   5:    1129240 bytes,    3966672 total
[2022-06-13T03:18:10.322+0000][1][gc,heap      ] GC(11) ParNew: 76821K->6319K(78656K)
[2022-06-13T03:18:10.322+0000][1][gc,heap      ] GC(11) CMS: 11869K->14024K(174784K)
[2022-06-13T03:18:10.322+0000][1][gc,metaspace ] GC(11) Metaspace: 20690K->20690K(1069056K)
[2022-06-13T03:18:10.322+0000][1][gc           ] GC(11) Pause Young (Allocation Failure) 86M->19M(247M) 4.367ms
[2022-06-13T03:18:10.322+0000][1][gc,cpu       ] GC(11) User=0.02s Sys=0.00s Real=0.01s
[2022-06-13T03:18:10.322+0000][1][safepoint    ] Leaving safepoint region
[2022-06-13T03:18:10.322+0000][1][safepoint    ] Total time for which application threads were stopped: 0.0048601 seconds, Stopping threads took: 0.0001517 seconds
[2022-06-13T03:18:10.350+0000][1][safepoint    ] Application time: 0.0271901 seconds
[2022-06-13T03:18:10.350+0000][1][safepoint    ] Entering safepoint region: CollectForMetadataAllocation
[2022-06-13T03:18:10.350+0000][1][safepoint    ] Leaving safepoint region
[2022-06-13T03:18:10.350+0000][1][safepoint    ] Total time for which application threads were stopped: 0.0004563 seconds, Stopping threads took: 0.0001772 seconds
[2022-06-13T03:18:10.359+0000][1][safepoint    ] Application time: 0.0083595 seconds
[2022-06-13T03:18:10.359+0000][1][safepoint    ] Entering safepoint region: CollectForMetadataAllocation
[2022-06-13T03:18:10.359+0000][1][safepoint    ] Leaving safepoint region
[2022-06-13T03:18:10.359+0000][1][safepoint    ] Total time for which application threads were stopped: 0.0004199 seconds, Stopping threads took: 0.0001229 seconds
[2022-06-13T03:18:10.360+0000][1][gc           ] GC(9) Concurrent Abortable Preclean 157.194ms
[2022-06-13T03:18:10.360+0000][1][gc,cpu       ] GC(9) User=0.62s Sys=0.01s Real=0.16s
[2022-06-13T03:18:10.360+0000][1][safepoint    ] Application time: 0.0009056 seconds
[2022-06-13T03:18:10.361+0000][1][safepoint    ] Entering safepoint region: CMS_Final_Remark
[2022-06-13T03:18:10.361+0000][1][gc,start     ] GC(9) Pause Remark
[2022-06-13T03:18:10.368+0000][1][gc           ] GC(9) Pause Remark 59M->59M(247M) 7.188ms
[2022-06-13T03:18:10.368+0000][1][gc,cpu       ] GC(9) User=0.01s Sys=0.01s Real=0.00s
[2022-06-13T03:18:10.368+0000][1][safepoint    ] Leaving safepoint region
[2022-06-13T03:18:10.368+0000][1][safepoint    ] Total time for which application threads were stopped: 0.0077422 seconds, Stopping threads took: 0.0001487 seconds
[2022-06-13T03:18:10.368+0000][1][gc           ] GC(9) Concurrent Sweep
[2022-06-13T03:18:10.373+0000][1][gc           ] GC(9) Concurrent Sweep 4.190ms
[2022-06-13T03:18:10.373+0000][1][gc,cpu       ] GC(9) User=0.02s Sys=0.00s Real=0.01s
[2022-06-13T03:18:10.373+0000][1][gc           ] GC(9) Concurrent Reset
[2022-06-13T03:18:10.374+0000][1][gc           ] GC(9) Concurrent Reset 0.529ms
[2022-06-13T03:18:10.374+0000][1][gc,cpu       ] GC(9) User=0.00s Sys=0.00s Real=0.00s
[2022-06-13T03:18:10.374+0000][1][gc,heap      ] GC(9) Old: 11313K->13998K(174784K)
[2022-06-13T03:18:10.532+0000][1][safepoint    ] Application time: 0.1639850 seconds
[2022-06-13T03:18:10.533+0000][1][safepoint    ] Entering safepoint region: Deoptimize
[2022-06-13T03:18:10.534+0000][1][safepoint    ] Leaving safepoint region
[2022-06-13T03:18:10.534+0000][1][safepoint    ] Total time for which application threads were stopped: 0.0014465 seconds, Stopping threads took: 0.0003068 seconds
[2022-06-13T03:18:10.589+0000][1][safepoint    ] Application time: 0.0549687 seconds
[2022-06-13T03:18:10.590+0000][1][safepoint    ] Entering safepoint region: Deoptimize
[2022-06-13T03:18:10.591+0000][1][safepoint    ] Leaving safepoint region
[2022-06-13T03:18:10.591+0000][1][safepoint    ] Total time for which application threads were stopped: 0.0010829 seconds, Stopping threads took: 0.0004410 seconds
[2022-06-13T03:18:10.592+0000][1][safepoint    ] Application time: 0.0005037 seconds
[2022-06-13T03:18:10.592+0000][1][safepoint    ] Entering safepoint region: Deoptimize
[2022-06-13T03:18:10.593+0000][1][safepoint    ] Leaving safepoint region
[2022-06-13T03:18:10.593+0000][1][safepoint    ] Total time for which application threads were stopped: 0.0009816 seconds, Stopping threads took: 0.0003756 seconds
[2022-06-13T03:18:10.602+0000][1][safepoint    ] Application time: 0.0080829 seconds
[2022-06-13T03:18:10.602+0000][1][safepoint    ] Entering safepoint region: Deoptimize
[2022-06-13T03:18:10.604+0000][1][safepoint    ] Leaving safepoint region
[2022-06-13T03:18:10.604+0000][1][safepoint    ] Total time for which application threads were stopped: 0.0015414 seconds, Stopping threads took: 0.0005077 seconds
[2022-06-13T03:18:10.609+0000][1][safepoint    ] Application time: 0.0042368 seconds
[2022-06-13T03:18:10.609+0000][1][safepoint    ] Entering safepoint region: Deoptimize
[2022-06-13T03:18:10.610+0000][1][safepoint    ] Leaving safepoint region
[2022-06-13T03:18:10.610+0000][1][safepoint    ] Total time for which application threads were stopped: 0.0010922 seconds, Stopping threads took: 0.0004570 seconds
[2022-06-13T03:18:10.646+0000][1][safepoint    ] Application time: 0.0353422 seconds
[2022-06-13T03:18:10.646+0000][1][safepoint    ] Entering safepoint region: GenCollectForAllocation
[2022-06-13T03:18:10.647+0000][1][gc,start     ] GC(12) Pause Young (Allocation Failure)
[2022-06-13T03:18:10.647+0000][1][gc,task      ] GC(12) Using 5 workers of 13 for evacuation
[2022-06-13T03:18:10.650+0000][1][gc,age       ] GC(12) Desired survivor size 4456448 bytes, new threshold 6 (max threshold 6)
[2022-06-13T03:18:10.651+0000][1][gc,age       ] GC(12) Age table with threshold 6 (max threshold 6)
[2022-06-13T03:18:10.651+0000][1][gc,age       ] GC(12) - age   1:    2631208 bytes,    2631208 total
[2022-06-13T03:18:10.652+0000][1][gc,age       ] GC(12) - age   2:     344944 bytes,    2976152 total
[2022-06-13T03:18:10.652+0000][1][gc,age       ] GC(12) - age   3:     126384 bytes,    3102536 total
[2022-06-13T03:18:10.652+0000][1][gc,age       ] GC(12) - age   4:     476808 bytes,    3579344 total
[2022-06-13T03:18:10.653+0000][1][gc,age       ] GC(12) - age   5:     485440 bytes,    4064784 total
[2022-06-13T03:18:10.653+0000][1][gc,age       ] GC(12) - age   6:    1129080 bytes,    5193864 total
[2022-06-13T03:18:10.653+0000][1][gc,heap      ] GC(12) ParNew: 76271K->6453K(78656K)
[2022-06-13T03:18:10.654+0000][1][gc,heap      ] GC(12) CMS: 13998K->13998K(174784K)
[2022-06-13T03:18:10.654+0000][1][gc,metaspace ] GC(12) Metaspace: 26370K->26370K(1073152K)
[2022-06-13T03:18:10.654+0000][1][gc           ] GC(12) Pause Young (Allocation Failure) 88M->19M(247M) 7.549ms
[2022-06-13T03:18:10.654+0000][1][gc,cpu       ] GC(12) User=0.04s Sys=0.00s Real=0.01s
[2022-06-13T03:18:10.655+0000][1][safepoint    ] Leaving safepoint region
[2022-06-13T03:18:10.655+0000][1][safepoint    ] Total time for which application threads were stopped: 0.0086418 seconds, Stopping threads took: 0.0001557 seconds
[2022-06-13T03:18:10.933+0000][1][safepoint    ] Application time: 0.2776762 seconds
[2022-06-13T03:18:10.935+0000][1][safepoint    ] Entering safepoint region: Deoptimize
[2022-06-13T03:18:10.936+0000][1][safepoint    ] Leaving safepoint region
[2022-06-13T03:18:10.937+0000][1][safepoint    ] Total time for which application threads were stopped: 0.0016003 seconds, Stopping threads took: 0.0003797 seconds
[2022-06-13T03:18:11.190+0000][1][safepoint    ] Application time: 0.2535189 seconds
[2022-06-13T03:18:11.199+0000][1][safepoint    ] Entering safepoint region: RevokeBias
[2022-06-13T03:18:11.201+0000][1][safepoint    ] Leaving safepoint region
[2022-06-13T03:18:11.202+0000][1][safepoint    ] Total time for which application threads were stopped: 0.0084536 seconds, Stopping threads took: 0.0076114 seconds
[2022-06-13T03:18:11.239+0000][1][safepoint    ] Application time: 0.0376817 seconds
[2022-06-13T03:18:11.240+0000][1][safepoint    ] Entering safepoint region: GenCollectForAllocation
[2022-06-13T03:18:11.240+0000][1][gc,start     ] GC(13) Pause Young (Allocation Failure)
[2022-06-13T03:18:11.240+0000][1][gc,task      ] GC(13) Using 5 workers of 13 for evacuation
[2022-06-13T03:18:11.266+0000][1][gc,age       ] GC(13) Desired survivor size 4456448 bytes, new threshold 1 (max threshold 6)
[2022-06-13T03:18:11.266+0000][1][gc,age       ] GC(13) Age table with threshold 1 (max threshold 6)
[2022-06-13T03:18:11.266+0000][1][gc,age       ] GC(13) - age   1:    5155736 bytes,    5155736 total
[2022-06-13T03:18:11.267+0000][1][gc,age       ] GC(13) - age   2:    2323360 bytes,    7479096 total
[2022-06-13T03:18:11.267+0000][1][gc,age       ] GC(13) - age   3:     344712 bytes,    7823808 total
[2022-06-13T03:18:11.267+0000][1][gc,age       ] GC(13) - age   4:     126384 bytes,    7950192 total
[2022-06-13T03:18:11.267+0000][1][gc,age       ] GC(13) - age   5:     476808 bytes,    8427000 total
[2022-06-13T03:18:11.267+0000][1][gc,age       ] GC(13) - age   6:     485440 bytes,    8912440 total
[2022-06-13T03:18:11.267+0000][1][gc,heap      ] GC(13) ParNew: 76405K->8704K(78656K)
[2022-06-13T03:18:11.267+0000][1][gc,heap      ] GC(13) CMS: 13998K->25557K(174784K)
[2022-06-13T03:18:11.268+0000][1][gc,metaspace ] GC(13) Metaspace: 27211K->27211K(1075200K)
[2022-06-13T03:18:11.268+0000][1][gc           ] GC(13) Pause Young (Allocation Failure) 88M->33M(247M) 27.576ms
[2022-06-13T03:18:11.268+0000][1][gc,cpu       ] GC(13) User=0.20s Sys=0.00s Real=0.02s
[2022-06-13T03:18:11.268+0000][1][safepoint    ] Leaving safepoint region
[2022-06-13T03:18:11.268+0000][1][safepoint    ] Total time for which application threads were stopped: 0.0282896 seconds, Stopping threads took: 0.0002017 seconds
[2022-06-13T03:18:11.575+0000][1][safepoint    ] Application time: 0.3069598 seconds
[2022-06-13T03:18:11.576+0000][1][safepoint    ] Entering safepoint region: GenCollectForAllocation
[2022-06-13T03:18:11.576+0000][1][gc,start     ] GC(14) Pause Young (Allocation Failure)
[2022-06-13T03:18:11.576+0000][1][gc,task      ] GC(14) Using 5 workers of 13 for evacuation
[2022-06-13T03:18:11.594+0000][1][gc,age       ] GC(14) Desired survivor size 4456448 bytes, new threshold 1 (max threshold 6)
[2022-06-13T03:18:11.594+0000][1][gc,age       ] GC(14) Age table with threshold 1 (max threshold 6)
[2022-06-13T03:18:11.594+0000][1][gc,age       ] GC(14) - age   1:    8912736 bytes,    8912736 total
[2022-06-13T03:18:11.595+0000][1][gc,heap      ] GC(14) ParNew: 78656K->8704K(78656K)
[2022-06-13T03:18:11.595+0000][1][gc,heap      ] GC(14) CMS: 25557K->39055K(174784K)
[2022-06-13T03:18:11.595+0000][1][gc,metaspace ] GC(14) Metaspace: 27246K->27246K(1075200K)
[2022-06-13T03:18:11.595+0000][1][gc           ] GC(14) Pause Young (Allocation Failure) 101M->46M(247M) 19.011ms
[2022-06-13T03:18:11.595+0000][1][gc,cpu       ] GC(14) User=0.14s Sys=0.00s Real=0.02s
[2022-06-13T03:18:11.595+0000][1][safepoint    ] Leaving safepoint region
[2022-06-13T03:18:11.595+0000][1][safepoint    ] Total time for which application threads were stopped: 0.0195859 seconds, Stopping threads took: 0.0002126 seconds
[2022-06-13T03:18:11.950+0000][1][safepoint    ] Application time: 0.3551991 seconds
[2022-06-13T03:18:11.951+0000][1][safepoint    ] Entering safepoint region: GenCollectForAllocation
[2022-06-13T03:18:11.951+0000][1][gc,start     ] GC(15) Pause Young (Allocation Failure)
[2022-06-13T03:18:11.951+0000][1][gc,task      ] GC(15) Using 5 workers of 13 for evacuation
[2022-06-13T03:18:11.962+0000][1][gc,age       ] GC(15) Desired survivor size 4456448 bytes, new threshold 1 (max threshold 6)
[2022-06-13T03:18:11.962+0000][1][gc,age       ] GC(15) Age table with threshold 1 (max threshold 6)
[2022-06-13T03:18:11.963+0000][1][gc,age       ] GC(15) - age   1:    6595656 bytes,    6595656 total
[2022-06-13T03:18:11.963+0000][1][gc,heap      ] GC(15) ParNew: 78656K->8704K(78656K)
[2022-06-13T03:18:11.963+0000][1][gc,heap      ] GC(15) CMS: 39055K->48999K(174784K)
[2022-06-13T03:18:11.963+0000][1][gc,metaspace ] GC(15) Metaspace: 31921K->31921K(1079296K)
[2022-06-13T03:18:11.963+0000][1][gc           ] GC(15) Pause Young (Allocation Failure) 114M->56M(247M) 12.211ms
[2022-06-13T03:18:11.963+0000][1][gc,cpu       ] GC(15) User=0.08s Sys=0.00s Real=0.01s
[2022-06-13T03:18:11.963+0000][1][safepoint    ] Leaving safepoint region
[2022-06-13T03:18:11.963+0000][1][safepoint    ] Total time for which application threads were stopped: 0.0127784 seconds, Stopping threads took: 0.0001028 seconds
[2022-06-13T03:18:12.060+0000][1][safepoint    ] Application time: 0.0967997 seconds
[2022-06-13T03:18:12.061+0000][1][safepoint    ] Entering safepoint region: GenCollectForAllocation
[2022-06-13T03:18:12.061+0000][1][gc,start     ] GC(16) Pause Young (Allocation Failure)
[2022-06-13T03:18:12.061+0000][1][gc,task      ] GC(16) Using 5 workers of 13 for evacuation
[2022-06-13T03:18:12.066+0000][1][gc,age       ] GC(16) Desired survivor size 4456448 bytes, new threshold 6 (max threshold 6)
[2022-06-13T03:18:12.066+0000][1][gc,age       ] GC(16) Age table with threshold 6 (max threshold 6)
[2022-06-13T03:18:12.066+0000][1][gc,age       ] GC(16) - age   1:     416512 bytes,     416512 total
[2022-06-13T03:18:12.067+0000][1][gc,heap      ] GC(16) ParNew: 78656K->6945K(78656K)
[2022-06-13T03:18:12.067+0000][1][gc,heap      ] GC(16) CMS: 48999K->55466K(174784K)
[2022-06-13T03:18:12.067+0000][1][gc,metaspace ] GC(16) Metaspace: 33035K->33035K(1079296K)
[2022-06-13T03:18:12.067+0000][1][gc           ] GC(16) Pause Young (Allocation Failure) 124M->60M(247M) 6.410ms
[2022-06-13T03:18:12.068+0000][1][gc,cpu       ] GC(16) User=0.02s Sys=0.00s Real=0.00s
[2022-06-13T03:18:12.068+0000][1][safepoint    ] Leaving safepoint region
[2022-06-13T03:18:12.068+0000][1][safepoint    ] Total time for which application threads were stopped: 0.0074086 seconds, Stopping threads took: 0.0002245 seconds
[2022-06-13T03:18:12.084+0000][1][safepoint    ] Application time: 0.0157843 seconds
[2022-06-13T03:18:12.084+0000][1][safepoint    ] Entering safepoint region: RevokeBias
[2022-06-13T03:18:12.084+0000][1][safepoint    ] Leaving safepoint region
[2022-06-13T03:18:12.084+0000][1][safepoint    ] Total time for which application threads were stopped: 0.0002652 seconds, Stopping threads took: 0.0001034 seconds
[2022-06-13T03:18:12.249+0000][1][safepoint    ] Application time: 0.1640170 seconds
[2022-06-13T03:18:12.249+0000][1][safepoint    ] Entering safepoint region: CollectForMetadataAllocation
[2022-06-13T03:18:12.249+0000][1][safepoint    ] Leaving safepoint region
[2022-06-13T03:18:12.249+0000][1][safepoint    ] Total time for which application threads were stopped: 0.0004568 seconds, Stopping threads took: 0.0001442 seconds
[2022-06-13T03:18:12.265+0000][1][safepoint    ] Application time: 0.0159321 seconds
[2022-06-13T03:18:12.265+0000][1][safepoint    ] Entering safepoint region: CollectForMetadataAllocation
[2022-06-13T03:18:12.266+0000][1][safepoint    ] Leaving safepoint region
[2022-06-13T03:18:12.266+0000][1][safepoint    ] Total time for which application threads were stopped: 0.0003250 seconds, Stopping threads took: 0.0001155 seconds
[2022-06-13T03:18:12.279+0000][1][safepoint    ] Application time: 0.0134770 seconds
[2022-06-13T03:18:12.280+0000][1][safepoint    ] Entering safepoint region: CollectForMetadataAllocation
[2022-06-13T03:18:12.280+0000][1][safepoint    ] Leaving safepoint region
[2022-06-13T03:18:12.280+0000][1][safepoint    ] Total time for which application threads were stopped: 0.0004189 seconds, Stopping threads took: 0.0001485 seconds
[2022-06-13T03:18:12.291+0000][1][safepoint    ] Application time: 0.0109095 seconds
[2022-06-13T03:18:12.291+0000][1][safepoint    ] Entering safepoint region: CollectForMetadataAllocation
[2022-06-13T03:18:12.292+0000][1][safepoint    ] Leaving safepoint region
[2022-06-13T03:18:12.292+0000][1][safepoint    ] Total time for which application threads were stopped: 0.0004527 seconds, Stopping threads took: 0.0001803 seconds
[2022-06-13T03:18:12.307+0000][1][safepoint    ] Application time: 0.0154034 seconds
[2022-06-13T03:18:12.307+0000][1][safepoint    ] Entering safepoint region: CollectForMetadataAllocation
[2022-06-13T03:18:12.308+0000][1][safepoint    ] Leaving safepoint region
[2022-06-13T03:18:12.308+0000][1][safepoint    ] Total time for which application threads were stopped: 0.0003775 seconds, Stopping threads took: 0.0001268 seconds
[2022-06-13T03:18:12.318+0000][1][safepoint    ] Application time: 0.0103513 seconds
[2022-06-13T03:18:12.318+0000][1][safepoint    ] Entering safepoint region: CollectForMetadataAllocation
[2022-06-13T03:18:12.319+0000][1][safepoint    ] Leaving safepoint region
[2022-06-13T03:18:12.319+0000][1][safepoint    ] Total time for which application threads were stopped: 0.0004531 seconds, Stopping threads took: 0.0001484 seconds
[2022-06-13T03:18:12.330+0000][1][safepoint    ] Application time: 0.0110430 seconds
[2022-06-13T03:18:12.330+0000][1][safepoint    ] Entering safepoint region: CollectForMetadataAllocation
[2022-06-13T03:18:12.331+0000][1][safepoint    ] Leaving safepoint region
[2022-06-13T03:18:12.331+0000][1][safepoint    ] Total time for which application threads were stopped: 0.0003640 seconds, Stopping threads took: 0.0001540 seconds
[2022-06-13T03:18:12.332+0000][1][safepoint    ] Application time: 0.0012112 seconds
[2022-06-13T03:18:12.332+0000][1][safepoint    ] Entering safepoint region: RevokeBias
[2022-06-13T03:18:12.332+0000][1][safepoint    ] Leaving safepoint region
[2022-06-13T03:18:12.333+0000][1][safepoint    ] Total time for which application threads were stopped: 0.0002906 seconds, Stopping threads took: 0.0001306 seconds
[2022-06-13T03:18:12.335+0000][1][safepoint    ] Application time: 0.0028460 seconds
[2022-06-13T03:18:12.336+0000][1][safepoint    ] Entering safepoint region: RevokeBias
[2022-06-13T03:18:12.336+0000][1][safepoint    ] Leaving safepoint region
[2022-06-13T03:18:12.336+0000][1][safepoint    ] Total time for which application threads were stopped: 0.0003240 seconds, Stopping threads took: 0.0001389 seconds
[2022-06-13T03:18:12.342+0000][1][safepoint    ] Application time: 0.0059775 seconds
[2022-06-13T03:18:12.342+0000][1][safepoint    ] Entering safepoint region: RevokeBias
[2022-06-13T03:18:12.342+0000][1][safepoint    ] Leaving safepoint region
[2022-06-13T03:18:12.343+0000][1][safepoint    ] Total time for which application threads were stopped: 0.0002476 seconds, Stopping threads took: 0.0001052 seconds
[2022-06-13T03:18:12.349+0000][1][safepoint    ] Application time: 0.0059573 seconds
[2022-06-13T03:18:12.349+0000][1][safepoint    ] Entering safepoint region: RevokeBias
[2022-06-13T03:18:12.349+0000][1][safepoint    ] Leaving safepoint region
[2022-06-13T03:18:12.349+0000][1][safepoint    ] Total time for which application threads were stopped: 0.0005645 seconds, Stopping threads took: 0.0001883 seconds
[2022-06-13T03:18:12.351+0000][1][safepoint    ] Application time: 0.0018035 seconds
[2022-06-13T03:18:12.352+0000][1][safepoint    ] Entering safepoint region: CollectForMetadataAllocation
[2022-06-13T03:18:12.352+0000][1][safepoint    ] Leaving safepoint region
[2022-06-13T03:18:12.352+0000][1][safepoint    ] Total time for which application threads were stopped: 0.0004280 seconds, Stopping threads took: 0.0001515 seconds
[2022-06-13T03:18:12.374+0000][1][safepoint    ] Application time: 0.0217380 seconds
[2022-06-13T03:18:12.374+0000][1][safepoint    ] Entering safepoint region: CollectForMetadataAllocation
[2022-06-13T03:18:12.374+0000][1][safepoint    ] Leaving safepoint region
[2022-06-13T03:18:12.374+0000][1][safepoint    ] Total time for which application threads were stopped: 0.0002804 seconds, Stopping threads took: 0.0001217 seconds
[2022-06-13T03:18:12.382+0000][1][safepoint    ] Application time: 0.0076037 seconds
[2022-06-13T03:18:12.382+0000][1][safepoint    ] Entering safepoint region: CollectForMetadataAllocation
[2022-06-13T03:18:12.382+0000][1][safepoint    ] Leaving safepoint region
[2022-06-13T03:18:12.383+0000][1][safepoint    ] Total time for which application threads were stopped: 0.0003172 seconds, Stopping threads took: 0.0000924 seconds
[2022-06-13T03:18:12.392+0000][1][safepoint    ] Application time: 0.0092786 seconds
[2022-06-13T03:18:12.392+0000][1][safepoint    ] Entering safepoint region: CollectForMetadataAllocation
[2022-06-13T03:18:12.392+0000][1][safepoint    ] Leaving safepoint region
[2022-06-13T03:18:12.392+0000][1][safepoint    ] Total time for which application threads were stopped: 0.0003060 seconds, Stopping threads took: 0.0001330 seconds
[2022-06-13T03:18:12.404+0000][1][safepoint    ] Application time: 0.0113015 seconds
[2022-06-13T03:18:12.404+0000][1][safepoint    ] Entering safepoint region: CollectForMetadataAllocation
[2022-06-13T03:18:12.404+0000][1][safepoint    ] Leaving safepoint region
[2022-06-13T03:18:12.404+0000][1][safepoint    ] Total time for which application threads were stopped: 0.0003205 seconds, Stopping threads took: 0.0001140 seconds
[2022-06-13T03:18:12.417+0000][1][safepoint    ] Application time: 0.0129708 seconds
[2022-06-13T03:18:12.418+0000][1][safepoint    ] Entering safepoint region: CollectForMetadataAllocation
[2022-06-13T03:18:12.418+0000][1][safepoint    ] Leaving safepoint region
[2022-06-13T03:18:12.418+0000][1][safepoint    ] Total time for which application threads were stopped: 0.0002657 seconds, Stopping threads took: 0.0001087 seconds
[2022-06-13T03:18:12.431+0000][1][safepoint    ] Application time: 0.0127234 seconds
[2022-06-13T03:18:12.431+0000][1][safepoint    ] Entering safepoint region: CollectForMetadataAllocation
[2022-06-13T03:18:12.431+0000][1][safepoint    ] Leaving safepoint region
[2022-06-13T03:18:12.431+0000][1][safepoint    ] Total time for which application threads were stopped: 0.0003199 seconds, Stopping threads took: 0.0001167 seconds
[2022-06-13T03:18:12.442+0000][1][safepoint    ] Application time: 0.0111754 seconds
[2022-06-13T03:18:12.443+0000][1][safepoint    ] Entering safepoint region: CollectForMetadataAllocation
[2022-06-13T03:18:12.443+0000][1][safepoint    ] Leaving safepoint region
[2022-06-13T03:18:12.443+0000][1][safepoint    ] Total time for which application threads were stopped: 0.0007275 seconds, Stopping threads took: 0.0003217 seconds
[2022-06-13T03:18:12.455+0000][1][safepoint    ] Application time: 0.0109532 seconds
[2022-06-13T03:18:12.455+0000][1][safepoint    ] Entering safepoint region: CollectForMetadataAllocation
[2022-06-13T03:18:12.455+0000][1][safepoint    ] Leaving safepoint region
[2022-06-13T03:18:12.455+0000][1][safepoint    ] Total time for which application threads were stopped: 0.0006251 seconds, Stopping threads took: 0.0002374 seconds
[2022-06-13T03:18:12.468+0000][1][safepoint    ] Application time: 0.0124637 seconds
[2022-06-13T03:18:12.468+0000][1][safepoint    ] Entering safepoint region: CollectForMetadataAllocation
[2022-06-13T03:18:12.469+0000][1][safepoint    ] Leaving safepoint region
[2022-06-13T03:18:12.469+0000][1][safepoint    ] Total time for which application threads were stopped: 0.0004787 seconds, Stopping threads took: 0.0001275 seconds
[2022-06-13T03:18:12.479+0000][1][safepoint    ] Application time: 0.0099615 seconds
[2022-06-13T03:18:12.479+0000][1][safepoint    ] Entering safepoint region: CollectForMetadataAllocation
[2022-06-13T03:18:12.480+0000][1][safepoint    ] Leaving safepoint region
[2022-06-13T03:18:12.480+0000][1][safepoint    ] Total time for which application threads were stopped: 0.0004619 seconds, Stopping threads took: 0.0001655 seconds
[2022-06-13T03:18:12.487+0000][1][safepoint    ] Application time: 0.0068277 seconds
[2022-06-13T03:18:12.487+0000][1][safepoint    ] Entering safepoint region: CollectForMetadataAllocation
[2022-06-13T03:18:12.487+0000][1][safepoint    ] Leaving safepoint region
[2022-06-13T03:18:12.487+0000][1][safepoint    ] Total time for which application threads were stopped: 0.0003674 seconds, Stopping threads took: 0.0001599 seconds
[2022-06-13T03:18:12.511+0000][1][safepoint    ] Application time: 0.0234531 seconds
[2022-06-13T03:18:12.511+0000][1][safepoint    ] Entering safepoint region: CollectForMetadataAllocation
[2022-06-13T03:18:12.512+0000][1][safepoint    ] Leaving safepoint region
[2022-06-13T03:18:12.512+0000][1][safepoint    ] Total time for which application threads were stopped: 0.0007705 seconds, Stopping threads took: 0.0003177 seconds
[2022-06-13T03:18:12.527+0000][1][safepoint    ] Application time: 0.0152054 seconds
[2022-06-13T03:18:12.528+0000][1][safepoint    ] Entering safepoint region: CollectForMetadataAllocation
[2022-06-13T03:18:12.528+0000][1][safepoint    ] Leaving safepoint region
[2022-06-13T03:18:12.528+0000][1][safepoint    ] Total time for which application threads were stopped: 0.0004131 seconds, Stopping threads took: 0.0001536 seconds
[2022-06-13T03:18:12.545+0000][1][safepoint    ] Application time: 0.0169487 seconds
[2022-06-13T03:18:12.545+0000][1][safepoint    ] Entering safepoint region: CollectForMetadataAllocation
[2022-06-13T03:18:12.546+0000][1][safepoint    ] Leaving safepoint region
[2022-06-13T03:18:12.546+0000][1][safepoint    ] Total time for which application threads were stopped: 0.0006804 seconds, Stopping threads took: 0.0002157 seconds
[2022-06-13T03:18:12.566+0000][1][safepoint    ] Application time: 0.0193987 seconds
[2022-06-13T03:18:12.566+0000][1][safepoint    ] Entering safepoint region: CollectForMetadataAllocation
[2022-06-13T03:18:12.567+0000][1][safepoint    ] Leaving safepoint region
[2022-06-13T03:18:12.567+0000][1][safepoint    ] Total time for which application threads were stopped: 0.0009273 seconds, Stopping threads took: 0.0003596 seconds
[2022-06-13T03:18:12.581+0000][1][safepoint    ] Application time: 0.0135717 seconds
[2022-06-13T03:18:12.582+0000][1][safepoint    ] Entering safepoint region: RevokeBias
[2022-06-13T03:18:12.582+0000][1][safepoint    ] Leaving safepoint region
[2022-06-13T03:18:12.582+0000][1][safepoint    ] Total time for which application threads were stopped: 0.0007738 seconds, Stopping threads took: 0.0003199 seconds
[2022-06-13T03:18:12.587+0000][1][safepoint    ] Application time: 0.0040698 seconds
[2022-06-13T03:18:12.587+0000][1][safepoint    ] Entering safepoint region: CollectForMetadataAllocation
[2022-06-13T03:18:12.588+0000][1][safepoint    ] Leaving safepoint region
[2022-06-13T03:18:12.588+0000][1][safepoint    ] Total time for which application threads were stopped: 0.0009226 seconds, Stopping threads took: 0.0003981 seconds
[2022-06-13T03:18:12.792+0000][1][safepoint    ] Application time: 0.2034245 seconds
[2022-06-13T03:18:12.792+0000][1][safepoint    ] Entering safepoint region: CollectForMetadataAllocation
[2022-06-13T03:18:12.793+0000][1][safepoint    ] Leaving safepoint region
[2022-06-13T03:18:12.793+0000][1][safepoint    ] Total time for which application threads were stopped: 0.0005473 seconds, Stopping threads took: 0.0002248 seconds
[2022-06-13T03:18:13.003+0000][1][safepoint    ] Application time: 0.2095349 seconds
[2022-06-13T03:18:13.003+0000][1][safepoint    ] Entering safepoint region: CollectForMetadataAllocation
[2022-06-13T03:18:13.003+0000][1][safepoint    ] Leaving safepoint region
[2022-06-13T03:18:13.003+0000][1][safepoint    ] Total time for which application threads were stopped: 0.0006784 seconds, Stopping threads took: 0.0001816 seconds
[2022-06-13T03:18:13.012+0000][1][safepoint    ] Application time: 0.0081819 seconds
[2022-06-13T03:18:13.012+0000][1][safepoint    ] Entering safepoint region: GenCollectForAllocation
[2022-06-13T03:18:13.013+0000][1][gc,start     ] GC(17) Pause Young (Allocation Failure)
[2022-06-13T03:18:13.013+0000][1][gc,task      ] GC(17) Using 5 workers of 13 for evacuation
[2022-06-13T03:18:13.018+0000][1][gc,age       ] GC(17) Desired survivor size 4456448 bytes, new threshold 6 (max threshold 6)
[2022-06-13T03:18:13.018+0000][1][gc,age       ] GC(17) Age table with threshold 6 (max threshold 6)
[2022-06-13T03:18:13.018+0000][1][gc,age       ] GC(17) - age   1:    3888664 bytes,    3888664 total
[2022-06-13T03:18:13.018+0000][1][gc,age       ] GC(17) - age   2:     375256 bytes,    4263920 total
[2022-06-13T03:18:13.019+0000][1][gc,heap      ] GC(17) ParNew: 76897K->5075K(78656K)
[2022-06-13T03:18:13.019+0000][1][gc,heap      ] GC(17) CMS: 55466K->55466K(174784K)
[2022-06-13T03:18:13.019+0000][1][gc,metaspace ] GC(17) Metaspace: 42379K->42379K(1089536K)
[2022-06-13T03:18:13.019+0000][1][gc           ] GC(17) Pause Young (Allocation Failure) 129M->59M(247M) 6.829ms
[2022-06-13T03:18:13.020+0000][1][gc,cpu       ] GC(17) User=0.02s Sys=0.00s Real=0.01s
[2022-06-13T03:18:13.020+0000][1][safepoint    ] Leaving safepoint region
[2022-06-13T03:18:13.020+0000][1][safepoint    ] Total time for which application threads were stopped: 0.0077147 seconds, Stopping threads took: 0.0001980 seconds
[2022-06-13T03:18:13.020+0000][1][safepoint    ] Application time: 0.0001923 seconds
[2022-06-13T03:18:13.021+0000][1][safepoint    ] Entering safepoint region: CMS_Initial_Mark
[2022-06-13T03:18:13.021+0000][1][gc,start     ] GC(18) Pause Initial Mark
[2022-06-13T03:18:13.023+0000][1][gc           ] GC(18) Pause Initial Mark 60M->60M(247M) 1.598ms
[2022-06-13T03:18:13.023+0000][1][gc,cpu       ] GC(18) User=0.01s Sys=0.00s Real=0.00s
[2022-06-13T03:18:13.023+0000][1][safepoint    ] Leaving safepoint region
[2022-06-13T03:18:13.023+0000][1][safepoint    ] Total time for which application threads were stopped: 0.0026092 seconds, Stopping threads took: 0.0002932 seconds
[2022-06-13T03:18:13.023+0000][1][gc           ] GC(18) Concurrent Mark
[2022-06-13T03:18:13.024+0000][1][gc,task      ] GC(18) Using 4 workers of 4 for marking
[2022-06-13T03:18:13.040+0000][1][safepoint    ] Application time: 0.0167300 seconds
[2022-06-13T03:18:13.041+0000][1][safepoint    ] Entering safepoint region: CollectForMetadataAllocation
[2022-06-13T03:18:13.041+0000][1][safepoint    ] Leaving safepoint region
[2022-06-13T03:18:13.041+0000][1][safepoint    ] Total time for which application threads were stopped: 0.0008358 seconds, Stopping threads took: 0.0002559 seconds
[2022-06-13T03:18:13.046+0000][1][gc           ] GC(18) Concurrent Mark 23.038ms
[2022-06-13T03:18:13.047+0000][1][gc,cpu       ] GC(18) User=0.10s Sys=0.00s Real=0.02s
[2022-06-13T03:18:13.047+0000][1][gc           ] GC(18) Concurrent Preclean
[2022-06-13T03:18:13.049+0000][1][gc           ] GC(18) Concurrent Preclean 1.511ms
[2022-06-13T03:18:13.049+0000][1][gc,cpu       ] GC(18) User=0.00s Sys=0.00s Real=0.00s
[2022-06-13T03:18:13.049+0000][1][gc           ] GC(18) Concurrent Abortable Preclean
[2022-06-13T03:18:13.067+0000][1][safepoint    ] Application time: 0.0256083 seconds
[2022-06-13T03:18:13.068+0000][1][safepoint    ] Entering safepoint region: CollectForMetadataAllocation
[2022-06-13T03:18:13.068+0000][1][safepoint    ] Leaving safepoint region
[2022-06-13T03:18:13.069+0000][1][safepoint    ] Total time for which application threads were stopped: 0.0009648 seconds, Stopping threads took: 0.0004823 seconds
[2022-06-13T03:18:13.189+0000][1][safepoint    ] Application time: 0.1200252 seconds
[2022-06-13T03:18:13.189+0000][1][safepoint    ] Entering safepoint region: CollectForMetadataAllocation
[2022-06-13T03:18:13.190+0000][1][safepoint    ] Leaving safepoint region
[2022-06-13T03:18:13.190+0000][1][safepoint    ] Total time for which application threads were stopped: 0.0006272 seconds, Stopping threads took: 0.0002739 seconds
[2022-06-13T03:18:13.198+0000][1][safepoint    ] Application time: 0.0075550 seconds
[2022-06-13T03:18:13.198+0000][1][safepoint    ] Entering safepoint region: CollectForMetadataAllocation
[2022-06-13T03:18:13.198+0000][1][safepoint    ] Leaving safepoint region
[2022-06-13T03:18:13.199+0000][1][safepoint    ] Total time for which application threads were stopped: 0.0005788 seconds, Stopping threads took: 0.0003205 seconds
[2022-06-13T03:18:13.226+0000][1][safepoint    ] Application time: 0.0268822 seconds
[2022-06-13T03:18:13.226+0000][1][safepoint    ] Entering safepoint region: CollectForMetadataAllocation
[2022-06-13T03:18:13.226+0000][1][safepoint    ] Leaving safepoint region
[2022-06-13T03:18:13.226+0000][1][safepoint    ] Total time for which application threads were stopped: 0.0005551 seconds, Stopping threads took: 0.0002037 seconds
[2022-06-13T03:18:13.236+0000][1][safepoint    ] Application time: 0.0095254 seconds
[2022-06-13T03:18:13.236+0000][1][safepoint    ] Entering safepoint region: CollectForMetadataAllocation
[2022-06-13T03:18:13.237+0000][1][safepoint    ] Leaving safepoint region
[2022-06-13T03:18:13.237+0000][1][safepoint    ] Total time for which application threads were stopped: 0.0004038 seconds, Stopping threads took: 0.0002025 seconds
[2022-06-13T03:18:13.238+0000][1][gc           ] GC(18) Concurrent Abortable Preclean 188.465ms
[2022-06-13T03:18:13.238+0000][1][gc,cpu       ] GC(18) User=0.95s Sys=0.05s Real=0.19s
[2022-06-13T03:18:13.238+0000][1][safepoint    ] Application time: 0.0009328 seconds
[2022-06-13T03:18:13.238+0000][1][safepoint    ] Entering safepoint region: CMS_Final_Remark
[2022-06-13T03:18:13.238+0000][1][gc,start     ] GC(18) Pause Remark
[2022-06-13T03:18:13.249+0000][1][gc           ] GC(18) Pause Remark 94M->94M(247M) 11.127ms
[2022-06-13T03:18:13.250+0000][1][gc,cpu       ] GC(18) User=0.03s Sys=0.00s Real=0.02s
[2022-06-13T03:18:13.250+0000][1][safepoint    ] Leaving safepoint region
[2022-06-13T03:18:13.250+0000][1][safepoint    ] Total time for which application threads were stopped: 0.0120343 seconds, Stopping threads took: 0.0002252 seconds
[2022-06-13T03:18:13.250+0000][1][gc           ] GC(18) Concurrent Sweep
[2022-06-13T03:18:13.259+0000][1][safepoint    ] Application time: 0.0087359 seconds
[2022-06-13T03:18:13.259+0000][1][safepoint    ] Entering safepoint region: Deoptimize
[2022-06-13T03:18:13.261+0000][1][safepoint    ] Leaving safepoint region
[2022-06-13T03:18:13.261+0000][1][safepoint    ] Total time for which application threads were stopped: 0.0015367 seconds, Stopping threads took: 0.0003149 seconds
[2022-06-13T03:18:13.267+0000][1][gc           ] GC(18) Concurrent Sweep 17.086ms
[2022-06-13T03:18:13.268+0000][1][gc,cpu       ] GC(18) User=0.07s Sys=0.00s Real=0.01s
[2022-06-13T03:18:13.268+0000][1][gc           ] GC(18) Concurrent Reset
[2022-06-13T03:18:13.268+0000][1][gc           ] GC(18) Concurrent Reset 0.504ms
[2022-06-13T03:18:13.269+0000][1][gc,cpu       ] GC(18) User=0.00s Sys=0.00s Real=0.00s
[2022-06-13T03:18:13.269+0000][1][gc,heap      ] GC(18) Old: 55466K->55243K(174784K)
[2022-06-13T03:18:13.301+0000][1][safepoint    ] Application time: 0.0405285 seconds
[2022-06-13T03:18:13.301+0000][1][safepoint    ] Entering safepoint region: RevokeBias
[2022-06-13T03:18:13.302+0000][1][safepoint    ] Leaving safepoint region
[2022-06-13T03:18:13.302+0000][1][safepoint    ] Total time for which application threads were stopped: 0.0003638 seconds, Stopping threads took: 0.0001730 seconds
[2022-06-13T03:18:13.305+0000][1][safepoint    ] Application time: 0.0028037 seconds
[2022-06-13T03:18:13.305+0000][1][safepoint    ] Entering safepoint region: RevokeBias
[2022-06-13T03:18:13.305+0000][1][safepoint    ] Leaving safepoint region
[2022-06-13T03:18:13.305+0000][1][safepoint    ] Total time for which application threads were stopped: 0.0002583 seconds, Stopping threads took: 0.0001017 seconds
[2022-06-13T03:18:13.306+0000][1][safepoint    ] Application time: 0.0002035 seconds
[2022-06-13T03:18:13.306+0000][1][safepoint    ] Entering safepoint region: RevokeBias
[2022-06-13T03:18:13.306+0000][1][safepoint    ] Leaving safepoint region
[2022-06-13T03:18:13.306+0000][1][safepoint    ] Total time for which application threads were stopped: 0.0003037 seconds, Stopping threads took: 0.0001294 seconds
[2022-06-13T03:18:13.352+0000][1][safepoint    ] Application time: 0.0463543 seconds
[2022-06-13T03:18:13.353+0000][1][safepoint    ] Entering safepoint region: RevokeBias
[2022-06-13T03:18:13.353+0000][1][safepoint    ] Leaving safepoint region
[2022-06-13T03:18:13.353+0000][1][safepoint    ] Total time for which application threads were stopped: 0.0004121 seconds, Stopping threads took: 0.0001745 seconds
[2022-06-13T03:18:13.407+0000][1][safepoint    ] Application time: 0.0533243 seconds
[2022-06-13T03:18:13.407+0000][1][safepoint    ] Entering safepoint region: RevokeBias
[2022-06-13T03:18:13.408+0000][1][safepoint    ] Leaving safepoint region
[2022-06-13T03:18:13.408+0000][1][safepoint    ] Total time for which application threads were stopped: 0.0008731 seconds, Stopping threads took: 0.0002830 seconds
[2022-06-13T03:18:13.408+0000][1][safepoint    ] Application time: 0.0001162 seconds
[2022-06-13T03:18:13.408+0000][1][safepoint    ] Entering safepoint region: RevokeBias
[2022-06-13T03:18:13.409+0000][1][safepoint    ] Leaving safepoint region
[2022-06-13T03:18:13.409+0000][1][safepoint    ] Total time for which application threads were stopped: 0.0003828 seconds, Stopping threads took: 0.0001980 seconds
[2022-06-13T03:18:13.409+0000][1][safepoint    ] Application time: 0.0002748 seconds
[2022-06-13T03:18:13.409+0000][1][safepoint    ] Entering safepoint region: RevokeBias
[2022-06-13T03:18:13.409+0000][1][safepoint    ] Leaving safepoint region
[2022-06-13T03:18:13.410+0000][1][safepoint    ] Total time for which application threads were stopped: 0.0003645 seconds, Stopping threads took: 0.0001862 seconds
[2022-06-13T03:18:13.410+0000][1][safepoint    ] Application time: 0.0001083 seconds
[2022-06-13T03:18:13.410+0000][1][safepoint    ] Entering safepoint region: RevokeBias
[2022-06-13T03:18:13.410+0000][1][safepoint    ] Leaving safepoint region
[2022-06-13T03:18:13.410+0000][1][safepoint    ] Total time for which application threads were stopped: 0.0003801 seconds, Stopping threads took: 0.0001577 seconds
[2022-06-13T03:18:13.462+0000][1][safepoint    ] Application time: 0.0513144 seconds
[2022-06-13T03:18:13.462+0000][1][safepoint    ] Entering safepoint region: RevokeBias
[2022-06-13T03:18:13.463+0000][1][safepoint    ] Leaving safepoint region
[2022-06-13T03:18:13.463+0000][1][safepoint    ] Total time for which application threads were stopped: 0.0004846 seconds, Stopping threads took: 0.0002672 seconds
[2022-06-13T03:18:13.463+0000][1][safepoint    ] Application time: 0.0001252 seconds
[2022-06-13T03:18:13.463+0000][1][safepoint    ] Entering safepoint region: RevokeBias
[2022-06-13T03:18:13.463+0000][1][safepoint    ] Leaving safepoint region
[2022-06-13T03:18:13.463+0000][1][safepoint    ] Total time for which application threads were stopped: 0.0002633 seconds, Stopping threads took: 0.0001191 seconds
[2022-06-13T03:18:13.463+0000][1][safepoint    ] Application time: 0.0000742 seconds
[2022-06-13T03:18:13.464+0000][1][safepoint    ] Entering safepoint region: RevokeBias
[2022-06-13T03:18:13.464+0000][1][safepoint    ] Leaving safepoint region
[2022-06-13T03:18:13.464+0000][1][safepoint    ] Total time for which application threads were stopped: 0.0002434 seconds, Stopping threads took: 0.0001297 seconds
[2022-06-13T03:18:13.464+0000][1][safepoint    ] Application time: 0.0002111 seconds
[2022-06-13T03:18:13.464+0000][1][safepoint    ] Entering safepoint region: RevokeBias
[2022-06-13T03:18:13.464+0000][1][safepoint    ] Leaving safepoint region
[2022-06-13T03:18:13.465+0000][1][safepoint    ] Total time for which application threads were stopped: 0.0002804 seconds, Stopping threads took: 0.0001660 seconds
[2022-06-13T03:18:13.465+0000][1][safepoint    ] Application time: 0.0002991 seconds
[2022-06-13T03:18:13.465+0000][1][safepoint    ] Entering safepoint region: RevokeBias
[2022-06-13T03:18:13.465+0000][1][safepoint    ] Leaving safepoint region
[2022-06-13T03:18:13.465+0000][1][safepoint    ] Total time for which application threads were stopped: 0.0002653 seconds, Stopping threads took: 0.0001550 seconds
[2022-06-13T03:18:13.465+0000][1][safepoint    ] Application time: 0.0000972 seconds
[2022-06-13T03:18:13.466+0000][1][safepoint    ] Entering safepoint region: RevokeBias
[2022-06-13T03:18:13.466+0000][1][safepoint    ] Leaving safepoint region
[2022-06-13T03:18:13.466+0000][1][safepoint    ] Total time for which application threads were stopped: 0.0002561 seconds, Stopping threads took: 0.0000946 seconds
[2022-06-13T03:18:13.466+0000][1][safepoint    ] Application time: 0.0001690 seconds
[2022-06-13T03:18:13.466+0000][1][safepoint    ] Entering safepoint region: RevokeBias
[2022-06-13T03:18:13.467+0000][1][safepoint    ] Leaving safepoint region
[2022-06-13T03:18:13.467+0000][1][safepoint    ] Total time for which application threads were stopped: 0.0004935 seconds, Stopping threads took: 0.0002089 seconds
[2022-06-13T03:18:13.467+0000][1][safepoint    ] Application time: 0.0001003 seconds
[2022-06-13T03:18:13.467+0000][1][safepoint    ] Entering safepoint region: RevokeBias
[2022-06-13T03:18:13.467+0000][1][safepoint    ] Leaving safepoint region
[2022-06-13T03:18:13.467+0000][1][safepoint    ] Total time for which application threads were stopped: 0.0002443 seconds, Stopping threads took: 0.0001201 seconds
[2022-06-13T03:18:13.468+0000][1][safepoint    ] Application time: 0.0000720 seconds
[2022-06-13T03:18:13.468+0000][1][safepoint    ] Entering safepoint region: RevokeBias
[2022-06-13T03:18:13.468+0000][1][safepoint    ] Leaving safepoint region
[2022-06-13T03:18:13.468+0000][1][safepoint    ] Total time for which application threads were stopped: 0.0003384 seconds, Stopping threads took: 0.0001455 seconds
[2022-06-13T03:18:13.468+0000][1][safepoint    ] Application time: 0.0000952 seconds
[2022-06-13T03:18:13.468+0000][1][safepoint    ] Entering safepoint region: RevokeBias
[2022-06-13T03:18:13.469+0000][1][safepoint    ] Leaving safepoint region
[2022-06-13T03:18:13.469+0000][1][safepoint    ] Total time for which application threads were stopped: 0.0002768 seconds, Stopping threads took: 0.0001177 seconds
[2022-06-13T03:18:13.469+0000][1][safepoint    ] Application time: 0.0000959 seconds
[2022-06-13T03:18:13.469+0000][1][safepoint    ] Entering safepoint region: RevokeBias
[2022-06-13T03:18:13.470+0000][1][safepoint    ] Leaving safepoint region
[2022-06-13T03:18:13.470+0000][1][safepoint    ] Total time for which application threads were stopped: 0.0006347 seconds, Stopping threads took: 0.0003707 seconds
[2022-06-13T03:18:13.470+0000][1][safepoint    ] Application time: 0.0001749 seconds
[2022-06-13T03:18:13.471+0000][1][safepoint    ] Entering safepoint region: RevokeBias
[2022-06-13T03:18:13.471+0000][1][safepoint    ] Leaving safepoint region
[2022-06-13T03:18:13.471+0000][1][safepoint    ] Total time for which application threads were stopped: 0.0007992 seconds, Stopping threads took: 0.0004228 seconds
[2022-06-13T03:18:13.472+0000][1][safepoint    ] Application time: 0.0001512 seconds
[2022-06-13T03:18:13.472+0000][1][safepoint    ] Entering safepoint region: RevokeBias
[2022-06-13T03:18:13.473+0000][1][safepoint    ] Leaving safepoint region
[2022-06-13T03:18:13.473+0000][1][safepoint    ] Total time for which application threads were stopped: 0.0004969 seconds, Stopping threads took: 0.0003316 seconds
[2022-06-13T03:18:13.473+0000][1][safepoint    ] Application time: 0.0000563 seconds
[2022-06-13T03:18:13.473+0000][1][safepoint    ] Entering safepoint region: RevokeBias
[2022-06-13T03:18:13.474+0000][1][safepoint    ] Leaving safepoint region
[2022-06-13T03:18:13.474+0000][1][safepoint    ] Total time for which application threads were stopped: 0.0006197 seconds, Stopping threads took: 0.0002892 seconds
[2022-06-13T03:18:13.474+0000][1][safepoint    ] Application time: 0.0000674 seconds
[2022-06-13T03:18:13.475+0000][1][safepoint    ] Entering safepoint region: RevokeBias
[2022-06-13T03:18:13.475+0000][1][safepoint    ] Leaving safepoint region
[2022-06-13T03:18:13.475+0000][1][safepoint    ] Total time for which application threads were stopped: 0.0008058 seconds, Stopping threads took: 0.0003191 seconds
[2022-06-13T03:18:13.476+0000][1][safepoint    ] Application time: 0.0000908 seconds
[2022-06-13T03:18:13.476+0000][1][safepoint    ] Entering safepoint region: RevokeBias
[2022-06-13T03:18:13.476+0000][1][safepoint    ] Leaving safepoint region
[2022-06-13T03:18:13.477+0000][1][safepoint    ] Total time for which application threads were stopped: 0.0008685 seconds, Stopping threads took: 0.0005418 seconds
[2022-06-13T03:18:13.477+0000][1][safepoint    ] Application time: 0.0001606 seconds
[2022-06-13T03:18:13.477+0000][1][safepoint    ] Entering safepoint region: RevokeBias
[2022-06-13T03:18:13.477+0000][1][safepoint    ] Leaving safepoint region
[2022-06-13T03:18:13.477+0000][1][safepoint    ] Total time for which application threads were stopped: 0.0002526 seconds, Stopping threads took: 0.0001304 seconds
[2022-06-13T03:18:13.478+0000][1][safepoint    ] Application time: 0.0000821 seconds
[2022-06-13T03:18:13.478+0000][1][safepoint    ] Entering safepoint region: RevokeBias
[2022-06-13T03:18:13.478+0000][1][safepoint    ] Leaving safepoint region
[2022-06-13T03:18:13.478+0000][1][safepoint    ] Total time for which application threads were stopped: 0.0003234 seconds, Stopping threads took: 0.0001559 seconds
[2022-06-13T03:18:13.478+0000][1][safepoint    ] Application time: 0.0000835 seconds
[2022-06-13T03:18:13.478+0000][1][safepoint    ] Entering safepoint region: RevokeBias
[2022-06-13T03:18:13.479+0000][1][safepoint    ] Leaving safepoint region
[2022-06-13T03:18:13.479+0000][1][safepoint    ] Total time for which application threads were stopped: 0.0002528 seconds, Stopping threads took: 0.0001254 seconds
[2022-06-13T03:18:13.479+0000][1][safepoint    ] Application time: 0.0000638 seconds
[2022-06-13T03:18:13.479+0000][1][safepoint    ] Entering safepoint region: RevokeBias
[2022-06-13T03:18:13.479+0000][1][safepoint    ] Leaving safepoint region
[2022-06-13T03:18:13.479+0000][1][safepoint    ] Total time for which application threads were stopped: 0.0002904 seconds, Stopping threads took: 0.0001210 seconds
[2022-06-13T03:18:13.479+0000][1][safepoint    ] Application time: 0.0000690 seconds
[2022-06-13T03:18:13.480+0000][1][safepoint    ] Entering safepoint region: RevokeBias
[2022-06-13T03:18:13.480+0000][1][safepoint    ] Leaving safepoint region
[2022-06-13T03:18:13.480+0000][1][safepoint    ] Total time for which application threads were stopped: 0.0002533 seconds, Stopping threads took: 0.0001128 seconds
[2022-06-13T03:18:13.480+0000][1][safepoint    ] Application time: 0.0000764 seconds
[2022-06-13T03:18:13.480+0000][1][safepoint    ] Entering safepoint region: RevokeBias
[2022-06-13T03:18:13.480+0000][1][safepoint    ] Leaving safepoint region
[2022-06-13T03:18:13.480+0000][1][safepoint    ] Total time for which application threads were stopped: 0.0002623 seconds, Stopping threads took: 0.0001136 seconds
[2022-06-13T03:18:13.481+0000][1][safepoint    ] Application time: 0.0000665 seconds
[2022-06-13T03:18:13.481+0000][1][safepoint    ] Entering safepoint region: RevokeBias
[2022-06-13T03:18:13.481+0000][1][safepoint    ] Leaving safepoint region
[2022-06-13T03:18:13.481+0000][1][safepoint    ] Total time for which application threads were stopped: 0.0003049 seconds, Stopping threads took: 0.0001026 seconds
[2022-06-13T03:18:13.481+0000][1][safepoint    ] Application time: 0.0000686 seconds
[2022-06-13T03:18:13.481+0000][1][safepoint    ] Entering safepoint region: RevokeBias
[2022-06-13T03:18:13.481+0000][1][safepoint    ] Leaving safepoint region
[2022-06-13T03:18:13.482+0000][1][safepoint    ] Total time for which application threads were stopped: 0.0002615 seconds, Stopping threads took: 0.0001251 seconds
[2022-06-13T03:18:13.482+0000][1][safepoint    ] Application time: 0.0000559 seconds
[2022-06-13T03:18:13.482+0000][1][safepoint    ] Entering safepoint region: RevokeBias
[2022-06-13T03:18:13.482+0000][1][safepoint    ] Leaving safepoint region
[2022-06-13T03:18:13.482+0000][1][safepoint    ] Total time for which application threads were stopped: 0.0002799 seconds, Stopping threads took: 0.0001462 seconds
[2022-06-13T03:18:13.482+0000][1][safepoint    ] Application time: 0.0000678 seconds
[2022-06-13T03:18:13.482+0000][1][safepoint    ] Entering safepoint region: BulkRevokeBias
[2022-06-13T03:18:13.483+0000][1][safepoint    ] Leaving safepoint region
[2022-06-13T03:18:13.483+0000][1][safepoint    ] Total time for which application threads were stopped: 0.0008521 seconds, Stopping threads took: 0.0001247 seconds
[2022-06-13T03:18:13.484+0000][1][safepoint    ] Application time: 0.0001996 seconds
[2022-06-13T03:18:13.484+0000][1][safepoint    ] Entering safepoint region: RevokeBias
[2022-06-13T03:18:13.484+0000][1][safepoint    ] Leaving safepoint region
[2022-06-13T03:18:13.484+0000][1][safepoint    ] Total time for which application threads were stopped: 0.0002511 seconds, Stopping threads took: 0.0001066 seconds
[2022-06-13T03:18:13.484+0000][1][safepoint    ] Application time: 0.0001068 seconds
[2022-06-13T03:18:13.484+0000][1][safepoint    ] Entering safepoint region: RevokeBias
[2022-06-13T03:18:13.485+0000][1][safepoint    ] Leaving safepoint region
[2022-06-13T03:18:13.485+0000][1][safepoint    ] Total time for which application threads were stopped: 0.0002849 seconds, Stopping threads took: 0.0001349 seconds
[2022-06-13T03:18:13.485+0000][1][safepoint    ] Application time: 0.0001828 seconds
[2022-06-13T03:18:13.485+0000][1][safepoint    ] Entering safepoint region: RevokeBias
[2022-06-13T03:18:13.485+0000][1][safepoint    ] Leaving safepoint region
[2022-06-13T03:18:13.485+0000][1][safepoint    ] Total time for which application threads were stopped: 0.0002906 seconds, Stopping threads took: 0.0001240 seconds
[2022-06-13T03:18:13.486+0000][1][safepoint    ] Application time: 0.0000960 seconds
[2022-06-13T03:18:13.486+0000][1][safepoint    ] Entering safepoint region: RevokeBias
[2022-06-13T03:18:13.486+0000][1][safepoint    ] Leaving safepoint region
[2022-06-13T03:18:13.486+0000][1][safepoint    ] Total time for which application threads were stopped: 0.0003061 seconds, Stopping threads took: 0.0001318 seconds
[2022-06-13T03:18:13.486+0000][1][safepoint    ] Application time: 0.0001059 seconds
[2022-06-13T03:18:13.486+0000][1][safepoint    ] Entering safepoint region: RevokeBias
[2022-06-13T03:18:13.487+0000][1][safepoint    ] Leaving safepoint region
[2022-06-13T03:18:13.487+0000][1][safepoint    ] Total time for which application threads were stopped: 0.0002836 seconds, Stopping threads took: 0.0001230 seconds
[2022-06-13T03:18:13.487+0000][1][safepoint    ] Application time: 0.0000814 seconds
[2022-06-13T03:18:13.487+0000][1][safepoint    ] Entering safepoint region: RevokeBias
[2022-06-13T03:18:13.487+0000][1][safepoint    ] Leaving safepoint region
[2022-06-13T03:18:13.487+0000][1][safepoint    ] Total time for which application threads were stopped: 0.0002827 seconds, Stopping threads took: 0.0001233 seconds
[2022-06-13T03:18:13.488+0000][1][safepoint    ] Application time: 0.0000998 seconds
[2022-06-13T03:18:13.488+0000][1][safepoint    ] Entering safepoint region: RevokeBias
[2022-06-13T03:18:13.488+0000][1][safepoint    ] Leaving safepoint region
[2022-06-13T03:18:13.488+0000][1][safepoint    ] Total time for which application threads were stopped: 0.0002885 seconds, Stopping threads took: 0.0001291 seconds
[2022-06-13T03:18:13.488+0000][1][safepoint    ] Application time: 0.0000721 seconds
[2022-06-13T03:18:13.488+0000][1][safepoint    ] Entering safepoint region: RevokeBias
[2022-06-13T03:18:13.488+0000][1][safepoint    ] Leaving safepoint region
[2022-06-13T03:18:13.489+0000][1][safepoint    ] Total time for which application threads were stopped: 0.0002884 seconds, Stopping threads took: 0.0001141 seconds
[2022-06-13T03:18:13.489+0000][1][safepoint    ] Application time: 0.0000958 seconds
[2022-06-13T03:18:13.489+0000][1][safepoint    ] Entering safepoint region: RevokeBias
[2022-06-13T03:18:13.489+0000][1][safepoint    ] Leaving safepoint region
[2022-06-13T03:18:13.489+0000][1][safepoint    ] Total time for which application threads were stopped: 0.0003806 seconds, Stopping threads took: 0.0002574 seconds
[2022-06-13T03:18:13.489+0000][1][safepoint    ] Application time: 0.0000627 seconds
[2022-06-13T03:18:13.490+0000][1][safepoint    ] Entering safepoint region: RevokeBias
[2022-06-13T03:18:13.490+0000][1][safepoint    ] Leaving safepoint region
[2022-06-13T03:18:13.490+0000][1][safepoint    ] Total time for which application threads were stopped: 0.0002438 seconds, Stopping threads took: 0.0001097 seconds
[2022-06-13T03:18:13.490+0000][1][safepoint    ] Application time: 0.0000696 seconds
[2022-06-13T03:18:13.490+0000][1][safepoint    ] Entering safepoint region: RevokeBias
[2022-06-13T03:18:13.490+0000][1][safepoint    ] Leaving safepoint region
[2022-06-13T03:18:13.490+0000][1][safepoint    ] Total time for which application threads were stopped: 0.0002283 seconds, Stopping threads took: 0.0000953 seconds
[2022-06-13T03:18:13.491+0000][1][safepoint    ] Application time: 0.0000635 seconds
[2022-06-13T03:18:13.491+0000][1][safepoint    ] Entering safepoint region: RevokeBias
[2022-06-13T03:18:13.491+0000][1][safepoint    ] Leaving safepoint region
[2022-06-13T03:18:13.491+0000][1][safepoint    ] Total time for which application threads were stopped: 0.0002351 seconds, Stopping threads took: 0.0001103 seconds
[2022-06-13T03:18:13.491+0000][1][safepoint    ] Application time: 0.0000659 seconds
[2022-06-13T03:18:13.491+0000][1][safepoint    ] Entering safepoint region: RevokeBias
[2022-06-13T03:18:13.491+0000][1][safepoint    ] Leaving safepoint region
[2022-06-13T03:18:13.492+0000][1][safepoint    ] Total time for which application threads were stopped: 0.0003015 seconds, Stopping threads took: 0.0001518 seconds
[2022-06-13T03:18:13.492+0000][1][safepoint    ] Application time: 0.0000633 seconds
[2022-06-13T03:18:13.492+0000][1][safepoint    ] Entering safepoint region: RevokeBias
[2022-06-13T03:18:13.492+0000][1][safepoint    ] Leaving safepoint region
[2022-06-13T03:18:13.492+0000][1][safepoint    ] Total time for which application threads were stopped: 0.0002356 seconds, Stopping threads took: 0.0001106 seconds
[2022-06-13T03:18:13.492+0000][1][safepoint    ] Application time: 0.0000560 seconds
[2022-06-13T03:18:13.492+0000][1][safepoint    ] Entering safepoint region: RevokeBias
[2022-06-13T03:18:13.493+0000][1][safepoint    ] Leaving safepoint region
[2022-06-13T03:18:13.493+0000][1][safepoint    ] Total time for which application threads were stopped: 0.0002340 seconds, Stopping threads took: 0.0001007 seconds
[2022-06-13T03:18:13.493+0000][1][safepoint    ] Application time: 0.0000674 seconds
[2022-06-13T03:18:13.493+0000][1][safepoint    ] Entering safepoint region: RevokeBias
[2022-06-13T03:18:13.493+0000][1][safepoint    ] Leaving safepoint region
[2022-06-13T03:18:13.493+0000][1][safepoint    ] Total time for which application threads were stopped: 0.0002945 seconds, Stopping threads took: 0.0001408 seconds
[2022-06-13T03:18:13.493+0000][1][safepoint    ] Application time: 0.0000604 seconds
[2022-06-13T03:18:13.494+0000][1][safepoint    ] Entering safepoint region: RevokeBias
[2022-06-13T03:18:13.494+0000][1][safepoint    ] Leaving safepoint region
[2022-06-13T03:18:13.494+0000][1][safepoint    ] Total time for which application threads were stopped: 0.0002554 seconds, Stopping threads took: 0.0001191 seconds
[2022-06-13T03:18:13.494+0000][1][safepoint    ] Application time: 0.0000598 seconds
[2022-06-13T03:18:13.494+0000][1][safepoint    ] Entering safepoint region: RevokeBias
[2022-06-13T03:18:13.494+0000][1][safepoint    ] Leaving safepoint region
[2022-06-13T03:18:13.494+0000][1][safepoint    ] Total time for which application threads were stopped: 0.0002332 seconds, Stopping threads took: 0.0001105 seconds
[2022-06-13T03:18:13.495+0000][1][safepoint    ] Application time: 0.0000792 seconds
[2022-06-13T03:18:13.495+0000][1][safepoint    ] Entering safepoint region: RevokeBias
[2022-06-13T03:18:13.495+0000][1][safepoint    ] Leaving safepoint region
[2022-06-13T03:18:13.495+0000][1][safepoint    ] Total time for which application threads were stopped: 0.0002663 seconds, Stopping threads took: 0.0001158 seconds
[2022-06-13T03:18:13.495+0000][1][safepoint    ] Application time: 0.0000541 seconds
[2022-06-13T03:18:13.495+0000][1][safepoint    ] Entering safepoint region: RevokeBias
[2022-06-13T03:18:13.495+0000][1][safepoint    ] Leaving safepoint region
[2022-06-13T03:18:13.495+0000][1][safepoint    ] Total time for which application threads were stopped: 0.0002821 seconds, Stopping threads took: 0.0001128 seconds
[2022-06-13T03:18:13.496+0000][1][safepoint    ] Application time: 0.0000566 seconds
[2022-06-13T03:18:13.496+0000][1][safepoint    ] Entering safepoint region: RevokeBias
[2022-06-13T03:18:13.496+0000][1][safepoint    ] Leaving safepoint region
[2022-06-13T03:18:13.496+0000][1][safepoint    ] Total time for which application threads were stopped: 0.0002366 seconds, Stopping threads took: 0.0000909 seconds
[2022-06-13T03:18:13.496+0000][1][safepoint    ] Application time: 0.0000587 seconds
[2022-06-13T03:18:13.496+0000][1][safepoint    ] Entering safepoint region: RevokeBias
[2022-06-13T03:18:13.496+0000][1][safepoint    ] Leaving safepoint region
[2022-06-13T03:18:13.496+0000][1][safepoint    ] Total time for which application threads were stopped: 0.0002302 seconds, Stopping threads took: 0.0001057 seconds
[2022-06-13T03:18:13.497+0000][1][safepoint    ] Application time: 0.0000689 seconds
[2022-06-13T03:18:13.497+0000][1][safepoint    ] Entering safepoint region: RevokeBias
[2022-06-13T03:18:13.497+0000][1][safepoint    ] Leaving safepoint region
[2022-06-13T03:18:13.497+0000][1][safepoint    ] Total time for which application threads were stopped: 0.0002324 seconds, Stopping threads took: 0.0001155 seconds
[2022-06-13T03:18:13.497+0000][1][safepoint    ] Application time: 0.0000686 seconds
[2022-06-13T03:18:13.497+0000][1][safepoint    ] Entering safepoint region: BulkRevokeBias
[2022-06-13T03:18:13.497+0000][1][safepoint    ] Leaving safepoint region
[2022-06-13T03:18:13.498+0000][1][safepoint    ] Total time for which application threads were stopped: 0.0002680 seconds, Stopping threads took: 0.0001050 seconds
[2022-06-13T03:18:13.498+0000][1][safepoint    ] Application time: 0.0001992 seconds
[2022-06-13T03:18:13.498+0000][1][safepoint    ] Entering safepoint region: RevokeBias
[2022-06-13T03:18:13.498+0000][1][safepoint    ] Leaving safepoint region
[2022-06-13T03:18:13.498+0000][1][safepoint    ] Total time for which application threads were stopped: 0.0003319 seconds, Stopping threads took: 0.0001984 seconds
[2022-06-13T03:18:13.499+0000][1][safepoint    ] Application time: 0.0001213 seconds
[2022-06-13T03:18:13.499+0000][1][safepoint    ] Entering safepoint region: RevokeBias
[2022-06-13T03:18:13.499+0000][1][safepoint    ] Leaving safepoint region
[2022-06-13T03:18:13.499+0000][1][safepoint    ] Total time for which application threads were stopped: 0.0002978 seconds, Stopping threads took: 0.0001525 seconds
[2022-06-13T03:18:13.499+0000][1][safepoint    ] Application time: 0.0001432 seconds
[2022-06-13T03:18:13.499+0000][1][safepoint    ] Entering safepoint region: RevokeBias
[2022-06-13T03:18:13.500+0000][1][safepoint    ] Leaving safepoint region
[2022-06-13T03:18:13.500+0000][1][safepoint    ] Total time for which application threads were stopped: 0.0002842 seconds, Stopping threads took: 0.0001268 seconds
[2022-06-13T03:18:13.500+0000][1][safepoint    ] Application time: 0.0000875 seconds
[2022-06-13T03:18:13.500+0000][1][safepoint    ] Entering safepoint region: RevokeBias
[2022-06-13T03:18:13.500+0000][1][safepoint    ] Leaving safepoint region
[2022-06-13T03:18:13.501+0000][1][safepoint    ] Total time for which application threads were stopped: 0.0006513 seconds, Stopping threads took: 0.0005071 seconds
[2022-06-13T03:18:13.501+0000][1][safepoint    ] Application time: 0.0000843 seconds
[2022-06-13T03:18:13.501+0000][1][safepoint    ] Entering safepoint region: RevokeBias
[2022-06-13T03:18:13.501+0000][1][safepoint    ] Leaving safepoint region
[2022-06-13T03:18:13.501+0000][1][safepoint    ] Total time for which application threads were stopped: 0.0003001 seconds, Stopping threads took: 0.0001256 seconds
[2022-06-13T03:18:13.501+0000][1][safepoint    ] Application time: 0.0000934 seconds
[2022-06-13T03:18:13.502+0000][1][safepoint    ] Entering safepoint region: RevokeBias
[2022-06-13T03:18:13.502+0000][1][safepoint    ] Leaving safepoint region
[2022-06-13T03:18:13.502+0000][1][safepoint    ] Total time for which application threads were stopped: 0.0003292 seconds, Stopping threads took: 0.0001452 seconds
[2022-06-13T03:18:13.502+0000][1][safepoint    ] Application time: 0.0003037 seconds
[2022-06-13T03:18:13.503+0000][1][safepoint    ] Entering safepoint region: RevokeBias
[2022-06-13T03:18:13.503+0000][1][safepoint    ] Leaving safepoint region
[2022-06-13T03:18:13.503+0000][1][safepoint    ] Total time for which application threads were stopped: 0.0005722 seconds, Stopping threads took: 0.0004022 seconds
[2022-06-13T03:18:13.503+0000][1][safepoint    ] Application time: 0.0001372 seconds
[2022-06-13T03:18:13.503+0000][1][safepoint    ] Entering safepoint region: RevokeBias
[2022-06-13T03:18:13.504+0000][1][safepoint    ] Leaving safepoint region
[2022-06-13T03:18:13.504+0000][1][safepoint    ] Total time for which application threads were stopped: 0.0002486 seconds, Stopping threads took: 0.0001128 seconds
[2022-06-13T03:18:13.504+0000][1][safepoint    ] Application time: 0.0004208 seconds
[2022-06-13T03:18:13.504+0000][1][safepoint    ] Entering safepoint region: RevokeBias
[2022-06-13T03:18:13.505+0000][1][safepoint    ] Leaving safepoint region
[2022-06-13T03:18:13.505+0000][1][safepoint    ] Total time for which application threads were stopped: 0.0003314 seconds, Stopping threads took: 0.0001593 seconds
[2022-06-13T03:18:13.505+0000][1][safepoint    ] Application time: 0.0001261 seconds
[2022-06-13T03:18:13.505+0000][1][safepoint    ] Entering safepoint region: RevokeBias
[2022-06-13T03:18:13.505+0000][1][safepoint    ] Leaving safepoint region
[2022-06-13T03:18:13.505+0000][1][safepoint    ] Total time for which application threads were stopped: 0.0003632 seconds, Stopping threads took: 0.0002294 seconds
[2022-06-13T03:18:13.506+0000][1][safepoint    ] Application time: 0.0003573 seconds
[2022-06-13T03:18:13.506+0000][1][safepoint    ] Entering safepoint region: RevokeBias
[2022-06-13T03:18:13.506+0000][1][safepoint    ] Leaving safepoint region
[2022-06-13T03:18:13.506+0000][1][safepoint    ] Total time for which application threads were stopped: 0.0004445 seconds, Stopping threads took: 0.0003080 seconds
[2022-06-13T03:18:13.507+0000][1][safepoint    ] Application time: 0.0001212 seconds
[2022-06-13T03:18:13.507+0000][1][safepoint    ] Entering safepoint region: RevokeBias
[2022-06-13T03:18:13.507+0000][1][safepoint    ] Leaving safepoint region
[2022-06-13T03:18:13.507+0000][1][safepoint    ] Total time for which application threads were stopped: 0.0003135 seconds, Stopping threads took: 0.0001735 seconds
[2022-06-13T03:18:13.507+0000][1][safepoint    ] Application time: 0.0001656 seconds
[2022-06-13T03:18:13.507+0000][1][safepoint    ] Entering safepoint region: RevokeBias
[2022-06-13T03:18:13.508+0000][1][safepoint    ] Leaving safepoint region
[2022-06-13T03:18:13.508+0000][1][safepoint    ] Total time for which application threads were stopped: 0.0002624 seconds, Stopping threads took: 0.0001210 seconds
[2022-06-13T03:18:13.508+0000][1][safepoint    ] Application time: 0.0000956 seconds
[2022-06-13T03:18:13.508+0000][1][safepoint    ] Entering safepoint region: RevokeBias
[2022-06-13T03:18:13.508+0000][1][safepoint    ] Leaving safepoint region
[2022-06-13T03:18:13.508+0000][1][safepoint    ] Total time for which application threads were stopped: 0.0002451 seconds, Stopping threads took: 0.0001036 seconds
[2022-06-13T03:18:13.509+0000][1][safepoint    ] Application time: 0.0003744 seconds
[2022-06-13T03:18:13.509+0000][1][safepoint    ] Entering safepoint region: RevokeBias
[2022-06-13T03:18:13.509+0000][1][safepoint    ] Leaving safepoint region
[2022-06-13T03:18:13.509+0000][1][safepoint    ] Total time for which application threads were stopped: 0.0003371 seconds, Stopping threads took: 0.0001480 seconds
[2022-06-13T03:18:13.510+0000][1][safepoint    ] Application time: 0.0009347 seconds
[2022-06-13T03:18:13.510+0000][1][safepoint    ] Entering safepoint region: RevokeBias
[2022-06-13T03:18:13.511+0000][1][safepoint    ] Leaving safepoint region
[2022-06-13T03:18:13.511+0000][1][safepoint    ] Total time for which application threads were stopped: 0.0003169 seconds, Stopping threads took: 0.0001483 seconds
[2022-06-13T03:18:13.511+0000][1][safepoint    ] Application time: 0.0001419 seconds
[2022-06-13T03:18:13.511+0000][1][safepoint    ] Entering safepoint region: RevokeBias
[2022-06-13T03:18:13.511+0000][1][safepoint    ] Leaving safepoint region
[2022-06-13T03:18:13.511+0000][1][safepoint    ] Total time for which application threads were stopped: 0.0003334 seconds, Stopping threads took: 0.0001296 seconds
[2022-06-13T03:18:13.512+0000][1][safepoint    ] Application time: 0.0000780 seconds
[2022-06-13T03:18:13.512+0000][1][safepoint    ] Entering safepoint region: RevokeBias
[2022-06-13T03:18:13.512+0000][1][safepoint    ] Leaving safepoint region
[2022-06-13T03:18:13.512+0000][1][safepoint    ] Total time for which application threads were stopped: 0.0003118 seconds, Stopping threads took: 0.0001681 seconds
[2022-06-13T03:18:13.513+0000][1][safepoint    ] Application time: 0.0011598 seconds
[2022-06-13T03:18:13.513+0000][1][safepoint    ] Entering safepoint region: RevokeBias
[2022-06-13T03:18:13.514+0000][1][safepoint    ] Leaving safepoint region
[2022-06-13T03:18:13.514+0000][1][safepoint    ] Total time for which application threads were stopped: 0.0002501 seconds, Stopping threads took: 0.0001087 seconds
[2022-06-13T03:18:13.514+0000][1][safepoint    ] Application time: 0.0000752 seconds
[2022-06-13T03:18:13.515+0000][1][safepoint    ] Entering safepoint region: RevokeBias
[2022-06-13T03:18:13.515+0000][1][safepoint    ] Leaving safepoint region
[2022-06-13T03:18:13.515+0000][1][safepoint    ] Total time for which application threads were stopped: 0.0009866 seconds, Stopping threads took: 0.0007978 seconds
[2022-06-13T03:18:13.515+0000][1][safepoint    ] Application time: 0.0001875 seconds
[2022-06-13T03:18:13.516+0000][1][safepoint    ] Entering safepoint region: RevokeBias
[2022-06-13T03:18:13.516+0000][1][safepoint    ] Leaving safepoint region
[2022-06-13T03:18:13.516+0000][1][safepoint    ] Total time for which application threads were stopped: 0.0004044 seconds, Stopping threads took: 0.0002786 seconds
[2022-06-13T03:18:13.532+0000][1][safepoint    ] Application time: 0.0160853 seconds
[2022-06-13T03:18:13.532+0000][1][safepoint    ] Entering safepoint region: GenCollectForAllocation
[2022-06-13T03:18:13.532+0000][1][gc,start     ] GC(19) Pause Young (Allocation Failure)
[2022-06-13T03:18:13.533+0000][1][gc,task      ] GC(19) Using 5 workers of 13 for evacuation
[2022-06-13T03:18:13.537+0000][1][gc,age       ] GC(19) Desired survivor size 4456448 bytes, new threshold 2 (max threshold 6)
[2022-06-13T03:18:13.537+0000][1][gc,age       ] GC(19) Age table with threshold 2 (max threshold 6)
[2022-06-13T03:18:13.538+0000][1][gc,age       ] GC(19) - age   1:    3026048 bytes,    3026048 total
[2022-06-13T03:18:13.538+0000][1][gc,age       ] GC(19) - age   2:    3787632 bytes,    6813680 total
[2022-06-13T03:18:13.538+0000][1][gc,age       ] GC(19) - age   3:     373416 bytes,    7187096 total
[2022-06-13T03:18:13.538+0000][1][gc,heap      ] GC(19) ParNew: 75027K->7867K(78656K)
[2022-06-13T03:18:13.538+0000][1][gc,heap      ] GC(19) CMS: 55243K->55243K(174784K)
[2022-06-13T03:18:13.538+0000][1][gc,metaspace ] GC(19) Metaspace: 47429K->47429K(1093632K)
[2022-06-13T03:18:13.538+0000][1][gc           ] GC(19) Pause Young (Allocation Failure) 127M->61M(247M) 5.722ms
[2022-06-13T03:18:13.538+0000][1][gc,cpu       ] GC(19) User=0.02s Sys=0.00s Real=0.00s
[2022-06-13T03:18:13.538+0000][1][safepoint    ] Leaving safepoint region
[2022-06-13T03:18:13.538+0000][1][safepoint    ] Total time for which application threads were stopped: 0.0062328 seconds, Stopping threads took: 0.0001455 seconds
[2022-06-13T03:18:13.675+0000][1][safepoint    ] Application time: 0.1364884 seconds
[2022-06-13T03:18:13.675+0000][1][safepoint    ] Entering safepoint region: RevokeBias
[2022-06-13T03:18:13.676+0000][1][safepoint    ] Leaving safepoint region
[2022-06-13T03:18:13.676+0000][1][safepoint    ] Total time for which application threads were stopped: 0.0006799 seconds, Stopping threads took: 0.0002911 seconds
[2022-06-13T03:18:14.021+0000][1][safepoint    ] Application time: 0.3443375 seconds
[2022-06-13T03:18:14.021+0000][1][safepoint    ] Entering safepoint region: GenCollectForAllocation
[2022-06-13T03:18:14.022+0000][1][gc,start     ] GC(20) Pause Young (Allocation Failure)
[2022-06-13T03:18:14.022+0000][1][gc,task      ] GC(20) Using 5 workers of 13 for evacuation
[2022-06-13T03:18:14.030+0000][1][gc,age       ] GC(20) Desired survivor size 4456448 bytes, new threshold 2 (max threshold 6)
[2022-06-13T03:18:14.030+0000][1][gc,age       ] GC(20) Age table with threshold 2 (max threshold 6)
[2022-06-13T03:18:14.030+0000][1][gc,age       ] GC(20) - age   1:    1504696 bytes,    1504696 total
[2022-06-13T03:18:14.031+0000][1][gc,age       ] GC(20) - age   2:    2984952 bytes,    4489648 total
[2022-06-13T03:18:14.031+0000][1][gc,heap      ] GC(20) ParNew: 77819K->6157K(78656K)
[2022-06-13T03:18:14.031+0000][1][gc,heap      ] GC(20) CMS: 55243K->59446K(174784K)
[2022-06-13T03:18:14.032+0000][1][gc,metaspace ] GC(20) Metaspace: 54060K->54060K(1099776K)
[2022-06-13T03:18:14.032+0000][1][gc           ] GC(20) Pause Young (Allocation Failure) 129M->64M(247M) 10.122ms
[2022-06-13T03:18:14.032+0000][1][gc,cpu       ] GC(20) User=0.03s Sys=0.00s Real=0.01s
[2022-06-13T03:18:14.032+0000][1][safepoint    ] Leaving safepoint region
[2022-06-13T03:18:14.033+0000][1][safepoint    ] Total time for which application threads were stopped: 0.0113928 seconds, Stopping threads took: 0.0003356 seconds
[2022-06-13T03:18:14.187+0000][1][safepoint    ] Application time: 0.1535348 seconds
[2022-06-13T03:18:14.187+0000][1][safepoint    ] Entering safepoint region: Deoptimize
[2022-06-13T03:18:14.188+0000][1][safepoint    ] Leaving safepoint region
[2022-06-13T03:18:14.188+0000][1][safepoint    ] Total time for which application threads were stopped: 0.0016621 seconds, Stopping threads took: 0.0001746 seconds
[2022-06-13T03:18:14.213+0000][1][safepoint    ] Application time: 0.0242118 seconds
[2022-06-13T03:18:14.213+0000][1][safepoint    ] Entering safepoint region: RevokeBias
[2022-06-13T03:18:14.214+0000][1][safepoint    ] Leaving safepoint region
[2022-06-13T03:18:14.214+0000][1][safepoint    ] Total time for which application threads were stopped: 0.0008086 seconds, Stopping threads took: 0.0005343 seconds
[2022-06-13T03:18:14.214+0000][1][safepoint    ] Application time: 0.0001299 seconds
[2022-06-13T03:18:14.214+0000][1][safepoint    ] Entering safepoint region: RevokeBias
[2022-06-13T03:18:14.215+0000][1][safepoint    ] Leaving safepoint region
[2022-06-13T03:18:14.215+0000][1][safepoint    ] Total time for which application threads were stopped: 0.0004663 seconds, Stopping threads took: 0.0002510 seconds
[2022-06-13T03:18:14.215+0000][1][safepoint    ] Application time: 0.0001555 seconds
[2022-06-13T03:18:14.215+0000][1][safepoint    ] Entering safepoint region: RevokeBias
[2022-06-13T03:18:14.215+0000][1][safepoint    ] Leaving safepoint region
[2022-06-13T03:18:14.216+0000][1][safepoint    ] Total time for which application threads were stopped: 0.0002705 seconds, Stopping threads took: 0.0001143 seconds
[2022-06-13T03:18:14.218+0000][1][safepoint    ] Application time: 0.0021109 seconds
[2022-06-13T03:18:14.218+0000][1][safepoint    ] Entering safepoint region: RevokeBias
[2022-06-13T03:18:14.218+0000][1][safepoint    ] Leaving safepoint region
[2022-06-13T03:18:14.218+0000][1][safepoint    ] Total time for which application threads were stopped: 0.0004108 seconds, Stopping threads took: 0.0001896 seconds
[2022-06-13T03:18:14.361+0000][1][safepoint    ] Application time: 0.1422625 seconds
[2022-06-13T03:18:14.361+0000][1][safepoint    ] Entering safepoint region: Deoptimize
[2022-06-13T03:18:14.363+0000][1][safepoint    ] Leaving safepoint region
[2022-06-13T03:18:14.364+0000][1][safepoint    ] Total time for which application threads were stopped: 0.0024766 seconds, Stopping threads took: 0.0001730 seconds
[2022-06-13T03:18:14.401+0000][1][safepoint    ] Application time: 0.0378205 seconds
[2022-06-13T03:18:14.402+0000][1][safepoint    ] Entering safepoint region: RevokeBias
[2022-06-13T03:18:14.402+0000][1][safepoint    ] Leaving safepoint region
[2022-06-13T03:18:14.402+0000][1][safepoint    ] Total time for which application threads were stopped: 0.0006767 seconds, Stopping threads took: 0.0003533 seconds
[2022-06-13T03:18:14.403+0000][1][safepoint    ] Application time: 0.0001723 seconds
[2022-06-13T03:18:14.403+0000][1][safepoint    ] Entering safepoint region: BulkRevokeBias
[2022-06-13T03:18:14.403+0000][1][safepoint    ] Leaving safepoint region
[2022-06-13T03:18:14.404+0000][1][safepoint    ] Total time for which application threads were stopped: 0.0005717 seconds, Stopping threads took: 0.0002360 seconds
[2022-06-13T03:18:14.528+0000][1][safepoint    ] Application time: 0.1243326 seconds
[2022-06-13T03:18:14.528+0000][1][safepoint    ] Entering safepoint region: RevokeBias
[2022-06-13T03:18:14.528+0000][1][safepoint    ] Leaving safepoint region
[2022-06-13T03:18:14.529+0000][1][safepoint    ] Total time for which application threads were stopped: 0.0002678 seconds, Stopping threads took: 0.0001155 seconds
[2022-06-13T03:18:14.529+0000][1][safepoint    ] Application time: 0.0001240 seconds
[2022-06-13T03:18:14.529+0000][1][safepoint    ] Entering safepoint region: RevokeBias
[2022-06-13T03:18:14.529+0000][1][safepoint    ] Leaving safepoint region
[2022-06-13T03:18:14.529+0000][1][safepoint    ] Total time for which application threads were stopped: 0.0002263 seconds, Stopping threads took: 0.0000944 seconds
[2022-06-13T03:18:14.529+0000][1][safepoint    ] Application time: 0.0001014 seconds
[2022-06-13T03:18:14.530+0000][1][safepoint    ] Entering safepoint region: RevokeBias
[2022-06-13T03:18:14.530+0000][1][safepoint    ] Leaving safepoint region
[2022-06-13T03:18:14.530+0000][1][safepoint    ] Total time for which application threads were stopped: 0.0002212 seconds, Stopping threads took: 0.0000991 seconds
[2022-06-13T03:18:14.530+0000][1][safepoint    ] Application time: 0.0000799 seconds
[2022-06-13T03:18:14.530+0000][1][safepoint    ] Entering safepoint region: RevokeBias
[2022-06-13T03:18:14.530+0000][1][safepoint    ] Leaving safepoint region
[2022-06-13T03:18:14.530+0000][1][safepoint    ] Total time for which application threads were stopped: 0.0001959 seconds, Stopping threads took: 0.0000977 seconds
[2022-06-13T03:18:14.530+0000][1][safepoint    ] Application time: 0.0001134 seconds
[2022-06-13T03:18:14.531+0000][1][safepoint    ] Entering safepoint region: RevokeBias
[2022-06-13T03:18:14.531+0000][1][safepoint    ] Leaving safepoint region
[2022-06-13T03:18:14.531+0000][1][safepoint    ] Total time for which application threads were stopped: 0.0001831 seconds, Stopping threads took: 0.0000856 seconds
[2022-06-13T03:18:14.607+0000][1][safepoint    ] Application time: 0.0766826 seconds
[2022-06-13T03:18:14.608+0000][1][safepoint    ] Entering safepoint region: RevokeBias
[2022-06-13T03:18:14.608+0000][1][safepoint    ] Leaving safepoint region
[2022-06-13T03:18:14.608+0000][1][safepoint    ] Total time for which application threads were stopped: 0.0002622 seconds, Stopping threads took: 0.0001071 seconds
[2022-06-13T03:18:14.608+0000][1][safepoint    ] Application time: 0.0000672 seconds
[2022-06-13T03:18:14.608+0000][1][safepoint    ] Entering safepoint region: RevokeBias
[2022-06-13T03:18:14.608+0000][1][safepoint    ] Leaving safepoint region
[2022-06-13T03:18:14.608+0000][1][safepoint    ] Total time for which application threads were stopped: 0.0002077 seconds, Stopping threads took: 0.0000905 seconds
[2022-06-13T03:18:14.686+0000][1][safepoint    ] Application time: 0.0770482 seconds
[2022-06-13T03:18:14.686+0000][1][safepoint    ] Entering safepoint region: GenCollectForAllocation
[2022-06-13T03:18:14.687+0000][1][gc,start     ] GC(21) Pause Young (Allocation Failure)
[2022-06-13T03:18:14.687+0000][1][gc,task      ] GC(21) Using 5 workers of 13 for evacuation
[2022-06-13T03:18:14.696+0000][1][gc,age       ] GC(21) Desired survivor size 4456448 bytes, new threshold 2 (max threshold 6)
[2022-06-13T03:18:14.696+0000][1][gc,age       ] GC(21) Age table with threshold 2 (max threshold 6)
[2022-06-13T03:18:14.696+0000][1][gc,age       ] GC(21) - age   1:    4065872 bytes,    4065872 total
[2022-06-13T03:18:14.697+0000][1][gc,age       ] GC(21) - age   2:    1431544 bytes,    5497416 total
[2022-06-13T03:18:14.697+0000][1][gc,heap      ] GC(21) ParNew: 76109K->8689K(78656K)
[2022-06-13T03:18:14.697+0000][1][gc,heap      ] GC(21) CMS: 59446K->62423K(174784K)
[2022-06-13T03:18:14.698+0000][1][gc,metaspace ] GC(21) Metaspace: 62277K->62277K(1105920K)
[2022-06-13T03:18:14.698+0000][1][gc           ] GC(21) Pause Young (Allocation Failure) 132M->69M(247M) 11.342ms
[2022-06-13T03:18:14.698+0000][1][gc,cpu       ] GC(21) User=0.04s Sys=0.00s Real=0.01s
[2022-06-13T03:18:14.699+0000][1][safepoint    ] Leaving safepoint region
[2022-06-13T03:18:14.699+0000][1][safepoint    ] Total time for which application threads were stopped: 0.0130001 seconds, Stopping threads took: 0.0004481 seconds
[2022-06-13T03:18:14.733+0000][1][safepoint    ] Application time: 0.0338892 seconds
[2022-06-13T03:18:14.734+0000][1][safepoint    ] Entering safepoint region: Deoptimize
[2022-06-13T03:18:14.735+0000][1][safepoint    ] Leaving safepoint region
[2022-06-13T03:18:14.735+0000][1][safepoint    ] Total time for which application threads were stopped: 0.0016099 seconds, Stopping threads took: 0.0005486 seconds
[2022-06-13T03:18:14.743+0000][1][safepoint    ] Application time: 0.0065023 seconds
[2022-06-13T03:18:14.743+0000][1][safepoint    ] Entering safepoint region: BulkRevokeBias
[2022-06-13T03:18:14.744+0000][1][safepoint    ] Leaving safepoint region
[2022-06-13T03:18:14.744+0000][1][safepoint    ] Total time for which application threads were stopped: 0.0009191 seconds, Stopping threads took: 0.0004189 seconds
[2022-06-13T03:18:14.745+0000][1][safepoint    ] Application time: 0.0003502 seconds
[2022-06-13T03:18:14.745+0000][1][safepoint    ] Entering safepoint region: RevokeBias
[2022-06-13T03:18:14.746+0000][1][safepoint    ] Leaving safepoint region
[2022-06-13T03:18:14.746+0000][1][safepoint    ] Total time for which application threads were stopped: 0.0008155 seconds, Stopping threads took: 0.0003406 seconds
[2022-06-13T03:18:14.747+0000][1][safepoint    ] Application time: 0.0008718 seconds
[2022-06-13T03:18:14.748+0000][1][safepoint    ] Entering safepoint region: RevokeBias
[2022-06-13T03:18:14.748+0000][1][safepoint    ] Leaving safepoint region
[2022-06-13T03:18:14.748+0000][1][safepoint    ] Total time for which application threads were stopped: 0.0007580 seconds, Stopping threads took: 0.0004265 seconds
[2022-06-13T03:18:14.750+0000][1][safepoint    ] Application time: 0.0005833 seconds
[2022-06-13T03:18:14.750+0000][1][safepoint    ] Entering safepoint region: RevokeBias
[2022-06-13T03:18:14.750+0000][1][safepoint    ] Leaving safepoint region
[2022-06-13T03:18:14.751+0000][1][safepoint    ] Total time for which application threads were stopped: 0.0007583 seconds, Stopping threads took: 0.0003853 seconds
[2022-06-13T03:18:14.751+0000][1][safepoint    ] Application time: 0.0001425 seconds
[2022-06-13T03:18:14.752+0000][1][safepoint    ] Entering safepoint region: RevokeBias
[2022-06-13T03:18:14.752+0000][1][safepoint    ] Leaving safepoint region
[2022-06-13T03:18:14.753+0000][1][safepoint    ] Total time for which application threads were stopped: 0.0009945 seconds, Stopping threads took: 0.0004827 seconds
[2022-06-13T03:18:14.753+0000][1][safepoint    ] Application time: 0.0002000 seconds
[2022-06-13T03:18:14.754+0000][1][safepoint    ] Entering safepoint region: RevokeBias
[2022-06-13T03:18:14.754+0000][1][safepoint    ] Leaving safepoint region
[2022-06-13T03:18:14.754+0000][1][safepoint    ] Total time for which application threads were stopped: 0.0007598 seconds, Stopping threads took: 0.0003941 seconds
[2022-06-13T03:18:14.755+0000][1][safepoint    ] Application time: 0.0003254 seconds
[2022-06-13T03:18:14.756+0000][1][safepoint    ] Entering safepoint region: RevokeBias
[2022-06-13T03:18:14.756+0000][1][safepoint    ] Leaving safepoint region
[2022-06-13T03:18:14.756+0000][1][safepoint    ] Total time for which application threads were stopped: 0.0005154 seconds, Stopping threads took: 0.0002491 seconds
[2022-06-13T03:18:14.757+0000][1][safepoint    ] Application time: 0.0003357 seconds
[2022-06-13T03:18:14.757+0000][1][safepoint    ] Entering safepoint region: RevokeBias
[2022-06-13T03:18:14.758+0000][1][safepoint    ] Leaving safepoint region
[2022-06-13T03:18:14.758+0000][1][safepoint    ] Total time for which application threads were stopped: 0.0006350 seconds, Stopping threads took: 0.0004536 seconds
[2022-06-13T03:18:14.758+0000][1][safepoint    ] Application time: 0.0001527 seconds
[2022-06-13T03:18:14.758+0000][1][safepoint    ] Entering safepoint region: RevokeBias
[2022-06-13T03:18:14.758+0000][1][safepoint    ] Leaving safepoint region
[2022-06-13T03:18:14.758+0000][1][safepoint    ] Total time for which application threads were stopped: 0.0002504 seconds, Stopping threads took: 0.0001320 seconds
[2022-06-13T03:18:14.759+0000][1][safepoint    ] Application time: 0.0000548 seconds
[2022-06-13T03:18:14.759+0000][1][safepoint    ] Entering safepoint region: RevokeBias
[2022-06-13T03:18:14.759+0000][1][safepoint    ] Leaving safepoint region
[2022-06-13T03:18:14.759+0000][1][safepoint    ] Total time for which application threads were stopped: 0.0002141 seconds, Stopping threads took: 0.0001093 seconds
[2022-06-13T03:18:14.760+0000][1][safepoint    ] Application time: 0.0010189 seconds
[2022-06-13T03:18:14.760+0000][1][safepoint    ] Entering safepoint region: RevokeBias
[2022-06-13T03:18:14.760+0000][1][safepoint    ] Leaving safepoint region
[2022-06-13T03:18:14.761+0000][1][safepoint    ] Total time for which application threads were stopped: 0.0003843 seconds, Stopping threads took: 0.0001903 seconds
[2022-06-13T03:18:14.761+0000][1][safepoint    ] Application time: 0.0000948 seconds
[2022-06-13T03:18:14.761+0000][1][safepoint    ] Entering safepoint region: RevokeBias
[2022-06-13T03:18:14.761+0000][1][safepoint    ] Leaving safepoint region
[2022-06-13T03:18:14.761+0000][1][safepoint    ] Total time for which application threads were stopped: 0.0002459 seconds, Stopping threads took: 0.0001375 seconds
[2022-06-13T03:18:14.763+0000][1][safepoint    ] Application time: 0.0015964 seconds
[2022-06-13T03:18:14.763+0000][1][safepoint    ] Entering safepoint region: Deoptimize
[2022-06-13T03:18:14.764+0000][1][safepoint    ] Leaving safepoint region
[2022-06-13T03:18:14.764+0000][1][safepoint    ] Total time for which application threads were stopped: 0.0007479 seconds, Stopping threads took: 0.0001733 seconds
[2022-06-13T03:18:14.764+0000][1][safepoint    ] Application time: 0.0004470 seconds
[2022-06-13T03:18:14.764+0000][1][safepoint    ] Entering safepoint region: RevokeBias
[2022-06-13T03:18:14.764+0000][1][safepoint    ] Leaving safepoint region
[2022-06-13T03:18:14.765+0000][1][safepoint    ] Total time for which application threads were stopped: 0.0002281 seconds, Stopping threads took: 0.0001087 seconds
[2022-06-13T03:18:14.805+0000][1][safepoint    ] Application time: 0.0402097 seconds
[2022-06-13T03:18:14.805+0000][1][safepoint    ] Entering safepoint region: RevokeBias
[2022-06-13T03:18:14.806+0000][1][safepoint    ] Leaving safepoint region
[2022-06-13T03:18:14.806+0000][1][safepoint    ] Total time for which application threads were stopped: 0.0007754 seconds, Stopping threads took: 0.0004460 seconds
[2022-06-13T03:18:14.806+0000][1][safepoint    ] Application time: 0.0000632 seconds
[2022-06-13T03:18:14.807+0000][1][safepoint    ] Entering safepoint region: RevokeBias
[2022-06-13T03:18:14.807+0000][1][safepoint    ] Leaving safepoint region
[2022-06-13T03:18:14.807+0000][1][safepoint    ] Total time for which application threads were stopped: 0.0005731 seconds, Stopping threads took: 0.0003498 seconds
[2022-06-13T03:18:14.808+0000][1][safepoint    ] Application time: 0.0001817 seconds
[2022-06-13T03:18:14.808+0000][1][safepoint    ] Entering safepoint region: RevokeBias
[2022-06-13T03:18:14.808+0000][1][safepoint    ] Leaving safepoint region
[2022-06-13T03:18:14.809+0000][1][safepoint    ] Total time for which application threads were stopped: 0.0007428 seconds, Stopping threads took: 0.0004718 seconds
[2022-06-13T03:18:14.810+0000][1][safepoint    ] Application time: 0.0009596 seconds
[2022-06-13T03:18:14.810+0000][1][safepoint    ] Entering safepoint region: RevokeBias
[2022-06-13T03:18:14.811+0000][1][safepoint    ] Leaving safepoint region
[2022-06-13T03:18:14.811+0000][1][safepoint    ] Total time for which application threads were stopped: 0.0007716 seconds, Stopping threads took: 0.0004325 seconds
[2022-06-13T03:18:14.812+0000][1][safepoint    ] Application time: 0.0009295 seconds
[2022-06-13T03:18:14.812+0000][1][safepoint    ] Entering safepoint region: RevokeBias
[2022-06-13T03:18:14.813+0000][1][safepoint    ] Leaving safepoint region
[2022-06-13T03:18:14.813+0000][1][safepoint    ] Total time for which application threads were stopped: 0.0004963 seconds, Stopping threads took: 0.0003074 seconds
[2022-06-13T03:18:14.814+0000][1][safepoint    ] Application time: 0.0007120 seconds
[2022-06-13T03:18:14.814+0000][1][safepoint    ] Entering safepoint region: RevokeBias
[2022-06-13T03:18:14.815+0000][1][safepoint    ] Leaving safepoint region
[2022-06-13T03:18:14.815+0000][1][safepoint    ] Total time for which application threads were stopped: 0.0004859 seconds, Stopping threads took: 0.0002989 seconds
[2022-06-13T03:18:14.815+0000][1][safepoint    ] Application time: 0.0001412 seconds
[2022-06-13T03:18:14.815+0000][1][safepoint    ] Entering safepoint region: RevokeBias
[2022-06-13T03:18:14.815+0000][1][safepoint    ] Leaving safepoint region
[2022-06-13T03:18:14.816+0000][1][safepoint    ] Total time for which application threads were stopped: 0.0007317 seconds, Stopping threads took: 0.0002496 seconds
[2022-06-13T03:18:14.816+0000][1][safepoint    ] Application time: 0.0003357 seconds
[2022-06-13T03:18:14.817+0000][1][safepoint    ] Entering safepoint region: RevokeBias
[2022-06-13T03:18:14.817+0000][1][safepoint    ] Leaving safepoint region
[2022-06-13T03:18:14.817+0000][1][safepoint    ] Total time for which application threads were stopped: 0.0005356 seconds, Stopping threads took: 0.0001964 seconds
[2022-06-13T03:18:14.818+0000][1][safepoint    ] Application time: 0.0001106 seconds
[2022-06-13T03:18:14.818+0000][1][safepoint    ] Entering safepoint region: RevokeBias
[2022-06-13T03:18:14.818+0000][1][safepoint    ] Leaving safepoint region
[2022-06-13T03:18:14.818+0000][1][safepoint    ] Total time for which application threads were stopped: 0.0006686 seconds, Stopping threads took: 0.0002781 seconds
[2022-06-13T03:18:14.819+0000][1][safepoint    ] Application time: 0.0005096 seconds
[2022-06-13T03:18:14.819+0000][1][safepoint    ] Entering safepoint region: RevokeBias
[2022-06-13T03:18:14.820+0000][1][safepoint    ] Leaving safepoint region
[2022-06-13T03:18:14.820+0000][1][safepoint    ] Total time for which application threads were stopped: 0.0003252 seconds, Stopping threads took: 0.0001790 seconds
[2022-06-13T03:18:14.820+0000][1][safepoint    ] Application time: 0.0002884 seconds
[2022-06-13T03:18:14.820+0000][1][safepoint    ] Entering safepoint region: RevokeBias
[2022-06-13T03:18:14.821+0000][1][safepoint    ] Leaving safepoint region
[2022-06-13T03:18:14.821+0000][1][safepoint    ] Total time for which application threads were stopped: 0.0004305 seconds, Stopping threads took: 0.0001498 seconds
[2022-06-13T03:18:14.821+0000][1][safepoint    ] Application time: 0.0001187 seconds
[2022-06-13T03:18:14.821+0000][1][safepoint    ] Entering safepoint region: RevokeBias
[2022-06-13T03:18:14.821+0000][1][safepoint    ] Leaving safepoint region
[2022-06-13T03:18:14.822+0000][1][safepoint    ] Total time for which application threads were stopped: 0.0003134 seconds, Stopping threads took: 0.0001751 seconds
[2022-06-13T03:18:14.822+0000][1][safepoint    ] Application time: 0.0001601 seconds
[2022-06-13T03:18:14.822+0000][1][safepoint    ] Entering safepoint region: RevokeBias
[2022-06-13T03:18:14.822+0000][1][safepoint    ] Leaving safepoint region
[2022-06-13T03:18:14.822+0000][1][safepoint    ] Total time for which application threads were stopped: 0.0004048 seconds, Stopping threads took: 0.0002310 seconds
[2022-06-13T03:18:14.823+0000][1][safepoint    ] Application time: 0.0001791 seconds
[2022-06-13T03:18:14.823+0000][1][safepoint    ] Entering safepoint region: RevokeBias
[2022-06-13T03:18:14.823+0000][1][safepoint    ] Leaving safepoint region
[2022-06-13T03:18:14.824+0000][1][safepoint    ] Total time for which application threads were stopped: 0.0005068 seconds, Stopping threads took: 0.0002302 seconds
[2022-06-13T03:18:14.824+0000][1][safepoint    ] Application time: 0.0001495 seconds
[2022-06-13T03:18:14.824+0000][1][safepoint    ] Entering safepoint region: RevokeBias
[2022-06-13T03:18:14.825+0000][1][safepoint    ] Leaving safepoint region
[2022-06-13T03:18:14.825+0000][1][safepoint    ] Total time for which application threads were stopped: 0.0005674 seconds, Stopping threads took: 0.0003176 seconds
[2022-06-13T03:18:14.825+0000][1][safepoint    ] Application time: 0.0003685 seconds
[2022-06-13T03:18:14.826+0000][1][safepoint    ] Entering safepoint region: RevokeBias
[2022-06-13T03:18:14.826+0000][1][safepoint    ] Leaving safepoint region
[2022-06-13T03:18:14.826+0000][1][safepoint    ] Total time for which application threads were stopped: 0.0008206 seconds, Stopping threads took: 0.0004825 seconds
[2022-06-13T03:18:14.828+0000][1][safepoint    ] Application time: 0.0014403 seconds
[2022-06-13T03:18:14.828+0000][1][safepoint    ] Entering safepoint region: RevokeBias
[2022-06-13T03:18:14.828+0000][1][safepoint    ] Leaving safepoint region
[2022-06-13T03:18:14.829+0000][1][safepoint    ] Total time for which application threads were stopped: 0.0003514 seconds, Stopping threads took: 0.0001156 seconds
[2022-06-13T03:18:14.829+0000][1][safepoint    ] Application time: 0.0001385 seconds
[2022-06-13T03:18:14.829+0000][1][safepoint    ] Entering safepoint region: RevokeBias
[2022-06-13T03:18:14.830+0000][1][safepoint    ] Leaving safepoint region
[2022-06-13T03:18:14.830+0000][1][safepoint    ] Total time for which application threads were stopped: 0.0003583 seconds, Stopping threads took: 0.0002135 seconds
[2022-06-13T03:18:14.830+0000][1][safepoint    ] Application time: 0.0000961 seconds
[2022-06-13T03:18:14.830+0000][1][safepoint    ] Entering safepoint region: RevokeBias
[2022-06-13T03:18:14.830+0000][1][safepoint    ] Leaving safepoint region
[2022-06-13T03:18:14.830+0000][1][safepoint    ] Total time for which application threads were stopped: 0.0002227 seconds, Stopping threads took: 0.0000966 seconds
[2022-06-13T03:18:14.831+0000][1][safepoint    ] Application time: 0.0005638 seconds
[2022-06-13T03:18:14.831+0000][1][safepoint    ] Entering safepoint region: RevokeBias
[2022-06-13T03:18:14.831+0000][1][safepoint    ] Leaving safepoint region
[2022-06-13T03:18:14.831+0000][1][safepoint    ] Total time for which application threads were stopped: 0.0002373 seconds, Stopping threads took: 0.0001134 seconds
[2022-06-13T03:18:14.831+0000][1][safepoint    ] Application time: 0.0000858 seconds
[2022-06-13T03:18:14.832+0000][1][safepoint    ] Entering safepoint region: RevokeBias
[2022-06-13T03:18:14.832+0000][1][safepoint    ] Leaving safepoint region
[2022-06-13T03:18:14.832+0000][1][safepoint    ] Total time for which application threads were stopped: 0.0002573 seconds, Stopping threads took: 0.0001217 seconds
[2022-06-13T03:18:14.832+0000][1][safepoint    ] Application time: 0.0000765 seconds
[2022-06-13T03:18:14.832+0000][1][safepoint    ] Entering safepoint region: RevokeBias
[2022-06-13T03:18:14.832+0000][1][safepoint    ] Leaving safepoint region
[2022-06-13T03:18:14.832+0000][1][safepoint    ] Total time for which application threads were stopped: 0.0002566 seconds, Stopping threads took: 0.0001178 seconds
[2022-06-13T03:18:14.833+0000][1][safepoint    ] Application time: 0.0004641 seconds
[2022-06-13T03:18:14.833+0000][1][safepoint    ] Entering safepoint region: RevokeBias
[2022-06-13T03:18:14.833+0000][1][safepoint    ] Leaving safepoint region
[2022-06-13T03:18:14.833+0000][1][safepoint    ] Total time for which application threads were stopped: 0.0003110 seconds, Stopping threads took: 0.0001701 seconds
[2022-06-13T03:18:14.834+0000][1][safepoint    ] Application time: 0.0000549 seconds
[2022-06-13T03:18:14.834+0000][1][safepoint    ] Entering safepoint region: RevokeBias
[2022-06-13T03:18:14.834+0000][1][safepoint    ] Leaving safepoint region
[2022-06-13T03:18:14.834+0000][1][safepoint    ] Total time for which application threads were stopped: 0.0001999 seconds, Stopping threads took: 0.0000863 seconds
[2022-06-13T03:18:14.836+0000][1][safepoint    ] Application time: 0.0021374 seconds
[2022-06-13T03:18:14.836+0000][1][safepoint    ] Entering safepoint region: RevokeBias
[2022-06-13T03:18:14.836+0000][1][safepoint    ] Leaving safepoint region
[2022-06-13T03:18:14.836+0000][1][safepoint    ] Total time for which application threads were stopped: 0.0002786 seconds, Stopping threads took: 0.0001484 seconds
[2022-06-13T03:18:14.837+0000][1][safepoint    ] Application time: 0.0000875 seconds
[2022-06-13T03:18:14.837+0000][1][safepoint    ] Entering safepoint region: RevokeBias
[2022-06-13T03:18:14.837+0000][1][safepoint    ] Leaving safepoint region
[2022-06-13T03:18:14.837+0000][1][safepoint    ] Total time for which application threads were stopped: 0.0002523 seconds, Stopping threads took: 0.0001320 seconds
[2022-06-13T03:18:14.839+0000][1][safepoint    ] Application time: 0.0017119 seconds
[2022-06-13T03:18:14.839+0000][1][safepoint    ] Entering safepoint region: RevokeBias
[2022-06-13T03:18:14.839+0000][1][safepoint    ] Leaving safepoint region
[2022-06-13T03:18:14.839+0000][1][safepoint    ] Total time for which application threads were stopped: 0.0005042 seconds, Stopping threads took: 0.0001614 seconds
[2022-06-13T03:18:14.840+0000][1][safepoint    ] Application time: 0.0001613 seconds
[2022-06-13T03:18:14.840+0000][1][safepoint    ] Entering safepoint region: RevokeBias
[2022-06-13T03:18:14.840+0000][1][safepoint    ] Leaving safepoint region
[2022-06-13T03:18:14.840+0000][1][safepoint    ] Total time for which application threads were stopped: 0.0003339 seconds, Stopping threads took: 0.0001739 seconds
[2022-06-13T03:18:14.841+0000][1][safepoint    ] Application time: 0.0002979 seconds
[2022-06-13T03:18:14.841+0000][1][safepoint    ] Entering safepoint region: RevokeBias
[2022-06-13T03:18:14.841+0000][1][safepoint    ] Leaving safepoint region
[2022-06-13T03:18:14.841+0000][1][safepoint    ] Total time for which application threads were stopped: 0.0002650 seconds, Stopping threads took: 0.0001577 seconds
[2022-06-13T03:18:14.841+0000][1][safepoint    ] Application time: 0.0000567 seconds
[2022-06-13T03:18:14.841+0000][1][safepoint    ] Entering safepoint region: RevokeBias
[2022-06-13T03:18:14.841+0000][1][safepoint    ] Leaving safepoint region
[2022-06-13T03:18:14.842+0000][1][safepoint    ] Total time for which application threads were stopped: 0.0002808 seconds, Stopping threads took: 0.0001425 seconds
[2022-06-13T03:18:14.842+0000][1][safepoint    ] Application time: 0.0000693 seconds
[2022-06-13T03:18:14.842+0000][1][safepoint    ] Entering safepoint region: RevokeBias
[2022-06-13T03:18:14.842+0000][1][safepoint    ] Leaving safepoint region
[2022-06-13T03:18:14.843+0000][1][safepoint    ] Total time for which application threads were stopped: 0.0003819 seconds, Stopping threads took: 0.0002381 seconds
[2022-06-13T03:18:14.843+0000][1][safepoint    ] Application time: 0.0005994 seconds
[2022-06-13T03:18:14.843+0000][1][safepoint    ] Entering safepoint region: RevokeBias
[2022-06-13T03:18:14.844+0000][1][safepoint    ] Leaving safepoint region
[2022-06-13T03:18:14.844+0000][1][safepoint    ] Total time for which application threads were stopped: 0.0002810 seconds, Stopping threads took: 0.0001586 seconds
[2022-06-13T03:18:14.844+0000][1][safepoint    ] Application time: 0.0000791 seconds
[2022-06-13T03:18:14.844+0000][1][safepoint    ] Entering safepoint region: RevokeBias
[2022-06-13T03:18:14.844+0000][1][safepoint    ] Leaving safepoint region
[2022-06-13T03:18:14.844+0000][1][safepoint    ] Total time for which application threads were stopped: 0.0002942 seconds, Stopping threads took: 0.0001397 seconds
[2022-06-13T03:18:14.846+0000][1][safepoint    ] Application time: 0.0018750 seconds
[2022-06-13T03:18:14.847+0000][1][safepoint    ] Entering safepoint region: RevokeBias
[2022-06-13T03:18:14.847+0000][1][safepoint    ] Leaving safepoint region
[2022-06-13T03:18:14.847+0000][1][safepoint    ] Total time for which application threads were stopped: 0.0003160 seconds, Stopping threads took: 0.0001408 seconds
[2022-06-13T03:18:14.847+0000][1][safepoint    ] Application time: 0.0000786 seconds
[2022-06-13T03:18:14.847+0000][1][safepoint    ] Entering safepoint region: RevokeBias
[2022-06-13T03:18:14.847+0000][1][safepoint    ] Leaving safepoint region
[2022-06-13T03:18:14.847+0000][1][safepoint    ] Total time for which application threads were stopped: 0.0002662 seconds, Stopping threads took: 0.0001247 seconds
[2022-06-13T03:18:14.850+0000][1][safepoint    ] Application time: 0.0023286 seconds
[2022-06-13T03:18:14.850+0000][1][safepoint    ] Entering safepoint region: RevokeBias
[2022-06-13T03:18:14.850+0000][1][safepoint    ] Leaving safepoint region
[2022-06-13T03:18:14.850+0000][1][safepoint    ] Total time for which application threads were stopped: 0.0002655 seconds, Stopping threads took: 0.0001097 seconds
[2022-06-13T03:18:14.851+0000][1][safepoint    ] Application time: 0.0003611 seconds
[2022-06-13T03:18:14.851+0000][1][safepoint    ] Entering safepoint region: RevokeBias
[2022-06-13T03:18:14.851+0000][1][safepoint    ] Leaving safepoint region
[2022-06-13T03:18:14.851+0000][1][safepoint    ] Total time for which application threads were stopped: 0.0002880 seconds, Stopping threads took: 0.0001414 seconds
[2022-06-13T03:18:14.852+0000][1][safepoint    ] Application time: 0.0001170 seconds
[2022-06-13T03:18:14.852+0000][1][safepoint    ] Entering safepoint region: RevokeBias
[2022-06-13T03:18:14.852+0000][1][safepoint    ] Leaving safepoint region
[2022-06-13T03:18:14.852+0000][1][safepoint    ] Total time for which application threads were stopped: 0.0002254 seconds, Stopping threads took: 0.0001047 seconds
[2022-06-13T03:18:14.852+0000][1][safepoint    ] Application time: 0.0000524 seconds
[2022-06-13T03:18:14.852+0000][1][safepoint    ] Entering safepoint region: RevokeBias
[2022-06-13T03:18:14.852+0000][1][safepoint    ] Leaving safepoint region
[2022-06-13T03:18:14.852+0000][1][safepoint    ] Total time for which application threads were stopped: 0.0002304 seconds, Stopping threads took: 0.0001130 seconds
[2022-06-13T03:18:14.855+0000][1][safepoint    ] Application time: 0.0020060 seconds
[2022-06-13T03:18:14.855+0000][1][safepoint    ] Entering safepoint region: RevokeBias
[2022-06-13T03:18:14.855+0000][1][safepoint    ] Leaving safepoint region
[2022-06-13T03:18:14.855+0000][1][safepoint    ] Total time for which application threads were stopped: 0.0002979 seconds, Stopping threads took: 0.0001437 seconds
[2022-06-13T03:18:14.856+0000][1][safepoint    ] Application time: 0.0001369 seconds
[2022-06-13T03:18:14.856+0000][1][safepoint    ] Entering safepoint region: RevokeBias
[2022-06-13T03:18:14.856+0000][1][safepoint    ] Leaving safepoint region
[2022-06-13T03:18:14.856+0000][1][safepoint    ] Total time for which application threads were stopped: 0.0002937 seconds, Stopping threads took: 0.0001590 seconds
[2022-06-13T03:18:14.856+0000][1][safepoint    ] Application time: 0.0001016 seconds
[2022-06-13T03:18:14.856+0000][1][safepoint    ] Entering safepoint region: RevokeBias
[2022-06-13T03:18:14.856+0000][1][safepoint    ] Leaving safepoint region
[2022-06-13T03:18:14.857+0000][1][safepoint    ] Total time for which application threads were stopped: 0.0002814 seconds, Stopping threads took: 0.0001563 seconds
[2022-06-13T03:18:14.857+0000][1][safepoint    ] Application time: 0.0000993 seconds
[2022-06-13T03:18:14.857+0000][1][safepoint    ] Entering safepoint region: RevokeBias
[2022-06-13T03:18:14.857+0000][1][safepoint    ] Leaving safepoint region
[2022-06-13T03:18:14.857+0000][1][safepoint    ] Total time for which application threads were stopped: 0.0002881 seconds, Stopping threads took: 0.0001593 seconds
[2022-06-13T03:18:14.859+0000][1][safepoint    ] Application time: 0.0013774 seconds
[2022-06-13T03:18:14.859+0000][1][safepoint    ] Entering safepoint region: RevokeBias
[2022-06-13T03:18:14.859+0000][1][safepoint    ] Leaving safepoint region
[2022-06-13T03:18:14.859+0000][1][safepoint    ] Total time for which application threads were stopped: 0.0005761 seconds, Stopping threads took: 0.0002628 seconds
[2022-06-13T03:18:15.405+0000][1][safepoint    ] Application time: 0.5451544 seconds
[2022-06-13T03:18:15.405+0000][1][safepoint    ] Entering safepoint region: RevokeBias
[2022-06-13T03:18:15.406+0000][1][safepoint    ] Leaving safepoint region
[2022-06-13T03:18:15.406+0000][1][safepoint    ] Total time for which application threads were stopped: 0.0008843 seconds, Stopping threads took: 0.0004278 seconds
[2022-06-13T03:18:15.601+0000][1][safepoint    ] Application time: 0.1941020 seconds
[2022-06-13T03:18:15.601+0000][1][safepoint    ] Entering safepoint region: RevokeBias
[2022-06-13T03:18:15.601+0000][1][safepoint    ] Leaving safepoint region
[2022-06-13T03:18:15.602+0000][1][safepoint    ] Total time for which application threads were stopped: 0.0008825 seconds, Stopping threads took: 0.0004383 seconds
[2022-06-13T03:18:15.602+0000][1][safepoint    ] Application time: 0.0002116 seconds
[2022-06-13T03:18:15.603+0000][1][safepoint    ] Entering safepoint region: RevokeBias
[2022-06-13T03:18:15.603+0000][1][safepoint    ] Leaving safepoint region
[2022-06-13T03:18:15.603+0000][1][safepoint    ] Total time for which application threads were stopped: 0.0005071 seconds, Stopping threads took: 0.0002717 seconds
[2022-06-13T03:18:15.604+0000][1][safepoint    ] Application time: 0.0000757 seconds
[2022-06-13T03:18:15.604+0000][1][safepoint    ] Entering safepoint region: RevokeBias
[2022-06-13T03:18:15.604+0000][1][safepoint    ] Leaving safepoint region
[2022-06-13T03:18:15.605+0000][1][safepoint    ] Total time for which application threads were stopped: 0.0008331 seconds, Stopping threads took: 0.0003852 seconds
[2022-06-13T03:18:15.605+0000][1][safepoint    ] Application time: 0.0000759 seconds
[2022-06-13T03:18:15.606+0000][1][safepoint    ] Entering safepoint region: RevokeBias
[2022-06-13T03:18:15.606+0000][1][safepoint    ] Leaving safepoint region
[2022-06-13T03:18:15.606+0000][1][safepoint    ] Total time for which application threads were stopped: 0.0006718 seconds, Stopping threads took: 0.0004117 seconds
[2022-06-13T03:18:15.607+0000][1][safepoint    ] Application time: 0.0000728 seconds
[2022-06-13T03:18:15.607+0000][1][safepoint    ] Entering safepoint region: RevokeBias
[2022-06-13T03:18:15.607+0000][1][safepoint    ] Leaving safepoint region
[2022-06-13T03:18:15.607+0000][1][safepoint    ] Total time for which application threads were stopped: 0.0005669 seconds, Stopping threads took: 0.0002153 seconds
[2022-06-13T03:18:15.608+0000][1][safepoint    ] Application time: 0.0000772 seconds
[2022-06-13T03:18:15.608+0000][1][safepoint    ] Entering safepoint region: RevokeBias
[2022-06-13T03:18:15.608+0000][1][safepoint    ] Leaving safepoint region
[2022-06-13T03:18:15.608+0000][1][safepoint    ] Total time for which application threads were stopped: 0.0003729 seconds, Stopping threads took: 0.0001673 seconds
[2022-06-13T03:18:15.608+0000][1][safepoint    ] Application time: 0.0000792 seconds
[2022-06-13T03:18:15.609+0000][1][safepoint    ] Entering safepoint region: RevokeBias
[2022-06-13T03:18:15.609+0000][1][safepoint    ] Leaving safepoint region
[2022-06-13T03:18:15.609+0000][1][safepoint    ] Total time for which application threads were stopped: 0.0002269 seconds, Stopping threads took: 0.0001020 seconds
[2022-06-13T03:18:15.609+0000][1][safepoint    ] Application time: 0.0001250 seconds
[2022-06-13T03:18:15.609+0000][1][safepoint    ] Entering safepoint region: RevokeBias
[2022-06-13T03:18:15.609+0000][1][safepoint    ] Leaving safepoint region
[2022-06-13T03:18:15.609+0000][1][safepoint    ] Total time for which application threads were stopped: 0.0003171 seconds, Stopping threads took: 0.0002053 seconds
[2022-06-13T03:18:15.806+0000][1][safepoint    ] Application time: 0.1963605 seconds
[2022-06-13T03:18:15.806+0000][1][safepoint    ] Entering safepoint region: RevokeBias
[2022-06-13T03:18:15.807+0000][1][safepoint    ] Leaving safepoint region
[2022-06-13T03:18:15.807+0000][1][safepoint    ] Total time for which application threads were stopped: 0.0008031 seconds, Stopping threads took: 0.0003698 seconds
[2022-06-13T03:18:16.808+0000][1][safepoint    ] Application time: 1.0002122 seconds
[2022-06-13T03:18:16.808+0000][1][safepoint    ] Entering safepoint region: Cleanup
[2022-06-13T03:18:16.808+0000][1][safepoint    ] Leaving safepoint region
[2022-06-13T03:18:16.809+0000][1][safepoint    ] Total time for which application threads were stopped: 0.0005870 seconds, Stopping threads took: 0.0003443 seconds
[2022-06-13T03:18:17.809+0000][1][safepoint    ] Application time: 1.0002632 seconds
[2022-06-13T03:18:17.810+0000][1][safepoint    ] Entering safepoint region: Cleanup
[2022-06-13T03:18:17.810+0000][1][safepoint    ] Leaving safepoint region
[2022-06-13T03:18:17.810+0000][1][safepoint    ] Total time for which application threads were stopped: 0.0008317 seconds, Stopping threads took: 0.0004614 seconds
[2022-06-13T03:18:17.847+0000][1][safepoint    ] Application time: 0.0364191 seconds
[2022-06-13T03:18:17.848+0000][1][safepoint    ] Entering safepoint region: RevokeBias
[2022-06-13T03:18:17.848+0000][1][safepoint    ] Leaving safepoint region
[2022-06-13T03:18:17.849+0000][1][safepoint    ] Total time for which application threads were stopped: 0.0011119 seconds, Stopping threads took: 0.0007642 seconds
[2022-06-13T03:18:17.849+0000][1][safepoint    ] Application time: 0.0001891 seconds
[2022-06-13T03:18:17.850+0000][1][safepoint    ] Entering safepoint region: RevokeBias
[2022-06-13T03:18:17.851+0000][1][safepoint    ] Leaving safepoint region
[2022-06-13T03:18:17.851+0000][1][safepoint    ] Total time for which application threads were stopped: 0.0008885 seconds, Stopping threads took: 0.0005756 seconds
[2022-06-13T03:18:17.851+0000][1][safepoint    ] Application time: 0.0002854 seconds
[2022-06-13T03:18:17.852+0000][1][safepoint    ] Entering safepoint region: RevokeBias
[2022-06-13T03:18:17.852+0000][1][safepoint    ] Leaving safepoint region
[2022-06-13T03:18:17.853+0000][1][safepoint    ] Total time for which application threads were stopped: 0.0008668 seconds, Stopping threads took: 0.0005708 seconds
[2022-06-13T03:18:17.853+0000][1][safepoint    ] Application time: 0.0003874 seconds
[2022-06-13T03:18:17.854+0000][1][safepoint    ] Entering safepoint region: RevokeBias
[2022-06-13T03:18:17.855+0000][1][safepoint    ] Leaving safepoint region
[2022-06-13T03:18:17.855+0000][1][safepoint    ] Total time for which application threads were stopped: 0.0009308 seconds, Stopping threads took: 0.0004581 seconds
[2022-06-13T03:18:17.856+0000][1][safepoint    ] Application time: 0.0003778 seconds
[2022-06-13T03:18:17.857+0000][1][safepoint    ] Entering safepoint region: RevokeBias
[2022-06-13T03:18:17.857+0000][1][safepoint    ] Leaving safepoint region
[2022-06-13T03:18:17.857+0000][1][safepoint    ] Total time for which application threads were stopped: 0.0008309 seconds, Stopping threads took: 0.0004113 seconds
[2022-06-13T03:18:18.810+0000][1][safepoint    ] Application time: 0.9519418 seconds
[2022-06-13T03:18:18.810+0000][1][safepoint    ] Entering safepoint region: RevokeBias
[2022-06-13T03:18:18.810+0000][1][safepoint    ] Leaving safepoint region
[2022-06-13T03:18:18.811+0000][1][safepoint    ] Total time for which application threads were stopped: 0.0007610 seconds, Stopping threads took: 0.0003305 seconds
[2022-06-13T03:18:18.812+0000][1][safepoint    ] Application time: 0.0004966 seconds
[2022-06-13T03:18:18.812+0000][1][safepoint    ] Entering safepoint region: RevokeBias
[2022-06-13T03:18:18.812+0000][1][safepoint    ] Leaving safepoint region
[2022-06-13T03:18:18.813+0000][1][safepoint    ] Total time for which application threads were stopped: 0.0008533 seconds, Stopping threads took: 0.0003778 seconds
[2022-06-13T03:18:18.814+0000][1][safepoint    ] Application time: 0.0001979 seconds
[2022-06-13T03:18:18.814+0000][1][safepoint    ] Entering safepoint region: RevokeBias
[2022-06-13T03:18:18.814+0000][1][safepoint    ] Leaving safepoint region
[2022-06-13T03:18:18.815+0000][1][safepoint    ] Total time for which application threads were stopped: 0.0009769 seconds, Stopping threads took: 0.0004501 seconds
[2022-06-13T03:18:18.815+0000][1][safepoint    ] Application time: 0.0002110 seconds
[2022-06-13T03:18:18.816+0000][1][safepoint    ] Entering safepoint region: RevokeBias
[2022-06-13T03:18:18.816+0000][1][safepoint    ] Leaving safepoint region
[2022-06-13T03:18:18.816+0000][1][safepoint    ] Total time for which application threads were stopped: 0.0005655 seconds, Stopping threads took: 0.0002593 seconds
[2022-06-13T03:18:18.817+0000][1][safepoint    ] Application time: 0.0003661 seconds
[2022-06-13T03:18:18.817+0000][1][safepoint    ] Entering safepoint region: RevokeBias
[2022-06-13T03:18:18.818+0000][1][safepoint    ] Leaving safepoint region
[2022-06-13T03:18:18.818+0000][1][safepoint    ] Total time for which application threads were stopped: 0.0006579 seconds, Stopping threads took: 0.0003818 seconds
[2022-06-13T03:18:18.818+0000][1][safepoint    ] Application time: 0.0002529 seconds
[2022-06-13T03:18:18.819+0000][1][safepoint    ] Entering safepoint region: RevokeBias
[2022-06-13T03:18:18.819+0000][1][safepoint    ] Leaving safepoint region
[2022-06-13T03:18:18.819+0000][1][safepoint    ] Total time for which application threads were stopped: 0.0003140 seconds, Stopping threads took: 0.0001768 seconds
[2022-06-13T03:18:18.819+0000][1][safepoint    ] Application time: 0.0003422 seconds
[2022-06-13T03:18:18.820+0000][1][safepoint    ] Entering safepoint region: RevokeBias
[2022-06-13T03:18:18.820+0000][1][safepoint    ] Leaving safepoint region
[2022-06-13T03:18:18.820+0000][1][safepoint    ] Total time for which application threads were stopped: 0.0004212 seconds, Stopping threads took: 0.0001803 seconds
[2022-06-13T03:18:20.618+0000][1][safepoint    ] Application time: 1.7980635 seconds
[2022-06-13T03:18:20.619+0000][1][safepoint    ] Entering safepoint region: Cleanup
[2022-06-13T03:18:20.619+0000][1][safepoint    ] Leaving safepoint region
[2022-06-13T03:18:20.620+0000][1][safepoint    ] Total time for which application threads were stopped: 0.0012301 seconds, Stopping threads took: 0.0005502 seconds
[2022-06-13T03:18:21.621+0000][1][safepoint    ] Application time: 1.0002662 seconds
[2022-06-13T03:18:21.621+0000][1][safepoint    ] Entering safepoint region: Cleanup
[2022-06-13T03:18:21.622+0000][1][safepoint    ] Leaving safepoint region
[2022-06-13T03:18:21.622+0000][1][safepoint    ] Total time for which application threads were stopped: 0.0005393 seconds, Stopping threads took: 0.0002631 seconds
[2022-06-13T03:18:21.810+0000][1][safepoint    ] Application time: 0.1876504 seconds
[2022-06-13T03:18:21.810+0000][1][safepoint    ] Entering safepoint region: RevokeBias
[2022-06-13T03:18:21.811+0000][1][safepoint    ] Leaving safepoint region
[2022-06-13T03:18:21.811+0000][1][safepoint    ] Total time for which application threads were stopped: 0.0008285 seconds, Stopping threads took: 0.0005353 seconds
[2022-06-13T03:18:21.812+0000][1][safepoint    ] Application time: 0.0002593 seconds
[2022-06-13T03:18:21.812+0000][1][safepoint    ] Entering safepoint region: RevokeBias
[2022-06-13T03:18:21.812+0000][1][safepoint    ] Leaving safepoint region
[2022-06-13T03:18:21.813+0000][1][safepoint    ] Total time for which application threads were stopped: 0.0008980 seconds, Stopping threads took: 0.0003401 seconds
[2022-06-13T03:18:22.812+0000][1][safepoint    ] Application time: 0.9984774 seconds
[2022-06-13T03:18:22.812+0000][1][safepoint    ] Entering safepoint region: RevokeBias
[2022-06-13T03:18:22.813+0000][1][safepoint    ] Leaving safepoint region
[2022-06-13T03:18:22.813+0000][1][safepoint    ] Total time for which application threads were stopped: 0.0004869 seconds, Stopping threads took: 0.0002376 seconds
[2022-06-13T03:18:22.814+0000][1][safepoint    ] Application time: 0.0008990 seconds
[2022-06-13T03:18:22.814+0000][1][safepoint    ] Entering safepoint region: RevokeBias
[2022-06-13T03:18:22.815+0000][1][safepoint    ] Leaving safepoint region
[2022-06-13T03:18:22.815+0000][1][safepoint    ] Total time for which application threads were stopped: 0.0004825 seconds, Stopping threads took: 0.0001853 seconds
[2022-06-13T03:18:22.815+0000][1][safepoint    ] Application time: 0.0001881 seconds
[2022-06-13T03:18:22.816+0000][1][safepoint    ] Entering safepoint region: RevokeBias
[2022-06-13T03:18:22.816+0000][1][safepoint    ] Leaving safepoint region
[2022-06-13T03:18:22.816+0000][1][safepoint    ] Total time for which application threads were stopped: 0.0006629 seconds, Stopping threads took: 0.0002899 seconds
[2022-06-13T03:18:22.817+0000][1][safepoint    ] Application time: 0.0003399 seconds
[2022-06-13T03:18:22.817+0000][1][safepoint    ] Entering safepoint region: RevokeBias
[2022-06-13T03:18:22.818+0000][1][safepoint    ] Leaving safepoint region
[2022-06-13T03:18:22.818+0000][1][safepoint    ] Total time for which application threads were stopped: 0.0007561 seconds, Stopping threads took: 0.0003903 seconds
[2022-06-13T03:18:22.818+0000][1][safepoint    ] Application time: 0.0001897 seconds
[2022-06-13T03:18:22.819+0000][1][safepoint    ] Entering safepoint region: RevokeBias
[2022-06-13T03:18:22.819+0000][1][safepoint    ] Leaving safepoint region
[2022-06-13T03:18:22.819+0000][1][safepoint    ] Total time for which application threads were stopped: 0.0006336 seconds, Stopping threads took: 0.0001993 seconds
[2022-06-13T03:18:22.820+0000][1][safepoint    ] Application time: 0.0001562 seconds
[2022-06-13T03:18:22.820+0000][1][safepoint    ] Entering safepoint region: RevokeBias
[2022-06-13T03:18:22.820+0000][1][safepoint    ] Leaving safepoint region
[2022-06-13T03:18:22.821+0000][1][safepoint    ] Total time for which application threads were stopped: 0.0004765 seconds, Stopping threads took: 0.0002096 seconds
[2022-06-13T03:18:22.821+0000][1][safepoint    ] Application time: 0.0002967 seconds
[2022-06-13T03:18:22.822+0000][1][safepoint    ] Entering safepoint region: RevokeBias
[2022-06-13T03:18:22.822+0000][1][safepoint    ] Leaving safepoint region
[2022-06-13T03:18:22.822+0000][1][safepoint    ] Total time for which application threads were stopped: 0.0005619 seconds, Stopping threads took: 0.0004010 seconds
[2022-06-13T03:18:23.340+0000][1][safepoint    ] Application time: 0.5174725 seconds
[2022-06-13T03:18:23.340+0000][1][safepoint    ] Entering safepoint region: RevokeBias
[2022-06-13T03:18:23.340+0000][1][safepoint    ] Leaving safepoint region
[2022-06-13T03:18:23.341+0000][1][safepoint    ] Total time for which application threads were stopped: 0.0005947 seconds, Stopping threads took: 0.0002514 seconds
[2022-06-13T03:18:23.341+0000][1][safepoint    ] Application time: 0.0001083 seconds
[2022-06-13T03:18:23.341+0000][1][safepoint    ] Entering safepoint region: RevokeBias
[2022-06-13T03:18:23.341+0000][1][safepoint    ] Leaving safepoint region
[2022-06-13T03:18:23.342+0000][1][safepoint    ] Total time for which application threads were stopped: 0.0004964 seconds, Stopping threads took: 0.0001646 seconds
[2022-06-13T03:18:24.342+0000][1][safepoint    ] Application time: 1.0002039 seconds
[2022-06-13T03:18:24.343+0000][1][safepoint    ] Entering safepoint region: Cleanup
[2022-06-13T03:18:24.343+0000][1][safepoint    ] Leaving safepoint region
[2022-06-13T03:18:24.344+0000][1][safepoint    ] Total time for which application threads were stopped: 0.0010928 seconds, Stopping threads took: 0.0004142 seconds
[2022-06-13T03:18:25.344+0000][1][safepoint    ] Application time: 1.0002931 seconds
[2022-06-13T03:18:25.345+0000][1][safepoint    ] Entering safepoint region: Cleanup
[2022-06-13T03:18:25.346+0000][1][safepoint    ] Leaving safepoint region
[2022-06-13T03:18:25.346+0000][1][safepoint    ] Total time for which application threads were stopped: 0.0013311 seconds, Stopping threads took: 0.0006678 seconds
[2022-06-13T03:18:25.811+0000][1][safepoint    ] Application time: 0.4642039 seconds
[2022-06-13T03:18:25.813+0000][1][safepoint    ] Entering safepoint region: RevokeBias
[2022-06-13T03:18:25.813+0000][1][safepoint    ] Leaving safepoint region
[2022-06-13T03:18:25.813+0000][1][safepoint    ] Total time for which application threads were stopped: 0.0015655 seconds, Stopping threads took: 0.0012116 seconds
[2022-06-13T03:18:25.814+0000][1][safepoint    ] Application time: 0.0004845 seconds
[2022-06-13T03:18:25.815+0000][1][safepoint    ] Entering safepoint region: RevokeBias
[2022-06-13T03:18:25.815+0000][1][safepoint    ] Leaving safepoint region
[2022-06-13T03:18:25.816+0000][1][safepoint    ] Total time for which application threads were stopped: 0.0006807 seconds, Stopping threads took: 0.0003931 seconds
[2022-06-13T03:18:25.816+0000][1][safepoint    ] Application time: 0.0003194 seconds
[2022-06-13T03:18:25.817+0000][1][safepoint    ] Entering safepoint region: RevokeBias
[2022-06-13T03:18:25.817+0000][1][safepoint    ] Leaving safepoint region
[2022-06-13T03:18:25.818+0000][1][safepoint    ] Total time for which application threads were stopped: 0.0008676 seconds, Stopping threads took: 0.0005623 seconds
[2022-06-13T03:18:26.813+0000][1][safepoint    ] Application time: 0.9953920 seconds
[2022-06-13T03:18:26.814+0000][1][safepoint    ] Entering safepoint region: RevokeBias
[2022-06-13T03:18:26.814+0000][1][safepoint    ] Leaving safepoint region
[2022-06-13T03:18:26.814+0000][1][safepoint    ] Total time for which application threads were stopped: 0.0007357 seconds, Stopping threads took: 0.0003778 seconds
[2022-06-13T03:18:26.815+0000][1][safepoint    ] Application time: 0.0007201 seconds
[2022-06-13T03:18:26.816+0000][1][safepoint    ] Entering safepoint region: RevokeBias
[2022-06-13T03:18:26.816+0000][1][safepoint    ] Leaving safepoint region
[2022-06-13T03:18:26.816+0000][1][safepoint    ] Total time for which application threads were stopped: 0.0006256 seconds, Stopping threads took: 0.0003795 seconds
[2022-06-13T03:18:26.817+0000][1][safepoint    ] Application time: 0.0002732 seconds
[2022-06-13T03:18:26.817+0000][1][safepoint    ] Entering safepoint region: RevokeBias
[2022-06-13T03:18:26.818+0000][1][safepoint    ] Leaving safepoint region
[2022-06-13T03:18:26.818+0000][1][safepoint    ] Total time for which application threads were stopped: 0.0010848 seconds, Stopping threads took: 0.0004802 seconds
[2022-06-13T03:18:26.819+0000][1][safepoint    ] Application time: 0.0003418 seconds
[2022-06-13T03:18:26.820+0000][1][safepoint    ] Entering safepoint region: RevokeBias
[2022-06-13T03:18:26.820+0000][1][safepoint    ] Leaving safepoint region
[2022-06-13T03:18:26.821+0000][1][safepoint    ] Total time for which application threads were stopped: 0.0009369 seconds, Stopping threads took: 0.0003890 seconds
[2022-06-13T03:18:26.821+0000][1][safepoint    ] Application time: 0.0004723 seconds
[2022-06-13T03:18:26.822+0000][1][safepoint    ] Entering safepoint region: RevokeBias
[2022-06-13T03:18:26.823+0000][1][safepoint    ] Leaving safepoint region
[2022-06-13T03:18:26.823+0000][1][safepoint    ] Total time for which application threads were stopped: 0.0009637 seconds, Stopping threads took: 0.0004931 seconds
[2022-06-13T03:18:26.824+0000][1][safepoint    ] Application time: 0.0002876 seconds
[2022-06-13T03:18:26.824+0000][1][safepoint    ] Entering safepoint region: RevokeBias
[2022-06-13T03:18:26.824+0000][1][safepoint    ] Leaving safepoint region
[2022-06-13T03:18:26.825+0000][1][safepoint    ] Total time for which application threads were stopped: 0.0008329 seconds, Stopping threads took: 0.0002269 seconds
[2022-06-13T03:18:26.826+0000][1][safepoint    ] Application time: 0.0004544 seconds
[2022-06-13T03:18:26.826+0000][1][safepoint    ] Entering safepoint region: RevokeBias
[2022-06-13T03:18:26.827+0000][1][safepoint    ] Leaving safepoint region
[2022-06-13T03:18:26.827+0000][1][safepoint    ] Total time for which application threads were stopped: 0.0009935 seconds, Stopping threads took: 0.0004036 seconds
[2022-06-13T03:18:27.828+0000][1][safepoint    ] Application time: 1.0003835 seconds
[2022-06-13T03:18:27.829+0000][1][safepoint    ] Entering safepoint region: Cleanup
[2022-06-13T03:18:27.829+0000][1][safepoint    ] Leaving safepoint region
[2022-06-13T03:18:27.830+0000][1][safepoint    ] Total time for which application threads were stopped: 0.0011019 seconds, Stopping threads took: 0.0003666 seconds
[2022-06-13T03:18:28.830+0000][1][safepoint    ] Application time: 1.0001561 seconds
[2022-06-13T03:18:28.831+0000][1][safepoint    ] Entering safepoint region: Cleanup
[2022-06-13T03:18:28.831+0000][1][safepoint    ] Leaving safepoint region
[2022-06-13T03:18:28.831+0000][1][safepoint    ] Total time for which application threads were stopped: 0.0006910 seconds, Stopping threads took: 0.0003329 seconds
[2022-06-13T03:18:29.813+0000][1][safepoint    ] Application time: 0.9817782 seconds
[2022-06-13T03:18:29.814+0000][1][safepoint    ] Entering safepoint region: RevokeBias
[2022-06-13T03:18:29.814+0000][1][safepoint    ] Leaving safepoint region
[2022-06-13T03:18:29.815+0000][1][safepoint    ] Total time for which application threads were stopped: 0.0008009 seconds, Stopping threads took: 0.0004110 seconds
[2022-06-13T03:18:29.815+0000][1][safepoint    ] Application time: 0.0001190 seconds
[2022-06-13T03:18:29.816+0000][1][safepoint    ] Entering safepoint region: RevokeBias
[2022-06-13T03:18:29.816+0000][1][safepoint    ] Leaving safepoint region
[2022-06-13T03:18:29.816+0000][1][safepoint    ] Total time for which application threads were stopped: 0.0009130 seconds, Stopping threads took: 0.0004418 seconds
[2022-06-13T03:18:29.817+0000][1][safepoint    ] Application time: 0.0006376 seconds
[2022-06-13T03:18:29.818+0000][1][safepoint    ] Entering safepoint region: RevokeBias
[2022-06-13T03:18:29.818+0000][1][safepoint    ] Leaving safepoint region
[2022-06-13T03:18:29.818+0000][1][safepoint    ] Total time for which application threads were stopped: 0.0005464 seconds, Stopping threads took: 0.0002344 seconds
[2022-06-13T03:18:30.815+0000][1][safepoint    ] Application time: 0.9970086 seconds
[2022-06-13T03:18:30.816+0000][1][safepoint    ] Entering safepoint region: RevokeBias
[2022-06-13T03:18:30.817+0000][1][safepoint    ] Leaving safepoint region
[2022-06-13T03:18:30.817+0000][1][safepoint    ] Total time for which application threads were stopped: 0.0015217 seconds, Stopping threads took: 0.0003766 seconds
[2022-06-13T03:18:30.818+0000][1][safepoint    ] Application time: 0.0005550 seconds
[2022-06-13T03:18:30.818+0000][1][safepoint    ] Entering safepoint region: RevokeBias
[2022-06-13T03:18:30.819+0000][1][safepoint    ] Leaving safepoint region
[2022-06-13T03:18:30.819+0000][1][safepoint    ] Total time for which application threads were stopped: 0.0010658 seconds, Stopping threads took: 0.0003112 seconds
[2022-06-13T03:18:30.820+0000][1][safepoint    ] Application time: 0.0001369 seconds
[2022-06-13T03:18:30.820+0000][1][safepoint    ] Entering safepoint region: RevokeBias
[2022-06-13T03:18:30.820+0000][1][safepoint    ] Leaving safepoint region
[2022-06-13T03:18:30.821+0000][1][safepoint    ] Total time for which application threads were stopped: 0.0007318 seconds, Stopping threads took: 0.0003284 seconds
[2022-06-13T03:18:30.821+0000][1][safepoint    ] Application time: 0.0003826 seconds
[2022-06-13T03:18:30.822+0000][1][safepoint    ] Entering safepoint region: RevokeBias
[2022-06-13T03:18:30.822+0000][1][safepoint    ] Leaving safepoint region
[2022-06-13T03:18:30.823+0000][1][safepoint    ] Total time for which application threads were stopped: 0.0007950 seconds, Stopping threads took: 0.0004023 seconds
[2022-06-13T03:18:30.823+0000][1][safepoint    ] Application time: 0.0002774 seconds
[2022-06-13T03:18:30.824+0000][1][safepoint    ] Entering safepoint region: RevokeBias
[2022-06-13T03:18:30.825+0000][1][safepoint    ] Leaving safepoint region
[2022-06-13T03:18:30.825+0000][1][safepoint    ] Total time for which application threads were stopped: 0.0012555 seconds, Stopping threads took: 0.0008047 seconds
[2022-06-13T03:18:30.826+0000][1][safepoint    ] Application time: 0.0004151 seconds
[2022-06-13T03:18:30.826+0000][1][safepoint    ] Entering safepoint region: BulkRevokeBias
[2022-06-13T03:18:30.827+0000][1][safepoint    ] Leaving safepoint region
[2022-06-13T03:18:30.828+0000][1][safepoint    ] Total time for which application threads were stopped: 0.0013526 seconds, Stopping threads took: 0.0003678 seconds
[2022-06-13T03:18:31.828+0000][1][safepoint    ] Application time: 1.0001387 seconds
[2022-06-13T03:18:31.829+0000][1][safepoint    ] Entering safepoint region: Cleanup
[2022-06-13T03:18:31.829+0000][1][safepoint    ] Leaving safepoint region
[2022-06-13T03:18:31.829+0000][1][safepoint    ] Total time for which application threads were stopped: 0.0006798 seconds, Stopping threads took: 0.0004270 seconds
[2022-06-13T03:18:32.830+0000][1][safepoint    ] Application time: 1.0002368 seconds
[2022-06-13T03:18:32.830+0000][1][safepoint    ] Entering safepoint region: Cleanup
[2022-06-13T03:18:32.831+0000][1][safepoint    ] Leaving safepoint region
[2022-06-13T03:18:32.831+0000][1][safepoint    ] Total time for which application threads were stopped: 0.0006817 seconds, Stopping threads took: 0.0003054 seconds
[2022-06-13T03:18:33.815+0000][1][safepoint    ] Application time: 0.9837910 seconds
[2022-06-13T03:18:33.816+0000][1][safepoint    ] Entering safepoint region: RevokeBias
[2022-06-13T03:18:33.816+0000][1][safepoint    ] Leaving safepoint region
[2022-06-13T03:18:33.817+0000][1][safepoint    ] Total time for which application threads were stopped: 0.0011536 seconds, Stopping threads took: 0.0004757 seconds
[2022-06-13T03:18:33.818+0000][1][safepoint    ] Application time: 0.0004509 seconds
[2022-06-13T03:18:33.818+0000][1][safepoint    ] Entering safepoint region: RevokeBias
[2022-06-13T03:18:33.819+0000][1][safepoint    ] Leaving safepoint region
[2022-06-13T03:18:33.819+0000][1][safepoint    ] Total time for which application threads were stopped: 0.0012831 seconds, Stopping threads took: 0.0003462 seconds
[2022-06-13T03:18:34.817+0000][1][safepoint    ] Application time: 0.9966655 seconds
[2022-06-13T03:18:34.817+0000][1][safepoint    ] Entering safepoint region: RevokeBias
[2022-06-13T03:18:34.818+0000][1][safepoint    ] Leaving safepoint region
[2022-06-13T03:18:34.818+0000][1][safepoint    ] Total time for which application threads were stopped: 0.0007432 seconds, Stopping threads took: 0.0003416 seconds
[2022-06-13T03:18:34.819+0000][1][safepoint    ] Application time: 0.0005043 seconds
[2022-06-13T03:18:34.819+0000][1][safepoint    ] Entering safepoint region: RevokeBias
[2022-06-13T03:18:34.819+0000][1][safepoint    ] Leaving safepoint region
[2022-06-13T03:18:34.820+0000][1][safepoint    ] Total time for which application threads were stopped: 0.0008229 seconds, Stopping threads took: 0.0003453 seconds
[2022-06-13T03:18:34.821+0000][1][safepoint    ] Application time: 0.0002937 seconds
[2022-06-13T03:18:34.821+0000][1][safepoint    ] Entering safepoint region: RevokeBias
[2022-06-13T03:18:34.822+0000][1][safepoint    ] Leaving safepoint region
[2022-06-13T03:18:34.822+0000][1][safepoint    ] Total time for which application threads were stopped: 0.0008575 seconds, Stopping threads took: 0.0004660 seconds
[2022-06-13T03:18:34.823+0000][1][safepoint    ] Application time: 0.0005034 seconds
[2022-06-13T03:18:34.823+0000][1][safepoint    ] Entering safepoint region: RevokeBias
[2022-06-13T03:18:34.824+0000][1][safepoint    ] Leaving safepoint region
[2022-06-13T03:18:34.824+0000][1][safepoint    ] Total time for which application threads were stopped: 0.0006847 seconds, Stopping threads took: 0.0004334 seconds
[2022-06-13T03:18:35.824+0000][1][safepoint    ] Application time: 1.0002348 seconds
[2022-06-13T03:18:35.825+0000][1][safepoint    ] Entering safepoint region: Cleanup
[2022-06-13T03:18:35.825+0000][1][safepoint    ] Leaving safepoint region
[2022-06-13T03:18:35.826+0000][1][safepoint    ] Total time for which application threads were stopped: 0.0014624 seconds, Stopping threads took: 0.0006028 seconds
[2022-06-13T03:18:36.827+0000][1][safepoint    ] Application time: 1.0002683 seconds
[2022-06-13T03:18:36.827+0000][1][safepoint    ] Entering safepoint region: Cleanup
[2022-06-13T03:18:36.828+0000][1][safepoint    ] Leaving safepoint region
[2022-06-13T03:18:36.828+0000][1][safepoint    ] Total time for which application threads were stopped: 0.0007228 seconds, Stopping threads took: 0.0002488 seconds
[2022-06-13T03:18:37.817+0000][1][safepoint    ] Application time: 0.9887802 seconds
[2022-06-13T03:18:37.818+0000][1][safepoint    ] Entering safepoint region: RevokeBias
[2022-06-13T03:18:37.819+0000][1][safepoint    ] Leaving safepoint region
[2022-06-13T03:18:37.820+0000][1][safepoint    ] Total time for which application threads were stopped: 0.0018019 seconds, Stopping threads took: 0.0009520 seconds
[2022-06-13T03:18:37.821+0000][1][safepoint    ] Application time: 0.0006841 seconds
[2022-06-13T03:18:37.821+0000][1][safepoint    ] Entering safepoint region: RevokeBias
[2022-06-13T03:18:37.822+0000][1][safepoint    ] Leaving safepoint region
[2022-06-13T03:18:37.822+0000][1][safepoint    ] Total time for which application threads were stopped: 0.0013104 seconds, Stopping threads took: 0.0005461 seconds
[2022-06-13T03:18:38.819+0000][1][safepoint    ] Application time: 0.9961109 seconds
[2022-06-13T03:18:38.820+0000][1][safepoint    ] Entering safepoint region: RevokeBias
[2022-06-13T03:18:38.820+0000][1][safepoint    ] Leaving safepoint region
[2022-06-13T03:18:38.821+0000][1][safepoint    ] Total time for which application threads were stopped: 0.0009946 seconds, Stopping threads took: 0.0002754 seconds
[2022-06-13T03:18:38.822+0000][1][safepoint    ] Application time: 0.0005750 seconds
[2022-06-13T03:18:38.822+0000][1][safepoint    ] Entering safepoint region: RevokeBias
[2022-06-13T03:18:38.822+0000][1][safepoint    ] Leaving safepoint region
[2022-06-13T03:18:38.822+0000][1][safepoint    ] Total time for which application threads were stopped: 0.0005935 seconds, Stopping threads took: 0.0002557 seconds
[2022-06-13T03:18:38.823+0000][1][safepoint    ] Application time: 0.0005995 seconds
[2022-06-13T03:18:38.824+0000][1][safepoint    ] Entering safepoint region: RevokeBias
[2022-06-13T03:18:38.824+0000][1][safepoint    ] Leaving safepoint region
[2022-06-13T03:18:38.825+0000][1][safepoint    ] Total time for which application threads were stopped: 0.0007490 seconds, Stopping threads took: 0.0003532 seconds
[2022-06-13T03:18:39.825+0000][1][safepoint    ] Application time: 1.0003787 seconds
[2022-06-13T03:18:39.826+0000][1][safepoint    ] Entering safepoint region: Cleanup
[2022-06-13T03:18:39.827+0000][1][safepoint    ] Leaving safepoint region
[2022-06-13T03:18:39.827+0000][1][safepoint    ] Total time for which application threads were stopped: 0.0008904 seconds, Stopping threads took: 0.0004114 seconds
[2022-06-13T03:18:40.827+0000][1][safepoint    ] Application time: 1.0001036 seconds
[2022-06-13T03:18:40.828+0000][1][safepoint    ] Entering safepoint region: Cleanup
[2022-06-13T03:18:40.828+0000][1][safepoint    ] Leaving safepoint region
[2022-06-13T03:18:40.828+0000][1][safepoint    ] Total time for which application threads were stopped: 0.0004032 seconds, Stopping threads took: 0.0001761 seconds
[2022-06-13T03:18:41.819+0000][1][safepoint    ] Application time: 0.9912685 seconds
[2022-06-13T03:18:41.820+0000][1][safepoint    ] Entering safepoint region: RevokeBias
[2022-06-13T03:18:41.821+0000][1][safepoint    ] Leaving safepoint region
[2022-06-13T03:18:41.821+0000][1][safepoint    ] Total time for which application threads were stopped: 0.0009310 seconds, Stopping threads took: 0.0005069 seconds
[2022-06-13T03:18:42.820+0000][1][safepoint    ] Application time: 0.9988388 seconds
[2022-06-13T03:18:42.821+0000][1][safepoint    ] Entering safepoint region: RevokeBias
[2022-06-13T03:18:42.821+0000][1][safepoint    ] Leaving safepoint region
[2022-06-13T03:18:42.822+0000][1][safepoint    ] Total time for which application threads were stopped: 0.0010829 seconds, Stopping threads took: 0.0005945 seconds
[2022-06-13T03:18:42.822+0000][1][safepoint    ] Application time: 0.0005923 seconds
[2022-06-13T03:18:42.823+0000][1][safepoint    ] Entering safepoint region: RevokeBias
[2022-06-13T03:18:42.823+0000][1][safepoint    ] Leaving safepoint region
[2022-06-13T03:18:42.823+0000][1][safepoint    ] Total time for which application threads were stopped: 0.0008502 seconds, Stopping threads took: 0.0004906 seconds
[2022-06-13T03:18:42.824+0000][1][safepoint    ] Application time: 0.0007045 seconds
[2022-06-13T03:18:42.825+0000][1][safepoint    ] Entering safepoint region: RevokeBias
[2022-06-13T03:18:42.826+0000][1][safepoint    ] Leaving safepoint region
[2022-06-13T03:18:42.826+0000][1][safepoint    ] Total time for which application threads were stopped: 0.0009265 seconds, Stopping threads took: 0.0006600 seconds
[2022-06-13T03:18:42.827+0000][1][safepoint    ] Application time: 0.0005665 seconds
[2022-06-13T03:18:42.827+0000][1][safepoint    ] Entering safepoint region: RevokeBias
[2022-06-13T03:18:42.828+0000][1][safepoint    ] Leaving safepoint region
[2022-06-13T03:18:42.828+0000][1][safepoint    ] Total time for which application threads were stopped: 0.0006744 seconds, Stopping threads took: 0.0002578 seconds
[2022-06-13T03:18:43.828+0000][1][safepoint    ] Application time: 1.0001203 seconds
[2022-06-13T03:18:43.828+0000][1][safepoint    ] Entering safepoint region: Cleanup
[2022-06-13T03:18:43.829+0000][1][safepoint    ] Leaving safepoint region
[2022-06-13T03:18:43.829+0000][1][safepoint    ] Total time for which application threads were stopped: 0.0005146 seconds, Stopping threads took: 0.0002185 seconds
[2022-06-13T03:18:44.829+0000][1][safepoint    ] Application time: 1.0001517 seconds
[2022-06-13T03:18:44.829+0000][1][safepoint    ] Entering safepoint region: Cleanup
[2022-06-13T03:18:44.830+0000][1][safepoint    ] Leaving safepoint region
[2022-06-13T03:18:44.830+0000][1][safepoint    ] Total time for which application threads were stopped: 0.0006629 seconds, Stopping threads took: 0.0002649 seconds
[2022-06-13T03:18:44.833+0000][1][safepoint    ] Application time: 0.0022927 seconds
[2022-06-13T03:18:44.833+0000][1][safepoint    ] Entering safepoint region: RevokeBias
[2022-06-13T03:18:44.833+0000][1][safepoint    ] Leaving safepoint region
[2022-06-13T03:18:44.834+0000][1][safepoint    ] Total time for which application threads were stopped: 0.0005875 seconds, Stopping threads took: 0.0001714 seconds
[2022-06-13T03:18:44.834+0000][1][safepoint    ] Application time: 0.0003326 seconds
[2022-06-13T03:18:44.834+0000][1][safepoint    ] Entering safepoint region: RevokeBias
[2022-06-13T03:18:44.835+0000][1][safepoint    ] Leaving safepoint region
[2022-06-13T03:18:44.835+0000][1][safepoint    ] Total time for which application threads were stopped: 0.0004120 seconds, Stopping threads took: 0.0001221 seconds
[2022-06-13T03:18:45.820+0000][1][safepoint    ] Application time: 0.9852623 seconds
[2022-06-13T03:18:45.821+0000][1][safepoint    ] Entering safepoint region: RevokeBias
[2022-06-13T03:18:45.821+0000][1][safepoint    ] Leaving safepoint region
[2022-06-13T03:18:45.822+0000][1][safepoint    ] Total time for which application threads were stopped: 0.0006953 seconds, Stopping threads took: 0.0002603 seconds
[2022-06-13T03:18:45.823+0000][1][safepoint    ] Application time: 0.0007536 seconds
[2022-06-13T03:18:45.823+0000][1][safepoint    ] Entering safepoint region: RevokeBias
[2022-06-13T03:18:45.823+0000][1][safepoint    ] Leaving safepoint region
[2022-06-13T03:18:45.824+0000][1][safepoint    ] Total time for which application threads were stopped: 0.0007823 seconds, Stopping threads took: 0.0003646 seconds
[2022-06-13T03:18:46.821+0000][1][safepoint    ] Application time: 0.9970797 seconds
[2022-06-13T03:18:46.822+0000][1][safepoint    ] Entering safepoint region: RevokeBias
[2022-06-13T03:18:46.822+0000][1][safepoint    ] Leaving safepoint region
[2022-06-13T03:18:46.822+0000][1][safepoint    ] Total time for which application threads were stopped: 0.0006565 seconds, Stopping threads took: 0.0002633 seconds
[2022-06-13T03:18:46.823+0000][1][safepoint    ] Application time: 0.0004969 seconds
[2022-06-13T03:18:46.824+0000][1][safepoint    ] Entering safepoint region: RevokeBias
[2022-06-13T03:18:46.824+0000][1][safepoint    ] Leaving safepoint region
[2022-06-13T03:18:46.824+0000][1][safepoint    ] Total time for which application threads were stopped: 0.0003391 seconds, Stopping threads took: 0.0001139 seconds
[2022-06-13T03:18:46.825+0000][1][safepoint    ] Application time: 0.0005634 seconds
[2022-06-13T03:18:46.826+0000][1][safepoint    ] Entering safepoint region: RevokeBias
[2022-06-13T03:18:46.826+0000][1][safepoint    ] Leaving safepoint region
[2022-06-13T03:18:46.827+0000][1][safepoint    ] Total time for which application threads were stopped: 0.0010315 seconds, Stopping threads took: 0.0005187 seconds
[2022-06-13T03:18:47.827+0000][1][safepoint    ] Application time: 1.0001289 seconds
[2022-06-13T03:18:47.827+0000][1][safepoint    ] Entering safepoint region: Cleanup
[2022-06-13T03:18:47.828+0000][1][safepoint    ] Leaving safepoint region
[2022-06-13T03:18:47.828+0000][1][safepoint    ] Total time for which application threads were stopped: 0.0006425 seconds, Stopping threads took: 0.0003760 seconds
[2022-06-13T03:18:49.818+0000][1][safepoint    ] Application time: 1.9900617 seconds
[2022-06-13T03:18:49.819+0000][1][safepoint    ] Entering safepoint region: Cleanup
[2022-06-13T03:18:49.819+0000][1][safepoint    ] Leaving safepoint region
[2022-06-13T03:18:49.819+0000][1][safepoint    ] Total time for which application threads were stopped: 0.0005533 seconds, Stopping threads took: 0.0003260 seconds
[2022-06-13T03:18:49.822+0000][1][safepoint    ] Application time: 0.0027014 seconds
[2022-06-13T03:18:49.822+0000][1][safepoint    ] Entering safepoint region: RevokeBias
[2022-06-13T03:18:49.823+0000][1][safepoint    ] Leaving safepoint region
[2022-06-13T03:18:49.823+0000][1][safepoint    ] Total time for which application threads were stopped: 0.0010188 seconds, Stopping threads took: 0.0003825 seconds
[2022-06-13T03:18:49.825+0000][1][safepoint    ] Application time: 0.0010249 seconds
[2022-06-13T03:18:49.825+0000][1][safepoint    ] Entering safepoint region: RevokeBias
[2022-06-13T03:18:49.825+0000][1][safepoint    ] Leaving safepoint region
[2022-06-13T03:18:49.825+0000][1][safepoint    ] Total time for which application threads were stopped: 0.0004187 seconds, Stopping threads took: 0.0001645 seconds
[2022-06-13T03:18:50.823+0000][1][safepoint    ] Application time: 0.9972197 seconds
[2022-06-13T03:18:50.823+0000][1][safepoint    ] Entering safepoint region: BulkRevokeBias
[2022-06-13T03:18:50.824+0000][1][safepoint    ] Leaving safepoint region
[2022-06-13T03:18:50.825+0000][1][safepoint    ] Total time for which application threads were stopped: 0.0012570 seconds, Stopping threads took: 0.0004605 seconds
[2022-06-13T03:18:50.826+0000][1][safepoint    ] Application time: 0.0005273 seconds
[2022-06-13T03:18:50.826+0000][1][safepoint    ] Entering safepoint region: RevokeBias
[2022-06-13T03:18:50.826+0000][1][safepoint    ] Leaving safepoint region
[2022-06-13T03:18:50.827+0000][1][safepoint    ] Total time for which application threads were stopped: 0.0007290 seconds, Stopping threads took: 0.0002007 seconds
[2022-06-13T03:18:50.827+0000][1][safepoint    ] Application time: 0.0005144 seconds
[2022-06-13T03:18:50.828+0000][1][safepoint    ] Entering safepoint region: RevokeBias
[2022-06-13T03:18:50.829+0000][1][safepoint    ] Leaving safepoint region
[2022-06-13T03:18:50.829+0000][1][safepoint    ] Total time for which application threads were stopped: 0.0011863 seconds, Stopping threads took: 0.0004255 seconds
[2022-06-13T03:18:51.830+0000][1][safepoint    ] Application time: 1.0001616 seconds
[2022-06-13T03:18:51.830+0000][1][safepoint    ] Entering safepoint region: Cleanup
[2022-06-13T03:18:51.831+0000][1][safepoint    ] Leaving safepoint region
[2022-06-13T03:18:51.831+0000][1][safepoint    ] Total time for which application threads were stopped: 0.0008009 seconds, Stopping threads took: 0.0003482 seconds
[2022-06-13T03:18:52.831+0000][1][safepoint    ] Application time: 1.0001166 seconds
[2022-06-13T03:18:52.832+0000][1][safepoint    ] Entering safepoint region: Cleanup
[2022-06-13T03:18:52.832+0000][1][safepoint    ] Leaving safepoint region
[2022-06-13T03:18:52.833+0000][1][safepoint    ] Total time for which application threads were stopped: 0.0008308 seconds, Stopping threads took: 0.0003615 seconds
[2022-06-13T03:18:53.823+0000][1][safepoint    ] Application time: 0.9902398 seconds
[2022-06-13T03:18:53.824+0000][1][safepoint    ] Entering safepoint region: RevokeBias
[2022-06-13T03:18:53.825+0000][1][safepoint    ] Leaving safepoint region
[2022-06-13T03:18:53.826+0000][1][safepoint    ] Total time for which application threads were stopped: 0.0018640 seconds, Stopping threads took: 0.0002794 seconds
[2022-06-13T03:18:54.826+0000][1][safepoint    ] Application time: 1.0002720 seconds
[2022-06-13T03:18:54.827+0000][1][safepoint    ] Entering safepoint region: Cleanup
[2022-06-13T03:18:54.827+0000][1][safepoint    ] Leaving safepoint region
[2022-06-13T03:18:54.827+0000][1][safepoint    ] Total time for which application threads were stopped: 0.0007997 seconds, Stopping threads took: 0.0004753 seconds
[2022-06-13T03:18:57.825+0000][1][safepoint    ] Application time: 2.9972067 seconds
[2022-06-13T03:18:57.826+0000][1][safepoint    ] Entering safepoint region: RevokeBias
[2022-06-13T03:18:57.826+0000][1][safepoint    ] Leaving safepoint region
[2022-06-13T03:18:57.826+0000][1][safepoint    ] Total time for which application threads were stopped: 0.0010803 seconds, Stopping threads took: 0.0005014 seconds
[2022-06-13T03:18:58.827+0000][1][safepoint    ] Application time: 1.0002441 seconds
[2022-06-13T03:18:58.827+0000][1][safepoint    ] Entering safepoint region: Cleanup
[2022-06-13T03:18:58.828+0000][1][safepoint    ] Leaving safepoint region
[2022-06-13T03:18:58.828+0000][1][safepoint    ] Total time for which application threads were stopped: 0.0005956 seconds, Stopping threads took: 0.0002584 seconds
[2022-06-13T03:19:00.829+0000][1][safepoint    ] Application time: 2.0002917 seconds
[2022-06-13T03:19:00.829+0000][1][safepoint    ] Entering safepoint region: Cleanup
[2022-06-13T03:19:00.830+0000][1][safepoint    ] Leaving safepoint region
[2022-06-13T03:19:00.830+0000][1][safepoint    ] Total time for which application threads were stopped: 0.0011067 seconds, Stopping threads took: 0.0004630 seconds
[2022-06-13T03:19:01.831+0000][1][safepoint    ] Application time: 1.0000997 seconds
[2022-06-13T03:19:01.832+0000][1][safepoint    ] Entering safepoint region: Cleanup
[2022-06-13T03:19:01.832+0000][1][safepoint    ] Leaving safepoint region
[2022-06-13T03:19:01.833+0000][1][safepoint    ] Total time for which application threads were stopped: 0.0009177 seconds, Stopping threads took: 0.0003963 seconds
[2022-06-13T03:19:02.833+0000][1][safepoint    ] Application time: 1.0001765 seconds
[2022-06-13T03:19:02.833+0000][1][safepoint    ] Entering safepoint region: Cleanup
[2022-06-13T03:19:02.834+0000][1][safepoint    ] Leaving safepoint region
[2022-06-13T03:19:02.834+0000][1][safepoint    ] Total time for which application threads were stopped: 0.0007566 seconds, Stopping threads took: 0.0002572 seconds
[2022-06-13T03:19:03.835+0000][1][safepoint    ] Application time: 1.0001518 seconds
[2022-06-13T03:19:03.835+0000][1][safepoint    ] Entering safepoint region: Cleanup
[2022-06-13T03:19:03.836+0000][1][safepoint    ] Leaving safepoint region
[2022-06-13T03:19:03.837+0000][1][safepoint    ] Total time for which application threads were stopped: 0.0014519 seconds, Stopping threads took: 0.0006759 seconds
[2022-06-13T03:19:04.837+0000][1][safepoint    ] Application time: 1.0001846 seconds
[2022-06-13T03:19:04.838+0000][1][safepoint    ] Entering safepoint region: Cleanup
[2022-06-13T03:19:04.838+0000][1][safepoint    ] Leaving safepoint region
[2022-06-13T03:19:04.839+0000][1][safepoint    ] Total time for which application threads were stopped: 0.0007344 seconds, Stopping threads took: 0.0002835 seconds
[2022-06-13T03:19:05.839+0000][1][safepoint    ] Application time: 1.0001770 seconds
[2022-06-13T03:19:05.840+0000][1][safepoint    ] Entering safepoint region: Cleanup
[2022-06-13T03:19:05.840+0000][1][safepoint    ] Leaving safepoint region
[2022-06-13T03:19:05.840+0000][1][safepoint    ] Total time for which application threads were stopped: 0.0006419 seconds, Stopping threads took: 0.0002596 seconds
[2022-06-13T03:19:06.841+0000][1][safepoint    ] Application time: 1.0001757 seconds
[2022-06-13T03:19:06.841+0000][1][safepoint    ] Entering safepoint region: Cleanup
[2022-06-13T03:19:06.842+0000][1][safepoint    ] Leaving safepoint region
[2022-06-13T03:19:06.842+0000][1][safepoint    ] Total time for which application threads were stopped: 0.0009800 seconds, Stopping threads took: 0.0003781 seconds
[2022-06-13T03:19:07.843+0000][1][safepoint    ] Application time: 1.0002833 seconds
[2022-06-13T03:19:07.843+0000][1][safepoint    ] Entering safepoint region: Cleanup
[2022-06-13T03:19:07.843+0000][1][safepoint    ] Leaving safepoint region
[2022-06-13T03:19:07.844+0000][1][safepoint    ] Total time for which application threads were stopped: 0.0007809 seconds, Stopping threads took: 0.0001993 seconds
[2022-06-13T03:19:08.844+0000][1][safepoint    ] Application time: 1.0001380 seconds
[2022-06-13T03:19:08.845+0000][1][safepoint    ] Entering safepoint region: Cleanup
[2022-06-13T03:19:08.845+0000][1][safepoint    ] Leaving safepoint region
[2022-06-13T03:19:08.845+0000][1][safepoint    ] Total time for which application threads were stopped: 0.0004119 seconds, Stopping threads took: 0.0001819 seconds
[2022-06-13T03:19:08.898+0000][1][safepoint    ] Application time: 0.0526040 seconds
[2022-06-13T03:19:08.898+0000][1][safepoint    ] Entering safepoint region: RevokeBias
[2022-06-13T03:19:08.898+0000][1][safepoint    ] Leaving safepoint region
[2022-06-13T03:19:08.899+0000][1][safepoint    ] Total time for which application threads were stopped: 0.0003770 seconds, Stopping threads took: 0.0001596 seconds
[2022-06-13T03:19:10.899+0000][1][safepoint    ] Application time: 2.0003386 seconds
[2022-06-13T03:19:10.900+0000][1][safepoint    ] Entering safepoint region: Cleanup
[2022-06-13T03:19:10.900+0000][1][safepoint    ] Leaving safepoint region
[2022-06-13T03:19:10.901+0000][1][safepoint    ] Total time for which application threads were stopped: 0.0009602 seconds, Stopping threads took: 0.0004578 seconds
[2022-06-13T03:19:13.902+0000][1][safepoint    ] Application time: 3.0004041 seconds
[2022-06-13T03:19:13.902+0000][1][safepoint    ] Entering safepoint region: Cleanup
[2022-06-13T03:19:13.903+0000][1][safepoint    ] Leaving safepoint region
[2022-06-13T03:19:13.903+0000][1][safepoint    ] Total time for which application threads were stopped: 0.0008236 seconds, Stopping threads took: 0.0004570 seconds
[2022-06-13T03:19:14.903+0000][1][safepoint    ] Application time: 1.0001485 seconds
[2022-06-13T03:19:14.904+0000][1][safepoint    ] Entering safepoint region: Cleanup
[2022-06-13T03:19:14.904+0000][1][safepoint    ] Leaving safepoint region
[2022-06-13T03:19:14.905+0000][1][safepoint    ] Total time for which application threads were stopped: 0.0008640 seconds, Stopping threads took: 0.0002985 seconds
[2022-06-13T03:19:15.905+0000][1][safepoint    ] Application time: 1.0002198 seconds
[2022-06-13T03:19:15.906+0000][1][safepoint    ] Entering safepoint region: Cleanup
[2022-06-13T03:19:15.906+0000][1][safepoint    ] Leaving safepoint region
[2022-06-13T03:19:15.907+0000][1][safepoint    ] Total time for which application threads were stopped: 0.0008996 seconds, Stopping threads took: 0.0003903 seconds
[2022-06-13T03:19:16.907+0000][1][safepoint    ] Application time: 1.0001589 seconds
[2022-06-13T03:19:16.908+0000][1][safepoint    ] Entering safepoint region: Cleanup
[2022-06-13T03:19:16.908+0000][1][safepoint    ] Leaving safepoint region
[2022-06-13T03:19:16.908+0000][1][safepoint    ] Total time for which application threads were stopped: 0.0006162 seconds, Stopping threads took: 0.0002090 seconds
[2022-06-13T03:19:17.909+0000][1][safepoint    ] Application time: 1.0001515 seconds
[2022-06-13T03:19:17.909+0000][1][safepoint    ] Entering safepoint region: Cleanup
[2022-06-13T03:19:17.910+0000][1][safepoint    ] Leaving safepoint region
[2022-06-13T03:19:17.910+0000][1][safepoint    ] Total time for which application threads were stopped: 0.0009111 seconds, Stopping threads took: 0.0004293 seconds
[2022-06-13T03:19:18.910+0000][1][safepoint    ] Application time: 1.0001147 seconds
[2022-06-13T03:19:18.911+0000][1][safepoint    ] Entering safepoint region: Cleanup
[2022-06-13T03:19:18.912+0000][1][safepoint    ] Leaving safepoint region
[2022-06-13T03:19:18.913+0000][1][safepoint    ] Total time for which application threads were stopped: 0.0014374 seconds, Stopping threads took: 0.0006181 seconds
[2022-06-13T03:19:19.914+0000][1][safepoint    ] Application time: 1.0002685 seconds
[2022-06-13T03:19:19.914+0000][1][safepoint    ] Entering safepoint region: Cleanup
[2022-06-13T03:19:19.914+0000][1][safepoint    ] Leaving safepoint region
[2022-06-13T03:19:19.915+0000][1][safepoint    ] Total time for which application threads were stopped: 0.0006145 seconds, Stopping threads took: 0.0002803 seconds
[2022-06-13T03:19:20.915+0000][1][safepoint    ] Application time: 1.0002264 seconds
[2022-06-13T03:19:20.915+0000][1][safepoint    ] Entering safepoint region: Cleanup
[2022-06-13T03:19:20.916+0000][1][safepoint    ] Leaving safepoint region
[2022-06-13T03:19:20.916+0000][1][safepoint    ] Total time for which application threads were stopped: 0.0007573 seconds, Stopping threads took: 0.0003074 seconds
[2022-06-13T03:19:21.917+0000][1][safepoint    ] Application time: 1.0003789 seconds
[2022-06-13T03:19:21.917+0000][1][safepoint    ] Entering safepoint region: Cleanup
[2022-06-13T03:19:21.918+0000][1][safepoint    ] Leaving safepoint region
[2022-06-13T03:19:21.918+0000][1][safepoint    ] Total time for which application threads were stopped: 0.0008375 seconds, Stopping threads took: 0.0003330 seconds
[2022-06-13T03:19:22.919+0000][1][safepoint    ] Application time: 1.0003383 seconds
[2022-06-13T03:19:22.919+0000][1][safepoint    ] Entering safepoint region: Cleanup
[2022-06-13T03:19:22.920+0000][1][safepoint    ] Leaving safepoint region
[2022-06-13T03:19:22.920+0000][1][safepoint    ] Total time for which application threads were stopped: 0.0009630 seconds, Stopping threads took: 0.0004479 seconds
[2022-06-13T03:19:23.921+0000][1][safepoint    ] Application time: 1.0001688 seconds
[2022-06-13T03:19:23.921+0000][1][safepoint    ] Entering safepoint region: Cleanup
[2022-06-13T03:19:23.921+0000][1][safepoint    ] Leaving safepoint region
[2022-06-13T03:19:23.922+0000][1][safepoint    ] Total time for which application threads were stopped: 0.0004401 seconds, Stopping threads took: 0.0001753 seconds
[2022-06-13T03:19:24.922+0000][1][safepoint    ] Application time: 1.0003404 seconds
[2022-06-13T03:19:24.923+0000][1][safepoint    ] Entering safepoint region: Cleanup
[2022-06-13T03:19:24.924+0000][1][safepoint    ] Leaving safepoint region
[2022-06-13T03:19:24.924+0000][1][safepoint    ] Total time for which application threads were stopped: 0.0012878 seconds, Stopping threads took: 0.0005793 seconds
[2022-06-13T03:19:25.925+0000][1][safepoint    ] Application time: 1.0002122 seconds
[2022-06-13T03:19:25.926+0000][1][safepoint    ] Entering safepoint region: Cleanup
[2022-06-13T03:19:25.926+0000][1][safepoint    ] Leaving safepoint region
[2022-06-13T03:19:25.926+0000][1][safepoint    ] Total time for which application threads were stopped: 0.0007394 seconds, Stopping threads took: 0.0004137 seconds
[2022-06-13T03:19:26.927+0000][1][safepoint    ] Application time: 1.0003151 seconds
[2022-06-13T03:19:26.927+0000][1][safepoint    ] Entering safepoint region: Cleanup
[2022-06-13T03:19:26.928+0000][1][safepoint    ] Leaving safepoint region
[2022-06-13T03:19:26.928+0000][1][safepoint    ] Total time for which application threads were stopped: 0.0008830 seconds, Stopping threads took: 0.0004213 seconds
[2022-06-13T03:19:27.929+0000][1][safepoint    ] Application time: 1.0002087 seconds
[2022-06-13T03:19:27.929+0000][1][safepoint    ] Entering safepoint region: Cleanup
[2022-06-13T03:19:27.930+0000][1][safepoint    ] Leaving safepoint region
[2022-06-13T03:19:27.931+0000][1][safepoint    ] Total time for which application threads were stopped: 0.0015362 seconds, Stopping threads took: 0.0007584 seconds
[2022-06-13T03:19:28.932+0000][1][safepoint    ] Application time: 1.0003519 seconds
[2022-06-13T03:19:28.932+0000][1][safepoint    ] Entering safepoint region: Cleanup
[2022-06-13T03:19:28.933+0000][1][safepoint    ] Leaving safepoint region
[2022-06-13T03:19:28.933+0000][1][safepoint    ] Total time for which application threads were stopped: 0.0010464 seconds, Stopping threads took: 0.0004670 seconds
[2022-06-13T03:19:29.934+0000][1][safepoint    ] Application time: 1.0001954 seconds
[2022-06-13T03:19:29.935+0000][1][safepoint    ] Entering safepoint region: Cleanup
[2022-06-13T03:19:29.935+0000][1][safepoint    ] Leaving safepoint region
[2022-06-13T03:19:29.936+0000][1][safepoint    ] Total time for which application threads were stopped: 0.0009860 seconds, Stopping threads took: 0.0004817 seconds
[2022-06-13T03:19:30.936+0000][1][safepoint    ] Application time: 1.0002257 seconds
[2022-06-13T03:19:30.937+0000][1][safepoint    ] Entering safepoint region: Cleanup
[2022-06-13T03:19:30.938+0000][1][safepoint    ] Leaving safepoint region
[2022-06-13T03:19:30.938+0000][1][safepoint    ] Total time for which application threads were stopped: 0.0012349 seconds, Stopping threads took: 0.0005307 seconds
[2022-06-13T03:19:31.939+0000][1][safepoint    ] Application time: 1.0001837 seconds
[2022-06-13T03:19:31.939+0000][1][safepoint    ] Entering safepoint region: Cleanup
[2022-06-13T03:19:31.940+0000][1][safepoint    ] Leaving safepoint region
[2022-06-13T03:19:31.940+0000][1][safepoint    ] Total time for which application threads were stopped: 0.0005533 seconds, Stopping threads took: 0.0002923 seconds
[2022-06-13T03:19:32.940+0000][1][safepoint    ] Application time: 1.0002293 seconds
[2022-06-13T03:19:32.941+0000][1][safepoint    ] Entering safepoint region: Cleanup
[2022-06-13T03:19:32.942+0000][1][safepoint    ] Leaving safepoint region
[2022-06-13T03:19:32.942+0000][1][safepoint    ] Total time for which application threads were stopped: 0.0010926 seconds, Stopping threads took: 0.0005338 seconds
[2022-06-13T03:19:33.943+0000][1][safepoint    ] Application time: 1.0003769 seconds
[2022-06-13T03:19:33.944+0000][1][safepoint    ] Entering safepoint region: Cleanup
[2022-06-13T03:19:33.944+0000][1][safepoint    ] Leaving safepoint region
[2022-06-13T03:19:33.945+0000][1][safepoint    ] Total time for which application threads were stopped: 0.0010066 seconds, Stopping threads took: 0.0004924 seconds
[2022-06-13T03:19:34.946+0000][1][safepoint    ] Application time: 1.0003347 seconds
[2022-06-13T03:19:34.946+0000][1][safepoint    ] Entering safepoint region: Cleanup
[2022-06-13T03:19:34.946+0000][1][safepoint    ] Leaving safepoint region
[2022-06-13T03:19:34.947+0000][1][safepoint    ] Total time for which application threads were stopped: 0.0007263 seconds, Stopping threads took: 0.0003541 seconds
[2022-06-13T03:19:35.947+0000][1][safepoint    ] Application time: 1.0001780 seconds
[2022-06-13T03:19:35.948+0000][1][safepoint    ] Entering safepoint region: Cleanup
[2022-06-13T03:19:35.948+0000][1][safepoint    ] Leaving safepoint region
[2022-06-13T03:19:35.948+0000][1][safepoint    ] Total time for which application threads were stopped: 0.0007836 seconds, Stopping threads took: 0.0003577 seconds
[2022-06-13T03:19:36.949+0000][1][safepoint    ] Application time: 1.0001689 seconds
[2022-06-13T03:19:36.950+0000][1][safepoint    ] Entering safepoint region: Cleanup
[2022-06-13T03:19:36.950+0000][1][safepoint    ] Leaving safepoint region
[2022-06-13T03:19:36.951+0000][1][safepoint    ] Total time for which application threads were stopped: 0.0011518 seconds, Stopping threads took: 0.0004992 seconds
[2022-06-13T03:19:37.951+0000][1][safepoint    ] Application time: 1.0002302 seconds
[2022-06-13T03:19:37.952+0000][1][safepoint    ] Entering safepoint region: Cleanup
[2022-06-13T03:19:37.952+0000][1][safepoint    ] Leaving safepoint region
[2022-06-13T03:19:37.953+0000][1][safepoint    ] Total time for which application threads were stopped: 0.0006987 seconds, Stopping threads took: 0.0003237 seconds
[2022-06-13T03:19:38.953+0000][1][safepoint    ] Application time: 1.0002274 seconds
[2022-06-13T03:19:38.954+0000][1][safepoint    ] Entering safepoint region: Cleanup
[2022-06-13T03:19:38.955+0000][1][safepoint    ] Leaving safepoint region
[2022-06-13T03:19:38.955+0000][1][safepoint    ] Total time for which application threads were stopped: 0.0015599 seconds, Stopping threads took: 0.0007135 seconds
[2022-06-13T03:19:39.956+0000][1][safepoint    ] Application time: 1.0002056 seconds
[2022-06-13T03:19:39.957+0000][1][safepoint    ] Entering safepoint region: Cleanup
[2022-06-13T03:19:39.957+0000][1][safepoint    ] Leaving safepoint region
[2022-06-13T03:19:39.957+0000][1][safepoint    ] Total time for which application threads were stopped: 0.0007899 seconds, Stopping threads took: 0.0003124 seconds
[2022-06-13T03:19:40.958+0000][1][safepoint    ] Application time: 1.0003226 seconds
[2022-06-13T03:19:40.959+0000][1][safepoint    ] Entering safepoint region: Cleanup
[2022-06-13T03:19:40.959+0000][1][safepoint    ] Leaving safepoint region
[2022-06-13T03:19:40.959+0000][1][safepoint    ] Total time for which application threads were stopped: 0.0008300 seconds, Stopping threads took: 0.0003735 seconds
[2022-06-13T03:19:41.960+0000][1][safepoint    ] Application time: 1.0003139 seconds
[2022-06-13T03:19:41.961+0000][1][safepoint    ] Entering safepoint region: Cleanup
[2022-06-13T03:19:41.961+0000][1][safepoint    ] Leaving safepoint region
[2022-06-13T03:19:41.962+0000][1][safepoint    ] Total time for which application threads were stopped: 0.0013262 seconds, Stopping threads took: 0.0006031 seconds
[2022-06-13T03:19:42.963+0000][1][safepoint    ] Application time: 1.0002372 seconds
[2022-06-13T03:19:42.963+0000][1][safepoint    ] Entering safepoint region: Cleanup
[2022-06-13T03:19:42.964+0000][1][safepoint    ] Leaving safepoint region
[2022-06-13T03:19:42.964+0000][1][safepoint    ] Total time for which application threads were stopped: 0.0008265 seconds, Stopping threads took: 0.0003763 seconds
[2022-06-13T03:19:43.965+0000][1][safepoint    ] Application time: 1.0002834 seconds
[2022-06-13T03:19:43.965+0000][1][safepoint    ] Entering safepoint region: Cleanup
[2022-06-13T03:19:43.966+0000][1][safepoint    ] Leaving safepoint region
[2022-06-13T03:19:43.966+0000][1][safepoint    ] Total time for which application threads were stopped: 0.0009197 seconds, Stopping threads took: 0.0004943 seconds
[2022-06-13T03:19:44.967+0000][1][safepoint    ] Application time: 1.0001958 seconds
[2022-06-13T03:19:44.967+0000][1][safepoint    ] Entering safepoint region: Cleanup
[2022-06-13T03:19:44.968+0000][1][safepoint    ] Leaving safepoint region
[2022-06-13T03:19:44.968+0000][1][safepoint    ] Total time for which application threads were stopped: 0.0007980 seconds, Stopping threads took: 0.0003860 seconds
[2022-06-13T03:19:45.969+0000][1][safepoint    ] Application time: 1.0003026 seconds
[2022-06-13T03:19:45.969+0000][1][safepoint    ] Entering safepoint region: Cleanup
[2022-06-13T03:19:45.970+0000][1][safepoint    ] Leaving safepoint region
[2022-06-13T03:19:45.971+0000][1][safepoint    ] Total time for which application threads were stopped: 0.0014947 seconds, Stopping threads took: 0.0007373 seconds
[2022-06-13T03:19:46.972+0000][1][safepoint    ] Application time: 1.0002466 seconds
[2022-06-13T03:19:46.972+0000][1][safepoint    ] Entering safepoint region: Cleanup
[2022-06-13T03:19:46.973+0000][1][safepoint    ] Leaving safepoint region
[2022-06-13T03:19:46.973+0000][1][safepoint    ] Total time for which application threads were stopped: 0.0010593 seconds, Stopping threads took: 0.0004529 seconds
[2022-06-13T03:19:47.974+0000][1][safepoint    ] Application time: 1.0002392 seconds
[2022-06-13T03:19:47.975+0000][1][safepoint    ] Entering safepoint region: Cleanup
[2022-06-13T03:19:47.975+0000][1][safepoint    ] Leaving safepoint region
[2022-06-13T03:19:47.975+0000][1][safepoint    ] Total time for which application threads were stopped: 0.0007351 seconds, Stopping threads took: 0.0003147 seconds
[2022-06-13T03:19:48.976+0000][1][safepoint    ] Application time: 1.0001848 seconds
[2022-06-13T03:19:48.976+0000][1][safepoint    ] Entering safepoint region: Cleanup
[2022-06-13T03:19:48.977+0000][1][safepoint    ] Leaving safepoint region
[2022-06-13T03:19:48.977+0000][1][safepoint    ] Total time for which application threads were stopped: 0.0008521 seconds, Stopping threads took: 0.0003941 seconds
[2022-06-13T03:19:49.978+0000][1][safepoint    ] Application time: 1.0002582 seconds
[2022-06-13T03:19:49.978+0000][1][safepoint    ] Entering safepoint region: Cleanup
[2022-06-13T03:19:49.979+0000][1][safepoint    ] Leaving safepoint region
[2022-06-13T03:19:49.979+0000][1][safepoint    ] Total time for which application threads were stopped: 0.0007439 seconds, Stopping threads took: 0.0003380 seconds
[2022-06-13T03:19:50.980+0000][1][safepoint    ] Application time: 1.0001790 seconds
[2022-06-13T03:19:50.980+0000][1][safepoint    ] Entering safepoint region: Cleanup
[2022-06-13T03:19:50.981+0000][1][safepoint    ] Leaving safepoint region
[2022-06-13T03:19:50.981+0000][1][safepoint    ] Total time for which application threads were stopped: 0.0009941 seconds, Stopping threads took: 0.0004646 seconds
[2022-06-13T03:19:51.982+0000][1][safepoint    ] Application time: 1.0004594 seconds
[2022-06-13T03:19:51.983+0000][1][safepoint    ] Entering safepoint region: Cleanup
[2022-06-13T03:19:51.983+0000][1][safepoint    ] Leaving safepoint region
[2022-06-13T03:19:51.984+0000][1][safepoint    ] Total time for which application threads were stopped: 0.0009276 seconds, Stopping threads took: 0.0003862 seconds
[2022-06-13T03:19:52.984+0000][1][safepoint    ] Application time: 1.0002282 seconds
[2022-06-13T03:19:52.985+0000][1][safepoint    ] Entering safepoint region: Cleanup
[2022-06-13T03:19:52.986+0000][1][safepoint    ] Leaving safepoint region
[2022-06-13T03:19:52.986+0000][1][safepoint    ] Total time for which application threads were stopped: 0.0008295 seconds, Stopping threads took: 0.0004431 seconds
[2022-06-13T03:19:53.986+0000][1][safepoint    ] Application time: 1.0001991 seconds
[2022-06-13T03:19:53.987+0000][1][safepoint    ] Entering safepoint region: Cleanup
[2022-06-13T03:19:53.987+0000][1][safepoint    ] Leaving safepoint region
[2022-06-13T03:19:53.988+0000][1][safepoint    ] Total time for which application threads were stopped: 0.0008123 seconds, Stopping threads took: 0.0003836 seconds
[2022-06-13T03:19:54.988+0000][1][safepoint    ] Application time: 1.0002378 seconds
[2022-06-13T03:19:54.989+0000][1][safepoint    ] Entering safepoint region: Cleanup
[2022-06-13T03:19:54.990+0000][1][safepoint    ] Leaving safepoint region
[2022-06-13T03:19:54.990+0000][1][safepoint    ] Total time for which application threads were stopped: 0.0008965 seconds, Stopping threads took: 0.0004342 seconds
[2022-06-13T03:19:55.991+0000][1][safepoint    ] Application time: 1.0002932 seconds
[2022-06-13T03:19:55.991+0000][1][safepoint    ] Entering safepoint region: Cleanup
[2022-06-13T03:19:55.992+0000][1][safepoint    ] Leaving safepoint region
[2022-06-13T03:19:55.992+0000][1][safepoint    ] Total time for which application threads were stopped: 0.0009060 seconds, Stopping threads took: 0.0004028 seconds
[2022-06-13T03:19:56.993+0000][1][safepoint    ] Application time: 1.0001981 seconds
[2022-06-13T03:19:56.994+0000][1][safepoint    ] Entering safepoint region: Cleanup
[2022-06-13T03:19:56.994+0000][1][safepoint    ] Leaving safepoint region
[2022-06-13T03:19:56.995+0000][1][safepoint    ] Total time for which application threads were stopped: 0.0012172 seconds, Stopping threads took: 0.0005298 seconds
[2022-06-13T03:19:57.995+0000][1][safepoint    ] Application time: 1.0003354 seconds
[2022-06-13T03:19:57.996+0000][1][safepoint    ] Entering safepoint region: Cleanup
[2022-06-13T03:19:57.997+0000][1][safepoint    ] Leaving safepoint region
[2022-06-13T03:19:57.998+0000][1][safepoint    ] Total time for which application threads were stopped: 0.0014210 seconds, Stopping threads took: 0.0006279 seconds
[2022-06-13T03:19:58.999+0000][1][safepoint    ] Application time: 1.0003796 seconds
[2022-06-13T03:19:58.999+0000][1][safepoint    ] Entering safepoint region: Cleanup
[2022-06-13T03:19:59.000+0000][1][safepoint    ] Leaving safepoint region
[2022-06-13T03:19:59.000+0000][1][safepoint    ] Total time for which application threads were stopped: 0.0009975 seconds, Stopping threads took: 0.0005194 seconds
[2022-06-13T03:20:00.001+0000][1][safepoint    ] Application time: 1.0002078 seconds
[2022-06-13T03:20:00.001+0000][1][safepoint    ] Entering safepoint region: Cleanup
[2022-06-13T03:20:00.002+0000][1][safepoint    ] Leaving safepoint region
[2022-06-13T03:20:00.002+0000][1][safepoint    ] Total time for which application threads were stopped: 0.0008731 seconds, Stopping threads took: 0.0004045 seconds
[2022-06-13T03:20:01.003+0000][1][safepoint    ] Application time: 1.0002573 seconds
[2022-06-13T03:20:01.004+0000][1][safepoint    ] Entering safepoint region: Cleanup
[2022-06-13T03:20:01.004+0000][1][safepoint    ] Leaving safepoint region
[2022-06-13T03:20:01.005+0000][1][safepoint    ] Total time for which application threads were stopped: 0.0010212 seconds, Stopping threads took: 0.0004830 seconds
[2022-06-13T03:20:02.006+0000][1][safepoint    ] Application time: 1.0001592 seconds
[2022-06-13T03:20:02.006+0000][1][safepoint    ] Entering safepoint region: Cleanup
[2022-06-13T03:20:02.007+0000][1][safepoint    ] Leaving safepoint region
[2022-06-13T03:20:02.007+0000][1][safepoint    ] Total time for which application threads were stopped: 0.0009178 seconds, Stopping threads took: 0.0004299 seconds
[2022-06-13T03:20:03.008+0000][1][safepoint    ] Application time: 1.0001791 seconds
[2022-06-13T03:20:03.008+0000][1][safepoint    ] Entering safepoint region: Cleanup
[2022-06-13T03:20:03.009+0000][1][safepoint    ] Leaving safepoint region
[2022-06-13T03:20:03.010+0000][1][safepoint    ] Total time for which application threads were stopped: 0.0011608 seconds, Stopping threads took: 0.0004960 seconds
[2022-06-13T03:20:04.010+0000][1][safepoint    ] Application time: 1.0001595 seconds
[2022-06-13T03:20:04.011+0000][1][safepoint    ] Entering safepoint region: Cleanup
[2022-06-13T03:20:04.011+0000][1][safepoint    ] Leaving safepoint region
[2022-06-13T03:20:04.011+0000][1][safepoint    ] Total time for which application threads were stopped: 0.0007310 seconds, Stopping threads took: 0.0003462 seconds
[2022-06-13T03:20:04.672+0000][1][safepoint    ] Application time: 0.6605400 seconds
[2022-06-13T03:20:04.673+0000][1][safepoint    ] Entering safepoint region: GenCollectForAllocation
[2022-06-13T03:20:04.673+0000][1][gc,start     ] GC(22) Pause Young (Allocation Failure)
[2022-06-13T03:20:04.674+0000][1][gc,task      ] GC(22) Using 5 workers of 13 for evacuation
[2022-06-13T03:20:04.679+0000][1][gc,age       ] GC(22) Desired survivor size 4456448 bytes, new threshold 2 (max threshold 6)
[2022-06-13T03:20:04.679+0000][1][gc,age       ] GC(22) Age table with threshold 2 (max threshold 6)
[2022-06-13T03:20:04.680+0000][1][gc,age       ] GC(22) - age   1:     973744 bytes,     973744 total
[2022-06-13T03:20:04.680+0000][1][gc,age       ] GC(22) - age   2:    3986648 bytes,    4960392 total
[2022-06-13T03:20:04.680+0000][1][gc,heap      ] GC(22) ParNew: 78641K->8373K(78656K)
[2022-06-13T03:20:04.681+0000][1][gc,heap      ] GC(22) CMS: 62423K->63857K(174784K)
[2022-06-13T03:20:04.681+0000][1][gc,metaspace ] GC(22) Metaspace: 64703K->64703K(1107968K)
[2022-06-13T03:20:04.682+0000][1][gc           ] GC(22) Pause Young (Allocation Failure) 137M->70M(247M) 8.393ms
[2022-06-13T03:20:04.682+0000][1][gc,cpu       ] GC(22) User=0.02s Sys=0.01s Real=0.01s
[2022-06-13T03:20:04.683+0000][1][safepoint    ] Leaving safepoint region
[2022-06-13T03:20:04.683+0000][1][safepoint    ] Total time for which application threads were stopped: 0.0102152 seconds, Stopping threads took: 0.0003461 seconds
[2022-06-13T03:20:05.684+0000][1][safepoint    ] Application time: 1.0001327 seconds
[2022-06-13T03:20:05.684+0000][1][safepoint    ] Entering safepoint region: Cleanup
[2022-06-13T03:20:05.684+0000][1][safepoint    ] Leaving safepoint region
[2022-06-13T03:20:05.685+0000][1][safepoint    ] Total time for which application threads were stopped: 0.0006204 seconds, Stopping threads took: 0.0002616 seconds
[2022-06-13T03:20:06.685+0000][1][safepoint    ] Application time: 1.0001723 seconds
[2022-06-13T03:20:06.685+0000][1][safepoint    ] Entering safepoint region: Cleanup
[2022-06-13T03:20:06.686+0000][1][safepoint    ] Leaving safepoint region
[2022-06-13T03:20:06.686+0000][1][safepoint    ] Total time for which application threads were stopped: 0.0007938 seconds, Stopping threads took: 0.0004486 seconds
[2022-06-13T03:20:07.687+0000][1][safepoint    ] Application time: 1.0002045 seconds
[2022-06-13T03:20:07.687+0000][1][safepoint    ] Entering safepoint region: Cleanup
[2022-06-13T03:20:07.687+0000][1][safepoint    ] Leaving safepoint region
[2022-06-13T03:20:07.687+0000][1][safepoint    ] Total time for which application threads were stopped: 0.0003788 seconds, Stopping threads took: 0.0001573 seconds
[2022-06-13T03:20:08.688+0000][1][safepoint    ] Application time: 1.0001605 seconds
[2022-06-13T03:20:08.688+0000][1][safepoint    ] Entering safepoint region: Cleanup
[2022-06-13T03:20:08.689+0000][1][safepoint    ] Leaving safepoint region
[2022-06-13T03:20:08.689+0000][1][safepoint    ] Total time for which application threads were stopped: 0.0009910 seconds, Stopping threads took: 0.0004434 seconds
[2022-06-13T03:20:09.690+0000][1][safepoint    ] Application time: 1.0001884 seconds
[2022-06-13T03:20:09.690+0000][1][safepoint    ] Entering safepoint region: Cleanup
[2022-06-13T03:20:09.691+0000][1][safepoint    ] Leaving safepoint region
[2022-06-13T03:20:09.691+0000][1][safepoint    ] Total time for which application threads were stopped: 0.0007013 seconds, Stopping threads took: 0.0003590 seconds
[2022-06-13T03:20:10.691+0000][1][safepoint    ] Application time: 1.0002889 seconds
[2022-06-13T03:20:10.692+0000][1][safepoint    ] Entering safepoint region: Cleanup
[2022-06-13T03:20:10.692+0000][1][safepoint    ] Leaving safepoint region
[2022-06-13T03:20:10.693+0000][1][safepoint    ] Total time for which application threads were stopped: 0.0008147 seconds, Stopping threads took: 0.0003715 seconds
[2022-06-13T03:20:11.693+0000][1][safepoint    ] Application time: 1.0001846 seconds
[2022-06-13T03:20:11.694+0000][1][safepoint    ] Entering safepoint region: Cleanup
[2022-06-13T03:20:11.695+0000][1][safepoint    ] Leaving safepoint region
[2022-06-13T03:20:11.695+0000][1][safepoint    ] Total time for which application threads were stopped: 0.0013285 seconds, Stopping threads took: 0.0005819 seconds
[2022-06-13T03:20:12.696+0000][1][safepoint    ] Application time: 1.0001231 seconds
[2022-06-13T03:20:12.697+0000][1][safepoint    ] Entering safepoint region: Cleanup
[2022-06-13T03:20:12.697+0000][1][safepoint    ] Leaving safepoint region
[2022-06-13T03:20:12.697+0000][1][safepoint    ] Total time for which application threads were stopped: 0.0006292 seconds, Stopping threads took: 0.0003155 seconds
[2022-06-13T03:20:13.698+0000][1][safepoint    ] Application time: 1.0002583 seconds
[2022-06-13T03:20:13.699+0000][1][safepoint    ] Entering safepoint region: Cleanup
[2022-06-13T03:20:13.699+0000][1][safepoint    ] Leaving safepoint region
[2022-06-13T03:20:13.700+0000][1][safepoint    ] Total time for which application threads were stopped: 0.0016148 seconds, Stopping threads took: 0.0007598 seconds
[2022-06-13T03:20:14.701+0000][1][safepoint    ] Application time: 1.0002371 seconds
[2022-06-13T03:20:14.702+0000][1][safepoint    ] Entering safepoint region: Cleanup
[2022-06-13T03:20:14.702+0000][1][safepoint    ] Leaving safepoint region
[2022-06-13T03:20:14.702+0000][1][safepoint    ] Total time for which application threads were stopped: 0.0008579 seconds, Stopping threads took: 0.0003810 seconds
[2022-06-13T03:20:15.703+0000][1][safepoint    ] Application time: 1.0001365 seconds
[2022-06-13T03:20:15.703+0000][1][safepoint    ] Entering safepoint region: Cleanup
[2022-06-13T03:20:15.704+0000][1][safepoint    ] Leaving safepoint region
[2022-06-13T03:20:15.704+0000][1][safepoint    ] Total time for which application threads were stopped: 0.0009919 seconds, Stopping threads took: 0.0004748 seconds
[2022-06-13T03:20:16.705+0000][1][safepoint    ] Application time: 1.0002038 seconds
[2022-06-13T03:20:16.706+0000][1][safepoint    ] Entering safepoint region: Cleanup
[2022-06-13T03:20:16.706+0000][1][safepoint    ] Leaving safepoint region
[2022-06-13T03:20:16.707+0000][1][safepoint    ] Total time for which application threads were stopped: 0.0012262 seconds, Stopping threads took: 0.0005797 seconds
[2022-06-13T03:20:17.708+0000][1][safepoint    ] Application time: 1.0001957 seconds
[2022-06-13T03:20:17.708+0000][1][safepoint    ] Entering safepoint region: Cleanup
[2022-06-13T03:20:17.709+0000][1][safepoint    ] Leaving safepoint region
[2022-06-13T03:20:17.709+0000][1][safepoint    ] Total time for which application threads were stopped: 0.0011146 seconds, Stopping threads took: 0.0005628 seconds
[2022-06-13T03:20:18.710+0000][1][safepoint    ] Application time: 1.0001533 seconds
[2022-06-13T03:20:18.710+0000][1][safepoint    ] Entering safepoint region: Cleanup
[2022-06-13T03:20:18.711+0000][1][safepoint    ] Leaving safepoint region
[2022-06-13T03:20:18.711+0000][1][safepoint    ] Total time for which application threads were stopped: 0.0008595 seconds, Stopping threads took: 0.0004829 seconds
[2022-06-13T03:20:21.712+0000][1][safepoint    ] Application time: 3.0006469 seconds
[2022-06-13T03:20:21.712+0000][1][safepoint    ] Entering safepoint region: Cleanup
[2022-06-13T03:20:21.713+0000][1][safepoint    ] Leaving safepoint region
[2022-06-13T03:20:21.714+0000][1][safepoint    ] Total time for which application threads were stopped: 0.0011634 seconds, Stopping threads took: 0.0004993 seconds
[2022-06-13T03:20:22.714+0000][1][safepoint    ] Application time: 1.0003697 seconds
[2022-06-13T03:20:22.740+0000][1][safepoint    ] Entering safepoint region: Cleanup
[2022-06-13T03:20:22.740+0000][1][safepoint    ] Leaving safepoint region
[2022-06-13T03:20:22.741+0000][1][safepoint    ] Total time for which application threads were stopped: 0.0256309 seconds, Stopping threads took: 0.0251148 seconds
[2022-06-13T03:20:23.741+0000][1][safepoint    ] Application time: 1.0002431 seconds
[2022-06-13T03:20:23.742+0000][1][safepoint    ] Entering safepoint region: Cleanup
[2022-06-13T03:20:23.742+0000][1][safepoint    ] Leaving safepoint region
[2022-06-13T03:20:23.743+0000][1][safepoint    ] Total time for which application threads were stopped: 0.0009730 seconds, Stopping threads took: 0.0004650 seconds
[2022-06-13T03:20:24.743+0000][1][safepoint    ] Application time: 1.0003269 seconds
[2022-06-13T03:20:24.744+0000][1][safepoint    ] Entering safepoint region: Cleanup
[2022-06-13T03:20:24.744+0000][1][safepoint    ] Leaving safepoint region
[2022-06-13T03:20:24.745+0000][1][safepoint    ] Total time for which application threads were stopped: 0.0010032 seconds, Stopping threads took: 0.0005000 seconds
[2022-06-13T03:20:25.745+0000][1][safepoint    ] Application time: 1.0001783 seconds
[2022-06-13T03:20:25.746+0000][1][safepoint    ] Entering safepoint region: Cleanup
[2022-06-13T03:20:25.746+0000][1][safepoint    ] Leaving safepoint region
[2022-06-13T03:20:25.747+0000][1][safepoint    ] Total time for which application threads were stopped: 0.0008443 seconds, Stopping threads took: 0.0004155 seconds
[2022-06-13T03:20:26.747+0000][1][safepoint    ] Application time: 1.0001450 seconds
[2022-06-13T03:20:26.748+0000][1][safepoint    ] Entering safepoint region: Cleanup
[2022-06-13T03:20:26.748+0000][1][safepoint    ] Leaving safepoint region
[2022-06-13T03:20:26.748+0000][1][safepoint    ] Total time for which application threads were stopped: 0.0007246 seconds, Stopping threads took: 0.0003568 seconds
[2022-06-13T03:20:27.749+0000][1][safepoint    ] Application time: 1.0001449 seconds
[2022-06-13T03:20:27.749+0000][1][safepoint    ] Entering safepoint region: Cleanup
[2022-06-13T03:20:27.749+0000][1][safepoint    ] Leaving safepoint region
[2022-06-13T03:20:27.749+0000][1][safepoint    ] Total time for which application threads were stopped: 0.0004310 seconds, Stopping threads took: 0.0001759 seconds
[2022-06-13T03:20:28.750+0000][1][safepoint    ] Application time: 1.0002475 seconds
[2022-06-13T03:20:28.750+0000][1][safepoint    ] Entering safepoint region: Cleanup
[2022-06-13T03:20:28.751+0000][1][safepoint    ] Leaving safepoint region
[2022-06-13T03:20:28.751+0000][1][safepoint    ] Total time for which application threads were stopped: 0.0008633 seconds, Stopping threads took: 0.0004246 seconds
[2022-06-13T03:20:29.752+0000][1][safepoint    ] Application time: 1.0002160 seconds
[2022-06-13T03:20:29.752+0000][1][safepoint    ] Entering safepoint region: Cleanup
[2022-06-13T03:20:29.753+0000][1][safepoint    ] Leaving safepoint region
[2022-06-13T03:20:29.753+0000][1][safepoint    ] Total time for which application threads were stopped: 0.0008690 seconds, Stopping threads took: 0.0004000 seconds
[2022-06-13T03:20:30.754+0000][1][safepoint    ] Application time: 1.0002042 seconds
[2022-06-13T03:20:30.754+0000][1][safepoint    ] Entering safepoint region: Cleanup
[2022-06-13T03:20:30.755+0000][1][safepoint    ] Leaving safepoint region
[2022-06-13T03:20:30.755+0000][1][safepoint    ] Total time for which application threads were stopped: 0.0011564 seconds, Stopping threads took: 0.0004529 seconds
[2022-06-13T03:20:31.756+0000][1][safepoint    ] Application time: 1.0002328 seconds
[2022-06-13T03:20:31.757+0000][1][safepoint    ] Entering safepoint region: Cleanup
[2022-06-13T03:20:31.757+0000][1][safepoint    ] Leaving safepoint region
[2022-06-13T03:20:31.758+0000][1][safepoint    ] Total time for which application threads were stopped: 0.0010015 seconds, Stopping threads took: 0.0004504 seconds
[2022-06-13T03:20:32.759+0000][1][safepoint    ] Application time: 1.0003006 seconds
[2022-06-13T03:20:32.759+0000][1][safepoint    ] Entering safepoint region: Cleanup
[2022-06-13T03:20:32.760+0000][1][safepoint    ] Leaving safepoint region
[2022-06-13T03:20:32.760+0000][1][safepoint    ] Total time for which application threads were stopped: 0.0006550 seconds, Stopping threads took: 0.0002754 seconds
[2022-06-13T03:20:33.760+0000][1][safepoint    ] Application time: 1.0001884 seconds
[2022-06-13T03:20:33.761+0000][1][safepoint    ] Entering safepoint region: Cleanup
[2022-06-13T03:20:33.761+0000][1][safepoint    ] Leaving safepoint region
[2022-06-13T03:20:33.761+0000][1][safepoint    ] Total time for which application threads were stopped: 0.0003115 seconds, Stopping threads took: 0.0001326 seconds
[2022-06-13T03:20:34.761+0000][1][safepoint    ] Application time: 1.0001446 seconds
[2022-06-13T03:20:34.762+0000][1][safepoint    ] Entering safepoint region: Cleanup
[2022-06-13T03:20:34.763+0000][1][safepoint    ] Leaving safepoint region
[2022-06-13T03:20:34.763+0000][1][safepoint    ] Total time for which application threads were stopped: 0.0005089 seconds, Stopping threads took: 0.0002198 seconds
[2022-06-13T03:20:35.763+0000][1][safepoint    ] Application time: 1.0002251 seconds
[2022-06-13T03:20:35.764+0000][1][safepoint    ] Entering safepoint region: Cleanup
[2022-06-13T03:20:35.764+0000][1][safepoint    ] Leaving safepoint region
[2022-06-13T03:20:35.765+0000][1][safepoint    ] Total time for which application threads were stopped: 0.0007410 seconds, Stopping threads took: 0.0003210 seconds
[2022-06-13T03:20:36.765+0000][1][safepoint    ] Application time: 1.0002925 seconds
[2022-06-13T03:20:36.766+0000][1][safepoint    ] Entering safepoint region: Cleanup
[2022-06-13T03:20:36.766+0000][1][safepoint    ] Leaving safepoint region
[2022-06-13T03:20:36.767+0000][1][safepoint    ] Total time for which application threads were stopped: 0.0007973 seconds, Stopping threads took: 0.0003825 seconds
[2022-06-13T03:20:37.767+0000][1][safepoint    ] Application time: 1.0002955 seconds
[2022-06-13T03:20:37.768+0000][1][safepoint    ] Entering safepoint region: Cleanup
[2022-06-13T03:20:37.768+0000][1][safepoint    ] Leaving safepoint region
[2022-06-13T03:20:37.769+0000][1][safepoint    ] Total time for which application threads were stopped: 0.0010943 seconds, Stopping threads took: 0.0005078 seconds
[2022-06-13T03:20:38.769+0000][1][safepoint    ] Application time: 1.0001971 seconds
[2022-06-13T03:20:38.770+0000][1][safepoint    ] Entering safepoint region: Cleanup
[2022-06-13T03:20:38.770+0000][1][safepoint    ] Leaving safepoint region
[2022-06-13T03:20:38.771+0000][1][safepoint    ] Total time for which application threads were stopped: 0.0007871 seconds, Stopping threads took: 0.0003444 seconds
[2022-06-13T03:20:39.771+0000][1][safepoint    ] Application time: 1.0002047 seconds
[2022-06-13T03:20:39.772+0000][1][safepoint    ] Entering safepoint region: Cleanup
[2022-06-13T03:20:39.773+0000][1][safepoint    ] Leaving safepoint region
[2022-06-13T03:20:39.773+0000][1][safepoint    ] Total time for which application threads were stopped: 0.0010993 seconds, Stopping threads took: 0.0005262 seconds
[2022-06-13T03:20:40.774+0000][1][safepoint    ] Application time: 1.0002979 seconds
[2022-06-13T03:20:40.774+0000][1][safepoint    ] Entering safepoint region: Cleanup
[2022-06-13T03:20:40.775+0000][1][safepoint    ] Leaving safepoint region
[2022-06-13T03:20:40.775+0000][1][safepoint    ] Total time for which application threads were stopped: 0.0009073 seconds, Stopping threads took: 0.0004007 seconds
[2022-06-13T03:20:41.776+0000][1][safepoint    ] Application time: 1.0001446 seconds
[2022-06-13T03:20:41.776+0000][1][safepoint    ] Entering safepoint region: Cleanup
[2022-06-13T03:20:41.776+0000][1][safepoint    ] Leaving safepoint region
[2022-06-13T03:20:41.776+0000][1][safepoint    ] Total time for which application threads were stopped: 0.0003732 seconds, Stopping threads took: 0.0001876 seconds
[2022-06-13T03:20:42.777+0000][1][safepoint    ] Application time: 1.0001515 seconds
[2022-06-13T03:20:42.777+0000][1][safepoint    ] Entering safepoint region: Cleanup
[2022-06-13T03:20:42.778+0000][1][safepoint    ] Leaving safepoint region
[2022-06-13T03:20:42.778+0000][1][safepoint    ] Total time for which application threads were stopped: 0.0011301 seconds, Stopping threads took: 0.0005817 seconds
[2022-06-13T03:20:43.779+0000][1][safepoint    ] Application time: 1.0002374 seconds
[2022-06-13T03:20:43.780+0000][1][safepoint    ] Entering safepoint region: Cleanup
[2022-06-13T03:20:43.780+0000][1][safepoint    ] Leaving safepoint region
[2022-06-13T03:20:43.781+0000][1][safepoint    ] Total time for which application threads were stopped: 0.0012533 seconds, Stopping threads took: 0.0005519 seconds
[2022-06-13T03:20:44.782+0000][1][safepoint    ] Application time: 1.0001600 seconds
[2022-06-13T03:20:44.782+0000][1][safepoint    ] Entering safepoint region: Cleanup
[2022-06-13T03:20:44.783+0000][1][safepoint    ] Leaving safepoint region
[2022-06-13T03:20:44.783+0000][1][safepoint    ] Total time for which application threads were stopped: 0.0009764 seconds, Stopping threads took: 0.0004493 seconds
[2022-06-13T03:20:45.784+0000][1][safepoint    ] Application time: 1.0003421 seconds
[2022-06-13T03:20:45.784+0000][1][safepoint    ] Entering safepoint region: Cleanup
[2022-06-13T03:20:45.785+0000][1][safepoint    ] Leaving safepoint region
[2022-06-13T03:20:45.786+0000][1][safepoint    ] Total time for which application threads were stopped: 0.0014071 seconds, Stopping threads took: 0.0006125 seconds
[2022-06-13T03:20:46.786+0000][1][safepoint    ] Application time: 1.0001465 seconds
[2022-06-13T03:20:46.787+0000][1][safepoint    ] Entering safepoint region: Cleanup
[2022-06-13T03:20:46.787+0000][1][safepoint    ] Leaving safepoint region
[2022-06-13T03:20:46.788+0000][1][safepoint    ] Total time for which application threads were stopped: 0.0010479 seconds, Stopping threads took: 0.0003926 seconds
[2022-06-13T03:20:47.788+0000][1][safepoint    ] Application time: 1.0002202 seconds
[2022-06-13T03:20:47.789+0000][1][safepoint    ] Entering safepoint region: Cleanup
[2022-06-13T03:20:47.789+0000][1][safepoint    ] Leaving safepoint region
[2022-06-13T03:20:47.790+0000][1][safepoint    ] Total time for which application threads were stopped: 0.0008634 seconds, Stopping threads took: 0.0004921 seconds
[2022-06-13T03:20:48.790+0000][1][safepoint    ] Application time: 1.0001472 seconds
[2022-06-13T03:20:48.790+0000][1][safepoint    ] Entering safepoint region: Cleanup
[2022-06-13T03:20:48.790+0000][1][safepoint    ] Leaving safepoint region
[2022-06-13T03:20:48.790+0000][1][safepoint    ] Total time for which application threads were stopped: 0.0003472 seconds, Stopping threads took: 0.0001541 seconds
[2022-06-13T03:20:49.791+0000][1][safepoint    ] Application time: 1.0002305 seconds
[2022-06-13T03:20:49.791+0000][1][safepoint    ] Entering safepoint region: Cleanup
[2022-06-13T03:20:49.792+0000][1][safepoint    ] Leaving safepoint region
[2022-06-13T03:20:49.793+0000][1][safepoint    ] Total time for which application threads were stopped: 0.0014227 seconds, Stopping threads took: 0.0006253 seconds
[2022-06-13T03:20:50.793+0000][1][safepoint    ] Application time: 1.0002103 seconds
[2022-06-13T03:20:50.794+0000][1][safepoint    ] Entering safepoint region: Cleanup
[2022-06-13T03:20:50.795+0000][1][safepoint    ] Leaving safepoint region
[2022-06-13T03:20:50.795+0000][1][safepoint    ] Total time for which application threads were stopped: 0.0007214 seconds, Stopping threads took: 0.0003555 seconds
[2022-06-13T03:20:51.795+0000][1][safepoint    ] Application time: 1.0001804 seconds
[2022-06-13T03:20:51.796+0000][1][safepoint    ] Entering safepoint region: Cleanup
[2022-06-13T03:20:51.796+0000][1][safepoint    ] Leaving safepoint region
[2022-06-13T03:20:51.796+0000][1][safepoint    ] Total time for which application threads were stopped: 0.0005848 seconds, Stopping threads took: 0.0002377 seconds
[2022-06-13T03:20:52.797+0000][1][safepoint    ] Application time: 1.0002183 seconds
[2022-06-13T03:20:52.798+0000][1][safepoint    ] Entering safepoint region: Cleanup
[2022-06-13T03:20:52.798+0000][1][safepoint    ] Leaving safepoint region
[2022-06-13T03:20:52.798+0000][1][safepoint    ] Total time for which application threads were stopped: 0.0010383 seconds, Stopping threads took: 0.0004875 seconds
[2022-06-13T03:20:53.799+0000][1][safepoint    ] Application time: 1.0002043 seconds
[2022-06-13T03:20:53.800+0000][1][safepoint    ] Entering safepoint region: Cleanup
[2022-06-13T03:20:53.800+0000][1][safepoint    ] Leaving safepoint region
[2022-06-13T03:20:53.800+0000][1][safepoint    ] Total time for which application threads were stopped: 0.0008496 seconds, Stopping threads took: 0.0003554 seconds
[2022-06-13T03:20:54.801+0000][1][safepoint    ] Application time: 1.0003122 seconds
[2022-06-13T03:20:54.801+0000][1][safepoint    ] Entering safepoint region: Cleanup
[2022-06-13T03:20:54.802+0000][1][safepoint    ] Leaving safepoint region
[2022-06-13T03:20:54.802+0000][1][safepoint    ] Total time for which application threads were stopped: 0.0006600 seconds, Stopping threads took: 0.0002854 seconds
[2022-06-13T03:20:55.803+0000][1][safepoint    ] Application time: 1.0003767 seconds
[2022-06-13T03:20:55.803+0000][1][safepoint    ] Entering safepoint region: Cleanup
[2022-06-13T03:20:55.804+0000][1][safepoint    ] Leaving safepoint region
[2022-06-13T03:20:55.804+0000][1][safepoint    ] Total time for which application threads were stopped: 0.0012454 seconds, Stopping threads took: 0.0006885 seconds
[2022-06-13T03:20:56.805+0000][1][safepoint    ] Application time: 1.0001851 seconds
[2022-06-13T03:20:56.806+0000][1][safepoint    ] Entering safepoint region: Cleanup
[2022-06-13T03:20:56.806+0000][1][safepoint    ] Leaving safepoint region
[2022-06-13T03:20:56.806+0000][1][safepoint    ] Total time for which application threads were stopped: 0.0007914 seconds, Stopping threads took: 0.0003590 seconds
[2022-06-13T03:20:57.807+0000][1][safepoint    ] Application time: 1.0002798 seconds
[2022-06-13T03:20:57.807+0000][1][safepoint    ] Entering safepoint region: Cleanup
[2022-06-13T03:20:57.808+0000][1][safepoint    ] Leaving safepoint region
[2022-06-13T03:20:57.808+0000][1][safepoint    ] Total time for which application threads were stopped: 0.0005143 seconds, Stopping threads took: 0.0001957 seconds
[2022-06-13T03:20:58.808+0000][1][safepoint    ] Application time: 1.0001104 seconds
[2022-06-13T03:20:58.809+0000][1][safepoint    ] Entering safepoint region: Cleanup
[2022-06-13T03:20:58.809+0000][1][safepoint    ] Leaving safepoint region
[2022-06-13T03:20:58.809+0000][1][safepoint    ] Total time for which application threads were stopped: 0.0005395 seconds, Stopping threads took: 0.0002895 seconds
[2022-06-13T03:20:59.809+0000][1][safepoint    ] Application time: 1.0001234 seconds
[2022-06-13T03:20:59.810+0000][1][safepoint    ] Entering safepoint region: Cleanup
[2022-06-13T03:20:59.810+0000][1][safepoint    ] Leaving safepoint region
[2022-06-13T03:20:59.811+0000][1][safepoint    ] Total time for which application threads were stopped: 0.0007386 seconds, Stopping threads took: 0.0003713 seconds
[2022-06-13T03:21:00.811+0000][1][safepoint    ] Application time: 1.0002107 seconds
[2022-06-13T03:21:00.812+0000][1][safepoint    ] Entering safepoint region: Cleanup
[2022-06-13T03:21:00.812+0000][1][safepoint    ] Leaving safepoint region
[2022-06-13T03:21:00.813+0000][1][safepoint    ] Total time for which application threads were stopped: 0.0008648 seconds, Stopping threads took: 0.0004844 seconds
[2022-06-13T03:21:01.813+0000][1][safepoint    ] Application time: 1.0002373 seconds
[2022-06-13T03:21:01.814+0000][1][safepoint    ] Entering safepoint region: Cleanup
[2022-06-13T03:21:01.814+0000][1][safepoint    ] Leaving safepoint region
[2022-06-13T03:21:01.814+0000][1][safepoint    ] Total time for which application threads were stopped: 0.0007466 seconds, Stopping threads took: 0.0003454 seconds
[2022-06-13T03:21:02.815+0000][1][safepoint    ] Application time: 1.0001412 seconds
[2022-06-13T03:21:02.815+0000][1][safepoint    ] Entering safepoint region: Cleanup
[2022-06-13T03:21:02.816+0000][1][safepoint    ] Leaving safepoint region
[2022-06-13T03:21:02.816+0000][1][safepoint    ] Total time for which application threads were stopped: 0.0008729 seconds, Stopping threads took: 0.0003600 seconds
[2022-06-13T03:21:03.817+0000][1][safepoint    ] Application time: 1.0001720 seconds
[2022-06-13T03:21:03.817+0000][1][safepoint    ] Entering safepoint region: Cleanup
[2022-06-13T03:21:03.818+0000][1][safepoint    ] Leaving safepoint region
[2022-06-13T03:21:03.818+0000][1][safepoint    ] Total time for which application threads were stopped: 0.0008611 seconds, Stopping threads took: 0.0003881 seconds
[2022-06-13T03:21:04.819+0000][1][safepoint    ] Application time: 1.0002716 seconds
[2022-06-13T03:21:04.820+0000][1][safepoint    ] Entering safepoint region: Cleanup
[2022-06-13T03:21:04.820+0000][1][safepoint    ] Leaving safepoint region
[2022-06-13T03:21:04.820+0000][1][safepoint    ] Total time for which application threads were stopped: 0.0006914 seconds, Stopping threads took: 0.0003208 seconds
[2022-06-13T03:21:05.821+0000][1][safepoint    ] Application time: 1.0001676 seconds
[2022-06-13T03:21:05.821+0000][1][safepoint    ] Entering safepoint region: Cleanup
[2022-06-13T03:21:05.822+0000][1][safepoint    ] Leaving safepoint region
[2022-06-13T03:21:05.822+0000][1][safepoint    ] Total time for which application threads were stopped: 0.0006639 seconds, Stopping threads took: 0.0002252 seconds
[2022-06-13T03:21:06.822+0000][1][safepoint    ] Application time: 1.0001860 seconds
[2022-06-13T03:21:06.823+0000][1][safepoint    ] Entering safepoint region: Cleanup
[2022-06-13T03:21:06.823+0000][1][safepoint    ] Leaving safepoint region
[2022-06-13T03:21:06.824+0000][1][safepoint    ] Total time for which application threads were stopped: 0.0006282 seconds, Stopping threads took: 0.0002855 seconds
[2022-06-13T03:21:07.824+0000][1][safepoint    ] Application time: 1.0001769 seconds
[2022-06-13T03:21:07.824+0000][1][safepoint    ] Entering safepoint region: Cleanup
[2022-06-13T03:21:07.825+0000][1][safepoint    ] Leaving safepoint region
[2022-06-13T03:21:07.825+0000][1][safepoint    ] Total time for which application threads were stopped: 0.0009045 seconds, Stopping threads took: 0.0004203 seconds
[2022-06-13T03:21:08.826+0000][1][safepoint    ] Application time: 1.0002500 seconds
[2022-06-13T03:21:08.827+0000][1][safepoint    ] Entering safepoint region: Cleanup
[2022-06-13T03:21:08.827+0000][1][safepoint    ] Leaving safepoint region
[2022-06-13T03:21:08.828+0000][1][safepoint    ] Total time for which application threads were stopped: 0.0009574 seconds, Stopping threads took: 0.0002952 seconds
[2022-06-13T03:21:09.828+0000][1][safepoint    ] Application time: 1.0004234 seconds
[2022-06-13T03:21:09.829+0000][1][safepoint    ] Entering safepoint region: Cleanup
[2022-06-13T03:21:09.830+0000][1][safepoint    ] Leaving safepoint region
[2022-06-13T03:21:09.830+0000][1][safepoint    ] Total time for which application threads were stopped: 0.0008644 seconds, Stopping threads took: 0.0004268 seconds
[2022-06-13T03:21:10.831+0000][1][safepoint    ] Application time: 1.0002373 seconds
[2022-06-13T03:21:10.831+0000][1][safepoint    ] Entering safepoint region: Cleanup
[2022-06-13T03:21:10.832+0000][1][safepoint    ] Leaving safepoint region
[2022-06-13T03:21:10.832+0000][1][safepoint    ] Total time for which application threads were stopped: 0.0008978 seconds, Stopping threads took: 0.0004375 seconds
[2022-06-13T03:21:11.833+0000][1][safepoint    ] Application time: 1.0001910 seconds
[2022-06-13T03:21:11.833+0000][1][safepoint    ] Entering safepoint region: Cleanup
[2022-06-13T03:21:11.834+0000][1][safepoint    ] Leaving safepoint region
[2022-06-13T03:21:11.834+0000][1][safepoint    ] Total time for which application threads were stopped: 0.0008661 seconds, Stopping threads took: 0.0003952 seconds
[2022-06-13T03:21:12.835+0000][1][safepoint    ] Application time: 1.0002791 seconds
[2022-06-13T03:21:12.835+0000][1][safepoint    ] Entering safepoint region: Cleanup
[2022-06-13T03:21:12.836+0000][1][safepoint    ] Leaving safepoint region
[2022-06-13T03:21:12.836+0000][1][safepoint    ] Total time for which application threads were stopped: 0.0010358 seconds, Stopping threads took: 0.0004917 seconds
[2022-06-13T03:21:13.837+0000][1][safepoint    ] Application time: 1.0001865 seconds
[2022-06-13T03:21:13.837+0000][1][safepoint    ] Entering safepoint region: Cleanup
[2022-06-13T03:21:13.837+0000][1][safepoint    ] Leaving safepoint region
[2022-06-13T03:21:13.838+0000][1][safepoint    ] Total time for which application threads were stopped: 0.0003451 seconds, Stopping threads took: 0.0001600 seconds
[2022-06-13T03:21:14.838+0000][1][safepoint    ] Application time: 1.0000886 seconds
[2022-06-13T03:21:14.838+0000][1][safepoint    ] Entering safepoint region: Cleanup
[2022-06-13T03:21:14.839+0000][1][safepoint    ] Leaving safepoint region
[2022-06-13T03:21:14.839+0000][1][safepoint    ] Total time for which application threads were stopped: 0.0008562 seconds, Stopping threads took: 0.0003510 seconds
[2022-06-13T03:21:15.840+0000][1][safepoint    ] Application time: 1.0002499 seconds
[2022-06-13T03:21:15.840+0000][1][safepoint    ] Entering safepoint region: Cleanup
[2022-06-13T03:21:15.841+0000][1][safepoint    ] Leaving safepoint region
[2022-06-13T03:21:15.841+0000][1][safepoint    ] Total time for which application threads were stopped: 0.0005217 seconds, Stopping threads took: 0.0002340 seconds
[2022-06-13T03:21:16.841+0000][1][safepoint    ] Application time: 1.0001212 seconds
[2022-06-13T03:21:16.842+0000][1][safepoint    ] Entering safepoint region: Cleanup
[2022-06-13T03:21:16.842+0000][1][safepoint    ] Leaving safepoint region
[2022-06-13T03:21:16.842+0000][1][safepoint    ] Total time for which application threads were stopped: 0.0005924 seconds, Stopping threads took: 0.0002684 seconds
[2022-06-13T03:21:17.843+0000][1][safepoint    ] Application time: 1.0001981 seconds
[2022-06-13T03:21:17.843+0000][1][safepoint    ] Entering safepoint region: Cleanup
[2022-06-13T03:21:17.844+0000][1][safepoint    ] Leaving safepoint region
[2022-06-13T03:21:17.844+0000][1][safepoint    ] Total time for which application threads were stopped: 0.0007522 seconds, Stopping threads took: 0.0003221 seconds
[2022-06-13T03:21:18.844+0000][1][safepoint    ] Application time: 1.0001955 seconds
[2022-06-13T03:21:18.845+0000][1][safepoint    ] Entering safepoint region: Cleanup
[2022-06-13T03:21:18.845+0000][1][safepoint    ] Leaving safepoint region
[2022-06-13T03:21:18.846+0000][1][safepoint    ] Total time for which application threads were stopped: 0.0006486 seconds, Stopping threads took: 0.0002921 seconds
[2022-06-13T03:21:19.846+0000][1][safepoint    ] Application time: 1.0001043 seconds
[2022-06-13T03:21:19.846+0000][1][safepoint    ] Entering safepoint region: Cleanup
[2022-06-13T03:21:19.846+0000][1][safepoint    ] Leaving safepoint region
[2022-06-13T03:21:19.846+0000][1][safepoint    ] Total time for which application threads were stopped: 0.0003825 seconds, Stopping threads took: 0.0001628 seconds
[2022-06-13T03:21:19.893+0000][1][safepoint    ] Application time: 0.0467327 seconds
[2022-06-13T03:21:19.894+0000][1][safepoint    ] Entering safepoint region: RevokeBias
[2022-06-13T03:21:19.894+0000][1][safepoint    ] Leaving safepoint region
[2022-06-13T03:21:19.895+0000][1][safepoint    ] Total time for which application threads were stopped: 0.0008230 seconds, Stopping threads took: 0.0004609 seconds
[2022-06-13T03:21:19.895+0000][1][safepoint    ] Application time: 0.0002610 seconds
[2022-06-13T03:21:19.895+0000][1][safepoint    ] Entering safepoint region: RevokeBias
[2022-06-13T03:21:19.896+0000][1][safepoint    ] Leaving safepoint region
[2022-06-13T03:21:19.896+0000][1][safepoint    ] Total time for which application threads were stopped: 0.0005569 seconds, Stopping threads took: 0.0002043 seconds
[2022-06-13T03:21:19.897+0000][1][safepoint    ] Application time: 0.0013556 seconds
[2022-06-13T03:21:19.898+0000][1][safepoint    ] Entering safepoint region: RevokeBias
[2022-06-13T03:21:19.898+0000][1][safepoint    ] Leaving safepoint region
[2022-06-13T03:21:19.898+0000][1][safepoint    ] Total time for which application threads were stopped: 0.0005723 seconds, Stopping threads took: 0.0002946 seconds
[2022-06-13T03:21:19.899+0000][1][safepoint    ] Application time: 0.0002237 seconds
[2022-06-13T03:21:19.899+0000][1][safepoint    ] Entering safepoint region: RevokeBias
[2022-06-13T03:21:19.899+0000][1][safepoint    ] Leaving safepoint region
[2022-06-13T03:21:19.899+0000][1][safepoint    ] Total time for which application threads were stopped: 0.0005244 seconds, Stopping threads took: 0.0002108 seconds
[2022-06-13T03:21:19.900+0000][1][safepoint    ] Application time: 0.0006480 seconds
[2022-06-13T03:21:19.901+0000][1][safepoint    ] Entering safepoint region: RevokeBias
[2022-06-13T03:21:19.901+0000][1][safepoint    ] Leaving safepoint region
[2022-06-13T03:21:19.902+0000][1][safepoint    ] Total time for which application threads were stopped: 0.0009569 seconds, Stopping threads took: 0.0003017 seconds
[2022-06-13T03:21:19.903+0000][1][safepoint    ] Application time: 0.0007238 seconds
[2022-06-13T03:21:19.903+0000][1][safepoint    ] Entering safepoint region: RevokeBias
[2022-06-13T03:21:19.903+0000][1][safepoint    ] Leaving safepoint region
[2022-06-13T03:21:19.904+0000][1][safepoint    ] Total time for which application threads were stopped: 0.0005736 seconds, Stopping threads took: 0.0001536 seconds
[2022-06-13T03:21:19.905+0000][1][safepoint    ] Application time: 0.0008107 seconds
[2022-06-13T03:21:19.905+0000][1][safepoint    ] Entering safepoint region: RevokeBias
[2022-06-13T03:21:19.905+0000][1][safepoint    ] Leaving safepoint region
[2022-06-13T03:21:19.905+0000][1][safepoint    ] Total time for which application threads were stopped: 0.0005055 seconds, Stopping threads took: 0.0001654 seconds
[2022-06-13T03:21:19.906+0000][1][safepoint    ] Application time: 0.0002355 seconds
[2022-06-13T03:21:19.906+0000][1][safepoint    ] Entering safepoint region: BulkRevokeBias
[2022-06-13T03:21:19.907+0000][1][safepoint    ] Leaving safepoint region
[2022-06-13T03:21:19.907+0000][1][safepoint    ] Total time for which application threads were stopped: 0.0011925 seconds, Stopping threads took: 0.0004675 seconds
[2022-06-13T03:21:19.908+0000][1][safepoint    ] Application time: 0.0008708 seconds
[2022-06-13T03:21:19.909+0000][1][safepoint    ] Entering safepoint region: RevokeBias
[2022-06-13T03:21:19.909+0000][1][safepoint    ] Leaving safepoint region
[2022-06-13T03:21:19.909+0000][1][safepoint    ] Total time for which application threads were stopped: 0.0004007 seconds, Stopping threads took: 0.0001519 seconds
[2022-06-13T03:21:19.909+0000][1][safepoint    ] Application time: 0.0001694 seconds
[2022-06-13T03:21:19.910+0000][1][safepoint    ] Entering safepoint region: RevokeBias
[2022-06-13T03:21:19.910+0000][1][safepoint    ] Leaving safepoint region
[2022-06-13T03:21:19.910+0000][1][safepoint    ] Total time for which application threads were stopped: 0.0004452 seconds, Stopping threads took: 0.0002021 seconds
[2022-06-13T03:21:19.911+0000][1][safepoint    ] Application time: 0.0004533 seconds
[2022-06-13T03:21:19.911+0000][1][safepoint    ] Entering safepoint region: RevokeBias
[2022-06-13T03:21:19.911+0000][1][safepoint    ] Leaving safepoint region
[2022-06-13T03:21:19.911+0000][1][safepoint    ] Total time for which application threads were stopped: 0.0004920 seconds, Stopping threads took: 0.0001857 seconds
[2022-06-13T03:21:19.912+0000][1][safepoint    ] Application time: 0.0003453 seconds
[2022-06-13T03:21:19.914+0000][1][safepoint    ] Entering safepoint region: RevokeBias
[2022-06-13T03:21:19.915+0000][1][safepoint    ] Leaving safepoint region
[2022-06-13T03:21:19.915+0000][1][safepoint    ] Total time for which application threads were stopped: 0.0031282 seconds, Stopping threads took: 0.0028028 seconds
[2022-06-13T03:21:19.916+0000][1][safepoint    ] Application time: 0.0002966 seconds
[2022-06-13T03:21:19.918+0000][1][safepoint    ] Entering safepoint region: RevokeBias
[2022-06-13T03:21:19.918+0000][1][safepoint    ] Leaving safepoint region
[2022-06-13T03:21:19.919+0000][1][safepoint    ] Total time for which application threads were stopped: 0.0009909 seconds, Stopping threads took: 0.0003943 seconds
[2022-06-13T03:21:19.919+0000][1][safepoint    ] Application time: 0.0004635 seconds
[2022-06-13T03:21:19.919+0000][1][safepoint    ] Entering safepoint region: RevokeBias
[2022-06-13T03:21:19.920+0000][1][safepoint    ] Leaving safepoint region
[2022-06-13T03:21:19.920+0000][1][safepoint    ] Total time for which application threads were stopped: 0.0007711 seconds, Stopping threads took: 0.0004112 seconds
[2022-06-13T03:21:19.921+0000][1][safepoint    ] Application time: 0.0005505 seconds
[2022-06-13T03:21:19.921+0000][1][safepoint    ] Entering safepoint region: RevokeBias
[2022-06-13T03:21:19.922+0000][1][safepoint    ] Leaving safepoint region
[2022-06-13T03:21:19.922+0000][1][safepoint    ] Total time for which application threads were stopped: 0.0009203 seconds, Stopping threads took: 0.0002023 seconds
[2022-06-13T03:21:19.923+0000][1][safepoint    ] Application time: 0.0003428 seconds
[2022-06-13T03:21:19.923+0000][1][safepoint    ] Entering safepoint region: RevokeBias
[2022-06-13T03:21:19.923+0000][1][safepoint    ] Leaving safepoint region
[2022-06-13T03:21:19.923+0000][1][safepoint    ] Total time for which application threads were stopped: 0.0005139 seconds, Stopping threads took: 0.0001511 seconds
[2022-06-13T03:21:19.924+0000][1][safepoint    ] Application time: 0.0005487 seconds
[2022-06-13T03:21:19.924+0000][1][safepoint    ] Entering safepoint region: RevokeBias
[2022-06-13T03:21:19.925+0000][1][safepoint    ] Leaving safepoint region
[2022-06-13T03:21:19.926+0000][1][safepoint    ] Total time for which application threads were stopped: 0.0013413 seconds, Stopping threads took: 0.0002164 seconds
[2022-06-13T03:21:19.928+0000][1][safepoint    ] Application time: 0.0022471 seconds
[2022-06-13T03:21:19.928+0000][1][safepoint    ] Entering safepoint region: RevokeBias
[2022-06-13T03:21:19.929+0000][1][safepoint    ] Leaving safepoint region
[2022-06-13T03:21:19.929+0000][1][safepoint    ] Total time for which application threads were stopped: 0.0007528 seconds, Stopping threads took: 0.0003242 seconds
[2022-06-13T03:21:19.930+0000][1][safepoint    ] Application time: 0.0003797 seconds
[2022-06-13T03:21:19.930+0000][1][safepoint    ] Entering safepoint region: RevokeBias
[2022-06-13T03:21:19.931+0000][1][safepoint    ] Leaving safepoint region
[2022-06-13T03:21:19.931+0000][1][safepoint    ] Total time for which application threads were stopped: 0.0010093 seconds, Stopping threads took: 0.0002952 seconds
[2022-06-13T03:21:19.931+0000][1][safepoint    ] Application time: 0.0002634 seconds
[2022-06-13T03:21:19.932+0000][1][safepoint    ] Entering safepoint region: RevokeBias
[2022-06-13T03:21:19.932+0000][1][safepoint    ] Leaving safepoint region
[2022-06-13T03:21:19.932+0000][1][safepoint    ] Total time for which application threads were stopped: 0.0007813 seconds, Stopping threads took: 0.0004097 seconds
[2022-06-13T03:21:19.933+0000][1][safepoint    ] Application time: 0.0006365 seconds
[2022-06-13T03:21:19.934+0000][1][safepoint    ] Entering safepoint region: RevokeBias
[2022-06-13T03:21:19.934+0000][1][safepoint    ] Leaving safepoint region
[2022-06-13T03:21:19.935+0000][1][safepoint    ] Total time for which application threads were stopped: 0.0009493 seconds, Stopping threads took: 0.0004010 seconds
[2022-06-13T03:21:19.936+0000][1][safepoint    ] Application time: 0.0007176 seconds
[2022-06-13T03:21:19.936+0000][1][safepoint    ] Entering safepoint region: RevokeBias
[2022-06-13T03:21:19.936+0000][1][safepoint    ] Leaving safepoint region
[2022-06-13T03:21:19.937+0000][1][safepoint    ] Total time for which application threads were stopped: 0.0006167 seconds, Stopping threads took: 0.0002110 seconds
[2022-06-13T03:21:19.937+0000][1][safepoint    ] Application time: 0.0004618 seconds
[2022-06-13T03:21:19.938+0000][1][safepoint    ] Entering safepoint region: RevokeBias
[2022-06-13T03:21:19.939+0000][1][safepoint    ] Leaving safepoint region
[2022-06-13T03:21:19.939+0000][1][safepoint    ] Total time for which application threads were stopped: 0.0014195 seconds, Stopping threads took: 0.0004200 seconds
[2022-06-13T03:21:19.940+0000][1][safepoint    ] Application time: 0.0002804 seconds
[2022-06-13T03:21:19.940+0000][1][safepoint    ] Entering safepoint region: RevokeBias
[2022-06-13T03:21:19.941+0000][1][safepoint    ] Leaving safepoint region
[2022-06-13T03:21:19.941+0000][1][safepoint    ] Total time for which application threads were stopped: 0.0007680 seconds, Stopping threads took: 0.0002524 seconds
[2022-06-13T03:21:19.942+0000][1][safepoint    ] Application time: 0.0001697 seconds
[2022-06-13T03:21:19.942+0000][1][safepoint    ] Entering safepoint region: RevokeBias
[2022-06-13T03:21:19.942+0000][1][safepoint    ] Leaving safepoint region
[2022-06-13T03:21:19.943+0000][1][safepoint    ] Total time for which application threads were stopped: 0.0005605 seconds, Stopping threads took: 0.0002683 seconds
[2022-06-13T03:21:19.943+0000][1][safepoint    ] Application time: 0.0002324 seconds
[2022-06-13T03:21:19.943+0000][1][safepoint    ] Entering safepoint region: RevokeBias
[2022-06-13T03:21:19.944+0000][1][safepoint    ] Leaving safepoint region
[2022-06-13T03:21:19.944+0000][1][safepoint    ] Total time for which application threads were stopped: 0.0008304 seconds, Stopping threads took: 0.0002441 seconds
[2022-06-13T03:21:19.945+0000][1][safepoint    ] Application time: 0.0002944 seconds
[2022-06-13T03:21:19.945+0000][1][safepoint    ] Entering safepoint region: RevokeBias
[2022-06-13T03:21:19.946+0000][1][safepoint    ] Leaving safepoint region
[2022-06-13T03:21:19.946+0000][1][safepoint    ] Total time for which application threads were stopped: 0.0007937 seconds, Stopping threads took: 0.0004246 seconds
[2022-06-13T03:21:19.947+0000][1][safepoint    ] Application time: 0.0005513 seconds
[2022-06-13T03:21:19.947+0000][1][safepoint    ] Entering safepoint region: RevokeBias
[2022-06-13T03:21:19.947+0000][1][safepoint    ] Leaving safepoint region
[2022-06-13T03:21:19.947+0000][1][safepoint    ] Total time for which application threads were stopped: 0.0005624 seconds, Stopping threads took: 0.0001968 seconds
[2022-06-13T03:21:19.948+0000][1][safepoint    ] Application time: 0.0003185 seconds
[2022-06-13T03:21:19.948+0000][1][safepoint    ] Entering safepoint region: RevokeBias
[2022-06-13T03:21:19.949+0000][1][safepoint    ] Leaving safepoint region
[2022-06-13T03:21:19.949+0000][1][safepoint    ] Total time for which application threads were stopped: 0.0006786 seconds, Stopping threads took: 0.0002856 seconds
[2022-06-13T03:21:19.950+0000][1][safepoint    ] Application time: 0.0002983 seconds
[2022-06-13T03:21:19.950+0000][1][safepoint    ] Entering safepoint region: RevokeBias
[2022-06-13T03:21:19.950+0000][1][safepoint    ] Leaving safepoint region
[2022-06-13T03:21:19.951+0000][1][safepoint    ] Total time for which application threads were stopped: 0.0008175 seconds, Stopping threads took: 0.0002732 seconds
[2022-06-13T03:21:19.951+0000][1][safepoint    ] Application time: 0.0001531 seconds
[2022-06-13T03:21:19.952+0000][1][safepoint    ] Entering safepoint region: RevokeBias
[2022-06-13T03:21:19.952+0000][1][safepoint    ] Leaving safepoint region
[2022-06-13T03:21:19.953+0000][1][safepoint    ] Total time for which application threads were stopped: 0.0007438 seconds, Stopping threads took: 0.0004640 seconds
[2022-06-13T03:21:19.953+0000][1][safepoint    ] Application time: 0.0000949 seconds
[2022-06-13T03:21:19.953+0000][1][safepoint    ] Entering safepoint region: RevokeBias
[2022-06-13T03:21:19.954+0000][1][safepoint    ] Leaving safepoint region
[2022-06-13T03:21:19.954+0000][1][safepoint    ] Total time for which application threads were stopped: 0.0008282 seconds, Stopping threads took: 0.0003990 seconds
[2022-06-13T03:21:19.955+0000][1][safepoint    ] Application time: 0.0011936 seconds
[2022-06-13T03:21:19.955+0000][1][safepoint    ] Entering safepoint region: RevokeBias
[2022-06-13T03:21:19.956+0000][1][safepoint    ] Leaving safepoint region
[2022-06-13T03:21:19.956+0000][1][safepoint    ] Total time for which application threads were stopped: 0.0007395 seconds, Stopping threads took: 0.0002652 seconds
[2022-06-13T03:21:20.004+0000][1][safepoint    ] Application time: 0.0475547 seconds
[2022-06-13T03:21:20.004+0000][1][safepoint    ] Entering safepoint region: RevokeBias
[2022-06-13T03:21:20.005+0000][1][safepoint    ] Leaving safepoint region
[2022-06-13T03:21:20.005+0000][1][safepoint    ] Total time for which application threads were stopped: 0.0005825 seconds, Stopping threads took: 0.0002642 seconds
[2022-06-13T03:21:20.005+0000][1][safepoint    ] Application time: 0.0001570 seconds
[2022-06-13T03:21:20.005+0000][1][safepoint    ] Entering safepoint region: RevokeBias
[2022-06-13T03:21:20.006+0000][1][safepoint    ] Leaving safepoint region
[2022-06-13T03:21:20.006+0000][1][safepoint    ] Total time for which application threads were stopped: 0.0006251 seconds, Stopping threads took: 0.0002101 seconds
[2022-06-13T03:21:20.007+0000][1][safepoint    ] Application time: 0.0003062 seconds
[2022-06-13T03:21:20.007+0000][1][safepoint    ] Entering safepoint region: RevokeBias
[2022-06-13T03:21:20.007+0000][1][safepoint    ] Leaving safepoint region
[2022-06-13T03:21:20.007+0000][1][safepoint    ] Total time for which application threads were stopped: 0.0003429 seconds, Stopping threads took: 0.0001598 seconds
[2022-06-13T03:21:20.007+0000][1][safepoint    ] Application time: 0.0001159 seconds
[2022-06-13T03:21:20.008+0000][1][safepoint    ] Entering safepoint region: RevokeBias
[2022-06-13T03:21:20.008+0000][1][safepoint    ] Leaving safepoint region
[2022-06-13T03:21:20.008+0000][1][safepoint    ] Total time for which application threads were stopped: 0.0003537 seconds, Stopping threads took: 0.0001540 seconds
[2022-06-13T03:21:20.008+0000][1][safepoint    ] Application time: 0.0001356 seconds
[2022-06-13T03:21:20.008+0000][1][safepoint    ] Entering safepoint region: RevokeBias
[2022-06-13T03:21:20.008+0000][1][safepoint    ] Leaving safepoint region
[2022-06-13T03:21:20.009+0000][1][safepoint    ] Total time for which application threads were stopped: 0.0003374 seconds, Stopping threads took: 0.0001413 seconds
[2022-06-13T03:21:20.009+0000][1][safepoint    ] Application time: 0.0000947 seconds
[2022-06-13T03:21:20.009+0000][1][safepoint    ] Entering safepoint region: RevokeBias
[2022-06-13T03:21:20.010+0000][1][safepoint    ] Leaving safepoint region
[2022-06-13T03:21:20.010+0000][1][safepoint    ] Total time for which application threads were stopped: 0.0007362 seconds, Stopping threads took: 0.0005332 seconds
[2022-06-13T03:21:20.010+0000][1][safepoint    ] Application time: 0.0001923 seconds
[2022-06-13T03:21:20.010+0000][1][safepoint    ] Entering safepoint region: RevokeBias
[2022-06-13T03:21:20.011+0000][1][safepoint    ] Leaving safepoint region
[2022-06-13T03:21:20.011+0000][1][safepoint    ] Total time for which application threads were stopped: 0.0004475 seconds, Stopping threads took: 0.0002418 seconds
[2022-06-13T03:21:20.014+0000][1][safepoint    ] Application time: 0.0030230 seconds
[2022-06-13T03:21:20.014+0000][1][safepoint    ] Entering safepoint region: RevokeBias
[2022-06-13T03:21:20.014+0000][1][safepoint    ] Leaving safepoint region
[2022-06-13T03:21:20.015+0000][1][safepoint    ] Total time for which application threads were stopped: 0.0005031 seconds, Stopping threads took: 0.0002302 seconds
[2022-06-13T03:21:20.015+0000][1][safepoint    ] Application time: 0.0003144 seconds
[2022-06-13T03:21:20.015+0000][1][safepoint    ] Entering safepoint region: RevokeBias
[2022-06-13T03:21:20.016+0000][1][safepoint    ] Leaving safepoint region
[2022-06-13T03:21:20.016+0000][1][safepoint    ] Total time for which application threads were stopped: 0.0005584 seconds, Stopping threads took: 0.0003203 seconds
[2022-06-13T03:21:20.016+0000][1][safepoint    ] Application time: 0.0002407 seconds
[2022-06-13T03:21:20.017+0000][1][safepoint    ] Entering safepoint region: RevokeBias
[2022-06-13T03:21:20.017+0000][1][safepoint    ] Leaving safepoint region
[2022-06-13T03:21:20.017+0000][1][safepoint    ] Total time for which application threads were stopped: 0.0003801 seconds, Stopping threads took: 0.0001902 seconds
[2022-06-13T03:21:20.018+0000][1][safepoint    ] Application time: 0.0008939 seconds
[2022-06-13T03:21:20.018+0000][1][safepoint    ] Entering safepoint region: RevokeBias
[2022-06-13T03:21:20.018+0000][1][safepoint    ] Leaving safepoint region
[2022-06-13T03:21:20.018+0000][1][safepoint    ] Total time for which application threads were stopped: 0.0003555 seconds, Stopping threads took: 0.0001391 seconds
[2022-06-13T03:21:20.019+0000][1][safepoint    ] Application time: 0.0001276 seconds
[2022-06-13T03:21:20.019+0000][1][safepoint    ] Entering safepoint region: RevokeBias
[2022-06-13T03:21:20.019+0000][1][safepoint    ] Leaving safepoint region
[2022-06-13T03:21:20.019+0000][1][safepoint    ] Total time for which application threads were stopped: 0.0003453 seconds, Stopping threads took: 0.0001828 seconds
[2022-06-13T03:21:20.019+0000][1][safepoint    ] Application time: 0.0001026 seconds
[2022-06-13T03:21:20.020+0000][1][safepoint    ] Entering safepoint region: BulkRevokeBias
[2022-06-13T03:21:20.020+0000][1][safepoint    ] Leaving safepoint region
[2022-06-13T03:21:20.020+0000][1][safepoint    ] Total time for which application threads were stopped: 0.0004753 seconds, Stopping threads took: 0.0001409 seconds
[2022-06-13T03:21:20.022+0000][1][safepoint    ] Application time: 0.0019851 seconds
[2022-06-13T03:21:20.022+0000][1][safepoint    ] Entering safepoint region: RevokeBias
[2022-06-13T03:21:20.023+0000][1][safepoint    ] Leaving safepoint region
[2022-06-13T03:21:20.023+0000][1][safepoint    ] Total time for which application threads were stopped: 0.0003735 seconds, Stopping threads took: 0.0001511 seconds
[2022-06-13T03:21:20.030+0000][1][safepoint    ] Application time: 0.0070789 seconds
[2022-06-13T03:21:20.031+0000][1][safepoint    ] Entering safepoint region: RevokeBias
[2022-06-13T03:21:20.031+0000][1][safepoint    ] Leaving safepoint region
[2022-06-13T03:21:20.031+0000][1][safepoint    ] Total time for which application threads were stopped: 0.0003981 seconds, Stopping threads took: 0.0002234 seconds
[2022-06-13T03:21:20.031+0000][1][safepoint    ] Application time: 0.0001010 seconds
[2022-06-13T03:21:20.031+0000][1][safepoint    ] Entering safepoint region: RevokeBias
[2022-06-13T03:21:20.032+0000][1][safepoint    ] Leaving safepoint region
[2022-06-13T03:21:20.032+0000][1][safepoint    ] Total time for which application threads were stopped: 0.0004419 seconds, Stopping threads took: 0.0002284 seconds
[2022-06-13T03:21:20.032+0000][1][safepoint    ] Application time: 0.0001021 seconds
[2022-06-13T03:21:20.032+0000][1][safepoint    ] Entering safepoint region: RevokeBias
[2022-06-13T03:21:20.032+0000][1][safepoint    ] Leaving safepoint region
[2022-06-13T03:21:20.032+0000][1][safepoint    ] Total time for which application threads were stopped: 0.0003560 seconds, Stopping threads took: 0.0001552 seconds
[2022-06-13T03:21:20.033+0000][1][safepoint    ] Application time: 0.0005065 seconds
[2022-06-13T03:21:20.033+0000][1][safepoint    ] Entering safepoint region: RevokeBias
[2022-06-13T03:21:20.033+0000][1][safepoint    ] Leaving safepoint region
[2022-06-13T03:21:20.034+0000][1][safepoint    ] Total time for which application threads were stopped: 0.0003469 seconds, Stopping threads took: 0.0001676 seconds
[2022-06-13T03:21:20.035+0000][1][safepoint    ] Application time: 0.0010677 seconds
[2022-06-13T03:21:20.035+0000][1][safepoint    ] Entering safepoint region: RevokeBias
[2022-06-13T03:21:20.035+0000][1][safepoint    ] Leaving safepoint region
[2022-06-13T03:21:20.035+0000][1][safepoint    ] Total time for which application threads were stopped: 0.0002984 seconds, Stopping threads took: 0.0001594 seconds
[2022-06-13T03:21:20.036+0000][1][safepoint    ] Application time: 0.0003083 seconds
[2022-06-13T03:21:20.037+0000][1][safepoint    ] Entering safepoint region: RevokeBias
[2022-06-13T03:21:20.037+0000][1][safepoint    ] Leaving safepoint region
[2022-06-13T03:21:20.037+0000][1][safepoint    ] Total time for which application threads were stopped: 0.0010850 seconds, Stopping threads took: 0.0009293 seconds
[2022-06-13T03:21:20.038+0000][1][safepoint    ] Application time: 0.0010262 seconds
[2022-06-13T03:21:20.038+0000][1][safepoint    ] Entering safepoint region: RevokeBias
[2022-06-13T03:21:20.039+0000][1][safepoint    ] Leaving safepoint region
[2022-06-13T03:21:20.039+0000][1][safepoint    ] Total time for which application threads were stopped: 0.0002925 seconds, Stopping threads took: 0.0001427 seconds
[2022-06-13T03:21:20.039+0000][1][safepoint    ] Application time: 0.0002642 seconds
[2022-06-13T03:21:20.039+0000][1][safepoint    ] Entering safepoint region: RevokeBias
[2022-06-13T03:21:20.039+0000][1][safepoint    ] Leaving safepoint region
[2022-06-13T03:21:20.040+0000][1][safepoint    ] Total time for which application threads were stopped: 0.0002790 seconds, Stopping threads took: 0.0001317 seconds
[2022-06-13T03:21:20.040+0000][1][safepoint    ] Application time: 0.0001396 seconds
[2022-06-13T03:21:20.040+0000][1][safepoint    ] Entering safepoint region: RevokeBias
[2022-06-13T03:21:20.040+0000][1][safepoint    ] Leaving safepoint region
[2022-06-13T03:21:20.040+0000][1][safepoint    ] Total time for which application threads were stopped: 0.0003351 seconds, Stopping threads took: 0.0001900 seconds
[2022-06-13T03:21:20.041+0000][1][safepoint    ] Application time: 0.0005521 seconds
[2022-06-13T03:21:20.041+0000][1][safepoint    ] Entering safepoint region: RevokeBias
[2022-06-13T03:21:20.041+0000][1][safepoint    ] Leaving safepoint region
[2022-06-13T03:21:20.041+0000][1][safepoint    ] Total time for which application threads were stopped: 0.0004014 seconds, Stopping threads took: 0.0001187 seconds
[2022-06-13T03:21:20.043+0000][1][safepoint    ] Application time: 0.0016473 seconds
[2022-06-13T03:21:20.043+0000][1][safepoint    ] Entering safepoint region: RevokeBias
[2022-06-13T03:21:20.044+0000][1][safepoint    ] Leaving safepoint region
[2022-06-13T03:21:20.044+0000][1][safepoint    ] Total time for which application threads were stopped: 0.0007585 seconds, Stopping threads took: 0.0005410 seconds
[2022-06-13T03:21:20.049+0000][1][safepoint    ] Application time: 0.0043977 seconds
[2022-06-13T03:21:20.049+0000][1][safepoint    ] Entering safepoint region: RevokeBias
[2022-06-13T03:21:20.049+0000][1][safepoint    ] Leaving safepoint region
[2022-06-13T03:21:20.049+0000][1][safepoint    ] Total time for which application threads were stopped: 0.0003723 seconds, Stopping threads took: 0.0001744 seconds
[2022-06-13T03:21:20.052+0000][1][gc,heap,exit ] Heap
[2022-06-13T03:21:20.052+0000][1][gc,heap,exit ]  par new generation   total 78656K, used 53491K [0x00000000f0000000, 0x00000000f5550000, 0x00000000f5550000)
[2022-06-13T03:21:20.052+0000][1][gc,heap,exit ]   eden space 69952K,  64% used [0x00000000f0000000, 0x00000000f2c0f6d8, 0x00000000f4450000)
[2022-06-13T03:21:20.052+0000][1][gc,heap,exit ]   from space 8704K,  96% used [0x00000000f4cd0000, 0x00000000f54fd540, 0x00000000f5550000)
[2022-06-13T03:21:20.052+0000][1][gc,heap,exit ]   to   space 8704K,   0% used [0x00000000f4450000, 0x00000000f4450000, 0x00000000f4cd0000)
[2022-06-13T03:21:20.052+0000][1][gc,heap,exit ]  concurrent mark-sweep generation total 174784K, used 63857K [0x00000000f5550000, 0x0000000100000000, 0x0000000100000000)
[2022-06-13T03:21:20.052+0000][1][gc,heap,exit ]  Metaspace       used 65002K, capacity 69970K, committed 70280K, reserved 1110016K
[2022-06-13T03:21:20.052+0000][1][gc,heap,exit ]   class space    used 8776K, capacity 10837K, committed 10920K, reserved 1048576K
[2022-06-13T03:21:20.053+0000][1][safepoint    ] Application time: 0.0031511 seconds
[2022-06-13T03:21:20.053+0000][1][safepoint    ] Entering safepoint region: Exit
