[2022-06-13T02:10:41.505+0000][1][gc] Using Concurrent Mark Sweep
[2022-06-13T02:10:41.506+0000][1][gc,heap,coops] Heap address: 0x00000000f0000000, size: 256 MB, Compressed Oops mode: 32-bit
[2022-06-13T02:10:41.540+0000][1][safepoint    ] Entering safepoint region: EnableBiasedLocking
[2022-06-13T02:10:41.540+0000][1][safepoint    ] Leaving safepoint region
[2022-06-13T02:10:41.540+0000][1][safepoint    ] Total time for which application threads were stopped: 0.0003764 seconds, Stopping threads took: 0.0002165 seconds
[2022-06-13T02:10:41.542+0000][1][safepoint    ] Application time: 0.0019105 seconds
[2022-06-13T02:10:41.543+0000][1][safepoint    ] Entering safepoint region: RevokeBias
[2022-06-13T02:10:41.543+0000][1][safepoint    ] Leaving safepoint region
[2022-06-13T02:10:41.543+0000][1][safepoint    ] Total time for which application threads were stopped: 0.0005263 seconds, Stopping threads took: 0.0002725 seconds
[2022-06-13T02:10:41.552+0000][1][safepoint    ] Application time: 0.0082252 seconds
[2022-06-13T02:10:41.552+0000][1][safepoint    ] Entering safepoint region: Deoptimize
[2022-06-13T02:10:41.552+0000][1][safepoint    ] Leaving safepoint region
[2022-06-13T02:10:41.552+0000][1][safepoint    ] Total time for which application threads were stopped: 0.0003870 seconds, Stopping threads took: 0.0001793 seconds
[2022-06-13T02:10:41.616+0000][1][safepoint    ] Application time: 0.0632790 seconds
[2022-06-13T02:10:41.616+0000][1][safepoint    ] Entering safepoint region: RevokeBias
[2022-06-13T02:10:41.616+0000][1][safepoint    ] Leaving safepoint region
[2022-06-13T02:10:41.616+0000][1][safepoint    ] Total time for which application threads were stopped: 0.0003764 seconds, Stopping threads took: 0.0001678 seconds
[2022-06-13T02:10:41.636+0000][1][safepoint    ] Application time: 0.0196856 seconds
[2022-06-13T02:10:41.636+0000][1][safepoint    ] Entering safepoint region: Deoptimize
[2022-06-13T02:10:41.637+0000][1][safepoint    ] Leaving safepoint region
[2022-06-13T02:10:41.637+0000][1][safepoint    ] Total time for which application threads were stopped: 0.0004719 seconds, Stopping threads took: 0.0002132 seconds
[2022-06-13T02:10:41.835+0000][1][safepoint    ] Application time: 0.1982744 seconds
[2022-06-13T02:10:41.837+0000][1][safepoint    ] Entering safepoint region: Deoptimize
[2022-06-13T02:10:41.838+0000][1][safepoint    ] Leaving safepoint region
[2022-06-13T02:10:41.838+0000][1][safepoint    ] Total time for which application threads were stopped: 0.0021656 seconds, Stopping threads took: 0.0017799 seconds
[2022-06-13T02:10:41.852+0000][1][safepoint    ] Application time: 0.0141315 seconds
[2022-06-13T02:10:41.852+0000][1][safepoint    ] Entering safepoint region: Deoptimize
[2022-06-13T02:10:41.853+0000][1][safepoint    ] Leaving safepoint region
[2022-06-13T02:10:41.853+0000][1][safepoint    ] Total time for which application threads were stopped: 0.0007586 seconds, Stopping threads took: 0.0001843 seconds
[2022-06-13T02:10:41.897+0000][1][safepoint    ] Application time: 0.0436617 seconds
[2022-06-13T02:10:41.897+0000][1][safepoint    ] Entering safepoint region: Deoptimize
[2022-06-13T02:10:41.898+0000][1][safepoint    ] Leaving safepoint region
[2022-06-13T02:10:41.898+0000][1][safepoint    ] Total time for which application threads were stopped: 0.0006447 seconds, Stopping threads took: 0.0003200 seconds
[2022-06-13T02:10:41.906+0000][1][safepoint    ] Application time: 0.0080023 seconds
[2022-06-13T02:10:41.906+0000][1][safepoint    ] Entering safepoint region: Deoptimize
[2022-06-13T02:10:41.906+0000][1][safepoint    ] Leaving safepoint region
[2022-06-13T02:10:41.907+0000][1][safepoint    ] Total time for which application threads were stopped: 0.0004684 seconds, Stopping threads took: 0.0001680 seconds
[2022-06-13T02:10:42.254+0000][1][safepoint    ] Application time: 0.3474396 seconds
[2022-06-13T02:10:42.255+0000][1][safepoint    ] Entering safepoint region: Deoptimize
[2022-06-13T02:10:42.255+0000][1][safepoint    ] Leaving safepoint region
[2022-06-13T02:10:42.255+0000][1][safepoint    ] Total time for which application threads were stopped: 0.0006158 seconds, Stopping threads took: 0.0001807 seconds
[2022-06-13T02:10:42.459+0000][1][safepoint    ] Application time: 0.2040199 seconds
[2022-06-13T02:10:42.460+0000][1][safepoint    ] Entering safepoint region: RevokeBias
[2022-06-13T02:10:42.460+0000][1][safepoint    ] Leaving safepoint region
[2022-06-13T02:10:42.460+0000][1][safepoint    ] Total time for which application threads were stopped: 0.0004387 seconds, Stopping threads took: 0.0001864 seconds
[2022-06-13T02:10:42.542+0000][1][safepoint    ] Application time: 0.0814524 seconds
[2022-06-13T02:10:42.542+0000][1][safepoint    ] Entering safepoint region: Deoptimize
[2022-06-13T02:10:42.543+0000][1][safepoint    ] Leaving safepoint region
[2022-06-13T02:10:42.543+0000][1][safepoint    ] Total time for which application threads were stopped: 0.0006152 seconds, Stopping threads took: 0.0001849 seconds
[2022-06-13T02:10:42.622+0000][1][safepoint    ] Application time: 0.0793093 seconds
[2022-06-13T02:10:42.623+0000][1][safepoint    ] Entering safepoint region: Deoptimize
[2022-06-13T02:10:42.623+0000][1][safepoint    ] Leaving safepoint region
[2022-06-13T02:10:42.623+0000][1][safepoint    ] Total time for which application threads were stopped: 0.0006432 seconds, Stopping threads took: 0.0002092 seconds
[2022-06-13T02:10:42.624+0000][1][safepoint    ] Application time: 0.0001668 seconds
[2022-06-13T02:10:42.624+0000][1][safepoint    ] Entering safepoint region: Deoptimize
[2022-06-13T02:10:42.624+0000][1][safepoint    ] Leaving safepoint region
[2022-06-13T02:10:42.624+0000][1][safepoint    ] Total time for which application threads were stopped: 0.0005550 seconds, Stopping threads took: 0.0001758 seconds
[2022-06-13T02:10:42.652+0000][1][safepoint    ] Application time: 0.0272313 seconds
[2022-06-13T02:10:42.652+0000][1][safepoint    ] Entering safepoint region: Deoptimize
[2022-06-13T02:10:42.652+0000][1][safepoint    ] Leaving safepoint region
[2022-06-13T02:10:42.652+0000][1][safepoint    ] Total time for which application threads were stopped: 0.0005880 seconds, Stopping threads took: 0.0001744 seconds
[2022-06-13T02:10:42.658+0000][1][safepoint    ] Application time: 0.0057002 seconds
[2022-06-13T02:10:42.659+0000][1][safepoint    ] Entering safepoint region: RevokeBias
[2022-06-13T02:10:42.659+0000][1][safepoint    ] Leaving safepoint region
[2022-06-13T02:10:42.660+0000][1][safepoint    ] Total time for which application threads were stopped: 0.0009308 seconds, Stopping threads took: 0.0002574 seconds
[2022-06-13T02:10:42.660+0000][1][safepoint    ] Application time: 0.0005500 seconds
[2022-06-13T02:10:42.662+0000][1][safepoint    ] Entering safepoint region: RevokeBias
[2022-06-13T02:10:42.662+0000][1][safepoint    ] Leaving safepoint region
[2022-06-13T02:10:42.662+0000][1][safepoint    ] Total time for which application threads were stopped: 0.0004315 seconds, Stopping threads took: 0.0002270 seconds
[2022-06-13T02:10:42.664+0000][1][safepoint    ] Application time: 0.0019042 seconds
[2022-06-13T02:10:42.664+0000][1][safepoint    ] Entering safepoint region: RevokeBias
[2022-06-13T02:10:42.666+0000][1][safepoint    ] Leaving safepoint region
[2022-06-13T02:10:42.667+0000][1][safepoint    ] Total time for which application threads were stopped: 0.0022792 seconds, Stopping threads took: 0.0018829 seconds
[2022-06-13T02:10:42.667+0000][1][safepoint    ] Application time: 0.0006111 seconds
[2022-06-13T02:10:42.668+0000][1][safepoint    ] Entering safepoint region: RevokeBias
[2022-06-13T02:10:42.668+0000][1][safepoint    ] Leaving safepoint region
[2022-06-13T02:10:42.669+0000][1][safepoint    ] Total time for which application threads were stopped: 0.0006933 seconds, Stopping threads took: 0.0003608 seconds
[2022-06-13T02:10:42.669+0000][1][safepoint    ] Application time: 0.0001972 seconds
[2022-06-13T02:10:42.679+0000][1][safepoint    ] Entering safepoint region: RevokeBias
[2022-06-13T02:10:42.680+0000][1][safepoint    ] Leaving safepoint region
[2022-06-13T02:10:42.680+0000][1][safepoint    ] Total time for which application threads were stopped: 0.0108391 seconds, Stopping threads took: 0.0099878 seconds
[2022-06-13T02:10:42.684+0000][1][safepoint    ] Application time: 0.0036252 seconds
[2022-06-13T02:10:42.685+0000][1][safepoint    ] Entering safepoint region: Deoptimize
[2022-06-13T02:10:42.685+0000][1][safepoint    ] Leaving safepoint region
[2022-06-13T02:10:42.685+0000][1][safepoint    ] Total time for which application threads were stopped: 0.0006290 seconds, Stopping threads took: 0.0001941 seconds
[2022-06-13T02:10:42.744+0000][1][safepoint    ] Application time: 0.0587889 seconds
[2022-06-13T02:10:42.745+0000][1][safepoint    ] Entering safepoint region: GenCollectForAllocation
[2022-06-13T02:10:42.745+0000][1][gc,start     ] GC(0) Pause Young (Allocation Failure)
[2022-06-13T02:10:42.746+0000][1][gc,task      ] GC(0) Using 5 workers of 13 for evacuation
[2022-06-13T02:10:42.751+0000][1][gc,age       ] GC(0) Desired survivor size 4456448 bytes, new threshold 1 (max threshold 6)
[2022-06-13T02:10:42.751+0000][1][gc,age       ] GC(0) Age table with threshold 1 (max threshold 6)
[2022-06-13T02:10:42.751+0000][1][gc,age       ] GC(0) - age   1:    8136696 bytes,    8136696 total
[2022-06-13T02:10:42.751+0000][1][gc,heap      ] GC(0) ParNew: 69952K->8055K(78656K)
[2022-06-13T02:10:42.751+0000][1][gc,heap      ] GC(0) CMS: 0K->0K(174784K)
[2022-06-13T02:10:42.752+0000][1][gc,metaspace ] GC(0) Metaspace: 12332K->12332K(1060864K)
[2022-06-13T02:10:42.753+0000][1][gc           ] GC(0) Pause Young (Allocation Failure) 68M->7M(247M) 7.960ms
[2022-06-13T02:10:42.753+0000][1][gc,cpu       ] GC(0) User=0.04s Sys=0.00s Real=0.01s
[2022-06-13T02:10:42.753+0000][1][safepoint    ] Leaving safepoint region
[2022-06-13T02:10:42.754+0000][1][safepoint    ] Total time for which application threads were stopped: 0.0088867 seconds, Stopping threads took: 0.0001671 seconds
[2022-06-13T02:10:42.754+0000][1][safepoint    ] Application time: 0.0002865 seconds
[2022-06-13T02:10:42.755+0000][1][safepoint    ] Entering safepoint region: RevokeBias
[2022-06-13T02:10:42.756+0000][1][safepoint    ] Leaving safepoint region
[2022-06-13T02:10:42.756+0000][1][safepoint    ] Total time for which application threads were stopped: 0.0004630 seconds, Stopping threads took: 0.0002253 seconds
[2022-06-13T02:10:42.756+0000][1][safepoint    ] Application time: 0.0001470 seconds
[2022-06-13T02:10:42.756+0000][1][safepoint    ] Entering safepoint region: RevokeBias
[2022-06-13T02:10:42.757+0000][1][safepoint    ] Leaving safepoint region
[2022-06-13T02:10:42.757+0000][1][safepoint    ] Total time for which application threads were stopped: 0.0004749 seconds, Stopping threads took: 0.0002428 seconds
[2022-06-13T02:10:42.757+0000][1][safepoint    ] Application time: 0.0000525 seconds
[2022-06-13T02:10:42.757+0000][1][safepoint    ] Entering safepoint region: RevokeBias
[2022-06-13T02:10:42.757+0000][1][safepoint    ] Leaving safepoint region
[2022-06-13T02:10:42.758+0000][1][safepoint    ] Total time for which application threads were stopped: 0.0006155 seconds, Stopping threads took: 0.0001819 seconds
[2022-06-13T02:10:42.758+0000][1][safepoint    ] Application time: 0.0000457 seconds
[2022-06-13T02:10:42.758+0000][1][safepoint    ] Entering safepoint region: RevokeBias
[2022-06-13T02:10:42.758+0000][1][safepoint    ] Leaving safepoint region
[2022-06-13T02:10:42.759+0000][1][safepoint    ] Total time for which application threads were stopped: 0.0003950 seconds, Stopping threads took: 0.0001614 seconds
[2022-06-13T02:10:42.759+0000][1][safepoint    ] Application time: 0.0003805 seconds
[2022-06-13T02:10:42.760+0000][1][safepoint    ] Entering safepoint region: RevokeBias
[2022-06-13T02:10:42.760+0000][1][safepoint    ] Leaving safepoint region
[2022-06-13T02:10:42.760+0000][1][safepoint    ] Total time for which application threads were stopped: 0.0004651 seconds, Stopping threads took: 0.0002745 seconds
[2022-06-13T02:10:42.760+0000][1][safepoint    ] Application time: 0.0000785 seconds
[2022-06-13T02:10:42.761+0000][1][safepoint    ] Entering safepoint region: RevokeBias
[2022-06-13T02:10:42.761+0000][1][safepoint    ] Leaving safepoint region
[2022-06-13T02:10:42.761+0000][1][safepoint    ] Total time for which application threads were stopped: 0.0004297 seconds, Stopping threads took: 0.0002158 seconds
[2022-06-13T02:10:42.761+0000][1][safepoint    ] Application time: 0.0001219 seconds
[2022-06-13T02:10:42.761+0000][1][safepoint    ] Entering safepoint region: RevokeBias
[2022-06-13T02:10:42.762+0000][1][safepoint    ] Leaving safepoint region
[2022-06-13T02:10:42.762+0000][1][safepoint    ] Total time for which application threads were stopped: 0.0003933 seconds, Stopping threads took: 0.0002016 seconds
[2022-06-13T02:10:42.762+0000][1][safepoint    ] Application time: 0.0000778 seconds
[2022-06-13T02:10:42.762+0000][1][safepoint    ] Entering safepoint region: RevokeBias
[2022-06-13T02:10:42.762+0000][1][safepoint    ] Leaving safepoint region
[2022-06-13T02:10:42.763+0000][1][safepoint    ] Total time for which application threads were stopped: 0.0004055 seconds, Stopping threads took: 0.0001570 seconds
[2022-06-13T02:10:42.763+0000][1][safepoint    ] Application time: 0.0001292 seconds
[2022-06-13T02:10:42.763+0000][1][safepoint    ] Entering safepoint region: RevokeBias
[2022-06-13T02:10:42.763+0000][1][safepoint    ] Leaving safepoint region
[2022-06-13T02:10:42.763+0000][1][safepoint    ] Total time for which application threads were stopped: 0.0004684 seconds, Stopping threads took: 0.0002588 seconds
[2022-06-13T02:10:42.764+0000][1][safepoint    ] Application time: 0.0000580 seconds
[2022-06-13T02:10:42.764+0000][1][safepoint    ] Entering safepoint region: RevokeBias
[2022-06-13T02:10:42.764+0000][1][safepoint    ] Leaving safepoint region
[2022-06-13T02:10:42.764+0000][1][safepoint    ] Total time for which application threads were stopped: 0.0003572 seconds, Stopping threads took: 0.0001725 seconds
[2022-06-13T02:10:42.765+0000][1][safepoint    ] Application time: 0.0000784 seconds
[2022-06-13T02:10:42.765+0000][1][safepoint    ] Entering safepoint region: RevokeBias
[2022-06-13T02:10:42.765+0000][1][safepoint    ] Leaving safepoint region
[2022-06-13T02:10:42.765+0000][1][safepoint    ] Total time for which application threads were stopped: 0.0003868 seconds, Stopping threads took: 0.0001876 seconds
[2022-06-13T02:10:42.765+0000][1][safepoint    ] Application time: 0.0000871 seconds
[2022-06-13T02:10:42.766+0000][1][safepoint    ] Entering safepoint region: RevokeBias
[2022-06-13T02:10:42.766+0000][1][safepoint    ] Leaving safepoint region
[2022-06-13T02:10:42.766+0000][1][safepoint    ] Total time for which application threads were stopped: 0.0004551 seconds, Stopping threads took: 0.0002417 seconds
[2022-06-13T02:10:42.766+0000][1][safepoint    ] Application time: 0.0001460 seconds
[2022-06-13T02:10:42.766+0000][1][safepoint    ] Entering safepoint region: RevokeBias
[2022-06-13T02:10:42.767+0000][1][safepoint    ] Leaving safepoint region
[2022-06-13T02:10:42.767+0000][1][safepoint    ] Total time for which application threads were stopped: 0.0003956 seconds, Stopping threads took: 0.0001957 seconds
[2022-06-13T02:10:42.767+0000][1][safepoint    ] Application time: 0.0000861 seconds
[2022-06-13T02:10:42.767+0000][1][safepoint    ] Entering safepoint region: RevokeBias
[2022-06-13T02:10:42.768+0000][1][safepoint    ] Leaving safepoint region
[2022-06-13T02:10:42.768+0000][1][safepoint    ] Total time for which application threads were stopped: 0.0004554 seconds, Stopping threads took: 0.0002740 seconds
[2022-06-13T02:10:42.768+0000][1][safepoint    ] Application time: 0.0001007 seconds
[2022-06-13T02:10:42.769+0000][1][safepoint    ] Entering safepoint region: RevokeBias
[2022-06-13T02:10:42.769+0000][1][safepoint    ] Leaving safepoint region
[2022-06-13T02:10:42.769+0000][1][safepoint    ] Total time for which application threads were stopped: 0.0003655 seconds, Stopping threads took: 0.0001762 seconds
[2022-06-13T02:10:42.770+0000][1][safepoint    ] Application time: 0.0000492 seconds
[2022-06-13T02:10:42.770+0000][1][safepoint    ] Entering safepoint region: RevokeBias
[2022-06-13T02:10:42.770+0000][1][safepoint    ] Leaving safepoint region
[2022-06-13T02:10:42.770+0000][1][safepoint    ] Total time for which application threads were stopped: 0.0004620 seconds, Stopping threads took: 0.0002622 seconds
[2022-06-13T02:10:42.771+0000][1][safepoint    ] Application time: 0.0000653 seconds
[2022-06-13T02:10:42.771+0000][1][safepoint    ] Entering safepoint region: RevokeBias
[2022-06-13T02:10:42.771+0000][1][safepoint    ] Leaving safepoint region
[2022-06-13T02:10:42.771+0000][1][safepoint    ] Total time for which application threads were stopped: 0.0003580 seconds, Stopping threads took: 0.0001775 seconds
[2022-06-13T02:10:42.771+0000][1][safepoint    ] Application time: 0.0000662 seconds
[2022-06-13T02:10:42.771+0000][1][safepoint    ] Entering safepoint region: RevokeBias
[2022-06-13T02:10:42.772+0000][1][safepoint    ] Leaving safepoint region
[2022-06-13T02:10:42.772+0000][1][safepoint    ] Total time for which application threads were stopped: 0.0002987 seconds, Stopping threads took: 0.0001361 seconds
[2022-06-13T02:10:42.772+0000][1][safepoint    ] Application time: 0.0000960 seconds
[2022-06-13T02:10:42.772+0000][1][safepoint    ] Entering safepoint region: RevokeBias
[2022-06-13T02:10:42.772+0000][1][safepoint    ] Leaving safepoint region
[2022-06-13T02:10:42.772+0000][1][safepoint    ] Total time for which application threads were stopped: 0.0002811 seconds, Stopping threads took: 0.0001392 seconds
[2022-06-13T02:10:42.773+0000][1][safepoint    ] Application time: 0.0000853 seconds
[2022-06-13T02:10:42.773+0000][1][safepoint    ] Entering safepoint region: RevokeBias
[2022-06-13T02:10:42.773+0000][1][safepoint    ] Leaving safepoint region
[2022-06-13T02:10:42.773+0000][1][safepoint    ] Total time for which application threads were stopped: 0.0003322 seconds, Stopping threads took: 0.0001366 seconds
[2022-06-13T02:10:42.773+0000][1][safepoint    ] Application time: 0.0000824 seconds
[2022-06-13T02:10:42.773+0000][1][safepoint    ] Entering safepoint region: RevokeBias
[2022-06-13T02:10:42.774+0000][1][safepoint    ] Leaving safepoint region
[2022-06-13T02:10:42.774+0000][1][safepoint    ] Total time for which application threads were stopped: 0.0002843 seconds, Stopping threads took: 0.0001279 seconds
[2022-06-13T02:10:42.774+0000][1][safepoint    ] Application time: 0.0000917 seconds
[2022-06-13T02:10:42.774+0000][1][safepoint    ] Entering safepoint region: RevokeBias
[2022-06-13T02:10:42.774+0000][1][safepoint    ] Leaving safepoint region
[2022-06-13T02:10:42.774+0000][1][safepoint    ] Total time for which application threads were stopped: 0.0002446 seconds, Stopping threads took: 0.0001044 seconds
[2022-06-13T02:10:42.775+0000][1][safepoint    ] Application time: 0.0002321 seconds
[2022-06-13T02:10:42.775+0000][1][safepoint    ] Entering safepoint region: RevokeBias
[2022-06-13T02:10:42.775+0000][1][safepoint    ] Leaving safepoint region
[2022-06-13T02:10:42.775+0000][1][safepoint    ] Total time for which application threads were stopped: 0.0003547 seconds, Stopping threads took: 0.0001836 seconds
[2022-06-13T02:10:42.775+0000][1][safepoint    ] Application time: 0.0000981 seconds
[2022-06-13T02:10:42.776+0000][1][safepoint    ] Entering safepoint region: RevokeBias
[2022-06-13T02:10:42.776+0000][1][safepoint    ] Leaving safepoint region
[2022-06-13T02:10:42.776+0000][1][safepoint    ] Total time for which application threads were stopped: 0.0002830 seconds, Stopping threads took: 0.0001315 seconds
[2022-06-13T02:10:42.776+0000][1][safepoint    ] Application time: 0.0001087 seconds
[2022-06-13T02:10:42.776+0000][1][safepoint    ] Entering safepoint region: RevokeBias
[2022-06-13T02:10:42.776+0000][1][safepoint    ] Leaving safepoint region
[2022-06-13T02:10:42.776+0000][1][safepoint    ] Total time for which application threads were stopped: 0.0002891 seconds, Stopping threads took: 0.0001739 seconds
[2022-06-13T02:10:42.777+0000][1][safepoint    ] Application time: 0.0000773 seconds
[2022-06-13T02:10:42.777+0000][1][safepoint    ] Entering safepoint region: RevokeBias
[2022-06-13T02:10:42.777+0000][1][safepoint    ] Leaving safepoint region
[2022-06-13T02:10:42.777+0000][1][safepoint    ] Total time for which application threads were stopped: 0.0003250 seconds, Stopping threads took: 0.0001789 seconds
[2022-06-13T02:10:42.991+0000][1][safepoint    ] Application time: 0.2136294 seconds
[2022-06-13T02:10:42.991+0000][1][safepoint    ] Entering safepoint region: Deoptimize
[2022-06-13T02:10:42.992+0000][1][safepoint    ] Leaving safepoint region
[2022-06-13T02:10:42.992+0000][1][safepoint    ] Total time for which application threads were stopped: 0.0008854 seconds, Stopping threads took: 0.0002163 seconds
[2022-06-13T02:10:43.101+0000][1][safepoint    ] Application time: 0.1092075 seconds
[2022-06-13T02:10:43.102+0000][1][safepoint    ] Entering safepoint region: RevokeBias
[2022-06-13T02:10:43.102+0000][1][safepoint    ] Leaving safepoint region
[2022-06-13T02:10:43.102+0000][1][safepoint    ] Total time for which application threads were stopped: 0.0004999 seconds, Stopping threads took: 0.0002341 seconds
[2022-06-13T02:10:43.202+0000][1][safepoint    ] Application time: 0.0992492 seconds
[2022-06-13T02:10:43.202+0000][1][safepoint    ] Entering safepoint region: GenCollectForAllocation
[2022-06-13T02:10:43.202+0000][1][gc,start     ] GC(1) Pause Young (Allocation Failure)
[2022-06-13T02:10:43.202+0000][1][gc,task      ] GC(1) Using 5 workers of 13 for evacuation
[2022-06-13T02:10:43.231+0000][1][gc,age       ] GC(1) Desired survivor size 4456448 bytes, new threshold 6 (max threshold 6)
[2022-06-13T02:10:43.231+0000][1][gc,age       ] GC(1) Age table with threshold 6 (max threshold 6)
[2022-06-13T02:10:43.232+0000][1][gc,age       ] GC(1) - age   1:    1966640 bytes,    1966640 total
[2022-06-13T02:10:43.232+0000][1][gc,heap      ] GC(1) ParNew: 78007K->5376K(78656K)
[2022-06-13T02:10:43.232+0000][1][gc,heap      ] GC(1) CMS: 0K->6690K(174784K)
[2022-06-13T02:10:43.232+0000][1][gc,metaspace ] GC(1) Metaspace: 14921K->14921K(1062912K)
[2022-06-13T02:10:43.232+0000][1][gc           ] GC(1) Pause Young (Allocation Failure) 76M->11M(247M) 29.852ms
[2022-06-13T02:10:43.232+0000][1][gc,cpu       ] GC(1) User=0.09s Sys=0.00s Real=0.03s
[2022-06-13T02:10:43.233+0000][1][safepoint    ] Leaving safepoint region
[2022-06-13T02:10:43.233+0000][1][safepoint    ] Total time for which application threads were stopped: 0.0306747 seconds, Stopping threads took: 0.0001787 seconds
[2022-06-13T02:10:43.234+0000][1][safepoint    ] Application time: 0.0011845 seconds
[2022-06-13T02:10:43.235+0000][1][safepoint    ] Entering safepoint region: BulkRevokeBias
[2022-06-13T02:10:43.236+0000][1][safepoint    ] Leaving safepoint region
[2022-06-13T02:10:43.236+0000][1][safepoint    ] Total time for which application threads were stopped: 0.0009918 seconds, Stopping threads took: 0.0007318 seconds
[2022-06-13T02:10:43.236+0000][1][safepoint    ] Application time: 0.0001208 seconds
[2022-06-13T02:10:43.237+0000][1][safepoint    ] Entering safepoint region: RevokeBias
[2022-06-13T02:10:43.237+0000][1][safepoint    ] Leaving safepoint region
[2022-06-13T02:10:43.237+0000][1][safepoint    ] Total time for which application threads were stopped: 0.0003611 seconds, Stopping threads took: 0.0001875 seconds
[2022-06-13T02:10:43.237+0000][1][safepoint    ] Application time: 0.0002590 seconds
[2022-06-13T02:10:43.238+0000][1][safepoint    ] Entering safepoint region: RevokeBias
[2022-06-13T02:10:43.238+0000][1][safepoint    ] Leaving safepoint region
[2022-06-13T02:10:43.238+0000][1][safepoint    ] Total time for which application threads were stopped: 0.0003793 seconds, Stopping threads took: 0.0001739 seconds
[2022-06-13T02:10:43.238+0000][1][safepoint    ] Application time: 0.0000834 seconds
[2022-06-13T02:10:43.238+0000][1][safepoint    ] Entering safepoint region: RevokeBias
[2022-06-13T02:10:43.238+0000][1][safepoint    ] Leaving safepoint region
[2022-06-13T02:10:43.239+0000][1][safepoint    ] Total time for which application threads were stopped: 0.0003511 seconds, Stopping threads took: 0.0001577 seconds
[2022-06-13T02:10:43.239+0000][1][safepoint    ] Application time: 0.0001162 seconds
[2022-06-13T02:10:43.239+0000][1][safepoint    ] Entering safepoint region: RevokeBias
[2022-06-13T02:10:43.239+0000][1][safepoint    ] Leaving safepoint region
[2022-06-13T02:10:43.239+0000][1][safepoint    ] Total time for which application threads were stopped: 0.0003289 seconds, Stopping threads took: 0.0001773 seconds
[2022-06-13T02:10:43.240+0000][1][safepoint    ] Application time: 0.0000458 seconds
[2022-06-13T02:10:43.240+0000][1][safepoint    ] Entering safepoint region: RevokeBias
[2022-06-13T02:10:43.240+0000][1][safepoint    ] Leaving safepoint region
[2022-06-13T02:10:43.240+0000][1][safepoint    ] Total time for which application threads were stopped: 0.0003786 seconds, Stopping threads took: 0.0001739 seconds
[2022-06-13T02:10:43.240+0000][1][safepoint    ] Application time: 0.0001312 seconds
[2022-06-13T02:10:43.241+0000][1][safepoint    ] Entering safepoint region: RevokeBias
[2022-06-13T02:10:43.241+0000][1][safepoint    ] Leaving safepoint region
[2022-06-13T02:10:43.241+0000][1][safepoint    ] Total time for which application threads were stopped: 0.0004207 seconds, Stopping threads took: 0.0002051 seconds
[2022-06-13T02:10:43.241+0000][1][safepoint    ] Application time: 0.0000960 seconds
[2022-06-13T02:10:43.242+0000][1][safepoint    ] Entering safepoint region: RevokeBias
[2022-06-13T02:10:43.243+0000][1][safepoint    ] Leaving safepoint region
[2022-06-13T02:10:43.248+0000][1][safepoint    ] Total time for which application threads were stopped: 0.0052823 seconds, Stopping threads took: 0.0008312 seconds
[2022-06-13T02:10:43.249+0000][1][safepoint    ] Application time: 0.0000971 seconds
[2022-06-13T02:10:43.249+0000][1][safepoint    ] Entering safepoint region: RevokeBias
[2022-06-13T02:10:43.250+0000][1][safepoint    ] Leaving safepoint region
[2022-06-13T02:10:43.250+0000][1][safepoint    ] Total time for which application threads were stopped: 0.0006183 seconds, Stopping threads took: 0.0003871 seconds
[2022-06-13T02:10:43.250+0000][1][safepoint    ] Application time: 0.0001748 seconds
[2022-06-13T02:10:43.251+0000][1][safepoint    ] Entering safepoint region: RevokeBias
[2022-06-13T02:10:43.252+0000][1][safepoint    ] Leaving safepoint region
[2022-06-13T02:10:43.252+0000][1][safepoint    ] Total time for which application threads were stopped: 0.0004285 seconds, Stopping threads took: 0.0002264 seconds
[2022-06-13T02:10:43.252+0000][1][safepoint    ] Application time: 0.0001551 seconds
[2022-06-13T02:10:43.252+0000][1][safepoint    ] Entering safepoint region: BulkRevokeBias
[2022-06-13T02:10:43.253+0000][1][safepoint    ] Leaving safepoint region
[2022-06-13T02:10:43.253+0000][1][safepoint    ] Total time for which application threads were stopped: 0.0003812 seconds, Stopping threads took: 0.0001570 seconds
[2022-06-13T02:10:43.253+0000][1][safepoint    ] Application time: 0.0005099 seconds
[2022-06-13T02:10:43.254+0000][1][safepoint    ] Entering safepoint region: RevokeBias
[2022-06-13T02:10:43.254+0000][1][safepoint    ] Leaving safepoint region
[2022-06-13T02:10:43.254+0000][1][safepoint    ] Total time for which application threads were stopped: 0.0003534 seconds, Stopping threads took: 0.0001647 seconds
[2022-06-13T02:10:43.254+0000][1][safepoint    ] Application time: 0.0000659 seconds
[2022-06-13T02:10:43.254+0000][1][safepoint    ] Entering safepoint region: BulkRevokeBias
[2022-06-13T02:10:43.254+0000][1][safepoint    ] Leaving safepoint region
[2022-06-13T02:10:43.255+0000][1][safepoint    ] Total time for which application threads were stopped: 0.0003846 seconds, Stopping threads took: 0.0001533 seconds
[2022-06-13T02:10:43.266+0000][1][safepoint    ] Application time: 0.0117324 seconds
[2022-06-13T02:10:43.268+0000][1][safepoint    ] Entering safepoint region: RevokeBias
[2022-06-13T02:10:43.268+0000][1][safepoint    ] Leaving safepoint region
[2022-06-13T02:10:43.268+0000][1][safepoint    ] Total time for which application threads were stopped: 0.0005460 seconds, Stopping threads took: 0.0002823 seconds
[2022-06-13T02:10:43.276+0000][1][safepoint    ] Application time: 0.0070248 seconds
[2022-06-13T02:10:43.277+0000][1][safepoint    ] Entering safepoint region: RevokeBias
[2022-06-13T02:10:43.277+0000][1][safepoint    ] Leaving safepoint region
[2022-06-13T02:10:43.277+0000][1][safepoint    ] Total time for which application threads were stopped: 0.0016736 seconds, Stopping threads took: 0.0014184 seconds
[2022-06-13T02:10:43.355+0000][1][safepoint    ] Application time: 0.0777697 seconds
[2022-06-13T02:10:43.356+0000][1][safepoint    ] Entering safepoint region: GenCollectForAllocation
[2022-06-13T02:10:43.356+0000][1][gc,start     ] GC(2) Pause Young (Allocation Failure)
[2022-06-13T02:10:43.356+0000][1][gc,task      ] GC(2) Using 5 workers of 13 for evacuation
[2022-06-13T02:10:43.359+0000][1][gc,age       ] GC(2) Desired survivor size 4456448 bytes, new threshold 6 (max threshold 6)
[2022-06-13T02:10:43.360+0000][1][gc,age       ] GC(2) Age table with threshold 6 (max threshold 6)
[2022-06-13T02:10:43.360+0000][1][gc,age       ] GC(2) - age   1:    2539040 bytes,    2539040 total
[2022-06-13T02:10:43.360+0000][1][gc,age       ] GC(2) - age   2:    1181408 bytes,    3720448 total
[2022-06-13T02:10:43.360+0000][1][gc,heap      ] GC(2) ParNew: 75328K->4378K(78656K)
[2022-06-13T02:10:43.360+0000][1][gc,heap      ] GC(2) CMS: 6690K->6690K(174784K)
[2022-06-13T02:10:43.361+0000][1][gc,metaspace ] GC(2) Metaspace: 15079K->15079K(1062912K)
[2022-06-13T02:10:43.361+0000][1][gc           ] GC(2) Pause Young (Allocation Failure) 80M->10M(247M) 4.441ms
[2022-06-13T02:10:43.361+0000][1][gc,cpu       ] GC(2) User=0.04s Sys=0.00s Real=0.01s
[2022-06-13T02:10:43.361+0000][1][safepoint    ] Leaving safepoint region
[2022-06-13T02:10:43.361+0000][1][safepoint    ] Total time for which application threads were stopped: 0.0052504 seconds, Stopping threads took: 0.0002562 seconds
[2022-06-13T02:10:43.362+0000][1][safepoint    ] Application time: 0.0002734 seconds
[2022-06-13T02:10:43.362+0000][1][safepoint    ] Entering safepoint region: RevokeBias
[2022-06-13T02:10:43.362+0000][1][safepoint    ] Leaving safepoint region
[2022-06-13T02:10:43.362+0000][1][safepoint    ] Total time for which application threads were stopped: 0.0004356 seconds, Stopping threads took: 0.0002542 seconds
[2022-06-13T02:10:43.363+0000][1][safepoint    ] Application time: 0.0000971 seconds
[2022-06-13T02:10:43.363+0000][1][safepoint    ] Entering safepoint region: RevokeBias
[2022-06-13T02:10:43.363+0000][1][safepoint    ] Leaving safepoint region
[2022-06-13T02:10:43.363+0000][1][safepoint    ] Total time for which application threads were stopped: 0.0003672 seconds, Stopping threads took: 0.0001570 seconds
[2022-06-13T02:10:43.363+0000][1][safepoint    ] Application time: 0.0001177 seconds
[2022-06-13T02:10:43.364+0000][1][safepoint    ] Entering safepoint region: RevokeBias
[2022-06-13T02:10:43.364+0000][1][safepoint    ] Leaving safepoint region
[2022-06-13T02:10:43.364+0000][1][safepoint    ] Total time for which application threads were stopped: 0.0003770 seconds, Stopping threads took: 0.0001454 seconds
[2022-06-13T02:10:43.364+0000][1][safepoint    ] Application time: 0.0000441 seconds
[2022-06-13T02:10:43.364+0000][1][safepoint    ] Entering safepoint region: RevokeBias
[2022-06-13T02:10:43.366+0000][1][safepoint    ] Leaving safepoint region
[2022-06-13T02:10:43.368+0000][1][safepoint    ] Total time for which application threads were stopped: 0.0033090 seconds, Stopping threads took: 0.0014945 seconds
[2022-06-13T02:10:43.368+0000][1][safepoint    ] Application time: 0.0001213 seconds
[2022-06-13T02:10:43.369+0000][1][safepoint    ] Entering safepoint region: RevokeBias
[2022-06-13T02:10:43.369+0000][1][safepoint    ] Leaving safepoint region
[2022-06-13T02:10:43.369+0000][1][safepoint    ] Total time for which application threads were stopped: 0.0006326 seconds, Stopping threads took: 0.0004149 seconds
[2022-06-13T02:10:43.370+0000][1][safepoint    ] Application time: 0.0002581 seconds
[2022-06-13T02:10:43.370+0000][1][safepoint    ] Entering safepoint region: RevokeBias
[2022-06-13T02:10:43.370+0000][1][safepoint    ] Leaving safepoint region
[2022-06-13T02:10:43.371+0000][1][safepoint    ] Total time for which application threads were stopped: 0.0004878 seconds, Stopping threads took: 0.0002680 seconds
[2022-06-13T02:10:43.574+0000][1][safepoint    ] Application time: 0.2035547 seconds
[2022-06-13T02:10:43.575+0000][1][safepoint    ] Entering safepoint region: Deoptimize
[2022-06-13T02:10:43.576+0000][1][safepoint    ] Leaving safepoint region
[2022-06-13T02:10:43.576+0000][1][safepoint    ] Total time for which application threads were stopped: 0.0014385 seconds, Stopping threads took: 0.0002968 seconds
[2022-06-13T02:10:43.577+0000][1][safepoint    ] Application time: 0.0007182 seconds
[2022-06-13T02:10:43.578+0000][1][safepoint    ] Entering safepoint region: Deoptimize
[2022-06-13T02:10:43.579+0000][1][safepoint    ] Leaving safepoint region
[2022-06-13T02:10:43.579+0000][1][safepoint    ] Total time for which application threads were stopped: 0.0014222 seconds, Stopping threads took: 0.0003039 seconds
[2022-06-13T02:10:43.761+0000][1][safepoint    ] Application time: 0.1816346 seconds
[2022-06-13T02:10:43.761+0000][1][safepoint    ] Entering safepoint region: GenCollectForAllocation
[2022-06-13T02:10:43.762+0000][1][gc,start     ] GC(3) Pause Young (Allocation Failure)
[2022-06-13T02:10:43.762+0000][1][gc,task      ] GC(3) Using 5 workers of 13 for evacuation
[2022-06-13T02:10:43.765+0000][1][gc,age       ] GC(3) Desired survivor size 4456448 bytes, new threshold 3 (max threshold 6)
[2022-06-13T02:10:43.765+0000][1][gc,age       ] GC(3) Age table with threshold 3 (max threshold 6)
[2022-06-13T02:10:43.766+0000][1][gc,age       ] GC(3) - age   1:    3288760 bytes,    3288760 total
[2022-06-13T02:10:43.766+0000][1][gc,age       ] GC(3) - age   2:     319584 bytes,    3608344 total
[2022-06-13T02:10:43.766+0000][1][gc,age       ] GC(3) - age   3:    1178392 bytes,    4786736 total
[2022-06-13T02:10:43.766+0000][1][gc,heap      ] GC(3) ParNew: 74330K->6528K(78656K)
[2022-06-13T02:10:43.766+0000][1][gc,heap      ] GC(3) CMS: 6690K->6690K(174784K)
[2022-06-13T02:10:43.766+0000][1][gc,metaspace ] GC(3) Metaspace: 18296K->18296K(1067008K)
[2022-06-13T02:10:43.766+0000][1][gc           ] GC(3) Pause Young (Allocation Failure) 79M->12M(247M) 4.808ms
[2022-06-13T02:10:43.767+0000][1][gc,cpu       ] GC(3) User=0.01s Sys=0.00s Real=0.00s
[2022-06-13T02:10:43.767+0000][1][safepoint    ] Leaving safepoint region
[2022-06-13T02:10:43.767+0000][1][safepoint    ] Total time for which application threads were stopped: 0.0056456 seconds, Stopping threads took: 0.0001828 seconds
[2022-06-13T02:10:43.768+0000][1][safepoint    ] Application time: 0.0009379 seconds
[2022-06-13T02:10:43.769+0000][1][safepoint    ] Entering safepoint region: BulkRevokeBias
[2022-06-13T02:10:43.769+0000][1][safepoint    ] Leaving safepoint region
[2022-06-13T02:10:43.769+0000][1][safepoint    ] Total time for which application threads were stopped: 0.0007692 seconds, Stopping threads took: 0.0002539 seconds
[2022-06-13T02:10:43.772+0000][1][safepoint    ] Application time: 0.0018451 seconds
[2022-06-13T02:10:43.772+0000][1][safepoint    ] Entering safepoint region: RevokeBias
[2022-06-13T02:10:43.773+0000][1][safepoint    ] Leaving safepoint region
[2022-06-13T02:10:43.773+0000][1][safepoint    ] Total time for which application threads were stopped: 0.0004938 seconds, Stopping threads took: 0.0002449 seconds
[2022-06-13T02:10:43.773+0000][1][safepoint    ] Application time: 0.0001185 seconds
[2022-06-13T02:10:43.773+0000][1][safepoint    ] Entering safepoint region: RevokeBias
[2022-06-13T02:10:43.773+0000][1][safepoint    ] Leaving safepoint region
[2022-06-13T02:10:43.774+0000][1][safepoint    ] Total time for which application threads were stopped: 0.0003436 seconds, Stopping threads took: 0.0001389 seconds
[2022-06-13T02:10:43.774+0000][1][safepoint    ] Application time: 0.0000750 seconds
[2022-06-13T02:10:43.774+0000][1][safepoint    ] Entering safepoint region: RevokeBias
[2022-06-13T02:10:43.774+0000][1][safepoint    ] Leaving safepoint region
[2022-06-13T02:10:43.775+0000][1][safepoint    ] Total time for which application threads were stopped: 0.0008836 seconds, Stopping threads took: 0.0001575 seconds
[2022-06-13T02:10:43.775+0000][1][safepoint    ] Application time: 0.0001278 seconds
[2022-06-13T02:10:43.775+0000][1][safepoint    ] Entering safepoint region: RevokeBias
[2022-06-13T02:10:43.775+0000][1][safepoint    ] Leaving safepoint region
[2022-06-13T02:10:43.776+0000][1][safepoint    ] Total time for which application threads were stopped: 0.0003141 seconds, Stopping threads took: 0.0001391 seconds
[2022-06-13T02:10:43.776+0000][1][safepoint    ] Application time: 0.0001121 seconds
[2022-06-13T02:10:43.776+0000][1][safepoint    ] Entering safepoint region: RevokeBias
[2022-06-13T02:10:43.776+0000][1][safepoint    ] Leaving safepoint region
[2022-06-13T02:10:43.776+0000][1][safepoint    ] Total time for which application threads were stopped: 0.0003714 seconds, Stopping threads took: 0.0001535 seconds
[2022-06-13T02:10:43.777+0000][1][safepoint    ] Application time: 0.0000746 seconds
[2022-06-13T02:10:43.777+0000][1][safepoint    ] Entering safepoint region: RevokeBias
[2022-06-13T02:10:43.777+0000][1][safepoint    ] Leaving safepoint region
[2022-06-13T02:10:43.777+0000][1][safepoint    ] Total time for which application threads were stopped: 0.0003023 seconds, Stopping threads took: 0.0001385 seconds
[2022-06-13T02:10:43.777+0000][1][safepoint    ] Application time: 0.0000862 seconds
[2022-06-13T02:10:43.777+0000][1][safepoint    ] Entering safepoint region: RevokeBias
[2022-06-13T02:10:43.778+0000][1][safepoint    ] Leaving safepoint region
[2022-06-13T02:10:43.778+0000][1][safepoint    ] Total time for which application threads were stopped: 0.0003293 seconds, Stopping threads took: 0.0001507 seconds
[2022-06-13T02:10:43.778+0000][1][safepoint    ] Application time: 0.0000636 seconds
[2022-06-13T02:10:43.778+0000][1][safepoint    ] Entering safepoint region: RevokeBias
[2022-06-13T02:10:43.778+0000][1][safepoint    ] Leaving safepoint region
[2022-06-13T02:10:43.778+0000][1][safepoint    ] Total time for which application threads were stopped: 0.0002899 seconds, Stopping threads took: 0.0001042 seconds
[2022-06-13T02:10:43.779+0000][1][safepoint    ] Application time: 0.0000487 seconds
[2022-06-13T02:10:43.779+0000][1][safepoint    ] Entering safepoint region: RevokeBias
[2022-06-13T02:10:43.779+0000][1][safepoint    ] Leaving safepoint region
[2022-06-13T02:10:43.779+0000][1][safepoint    ] Total time for which application threads were stopped: 0.0003300 seconds, Stopping threads took: 0.0001513 seconds
[2022-06-13T02:10:43.779+0000][1][safepoint    ] Application time: 0.0001894 seconds
[2022-06-13T02:10:43.780+0000][1][safepoint    ] Entering safepoint region: RevokeBias
[2022-06-13T02:10:43.780+0000][1][safepoint    ] Leaving safepoint region
[2022-06-13T02:10:43.780+0000][1][safepoint    ] Total time for which application threads were stopped: 0.0003238 seconds, Stopping threads took: 0.0001377 seconds
[2022-06-13T02:10:43.780+0000][1][safepoint    ] Application time: 0.0000498 seconds
[2022-06-13T02:10:43.780+0000][1][safepoint    ] Entering safepoint region: RevokeBias
[2022-06-13T02:10:43.781+0000][1][safepoint    ] Leaving safepoint region
[2022-06-13T02:10:43.781+0000][1][safepoint    ] Total time for which application threads were stopped: 0.0008809 seconds, Stopping threads took: 0.0001618 seconds
[2022-06-13T02:10:43.781+0000][1][safepoint    ] Application time: 0.0000843 seconds
[2022-06-13T02:10:43.782+0000][1][safepoint    ] Entering safepoint region: RevokeBias
[2022-06-13T02:10:43.782+0000][1][safepoint    ] Leaving safepoint region
[2022-06-13T02:10:43.782+0000][1][safepoint    ] Total time for which application threads were stopped: 0.0003597 seconds, Stopping threads took: 0.0001552 seconds
[2022-06-13T02:10:43.782+0000][1][safepoint    ] Application time: 0.0002041 seconds
[2022-06-13T02:10:43.783+0000][1][safepoint    ] Entering safepoint region: RevokeBias
[2022-06-13T02:10:43.783+0000][1][safepoint    ] Leaving safepoint region
[2022-06-13T02:10:43.783+0000][1][safepoint    ] Total time for which application threads were stopped: 0.0003513 seconds, Stopping threads took: 0.0001409 seconds
[2022-06-13T02:10:43.783+0000][1][safepoint    ] Application time: 0.0003195 seconds
[2022-06-13T02:10:43.783+0000][1][safepoint    ] Entering safepoint region: RevokeBias
[2022-06-13T02:10:43.784+0000][1][safepoint    ] Leaving safepoint region
[2022-06-13T02:10:43.784+0000][1][safepoint    ] Total time for which application threads were stopped: 0.0003468 seconds, Stopping threads took: 0.0001552 seconds
[2022-06-13T02:10:43.784+0000][1][safepoint    ] Application time: 0.0000369 seconds
[2022-06-13T02:10:43.785+0000][1][safepoint    ] Entering safepoint region: RevokeBias
[2022-06-13T02:10:43.785+0000][1][safepoint    ] Leaving safepoint region
[2022-06-13T02:10:43.786+0000][1][safepoint    ] Total time for which application threads were stopped: 0.0004132 seconds, Stopping threads took: 0.0002000 seconds
[2022-06-13T02:10:43.786+0000][1][safepoint    ] Application time: 0.0000447 seconds
[2022-06-13T02:10:43.786+0000][1][safepoint    ] Entering safepoint region: RevokeBias
[2022-06-13T02:10:43.786+0000][1][safepoint    ] Leaving safepoint region
[2022-06-13T02:10:43.786+0000][1][safepoint    ] Total time for which application threads were stopped: 0.0003633 seconds, Stopping threads took: 0.0001702 seconds
[2022-06-13T02:10:43.786+0000][1][safepoint    ] Application time: 0.0000533 seconds
[2022-06-13T02:10:43.787+0000][1][safepoint    ] Entering safepoint region: RevokeBias
[2022-06-13T02:10:43.787+0000][1][safepoint    ] Leaving safepoint region
[2022-06-13T02:10:43.789+0000][1][safepoint    ] Total time for which application threads were stopped: 0.0015760 seconds, Stopping threads took: 0.0002049 seconds
[2022-06-13T02:10:43.789+0000][1][safepoint    ] Application time: 0.0000737 seconds
[2022-06-13T02:10:43.789+0000][1][safepoint    ] Entering safepoint region: RevokeBias
[2022-06-13T02:10:43.789+0000][1][safepoint    ] Leaving safepoint region
[2022-06-13T02:10:43.789+0000][1][safepoint    ] Total time for which application threads were stopped: 0.0004260 seconds, Stopping threads took: 0.0001780 seconds
[2022-06-13T02:10:43.790+0000][1][safepoint    ] Application time: 0.0000579 seconds
[2022-06-13T02:10:43.791+0000][1][safepoint    ] Entering safepoint region: RevokeBias
[2022-06-13T02:10:43.791+0000][1][safepoint    ] Leaving safepoint region
[2022-06-13T02:10:43.791+0000][1][safepoint    ] Total time for which application threads were stopped: 0.0007916 seconds, Stopping threads took: 0.0005937 seconds
[2022-06-13T02:10:43.791+0000][1][safepoint    ] Application time: 0.0000393 seconds
[2022-06-13T02:10:43.791+0000][1][safepoint    ] Entering safepoint region: RevokeBias
[2022-06-13T02:10:43.791+0000][1][safepoint    ] Leaving safepoint region
[2022-06-13T02:10:43.792+0000][1][safepoint    ] Total time for which application threads were stopped: 0.0003411 seconds, Stopping threads took: 0.0001421 seconds
[2022-06-13T02:10:43.929+0000][1][safepoint    ] Application time: 0.1374073 seconds
[2022-06-13T02:10:43.930+0000][1][safepoint    ] Entering safepoint region: GenCollectForAllocation
[2022-06-13T02:10:43.931+0000][1][gc,start     ] GC(4) Pause Young (Allocation Failure)
[2022-06-13T02:10:43.931+0000][1][gc,task      ] GC(4) Using 5 workers of 13 for evacuation
[2022-06-13T02:10:43.940+0000][1][gc,age       ] GC(4) Desired survivor size 4456448 bytes, new threshold 3 (max threshold 6)
[2022-06-13T02:10:43.940+0000][1][gc,age       ] GC(4) Age table with threshold 3 (max threshold 6)
[2022-06-13T02:10:43.940+0000][1][gc,age       ] GC(4) - age   1:    1162312 bytes,    1162312 total
[2022-06-13T02:10:43.941+0000][1][gc,age       ] GC(4) - age   2:    3173656 bytes,    4335968 total
[2022-06-13T02:10:43.941+0000][1][gc,age       ] GC(4) - age   3:     319016 bytes,    4654984 total
[2022-06-13T02:10:43.941+0000][1][gc,heap      ] GC(4) ParNew: 76480K->5846K(78656K)
[2022-06-13T02:10:43.941+0000][1][gc,heap      ] GC(4) CMS: 6690K->7858K(174784K)
[2022-06-13T02:10:43.941+0000][1][gc,metaspace ] GC(4) Metaspace: 18756K->18756K(1067008K)
[2022-06-13T02:10:43.941+0000][1][gc           ] GC(4) Pause Young (Allocation Failure) 81M->13M(247M) 10.416ms
[2022-06-13T02:10:43.941+0000][1][gc,cpu       ] GC(4) User=0.03s Sys=0.00s Real=0.01s
[2022-06-13T02:10:43.942+0000][1][safepoint    ] Leaving safepoint region
[2022-06-13T02:10:43.942+0000][1][safepoint    ] Total time for which application threads were stopped: 0.0113388 seconds, Stopping threads took: 0.0004575 seconds
[2022-06-13T02:10:43.957+0000][1][safepoint    ] Application time: 0.0153399 seconds
[2022-06-13T02:10:43.957+0000][1][safepoint    ] Entering safepoint region: RevokeBias
[2022-06-13T02:10:43.958+0000][1][safepoint    ] Leaving safepoint region
[2022-06-13T02:10:43.958+0000][1][safepoint    ] Total time for which application threads were stopped: 0.0004343 seconds, Stopping threads took: 0.0002278 seconds
[2022-06-13T02:10:43.958+0000][1][safepoint    ] Application time: 0.0000313 seconds
[2022-06-13T02:10:43.958+0000][1][safepoint    ] Entering safepoint region: RevokeBias
[2022-06-13T02:10:43.958+0000][1][safepoint    ] Leaving safepoint region
[2022-06-13T02:10:43.958+0000][1][safepoint    ] Total time for which application threads were stopped: 0.0003229 seconds, Stopping threads took: 0.0001452 seconds
[2022-06-13T02:10:43.959+0000][1][safepoint    ] Application time: 0.0000408 seconds
[2022-06-13T02:10:43.959+0000][1][safepoint    ] Entering safepoint region: RevokeBias
[2022-06-13T02:10:43.959+0000][1][safepoint    ] Leaving safepoint region
[2022-06-13T02:10:43.959+0000][1][safepoint    ] Total time for which application threads were stopped: 0.0003300 seconds, Stopping threads took: 0.0001466 seconds
[2022-06-13T02:10:43.960+0000][1][safepoint    ] Application time: 0.0004696 seconds
[2022-06-13T02:10:43.960+0000][1][safepoint    ] Entering safepoint region: RevokeBias
[2022-06-13T02:10:43.960+0000][1][safepoint    ] Leaving safepoint region
[2022-06-13T02:10:43.960+0000][1][safepoint    ] Total time for which application threads were stopped: 0.0003305 seconds, Stopping threads took: 0.0001451 seconds
[2022-06-13T02:10:43.978+0000][1][safepoint    ] Application time: 0.0178202 seconds
[2022-06-13T02:10:43.981+0000][1][safepoint    ] Entering safepoint region: Deoptimize
[2022-06-13T02:10:43.982+0000][1][safepoint    ] Leaving safepoint region
[2022-06-13T02:10:43.982+0000][1][safepoint    ] Total time for which application threads were stopped: 0.0008597 seconds, Stopping threads took: 0.0002315 seconds
[2022-06-13T02:10:44.020+0000][1][safepoint    ] Application time: 0.0383004 seconds
[2022-06-13T02:10:44.022+0000][1][safepoint    ] Entering safepoint region: Deoptimize
[2022-06-13T02:10:44.024+0000][1][safepoint    ] Leaving safepoint region
[2022-06-13T02:10:44.024+0000][1][safepoint    ] Total time for which application threads were stopped: 0.0019966 seconds, Stopping threads took: 0.0011372 seconds
[2022-06-13T02:10:44.030+0000][1][safepoint    ] Application time: 0.0055520 seconds
[2022-06-13T02:10:44.031+0000][1][safepoint    ] Entering safepoint region: RevokeBias
[2022-06-13T02:10:44.031+0000][1][safepoint    ] Leaving safepoint region
[2022-06-13T02:10:44.031+0000][1][safepoint    ] Total time for which application threads were stopped: 0.0003648 seconds, Stopping threads took: 0.0001569 seconds
[2022-06-13T02:10:44.087+0000][1][safepoint    ] Application time: 0.0562828 seconds
[2022-06-13T02:10:44.088+0000][1][safepoint    ] Entering safepoint region: RevokeBias
[2022-06-13T02:10:44.088+0000][1][safepoint    ] Leaving safepoint region
[2022-06-13T02:10:44.088+0000][1][safepoint    ] Total time for which application threads were stopped: 0.0004996 seconds, Stopping threads took: 0.0002774 seconds
[2022-06-13T02:10:44.089+0000][1][safepoint    ] Application time: 0.0009051 seconds
[2022-06-13T02:10:44.090+0000][1][safepoint    ] Entering safepoint region: RevokeBias
[2022-06-13T02:10:44.090+0000][1][safepoint    ] Leaving safepoint region
[2022-06-13T02:10:44.091+0000][1][safepoint    ] Total time for which application threads were stopped: 0.0009281 seconds, Stopping threads took: 0.0001685 seconds
[2022-06-13T02:10:44.127+0000][1][safepoint    ] Application time: 0.0353698 seconds
[2022-06-13T02:10:44.129+0000][1][safepoint    ] Entering safepoint region: GenCollectForAllocation
[2022-06-13T02:10:44.130+0000][1][gc,start     ] GC(5) Pause Young (Allocation Failure)
[2022-06-13T02:10:44.131+0000][1][gc,task      ] GC(5) Using 5 workers of 13 for evacuation
[2022-06-13T02:10:44.141+0000][1][gc,age       ] GC(5) Desired survivor size 4456448 bytes, new threshold 3 (max threshold 6)
[2022-06-13T02:10:44.141+0000][1][gc,age       ] GC(5) Age table with threshold 3 (max threshold 6)
[2022-06-13T02:10:44.141+0000][1][gc,age       ] GC(5) - age   1:    2183240 bytes,    2183240 total
[2022-06-13T02:10:44.141+0000][1][gc,age       ] GC(5) - age   2:     577400 bytes,    2760640 total
[2022-06-13T02:10:44.142+0000][1][gc,age       ] GC(5) - age   3:    3169456 bytes,    5930096 total
[2022-06-13T02:10:44.142+0000][1][gc,heap      ] GC(5) ParNew: 75798K->6402K(78656K)
[2022-06-13T02:10:44.142+0000][1][gc,heap      ] GC(5) CMS: 7858K->8174K(174784K)
[2022-06-13T02:10:44.143+0000][1][gc,metaspace ] GC(5) Metaspace: 19069K->19069K(1067008K)
[2022-06-13T02:10:44.143+0000][1][gc           ] GC(5) Pause Young (Allocation Failure) 81M->14M(247M) 12.337ms
[2022-06-13T02:10:44.143+0000][1][gc,cpu       ] GC(5) User=0.03s Sys=0.00s Real=0.01s
[2022-06-13T02:10:44.143+0000][1][safepoint    ] Leaving safepoint region
[2022-06-13T02:10:44.143+0000][1][safepoint    ] Total time for which application threads were stopped: 0.0143394 seconds, Stopping threads took: 0.0015117 seconds
[2022-06-13T02:10:44.149+0000][1][safepoint    ] Application time: 0.0058568 seconds
[2022-06-13T02:10:44.160+0000][1][safepoint    ] Entering safepoint region: RevokeBias
[2022-06-13T02:10:44.160+0000][1][safepoint    ] Leaving safepoint region
[2022-06-13T02:10:44.160+0000][1][safepoint    ] Total time for which application threads were stopped: 0.0107452 seconds, Stopping threads took: 0.0104098 seconds
[2022-06-13T02:10:44.179+0000][1][safepoint    ] Application time: 0.0187057 seconds
[2022-06-13T02:10:44.180+0000][1][safepoint    ] Entering safepoint region: RevokeBias
[2022-06-13T02:10:44.180+0000][1][safepoint    ] Leaving safepoint region
[2022-06-13T02:10:44.180+0000][1][safepoint    ] Total time for which application threads were stopped: 0.0004228 seconds, Stopping threads took: 0.0002027 seconds
[2022-06-13T02:10:44.187+0000][1][safepoint    ] Application time: 0.0069275 seconds
[2022-06-13T02:10:44.187+0000][1][safepoint    ] Entering safepoint region: RevokeBias
[2022-06-13T02:10:44.188+0000][1][safepoint    ] Leaving safepoint region
[2022-06-13T02:10:44.188+0000][1][safepoint    ] Total time for which application threads were stopped: 0.0004715 seconds, Stopping threads took: 0.0002379 seconds
[2022-06-13T02:10:44.188+0000][1][safepoint    ] Application time: 0.0000540 seconds
[2022-06-13T02:10:44.188+0000][1][safepoint    ] Entering safepoint region: RevokeBias
[2022-06-13T02:10:44.188+0000][1][safepoint    ] Leaving safepoint region
[2022-06-13T02:10:44.188+0000][1][safepoint    ] Total time for which application threads were stopped: 0.0003138 seconds, Stopping threads took: 0.0001449 seconds
[2022-06-13T02:10:44.189+0000][1][safepoint    ] Application time: 0.0000644 seconds
[2022-06-13T02:10:44.189+0000][1][safepoint    ] Entering safepoint region: RevokeBias
[2022-06-13T02:10:44.189+0000][1][safepoint    ] Leaving safepoint region
[2022-06-13T02:10:44.189+0000][1][safepoint    ] Total time for which application threads were stopped: 0.0003955 seconds, Stopping threads took: 0.0001940 seconds
[2022-06-13T02:10:44.189+0000][1][safepoint    ] Application time: 0.0001430 seconds
[2022-06-13T02:10:44.190+0000][1][safepoint    ] Entering safepoint region: RevokeBias
[2022-06-13T02:10:44.191+0000][1][safepoint    ] Leaving safepoint region
[2022-06-13T02:10:44.192+0000][1][safepoint    ] Total time for which application threads were stopped: 0.0014669 seconds, Stopping threads took: 0.0002231 seconds
[2022-06-13T02:10:44.321+0000][1][safepoint    ] Application time: 0.1287784 seconds
[2022-06-13T02:10:44.329+0000][1][safepoint    ] Entering safepoint region: GenCollectForAllocation
[2022-06-13T02:10:44.329+0000][1][gc,start     ] GC(6) Pause Young (Allocation Failure)
[2022-06-13T02:10:44.330+0000][1][gc,task      ] GC(6) Using 5 workers of 13 for evacuation
[2022-06-13T02:10:44.340+0000][1][gc,age       ] GC(6) Desired survivor size 4456448 bytes, new threshold 6 (max threshold 6)
[2022-06-13T02:10:44.341+0000][1][gc,age       ] GC(6) Age table with threshold 6 (max threshold 6)
[2022-06-13T02:10:44.342+0000][1][gc,age       ] GC(6) - age   1:    1355664 bytes,    1355664 total
[2022-06-13T02:10:44.343+0000][1][gc,age       ] GC(6) - age   2:    2170080 bytes,    3525744 total
[2022-06-13T02:10:44.343+0000][1][gc,age       ] GC(6) - age   3:     577400 bytes,    4103144 total
[2022-06-13T02:10:44.343+0000][1][gc,heap      ] GC(6) ParNew: 76354K->5330K(78656K)
[2022-06-13T02:10:44.344+0000][1][gc,heap      ] GC(6) CMS: 8174K->11293K(174784K)
[2022-06-13T02:10:44.344+0000][1][gc,metaspace ] GC(6) Metaspace: 19409K->19409K(1067008K)
[2022-06-13T02:10:44.345+0000][1][gc           ] GC(6) Pause Young (Allocation Failure) 82M->16M(247M) 15.553ms
[2022-06-13T02:10:44.346+0000][1][gc,cpu       ] GC(6) User=0.04s Sys=0.00s Real=0.01s
[2022-06-13T02:10:44.346+0000][1][safepoint    ] Leaving safepoint region
[2022-06-13T02:10:44.346+0000][1][safepoint    ] Total time for which application threads were stopped: 0.0172163 seconds, Stopping threads took: 0.0002402 seconds
[2022-06-13T02:10:44.348+0000][1][safepoint    ] Application time: 0.0016890 seconds
[2022-06-13T02:10:44.348+0000][1][safepoint    ] Entering safepoint region: RevokeBias
[2022-06-13T02:10:44.349+0000][1][safepoint    ] Leaving safepoint region
[2022-06-13T02:10:44.349+0000][1][safepoint    ] Total time for which application threads were stopped: 0.0005796 seconds, Stopping threads took: 0.0002166 seconds
[2022-06-13T02:10:44.354+0000][1][safepoint    ] Application time: 0.0037232 seconds
[2022-06-13T02:10:44.355+0000][1][safepoint    ] Entering safepoint region: BulkRevokeBias
[2022-06-13T02:10:44.355+0000][1][safepoint    ] Leaving safepoint region
[2022-06-13T02:10:44.355+0000][1][safepoint    ] Total time for which application threads were stopped: 0.0005589 seconds, Stopping threads took: 0.0002869 seconds
[2022-06-13T02:10:44.355+0000][1][safepoint    ] Application time: 0.0001106 seconds
[2022-06-13T02:10:44.356+0000][1][safepoint    ] Entering safepoint region: BulkRevokeBias
[2022-06-13T02:10:44.356+0000][1][safepoint    ] Leaving safepoint region
[2022-06-13T02:10:44.356+0000][1][safepoint    ] Total time for which application threads were stopped: 0.0005974 seconds, Stopping threads took: 0.0002166 seconds
[2022-06-13T02:10:44.469+0000][1][safepoint    ] Application time: 0.1123041 seconds
[2022-06-13T02:10:44.469+0000][1][safepoint    ] Entering safepoint region: GenCollectForAllocation
[2022-06-13T02:10:44.469+0000][1][gc,start     ] GC(7) Pause Young (Allocation Failure)
[2022-06-13T02:10:44.469+0000][1][gc,task      ] GC(7) Using 5 workers of 13 for evacuation
[2022-06-13T02:10:44.471+0000][1][gc,age       ] GC(7) Desired survivor size 4456448 bytes, new threshold 6 (max threshold 6)
[2022-06-13T02:10:44.471+0000][1][gc,age       ] GC(7) Age table with threshold 6 (max threshold 6)
[2022-06-13T02:10:44.471+0000][1][gc,age       ] GC(7) - age   1:     473816 bytes,     473816 total
[2022-06-13T02:10:44.472+0000][1][gc,age       ] GC(7) - age   2:    1154376 bytes,    1628192 total
[2022-06-13T02:10:44.472+0000][1][gc,age       ] GC(7) - age   3:    2170224 bytes,    3798416 total
[2022-06-13T02:10:44.472+0000][1][gc,age       ] GC(7) - age   4:     577472 bytes,    4375888 total
[2022-06-13T02:10:44.472+0000][1][gc,heap      ] GC(7) ParNew: 75282K->6073K(78656K)
[2022-06-13T02:10:44.472+0000][1][gc,heap      ] GC(7) CMS: 11293K->11293K(174784K)
[2022-06-13T02:10:44.473+0000][1][gc,metaspace ] GC(7) Metaspace: 19661K->19661K(1067008K)
[2022-06-13T02:10:44.473+0000][1][gc           ] GC(7) Pause Young (Allocation Failure) 84M->16M(247M) 3.628ms
[2022-06-13T02:10:44.473+0000][1][gc,cpu       ] GC(7) User=0.01s Sys=0.00s Real=0.00s
[2022-06-13T02:10:44.473+0000][1][safepoint    ] Leaving safepoint region
[2022-06-13T02:10:44.473+0000][1][safepoint    ] Total time for which application threads were stopped: 0.0043378 seconds, Stopping threads took: 0.0001835 seconds
[2022-06-13T02:10:44.520+0000][1][safepoint    ] Application time: 0.0463199 seconds
[2022-06-13T02:10:44.520+0000][1][safepoint    ] Entering safepoint region: CollectForMetadataAllocation
[2022-06-13T02:10:44.520+0000][1][safepoint    ] Leaving safepoint region
[2022-06-13T02:10:44.520+0000][1][safepoint    ] Total time for which application threads were stopped: 0.0004975 seconds, Stopping threads took: 0.0001552 seconds
[2022-06-13T02:10:44.546+0000][1][safepoint    ] Application time: 0.0254239 seconds
[2022-06-13T02:10:44.553+0000][1][safepoint    ] Entering safepoint region: CollectForMetadataAllocation
[2022-06-13T02:10:44.553+0000][1][safepoint    ] Leaving safepoint region
[2022-06-13T02:10:44.553+0000][1][safepoint    ] Total time for which application threads were stopped: 0.0054663 seconds, Stopping threads took: 0.0050813 seconds
[2022-06-13T02:10:44.668+0000][1][safepoint    ] Application time: 0.1144921 seconds
[2022-06-13T02:10:44.674+0000][1][safepoint    ] Entering safepoint region: GenCollectForAllocation
[2022-06-13T02:10:44.678+0000][1][gc,start     ] GC(8) Pause Young (Allocation Failure)
[2022-06-13T02:10:44.680+0000][1][gc,task      ] GC(8) Using 5 workers of 13 for evacuation
[2022-06-13T02:10:44.702+0000][1][gc,age       ] GC(8) Desired survivor size 4456448 bytes, new threshold 4 (max threshold 6)
[2022-06-13T02:10:44.704+0000][1][gc,age       ] GC(8) Age table with threshold 4 (max threshold 6)
[2022-06-13T02:10:44.705+0000][1][gc,age       ] GC(8) - age   1:    2433016 bytes,    2433016 total
[2022-06-13T02:10:44.705+0000][1][gc,age       ] GC(8) - age   2:     440480 bytes,    2873496 total
[2022-06-13T02:10:44.706+0000][1][gc,age       ] GC(8) - age   3:    1154184 bytes,    4027680 total
[2022-06-13T02:10:44.706+0000][1][gc,age       ] GC(8) - age   4:    2167864 bytes,    6195544 total
[2022-06-13T02:10:44.706+0000][1][gc,age       ] GC(8) - age   5:     577400 bytes,    6772944 total
[2022-06-13T02:10:44.706+0000][1][gc,heap      ] GC(8) ParNew: 76025K->7289K(78656K)
[2022-06-13T02:10:44.707+0000][1][gc,heap      ] GC(8) CMS: 11293K->11293K(174784K)
[2022-06-13T02:10:44.707+0000][1][gc,metaspace ] GC(8) Metaspace: 20454K->20454K(1069056K)
[2022-06-13T02:10:44.707+0000][1][gc           ] GC(8) Pause Young (Allocation Failure) 85M->18M(247M) 28.703ms
[2022-06-13T02:10:44.707+0000][1][gc,cpu       ] GC(8) User=0.06s Sys=0.02s Real=0.03s
[2022-06-13T02:10:44.707+0000][1][safepoint    ] Leaving safepoint region
[2022-06-13T02:10:44.707+0000][1][safepoint    ] Total time for which application threads were stopped: 0.0337244 seconds, Stopping threads took: 0.0044562 seconds
[2022-06-13T02:10:44.708+0000][1][safepoint    ] Application time: 0.0006525 seconds
[2022-06-13T02:10:44.708+0000][1][safepoint    ] Entering safepoint region: CMS_Initial_Mark
[2022-06-13T02:10:44.708+0000][1][gc,start     ] GC(9) Pause Initial Mark
[2022-06-13T02:10:44.713+0000][1][gc           ] GC(9) Pause Initial Mark 19M->19M(247M) 4.721ms
[2022-06-13T02:10:44.714+0000][1][gc,cpu       ] GC(9) User=0.00s Sys=0.00s Real=0.01s
[2022-06-13T02:10:44.714+0000][1][safepoint    ] Leaving safepoint region
[2022-06-13T02:10:44.714+0000][1][safepoint    ] Total time for which application threads were stopped: 0.0056210 seconds, Stopping threads took: 0.0002052 seconds
[2022-06-13T02:10:44.719+0000][1][gc           ] GC(9) Concurrent Mark
[2022-06-13T02:10:44.727+0000][1][gc,task      ] GC(9) Using 4 workers of 4 for marking
[2022-06-13T02:10:44.742+0000][1][gc           ] GC(9) Concurrent Mark 22.806ms
[2022-06-13T02:10:44.742+0000][1][gc,cpu       ] GC(9) User=0.06s Sys=0.00s Real=0.02s
[2022-06-13T02:10:44.743+0000][1][gc           ] GC(9) Concurrent Preclean
[2022-06-13T02:10:44.743+0000][1][gc           ] GC(9) Concurrent Preclean 0.744ms
[2022-06-13T02:10:44.743+0000][1][gc,cpu       ] GC(9) User=0.01s Sys=0.00s Real=0.00s
[2022-06-13T02:10:44.744+0000][1][gc           ] GC(9) Concurrent Abortable Preclean
[2022-06-13T02:10:44.843+0000][1][safepoint    ] Application time: 0.1289707 seconds
[2022-06-13T02:10:44.844+0000][1][safepoint    ] Entering safepoint region: GenCollectForAllocation
[2022-06-13T02:10:44.846+0000][1][gc,start     ] GC(10) Pause Young (Allocation Failure)
[2022-06-13T02:10:44.846+0000][1][gc,task      ] GC(10) Using 5 workers of 13 for evacuation
[2022-06-13T02:10:44.872+0000][1][gc           ] GC(9) Concurrent Abortable Preclean 128.123ms
[2022-06-13T02:10:44.882+0000][1][gc,cpu       ] GC(9) User=0.45s Sys=0.00s Real=0.14s
[2022-06-13T02:10:44.880+0000][1][gc,age       ] GC(10) Desired survivor size 4456448 bytes, new threshold 6 (max threshold 6)
[2022-06-13T02:10:44.882+0000][1][gc,age       ] GC(10) Age table with threshold 6 (max threshold 6)
[2022-06-13T02:10:44.882+0000][1][gc,age       ] GC(10) - age   1:     713608 bytes,     713608 total
[2022-06-13T02:10:44.882+0000][1][gc,age       ] GC(10) - age   2:     521520 bytes,    1235128 total
[2022-06-13T02:10:44.883+0000][1][gc,age       ] GC(10) - age   3:     440360 bytes,    1675488 total
[2022-06-13T02:10:44.887+0000][1][gc,age       ] GC(10) - age   4:    1154184 bytes,    2829672 total
[2022-06-13T02:10:44.887+0000][1][gc,heap      ] GC(10) ParNew: 77241K->4570K(78656K)
[2022-06-13T02:10:44.887+0000][1][gc,heap      ] GC(10) CMS: 11293K->14168K(174784K)
[2022-06-13T02:10:44.887+0000][1][gc,metaspace ] GC(10) Metaspace: 20570K->20570K(1069056K)
[2022-06-13T02:10:44.888+0000][1][gc           ] GC(10) Pause Young (Allocation Failure) 86M->18M(247M) 42.064ms
[2022-06-13T02:10:44.888+0000][1][gc,cpu       ] GC(10) User=0.11s Sys=0.00s Real=0.04s
[2022-06-13T02:10:44.899+0000][1][safepoint    ] Leaving safepoint region
[2022-06-13T02:10:44.905+0000][1][safepoint    ] Total time for which application threads were stopped: 0.0614740 seconds, Stopping threads took: 0.0017510 seconds
[2022-06-13T02:10:44.917+0000][1][safepoint    ] Application time: 0.0103420 seconds
[2022-06-13T02:10:44.933+0000][1][safepoint    ] Entering safepoint region: CMS_Final_Remark
[2022-06-13T02:10:44.935+0000][1][gc,start     ] GC(9) Pause Remark
[2022-06-13T02:10:44.965+0000][1][gc           ] GC(9) Pause Remark 26M->26M(247M) 30.440ms
[2022-06-13T02:10:44.977+0000][1][gc,cpu       ] GC(9) User=0.11s Sys=0.00s Real=0.04s
[2022-06-13T02:10:44.981+0000][1][safepoint    ] Leaving safepoint region
[2022-06-13T02:10:44.982+0000][1][safepoint    ] Total time for which application threads were stopped: 0.0623963 seconds, Stopping threads took: 0.0154642 seconds
[2022-06-13T02:10:44.982+0000][1][gc           ] GC(9) Concurrent Sweep
[2022-06-13T02:10:44.986+0000][1][gc           ] GC(9) Concurrent Sweep 4.516ms
[2022-06-13T02:10:44.990+0000][1][gc,cpu       ] GC(9) User=0.02s Sys=0.00s Real=0.00s
[2022-06-13T02:10:44.990+0000][1][gc           ] GC(9) Concurrent Reset
[2022-06-13T02:10:44.990+0000][1][gc           ] GC(9) Concurrent Reset 0.668ms
[2022-06-13T02:10:44.991+0000][1][gc,cpu       ] GC(9) User=0.00s Sys=0.00s Real=0.00s
[2022-06-13T02:10:45.001+0000][1][gc,heap      ] GC(9) Old: 11293K->14142K(174784K)
[2022-06-13T02:10:45.099+0000][1][safepoint    ] Application time: 0.1177120 seconds
[2022-06-13T02:10:45.100+0000][1][safepoint    ] Entering safepoint region: GenCollectForAllocation
[2022-06-13T02:10:45.102+0000][1][gc,start     ] GC(11) Pause Young (Allocation Failure)
[2022-06-13T02:10:45.103+0000][1][gc,task      ] GC(11) Using 5 workers of 13 for evacuation
[2022-06-13T02:10:45.107+0000][1][gc,age       ] GC(11) Desired survivor size 4456448 bytes, new threshold 6 (max threshold 6)
[2022-06-13T02:10:45.111+0000][1][gc,age       ] GC(11) Age table with threshold 6 (max threshold 6)
[2022-06-13T02:10:45.112+0000][1][gc,age       ] GC(11) - age   1:    1467416 bytes,    1467416 total
[2022-06-13T02:10:45.120+0000][1][gc,age       ] GC(11) - age   2:     132088 bytes,    1599504 total
[2022-06-13T02:10:45.122+0000][1][gc,age       ] GC(11) - age   3:     521472 bytes,    2120976 total
[2022-06-13T02:10:45.123+0000][1][gc,age       ] GC(11) - age   4:     440256 bytes,    2561232 total
[2022-06-13T02:10:45.123+0000][1][gc,age       ] GC(11) - age   5:    1153896 bytes,    3715128 total
[2022-06-13T02:10:45.124+0000][1][gc,heap      ] GC(11) ParNew: 74522K->4900K(78656K)
[2022-06-13T02:10:45.124+0000][1][gc,heap      ] GC(11) CMS: 14142K->14142K(174784K)
[2022-06-13T02:10:45.124+0000][1][gc,metaspace ] GC(11) Metaspace: 20647K->20647K(1069056K)
[2022-06-13T02:10:45.129+0000][1][gc           ] GC(11) Pause Young (Allocation Failure) 86M->18M(247M) 27.161ms
[2022-06-13T02:10:45.130+0000][1][gc,cpu       ] GC(11) User=0.04s Sys=0.03s Real=0.03s
[2022-06-13T02:10:45.132+0000][1][safepoint    ] Leaving safepoint region
[2022-06-13T02:10:45.132+0000][1][safepoint    ] Total time for which application threads were stopped: 0.0326040 seconds, Stopping threads took: 0.0016450 seconds
[2022-06-13T02:10:45.598+0000][1][safepoint    ] Application time: 0.4655624 seconds
[2022-06-13T02:10:45.599+0000][1][safepoint    ] Entering safepoint region: Deoptimize
[2022-06-13T02:10:45.599+0000][1][safepoint    ] Leaving safepoint region
[2022-06-13T02:10:45.600+0000][1][safepoint    ] Total time for which application threads were stopped: 0.0011117 seconds, Stopping threads took: 0.0001584 seconds
[2022-06-13T02:10:45.696+0000][1][safepoint    ] Application time: 0.0962224 seconds
[2022-06-13T02:10:45.697+0000][1][safepoint    ] Entering safepoint region: Deoptimize
[2022-06-13T02:10:45.697+0000][1][safepoint    ] Leaving safepoint region
[2022-06-13T02:10:45.697+0000][1][safepoint    ] Total time for which application threads were stopped: 0.0008614 seconds, Stopping threads took: 0.0002189 seconds
[2022-06-13T02:10:45.711+0000][1][safepoint    ] Application time: 0.0132389 seconds
[2022-06-13T02:10:45.711+0000][1][safepoint    ] Entering safepoint region: Deoptimize
[2022-06-13T02:10:45.712+0000][1][safepoint    ] Leaving safepoint region
[2022-06-13T02:10:45.712+0000][1][safepoint    ] Total time for which application threads were stopped: 0.0009515 seconds, Stopping threads took: 0.0001966 seconds
[2022-06-13T02:10:45.717+0000][1][safepoint    ] Application time: 0.0046678 seconds
[2022-06-13T02:10:45.717+0000][1][safepoint    ] Entering safepoint region: Deoptimize
[2022-06-13T02:10:45.718+0000][1][safepoint    ] Leaving safepoint region
[2022-06-13T02:10:45.718+0000][1][safepoint    ] Total time for which application threads were stopped: 0.0008133 seconds, Stopping threads took: 0.0001404 seconds
[2022-06-13T02:10:45.753+0000][1][safepoint    ] Application time: 0.0342599 seconds
[2022-06-13T02:10:45.753+0000][1][safepoint    ] Entering safepoint region: GenCollectForAllocation
[2022-06-13T02:10:45.753+0000][1][gc,start     ] GC(12) Pause Young (Allocation Failure)
[2022-06-13T02:10:45.753+0000][1][gc,task      ] GC(12) Using 5 workers of 13 for evacuation
[2022-06-13T02:10:45.758+0000][1][gc,age       ] GC(12) Desired survivor size 4456448 bytes, new threshold 6 (max threshold 6)
[2022-06-13T02:10:45.758+0000][1][gc,age       ] GC(12) Age table with threshold 6 (max threshold 6)
[2022-06-13T02:10:45.759+0000][1][gc,age       ] GC(12) - age   1:    2299344 bytes,    2299344 total
[2022-06-13T02:10:45.759+0000][1][gc,age       ] GC(12) - age   2:     345056 bytes,    2644400 total
[2022-06-13T02:10:45.759+0000][1][gc,age       ] GC(12) - age   3:     131824 bytes,    2776224 total
[2022-06-13T02:10:45.759+0000][1][gc,age       ] GC(12) - age   4:     518400 bytes,    3294624 total
[2022-06-13T02:10:45.759+0000][1][gc,age       ] GC(12) - age   5:     437968 bytes,    3732592 total
[2022-06-13T02:10:45.759+0000][1][gc,age       ] GC(12) - age   6:    1153520 bytes,    4886112 total
[2022-06-13T02:10:45.760+0000][1][gc,heap      ] GC(12) ParNew: 74852K->6473K(78656K)
[2022-06-13T02:10:45.760+0000][1][gc,heap      ] GC(12) CMS: 14142K->14142K(174784K)
[2022-06-13T02:10:45.760+0000][1][gc,metaspace ] GC(12) Metaspace: 26185K->26185K(1073152K)
[2022-06-13T02:10:45.760+0000][1][gc           ] GC(12) Pause Young (Allocation Failure) 86M->20M(247M) 6.812ms
[2022-06-13T02:10:45.760+0000][1][gc,cpu       ] GC(12) User=0.03s Sys=0.01s Real=0.01s
[2022-06-13T02:10:45.760+0000][1][safepoint    ] Leaving safepoint region
[2022-06-13T02:10:45.761+0000][1][safepoint    ] Total time for which application threads were stopped: 0.0075219 seconds, Stopping threads took: 0.0001928 seconds
[2022-06-13T02:10:46.368+0000][1][safepoint    ] Application time: 0.6076436 seconds
[2022-06-13T02:10:46.399+0000][1][safepoint    ] Entering safepoint region: Deoptimize
[2022-06-13T02:10:46.401+0000][1][safepoint    ] Leaving safepoint region
[2022-06-13T02:10:46.401+0000][1][safepoint    ] Total time for which application threads were stopped: 0.0322104 seconds, Stopping threads took: 0.0306963 seconds
[2022-06-13T02:10:47.019+0000][1][safepoint    ] Application time: 0.6180028 seconds
[2022-06-13T02:10:47.022+0000][1][safepoint    ] Entering safepoint region: RevokeBias
[2022-06-13T02:10:47.023+0000][1][safepoint    ] Leaving safepoint region
[2022-06-13T02:10:47.023+0000][1][safepoint    ] Total time for which application threads were stopped: 0.0033309 seconds, Stopping threads took: 0.0030337 seconds
[2022-06-13T02:10:47.064+0000][1][safepoint    ] Application time: 0.0406897 seconds
[2022-06-13T02:10:47.089+0000][1][safepoint    ] Entering safepoint region: GenCollectForAllocation
[2022-06-13T02:10:47.090+0000][1][gc,start     ] GC(13) Pause Young (Allocation Failure)
[2022-06-13T02:10:47.090+0000][1][gc,task      ] GC(13) Using 5 workers of 13 for evacuation
[2022-06-13T02:10:47.117+0000][1][gc,age       ] GC(13) Desired survivor size 4456448 bytes, new threshold 1 (max threshold 6)
[2022-06-13T02:10:47.117+0000][1][gc,age       ] GC(13) Age table with threshold 1 (max threshold 6)
[2022-06-13T02:10:47.118+0000][1][gc,age       ] GC(13) - age   1:    5439736 bytes,    5439736 total
[2022-06-13T02:10:47.120+0000][1][gc,age       ] GC(13) - age   2:    2042216 bytes,    7481952 total
[2022-06-13T02:10:47.121+0000][1][gc,age       ] GC(13) - age   3:     344928 bytes,    7826880 total
[2022-06-13T02:10:47.125+0000][1][gc,age       ] GC(13) - age   4:     131824 bytes,    7958704 total
[2022-06-13T02:10:47.126+0000][1][gc,age       ] GC(13) - age   5:     518400 bytes,    8477104 total
[2022-06-13T02:10:47.126+0000][1][gc,age       ] GC(13) - age   6:     437968 bytes,    8915072 total
[2022-06-13T02:10:47.128+0000][1][gc,heap      ] GC(13) ParNew: 76425K->8704K(78656K)
[2022-06-13T02:10:47.128+0000][1][gc,heap      ] GC(13) CMS: 14142K->25522K(174784K)
[2022-06-13T02:10:47.128+0000][1][gc,metaspace ] GC(13) Metaspace: 27170K->27170K(1075200K)
[2022-06-13T02:10:47.128+0000][1][gc           ] GC(13) Pause Young (Allocation Failure) 88M->33M(247M) 38.550ms
[2022-06-13T02:10:47.128+0000][1][gc,cpu       ] GC(13) User=0.12s Sys=0.00s Real=0.04s
[2022-06-13T02:10:47.129+0000][1][safepoint    ] Leaving safepoint region
[2022-06-13T02:10:47.129+0000][1][safepoint    ] Total time for which application threads were stopped: 0.0634513 seconds, Stopping threads took: 0.0243648 seconds
[2022-06-13T02:10:47.534+0000][1][safepoint    ] Application time: 0.4055713 seconds
[2022-06-13T02:10:47.535+0000][1][safepoint    ] Entering safepoint region: GenCollectForAllocation
[2022-06-13T02:10:47.535+0000][1][gc,start     ] GC(14) Pause Young (Allocation Failure)
[2022-06-13T02:10:47.535+0000][1][gc,task      ] GC(14) Using 5 workers of 13 for evacuation
[2022-06-13T02:10:47.600+0000][1][gc,age       ] GC(14) Desired survivor size 4456448 bytes, new threshold 1 (max threshold 6)
[2022-06-13T02:10:47.603+0000][1][gc,age       ] GC(14) Age table with threshold 1 (max threshold 6)
[2022-06-13T02:10:47.604+0000][1][gc,age       ] GC(14) - age   1:    8312648 bytes,    8312648 total
[2022-06-13T02:10:47.604+0000][1][gc,heap      ] GC(14) ParNew: 78656K->8704K(78656K)
[2022-06-13T02:10:47.604+0000][1][gc,heap      ] GC(14) CMS: 25522K->39714K(174784K)
[2022-06-13T02:10:47.604+0000][1][gc,metaspace ] GC(14) Metaspace: 27203K->27203K(1075200K)
[2022-06-13T02:10:47.604+0000][1][gc           ] GC(14) Pause Young (Allocation Failure) 101M->47M(247M) 69.203ms
[2022-06-13T02:10:47.604+0000][1][gc,cpu       ] GC(14) User=0.40s Sys=0.00s Real=0.07s
[2022-06-13T02:10:47.605+0000][1][safepoint    ] Leaving safepoint region
[2022-06-13T02:10:47.605+0000][1][safepoint    ] Total time for which application threads were stopped: 0.0698876 seconds, Stopping threads took: 0.0001858 seconds
[2022-06-13T02:10:48.453+0000][1][safepoint    ] Application time: 0.8484581 seconds
[2022-06-13T02:10:48.454+0000][1][safepoint    ] Entering safepoint region: GenCollectForAllocation
[2022-06-13T02:10:48.455+0000][1][gc,start     ] GC(15) Pause Young (Allocation Failure)
[2022-06-13T02:10:48.455+0000][1][gc,task      ] GC(15) Using 5 workers of 13 for evacuation
[2022-06-13T02:10:48.469+0000][1][gc,age       ] GC(15) Desired survivor size 4456448 bytes, new threshold 1 (max threshold 6)
[2022-06-13T02:10:48.470+0000][1][gc,age       ] GC(15) Age table with threshold 1 (max threshold 6)
[2022-06-13T02:10:48.470+0000][1][gc,age       ] GC(15) - age   1:    7139040 bytes,    7139040 total
[2022-06-13T02:10:48.470+0000][1][gc,heap      ] GC(15) ParNew: 78656K->8704K(78656K)
[2022-06-13T02:10:48.470+0000][1][gc,heap      ] GC(15) CMS: 39714K->48698K(174784K)
[2022-06-13T02:10:48.470+0000][1][gc,metaspace ] GC(15) Metaspace: 31206K->31206K(1077248K)
[2022-06-13T02:10:48.470+0000][1][gc           ] GC(15) Pause Young (Allocation Failure) 115M->56M(247M) 15.574ms
[2022-06-13T02:10:48.470+0000][1][gc,cpu       ] GC(15) User=0.10s Sys=0.01s Real=0.02s
[2022-06-13T02:10:48.471+0000][1][safepoint    ] Leaving safepoint region
[2022-06-13T02:10:48.471+0000][1][safepoint    ] Total time for which application threads were stopped: 0.0165922 seconds, Stopping threads took: 0.0002442 seconds
[2022-06-13T02:10:48.653+0000][1][safepoint    ] Application time: 0.1819282 seconds
[2022-06-13T02:10:48.654+0000][1][safepoint    ] Entering safepoint region: GenCollectForAllocation
[2022-06-13T02:10:48.654+0000][1][gc,start     ] GC(16) Pause Young (Allocation Failure)
[2022-06-13T02:10:48.654+0000][1][gc,task      ] GC(16) Using 5 workers of 13 for evacuation
[2022-06-13T02:10:48.666+0000][1][gc,age       ] GC(16) Desired survivor size 4456448 bytes, new threshold 6 (max threshold 6)
[2022-06-13T02:10:48.666+0000][1][gc,age       ] GC(16) Age table with threshold 6 (max threshold 6)
[2022-06-13T02:10:48.666+0000][1][gc,age       ] GC(16) - age   1:     519360 bytes,     519360 total
[2022-06-13T02:10:48.666+0000][1][gc,heap      ] GC(16) ParNew: 78656K->7228K(78656K)
[2022-06-13T02:10:48.667+0000][1][gc,heap      ] GC(16) CMS: 48698K->55723K(174784K)
[2022-06-13T02:10:48.667+0000][1][gc,metaspace ] GC(16) Metaspace: 32997K->32997K(1079296K)
[2022-06-13T02:10:48.667+0000][1][gc           ] GC(16) Pause Young (Allocation Failure) 124M->61M(247M) 13.009ms
[2022-06-13T02:10:48.667+0000][1][gc,cpu       ] GC(16) User=0.04s Sys=0.00s Real=0.01s
[2022-06-13T02:10:48.667+0000][1][safepoint    ] Leaving safepoint region
[2022-06-13T02:10:48.668+0000][1][safepoint    ] Total time for which application threads were stopped: 0.0138661 seconds, Stopping threads took: 0.0002204 seconds
[2022-06-13T02:10:48.689+0000][1][safepoint    ] Application time: 0.0217797 seconds
[2022-06-13T02:10:48.690+0000][1][safepoint    ] Entering safepoint region: RevokeBias
[2022-06-13T02:10:48.690+0000][1][safepoint    ] Leaving safepoint region
[2022-06-13T02:10:48.690+0000][1][safepoint    ] Total time for which application threads were stopped: 0.0004254 seconds, Stopping threads took: 0.0001918 seconds
[2022-06-13T02:10:48.855+0000][1][safepoint    ] Application time: 0.1642092 seconds
[2022-06-13T02:10:48.855+0000][1][safepoint    ] Entering safepoint region: CollectForMetadataAllocation
[2022-06-13T02:10:48.855+0000][1][safepoint    ] Leaving safepoint region
[2022-06-13T02:10:48.856+0000][1][safepoint    ] Total time for which application threads were stopped: 0.0006910 seconds, Stopping threads took: 0.0003188 seconds
[2022-06-13T02:10:48.900+0000][1][safepoint    ] Application time: 0.0438379 seconds
[2022-06-13T02:10:48.900+0000][1][safepoint    ] Entering safepoint region: CollectForMetadataAllocation
[2022-06-13T02:10:48.900+0000][1][safepoint    ] Leaving safepoint region
[2022-06-13T02:10:48.900+0000][1][safepoint    ] Total time for which application threads were stopped: 0.0005102 seconds, Stopping threads took: 0.0002095 seconds
[2022-06-13T02:10:48.934+0000][1][safepoint    ] Application time: 0.0335841 seconds
[2022-06-13T02:10:48.934+0000][1][safepoint    ] Entering safepoint region: CollectForMetadataAllocation
[2022-06-13T02:10:48.935+0000][1][safepoint    ] Leaving safepoint region
[2022-06-13T02:10:48.935+0000][1][safepoint    ] Total time for which application threads were stopped: 0.0004125 seconds, Stopping threads took: 0.0001362 seconds
[2022-06-13T02:10:48.947+0000][1][safepoint    ] Application time: 0.0125165 seconds
[2022-06-13T02:10:48.948+0000][1][safepoint    ] Entering safepoint region: CollectForMetadataAllocation
[2022-06-13T02:10:48.948+0000][1][safepoint    ] Leaving safepoint region
[2022-06-13T02:10:48.948+0000][1][safepoint    ] Total time for which application threads were stopped: 0.0005332 seconds, Stopping threads took: 0.0002224 seconds
[2022-06-13T02:10:48.962+0000][1][safepoint    ] Application time: 0.0133333 seconds
[2022-06-13T02:10:48.962+0000][1][safepoint    ] Entering safepoint region: CollectForMetadataAllocation
[2022-06-13T02:10:48.962+0000][1][safepoint    ] Leaving safepoint region
[2022-06-13T02:10:48.963+0000][1][safepoint    ] Total time for which application threads were stopped: 0.0005619 seconds, Stopping threads took: 0.0002023 seconds
[2022-06-13T02:10:48.981+0000][1][safepoint    ] Application time: 0.0186927 seconds
[2022-06-13T02:10:48.982+0000][1][safepoint    ] Entering safepoint region: CollectForMetadataAllocation
[2022-06-13T02:10:48.982+0000][1][safepoint    ] Leaving safepoint region
[2022-06-13T02:10:48.982+0000][1][safepoint    ] Total time for which application threads were stopped: 0.0004841 seconds, Stopping threads took: 0.0001795 seconds
[2022-06-13T02:10:49.004+0000][1][safepoint    ] Application time: 0.0215390 seconds
[2022-06-13T02:10:49.004+0000][1][safepoint    ] Entering safepoint region: CollectForMetadataAllocation
[2022-06-13T02:10:49.005+0000][1][safepoint    ] Leaving safepoint region
[2022-06-13T02:10:49.005+0000][1][safepoint    ] Total time for which application threads were stopped: 0.0009489 seconds, Stopping threads took: 0.0006273 seconds
[2022-06-13T02:10:49.027+0000][1][safepoint    ] Application time: 0.0216227 seconds
[2022-06-13T02:10:49.027+0000][1][safepoint    ] Entering safepoint region: CollectForMetadataAllocation
[2022-06-13T02:10:49.027+0000][1][safepoint    ] Leaving safepoint region
[2022-06-13T02:10:49.028+0000][1][safepoint    ] Total time for which application threads were stopped: 0.0004223 seconds, Stopping threads took: 0.0001871 seconds
[2022-06-13T02:10:49.049+0000][1][safepoint    ] Application time: 0.0211618 seconds
[2022-06-13T02:10:49.053+0000][1][safepoint    ] Entering safepoint region: CollectForMetadataAllocation
[2022-06-13T02:10:49.054+0000][1][safepoint    ] Leaving safepoint region
[2022-06-13T02:10:49.055+0000][1][safepoint    ] Total time for which application threads were stopped: 0.0017726 seconds, Stopping threads took: 0.0014196 seconds
[2022-06-13T02:10:49.072+0000][1][safepoint    ] Application time: 0.0168108 seconds
[2022-06-13T02:10:49.074+0000][1][safepoint    ] Entering safepoint region: CollectForMetadataAllocation
[2022-06-13T02:10:49.074+0000][1][safepoint    ] Leaving safepoint region
[2022-06-13T02:10:49.074+0000][1][safepoint    ] Total time for which application threads were stopped: 0.0006450 seconds, Stopping threads took: 0.0001843 seconds
[2022-06-13T02:10:49.089+0000][1][safepoint    ] Application time: 0.0145552 seconds
[2022-06-13T02:10:49.090+0000][1][safepoint    ] Entering safepoint region: RevokeBias
[2022-06-13T02:10:49.091+0000][1][safepoint    ] Leaving safepoint region
[2022-06-13T02:10:49.092+0000][1][safepoint    ] Total time for which application threads were stopped: 0.0013363 seconds, Stopping threads took: 0.0010075 seconds
[2022-06-13T02:10:49.096+0000][1][safepoint    ] Application time: 0.0046261 seconds
[2022-06-13T02:10:49.097+0000][1][safepoint    ] Entering safepoint region: CollectForMetadataAllocation
[2022-06-13T02:10:49.097+0000][1][safepoint    ] Leaving safepoint region
[2022-06-13T02:10:49.097+0000][1][safepoint    ] Total time for which application threads were stopped: 0.0005655 seconds, Stopping threads took: 0.0002392 seconds
[2022-06-13T02:10:49.113+0000][1][safepoint    ] Application time: 0.0150696 seconds
[2022-06-13T02:10:49.114+0000][1][safepoint    ] Entering safepoint region: RevokeBias
[2022-06-13T02:10:49.114+0000][1][safepoint    ] Leaving safepoint region
[2022-06-13T02:10:49.114+0000][1][safepoint    ] Total time for which application threads were stopped: 0.0004622 seconds, Stopping threads took: 0.0001978 seconds
[2022-06-13T02:10:49.119+0000][1][safepoint    ] Application time: 0.0049069 seconds
[2022-06-13T02:10:49.121+0000][1][safepoint    ] Entering safepoint region: CollectForMetadataAllocation
[2022-06-13T02:10:49.122+0000][1][safepoint    ] Leaving safepoint region
[2022-06-13T02:10:49.122+0000][1][safepoint    ] Total time for which application threads were stopped: 0.0009224 seconds, Stopping threads took: 0.0004773 seconds
[2022-06-13T02:10:49.158+0000][1][safepoint    ] Application time: 0.0362245 seconds
[2022-06-13T02:10:49.159+0000][1][safepoint    ] Entering safepoint region: CollectForMetadataAllocation
[2022-06-13T02:10:49.159+0000][1][safepoint    ] Leaving safepoint region
[2022-06-13T02:10:49.159+0000][1][safepoint    ] Total time for which application threads were stopped: 0.0003829 seconds, Stopping threads took: 0.0001469 seconds
[2022-06-13T02:10:49.181+0000][1][safepoint    ] Application time: 0.0213701 seconds
[2022-06-13T02:10:49.182+0000][1][safepoint    ] Entering safepoint region: CollectForMetadataAllocation
[2022-06-13T02:10:49.182+0000][1][safepoint    ] Leaving safepoint region
[2022-06-13T02:10:49.182+0000][1][safepoint    ] Total time for which application threads were stopped: 0.0008480 seconds, Stopping threads took: 0.0001403 seconds
[2022-06-13T02:10:49.202+0000][1][safepoint    ] Application time: 0.0191157 seconds
[2022-06-13T02:10:49.202+0000][1][safepoint    ] Entering safepoint region: CollectForMetadataAllocation
[2022-06-13T02:10:49.202+0000][1][safepoint    ] Leaving safepoint region
[2022-06-13T02:10:49.203+0000][1][safepoint    ] Total time for which application threads were stopped: 0.0006707 seconds, Stopping threads took: 0.0001478 seconds
[2022-06-13T02:10:49.225+0000][1][safepoint    ] Application time: 0.0219323 seconds
[2022-06-13T02:10:49.225+0000][1][safepoint    ] Entering safepoint region: CollectForMetadataAllocation
[2022-06-13T02:10:49.226+0000][1][safepoint    ] Leaving safepoint region
[2022-06-13T02:10:49.226+0000][1][safepoint    ] Total time for which application threads were stopped: 0.0005061 seconds, Stopping threads took: 0.0001881 seconds
[2022-06-13T02:10:49.244+0000][1][safepoint    ] Application time: 0.0172788 seconds
[2022-06-13T02:10:49.245+0000][1][safepoint    ] Entering safepoint region: CollectForMetadataAllocation
[2022-06-13T02:10:49.245+0000][1][safepoint    ] Leaving safepoint region
[2022-06-13T02:10:49.245+0000][1][safepoint    ] Total time for which application threads were stopped: 0.0005482 seconds, Stopping threads took: 0.0002268 seconds
[2022-06-13T02:10:49.266+0000][1][safepoint    ] Application time: 0.0207551 seconds
[2022-06-13T02:10:49.267+0000][1][safepoint    ] Entering safepoint region: CollectForMetadataAllocation
[2022-06-13T02:10:49.267+0000][1][safepoint    ] Leaving safepoint region
[2022-06-13T02:10:49.267+0000][1][safepoint    ] Total time for which application threads were stopped: 0.0005338 seconds, Stopping threads took: 0.0002094 seconds
[2022-06-13T02:10:49.282+0000][1][safepoint    ] Application time: 0.0146955 seconds
[2022-06-13T02:10:49.282+0000][1][safepoint    ] Entering safepoint region: CollectForMetadataAllocation
[2022-06-13T02:10:49.282+0000][1][safepoint    ] Leaving safepoint region
[2022-06-13T02:10:49.283+0000][1][safepoint    ] Total time for which application threads were stopped: 0.0004690 seconds, Stopping threads took: 0.0001444 seconds
[2022-06-13T02:10:49.300+0000][1][safepoint    ] Application time: 0.0176408 seconds
[2022-06-13T02:10:49.301+0000][1][safepoint    ] Entering safepoint region: CollectForMetadataAllocation
[2022-06-13T02:10:49.301+0000][1][safepoint    ] Leaving safepoint region
[2022-06-13T02:10:49.301+0000][1][safepoint    ] Total time for which application threads were stopped: 0.0004721 seconds, Stopping threads took: 0.0001880 seconds
[2022-06-13T02:10:49.315+0000][1][safepoint    ] Application time: 0.0137582 seconds
[2022-06-13T02:10:49.315+0000][1][safepoint    ] Entering safepoint region: CollectForMetadataAllocation
[2022-06-13T02:10:49.316+0000][1][safepoint    ] Leaving safepoint region
[2022-06-13T02:10:49.320+0000][1][safepoint    ] Total time for which application threads were stopped: 0.0040324 seconds, Stopping threads took: 0.0001579 seconds
[2022-06-13T02:10:49.355+0000][1][safepoint    ] Application time: 0.0355306 seconds
[2022-06-13T02:10:49.356+0000][1][safepoint    ] Entering safepoint region: CollectForMetadataAllocation
[2022-06-13T02:10:49.356+0000][1][safepoint    ] Leaving safepoint region
[2022-06-13T02:10:49.356+0000][1][safepoint    ] Total time for which application threads were stopped: 0.0006592 seconds, Stopping threads took: 0.0001957 seconds
[2022-06-13T02:10:49.378+0000][1][safepoint    ] Application time: 0.0219753 seconds
[2022-06-13T02:10:49.379+0000][1][safepoint    ] Entering safepoint region: CollectForMetadataAllocation
[2022-06-13T02:10:49.379+0000][1][safepoint    ] Leaving safepoint region
[2022-06-13T02:10:49.380+0000][1][safepoint    ] Total time for which application threads were stopped: 0.0006272 seconds, Stopping threads took: 0.0002225 seconds
[2022-06-13T02:10:49.398+0000][1][safepoint    ] Application time: 0.0183059 seconds
[2022-06-13T02:10:49.398+0000][1][safepoint    ] Entering safepoint region: CollectForMetadataAllocation
[2022-06-13T02:10:49.399+0000][1][safepoint    ] Leaving safepoint region
[2022-06-13T02:10:49.399+0000][1][safepoint    ] Total time for which application threads were stopped: 0.0004240 seconds, Stopping threads took: 0.0001622 seconds
[2022-06-13T02:10:49.432+0000][1][safepoint    ] Application time: 0.0333304 seconds
[2022-06-13T02:10:49.433+0000][1][safepoint    ] Entering safepoint region: CollectForMetadataAllocation
[2022-06-13T02:10:49.433+0000][1][safepoint    ] Leaving safepoint region
[2022-06-13T02:10:49.433+0000][1][safepoint    ] Total time for which application threads were stopped: 0.0004686 seconds, Stopping threads took: 0.0001944 seconds
[2022-06-13T02:10:49.446+0000][1][safepoint    ] Application time: 0.0126300 seconds
[2022-06-13T02:10:49.446+0000][1][safepoint    ] Entering safepoint region: CollectForMetadataAllocation
[2022-06-13T02:10:49.446+0000][1][safepoint    ] Leaving safepoint region
[2022-06-13T02:10:49.446+0000][1][safepoint    ] Total time for which application threads were stopped: 0.0004008 seconds, Stopping threads took: 0.0001726 seconds
[2022-06-13T02:10:49.466+0000][1][safepoint    ] Application time: 0.0198611 seconds
[2022-06-13T02:10:49.467+0000][1][safepoint    ] Entering safepoint region: CollectForMetadataAllocation
[2022-06-13T02:10:49.467+0000][1][safepoint    ] Leaving safepoint region
[2022-06-13T02:10:49.467+0000][1][safepoint    ] Total time for which application threads were stopped: 0.0004978 seconds, Stopping threads took: 0.0002042 seconds
[2022-06-13T02:10:49.478+0000][1][safepoint    ] Application time: 0.0103789 seconds
[2022-06-13T02:10:49.478+0000][1][safepoint    ] Entering safepoint region: RevokeBias
[2022-06-13T02:10:49.478+0000][1][safepoint    ] Leaving safepoint region
[2022-06-13T02:10:49.478+0000][1][safepoint    ] Total time for which application threads were stopped: 0.0003948 seconds, Stopping threads took: 0.0001883 seconds
[2022-06-13T02:10:49.489+0000][1][safepoint    ] Application time: 0.0100016 seconds
[2022-06-13T02:10:49.489+0000][1][safepoint    ] Entering safepoint region: CollectForMetadataAllocation
[2022-06-13T02:10:49.489+0000][1][safepoint    ] Leaving safepoint region
[2022-06-13T02:10:49.489+0000][1][safepoint    ] Total time for which application threads were stopped: 0.0004988 seconds, Stopping threads took: 0.0001704 seconds
[2022-06-13T02:10:49.772+0000][1][safepoint    ] Application time: 0.2826273 seconds
[2022-06-13T02:10:49.776+0000][1][safepoint    ] Entering safepoint region: CollectForMetadataAllocation
[2022-06-13T02:10:49.778+0000][1][safepoint    ] Leaving safepoint region
[2022-06-13T02:10:49.778+0000][1][safepoint    ] Total time for which application threads were stopped: 0.0021184 seconds, Stopping threads took: 0.0016434 seconds
[2022-06-13T02:10:49.783+0000][1][safepoint    ] Application time: 0.0051388 seconds
[2022-06-13T02:10:49.784+0000][1][safepoint    ] Entering safepoint region: GenCollectForAllocation
[2022-06-13T02:10:49.784+0000][1][gc,start     ] GC(17) Pause Young (Allocation Failure)
[2022-06-13T02:10:49.784+0000][1][gc,task      ] GC(17) Using 5 workers of 13 for evacuation
[2022-06-13T02:10:49.788+0000][1][gc,age       ] GC(17) Desired survivor size 4456448 bytes, new threshold 6 (max threshold 6)
[2022-06-13T02:10:49.790+0000][1][gc,age       ] GC(17) Age table with threshold 6 (max threshold 6)
[2022-06-13T02:10:49.790+0000][1][gc,age       ] GC(17) - age   1:    3629720 bytes,    3629720 total
[2022-06-13T02:10:49.790+0000][1][gc,age       ] GC(17) - age   2:     474400 bytes,    4104120 total
[2022-06-13T02:10:49.791+0000][1][gc,heap      ] GC(17) ParNew: 77180K->4565K(78656K)
[2022-06-13T02:10:49.792+0000][1][gc,heap      ] GC(17) CMS: 55723K->55723K(174784K)
[2022-06-13T02:10:49.792+0000][1][gc,metaspace ] GC(17) Metaspace: 42119K->42119K(1087488K)
[2022-06-13T02:10:49.792+0000][1][gc           ] GC(17) Pause Young (Allocation Failure) 129M->58M(247M) 8.616ms
[2022-06-13T02:10:49.793+0000][1][gc,cpu       ] GC(17) User=0.04s Sys=0.00s Real=0.01s
[2022-06-13T02:10:49.793+0000][1][safepoint    ] Leaving safepoint region
[2022-06-13T02:10:49.793+0000][1][safepoint    ] Total time for which application threads were stopped: 0.0094086 seconds, Stopping threads took: 0.0001627 seconds
[2022-06-13T02:10:49.794+0000][1][safepoint    ] Application time: 0.0002786 seconds
[2022-06-13T02:10:49.795+0000][1][safepoint    ] Entering safepoint region: CMS_Initial_Mark
[2022-06-13T02:10:49.796+0000][1][gc,start     ] GC(18) Pause Initial Mark
[2022-06-13T02:10:49.799+0000][1][gc           ] GC(18) Pause Initial Mark 60M->60M(247M) 2.787ms
[2022-06-13T02:10:49.799+0000][1][gc,cpu       ] GC(18) User=0.02s Sys=0.00s Real=0.01s
[2022-06-13T02:10:49.800+0000][1][safepoint    ] Leaving safepoint region
[2022-06-13T02:10:49.800+0000][1][safepoint    ] Total time for which application threads were stopped: 0.0051439 seconds, Stopping threads took: 0.0017020 seconds
[2022-06-13T02:10:49.800+0000][1][gc           ] GC(18) Concurrent Mark
[2022-06-13T02:10:49.800+0000][1][gc,task      ] GC(18) Using 4 workers of 4 for marking
[2022-06-13T02:10:49.839+0000][1][gc           ] GC(18) Concurrent Mark 39.280ms
[2022-06-13T02:10:49.840+0000][1][gc,cpu       ] GC(18) User=0.25s Sys=0.01s Real=0.04s
[2022-06-13T02:10:49.840+0000][1][gc           ] GC(18) Concurrent Preclean
[2022-06-13T02:10:49.841+0000][1][gc           ] GC(18) Concurrent Preclean 1.581ms
[2022-06-13T02:10:49.842+0000][1][gc,cpu       ] GC(18) User=0.00s Sys=0.00s Real=0.00s
[2022-06-13T02:10:49.844+0000][1][safepoint    ] Application time: 0.0438137 seconds
[2022-06-13T02:10:49.848+0000][1][safepoint    ] Entering safepoint region: CMS_Final_Remark
[2022-06-13T02:10:49.848+0000][1][gc,start     ] GC(18) Pause Remark
[2022-06-13T02:10:49.873+0000][1][gc           ] GC(18) Pause Remark 60M->60M(247M) 25.111ms
[2022-06-13T02:10:49.874+0000][1][gc,cpu       ] GC(18) User=0.08s Sys=0.00s Real=0.03s
[2022-06-13T02:10:49.875+0000][1][safepoint    ] Leaving safepoint region
[2022-06-13T02:10:49.876+0000][1][safepoint    ] Total time for which application threads were stopped: 0.0317650 seconds, Stopping threads took: 0.0042973 seconds
[2022-06-13T02:10:49.876+0000][1][gc           ] GC(18) Concurrent Sweep
[2022-06-13T02:10:49.917+0000][1][gc           ] GC(18) Concurrent Sweep 40.691ms
[2022-06-13T02:10:49.923+0000][1][gc,cpu       ] GC(18) User=0.15s Sys=0.00s Real=0.05s
[2022-06-13T02:10:49.924+0000][1][gc           ] GC(18) Concurrent Reset
[2022-06-13T02:10:49.927+0000][1][gc           ] GC(18) Concurrent Reset 2.604ms
[2022-06-13T02:10:49.927+0000][1][gc,cpu       ] GC(18) User=0.00s Sys=0.00s Real=0.00s
[2022-06-13T02:10:49.929+0000][1][gc,heap      ] GC(18) Old: 55723K->55494K(174784K)
[2022-06-13T02:10:50.430+0000][1][safepoint    ] Application time: 0.5536484 seconds
[2022-06-13T02:10:50.430+0000][1][safepoint    ] Entering safepoint region: ICBufferFull
[2022-06-13T02:10:50.431+0000][1][safepoint    ] Leaving safepoint region
[2022-06-13T02:10:50.431+0000][1][safepoint    ] Total time for which application threads were stopped: 0.0013581 seconds, Stopping threads took: 0.0001414 seconds
[2022-06-13T02:10:50.525+0000][1][safepoint    ] Application time: 0.0934810 seconds
[2022-06-13T02:10:50.525+0000][1][safepoint    ] Entering safepoint region: RevokeBias
[2022-06-13T02:10:50.526+0000][1][safepoint    ] Leaving safepoint region
[2022-06-13T02:10:50.526+0000][1][safepoint    ] Total time for which application threads were stopped: 0.0005127 seconds, Stopping threads took: 0.0001831 seconds
[2022-06-13T02:10:50.529+0000][1][safepoint    ] Application time: 0.0029637 seconds
[2022-06-13T02:10:50.529+0000][1][safepoint    ] Entering safepoint region: RevokeBias
[2022-06-13T02:10:50.530+0000][1][safepoint    ] Leaving safepoint region
[2022-06-13T02:10:50.530+0000][1][safepoint    ] Total time for which application threads were stopped: 0.0004175 seconds, Stopping threads took: 0.0001895 seconds
[2022-06-13T02:10:50.665+0000][1][safepoint    ] Application time: 0.1351831 seconds
[2022-06-13T02:10:50.666+0000][1][safepoint    ] Entering safepoint region: RevokeBias
[2022-06-13T02:10:50.666+0000][1][safepoint    ] Leaving safepoint region
[2022-06-13T02:10:50.667+0000][1][safepoint    ] Total time for which application threads were stopped: 0.0012216 seconds, Stopping threads took: 0.0005280 seconds
[2022-06-13T02:10:50.667+0000][1][safepoint    ] Application time: 0.0001302 seconds
[2022-06-13T02:10:50.667+0000][1][safepoint    ] Entering safepoint region: RevokeBias
[2022-06-13T02:10:50.668+0000][1][safepoint    ] Leaving safepoint region
[2022-06-13T02:10:50.668+0000][1][safepoint    ] Total time for which application threads were stopped: 0.0006487 seconds, Stopping threads took: 0.0004442 seconds
[2022-06-13T02:10:50.669+0000][1][safepoint    ] Application time: 0.0006742 seconds
[2022-06-13T02:10:50.669+0000][1][safepoint    ] Entering safepoint region: RevokeBias
[2022-06-13T02:10:50.669+0000][1][safepoint    ] Leaving safepoint region
[2022-06-13T02:10:50.673+0000][1][safepoint    ] Total time for which application threads were stopped: 0.0040473 seconds, Stopping threads took: 0.0001114 seconds
[2022-06-13T02:10:50.673+0000][1][safepoint    ] Application time: 0.0001169 seconds
[2022-06-13T02:10:50.673+0000][1][safepoint    ] Entering safepoint region: RevokeBias
[2022-06-13T02:10:50.674+0000][1][safepoint    ] Leaving safepoint region
[2022-06-13T02:10:50.674+0000][1][safepoint    ] Total time for which application threads were stopped: 0.0004398 seconds, Stopping threads took: 0.0002375 seconds
[2022-06-13T02:10:50.736+0000][1][safepoint    ] Application time: 0.0619099 seconds
[2022-06-13T02:10:50.737+0000][1][safepoint    ] Entering safepoint region: GenCollectForAllocation
[2022-06-13T02:10:50.737+0000][1][gc,start     ] GC(19) Pause Young (Allocation Failure)
[2022-06-13T02:10:50.737+0000][1][gc,task      ] GC(19) Using 5 workers of 13 for evacuation
[2022-06-13T02:10:50.744+0000][1][gc,age       ] GC(19) Desired survivor size 4456448 bytes, new threshold 2 (max threshold 6)
[2022-06-13T02:10:50.744+0000][1][gc,age       ] GC(19) Age table with threshold 2 (max threshold 6)
[2022-06-13T02:10:50.744+0000][1][gc,age       ] GC(19) - age   1:    3182664 bytes,    3182664 total
[2022-06-13T02:10:50.744+0000][1][gc,age       ] GC(19) - age   2:    3530072 bytes,    6712736 total
[2022-06-13T02:10:50.745+0000][1][gc,age       ] GC(19) - age   3:     472400 bytes,    7185136 total
[2022-06-13T02:10:50.745+0000][1][gc,heap      ] GC(19) ParNew: 74517K->8355K(78656K)
[2022-06-13T02:10:50.745+0000][1][gc,heap      ] GC(19) CMS: 55494K->55494K(174784K)
[2022-06-13T02:10:50.745+0000][1][gc,metaspace ] GC(19) Metaspace: 46977K->46977K(1091584K)
[2022-06-13T02:10:50.745+0000][1][gc           ] GC(19) Pause Young (Allocation Failure) 126M->62M(247M) 8.014ms
[2022-06-13T02:10:50.746+0000][1][gc,cpu       ] GC(19) User=0.03s Sys=0.01s Real=0.01s
[2022-06-13T02:10:50.746+0000][1][safepoint    ] Leaving safepoint region
[2022-06-13T02:10:50.746+0000][1][safepoint    ] Total time for which application threads were stopped: 0.0091583 seconds, Stopping threads took: 0.0004668 seconds
[2022-06-13T02:10:50.748+0000][1][safepoint    ] Application time: 0.0022511 seconds
[2022-06-13T02:10:50.749+0000][1][safepoint    ] Entering safepoint region: RevokeBias
[2022-06-13T02:10:50.749+0000][1][safepoint    ] Leaving safepoint region
[2022-06-13T02:10:50.750+0000][1][safepoint    ] Total time for which application threads were stopped: 0.0011382 seconds, Stopping threads took: 0.0002989 seconds
[2022-06-13T02:10:50.751+0000][1][safepoint    ] Application time: 0.0008877 seconds
[2022-06-13T02:10:50.752+0000][1][safepoint    ] Entering safepoint region: RevokeBias
[2022-06-13T02:10:50.752+0000][1][safepoint    ] Leaving safepoint region
[2022-06-13T02:10:50.753+0000][1][safepoint    ] Total time for which application threads were stopped: 0.0011376 seconds, Stopping threads took: 0.0008832 seconds
[2022-06-13T02:10:50.753+0000][1][safepoint    ] Application time: 0.0005407 seconds
[2022-06-13T02:10:50.754+0000][1][safepoint    ] Entering safepoint region: RevokeBias
[2022-06-13T02:10:50.754+0000][1][safepoint    ] Leaving safepoint region
[2022-06-13T02:10:50.754+0000][1][safepoint    ] Total time for which application threads were stopped: 0.0004507 seconds, Stopping threads took: 0.0002109 seconds
[2022-06-13T02:10:50.754+0000][1][safepoint    ] Application time: 0.0001222 seconds
[2022-06-13T02:10:50.754+0000][1][safepoint    ] Entering safepoint region: RevokeBias
[2022-06-13T02:10:50.755+0000][1][safepoint    ] Leaving safepoint region
[2022-06-13T02:10:50.755+0000][1][safepoint    ] Total time for which application threads were stopped: 0.0010791 seconds, Stopping threads took: 0.0002227 seconds
[2022-06-13T02:10:50.756+0000][1][safepoint    ] Application time: 0.0006742 seconds
[2022-06-13T02:10:50.757+0000][1][safepoint    ] Entering safepoint region: RevokeBias
[2022-06-13T02:10:50.757+0000][1][safepoint    ] Leaving safepoint region
[2022-06-13T02:10:50.757+0000][1][safepoint    ] Total time for which application threads were stopped: 0.0003409 seconds, Stopping threads took: 0.0001562 seconds
[2022-06-13T02:10:50.757+0000][1][safepoint    ] Application time: 0.0001259 seconds
[2022-06-13T02:10:50.757+0000][1][safepoint    ] Entering safepoint region: RevokeBias
[2022-06-13T02:10:50.758+0000][1][safepoint    ] Leaving safepoint region
[2022-06-13T02:10:50.758+0000][1][safepoint    ] Total time for which application threads were stopped: 0.0003473 seconds, Stopping threads took: 0.0001463 seconds
[2022-06-13T02:10:50.758+0000][1][safepoint    ] Application time: 0.0001516 seconds
[2022-06-13T02:10:50.758+0000][1][safepoint    ] Entering safepoint region: RevokeBias
[2022-06-13T02:10:50.758+0000][1][safepoint    ] Leaving safepoint region
[2022-06-13T02:10:50.759+0000][1][safepoint    ] Total time for which application threads were stopped: 0.0004688 seconds, Stopping threads took: 0.0001709 seconds
[2022-06-13T02:10:50.770+0000][1][safepoint    ] Application time: 0.0100482 seconds
[2022-06-13T02:10:50.770+0000][1][safepoint    ] Entering safepoint region: RevokeBias
[2022-06-13T02:10:50.770+0000][1][safepoint    ] Leaving safepoint region
[2022-06-13T02:10:50.770+0000][1][safepoint    ] Total time for which application threads were stopped: 0.0003880 seconds, Stopping threads took: 0.0001711 seconds
[2022-06-13T02:10:50.775+0000][1][safepoint    ] Application time: 0.0042453 seconds
[2022-06-13T02:10:50.775+0000][1][safepoint    ] Entering safepoint region: RevokeBias
[2022-06-13T02:10:50.776+0000][1][safepoint    ] Leaving safepoint region
[2022-06-13T02:10:50.776+0000][1][safepoint    ] Total time for which application threads were stopped: 0.0011726 seconds, Stopping threads took: 0.0009412 seconds
[2022-06-13T02:10:50.777+0000][1][safepoint    ] Application time: 0.0006574 seconds
[2022-06-13T02:10:50.777+0000][1][safepoint    ] Entering safepoint region: RevokeBias
[2022-06-13T02:10:50.778+0000][1][safepoint    ] Leaving safepoint region
[2022-06-13T02:10:50.778+0000][1][safepoint    ] Total time for which application threads were stopped: 0.0004074 seconds, Stopping threads took: 0.0002040 seconds
[2022-06-13T02:10:50.778+0000][1][safepoint    ] Application time: 0.0001378 seconds
[2022-06-13T02:10:50.778+0000][1][safepoint    ] Entering safepoint region: RevokeBias
[2022-06-13T02:10:50.778+0000][1][safepoint    ] Leaving safepoint region
[2022-06-13T02:10:50.779+0000][1][safepoint    ] Total time for which application threads were stopped: 0.0003158 seconds, Stopping threads took: 0.0001298 seconds
[2022-06-13T02:10:50.779+0000][1][safepoint    ] Application time: 0.0000649 seconds
[2022-06-13T02:10:50.779+0000][1][safepoint    ] Entering safepoint region: RevokeBias
[2022-06-13T02:10:50.779+0000][1][safepoint    ] Leaving safepoint region
[2022-06-13T02:10:50.779+0000][1][safepoint    ] Total time for which application threads were stopped: 0.0003272 seconds, Stopping threads took: 0.0001314 seconds
[2022-06-13T02:10:50.779+0000][1][safepoint    ] Application time: 0.0000642 seconds
[2022-06-13T02:10:50.779+0000][1][safepoint    ] Entering safepoint region: RevokeBias
[2022-06-13T02:10:50.780+0000][1][safepoint    ] Leaving safepoint region
[2022-06-13T02:10:50.780+0000][1][safepoint    ] Total time for which application threads were stopped: 0.0002600 seconds, Stopping threads took: 0.0001209 seconds
[2022-06-13T02:10:50.780+0000][1][safepoint    ] Application time: 0.0000727 seconds
[2022-06-13T02:10:50.780+0000][1][safepoint    ] Entering safepoint region: RevokeBias
[2022-06-13T02:10:50.780+0000][1][safepoint    ] Leaving safepoint region
[2022-06-13T02:10:50.780+0000][1][safepoint    ] Total time for which application threads were stopped: 0.0003845 seconds, Stopping threads took: 0.0001640 seconds
[2022-06-13T02:10:50.781+0000][1][safepoint    ] Application time: 0.0000209 seconds
[2022-06-13T02:10:50.781+0000][1][safepoint    ] Entering safepoint region: RevokeBias
[2022-06-13T02:10:50.781+0000][1][safepoint    ] Leaving safepoint region
[2022-06-13T02:10:50.781+0000][1][safepoint    ] Total time for which application threads were stopped: 0.0002946 seconds, Stopping threads took: 0.0001348 seconds
[2022-06-13T02:10:50.781+0000][1][safepoint    ] Application time: 0.0000183 seconds
[2022-06-13T02:10:50.781+0000][1][safepoint    ] Entering safepoint region: RevokeBias
[2022-06-13T02:10:50.781+0000][1][safepoint    ] Leaving safepoint region
[2022-06-13T02:10:50.782+0000][1][safepoint    ] Total time for which application threads were stopped: 0.0002798 seconds, Stopping threads took: 0.0001205 seconds
[2022-06-13T02:10:50.782+0000][1][safepoint    ] Application time: 0.0001033 seconds
[2022-06-13T02:10:50.782+0000][1][safepoint    ] Entering safepoint region: RevokeBias
[2022-06-13T02:10:50.782+0000][1][safepoint    ] Leaving safepoint region
[2022-06-13T02:10:50.783+0000][1][safepoint    ] Total time for which application threads were stopped: 0.0010364 seconds, Stopping threads took: 0.0001854 seconds
[2022-06-13T02:10:50.786+0000][1][safepoint    ] Application time: 0.0025731 seconds
[2022-06-13T02:10:50.786+0000][1][safepoint    ] Entering safepoint region: RevokeBias
[2022-06-13T02:10:50.786+0000][1][safepoint    ] Leaving safepoint region
[2022-06-13T02:10:50.786+0000][1][safepoint    ] Total time for which application threads were stopped: 0.0003965 seconds, Stopping threads took: 0.0001513 seconds
[2022-06-13T02:10:50.787+0000][1][safepoint    ] Application time: 0.0000693 seconds
[2022-06-13T02:10:50.787+0000][1][safepoint    ] Entering safepoint region: RevokeBias
[2022-06-13T02:10:50.787+0000][1][safepoint    ] Leaving safepoint region
[2022-06-13T02:10:50.787+0000][1][safepoint    ] Total time for which application threads were stopped: 0.0003663 seconds, Stopping threads took: 0.0001564 seconds
[2022-06-13T02:10:50.787+0000][1][safepoint    ] Application time: 0.0000654 seconds
[2022-06-13T02:10:50.787+0000][1][safepoint    ] Entering safepoint region: RevokeBias
[2022-06-13T02:10:50.788+0000][1][safepoint    ] Leaving safepoint region
[2022-06-13T02:10:50.788+0000][1][safepoint    ] Total time for which application threads were stopped: 0.0002600 seconds, Stopping threads took: 0.0001165 seconds
[2022-06-13T02:10:50.788+0000][1][safepoint    ] Application time: 0.0000579 seconds
[2022-06-13T02:10:50.788+0000][1][safepoint    ] Entering safepoint region: RevokeBias
[2022-06-13T02:10:50.788+0000][1][safepoint    ] Leaving safepoint region
[2022-06-13T02:10:50.788+0000][1][safepoint    ] Total time for which application threads were stopped: 0.0002168 seconds, Stopping threads took: 0.0000935 seconds
[2022-06-13T02:10:50.788+0000][1][safepoint    ] Application time: 0.0000592 seconds
[2022-06-13T02:10:50.788+0000][1][safepoint    ] Entering safepoint region: RevokeBias
[2022-06-13T02:10:50.788+0000][1][safepoint    ] Leaving safepoint region
[2022-06-13T02:10:50.789+0000][1][safepoint    ] Total time for which application threads were stopped: 0.0002034 seconds, Stopping threads took: 0.0000848 seconds
[2022-06-13T02:10:50.789+0000][1][safepoint    ] Application time: 0.0000510 seconds
[2022-06-13T02:10:50.789+0000][1][safepoint    ] Entering safepoint region: RevokeBias
[2022-06-13T02:10:50.789+0000][1][safepoint    ] Leaving safepoint region
[2022-06-13T02:10:50.789+0000][1][safepoint    ] Total time for which application threads were stopped: 0.0001965 seconds, Stopping threads took: 0.0000844 seconds
[2022-06-13T02:10:50.789+0000][1][safepoint    ] Application time: 0.0000729 seconds
[2022-06-13T02:10:50.789+0000][1][safepoint    ] Entering safepoint region: RevokeBias
[2022-06-13T02:10:50.789+0000][1][safepoint    ] Leaving safepoint region
[2022-06-13T02:10:50.790+0000][1][safepoint    ] Total time for which application threads were stopped: 0.0002611 seconds, Stopping threads took: 0.0001192 seconds
[2022-06-13T02:10:50.790+0000][1][safepoint    ] Application time: 0.0000655 seconds
[2022-06-13T02:10:50.790+0000][1][safepoint    ] Entering safepoint region: RevokeBias
[2022-06-13T02:10:50.790+0000][1][safepoint    ] Leaving safepoint region
[2022-06-13T02:10:50.790+0000][1][safepoint    ] Total time for which application threads were stopped: 0.0002925 seconds, Stopping threads took: 0.0000956 seconds
[2022-06-13T02:10:50.790+0000][1][safepoint    ] Application time: 0.0000858 seconds
[2022-06-13T02:10:50.791+0000][1][safepoint    ] Entering safepoint region: RevokeBias
[2022-06-13T02:10:50.791+0000][1][safepoint    ] Leaving safepoint region
[2022-06-13T02:10:50.791+0000][1][safepoint    ] Total time for which application threads were stopped: 0.0003384 seconds, Stopping threads took: 0.0001617 seconds
[2022-06-13T02:10:50.791+0000][1][safepoint    ] Application time: 0.0000710 seconds
[2022-06-13T02:10:50.791+0000][1][safepoint    ] Entering safepoint region: RevokeBias
[2022-06-13T02:10:50.791+0000][1][safepoint    ] Leaving safepoint region
[2022-06-13T02:10:50.792+0000][1][safepoint    ] Total time for which application threads were stopped: 0.0002971 seconds, Stopping threads took: 0.0001376 seconds
[2022-06-13T02:10:50.792+0000][1][safepoint    ] Application time: 0.0000722 seconds
[2022-06-13T02:10:50.792+0000][1][safepoint    ] Entering safepoint region: RevokeBias
[2022-06-13T02:10:50.792+0000][1][safepoint    ] Leaving safepoint region
[2022-06-13T02:10:50.792+0000][1][safepoint    ] Total time for which application threads were stopped: 0.0002562 seconds, Stopping threads took: 0.0001166 seconds
[2022-06-13T02:10:50.792+0000][1][safepoint    ] Application time: 0.0000828 seconds
[2022-06-13T02:10:50.792+0000][1][safepoint    ] Entering safepoint region: RevokeBias
[2022-06-13T02:10:50.793+0000][1][safepoint    ] Leaving safepoint region
[2022-06-13T02:10:50.793+0000][1][safepoint    ] Total time for which application threads were stopped: 0.0002512 seconds, Stopping threads took: 0.0001076 seconds
[2022-06-13T02:10:50.793+0000][1][safepoint    ] Application time: 0.0000763 seconds
[2022-06-13T02:10:50.793+0000][1][safepoint    ] Entering safepoint region: BulkRevokeBias
[2022-06-13T02:10:50.793+0000][1][safepoint    ] Leaving safepoint region
[2022-06-13T02:10:50.793+0000][1][safepoint    ] Total time for which application threads were stopped: 0.0003688 seconds, Stopping threads took: 0.0001289 seconds
[2022-06-13T02:10:50.794+0000][1][safepoint    ] Application time: 0.0002062 seconds
[2022-06-13T02:10:50.794+0000][1][safepoint    ] Entering safepoint region: RevokeBias
[2022-06-13T02:10:50.794+0000][1][safepoint    ] Leaving safepoint region
[2022-06-13T02:10:50.794+0000][1][safepoint    ] Total time for which application threads were stopped: 0.0002592 seconds, Stopping threads took: 0.0001077 seconds
[2022-06-13T02:10:50.794+0000][1][safepoint    ] Application time: 0.0000918 seconds
[2022-06-13T02:10:50.794+0000][1][safepoint    ] Entering safepoint region: RevokeBias
[2022-06-13T02:10:50.795+0000][1][safepoint    ] Leaving safepoint region
[2022-06-13T02:10:50.795+0000][1][safepoint    ] Total time for which application threads were stopped: 0.0002693 seconds, Stopping threads took: 0.0001133 seconds
[2022-06-13T02:10:50.795+0000][1][safepoint    ] Application time: 0.0001324 seconds
[2022-06-13T02:10:50.795+0000][1][safepoint    ] Entering safepoint region: RevokeBias
[2022-06-13T02:10:50.795+0000][1][safepoint    ] Leaving safepoint region
[2022-06-13T02:10:50.795+0000][1][safepoint    ] Total time for which application threads were stopped: 0.0002770 seconds, Stopping threads took: 0.0001168 seconds
[2022-06-13T02:10:50.796+0000][1][safepoint    ] Application time: 0.0001472 seconds
[2022-06-13T02:10:50.796+0000][1][safepoint    ] Entering safepoint region: RevokeBias
[2022-06-13T02:10:50.796+0000][1][safepoint    ] Leaving safepoint region
[2022-06-13T02:10:50.796+0000][1][safepoint    ] Total time for which application threads were stopped: 0.0003408 seconds, Stopping threads took: 0.0001341 seconds
[2022-06-13T02:10:50.796+0000][1][safepoint    ] Application time: 0.0000981 seconds
[2022-06-13T02:10:50.796+0000][1][safepoint    ] Entering safepoint region: RevokeBias
[2022-06-13T02:10:50.797+0000][1][safepoint    ] Leaving safepoint region
[2022-06-13T02:10:50.797+0000][1][safepoint    ] Total time for which application threads were stopped: 0.0002566 seconds, Stopping threads took: 0.0001124 seconds
[2022-06-13T02:10:50.797+0000][1][safepoint    ] Application time: 0.0000839 seconds
[2022-06-13T02:10:50.797+0000][1][safepoint    ] Entering safepoint region: RevokeBias
[2022-06-13T02:10:50.797+0000][1][safepoint    ] Leaving safepoint region
[2022-06-13T02:10:50.797+0000][1][safepoint    ] Total time for which application threads were stopped: 0.0002651 seconds, Stopping threads took: 0.0001029 seconds
[2022-06-13T02:10:50.797+0000][1][safepoint    ] Application time: 0.0000870 seconds
[2022-06-13T02:10:50.798+0000][1][safepoint    ] Entering safepoint region: RevokeBias
[2022-06-13T02:10:50.798+0000][1][safepoint    ] Leaving safepoint region
[2022-06-13T02:10:50.798+0000][1][safepoint    ] Total time for which application threads were stopped: 0.0002480 seconds, Stopping threads took: 0.0001068 seconds
[2022-06-13T02:10:50.798+0000][1][safepoint    ] Application time: 0.0000677 seconds
[2022-06-13T02:10:50.798+0000][1][safepoint    ] Entering safepoint region: RevokeBias
[2022-06-13T02:10:50.798+0000][1][safepoint    ] Leaving safepoint region
[2022-06-13T02:10:50.799+0000][1][safepoint    ] Total time for which application threads were stopped: 0.0003907 seconds, Stopping threads took: 0.0002793 seconds
[2022-06-13T02:10:50.799+0000][1][safepoint    ] Application time: 0.0000693 seconds
[2022-06-13T02:10:50.799+0000][1][safepoint    ] Entering safepoint region: RevokeBias
[2022-06-13T02:10:50.799+0000][1][safepoint    ] Leaving safepoint region
[2022-06-13T02:10:50.799+0000][1][safepoint    ] Total time for which application threads were stopped: 0.0002337 seconds, Stopping threads took: 0.0001070 seconds
[2022-06-13T02:10:50.799+0000][1][safepoint    ] Application time: 0.0000674 seconds
[2022-06-13T02:10:50.799+0000][1][safepoint    ] Entering safepoint region: RevokeBias
[2022-06-13T02:10:50.799+0000][1][safepoint    ] Leaving safepoint region
[2022-06-13T02:10:50.800+0000][1][safepoint    ] Total time for which application threads were stopped: 0.0002085 seconds, Stopping threads took: 0.0000935 seconds
[2022-06-13T02:10:50.800+0000][1][safepoint    ] Application time: 0.0000589 seconds
[2022-06-13T02:10:50.800+0000][1][safepoint    ] Entering safepoint region: RevokeBias
[2022-06-13T02:10:50.800+0000][1][safepoint    ] Leaving safepoint region
[2022-06-13T02:10:50.800+0000][1][safepoint    ] Total time for which application threads were stopped: 0.0002190 seconds, Stopping threads took: 0.0001025 seconds
[2022-06-13T02:10:50.800+0000][1][safepoint    ] Application time: 0.0000661 seconds
[2022-06-13T02:10:50.800+0000][1][safepoint    ] Entering safepoint region: RevokeBias
[2022-06-13T02:10:50.800+0000][1][safepoint    ] Leaving safepoint region
[2022-06-13T02:10:50.800+0000][1][safepoint    ] Total time for which application threads were stopped: 0.0001843 seconds, Stopping threads took: 0.0000807 seconds
[2022-06-13T02:10:50.801+0000][1][safepoint    ] Application time: 0.0000930 seconds
[2022-06-13T02:10:50.801+0000][1][safepoint    ] Entering safepoint region: RevokeBias
[2022-06-13T02:10:50.801+0000][1][safepoint    ] Leaving safepoint region
[2022-06-13T02:10:50.801+0000][1][safepoint    ] Total time for which application threads were stopped: 0.0002968 seconds, Stopping threads took: 0.0001345 seconds
[2022-06-13T02:10:50.801+0000][1][safepoint    ] Application time: 0.0000629 seconds
[2022-06-13T02:10:50.802+0000][1][safepoint    ] Entering safepoint region: RevokeBias
[2022-06-13T02:10:50.802+0000][1][safepoint    ] Leaving safepoint region
[2022-06-13T02:10:50.802+0000][1][safepoint    ] Total time for which application threads were stopped: 0.0003347 seconds, Stopping threads took: 0.0001360 seconds
[2022-06-13T02:10:50.802+0000][1][safepoint    ] Application time: 0.0000675 seconds
[2022-06-13T02:10:50.802+0000][1][safepoint    ] Entering safepoint region: RevokeBias
[2022-06-13T02:10:50.802+0000][1][safepoint    ] Leaving safepoint region
[2022-06-13T02:10:50.803+0000][1][safepoint    ] Total time for which application threads were stopped: 0.0002931 seconds, Stopping threads took: 0.0001248 seconds
[2022-06-13T02:10:50.803+0000][1][safepoint    ] Application time: 0.0000602 seconds
[2022-06-13T02:10:50.803+0000][1][safepoint    ] Entering safepoint region: RevokeBias
[2022-06-13T02:10:50.803+0000][1][safepoint    ] Leaving safepoint region
[2022-06-13T02:10:50.803+0000][1][safepoint    ] Total time for which application threads were stopped: 0.0002396 seconds, Stopping threads took: 0.0001005 seconds
[2022-06-13T02:10:50.803+0000][1][safepoint    ] Application time: 0.0000567 seconds
[2022-06-13T02:10:50.803+0000][1][safepoint    ] Entering safepoint region: RevokeBias
[2022-06-13T02:10:50.804+0000][1][safepoint    ] Leaving safepoint region
[2022-06-13T02:10:50.804+0000][1][safepoint    ] Total time for which application threads were stopped: 0.0002075 seconds, Stopping threads took: 0.0000936 seconds
[2022-06-13T02:10:50.804+0000][1][safepoint    ] Application time: 0.0000475 seconds
[2022-06-13T02:10:50.804+0000][1][safepoint    ] Entering safepoint region: RevokeBias
[2022-06-13T02:10:50.804+0000][1][safepoint    ] Leaving safepoint region
[2022-06-13T02:10:50.804+0000][1][safepoint    ] Total time for which application threads were stopped: 0.0002345 seconds, Stopping threads took: 0.0001084 seconds
[2022-06-13T02:10:50.804+0000][1][safepoint    ] Application time: 0.0000580 seconds
[2022-06-13T02:10:50.804+0000][1][safepoint    ] Entering safepoint region: RevokeBias
[2022-06-13T02:10:50.804+0000][1][safepoint    ] Leaving safepoint region
[2022-06-13T02:10:50.805+0000][1][safepoint    ] Total time for which application threads were stopped: 0.0002145 seconds, Stopping threads took: 0.0001003 seconds
[2022-06-13T02:10:50.805+0000][1][safepoint    ] Application time: 0.0000521 seconds
[2022-06-13T02:10:50.805+0000][1][safepoint    ] Entering safepoint region: RevokeBias
[2022-06-13T02:10:50.805+0000][1][safepoint    ] Leaving safepoint region
[2022-06-13T02:10:50.805+0000][1][safepoint    ] Total time for which application threads were stopped: 0.0002189 seconds, Stopping threads took: 0.0000949 seconds
[2022-06-13T02:10:50.805+0000][1][safepoint    ] Application time: 0.0000504 seconds
[2022-06-13T02:10:50.805+0000][1][safepoint    ] Entering safepoint region: RevokeBias
[2022-06-13T02:10:50.805+0000][1][safepoint    ] Leaving safepoint region
[2022-06-13T02:10:50.806+0000][1][safepoint    ] Total time for which application threads were stopped: 0.0002903 seconds, Stopping threads took: 0.0001186 seconds
[2022-06-13T02:10:50.806+0000][1][safepoint    ] Application time: 0.0000515 seconds
[2022-06-13T02:10:50.806+0000][1][safepoint    ] Entering safepoint region: RevokeBias
[2022-06-13T02:10:50.806+0000][1][safepoint    ] Leaving safepoint region
[2022-06-13T02:10:50.806+0000][1][safepoint    ] Total time for which application threads were stopped: 0.0002673 seconds, Stopping threads took: 0.0001128 seconds
[2022-06-13T02:10:50.806+0000][1][safepoint    ] Application time: 0.0000513 seconds
[2022-06-13T02:10:50.807+0000][1][safepoint    ] Entering safepoint region: BulkRevokeBias
[2022-06-13T02:10:50.807+0000][1][safepoint    ] Leaving safepoint region
[2022-06-13T02:10:50.807+0000][1][safepoint    ] Total time for which application threads were stopped: 0.0004515 seconds, Stopping threads took: 0.0001728 seconds
[2022-06-13T02:10:50.807+0000][1][safepoint    ] Application time: 0.0003412 seconds
[2022-06-13T02:10:50.808+0000][1][safepoint    ] Entering safepoint region: RevokeBias
[2022-06-13T02:10:50.808+0000][1][safepoint    ] Leaving safepoint region
[2022-06-13T02:10:50.808+0000][1][safepoint    ] Total time for which application threads were stopped: 0.0006431 seconds, Stopping threads took: 0.0004511 seconds
[2022-06-13T02:10:50.808+0000][1][safepoint    ] Application time: 0.0001304 seconds
[2022-06-13T02:10:50.809+0000][1][safepoint    ] Entering safepoint region: RevokeBias
[2022-06-13T02:10:50.809+0000][1][safepoint    ] Leaving safepoint region
[2022-06-13T02:10:50.809+0000][1][safepoint    ] Total time for which application threads were stopped: 0.0003274 seconds, Stopping threads took: 0.0001536 seconds
[2022-06-13T02:10:50.809+0000][1][safepoint    ] Application time: 0.0001938 seconds
[2022-06-13T02:10:50.809+0000][1][safepoint    ] Entering safepoint region: RevokeBias
[2022-06-13T02:10:50.810+0000][1][safepoint    ] Leaving safepoint region
[2022-06-13T02:10:50.810+0000][1][safepoint    ] Total time for which application threads were stopped: 0.0002872 seconds, Stopping threads took: 0.0001211 seconds
[2022-06-13T02:10:50.810+0000][1][safepoint    ] Application time: 0.0000939 seconds
[2022-06-13T02:10:50.810+0000][1][safepoint    ] Entering safepoint region: RevokeBias
[2022-06-13T02:10:50.810+0000][1][safepoint    ] Leaving safepoint region
[2022-06-13T02:10:50.810+0000][1][safepoint    ] Total time for which application threads were stopped: 0.0003051 seconds, Stopping threads took: 0.0001423 seconds
[2022-06-13T02:10:50.810+0000][1][safepoint    ] Application time: 0.0000418 seconds
[2022-06-13T02:10:50.811+0000][1][safepoint    ] Entering safepoint region: RevokeBias
[2022-06-13T02:10:50.812+0000][1][safepoint    ] Leaving safepoint region
[2022-06-13T02:10:50.812+0000][1][safepoint    ] Total time for which application threads were stopped: 0.0010482 seconds, Stopping threads took: 0.0008972 seconds
[2022-06-13T02:10:50.812+0000][1][safepoint    ] Application time: 0.0000923 seconds
[2022-06-13T02:10:50.812+0000][1][safepoint    ] Entering safepoint region: RevokeBias
[2022-06-13T02:10:50.812+0000][1][safepoint    ] Leaving safepoint region
[2022-06-13T02:10:50.812+0000][1][safepoint    ] Total time for which application threads were stopped: 0.0003606 seconds, Stopping threads took: 0.0001865 seconds
[2022-06-13T02:10:50.813+0000][1][safepoint    ] Application time: 0.0003180 seconds
[2022-06-13T02:10:50.813+0000][1][safepoint    ] Entering safepoint region: RevokeBias
[2022-06-13T02:10:50.813+0000][1][safepoint    ] Leaving safepoint region
[2022-06-13T02:10:50.813+0000][1][safepoint    ] Total time for which application threads were stopped: 0.0003003 seconds, Stopping threads took: 0.0001760 seconds
[2022-06-13T02:10:50.814+0000][1][safepoint    ] Application time: 0.0001330 seconds
[2022-06-13T02:10:50.814+0000][1][safepoint    ] Entering safepoint region: RevokeBias
[2022-06-13T02:10:50.814+0000][1][safepoint    ] Leaving safepoint region
[2022-06-13T02:10:50.814+0000][1][safepoint    ] Total time for which application threads were stopped: 0.0002475 seconds, Stopping threads took: 0.0001275 seconds
[2022-06-13T02:10:50.814+0000][1][safepoint    ] Application time: 0.0001771 seconds
[2022-06-13T02:10:50.814+0000][1][safepoint    ] Entering safepoint region: RevokeBias
[2022-06-13T02:10:50.814+0000][1][safepoint    ] Leaving safepoint region
[2022-06-13T02:10:50.815+0000][1][safepoint    ] Total time for which application threads were stopped: 0.0002256 seconds, Stopping threads took: 0.0000902 seconds
[2022-06-13T02:10:50.815+0000][1][safepoint    ] Application time: 0.0003645 seconds
[2022-06-13T02:10:50.815+0000][1][safepoint    ] Entering safepoint region: RevokeBias
[2022-06-13T02:10:50.815+0000][1][safepoint    ] Leaving safepoint region
[2022-06-13T02:10:50.815+0000][1][safepoint    ] Total time for which application threads were stopped: 0.0002826 seconds, Stopping threads took: 0.0001287 seconds
[2022-06-13T02:10:50.816+0000][1][safepoint    ] Application time: 0.0001293 seconds
[2022-06-13T02:10:50.816+0000][1][safepoint    ] Entering safepoint region: RevokeBias
[2022-06-13T02:10:50.816+0000][1][safepoint    ] Leaving safepoint region
[2022-06-13T02:10:50.816+0000][1][safepoint    ] Total time for which application threads were stopped: 0.0002877 seconds, Stopping threads took: 0.0001689 seconds
[2022-06-13T02:10:50.817+0000][1][safepoint    ] Application time: 0.0004808 seconds
[2022-06-13T02:10:50.817+0000][1][safepoint    ] Entering safepoint region: RevokeBias
[2022-06-13T02:10:50.817+0000][1][safepoint    ] Leaving safepoint region
[2022-06-13T02:10:50.817+0000][1][safepoint    ] Total time for which application threads were stopped: 0.0002782 seconds, Stopping threads took: 0.0001275 seconds
[2022-06-13T02:10:50.817+0000][1][safepoint    ] Application time: 0.0001246 seconds
[2022-06-13T02:10:50.817+0000][1][safepoint    ] Entering safepoint region: RevokeBias
[2022-06-13T02:10:50.818+0000][1][safepoint    ] Leaving safepoint region
[2022-06-13T02:10:50.818+0000][1][safepoint    ] Total time for which application threads were stopped: 0.0002693 seconds, Stopping threads took: 0.0001192 seconds
[2022-06-13T02:10:50.818+0000][1][safepoint    ] Application time: 0.0001457 seconds
[2022-06-13T02:10:50.818+0000][1][safepoint    ] Entering safepoint region: RevokeBias
[2022-06-13T02:10:50.819+0000][1][safepoint    ] Leaving safepoint region
[2022-06-13T02:10:50.819+0000][1][safepoint    ] Total time for which application threads were stopped: 0.0005571 seconds, Stopping threads took: 0.0004201 seconds
[2022-06-13T02:10:50.819+0000][1][safepoint    ] Application time: 0.0001115 seconds
[2022-06-13T02:10:50.819+0000][1][safepoint    ] Entering safepoint region: RevokeBias
[2022-06-13T02:10:50.819+0000][1][safepoint    ] Leaving safepoint region
[2022-06-13T02:10:50.819+0000][1][safepoint    ] Total time for which application threads were stopped: 0.0003400 seconds, Stopping threads took: 0.0001912 seconds
[2022-06-13T02:10:50.820+0000][1][safepoint    ] Application time: 0.0002799 seconds
[2022-06-13T02:10:50.820+0000][1][safepoint    ] Entering safepoint region: RevokeBias
[2022-06-13T02:10:50.820+0000][1][safepoint    ] Leaving safepoint region
[2022-06-13T02:10:50.820+0000][1][safepoint    ] Total time for which application threads were stopped: 0.0003487 seconds, Stopping threads took: 0.0001671 seconds
[2022-06-13T02:10:50.822+0000][1][safepoint    ] Application time: 0.0010971 seconds
[2022-06-13T02:10:50.822+0000][1][safepoint    ] Entering safepoint region: RevokeBias
[2022-06-13T02:10:50.822+0000][1][safepoint    ] Leaving safepoint region
[2022-06-13T02:10:50.822+0000][1][safepoint    ] Total time for which application threads were stopped: 0.0005816 seconds, Stopping threads took: 0.0004063 seconds
[2022-06-13T02:10:50.823+0000][1][safepoint    ] Application time: 0.0001853 seconds
[2022-06-13T02:10:50.823+0000][1][safepoint    ] Entering safepoint region: RevokeBias
[2022-06-13T02:10:50.823+0000][1][safepoint    ] Leaving safepoint region
[2022-06-13T02:10:50.823+0000][1][safepoint    ] Total time for which application threads were stopped: 0.0002723 seconds, Stopping threads took: 0.0001216 seconds
[2022-06-13T02:10:50.823+0000][1][safepoint    ] Application time: 0.0001209 seconds
[2022-06-13T02:10:50.823+0000][1][safepoint    ] Entering safepoint region: RevokeBias
[2022-06-13T02:10:50.823+0000][1][safepoint    ] Leaving safepoint region
[2022-06-13T02:10:50.824+0000][1][safepoint    ] Total time for which application threads were stopped: 0.0003156 seconds, Stopping threads took: 0.0001333 seconds
[2022-06-13T02:10:50.826+0000][1][safepoint    ] Application time: 0.0020423 seconds
[2022-06-13T02:10:50.826+0000][1][safepoint    ] Entering safepoint region: RevokeBias
[2022-06-13T02:10:50.826+0000][1][safepoint    ] Leaving safepoint region
[2022-06-13T02:10:50.826+0000][1][safepoint    ] Total time for which application threads were stopped: 0.0004669 seconds, Stopping threads took: 0.0001925 seconds
[2022-06-13T02:10:50.827+0000][1][safepoint    ] Application time: 0.0001093 seconds
[2022-06-13T02:10:50.827+0000][1][safepoint    ] Entering safepoint region: RevokeBias
[2022-06-13T02:10:50.827+0000][1][safepoint    ] Leaving safepoint region
[2022-06-13T02:10:50.827+0000][1][safepoint    ] Total time for which application threads were stopped: 0.0003624 seconds, Stopping threads took: 0.0001926 seconds
[2022-06-13T02:10:50.827+0000][1][safepoint    ] Application time: 0.0002463 seconds
[2022-06-13T02:10:50.828+0000][1][safepoint    ] Entering safepoint region: RevokeBias
[2022-06-13T02:10:50.828+0000][1][safepoint    ] Leaving safepoint region
[2022-06-13T02:10:50.828+0000][1][safepoint    ] Total time for which application threads were stopped: 0.0003630 seconds, Stopping threads took: 0.0002026 seconds
[2022-06-13T02:10:51.223+0000][1][safepoint    ] Application time: 0.3952131 seconds
[2022-06-13T02:10:51.224+0000][1][safepoint    ] Entering safepoint region: GenCollectForAllocation
[2022-06-13T02:10:51.224+0000][1][gc,start     ] GC(20) Pause Young (Allocation Failure)
[2022-06-13T02:10:51.224+0000][1][gc,task      ] GC(20) Using 5 workers of 13 for evacuation
[2022-06-13T02:10:51.230+0000][1][gc,age       ] GC(20) Desired survivor size 4456448 bytes, new threshold 2 (max threshold 6)
[2022-06-13T02:10:51.231+0000][1][gc,age       ] GC(20) Age table with threshold 2 (max threshold 6)
[2022-06-13T02:10:51.231+0000][1][gc,age       ] GC(20) - age   1:    1546072 bytes,    1546072 total
[2022-06-13T02:10:51.231+0000][1][gc,age       ] GC(20) - age   2:    3130312 bytes,    4676384 total
[2022-06-13T02:10:51.231+0000][1][gc,heap      ] GC(20) ParNew: 78307K->7359K(78656K)
[2022-06-13T02:10:51.231+0000][1][gc,heap      ] GC(20) CMS: 55494K->59532K(174784K)
[2022-06-13T02:10:51.232+0000][1][gc,metaspace ] GC(20) Metaspace: 53597K->53597K(1097728K)
[2022-06-13T02:10:51.232+0000][1][gc           ] GC(20) Pause Young (Allocation Failure) 130M->65M(247M) 7.817ms
[2022-06-13T02:10:51.232+0000][1][gc,cpu       ] GC(20) User=0.03s Sys=0.00s Real=0.01s
[2022-06-13T02:10:51.232+0000][1][safepoint    ] Leaving safepoint region
[2022-06-13T02:10:51.232+0000][1][safepoint    ] Total time for which application threads were stopped: 0.0084636 seconds, Stopping threads took: 0.0001414 seconds
[2022-06-13T02:10:51.514+0000][1][safepoint    ] Application time: 0.2815360 seconds
[2022-06-13T02:10:51.514+0000][1][safepoint    ] Entering safepoint region: Deoptimize
[2022-06-13T02:10:51.515+0000][1][safepoint    ] Leaving safepoint region
[2022-06-13T02:10:51.516+0000][1][safepoint    ] Total time for which application threads were stopped: 0.0015116 seconds, Stopping threads took: 0.0001472 seconds
[2022-06-13T02:10:51.544+0000][1][safepoint    ] Application time: 0.0280615 seconds
[2022-06-13T02:10:51.544+0000][1][safepoint    ] Entering safepoint region: RevokeBias
[2022-06-13T02:10:51.544+0000][1][safepoint    ] Leaving safepoint region
[2022-06-13T02:10:51.544+0000][1][safepoint    ] Total time for which application threads were stopped: 0.0004277 seconds, Stopping threads took: 0.0002149 seconds
[2022-06-13T02:10:51.545+0000][1][safepoint    ] Application time: 0.0001216 seconds
[2022-06-13T02:10:51.545+0000][1][safepoint    ] Entering safepoint region: RevokeBias
[2022-06-13T02:10:51.545+0000][1][safepoint    ] Leaving safepoint region
[2022-06-13T02:10:51.545+0000][1][safepoint    ] Total time for which application threads were stopped: 0.0002255 seconds, Stopping threads took: 0.0001010 seconds
[2022-06-13T02:10:51.545+0000][1][safepoint    ] Application time: 0.0001399 seconds
[2022-06-13T02:10:51.545+0000][1][safepoint    ] Entering safepoint region: RevokeBias
[2022-06-13T02:10:51.546+0000][1][safepoint    ] Leaving safepoint region
[2022-06-13T02:10:51.546+0000][1][safepoint    ] Total time for which application threads were stopped: 0.0002429 seconds, Stopping threads took: 0.0001093 seconds
[2022-06-13T02:10:51.548+0000][1][safepoint    ] Application time: 0.0020780 seconds
[2022-06-13T02:10:51.548+0000][1][safepoint    ] Entering safepoint region: RevokeBias
[2022-06-13T02:10:51.548+0000][1][safepoint    ] Leaving safepoint region
[2022-06-13T02:10:51.548+0000][1][safepoint    ] Total time for which application threads were stopped: 0.0002317 seconds, Stopping threads took: 0.0001092 seconds
[2022-06-13T02:10:51.651+0000][1][safepoint    ] Application time: 0.1030513 seconds
[2022-06-13T02:10:51.652+0000][1][safepoint    ] Entering safepoint region: RevokeBias
[2022-06-13T02:10:51.653+0000][1][safepoint    ] Leaving safepoint region
[2022-06-13T02:10:51.653+0000][1][safepoint    ] Total time for which application threads were stopped: 0.0016603 seconds, Stopping threads took: 0.0002278 seconds
[2022-06-13T02:10:51.654+0000][1][safepoint    ] Application time: 0.0001591 seconds
[2022-06-13T02:10:51.654+0000][1][safepoint    ] Entering safepoint region: BulkRevokeBias
[2022-06-13T02:10:51.654+0000][1][safepoint    ] Leaving safepoint region
[2022-06-13T02:10:51.654+0000][1][safepoint    ] Total time for which application threads were stopped: 0.0004443 seconds, Stopping threads took: 0.0001892 seconds
[2022-06-13T02:10:51.681+0000][1][safepoint    ] Application time: 0.0265966 seconds
[2022-06-13T02:10:51.681+0000][1][safepoint    ] Entering safepoint region: Deoptimize
[2022-06-13T02:10:51.682+0000][1][safepoint    ] Leaving safepoint region
[2022-06-13T02:10:51.682+0000][1][safepoint    ] Total time for which application threads were stopped: 0.0009878 seconds, Stopping threads took: 0.0002742 seconds
[2022-06-13T02:10:51.688+0000][1][safepoint    ] Application time: 0.0052103 seconds
[2022-06-13T02:10:51.688+0000][1][safepoint    ] Entering safepoint region: RevokeBias
[2022-06-13T02:10:51.688+0000][1][safepoint    ] Leaving safepoint region
[2022-06-13T02:10:51.688+0000][1][safepoint    ] Total time for which application threads were stopped: 0.0004511 seconds, Stopping threads took: 0.0001459 seconds
[2022-06-13T02:10:51.882+0000][1][safepoint    ] Application time: 0.1936676 seconds
[2022-06-13T02:10:51.883+0000][1][safepoint    ] Entering safepoint region: RevokeBias
[2022-06-13T02:10:51.883+0000][1][safepoint    ] Leaving safepoint region
[2022-06-13T02:10:51.883+0000][1][safepoint    ] Total time for which application threads were stopped: 0.0007263 seconds, Stopping threads took: 0.0001591 seconds
[2022-06-13T02:10:51.884+0000][1][safepoint    ] Application time: 0.0001851 seconds
[2022-06-13T02:10:51.884+0000][1][safepoint    ] Entering safepoint region: RevokeBias
[2022-06-13T02:10:51.885+0000][1][safepoint    ] Leaving safepoint region
[2022-06-13T02:10:51.885+0000][1][safepoint    ] Total time for which application threads were stopped: 0.0003540 seconds, Stopping threads took: 0.0001707 seconds
[2022-06-13T02:10:51.885+0000][1][safepoint    ] Application time: 0.0001793 seconds
[2022-06-13T02:10:51.885+0000][1][safepoint    ] Entering safepoint region: RevokeBias
[2022-06-13T02:10:51.885+0000][1][safepoint    ] Leaving safepoint region
[2022-06-13T02:10:51.886+0000][1][safepoint    ] Total time for which application threads were stopped: 0.0003163 seconds, Stopping threads took: 0.0001530 seconds
[2022-06-13T02:10:51.886+0000][1][safepoint    ] Application time: 0.0001430 seconds
[2022-06-13T02:10:51.886+0000][1][safepoint    ] Entering safepoint region: RevokeBias
[2022-06-13T02:10:51.886+0000][1][safepoint    ] Leaving safepoint region
[2022-06-13T02:10:51.886+0000][1][safepoint    ] Total time for which application threads were stopped: 0.0002585 seconds, Stopping threads took: 0.0001272 seconds
[2022-06-13T02:10:51.982+0000][1][safepoint    ] Application time: 0.0954108 seconds
[2022-06-13T02:10:51.982+0000][1][safepoint    ] Entering safepoint region: GenCollectForAllocation
[2022-06-13T02:10:51.982+0000][1][gc,start     ] GC(21) Pause Young (Allocation Failure)
[2022-06-13T02:10:51.982+0000][1][gc,task      ] GC(21) Using 5 workers of 13 for evacuation
[2022-06-13T02:10:51.991+0000][1][gc,age       ] GC(21) Desired survivor size 4456448 bytes, new threshold 2 (max threshold 6)
[2022-06-13T02:10:51.991+0000][1][gc,age       ] GC(21) Age table with threshold 2 (max threshold 6)
[2022-06-13T02:10:51.991+0000][1][gc,age       ] GC(21) - age   1:    3753288 bytes,    3753288 total
[2022-06-13T02:10:51.991+0000][1][gc,age       ] GC(21) - age   2:    1430048 bytes,    5183336 total
[2022-06-13T02:10:51.991+0000][1][gc,heap      ] GC(21) ParNew: 77311K->6941K(78656K)
[2022-06-13T02:10:51.991+0000][1][gc,heap      ] GC(21) CMS: 59532K->62663K(174784K)
[2022-06-13T02:10:51.992+0000][1][gc,metaspace ] GC(21) Metaspace: 61423K->61423K(1105920K)
[2022-06-13T02:10:51.992+0000][1][gc           ] GC(21) Pause Young (Allocation Failure) 133M->67M(247M) 9.543ms
[2022-06-13T02:10:51.992+0000][1][gc,cpu       ] GC(21) User=0.05s Sys=0.00s Real=0.01s
[2022-06-13T02:10:51.992+0000][1][safepoint    ] Leaving safepoint region
[2022-06-13T02:10:51.992+0000][1][safepoint    ] Total time for which application threads were stopped: 0.0103317 seconds, Stopping threads took: 0.0001718 seconds
[2022-06-13T02:10:51.996+0000][1][safepoint    ] Application time: 0.0035747 seconds
[2022-06-13T02:10:51.996+0000][1][safepoint    ] Entering safepoint region: RevokeBias
[2022-06-13T02:10:51.996+0000][1][safepoint    ] Leaving safepoint region
[2022-06-13T02:10:51.997+0000][1][safepoint    ] Total time for which application threads were stopped: 0.0003163 seconds, Stopping threads took: 0.0001488 seconds
[2022-06-13T02:10:51.997+0000][1][safepoint    ] Application time: 0.0000729 seconds
[2022-06-13T02:10:51.997+0000][1][safepoint    ] Entering safepoint region: RevokeBias
[2022-06-13T02:10:51.997+0000][1][safepoint    ] Leaving safepoint region
[2022-06-13T02:10:51.997+0000][1][safepoint    ] Total time for which application threads were stopped: 0.0003028 seconds, Stopping threads took: 0.0001455 seconds
[2022-06-13T02:10:52.114+0000][1][safepoint    ] Application time: 0.1166262 seconds
[2022-06-13T02:10:52.114+0000][1][safepoint    ] Entering safepoint region: Deoptimize
[2022-06-13T02:10:52.115+0000][1][safepoint    ] Leaving safepoint region
[2022-06-13T02:10:52.115+0000][1][safepoint    ] Total time for which application threads were stopped: 0.0011297 seconds, Stopping threads took: 0.0003226 seconds
[2022-06-13T02:10:52.122+0000][1][safepoint    ] Application time: 0.0059377 seconds
[2022-06-13T02:10:52.122+0000][1][safepoint    ] Entering safepoint region: RevokeBias
[2022-06-13T02:10:52.122+0000][1][safepoint    ] Leaving safepoint region
[2022-06-13T02:10:52.122+0000][1][safepoint    ] Total time for which application threads were stopped: 0.0003136 seconds, Stopping threads took: 0.0001413 seconds
[2022-06-13T02:10:52.123+0000][1][safepoint    ] Application time: 0.0002533 seconds
[2022-06-13T02:10:52.123+0000][1][safepoint    ] Entering safepoint region: RevokeBias
[2022-06-13T02:10:52.123+0000][1][safepoint    ] Leaving safepoint region
[2022-06-13T02:10:52.123+0000][1][safepoint    ] Total time for which application threads were stopped: 0.0002413 seconds, Stopping threads took: 0.0001019 seconds
[2022-06-13T02:10:52.123+0000][1][safepoint    ] Application time: 0.0001780 seconds
[2022-06-13T02:10:52.123+0000][1][safepoint    ] Entering safepoint region: BulkRevokeBias
[2022-06-13T02:10:52.124+0000][1][safepoint    ] Leaving safepoint region
[2022-06-13T02:10:52.124+0000][1][safepoint    ] Total time for which application threads were stopped: 0.0003049 seconds, Stopping threads took: 0.0001417 seconds
[2022-06-13T02:10:52.124+0000][1][safepoint    ] Application time: 0.0005948 seconds
[2022-06-13T02:10:52.124+0000][1][safepoint    ] Entering safepoint region: RevokeBias
[2022-06-13T02:10:52.125+0000][1][safepoint    ] Leaving safepoint region
[2022-06-13T02:10:52.125+0000][1][safepoint    ] Total time for which application threads were stopped: 0.0002393 seconds, Stopping threads took: 0.0001099 seconds
[2022-06-13T02:10:52.125+0000][1][safepoint    ] Application time: 0.0003449 seconds
[2022-06-13T02:10:52.125+0000][1][safepoint    ] Entering safepoint region: RevokeBias
[2022-06-13T02:10:52.125+0000][1][safepoint    ] Leaving safepoint region
[2022-06-13T02:10:52.126+0000][1][safepoint    ] Total time for which application threads were stopped: 0.0002158 seconds, Stopping threads took: 0.0001008 seconds
[2022-06-13T02:10:52.126+0000][1][safepoint    ] Application time: 0.0000590 seconds
[2022-06-13T02:10:52.126+0000][1][safepoint    ] Entering safepoint region: RevokeBias
[2022-06-13T02:10:52.126+0000][1][safepoint    ] Leaving safepoint region
[2022-06-13T02:10:52.126+0000][1][safepoint    ] Total time for which application threads were stopped: 0.0002155 seconds, Stopping threads took: 0.0000997 seconds
[2022-06-13T02:10:52.126+0000][1][safepoint    ] Application time: 0.0001007 seconds
[2022-06-13T02:10:52.126+0000][1][safepoint    ] Entering safepoint region: RevokeBias
[2022-06-13T02:10:52.126+0000][1][safepoint    ] Leaving safepoint region
[2022-06-13T02:10:52.127+0000][1][safepoint    ] Total time for which application threads were stopped: 0.0002075 seconds, Stopping threads took: 0.0000904 seconds
[2022-06-13T02:10:52.127+0000][1][safepoint    ] Application time: 0.0001361 seconds
[2022-06-13T02:10:52.127+0000][1][safepoint    ] Entering safepoint region: RevokeBias
[2022-06-13T02:10:52.127+0000][1][safepoint    ] Leaving safepoint region
[2022-06-13T02:10:52.127+0000][1][safepoint    ] Total time for which application threads were stopped: 0.0002260 seconds, Stopping threads took: 0.0001029 seconds
[2022-06-13T02:10:52.127+0000][1][safepoint    ] Application time: 0.0001712 seconds
[2022-06-13T02:10:52.127+0000][1][safepoint    ] Entering safepoint region: RevokeBias
[2022-06-13T02:10:52.128+0000][1][safepoint    ] Leaving safepoint region
[2022-06-13T02:10:52.128+0000][1][safepoint    ] Total time for which application threads were stopped: 0.0002286 seconds, Stopping threads took: 0.0001048 seconds
[2022-06-13T02:10:52.128+0000][1][safepoint    ] Application time: 0.0001651 seconds
[2022-06-13T02:10:52.128+0000][1][safepoint    ] Entering safepoint region: RevokeBias
[2022-06-13T02:10:52.128+0000][1][safepoint    ] Leaving safepoint region
[2022-06-13T02:10:52.128+0000][1][safepoint    ] Total time for which application threads were stopped: 0.0002072 seconds, Stopping threads took: 0.0000964 seconds
[2022-06-13T02:10:52.128+0000][1][safepoint    ] Application time: 0.0000691 seconds
[2022-06-13T02:10:52.128+0000][1][safepoint    ] Entering safepoint region: RevokeBias
[2022-06-13T02:10:52.129+0000][1][safepoint    ] Leaving safepoint region
[2022-06-13T02:10:52.129+0000][1][safepoint    ] Total time for which application threads were stopped: 0.0002249 seconds, Stopping threads took: 0.0000913 seconds
[2022-06-13T02:10:52.130+0000][1][safepoint    ] Application time: 0.0009817 seconds
[2022-06-13T02:10:52.130+0000][1][safepoint    ] Entering safepoint region: RevokeBias
[2022-06-13T02:10:52.130+0000][1][safepoint    ] Leaving safepoint region
[2022-06-13T02:10:52.130+0000][1][safepoint    ] Total time for which application threads were stopped: 0.0002312 seconds, Stopping threads took: 0.0001146 seconds
[2022-06-13T02:10:52.130+0000][1][safepoint    ] Application time: 0.0000990 seconds
[2022-06-13T02:10:52.130+0000][1][safepoint    ] Entering safepoint region: RevokeBias
[2022-06-13T02:10:52.131+0000][1][safepoint    ] Leaving safepoint region
[2022-06-13T02:10:52.131+0000][1][safepoint    ] Total time for which application threads were stopped: 0.0002258 seconds, Stopping threads took: 0.0000949 seconds
[2022-06-13T02:10:52.133+0000][1][safepoint    ] Application time: 0.0018317 seconds
[2022-06-13T02:10:52.133+0000][1][safepoint    ] Entering safepoint region: Deoptimize
[2022-06-13T02:10:52.133+0000][1][safepoint    ] Leaving safepoint region
[2022-06-13T02:10:52.134+0000][1][safepoint    ] Total time for which application threads were stopped: 0.0007579 seconds, Stopping threads took: 0.0001201 seconds
[2022-06-13T02:10:52.134+0000][1][safepoint    ] Application time: 0.0004182 seconds
[2022-06-13T02:10:52.134+0000][1][safepoint    ] Entering safepoint region: RevokeBias
[2022-06-13T02:10:52.134+0000][1][safepoint    ] Leaving safepoint region
[2022-06-13T02:10:52.135+0000][1][safepoint    ] Total time for which application threads were stopped: 0.0003236 seconds, Stopping threads took: 0.0001558 seconds
[2022-06-13T02:10:52.136+0000][1][safepoint    ] Application time: 0.0008457 seconds
[2022-06-13T02:10:52.136+0000][1][safepoint    ] Entering safepoint region: RevokeBias
[2022-06-13T02:10:52.136+0000][1][safepoint    ] Leaving safepoint region
[2022-06-13T02:10:52.136+0000][1][safepoint    ] Total time for which application threads were stopped: 0.0003036 seconds, Stopping threads took: 0.0001336 seconds
[2022-06-13T02:10:52.136+0000][1][safepoint    ] Application time: 0.0001137 seconds
[2022-06-13T02:10:52.136+0000][1][safepoint    ] Entering safepoint region: RevokeBias
[2022-06-13T02:10:52.137+0000][1][safepoint    ] Leaving safepoint region
[2022-06-13T02:10:52.137+0000][1][safepoint    ] Total time for which application threads were stopped: 0.0003110 seconds, Stopping threads took: 0.0001623 seconds
[2022-06-13T02:10:52.137+0000][1][safepoint    ] Application time: 0.0001040 seconds
[2022-06-13T02:10:52.137+0000][1][safepoint    ] Entering safepoint region: RevokeBias
[2022-06-13T02:10:52.137+0000][1][safepoint    ] Leaving safepoint region
[2022-06-13T02:10:52.137+0000][1][safepoint    ] Total time for which application threads were stopped: 0.0002369 seconds, Stopping threads took: 0.0001220 seconds
[2022-06-13T02:10:52.137+0000][1][safepoint    ] Application time: 0.0001831 seconds
[2022-06-13T02:10:52.138+0000][1][safepoint    ] Entering safepoint region: RevokeBias
[2022-06-13T02:10:52.138+0000][1][safepoint    ] Leaving safepoint region
[2022-06-13T02:10:52.138+0000][1][safepoint    ] Total time for which application threads were stopped: 0.0002141 seconds, Stopping threads took: 0.0001006 seconds
[2022-06-13T02:10:52.138+0000][1][safepoint    ] Application time: 0.0001084 seconds
[2022-06-13T02:10:52.138+0000][1][safepoint    ] Entering safepoint region: RevokeBias
[2022-06-13T02:10:52.138+0000][1][safepoint    ] Leaving safepoint region
[2022-06-13T02:10:52.138+0000][1][safepoint    ] Total time for which application threads were stopped: 0.0002292 seconds, Stopping threads took: 0.0000929 seconds
[2022-06-13T02:10:52.166+0000][1][safepoint    ] Application time: 0.0273852 seconds
[2022-06-13T02:10:52.166+0000][1][safepoint    ] Entering safepoint region: RevokeBias
[2022-06-13T02:10:52.167+0000][1][safepoint    ] Leaving safepoint region
[2022-06-13T02:10:52.167+0000][1][safepoint    ] Total time for which application threads were stopped: 0.0009001 seconds, Stopping threads took: 0.0004215 seconds
[2022-06-13T02:10:52.168+0000][1][safepoint    ] Application time: 0.0001513 seconds
[2022-06-13T02:10:52.168+0000][1][safepoint    ] Entering safepoint region: RevokeBias
[2022-06-13T02:10:52.169+0000][1][safepoint    ] Leaving safepoint region
[2022-06-13T02:10:52.169+0000][1][safepoint    ] Total time for which application threads were stopped: 0.0011144 seconds, Stopping threads took: 0.0005471 seconds
[2022-06-13T02:10:52.170+0000][1][safepoint    ] Application time: 0.0003054 seconds
[2022-06-13T02:10:52.170+0000][1][safepoint    ] Entering safepoint region: RevokeBias
[2022-06-13T02:10:52.171+0000][1][safepoint    ] Leaving safepoint region
[2022-06-13T02:10:52.171+0000][1][safepoint    ] Total time for which application threads were stopped: 0.0004631 seconds, Stopping threads took: 0.0003076 seconds
[2022-06-13T02:10:52.171+0000][1][safepoint    ] Application time: 0.0004250 seconds
[2022-06-13T02:10:52.171+0000][1][safepoint    ] Entering safepoint region: RevokeBias
[2022-06-13T02:10:52.172+0000][1][safepoint    ] Leaving safepoint region
[2022-06-13T02:10:52.172+0000][1][safepoint    ] Total time for which application threads were stopped: 0.0005525 seconds, Stopping threads took: 0.0002534 seconds
[2022-06-13T02:10:52.173+0000][1][safepoint    ] Application time: 0.0004760 seconds
[2022-06-13T02:10:52.173+0000][1][safepoint    ] Entering safepoint region: RevokeBias
[2022-06-13T02:10:52.173+0000][1][safepoint    ] Leaving safepoint region
[2022-06-13T02:10:52.173+0000][1][safepoint    ] Total time for which application threads were stopped: 0.0004250 seconds, Stopping threads took: 0.0002270 seconds
[2022-06-13T02:10:52.174+0000][1][safepoint    ] Application time: 0.0007965 seconds
[2022-06-13T02:10:52.174+0000][1][safepoint    ] Entering safepoint region: RevokeBias
[2022-06-13T02:10:52.175+0000][1][safepoint    ] Leaving safepoint region
[2022-06-13T02:10:52.175+0000][1][safepoint    ] Total time for which application threads were stopped: 0.0003923 seconds, Stopping threads took: 0.0002100 seconds
[2022-06-13T02:10:52.175+0000][1][safepoint    ] Application time: 0.0003202 seconds
[2022-06-13T02:10:52.175+0000][1][safepoint    ] Entering safepoint region: RevokeBias
[2022-06-13T02:10:52.176+0000][1][safepoint    ] Leaving safepoint region
[2022-06-13T02:10:52.176+0000][1][safepoint    ] Total time for which application threads were stopped: 0.0004284 seconds, Stopping threads took: 0.0002260 seconds
[2022-06-13T02:10:52.176+0000][1][safepoint    ] Application time: 0.0003997 seconds
[2022-06-13T02:10:52.177+0000][1][safepoint    ] Entering safepoint region: RevokeBias
[2022-06-13T02:10:52.177+0000][1][safepoint    ] Leaving safepoint region
[2022-06-13T02:10:52.177+0000][1][safepoint    ] Total time for which application threads were stopped: 0.0005981 seconds, Stopping threads took: 0.0004267 seconds
[2022-06-13T02:10:52.177+0000][1][safepoint    ] Application time: 0.0001189 seconds
[2022-06-13T02:10:52.178+0000][1][safepoint    ] Entering safepoint region: RevokeBias
[2022-06-13T02:10:52.178+0000][1][safepoint    ] Leaving safepoint region
[2022-06-13T02:10:52.178+0000][1][safepoint    ] Total time for which application threads were stopped: 0.0003193 seconds, Stopping threads took: 0.0001270 seconds
[2022-06-13T02:10:52.178+0000][1][safepoint    ] Application time: 0.0004080 seconds
[2022-06-13T02:10:52.179+0000][1][safepoint    ] Entering safepoint region: RevokeBias
[2022-06-13T02:10:52.179+0000][1][safepoint    ] Leaving safepoint region
[2022-06-13T02:10:52.179+0000][1][safepoint    ] Total time for which application threads were stopped: 0.0003262 seconds, Stopping threads took: 0.0001803 seconds
[2022-06-13T02:10:52.179+0000][1][safepoint    ] Application time: 0.0000712 seconds
[2022-06-13T02:10:52.179+0000][1][safepoint    ] Entering safepoint region: RevokeBias
[2022-06-13T02:10:52.179+0000][1][safepoint    ] Leaving safepoint region
[2022-06-13T02:10:52.180+0000][1][safepoint    ] Total time for which application threads were stopped: 0.0002567 seconds, Stopping threads took: 0.0001224 seconds
[2022-06-13T02:10:52.180+0000][1][safepoint    ] Application time: 0.0001280 seconds
[2022-06-13T02:10:52.180+0000][1][safepoint    ] Entering safepoint region: RevokeBias
[2022-06-13T02:10:52.180+0000][1][safepoint    ] Leaving safepoint region
[2022-06-13T02:10:52.180+0000][1][safepoint    ] Total time for which application threads were stopped: 0.0002564 seconds, Stopping threads took: 0.0001324 seconds
[2022-06-13T02:10:52.180+0000][1][safepoint    ] Application time: 0.0001645 seconds
[2022-06-13T02:10:52.181+0000][1][safepoint    ] Entering safepoint region: RevokeBias
[2022-06-13T02:10:52.181+0000][1][safepoint    ] Leaving safepoint region
[2022-06-13T02:10:52.181+0000][1][safepoint    ] Total time for which application threads were stopped: 0.0002395 seconds, Stopping threads took: 0.0001250 seconds
[2022-06-13T02:10:52.181+0000][1][safepoint    ] Application time: 0.0000770 seconds
[2022-06-13T02:10:52.181+0000][1][safepoint    ] Entering safepoint region: RevokeBias
[2022-06-13T02:10:52.181+0000][1][safepoint    ] Leaving safepoint region
[2022-06-13T02:10:52.181+0000][1][safepoint    ] Total time for which application threads were stopped: 0.0002225 seconds, Stopping threads took: 0.0001105 seconds
[2022-06-13T02:10:52.181+0000][1][safepoint    ] Application time: 0.0000962 seconds
[2022-06-13T02:10:52.182+0000][1][safepoint    ] Entering safepoint region: RevokeBias
[2022-06-13T02:10:52.182+0000][1][safepoint    ] Leaving safepoint region
[2022-06-13T02:10:52.182+0000][1][safepoint    ] Total time for which application threads were stopped: 0.0003570 seconds, Stopping threads took: 0.0001517 seconds
[2022-06-13T02:10:52.182+0000][1][safepoint    ] Application time: 0.0004257 seconds
[2022-06-13T02:10:52.183+0000][1][safepoint    ] Entering safepoint region: RevokeBias
[2022-06-13T02:10:52.183+0000][1][safepoint    ] Leaving safepoint region
[2022-06-13T02:10:52.183+0000][1][safepoint    ] Total time for which application threads were stopped: 0.0002507 seconds, Stopping threads took: 0.0001293 seconds
[2022-06-13T02:10:52.184+0000][1][safepoint    ] Application time: 0.0013354 seconds
[2022-06-13T02:10:52.184+0000][1][safepoint    ] Entering safepoint region: RevokeBias
[2022-06-13T02:10:52.185+0000][1][safepoint    ] Leaving safepoint region
[2022-06-13T02:10:52.185+0000][1][safepoint    ] Total time for which application threads were stopped: 0.0003399 seconds, Stopping threads took: 0.0001676 seconds
[2022-06-13T02:10:52.185+0000][1][safepoint    ] Application time: 0.0001703 seconds
[2022-06-13T02:10:52.185+0000][1][safepoint    ] Entering safepoint region: RevokeBias
[2022-06-13T02:10:52.185+0000][1][safepoint    ] Leaving safepoint region
[2022-06-13T02:10:52.186+0000][1][safepoint    ] Total time for which application threads were stopped: 0.0004122 seconds, Stopping threads took: 0.0002675 seconds
[2022-06-13T02:10:52.186+0000][1][safepoint    ] Application time: 0.0001078 seconds
[2022-06-13T02:10:52.186+0000][1][safepoint    ] Entering safepoint region: RevokeBias
[2022-06-13T02:10:52.186+0000][1][safepoint    ] Leaving safepoint region
[2022-06-13T02:10:52.186+0000][1][safepoint    ] Total time for which application threads were stopped: 0.0002133 seconds, Stopping threads took: 0.0001024 seconds
[2022-06-13T02:10:52.187+0000][1][safepoint    ] Application time: 0.0007216 seconds
[2022-06-13T02:10:52.187+0000][1][safepoint    ] Entering safepoint region: RevokeBias
[2022-06-13T02:10:52.187+0000][1][safepoint    ] Leaving safepoint region
[2022-06-13T02:10:52.187+0000][1][safepoint    ] Total time for which application threads were stopped: 0.0002345 seconds, Stopping threads took: 0.0001204 seconds
[2022-06-13T02:10:52.188+0000][1][safepoint    ] Application time: 0.0001468 seconds
[2022-06-13T02:10:52.188+0000][1][safepoint    ] Entering safepoint region: RevokeBias
[2022-06-13T02:10:52.188+0000][1][safepoint    ] Leaving safepoint region
[2022-06-13T02:10:52.188+0000][1][safepoint    ] Total time for which application threads were stopped: 0.0002638 seconds, Stopping threads took: 0.0001308 seconds
[2022-06-13T02:10:52.188+0000][1][safepoint    ] Application time: 0.0001178 seconds
[2022-06-13T02:10:52.188+0000][1][safepoint    ] Entering safepoint region: RevokeBias
[2022-06-13T02:10:52.189+0000][1][safepoint    ] Leaving safepoint region
[2022-06-13T02:10:52.189+0000][1][safepoint    ] Total time for which application threads were stopped: 0.0004212 seconds, Stopping threads took: 0.0002401 seconds
[2022-06-13T02:10:52.190+0000][1][safepoint    ] Application time: 0.0005922 seconds
[2022-06-13T02:10:52.190+0000][1][safepoint    ] Entering safepoint region: RevokeBias
[2022-06-13T02:10:52.190+0000][1][safepoint    ] Leaving safepoint region
[2022-06-13T02:10:52.190+0000][1][safepoint    ] Total time for which application threads were stopped: 0.0002891 seconds, Stopping threads took: 0.0001467 seconds
[2022-06-13T02:10:52.190+0000][1][safepoint    ] Application time: 0.0000982 seconds
[2022-06-13T02:10:52.190+0000][1][safepoint    ] Entering safepoint region: RevokeBias
[2022-06-13T02:10:52.190+0000][1][safepoint    ] Leaving safepoint region
[2022-06-13T02:10:52.191+0000][1][safepoint    ] Total time for which application threads were stopped: 0.0003005 seconds, Stopping threads took: 0.0001586 seconds
[2022-06-13T02:10:52.193+0000][1][safepoint    ] Application time: 0.0025911 seconds
[2022-06-13T02:10:52.193+0000][1][safepoint    ] Entering safepoint region: RevokeBias
[2022-06-13T02:10:52.194+0000][1][safepoint    ] Leaving safepoint region
[2022-06-13T02:10:52.194+0000][1][safepoint    ] Total time for which application threads were stopped: 0.0003237 seconds, Stopping threads took: 0.0001591 seconds
[2022-06-13T02:10:52.194+0000][1][safepoint    ] Application time: 0.0001488 seconds
[2022-06-13T02:10:52.194+0000][1][safepoint    ] Entering safepoint region: RevokeBias
[2022-06-13T02:10:52.195+0000][1][safepoint    ] Leaving safepoint region
[2022-06-13T02:10:52.195+0000][1][safepoint    ] Total time for which application threads were stopped: 0.0005124 seconds, Stopping threads took: 0.0001546 seconds
[2022-06-13T02:10:52.196+0000][1][safepoint    ] Application time: 0.0016587 seconds
[2022-06-13T02:10:52.197+0000][1][safepoint    ] Entering safepoint region: RevokeBias
[2022-06-13T02:10:52.197+0000][1][safepoint    ] Leaving safepoint region
[2022-06-13T02:10:52.197+0000][1][safepoint    ] Total time for which application threads were stopped: 0.0003108 seconds, Stopping threads took: 0.0001790 seconds
[2022-06-13T02:10:52.197+0000][1][safepoint    ] Application time: 0.0004075 seconds
[2022-06-13T02:10:52.198+0000][1][safepoint    ] Entering safepoint region: RevokeBias
[2022-06-13T02:10:52.198+0000][1][safepoint    ] Leaving safepoint region
[2022-06-13T02:10:52.198+0000][1][safepoint    ] Total time for which application threads were stopped: 0.0002722 seconds, Stopping threads took: 0.0001480 seconds
[2022-06-13T02:10:52.198+0000][1][safepoint    ] Application time: 0.0000624 seconds
[2022-06-13T02:10:52.198+0000][1][safepoint    ] Entering safepoint region: RevokeBias
[2022-06-13T02:10:52.198+0000][1][safepoint    ] Leaving safepoint region
[2022-06-13T02:10:52.198+0000][1][safepoint    ] Total time for which application threads were stopped: 0.0003566 seconds, Stopping threads took: 0.0002029 seconds
[2022-06-13T02:10:52.199+0000][1][safepoint    ] Application time: 0.0000803 seconds
[2022-06-13T02:10:52.199+0000][1][safepoint    ] Entering safepoint region: RevokeBias
[2022-06-13T02:10:52.199+0000][1][safepoint    ] Leaving safepoint region
[2022-06-13T02:10:52.199+0000][1][safepoint    ] Total time for which application threads were stopped: 0.0003131 seconds, Stopping threads took: 0.0001639 seconds
[2022-06-13T02:10:52.200+0000][1][safepoint    ] Application time: 0.0006087 seconds
[2022-06-13T02:10:52.200+0000][1][safepoint    ] Entering safepoint region: RevokeBias
[2022-06-13T02:10:52.200+0000][1][safepoint    ] Leaving safepoint region
[2022-06-13T02:10:52.200+0000][1][safepoint    ] Total time for which application threads were stopped: 0.0003678 seconds, Stopping threads took: 0.0002332 seconds
[2022-06-13T02:10:52.200+0000][1][safepoint    ] Application time: 0.0000760 seconds
[2022-06-13T02:10:52.201+0000][1][safepoint    ] Entering safepoint region: RevokeBias
[2022-06-13T02:10:52.201+0000][1][safepoint    ] Leaving safepoint region
[2022-06-13T02:10:52.201+0000][1][safepoint    ] Total time for which application threads were stopped: 0.0002434 seconds, Stopping threads took: 0.0001089 seconds
[2022-06-13T02:10:52.202+0000][1][safepoint    ] Application time: 0.0013298 seconds
[2022-06-13T02:10:52.203+0000][1][safepoint    ] Entering safepoint region: RevokeBias
[2022-06-13T02:10:52.203+0000][1][safepoint    ] Leaving safepoint region
[2022-06-13T02:10:52.203+0000][1][safepoint    ] Total time for which application threads were stopped: 0.0004418 seconds, Stopping threads took: 0.0002656 seconds
[2022-06-13T02:10:52.203+0000][1][safepoint    ] Application time: 0.0000836 seconds
[2022-06-13T02:10:52.203+0000][1][safepoint    ] Entering safepoint region: RevokeBias
[2022-06-13T02:10:52.203+0000][1][safepoint    ] Leaving safepoint region
[2022-06-13T02:10:52.204+0000][1][safepoint    ] Total time for which application threads were stopped: 0.0003485 seconds, Stopping threads took: 0.0001565 seconds
[2022-06-13T02:10:52.207+0000][1][safepoint    ] Application time: 0.0028742 seconds
[2022-06-13T02:10:52.207+0000][1][safepoint    ] Entering safepoint region: RevokeBias
[2022-06-13T02:10:52.207+0000][1][safepoint    ] Leaving safepoint region
[2022-06-13T02:10:52.207+0000][1][safepoint    ] Total time for which application threads were stopped: 0.0002563 seconds, Stopping threads took: 0.0001106 seconds
[2022-06-13T02:10:52.207+0000][1][safepoint    ] Application time: 0.0001439 seconds
[2022-06-13T02:10:52.207+0000][1][safepoint    ] Entering safepoint region: RevokeBias
[2022-06-13T02:10:52.208+0000][1][safepoint    ] Leaving safepoint region
[2022-06-13T02:10:52.208+0000][1][safepoint    ] Total time for which application threads were stopped: 0.0003070 seconds, Stopping threads took: 0.0001356 seconds
[2022-06-13T02:10:52.208+0000][1][safepoint    ] Application time: 0.0001306 seconds
[2022-06-13T02:10:52.208+0000][1][safepoint    ] Entering safepoint region: RevokeBias
[2022-06-13T02:10:52.208+0000][1][safepoint    ] Leaving safepoint region
[2022-06-13T02:10:52.208+0000][1][safepoint    ] Total time for which application threads were stopped: 0.0003146 seconds, Stopping threads took: 0.0001430 seconds
[2022-06-13T02:10:52.210+0000][1][safepoint    ] Application time: 0.0019666 seconds
[2022-06-13T02:10:52.211+0000][1][safepoint    ] Entering safepoint region: RevokeBias
[2022-06-13T02:10:52.211+0000][1][safepoint    ] Leaving safepoint region
[2022-06-13T02:10:52.211+0000][1][safepoint    ] Total time for which application threads were stopped: 0.0002842 seconds, Stopping threads took: 0.0001178 seconds
[2022-06-13T02:10:52.211+0000][1][safepoint    ] Application time: 0.0001085 seconds
[2022-06-13T02:10:52.211+0000][1][safepoint    ] Entering safepoint region: RevokeBias
[2022-06-13T02:10:52.212+0000][1][safepoint    ] Leaving safepoint region
[2022-06-13T02:10:52.212+0000][1][safepoint    ] Total time for which application threads were stopped: 0.0003226 seconds, Stopping threads took: 0.0001828 seconds
[2022-06-13T02:10:52.212+0000][1][safepoint    ] Application time: 0.0001231 seconds
[2022-06-13T02:10:52.212+0000][1][safepoint    ] Entering safepoint region: RevokeBias
[2022-06-13T02:10:52.212+0000][1][safepoint    ] Leaving safepoint region
[2022-06-13T02:10:52.212+0000][1][safepoint    ] Total time for which application threads were stopped: 0.0003104 seconds, Stopping threads took: 0.0001656 seconds
[2022-06-13T02:10:52.212+0000][1][safepoint    ] Application time: 0.0001143 seconds
[2022-06-13T02:10:52.213+0000][1][safepoint    ] Entering safepoint region: RevokeBias
[2022-06-13T02:10:52.213+0000][1][safepoint    ] Leaving safepoint region
[2022-06-13T02:10:52.213+0000][1][safepoint    ] Total time for which application threads were stopped: 0.0002917 seconds, Stopping threads took: 0.0001320 seconds
[2022-06-13T02:10:52.215+0000][1][safepoint    ] Application time: 0.0016406 seconds
[2022-06-13T02:10:52.215+0000][1][safepoint    ] Entering safepoint region: RevokeBias
[2022-06-13T02:10:52.215+0000][1][safepoint    ] Leaving safepoint region
[2022-06-13T02:10:52.215+0000][1][safepoint    ] Total time for which application threads were stopped: 0.0003125 seconds, Stopping threads took: 0.0001259 seconds
[2022-06-13T02:10:52.655+0000][1][safepoint    ] Application time: 0.4400141 seconds
[2022-06-13T02:10:52.656+0000][1][safepoint    ] Entering safepoint region: RevokeBias
[2022-06-13T02:10:52.656+0000][1][safepoint    ] Leaving safepoint region
[2022-06-13T02:10:52.656+0000][1][safepoint    ] Total time for which application threads were stopped: 0.0007529 seconds, Stopping threads took: 0.0003270 seconds
[2022-06-13T02:10:52.975+0000][1][safepoint    ] Application time: 0.3187827 seconds
[2022-06-13T02:10:52.976+0000][1][safepoint    ] Entering safepoint region: RevokeBias
[2022-06-13T02:10:52.977+0000][1][safepoint    ] Leaving safepoint region
[2022-06-13T02:10:52.977+0000][1][safepoint    ] Total time for which application threads were stopped: 0.0014165 seconds, Stopping threads took: 0.0006773 seconds
[2022-06-13T02:10:52.978+0000][1][safepoint    ] Application time: 0.0003292 seconds
[2022-06-13T02:10:52.979+0000][1][safepoint    ] Entering safepoint region: RevokeBias
[2022-06-13T02:10:52.980+0000][1][safepoint    ] Leaving safepoint region
[2022-06-13T02:10:52.980+0000][1][safepoint    ] Total time for which application threads were stopped: 0.0012871 seconds, Stopping threads took: 0.0006157 seconds
[2022-06-13T02:10:52.981+0000][1][safepoint    ] Application time: 0.0002950 seconds
[2022-06-13T02:10:52.982+0000][1][safepoint    ] Entering safepoint region: RevokeBias
[2022-06-13T02:10:52.982+0000][1][safepoint    ] Leaving safepoint region
[2022-06-13T02:10:52.983+0000][1][safepoint    ] Total time for which application threads were stopped: 0.0013715 seconds, Stopping threads took: 0.0006055 seconds
[2022-06-13T02:10:52.984+0000][1][safepoint    ] Application time: 0.0002993 seconds
[2022-06-13T02:10:52.985+0000][1][safepoint    ] Entering safepoint region: RevokeBias
[2022-06-13T02:10:52.985+0000][1][safepoint    ] Leaving safepoint region
[2022-06-13T02:10:52.985+0000][1][safepoint    ] Total time for which application threads were stopped: 0.0009003 seconds, Stopping threads took: 0.0004180 seconds
[2022-06-13T02:10:52.986+0000][1][safepoint    ] Application time: 0.0001014 seconds
[2022-06-13T02:10:52.986+0000][1][safepoint    ] Entering safepoint region: RevokeBias
[2022-06-13T02:10:52.987+0000][1][safepoint    ] Leaving safepoint region
[2022-06-13T02:10:52.987+0000][1][safepoint    ] Total time for which application threads were stopped: 0.0008951 seconds, Stopping threads took: 0.0004351 seconds
[2022-06-13T02:10:52.988+0000][1][safepoint    ] Application time: 0.0001055 seconds
[2022-06-13T02:10:52.988+0000][1][safepoint    ] Entering safepoint region: RevokeBias
[2022-06-13T02:10:52.989+0000][1][safepoint    ] Leaving safepoint region
[2022-06-13T02:10:52.989+0000][1][safepoint    ] Total time for which application threads were stopped: 0.0009400 seconds, Stopping threads took: 0.0004903 seconds
[2022-06-13T02:10:52.990+0000][1][safepoint    ] Application time: 0.0002312 seconds
[2022-06-13T02:10:52.990+0000][1][safepoint    ] Entering safepoint region: RevokeBias
[2022-06-13T02:10:52.990+0000][1][safepoint    ] Leaving safepoint region
[2022-06-13T02:10:52.991+0000][1][safepoint    ] Total time for which application threads were stopped: 0.0008162 seconds, Stopping threads took: 0.0003862 seconds
[2022-06-13T02:10:52.991+0000][1][safepoint    ] Application time: 0.0001226 seconds
[2022-06-13T02:10:52.992+0000][1][safepoint    ] Entering safepoint region: RevokeBias
[2022-06-13T02:10:52.992+0000][1][safepoint    ] Leaving safepoint region
[2022-06-13T02:10:52.992+0000][1][safepoint    ] Total time for which application threads were stopped: 0.0006930 seconds, Stopping threads took: 0.0003479 seconds
[2022-06-13T02:10:53.167+0000][1][safepoint    ] Application time: 0.1740464 seconds
[2022-06-13T02:10:53.167+0000][1][safepoint    ] Entering safepoint region: RevokeBias
[2022-06-13T02:10:53.168+0000][1][safepoint    ] Leaving safepoint region
[2022-06-13T02:10:53.168+0000][1][safepoint    ] Total time for which application threads were stopped: 0.0009584 seconds, Stopping threads took: 0.0004105 seconds
[2022-06-13T02:10:55.205+0000][1][safepoint    ] Application time: 2.0363983 seconds
[2022-06-13T02:10:55.205+0000][1][safepoint    ] Entering safepoint region: RevokeBias
[2022-06-13T02:10:55.206+0000][1][safepoint    ] Leaving safepoint region
[2022-06-13T02:10:55.206+0000][1][safepoint    ] Total time for which application threads were stopped: 0.0007976 seconds, Stopping threads took: 0.0003167 seconds
[2022-06-13T02:10:55.207+0000][1][safepoint    ] Application time: 0.0002880 seconds
[2022-06-13T02:10:55.207+0000][1][safepoint    ] Entering safepoint region: RevokeBias
[2022-06-13T02:10:55.208+0000][1][safepoint    ] Leaving safepoint region
[2022-06-13T02:10:55.208+0000][1][safepoint    ] Total time for which application threads were stopped: 0.0007721 seconds, Stopping threads took: 0.0004515 seconds
[2022-06-13T02:10:55.209+0000][1][safepoint    ] Application time: 0.0005625 seconds
[2022-06-13T02:10:55.209+0000][1][safepoint    ] Entering safepoint region: RevokeBias
[2022-06-13T02:10:55.210+0000][1][safepoint    ] Leaving safepoint region
[2022-06-13T02:10:55.210+0000][1][safepoint    ] Total time for which application threads were stopped: 0.0008785 seconds, Stopping threads took: 0.0005405 seconds
[2022-06-13T02:10:56.172+0000][1][safepoint    ] Application time: 0.9618595 seconds
[2022-06-13T02:10:56.173+0000][1][safepoint    ] Entering safepoint region: RevokeBias
[2022-06-13T02:10:56.173+0000][1][safepoint    ] Leaving safepoint region
[2022-06-13T02:10:56.174+0000][1][safepoint    ] Total time for which application threads were stopped: 0.0012202 seconds, Stopping threads took: 0.0005627 seconds
[2022-06-13T02:10:56.175+0000][1][safepoint    ] Application time: 0.0006019 seconds
[2022-06-13T02:10:56.175+0000][1][safepoint    ] Entering safepoint region: RevokeBias
[2022-06-13T02:10:56.176+0000][1][safepoint    ] Leaving safepoint region
[2022-06-13T02:10:56.176+0000][1][safepoint    ] Total time for which application threads were stopped: 0.0009802 seconds, Stopping threads took: 0.0004705 seconds
[2022-06-13T02:10:56.177+0000][1][safepoint    ] Application time: 0.0003426 seconds
[2022-06-13T02:10:56.178+0000][1][safepoint    ] Entering safepoint region: RevokeBias
[2022-06-13T02:10:56.178+0000][1][safepoint    ] Leaving safepoint region
[2022-06-13T02:10:56.178+0000][1][safepoint    ] Total time for which application threads were stopped: 0.0007741 seconds, Stopping threads took: 0.0004163 seconds
[2022-06-13T02:10:56.179+0000][1][safepoint    ] Application time: 0.0002785 seconds
[2022-06-13T02:10:56.179+0000][1][safepoint    ] Entering safepoint region: RevokeBias
[2022-06-13T02:10:56.180+0000][1][safepoint    ] Leaving safepoint region
[2022-06-13T02:10:56.180+0000][1][safepoint    ] Total time for which application threads were stopped: 0.0007391 seconds, Stopping threads took: 0.0002881 seconds
[2022-06-13T02:10:56.181+0000][1][safepoint    ] Application time: 0.0002286 seconds
[2022-06-13T02:10:56.181+0000][1][safepoint    ] Entering safepoint region: RevokeBias
[2022-06-13T02:10:56.181+0000][1][safepoint    ] Leaving safepoint region
[2022-06-13T02:10:56.181+0000][1][safepoint    ] Total time for which application threads were stopped: 0.0004196 seconds, Stopping threads took: 0.0001982 seconds
[2022-06-13T02:10:56.182+0000][1][safepoint    ] Application time: 0.0001823 seconds
[2022-06-13T02:10:56.182+0000][1][safepoint    ] Entering safepoint region: RevokeBias
[2022-06-13T02:10:56.182+0000][1][safepoint    ] Leaving safepoint region
[2022-06-13T02:10:56.183+0000][1][safepoint    ] Total time for which application threads were stopped: 0.0006041 seconds, Stopping threads took: 0.0003548 seconds
[2022-06-13T02:10:56.183+0000][1][safepoint    ] Application time: 0.0002962 seconds
[2022-06-13T02:10:56.183+0000][1][safepoint    ] Entering safepoint region: RevokeBias
[2022-06-13T02:10:56.184+0000][1][safepoint    ] Leaving safepoint region
[2022-06-13T02:10:56.184+0000][1][safepoint    ] Total time for which application threads were stopped: 0.0005925 seconds, Stopping threads took: 0.0003197 seconds
[2022-06-13T02:10:57.184+0000][1][safepoint    ] Application time: 1.0003375 seconds
[2022-06-13T02:10:57.185+0000][1][safepoint    ] Entering safepoint region: Cleanup
[2022-06-13T02:10:57.185+0000][1][safepoint    ] Leaving safepoint region
[2022-06-13T02:10:57.186+0000][1][safepoint    ] Total time for which application threads were stopped: 0.0006522 seconds, Stopping threads took: 0.0003099 seconds
[2022-06-13T02:10:58.186+0000][1][safepoint    ] Application time: 1.0001913 seconds
[2022-06-13T02:10:58.187+0000][1][safepoint    ] Entering safepoint region: Cleanup
[2022-06-13T02:10:58.187+0000][1][safepoint    ] Leaving safepoint region
[2022-06-13T02:10:58.187+0000][1][safepoint    ] Total time for which application threads were stopped: 0.0008751 seconds, Stopping threads took: 0.0004109 seconds
[2022-06-13T02:10:59.171+0000][1][safepoint    ] Application time: 0.9834066 seconds
[2022-06-13T02:10:59.172+0000][1][safepoint    ] Entering safepoint region: RevokeBias
[2022-06-13T02:10:59.173+0000][1][safepoint    ] Leaving safepoint region
[2022-06-13T02:10:59.173+0000][1][safepoint    ] Total time for which application threads were stopped: 0.0011762 seconds, Stopping threads took: 0.0006342 seconds
[2022-06-13T02:10:59.174+0000][1][safepoint    ] Application time: 0.0005465 seconds
[2022-06-13T02:10:59.175+0000][1][safepoint    ] Entering safepoint region: RevokeBias
[2022-06-13T02:10:59.176+0000][1][safepoint    ] Leaving safepoint region
[2022-06-13T02:10:59.176+0000][1][safepoint    ] Total time for which application threads were stopped: 0.0013623 seconds, Stopping threads took: 0.0005890 seconds
[2022-06-13T02:11:00.173+0000][1][safepoint    ] Application time: 0.9958006 seconds
[2022-06-13T02:11:00.173+0000][1][safepoint    ] Entering safepoint region: RevokeBias
[2022-06-13T02:11:00.173+0000][1][safepoint    ] Leaving safepoint region
[2022-06-13T02:11:00.174+0000][1][safepoint    ] Total time for which application threads were stopped: 0.0008734 seconds, Stopping threads took: 0.0004121 seconds
[2022-06-13T02:11:00.175+0000][1][safepoint    ] Application time: 0.0003622 seconds
[2022-06-13T02:11:00.175+0000][1][safepoint    ] Entering safepoint region: RevokeBias
[2022-06-13T02:11:00.175+0000][1][safepoint    ] Leaving safepoint region
[2022-06-13T02:11:00.176+0000][1][safepoint    ] Total time for which application threads were stopped: 0.0009081 seconds, Stopping threads took: 0.0003866 seconds
[2022-06-13T02:11:00.177+0000][1][safepoint    ] Application time: 0.0003401 seconds
[2022-06-13T02:11:00.177+0000][1][safepoint    ] Entering safepoint region: RevokeBias
[2022-06-13T02:11:00.177+0000][1][safepoint    ] Leaving safepoint region
[2022-06-13T02:11:00.178+0000][1][safepoint    ] Total time for which application threads were stopped: 0.0009249 seconds, Stopping threads took: 0.0004714 seconds
[2022-06-13T02:11:00.179+0000][1][safepoint    ] Application time: 0.0002442 seconds
[2022-06-13T02:11:00.179+0000][1][safepoint    ] Entering safepoint region: RevokeBias
[2022-06-13T02:11:00.179+0000][1][safepoint    ] Leaving safepoint region
[2022-06-13T02:11:00.180+0000][1][safepoint    ] Total time for which application threads were stopped: 0.0008951 seconds, Stopping threads took: 0.0004977 seconds
[2022-06-13T02:11:00.180+0000][1][safepoint    ] Application time: 0.0002391 seconds
[2022-06-13T02:11:00.181+0000][1][safepoint    ] Entering safepoint region: RevokeBias
[2022-06-13T02:11:00.181+0000][1][safepoint    ] Leaving safepoint region
[2022-06-13T02:11:00.181+0000][1][safepoint    ] Total time for which application threads were stopped: 0.0006640 seconds, Stopping threads took: 0.0002584 seconds
[2022-06-13T02:11:00.182+0000][1][safepoint    ] Application time: 0.0001883 seconds
[2022-06-13T02:11:00.182+0000][1][safepoint    ] Entering safepoint region: RevokeBias
[2022-06-13T02:11:00.183+0000][1][safepoint    ] Leaving safepoint region
[2022-06-13T02:11:00.183+0000][1][safepoint    ] Total time for which application threads were stopped: 0.0008433 seconds, Stopping threads took: 0.0004582 seconds
[2022-06-13T02:11:00.184+0000][1][safepoint    ] Application time: 0.0003064 seconds
[2022-06-13T02:11:00.184+0000][1][safepoint    ] Entering safepoint region: RevokeBias
[2022-06-13T02:11:00.184+0000][1][safepoint    ] Leaving safepoint region
[2022-06-13T02:11:00.185+0000][1][safepoint    ] Total time for which application threads were stopped: 0.0006930 seconds, Stopping threads took: 0.0003646 seconds
[2022-06-13T02:11:00.574+0000][1][safepoint    ] Application time: 0.3895695 seconds
[2022-06-13T02:11:00.575+0000][1][safepoint    ] Entering safepoint region: RevokeBias
[2022-06-13T02:11:00.575+0000][1][safepoint    ] Leaving safepoint region
[2022-06-13T02:11:00.576+0000][1][safepoint    ] Total time for which application threads were stopped: 0.0008102 seconds, Stopping threads took: 0.0003779 seconds
[2022-06-13T02:11:00.576+0000][1][safepoint    ] Application time: 0.0001858 seconds
[2022-06-13T02:11:00.577+0000][1][safepoint    ] Entering safepoint region: RevokeBias
[2022-06-13T02:11:00.577+0000][1][safepoint    ] Leaving safepoint region
[2022-06-13T02:11:00.578+0000][1][safepoint    ] Total time for which application threads were stopped: 0.0010493 seconds, Stopping threads took: 0.0005307 seconds
[2022-06-13T02:11:01.578+0000][1][safepoint    ] Application time: 1.0002608 seconds
[2022-06-13T02:11:01.579+0000][1][safepoint    ] Entering safepoint region: Cleanup
[2022-06-13T02:11:01.580+0000][1][safepoint    ] Leaving safepoint region
[2022-06-13T02:11:01.580+0000][1][safepoint    ] Total time for which application threads were stopped: 0.0008858 seconds, Stopping threads took: 0.0003750 seconds
[2022-06-13T02:11:02.581+0000][1][safepoint    ] Application time: 1.0002190 seconds
[2022-06-13T02:11:02.581+0000][1][safepoint    ] Entering safepoint region: Cleanup
[2022-06-13T02:11:02.582+0000][1][safepoint    ] Leaving safepoint region
[2022-06-13T02:11:02.582+0000][1][safepoint    ] Total time for which application threads were stopped: 0.0006297 seconds, Stopping threads took: 0.0003503 seconds
[2022-06-13T02:11:03.173+0000][1][safepoint    ] Application time: 0.5907535 seconds
[2022-06-13T02:11:03.173+0000][1][safepoint    ] Entering safepoint region: RevokeBias
[2022-06-13T02:11:03.174+0000][1][safepoint    ] Leaving safepoint region
[2022-06-13T02:11:03.175+0000][1][safepoint    ] Total time for which application threads were stopped: 0.0013278 seconds, Stopping threads took: 0.0006886 seconds
[2022-06-13T02:11:03.175+0000][1][safepoint    ] Application time: 0.0004870 seconds
[2022-06-13T02:11:03.176+0000][1][safepoint    ] Entering safepoint region: RevokeBias
[2022-06-13T02:11:03.176+0000][1][safepoint    ] Leaving safepoint region
[2022-06-13T02:11:03.177+0000][1][safepoint    ] Total time for which application threads were stopped: 0.0007511 seconds, Stopping threads took: 0.0003353 seconds
[2022-06-13T02:11:03.177+0000][1][safepoint    ] Application time: 0.0002444 seconds
[2022-06-13T02:11:03.178+0000][1][safepoint    ] Entering safepoint region: RevokeBias
[2022-06-13T02:11:03.178+0000][1][safepoint    ] Leaving safepoint region
[2022-06-13T02:11:03.178+0000][1][safepoint    ] Total time for which application threads were stopped: 0.0005741 seconds, Stopping threads took: 0.0002673 seconds
[2022-06-13T02:11:04.174+0000][1][safepoint    ] Application time: 0.9959819 seconds
[2022-06-13T02:11:04.175+0000][1][safepoint    ] Entering safepoint region: RevokeBias
[2022-06-13T02:11:04.175+0000][1][safepoint    ] Leaving safepoint region
[2022-06-13T02:11:04.175+0000][1][safepoint    ] Total time for which application threads were stopped: 0.0003255 seconds, Stopping threads took: 0.0001449 seconds
[2022-06-13T02:11:04.176+0000][1][safepoint    ] Application time: 0.0004076 seconds
[2022-06-13T02:11:04.176+0000][1][safepoint    ] Entering safepoint region: RevokeBias
[2022-06-13T02:11:04.176+0000][1][safepoint    ] Leaving safepoint region
[2022-06-13T02:11:04.176+0000][1][safepoint    ] Total time for which application threads were stopped: 0.0003983 seconds, Stopping threads took: 0.0002137 seconds
[2022-06-13T02:11:04.176+0000][1][safepoint    ] Application time: 0.0001495 seconds
[2022-06-13T02:11:04.177+0000][1][safepoint    ] Entering safepoint region: RevokeBias
[2022-06-13T02:11:04.177+0000][1][safepoint    ] Leaving safepoint region
[2022-06-13T02:11:04.177+0000][1][safepoint    ] Total time for which application threads were stopped: 0.0007516 seconds, Stopping threads took: 0.0003682 seconds
[2022-06-13T02:11:04.178+0000][1][safepoint    ] Application time: 0.0001752 seconds
[2022-06-13T02:11:04.178+0000][1][safepoint    ] Entering safepoint region: RevokeBias
[2022-06-13T02:11:04.178+0000][1][safepoint    ] Leaving safepoint region
[2022-06-13T02:11:04.179+0000][1][safepoint    ] Total time for which application threads were stopped: 0.0006245 seconds, Stopping threads took: 0.0002433 seconds
[2022-06-13T02:11:04.179+0000][1][safepoint    ] Application time: 0.0001826 seconds
[2022-06-13T02:11:04.179+0000][1][safepoint    ] Entering safepoint region: RevokeBias
[2022-06-13T02:11:04.180+0000][1][safepoint    ] Leaving safepoint region
[2022-06-13T02:11:04.180+0000][1][safepoint    ] Total time for which application threads were stopped: 0.0005565 seconds, Stopping threads took: 0.0002521 seconds
[2022-06-13T02:11:04.180+0000][1][safepoint    ] Application time: 0.0002151 seconds
[2022-06-13T02:11:04.181+0000][1][safepoint    ] Entering safepoint region: RevokeBias
[2022-06-13T02:11:04.181+0000][1][safepoint    ] Leaving safepoint region
[2022-06-13T02:11:04.182+0000][1][safepoint    ] Total time for which application threads were stopped: 0.0008819 seconds, Stopping threads took: 0.0005397 seconds
[2022-06-13T02:11:04.182+0000][1][safepoint    ] Application time: 0.0002251 seconds
[2022-06-13T02:11:04.182+0000][1][safepoint    ] Entering safepoint region: RevokeBias
[2022-06-13T02:11:04.183+0000][1][safepoint    ] Leaving safepoint region
[2022-06-13T02:11:04.183+0000][1][safepoint    ] Total time for which application threads were stopped: 0.0005745 seconds, Stopping threads took: 0.0001730 seconds
[2022-06-13T02:11:05.183+0000][1][safepoint    ] Application time: 1.0001610 seconds
[2022-06-13T02:11:05.184+0000][1][safepoint    ] Entering safepoint region: Cleanup
[2022-06-13T02:11:05.184+0000][1][safepoint    ] Leaving safepoint region
[2022-06-13T02:11:05.184+0000][1][safepoint    ] Total time for which application threads were stopped: 0.0004870 seconds, Stopping threads took: 0.0001527 seconds
[2022-06-13T02:11:06.185+0000][1][safepoint    ] Application time: 1.0001281 seconds
[2022-06-13T02:11:06.185+0000][1][safepoint    ] Entering safepoint region: Cleanup
[2022-06-13T02:11:06.186+0000][1][safepoint    ] Leaving safepoint region
[2022-06-13T02:11:06.186+0000][1][safepoint    ] Total time for which application threads were stopped: 0.0010156 seconds, Stopping threads took: 0.0004754 seconds
[2022-06-13T02:11:07.175+0000][1][safepoint    ] Application time: 0.9881083 seconds
[2022-06-13T02:11:07.175+0000][1][safepoint    ] Entering safepoint region: RevokeBias
[2022-06-13T02:11:07.176+0000][1][safepoint    ] Leaving safepoint region
[2022-06-13T02:11:07.176+0000][1][safepoint    ] Total time for which application threads were stopped: 0.0006932 seconds, Stopping threads took: 0.0004472 seconds
[2022-06-13T02:11:08.176+0000][1][safepoint    ] Application time: 0.9998996 seconds
[2022-06-13T02:11:08.176+0000][1][safepoint    ] Entering safepoint region: RevokeBias
[2022-06-13T02:11:08.177+0000][1][safepoint    ] Leaving safepoint region
[2022-06-13T02:11:08.177+0000][1][safepoint    ] Total time for which application threads were stopped: 0.0011994 seconds, Stopping threads took: 0.0003376 seconds
[2022-06-13T02:11:08.178+0000][1][safepoint    ] Application time: 0.0004912 seconds
[2022-06-13T02:11:08.178+0000][1][safepoint    ] Entering safepoint region: BulkRevokeBias
[2022-06-13T02:11:08.179+0000][1][safepoint    ] Leaving safepoint region
[2022-06-13T02:11:08.179+0000][1][safepoint    ] Total time for which application threads were stopped: 0.0011137 seconds, Stopping threads took: 0.0002118 seconds
[2022-06-13T02:11:08.180+0000][1][safepoint    ] Application time: 0.0001993 seconds
[2022-06-13T02:11:08.180+0000][1][safepoint    ] Entering safepoint region: RevokeBias
[2022-06-13T02:11:08.180+0000][1][safepoint    ] Leaving safepoint region
[2022-06-13T02:11:08.181+0000][1][safepoint    ] Total time for which application threads were stopped: 0.0006008 seconds, Stopping threads took: 0.0003246 seconds
[2022-06-13T02:11:08.181+0000][1][safepoint    ] Application time: 0.0004297 seconds
[2022-06-13T02:11:08.182+0000][1][safepoint    ] Entering safepoint region: RevokeBias
[2022-06-13T02:11:08.182+0000][1][safepoint    ] Leaving safepoint region
[2022-06-13T02:11:08.182+0000][1][safepoint    ] Total time for which application threads were stopped: 0.0004471 seconds, Stopping threads took: 0.0002457 seconds
[2022-06-13T02:11:08.182+0000][1][safepoint    ] Application time: 0.0002015 seconds
[2022-06-13T02:11:08.183+0000][1][safepoint    ] Entering safepoint region: RevokeBias
[2022-06-13T02:11:08.183+0000][1][safepoint    ] Leaving safepoint region
[2022-06-13T02:11:08.183+0000][1][safepoint    ] Total time for which application threads were stopped: 0.0007342 seconds, Stopping threads took: 0.0003006 seconds
[2022-06-13T02:11:08.184+0000][1][safepoint    ] Application time: 0.0002182 seconds
[2022-06-13T02:11:08.184+0000][1][safepoint    ] Entering safepoint region: BulkRevokeBias
[2022-06-13T02:11:08.185+0000][1][safepoint    ] Leaving safepoint region
[2022-06-13T02:11:08.185+0000][1][safepoint    ] Total time for which application threads were stopped: 0.0011566 seconds, Stopping threads took: 0.0005311 seconds
[2022-06-13T02:11:09.186+0000][1][safepoint    ] Application time: 1.0001701 seconds
[2022-06-13T02:11:09.186+0000][1][safepoint    ] Entering safepoint region: Cleanup
[2022-06-13T02:11:09.187+0000][1][safepoint    ] Leaving safepoint region
[2022-06-13T02:11:09.187+0000][1][safepoint    ] Total time for which application threads were stopped: 0.0006522 seconds, Stopping threads took: 0.0003596 seconds
[2022-06-13T02:11:10.187+0000][1][safepoint    ] Application time: 1.0001370 seconds
[2022-06-13T02:11:10.188+0000][1][safepoint    ] Entering safepoint region: Cleanup
[2022-06-13T02:11:10.188+0000][1][safepoint    ] Leaving safepoint region
[2022-06-13T02:11:10.189+0000][1][safepoint    ] Total time for which application threads were stopped: 0.0008452 seconds, Stopping threads took: 0.0003039 seconds
[2022-06-13T02:11:11.176+0000][1][safepoint    ] Application time: 0.9872170 seconds
[2022-06-13T02:11:11.177+0000][1][safepoint    ] Entering safepoint region: RevokeBias
[2022-06-13T02:11:11.177+0000][1][safepoint    ] Leaving safepoint region
[2022-06-13T02:11:11.178+0000][1][safepoint    ] Total time for which application threads were stopped: 0.0009251 seconds, Stopping threads took: 0.0004693 seconds
[2022-06-13T02:11:11.179+0000][1][safepoint    ] Application time: 0.0005901 seconds
[2022-06-13T02:11:11.179+0000][1][safepoint    ] Entering safepoint region: BulkRevokeBias
[2022-06-13T02:11:11.180+0000][1][safepoint    ] Leaving safepoint region
[2022-06-13T02:11:11.181+0000][1][safepoint    ] Total time for which application threads were stopped: 0.0014463 seconds, Stopping threads took: 0.0005695 seconds
[2022-06-13T02:11:12.185+0000][1][safepoint    ] Application time: 1.0041373 seconds
[2022-06-13T02:11:12.186+0000][1][safepoint    ] Entering safepoint region: Cleanup
[2022-06-13T02:11:12.186+0000][1][safepoint    ] Leaving safepoint region
[2022-06-13T02:11:12.186+0000][1][safepoint    ] Total time for which application threads were stopped: 0.0008860 seconds, Stopping threads took: 0.0003441 seconds
[2022-06-13T02:11:12.188+0000][1][safepoint    ] Application time: 0.0008592 seconds
[2022-06-13T02:11:12.188+0000][1][safepoint    ] Entering safepoint region: RevokeBias
[2022-06-13T02:11:12.188+0000][1][safepoint    ] Leaving safepoint region
[2022-06-13T02:11:12.189+0000][1][safepoint    ] Total time for which application threads were stopped: 0.0006005 seconds, Stopping threads took: 0.0002544 seconds
[2022-06-13T02:11:12.190+0000][1][safepoint    ] Application time: 0.0005759 seconds
[2022-06-13T02:11:12.190+0000][1][safepoint    ] Entering safepoint region: RevokeBias
[2022-06-13T02:11:12.191+0000][1][safepoint    ] Leaving safepoint region
[2022-06-13T02:11:12.191+0000][1][safepoint    ] Total time for which application threads were stopped: 0.0010491 seconds, Stopping threads took: 0.0005584 seconds
[2022-06-13T02:11:12.192+0000][1][safepoint    ] Application time: 0.0003562 seconds
[2022-06-13T02:11:12.192+0000][1][safepoint    ] Entering safepoint region: RevokeBias
[2022-06-13T02:11:12.192+0000][1][safepoint    ] Leaving safepoint region
[2022-06-13T02:11:12.192+0000][1][safepoint    ] Total time for which application threads were stopped: 0.0005179 seconds, Stopping threads took: 0.0001614 seconds
[2022-06-13T02:11:13.193+0000][1][safepoint    ] Application time: 1.0002251 seconds
[2022-06-13T02:11:13.194+0000][1][safepoint    ] Entering safepoint region: Cleanup
[2022-06-13T02:11:13.195+0000][1][safepoint    ] Leaving safepoint region
[2022-06-13T02:11:13.195+0000][1][safepoint    ] Total time for which application threads were stopped: 0.0010418 seconds, Stopping threads took: 0.0005193 seconds
[2022-06-13T02:11:14.196+0000][1][safepoint    ] Application time: 1.0001393 seconds
[2022-06-13T02:11:14.196+0000][1][safepoint    ] Entering safepoint region: Cleanup
[2022-06-13T02:11:14.197+0000][1][safepoint    ] Leaving safepoint region
[2022-06-13T02:11:14.197+0000][1][safepoint    ] Total time for which application threads were stopped: 0.0011436 seconds, Stopping threads took: 0.0005131 seconds
[2022-06-13T02:11:15.186+0000][1][safepoint    ] Application time: 0.9881567 seconds
[2022-06-13T02:11:15.186+0000][1][safepoint    ] Entering safepoint region: RevokeBias
[2022-06-13T02:11:15.187+0000][1][safepoint    ] Leaving safepoint region
[2022-06-13T02:11:15.187+0000][1][safepoint    ] Total time for which application threads were stopped: 0.0009854 seconds, Stopping threads took: 0.0004540 seconds
[2022-06-13T02:11:15.188+0000][1][safepoint    ] Application time: 0.0005880 seconds
[2022-06-13T02:11:15.188+0000][1][safepoint    ] Entering safepoint region: RevokeBias
[2022-06-13T02:11:15.189+0000][1][safepoint    ] Leaving safepoint region
[2022-06-13T02:11:15.190+0000][1][safepoint    ] Total time for which application threads were stopped: 0.0013336 seconds, Stopping threads took: 0.0006626 seconds
[2022-06-13T02:11:16.180+0000][1][safepoint    ] Application time: 0.9895700 seconds
[2022-06-13T02:11:16.180+0000][1][safepoint    ] Entering safepoint region: RevokeBias
[2022-06-13T02:11:16.181+0000][1][safepoint    ] Leaving safepoint region
[2022-06-13T02:11:16.181+0000][1][safepoint    ] Total time for which application threads were stopped: 0.0008023 seconds, Stopping threads took: 0.0003850 seconds
[2022-06-13T02:11:16.182+0000][1][safepoint    ] Application time: 0.0003711 seconds
[2022-06-13T02:11:16.182+0000][1][safepoint    ] Entering safepoint region: RevokeBias
[2022-06-13T02:11:16.183+0000][1][safepoint    ] Leaving safepoint region
[2022-06-13T02:11:16.183+0000][1][safepoint    ] Total time for which application threads were stopped: 0.0006716 seconds, Stopping threads took: 0.0003195 seconds
[2022-06-13T02:11:16.184+0000][1][safepoint    ] Application time: 0.0004627 seconds
[2022-06-13T02:11:16.184+0000][1][safepoint    ] Entering safepoint region: RevokeBias
[2022-06-13T02:11:16.184+0000][1][safepoint    ] Leaving safepoint region
[2022-06-13T02:11:16.184+0000][1][safepoint    ] Total time for which application threads were stopped: 0.0005255 seconds, Stopping threads took: 0.0003299 seconds
[2022-06-13T02:11:17.185+0000][1][safepoint    ] Application time: 1.0001327 seconds
[2022-06-13T02:11:17.185+0000][1][safepoint    ] Entering safepoint region: Cleanup
[2022-06-13T02:11:17.185+0000][1][safepoint    ] Leaving safepoint region
[2022-06-13T02:11:17.185+0000][1][safepoint    ] Total time for which application threads were stopped: 0.0004726 seconds, Stopping threads took: 0.0001780 seconds
[2022-06-13T02:11:18.186+0000][1][safepoint    ] Application time: 1.0001961 seconds
[2022-06-13T02:11:18.186+0000][1][safepoint    ] Entering safepoint region: Cleanup
[2022-06-13T02:11:18.187+0000][1][safepoint    ] Leaving safepoint region
[2022-06-13T02:11:18.187+0000][1][safepoint    ] Total time for which application threads were stopped: 0.0008064 seconds, Stopping threads took: 0.0003851 seconds
[2022-06-13T02:11:19.180+0000][1][safepoint    ] Application time: 0.9921743 seconds
[2022-06-13T02:11:19.180+0000][1][safepoint    ] Entering safepoint region: RevokeBias
[2022-06-13T02:11:19.181+0000][1][safepoint    ] Leaving safepoint region
[2022-06-13T02:11:19.181+0000][1][safepoint    ] Total time for which application threads were stopped: 0.0007096 seconds, Stopping threads took: 0.0003485 seconds
[2022-06-13T02:11:19.181+0000][1][safepoint    ] Application time: 0.0001629 seconds
[2022-06-13T02:11:19.182+0000][1][safepoint    ] Entering safepoint region: RevokeBias
[2022-06-13T02:11:19.182+0000][1][safepoint    ] Leaving safepoint region
[2022-06-13T02:11:19.182+0000][1][safepoint    ] Total time for which application threads were stopped: 0.0003235 seconds, Stopping threads took: 0.0001386 seconds
[2022-06-13T02:11:20.180+0000][1][safepoint    ] Application time: 0.9981327 seconds
[2022-06-13T02:11:20.181+0000][1][safepoint    ] Entering safepoint region: RevokeBias
[2022-06-13T02:11:20.181+0000][1][safepoint    ] Leaving safepoint region
[2022-06-13T02:11:20.181+0000][1][safepoint    ] Total time for which application threads were stopped: 0.0006946 seconds, Stopping threads took: 0.0003061 seconds
[2022-06-13T02:11:20.182+0000][1][safepoint    ] Application time: 0.0004187 seconds
[2022-06-13T02:11:20.183+0000][1][safepoint    ] Entering safepoint region: RevokeBias
[2022-06-13T02:11:20.183+0000][1][safepoint    ] Leaving safepoint region
[2022-06-13T02:11:20.183+0000][1][safepoint    ] Total time for which application threads were stopped: 0.0007937 seconds, Stopping threads took: 0.0004257 seconds
[2022-06-13T02:11:20.184+0000][1][safepoint    ] Application time: 0.0003516 seconds
[2022-06-13T02:11:20.184+0000][1][safepoint    ] Entering safepoint region: RevokeBias
[2022-06-13T02:11:20.184+0000][1][safepoint    ] Leaving safepoint region
[2022-06-13T02:11:20.185+0000][1][safepoint    ] Total time for which application threads were stopped: 0.0004994 seconds, Stopping threads took: 0.0002726 seconds
[2022-06-13T02:11:20.185+0000][1][safepoint    ] Application time: 0.0002024 seconds
[2022-06-13T02:11:20.185+0000][1][safepoint    ] Entering safepoint region: RevokeBias
[2022-06-13T02:11:20.186+0000][1][safepoint    ] Leaving safepoint region
[2022-06-13T02:11:20.186+0000][1][safepoint    ] Total time for which application threads were stopped: 0.0005078 seconds, Stopping threads took: 0.0001809 seconds
[2022-06-13T02:11:22.186+0000][1][safepoint    ] Application time: 2.0003577 seconds
[2022-06-13T02:11:22.187+0000][1][safepoint    ] Entering safepoint region: Cleanup
[2022-06-13T02:11:22.188+0000][1][safepoint    ] Leaving safepoint region
[2022-06-13T02:11:22.189+0000][1][safepoint    ] Total time for which application threads were stopped: 0.0016649 seconds, Stopping threads took: 0.0007742 seconds
[2022-06-13T02:11:22.194+0000][1][safepoint    ] Application time: 0.0048677 seconds
[2022-06-13T02:11:22.194+0000][1][safepoint    ] Entering safepoint region: RevokeBias
[2022-06-13T02:11:22.195+0000][1][safepoint    ] Leaving safepoint region
[2022-06-13T02:11:22.196+0000][1][safepoint    ] Total time for which application threads were stopped: 0.0010976 seconds, Stopping threads took: 0.0005258 seconds
[2022-06-13T02:11:22.196+0000][1][safepoint    ] Application time: 0.0004657 seconds
[2022-06-13T02:11:22.197+0000][1][safepoint    ] Entering safepoint region: RevokeBias
[2022-06-13T02:11:22.197+0000][1][safepoint    ] Leaving safepoint region
[2022-06-13T02:11:22.198+0000][1][safepoint    ] Total time for which application threads were stopped: 0.0008960 seconds, Stopping threads took: 0.0003860 seconds
[2022-06-13T02:11:22.200+0000][1][safepoint    ] Application time: 0.0020824 seconds
[2022-06-13T02:11:22.201+0000][1][safepoint    ] Entering safepoint region: RevokeBias
[2022-06-13T02:11:22.201+0000][1][safepoint    ] Leaving safepoint region
[2022-06-13T02:11:22.202+0000][1][safepoint    ] Total time for which application threads were stopped: 0.0010408 seconds, Stopping threads took: 0.0004907 seconds
[2022-06-13T02:11:22.203+0000][1][safepoint    ] Application time: 0.0004781 seconds
[2022-06-13T02:11:22.203+0000][1][safepoint    ] Entering safepoint region: RevokeBias
[2022-06-13T02:11:22.204+0000][1][safepoint    ] Leaving safepoint region
[2022-06-13T02:11:22.204+0000][1][safepoint    ] Total time for which application threads were stopped: 0.0010432 seconds, Stopping threads took: 0.0005183 seconds
[2022-06-13T02:11:23.181+0000][1][safepoint    ] Application time: 0.9768311 seconds
[2022-06-13T02:11:23.182+0000][1][safepoint    ] Entering safepoint region: RevokeBias
[2022-06-13T02:11:23.182+0000][1][safepoint    ] Leaving safepoint region
[2022-06-13T02:11:23.183+0000][1][safepoint    ] Total time for which application threads were stopped: 0.0009633 seconds, Stopping threads took: 0.0003327 seconds
[2022-06-13T02:11:23.184+0000][1][safepoint    ] Application time: 0.0012129 seconds
[2022-06-13T02:11:23.185+0000][1][safepoint    ] Entering safepoint region: RevokeBias
[2022-06-13T02:11:23.185+0000][1][safepoint    ] Leaving safepoint region
[2022-06-13T02:11:23.186+0000][1][safepoint    ] Total time for which application threads were stopped: 0.0009834 seconds, Stopping threads took: 0.0005156 seconds
[2022-06-13T02:11:23.187+0000][1][safepoint    ] Application time: 0.0004279 seconds
[2022-06-13T02:11:23.187+0000][1][safepoint    ] Entering safepoint region: RevokeBias
[2022-06-13T02:11:23.187+0000][1][safepoint    ] Leaving safepoint region
[2022-06-13T02:11:23.188+0000][1][safepoint    ] Total time for which application threads were stopped: 0.0008569 seconds, Stopping threads took: 0.0003781 seconds
[2022-06-13T02:11:23.189+0000][1][safepoint    ] Application time: 0.0003951 seconds
[2022-06-13T02:11:23.189+0000][1][safepoint    ] Entering safepoint region: RevokeBias
[2022-06-13T02:11:23.189+0000][1][safepoint    ] Leaving safepoint region
[2022-06-13T02:11:23.190+0000][1][safepoint    ] Total time for which application threads were stopped: 0.0008877 seconds, Stopping threads took: 0.0003815 seconds
[2022-06-13T02:11:23.190+0000][1][safepoint    ] Application time: 0.0003384 seconds
[2022-06-13T02:11:23.191+0000][1][safepoint    ] Entering safepoint region: RevokeBias
[2022-06-13T02:11:23.191+0000][1][safepoint    ] Leaving safepoint region
[2022-06-13T02:11:23.191+0000][1][safepoint    ] Total time for which application threads were stopped: 0.0006523 seconds, Stopping threads took: 0.0003225 seconds
[2022-06-13T02:11:24.183+0000][1][safepoint    ] Application time: 0.9915387 seconds
[2022-06-13T02:11:24.184+0000][1][safepoint    ] Entering safepoint region: RevokeBias
[2022-06-13T02:11:24.184+0000][1][safepoint    ] Leaving safepoint region
[2022-06-13T02:11:24.184+0000][1][safepoint    ] Total time for which application threads were stopped: 0.0007302 seconds, Stopping threads took: 0.0003793 seconds
[2022-06-13T02:11:24.185+0000][1][safepoint    ] Application time: 0.0003492 seconds
[2022-06-13T02:11:24.185+0000][1][safepoint    ] Entering safepoint region: BulkRevokeBias
[2022-06-13T02:11:24.186+0000][1][safepoint    ] Leaving safepoint region
[2022-06-13T02:11:24.186+0000][1][safepoint    ] Total time for which application threads were stopped: 0.0010937 seconds, Stopping threads took: 0.0003371 seconds
[2022-06-13T02:11:24.187+0000][1][safepoint    ] Application time: 0.0004544 seconds
[2022-06-13T02:11:24.187+0000][1][safepoint    ] Entering safepoint region: RevokeBias
[2022-06-13T02:11:24.188+0000][1][safepoint    ] Leaving safepoint region
[2022-06-13T02:11:24.188+0000][1][safepoint    ] Total time for which application threads were stopped: 0.0005143 seconds, Stopping threads took: 0.0002164 seconds
[2022-06-13T02:11:25.188+0000][1][safepoint    ] Application time: 1.0002877 seconds
[2022-06-13T02:11:25.189+0000][1][safepoint    ] Entering safepoint region: Cleanup
[2022-06-13T02:11:25.190+0000][1][safepoint    ] Leaving safepoint region
[2022-06-13T02:11:25.190+0000][1][safepoint    ] Total time for which application threads were stopped: 0.0013043 seconds, Stopping threads took: 0.0006075 seconds
[2022-06-13T02:11:26.187+0000][1][safepoint    ] Application time: 0.9962522 seconds
[2022-06-13T02:11:26.188+0000][1][safepoint    ] Entering safepoint region: RevokeBias
[2022-06-13T02:11:26.188+0000][1][safepoint    ] Leaving safepoint region
[2022-06-13T02:11:26.189+0000][1][safepoint    ] Total time for which application threads were stopped: 0.0009991 seconds, Stopping threads took: 0.0005164 seconds
[2022-06-13T02:11:27.184+0000][1][safepoint    ] Application time: 0.9948053 seconds
[2022-06-13T02:11:27.185+0000][1][safepoint    ] Entering safepoint region: RevokeBias
[2022-06-13T02:11:27.185+0000][1][safepoint    ] Leaving safepoint region
[2022-06-13T02:11:27.186+0000][1][safepoint    ] Total time for which application threads were stopped: 0.0011615 seconds, Stopping threads took: 0.0003261 seconds
[2022-06-13T02:11:27.187+0000][1][safepoint    ] Application time: 0.0005932 seconds
[2022-06-13T02:11:27.187+0000][1][safepoint    ] Entering safepoint region: RevokeBias
[2022-06-13T02:11:27.188+0000][1][safepoint    ] Leaving safepoint region
[2022-06-13T02:11:27.188+0000][1][safepoint    ] Total time for which application threads were stopped: 0.0011915 seconds, Stopping threads took: 0.0004872 seconds
[2022-06-13T02:11:28.188+0000][1][safepoint    ] Application time: 1.0001822 seconds
[2022-06-13T02:11:28.189+0000][1][safepoint    ] Entering safepoint region: Cleanup
[2022-06-13T02:11:28.189+0000][1][safepoint    ] Leaving safepoint region
[2022-06-13T02:11:28.190+0000][1][safepoint    ] Total time for which application threads were stopped: 0.0007630 seconds, Stopping threads took: 0.0003366 seconds
[2022-06-13T02:11:29.190+0000][1][safepoint    ] Application time: 1.0001301 seconds
[2022-06-13T02:11:29.190+0000][1][safepoint    ] Entering safepoint region: Cleanup
[2022-06-13T02:11:29.191+0000][1][safepoint    ] Leaving safepoint region
[2022-06-13T02:11:29.191+0000][1][safepoint    ] Total time for which application threads were stopped: 0.0009607 seconds, Stopping threads took: 0.0004554 seconds
[2022-06-13T02:11:30.185+0000][1][safepoint    ] Application time: 0.9934817 seconds
[2022-06-13T02:11:30.185+0000][1][safepoint    ] Entering safepoint region: RevokeBias
[2022-06-13T02:11:30.186+0000][1][safepoint    ] Leaving safepoint region
[2022-06-13T02:11:30.186+0000][1][safepoint    ] Total time for which application threads were stopped: 0.0007768 seconds, Stopping threads took: 0.0003972 seconds
[2022-06-13T02:11:31.185+0000][1][safepoint    ] Application time: 0.9988424 seconds
[2022-06-13T02:11:31.186+0000][1][safepoint    ] Entering safepoint region: BulkRevokeBias
[2022-06-13T02:11:31.188+0000][1][safepoint    ] Leaving safepoint region
[2022-06-13T02:11:31.188+0000][1][safepoint    ] Total time for which application threads were stopped: 0.0021336 seconds, Stopping threads took: 0.0007372 seconds
[2022-06-13T02:11:32.189+0000][1][safepoint    ] Application time: 1.0002808 seconds
[2022-06-13T02:11:32.190+0000][1][safepoint    ] Entering safepoint region: Cleanup
[2022-06-13T02:11:32.190+0000][1][safepoint    ] Leaving safepoint region
[2022-06-13T02:11:32.190+0000][1][safepoint    ] Total time for which application threads were stopped: 0.0008723 seconds, Stopping threads took: 0.0004817 seconds
[2022-06-13T02:11:33.191+0000][1][safepoint    ] Application time: 1.0001999 seconds
[2022-06-13T02:11:33.191+0000][1][safepoint    ] Entering safepoint region: Cleanup
[2022-06-13T02:11:33.192+0000][1][safepoint    ] Leaving safepoint region
[2022-06-13T02:11:33.192+0000][1][safepoint    ] Total time for which application threads were stopped: 0.0005941 seconds, Stopping threads took: 0.0003414 seconds
[2022-06-13T02:11:34.192+0000][1][safepoint    ] Application time: 1.0001378 seconds
[2022-06-13T02:11:34.193+0000][1][safepoint    ] Entering safepoint region: Cleanup
[2022-06-13T02:11:34.193+0000][1][safepoint    ] Leaving safepoint region
[2022-06-13T02:11:34.193+0000][1][safepoint    ] Total time for which application threads were stopped: 0.0007241 seconds, Stopping threads took: 0.0003593 seconds
[2022-06-13T02:11:35.194+0000][1][safepoint    ] Application time: 1.0001031 seconds
[2022-06-13T02:11:35.194+0000][1][safepoint    ] Entering safepoint region: Cleanup
[2022-06-13T02:11:35.195+0000][1][safepoint    ] Leaving safepoint region
[2022-06-13T02:11:35.195+0000][1][safepoint    ] Total time for which application threads were stopped: 0.0009896 seconds, Stopping threads took: 0.0004727 seconds
[2022-06-13T02:11:36.196+0000][1][safepoint    ] Application time: 1.0002622 seconds
[2022-06-13T02:11:36.196+0000][1][safepoint    ] Entering safepoint region: Cleanup
[2022-06-13T02:11:36.196+0000][1][safepoint    ] Leaving safepoint region
[2022-06-13T02:11:36.197+0000][1][safepoint    ] Total time for which application threads were stopped: 0.0007491 seconds, Stopping threads took: 0.0003173 seconds
[2022-06-13T02:11:37.197+0000][1][safepoint    ] Application time: 1.0001908 seconds
[2022-06-13T02:11:37.198+0000][1][safepoint    ] Entering safepoint region: Cleanup
[2022-06-13T02:11:37.198+0000][1][safepoint    ] Leaving safepoint region
[2022-06-13T02:11:37.199+0000][1][safepoint    ] Total time for which application threads were stopped: 0.0008704 seconds, Stopping threads took: 0.0004098 seconds
[2022-06-13T02:11:38.199+0000][1][safepoint    ] Application time: 1.0001147 seconds
[2022-06-13T02:11:38.200+0000][1][safepoint    ] Entering safepoint region: Cleanup
[2022-06-13T02:11:38.200+0000][1][safepoint    ] Leaving safepoint region
[2022-06-13T02:11:38.201+0000][1][safepoint    ] Total time for which application threads were stopped: 0.0009578 seconds, Stopping threads took: 0.0003500 seconds
[2022-06-13T02:11:39.201+0000][1][safepoint    ] Application time: 1.0002112 seconds
[2022-06-13T02:11:39.202+0000][1][safepoint    ] Entering safepoint region: Cleanup
[2022-06-13T02:11:39.203+0000][1][safepoint    ] Leaving safepoint region
[2022-06-13T02:11:39.204+0000][1][safepoint    ] Total time for which application threads were stopped: 0.0014344 seconds, Stopping threads took: 0.0007097 seconds
[2022-06-13T02:11:40.205+0000][1][safepoint    ] Application time: 1.0002931 seconds
[2022-06-13T02:11:40.206+0000][1][safepoint    ] Entering safepoint region: Cleanup
[2022-06-13T02:11:40.206+0000][1][safepoint    ] Leaving safepoint region
[2022-06-13T02:11:40.207+0000][1][safepoint    ] Total time for which application threads were stopped: 0.0012500 seconds, Stopping threads took: 0.0005107 seconds
[2022-06-13T02:11:41.208+0000][1][safepoint    ] Application time: 1.0001549 seconds
[2022-06-13T02:11:41.208+0000][1][safepoint    ] Entering safepoint region: Cleanup
[2022-06-13T02:11:41.209+0000][1][safepoint    ] Leaving safepoint region
[2022-06-13T02:11:41.209+0000][1][safepoint    ] Total time for which application threads were stopped: 0.0008991 seconds, Stopping threads took: 0.0004373 seconds
[2022-06-13T02:11:42.210+0000][1][safepoint    ] Application time: 1.0002107 seconds
[2022-06-13T02:11:42.210+0000][1][safepoint    ] Entering safepoint region: Cleanup
[2022-06-13T02:11:42.211+0000][1][safepoint    ] Leaving safepoint region
[2022-06-13T02:11:42.211+0000][1][safepoint    ] Total time for which application threads were stopped: 0.0005771 seconds, Stopping threads took: 0.0002734 seconds
[2022-06-13T02:11:42.682+0000][1][safepoint    ] Application time: 0.4708321 seconds
[2022-06-13T02:11:42.682+0000][1][safepoint    ] Entering safepoint region: RevokeBias
[2022-06-13T02:11:42.683+0000][1][safepoint    ] Leaving safepoint region
[2022-06-13T02:11:42.683+0000][1][safepoint    ] Total time for which application threads were stopped: 0.0006835 seconds, Stopping threads took: 0.0002861 seconds
[2022-06-13T02:11:43.684+0000][1][safepoint    ] Application time: 1.0001929 seconds
[2022-06-13T02:11:43.684+0000][1][safepoint    ] Entering safepoint region: Cleanup
[2022-06-13T02:11:43.685+0000][1][safepoint    ] Leaving safepoint region
[2022-06-13T02:11:43.685+0000][1][safepoint    ] Total time for which application threads were stopped: 0.0008848 seconds, Stopping threads took: 0.0004432 seconds
[2022-06-13T02:11:44.686+0000][1][safepoint    ] Application time: 1.0002657 seconds
[2022-06-13T02:11:44.686+0000][1][safepoint    ] Entering safepoint region: Cleanup
[2022-06-13T02:11:44.687+0000][1][safepoint    ] Leaving safepoint region
[2022-06-13T02:11:44.688+0000][1][safepoint    ] Total time for which application threads were stopped: 0.0014149 seconds, Stopping threads took: 0.0005897 seconds
[2022-06-13T02:11:45.689+0000][1][safepoint    ] Application time: 1.0002549 seconds
[2022-06-13T02:11:45.690+0000][1][safepoint    ] Entering safepoint region: Cleanup
[2022-06-13T02:11:45.690+0000][1][safepoint    ] Leaving safepoint region
[2022-06-13T02:11:45.691+0000][1][safepoint    ] Total time for which application threads were stopped: 0.0013748 seconds, Stopping threads took: 0.0006967 seconds
[2022-06-13T02:11:46.692+0000][1][safepoint    ] Application time: 1.0003747 seconds
[2022-06-13T02:11:46.693+0000][1][safepoint    ] Entering safepoint region: Cleanup
[2022-06-13T02:11:46.693+0000][1][safepoint    ] Leaving safepoint region
[2022-06-13T02:11:46.694+0000][1][safepoint    ] Total time for which application threads were stopped: 0.0012691 seconds, Stopping threads took: 0.0006292 seconds
[2022-06-13T02:11:47.695+0000][1][safepoint    ] Application time: 1.0003525 seconds
[2022-06-13T02:11:47.695+0000][1][safepoint    ] Entering safepoint region: Cleanup
[2022-06-13T02:11:47.696+0000][1][safepoint    ] Leaving safepoint region
[2022-06-13T02:11:47.697+0000][1][safepoint    ] Total time for which application threads were stopped: 0.0011377 seconds, Stopping threads took: 0.0005216 seconds
[2022-06-13T02:11:48.697+0000][1][safepoint    ] Application time: 1.0001419 seconds
[2022-06-13T02:11:48.698+0000][1][safepoint    ] Entering safepoint region: Cleanup
[2022-06-13T02:11:48.698+0000][1][safepoint    ] Leaving safepoint region
[2022-06-13T02:11:48.698+0000][1][safepoint    ] Total time for which application threads were stopped: 0.0003494 seconds, Stopping threads took: 0.0001407 seconds
[2022-06-13T02:11:49.698+0000][1][safepoint    ] Application time: 1.0001914 seconds
[2022-06-13T02:11:49.699+0000][1][safepoint    ] Entering safepoint region: Cleanup
[2022-06-13T02:11:49.700+0000][1][safepoint    ] Leaving safepoint region
[2022-06-13T02:11:49.700+0000][1][safepoint    ] Total time for which application threads were stopped: 0.0009730 seconds, Stopping threads took: 0.0004559 seconds
[2022-06-13T02:11:50.700+0000][1][safepoint    ] Application time: 1.0001617 seconds
[2022-06-13T02:11:50.701+0000][1][safepoint    ] Entering safepoint region: Cleanup
[2022-06-13T02:11:50.701+0000][1][safepoint    ] Leaving safepoint region
[2022-06-13T02:11:50.702+0000][1][safepoint    ] Total time for which application threads were stopped: 0.0007862 seconds, Stopping threads took: 0.0003023 seconds
[2022-06-13T02:11:51.702+0000][1][safepoint    ] Application time: 1.0003000 seconds
[2022-06-13T02:11:51.703+0000][1][safepoint    ] Entering safepoint region: Cleanup
[2022-06-13T02:11:51.704+0000][1][safepoint    ] Leaving safepoint region
[2022-06-13T02:11:51.704+0000][1][safepoint    ] Total time for which application threads were stopped: 0.0012215 seconds, Stopping threads took: 0.0005290 seconds
[2022-06-13T02:11:52.705+0000][1][safepoint    ] Application time: 1.0002180 seconds
[2022-06-13T02:11:52.706+0000][1][safepoint    ] Entering safepoint region: Cleanup
[2022-06-13T02:11:52.706+0000][1][safepoint    ] Leaving safepoint region
[2022-06-13T02:11:52.706+0000][1][safepoint    ] Total time for which application threads were stopped: 0.0004929 seconds, Stopping threads took: 0.0002128 seconds
[2022-06-13T02:11:53.707+0000][1][safepoint    ] Application time: 1.0002083 seconds
[2022-06-13T02:11:53.707+0000][1][safepoint    ] Entering safepoint region: Cleanup
[2022-06-13T02:11:53.708+0000][1][safepoint    ] Leaving safepoint region
[2022-06-13T02:11:53.709+0000][1][safepoint    ] Total time for which application threads were stopped: 0.0012213 seconds, Stopping threads took: 0.0005198 seconds
[2022-06-13T02:11:54.709+0000][1][safepoint    ] Application time: 1.0002787 seconds
[2022-06-13T02:11:54.710+0000][1][safepoint    ] Entering safepoint region: Cleanup
[2022-06-13T02:11:54.710+0000][1][safepoint    ] Leaving safepoint region
[2022-06-13T02:11:54.711+0000][1][safepoint    ] Total time for which application threads were stopped: 0.0008475 seconds, Stopping threads took: 0.0003782 seconds
[2022-06-13T02:11:55.196+0000][1][safepoint    ] Application time: 0.4845557 seconds
[2022-06-13T02:11:55.196+0000][1][safepoint    ] Entering safepoint region: RevokeBias
[2022-06-13T02:11:55.197+0000][1][safepoint    ] Leaving safepoint region
[2022-06-13T02:11:55.197+0000][1][safepoint    ] Total time for which application threads were stopped: 0.0009654 seconds, Stopping threads took: 0.0005319 seconds
[2022-06-13T02:11:56.198+0000][1][safepoint    ] Application time: 1.0002018 seconds
[2022-06-13T02:11:56.198+0000][1][safepoint    ] Entering safepoint region: Cleanup
[2022-06-13T02:11:56.199+0000][1][safepoint    ] Leaving safepoint region
[2022-06-13T02:11:56.199+0000][1][safepoint    ] Total time for which application threads were stopped: 0.0006871 seconds, Stopping threads took: 0.0003641 seconds
[2022-06-13T02:11:57.200+0000][1][safepoint    ] Application time: 1.0003280 seconds
[2022-06-13T02:11:57.200+0000][1][safepoint    ] Entering safepoint region: Cleanup
[2022-06-13T02:11:57.200+0000][1][safepoint    ] Leaving safepoint region
[2022-06-13T02:11:57.201+0000][1][safepoint    ] Total time for which application threads were stopped: 0.0006117 seconds, Stopping threads took: 0.0002686 seconds
[2022-06-13T02:11:58.201+0000][1][safepoint    ] Application time: 1.0002455 seconds
[2022-06-13T02:11:58.202+0000][1][safepoint    ] Entering safepoint region: Cleanup
[2022-06-13T02:11:58.202+0000][1][safepoint    ] Leaving safepoint region
[2022-06-13T02:11:58.203+0000][1][safepoint    ] Total time for which application threads were stopped: 0.0007927 seconds, Stopping threads took: 0.0003114 seconds
[2022-06-13T02:11:59.203+0000][1][safepoint    ] Application time: 1.0002026 seconds
[2022-06-13T02:11:59.204+0000][1][safepoint    ] Entering safepoint region: Cleanup
[2022-06-13T02:11:59.204+0000][1][safepoint    ] Leaving safepoint region
[2022-06-13T02:11:59.204+0000][1][safepoint    ] Total time for which application threads were stopped: 0.0008677 seconds, Stopping threads took: 0.0004057 seconds
[2022-06-13T02:12:00.205+0000][1][safepoint    ] Application time: 1.0001589 seconds
[2022-06-13T02:12:00.205+0000][1][safepoint    ] Entering safepoint region: Cleanup
[2022-06-13T02:12:00.206+0000][1][safepoint    ] Leaving safepoint region
[2022-06-13T02:12:00.206+0000][1][safepoint    ] Total time for which application threads were stopped: 0.0006934 seconds, Stopping threads took: 0.0002955 seconds
[2022-06-13T02:12:01.207+0000][1][safepoint    ] Application time: 1.0003068 seconds
[2022-06-13T02:12:01.207+0000][1][safepoint    ] Entering safepoint region: Cleanup
[2022-06-13T02:12:01.208+0000][1][safepoint    ] Leaving safepoint region
[2022-06-13T02:12:01.208+0000][1][safepoint    ] Total time for which application threads were stopped: 0.0011487 seconds, Stopping threads took: 0.0004759 seconds
[2022-06-13T02:12:02.209+0000][1][safepoint    ] Application time: 1.0001207 seconds
[2022-06-13T02:12:02.209+0000][1][safepoint    ] Entering safepoint region: Cleanup
[2022-06-13T02:12:02.209+0000][1][safepoint    ] Leaving safepoint region
[2022-06-13T02:12:02.210+0000][1][safepoint    ] Total time for which application threads were stopped: 0.0005058 seconds, Stopping threads took: 0.0003128 seconds
[2022-06-13T02:12:03.210+0000][1][safepoint    ] Application time: 1.0001475 seconds
[2022-06-13T02:12:03.210+0000][1][safepoint    ] Entering safepoint region: Cleanup
[2022-06-13T02:12:03.211+0000][1][safepoint    ] Leaving safepoint region
[2022-06-13T02:12:03.211+0000][1][safepoint    ] Total time for which application threads were stopped: 0.0004651 seconds, Stopping threads took: 0.0002537 seconds
[2022-06-13T02:12:04.211+0000][1][safepoint    ] Application time: 1.0001039 seconds
[2022-06-13T02:12:04.211+0000][1][safepoint    ] Entering safepoint region: Cleanup
[2022-06-13T02:12:04.212+0000][1][safepoint    ] Leaving safepoint region
[2022-06-13T02:12:04.212+0000][1][safepoint    ] Total time for which application threads were stopped: 0.0006431 seconds, Stopping threads took: 0.0003439 seconds
[2022-06-13T02:12:05.212+0000][1][safepoint    ] Application time: 1.0002625 seconds
[2022-06-13T02:12:05.213+0000][1][safepoint    ] Entering safepoint region: Cleanup
[2022-06-13T02:12:05.213+0000][1][safepoint    ] Leaving safepoint region
[2022-06-13T02:12:05.214+0000][1][safepoint    ] Total time for which application threads were stopped: 0.0007230 seconds, Stopping threads took: 0.0003467 seconds
[2022-06-13T02:12:06.214+0000][1][safepoint    ] Application time: 1.0004107 seconds
[2022-06-13T02:12:06.215+0000][1][safepoint    ] Entering safepoint region: Cleanup
[2022-06-13T02:12:06.215+0000][1][safepoint    ] Leaving safepoint region
[2022-06-13T02:12:06.215+0000][1][safepoint    ] Total time for which application threads were stopped: 0.0007067 seconds, Stopping threads took: 0.0003198 seconds
[2022-06-13T02:12:07.216+0000][1][safepoint    ] Application time: 1.0000884 seconds
[2022-06-13T02:12:07.217+0000][1][safepoint    ] Entering safepoint region: Cleanup
[2022-06-13T02:12:07.217+0000][1][safepoint    ] Leaving safepoint region
[2022-06-13T02:12:07.217+0000][1][safepoint    ] Total time for which application threads were stopped: 0.0011157 seconds, Stopping threads took: 0.0006768 seconds
[2022-06-13T02:12:08.218+0000][1][safepoint    ] Application time: 1.0002573 seconds
[2022-06-13T02:12:08.218+0000][1][safepoint    ] Entering safepoint region: Cleanup
[2022-06-13T02:12:08.219+0000][1][safepoint    ] Leaving safepoint region
[2022-06-13T02:12:08.219+0000][1][safepoint    ] Total time for which application threads were stopped: 0.0007643 seconds, Stopping threads took: 0.0003717 seconds
[2022-06-13T02:12:09.220+0000][1][safepoint    ] Application time: 1.0002752 seconds
[2022-06-13T02:12:09.220+0000][1][safepoint    ] Entering safepoint region: Cleanup
[2022-06-13T02:12:09.221+0000][1][safepoint    ] Leaving safepoint region
[2022-06-13T02:12:09.222+0000][1][safepoint    ] Total time for which application threads were stopped: 0.0012759 seconds, Stopping threads took: 0.0006544 seconds
[2022-06-13T02:12:10.222+0000][1][safepoint    ] Application time: 1.0002358 seconds
[2022-06-13T02:12:10.223+0000][1][safepoint    ] Entering safepoint region: Cleanup
[2022-06-13T02:12:10.223+0000][1][safepoint    ] Leaving safepoint region
[2022-06-13T02:12:10.224+0000][1][safepoint    ] Total time for which application threads were stopped: 0.0006876 seconds, Stopping threads took: 0.0003632 seconds
[2022-06-13T02:12:11.224+0000][1][safepoint    ] Application time: 1.0003405 seconds
[2022-06-13T02:12:11.225+0000][1][safepoint    ] Entering safepoint region: Cleanup
[2022-06-13T02:12:11.225+0000][1][safepoint    ] Leaving safepoint region
[2022-06-13T02:12:11.226+0000][1][safepoint    ] Total time for which application threads were stopped: 0.0008858 seconds, Stopping threads took: 0.0004052 seconds
[2022-06-13T02:12:12.226+0000][1][safepoint    ] Application time: 1.0001859 seconds
[2022-06-13T02:12:12.227+0000][1][safepoint    ] Entering safepoint region: Cleanup
[2022-06-13T02:12:12.227+0000][1][safepoint    ] Leaving safepoint region
[2022-06-13T02:12:12.228+0000][1][safepoint    ] Total time for which application threads were stopped: 0.0007614 seconds, Stopping threads took: 0.0003741 seconds
[2022-06-13T02:12:13.228+0000][1][safepoint    ] Application time: 1.0001843 seconds
[2022-06-13T02:12:13.228+0000][1][safepoint    ] Entering safepoint region: Cleanup
[2022-06-13T02:12:13.229+0000][1][safepoint    ] Leaving safepoint region
[2022-06-13T02:12:13.229+0000][1][safepoint    ] Total time for which application threads were stopped: 0.0003362 seconds, Stopping threads took: 0.0001466 seconds
[2022-06-13T02:12:14.229+0000][1][safepoint    ] Application time: 1.0003433 seconds
[2022-06-13T02:12:14.230+0000][1][safepoint    ] Entering safepoint region: Cleanup
[2022-06-13T02:12:14.231+0000][1][safepoint    ] Leaving safepoint region
[2022-06-13T02:12:14.231+0000][1][safepoint    ] Total time for which application threads were stopped: 0.0016038 seconds, Stopping threads took: 0.0008216 seconds
[2022-06-13T02:12:15.232+0000][1][safepoint    ] Application time: 1.0002186 seconds
[2022-06-13T02:12:15.233+0000][1][safepoint    ] Entering safepoint region: Cleanup
[2022-06-13T02:12:15.233+0000][1][safepoint    ] Leaving safepoint region
[2022-06-13T02:12:15.233+0000][1][safepoint    ] Total time for which application threads were stopped: 0.0005510 seconds, Stopping threads took: 0.0002585 seconds
[2022-06-13T02:12:16.234+0000][1][safepoint    ] Application time: 1.0002904 seconds
[2022-06-13T02:12:16.234+0000][1][safepoint    ] Entering safepoint region: Cleanup
[2022-06-13T02:12:16.234+0000][1][safepoint    ] Leaving safepoint region
[2022-06-13T02:12:16.235+0000][1][safepoint    ] Total time for which application threads were stopped: 0.0006975 seconds, Stopping threads took: 0.0003187 seconds
[2022-06-13T02:12:17.235+0000][1][safepoint    ] Application time: 1.0002278 seconds
[2022-06-13T02:12:17.236+0000][1][safepoint    ] Entering safepoint region: Cleanup
[2022-06-13T02:12:17.237+0000][1][safepoint    ] Leaving safepoint region
[2022-06-13T02:12:17.237+0000][1][safepoint    ] Total time for which application threads were stopped: 0.0014549 seconds, Stopping threads took: 0.0006995 seconds
[2022-06-13T02:12:18.238+0000][1][safepoint    ] Application time: 1.0001726 seconds
[2022-06-13T02:12:18.239+0000][1][safepoint    ] Entering safepoint region: Cleanup
[2022-06-13T02:12:18.239+0000][1][safepoint    ] Leaving safepoint region
[2022-06-13T02:12:18.240+0000][1][safepoint    ] Total time for which application threads were stopped: 0.0009285 seconds, Stopping threads took: 0.0003518 seconds
[2022-06-13T02:12:19.240+0000][1][safepoint    ] Application time: 1.0001188 seconds
[2022-06-13T02:12:19.241+0000][1][safepoint    ] Entering safepoint region: Cleanup
[2022-06-13T02:12:19.241+0000][1][safepoint    ] Leaving safepoint region
[2022-06-13T02:12:19.241+0000][1][safepoint    ] Total time for which application threads were stopped: 0.0007135 seconds, Stopping threads took: 0.0003130 seconds
[2022-06-13T02:12:20.242+0000][1][safepoint    ] Application time: 1.0002425 seconds
[2022-06-13T02:12:20.242+0000][1][safepoint    ] Entering safepoint region: Cleanup
[2022-06-13T02:12:20.243+0000][1][safepoint    ] Leaving safepoint region
[2022-06-13T02:12:20.243+0000][1][safepoint    ] Total time for which application threads were stopped: 0.0004691 seconds, Stopping threads took: 0.0001908 seconds
[2022-06-13T02:12:21.243+0000][1][safepoint    ] Application time: 1.0001221 seconds
[2022-06-13T02:12:21.244+0000][1][safepoint    ] Entering safepoint region: Cleanup
[2022-06-13T02:12:21.244+0000][1][safepoint    ] Leaving safepoint region
[2022-06-13T02:12:21.245+0000][1][safepoint    ] Total time for which application threads were stopped: 0.0010540 seconds, Stopping threads took: 0.0005023 seconds
[2022-06-13T02:12:22.245+0000][1][safepoint    ] Application time: 1.0002542 seconds
[2022-06-13T02:12:22.246+0000][1][safepoint    ] Entering safepoint region: Cleanup
[2022-06-13T02:12:22.246+0000][1][safepoint    ] Leaving safepoint region
[2022-06-13T02:12:22.247+0000][1][safepoint    ] Total time for which application threads were stopped: 0.0007355 seconds, Stopping threads took: 0.0003471 seconds
[2022-06-13T02:12:23.247+0000][1][safepoint    ] Application time: 1.0002156 seconds
[2022-06-13T02:12:23.248+0000][1][safepoint    ] Entering safepoint region: Cleanup
[2022-06-13T02:12:23.249+0000][1][safepoint    ] Leaving safepoint region
[2022-06-13T02:12:23.249+0000][1][safepoint    ] Total time for which application threads were stopped: 0.0009633 seconds, Stopping threads took: 0.0005092 seconds
[2022-06-13T02:12:24.249+0000][1][safepoint    ] Application time: 1.0002055 seconds
[2022-06-13T02:12:24.250+0000][1][safepoint    ] Entering safepoint region: Cleanup
[2022-06-13T02:12:24.250+0000][1][safepoint    ] Leaving safepoint region
[2022-06-13T02:12:24.251+0000][1][safepoint    ] Total time for which application threads were stopped: 0.0008294 seconds, Stopping threads took: 0.0003882 seconds
[2022-06-13T02:12:25.251+0000][1][safepoint    ] Application time: 1.0002718 seconds
[2022-06-13T02:12:25.252+0000][1][safepoint    ] Entering safepoint region: Cleanup
[2022-06-13T02:12:25.252+0000][1][safepoint    ] Leaving safepoint region
[2022-06-13T02:12:25.253+0000][1][safepoint    ] Total time for which application threads were stopped: 0.0008119 seconds, Stopping threads took: 0.0003514 seconds
[2022-06-13T02:12:26.253+0000][1][safepoint    ] Application time: 1.0001777 seconds
[2022-06-13T02:12:26.254+0000][1][safepoint    ] Entering safepoint region: Cleanup
[2022-06-13T02:12:26.254+0000][1][safepoint    ] Leaving safepoint region
[2022-06-13T02:12:26.254+0000][1][safepoint    ] Total time for which application threads were stopped: 0.0003763 seconds, Stopping threads took: 0.0001439 seconds
[2022-06-13T02:12:27.254+0000][1][safepoint    ] Application time: 1.0003533 seconds
[2022-06-13T02:12:27.255+0000][1][safepoint    ] Entering safepoint region: Cleanup
[2022-06-13T02:12:27.256+0000][1][safepoint    ] Leaving safepoint region
[2022-06-13T02:12:27.256+0000][1][safepoint    ] Total time for which application threads were stopped: 0.0011072 seconds, Stopping threads took: 0.0004224 seconds
[2022-06-13T02:12:28.256+0000][1][safepoint    ] Application time: 1.0002870 seconds
[2022-06-13T02:12:28.257+0000][1][safepoint    ] Entering safepoint region: Cleanup
[2022-06-13T02:12:28.257+0000][1][safepoint    ] Leaving safepoint region
[2022-06-13T02:12:28.258+0000][1][safepoint    ] Total time for which application threads were stopped: 0.0007922 seconds, Stopping threads took: 0.0003501 seconds
[2022-06-13T02:12:29.258+0000][1][safepoint    ] Application time: 1.0001878 seconds
[2022-06-13T02:12:29.259+0000][1][safepoint    ] Entering safepoint region: Cleanup
[2022-06-13T02:12:29.260+0000][1][safepoint    ] Leaving safepoint region
[2022-06-13T02:12:29.260+0000][1][safepoint    ] Total time for which application threads were stopped: 0.0012176 seconds, Stopping threads took: 0.0005014 seconds
[2022-06-13T02:12:30.261+0000][1][safepoint    ] Application time: 1.0002696 seconds
[2022-06-13T02:12:30.262+0000][1][safepoint    ] Entering safepoint region: Cleanup
[2022-06-13T02:12:30.262+0000][1][safepoint    ] Leaving safepoint region
[2022-06-13T02:12:30.262+0000][1][safepoint    ] Total time for which application threads were stopped: 0.0006774 seconds, Stopping threads took: 0.0002834 seconds
[2022-06-13T02:12:31.263+0000][1][safepoint    ] Application time: 1.0002569 seconds
[2022-06-13T02:12:31.263+0000][1][safepoint    ] Entering safepoint region: Cleanup
[2022-06-13T02:12:31.264+0000][1][safepoint    ] Leaving safepoint region
[2022-06-13T02:12:31.264+0000][1][safepoint    ] Total time for which application threads were stopped: 0.0009437 seconds, Stopping threads took: 0.0004566 seconds
[2022-06-13T02:12:32.265+0000][1][safepoint    ] Application time: 1.0001511 seconds
[2022-06-13T02:12:32.265+0000][1][safepoint    ] Entering safepoint region: Cleanup
[2022-06-13T02:12:32.266+0000][1][safepoint    ] Leaving safepoint region
[2022-06-13T02:12:32.267+0000][1][safepoint    ] Total time for which application threads were stopped: 0.0011862 seconds, Stopping threads took: 0.0005500 seconds
[2022-06-13T02:12:33.268+0000][1][safepoint    ] Application time: 1.0003331 seconds
[2022-06-13T02:12:33.268+0000][1][safepoint    ] Entering safepoint region: Cleanup
[2022-06-13T02:12:33.269+0000][1][safepoint    ] Leaving safepoint region
[2022-06-13T02:12:33.269+0000][1][safepoint    ] Total time for which application threads were stopped: 0.0011864 seconds, Stopping threads took: 0.0004803 seconds
[2022-06-13T02:12:34.270+0000][1][safepoint    ] Application time: 1.0002412 seconds
[2022-06-13T02:12:34.271+0000][1][safepoint    ] Entering safepoint region: Cleanup
[2022-06-13T02:12:34.271+0000][1][safepoint    ] Leaving safepoint region
[2022-06-13T02:12:34.272+0000][1][safepoint    ] Total time for which application threads were stopped: 0.0008616 seconds, Stopping threads took: 0.0004907 seconds
[2022-06-13T02:12:35.272+0000][1][safepoint    ] Application time: 1.0002322 seconds
[2022-06-13T02:12:35.273+0000][1][safepoint    ] Entering safepoint region: Cleanup
[2022-06-13T02:12:35.273+0000][1][safepoint    ] Leaving safepoint region
[2022-06-13T02:12:35.273+0000][1][safepoint    ] Total time for which application threads were stopped: 0.0007950 seconds, Stopping threads took: 0.0003414 seconds
[2022-06-13T02:12:36.274+0000][1][safepoint    ] Application time: 1.0002074 seconds
[2022-06-13T02:12:36.275+0000][1][safepoint    ] Entering safepoint region: Cleanup
[2022-06-13T02:12:36.275+0000][1][safepoint    ] Leaving safepoint region
[2022-06-13T02:12:36.275+0000][1][safepoint    ] Total time for which application threads were stopped: 0.0007696 seconds, Stopping threads took: 0.0003078 seconds
[2022-06-13T02:12:37.053+0000][1][safepoint    ] Application time: 0.7772372 seconds
[2022-06-13T02:12:37.053+0000][1][safepoint    ] Entering safepoint region: GenCollectForAllocation
[2022-06-13T02:12:37.054+0000][1][gc,start     ] GC(22) Pause Young (Allocation Failure)
[2022-06-13T02:12:37.054+0000][1][gc,task      ] GC(22) Using 5 workers of 13 for evacuation
[2022-06-13T02:12:37.059+0000][1][gc,age       ] GC(22) Desired survivor size 4456448 bytes, new threshold 2 (max threshold 6)
[2022-06-13T02:12:37.059+0000][1][gc,age       ] GC(22) Age table with threshold 2 (max threshold 6)
[2022-06-13T02:12:37.059+0000][1][gc,age       ] GC(22) - age   1:    1408264 bytes,    1408264 total
[2022-06-13T02:12:37.059+0000][1][gc,age       ] GC(22) - age   2:    3656768 bytes,    5065032 total
[2022-06-13T02:12:37.060+0000][1][gc,heap      ] GC(22) ParNew: 76893K->7050K(78656K)
[2022-06-13T02:12:37.060+0000][1][gc,heap      ] GC(22) CMS: 62663K->64100K(174784K)
[2022-06-13T02:12:37.060+0000][1][gc,metaspace ] GC(22) Metaspace: 64673K->64673K(1107968K)
[2022-06-13T02:12:37.061+0000][1][gc           ] GC(22) Pause Young (Allocation Failure) 136M->69M(247M) 6.833ms
[2022-06-13T02:12:37.061+0000][1][gc,cpu       ] GC(22) User=0.01s Sys=0.01s Real=0.01s
[2022-06-13T02:12:37.061+0000][1][safepoint    ] Leaving safepoint region
[2022-06-13T02:12:37.061+0000][1][safepoint    ] Total time for which application threads were stopped: 0.0079777 seconds, Stopping threads took: 0.0002438 seconds
[2022-06-13T02:12:38.062+0000][1][safepoint    ] Application time: 1.0002947 seconds
[2022-06-13T02:12:38.062+0000][1][safepoint    ] Entering safepoint region: Cleanup
[2022-06-13T02:12:38.063+0000][1][safepoint    ] Leaving safepoint region
[2022-06-13T02:12:38.063+0000][1][safepoint    ] Total time for which application threads were stopped: 0.0010625 seconds, Stopping threads took: 0.0004697 seconds
[2022-06-13T02:12:39.064+0000][1][safepoint    ] Application time: 1.0001709 seconds
[2022-06-13T02:12:39.065+0000][1][safepoint    ] Entering safepoint region: Cleanup
[2022-06-13T02:12:39.065+0000][1][safepoint    ] Leaving safepoint region
[2022-06-13T02:12:39.066+0000][1][safepoint    ] Total time for which application threads were stopped: 0.0010996 seconds, Stopping threads took: 0.0006416 seconds
[2022-06-13T02:12:40.067+0000][1][safepoint    ] Application time: 1.0002537 seconds
[2022-06-13T02:12:40.067+0000][1][safepoint    ] Entering safepoint region: Cleanup
[2022-06-13T02:12:40.068+0000][1][safepoint    ] Leaving safepoint region
[2022-06-13T02:12:40.068+0000][1][safepoint    ] Total time for which application threads were stopped: 0.0007784 seconds, Stopping threads took: 0.0003689 seconds
[2022-06-13T02:12:41.069+0000][1][safepoint    ] Application time: 1.0001552 seconds
[2022-06-13T02:12:41.069+0000][1][safepoint    ] Entering safepoint region: Cleanup
[2022-06-13T02:12:41.069+0000][1][safepoint    ] Leaving safepoint region
[2022-06-13T02:12:41.070+0000][1][safepoint    ] Total time for which application threads were stopped: 0.0007972 seconds, Stopping threads took: 0.0003097 seconds
[2022-06-13T02:12:42.070+0000][1][safepoint    ] Application time: 1.0002798 seconds
[2022-06-13T02:12:42.071+0000][1][safepoint    ] Entering safepoint region: Cleanup
[2022-06-13T02:12:42.071+0000][1][safepoint    ] Leaving safepoint region
[2022-06-13T02:12:42.072+0000][1][safepoint    ] Total time for which application threads were stopped: 0.0012000 seconds, Stopping threads took: 0.0006410 seconds
[2022-06-13T02:12:43.073+0000][1][safepoint    ] Application time: 1.0002079 seconds
[2022-06-13T02:12:43.073+0000][1][safepoint    ] Entering safepoint region: Cleanup
[2022-06-13T02:12:43.074+0000][1][safepoint    ] Leaving safepoint region
[2022-06-13T02:12:43.074+0000][1][safepoint    ] Total time for which application threads were stopped: 0.0010132 seconds, Stopping threads took: 0.0005921 seconds
[2022-06-13T02:12:44.075+0000][1][safepoint    ] Application time: 1.0002391 seconds
[2022-06-13T02:12:44.075+0000][1][safepoint    ] Entering safepoint region: Cleanup
[2022-06-13T02:12:44.076+0000][1][safepoint    ] Leaving safepoint region
[2022-06-13T02:12:44.076+0000][1][safepoint    ] Total time for which application threads were stopped: 0.0008409 seconds, Stopping threads took: 0.0003859 seconds
[2022-06-13T02:12:45.077+0000][1][safepoint    ] Application time: 1.0003023 seconds
[2022-06-13T02:12:45.077+0000][1][safepoint    ] Entering safepoint region: Cleanup
[2022-06-13T02:12:45.078+0000][1][safepoint    ] Leaving safepoint region
[2022-06-13T02:12:45.078+0000][1][safepoint    ] Total time for which application threads were stopped: 0.0009432 seconds, Stopping threads took: 0.0005265 seconds
[2022-06-13T02:12:46.079+0000][1][safepoint    ] Application time: 1.0001781 seconds
[2022-06-13T02:12:46.079+0000][1][safepoint    ] Entering safepoint region: Cleanup
[2022-06-13T02:12:46.080+0000][1][safepoint    ] Leaving safepoint region
[2022-06-13T02:12:46.080+0000][1][safepoint    ] Total time for which application threads were stopped: 0.0011078 seconds, Stopping threads took: 0.0005461 seconds
[2022-06-13T02:12:47.081+0000][1][safepoint    ] Application time: 1.0000947 seconds
[2022-06-13T02:12:47.081+0000][1][safepoint    ] Entering safepoint region: Cleanup
[2022-06-13T02:12:47.081+0000][1][safepoint    ] Leaving safepoint region
[2022-06-13T02:12:47.082+0000][1][safepoint    ] Total time for which application threads were stopped: 0.0006532 seconds, Stopping threads took: 0.0001675 seconds
[2022-06-13T02:12:48.082+0000][1][safepoint    ] Application time: 1.0002868 seconds
[2022-06-13T02:12:48.083+0000][1][safepoint    ] Entering safepoint region: Cleanup
[2022-06-13T02:12:48.083+0000][1][safepoint    ] Leaving safepoint region
[2022-06-13T02:12:48.084+0000][1][safepoint    ] Total time for which application threads were stopped: 0.0008772 seconds, Stopping threads took: 0.0004225 seconds
[2022-06-13T02:12:49.084+0000][1][safepoint    ] Application time: 1.0001866 seconds
[2022-06-13T02:12:49.085+0000][1][safepoint    ] Entering safepoint region: Cleanup
[2022-06-13T02:12:49.085+0000][1][safepoint    ] Leaving safepoint region
[2022-06-13T02:12:49.085+0000][1][safepoint    ] Total time for which application threads were stopped: 0.0005712 seconds, Stopping threads took: 0.0002657 seconds
[2022-06-13T02:12:50.086+0000][1][safepoint    ] Application time: 1.0001473 seconds
[2022-06-13T02:12:50.086+0000][1][safepoint    ] Entering safepoint region: Cleanup
[2022-06-13T02:12:50.087+0000][1][safepoint    ] Leaving safepoint region
[2022-06-13T02:12:50.087+0000][1][safepoint    ] Total time for which application threads were stopped: 0.0009161 seconds, Stopping threads took: 0.0004483 seconds
[2022-06-13T02:12:51.088+0000][1][safepoint    ] Application time: 1.0001757 seconds
[2022-06-13T02:12:51.088+0000][1][safepoint    ] Entering safepoint region: Cleanup
[2022-06-13T02:12:51.089+0000][1][safepoint    ] Leaving safepoint region
[2022-06-13T02:12:51.090+0000][1][safepoint    ] Total time for which application threads were stopped: 0.0014034 seconds, Stopping threads took: 0.0005688 seconds
[2022-06-13T02:12:52.091+0000][1][safepoint    ] Application time: 1.0002336 seconds
[2022-06-13T02:12:52.091+0000][1][safepoint    ] Entering safepoint region: Cleanup
[2022-06-13T02:12:52.092+0000][1][safepoint    ] Leaving safepoint region
[2022-06-13T02:12:52.092+0000][1][safepoint    ] Total time for which application threads were stopped: 0.0010220 seconds, Stopping threads took: 0.0004914 seconds
[2022-06-13T02:12:53.093+0000][1][safepoint    ] Application time: 1.0001837 seconds
[2022-06-13T02:12:53.093+0000][1][safepoint    ] Entering safepoint region: Cleanup
[2022-06-13T02:12:53.094+0000][1][safepoint    ] Leaving safepoint region
[2022-06-13T02:12:53.094+0000][1][safepoint    ] Total time for which application threads were stopped: 0.0007844 seconds, Stopping threads took: 0.0003547 seconds
[2022-06-13T02:12:54.095+0000][1][safepoint    ] Application time: 1.0002726 seconds
[2022-06-13T02:12:54.095+0000][1][safepoint    ] Entering safepoint region: Cleanup
[2022-06-13T02:12:54.096+0000][1][safepoint    ] Leaving safepoint region
[2022-06-13T02:12:54.097+0000][1][safepoint    ] Total time for which application threads were stopped: 0.0011557 seconds, Stopping threads took: 0.0004921 seconds
[2022-06-13T02:12:55.097+0000][1][safepoint    ] Application time: 1.0002758 seconds
[2022-06-13T02:12:55.098+0000][1][safepoint    ] Entering safepoint region: Cleanup
[2022-06-13T02:12:55.099+0000][1][safepoint    ] Leaving safepoint region
[2022-06-13T02:12:55.099+0000][1][safepoint    ] Total time for which application threads were stopped: 0.0010586 seconds, Stopping threads took: 0.0005791 seconds
[2022-06-13T02:12:56.100+0000][1][safepoint    ] Application time: 1.0002266 seconds
[2022-06-13T02:12:56.100+0000][1][safepoint    ] Entering safepoint region: Cleanup
[2022-06-13T02:12:56.101+0000][1][safepoint    ] Leaving safepoint region
[2022-06-13T02:12:56.101+0000][1][safepoint    ] Total time for which application threads were stopped: 0.0010638 seconds, Stopping threads took: 0.0005032 seconds
[2022-06-13T02:12:57.102+0000][1][safepoint    ] Application time: 1.0001762 seconds
[2022-06-13T02:12:57.103+0000][1][safepoint    ] Entering safepoint region: Cleanup
[2022-06-13T02:12:57.103+0000][1][safepoint    ] Leaving safepoint region
[2022-06-13T02:12:57.103+0000][1][safepoint    ] Total time for which application threads were stopped: 0.0007563 seconds, Stopping threads took: 0.0003456 seconds
[2022-06-13T02:12:58.104+0000][1][safepoint    ] Application time: 1.0001918 seconds
[2022-06-13T02:12:58.104+0000][1][safepoint    ] Entering safepoint region: Cleanup
[2022-06-13T02:12:58.104+0000][1][safepoint    ] Leaving safepoint region
[2022-06-13T02:12:58.105+0000][1][safepoint    ] Total time for which application threads were stopped: 0.0005333 seconds, Stopping threads took: 0.0002412 seconds
[2022-06-13T02:12:59.105+0000][1][safepoint    ] Application time: 1.0001946 seconds
[2022-06-13T02:12:59.106+0000][1][safepoint    ] Entering safepoint region: Cleanup
[2022-06-13T02:12:59.106+0000][1][safepoint    ] Leaving safepoint region
[2022-06-13T02:12:59.106+0000][1][safepoint    ] Total time for which application threads were stopped: 0.0009589 seconds, Stopping threads took: 0.0005868 seconds
[2022-06-13T02:13:00.107+0000][1][safepoint    ] Application time: 1.0001230 seconds
[2022-06-13T02:13:00.108+0000][1][safepoint    ] Entering safepoint region: Cleanup
[2022-06-13T02:13:00.108+0000][1][safepoint    ] Leaving safepoint region
[2022-06-13T02:13:00.109+0000][1][safepoint    ] Total time for which application threads were stopped: 0.0008738 seconds, Stopping threads took: 0.0003808 seconds
[2022-06-13T02:13:01.109+0000][1][safepoint    ] Application time: 1.0001169 seconds
[2022-06-13T02:13:01.109+0000][1][safepoint    ] Entering safepoint region: Cleanup
[2022-06-13T02:13:01.110+0000][1][safepoint    ] Leaving safepoint region
[2022-06-13T02:13:01.110+0000][1][safepoint    ] Total time for which application threads were stopped: 0.0005410 seconds, Stopping threads took: 0.0002175 seconds
[2022-06-13T02:13:02.110+0000][1][safepoint    ] Application time: 1.0001542 seconds
[2022-06-13T02:13:02.110+0000][1][safepoint    ] Entering safepoint region: Cleanup
[2022-06-13T02:13:02.111+0000][1][safepoint    ] Leaving safepoint region
[2022-06-13T02:13:02.111+0000][1][safepoint    ] Total time for which application threads were stopped: 0.0002700 seconds, Stopping threads took: 0.0001073 seconds
[2022-06-13T02:13:03.111+0000][1][safepoint    ] Application time: 1.0002395 seconds
[2022-06-13T02:13:03.112+0000][1][safepoint    ] Entering safepoint region: Cleanup
[2022-06-13T02:13:03.112+0000][1][safepoint    ] Leaving safepoint region
[2022-06-13T02:13:03.112+0000][1][safepoint    ] Total time for which application threads were stopped: 0.0007566 seconds, Stopping threads took: 0.0003328 seconds
[2022-06-13T02:13:04.113+0000][1][safepoint    ] Application time: 1.0002386 seconds
[2022-06-13T02:13:04.114+0000][1][safepoint    ] Entering safepoint region: Cleanup
[2022-06-13T02:13:04.114+0000][1][safepoint    ] Leaving safepoint region
[2022-06-13T02:13:04.114+0000][1][safepoint    ] Total time for which application threads were stopped: 0.0008745 seconds, Stopping threads took: 0.0004065 seconds
[2022-06-13T02:13:05.115+0000][1][safepoint    ] Application time: 1.0002551 seconds
[2022-06-13T02:13:05.116+0000][1][safepoint    ] Entering safepoint region: Cleanup
[2022-06-13T02:13:05.116+0000][1][safepoint    ] Leaving safepoint region
[2022-06-13T02:13:05.116+0000][1][safepoint    ] Total time for which application threads were stopped: 0.0006779 seconds, Stopping threads took: 0.0003248 seconds
[2022-06-13T02:13:06.117+0000][1][safepoint    ] Application time: 1.0002047 seconds
[2022-06-13T02:13:06.117+0000][1][safepoint    ] Entering safepoint region: Cleanup
[2022-06-13T02:13:06.118+0000][1][safepoint    ] Leaving safepoint region
[2022-06-13T02:13:06.118+0000][1][safepoint    ] Total time for which application threads were stopped: 0.0007041 seconds, Stopping threads took: 0.0003690 seconds
[2022-06-13T02:13:07.118+0000][1][safepoint    ] Application time: 1.0001946 seconds
[2022-06-13T02:13:07.119+0000][1][safepoint    ] Entering safepoint region: Cleanup
[2022-06-13T02:13:07.119+0000][1][safepoint    ] Leaving safepoint region
[2022-06-13T02:13:07.120+0000][1][safepoint    ] Total time for which application threads were stopped: 0.0009573 seconds, Stopping threads took: 0.0004868 seconds
[2022-06-13T02:13:08.120+0000][1][safepoint    ] Application time: 1.0002531 seconds
[2022-06-13T02:13:08.121+0000][1][safepoint    ] Entering safepoint region: Cleanup
[2022-06-13T02:13:08.121+0000][1][safepoint    ] Leaving safepoint region
[2022-06-13T02:13:08.122+0000][1][safepoint    ] Total time for which application threads were stopped: 0.0007862 seconds, Stopping threads took: 0.0004067 seconds
[2022-06-13T02:13:11.123+0000][1][safepoint    ] Application time: 3.0007682 seconds
[2022-06-13T02:13:11.123+0000][1][safepoint    ] Entering safepoint region: Cleanup
[2022-06-13T02:13:11.124+0000][1][safepoint    ] Leaving safepoint region
[2022-06-13T02:13:11.124+0000][1][safepoint    ] Total time for which application threads were stopped: 0.0008747 seconds, Stopping threads took: 0.0003901 seconds
[2022-06-13T02:13:12.125+0000][1][safepoint    ] Application time: 1.0002456 seconds
[2022-06-13T02:13:12.125+0000][1][safepoint    ] Entering safepoint region: Cleanup
[2022-06-13T02:13:12.126+0000][1][safepoint    ] Leaving safepoint region
[2022-06-13T02:13:12.126+0000][1][safepoint    ] Total time for which application threads were stopped: 0.0010315 seconds, Stopping threads took: 0.0004563 seconds
[2022-06-13T02:13:15.127+0000][1][safepoint    ] Application time: 3.0007242 seconds
[2022-06-13T02:13:15.128+0000][1][safepoint    ] Entering safepoint region: Cleanup
[2022-06-13T02:13:15.129+0000][1][safepoint    ] Leaving safepoint region
[2022-06-13T02:13:15.129+0000][1][safepoint    ] Total time for which application threads were stopped: 0.0008908 seconds, Stopping threads took: 0.0004046 seconds
[2022-06-13T02:13:16.129+0000][1][safepoint    ] Application time: 1.0001263 seconds
[2022-06-13T02:13:16.130+0000][1][safepoint    ] Entering safepoint region: Cleanup
[2022-06-13T02:13:16.130+0000][1][safepoint    ] Leaving safepoint region
[2022-06-13T02:13:16.131+0000][1][safepoint    ] Total time for which application threads were stopped: 0.0008587 seconds, Stopping threads took: 0.0003236 seconds
[2022-06-13T02:13:23.132+0000][1][safepoint    ] Application time: 7.0012207 seconds
[2022-06-13T02:13:23.133+0000][1][safepoint    ] Entering safepoint region: Cleanup
[2022-06-13T02:13:23.133+0000][1][safepoint    ] Leaving safepoint region
[2022-06-13T02:13:23.133+0000][1][safepoint    ] Total time for which application threads were stopped: 0.0007238 seconds, Stopping threads took: 0.0002418 seconds
[2022-06-13T02:13:26.134+0000][1][safepoint    ] Application time: 3.0003761 seconds
[2022-06-13T02:13:26.134+0000][1][safepoint    ] Entering safepoint region: Cleanup
[2022-06-13T02:13:26.135+0000][1][safepoint    ] Leaving safepoint region
[2022-06-13T02:13:26.135+0000][1][safepoint    ] Total time for which application threads were stopped: 0.0007629 seconds, Stopping threads took: 0.0003375 seconds
[2022-06-13T02:13:27.136+0000][1][safepoint    ] Application time: 1.0002194 seconds
[2022-06-13T02:13:27.136+0000][1][safepoint    ] Entering safepoint region: Cleanup
[2022-06-13T02:13:27.137+0000][1][safepoint    ] Leaving safepoint region
[2022-06-13T02:13:27.137+0000][1][safepoint    ] Total time for which application threads were stopped: 0.0007667 seconds, Stopping threads took: 0.0003380 seconds
[2022-06-13T02:13:28.137+0000][1][safepoint    ] Application time: 1.0001342 seconds
[2022-06-13T02:13:28.138+0000][1][safepoint    ] Entering safepoint region: Cleanup
[2022-06-13T02:13:28.139+0000][1][safepoint    ] Leaving safepoint region
[2022-06-13T02:13:28.139+0000][1][safepoint    ] Total time for which application threads were stopped: 0.0008676 seconds, Stopping threads took: 0.0004384 seconds
[2022-06-13T02:13:29.139+0000][1][safepoint    ] Application time: 1.0002210 seconds
[2022-06-13T02:13:29.140+0000][1][safepoint    ] Entering safepoint region: Cleanup
[2022-06-13T02:13:29.141+0000][1][safepoint    ] Leaving safepoint region
[2022-06-13T02:13:29.141+0000][1][safepoint    ] Total time for which application threads were stopped: 0.0012913 seconds, Stopping threads took: 0.0006226 seconds
[2022-06-13T02:13:30.142+0000][1][safepoint    ] Application time: 1.0001570 seconds
[2022-06-13T02:13:30.142+0000][1][safepoint    ] Entering safepoint region: Cleanup
[2022-06-13T02:13:30.143+0000][1][safepoint    ] Leaving safepoint region
[2022-06-13T02:13:30.143+0000][1][safepoint    ] Total time for which application threads were stopped: 0.0009027 seconds, Stopping threads took: 0.0004207 seconds
[2022-06-13T02:13:31.144+0000][1][safepoint    ] Application time: 1.0001688 seconds
[2022-06-13T02:13:31.144+0000][1][safepoint    ] Entering safepoint region: Cleanup
[2022-06-13T02:13:31.144+0000][1][safepoint    ] Leaving safepoint region
[2022-06-13T02:13:31.145+0000][1][safepoint    ] Total time for which application threads were stopped: 0.0005198 seconds, Stopping threads took: 0.0002236 seconds
[2022-06-13T02:13:32.145+0000][1][safepoint    ] Application time: 1.0002037 seconds
[2022-06-13T02:13:32.145+0000][1][safepoint    ] Entering safepoint region: Cleanup
[2022-06-13T02:13:32.146+0000][1][safepoint    ] Leaving safepoint region
[2022-06-13T02:13:32.146+0000][1][safepoint    ] Total time for which application threads were stopped: 0.0006839 seconds, Stopping threads took: 0.0002658 seconds
[2022-06-13T02:13:33.146+0000][1][safepoint    ] Application time: 1.0001804 seconds
[2022-06-13T02:13:33.147+0000][1][safepoint    ] Entering safepoint region: Cleanup
[2022-06-13T02:13:33.147+0000][1][safepoint    ] Leaving safepoint region
[2022-06-13T02:13:33.148+0000][1][safepoint    ] Total time for which application threads were stopped: 0.0006597 seconds, Stopping threads took: 0.0002762 seconds
[2022-06-13T02:13:34.148+0000][1][safepoint    ] Application time: 1.0002739 seconds
[2022-06-13T02:13:34.149+0000][1][safepoint    ] Entering safepoint region: Cleanup
[2022-06-13T02:13:34.150+0000][1][safepoint    ] Leaving safepoint region
[2022-06-13T02:13:34.150+0000][1][safepoint    ] Total time for which application threads were stopped: 0.0014467 seconds, Stopping threads took: 0.0007281 seconds
[2022-06-13T02:13:35.151+0000][1][safepoint    ] Application time: 1.0001968 seconds
[2022-06-13T02:13:35.151+0000][1][safepoint    ] Entering safepoint region: Cleanup
[2022-06-13T02:13:35.152+0000][1][safepoint    ] Leaving safepoint region
[2022-06-13T02:13:35.152+0000][1][safepoint    ] Total time for which application threads were stopped: 0.0004858 seconds, Stopping threads took: 0.0002037 seconds
[2022-06-13T02:13:36.152+0000][1][safepoint    ] Application time: 1.0002057 seconds
[2022-06-13T02:13:36.153+0000][1][safepoint    ] Entering safepoint region: Cleanup
[2022-06-13T02:13:36.154+0000][1][safepoint    ] Leaving safepoint region
[2022-06-13T02:13:36.154+0000][1][safepoint    ] Total time for which application threads were stopped: 0.0014280 seconds, Stopping threads took: 0.0006621 seconds
[2022-06-13T02:13:37.155+0000][1][safepoint    ] Application time: 1.0001785 seconds
[2022-06-13T02:13:37.155+0000][1][safepoint    ] Entering safepoint region: Cleanup
[2022-06-13T02:13:37.156+0000][1][safepoint    ] Leaving safepoint region
[2022-06-13T02:13:37.156+0000][1][safepoint    ] Total time for which application threads were stopped: 0.0010321 seconds, Stopping threads took: 0.0004930 seconds
[2022-06-13T02:13:38.157+0000][1][safepoint    ] Application time: 1.0001752 seconds
[2022-06-13T02:13:38.158+0000][1][safepoint    ] Entering safepoint region: Cleanup
[2022-06-13T02:13:38.158+0000][1][safepoint    ] Leaving safepoint region
[2022-06-13T02:13:38.158+0000][1][safepoint    ] Total time for which application threads were stopped: 0.0007546 seconds, Stopping threads took: 0.0003171 seconds
[2022-06-13T02:13:39.159+0000][1][safepoint    ] Application time: 1.0002110 seconds
[2022-06-13T02:13:39.159+0000][1][safepoint    ] Entering safepoint region: Cleanup
[2022-06-13T02:13:39.160+0000][1][safepoint    ] Leaving safepoint region
[2022-06-13T02:13:39.160+0000][1][safepoint    ] Total time for which application threads were stopped: 0.0007623 seconds, Stopping threads took: 0.0002434 seconds
[2022-06-13T02:13:40.161+0000][1][safepoint    ] Application time: 1.0002490 seconds
[2022-06-13T02:13:40.162+0000][1][safepoint    ] Entering safepoint region: Cleanup
[2022-06-13T02:13:40.162+0000][1][safepoint    ] Leaving safepoint region
[2022-06-13T02:13:40.163+0000][1][safepoint    ] Total time for which application threads were stopped: 0.0009622 seconds, Stopping threads took: 0.0003159 seconds
[2022-06-13T02:13:41.163+0000][1][safepoint    ] Application time: 1.0002592 seconds
[2022-06-13T02:13:41.164+0000][1][safepoint    ] Entering safepoint region: Cleanup
[2022-06-13T02:13:41.165+0000][1][safepoint    ] Leaving safepoint region
[2022-06-13T02:13:41.165+0000][1][safepoint    ] Total time for which application threads were stopped: 0.0013289 seconds, Stopping threads took: 0.0005487 seconds
[2022-06-13T02:13:42.166+0000][1][safepoint    ] Application time: 1.0002813 seconds
[2022-06-13T02:13:42.167+0000][1][safepoint    ] Entering safepoint region: Cleanup
[2022-06-13T02:13:42.168+0000][1][safepoint    ] Leaving safepoint region
[2022-06-13T02:13:42.168+0000][1][safepoint    ] Total time for which application threads were stopped: 0.0012087 seconds, Stopping threads took: 0.0005241 seconds
[2022-06-13T02:13:43.169+0000][1][safepoint    ] Application time: 1.0001924 seconds
[2022-06-13T02:13:43.169+0000][1][safepoint    ] Entering safepoint region: Cleanup
[2022-06-13T02:13:43.170+0000][1][safepoint    ] Leaving safepoint region
[2022-06-13T02:13:43.170+0000][1][safepoint    ] Total time for which application threads were stopped: 0.0006150 seconds, Stopping threads took: 0.0002834 seconds
[2022-06-13T02:13:44.170+0000][1][safepoint    ] Application time: 1.0002918 seconds
[2022-06-13T02:13:44.171+0000][1][safepoint    ] Entering safepoint region: Cleanup
[2022-06-13T02:13:44.172+0000][1][safepoint    ] Leaving safepoint region
[2022-06-13T02:13:44.172+0000][1][safepoint    ] Total time for which application threads were stopped: 0.0011821 seconds, Stopping threads took: 0.0004208 seconds
[2022-06-13T02:13:45.173+0000][1][safepoint    ] Application time: 1.0002100 seconds
[2022-06-13T02:13:45.174+0000][1][safepoint    ] Entering safepoint region: Cleanup
[2022-06-13T02:13:45.174+0000][1][safepoint    ] Leaving safepoint region
[2022-06-13T02:13:45.174+0000][1][safepoint    ] Total time for which application threads were stopped: 0.0008668 seconds, Stopping threads took: 0.0003793 seconds
[2022-06-13T02:13:46.175+0000][1][safepoint    ] Application time: 1.0001557 seconds
[2022-06-13T02:13:46.175+0000][1][safepoint    ] Entering safepoint region: Cleanup
[2022-06-13T02:13:46.176+0000][1][safepoint    ] Leaving safepoint region
[2022-06-13T02:13:46.176+0000][1][safepoint    ] Total time for which application threads were stopped: 0.0008269 seconds, Stopping threads took: 0.0003275 seconds
[2022-06-13T02:13:47.177+0000][1][safepoint    ] Application time: 1.0001756 seconds
[2022-06-13T02:13:47.177+0000][1][safepoint    ] Entering safepoint region: Cleanup
[2022-06-13T02:13:47.178+0000][1][safepoint    ] Leaving safepoint region
[2022-06-13T02:13:47.178+0000][1][safepoint    ] Total time for which application threads were stopped: 0.0009564 seconds, Stopping threads took: 0.0004583 seconds
[2022-06-13T02:13:48.179+0000][1][safepoint    ] Application time: 1.0002560 seconds
[2022-06-13T02:13:48.179+0000][1][safepoint    ] Entering safepoint region: Cleanup
[2022-06-13T02:13:48.180+0000][1][safepoint    ] Leaving safepoint region
[2022-06-13T02:13:48.180+0000][1][safepoint    ] Total time for which application threads were stopped: 0.0008746 seconds, Stopping threads took: 0.0004108 seconds
[2022-06-13T02:13:49.181+0000][1][safepoint    ] Application time: 1.0002219 seconds
[2022-06-13T02:13:49.181+0000][1][safepoint    ] Entering safepoint region: Cleanup
[2022-06-13T02:13:49.182+0000][1][safepoint    ] Leaving safepoint region
[2022-06-13T02:13:49.182+0000][1][safepoint    ] Total time for which application threads were stopped: 0.0005980 seconds, Stopping threads took: 0.0002484 seconds
[2022-06-13T02:13:50.182+0000][1][safepoint    ] Application time: 1.0001730 seconds
[2022-06-13T02:13:50.183+0000][1][safepoint    ] Entering safepoint region: Cleanup
[2022-06-13T02:13:50.183+0000][1][safepoint    ] Leaving safepoint region
[2022-06-13T02:13:50.184+0000][1][safepoint    ] Total time for which application threads were stopped: 0.0008891 seconds, Stopping threads took: 0.0003872 seconds
[2022-06-13T02:13:51.184+0000][1][safepoint    ] Application time: 1.0003499 seconds
[2022-06-13T02:13:51.185+0000][1][safepoint    ] Entering safepoint region: Cleanup
[2022-06-13T02:13:51.186+0000][1][safepoint    ] Leaving safepoint region
[2022-06-13T02:13:51.187+0000][1][safepoint    ] Total time for which application threads were stopped: 0.0013586 seconds, Stopping threads took: 0.0006106 seconds
[2022-06-13T02:13:52.187+0000][1][safepoint    ] Application time: 1.0002320 seconds
[2022-06-13T02:13:52.188+0000][1][safepoint    ] Entering safepoint region: Cleanup
[2022-06-13T02:13:52.188+0000][1][safepoint    ] Leaving safepoint region
[2022-06-13T02:13:52.189+0000][1][safepoint    ] Total time for which application threads were stopped: 0.0009424 seconds, Stopping threads took: 0.0005080 seconds
[2022-06-13T02:13:53.189+0000][1][safepoint    ] Application time: 1.0003349 seconds
[2022-06-13T02:13:53.190+0000][1][safepoint    ] Entering safepoint region: Cleanup
[2022-06-13T02:13:53.191+0000][1][safepoint    ] Leaving safepoint region
[2022-06-13T02:13:53.191+0000][1][safepoint    ] Total time for which application threads were stopped: 0.0012113 seconds, Stopping threads took: 0.0005240 seconds
[2022-06-13T02:13:54.192+0000][1][safepoint    ] Application time: 1.0001384 seconds
[2022-06-13T02:13:54.192+0000][1][safepoint    ] Entering safepoint region: Cleanup
[2022-06-13T02:13:54.193+0000][1][safepoint    ] Leaving safepoint region
[2022-06-13T02:13:54.193+0000][1][safepoint    ] Total time for which application threads were stopped: 0.0006620 seconds, Stopping threads took: 0.0002938 seconds
[2022-06-13T02:13:55.194+0000][1][safepoint    ] Application time: 1.0002602 seconds
[2022-06-13T02:13:55.194+0000][1][safepoint    ] Entering safepoint region: Cleanup
[2022-06-13T02:13:55.195+0000][1][safepoint    ] Leaving safepoint region
[2022-06-13T02:13:55.196+0000][1][safepoint    ] Total time for which application threads were stopped: 0.0015104 seconds, Stopping threads took: 0.0007077 seconds
[2022-06-13T02:13:56.197+0000][1][safepoint    ] Application time: 1.0002218 seconds
[2022-06-13T02:13:56.197+0000][1][safepoint    ] Entering safepoint region: Cleanup
[2022-06-13T02:13:56.198+0000][1][safepoint    ] Leaving safepoint region
[2022-06-13T02:13:56.198+0000][1][safepoint    ] Total time for which application threads were stopped: 0.0005690 seconds, Stopping threads took: 0.0002798 seconds
[2022-06-13T02:13:57.198+0000][1][safepoint    ] Application time: 1.0002293 seconds
[2022-06-13T02:13:57.199+0000][1][safepoint    ] Entering safepoint region: Cleanup
[2022-06-13T02:13:57.199+0000][1][safepoint    ] Leaving safepoint region
[2022-06-13T02:13:57.199+0000][1][safepoint    ] Total time for which application threads were stopped: 0.0005370 seconds, Stopping threads took: 0.0002844 seconds
[2022-06-13T02:13:58.200+0000][1][safepoint    ] Application time: 1.0002078 seconds
[2022-06-13T02:13:58.200+0000][1][safepoint    ] Entering safepoint region: Cleanup
[2022-06-13T02:13:58.201+0000][1][safepoint    ] Leaving safepoint region
[2022-06-13T02:13:58.202+0000][1][safepoint    ] Total time for which application threads were stopped: 0.0012818 seconds, Stopping threads took: 0.0007122 seconds
[2022-06-13T02:13:59.202+0000][1][safepoint    ] Application time: 1.0001449 seconds
[2022-06-13T02:13:59.203+0000][1][safepoint    ] Entering safepoint region: Cleanup
[2022-06-13T02:13:59.203+0000][1][safepoint    ] Leaving safepoint region
[2022-06-13T02:13:59.204+0000][1][safepoint    ] Total time for which application threads were stopped: 0.0008563 seconds, Stopping threads took: 0.0003865 seconds
[2022-06-13T02:14:00.204+0000][1][safepoint    ] Application time: 1.0002394 seconds
[2022-06-13T02:14:00.205+0000][1][safepoint    ] Entering safepoint region: Cleanup
[2022-06-13T02:14:00.206+0000][1][safepoint    ] Leaving safepoint region
[2022-06-13T02:14:00.206+0000][1][safepoint    ] Total time for which application threads were stopped: 0.0012947 seconds, Stopping threads took: 0.0006005 seconds
[2022-06-13T02:14:01.207+0000][1][safepoint    ] Application time: 1.0001972 seconds
[2022-06-13T02:14:01.208+0000][1][safepoint    ] Entering safepoint region: Cleanup
[2022-06-13T02:14:01.208+0000][1][safepoint    ] Leaving safepoint region
[2022-06-13T02:14:01.209+0000][1][safepoint    ] Total time for which application threads were stopped: 0.0008500 seconds, Stopping threads took: 0.0003475 seconds
[2022-06-13T02:14:02.209+0000][1][safepoint    ] Application time: 1.0001465 seconds
[2022-06-13T02:14:02.210+0000][1][safepoint    ] Entering safepoint region: Cleanup
[2022-06-13T02:14:02.210+0000][1][safepoint    ] Leaving safepoint region
[2022-06-13T02:14:02.211+0000][1][safepoint    ] Total time for which application threads were stopped: 0.0010258 seconds, Stopping threads took: 0.0004847 seconds
[2022-06-13T02:14:03.211+0000][1][safepoint    ] Application time: 1.0003409 seconds
[2022-06-13T02:14:03.212+0000][1][safepoint    ] Entering safepoint region: Cleanup
[2022-06-13T02:14:03.213+0000][1][safepoint    ] Leaving safepoint region
[2022-06-13T02:14:03.213+0000][1][safepoint    ] Total time for which application threads were stopped: 0.0015482 seconds, Stopping threads took: 0.0007176 seconds
[2022-06-13T02:14:04.214+0000][1][safepoint    ] Application time: 1.0002471 seconds
[2022-06-13T02:14:04.215+0000][1][safepoint    ] Entering safepoint region: Cleanup
[2022-06-13T02:14:04.215+0000][1][safepoint    ] Leaving safepoint region
[2022-06-13T02:14:04.215+0000][1][safepoint    ] Total time for which application threads were stopped: 0.0005277 seconds, Stopping threads took: 0.0002541 seconds
[2022-06-13T02:14:05.216+0000][1][safepoint    ] Application time: 1.0002242 seconds
[2022-06-13T02:14:05.216+0000][1][safepoint    ] Entering safepoint region: Cleanup
[2022-06-13T02:14:05.217+0000][1][safepoint    ] Leaving safepoint region
[2022-06-13T02:14:05.218+0000][1][safepoint    ] Total time for which application threads were stopped: 0.0014096 seconds, Stopping threads took: 0.0006067 seconds
[2022-06-13T02:14:06.219+0000][1][safepoint    ] Application time: 1.0002310 seconds
[2022-06-13T02:14:06.219+0000][1][safepoint    ] Entering safepoint region: Cleanup
[2022-06-13T02:14:06.220+0000][1][safepoint    ] Leaving safepoint region
[2022-06-13T02:14:06.220+0000][1][safepoint    ] Total time for which application threads were stopped: 0.0010721 seconds, Stopping threads took: 0.0003649 seconds
[2022-06-13T02:14:07.221+0000][1][safepoint    ] Application time: 1.0002811 seconds
[2022-06-13T02:14:07.222+0000][1][safepoint    ] Entering safepoint region: Cleanup
[2022-06-13T02:14:07.222+0000][1][safepoint    ] Leaving safepoint region
[2022-06-13T02:14:07.223+0000][1][safepoint    ] Total time for which application threads were stopped: 0.0009492 seconds, Stopping threads took: 0.0004825 seconds
[2022-06-13T02:14:08.223+0000][1][safepoint    ] Application time: 1.0001072 seconds
[2022-06-13T02:14:08.224+0000][1][safepoint    ] Entering safepoint region: Cleanup
[2022-06-13T02:14:08.224+0000][1][safepoint    ] Leaving safepoint region
[2022-06-13T02:14:08.224+0000][1][safepoint    ] Total time for which application threads were stopped: 0.0008675 seconds, Stopping threads took: 0.0003909 seconds
[2022-06-13T02:14:09.225+0000][1][safepoint    ] Application time: 1.0002267 seconds
[2022-06-13T02:14:09.226+0000][1][safepoint    ] Entering safepoint region: Cleanup
[2022-06-13T02:14:09.227+0000][1][safepoint    ] Leaving safepoint region
[2022-06-13T02:14:09.227+0000][1][safepoint    ] Total time for which application threads were stopped: 0.0016094 seconds, Stopping threads took: 0.0007091 seconds
[2022-06-13T02:14:10.228+0000][1][safepoint    ] Application time: 1.0002727 seconds
[2022-06-13T02:14:10.229+0000][1][safepoint    ] Entering safepoint region: Cleanup
[2022-06-13T02:14:10.229+0000][1][safepoint    ] Leaving safepoint region
[2022-06-13T02:14:10.230+0000][1][safepoint    ] Total time for which application threads were stopped: 0.0010686 seconds, Stopping threads took: 0.0004498 seconds
[2022-06-13T02:14:11.231+0000][1][safepoint    ] Application time: 1.0002685 seconds
[2022-06-13T02:14:11.231+0000][1][safepoint    ] Entering safepoint region: Cleanup
[2022-06-13T02:14:11.231+0000][1][safepoint    ] Leaving safepoint region
[2022-06-13T02:14:11.232+0000][1][safepoint    ] Total time for which application threads were stopped: 0.0006482 seconds, Stopping threads took: 0.0002725 seconds
[2022-06-13T02:14:12.232+0000][1][safepoint    ] Application time: 1.0002094 seconds
[2022-06-13T02:14:12.232+0000][1][safepoint    ] Entering safepoint region: Cleanup
[2022-06-13T02:14:12.233+0000][1][safepoint    ] Leaving safepoint region
[2022-06-13T02:14:12.233+0000][1][safepoint    ] Total time for which application threads were stopped: 0.0005514 seconds, Stopping threads took: 0.0002824 seconds
[2022-06-13T02:14:13.233+0000][1][safepoint    ] Application time: 1.0002177 seconds
[2022-06-13T02:14:13.234+0000][1][safepoint    ] Entering safepoint region: Cleanup
[2022-06-13T02:14:13.234+0000][1][safepoint    ] Leaving safepoint region
[2022-06-13T02:14:13.234+0000][1][safepoint    ] Total time for which application threads were stopped: 0.0006405 seconds, Stopping threads took: 0.0003249 seconds
[2022-06-13T02:14:14.235+0000][1][safepoint    ] Application time: 1.0001832 seconds
[2022-06-13T02:14:14.235+0000][1][safepoint    ] Entering safepoint region: Cleanup
[2022-06-13T02:14:14.236+0000][1][safepoint    ] Leaving safepoint region
[2022-06-13T02:14:14.236+0000][1][safepoint    ] Total time for which application threads were stopped: 0.0005746 seconds, Stopping threads took: 0.0002500 seconds
[2022-06-13T02:14:15.236+0000][1][safepoint    ] Application time: 1.0001936 seconds
[2022-06-13T02:14:15.237+0000][1][safepoint    ] Entering safepoint region: Cleanup
[2022-06-13T02:14:15.237+0000][1][safepoint    ] Leaving safepoint region
[2022-06-13T02:14:15.237+0000][1][safepoint    ] Total time for which application threads were stopped: 0.0005706 seconds, Stopping threads took: 0.0002974 seconds
[2022-06-13T02:14:16.238+0000][1][safepoint    ] Application time: 1.0003264 seconds
[2022-06-13T02:14:16.238+0000][1][safepoint    ] Entering safepoint region: Cleanup
[2022-06-13T02:14:16.239+0000][1][safepoint    ] Leaving safepoint region
[2022-06-13T02:14:16.239+0000][1][safepoint    ] Total time for which application threads were stopped: 0.0008756 seconds, Stopping threads took: 0.0004121 seconds
[2022-06-13T02:14:17.240+0000][1][safepoint    ] Application time: 1.0001145 seconds
[2022-06-13T02:14:17.240+0000][1][safepoint    ] Entering safepoint region: Cleanup
[2022-06-13T02:14:17.241+0000][1][safepoint    ] Leaving safepoint region
[2022-06-13T02:14:17.241+0000][1][safepoint    ] Total time for which application threads were stopped: 0.0008910 seconds, Stopping threads took: 0.0003745 seconds
[2022-06-13T02:14:18.242+0000][1][safepoint    ] Application time: 1.0002353 seconds
[2022-06-13T02:14:18.242+0000][1][safepoint    ] Entering safepoint region: Cleanup
[2022-06-13T02:14:18.243+0000][1][safepoint    ] Leaving safepoint region
[2022-06-13T02:14:18.243+0000][1][safepoint    ] Total time for which application threads were stopped: 0.0010816 seconds, Stopping threads took: 0.0004920 seconds
[2022-06-13T02:14:22.245+0000][1][safepoint    ] Application time: 4.0008464 seconds
[2022-06-13T02:14:22.245+0000][1][safepoint    ] Entering safepoint region: Cleanup
[2022-06-13T02:14:22.246+0000][1][safepoint    ] Leaving safepoint region
[2022-06-13T02:14:22.246+0000][1][safepoint    ] Total time for which application threads were stopped: 0.0011237 seconds, Stopping threads took: 0.0005875 seconds
[2022-06-13T02:14:25.248+0000][1][safepoint    ] Application time: 3.0005360 seconds
[2022-06-13T02:14:25.248+0000][1][safepoint    ] Entering safepoint region: Cleanup
[2022-06-13T02:14:25.249+0000][1][safepoint    ] Leaving safepoint region
[2022-06-13T02:14:25.249+0000][1][safepoint    ] Total time for which application threads were stopped: 0.0011361 seconds, Stopping threads took: 0.0004263 seconds
[2022-06-13T02:14:27.250+0000][1][safepoint    ] Application time: 2.0005531 seconds
[2022-06-13T02:14:27.251+0000][1][safepoint    ] Entering safepoint region: Cleanup
[2022-06-13T02:14:27.251+0000][1][safepoint    ] Leaving safepoint region
[2022-06-13T02:14:27.251+0000][1][safepoint    ] Total time for which application threads were stopped: 0.0004098 seconds, Stopping threads took: 0.0001747 seconds
[2022-06-13T02:14:33.252+0000][1][safepoint    ] Application time: 6.0010302 seconds
[2022-06-13T02:14:33.253+0000][1][safepoint    ] Entering safepoint region: Cleanup
[2022-06-13T02:14:33.253+0000][1][safepoint    ] Leaving safepoint region
[2022-06-13T02:14:33.254+0000][1][safepoint    ] Total time for which application threads were stopped: 0.0010381 seconds, Stopping threads took: 0.0004630 seconds
[2022-06-13T02:14:38.256+0000][1][safepoint    ] Application time: 5.0012822 seconds
[2022-06-13T02:14:38.256+0000][1][safepoint    ] Entering safepoint region: Cleanup
[2022-06-13T02:14:38.257+0000][1][safepoint    ] Leaving safepoint region
[2022-06-13T02:14:38.257+0000][1][safepoint    ] Total time for which application threads were stopped: 0.0007242 seconds, Stopping threads took: 0.0003833 seconds
[2022-06-13T02:14:39.257+0000][1][safepoint    ] Application time: 1.0002871 seconds
[2022-06-13T02:14:39.258+0000][1][safepoint    ] Entering safepoint region: Cleanup
[2022-06-13T02:14:39.259+0000][1][safepoint    ] Leaving safepoint region
[2022-06-13T02:14:39.260+0000][1][safepoint    ] Total time for which application threads were stopped: 0.0012209 seconds, Stopping threads took: 0.0006333 seconds
[2022-06-13T02:14:40.260+0000][1][safepoint    ] Application time: 1.0002775 seconds
[2022-06-13T02:14:40.261+0000][1][safepoint    ] Entering safepoint region: Cleanup
[2022-06-13T02:14:40.261+0000][1][safepoint    ] Leaving safepoint region
[2022-06-13T02:14:40.262+0000][1][safepoint    ] Total time for which application threads were stopped: 0.0008454 seconds, Stopping threads took: 0.0004503 seconds
[2022-06-13T02:14:41.262+0000][1][safepoint    ] Application time: 1.0001219 seconds
[2022-06-13T02:14:41.262+0000][1][safepoint    ] Entering safepoint region: Cleanup
[2022-06-13T02:14:41.263+0000][1][safepoint    ] Leaving safepoint region
[2022-06-13T02:14:41.263+0000][1][safepoint    ] Total time for which application threads were stopped: 0.0009326 seconds, Stopping threads took: 0.0003919 seconds
[2022-06-13T02:14:42.264+0000][1][safepoint    ] Application time: 1.0002293 seconds
[2022-06-13T02:14:42.265+0000][1][safepoint    ] Entering safepoint region: Cleanup
[2022-06-13T02:14:42.265+0000][1][safepoint    ] Leaving safepoint region
[2022-06-13T02:14:42.266+0000][1][safepoint    ] Total time for which application threads were stopped: 0.0015012 seconds, Stopping threads took: 0.0004766 seconds
[2022-06-13T02:14:43.267+0000][1][safepoint    ] Application time: 1.0002162 seconds
[2022-06-13T02:14:43.267+0000][1][safepoint    ] Entering safepoint region: Cleanup
[2022-06-13T02:14:43.268+0000][1][safepoint    ] Leaving safepoint region
[2022-06-13T02:14:43.268+0000][1][safepoint    ] Total time for which application threads were stopped: 0.0004405 seconds, Stopping threads took: 0.0002066 seconds
[2022-06-13T02:14:44.268+0000][1][safepoint    ] Application time: 1.0001835 seconds
[2022-06-13T02:14:44.269+0000][1][safepoint    ] Entering safepoint region: Cleanup
[2022-06-13T02:14:44.269+0000][1][safepoint    ] Leaving safepoint region
[2022-06-13T02:14:44.269+0000][1][safepoint    ] Total time for which application threads were stopped: 0.0009084 seconds, Stopping threads took: 0.0004408 seconds
[2022-06-13T02:14:45.270+0000][1][safepoint    ] Application time: 1.0002146 seconds
[2022-06-13T02:14:45.271+0000][1][safepoint    ] Entering safepoint region: Cleanup
[2022-06-13T02:14:45.271+0000][1][safepoint    ] Leaving safepoint region
[2022-06-13T02:14:45.271+0000][1][safepoint    ] Total time for which application threads were stopped: 0.0007699 seconds, Stopping threads took: 0.0003628 seconds
[2022-06-13T02:14:46.272+0000][1][safepoint    ] Application time: 1.0003751 seconds
[2022-06-13T02:14:46.273+0000][1][safepoint    ] Entering safepoint region: Cleanup
[2022-06-13T02:14:46.273+0000][1][safepoint    ] Leaving safepoint region
[2022-06-13T02:14:46.274+0000][1][safepoint    ] Total time for which application threads were stopped: 0.0013777 seconds, Stopping threads took: 0.0005488 seconds
[2022-06-13T02:14:47.275+0000][1][safepoint    ] Application time: 1.0002320 seconds
[2022-06-13T02:14:47.275+0000][1][safepoint    ] Entering safepoint region: Cleanup
[2022-06-13T02:14:47.276+0000][1][safepoint    ] Leaving safepoint region
[2022-06-13T02:14:47.276+0000][1][safepoint    ] Total time for which application threads were stopped: 0.0006470 seconds, Stopping threads took: 0.0003040 seconds
[2022-06-13T02:14:48.277+0000][1][safepoint    ] Application time: 1.0001915 seconds
[2022-06-13T02:14:48.277+0000][1][safepoint    ] Entering safepoint region: Cleanup
[2022-06-13T02:14:48.277+0000][1][safepoint    ] Leaving safepoint region
[2022-06-13T02:14:48.278+0000][1][safepoint    ] Total time for which application threads were stopped: 0.0005270 seconds, Stopping threads took: 0.0002929 seconds
[2022-06-13T02:14:49.278+0000][1][safepoint    ] Application time: 1.0001078 seconds
[2022-06-13T02:14:49.278+0000][1][safepoint    ] Entering safepoint region: Cleanup
[2022-06-13T02:14:49.279+0000][1][safepoint    ] Leaving safepoint region
[2022-06-13T02:14:49.279+0000][1][safepoint    ] Total time for which application threads were stopped: 0.0003798 seconds, Stopping threads took: 0.0001571 seconds
[2022-06-13T02:14:50.280+0000][1][safepoint    ] Application time: 1.0004031 seconds
[2022-06-13T02:14:50.280+0000][1][safepoint    ] Entering safepoint region: Cleanup
[2022-06-13T02:14:50.281+0000][1][safepoint    ] Leaving safepoint region
[2022-06-13T02:14:50.281+0000][1][safepoint    ] Total time for which application threads were stopped: 0.0012482 seconds, Stopping threads took: 0.0004617 seconds
[2022-06-13T02:14:51.282+0000][1][safepoint    ] Application time: 1.0002020 seconds
[2022-06-13T02:14:51.283+0000][1][safepoint    ] Entering safepoint region: Cleanup
[2022-06-13T02:14:51.283+0000][1][safepoint    ] Leaving safepoint region
[2022-06-13T02:14:51.283+0000][1][safepoint    ] Total time for which application threads were stopped: 0.0004714 seconds, Stopping threads took: 0.0002119 seconds
[2022-06-13T02:14:52.284+0000][1][safepoint    ] Application time: 1.0002045 seconds
[2022-06-13T02:14:52.284+0000][1][safepoint    ] Entering safepoint region: Cleanup
[2022-06-13T02:14:52.284+0000][1][safepoint    ] Leaving safepoint region
[2022-06-13T02:14:52.285+0000][1][safepoint    ] Total time for which application threads were stopped: 0.0006708 seconds, Stopping threads took: 0.0003222 seconds
[2022-06-13T02:14:53.285+0000][1][safepoint    ] Application time: 1.0003904 seconds
[2022-06-13T02:14:53.286+0000][1][safepoint    ] Entering safepoint region: Cleanup
[2022-06-13T02:14:53.287+0000][1][safepoint    ] Leaving safepoint region
[2022-06-13T02:14:53.287+0000][1][safepoint    ] Total time for which application threads were stopped: 0.0014681 seconds, Stopping threads took: 0.0006654 seconds
[2022-06-13T02:14:54.288+0000][1][safepoint    ] Application time: 1.0002149 seconds
[2022-06-13T02:14:54.289+0000][1][safepoint    ] Entering safepoint region: Cleanup
[2022-06-13T02:14:54.289+0000][1][safepoint    ] Leaving safepoint region
[2022-06-13T02:14:54.289+0000][1][safepoint    ] Total time for which application threads were stopped: 0.0007483 seconds, Stopping threads took: 0.0002345 seconds
[2022-06-13T02:14:55.290+0000][1][safepoint    ] Application time: 1.0001783 seconds
[2022-06-13T02:14:55.290+0000][1][safepoint    ] Entering safepoint region: Cleanup
[2022-06-13T02:14:55.291+0000][1][safepoint    ] Leaving safepoint region
[2022-06-13T02:14:55.291+0000][1][safepoint    ] Total time for which application threads were stopped: 0.0006238 seconds, Stopping threads took: 0.0003617 seconds
[2022-06-13T02:14:56.291+0000][1][safepoint    ] Application time: 1.0001437 seconds
[2022-06-13T02:14:56.292+0000][1][safepoint    ] Entering safepoint region: Cleanup
[2022-06-13T02:14:56.292+0000][1][safepoint    ] Leaving safepoint region
[2022-06-13T02:14:56.293+0000][1][safepoint    ] Total time for which application threads were stopped: 0.0007894 seconds, Stopping threads took: 0.0003699 seconds
[2022-06-13T02:14:57.293+0000][1][safepoint    ] Application time: 1.0001582 seconds
[2022-06-13T02:14:57.294+0000][1][safepoint    ] Entering safepoint region: Cleanup
[2022-06-13T02:14:57.294+0000][1][safepoint    ] Leaving safepoint region
[2022-06-13T02:14:57.294+0000][1][safepoint    ] Total time for which application threads were stopped: 0.0003088 seconds, Stopping threads took: 0.0001499 seconds
[2022-06-13T02:14:58.294+0000][1][safepoint    ] Application time: 1.0001485 seconds
[2022-06-13T02:14:58.295+0000][1][safepoint    ] Entering safepoint region: Cleanup
[2022-06-13T02:14:58.295+0000][1][safepoint    ] Leaving safepoint region
[2022-06-13T02:14:58.296+0000][1][safepoint    ] Total time for which application threads were stopped: 0.0008770 seconds, Stopping threads took: 0.0003680 seconds
[2022-06-13T02:14:59.296+0000][1][safepoint    ] Application time: 1.0002366 seconds
[2022-06-13T02:14:59.297+0000][1][safepoint    ] Entering safepoint region: Cleanup
[2022-06-13T02:14:59.297+0000][1][safepoint    ] Leaving safepoint region
[2022-06-13T02:14:59.298+0000][1][safepoint    ] Total time for which application threads were stopped: 0.0010250 seconds, Stopping threads took: 0.0004592 seconds
[2022-06-13T02:15:01.270+0000][1][safepoint    ] Application time: 1.9719622 seconds
[2022-06-13T02:15:01.271+0000][1][safepoint    ] Entering safepoint region: Cleanup
[2022-06-13T02:15:01.272+0000][1][safepoint    ] Leaving safepoint region
[2022-06-13T02:15:01.272+0000][1][safepoint    ] Total time for which application threads were stopped: 0.0010830 seconds, Stopping threads took: 0.0005940 seconds
[2022-06-13T02:15:02.155+0000][1][safepoint    ] Application time: 0.8825178 seconds
[2022-06-13T02:15:02.155+0000][1][safepoint    ] Entering safepoint region: GenCollectForAllocation
[2022-06-13T02:15:02.156+0000][1][gc,start     ] GC(23) Pause Young (Allocation Failure)
[2022-06-13T02:15:02.156+0000][1][gc,task      ] GC(23) Using 5 workers of 13 for evacuation
[2022-06-13T02:15:02.162+0000][1][gc,age       ] GC(23) Desired survivor size 4456448 bytes, new threshold 6 (max threshold 6)
[2022-06-13T02:15:02.162+0000][1][gc,age       ] GC(23) Age table with threshold 6 (max threshold 6)
[2022-06-13T02:15:02.163+0000][1][gc,age       ] GC(23) - age   1:      83032 bytes,      83032 total
[2022-06-13T02:15:02.163+0000][1][gc,age       ] GC(23) - age   2:    1380656 bytes,    1463688 total
[2022-06-13T02:15:02.164+0000][1][gc,heap      ] GC(23) ParNew: 77002K->4968K(78656K)
[2022-06-13T02:15:02.164+0000][1][gc,heap      ] GC(23) CMS: 64100K->67806K(174784K)
[2022-06-13T02:15:02.164+0000][1][gc,metaspace ] GC(23) Metaspace: 64944K->64944K(1107968K)
[2022-06-13T02:15:02.164+0000][1][gc           ] GC(23) Pause Young (Allocation Failure) 137M->71M(247M) 8.651ms
[2022-06-13T02:15:02.165+0000][1][gc,cpu       ] GC(23) User=0.03s Sys=0.00s Real=0.01s
[2022-06-13T02:15:02.165+0000][1][safepoint    ] Leaving safepoint region
[2022-06-13T02:15:02.166+0000][1][safepoint    ] Total time for which application threads were stopped: 0.0105098 seconds, Stopping threads took: 0.0004275 seconds
[2022-06-13T02:15:03.166+0000][1][safepoint    ] Application time: 1.0002094 seconds
[2022-06-13T02:15:03.167+0000][1][safepoint    ] Entering safepoint region: Cleanup
[2022-06-13T02:15:03.167+0000][1][safepoint    ] Leaving safepoint region
[2022-06-13T02:15:03.167+0000][1][safepoint    ] Total time for which application threads were stopped: 0.0006091 seconds, Stopping threads took: 0.0002445 seconds
[2022-06-13T02:15:04.168+0000][1][safepoint    ] Application time: 1.0003116 seconds
[2022-06-13T02:15:04.169+0000][1][safepoint    ] Entering safepoint region: Cleanup
[2022-06-13T02:15:04.169+0000][1][safepoint    ] Leaving safepoint region
[2022-06-13T02:15:04.169+0000][1][safepoint    ] Total time for which application threads were stopped: 0.0010144 seconds, Stopping threads took: 0.0005519 seconds
[2022-06-13T02:15:05.170+0000][1][safepoint    ] Application time: 1.0002733 seconds
[2022-06-13T02:15:05.171+0000][1][safepoint    ] Entering safepoint region: Cleanup
[2022-06-13T02:15:05.171+0000][1][safepoint    ] Leaving safepoint region
[2022-06-13T02:15:05.171+0000][1][safepoint    ] Total time for which application threads were stopped: 0.0004840 seconds, Stopping threads took: 0.0001923 seconds
[2022-06-13T02:15:06.172+0000][1][safepoint    ] Application time: 1.0001412 seconds
[2022-06-13T02:15:06.172+0000][1][safepoint    ] Entering safepoint region: Cleanup
[2022-06-13T02:15:06.173+0000][1][safepoint    ] Leaving safepoint region
[2022-06-13T02:15:06.174+0000][1][safepoint    ] Total time for which application threads were stopped: 0.0013504 seconds, Stopping threads took: 0.0005711 seconds
[2022-06-13T02:15:07.174+0000][1][safepoint    ] Application time: 1.0002640 seconds
[2022-06-13T02:15:07.175+0000][1][safepoint    ] Entering safepoint region: Cleanup
[2022-06-13T02:15:07.175+0000][1][safepoint    ] Leaving safepoint region
[2022-06-13T02:15:07.176+0000][1][safepoint    ] Total time for which application threads were stopped: 0.0011862 seconds, Stopping threads took: 0.0004916 seconds
[2022-06-13T02:15:08.177+0000][1][safepoint    ] Application time: 1.0002378 seconds
[2022-06-13T02:15:08.178+0000][1][safepoint    ] Entering safepoint region: Cleanup
[2022-06-13T02:15:08.178+0000][1][safepoint    ] Leaving safepoint region
[2022-06-13T02:15:08.179+0000][1][safepoint    ] Total time for which application threads were stopped: 0.0014492 seconds, Stopping threads took: 0.0006066 seconds
[2022-06-13T02:15:09.180+0000][1][safepoint    ] Application time: 1.0001849 seconds
[2022-06-13T02:15:09.180+0000][1][safepoint    ] Entering safepoint region: Cleanup
[2022-06-13T02:15:09.181+0000][1][safepoint    ] Leaving safepoint region
[2022-06-13T02:15:09.181+0000][1][safepoint    ] Total time for which application threads were stopped: 0.0008365 seconds, Stopping threads took: 0.0003558 seconds
[2022-06-13T02:15:10.182+0000][1][safepoint    ] Application time: 1.0003647 seconds
[2022-06-13T02:15:10.183+0000][1][safepoint    ] Entering safepoint region: Cleanup
[2022-06-13T02:15:10.183+0000][1][safepoint    ] Leaving safepoint region
[2022-06-13T02:15:10.183+0000][1][safepoint    ] Total time for which application threads were stopped: 0.0008367 seconds, Stopping threads took: 0.0003845 seconds
[2022-06-13T02:15:11.184+0000][1][safepoint    ] Application time: 1.0001934 seconds
[2022-06-13T02:15:11.185+0000][1][safepoint    ] Entering safepoint region: Cleanup
[2022-06-13T02:15:11.185+0000][1][safepoint    ] Leaving safepoint region
[2022-06-13T02:15:11.186+0000][1][safepoint    ] Total time for which application threads were stopped: 0.0011360 seconds, Stopping threads took: 0.0003858 seconds
[2022-06-13T02:15:12.186+0000][1][safepoint    ] Application time: 1.0002684 seconds
[2022-06-13T02:15:12.187+0000][1][safepoint    ] Entering safepoint region: Cleanup
[2022-06-13T02:15:12.187+0000][1][safepoint    ] Leaving safepoint region
[2022-06-13T02:15:12.188+0000][1][safepoint    ] Total time for which application threads were stopped: 0.0008045 seconds, Stopping threads took: 0.0003237 seconds
[2022-06-13T02:15:13.188+0000][1][safepoint    ] Application time: 1.0001939 seconds
[2022-06-13T02:15:13.189+0000][1][safepoint    ] Entering safepoint region: Cleanup
[2022-06-13T02:15:13.189+0000][1][safepoint    ] Leaving safepoint region
[2022-06-13T02:15:13.189+0000][1][safepoint    ] Total time for which application threads were stopped: 0.0006792 seconds, Stopping threads took: 0.0002727 seconds
[2022-06-13T02:15:14.190+0000][1][safepoint    ] Application time: 1.0001921 seconds
[2022-06-13T02:15:14.191+0000][1][safepoint    ] Entering safepoint region: Cleanup
[2022-06-13T02:15:14.191+0000][1][safepoint    ] Leaving safepoint region
[2022-06-13T02:15:14.192+0000][1][safepoint    ] Total time for which application threads were stopped: 0.0012582 seconds, Stopping threads took: 0.0005373 seconds
[2022-06-13T02:15:15.193+0000][1][safepoint    ] Application time: 1.0002718 seconds
[2022-06-13T02:15:15.194+0000][1][safepoint    ] Entering safepoint region: Cleanup
[2022-06-13T02:15:15.194+0000][1][safepoint    ] Leaving safepoint region
[2022-06-13T02:15:15.195+0000][1][safepoint    ] Total time for which application threads were stopped: 0.0009962 seconds, Stopping threads took: 0.0004557 seconds
[2022-06-13T02:15:16.195+0000][1][safepoint    ] Application time: 1.0003003 seconds
[2022-06-13T02:15:16.196+0000][1][safepoint    ] Entering safepoint region: Cleanup
[2022-06-13T02:15:16.196+0000][1][safepoint    ] Leaving safepoint region
[2022-06-13T02:15:16.197+0000][1][safepoint    ] Total time for which application threads were stopped: 0.0009223 seconds, Stopping threads took: 0.0004505 seconds
[2022-06-13T02:15:17.197+0000][1][safepoint    ] Application time: 1.0002040 seconds
[2022-06-13T02:15:17.198+0000][1][safepoint    ] Entering safepoint region: Cleanup
[2022-06-13T02:15:17.198+0000][1][safepoint    ] Leaving safepoint region
[2022-06-13T02:15:17.199+0000][1][safepoint    ] Total time for which application threads were stopped: 0.0008027 seconds, Stopping threads took: 0.0003346 seconds
[2022-06-13T02:15:18.199+0000][1][safepoint    ] Application time: 1.0002425 seconds
[2022-06-13T02:15:18.200+0000][1][safepoint    ] Entering safepoint region: Cleanup
[2022-06-13T02:15:18.201+0000][1][safepoint    ] Leaving safepoint region
[2022-06-13T02:15:18.201+0000][1][safepoint    ] Total time for which application threads were stopped: 0.0011239 seconds, Stopping threads took: 0.0004915 seconds
[2022-06-13T02:15:19.202+0000][1][safepoint    ] Application time: 1.0001276 seconds
[2022-06-13T02:15:19.203+0000][1][safepoint    ] Entering safepoint region: Cleanup
[2022-06-13T02:15:19.203+0000][1][safepoint    ] Leaving safepoint region
[2022-06-13T02:15:19.204+0000][1][safepoint    ] Total time for which application threads were stopped: 0.0010546 seconds, Stopping threads took: 0.0004844 seconds
[2022-06-13T02:15:20.204+0000][1][safepoint    ] Application time: 1.0001294 seconds
[2022-06-13T02:15:20.205+0000][1][safepoint    ] Entering safepoint region: Cleanup
[2022-06-13T02:15:20.205+0000][1][safepoint    ] Leaving safepoint region
[2022-06-13T02:15:20.206+0000][1][safepoint    ] Total time for which application threads were stopped: 0.0010086 seconds, Stopping threads took: 0.0005123 seconds
[2022-06-13T02:15:21.206+0000][1][safepoint    ] Application time: 1.0002049 seconds
[2022-06-13T02:15:21.207+0000][1][safepoint    ] Entering safepoint region: Cleanup
[2022-06-13T02:15:21.208+0000][1][safepoint    ] Leaving safepoint region
[2022-06-13T02:15:21.208+0000][1][safepoint    ] Total time for which application threads were stopped: 0.0013103 seconds, Stopping threads took: 0.0006397 seconds
[2022-06-13T02:15:22.209+0000][1][safepoint    ] Application time: 1.0002549 seconds
[2022-06-13T02:15:22.209+0000][1][safepoint    ] Entering safepoint region: Cleanup
[2022-06-13T02:15:22.210+0000][1][safepoint    ] Leaving safepoint region
[2022-06-13T02:15:22.211+0000][1][safepoint    ] Total time for which application threads were stopped: 0.0012784 seconds, Stopping threads took: 0.0005890 seconds
[2022-06-13T02:15:23.211+0000][1][safepoint    ] Application time: 1.0001713 seconds
[2022-06-13T02:15:23.212+0000][1][safepoint    ] Entering safepoint region: Cleanup
[2022-06-13T02:15:23.212+0000][1][safepoint    ] Leaving safepoint region
[2022-06-13T02:15:23.212+0000][1][safepoint    ] Total time for which application threads were stopped: 0.0005734 seconds, Stopping threads took: 0.0002481 seconds
[2022-06-13T02:15:24.213+0000][1][safepoint    ] Application time: 1.0001877 seconds
[2022-06-13T02:15:24.213+0000][1][safepoint    ] Entering safepoint region: Cleanup
[2022-06-13T02:15:24.214+0000][1][safepoint    ] Leaving safepoint region
[2022-06-13T02:15:24.214+0000][1][safepoint    ] Total time for which application threads were stopped: 0.0004741 seconds, Stopping threads took: 0.0002105 seconds
[2022-06-13T02:15:25.214+0000][1][safepoint    ] Application time: 1.0001835 seconds
[2022-06-13T02:15:25.215+0000][1][safepoint    ] Entering safepoint region: Cleanup
[2022-06-13T02:15:25.216+0000][1][safepoint    ] Leaving safepoint region
[2022-06-13T02:15:25.216+0000][1][safepoint    ] Total time for which application threads were stopped: 0.0012576 seconds, Stopping threads took: 0.0005436 seconds
[2022-06-13T02:15:26.217+0000][1][safepoint    ] Application time: 1.0002432 seconds
[2022-06-13T02:15:26.218+0000][1][safepoint    ] Entering safepoint region: Cleanup
[2022-06-13T02:15:26.218+0000][1][safepoint    ] Leaving safepoint region
[2022-06-13T02:15:26.218+0000][1][safepoint    ] Total time for which application threads were stopped: 0.0008377 seconds, Stopping threads took: 0.0003496 seconds
[2022-06-13T02:15:27.219+0000][1][safepoint    ] Application time: 1.0001332 seconds
[2022-06-13T02:15:27.219+0000][1][safepoint    ] Entering safepoint region: Cleanup
[2022-06-13T02:15:27.220+0000][1][safepoint    ] Leaving safepoint region
[2022-06-13T02:15:27.220+0000][1][safepoint    ] Total time for which application threads were stopped: 0.0005890 seconds, Stopping threads took: 0.0003167 seconds
[2022-06-13T02:15:28.220+0000][1][safepoint    ] Application time: 1.0003175 seconds
[2022-06-13T02:15:28.221+0000][1][safepoint    ] Entering safepoint region: Cleanup
[2022-06-13T02:15:28.221+0000][1][safepoint    ] Leaving safepoint region
[2022-06-13T02:15:28.222+0000][1][safepoint    ] Total time for which application threads were stopped: 0.0007778 seconds, Stopping threads took: 0.0003349 seconds
[2022-06-13T02:15:29.222+0000][1][safepoint    ] Application time: 1.0002831 seconds
[2022-06-13T02:15:29.223+0000][1][safepoint    ] Entering safepoint region: Cleanup
[2022-06-13T02:15:29.223+0000][1][safepoint    ] Leaving safepoint region
[2022-06-13T02:15:29.224+0000][1][safepoint    ] Total time for which application threads were stopped: 0.0008761 seconds, Stopping threads took: 0.0004447 seconds
[2022-06-13T02:15:30.224+0000][1][safepoint    ] Application time: 1.0002969 seconds
[2022-06-13T02:15:30.225+0000][1][safepoint    ] Entering safepoint region: Cleanup
[2022-06-13T02:15:30.225+0000][1][safepoint    ] Leaving safepoint region
[2022-06-13T02:15:30.226+0000][1][safepoint    ] Total time for which application threads were stopped: 0.0009816 seconds, Stopping threads took: 0.0004321 seconds
[2022-06-13T02:15:31.227+0000][1][safepoint    ] Application time: 1.0002104 seconds
[2022-06-13T02:15:31.227+0000][1][safepoint    ] Entering safepoint region: Cleanup
[2022-06-13T02:15:31.228+0000][1][safepoint    ] Leaving safepoint region
[2022-06-13T02:15:31.228+0000][1][safepoint    ] Total time for which application threads were stopped: 0.0008095 seconds, Stopping threads took: 0.0003447 seconds
[2022-06-13T02:15:32.228+0000][1][safepoint    ] Application time: 1.0001198 seconds
[2022-06-13T02:15:32.229+0000][1][safepoint    ] Entering safepoint region: Cleanup
[2022-06-13T02:15:32.229+0000][1][safepoint    ] Leaving safepoint region
[2022-06-13T02:15:32.229+0000][1][safepoint    ] Total time for which application threads were stopped: 0.0006358 seconds, Stopping threads took: 0.0001758 seconds
[2022-06-13T02:15:33.230+0000][1][safepoint    ] Application time: 1.0002116 seconds
[2022-06-13T02:15:33.230+0000][1][safepoint    ] Entering safepoint region: Cleanup
[2022-06-13T02:15:33.230+0000][1][safepoint    ] Leaving safepoint region
[2022-06-13T02:15:33.231+0000][1][safepoint    ] Total time for which application threads were stopped: 0.0006573 seconds, Stopping threads took: 0.0003116 seconds
[2022-06-13T02:15:34.231+0000][1][safepoint    ] Application time: 1.0001862 seconds
[2022-06-13T02:15:34.232+0000][1][safepoint    ] Entering safepoint region: Cleanup
[2022-06-13T02:15:34.232+0000][1][safepoint    ] Leaving safepoint region
[2022-06-13T02:15:34.233+0000][1][safepoint    ] Total time for which application threads were stopped: 0.0008102 seconds, Stopping threads took: 0.0003778 seconds
[2022-06-13T02:15:35.233+0000][1][safepoint    ] Application time: 1.0002380 seconds
[2022-06-13T02:15:35.234+0000][1][safepoint    ] Entering safepoint region: Cleanup
[2022-06-13T02:15:35.234+0000][1][safepoint    ] Leaving safepoint region
[2022-06-13T02:15:35.234+0000][1][safepoint    ] Total time for which application threads were stopped: 0.0007438 seconds, Stopping threads took: 0.0003566 seconds
[2022-06-13T02:15:36.235+0000][1][safepoint    ] Application time: 1.0001310 seconds
[2022-06-13T02:15:36.235+0000][1][safepoint    ] Entering safepoint region: Cleanup
[2022-06-13T02:15:36.235+0000][1][safepoint    ] Leaving safepoint region
[2022-06-13T02:15:36.235+0000][1][safepoint    ] Total time for which application threads were stopped: 0.0002719 seconds, Stopping threads took: 0.0001125 seconds
[2022-06-13T02:15:37.236+0000][1][safepoint    ] Application time: 1.0001778 seconds
[2022-06-13T02:15:37.236+0000][1][safepoint    ] Entering safepoint region: Cleanup
[2022-06-13T02:15:37.237+0000][1][safepoint    ] Leaving safepoint region
[2022-06-13T02:15:37.237+0000][1][safepoint    ] Total time for which application threads were stopped: 0.0013914 seconds, Stopping threads took: 0.0006735 seconds
[2022-06-13T02:15:38.238+0000][1][safepoint    ] Application time: 1.0002103 seconds
[2022-06-13T02:15:38.238+0000][1][safepoint    ] Entering safepoint region: Cleanup
[2022-06-13T02:15:38.239+0000][1][safepoint    ] Leaving safepoint region
[2022-06-13T02:15:38.239+0000][1][safepoint    ] Total time for which application threads were stopped: 0.0007990 seconds, Stopping threads took: 0.0003964 seconds
[2022-06-13T02:15:39.240+0000][1][safepoint    ] Application time: 1.0001237 seconds
[2022-06-13T02:15:39.240+0000][1][safepoint    ] Entering safepoint region: Cleanup
[2022-06-13T02:15:39.240+0000][1][safepoint    ] Leaving safepoint region
[2022-06-13T02:15:39.241+0000][1][safepoint    ] Total time for which application threads were stopped: 0.0006609 seconds, Stopping threads took: 0.0003861 seconds
[2022-06-13T02:15:40.241+0000][1][safepoint    ] Application time: 1.0001694 seconds
[2022-06-13T02:15:40.242+0000][1][safepoint    ] Entering safepoint region: Cleanup
[2022-06-13T02:15:40.242+0000][1][safepoint    ] Leaving safepoint region
[2022-06-13T02:15:40.242+0000][1][safepoint    ] Total time for which application threads were stopped: 0.0009068 seconds, Stopping threads took: 0.0003725 seconds
[2022-06-13T02:15:41.243+0000][1][safepoint    ] Application time: 1.0002003 seconds
[2022-06-13T02:15:41.244+0000][1][safepoint    ] Entering safepoint region: Cleanup
[2022-06-13T02:15:41.244+0000][1][safepoint    ] Leaving safepoint region
[2022-06-13T02:15:41.244+0000][1][safepoint    ] Total time for which application threads were stopped: 0.0009382 seconds, Stopping threads took: 0.0004531 seconds
[2022-06-13T02:15:42.245+0000][1][safepoint    ] Application time: 1.0002662 seconds
[2022-06-13T02:15:42.246+0000][1][safepoint    ] Entering safepoint region: Cleanup
[2022-06-13T02:15:42.246+0000][1][safepoint    ] Leaving safepoint region
[2022-06-13T02:15:42.247+0000][1][safepoint    ] Total time for which application threads were stopped: 0.0012543 seconds, Stopping threads took: 0.0005783 seconds
[2022-06-13T02:15:43.248+0000][1][safepoint    ] Application time: 1.0002921 seconds
[2022-06-13T02:15:43.248+0000][1][safepoint    ] Entering safepoint region: Cleanup
[2022-06-13T02:15:43.249+0000][1][safepoint    ] Leaving safepoint region
[2022-06-13T02:15:43.249+0000][1][safepoint    ] Total time for which application threads were stopped: 0.0008709 seconds, Stopping threads took: 0.0003873 seconds
[2022-06-13T02:15:44.250+0000][1][safepoint    ] Application time: 1.0003320 seconds
[2022-06-13T02:15:44.251+0000][1][safepoint    ] Entering safepoint region: Cleanup
[2022-06-13T02:15:44.251+0000][1][safepoint    ] Leaving safepoint region
[2022-06-13T02:15:44.252+0000][1][safepoint    ] Total time for which application threads were stopped: 0.0011177 seconds, Stopping threads took: 0.0005007 seconds
[2022-06-13T02:15:45.253+0000][1][safepoint    ] Application time: 1.0002097 seconds
[2022-06-13T02:15:45.253+0000][1][safepoint    ] Entering safepoint region: Cleanup
[2022-06-13T02:15:45.254+0000][1][safepoint    ] Leaving safepoint region
[2022-06-13T02:15:45.254+0000][1][safepoint    ] Total time for which application threads were stopped: 0.0014033 seconds, Stopping threads took: 0.0008029 seconds
[2022-06-13T02:15:46.255+0000][1][safepoint    ] Application time: 1.0001904 seconds
[2022-06-13T02:15:46.255+0000][1][safepoint    ] Entering safepoint region: Cleanup
[2022-06-13T02:15:46.256+0000][1][safepoint    ] Leaving safepoint region
[2022-06-13T02:15:46.256+0000][1][safepoint    ] Total time for which application threads were stopped: 0.0006552 seconds, Stopping threads took: 0.0003345 seconds
[2022-06-13T02:15:47.257+0000][1][safepoint    ] Application time: 1.0002385 seconds
[2022-06-13T02:15:47.257+0000][1][safepoint    ] Entering safepoint region: Cleanup
[2022-06-13T02:15:47.258+0000][1][safepoint    ] Leaving safepoint region
[2022-06-13T02:15:47.259+0000][1][safepoint    ] Total time for which application threads were stopped: 0.0015218 seconds, Stopping threads took: 0.0006510 seconds
[2022-06-13T02:15:48.260+0000][1][safepoint    ] Application time: 1.0002103 seconds
[2022-06-13T02:15:48.260+0000][1][safepoint    ] Entering safepoint region: Cleanup
[2022-06-13T02:15:48.260+0000][1][safepoint    ] Leaving safepoint region
[2022-06-13T02:15:48.261+0000][1][safepoint    ] Total time for which application threads were stopped: 0.0007657 seconds, Stopping threads took: 0.0003612 seconds
[2022-06-13T02:15:49.261+0000][1][safepoint    ] Application time: 1.0002651 seconds
[2022-06-13T02:15:49.262+0000][1][safepoint    ] Entering safepoint region: Cleanup
[2022-06-13T02:15:49.262+0000][1][safepoint    ] Leaving safepoint region
[2022-06-13T02:15:49.263+0000][1][safepoint    ] Total time for which application threads were stopped: 0.0008283 seconds, Stopping threads took: 0.0003338 seconds
[2022-06-13T02:15:50.263+0000][1][safepoint    ] Application time: 1.0002298 seconds
[2022-06-13T02:15:50.264+0000][1][safepoint    ] Entering safepoint region: Cleanup
[2022-06-13T02:15:50.265+0000][1][safepoint    ] Leaving safepoint region
[2022-06-13T02:15:50.266+0000][1][safepoint    ] Total time for which application threads were stopped: 0.0016145 seconds, Stopping threads took: 0.0007580 seconds
[2022-06-13T02:15:51.267+0000][1][safepoint    ] Application time: 1.0002870 seconds
[2022-06-13T02:15:51.267+0000][1][safepoint    ] Entering safepoint region: Cleanup
[2022-06-13T02:15:51.268+0000][1][safepoint    ] Leaving safepoint region
[2022-06-13T02:15:51.269+0000][1][safepoint    ] Total time for which application threads were stopped: 0.0011263 seconds, Stopping threads took: 0.0004898 seconds
[2022-06-13T02:15:52.269+0000][1][safepoint    ] Application time: 1.0003573 seconds
[2022-06-13T02:15:52.270+0000][1][safepoint    ] Entering safepoint region: Cleanup
[2022-06-13T02:15:52.271+0000][1][safepoint    ] Leaving safepoint region
[2022-06-13T02:15:52.271+0000][1][safepoint    ] Total time for which application threads were stopped: 0.0011531 seconds, Stopping threads took: 0.0005027 seconds
[2022-06-13T02:15:53.272+0000][1][safepoint    ] Application time: 1.0001480 seconds
[2022-06-13T02:15:53.272+0000][1][safepoint    ] Entering safepoint region: Cleanup
[2022-06-13T02:15:53.273+0000][1][safepoint    ] Leaving safepoint region
[2022-06-13T02:15:53.273+0000][1][safepoint    ] Total time for which application threads were stopped: 0.0007826 seconds, Stopping threads took: 0.0003472 seconds
[2022-06-13T02:15:54.274+0000][1][safepoint    ] Application time: 1.0001213 seconds
[2022-06-13T02:15:54.274+0000][1][safepoint    ] Entering safepoint region: Cleanup
[2022-06-13T02:15:54.274+0000][1][safepoint    ] Leaving safepoint region
[2022-06-13T02:15:54.275+0000][1][safepoint    ] Total time for which application threads were stopped: 0.0007773 seconds, Stopping threads took: 0.0003614 seconds
[2022-06-13T02:15:55.275+0000][1][safepoint    ] Application time: 1.0002056 seconds
[2022-06-13T02:15:55.276+0000][1][safepoint    ] Entering safepoint region: Cleanup
[2022-06-13T02:15:55.276+0000][1][safepoint    ] Leaving safepoint region
[2022-06-13T02:15:55.277+0000][1][safepoint    ] Total time for which application threads were stopped: 0.0008039 seconds, Stopping threads took: 0.0003499 seconds
[2022-06-13T02:15:56.277+0000][1][safepoint    ] Application time: 1.0001506 seconds
[2022-06-13T02:15:56.277+0000][1][safepoint    ] Entering safepoint region: Cleanup
[2022-06-13T02:15:56.278+0000][1][safepoint    ] Leaving safepoint region
[2022-06-13T02:15:56.278+0000][1][safepoint    ] Total time for which application threads were stopped: 0.0003802 seconds, Stopping threads took: 0.0001440 seconds
[2022-06-13T02:15:57.278+0000][1][safepoint    ] Application time: 1.0003708 seconds
[2022-06-13T02:15:57.279+0000][1][safepoint    ] Entering safepoint region: Cleanup
[2022-06-13T02:15:57.280+0000][1][safepoint    ] Leaving safepoint region
[2022-06-13T02:15:57.280+0000][1][safepoint    ] Total time for which application threads were stopped: 0.0014723 seconds, Stopping threads took: 0.0007004 seconds
[2022-06-13T02:15:58.281+0000][1][safepoint    ] Application time: 1.0003116 seconds
[2022-06-13T02:15:58.282+0000][1][safepoint    ] Entering safepoint region: Cleanup
[2022-06-13T02:15:58.282+0000][1][safepoint    ] Leaving safepoint region
[2022-06-13T02:15:58.283+0000][1][safepoint    ] Total time for which application threads were stopped: 0.0011171 seconds, Stopping threads took: 0.0005775 seconds
[2022-06-13T02:15:59.284+0000][1][safepoint    ] Application time: 1.0002556 seconds
[2022-06-13T02:15:59.285+0000][1][safepoint    ] Entering safepoint region: Cleanup
[2022-06-13T02:15:59.285+0000][1][safepoint    ] Leaving safepoint region
[2022-06-13T02:15:59.286+0000][1][safepoint    ] Total time for which application threads were stopped: 0.0015812 seconds, Stopping threads took: 0.0007208 seconds
[2022-06-13T02:16:00.287+0000][1][safepoint    ] Application time: 1.0003072 seconds
[2022-06-13T02:16:00.288+0000][1][safepoint    ] Entering safepoint region: Cleanup
[2022-06-13T02:16:00.288+0000][1][safepoint    ] Leaving safepoint region
[2022-06-13T02:16:00.289+0000][1][safepoint    ] Total time for which application threads were stopped: 0.0012135 seconds, Stopping threads took: 0.0004819 seconds
[2022-06-13T02:16:01.290+0000][1][safepoint    ] Application time: 1.0003921 seconds
[2022-06-13T02:16:01.291+0000][1][safepoint    ] Entering safepoint region: Cleanup
[2022-06-13T02:16:01.291+0000][1][safepoint    ] Leaving safepoint region
[2022-06-13T02:16:01.292+0000][1][safepoint    ] Total time for which application threads were stopped: 0.0010224 seconds, Stopping threads took: 0.0005189 seconds
[2022-06-13T02:16:02.292+0000][1][safepoint    ] Application time: 1.0001869 seconds
[2022-06-13T02:16:02.293+0000][1][safepoint    ] Entering safepoint region: Cleanup
[2022-06-13T02:16:02.293+0000][1][safepoint    ] Leaving safepoint region
[2022-06-13T02:16:02.293+0000][1][safepoint    ] Total time for which application threads were stopped: 0.0006321 seconds, Stopping threads took: 0.0002388 seconds
[2022-06-13T02:16:03.294+0000][1][safepoint    ] Application time: 1.0001283 seconds
[2022-06-13T02:16:03.294+0000][1][safepoint    ] Entering safepoint region: Cleanup
[2022-06-13T02:16:03.295+0000][1][safepoint    ] Leaving safepoint region
[2022-06-13T02:16:03.295+0000][1][safepoint    ] Total time for which application threads were stopped: 0.0009203 seconds, Stopping threads took: 0.0005052 seconds
[2022-06-13T02:16:04.296+0000][1][safepoint    ] Application time: 1.0002147 seconds
[2022-06-13T02:16:04.296+0000][1][safepoint    ] Entering safepoint region: Cleanup
[2022-06-13T02:16:04.297+0000][1][safepoint    ] Leaving safepoint region
[2022-06-13T02:16:04.297+0000][1][safepoint    ] Total time for which application threads were stopped: 0.0007873 seconds, Stopping threads took: 0.0003525 seconds
[2022-06-13T02:16:05.298+0000][1][safepoint    ] Application time: 1.0002760 seconds
[2022-06-13T02:16:05.298+0000][1][safepoint    ] Entering safepoint region: Cleanup
[2022-06-13T02:16:05.299+0000][1][safepoint    ] Leaving safepoint region
[2022-06-13T02:16:05.299+0000][1][safepoint    ] Total time for which application threads were stopped: 0.0008130 seconds, Stopping threads took: 0.0002709 seconds
[2022-06-13T02:16:06.300+0000][1][safepoint    ] Application time: 1.0001903 seconds
[2022-06-13T02:16:06.300+0000][1][safepoint    ] Entering safepoint region: Cleanup
[2022-06-13T02:16:06.301+0000][1][safepoint    ] Leaving safepoint region
[2022-06-13T02:16:06.301+0000][1][safepoint    ] Total time for which application threads were stopped: 0.0011056 seconds, Stopping threads took: 0.0004723 seconds
[2022-06-13T02:16:07.302+0000][1][safepoint    ] Application time: 1.0001717 seconds
[2022-06-13T02:16:07.302+0000][1][safepoint    ] Entering safepoint region: Cleanup
[2022-06-13T02:16:07.303+0000][1][safepoint    ] Leaving safepoint region
[2022-06-13T02:16:07.303+0000][1][safepoint    ] Total time for which application threads were stopped: 0.0006788 seconds, Stopping threads took: 0.0002862 seconds
[2022-06-13T02:16:08.304+0000][1][safepoint    ] Application time: 1.0002497 seconds
[2022-06-13T02:16:08.304+0000][1][safepoint    ] Entering safepoint region: Cleanup
[2022-06-13T02:16:08.305+0000][1][safepoint    ] Leaving safepoint region
[2022-06-13T02:16:08.305+0000][1][safepoint    ] Total time for which application threads were stopped: 0.0009032 seconds, Stopping threads took: 0.0003263 seconds
[2022-06-13T02:16:09.306+0000][1][safepoint    ] Application time: 1.0001743 seconds
[2022-06-13T02:16:09.306+0000][1][safepoint    ] Entering safepoint region: Cleanup
[2022-06-13T02:16:09.306+0000][1][safepoint    ] Leaving safepoint region
[2022-06-13T02:16:09.307+0000][1][safepoint    ] Total time for which application threads were stopped: 0.0008588 seconds, Stopping threads took: 0.0004091 seconds
[2022-06-13T02:16:10.307+0000][1][safepoint    ] Application time: 1.0002355 seconds
[2022-06-13T02:16:10.308+0000][1][safepoint    ] Entering safepoint region: Cleanup
[2022-06-13T02:16:10.309+0000][1][safepoint    ] Leaving safepoint region
[2022-06-13T02:16:10.309+0000][1][safepoint    ] Total time for which application threads were stopped: 0.0009109 seconds, Stopping threads took: 0.0004219 seconds
[2022-06-13T02:16:11.310+0000][1][safepoint    ] Application time: 1.0001887 seconds
[2022-06-13T02:16:11.310+0000][1][safepoint    ] Entering safepoint region: Cleanup
[2022-06-13T02:16:11.311+0000][1][safepoint    ] Leaving safepoint region
[2022-06-13T02:16:11.311+0000][1][safepoint    ] Total time for which application threads were stopped: 0.0007986 seconds, Stopping threads took: 0.0003764 seconds
[2022-06-13T02:16:12.312+0000][1][safepoint    ] Application time: 1.0002226 seconds
[2022-06-13T02:16:12.312+0000][1][safepoint    ] Entering safepoint region: Cleanup
[2022-06-13T02:16:12.312+0000][1][safepoint    ] Leaving safepoint region
[2022-06-13T02:16:12.312+0000][1][safepoint    ] Total time for which application threads were stopped: 0.0006989 seconds, Stopping threads took: 0.0003960 seconds
[2022-06-13T02:16:13.313+0000][1][safepoint    ] Application time: 1.0001453 seconds
[2022-06-13T02:16:13.313+0000][1][safepoint    ] Entering safepoint region: Cleanup
[2022-06-13T02:16:13.314+0000][1][safepoint    ] Leaving safepoint region
[2022-06-13T02:16:13.314+0000][1][safepoint    ] Total time for which application threads were stopped: 0.0007496 seconds, Stopping threads took: 0.0003536 seconds
[2022-06-13T02:16:14.315+0000][1][safepoint    ] Application time: 1.0001882 seconds
[2022-06-13T02:16:14.315+0000][1][safepoint    ] Entering safepoint region: Cleanup
[2022-06-13T02:16:14.315+0000][1][safepoint    ] Leaving safepoint region
[2022-06-13T02:16:14.316+0000][1][safepoint    ] Total time for which application threads were stopped: 0.0006177 seconds, Stopping threads took: 0.0003104 seconds
[2022-06-13T02:16:15.316+0000][1][safepoint    ] Application time: 1.0004074 seconds
[2022-06-13T02:16:15.317+0000][1][safepoint    ] Entering safepoint region: Cleanup
[2022-06-13T02:16:15.318+0000][1][safepoint    ] Leaving safepoint region
[2022-06-13T02:16:15.318+0000][1][safepoint    ] Total time for which application threads were stopped: 0.0010206 seconds, Stopping threads took: 0.0004802 seconds
[2022-06-13T02:16:16.319+0000][1][safepoint    ] Application time: 1.0001753 seconds
[2022-06-13T02:16:16.319+0000][1][safepoint    ] Entering safepoint region: Cleanup
[2022-06-13T02:16:16.320+0000][1][safepoint    ] Leaving safepoint region
[2022-06-13T02:16:16.320+0000][1][safepoint    ] Total time for which application threads were stopped: 0.0007859 seconds, Stopping threads took: 0.0004863 seconds
[2022-06-13T02:16:17.320+0000][1][safepoint    ] Application time: 1.0002184 seconds
[2022-06-13T02:16:17.321+0000][1][safepoint    ] Entering safepoint region: Cleanup
[2022-06-13T02:16:17.322+0000][1][safepoint    ] Leaving safepoint region
[2022-06-13T02:16:17.322+0000][1][safepoint    ] Total time for which application threads were stopped: 0.0009029 seconds, Stopping threads took: 0.0004842 seconds
[2022-06-13T02:16:18.323+0000][1][safepoint    ] Application time: 1.0002547 seconds
[2022-06-13T02:16:18.324+0000][1][safepoint    ] Entering safepoint region: Cleanup
[2022-06-13T02:16:18.324+0000][1][safepoint    ] Leaving safepoint region
[2022-06-13T02:16:18.324+0000][1][safepoint    ] Total time for which application threads were stopped: 0.0006844 seconds, Stopping threads took: 0.0004547 seconds
[2022-06-13T02:16:19.325+0000][1][safepoint    ] Application time: 1.0002062 seconds
[2022-06-13T02:16:19.325+0000][1][safepoint    ] Entering safepoint region: Cleanup
[2022-06-13T02:16:19.325+0000][1][safepoint    ] Leaving safepoint region
[2022-06-13T02:16:19.326+0000][1][safepoint    ] Total time for which application threads were stopped: 0.0007003 seconds, Stopping threads took: 0.0002763 seconds
[2022-06-13T02:16:20.326+0000][1][safepoint    ] Application time: 1.0000386 seconds
[2022-06-13T02:16:20.326+0000][1][safepoint    ] Entering safepoint region: Cleanup
[2022-06-13T02:16:20.327+0000][1][safepoint    ] Leaving safepoint region
[2022-06-13T02:16:20.327+0000][1][safepoint    ] Total time for which application threads were stopped: 0.0006820 seconds, Stopping threads took: 0.0003231 seconds
[2022-06-13T02:16:21.327+0000][1][safepoint    ] Application time: 1.0002264 seconds
[2022-06-13T02:16:21.328+0000][1][safepoint    ] Entering safepoint region: Cleanup
[2022-06-13T02:16:21.329+0000][1][safepoint    ] Leaving safepoint region
[2022-06-13T02:16:21.329+0000][1][safepoint    ] Total time for which application threads were stopped: 0.0011932 seconds, Stopping threads took: 0.0005803 seconds
[2022-06-13T02:16:22.330+0000][1][safepoint    ] Application time: 1.0001745 seconds
[2022-06-13T02:16:22.330+0000][1][safepoint    ] Entering safepoint region: Cleanup
[2022-06-13T02:16:22.331+0000][1][safepoint    ] Leaving safepoint region
[2022-06-13T02:16:22.331+0000][1][safepoint    ] Total time for which application threads were stopped: 0.0011262 seconds, Stopping threads took: 0.0005326 seconds
[2022-06-13T02:16:23.332+0000][1][safepoint    ] Application time: 1.0001139 seconds
[2022-06-13T02:16:23.333+0000][1][safepoint    ] Entering safepoint region: Cleanup
[2022-06-13T02:16:23.333+0000][1][safepoint    ] Leaving safepoint region
[2022-06-13T02:16:23.333+0000][1][safepoint    ] Total time for which application threads were stopped: 0.0007439 seconds, Stopping threads took: 0.0003238 seconds
[2022-06-13T02:16:24.334+0000][1][safepoint    ] Application time: 1.0001895 seconds
[2022-06-13T02:16:24.334+0000][1][safepoint    ] Entering safepoint region: Cleanup
[2022-06-13T02:16:24.335+0000][1][safepoint    ] Leaving safepoint region
[2022-06-13T02:16:24.335+0000][1][safepoint    ] Total time for which application threads were stopped: 0.0009821 seconds, Stopping threads took: 0.0004963 seconds
[2022-06-13T02:16:25.336+0000][1][safepoint    ] Application time: 1.0002606 seconds
[2022-06-13T02:16:25.336+0000][1][safepoint    ] Entering safepoint region: Cleanup
[2022-06-13T02:16:25.337+0000][1][safepoint    ] Leaving safepoint region
[2022-06-13T02:16:25.337+0000][1][safepoint    ] Total time for which application threads were stopped: 0.0005648 seconds, Stopping threads took: 0.0002624 seconds
[2022-06-13T02:16:26.338+0000][1][safepoint    ] Application time: 1.0003641 seconds
[2022-06-13T02:16:26.338+0000][1][safepoint    ] Entering safepoint region: Cleanup
[2022-06-13T02:16:26.338+0000][1][safepoint    ] Leaving safepoint region
[2022-06-13T02:16:26.339+0000][1][safepoint    ] Total time for which application threads were stopped: 0.0007908 seconds, Stopping threads took: 0.0003858 seconds
[2022-06-13T02:16:27.339+0000][1][safepoint    ] Application time: 1.0003100 seconds
[2022-06-13T02:16:27.340+0000][1][safepoint    ] Entering safepoint region: Cleanup
[2022-06-13T02:16:27.341+0000][1][safepoint    ] Leaving safepoint region
[2022-06-13T02:16:27.341+0000][1][safepoint    ] Total time for which application threads were stopped: 0.0011699 seconds, Stopping threads took: 0.0005477 seconds
[2022-06-13T02:16:28.342+0000][1][safepoint    ] Application time: 1.0002044 seconds
[2022-06-13T02:16:28.342+0000][1][safepoint    ] Entering safepoint region: Cleanup
[2022-06-13T02:16:28.343+0000][1][safepoint    ] Leaving safepoint region
[2022-06-13T02:16:28.343+0000][1][safepoint    ] Total time for which application threads were stopped: 0.0005533 seconds, Stopping threads took: 0.0002538 seconds
[2022-06-13T02:16:29.343+0000][1][safepoint    ] Application time: 1.0002870 seconds
[2022-06-13T02:16:29.344+0000][1][safepoint    ] Entering safepoint region: Cleanup
[2022-06-13T02:16:29.344+0000][1][safepoint    ] Leaving safepoint region
[2022-06-13T02:16:29.345+0000][1][safepoint    ] Total time for which application threads were stopped: 0.0008191 seconds, Stopping threads took: 0.0003618 seconds
[2022-06-13T02:16:30.345+0000][1][safepoint    ] Application time: 1.0001352 seconds
[2022-06-13T02:16:30.346+0000][1][safepoint    ] Entering safepoint region: Cleanup
[2022-06-13T02:16:30.346+0000][1][safepoint    ] Leaving safepoint region
[2022-06-13T02:16:30.346+0000][1][safepoint    ] Total time for which application threads were stopped: 0.0005924 seconds, Stopping threads took: 0.0003336 seconds
[2022-06-13T02:16:31.347+0000][1][safepoint    ] Application time: 1.0002150 seconds
[2022-06-13T02:16:31.347+0000][1][safepoint    ] Entering safepoint region: Cleanup
[2022-06-13T02:16:31.348+0000][1][safepoint    ] Leaving safepoint region
[2022-06-13T02:16:31.349+0000][1][safepoint    ] Total time for which application threads were stopped: 0.0011479 seconds, Stopping threads took: 0.0005229 seconds
[2022-06-13T02:16:32.349+0000][1][safepoint    ] Application time: 1.0001683 seconds
[2022-06-13T02:16:32.350+0000][1][safepoint    ] Entering safepoint region: Cleanup
[2022-06-13T02:16:32.351+0000][1][safepoint    ] Leaving safepoint region
[2022-06-13T02:16:32.351+0000][1][safepoint    ] Total time for which application threads were stopped: 0.0013090 seconds, Stopping threads took: 0.0006112 seconds
[2022-06-13T02:16:33.352+0000][1][safepoint    ] Application time: 1.0002388 seconds
[2022-06-13T02:16:33.353+0000][1][safepoint    ] Entering safepoint region: Cleanup
[2022-06-13T02:16:33.354+0000][1][safepoint    ] Leaving safepoint region
[2022-06-13T02:16:33.354+0000][1][safepoint    ] Total time for which application threads were stopped: 0.0010732 seconds, Stopping threads took: 0.0005039 seconds
[2022-06-13T02:16:34.355+0000][1][safepoint    ] Application time: 1.0001610 seconds
[2022-06-13T02:16:34.355+0000][1][safepoint    ] Entering safepoint region: Cleanup
[2022-06-13T02:16:34.356+0000][1][safepoint    ] Leaving safepoint region
[2022-06-13T02:16:34.356+0000][1][safepoint    ] Total time for which application threads were stopped: 0.0008266 seconds, Stopping threads took: 0.0004343 seconds
[2022-06-13T02:16:35.356+0000][1][safepoint    ] Application time: 1.0002472 seconds
[2022-06-13T02:16:35.357+0000][1][safepoint    ] Entering safepoint region: Cleanup
[2022-06-13T02:16:35.357+0000][1][safepoint    ] Leaving safepoint region
[2022-06-13T02:16:35.358+0000][1][safepoint    ] Total time for which application threads were stopped: 0.0008012 seconds, Stopping threads took: 0.0003886 seconds
[2022-06-13T02:16:36.358+0000][1][safepoint    ] Application time: 1.0001809 seconds
[2022-06-13T02:16:36.359+0000][1][safepoint    ] Entering safepoint region: Cleanup
[2022-06-13T02:16:36.359+0000][1][safepoint    ] Leaving safepoint region
[2022-06-13T02:16:36.360+0000][1][safepoint    ] Total time for which application threads were stopped: 0.0008496 seconds, Stopping threads took: 0.0004126 seconds
[2022-06-13T02:16:37.361+0000][1][safepoint    ] Application time: 1.0002756 seconds
[2022-06-13T02:16:37.361+0000][1][safepoint    ] Entering safepoint region: Cleanup
[2022-06-13T02:16:37.361+0000][1][safepoint    ] Leaving safepoint region
[2022-06-13T02:16:37.362+0000][1][safepoint    ] Total time for which application threads were stopped: 0.0006765 seconds, Stopping threads took: 0.0002600 seconds
[2022-06-13T02:16:38.362+0000][1][safepoint    ] Application time: 1.0001434 seconds
[2022-06-13T02:16:38.363+0000][1][safepoint    ] Entering safepoint region: Cleanup
[2022-06-13T02:16:38.363+0000][1][safepoint    ] Leaving safepoint region
[2022-06-13T02:16:38.363+0000][1][safepoint    ] Total time for which application threads were stopped: 0.0008401 seconds, Stopping threads took: 0.0003981 seconds
[2022-06-13T02:16:39.364+0000][1][safepoint    ] Application time: 1.0002175 seconds
[2022-06-13T02:16:39.365+0000][1][safepoint    ] Entering safepoint region: Cleanup
[2022-06-13T02:16:39.365+0000][1][safepoint    ] Leaving safepoint region
[2022-06-13T02:16:39.366+0000][1][safepoint    ] Total time for which application threads were stopped: 0.0009687 seconds, Stopping threads took: 0.0004410 seconds
[2022-06-13T02:16:40.366+0000][1][safepoint    ] Application time: 1.0002238 seconds
[2022-06-13T02:16:40.367+0000][1][safepoint    ] Entering safepoint region: Cleanup
[2022-06-13T02:16:40.367+0000][1][safepoint    ] Leaving safepoint region
[2022-06-13T02:16:40.367+0000][1][safepoint    ] Total time for which application threads were stopped: 0.0007094 seconds, Stopping threads took: 0.0003444 seconds
[2022-06-13T02:16:41.368+0000][1][safepoint    ] Application time: 1.0001432 seconds
[2022-06-13T02:16:41.368+0000][1][safepoint    ] Entering safepoint region: Cleanup
[2022-06-13T02:16:41.369+0000][1][safepoint    ] Leaving safepoint region
[2022-06-13T02:16:41.369+0000][1][safepoint    ] Total time for which application threads were stopped: 0.0006960 seconds, Stopping threads took: 0.0003715 seconds
[2022-06-13T02:16:42.369+0000][1][safepoint    ] Application time: 1.0001980 seconds
[2022-06-13T02:16:42.369+0000][1][safepoint    ] Entering safepoint region: Cleanup
[2022-06-13T02:16:42.370+0000][1][safepoint    ] Leaving safepoint region
[2022-06-13T02:16:42.370+0000][1][safepoint    ] Total time for which application threads were stopped: 0.0007309 seconds, Stopping threads took: 0.0004228 seconds
[2022-06-13T02:16:43.371+0000][1][safepoint    ] Application time: 1.0002066 seconds
[2022-06-13T02:16:43.372+0000][1][safepoint    ] Entering safepoint region: Cleanup
[2022-06-13T02:16:43.372+0000][1][safepoint    ] Leaving safepoint region
[2022-06-13T02:16:43.372+0000][1][safepoint    ] Total time for which application threads were stopped: 0.0009343 seconds, Stopping threads took: 0.0004715 seconds
[2022-06-13T02:16:44.373+0000][1][safepoint    ] Application time: 1.0001265 seconds
[2022-06-13T02:16:44.373+0000][1][safepoint    ] Entering safepoint region: Cleanup
[2022-06-13T02:16:44.374+0000][1][safepoint    ] Leaving safepoint region
[2022-06-13T02:16:44.374+0000][1][safepoint    ] Total time for which application threads were stopped: 0.0006701 seconds, Stopping threads took: 0.0002937 seconds
[2022-06-13T02:16:45.375+0000][1][safepoint    ] Application time: 1.0001989 seconds
[2022-06-13T02:16:45.375+0000][1][safepoint    ] Entering safepoint region: Cleanup
[2022-06-13T02:16:45.376+0000][1][safepoint    ] Leaving safepoint region
[2022-06-13T02:16:45.376+0000][1][safepoint    ] Total time for which application threads were stopped: 0.0010613 seconds, Stopping threads took: 0.0005093 seconds
[2022-06-13T02:16:46.377+0000][1][safepoint    ] Application time: 1.0001163 seconds
[2022-06-13T02:16:46.377+0000][1][safepoint    ] Entering safepoint region: Cleanup
[2022-06-13T02:16:46.377+0000][1][safepoint    ] Leaving safepoint region
[2022-06-13T02:16:46.378+0000][1][safepoint    ] Total time for which application threads were stopped: 0.0006028 seconds, Stopping threads took: 0.0002081 seconds
[2022-06-13T02:16:47.378+0000][1][safepoint    ] Application time: 1.0001320 seconds
[2022-06-13T02:16:47.379+0000][1][safepoint    ] Entering safepoint region: Cleanup
[2022-06-13T02:16:47.379+0000][1][safepoint    ] Leaving safepoint region
[2022-06-13T02:16:47.380+0000][1][safepoint    ] Total time for which application threads were stopped: 0.0009925 seconds, Stopping threads took: 0.0004903 seconds
[2022-06-13T02:16:48.380+0000][1][safepoint    ] Application time: 1.0001914 seconds
[2022-06-13T02:16:48.381+0000][1][safepoint    ] Entering safepoint region: Cleanup
[2022-06-13T02:16:48.382+0000][1][safepoint    ] Leaving safepoint region
[2022-06-13T02:16:48.382+0000][1][safepoint    ] Total time for which application threads were stopped: 0.0011537 seconds, Stopping threads took: 0.0005383 seconds
[2022-06-13T02:16:49.383+0000][1][safepoint    ] Application time: 1.0001432 seconds
[2022-06-13T02:16:49.383+0000][1][safepoint    ] Entering safepoint region: Cleanup
[2022-06-13T02:16:49.384+0000][1][safepoint    ] Leaving safepoint region
[2022-06-13T02:16:49.384+0000][1][safepoint    ] Total time for which application threads were stopped: 0.0005757 seconds, Stopping threads took: 0.0002599 seconds
[2022-06-13T02:16:50.384+0000][1][safepoint    ] Application time: 1.0001216 seconds
[2022-06-13T02:16:50.385+0000][1][safepoint    ] Entering safepoint region: Cleanup
[2022-06-13T02:16:50.385+0000][1][safepoint    ] Leaving safepoint region
[2022-06-13T02:16:50.386+0000][1][safepoint    ] Total time for which application threads were stopped: 0.0009637 seconds, Stopping threads took: 0.0004427 seconds
[2022-06-13T02:16:51.386+0000][1][safepoint    ] Application time: 1.0002109 seconds
[2022-06-13T02:16:51.387+0000][1][safepoint    ] Entering safepoint region: Cleanup
[2022-06-13T02:16:51.387+0000][1][safepoint    ] Leaving safepoint region
[2022-06-13T02:16:51.387+0000][1][safepoint    ] Total time for which application threads were stopped: 0.0004716 seconds, Stopping threads took: 0.0002147 seconds
[2022-06-13T02:16:52.388+0000][1][safepoint    ] Application time: 1.0001021 seconds
[2022-06-13T02:16:52.388+0000][1][safepoint    ] Entering safepoint region: Cleanup
[2022-06-13T02:16:52.388+0000][1][safepoint    ] Leaving safepoint region
[2022-06-13T02:16:52.389+0000][1][safepoint    ] Total time for which application threads were stopped: 0.0008619 seconds, Stopping threads took: 0.0003817 seconds
[2022-06-13T02:16:53.389+0000][1][safepoint    ] Application time: 1.0001301 seconds
[2022-06-13T02:16:53.390+0000][1][safepoint    ] Entering safepoint region: Cleanup
[2022-06-13T02:16:53.391+0000][1][safepoint    ] Leaving safepoint region
[2022-06-13T02:16:53.391+0000][1][safepoint    ] Total time for which application threads were stopped: 0.0009711 seconds, Stopping threads took: 0.0004451 seconds
[2022-06-13T02:16:54.392+0000][1][safepoint    ] Application time: 1.0001888 seconds
[2022-06-13T02:16:54.392+0000][1][safepoint    ] Entering safepoint region: Cleanup
[2022-06-13T02:16:54.393+0000][1][safepoint    ] Leaving safepoint region
[2022-06-13T02:16:54.393+0000][1][safepoint    ] Total time for which application threads were stopped: 0.0007385 seconds, Stopping threads took: 0.0003540 seconds
[2022-06-13T02:16:55.393+0000][1][safepoint    ] Application time: 1.0003428 seconds
[2022-06-13T02:16:55.394+0000][1][safepoint    ] Entering safepoint region: Cleanup
[2022-06-13T02:16:55.395+0000][1][safepoint    ] Leaving safepoint region
[2022-06-13T02:16:55.395+0000][1][safepoint    ] Total time for which application threads were stopped: 0.0013040 seconds, Stopping threads took: 0.0005701 seconds
[2022-06-13T02:16:56.396+0000][1][safepoint    ] Application time: 1.0003482 seconds
[2022-06-13T02:16:56.397+0000][1][safepoint    ] Entering safepoint region: Cleanup
[2022-06-13T02:16:56.398+0000][1][safepoint    ] Leaving safepoint region
[2022-06-13T02:16:56.398+0000][1][safepoint    ] Total time for which application threads were stopped: 0.0010249 seconds, Stopping threads took: 0.0005204 seconds
[2022-06-13T02:16:57.399+0000][1][safepoint    ] Application time: 1.0001293 seconds
[2022-06-13T02:16:57.399+0000][1][safepoint    ] Entering safepoint region: Cleanup
[2022-06-13T02:16:57.400+0000][1][safepoint    ] Leaving safepoint region
[2022-06-13T02:16:57.400+0000][1][safepoint    ] Total time for which application threads were stopped: 0.0009426 seconds, Stopping threads took: 0.0004330 seconds
[2022-06-13T02:16:58.401+0000][1][safepoint    ] Application time: 1.0002718 seconds
[2022-06-13T02:16:58.401+0000][1][safepoint    ] Entering safepoint region: Cleanup
[2022-06-13T02:16:58.402+0000][1][safepoint    ] Leaving safepoint region
[2022-06-13T02:16:58.402+0000][1][safepoint    ] Total time for which application threads were stopped: 0.0004407 seconds, Stopping threads took: 0.0002016 seconds
[2022-06-13T02:16:59.402+0000][1][safepoint    ] Application time: 1.0003098 seconds
[2022-06-13T02:16:59.403+0000][1][safepoint    ] Entering safepoint region: Cleanup
[2022-06-13T02:16:59.403+0000][1][safepoint    ] Leaving safepoint region
[2022-06-13T02:16:59.404+0000][1][safepoint    ] Total time for which application threads were stopped: 0.0007770 seconds, Stopping threads took: 0.0003157 seconds
[2022-06-13T02:17:00.404+0000][1][safepoint    ] Application time: 1.0001971 seconds
[2022-06-13T02:17:00.405+0000][1][safepoint    ] Entering safepoint region: Cleanup
[2022-06-13T02:17:00.405+0000][1][safepoint    ] Leaving safepoint region
[2022-06-13T02:17:00.406+0000][1][safepoint    ] Total time for which application threads were stopped: 0.0008461 seconds, Stopping threads took: 0.0004086 seconds
[2022-06-13T02:17:01.406+0000][1][safepoint    ] Application time: 1.0003032 seconds
[2022-06-13T02:17:01.407+0000][1][safepoint    ] Entering safepoint region: Cleanup
[2022-06-13T02:17:01.408+0000][1][safepoint    ] Leaving safepoint region
[2022-06-13T02:17:01.408+0000][1][safepoint    ] Total time for which application threads were stopped: 0.0007815 seconds, Stopping threads took: 0.0003907 seconds
[2022-06-13T02:17:02.409+0000][1][safepoint    ] Application time: 1.0001593 seconds
[2022-06-13T02:17:02.409+0000][1][safepoint    ] Entering safepoint region: Cleanup
[2022-06-13T02:17:02.409+0000][1][safepoint    ] Leaving safepoint region
[2022-06-13T02:17:02.410+0000][1][safepoint    ] Total time for which application threads were stopped: 0.0006263 seconds, Stopping threads took: 0.0001995 seconds
[2022-06-13T02:17:03.410+0000][1][safepoint    ] Application time: 1.0001734 seconds
[2022-06-13T02:17:03.411+0000][1][safepoint    ] Entering safepoint region: Cleanup
[2022-06-13T02:17:03.411+0000][1][safepoint    ] Leaving safepoint region
[2022-06-13T02:17:03.411+0000][1][safepoint    ] Total time for which application threads were stopped: 0.0009235 seconds, Stopping threads took: 0.0004992 seconds
[2022-06-13T02:17:04.412+0000][1][safepoint    ] Application time: 1.0002437 seconds
[2022-06-13T02:17:04.413+0000][1][safepoint    ] Entering safepoint region: Cleanup
[2022-06-13T02:17:04.413+0000][1][safepoint    ] Leaving safepoint region
[2022-06-13T02:17:04.413+0000][1][safepoint    ] Total time for which application threads were stopped: 0.0008693 seconds, Stopping threads took: 0.0003483 seconds
[2022-06-13T02:17:05.414+0000][1][safepoint    ] Application time: 1.0001410 seconds
[2022-06-13T02:17:05.415+0000][1][safepoint    ] Entering safepoint region: Cleanup
[2022-06-13T02:17:05.415+0000][1][safepoint    ] Leaving safepoint region
[2022-06-13T02:17:05.415+0000][1][safepoint    ] Total time for which application threads were stopped: 0.0009927 seconds, Stopping threads took: 0.0005486 seconds
[2022-06-13T02:17:06.416+0000][1][safepoint    ] Application time: 1.0002692 seconds
[2022-06-13T02:17:06.417+0000][1][safepoint    ] Entering safepoint region: Cleanup
[2022-06-13T02:17:06.418+0000][1][safepoint    ] Leaving safepoint region
[2022-06-13T02:17:06.418+0000][1][safepoint    ] Total time for which application threads were stopped: 0.0010953 seconds, Stopping threads took: 0.0005749 seconds
[2022-06-13T02:17:07.419+0000][1][safepoint    ] Application time: 1.0002067 seconds
[2022-06-13T02:17:07.419+0000][1][safepoint    ] Entering safepoint region: Cleanup
[2022-06-13T02:17:07.420+0000][1][safepoint    ] Leaving safepoint region
[2022-06-13T02:17:07.420+0000][1][safepoint    ] Total time for which application threads were stopped: 0.0009435 seconds, Stopping threads took: 0.0004576 seconds
[2022-06-13T02:17:08.421+0000][1][safepoint    ] Application time: 1.0001464 seconds
[2022-06-13T02:17:08.421+0000][1][safepoint    ] Entering safepoint region: Cleanup
[2022-06-13T02:17:08.422+0000][1][safepoint    ] Leaving safepoint region
[2022-06-13T02:17:08.422+0000][1][safepoint    ] Total time for which application threads were stopped: 0.0011869 seconds, Stopping threads took: 0.0006599 seconds
[2022-06-13T02:17:09.423+0000][1][safepoint    ] Application time: 1.0001301 seconds
[2022-06-13T02:17:09.423+0000][1][safepoint    ] Entering safepoint region: Cleanup
[2022-06-13T02:17:09.424+0000][1][safepoint    ] Leaving safepoint region
[2022-06-13T02:17:09.424+0000][1][safepoint    ] Total time for which application threads were stopped: 0.0009656 seconds, Stopping threads took: 0.0004314 seconds
[2022-06-13T02:17:10.425+0000][1][safepoint    ] Application time: 1.0001374 seconds
[2022-06-13T02:17:10.425+0000][1][safepoint    ] Entering safepoint region: Cleanup
[2022-06-13T02:17:10.426+0000][1][safepoint    ] Leaving safepoint region
[2022-06-13T02:17:10.426+0000][1][safepoint    ] Total time for which application threads were stopped: 0.0009478 seconds, Stopping threads took: 0.0004710 seconds
[2022-06-13T02:17:11.427+0000][1][safepoint    ] Application time: 1.0001058 seconds
[2022-06-13T02:17:11.427+0000][1][safepoint    ] Entering safepoint region: Cleanup
[2022-06-13T02:17:11.428+0000][1][safepoint    ] Leaving safepoint region
[2022-06-13T02:17:11.428+0000][1][safepoint    ] Total time for which application threads were stopped: 0.0008832 seconds, Stopping threads took: 0.0004261 seconds
[2022-06-13T02:17:12.429+0000][1][safepoint    ] Application time: 1.0002209 seconds
[2022-06-13T02:17:12.429+0000][1][safepoint    ] Entering safepoint region: Cleanup
[2022-06-13T02:17:12.430+0000][1][safepoint    ] Leaving safepoint region
[2022-06-13T02:17:12.430+0000][1][safepoint    ] Total time for which application threads were stopped: 0.0009446 seconds, Stopping threads took: 0.0004283 seconds
[2022-06-13T02:17:13.431+0000][1][safepoint    ] Application time: 1.0002423 seconds
[2022-06-13T02:17:13.432+0000][1][safepoint    ] Entering safepoint region: Cleanup
[2022-06-13T02:17:13.432+0000][1][safepoint    ] Leaving safepoint region
[2022-06-13T02:17:13.432+0000][1][safepoint    ] Total time for which application threads were stopped: 0.0008389 seconds, Stopping threads took: 0.0004395 seconds
[2022-06-13T02:17:14.433+0000][1][safepoint    ] Application time: 1.0001783 seconds
[2022-06-13T02:17:14.433+0000][1][safepoint    ] Entering safepoint region: Cleanup
[2022-06-13T02:17:14.434+0000][1][safepoint    ] Leaving safepoint region
[2022-06-13T02:17:14.434+0000][1][safepoint    ] Total time for which application threads were stopped: 0.0007701 seconds, Stopping threads took: 0.0004633 seconds
[2022-06-13T02:17:15.434+0000][1][safepoint    ] Application time: 1.0001986 seconds
[2022-06-13T02:17:15.435+0000][1][safepoint    ] Entering safepoint region: Cleanup
[2022-06-13T02:17:15.435+0000][1][safepoint    ] Leaving safepoint region
[2022-06-13T02:17:15.436+0000][1][safepoint    ] Total time for which application threads were stopped: 0.0009074 seconds, Stopping threads took: 0.0004606 seconds
[2022-06-13T02:17:16.436+0000][1][safepoint    ] Application time: 1.0002572 seconds
[2022-06-13T02:17:16.437+0000][1][safepoint    ] Entering safepoint region: Cleanup
[2022-06-13T02:17:16.438+0000][1][safepoint    ] Leaving safepoint region
[2022-06-13T02:17:16.438+0000][1][safepoint    ] Total time for which application threads were stopped: 0.0012486 seconds, Stopping threads took: 0.0005447 seconds
[2022-06-13T02:17:17.439+0000][1][safepoint    ] Application time: 1.0001211 seconds
[2022-06-13T02:17:17.439+0000][1][safepoint    ] Entering safepoint region: Cleanup
[2022-06-13T02:17:17.440+0000][1][safepoint    ] Leaving safepoint region
[2022-06-13T02:17:17.440+0000][1][safepoint    ] Total time for which application threads were stopped: 0.0005592 seconds, Stopping threads took: 0.0002693 seconds
[2022-06-13T02:17:18.319+0000][1][safepoint    ] Application time: 0.8792709 seconds
[2022-06-13T02:17:18.320+0000][1][safepoint    ] Entering safepoint region: RevokeBias
[2022-06-13T02:17:18.320+0000][1][safepoint    ] Leaving safepoint region
[2022-06-13T02:17:18.321+0000][1][safepoint    ] Total time for which application threads were stopped: 0.0008490 seconds, Stopping threads took: 0.0003600 seconds
[2022-06-13T02:17:19.321+0000][1][safepoint    ] Application time: 1.0002243 seconds
[2022-06-13T02:17:19.322+0000][1][safepoint    ] Entering safepoint region: Cleanup
[2022-06-13T02:17:19.323+0000][1][safepoint    ] Leaving safepoint region
[2022-06-13T02:17:19.323+0000][1][safepoint    ] Total time for which application threads were stopped: 0.0011349 seconds, Stopping threads took: 0.0005065 seconds
[2022-06-13T02:17:20.324+0000][1][safepoint    ] Application time: 1.0001257 seconds
[2022-06-13T02:17:20.324+0000][1][safepoint    ] Entering safepoint region: Cleanup
[2022-06-13T02:17:20.325+0000][1][safepoint    ] Leaving safepoint region
[2022-06-13T02:17:20.325+0000][1][safepoint    ] Total time for which application threads were stopped: 0.0006027 seconds, Stopping threads took: 0.0002851 seconds
[2022-06-13T02:17:21.325+0000][1][safepoint    ] Application time: 1.0001043 seconds
[2022-06-13T02:17:21.326+0000][1][safepoint    ] Entering safepoint region: Cleanup
[2022-06-13T02:17:21.326+0000][1][safepoint    ] Leaving safepoint region
[2022-06-13T02:17:21.327+0000][1][safepoint    ] Total time for which application threads were stopped: 0.0013019 seconds, Stopping threads took: 0.0006172 seconds
[2022-06-13T02:17:22.328+0000][1][safepoint    ] Application time: 1.0001523 seconds
[2022-06-13T02:17:22.328+0000][1][safepoint    ] Entering safepoint region: Cleanup
[2022-06-13T02:17:22.329+0000][1][safepoint    ] Leaving safepoint region
[2022-06-13T02:17:22.330+0000][1][safepoint    ] Total time for which application threads were stopped: 0.0010738 seconds, Stopping threads took: 0.0004659 seconds
[2022-06-13T02:17:23.330+0000][1][safepoint    ] Application time: 1.0003676 seconds
[2022-06-13T02:17:23.331+0000][1][safepoint    ] Entering safepoint region: Cleanup
[2022-06-13T02:17:23.332+0000][1][safepoint    ] Leaving safepoint region
[2022-06-13T02:17:23.332+0000][1][safepoint    ] Total time for which application threads were stopped: 0.0012840 seconds, Stopping threads took: 0.0005993 seconds
[2022-06-13T02:17:24.333+0000][1][safepoint    ] Application time: 1.0002068 seconds
[2022-06-13T02:17:24.334+0000][1][safepoint    ] Entering safepoint region: Cleanup
[2022-06-13T02:17:24.334+0000][1][safepoint    ] Leaving safepoint region
[2022-06-13T02:17:24.335+0000][1][safepoint    ] Total time for which application threads were stopped: 0.0009970 seconds, Stopping threads took: 0.0004972 seconds
[2022-06-13T02:17:25.335+0000][1][safepoint    ] Application time: 1.0002100 seconds
[2022-06-13T02:17:25.336+0000][1][safepoint    ] Entering safepoint region: Cleanup
[2022-06-13T02:17:25.337+0000][1][safepoint    ] Leaving safepoint region
[2022-06-13T02:17:25.337+0000][1][safepoint    ] Total time for which application threads were stopped: 0.0010889 seconds, Stopping threads took: 0.0004080 seconds
[2022-06-13T02:17:26.338+0000][1][safepoint    ] Application time: 1.0002720 seconds
[2022-06-13T02:17:26.339+0000][1][safepoint    ] Entering safepoint region: Cleanup
[2022-06-13T02:17:26.339+0000][1][safepoint    ] Leaving safepoint region
[2022-06-13T02:17:26.339+0000][1][safepoint    ] Total time for which application threads were stopped: 0.0008830 seconds, Stopping threads took: 0.0003759 seconds
[2022-06-13T02:17:27.340+0000][1][safepoint    ] Application time: 1.0003010 seconds
[2022-06-13T02:17:27.341+0000][1][safepoint    ] Entering safepoint region: Cleanup
[2022-06-13T02:17:27.341+0000][1][safepoint    ] Leaving safepoint region
[2022-06-13T02:17:27.341+0000][1][safepoint    ] Total time for which application threads were stopped: 0.0007050 seconds, Stopping threads took: 0.0003435 seconds
[2022-06-13T02:17:28.342+0000][1][safepoint    ] Application time: 1.0001996 seconds
[2022-06-13T02:17:28.342+0000][1][safepoint    ] Entering safepoint region: Cleanup
[2022-06-13T02:17:28.343+0000][1][safepoint    ] Leaving safepoint region
[2022-06-13T02:17:28.343+0000][1][safepoint    ] Total time for which application threads were stopped: 0.0003519 seconds, Stopping threads took: 0.0001490 seconds
[2022-06-13T02:17:29.343+0000][1][safepoint    ] Application time: 1.0001163 seconds
[2022-06-13T02:17:29.343+0000][1][safepoint    ] Entering safepoint region: Cleanup
[2022-06-13T02:17:29.343+0000][1][safepoint    ] Leaving safepoint region
[2022-06-13T02:17:29.344+0000][1][safepoint    ] Total time for which application threads were stopped: 0.0003486 seconds, Stopping threads took: 0.0001589 seconds
[2022-06-13T02:17:30.344+0000][1][safepoint    ] Application time: 1.0001105 seconds
[2022-06-13T02:17:30.344+0000][1][safepoint    ] Entering safepoint region: Cleanup
[2022-06-13T02:17:30.344+0000][1][safepoint    ] Leaving safepoint region
[2022-06-13T02:17:30.344+0000][1][safepoint    ] Total time for which application threads were stopped: 0.0003607 seconds, Stopping threads took: 0.0001677 seconds
[2022-06-13T02:17:31.345+0000][1][safepoint    ] Application time: 1.0002635 seconds
[2022-06-13T02:17:31.345+0000][1][safepoint    ] Entering safepoint region: Cleanup
[2022-06-13T02:17:31.346+0000][1][safepoint    ] Leaving safepoint region
[2022-06-13T02:17:31.346+0000][1][safepoint    ] Total time for which application threads were stopped: 0.0010808 seconds, Stopping threads took: 0.0004761 seconds
[2022-06-13T02:17:32.259+0000][1][safepoint    ] Application time: 0.9116279 seconds
[2022-06-13T02:17:32.259+0000][1][safepoint    ] Entering safepoint region: GenCollectForAllocation
[2022-06-13T02:17:32.260+0000][1][gc,start     ] GC(24) Pause Young (Allocation Failure)
[2022-06-13T02:17:32.260+0000][1][gc,task      ] GC(24) Using 5 workers of 13 for evacuation
[2022-06-13T02:17:32.262+0000][1][gc,age       ] GC(24) Desired survivor size 4456448 bytes, new threshold 6 (max threshold 6)
[2022-06-13T02:17:32.262+0000][1][gc,age       ] GC(24) Age table with threshold 6 (max threshold 6)
[2022-06-13T02:17:32.263+0000][1][gc,age       ] GC(24) - age   1:      50704 bytes,      50704 total
[2022-06-13T02:17:32.264+0000][1][gc,age       ] GC(24) - age   2:      64648 bytes,     115352 total
[2022-06-13T02:17:32.264+0000][1][gc,age       ] GC(24) - age   3:    1368432 bytes,    1483784 total
[2022-06-13T02:17:32.264+0000][1][gc,heap      ] GC(24) ParNew: 74920K->2239K(78656K)
[2022-06-13T02:17:32.265+0000][1][gc,heap      ] GC(24) CMS: 67806K->67806K(174784K)
[2022-06-13T02:17:32.266+0000][1][gc,metaspace ] GC(24) Metaspace: 65219K->65219K(1107968K)
[2022-06-13T02:17:32.266+0000][1][gc           ] GC(24) Pause Young (Allocation Failure) 139M->68M(247M) 6.541ms
[2022-06-13T02:17:32.267+0000][1][gc,cpu       ] GC(24) User=0.00s Sys=0.00s Real=0.00s
[2022-06-13T02:17:32.267+0000][1][safepoint    ] Leaving safepoint region
[2022-06-13T02:17:32.267+0000][1][safepoint    ] Total time for which application threads were stopped: 0.0082815 seconds, Stopping threads took: 0.0003850 seconds
[2022-06-13T02:17:33.268+0000][1][safepoint    ] Application time: 1.0002169 seconds
[2022-06-13T02:17:33.268+0000][1][safepoint    ] Entering safepoint region: Cleanup
[2022-06-13T02:17:33.269+0000][1][safepoint    ] Leaving safepoint region
[2022-06-13T02:17:33.269+0000][1][safepoint    ] Total time for which application threads were stopped: 0.0006519 seconds, Stopping threads took: 0.0003311 seconds
[2022-06-13T02:17:34.269+0000][1][safepoint    ] Application time: 1.0002049 seconds
[2022-06-13T02:17:34.270+0000][1][safepoint    ] Entering safepoint region: Cleanup
[2022-06-13T02:17:34.270+0000][1][safepoint    ] Leaving safepoint region
[2022-06-13T02:17:34.271+0000][1][safepoint    ] Total time for which application threads were stopped: 0.0008915 seconds, Stopping threads took: 0.0003842 seconds
[2022-06-13T02:17:35.271+0000][1][safepoint    ] Application time: 1.0001267 seconds
[2022-06-13T02:17:35.272+0000][1][safepoint    ] Entering safepoint region: Cleanup
[2022-06-13T02:17:35.272+0000][1][safepoint    ] Leaving safepoint region
[2022-06-13T02:17:35.273+0000][1][safepoint    ] Total time for which application threads were stopped: 0.0009535 seconds, Stopping threads took: 0.0004786 seconds
[2022-06-13T02:17:36.273+0000][1][safepoint    ] Application time: 1.0002908 seconds
[2022-06-13T02:17:36.274+0000][1][safepoint    ] Entering safepoint region: Cleanup
[2022-06-13T02:17:36.275+0000][1][safepoint    ] Leaving safepoint region
[2022-06-13T02:17:36.276+0000][1][safepoint    ] Total time for which application threads were stopped: 0.0015951 seconds, Stopping threads took: 0.0007402 seconds
[2022-06-13T02:17:37.277+0000][1][safepoint    ] Application time: 1.0003302 seconds
[2022-06-13T02:17:37.277+0000][1][safepoint    ] Entering safepoint region: Cleanup
[2022-06-13T02:17:37.278+0000][1][safepoint    ] Leaving safepoint region
[2022-06-13T02:17:37.278+0000][1][safepoint    ] Total time for which application threads were stopped: 0.0006183 seconds, Stopping threads took: 0.0002983 seconds
[2022-06-13T02:17:38.278+0000][1][safepoint    ] Application time: 1.0001892 seconds
[2022-06-13T02:17:38.279+0000][1][safepoint    ] Entering safepoint region: Cleanup
[2022-06-13T02:17:38.279+0000][1][safepoint    ] Leaving safepoint region
[2022-06-13T02:17:38.280+0000][1][safepoint    ] Total time for which application threads were stopped: 0.0009403 seconds, Stopping threads took: 0.0004298 seconds
[2022-06-13T02:17:39.281+0000][1][safepoint    ] Application time: 1.0002841 seconds
[2022-06-13T02:17:39.281+0000][1][safepoint    ] Entering safepoint region: Cleanup
[2022-06-13T02:17:39.282+0000][1][safepoint    ] Leaving safepoint region
[2022-06-13T02:17:39.282+0000][1][safepoint    ] Total time for which application threads were stopped: 0.0009710 seconds, Stopping threads took: 0.0004734 seconds
[2022-06-13T02:17:40.283+0000][1][safepoint    ] Application time: 1.0003143 seconds
[2022-06-13T02:17:40.283+0000][1][safepoint    ] Entering safepoint region: Cleanup
[2022-06-13T02:17:40.284+0000][1][safepoint    ] Leaving safepoint region
[2022-06-13T02:17:40.285+0000][1][safepoint    ] Total time for which application threads were stopped: 0.0015021 seconds, Stopping threads took: 0.0007401 seconds
[2022-06-13T02:17:41.286+0000][1][safepoint    ] Application time: 1.0001648 seconds
[2022-06-13T02:17:41.286+0000][1][safepoint    ] Entering safepoint region: Cleanup
[2022-06-13T02:17:41.287+0000][1][safepoint    ] Leaving safepoint region
[2022-06-13T02:17:41.287+0000][1][safepoint    ] Total time for which application threads were stopped: 0.0004865 seconds, Stopping threads took: 0.0002613 seconds
[2022-06-13T02:17:42.287+0000][1][safepoint    ] Application time: 1.0002020 seconds
[2022-06-13T02:17:42.288+0000][1][safepoint    ] Entering safepoint region: Cleanup
[2022-06-13T02:17:42.288+0000][1][safepoint    ] Leaving safepoint region
[2022-06-13T02:17:42.288+0000][1][safepoint    ] Total time for which application threads were stopped: 0.0008344 seconds, Stopping threads took: 0.0003854 seconds
[2022-06-13T02:17:43.289+0000][1][safepoint    ] Application time: 1.0001877 seconds
[2022-06-13T02:17:43.289+0000][1][safepoint    ] Entering safepoint region: Cleanup
[2022-06-13T02:17:43.290+0000][1][safepoint    ] Leaving safepoint region
[2022-06-13T02:17:43.290+0000][1][safepoint    ] Total time for which application threads were stopped: 0.0007916 seconds, Stopping threads took: 0.0003707 seconds
[2022-06-13T02:17:44.291+0000][1][safepoint    ] Application time: 1.0001926 seconds
[2022-06-13T02:17:44.291+0000][1][safepoint    ] Entering safepoint region: Cleanup
[2022-06-13T02:17:44.292+0000][1][safepoint    ] Leaving safepoint region
[2022-06-13T02:17:44.292+0000][1][safepoint    ] Total time for which application threads were stopped: 0.0008437 seconds, Stopping threads took: 0.0003840 seconds
[2022-06-13T02:17:45.293+0000][1][safepoint    ] Application time: 1.0001207 seconds
[2022-06-13T02:17:45.293+0000][1][safepoint    ] Entering safepoint region: Cleanup
[2022-06-13T02:17:45.293+0000][1][safepoint    ] Leaving safepoint region
[2022-06-13T02:17:45.293+0000][1][safepoint    ] Total time for which application threads were stopped: 0.0003699 seconds, Stopping threads took: 0.0001619 seconds
[2022-06-13T02:17:46.293+0000][1][safepoint    ] Application time: 1.0001511 seconds
[2022-06-13T02:17:46.294+0000][1][safepoint    ] Entering safepoint region: Cleanup
[2022-06-13T02:17:46.294+0000][1][safepoint    ] Leaving safepoint region
[2022-06-13T02:17:46.294+0000][1][safepoint    ] Total time for which application threads were stopped: 0.0004832 seconds, Stopping threads took: 0.0002434 seconds
[2022-06-13T02:17:47.295+0000][1][safepoint    ] Application time: 1.0002569 seconds
[2022-06-13T02:17:47.295+0000][1][safepoint    ] Entering safepoint region: Cleanup
[2022-06-13T02:17:47.296+0000][1][safepoint    ] Leaving safepoint region
[2022-06-13T02:17:47.296+0000][1][safepoint    ] Total time for which application threads were stopped: 0.0009591 seconds, Stopping threads took: 0.0005125 seconds
[2022-06-13T02:17:48.297+0000][1][safepoint    ] Application time: 1.0001823 seconds
[2022-06-13T02:17:48.297+0000][1][safepoint    ] Entering safepoint region: Cleanup
[2022-06-13T02:17:48.298+0000][1][safepoint    ] Leaving safepoint region
[2022-06-13T02:17:48.298+0000][1][safepoint    ] Total time for which application threads were stopped: 0.0009163 seconds, Stopping threads took: 0.0004431 seconds
[2022-06-13T02:17:49.299+0000][1][safepoint    ] Application time: 1.0002416 seconds
[2022-06-13T02:17:49.299+0000][1][safepoint    ] Entering safepoint region: Cleanup
[2022-06-13T02:17:49.300+0000][1][safepoint    ] Leaving safepoint region
[2022-06-13T02:17:49.300+0000][1][safepoint    ] Total time for which application threads were stopped: 0.0010068 seconds, Stopping threads took: 0.0004683 seconds
[2022-06-13T02:17:50.301+0000][1][safepoint    ] Application time: 1.0003750 seconds
[2022-06-13T02:17:50.302+0000][1][safepoint    ] Entering safepoint region: Cleanup
[2022-06-13T02:17:50.302+0000][1][safepoint    ] Leaving safepoint region
[2022-06-13T02:17:50.303+0000][1][safepoint    ] Total time for which application threads were stopped: 0.0010885 seconds, Stopping threads took: 0.0005003 seconds
[2022-06-13T02:17:51.304+0000][1][safepoint    ] Application time: 1.0001953 seconds
[2022-06-13T02:17:51.304+0000][1][safepoint    ] Entering safepoint region: Cleanup
[2022-06-13T02:17:51.305+0000][1][safepoint    ] Leaving safepoint region
[2022-06-13T02:17:51.305+0000][1][safepoint    ] Total time for which application threads were stopped: 0.0010457 seconds, Stopping threads took: 0.0005109 seconds
[2022-06-13T02:17:52.306+0000][1][safepoint    ] Application time: 1.0002820 seconds
[2022-06-13T02:17:52.307+0000][1][safepoint    ] Entering safepoint region: Cleanup
[2022-06-13T02:17:52.308+0000][1][safepoint    ] Leaving safepoint region
[2022-06-13T02:17:52.308+0000][1][safepoint    ] Total time for which application threads were stopped: 0.0010078 seconds, Stopping threads took: 0.0006177 seconds
[2022-06-13T02:17:53.308+0000][1][safepoint    ] Application time: 1.0001978 seconds
[2022-06-13T02:17:53.309+0000][1][safepoint    ] Entering safepoint region: Cleanup
[2022-06-13T02:17:53.310+0000][1][safepoint    ] Leaving safepoint region
[2022-06-13T02:17:53.310+0000][1][safepoint    ] Total time for which application threads were stopped: 0.0011980 seconds, Stopping threads took: 0.0006004 seconds
[2022-06-13T02:17:54.311+0000][1][safepoint    ] Application time: 1.0003512 seconds
[2022-06-13T02:17:54.312+0000][1][safepoint    ] Entering safepoint region: Cleanup
[2022-06-13T02:17:54.312+0000][1][safepoint    ] Leaving safepoint region
[2022-06-13T02:17:54.313+0000][1][safepoint    ] Total time for which application threads were stopped: 0.0008682 seconds, Stopping threads took: 0.0004304 seconds
[2022-06-13T02:17:55.313+0000][1][safepoint    ] Application time: 1.0002384 seconds
[2022-06-13T02:17:55.314+0000][1][safepoint    ] Entering safepoint region: Cleanup
[2022-06-13T02:17:55.314+0000][1][safepoint    ] Leaving safepoint region
[2022-06-13T02:17:55.314+0000][1][safepoint    ] Total time for which application threads were stopped: 0.0008090 seconds, Stopping threads took: 0.0003930 seconds
[2022-06-13T02:17:56.315+0000][1][safepoint    ] Application time: 1.0003331 seconds
[2022-06-13T02:17:56.316+0000][1][safepoint    ] Entering safepoint region: Cleanup
[2022-06-13T02:17:56.316+0000][1][safepoint    ] Leaving safepoint region
[2022-06-13T02:17:56.317+0000][1][safepoint    ] Total time for which application threads were stopped: 0.0007814 seconds, Stopping threads took: 0.0003561 seconds
[2022-06-13T02:17:57.317+0000][1][safepoint    ] Application time: 1.0001747 seconds
[2022-06-13T02:17:57.318+0000][1][safepoint    ] Entering safepoint region: Cleanup
[2022-06-13T02:17:57.318+0000][1][safepoint    ] Leaving safepoint region
[2022-06-13T02:17:57.318+0000][1][safepoint    ] Total time for which application threads were stopped: 0.0007509 seconds, Stopping threads took: 0.0003895 seconds
[2022-06-13T02:17:58.319+0000][1][safepoint    ] Application time: 1.0001754 seconds
[2022-06-13T02:17:58.319+0000][1][safepoint    ] Entering safepoint region: Cleanup
[2022-06-13T02:17:58.320+0000][1][safepoint    ] Leaving safepoint region
[2022-06-13T02:17:58.320+0000][1][safepoint    ] Total time for which application threads were stopped: 0.0008437 seconds, Stopping threads took: 0.0003122 seconds
[2022-06-13T02:17:59.321+0000][1][safepoint    ] Application time: 1.0003299 seconds
[2022-06-13T02:17:59.321+0000][1][safepoint    ] Entering safepoint region: Cleanup
[2022-06-13T02:17:59.322+0000][1][safepoint    ] Leaving safepoint region
[2022-06-13T02:17:59.322+0000][1][safepoint    ] Total time for which application threads were stopped: 0.0008252 seconds, Stopping threads took: 0.0003755 seconds
[2022-06-13T02:18:00.323+0000][1][safepoint    ] Application time: 1.0001811 seconds
[2022-06-13T02:18:00.323+0000][1][safepoint    ] Entering safepoint region: Cleanup
[2022-06-13T02:18:00.324+0000][1][safepoint    ] Leaving safepoint region
[2022-06-13T02:18:00.324+0000][1][safepoint    ] Total time for which application threads were stopped: 0.0009184 seconds, Stopping threads took: 0.0004701 seconds
[2022-06-13T02:18:01.325+0000][1][safepoint    ] Application time: 1.0002392 seconds
[2022-06-13T02:18:01.326+0000][1][safepoint    ] Entering safepoint region: Cleanup
[2022-06-13T02:18:01.326+0000][1][safepoint    ] Leaving safepoint region
[2022-06-13T02:18:01.327+0000][1][safepoint    ] Total time for which application threads were stopped: 0.0010352 seconds, Stopping threads took: 0.0004786 seconds
[2022-06-13T02:18:02.327+0000][1][safepoint    ] Application time: 1.0001648 seconds
[2022-06-13T02:18:02.328+0000][1][safepoint    ] Entering safepoint region: Cleanup
[2022-06-13T02:18:02.329+0000][1][safepoint    ] Leaving safepoint region
[2022-06-13T02:18:02.329+0000][1][safepoint    ] Total time for which application threads were stopped: 0.0013573 seconds, Stopping threads took: 0.0007995 seconds
[2022-06-13T02:18:03.330+0000][1][safepoint    ] Application time: 1.0002433 seconds
[2022-06-13T02:18:03.331+0000][1][safepoint    ] Entering safepoint region: Cleanup
[2022-06-13T02:18:03.331+0000][1][safepoint    ] Leaving safepoint region
[2022-06-13T02:18:03.332+0000][1][safepoint    ] Total time for which application threads were stopped: 0.0009483 seconds, Stopping threads took: 0.0003613 seconds
[2022-06-13T02:18:04.332+0000][1][safepoint    ] Application time: 1.0003370 seconds
[2022-06-13T02:18:04.333+0000][1][safepoint    ] Entering safepoint region: Cleanup
[2022-06-13T02:18:04.333+0000][1][safepoint    ] Leaving safepoint region
[2022-06-13T02:18:04.333+0000][1][safepoint    ] Total time for which application threads were stopped: 0.0005938 seconds, Stopping threads took: 0.0002639 seconds
[2022-06-13T02:18:05.334+0000][1][safepoint    ] Application time: 1.0002754 seconds
[2022-06-13T02:18:05.335+0000][1][safepoint    ] Entering safepoint region: Cleanup
[2022-06-13T02:18:05.335+0000][1][safepoint    ] Leaving safepoint region
[2022-06-13T02:18:05.336+0000][1][safepoint    ] Total time for which application threads were stopped: 0.0010042 seconds, Stopping threads took: 0.0002861 seconds
[2022-06-13T02:18:06.336+0000][1][safepoint    ] Application time: 1.0001803 seconds
[2022-06-13T02:18:06.337+0000][1][safepoint    ] Entering safepoint region: Cleanup
[2022-06-13T02:18:06.337+0000][1][safepoint    ] Leaving safepoint region
[2022-06-13T02:18:06.337+0000][1][safepoint    ] Total time for which application threads were stopped: 0.0009878 seconds, Stopping threads took: 0.0004681 seconds
[2022-06-13T02:18:07.338+0000][1][safepoint    ] Application time: 1.0003405 seconds
[2022-06-13T02:18:07.339+0000][1][safepoint    ] Entering safepoint region: Cleanup
[2022-06-13T02:18:07.339+0000][1][safepoint    ] Leaving safepoint region
[2022-06-13T02:18:07.340+0000][1][safepoint    ] Total time for which application threads were stopped: 0.0009979 seconds, Stopping threads took: 0.0004537 seconds
[2022-06-13T02:18:08.340+0000][1][safepoint    ] Application time: 1.0002101 seconds
[2022-06-13T02:18:08.341+0000][1][safepoint    ] Entering safepoint region: Cleanup
[2022-06-13T02:18:08.341+0000][1][safepoint    ] Leaving safepoint region
[2022-06-13T02:18:08.342+0000][1][safepoint    ] Total time for which application threads were stopped: 0.0007448 seconds, Stopping threads took: 0.0003615 seconds
[2022-06-13T02:18:09.342+0000][1][safepoint    ] Application time: 1.0002306 seconds
[2022-06-13T02:18:09.343+0000][1][safepoint    ] Entering safepoint region: Cleanup
[2022-06-13T02:18:09.344+0000][1][safepoint    ] Leaving safepoint region
[2022-06-13T02:18:09.344+0000][1][safepoint    ] Total time for which application threads were stopped: 0.0008432 seconds, Stopping threads took: 0.0003307 seconds
[2022-06-13T02:18:10.345+0000][1][safepoint    ] Application time: 1.0001429 seconds
[2022-06-13T02:18:10.345+0000][1][safepoint    ] Entering safepoint region: Cleanup
[2022-06-13T02:18:10.345+0000][1][safepoint    ] Leaving safepoint region
[2022-06-13T02:18:10.345+0000][1][safepoint    ] Total time for which application threads were stopped: 0.0004183 seconds, Stopping threads took: 0.0002486 seconds
[2022-06-13T02:18:11.346+0000][1][safepoint    ] Application time: 1.0001657 seconds
[2022-06-13T02:18:11.346+0000][1][safepoint    ] Entering safepoint region: Cleanup
[2022-06-13T02:18:11.346+0000][1][safepoint    ] Leaving safepoint region
[2022-06-13T02:18:11.346+0000][1][safepoint    ] Total time for which application threads were stopped: 0.0005441 seconds, Stopping threads took: 0.0002491 seconds
[2022-06-13T02:18:12.347+0000][1][safepoint    ] Application time: 1.0001962 seconds
[2022-06-13T02:18:12.348+0000][1][safepoint    ] Entering safepoint region: Cleanup
[2022-06-13T02:18:12.349+0000][1][safepoint    ] Leaving safepoint region
[2022-06-13T02:18:12.349+0000][1][safepoint    ] Total time for which application threads were stopped: 0.0011073 seconds, Stopping threads took: 0.0005956 seconds
[2022-06-13T02:18:13.350+0000][1][safepoint    ] Application time: 1.0001754 seconds
[2022-06-13T02:18:13.350+0000][1][safepoint    ] Entering safepoint region: Cleanup
[2022-06-13T02:18:13.351+0000][1][safepoint    ] Leaving safepoint region
[2022-06-13T02:18:13.351+0000][1][safepoint    ] Total time for which application threads were stopped: 0.0010117 seconds, Stopping threads took: 0.0004125 seconds
[2022-06-13T02:18:14.352+0000][1][safepoint    ] Application time: 1.0001914 seconds
[2022-06-13T02:18:14.352+0000][1][safepoint    ] Entering safepoint region: Cleanup
[2022-06-13T02:18:14.353+0000][1][safepoint    ] Leaving safepoint region
[2022-06-13T02:18:14.353+0000][1][safepoint    ] Total time for which application threads were stopped: 0.0007640 seconds, Stopping threads took: 0.0003806 seconds
[2022-06-13T02:18:15.354+0000][1][safepoint    ] Application time: 1.0003671 seconds
[2022-06-13T02:18:15.354+0000][1][safepoint    ] Entering safepoint region: Cleanup
[2022-06-13T02:18:15.354+0000][1][safepoint    ] Leaving safepoint region
[2022-06-13T02:18:15.355+0000][1][safepoint    ] Total time for which application threads were stopped: 0.0006230 seconds, Stopping threads took: 0.0002675 seconds
[2022-06-13T02:18:16.355+0000][1][safepoint    ] Application time: 1.0001345 seconds
[2022-06-13T02:18:16.355+0000][1][safepoint    ] Entering safepoint region: Cleanup
[2022-06-13T02:18:16.356+0000][1][safepoint    ] Leaving safepoint region
[2022-06-13T02:18:16.356+0000][1][safepoint    ] Total time for which application threads were stopped: 0.0003946 seconds, Stopping threads took: 0.0002045 seconds
[2022-06-13T02:18:17.356+0000][1][safepoint    ] Application time: 1.0001763 seconds
[2022-06-13T02:18:17.357+0000][1][safepoint    ] Entering safepoint region: Cleanup
[2022-06-13T02:18:17.357+0000][1][safepoint    ] Leaving safepoint region
[2022-06-13T02:18:17.358+0000][1][safepoint    ] Total time for which application threads were stopped: 0.0009194 seconds, Stopping threads took: 0.0004343 seconds
[2022-06-13T02:18:18.358+0000][1][safepoint    ] Application time: 1.0002102 seconds
[2022-06-13T02:18:18.359+0000][1][safepoint    ] Entering safepoint region: Cleanup
[2022-06-13T02:18:18.359+0000][1][safepoint    ] Leaving safepoint region
[2022-06-13T02:18:18.360+0000][1][safepoint    ] Total time for which application threads were stopped: 0.0009075 seconds, Stopping threads took: 0.0004114 seconds
[2022-06-13T02:18:19.360+0000][1][safepoint    ] Application time: 1.0002089 seconds
[2022-06-13T02:18:19.361+0000][1][safepoint    ] Entering safepoint region: Cleanup
[2022-06-13T02:18:19.362+0000][1][safepoint    ] Leaving safepoint region
[2022-06-13T02:18:19.362+0000][1][safepoint    ] Total time for which application threads were stopped: 0.0007558 seconds, Stopping threads took: 0.0003923 seconds
[2022-06-13T02:18:20.362+0000][1][safepoint    ] Application time: 1.0002284 seconds
[2022-06-13T02:18:20.363+0000][1][safepoint    ] Entering safepoint region: Cleanup
[2022-06-13T02:18:20.363+0000][1][safepoint    ] Leaving safepoint region
[2022-06-13T02:18:20.363+0000][1][safepoint    ] Total time for which application threads were stopped: 0.0005665 seconds, Stopping threads took: 0.0002115 seconds
[2022-06-13T02:18:21.364+0000][1][safepoint    ] Application time: 1.0002304 seconds
[2022-06-13T02:18:21.364+0000][1][safepoint    ] Entering safepoint region: Cleanup
[2022-06-13T02:18:21.365+0000][1][safepoint    ] Leaving safepoint region
[2022-06-13T02:18:21.365+0000][1][safepoint    ] Total time for which application threads were stopped: 0.0010387 seconds, Stopping threads took: 0.0004910 seconds
[2022-06-13T02:18:22.366+0000][1][safepoint    ] Application time: 1.0002010 seconds
[2022-06-13T02:18:22.366+0000][1][safepoint    ] Entering safepoint region: Cleanup
[2022-06-13T02:18:22.367+0000][1][safepoint    ] Leaving safepoint region
[2022-06-13T02:18:22.367+0000][1][safepoint    ] Total time for which application threads were stopped: 0.0005263 seconds, Stopping threads took: 0.0002504 seconds
[2022-06-13T02:18:23.367+0000][1][safepoint    ] Application time: 1.0001438 seconds
[2022-06-13T02:18:23.368+0000][1][safepoint    ] Entering safepoint region: Cleanup
[2022-06-13T02:18:23.368+0000][1][safepoint    ] Leaving safepoint region
[2022-06-13T02:18:23.369+0000][1][safepoint    ] Total time for which application threads were stopped: 0.0007379 seconds, Stopping threads took: 0.0003612 seconds
[2022-06-13T02:18:24.369+0000][1][safepoint    ] Application time: 1.0002815 seconds
[2022-06-13T02:18:24.370+0000][1][safepoint    ] Entering safepoint region: Cleanup
[2022-06-13T02:18:24.370+0000][1][safepoint    ] Leaving safepoint region
[2022-06-13T02:18:24.371+0000][1][safepoint    ] Total time for which application threads were stopped: 0.0009686 seconds, Stopping threads took: 0.0004330 seconds
[2022-06-13T02:18:25.371+0000][1][safepoint    ] Application time: 1.0002197 seconds
[2022-06-13T02:18:25.372+0000][1][safepoint    ] Entering safepoint region: Cleanup
[2022-06-13T02:18:25.372+0000][1][safepoint    ] Leaving safepoint region
[2022-06-13T02:18:25.373+0000][1][safepoint    ] Total time for which application threads were stopped: 0.0007122 seconds, Stopping threads took: 0.0003666 seconds
[2022-06-13T02:18:26.373+0000][1][safepoint    ] Application time: 1.0002079 seconds
[2022-06-13T02:18:26.374+0000][1][safepoint    ] Entering safepoint region: Cleanup
[2022-06-13T02:18:26.374+0000][1][safepoint    ] Leaving safepoint region
[2022-06-13T02:18:26.375+0000][1][safepoint    ] Total time for which application threads were stopped: 0.0008735 seconds, Stopping threads took: 0.0003715 seconds
[2022-06-13T02:18:27.375+0000][1][safepoint    ] Application time: 1.0003055 seconds
[2022-06-13T02:18:27.376+0000][1][safepoint    ] Entering safepoint region: Cleanup
[2022-06-13T02:18:27.377+0000][1][safepoint    ] Leaving safepoint region
[2022-06-13T02:18:27.377+0000][1][safepoint    ] Total time for which application threads were stopped: 0.0009531 seconds, Stopping threads took: 0.0004126 seconds
[2022-06-13T02:18:28.378+0000][1][safepoint    ] Application time: 1.0002559 seconds
[2022-06-13T02:18:28.378+0000][1][safepoint    ] Entering safepoint region: Cleanup
[2022-06-13T02:18:28.379+0000][1][safepoint    ] Leaving safepoint region
[2022-06-13T02:18:28.379+0000][1][safepoint    ] Total time for which application threads were stopped: 0.0008777 seconds, Stopping threads took: 0.0003721 seconds
[2022-06-13T02:18:29.380+0000][1][safepoint    ] Application time: 1.0002345 seconds
[2022-06-13T02:18:29.380+0000][1][safepoint    ] Entering safepoint region: Cleanup
[2022-06-13T02:18:29.381+0000][1][safepoint    ] Leaving safepoint region
[2022-06-13T02:18:29.381+0000][1][safepoint    ] Total time for which application threads were stopped: 0.0008602 seconds, Stopping threads took: 0.0003891 seconds
[2022-06-13T02:18:30.382+0000][1][safepoint    ] Application time: 1.0002084 seconds
[2022-06-13T02:18:30.382+0000][1][safepoint    ] Entering safepoint region: Cleanup
[2022-06-13T02:18:30.383+0000][1][safepoint    ] Leaving safepoint region
[2022-06-13T02:18:30.383+0000][1][safepoint    ] Total time for which application threads were stopped: 0.0007418 seconds, Stopping threads took: 0.0003579 seconds
[2022-06-13T02:18:31.384+0000][1][safepoint    ] Application time: 1.0003000 seconds
[2022-06-13T02:18:31.384+0000][1][safepoint    ] Entering safepoint region: Cleanup
[2022-06-13T02:18:31.385+0000][1][safepoint    ] Leaving safepoint region
[2022-06-13T02:18:31.385+0000][1][safepoint    ] Total time for which application threads were stopped: 0.0009000 seconds, Stopping threads took: 0.0004593 seconds
[2022-06-13T02:18:32.386+0000][1][safepoint    ] Application time: 1.0001911 seconds
[2022-06-13T02:18:32.386+0000][1][safepoint    ] Entering safepoint region: Cleanup
[2022-06-13T02:18:32.387+0000][1][safepoint    ] Leaving safepoint region
[2022-06-13T02:18:32.387+0000][1][safepoint    ] Total time for which application threads were stopped: 0.0007134 seconds, Stopping threads took: 0.0003528 seconds
[2022-06-13T02:18:33.387+0000][1][safepoint    ] Application time: 1.0001436 seconds
[2022-06-13T02:18:33.388+0000][1][safepoint    ] Entering safepoint region: Cleanup
[2022-06-13T02:18:33.389+0000][1][safepoint    ] Leaving safepoint region
[2022-06-13T02:18:33.389+0000][1][safepoint    ] Total time for which application threads were stopped: 0.0009583 seconds, Stopping threads took: 0.0004231 seconds
[2022-06-13T02:18:34.390+0000][1][safepoint    ] Application time: 1.0002139 seconds
[2022-06-13T02:18:34.390+0000][1][safepoint    ] Entering safepoint region: Cleanup
[2022-06-13T02:18:34.391+0000][1][safepoint    ] Leaving safepoint region
[2022-06-13T02:18:34.391+0000][1][safepoint    ] Total time for which application threads were stopped: 0.0008758 seconds, Stopping threads took: 0.0004119 seconds
[2022-06-13T02:18:35.391+0000][1][safepoint    ] Application time: 1.0001431 seconds
[2022-06-13T02:18:35.392+0000][1][safepoint    ] Entering safepoint region: Cleanup
[2022-06-13T02:18:35.392+0000][1][safepoint    ] Leaving safepoint region
[2022-06-13T02:18:35.393+0000][1][safepoint    ] Total time for which application threads were stopped: 0.0006672 seconds, Stopping threads took: 0.0002529 seconds
[2022-06-13T02:18:36.393+0000][1][safepoint    ] Application time: 1.0004131 seconds
[2022-06-13T02:18:36.394+0000][1][safepoint    ] Entering safepoint region: Cleanup
[2022-06-13T02:18:36.394+0000][1][safepoint    ] Leaving safepoint region
[2022-06-13T02:18:36.395+0000][1][safepoint    ] Total time for which application threads were stopped: 0.0009805 seconds, Stopping threads took: 0.0004415 seconds
[2022-06-13T02:18:37.396+0000][1][safepoint    ] Application time: 1.0002944 seconds
[2022-06-13T02:18:37.396+0000][1][safepoint    ] Entering safepoint region: Cleanup
[2022-06-13T02:18:37.397+0000][1][safepoint    ] Leaving safepoint region
[2022-06-13T02:18:37.397+0000][1][safepoint    ] Total time for which application threads were stopped: 0.0009299 seconds, Stopping threads took: 0.0004578 seconds
[2022-06-13T02:18:38.398+0000][1][safepoint    ] Application time: 1.0002479 seconds
[2022-06-13T02:18:38.398+0000][1][safepoint    ] Entering safepoint region: Cleanup
[2022-06-13T02:18:38.399+0000][1][safepoint    ] Leaving safepoint region
[2022-06-13T02:18:38.399+0000][1][safepoint    ] Total time for which application threads were stopped: 0.0010127 seconds, Stopping threads took: 0.0004217 seconds
[2022-06-13T02:18:39.400+0000][1][safepoint    ] Application time: 1.0002327 seconds
[2022-06-13T02:18:39.401+0000][1][safepoint    ] Entering safepoint region: Cleanup
[2022-06-13T02:18:39.401+0000][1][safepoint    ] Leaving safepoint region
[2022-06-13T02:18:39.402+0000][1][safepoint    ] Total time for which application threads were stopped: 0.0009354 seconds, Stopping threads took: 0.0004226 seconds
[2022-06-13T02:18:40.402+0000][1][safepoint    ] Application time: 1.0001773 seconds
[2022-06-13T02:18:40.403+0000][1][safepoint    ] Entering safepoint region: Cleanup
[2022-06-13T02:18:40.403+0000][1][safepoint    ] Leaving safepoint region
[2022-06-13T02:18:40.404+0000][1][safepoint    ] Total time for which application threads were stopped: 0.0009156 seconds, Stopping threads took: 0.0004378 seconds
[2022-06-13T02:18:41.404+0000][1][safepoint    ] Application time: 1.0001278 seconds
[2022-06-13T02:18:41.405+0000][1][safepoint    ] Entering safepoint region: Cleanup
[2022-06-13T02:18:41.405+0000][1][safepoint    ] Leaving safepoint region
[2022-06-13T02:18:41.406+0000][1][safepoint    ] Total time for which application threads were stopped: 0.0008930 seconds, Stopping threads took: 0.0004212 seconds
[2022-06-13T02:18:42.406+0000][1][safepoint    ] Application time: 1.0002730 seconds
[2022-06-13T02:18:42.407+0000][1][safepoint    ] Entering safepoint region: Cleanup
[2022-06-13T02:18:42.407+0000][1][safepoint    ] Leaving safepoint region
[2022-06-13T02:18:42.408+0000][1][safepoint    ] Total time for which application threads were stopped: 0.0007066 seconds, Stopping threads took: 0.0002993 seconds
[2022-06-13T02:18:43.408+0000][1][safepoint    ] Application time: 1.0001505 seconds
[2022-06-13T02:18:43.409+0000][1][safepoint    ] Entering safepoint region: Cleanup
[2022-06-13T02:18:43.410+0000][1][safepoint    ] Leaving safepoint region
[2022-06-13T02:18:43.410+0000][1][safepoint    ] Total time for which application threads were stopped: 0.0010868 seconds, Stopping threads took: 0.0004961 seconds
[2022-06-13T02:18:44.411+0000][1][safepoint    ] Application time: 1.0002346 seconds
[2022-06-13T02:18:44.411+0000][1][safepoint    ] Entering safepoint region: Cleanup
[2022-06-13T02:18:44.412+0000][1][safepoint    ] Leaving safepoint region
[2022-06-13T02:18:44.412+0000][1][safepoint    ] Total time for which application threads were stopped: 0.0008159 seconds, Stopping threads took: 0.0003754 seconds
[2022-06-13T02:18:45.413+0000][1][safepoint    ] Application time: 1.0003428 seconds
[2022-06-13T02:18:45.413+0000][1][safepoint    ] Entering safepoint region: Cleanup
[2022-06-13T02:18:45.414+0000][1][safepoint    ] Leaving safepoint region
[2022-06-13T02:18:45.414+0000][1][safepoint    ] Total time for which application threads were stopped: 0.0010276 seconds, Stopping threads took: 0.0004542 seconds
[2022-06-13T02:18:46.415+0000][1][safepoint    ] Application time: 1.0002352 seconds
[2022-06-13T02:18:46.416+0000][1][safepoint    ] Entering safepoint region: Cleanup
[2022-06-13T02:18:46.416+0000][1][safepoint    ] Leaving safepoint region
[2022-06-13T02:18:46.417+0000][1][safepoint    ] Total time for which application threads were stopped: 0.0010779 seconds, Stopping threads took: 0.0005387 seconds
[2022-06-13T02:18:47.417+0000][1][safepoint    ] Application time: 1.0001818 seconds
[2022-06-13T02:18:47.418+0000][1][safepoint    ] Entering safepoint region: Cleanup
[2022-06-13T02:18:47.418+0000][1][safepoint    ] Leaving safepoint region
[2022-06-13T02:18:47.419+0000][1][safepoint    ] Total time for which application threads were stopped: 0.0008347 seconds, Stopping threads took: 0.0003924 seconds
[2022-06-13T02:18:48.419+0000][1][safepoint    ] Application time: 1.0003144 seconds
[2022-06-13T02:18:48.420+0000][1][safepoint    ] Entering safepoint region: Cleanup
[2022-06-13T02:18:48.420+0000][1][safepoint    ] Leaving safepoint region
[2022-06-13T02:18:48.421+0000][1][safepoint    ] Total time for which application threads were stopped: 0.0010251 seconds, Stopping threads took: 0.0004773 seconds
[2022-06-13T02:18:49.422+0000][1][safepoint    ] Application time: 1.0002061 seconds
[2022-06-13T02:18:49.422+0000][1][safepoint    ] Entering safepoint region: Cleanup
[2022-06-13T02:18:49.423+0000][1][safepoint    ] Leaving safepoint region
[2022-06-13T02:18:49.423+0000][1][safepoint    ] Total time for which application threads were stopped: 0.0009117 seconds, Stopping threads took: 0.0003957 seconds
[2022-06-13T02:18:50.424+0000][1][safepoint    ] Application time: 1.0001569 seconds
[2022-06-13T02:18:50.424+0000][1][safepoint    ] Entering safepoint region: Cleanup
[2022-06-13T02:18:50.426+0000][1][safepoint    ] Leaving safepoint region
[2022-06-13T02:18:50.426+0000][1][safepoint    ] Total time for which application threads were stopped: 0.0015596 seconds, Stopping threads took: 0.0009051 seconds
[2022-06-13T02:18:51.427+0000][1][safepoint    ] Application time: 1.0003004 seconds
[2022-06-13T02:18:51.427+0000][1][safepoint    ] Entering safepoint region: Cleanup
[2022-06-13T02:18:51.428+0000][1][safepoint    ] Leaving safepoint region
[2022-06-13T02:18:51.428+0000][1][safepoint    ] Total time for which application threads were stopped: 0.0008115 seconds, Stopping threads took: 0.0003750 seconds
[2022-06-13T02:18:52.428+0000][1][safepoint    ] Application time: 1.0001164 seconds
[2022-06-13T02:18:52.429+0000][1][safepoint    ] Entering safepoint region: Cleanup
[2022-06-13T02:18:52.430+0000][1][safepoint    ] Leaving safepoint region
[2022-06-13T02:18:52.431+0000][1][safepoint    ] Total time for which application threads were stopped: 0.0016311 seconds, Stopping threads took: 0.0009081 seconds
[2022-06-13T02:18:53.431+0000][1][safepoint    ] Application time: 1.0002109 seconds
[2022-06-13T02:18:53.432+0000][1][safepoint    ] Entering safepoint region: Cleanup
[2022-06-13T02:18:53.433+0000][1][safepoint    ] Leaving safepoint region
[2022-06-13T02:18:53.433+0000][1][safepoint    ] Total time for which application threads were stopped: 0.0010353 seconds, Stopping threads took: 0.0004620 seconds
[2022-06-13T02:18:54.434+0000][1][safepoint    ] Application time: 1.0001847 seconds
[2022-06-13T02:18:54.435+0000][1][safepoint    ] Entering safepoint region: Cleanup
[2022-06-13T02:18:54.435+0000][1][safepoint    ] Leaving safepoint region
[2022-06-13T02:18:54.436+0000][1][safepoint    ] Total time for which application threads were stopped: 0.0009957 seconds, Stopping threads took: 0.0004541 seconds
[2022-06-13T02:18:55.436+0000][1][safepoint    ] Application time: 1.0001368 seconds
[2022-06-13T02:18:55.436+0000][1][safepoint    ] Entering safepoint region: Cleanup
[2022-06-13T02:18:55.437+0000][1][safepoint    ] Leaving safepoint region
[2022-06-13T02:18:55.437+0000][1][safepoint    ] Total time for which application threads were stopped: 0.0004628 seconds, Stopping threads took: 0.0002580 seconds
[2022-06-13T02:18:56.437+0000][1][safepoint    ] Application time: 1.0001604 seconds
[2022-06-13T02:18:56.437+0000][1][safepoint    ] Entering safepoint region: Cleanup
[2022-06-13T02:18:56.438+0000][1][safepoint    ] Leaving safepoint region
[2022-06-13T02:18:56.438+0000][1][safepoint    ] Total time for which application threads were stopped: 0.0004056 seconds, Stopping threads took: 0.0001947 seconds
[2022-06-13T02:18:57.438+0000][1][safepoint    ] Application time: 1.0001548 seconds
[2022-06-13T02:18:57.438+0000][1][safepoint    ] Entering safepoint region: Cleanup
[2022-06-13T02:18:57.439+0000][1][safepoint    ] Leaving safepoint region
[2022-06-13T02:18:57.439+0000][1][safepoint    ] Total time for which application threads were stopped: 0.0007061 seconds, Stopping threads took: 0.0003041 seconds
[2022-06-13T02:18:58.440+0000][1][safepoint    ] Application time: 1.0001243 seconds
[2022-06-13T02:18:58.440+0000][1][safepoint    ] Entering safepoint region: Cleanup
[2022-06-13T02:18:58.440+0000][1][safepoint    ] Leaving safepoint region
[2022-06-13T02:18:58.441+0000][1][safepoint    ] Total time for which application threads were stopped: 0.0007416 seconds, Stopping threads took: 0.0002588 seconds
[2022-06-13T02:18:59.441+0000][1][safepoint    ] Application time: 1.0002481 seconds
[2022-06-13T02:18:59.442+0000][1][safepoint    ] Entering safepoint region: Cleanup
[2022-06-13T02:18:59.443+0000][1][safepoint    ] Leaving safepoint region
[2022-06-13T02:18:59.443+0000][1][safepoint    ] Total time for which application threads were stopped: 0.0011534 seconds, Stopping threads took: 0.0004904 seconds
[2022-06-13T02:19:00.444+0000][1][safepoint    ] Application time: 1.0002105 seconds
[2022-06-13T02:19:00.445+0000][1][safepoint    ] Entering safepoint region: Cleanup
[2022-06-13T02:19:00.445+0000][1][safepoint    ] Leaving safepoint region
[2022-06-13T02:19:00.446+0000][1][safepoint    ] Total time for which application threads were stopped: 0.0012101 seconds, Stopping threads took: 0.0005730 seconds
[2022-06-13T02:19:01.447+0000][1][safepoint    ] Application time: 1.0001773 seconds
[2022-06-13T02:19:01.447+0000][1][safepoint    ] Entering safepoint region: Cleanup
[2022-06-13T02:19:01.448+0000][1][safepoint    ] Leaving safepoint region
[2022-06-13T02:19:01.448+0000][1][safepoint    ] Total time for which application threads were stopped: 0.0008117 seconds, Stopping threads took: 0.0003763 seconds
[2022-06-13T02:19:02.449+0000][1][safepoint    ] Application time: 1.0003417 seconds
[2022-06-13T02:19:02.449+0000][1][safepoint    ] Entering safepoint region: Cleanup
[2022-06-13T02:19:02.450+0000][1][safepoint    ] Leaving safepoint region
[2022-06-13T02:19:02.451+0000][1][safepoint    ] Total time for which application threads were stopped: 0.0012370 seconds, Stopping threads took: 0.0005293 seconds
[2022-06-13T02:19:03.451+0000][1][safepoint    ] Application time: 1.0002628 seconds
[2022-06-13T02:19:03.452+0000][1][safepoint    ] Entering safepoint region: Cleanup
[2022-06-13T02:19:03.453+0000][1][safepoint    ] Leaving safepoint region
[2022-06-13T02:19:03.454+0000][1][safepoint    ] Total time for which application threads were stopped: 0.0013437 seconds, Stopping threads took: 0.0006665 seconds
[2022-06-13T02:19:04.454+0000][1][safepoint    ] Application time: 1.0001800 seconds
[2022-06-13T02:19:04.455+0000][1][safepoint    ] Entering safepoint region: Cleanup
[2022-06-13T02:19:04.455+0000][1][safepoint    ] Leaving safepoint region
[2022-06-13T02:19:04.455+0000][1][safepoint    ] Total time for which application threads were stopped: 0.0005263 seconds, Stopping threads took: 0.0002158 seconds
[2022-06-13T02:19:05.456+0000][1][safepoint    ] Application time: 1.0001775 seconds
[2022-06-13T02:19:05.456+0000][1][safepoint    ] Entering safepoint region: Cleanup
[2022-06-13T02:19:05.456+0000][1][safepoint    ] Leaving safepoint region
[2022-06-13T02:19:05.457+0000][1][safepoint    ] Total time for which application threads were stopped: 0.0006387 seconds, Stopping threads took: 0.0002361 seconds
[2022-06-13T02:19:06.457+0000][1][safepoint    ] Application time: 1.0001598 seconds
[2022-06-13T02:19:06.458+0000][1][safepoint    ] Entering safepoint region: Cleanup
[2022-06-13T02:19:06.458+0000][1][safepoint    ] Leaving safepoint region
[2022-06-13T02:19:06.459+0000][1][safepoint    ] Total time for which application threads were stopped: 0.0007429 seconds, Stopping threads took: 0.0004290 seconds
[2022-06-13T02:19:07.459+0000][1][safepoint    ] Application time: 1.0003165 seconds
[2022-06-13T02:19:07.460+0000][1][safepoint    ] Entering safepoint region: Cleanup
[2022-06-13T02:19:07.460+0000][1][safepoint    ] Leaving safepoint region
[2022-06-13T02:19:07.461+0000][1][safepoint    ] Total time for which application threads were stopped: 0.0009179 seconds, Stopping threads took: 0.0004253 seconds
[2022-06-13T02:19:08.461+0000][1][safepoint    ] Application time: 1.0001574 seconds
[2022-06-13T02:19:08.462+0000][1][safepoint    ] Entering safepoint region: Cleanup
[2022-06-13T02:19:08.462+0000][1][safepoint    ] Leaving safepoint region
[2022-06-13T02:19:08.463+0000][1][safepoint    ] Total time for which application threads were stopped: 0.0010842 seconds, Stopping threads took: 0.0004828 seconds
[2022-06-13T02:19:09.464+0000][1][safepoint    ] Application time: 1.0001567 seconds
[2022-06-13T02:19:09.464+0000][1][safepoint    ] Entering safepoint region: Cleanup
[2022-06-13T02:19:09.465+0000][1][safepoint    ] Leaving safepoint region
[2022-06-13T02:19:09.466+0000][1][safepoint    ] Total time for which application threads were stopped: 0.0012796 seconds, Stopping threads took: 0.0006032 seconds
[2022-06-13T02:19:10.466+0000][1][safepoint    ] Application time: 1.0003031 seconds
[2022-06-13T02:19:10.467+0000][1][safepoint    ] Entering safepoint region: Cleanup
[2022-06-13T02:19:10.467+0000][1][safepoint    ] Leaving safepoint region
[2022-06-13T02:19:10.468+0000][1][safepoint    ] Total time for which application threads were stopped: 0.0007701 seconds, Stopping threads took: 0.0002926 seconds
[2022-06-13T02:19:11.468+0000][1][safepoint    ] Application time: 1.0002759 seconds
[2022-06-13T02:19:11.469+0000][1][safepoint    ] Entering safepoint region: Cleanup
[2022-06-13T02:19:11.469+0000][1][safepoint    ] Leaving safepoint region
[2022-06-13T02:19:11.470+0000][1][safepoint    ] Total time for which application threads were stopped: 0.0009352 seconds, Stopping threads took: 0.0004409 seconds
[2022-06-13T02:19:12.470+0000][1][safepoint    ] Application time: 1.0002947 seconds
[2022-06-13T02:19:12.471+0000][1][safepoint    ] Entering safepoint region: Cleanup
[2022-06-13T02:19:12.472+0000][1][safepoint    ] Leaving safepoint region
[2022-06-13T02:19:12.472+0000][1][safepoint    ] Total time for which application threads were stopped: 0.0012503 seconds, Stopping threads took: 0.0006860 seconds
[2022-06-13T02:19:13.473+0000][1][safepoint    ] Application time: 1.0001266 seconds
[2022-06-13T02:19:13.473+0000][1][safepoint    ] Entering safepoint region: Cleanup
[2022-06-13T02:19:13.474+0000][1][safepoint    ] Leaving safepoint region
[2022-06-13T02:19:13.474+0000][1][safepoint    ] Total time for which application threads were stopped: 0.0003954 seconds, Stopping threads took: 0.0001548 seconds
[2022-06-13T02:19:14.474+0000][1][safepoint    ] Application time: 1.0000956 seconds
[2022-06-13T02:19:14.475+0000][1][safepoint    ] Entering safepoint region: Cleanup
[2022-06-13T02:19:14.475+0000][1][safepoint    ] Leaving safepoint region
[2022-06-13T02:19:14.476+0000][1][safepoint    ] Total time for which application threads were stopped: 0.0009409 seconds, Stopping threads took: 0.0003403 seconds
[2022-06-13T02:19:15.476+0000][1][safepoint    ] Application time: 1.0001934 seconds
[2022-06-13T02:19:15.476+0000][1][safepoint    ] Entering safepoint region: Cleanup
[2022-06-13T02:19:15.477+0000][1][safepoint    ] Leaving safepoint region
[2022-06-13T02:19:15.477+0000][1][safepoint    ] Total time for which application threads were stopped: 0.0007783 seconds, Stopping threads took: 0.0004120 seconds
[2022-06-13T02:19:16.478+0000][1][safepoint    ] Application time: 1.0001442 seconds
[2022-06-13T02:19:16.478+0000][1][safepoint    ] Entering safepoint region: Cleanup
[2022-06-13T02:19:16.478+0000][1][safepoint    ] Leaving safepoint region
[2022-06-13T02:19:16.479+0000][1][safepoint    ] Total time for which application threads were stopped: 0.0009372 seconds, Stopping threads took: 0.0004052 seconds
[2022-06-13T02:19:17.479+0000][1][safepoint    ] Application time: 1.0001396 seconds
[2022-06-13T02:19:17.480+0000][1][safepoint    ] Entering safepoint region: Cleanup
[2022-06-13T02:19:17.480+0000][1][safepoint    ] Leaving safepoint region
[2022-06-13T02:19:17.481+0000][1][safepoint    ] Total time for which application threads were stopped: 0.0008537 seconds, Stopping threads took: 0.0002810 seconds
[2022-06-13T02:19:18.481+0000][1][safepoint    ] Application time: 1.0002881 seconds
[2022-06-13T02:19:18.482+0000][1][safepoint    ] Entering safepoint region: Cleanup
[2022-06-13T02:19:18.482+0000][1][safepoint    ] Leaving safepoint region
[2022-06-13T02:19:18.482+0000][1][safepoint    ] Total time for which application threads were stopped: 0.0006468 seconds, Stopping threads took: 0.0003048 seconds
[2022-06-13T02:19:19.483+0000][1][safepoint    ] Application time: 1.0001037 seconds
[2022-06-13T02:19:19.483+0000][1][safepoint    ] Entering safepoint region: Cleanup
[2022-06-13T02:19:19.483+0000][1][safepoint    ] Leaving safepoint region
[2022-06-13T02:19:19.484+0000][1][safepoint    ] Total time for which application threads were stopped: 0.0004769 seconds, Stopping threads took: 0.0002096 seconds
[2022-06-13T02:19:20.484+0000][1][safepoint    ] Application time: 1.0001914 seconds
[2022-06-13T02:19:20.485+0000][1][safepoint    ] Entering safepoint region: Cleanup
[2022-06-13T02:19:20.485+0000][1][safepoint    ] Leaving safepoint region
[2022-06-13T02:19:20.485+0000][1][safepoint    ] Total time for which application threads were stopped: 0.0008336 seconds, Stopping threads took: 0.0004845 seconds
[2022-06-13T02:19:21.486+0000][1][safepoint    ] Application time: 1.0002183 seconds
[2022-06-13T02:19:21.487+0000][1][safepoint    ] Entering safepoint region: Cleanup
[2022-06-13T02:19:21.487+0000][1][safepoint    ] Leaving safepoint region
[2022-06-13T02:19:21.488+0000][1][safepoint    ] Total time for which application threads were stopped: 0.0008965 seconds, Stopping threads took: 0.0004172 seconds
[2022-06-13T02:19:22.488+0000][1][safepoint    ] Application time: 1.0001841 seconds
[2022-06-13T02:19:22.489+0000][1][safepoint    ] Entering safepoint region: Cleanup
[2022-06-13T02:19:22.489+0000][1][safepoint    ] Leaving safepoint region
[2022-06-13T02:19:22.489+0000][1][safepoint    ] Total time for which application threads were stopped: 0.0005644 seconds, Stopping threads took: 0.0002264 seconds
[2022-06-13T02:19:23.490+0000][1][safepoint    ] Application time: 1.0001260 seconds
[2022-06-13T02:19:23.490+0000][1][safepoint    ] Entering safepoint region: Cleanup
[2022-06-13T02:19:23.490+0000][1][safepoint    ] Leaving safepoint region
[2022-06-13T02:19:23.491+0000][1][safepoint    ] Total time for which application threads were stopped: 0.0005579 seconds, Stopping threads took: 0.0002344 seconds
[2022-06-13T02:19:24.491+0000][1][safepoint    ] Application time: 1.0002458 seconds
[2022-06-13T02:19:24.492+0000][1][safepoint    ] Entering safepoint region: Cleanup
[2022-06-13T02:19:24.492+0000][1][safepoint    ] Leaving safepoint region
[2022-06-13T02:19:24.493+0000][1][safepoint    ] Total time for which application threads were stopped: 0.0007112 seconds, Stopping threads took: 0.0003339 seconds
[2022-06-13T02:19:25.493+0000][1][safepoint    ] Application time: 1.0001808 seconds
[2022-06-13T02:19:25.494+0000][1][safepoint    ] Entering safepoint region: Cleanup
[2022-06-13T02:19:25.494+0000][1][safepoint    ] Leaving safepoint region
[2022-06-13T02:19:25.495+0000][1][safepoint    ] Total time for which application threads were stopped: 0.0010882 seconds, Stopping threads took: 0.0004777 seconds
[2022-06-13T02:19:26.495+0000][1][safepoint    ] Application time: 1.0002530 seconds
[2022-06-13T02:19:26.496+0000][1][safepoint    ] Entering safepoint region: Cleanup
[2022-06-13T02:19:26.496+0000][1][safepoint    ] Leaving safepoint region
[2022-06-13T02:19:26.497+0000][1][safepoint    ] Total time for which application threads were stopped: 0.0008104 seconds, Stopping threads took: 0.0003205 seconds
[2022-06-13T02:19:27.497+0000][1][safepoint    ] Application time: 1.0001575 seconds
[2022-06-13T02:19:27.498+0000][1][safepoint    ] Entering safepoint region: Cleanup
[2022-06-13T02:19:27.498+0000][1][safepoint    ] Leaving safepoint region
[2022-06-13T02:19:27.498+0000][1][safepoint    ] Total time for which application threads were stopped: 0.0006781 seconds, Stopping threads took: 0.0003680 seconds
[2022-06-13T02:19:28.499+0000][1][safepoint    ] Application time: 1.0002871 seconds
[2022-06-13T02:19:28.500+0000][1][safepoint    ] Entering safepoint region: Cleanup
[2022-06-13T02:19:28.500+0000][1][safepoint    ] Leaving safepoint region
[2022-06-13T02:19:28.501+0000][1][safepoint    ] Total time for which application threads were stopped: 0.0013906 seconds, Stopping threads took: 0.0006198 seconds
[2022-06-13T02:19:29.502+0000][1][safepoint    ] Application time: 1.0003119 seconds
[2022-06-13T02:19:29.502+0000][1][safepoint    ] Entering safepoint region: Cleanup
[2022-06-13T02:19:29.503+0000][1][safepoint    ] Leaving safepoint region
[2022-06-13T02:19:29.503+0000][1][safepoint    ] Total time for which application threads were stopped: 0.0008398 seconds, Stopping threads took: 0.0003940 seconds
[2022-06-13T02:19:30.504+0000][1][safepoint    ] Application time: 1.0001066 seconds
[2022-06-13T02:19:30.504+0000][1][safepoint    ] Entering safepoint region: Cleanup
[2022-06-13T02:19:30.504+0000][1][safepoint    ] Leaving safepoint region
[2022-06-13T02:19:30.504+0000][1][safepoint    ] Total time for which application threads were stopped: 0.0004982 seconds, Stopping threads took: 0.0001918 seconds
[2022-06-13T02:19:31.505+0000][1][safepoint    ] Application time: 1.0002478 seconds
[2022-06-13T02:19:31.505+0000][1][safepoint    ] Entering safepoint region: Cleanup
[2022-06-13T02:19:31.506+0000][1][safepoint    ] Leaving safepoint region
[2022-06-13T02:19:31.506+0000][1][safepoint    ] Total time for which application threads were stopped: 0.0008253 seconds, Stopping threads took: 0.0004131 seconds
[2022-06-13T02:19:32.507+0000][1][safepoint    ] Application time: 1.0002380 seconds
[2022-06-13T02:19:32.508+0000][1][safepoint    ] Entering safepoint region: Cleanup
[2022-06-13T02:19:32.508+0000][1][safepoint    ] Leaving safepoint region
[2022-06-13T02:19:32.509+0000][1][safepoint    ] Total time for which application threads were stopped: 0.0012885 seconds, Stopping threads took: 0.0005351 seconds
[2022-06-13T02:19:33.510+0000][1][safepoint    ] Application time: 1.0001141 seconds
[2022-06-13T02:19:33.510+0000][1][safepoint    ] Entering safepoint region: Cleanup
[2022-06-13T02:19:33.510+0000][1][safepoint    ] Leaving safepoint region
[2022-06-13T02:19:33.511+0000][1][safepoint    ] Total time for which application threads were stopped: 0.0009129 seconds, Stopping threads took: 0.0004019 seconds
[2022-06-13T02:19:34.512+0000][1][safepoint    ] Application time: 1.0002593 seconds
[2022-06-13T02:19:34.512+0000][1][safepoint    ] Entering safepoint region: Cleanup
[2022-06-13T02:19:34.513+0000][1][safepoint    ] Leaving safepoint region
[2022-06-13T02:19:34.513+0000][1][safepoint    ] Total time for which application threads were stopped: 0.0008985 seconds, Stopping threads took: 0.0004217 seconds
[2022-06-13T02:19:35.514+0000][1][safepoint    ] Application time: 1.0002327 seconds
[2022-06-13T02:19:35.514+0000][1][safepoint    ] Entering safepoint region: Cleanup
[2022-06-13T02:19:35.515+0000][1][safepoint    ] Leaving safepoint region
[2022-06-13T02:19:35.515+0000][1][safepoint    ] Total time for which application threads were stopped: 0.0009980 seconds, Stopping threads took: 0.0004202 seconds
[2022-06-13T02:19:36.516+0000][1][safepoint    ] Application time: 1.0001240 seconds
[2022-06-13T02:19:36.516+0000][1][safepoint    ] Entering safepoint region: Cleanup
[2022-06-13T02:19:36.516+0000][1][safepoint    ] Leaving safepoint region
[2022-06-13T02:19:36.517+0000][1][safepoint    ] Total time for which application threads were stopped: 0.0005010 seconds, Stopping threads took: 0.0002699 seconds
[2022-06-13T02:19:37.517+0000][1][safepoint    ] Application time: 1.0001441 seconds
[2022-06-13T02:19:37.517+0000][1][safepoint    ] Entering safepoint region: Cleanup
[2022-06-13T02:19:37.518+0000][1][safepoint    ] Leaving safepoint region
[2022-06-13T02:19:37.518+0000][1][safepoint    ] Total time for which application threads were stopped: 0.0006654 seconds, Stopping threads took: 0.0003505 seconds
[2022-06-13T02:19:38.519+0000][1][safepoint    ] Application time: 1.0003689 seconds
[2022-06-13T02:19:38.519+0000][1][safepoint    ] Entering safepoint region: Cleanup
[2022-06-13T02:19:38.520+0000][1][safepoint    ] Leaving safepoint region
[2022-06-13T02:19:38.520+0000][1][safepoint    ] Total time for which application threads were stopped: 0.0008781 seconds, Stopping threads took: 0.0004339 seconds
[2022-06-13T02:19:39.521+0000][1][safepoint    ] Application time: 1.0001099 seconds
[2022-06-13T02:19:39.521+0000][1][safepoint    ] Entering safepoint region: Cleanup
[2022-06-13T02:19:39.521+0000][1][safepoint    ] Leaving safepoint region
[2022-06-13T02:19:39.522+0000][1][safepoint    ] Total time for which application threads were stopped: 0.0006133 seconds, Stopping threads took: 0.0002784 seconds
[2022-06-13T02:19:40.522+0000][1][safepoint    ] Application time: 1.0002819 seconds
[2022-06-13T02:19:40.523+0000][1][safepoint    ] Entering safepoint region: Cleanup
[2022-06-13T02:19:40.523+0000][1][safepoint    ] Leaving safepoint region
[2022-06-13T02:19:40.524+0000][1][safepoint    ] Total time for which application threads were stopped: 0.0008904 seconds, Stopping threads took: 0.0004367 seconds
[2022-06-13T02:19:41.524+0000][1][safepoint    ] Application time: 1.0001395 seconds
[2022-06-13T02:19:41.525+0000][1][safepoint    ] Entering safepoint region: Cleanup
[2022-06-13T02:19:41.525+0000][1][safepoint    ] Leaving safepoint region
[2022-06-13T02:19:41.525+0000][1][safepoint    ] Total time for which application threads were stopped: 0.0004776 seconds, Stopping threads took: 0.0002587 seconds
[2022-06-13T02:19:42.525+0000][1][safepoint    ] Application time: 1.0001054 seconds
[2022-06-13T02:19:42.526+0000][1][safepoint    ] Entering safepoint region: Cleanup
[2022-06-13T02:19:42.526+0000][1][safepoint    ] Leaving safepoint region
[2022-06-13T02:19:42.527+0000][1][safepoint    ] Total time for which application threads were stopped: 0.0007533 seconds, Stopping threads took: 0.0003386 seconds
[2022-06-13T02:19:43.527+0000][1][safepoint    ] Application time: 1.0001807 seconds
[2022-06-13T02:19:43.528+0000][1][safepoint    ] Entering safepoint region: Cleanup
[2022-06-13T02:19:43.528+0000][1][safepoint    ] Leaving safepoint region
[2022-06-13T02:19:43.528+0000][1][safepoint    ] Total time for which application threads were stopped: 0.0009500 seconds, Stopping threads took: 0.0004328 seconds
[2022-06-13T02:19:44.529+0000][1][safepoint    ] Application time: 1.0001168 seconds
[2022-06-13T02:19:44.529+0000][1][safepoint    ] Entering safepoint region: Cleanup
[2022-06-13T02:19:44.530+0000][1][safepoint    ] Leaving safepoint region
[2022-06-13T02:19:44.530+0000][1][safepoint    ] Total time for which application threads were stopped: 0.0003221 seconds, Stopping threads took: 0.0001467 seconds
[2022-06-13T02:19:45.530+0000][1][safepoint    ] Application time: 1.0002333 seconds
[2022-06-13T02:19:45.530+0000][1][safepoint    ] Entering safepoint region: Cleanup
[2022-06-13T02:19:45.531+0000][1][safepoint    ] Leaving safepoint region
[2022-06-13T02:19:45.531+0000][1][safepoint    ] Total time for which application threads were stopped: 0.0005209 seconds, Stopping threads took: 0.0002651 seconds
[2022-06-13T02:19:46.531+0000][1][safepoint    ] Application time: 1.0003146 seconds
[2022-06-13T02:19:46.532+0000][1][safepoint    ] Entering safepoint region: Cleanup
[2022-06-13T02:19:46.532+0000][1][safepoint    ] Leaving safepoint region
[2022-06-13T02:19:46.533+0000][1][safepoint    ] Total time for which application threads were stopped: 0.0008674 seconds, Stopping threads took: 0.0004029 seconds
[2022-06-13T02:19:47.533+0000][1][safepoint    ] Application time: 1.0002581 seconds
[2022-06-13T02:19:47.534+0000][1][safepoint    ] Entering safepoint region: Cleanup
[2022-06-13T02:19:47.535+0000][1][safepoint    ] Leaving safepoint region
[2022-06-13T02:19:47.535+0000][1][safepoint    ] Total time for which application threads were stopped: 0.0009589 seconds, Stopping threads took: 0.0004659 seconds
[2022-06-13T02:19:48.536+0000][1][safepoint    ] Application time: 1.0002937 seconds
[2022-06-13T02:19:48.537+0000][1][safepoint    ] Entering safepoint region: Cleanup
[2022-06-13T02:19:48.537+0000][1][safepoint    ] Leaving safepoint region
[2022-06-13T02:19:48.538+0000][1][safepoint    ] Total time for which application threads were stopped: 0.0012024 seconds, Stopping threads took: 0.0005537 seconds
[2022-06-13T02:19:49.539+0000][1][safepoint    ] Application time: 1.0002962 seconds
[2022-06-13T02:19:49.548+0000][1][safepoint    ] Entering safepoint region: Cleanup
[2022-06-13T02:19:49.548+0000][1][safepoint    ] Leaving safepoint region
[2022-06-13T02:19:49.549+0000][1][safepoint    ] Total time for which application threads were stopped: 0.0014591 seconds, Stopping threads took: 0.0007040 seconds
[2022-06-13T02:19:50.550+0000][1][safepoint    ] Application time: 1.0001404 seconds
[2022-06-13T02:19:50.550+0000][1][safepoint    ] Entering safepoint region: Cleanup
[2022-06-13T02:19:50.550+0000][1][safepoint    ] Leaving safepoint region
[2022-06-13T02:19:50.551+0000][1][safepoint    ] Total time for which application threads were stopped: 0.0006439 seconds, Stopping threads took: 0.0002528 seconds
[2022-06-13T02:19:51.551+0000][1][safepoint    ] Application time: 1.0002115 seconds
[2022-06-13T02:19:51.552+0000][1][safepoint    ] Entering safepoint region: Cleanup
[2022-06-13T02:19:51.553+0000][1][safepoint    ] Leaving safepoint region
[2022-06-13T02:19:51.553+0000][1][safepoint    ] Total time for which application threads were stopped: 0.0011100 seconds, Stopping threads took: 0.0004734 seconds
[2022-06-13T02:19:52.554+0000][1][safepoint    ] Application time: 1.0002191 seconds
[2022-06-13T02:19:52.554+0000][1][safepoint    ] Entering safepoint region: Cleanup
[2022-06-13T02:19:52.555+0000][1][safepoint    ] Leaving safepoint region
[2022-06-13T02:19:52.555+0000][1][safepoint    ] Total time for which application threads were stopped: 0.0007463 seconds, Stopping threads took: 0.0003366 seconds
[2022-06-13T02:19:53.556+0000][1][safepoint    ] Application time: 1.0002411 seconds
[2022-06-13T02:19:53.556+0000][1][safepoint    ] Entering safepoint region: Cleanup
[2022-06-13T02:19:53.557+0000][1][safepoint    ] Leaving safepoint region
[2022-06-13T02:19:53.557+0000][1][safepoint    ] Total time for which application threads were stopped: 0.0008219 seconds, Stopping threads took: 0.0003978 seconds
[2022-06-13T02:19:54.557+0000][1][safepoint    ] Application time: 1.0002033 seconds
[2022-06-13T02:19:54.558+0000][1][safepoint    ] Entering safepoint region: Cleanup
[2022-06-13T02:19:54.558+0000][1][safepoint    ] Leaving safepoint region
[2022-06-13T02:19:54.559+0000][1][safepoint    ] Total time for which application threads were stopped: 0.0007386 seconds, Stopping threads took: 0.0003771 seconds
[2022-06-13T02:19:55.559+0000][1][safepoint    ] Application time: 1.0003234 seconds
[2022-06-13T02:19:55.560+0000][1][safepoint    ] Entering safepoint region: Cleanup
[2022-06-13T02:19:55.561+0000][1][safepoint    ] Leaving safepoint region
[2022-06-13T02:19:55.562+0000][1][safepoint    ] Total time for which application threads were stopped: 0.0015515 seconds, Stopping threads took: 0.0007025 seconds
[2022-06-13T02:19:56.563+0000][1][safepoint    ] Application time: 1.0001582 seconds
[2022-06-13T02:19:56.563+0000][1][safepoint    ] Entering safepoint region: Cleanup
[2022-06-13T02:19:56.564+0000][1][safepoint    ] Leaving safepoint region
[2022-06-13T02:19:56.564+0000][1][safepoint    ] Total time for which application threads were stopped: 0.0008248 seconds, Stopping threads took: 0.0004066 seconds
[2022-06-13T02:19:57.565+0000][1][safepoint    ] Application time: 1.0002420 seconds
[2022-06-13T02:19:57.565+0000][1][safepoint    ] Entering safepoint region: Cleanup
[2022-06-13T02:19:57.566+0000][1][safepoint    ] Leaving safepoint region
[2022-06-13T02:19:57.567+0000][1][safepoint    ] Total time for which application threads were stopped: 0.0014533 seconds, Stopping threads took: 0.0006912 seconds
[2022-06-13T02:19:58.568+0000][1][safepoint    ] Application time: 1.0002505 seconds
[2022-06-13T02:19:58.568+0000][1][safepoint    ] Entering safepoint region: Cleanup
[2022-06-13T02:19:58.569+0000][1][safepoint    ] Leaving safepoint region
[2022-06-13T02:19:58.570+0000][1][safepoint    ] Total time for which application threads were stopped: 0.0014726 seconds, Stopping threads took: 0.0007137 seconds
[2022-06-13T02:19:59.570+0000][1][safepoint    ] Application time: 1.0002557 seconds
[2022-06-13T02:19:59.571+0000][1][safepoint    ] Entering safepoint region: Cleanup
[2022-06-13T02:19:59.572+0000][1][safepoint    ] Leaving safepoint region
[2022-06-13T02:19:59.573+0000][1][safepoint    ] Total time for which application threads were stopped: 0.0014847 seconds, Stopping threads took: 0.0006308 seconds
[2022-06-13T02:20:00.574+0000][1][safepoint    ] Application time: 1.0001363 seconds
[2022-06-13T02:20:00.574+0000][1][safepoint    ] Entering safepoint region: Cleanup
[2022-06-13T02:20:00.574+0000][1][safepoint    ] Leaving safepoint region
[2022-06-13T02:20:00.575+0000][1][safepoint    ] Total time for which application threads were stopped: 0.0006319 seconds, Stopping threads took: 0.0002538 seconds
[2022-06-13T02:20:01.575+0000][1][safepoint    ] Application time: 1.0002003 seconds
[2022-06-13T02:20:01.576+0000][1][safepoint    ] Entering safepoint region: Cleanup
[2022-06-13T02:20:01.576+0000][1][safepoint    ] Leaving safepoint region
[2022-06-13T02:20:01.576+0000][1][safepoint    ] Total time for which application threads were stopped: 0.0008548 seconds, Stopping threads took: 0.0004124 seconds
[2022-06-13T02:20:02.577+0000][1][safepoint    ] Application time: 1.0003434 seconds
[2022-06-13T02:20:02.578+0000][1][safepoint    ] Entering safepoint region: Cleanup
[2022-06-13T02:20:02.578+0000][1][safepoint    ] Leaving safepoint region
[2022-06-13T02:20:02.579+0000][1][safepoint    ] Total time for which application threads were stopped: 0.0011592 seconds, Stopping threads took: 0.0005261 seconds
[2022-06-13T02:20:03.580+0000][1][safepoint    ] Application time: 1.0001310 seconds
[2022-06-13T02:20:03.580+0000][1][safepoint    ] Entering safepoint region: Cleanup
[2022-06-13T02:20:03.580+0000][1][safepoint    ] Leaving safepoint region
[2022-06-13T02:20:03.581+0000][1][safepoint    ] Total time for which application threads were stopped: 0.0006858 seconds, Stopping threads took: 0.0003150 seconds
[2022-06-13T02:20:04.581+0000][1][safepoint    ] Application time: 1.0002056 seconds
[2022-06-13T02:20:04.582+0000][1][safepoint    ] Entering safepoint region: Cleanup
[2022-06-13T02:20:04.582+0000][1][safepoint    ] Leaving safepoint region
[2022-06-13T02:20:04.582+0000][1][safepoint    ] Total time for which application threads were stopped: 0.0007233 seconds, Stopping threads took: 0.0003423 seconds
[2022-06-13T02:20:05.583+0000][1][safepoint    ] Application time: 1.0003342 seconds
[2022-06-13T02:20:05.584+0000][1][safepoint    ] Entering safepoint region: Cleanup
[2022-06-13T02:20:05.584+0000][1][safepoint    ] Leaving safepoint region
[2022-06-13T02:20:05.584+0000][1][safepoint    ] Total time for which application threads were stopped: 0.0007605 seconds, Stopping threads took: 0.0003501 seconds
[2022-06-13T02:20:06.585+0000][1][safepoint    ] Application time: 1.0001208 seconds
[2022-06-13T02:20:06.585+0000][1][safepoint    ] Entering safepoint region: Cleanup
[2022-06-13T02:20:06.586+0000][1][safepoint    ] Leaving safepoint region
[2022-06-13T02:20:06.586+0000][1][safepoint    ] Total time for which application threads were stopped: 0.0008430 seconds, Stopping threads took: 0.0004452 seconds
[2022-06-13T02:20:07.366+0000][1][safepoint    ] Application time: 0.7791683 seconds
[2022-06-13T02:20:07.366+0000][1][safepoint    ] Entering safepoint region: GenCollectForAllocation
[2022-06-13T02:20:07.366+0000][1][gc,start     ] GC(25) Pause Young (Allocation Failure)
[2022-06-13T02:20:07.366+0000][1][gc,task      ] GC(25) Using 5 workers of 13 for evacuation
[2022-06-13T02:20:07.368+0000][1][gc,age       ] GC(25) Desired survivor size 4456448 bytes, new threshold 6 (max threshold 6)
[2022-06-13T02:20:07.369+0000][1][gc,age       ] GC(25) Age table with threshold 6 (max threshold 6)
[2022-06-13T02:20:07.369+0000][1][gc,age       ] GC(25) - age   1:      48432 bytes,      48432 total
[2022-06-13T02:20:07.369+0000][1][gc,age       ] GC(25) - age   2:      32568 bytes,      81000 total
[2022-06-13T02:20:07.369+0000][1][gc,age       ] GC(25) - age   3:      64648 bytes,     145648 total
[2022-06-13T02:20:07.369+0000][1][gc,age       ] GC(25) - age   4:    1335336 bytes,    1480984 total
[2022-06-13T02:20:07.370+0000][1][gc,heap      ] GC(25) ParNew: 72191K->2339K(78656K)
[2022-06-13T02:20:07.370+0000][1][gc,heap      ] GC(25) CMS: 67806K->67806K(174784K)
[2022-06-13T02:20:07.370+0000][1][gc,metaspace ] GC(25) Metaspace: 65258K->65258K(1110016K)
[2022-06-13T02:20:07.370+0000][1][gc           ] GC(25) Pause Young (Allocation Failure) 136M->68M(247M) 4.107ms
[2022-06-13T02:20:07.370+0000][1][gc,cpu       ] GC(25) User=0.01s Sys=0.00s Real=0.01s
[2022-06-13T02:20:07.371+0000][1][safepoint    ] Leaving safepoint region
[2022-06-13T02:20:07.371+0000][1][safepoint    ] Total time for which application threads were stopped: 0.0052233 seconds, Stopping threads took: 0.0002746 seconds
[2022-06-13T02:20:08.371+0000][1][safepoint    ] Application time: 1.0002831 seconds
[2022-06-13T02:20:08.372+0000][1][safepoint    ] Entering safepoint region: Cleanup
[2022-06-13T02:20:08.372+0000][1][safepoint    ] Leaving safepoint region
[2022-06-13T02:20:08.373+0000][1][safepoint    ] Total time for which application threads were stopped: 0.0009828 seconds, Stopping threads took: 0.0003836 seconds
[2022-06-13T02:20:09.373+0000][1][safepoint    ] Application time: 1.0001100 seconds
[2022-06-13T02:20:09.374+0000][1][safepoint    ] Entering safepoint region: Cleanup
[2022-06-13T02:20:09.374+0000][1][safepoint    ] Leaving safepoint region
[2022-06-13T02:20:09.375+0000][1][safepoint    ] Total time for which application threads were stopped: 0.0009796 seconds, Stopping threads took: 0.0005037 seconds
[2022-06-13T02:20:10.375+0000][1][safepoint    ] Application time: 1.0002051 seconds
[2022-06-13T02:20:10.376+0000][1][safepoint    ] Entering safepoint region: Cleanup
[2022-06-13T02:20:10.376+0000][1][safepoint    ] Leaving safepoint region
[2022-06-13T02:20:10.376+0000][1][safepoint    ] Total time for which application threads were stopped: 0.0004728 seconds, Stopping threads took: 0.0001412 seconds
[2022-06-13T02:20:11.376+0000][1][safepoint    ] Application time: 1.0001066 seconds
[2022-06-13T02:20:11.377+0000][1][safepoint    ] Entering safepoint region: Cleanup
[2022-06-13T02:20:11.377+0000][1][safepoint    ] Leaving safepoint region
[2022-06-13T02:20:11.377+0000][1][safepoint    ] Total time for which application threads were stopped: 0.0007377 seconds, Stopping threads took: 0.0003846 seconds
[2022-06-13T02:20:12.378+0000][1][safepoint    ] Application time: 1.0001009 seconds
[2022-06-13T02:20:12.378+0000][1][safepoint    ] Entering safepoint region: Cleanup
[2022-06-13T02:20:12.379+0000][1][safepoint    ] Leaving safepoint region
[2022-06-13T02:20:12.379+0000][1][safepoint    ] Total time for which application threads were stopped: 0.0007503 seconds, Stopping threads took: 0.0003463 seconds
[2022-06-13T02:20:13.379+0000][1][safepoint    ] Application time: 1.0001127 seconds
[2022-06-13T02:20:13.380+0000][1][safepoint    ] Entering safepoint region: Cleanup
[2022-06-13T02:20:13.380+0000][1][safepoint    ] Leaving safepoint region
[2022-06-13T02:20:13.381+0000][1][safepoint    ] Total time for which application threads were stopped: 0.0007696 seconds, Stopping threads took: 0.0002700 seconds
[2022-06-13T02:20:14.381+0000][1][safepoint    ] Application time: 1.0003401 seconds
[2022-06-13T02:20:14.382+0000][1][safepoint    ] Entering safepoint region: Cleanup
[2022-06-13T02:20:14.382+0000][1][safepoint    ] Leaving safepoint region
[2022-06-13T02:20:14.383+0000][1][safepoint    ] Total time for which application threads were stopped: 0.0008781 seconds, Stopping threads took: 0.0003452 seconds
[2022-06-13T02:20:15.383+0000][1][safepoint    ] Application time: 1.0001120 seconds
[2022-06-13T02:20:15.383+0000][1][safepoint    ] Entering safepoint region: Cleanup
[2022-06-13T02:20:15.384+0000][1][safepoint    ] Leaving safepoint region
[2022-06-13T02:20:15.384+0000][1][safepoint    ] Total time for which application threads were stopped: 0.0006209 seconds, Stopping threads took: 0.0003159 seconds
[2022-06-13T02:20:16.384+0000][1][safepoint    ] Application time: 1.0001766 seconds
[2022-06-13T02:20:16.385+0000][1][safepoint    ] Entering safepoint region: Cleanup
[2022-06-13T02:20:16.385+0000][1][safepoint    ] Leaving safepoint region
[2022-06-13T02:20:16.386+0000][1][safepoint    ] Total time for which application threads were stopped: 0.0007085 seconds, Stopping threads took: 0.0003653 seconds
[2022-06-13T02:20:17.386+0000][1][safepoint    ] Application time: 1.0003252 seconds
[2022-06-13T02:20:17.387+0000][1][safepoint    ] Entering safepoint region: Cleanup
[2022-06-13T02:20:17.387+0000][1][safepoint    ] Leaving safepoint region
[2022-06-13T02:20:17.388+0000][1][safepoint    ] Total time for which application threads were stopped: 0.0007414 seconds, Stopping threads took: 0.0003830 seconds
[2022-06-13T02:20:18.388+0000][1][safepoint    ] Application time: 1.0001801 seconds
[2022-06-13T02:20:18.389+0000][1][safepoint    ] Entering safepoint region: Cleanup
[2022-06-13T02:20:18.389+0000][1][safepoint    ] Leaving safepoint region
[2022-06-13T02:20:18.389+0000][1][safepoint    ] Total time for which application threads were stopped: 0.0006884 seconds, Stopping threads took: 0.0003507 seconds
[2022-06-13T02:20:19.390+0000][1][safepoint    ] Application time: 1.0001895 seconds
[2022-06-13T02:20:19.391+0000][1][safepoint    ] Entering safepoint region: Cleanup
[2022-06-13T02:20:19.391+0000][1][safepoint    ] Leaving safepoint region
[2022-06-13T02:20:19.392+0000][1][safepoint    ] Total time for which application threads were stopped: 0.0012659 seconds, Stopping threads took: 0.0006884 seconds
[2022-06-13T02:20:20.393+0000][1][safepoint    ] Application time: 1.0003152 seconds
[2022-06-13T02:20:20.393+0000][1][safepoint    ] Entering safepoint region: Cleanup
[2022-06-13T02:20:20.394+0000][1][safepoint    ] Leaving safepoint region
[2022-06-13T02:20:20.394+0000][1][safepoint    ] Total time for which application threads were stopped: 0.0007615 seconds, Stopping threads took: 0.0003182 seconds
[2022-06-13T02:20:21.394+0000][1][safepoint    ] Application time: 1.0001661 seconds
[2022-06-13T02:20:21.395+0000][1][safepoint    ] Entering safepoint region: Cleanup
[2022-06-13T02:20:21.396+0000][1][safepoint    ] Leaving safepoint region
[2022-06-13T02:20:21.396+0000][1][safepoint    ] Total time for which application threads were stopped: 0.0011730 seconds, Stopping threads took: 0.0005386 seconds
[2022-06-13T02:20:22.397+0000][1][safepoint    ] Application time: 1.0003087 seconds
[2022-06-13T02:20:22.398+0000][1][safepoint    ] Entering safepoint region: Cleanup
[2022-06-13T02:20:22.398+0000][1][safepoint    ] Leaving safepoint region
[2022-06-13T02:20:22.398+0000][1][safepoint    ] Total time for which application threads were stopped: 0.0007180 seconds, Stopping threads took: 0.0002871 seconds
[2022-06-13T02:20:23.399+0000][1][safepoint    ] Application time: 1.0001218 seconds
[2022-06-13T02:20:23.399+0000][1][safepoint    ] Entering safepoint region: Cleanup
[2022-06-13T02:20:23.400+0000][1][safepoint    ] Leaving safepoint region
[2022-06-13T02:20:23.400+0000][1][safepoint    ] Total time for which application threads were stopped: 0.0006643 seconds, Stopping threads took: 0.0002823 seconds
[2022-06-13T02:20:24.400+0000][1][safepoint    ] Application time: 1.0000878 seconds
[2022-06-13T02:20:24.400+0000][1][safepoint    ] Entering safepoint region: Cleanup
[2022-06-13T02:20:24.401+0000][1][safepoint    ] Leaving safepoint region
[2022-06-13T02:20:24.401+0000][1][safepoint    ] Total time for which application threads were stopped: 0.0005103 seconds, Stopping threads took: 0.0001450 seconds
[2022-06-13T02:20:25.401+0000][1][safepoint    ] Application time: 1.0001165 seconds
[2022-06-13T02:20:25.402+0000][1][safepoint    ] Entering safepoint region: Cleanup
[2022-06-13T02:20:25.402+0000][1][safepoint    ] Leaving safepoint region
[2022-06-13T02:20:25.402+0000][1][safepoint    ] Total time for which application threads were stopped: 0.0005708 seconds, Stopping threads took: 0.0003185 seconds
[2022-06-13T02:20:26.403+0000][1][safepoint    ] Application time: 1.0000983 seconds
[2022-06-13T02:20:26.403+0000][1][safepoint    ] Entering safepoint region: Cleanup
[2022-06-13T02:20:26.404+0000][1][safepoint    ] Leaving safepoint region
[2022-06-13T02:20:26.404+0000][1][safepoint    ] Total time for which application threads were stopped: 0.0008934 seconds, Stopping threads took: 0.0004344 seconds
[2022-06-13T02:20:27.405+0000][1][safepoint    ] Application time: 1.0002157 seconds
[2022-06-13T02:20:27.405+0000][1][safepoint    ] Entering safepoint region: Cleanup
[2022-06-13T02:20:27.406+0000][1][safepoint    ] Leaving safepoint region
[2022-06-13T02:20:27.407+0000][1][safepoint    ] Total time for which application threads were stopped: 0.0011911 seconds, Stopping threads took: 0.0006004 seconds
[2022-06-13T02:20:28.407+0000][1][safepoint    ] Application time: 1.0002428 seconds
[2022-06-13T02:20:28.408+0000][1][safepoint    ] Entering safepoint region: Cleanup
[2022-06-13T02:20:28.409+0000][1][safepoint    ] Leaving safepoint region
[2022-06-13T02:20:28.409+0000][1][safepoint    ] Total time for which application threads were stopped: 0.0013823 seconds, Stopping threads took: 0.0006346 seconds
[2022-06-13T02:20:29.410+0000][1][safepoint    ] Application time: 1.0001629 seconds
[2022-06-13T02:20:29.411+0000][1][safepoint    ] Entering safepoint region: Cleanup
[2022-06-13T02:20:29.411+0000][1][safepoint    ] Leaving safepoint region
[2022-06-13T02:20:29.411+0000][1][safepoint    ] Total time for which application threads were stopped: 0.0007407 seconds, Stopping threads took: 0.0003598 seconds
[2022-06-13T02:20:30.412+0000][1][safepoint    ] Application time: 1.0002297 seconds
[2022-06-13T02:20:30.413+0000][1][safepoint    ] Entering safepoint region: Cleanup
[2022-06-13T02:20:30.413+0000][1][safepoint    ] Leaving safepoint region
[2022-06-13T02:20:30.413+0000][1][safepoint    ] Total time for which application threads were stopped: 0.0007486 seconds, Stopping threads took: 0.0003950 seconds
[2022-06-13T02:20:31.414+0000][1][safepoint    ] Application time: 1.0003404 seconds
[2022-06-13T02:20:31.415+0000][1][safepoint    ] Entering safepoint region: Cleanup
[2022-06-13T02:20:31.415+0000][1][safepoint    ] Leaving safepoint region
[2022-06-13T02:20:31.416+0000][1][safepoint    ] Total time for which application threads were stopped: 0.0011723 seconds, Stopping threads took: 0.0006858 seconds
[2022-06-13T02:20:32.416+0000][1][safepoint    ] Application time: 1.0001924 seconds
[2022-06-13T02:20:32.417+0000][1][safepoint    ] Entering safepoint region: Cleanup
[2022-06-13T02:20:32.417+0000][1][safepoint    ] Leaving safepoint region
[2022-06-13T02:20:32.418+0000][1][safepoint    ] Total time for which application threads were stopped: 0.0008412 seconds, Stopping threads took: 0.0004247 seconds
[2022-06-13T02:20:33.418+0000][1][safepoint    ] Application time: 1.0002238 seconds
[2022-06-13T02:20:33.419+0000][1][safepoint    ] Entering safepoint region: Cleanup
[2022-06-13T02:20:33.419+0000][1][safepoint    ] Leaving safepoint region
[2022-06-13T02:20:33.420+0000][1][safepoint    ] Total time for which application threads were stopped: 0.0008093 seconds, Stopping threads took: 0.0004260 seconds
[2022-06-13T02:20:34.420+0000][1][safepoint    ] Application time: 1.0002237 seconds
[2022-06-13T02:20:34.421+0000][1][safepoint    ] Entering safepoint region: Cleanup
[2022-06-13T02:20:34.422+0000][1][safepoint    ] Leaving safepoint region
[2022-06-13T02:20:34.422+0000][1][safepoint    ] Total time for which application threads were stopped: 0.0012342 seconds, Stopping threads took: 0.0005587 seconds
[2022-06-13T02:20:35.423+0000][1][safepoint    ] Application time: 1.0003492 seconds
[2022-06-13T02:20:35.424+0000][1][safepoint    ] Entering safepoint region: Cleanup
[2022-06-13T02:20:35.424+0000][1][safepoint    ] Leaving safepoint region
[2022-06-13T02:20:35.425+0000][1][safepoint    ] Total time for which application threads were stopped: 0.0009129 seconds, Stopping threads took: 0.0004164 seconds
[2022-06-13T02:20:36.425+0000][1][safepoint    ] Application time: 1.0002622 seconds
[2022-06-13T02:20:36.426+0000][1][safepoint    ] Entering safepoint region: Cleanup
[2022-06-13T02:20:36.426+0000][1][safepoint    ] Leaving safepoint region
[2022-06-13T02:20:36.427+0000][1][safepoint    ] Total time for which application threads were stopped: 0.0007344 seconds, Stopping threads took: 0.0003980 seconds
[2022-06-13T02:20:37.427+0000][1][safepoint    ] Application time: 1.0002054 seconds
[2022-06-13T02:20:37.428+0000][1][safepoint    ] Entering safepoint region: Cleanup
[2022-06-13T02:20:37.428+0000][1][safepoint    ] Leaving safepoint region
[2022-06-13T02:20:37.429+0000][1][safepoint    ] Total time for which application threads were stopped: 0.0009851 seconds, Stopping threads took: 0.0004449 seconds
[2022-06-13T02:20:38.429+0000][1][safepoint    ] Application time: 1.0002082 seconds
[2022-06-13T02:20:38.430+0000][1][safepoint    ] Entering safepoint region: Cleanup
[2022-06-13T02:20:38.430+0000][1][safepoint    ] Leaving safepoint region
[2022-06-13T02:20:38.431+0000][1][safepoint    ] Total time for which application threads were stopped: 0.0009260 seconds, Stopping threads took: 0.0004392 seconds
[2022-06-13T02:20:39.432+0000][1][safepoint    ] Application time: 1.0002169 seconds
[2022-06-13T02:20:39.432+0000][1][safepoint    ] Entering safepoint region: Cleanup
[2022-06-13T02:20:39.433+0000][1][safepoint    ] Leaving safepoint region
[2022-06-13T02:20:39.433+0000][1][safepoint    ] Total time for which application threads were stopped: 0.0010029 seconds, Stopping threads took: 0.0005085 seconds
[2022-06-13T02:20:40.434+0000][1][safepoint    ] Application time: 1.0001843 seconds
[2022-06-13T02:20:40.434+0000][1][safepoint    ] Entering safepoint region: Cleanup
[2022-06-13T02:20:40.435+0000][1][safepoint    ] Leaving safepoint region
[2022-06-13T02:20:40.435+0000][1][safepoint    ] Total time for which application threads were stopped: 0.0010482 seconds, Stopping threads took: 0.0005257 seconds
[2022-06-13T02:20:41.436+0000][1][safepoint    ] Application time: 1.0002620 seconds
[2022-06-13T02:20:41.437+0000][1][safepoint    ] Entering safepoint region: Cleanup
[2022-06-13T02:20:41.437+0000][1][safepoint    ] Leaving safepoint region
[2022-06-13T02:20:41.438+0000][1][safepoint    ] Total time for which application threads were stopped: 0.0009911 seconds, Stopping threads took: 0.0004406 seconds
[2022-06-13T02:20:43.240+0000][1][safepoint    ] Application time: 1.8019973 seconds
[2022-06-13T02:20:43.241+0000][1][safepoint    ] Entering safepoint region: Cleanup
[2022-06-13T02:20:43.241+0000][1][safepoint    ] Leaving safepoint region
[2022-06-13T02:20:43.242+0000][1][safepoint    ] Total time for which application threads were stopped: 0.0010947 seconds, Stopping threads took: 0.0005085 seconds
[2022-06-13T02:20:44.243+0000][1][safepoint    ] Application time: 1.0002345 seconds
[2022-06-13T02:20:44.243+0000][1][safepoint    ] Entering safepoint region: Cleanup
[2022-06-13T02:20:44.243+0000][1][safepoint    ] Leaving safepoint region
[2022-06-13T02:20:44.244+0000][1][safepoint    ] Total time for which application threads were stopped: 0.0006983 seconds, Stopping threads took: 0.0003331 seconds
[2022-06-13T02:20:45.244+0000][1][safepoint    ] Application time: 1.0002712 seconds
[2022-06-13T02:20:45.245+0000][1][safepoint    ] Entering safepoint region: Cleanup
[2022-06-13T02:20:45.246+0000][1][safepoint    ] Leaving safepoint region
[2022-06-13T02:20:45.246+0000][1][safepoint    ] Total time for which application threads were stopped: 0.0014493 seconds, Stopping threads took: 0.0007895 seconds
[2022-06-13T02:20:46.247+0000][1][safepoint    ] Application time: 1.0002675 seconds
[2022-06-13T02:20:46.248+0000][1][safepoint    ] Entering safepoint region: Cleanup
[2022-06-13T02:20:46.249+0000][1][safepoint    ] Leaving safepoint region
[2022-06-13T02:20:46.250+0000][1][safepoint    ] Total time for which application threads were stopped: 0.0014498 seconds, Stopping threads took: 0.0006932 seconds
[2022-06-13T02:20:47.250+0000][1][safepoint    ] Application time: 1.0002287 seconds
[2022-06-13T02:20:47.251+0000][1][safepoint    ] Entering safepoint region: Cleanup
[2022-06-13T02:20:47.251+0000][1][safepoint    ] Leaving safepoint region
[2022-06-13T02:20:47.251+0000][1][safepoint    ] Total time for which application threads were stopped: 0.0006046 seconds, Stopping threads took: 0.0002327 seconds
[2022-06-13T02:20:48.252+0000][1][safepoint    ] Application time: 1.0001922 seconds
[2022-06-13T02:20:48.252+0000][1][safepoint    ] Entering safepoint region: Cleanup
[2022-06-13T02:20:48.253+0000][1][safepoint    ] Leaving safepoint region
[2022-06-13T02:20:48.253+0000][1][safepoint    ] Total time for which application threads were stopped: 0.0007688 seconds, Stopping threads took: 0.0003348 seconds
[2022-06-13T02:20:49.254+0000][1][safepoint    ] Application time: 1.0003064 seconds
[2022-06-13T02:20:49.254+0000][1][safepoint    ] Entering safepoint region: Cleanup
[2022-06-13T02:20:49.255+0000][1][safepoint    ] Leaving safepoint region
[2022-06-13T02:20:49.255+0000][1][safepoint    ] Total time for which application threads were stopped: 0.0009284 seconds, Stopping threads took: 0.0003488 seconds
[2022-06-13T02:20:50.256+0000][1][safepoint    ] Application time: 1.0002666 seconds
[2022-06-13T02:20:50.257+0000][1][safepoint    ] Entering safepoint region: Cleanup
[2022-06-13T02:20:50.257+0000][1][safepoint    ] Leaving safepoint region
[2022-06-13T02:20:50.257+0000][1][safepoint    ] Total time for which application threads were stopped: 0.0008275 seconds, Stopping threads took: 0.0003993 seconds
[2022-06-13T02:20:51.258+0000][1][safepoint    ] Application time: 1.0003216 seconds
[2022-06-13T02:20:51.259+0000][1][safepoint    ] Entering safepoint region: Cleanup
[2022-06-13T02:20:51.259+0000][1][safepoint    ] Leaving safepoint region
[2022-06-13T02:20:51.259+0000][1][safepoint    ] Total time for which application threads were stopped: 0.0008095 seconds, Stopping threads took: 0.0003585 seconds
[2022-06-13T02:20:52.260+0000][1][safepoint    ] Application time: 1.0002621 seconds
[2022-06-13T02:20:52.261+0000][1][safepoint    ] Entering safepoint region: Cleanup
[2022-06-13T02:20:52.261+0000][1][safepoint    ] Leaving safepoint region
[2022-06-13T02:20:52.261+0000][1][safepoint    ] Total time for which application threads were stopped: 0.0007036 seconds, Stopping threads took: 0.0003381 seconds
[2022-06-13T02:20:53.262+0000][1][safepoint    ] Application time: 1.0003324 seconds
[2022-06-13T02:20:53.262+0000][1][safepoint    ] Entering safepoint region: Cleanup
[2022-06-13T02:20:53.263+0000][1][safepoint    ] Leaving safepoint region
[2022-06-13T02:20:53.263+0000][1][safepoint    ] Total time for which application threads were stopped: 0.0005848 seconds, Stopping threads took: 0.0002320 seconds
[2022-06-13T02:20:54.263+0000][1][safepoint    ] Application time: 1.0002301 seconds
[2022-06-13T02:20:54.264+0000][1][safepoint    ] Entering safepoint region: Cleanup
[2022-06-13T02:20:54.264+0000][1][safepoint    ] Leaving safepoint region
[2022-06-13T02:20:54.265+0000][1][safepoint    ] Total time for which application threads were stopped: 0.0008495 seconds, Stopping threads took: 0.0003692 seconds
[2022-06-13T02:20:55.265+0000][1][safepoint    ] Application time: 1.0002107 seconds
[2022-06-13T02:20:55.266+0000][1][safepoint    ] Entering safepoint region: Cleanup
[2022-06-13T02:20:55.266+0000][1][safepoint    ] Leaving safepoint region
[2022-06-13T02:20:55.267+0000][1][safepoint    ] Total time for which application threads were stopped: 0.0009535 seconds, Stopping threads took: 0.0003896 seconds
[2022-06-13T02:20:56.267+0000][1][safepoint    ] Application time: 1.0002225 seconds
[2022-06-13T02:20:56.268+0000][1][safepoint    ] Entering safepoint region: Cleanup
[2022-06-13T02:20:56.268+0000][1][safepoint    ] Leaving safepoint region
[2022-06-13T02:20:56.269+0000][1][safepoint    ] Total time for which application threads were stopped: 0.0007137 seconds, Stopping threads took: 0.0003284 seconds
[2022-06-13T02:20:57.269+0000][1][safepoint    ] Application time: 1.0001634 seconds
[2022-06-13T02:20:57.269+0000][1][safepoint    ] Entering safepoint region: Cleanup
[2022-06-13T02:20:57.270+0000][1][safepoint    ] Leaving safepoint region
[2022-06-13T02:20:57.270+0000][1][safepoint    ] Total time for which application threads were stopped: 0.0006414 seconds, Stopping threads took: 0.0002424 seconds
[2022-06-13T02:20:58.270+0000][1][safepoint    ] Application time: 1.0001262 seconds
[2022-06-13T02:20:58.271+0000][1][safepoint    ] Entering safepoint region: Cleanup
[2022-06-13T02:20:58.271+0000][1][safepoint    ] Leaving safepoint region
[2022-06-13T02:20:58.271+0000][1][safepoint    ] Total time for which application threads were stopped: 0.0005726 seconds, Stopping threads took: 0.0002460 seconds
[2022-06-13T02:20:59.272+0000][1][safepoint    ] Application time: 1.0001844 seconds
[2022-06-13T02:20:59.272+0000][1][safepoint    ] Entering safepoint region: Cleanup
[2022-06-13T02:20:59.273+0000][1][safepoint    ] Leaving safepoint region
[2022-06-13T02:20:59.273+0000][1][safepoint    ] Total time for which application threads were stopped: 0.0008035 seconds, Stopping threads took: 0.0003753 seconds
[2022-06-13T02:21:00.274+0000][1][safepoint    ] Application time: 1.0001512 seconds
[2022-06-13T02:21:00.274+0000][1][safepoint    ] Entering safepoint region: Cleanup
[2022-06-13T02:21:00.274+0000][1][safepoint    ] Leaving safepoint region
[2022-06-13T02:21:00.275+0000][1][safepoint    ] Total time for which application threads were stopped: 0.0005921 seconds, Stopping threads took: 0.0002709 seconds
[2022-06-13T02:21:01.275+0000][1][safepoint    ] Application time: 1.0001991 seconds
[2022-06-13T02:21:01.276+0000][1][safepoint    ] Entering safepoint region: Cleanup
[2022-06-13T02:21:01.276+0000][1][safepoint    ] Leaving safepoint region
[2022-06-13T02:21:01.276+0000][1][safepoint    ] Total time for which application threads were stopped: 0.0007423 seconds, Stopping threads took: 0.0003610 seconds
[2022-06-13T02:21:02.277+0000][1][safepoint    ] Application time: 1.0001766 seconds
[2022-06-13T02:21:02.277+0000][1][safepoint    ] Entering safepoint region: Cleanup
[2022-06-13T02:21:02.278+0000][1][safepoint    ] Leaving safepoint region
[2022-06-13T02:21:02.278+0000][1][safepoint    ] Total time for which application threads were stopped: 0.0006161 seconds, Stopping threads took: 0.0003594 seconds
[2022-06-13T02:21:03.279+0000][1][safepoint    ] Application time: 1.0003165 seconds
[2022-06-13T02:21:03.279+0000][1][safepoint    ] Entering safepoint region: Cleanup
[2022-06-13T02:21:03.280+0000][1][safepoint    ] Leaving safepoint region
[2022-06-13T02:21:03.280+0000][1][safepoint    ] Total time for which application threads were stopped: 0.0009213 seconds, Stopping threads took: 0.0004555 seconds
[2022-06-13T02:21:04.281+0000][1][safepoint    ] Application time: 1.0001854 seconds
[2022-06-13T02:21:04.281+0000][1][safepoint    ] Entering safepoint region: Cleanup
[2022-06-13T02:21:04.282+0000][1][safepoint    ] Leaving safepoint region
[2022-06-13T02:21:04.282+0000][1][safepoint    ] Total time for which application threads were stopped: 0.0008692 seconds, Stopping threads took: 0.0003802 seconds
[2022-06-13T02:21:05.283+0000][1][safepoint    ] Application time: 1.0001862 seconds
[2022-06-13T02:21:05.283+0000][1][safepoint    ] Entering safepoint region: Cleanup
[2022-06-13T02:21:05.284+0000][1][safepoint    ] Leaving safepoint region
[2022-06-13T02:21:05.284+0000][1][safepoint    ] Total time for which application threads were stopped: 0.0008347 seconds, Stopping threads took: 0.0003924 seconds
[2022-06-13T02:21:06.285+0000][1][safepoint    ] Application time: 1.0002843 seconds
[2022-06-13T02:21:06.285+0000][1][safepoint    ] Entering safepoint region: Cleanup
[2022-06-13T02:21:06.286+0000][1][safepoint    ] Leaving safepoint region
[2022-06-13T02:21:06.286+0000][1][safepoint    ] Total time for which application threads were stopped: 0.0009058 seconds, Stopping threads took: 0.0004330 seconds
[2022-06-13T02:21:07.287+0000][1][safepoint    ] Application time: 1.0003612 seconds
[2022-06-13T02:21:07.288+0000][1][safepoint    ] Entering safepoint region: Cleanup
[2022-06-13T02:21:07.288+0000][1][safepoint    ] Leaving safepoint region
[2022-06-13T02:21:07.288+0000][1][safepoint    ] Total time for which application threads were stopped: 0.0006985 seconds, Stopping threads took: 0.0002970 seconds
[2022-06-13T02:21:08.289+0000][1][safepoint    ] Application time: 1.0002485 seconds
[2022-06-13T02:21:08.290+0000][1][safepoint    ] Entering safepoint region: Cleanup
[2022-06-13T02:21:08.290+0000][1][safepoint    ] Leaving safepoint region
[2022-06-13T02:21:08.290+0000][1][safepoint    ] Total time for which application threads were stopped: 0.0009199 seconds, Stopping threads took: 0.0004045 seconds
[2022-06-13T02:21:09.291+0000][1][safepoint    ] Application time: 1.0001487 seconds
[2022-06-13T02:21:09.291+0000][1][safepoint    ] Entering safepoint region: Cleanup
[2022-06-13T02:21:09.292+0000][1][safepoint    ] Leaving safepoint region
[2022-06-13T02:21:09.292+0000][1][safepoint    ] Total time for which application threads were stopped: 0.0004304 seconds, Stopping threads took: 0.0001845 seconds
[2022-06-13T02:21:10.292+0000][1][safepoint    ] Application time: 1.0002343 seconds
[2022-06-13T02:21:10.293+0000][1][safepoint    ] Entering safepoint region: Cleanup
[2022-06-13T02:21:10.293+0000][1][safepoint    ] Leaving safepoint region
[2022-06-13T02:21:10.293+0000][1][safepoint    ] Total time for which application threads were stopped: 0.0007076 seconds, Stopping threads took: 0.0003364 seconds
[2022-06-13T02:21:11.294+0000][1][safepoint    ] Application time: 1.0001876 seconds
[2022-06-13T02:21:11.294+0000][1][safepoint    ] Entering safepoint region: Cleanup
[2022-06-13T02:21:11.294+0000][1][safepoint    ] Leaving safepoint region
[2022-06-13T02:21:11.295+0000][1][safepoint    ] Total time for which application threads were stopped: 0.0004478 seconds, Stopping threads took: 0.0002130 seconds
[2022-06-13T02:21:12.295+0000][1][safepoint    ] Application time: 1.0001244 seconds
[2022-06-13T02:21:12.295+0000][1][safepoint    ] Entering safepoint region: Cleanup
[2022-06-13T02:21:12.296+0000][1][safepoint    ] Leaving safepoint region
[2022-06-13T02:21:12.296+0000][1][safepoint    ] Total time for which application threads were stopped: 0.0005290 seconds, Stopping threads took: 0.0002380 seconds
[2022-06-13T02:21:13.296+0000][1][safepoint    ] Application time: 1.0001797 seconds
[2022-06-13T02:21:13.297+0000][1][safepoint    ] Entering safepoint region: Cleanup
[2022-06-13T02:21:13.297+0000][1][safepoint    ] Leaving safepoint region
[2022-06-13T02:21:13.298+0000][1][safepoint    ] Total time for which application threads were stopped: 0.0008674 seconds, Stopping threads took: 0.0004070 seconds
[2022-06-13T02:21:14.298+0000][1][safepoint    ] Application time: 1.0001811 seconds
[2022-06-13T02:21:14.299+0000][1][safepoint    ] Entering safepoint region: Cleanup
[2022-06-13T02:21:14.299+0000][1][safepoint    ] Leaving safepoint region
[2022-06-13T02:21:14.300+0000][1][safepoint    ] Total time for which application threads were stopped: 0.0008728 seconds, Stopping threads took: 0.0004015 seconds
[2022-06-13T02:21:15.300+0000][1][safepoint    ] Application time: 1.0002867 seconds
[2022-06-13T02:21:15.301+0000][1][safepoint    ] Entering safepoint region: Cleanup
[2022-06-13T02:21:15.302+0000][1][safepoint    ] Leaving safepoint region
[2022-06-13T02:21:15.302+0000][1][safepoint    ] Total time for which application threads were stopped: 0.0010517 seconds, Stopping threads took: 0.0004263 seconds
[2022-06-13T02:21:16.303+0000][1][safepoint    ] Application time: 1.0002020 seconds
[2022-06-13T02:21:16.303+0000][1][safepoint    ] Entering safepoint region: Cleanup
[2022-06-13T02:21:16.304+0000][1][safepoint    ] Leaving safepoint region
[2022-06-13T02:21:16.304+0000][1][safepoint    ] Total time for which application threads were stopped: 0.0004144 seconds, Stopping threads took: 0.0001619 seconds
[2022-06-13T02:21:17.304+0000][1][safepoint    ] Application time: 1.0002563 seconds
[2022-06-13T02:21:17.305+0000][1][safepoint    ] Entering safepoint region: Cleanup
[2022-06-13T02:21:17.306+0000][1][safepoint    ] Leaving safepoint region
[2022-06-13T02:21:17.306+0000][1][safepoint    ] Total time for which application threads were stopped: 0.0010443 seconds, Stopping threads took: 0.0005692 seconds
[2022-06-13T02:21:18.306+0000][1][safepoint    ] Application time: 1.0001839 seconds
[2022-06-13T02:21:18.307+0000][1][safepoint    ] Entering safepoint region: Cleanup
[2022-06-13T02:21:18.307+0000][1][safepoint    ] Leaving safepoint region
[2022-06-13T02:21:18.308+0000][1][safepoint    ] Total time for which application threads were stopped: 0.0009625 seconds, Stopping threads took: 0.0005473 seconds
[2022-06-13T02:21:19.308+0000][1][safepoint    ] Application time: 1.0003008 seconds
[2022-06-13T02:21:19.309+0000][1][safepoint    ] Entering safepoint region: Cleanup
[2022-06-13T02:21:19.309+0000][1][safepoint    ] Leaving safepoint region
[2022-06-13T02:21:19.310+0000][1][safepoint    ] Total time for which application threads were stopped: 0.0008682 seconds, Stopping threads took: 0.0003990 seconds
[2022-06-13T02:21:20.310+0000][1][safepoint    ] Application time: 1.0001982 seconds
[2022-06-13T02:21:20.311+0000][1][safepoint    ] Entering safepoint region: Cleanup
[2022-06-13T02:21:20.311+0000][1][safepoint    ] Leaving safepoint region
[2022-06-13T02:21:20.312+0000][1][safepoint    ] Total time for which application threads were stopped: 0.0009232 seconds, Stopping threads took: 0.0004005 seconds
[2022-06-13T02:21:21.312+0000][1][safepoint    ] Application time: 1.0002848 seconds
[2022-06-13T02:21:21.313+0000][1][safepoint    ] Entering safepoint region: Cleanup
[2022-06-13T02:21:21.314+0000][1][safepoint    ] Leaving safepoint region
[2022-06-13T02:21:21.314+0000][1][safepoint    ] Total time for which application threads were stopped: 0.0010206 seconds, Stopping threads took: 0.0005152 seconds
[2022-06-13T02:21:22.315+0000][1][safepoint    ] Application time: 1.0001793 seconds
[2022-06-13T02:21:22.315+0000][1][safepoint    ] Entering safepoint region: Cleanup
[2022-06-13T02:21:22.316+0000][1][safepoint    ] Leaving safepoint region
[2022-06-13T02:21:22.316+0000][1][safepoint    ] Total time for which application threads were stopped: 0.0008132 seconds, Stopping threads took: 0.0003902 seconds
[2022-06-13T02:21:23.317+0000][1][safepoint    ] Application time: 1.0002043 seconds
[2022-06-13T02:21:23.317+0000][1][safepoint    ] Entering safepoint region: Cleanup
[2022-06-13T02:21:23.317+0000][1][safepoint    ] Leaving safepoint region
[2022-06-13T02:21:23.318+0000][1][safepoint    ] Total time for which application threads were stopped: 0.0005313 seconds, Stopping threads took: 0.0002347 seconds
[2022-06-13T02:21:24.318+0000][1][safepoint    ] Application time: 1.0002675 seconds
[2022-06-13T02:21:24.319+0000][1][safepoint    ] Entering safepoint region: Cleanup
[2022-06-13T02:21:24.319+0000][1][safepoint    ] Leaving safepoint region
[2022-06-13T02:21:24.320+0000][1][safepoint    ] Total time for which application threads were stopped: 0.0008200 seconds, Stopping threads took: 0.0004153 seconds
[2022-06-13T02:21:25.320+0000][1][safepoint    ] Application time: 1.0003182 seconds
[2022-06-13T02:21:25.321+0000][1][safepoint    ] Entering safepoint region: Cleanup
[2022-06-13T02:21:25.321+0000][1][safepoint    ] Leaving safepoint region
[2022-06-13T02:21:25.322+0000][1][safepoint    ] Total time for which application threads were stopped: 0.0008548 seconds, Stopping threads took: 0.0003983 seconds
[2022-06-13T02:21:26.322+0000][1][safepoint    ] Application time: 1.0001846 seconds
[2022-06-13T02:21:26.323+0000][1][safepoint    ] Entering safepoint region: Cleanup
[2022-06-13T02:21:26.323+0000][1][safepoint    ] Leaving safepoint region
[2022-06-13T02:21:26.323+0000][1][safepoint    ] Total time for which application threads were stopped: 0.0005747 seconds, Stopping threads took: 0.0002511 seconds
[2022-06-13T02:21:27.324+0000][1][safepoint    ] Application time: 1.0002663 seconds
[2022-06-13T02:21:27.324+0000][1][safepoint    ] Entering safepoint region: Cleanup
[2022-06-13T02:21:27.325+0000][1][safepoint    ] Leaving safepoint region
[2022-06-13T02:21:27.325+0000][1][safepoint    ] Total time for which application threads were stopped: 0.0007785 seconds, Stopping threads took: 0.0003957 seconds
[2022-06-13T02:21:28.326+0000][1][safepoint    ] Application time: 1.0002226 seconds
[2022-06-13T02:21:28.326+0000][1][safepoint    ] Entering safepoint region: Cleanup
[2022-06-13T02:21:28.326+0000][1][safepoint    ] Leaving safepoint region
[2022-06-13T02:21:28.327+0000][1][safepoint    ] Total time for which application threads were stopped: 0.0005640 seconds, Stopping threads took: 0.0002586 seconds
[2022-06-13T02:21:29.327+0000][1][safepoint    ] Application time: 1.0001722 seconds
[2022-06-13T02:21:29.327+0000][1][safepoint    ] Entering safepoint region: Cleanup
[2022-06-13T02:21:29.328+0000][1][safepoint    ] Leaving safepoint region
[2022-06-13T02:21:29.328+0000][1][safepoint    ] Total time for which application threads were stopped: 0.0004248 seconds, Stopping threads took: 0.0001867 seconds
[2022-06-13T02:21:30.328+0000][1][safepoint    ] Application time: 1.0002428 seconds
[2022-06-13T02:21:30.328+0000][1][safepoint    ] Entering safepoint region: Cleanup
[2022-06-13T02:21:30.329+0000][1][safepoint    ] Leaving safepoint region
[2022-06-13T02:21:30.329+0000][1][safepoint    ] Total time for which application threads were stopped: 0.0005331 seconds, Stopping threads took: 0.0002056 seconds
[2022-06-13T02:21:31.329+0000][1][safepoint    ] Application time: 1.0001186 seconds
[2022-06-13T02:21:31.330+0000][1][safepoint    ] Entering safepoint region: Cleanup
[2022-06-13T02:21:31.330+0000][1][safepoint    ] Leaving safepoint region
[2022-06-13T02:21:31.331+0000][1][safepoint    ] Total time for which application threads were stopped: 0.0007691 seconds, Stopping threads took: 0.0002975 seconds
[2022-06-13T02:21:32.331+0000][1][safepoint    ] Application time: 1.0001845 seconds
[2022-06-13T02:21:32.332+0000][1][safepoint    ] Entering safepoint region: Cleanup
[2022-06-13T02:21:32.332+0000][1][safepoint    ] Leaving safepoint region
[2022-06-13T02:21:32.333+0000][1][safepoint    ] Total time for which application threads were stopped: 0.0007966 seconds, Stopping threads took: 0.0003514 seconds
[2022-06-13T02:21:33.333+0000][1][safepoint    ] Application time: 1.0001874 seconds
[2022-06-13T02:21:33.334+0000][1][safepoint    ] Entering safepoint region: Cleanup
[2022-06-13T02:21:33.334+0000][1][safepoint    ] Leaving safepoint region
[2022-06-13T02:21:33.335+0000][1][safepoint    ] Total time for which application threads were stopped: 0.0008268 seconds, Stopping threads took: 0.0003787 seconds
[2022-06-13T02:21:34.335+0000][1][safepoint    ] Application time: 1.0001849 seconds
[2022-06-13T02:21:34.336+0000][1][safepoint    ] Entering safepoint region: Cleanup
[2022-06-13T02:21:34.336+0000][1][safepoint    ] Leaving safepoint region
[2022-06-13T02:21:34.336+0000][1][safepoint    ] Total time for which application threads were stopped: 0.0007579 seconds, Stopping threads took: 0.0003639 seconds
[2022-06-13T02:21:35.337+0000][1][safepoint    ] Application time: 1.0002088 seconds
[2022-06-13T02:21:35.338+0000][1][safepoint    ] Entering safepoint region: Cleanup
[2022-06-13T02:21:35.338+0000][1][safepoint    ] Leaving safepoint region
[2022-06-13T02:21:35.338+0000][1][safepoint    ] Total time for which application threads were stopped: 0.0007659 seconds, Stopping threads took: 0.0003701 seconds
[2022-06-13T02:21:36.339+0000][1][safepoint    ] Application time: 1.0001166 seconds
[2022-06-13T02:21:36.339+0000][1][safepoint    ] Entering safepoint region: Cleanup
[2022-06-13T02:21:36.340+0000][1][safepoint    ] Leaving safepoint region
[2022-06-13T02:21:36.340+0000][1][safepoint    ] Total time for which application threads were stopped: 0.0009527 seconds, Stopping threads took: 0.0004211 seconds
[2022-06-13T02:21:37.341+0000][1][safepoint    ] Application time: 1.0002173 seconds
[2022-06-13T02:21:37.341+0000][1][safepoint    ] Entering safepoint region: Cleanup
[2022-06-13T02:21:37.342+0000][1][safepoint    ] Leaving safepoint region
[2022-06-13T02:21:37.342+0000][1][safepoint    ] Total time for which application threads were stopped: 0.0006423 seconds, Stopping threads took: 0.0003910 seconds
[2022-06-13T02:21:38.342+0000][1][safepoint    ] Application time: 1.0002987 seconds
[2022-06-13T02:21:38.343+0000][1][safepoint    ] Entering safepoint region: Cleanup
[2022-06-13T02:21:38.343+0000][1][safepoint    ] Leaving safepoint region
[2022-06-13T02:21:38.344+0000][1][safepoint    ] Total time for which application threads were stopped: 0.0009379 seconds, Stopping threads took: 0.0004230 seconds
[2022-06-13T02:21:39.345+0000][1][safepoint    ] Application time: 1.0004202 seconds
[2022-06-13T02:21:39.345+0000][1][safepoint    ] Entering safepoint region: Cleanup
[2022-06-13T02:21:39.346+0000][1][safepoint    ] Leaving safepoint region
[2022-06-13T02:21:39.346+0000][1][safepoint    ] Total time for which application threads were stopped: 0.0009509 seconds, Stopping threads took: 0.0004330 seconds
[2022-06-13T02:21:40.347+0000][1][safepoint    ] Application time: 1.0001874 seconds
[2022-06-13T02:21:40.348+0000][1][safepoint    ] Entering safepoint region: Cleanup
[2022-06-13T02:21:40.348+0000][1][safepoint    ] Leaving safepoint region
[2022-06-13T02:21:40.348+0000][1][safepoint    ] Total time for which application threads were stopped: 0.0008894 seconds, Stopping threads took: 0.0003960 seconds
[2022-06-13T02:21:41.349+0000][1][safepoint    ] Application time: 1.0002242 seconds
[2022-06-13T02:21:41.350+0000][1][safepoint    ] Entering safepoint region: Cleanup
[2022-06-13T02:21:41.350+0000][1][safepoint    ] Leaving safepoint region
[2022-06-13T02:21:41.351+0000][1][safepoint    ] Total time for which application threads were stopped: 0.0012178 seconds, Stopping threads took: 0.0007381 seconds
[2022-06-13T02:21:42.351+0000][1][safepoint    ] Application time: 1.0001724 seconds
[2022-06-13T02:21:42.352+0000][1][safepoint    ] Entering safepoint region: Cleanup
[2022-06-13T02:21:42.352+0000][1][safepoint    ] Leaving safepoint region
[2022-06-13T02:21:42.353+0000][1][safepoint    ] Total time for which application threads were stopped: 0.0007851 seconds, Stopping threads took: 0.0003642 seconds
[2022-06-13T02:21:43.353+0000][1][safepoint    ] Application time: 1.0001105 seconds
[2022-06-13T02:21:43.354+0000][1][safepoint    ] Entering safepoint region: Cleanup
[2022-06-13T02:21:43.354+0000][1][safepoint    ] Leaving safepoint region
[2022-06-13T02:21:43.355+0000][1][safepoint    ] Total time for which application threads were stopped: 0.0009682 seconds, Stopping threads took: 0.0003569 seconds
[2022-06-13T02:21:44.355+0000][1][safepoint    ] Application time: 1.0001978 seconds
[2022-06-13T02:21:44.356+0000][1][safepoint    ] Entering safepoint region: Cleanup
[2022-06-13T02:21:44.356+0000][1][safepoint    ] Leaving safepoint region
[2022-06-13T02:21:44.356+0000][1][safepoint    ] Total time for which application threads were stopped: 0.0006467 seconds, Stopping threads took: 0.0002776 seconds
[2022-06-13T02:21:45.357+0000][1][safepoint    ] Application time: 1.0001392 seconds
[2022-06-13T02:21:45.357+0000][1][safepoint    ] Entering safepoint region: Cleanup
[2022-06-13T02:21:45.358+0000][1][safepoint    ] Leaving safepoint region
[2022-06-13T02:21:45.358+0000][1][safepoint    ] Total time for which application threads were stopped: 0.0009076 seconds, Stopping threads took: 0.0004091 seconds
[2022-06-13T02:21:46.359+0000][1][safepoint    ] Application time: 1.0001626 seconds
[2022-06-13T02:21:46.359+0000][1][safepoint    ] Entering safepoint region: Cleanup
[2022-06-13T02:21:46.360+0000][1][safepoint    ] Leaving safepoint region
[2022-06-13T02:21:46.360+0000][1][safepoint    ] Total time for which application threads were stopped: 0.0008220 seconds, Stopping threads took: 0.0003818 seconds
[2022-06-13T02:21:47.361+0000][1][safepoint    ] Application time: 1.0002404 seconds
[2022-06-13T02:21:47.361+0000][1][safepoint    ] Entering safepoint region: Cleanup
[2022-06-13T02:21:47.362+0000][1][safepoint    ] Leaving safepoint region
[2022-06-13T02:21:47.362+0000][1][safepoint    ] Total time for which application threads were stopped: 0.0009359 seconds, Stopping threads took: 0.0004854 seconds
[2022-06-13T02:21:48.363+0000][1][safepoint    ] Application time: 1.0001993 seconds
[2022-06-13T02:21:48.364+0000][1][safepoint    ] Entering safepoint region: Cleanup
[2022-06-13T02:21:48.364+0000][1][safepoint    ] Leaving safepoint region
[2022-06-13T02:21:48.364+0000][1][safepoint    ] Total time for which application threads were stopped: 0.0009150 seconds, Stopping threads took: 0.0004025 seconds
[2022-06-13T02:21:49.365+0000][1][safepoint    ] Application time: 1.0002436 seconds
[2022-06-13T02:21:49.365+0000][1][safepoint    ] Entering safepoint region: Cleanup
[2022-06-13T02:21:49.366+0000][1][safepoint    ] Leaving safepoint region
[2022-06-13T02:21:49.366+0000][1][safepoint    ] Total time for which application threads were stopped: 0.0006974 seconds, Stopping threads took: 0.0003243 seconds
[2022-06-13T02:21:50.366+0000][1][safepoint    ] Application time: 1.0001750 seconds
[2022-06-13T02:21:50.367+0000][1][safepoint    ] Entering safepoint region: Cleanup
[2022-06-13T02:21:50.367+0000][1][safepoint    ] Leaving safepoint region
[2022-06-13T02:21:50.368+0000][1][safepoint    ] Total time for which application threads were stopped: 0.0007806 seconds, Stopping threads took: 0.0003127 seconds
[2022-06-13T02:21:51.368+0000][1][safepoint    ] Application time: 1.0002004 seconds
[2022-06-13T02:21:51.369+0000][1][safepoint    ] Entering safepoint region: Cleanup
[2022-06-13T02:21:51.369+0000][1][safepoint    ] Leaving safepoint region
[2022-06-13T02:21:51.370+0000][1][safepoint    ] Total time for which application threads were stopped: 0.0009160 seconds, Stopping threads took: 0.0004001 seconds
[2022-06-13T02:21:52.370+0000][1][safepoint    ] Application time: 1.0002558 seconds
[2022-06-13T02:21:52.371+0000][1][safepoint    ] Entering safepoint region: Cleanup
[2022-06-13T02:21:52.371+0000][1][safepoint    ] Leaving safepoint region
[2022-06-13T02:21:52.372+0000][1][safepoint    ] Total time for which application threads were stopped: 0.0008457 seconds, Stopping threads took: 0.0003995 seconds
[2022-06-13T02:21:53.372+0000][1][safepoint    ] Application time: 1.0001832 seconds
[2022-06-13T02:21:53.373+0000][1][safepoint    ] Entering safepoint region: Cleanup
[2022-06-13T02:21:53.374+0000][1][safepoint    ] Leaving safepoint region
[2022-06-13T02:21:53.374+0000][1][safepoint    ] Total time for which application threads were stopped: 0.0009349 seconds, Stopping threads took: 0.0004784 seconds
[2022-06-13T02:21:54.375+0000][1][safepoint    ] Application time: 1.0002409 seconds
[2022-06-13T02:21:54.375+0000][1][safepoint    ] Entering safepoint region: Cleanup
[2022-06-13T02:21:54.375+0000][1][safepoint    ] Leaving safepoint region
[2022-06-13T02:21:54.376+0000][1][safepoint    ] Total time for which application threads were stopped: 0.0008830 seconds, Stopping threads took: 0.0002968 seconds
[2022-06-13T02:21:55.377+0000][1][safepoint    ] Application time: 1.0003754 seconds
[2022-06-13T02:21:55.377+0000][1][safepoint    ] Entering safepoint region: Cleanup
[2022-06-13T02:21:55.378+0000][1][safepoint    ] Leaving safepoint region
[2022-06-13T02:21:55.378+0000][1][safepoint    ] Total time for which application threads were stopped: 0.0010724 seconds, Stopping threads took: 0.0004552 seconds
[2022-06-13T02:21:56.379+0000][1][safepoint    ] Application time: 1.0001933 seconds
[2022-06-13T02:21:56.380+0000][1][safepoint    ] Entering safepoint region: Cleanup
[2022-06-13T02:21:56.380+0000][1][safepoint    ] Leaving safepoint region
[2022-06-13T02:21:56.380+0000][1][safepoint    ] Total time for which application threads were stopped: 0.0008255 seconds, Stopping threads took: 0.0003731 seconds
[2022-06-13T02:21:57.381+0000][1][safepoint    ] Application time: 1.0002295 seconds
[2022-06-13T02:21:57.382+0000][1][safepoint    ] Entering safepoint region: Cleanup
[2022-06-13T02:21:57.382+0000][1][safepoint    ] Leaving safepoint region
[2022-06-13T02:21:57.383+0000][1][safepoint    ] Total time for which application threads were stopped: 0.0010184 seconds, Stopping threads took: 0.0005161 seconds
[2022-06-13T02:21:58.383+0000][1][safepoint    ] Application time: 1.0002746 seconds
[2022-06-13T02:21:58.384+0000][1][safepoint    ] Entering safepoint region: Cleanup
[2022-06-13T02:21:58.384+0000][1][safepoint    ] Leaving safepoint region
[2022-06-13T02:21:58.384+0000][1][safepoint    ] Total time for which application threads were stopped: 0.0005476 seconds, Stopping threads took: 0.0002367 seconds
[2022-06-13T02:21:59.385+0000][1][safepoint    ] Application time: 1.0002397 seconds
[2022-06-13T02:21:59.385+0000][1][safepoint    ] Entering safepoint region: Cleanup
[2022-06-13T02:21:59.386+0000][1][safepoint    ] Leaving safepoint region
[2022-06-13T02:21:59.386+0000][1][safepoint    ] Total time for which application threads were stopped: 0.0007813 seconds, Stopping threads took: 0.0003717 seconds
[2022-06-13T02:22:00.387+0000][1][safepoint    ] Application time: 1.0002077 seconds
[2022-06-13T02:22:00.409+0000][1][safepoint    ] Entering safepoint region: Cleanup
[2022-06-13T02:22:00.410+0000][1][safepoint    ] Leaving safepoint region
[2022-06-13T02:22:00.410+0000][1][safepoint    ] Total time for which application threads were stopped: 0.0008307 seconds, Stopping threads took: 0.0005056 seconds
[2022-06-13T02:22:01.411+0000][1][safepoint    ] Application time: 1.0003131 seconds
[2022-06-13T02:22:01.411+0000][1][safepoint    ] Entering safepoint region: Cleanup
[2022-06-13T02:22:01.412+0000][1][safepoint    ] Leaving safepoint region
[2022-06-13T02:22:01.412+0000][1][safepoint    ] Total time for which application threads were stopped: 0.0009770 seconds, Stopping threads took: 0.0004368 seconds
[2022-06-13T02:22:02.413+0000][1][safepoint    ] Application time: 1.0003246 seconds
[2022-06-13T02:22:02.414+0000][1][safepoint    ] Entering safepoint region: Cleanup
[2022-06-13T02:22:02.414+0000][1][safepoint    ] Leaving safepoint region
[2022-06-13T02:22:02.415+0000][1][safepoint    ] Total time for which application threads were stopped: 0.0008621 seconds, Stopping threads took: 0.0004044 seconds
[2022-06-13T02:22:03.415+0000][1][safepoint    ] Application time: 1.0001177 seconds
[2022-06-13T02:22:03.416+0000][1][safepoint    ] Entering safepoint region: Cleanup
[2022-06-13T02:22:03.416+0000][1][safepoint    ] Leaving safepoint region
[2022-06-13T02:22:03.416+0000][1][safepoint    ] Total time for which application threads were stopped: 0.0008518 seconds, Stopping threads took: 0.0004060 seconds
[2022-06-13T02:22:04.417+0000][1][safepoint    ] Application time: 1.0001105 seconds
[2022-06-13T02:22:04.417+0000][1][safepoint    ] Entering safepoint region: Cleanup
[2022-06-13T02:22:04.418+0000][1][safepoint    ] Leaving safepoint region
[2022-06-13T02:22:04.418+0000][1][safepoint    ] Total time for which application threads were stopped: 0.0008001 seconds, Stopping threads took: 0.0003196 seconds
[2022-06-13T02:22:05.419+0000][1][safepoint    ] Application time: 1.0001552 seconds
[2022-06-13T02:22:05.419+0000][1][safepoint    ] Entering safepoint region: Cleanup
[2022-06-13T02:22:05.419+0000][1][safepoint    ] Leaving safepoint region
[2022-06-13T02:22:05.420+0000][1][safepoint    ] Total time for which application threads were stopped: 0.0007171 seconds, Stopping threads took: 0.0002774 seconds
[2022-06-13T02:22:06.420+0000][1][safepoint    ] Application time: 1.0002746 seconds
[2022-06-13T02:22:06.421+0000][1][safepoint    ] Entering safepoint region: Cleanup
[2022-06-13T02:22:06.422+0000][1][safepoint    ] Leaving safepoint region
[2022-06-13T02:22:06.422+0000][1][safepoint    ] Total time for which application threads were stopped: 0.0011715 seconds, Stopping threads took: 0.0005331 seconds
[2022-06-13T02:22:07.423+0000][1][safepoint    ] Application time: 1.0001211 seconds
[2022-06-13T02:22:07.423+0000][1][safepoint    ] Entering safepoint region: Cleanup
[2022-06-13T02:22:07.424+0000][1][safepoint    ] Leaving safepoint region
[2022-06-13T02:22:07.424+0000][1][safepoint    ] Total time for which application threads were stopped: 0.0005743 seconds, Stopping threads took: 0.0003102 seconds
[2022-06-13T02:22:08.424+0000][1][safepoint    ] Application time: 1.0003241 seconds
[2022-06-13T02:22:08.425+0000][1][safepoint    ] Entering safepoint region: Cleanup
[2022-06-13T02:22:08.426+0000][1][safepoint    ] Leaving safepoint region
[2022-06-13T02:22:08.426+0000][1][safepoint    ] Total time for which application threads were stopped: 0.0007855 seconds, Stopping threads took: 0.0003369 seconds
[2022-06-13T02:22:09.426+0000][1][safepoint    ] Application time: 1.0002058 seconds
[2022-06-13T02:22:09.427+0000][1][safepoint    ] Entering safepoint region: Cleanup
[2022-06-13T02:22:09.427+0000][1][safepoint    ] Leaving safepoint region
[2022-06-13T02:22:09.427+0000][1][safepoint    ] Total time for which application threads were stopped: 0.0006957 seconds, Stopping threads took: 0.0003426 seconds
[2022-06-13T02:22:10.428+0000][1][safepoint    ] Application time: 1.0001798 seconds
[2022-06-13T02:22:10.428+0000][1][safepoint    ] Entering safepoint region: Cleanup
[2022-06-13T02:22:10.429+0000][1][safepoint    ] Leaving safepoint region
[2022-06-13T02:22:10.429+0000][1][safepoint    ] Total time for which application threads were stopped: 0.0005036 seconds, Stopping threads took: 0.0002282 seconds
[2022-06-13T02:22:11.429+0000][1][safepoint    ] Application time: 1.0002441 seconds
[2022-06-13T02:22:11.430+0000][1][safepoint    ] Entering safepoint region: Cleanup
[2022-06-13T02:22:11.430+0000][1][safepoint    ] Leaving safepoint region
[2022-06-13T02:22:11.430+0000][1][safepoint    ] Total time for which application threads were stopped: 0.0005948 seconds, Stopping threads took: 0.0002756 seconds
[2022-06-13T02:22:12.431+0000][1][safepoint    ] Application time: 1.0001961 seconds
[2022-06-13T02:22:12.431+0000][1][safepoint    ] Entering safepoint region: Cleanup
[2022-06-13T02:22:12.432+0000][1][safepoint    ] Leaving safepoint region
[2022-06-13T02:22:12.432+0000][1][safepoint    ] Total time for which application threads were stopped: 0.0007474 seconds, Stopping threads took: 0.0002156 seconds
[2022-06-13T02:22:13.432+0000][1][safepoint    ] Application time: 1.0002460 seconds
[2022-06-13T02:22:13.433+0000][1][safepoint    ] Entering safepoint region: Cleanup
[2022-06-13T02:22:13.433+0000][1][safepoint    ] Leaving safepoint region
[2022-06-13T02:22:13.434+0000][1][safepoint    ] Total time for which application threads were stopped: 0.0007793 seconds, Stopping threads took: 0.0003863 seconds
[2022-06-13T02:22:14.434+0000][1][safepoint    ] Application time: 1.0001780 seconds
[2022-06-13T02:22:14.435+0000][1][safepoint    ] Entering safepoint region: Cleanup
[2022-06-13T02:22:14.435+0000][1][safepoint    ] Leaving safepoint region
[2022-06-13T02:22:14.435+0000][1][safepoint    ] Total time for which application threads were stopped: 0.0007453 seconds, Stopping threads took: 0.0002998 seconds
[2022-06-13T02:22:15.436+0000][1][safepoint    ] Application time: 1.0002076 seconds
[2022-06-13T02:22:15.437+0000][1][safepoint    ] Entering safepoint region: Cleanup
[2022-06-13T02:22:15.437+0000][1][safepoint    ] Leaving safepoint region
[2022-06-13T02:22:15.438+0000][1][safepoint    ] Total time for which application threads were stopped: 0.0009686 seconds, Stopping threads took: 0.0004633 seconds
[2022-06-13T02:22:16.438+0000][1][safepoint    ] Application time: 1.0001958 seconds
[2022-06-13T02:22:16.439+0000][1][safepoint    ] Entering safepoint region: Cleanup
[2022-06-13T02:22:16.439+0000][1][safepoint    ] Leaving safepoint region
[2022-06-13T02:22:16.439+0000][1][safepoint    ] Total time for which application threads were stopped: 0.0004261 seconds, Stopping threads took: 0.0001907 seconds
[2022-06-13T02:22:17.439+0000][1][safepoint    ] Application time: 1.0002202 seconds
[2022-06-13T02:22:17.440+0000][1][safepoint    ] Entering safepoint region: Cleanup
[2022-06-13T02:22:17.440+0000][1][safepoint    ] Leaving safepoint region
[2022-06-13T02:22:17.440+0000][1][safepoint    ] Total time for which application threads were stopped: 0.0008294 seconds, Stopping threads took: 0.0001928 seconds
[2022-06-13T02:22:18.441+0000][1][safepoint    ] Application time: 1.0001780 seconds
[2022-06-13T02:22:18.442+0000][1][safepoint    ] Entering safepoint region: Cleanup
[2022-06-13T02:22:18.442+0000][1][safepoint    ] Leaving safepoint region
[2022-06-13T02:22:18.442+0000][1][safepoint    ] Total time for which application threads were stopped: 0.0008668 seconds, Stopping threads took: 0.0004264 seconds
[2022-06-13T02:22:19.443+0000][1][safepoint    ] Application time: 1.0001951 seconds
[2022-06-13T02:22:19.444+0000][1][safepoint    ] Entering safepoint region: Cleanup
[2022-06-13T02:22:19.444+0000][1][safepoint    ] Leaving safepoint region
[2022-06-13T02:22:19.444+0000][1][safepoint    ] Total time for which application threads were stopped: 0.0008212 seconds, Stopping threads took: 0.0003780 seconds
[2022-06-13T02:22:20.448+0000][1][safepoint    ] Application time: 1.0032119 seconds
[2022-06-13T02:22:20.449+0000][1][safepoint    ] Entering safepoint region: Cleanup
[2022-06-13T02:22:20.449+0000][1][safepoint    ] Leaving safepoint region
[2022-06-13T02:22:20.450+0000][1][safepoint    ] Total time for which application threads were stopped: 0.0009118 seconds, Stopping threads took: 0.0003306 seconds
[2022-06-13T02:22:21.450+0000][1][safepoint    ] Application time: 1.0002181 seconds
[2022-06-13T02:22:21.451+0000][1][safepoint    ] Entering safepoint region: Cleanup
[2022-06-13T02:22:21.451+0000][1][safepoint    ] Leaving safepoint region
[2022-06-13T02:22:21.452+0000][1][safepoint    ] Total time for which application threads were stopped: 0.0010932 seconds, Stopping threads took: 0.0005577 seconds
[2022-06-13T02:22:22.452+0000][1][safepoint    ] Application time: 1.0001291 seconds
[2022-06-13T02:22:22.453+0000][1][safepoint    ] Entering safepoint region: Cleanup
[2022-06-13T02:22:22.453+0000][1][safepoint    ] Leaving safepoint region
[2022-06-13T02:22:22.453+0000][1][safepoint    ] Total time for which application threads were stopped: 0.0005714 seconds, Stopping threads took: 0.0001611 seconds
[2022-06-13T02:22:23.454+0000][1][safepoint    ] Application time: 1.0000964 seconds
[2022-06-13T02:22:23.454+0000][1][safepoint    ] Entering safepoint region: Cleanup
[2022-06-13T02:22:23.455+0000][1][safepoint    ] Leaving safepoint region
[2022-06-13T02:22:23.455+0000][1][safepoint    ] Total time for which application threads were stopped: 0.0010658 seconds, Stopping threads took: 0.0004323 seconds
[2022-06-13T02:22:24.456+0000][1][safepoint    ] Application time: 1.0001896 seconds
[2022-06-13T02:22:24.456+0000][1][safepoint    ] Entering safepoint region: Cleanup
[2022-06-13T02:22:24.457+0000][1][safepoint    ] Leaving safepoint region
[2022-06-13T02:22:24.457+0000][1][safepoint    ] Total time for which application threads were stopped: 0.0008787 seconds, Stopping threads took: 0.0004505 seconds
[2022-06-13T02:22:25.458+0000][1][safepoint    ] Application time: 1.0002076 seconds
[2022-06-13T02:22:25.458+0000][1][safepoint    ] Entering safepoint region: Cleanup
[2022-06-13T02:22:25.459+0000][1][safepoint    ] Leaving safepoint region
[2022-06-13T02:22:25.459+0000][1][safepoint    ] Total time for which application threads were stopped: 0.0007614 seconds, Stopping threads took: 0.0003621 seconds
[2022-06-13T02:22:26.460+0000][1][safepoint    ] Application time: 1.0002283 seconds
[2022-06-13T02:22:26.460+0000][1][safepoint    ] Entering safepoint region: Cleanup
[2022-06-13T02:22:26.460+0000][1][safepoint    ] Leaving safepoint region
[2022-06-13T02:22:26.461+0000][1][safepoint    ] Total time for which application threads were stopped: 0.0006714 seconds, Stopping threads took: 0.0003925 seconds
[2022-06-13T02:22:27.461+0000][1][safepoint    ] Application time: 1.0003180 seconds
[2022-06-13T02:22:27.462+0000][1][safepoint    ] Entering safepoint region: Cleanup
[2022-06-13T02:22:27.462+0000][1][safepoint    ] Leaving safepoint region
[2022-06-13T02:22:27.463+0000][1][safepoint    ] Total time for which application threads were stopped: 0.0008280 seconds, Stopping threads took: 0.0004282 seconds
[2022-06-13T02:22:28.463+0000][1][safepoint    ] Application time: 1.0002328 seconds
[2022-06-13T02:22:28.464+0000][1][safepoint    ] Entering safepoint region: Cleanup
[2022-06-13T02:22:28.464+0000][1][safepoint    ] Leaving safepoint region
[2022-06-13T02:22:28.464+0000][1][safepoint    ] Total time for which application threads were stopped: 0.0006158 seconds, Stopping threads took: 0.0003082 seconds
[2022-06-13T02:22:29.465+0000][1][safepoint    ] Application time: 1.0002229 seconds
[2022-06-13T02:22:29.465+0000][1][safepoint    ] Entering safepoint region: Cleanup
[2022-06-13T02:22:29.466+0000][1][safepoint    ] Leaving safepoint region
[2022-06-13T02:22:29.467+0000][1][safepoint    ] Total time for which application threads were stopped: 0.0014019 seconds, Stopping threads took: 0.0006326 seconds
[2022-06-13T02:22:30.468+0000][1][safepoint    ] Application time: 1.0001872 seconds
[2022-06-13T02:22:30.468+0000][1][safepoint    ] Entering safepoint region: Cleanup
[2022-06-13T02:22:30.468+0000][1][safepoint    ] Leaving safepoint region
[2022-06-13T02:22:30.469+0000][1][safepoint    ] Total time for which application threads were stopped: 0.0006234 seconds, Stopping threads took: 0.0002605 seconds
[2022-06-13T02:22:31.469+0000][1][safepoint    ] Application time: 1.0001807 seconds
[2022-06-13T02:22:31.470+0000][1][safepoint    ] Entering safepoint region: Cleanup
[2022-06-13T02:22:31.470+0000][1][safepoint    ] Leaving safepoint region
[2022-06-13T02:22:31.470+0000][1][safepoint    ] Total time for which application threads were stopped: 0.0006773 seconds, Stopping threads took: 0.0003144 seconds
[2022-06-13T02:22:32.471+0000][1][safepoint    ] Application time: 1.0001761 seconds
[2022-06-13T02:22:32.471+0000][1][safepoint    ] Entering safepoint region: Cleanup
[2022-06-13T02:22:32.472+0000][1][safepoint    ] Leaving safepoint region
[2022-06-13T02:22:32.472+0000][1][safepoint    ] Total time for which application threads were stopped: 0.0005772 seconds, Stopping threads took: 0.0002856 seconds
[2022-06-13T02:22:33.472+0000][1][safepoint    ] Application time: 1.0001959 seconds
[2022-06-13T02:22:33.473+0000][1][safepoint    ] Entering safepoint region: Cleanup
[2022-06-13T02:22:33.473+0000][1][safepoint    ] Leaving safepoint region
[2022-06-13T02:22:33.474+0000][1][safepoint    ] Total time for which application threads were stopped: 0.0009679 seconds, Stopping threads took: 0.0004462 seconds
[2022-06-13T02:22:34.475+0000][1][safepoint    ] Application time: 1.0002586 seconds
[2022-06-13T02:22:34.475+0000][1][safepoint    ] Entering safepoint region: Cleanup
[2022-06-13T02:22:34.476+0000][1][safepoint    ] Leaving safepoint region
[2022-06-13T02:22:34.476+0000][1][safepoint    ] Total time for which application threads were stopped: 0.0007242 seconds, Stopping threads took: 0.0004005 seconds
[2022-06-13T02:22:35.476+0000][1][safepoint    ] Application time: 1.0001465 seconds
[2022-06-13T02:22:35.477+0000][1][safepoint    ] Entering safepoint region: Cleanup
[2022-06-13T02:22:35.477+0000][1][safepoint    ] Leaving safepoint region
[2022-06-13T02:22:35.477+0000][1][safepoint    ] Total time for which application threads were stopped: 0.0006737 seconds, Stopping threads took: 0.0002862 seconds
[2022-06-13T02:22:36.478+0000][1][safepoint    ] Application time: 1.0002231 seconds
[2022-06-13T02:22:36.478+0000][1][safepoint    ] Entering safepoint region: Cleanup
[2022-06-13T02:22:36.479+0000][1][safepoint    ] Leaving safepoint region
[2022-06-13T02:22:36.479+0000][1][safepoint    ] Total time for which application threads were stopped: 0.0005602 seconds, Stopping threads took: 0.0002540 seconds
[2022-06-13T02:22:37.456+0000][1][safepoint    ] Application time: 0.9767767 seconds
[2022-06-13T02:22:37.456+0000][1][safepoint    ] Entering safepoint region: GenCollectForAllocation
[2022-06-13T02:22:37.457+0000][1][gc,start     ] GC(26) Pause Young (Allocation Failure)
[2022-06-13T02:22:37.457+0000][1][gc,task      ] GC(26) Using 5 workers of 13 for evacuation
[2022-06-13T02:22:37.460+0000][1][gc,age       ] GC(26) Desired survivor size 4456448 bytes, new threshold 6 (max threshold 6)
[2022-06-13T02:22:37.460+0000][1][gc,age       ] GC(26) Age table with threshold 6 (max threshold 6)
[2022-06-13T02:22:37.461+0000][1][gc,age       ] GC(26) - age   1:      31416 bytes,      31416 total
[2022-06-13T02:22:37.461+0000][1][gc,age       ] GC(26) - age   2:      29984 bytes,      61400 total
[2022-06-13T02:22:37.461+0000][1][gc,age       ] GC(26) - age   3:      32568 bytes,      93968 total
[2022-06-13T02:22:37.462+0000][1][gc,age       ] GC(26) - age   4:      64648 bytes,     158616 total
[2022-06-13T02:22:37.462+0000][1][gc,age       ] GC(26) - age   5:    1335336 bytes,    1493952 total
[2022-06-13T02:22:37.463+0000][1][gc,heap      ] GC(26) ParNew: 72291K->2030K(78656K)
[2022-06-13T02:22:37.463+0000][1][gc,heap      ] GC(26) CMS: 67806K->67806K(174784K)
[2022-06-13T02:22:37.463+0000][1][gc,metaspace ] GC(26) Metaspace: 65274K->65274K(1110016K)
[2022-06-13T02:22:37.464+0000][1][gc           ] GC(26) Pause Young (Allocation Failure) 136M->68M(247M) 6.846ms
[2022-06-13T02:22:37.464+0000][1][gc,cpu       ] GC(26) User=0.00s Sys=0.01s Real=0.01s
[2022-06-13T02:22:37.465+0000][1][safepoint    ] Leaving safepoint region
[2022-06-13T02:22:37.465+0000][1][safepoint    ] Total time for which application threads were stopped: 0.0089294 seconds, Stopping threads took: 0.0005923 seconds
[2022-06-13T02:22:38.466+0000][1][safepoint    ] Application time: 1.0002073 seconds
[2022-06-13T02:22:38.466+0000][1][safepoint    ] Entering safepoint region: Cleanup
[2022-06-13T02:22:38.467+0000][1][safepoint    ] Leaving safepoint region
[2022-06-13T02:22:38.467+0000][1][safepoint    ] Total time for which application threads were stopped: 0.0011243 seconds, Stopping threads took: 0.0005222 seconds
[2022-06-13T02:22:39.468+0000][1][safepoint    ] Application time: 1.0002147 seconds
[2022-06-13T02:22:39.468+0000][1][safepoint    ] Entering safepoint region: Cleanup
[2022-06-13T02:22:39.469+0000][1][safepoint    ] Leaving safepoint region
[2022-06-13T02:22:39.469+0000][1][safepoint    ] Total time for which application threads were stopped: 0.0005326 seconds, Stopping threads took: 0.0002635 seconds
[2022-06-13T02:22:40.470+0000][1][safepoint    ] Application time: 1.0003162 seconds
[2022-06-13T02:22:40.470+0000][1][safepoint    ] Entering safepoint region: Cleanup
[2022-06-13T02:22:40.470+0000][1][safepoint    ] Leaving safepoint region
[2022-06-13T02:22:40.471+0000][1][safepoint    ] Total time for which application threads were stopped: 0.0007212 seconds, Stopping threads took: 0.0003566 seconds
[2022-06-13T02:22:41.471+0000][1][safepoint    ] Application time: 1.0001536 seconds
[2022-06-13T02:22:41.472+0000][1][safepoint    ] Entering safepoint region: Cleanup
[2022-06-13T02:22:41.472+0000][1][safepoint    ] Leaving safepoint region
[2022-06-13T02:22:41.472+0000][1][safepoint    ] Total time for which application threads were stopped: 0.0005799 seconds, Stopping threads took: 0.0002762 seconds
[2022-06-13T02:22:42.473+0000][1][safepoint    ] Application time: 1.0001560 seconds
[2022-06-13T02:22:42.474+0000][1][safepoint    ] Entering safepoint region: Cleanup
[2022-06-13T02:22:42.474+0000][1][safepoint    ] Leaving safepoint region
[2022-06-13T02:22:42.474+0000][1][safepoint    ] Total time for which application threads were stopped: 0.0004519 seconds, Stopping threads took: 0.0002889 seconds
[2022-06-13T02:22:43.474+0000][1][safepoint    ] Application time: 1.0001981 seconds
[2022-06-13T02:22:43.475+0000][1][safepoint    ] Entering safepoint region: Cleanup
[2022-06-13T02:22:43.475+0000][1][safepoint    ] Leaving safepoint region
[2022-06-13T02:22:43.476+0000][1][safepoint    ] Total time for which application threads were stopped: 0.0012110 seconds, Stopping threads took: 0.0005231 seconds
[2022-06-13T02:22:44.476+0000][1][safepoint    ] Application time: 1.0001537 seconds
[2022-06-13T02:22:44.477+0000][1][safepoint    ] Entering safepoint region: Cleanup
[2022-06-13T02:22:44.477+0000][1][safepoint    ] Leaving safepoint region
[2022-06-13T02:22:44.477+0000][1][safepoint    ] Total time for which application threads were stopped: 0.0005130 seconds, Stopping threads took: 0.0002299 seconds
[2022-06-13T02:22:45.478+0000][1][safepoint    ] Application time: 1.0002382 seconds
[2022-06-13T02:22:45.478+0000][1][safepoint    ] Entering safepoint region: Cleanup
[2022-06-13T02:22:45.479+0000][1][safepoint    ] Leaving safepoint region
[2022-06-13T02:22:45.480+0000][1][safepoint    ] Total time for which application threads were stopped: 0.0011375 seconds, Stopping threads took: 0.0004024 seconds
[2022-06-13T02:22:46.480+0000][1][safepoint    ] Application time: 1.0001989 seconds
[2022-06-13T02:22:46.480+0000][1][safepoint    ] Entering safepoint region: Cleanup
[2022-06-13T02:22:46.481+0000][1][safepoint    ] Leaving safepoint region
[2022-06-13T02:22:46.481+0000][1][safepoint    ] Total time for which application threads were stopped: 0.0005821 seconds, Stopping threads took: 0.0002685 seconds
[2022-06-13T02:22:47.482+0000][1][safepoint    ] Application time: 1.0002561 seconds
[2022-06-13T02:22:47.482+0000][1][safepoint    ] Entering safepoint region: Cleanup
[2022-06-13T02:22:47.483+0000][1][safepoint    ] Leaving safepoint region
[2022-06-13T02:22:47.484+0000][1][safepoint    ] Total time for which application threads were stopped: 0.0013690 seconds, Stopping threads took: 0.0006682 seconds
[2022-06-13T02:22:48.484+0000][1][safepoint    ] Application time: 1.0002144 seconds
[2022-06-13T02:22:48.485+0000][1][safepoint    ] Entering safepoint region: Cleanup
[2022-06-13T02:22:48.485+0000][1][safepoint    ] Leaving safepoint region
[2022-06-13T02:22:48.486+0000][1][safepoint    ] Total time for which application threads were stopped: 0.0006558 seconds, Stopping threads took: 0.0003273 seconds
[2022-06-13T02:22:49.486+0000][1][safepoint    ] Application time: 1.0001451 seconds
[2022-06-13T02:22:49.486+0000][1][safepoint    ] Entering safepoint region: Cleanup
[2022-06-13T02:22:49.487+0000][1][safepoint    ] Leaving safepoint region
[2022-06-13T02:22:49.487+0000][1][safepoint    ] Total time for which application threads were stopped: 0.0007070 seconds, Stopping threads took: 0.0003516 seconds
[2022-06-13T02:22:50.488+0000][1][safepoint    ] Application time: 1.0001597 seconds
[2022-06-13T02:22:50.488+0000][1][safepoint    ] Entering safepoint region: Cleanup
[2022-06-13T02:22:50.488+0000][1][safepoint    ] Leaving safepoint region
[2022-06-13T02:22:50.489+0000][1][safepoint    ] Total time for which application threads were stopped: 0.0005722 seconds, Stopping threads took: 0.0002656 seconds
[2022-06-13T02:22:51.489+0000][1][safepoint    ] Application time: 1.0003058 seconds
[2022-06-13T02:22:51.490+0000][1][safepoint    ] Entering safepoint region: Cleanup
[2022-06-13T02:22:51.490+0000][1][safepoint    ] Leaving safepoint region
[2022-06-13T02:22:51.491+0000][1][safepoint    ] Total time for which application threads were stopped: 0.0007287 seconds, Stopping threads took: 0.0003330 seconds
[2022-06-13T02:22:52.491+0000][1][safepoint    ] Application time: 1.0000919 seconds
[2022-06-13T02:22:52.491+0000][1][safepoint    ] Entering safepoint region: Cleanup
[2022-06-13T02:22:52.492+0000][1][safepoint    ] Leaving safepoint region
[2022-06-13T02:22:52.492+0000][1][safepoint    ] Total time for which application threads were stopped: 0.0004964 seconds, Stopping threads took: 0.0002501 seconds
[2022-06-13T02:22:53.492+0000][1][safepoint    ] Application time: 1.0001929 seconds
[2022-06-13T02:22:53.493+0000][1][safepoint    ] Entering safepoint region: Cleanup
[2022-06-13T02:22:53.493+0000][1][safepoint    ] Leaving safepoint region
[2022-06-13T02:22:53.493+0000][1][safepoint    ] Total time for which application threads were stopped: 0.0006333 seconds, Stopping threads took: 0.0002997 seconds
[2022-06-13T02:22:54.494+0000][1][safepoint    ] Application time: 1.0002447 seconds
[2022-06-13T02:22:54.494+0000][1][safepoint    ] Entering safepoint region: Cleanup
[2022-06-13T02:22:54.495+0000][1][safepoint    ] Leaving safepoint region
[2022-06-13T02:22:54.495+0000][1][safepoint    ] Total time for which application threads were stopped: 0.0007869 seconds, Stopping threads took: 0.0003681 seconds
[2022-06-13T02:22:55.496+0000][1][safepoint    ] Application time: 1.0001374 seconds
[2022-06-13T02:22:55.496+0000][1][safepoint    ] Entering safepoint region: Cleanup
[2022-06-13T02:22:55.496+0000][1][safepoint    ] Leaving safepoint region
[2022-06-13T02:22:55.496+0000][1][safepoint    ] Total time for which application threads were stopped: 0.0002650 seconds, Stopping threads took: 0.0001010 seconds
[2022-06-13T02:22:56.497+0000][1][safepoint    ] Application time: 1.0001729 seconds
[2022-06-13T02:22:56.497+0000][1][safepoint    ] Entering safepoint region: Cleanup
[2022-06-13T02:22:56.497+0000][1][safepoint    ] Leaving safepoint region
[2022-06-13T02:22:56.498+0000][1][safepoint    ] Total time for which application threads were stopped: 0.0005992 seconds, Stopping threads took: 0.0002428 seconds
[2022-06-13T02:22:57.498+0000][1][safepoint    ] Application time: 1.0001198 seconds
[2022-06-13T02:22:57.498+0000][1][safepoint    ] Entering safepoint region: Cleanup
[2022-06-13T02:22:57.499+0000][1][safepoint    ] Leaving safepoint region
[2022-06-13T02:22:57.499+0000][1][safepoint    ] Total time for which application threads were stopped: 0.0010481 seconds, Stopping threads took: 0.0005423 seconds
[2022-06-13T02:22:58.500+0000][1][safepoint    ] Application time: 1.0002158 seconds
[2022-06-13T02:22:58.500+0000][1][safepoint    ] Entering safepoint region: Cleanup
[2022-06-13T02:22:58.501+0000][1][safepoint    ] Leaving safepoint region
[2022-06-13T02:22:58.501+0000][1][safepoint    ] Total time for which application threads were stopped: 0.0004889 seconds, Stopping threads took: 0.0002184 seconds
[2022-06-13T02:22:59.501+0000][1][safepoint    ] Application time: 1.0001778 seconds
[2022-06-13T02:22:59.502+0000][1][safepoint    ] Entering safepoint region: Cleanup
[2022-06-13T02:22:59.502+0000][1][safepoint    ] Leaving safepoint region
[2022-06-13T02:22:59.503+0000][1][safepoint    ] Total time for which application threads were stopped: 0.0008883 seconds, Stopping threads took: 0.0004156 seconds
[2022-06-13T02:23:00.503+0000][1][safepoint    ] Application time: 1.0002105 seconds
[2022-06-13T02:23:00.504+0000][1][safepoint    ] Entering safepoint region: Cleanup
[2022-06-13T02:23:00.504+0000][1][safepoint    ] Leaving safepoint region
[2022-06-13T02:23:00.505+0000][1][safepoint    ] Total time for which application threads were stopped: 0.0008500 seconds, Stopping threads took: 0.0005156 seconds
[2022-06-13T02:23:01.505+0000][1][safepoint    ] Application time: 1.0001113 seconds
[2022-06-13T02:23:01.505+0000][1][safepoint    ] Entering safepoint region: Cleanup
[2022-06-13T02:23:01.506+0000][1][safepoint    ] Leaving safepoint region
[2022-06-13T02:23:01.506+0000][1][safepoint    ] Total time for which application threads were stopped: 0.0004500 seconds, Stopping threads took: 0.0001864 seconds
[2022-06-13T02:23:02.506+0000][1][safepoint    ] Application time: 1.0003431 seconds
[2022-06-13T02:23:02.507+0000][1][safepoint    ] Entering safepoint region: Cleanup
[2022-06-13T02:23:02.508+0000][1][safepoint    ] Leaving safepoint region
[2022-06-13T02:23:02.508+0000][1][safepoint    ] Total time for which application threads were stopped: 0.0010164 seconds, Stopping threads took: 0.0004482 seconds
[2022-06-13T02:23:03.509+0000][1][safepoint    ] Application time: 1.0001975 seconds
[2022-06-13T02:23:03.509+0000][1][safepoint    ] Entering safepoint region: Cleanup
[2022-06-13T02:23:03.510+0000][1][safepoint    ] Leaving safepoint region
[2022-06-13T02:23:03.511+0000][1][safepoint    ] Total time for which application threads were stopped: 0.0012217 seconds, Stopping threads took: 0.0005808 seconds
[2022-06-13T02:23:04.511+0000][1][safepoint    ] Application time: 1.0002216 seconds
[2022-06-13T02:23:04.512+0000][1][safepoint    ] Entering safepoint region: Cleanup
[2022-06-13T02:23:04.512+0000][1][safepoint    ] Leaving safepoint region
[2022-06-13T02:23:04.512+0000][1][safepoint    ] Total time for which application threads were stopped: 0.0005588 seconds, Stopping threads took: 0.0002267 seconds
[2022-06-13T02:23:05.513+0000][1][safepoint    ] Application time: 1.0001848 seconds
[2022-06-13T02:23:05.513+0000][1][safepoint    ] Entering safepoint region: Cleanup
[2022-06-13T02:23:05.514+0000][1][safepoint    ] Leaving safepoint region
[2022-06-13T02:23:05.515+0000][1][safepoint    ] Total time for which application threads were stopped: 0.0012795 seconds, Stopping threads took: 0.0006317 seconds
[2022-06-13T02:23:06.515+0000][1][safepoint    ] Application time: 1.0002017 seconds
[2022-06-13T02:23:06.516+0000][1][safepoint    ] Entering safepoint region: Cleanup
[2022-06-13T02:23:06.516+0000][1][safepoint    ] Leaving safepoint region
[2022-06-13T02:23:06.516+0000][1][safepoint    ] Total time for which application threads were stopped: 0.0006624 seconds, Stopping threads took: 0.0002974 seconds
[2022-06-13T02:23:08.486+0000][1][safepoint    ] Application time: 1.9693472 seconds
[2022-06-13T02:23:08.487+0000][1][safepoint    ] Entering safepoint region: Cleanup
[2022-06-13T02:23:08.488+0000][1][safepoint    ] Leaving safepoint region
[2022-06-13T02:23:08.488+0000][1][safepoint    ] Total time for which application threads were stopped: 0.0015318 seconds, Stopping threads took: 0.0008724 seconds
[2022-06-13T02:23:09.489+0000][1][safepoint    ] Application time: 1.0002712 seconds
[2022-06-13T02:23:09.489+0000][1][safepoint    ] Entering safepoint region: Cleanup
[2022-06-13T02:23:09.490+0000][1][safepoint    ] Leaving safepoint region
[2022-06-13T02:23:09.490+0000][1][safepoint    ] Total time for which application threads were stopped: 0.0005934 seconds, Stopping threads took: 0.0003451 seconds
[2022-06-13T02:23:10.490+0000][1][safepoint    ] Application time: 1.0001984 seconds
[2022-06-13T02:23:10.491+0000][1][safepoint    ] Entering safepoint region: Cleanup
[2022-06-13T02:23:10.491+0000][1][safepoint    ] Leaving safepoint region
[2022-06-13T02:23:10.492+0000][1][safepoint    ] Total time for which application threads were stopped: 0.0008141 seconds, Stopping threads took: 0.0004128 seconds
[2022-06-13T02:23:11.492+0000][1][safepoint    ] Application time: 1.0001301 seconds
[2022-06-13T02:23:11.492+0000][1][safepoint    ] Entering safepoint region: Cleanup
[2022-06-13T02:23:11.493+0000][1][safepoint    ] Leaving safepoint region
[2022-06-13T02:23:11.493+0000][1][safepoint    ] Total time for which application threads were stopped: 0.0005975 seconds, Stopping threads took: 0.0002422 seconds
[2022-06-13T02:23:12.493+0000][1][safepoint    ] Application time: 1.0002087 seconds
[2022-06-13T02:23:12.494+0000][1][safepoint    ] Entering safepoint region: Cleanup
[2022-06-13T02:23:12.494+0000][1][safepoint    ] Leaving safepoint region
[2022-06-13T02:23:12.494+0000][1][safepoint    ] Total time for which application threads were stopped: 0.0005916 seconds, Stopping threads took: 0.0002955 seconds
[2022-06-13T02:23:13.495+0000][1][safepoint    ] Application time: 1.0001928 seconds
[2022-06-13T02:23:13.496+0000][1][safepoint    ] Entering safepoint region: Cleanup
[2022-06-13T02:23:13.496+0000][1][safepoint    ] Leaving safepoint region
[2022-06-13T02:23:13.496+0000][1][safepoint    ] Total time for which application threads were stopped: 0.0006728 seconds, Stopping threads took: 0.0002346 seconds
[2022-06-13T02:23:14.497+0000][1][safepoint    ] Application time: 1.0001197 seconds
[2022-06-13T02:23:14.497+0000][1][safepoint    ] Entering safepoint region: Cleanup
[2022-06-13T02:23:14.498+0000][1][safepoint    ] Leaving safepoint region
[2022-06-13T02:23:14.498+0000][1][safepoint    ] Total time for which application threads were stopped: 0.0007615 seconds, Stopping threads took: 0.0003245 seconds
[2022-06-13T02:23:15.499+0000][1][safepoint    ] Application time: 1.0003125 seconds
[2022-06-13T02:23:15.499+0000][1][safepoint    ] Entering safepoint region: Cleanup
[2022-06-13T02:23:15.500+0000][1][safepoint    ] Leaving safepoint region
[2022-06-13T02:23:15.500+0000][1][safepoint    ] Total time for which application threads were stopped: 0.0006486 seconds, Stopping threads took: 0.0003031 seconds
[2022-06-13T02:23:16.500+0000][1][safepoint    ] Application time: 1.0001872 seconds
[2022-06-13T02:23:16.501+0000][1][safepoint    ] Entering safepoint region: Cleanup
[2022-06-13T02:23:16.501+0000][1][safepoint    ] Leaving safepoint region
[2022-06-13T02:23:16.502+0000][1][safepoint    ] Total time for which application threads were stopped: 0.0009633 seconds, Stopping threads took: 0.0003558 seconds
[2022-06-13T02:23:17.503+0000][1][safepoint    ] Application time: 1.0002148 seconds
[2022-06-13T02:23:17.503+0000][1][safepoint    ] Entering safepoint region: Cleanup
[2022-06-13T02:23:17.504+0000][1][safepoint    ] Leaving safepoint region
[2022-06-13T02:23:17.504+0000][1][safepoint    ] Total time for which application threads were stopped: 0.0007495 seconds, Stopping threads took: 0.0003327 seconds
[2022-06-13T02:23:18.504+0000][1][safepoint    ] Application time: 1.0001057 seconds
[2022-06-13T02:23:18.505+0000][1][safepoint    ] Entering safepoint region: Cleanup
[2022-06-13T02:23:18.505+0000][1][safepoint    ] Leaving safepoint region
[2022-06-13T02:23:18.505+0000][1][safepoint    ] Total time for which application threads were stopped: 0.0003789 seconds, Stopping threads took: 0.0001594 seconds
[2022-06-13T02:23:19.505+0000][1][safepoint    ] Application time: 1.0002031 seconds
[2022-06-13T02:23:19.506+0000][1][safepoint    ] Entering safepoint region: Cleanup
[2022-06-13T02:23:19.506+0000][1][safepoint    ] Leaving safepoint region
[2022-06-13T02:23:19.507+0000][1][safepoint    ] Total time for which application threads were stopped: 0.0009826 seconds, Stopping threads took: 0.0005141 seconds
[2022-06-13T02:23:20.507+0000][1][safepoint    ] Application time: 1.0002475 seconds
[2022-06-13T02:23:20.508+0000][1][safepoint    ] Entering safepoint region: Cleanup
[2022-06-13T02:23:20.508+0000][1][safepoint    ] Leaving safepoint region
[2022-06-13T02:23:20.508+0000][1][safepoint    ] Total time for which application threads were stopped: 0.0007583 seconds, Stopping threads took: 0.0003322 seconds
[2022-06-13T02:23:21.509+0000][1][safepoint    ] Application time: 1.0002311 seconds
[2022-06-13T02:23:21.509+0000][1][safepoint    ] Entering safepoint region: Cleanup
[2022-06-13T02:23:21.510+0000][1][safepoint    ] Leaving safepoint region
[2022-06-13T02:23:21.510+0000][1][safepoint    ] Total time for which application threads were stopped: 0.0008272 seconds, Stopping threads took: 0.0003450 seconds
[2022-06-13T02:23:22.511+0000][1][safepoint    ] Application time: 1.0001932 seconds
[2022-06-13T02:23:22.511+0000][1][safepoint    ] Entering safepoint region: Cleanup
[2022-06-13T02:23:22.511+0000][1][safepoint    ] Leaving safepoint region
[2022-06-13T02:23:22.512+0000][1][safepoint    ] Total time for which application threads were stopped: 0.0005868 seconds, Stopping threads took: 0.0002293 seconds
[2022-06-13T02:23:23.512+0000][1][safepoint    ] Application time: 1.0001079 seconds
[2022-06-13T02:23:23.512+0000][1][safepoint    ] Entering safepoint region: Cleanup
[2022-06-13T02:23:23.513+0000][1][safepoint    ] Leaving safepoint region
[2022-06-13T02:23:23.513+0000][1][safepoint    ] Total time for which application threads were stopped: 0.0006208 seconds, Stopping threads took: 0.0002560 seconds
[2022-06-13T02:23:24.513+0000][1][safepoint    ] Application time: 1.0002236 seconds
[2022-06-13T02:23:24.514+0000][1][safepoint    ] Entering safepoint region: Cleanup
[2022-06-13T02:23:24.516+0000][1][safepoint    ] Leaving safepoint region
[2022-06-13T02:23:24.516+0000][1][safepoint    ] Total time for which application threads were stopped: 0.0022321 seconds, Stopping threads took: 0.0012858 seconds
[2022-06-13T02:23:25.517+0000][1][safepoint    ] Application time: 1.0002696 seconds
[2022-06-13T02:23:25.518+0000][1][safepoint    ] Entering safepoint region: Cleanup
[2022-06-13T02:23:25.519+0000][1][safepoint    ] Leaving safepoint region
[2022-06-13T02:23:25.519+0000][1][safepoint    ] Total time for which application threads were stopped: 0.0010227 seconds, Stopping threads took: 0.0004101 seconds
[2022-06-13T02:23:26.520+0000][1][safepoint    ] Application time: 1.0001654 seconds
[2022-06-13T02:23:26.520+0000][1][safepoint    ] Entering safepoint region: Cleanup
[2022-06-13T02:23:26.520+0000][1][safepoint    ] Leaving safepoint region
[2022-06-13T02:23:26.520+0000][1][safepoint    ] Total time for which application threads were stopped: 0.0004916 seconds, Stopping threads took: 0.0002116 seconds
[2022-06-13T02:23:27.521+0000][1][safepoint    ] Application time: 1.0001519 seconds
[2022-06-13T02:23:27.521+0000][1][safepoint    ] Entering safepoint region: Cleanup
[2022-06-13T02:23:27.521+0000][1][safepoint    ] Leaving safepoint region
[2022-06-13T02:23:27.521+0000][1][safepoint    ] Total time for which application threads were stopped: 0.0004876 seconds, Stopping threads took: 0.0002232 seconds
[2022-06-13T02:23:28.522+0000][1][safepoint    ] Application time: 1.0001044 seconds
[2022-06-13T02:23:28.522+0000][1][safepoint    ] Entering safepoint region: Cleanup
[2022-06-13T02:23:28.522+0000][1][safepoint    ] Leaving safepoint region
[2022-06-13T02:23:28.523+0000][1][safepoint    ] Total time for which application threads were stopped: 0.0005693 seconds, Stopping threads took: 0.0002989 seconds
[2022-06-13T02:23:29.523+0000][1][safepoint    ] Application time: 1.0001265 seconds
[2022-06-13T02:23:29.523+0000][1][safepoint    ] Entering safepoint region: Cleanup
[2022-06-13T02:23:29.524+0000][1][safepoint    ] Leaving safepoint region
[2022-06-13T02:23:29.524+0000][1][safepoint    ] Total time for which application threads were stopped: 0.0004515 seconds, Stopping threads took: 0.0002096 seconds
[2022-06-13T02:23:30.524+0000][1][safepoint    ] Application time: 1.0001152 seconds
[2022-06-13T02:23:30.525+0000][1][safepoint    ] Entering safepoint region: Cleanup
[2022-06-13T02:23:30.525+0000][1][safepoint    ] Leaving safepoint region
[2022-06-13T02:23:30.525+0000][1][safepoint    ] Total time for which application threads were stopped: 0.0006361 seconds, Stopping threads took: 0.0002833 seconds
[2022-06-13T02:23:31.526+0000][1][safepoint    ] Application time: 1.0002106 seconds
[2022-06-13T02:23:31.526+0000][1][safepoint    ] Entering safepoint region: Cleanup
[2022-06-13T02:23:31.527+0000][1][safepoint    ] Leaving safepoint region
[2022-06-13T02:23:31.527+0000][1][safepoint    ] Total time for which application threads were stopped: 0.0010517 seconds, Stopping threads took: 0.0004944 seconds
[2022-06-13T02:23:32.528+0000][1][safepoint    ] Application time: 1.0001504 seconds
[2022-06-13T02:23:32.529+0000][1][safepoint    ] Entering safepoint region: Cleanup
[2022-06-13T02:23:32.529+0000][1][safepoint    ] Leaving safepoint region
[2022-06-13T02:23:32.529+0000][1][safepoint    ] Total time for which application threads were stopped: 0.0008066 seconds, Stopping threads took: 0.0003351 seconds
[2022-06-13T02:23:33.530+0000][1][safepoint    ] Application time: 1.0001118 seconds
[2022-06-13T02:23:33.530+0000][1][safepoint    ] Entering safepoint region: Cleanup
[2022-06-13T02:23:33.531+0000][1][safepoint    ] Leaving safepoint region
[2022-06-13T02:23:33.531+0000][1][safepoint    ] Total time for which application threads were stopped: 0.0007888 seconds, Stopping threads took: 0.0003658 seconds
[2022-06-13T02:23:34.532+0000][1][safepoint    ] Application time: 1.0001872 seconds
[2022-06-13T02:23:34.532+0000][1][safepoint    ] Entering safepoint region: Cleanup
[2022-06-13T02:23:34.532+0000][1][safepoint    ] Leaving safepoint region
[2022-06-13T02:23:34.533+0000][1][safepoint    ] Total time for which application threads were stopped: 0.0007168 seconds, Stopping threads took: 0.0003077 seconds
[2022-06-13T02:23:35.533+0000][1][safepoint    ] Application time: 1.0002227 seconds
[2022-06-13T02:23:35.534+0000][1][safepoint    ] Entering safepoint region: Cleanup
[2022-06-13T02:23:35.534+0000][1][safepoint    ] Leaving safepoint region
[2022-06-13T02:23:35.535+0000][1][safepoint    ] Total time for which application threads were stopped: 0.0009404 seconds, Stopping threads took: 0.0004120 seconds
[2022-06-13T02:23:36.535+0000][1][safepoint    ] Application time: 1.0001759 seconds
[2022-06-13T02:23:36.536+0000][1][safepoint    ] Entering safepoint region: Cleanup
[2022-06-13T02:23:36.536+0000][1][safepoint    ] Leaving safepoint region
[2022-06-13T02:23:36.536+0000][1][safepoint    ] Total time for which application threads were stopped: 0.0007427 seconds, Stopping threads took: 0.0003380 seconds
[2022-06-13T02:23:37.537+0000][1][safepoint    ] Application time: 1.0002607 seconds
[2022-06-13T02:23:37.538+0000][1][safepoint    ] Entering safepoint region: Cleanup
[2022-06-13T02:23:37.538+0000][1][safepoint    ] Leaving safepoint region
[2022-06-13T02:23:37.538+0000][1][safepoint    ] Total time for which application threads were stopped: 0.0009489 seconds, Stopping threads took: 0.0004844 seconds
[2022-06-13T02:23:38.539+0000][1][safepoint    ] Application time: 1.0002107 seconds
[2022-06-13T02:23:38.539+0000][1][safepoint    ] Entering safepoint region: Cleanup
[2022-06-13T02:23:38.540+0000][1][safepoint    ] Leaving safepoint region
[2022-06-13T02:23:38.540+0000][1][safepoint    ] Total time for which application threads were stopped: 0.0005081 seconds, Stopping threads took: 0.0002142 seconds
[2022-06-13T02:23:39.540+0000][1][safepoint    ] Application time: 1.0002651 seconds
[2022-06-13T02:23:39.541+0000][1][safepoint    ] Entering safepoint region: Cleanup
[2022-06-13T02:23:39.542+0000][1][safepoint    ] Leaving safepoint region
[2022-06-13T02:23:39.543+0000][1][safepoint    ] Total time for which application threads were stopped: 0.0015204 seconds, Stopping threads took: 0.0006574 seconds
[2022-06-13T02:23:40.544+0000][1][safepoint    ] Application time: 1.0002029 seconds
[2022-06-13T02:23:40.544+0000][1][safepoint    ] Entering safepoint region: Cleanup
[2022-06-13T02:23:40.545+0000][1][safepoint    ] Leaving safepoint region
[2022-06-13T02:23:40.545+0000][1][safepoint    ] Total time for which application threads were stopped: 0.0011219 seconds, Stopping threads took: 0.0005197 seconds
[2022-06-13T02:23:41.546+0000][1][safepoint    ] Application time: 1.0003156 seconds
[2022-06-13T02:23:41.547+0000][1][safepoint    ] Entering safepoint region: Cleanup
[2022-06-13T02:23:41.547+0000][1][safepoint    ] Leaving safepoint region
[2022-06-13T02:23:41.548+0000][1][safepoint    ] Total time for which application threads were stopped: 0.0011258 seconds, Stopping threads took: 0.0004771 seconds
[2022-06-13T02:23:42.549+0000][1][safepoint    ] Application time: 1.0001851 seconds
[2022-06-13T02:23:42.549+0000][1][safepoint    ] Entering safepoint region: Cleanup
[2022-06-13T02:23:42.550+0000][1][safepoint    ] Leaving safepoint region
[2022-06-13T02:23:42.550+0000][1][safepoint    ] Total time for which application threads were stopped: 0.0007144 seconds, Stopping threads took: 0.0003417 seconds
[2022-06-13T02:23:43.551+0000][1][safepoint    ] Application time: 1.0001477 seconds
[2022-06-13T02:23:43.551+0000][1][safepoint    ] Entering safepoint region: Cleanup
[2022-06-13T02:23:43.552+0000][1][safepoint    ] Leaving safepoint region
[2022-06-13T02:23:43.552+0000][1][safepoint    ] Total time for which application threads were stopped: 0.0008356 seconds, Stopping threads took: 0.0004074 seconds
[2022-06-13T02:23:44.553+0000][1][safepoint    ] Application time: 1.0002414 seconds
[2022-06-13T02:23:44.553+0000][1][safepoint    ] Entering safepoint region: Cleanup
[2022-06-13T02:23:44.554+0000][1][safepoint    ] Leaving safepoint region
[2022-06-13T02:23:44.554+0000][1][safepoint    ] Total time for which application threads were stopped: 0.0008023 seconds, Stopping threads took: 0.0004508 seconds
[2022-06-13T02:23:45.555+0000][1][safepoint    ] Application time: 1.0001763 seconds
[2022-06-13T02:23:45.555+0000][1][safepoint    ] Entering safepoint region: Cleanup
[2022-06-13T02:23:45.556+0000][1][safepoint    ] Leaving safepoint region
[2022-06-13T02:23:45.556+0000][1][safepoint    ] Total time for which application threads were stopped: 0.0008019 seconds, Stopping threads took: 0.0003800 seconds
[2022-06-13T02:23:46.556+0000][1][safepoint    ] Application time: 1.0001521 seconds
[2022-06-13T02:23:46.557+0000][1][safepoint    ] Entering safepoint region: Cleanup
[2022-06-13T02:23:46.557+0000][1][safepoint    ] Leaving safepoint region
[2022-06-13T02:23:46.558+0000][1][safepoint    ] Total time for which application threads were stopped: 0.0008182 seconds, Stopping threads took: 0.0003581 seconds
[2022-06-13T02:23:47.558+0000][1][safepoint    ] Application time: 1.0003243 seconds
[2022-06-13T02:23:47.559+0000][1][safepoint    ] Entering safepoint region: Cleanup
[2022-06-13T02:23:47.560+0000][1][safepoint    ] Leaving safepoint region
[2022-06-13T02:23:47.560+0000][1][safepoint    ] Total time for which application threads were stopped: 0.0010232 seconds, Stopping threads took: 0.0004479 seconds
[2022-06-13T02:23:48.561+0000][1][safepoint    ] Application time: 1.0001179 seconds
[2022-06-13T02:23:48.561+0000][1][safepoint    ] Entering safepoint region: Cleanup
[2022-06-13T02:23:48.561+0000][1][safepoint    ] Leaving safepoint region
[2022-06-13T02:23:48.561+0000][1][safepoint    ] Total time for which application threads were stopped: 0.0003948 seconds, Stopping threads took: 0.0001824 seconds
[2022-06-13T02:23:49.562+0000][1][safepoint    ] Application time: 1.0001650 seconds
[2022-06-13T02:23:49.562+0000][1][safepoint    ] Entering safepoint region: Cleanup
[2022-06-13T02:23:49.563+0000][1][safepoint    ] Leaving safepoint region
[2022-06-13T02:23:49.563+0000][1][safepoint    ] Total time for which application threads were stopped: 0.0010582 seconds, Stopping threads took: 0.0005173 seconds
[2022-06-13T02:23:50.564+0000][1][safepoint    ] Application time: 1.0004214 seconds
[2022-06-13T02:23:50.564+0000][1][safepoint    ] Entering safepoint region: Cleanup
[2022-06-13T02:23:50.565+0000][1][safepoint    ] Leaving safepoint region
[2022-06-13T02:23:50.565+0000][1][safepoint    ] Total time for which application threads were stopped: 0.0009725 seconds, Stopping threads took: 0.0004203 seconds
[2022-06-13T02:23:51.566+0000][1][safepoint    ] Application time: 1.0002338 seconds
[2022-06-13T02:23:51.567+0000][1][safepoint    ] Entering safepoint region: Cleanup
[2022-06-13T02:23:51.567+0000][1][safepoint    ] Leaving safepoint region
[2022-06-13T02:23:51.567+0000][1][safepoint    ] Total time for which application threads were stopped: 0.0008467 seconds, Stopping threads took: 0.0003996 seconds
[2022-06-13T02:23:52.568+0000][1][safepoint    ] Application time: 1.0001993 seconds
[2022-06-13T02:23:52.569+0000][1][safepoint    ] Entering safepoint region: Cleanup
[2022-06-13T02:23:52.569+0000][1][safepoint    ] Leaving safepoint region
[2022-06-13T02:23:52.570+0000][1][safepoint    ] Total time for which application threads were stopped: 0.0010889 seconds, Stopping threads took: 0.0004180 seconds
[2022-06-13T02:23:53.570+0000][1][safepoint    ] Application time: 1.0001702 seconds
[2022-06-13T02:23:53.571+0000][1][safepoint    ] Entering safepoint region: Cleanup
[2022-06-13T02:23:53.571+0000][1][safepoint    ] Leaving safepoint region
[2022-06-13T02:23:53.572+0000][1][safepoint    ] Total time for which application threads were stopped: 0.0008446 seconds, Stopping threads took: 0.0003751 seconds
[2022-06-13T02:23:54.573+0000][1][safepoint    ] Application time: 1.0001681 seconds
[2022-06-13T02:23:54.573+0000][1][safepoint    ] Entering safepoint region: Cleanup
[2022-06-13T02:23:54.573+0000][1][safepoint    ] Leaving safepoint region
[2022-06-13T02:23:54.574+0000][1][safepoint    ] Total time for which application threads were stopped: 0.0008081 seconds, Stopping threads took: 0.0003784 seconds
[2022-06-13T02:23:55.574+0000][1][safepoint    ] Application time: 1.0002671 seconds
[2022-06-13T02:23:55.575+0000][1][safepoint    ] Entering safepoint region: Cleanup
[2022-06-13T02:23:55.575+0000][1][safepoint    ] Leaving safepoint region
[2022-06-13T02:23:55.576+0000][1][safepoint    ] Total time for which application threads were stopped: 0.0007567 seconds, Stopping threads took: 0.0003952 seconds
[2022-06-13T02:23:56.576+0000][1][safepoint    ] Application time: 1.0002267 seconds
[2022-06-13T02:23:56.577+0000][1][safepoint    ] Entering safepoint region: Cleanup
[2022-06-13T02:23:56.577+0000][1][safepoint    ] Leaving safepoint region
[2022-06-13T02:23:56.578+0000][1][safepoint    ] Total time for which application threads were stopped: 0.0009701 seconds, Stopping threads took: 0.0004294 seconds
[2022-06-13T02:23:57.579+0000][1][safepoint    ] Application time: 1.0003038 seconds
[2022-06-13T02:23:57.579+0000][1][safepoint    ] Entering safepoint region: Cleanup
[2022-06-13T02:23:57.580+0000][1][safepoint    ] Leaving safepoint region
[2022-06-13T02:23:57.580+0000][1][safepoint    ] Total time for which application threads were stopped: 0.0010046 seconds, Stopping threads took: 0.0004755 seconds
[2022-06-13T02:23:58.581+0000][1][safepoint    ] Application time: 1.0001252 seconds
[2022-06-13T02:23:58.581+0000][1][safepoint    ] Entering safepoint region: Cleanup
[2022-06-13T02:23:58.582+0000][1][safepoint    ] Leaving safepoint region
[2022-06-13T02:23:58.582+0000][1][safepoint    ] Total time for which application threads were stopped: 0.0011829 seconds, Stopping threads took: 0.0006475 seconds
[2022-06-13T02:23:59.583+0000][1][safepoint    ] Application time: 1.0002699 seconds
[2022-06-13T02:23:59.584+0000][1][safepoint    ] Entering safepoint region: Cleanup
[2022-06-13T02:23:59.584+0000][1][safepoint    ] Leaving safepoint region
[2022-06-13T02:23:59.585+0000][1][safepoint    ] Total time for which application threads were stopped: 0.0009864 seconds, Stopping threads took: 0.0004868 seconds
[2022-06-13T02:24:00.585+0000][1][safepoint    ] Application time: 1.0002278 seconds
[2022-06-13T02:24:00.586+0000][1][safepoint    ] Entering safepoint region: Cleanup
[2022-06-13T02:24:00.586+0000][1][safepoint    ] Leaving safepoint region
[2022-06-13T02:24:00.586+0000][1][safepoint    ] Total time for which application threads were stopped: 0.0007160 seconds, Stopping threads took: 0.0002517 seconds
[2022-06-13T02:24:01.587+0000][1][safepoint    ] Application time: 1.0002724 seconds
[2022-06-13T02:24:01.588+0000][1][safepoint    ] Entering safepoint region: Cleanup
[2022-06-13T02:24:01.588+0000][1][safepoint    ] Leaving safepoint region
[2022-06-13T02:24:01.589+0000][1][safepoint    ] Total time for which application threads were stopped: 0.0010186 seconds, Stopping threads took: 0.0004813 seconds
[2022-06-13T02:24:02.589+0000][1][safepoint    ] Application time: 1.0002051 seconds
[2022-06-13T02:24:02.590+0000][1][safepoint    ] Entering safepoint region: Cleanup
[2022-06-13T02:24:02.590+0000][1][safepoint    ] Leaving safepoint region
[2022-06-13T02:24:02.591+0000][1][safepoint    ] Total time for which application threads were stopped: 0.0009475 seconds, Stopping threads took: 0.0004315 seconds
[2022-06-13T02:24:03.592+0000][1][safepoint    ] Application time: 1.0001963 seconds
[2022-06-13T02:24:03.592+0000][1][safepoint    ] Entering safepoint region: Cleanup
[2022-06-13T02:24:03.592+0000][1][safepoint    ] Leaving safepoint region
[2022-06-13T02:24:03.593+0000][1][safepoint    ] Total time for which application threads were stopped: 0.0007767 seconds, Stopping threads took: 0.0003449 seconds
[2022-06-13T02:24:05.517+0000][1][safepoint    ] Application time: 1.9244540 seconds
[2022-06-13T02:24:05.518+0000][1][safepoint    ] Entering safepoint region: Cleanup
[2022-06-13T02:24:05.518+0000][1][safepoint    ] Leaving safepoint region
[2022-06-13T02:24:05.518+0000][1][safepoint    ] Total time for which application threads were stopped: 0.0005531 seconds, Stopping threads took: 0.0002487 seconds
[2022-06-13T02:24:06.519+0000][1][safepoint    ] Application time: 1.0001044 seconds
[2022-06-13T02:24:06.519+0000][1][safepoint    ] Entering safepoint region: Cleanup
[2022-06-13T02:24:06.519+0000][1][safepoint    ] Leaving safepoint region
[2022-06-13T02:24:06.520+0000][1][safepoint    ] Total time for which application threads were stopped: 0.0005653 seconds, Stopping threads took: 0.0003028 seconds
[2022-06-13T02:24:07.520+0000][1][safepoint    ] Application time: 1.0001037 seconds
[2022-06-13T02:24:07.520+0000][1][safepoint    ] Entering safepoint region: Cleanup
[2022-06-13T02:24:07.521+0000][1][safepoint    ] Leaving safepoint region
[2022-06-13T02:24:07.521+0000][1][safepoint    ] Total time for which application threads were stopped: 0.0009661 seconds, Stopping threads took: 0.0004400 seconds
[2022-06-13T02:24:08.522+0000][1][safepoint    ] Application time: 1.0001251 seconds
[2022-06-13T02:24:08.522+0000][1][safepoint    ] Entering safepoint region: Cleanup
[2022-06-13T02:24:08.523+0000][1][safepoint    ] Leaving safepoint region
[2022-06-13T02:24:08.523+0000][1][safepoint    ] Total time for which application threads were stopped: 0.0007526 seconds, Stopping threads took: 0.0003545 seconds
[2022-06-13T02:24:09.524+0000][1][safepoint    ] Application time: 1.0001873 seconds
[2022-06-13T02:24:09.524+0000][1][safepoint    ] Entering safepoint region: Cleanup
[2022-06-13T02:24:09.524+0000][1][safepoint    ] Leaving safepoint region
[2022-06-13T02:24:09.525+0000][1][safepoint    ] Total time for which application threads were stopped: 0.0008153 seconds, Stopping threads took: 0.0003951 seconds
[2022-06-13T02:24:10.525+0000][1][safepoint    ] Application time: 1.0001767 seconds
[2022-06-13T02:24:10.526+0000][1][safepoint    ] Entering safepoint region: Cleanup
[2022-06-13T02:24:10.526+0000][1][safepoint    ] Leaving safepoint region
[2022-06-13T02:24:10.526+0000][1][safepoint    ] Total time for which application threads were stopped: 0.0003870 seconds, Stopping threads took: 0.0001733 seconds
[2022-06-13T02:24:11.526+0000][1][safepoint    ] Application time: 1.0002305 seconds
[2022-06-13T02:24:11.527+0000][1][safepoint    ] Entering safepoint region: Cleanup
[2022-06-13T02:24:11.528+0000][1][safepoint    ] Leaving safepoint region
[2022-06-13T02:24:11.529+0000][1][safepoint    ] Total time for which application threads were stopped: 0.0012825 seconds, Stopping threads took: 0.0005748 seconds
[2022-06-13T02:24:12.529+0000][1][safepoint    ] Application time: 1.0003959 seconds
[2022-06-13T02:24:12.530+0000][1][safepoint    ] Entering safepoint region: Cleanup
[2022-06-13T02:24:12.531+0000][1][safepoint    ] Leaving safepoint region
[2022-06-13T02:24:12.531+0000][1][safepoint    ] Total time for which application threads were stopped: 0.0008724 seconds, Stopping threads took: 0.0004239 seconds
[2022-06-13T02:24:13.532+0000][1][safepoint    ] Application time: 1.0002304 seconds
[2022-06-13T02:24:13.532+0000][1][safepoint    ] Entering safepoint region: Cleanup
[2022-06-13T02:24:13.533+0000][1][safepoint    ] Leaving safepoint region
[2022-06-13T02:24:13.533+0000][1][safepoint    ] Total time for which application threads were stopped: 0.0009931 seconds, Stopping threads took: 0.0005426 seconds
[2022-06-13T02:24:14.534+0000][1][safepoint    ] Application time: 1.0001129 seconds
[2022-06-13T02:24:14.534+0000][1][safepoint    ] Entering safepoint region: Cleanup
[2022-06-13T02:24:14.534+0000][1][safepoint    ] Leaving safepoint region
[2022-06-13T02:24:14.535+0000][1][safepoint    ] Total time for which application threads were stopped: 0.0005541 seconds, Stopping threads took: 0.0002930 seconds
[2022-06-13T02:24:15.535+0000][1][safepoint    ] Application time: 1.0001839 seconds
[2022-06-13T02:24:15.536+0000][1][safepoint    ] Entering safepoint region: Cleanup
[2022-06-13T02:24:15.536+0000][1][safepoint    ] Leaving safepoint region
[2022-06-13T02:24:15.537+0000][1][safepoint    ] Total time for which application threads were stopped: 0.0009239 seconds, Stopping threads took: 0.0004687 seconds
[2022-06-13T02:24:16.537+0000][1][safepoint    ] Application time: 1.0002512 seconds
[2022-06-13T02:24:16.538+0000][1][safepoint    ] Entering safepoint region: Cleanup
[2022-06-13T02:24:16.538+0000][1][safepoint    ] Leaving safepoint region
[2022-06-13T02:24:16.538+0000][1][safepoint    ] Total time for which application threads were stopped: 0.0005454 seconds, Stopping threads took: 0.0003533 seconds
[2022-06-13T02:24:17.539+0000][1][safepoint    ] Application time: 1.0001524 seconds
[2022-06-13T02:24:17.539+0000][1][safepoint    ] Entering safepoint region: Cleanup
[2022-06-13T02:24:17.540+0000][1][safepoint    ] Leaving safepoint region
[2022-06-13T02:24:17.540+0000][1][safepoint    ] Total time for which application threads were stopped: 0.0007113 seconds, Stopping threads took: 0.0003106 seconds
[2022-06-13T02:24:18.540+0000][1][safepoint    ] Application time: 1.0001227 seconds
[2022-06-13T02:24:18.541+0000][1][safepoint    ] Entering safepoint region: Cleanup
[2022-06-13T02:24:18.541+0000][1][safepoint    ] Leaving safepoint region
[2022-06-13T02:24:18.542+0000][1][safepoint    ] Total time for which application threads were stopped: 0.0009602 seconds, Stopping threads took: 0.0003997 seconds
[2022-06-13T02:24:19.542+0000][1][safepoint    ] Application time: 1.0001042 seconds
[2022-06-13T02:24:19.543+0000][1][safepoint    ] Entering safepoint region: Cleanup
[2022-06-13T02:24:19.543+0000][1][safepoint    ] Leaving safepoint region
[2022-06-13T02:24:19.543+0000][1][safepoint    ] Total time for which application threads were stopped: 0.0007815 seconds, Stopping threads took: 0.0003515 seconds
[2022-06-13T02:24:20.544+0000][1][safepoint    ] Application time: 1.0000973 seconds
[2022-06-13T02:24:20.544+0000][1][safepoint    ] Entering safepoint region: Cleanup
[2022-06-13T02:24:20.544+0000][1][safepoint    ] Leaving safepoint region
[2022-06-13T02:24:20.544+0000][1][safepoint    ] Total time for which application threads were stopped: 0.0004468 seconds, Stopping threads took: 0.0002261 seconds
[2022-06-13T02:24:21.545+0000][1][safepoint    ] Application time: 1.0002156 seconds
[2022-06-13T02:24:21.545+0000][1][safepoint    ] Entering safepoint region: Cleanup
[2022-06-13T02:24:21.546+0000][1][safepoint    ] Leaving safepoint region
[2022-06-13T02:24:21.546+0000][1][safepoint    ] Total time for which application threads were stopped: 0.0008377 seconds, Stopping threads took: 0.0003853 seconds
[2022-06-13T02:24:22.547+0000][1][safepoint    ] Application time: 1.0002610 seconds
[2022-06-13T02:24:22.548+0000][1][safepoint    ] Entering safepoint region: Cleanup
[2022-06-13T02:24:22.548+0000][1][safepoint    ] Leaving safepoint region
[2022-06-13T02:24:22.548+0000][1][safepoint    ] Total time for which application threads were stopped: 0.0008789 seconds, Stopping threads took: 0.0004167 seconds
[2022-06-13T02:24:23.549+0000][1][safepoint    ] Application time: 1.0001986 seconds
[2022-06-13T02:24:23.549+0000][1][safepoint    ] Entering safepoint region: Cleanup
[2022-06-13T02:24:23.550+0000][1][safepoint    ] Leaving safepoint region
[2022-06-13T02:24:23.550+0000][1][safepoint    ] Total time for which application threads were stopped: 0.0006103 seconds, Stopping threads took: 0.0003336 seconds
[2022-06-13T02:24:24.550+0000][1][safepoint    ] Application time: 1.0001149 seconds
[2022-06-13T02:24:24.551+0000][1][safepoint    ] Entering safepoint region: Cleanup
[2022-06-13T02:24:24.551+0000][1][safepoint    ] Leaving safepoint region
[2022-06-13T02:24:24.551+0000][1][safepoint    ] Total time for which application threads were stopped: 0.0006426 seconds, Stopping threads took: 0.0003709 seconds
[2022-06-13T02:24:25.552+0000][1][safepoint    ] Application time: 1.0002305 seconds
[2022-06-13T02:24:25.552+0000][1][safepoint    ] Entering safepoint region: Cleanup
[2022-06-13T02:24:25.553+0000][1][safepoint    ] Leaving safepoint region
[2022-06-13T02:24:25.554+0000][1][safepoint    ] Total time for which application threads were stopped: 0.0015537 seconds, Stopping threads took: 0.0005910 seconds
[2022-06-13T02:24:26.555+0000][1][safepoint    ] Application time: 1.0003481 seconds
[2022-06-13T02:24:26.555+0000][1][safepoint    ] Entering safepoint region: Cleanup
[2022-06-13T02:24:26.556+0000][1][safepoint    ] Leaving safepoint region
[2022-06-13T02:24:26.556+0000][1][safepoint    ] Total time for which application threads were stopped: 0.0006198 seconds, Stopping threads took: 0.0002960 seconds
[2022-06-13T02:24:27.556+0000][1][safepoint    ] Application time: 1.0001870 seconds
[2022-06-13T02:24:27.557+0000][1][safepoint    ] Entering safepoint region: Cleanup
[2022-06-13T02:24:27.557+0000][1][safepoint    ] Leaving safepoint region
[2022-06-13T02:24:27.557+0000][1][safepoint    ] Total time for which application threads were stopped: 0.0005742 seconds, Stopping threads took: 0.0003508 seconds
[2022-06-13T02:24:28.558+0000][1][safepoint    ] Application time: 1.0001228 seconds
[2022-06-13T02:24:28.558+0000][1][safepoint    ] Entering safepoint region: Cleanup
[2022-06-13T02:24:28.559+0000][1][safepoint    ] Leaving safepoint region
[2022-06-13T02:24:28.559+0000][1][safepoint    ] Total time for which application threads were stopped: 0.0005793 seconds, Stopping threads took: 0.0002519 seconds
[2022-06-13T02:24:29.559+0000][1][safepoint    ] Application time: 1.0001704 seconds
[2022-06-13T02:24:29.560+0000][1][safepoint    ] Entering safepoint region: Cleanup
[2022-06-13T02:24:29.560+0000][1][safepoint    ] Leaving safepoint region
[2022-06-13T02:24:29.561+0000][1][safepoint    ] Total time for which application threads were stopped: 0.0009136 seconds, Stopping threads took: 0.0004947 seconds
[2022-06-13T02:24:30.561+0000][1][safepoint    ] Application time: 1.0001365 seconds
[2022-06-13T02:24:30.562+0000][1][safepoint    ] Entering safepoint region: Cleanup
[2022-06-13T02:24:30.562+0000][1][safepoint    ] Leaving safepoint region
[2022-06-13T02:24:30.562+0000][1][safepoint    ] Total time for which application threads were stopped: 0.0005966 seconds, Stopping threads took: 0.0003304 seconds
[2022-06-13T02:24:31.563+0000][1][safepoint    ] Application time: 1.0002017 seconds
[2022-06-13T02:24:31.563+0000][1][safepoint    ] Entering safepoint region: Cleanup
[2022-06-13T02:24:31.564+0000][1][safepoint    ] Leaving safepoint region
[2022-06-13T02:24:31.564+0000][1][safepoint    ] Total time for which application threads were stopped: 0.0010716 seconds, Stopping threads took: 0.0004572 seconds
[2022-06-13T02:24:32.565+0000][1][safepoint    ] Application time: 1.0002371 seconds
[2022-06-13T02:24:32.565+0000][1][safepoint    ] Entering safepoint region: Cleanup
[2022-06-13T02:24:32.566+0000][1][safepoint    ] Leaving safepoint region
[2022-06-13T02:24:32.566+0000][1][safepoint    ] Total time for which application threads were stopped: 0.0006902 seconds, Stopping threads took: 0.0003588 seconds
[2022-06-13T02:24:33.566+0000][1][safepoint    ] Application time: 1.0001568 seconds
[2022-06-13T02:24:33.567+0000][1][safepoint    ] Entering safepoint region: Cleanup
[2022-06-13T02:24:33.567+0000][1][safepoint    ] Leaving safepoint region
[2022-06-13T02:24:33.568+0000][1][safepoint    ] Total time for which application threads were stopped: 0.0009328 seconds, Stopping threads took: 0.0004367 seconds
[2022-06-13T02:24:34.568+0000][1][safepoint    ] Application time: 1.0001826 seconds
[2022-06-13T02:24:34.569+0000][1][safepoint    ] Entering safepoint region: Cleanup
[2022-06-13T02:24:34.569+0000][1][safepoint    ] Leaving safepoint region
[2022-06-13T02:24:34.569+0000][1][safepoint    ] Total time for which application threads were stopped: 0.0006721 seconds, Stopping threads took: 0.0003440 seconds
[2022-06-13T02:24:35.570+0000][1][safepoint    ] Application time: 1.0001852 seconds
[2022-06-13T02:24:35.570+0000][1][safepoint    ] Entering safepoint region: Cleanup
[2022-06-13T02:24:35.571+0000][1][safepoint    ] Leaving safepoint region
[2022-06-13T02:24:35.571+0000][1][safepoint    ] Total time for which application threads were stopped: 0.0006909 seconds, Stopping threads took: 0.0003097 seconds
[2022-06-13T02:24:36.571+0000][1][safepoint    ] Application time: 1.0001821 seconds
[2022-06-13T02:24:36.572+0000][1][safepoint    ] Entering safepoint region: Cleanup
[2022-06-13T02:24:36.572+0000][1][safepoint    ] Leaving safepoint region
[2022-06-13T02:24:36.573+0000][1][safepoint    ] Total time for which application threads were stopped: 0.0006559 seconds, Stopping threads took: 0.0002993 seconds
[2022-06-13T02:24:37.573+0000][1][safepoint    ] Application time: 1.0002762 seconds
[2022-06-13T02:24:37.574+0000][1][safepoint    ] Entering safepoint region: Cleanup
[2022-06-13T02:24:37.574+0000][1][safepoint    ] Leaving safepoint region
[2022-06-13T02:24:37.575+0000][1][safepoint    ] Total time for which application threads were stopped: 0.0008942 seconds, Stopping threads took: 0.0004015 seconds
[2022-06-13T02:24:38.575+0000][1][safepoint    ] Application time: 1.0002226 seconds
[2022-06-13T02:24:38.576+0000][1][safepoint    ] Entering safepoint region: Cleanup
[2022-06-13T02:24:38.576+0000][1][safepoint    ] Leaving safepoint region
[2022-06-13T02:24:38.576+0000][1][safepoint    ] Total time for which application threads were stopped: 0.0006975 seconds, Stopping threads took: 0.0003472 seconds
[2022-06-13T02:24:39.577+0000][1][safepoint    ] Application time: 1.0001276 seconds
[2022-06-13T02:24:39.577+0000][1][safepoint    ] Entering safepoint region: Cleanup
[2022-06-13T02:24:39.578+0000][1][safepoint    ] Leaving safepoint region
[2022-06-13T02:24:39.578+0000][1][safepoint    ] Total time for which application threads were stopped: 0.0006482 seconds, Stopping threads took: 0.0003197 seconds
[2022-06-13T02:24:40.578+0000][1][safepoint    ] Application time: 1.0002128 seconds
[2022-06-13T02:24:40.579+0000][1][safepoint    ] Entering safepoint region: Cleanup
[2022-06-13T02:24:40.579+0000][1][safepoint    ] Leaving safepoint region
[2022-06-13T02:24:40.580+0000][1][safepoint    ] Total time for which application threads were stopped: 0.0008756 seconds, Stopping threads took: 0.0003992 seconds
[2022-06-13T02:24:41.580+0000][1][safepoint    ] Application time: 1.0002093 seconds
[2022-06-13T02:24:41.581+0000][1][safepoint    ] Entering safepoint region: Cleanup
[2022-06-13T02:24:41.582+0000][1][safepoint    ] Leaving safepoint region
[2022-06-13T02:24:41.583+0000][1][safepoint    ] Total time for which application threads were stopped: 0.0014097 seconds, Stopping threads took: 0.0006472 seconds
[2022-06-13T02:24:42.583+0000][1][safepoint    ] Application time: 1.0002052 seconds
[2022-06-13T02:24:42.584+0000][1][safepoint    ] Entering safepoint region: Cleanup
[2022-06-13T02:24:42.584+0000][1][safepoint    ] Leaving safepoint region
[2022-06-13T02:24:42.585+0000][1][safepoint    ] Total time for which application threads were stopped: 0.0008224 seconds, Stopping threads took: 0.0004029 seconds
[2022-06-13T02:24:43.585+0000][1][safepoint    ] Application time: 1.0001490 seconds
[2022-06-13T02:24:43.586+0000][1][safepoint    ] Entering safepoint region: Cleanup
[2022-06-13T02:24:43.586+0000][1][safepoint    ] Leaving safepoint region
[2022-06-13T02:24:43.586+0000][1][safepoint    ] Total time for which application threads were stopped: 0.0006138 seconds, Stopping threads took: 0.0002761 seconds
[2022-06-13T02:24:44.587+0000][1][safepoint    ] Application time: 1.0001842 seconds
[2022-06-13T02:24:44.587+0000][1][safepoint    ] Entering safepoint region: Cleanup
[2022-06-13T02:24:44.588+0000][1][safepoint    ] Leaving safepoint region
[2022-06-13T02:24:44.588+0000][1][safepoint    ] Total time for which application threads were stopped: 0.0005861 seconds, Stopping threads took: 0.0003105 seconds
[2022-06-13T02:24:45.588+0000][1][safepoint    ] Application time: 1.0002058 seconds
[2022-06-13T02:24:45.589+0000][1][safepoint    ] Entering safepoint region: Cleanup
[2022-06-13T02:24:45.589+0000][1][safepoint    ] Leaving safepoint region
[2022-06-13T02:24:45.590+0000][1][safepoint    ] Total time for which application threads were stopped: 0.0008848 seconds, Stopping threads took: 0.0004234 seconds
[2022-06-13T02:24:46.590+0000][1][safepoint    ] Application time: 1.0002115 seconds
[2022-06-13T02:24:46.591+0000][1][safepoint    ] Entering safepoint region: Cleanup
[2022-06-13T02:24:46.591+0000][1][safepoint    ] Leaving safepoint region
[2022-06-13T02:24:46.591+0000][1][safepoint    ] Total time for which application threads were stopped: 0.0007898 seconds, Stopping threads took: 0.0004066 seconds
[2022-06-13T02:24:47.592+0000][1][safepoint    ] Application time: 1.0002448 seconds
[2022-06-13T02:24:47.592+0000][1][safepoint    ] Entering safepoint region: Cleanup
[2022-06-13T02:24:47.593+0000][1][safepoint    ] Leaving safepoint region
[2022-06-13T02:24:47.593+0000][1][safepoint    ] Total time for which application threads were stopped: 0.0006173 seconds, Stopping threads took: 0.0002927 seconds
[2022-06-13T02:24:48.593+0000][1][safepoint    ] Application time: 1.0002024 seconds
[2022-06-13T02:24:48.594+0000][1][safepoint    ] Entering safepoint region: Cleanup
[2022-06-13T02:24:48.594+0000][1][safepoint    ] Leaving safepoint region
[2022-06-13T02:24:48.595+0000][1][safepoint    ] Total time for which application threads were stopped: 0.0008904 seconds, Stopping threads took: 0.0003890 seconds
[2022-06-13T02:24:49.595+0000][1][safepoint    ] Application time: 1.0001769 seconds
[2022-06-13T02:24:49.596+0000][1][safepoint    ] Entering safepoint region: Cleanup
[2022-06-13T02:24:49.596+0000][1][safepoint    ] Leaving safepoint region
[2022-06-13T02:24:49.597+0000][1][safepoint    ] Total time for which application threads were stopped: 0.0007610 seconds, Stopping threads took: 0.0001883 seconds
[2022-06-13T02:24:50.597+0000][1][safepoint    ] Application time: 1.0002563 seconds
[2022-06-13T02:24:50.598+0000][1][safepoint    ] Entering safepoint region: Cleanup
[2022-06-13T02:24:50.599+0000][1][safepoint    ] Leaving safepoint region
[2022-06-13T02:24:50.599+0000][1][safepoint    ] Total time for which application threads were stopped: 0.0011345 seconds, Stopping threads took: 0.0004672 seconds
[2022-06-13T02:24:51.600+0000][1][safepoint    ] Application time: 1.0001423 seconds
[2022-06-13T02:24:51.600+0000][1][safepoint    ] Entering safepoint region: Cleanup
[2022-06-13T02:24:51.601+0000][1][safepoint    ] Leaving safepoint region
[2022-06-13T02:24:51.601+0000][1][safepoint    ] Total time for which application threads were stopped: 0.0006263 seconds, Stopping threads took: 0.0002836 seconds
[2022-06-13T02:24:52.601+0000][1][safepoint    ] Application time: 1.0002073 seconds
[2022-06-13T02:24:52.602+0000][1][safepoint    ] Entering safepoint region: Cleanup
[2022-06-13T02:24:52.602+0000][1][safepoint    ] Leaving safepoint region
[2022-06-13T02:24:52.602+0000][1][safepoint    ] Total time for which application threads were stopped: 0.0004262 seconds, Stopping threads took: 0.0001761 seconds
[2022-06-13T02:24:53.602+0000][1][safepoint    ] Application time: 1.0001084 seconds
[2022-06-13T02:24:53.603+0000][1][safepoint    ] Entering safepoint region: Cleanup
[2022-06-13T02:24:53.603+0000][1][safepoint    ] Leaving safepoint region
[2022-06-13T02:24:53.604+0000][1][safepoint    ] Total time for which application threads were stopped: 0.0008040 seconds, Stopping threads took: 0.0003831 seconds
[2022-06-13T02:24:54.604+0000][1][safepoint    ] Application time: 1.0002222 seconds
[2022-06-13T02:24:54.605+0000][1][safepoint    ] Entering safepoint region: Cleanup
[2022-06-13T02:24:54.605+0000][1][safepoint    ] Leaving safepoint region
[2022-06-13T02:24:54.606+0000][1][safepoint    ] Total time for which application threads were stopped: 0.0010140 seconds, Stopping threads took: 0.0004827 seconds
[2022-06-13T02:24:55.606+0000][1][safepoint    ] Application time: 1.0001222 seconds
[2022-06-13T02:24:55.607+0000][1][safepoint    ] Entering safepoint region: Cleanup
[2022-06-13T02:24:55.607+0000][1][safepoint    ] Leaving safepoint region
[2022-06-13T02:24:55.607+0000][1][safepoint    ] Total time for which application threads were stopped: 0.0003809 seconds, Stopping threads took: 0.0001866 seconds
[2022-06-13T02:24:56.607+0000][1][safepoint    ] Application time: 1.0001924 seconds
[2022-06-13T02:24:56.608+0000][1][safepoint    ] Entering safepoint region: Cleanup
[2022-06-13T02:24:56.609+0000][1][safepoint    ] Leaving safepoint region
[2022-06-13T02:24:56.609+0000][1][safepoint    ] Total time for which application threads were stopped: 0.0009177 seconds, Stopping threads took: 0.0004845 seconds
[2022-06-13T02:24:57.609+0000][1][safepoint    ] Application time: 1.0001459 seconds
[2022-06-13T02:24:57.610+0000][1][safepoint    ] Entering safepoint region: Cleanup
[2022-06-13T02:24:57.610+0000][1][safepoint    ] Leaving safepoint region
[2022-06-13T02:24:57.611+0000][1][safepoint    ] Total time for which application threads were stopped: 0.0008510 seconds, Stopping threads took: 0.0003552 seconds
[2022-06-13T02:24:58.611+0000][1][safepoint    ] Application time: 1.0002957 seconds
[2022-06-13T02:24:58.612+0000][1][safepoint    ] Entering safepoint region: Cleanup
[2022-06-13T02:24:58.612+0000][1][safepoint    ] Leaving safepoint region
[2022-06-13T02:24:58.613+0000][1][safepoint    ] Total time for which application threads were stopped: 0.0008331 seconds, Stopping threads took: 0.0003626 seconds
[2022-06-13T02:24:59.613+0000][1][safepoint    ] Application time: 1.0001925 seconds
[2022-06-13T02:24:59.614+0000][1][safepoint    ] Entering safepoint region: Cleanup
[2022-06-13T02:24:59.614+0000][1][safepoint    ] Leaving safepoint region
[2022-06-13T02:24:59.615+0000][1][safepoint    ] Total time for which application threads were stopped: 0.0007025 seconds, Stopping threads took: 0.0003158 seconds
[2022-06-13T02:25:00.615+0000][1][safepoint    ] Application time: 1.0001272 seconds
[2022-06-13T02:25:00.616+0000][1][safepoint    ] Entering safepoint region: Cleanup
[2022-06-13T02:25:00.617+0000][1][safepoint    ] Leaving safepoint region
[2022-06-13T02:25:00.617+0000][1][safepoint    ] Total time for which application threads were stopped: 0.0013512 seconds, Stopping threads took: 0.0006894 seconds
[2022-06-13T02:25:01.618+0000][1][safepoint    ] Application time: 1.0002204 seconds
[2022-06-13T02:25:01.618+0000][1][safepoint    ] Entering safepoint region: Cleanup
[2022-06-13T02:25:01.618+0000][1][safepoint    ] Leaving safepoint region
[2022-06-13T02:25:01.619+0000][1][safepoint    ] Total time for which application threads were stopped: 0.0005525 seconds, Stopping threads took: 0.0002297 seconds
[2022-06-13T02:25:02.619+0000][1][safepoint    ] Application time: 1.0001456 seconds
[2022-06-13T02:25:02.620+0000][1][safepoint    ] Entering safepoint region: Cleanup
[2022-06-13T02:25:02.620+0000][1][safepoint    ] Leaving safepoint region
[2022-06-13T02:25:02.620+0000][1][safepoint    ] Total time for which application threads were stopped: 0.0007868 seconds, Stopping threads took: 0.0003574 seconds
[2022-06-13T02:25:03.621+0000][1][safepoint    ] Application time: 1.0002002 seconds
[2022-06-13T02:25:03.621+0000][1][safepoint    ] Entering safepoint region: Cleanup
[2022-06-13T02:25:03.622+0000][1][safepoint    ] Leaving safepoint region
[2022-06-13T02:25:03.622+0000][1][safepoint    ] Total time for which application threads were stopped: 0.0006323 seconds, Stopping threads took: 0.0002541 seconds
[2022-06-13T02:25:04.622+0000][1][safepoint    ] Application time: 1.0001920 seconds
[2022-06-13T02:25:04.623+0000][1][safepoint    ] Entering safepoint region: Cleanup
[2022-06-13T02:25:04.623+0000][1][safepoint    ] Leaving safepoint region
[2022-06-13T02:25:04.624+0000][1][safepoint    ] Total time for which application threads were stopped: 0.0008796 seconds, Stopping threads took: 0.0003888 seconds
[2022-06-13T02:25:05.624+0000][1][safepoint    ] Application time: 1.0002201 seconds
[2022-06-13T02:25:05.625+0000][1][safepoint    ] Entering safepoint region: Cleanup
[2022-06-13T02:25:05.625+0000][1][safepoint    ] Leaving safepoint region
[2022-06-13T02:25:05.626+0000][1][safepoint    ] Total time for which application threads were stopped: 0.0008577 seconds, Stopping threads took: 0.0003875 seconds
[2022-06-13T02:25:06.626+0000][1][safepoint    ] Application time: 1.0003836 seconds
[2022-06-13T02:25:06.627+0000][1][safepoint    ] Entering safepoint region: Cleanup
[2022-06-13T02:25:06.627+0000][1][safepoint    ] Leaving safepoint region
[2022-06-13T02:25:06.628+0000][1][safepoint    ] Total time for which application threads were stopped: 0.0011085 seconds, Stopping threads took: 0.0003901 seconds
[2022-06-13T02:25:07.629+0000][1][safepoint    ] Application time: 1.0001191 seconds
[2022-06-13T02:25:07.629+0000][1][safepoint    ] Entering safepoint region: Cleanup
[2022-06-13T02:25:07.630+0000][1][safepoint    ] Leaving safepoint region
[2022-06-13T02:25:07.630+0000][1][safepoint    ] Total time for which application threads were stopped: 0.0006747 seconds, Stopping threads took: 0.0002817 seconds
[2022-06-13T02:25:08.630+0000][1][safepoint    ] Application time: 1.0001967 seconds
[2022-06-13T02:25:08.631+0000][1][safepoint    ] Entering safepoint region: Cleanup
[2022-06-13T02:25:08.631+0000][1][safepoint    ] Leaving safepoint region
[2022-06-13T02:25:08.632+0000][1][safepoint    ] Total time for which application threads were stopped: 0.0008216 seconds, Stopping threads took: 0.0003509 seconds
[2022-06-13T02:25:09.632+0000][1][safepoint    ] Application time: 1.0001268 seconds
[2022-06-13T02:25:09.633+0000][1][safepoint    ] Entering safepoint region: Cleanup
[2022-06-13T02:25:09.633+0000][1][safepoint    ] Leaving safepoint region
[2022-06-13T02:25:09.633+0000][1][safepoint    ] Total time for which application threads were stopped: 0.0004310 seconds, Stopping threads took: 0.0001685 seconds
[2022-06-13T02:25:10.633+0000][1][safepoint    ] Application time: 1.0001156 seconds
[2022-06-13T02:25:10.634+0000][1][safepoint    ] Entering safepoint region: Cleanup
[2022-06-13T02:25:10.634+0000][1][safepoint    ] Leaving safepoint region
[2022-06-13T02:25:10.634+0000][1][safepoint    ] Total time for which application threads were stopped: 0.0005964 seconds, Stopping threads took: 0.0002666 seconds
[2022-06-13T02:25:11.635+0000][1][safepoint    ] Application time: 1.0001736 seconds
[2022-06-13T02:25:11.635+0000][1][safepoint    ] Entering safepoint region: Cleanup
[2022-06-13T02:25:11.635+0000][1][safepoint    ] Leaving safepoint region
[2022-06-13T02:25:11.636+0000][1][safepoint    ] Total time for which application threads were stopped: 0.0006572 seconds, Stopping threads took: 0.0003104 seconds
[2022-06-13T02:25:12.555+0000][1][safepoint    ] Application time: 0.9187982 seconds
[2022-06-13T02:25:12.555+0000][1][safepoint    ] Entering safepoint region: GenCollectForAllocation
[2022-06-13T02:25:12.556+0000][1][gc,start     ] GC(27) Pause Young (Allocation Failure)
[2022-06-13T02:25:12.556+0000][1][gc,task      ] GC(27) Using 5 workers of 13 for evacuation
[2022-06-13T02:25:12.558+0000][1][gc,age       ] GC(27) Desired survivor size 4456448 bytes, new threshold 6 (max threshold 6)
[2022-06-13T02:25:12.559+0000][1][gc,age       ] GC(27) Age table with threshold 6 (max threshold 6)
[2022-06-13T02:25:12.559+0000][1][gc,age       ] GC(27) - age   1:      33448 bytes,      33448 total
[2022-06-13T02:25:12.559+0000][1][gc,age       ] GC(27) - age   2:      13296 bytes,      46744 total
[2022-06-13T02:25:12.560+0000][1][gc,age       ] GC(27) - age   3:      29984 bytes,      76728 total
[2022-06-13T02:25:12.560+0000][1][gc,age       ] GC(27) - age   4:      32568 bytes,     109296 total
[2022-06-13T02:25:12.561+0000][1][gc,age       ] GC(27) - age   5:      64648 bytes,     173944 total
[2022-06-13T02:25:12.561+0000][1][gc,age       ] GC(27) - age   6:    1335320 bytes,    1509264 total
[2022-06-13T02:25:12.561+0000][1][gc,heap      ] GC(27) ParNew: 71982K->2330K(78656K)
[2022-06-13T02:25:12.562+0000][1][gc,heap      ] GC(27) CMS: 67806K->67806K(174784K)
[2022-06-13T02:25:12.562+0000][1][gc,metaspace ] GC(27) Metaspace: 65310K->65310K(1110016K)
[2022-06-13T02:25:12.563+0000][1][gc           ] GC(27) Pause Young (Allocation Failure) 136M->68M(247M) 7.231ms
[2022-06-13T02:25:12.563+0000][1][gc,cpu       ] GC(27) User=0.01s Sys=0.00s Real=0.01s
[2022-06-13T02:25:12.563+0000][1][safepoint    ] Leaving safepoint region
[2022-06-13T02:25:12.564+0000][1][safepoint    ] Total time for which application threads were stopped: 0.0085356 seconds, Stopping threads took: 0.0004256 seconds
[2022-06-13T02:25:13.564+0000][1][safepoint    ] Application time: 1.0002638 seconds
[2022-06-13T02:25:13.565+0000][1][safepoint    ] Entering safepoint region: Cleanup
[2022-06-13T02:25:13.565+0000][1][safepoint    ] Leaving safepoint region
[2022-06-13T02:25:13.565+0000][1][safepoint    ] Total time for which application threads were stopped: 0.0009774 seconds, Stopping threads took: 0.0002954 seconds
[2022-06-13T02:25:14.566+0000][1][safepoint    ] Application time: 1.0002050 seconds
[2022-06-13T02:25:14.567+0000][1][safepoint    ] Entering safepoint region: Cleanup
[2022-06-13T02:25:14.567+0000][1][safepoint    ] Leaving safepoint region
[2022-06-13T02:25:14.568+0000][1][safepoint    ] Total time for which application threads were stopped: 0.0008502 seconds, Stopping threads took: 0.0003907 seconds
[2022-06-13T02:25:15.568+0000][1][safepoint    ] Application time: 1.0003020 seconds
[2022-06-13T02:25:15.569+0000][1][safepoint    ] Entering safepoint region: Cleanup
[2022-06-13T02:25:15.569+0000][1][safepoint    ] Leaving safepoint region
[2022-06-13T02:25:15.569+0000][1][safepoint    ] Total time for which application threads were stopped: 0.0008073 seconds, Stopping threads took: 0.0003397 seconds
[2022-06-13T02:25:16.570+0000][1][safepoint    ] Application time: 1.0003235 seconds
[2022-06-13T02:25:16.571+0000][1][safepoint    ] Entering safepoint region: Cleanup
[2022-06-13T02:25:16.572+0000][1][safepoint    ] Leaving safepoint region
[2022-06-13T02:25:16.572+0000][1][safepoint    ] Total time for which application threads were stopped: 0.0013306 seconds, Stopping threads took: 0.0006107 seconds
[2022-06-13T02:25:17.573+0000][1][safepoint    ] Application time: 1.0001904 seconds
[2022-06-13T02:25:17.573+0000][1][safepoint    ] Entering safepoint region: Cleanup
[2022-06-13T02:25:17.574+0000][1][safepoint    ] Leaving safepoint region
[2022-06-13T02:25:17.575+0000][1][safepoint    ] Total time for which application threads were stopped: 0.0013036 seconds, Stopping threads took: 0.0006155 seconds
[2022-06-13T02:25:18.575+0000][1][safepoint    ] Application time: 1.0002046 seconds
[2022-06-13T02:25:18.576+0000][1][safepoint    ] Entering safepoint region: Cleanup
[2022-06-13T02:25:18.576+0000][1][safepoint    ] Leaving safepoint region
[2022-06-13T02:25:18.576+0000][1][safepoint    ] Total time for which application threads were stopped: 0.0006635 seconds, Stopping threads took: 0.0003216 seconds
[2022-06-13T02:25:19.577+0000][1][safepoint    ] Application time: 1.0002656 seconds
[2022-06-13T02:25:19.578+0000][1][safepoint    ] Entering safepoint region: Cleanup
[2022-06-13T02:25:19.578+0000][1][safepoint    ] Leaving safepoint region
[2022-06-13T02:25:19.579+0000][1][safepoint    ] Total time for which application threads were stopped: 0.0010863 seconds, Stopping threads took: 0.0004809 seconds
[2022-06-13T02:25:20.580+0000][1][safepoint    ] Application time: 1.0003033 seconds
[2022-06-13T02:25:20.580+0000][1][safepoint    ] Entering safepoint region: Cleanup
[2022-06-13T02:25:20.581+0000][1][safepoint    ] Leaving safepoint region
[2022-06-13T02:25:20.581+0000][1][safepoint    ] Total time for which application threads were stopped: 0.0011505 seconds, Stopping threads took: 0.0005500 seconds
[2022-06-13T02:25:21.582+0000][1][safepoint    ] Application time: 1.0003192 seconds
[2022-06-13T02:25:21.583+0000][1][safepoint    ] Entering safepoint region: Cleanup
[2022-06-13T02:25:21.583+0000][1][safepoint    ] Leaving safepoint region
[2022-06-13T02:25:21.583+0000][1][safepoint    ] Total time for which application threads were stopped: 0.0005261 seconds, Stopping threads took: 0.0002810 seconds
[2022-06-13T02:25:22.584+0000][1][safepoint    ] Application time: 1.0001161 seconds
[2022-06-13T02:25:22.584+0000][1][safepoint    ] Entering safepoint region: Cleanup
[2022-06-13T02:25:22.584+0000][1][safepoint    ] Leaving safepoint region
[2022-06-13T02:25:22.585+0000][1][safepoint    ] Total time for which application threads were stopped: 0.0004849 seconds, Stopping threads took: 0.0002198 seconds
[2022-06-13T02:25:23.585+0000][1][safepoint    ] Application time: 1.0002305 seconds
[2022-06-13T02:25:23.585+0000][1][safepoint    ] Entering safepoint region: Cleanup
[2022-06-13T02:25:23.586+0000][1][safepoint    ] Leaving safepoint region
[2022-06-13T02:25:23.586+0000][1][safepoint    ] Total time for which application threads were stopped: 0.0008584 seconds, Stopping threads took: 0.0003076 seconds
[2022-06-13T02:25:24.587+0000][1][safepoint    ] Application time: 1.0001906 seconds
[2022-06-13T02:25:24.588+0000][1][safepoint    ] Entering safepoint region: Cleanup
[2022-06-13T02:25:24.588+0000][1][safepoint    ] Leaving safepoint region
[2022-06-13T02:25:24.589+0000][1][safepoint    ] Total time for which application threads were stopped: 0.0008860 seconds, Stopping threads took: 0.0004674 seconds
[2022-06-13T02:25:25.589+0000][1][safepoint    ] Application time: 1.0001340 seconds
[2022-06-13T02:25:25.590+0000][1][safepoint    ] Entering safepoint region: Cleanup
[2022-06-13T02:25:25.590+0000][1][safepoint    ] Leaving safepoint region
[2022-06-13T02:25:25.590+0000][1][safepoint    ] Total time for which application threads were stopped: 0.0006842 seconds, Stopping threads took: 0.0003654 seconds
[2022-06-13T02:25:26.591+0000][1][safepoint    ] Application time: 1.0002074 seconds
[2022-06-13T02:25:26.591+0000][1][safepoint    ] Entering safepoint region: Cleanup
[2022-06-13T02:25:26.592+0000][1][safepoint    ] Leaving safepoint region
[2022-06-13T02:25:26.592+0000][1][safepoint    ] Total time for which application threads were stopped: 0.0008021 seconds, Stopping threads took: 0.0003437 seconds
[2022-06-13T02:25:27.593+0000][1][safepoint    ] Application time: 1.0001476 seconds
[2022-06-13T02:25:27.593+0000][1][safepoint    ] Entering safepoint region: Cleanup
[2022-06-13T02:25:27.594+0000][1][safepoint    ] Leaving safepoint region
[2022-06-13T02:25:27.594+0000][1][safepoint    ] Total time for which application threads were stopped: 0.0005413 seconds, Stopping threads took: 0.0002700 seconds
[2022-06-13T02:25:28.594+0000][1][safepoint    ] Application time: 1.0001715 seconds
[2022-06-13T02:25:28.595+0000][1][safepoint    ] Entering safepoint region: Cleanup
[2022-06-13T02:25:28.595+0000][1][safepoint    ] Leaving safepoint region
[2022-06-13T02:25:28.596+0000][1][safepoint    ] Total time for which application threads were stopped: 0.0005079 seconds, Stopping threads took: 0.0002056 seconds
[2022-06-13T02:25:29.596+0000][1][safepoint    ] Application time: 1.0001952 seconds
[2022-06-13T02:25:29.596+0000][1][safepoint    ] Entering safepoint region: Cleanup
[2022-06-13T02:25:29.597+0000][1][safepoint    ] Leaving safepoint region
[2022-06-13T02:25:29.597+0000][1][safepoint    ] Total time for which application threads were stopped: 0.0006935 seconds, Stopping threads took: 0.0003910 seconds
[2022-06-13T02:25:30.597+0000][1][safepoint    ] Application time: 1.0001202 seconds
[2022-06-13T02:25:30.598+0000][1][safepoint    ] Entering safepoint region: Cleanup
[2022-06-13T02:25:30.598+0000][1][safepoint    ] Leaving safepoint region
[2022-06-13T02:25:30.598+0000][1][safepoint    ] Total time for which application threads were stopped: 0.0006257 seconds, Stopping threads took: 0.0003863 seconds
[2022-06-13T02:25:31.599+0000][1][safepoint    ] Application time: 1.0003126 seconds
[2022-06-13T02:25:31.600+0000][1][safepoint    ] Entering safepoint region: Cleanup
[2022-06-13T02:25:31.600+0000][1][safepoint    ] Leaving safepoint region
[2022-06-13T02:25:31.600+0000][1][safepoint    ] Total time for which application threads were stopped: 0.0007857 seconds, Stopping threads took: 0.0003756 seconds
[2022-06-13T02:25:32.601+0000][1][safepoint    ] Application time: 1.0001192 seconds
[2022-06-13T02:25:32.601+0000][1][safepoint    ] Entering safepoint region: Cleanup
[2022-06-13T02:25:32.602+0000][1][safepoint    ] Leaving safepoint region
[2022-06-13T02:25:32.602+0000][1][safepoint    ] Total time for which application threads were stopped: 0.0009874 seconds, Stopping threads took: 0.0004846 seconds
[2022-06-13T02:25:33.603+0000][1][safepoint    ] Application time: 1.0002621 seconds
[2022-06-13T02:25:33.603+0000][1][safepoint    ] Entering safepoint region: Cleanup
[2022-06-13T02:25:33.604+0000][1][safepoint    ] Leaving safepoint region
[2022-06-13T02:25:33.604+0000][1][safepoint    ] Total time for which application threads were stopped: 0.0005965 seconds, Stopping threads took: 0.0002892 seconds
[2022-06-13T02:25:34.604+0000][1][safepoint    ] Application time: 1.0001802 seconds
[2022-06-13T02:25:34.605+0000][1][safepoint    ] Entering safepoint region: Cleanup
[2022-06-13T02:25:34.605+0000][1][safepoint    ] Leaving safepoint region
[2022-06-13T02:25:34.606+0000][1][safepoint    ] Total time for which application threads were stopped: 0.0007210 seconds, Stopping threads took: 0.0003750 seconds
[2022-06-13T02:25:35.606+0000][1][safepoint    ] Application time: 1.0001109 seconds
[2022-06-13T02:25:35.607+0000][1][safepoint    ] Entering safepoint region: Cleanup
[2022-06-13T02:25:35.607+0000][1][safepoint    ] Leaving safepoint region
[2022-06-13T02:25:35.607+0000][1][safepoint    ] Total time for which application threads were stopped: 0.0007562 seconds, Stopping threads took: 0.0003628 seconds
[2022-06-13T02:25:36.608+0000][1][safepoint    ] Application time: 1.0001436 seconds
[2022-06-13T02:25:36.608+0000][1][safepoint    ] Entering safepoint region: Cleanup
[2022-06-13T02:25:36.609+0000][1][safepoint    ] Leaving safepoint region
[2022-06-13T02:25:36.609+0000][1][safepoint    ] Total time for which application threads were stopped: 0.0010514 seconds, Stopping threads took: 0.0004565 seconds
[2022-06-13T02:25:37.610+0000][1][safepoint    ] Application time: 1.0001568 seconds
[2022-06-13T02:25:37.610+0000][1][safepoint    ] Entering safepoint region: Cleanup
[2022-06-13T02:25:37.611+0000][1][safepoint    ] Leaving safepoint region
[2022-06-13T02:25:37.611+0000][1][safepoint    ] Total time for which application threads were stopped: 0.0009244 seconds, Stopping threads took: 0.0002462 seconds
[2022-06-13T02:25:38.612+0000][1][safepoint    ] Application time: 1.0001926 seconds
[2022-06-13T02:25:38.612+0000][1][safepoint    ] Entering safepoint region: Cleanup
[2022-06-13T02:25:38.613+0000][1][safepoint    ] Leaving safepoint region
[2022-06-13T02:25:38.614+0000][1][safepoint    ] Total time for which application threads were stopped: 0.0010778 seconds, Stopping threads took: 0.0004861 seconds
[2022-06-13T02:25:39.614+0000][1][safepoint    ] Application time: 1.0002804 seconds
[2022-06-13T02:25:39.615+0000][1][safepoint    ] Entering safepoint region: Cleanup
[2022-06-13T02:25:39.615+0000][1][safepoint    ] Leaving safepoint region
[2022-06-13T02:25:39.616+0000][1][safepoint    ] Total time for which application threads were stopped: 0.0007876 seconds, Stopping threads took: 0.0003116 seconds
[2022-06-13T02:25:40.616+0000][1][safepoint    ] Application time: 1.0002297 seconds
[2022-06-13T02:25:40.617+0000][1][safepoint    ] Entering safepoint region: Cleanup
[2022-06-13T02:25:40.617+0000][1][safepoint    ] Leaving safepoint region
[2022-06-13T02:25:40.617+0000][1][safepoint    ] Total time for which application threads were stopped: 0.0005563 seconds, Stopping threads took: 0.0002643 seconds
[2022-06-13T02:25:41.618+0000][1][safepoint    ] Application time: 1.0001998 seconds
[2022-06-13T02:25:41.618+0000][1][safepoint    ] Entering safepoint region: Cleanup
[2022-06-13T02:25:41.619+0000][1][safepoint    ] Leaving safepoint region
[2022-06-13T02:25:41.620+0000][1][safepoint    ] Total time for which application threads were stopped: 0.0012035 seconds, Stopping threads took: 0.0005582 seconds
[2022-06-13T02:25:43.274+0000][1][safepoint    ] Application time: 1.6536142 seconds
[2022-06-13T02:25:43.274+0000][1][safepoint    ] Entering safepoint region: Cleanup
[2022-06-13T02:25:43.274+0000][1][safepoint    ] Leaving safepoint region
[2022-06-13T02:25:43.274+0000][1][safepoint    ] Total time for which application threads were stopped: 0.0003513 seconds, Stopping threads took: 0.0001705 seconds
[2022-06-13T02:25:44.275+0000][1][safepoint    ] Application time: 1.0002886 seconds
[2022-06-13T02:25:44.276+0000][1][safepoint    ] Entering safepoint region: Cleanup
[2022-06-13T02:25:44.276+0000][1][safepoint    ] Leaving safepoint region
[2022-06-13T02:25:44.277+0000][1][safepoint    ] Total time for which application threads were stopped: 0.0011984 seconds, Stopping threads took: 0.0005516 seconds
[2022-06-13T02:25:45.278+0000][1][safepoint    ] Application time: 1.0003834 seconds
[2022-06-13T02:25:45.279+0000][1][safepoint    ] Entering safepoint region: Cleanup
[2022-06-13T02:25:45.279+0000][1][safepoint    ] Leaving safepoint region
[2022-06-13T02:25:45.279+0000][1][safepoint    ] Total time for which application threads were stopped: 0.0009566 seconds, Stopping threads took: 0.0005380 seconds
[2022-06-13T02:25:46.280+0000][1][safepoint    ] Application time: 1.0001821 seconds
[2022-06-13T02:25:46.280+0000][1][safepoint    ] Entering safepoint region: Cleanup
[2022-06-13T02:25:46.281+0000][1][safepoint    ] Leaving safepoint region
[2022-06-13T02:25:46.281+0000][1][safepoint    ] Total time for which application threads were stopped: 0.0005368 seconds, Stopping threads took: 0.0002480 seconds
[2022-06-13T02:25:47.281+0000][1][safepoint    ] Application time: 1.0002122 seconds
[2022-06-13T02:25:47.282+0000][1][safepoint    ] Entering safepoint region: Cleanup
[2022-06-13T02:25:47.283+0000][1][safepoint    ] Leaving safepoint region
[2022-06-13T02:25:47.283+0000][1][safepoint    ] Total time for which application threads were stopped: 0.0010621 seconds, Stopping threads took: 0.0005346 seconds
[2022-06-13T02:25:48.284+0000][1][safepoint    ] Application time: 1.0001885 seconds
[2022-06-13T02:25:48.284+0000][1][safepoint    ] Entering safepoint region: Cleanup
[2022-06-13T02:25:48.285+0000][1][safepoint    ] Leaving safepoint region
[2022-06-13T02:25:48.285+0000][1][safepoint    ] Total time for which application threads were stopped: 0.0006322 seconds, Stopping threads took: 0.0002751 seconds
[2022-06-13T02:25:49.285+0000][1][safepoint    ] Application time: 1.0001905 seconds
[2022-06-13T02:25:49.286+0000][1][safepoint    ] Entering safepoint region: Cleanup
[2022-06-13T02:25:49.287+0000][1][safepoint    ] Leaving safepoint region
[2022-06-13T02:25:49.287+0000][1][safepoint    ] Total time for which application threads were stopped: 0.0010575 seconds, Stopping threads took: 0.0005009 seconds
[2022-06-13T02:25:50.288+0000][1][safepoint    ] Application time: 1.0001911 seconds
[2022-06-13T02:25:50.288+0000][1][safepoint    ] Entering safepoint region: Cleanup
[2022-06-13T02:25:50.289+0000][1][safepoint    ] Leaving safepoint region
[2022-06-13T02:25:50.289+0000][1][safepoint    ] Total time for which application threads were stopped: 0.0006543 seconds, Stopping threads took: 0.0002960 seconds
[2022-06-13T02:25:51.289+0000][1][safepoint    ] Application time: 1.0001825 seconds
[2022-06-13T02:25:51.290+0000][1][safepoint    ] Entering safepoint region: Cleanup
[2022-06-13T02:25:51.290+0000][1][safepoint    ] Leaving safepoint region
[2022-06-13T02:25:51.291+0000][1][safepoint    ] Total time for which application threads were stopped: 0.0007895 seconds, Stopping threads took: 0.0003453 seconds
[2022-06-13T02:25:52.291+0000][1][safepoint    ] Application time: 1.0001233 seconds
[2022-06-13T02:25:52.292+0000][1][safepoint    ] Entering safepoint region: Cleanup
[2022-06-13T02:25:52.292+0000][1][safepoint    ] Leaving safepoint region
[2022-06-13T02:25:52.293+0000][1][safepoint    ] Total time for which application threads were stopped: 0.0009459 seconds, Stopping threads took: 0.0004379 seconds
[2022-06-13T02:25:53.293+0000][1][safepoint    ] Application time: 1.0003054 seconds
[2022-06-13T02:25:53.294+0000][1][safepoint    ] Entering safepoint region: Cleanup
[2022-06-13T02:25:53.294+0000][1][safepoint    ] Leaving safepoint region
[2022-06-13T02:25:53.295+0000][1][safepoint    ] Total time for which application threads were stopped: 0.0008867 seconds, Stopping threads took: 0.0003984 seconds
[2022-06-13T02:25:54.295+0000][1][safepoint    ] Application time: 1.0001572 seconds
[2022-06-13T02:25:54.296+0000][1][safepoint    ] Entering safepoint region: Cleanup
[2022-06-13T02:25:54.296+0000][1][safepoint    ] Leaving safepoint region
[2022-06-13T02:25:54.297+0000][1][safepoint    ] Total time for which application threads were stopped: 0.0010035 seconds, Stopping threads took: 0.0005177 seconds
[2022-06-13T02:25:55.297+0000][1][safepoint    ] Application time: 1.0001382 seconds
[2022-06-13T02:25:55.297+0000][1][safepoint    ] Entering safepoint region: Cleanup
[2022-06-13T02:25:55.298+0000][1][safepoint    ] Leaving safepoint region
[2022-06-13T02:25:55.298+0000][1][safepoint    ] Total time for which application threads were stopped: 0.0007664 seconds, Stopping threads took: 0.0002933 seconds
[2022-06-13T02:25:56.298+0000][1][safepoint    ] Application time: 1.0001371 seconds
[2022-06-13T02:25:56.299+0000][1][safepoint    ] Entering safepoint region: Cleanup
[2022-06-13T02:25:56.300+0000][1][safepoint    ] Leaving safepoint region
[2022-06-13T02:25:56.300+0000][1][safepoint    ] Total time for which application threads were stopped: 0.0009387 seconds, Stopping threads took: 0.0004376 seconds
[2022-06-13T02:25:57.301+0000][1][safepoint    ] Application time: 1.0001608 seconds
[2022-06-13T02:25:57.301+0000][1][safepoint    ] Entering safepoint region: Cleanup
[2022-06-13T02:25:57.301+0000][1][safepoint    ] Leaving safepoint region
[2022-06-13T02:25:57.302+0000][1][safepoint    ] Total time for which application threads were stopped: 0.0006385 seconds, Stopping threads took: 0.0003066 seconds
[2022-06-13T02:25:58.302+0000][1][safepoint    ] Application time: 1.0001333 seconds
[2022-06-13T02:25:58.302+0000][1][safepoint    ] Entering safepoint region: Cleanup
[2022-06-13T02:25:58.303+0000][1][safepoint    ] Leaving safepoint region
[2022-06-13T02:25:58.303+0000][1][safepoint    ] Total time for which application threads were stopped: 0.0006274 seconds, Stopping threads took: 0.0003065 seconds
[2022-06-13T02:25:59.304+0000][1][safepoint    ] Application time: 1.0001978 seconds
[2022-06-13T02:25:59.304+0000][1][safepoint    ] Entering safepoint region: Cleanup
[2022-06-13T02:25:59.305+0000][1][safepoint    ] Leaving safepoint region
[2022-06-13T02:25:59.305+0000][1][safepoint    ] Total time for which application threads were stopped: 0.0009085 seconds, Stopping threads took: 0.0004072 seconds
[2022-06-13T02:26:00.306+0000][1][safepoint    ] Application time: 1.0002774 seconds
[2022-06-13T02:26:00.306+0000][1][safepoint    ] Entering safepoint region: Cleanup
[2022-06-13T02:26:00.307+0000][1][safepoint    ] Leaving safepoint region
[2022-06-13T02:26:00.307+0000][1][safepoint    ] Total time for which application threads were stopped: 0.0010512 seconds, Stopping threads took: 0.0004140 seconds
[2022-06-13T02:26:01.604+0000][1][safepoint    ] Application time: 1.2957044 seconds
[2022-06-13T02:26:01.604+0000][1][safepoint    ] Entering safepoint region: Cleanup
[2022-06-13T02:26:01.605+0000][1][safepoint    ] Leaving safepoint region
[2022-06-13T02:26:01.605+0000][1][safepoint    ] Total time for which application threads were stopped: 0.0008370 seconds, Stopping threads took: 0.0004002 seconds
[2022-06-13T02:26:02.606+0000][1][safepoint    ] Application time: 1.0001481 seconds
[2022-06-13T02:26:02.606+0000][1][safepoint    ] Entering safepoint region: Cleanup
[2022-06-13T02:26:02.606+0000][1][safepoint    ] Leaving safepoint region
[2022-06-13T02:26:02.606+0000][1][safepoint    ] Total time for which application threads were stopped: 0.0004047 seconds, Stopping threads took: 0.0001596 seconds
[2022-06-13T02:26:03.607+0000][1][safepoint    ] Application time: 1.0001907 seconds
[2022-06-13T02:26:03.607+0000][1][safepoint    ] Entering safepoint region: Cleanup
[2022-06-13T02:26:03.607+0000][1][safepoint    ] Leaving safepoint region
[2022-06-13T02:26:03.608+0000][1][safepoint    ] Total time for which application threads were stopped: 0.0006258 seconds, Stopping threads took: 0.0002970 seconds
[2022-06-13T02:26:04.608+0000][1][safepoint    ] Application time: 1.0001096 seconds
[2022-06-13T02:26:04.608+0000][1][safepoint    ] Entering safepoint region: Cleanup
[2022-06-13T02:26:04.609+0000][1][safepoint    ] Leaving safepoint region
[2022-06-13T02:26:04.609+0000][1][safepoint    ] Total time for which application threads were stopped: 0.0005294 seconds, Stopping threads took: 0.0002249 seconds
[2022-06-13T02:26:05.609+0000][1][safepoint    ] Application time: 1.0001796 seconds
[2022-06-13T02:26:05.610+0000][1][safepoint    ] Entering safepoint region: Cleanup
[2022-06-13T02:26:05.610+0000][1][safepoint    ] Leaving safepoint region
[2022-06-13T02:26:05.610+0000][1][safepoint    ] Total time for which application threads were stopped: 0.0005550 seconds, Stopping threads took: 0.0002355 seconds
[2022-06-13T02:26:06.611+0000][1][safepoint    ] Application time: 1.0001843 seconds
[2022-06-13T02:26:06.611+0000][1][safepoint    ] Entering safepoint region: Cleanup
[2022-06-13T02:26:06.612+0000][1][safepoint    ] Leaving safepoint region
[2022-06-13T02:26:06.612+0000][1][safepoint    ] Total time for which application threads were stopped: 0.0008013 seconds, Stopping threads took: 0.0003618 seconds
[2022-06-13T02:26:07.613+0000][1][safepoint    ] Application time: 1.0002693 seconds
[2022-06-13T02:26:07.613+0000][1][safepoint    ] Entering safepoint region: Cleanup
[2022-06-13T02:26:07.614+0000][1][safepoint    ] Leaving safepoint region
[2022-06-13T02:26:07.614+0000][1][safepoint    ] Total time for which application threads were stopped: 0.0007555 seconds, Stopping threads took: 0.0004187 seconds
[2022-06-13T02:26:08.615+0000][1][safepoint    ] Application time: 1.0002028 seconds
[2022-06-13T02:26:08.615+0000][1][safepoint    ] Entering safepoint region: Cleanup
[2022-06-13T02:26:08.616+0000][1][safepoint    ] Leaving safepoint region
[2022-06-13T02:26:08.616+0000][1][safepoint    ] Total time for which application threads were stopped: 0.0011121 seconds, Stopping threads took: 0.0005437 seconds
[2022-06-13T02:26:09.617+0000][1][safepoint    ] Application time: 1.0001969 seconds
[2022-06-13T02:26:09.617+0000][1][safepoint    ] Entering safepoint region: Cleanup
[2022-06-13T02:26:09.618+0000][1][safepoint    ] Leaving safepoint region
[2022-06-13T02:26:09.618+0000][1][safepoint    ] Total time for which application threads were stopped: 0.0008961 seconds, Stopping threads took: 0.0004342 seconds
[2022-06-13T02:26:10.619+0000][1][safepoint    ] Application time: 1.0001511 seconds
[2022-06-13T02:26:10.619+0000][1][safepoint    ] Entering safepoint region: Cleanup
[2022-06-13T02:26:10.620+0000][1][safepoint    ] Leaving safepoint region
[2022-06-13T02:26:10.620+0000][1][safepoint    ] Total time for which application threads were stopped: 0.0003677 seconds, Stopping threads took: 0.0001695 seconds
[2022-06-13T02:26:11.620+0000][1][safepoint    ] Application time: 1.0001163 seconds
[2022-06-13T02:26:11.620+0000][1][safepoint    ] Entering safepoint region: Cleanup
[2022-06-13T02:26:11.621+0000][1][safepoint    ] Leaving safepoint region
[2022-06-13T02:26:11.621+0000][1][safepoint    ] Total time for which application threads were stopped: 0.0007912 seconds, Stopping threads took: 0.0003198 seconds
[2022-06-13T02:26:12.621+0000][1][safepoint    ] Application time: 1.0001876 seconds
[2022-06-13T02:26:12.622+0000][1][safepoint    ] Entering safepoint region: Cleanup
[2022-06-13T02:26:12.622+0000][1][safepoint    ] Leaving safepoint region
[2022-06-13T02:26:12.623+0000][1][safepoint    ] Total time for which application threads were stopped: 0.0008897 seconds, Stopping threads took: 0.0002986 seconds
[2022-06-13T02:26:13.623+0000][1][safepoint    ] Application time: 1.0002459 seconds
[2022-06-13T02:26:13.624+0000][1][safepoint    ] Entering safepoint region: Cleanup
[2022-06-13T02:26:13.624+0000][1][safepoint    ] Leaving safepoint region
[2022-06-13T02:26:13.625+0000][1][safepoint    ] Total time for which application threads were stopped: 0.0006346 seconds, Stopping threads took: 0.0003013 seconds
[2022-06-13T02:26:14.625+0000][1][safepoint    ] Application time: 1.0001841 seconds
[2022-06-13T02:26:14.626+0000][1][safepoint    ] Entering safepoint region: Cleanup
[2022-06-13T02:26:14.627+0000][1][safepoint    ] Leaving safepoint region
[2022-06-13T02:26:14.627+0000][1][safepoint    ] Total time for which application threads were stopped: 0.0012321 seconds, Stopping threads took: 0.0005441 seconds
[2022-06-13T02:26:15.628+0000][1][safepoint    ] Application time: 1.0001300 seconds
[2022-06-13T02:26:15.629+0000][1][safepoint    ] Entering safepoint region: Cleanup
[2022-06-13T02:26:15.630+0000][1][safepoint    ] Leaving safepoint region
[2022-06-13T02:26:15.630+0000][1][safepoint    ] Total time for which application threads were stopped: 0.0009696 seconds, Stopping threads took: 0.0006940 seconds
[2022-06-13T02:26:16.630+0000][1][safepoint    ] Application time: 1.0002406 seconds
[2022-06-13T02:26:16.631+0000][1][safepoint    ] Entering safepoint region: Cleanup
[2022-06-13T02:26:16.631+0000][1][safepoint    ] Leaving safepoint region
[2022-06-13T02:26:16.632+0000][1][safepoint    ] Total time for which application threads were stopped: 0.0008229 seconds, Stopping threads took: 0.0004107 seconds
[2022-06-13T02:26:17.632+0000][1][safepoint    ] Application time: 1.0002534 seconds
[2022-06-13T02:26:17.633+0000][1][safepoint    ] Entering safepoint region: Cleanup
[2022-06-13T02:26:17.633+0000][1][safepoint    ] Leaving safepoint region
[2022-06-13T02:26:17.634+0000][1][safepoint    ] Total time for which application threads were stopped: 0.0007691 seconds, Stopping threads took: 0.0003728 seconds
[2022-06-13T02:26:18.634+0000][1][safepoint    ] Application time: 1.0002223 seconds
[2022-06-13T02:26:18.635+0000][1][safepoint    ] Entering safepoint region: Cleanup
[2022-06-13T02:26:18.636+0000][1][safepoint    ] Leaving safepoint region
[2022-06-13T02:26:18.636+0000][1][safepoint    ] Total time for which application threads were stopped: 0.0011025 seconds, Stopping threads took: 0.0005095 seconds
[2022-06-13T02:26:19.637+0000][1][safepoint    ] Application time: 1.0002243 seconds
[2022-06-13T02:26:19.637+0000][1][safepoint    ] Entering safepoint region: Cleanup
[2022-06-13T02:26:19.638+0000][1][safepoint    ] Leaving safepoint region
[2022-06-13T02:26:19.638+0000][1][safepoint    ] Total time for which application threads were stopped: 0.0006820 seconds, Stopping threads took: 0.0003371 seconds
[2022-06-13T02:26:20.639+0000][1][safepoint    ] Application time: 1.0001842 seconds
[2022-06-13T02:26:20.639+0000][1][safepoint    ] Entering safepoint region: Cleanup
[2022-06-13T02:26:20.639+0000][1][safepoint    ] Leaving safepoint region
[2022-06-13T02:26:20.639+0000][1][safepoint    ] Total time for which application threads were stopped: 0.0005547 seconds, Stopping threads took: 0.0001757 seconds
[2022-06-13T02:26:21.640+0000][1][safepoint    ] Application time: 1.0001604 seconds
[2022-06-13T02:26:21.640+0000][1][safepoint    ] Entering safepoint region: Cleanup
[2022-06-13T02:26:21.641+0000][1][safepoint    ] Leaving safepoint region
[2022-06-13T02:26:21.641+0000][1][safepoint    ] Total time for which application threads were stopped: 0.0003956 seconds, Stopping threads took: 0.0001861 seconds
[2022-06-13T02:26:22.641+0000][1][safepoint    ] Application time: 1.0001664 seconds
[2022-06-13T02:26:22.641+0000][1][safepoint    ] Entering safepoint region: Cleanup
[2022-06-13T02:26:22.642+0000][1][safepoint    ] Leaving safepoint region
[2022-06-13T02:26:22.642+0000][1][safepoint    ] Total time for which application threads were stopped: 0.0007640 seconds, Stopping threads took: 0.0004288 seconds
[2022-06-13T02:26:23.642+0000][1][safepoint    ] Application time: 1.0001612 seconds
[2022-06-13T02:26:23.643+0000][1][safepoint    ] Entering safepoint region: Cleanup
[2022-06-13T02:26:23.643+0000][1][safepoint    ] Leaving safepoint region
[2022-06-13T02:26:23.644+0000][1][safepoint    ] Total time for which application threads were stopped: 0.0008204 seconds, Stopping threads took: 0.0003131 seconds
[2022-06-13T02:26:24.644+0000][1][safepoint    ] Application time: 1.0001325 seconds
[2022-06-13T02:26:24.645+0000][1][safepoint    ] Entering safepoint region: Cleanup
[2022-06-13T02:26:24.645+0000][1][safepoint    ] Leaving safepoint region
[2022-06-13T02:26:24.645+0000][1][safepoint    ] Total time for which application threads were stopped: 0.0008827 seconds, Stopping threads took: 0.0004072 seconds
[2022-06-13T02:26:25.646+0000][1][safepoint    ] Application time: 1.0001999 seconds
[2022-06-13T02:26:25.647+0000][1][safepoint    ] Entering safepoint region: Cleanup
[2022-06-13T02:26:25.647+0000][1][safepoint    ] Leaving safepoint region
[2022-06-13T02:26:25.648+0000][1][safepoint    ] Total time for which application threads were stopped: 0.0010907 seconds, Stopping threads took: 0.0005226 seconds
[2022-06-13T02:26:26.649+0000][1][safepoint    ] Application time: 1.0003084 seconds
[2022-06-13T02:26:26.649+0000][1][safepoint    ] Entering safepoint region: Cleanup
[2022-06-13T02:26:26.650+0000][1][safepoint    ] Leaving safepoint region
[2022-06-13T02:26:26.650+0000][1][safepoint    ] Total time for which application threads were stopped: 0.0008334 seconds, Stopping threads took: 0.0004167 seconds
[2022-06-13T02:26:27.651+0000][1][safepoint    ] Application time: 1.0001305 seconds
[2022-06-13T02:26:27.651+0000][1][safepoint    ] Entering safepoint region: Cleanup
[2022-06-13T02:26:27.651+0000][1][safepoint    ] Leaving safepoint region
[2022-06-13T02:26:27.651+0000][1][safepoint    ] Total time for which application threads were stopped: 0.0004958 seconds, Stopping threads took: 0.0002419 seconds
[2022-06-13T02:26:28.652+0000][1][safepoint    ] Application time: 1.0001965 seconds
[2022-06-13T02:26:28.652+0000][1][safepoint    ] Entering safepoint region: Cleanup
[2022-06-13T02:26:28.653+0000][1][safepoint    ] Leaving safepoint region
[2022-06-13T02:26:28.653+0000][1][safepoint    ] Total time for which application threads were stopped: 0.0008578 seconds, Stopping threads took: 0.0003863 seconds
[2022-06-13T02:26:59.615+0000][1][safepoint    ] Application time: 30.9614222 seconds
[2022-06-13T02:26:59.616+0000][1][safepoint    ] Entering safepoint region: Cleanup
[2022-06-13T02:26:59.616+0000][1][safepoint    ] Leaving safepoint region
[2022-06-13T02:26:59.617+0000][1][safepoint    ] Total time for which application threads were stopped: 0.0009444 seconds, Stopping threads took: 0.0004402 seconds
[2022-06-13T02:27:03.617+0000][1][safepoint    ] Application time: 4.0006120 seconds
[2022-06-13T02:27:03.618+0000][1][safepoint    ] Entering safepoint region: Cleanup
[2022-06-13T02:27:03.619+0000][1][safepoint    ] Leaving safepoint region
[2022-06-13T02:27:03.619+0000][1][safepoint    ] Total time for which application threads were stopped: 0.0008614 seconds, Stopping threads took: 0.0004060 seconds
[2022-06-13T02:27:09.621+0000][1][safepoint    ] Application time: 6.0014737 seconds
[2022-06-13T02:27:09.621+0000][1][safepoint    ] Entering safepoint region: Cleanup
[2022-06-13T02:27:09.622+0000][1][safepoint    ] Leaving safepoint region
[2022-06-13T02:27:09.622+0000][1][safepoint    ] Total time for which application threads were stopped: 0.0009656 seconds, Stopping threads took: 0.0004574 seconds
[2022-06-13T02:27:28.627+0000][1][safepoint    ] Application time: 19.0042217 seconds
[2022-06-13T02:27:28.627+0000][1][safepoint    ] Entering safepoint region: Cleanup
[2022-06-13T02:27:28.628+0000][1][safepoint    ] Leaving safepoint region
[2022-06-13T02:27:28.628+0000][1][safepoint    ] Total time for which application threads were stopped: 0.0006195 seconds, Stopping threads took: 0.0003026 seconds
[2022-06-13T02:27:41.630+0000][1][safepoint    ] Application time: 13.0022297 seconds
[2022-06-13T02:27:41.631+0000][1][safepoint    ] Entering safepoint region: Cleanup
[2022-06-13T02:27:41.631+0000][1][safepoint    ] Leaving safepoint region
[2022-06-13T02:27:41.631+0000][1][safepoint    ] Total time for which application threads were stopped: 0.0006655 seconds, Stopping threads took: 0.0004386 seconds
[2022-06-13T02:27:42.632+0000][1][safepoint    ] Application time: 1.0001368 seconds
[2022-06-13T02:27:42.632+0000][1][safepoint    ] Entering safepoint region: Cleanup
[2022-06-13T02:27:42.633+0000][1][safepoint    ] Leaving safepoint region
[2022-06-13T02:27:42.633+0000][1][safepoint    ] Total time for which application threads were stopped: 0.0009249 seconds, Stopping threads took: 0.0005356 seconds
[2022-06-13T02:27:43.634+0000][1][safepoint    ] Application time: 1.0002130 seconds
[2022-06-13T02:27:43.635+0000][1][safepoint    ] Entering safepoint region: Cleanup
[2022-06-13T02:27:43.635+0000][1][safepoint    ] Leaving safepoint region
[2022-06-13T02:27:43.636+0000][1][safepoint    ] Total time for which application threads were stopped: 0.0008876 seconds, Stopping threads took: 0.0004643 seconds
[2022-06-13T02:27:44.636+0000][1][safepoint    ] Application time: 1.0002587 seconds
[2022-06-13T02:27:44.637+0000][1][safepoint    ] Entering safepoint region: Cleanup
[2022-06-13T02:27:44.637+0000][1][safepoint    ] Leaving safepoint region
[2022-06-13T02:27:44.637+0000][1][safepoint    ] Total time for which application threads were stopped: 0.0006231 seconds, Stopping threads took: 0.0002841 seconds
[2022-06-13T02:27:45.638+0000][1][safepoint    ] Application time: 1.0001370 seconds
[2022-06-13T02:27:45.638+0000][1][safepoint    ] Entering safepoint region: Cleanup
[2022-06-13T02:27:45.639+0000][1][safepoint    ] Leaving safepoint region
[2022-06-13T02:27:45.639+0000][1][safepoint    ] Total time for which application threads were stopped: 0.0007882 seconds, Stopping threads took: 0.0002757 seconds
[2022-06-13T02:27:46.639+0000][1][safepoint    ] Application time: 1.0001983 seconds
[2022-06-13T02:27:46.640+0000][1][safepoint    ] Entering safepoint region: Cleanup
[2022-06-13T02:27:46.640+0000][1][safepoint    ] Leaving safepoint region
[2022-06-13T02:27:46.641+0000][1][safepoint    ] Total time for which application threads were stopped: 0.0007735 seconds, Stopping threads took: 0.0003883 seconds
[2022-06-13T02:27:47.641+0000][1][safepoint    ] Application time: 1.0001162 seconds
[2022-06-13T02:27:47.642+0000][1][safepoint    ] Entering safepoint region: Cleanup
[2022-06-13T02:27:47.642+0000][1][safepoint    ] Leaving safepoint region
[2022-06-13T02:27:47.643+0000][1][safepoint    ] Total time for which application threads were stopped: 0.0009308 seconds, Stopping threads took: 0.0004039 seconds
[2022-06-13T02:27:47.652+0000][1][safepoint    ] Application time: 0.0088424 seconds
[2022-06-13T02:27:47.653+0000][1][safepoint    ] Entering safepoint region: GenCollectForAllocation
[2022-06-13T02:27:47.653+0000][1][gc,start     ] GC(28) Pause Young (Allocation Failure)
[2022-06-13T02:27:47.654+0000][1][gc,task      ] GC(28) Using 5 workers of 13 for evacuation
[2022-06-13T02:27:47.657+0000][1][gc,age       ] GC(28) Desired survivor size 4456448 bytes, new threshold 6 (max threshold 6)
[2022-06-13T02:27:47.657+0000][1][gc,age       ] GC(28) Age table with threshold 6 (max threshold 6)
[2022-06-13T02:27:47.658+0000][1][gc,age       ] GC(28) - age   1:      31704 bytes,      31704 total
[2022-06-13T02:27:47.658+0000][1][gc,age       ] GC(28) - age   2:      14968 bytes,      46672 total
[2022-06-13T02:27:47.659+0000][1][gc,age       ] GC(28) - age   3:      13296 bytes,      59968 total
[2022-06-13T02:27:47.659+0000][1][gc,age       ] GC(28) - age   4:      29984 bytes,      89952 total
[2022-06-13T02:27:47.660+0000][1][gc,age       ] GC(28) - age   5:      32568 bytes,     122520 total
[2022-06-13T02:27:47.660+0000][1][gc,age       ] GC(28) - age   6:      64648 bytes,     187168 total
[2022-06-13T02:27:47.660+0000][1][gc,heap      ] GC(28) ParNew: 72282K->1469K(78656K)
[2022-06-13T02:27:47.661+0000][1][gc,heap      ] GC(28) CMS: 67806K->69132K(174784K)
[2022-06-13T02:27:47.661+0000][1][gc,metaspace ] GC(28) Metaspace: 65312K->65312K(1110016K)
[2022-06-13T02:27:47.662+0000][1][gc           ] GC(28) Pause Young (Allocation Failure) 136M->68M(247M) 8.670ms
[2022-06-13T02:27:47.662+0000][1][gc,cpu       ] GC(28) User=0.02s Sys=0.00s Real=0.01s
[2022-06-13T02:27:47.663+0000][1][safepoint    ] Leaving safepoint region
[2022-06-13T02:27:47.663+0000][1][safepoint    ] Total time for which application threads were stopped: 0.0105479 seconds, Stopping threads took: 0.0004352 seconds
[2022-06-13T02:27:48.664+0000][1][safepoint    ] Application time: 1.0001976 seconds
[2022-06-13T02:27:48.664+0000][1][safepoint    ] Entering safepoint region: Cleanup
[2022-06-13T02:27:48.665+0000][1][safepoint    ] Leaving safepoint region
[2022-06-13T02:27:48.665+0000][1][safepoint    ] Total time for which application threads were stopped: 0.0008944 seconds, Stopping threads took: 0.0004125 seconds
[2022-06-13T02:27:49.666+0000][1][safepoint    ] Application time: 1.0002609 seconds
[2022-06-13T02:27:49.666+0000][1][safepoint    ] Entering safepoint region: Cleanup
[2022-06-13T02:27:49.667+0000][1][safepoint    ] Leaving safepoint region
[2022-06-13T02:27:49.667+0000][1][safepoint    ] Total time for which application threads were stopped: 0.0010145 seconds, Stopping threads took: 0.0004092 seconds
[2022-06-13T02:27:50.667+0000][1][safepoint    ] Application time: 1.0001797 seconds
[2022-06-13T02:27:50.668+0000][1][safepoint    ] Entering safepoint region: Cleanup
[2022-06-13T02:27:50.668+0000][1][safepoint    ] Leaving safepoint region
[2022-06-13T02:27:50.668+0000][1][safepoint    ] Total time for which application threads were stopped: 0.0003417 seconds, Stopping threads took: 0.0001227 seconds
[2022-06-13T02:27:51.668+0000][1][safepoint    ] Application time: 1.0001853 seconds
[2022-06-13T02:27:51.669+0000][1][safepoint    ] Entering safepoint region: Cleanup
[2022-06-13T02:27:51.670+0000][1][safepoint    ] Leaving safepoint region
[2022-06-13T02:27:51.670+0000][1][safepoint    ] Total time for which application threads were stopped: 0.0011415 seconds, Stopping threads took: 0.0006007 seconds
[2022-06-13T02:27:52.671+0000][1][safepoint    ] Application time: 1.0002023 seconds
[2022-06-13T02:27:52.671+0000][1][safepoint    ] Entering safepoint region: Cleanup
[2022-06-13T02:27:52.672+0000][1][safepoint    ] Leaving safepoint region
[2022-06-13T02:27:52.672+0000][1][safepoint    ] Total time for which application threads were stopped: 0.0007410 seconds, Stopping threads took: 0.0003068 seconds
[2022-06-13T02:27:53.673+0000][1][safepoint    ] Application time: 1.0003613 seconds
[2022-06-13T02:27:53.673+0000][1][safepoint    ] Entering safepoint region: Cleanup
[2022-06-13T02:27:53.674+0000][1][safepoint    ] Leaving safepoint region
[2022-06-13T02:27:53.674+0000][1][safepoint    ] Total time for which application threads were stopped: 0.0009989 seconds, Stopping threads took: 0.0003858 seconds
[2022-06-13T02:27:54.675+0000][1][safepoint    ] Application time: 1.0001260 seconds
[2022-06-13T02:27:54.676+0000][1][safepoint    ] Entering safepoint region: Cleanup
[2022-06-13T02:27:54.676+0000][1][safepoint    ] Leaving safepoint region
[2022-06-13T02:27:54.676+0000][1][safepoint    ] Total time for which application threads were stopped: 0.0005125 seconds, Stopping threads took: 0.0002159 seconds
[2022-06-13T02:27:55.677+0000][1][safepoint    ] Application time: 1.0001741 seconds
[2022-06-13T02:27:55.677+0000][1][safepoint    ] Entering safepoint region: Cleanup
[2022-06-13T02:27:55.678+0000][1][safepoint    ] Leaving safepoint region
[2022-06-13T02:27:55.678+0000][1][safepoint    ] Total time for which application threads were stopped: 0.0009962 seconds, Stopping threads took: 0.0004869 seconds
[2022-06-13T02:27:56.679+0000][1][safepoint    ] Application time: 1.0001439 seconds
[2022-06-13T02:27:56.679+0000][1][safepoint    ] Entering safepoint region: Cleanup
[2022-06-13T02:27:56.680+0000][1][safepoint    ] Leaving safepoint region
[2022-06-13T02:27:56.680+0000][1][safepoint    ] Total time for which application threads were stopped: 0.0009625 seconds, Stopping threads took: 0.0004716 seconds
[2022-06-13T02:27:57.681+0000][1][safepoint    ] Application time: 1.0002395 seconds
[2022-06-13T02:27:57.681+0000][1][safepoint    ] Entering safepoint region: Cleanup
[2022-06-13T02:27:57.682+0000][1][safepoint    ] Leaving safepoint region
[2022-06-13T02:27:57.682+0000][1][safepoint    ] Total time for which application threads were stopped: 0.0008885 seconds, Stopping threads took: 0.0004186 seconds
[2022-06-13T02:27:58.683+0000][1][safepoint    ] Application time: 1.0002747 seconds
[2022-06-13T02:27:58.683+0000][1][safepoint    ] Entering safepoint region: Cleanup
[2022-06-13T02:27:58.684+0000][1][safepoint    ] Leaving safepoint region
[2022-06-13T02:27:58.684+0000][1][safepoint    ] Total time for which application threads were stopped: 0.0007838 seconds, Stopping threads took: 0.0003865 seconds
[2022-06-13T02:27:59.685+0000][1][safepoint    ] Application time: 1.0003794 seconds
[2022-06-13T02:27:59.686+0000][1][safepoint    ] Entering safepoint region: Cleanup
[2022-06-13T02:27:59.686+0000][1][safepoint    ] Leaving safepoint region
[2022-06-13T02:27:59.686+0000][1][safepoint    ] Total time for which application threads were stopped: 0.0008588 seconds, Stopping threads took: 0.0004184 seconds
[2022-06-13T02:28:00.687+0000][1][safepoint    ] Application time: 1.0003322 seconds
[2022-06-13T02:28:00.688+0000][1][safepoint    ] Entering safepoint region: Cleanup
[2022-06-13T02:28:00.688+0000][1][safepoint    ] Leaving safepoint region
[2022-06-13T02:28:00.688+0000][1][safepoint    ] Total time for which application threads were stopped: 0.0006018 seconds, Stopping threads took: 0.0002784 seconds
[2022-06-13T02:28:01.689+0000][1][safepoint    ] Application time: 1.0002405 seconds
[2022-06-13T02:28:01.689+0000][1][safepoint    ] Entering safepoint region: Cleanup
[2022-06-13T02:28:01.690+0000][1][safepoint    ] Leaving safepoint region
[2022-06-13T02:28:01.690+0000][1][safepoint    ] Total time for which application threads were stopped: 0.0008482 seconds, Stopping threads took: 0.0004253 seconds
[2022-06-13T02:28:02.691+0000][1][safepoint    ] Application time: 1.0002328 seconds
[2022-06-13T02:28:02.691+0000][1][safepoint    ] Entering safepoint region: Cleanup
[2022-06-13T02:28:02.692+0000][1][safepoint    ] Leaving safepoint region
[2022-06-13T02:28:02.692+0000][1][safepoint    ] Total time for which application threads were stopped: 0.0007235 seconds, Stopping threads took: 0.0002055 seconds
[2022-06-13T02:28:03.693+0000][1][safepoint    ] Application time: 1.0001079 seconds
[2022-06-13T02:28:03.693+0000][1][safepoint    ] Entering safepoint region: Cleanup
[2022-06-13T02:28:03.694+0000][1][safepoint    ] Leaving safepoint region
[2022-06-13T02:28:03.694+0000][1][safepoint    ] Total time for which application threads were stopped: 0.0010137 seconds, Stopping threads took: 0.0005216 seconds
[2022-06-13T02:28:04.695+0000][1][safepoint    ] Application time: 1.0001975 seconds
[2022-06-13T02:28:04.695+0000][1][safepoint    ] Entering safepoint region: Cleanup
[2022-06-13T02:28:04.696+0000][1][safepoint    ] Leaving safepoint region
[2022-06-13T02:28:04.696+0000][1][safepoint    ] Total time for which application threads were stopped: 0.0007789 seconds, Stopping threads took: 0.0003351 seconds
[2022-06-13T02:28:05.696+0000][1][safepoint    ] Application time: 1.0001699 seconds
[2022-06-13T02:28:05.697+0000][1][safepoint    ] Entering safepoint region: Cleanup
[2022-06-13T02:28:05.697+0000][1][safepoint    ] Leaving safepoint region
[2022-06-13T02:28:05.697+0000][1][safepoint    ] Total time for which application threads were stopped: 0.0006223 seconds, Stopping threads took: 0.0002950 seconds
[2022-06-13T02:28:06.698+0000][1][safepoint    ] Application time: 1.0002455 seconds
[2022-06-13T02:28:06.698+0000][1][safepoint    ] Entering safepoint region: Cleanup
[2022-06-13T02:28:06.699+0000][1][safepoint    ] Leaving safepoint region
[2022-06-13T02:28:06.699+0000][1][safepoint    ] Total time for which application threads were stopped: 0.0009284 seconds, Stopping threads took: 0.0004054 seconds
[2022-06-13T02:28:07.700+0000][1][safepoint    ] Application time: 1.0002364 seconds
[2022-06-13T02:28:07.700+0000][1][safepoint    ] Entering safepoint region: Cleanup
[2022-06-13T02:28:07.701+0000][1][safepoint    ] Leaving safepoint region
[2022-06-13T02:28:07.701+0000][1][safepoint    ] Total time for which application threads were stopped: 0.0006311 seconds, Stopping threads took: 0.0003131 seconds
[2022-06-13T02:28:08.701+0000][1][safepoint    ] Application time: 1.0002084 seconds
[2022-06-13T02:28:08.702+0000][1][safepoint    ] Entering safepoint region: Cleanup
[2022-06-13T02:28:08.702+0000][1][safepoint    ] Leaving safepoint region
[2022-06-13T02:28:08.703+0000][1][safepoint    ] Total time for which application threads were stopped: 0.0007917 seconds, Stopping threads took: 0.0003681 seconds
[2022-06-13T02:28:09.703+0000][1][safepoint    ] Application time: 1.0001183 seconds
[2022-06-13T02:28:09.704+0000][1][safepoint    ] Entering safepoint region: Cleanup
[2022-06-13T02:28:09.704+0000][1][safepoint    ] Leaving safepoint region
[2022-06-13T02:28:09.704+0000][1][safepoint    ] Total time for which application threads were stopped: 0.0007781 seconds, Stopping threads took: 0.0003426 seconds
[2022-06-13T02:28:10.705+0000][1][safepoint    ] Application time: 1.0001097 seconds
[2022-06-13T02:28:10.706+0000][1][safepoint    ] Entering safepoint region: Cleanup
[2022-06-13T02:28:10.706+0000][1][safepoint    ] Leaving safepoint region
[2022-06-13T02:28:10.706+0000][1][safepoint    ] Total time for which application threads were stopped: 0.0007703 seconds, Stopping threads took: 0.0003863 seconds
[2022-06-13T02:28:11.707+0000][1][safepoint    ] Application time: 1.0002859 seconds
[2022-06-13T02:28:11.708+0000][1][safepoint    ] Entering safepoint region: Cleanup
[2022-06-13T02:28:11.708+0000][1][safepoint    ] Leaving safepoint region
[2022-06-13T02:28:11.709+0000][1][safepoint    ] Total time for which application threads were stopped: 0.0007745 seconds, Stopping threads took: 0.0003634 seconds
[2022-06-13T02:28:12.709+0000][1][safepoint    ] Application time: 1.0001474 seconds
[2022-06-13T02:28:12.710+0000][1][safepoint    ] Entering safepoint region: Cleanup
[2022-06-13T02:28:12.710+0000][1][safepoint    ] Leaving safepoint region
[2022-06-13T02:28:12.711+0000][1][safepoint    ] Total time for which application threads were stopped: 0.0008510 seconds, Stopping threads took: 0.0004010 seconds
[2022-06-13T02:28:13.711+0000][1][safepoint    ] Application time: 1.0002899 seconds
[2022-06-13T02:28:13.712+0000][1][safepoint    ] Entering safepoint region: Cleanup
[2022-06-13T02:28:13.712+0000][1][safepoint    ] Leaving safepoint region
[2022-06-13T02:28:13.713+0000][1][safepoint    ] Total time for which application threads were stopped: 0.0007941 seconds, Stopping threads took: 0.0003673 seconds
[2022-06-13T02:28:14.713+0000][1][safepoint    ] Application time: 1.0001323 seconds
[2022-06-13T02:28:14.714+0000][1][safepoint    ] Entering safepoint region: Cleanup
[2022-06-13T02:28:14.714+0000][1][safepoint    ] Leaving safepoint region
[2022-06-13T02:28:14.715+0000][1][safepoint    ] Total time for which application threads were stopped: 0.0007151 seconds, Stopping threads took: 0.0003305 seconds
[2022-06-13T02:28:15.715+0000][1][safepoint    ] Application time: 1.0002354 seconds
[2022-06-13T02:28:15.716+0000][1][safepoint    ] Entering safepoint region: Cleanup
[2022-06-13T02:28:15.716+0000][1][safepoint    ] Leaving safepoint region
[2022-06-13T02:28:15.717+0000][1][safepoint    ] Total time for which application threads were stopped: 0.0009999 seconds, Stopping threads took: 0.0004635 seconds
[2022-06-13T02:28:16.717+0000][1][safepoint    ] Application time: 1.0001106 seconds
[2022-06-13T02:28:16.718+0000][1][safepoint    ] Entering safepoint region: Cleanup
[2022-06-13T02:28:16.718+0000][1][safepoint    ] Leaving safepoint region
[2022-06-13T02:28:16.719+0000][1][safepoint    ] Total time for which application threads were stopped: 0.0009714 seconds, Stopping threads took: 0.0004563 seconds
[2022-06-13T02:28:17.719+0000][1][safepoint    ] Application time: 1.0002805 seconds
[2022-06-13T02:28:17.720+0000][1][safepoint    ] Entering safepoint region: Cleanup
[2022-06-13T02:28:17.720+0000][1][safepoint    ] Leaving safepoint region
[2022-06-13T02:28:17.720+0000][1][safepoint    ] Total time for which application threads were stopped: 0.0005711 seconds, Stopping threads took: 0.0002203 seconds
[2022-06-13T02:28:18.721+0000][1][safepoint    ] Application time: 1.0001499 seconds
[2022-06-13T02:28:18.721+0000][1][safepoint    ] Entering safepoint region: Cleanup
[2022-06-13T02:28:18.722+0000][1][safepoint    ] Leaving safepoint region
[2022-06-13T02:28:18.722+0000][1][safepoint    ] Total time for which application threads were stopped: 0.0009453 seconds, Stopping threads took: 0.0004090 seconds
[2022-06-13T02:28:19.723+0000][1][safepoint    ] Application time: 1.0002046 seconds
[2022-06-13T02:28:19.723+0000][1][safepoint    ] Entering safepoint region: Cleanup
[2022-06-13T02:28:19.724+0000][1][safepoint    ] Leaving safepoint region
[2022-06-13T02:28:19.724+0000][1][safepoint    ] Total time for which application threads were stopped: 0.0005643 seconds, Stopping threads took: 0.0002610 seconds
[2022-06-13T02:28:20.724+0000][1][safepoint    ] Application time: 1.0002577 seconds
[2022-06-13T02:28:20.725+0000][1][safepoint    ] Entering safepoint region: Cleanup
[2022-06-13T02:28:20.726+0000][1][safepoint    ] Leaving safepoint region
[2022-06-13T02:28:20.726+0000][1][safepoint    ] Total time for which application threads were stopped: 0.0010762 seconds, Stopping threads took: 0.0004396 seconds
[2022-06-13T02:28:21.727+0000][1][safepoint    ] Application time: 1.0002409 seconds
[2022-06-13T02:28:21.728+0000][1][safepoint    ] Entering safepoint region: Cleanup
[2022-06-13T02:28:21.728+0000][1][safepoint    ] Leaving safepoint region
[2022-06-13T02:28:21.729+0000][1][safepoint    ] Total time for which application threads were stopped: 0.0008052 seconds, Stopping threads took: 0.0003828 seconds
[2022-06-13T02:28:22.729+0000][1][safepoint    ] Application time: 1.0002963 seconds
[2022-06-13T02:28:22.730+0000][1][safepoint    ] Entering safepoint region: Cleanup
[2022-06-13T02:28:22.730+0000][1][safepoint    ] Leaving safepoint region
[2022-06-13T02:28:22.731+0000][1][safepoint    ] Total time for which application threads were stopped: 0.0007645 seconds, Stopping threads took: 0.0003531 seconds
[2022-06-13T02:28:23.731+0000][1][safepoint    ] Application time: 1.0002455 seconds
[2022-06-13T02:28:23.732+0000][1][safepoint    ] Entering safepoint region: Cleanup
[2022-06-13T02:28:23.732+0000][1][safepoint    ] Leaving safepoint region
[2022-06-13T02:28:23.733+0000][1][safepoint    ] Total time for which application threads were stopped: 0.0007992 seconds, Stopping threads took: 0.0003882 seconds
[2022-06-13T02:28:24.733+0000][1][safepoint    ] Application time: 1.0001871 seconds
[2022-06-13T02:28:24.734+0000][1][safepoint    ] Entering safepoint region: Cleanup
[2022-06-13T02:28:24.734+0000][1][safepoint    ] Leaving safepoint region
[2022-06-13T02:28:24.735+0000][1][safepoint    ] Total time for which application threads were stopped: 0.0008135 seconds, Stopping threads took: 0.0003910 seconds
[2022-06-13T02:28:25.735+0000][1][safepoint    ] Application time: 1.0001362 seconds
[2022-06-13T02:28:25.735+0000][1][safepoint    ] Entering safepoint region: Cleanup
[2022-06-13T02:28:25.736+0000][1][safepoint    ] Leaving safepoint region
[2022-06-13T02:28:25.736+0000][1][safepoint    ] Total time for which application threads were stopped: 0.0007141 seconds, Stopping threads took: 0.0003502 seconds
[2022-06-13T02:28:26.737+0000][1][safepoint    ] Application time: 1.0002301 seconds
[2022-06-13T02:28:26.737+0000][1][safepoint    ] Entering safepoint region: Cleanup
[2022-06-13T02:28:26.738+0000][1][safepoint    ] Leaving safepoint region
[2022-06-13T02:28:26.738+0000][1][safepoint    ] Total time for which application threads were stopped: 0.0008398 seconds, Stopping threads took: 0.0004158 seconds
[2022-06-13T02:28:27.739+0000][1][safepoint    ] Application time: 1.0002266 seconds
[2022-06-13T02:28:27.739+0000][1][safepoint    ] Entering safepoint region: Cleanup
[2022-06-13T02:28:27.740+0000][1][safepoint    ] Leaving safepoint region
[2022-06-13T02:28:27.740+0000][1][safepoint    ] Total time for which application threads were stopped: 0.0009816 seconds, Stopping threads took: 0.0004562 seconds
[2022-06-13T02:28:28.741+0000][1][safepoint    ] Application time: 1.0001280 seconds
[2022-06-13T02:28:28.741+0000][1][safepoint    ] Entering safepoint region: Cleanup
[2022-06-13T02:28:28.742+0000][1][safepoint    ] Leaving safepoint region
[2022-06-13T02:28:28.742+0000][1][safepoint    ] Total time for which application threads were stopped: 0.0006221 seconds, Stopping threads took: 0.0002708 seconds
[2022-06-13T02:28:30.689+0000][1][safepoint    ] Application time: 1.9465690 seconds
[2022-06-13T02:28:30.689+0000][1][safepoint    ] Entering safepoint region: Cleanup
[2022-06-13T02:28:30.690+0000][1][safepoint    ] Leaving safepoint region
[2022-06-13T02:28:30.690+0000][1][safepoint    ] Total time for which application threads were stopped: 0.0008479 seconds, Stopping threads took: 0.0004456 seconds
[2022-06-13T02:28:31.691+0000][1][safepoint    ] Application time: 1.0002007 seconds
[2022-06-13T02:28:31.691+0000][1][safepoint    ] Entering safepoint region: Cleanup
[2022-06-13T02:28:31.692+0000][1][safepoint    ] Leaving safepoint region
[2022-06-13T02:28:31.692+0000][1][safepoint    ] Total time for which application threads were stopped: 0.0009500 seconds, Stopping threads took: 0.0005065 seconds
[2022-06-13T02:28:32.693+0000][1][safepoint    ] Application time: 1.0002122 seconds
[2022-06-13T02:28:32.693+0000][1][safepoint    ] Entering safepoint region: Cleanup
[2022-06-13T02:28:32.694+0000][1][safepoint    ] Leaving safepoint region
[2022-06-13T02:28:32.694+0000][1][safepoint    ] Total time for which application threads were stopped: 0.0008780 seconds, Stopping threads took: 0.0003612 seconds
[2022-06-13T02:28:33.694+0000][1][safepoint    ] Application time: 1.0001652 seconds
[2022-06-13T02:28:33.695+0000][1][safepoint    ] Entering safepoint region: Cleanup
[2022-06-13T02:28:33.695+0000][1][safepoint    ] Leaving safepoint region
[2022-06-13T02:28:33.696+0000][1][safepoint    ] Total time for which application threads were stopped: 0.0009314 seconds, Stopping threads took: 0.0004748 seconds
[2022-06-13T02:28:34.696+0000][1][safepoint    ] Application time: 1.0002598 seconds
[2022-06-13T02:28:34.697+0000][1][safepoint    ] Entering safepoint region: Cleanup
[2022-06-13T02:28:34.697+0000][1][safepoint    ] Leaving safepoint region
[2022-06-13T02:28:34.697+0000][1][safepoint    ] Total time for which application threads were stopped: 0.0005169 seconds, Stopping threads took: 0.0002645 seconds
[2022-06-13T02:28:35.698+0000][1][safepoint    ] Application time: 1.0001398 seconds
[2022-06-13T02:28:35.698+0000][1][safepoint    ] Entering safepoint region: Cleanup
[2022-06-13T02:28:35.699+0000][1][safepoint    ] Leaving safepoint region
[2022-06-13T02:28:35.699+0000][1][safepoint    ] Total time for which application threads were stopped: 0.0007213 seconds, Stopping threads took: 0.0003358 seconds
[2022-06-13T02:28:36.700+0000][1][safepoint    ] Application time: 1.0005244 seconds
[2022-06-13T02:28:36.700+0000][1][safepoint    ] Entering safepoint region: Cleanup
[2022-06-13T02:28:36.701+0000][1][safepoint    ] Leaving safepoint region
[2022-06-13T02:28:36.701+0000][1][safepoint    ] Total time for which application threads were stopped: 0.0009540 seconds, Stopping threads took: 0.0004133 seconds
[2022-06-13T02:28:37.702+0000][1][safepoint    ] Application time: 1.0002979 seconds
[2022-06-13T02:28:37.702+0000][1][safepoint    ] Entering safepoint region: Cleanup
[2022-06-13T02:28:37.703+0000][1][safepoint    ] Leaving safepoint region
[2022-06-13T02:28:37.703+0000][1][safepoint    ] Total time for which application threads were stopped: 0.0009256 seconds, Stopping threads took: 0.0004439 seconds
[2022-06-13T02:28:38.704+0000][1][safepoint    ] Application time: 1.0001398 seconds
[2022-06-13T02:28:38.704+0000][1][safepoint    ] Entering safepoint region: Cleanup
[2022-06-13T02:28:38.705+0000][1][safepoint    ] Leaving safepoint region
[2022-06-13T02:28:38.705+0000][1][safepoint    ] Total time for which application threads were stopped: 0.0005469 seconds, Stopping threads took: 0.0002286 seconds
[2022-06-13T02:28:39.705+0000][1][safepoint    ] Application time: 1.0002300 seconds
[2022-06-13T02:28:39.706+0000][1][safepoint    ] Entering safepoint region: Cleanup
[2022-06-13T02:28:39.706+0000][1][safepoint    ] Leaving safepoint region
[2022-06-13T02:28:39.706+0000][1][safepoint    ] Total time for which application threads were stopped: 0.0005887 seconds, Stopping threads took: 0.0002747 seconds
[2022-06-13T02:28:40.707+0000][1][safepoint    ] Application time: 1.0002342 seconds
[2022-06-13T02:28:40.707+0000][1][safepoint    ] Entering safepoint region: Cleanup
[2022-06-13T02:28:40.708+0000][1][safepoint    ] Leaving safepoint region
[2022-06-13T02:28:40.708+0000][1][safepoint    ] Total time for which application threads were stopped: 0.0005868 seconds, Stopping threads took: 0.0002824 seconds
[2022-06-13T02:28:41.708+0000][1][safepoint    ] Application time: 1.0003118 seconds
[2022-06-13T02:28:41.709+0000][1][safepoint    ] Entering safepoint region: Cleanup
[2022-06-13T02:28:41.709+0000][1][safepoint    ] Leaving safepoint region
[2022-06-13T02:28:41.710+0000][1][safepoint    ] Total time for which application threads were stopped: 0.0008313 seconds, Stopping threads took: 0.0004610 seconds
[2022-06-13T02:28:42.710+0000][1][safepoint    ] Application time: 1.0002001 seconds
[2022-06-13T02:28:42.711+0000][1][safepoint    ] Entering safepoint region: Cleanup
[2022-06-13T02:28:42.711+0000][1][safepoint    ] Leaving safepoint region
[2022-06-13T02:28:42.712+0000][1][safepoint    ] Total time for which application threads were stopped: 0.0008866 seconds, Stopping threads took: 0.0004165 seconds
[2022-06-13T02:28:43.712+0000][1][safepoint    ] Application time: 1.0002223 seconds
[2022-06-13T02:28:43.713+0000][1][safepoint    ] Entering safepoint region: Cleanup
[2022-06-13T02:28:43.713+0000][1][safepoint    ] Leaving safepoint region
[2022-06-13T02:28:43.714+0000][1][safepoint    ] Total time for which application threads were stopped: 0.0011024 seconds, Stopping threads took: 0.0005144 seconds
[2022-06-13T02:28:44.715+0000][1][safepoint    ] Application time: 1.0002604 seconds
[2022-06-13T02:28:44.715+0000][1][safepoint    ] Entering safepoint region: Cleanup
[2022-06-13T02:28:44.716+0000][1][safepoint    ] Leaving safepoint region
[2022-06-13T02:28:44.717+0000][1][safepoint    ] Total time for which application threads were stopped: 0.0012225 seconds, Stopping threads took: 0.0005436 seconds
[2022-06-13T02:28:45.717+0000][1][safepoint    ] Application time: 1.0002067 seconds
[2022-06-13T02:28:45.718+0000][1][safepoint    ] Entering safepoint region: Cleanup
[2022-06-13T02:28:45.718+0000][1][safepoint    ] Leaving safepoint region
[2022-06-13T02:28:45.718+0000][1][safepoint    ] Total time for which application threads were stopped: 0.0005032 seconds, Stopping threads took: 0.0001931 seconds
[2022-06-13T02:28:46.719+0000][1][safepoint    ] Application time: 1.0001864 seconds
[2022-06-13T02:28:46.719+0000][1][safepoint    ] Entering safepoint region: Cleanup
[2022-06-13T02:28:46.720+0000][1][safepoint    ] Leaving safepoint region
[2022-06-13T02:28:46.720+0000][1][safepoint    ] Total time for which application threads were stopped: 0.0008078 seconds, Stopping threads took: 0.0003768 seconds
[2022-06-13T02:28:47.721+0000][1][safepoint    ] Application time: 1.0002994 seconds
[2022-06-13T02:28:47.721+0000][1][safepoint    ] Entering safepoint region: Cleanup
[2022-06-13T02:28:47.722+0000][1][safepoint    ] Leaving safepoint region
[2022-06-13T02:28:47.722+0000][1][safepoint    ] Total time for which application threads were stopped: 0.0010552 seconds, Stopping threads took: 0.0005094 seconds
[2022-06-13T02:28:48.723+0000][1][safepoint    ] Application time: 1.0004080 seconds
[2022-06-13T02:28:48.724+0000][1][safepoint    ] Entering safepoint region: Cleanup
[2022-06-13T02:28:48.724+0000][1][safepoint    ] Leaving safepoint region
[2022-06-13T02:28:48.725+0000][1][safepoint    ] Total time for which application threads were stopped: 0.0008417 seconds, Stopping threads took: 0.0003762 seconds
[2022-06-13T02:28:49.725+0000][1][safepoint    ] Application time: 1.0002101 seconds
[2022-06-13T02:28:49.726+0000][1][safepoint    ] Entering safepoint region: Cleanup
[2022-06-13T02:28:49.726+0000][1][safepoint    ] Leaving safepoint region
[2022-06-13T02:28:49.726+0000][1][safepoint    ] Total time for which application threads were stopped: 0.0008303 seconds, Stopping threads took: 0.0004723 seconds
[2022-06-13T02:28:50.727+0000][1][safepoint    ] Application time: 1.0001480 seconds
[2022-06-13T02:28:50.727+0000][1][safepoint    ] Entering safepoint region: Cleanup
[2022-06-13T02:28:50.728+0000][1][safepoint    ] Leaving safepoint region
[2022-06-13T02:28:50.728+0000][1][safepoint    ] Total time for which application threads were stopped: 0.0005424 seconds, Stopping threads took: 0.0001538 seconds
[2022-06-13T02:28:51.728+0000][1][safepoint    ] Application time: 1.0001571 seconds
[2022-06-13T02:28:51.729+0000][1][safepoint    ] Entering safepoint region: Cleanup
[2022-06-13T02:28:51.730+0000][1][safepoint    ] Leaving safepoint region
[2022-06-13T02:28:51.730+0000][1][safepoint    ] Total time for which application threads were stopped: 0.0010509 seconds, Stopping threads took: 0.0005208 seconds
[2022-06-13T02:28:52.731+0000][1][safepoint    ] Application time: 1.0001455 seconds
[2022-06-13T02:28:52.731+0000][1][safepoint    ] Entering safepoint region: Cleanup
[2022-06-13T02:28:52.731+0000][1][safepoint    ] Leaving safepoint region
[2022-06-13T02:28:52.732+0000][1][safepoint    ] Total time for which application threads were stopped: 0.0004897 seconds, Stopping threads took: 0.0001873 seconds
[2022-06-13T02:28:53.732+0000][1][safepoint    ] Application time: 1.0001487 seconds
[2022-06-13T02:28:53.732+0000][1][safepoint    ] Entering safepoint region: Cleanup
[2022-06-13T02:28:53.733+0000][1][safepoint    ] Leaving safepoint region
[2022-06-13T02:28:53.733+0000][1][safepoint    ] Total time for which application threads were stopped: 0.0008114 seconds, Stopping threads took: 0.0004009 seconds
[2022-06-13T02:28:54.734+0000][1][safepoint    ] Application time: 1.0002199 seconds
[2022-06-13T02:28:54.734+0000][1][safepoint    ] Entering safepoint region: Cleanup
[2022-06-13T02:28:54.735+0000][1][safepoint    ] Leaving safepoint region
[2022-06-13T02:28:54.735+0000][1][safepoint    ] Total time for which application threads were stopped: 0.0009617 seconds, Stopping threads took: 0.0004362 seconds
[2022-06-13T02:28:55.736+0000][1][safepoint    ] Application time: 1.0001417 seconds
[2022-06-13T02:28:55.737+0000][1][safepoint    ] Entering safepoint region: Cleanup
[2022-06-13T02:28:55.737+0000][1][safepoint    ] Leaving safepoint region
[2022-06-13T02:28:55.737+0000][1][safepoint    ] Total time for which application threads were stopped: 0.0009560 seconds, Stopping threads took: 0.0003474 seconds
[2022-06-13T02:28:56.738+0000][1][safepoint    ] Application time: 1.0002866 seconds
[2022-06-13T02:28:56.739+0000][1][safepoint    ] Entering safepoint region: Cleanup
[2022-06-13T02:28:56.739+0000][1][safepoint    ] Leaving safepoint region
[2022-06-13T02:28:56.739+0000][1][safepoint    ] Total time for which application threads were stopped: 0.0008483 seconds, Stopping threads took: 0.0003485 seconds
[2022-06-13T02:28:57.740+0000][1][safepoint    ] Application time: 1.0001717 seconds
[2022-06-13T02:28:57.740+0000][1][safepoint    ] Entering safepoint region: Cleanup
[2022-06-13T02:28:57.741+0000][1][safepoint    ] Leaving safepoint region
[2022-06-13T02:28:57.741+0000][1][safepoint    ] Total time for which application threads were stopped: 0.0005048 seconds, Stopping threads took: 0.0002534 seconds
[2022-06-13T02:28:58.741+0000][1][safepoint    ] Application time: 1.0001133 seconds
[2022-06-13T02:28:58.741+0000][1][safepoint    ] Entering safepoint region: Cleanup
[2022-06-13T02:28:58.742+0000][1][safepoint    ] Leaving safepoint region
[2022-06-13T02:28:58.742+0000][1][safepoint    ] Total time for which application threads were stopped: 0.0008424 seconds, Stopping threads took: 0.0002927 seconds
[2022-06-13T02:28:59.743+0000][1][safepoint    ] Application time: 1.0002539 seconds
[2022-06-13T02:28:59.743+0000][1][safepoint    ] Entering safepoint region: Cleanup
[2022-06-13T02:28:59.744+0000][1][safepoint    ] Leaving safepoint region
[2022-06-13T02:28:59.744+0000][1][safepoint    ] Total time for which application threads were stopped: 0.0007011 seconds, Stopping threads took: 0.0003352 seconds
[2022-06-13T02:29:00.745+0000][1][safepoint    ] Application time: 1.0003140 seconds
[2022-06-13T02:29:00.745+0000][1][safepoint    ] Entering safepoint region: Cleanup
[2022-06-13T02:29:00.746+0000][1][safepoint    ] Leaving safepoint region
[2022-06-13T02:29:00.746+0000][1][safepoint    ] Total time for which application threads were stopped: 0.0009301 seconds, Stopping threads took: 0.0004167 seconds
[2022-06-13T02:29:01.747+0000][1][safepoint    ] Application time: 1.0002231 seconds
[2022-06-13T02:29:01.747+0000][1][safepoint    ] Entering safepoint region: Cleanup
[2022-06-13T02:29:01.748+0000][1][safepoint    ] Leaving safepoint region
[2022-06-13T02:29:01.748+0000][1][safepoint    ] Total time for which application threads were stopped: 0.0009589 seconds, Stopping threads took: 0.0004176 seconds
[2022-06-13T02:29:02.749+0000][1][safepoint    ] Application time: 1.0001732 seconds
[2022-06-13T02:29:02.749+0000][1][safepoint    ] Entering safepoint region: Cleanup
[2022-06-13T02:29:02.750+0000][1][safepoint    ] Leaving safepoint region
[2022-06-13T02:29:02.750+0000][1][safepoint    ] Total time for which application threads were stopped: 0.0007843 seconds, Stopping threads took: 0.0003676 seconds
[2022-06-13T02:29:03.751+0000][1][safepoint    ] Application time: 1.0002907 seconds
[2022-06-13T02:29:03.751+0000][1][safepoint    ] Entering safepoint region: Cleanup
[2022-06-13T02:29:03.752+0000][1][safepoint    ] Leaving safepoint region
[2022-06-13T02:29:03.752+0000][1][safepoint    ] Total time for which application threads were stopped: 0.0007921 seconds, Stopping threads took: 0.0003099 seconds
[2022-06-13T02:29:04.753+0000][1][safepoint    ] Application time: 1.0001769 seconds
[2022-06-13T02:29:04.753+0000][1][safepoint    ] Entering safepoint region: Cleanup
[2022-06-13T02:29:04.753+0000][1][safepoint    ] Leaving safepoint region
[2022-06-13T02:29:04.754+0000][1][safepoint    ] Total time for which application threads were stopped: 0.0008063 seconds, Stopping threads took: 0.0003638 seconds
[2022-06-13T02:29:05.754+0000][1][safepoint    ] Application time: 1.0001839 seconds
[2022-06-13T02:29:05.755+0000][1][safepoint    ] Entering safepoint region: Cleanup
[2022-06-13T02:29:05.755+0000][1][safepoint    ] Leaving safepoint region
[2022-06-13T02:29:05.755+0000][1][safepoint    ] Total time for which application threads were stopped: 0.0007766 seconds, Stopping threads took: 0.0003303 seconds
[2022-06-13T02:29:06.756+0000][1][safepoint    ] Application time: 1.0001426 seconds
[2022-06-13T02:29:06.756+0000][1][safepoint    ] Entering safepoint region: Cleanup
[2022-06-13T02:29:06.757+0000][1][safepoint    ] Leaving safepoint region
[2022-06-13T02:29:06.757+0000][1][safepoint    ] Total time for which application threads were stopped: 0.0004448 seconds, Stopping threads took: 0.0002297 seconds
[2022-06-13T02:29:07.757+0000][1][safepoint    ] Application time: 1.0001564 seconds
[2022-06-13T02:29:07.758+0000][1][safepoint    ] Entering safepoint region: Cleanup
[2022-06-13T02:29:07.758+0000][1][safepoint    ] Leaving safepoint region
[2022-06-13T02:29:07.758+0000][1][safepoint    ] Total time for which application threads were stopped: 0.0005478 seconds, Stopping threads took: 0.0002945 seconds
[2022-06-13T02:29:08.759+0000][1][safepoint    ] Application time: 1.0001283 seconds
[2022-06-13T02:29:08.759+0000][1][safepoint    ] Entering safepoint region: Cleanup
[2022-06-13T02:29:08.759+0000][1][safepoint    ] Leaving safepoint region
[2022-06-13T02:29:08.759+0000][1][safepoint    ] Total time for which application threads were stopped: 0.0004646 seconds, Stopping threads took: 0.0002020 seconds
[2022-06-13T02:29:09.760+0000][1][safepoint    ] Application time: 1.0001162 seconds
[2022-06-13T02:29:09.760+0000][1][safepoint    ] Entering safepoint region: Cleanup
[2022-06-13T02:29:09.760+0000][1][safepoint    ] Leaving safepoint region
[2022-06-13T02:29:09.760+0000][1][safepoint    ] Total time for which application threads were stopped: 0.0005026 seconds, Stopping threads took: 0.0001778 seconds
[2022-06-13T02:29:10.761+0000][1][safepoint    ] Application time: 1.0001238 seconds
[2022-06-13T02:29:10.761+0000][1][safepoint    ] Entering safepoint region: Cleanup
[2022-06-13T02:29:10.761+0000][1][safepoint    ] Leaving safepoint region
[2022-06-13T02:29:10.761+0000][1][safepoint    ] Total time for which application threads were stopped: 0.0004189 seconds, Stopping threads took: 0.0002009 seconds
[2022-06-13T02:29:11.762+0000][1][safepoint    ] Application time: 1.0001166 seconds
[2022-06-13T02:29:11.762+0000][1][safepoint    ] Entering safepoint region: Cleanup
[2022-06-13T02:29:11.762+0000][1][safepoint    ] Leaving safepoint region
[2022-06-13T02:29:11.763+0000][1][safepoint    ] Total time for which application threads were stopped: 0.0007797 seconds, Stopping threads took: 0.0002998 seconds
[2022-06-13T02:29:12.763+0000][1][safepoint    ] Application time: 1.0002410 seconds
[2022-06-13T02:29:12.764+0000][1][safepoint    ] Entering safepoint region: Cleanup
[2022-06-13T02:29:12.764+0000][1][safepoint    ] Leaving safepoint region
[2022-06-13T02:29:12.765+0000][1][safepoint    ] Total time for which application threads were stopped: 0.0009088 seconds, Stopping threads took: 0.0003784 seconds
[2022-06-13T02:29:13.765+0000][1][safepoint    ] Application time: 1.0001910 seconds
[2022-06-13T02:29:13.766+0000][1][safepoint    ] Entering safepoint region: Cleanup
[2022-06-13T02:29:13.766+0000][1][safepoint    ] Leaving safepoint region
[2022-06-13T02:29:13.767+0000][1][safepoint    ] Total time for which application threads were stopped: 0.0007202 seconds, Stopping threads took: 0.0003428 seconds
[2022-06-13T02:29:14.767+0000][1][safepoint    ] Application time: 1.0002425 seconds
[2022-06-13T02:29:14.768+0000][1][safepoint    ] Entering safepoint region: Cleanup
[2022-06-13T02:29:14.768+0000][1][safepoint    ] Leaving safepoint region
[2022-06-13T02:29:14.768+0000][1][safepoint    ] Total time for which application threads were stopped: 0.0007488 seconds, Stopping threads took: 0.0003443 seconds
[2022-06-13T02:29:15.769+0000][1][safepoint    ] Application time: 1.0001343 seconds
[2022-06-13T02:29:15.769+0000][1][safepoint    ] Entering safepoint region: Cleanup
[2022-06-13T02:29:15.769+0000][1][safepoint    ] Leaving safepoint region
[2022-06-13T02:29:15.769+0000][1][safepoint    ] Total time for which application threads were stopped: 0.0003772 seconds, Stopping threads took: 0.0001718 seconds
[2022-06-13T02:29:16.770+0000][1][safepoint    ] Application time: 1.0001591 seconds
[2022-06-13T02:29:16.770+0000][1][safepoint    ] Entering safepoint region: Cleanup
[2022-06-13T02:29:16.771+0000][1][safepoint    ] Leaving safepoint region
[2022-06-13T02:29:16.771+0000][1][safepoint    ] Total time for which application threads were stopped: 0.0009188 seconds, Stopping threads took: 0.0004535 seconds
[2022-06-13T02:29:17.772+0000][1][safepoint    ] Application time: 1.0002124 seconds
[2022-06-13T02:29:17.772+0000][1][safepoint    ] Entering safepoint region: Cleanup
[2022-06-13T02:29:17.773+0000][1][safepoint    ] Leaving safepoint region
[2022-06-13T02:29:17.773+0000][1][safepoint    ] Total time for which application threads were stopped: 0.0009211 seconds, Stopping threads took: 0.0004607 seconds
[2022-06-13T02:29:18.774+0000][1][safepoint    ] Application time: 1.0002284 seconds
[2022-06-13T02:29:18.774+0000][1][safepoint    ] Entering safepoint region: Cleanup
[2022-06-13T02:29:18.774+0000][1][safepoint    ] Leaving safepoint region
[2022-06-13T02:29:18.775+0000][1][safepoint    ] Total time for which application threads were stopped: 0.0006675 seconds, Stopping threads took: 0.0002719 seconds
[2022-06-13T02:29:19.775+0000][1][safepoint    ] Application time: 1.0001949 seconds
[2022-06-13T02:29:19.776+0000][1][safepoint    ] Entering safepoint region: Cleanup
[2022-06-13T02:29:19.776+0000][1][safepoint    ] Leaving safepoint region
[2022-06-13T02:29:19.777+0000][1][safepoint    ] Total time for which application threads were stopped: 0.0010532 seconds, Stopping threads took: 0.0005253 seconds
[2022-06-13T02:29:20.777+0000][1][safepoint    ] Application time: 1.0002431 seconds
[2022-06-13T02:29:20.778+0000][1][safepoint    ] Entering safepoint region: Cleanup
[2022-06-13T02:29:20.778+0000][1][safepoint    ] Leaving safepoint region
[2022-06-13T02:29:20.778+0000][1][safepoint    ] Total time for which application threads were stopped: 0.0006755 seconds, Stopping threads took: 0.0002959 seconds
[2022-06-13T02:29:21.779+0000][1][safepoint    ] Application time: 1.0001344 seconds
[2022-06-13T02:29:21.779+0000][1][safepoint    ] Entering safepoint region: Cleanup
[2022-06-13T02:29:21.780+0000][1][safepoint    ] Leaving safepoint region
[2022-06-13T02:29:21.780+0000][1][safepoint    ] Total time for which application threads were stopped: 0.0009259 seconds, Stopping threads took: 0.0003701 seconds
[2022-06-13T02:29:23.293+0000][1][safepoint    ] Application time: 1.5119153 seconds
[2022-06-13T02:29:23.293+0000][1][safepoint    ] Entering safepoint region: Cleanup
[2022-06-13T02:29:23.294+0000][1][safepoint    ] Leaving safepoint region
[2022-06-13T02:29:23.294+0000][1][safepoint    ] Total time for which application threads were stopped: 0.0009315 seconds, Stopping threads took: 0.0005122 seconds
[2022-06-13T02:29:24.295+0000][1][safepoint    ] Application time: 1.0001697 seconds
[2022-06-13T02:29:24.295+0000][1][safepoint    ] Entering safepoint region: Cleanup
[2022-06-13T02:29:24.296+0000][1][safepoint    ] Leaving safepoint region
[2022-06-13T02:29:24.296+0000][1][safepoint    ] Total time for which application threads were stopped: 0.0006300 seconds, Stopping threads took: 0.0002889 seconds
[2022-06-13T02:29:25.297+0000][1][safepoint    ] Application time: 1.0002493 seconds
[2022-06-13T02:29:25.297+0000][1][safepoint    ] Entering safepoint region: Cleanup
[2022-06-13T02:29:25.298+0000][1][safepoint    ] Leaving safepoint region
[2022-06-13T02:29:25.298+0000][1][safepoint    ] Total time for which application threads were stopped: 0.0007581 seconds, Stopping threads took: 0.0002870 seconds
[2022-06-13T02:29:26.299+0000][1][safepoint    ] Application time: 1.0001345 seconds
[2022-06-13T02:29:26.299+0000][1][safepoint    ] Entering safepoint region: Cleanup
[2022-06-13T02:29:26.300+0000][1][safepoint    ] Leaving safepoint region
[2022-06-13T02:29:26.300+0000][1][safepoint    ] Total time for which application threads were stopped: 0.0014492 seconds, Stopping threads took: 0.0004134 seconds
[2022-06-13T02:29:27.301+0000][1][safepoint    ] Application time: 1.0003989 seconds
[2022-06-13T02:29:27.302+0000][1][safepoint    ] Entering safepoint region: Cleanup
[2022-06-13T02:29:27.303+0000][1][safepoint    ] Leaving safepoint region
[2022-06-13T02:29:27.304+0000][1][safepoint    ] Total time for which application threads were stopped: 0.0014843 seconds, Stopping threads took: 0.0006683 seconds
[2022-06-13T02:29:28.304+0000][1][safepoint    ] Application time: 1.0002125 seconds
[2022-06-13T02:29:28.305+0000][1][safepoint    ] Entering safepoint region: Cleanup
[2022-06-13T02:29:28.305+0000][1][safepoint    ] Leaving safepoint region
[2022-06-13T02:29:28.305+0000][1][safepoint    ] Total time for which application threads were stopped: 0.0003988 seconds, Stopping threads took: 0.0001683 seconds
[2022-06-13T02:29:29.305+0000][1][safepoint    ] Application time: 1.0001653 seconds
[2022-06-13T02:29:29.306+0000][1][safepoint    ] Entering safepoint region: Cleanup
[2022-06-13T02:29:29.306+0000][1][safepoint    ] Leaving safepoint region
[2022-06-13T02:29:29.306+0000][1][safepoint    ] Total time for which application threads were stopped: 0.0005041 seconds, Stopping threads took: 0.0002333 seconds
[2022-06-13T02:29:30.307+0000][1][safepoint    ] Application time: 1.0002036 seconds
[2022-06-13T02:29:30.307+0000][1][safepoint    ] Entering safepoint region: Cleanup
[2022-06-13T02:29:30.308+0000][1][safepoint    ] Leaving safepoint region
[2022-06-13T02:29:30.309+0000][1][safepoint    ] Total time for which application threads were stopped: 0.0015147 seconds, Stopping threads took: 0.0006744 seconds
[2022-06-13T02:29:31.310+0000][1][safepoint    ] Application time: 1.0002296 seconds
[2022-06-13T02:29:31.310+0000][1][safepoint    ] Entering safepoint region: Cleanup
[2022-06-13T02:29:31.311+0000][1][safepoint    ] Leaving safepoint region
[2022-06-13T02:29:31.311+0000][1][safepoint    ] Total time for which application threads were stopped: 0.0012116 seconds, Stopping threads took: 0.0005320 seconds
[2022-06-13T02:29:32.312+0000][1][safepoint    ] Application time: 1.0002125 seconds
[2022-06-13T02:29:32.313+0000][1][safepoint    ] Entering safepoint region: Cleanup
[2022-06-13T02:29:32.313+0000][1][safepoint    ] Leaving safepoint region
[2022-06-13T02:29:32.314+0000][1][safepoint    ] Total time for which application threads were stopped: 0.0008846 seconds, Stopping threads took: 0.0003382 seconds
[2022-06-13T02:29:33.315+0000][1][safepoint    ] Application time: 1.0004750 seconds
[2022-06-13T02:29:33.315+0000][1][safepoint    ] Entering safepoint region: Cleanup
[2022-06-13T02:29:33.316+0000][1][safepoint    ] Leaving safepoint region
[2022-06-13T02:29:33.316+0000][1][safepoint    ] Total time for which application threads were stopped: 0.0009376 seconds, Stopping threads took: 0.0004137 seconds
[2022-06-13T02:29:34.317+0000][1][safepoint    ] Application time: 1.0001902 seconds
[2022-06-13T02:29:34.317+0000][1][safepoint    ] Entering safepoint region: Cleanup
[2022-06-13T02:29:34.317+0000][1][safepoint    ] Leaving safepoint region
[2022-06-13T02:29:34.317+0000][1][safepoint    ] Total time for which application threads were stopped: 0.0003859 seconds, Stopping threads took: 0.0001532 seconds
[2022-06-13T02:29:35.318+0000][1][safepoint    ] Application time: 1.0003441 seconds
[2022-06-13T02:29:35.318+0000][1][safepoint    ] Entering safepoint region: Cleanup
[2022-06-13T02:29:35.319+0000][1][safepoint    ] Leaving safepoint region
[2022-06-13T02:29:35.319+0000][1][safepoint    ] Total time for which application threads were stopped: 0.0007810 seconds, Stopping threads took: 0.0003215 seconds
[2022-06-13T02:29:36.320+0000][1][safepoint    ] Application time: 1.0001836 seconds
[2022-06-13T02:29:36.320+0000][1][safepoint    ] Entering safepoint region: Cleanup
[2022-06-13T02:29:36.321+0000][1][safepoint    ] Leaving safepoint region
[2022-06-13T02:29:36.321+0000][1][safepoint    ] Total time for which application threads were stopped: 0.0007159 seconds, Stopping threads took: 0.0003473 seconds
[2022-06-13T02:29:37.321+0000][1][safepoint    ] Application time: 1.0002481 seconds
[2022-06-13T02:29:37.322+0000][1][safepoint    ] Entering safepoint region: Cleanup
[2022-06-13T02:29:37.322+0000][1][safepoint    ] Leaving safepoint region
[2022-06-13T02:29:37.323+0000][1][safepoint    ] Total time for which application threads were stopped: 0.0007960 seconds, Stopping threads took: 0.0003421 seconds
[2022-06-13T02:29:38.323+0000][1][safepoint    ] Application time: 1.0001440 seconds
[2022-06-13T02:29:38.324+0000][1][safepoint    ] Entering safepoint region: Cleanup
[2022-06-13T02:29:38.324+0000][1][safepoint    ] Leaving safepoint region
[2022-06-13T02:29:38.325+0000][1][safepoint    ] Total time for which application threads were stopped: 0.0009079 seconds, Stopping threads took: 0.0003325 seconds
[2022-06-13T02:29:39.325+0000][1][safepoint    ] Application time: 1.0002974 seconds
[2022-06-13T02:29:39.326+0000][1][safepoint    ] Entering safepoint region: Cleanup
[2022-06-13T02:29:39.327+0000][1][safepoint    ] Leaving safepoint region
[2022-06-13T02:29:39.328+0000][1][safepoint    ] Total time for which application threads were stopped: 0.0014904 seconds, Stopping threads took: 0.0006659 seconds
[2022-06-13T02:29:40.328+0000][1][safepoint    ] Application time: 1.0002009 seconds
[2022-06-13T02:29:40.329+0000][1][safepoint    ] Entering safepoint region: Cleanup
[2022-06-13T02:29:40.329+0000][1][safepoint    ] Leaving safepoint region
[2022-06-13T02:29:40.330+0000][1][safepoint    ] Total time for which application threads were stopped: 0.0007815 seconds, Stopping threads took: 0.0003605 seconds
[2022-06-13T02:29:41.330+0000][1][safepoint    ] Application time: 1.0002858 seconds
[2022-06-13T02:29:41.331+0000][1][safepoint    ] Entering safepoint region: Cleanup
[2022-06-13T02:29:41.331+0000][1][safepoint    ] Leaving safepoint region
[2022-06-13T02:29:41.332+0000][1][safepoint    ] Total time for which application threads were stopped: 0.0011047 seconds, Stopping threads took: 0.0005100 seconds
[2022-06-13T02:29:42.333+0000][1][safepoint    ] Application time: 1.0001331 seconds
[2022-06-13T02:29:42.333+0000][1][safepoint    ] Entering safepoint region: Cleanup
[2022-06-13T02:29:42.333+0000][1][safepoint    ] Leaving safepoint region
[2022-06-13T02:29:42.334+0000][1][safepoint    ] Total time for which application threads were stopped: 0.0006115 seconds, Stopping threads took: 0.0003105 seconds
[2022-06-13T02:29:43.334+0000][1][safepoint    ] Application time: 1.0002154 seconds
[2022-06-13T02:29:43.334+0000][1][safepoint    ] Entering safepoint region: Cleanup
[2022-06-13T02:29:43.335+0000][1][safepoint    ] Leaving safepoint region
[2022-06-13T02:29:43.335+0000][1][safepoint    ] Total time for which application threads were stopped: 0.0006347 seconds, Stopping threads took: 0.0003008 seconds
[2022-06-13T02:29:44.336+0000][1][safepoint    ] Application time: 1.0003416 seconds
[2022-06-13T02:29:44.337+0000][1][safepoint    ] Entering safepoint region: Cleanup
[2022-06-13T02:29:44.337+0000][1][safepoint    ] Leaving safepoint region
[2022-06-13T02:29:44.338+0000][1][safepoint    ] Total time for which application threads were stopped: 0.0013025 seconds, Stopping threads took: 0.0006058 seconds
[2022-06-13T02:29:45.339+0000][1][safepoint    ] Application time: 1.0002684 seconds
[2022-06-13T02:29:45.339+0000][1][safepoint    ] Entering safepoint region: Cleanup
[2022-06-13T02:29:45.340+0000][1][safepoint    ] Leaving safepoint region
[2022-06-13T02:29:45.340+0000][1][safepoint    ] Total time for which application threads were stopped: 0.0011468 seconds, Stopping threads took: 0.0005364 seconds
[2022-06-13T02:29:46.341+0000][1][safepoint    ] Application time: 1.0002315 seconds
[2022-06-13T02:29:46.342+0000][1][safepoint    ] Entering safepoint region: Cleanup
[2022-06-13T02:29:46.343+0000][1][safepoint    ] Leaving safepoint region
[2022-06-13T02:29:46.343+0000][1][safepoint    ] Total time for which application threads were stopped: 0.0015658 seconds, Stopping threads took: 0.0006952 seconds
[2022-06-13T02:29:47.344+0000][1][safepoint    ] Application time: 1.0002885 seconds
[2022-06-13T02:29:47.345+0000][1][safepoint    ] Entering safepoint region: Cleanup
[2022-06-13T02:29:47.345+0000][1][safepoint    ] Leaving safepoint region
[2022-06-13T02:29:47.345+0000][1][safepoint    ] Total time for which application threads were stopped: 0.0007735 seconds, Stopping threads took: 0.0002952 seconds
[2022-06-13T02:29:48.346+0000][1][safepoint    ] Application time: 1.0002475 seconds
[2022-06-13T02:29:48.346+0000][1][safepoint    ] Entering safepoint region: Cleanup
[2022-06-13T02:29:48.347+0000][1][safepoint    ] Leaving safepoint region
[2022-06-13T02:29:48.347+0000][1][safepoint    ] Total time for which application threads were stopped: 0.0006963 seconds, Stopping threads took: 0.0003386 seconds
[2022-06-13T02:29:49.348+0000][1][safepoint    ] Application time: 1.0001588 seconds
[2022-06-13T02:29:49.348+0000][1][safepoint    ] Entering safepoint region: Cleanup
[2022-06-13T02:29:49.349+0000][1][safepoint    ] Leaving safepoint region
[2022-06-13T02:29:49.349+0000][1][safepoint    ] Total time for which application threads were stopped: 0.0010530 seconds, Stopping threads took: 0.0005190 seconds
[2022-06-13T02:29:50.350+0000][1][safepoint    ] Application time: 1.0001929 seconds
[2022-06-13T02:29:50.350+0000][1][safepoint    ] Entering safepoint region: Cleanup
[2022-06-13T02:29:50.351+0000][1][safepoint    ] Leaving safepoint region
[2022-06-13T02:29:50.351+0000][1][safepoint    ] Total time for which application threads were stopped: 0.0006212 seconds, Stopping threads took: 0.0002248 seconds
[2022-06-13T02:29:51.351+0000][1][safepoint    ] Application time: 1.0002483 seconds
[2022-06-13T02:29:51.352+0000][1][safepoint    ] Entering safepoint region: Cleanup
[2022-06-13T02:29:51.353+0000][1][safepoint    ] Leaving safepoint region
[2022-06-13T02:29:51.353+0000][1][safepoint    ] Total time for which application threads were stopped: 0.0012486 seconds, Stopping threads took: 0.0005019 seconds
[2022-06-13T02:29:52.354+0000][1][safepoint    ] Application time: 1.0002596 seconds
[2022-06-13T02:29:52.355+0000][1][safepoint    ] Entering safepoint region: Cleanup
[2022-06-13T02:29:52.355+0000][1][safepoint    ] Leaving safepoint region
[2022-06-13T02:29:52.355+0000][1][safepoint    ] Total time for which application threads were stopped: 0.0005745 seconds, Stopping threads took: 0.0002480 seconds
[2022-06-13T02:29:53.356+0000][1][safepoint    ] Application time: 1.0002681 seconds
[2022-06-13T02:29:53.357+0000][1][safepoint    ] Entering safepoint region: Cleanup
[2022-06-13T02:29:53.357+0000][1][safepoint    ] Leaving safepoint region
[2022-06-13T02:29:53.358+0000][1][safepoint    ] Total time for which application threads were stopped: 0.0007118 seconds, Stopping threads took: 0.0003242 seconds
[2022-06-13T02:29:54.358+0000][1][safepoint    ] Application time: 1.0002065 seconds
[2022-06-13T02:29:54.359+0000][1][safepoint    ] Entering safepoint region: Cleanup
[2022-06-13T02:29:54.360+0000][1][safepoint    ] Leaving safepoint region
[2022-06-13T02:29:54.360+0000][1][safepoint    ] Total time for which application threads were stopped: 0.0015682 seconds, Stopping threads took: 0.0007190 seconds
[2022-06-13T02:29:55.361+0000][1][safepoint    ] Application time: 1.0001393 seconds
[2022-06-13T02:29:55.361+0000][1][safepoint    ] Entering safepoint region: Cleanup
[2022-06-13T02:29:55.362+0000][1][safepoint    ] Leaving safepoint region
[2022-06-13T02:29:55.362+0000][1][safepoint    ] Total time for which application threads were stopped: 0.0006733 seconds, Stopping threads took: 0.0003043 seconds
[2022-06-13T02:29:56.363+0000][1][safepoint    ] Application time: 1.0001629 seconds
[2022-06-13T02:29:56.363+0000][1][safepoint    ] Entering safepoint region: Cleanup
[2022-06-13T02:29:56.363+0000][1][safepoint    ] Leaving safepoint region
[2022-06-13T02:29:56.364+0000][1][safepoint    ] Total time for which application threads were stopped: 0.0007939 seconds, Stopping threads took: 0.0004025 seconds
[2022-06-13T02:29:57.364+0000][1][safepoint    ] Application time: 1.0002538 seconds
[2022-06-13T02:29:57.365+0000][1][safepoint    ] Entering safepoint region: Cleanup
[2022-06-13T02:29:57.365+0000][1][safepoint    ] Leaving safepoint region
[2022-06-13T02:29:57.365+0000][1][safepoint    ] Total time for which application threads were stopped: 0.0004870 seconds, Stopping threads took: 0.0002213 seconds
[2022-06-13T02:29:58.366+0000][1][safepoint    ] Application time: 1.0002803 seconds
[2022-06-13T02:29:58.366+0000][1][safepoint    ] Entering safepoint region: Cleanup
[2022-06-13T02:29:58.367+0000][1][safepoint    ] Leaving safepoint region
[2022-06-13T02:29:58.367+0000][1][safepoint    ] Total time for which application threads were stopped: 0.0008857 seconds, Stopping threads took: 0.0004111 seconds
[2022-06-13T02:29:59.368+0000][1][safepoint    ] Application time: 1.0001819 seconds
[2022-06-13T02:29:59.368+0000][1][safepoint    ] Entering safepoint region: Cleanup
[2022-06-13T02:29:59.369+0000][1][safepoint    ] Leaving safepoint region
[2022-06-13T02:29:59.369+0000][1][safepoint    ] Total time for which application threads were stopped: 0.0010070 seconds, Stopping threads took: 0.0004865 seconds
[2022-06-13T02:30:00.370+0000][1][safepoint    ] Application time: 1.0001881 seconds
[2022-06-13T02:30:00.370+0000][1][safepoint    ] Entering safepoint region: Cleanup
[2022-06-13T02:30:00.371+0000][1][safepoint    ] Leaving safepoint region
[2022-06-13T02:30:00.371+0000][1][safepoint    ] Total time for which application threads were stopped: 0.0009302 seconds, Stopping threads took: 0.0004498 seconds
[2022-06-13T02:30:01.372+0000][1][safepoint    ] Application time: 1.0002411 seconds
[2022-06-13T02:30:01.373+0000][1][safepoint    ] Entering safepoint region: Cleanup
[2022-06-13T02:30:01.373+0000][1][safepoint    ] Leaving safepoint region
[2022-06-13T02:30:01.373+0000][1][safepoint    ] Total time for which application threads were stopped: 0.0009118 seconds, Stopping threads took: 0.0004102 seconds
[2022-06-13T02:30:02.374+0000][1][safepoint    ] Application time: 1.0002317 seconds
[2022-06-13T02:30:02.375+0000][1][safepoint    ] Entering safepoint region: Cleanup
[2022-06-13T02:30:02.375+0000][1][safepoint    ] Leaving safepoint region
[2022-06-13T02:30:02.376+0000][1][safepoint    ] Total time for which application threads were stopped: 0.0009477 seconds, Stopping threads took: 0.0004375 seconds
[2022-06-13T02:30:03.376+0000][1][safepoint    ] Application time: 1.0001800 seconds
[2022-06-13T02:30:03.377+0000][1][safepoint    ] Entering safepoint region: Cleanup
[2022-06-13T02:30:03.377+0000][1][safepoint    ] Leaving safepoint region
[2022-06-13T02:30:03.377+0000][1][safepoint    ] Total time for which application threads were stopped: 0.0008116 seconds, Stopping threads took: 0.0003441 seconds
[2022-06-13T02:30:04.378+0000][1][safepoint    ] Application time: 1.0001522 seconds
[2022-06-13T02:30:04.378+0000][1][safepoint    ] Entering safepoint region: Cleanup
[2022-06-13T02:30:04.379+0000][1][safepoint    ] Leaving safepoint region
[2022-06-13T02:30:04.379+0000][1][safepoint    ] Total time for which application threads were stopped: 0.0006204 seconds, Stopping threads took: 0.0002698 seconds
[2022-06-13T02:30:05.379+0000][1][safepoint    ] Application time: 1.0002026 seconds
[2022-06-13T02:30:05.380+0000][1][safepoint    ] Entering safepoint region: Cleanup
[2022-06-13T02:30:05.380+0000][1][safepoint    ] Leaving safepoint region
[2022-06-13T02:30:05.381+0000][1][safepoint    ] Total time for which application threads were stopped: 0.0007983 seconds, Stopping threads took: 0.0003572 seconds
[2022-06-13T02:30:06.381+0000][1][safepoint    ] Application time: 1.0002364 seconds
[2022-06-13T02:30:06.382+0000][1][safepoint    ] Entering safepoint region: Cleanup
[2022-06-13T02:30:06.383+0000][1][safepoint    ] Leaving safepoint region
[2022-06-13T02:30:06.383+0000][1][safepoint    ] Total time for which application threads were stopped: 0.0014117 seconds, Stopping threads took: 0.0005813 seconds
[2022-06-13T02:30:07.384+0000][1][safepoint    ] Application time: 1.0002056 seconds
[2022-06-13T02:30:07.385+0000][1][safepoint    ] Entering safepoint region: Cleanup
[2022-06-13T02:30:07.385+0000][1][safepoint    ] Leaving safepoint region
[2022-06-13T02:30:07.386+0000][1][safepoint    ] Total time for which application threads were stopped: 0.0008446 seconds, Stopping threads took: 0.0004174 seconds
[2022-06-13T02:30:08.386+0000][1][safepoint    ] Application time: 1.0001169 seconds
[2022-06-13T02:30:08.387+0000][1][safepoint    ] Entering safepoint region: Cleanup
[2022-06-13T02:30:08.387+0000][1][safepoint    ] Leaving safepoint region
[2022-06-13T02:30:08.387+0000][1][safepoint    ] Total time for which application threads were stopped: 0.0006040 seconds, Stopping threads took: 0.0003058 seconds
[2022-06-13T02:30:09.388+0000][1][safepoint    ] Application time: 1.0001994 seconds
[2022-06-13T02:30:09.388+0000][1][safepoint    ] Entering safepoint region: Cleanup
[2022-06-13T02:30:09.389+0000][1][safepoint    ] Leaving safepoint region
[2022-06-13T02:30:09.389+0000][1][safepoint    ] Total time for which application threads were stopped: 0.0009136 seconds, Stopping threads took: 0.0003885 seconds
[2022-06-13T02:30:10.390+0000][1][safepoint    ] Application time: 1.0002716 seconds
[2022-06-13T02:30:10.390+0000][1][safepoint    ] Entering safepoint region: Cleanup
[2022-06-13T02:30:10.391+0000][1][safepoint    ] Leaving safepoint region
[2022-06-13T02:30:10.391+0000][1][safepoint    ] Total time for which application threads were stopped: 0.0008222 seconds, Stopping threads took: 0.0003847 seconds
[2022-06-13T02:30:11.392+0000][1][safepoint    ] Application time: 1.0002884 seconds
[2022-06-13T02:30:11.392+0000][1][safepoint    ] Entering safepoint region: Cleanup
[2022-06-13T02:30:11.393+0000][1][safepoint    ] Leaving safepoint region
[2022-06-13T02:30:11.393+0000][1][safepoint    ] Total time for which application threads were stopped: 0.0006358 seconds, Stopping threads took: 0.0002866 seconds
[2022-06-13T02:30:12.393+0000][1][safepoint    ] Application time: 1.0001206 seconds
[2022-06-13T02:30:12.394+0000][1][safepoint    ] Entering safepoint region: Cleanup
[2022-06-13T02:30:12.394+0000][1][safepoint    ] Leaving safepoint region
[2022-06-13T02:30:12.394+0000][1][safepoint    ] Total time for which application threads were stopped: 0.0007333 seconds, Stopping threads took: 0.0003162 seconds
[2022-06-13T02:30:13.395+0000][1][safepoint    ] Application time: 1.0001848 seconds
[2022-06-13T02:30:13.396+0000][1][safepoint    ] Entering safepoint region: Cleanup
[2022-06-13T02:30:13.396+0000][1][safepoint    ] Leaving safepoint region
[2022-06-13T02:30:13.396+0000][1][safepoint    ] Total time for which application threads were stopped: 0.0008785 seconds, Stopping threads took: 0.0004050 seconds
[2022-06-13T02:30:14.397+0000][1][safepoint    ] Application time: 1.0001687 seconds
[2022-06-13T02:30:14.397+0000][1][safepoint    ] Entering safepoint region: Cleanup
[2022-06-13T02:30:14.398+0000][1][safepoint    ] Leaving safepoint region
[2022-06-13T02:30:14.398+0000][1][safepoint    ] Total time for which application threads were stopped: 0.0007070 seconds, Stopping threads took: 0.0003556 seconds
[2022-06-13T02:30:15.399+0000][1][safepoint    ] Application time: 1.0001405 seconds
[2022-06-13T02:30:15.399+0000][1][safepoint    ] Entering safepoint region: Cleanup
[2022-06-13T02:30:15.399+0000][1][safepoint    ] Leaving safepoint region
[2022-06-13T02:30:15.399+0000][1][safepoint    ] Total time for which application threads were stopped: 0.0004991 seconds, Stopping threads took: 0.0002211 seconds
[2022-06-13T02:30:16.400+0000][1][safepoint    ] Application time: 1.0001057 seconds
[2022-06-13T02:30:16.400+0000][1][safepoint    ] Entering safepoint region: Cleanup
[2022-06-13T02:30:16.400+0000][1][safepoint    ] Leaving safepoint region
[2022-06-13T02:30:16.401+0000][1][safepoint    ] Total time for which application threads were stopped: 0.0006194 seconds, Stopping threads took: 0.0002807 seconds
[2022-06-13T02:30:17.401+0000][1][safepoint    ] Application time: 1.0001973 seconds
[2022-06-13T02:30:17.401+0000][1][safepoint    ] Entering safepoint region: Cleanup
[2022-06-13T02:30:17.402+0000][1][safepoint    ] Leaving safepoint region
[2022-06-13T02:30:17.402+0000][1][safepoint    ] Total time for which application threads were stopped: 0.0006139 seconds, Stopping threads took: 0.0002273 seconds
[2022-06-13T02:30:18.402+0000][1][safepoint    ] Application time: 1.0002549 seconds
[2022-06-13T02:30:18.403+0000][1][safepoint    ] Entering safepoint region: Cleanup
[2022-06-13T02:30:18.404+0000][1][safepoint    ] Leaving safepoint region
[2022-06-13T02:30:18.404+0000][1][safepoint    ] Total time for which application threads were stopped: 0.0010599 seconds, Stopping threads took: 0.0004979 seconds
[2022-06-13T02:30:19.405+0000][1][safepoint    ] Application time: 1.0001923 seconds
[2022-06-13T02:30:19.405+0000][1][safepoint    ] Entering safepoint region: Cleanup
[2022-06-13T02:30:19.406+0000][1][safepoint    ] Leaving safepoint region
[2022-06-13T02:30:19.406+0000][1][safepoint    ] Total time for which application threads were stopped: 0.0006787 seconds, Stopping threads took: 0.0004201 seconds
[2022-06-13T02:30:20.406+0000][1][safepoint    ] Application time: 1.0001914 seconds
[2022-06-13T02:30:20.407+0000][1][safepoint    ] Entering safepoint region: Cleanup
[2022-06-13T02:30:20.407+0000][1][safepoint    ] Leaving safepoint region
[2022-06-13T02:30:20.407+0000][1][safepoint    ] Total time for which application threads were stopped: 0.0006103 seconds, Stopping threads took: 0.0003711 seconds
[2022-06-13T02:30:21.408+0000][1][safepoint    ] Application time: 1.0002189 seconds
[2022-06-13T02:30:21.409+0000][1][safepoint    ] Entering safepoint region: Cleanup
[2022-06-13T02:30:21.409+0000][1][safepoint    ] Leaving safepoint region
[2022-06-13T02:30:21.410+0000][1][safepoint    ] Total time for which application threads were stopped: 0.0011935 seconds, Stopping threads took: 0.0005878 seconds
[2022-06-13T02:30:22.411+0000][1][safepoint    ] Application time: 1.0001959 seconds
[2022-06-13T02:30:22.411+0000][1][safepoint    ] Entering safepoint region: Cleanup
[2022-06-13T02:30:22.411+0000][1][safepoint    ] Leaving safepoint region
[2022-06-13T02:30:22.411+0000][1][safepoint    ] Total time for which application threads were stopped: 0.0003573 seconds, Stopping threads took: 0.0001465 seconds
[2022-06-13T02:30:22.748+0000][1][safepoint    ] Application time: 0.3363166 seconds
[2022-06-13T02:30:22.748+0000][1][safepoint    ] Entering safepoint region: GenCollectForAllocation
[2022-06-13T02:30:22.749+0000][1][gc,start     ] GC(29) Pause Young (Allocation Failure)
[2022-06-13T02:30:22.749+0000][1][gc,task      ] GC(29) Using 5 workers of 13 for evacuation
[2022-06-13T02:30:22.750+0000][1][gc,age       ] GC(29) Desired survivor size 4456448 bytes, new threshold 6 (max threshold 6)
[2022-06-13T02:30:22.751+0000][1][gc,age       ] GC(29) Age table with threshold 6 (max threshold 6)
[2022-06-13T02:30:22.751+0000][1][gc,age       ] GC(29) - age   1:      33224 bytes,      33224 total
[2022-06-13T02:30:22.752+0000][1][gc,age       ] GC(29) - age   2:      14072 bytes,      47296 total
[2022-06-13T02:30:22.752+0000][1][gc,age       ] GC(29) - age   3:      14968 bytes,      62264 total
[2022-06-13T02:30:22.752+0000][1][gc,age       ] GC(29) - age   4:      13296 bytes,      75560 total
[2022-06-13T02:30:22.753+0000][1][gc,age       ] GC(29) - age   5:      29984 bytes,     105544 total
[2022-06-13T02:30:22.753+0000][1][gc,age       ] GC(29) - age   6:      32568 bytes,     138112 total
[2022-06-13T02:30:22.753+0000][1][gc,heap      ] GC(29) ParNew: 71421K->401K(78656K)
[2022-06-13T02:30:22.754+0000][1][gc,heap      ] GC(29) CMS: 69132K->69195K(174784K)
[2022-06-13T02:30:22.754+0000][1][gc,metaspace ] GC(29) Metaspace: 65317K->65317K(1110016K)
[2022-06-13T02:30:22.754+0000][1][gc           ] GC(29) Pause Young (Allocation Failure) 137M->67M(247M) 5.356ms
[2022-06-13T02:30:22.754+0000][1][gc,cpu       ] GC(29) User=0.00s Sys=0.00s Real=0.01s
[2022-06-13T02:30:22.754+0000][1][safepoint    ] Leaving safepoint region
[2022-06-13T02:30:22.754+0000][1][safepoint    ] Total time for which application threads were stopped: 0.0064650 seconds, Stopping threads took: 0.0004247 seconds
[2022-06-13T02:30:23.755+0000][1][safepoint    ] Application time: 1.0002944 seconds
[2022-06-13T02:30:23.755+0000][1][safepoint    ] Entering safepoint region: Cleanup
[2022-06-13T02:30:23.756+0000][1][safepoint    ] Leaving safepoint region
[2022-06-13T02:30:23.756+0000][1][safepoint    ] Total time for which application threads were stopped: 0.0008558 seconds, Stopping threads took: 0.0003201 seconds
[2022-06-13T02:30:24.757+0000][1][safepoint    ] Application time: 1.0001489 seconds
[2022-06-13T02:30:24.757+0000][1][safepoint    ] Entering safepoint region: Cleanup
[2022-06-13T02:30:24.757+0000][1][safepoint    ] Leaving safepoint region
[2022-06-13T02:30:24.758+0000][1][safepoint    ] Total time for which application threads were stopped: 0.0005615 seconds, Stopping threads took: 0.0002683 seconds
[2022-06-13T02:30:25.758+0000][1][safepoint    ] Application time: 1.0002099 seconds
[2022-06-13T02:30:25.759+0000][1][safepoint    ] Entering safepoint region: Cleanup
[2022-06-13T02:30:25.759+0000][1][safepoint    ] Leaving safepoint region
[2022-06-13T02:30:25.759+0000][1][safepoint    ] Total time for which application threads were stopped: 0.0008810 seconds, Stopping threads took: 0.0004526 seconds
[2022-06-13T02:30:26.760+0000][1][safepoint    ] Application time: 1.0002124 seconds
[2022-06-13T02:30:26.760+0000][1][safepoint    ] Entering safepoint region: Cleanup
[2022-06-13T02:30:26.761+0000][1][safepoint    ] Leaving safepoint region
[2022-06-13T02:30:26.761+0000][1][safepoint    ] Total time for which application threads were stopped: 0.0009459 seconds, Stopping threads took: 0.0002760 seconds
[2022-06-13T02:30:27.762+0000][1][safepoint    ] Application time: 1.0003388 seconds
[2022-06-13T02:30:27.762+0000][1][safepoint    ] Entering safepoint region: Cleanup
[2022-06-13T02:30:27.763+0000][1][safepoint    ] Leaving safepoint region
[2022-06-13T02:30:27.763+0000][1][safepoint    ] Total time for which application threads were stopped: 0.0009513 seconds, Stopping threads took: 0.0005106 seconds
[2022-06-13T02:30:28.763+0000][1][safepoint    ] Application time: 1.0001315 seconds
[2022-06-13T02:30:28.764+0000][1][safepoint    ] Entering safepoint region: Cleanup
[2022-06-13T02:30:28.764+0000][1][safepoint    ] Leaving safepoint region
[2022-06-13T02:30:28.764+0000][1][safepoint    ] Total time for which application threads were stopped: 0.0002788 seconds, Stopping threads took: 0.0001225 seconds
[2022-06-13T02:30:29.765+0000][1][safepoint    ] Application time: 1.0003663 seconds
[2022-06-13T02:30:29.765+0000][1][safepoint    ] Entering safepoint region: Cleanup
[2022-06-13T02:30:29.766+0000][1][safepoint    ] Leaving safepoint region
[2022-06-13T02:30:29.767+0000][1][safepoint    ] Total time for which application threads were stopped: 0.0014591 seconds, Stopping threads took: 0.0008332 seconds
[2022-06-13T02:30:30.767+0000][1][safepoint    ] Application time: 1.0003688 seconds
[2022-06-13T02:30:30.768+0000][1][safepoint    ] Entering safepoint region: Cleanup
[2022-06-13T02:30:30.768+0000][1][safepoint    ] Leaving safepoint region
[2022-06-13T02:30:30.769+0000][1][safepoint    ] Total time for which application threads were stopped: 0.0008426 seconds, Stopping threads took: 0.0004306 seconds
[2022-06-13T02:30:31.770+0000][1][safepoint    ] Application time: 1.0002984 seconds
[2022-06-13T02:30:31.770+0000][1][safepoint    ] Entering safepoint region: Cleanup
[2022-06-13T02:30:31.771+0000][1][safepoint    ] Leaving safepoint region
[2022-06-13T02:30:31.771+0000][1][safepoint    ] Total time for which application threads were stopped: 0.0012768 seconds, Stopping threads took: 0.0005568 seconds
[2022-06-13T02:30:32.772+0000][1][safepoint    ] Application time: 1.0001804 seconds
[2022-06-13T02:30:32.772+0000][1][safepoint    ] Entering safepoint region: Cleanup
[2022-06-13T02:30:32.773+0000][1][safepoint    ] Leaving safepoint region
[2022-06-13T02:30:32.773+0000][1][safepoint    ] Total time for which application threads were stopped: 0.0002747 seconds, Stopping threads took: 0.0001203 seconds
[2022-06-13T02:30:33.773+0000][1][safepoint    ] Application time: 1.0001470 seconds
[2022-06-13T02:30:33.773+0000][1][safepoint    ] Entering safepoint region: Cleanup
[2022-06-13T02:30:33.774+0000][1][safepoint    ] Leaving safepoint region
[2022-06-13T02:30:33.774+0000][1][safepoint    ] Total time for which application threads were stopped: 0.0004708 seconds, Stopping threads took: 0.0002251 seconds
[2022-06-13T02:30:34.774+0000][1][safepoint    ] Application time: 1.0003494 seconds
[2022-06-13T02:30:34.775+0000][1][safepoint    ] Entering safepoint region: Cleanup
[2022-06-13T02:30:34.775+0000][1][safepoint    ] Leaving safepoint region
[2022-06-13T02:30:34.775+0000][1][safepoint    ] Total time for which application threads were stopped: 0.0003506 seconds, Stopping threads took: 0.0001585 seconds
[2022-06-13T02:30:35.776+0000][1][safepoint    ] Application time: 1.0001797 seconds
[2022-06-13T02:30:35.776+0000][1][safepoint    ] Entering safepoint region: Cleanup
[2022-06-13T02:30:35.777+0000][1][safepoint    ] Leaving safepoint region
[2022-06-13T02:30:35.777+0000][1][safepoint    ] Total time for which application threads were stopped: 0.0007862 seconds, Stopping threads took: 0.0003643 seconds
[2022-06-13T02:30:36.777+0000][1][safepoint    ] Application time: 1.0001437 seconds
[2022-06-13T02:30:36.778+0000][1][safepoint    ] Entering safepoint region: Cleanup
[2022-06-13T02:30:36.779+0000][1][safepoint    ] Leaving safepoint region
[2022-06-13T02:30:36.779+0000][1][safepoint    ] Total time for which application threads were stopped: 0.0012172 seconds, Stopping threads took: 0.0003918 seconds
[2022-06-13T02:30:37.780+0000][1][safepoint    ] Application time: 1.0001518 seconds
[2022-06-13T02:30:37.780+0000][1][safepoint    ] Entering safepoint region: Cleanup
[2022-06-13T02:30:37.780+0000][1][safepoint    ] Leaving safepoint region
[2022-06-13T02:30:37.780+0000][1][safepoint    ] Total time for which application threads were stopped: 0.0005467 seconds, Stopping threads took: 0.0002440 seconds
[2022-06-13T02:30:38.781+0000][1][safepoint    ] Application time: 1.0001568 seconds
[2022-06-13T02:30:38.781+0000][1][safepoint    ] Entering safepoint region: Cleanup
[2022-06-13T02:30:38.781+0000][1][safepoint    ] Leaving safepoint region
[2022-06-13T02:30:38.781+0000][1][safepoint    ] Total time for which application threads were stopped: 0.0004451 seconds, Stopping threads took: 0.0002070 seconds
[2022-06-13T02:30:39.782+0000][1][safepoint    ] Application time: 1.0001960 seconds
[2022-06-13T02:30:39.782+0000][1][safepoint    ] Entering safepoint region: Cleanup
[2022-06-13T02:30:39.783+0000][1][safepoint    ] Leaving safepoint region
[2022-06-13T02:30:39.783+0000][1][safepoint    ] Total time for which application threads were stopped: 0.0010448 seconds, Stopping threads took: 0.0005148 seconds
[2022-06-13T02:30:40.784+0000][1][safepoint    ] Application time: 1.0002150 seconds
[2022-06-13T02:30:40.785+0000][1][safepoint    ] Entering safepoint region: Cleanup
[2022-06-13T02:30:40.785+0000][1][safepoint    ] Leaving safepoint region
[2022-06-13T02:30:40.786+0000][1][safepoint    ] Total time for which application threads were stopped: 0.0011307 seconds, Stopping threads took: 0.0005018 seconds
[2022-06-13T02:30:41.787+0000][1][safepoint    ] Application time: 1.0001987 seconds
[2022-06-13T02:30:41.787+0000][1][safepoint    ] Entering safepoint region: Cleanup
[2022-06-13T02:30:41.787+0000][1][safepoint    ] Leaving safepoint region
[2022-06-13T02:30:41.788+0000][1][safepoint    ] Total time for which application threads were stopped: 0.0006003 seconds, Stopping threads took: 0.0002352 seconds
[2022-06-13T02:30:42.788+0000][1][safepoint    ] Application time: 1.0001092 seconds
[2022-06-13T02:30:42.788+0000][1][safepoint    ] Entering safepoint region: Cleanup
[2022-06-13T02:30:42.788+0000][1][safepoint    ] Leaving safepoint region
[2022-06-13T02:30:42.789+0000][1][safepoint    ] Total time for which application threads were stopped: 0.0007442 seconds, Stopping threads took: 0.0002100 seconds
[2022-06-13T02:30:43.789+0000][1][safepoint    ] Application time: 1.0001050 seconds
[2022-06-13T02:30:43.790+0000][1][safepoint    ] Entering safepoint region: Cleanup
[2022-06-13T02:30:43.790+0000][1][safepoint    ] Leaving safepoint region
[2022-06-13T02:30:43.790+0000][1][safepoint    ] Total time for which application threads were stopped: 0.0005012 seconds, Stopping threads took: 0.0002259 seconds
[2022-06-13T02:30:44.790+0000][1][safepoint    ] Application time: 1.0001136 seconds
[2022-06-13T02:30:44.791+0000][1][safepoint    ] Entering safepoint region: Cleanup
[2022-06-13T02:30:44.792+0000][1][safepoint    ] Leaving safepoint region
[2022-06-13T02:30:44.792+0000][1][safepoint    ] Total time for which application threads were stopped: 0.0010083 seconds, Stopping threads took: 0.0005017 seconds
[2022-06-13T02:30:45.792+0000][1][safepoint    ] Application time: 1.0001238 seconds
[2022-06-13T02:30:45.793+0000][1][safepoint    ] Entering safepoint region: Cleanup
[2022-06-13T02:30:45.793+0000][1][safepoint    ] Leaving safepoint region
[2022-06-13T02:30:45.793+0000][1][safepoint    ] Total time for which application threads were stopped: 0.0004454 seconds, Stopping threads took: 0.0001671 seconds
[2022-06-13T02:30:46.794+0000][1][safepoint    ] Application time: 1.0001468 seconds
[2022-06-13T02:30:46.794+0000][1][safepoint    ] Entering safepoint region: Cleanup
[2022-06-13T02:30:46.794+0000][1][safepoint    ] Leaving safepoint region
[2022-06-13T02:30:46.794+0000][1][safepoint    ] Total time for which application threads were stopped: 0.0002627 seconds, Stopping threads took: 0.0001058 seconds
[2022-06-13T02:30:47.794+0000][1][safepoint    ] Application time: 1.0001155 seconds
[2022-06-13T02:30:47.794+0000][1][safepoint    ] Entering safepoint region: Cleanup
[2022-06-13T02:30:47.795+0000][1][safepoint    ] Leaving safepoint region
[2022-06-13T02:30:47.795+0000][1][safepoint    ] Total time for which application threads were stopped: 0.0005465 seconds, Stopping threads took: 0.0002258 seconds
[2022-06-13T02:30:48.795+0000][1][safepoint    ] Application time: 1.0001220 seconds
[2022-06-13T02:30:48.796+0000][1][safepoint    ] Entering safepoint region: Cleanup
[2022-06-13T02:30:48.796+0000][1][safepoint    ] Leaving safepoint region
[2022-06-13T02:30:48.796+0000][1][safepoint    ] Total time for which application threads were stopped: 0.0005363 seconds, Stopping threads took: 0.0002299 seconds
[2022-06-13T02:30:49.797+0000][1][safepoint    ] Application time: 1.0003256 seconds
[2022-06-13T02:30:49.797+0000][1][safepoint    ] Entering safepoint region: Cleanup
[2022-06-13T02:30:49.798+0000][1][safepoint    ] Leaving safepoint region
[2022-06-13T02:30:49.798+0000][1][safepoint    ] Total time for which application threads were stopped: 0.0008750 seconds, Stopping threads took: 0.0004084 seconds
[2022-06-13T02:30:50.799+0000][1][safepoint    ] Application time: 1.0001185 seconds
[2022-06-13T02:30:50.800+0000][1][safepoint    ] Entering safepoint region: Cleanup
[2022-06-13T02:30:50.800+0000][1][safepoint    ] Leaving safepoint region
[2022-06-13T02:30:50.800+0000][1][safepoint    ] Total time for which application threads were stopped: 0.0007159 seconds, Stopping threads took: 0.0003968 seconds
[2022-06-13T02:30:51.801+0000][1][safepoint    ] Application time: 1.0004027 seconds
[2022-06-13T02:30:51.802+0000][1][safepoint    ] Entering safepoint region: Cleanup
[2022-06-13T02:30:51.802+0000][1][safepoint    ] Leaving safepoint region
[2022-06-13T02:30:51.803+0000][1][safepoint    ] Total time for which application threads were stopped: 0.0009482 seconds, Stopping threads took: 0.0004376 seconds
[2022-06-13T02:30:52.803+0000][1][safepoint    ] Application time: 1.0002082 seconds
[2022-06-13T02:30:52.804+0000][1][safepoint    ] Entering safepoint region: Cleanup
[2022-06-13T02:30:52.804+0000][1][safepoint    ] Leaving safepoint region
[2022-06-13T02:30:52.804+0000][1][safepoint    ] Total time for which application threads were stopped: 0.0006888 seconds, Stopping threads took: 0.0003351 seconds
[2022-06-13T02:30:53.805+0000][1][safepoint    ] Application time: 1.0002085 seconds
[2022-06-13T02:30:53.805+0000][1][safepoint    ] Entering safepoint region: Cleanup
[2022-06-13T02:30:53.805+0000][1][safepoint    ] Leaving safepoint region
[2022-06-13T02:30:53.806+0000][1][safepoint    ] Total time for which application threads were stopped: 0.0004696 seconds, Stopping threads took: 0.0002062 seconds
[2022-06-13T02:30:54.806+0000][1][safepoint    ] Application time: 1.0002272 seconds
[2022-06-13T02:30:54.807+0000][1][safepoint    ] Entering safepoint region: Cleanup
[2022-06-13T02:30:54.807+0000][1][safepoint    ] Leaving safepoint region
[2022-06-13T02:30:54.807+0000][1][safepoint    ] Total time for which application threads were stopped: 0.0004822 seconds, Stopping threads took: 0.0002092 seconds
[2022-06-13T02:30:55.807+0000][1][safepoint    ] Application time: 1.0002005 seconds
[2022-06-13T02:30:55.808+0000][1][safepoint    ] Entering safepoint region: Cleanup
[2022-06-13T02:30:55.809+0000][1][safepoint    ] Leaving safepoint region
[2022-06-13T02:30:55.809+0000][1][safepoint    ] Total time for which application threads were stopped: 0.0011728 seconds, Stopping threads took: 0.0005986 seconds
[2022-06-13T02:30:56.810+0000][1][safepoint    ] Application time: 1.0001729 seconds
[2022-06-13T02:30:56.811+0000][1][safepoint    ] Entering safepoint region: Cleanup
[2022-06-13T02:30:56.811+0000][1][safepoint    ] Leaving safepoint region
[2022-06-13T02:30:56.811+0000][1][safepoint    ] Total time for which application threads were stopped: 0.0007833 seconds, Stopping threads took: 0.0002793 seconds
[2022-06-13T02:30:57.812+0000][1][safepoint    ] Application time: 1.0002332 seconds
[2022-06-13T02:30:57.813+0000][1][safepoint    ] Entering safepoint region: Cleanup
[2022-06-13T02:30:57.813+0000][1][safepoint    ] Leaving safepoint region
[2022-06-13T02:30:57.814+0000][1][safepoint    ] Total time for which application threads were stopped: 0.0013010 seconds, Stopping threads took: 0.0006448 seconds
[2022-06-13T02:30:58.815+0000][1][safepoint    ] Application time: 1.0001938 seconds
[2022-06-13T02:30:58.815+0000][1][safepoint    ] Entering safepoint region: Cleanup
[2022-06-13T02:30:58.815+0000][1][safepoint    ] Leaving safepoint region
[2022-06-13T02:30:58.816+0000][1][safepoint    ] Total time for which application threads were stopped: 0.0006208 seconds, Stopping threads took: 0.0002352 seconds
[2022-06-13T02:30:59.816+0000][1][safepoint    ] Application time: 1.0001220 seconds
[2022-06-13T02:30:59.816+0000][1][safepoint    ] Entering safepoint region: Cleanup
[2022-06-13T02:30:59.817+0000][1][safepoint    ] Leaving safepoint region
[2022-06-13T02:30:59.817+0000][1][safepoint    ] Total time for which application threads were stopped: 0.0006843 seconds, Stopping threads took: 0.0003739 seconds
[2022-06-13T02:31:00.818+0000][1][safepoint    ] Application time: 1.0002402 seconds
[2022-06-13T02:31:00.818+0000][1][safepoint    ] Entering safepoint region: Cleanup
[2022-06-13T02:31:00.818+0000][1][safepoint    ] Leaving safepoint region
[2022-06-13T02:31:00.819+0000][1][safepoint    ] Total time for which application threads were stopped: 0.0007275 seconds, Stopping threads took: 0.0002857 seconds
[2022-06-13T02:31:01.819+0000][1][safepoint    ] Application time: 1.0002604 seconds
[2022-06-13T02:31:01.820+0000][1][safepoint    ] Entering safepoint region: Cleanup
[2022-06-13T02:31:01.821+0000][1][safepoint    ] Leaving safepoint region
[2022-06-13T02:31:01.822+0000][1][safepoint    ] Total time for which application threads were stopped: 0.0018136 seconds, Stopping threads took: 0.0007419 seconds
[2022-06-13T02:31:02.823+0000][1][safepoint    ] Application time: 1.0002398 seconds
[2022-06-13T02:31:02.823+0000][1][safepoint    ] Entering safepoint region: Cleanup
[2022-06-13T02:31:02.824+0000][1][safepoint    ] Leaving safepoint region
[2022-06-13T02:31:02.824+0000][1][safepoint    ] Total time for which application threads were stopped: 0.0010491 seconds, Stopping threads took: 0.0004855 seconds
[2022-06-13T02:31:03.825+0000][1][safepoint    ] Application time: 1.0002107 seconds
[2022-06-13T02:31:03.826+0000][1][safepoint    ] Entering safepoint region: Cleanup
[2022-06-13T02:31:03.826+0000][1][safepoint    ] Leaving safepoint region
[2022-06-13T02:31:03.827+0000][1][safepoint    ] Total time for which application threads were stopped: 0.0009509 seconds, Stopping threads took: 0.0004414 seconds
[2022-06-13T02:31:04.827+0000][1][safepoint    ] Application time: 1.0002351 seconds
[2022-06-13T02:31:04.828+0000][1][safepoint    ] Entering safepoint region: Cleanup
[2022-06-13T02:31:04.828+0000][1][safepoint    ] Leaving safepoint region
[2022-06-13T02:31:04.829+0000][1][safepoint    ] Total time for which application threads were stopped: 0.0008620 seconds, Stopping threads took: 0.0004327 seconds
[2022-06-13T02:31:05.829+0000][1][safepoint    ] Application time: 1.0002206 seconds
[2022-06-13T02:31:05.830+0000][1][safepoint    ] Entering safepoint region: Cleanup
[2022-06-13T02:31:05.830+0000][1][safepoint    ] Leaving safepoint region
[2022-06-13T02:31:05.831+0000][1][safepoint    ] Total time for which application threads were stopped: 0.0008307 seconds, Stopping threads took: 0.0004923 seconds
[2022-06-13T02:31:06.831+0000][1][safepoint    ] Application time: 1.0001956 seconds
[2022-06-13T02:31:06.832+0000][1][safepoint    ] Entering safepoint region: Cleanup
[2022-06-13T02:31:06.832+0000][1][safepoint    ] Leaving safepoint region
[2022-06-13T02:31:06.833+0000][1][safepoint    ] Total time for which application threads were stopped: 0.0009113 seconds, Stopping threads took: 0.0004342 seconds
[2022-06-13T02:31:07.833+0000][1][safepoint    ] Application time: 1.0001558 seconds
[2022-06-13T02:31:07.834+0000][1][safepoint    ] Entering safepoint region: Cleanup
[2022-06-13T02:31:07.834+0000][1][safepoint    ] Leaving safepoint region
[2022-06-13T02:31:07.835+0000][1][safepoint    ] Total time for which application threads were stopped: 0.0009426 seconds, Stopping threads took: 0.0004164 seconds
[2022-06-13T02:31:08.835+0000][1][safepoint    ] Application time: 1.0003132 seconds
[2022-06-13T02:31:08.836+0000][1][safepoint    ] Entering safepoint region: Cleanup
[2022-06-13T02:31:08.837+0000][1][safepoint    ] Leaving safepoint region
[2022-06-13T02:31:08.837+0000][1][safepoint    ] Total time for which application threads were stopped: 0.0009499 seconds, Stopping threads took: 0.0003636 seconds
[2022-06-13T02:31:09.838+0000][1][safepoint    ] Application time: 1.0004146 seconds
[2022-06-13T02:31:09.839+0000][1][safepoint    ] Entering safepoint region: Cleanup
[2022-06-13T02:31:09.839+0000][1][safepoint    ] Leaving safepoint region
[2022-06-13T02:31:09.840+0000][1][safepoint    ] Total time for which application threads were stopped: 0.0008800 seconds, Stopping threads took: 0.0003653 seconds
[2022-06-13T02:31:10.840+0000][1][safepoint    ] Application time: 1.0001839 seconds
[2022-06-13T02:31:10.841+0000][1][safepoint    ] Entering safepoint region: Cleanup
[2022-06-13T02:31:10.841+0000][1][safepoint    ] Leaving safepoint region
[2022-06-13T02:31:10.841+0000][1][safepoint    ] Total time for which application threads were stopped: 0.0004788 seconds, Stopping threads took: 0.0002192 seconds
[2022-06-13T02:31:11.841+0000][1][safepoint    ] Application time: 1.0002089 seconds
[2022-06-13T02:31:11.842+0000][1][safepoint    ] Entering safepoint region: Cleanup
[2022-06-13T02:31:11.843+0000][1][safepoint    ] Leaving safepoint region
[2022-06-13T02:31:11.844+0000][1][safepoint    ] Total time for which application threads were stopped: 0.0015004 seconds, Stopping threads took: 0.0006816 seconds
[2022-06-13T02:31:12.845+0000][1][safepoint    ] Application time: 1.0002957 seconds
[2022-06-13T02:31:12.845+0000][1][safepoint    ] Entering safepoint region: Cleanup
[2022-06-13T02:31:12.846+0000][1][safepoint    ] Leaving safepoint region
[2022-06-13T02:31:12.847+0000][1][safepoint    ] Total time for which application threads were stopped: 0.0011798 seconds, Stopping threads took: 0.0005916 seconds
[2022-06-13T02:31:13.847+0000][1][safepoint    ] Application time: 1.0002858 seconds
[2022-06-13T02:31:13.848+0000][1][safepoint    ] Entering safepoint region: Cleanup
[2022-06-13T02:31:13.848+0000][1][safepoint    ] Leaving safepoint region
[2022-06-13T02:31:13.848+0000][1][safepoint    ] Total time for which application threads were stopped: 0.0006718 seconds, Stopping threads took: 0.0003778 seconds
[2022-06-13T02:31:14.849+0000][1][safepoint    ] Application time: 1.0002193 seconds
[2022-06-13T02:31:14.849+0000][1][safepoint    ] Entering safepoint region: Cleanup
[2022-06-13T02:31:14.850+0000][1][safepoint    ] Leaving safepoint region
[2022-06-13T02:31:14.850+0000][1][safepoint    ] Total time for which application threads were stopped: 0.0008662 seconds, Stopping threads took: 0.0004532 seconds
[2022-06-13T02:31:15.851+0000][1][safepoint    ] Application time: 1.0002376 seconds
[2022-06-13T02:31:15.851+0000][1][safepoint    ] Entering safepoint region: Cleanup
[2022-06-13T02:31:15.851+0000][1][safepoint    ] Leaving safepoint region
[2022-06-13T02:31:15.852+0000][1][safepoint    ] Total time for which application threads were stopped: 0.0007001 seconds, Stopping threads took: 0.0002433 seconds
[2022-06-13T02:31:16.852+0000][1][safepoint    ] Application time: 1.0001467 seconds
[2022-06-13T02:31:16.852+0000][1][safepoint    ] Entering safepoint region: Cleanup
[2022-06-13T02:31:16.853+0000][1][safepoint    ] Leaving safepoint region
[2022-06-13T02:31:16.853+0000][1][safepoint    ] Total time for which application threads were stopped: 0.0008797 seconds, Stopping threads took: 0.0003568 seconds
[2022-06-13T02:31:17.854+0000][1][safepoint    ] Application time: 1.0001927 seconds
[2022-06-13T02:31:17.854+0000][1][safepoint    ] Entering safepoint region: Cleanup
[2022-06-13T02:31:17.855+0000][1][safepoint    ] Leaving safepoint region
[2022-06-13T02:31:17.855+0000][1][safepoint    ] Total time for which application threads were stopped: 0.0005751 seconds, Stopping threads took: 0.0002924 seconds
[2022-06-13T02:31:18.855+0000][1][safepoint    ] Application time: 1.0000990 seconds
[2022-06-13T02:31:18.856+0000][1][safepoint    ] Entering safepoint region: Cleanup
[2022-06-13T02:31:18.856+0000][1][safepoint    ] Leaving safepoint region
[2022-06-13T02:31:18.856+0000][1][safepoint    ] Total time for which application threads were stopped: 0.0004258 seconds, Stopping threads took: 0.0002216 seconds
[2022-06-13T02:31:19.857+0000][1][safepoint    ] Application time: 1.0001199 seconds
[2022-06-13T02:31:19.857+0000][1][safepoint    ] Entering safepoint region: Cleanup
[2022-06-13T02:31:19.857+0000][1][safepoint    ] Leaving safepoint region
[2022-06-13T02:31:19.858+0000][1][safepoint    ] Total time for which application threads were stopped: 0.0007520 seconds, Stopping threads took: 0.0003620 seconds
[2022-06-13T02:31:20.858+0000][1][safepoint    ] Application time: 1.0002733 seconds
[2022-06-13T02:31:20.859+0000][1][safepoint    ] Entering safepoint region: Cleanup
[2022-06-13T02:31:20.859+0000][1][safepoint    ] Leaving safepoint region
[2022-06-13T02:31:20.859+0000][1][safepoint    ] Total time for which application threads were stopped: 0.0009581 seconds, Stopping threads took: 0.0003754 seconds
[2022-06-13T02:31:21.860+0000][1][safepoint    ] Application time: 1.0002613 seconds
[2022-06-13T02:31:21.861+0000][1][safepoint    ] Entering safepoint region: Cleanup
[2022-06-13T02:31:21.861+0000][1][safepoint    ] Leaving safepoint region
[2022-06-13T02:31:21.861+0000][1][safepoint    ] Total time for which application threads were stopped: 0.0006616 seconds, Stopping threads took: 0.0002608 seconds
[2022-06-13T02:31:22.862+0000][1][safepoint    ] Application time: 1.0002974 seconds
[2022-06-13T02:31:22.863+0000][1][safepoint    ] Entering safepoint region: Cleanup
[2022-06-13T02:31:22.863+0000][1][safepoint    ] Leaving safepoint region
[2022-06-13T02:31:22.863+0000][1][safepoint    ] Total time for which application threads were stopped: 0.0007568 seconds, Stopping threads took: 0.0003591 seconds
[2022-06-13T02:31:23.864+0000][1][safepoint    ] Application time: 1.0001698 seconds
[2022-06-13T02:31:23.864+0000][1][safepoint    ] Entering safepoint region: Cleanup
[2022-06-13T02:31:23.865+0000][1][safepoint    ] Leaving safepoint region
[2022-06-13T02:31:23.865+0000][1][safepoint    ] Total time for which application threads were stopped: 0.0006839 seconds, Stopping threads took: 0.0002702 seconds
[2022-06-13T02:31:24.866+0000][1][safepoint    ] Application time: 1.0001397 seconds
[2022-06-13T02:31:24.866+0000][1][safepoint    ] Entering safepoint region: Cleanup
[2022-06-13T02:31:24.867+0000][1][safepoint    ] Leaving safepoint region
[2022-06-13T02:31:24.867+0000][1][safepoint    ] Total time for which application threads were stopped: 0.0006453 seconds, Stopping threads took: 0.0003234 seconds
[2022-06-13T02:31:25.867+0000][1][safepoint    ] Application time: 1.0000774 seconds
[2022-06-13T02:31:25.867+0000][1][safepoint    ] Entering safepoint region: Cleanup
[2022-06-13T02:31:25.868+0000][1][safepoint    ] Leaving safepoint region
[2022-06-13T02:31:25.868+0000][1][safepoint    ] Total time for which application threads were stopped: 0.0004252 seconds, Stopping threads took: 0.0001714 seconds
[2022-06-13T02:31:26.868+0000][1][safepoint    ] Application time: 1.0001106 seconds
[2022-06-13T02:31:26.868+0000][1][safepoint    ] Entering safepoint region: Cleanup
[2022-06-13T02:31:26.868+0000][1][safepoint    ] Leaving safepoint region
[2022-06-13T02:31:26.868+0000][1][safepoint    ] Total time for which application threads were stopped: 0.0004183 seconds, Stopping threads took: 0.0002008 seconds
[2022-06-13T02:31:27.869+0000][1][safepoint    ] Application time: 1.0001242 seconds
[2022-06-13T02:31:27.869+0000][1][safepoint    ] Entering safepoint region: Cleanup
[2022-06-13T02:31:27.869+0000][1][safepoint    ] Leaving safepoint region
[2022-06-13T02:31:27.869+0000][1][safepoint    ] Total time for which application threads were stopped: 0.0005317 seconds, Stopping threads took: 0.0002237 seconds
[2022-06-13T02:31:28.870+0000][1][safepoint    ] Application time: 1.0001194 seconds
[2022-06-13T02:31:28.870+0000][1][safepoint    ] Entering safepoint region: Cleanup
[2022-06-13T02:31:28.870+0000][1][safepoint    ] Leaving safepoint region
[2022-06-13T02:31:28.870+0000][1][safepoint    ] Total time for which application threads were stopped: 0.0004466 seconds, Stopping threads took: 0.0001623 seconds
[2022-06-13T02:31:29.871+0000][1][safepoint    ] Application time: 1.0001264 seconds
[2022-06-13T02:31:29.871+0000][1][safepoint    ] Entering safepoint region: Cleanup
[2022-06-13T02:31:29.871+0000][1][safepoint    ] Leaving safepoint region
[2022-06-13T02:31:29.872+0000][1][safepoint    ] Total time for which application threads were stopped: 0.0006735 seconds, Stopping threads took: 0.0001942 seconds
[2022-06-13T02:31:30.872+0000][1][safepoint    ] Application time: 1.0001199 seconds
[2022-06-13T02:31:30.872+0000][1][safepoint    ] Entering safepoint region: Cleanup
[2022-06-13T02:31:30.872+0000][1][safepoint    ] Leaving safepoint region
[2022-06-13T02:31:30.873+0000][1][safepoint    ] Total time for which application threads were stopped: 0.0005453 seconds, Stopping threads took: 0.0002291 seconds
[2022-06-13T02:31:31.873+0000][1][safepoint    ] Application time: 1.0001438 seconds
[2022-06-13T02:31:31.874+0000][1][safepoint    ] Entering safepoint region: Cleanup
[2022-06-13T02:31:31.874+0000][1][safepoint    ] Leaving safepoint region
[2022-06-13T02:31:31.875+0000][1][safepoint    ] Total time for which application threads were stopped: 0.0012135 seconds, Stopping threads took: 0.0006776 seconds
[2022-06-13T02:31:32.875+0000][1][safepoint    ] Application time: 1.0001434 seconds
[2022-06-13T02:31:32.876+0000][1][safepoint    ] Entering safepoint region: Cleanup
[2022-06-13T02:31:32.876+0000][1][safepoint    ] Leaving safepoint region
[2022-06-13T02:31:32.876+0000][1][safepoint    ] Total time for which application threads were stopped: 0.0004382 seconds, Stopping threads took: 0.0001606 seconds
[2022-06-13T02:31:33.876+0000][1][safepoint    ] Application time: 1.0000960 seconds
[2022-06-13T02:31:33.877+0000][1][safepoint    ] Entering safepoint region: Cleanup
[2022-06-13T02:31:33.877+0000][1][safepoint    ] Leaving safepoint region
[2022-06-13T02:31:33.877+0000][1][safepoint    ] Total time for which application threads were stopped: 0.0006178 seconds, Stopping threads took: 0.0003554 seconds
[2022-06-13T02:31:34.878+0000][1][safepoint    ] Application time: 1.0002905 seconds
[2022-06-13T02:31:34.878+0000][1][safepoint    ] Entering safepoint region: Cleanup
[2022-06-13T02:31:34.879+0000][1][safepoint    ] Leaving safepoint region
[2022-06-13T02:31:34.879+0000][1][safepoint    ] Total time for which application threads were stopped: 0.0010377 seconds, Stopping threads took: 0.0004254 seconds
[2022-06-13T02:31:35.880+0000][1][safepoint    ] Application time: 1.0001788 seconds
[2022-06-13T02:31:35.880+0000][1][safepoint    ] Entering safepoint region: Cleanup
[2022-06-13T02:31:35.881+0000][1][safepoint    ] Leaving safepoint region
[2022-06-13T02:31:35.881+0000][1][safepoint    ] Total time for which application threads were stopped: 0.0004692 seconds, Stopping threads took: 0.0002246 seconds
[2022-06-13T02:31:36.881+0000][1][safepoint    ] Application time: 1.0002740 seconds
[2022-06-13T02:31:36.882+0000][1][safepoint    ] Entering safepoint region: Cleanup
[2022-06-13T02:31:36.882+0000][1][safepoint    ] Leaving safepoint region
[2022-06-13T02:31:36.882+0000][1][safepoint    ] Total time for which application threads were stopped: 0.0006801 seconds, Stopping threads took: 0.0003133 seconds
[2022-06-13T02:31:37.883+0000][1][safepoint    ] Application time: 1.0001726 seconds
[2022-06-13T02:31:37.883+0000][1][safepoint    ] Entering safepoint region: Cleanup
[2022-06-13T02:31:37.883+0000][1][safepoint    ] Leaving safepoint region
[2022-06-13T02:31:37.884+0000][1][safepoint    ] Total time for which application threads were stopped: 0.0007812 seconds, Stopping threads took: 0.0003116 seconds
[2022-06-13T02:31:38.884+0000][1][safepoint    ] Application time: 1.0001320 seconds
[2022-06-13T02:31:38.885+0000][1][safepoint    ] Entering safepoint region: Cleanup
[2022-06-13T02:31:38.885+0000][1][safepoint    ] Leaving safepoint region
[2022-06-13T02:31:38.885+0000][1][safepoint    ] Total time for which application threads were stopped: 0.0006149 seconds, Stopping threads took: 0.0002034 seconds
[2022-06-13T02:31:39.886+0000][1][safepoint    ] Application time: 1.0002170 seconds
[2022-06-13T02:31:39.886+0000][1][safepoint    ] Entering safepoint region: Cleanup
[2022-06-13T02:31:39.887+0000][1][safepoint    ] Leaving safepoint region
[2022-06-13T02:31:39.887+0000][1][safepoint    ] Total time for which application threads were stopped: 0.0007980 seconds, Stopping threads took: 0.0002979 seconds
[2022-06-13T02:31:40.888+0000][1][safepoint    ] Application time: 1.0002254 seconds
[2022-06-13T02:31:40.888+0000][1][safepoint    ] Entering safepoint region: Cleanup
[2022-06-13T02:31:40.889+0000][1][safepoint    ] Leaving safepoint region
[2022-06-13T02:31:40.890+0000][1][safepoint    ] Total time for which application threads were stopped: 0.0011013 seconds, Stopping threads took: 0.0004945 seconds
[2022-06-13T02:31:41.890+0000][1][safepoint    ] Application time: 1.0002289 seconds
[2022-06-13T02:31:41.891+0000][1][safepoint    ] Entering safepoint region: Cleanup
[2022-06-13T02:31:41.891+0000][1][safepoint    ] Leaving safepoint region
[2022-06-13T02:31:41.891+0000][1][safepoint    ] Total time for which application threads were stopped: 0.0007329 seconds, Stopping threads took: 0.0003727 seconds
[2022-06-13T02:31:42.892+0000][1][safepoint    ] Application time: 1.0002273 seconds
[2022-06-13T02:31:42.893+0000][1][safepoint    ] Entering safepoint region: Cleanup
[2022-06-13T02:31:42.893+0000][1][safepoint    ] Leaving safepoint region
[2022-06-13T02:31:42.894+0000][1][safepoint    ] Total time for which application threads were stopped: 0.0010364 seconds, Stopping threads took: 0.0004246 seconds
[2022-06-13T02:31:43.894+0000][1][safepoint    ] Application time: 1.0002880 seconds
[2022-06-13T02:31:43.895+0000][1][safepoint    ] Entering safepoint region: Cleanup
[2022-06-13T02:31:43.895+0000][1][safepoint    ] Leaving safepoint region
[2022-06-13T02:31:43.896+0000][1][safepoint    ] Total time for which application threads were stopped: 0.0009391 seconds, Stopping threads took: 0.0002587 seconds
[2022-06-13T02:31:44.896+0000][1][safepoint    ] Application time: 1.0001059 seconds
[2022-06-13T02:31:44.897+0000][1][safepoint    ] Entering safepoint region: Cleanup
[2022-06-13T02:31:44.897+0000][1][safepoint    ] Leaving safepoint region
[2022-06-13T02:31:44.897+0000][1][safepoint    ] Total time for which application threads were stopped: 0.0008085 seconds, Stopping threads took: 0.0004196 seconds
[2022-06-13T02:31:45.898+0000][1][safepoint    ] Application time: 1.0002224 seconds
[2022-06-13T02:31:45.899+0000][1][safepoint    ] Entering safepoint region: Cleanup
[2022-06-13T02:31:45.899+0000][1][safepoint    ] Leaving safepoint region
[2022-06-13T02:31:45.899+0000][1][safepoint    ] Total time for which application threads were stopped: 0.0008856 seconds, Stopping threads took: 0.0004217 seconds
[2022-06-13T02:31:46.900+0000][1][safepoint    ] Application time: 1.0001675 seconds
[2022-06-13T02:31:46.900+0000][1][safepoint    ] Entering safepoint region: Cleanup
[2022-06-13T02:31:46.901+0000][1][safepoint    ] Leaving safepoint region
[2022-06-13T02:31:46.901+0000][1][safepoint    ] Total time for which application threads were stopped: 0.0008787 seconds, Stopping threads took: 0.0004718 seconds
[2022-06-13T02:31:47.902+0000][1][safepoint    ] Application time: 1.0002305 seconds
[2022-06-13T02:31:47.902+0000][1][safepoint    ] Entering safepoint region: Cleanup
[2022-06-13T02:31:47.902+0000][1][safepoint    ] Leaving safepoint region
[2022-06-13T02:31:47.903+0000][1][safepoint    ] Total time for which application threads were stopped: 0.0006767 seconds, Stopping threads took: 0.0003245 seconds
[2022-06-13T02:31:48.903+0000][1][safepoint    ] Application time: 1.0001888 seconds
[2022-06-13T02:31:48.904+0000][1][safepoint    ] Entering safepoint region: Cleanup
[2022-06-13T02:31:48.904+0000][1][safepoint    ] Leaving safepoint region
[2022-06-13T02:31:48.905+0000][1][safepoint    ] Total time for which application threads were stopped: 0.0007341 seconds, Stopping threads took: 0.0003580 seconds
[2022-06-13T02:31:49.905+0000][1][safepoint    ] Application time: 1.0002560 seconds
[2022-06-13T02:31:49.906+0000][1][safepoint    ] Entering safepoint region: Cleanup
[2022-06-13T02:31:49.906+0000][1][safepoint    ] Leaving safepoint region
[2022-06-13T02:31:49.906+0000][1][safepoint    ] Total time for which application threads were stopped: 0.0008160 seconds, Stopping threads took: 0.0003538 seconds
[2022-06-13T02:31:50.907+0000][1][safepoint    ] Application time: 1.0002413 seconds
[2022-06-13T02:31:50.908+0000][1][safepoint    ] Entering safepoint region: Cleanup
[2022-06-13T02:31:50.908+0000][1][safepoint    ] Leaving safepoint region
[2022-06-13T02:31:50.908+0000][1][safepoint    ] Total time for which application threads were stopped: 0.0008314 seconds, Stopping threads took: 0.0003651 seconds
[2022-06-13T02:31:51.909+0000][1][safepoint    ] Application time: 1.0003665 seconds
[2022-06-13T02:31:51.910+0000][1][safepoint    ] Entering safepoint region: Cleanup
[2022-06-13T02:31:51.910+0000][1][safepoint    ] Leaving safepoint region
[2022-06-13T02:31:51.910+0000][1][safepoint    ] Total time for which application threads were stopped: 0.0006427 seconds, Stopping threads took: 0.0002644 seconds
[2022-06-13T02:31:52.911+0000][1][safepoint    ] Application time: 1.0003668 seconds
[2022-06-13T02:31:52.911+0000][1][safepoint    ] Entering safepoint region: Cleanup
[2022-06-13T02:31:52.912+0000][1][safepoint    ] Leaving safepoint region
[2022-06-13T02:31:52.912+0000][1][safepoint    ] Total time for which application threads were stopped: 0.0009552 seconds, Stopping threads took: 0.0004049 seconds
[2022-06-13T02:31:53.913+0000][1][safepoint    ] Application time: 1.0001265 seconds
[2022-06-13T02:31:53.913+0000][1][safepoint    ] Entering safepoint region: Cleanup
[2022-06-13T02:31:53.914+0000][1][safepoint    ] Leaving safepoint region
[2022-06-13T02:31:53.914+0000][1][safepoint    ] Total time for which application threads were stopped: 0.0008945 seconds, Stopping threads took: 0.0004436 seconds
[2022-06-13T02:31:54.915+0000][1][safepoint    ] Application time: 1.0002225 seconds
[2022-06-13T02:31:54.916+0000][1][safepoint    ] Entering safepoint region: Cleanup
[2022-06-13T02:31:54.916+0000][1][safepoint    ] Leaving safepoint region
[2022-06-13T02:31:54.917+0000][1][safepoint    ] Total time for which application threads were stopped: 0.0011250 seconds, Stopping threads took: 0.0005473 seconds
[2022-06-13T02:31:55.917+0000][1][safepoint    ] Application time: 1.0001494 seconds
[2022-06-13T02:31:55.918+0000][1][safepoint    ] Entering safepoint region: Cleanup
[2022-06-13T02:31:55.918+0000][1][safepoint    ] Leaving safepoint region
[2022-06-13T02:31:55.919+0000][1][safepoint    ] Total time for which application threads were stopped: 0.0010288 seconds, Stopping threads took: 0.0003731 seconds
[2022-06-13T02:31:56.919+0000][1][safepoint    ] Application time: 1.0001726 seconds
[2022-06-13T02:31:56.920+0000][1][safepoint    ] Entering safepoint region: Cleanup
[2022-06-13T02:31:56.920+0000][1][safepoint    ] Leaving safepoint region
[2022-06-13T02:31:56.921+0000][1][safepoint    ] Total time for which application threads were stopped: 0.0008115 seconds, Stopping threads took: 0.0003706 seconds
[2022-06-13T02:31:57.921+0000][1][safepoint    ] Application time: 1.0002230 seconds
[2022-06-13T02:31:57.922+0000][1][safepoint    ] Entering safepoint region: Cleanup
[2022-06-13T02:31:57.923+0000][1][safepoint    ] Leaving safepoint region
[2022-06-13T02:31:57.923+0000][1][safepoint    ] Total time for which application threads were stopped: 0.0010841 seconds, Stopping threads took: 0.0004808 seconds
[2022-06-13T02:31:58.924+0000][1][safepoint    ] Application time: 1.0002184 seconds
[2022-06-13T02:31:58.924+0000][1][safepoint    ] Entering safepoint region: Cleanup
[2022-06-13T02:31:58.924+0000][1][safepoint    ] Leaving safepoint region
[2022-06-13T02:31:58.924+0000][1][safepoint    ] Total time for which application threads were stopped: 0.0003480 seconds, Stopping threads took: 0.0001386 seconds
[2022-06-13T02:31:59.925+0000][1][safepoint    ] Application time: 1.0001863 seconds
[2022-06-13T02:31:59.925+0000][1][safepoint    ] Entering safepoint region: Cleanup
[2022-06-13T02:31:59.926+0000][1][safepoint    ] Leaving safepoint region
[2022-06-13T02:31:59.926+0000][1][safepoint    ] Total time for which application threads were stopped: 0.0007517 seconds, Stopping threads took: 0.0003220 seconds
[2022-06-13T02:32:00.927+0000][1][safepoint    ] Application time: 1.0002062 seconds
[2022-06-13T02:32:00.928+0000][1][safepoint    ] Entering safepoint region: Cleanup
[2022-06-13T02:32:00.928+0000][1][safepoint    ] Leaving safepoint region
[2022-06-13T02:32:00.929+0000][1][safepoint    ] Total time for which application threads were stopped: 0.0009156 seconds, Stopping threads took: 0.0003849 seconds
[2022-06-13T02:32:01.929+0000][1][safepoint    ] Application time: 1.0001277 seconds
[2022-06-13T02:32:01.930+0000][1][safepoint    ] Entering safepoint region: Cleanup
[2022-06-13T02:32:01.930+0000][1][safepoint    ] Leaving safepoint region
[2022-06-13T02:32:01.930+0000][1][safepoint    ] Total time for which application threads were stopped: 0.0004195 seconds, Stopping threads took: 0.0001787 seconds
[2022-06-13T02:32:02.930+0000][1][safepoint    ] Application time: 1.0003307 seconds
[2022-06-13T02:32:02.931+0000][1][safepoint    ] Entering safepoint region: Cleanup
[2022-06-13T02:32:02.931+0000][1][safepoint    ] Leaving safepoint region
[2022-06-13T02:32:02.931+0000][1][safepoint    ] Total time for which application threads were stopped: 0.0007038 seconds, Stopping threads took: 0.0003625 seconds
[2022-06-13T02:32:03.932+0000][1][safepoint    ] Application time: 1.0001646 seconds
[2022-06-13T02:32:03.933+0000][1][safepoint    ] Entering safepoint region: Cleanup
[2022-06-13T02:32:03.933+0000][1][safepoint    ] Leaving safepoint region
[2022-06-13T02:32:03.933+0000][1][safepoint    ] Total time for which application threads were stopped: 0.0008579 seconds, Stopping threads took: 0.0003526 seconds
[2022-06-13T02:32:04.934+0000][1][safepoint    ] Application time: 1.0001332 seconds
[2022-06-13T02:32:04.934+0000][1][safepoint    ] Entering safepoint region: Cleanup
[2022-06-13T02:32:04.934+0000][1][safepoint    ] Leaving safepoint region
[2022-06-13T02:32:04.935+0000][1][safepoint    ] Total time for which application threads were stopped: 0.0005468 seconds, Stopping threads took: 0.0002687 seconds
[2022-06-13T02:32:05.935+0000][1][safepoint    ] Application time: 1.0002319 seconds
[2022-06-13T02:32:05.936+0000][1][safepoint    ] Entering safepoint region: Cleanup
[2022-06-13T02:32:05.936+0000][1][safepoint    ] Leaving safepoint region
[2022-06-13T02:32:05.937+0000][1][safepoint    ] Total time for which application threads were stopped: 0.0010540 seconds, Stopping threads took: 0.0004708 seconds
[2022-06-13T02:32:06.937+0000][1][safepoint    ] Application time: 1.0001398 seconds
[2022-06-13T02:32:06.938+0000][1][safepoint    ] Entering safepoint region: Cleanup
[2022-06-13T02:32:06.938+0000][1][safepoint    ] Leaving safepoint region
[2022-06-13T02:32:06.938+0000][1][safepoint    ] Total time for which application threads were stopped: 0.0008403 seconds, Stopping threads took: 0.0004142 seconds
[2022-06-13T02:32:07.939+0000][1][safepoint    ] Application time: 1.0002486 seconds
[2022-06-13T02:32:07.939+0000][1][safepoint    ] Entering safepoint region: Cleanup
[2022-06-13T02:32:07.940+0000][1][safepoint    ] Leaving safepoint region
[2022-06-13T02:32:07.940+0000][1][safepoint    ] Total time for which application threads were stopped: 0.0007021 seconds, Stopping threads took: 0.0003469 seconds
[2022-06-13T02:32:08.940+0000][1][safepoint    ] Application time: 1.0000997 seconds
[2022-06-13T02:32:08.941+0000][1][safepoint    ] Entering safepoint region: Cleanup
[2022-06-13T02:32:08.941+0000][1][safepoint    ] Leaving safepoint region
[2022-06-13T02:32:08.942+0000][1][safepoint    ] Total time for which application threads were stopped: 0.0007484 seconds, Stopping threads took: 0.0002762 seconds
[2022-06-13T02:32:09.942+0000][1][safepoint    ] Application time: 1.0001285 seconds
[2022-06-13T02:32:09.943+0000][1][safepoint    ] Entering safepoint region: Cleanup
[2022-06-13T02:32:09.943+0000][1][safepoint    ] Leaving safepoint region
[2022-06-13T02:32:09.943+0000][1][safepoint    ] Total time for which application threads were stopped: 0.0009054 seconds, Stopping threads took: 0.0004611 seconds
[2022-06-13T02:32:10.944+0000][1][safepoint    ] Application time: 1.0002337 seconds
[2022-06-13T02:32:10.945+0000][1][safepoint    ] Entering safepoint region: Cleanup
[2022-06-13T02:32:10.945+0000][1][safepoint    ] Leaving safepoint region
[2022-06-13T02:32:10.945+0000][1][safepoint    ] Total time for which application threads were stopped: 0.0007186 seconds, Stopping threads took: 0.0003691 seconds
[2022-06-13T02:32:11.946+0000][1][safepoint    ] Application time: 1.0003235 seconds
[2022-06-13T02:32:11.946+0000][1][safepoint    ] Entering safepoint region: Cleanup
[2022-06-13T02:32:11.947+0000][1][safepoint    ] Leaving safepoint region
[2022-06-13T02:32:11.948+0000][1][safepoint    ] Total time for which application threads were stopped: 0.0012423 seconds, Stopping threads took: 0.0005549 seconds
[2022-06-13T02:32:12.948+0000][1][safepoint    ] Application time: 1.0001949 seconds
[2022-06-13T02:32:12.949+0000][1][safepoint    ] Entering safepoint region: Cleanup
[2022-06-13T02:32:12.949+0000][1][safepoint    ] Leaving safepoint region
[2022-06-13T02:32:12.950+0000][1][safepoint    ] Total time for which application threads were stopped: 0.0011588 seconds, Stopping threads took: 0.0004972 seconds
[2022-06-13T02:32:13.951+0000][1][safepoint    ] Application time: 1.0001778 seconds
[2022-06-13T02:32:13.951+0000][1][safepoint    ] Entering safepoint region: Cleanup
[2022-06-13T02:32:13.952+0000][1][safepoint    ] Leaving safepoint region
[2022-06-13T02:32:13.953+0000][1][safepoint    ] Total time for which application threads were stopped: 0.0017598 seconds, Stopping threads took: 0.0008197 seconds
[2022-06-13T02:32:14.954+0000][1][safepoint    ] Application time: 1.0001781 seconds
[2022-06-13T02:32:14.955+0000][1][safepoint    ] Entering safepoint region: Cleanup
[2022-06-13T02:32:14.955+0000][1][safepoint    ] Leaving safepoint region
[2022-06-13T02:32:14.955+0000][1][safepoint    ] Total time for which application threads were stopped: 0.0005844 seconds, Stopping threads took: 0.0002442 seconds
[2022-06-13T02:32:15.956+0000][1][safepoint    ] Application time: 1.0001115 seconds
[2022-06-13T02:32:15.956+0000][1][safepoint    ] Entering safepoint region: Cleanup
[2022-06-13T02:32:15.956+0000][1][safepoint    ] Leaving safepoint region
[2022-06-13T02:32:15.957+0000][1][safepoint    ] Total time for which application threads were stopped: 0.0007712 seconds, Stopping threads took: 0.0002535 seconds
[2022-06-13T02:32:16.957+0000][1][safepoint    ] Application time: 1.0002465 seconds
[2022-06-13T02:32:16.958+0000][1][safepoint    ] Entering safepoint region: Cleanup
[2022-06-13T02:32:16.958+0000][1][safepoint    ] Leaving safepoint region
[2022-06-13T02:32:16.959+0000][1][safepoint    ] Total time for which application threads were stopped: 0.0009373 seconds, Stopping threads took: 0.0003917 seconds
[2022-06-13T02:32:17.960+0000][1][safepoint    ] Application time: 1.0002896 seconds
[2022-06-13T02:32:17.960+0000][1][safepoint    ] Entering safepoint region: Cleanup
[2022-06-13T02:32:17.961+0000][1][safepoint    ] Leaving safepoint region
[2022-06-13T02:32:17.962+0000][1][safepoint    ] Total time for which application threads were stopped: 0.0013190 seconds, Stopping threads took: 0.0006367 seconds
[2022-06-13T02:32:18.963+0000][1][safepoint    ] Application time: 1.0003066 seconds
[2022-06-13T02:32:18.963+0000][1][safepoint    ] Entering safepoint region: Cleanup
[2022-06-13T02:32:18.964+0000][1][safepoint    ] Leaving safepoint region
[2022-06-13T02:32:18.964+0000][1][safepoint    ] Total time for which application threads were stopped: 0.0011053 seconds, Stopping threads took: 0.0005736 seconds
[2022-06-13T02:32:19.965+0000][1][safepoint    ] Application time: 1.0001675 seconds
[2022-06-13T02:32:19.966+0000][1][safepoint    ] Entering safepoint region: Cleanup
[2022-06-13T02:32:19.966+0000][1][safepoint    ] Leaving safepoint region
[2022-06-13T02:32:19.966+0000][1][safepoint    ] Total time for which application threads were stopped: 0.0006345 seconds, Stopping threads took: 0.0002931 seconds
[2022-06-13T02:32:20.967+0000][1][safepoint    ] Application time: 1.0002796 seconds
[2022-06-13T02:32:20.967+0000][1][safepoint    ] Entering safepoint region: Cleanup
[2022-06-13T02:32:20.968+0000][1][safepoint    ] Leaving safepoint region
[2022-06-13T02:32:20.968+0000][1][safepoint    ] Total time for which application threads were stopped: 0.0008576 seconds, Stopping threads took: 0.0003330 seconds
[2022-06-13T02:32:21.968+0000][1][safepoint    ] Application time: 1.0001533 seconds
[2022-06-13T02:32:21.969+0000][1][safepoint    ] Entering safepoint region: Cleanup
[2022-06-13T02:32:21.970+0000][1][safepoint    ] Leaving safepoint region
[2022-06-13T02:32:21.970+0000][1][safepoint    ] Total time for which application threads were stopped: 0.0008817 seconds, Stopping threads took: 0.0003979 seconds
[2022-06-13T02:32:22.971+0000][1][safepoint    ] Application time: 1.0001207 seconds
[2022-06-13T02:32:22.971+0000][1][safepoint    ] Entering safepoint region: Cleanup
[2022-06-13T02:32:22.971+0000][1][safepoint    ] Leaving safepoint region
[2022-06-13T02:32:22.972+0000][1][safepoint    ] Total time for which application threads were stopped: 0.0007118 seconds, Stopping threads took: 0.0003180 seconds
[2022-06-13T02:32:23.972+0000][1][safepoint    ] Application time: 1.0002011 seconds
[2022-06-13T02:32:23.973+0000][1][safepoint    ] Entering safepoint region: Cleanup
[2022-06-13T02:32:23.973+0000][1][safepoint    ] Leaving safepoint region
[2022-06-13T02:32:23.973+0000][1][safepoint    ] Total time for which application threads were stopped: 0.0006264 seconds, Stopping threads took: 0.0003130 seconds
[2022-06-13T02:32:24.974+0000][1][safepoint    ] Application time: 1.0002396 seconds
[2022-06-13T02:32:24.974+0000][1][safepoint    ] Entering safepoint region: Cleanup
[2022-06-13T02:32:24.975+0000][1][safepoint    ] Leaving safepoint region
[2022-06-13T02:32:24.975+0000][1][safepoint    ] Total time for which application threads were stopped: 0.0006671 seconds, Stopping threads took: 0.0003114 seconds
[2022-06-13T02:32:25.975+0000][1][safepoint    ] Application time: 1.0001690 seconds
[2022-06-13T02:32:25.976+0000][1][safepoint    ] Entering safepoint region: Cleanup
[2022-06-13T02:32:25.976+0000][1][safepoint    ] Leaving safepoint region
[2022-06-13T02:32:25.977+0000][1][safepoint    ] Total time for which application threads were stopped: 0.0009637 seconds, Stopping threads took: 0.0005038 seconds
[2022-06-13T02:32:26.977+0000][1][safepoint    ] Application time: 1.0001687 seconds
[2022-06-13T02:32:26.978+0000][1][safepoint    ] Entering safepoint region: Cleanup
[2022-06-13T02:32:26.978+0000][1][safepoint    ] Leaving safepoint region
[2022-06-13T02:32:26.979+0000][1][safepoint    ] Total time for which application threads were stopped: 0.0009777 seconds, Stopping threads took: 0.0004372 seconds
[2022-06-13T02:32:27.979+0000][1][safepoint    ] Application time: 1.0002655 seconds
[2022-06-13T02:32:27.980+0000][1][safepoint    ] Entering safepoint region: Cleanup
[2022-06-13T02:32:27.980+0000][1][safepoint    ] Leaving safepoint region
[2022-06-13T02:32:27.981+0000][1][safepoint    ] Total time for which application threads were stopped: 0.0006626 seconds, Stopping threads took: 0.0002259 seconds
[2022-06-13T02:32:28.981+0000][1][safepoint    ] Application time: 1.0001994 seconds
[2022-06-13T02:32:28.982+0000][1][safepoint    ] Entering safepoint region: Cleanup
[2022-06-13T02:32:28.982+0000][1][safepoint    ] Leaving safepoint region
[2022-06-13T02:32:28.982+0000][1][safepoint    ] Total time for which application threads were stopped: 0.0004809 seconds, Stopping threads took: 0.0002151 seconds
[2022-06-13T02:32:29.982+0000][1][safepoint    ] Application time: 1.0001842 seconds
[2022-06-13T02:32:29.983+0000][1][safepoint    ] Entering safepoint region: Cleanup
[2022-06-13T02:32:29.983+0000][1][safepoint    ] Leaving safepoint region
[2022-06-13T02:32:29.983+0000][1][safepoint    ] Total time for which application threads were stopped: 0.0004521 seconds, Stopping threads took: 0.0001918 seconds
[2022-06-13T02:32:30.983+0000][1][safepoint    ] Application time: 1.0001799 seconds
[2022-06-13T02:32:30.984+0000][1][safepoint    ] Entering safepoint region: Cleanup
[2022-06-13T02:32:30.985+0000][1][safepoint    ] Leaving safepoint region
[2022-06-13T02:32:30.985+0000][1][safepoint    ] Total time for which application threads were stopped: 0.0009809 seconds, Stopping threads took: 0.0005203 seconds
[2022-06-13T02:32:31.985+0000][1][safepoint    ] Application time: 1.0001298 seconds
[2022-06-13T02:32:31.986+0000][1][safepoint    ] Entering safepoint region: Cleanup
[2022-06-13T02:32:31.986+0000][1][safepoint    ] Leaving safepoint region
[2022-06-13T02:32:31.987+0000][1][safepoint    ] Total time for which application threads were stopped: 0.0011410 seconds, Stopping threads took: 0.0004915 seconds
[2022-06-13T02:32:32.988+0000][1][safepoint    ] Application time: 1.0002452 seconds
[2022-06-13T02:32:32.988+0000][1][safepoint    ] Entering safepoint region: Cleanup
[2022-06-13T02:32:32.989+0000][1][safepoint    ] Leaving safepoint region
[2022-06-13T02:32:32.989+0000][1][safepoint    ] Total time for which application threads were stopped: 0.0008223 seconds, Stopping threads took: 0.0003705 seconds
[2022-06-13T02:32:33.990+0000][1][safepoint    ] Application time: 1.0001771 seconds
[2022-06-13T02:32:33.990+0000][1][safepoint    ] Entering safepoint region: Cleanup
[2022-06-13T02:32:33.991+0000][1][safepoint    ] Leaving safepoint region
[2022-06-13T02:32:33.991+0000][1][safepoint    ] Total time for which application threads were stopped: 0.0010929 seconds, Stopping threads took: 0.0005178 seconds
[2022-06-13T02:32:34.992+0000][1][safepoint    ] Application time: 1.0002416 seconds
[2022-06-13T02:32:34.993+0000][1][safepoint    ] Entering safepoint region: Cleanup
[2022-06-13T02:32:34.994+0000][1][safepoint    ] Leaving safepoint region
[2022-06-13T02:32:34.994+0000][1][safepoint    ] Total time for which application threads were stopped: 0.0013507 seconds, Stopping threads took: 0.0005916 seconds
[2022-06-13T02:32:35.995+0000][1][safepoint    ] Application time: 1.0002388 seconds
[2022-06-13T02:32:35.996+0000][1][safepoint    ] Entering safepoint region: Cleanup
[2022-06-13T02:32:35.996+0000][1][safepoint    ] Leaving safepoint region
[2022-06-13T02:32:35.996+0000][1][safepoint    ] Total time for which application threads were stopped: 0.0007740 seconds, Stopping threads took: 0.0003598 seconds
[2022-06-13T02:32:36.997+0000][1][safepoint    ] Application time: 1.0002751 seconds
[2022-06-13T02:32:36.998+0000][1][safepoint    ] Entering safepoint region: Cleanup
[2022-06-13T02:32:36.998+0000][1][safepoint    ] Leaving safepoint region
[2022-06-13T02:32:36.999+0000][1][safepoint    ] Total time for which application threads were stopped: 0.0010679 seconds, Stopping threads took: 0.0004630 seconds
[2022-06-13T02:32:38.000+0000][1][safepoint    ] Application time: 1.0004994 seconds
[2022-06-13T02:32:38.000+0000][1][safepoint    ] Entering safepoint region: Cleanup
[2022-06-13T02:32:38.001+0000][1][safepoint    ] Leaving safepoint region
[2022-06-13T02:32:38.002+0000][1][safepoint    ] Total time for which application threads were stopped: 0.0012115 seconds, Stopping threads took: 0.0004321 seconds
[2022-06-13T02:32:39.002+0000][1][safepoint    ] Application time: 1.0002885 seconds
[2022-06-13T02:32:39.003+0000][1][safepoint    ] Entering safepoint region: Cleanup
[2022-06-13T02:32:39.004+0000][1][safepoint    ] Leaving safepoint region
[2022-06-13T02:32:39.004+0000][1][safepoint    ] Total time for which application threads were stopped: 0.0013611 seconds, Stopping threads took: 0.0006199 seconds
[2022-06-13T02:32:40.005+0000][1][safepoint    ] Application time: 1.0002255 seconds
[2022-06-13T02:32:40.006+0000][1][safepoint    ] Entering safepoint region: Cleanup
[2022-06-13T02:32:40.006+0000][1][safepoint    ] Leaving safepoint region
[2022-06-13T02:32:40.007+0000][1][safepoint    ] Total time for which application threads were stopped: 0.0012725 seconds, Stopping threads took: 0.0006747 seconds
[2022-06-13T02:32:41.007+0000][1][safepoint    ] Application time: 1.0002553 seconds
[2022-06-13T02:32:41.008+0000][1][safepoint    ] Entering safepoint region: Cleanup
[2022-06-13T02:32:41.008+0000][1][safepoint    ] Leaving safepoint region
[2022-06-13T02:32:41.008+0000][1][safepoint    ] Total time for which application threads were stopped: 0.0004929 seconds, Stopping threads took: 0.0002298 seconds
[2022-06-13T02:32:42.009+0000][1][safepoint    ] Application time: 1.0001823 seconds
[2022-06-13T02:32:42.009+0000][1][safepoint    ] Entering safepoint region: Cleanup
[2022-06-13T02:32:42.010+0000][1][safepoint    ] Leaving safepoint region
[2022-06-13T02:32:42.010+0000][1][safepoint    ] Total time for which application threads were stopped: 0.0008172 seconds, Stopping threads took: 0.0003686 seconds
[2022-06-13T02:32:43.010+0000][1][safepoint    ] Application time: 1.0001089 seconds
[2022-06-13T02:32:43.011+0000][1][safepoint    ] Entering safepoint region: Cleanup
[2022-06-13T02:32:43.011+0000][1][safepoint    ] Leaving safepoint region
[2022-06-13T02:32:43.012+0000][1][safepoint    ] Total time for which application threads were stopped: 0.0008314 seconds, Stopping threads took: 0.0003858 seconds
[2022-06-13T02:32:44.012+0000][1][safepoint    ] Application time: 1.0002002 seconds
[2022-06-13T02:32:44.013+0000][1][safepoint    ] Entering safepoint region: Cleanup
[2022-06-13T02:32:44.014+0000][1][safepoint    ] Leaving safepoint region
[2022-06-13T02:32:44.014+0000][1][safepoint    ] Total time for which application threads were stopped: 0.0010213 seconds, Stopping threads took: 0.0004227 seconds
[2022-06-13T02:32:45.015+0000][1][safepoint    ] Application time: 1.0002382 seconds
[2022-06-13T02:32:45.016+0000][1][safepoint    ] Entering safepoint region: Cleanup
[2022-06-13T02:32:45.016+0000][1][safepoint    ] Leaving safepoint region
[2022-06-13T02:32:45.017+0000][1][safepoint    ] Total time for which application threads were stopped: 0.0016418 seconds, Stopping threads took: 0.0007228 seconds
[2022-06-13T02:32:46.018+0000][1][safepoint    ] Application time: 1.0001344 seconds
[2022-06-13T02:32:46.018+0000][1][safepoint    ] Entering safepoint region: Cleanup
[2022-06-13T02:32:46.019+0000][1][safepoint    ] Leaving safepoint region
[2022-06-13T02:32:46.019+0000][1][safepoint    ] Total time for which application threads were stopped: 0.0007409 seconds, Stopping threads took: 0.0002175 seconds
[2022-06-13T02:32:47.020+0000][1][safepoint    ] Application time: 1.0003830 seconds
[2022-06-13T02:32:47.020+0000][1][safepoint    ] Entering safepoint region: Cleanup
[2022-06-13T02:32:47.021+0000][1][safepoint    ] Leaving safepoint region
[2022-06-13T02:32:47.021+0000][1][safepoint    ] Total time for which application threads were stopped: 0.0009945 seconds, Stopping threads took: 0.0004650 seconds
[2022-06-13T02:32:48.022+0000][1][safepoint    ] Application time: 1.0003348 seconds
[2022-06-13T02:32:48.022+0000][1][safepoint    ] Entering safepoint region: Cleanup
[2022-06-13T02:32:48.023+0000][1][safepoint    ] Leaving safepoint region
[2022-06-13T02:32:48.023+0000][1][safepoint    ] Total time for which application threads were stopped: 0.0007409 seconds, Stopping threads took: 0.0003384 seconds
[2022-06-13T02:32:49.024+0000][1][safepoint    ] Application time: 1.0002228 seconds
[2022-06-13T02:32:49.024+0000][1][safepoint    ] Entering safepoint region: Cleanup
[2022-06-13T02:32:49.025+0000][1][safepoint    ] Leaving safepoint region
[2022-06-13T02:32:49.025+0000][1][safepoint    ] Total time for which application threads were stopped: 0.0011188 seconds, Stopping threads took: 0.0004222 seconds
[2022-06-13T02:32:50.026+0000][1][safepoint    ] Application time: 1.0001962 seconds
[2022-06-13T02:32:50.027+0000][1][safepoint    ] Entering safepoint region: Cleanup
[2022-06-13T02:32:50.027+0000][1][safepoint    ] Leaving safepoint region
[2022-06-13T02:32:50.027+0000][1][safepoint    ] Total time for which application threads were stopped: 0.0005472 seconds, Stopping threads took: 0.0002245 seconds
[2022-06-13T02:32:51.028+0000][1][safepoint    ] Application time: 1.0002132 seconds
[2022-06-13T02:32:51.028+0000][1][safepoint    ] Entering safepoint region: Cleanup
[2022-06-13T02:32:51.029+0000][1][safepoint    ] Leaving safepoint region
[2022-06-13T02:32:51.029+0000][1][safepoint    ] Total time for which application threads were stopped: 0.0008473 seconds, Stopping threads took: 0.0003954 seconds
[2022-06-13T02:32:52.030+0000][1][safepoint    ] Application time: 1.0001874 seconds
[2022-06-13T02:32:52.030+0000][1][safepoint    ] Entering safepoint region: Cleanup
[2022-06-13T02:32:52.031+0000][1][safepoint    ] Leaving safepoint region
[2022-06-13T02:32:52.031+0000][1][safepoint    ] Total time for which application threads were stopped: 0.0009942 seconds, Stopping threads took: 0.0004747 seconds
[2022-06-13T02:32:53.032+0000][1][safepoint    ] Application time: 1.0002510 seconds
[2022-06-13T02:32:53.032+0000][1][safepoint    ] Entering safepoint region: Cleanup
[2022-06-13T02:32:53.033+0000][1][safepoint    ] Leaving safepoint region
[2022-06-13T02:32:53.033+0000][1][safepoint    ] Total time for which application threads were stopped: 0.0007095 seconds, Stopping threads took: 0.0003371 seconds
[2022-06-13T02:32:53.280+0000][1][safepoint    ] Application time: 0.2471123 seconds
[2022-06-13T02:32:53.281+0000][1][safepoint    ] Entering safepoint region: GenCollectForAllocation
[2022-06-13T02:32:53.281+0000][1][gc,start     ] GC(30) Pause Young (Allocation Failure)
[2022-06-13T02:32:53.282+0000][1][gc,task      ] GC(30) Using 5 workers of 13 for evacuation
[2022-06-13T02:32:53.283+0000][1][gc,age       ] GC(30) Desired survivor size 4456448 bytes, new threshold 6 (max threshold 6)
[2022-06-13T02:32:53.284+0000][1][gc,age       ] GC(30) Age table with threshold 6 (max threshold 6)
[2022-06-13T02:32:53.284+0000][1][gc,age       ] GC(30) - age   1:      32560 bytes,      32560 total
[2022-06-13T02:32:53.285+0000][1][gc,age       ] GC(30) - age   2:      15216 bytes,      47776 total
[2022-06-13T02:32:53.285+0000][1][gc,age       ] GC(30) - age   3:      14072 bytes,      61848 total
[2022-06-13T02:32:53.286+0000][1][gc,age       ] GC(30) - age   4:      14968 bytes,      76816 total
[2022-06-13T02:32:53.286+0000][1][gc,age       ] GC(30) - age   5:      13296 bytes,      90112 total
[2022-06-13T02:32:53.286+0000][1][gc,age       ] GC(30) - age   6:      29984 bytes,     120096 total
[2022-06-13T02:32:53.287+0000][1][gc,heap      ] GC(30) ParNew: 70353K->160K(78656K)
[2022-06-13T02:32:53.287+0000][1][gc,heap      ] GC(30) CMS: 69195K->69227K(174784K)
[2022-06-13T02:32:53.288+0000][1][gc,metaspace ] GC(30) Metaspace: 65352K->65352K(1110016K)
[2022-06-13T02:32:53.288+0000][1][gc           ] GC(30) Pause Young (Allocation Failure) 136M->67M(247M) 6.669ms
[2022-06-13T02:32:53.289+0000][1][gc,cpu       ] GC(30) User=0.00s Sys=0.00s Real=0.00s
[2022-06-13T02:32:53.289+0000][1][safepoint    ] Leaving safepoint region
[2022-06-13T02:32:53.290+0000][1][safepoint    ] Total time for which application threads were stopped: 0.0087694 seconds, Stopping threads took: 0.0004092 seconds
[2022-06-13T02:32:54.290+0000][1][safepoint    ] Application time: 1.0002961 seconds
[2022-06-13T02:32:54.291+0000][1][safepoint    ] Entering safepoint region: Cleanup
[2022-06-13T02:32:54.292+0000][1][safepoint    ] Leaving safepoint region
[2022-06-13T02:32:54.292+0000][1][safepoint    ] Total time for which application threads were stopped: 0.0008052 seconds, Stopping threads took: 0.0004167 seconds
[2022-06-13T02:32:55.292+0000][1][safepoint    ] Application time: 1.0002298 seconds
[2022-06-13T02:32:55.293+0000][1][safepoint    ] Entering safepoint region: Cleanup
[2022-06-13T02:32:55.293+0000][1][safepoint    ] Leaving safepoint region
[2022-06-13T02:32:55.294+0000][1][safepoint    ] Total time for which application threads were stopped: 0.0008978 seconds, Stopping threads took: 0.0003650 seconds
[2022-06-13T02:32:56.294+0000][1][safepoint    ] Application time: 1.0001765 seconds
[2022-06-13T02:32:56.295+0000][1][safepoint    ] Entering safepoint region: Cleanup
[2022-06-13T02:32:56.295+0000][1][safepoint    ] Leaving safepoint region
[2022-06-13T02:32:56.295+0000][1][safepoint    ] Total time for which application threads were stopped: 0.0005355 seconds, Stopping threads took: 0.0002475 seconds
[2022-06-13T02:32:57.296+0000][1][safepoint    ] Application time: 1.0001050 seconds
[2022-06-13T02:32:57.296+0000][1][safepoint    ] Entering safepoint region: Cleanup
[2022-06-13T02:32:57.296+0000][1][safepoint    ] Leaving safepoint region
[2022-06-13T02:32:57.296+0000][1][safepoint    ] Total time for which application threads were stopped: 0.0006074 seconds, Stopping threads took: 0.0002959 seconds
[2022-06-13T02:32:58.297+0000][1][safepoint    ] Application time: 1.0001833 seconds
[2022-06-13T02:32:58.297+0000][1][safepoint    ] Entering safepoint region: Cleanup
[2022-06-13T02:32:58.298+0000][1][safepoint    ] Leaving safepoint region
[2022-06-13T02:32:58.298+0000][1][safepoint    ] Total time for which application threads were stopped: 0.0005849 seconds, Stopping threads took: 0.0002630 seconds
[2022-06-13T02:32:59.298+0000][1][safepoint    ] Application time: 1.0001914 seconds
[2022-06-13T02:32:59.299+0000][1][safepoint    ] Entering safepoint region: Cleanup
[2022-06-13T02:32:59.299+0000][1][safepoint    ] Leaving safepoint region
[2022-06-13T02:32:59.299+0000][1][safepoint    ] Total time for which application threads were stopped: 0.0006500 seconds, Stopping threads took: 0.0003038 seconds
[2022-06-13T02:33:00.300+0000][1][safepoint    ] Application time: 1.0001958 seconds
[2022-06-13T02:33:00.300+0000][1][safepoint    ] Entering safepoint region: Cleanup
[2022-06-13T02:33:00.301+0000][1][safepoint    ] Leaving safepoint region
[2022-06-13T02:33:00.301+0000][1][safepoint    ] Total time for which application threads were stopped: 0.0005113 seconds, Stopping threads took: 0.0002288 seconds
[2022-06-13T02:33:01.301+0000][1][safepoint    ] Application time: 1.0002020 seconds
[2022-06-13T02:33:01.302+0000][1][safepoint    ] Entering safepoint region: Cleanup
[2022-06-13T02:33:01.302+0000][1][safepoint    ] Leaving safepoint region
[2022-06-13T02:33:01.303+0000][1][safepoint    ] Total time for which application threads were stopped: 0.0009026 seconds, Stopping threads took: 0.0002756 seconds
[2022-06-13T02:33:02.303+0000][1][safepoint    ] Application time: 1.0002093 seconds
[2022-06-13T02:33:02.304+0000][1][safepoint    ] Entering safepoint region: Cleanup
[2022-06-13T02:33:02.304+0000][1][safepoint    ] Leaving safepoint region
[2022-06-13T02:33:02.304+0000][1][safepoint    ] Total time for which application threads were stopped: 0.0006640 seconds, Stopping threads took: 0.0003199 seconds
[2022-06-13T02:33:03.305+0000][1][safepoint    ] Application time: 1.0003109 seconds
[2022-06-13T02:33:03.306+0000][1][safepoint    ] Entering safepoint region: Cleanup
[2022-06-13T02:33:03.306+0000][1][safepoint    ] Leaving safepoint region
[2022-06-13T02:33:03.307+0000][1][safepoint    ] Total time for which application threads were stopped: 0.0014718 seconds, Stopping threads took: 0.0006734 seconds
[2022-06-13T02:33:04.308+0000][1][safepoint    ] Application time: 1.0002016 seconds
[2022-06-13T02:33:04.308+0000][1][safepoint    ] Entering safepoint region: Cleanup
[2022-06-13T02:33:04.309+0000][1][safepoint    ] Leaving safepoint region
[2022-06-13T02:33:04.309+0000][1][safepoint    ] Total time for which application threads were stopped: 0.0007556 seconds, Stopping threads took: 0.0003811 seconds
[2022-06-13T02:33:05.848+0000][1][safepoint    ] Application time: 1.5391486 seconds
[2022-06-13T02:33:05.849+0000][1][safepoint    ] Entering safepoint region: Cleanup
[2022-06-13T02:33:05.849+0000][1][safepoint    ] Leaving safepoint region
[2022-06-13T02:33:05.850+0000][1][safepoint    ] Total time for which application threads were stopped: 0.0007702 seconds, Stopping threads took: 0.0002700 seconds
[2022-06-13T02:33:06.850+0000][1][safepoint    ] Application time: 1.0002339 seconds
[2022-06-13T02:33:06.851+0000][1][safepoint    ] Entering safepoint region: Cleanup
[2022-06-13T02:33:06.851+0000][1][safepoint    ] Leaving safepoint region
[2022-06-13T02:33:06.851+0000][1][safepoint    ] Total time for which application threads were stopped: 0.0007037 seconds, Stopping threads took: 0.0003411 seconds
[2022-06-13T02:33:07.852+0000][1][safepoint    ] Application time: 1.0001690 seconds
[2022-06-13T02:33:07.852+0000][1][safepoint    ] Entering safepoint region: Cleanup
[2022-06-13T02:33:07.853+0000][1][safepoint    ] Leaving safepoint region
[2022-06-13T02:33:07.853+0000][1][safepoint    ] Total time for which application threads were stopped: 0.0006279 seconds, Stopping threads took: 0.0002415 seconds
[2022-06-13T02:33:08.853+0000][1][safepoint    ] Application time: 1.0001894 seconds
[2022-06-13T02:33:08.854+0000][1][safepoint    ] Entering safepoint region: Cleanup
[2022-06-13T02:33:08.854+0000][1][safepoint    ] Leaving safepoint region
[2022-06-13T02:33:08.855+0000][1][safepoint    ] Total time for which application threads were stopped: 0.0006886 seconds, Stopping threads took: 0.0002860 seconds
[2022-06-13T02:33:09.855+0000][1][safepoint    ] Application time: 1.0001652 seconds
[2022-06-13T02:33:09.856+0000][1][safepoint    ] Entering safepoint region: Cleanup
[2022-06-13T02:33:09.856+0000][1][safepoint    ] Leaving safepoint region
[2022-06-13T02:33:09.856+0000][1][safepoint    ] Total time for which application threads were stopped: 0.0007155 seconds, Stopping threads took: 0.0002845 seconds
[2022-06-13T02:33:10.857+0000][1][safepoint    ] Application time: 1.0003003 seconds
[2022-06-13T02:33:10.858+0000][1][safepoint    ] Entering safepoint region: Cleanup
[2022-06-13T02:33:10.858+0000][1][safepoint    ] Leaving safepoint region
[2022-06-13T02:33:10.859+0000][1][safepoint    ] Total time for which application threads were stopped: 0.0008933 seconds, Stopping threads took: 0.0004470 seconds
[2022-06-13T02:33:11.859+0000][1][safepoint    ] Application time: 1.0002794 seconds
[2022-06-13T02:33:11.860+0000][1][safepoint    ] Entering safepoint region: Cleanup
[2022-06-13T02:33:11.860+0000][1][safepoint    ] Leaving safepoint region
[2022-06-13T02:33:11.860+0000][1][safepoint    ] Total time for which application threads were stopped: 0.0006861 seconds, Stopping threads took: 0.0002645 seconds
[2022-06-13T02:33:12.861+0000][1][safepoint    ] Application time: 1.0000961 seconds
[2022-06-13T02:33:12.861+0000][1][safepoint    ] Entering safepoint region: Cleanup
[2022-06-13T02:33:12.861+0000][1][safepoint    ] Leaving safepoint region
[2022-06-13T02:33:12.862+0000][1][safepoint    ] Total time for which application threads were stopped: 0.0004799 seconds, Stopping threads took: 0.0002126 seconds
[2022-06-13T02:33:13.862+0000][1][safepoint    ] Application time: 1.0001349 seconds
[2022-06-13T02:33:13.862+0000][1][safepoint    ] Entering safepoint region: Cleanup
[2022-06-13T02:33:13.863+0000][1][safepoint    ] Leaving safepoint region
[2022-06-13T02:33:13.863+0000][1][safepoint    ] Total time for which application threads were stopped: 0.0006428 seconds, Stopping threads took: 0.0003721 seconds
[2022-06-13T02:33:14.864+0000][1][safepoint    ] Application time: 1.0001642 seconds
[2022-06-13T02:33:14.864+0000][1][safepoint    ] Entering safepoint region: Cleanup
[2022-06-13T02:33:14.865+0000][1][safepoint    ] Leaving safepoint region
[2022-06-13T02:33:14.865+0000][1][safepoint    ] Total time for which application threads were stopped: 0.0007884 seconds, Stopping threads took: 0.0003411 seconds
[2022-06-13T02:33:15.866+0000][1][safepoint    ] Application time: 1.0002375 seconds
[2022-06-13T02:33:15.866+0000][1][safepoint    ] Entering safepoint region: Cleanup
[2022-06-13T02:33:15.867+0000][1][safepoint    ] Leaving safepoint region
[2022-06-13T02:33:15.867+0000][1][safepoint    ] Total time for which application threads were stopped: 0.0010715 seconds, Stopping threads took: 0.0005334 seconds
[2022-06-13T02:33:16.868+0000][1][safepoint    ] Application time: 1.0002790 seconds
[2022-06-13T02:33:16.869+0000][1][safepoint    ] Entering safepoint region: Cleanup
[2022-06-13T02:33:16.869+0000][1][safepoint    ] Leaving safepoint region
[2022-06-13T02:33:16.870+0000][1][safepoint    ] Total time for which application threads were stopped: 0.0010641 seconds, Stopping threads took: 0.0004680 seconds
[2022-06-13T02:33:17.870+0000][1][safepoint    ] Application time: 1.0001278 seconds
[2022-06-13T02:33:17.894+0000][1][safepoint    ] Entering safepoint region: Cleanup
[2022-06-13T02:33:17.895+0000][1][safepoint    ] Leaving safepoint region
[2022-06-13T02:33:17.895+0000][1][safepoint    ] Total time for which application threads were stopped: 0.0005948 seconds, Stopping threads took: 0.0003196 seconds
[2022-06-13T02:33:18.895+0000][1][safepoint    ] Application time: 1.0001740 seconds
[2022-06-13T02:33:18.896+0000][1][safepoint    ] Entering safepoint region: Cleanup
[2022-06-13T02:33:18.896+0000][1][safepoint    ] Leaving safepoint region
[2022-06-13T02:33:18.896+0000][1][safepoint    ] Total time for which application threads were stopped: 0.0004860 seconds, Stopping threads took: 0.0002555 seconds
[2022-06-13T02:33:19.897+0000][1][safepoint    ] Application time: 1.0003544 seconds
[2022-06-13T02:33:19.897+0000][1][safepoint    ] Entering safepoint region: Cleanup
[2022-06-13T02:33:19.898+0000][1][safepoint    ] Leaving safepoint region
[2022-06-13T02:33:19.899+0000][1][safepoint    ] Total time for which application threads were stopped: 0.0011257 seconds, Stopping threads took: 0.0005903 seconds
[2022-06-13T02:33:20.900+0000][1][safepoint    ] Application time: 1.0002831 seconds
[2022-06-13T02:33:20.900+0000][1][safepoint    ] Entering safepoint region: Cleanup
[2022-06-13T02:33:20.901+0000][1][safepoint    ] Leaving safepoint region
[2022-06-13T02:33:20.901+0000][1][safepoint    ] Total time for which application threads were stopped: 0.0010944 seconds, Stopping threads took: 0.0005567 seconds
[2022-06-13T02:33:21.902+0000][1][safepoint    ] Application time: 1.0001883 seconds
[2022-06-13T02:33:21.903+0000][1][safepoint    ] Entering safepoint region: Cleanup
[2022-06-13T02:33:21.903+0000][1][safepoint    ] Leaving safepoint region
[2022-06-13T02:33:21.903+0000][1][safepoint    ] Total time for which application threads were stopped: 0.0009553 seconds, Stopping threads took: 0.0004125 seconds
[2022-06-13T02:33:22.904+0000][1][safepoint    ] Application time: 1.0002334 seconds
[2022-06-13T02:33:22.905+0000][1][safepoint    ] Entering safepoint region: Cleanup
[2022-06-13T02:33:22.905+0000][1][safepoint    ] Leaving safepoint region
[2022-06-13T02:33:22.906+0000][1][safepoint    ] Total time for which application threads were stopped: 0.0008139 seconds, Stopping threads took: 0.0003643 seconds
[2022-06-13T02:33:23.906+0000][1][safepoint    ] Application time: 1.0002150 seconds
[2022-06-13T02:33:23.907+0000][1][safepoint    ] Entering safepoint region: Cleanup
[2022-06-13T02:33:23.907+0000][1][safepoint    ] Leaving safepoint region
[2022-06-13T02:33:23.907+0000][1][safepoint    ] Total time for which application threads were stopped: 0.0007094 seconds, Stopping threads took: 0.0002662 seconds
[2022-06-13T02:33:24.908+0000][1][safepoint    ] Application time: 1.0002440 seconds
[2022-06-13T02:33:24.908+0000][1][safepoint    ] Entering safepoint region: Cleanup
[2022-06-13T02:33:24.909+0000][1][safepoint    ] Leaving safepoint region
[2022-06-13T02:33:24.909+0000][1][safepoint    ] Total time for which application threads were stopped: 0.0006134 seconds, Stopping threads took: 0.0003356 seconds
[2022-06-13T02:33:25.909+0000][1][safepoint    ] Application time: 1.0001648 seconds
[2022-06-13T02:33:25.910+0000][1][safepoint    ] Entering safepoint region: Cleanup
[2022-06-13T02:33:25.910+0000][1][safepoint    ] Leaving safepoint region
[2022-06-13T02:33:25.910+0000][1][safepoint    ] Total time for which application threads were stopped: 0.0007899 seconds, Stopping threads took: 0.0004007 seconds
[2022-06-13T02:33:26.911+0000][1][safepoint    ] Application time: 1.0001809 seconds
[2022-06-13T02:33:26.911+0000][1][safepoint    ] Entering safepoint region: Cleanup
[2022-06-13T02:33:26.911+0000][1][safepoint    ] Leaving safepoint region
[2022-06-13T02:33:26.912+0000][1][safepoint    ] Total time for which application threads were stopped: 0.0005617 seconds, Stopping threads took: 0.0002641 seconds
[2022-06-13T02:33:27.912+0000][1][safepoint    ] Application time: 1.0003121 seconds
[2022-06-13T02:33:27.913+0000][1][safepoint    ] Entering safepoint region: Cleanup
[2022-06-13T02:33:27.913+0000][1][safepoint    ] Leaving safepoint region
[2022-06-13T02:33:27.913+0000][1][safepoint    ] Total time for which application threads were stopped: 0.0007211 seconds, Stopping threads took: 0.0003290 seconds
[2022-06-13T02:33:28.914+0000][1][safepoint    ] Application time: 1.0003053 seconds
[2022-06-13T02:33:28.915+0000][1][safepoint    ] Entering safepoint region: Cleanup
[2022-06-13T02:33:28.915+0000][1][safepoint    ] Leaving safepoint region
[2022-06-13T02:33:28.916+0000][1][safepoint    ] Total time for which application threads were stopped: 0.0010784 seconds, Stopping threads took: 0.0005771 seconds
[2022-06-13T02:33:29.917+0000][1][safepoint    ] Application time: 1.0002740 seconds
[2022-06-13T02:33:29.917+0000][1][safepoint    ] Entering safepoint region: Cleanup
[2022-06-13T02:33:29.918+0000][1][safepoint    ] Leaving safepoint region
[2022-06-13T02:33:29.918+0000][1][safepoint    ] Total time for which application threads were stopped: 0.0009558 seconds, Stopping threads took: 0.0004559 seconds
[2022-06-13T02:33:30.919+0000][1][safepoint    ] Application time: 1.0001940 seconds
[2022-06-13T02:33:30.919+0000][1][safepoint    ] Entering safepoint region: Cleanup
[2022-06-13T02:33:30.920+0000][1][safepoint    ] Leaving safepoint region
[2022-06-13T02:33:30.920+0000][1][safepoint    ] Total time for which application threads were stopped: 0.0005415 seconds, Stopping threads took: 0.0002434 seconds
[2022-06-13T02:33:31.920+0000][1][safepoint    ] Application time: 1.0002055 seconds
[2022-06-13T02:33:31.921+0000][1][safepoint    ] Entering safepoint region: Cleanup
[2022-06-13T02:33:31.922+0000][1][safepoint    ] Leaving safepoint region
[2022-06-13T02:33:31.922+0000][1][safepoint    ] Total time for which application threads were stopped: 0.0008592 seconds, Stopping threads took: 0.0004369 seconds
[2022-06-13T02:33:32.922+0000][1][safepoint    ] Application time: 1.0001725 seconds
[2022-06-13T02:33:32.923+0000][1][safepoint    ] Entering safepoint region: Cleanup
[2022-06-13T02:33:32.923+0000][1][safepoint    ] Leaving safepoint region
[2022-06-13T02:33:32.924+0000][1][safepoint    ] Total time for which application threads were stopped: 0.0009413 seconds, Stopping threads took: 0.0004206 seconds
[2022-06-13T02:33:33.925+0000][1][safepoint    ] Application time: 1.0002955 seconds
[2022-06-13T02:33:33.925+0000][1][safepoint    ] Entering safepoint region: Cleanup
[2022-06-13T02:33:33.926+0000][1][safepoint    ] Leaving safepoint region
[2022-06-13T02:33:33.926+0000][1][safepoint    ] Total time for which application threads were stopped: 0.0010002 seconds, Stopping threads took: 0.0004711 seconds
[2022-06-13T02:33:34.927+0000][1][safepoint    ] Application time: 1.0002016 seconds
[2022-06-13T02:33:34.927+0000][1][safepoint    ] Entering safepoint region: Cleanup
[2022-06-13T02:33:34.928+0000][1][safepoint    ] Leaving safepoint region
[2022-06-13T02:33:34.928+0000][1][safepoint    ] Total time for which application threads were stopped: 0.0007454 seconds, Stopping threads took: 0.0003528 seconds
[2022-06-13T02:33:35.929+0000][1][safepoint    ] Application time: 1.0001795 seconds
[2022-06-13T02:33:35.929+0000][1][safepoint    ] Entering safepoint region: Cleanup
[2022-06-13T02:33:35.929+0000][1][safepoint    ] Leaving safepoint region
[2022-06-13T02:33:35.929+0000][1][safepoint    ] Total time for which application threads were stopped: 0.0004702 seconds, Stopping threads took: 0.0001573 seconds
[2022-06-13T02:33:36.930+0000][1][safepoint    ] Application time: 1.0001652 seconds
[2022-06-13T02:33:36.931+0000][1][safepoint    ] Entering safepoint region: Cleanup
[2022-06-13T02:33:36.931+0000][1][safepoint    ] Leaving safepoint region
[2022-06-13T02:33:36.932+0000][1][safepoint    ] Total time for which application threads were stopped: 0.0011760 seconds, Stopping threads took: 0.0004197 seconds
[2022-06-13T02:33:37.932+0000][1][safepoint    ] Application time: 1.0002115 seconds
[2022-06-13T02:33:37.933+0000][1][safepoint    ] Entering safepoint region: Cleanup
[2022-06-13T02:33:37.933+0000][1][safepoint    ] Leaving safepoint region
[2022-06-13T02:33:37.933+0000][1][safepoint    ] Total time for which application threads were stopped: 0.0007522 seconds, Stopping threads took: 0.0003467 seconds
[2022-06-13T02:33:38.934+0000][1][safepoint    ] Application time: 1.0003137 seconds
[2022-06-13T02:33:38.935+0000][1][safepoint    ] Entering safepoint region: Cleanup
[2022-06-13T02:33:38.936+0000][1][safepoint    ] Leaving safepoint region
[2022-06-13T02:33:38.936+0000][1][safepoint    ] Total time for which application threads were stopped: 0.0014522 seconds, Stopping threads took: 0.0007116 seconds
[2022-06-13T02:33:39.937+0000][1][safepoint    ] Application time: 1.0001698 seconds
[2022-06-13T02:33:39.937+0000][1][safepoint    ] Entering safepoint region: Cleanup
[2022-06-13T02:33:39.938+0000][1][safepoint    ] Leaving safepoint region
[2022-06-13T02:33:39.938+0000][1][safepoint    ] Total time for which application threads were stopped: 0.0006404 seconds, Stopping threads took: 0.0002754 seconds
[2022-06-13T02:33:40.938+0000][1][safepoint    ] Application time: 1.0001848 seconds
[2022-06-13T02:33:40.939+0000][1][safepoint    ] Entering safepoint region: Cleanup
[2022-06-13T02:33:40.939+0000][1][safepoint    ] Leaving safepoint region
[2022-06-13T02:33:40.939+0000][1][safepoint    ] Total time for which application threads were stopped: 0.0008261 seconds, Stopping threads took: 0.0004462 seconds
[2022-06-13T02:33:41.940+0000][1][safepoint    ] Application time: 1.0001102 seconds
[2022-06-13T02:33:41.940+0000][1][safepoint    ] Entering safepoint region: Cleanup
[2022-06-13T02:33:41.941+0000][1][safepoint    ] Leaving safepoint region
[2022-06-13T02:33:41.941+0000][1][safepoint    ] Total time for which application threads were stopped: 0.0008532 seconds, Stopping threads took: 0.0004582 seconds
[2022-06-13T02:33:42.942+0000][1][safepoint    ] Application time: 1.0002163 seconds
[2022-06-13T02:33:42.942+0000][1][safepoint    ] Entering safepoint region: Cleanup
[2022-06-13T02:33:42.943+0000][1][safepoint    ] Leaving safepoint region
[2022-06-13T02:33:42.944+0000][1][safepoint    ] Total time for which application threads were stopped: 0.0016098 seconds, Stopping threads took: 0.0006591 seconds
[2022-06-13T02:33:43.945+0000][1][safepoint    ] Application time: 1.0002632 seconds
[2022-06-13T02:33:43.945+0000][1][safepoint    ] Entering safepoint region: Cleanup
[2022-06-13T02:33:43.946+0000][1][safepoint    ] Leaving safepoint region
[2022-06-13T02:33:43.946+0000][1][safepoint    ] Total time for which application threads were stopped: 0.0007834 seconds, Stopping threads took: 0.0002574 seconds
[2022-06-13T02:33:44.947+0000][1][safepoint    ] Application time: 1.0002677 seconds
[2022-06-13T02:33:44.947+0000][1][safepoint    ] Entering safepoint region: Cleanup
[2022-06-13T02:33:44.948+0000][1][safepoint    ] Leaving safepoint region
[2022-06-13T02:33:44.948+0000][1][safepoint    ] Total time for which application threads were stopped: 0.0008485 seconds, Stopping threads took: 0.0004433 seconds
[2022-06-13T02:33:45.949+0000][1][safepoint    ] Application time: 1.0001202 seconds
[2022-06-13T02:33:45.949+0000][1][safepoint    ] Entering safepoint region: Cleanup
[2022-06-13T02:33:45.949+0000][1][safepoint    ] Leaving safepoint region
[2022-06-13T02:33:45.950+0000][1][safepoint    ] Total time for which application threads were stopped: 0.0006997 seconds, Stopping threads took: 0.0003706 seconds
[2022-06-13T02:33:46.950+0000][1][safepoint    ] Application time: 1.0002370 seconds
[2022-06-13T02:33:46.950+0000][1][safepoint    ] Entering safepoint region: Cleanup
[2022-06-13T02:33:46.951+0000][1][safepoint    ] Leaving safepoint region
[2022-06-13T02:33:46.951+0000][1][safepoint    ] Total time for which application threads were stopped: 0.0008038 seconds, Stopping threads took: 0.0002857 seconds
[2022-06-13T02:33:47.952+0000][1][safepoint    ] Application time: 1.0001163 seconds
[2022-06-13T02:33:47.952+0000][1][safepoint    ] Entering safepoint region: Cleanup
[2022-06-13T02:33:47.952+0000][1][safepoint    ] Leaving safepoint region
[2022-06-13T02:33:47.953+0000][1][safepoint    ] Total time for which application threads were stopped: 0.0006857 seconds, Stopping threads took: 0.0003484 seconds
[2022-06-13T02:33:48.953+0000][1][safepoint    ] Application time: 1.0001080 seconds
[2022-06-13T02:33:48.953+0000][1][safepoint    ] Entering safepoint region: Cleanup
[2022-06-13T02:33:48.954+0000][1][safepoint    ] Leaving safepoint region
[2022-06-13T02:33:48.954+0000][1][safepoint    ] Total time for which application threads were stopped: 0.0005553 seconds, Stopping threads took: 0.0002186 seconds
[2022-06-13T02:33:49.954+0000][1][safepoint    ] Application time: 1.0003234 seconds
[2022-06-13T02:33:49.955+0000][1][safepoint    ] Entering safepoint region: Cleanup
[2022-06-13T02:33:49.955+0000][1][safepoint    ] Leaving safepoint region
[2022-06-13T02:33:49.956+0000][1][safepoint    ] Total time for which application threads were stopped: 0.0007768 seconds, Stopping threads took: 0.0003570 seconds
[2022-06-13T02:33:50.956+0000][1][safepoint    ] Application time: 1.0001166 seconds
[2022-06-13T02:33:50.956+0000][1][safepoint    ] Entering safepoint region: Cleanup
[2022-06-13T02:33:50.957+0000][1][safepoint    ] Leaving safepoint region
[2022-06-13T02:33:50.957+0000][1][safepoint    ] Total time for which application threads were stopped: 0.0003475 seconds, Stopping threads took: 0.0001478 seconds
[2022-06-13T02:33:51.957+0000][1][safepoint    ] Application time: 1.0001890 seconds
[2022-06-13T02:33:51.958+0000][1][safepoint    ] Entering safepoint region: Cleanup
[2022-06-13T02:33:51.958+0000][1][safepoint    ] Leaving safepoint region
[2022-06-13T02:33:51.959+0000][1][safepoint    ] Total time for which application threads were stopped: 0.0009526 seconds, Stopping threads took: 0.0004043 seconds
[2022-06-13T02:33:52.959+0000][1][safepoint    ] Application time: 1.0003018 seconds
[2022-06-13T02:33:52.960+0000][1][safepoint    ] Entering safepoint region: Cleanup
[2022-06-13T02:33:52.961+0000][1][safepoint    ] Leaving safepoint region
[2022-06-13T02:33:52.961+0000][1][safepoint    ] Total time for which application threads were stopped: 0.0008811 seconds, Stopping threads took: 0.0004603 seconds
[2022-06-13T02:33:53.961+0000][1][safepoint    ] Application time: 1.0002208 seconds
[2022-06-13T02:33:53.962+0000][1][safepoint    ] Entering safepoint region: Cleanup
[2022-06-13T02:33:53.962+0000][1][safepoint    ] Leaving safepoint region
[2022-06-13T02:33:53.963+0000][1][safepoint    ] Total time for which application threads were stopped: 0.0008288 seconds, Stopping threads took: 0.0003545 seconds
[2022-06-13T02:33:54.963+0000][1][safepoint    ] Application time: 1.0002379 seconds
[2022-06-13T02:33:54.964+0000][1][safepoint    ] Entering safepoint region: Cleanup
[2022-06-13T02:33:54.964+0000][1][safepoint    ] Leaving safepoint region
[2022-06-13T02:33:54.964+0000][1][safepoint    ] Total time for which application threads were stopped: 0.0007757 seconds, Stopping threads took: 0.0003438 seconds
[2022-06-13T02:33:55.965+0000][1][safepoint    ] Application time: 1.0001993 seconds
[2022-06-13T02:33:55.965+0000][1][safepoint    ] Entering safepoint region: Cleanup
[2022-06-13T02:33:55.966+0000][1][safepoint    ] Leaving safepoint region
[2022-06-13T02:33:55.966+0000][1][safepoint    ] Total time for which application threads were stopped: 0.0006899 seconds, Stopping threads took: 0.0003146 seconds
[2022-06-13T02:33:56.966+0000][1][safepoint    ] Application time: 1.0001936 seconds
[2022-06-13T02:33:56.967+0000][1][safepoint    ] Entering safepoint region: Cleanup
[2022-06-13T02:33:56.968+0000][1][safepoint    ] Leaving safepoint region
[2022-06-13T02:33:56.968+0000][1][safepoint    ] Total time for which application threads were stopped: 0.0011814 seconds, Stopping threads took: 0.0005097 seconds
[2022-06-13T02:33:57.969+0000][1][safepoint    ] Application time: 1.0001877 seconds
[2022-06-13T02:33:57.969+0000][1][safepoint    ] Entering safepoint region: Cleanup
[2022-06-13T02:33:57.970+0000][1][safepoint    ] Leaving safepoint region
[2022-06-13T02:33:57.970+0000][1][safepoint    ] Total time for which application threads were stopped: 0.0010615 seconds, Stopping threads took: 0.0006050 seconds
[2022-06-13T02:33:58.971+0000][1][safepoint    ] Application time: 1.0001967 seconds
[2022-06-13T02:33:58.971+0000][1][safepoint    ] Entering safepoint region: Cleanup
[2022-06-13T02:33:58.972+0000][1][safepoint    ] Leaving safepoint region
[2022-06-13T02:33:58.972+0000][1][safepoint    ] Total time for which application threads were stopped: 0.0013055 seconds, Stopping threads took: 0.0005619 seconds
[2022-06-13T02:33:59.973+0000][1][safepoint    ] Application time: 1.0002380 seconds
[2022-06-13T02:33:59.974+0000][1][safepoint    ] Entering safepoint region: Cleanup
[2022-06-13T02:33:59.974+0000][1][safepoint    ] Leaving safepoint region
[2022-06-13T02:33:59.975+0000][1][safepoint    ] Total time for which application threads were stopped: 0.0010478 seconds, Stopping threads took: 0.0004249 seconds
[2022-06-13T02:34:00.976+0000][1][safepoint    ] Application time: 1.0002057 seconds
[2022-06-13T02:34:00.976+0000][1][safepoint    ] Entering safepoint region: Cleanup
[2022-06-13T02:34:00.976+0000][1][safepoint    ] Leaving safepoint region
[2022-06-13T02:34:00.977+0000][1][safepoint    ] Total time for which application threads were stopped: 0.0010362 seconds, Stopping threads took: 0.0004365 seconds
[2022-06-13T02:34:01.978+0000][1][safepoint    ] Application time: 1.0003460 seconds
[2022-06-13T02:34:01.978+0000][1][safepoint    ] Entering safepoint region: Cleanup
[2022-06-13T02:34:01.979+0000][1][safepoint    ] Leaving safepoint region
[2022-06-13T02:34:01.979+0000][1][safepoint    ] Total time for which application threads were stopped: 0.0008416 seconds, Stopping threads took: 0.0004661 seconds
[2022-06-13T02:34:03.319+0000][1][safepoint    ] Application time: 1.3400268 seconds
[2022-06-13T02:34:03.320+0000][1][safepoint    ] Entering safepoint region: Cleanup
[2022-06-13T02:34:03.320+0000][1][safepoint    ] Leaving safepoint region
[2022-06-13T02:34:03.321+0000][1][safepoint    ] Total time for which application threads were stopped: 0.0012868 seconds, Stopping threads took: 0.0005381 seconds
[2022-06-13T02:34:04.322+0000][1][safepoint    ] Application time: 1.0001877 seconds
[2022-06-13T02:34:04.322+0000][1][safepoint    ] Entering safepoint region: Cleanup
[2022-06-13T02:34:04.323+0000][1][safepoint    ] Leaving safepoint region
[2022-06-13T02:34:04.324+0000][1][safepoint    ] Total time for which application threads were stopped: 0.0012803 seconds, Stopping threads took: 0.0005300 seconds
[2022-06-13T02:34:05.324+0000][1][safepoint    ] Application time: 1.0001405 seconds
[2022-06-13T02:34:05.325+0000][1][safepoint    ] Entering safepoint region: Cleanup
[2022-06-13T02:34:05.326+0000][1][safepoint    ] Leaving safepoint region
[2022-06-13T02:34:05.326+0000][1][safepoint    ] Total time for which application threads were stopped: 0.0011460 seconds, Stopping threads took: 0.0004767 seconds
[2022-06-13T02:34:06.327+0000][1][safepoint    ] Application time: 1.0002790 seconds
[2022-06-13T02:34:06.327+0000][1][safepoint    ] Entering safepoint region: Cleanup
[2022-06-13T02:34:06.328+0000][1][safepoint    ] Leaving safepoint region
[2022-06-13T02:34:06.328+0000][1][safepoint    ] Total time for which application threads were stopped: 0.0010230 seconds, Stopping threads took: 0.0004133 seconds
[2022-06-13T02:34:07.329+0000][1][safepoint    ] Application time: 1.0002102 seconds
[2022-06-13T02:34:07.329+0000][1][safepoint    ] Entering safepoint region: Cleanup
[2022-06-13T02:34:07.330+0000][1][safepoint    ] Leaving safepoint region
[2022-06-13T02:34:07.330+0000][1][safepoint    ] Total time for which application threads were stopped: 0.0009381 seconds, Stopping threads took: 0.0003835 seconds
[2022-06-13T02:34:08.331+0000][1][safepoint    ] Application time: 1.0001334 seconds
[2022-06-13T02:34:08.331+0000][1][safepoint    ] Entering safepoint region: Cleanup
[2022-06-13T02:34:08.332+0000][1][safepoint    ] Leaving safepoint region
[2022-06-13T02:34:08.332+0000][1][safepoint    ] Total time for which application threads were stopped: 0.0008670 seconds, Stopping threads took: 0.0003940 seconds
[2022-06-13T02:34:09.333+0000][1][safepoint    ] Application time: 1.0003636 seconds
[2022-06-13T02:34:09.334+0000][1][safepoint    ] Entering safepoint region: Cleanup
[2022-06-13T02:34:09.334+0000][1][safepoint    ] Leaving safepoint region
[2022-06-13T02:34:09.335+0000][1][safepoint    ] Total time for which application threads were stopped: 0.0010372 seconds, Stopping threads took: 0.0005777 seconds
[2022-06-13T02:34:10.335+0000][1][safepoint    ] Application time: 1.0003121 seconds
[2022-06-13T02:34:10.336+0000][1][safepoint    ] Entering safepoint region: Cleanup
[2022-06-13T02:34:10.337+0000][1][safepoint    ] Leaving safepoint region
[2022-06-13T02:34:10.337+0000][1][safepoint    ] Total time for which application threads were stopped: 0.0011126 seconds, Stopping threads took: 0.0005766 seconds
[2022-06-13T02:34:11.338+0000][1][safepoint    ] Application time: 1.0001761 seconds
[2022-06-13T02:34:11.338+0000][1][safepoint    ] Entering safepoint region: Cleanup
[2022-06-13T02:34:11.339+0000][1][safepoint    ] Leaving safepoint region
[2022-06-13T02:34:11.339+0000][1][safepoint    ] Total time for which application threads were stopped: 0.0005885 seconds, Stopping threads took: 0.0002883 seconds
[2022-06-13T02:34:12.339+0000][1][safepoint    ] Application time: 1.0002940 seconds
[2022-06-13T02:34:12.340+0000][1][safepoint    ] Entering safepoint region: Cleanup
[2022-06-13T02:34:12.341+0000][1][safepoint    ] Leaving safepoint region
[2022-06-13T02:34:12.341+0000][1][safepoint    ] Total time for which application threads were stopped: 0.0011433 seconds, Stopping threads took: 0.0006265 seconds
[2022-06-13T02:34:13.342+0000][1][safepoint    ] Application time: 1.0003650 seconds
[2022-06-13T02:34:13.343+0000][1][safepoint    ] Entering safepoint region: Cleanup
[2022-06-13T02:34:13.343+0000][1][safepoint    ] Leaving safepoint region
[2022-06-13T02:34:13.344+0000][1][safepoint    ] Total time for which application threads were stopped: 0.0014432 seconds, Stopping threads took: 0.0006120 seconds
[2022-06-13T02:34:14.345+0000][1][safepoint    ] Application time: 1.0002485 seconds
[2022-06-13T02:34:14.346+0000][1][safepoint    ] Entering safepoint region: Cleanup
[2022-06-13T02:34:14.346+0000][1][safepoint    ] Leaving safepoint region
[2022-06-13T02:34:14.347+0000][1][safepoint    ] Total time for which application threads were stopped: 0.0008507 seconds, Stopping threads took: 0.0004099 seconds
[2022-06-13T02:34:15.347+0000][1][safepoint    ] Application time: 1.0002836 seconds
[2022-06-13T02:34:15.348+0000][1][safepoint    ] Entering safepoint region: Cleanup
[2022-06-13T02:34:15.348+0000][1][safepoint    ] Leaving safepoint region
[2022-06-13T02:34:15.348+0000][1][safepoint    ] Total time for which application threads were stopped: 0.0008161 seconds, Stopping threads took: 0.0004254 seconds
[2022-06-13T02:34:16.349+0000][1][safepoint    ] Application time: 1.0003439 seconds
[2022-06-13T02:34:16.350+0000][1][safepoint    ] Entering safepoint region: Cleanup
[2022-06-13T02:34:16.350+0000][1][safepoint    ] Leaving safepoint region
[2022-06-13T02:34:16.350+0000][1][safepoint    ] Total time for which application threads were stopped: 0.0005955 seconds, Stopping threads took: 0.0002707 seconds
[2022-06-13T02:34:17.351+0000][1][safepoint    ] Application time: 1.0001214 seconds
[2022-06-13T02:34:17.351+0000][1][safepoint    ] Entering safepoint region: Cleanup
[2022-06-13T02:34:17.351+0000][1][safepoint    ] Leaving safepoint region
[2022-06-13T02:34:17.352+0000][1][safepoint    ] Total time for which application threads were stopped: 0.0006701 seconds, Stopping threads took: 0.0003498 seconds
[2022-06-13T02:34:18.352+0000][1][safepoint    ] Application time: 1.0002563 seconds
[2022-06-13T02:34:18.353+0000][1][safepoint    ] Entering safepoint region: Cleanup
[2022-06-13T02:34:18.353+0000][1][safepoint    ] Leaving safepoint region
[2022-06-13T02:34:18.353+0000][1][safepoint    ] Total time for which application threads were stopped: 0.0006804 seconds, Stopping threads took: 0.0003336 seconds
[2022-06-13T02:34:19.354+0000][1][safepoint    ] Application time: 1.0003041 seconds
[2022-06-13T02:34:19.355+0000][1][safepoint    ] Entering safepoint region: Cleanup
[2022-06-13T02:34:19.355+0000][1][safepoint    ] Leaving safepoint region
[2022-06-13T02:34:19.355+0000][1][safepoint    ] Total time for which application threads were stopped: 0.0008866 seconds, Stopping threads took: 0.0004095 seconds
[2022-06-13T02:34:20.356+0000][1][safepoint    ] Application time: 1.0001461 seconds
[2022-06-13T02:34:20.357+0000][1][safepoint    ] Entering safepoint region: Cleanup
[2022-06-13T02:34:20.357+0000][1][safepoint    ] Leaving safepoint region
[2022-06-13T02:34:20.358+0000][1][safepoint    ] Total time for which application threads were stopped: 0.0009421 seconds, Stopping threads took: 0.0004896 seconds
[2022-06-13T02:34:21.358+0000][1][safepoint    ] Application time: 1.0002434 seconds
[2022-06-13T02:34:21.359+0000][1][safepoint    ] Entering safepoint region: Cleanup
[2022-06-13T02:34:21.360+0000][1][safepoint    ] Leaving safepoint region
[2022-06-13T02:34:21.360+0000][1][safepoint    ] Total time for which application threads were stopped: 0.0012403 seconds, Stopping threads took: 0.0005782 seconds
[2022-06-13T02:34:22.361+0000][1][safepoint    ] Application time: 1.0002755 seconds
[2022-06-13T02:34:22.361+0000][1][safepoint    ] Entering safepoint region: Cleanup
[2022-06-13T02:34:22.362+0000][1][safepoint    ] Leaving safepoint region
[2022-06-13T02:34:22.362+0000][1][safepoint    ] Total time for which application threads were stopped: 0.0006610 seconds, Stopping threads took: 0.0002358 seconds
[2022-06-13T02:34:23.362+0000][1][safepoint    ] Application time: 1.0001380 seconds
[2022-06-13T02:34:23.363+0000][1][safepoint    ] Entering safepoint region: Cleanup
[2022-06-13T02:34:23.363+0000][1][safepoint    ] Leaving safepoint region
[2022-06-13T02:34:23.364+0000][1][safepoint    ] Total time for which application threads were stopped: 0.0007021 seconds, Stopping threads took: 0.0003212 seconds
[2022-06-13T02:34:24.364+0000][1][safepoint    ] Application time: 1.0001184 seconds
[2022-06-13T02:34:24.365+0000][1][safepoint    ] Entering safepoint region: Cleanup
[2022-06-13T02:34:24.365+0000][1][safepoint    ] Leaving safepoint region
[2022-06-13T02:34:24.365+0000][1][safepoint    ] Total time for which application threads were stopped: 0.0006472 seconds, Stopping threads took: 0.0002569 seconds
[2022-06-13T02:34:25.366+0000][1][safepoint    ] Application time: 1.0001767 seconds
[2022-06-13T02:34:25.366+0000][1][safepoint    ] Entering safepoint region: Cleanup
[2022-06-13T02:34:25.367+0000][1][safepoint    ] Leaving safepoint region
[2022-06-13T02:34:25.367+0000][1][safepoint    ] Total time for which application threads were stopped: 0.0009347 seconds, Stopping threads took: 0.0004407 seconds
[2022-06-13T02:34:26.368+0000][1][safepoint    ] Application time: 1.0001666 seconds
[2022-06-13T02:34:26.368+0000][1][safepoint    ] Entering safepoint region: Cleanup
[2022-06-13T02:34:26.369+0000][1][safepoint    ] Leaving safepoint region
[2022-06-13T02:34:26.369+0000][1][safepoint    ] Total time for which application threads were stopped: 0.0009111 seconds, Stopping threads took: 0.0004093 seconds
[2022-06-13T02:34:27.369+0000][1][safepoint    ] Application time: 1.0001864 seconds
[2022-06-13T02:34:27.370+0000][1][safepoint    ] Entering safepoint region: Cleanup
[2022-06-13T02:34:27.370+0000][1][safepoint    ] Leaving safepoint region
[2022-06-13T02:34:27.370+0000][1][safepoint    ] Total time for which application threads were stopped: 0.0003162 seconds, Stopping threads took: 0.0001321 seconds
[2022-06-13T02:34:28.370+0000][1][safepoint    ] Application time: 1.0002621 seconds
[2022-06-13T02:34:28.371+0000][1][safepoint    ] Entering safepoint region: Cleanup
[2022-06-13T02:34:28.372+0000][1][safepoint    ] Leaving safepoint region
[2022-06-13T02:34:28.372+0000][1][safepoint    ] Total time for which application threads were stopped: 0.0010118 seconds, Stopping threads took: 0.0004620 seconds
[2022-06-13T02:34:29.373+0000][1][safepoint    ] Application time: 1.0002789 seconds
[2022-06-13T02:34:29.374+0000][1][safepoint    ] Entering safepoint region: Cleanup
[2022-06-13T02:34:29.374+0000][1][safepoint    ] Leaving safepoint region
[2022-06-13T02:34:29.375+0000][1][safepoint    ] Total time for which application threads were stopped: 0.0012308 seconds, Stopping threads took: 0.0003406 seconds
[2022-06-13T02:34:30.375+0000][1][safepoint    ] Application time: 1.0002619 seconds
[2022-06-13T02:34:30.376+0000][1][safepoint    ] Entering safepoint region: Cleanup
[2022-06-13T02:34:30.377+0000][1][safepoint    ] Leaving safepoint region
[2022-06-13T02:34:30.377+0000][1][safepoint    ] Total time for which application threads were stopped: 0.0008581 seconds, Stopping threads took: 0.0003965 seconds
[2022-06-13T02:34:31.377+0000][1][safepoint    ] Application time: 1.0001560 seconds
[2022-06-13T02:34:31.378+0000][1][safepoint    ] Entering safepoint region: Cleanup
[2022-06-13T02:34:31.378+0000][1][safepoint    ] Leaving safepoint region
[2022-06-13T02:34:31.379+0000][1][safepoint    ] Total time for which application threads were stopped: 0.0007918 seconds, Stopping threads took: 0.0003761 seconds
[2022-06-13T02:34:32.379+0000][1][safepoint    ] Application time: 1.0002212 seconds
[2022-06-13T02:34:32.380+0000][1][safepoint    ] Entering safepoint region: Cleanup
[2022-06-13T02:34:32.380+0000][1][safepoint    ] Leaving safepoint region
[2022-06-13T02:34:32.380+0000][1][safepoint    ] Total time for which application threads were stopped: 0.0006425 seconds, Stopping threads took: 0.0002833 seconds
[2022-06-13T02:34:33.381+0000][1][safepoint    ] Application time: 1.0002551 seconds
[2022-06-13T02:34:33.381+0000][1][safepoint    ] Entering safepoint region: Cleanup
[2022-06-13T02:34:33.382+0000][1][safepoint    ] Leaving safepoint region
[2022-06-13T02:34:33.382+0000][1][safepoint    ] Total time for which application threads were stopped: 0.0004794 seconds, Stopping threads took: 0.0002067 seconds
[2022-06-13T02:34:34.382+0000][1][safepoint    ] Application time: 1.0003738 seconds
[2022-06-13T02:34:34.383+0000][1][safepoint    ] Entering safepoint region: Cleanup
[2022-06-13T02:34:34.385+0000][1][safepoint    ] Leaving safepoint region
[2022-06-13T02:34:34.386+0000][1][safepoint    ] Total time for which application threads were stopped: 0.0023678 seconds, Stopping threads took: 0.0013895 seconds
[2022-06-13T02:34:35.386+0000][1][safepoint    ] Application time: 1.0001917 seconds
[2022-06-13T02:34:35.387+0000][1][safepoint    ] Entering safepoint region: Cleanup
[2022-06-13T02:34:35.388+0000][1][safepoint    ] Leaving safepoint region
[2022-06-13T02:34:35.388+0000][1][safepoint    ] Total time for which application threads were stopped: 0.0009128 seconds, Stopping threads took: 0.0004476 seconds
[2022-06-13T02:34:36.388+0000][1][safepoint    ] Application time: 1.0001786 seconds
[2022-06-13T02:34:36.389+0000][1][safepoint    ] Entering safepoint region: Cleanup
[2022-06-13T02:34:36.389+0000][1][safepoint    ] Leaving safepoint region
[2022-06-13T02:34:36.390+0000][1][safepoint    ] Total time for which application threads were stopped: 0.0008861 seconds, Stopping threads took: 0.0003881 seconds
[2022-06-13T02:34:37.391+0000][1][safepoint    ] Application time: 1.0003700 seconds
[2022-06-13T02:34:37.391+0000][1][safepoint    ] Entering safepoint region: Cleanup
[2022-06-13T02:34:37.392+0000][1][safepoint    ] Leaving safepoint region
[2022-06-13T02:34:37.392+0000][1][safepoint    ] Total time for which application threads were stopped: 0.0010941 seconds, Stopping threads took: 0.0005103 seconds
[2022-06-13T02:34:38.393+0000][1][safepoint    ] Application time: 1.0002577 seconds
[2022-06-13T02:34:38.394+0000][1][safepoint    ] Entering safepoint region: Cleanup
[2022-06-13T02:34:38.394+0000][1][safepoint    ] Leaving safepoint region
[2022-06-13T02:34:38.395+0000][1][safepoint    ] Total time for which application threads were stopped: 0.0009713 seconds, Stopping threads took: 0.0004816 seconds
[2022-06-13T02:34:39.395+0000][1][safepoint    ] Application time: 1.0001024 seconds
[2022-06-13T02:34:39.396+0000][1][safepoint    ] Entering safepoint region: Cleanup
[2022-06-13T02:34:39.396+0000][1][safepoint    ] Leaving safepoint region
[2022-06-13T02:34:39.396+0000][1][safepoint    ] Total time for which application threads were stopped: 0.0003639 seconds, Stopping threads took: 0.0001656 seconds
[2022-06-13T02:34:40.396+0000][1][safepoint    ] Application time: 1.0001735 seconds
[2022-06-13T02:34:40.397+0000][1][safepoint    ] Entering safepoint region: Cleanup
[2022-06-13T02:34:40.397+0000][1][safepoint    ] Leaving safepoint region
[2022-06-13T02:34:40.397+0000][1][safepoint    ] Total time for which application threads were stopped: 0.0006300 seconds, Stopping threads took: 0.0002782 seconds
[2022-06-13T02:34:41.398+0000][1][safepoint    ] Application time: 1.0002217 seconds
[2022-06-13T02:34:41.399+0000][1][safepoint    ] Entering safepoint region: Cleanup
[2022-06-13T02:34:41.399+0000][1][safepoint    ] Leaving safepoint region
[2022-06-13T02:34:41.400+0000][1][safepoint    ] Total time for which application threads were stopped: 0.0014613 seconds, Stopping threads took: 0.0006312 seconds
[2022-06-13T02:34:42.401+0000][1][safepoint    ] Application time: 1.0002922 seconds
[2022-06-13T02:34:42.402+0000][1][safepoint    ] Entering safepoint region: Cleanup
[2022-06-13T02:34:42.402+0000][1][safepoint    ] Leaving safepoint region
[2022-06-13T02:34:42.402+0000][1][safepoint    ] Total time for which application threads were stopped: 0.0008665 seconds, Stopping threads took: 0.0003406 seconds
[2022-06-13T02:34:43.403+0000][1][safepoint    ] Application time: 1.0001780 seconds
[2022-06-13T02:34:43.403+0000][1][safepoint    ] Entering safepoint region: Cleanup
[2022-06-13T02:34:43.404+0000][1][safepoint    ] Leaving safepoint region
[2022-06-13T02:34:43.404+0000][1][safepoint    ] Total time for which application threads were stopped: 0.0008829 seconds, Stopping threads took: 0.0004311 seconds
[2022-06-13T02:34:44.405+0000][1][safepoint    ] Application time: 1.0003418 seconds
[2022-06-13T02:34:44.406+0000][1][safepoint    ] Entering safepoint region: Cleanup
[2022-06-13T02:34:44.406+0000][1][safepoint    ] Leaving safepoint region
[2022-06-13T02:34:44.407+0000][1][safepoint    ] Total time for which application threads were stopped: 0.0013519 seconds, Stopping threads took: 0.0005541 seconds
[2022-06-13T02:34:45.408+0000][1][safepoint    ] Application time: 1.0002860 seconds
[2022-06-13T02:34:45.408+0000][1][safepoint    ] Entering safepoint region: Cleanup
[2022-06-13T02:34:45.409+0000][1][safepoint    ] Leaving safepoint region
[2022-06-13T02:34:45.409+0000][1][safepoint    ] Total time for which application threads were stopped: 0.0008640 seconds, Stopping threads took: 0.0004453 seconds
[2022-06-13T02:34:46.410+0000][1][safepoint    ] Application time: 1.0002469 seconds
[2022-06-13T02:34:46.411+0000][1][safepoint    ] Entering safepoint region: Cleanup
[2022-06-13T02:34:46.411+0000][1][safepoint    ] Leaving safepoint region
[2022-06-13T02:34:46.411+0000][1][safepoint    ] Total time for which application threads were stopped: 0.0006364 seconds, Stopping threads took: 0.0002635 seconds
[2022-06-13T02:34:47.412+0000][1][safepoint    ] Application time: 1.0001474 seconds
[2022-06-13T02:34:47.412+0000][1][safepoint    ] Entering safepoint region: Cleanup
[2022-06-13T02:34:47.412+0000][1][safepoint    ] Leaving safepoint region
[2022-06-13T02:34:47.412+0000][1][safepoint    ] Total time for which application threads were stopped: 0.0004760 seconds, Stopping threads took: 0.0001878 seconds
[2022-06-13T02:34:48.413+0000][1][safepoint    ] Application time: 1.0002509 seconds
[2022-06-13T02:34:48.413+0000][1][safepoint    ] Entering safepoint region: Cleanup
[2022-06-13T02:34:48.414+0000][1][safepoint    ] Leaving safepoint region
[2022-06-13T02:34:48.414+0000][1][safepoint    ] Total time for which application threads were stopped: 0.0008672 seconds, Stopping threads took: 0.0004163 seconds
[2022-06-13T02:34:49.415+0000][1][safepoint    ] Application time: 1.0002076 seconds
[2022-06-13T02:34:49.415+0000][1][safepoint    ] Entering safepoint region: Cleanup
[2022-06-13T02:34:49.416+0000][1][safepoint    ] Leaving safepoint region
[2022-06-13T02:34:49.416+0000][1][safepoint    ] Total time for which application threads were stopped: 0.0010122 seconds, Stopping threads took: 0.0005983 seconds
[2022-06-13T02:34:50.417+0000][1][safepoint    ] Application time: 1.0001774 seconds
[2022-06-13T02:34:50.417+0000][1][safepoint    ] Entering safepoint region: Cleanup
[2022-06-13T02:34:50.418+0000][1][safepoint    ] Leaving safepoint region
[2022-06-13T02:34:50.418+0000][1][safepoint    ] Total time for which application threads were stopped: 0.0008168 seconds, Stopping threads took: 0.0003757 seconds
[2022-06-13T02:34:51.419+0000][1][safepoint    ] Application time: 1.0001247 seconds
[2022-06-13T02:34:51.419+0000][1][safepoint    ] Entering safepoint region: Cleanup
[2022-06-13T02:34:51.420+0000][1][safepoint    ] Leaving safepoint region
[2022-06-13T02:34:51.420+0000][1][safepoint    ] Total time for which application threads were stopped: 0.0009472 seconds, Stopping threads took: 0.0004559 seconds
[2022-06-13T02:34:52.421+0000][1][safepoint    ] Application time: 1.0002384 seconds
[2022-06-13T02:34:52.421+0000][1][safepoint    ] Entering safepoint region: Cleanup
[2022-06-13T02:34:52.422+0000][1][safepoint    ] Leaving safepoint region
[2022-06-13T02:34:52.422+0000][1][safepoint    ] Total time for which application threads were stopped: 0.0008537 seconds, Stopping threads took: 0.0004147 seconds
[2022-06-13T02:34:53.423+0000][1][safepoint    ] Application time: 1.0002351 seconds
[2022-06-13T02:34:53.423+0000][1][safepoint    ] Entering safepoint region: Cleanup
[2022-06-13T02:34:53.424+0000][1][safepoint    ] Leaving safepoint region
[2022-06-13T02:34:53.424+0000][1][safepoint    ] Total time for which application threads were stopped: 0.0007478 seconds, Stopping threads took: 0.0003446 seconds
[2022-06-13T02:34:54.424+0000][1][safepoint    ] Application time: 1.0002464 seconds
[2022-06-13T02:34:54.425+0000][1][safepoint    ] Entering safepoint region: Cleanup
[2022-06-13T02:34:54.425+0000][1][safepoint    ] Leaving safepoint region
[2022-06-13T02:34:54.426+0000][1][safepoint    ] Total time for which application threads were stopped: 0.0007713 seconds, Stopping threads took: 0.0003299 seconds
[2022-06-13T02:34:55.426+0000][1][safepoint    ] Application time: 1.0003088 seconds
[2022-06-13T02:34:55.427+0000][1][safepoint    ] Entering safepoint region: Cleanup
[2022-06-13T02:34:55.427+0000][1][safepoint    ] Leaving safepoint region
[2022-06-13T02:34:55.428+0000][1][safepoint    ] Total time for which application threads were stopped: 0.0008698 seconds, Stopping threads took: 0.0004570 seconds
[2022-06-13T02:34:56.428+0000][1][safepoint    ] Application time: 1.0001972 seconds
[2022-06-13T02:34:56.429+0000][1][safepoint    ] Entering safepoint region: Cleanup
[2022-06-13T02:34:56.429+0000][1][safepoint    ] Leaving safepoint region
[2022-06-13T02:34:56.430+0000][1][safepoint    ] Total time for which application threads were stopped: 0.0007149 seconds, Stopping threads took: 0.0002835 seconds
[2022-06-13T02:34:57.430+0000][1][safepoint    ] Application time: 1.0002276 seconds
[2022-06-13T02:34:57.431+0000][1][safepoint    ] Entering safepoint region: Cleanup
[2022-06-13T02:34:57.431+0000][1][safepoint    ] Leaving safepoint region
[2022-06-13T02:34:57.432+0000][1][safepoint    ] Total time for which application threads were stopped: 0.0008985 seconds, Stopping threads took: 0.0003969 seconds
[2022-06-13T02:34:58.432+0000][1][safepoint    ] Application time: 1.0002031 seconds
[2022-06-13T02:34:58.433+0000][1][safepoint    ] Entering safepoint region: Cleanup
[2022-06-13T02:34:58.433+0000][1][safepoint    ] Leaving safepoint region
[2022-06-13T02:34:58.433+0000][1][safepoint    ] Total time for which application threads were stopped: 0.0008855 seconds, Stopping threads took: 0.0003844 seconds
[2022-06-13T02:34:59.434+0000][1][safepoint    ] Application time: 1.0002581 seconds
[2022-06-13T02:34:59.435+0000][1][safepoint    ] Entering safepoint region: Cleanup
[2022-06-13T02:34:59.435+0000][1][safepoint    ] Leaving safepoint region
[2022-06-13T02:34:59.436+0000][1][safepoint    ] Total time for which application threads were stopped: 0.0008400 seconds, Stopping threads took: 0.0004075 seconds
[2022-06-13T02:35:00.436+0000][1][safepoint    ] Application time: 1.0002471 seconds
[2022-06-13T02:35:00.437+0000][1][safepoint    ] Entering safepoint region: Cleanup
[2022-06-13T02:35:00.437+0000][1][safepoint    ] Leaving safepoint region
[2022-06-13T02:35:00.437+0000][1][safepoint    ] Total time for which application threads were stopped: 0.0007402 seconds, Stopping threads took: 0.0003486 seconds
[2022-06-13T02:35:01.919+0000][1][safepoint    ] Application time: 1.4813094 seconds
[2022-06-13T02:35:01.919+0000][1][safepoint    ] Entering safepoint region: Cleanup
[2022-06-13T02:35:01.920+0000][1][safepoint    ] Leaving safepoint region
[2022-06-13T02:35:01.920+0000][1][safepoint    ] Total time for which application threads were stopped: 0.0006485 seconds, Stopping threads took: 0.0002987 seconds
[2022-06-13T02:35:02.920+0000][1][safepoint    ] Application time: 1.0001053 seconds
[2022-06-13T02:35:02.921+0000][1][safepoint    ] Entering safepoint region: Cleanup
[2022-06-13T02:35:02.921+0000][1][safepoint    ] Leaving safepoint region
[2022-06-13T02:35:02.922+0000][1][safepoint    ] Total time for which application threads were stopped: 0.0011348 seconds, Stopping threads took: 0.0005213 seconds
[2022-06-13T02:35:03.923+0000][1][safepoint    ] Application time: 1.0001792 seconds
[2022-06-13T02:35:03.923+0000][1][safepoint    ] Entering safepoint region: Cleanup
[2022-06-13T02:35:03.924+0000][1][safepoint    ] Leaving safepoint region
[2022-06-13T02:35:03.924+0000][1][safepoint    ] Total time for which application threads were stopped: 0.0009037 seconds, Stopping threads took: 0.0004240 seconds
[2022-06-13T02:35:04.925+0000][1][safepoint    ] Application time: 1.0002454 seconds
[2022-06-13T02:35:04.925+0000][1][safepoint    ] Entering safepoint region: Cleanup
[2022-06-13T02:35:04.926+0000][1][safepoint    ] Leaving safepoint region
[2022-06-13T02:35:04.926+0000][1][safepoint    ] Total time for which application threads were stopped: 0.0008884 seconds, Stopping threads took: 0.0003936 seconds
[2022-06-13T02:35:05.927+0000][1][safepoint    ] Application time: 1.0002422 seconds
[2022-06-13T02:35:05.927+0000][1][safepoint    ] Entering safepoint region: Cleanup
[2022-06-13T02:35:05.928+0000][1][safepoint    ] Leaving safepoint region
[2022-06-13T02:35:05.928+0000][1][safepoint    ] Total time for which application threads were stopped: 0.0009219 seconds, Stopping threads took: 0.0004368 seconds
[2022-06-13T02:35:06.929+0000][1][safepoint    ] Application time: 1.0001848 seconds
[2022-06-13T02:35:06.929+0000][1][safepoint    ] Entering safepoint region: Cleanup
[2022-06-13T02:35:06.930+0000][1][safepoint    ] Leaving safepoint region
[2022-06-13T02:35:06.930+0000][1][safepoint    ] Total time for which application threads were stopped: 0.0006580 seconds, Stopping threads took: 0.0003430 seconds
[2022-06-13T02:35:07.930+0000][1][safepoint    ] Application time: 1.0002858 seconds
[2022-06-13T02:35:07.931+0000][1][safepoint    ] Entering safepoint region: Cleanup
[2022-06-13T02:35:07.932+0000][1][safepoint    ] Leaving safepoint region
[2022-06-13T02:35:07.932+0000][1][safepoint    ] Total time for which application threads were stopped: 0.0011734 seconds, Stopping threads took: 0.0005507 seconds
[2022-06-13T02:35:08.933+0000][1][safepoint    ] Application time: 1.0001878 seconds
[2022-06-13T02:35:08.933+0000][1][safepoint    ] Entering safepoint region: Cleanup
[2022-06-13T02:35:08.934+0000][1][safepoint    ] Leaving safepoint region
[2022-06-13T02:35:08.934+0000][1][safepoint    ] Total time for which application threads were stopped: 0.0005967 seconds, Stopping threads took: 0.0003250 seconds
[2022-06-13T02:35:09.934+0000][1][safepoint    ] Application time: 1.0002217 seconds
[2022-06-13T02:35:09.935+0000][1][safepoint    ] Entering safepoint region: Cleanup
[2022-06-13T02:35:09.935+0000][1][safepoint    ] Leaving safepoint region
[2022-06-13T02:35:09.936+0000][1][safepoint    ] Total time for which application threads were stopped: 0.0009897 seconds, Stopping threads took: 0.0004372 seconds
[2022-06-13T02:35:10.936+0000][1][safepoint    ] Application time: 1.0001137 seconds
[2022-06-13T02:35:10.937+0000][1][safepoint    ] Entering safepoint region: Cleanup
[2022-06-13T02:35:10.937+0000][1][safepoint    ] Leaving safepoint region
[2022-06-13T02:35:10.937+0000][1][safepoint    ] Total time for which application threads were stopped: 0.0007734 seconds, Stopping threads took: 0.0002843 seconds
[2022-06-13T02:35:11.938+0000][1][safepoint    ] Application time: 1.0003144 seconds
[2022-06-13T02:35:11.939+0000][1][safepoint    ] Entering safepoint region: Cleanup
[2022-06-13T02:35:11.939+0000][1][safepoint    ] Leaving safepoint region
[2022-06-13T02:35:11.939+0000][1][safepoint    ] Total time for which application threads were stopped: 0.0007385 seconds, Stopping threads took: 0.0003482 seconds
[2022-06-13T02:35:12.940+0000][1][safepoint    ] Application time: 1.0001191 seconds
[2022-06-13T02:35:12.940+0000][1][safepoint    ] Entering safepoint region: Cleanup
[2022-06-13T02:35:12.940+0000][1][safepoint    ] Leaving safepoint region
[2022-06-13T02:35:12.940+0000][1][safepoint    ] Total time for which application threads were stopped: 0.0002808 seconds, Stopping threads took: 0.0001271 seconds
[2022-06-13T02:35:13.941+0000][1][safepoint    ] Application time: 1.0002930 seconds
[2022-06-13T02:35:13.941+0000][1][safepoint    ] Entering safepoint region: Cleanup
[2022-06-13T02:35:13.942+0000][1][safepoint    ] Leaving safepoint region
[2022-06-13T02:35:13.942+0000][1][safepoint    ] Total time for which application threads were stopped: 0.0012092 seconds, Stopping threads took: 0.0005656 seconds
[2022-06-13T02:35:14.943+0000][1][safepoint    ] Application time: 1.0002297 seconds
[2022-06-13T02:35:14.944+0000][1][safepoint    ] Entering safepoint region: Cleanup
[2022-06-13T02:35:14.944+0000][1][safepoint    ] Leaving safepoint region
[2022-06-13T02:35:14.945+0000][1][safepoint    ] Total time for which application threads were stopped: 0.0011955 seconds, Stopping threads took: 0.0004346 seconds
[2022-06-13T02:35:15.946+0000][1][safepoint    ] Application time: 1.0002626 seconds
[2022-06-13T02:35:15.946+0000][1][safepoint    ] Entering safepoint region: Cleanup
[2022-06-13T02:35:15.947+0000][1][safepoint    ] Leaving safepoint region
[2022-06-13T02:35:15.948+0000][1][safepoint    ] Total time for which application threads were stopped: 0.0011204 seconds, Stopping threads took: 0.0005044 seconds
[2022-06-13T02:35:16.948+0000][1][safepoint    ] Application time: 1.0001626 seconds
[2022-06-13T02:35:16.949+0000][1][safepoint    ] Entering safepoint region: Cleanup
[2022-06-13T02:35:16.949+0000][1][safepoint    ] Leaving safepoint region
[2022-06-13T02:35:16.950+0000][1][safepoint    ] Total time for which application threads were stopped: 0.0007971 seconds, Stopping threads took: 0.0004445 seconds
[2022-06-13T02:35:17.950+0000][1][safepoint    ] Application time: 1.0002257 seconds
[2022-06-13T02:35:17.950+0000][1][safepoint    ] Entering safepoint region: Cleanup
[2022-06-13T02:35:17.951+0000][1][safepoint    ] Leaving safepoint region
[2022-06-13T02:35:17.951+0000][1][safepoint    ] Total time for which application threads were stopped: 0.0006590 seconds, Stopping threads took: 0.0002871 seconds
[2022-06-13T02:35:18.952+0000][1][safepoint    ] Application time: 1.0002228 seconds
[2022-06-13T02:35:18.952+0000][1][safepoint    ] Entering safepoint region: Cleanup
[2022-06-13T02:35:18.953+0000][1][safepoint    ] Leaving safepoint region
[2022-06-13T02:35:18.954+0000][1][safepoint    ] Total time for which application threads were stopped: 0.0012693 seconds, Stopping threads took: 0.0005892 seconds
[2022-06-13T02:35:19.954+0000][1][safepoint    ] Application time: 1.0001955 seconds
[2022-06-13T02:35:19.955+0000][1][safepoint    ] Entering safepoint region: Cleanup
[2022-06-13T02:35:19.955+0000][1][safepoint    ] Leaving safepoint region
[2022-06-13T02:35:19.955+0000][1][safepoint    ] Total time for which application threads were stopped: 0.0004675 seconds, Stopping threads took: 0.0002191 seconds
[2022-06-13T02:35:20.956+0000][1][safepoint    ] Application time: 1.0002144 seconds
[2022-06-13T02:35:20.956+0000][1][safepoint    ] Entering safepoint region: Cleanup
[2022-06-13T02:35:20.957+0000][1][safepoint    ] Leaving safepoint region
[2022-06-13T02:35:20.957+0000][1][safepoint    ] Total time for which application threads were stopped: 0.0008467 seconds, Stopping threads took: 0.0003940 seconds
[2022-06-13T02:35:21.958+0000][1][safepoint    ] Application time: 1.0003676 seconds
[2022-06-13T02:35:21.959+0000][1][safepoint    ] Entering safepoint region: Cleanup
[2022-06-13T02:35:21.959+0000][1][safepoint    ] Leaving safepoint region
[2022-06-13T02:35:21.959+0000][1][safepoint    ] Total time for which application threads were stopped: 0.0007409 seconds, Stopping threads took: 0.0003919 seconds
[2022-06-13T02:35:22.960+0000][1][safepoint    ] Application time: 1.0002315 seconds
[2022-06-13T02:35:22.961+0000][1][safepoint    ] Entering safepoint region: Cleanup
[2022-06-13T02:35:22.961+0000][1][safepoint    ] Leaving safepoint region
[2022-06-13T02:35:22.962+0000][1][safepoint    ] Total time for which application threads were stopped: 0.0011498 seconds, Stopping threads took: 0.0005716 seconds
[2022-06-13T02:35:23.962+0000][1][safepoint    ] Application time: 1.0001785 seconds
[2022-06-13T02:35:23.963+0000][1][safepoint    ] Entering safepoint region: Cleanup
[2022-06-13T02:35:23.963+0000][1][safepoint    ] Leaving safepoint region
[2022-06-13T02:35:23.964+0000][1][safepoint    ] Total time for which application threads were stopped: 0.0007297 seconds, Stopping threads took: 0.0004029 seconds
[2022-06-13T02:35:24.964+0000][1][safepoint    ] Application time: 1.0001867 seconds
[2022-06-13T02:35:24.965+0000][1][safepoint    ] Entering safepoint region: Cleanup
[2022-06-13T02:35:24.965+0000][1][safepoint    ] Leaving safepoint region
[2022-06-13T02:35:24.966+0000][1][safepoint    ] Total time for which application threads were stopped: 0.0007422 seconds, Stopping threads took: 0.0002816 seconds
[2022-06-13T02:35:25.966+0000][1][safepoint    ] Application time: 1.0001257 seconds
[2022-06-13T02:35:25.966+0000][1][safepoint    ] Entering safepoint region: Cleanup
[2022-06-13T02:35:25.967+0000][1][safepoint    ] Leaving safepoint region
[2022-06-13T02:35:25.967+0000][1][safepoint    ] Total time for which application threads were stopped: 0.0008365 seconds, Stopping threads took: 0.0003615 seconds
[2022-06-13T02:35:26.968+0000][1][safepoint    ] Application time: 1.0001970 seconds
[2022-06-13T02:35:26.968+0000][1][safepoint    ] Entering safepoint region: Cleanup
[2022-06-13T02:35:26.969+0000][1][safepoint    ] Leaving safepoint region
[2022-06-13T02:35:26.969+0000][1][safepoint    ] Total time for which application threads were stopped: 0.0007202 seconds, Stopping threads took: 0.0003389 seconds
[2022-06-13T02:35:27.929+0000][1][safepoint    ] Application time: 0.9599406 seconds
[2022-06-13T02:35:27.930+0000][1][safepoint    ] Entering safepoint region: GenCollectForAllocation
[2022-06-13T02:35:27.930+0000][1][gc,start     ] GC(31) Pause Young (Allocation Failure)
[2022-06-13T02:35:27.931+0000][1][gc,task      ] GC(31) Using 5 workers of 13 for evacuation
[2022-06-13T02:35:27.932+0000][1][gc,age       ] GC(31) Desired survivor size 4456448 bytes, new threshold 6 (max threshold 6)
[2022-06-13T02:35:27.933+0000][1][gc,age       ] GC(31) Age table with threshold 6 (max threshold 6)
[2022-06-13T02:35:27.933+0000][1][gc,age       ] GC(31) - age   1:      33000 bytes,      33000 total
[2022-06-13T02:35:27.933+0000][1][gc,age       ] GC(31) - age   2:      15112 bytes,      48112 total
[2022-06-13T02:35:27.934+0000][1][gc,age       ] GC(31) - age   3:      15216 bytes,      63328 total
[2022-06-13T02:35:27.934+0000][1][gc,age       ] GC(31) - age   4:      14072 bytes,      77400 total
[2022-06-13T02:35:27.935+0000][1][gc,age       ] GC(31) - age   5:      14968 bytes,      92368 total
[2022-06-13T02:35:27.935+0000][1][gc,age       ] GC(31) - age   6:      13296 bytes,     105664 total
[2022-06-13T02:35:27.936+0000][1][gc,heap      ] GC(31) ParNew: 70112K->170K(78656K)
[2022-06-13T02:35:27.936+0000][1][gc,heap      ] GC(31) CMS: 69227K->69256K(174784K)
[2022-06-13T02:35:27.937+0000][1][gc,metaspace ] GC(31) Metaspace: 65356K->65356K(1110016K)
[2022-06-13T02:35:27.938+0000][1][gc           ] GC(31) Pause Young (Allocation Failure) 136M->67M(247M) 7.324ms
[2022-06-13T02:35:27.938+0000][1][gc,cpu       ] GC(31) User=0.00s Sys=0.00s Real=0.00s
[2022-06-13T02:35:27.938+0000][1][safepoint    ] Leaving safepoint region
[2022-06-13T02:35:27.939+0000][1][safepoint    ] Total time for which application threads were stopped: 0.0093728 seconds, Stopping threads took: 0.0003977 seconds
[2022-06-13T02:35:28.943+0000][1][safepoint    ] Application time: 1.0033953 seconds
[2022-06-13T02:35:28.943+0000][1][safepoint    ] Entering safepoint region: Cleanup
[2022-06-13T02:35:28.944+0000][1][safepoint    ] Leaving safepoint region
[2022-06-13T02:35:28.944+0000][1][safepoint    ] Total time for which application threads were stopped: 0.0006581 seconds, Stopping threads took: 0.0003906 seconds
[2022-06-13T02:35:29.945+0000][1][safepoint    ] Application time: 1.0001921 seconds
[2022-06-13T02:35:29.945+0000][1][safepoint    ] Entering safepoint region: Cleanup
[2022-06-13T02:35:29.945+0000][1][safepoint    ] Leaving safepoint region
[2022-06-13T02:35:29.945+0000][1][safepoint    ] Total time for which application threads were stopped: 0.0005705 seconds, Stopping threads took: 0.0001915 seconds
[2022-06-13T02:35:30.946+0000][1][safepoint    ] Application time: 1.0001645 seconds
[2022-06-13T02:35:30.947+0000][1][safepoint    ] Entering safepoint region: Cleanup
[2022-06-13T02:35:30.947+0000][1][safepoint    ] Leaving safepoint region
[2022-06-13T02:35:30.948+0000][1][safepoint    ] Total time for which application threads were stopped: 0.0010738 seconds, Stopping threads took: 0.0002585 seconds
[2022-06-13T02:35:31.949+0000][1][safepoint    ] Application time: 1.0002545 seconds
[2022-06-13T02:35:31.949+0000][1][safepoint    ] Entering safepoint region: Cleanup
[2022-06-13T02:35:31.950+0000][1][safepoint    ] Leaving safepoint region
[2022-06-13T02:35:31.950+0000][1][safepoint    ] Total time for which application threads were stopped: 0.0007925 seconds, Stopping threads took: 0.0003482 seconds
[2022-06-13T02:35:32.951+0000][1][safepoint    ] Application time: 1.0002364 seconds
[2022-06-13T02:35:32.951+0000][1][safepoint    ] Entering safepoint region: Cleanup
[2022-06-13T02:35:32.952+0000][1][safepoint    ] Leaving safepoint region
[2022-06-13T02:35:32.952+0000][1][safepoint    ] Total time for which application threads were stopped: 0.0010104 seconds, Stopping threads took: 0.0004524 seconds
[2022-06-13T02:35:33.953+0000][1][safepoint    ] Application time: 1.0002628 seconds
[2022-06-13T02:35:33.953+0000][1][safepoint    ] Entering safepoint region: Cleanup
[2022-06-13T02:35:33.954+0000][1][safepoint    ] Leaving safepoint region
[2022-06-13T02:35:33.954+0000][1][safepoint    ] Total time for which application threads were stopped: 0.0008468 seconds, Stopping threads took: 0.0003246 seconds
[2022-06-13T02:35:34.955+0000][1][safepoint    ] Application time: 1.0001758 seconds
[2022-06-13T02:35:34.955+0000][1][safepoint    ] Entering safepoint region: Cleanup
[2022-06-13T02:35:34.955+0000][1][safepoint    ] Leaving safepoint region
[2022-06-13T02:35:34.956+0000][1][safepoint    ] Total time for which application threads were stopped: 0.0007796 seconds, Stopping threads took: 0.0003744 seconds
[2022-06-13T02:35:35.956+0000][1][safepoint    ] Application time: 1.0001252 seconds
[2022-06-13T02:35:35.957+0000][1][safepoint    ] Entering safepoint region: Cleanup
[2022-06-13T02:35:35.957+0000][1][safepoint    ] Leaving safepoint region
[2022-06-13T02:35:35.957+0000][1][safepoint    ] Total time for which application threads were stopped: 0.0007749 seconds, Stopping threads took: 0.0003070 seconds
[2022-06-13T02:35:36.958+0000][1][safepoint    ] Application time: 1.0003318 seconds
[2022-06-13T02:35:36.959+0000][1][safepoint    ] Entering safepoint region: Cleanup
[2022-06-13T02:35:36.959+0000][1][safepoint    ] Leaving safepoint region
[2022-06-13T02:35:36.960+0000][1][safepoint    ] Total time for which application threads were stopped: 0.0008262 seconds, Stopping threads took: 0.0003553 seconds
[2022-06-13T02:35:37.960+0000][1][safepoint    ] Application time: 1.0002041 seconds
[2022-06-13T02:35:37.961+0000][1][safepoint    ] Entering safepoint region: Cleanup
[2022-06-13T02:35:37.961+0000][1][safepoint    ] Leaving safepoint region
[2022-06-13T02:35:37.962+0000][1][safepoint    ] Total time for which application threads were stopped: 0.0008765 seconds, Stopping threads took: 0.0003810 seconds
[2022-06-13T02:35:38.962+0000][1][safepoint    ] Application time: 1.0003146 seconds
[2022-06-13T02:35:38.963+0000][1][safepoint    ] Entering safepoint region: Cleanup
[2022-06-13T02:35:38.963+0000][1][safepoint    ] Leaving safepoint region
[2022-06-13T02:35:38.964+0000][1][safepoint    ] Total time for which application threads were stopped: 0.0010295 seconds, Stopping threads took: 0.0004383 seconds
[2022-06-13T02:35:39.965+0000][1][safepoint    ] Application time: 1.0002235 seconds
[2022-06-13T02:35:39.965+0000][1][safepoint    ] Entering safepoint region: Cleanup
[2022-06-13T02:35:39.966+0000][1][safepoint    ] Leaving safepoint region
[2022-06-13T02:35:39.966+0000][1][safepoint    ] Total time for which application threads were stopped: 0.0007355 seconds, Stopping threads took: 0.0003009 seconds
[2022-06-13T02:35:40.967+0000][1][safepoint    ] Application time: 1.0002073 seconds
[2022-06-13T02:35:40.967+0000][1][safepoint    ] Entering safepoint region: Cleanup
[2022-06-13T02:35:40.968+0000][1][safepoint    ] Leaving safepoint region
[2022-06-13T02:35:40.968+0000][1][safepoint    ] Total time for which application threads were stopped: 0.0006711 seconds, Stopping threads took: 0.0004375 seconds
[2022-06-13T02:35:41.968+0000][1][safepoint    ] Application time: 1.0002177 seconds
[2022-06-13T02:35:41.969+0000][1][safepoint    ] Entering safepoint region: Cleanup
[2022-06-13T02:35:41.969+0000][1][safepoint    ] Leaving safepoint region
[2022-06-13T02:35:41.970+0000][1][safepoint    ] Total time for which application threads were stopped: 0.0008017 seconds, Stopping threads took: 0.0004189 seconds
[2022-06-13T02:35:42.970+0000][1][safepoint    ] Application time: 1.0001511 seconds
[2022-06-13T02:35:42.971+0000][1][safepoint    ] Entering safepoint region: Cleanup
[2022-06-13T02:35:42.971+0000][1][safepoint    ] Leaving safepoint region
[2022-06-13T02:35:42.972+0000][1][safepoint    ] Total time for which application threads were stopped: 0.0007511 seconds, Stopping threads took: 0.0003760 seconds
[2022-06-13T02:35:43.972+0000][1][safepoint    ] Application time: 1.0001095 seconds
[2022-06-13T02:35:43.972+0000][1][safepoint    ] Entering safepoint region: Cleanup
[2022-06-13T02:35:43.973+0000][1][safepoint    ] Leaving safepoint region
[2022-06-13T02:35:43.973+0000][1][safepoint    ] Total time for which application threads were stopped: 0.0010112 seconds, Stopping threads took: 0.0004968 seconds
[2022-06-13T02:35:44.974+0000][1][safepoint    ] Application time: 1.0001687 seconds
[2022-06-13T02:35:44.974+0000][1][safepoint    ] Entering safepoint region: Cleanup
[2022-06-13T02:35:44.975+0000][1][safepoint    ] Leaving safepoint region
[2022-06-13T02:35:44.975+0000][1][safepoint    ] Total time for which application threads were stopped: 0.0007722 seconds, Stopping threads took: 0.0004359 seconds
[2022-06-13T02:35:45.975+0000][1][safepoint    ] Application time: 1.0001780 seconds
[2022-06-13T02:35:45.976+0000][1][safepoint    ] Entering safepoint region: Cleanup
[2022-06-13T02:35:45.976+0000][1][safepoint    ] Leaving safepoint region
[2022-06-13T02:35:45.976+0000][1][safepoint    ] Total time for which application threads were stopped: 0.0006275 seconds, Stopping threads took: 0.0002797 seconds
[2022-06-13T02:35:46.977+0000][1][safepoint    ] Application time: 1.0002314 seconds
[2022-06-13T02:35:46.978+0000][1][safepoint    ] Entering safepoint region: Cleanup
[2022-06-13T02:35:46.978+0000][1][safepoint    ] Leaving safepoint region
[2022-06-13T02:35:46.979+0000][1][safepoint    ] Total time for which application threads were stopped: 0.0010717 seconds, Stopping threads took: 0.0004333 seconds
[2022-06-13T02:35:47.979+0000][1][safepoint    ] Application time: 1.0001388 seconds
[2022-06-13T02:35:47.980+0000][1][safepoint    ] Entering safepoint region: Cleanup
[2022-06-13T02:35:47.981+0000][1][safepoint    ] Leaving safepoint region
[2022-06-13T02:35:47.981+0000][1][safepoint    ] Total time for which application threads were stopped: 0.0014761 seconds, Stopping threads took: 0.0006947 seconds
[2022-06-13T02:35:48.982+0000][1][safepoint    ] Application time: 1.0000881 seconds
[2022-06-13T02:35:48.983+0000][1][safepoint    ] Entering safepoint region: Cleanup
[2022-06-13T02:35:48.983+0000][1][safepoint    ] Leaving safepoint region
[2022-06-13T02:35:48.983+0000][1][safepoint    ] Total time for which application threads were stopped: 0.0004310 seconds, Stopping threads took: 0.0002210 seconds
[2022-06-13T02:35:49.983+0000][1][safepoint    ] Application time: 1.0001927 seconds
[2022-06-13T02:35:49.984+0000][1][safepoint    ] Entering safepoint region: Cleanup
[2022-06-13T02:35:49.984+0000][1][safepoint    ] Leaving safepoint region
[2022-06-13T02:35:49.985+0000][1][safepoint    ] Total time for which application threads were stopped: 0.0009661 seconds, Stopping threads took: 0.0004820 seconds
[2022-06-13T02:35:50.985+0000][1][safepoint    ] Application time: 1.0001544 seconds
[2022-06-13T02:35:50.986+0000][1][safepoint    ] Entering safepoint region: Cleanup
[2022-06-13T02:35:50.986+0000][1][safepoint    ] Leaving safepoint region
[2022-06-13T02:35:50.986+0000][1][safepoint    ] Total time for which application threads were stopped: 0.0005999 seconds, Stopping threads took: 0.0002452 seconds
[2022-06-13T02:35:51.987+0000][1][safepoint    ] Application time: 1.0001178 seconds
[2022-06-13T02:35:51.987+0000][1][safepoint    ] Entering safepoint region: Cleanup
[2022-06-13T02:35:51.988+0000][1][safepoint    ] Leaving safepoint region
[2022-06-13T02:35:51.988+0000][1][safepoint    ] Total time for which application threads were stopped: 0.0011032 seconds, Stopping threads took: 0.0005275 seconds
[2022-06-13T02:35:52.989+0000][1][safepoint    ] Application time: 1.0001408 seconds
[2022-06-13T02:35:52.989+0000][1][safepoint    ] Entering safepoint region: Cleanup
[2022-06-13T02:35:52.990+0000][1][safepoint    ] Leaving safepoint region
[2022-06-13T02:35:52.990+0000][1][safepoint    ] Total time for which application threads were stopped: 0.0008438 seconds, Stopping threads took: 0.0003531 seconds
[2022-06-13T02:35:53.991+0000][1][safepoint    ] Application time: 1.0001676 seconds
[2022-06-13T02:35:53.991+0000][1][safepoint    ] Entering safepoint region: Cleanup
[2022-06-13T02:35:53.991+0000][1][safepoint    ] Leaving safepoint region
[2022-06-13T02:35:53.991+0000][1][safepoint    ] Total time for which application threads were stopped: 0.0006802 seconds, Stopping threads took: 0.0003600 seconds
[2022-06-13T02:35:54.992+0000][1][safepoint    ] Application time: 1.0001552 seconds
[2022-06-13T02:35:54.992+0000][1][safepoint    ] Entering safepoint region: Cleanup
[2022-06-13T02:35:54.992+0000][1][safepoint    ] Leaving safepoint region
[2022-06-13T02:35:54.993+0000][1][safepoint    ] Total time for which application threads were stopped: 0.0005045 seconds, Stopping threads took: 0.0002633 seconds
[2022-06-13T02:35:55.993+0000][1][safepoint    ] Application time: 1.0001925 seconds
[2022-06-13T02:35:55.994+0000][1][safepoint    ] Entering safepoint region: Cleanup
[2022-06-13T02:35:55.994+0000][1][safepoint    ] Leaving safepoint region
[2022-06-13T02:35:55.995+0000][1][safepoint    ] Total time for which application threads were stopped: 0.0009602 seconds, Stopping threads took: 0.0005010 seconds
[2022-06-13T02:35:56.995+0000][1][safepoint    ] Application time: 1.0001745 seconds
[2022-06-13T02:35:56.996+0000][1][safepoint    ] Entering safepoint region: Cleanup
[2022-06-13T02:35:56.996+0000][1][safepoint    ] Leaving safepoint region
[2022-06-13T02:35:56.996+0000][1][safepoint    ] Total time for which application threads were stopped: 0.0007102 seconds, Stopping threads took: 0.0003476 seconds
[2022-06-13T02:35:57.997+0000][1][safepoint    ] Application time: 1.0002628 seconds
[2022-06-13T02:35:57.998+0000][1][safepoint    ] Entering safepoint region: Cleanup
[2022-06-13T02:35:57.998+0000][1][safepoint    ] Leaving safepoint region
[2022-06-13T02:35:57.999+0000][1][safepoint    ] Total time for which application threads were stopped: 0.0008395 seconds, Stopping threads took: 0.0003910 seconds
[2022-06-13T02:35:58.999+0000][1][safepoint    ] Application time: 1.0002281 seconds
[2022-06-13T02:35:59.000+0000][1][safepoint    ] Entering safepoint region: Cleanup
[2022-06-13T02:35:59.001+0000][1][safepoint    ] Leaving safepoint region
[2022-06-13T02:35:59.001+0000][1][safepoint    ] Total time for which application threads were stopped: 0.0012122 seconds, Stopping threads took: 0.0005592 seconds
[2022-06-13T02:36:00.002+0000][1][safepoint    ] Application time: 1.0003488 seconds
[2022-06-13T02:36:00.003+0000][1][safepoint    ] Entering safepoint region: Cleanup
[2022-06-13T02:36:00.003+0000][1][safepoint    ] Leaving safepoint region
[2022-06-13T02:36:00.003+0000][1][safepoint    ] Total time for which application threads were stopped: 0.0008729 seconds, Stopping threads took: 0.0003917 seconds
[2022-06-13T02:36:01.004+0000][1][safepoint    ] Application time: 1.0002955 seconds
[2022-06-13T02:36:01.005+0000][1][safepoint    ] Entering safepoint region: Cleanup
[2022-06-13T02:36:01.005+0000][1][safepoint    ] Leaving safepoint region
[2022-06-13T02:36:01.006+0000][1][safepoint    ] Total time for which application threads were stopped: 0.0010462 seconds, Stopping threads took: 0.0004754 seconds
[2022-06-13T02:36:02.006+0000][1][safepoint    ] Application time: 1.0001274 seconds
[2022-06-13T02:36:02.007+0000][1][safepoint    ] Entering safepoint region: Cleanup
[2022-06-13T02:36:02.007+0000][1][safepoint    ] Leaving safepoint region
[2022-06-13T02:36:02.008+0000][1][safepoint    ] Total time for which application threads were stopped: 0.0008273 seconds, Stopping threads took: 0.0003995 seconds
[2022-06-13T02:36:03.008+0000][1][safepoint    ] Application time: 1.0002249 seconds
[2022-06-13T02:36:03.009+0000][1][safepoint    ] Entering safepoint region: Cleanup
[2022-06-13T02:36:03.009+0000][1][safepoint    ] Leaving safepoint region
[2022-06-13T02:36:03.010+0000][1][safepoint    ] Total time for which application threads were stopped: 0.0009416 seconds, Stopping threads took: 0.0004316 seconds
[2022-06-13T02:36:04.010+0000][1][safepoint    ] Application time: 1.0002897 seconds
[2022-06-13T02:36:04.011+0000][1][safepoint    ] Entering safepoint region: Cleanup
[2022-06-13T02:36:04.012+0000][1][safepoint    ] Leaving safepoint region
[2022-06-13T02:36:04.012+0000][1][safepoint    ] Total time for which application threads were stopped: 0.0013965 seconds, Stopping threads took: 0.0006293 seconds
[2022-06-13T02:36:05.013+0000][1][safepoint    ] Application time: 1.0002303 seconds
[2022-06-13T02:36:05.014+0000][1][safepoint    ] Entering safepoint region: Cleanup
[2022-06-13T02:36:05.014+0000][1][safepoint    ] Leaving safepoint region
[2022-06-13T02:36:05.015+0000][1][safepoint    ] Total time for which application threads were stopped: 0.0008240 seconds, Stopping threads took: 0.0004243 seconds
[2022-06-13T02:36:06.015+0000][1][safepoint    ] Application time: 1.0003329 seconds
[2022-06-13T02:36:06.016+0000][1][safepoint    ] Entering safepoint region: Cleanup
[2022-06-13T02:36:06.017+0000][1][safepoint    ] Leaving safepoint region
[2022-06-13T02:36:06.017+0000][1][safepoint    ] Total time for which application threads were stopped: 0.0013446 seconds, Stopping threads took: 0.0006364 seconds
[2022-06-13T02:36:07.018+0000][1][safepoint    ] Application time: 1.0001604 seconds
[2022-06-13T02:36:07.018+0000][1][safepoint    ] Entering safepoint region: Cleanup
[2022-06-13T02:36:07.019+0000][1][safepoint    ] Leaving safepoint region
[2022-06-13T02:36:07.019+0000][1][safepoint    ] Total time for which application threads were stopped: 0.0006556 seconds, Stopping threads took: 0.0003440 seconds
[2022-06-13T02:36:08.020+0000][1][safepoint    ] Application time: 1.0001958 seconds
[2022-06-13T02:36:08.020+0000][1][safepoint    ] Entering safepoint region: Cleanup
[2022-06-13T02:36:08.021+0000][1][safepoint    ] Leaving safepoint region
[2022-06-13T02:36:08.021+0000][1][safepoint    ] Total time for which application threads were stopped: 0.0006983 seconds, Stopping threads took: 0.0003096 seconds
[2022-06-13T02:36:09.021+0000][1][safepoint    ] Application time: 1.0002005 seconds
[2022-06-13T02:36:09.022+0000][1][safepoint    ] Entering safepoint region: Cleanup
[2022-06-13T02:36:09.022+0000][1][safepoint    ] Leaving safepoint region
[2022-06-13T02:36:09.023+0000][1][safepoint    ] Total time for which application threads were stopped: 0.0008384 seconds, Stopping threads took: 0.0004072 seconds
[2022-06-13T02:36:10.024+0000][1][safepoint    ] Application time: 1.0003264 seconds
[2022-06-13T02:36:10.024+0000][1][safepoint    ] Entering safepoint region: Cleanup
[2022-06-13T02:36:10.025+0000][1][safepoint    ] Leaving safepoint region
[2022-06-13T02:36:10.025+0000][1][safepoint    ] Total time for which application threads were stopped: 0.0006969 seconds, Stopping threads took: 0.0003004 seconds
[2022-06-13T02:36:11.025+0000][1][safepoint    ] Application time: 1.0002180 seconds
[2022-06-13T02:36:11.026+0000][1][safepoint    ] Entering safepoint region: Cleanup
[2022-06-13T02:36:11.026+0000][1][safepoint    ] Leaving safepoint region
[2022-06-13T02:36:11.027+0000][1][safepoint    ] Total time for which application threads were stopped: 0.0006984 seconds, Stopping threads took: 0.0003456 seconds
[2022-06-13T02:36:12.027+0000][1][safepoint    ] Application time: 1.0002778 seconds
[2022-06-13T02:36:12.028+0000][1][safepoint    ] Entering safepoint region: Cleanup
[2022-06-13T02:36:12.028+0000][1][safepoint    ] Leaving safepoint region
[2022-06-13T02:36:12.029+0000][1][safepoint    ] Total time for which application threads were stopped: 0.0008893 seconds, Stopping threads took: 0.0004097 seconds
[2022-06-13T02:36:13.338+0000][1][safepoint    ] Application time: 1.3089607 seconds
[2022-06-13T02:36:13.338+0000][1][safepoint    ] Entering safepoint region: Cleanup
[2022-06-13T02:36:13.339+0000][1][safepoint    ] Leaving safepoint region
[2022-06-13T02:36:13.339+0000][1][safepoint    ] Total time for which application threads were stopped: 0.0004229 seconds, Stopping threads took: 0.0001824 seconds
[2022-06-13T02:36:14.339+0000][1][safepoint    ] Application time: 1.0001249 seconds
[2022-06-13T02:36:14.339+0000][1][safepoint    ] Entering safepoint region: Cleanup
[2022-06-13T02:36:14.340+0000][1][safepoint    ] Leaving safepoint region
[2022-06-13T02:36:14.340+0000][1][safepoint    ] Total time for which application threads were stopped: 0.0005897 seconds, Stopping threads took: 0.0003055 seconds
[2022-06-13T02:36:15.340+0000][1][safepoint    ] Application time: 1.0001967 seconds
[2022-06-13T02:36:15.341+0000][1][safepoint    ] Entering safepoint region: Cleanup
[2022-06-13T02:36:15.341+0000][1][safepoint    ] Leaving safepoint region
[2022-06-13T02:36:15.342+0000][1][safepoint    ] Total time for which application threads were stopped: 0.0007181 seconds, Stopping threads took: 0.0003337 seconds
[2022-06-13T02:36:16.342+0000][1][safepoint    ] Application time: 1.0001797 seconds
[2022-06-13T02:36:16.342+0000][1][safepoint    ] Entering safepoint region: Cleanup
[2022-06-13T02:36:16.343+0000][1][safepoint    ] Leaving safepoint region
[2022-06-13T02:36:16.343+0000][1][safepoint    ] Total time for which application threads were stopped: 0.0007018 seconds, Stopping threads took: 0.0003783 seconds
[2022-06-13T02:36:17.344+0000][1][safepoint    ] Application time: 1.0002838 seconds
[2022-06-13T02:36:17.344+0000][1][safepoint    ] Entering safepoint region: Cleanup
[2022-06-13T02:36:17.345+0000][1][safepoint    ] Leaving safepoint region
[2022-06-13T02:36:17.345+0000][1][safepoint    ] Total time for which application threads were stopped: 0.0009473 seconds, Stopping threads took: 0.0004933 seconds
[2022-06-13T02:36:18.346+0000][1][safepoint    ] Application time: 1.0001349 seconds
[2022-06-13T02:36:18.346+0000][1][safepoint    ] Entering safepoint region: Cleanup
[2022-06-13T02:36:18.347+0000][1][safepoint    ] Leaving safepoint region
[2022-06-13T02:36:18.347+0000][1][safepoint    ] Total time for which application threads were stopped: 0.0007618 seconds, Stopping threads took: 0.0003844 seconds
[2022-06-13T02:36:19.347+0000][1][safepoint    ] Application time: 1.0002501 seconds
[2022-06-13T02:36:19.348+0000][1][safepoint    ] Entering safepoint region: Cleanup
[2022-06-13T02:36:19.348+0000][1][safepoint    ] Leaving safepoint region
[2022-06-13T02:36:19.349+0000][1][safepoint    ] Total time for which application threads were stopped: 0.0008859 seconds, Stopping threads took: 0.0005078 seconds
[2022-06-13T02:36:20.349+0000][1][safepoint    ] Application time: 1.0002023 seconds
[2022-06-13T02:36:20.350+0000][1][safepoint    ] Entering safepoint region: Cleanup
[2022-06-13T02:36:20.350+0000][1][safepoint    ] Leaving safepoint region
[2022-06-13T02:36:20.350+0000][1][safepoint    ] Total time for which application threads were stopped: 0.0008871 seconds, Stopping threads took: 0.0004815 seconds
[2022-06-13T02:36:21.351+0000][1][safepoint    ] Application time: 1.0001920 seconds
[2022-06-13T02:36:21.352+0000][1][safepoint    ] Entering safepoint region: Cleanup
[2022-06-13T02:36:21.352+0000][1][safepoint    ] Leaving safepoint region
[2022-06-13T02:36:21.353+0000][1][safepoint    ] Total time for which application threads were stopped: 0.0011175 seconds, Stopping threads took: 0.0005314 seconds
[2022-06-13T02:36:22.353+0000][1][safepoint    ] Application time: 1.0002585 seconds
[2022-06-13T02:36:22.354+0000][1][safepoint    ] Entering safepoint region: Cleanup
[2022-06-13T02:36:22.354+0000][1][safepoint    ] Leaving safepoint region
[2022-06-13T02:36:22.355+0000][1][safepoint    ] Total time for which application threads were stopped: 0.0007559 seconds, Stopping threads took: 0.0002954 seconds
[2022-06-13T02:36:23.355+0000][1][safepoint    ] Application time: 1.0002292 seconds
[2022-06-13T02:36:23.356+0000][1][safepoint    ] Entering safepoint region: Cleanup
[2022-06-13T02:36:23.356+0000][1][safepoint    ] Leaving safepoint region
[2022-06-13T02:36:23.356+0000][1][safepoint    ] Total time for which application threads were stopped: 0.0005658 seconds, Stopping threads took: 0.0001657 seconds
[2022-06-13T02:36:24.357+0000][1][safepoint    ] Application time: 1.0001967 seconds
[2022-06-13T02:36:24.358+0000][1][safepoint    ] Entering safepoint region: Cleanup
[2022-06-13T02:36:24.358+0000][1][safepoint    ] Leaving safepoint region
[2022-06-13T02:36:24.359+0000][1][safepoint    ] Total time for which application threads were stopped: 0.0012001 seconds, Stopping threads took: 0.0005314 seconds
[2022-06-13T02:36:25.359+0000][1][safepoint    ] Application time: 1.0001475 seconds
[2022-06-13T02:36:25.360+0000][1][safepoint    ] Entering safepoint region: Cleanup
[2022-06-13T02:36:25.360+0000][1][safepoint    ] Leaving safepoint region
[2022-06-13T02:36:25.361+0000][1][safepoint    ] Total time for which application threads were stopped: 0.0008354 seconds, Stopping threads took: 0.0003940 seconds
[2022-06-13T02:36:26.361+0000][1][safepoint    ] Application time: 1.0002370 seconds
[2022-06-13T02:36:26.362+0000][1][safepoint    ] Entering safepoint region: Cleanup
[2022-06-13T02:36:26.362+0000][1][safepoint    ] Leaving safepoint region
[2022-06-13T02:36:26.362+0000][1][safepoint    ] Total time for which application threads were stopped: 0.0007532 seconds, Stopping threads took: 0.0004170 seconds
[2022-06-13T02:36:27.363+0000][1][safepoint    ] Application time: 1.0001326 seconds
[2022-06-13T02:36:27.363+0000][1][safepoint    ] Entering safepoint region: Cleanup
[2022-06-13T02:36:27.364+0000][1][safepoint    ] Leaving safepoint region
[2022-06-13T02:36:27.364+0000][1][safepoint    ] Total time for which application threads were stopped: 0.0007808 seconds, Stopping threads took: 0.0003548 seconds
[2022-06-13T02:36:28.364+0000][1][safepoint    ] Application time: 1.0001838 seconds
[2022-06-13T02:36:28.365+0000][1][safepoint    ] Entering safepoint region: Cleanup
[2022-06-13T02:36:28.365+0000][1][safepoint    ] Leaving safepoint region
[2022-06-13T02:36:28.366+0000][1][safepoint    ] Total time for which application threads were stopped: 0.0011209 seconds, Stopping threads took: 0.0004360 seconds
[2022-06-13T02:36:29.367+0000][1][safepoint    ] Application time: 1.0002208 seconds
[2022-06-13T02:36:29.367+0000][1][safepoint    ] Entering safepoint region: Cleanup
[2022-06-13T02:36:29.368+0000][1][safepoint    ] Leaving safepoint region
[2022-06-13T02:36:29.368+0000][1][safepoint    ] Total time for which application threads were stopped: 0.0007866 seconds, Stopping threads took: 0.0003657 seconds
[2022-06-13T02:36:30.369+0000][1][safepoint    ] Application time: 1.0001382 seconds
[2022-06-13T02:36:30.369+0000][1][safepoint    ] Entering safepoint region: Cleanup
[2022-06-13T02:36:30.370+0000][1][safepoint    ] Leaving safepoint region
[2022-06-13T02:36:30.370+0000][1][safepoint    ] Total time for which application threads were stopped: 0.0007310 seconds, Stopping threads took: 0.0003291 seconds
[2022-06-13T02:36:31.370+0000][1][safepoint    ] Application time: 1.0002229 seconds
[2022-06-13T02:36:31.371+0000][1][safepoint    ] Entering safepoint region: Cleanup
[2022-06-13T02:36:31.371+0000][1][safepoint    ] Leaving safepoint region
[2022-06-13T02:36:31.372+0000][1][safepoint    ] Total time for which application threads were stopped: 0.0010052 seconds, Stopping threads took: 0.0004826 seconds
[2022-06-13T02:36:32.372+0000][1][safepoint    ] Application time: 1.0001313 seconds
[2022-06-13T02:36:32.373+0000][1][safepoint    ] Entering safepoint region: Cleanup
[2022-06-13T02:36:32.373+0000][1][safepoint    ] Leaving safepoint region
[2022-06-13T02:36:32.374+0000][1][safepoint    ] Total time for which application threads were stopped: 0.0009452 seconds, Stopping threads took: 0.0004105 seconds
[2022-06-13T02:36:33.374+0000][1][safepoint    ] Application time: 1.0002041 seconds
[2022-06-13T02:36:33.375+0000][1][safepoint    ] Entering safepoint region: Cleanup
[2022-06-13T02:36:33.375+0000][1][safepoint    ] Leaving safepoint region
[2022-06-13T02:36:33.375+0000][1][safepoint    ] Total time for which application threads were stopped: 0.0005343 seconds, Stopping threads took: 0.0002441 seconds
[2022-06-13T02:36:34.376+0000][1][safepoint    ] Application time: 1.0002420 seconds
[2022-06-13T02:36:34.376+0000][1][safepoint    ] Entering safepoint region: Cleanup
[2022-06-13T02:36:34.377+0000][1][safepoint    ] Leaving safepoint region
[2022-06-13T02:36:34.377+0000][1][safepoint    ] Total time for which application threads were stopped: 0.0010092 seconds, Stopping threads took: 0.0003132 seconds
[2022-06-13T02:36:35.378+0000][1][safepoint    ] Application time: 1.0002025 seconds
[2022-06-13T02:36:35.378+0000][1][safepoint    ] Entering safepoint region: Cleanup
[2022-06-13T02:36:35.379+0000][1][safepoint    ] Leaving safepoint region
[2022-06-13T02:36:35.380+0000][1][safepoint    ] Total time for which application threads were stopped: 0.0010930 seconds, Stopping threads took: 0.0004686 seconds
[2022-06-13T02:36:36.380+0000][1][safepoint    ] Application time: 1.0001049 seconds
[2022-06-13T02:36:36.380+0000][1][safepoint    ] Entering safepoint region: Cleanup
[2022-06-13T02:36:36.381+0000][1][safepoint    ] Leaving safepoint region
[2022-06-13T02:36:36.381+0000][1][safepoint    ] Total time for which application threads were stopped: 0.0008252 seconds, Stopping threads took: 0.0004075 seconds
[2022-06-13T02:36:37.382+0000][1][safepoint    ] Application time: 1.0002235 seconds
[2022-06-13T02:36:37.382+0000][1][safepoint    ] Entering safepoint region: Cleanup
[2022-06-13T02:36:37.382+0000][1][safepoint    ] Leaving safepoint region
[2022-06-13T02:36:37.383+0000][1][safepoint    ] Total time for which application threads were stopped: 0.0004214 seconds, Stopping threads took: 0.0001754 seconds
[2022-06-13T02:36:38.383+0000][1][safepoint    ] Application time: 1.0002078 seconds
[2022-06-13T02:36:38.383+0000][1][safepoint    ] Entering safepoint region: Cleanup
[2022-06-13T02:36:38.384+0000][1][safepoint    ] Leaving safepoint region
[2022-06-13T02:36:38.384+0000][1][safepoint    ] Total time for which application threads were stopped: 0.0006580 seconds, Stopping threads took: 0.0002943 seconds
[2022-06-13T02:36:39.385+0000][1][safepoint    ] Application time: 1.0002990 seconds
[2022-06-13T02:36:39.385+0000][1][safepoint    ] Entering safepoint region: Cleanup
[2022-06-13T02:36:39.386+0000][1][safepoint    ] Leaving safepoint region
[2022-06-13T02:36:39.386+0000][1][safepoint    ] Total time for which application threads were stopped: 0.0008308 seconds, Stopping threads took: 0.0004293 seconds
[2022-06-13T02:36:40.387+0000][1][safepoint    ] Application time: 1.0001875 seconds
[2022-06-13T02:36:40.387+0000][1][safepoint    ] Entering safepoint region: Cleanup
[2022-06-13T02:36:40.387+0000][1][safepoint    ] Leaving safepoint region
[2022-06-13T02:36:40.388+0000][1][safepoint    ] Total time for which application threads were stopped: 0.0007702 seconds, Stopping threads took: 0.0003397 seconds
[2022-06-13T02:36:41.388+0000][1][safepoint    ] Application time: 1.0002625 seconds
[2022-06-13T02:36:41.389+0000][1][safepoint    ] Entering safepoint region: Cleanup
[2022-06-13T02:36:41.389+0000][1][safepoint    ] Leaving safepoint region
[2022-06-13T02:36:41.390+0000][1][safepoint    ] Total time for which application threads were stopped: 0.0008566 seconds, Stopping threads took: 0.0003961 seconds
[2022-06-13T02:36:42.390+0000][1][safepoint    ] Application time: 1.0002757 seconds
[2022-06-13T02:36:42.391+0000][1][safepoint    ] Entering safepoint region: Cleanup
[2022-06-13T02:36:42.392+0000][1][safepoint    ] Leaving safepoint region
[2022-06-13T02:36:42.392+0000][1][safepoint    ] Total time for which application threads were stopped: 0.0009653 seconds, Stopping threads took: 0.0005046 seconds
[2022-06-13T02:36:43.393+0000][1][safepoint    ] Application time: 1.0002586 seconds
[2022-06-13T02:36:43.393+0000][1][safepoint    ] Entering safepoint region: Cleanup
[2022-06-13T02:36:43.394+0000][1][safepoint    ] Leaving safepoint region
[2022-06-13T02:36:43.394+0000][1][safepoint    ] Total time for which application threads were stopped: 0.0009356 seconds, Stopping threads took: 0.0004148 seconds
[2022-06-13T02:36:44.395+0000][1][safepoint    ] Application time: 1.0001557 seconds
[2022-06-13T02:36:44.395+0000][1][safepoint    ] Entering safepoint region: Cleanup
[2022-06-13T02:36:44.396+0000][1][safepoint    ] Leaving safepoint region
[2022-06-13T02:36:44.396+0000][1][safepoint    ] Total time for which application threads were stopped: 0.0011332 seconds, Stopping threads took: 0.0004960 seconds
[2022-06-13T02:36:45.397+0000][1][safepoint    ] Application time: 1.0001168 seconds
[2022-06-13T02:36:45.398+0000][1][safepoint    ] Entering safepoint region: Cleanup
[2022-06-13T02:36:45.398+0000][1][safepoint    ] Leaving safepoint region
[2022-06-13T02:36:45.399+0000][1][safepoint    ] Total time for which application threads were stopped: 0.0010115 seconds, Stopping threads took: 0.0005367 seconds
[2022-06-13T02:36:46.399+0000][1][safepoint    ] Application time: 1.0001628 seconds
[2022-06-13T02:36:46.400+0000][1][safepoint    ] Entering safepoint region: Cleanup
[2022-06-13T02:36:46.400+0000][1][safepoint    ] Leaving safepoint region
[2022-06-13T02:36:46.400+0000][1][safepoint    ] Total time for which application threads were stopped: 0.0005744 seconds, Stopping threads took: 0.0002861 seconds
[2022-06-13T02:36:47.401+0000][1][safepoint    ] Application time: 1.0001291 seconds
[2022-06-13T02:36:47.401+0000][1][safepoint    ] Entering safepoint region: Cleanup
[2022-06-13T02:36:47.402+0000][1][safepoint    ] Leaving safepoint region
[2022-06-13T02:36:47.402+0000][1][safepoint    ] Total time for which application threads were stopped: 0.0011761 seconds, Stopping threads took: 0.0005500 seconds
[2022-06-13T02:36:48.403+0000][1][safepoint    ] Application time: 1.0001112 seconds
[2022-06-13T02:36:48.403+0000][1][safepoint    ] Entering safepoint region: Cleanup
[2022-06-13T02:36:48.404+0000][1][safepoint    ] Leaving safepoint region
[2022-06-13T02:36:48.404+0000][1][safepoint    ] Total time for which application threads were stopped: 0.0009286 seconds, Stopping threads took: 0.0003877 seconds
[2022-06-13T02:36:49.405+0000][1][safepoint    ] Application time: 1.0001720 seconds
[2022-06-13T02:36:49.405+0000][1][safepoint    ] Entering safepoint region: Cleanup
[2022-06-13T02:36:49.406+0000][1][safepoint    ] Leaving safepoint region
[2022-06-13T02:36:49.406+0000][1][safepoint    ] Total time for which application threads were stopped: 0.0006664 seconds, Stopping threads took: 0.0003422 seconds
[2022-06-13T02:36:50.407+0000][1][safepoint    ] Application time: 1.0002460 seconds
[2022-06-13T02:36:50.407+0000][1][safepoint    ] Entering safepoint region: Cleanup
[2022-06-13T02:36:50.408+0000][1][safepoint    ] Leaving safepoint region
[2022-06-13T02:36:50.408+0000][1][safepoint    ] Total time for which application threads were stopped: 0.0010367 seconds, Stopping threads took: 0.0004544 seconds
[2022-06-13T02:36:51.409+0000][1][safepoint    ] Application time: 1.0004831 seconds
[2022-06-13T02:36:51.410+0000][1][safepoint    ] Entering safepoint region: Cleanup
[2022-06-13T02:36:51.410+0000][1][safepoint    ] Leaving safepoint region
[2022-06-13T02:36:51.410+0000][1][safepoint    ] Total time for which application threads were stopped: 0.0006684 seconds, Stopping threads took: 0.0002759 seconds
[2022-06-13T02:36:52.411+0000][1][safepoint    ] Application time: 1.0002840 seconds
[2022-06-13T02:36:52.412+0000][1][safepoint    ] Entering safepoint region: Cleanup
[2022-06-13T02:36:52.412+0000][1][safepoint    ] Leaving safepoint region
[2022-06-13T02:36:52.413+0000][1][safepoint    ] Total time for which application threads were stopped: 0.0009624 seconds, Stopping threads took: 0.0004507 seconds
[2022-06-13T02:36:53.413+0000][1][safepoint    ] Application time: 1.0002249 seconds
[2022-06-13T02:36:53.414+0000][1][safepoint    ] Entering safepoint region: Cleanup
[2022-06-13T02:36:53.415+0000][1][safepoint    ] Leaving safepoint region
[2022-06-13T02:36:53.415+0000][1][safepoint    ] Total time for which application threads were stopped: 0.0013246 seconds, Stopping threads took: 0.0006507 seconds
[2022-06-13T02:36:54.416+0000][1][safepoint    ] Application time: 1.0001156 seconds
[2022-06-13T02:36:54.416+0000][1][safepoint    ] Entering safepoint region: Cleanup
[2022-06-13T02:36:54.417+0000][1][safepoint    ] Leaving safepoint region
[2022-06-13T02:36:54.417+0000][1][safepoint    ] Total time for which application threads were stopped: 0.0008256 seconds, Stopping threads took: 0.0003820 seconds
[2022-06-13T02:36:55.418+0000][1][safepoint    ] Application time: 1.0001824 seconds
[2022-06-13T02:36:55.418+0000][1][safepoint    ] Entering safepoint region: Cleanup
[2022-06-13T02:36:55.419+0000][1][safepoint    ] Leaving safepoint region
[2022-06-13T02:36:55.419+0000][1][safepoint    ] Total time for which application threads were stopped: 0.0007634 seconds, Stopping threads took: 0.0003358 seconds
[2022-06-13T02:36:56.419+0000][1][safepoint    ] Application time: 1.0001929 seconds
[2022-06-13T02:36:56.420+0000][1][safepoint    ] Entering safepoint region: Cleanup
[2022-06-13T02:36:56.420+0000][1][safepoint    ] Leaving safepoint region
[2022-06-13T02:36:56.421+0000][1][safepoint    ] Total time for which application threads were stopped: 0.0009025 seconds, Stopping threads took: 0.0004074 seconds
[2022-06-13T02:36:57.421+0000][1][safepoint    ] Application time: 1.0002270 seconds
[2022-06-13T02:36:57.422+0000][1][safepoint    ] Entering safepoint region: Cleanup
[2022-06-13T02:36:57.422+0000][1][safepoint    ] Leaving safepoint region
[2022-06-13T02:36:57.422+0000][1][safepoint    ] Total time for which application threads were stopped: 0.0003230 seconds, Stopping threads took: 0.0001404 seconds
[2022-06-13T02:36:58.422+0000][1][safepoint    ] Application time: 1.0001125 seconds
[2022-06-13T02:36:58.423+0000][1][safepoint    ] Entering safepoint region: Cleanup
[2022-06-13T02:36:58.423+0000][1][safepoint    ] Leaving safepoint region
[2022-06-13T02:36:58.423+0000][1][safepoint    ] Total time for which application threads were stopped: 0.0008357 seconds, Stopping threads took: 0.0004276 seconds
[2022-06-13T02:36:59.424+0000][1][safepoint    ] Application time: 1.0001420 seconds
[2022-06-13T02:36:59.424+0000][1][safepoint    ] Entering safepoint region: Cleanup
[2022-06-13T02:36:59.425+0000][1][safepoint    ] Leaving safepoint region
[2022-06-13T02:36:59.425+0000][1][safepoint    ] Total time for which application threads were stopped: 0.0007057 seconds, Stopping threads took: 0.0003301 seconds
[2022-06-13T02:37:00.425+0000][1][safepoint    ] Application time: 1.0001631 seconds
[2022-06-13T02:37:00.426+0000][1][safepoint    ] Entering safepoint region: Cleanup
[2022-06-13T02:37:00.426+0000][1][safepoint    ] Leaving safepoint region
[2022-06-13T02:37:00.427+0000][1][safepoint    ] Total time for which application threads were stopped: 0.0006913 seconds, Stopping threads took: 0.0003330 seconds
[2022-06-13T02:37:01.427+0000][1][safepoint    ] Application time: 1.0001880 seconds
[2022-06-13T02:37:01.427+0000][1][safepoint    ] Entering safepoint region: Cleanup
[2022-06-13T02:37:01.428+0000][1][safepoint    ] Leaving safepoint region
[2022-06-13T02:37:01.428+0000][1][safepoint    ] Total time for which application threads were stopped: 0.0005344 seconds, Stopping threads took: 0.0002392 seconds
[2022-06-13T02:37:02.428+0000][1][safepoint    ] Application time: 1.0000999 seconds
[2022-06-13T02:37:02.429+0000][1][safepoint    ] Entering safepoint region: Cleanup
[2022-06-13T02:37:02.429+0000][1][safepoint    ] Leaving safepoint region
[2022-06-13T02:37:02.429+0000][1][safepoint    ] Total time for which application threads were stopped: 0.0008119 seconds, Stopping threads took: 0.0005106 seconds
[2022-06-13T02:37:03.430+0000][1][safepoint    ] Application time: 1.0001938 seconds
[2022-06-13T02:37:03.431+0000][1][safepoint    ] Entering safepoint region: Cleanup
[2022-06-13T02:37:03.431+0000][1][safepoint    ] Leaving safepoint region
[2022-06-13T02:37:03.431+0000][1][safepoint    ] Total time for which application threads were stopped: 0.0007368 seconds, Stopping threads took: 0.0003433 seconds
[2022-06-13T02:37:04.432+0000][1][safepoint    ] Application time: 1.0002171 seconds
[2022-06-13T02:37:04.432+0000][1][safepoint    ] Entering safepoint region: Cleanup
[2022-06-13T02:37:04.433+0000][1][safepoint    ] Leaving safepoint region
[2022-06-13T02:37:04.433+0000][1][safepoint    ] Total time for which application threads were stopped: 0.0005784 seconds, Stopping threads took: 0.0002663 seconds
[2022-06-13T02:37:05.433+0000][1][safepoint    ] Application time: 1.0002338 seconds
[2022-06-13T02:37:05.434+0000][1][safepoint    ] Entering safepoint region: Cleanup
[2022-06-13T02:37:05.435+0000][1][safepoint    ] Leaving safepoint region
[2022-06-13T02:37:05.435+0000][1][safepoint    ] Total time for which application threads were stopped: 0.0009501 seconds, Stopping threads took: 0.0004389 seconds
[2022-06-13T02:37:06.436+0000][1][safepoint    ] Application time: 1.0002385 seconds
[2022-06-13T02:37:06.436+0000][1][safepoint    ] Entering safepoint region: Cleanup
[2022-06-13T02:37:06.437+0000][1][safepoint    ] Leaving safepoint region
[2022-06-13T02:37:06.437+0000][1][safepoint    ] Total time for which application threads were stopped: 0.0010248 seconds, Stopping threads took: 0.0004649 seconds
[2022-06-13T02:37:07.439+0000][1][safepoint    ] Application time: 1.0002205 seconds
[2022-06-13T02:37:07.439+0000][1][safepoint    ] Entering safepoint region: Cleanup
[2022-06-13T02:37:07.440+0000][1][safepoint    ] Leaving safepoint region
[2022-06-13T02:37:07.440+0000][1][safepoint    ] Total time for which application threads were stopped: 0.0009305 seconds, Stopping threads took: 0.0004452 seconds
[2022-06-13T02:37:08.441+0000][1][safepoint    ] Application time: 1.0002161 seconds
[2022-06-13T02:37:08.441+0000][1][safepoint    ] Entering safepoint region: Cleanup
[2022-06-13T02:37:08.442+0000][1][safepoint    ] Leaving safepoint region
[2022-06-13T02:37:08.442+0000][1][safepoint    ] Total time for which application threads were stopped: 0.0007912 seconds, Stopping threads took: 0.0003322 seconds
[2022-06-13T02:37:09.443+0000][1][safepoint    ] Application time: 1.0001988 seconds
[2022-06-13T02:37:09.443+0000][1][safepoint    ] Entering safepoint region: Cleanup
[2022-06-13T02:37:09.444+0000][1][safepoint    ] Leaving safepoint region
[2022-06-13T02:37:09.444+0000][1][safepoint    ] Total time for which application threads were stopped: 0.0009079 seconds, Stopping threads took: 0.0004180 seconds
[2022-06-13T02:37:10.445+0000][1][safepoint    ] Application time: 1.0002364 seconds
[2022-06-13T02:37:10.445+0000][1][safepoint    ] Entering safepoint region: Cleanup
[2022-06-13T02:37:10.445+0000][1][safepoint    ] Leaving safepoint region
[2022-06-13T02:37:10.446+0000][1][safepoint    ] Total time for which application threads were stopped: 0.0003066 seconds, Stopping threads took: 0.0001306 seconds
[2022-06-13T02:37:11.446+0000][1][safepoint    ] Application time: 1.0001404 seconds
[2022-06-13T02:37:11.446+0000][1][safepoint    ] Entering safepoint region: Cleanup
[2022-06-13T02:37:11.446+0000][1][safepoint    ] Leaving safepoint region
[2022-06-13T02:37:11.447+0000][1][safepoint    ] Total time for which application threads were stopped: 0.0005092 seconds, Stopping threads took: 0.0002329 seconds
[2022-06-13T02:37:12.447+0000][1][safepoint    ] Application time: 1.0001575 seconds
[2022-06-13T02:37:12.448+0000][1][safepoint    ] Entering safepoint region: Cleanup
[2022-06-13T02:37:12.448+0000][1][safepoint    ] Leaving safepoint region
[2022-06-13T02:37:12.448+0000][1][safepoint    ] Total time for which application threads were stopped: 0.0008682 seconds, Stopping threads took: 0.0005259 seconds
[2022-06-13T02:37:13.449+0000][1][safepoint    ] Application time: 1.0001612 seconds
[2022-06-13T02:37:13.449+0000][1][safepoint    ] Entering safepoint region: Cleanup
[2022-06-13T02:37:13.450+0000][1][safepoint    ] Leaving safepoint region
[2022-06-13T02:37:13.450+0000][1][safepoint    ] Total time for which application threads were stopped: 0.0004765 seconds, Stopping threads took: 0.0002822 seconds
[2022-06-13T02:37:14.450+0000][1][safepoint    ] Application time: 1.0001860 seconds
[2022-06-13T02:37:14.450+0000][1][safepoint    ] Entering safepoint region: Cleanup
[2022-06-13T02:37:14.451+0000][1][safepoint    ] Leaving safepoint region
[2022-06-13T02:37:14.451+0000][1][safepoint    ] Total time for which application threads were stopped: 0.0009024 seconds, Stopping threads took: 0.0004309 seconds
[2022-06-13T02:37:15.452+0000][1][safepoint    ] Application time: 1.0002225 seconds
[2022-06-13T02:37:15.453+0000][1][safepoint    ] Entering safepoint region: Cleanup
[2022-06-13T02:37:15.453+0000][1][safepoint    ] Leaving safepoint region
[2022-06-13T02:37:15.454+0000][1][safepoint    ] Total time for which application threads were stopped: 0.0013339 seconds, Stopping threads took: 0.0005608 seconds
[2022-06-13T02:37:16.455+0000][1][safepoint    ] Application time: 1.0001915 seconds
[2022-06-13T02:37:16.455+0000][1][safepoint    ] Entering safepoint region: Cleanup
[2022-06-13T02:37:16.455+0000][1][safepoint    ] Leaving safepoint region
[2022-06-13T02:37:16.456+0000][1][safepoint    ] Total time for which application threads were stopped: 0.0005363 seconds, Stopping threads took: 0.0001742 seconds
[2022-06-13T02:37:17.456+0000][1][safepoint    ] Application time: 1.0002761 seconds
[2022-06-13T02:37:17.457+0000][1][safepoint    ] Entering safepoint region: Cleanup
[2022-06-13T02:37:17.457+0000][1][safepoint    ] Leaving safepoint region
[2022-06-13T02:37:17.458+0000][1][safepoint    ] Total time for which application threads were stopped: 0.0008603 seconds, Stopping threads took: 0.0003898 seconds
[2022-06-13T02:37:18.458+0000][1][safepoint    ] Application time: 1.0001360 seconds
[2022-06-13T02:37:18.459+0000][1][safepoint    ] Entering safepoint region: Cleanup
[2022-06-13T02:37:18.459+0000][1][safepoint    ] Leaving safepoint region
[2022-06-13T02:37:18.459+0000][1][safepoint    ] Total time for which application threads were stopped: 0.0003493 seconds, Stopping threads took: 0.0001667 seconds
[2022-06-13T02:37:19.459+0000][1][safepoint    ] Application time: 1.0002808 seconds
[2022-06-13T02:37:19.460+0000][1][safepoint    ] Entering safepoint region: Cleanup
[2022-06-13T02:37:19.461+0000][1][safepoint    ] Leaving safepoint region
[2022-06-13T02:37:19.462+0000][1][safepoint    ] Total time for which application threads were stopped: 0.0014779 seconds, Stopping threads took: 0.0006873 seconds
[2022-06-13T02:37:20.462+0000][1][safepoint    ] Application time: 1.0002215 seconds
[2022-06-13T02:37:20.463+0000][1][safepoint    ] Entering safepoint region: Cleanup
[2022-06-13T02:37:20.463+0000][1][safepoint    ] Leaving safepoint region
[2022-06-13T02:37:20.464+0000][1][safepoint    ] Total time for which application threads were stopped: 0.0009171 seconds, Stopping threads took: 0.0004434 seconds
[2022-06-13T02:37:21.464+0000][1][safepoint    ] Application time: 1.0002073 seconds
[2022-06-13T02:37:21.465+0000][1][safepoint    ] Entering safepoint region: Cleanup
[2022-06-13T02:37:21.466+0000][1][safepoint    ] Leaving safepoint region
[2022-06-13T02:37:21.466+0000][1][safepoint    ] Total time for which application threads were stopped: 0.0008772 seconds, Stopping threads took: 0.0004583 seconds
[2022-06-13T02:37:22.466+0000][1][safepoint    ] Application time: 1.0002237 seconds
[2022-06-13T02:37:22.467+0000][1][safepoint    ] Entering safepoint region: Cleanup
[2022-06-13T02:37:22.467+0000][1][safepoint    ] Leaving safepoint region
[2022-06-13T02:37:22.468+0000][1][safepoint    ] Total time for which application threads were stopped: 0.0007511 seconds, Stopping threads took: 0.0003254 seconds
[2022-06-13T02:37:23.468+0000][1][safepoint    ] Application time: 1.0001682 seconds
[2022-06-13T02:37:23.468+0000][1][safepoint    ] Entering safepoint region: Cleanup
[2022-06-13T02:37:23.469+0000][1][safepoint    ] Leaving safepoint region
[2022-06-13T02:37:23.469+0000][1][safepoint    ] Total time for which application threads were stopped: 0.0006337 seconds, Stopping threads took: 0.0003049 seconds
[2022-06-13T02:37:24.469+0000][1][safepoint    ] Application time: 1.0002273 seconds
[2022-06-13T02:37:24.470+0000][1][safepoint    ] Entering safepoint region: Cleanup
[2022-06-13T02:37:24.470+0000][1][safepoint    ] Leaving safepoint region
[2022-06-13T02:37:24.471+0000][1][safepoint    ] Total time for which application threads were stopped: 0.0009232 seconds, Stopping threads took: 0.0004155 seconds
[2022-06-13T02:37:25.471+0000][1][safepoint    ] Application time: 1.0002005 seconds
[2022-06-13T02:37:25.472+0000][1][safepoint    ] Entering safepoint region: Cleanup
[2022-06-13T02:37:25.473+0000][1][safepoint    ] Leaving safepoint region
[2022-06-13T02:37:25.473+0000][1][safepoint    ] Total time for which application threads were stopped: 0.0010132 seconds, Stopping threads took: 0.0003848 seconds
[2022-06-13T02:37:26.474+0000][1][safepoint    ] Application time: 1.0002489 seconds
[2022-06-13T02:37:26.474+0000][1][safepoint    ] Entering safepoint region: Cleanup
[2022-06-13T02:37:26.475+0000][1][safepoint    ] Leaving safepoint region
[2022-06-13T02:37:26.475+0000][1][safepoint    ] Total time for which application threads were stopped: 0.0009319 seconds, Stopping threads took: 0.0004450 seconds
[2022-06-13T02:37:27.476+0000][1][safepoint    ] Application time: 1.0001081 seconds
[2022-06-13T02:37:27.476+0000][1][safepoint    ] Entering safepoint region: Cleanup
[2022-06-13T02:37:27.477+0000][1][safepoint    ] Leaving safepoint region
[2022-06-13T02:37:27.477+0000][1][safepoint    ] Total time for which application threads were stopped: 0.0006744 seconds, Stopping threads took: 0.0002550 seconds
[2022-06-13T02:37:28.477+0000][1][safepoint    ] Application time: 1.0002728 seconds
[2022-06-13T02:37:28.478+0000][1][safepoint    ] Entering safepoint region: Cleanup
[2022-06-13T02:37:28.478+0000][1][safepoint    ] Leaving safepoint region
[2022-06-13T02:37:28.479+0000][1][safepoint    ] Total time for which application threads were stopped: 0.0007220 seconds, Stopping threads took: 0.0002807 seconds
[2022-06-13T02:37:29.479+0000][1][safepoint    ] Application time: 1.0002827 seconds
[2022-06-13T02:37:29.479+0000][1][safepoint    ] Entering safepoint region: Cleanup
[2022-06-13T02:37:29.480+0000][1][safepoint    ] Leaving safepoint region
[2022-06-13T02:37:29.480+0000][1][safepoint    ] Total time for which application threads were stopped: 0.0006191 seconds, Stopping threads took: 0.0002468 seconds
[2022-06-13T02:37:30.480+0000][1][safepoint    ] Application time: 1.0001978 seconds
[2022-06-13T02:37:30.481+0000][1][safepoint    ] Entering safepoint region: Cleanup
[2022-06-13T02:37:30.482+0000][1][safepoint    ] Leaving safepoint region
[2022-06-13T02:37:30.482+0000][1][safepoint    ] Total time for which application threads were stopped: 0.0010480 seconds, Stopping threads took: 0.0004539 seconds
[2022-06-13T02:37:31.483+0000][1][safepoint    ] Application time: 1.0001679 seconds
[2022-06-13T02:37:31.483+0000][1][safepoint    ] Entering safepoint region: Cleanup
[2022-06-13T02:37:31.484+0000][1][safepoint    ] Leaving safepoint region
[2022-06-13T02:37:31.484+0000][1][safepoint    ] Total time for which application threads were stopped: 0.0003219 seconds, Stopping threads took: 0.0001412 seconds
[2022-06-13T02:37:32.484+0000][1][safepoint    ] Application time: 1.0001541 seconds
[2022-06-13T02:37:32.485+0000][1][safepoint    ] Entering safepoint region: Cleanup
[2022-06-13T02:37:32.485+0000][1][safepoint    ] Leaving safepoint region
[2022-06-13T02:37:32.485+0000][1][safepoint    ] Total time for which application threads were stopped: 0.0008847 seconds, Stopping threads took: 0.0003042 seconds
[2022-06-13T02:37:33.486+0000][1][safepoint    ] Application time: 1.0002503 seconds
[2022-06-13T02:37:33.486+0000][1][safepoint    ] Entering safepoint region: Cleanup
[2022-06-13T02:37:33.487+0000][1][safepoint    ] Leaving safepoint region
[2022-06-13T02:37:33.487+0000][1][safepoint    ] Total time for which application threads were stopped: 0.0008400 seconds, Stopping threads took: 0.0004021 seconds
[2022-06-13T02:37:34.488+0000][1][safepoint    ] Application time: 1.0002215 seconds
[2022-06-13T02:37:34.489+0000][1][safepoint    ] Entering safepoint region: Cleanup
[2022-06-13T02:37:34.489+0000][1][safepoint    ] Leaving safepoint region
[2022-06-13T02:37:34.490+0000][1][safepoint    ] Total time for which application threads were stopped: 0.0013474 seconds, Stopping threads took: 0.0006084 seconds
[2022-06-13T02:37:35.491+0000][1][safepoint    ] Application time: 1.0001628 seconds
[2022-06-13T02:37:35.491+0000][1][safepoint    ] Entering safepoint region: Cleanup
[2022-06-13T02:37:35.492+0000][1][safepoint    ] Leaving safepoint region
[2022-06-13T02:37:35.492+0000][1][safepoint    ] Total time for which application threads were stopped: 0.0008730 seconds, Stopping threads took: 0.0004070 seconds
[2022-06-13T02:37:36.492+0000][1][safepoint    ] Application time: 1.0002040 seconds
[2022-06-13T02:37:36.493+0000][1][safepoint    ] Entering safepoint region: Cleanup
[2022-06-13T02:37:36.494+0000][1][safepoint    ] Leaving safepoint region
[2022-06-13T02:37:36.494+0000][1][safepoint    ] Total time for which application threads were stopped: 0.0008539 seconds, Stopping threads took: 0.0003981 seconds
[2022-06-13T02:37:37.494+0000][1][safepoint    ] Application time: 1.0002253 seconds
[2022-06-13T02:37:37.495+0000][1][safepoint    ] Entering safepoint region: Cleanup
[2022-06-13T02:37:37.496+0000][1][safepoint    ] Leaving safepoint region
[2022-06-13T02:37:37.497+0000][1][safepoint    ] Total time for which application threads were stopped: 0.0013307 seconds, Stopping threads took: 0.0005903 seconds
[2022-06-13T02:37:38.498+0000][1][safepoint    ] Application time: 1.0002263 seconds
[2022-06-13T02:37:38.498+0000][1][safepoint    ] Entering safepoint region: Cleanup
[2022-06-13T02:37:38.498+0000][1][safepoint    ] Leaving safepoint region
[2022-06-13T02:37:38.498+0000][1][safepoint    ] Total time for which application threads were stopped: 0.0004219 seconds, Stopping threads took: 0.0001597 seconds
[2022-06-13T02:37:39.499+0000][1][safepoint    ] Application time: 1.0003598 seconds
[2022-06-13T02:37:39.500+0000][1][safepoint    ] Entering safepoint region: Cleanup
[2022-06-13T02:37:39.500+0000][1][safepoint    ] Leaving safepoint region
[2022-06-13T02:37:39.501+0000][1][safepoint    ] Total time for which application threads were stopped: 0.0014512 seconds, Stopping threads took: 0.0006440 seconds
[2022-06-13T02:37:40.502+0000][1][safepoint    ] Application time: 1.0002472 seconds
[2022-06-13T02:37:40.503+0000][1][safepoint    ] Entering safepoint region: Cleanup
[2022-06-13T02:37:40.504+0000][1][safepoint    ] Leaving safepoint region
[2022-06-13T02:37:40.504+0000][1][safepoint    ] Total time for which application threads were stopped: 0.0017392 seconds, Stopping threads took: 0.0007665 seconds
[2022-06-13T02:37:41.505+0000][1][safepoint    ] Application time: 1.0003688 seconds
[2022-06-13T02:37:41.506+0000][1][safepoint    ] Entering safepoint region: Cleanup
[2022-06-13T02:37:41.507+0000][1][safepoint    ] Leaving safepoint region
[2022-06-13T02:37:41.508+0000][1][safepoint    ] Total time for which application threads were stopped: 0.0014602 seconds, Stopping threads took: 0.0006641 seconds
[2022-06-13T02:37:42.509+0000][1][safepoint    ] Application time: 1.0002149 seconds
[2022-06-13T02:37:42.509+0000][1][safepoint    ] Entering safepoint region: Cleanup
[2022-06-13T02:37:42.509+0000][1][safepoint    ] Leaving safepoint region
[2022-06-13T02:37:42.510+0000][1][safepoint    ] Total time for which application threads were stopped: 0.0008360 seconds, Stopping threads took: 0.0003218 seconds
[2022-06-13T02:37:43.511+0000][1][safepoint    ] Application time: 1.0003235 seconds
[2022-06-13T02:37:43.511+0000][1][safepoint    ] Entering safepoint region: Cleanup
[2022-06-13T02:37:43.512+0000][1][safepoint    ] Leaving safepoint region
[2022-06-13T02:37:43.512+0000][1][safepoint    ] Total time for which application threads were stopped: 0.0008009 seconds, Stopping threads took: 0.0003847 seconds
[2022-06-13T02:37:44.512+0000][1][safepoint    ] Application time: 1.0002694 seconds
[2022-06-13T02:37:44.513+0000][1][safepoint    ] Entering safepoint region: Cleanup
[2022-06-13T02:37:44.514+0000][1][safepoint    ] Leaving safepoint region
[2022-06-13T02:37:44.515+0000][1][safepoint    ] Total time for which application threads were stopped: 0.0016060 seconds, Stopping threads took: 0.0007133 seconds
[2022-06-13T02:37:45.516+0000][1][safepoint    ] Application time: 1.0002323 seconds
[2022-06-13T02:37:45.516+0000][1][safepoint    ] Entering safepoint region: Cleanup
[2022-06-13T02:37:45.516+0000][1][safepoint    ] Leaving safepoint region
[2022-06-13T02:37:45.517+0000][1][safepoint    ] Total time for which application threads were stopped: 0.0007215 seconds, Stopping threads took: 0.0003273 seconds
[2022-06-13T02:37:46.517+0000][1][safepoint    ] Application time: 1.0001857 seconds
[2022-06-13T02:37:46.518+0000][1][safepoint    ] Entering safepoint region: Cleanup
[2022-06-13T02:37:46.518+0000][1][safepoint    ] Leaving safepoint region
[2022-06-13T02:37:46.519+0000][1][safepoint    ] Total time for which application threads were stopped: 0.0011884 seconds, Stopping threads took: 0.0005469 seconds
[2022-06-13T02:37:47.520+0000][1][safepoint    ] Application time: 1.0001401 seconds
[2022-06-13T02:37:47.520+0000][1][safepoint    ] Entering safepoint region: Cleanup
[2022-06-13T02:37:47.521+0000][1][safepoint    ] Leaving safepoint region
[2022-06-13T02:37:47.521+0000][1][safepoint    ] Total time for which application threads were stopped: 0.0009614 seconds, Stopping threads took: 0.0004171 seconds
[2022-06-13T02:37:48.522+0000][1][safepoint    ] Application time: 1.0002896 seconds
[2022-06-13T02:37:48.522+0000][1][safepoint    ] Entering safepoint region: Cleanup
[2022-06-13T02:37:48.523+0000][1][safepoint    ] Leaving safepoint region
[2022-06-13T02:37:48.523+0000][1][safepoint    ] Total time for which application threads were stopped: 0.0010626 seconds, Stopping threads took: 0.0005881 seconds
[2022-06-13T02:37:50.028+0000][1][safepoint    ] Application time: 1.5046088 seconds
[2022-06-13T02:37:50.029+0000][1][safepoint    ] Entering safepoint region: Cleanup
[2022-06-13T02:37:50.030+0000][1][safepoint    ] Leaving safepoint region
[2022-06-13T02:37:50.030+0000][1][safepoint    ] Total time for which application threads were stopped: 0.0010708 seconds, Stopping threads took: 0.0005497 seconds
[2022-06-13T02:37:51.031+0000][1][safepoint    ] Application time: 1.0002668 seconds
[2022-06-13T02:37:51.031+0000][1][safepoint    ] Entering safepoint region: Cleanup
[2022-06-13T02:37:51.032+0000][1][safepoint    ] Leaving safepoint region
[2022-06-13T02:37:51.032+0000][1][safepoint    ] Total time for which application threads were stopped: 0.0008072 seconds, Stopping threads took: 0.0003919 seconds
[2022-06-13T02:37:52.032+0000][1][safepoint    ] Application time: 1.0001762 seconds
[2022-06-13T02:37:52.033+0000][1][safepoint    ] Entering safepoint region: Cleanup
[2022-06-13T02:37:52.033+0000][1][safepoint    ] Leaving safepoint region
[2022-06-13T02:37:52.034+0000][1][safepoint    ] Total time for which application threads were stopped: 0.0010760 seconds, Stopping threads took: 0.0005399 seconds
[2022-06-13T02:37:53.034+0000][1][safepoint    ] Application time: 1.0002014 seconds
[2022-06-13T02:37:53.035+0000][1][safepoint    ] Entering safepoint region: Cleanup
[2022-06-13T02:37:53.035+0000][1][safepoint    ] Leaving safepoint region
[2022-06-13T02:37:53.036+0000][1][safepoint    ] Total time for which application threads were stopped: 0.0007662 seconds, Stopping threads took: 0.0003951 seconds
[2022-06-13T02:37:54.036+0000][1][safepoint    ] Application time: 1.0001604 seconds
[2022-06-13T02:37:54.037+0000][1][safepoint    ] Entering safepoint region: Cleanup
[2022-06-13T02:37:54.037+0000][1][safepoint    ] Leaving safepoint region
[2022-06-13T02:37:54.038+0000][1][safepoint    ] Total time for which application threads were stopped: 0.0009671 seconds, Stopping threads took: 0.0004132 seconds
[2022-06-13T02:37:55.038+0000][1][safepoint    ] Application time: 1.0001756 seconds
[2022-06-13T02:37:55.039+0000][1][safepoint    ] Entering safepoint region: Cleanup
[2022-06-13T02:37:55.039+0000][1][safepoint    ] Leaving safepoint region
[2022-06-13T02:37:55.039+0000][1][safepoint    ] Total time for which application threads were stopped: 0.0004817 seconds, Stopping threads took: 0.0002437 seconds
[2022-06-13T02:37:56.040+0000][1][safepoint    ] Application time: 1.0001343 seconds
[2022-06-13T02:37:56.040+0000][1][safepoint    ] Entering safepoint region: Cleanup
[2022-06-13T02:37:56.041+0000][1][safepoint    ] Leaving safepoint region
[2022-06-13T02:37:56.041+0000][1][safepoint    ] Total time for which application threads were stopped: 0.0011034 seconds, Stopping threads took: 0.0004960 seconds
[2022-06-13T02:37:57.042+0000][1][safepoint    ] Application time: 1.0002049 seconds
[2022-06-13T02:37:57.042+0000][1][safepoint    ] Entering safepoint region: Cleanup
[2022-06-13T02:37:57.043+0000][1][safepoint    ] Leaving safepoint region
[2022-06-13T02:37:57.043+0000][1][safepoint    ] Total time for which application threads were stopped: 0.0007241 seconds, Stopping threads took: 0.0002897 seconds
[2022-06-13T02:37:58.044+0000][1][safepoint    ] Application time: 1.0001879 seconds
[2022-06-13T02:37:58.044+0000][1][safepoint    ] Entering safepoint region: Cleanup
[2022-06-13T02:37:58.045+0000][1][safepoint    ] Leaving safepoint region
[2022-06-13T02:37:58.045+0000][1][safepoint    ] Total time for which application threads were stopped: 0.0012288 seconds, Stopping threads took: 0.0005993 seconds
[2022-06-13T02:37:59.046+0000][1][safepoint    ] Application time: 1.0001798 seconds
[2022-06-13T02:37:59.047+0000][1][safepoint    ] Entering safepoint region: Cleanup
[2022-06-13T02:37:59.047+0000][1][safepoint    ] Leaving safepoint region
[2022-06-13T02:37:59.047+0000][1][safepoint    ] Total time for which application threads were stopped: 0.0006769 seconds, Stopping threads took: 0.0003081 seconds
[2022-06-13T02:38:00.048+0000][1][safepoint    ] Application time: 1.0001773 seconds
[2022-06-13T02:38:00.048+0000][1][safepoint    ] Entering safepoint region: Cleanup
[2022-06-13T02:38:00.049+0000][1][safepoint    ] Leaving safepoint region
[2022-06-13T02:38:00.049+0000][1][safepoint    ] Total time for which application threads were stopped: 0.0008310 seconds, Stopping threads took: 0.0003204 seconds
[2022-06-13T02:38:01.050+0000][1][safepoint    ] Application time: 1.0001130 seconds
[2022-06-13T02:38:01.050+0000][1][safepoint    ] Entering safepoint region: Cleanup
[2022-06-13T02:38:01.051+0000][1][safepoint    ] Leaving safepoint region
[2022-06-13T02:38:01.051+0000][1][safepoint    ] Total time for which application threads were stopped: 0.0007610 seconds, Stopping threads took: 0.0005121 seconds
[2022-06-13T02:38:02.051+0000][1][safepoint    ] Application time: 1.0001673 seconds
[2022-06-13T02:38:02.052+0000][1][safepoint    ] Entering safepoint region: Cleanup
[2022-06-13T02:38:02.052+0000][1][safepoint    ] Leaving safepoint region
[2022-06-13T02:38:02.053+0000][1][safepoint    ] Total time for which application threads were stopped: 0.0011689 seconds, Stopping threads took: 0.0005543 seconds
[2022-06-13T02:38:03.034+0000][1][safepoint    ] Application time: 0.9802608 seconds
[2022-06-13T02:38:03.034+0000][1][safepoint    ] Entering safepoint region: GenCollectForAllocation
[2022-06-13T02:38:03.035+0000][1][gc,start     ] GC(32) Pause Young (Allocation Failure)
[2022-06-13T02:38:03.035+0000][1][gc,task      ] GC(32) Using 5 workers of 13 for evacuation
[2022-06-13T02:38:03.036+0000][1][gc,age       ] GC(32) Desired survivor size 4456448 bytes, new threshold 6 (max threshold 6)
[2022-06-13T02:38:03.037+0000][1][gc,age       ] GC(32) Age table with threshold 6 (max threshold 6)
[2022-06-13T02:38:03.037+0000][1][gc,age       ] GC(32) - age   1:      33656 bytes,      33656 total
[2022-06-13T02:38:03.037+0000][1][gc,age       ] GC(32) - age   2:      14512 bytes,      48168 total
[2022-06-13T02:38:03.038+0000][1][gc,age       ] GC(32) - age   3:      15112 bytes,      63280 total
[2022-06-13T02:38:03.038+0000][1][gc,age       ] GC(32) - age   4:      15216 bytes,      78496 total
[2022-06-13T02:38:03.038+0000][1][gc,age       ] GC(32) - age   5:      14072 bytes,      92568 total
[2022-06-13T02:38:03.039+0000][1][gc,age       ] GC(32) - age   6:      14968 bytes,     107536 total
[2022-06-13T02:38:03.039+0000][1][gc,heap      ] GC(32) ParNew: 70122K->193K(78656K)
[2022-06-13T02:38:03.039+0000][1][gc,heap      ] GC(32) CMS: 69256K->69269K(174784K)
[2022-06-13T02:38:03.040+0000][1][gc,metaspace ] GC(32) Metaspace: 65376K->65376K(1110016K)
[2022-06-13T02:38:03.040+0000][1][gc           ] GC(32) Pause Young (Allocation Failure) 136M->67M(247M) 5.573ms
[2022-06-13T02:38:03.041+0000][1][gc,cpu       ] GC(32) User=0.00s Sys=0.01s Real=0.01s
[2022-06-13T02:38:03.041+0000][1][safepoint    ] Leaving safepoint region
[2022-06-13T02:38:03.041+0000][1][safepoint    ] Total time for which application threads were stopped: 0.0074359 seconds, Stopping threads took: 0.0004363 seconds
[2022-06-13T02:38:04.042+0000][1][safepoint    ] Application time: 1.0002072 seconds
[2022-06-13T02:38:04.042+0000][1][safepoint    ] Entering safepoint region: Cleanup
[2022-06-13T02:38:04.042+0000][1][safepoint    ] Leaving safepoint region
[2022-06-13T02:38:04.043+0000][1][safepoint    ] Total time for which application threads were stopped: 0.0006330 seconds, Stopping threads took: 0.0003213 seconds
[2022-06-13T02:38:05.043+0000][1][safepoint    ] Application time: 1.0003445 seconds
[2022-06-13T02:38:05.044+0000][1][safepoint    ] Entering safepoint region: Cleanup
[2022-06-13T02:38:05.044+0000][1][safepoint    ] Leaving safepoint region
[2022-06-13T02:38:05.045+0000][1][safepoint    ] Total time for which application threads were stopped: 0.0009557 seconds, Stopping threads took: 0.0005985 seconds
[2022-06-13T02:38:06.045+0000][1][safepoint    ] Application time: 1.0002276 seconds
[2022-06-13T02:38:06.046+0000][1][safepoint    ] Entering safepoint region: Cleanup
[2022-06-13T02:38:06.046+0000][1][safepoint    ] Leaving safepoint region
[2022-06-13T02:38:06.046+0000][1][safepoint    ] Total time for which application threads were stopped: 0.0005283 seconds, Stopping threads took: 0.0002945 seconds
[2022-06-13T02:38:07.046+0000][1][safepoint    ] Application time: 1.0002134 seconds
[2022-06-13T02:38:07.047+0000][1][safepoint    ] Entering safepoint region: Cleanup
[2022-06-13T02:38:07.048+0000][1][safepoint    ] Leaving safepoint region
[2022-06-13T02:38:07.049+0000][1][safepoint    ] Total time for which application threads were stopped: 0.0014988 seconds, Stopping threads took: 0.0004962 seconds
[2022-06-13T02:38:08.049+0000][1][safepoint    ] Application time: 1.0002135 seconds
[2022-06-13T02:38:08.050+0000][1][safepoint    ] Entering safepoint region: Cleanup
[2022-06-13T02:38:08.050+0000][1][safepoint    ] Leaving safepoint region
[2022-06-13T02:38:08.050+0000][1][safepoint    ] Total time for which application threads were stopped: 0.0007606 seconds, Stopping threads took: 0.0003688 seconds
[2022-06-13T02:38:09.051+0000][1][safepoint    ] Application time: 1.0003370 seconds
[2022-06-13T02:38:09.052+0000][1][safepoint    ] Entering safepoint region: Cleanup
[2022-06-13T02:38:09.052+0000][1][safepoint    ] Leaving safepoint region
[2022-06-13T02:38:09.053+0000][1][safepoint    ] Total time for which application threads were stopped: 0.0011586 seconds, Stopping threads took: 0.0004446 seconds
[2022-06-13T02:38:10.054+0000][1][safepoint    ] Application time: 1.0002967 seconds
[2022-06-13T02:38:10.054+0000][1][safepoint    ] Entering safepoint region: Cleanup
[2022-06-13T02:38:10.054+0000][1][safepoint    ] Leaving safepoint region
[2022-06-13T02:38:10.055+0000][1][safepoint    ] Total time for which application threads were stopped: 0.0005629 seconds, Stopping threads took: 0.0003039 seconds
[2022-06-13T02:38:11.055+0000][1][safepoint    ] Application time: 1.0002368 seconds
[2022-06-13T02:38:11.055+0000][1][safepoint    ] Entering safepoint region: Cleanup
[2022-06-13T02:38:11.056+0000][1][safepoint    ] Leaving safepoint region
[2022-06-13T02:38:11.056+0000][1][safepoint    ] Total time for which application threads were stopped: 0.0006096 seconds, Stopping threads took: 0.0002716 seconds
[2022-06-13T02:38:12.056+0000][1][safepoint    ] Application time: 1.0001546 seconds
[2022-06-13T02:38:12.056+0000][1][safepoint    ] Entering safepoint region: Cleanup
[2022-06-13T02:38:12.057+0000][1][safepoint    ] Leaving safepoint region
[2022-06-13T02:38:12.057+0000][1][safepoint    ] Total time for which application threads were stopped: 0.0006718 seconds, Stopping threads took: 0.0004046 seconds
[2022-06-13T02:38:13.058+0000][1][safepoint    ] Application time: 1.0001989 seconds
[2022-06-13T02:38:13.058+0000][1][safepoint    ] Entering safepoint region: Cleanup
[2022-06-13T02:38:13.059+0000][1][safepoint    ] Leaving safepoint region
[2022-06-13T02:38:13.059+0000][1][safepoint    ] Total time for which application threads were stopped: 0.0007453 seconds, Stopping threads took: 0.0003240 seconds
[2022-06-13T02:38:14.060+0000][1][safepoint    ] Application time: 1.0001835 seconds
[2022-06-13T02:38:14.060+0000][1][safepoint    ] Entering safepoint region: Cleanup
[2022-06-13T02:38:14.060+0000][1][safepoint    ] Leaving safepoint region
[2022-06-13T02:38:14.061+0000][1][safepoint    ] Total time for which application threads were stopped: 0.0007062 seconds, Stopping threads took: 0.0004509 seconds
[2022-06-13T02:38:15.061+0000][1][safepoint    ] Application time: 1.0001670 seconds
[2022-06-13T02:38:15.062+0000][1][safepoint    ] Entering safepoint region: Cleanup
[2022-06-13T02:38:15.062+0000][1][safepoint    ] Leaving safepoint region
[2022-06-13T02:38:15.062+0000][1][safepoint    ] Total time for which application threads were stopped: 0.0008471 seconds, Stopping threads took: 0.0004548 seconds
[2022-06-13T02:38:16.063+0000][1][safepoint    ] Application time: 1.0002858 seconds
[2022-06-13T02:38:16.063+0000][1][safepoint    ] Entering safepoint region: Cleanup
[2022-06-13T02:38:16.063+0000][1][safepoint    ] Leaving safepoint region
[2022-06-13T02:38:16.063+0000][1][safepoint    ] Total time for which application threads were stopped: 0.0003613 seconds, Stopping threads took: 0.0001424 seconds
[2022-06-13T02:38:17.064+0000][1][safepoint    ] Application time: 1.0002454 seconds
[2022-06-13T02:38:17.064+0000][1][safepoint    ] Entering safepoint region: Cleanup
[2022-06-13T02:38:17.065+0000][1][safepoint    ] Leaving safepoint region
[2022-06-13T02:38:17.065+0000][1][safepoint    ] Total time for which application threads were stopped: 0.0007530 seconds, Stopping threads took: 0.0004075 seconds
[2022-06-13T02:38:18.065+0000][1][safepoint    ] Application time: 1.0001806 seconds
[2022-06-13T02:38:18.066+0000][1][safepoint    ] Entering safepoint region: Cleanup
[2022-06-13T02:38:18.067+0000][1][safepoint    ] Leaving safepoint region
[2022-06-13T02:38:18.067+0000][1][safepoint    ] Total time for which application threads were stopped: 0.0012751 seconds, Stopping threads took: 0.0005587 seconds
[2022-06-13T02:38:19.068+0000][1][safepoint    ] Application time: 1.0003044 seconds
[2022-06-13T02:38:19.068+0000][1][safepoint    ] Entering safepoint region: Cleanup
[2022-06-13T02:38:19.069+0000][1][safepoint    ] Leaving safepoint region
[2022-06-13T02:38:19.069+0000][1][safepoint    ] Total time for which application threads were stopped: 0.0006348 seconds, Stopping threads took: 0.0002867 seconds
[2022-06-13T02:38:20.070+0000][1][safepoint    ] Application time: 1.0001560 seconds
[2022-06-13T02:38:20.070+0000][1][safepoint    ] Entering safepoint region: Cleanup
[2022-06-13T02:38:20.070+0000][1][safepoint    ] Leaving safepoint region
[2022-06-13T02:38:20.071+0000][1][safepoint    ] Total time for which application threads were stopped: 0.0008651 seconds, Stopping threads took: 0.0003679 seconds
[2022-06-13T02:38:21.071+0000][1][safepoint    ] Application time: 1.0001548 seconds
[2022-06-13T02:38:21.072+0000][1][safepoint    ] Entering safepoint region: Cleanup
[2022-06-13T02:38:21.072+0000][1][safepoint    ] Leaving safepoint region
[2022-06-13T02:38:21.073+0000][1][safepoint    ] Total time for which application threads were stopped: 0.0009096 seconds, Stopping threads took: 0.0003390 seconds
[2022-06-13T02:38:22.073+0000][1][safepoint    ] Application time: 1.0002349 seconds
[2022-06-13T02:38:22.074+0000][1][safepoint    ] Entering safepoint region: Cleanup
[2022-06-13T02:38:22.074+0000][1][safepoint    ] Leaving safepoint region
[2022-06-13T02:38:22.075+0000][1][safepoint    ] Total time for which application threads were stopped: 0.0007296 seconds, Stopping threads took: 0.0002927 seconds
[2022-06-13T02:38:23.075+0000][1][safepoint    ] Application time: 1.0003125 seconds
[2022-06-13T02:38:23.075+0000][1][safepoint    ] Entering safepoint region: Cleanup
[2022-06-13T02:38:23.076+0000][1][safepoint    ] Leaving safepoint region
[2022-06-13T02:38:23.076+0000][1][safepoint    ] Total time for which application threads were stopped: 0.0006367 seconds, Stopping threads took: 0.0002098 seconds
[2022-06-13T02:38:24.077+0000][1][safepoint    ] Application time: 1.0003885 seconds
[2022-06-13T02:38:24.077+0000][1][safepoint    ] Entering safepoint region: Cleanup
[2022-06-13T02:38:24.077+0000][1][safepoint    ] Leaving safepoint region
[2022-06-13T02:38:24.078+0000][1][safepoint    ] Total time for which application threads were stopped: 0.0007995 seconds, Stopping threads took: 0.0003407 seconds
[2022-06-13T02:38:25.078+0000][1][safepoint    ] Application time: 1.0001069 seconds
[2022-06-13T02:38:25.079+0000][1][safepoint    ] Entering safepoint region: Cleanup
[2022-06-13T02:38:25.079+0000][1][safepoint    ] Leaving safepoint region
[2022-06-13T02:38:25.079+0000][1][safepoint    ] Total time for which application threads were stopped: 0.0006544 seconds, Stopping threads took: 0.0002638 seconds
[2022-06-13T02:38:26.080+0000][1][safepoint    ] Application time: 1.0001942 seconds
[2022-06-13T02:38:26.080+0000][1][safepoint    ] Entering safepoint region: Cleanup
[2022-06-13T02:38:26.081+0000][1][safepoint    ] Leaving safepoint region
[2022-06-13T02:38:26.081+0000][1][safepoint    ] Total time for which application threads were stopped: 0.0012381 seconds, Stopping threads took: 0.0005525 seconds
[2022-06-13T02:38:27.082+0000][1][safepoint    ] Application time: 1.0001109 seconds
[2022-06-13T02:38:27.083+0000][1][safepoint    ] Entering safepoint region: Cleanup
[2022-06-13T02:38:27.083+0000][1][safepoint    ] Leaving safepoint region
[2022-06-13T02:38:27.084+0000][1][safepoint    ] Total time for which application threads were stopped: 0.0009398 seconds, Stopping threads took: 0.0003618 seconds
[2022-06-13T02:38:28.084+0000][1][safepoint    ] Application time: 1.0002470 seconds
[2022-06-13T02:38:28.085+0000][1][safepoint    ] Entering safepoint region: Cleanup
[2022-06-13T02:38:28.085+0000][1][safepoint    ] Leaving safepoint region
[2022-06-13T02:38:28.085+0000][1][safepoint    ] Total time for which application threads were stopped: 0.0009912 seconds, Stopping threads took: 0.0004399 seconds
[2022-06-13T02:38:29.086+0000][1][safepoint    ] Application time: 1.0002113 seconds
[2022-06-13T02:38:29.086+0000][1][safepoint    ] Entering safepoint region: Cleanup
[2022-06-13T02:38:29.087+0000][1][safepoint    ] Leaving safepoint region
[2022-06-13T02:38:29.087+0000][1][safepoint    ] Total time for which application threads were stopped: 0.0008032 seconds, Stopping threads took: 0.0003883 seconds
[2022-06-13T02:38:30.088+0000][1][safepoint    ] Application time: 1.0002301 seconds
[2022-06-13T02:38:30.088+0000][1][safepoint    ] Entering safepoint region: Cleanup
[2022-06-13T02:38:30.089+0000][1][safepoint    ] Leaving safepoint region
[2022-06-13T02:38:30.089+0000][1][safepoint    ] Total time for which application threads were stopped: 0.0008238 seconds, Stopping threads took: 0.0004438 seconds
[2022-06-13T02:38:31.090+0000][1][safepoint    ] Application time: 1.0003156 seconds
[2022-06-13T02:38:31.091+0000][1][safepoint    ] Entering safepoint region: Cleanup
[2022-06-13T02:38:31.091+0000][1][safepoint    ] Leaving safepoint region
[2022-06-13T02:38:31.092+0000][1][safepoint    ] Total time for which application threads were stopped: 0.0011503 seconds, Stopping threads took: 0.0005513 seconds
[2022-06-13T02:38:32.093+0000][1][safepoint    ] Application time: 1.0002114 seconds
[2022-06-13T02:38:32.093+0000][1][safepoint    ] Entering safepoint region: Cleanup
[2022-06-13T02:38:32.094+0000][1][safepoint    ] Leaving safepoint region
[2022-06-13T02:38:32.094+0000][1][safepoint    ] Total time for which application threads were stopped: 0.0006631 seconds, Stopping threads took: 0.0002909 seconds
[2022-06-13T02:38:33.094+0000][1][safepoint    ] Application time: 1.0002020 seconds
[2022-06-13T02:38:33.095+0000][1][safepoint    ] Entering safepoint region: Cleanup
[2022-06-13T02:38:33.095+0000][1][safepoint    ] Leaving safepoint region
[2022-06-13T02:38:33.096+0000][1][safepoint    ] Total time for which application threads were stopped: 0.0008157 seconds, Stopping threads took: 0.0003895 seconds
[2022-06-13T02:38:34.096+0000][1][safepoint    ] Application time: 1.0001806 seconds
[2022-06-13T02:38:34.097+0000][1][safepoint    ] Entering safepoint region: Cleanup
[2022-06-13T02:38:34.097+0000][1][safepoint    ] Leaving safepoint region
[2022-06-13T02:38:34.097+0000][1][safepoint    ] Total time for which application threads were stopped: 0.0006124 seconds, Stopping threads took: 0.0002710 seconds
[2022-06-13T02:38:35.098+0000][1][safepoint    ] Application time: 1.0001918 seconds
[2022-06-13T02:38:35.098+0000][1][safepoint    ] Entering safepoint region: Cleanup
[2022-06-13T02:38:35.098+0000][1][safepoint    ] Leaving safepoint region
[2022-06-13T02:38:35.098+0000][1][safepoint    ] Total time for which application threads were stopped: 0.0005203 seconds, Stopping threads took: 0.0002767 seconds
[2022-06-13T02:38:36.099+0000][1][safepoint    ] Application time: 1.0002516 seconds
[2022-06-13T02:38:36.099+0000][1][safepoint    ] Entering safepoint region: Cleanup
[2022-06-13T02:38:36.099+0000][1][safepoint    ] Leaving safepoint region
[2022-06-13T02:38:36.100+0000][1][safepoint    ] Total time for which application threads were stopped: 0.0005431 seconds, Stopping threads took: 0.0002951 seconds
[2022-06-13T02:38:37.100+0000][1][safepoint    ] Application time: 1.0001771 seconds
[2022-06-13T02:38:37.101+0000][1][safepoint    ] Entering safepoint region: Cleanup
[2022-06-13T02:38:37.101+0000][1][safepoint    ] Leaving safepoint region
[2022-06-13T02:38:37.102+0000][1][safepoint    ] Total time for which application threads were stopped: 0.0011914 seconds, Stopping threads took: 0.0005545 seconds
[2022-06-13T02:38:38.103+0000][1][safepoint    ] Application time: 1.0001495 seconds
[2022-06-13T02:38:38.103+0000][1][safepoint    ] Entering safepoint region: Cleanup
[2022-06-13T02:38:38.103+0000][1][safepoint    ] Leaving safepoint region
[2022-06-13T02:38:38.104+0000][1][safepoint    ] Total time for which application threads were stopped: 0.0006210 seconds, Stopping threads took: 0.0003109 seconds
[2022-06-13T02:38:39.104+0000][1][safepoint    ] Application time: 1.0002164 seconds
[2022-06-13T02:38:39.104+0000][1][safepoint    ] Entering safepoint region: Cleanup
[2022-06-13T02:38:39.105+0000][1][safepoint    ] Leaving safepoint region
[2022-06-13T02:38:39.105+0000][1][safepoint    ] Total time for which application threads were stopped: 0.0006430 seconds, Stopping threads took: 0.0003134 seconds
[2022-06-13T02:38:40.106+0000][1][safepoint    ] Application time: 1.0001848 seconds
[2022-06-13T02:38:40.106+0000][1][safepoint    ] Entering safepoint region: Cleanup
[2022-06-13T02:38:40.106+0000][1][safepoint    ] Leaving safepoint region
[2022-06-13T02:38:40.107+0000][1][safepoint    ] Total time for which application threads were stopped: 0.0007026 seconds, Stopping threads took: 0.0003308 seconds
[2022-06-13T02:38:41.107+0000][1][safepoint    ] Application time: 1.0002453 seconds
[2022-06-13T02:38:41.108+0000][1][safepoint    ] Entering safepoint region: Cleanup
[2022-06-13T02:38:41.108+0000][1][safepoint    ] Leaving safepoint region
[2022-06-13T02:38:41.108+0000][1][safepoint    ] Total time for which application threads were stopped: 0.0005434 seconds, Stopping threads took: 0.0002420 seconds
[2022-06-13T02:38:42.109+0000][1][safepoint    ] Application time: 1.0001590 seconds
[2022-06-13T02:38:42.109+0000][1][safepoint    ] Entering safepoint region: Cleanup
[2022-06-13T02:38:42.109+0000][1][safepoint    ] Leaving safepoint region
[2022-06-13T02:38:42.109+0000][1][safepoint    ] Total time for which application threads were stopped: 0.0005738 seconds, Stopping threads took: 0.0002070 seconds
[2022-06-13T02:38:43.110+0000][1][safepoint    ] Application time: 1.0001092 seconds
[2022-06-13T02:38:43.110+0000][1][safepoint    ] Entering safepoint region: Cleanup
[2022-06-13T02:38:43.111+0000][1][safepoint    ] Leaving safepoint region
[2022-06-13T02:38:43.111+0000][1][safepoint    ] Total time for which application threads were stopped: 0.0008056 seconds, Stopping threads took: 0.0003170 seconds
[2022-06-13T02:38:44.111+0000][1][safepoint    ] Application time: 1.0001894 seconds
[2022-06-13T02:38:44.112+0000][1][safepoint    ] Entering safepoint region: Cleanup
[2022-06-13T02:38:44.112+0000][1][safepoint    ] Leaving safepoint region
[2022-06-13T02:38:44.112+0000][1][safepoint    ] Total time for which application threads were stopped: 0.0005920 seconds, Stopping threads took: 0.0002565 seconds
[2022-06-13T02:38:45.113+0000][1][safepoint    ] Application time: 1.0001831 seconds
[2022-06-13T02:38:45.114+0000][1][safepoint    ] Entering safepoint region: Cleanup
[2022-06-13T02:38:45.114+0000][1][safepoint    ] Leaving safepoint region
[2022-06-13T02:38:45.115+0000][1][safepoint    ] Total time for which application threads were stopped: 0.0012669 seconds, Stopping threads took: 0.0005831 seconds
[2022-06-13T02:38:46.116+0000][1][safepoint    ] Application time: 1.0002519 seconds
[2022-06-13T02:38:46.116+0000][1][safepoint    ] Entering safepoint region: Cleanup
[2022-06-13T02:38:46.117+0000][1][safepoint    ] Leaving safepoint region
[2022-06-13T02:38:46.117+0000][1][safepoint    ] Total time for which application threads were stopped: 0.0008647 seconds, Stopping threads took: 0.0003635 seconds
[2022-06-13T02:38:47.118+0000][1][safepoint    ] Application time: 1.0001847 seconds
[2022-06-13T02:38:47.118+0000][1][safepoint    ] Entering safepoint region: Cleanup
[2022-06-13T02:38:47.119+0000][1][safepoint    ] Leaving safepoint region
[2022-06-13T02:38:47.119+0000][1][safepoint    ] Total time for which application threads were stopped: 0.0007745 seconds, Stopping threads took: 0.0003969 seconds
[2022-06-13T02:38:48.120+0000][1][safepoint    ] Application time: 1.0003952 seconds
[2022-06-13T02:38:48.120+0000][1][safepoint    ] Entering safepoint region: Cleanup
[2022-06-13T02:38:48.121+0000][1][safepoint    ] Leaving safepoint region
[2022-06-13T02:38:48.121+0000][1][safepoint    ] Total time for which application threads were stopped: 0.0006773 seconds, Stopping threads took: 0.0003139 seconds
[2022-06-13T02:38:49.121+0000][1][safepoint    ] Application time: 1.0001773 seconds
[2022-06-13T02:38:49.122+0000][1][safepoint    ] Entering safepoint region: Cleanup
[2022-06-13T02:38:49.122+0000][1][safepoint    ] Leaving safepoint region
[2022-06-13T02:38:49.123+0000][1][safepoint    ] Total time for which application threads were stopped: 0.0007644 seconds, Stopping threads took: 0.0003013 seconds
[2022-06-13T02:38:50.123+0000][1][safepoint    ] Application time: 1.0001795 seconds
[2022-06-13T02:38:50.123+0000][1][safepoint    ] Entering safepoint region: Cleanup
[2022-06-13T02:38:50.124+0000][1][safepoint    ] Leaving safepoint region
[2022-06-13T02:38:50.124+0000][1][safepoint    ] Total time for which application threads were stopped: 0.0008237 seconds, Stopping threads took: 0.0003630 seconds
[2022-06-13T02:38:51.125+0000][1][safepoint    ] Application time: 1.0001102 seconds
[2022-06-13T02:38:51.125+0000][1][safepoint    ] Entering safepoint region: Cleanup
[2022-06-13T02:38:51.125+0000][1][safepoint    ] Leaving safepoint region
[2022-06-13T02:38:51.126+0000][1][safepoint    ] Total time for which application threads were stopped: 0.0005787 seconds, Stopping threads took: 0.0002358 seconds
[2022-06-13T02:38:52.126+0000][1][safepoint    ] Application time: 1.0001427 seconds
[2022-06-13T02:38:52.127+0000][1][safepoint    ] Entering safepoint region: Cleanup
[2022-06-13T02:38:52.128+0000][1][safepoint    ] Leaving safepoint region
[2022-06-13T02:38:52.128+0000][1][safepoint    ] Total time for which application threads were stopped: 0.0014549 seconds, Stopping threads took: 0.0007634 seconds
[2022-06-13T02:38:53.129+0000][1][safepoint    ] Application time: 1.0001491 seconds
[2022-06-13T02:38:53.129+0000][1][safepoint    ] Entering safepoint region: Cleanup
[2022-06-13T02:38:53.130+0000][1][safepoint    ] Leaving safepoint region
[2022-06-13T02:38:53.130+0000][1][safepoint    ] Total time for which application threads were stopped: 0.0008654 seconds, Stopping threads took: 0.0003433 seconds
[2022-06-13T02:38:54.131+0000][1][safepoint    ] Application time: 1.0001488 seconds
[2022-06-13T02:38:54.132+0000][1][safepoint    ] Entering safepoint region: Cleanup
[2022-06-13T02:38:54.132+0000][1][safepoint    ] Leaving safepoint region
[2022-06-13T02:38:54.132+0000][1][safepoint    ] Total time for which application threads were stopped: 0.0008380 seconds, Stopping threads took: 0.0003724 seconds
[2022-06-13T02:38:55.133+0000][1][safepoint    ] Application time: 1.0001390 seconds
[2022-06-13T02:38:55.133+0000][1][safepoint    ] Entering safepoint region: Cleanup
[2022-06-13T02:38:55.134+0000][1][safepoint    ] Leaving safepoint region
[2022-06-13T02:38:55.134+0000][1][safepoint    ] Total time for which application threads were stopped: 0.0008914 seconds, Stopping threads took: 0.0004343 seconds
[2022-06-13T02:38:56.135+0000][1][safepoint    ] Application time: 1.0002152 seconds
[2022-06-13T02:38:56.136+0000][1][safepoint    ] Entering safepoint region: Cleanup
[2022-06-13T02:38:56.136+0000][1][safepoint    ] Leaving safepoint region
[2022-06-13T02:38:56.137+0000][1][safepoint    ] Total time for which application threads were stopped: 0.0014635 seconds, Stopping threads took: 0.0006704 seconds
[2022-06-13T02:38:57.138+0000][1][safepoint    ] Application time: 1.0002064 seconds
[2022-06-13T02:38:57.139+0000][1][safepoint    ] Entering safepoint region: Cleanup
[2022-06-13T02:38:57.139+0000][1][safepoint    ] Leaving safepoint region
[2022-06-13T02:38:57.140+0000][1][safepoint    ] Total time for which application threads were stopped: 0.0011102 seconds, Stopping threads took: 0.0005129 seconds
[2022-06-13T02:38:58.140+0000][1][safepoint    ] Application time: 1.0001870 seconds
[2022-06-13T02:38:58.141+0000][1][safepoint    ] Entering safepoint region: Cleanup
[2022-06-13T02:38:58.141+0000][1][safepoint    ] Leaving safepoint region
[2022-06-13T02:38:58.142+0000][1][safepoint    ] Total time for which application threads were stopped: 0.0009374 seconds, Stopping threads took: 0.0003400 seconds
[2022-06-13T02:38:59.142+0000][1][safepoint    ] Application time: 1.0001107 seconds
[2022-06-13T02:38:59.142+0000][1][safepoint    ] Entering safepoint region: Cleanup
[2022-06-13T02:38:59.143+0000][1][safepoint    ] Leaving safepoint region
[2022-06-13T02:38:59.143+0000][1][safepoint    ] Total time for which application threads were stopped: 0.0006760 seconds, Stopping threads took: 0.0003360 seconds
[2022-06-13T02:39:00.143+0000][1][safepoint    ] Application time: 1.0001783 seconds
[2022-06-13T02:39:00.144+0000][1][safepoint    ] Entering safepoint region: Cleanup
[2022-06-13T02:39:00.144+0000][1][safepoint    ] Leaving safepoint region
[2022-06-13T02:39:00.145+0000][1][safepoint    ] Total time for which application threads were stopped: 0.0006940 seconds, Stopping threads took: 0.0002511 seconds
[2022-06-13T02:39:01.145+0000][1][safepoint    ] Application time: 1.0002087 seconds
[2022-06-13T02:39:01.146+0000][1][safepoint    ] Entering safepoint region: Cleanup
[2022-06-13T02:39:01.146+0000][1][safepoint    ] Leaving safepoint region
[2022-06-13T02:39:01.146+0000][1][safepoint    ] Total time for which application threads were stopped: 0.0005977 seconds, Stopping threads took: 0.0002644 seconds
[2022-06-13T02:39:02.147+0000][1][safepoint    ] Application time: 1.0002136 seconds
[2022-06-13T02:39:02.147+0000][1][safepoint    ] Entering safepoint region: Cleanup
[2022-06-13T02:39:02.147+0000][1][safepoint    ] Leaving safepoint region
[2022-06-13T02:39:02.148+0000][1][safepoint    ] Total time for which application threads were stopped: 0.0005337 seconds, Stopping threads took: 0.0002456 seconds
[2022-06-13T02:39:03.148+0000][1][safepoint    ] Application time: 1.0002139 seconds
[2022-06-13T02:39:03.148+0000][1][safepoint    ] Entering safepoint region: Cleanup
[2022-06-13T02:39:03.149+0000][1][safepoint    ] Leaving safepoint region
[2022-06-13T02:39:03.149+0000][1][safepoint    ] Total time for which application threads were stopped: 0.0009071 seconds, Stopping threads took: 0.0003811 seconds
[2022-06-13T02:39:04.150+0000][1][safepoint    ] Application time: 1.0001969 seconds
[2022-06-13T02:39:04.150+0000][1][safepoint    ] Entering safepoint region: Cleanup
[2022-06-13T02:39:04.150+0000][1][safepoint    ] Leaving safepoint region
[2022-06-13T02:39:04.151+0000][1][safepoint    ] Total time for which application threads were stopped: 0.0004779 seconds, Stopping threads took: 0.0002520 seconds
[2022-06-13T02:39:05.151+0000][1][safepoint    ] Application time: 1.0001593 seconds
[2022-06-13T02:39:05.152+0000][1][safepoint    ] Entering safepoint region: Cleanup
[2022-06-13T02:39:05.152+0000][1][safepoint    ] Leaving safepoint region
[2022-06-13T02:39:05.153+0000][1][safepoint    ] Total time for which application threads were stopped: 0.0008797 seconds, Stopping threads took: 0.0004120 seconds
[2022-06-13T02:39:06.153+0000][1][safepoint    ] Application time: 1.0001165 seconds
[2022-06-13T02:39:06.154+0000][1][safepoint    ] Entering safepoint region: Cleanup
[2022-06-13T02:39:06.154+0000][1][safepoint    ] Leaving safepoint region
[2022-06-13T02:39:06.154+0000][1][safepoint    ] Total time for which application threads were stopped: 0.0005259 seconds, Stopping threads took: 0.0002427 seconds
[2022-06-13T02:39:07.155+0000][1][safepoint    ] Application time: 1.0002256 seconds
[2022-06-13T02:39:07.155+0000][1][safepoint    ] Entering safepoint region: Cleanup
[2022-06-13T02:39:07.156+0000][1][safepoint    ] Leaving safepoint region
[2022-06-13T02:39:07.157+0000][1][safepoint    ] Total time for which application threads were stopped: 0.0013261 seconds, Stopping threads took: 0.0005845 seconds
[2022-06-13T02:39:08.157+0000][1][safepoint    ] Application time: 1.0002907 seconds
[2022-06-13T02:39:08.158+0000][1][safepoint    ] Entering safepoint region: Cleanup
[2022-06-13T02:39:08.158+0000][1][safepoint    ] Leaving safepoint region
[2022-06-13T02:39:08.159+0000][1][safepoint    ] Total time for which application threads were stopped: 0.0007367 seconds, Stopping threads took: 0.0003180 seconds
[2022-06-13T02:39:09.159+0000][1][safepoint    ] Application time: 1.0001604 seconds
[2022-06-13T02:39:09.160+0000][1][safepoint    ] Entering safepoint region: Cleanup
[2022-06-13T02:39:09.160+0000][1][safepoint    ] Leaving safepoint region
[2022-06-13T02:39:09.160+0000][1][safepoint    ] Total time for which application threads were stopped: 0.0007252 seconds, Stopping threads took: 0.0003147 seconds
[2022-06-13T02:39:10.161+0000][1][safepoint    ] Application time: 1.0001095 seconds
[2022-06-13T02:39:10.161+0000][1][safepoint    ] Entering safepoint region: Cleanup
[2022-06-13T02:39:10.161+0000][1][safepoint    ] Leaving safepoint region
[2022-06-13T02:39:10.161+0000][1][safepoint    ] Total time for which application threads were stopped: 0.0003405 seconds, Stopping threads took: 0.0001300 seconds
[2022-06-13T02:39:11.162+0000][1][safepoint    ] Application time: 1.0001436 seconds
[2022-06-13T02:39:11.162+0000][1][safepoint    ] Entering safepoint region: Cleanup
[2022-06-13T02:39:11.162+0000][1][safepoint    ] Leaving safepoint region
[2022-06-13T02:39:11.162+0000][1][safepoint    ] Total time for which application threads were stopped: 0.0003119 seconds, Stopping threads took: 0.0001411 seconds
[2022-06-13T02:39:12.163+0000][1][safepoint    ] Application time: 1.0002275 seconds
[2022-06-13T02:39:12.163+0000][1][safepoint    ] Entering safepoint region: Cleanup
[2022-06-13T02:39:12.164+0000][1][safepoint    ] Leaving safepoint region
[2022-06-13T02:39:12.164+0000][1][safepoint    ] Total time for which application threads were stopped: 0.0009242 seconds, Stopping threads took: 0.0004242 seconds
[2022-06-13T02:39:13.358+0000][1][safepoint    ] Application time: 1.1938165 seconds
[2022-06-13T02:39:13.359+0000][1][safepoint    ] Entering safepoint region: Cleanup
[2022-06-13T02:39:13.359+0000][1][safepoint    ] Leaving safepoint region
[2022-06-13T02:39:13.360+0000][1][safepoint    ] Total time for which application threads were stopped: 0.0009124 seconds, Stopping threads took: 0.0004008 seconds
[2022-06-13T02:39:14.361+0000][1][safepoint    ] Application time: 1.0002825 seconds
[2022-06-13T02:39:14.361+0000][1][safepoint    ] Entering safepoint region: Cleanup
[2022-06-13T02:39:14.362+0000][1][safepoint    ] Leaving safepoint region
[2022-06-13T02:39:14.363+0000][1][safepoint    ] Total time for which application threads were stopped: 0.0015764 seconds, Stopping threads took: 0.0007191 seconds
[2022-06-13T02:39:15.364+0000][1][safepoint    ] Application time: 1.0003529 seconds
[2022-06-13T02:39:15.365+0000][1][safepoint    ] Entering safepoint region: Cleanup
[2022-06-13T02:39:15.365+0000][1][safepoint    ] Leaving safepoint region
[2022-06-13T02:39:15.365+0000][1][safepoint    ] Total time for which application threads were stopped: 0.0008237 seconds, Stopping threads took: 0.0003464 seconds
[2022-06-13T02:39:16.366+0000][1][safepoint    ] Application time: 1.0002117 seconds
[2022-06-13T02:39:16.367+0000][1][safepoint    ] Entering safepoint region: Cleanup
[2022-06-13T02:39:16.367+0000][1][safepoint    ] Leaving safepoint region
[2022-06-13T02:39:16.367+0000][1][safepoint    ] Total time for which application threads were stopped: 0.0009998 seconds, Stopping threads took: 0.0004499 seconds
[2022-06-13T02:39:17.368+0000][1][safepoint    ] Application time: 1.0002737 seconds
[2022-06-13T02:39:17.369+0000][1][safepoint    ] Entering safepoint region: Cleanup
[2022-06-13T02:39:17.370+0000][1][safepoint    ] Leaving safepoint region
[2022-06-13T02:39:17.370+0000][1][safepoint    ] Total time for which application threads were stopped: 0.0013999 seconds, Stopping threads took: 0.0005810 seconds
[2022-06-13T02:39:18.371+0000][1][safepoint    ] Application time: 1.0003570 seconds
[2022-06-13T02:39:18.372+0000][1][safepoint    ] Entering safepoint region: Cleanup
[2022-06-13T02:39:18.372+0000][1][safepoint    ] Leaving safepoint region
[2022-06-13T02:39:18.373+0000][1][safepoint    ] Total time for which application threads were stopped: 0.0008526 seconds, Stopping threads took: 0.0003688 seconds
[2022-06-13T02:39:19.373+0000][1][safepoint    ] Application time: 1.0002012 seconds
[2022-06-13T02:39:19.374+0000][1][safepoint    ] Entering safepoint region: Cleanup
[2022-06-13T02:39:19.375+0000][1][safepoint    ] Leaving safepoint region
[2022-06-13T02:39:19.375+0000][1][safepoint    ] Total time for which application threads were stopped: 0.0010323 seconds, Stopping threads took: 0.0004915 seconds
[2022-06-13T02:39:20.376+0000][1][safepoint    ] Application time: 1.0001470 seconds
[2022-06-13T02:39:20.376+0000][1][safepoint    ] Entering safepoint region: Cleanup
[2022-06-13T02:39:20.376+0000][1][safepoint    ] Leaving safepoint region
[2022-06-13T02:39:20.376+0000][1][safepoint    ] Total time for which application threads were stopped: 0.0006240 seconds, Stopping threads took: 0.0002833 seconds
[2022-06-13T02:39:21.377+0000][1][safepoint    ] Application time: 1.0001945 seconds
[2022-06-13T02:39:21.378+0000][1][safepoint    ] Entering safepoint region: Cleanup
[2022-06-13T02:39:21.378+0000][1][safepoint    ] Leaving safepoint region
[2022-06-13T02:39:21.379+0000][1][safepoint    ] Total time for which application threads were stopped: 0.0013041 seconds, Stopping threads took: 0.0005995 seconds
[2022-06-13T02:39:22.380+0000][1][safepoint    ] Application time: 1.0003367 seconds
[2022-06-13T02:39:22.381+0000][1][safepoint    ] Entering safepoint region: Cleanup
[2022-06-13T02:39:22.381+0000][1][safepoint    ] Leaving safepoint region
[2022-06-13T02:39:22.382+0000][1][safepoint    ] Total time for which application threads were stopped: 0.0010727 seconds, Stopping threads took: 0.0005002 seconds
[2022-06-13T02:39:23.382+0000][1][safepoint    ] Application time: 1.0002527 seconds
[2022-06-13T02:39:23.383+0000][1][safepoint    ] Entering safepoint region: Cleanup
[2022-06-13T02:39:23.383+0000][1][safepoint    ] Leaving safepoint region
[2022-06-13T02:39:23.384+0000][1][safepoint    ] Total time for which application threads were stopped: 0.0008866 seconds, Stopping threads took: 0.0004178 seconds
[2022-06-13T02:39:24.384+0000][1][safepoint    ] Application time: 1.0002997 seconds
[2022-06-13T02:39:24.385+0000][1][safepoint    ] Entering safepoint region: Cleanup
[2022-06-13T02:39:24.386+0000][1][safepoint    ] Leaving safepoint region
[2022-06-13T02:39:24.386+0000][1][safepoint    ] Total time for which application threads were stopped: 0.0009236 seconds, Stopping threads took: 0.0004345 seconds
[2022-06-13T02:39:25.387+0000][1][safepoint    ] Application time: 1.0002222 seconds
[2022-06-13T02:39:25.387+0000][1][safepoint    ] Entering safepoint region: Cleanup
[2022-06-13T02:39:25.388+0000][1][safepoint    ] Leaving safepoint region
[2022-06-13T02:39:25.388+0000][1][safepoint    ] Total time for which application threads were stopped: 0.0009019 seconds, Stopping threads took: 0.0004214 seconds
[2022-06-13T02:39:26.389+0000][1][safepoint    ] Application time: 1.0001491 seconds
[2022-06-13T02:39:26.389+0000][1][safepoint    ] Entering safepoint region: Cleanup
[2022-06-13T02:39:26.390+0000][1][safepoint    ] Leaving safepoint region
[2022-06-13T02:39:26.390+0000][1][safepoint    ] Total time for which application threads were stopped: 0.0008112 seconds, Stopping threads took: 0.0003804 seconds
[2022-06-13T02:39:27.391+0000][1][safepoint    ] Application time: 1.0001356 seconds
[2022-06-13T02:39:27.391+0000][1][safepoint    ] Entering safepoint region: Cleanup
[2022-06-13T02:39:27.391+0000][1][safepoint    ] Leaving safepoint region
[2022-06-13T02:39:27.392+0000][1][safepoint    ] Total time for which application threads were stopped: 0.0007613 seconds, Stopping threads took: 0.0003450 seconds
[2022-06-13T02:39:28.392+0000][1][safepoint    ] Application time: 1.0002002 seconds
[2022-06-13T02:39:28.393+0000][1][safepoint    ] Entering safepoint region: Cleanup
[2022-06-13T02:39:28.393+0000][1][safepoint    ] Leaving safepoint region
[2022-06-13T02:39:28.393+0000][1][safepoint    ] Total time for which application threads were stopped: 0.0004902 seconds, Stopping threads took: 0.0002341 seconds
[2022-06-13T02:39:29.394+0000][1][safepoint    ] Application time: 1.0002829 seconds
[2022-06-13T02:39:29.394+0000][1][safepoint    ] Entering safepoint region: Cleanup
[2022-06-13T02:39:29.395+0000][1][safepoint    ] Leaving safepoint region
[2022-06-13T02:39:29.395+0000][1][safepoint    ] Total time for which application threads were stopped: 0.0011651 seconds, Stopping threads took: 0.0005087 seconds
[2022-06-13T02:39:30.396+0000][1][safepoint    ] Application time: 1.0001552 seconds
[2022-06-13T02:39:30.397+0000][1][safepoint    ] Entering safepoint region: Cleanup
[2022-06-13T02:39:30.397+0000][1][safepoint    ] Leaving safepoint region
[2022-06-13T02:39:30.397+0000][1][safepoint    ] Total time for which application threads were stopped: 0.0008845 seconds, Stopping threads took: 0.0004367 seconds
[2022-06-13T02:39:31.398+0000][1][safepoint    ] Application time: 1.0001831 seconds
[2022-06-13T02:39:31.399+0000][1][safepoint    ] Entering safepoint region: Cleanup
[2022-06-13T02:39:31.399+0000][1][safepoint    ] Leaving safepoint region
[2022-06-13T02:39:31.400+0000][1][safepoint    ] Total time for which application threads were stopped: 0.0013916 seconds, Stopping threads took: 0.0006655 seconds
[2022-06-13T02:39:32.401+0000][1][safepoint    ] Application time: 1.0002604 seconds
[2022-06-13T02:39:32.401+0000][1][safepoint    ] Entering safepoint region: Cleanup
[2022-06-13T02:39:32.402+0000][1][safepoint    ] Leaving safepoint region
[2022-06-13T02:39:32.402+0000][1][safepoint    ] Total time for which application threads were stopped: 0.0008017 seconds, Stopping threads took: 0.0003958 seconds
[2022-06-13T02:39:33.403+0000][1][safepoint    ] Application time: 1.0002203 seconds
[2022-06-13T02:39:33.403+0000][1][safepoint    ] Entering safepoint region: Cleanup
[2022-06-13T02:39:33.404+0000][1][safepoint    ] Leaving safepoint region
[2022-06-13T02:39:33.404+0000][1][safepoint    ] Total time for which application threads were stopped: 0.0007775 seconds, Stopping threads took: 0.0003747 seconds
[2022-06-13T02:39:34.405+0000][1][safepoint    ] Application time: 1.0001929 seconds
[2022-06-13T02:39:34.405+0000][1][safepoint    ] Entering safepoint region: Cleanup
[2022-06-13T02:39:34.406+0000][1][safepoint    ] Leaving safepoint region
[2022-06-13T02:39:34.406+0000][1][safepoint    ] Total time for which application threads were stopped: 0.0008126 seconds, Stopping threads took: 0.0003824 seconds
[2022-06-13T02:39:35.407+0000][1][safepoint    ] Application time: 1.0002331 seconds
[2022-06-13T02:39:35.407+0000][1][safepoint    ] Entering safepoint region: Cleanup
[2022-06-13T02:39:35.408+0000][1][safepoint    ] Leaving safepoint region
[2022-06-13T02:39:35.409+0000][1][safepoint    ] Total time for which application threads were stopped: 0.0014595 seconds, Stopping threads took: 0.0006652 seconds
[2022-06-13T02:39:36.410+0000][1][safepoint    ] Application time: 1.0004488 seconds
[2022-06-13T02:39:36.410+0000][1][safepoint    ] Entering safepoint region: Cleanup
[2022-06-13T02:39:36.411+0000][1][safepoint    ] Leaving safepoint region
[2022-06-13T02:39:36.411+0000][1][safepoint    ] Total time for which application threads were stopped: 0.0010651 seconds, Stopping threads took: 0.0005950 seconds
[2022-06-13T02:39:37.412+0000][1][safepoint    ] Application time: 1.0002214 seconds
[2022-06-13T02:39:37.413+0000][1][safepoint    ] Entering safepoint region: Cleanup
[2022-06-13T02:39:37.413+0000][1][safepoint    ] Leaving safepoint region
[2022-06-13T02:39:37.414+0000][1][safepoint    ] Total time for which application threads were stopped: 0.0010351 seconds, Stopping threads took: 0.0004330 seconds
[2022-06-13T02:39:38.414+0000][1][safepoint    ] Application time: 1.0002874 seconds
[2022-06-13T02:39:38.415+0000][1][safepoint    ] Entering safepoint region: Cleanup
[2022-06-13T02:39:38.416+0000][1][safepoint    ] Leaving safepoint region
[2022-06-13T02:39:38.417+0000][1][safepoint    ] Total time for which application threads were stopped: 0.0015151 seconds, Stopping threads took: 0.0006831 seconds
[2022-06-13T02:39:39.418+0000][1][safepoint    ] Application time: 1.0002479 seconds
[2022-06-13T02:39:39.418+0000][1][safepoint    ] Entering safepoint region: Cleanup
[2022-06-13T02:39:39.419+0000][1][safepoint    ] Leaving safepoint region
[2022-06-13T02:39:39.419+0000][1][safepoint    ] Total time for which application threads were stopped: 0.0010669 seconds, Stopping threads took: 0.0005471 seconds
[2022-06-13T02:39:40.420+0000][1][safepoint    ] Application time: 1.0001279 seconds
[2022-06-13T02:39:40.421+0000][1][safepoint    ] Entering safepoint region: Cleanup
[2022-06-13T02:39:40.421+0000][1][safepoint    ] Leaving safepoint region
[2022-06-13T02:39:40.422+0000][1][safepoint    ] Total time for which application threads were stopped: 0.0011315 seconds, Stopping threads took: 0.0005188 seconds
[2022-06-13T02:39:41.422+0000][1][safepoint    ] Application time: 1.0002165 seconds
[2022-06-13T02:39:41.423+0000][1][safepoint    ] Entering safepoint region: Cleanup
[2022-06-13T02:39:41.424+0000][1][safepoint    ] Leaving safepoint region
[2022-06-13T02:39:41.424+0000][1][safepoint    ] Total time for which application threads were stopped: 0.0008454 seconds, Stopping threads took: 0.0003981 seconds
[2022-06-13T02:39:42.424+0000][1][safepoint    ] Application time: 1.0001848 seconds
[2022-06-13T02:39:42.426+0000][1][safepoint    ] Entering safepoint region: Cleanup
[2022-06-13T02:39:42.426+0000][1][safepoint    ] Leaving safepoint region
[2022-06-13T02:39:42.427+0000][1][safepoint    ] Total time for which application threads were stopped: 0.0012391 seconds, Stopping threads took: 0.0006150 seconds
[2022-06-13T02:39:43.427+0000][1][safepoint    ] Application time: 1.0002855 seconds
[2022-06-13T02:39:43.428+0000][1][safepoint    ] Entering safepoint region: Cleanup
[2022-06-13T02:39:43.429+0000][1][safepoint    ] Leaving safepoint region
[2022-06-13T02:39:43.429+0000][1][safepoint    ] Total time for which application threads were stopped: 0.0010255 seconds, Stopping threads took: 0.0004216 seconds
[2022-06-13T02:39:44.429+0000][1][safepoint    ] Application time: 1.0001911 seconds
[2022-06-13T02:39:44.430+0000][1][safepoint    ] Entering safepoint region: Cleanup
[2022-06-13T02:39:44.430+0000][1][safepoint    ] Leaving safepoint region
[2022-06-13T02:39:44.430+0000][1][safepoint    ] Total time for which application threads were stopped: 0.0005896 seconds, Stopping threads took: 0.0003092 seconds
[2022-06-13T02:39:45.431+0000][1][safepoint    ] Application time: 1.0001654 seconds
[2022-06-13T02:39:45.432+0000][1][safepoint    ] Entering safepoint region: Cleanup
[2022-06-13T02:39:45.432+0000][1][safepoint    ] Leaving safepoint region
[2022-06-13T02:39:45.432+0000][1][safepoint    ] Total time for which application threads were stopped: 0.0009071 seconds, Stopping threads took: 0.0004287 seconds
[2022-06-13T02:39:46.433+0000][1][safepoint    ] Application time: 1.0001989 seconds
[2022-06-13T02:39:46.434+0000][1][safepoint    ] Entering safepoint region: Cleanup
[2022-06-13T02:39:46.434+0000][1][safepoint    ] Leaving safepoint region
[2022-06-13T02:39:46.434+0000][1][safepoint    ] Total time for which application threads were stopped: 0.0006170 seconds, Stopping threads took: 0.0002694 seconds
[2022-06-13T02:39:48.113+0000][1][safepoint    ] Application time: 1.6786933 seconds
[2022-06-13T02:39:48.114+0000][1][safepoint    ] Entering safepoint region: Cleanup
[2022-06-13T02:39:48.114+0000][1][safepoint    ] Leaving safepoint region
[2022-06-13T02:39:48.115+0000][1][safepoint    ] Total time for which application threads were stopped: 0.0008910 seconds, Stopping threads took: 0.0004643 seconds
[2022-06-13T02:39:49.115+0000][1][safepoint    ] Application time: 1.0001784 seconds
[2022-06-13T02:39:49.116+0000][1][safepoint    ] Entering safepoint region: Cleanup
[2022-06-13T02:39:49.116+0000][1][safepoint    ] Leaving safepoint region
[2022-06-13T02:39:49.117+0000][1][safepoint    ] Total time for which application threads were stopped: 0.0010050 seconds, Stopping threads took: 0.0006241 seconds
[2022-06-13T02:39:50.117+0000][1][safepoint    ] Application time: 1.0001869 seconds
[2022-06-13T02:39:50.118+0000][1][safepoint    ] Entering safepoint region: Cleanup
[2022-06-13T02:39:50.118+0000][1][safepoint    ] Leaving safepoint region
[2022-06-13T02:39:50.119+0000][1][safepoint    ] Total time for which application threads were stopped: 0.0008466 seconds, Stopping threads took: 0.0004813 seconds
[2022-06-13T02:39:51.119+0000][1][safepoint    ] Application time: 1.0001741 seconds
[2022-06-13T02:39:51.119+0000][1][safepoint    ] Entering safepoint region: Cleanup
[2022-06-13T02:39:51.120+0000][1][safepoint    ] Leaving safepoint region
[2022-06-13T02:39:51.121+0000][1][safepoint    ] Total time for which application threads were stopped: 0.0014747 seconds, Stopping threads took: 0.0006664 seconds
[2022-06-13T02:39:52.122+0000][1][safepoint    ] Application time: 1.0002814 seconds
[2022-06-13T02:39:52.122+0000][1][safepoint    ] Entering safepoint region: Cleanup
[2022-06-13T02:39:52.123+0000][1][safepoint    ] Leaving safepoint region
[2022-06-13T02:39:52.123+0000][1][safepoint    ] Total time for which application threads were stopped: 0.0010795 seconds, Stopping threads took: 0.0004377 seconds
[2022-06-13T02:39:53.124+0000][1][safepoint    ] Application time: 1.0002443 seconds
[2022-06-13T02:39:53.125+0000][1][safepoint    ] Entering safepoint region: Cleanup
[2022-06-13T02:39:53.125+0000][1][safepoint    ] Leaving safepoint region
[2022-06-13T02:39:53.126+0000][1][safepoint    ] Total time for which application threads were stopped: 0.0010976 seconds, Stopping threads took: 0.0004734 seconds
[2022-06-13T02:39:54.126+0000][1][safepoint    ] Application time: 1.0001647 seconds
[2022-06-13T02:39:54.127+0000][1][safepoint    ] Entering safepoint region: Cleanup
[2022-06-13T02:39:54.127+0000][1][safepoint    ] Leaving safepoint region
[2022-06-13T02:39:54.128+0000][1][safepoint    ] Total time for which application threads were stopped: 0.0008320 seconds, Stopping threads took: 0.0004473 seconds
[2022-06-13T02:39:55.128+0000][1][safepoint    ] Application time: 1.0000612 seconds
[2022-06-13T02:39:55.128+0000][1][safepoint    ] Entering safepoint region: Cleanup
[2022-06-13T02:39:55.129+0000][1][safepoint    ] Leaving safepoint region
[2022-06-13T02:39:55.129+0000][1][safepoint    ] Total time for which application threads were stopped: 0.0005733 seconds, Stopping threads took: 0.0002683 seconds
[2022-06-13T02:39:56.129+0000][1][safepoint    ] Application time: 1.0001115 seconds
[2022-06-13T02:39:56.130+0000][1][safepoint    ] Entering safepoint region: Cleanup
[2022-06-13T02:39:56.130+0000][1][safepoint    ] Leaving safepoint region
[2022-06-13T02:39:56.131+0000][1][safepoint    ] Total time for which application threads were stopped: 0.0008241 seconds, Stopping threads took: 0.0003668 seconds
[2022-06-13T02:39:57.131+0000][1][safepoint    ] Application time: 1.0002860 seconds
[2022-06-13T02:39:57.132+0000][1][safepoint    ] Entering safepoint region: Cleanup
[2022-06-13T02:39:57.133+0000][1][safepoint    ] Leaving safepoint region
[2022-06-13T02:39:57.133+0000][1][safepoint    ] Total time for which application threads were stopped: 0.0013418 seconds, Stopping threads took: 0.0005837 seconds
[2022-06-13T02:39:58.134+0000][1][safepoint    ] Application time: 1.0001974 seconds
[2022-06-13T02:39:58.134+0000][1][safepoint    ] Entering safepoint region: Cleanup
[2022-06-13T02:39:58.135+0000][1][safepoint    ] Leaving safepoint region
[2022-06-13T02:39:58.135+0000][1][safepoint    ] Total time for which application threads were stopped: 0.0004848 seconds, Stopping threads took: 0.0002208 seconds
[2022-06-13T02:39:59.135+0000][1][safepoint    ] Application time: 1.0001131 seconds
[2022-06-13T02:39:59.136+0000][1][safepoint    ] Entering safepoint region: Cleanup
[2022-06-13T02:39:59.136+0000][1][safepoint    ] Leaving safepoint region
[2022-06-13T02:39:59.136+0000][1][safepoint    ] Total time for which application threads were stopped: 0.0005735 seconds, Stopping threads took: 0.0002391 seconds
[2022-06-13T02:40:00.137+0000][1][safepoint    ] Application time: 1.0002287 seconds
[2022-06-13T02:40:00.137+0000][1][safepoint    ] Entering safepoint region: Cleanup
[2022-06-13T02:40:00.138+0000][1][safepoint    ] Leaving safepoint region
[2022-06-13T02:40:00.138+0000][1][safepoint    ] Total time for which application threads were stopped: 0.0010749 seconds, Stopping threads took: 0.0004849 seconds
[2022-06-13T02:40:01.139+0000][1][safepoint    ] Application time: 1.0001947 seconds
[2022-06-13T02:40:01.140+0000][1][safepoint    ] Entering safepoint region: Cleanup
[2022-06-13T02:40:01.140+0000][1][safepoint    ] Leaving safepoint region
[2022-06-13T02:40:01.140+0000][1][safepoint    ] Total time for which application threads were stopped: 0.0009767 seconds, Stopping threads took: 0.0005429 seconds
[2022-06-13T02:40:02.141+0000][1][safepoint    ] Application time: 1.0002194 seconds
[2022-06-13T02:40:02.141+0000][1][safepoint    ] Entering safepoint region: Cleanup
[2022-06-13T02:40:02.142+0000][1][safepoint    ] Leaving safepoint region
[2022-06-13T02:40:02.142+0000][1][safepoint    ] Total time for which application threads were stopped: 0.0006706 seconds, Stopping threads took: 0.0002945 seconds
[2022-06-13T02:40:03.143+0000][1][safepoint    ] Application time: 1.0001547 seconds
[2022-06-13T02:40:03.143+0000][1][safepoint    ] Entering safepoint region: Cleanup
[2022-06-13T02:40:03.143+0000][1][safepoint    ] Leaving safepoint region
[2022-06-13T02:40:03.144+0000][1][safepoint    ] Total time for which application threads were stopped: 0.0010218 seconds, Stopping threads took: 0.0004156 seconds
[2022-06-13T02:40:04.144+0000][1][safepoint    ] Application time: 1.0002342 seconds
[2022-06-13T02:40:04.145+0000][1][safepoint    ] Entering safepoint region: Cleanup
[2022-06-13T02:40:04.145+0000][1][safepoint    ] Leaving safepoint region
[2022-06-13T02:40:04.145+0000][1][safepoint    ] Total time for which application threads were stopped: 0.0006001 seconds, Stopping threads took: 0.0002649 seconds
[2022-06-13T02:40:05.146+0000][1][safepoint    ] Application time: 1.0002090 seconds
[2022-06-13T02:40:05.146+0000][1][safepoint    ] Entering safepoint region: Cleanup
[2022-06-13T02:40:05.146+0000][1][safepoint    ] Leaving safepoint region
[2022-06-13T02:40:05.147+0000][1][safepoint    ] Total time for which application threads were stopped: 0.0005247 seconds, Stopping threads took: 0.0002049 seconds
[2022-06-13T02:40:06.147+0000][1][safepoint    ] Application time: 1.0001908 seconds
[2022-06-13T02:40:06.147+0000][1][safepoint    ] Entering safepoint region: Cleanup
[2022-06-13T02:40:06.148+0000][1][safepoint    ] Leaving safepoint region
[2022-06-13T02:40:06.148+0000][1][safepoint    ] Total time for which application threads were stopped: 0.0007595 seconds, Stopping threads took: 0.0003285 seconds
[2022-06-13T02:40:07.149+0000][1][safepoint    ] Application time: 1.0001636 seconds
[2022-06-13T02:40:07.149+0000][1][safepoint    ] Entering safepoint region: Cleanup
[2022-06-13T02:40:07.150+0000][1][safepoint    ] Leaving safepoint region
[2022-06-13T02:40:07.150+0000][1][safepoint    ] Total time for which application threads were stopped: 0.0007520 seconds, Stopping threads took: 0.0003452 seconds
[2022-06-13T02:40:08.151+0000][1][safepoint    ] Application time: 1.0001696 seconds
[2022-06-13T02:40:08.151+0000][1][safepoint    ] Entering safepoint region: Cleanup
[2022-06-13T02:40:08.151+0000][1][safepoint    ] Leaving safepoint region
[2022-06-13T02:40:08.151+0000][1][safepoint    ] Total time for which application threads were stopped: 0.0005129 seconds, Stopping threads took: 0.0001852 seconds
[2022-06-13T02:40:09.152+0000][1][safepoint    ] Application time: 1.0001172 seconds
[2022-06-13T02:40:09.152+0000][1][safepoint    ] Entering safepoint region: Cleanup
[2022-06-13T02:40:09.153+0000][1][safepoint    ] Leaving safepoint region
[2022-06-13T02:40:09.153+0000][1][safepoint    ] Total time for which application threads were stopped: 0.0005273 seconds, Stopping threads took: 0.0002836 seconds
[2022-06-13T02:40:10.153+0000][1][safepoint    ] Application time: 1.0003303 seconds
[2022-06-13T02:40:10.154+0000][1][safepoint    ] Entering safepoint region: Cleanup
[2022-06-13T02:40:10.154+0000][1][safepoint    ] Leaving safepoint region
[2022-06-13T02:40:10.155+0000][1][safepoint    ] Total time for which application threads were stopped: 0.0009116 seconds, Stopping threads took: 0.0003210 seconds
[2022-06-13T02:40:11.155+0000][1][safepoint    ] Application time: 1.0001588 seconds
[2022-06-13T02:40:11.156+0000][1][safepoint    ] Entering safepoint region: Cleanup
[2022-06-13T02:40:11.157+0000][1][safepoint    ] Leaving safepoint region
[2022-06-13T02:40:11.157+0000][1][safepoint    ] Total time for which application threads were stopped: 0.0007034 seconds, Stopping threads took: 0.0003778 seconds
[2022-06-13T02:40:12.157+0000][1][safepoint    ] Application time: 1.0001985 seconds
[2022-06-13T02:40:12.158+0000][1][safepoint    ] Entering safepoint region: Cleanup
[2022-06-13T02:40:12.159+0000][1][safepoint    ] Leaving safepoint region
[2022-06-13T02:40:12.159+0000][1][safepoint    ] Total time for which application threads were stopped: 0.0011673 seconds, Stopping threads took: 0.0005480 seconds
[2022-06-13T02:40:13.160+0000][1][safepoint    ] Application time: 1.0002482 seconds
[2022-06-13T02:40:13.160+0000][1][safepoint    ] Entering safepoint region: Cleanup
[2022-06-13T02:40:13.161+0000][1][safepoint    ] Leaving safepoint region
[2022-06-13T02:40:13.162+0000][1][safepoint    ] Total time for which application threads were stopped: 0.0010963 seconds, Stopping threads took: 0.0004749 seconds
[2022-06-13T02:40:14.162+0000][1][safepoint    ] Application time: 1.0002430 seconds
[2022-06-13T02:40:14.163+0000][1][safepoint    ] Entering safepoint region: Cleanup
[2022-06-13T02:40:14.163+0000][1][safepoint    ] Leaving safepoint region
[2022-06-13T02:40:14.164+0000][1][safepoint    ] Total time for which application threads were stopped: 0.0009850 seconds, Stopping threads took: 0.0004537 seconds
[2022-06-13T02:40:15.164+0000][1][safepoint    ] Application time: 1.0001383 seconds
[2022-06-13T02:40:15.165+0000][1][safepoint    ] Entering safepoint region: Cleanup
[2022-06-13T02:40:15.165+0000][1][safepoint    ] Leaving safepoint region
[2022-06-13T02:40:15.165+0000][1][safepoint    ] Total time for which application threads were stopped: 0.0004128 seconds, Stopping threads took: 0.0001929 seconds
[2022-06-13T02:40:16.166+0000][1][safepoint    ] Application time: 1.0002520 seconds
[2022-06-13T02:40:16.166+0000][1][safepoint    ] Entering safepoint region: Cleanup
[2022-06-13T02:40:16.167+0000][1][safepoint    ] Leaving safepoint region
[2022-06-13T02:40:16.167+0000][1][safepoint    ] Total time for which application threads were stopped: 0.0008670 seconds, Stopping threads took: 0.0004346 seconds
[2022-06-13T02:40:17.168+0000][1][safepoint    ] Application time: 1.0002668 seconds
[2022-06-13T02:40:17.168+0000][1][safepoint    ] Entering safepoint region: Cleanup
[2022-06-13T02:40:17.169+0000][1][safepoint    ] Leaving safepoint region
[2022-06-13T02:40:17.169+0000][1][safepoint    ] Total time for which application threads were stopped: 0.0008055 seconds, Stopping threads took: 0.0004198 seconds
[2022-06-13T02:40:18.170+0000][1][safepoint    ] Application time: 1.0002913 seconds
[2022-06-13T02:40:18.170+0000][1][safepoint    ] Entering safepoint region: Cleanup
[2022-06-13T02:40:18.171+0000][1][safepoint    ] Leaving safepoint region
[2022-06-13T02:40:18.172+0000][1][safepoint    ] Total time for which application threads were stopped: 0.0012891 seconds, Stopping threads took: 0.0005210 seconds
[2022-06-13T02:40:19.172+0000][1][safepoint    ] Application time: 1.0002774 seconds
[2022-06-13T02:40:19.173+0000][1][safepoint    ] Entering safepoint region: Cleanup
[2022-06-13T02:40:19.173+0000][1][safepoint    ] Leaving safepoint region
[2022-06-13T02:40:19.173+0000][1][safepoint    ] Total time for which application threads were stopped: 0.0005094 seconds, Stopping threads took: 0.0001918 seconds
[2022-06-13T02:40:20.174+0000][1][safepoint    ] Application time: 1.0001342 seconds
[2022-06-13T02:40:20.174+0000][1][safepoint    ] Entering safepoint region: Cleanup
[2022-06-13T02:40:20.175+0000][1][safepoint    ] Leaving safepoint region
[2022-06-13T02:40:20.175+0000][1][safepoint    ] Total time for which application threads were stopped: 0.0006954 seconds, Stopping threads took: 0.0003281 seconds
[2022-06-13T02:40:21.176+0000][1][safepoint    ] Application time: 1.0002221 seconds
[2022-06-13T02:40:21.177+0000][1][safepoint    ] Entering safepoint region: Cleanup
[2022-06-13T02:40:21.177+0000][1][safepoint    ] Leaving safepoint region
[2022-06-13T02:40:21.178+0000][1][safepoint    ] Total time for which application threads were stopped: 0.0012350 seconds, Stopping threads took: 0.0005704 seconds
[2022-06-13T02:40:22.179+0000][1][safepoint    ] Application time: 1.0002163 seconds
[2022-06-13T02:40:22.179+0000][1][safepoint    ] Entering safepoint region: Cleanup
[2022-06-13T02:40:22.180+0000][1][safepoint    ] Leaving safepoint region
[2022-06-13T02:40:22.180+0000][1][safepoint    ] Total time for which application threads were stopped: 0.0008455 seconds, Stopping threads took: 0.0004120 seconds
[2022-06-13T02:40:23.181+0000][1][safepoint    ] Application time: 1.0002006 seconds
[2022-06-13T02:40:23.181+0000][1][safepoint    ] Entering safepoint region: Cleanup
[2022-06-13T02:40:23.182+0000][1][safepoint    ] Leaving safepoint region
[2022-06-13T02:40:23.183+0000][1][safepoint    ] Total time for which application threads were stopped: 0.0011806 seconds, Stopping threads took: 0.0005692 seconds
[2022-06-13T02:40:24.183+0000][1][safepoint    ] Application time: 1.0002091 seconds
[2022-06-13T02:40:24.184+0000][1][safepoint    ] Entering safepoint region: Cleanup
[2022-06-13T02:40:24.184+0000][1][safepoint    ] Leaving safepoint region
[2022-06-13T02:40:24.185+0000][1][safepoint    ] Total time for which application threads were stopped: 0.0008792 seconds, Stopping threads took: 0.0005261 seconds
[2022-06-13T02:40:25.185+0000][1][safepoint    ] Application time: 1.0001916 seconds
[2022-06-13T02:40:25.186+0000][1][safepoint    ] Entering safepoint region: Cleanup
[2022-06-13T02:40:25.186+0000][1][safepoint    ] Leaving safepoint region
[2022-06-13T02:40:25.187+0000][1][safepoint    ] Total time for which application threads were stopped: 0.0009503 seconds, Stopping threads took: 0.0004329 seconds
[2022-06-13T02:40:26.187+0000][1][safepoint    ] Application time: 1.0001813 seconds
[2022-06-13T02:40:26.188+0000][1][safepoint    ] Entering safepoint region: Cleanup
[2022-06-13T02:40:26.188+0000][1][safepoint    ] Leaving safepoint region
[2022-06-13T02:40:26.188+0000][1][safepoint    ] Total time for which application threads were stopped: 0.0007835 seconds, Stopping threads took: 0.0003342 seconds
[2022-06-13T02:40:27.189+0000][1][safepoint    ] Application time: 1.0001703 seconds
[2022-06-13T02:40:27.190+0000][1][safepoint    ] Entering safepoint region: Cleanup
[2022-06-13T02:40:27.190+0000][1][safepoint    ] Leaving safepoint region
[2022-06-13T02:40:27.191+0000][1][safepoint    ] Total time for which application threads were stopped: 0.0009568 seconds, Stopping threads took: 0.0004340 seconds
[2022-06-13T02:40:28.191+0000][1][safepoint    ] Application time: 1.0001966 seconds
[2022-06-13T02:40:28.192+0000][1][safepoint    ] Entering safepoint region: Cleanup
[2022-06-13T02:40:28.193+0000][1][safepoint    ] Leaving safepoint region
[2022-06-13T02:40:28.193+0000][1][safepoint    ] Total time for which application threads were stopped: 0.0010923 seconds, Stopping threads took: 0.0004203 seconds
[2022-06-13T02:40:29.193+0000][1][safepoint    ] Application time: 1.0002165 seconds
[2022-06-13T02:40:29.194+0000][1][safepoint    ] Entering safepoint region: Cleanup
[2022-06-13T02:40:29.195+0000][1][safepoint    ] Leaving safepoint region
[2022-06-13T02:40:29.195+0000][1][safepoint    ] Total time for which application threads were stopped: 0.0010004 seconds, Stopping threads took: 0.0005017 seconds
[2022-06-13T02:40:30.195+0000][1][safepoint    ] Application time: 1.0001695 seconds
[2022-06-13T02:40:30.196+0000][1][safepoint    ] Entering safepoint region: Cleanup
[2022-06-13T02:40:30.196+0000][1][safepoint    ] Leaving safepoint region
[2022-06-13T02:40:30.197+0000][1][safepoint    ] Total time for which application threads were stopped: 0.0008060 seconds, Stopping threads took: 0.0004114 seconds
[2022-06-13T02:40:31.197+0000][1][safepoint    ] Application time: 1.0002088 seconds
[2022-06-13T02:40:31.197+0000][1][safepoint    ] Entering safepoint region: Cleanup
[2022-06-13T02:40:31.198+0000][1][safepoint    ] Leaving safepoint region
[2022-06-13T02:40:31.198+0000][1][safepoint    ] Total time for which application threads were stopped: 0.0005995 seconds, Stopping threads took: 0.0002940 seconds
[2022-06-13T02:40:32.198+0000][1][safepoint    ] Application time: 1.0001188 seconds
[2022-06-13T02:40:32.199+0000][1][safepoint    ] Entering safepoint region: Cleanup
[2022-06-13T02:40:32.199+0000][1][safepoint    ] Leaving safepoint region
[2022-06-13T02:40:32.199+0000][1][safepoint    ] Total time for which application threads were stopped: 0.0006991 seconds, Stopping threads took: 0.0003083 seconds
[2022-06-13T02:40:33.134+0000][1][safepoint    ] Application time: 0.9340928 seconds
[2022-06-13T02:40:33.134+0000][1][safepoint    ] Entering safepoint region: GenCollectForAllocation
[2022-06-13T02:40:33.135+0000][1][gc,start     ] GC(33) Pause Young (Allocation Failure)
[2022-06-13T02:40:33.135+0000][1][gc,task      ] GC(33) Using 5 workers of 13 for evacuation
[2022-06-13T02:40:33.137+0000][1][gc,age       ] GC(33) Desired survivor size 4456448 bytes, new threshold 6 (max threshold 6)
[2022-06-13T02:40:33.138+0000][1][gc,age       ] GC(33) Age table with threshold 6 (max threshold 6)
[2022-06-13T02:40:33.138+0000][1][gc,age       ] GC(33) - age   1:      33392 bytes,      33392 total
[2022-06-13T02:40:33.139+0000][1][gc,age       ] GC(33) - age   2:      15376 bytes,      48768 total
[2022-06-13T02:40:33.139+0000][1][gc,age       ] GC(33) - age   3:      14512 bytes,      63280 total
[2022-06-13T02:40:33.140+0000][1][gc,age       ] GC(33) - age   4:      15112 bytes,      78392 total
[2022-06-13T02:40:33.140+0000][1][gc,age       ] GC(33) - age   5:      15216 bytes,      93608 total
[2022-06-13T02:40:33.140+0000][1][gc,age       ] GC(33) - age   6:      14072 bytes,     107680 total
[2022-06-13T02:40:33.141+0000][1][gc,heap      ] GC(33) ParNew: 70145K->145K(78656K)
[2022-06-13T02:40:33.141+0000][1][gc,heap      ] GC(33) CMS: 69269K->69284K(174784K)
[2022-06-13T02:40:33.142+0000][1][gc,metaspace ] GC(33) Metaspace: 65377K->65377K(1110016K)
[2022-06-13T02:40:33.142+0000][1][gc           ] GC(33) Pause Young (Allocation Failure) 136M->67M(247M) 7.471ms
[2022-06-13T02:40:33.143+0000][1][gc,cpu       ] GC(33) User=0.01s Sys=0.00s Real=0.01s
[2022-06-13T02:40:33.143+0000][1][safepoint    ] Leaving safepoint region
[2022-06-13T02:40:33.144+0000][1][safepoint    ] Total time for which application threads were stopped: 0.0093065 seconds, Stopping threads took: 0.0003836 seconds
[2022-06-13T02:40:34.144+0000][1][safepoint    ] Application time: 1.0002178 seconds
[2022-06-13T02:40:34.145+0000][1][safepoint    ] Entering safepoint region: Cleanup
[2022-06-13T02:40:34.145+0000][1][safepoint    ] Leaving safepoint region
[2022-06-13T02:40:34.146+0000][1][safepoint    ] Total time for which application threads were stopped: 0.0013283 seconds, Stopping threads took: 0.0004821 seconds
[2022-06-13T02:40:35.147+0000][1][safepoint    ] Application time: 1.0001205 seconds
[2022-06-13T02:40:35.147+0000][1][safepoint    ] Entering safepoint region: Cleanup
[2022-06-13T02:40:35.148+0000][1][safepoint    ] Leaving safepoint region
[2022-06-13T02:40:35.148+0000][1][safepoint    ] Total time for which application threads were stopped: 0.0009595 seconds, Stopping threads took: 0.0004082 seconds
[2022-06-13T02:40:36.149+0000][1][safepoint    ] Application time: 1.0002026 seconds
[2022-06-13T02:40:36.149+0000][1][safepoint    ] Entering safepoint region: Cleanup
[2022-06-13T02:40:36.150+0000][1][safepoint    ] Leaving safepoint region
[2022-06-13T02:40:36.150+0000][1][safepoint    ] Total time for which application threads were stopped: 0.0008932 seconds, Stopping threads took: 0.0003845 seconds
[2022-06-13T02:40:37.151+0000][1][safepoint    ] Application time: 1.0001781 seconds
[2022-06-13T02:40:37.151+0000][1][safepoint    ] Entering safepoint region: Cleanup
[2022-06-13T02:40:37.152+0000][1][safepoint    ] Leaving safepoint region
[2022-06-13T02:40:37.152+0000][1][safepoint    ] Total time for which application threads were stopped: 0.0011045 seconds, Stopping threads took: 0.0005040 seconds
[2022-06-13T02:40:38.153+0000][1][safepoint    ] Application time: 1.0002703 seconds
[2022-06-13T02:40:38.154+0000][1][safepoint    ] Entering safepoint region: Cleanup
[2022-06-13T02:40:38.154+0000][1][safepoint    ] Leaving safepoint region
[2022-06-13T02:40:38.155+0000][1][safepoint    ] Total time for which application threads were stopped: 0.0007759 seconds, Stopping threads took: 0.0004003 seconds
[2022-06-13T02:40:40.139+0000][1][safepoint    ] Application time: 1.9845903 seconds
[2022-06-13T02:40:40.140+0000][1][safepoint    ] Entering safepoint region: Cleanup
[2022-06-13T02:40:40.140+0000][1][safepoint    ] Leaving safepoint region
[2022-06-13T02:40:40.141+0000][1][safepoint    ] Total time for which application threads were stopped: 0.0009474 seconds, Stopping threads took: 0.0004109 seconds
[2022-06-13T02:40:41.142+0000][1][safepoint    ] Application time: 1.0004209 seconds
[2022-06-13T02:40:41.142+0000][1][safepoint    ] Entering safepoint region: Cleanup
[2022-06-13T02:40:41.143+0000][1][safepoint    ] Leaving safepoint region
[2022-06-13T02:40:41.143+0000][1][safepoint    ] Total time for which application threads were stopped: 0.0012538 seconds, Stopping threads took: 0.0004906 seconds
[2022-06-13T02:40:42.144+0000][1][safepoint    ] Application time: 1.0001961 seconds
[2022-06-13T02:40:42.145+0000][1][safepoint    ] Entering safepoint region: Cleanup
[2022-06-13T02:40:42.145+0000][1][safepoint    ] Leaving safepoint region
[2022-06-13T02:40:42.145+0000][1][safepoint    ] Total time for which application threads were stopped: 0.0004362 seconds, Stopping threads took: 0.0002218 seconds
[2022-06-13T02:40:43.145+0000][1][safepoint    ] Application time: 1.0001070 seconds
[2022-06-13T02:40:43.146+0000][1][safepoint    ] Entering safepoint region: Cleanup
[2022-06-13T02:40:43.146+0000][1][safepoint    ] Leaving safepoint region
[2022-06-13T02:40:43.146+0000][1][safepoint    ] Total time for which application threads were stopped: 0.0006370 seconds, Stopping threads took: 0.0002797 seconds
[2022-06-13T02:40:44.147+0000][1][safepoint    ] Application time: 1.0001699 seconds
[2022-06-13T02:40:44.148+0000][1][safepoint    ] Entering safepoint region: Cleanup
[2022-06-13T02:40:44.148+0000][1][safepoint    ] Leaving safepoint region
[2022-06-13T02:40:44.149+0000][1][safepoint    ] Total time for which application threads were stopped: 0.0007782 seconds, Stopping threads took: 0.0003827 seconds
[2022-06-13T02:40:45.149+0000][1][safepoint    ] Application time: 1.0001821 seconds
[2022-06-13T02:40:45.149+0000][1][safepoint    ] Entering safepoint region: Cleanup
[2022-06-13T02:40:45.150+0000][1][safepoint    ] Leaving safepoint region
[2022-06-13T02:40:45.150+0000][1][safepoint    ] Total time for which application threads were stopped: 0.0005433 seconds, Stopping threads took: 0.0002965 seconds
[2022-06-13T02:40:46.150+0000][1][safepoint    ] Application time: 1.0001051 seconds
[2022-06-13T02:40:46.151+0000][1][safepoint    ] Entering safepoint region: Cleanup
[2022-06-13T02:40:46.151+0000][1][safepoint    ] Leaving safepoint region
[2022-06-13T02:40:46.151+0000][1][safepoint    ] Total time for which application threads were stopped: 0.0006200 seconds, Stopping threads took: 0.0002928 seconds
[2022-06-13T02:40:47.152+0000][1][safepoint    ] Application time: 1.0003053 seconds
[2022-06-13T02:40:47.152+0000][1][safepoint    ] Entering safepoint region: Cleanup
[2022-06-13T02:40:47.153+0000][1][safepoint    ] Leaving safepoint region
[2022-06-13T02:40:47.153+0000][1][safepoint    ] Total time for which application threads were stopped: 0.0008042 seconds, Stopping threads took: 0.0003882 seconds
[2022-06-13T02:40:48.154+0000][1][safepoint    ] Application time: 1.0003126 seconds
[2022-06-13T02:40:48.154+0000][1][safepoint    ] Entering safepoint region: Cleanup
[2022-06-13T02:40:48.155+0000][1][safepoint    ] Leaving safepoint region
[2022-06-13T02:40:48.155+0000][1][safepoint    ] Total time for which application threads were stopped: 0.0009865 seconds, Stopping threads took: 0.0004413 seconds
[2022-06-13T02:40:49.156+0000][1][safepoint    ] Application time: 1.0002466 seconds
[2022-06-13T02:40:49.157+0000][1][safepoint    ] Entering safepoint region: Cleanup
[2022-06-13T02:40:49.157+0000][1][safepoint    ] Leaving safepoint region
[2022-06-13T02:40:49.158+0000][1][safepoint    ] Total time for which application threads were stopped: 0.0010683 seconds, Stopping threads took: 0.0004957 seconds
[2022-06-13T02:40:50.159+0000][1][safepoint    ] Application time: 1.0002798 seconds
[2022-06-13T02:40:50.159+0000][1][safepoint    ] Entering safepoint region: Cleanup
[2022-06-13T02:40:50.160+0000][1][safepoint    ] Leaving safepoint region
[2022-06-13T02:40:50.160+0000][1][safepoint    ] Total time for which application threads were stopped: 0.0007761 seconds, Stopping threads took: 0.0003847 seconds
[2022-06-13T02:40:51.160+0000][1][safepoint    ] Application time: 1.0002376 seconds
[2022-06-13T02:40:51.161+0000][1][safepoint    ] Entering safepoint region: Cleanup
[2022-06-13T02:40:51.162+0000][1][safepoint    ] Leaving safepoint region
[2022-06-13T02:40:51.162+0000][1][safepoint    ] Total time for which application threads were stopped: 0.0009943 seconds, Stopping threads took: 0.0004677 seconds
[2022-06-13T02:40:52.163+0000][1][safepoint    ] Application time: 1.0002706 seconds
[2022-06-13T02:40:52.163+0000][1][safepoint    ] Entering safepoint region: Cleanup
[2022-06-13T02:40:52.164+0000][1][safepoint    ] Leaving safepoint region
[2022-06-13T02:40:52.164+0000][1][safepoint    ] Total time for which application threads were stopped: 0.0008912 seconds, Stopping threads took: 0.0004123 seconds
[2022-06-13T02:40:53.165+0000][1][safepoint    ] Application time: 1.0001144 seconds
[2022-06-13T02:40:53.166+0000][1][safepoint    ] Entering safepoint region: Cleanup
[2022-06-13T02:40:53.166+0000][1][safepoint    ] Leaving safepoint region
[2022-06-13T02:40:53.166+0000][1][safepoint    ] Total time for which application threads were stopped: 0.0007254 seconds, Stopping threads took: 0.0003913 seconds
[2022-06-13T02:41:40.175+0000][1][safepoint    ] Application time: 47.0082155 seconds
[2022-06-13T02:41:40.175+0000][1][safepoint    ] Entering safepoint region: Cleanup
[2022-06-13T02:41:40.176+0000][1][safepoint    ] Leaving safepoint region
[2022-06-13T02:41:40.176+0000][1][safepoint    ] Total time for which application threads were stopped: 0.0006324 seconds, Stopping threads took: 0.0003408 seconds
[2022-06-13T02:42:55.191+0000][1][safepoint    ] Application time: 75.0144247 seconds
[2022-06-13T02:42:55.191+0000][1][safepoint    ] Entering safepoint region: Cleanup
[2022-06-13T02:42:55.192+0000][1][safepoint    ] Leaving safepoint region
[2022-06-13T02:42:55.193+0000][1][safepoint    ] Total time for which application threads were stopped: 0.0014673 seconds, Stopping threads took: 0.0006956 seconds
[2022-06-13T02:43:08.224+0000][1][safepoint    ] Application time: 13.0305955 seconds
[2022-06-13T02:43:08.225+0000][1][safepoint    ] Entering safepoint region: GenCollectForAllocation
[2022-06-13T02:43:08.225+0000][1][gc,start     ] GC(34) Pause Young (Allocation Failure)
[2022-06-13T02:43:08.225+0000][1][gc,task      ] GC(34) Using 5 workers of 13 for evacuation
[2022-06-13T02:43:08.227+0000][1][gc,age       ] GC(34) Desired survivor size 4456448 bytes, new threshold 6 (max threshold 6)
[2022-06-13T02:43:08.228+0000][1][gc,age       ] GC(34) Age table with threshold 6 (max threshold 6)
[2022-06-13T02:43:08.228+0000][1][gc,age       ] GC(34) - age   1:      30800 bytes,      30800 total
[2022-06-13T02:43:08.229+0000][1][gc,age       ] GC(34) - age   2:      12744 bytes,      43544 total
[2022-06-13T02:43:08.229+0000][1][gc,age       ] GC(34) - age   3:      15376 bytes,      58920 total
[2022-06-13T02:43:08.230+0000][1][gc,age       ] GC(34) - age   4:      14512 bytes,      73432 total
[2022-06-13T02:43:08.230+0000][1][gc,age       ] GC(34) - age   5:      15112 bytes,      88544 total
[2022-06-13T02:43:08.230+0000][1][gc,age       ] GC(34) - age   6:      15216 bytes,     103760 total
[2022-06-13T02:43:08.230+0000][1][gc,heap      ] GC(34) ParNew: 70097K->152K(78656K)
[2022-06-13T02:43:08.231+0000][1][gc,heap      ] GC(34) CMS: 69284K->69298K(174784K)
[2022-06-13T02:43:08.231+0000][1][gc,metaspace ] GC(34) Metaspace: 65404K->65404K(1110016K)
[2022-06-13T02:43:08.231+0000][1][gc           ] GC(34) Pause Young (Allocation Failure) 136M->67M(247M) 6.348ms
[2022-06-13T02:43:08.232+0000][1][gc,cpu       ] GC(34) User=0.00s Sys=0.00s Real=0.01s
[2022-06-13T02:43:08.232+0000][1][safepoint    ] Leaving safepoint region
[2022-06-13T02:43:08.232+0000][1][safepoint    ] Total time for which application threads were stopped: 0.0079294 seconds, Stopping threads took: 0.0004185 seconds
[2022-06-13T02:43:50.242+0000][1][safepoint    ] Application time: 42.0088683 seconds
[2022-06-13T02:43:50.242+0000][1][safepoint    ] Entering safepoint region: Cleanup
[2022-06-13T02:43:50.243+0000][1][safepoint    ] Leaving safepoint region
[2022-06-13T02:43:50.244+0000][1][safepoint    ] Total time for which application threads were stopped: 0.0012636 seconds, Stopping threads took: 0.0006435 seconds
[2022-06-13T02:44:03.247+0000][1][safepoint    ] Application time: 13.0028154 seconds
[2022-06-13T02:44:03.247+0000][1][safepoint    ] Entering safepoint region: Cleanup
[2022-06-13T02:44:03.248+0000][1][safepoint    ] Leaving safepoint region
[2022-06-13T02:44:03.248+0000][1][safepoint    ] Total time for which application threads were stopped: 0.0005778 seconds, Stopping threads took: 0.0003124 seconds
[2022-06-13T02:44:05.248+0000][1][safepoint    ] Application time: 2.0003333 seconds
[2022-06-13T02:44:05.249+0000][1][safepoint    ] Entering safepoint region: Cleanup
[2022-06-13T02:44:05.249+0000][1][safepoint    ] Leaving safepoint region
[2022-06-13T02:44:05.249+0000][1][safepoint    ] Total time for which application threads were stopped: 0.0007872 seconds, Stopping threads took: 0.0003096 seconds
[2022-06-13T02:44:12.251+0000][1][safepoint    ] Application time: 7.0014732 seconds
[2022-06-13T02:44:12.252+0000][1][safepoint    ] Entering safepoint region: Cleanup
[2022-06-13T02:44:12.252+0000][1][safepoint    ] Leaving safepoint region
[2022-06-13T02:44:12.253+0000][1][safepoint    ] Total time for which application threads were stopped: 0.0010286 seconds, Stopping threads took: 0.0004570 seconds
[2022-06-13T02:44:18.255+0000][1][safepoint    ] Application time: 6.0012545 seconds
[2022-06-13T02:44:18.255+0000][1][safepoint    ] Entering safepoint region: Cleanup
[2022-06-13T02:44:18.255+0000][1][safepoint    ] Leaving safepoint region
[2022-06-13T02:44:18.256+0000][1][safepoint    ] Total time for which application threads were stopped: 0.0005110 seconds, Stopping threads took: 0.0002205 seconds
[2022-06-13T02:44:19.256+0000][1][safepoint    ] Application time: 1.0001845 seconds
[2022-06-13T02:44:19.257+0000][1][safepoint    ] Entering safepoint region: Cleanup
[2022-06-13T02:44:19.257+0000][1][safepoint    ] Leaving safepoint region
[2022-06-13T02:44:19.258+0000][1][safepoint    ] Total time for which application threads were stopped: 0.0009378 seconds, Stopping threads took: 0.0004531 seconds
[2022-06-13T02:44:20.258+0000][1][safepoint    ] Application time: 1.0001630 seconds
[2022-06-13T02:44:20.259+0000][1][safepoint    ] Entering safepoint region: Cleanup
[2022-06-13T02:44:20.259+0000][1][safepoint    ] Leaving safepoint region
[2022-06-13T02:44:20.259+0000][1][safepoint    ] Total time for which application threads were stopped: 0.0005352 seconds, Stopping threads took: 0.0002008 seconds
[2022-06-13T02:44:21.260+0000][1][safepoint    ] Application time: 1.0001715 seconds
[2022-06-13T02:44:21.260+0000][1][safepoint    ] Entering safepoint region: Cleanup
[2022-06-13T02:44:21.261+0000][1][safepoint    ] Leaving safepoint region
[2022-06-13T02:44:21.261+0000][1][safepoint    ] Total time for which application threads were stopped: 0.0010929 seconds, Stopping threads took: 0.0004171 seconds
[2022-06-13T02:44:22.262+0000][1][safepoint    ] Application time: 1.0001398 seconds
[2022-06-13T02:44:22.262+0000][1][safepoint    ] Entering safepoint region: Cleanup
[2022-06-13T02:44:22.263+0000][1][safepoint    ] Leaving safepoint region
[2022-06-13T02:44:22.263+0000][1][safepoint    ] Total time for which application threads were stopped: 0.0009200 seconds, Stopping threads took: 0.0004408 seconds
[2022-06-13T02:44:23.264+0000][1][safepoint    ] Application time: 1.0001998 seconds
[2022-06-13T02:44:23.264+0000][1][safepoint    ] Entering safepoint region: Cleanup
[2022-06-13T02:44:23.265+0000][1][safepoint    ] Leaving safepoint region
[2022-06-13T02:44:23.266+0000][1][safepoint    ] Total time for which application threads were stopped: 0.0011519 seconds, Stopping threads took: 0.0005386 seconds
[2022-06-13T02:44:24.266+0000][1][safepoint    ] Application time: 1.0001945 seconds
[2022-06-13T02:44:24.267+0000][1][safepoint    ] Entering safepoint region: Cleanup
[2022-06-13T02:44:24.267+0000][1][safepoint    ] Leaving safepoint region
[2022-06-13T02:44:24.268+0000][1][safepoint    ] Total time for which application threads were stopped: 0.0009639 seconds, Stopping threads took: 0.0004346 seconds
[2022-06-13T02:44:25.268+0000][1][safepoint    ] Application time: 1.0001279 seconds
[2022-06-13T02:44:25.269+0000][1][safepoint    ] Entering safepoint region: Cleanup
[2022-06-13T02:44:25.269+0000][1][safepoint    ] Leaving safepoint region
[2022-06-13T02:44:25.270+0000][1][safepoint    ] Total time for which application threads were stopped: 0.0008431 seconds, Stopping threads took: 0.0003417 seconds
[2022-06-13T02:44:26.270+0000][1][safepoint    ] Application time: 1.0001241 seconds
[2022-06-13T02:44:26.271+0000][1][safepoint    ] Entering safepoint region: Cleanup
[2022-06-13T02:44:26.271+0000][1][safepoint    ] Leaving safepoint region
[2022-06-13T02:44:26.272+0000][1][safepoint    ] Total time for which application threads were stopped: 0.0007044 seconds, Stopping threads took: 0.0003563 seconds
[2022-06-13T02:44:27.272+0000][1][safepoint    ] Application time: 1.0002352 seconds
[2022-06-13T02:44:27.273+0000][1][safepoint    ] Entering safepoint region: Cleanup
[2022-06-13T02:44:27.273+0000][1][safepoint    ] Leaving safepoint region
[2022-06-13T02:44:27.274+0000][1][safepoint    ] Total time for which application threads were stopped: 0.0008049 seconds, Stopping threads took: 0.0003748 seconds
[2022-06-13T02:44:28.274+0000][1][safepoint    ] Application time: 1.0002256 seconds
[2022-06-13T02:44:28.275+0000][1][safepoint    ] Entering safepoint region: Cleanup
[2022-06-13T02:44:28.276+0000][1][safepoint    ] Leaving safepoint region
[2022-06-13T02:44:28.277+0000][1][safepoint    ] Total time for which application threads were stopped: 0.0015707 seconds, Stopping threads took: 0.0007374 seconds
[2022-06-13T02:44:29.278+0000][1][safepoint    ] Application time: 1.0003081 seconds
[2022-06-13T02:44:29.278+0000][1][safepoint    ] Entering safepoint region: Cleanup
[2022-06-13T02:44:29.279+0000][1][safepoint    ] Leaving safepoint region
[2022-06-13T02:44:29.280+0000][1][safepoint    ] Total time for which application threads were stopped: 0.0016332 seconds, Stopping threads took: 0.0007928 seconds
[2022-06-13T02:44:30.281+0000][1][safepoint    ] Application time: 1.0002255 seconds
[2022-06-13T02:44:30.281+0000][1][safepoint    ] Entering safepoint region: Cleanup
[2022-06-13T02:44:30.282+0000][1][safepoint    ] Leaving safepoint region
[2022-06-13T02:44:30.282+0000][1][safepoint    ] Total time for which application threads were stopped: 0.0007220 seconds, Stopping threads took: 0.0003628 seconds
[2022-06-13T02:44:31.282+0000][1][safepoint    ] Application time: 1.0001812 seconds
[2022-06-13T02:44:31.283+0000][1][safepoint    ] Entering safepoint region: Cleanup
[2022-06-13T02:44:31.284+0000][1][safepoint    ] Leaving safepoint region
[2022-06-13T02:44:31.285+0000][1][safepoint    ] Total time for which application threads were stopped: 0.0014468 seconds, Stopping threads took: 0.0006890 seconds
[2022-06-13T02:44:32.285+0000][1][safepoint    ] Application time: 1.0001918 seconds
[2022-06-13T02:44:32.286+0000][1][safepoint    ] Entering safepoint region: Cleanup
[2022-06-13T02:44:32.286+0000][1][safepoint    ] Leaving safepoint region
[2022-06-13T02:44:32.287+0000][1][safepoint    ] Total time for which application threads were stopped: 0.0007266 seconds, Stopping threads took: 0.0003165 seconds
[2022-06-13T02:44:33.374+0000][1][safepoint    ] Application time: 1.0871456 seconds
[2022-06-13T02:44:33.374+0000][1][safepoint    ] Entering safepoint region: Cleanup
[2022-06-13T02:44:33.375+0000][1][safepoint    ] Leaving safepoint region
[2022-06-13T02:44:33.375+0000][1][safepoint    ] Total time for which application threads were stopped: 0.0007507 seconds, Stopping threads took: 0.0003341 seconds
[2022-06-13T02:44:34.376+0000][1][safepoint    ] Application time: 1.0001918 seconds
[2022-06-13T02:44:34.376+0000][1][safepoint    ] Entering safepoint region: Cleanup
[2022-06-13T02:44:34.377+0000][1][safepoint    ] Leaving safepoint region
[2022-06-13T02:44:34.377+0000][1][safepoint    ] Total time for which application threads were stopped: 0.0010822 seconds, Stopping threads took: 0.0004998 seconds
[2022-06-13T02:44:35.378+0000][1][safepoint    ] Application time: 1.0003002 seconds
[2022-06-13T02:44:35.378+0000][1][safepoint    ] Entering safepoint region: Cleanup
[2022-06-13T02:44:35.379+0000][1][safepoint    ] Leaving safepoint region
[2022-06-13T02:44:35.379+0000][1][safepoint    ] Total time for which application threads were stopped: 0.0006425 seconds, Stopping threads took: 0.0003175 seconds
[2022-06-13T02:44:36.379+0000][1][safepoint    ] Application time: 1.0002138 seconds
[2022-06-13T02:44:36.380+0000][1][safepoint    ] Entering safepoint region: Cleanup
[2022-06-13T02:44:36.380+0000][1][safepoint    ] Leaving safepoint region
[2022-06-13T02:44:36.381+0000][1][safepoint    ] Total time for which application threads were stopped: 0.0010702 seconds, Stopping threads took: 0.0004838 seconds
[2022-06-13T02:44:46.383+0000][1][safepoint    ] Application time: 10.0015803 seconds
[2022-06-13T02:44:46.384+0000][1][safepoint    ] Entering safepoint region: Cleanup
[2022-06-13T02:44:46.385+0000][1][safepoint    ] Leaving safepoint region
[2022-06-13T02:44:46.385+0000][1][safepoint    ] Total time for which application threads were stopped: 0.0012566 seconds, Stopping threads took: 0.0005595 seconds
[2022-06-13T02:44:48.386+0000][1][safepoint    ] Application time: 2.0004534 seconds
[2022-06-13T02:44:48.386+0000][1][safepoint    ] Entering safepoint region: Cleanup
[2022-06-13T02:44:48.387+0000][1][safepoint    ] Leaving safepoint region
[2022-06-13T02:44:48.387+0000][1][safepoint    ] Total time for which application threads were stopped: 0.0007195 seconds, Stopping threads took: 0.0003315 seconds
[2022-06-13T02:44:49.387+0000][1][safepoint    ] Application time: 1.0001354 seconds
[2022-06-13T02:44:49.388+0000][1][safepoint    ] Entering safepoint region: Cleanup
[2022-06-13T02:44:49.388+0000][1][safepoint    ] Leaving safepoint region
[2022-06-13T02:44:49.388+0000][1][safepoint    ] Total time for which application threads were stopped: 0.0006255 seconds, Stopping threads took: 0.0002912 seconds
[2022-06-13T02:44:50.389+0000][1][safepoint    ] Application time: 1.0002373 seconds
[2022-06-13T02:44:50.390+0000][1][safepoint    ] Entering safepoint region: Cleanup
[2022-06-13T02:44:50.390+0000][1][safepoint    ] Leaving safepoint region
[2022-06-13T02:44:50.390+0000][1][safepoint    ] Total time for which application threads were stopped: 0.0008822 seconds, Stopping threads took: 0.0003425 seconds
[2022-06-13T02:44:51.391+0000][1][safepoint    ] Application time: 1.0001998 seconds
[2022-06-13T02:44:51.392+0000][1][safepoint    ] Entering safepoint region: Cleanup
[2022-06-13T02:44:51.392+0000][1][safepoint    ] Leaving safepoint region
[2022-06-13T02:44:51.392+0000][1][safepoint    ] Total time for which application threads were stopped: 0.0008024 seconds, Stopping threads took: 0.0003794 seconds
[2022-06-13T02:44:52.393+0000][1][safepoint    ] Application time: 1.0002328 seconds
[2022-06-13T02:44:52.394+0000][1][safepoint    ] Entering safepoint region: Cleanup
[2022-06-13T02:44:52.394+0000][1][safepoint    ] Leaving safepoint region
[2022-06-13T02:44:52.395+0000][1][safepoint    ] Total time for which application threads were stopped: 0.0010433 seconds, Stopping threads took: 0.0004875 seconds
[2022-06-13T02:45:02.397+0000][1][safepoint    ] Application time: 10.0017778 seconds
[2022-06-13T02:45:02.398+0000][1][safepoint    ] Entering safepoint region: Cleanup
[2022-06-13T02:45:02.398+0000][1][safepoint    ] Leaving safepoint region
[2022-06-13T02:45:02.398+0000][1][safepoint    ] Total time for which application threads were stopped: 0.0008716 seconds, Stopping threads took: 0.0003792 seconds
[2022-06-13T02:45:11.400+0000][1][safepoint    ] Application time: 9.0016574 seconds
[2022-06-13T02:45:11.401+0000][1][safepoint    ] Entering safepoint region: Cleanup
[2022-06-13T02:45:11.402+0000][1][safepoint    ] Leaving safepoint region
[2022-06-13T02:45:11.402+0000][1][safepoint    ] Total time for which application threads were stopped: 0.0012986 seconds, Stopping threads took: 0.0006634 seconds
[2022-06-13T02:45:12.403+0000][1][safepoint    ] Application time: 1.0002439 seconds
[2022-06-13T02:45:12.404+0000][1][safepoint    ] Entering safepoint region: Cleanup
[2022-06-13T02:45:12.405+0000][1][safepoint    ] Leaving safepoint region
[2022-06-13T02:45:12.405+0000][1][safepoint    ] Total time for which application threads were stopped: 0.0010055 seconds, Stopping threads took: 0.0004295 seconds
[2022-06-13T02:45:35.410+0000][1][safepoint    ] Application time: 23.0046090 seconds
[2022-06-13T02:45:35.410+0000][1][safepoint    ] Entering safepoint region: Cleanup
[2022-06-13T02:45:35.411+0000][1][safepoint    ] Leaving safepoint region
[2022-06-13T02:45:35.411+0000][1][safepoint    ] Total time for which application threads were stopped: 0.0006478 seconds, Stopping threads took: 0.0003232 seconds
[2022-06-13T02:45:43.346+0000][1][safepoint    ] Application time: 7.9346713 seconds
[2022-06-13T02:45:43.346+0000][1][safepoint    ] Entering safepoint region: GenCollectForAllocation
[2022-06-13T02:45:43.347+0000][1][gc,start     ] GC(35) Pause Young (Allocation Failure)
[2022-06-13T02:45:43.347+0000][1][gc,task      ] GC(35) Using 5 workers of 13 for evacuation
[2022-06-13T02:45:43.349+0000][1][gc,age       ] GC(35) Desired survivor size 4456448 bytes, new threshold 6 (max threshold 6)
[2022-06-13T02:45:43.349+0000][1][gc,age       ] GC(35) Age table with threshold 6 (max threshold 6)
[2022-06-13T02:45:43.349+0000][1][gc,age       ] GC(35) - age   1:      25024 bytes,      25024 total
[2022-06-13T02:45:43.350+0000][1][gc,age       ] GC(35) - age   2:      13696 bytes,      38720 total
[2022-06-13T02:45:43.350+0000][1][gc,age       ] GC(35) - age   3:      12744 bytes,      51464 total
[2022-06-13T02:45:43.351+0000][1][gc,age       ] GC(35) - age   4:      15376 bytes,      66840 total
[2022-06-13T02:45:43.351+0000][1][gc,age       ] GC(35) - age   5:      14512 bytes,      81352 total
[2022-06-13T02:45:43.351+0000][1][gc,age       ] GC(35) - age   6:      15112 bytes,      96464 total
[2022-06-13T02:45:43.352+0000][1][gc,heap      ] GC(35) ParNew: 70104K->179K(78656K)
[2022-06-13T02:45:43.352+0000][1][gc,heap      ] GC(35) CMS: 69298K->69313K(174784K)
[2022-06-13T02:45:43.352+0000][1][gc,metaspace ] GC(35) Metaspace: 65438K->65438K(1110016K)
[2022-06-13T02:45:43.353+0000][1][gc           ] GC(35) Pause Young (Allocation Failure) 136M->67M(247M) 5.972ms
[2022-06-13T02:45:43.353+0000][1][gc,cpu       ] GC(35) User=0.00s Sys=0.00s Real=0.01s
[2022-06-13T02:45:43.354+0000][1][safepoint    ] Leaving safepoint region
[2022-06-13T02:45:43.354+0000][1][safepoint    ] Total time for which application threads were stopped: 0.0077866 seconds, Stopping threads took: 0.0004368 seconds
[2022-06-13T02:45:54.357+0000][1][safepoint    ] Application time: 11.0026455 seconds
[2022-06-13T02:45:54.358+0000][1][safepoint    ] Entering safepoint region: Cleanup
[2022-06-13T02:45:54.358+0000][1][safepoint    ] Leaving safepoint region
[2022-06-13T02:45:54.358+0000][1][safepoint    ] Total time for which application threads were stopped: 0.0008382 seconds, Stopping threads took: 0.0003650 seconds
[2022-06-13T02:45:57.359+0000][1][safepoint    ] Application time: 3.0007123 seconds
[2022-06-13T02:45:57.360+0000][1][safepoint    ] Entering safepoint region: Cleanup
[2022-06-13T02:45:57.360+0000][1][safepoint    ] Leaving safepoint region
[2022-06-13T02:45:57.361+0000][1][safepoint    ] Total time for which application threads were stopped: 0.0008012 seconds, Stopping threads took: 0.0003659 seconds
[2022-06-13T02:45:58.361+0000][1][safepoint    ] Application time: 1.0002043 seconds
[2022-06-13T02:45:58.362+0000][1][safepoint    ] Entering safepoint region: Cleanup
[2022-06-13T02:45:58.362+0000][1][safepoint    ] Leaving safepoint region
[2022-06-13T02:45:58.363+0000][1][safepoint    ] Total time for which application threads were stopped: 0.0008749 seconds, Stopping threads took: 0.0003671 seconds
[2022-06-13T02:45:59.363+0000][1][safepoint    ] Application time: 1.0001335 seconds
[2022-06-13T02:45:59.364+0000][1][safepoint    ] Entering safepoint region: Cleanup
[2022-06-13T02:45:59.364+0000][1][safepoint    ] Leaving safepoint region
[2022-06-13T02:45:59.364+0000][1][safepoint    ] Total time for which application threads were stopped: 0.0006632 seconds, Stopping threads took: 0.0003519 seconds
[2022-06-13T02:46:00.365+0000][1][safepoint    ] Application time: 1.0001281 seconds
[2022-06-13T02:46:00.365+0000][1][safepoint    ] Entering safepoint region: Cleanup
[2022-06-13T02:46:00.365+0000][1][safepoint    ] Leaving safepoint region
[2022-06-13T02:46:00.366+0000][1][safepoint    ] Total time for which application threads were stopped: 0.0007689 seconds, Stopping threads took: 0.0002470 seconds
[2022-06-13T02:46:01.366+0000][1][safepoint    ] Application time: 1.0001775 seconds
[2022-06-13T02:46:01.367+0000][1][safepoint    ] Entering safepoint region: Cleanup
[2022-06-13T02:46:01.367+0000][1][safepoint    ] Leaving safepoint region
[2022-06-13T02:46:01.367+0000][1][safepoint    ] Total time for which application threads were stopped: 0.0007528 seconds, Stopping threads took: 0.0002618 seconds
[2022-06-13T02:46:02.368+0000][1][safepoint    ] Application time: 1.0001964 seconds
[2022-06-13T02:46:02.368+0000][1][safepoint    ] Entering safepoint region: Cleanup
[2022-06-13T02:46:02.369+0000][1][safepoint    ] Leaving safepoint region
[2022-06-13T02:46:02.369+0000][1][safepoint    ] Total time for which application threads were stopped: 0.0011037 seconds, Stopping threads took: 0.0005870 seconds
[2022-06-13T02:46:03.370+0000][1][safepoint    ] Application time: 1.0001436 seconds
[2022-06-13T02:46:03.370+0000][1][safepoint    ] Entering safepoint region: Cleanup
[2022-06-13T02:46:03.371+0000][1][safepoint    ] Leaving safepoint region
[2022-06-13T02:46:03.371+0000][1][safepoint    ] Total time for which application threads were stopped: 0.0006691 seconds, Stopping threads took: 0.0003747 seconds
[2022-06-13T02:46:04.371+0000][1][safepoint    ] Application time: 1.0002228 seconds
[2022-06-13T02:46:04.372+0000][1][safepoint    ] Entering safepoint region: Cleanup
[2022-06-13T02:46:04.373+0000][1][safepoint    ] Leaving safepoint region
[2022-06-13T02:46:04.373+0000][1][safepoint    ] Total time for which application threads were stopped: 0.0009166 seconds, Stopping threads took: 0.0003891 seconds
[2022-06-13T02:46:05.374+0000][1][safepoint    ] Application time: 1.0001816 seconds
[2022-06-13T02:46:05.374+0000][1][safepoint    ] Entering safepoint region: Cleanup
[2022-06-13T02:46:05.374+0000][1][safepoint    ] Leaving safepoint region
[2022-06-13T02:46:05.375+0000][1][safepoint    ] Total time for which application threads were stopped: 0.0007456 seconds, Stopping threads took: 0.0004596 seconds
[2022-06-13T02:46:06.375+0000][1][safepoint    ] Application time: 1.0001372 seconds
[2022-06-13T02:46:06.376+0000][1][safepoint    ] Entering safepoint region: Cleanup
[2022-06-13T02:46:06.376+0000][1][safepoint    ] Leaving safepoint region
[2022-06-13T02:46:06.376+0000][1][safepoint    ] Total time for which application threads were stopped: 0.0006638 seconds, Stopping threads took: 0.0003365 seconds
[2022-06-13T02:46:07.377+0000][1][safepoint    ] Application time: 1.0001578 seconds
[2022-06-13T02:46:07.377+0000][1][safepoint    ] Entering safepoint region: Cleanup
[2022-06-13T02:46:07.378+0000][1][safepoint    ] Leaving safepoint region
[2022-06-13T02:46:07.378+0000][1][safepoint    ] Total time for which application threads were stopped: 0.0009604 seconds, Stopping threads took: 0.0006228 seconds
[2022-06-13T02:46:08.378+0000][1][safepoint    ] Application time: 1.0001423 seconds
[2022-06-13T02:46:08.379+0000][1][safepoint    ] Entering safepoint region: Cleanup
[2022-06-13T02:46:08.379+0000][1][safepoint    ] Leaving safepoint region
[2022-06-13T02:46:08.380+0000][1][safepoint    ] Total time for which application threads were stopped: 0.0011345 seconds, Stopping threads took: 0.0005343 seconds
[2022-06-13T02:46:09.380+0000][1][safepoint    ] Application time: 1.0001277 seconds
[2022-06-13T02:46:09.381+0000][1][safepoint    ] Entering safepoint region: Cleanup
[2022-06-13T02:46:09.381+0000][1][safepoint    ] Leaving safepoint region
[2022-06-13T02:46:09.382+0000][1][safepoint    ] Total time for which application threads were stopped: 0.0006669 seconds, Stopping threads took: 0.0002229 seconds
[2022-06-13T02:46:10.382+0000][1][safepoint    ] Application time: 1.0001140 seconds
[2022-06-13T02:46:10.382+0000][1][safepoint    ] Entering safepoint region: Cleanup
[2022-06-13T02:46:10.383+0000][1][safepoint    ] Leaving safepoint region
[2022-06-13T02:46:10.383+0000][1][safepoint    ] Total time for which application threads were stopped: 0.0007544 seconds, Stopping threads took: 0.0003705 seconds
[2022-06-13T02:46:11.383+0000][1][safepoint    ] Application time: 1.0002300 seconds
[2022-06-13T02:46:11.384+0000][1][safepoint    ] Entering safepoint region: Cleanup
[2022-06-13T02:46:11.384+0000][1][safepoint    ] Leaving safepoint region
[2022-06-13T02:46:11.384+0000][1][safepoint    ] Total time for which application threads were stopped: 0.0003166 seconds, Stopping threads took: 0.0001266 seconds
[2022-06-13T02:46:12.384+0000][1][safepoint    ] Application time: 1.0001094 seconds
[2022-06-13T02:46:12.385+0000][1][safepoint    ] Entering safepoint region: Cleanup
[2022-06-13T02:46:12.385+0000][1][safepoint    ] Leaving safepoint region
[2022-06-13T02:46:12.385+0000][1][safepoint    ] Total time for which application threads were stopped: 0.0004168 seconds, Stopping threads took: 0.0001623 seconds
[2022-06-13T02:46:13.385+0000][1][safepoint    ] Application time: 1.0001141 seconds
[2022-06-13T02:46:13.386+0000][1][safepoint    ] Entering safepoint region: Cleanup
[2022-06-13T02:46:13.386+0000][1][safepoint    ] Leaving safepoint region
[2022-06-13T02:46:13.386+0000][1][safepoint    ] Total time for which application threads were stopped: 0.0003668 seconds, Stopping threads took: 0.0001445 seconds
[2022-06-13T02:46:14.386+0000][1][safepoint    ] Application time: 1.0002101 seconds
[2022-06-13T02:46:14.387+0000][1][safepoint    ] Entering safepoint region: Cleanup
[2022-06-13T02:46:14.388+0000][1][safepoint    ] Leaving safepoint region
[2022-06-13T02:46:14.388+0000][1][safepoint    ] Total time for which application threads were stopped: 0.0012222 seconds, Stopping threads took: 0.0004808 seconds
[2022-06-13T02:46:15.389+0000][1][safepoint    ] Application time: 1.0002250 seconds
[2022-06-13T02:46:15.389+0000][1][safepoint    ] Entering safepoint region: Cleanup
[2022-06-13T02:46:15.390+0000][1][safepoint    ] Leaving safepoint region
[2022-06-13T02:46:15.390+0000][1][safepoint    ] Total time for which application threads were stopped: 0.0005533 seconds, Stopping threads took: 0.0002764 seconds
[2022-06-13T02:46:16.390+0000][1][safepoint    ] Application time: 1.0001099 seconds
[2022-06-13T02:46:16.391+0000][1][safepoint    ] Entering safepoint region: Cleanup
[2022-06-13T02:46:16.391+0000][1][safepoint    ] Leaving safepoint region
[2022-06-13T02:46:16.391+0000][1][safepoint    ] Total time for which application threads were stopped: 0.0004474 seconds, Stopping threads took: 0.0001974 seconds
[2022-06-13T02:46:17.391+0000][1][safepoint    ] Application time: 1.0001951 seconds
[2022-06-13T02:46:17.392+0000][1][safepoint    ] Entering safepoint region: Cleanup
[2022-06-13T02:46:17.392+0000][1][safepoint    ] Leaving safepoint region
[2022-06-13T02:46:17.393+0000][1][safepoint    ] Total time for which application threads were stopped: 0.0007067 seconds, Stopping threads took: 0.0002944 seconds
[2022-06-13T02:46:18.393+0000][1][safepoint    ] Application time: 1.0003375 seconds
[2022-06-13T02:46:18.394+0000][1][safepoint    ] Entering safepoint region: Cleanup
[2022-06-13T02:46:18.394+0000][1][safepoint    ] Leaving safepoint region
[2022-06-13T02:46:18.395+0000][1][safepoint    ] Total time for which application threads were stopped: 0.0011175 seconds, Stopping threads took: 0.0004638 seconds
[2022-06-13T02:46:19.396+0000][1][safepoint    ] Application time: 1.0002064 seconds
[2022-06-13T02:46:19.396+0000][1][safepoint    ] Entering safepoint region: Cleanup
[2022-06-13T02:46:19.396+0000][1][safepoint    ] Leaving safepoint region
[2022-06-13T02:46:19.396+0000][1][safepoint    ] Total time for which application threads were stopped: 0.0004182 seconds, Stopping threads took: 0.0002387 seconds
[2022-06-13T02:46:20.396+0000][1][safepoint    ] Application time: 1.0001130 seconds
[2022-06-13T02:46:20.397+0000][1][safepoint    ] Entering safepoint region: Cleanup
[2022-06-13T02:46:20.397+0000][1][safepoint    ] Leaving safepoint region
[2022-06-13T02:46:20.397+0000][1][safepoint    ] Total time for which application threads were stopped: 0.0005349 seconds, Stopping threads took: 0.0002523 seconds
[2022-06-13T02:46:21.398+0000][1][safepoint    ] Application time: 1.0001940 seconds
[2022-06-13T02:46:21.398+0000][1][safepoint    ] Entering safepoint region: Cleanup
[2022-06-13T02:46:21.399+0000][1][safepoint    ] Leaving safepoint region
[2022-06-13T02:46:21.399+0000][1][safepoint    ] Total time for which application threads were stopped: 0.0008208 seconds, Stopping threads took: 0.0004175 seconds
[2022-06-13T02:46:23.380+0000][1][safepoint    ] Application time: 1.9798581 seconds
[2022-06-13T02:46:23.380+0000][1][safepoint    ] Entering safepoint region: Cleanup
[2022-06-13T02:46:23.381+0000][1][safepoint    ] Leaving safepoint region
[2022-06-13T02:46:23.381+0000][1][safepoint    ] Total time for which application threads were stopped: 0.0005716 seconds, Stopping threads took: 0.0001906 seconds
[2022-06-13T02:46:24.381+0000][1][safepoint    ] Application time: 1.0002931 seconds
[2022-06-13T02:46:24.382+0000][1][safepoint    ] Entering safepoint region: Cleanup
[2022-06-13T02:46:24.382+0000][1][safepoint    ] Leaving safepoint region
[2022-06-13T02:46:24.383+0000][1][safepoint    ] Total time for which application threads were stopped: 0.0007966 seconds, Stopping threads took: 0.0004234 seconds
[2022-06-13T02:46:25.383+0000][1][safepoint    ] Application time: 1.0001439 seconds
[2022-06-13T02:46:25.384+0000][1][safepoint    ] Entering safepoint region: Cleanup
[2022-06-13T02:46:25.384+0000][1][safepoint    ] Leaving safepoint region
[2022-06-13T02:46:25.385+0000][1][safepoint    ] Total time for which application threads were stopped: 0.0010146 seconds, Stopping threads took: 0.0004718 seconds
[2022-06-13T02:46:26.385+0000][1][safepoint    ] Application time: 1.0001954 seconds
[2022-06-13T02:46:26.386+0000][1][safepoint    ] Entering safepoint region: Cleanup
[2022-06-13T02:46:26.386+0000][1][safepoint    ] Leaving safepoint region
[2022-06-13T02:46:26.386+0000][1][safepoint    ] Total time for which application threads were stopped: 0.0005833 seconds, Stopping threads took: 0.0002591 seconds
[2022-06-13T02:46:27.387+0000][1][safepoint    ] Application time: 1.0001952 seconds
[2022-06-13T02:46:27.387+0000][1][safepoint    ] Entering safepoint region: Cleanup
[2022-06-13T02:46:27.387+0000][1][safepoint    ] Leaving safepoint region
[2022-06-13T02:46:27.388+0000][1][safepoint    ] Total time for which application threads were stopped: 0.0006686 seconds, Stopping threads took: 0.0003141 seconds
[2022-06-13T02:46:28.388+0000][1][safepoint    ] Application time: 1.0001359 seconds
[2022-06-13T02:46:28.389+0000][1][safepoint    ] Entering safepoint region: Cleanup
[2022-06-13T02:46:28.389+0000][1][safepoint    ] Leaving safepoint region
[2022-06-13T02:46:28.390+0000][1][safepoint    ] Total time for which application threads were stopped: 0.0011031 seconds, Stopping threads took: 0.0003413 seconds
[2022-06-13T02:46:29.390+0000][1][safepoint    ] Application time: 1.0003637 seconds
[2022-06-13T02:46:29.391+0000][1][safepoint    ] Entering safepoint region: Cleanup
[2022-06-13T02:46:29.392+0000][1][safepoint    ] Leaving safepoint region
[2022-06-13T02:46:29.392+0000][1][safepoint    ] Total time for which application threads were stopped: 0.0013024 seconds, Stopping threads took: 0.0005132 seconds
[2022-06-13T02:46:30.393+0000][1][safepoint    ] Application time: 1.0001822 seconds
[2022-06-13T02:46:30.393+0000][1][safepoint    ] Entering safepoint region: Cleanup
[2022-06-13T02:46:30.394+0000][1][safepoint    ] Leaving safepoint region
[2022-06-13T02:46:30.394+0000][1][safepoint    ] Total time for which application threads were stopped: 0.0004675 seconds, Stopping threads took: 0.0002055 seconds
[2022-06-13T02:46:31.394+0000][1][safepoint    ] Application time: 1.0001232 seconds
[2022-06-13T02:46:31.395+0000][1][safepoint    ] Entering safepoint region: Cleanup
[2022-06-13T02:46:31.395+0000][1][safepoint    ] Leaving safepoint region
[2022-06-13T02:46:31.395+0000][1][safepoint    ] Total time for which application threads were stopped: 0.0004026 seconds, Stopping threads took: 0.0002039 seconds
[2022-06-13T02:46:32.395+0000][1][safepoint    ] Application time: 1.0000699 seconds
[2022-06-13T02:46:32.396+0000][1][safepoint    ] Entering safepoint region: Cleanup
[2022-06-13T02:46:32.396+0000][1][safepoint    ] Leaving safepoint region
[2022-06-13T02:46:32.397+0000][1][safepoint    ] Total time for which application threads were stopped: 0.0008654 seconds, Stopping threads took: 0.0004069 seconds
[2022-06-13T02:46:33.397+0000][1][safepoint    ] Application time: 1.0002626 seconds
[2022-06-13T02:46:33.398+0000][1][safepoint    ] Entering safepoint region: Cleanup
[2022-06-13T02:46:33.398+0000][1][safepoint    ] Leaving safepoint region
[2022-06-13T02:46:33.399+0000][1][safepoint    ] Total time for which application threads were stopped: 0.0008016 seconds, Stopping threads took: 0.0003656 seconds
[2022-06-13T02:46:34.399+0000][1][safepoint    ] Application time: 1.0001324 seconds
[2022-06-13T02:46:34.400+0000][1][safepoint    ] Entering safepoint region: Cleanup
[2022-06-13T02:46:34.400+0000][1][safepoint    ] Leaving safepoint region
[2022-06-13T02:46:34.401+0000][1][safepoint    ] Total time for which application threads were stopped: 0.0007602 seconds, Stopping threads took: 0.0003213 seconds
[2022-06-13T02:46:35.401+0000][1][safepoint    ] Application time: 1.0002146 seconds
[2022-06-13T02:46:35.402+0000][1][safepoint    ] Entering safepoint region: Cleanup
[2022-06-13T02:46:35.402+0000][1][safepoint    ] Leaving safepoint region
[2022-06-13T02:46:35.402+0000][1][safepoint    ] Total time for which application threads were stopped: 0.0007206 seconds, Stopping threads took: 0.0003656 seconds
[2022-06-13T02:46:36.403+0000][1][safepoint    ] Application time: 1.0001464 seconds
[2022-06-13T02:46:36.404+0000][1][safepoint    ] Entering safepoint region: Cleanup
[2022-06-13T02:46:36.404+0000][1][safepoint    ] Leaving safepoint region
[2022-06-13T02:46:36.404+0000][1][safepoint    ] Total time for which application threads were stopped: 0.0006547 seconds, Stopping threads took: 0.0003442 seconds
[2022-06-13T02:46:37.405+0000][1][safepoint    ] Application time: 1.0001101 seconds
[2022-06-13T02:46:37.405+0000][1][safepoint    ] Entering safepoint region: Cleanup
[2022-06-13T02:46:37.405+0000][1][safepoint    ] Leaving safepoint region
[2022-06-13T02:46:37.406+0000][1][safepoint    ] Total time for which application threads were stopped: 0.0007161 seconds, Stopping threads took: 0.0003487 seconds
[2022-06-13T02:46:38.406+0000][1][safepoint    ] Application time: 1.0001637 seconds
[2022-06-13T02:46:38.407+0000][1][safepoint    ] Entering safepoint region: Cleanup
[2022-06-13T02:46:38.407+0000][1][safepoint    ] Leaving safepoint region
[2022-06-13T02:46:38.408+0000][1][safepoint    ] Total time for which application threads were stopped: 0.0010734 seconds, Stopping threads took: 0.0005229 seconds
[2022-06-13T02:46:39.409+0000][1][safepoint    ] Application time: 1.0002366 seconds
[2022-06-13T02:46:39.409+0000][1][safepoint    ] Entering safepoint region: Cleanup
[2022-06-13T02:46:39.409+0000][1][safepoint    ] Leaving safepoint region
[2022-06-13T02:46:39.410+0000][1][safepoint    ] Total time for which application threads were stopped: 0.0008517 seconds, Stopping threads took: 0.0004146 seconds
[2022-06-13T02:46:40.411+0000][1][safepoint    ] Application time: 1.0003192 seconds
[2022-06-13T02:46:40.411+0000][1][safepoint    ] Entering safepoint region: Cleanup
[2022-06-13T02:46:40.412+0000][1][safepoint    ] Leaving safepoint region
[2022-06-13T02:46:40.412+0000][1][safepoint    ] Total time for which application threads were stopped: 0.0008964 seconds, Stopping threads took: 0.0004281 seconds
[2022-06-13T02:46:41.413+0000][1][safepoint    ] Application time: 1.0002404 seconds
[2022-06-13T02:46:41.413+0000][1][safepoint    ] Entering safepoint region: Cleanup
[2022-06-13T02:46:41.414+0000][1][safepoint    ] Leaving safepoint region
[2022-06-13T02:46:41.414+0000][1][safepoint    ] Total time for which application threads were stopped: 0.0007686 seconds, Stopping threads took: 0.0003959 seconds
[2022-06-13T02:46:43.385+0000][1][safepoint    ] Application time: 1.9702899 seconds
[2022-06-13T02:46:43.385+0000][1][safepoint    ] Entering safepoint region: Cleanup
[2022-06-13T02:46:43.386+0000][1][safepoint    ] Leaving safepoint region
[2022-06-13T02:46:43.386+0000][1][safepoint    ] Total time for which application threads were stopped: 0.0008241 seconds, Stopping threads took: 0.0003919 seconds
[2022-06-13T02:46:44.387+0000][1][safepoint    ] Application time: 1.0003214 seconds
[2022-06-13T02:46:44.387+0000][1][safepoint    ] Entering safepoint region: Cleanup
[2022-06-13T02:46:44.388+0000][1][safepoint    ] Leaving safepoint region
[2022-06-13T02:46:44.388+0000][1][safepoint    ] Total time for which application threads were stopped: 0.0005839 seconds, Stopping threads took: 0.0002487 seconds
[2022-06-13T02:46:45.388+0000][1][safepoint    ] Application time: 1.0002428 seconds
[2022-06-13T02:46:45.389+0000][1][safepoint    ] Entering safepoint region: Cleanup
[2022-06-13T02:46:45.389+0000][1][safepoint    ] Leaving safepoint region
[2022-06-13T02:46:45.390+0000][1][safepoint    ] Total time for which application threads were stopped: 0.0007753 seconds, Stopping threads took: 0.0002658 seconds
[2022-06-13T02:46:46.390+0000][1][safepoint    ] Application time: 1.0001850 seconds
[2022-06-13T02:46:46.391+0000][1][safepoint    ] Entering safepoint region: Cleanup
[2022-06-13T02:46:46.391+0000][1][safepoint    ] Leaving safepoint region
[2022-06-13T02:46:46.392+0000][1][safepoint    ] Total time for which application threads were stopped: 0.0013949 seconds, Stopping threads took: 0.0006320 seconds
[2022-06-13T02:46:47.393+0000][1][safepoint    ] Application time: 1.0002596 seconds
[2022-06-13T02:46:47.393+0000][1][safepoint    ] Entering safepoint region: Cleanup
[2022-06-13T02:46:47.394+0000][1][safepoint    ] Leaving safepoint region
[2022-06-13T02:46:47.394+0000][1][safepoint    ] Total time for which application threads were stopped: 0.0005453 seconds, Stopping threads took: 0.0002261 seconds
[2022-06-13T02:46:48.394+0000][1][safepoint    ] Application time: 1.0001295 seconds
[2022-06-13T02:46:48.395+0000][1][safepoint    ] Entering safepoint region: Cleanup
[2022-06-13T02:46:48.395+0000][1][safepoint    ] Leaving safepoint region
[2022-06-13T02:46:48.395+0000][1][safepoint    ] Total time for which application threads were stopped: 0.0003739 seconds, Stopping threads took: 0.0001850 seconds
[2022-06-13T02:46:49.395+0000][1][safepoint    ] Application time: 1.0002048 seconds
[2022-06-13T02:46:49.396+0000][1][safepoint    ] Entering safepoint region: Cleanup
[2022-06-13T02:46:49.396+0000][1][safepoint    ] Leaving safepoint region
[2022-06-13T02:46:49.397+0000][1][safepoint    ] Total time for which application threads were stopped: 0.0008043 seconds, Stopping threads took: 0.0004051 seconds
[2022-06-13T02:46:50.397+0000][1][safepoint    ] Application time: 1.0002735 seconds
[2022-06-13T02:46:50.398+0000][1][safepoint    ] Entering safepoint region: Cleanup
[2022-06-13T02:46:50.399+0000][1][safepoint    ] Leaving safepoint region
[2022-06-13T02:46:50.399+0000][1][safepoint    ] Total time for which application threads were stopped: 0.0009380 seconds, Stopping threads took: 0.0004620 seconds
[2022-06-13T02:46:51.400+0000][1][safepoint    ] Application time: 1.0002471 seconds
[2022-06-13T02:46:51.400+0000][1][safepoint    ] Entering safepoint region: Cleanup
[2022-06-13T02:46:51.401+0000][1][safepoint    ] Leaving safepoint region
[2022-06-13T02:46:51.401+0000][1][safepoint    ] Total time for which application threads were stopped: 0.0007541 seconds, Stopping threads took: 0.0003758 seconds
[2022-06-13T02:46:52.402+0000][1][safepoint    ] Application time: 1.0002514 seconds
[2022-06-13T02:46:52.402+0000][1][safepoint    ] Entering safepoint region: Cleanup
[2022-06-13T02:46:52.403+0000][1][safepoint    ] Leaving safepoint region
[2022-06-13T02:46:52.403+0000][1][safepoint    ] Total time for which application threads were stopped: 0.0012756 seconds, Stopping threads took: 0.0006183 seconds
[2022-06-13T02:46:53.404+0000][1][safepoint    ] Application time: 1.0001652 seconds
[2022-06-13T02:46:53.404+0000][1][safepoint    ] Entering safepoint region: Cleanup
[2022-06-13T02:46:53.405+0000][1][safepoint    ] Leaving safepoint region
[2022-06-13T02:46:53.405+0000][1][safepoint    ] Total time for which application threads were stopped: 0.0006547 seconds, Stopping threads took: 0.0002574 seconds
[2022-06-13T02:46:54.406+0000][1][safepoint    ] Application time: 1.0001425 seconds
[2022-06-13T02:46:54.406+0000][1][safepoint    ] Entering safepoint region: Cleanup
[2022-06-13T02:46:54.406+0000][1][safepoint    ] Leaving safepoint region
[2022-06-13T02:46:54.406+0000][1][safepoint    ] Total time for which application threads were stopped: 0.0004015 seconds, Stopping threads took: 0.0001840 seconds
[2022-06-13T02:46:55.407+0000][1][safepoint    ] Application time: 1.0002880 seconds
[2022-06-13T02:46:55.407+0000][1][safepoint    ] Entering safepoint region: Cleanup
[2022-06-13T02:46:55.408+0000][1][safepoint    ] Leaving safepoint region
[2022-06-13T02:46:55.409+0000][1][safepoint    ] Total time for which application threads were stopped: 0.0016230 seconds, Stopping threads took: 0.0008441 seconds
[2022-06-13T02:46:56.410+0000][1][safepoint    ] Application time: 1.0002009 seconds
[2022-06-13T02:46:56.410+0000][1][safepoint    ] Entering safepoint region: Cleanup
[2022-06-13T02:46:56.411+0000][1][safepoint    ] Leaving safepoint region
[2022-06-13T02:46:56.411+0000][1][safepoint    ] Total time for which application threads were stopped: 0.0005793 seconds, Stopping threads took: 0.0002237 seconds
[2022-06-13T02:46:57.411+0000][1][safepoint    ] Application time: 1.0001148 seconds
[2022-06-13T02:46:57.412+0000][1][safepoint    ] Entering safepoint region: Cleanup
[2022-06-13T02:46:57.413+0000][1][safepoint    ] Leaving safepoint region
[2022-06-13T02:46:57.413+0000][1][safepoint    ] Total time for which application threads were stopped: 0.0011837 seconds, Stopping threads took: 0.0005093 seconds
[2022-06-13T02:46:58.414+0000][1][safepoint    ] Application time: 1.0001321 seconds
[2022-06-13T02:46:58.414+0000][1][safepoint    ] Entering safepoint region: Cleanup
[2022-06-13T02:46:58.415+0000][1][safepoint    ] Leaving safepoint region
[2022-06-13T02:46:58.415+0000][1][safepoint    ] Total time for which application threads were stopped: 0.0004951 seconds, Stopping threads took: 0.0002491 seconds
[2022-06-13T02:46:59.415+0000][1][safepoint    ] Application time: 1.0001718 seconds
[2022-06-13T02:46:59.415+0000][1][safepoint    ] Entering safepoint region: Cleanup
[2022-06-13T02:46:59.416+0000][1][safepoint    ] Leaving safepoint region
[2022-06-13T02:46:59.416+0000][1][safepoint    ] Total time for which application threads were stopped: 0.0006682 seconds, Stopping threads took: 0.0003069 seconds
[2022-06-13T02:47:00.417+0000][1][safepoint    ] Application time: 1.0001629 seconds
[2022-06-13T02:47:00.417+0000][1][safepoint    ] Entering safepoint region: Cleanup
[2022-06-13T02:47:00.417+0000][1][safepoint    ] Leaving safepoint region
[2022-06-13T02:47:00.418+0000][1][safepoint    ] Total time for which application threads were stopped: 0.0005929 seconds, Stopping threads took: 0.0002862 seconds
[2022-06-13T02:47:01.418+0000][1][safepoint    ] Application time: 1.0002947 seconds
[2022-06-13T02:47:01.419+0000][1][safepoint    ] Entering safepoint region: Cleanup
[2022-06-13T02:47:01.420+0000][1][safepoint    ] Leaving safepoint region
[2022-06-13T02:47:01.420+0000][1][safepoint    ] Total time for which application threads were stopped: 0.0013276 seconds, Stopping threads took: 0.0006217 seconds
[2022-06-13T02:47:02.421+0000][1][safepoint    ] Application time: 1.0003062 seconds
[2022-06-13T02:47:02.422+0000][1][safepoint    ] Entering safepoint region: Cleanup
[2022-06-13T02:47:02.422+0000][1][safepoint    ] Leaving safepoint region
[2022-06-13T02:47:02.423+0000][1][safepoint    ] Total time for which application threads were stopped: 0.0008426 seconds, Stopping threads took: 0.0003824 seconds
[2022-06-13T02:47:03.424+0000][1][safepoint    ] Application time: 1.0002658 seconds
[2022-06-13T02:47:03.424+0000][1][safepoint    ] Entering safepoint region: Cleanup
[2022-06-13T02:47:03.425+0000][1][safepoint    ] Leaving safepoint region
[2022-06-13T02:47:03.425+0000][1][safepoint    ] Total time for which application threads were stopped: 0.0005794 seconds, Stopping threads took: 0.0002673 seconds
[2022-06-13T02:47:04.425+0000][1][safepoint    ] Application time: 1.0002320 seconds
[2022-06-13T02:47:04.426+0000][1][safepoint    ] Entering safepoint region: Cleanup
[2022-06-13T02:47:04.426+0000][1][safepoint    ] Leaving safepoint region
[2022-06-13T02:47:04.426+0000][1][safepoint    ] Total time for which application threads were stopped: 0.0006246 seconds, Stopping threads took: 0.0002483 seconds
[2022-06-13T02:47:05.427+0000][1][safepoint    ] Application time: 1.0002024 seconds
[2022-06-13T02:47:05.427+0000][1][safepoint    ] Entering safepoint region: Cleanup
[2022-06-13T02:47:05.428+0000][1][safepoint    ] Leaving safepoint region
[2022-06-13T02:47:05.428+0000][1][safepoint    ] Total time for which application threads were stopped: 0.0010247 seconds, Stopping threads took: 0.0005102 seconds
[2022-06-13T02:47:06.429+0000][1][safepoint    ] Application time: 1.0002030 seconds
[2022-06-13T02:47:06.429+0000][1][safepoint    ] Entering safepoint region: Cleanup
[2022-06-13T02:47:06.430+0000][1][safepoint    ] Leaving safepoint region
[2022-06-13T02:47:06.430+0000][1][safepoint    ] Total time for which application threads were stopped: 0.0009044 seconds, Stopping threads took: 0.0003696 seconds
[2022-06-13T02:47:07.430+0000][1][safepoint    ] Application time: 1.0001337 seconds
[2022-06-13T02:47:07.431+0000][1][safepoint    ] Entering safepoint region: Cleanup
[2022-06-13T02:47:07.431+0000][1][safepoint    ] Leaving safepoint region
[2022-06-13T02:47:07.432+0000][1][safepoint    ] Total time for which application threads were stopped: 0.0008227 seconds, Stopping threads took: 0.0003489 seconds
[2022-06-13T02:47:08.432+0000][1][safepoint    ] Application time: 1.0001610 seconds
[2022-06-13T02:47:08.433+0000][1][safepoint    ] Entering safepoint region: Cleanup
[2022-06-13T02:47:08.433+0000][1][safepoint    ] Leaving safepoint region
[2022-06-13T02:47:08.433+0000][1][safepoint    ] Total time for which application threads were stopped: 0.0007156 seconds, Stopping threads took: 0.0003367 seconds
[2022-06-13T02:47:09.434+0000][1][safepoint    ] Application time: 1.0001581 seconds
[2022-06-13T02:47:09.434+0000][1][safepoint    ] Entering safepoint region: Cleanup
[2022-06-13T02:47:09.434+0000][1][safepoint    ] Leaving safepoint region
[2022-06-13T02:47:09.435+0000][1][safepoint    ] Total time for which application threads were stopped: 0.0006110 seconds, Stopping threads took: 0.0002065 seconds
[2022-06-13T02:47:10.435+0000][1][safepoint    ] Application time: 1.0001428 seconds
[2022-06-13T02:47:10.435+0000][1][safepoint    ] Entering safepoint region: Cleanup
[2022-06-13T02:47:10.436+0000][1][safepoint    ] Leaving safepoint region
[2022-06-13T02:47:10.436+0000][1][safepoint    ] Total time for which application threads were stopped: 0.0005682 seconds, Stopping threads took: 0.0002545 seconds
[2022-06-13T02:47:11.436+0000][1][safepoint    ] Application time: 1.0001831 seconds
[2022-06-13T02:47:11.437+0000][1][safepoint    ] Entering safepoint region: Cleanup
[2022-06-13T02:47:11.437+0000][1][safepoint    ] Leaving safepoint region
[2022-06-13T02:47:11.438+0000][1][safepoint    ] Total time for which application threads were stopped: 0.0007896 seconds, Stopping threads took: 0.0003328 seconds
[2022-06-13T02:47:12.438+0000][1][safepoint    ] Application time: 1.0002056 seconds
[2022-06-13T02:47:12.439+0000][1][safepoint    ] Entering safepoint region: Cleanup
[2022-06-13T02:47:12.439+0000][1][safepoint    ] Leaving safepoint region
[2022-06-13T02:47:12.439+0000][1][safepoint    ] Total time for which application threads were stopped: 0.0008116 seconds, Stopping threads took: 0.0003813 seconds
[2022-06-13T02:47:13.440+0000][1][safepoint    ] Application time: 1.0001150 seconds
[2022-06-13T02:47:13.441+0000][1][safepoint    ] Entering safepoint region: Cleanup
[2022-06-13T02:47:13.441+0000][1][safepoint    ] Leaving safepoint region
[2022-06-13T02:47:13.441+0000][1][safepoint    ] Total time for which application threads were stopped: 0.0009052 seconds, Stopping threads took: 0.0004559 seconds
[2022-06-13T02:47:14.442+0000][1][safepoint    ] Application time: 1.0001150 seconds
[2022-06-13T02:47:14.442+0000][1][safepoint    ] Entering safepoint region: Cleanup
[2022-06-13T02:47:14.443+0000][1][safepoint    ] Leaving safepoint region
[2022-06-13T02:47:14.443+0000][1][safepoint    ] Total time for which application threads were stopped: 0.0007878 seconds, Stopping threads took: 0.0003731 seconds
[2022-06-13T02:47:15.443+0000][1][safepoint    ] Application time: 1.0001930 seconds
[2022-06-13T02:47:15.444+0000][1][safepoint    ] Entering safepoint region: Cleanup
[2022-06-13T02:47:15.444+0000][1][safepoint    ] Leaving safepoint region
[2022-06-13T02:47:15.445+0000][1][safepoint    ] Total time for which application threads were stopped: 0.0008029 seconds, Stopping threads took: 0.0002896 seconds
[2022-06-13T02:47:16.445+0000][1][safepoint    ] Application time: 1.0002113 seconds
[2022-06-13T02:47:16.446+0000][1][safepoint    ] Entering safepoint region: Cleanup
[2022-06-13T02:47:16.446+0000][1][safepoint    ] Leaving safepoint region
[2022-06-13T02:47:16.446+0000][1][safepoint    ] Total time for which application threads were stopped: 0.0006986 seconds, Stopping threads took: 0.0002369 seconds
[2022-06-13T02:47:17.447+0000][1][safepoint    ] Application time: 1.0001496 seconds
[2022-06-13T02:47:17.447+0000][1][safepoint    ] Entering safepoint region: Cleanup
[2022-06-13T02:47:17.448+0000][1][safepoint    ] Leaving safepoint region
[2022-06-13T02:47:17.448+0000][1][safepoint    ] Total time for which application threads were stopped: 0.0006735 seconds, Stopping threads took: 0.0002046 seconds
[2022-06-13T02:47:18.449+0000][1][safepoint    ] Application time: 1.0001894 seconds
[2022-06-13T02:47:18.449+0000][1][safepoint    ] Entering safepoint region: Cleanup
[2022-06-13T02:47:18.450+0000][1][safepoint    ] Leaving safepoint region
[2022-06-13T02:47:18.450+0000][1][safepoint    ] Total time for which application threads were stopped: 0.0008212 seconds, Stopping threads took: 0.0004367 seconds
[2022-06-13T02:47:19.450+0000][1][safepoint    ] Application time: 1.0001291 seconds
[2022-06-13T02:47:19.451+0000][1][safepoint    ] Entering safepoint region: Cleanup
[2022-06-13T02:47:19.451+0000][1][safepoint    ] Leaving safepoint region
[2022-06-13T02:47:19.451+0000][1][safepoint    ] Total time for which application threads were stopped: 0.0003631 seconds, Stopping threads took: 0.0001617 seconds
[2022-06-13T02:47:19.534+0000][1][safepoint    ] Application time: 0.0826505 seconds
[2022-06-13T02:47:19.534+0000][1][safepoint    ] Entering safepoint region: RevokeBias
[2022-06-13T02:47:19.535+0000][1][safepoint    ] Leaving safepoint region
[2022-06-13T02:47:19.535+0000][1][safepoint    ] Total time for which application threads were stopped: 0.0006835 seconds, Stopping threads took: 0.0002921 seconds
[2022-06-13T02:47:19.535+0000][1][safepoint    ] Application time: 0.0001267 seconds
[2022-06-13T02:47:19.535+0000][1][safepoint    ] Entering safepoint region: RevokeBias
[2022-06-13T02:47:19.536+0000][1][safepoint    ] Leaving safepoint region
[2022-06-13T02:47:19.536+0000][1][safepoint    ] Total time for which application threads were stopped: 0.0004989 seconds, Stopping threads took: 0.0002303 seconds
[2022-06-13T02:47:19.537+0000][1][safepoint    ] Application time: 0.0007081 seconds
[2022-06-13T02:47:19.537+0000][1][safepoint    ] Entering safepoint region: RevokeBias
[2022-06-13T02:47:19.537+0000][1][safepoint    ] Leaving safepoint region
[2022-06-13T02:47:19.538+0000][1][safepoint    ] Total time for which application threads were stopped: 0.0006041 seconds, Stopping threads took: 0.0002292 seconds
[2022-06-13T02:47:19.538+0000][1][safepoint    ] Application time: 0.0001696 seconds
[2022-06-13T02:47:19.538+0000][1][safepoint    ] Entering safepoint region: RevokeBias
[2022-06-13T02:47:19.538+0000][1][safepoint    ] Leaving safepoint region
[2022-06-13T02:47:19.539+0000][1][safepoint    ] Total time for which application threads were stopped: 0.0004207 seconds, Stopping threads took: 0.0001642 seconds
[2022-06-13T02:47:19.539+0000][1][safepoint    ] Application time: 0.0006195 seconds
[2022-06-13T02:47:19.540+0000][1][safepoint    ] Entering safepoint region: RevokeBias
[2022-06-13T02:47:19.540+0000][1][safepoint    ] Leaving safepoint region
[2022-06-13T02:47:19.541+0000][1][safepoint    ] Total time for which application threads were stopped: 0.0016572 seconds, Stopping threads took: 0.0004651 seconds
[2022-06-13T02:47:19.543+0000][1][safepoint    ] Application time: 0.0013078 seconds
[2022-06-13T02:47:19.544+0000][1][safepoint    ] Entering safepoint region: RevokeBias
[2022-06-13T02:47:19.544+0000][1][safepoint    ] Leaving safepoint region
[2022-06-13T02:47:19.545+0000][1][safepoint    ] Total time for which application threads were stopped: 0.0011568 seconds, Stopping threads took: 0.0005809 seconds
[2022-06-13T02:47:19.546+0000][1][safepoint    ] Application time: 0.0008063 seconds
[2022-06-13T02:47:19.546+0000][1][safepoint    ] Entering safepoint region: RevokeBias
[2022-06-13T02:47:19.548+0000][1][safepoint    ] Leaving safepoint region
[2022-06-13T02:47:19.548+0000][1][safepoint    ] Total time for which application threads were stopped: 0.0022442 seconds, Stopping threads took: 0.0006856 seconds
[2022-06-13T02:47:19.549+0000][1][safepoint    ] Application time: 0.0005539 seconds
[2022-06-13T02:47:19.549+0000][1][safepoint    ] Entering safepoint region: RevokeBias
[2022-06-13T02:47:19.550+0000][1][safepoint    ] Leaving safepoint region
[2022-06-13T02:47:19.550+0000][1][safepoint    ] Total time for which application threads were stopped: 0.0004505 seconds, Stopping threads took: 0.0002360 seconds
[2022-06-13T02:47:19.550+0000][1][safepoint    ] Application time: 0.0001596 seconds
[2022-06-13T02:47:19.550+0000][1][safepoint    ] Entering safepoint region: RevokeBias
[2022-06-13T02:47:19.551+0000][1][safepoint    ] Leaving safepoint region
[2022-06-13T02:47:19.551+0000][1][safepoint    ] Total time for which application threads were stopped: 0.0006290 seconds, Stopping threads took: 0.0003435 seconds
[2022-06-13T02:47:19.552+0000][1][safepoint    ] Application time: 0.0006291 seconds
[2022-06-13T02:47:19.552+0000][1][safepoint    ] Entering safepoint region: RevokeBias
[2022-06-13T02:47:19.552+0000][1][safepoint    ] Leaving safepoint region
[2022-06-13T02:47:19.552+0000][1][safepoint    ] Total time for which application threads were stopped: 0.0004541 seconds, Stopping threads took: 0.0002437 seconds
[2022-06-13T02:47:19.553+0000][1][safepoint    ] Application time: 0.0000983 seconds
[2022-06-13T02:47:19.553+0000][1][safepoint    ] Entering safepoint region: RevokeBias
[2022-06-13T02:47:19.553+0000][1][safepoint    ] Leaving safepoint region
[2022-06-13T02:47:19.553+0000][1][safepoint    ] Total time for which application threads were stopped: 0.0005641 seconds, Stopping threads took: 0.0003077 seconds
[2022-06-13T02:47:19.554+0000][1][safepoint    ] Application time: 0.0006057 seconds
[2022-06-13T02:47:19.555+0000][1][safepoint    ] Entering safepoint region: RevokeBias
[2022-06-13T02:47:19.555+0000][1][safepoint    ] Leaving safepoint region
[2022-06-13T02:47:19.555+0000][1][safepoint    ] Total time for which application threads were stopped: 0.0007591 seconds, Stopping threads took: 0.0003568 seconds
[2022-06-13T02:47:19.556+0000][1][safepoint    ] Application time: 0.0001855 seconds
[2022-06-13T02:47:19.556+0000][1][safepoint    ] Entering safepoint region: RevokeBias
[2022-06-13T02:47:19.556+0000][1][safepoint    ] Leaving safepoint region
[2022-06-13T02:47:19.556+0000][1][safepoint    ] Total time for which application threads were stopped: 0.0005532 seconds, Stopping threads took: 0.0003250 seconds
[2022-06-13T02:47:19.557+0000][1][safepoint    ] Application time: 0.0005240 seconds
[2022-06-13T02:47:19.558+0000][1][safepoint    ] Entering safepoint region: RevokeBias
[2022-06-13T02:47:19.558+0000][1][safepoint    ] Leaving safepoint region
[2022-06-13T02:47:19.558+0000][1][safepoint    ] Total time for which application threads were stopped: 0.0010055 seconds, Stopping threads took: 0.0005661 seconds
[2022-06-13T02:47:19.559+0000][1][safepoint    ] Application time: 0.0002780 seconds
[2022-06-13T02:47:19.559+0000][1][safepoint    ] Entering safepoint region: RevokeBias
[2022-06-13T02:47:19.560+0000][1][safepoint    ] Leaving safepoint region
[2022-06-13T02:47:19.560+0000][1][safepoint    ] Total time for which application threads were stopped: 0.0012261 seconds, Stopping threads took: 0.0007557 seconds
[2022-06-13T02:47:19.561+0000][1][safepoint    ] Application time: 0.0003666 seconds
[2022-06-13T02:47:19.562+0000][1][safepoint    ] Entering safepoint region: RevokeBias
[2022-06-13T02:47:19.562+0000][1][safepoint    ] Leaving safepoint region
[2022-06-13T02:47:19.563+0000][1][safepoint    ] Total time for which application threads were stopped: 0.0013150 seconds, Stopping threads took: 0.0006955 seconds
[2022-06-13T02:47:19.564+0000][1][safepoint    ] Application time: 0.0005303 seconds
[2022-06-13T02:47:19.564+0000][1][safepoint    ] Entering safepoint region: RevokeBias
[2022-06-13T02:47:19.565+0000][1][safepoint    ] Leaving safepoint region
[2022-06-13T02:47:19.566+0000][1][safepoint    ] Total time for which application threads were stopped: 0.0013651 seconds, Stopping threads took: 0.0003335 seconds
[2022-06-13T02:47:19.566+0000][1][safepoint    ] Application time: 0.0006132 seconds
[2022-06-13T02:47:19.567+0000][1][safepoint    ] Entering safepoint region: RevokeBias
[2022-06-13T02:47:19.568+0000][1][safepoint    ] Leaving safepoint region
[2022-06-13T02:47:19.568+0000][1][safepoint    ] Total time for which application threads were stopped: 0.0010879 seconds, Stopping threads took: 0.0006756 seconds
[2022-06-13T02:47:19.569+0000][1][safepoint    ] Application time: 0.0001763 seconds
[2022-06-13T02:47:19.569+0000][1][safepoint    ] Entering safepoint region: RevokeBias
[2022-06-13T02:47:19.569+0000][1][safepoint    ] Leaving safepoint region
[2022-06-13T02:47:19.570+0000][1][safepoint    ] Total time for which application threads were stopped: 0.0008992 seconds, Stopping threads took: 0.0004403 seconds
[2022-06-13T02:47:19.571+0000][1][safepoint    ] Application time: 0.0004800 seconds
[2022-06-13T02:47:19.571+0000][1][safepoint    ] Entering safepoint region: RevokeBias
[2022-06-13T02:47:19.571+0000][1][safepoint    ] Leaving safepoint region
[2022-06-13T02:47:19.572+0000][1][safepoint    ] Total time for which application threads were stopped: 0.0008353 seconds, Stopping threads took: 0.0004049 seconds
[2022-06-13T02:47:19.572+0000][1][safepoint    ] Application time: 0.0001114 seconds
[2022-06-13T02:47:19.572+0000][1][safepoint    ] Entering safepoint region: RevokeBias
[2022-06-13T02:47:19.573+0000][1][safepoint    ] Leaving safepoint region
[2022-06-13T02:47:19.573+0000][1][safepoint    ] Total time for which application threads were stopped: 0.0009805 seconds, Stopping threads took: 0.0005287 seconds
[2022-06-13T02:47:19.574+0000][1][safepoint    ] Application time: 0.0001922 seconds
[2022-06-13T02:47:19.574+0000][1][safepoint    ] Entering safepoint region: RevokeBias
[2022-06-13T02:47:19.574+0000][1][safepoint    ] Leaving safepoint region
[2022-06-13T02:47:19.575+0000][1][safepoint    ] Total time for which application threads were stopped: 0.0006682 seconds, Stopping threads took: 0.0002940 seconds
[2022-06-13T02:47:19.575+0000][1][safepoint    ] Application time: 0.0002598 seconds
[2022-06-13T02:47:19.576+0000][1][safepoint    ] Entering safepoint region: RevokeBias
[2022-06-13T02:47:19.576+0000][1][safepoint    ] Leaving safepoint region
[2022-06-13T02:47:19.577+0000][1][safepoint    ] Total time for which application threads were stopped: 0.0010091 seconds, Stopping threads took: 0.0003967 seconds
[2022-06-13T02:47:19.577+0000][1][safepoint    ] Application time: 0.0002309 seconds
[2022-06-13T02:47:19.578+0000][1][safepoint    ] Entering safepoint region: RevokeBias
[2022-06-13T02:47:19.578+0000][1][safepoint    ] Leaving safepoint region
[2022-06-13T02:47:19.578+0000][1][safepoint    ] Total time for which application threads were stopped: 0.0008677 seconds, Stopping threads took: 0.0004618 seconds
[2022-06-13T02:47:19.579+0000][1][safepoint    ] Application time: 0.0002656 seconds
[2022-06-13T02:47:19.579+0000][1][safepoint    ] Entering safepoint region: RevokeBias
[2022-06-13T02:47:19.580+0000][1][safepoint    ] Leaving safepoint region
[2022-06-13T02:47:19.580+0000][1][safepoint    ] Total time for which application threads were stopped: 0.0010844 seconds, Stopping threads took: 0.0007207 seconds
[2022-06-13T02:47:19.580+0000][1][safepoint    ] Application time: 0.0001239 seconds
[2022-06-13T02:47:19.581+0000][1][safepoint    ] Entering safepoint region: RevokeBias
[2022-06-13T02:47:19.581+0000][1][safepoint    ] Leaving safepoint region
[2022-06-13T02:47:19.581+0000][1][safepoint    ] Total time for which application threads were stopped: 0.0006172 seconds, Stopping threads took: 0.0002915 seconds
[2022-06-13T02:47:19.582+0000][1][safepoint    ] Application time: 0.0007220 seconds
[2022-06-13T02:47:19.583+0000][1][safepoint    ] Entering safepoint region: RevokeBias
[2022-06-13T02:47:19.583+0000][1][safepoint    ] Leaving safepoint region
[2022-06-13T02:47:19.583+0000][1][safepoint    ] Total time for which application threads were stopped: 0.0003070 seconds, Stopping threads took: 0.0001555 seconds
[2022-06-13T02:47:19.583+0000][1][safepoint    ] Application time: 0.0002056 seconds
[2022-06-13T02:47:19.583+0000][1][safepoint    ] Entering safepoint region: RevokeBias
[2022-06-13T02:47:19.584+0000][1][safepoint    ] Leaving safepoint region
[2022-06-13T02:47:19.584+0000][1][safepoint    ] Total time for which application threads were stopped: 0.0003170 seconds, Stopping threads took: 0.0001668 seconds
[2022-06-13T02:47:19.584+0000][1][safepoint    ] Application time: 0.0001114 seconds
[2022-06-13T02:47:19.584+0000][1][safepoint    ] Entering safepoint region: RevokeBias
[2022-06-13T02:47:19.584+0000][1][safepoint    ] Leaving safepoint region
[2022-06-13T02:47:19.584+0000][1][safepoint    ] Total time for which application threads were stopped: 0.0003138 seconds, Stopping threads took: 0.0001492 seconds
[2022-06-13T02:47:19.586+0000][1][safepoint    ] Application time: 0.0010914 seconds
[2022-06-13T02:47:19.586+0000][1][safepoint    ] Entering safepoint region: RevokeBias
[2022-06-13T02:47:19.586+0000][1][safepoint    ] Leaving safepoint region
[2022-06-13T02:47:19.586+0000][1][safepoint    ] Total time for which application threads were stopped: 0.0003112 seconds, Stopping threads took: 0.0001218 seconds
[2022-06-13T02:47:19.674+0000][1][safepoint    ] Application time: 0.0880072 seconds
[2022-06-13T02:47:19.674+0000][1][safepoint    ] Entering safepoint region: RevokeBias
[2022-06-13T02:47:19.675+0000][1][safepoint    ] Leaving safepoint region
[2022-06-13T02:47:19.675+0000][1][safepoint    ] Total time for which application threads were stopped: 0.0004704 seconds, Stopping threads took: 0.0002189 seconds
[2022-06-13T02:47:19.675+0000][1][safepoint    ] Application time: 0.0001947 seconds
[2022-06-13T02:47:19.675+0000][1][safepoint    ] Entering safepoint region: RevokeBias
[2022-06-13T02:47:19.675+0000][1][safepoint    ] Leaving safepoint region
[2022-06-13T02:47:19.676+0000][1][safepoint    ] Total time for which application threads were stopped: 0.0003484 seconds, Stopping threads took: 0.0001371 seconds
[2022-06-13T02:47:19.676+0000][1][safepoint    ] Application time: 0.0002888 seconds
[2022-06-13T02:47:19.676+0000][1][safepoint    ] Entering safepoint region: RevokeBias
[2022-06-13T02:47:19.676+0000][1][safepoint    ] Leaving safepoint region
[2022-06-13T02:47:19.677+0000][1][safepoint    ] Total time for which application threads were stopped: 0.0003142 seconds, Stopping threads took: 0.0001675 seconds
[2022-06-13T02:47:19.677+0000][1][safepoint    ] Application time: 0.0000411 seconds
[2022-06-13T02:47:19.677+0000][1][safepoint    ] Entering safepoint region: RevokeBias
[2022-06-13T02:47:19.677+0000][1][safepoint    ] Leaving safepoint region
[2022-06-13T02:47:19.677+0000][1][safepoint    ] Total time for which application threads were stopped: 0.0003200 seconds, Stopping threads took: 0.0001420 seconds
[2022-06-13T02:47:19.677+0000][1][safepoint    ] Application time: 0.0001053 seconds
[2022-06-13T02:47:19.678+0000][1][safepoint    ] Entering safepoint region: RevokeBias
[2022-06-13T02:47:19.678+0000][1][safepoint    ] Leaving safepoint region
[2022-06-13T02:47:19.678+0000][1][safepoint    ] Total time for which application threads were stopped: 0.0003694 seconds, Stopping threads took: 0.0001631 seconds
[2022-06-13T02:47:19.678+0000][1][safepoint    ] Application time: 0.0001763 seconds
[2022-06-13T02:47:19.678+0000][1][safepoint    ] Entering safepoint region: RevokeBias
[2022-06-13T02:47:19.679+0000][1][safepoint    ] Leaving safepoint region
[2022-06-13T02:47:19.679+0000][1][safepoint    ] Total time for which application threads were stopped: 0.0003676 seconds, Stopping threads took: 0.0001884 seconds
[2022-06-13T02:47:19.679+0000][1][safepoint    ] Application time: 0.0000840 seconds
[2022-06-13T02:47:19.679+0000][1][safepoint    ] Entering safepoint region: RevokeBias
[2022-06-13T02:47:19.679+0000][1][safepoint    ] Leaving safepoint region
[2022-06-13T02:47:19.679+0000][1][safepoint    ] Total time for which application threads were stopped: 0.0003996 seconds, Stopping threads took: 0.0002065 seconds
[2022-06-13T02:47:19.682+0000][1][safepoint    ] Application time: 0.0021970 seconds
[2022-06-13T02:47:19.682+0000][1][safepoint    ] Entering safepoint region: RevokeBias
[2022-06-13T02:47:19.682+0000][1][safepoint    ] Leaving safepoint region
[2022-06-13T02:47:19.682+0000][1][safepoint    ] Total time for which application threads were stopped: 0.0003767 seconds, Stopping threads took: 0.0001569 seconds
[2022-06-13T02:47:19.683+0000][1][safepoint    ] Application time: 0.0004793 seconds
[2022-06-13T02:47:19.683+0000][1][safepoint    ] Entering safepoint region: RevokeBias
[2022-06-13T02:47:19.684+0000][1][safepoint    ] Leaving safepoint region
[2022-06-13T02:47:19.684+0000][1][safepoint    ] Total time for which application threads were stopped: 0.0006446 seconds, Stopping threads took: 0.0004358 seconds
[2022-06-13T02:47:19.684+0000][1][safepoint    ] Application time: 0.0002582 seconds
[2022-06-13T02:47:19.684+0000][1][safepoint    ] Entering safepoint region: RevokeBias
[2022-06-13T02:47:19.684+0000][1][safepoint    ] Leaving safepoint region
[2022-06-13T02:47:19.685+0000][1][safepoint    ] Total time for which application threads were stopped: 0.0003397 seconds, Stopping threads took: 0.0002006 seconds
[2022-06-13T02:47:19.685+0000][1][safepoint    ] Application time: 0.0001302 seconds
[2022-06-13T02:47:19.685+0000][1][safepoint    ] Entering safepoint region: RevokeBias
[2022-06-13T02:47:19.685+0000][1][safepoint    ] Leaving safepoint region
[2022-06-13T02:47:19.685+0000][1][safepoint    ] Total time for which application threads were stopped: 0.0003000 seconds, Stopping threads took: 0.0001760 seconds
[2022-06-13T02:47:19.686+0000][1][safepoint    ] Application time: 0.0005636 seconds
[2022-06-13T02:47:19.686+0000][1][safepoint    ] Entering safepoint region: RevokeBias
[2022-06-13T02:47:19.686+0000][1][safepoint    ] Leaving safepoint region
[2022-06-13T02:47:19.687+0000][1][safepoint    ] Total time for which application threads were stopped: 0.0004174 seconds, Stopping threads took: 0.0002253 seconds
[2022-06-13T02:47:19.687+0000][1][safepoint    ] Application time: 0.0000891 seconds
[2022-06-13T02:47:19.687+0000][1][safepoint    ] Entering safepoint region: BulkRevokeBias
[2022-06-13T02:47:19.687+0000][1][safepoint    ] Leaving safepoint region
[2022-06-13T02:47:19.688+0000][1][safepoint    ] Total time for which application threads were stopped: 0.0006092 seconds, Stopping threads took: 0.0002731 seconds
[2022-06-13T02:47:19.689+0000][1][safepoint    ] Application time: 0.0014903 seconds
[2022-06-13T02:47:19.690+0000][1][safepoint    ] Entering safepoint region: RevokeBias
[2022-06-13T02:47:19.690+0000][1][safepoint    ] Leaving safepoint region
[2022-06-13T02:47:19.690+0000][1][safepoint    ] Total time for which application threads were stopped: 0.0005357 seconds, Stopping threads took: 0.0002400 seconds
[2022-06-13T02:47:19.697+0000][1][safepoint    ] Application time: 0.0061002 seconds
[2022-06-13T02:47:19.697+0000][1][safepoint    ] Entering safepoint region: RevokeBias
[2022-06-13T02:47:19.697+0000][1][safepoint    ] Leaving safepoint region
[2022-06-13T02:47:19.697+0000][1][safepoint    ] Total time for which application threads were stopped: 0.0004696 seconds, Stopping threads took: 0.0001460 seconds
[2022-06-13T02:47:19.698+0000][1][safepoint    ] Application time: 0.0001621 seconds
[2022-06-13T02:47:19.698+0000][1][safepoint    ] Entering safepoint region: RevokeBias
[2022-06-13T02:47:19.698+0000][1][safepoint    ] Leaving safepoint region
[2022-06-13T02:47:19.698+0000][1][safepoint    ] Total time for which application threads were stopped: 0.0002960 seconds, Stopping threads took: 0.0001448 seconds
[2022-06-13T02:47:19.699+0000][1][safepoint    ] Application time: 0.0001731 seconds
[2022-06-13T02:47:19.699+0000][1][safepoint    ] Entering safepoint region: RevokeBias
[2022-06-13T02:47:19.699+0000][1][safepoint    ] Leaving safepoint region
[2022-06-13T02:47:19.699+0000][1][safepoint    ] Total time for which application threads were stopped: 0.0003476 seconds, Stopping threads took: 0.0002008 seconds
[2022-06-13T02:47:19.700+0000][1][safepoint    ] Application time: 0.0004312 seconds
[2022-06-13T02:47:19.700+0000][1][safepoint    ] Entering safepoint region: RevokeBias
[2022-06-13T02:47:19.700+0000][1][safepoint    ] Leaving safepoint region
[2022-06-13T02:47:19.700+0000][1][safepoint    ] Total time for which application threads were stopped: 0.0002567 seconds, Stopping threads took: 0.0001104 seconds
[2022-06-13T02:47:19.701+0000][1][safepoint    ] Application time: 0.0006375 seconds
[2022-06-13T02:47:19.701+0000][1][safepoint    ] Entering safepoint region: RevokeBias
[2022-06-13T02:47:19.701+0000][1][safepoint    ] Leaving safepoint region
[2022-06-13T02:47:19.701+0000][1][safepoint    ] Total time for which application threads were stopped: 0.0003729 seconds, Stopping threads took: 0.0001447 seconds
[2022-06-13T02:47:19.702+0000][1][safepoint    ] Application time: 0.0002486 seconds
[2022-06-13T02:47:19.702+0000][1][safepoint    ] Entering safepoint region: RevokeBias
[2022-06-13T02:47:19.702+0000][1][safepoint    ] Leaving safepoint region
[2022-06-13T02:47:19.702+0000][1][safepoint    ] Total time for which application threads were stopped: 0.0002912 seconds, Stopping threads took: 0.0001369 seconds
[2022-06-13T02:47:19.704+0000][1][safepoint    ] Application time: 0.0013758 seconds
[2022-06-13T02:47:19.704+0000][1][safepoint    ] Entering safepoint region: RevokeBias
[2022-06-13T02:47:19.704+0000][1][safepoint    ] Leaving safepoint region
[2022-06-13T02:47:19.704+0000][1][safepoint    ] Total time for which application threads were stopped: 0.0004175 seconds, Stopping threads took: 0.0002105 seconds
[2022-06-13T02:47:19.705+0000][1][safepoint    ] Application time: 0.0002513 seconds
[2022-06-13T02:47:19.705+0000][1][safepoint    ] Entering safepoint region: RevokeBias
[2022-06-13T02:47:19.705+0000][1][safepoint    ] Leaving safepoint region
[2022-06-13T02:47:19.705+0000][1][safepoint    ] Total time for which application threads were stopped: 0.0002669 seconds, Stopping threads took: 0.0001342 seconds
[2022-06-13T02:47:19.705+0000][1][safepoint    ] Application time: 0.0001040 seconds
[2022-06-13T02:47:19.706+0000][1][safepoint    ] Entering safepoint region: RevokeBias
[2022-06-13T02:47:19.706+0000][1][safepoint    ] Leaving safepoint region
[2022-06-13T02:47:19.706+0000][1][safepoint    ] Total time for which application threads were stopped: 0.0002346 seconds, Stopping threads took: 0.0000982 seconds
[2022-06-13T02:47:19.706+0000][1][safepoint    ] Application time: 0.0004798 seconds
[2022-06-13T02:47:19.707+0000][1][safepoint    ] Entering safepoint region: RevokeBias
[2022-06-13T02:47:19.707+0000][1][safepoint    ] Leaving safepoint region
[2022-06-13T02:47:19.707+0000][1][safepoint    ] Total time for which application threads were stopped: 0.0002374 seconds, Stopping threads took: 0.0001160 seconds
[2022-06-13T02:47:19.708+0000][1][safepoint    ] Application time: 0.0009574 seconds
[2022-06-13T02:47:19.708+0000][1][safepoint    ] Entering safepoint region: RevokeBias
[2022-06-13T02:47:19.708+0000][1][safepoint    ] Leaving safepoint region
[2022-06-13T02:47:19.708+0000][1][safepoint    ] Total time for which application threads were stopped: 0.0002951 seconds, Stopping threads took: 0.0001419 seconds
[2022-06-13T02:47:19.709+0000][1][safepoint    ] Application time: 0.0002665 seconds
[2022-06-13T02:47:19.709+0000][1][safepoint    ] Entering safepoint region: RevokeBias
[2022-06-13T02:47:19.709+0000][1][safepoint    ] Leaving safepoint region
[2022-06-13T02:47:19.709+0000][1][safepoint    ] Total time for which application threads were stopped: 0.0002360 seconds, Stopping threads took: 0.0001081 seconds
[2022-06-13T02:47:19.711+0000][1][gc,heap,exit ] Heap
[2022-06-13T02:47:19.711+0000][1][gc,heap,exit ]  par new generation   total 78656K, used 50876K [0x00000000f0000000, 0x00000000f5550000, 0x00000000f5550000)
[2022-06-13T02:47:19.711+0000][1][gc,heap,exit ]   eden space 69952K,  72% used [0x00000000f0000000, 0x00000000f3182260, 0x00000000f4450000)
[2022-06-13T02:47:19.711+0000][1][gc,heap,exit ]   from space 8704K,   2% used [0x00000000f4450000, 0x00000000f447cee0, 0x00000000f4cd0000)
[2022-06-13T02:47:19.712+0000][1][gc,heap,exit ]   to   space 8704K,   0% used [0x00000000f4cd0000, 0x00000000f4cd0000, 0x00000000f5550000)
[2022-06-13T02:47:19.712+0000][1][gc,heap,exit ]  concurrent mark-sweep generation total 174784K, used 69313K [0x00000000f5550000, 0x0000000100000000, 0x0000000100000000)
[2022-06-13T02:47:19.712+0000][1][gc,heap,exit ]  Metaspace       used 65600K, capacity 70539K, committed 70736K, reserved 1110016K
[2022-06-13T02:47:19.712+0000][1][gc,heap,exit ]   class space    used 8775K, capacity 10833K, committed 10840K, reserved 1048576K
[2022-06-13T02:47:19.712+0000][1][safepoint    ] Application time: 0.0027918 seconds
[2022-06-13T02:47:19.712+0000][1][safepoint    ] Entering safepoint region: Exit
