[2022-06-13T03:24:44.309+0000][1][gc] Using Concurrent Mark Sweep
[2022-06-13T03:24:44.310+0000][1][gc,heap,coops] Heap address: 0x00000000f0000000, size: 256 MB, Compressed Oops mode: 32-bit
[2022-06-13T03:24:44.339+0000][1][safepoint    ] Entering safepoint region: EnableBiasedLocking
[2022-06-13T03:24:44.340+0000][1][safepoint    ] Leaving safepoint region
[2022-06-13T03:24:44.340+0000][1][safepoint    ] Total time for which application threads were stopped: 0.0007447 seconds, Stopping threads took: 0.0005410 seconds
[2022-06-13T03:24:44.342+0000][1][safepoint    ] Application time: 0.0019267 seconds
[2022-06-13T03:24:44.343+0000][1][safepoint    ] Entering safepoint region: RevokeBias
[2022-06-13T03:24:44.387+0000][1][safepoint    ] Leaving safepoint region
[2022-06-13T03:24:44.387+0000][1][safepoint    ] Total time for which application threads were stopped: 0.0444589 seconds, Stopping threads took: 0.0439791 seconds
[2022-06-13T03:24:44.395+0000][1][safepoint    ] Application time: 0.0075563 seconds
[2022-06-13T03:24:44.395+0000][1][safepoint    ] Entering safepoint region: Deoptimize
[2022-06-13T03:24:44.396+0000][1][safepoint    ] Leaving safepoint region
[2022-06-13T03:24:44.396+0000][1][safepoint    ] Total time for which application threads were stopped: 0.0007515 seconds, Stopping threads took: 0.0003237 seconds
[2022-06-13T03:24:44.455+0000][1][safepoint    ] Application time: 0.0588769 seconds
[2022-06-13T03:24:44.455+0000][1][safepoint    ] Entering safepoint region: RevokeBias
[2022-06-13T03:24:44.456+0000][1][safepoint    ] Leaving safepoint region
[2022-06-13T03:24:44.456+0000][1][safepoint    ] Total time for which application threads were stopped: 0.0007715 seconds, Stopping threads took: 0.0004425 seconds
[2022-06-13T03:24:44.477+0000][1][safepoint    ] Application time: 0.0207078 seconds
[2022-06-13T03:24:44.477+0000][1][safepoint    ] Entering safepoint region: Deoptimize
[2022-06-13T03:24:44.478+0000][1][safepoint    ] Leaving safepoint region
[2022-06-13T03:24:44.478+0000][1][safepoint    ] Total time for which application threads were stopped: 0.0006595 seconds, Stopping threads took: 0.0003410 seconds
[2022-06-13T03:24:44.680+0000][1][safepoint    ] Application time: 0.2015486 seconds
[2022-06-13T03:24:44.680+0000][1][safepoint    ] Entering safepoint region: Deoptimize
[2022-06-13T03:24:44.680+0000][1][safepoint    ] Leaving safepoint region
[2022-06-13T03:24:44.680+0000][1][safepoint    ] Total time for which application threads were stopped: 0.0003817 seconds, Stopping threads took: 0.0001029 seconds
[2022-06-13T03:24:44.697+0000][1][safepoint    ] Application time: 0.0168159 seconds
[2022-06-13T03:24:44.697+0000][1][safepoint    ] Entering safepoint region: Deoptimize
[2022-06-13T03:24:44.698+0000][1][safepoint    ] Leaving safepoint region
[2022-06-13T03:24:44.698+0000][1][safepoint    ] Total time for which application threads were stopped: 0.0003921 seconds, Stopping threads took: 0.0001473 seconds
[2022-06-13T03:24:44.718+0000][1][safepoint    ] Application time: 0.0198722 seconds
[2022-06-13T03:24:44.718+0000][1][safepoint    ] Entering safepoint region: Deoptimize
[2022-06-13T03:24:44.718+0000][1][safepoint    ] Leaving safepoint region
[2022-06-13T03:24:44.718+0000][1][safepoint    ] Total time for which application threads were stopped: 0.0003302 seconds, Stopping threads took: 0.0001032 seconds
[2022-06-13T03:24:44.726+0000][1][safepoint    ] Application time: 0.0072630 seconds
[2022-06-13T03:24:44.726+0000][1][safepoint    ] Entering safepoint region: Deoptimize
[2022-06-13T03:24:44.726+0000][1][safepoint    ] Leaving safepoint region
[2022-06-13T03:24:44.726+0000][1][safepoint    ] Total time for which application threads were stopped: 0.0004437 seconds, Stopping threads took: 0.0001562 seconds
[2022-06-13T03:24:44.991+0000][1][safepoint    ] Application time: 0.2643566 seconds
[2022-06-13T03:24:44.991+0000][1][safepoint    ] Entering safepoint region: Deoptimize
[2022-06-13T03:24:44.991+0000][1][safepoint    ] Leaving safepoint region
[2022-06-13T03:24:44.992+0000][1][safepoint    ] Total time for which application threads were stopped: 0.0005063 seconds, Stopping threads took: 0.0001646 seconds
[2022-06-13T03:24:45.149+0000][1][safepoint    ] Application time: 0.1571229 seconds
[2022-06-13T03:24:45.149+0000][1][safepoint    ] Entering safepoint region: RevokeBias
[2022-06-13T03:24:45.150+0000][1][safepoint    ] Leaving safepoint region
[2022-06-13T03:24:45.150+0000][1][safepoint    ] Total time for which application threads were stopped: 0.0006032 seconds, Stopping threads took: 0.0002144 seconds
[2022-06-13T03:24:45.232+0000][1][safepoint    ] Application time: 0.0822381 seconds
[2022-06-13T03:24:45.233+0000][1][safepoint    ] Entering safepoint region: Deoptimize
[2022-06-13T03:24:45.233+0000][1][safepoint    ] Leaving safepoint region
[2022-06-13T03:24:45.233+0000][1][safepoint    ] Total time for which application threads were stopped: 0.0005733 seconds, Stopping threads took: 0.0002072 seconds
[2022-06-13T03:24:45.318+0000][1][safepoint    ] Application time: 0.0841167 seconds
[2022-06-13T03:24:45.318+0000][1][safepoint    ] Entering safepoint region: Deoptimize
[2022-06-13T03:24:45.318+0000][1][safepoint    ] Leaving safepoint region
[2022-06-13T03:24:45.318+0000][1][safepoint    ] Total time for which application threads were stopped: 0.0005052 seconds, Stopping threads took: 0.0001362 seconds
[2022-06-13T03:24:45.319+0000][1][safepoint    ] Application time: 0.0001703 seconds
[2022-06-13T03:24:45.319+0000][1][safepoint    ] Entering safepoint region: Deoptimize
[2022-06-13T03:24:45.319+0000][1][safepoint    ] Leaving safepoint region
[2022-06-13T03:24:45.319+0000][1][safepoint    ] Total time for which application threads were stopped: 0.0005230 seconds, Stopping threads took: 0.0001252 seconds
[2022-06-13T03:24:45.338+0000][1][safepoint    ] Application time: 0.0181457 seconds
[2022-06-13T03:24:45.338+0000][1][safepoint    ] Entering safepoint region: Deoptimize
[2022-06-13T03:24:45.338+0000][1][safepoint    ] Leaving safepoint region
[2022-06-13T03:24:45.338+0000][1][safepoint    ] Total time for which application threads were stopped: 0.0007202 seconds, Stopping threads took: 0.0001513 seconds
[2022-06-13T03:24:45.346+0000][1][safepoint    ] Application time: 0.0077118 seconds
[2022-06-13T03:24:45.347+0000][1][safepoint    ] Entering safepoint region: Deoptimize
[2022-06-13T03:24:45.347+0000][1][safepoint    ] Leaving safepoint region
[2022-06-13T03:24:45.347+0000][1][safepoint    ] Total time for which application threads were stopped: 0.0005782 seconds, Stopping threads took: 0.0001978 seconds
[2022-06-13T03:24:45.352+0000][1][safepoint    ] Application time: 0.0049308 seconds
[2022-06-13T03:24:45.353+0000][1][safepoint    ] Entering safepoint region: RevokeBias
[2022-06-13T03:24:45.353+0000][1][safepoint    ] Leaving safepoint region
[2022-06-13T03:24:45.353+0000][1][safepoint    ] Total time for which application threads were stopped: 0.0003108 seconds, Stopping threads took: 0.0001351 seconds
[2022-06-13T03:24:45.353+0000][1][safepoint    ] Application time: 0.0002550 seconds
[2022-06-13T03:24:45.354+0000][1][safepoint    ] Entering safepoint region: RevokeBias
[2022-06-13T03:24:45.354+0000][1][safepoint    ] Leaving safepoint region
[2022-06-13T03:24:45.354+0000][1][safepoint    ] Total time for which application threads were stopped: 0.0003179 seconds, Stopping threads took: 0.0001584 seconds
[2022-06-13T03:24:45.355+0000][1][safepoint    ] Application time: 0.0000943 seconds
[2022-06-13T03:24:45.355+0000][1][safepoint    ] Entering safepoint region: RevokeBias
[2022-06-13T03:24:45.355+0000][1][safepoint    ] Leaving safepoint region
[2022-06-13T03:24:45.355+0000][1][safepoint    ] Total time for which application threads were stopped: 0.0003296 seconds, Stopping threads took: 0.0001514 seconds
[2022-06-13T03:24:45.355+0000][1][safepoint    ] Application time: 0.0001248 seconds
[2022-06-13T03:24:45.356+0000][1][safepoint    ] Entering safepoint region: RevokeBias
[2022-06-13T03:24:45.356+0000][1][safepoint    ] Leaving safepoint region
[2022-06-13T03:24:45.356+0000][1][safepoint    ] Total time for which application threads were stopped: 0.0003998 seconds, Stopping threads took: 0.0002306 seconds
[2022-06-13T03:24:45.357+0000][1][safepoint    ] Application time: 0.0002041 seconds
[2022-06-13T03:24:45.357+0000][1][safepoint    ] Entering safepoint region: RevokeBias
[2022-06-13T03:24:45.357+0000][1][safepoint    ] Leaving safepoint region
[2022-06-13T03:24:45.357+0000][1][safepoint    ] Total time for which application threads were stopped: 0.0004185 seconds, Stopping threads took: 0.0002117 seconds
[2022-06-13T03:24:45.362+0000][1][safepoint    ] Application time: 0.0049916 seconds
[2022-06-13T03:24:45.363+0000][1][safepoint    ] Entering safepoint region: Deoptimize
[2022-06-13T03:24:45.364+0000][1][safepoint    ] Leaving safepoint region
[2022-06-13T03:24:45.364+0000][1][safepoint    ] Total time for which application threads were stopped: 0.0014232 seconds, Stopping threads took: 0.0008434 seconds
[2022-06-13T03:24:45.423+0000][1][safepoint    ] Application time: 0.0588239 seconds
[2022-06-13T03:24:45.423+0000][1][safepoint    ] Entering safepoint region: GenCollectForAllocation
[2022-06-13T03:24:45.424+0000][1][gc,start     ] GC(0) Pause Young (Allocation Failure)
[2022-06-13T03:24:45.424+0000][1][gc,task      ] GC(0) Using 5 workers of 13 for evacuation
[2022-06-13T03:24:45.431+0000][1][gc,age       ] GC(0) Desired survivor size 4456448 bytes, new threshold 1 (max threshold 6)
[2022-06-13T03:24:45.431+0000][1][gc,age       ] GC(0) Age table with threshold 1 (max threshold 6)
[2022-06-13T03:24:45.431+0000][1][gc,age       ] GC(0) - age   1:    8113904 bytes,    8113904 total
[2022-06-13T03:24:45.431+0000][1][gc,heap      ] GC(0) ParNew: 69952K->8032K(78656K)
[2022-06-13T03:24:45.432+0000][1][gc,heap      ] GC(0) CMS: 0K->0K(174784K)
[2022-06-13T03:24:45.432+0000][1][gc,metaspace ] GC(0) Metaspace: 12373K->12373K(1060864K)
[2022-06-13T03:24:45.432+0000][1][gc           ] GC(0) Pause Young (Allocation Failure) 68M->7M(247M) 8.276ms
[2022-06-13T03:24:45.432+0000][1][gc,cpu       ] GC(0) User=0.04s Sys=0.00s Real=0.01s
[2022-06-13T03:24:45.432+0000][1][safepoint    ] Leaving safepoint region
[2022-06-13T03:24:45.432+0000][1][safepoint    ] Total time for which application threads were stopped: 0.0090503 seconds, Stopping threads took: 0.0001571 seconds
[2022-06-13T03:24:45.433+0000][1][safepoint    ] Application time: 0.0003531 seconds
[2022-06-13T03:24:45.433+0000][1][safepoint    ] Entering safepoint region: RevokeBias
[2022-06-13T03:24:45.433+0000][1][safepoint    ] Leaving safepoint region
[2022-06-13T03:24:45.434+0000][1][safepoint    ] Total time for which application threads were stopped: 0.0004659 seconds, Stopping threads took: 0.0002453 seconds
[2022-06-13T03:24:45.434+0000][1][safepoint    ] Application time: 0.0001166 seconds
[2022-06-13T03:24:45.434+0000][1][safepoint    ] Entering safepoint region: RevokeBias
[2022-06-13T03:24:45.434+0000][1][safepoint    ] Leaving safepoint region
[2022-06-13T03:24:45.434+0000][1][safepoint    ] Total time for which application threads were stopped: 0.0003690 seconds, Stopping threads took: 0.0001624 seconds
[2022-06-13T03:24:45.435+0000][1][safepoint    ] Application time: 0.0000848 seconds
[2022-06-13T03:24:45.435+0000][1][safepoint    ] Entering safepoint region: RevokeBias
[2022-06-13T03:24:45.435+0000][1][safepoint    ] Leaving safepoint region
[2022-06-13T03:24:45.435+0000][1][safepoint    ] Total time for which application threads were stopped: 0.0003333 seconds, Stopping threads took: 0.0001749 seconds
[2022-06-13T03:24:45.435+0000][1][safepoint    ] Application time: 0.0000877 seconds
[2022-06-13T03:24:45.435+0000][1][safepoint    ] Entering safepoint region: RevokeBias
[2022-06-13T03:24:45.435+0000][1][safepoint    ] Leaving safepoint region
[2022-06-13T03:24:45.436+0000][1][safepoint    ] Total time for which application threads were stopped: 0.0002898 seconds, Stopping threads took: 0.0001247 seconds
[2022-06-13T03:24:45.436+0000][1][safepoint    ] Application time: 0.0000864 seconds
[2022-06-13T03:24:45.436+0000][1][safepoint    ] Entering safepoint region: RevokeBias
[2022-06-13T03:24:45.436+0000][1][safepoint    ] Leaving safepoint region
[2022-06-13T03:24:45.436+0000][1][safepoint    ] Total time for which application threads were stopped: 0.0003751 seconds, Stopping threads took: 0.0001739 seconds
[2022-06-13T03:24:45.437+0000][1][safepoint    ] Application time: 0.0000910 seconds
[2022-06-13T03:24:45.437+0000][1][safepoint    ] Entering safepoint region: RevokeBias
[2022-06-13T03:24:45.437+0000][1][safepoint    ] Leaving safepoint region
[2022-06-13T03:24:45.437+0000][1][safepoint    ] Total time for which application threads were stopped: 0.0002937 seconds, Stopping threads took: 0.0001609 seconds
[2022-06-13T03:24:45.437+0000][1][safepoint    ] Application time: 0.0000797 seconds
[2022-06-13T03:24:45.437+0000][1][safepoint    ] Entering safepoint region: RevokeBias
[2022-06-13T03:24:45.438+0000][1][safepoint    ] Leaving safepoint region
[2022-06-13T03:24:45.438+0000][1][safepoint    ] Total time for which application threads were stopped: 0.0002591 seconds, Stopping threads took: 0.0001139 seconds
[2022-06-13T03:24:45.438+0000][1][safepoint    ] Application time: 0.0000736 seconds
[2022-06-13T03:24:45.438+0000][1][safepoint    ] Entering safepoint region: RevokeBias
[2022-06-13T03:24:45.438+0000][1][safepoint    ] Leaving safepoint region
[2022-06-13T03:24:45.438+0000][1][safepoint    ] Total time for which application threads were stopped: 0.0002870 seconds, Stopping threads took: 0.0001481 seconds
[2022-06-13T03:24:45.438+0000][1][safepoint    ] Application time: 0.0000861 seconds
[2022-06-13T03:24:45.439+0000][1][safepoint    ] Entering safepoint region: RevokeBias
[2022-06-13T03:24:45.439+0000][1][safepoint    ] Leaving safepoint region
[2022-06-13T03:24:45.439+0000][1][safepoint    ] Total time for which application threads were stopped: 0.0003536 seconds, Stopping threads took: 0.0001962 seconds
[2022-06-13T03:24:45.439+0000][1][safepoint    ] Application time: 0.0000659 seconds
[2022-06-13T03:24:45.439+0000][1][safepoint    ] Entering safepoint region: RevokeBias
[2022-06-13T03:24:45.439+0000][1][safepoint    ] Leaving safepoint region
[2022-06-13T03:24:45.440+0000][1][safepoint    ] Total time for which application threads were stopped: 0.0003326 seconds, Stopping threads took: 0.0001510 seconds
[2022-06-13T03:24:45.440+0000][1][safepoint    ] Application time: 0.0001001 seconds
[2022-06-13T03:24:45.440+0000][1][safepoint    ] Entering safepoint region: RevokeBias
[2022-06-13T03:24:45.440+0000][1][safepoint    ] Leaving safepoint region
[2022-06-13T03:24:45.440+0000][1][safepoint    ] Total time for which application threads were stopped: 0.0002921 seconds, Stopping threads took: 0.0001725 seconds
[2022-06-13T03:24:45.440+0000][1][safepoint    ] Application time: 0.0001004 seconds
[2022-06-13T03:24:45.441+0000][1][safepoint    ] Entering safepoint region: RevokeBias
[2022-06-13T03:24:45.441+0000][1][safepoint    ] Leaving safepoint region
[2022-06-13T03:24:45.441+0000][1][safepoint    ] Total time for which application threads were stopped: 0.0004254 seconds, Stopping threads took: 0.0002520 seconds
[2022-06-13T03:24:45.441+0000][1][safepoint    ] Application time: 0.0001088 seconds
[2022-06-13T03:24:45.441+0000][1][safepoint    ] Entering safepoint region: RevokeBias
[2022-06-13T03:24:45.442+0000][1][safepoint    ] Leaving safepoint region
[2022-06-13T03:24:45.442+0000][1][safepoint    ] Total time for which application threads were stopped: 0.0003040 seconds, Stopping threads took: 0.0001451 seconds
[2022-06-13T03:24:45.442+0000][1][safepoint    ] Application time: 0.0000934 seconds
[2022-06-13T03:24:45.442+0000][1][safepoint    ] Entering safepoint region: RevokeBias
[2022-06-13T03:24:45.442+0000][1][safepoint    ] Leaving safepoint region
[2022-06-13T03:24:45.442+0000][1][safepoint    ] Total time for which application threads were stopped: 0.0003541 seconds, Stopping threads took: 0.0002053 seconds
[2022-06-13T03:24:45.443+0000][1][safepoint    ] Application time: 0.0001052 seconds
[2022-06-13T03:24:45.443+0000][1][safepoint    ] Entering safepoint region: RevokeBias
[2022-06-13T03:24:45.443+0000][1][safepoint    ] Leaving safepoint region
[2022-06-13T03:24:45.443+0000][1][safepoint    ] Total time for which application threads were stopped: 0.0003687 seconds, Stopping threads took: 0.0002028 seconds
[2022-06-13T03:24:45.443+0000][1][safepoint    ] Application time: 0.0000869 seconds
[2022-06-13T03:24:45.444+0000][1][safepoint    ] Entering safepoint region: RevokeBias
[2022-06-13T03:24:45.444+0000][1][safepoint    ] Leaving safepoint region
[2022-06-13T03:24:45.444+0000][1][safepoint    ] Total time for which application threads were stopped: 0.0003037 seconds, Stopping threads took: 0.0001571 seconds
[2022-06-13T03:24:45.444+0000][1][safepoint    ] Application time: 0.0001014 seconds
[2022-06-13T03:24:45.444+0000][1][safepoint    ] Entering safepoint region: RevokeBias
[2022-06-13T03:24:45.444+0000][1][safepoint    ] Leaving safepoint region
[2022-06-13T03:24:45.445+0000][1][safepoint    ] Total time for which application threads were stopped: 0.0003247 seconds, Stopping threads took: 0.0001382 seconds
[2022-06-13T03:24:45.445+0000][1][safepoint    ] Application time: 0.0000994 seconds
[2022-06-13T03:24:45.445+0000][1][safepoint    ] Entering safepoint region: RevokeBias
[2022-06-13T03:24:45.445+0000][1][safepoint    ] Leaving safepoint region
[2022-06-13T03:24:45.445+0000][1][safepoint    ] Total time for which application threads were stopped: 0.0003339 seconds, Stopping threads took: 0.0001911 seconds
[2022-06-13T03:24:45.445+0000][1][safepoint    ] Application time: 0.0000960 seconds
[2022-06-13T03:24:45.446+0000][1][safepoint    ] Entering safepoint region: RevokeBias
[2022-06-13T03:24:45.446+0000][1][safepoint    ] Leaving safepoint region
[2022-06-13T03:24:45.446+0000][1][safepoint    ] Total time for which application threads were stopped: 0.0003320 seconds, Stopping threads took: 0.0001562 seconds
[2022-06-13T03:24:45.446+0000][1][safepoint    ] Application time: 0.0000895 seconds
[2022-06-13T03:24:45.446+0000][1][safepoint    ] Entering safepoint region: RevokeBias
[2022-06-13T03:24:45.446+0000][1][safepoint    ] Leaving safepoint region
[2022-06-13T03:24:45.447+0000][1][safepoint    ] Total time for which application threads were stopped: 0.0002585 seconds, Stopping threads took: 0.0001210 seconds
[2022-06-13T03:24:45.447+0000][1][safepoint    ] Application time: 0.0000994 seconds
[2022-06-13T03:24:45.447+0000][1][safepoint    ] Entering safepoint region: RevokeBias
[2022-06-13T03:24:45.447+0000][1][safepoint    ] Leaving safepoint region
[2022-06-13T03:24:45.447+0000][1][safepoint    ] Total time for which application threads were stopped: 0.0003478 seconds, Stopping threads took: 0.0002084 seconds
[2022-06-13T03:24:45.447+0000][1][safepoint    ] Application time: 0.0000834 seconds
[2022-06-13T03:24:45.448+0000][1][safepoint    ] Entering safepoint region: RevokeBias
[2022-06-13T03:24:45.448+0000][1][safepoint    ] Leaving safepoint region
[2022-06-13T03:24:45.448+0000][1][safepoint    ] Total time for which application threads were stopped: 0.0003393 seconds, Stopping threads took: 0.0001875 seconds
[2022-06-13T03:24:45.448+0000][1][safepoint    ] Application time: 0.0002338 seconds
[2022-06-13T03:24:45.448+0000][1][safepoint    ] Entering safepoint region: RevokeBias
[2022-06-13T03:24:45.449+0000][1][safepoint    ] Leaving safepoint region
[2022-06-13T03:24:45.449+0000][1][safepoint    ] Total time for which application threads were stopped: 0.0002883 seconds, Stopping threads took: 0.0001430 seconds
[2022-06-13T03:24:45.449+0000][1][safepoint    ] Application time: 0.0000709 seconds
[2022-06-13T03:24:45.449+0000][1][safepoint    ] Entering safepoint region: RevokeBias
[2022-06-13T03:24:45.449+0000][1][safepoint    ] Leaving safepoint region
[2022-06-13T03:24:45.449+0000][1][safepoint    ] Total time for which application threads were stopped: 0.0002757 seconds, Stopping threads took: 0.0001482 seconds
[2022-06-13T03:24:45.450+0000][1][safepoint    ] Application time: 0.0000862 seconds
[2022-06-13T03:24:45.450+0000][1][safepoint    ] Entering safepoint region: RevokeBias
[2022-06-13T03:24:45.450+0000][1][safepoint    ] Leaving safepoint region
[2022-06-13T03:24:45.450+0000][1][safepoint    ] Total time for which application threads were stopped: 0.0003413 seconds, Stopping threads took: 0.0002170 seconds
[2022-06-13T03:24:45.450+0000][1][safepoint    ] Application time: 0.0000661 seconds
[2022-06-13T03:24:45.450+0000][1][safepoint    ] Entering safepoint region: RevokeBias
[2022-06-13T03:24:45.451+0000][1][safepoint    ] Leaving safepoint region
[2022-06-13T03:24:45.451+0000][1][safepoint    ] Total time for which application threads were stopped: 0.0002701 seconds, Stopping threads took: 0.0001408 seconds
[2022-06-13T03:24:45.597+0000][1][safepoint    ] Application time: 0.1463938 seconds
[2022-06-13T03:24:45.597+0000][1][safepoint    ] Entering safepoint region: Deoptimize
[2022-06-13T03:24:45.598+0000][1][safepoint    ] Leaving safepoint region
[2022-06-13T03:24:45.598+0000][1][safepoint    ] Total time for which application threads were stopped: 0.0007459 seconds, Stopping threads took: 0.0001255 seconds
[2022-06-13T03:24:45.712+0000][1][safepoint    ] Application time: 0.1136361 seconds
[2022-06-13T03:24:45.712+0000][1][safepoint    ] Entering safepoint region: RevokeBias
[2022-06-13T03:24:45.712+0000][1][safepoint    ] Leaving safepoint region
[2022-06-13T03:24:45.712+0000][1][safepoint    ] Total time for which application threads were stopped: 0.0003232 seconds, Stopping threads took: 0.0001330 seconds
[2022-06-13T03:24:45.781+0000][1][safepoint    ] Application time: 0.0679899 seconds
[2022-06-13T03:24:45.781+0000][1][safepoint    ] Entering safepoint region: RevokeBias
[2022-06-13T03:24:45.781+0000][1][safepoint    ] Leaving safepoint region
[2022-06-13T03:24:45.781+0000][1][safepoint    ] Total time for which application threads were stopped: 0.0003979 seconds, Stopping threads took: 0.0001899 seconds
[2022-06-13T03:24:45.783+0000][1][safepoint    ] Application time: 0.0017076 seconds
[2022-06-13T03:24:45.783+0000][1][safepoint    ] Entering safepoint region: RevokeBias
[2022-06-13T03:24:45.783+0000][1][safepoint    ] Leaving safepoint region
[2022-06-13T03:24:45.784+0000][1][safepoint    ] Total time for which application threads were stopped: 0.0003343 seconds, Stopping threads took: 0.0001516 seconds
[2022-06-13T03:24:45.801+0000][1][safepoint    ] Application time: 0.0172409 seconds
[2022-06-13T03:24:45.801+0000][1][safepoint    ] Entering safepoint region: GenCollectForAllocation
[2022-06-13T03:24:45.801+0000][1][gc,start     ] GC(1) Pause Young (Allocation Failure)
[2022-06-13T03:24:45.802+0000][1][gc,task      ] GC(1) Using 5 workers of 13 for evacuation
[2022-06-13T03:24:45.814+0000][1][gc,age       ] GC(1) Desired survivor size 4456448 bytes, new threshold 6 (max threshold 6)
[2022-06-13T03:24:45.814+0000][1][gc,age       ] GC(1) Age table with threshold 6 (max threshold 6)
[2022-06-13T03:24:45.814+0000][1][gc,age       ] GC(1) - age   1:    1988896 bytes,    1988896 total
[2022-06-13T03:24:45.815+0000][1][gc,heap      ] GC(1) ParNew: 77984K->6428K(78656K)
[2022-06-13T03:24:45.815+0000][1][gc,heap      ] GC(1) CMS: 0K->6690K(174784K)
[2022-06-13T03:24:45.815+0000][1][gc,metaspace ] GC(1) Metaspace: 15007K->15007K(1062912K)
[2022-06-13T03:24:45.815+0000][1][gc           ] GC(1) Pause Young (Allocation Failure) 76M->12M(247M) 13.613ms
[2022-06-13T03:24:45.815+0000][1][gc,cpu       ] GC(1) User=0.07s Sys=0.00s Real=0.01s
[2022-06-13T03:24:45.815+0000][1][safepoint    ] Leaving safepoint region
[2022-06-13T03:24:45.816+0000][1][safepoint    ] Total time for which application threads were stopped: 0.0142993 seconds, Stopping threads took: 0.0001948 seconds
[2022-06-13T03:24:45.816+0000][1][safepoint    ] Application time: 0.0003388 seconds
[2022-06-13T03:24:45.816+0000][1][safepoint    ] Entering safepoint region: RevokeBias
[2022-06-13T03:24:45.817+0000][1][safepoint    ] Leaving safepoint region
[2022-06-13T03:24:45.817+0000][1][safepoint    ] Total time for which application threads were stopped: 0.0004171 seconds, Stopping threads took: 0.0002024 seconds
[2022-06-13T03:24:45.817+0000][1][safepoint    ] Application time: 0.0001069 seconds
[2022-06-13T03:24:45.817+0000][1][safepoint    ] Entering safepoint region: RevokeBias
[2022-06-13T03:24:45.817+0000][1][safepoint    ] Leaving safepoint region
[2022-06-13T03:24:45.817+0000][1][safepoint    ] Total time for which application threads were stopped: 0.0003159 seconds, Stopping threads took: 0.0001696 seconds
[2022-06-13T03:24:45.818+0000][1][safepoint    ] Application time: 0.0000857 seconds
[2022-06-13T03:24:45.818+0000][1][safepoint    ] Entering safepoint region: RevokeBias
[2022-06-13T03:24:45.818+0000][1][safepoint    ] Leaving safepoint region
[2022-06-13T03:24:45.818+0000][1][safepoint    ] Total time for which application threads were stopped: 0.0002694 seconds, Stopping threads took: 0.0001402 seconds
[2022-06-13T03:24:45.818+0000][1][safepoint    ] Application time: 0.0001236 seconds
[2022-06-13T03:24:45.818+0000][1][safepoint    ] Entering safepoint region: RevokeBias
[2022-06-13T03:24:45.819+0000][1][safepoint    ] Leaving safepoint region
[2022-06-13T03:24:45.819+0000][1][safepoint    ] Total time for which application threads were stopped: 0.0003510 seconds, Stopping threads took: 0.0001815 seconds
[2022-06-13T03:24:45.819+0000][1][safepoint    ] Application time: 0.0000905 seconds
[2022-06-13T03:24:45.819+0000][1][safepoint    ] Entering safepoint region: RevokeBias
[2022-06-13T03:24:45.819+0000][1][safepoint    ] Leaving safepoint region
[2022-06-13T03:24:45.819+0000][1][safepoint    ] Total time for which application threads were stopped: 0.0003008 seconds, Stopping threads took: 0.0001414 seconds
[2022-06-13T03:24:45.820+0000][1][safepoint    ] Application time: 0.0000744 seconds
[2022-06-13T03:24:45.820+0000][1][safepoint    ] Entering safepoint region: RevokeBias
[2022-06-13T03:24:45.820+0000][1][safepoint    ] Leaving safepoint region
[2022-06-13T03:24:45.820+0000][1][safepoint    ] Total time for which application threads were stopped: 0.0002412 seconds, Stopping threads took: 0.0001011 seconds
[2022-06-13T03:24:45.820+0000][1][safepoint    ] Application time: 0.0000801 seconds
[2022-06-13T03:24:45.820+0000][1][safepoint    ] Entering safepoint region: RevokeBias
[2022-06-13T03:24:45.820+0000][1][safepoint    ] Leaving safepoint region
[2022-06-13T03:24:45.820+0000][1][safepoint    ] Total time for which application threads were stopped: 0.0002483 seconds, Stopping threads took: 0.0001085 seconds
[2022-06-13T03:24:45.821+0000][1][safepoint    ] Application time: 0.0000763 seconds
[2022-06-13T03:24:45.821+0000][1][safepoint    ] Entering safepoint region: RevokeBias
[2022-06-13T03:24:45.821+0000][1][safepoint    ] Leaving safepoint region
[2022-06-13T03:24:45.821+0000][1][safepoint    ] Total time for which application threads were stopped: 0.0002821 seconds, Stopping threads took: 0.0001243 seconds
[2022-06-13T03:24:45.821+0000][1][safepoint    ] Application time: 0.0000820 seconds
[2022-06-13T03:24:45.821+0000][1][safepoint    ] Entering safepoint region: RevokeBias
[2022-06-13T03:24:45.821+0000][1][safepoint    ] Leaving safepoint region
[2022-06-13T03:24:45.822+0000][1][safepoint    ] Total time for which application threads were stopped: 0.0002752 seconds, Stopping threads took: 0.0001118 seconds
[2022-06-13T03:24:45.822+0000][1][safepoint    ] Application time: 0.0000684 seconds
[2022-06-13T03:24:45.822+0000][1][safepoint    ] Entering safepoint region: RevokeBias
[2022-06-13T03:24:45.822+0000][1][safepoint    ] Leaving safepoint region
[2022-06-13T03:24:45.822+0000][1][safepoint    ] Total time for which application threads were stopped: 0.0002372 seconds, Stopping threads took: 0.0001230 seconds
[2022-06-13T03:24:45.822+0000][1][safepoint    ] Application time: 0.0000744 seconds
[2022-06-13T03:24:45.822+0000][1][safepoint    ] Entering safepoint region: BulkRevokeBias
[2022-06-13T03:24:45.823+0000][1][safepoint    ] Leaving safepoint region
[2022-06-13T03:24:45.823+0000][1][safepoint    ] Total time for which application threads were stopped: 0.0003113 seconds, Stopping threads took: 0.0001218 seconds
[2022-06-13T03:24:45.823+0000][1][safepoint    ] Application time: 0.0000749 seconds
[2022-06-13T03:24:45.823+0000][1][safepoint    ] Entering safepoint region: RevokeBias
[2022-06-13T03:24:45.823+0000][1][safepoint    ] Leaving safepoint region
[2022-06-13T03:24:45.823+0000][1][safepoint    ] Total time for which application threads were stopped: 0.0002769 seconds, Stopping threads took: 0.0001357 seconds
[2022-06-13T03:24:45.823+0000][1][safepoint    ] Application time: 0.0000923 seconds
[2022-06-13T03:24:45.824+0000][1][safepoint    ] Entering safepoint region: BulkRevokeBias
[2022-06-13T03:24:45.824+0000][1][safepoint    ] Leaving safepoint region
[2022-06-13T03:24:45.824+0000][1][safepoint    ] Total time for which application threads were stopped: 0.0003123 seconds, Stopping threads took: 0.0001192 seconds
[2022-06-13T03:24:45.909+0000][1][safepoint    ] Application time: 0.0849792 seconds
[2022-06-13T03:24:45.909+0000][1][safepoint    ] Entering safepoint region: GenCollectForAllocation
[2022-06-13T03:24:45.910+0000][1][gc,start     ] GC(2) Pause Young (Allocation Failure)
[2022-06-13T03:24:45.910+0000][1][gc,task      ] GC(2) Using 5 workers of 13 for evacuation
[2022-06-13T03:24:45.913+0000][1][gc,age       ] GC(2) Desired survivor size 4456448 bytes, new threshold 6 (max threshold 6)
[2022-06-13T03:24:45.913+0000][1][gc,age       ] GC(2) Age table with threshold 6 (max threshold 6)
[2022-06-13T03:24:45.913+0000][1][gc,age       ] GC(2) - age   1:    2604736 bytes,    2604736 total
[2022-06-13T03:24:45.914+0000][1][gc,age       ] GC(2) - age   2:    1183408 bytes,    3788144 total
[2022-06-13T03:24:45.914+0000][1][gc,heap      ] GC(2) ParNew: 76380K->4507K(78656K)
[2022-06-13T03:24:45.914+0000][1][gc,heap      ] GC(2) CMS: 6690K->6690K(174784K)
[2022-06-13T03:24:45.914+0000][1][gc,metaspace ] GC(2) Metaspace: 15143K->15143K(1062912K)
[2022-06-13T03:24:45.914+0000][1][gc           ] GC(2) Pause Young (Allocation Failure) 81M->10M(247M) 4.392ms
[2022-06-13T03:24:45.914+0000][1][gc,cpu       ] GC(2) User=0.01s Sys=0.00s Real=0.00s
[2022-06-13T03:24:45.914+0000][1][safepoint    ] Leaving safepoint region
[2022-06-13T03:24:45.914+0000][1][safepoint    ] Total time for which application threads were stopped: 0.0049634 seconds, Stopping threads took: 0.0001902 seconds
[2022-06-13T03:24:45.915+0000][1][safepoint    ] Application time: 0.0002096 seconds
[2022-06-13T03:24:45.915+0000][1][safepoint    ] Entering safepoint region: RevokeBias
[2022-06-13T03:24:45.915+0000][1][safepoint    ] Leaving safepoint region
[2022-06-13T03:24:45.915+0000][1][safepoint    ] Total time for which application threads were stopped: 0.0004282 seconds, Stopping threads took: 0.0002236 seconds
[2022-06-13T03:24:45.915+0000][1][safepoint    ] Application time: 0.0000980 seconds
[2022-06-13T03:24:45.916+0000][1][safepoint    ] Entering safepoint region: RevokeBias
[2022-06-13T03:24:45.916+0000][1][safepoint    ] Leaving safepoint region
[2022-06-13T03:24:45.916+0000][1][safepoint    ] Total time for which application threads were stopped: 0.0002735 seconds, Stopping threads took: 0.0001271 seconds
[2022-06-13T03:24:45.916+0000][1][safepoint    ] Application time: 0.0001056 seconds
[2022-06-13T03:24:45.916+0000][1][safepoint    ] Entering safepoint region: RevokeBias
[2022-06-13T03:24:45.916+0000][1][safepoint    ] Leaving safepoint region
[2022-06-13T03:24:45.916+0000][1][safepoint    ] Total time for which application threads were stopped: 0.0003630 seconds, Stopping threads took: 0.0001636 seconds
[2022-06-13T03:24:45.917+0000][1][safepoint    ] Application time: 0.0000973 seconds
[2022-06-13T03:24:45.917+0000][1][safepoint    ] Entering safepoint region: RevokeBias
[2022-06-13T03:24:45.917+0000][1][safepoint    ] Leaving safepoint region
[2022-06-13T03:24:45.917+0000][1][safepoint    ] Total time for which application threads were stopped: 0.0003799 seconds, Stopping threads took: 0.0002091 seconds
[2022-06-13T03:24:45.917+0000][1][safepoint    ] Application time: 0.0000997 seconds
[2022-06-13T03:24:45.918+0000][1][safepoint    ] Entering safepoint region: RevokeBias
[2022-06-13T03:24:45.918+0000][1][safepoint    ] Leaving safepoint region
[2022-06-13T03:24:45.918+0000][1][safepoint    ] Total time for which application threads were stopped: 0.0002574 seconds, Stopping threads took: 0.0001212 seconds
[2022-06-13T03:24:45.918+0000][1][safepoint    ] Application time: 0.0000779 seconds
[2022-06-13T03:24:45.918+0000][1][safepoint    ] Entering safepoint region: RevokeBias
[2022-06-13T03:24:45.918+0000][1][safepoint    ] Leaving safepoint region
[2022-06-13T03:24:45.918+0000][1][safepoint    ] Total time for which application threads were stopped: 0.0002180 seconds, Stopping threads took: 0.0000977 seconds
[2022-06-13T03:24:46.021+0000][1][safepoint    ] Application time: 0.1023967 seconds
[2022-06-13T03:24:46.021+0000][1][safepoint    ] Entering safepoint region: Deoptimize
[2022-06-13T03:24:46.022+0000][1][safepoint    ] Leaving safepoint region
[2022-06-13T03:24:46.022+0000][1][safepoint    ] Total time for which application threads were stopped: 0.0007171 seconds, Stopping threads took: 0.0001346 seconds
[2022-06-13T03:24:46.023+0000][1][safepoint    ] Application time: 0.0005564 seconds
[2022-06-13T03:24:46.023+0000][1][safepoint    ] Entering safepoint region: Deoptimize
[2022-06-13T03:24:46.023+0000][1][safepoint    ] Leaving safepoint region
[2022-06-13T03:24:46.023+0000][1][safepoint    ] Total time for which application threads were stopped: 0.0007259 seconds, Stopping threads took: 0.0001503 seconds
[2022-06-13T03:24:46.162+0000][1][safepoint    ] Application time: 0.1382907 seconds
[2022-06-13T03:24:46.162+0000][1][safepoint    ] Entering safepoint region: GenCollectForAllocation
[2022-06-13T03:24:46.163+0000][1][gc,start     ] GC(3) Pause Young (Allocation Failure)
[2022-06-13T03:24:46.163+0000][1][gc,task      ] GC(3) Using 5 workers of 13 for evacuation
[2022-06-13T03:24:46.165+0000][1][gc,age       ] GC(3) Desired survivor size 4456448 bytes, new threshold 3 (max threshold 6)
[2022-06-13T03:24:46.165+0000][1][gc,age       ] GC(3) Age table with threshold 3 (max threshold 6)
[2022-06-13T03:24:46.166+0000][1][gc,age       ] GC(3) - age   1:    3229464 bytes,    3229464 total
[2022-06-13T03:24:46.166+0000][1][gc,age       ] GC(3) - age   2:     320024 bytes,    3549488 total
[2022-06-13T03:24:46.166+0000][1][gc,age       ] GC(3) - age   3:    1180520 bytes,    4730008 total
[2022-06-13T03:24:46.166+0000][1][gc,heap      ] GC(3) ParNew: 74459K->5904K(78656K)
[2022-06-13T03:24:46.166+0000][1][gc,heap      ] GC(3) CMS: 6690K->6690K(174784K)
[2022-06-13T03:24:46.166+0000][1][gc,metaspace ] GC(3) Metaspace: 18513K->18513K(1067008K)
[2022-06-13T03:24:46.166+0000][1][gc           ] GC(3) Pause Young (Allocation Failure) 79M->12M(247M) 3.921ms
[2022-06-13T03:24:46.167+0000][1][gc,cpu       ] GC(3) User=0.01s Sys=0.00s Real=0.00s
[2022-06-13T03:24:46.167+0000][1][safepoint    ] Leaving safepoint region
[2022-06-13T03:24:46.167+0000][1][safepoint    ] Total time for which application threads were stopped: 0.0046410 seconds, Stopping threads took: 0.0001845 seconds
[2022-06-13T03:24:46.167+0000][1][safepoint    ] Application time: 0.0002465 seconds
[2022-06-13T03:24:46.168+0000][1][safepoint    ] Entering safepoint region: RevokeBias
[2022-06-13T03:24:46.168+0000][1][safepoint    ] Leaving safepoint region
[2022-06-13T03:24:46.168+0000][1][safepoint    ] Total time for which application threads were stopped: 0.0006722 seconds, Stopping threads took: 0.0004038 seconds
[2022-06-13T03:24:46.168+0000][1][safepoint    ] Application time: 0.0001119 seconds
[2022-06-13T03:24:46.169+0000][1][safepoint    ] Entering safepoint region: RevokeBias
[2022-06-13T03:24:46.169+0000][1][safepoint    ] Leaving safepoint region
[2022-06-13T03:24:46.169+0000][1][safepoint    ] Total time for which application threads were stopped: 0.0004629 seconds, Stopping threads took: 0.0002670 seconds
[2022-06-13T03:24:46.169+0000][1][safepoint    ] Application time: 0.0001201 seconds
[2022-06-13T03:24:46.169+0000][1][safepoint    ] Entering safepoint region: RevokeBias
[2022-06-13T03:24:46.169+0000][1][safepoint    ] Leaving safepoint region
[2022-06-13T03:24:46.170+0000][1][safepoint    ] Total time for which application threads were stopped: 0.0003316 seconds, Stopping threads took: 0.0001788 seconds
[2022-06-13T03:24:46.170+0000][1][safepoint    ] Application time: 0.0000642 seconds
[2022-06-13T03:24:46.170+0000][1][safepoint    ] Entering safepoint region: RevokeBias
[2022-06-13T03:24:46.170+0000][1][safepoint    ] Leaving safepoint region
[2022-06-13T03:24:46.170+0000][1][safepoint    ] Total time for which application threads were stopped: 0.0002519 seconds, Stopping threads took: 0.0001192 seconds
[2022-06-13T03:24:46.170+0000][1][safepoint    ] Application time: 0.0000875 seconds
[2022-06-13T03:24:46.170+0000][1][safepoint    ] Entering safepoint region: RevokeBias
[2022-06-13T03:24:46.171+0000][1][safepoint    ] Leaving safepoint region
[2022-06-13T03:24:46.171+0000][1][safepoint    ] Total time for which application threads were stopped: 0.0002965 seconds, Stopping threads took: 0.0001179 seconds
[2022-06-13T03:24:46.171+0000][1][safepoint    ] Application time: 0.0000703 seconds
[2022-06-13T03:24:46.171+0000][1][safepoint    ] Entering safepoint region: RevokeBias
[2022-06-13T03:24:46.171+0000][1][safepoint    ] Leaving safepoint region
[2022-06-13T03:24:46.171+0000][1][safepoint    ] Total time for which application threads were stopped: 0.0003846 seconds, Stopping threads took: 0.0002117 seconds
[2022-06-13T03:24:46.172+0000][1][safepoint    ] Application time: 0.0000985 seconds
[2022-06-13T03:24:46.172+0000][1][safepoint    ] Entering safepoint region: RevokeBias
[2022-06-13T03:24:46.172+0000][1][safepoint    ] Leaving safepoint region
[2022-06-13T03:24:46.172+0000][1][safepoint    ] Total time for which application threads were stopped: 0.0004006 seconds, Stopping threads took: 0.0002123 seconds
[2022-06-13T03:24:46.172+0000][1][safepoint    ] Application time: 0.0000644 seconds
[2022-06-13T03:24:46.173+0000][1][safepoint    ] Entering safepoint region: RevokeBias
[2022-06-13T03:24:46.173+0000][1][safepoint    ] Leaving safepoint region
[2022-06-13T03:24:46.173+0000][1][safepoint    ] Total time for which application threads were stopped: 0.0003226 seconds, Stopping threads took: 0.0001344 seconds
[2022-06-13T03:24:46.173+0000][1][safepoint    ] Application time: 0.0000838 seconds
[2022-06-13T03:24:46.173+0000][1][safepoint    ] Entering safepoint region: RevokeBias
[2022-06-13T03:24:46.174+0000][1][safepoint    ] Leaving safepoint region
[2022-06-13T03:24:46.174+0000][1][safepoint    ] Total time for which application threads were stopped: 0.0004911 seconds, Stopping threads took: 0.0002798 seconds
[2022-06-13T03:24:46.174+0000][1][safepoint    ] Application time: 0.0000709 seconds
[2022-06-13T03:24:46.174+0000][1][safepoint    ] Entering safepoint region: RevokeBias
[2022-06-13T03:24:46.174+0000][1][safepoint    ] Leaving safepoint region
[2022-06-13T03:24:46.174+0000][1][safepoint    ] Total time for which application threads were stopped: 0.0002936 seconds, Stopping threads took: 0.0001240 seconds
[2022-06-13T03:24:46.175+0000][1][safepoint    ] Application time: 0.0000707 seconds
[2022-06-13T03:24:46.175+0000][1][safepoint    ] Entering safepoint region: RevokeBias
[2022-06-13T03:24:46.175+0000][1][safepoint    ] Leaving safepoint region
[2022-06-13T03:24:46.175+0000][1][safepoint    ] Total time for which application threads were stopped: 0.0002961 seconds, Stopping threads took: 0.0001284 seconds
[2022-06-13T03:24:46.175+0000][1][safepoint    ] Application time: 0.0000648 seconds
[2022-06-13T03:24:46.175+0000][1][safepoint    ] Entering safepoint region: RevokeBias
[2022-06-13T03:24:46.176+0000][1][safepoint    ] Leaving safepoint region
[2022-06-13T03:24:46.176+0000][1][safepoint    ] Total time for which application threads were stopped: 0.0003095 seconds, Stopping threads took: 0.0001640 seconds
[2022-06-13T03:24:46.176+0000][1][safepoint    ] Application time: 0.0000743 seconds
[2022-06-13T03:24:46.176+0000][1][safepoint    ] Entering safepoint region: RevokeBias
[2022-06-13T03:24:46.176+0000][1][safepoint    ] Leaving safepoint region
[2022-06-13T03:24:46.176+0000][1][safepoint    ] Total time for which application threads were stopped: 0.0003152 seconds, Stopping threads took: 0.0001480 seconds
[2022-06-13T03:24:46.176+0000][1][safepoint    ] Application time: 0.0000757 seconds
[2022-06-13T03:24:46.177+0000][1][safepoint    ] Entering safepoint region: RevokeBias
[2022-06-13T03:24:46.177+0000][1][safepoint    ] Leaving safepoint region
[2022-06-13T03:24:46.177+0000][1][safepoint    ] Total time for which application threads were stopped: 0.0004730 seconds, Stopping threads took: 0.0003147 seconds
[2022-06-13T03:24:46.177+0000][1][safepoint    ] Application time: 0.0000790 seconds
[2022-06-13T03:24:46.177+0000][1][safepoint    ] Entering safepoint region: RevokeBias
[2022-06-13T03:24:46.178+0000][1][safepoint    ] Leaving safepoint region
[2022-06-13T03:24:46.178+0000][1][safepoint    ] Total time for which application threads were stopped: 0.0003073 seconds, Stopping threads took: 0.0001527 seconds
[2022-06-13T03:24:46.178+0000][1][safepoint    ] Application time: 0.0000710 seconds
[2022-06-13T03:24:46.178+0000][1][safepoint    ] Entering safepoint region: RevokeBias
[2022-06-13T03:24:46.178+0000][1][safepoint    ] Leaving safepoint region
[2022-06-13T03:24:46.178+0000][1][safepoint    ] Total time for which application threads were stopped: 0.0002877 seconds, Stopping threads took: 0.0001383 seconds
[2022-06-13T03:24:46.178+0000][1][safepoint    ] Application time: 0.0000726 seconds
[2022-06-13T03:24:46.179+0000][1][safepoint    ] Entering safepoint region: RevokeBias
[2022-06-13T03:24:46.179+0000][1][safepoint    ] Leaving safepoint region
[2022-06-13T03:24:46.179+0000][1][safepoint    ] Total time for which application threads were stopped: 0.0003594 seconds, Stopping threads took: 0.0002058 seconds
[2022-06-13T03:24:46.179+0000][1][safepoint    ] Application time: 0.0001206 seconds
[2022-06-13T03:24:46.180+0000][1][safepoint    ] Entering safepoint region: RevokeBias
[2022-06-13T03:24:46.180+0000][1][safepoint    ] Leaving safepoint region
[2022-06-13T03:24:46.180+0000][1][safepoint    ] Total time for which application threads were stopped: 0.0004043 seconds, Stopping threads took: 0.0002290 seconds
[2022-06-13T03:24:46.180+0000][1][safepoint    ] Application time: 0.0000971 seconds
[2022-06-13T03:24:46.180+0000][1][safepoint    ] Entering safepoint region: RevokeBias
[2022-06-13T03:24:46.180+0000][1][safepoint    ] Leaving safepoint region
[2022-06-13T03:24:46.181+0000][1][safepoint    ] Total time for which application threads were stopped: 0.0003851 seconds, Stopping threads took: 0.0001675 seconds
[2022-06-13T03:24:46.181+0000][1][safepoint    ] Application time: 0.0000946 seconds
[2022-06-13T03:24:46.181+0000][1][safepoint    ] Entering safepoint region: RevokeBias
[2022-06-13T03:24:46.181+0000][1][safepoint    ] Leaving safepoint region
[2022-06-13T03:24:46.181+0000][1][safepoint    ] Total time for which application threads were stopped: 0.0004095 seconds, Stopping threads took: 0.0002133 seconds
[2022-06-13T03:24:46.182+0000][1][safepoint    ] Application time: 0.0000552 seconds
[2022-06-13T03:24:46.182+0000][1][safepoint    ] Entering safepoint region: RevokeBias
[2022-06-13T03:24:46.182+0000][1][safepoint    ] Leaving safepoint region
[2022-06-13T03:24:46.182+0000][1][safepoint    ] Total time for which application threads were stopped: 0.0003733 seconds, Stopping threads took: 0.0001576 seconds
[2022-06-13T03:24:46.263+0000][1][safepoint    ] Application time: 0.0809957 seconds
[2022-06-13T03:24:46.264+0000][1][safepoint    ] Entering safepoint region: GenCollectForAllocation
[2022-06-13T03:24:46.264+0000][1][gc,start     ] GC(4) Pause Young (Allocation Failure)
[2022-06-13T03:24:46.264+0000][1][gc,task      ] GC(4) Using 5 workers of 13 for evacuation
[2022-06-13T03:24:46.267+0000][1][gc,age       ] GC(4) Desired survivor size 4456448 bytes, new threshold 2 (max threshold 6)
[2022-06-13T03:24:46.267+0000][1][gc,age       ] GC(4) Age table with threshold 2 (max threshold 6)
[2022-06-13T03:24:46.268+0000][1][gc,age       ] GC(4) - age   1:    1545336 bytes,    1545336 total
[2022-06-13T03:24:46.268+0000][1][gc,age       ] GC(4) - age   2:    3193448 bytes,    4738784 total
[2022-06-13T03:24:46.268+0000][1][gc,age       ] GC(4) - age   3:     319496 bytes,    5058280 total
[2022-06-13T03:24:46.268+0000][1][gc,heap      ] GC(4) ParNew: 75856K->7292K(78656K)
[2022-06-13T03:24:46.268+0000][1][gc,heap      ] GC(4) CMS: 6690K->7863K(174784K)
[2022-06-13T03:24:46.268+0000][1][gc,metaspace ] GC(4) Metaspace: 18836K->18836K(1067008K)
[2022-06-13T03:24:46.269+0000][1][gc           ] GC(4) Pause Young (Allocation Failure) 80M->14M(247M) 4.723ms
[2022-06-13T03:24:46.269+0000][1][gc,cpu       ] GC(4) User=0.02s Sys=0.00s Real=0.00s
[2022-06-13T03:24:46.269+0000][1][safepoint    ] Leaving safepoint region
[2022-06-13T03:24:46.269+0000][1][safepoint    ] Total time for which application threads were stopped: 0.0054220 seconds, Stopping threads took: 0.0001322 seconds
[2022-06-13T03:24:46.269+0000][1][safepoint    ] Application time: 0.0002056 seconds
[2022-06-13T03:24:46.270+0000][1][safepoint    ] Entering safepoint region: RevokeBias
[2022-06-13T03:24:46.270+0000][1][safepoint    ] Leaving safepoint region
[2022-06-13T03:24:46.270+0000][1][safepoint    ] Total time for which application threads were stopped: 0.0004029 seconds, Stopping threads took: 0.0002260 seconds
[2022-06-13T03:24:46.270+0000][1][safepoint    ] Application time: 0.0000882 seconds
[2022-06-13T03:24:46.270+0000][1][safepoint    ] Entering safepoint region: RevokeBias
[2022-06-13T03:24:46.270+0000][1][safepoint    ] Leaving safepoint region
[2022-06-13T03:24:46.271+0000][1][safepoint    ] Total time for which application threads were stopped: 0.0003589 seconds, Stopping threads took: 0.0001475 seconds
[2022-06-13T03:24:46.271+0000][1][safepoint    ] Application time: 0.0001045 seconds
[2022-06-13T03:24:46.271+0000][1][safepoint    ] Entering safepoint region: RevokeBias
[2022-06-13T03:24:46.271+0000][1][safepoint    ] Leaving safepoint region
[2022-06-13T03:24:46.271+0000][1][safepoint    ] Total time for which application threads were stopped: 0.0003428 seconds, Stopping threads took: 0.0001744 seconds
[2022-06-13T03:24:46.272+0000][1][safepoint    ] Application time: 0.0000878 seconds
[2022-06-13T03:24:46.272+0000][1][safepoint    ] Entering safepoint region: RevokeBias
[2022-06-13T03:24:46.272+0000][1][safepoint    ] Leaving safepoint region
[2022-06-13T03:24:46.272+0000][1][safepoint    ] Total time for which application threads were stopped: 0.0003284 seconds, Stopping threads took: 0.0001280 seconds
[2022-06-13T03:24:46.288+0000][1][safepoint    ] Application time: 0.0153403 seconds
[2022-06-13T03:24:46.288+0000][1][safepoint    ] Entering safepoint region: Deoptimize
[2022-06-13T03:24:46.288+0000][1][safepoint    ] Leaving safepoint region
[2022-06-13T03:24:46.288+0000][1][safepoint    ] Total time for which application threads were stopped: 0.0006126 seconds, Stopping threads took: 0.0001228 seconds
[2022-06-13T03:24:46.316+0000][1][safepoint    ] Application time: 0.0272921 seconds
[2022-06-13T03:24:46.316+0000][1][safepoint    ] Entering safepoint region: Deoptimize
[2022-06-13T03:24:46.317+0000][1][safepoint    ] Leaving safepoint region
[2022-06-13T03:24:46.317+0000][1][safepoint    ] Total time for which application threads were stopped: 0.0007148 seconds, Stopping threads took: 0.0001998 seconds
[2022-06-13T03:24:46.388+0000][1][safepoint    ] Application time: 0.0710181 seconds
[2022-06-13T03:24:46.388+0000][1][safepoint    ] Entering safepoint region: GenCollectForAllocation
[2022-06-13T03:24:46.389+0000][1][gc,start     ] GC(5) Pause Young (Allocation Failure)
[2022-06-13T03:24:46.389+0000][1][gc,task      ] GC(5) Using 5 workers of 13 for evacuation
[2022-06-13T03:24:46.392+0000][1][gc,age       ] GC(5) Desired survivor size 4456448 bytes, new threshold 6 (max threshold 6)
[2022-06-13T03:24:46.392+0000][1][gc,age       ] GC(5) Age table with threshold 6 (max threshold 6)
[2022-06-13T03:24:46.393+0000][1][gc,age       ] GC(5) - age   1:    2223512 bytes,    2223512 total
[2022-06-13T03:24:46.393+0000][1][gc,age       ] GC(5) - age   2:     558000 bytes,    2781512 total
[2022-06-13T03:24:46.393+0000][1][gc,heap      ] GC(5) ParNew: 77244K->5661K(78656K)
[2022-06-13T03:24:46.393+0000][1][gc,heap      ] GC(5) CMS: 7863K->11318K(174784K)
[2022-06-13T03:24:46.393+0000][1][gc,metaspace ] GC(5) Metaspace: 19179K->19179K(1067008K)
[2022-06-13T03:24:46.393+0000][1][gc           ] GC(5) Pause Young (Allocation Failure) 83M->16M(247M) 4.899ms
[2022-06-13T03:24:46.394+0000][1][gc,cpu       ] GC(5) User=0.06s Sys=0.01s Real=0.01s
[2022-06-13T03:24:46.394+0000][1][safepoint    ] Leaving safepoint region
[2022-06-13T03:24:46.394+0000][1][safepoint    ] Total time for which application threads were stopped: 0.0056647 seconds, Stopping threads took: 0.0001755 seconds
[2022-06-13T03:24:46.394+0000][1][safepoint    ] Application time: 0.0003326 seconds
[2022-06-13T03:24:46.395+0000][1][safepoint    ] Entering safepoint region: RevokeBias
[2022-06-13T03:24:46.395+0000][1][safepoint    ] Leaving safepoint region
[2022-06-13T03:24:46.395+0000][1][safepoint    ] Total time for which application threads were stopped: 0.0004468 seconds, Stopping threads took: 0.0002414 seconds
[2022-06-13T03:24:46.395+0000][1][safepoint    ] Application time: 0.0001089 seconds
[2022-06-13T03:24:46.395+0000][1][safepoint    ] Entering safepoint region: RevokeBias
[2022-06-13T03:24:46.396+0000][1][safepoint    ] Leaving safepoint region
[2022-06-13T03:24:46.396+0000][1][safepoint    ] Total time for which application threads were stopped: 0.0003071 seconds, Stopping threads took: 0.0001478 seconds
[2022-06-13T03:24:46.396+0000][1][safepoint    ] Application time: 0.0000953 seconds
[2022-06-13T03:24:46.396+0000][1][safepoint    ] Entering safepoint region: RevokeBias
[2022-06-13T03:24:46.396+0000][1][safepoint    ] Leaving safepoint region
[2022-06-13T03:24:46.396+0000][1][safepoint    ] Total time for which application threads were stopped: 0.0002931 seconds, Stopping threads took: 0.0001308 seconds
[2022-06-13T03:24:46.397+0000][1][safepoint    ] Application time: 0.0001564 seconds
[2022-06-13T03:24:46.397+0000][1][safepoint    ] Entering safepoint region: RevokeBias
[2022-06-13T03:24:46.397+0000][1][safepoint    ] Leaving safepoint region
[2022-06-13T03:24:46.397+0000][1][safepoint    ] Total time for which application threads were stopped: 0.0003132 seconds, Stopping threads took: 0.0001686 seconds
[2022-06-13T03:24:46.397+0000][1][safepoint    ] Application time: 0.0000876 seconds
[2022-06-13T03:24:46.397+0000][1][safepoint    ] Entering safepoint region: RevokeBias
[2022-06-13T03:24:46.398+0000][1][safepoint    ] Leaving safepoint region
[2022-06-13T03:24:46.398+0000][1][safepoint    ] Total time for which application threads were stopped: 0.0003216 seconds, Stopping threads took: 0.0001591 seconds
[2022-06-13T03:24:46.398+0000][1][safepoint    ] Application time: 0.0003690 seconds
[2022-06-13T03:24:46.399+0000][1][safepoint    ] Entering safepoint region: RevokeBias
[2022-06-13T03:24:46.399+0000][1][safepoint    ] Leaving safepoint region
[2022-06-13T03:24:46.399+0000][1][safepoint    ] Total time for which application threads were stopped: 0.0008274 seconds, Stopping threads took: 0.0005886 seconds
[2022-06-13T03:24:46.505+0000][1][safepoint    ] Application time: 0.1052232 seconds
[2022-06-13T03:24:46.505+0000][1][safepoint    ] Entering safepoint region: GenCollectForAllocation
[2022-06-13T03:24:46.505+0000][1][gc,start     ] GC(6) Pause Young (Allocation Failure)
[2022-06-13T03:24:46.505+0000][1][gc,task      ] GC(6) Using 5 workers of 13 for evacuation
[2022-06-13T03:24:46.509+0000][1][gc,age       ] GC(6) Desired survivor size 4456448 bytes, new threshold 6 (max threshold 6)
[2022-06-13T03:24:46.510+0000][1][gc,age       ] GC(6) Age table with threshold 6 (max threshold 6)
[2022-06-13T03:24:46.510+0000][1][gc,age       ] GC(6) - age   1:    1350648 bytes,    1350648 total
[2022-06-13T03:24:46.510+0000][1][gc,age       ] GC(6) - age   2:    2194488 bytes,    3545136 total
[2022-06-13T03:24:46.510+0000][1][gc,age       ] GC(6) - age   3:     558000 bytes,    4103136 total
[2022-06-13T03:24:46.510+0000][1][gc,heap      ] GC(6) ParNew: 75613K->4771K(78656K)
[2022-06-13T03:24:46.510+0000][1][gc,heap      ] GC(6) CMS: 11318K->11318K(174784K)
[2022-06-13T03:24:46.510+0000][1][gc,metaspace ] GC(6) Metaspace: 19485K->19485K(1067008K)
[2022-06-13T03:24:46.510+0000][1][gc           ] GC(6) Pause Young (Allocation Failure) 84M->15M(247M) 5.406ms
[2022-06-13T03:24:46.511+0000][1][gc,cpu       ] GC(6) User=0.05s Sys=0.00s Real=0.01s
[2022-06-13T03:24:46.511+0000][1][safepoint    ] Leaving safepoint region
[2022-06-13T03:24:46.511+0000][1][safepoint    ] Total time for which application threads were stopped: 0.0060399 seconds, Stopping threads took: 0.0001572 seconds
[2022-06-13T03:24:46.511+0000][1][safepoint    ] Application time: 0.0002144 seconds
[2022-06-13T03:24:46.511+0000][1][safepoint    ] Entering safepoint region: RevokeBias
[2022-06-13T03:24:46.512+0000][1][safepoint    ] Leaving safepoint region
[2022-06-13T03:24:46.512+0000][1][safepoint    ] Total time for which application threads were stopped: 0.0003920 seconds, Stopping threads took: 0.0001938 seconds
[2022-06-13T03:24:46.512+0000][1][safepoint    ] Application time: 0.0004098 seconds
[2022-06-13T03:24:46.513+0000][1][safepoint    ] Entering safepoint region: BulkRevokeBias
[2022-06-13T03:24:46.513+0000][1][safepoint    ] Leaving safepoint region
[2022-06-13T03:24:46.513+0000][1][safepoint    ] Total time for which application threads were stopped: 0.0004272 seconds, Stopping threads took: 0.0002203 seconds
[2022-06-13T03:24:46.513+0000][1][safepoint    ] Application time: 0.0001108 seconds
[2022-06-13T03:24:46.513+0000][1][safepoint    ] Entering safepoint region: BulkRevokeBias
[2022-06-13T03:24:46.513+0000][1][safepoint    ] Leaving safepoint region
[2022-06-13T03:24:46.514+0000][1][safepoint    ] Total time for which application threads were stopped: 0.0003395 seconds, Stopping threads took: 0.0001518 seconds
[2022-06-13T03:24:46.612+0000][1][safepoint    ] Application time: 0.0987123 seconds
[2022-06-13T03:24:46.613+0000][1][safepoint    ] Entering safepoint region: GenCollectForAllocation
[2022-06-13T03:24:46.613+0000][1][gc,start     ] GC(7) Pause Young (Allocation Failure)
[2022-06-13T03:24:46.613+0000][1][gc,task      ] GC(7) Using 5 workers of 13 for evacuation
[2022-06-13T03:24:46.615+0000][1][gc,age       ] GC(7) Desired survivor size 4456448 bytes, new threshold 6 (max threshold 6)
[2022-06-13T03:24:46.615+0000][1][gc,age       ] GC(7) Age table with threshold 6 (max threshold 6)
[2022-06-13T03:24:46.615+0000][1][gc,age       ] GC(7) - age   1:     534296 bytes,     534296 total
[2022-06-13T03:24:46.615+0000][1][gc,age       ] GC(7) - age   2:    1129128 bytes,    1663424 total
[2022-06-13T03:24:46.616+0000][1][gc,age       ] GC(7) - age   3:    2192592 bytes,    3856016 total
[2022-06-13T03:24:46.616+0000][1][gc,age       ] GC(7) - age   4:     558000 bytes,    4414016 total
[2022-06-13T03:24:46.616+0000][1][gc,heap      ] GC(7) ParNew: 74723K->5572K(78656K)
[2022-06-13T03:24:46.616+0000][1][gc,heap      ] GC(7) CMS: 11318K->11318K(174784K)
[2022-06-13T03:24:46.616+0000][1][gc,metaspace ] GC(7) Metaspace: 19916K->19916K(1067008K)
[2022-06-13T03:24:46.616+0000][1][gc           ] GC(7) Pause Young (Allocation Failure) 84M->16M(247M) 3.182ms
[2022-06-13T03:24:46.616+0000][1][gc,cpu       ] GC(7) User=0.01s Sys=0.00s Real=0.00s
[2022-06-13T03:24:46.616+0000][1][safepoint    ] Leaving safepoint region
[2022-06-13T03:24:46.617+0000][1][safepoint    ] Total time for which application threads were stopped: 0.0038667 seconds, Stopping threads took: 0.0001887 seconds
[2022-06-13T03:24:46.622+0000][1][safepoint    ] Application time: 0.0056324 seconds
[2022-06-13T03:24:46.623+0000][1][safepoint    ] Entering safepoint region: CollectForMetadataAllocation
[2022-06-13T03:24:46.623+0000][1][safepoint    ] Leaving safepoint region
[2022-06-13T03:24:46.623+0000][1][safepoint    ] Total time for which application threads were stopped: 0.0004234 seconds, Stopping threads took: 0.0001614 seconds
[2022-06-13T03:24:46.643+0000][1][safepoint    ] Application time: 0.0197815 seconds
[2022-06-13T03:24:46.643+0000][1][safepoint    ] Entering safepoint region: CollectForMetadataAllocation
[2022-06-13T03:24:46.644+0000][1][safepoint    ] Leaving safepoint region
[2022-06-13T03:24:46.644+0000][1][safepoint    ] Total time for which application threads were stopped: 0.0005101 seconds, Stopping threads took: 0.0001755 seconds
[2022-06-13T03:24:46.716+0000][1][safepoint    ] Application time: 0.0721929 seconds
[2022-06-13T03:24:46.716+0000][1][safepoint    ] Entering safepoint region: GenCollectForAllocation
[2022-06-13T03:24:46.717+0000][1][gc,start     ] GC(8) Pause Young (Allocation Failure)
[2022-06-13T03:24:46.717+0000][1][gc,task      ] GC(8) Using 5 workers of 13 for evacuation
[2022-06-13T03:24:46.718+0000][1][gc,age       ] GC(8) Desired survivor size 4456448 bytes, new threshold 5 (max threshold 6)
[2022-06-13T03:24:46.719+0000][1][gc,age       ] GC(8) Age table with threshold 5 (max threshold 6)
[2022-06-13T03:24:46.719+0000][1][gc,age       ] GC(8) - age   1:     486632 bytes,     486632 total
[2022-06-13T03:24:46.719+0000][1][gc,age       ] GC(8) - age   2:     512048 bytes,     998680 total
[2022-06-13T03:24:46.719+0000][1][gc,age       ] GC(8) - age   3:    1129032 bytes,    2127712 total
[2022-06-13T03:24:46.719+0000][1][gc,age       ] GC(8) - age   4:    2192192 bytes,    4319904 total
[2022-06-13T03:24:46.719+0000][1][gc,age       ] GC(8) - age   5:     558000 bytes,    4877904 total
[2022-06-13T03:24:46.719+0000][1][gc,heap      ] GC(8) ParNew: 75524K->6897K(78656K)
[2022-06-13T03:24:46.719+0000][1][gc,heap      ] GC(8) CMS: 11318K->11318K(174784K)
[2022-06-13T03:24:46.719+0000][1][gc,metaspace ] GC(8) Metaspace: 20533K->20533K(1069056K)
[2022-06-13T03:24:46.719+0000][1][gc           ] GC(8) Pause Young (Allocation Failure) 84M->17M(247M) 2.814ms
[2022-06-13T03:24:46.719+0000][1][gc,cpu       ] GC(8) User=0.02s Sys=0.00s Real=0.01s
[2022-06-13T03:24:46.719+0000][1][safepoint    ] Leaving safepoint region
[2022-06-13T03:24:46.720+0000][1][safepoint    ] Total time for which application threads were stopped: 0.0032678 seconds, Stopping threads took: 0.0001439 seconds
[2022-06-13T03:24:46.720+0000][1][safepoint    ] Application time: 0.0001514 seconds
[2022-06-13T03:24:46.720+0000][1][safepoint    ] Entering safepoint region: CMS_Initial_Mark
[2022-06-13T03:24:46.720+0000][1][gc,start     ] GC(9) Pause Initial Mark
[2022-06-13T03:24:46.721+0000][1][gc           ] GC(9) Pause Initial Mark 19M->19M(247M) 0.531ms
[2022-06-13T03:24:46.721+0000][1][gc,cpu       ] GC(9) User=0.00s Sys=0.00s Real=0.00s
[2022-06-13T03:24:46.721+0000][1][safepoint    ] Leaving safepoint region
[2022-06-13T03:24:46.721+0000][1][safepoint    ] Total time for which application threads were stopped: 0.0009884 seconds, Stopping threads took: 0.0001083 seconds
[2022-06-13T03:24:46.721+0000][1][gc           ] GC(9) Concurrent Mark
[2022-06-13T03:24:46.721+0000][1][gc,task      ] GC(9) Using 4 workers of 4 for marking
[2022-06-13T03:24:46.726+0000][1][gc           ] GC(9) Concurrent Mark 5.195ms
[2022-06-13T03:24:46.727+0000][1][gc,cpu       ] GC(9) User=0.02s Sys=0.00s Real=0.00s
[2022-06-13T03:24:46.727+0000][1][gc           ] GC(9) Concurrent Preclean
[2022-06-13T03:24:46.727+0000][1][gc           ] GC(9) Concurrent Preclean 0.500ms
[2022-06-13T03:24:46.727+0000][1][gc,cpu       ] GC(9) User=0.00s Sys=0.00s Real=0.00s
[2022-06-13T03:24:46.727+0000][1][gc           ] GC(9) Concurrent Abortable Preclean
[2022-06-13T03:24:46.772+0000][1][safepoint    ] Application time: 0.0506156 seconds
[2022-06-13T03:24:46.772+0000][1][safepoint    ] Entering safepoint region: GenCollectForAllocation
[2022-06-13T03:24:46.772+0000][1][gc,start     ] GC(10) Pause Young (Allocation Failure)
[2022-06-13T03:24:46.772+0000][1][gc,task      ] GC(10) Using 5 workers of 13 for evacuation
[2022-06-13T03:24:46.775+0000][1][gc,age       ] GC(10) Desired survivor size 4456448 bytes, new threshold 5 (max threshold 6)
[2022-06-13T03:24:46.775+0000][1][gc,age       ] GC(10) Age table with threshold 5 (max threshold 6)
[2022-06-13T03:24:46.775+0000][1][gc,age       ] GC(10) - age   1:     923400 bytes,     923400 total
[2022-06-13T03:24:46.775+0000][1][gc,age       ] GC(10) - age   2:     474376 bytes,    1397776 total
[2022-06-13T03:24:46.775+0000][1][gc,age       ] GC(10) - age   3:     511928 bytes,    1909704 total
[2022-06-13T03:24:46.775+0000][1][gc,age       ] GC(10) - age   4:    1129032 bytes,    3038736 total
[2022-06-13T03:24:46.775+0000][1][gc,age       ] GC(10) - age   5:    2192000 bytes,    5230736 total
[2022-06-13T03:24:46.775+0000][1][gc,heap      ] GC(10) ParNew: 76849K->6112K(78656K)
[2022-06-13T03:24:46.775+0000][1][gc,heap      ] GC(10) CMS: 11318K->11874K(174784K)
[2022-06-13T03:24:46.776+0000][1][gc,metaspace ] GC(10) Metaspace: 20644K->20644K(1069056K)
[2022-06-13T03:24:46.776+0000][1][gc           ] GC(10) Pause Young (Allocation Failure) 86M->17M(247M) 3.545ms
[2022-06-13T03:24:46.776+0000][1][gc,cpu       ] GC(10) User=0.01s Sys=0.00s Real=0.00s
[2022-06-13T03:24:46.776+0000][1][safepoint    ] Leaving safepoint region
[2022-06-13T03:24:46.776+0000][1][safepoint    ] Total time for which application threads were stopped: 0.0040721 seconds, Stopping threads took: 0.0001380 seconds
[2022-06-13T03:24:46.835+0000][1][safepoint    ] Application time: 0.0586017 seconds
[2022-06-13T03:24:46.835+0000][1][safepoint    ] Entering safepoint region: GenCollectForAllocation
[2022-06-13T03:24:46.835+0000][1][gc,start     ] GC(11) Pause Young (Allocation Failure)
[2022-06-13T03:24:46.835+0000][1][gc,task      ] GC(11) Using 5 workers of 13 for evacuation
[2022-06-13T03:24:46.838+0000][1][gc,age       ] GC(11) Desired survivor size 4456448 bytes, new threshold 6 (max threshold 6)
[2022-06-13T03:24:46.839+0000][1][gc,age       ] GC(11) Age table with threshold 6 (max threshold 6)
[2022-06-13T03:24:46.839+0000][1][gc,age       ] GC(11) - age   1:    1827608 bytes,    1827608 total
[2022-06-13T03:24:46.839+0000][1][gc,age       ] GC(11) - age   2:     108680 bytes,    1936288 total
[2022-06-13T03:24:46.839+0000][1][gc,age       ] GC(11) - age   3:     474376 bytes,    2410664 total
[2022-06-13T03:24:46.839+0000][1][gc,age       ] GC(11) - age   4:     511776 bytes,    2922440 total
[2022-06-13T03:24:46.839+0000][1][gc,age       ] GC(11) - age   5:    1128744 bytes,    4051184 total
[2022-06-13T03:24:46.839+0000][1][gc,heap      ] GC(11) ParNew: 76064K->6336K(78656K)
[2022-06-13T03:24:46.840+0000][1][gc,heap      ] GC(11) CMS: 11874K->14037K(174784K)
[2022-06-13T03:24:46.840+0000][1][gc,metaspace ] GC(11) Metaspace: 20724K->20724K(1069056K)
[2022-06-13T03:24:46.840+0000][1][gc           ] GC(11) Pause Young (Allocation Failure) 85M->19M(247M) 4.638ms
[2022-06-13T03:24:46.840+0000][1][gc,cpu       ] GC(11) User=0.01s Sys=0.01s Real=0.01s
[2022-06-13T03:24:46.840+0000][1][safepoint    ] Leaving safepoint region
[2022-06-13T03:24:46.840+0000][1][safepoint    ] Total time for which application threads were stopped: 0.0052153 seconds, Stopping threads took: 0.0001465 seconds
[2022-06-13T03:24:46.840+0000][1][gc           ] GC(9) Concurrent Abortable Preclean 112.840ms
[2022-06-13T03:24:46.840+0000][1][gc,cpu       ] GC(9) User=0.29s Sys=0.01s Real=0.12s
[2022-06-13T03:24:46.841+0000][1][safepoint    ] Application time: 0.0002369 seconds
[2022-06-13T03:24:46.841+0000][1][safepoint    ] Entering safepoint region: CMS_Final_Remark
[2022-06-13T03:24:46.841+0000][1][gc,start     ] GC(9) Pause Remark
[2022-06-13T03:24:46.847+0000][1][gc           ] GC(9) Pause Remark 21M->21M(247M) 5.881ms
[2022-06-13T03:24:46.847+0000][1][gc,cpu       ] GC(9) User=0.01s Sys=0.00s Real=0.00s
[2022-06-13T03:24:46.847+0000][1][safepoint    ] Leaving safepoint region
[2022-06-13T03:24:46.847+0000][1][safepoint    ] Total time for which application threads were stopped: 0.0064594 seconds, Stopping threads took: 0.0001374 seconds
[2022-06-13T03:24:46.847+0000][1][gc           ] GC(9) Concurrent Sweep
[2022-06-13T03:24:46.850+0000][1][gc           ] GC(9) Concurrent Sweep 3.052ms
[2022-06-13T03:24:46.851+0000][1][gc,cpu       ] GC(9) User=0.01s Sys=0.00s Real=0.01s
[2022-06-13T03:24:46.851+0000][1][gc           ] GC(9) Concurrent Reset
[2022-06-13T03:24:46.851+0000][1][gc           ] GC(9) Concurrent Reset 0.549ms
[2022-06-13T03:24:46.852+0000][1][gc,cpu       ] GC(9) User=0.00s Sys=0.00s Real=0.00s
[2022-06-13T03:24:46.852+0000][1][gc,heap      ] GC(9) Old: 11318K->14011K(174784K)
[2022-06-13T03:24:47.056+0000][1][safepoint    ] Application time: 0.2083791 seconds
[2022-06-13T03:24:47.056+0000][1][safepoint    ] Entering safepoint region: Deoptimize
[2022-06-13T03:24:47.057+0000][1][safepoint    ] Leaving safepoint region
[2022-06-13T03:24:47.057+0000][1][safepoint    ] Total time for which application threads were stopped: 0.0015854 seconds, Stopping threads took: 0.0002623 seconds
[2022-06-13T03:24:47.106+0000][1][safepoint    ] Application time: 0.0486567 seconds
[2022-06-13T03:24:47.107+0000][1][safepoint    ] Entering safepoint region: Deoptimize
[2022-06-13T03:24:47.108+0000][1][safepoint    ] Leaving safepoint region
[2022-06-13T03:24:47.108+0000][1][safepoint    ] Total time for which application threads were stopped: 0.0008911 seconds, Stopping threads took: 0.0002686 seconds
[2022-06-13T03:24:47.108+0000][1][safepoint    ] Application time: 0.0005523 seconds
[2022-06-13T03:24:47.109+0000][1][safepoint    ] Entering safepoint region: Deoptimize
[2022-06-13T03:24:47.109+0000][1][safepoint    ] Leaving safepoint region
[2022-06-13T03:24:47.109+0000][1][safepoint    ] Total time for which application threads were stopped: 0.0006986 seconds, Stopping threads took: 0.0001374 seconds
[2022-06-13T03:24:47.119+0000][1][safepoint    ] Application time: 0.0087637 seconds
[2022-06-13T03:24:47.119+0000][1][safepoint    ] Entering safepoint region: RevokeBias
[2022-06-13T03:24:47.119+0000][1][safepoint    ] Leaving safepoint region
[2022-06-13T03:24:47.119+0000][1][safepoint    ] Total time for which application threads were stopped: 0.0003168 seconds, Stopping threads took: 0.0001389 seconds
[2022-06-13T03:24:47.120+0000][1][safepoint    ] Application time: 0.0004325 seconds
[2022-06-13T03:24:47.120+0000][1][safepoint    ] Entering safepoint region: Deoptimize
[2022-06-13T03:24:47.120+0000][1][safepoint    ] Leaving safepoint region
[2022-06-13T03:24:47.120+0000][1][safepoint    ] Total time for which application threads were stopped: 0.0006127 seconds, Stopping threads took: 0.0001193 seconds
[2022-06-13T03:24:47.124+0000][1][safepoint    ] Application time: 0.0034293 seconds
[2022-06-13T03:24:47.124+0000][1][safepoint    ] Entering safepoint region: Deoptimize
[2022-06-13T03:24:47.125+0000][1][safepoint    ] Leaving safepoint region
[2022-06-13T03:24:47.125+0000][1][safepoint    ] Total time for which application threads were stopped: 0.0009089 seconds, Stopping threads took: 0.0002147 seconds
[2022-06-13T03:24:47.188+0000][1][safepoint    ] Application time: 0.0619319 seconds
[2022-06-13T03:24:47.189+0000][1][safepoint    ] Entering safepoint region: GenCollectForAllocation
[2022-06-13T03:24:47.191+0000][1][gc,start     ] GC(12) Pause Young (Allocation Failure)
[2022-06-13T03:24:47.192+0000][1][gc,task      ] GC(12) Using 5 workers of 13 for evacuation
[2022-06-13T03:24:47.196+0000][1][gc,age       ] GC(12) Desired survivor size 4456448 bytes, new threshold 6 (max threshold 6)
[2022-06-13T03:24:47.196+0000][1][gc,age       ] GC(12) Age table with threshold 6 (max threshold 6)
[2022-06-13T03:24:47.197+0000][1][gc,age       ] GC(12) - age   1:    2931112 bytes,    2931112 total
[2022-06-13T03:24:47.197+0000][1][gc,age       ] GC(12) - age   2:     344808 bytes,    3275920 total
[2022-06-13T03:24:47.197+0000][1][gc,age       ] GC(12) - age   3:     108416 bytes,    3384336 total
[2022-06-13T03:24:47.197+0000][1][gc,age       ] GC(12) - age   4:     473864 bytes,    3858200 total
[2022-06-13T03:24:47.197+0000][1][gc,age       ] GC(12) - age   5:     506928 bytes,    4365128 total
[2022-06-13T03:24:47.197+0000][1][gc,age       ] GC(12) - age   6:    1128584 bytes,    5493712 total
[2022-06-13T03:24:47.198+0000][1][gc,heap      ] GC(12) ParNew: 76288K->6557K(78656K)
[2022-06-13T03:24:47.198+0000][1][gc,heap      ] GC(12) CMS: 14011K->14011K(174784K)
[2022-06-13T03:24:47.198+0000][1][gc,metaspace ] GC(12) Metaspace: 26485K->26485K(1073152K)
[2022-06-13T03:24:47.198+0000][1][gc           ] GC(12) Pause Young (Allocation Failure) 88M->20M(247M) 7.008ms
[2022-06-13T03:24:47.198+0000][1][gc,cpu       ] GC(12) User=0.03s Sys=0.00s Real=0.00s
[2022-06-13T03:24:47.199+0000][1][safepoint    ] Leaving safepoint region
[2022-06-13T03:24:47.199+0000][1][safepoint    ] Total time for which application threads were stopped: 0.0096721 seconds, Stopping threads took: 0.0020280 seconds
[2022-06-13T03:24:48.009+0000][1][safepoint    ] Application time: 0.8102762 seconds
[2022-06-13T03:24:48.010+0000][1][safepoint    ] Entering safepoint region: GenCollectForAllocation
[2022-06-13T03:24:48.011+0000][1][gc,start     ] GC(13) Pause Young (Allocation Failure)
[2022-06-13T03:24:48.012+0000][1][gc,task      ] GC(13) Using 5 workers of 13 for evacuation
[2022-06-13T03:24:48.034+0000][1][gc,age       ] GC(13) Desired survivor size 4456448 bytes, new threshold 1 (max threshold 6)
[2022-06-13T03:24:48.034+0000][1][gc,age       ] GC(13) Age table with threshold 1 (max threshold 6)
[2022-06-13T03:24:48.034+0000][1][gc,age       ] GC(13) - age   1:    4961280 bytes,    4961280 total
[2022-06-13T03:24:48.034+0000][1][gc,age       ] GC(13) - age   2:    2505960 bytes,    7467240 total
[2022-06-13T03:24:48.035+0000][1][gc,age       ] GC(13) - age   3:     344776 bytes,    7812016 total
[2022-06-13T03:24:48.035+0000][1][gc,age       ] GC(13) - age   4:     108416 bytes,    7920432 total
[2022-06-13T03:24:48.035+0000][1][gc,age       ] GC(13) - age   5:     473864 bytes,    8394296 total
[2022-06-13T03:24:48.035+0000][1][gc,age       ] GC(13) - age   6:     506784 bytes,    8901080 total
[2022-06-13T03:24:48.035+0000][1][gc,heap      ] GC(13) ParNew: 76509K->8704K(78656K)
[2022-06-13T03:24:48.035+0000][1][gc,heap      ] GC(13) CMS: 14011K->25296K(174784K)
[2022-06-13T03:24:48.036+0000][1][gc,metaspace ] GC(13) Metaspace: 27125K->27125K(1075200K)
[2022-06-13T03:24:48.036+0000][1][gc           ] GC(13) Pause Young (Allocation Failure) 88M->33M(247M) 24.713ms
[2022-06-13T03:24:48.036+0000][1][gc,cpu       ] GC(13) User=0.15s Sys=0.00s Real=0.02s
[2022-06-13T03:24:48.036+0000][1][safepoint    ] Leaving safepoint region
[2022-06-13T03:24:48.036+0000][1][safepoint    ] Total time for which application threads were stopped: 0.0263483 seconds, Stopping threads took: 0.0002169 seconds
[2022-06-13T03:24:48.110+0000][1][safepoint    ] Application time: 0.0730060 seconds
[2022-06-13T03:24:48.110+0000][1][safepoint    ] Entering safepoint region: Deoptimize
[2022-06-13T03:24:48.111+0000][1][safepoint    ] Leaving safepoint region
[2022-06-13T03:24:48.111+0000][1][safepoint    ] Total time for which application threads were stopped: 0.0009340 seconds, Stopping threads took: 0.0001958 seconds
[2022-06-13T03:24:48.267+0000][1][safepoint    ] Application time: 0.1563250 seconds
[2022-06-13T03:24:48.268+0000][1][safepoint    ] Entering safepoint region: RevokeBias
[2022-06-13T03:24:48.268+0000][1][safepoint    ] Leaving safepoint region
[2022-06-13T03:24:48.268+0000][1][safepoint    ] Total time for which application threads were stopped: 0.0002986 seconds, Stopping threads took: 0.0001298 seconds
[2022-06-13T03:24:48.389+0000][1][safepoint    ] Application time: 0.1207770 seconds
[2022-06-13T03:24:48.389+0000][1][safepoint    ] Entering safepoint region: GenCollectForAllocation
[2022-06-13T03:24:48.389+0000][1][gc,start     ] GC(14) Pause Young (Allocation Failure)
[2022-06-13T03:24:48.389+0000][1][gc,task      ] GC(14) Using 5 workers of 13 for evacuation
[2022-06-13T03:24:48.410+0000][1][gc,age       ] GC(14) Desired survivor size 4456448 bytes, new threshold 1 (max threshold 6)
[2022-06-13T03:24:48.411+0000][1][gc,age       ] GC(14) Age table with threshold 1 (max threshold 6)
[2022-06-13T03:24:48.411+0000][1][gc,age       ] GC(14) - age   1:    8912680 bytes,    8912680 total
[2022-06-13T03:24:48.411+0000][1][gc,heap      ] GC(14) ParNew: 78656K->8704K(78656K)
[2022-06-13T03:24:48.411+0000][1][gc,heap      ] GC(14) CMS: 25296K->39005K(174784K)
[2022-06-13T03:24:48.411+0000][1][gc,metaspace ] GC(14) Metaspace: 27276K->27276K(1075200K)
[2022-06-13T03:24:48.411+0000][1][gc           ] GC(14) Pause Young (Allocation Failure) 101M->46M(247M) 22.155ms
[2022-06-13T03:24:48.412+0000][1][gc,cpu       ] GC(14) User=0.16s Sys=0.00s Real=0.02s
[2022-06-13T03:24:48.412+0000][1][safepoint    ] Leaving safepoint region
[2022-06-13T03:24:48.412+0000][1][safepoint    ] Total time for which application threads were stopped: 0.0227837 seconds, Stopping threads took: 0.0001782 seconds
[2022-06-13T03:24:48.562+0000][1][safepoint    ] Application time: 0.1504236 seconds
[2022-06-13T03:24:48.563+0000][1][safepoint    ] Entering safepoint region: RevokeBias
[2022-06-13T03:24:48.563+0000][1][safepoint    ] Leaving safepoint region
[2022-06-13T03:24:48.564+0000][1][safepoint    ] Total time for which application threads were stopped: 0.0009137 seconds, Stopping threads took: 0.0004152 seconds
[2022-06-13T03:24:48.698+0000][1][safepoint    ] Application time: 0.1337605 seconds
[2022-06-13T03:24:48.698+0000][1][safepoint    ] Entering safepoint region: RevokeBias
[2022-06-13T03:24:48.699+0000][1][safepoint    ] Leaving safepoint region
[2022-06-13T03:24:48.699+0000][1][safepoint    ] Total time for which application threads were stopped: 0.0007913 seconds, Stopping threads took: 0.0004360 seconds
[2022-06-13T03:24:48.700+0000][1][safepoint    ] Application time: 0.0014143 seconds
[2022-06-13T03:24:48.701+0000][1][safepoint    ] Entering safepoint region: RevokeBias
[2022-06-13T03:24:48.701+0000][1][safepoint    ] Leaving safepoint region
[2022-06-13T03:24:48.702+0000][1][safepoint    ] Total time for which application threads were stopped: 0.0008318 seconds, Stopping threads took: 0.0002925 seconds
[2022-06-13T03:24:48.703+0000][1][safepoint    ] Application time: 0.0011803 seconds
[2022-06-13T03:24:48.704+0000][1][safepoint    ] Entering safepoint region: RevokeBias
[2022-06-13T03:24:48.704+0000][1][safepoint    ] Leaving safepoint region
[2022-06-13T03:24:48.704+0000][1][safepoint    ] Total time for which application threads were stopped: 0.0008453 seconds, Stopping threads took: 0.0005319 seconds
[2022-06-13T03:24:48.810+0000][1][safepoint    ] Application time: 0.1050099 seconds
[2022-06-13T03:24:48.810+0000][1][safepoint    ] Entering safepoint region: GenCollectForAllocation
[2022-06-13T03:24:48.810+0000][1][gc,start     ] GC(15) Pause Young (Allocation Failure)
[2022-06-13T03:24:48.810+0000][1][gc,task      ] GC(15) Using 5 workers of 13 for evacuation
[2022-06-13T03:24:48.822+0000][1][gc,age       ] GC(15) Desired survivor size 4456448 bytes, new threshold 1 (max threshold 6)
[2022-06-13T03:24:48.822+0000][1][gc,age       ] GC(15) Age table with threshold 1 (max threshold 6)
[2022-06-13T03:24:48.822+0000][1][gc,age       ] GC(15) - age   1:    6776944 bytes,    6776944 total
[2022-06-13T03:24:48.822+0000][1][gc,heap      ] GC(15) ParNew: 78656K->8704K(78656K)
[2022-06-13T03:24:48.822+0000][1][gc,heap      ] GC(15) CMS: 39005K->48804K(174784K)
[2022-06-13T03:24:48.822+0000][1][gc,metaspace ] GC(15) Metaspace: 32202K->32202K(1079296K)
[2022-06-13T03:24:48.823+0000][1][gc           ] GC(15) Pause Young (Allocation Failure) 114M->56M(247M) 12.394ms
[2022-06-13T03:24:48.823+0000][1][gc,cpu       ] GC(15) User=0.09s Sys=0.00s Real=0.01s
[2022-06-13T03:24:48.823+0000][1][safepoint    ] Leaving safepoint region
[2022-06-13T03:24:48.823+0000][1][safepoint    ] Total time for which application threads were stopped: 0.0130231 seconds, Stopping threads took: 0.0002193 seconds
[2022-06-13T03:24:48.846+0000][1][safepoint    ] Application time: 0.0228519 seconds
[2022-06-13T03:24:48.846+0000][1][safepoint    ] Entering safepoint region: RevokeBias
[2022-06-13T03:24:48.846+0000][1][safepoint    ] Leaving safepoint region
[2022-06-13T03:24:48.847+0000][1][safepoint    ] Total time for which application threads were stopped: 0.0004176 seconds, Stopping threads took: 0.0002050 seconds
[2022-06-13T03:24:48.906+0000][1][safepoint    ] Application time: 0.0594455 seconds
[2022-06-13T03:24:48.906+0000][1][safepoint    ] Entering safepoint region: GenCollectForAllocation
[2022-06-13T03:24:48.907+0000][1][gc,start     ] GC(16) Pause Young (Allocation Failure)
[2022-06-13T03:24:48.907+0000][1][gc,task      ] GC(16) Using 5 workers of 13 for evacuation
[2022-06-13T03:24:48.911+0000][1][gc,age       ] GC(16) Desired survivor size 4456448 bytes, new threshold 6 (max threshold 6)
[2022-06-13T03:24:48.912+0000][1][gc,age       ] GC(16) Age table with threshold 6 (max threshold 6)
[2022-06-13T03:24:48.912+0000][1][gc,age       ] GC(16) - age   1:     362624 bytes,     362624 total
[2022-06-13T03:24:48.912+0000][1][gc,heap      ] GC(16) ParNew: 78656K->7081K(78656K)
[2022-06-13T03:24:48.912+0000][1][gc,heap      ] GC(16) CMS: 48804K->55473K(174784K)
[2022-06-13T03:24:48.912+0000][1][gc,metaspace ] GC(16) Metaspace: 33016K->33016K(1079296K)
[2022-06-13T03:24:48.912+0000][1][gc           ] GC(16) Pause Young (Allocation Failure) 124M->61M(247M) 5.501ms
[2022-06-13T03:24:48.912+0000][1][gc,cpu       ] GC(16) User=0.03s Sys=0.00s Real=0.01s
[2022-06-13T03:24:48.912+0000][1][safepoint    ] Leaving safepoint region
[2022-06-13T03:24:48.913+0000][1][safepoint    ] Total time for which application threads were stopped: 0.0060873 seconds, Stopping threads took: 0.0001470 seconds
[2022-06-13T03:24:49.048+0000][1][safepoint    ] Application time: 0.1355004 seconds
[2022-06-13T03:24:49.048+0000][1][safepoint    ] Entering safepoint region: CollectForMetadataAllocation
[2022-06-13T03:24:49.049+0000][1][safepoint    ] Leaving safepoint region
[2022-06-13T03:24:49.049+0000][1][safepoint    ] Total time for which application threads were stopped: 0.0003430 seconds, Stopping threads took: 0.0001046 seconds
[2022-06-13T03:24:49.067+0000][1][safepoint    ] Application time: 0.0185129 seconds
[2022-06-13T03:24:49.068+0000][1][safepoint    ] Entering safepoint region: CollectForMetadataAllocation
[2022-06-13T03:24:49.068+0000][1][safepoint    ] Leaving safepoint region
[2022-06-13T03:24:49.068+0000][1][safepoint    ] Total time for which application threads were stopped: 0.0003858 seconds, Stopping threads took: 0.0001198 seconds
[2022-06-13T03:24:49.079+0000][1][safepoint    ] Application time: 0.0111048 seconds
[2022-06-13T03:24:49.079+0000][1][safepoint    ] Entering safepoint region: CollectForMetadataAllocation
[2022-06-13T03:24:49.080+0000][1][safepoint    ] Leaving safepoint region
[2022-06-13T03:24:49.080+0000][1][safepoint    ] Total time for which application threads were stopped: 0.0002738 seconds, Stopping threads took: 0.0001020 seconds
[2022-06-13T03:24:49.092+0000][1][safepoint    ] Application time: 0.0119595 seconds
[2022-06-13T03:24:49.092+0000][1][safepoint    ] Entering safepoint region: CollectForMetadataAllocation
[2022-06-13T03:24:49.092+0000][1][safepoint    ] Leaving safepoint region
[2022-06-13T03:24:49.092+0000][1][safepoint    ] Total time for which application threads were stopped: 0.0003424 seconds, Stopping threads took: 0.0001139 seconds
[2022-06-13T03:24:49.104+0000][1][safepoint    ] Application time: 0.0114032 seconds
[2022-06-13T03:24:49.104+0000][1][safepoint    ] Entering safepoint region: CollectForMetadataAllocation
[2022-06-13T03:24:49.104+0000][1][safepoint    ] Leaving safepoint region
[2022-06-13T03:24:49.104+0000][1][safepoint    ] Total time for which application threads were stopped: 0.0002950 seconds, Stopping threads took: 0.0001052 seconds
[2022-06-13T03:24:49.117+0000][1][safepoint    ] Application time: 0.0130663 seconds
[2022-06-13T03:24:49.118+0000][1][safepoint    ] Entering safepoint region: CollectForMetadataAllocation
[2022-06-13T03:24:49.118+0000][1][safepoint    ] Leaving safepoint region
[2022-06-13T03:24:49.118+0000][1][safepoint    ] Total time for which application threads were stopped: 0.0007041 seconds, Stopping threads took: 0.0001519 seconds
[2022-06-13T03:24:49.134+0000][1][safepoint    ] Application time: 0.0156134 seconds
[2022-06-13T03:24:49.134+0000][1][safepoint    ] Entering safepoint region: CollectForMetadataAllocation
[2022-06-13T03:24:49.134+0000][1][safepoint    ] Leaving safepoint region
[2022-06-13T03:24:49.135+0000][1][safepoint    ] Total time for which application threads were stopped: 0.0004570 seconds, Stopping threads took: 0.0001706 seconds
[2022-06-13T03:24:49.148+0000][1][safepoint    ] Application time: 0.0132023 seconds
[2022-06-13T03:24:49.148+0000][1][safepoint    ] Entering safepoint region: CollectForMetadataAllocation
[2022-06-13T03:24:49.148+0000][1][safepoint    ] Leaving safepoint region
[2022-06-13T03:24:49.148+0000][1][safepoint    ] Total time for which application threads were stopped: 0.0003651 seconds, Stopping threads took: 0.0001204 seconds
[2022-06-13T03:24:49.161+0000][1][safepoint    ] Application time: 0.0122876 seconds
[2022-06-13T03:24:49.161+0000][1][safepoint    ] Entering safepoint region: CollectForMetadataAllocation
[2022-06-13T03:24:49.162+0000][1][safepoint    ] Leaving safepoint region
[2022-06-13T03:24:49.162+0000][1][safepoint    ] Total time for which application threads were stopped: 0.0004885 seconds, Stopping threads took: 0.0001791 seconds
[2022-06-13T03:24:49.171+0000][1][safepoint    ] Application time: 0.0095677 seconds
[2022-06-13T03:24:49.172+0000][1][safepoint    ] Entering safepoint region: CollectForMetadataAllocation
[2022-06-13T03:24:49.172+0000][1][safepoint    ] Leaving safepoint region
[2022-06-13T03:24:49.172+0000][1][safepoint    ] Total time for which application threads were stopped: 0.0005252 seconds, Stopping threads took: 0.0002548 seconds
[2022-06-13T03:24:49.173+0000][1][safepoint    ] Application time: 0.0008728 seconds
[2022-06-13T03:24:49.173+0000][1][safepoint    ] Entering safepoint region: RevokeBias
[2022-06-13T03:24:49.174+0000][1][safepoint    ] Leaving safepoint region
[2022-06-13T03:24:49.174+0000][1][safepoint    ] Total time for which application threads were stopped: 0.0005449 seconds, Stopping threads took: 0.0002397 seconds
[2022-06-13T03:24:49.190+0000][1][safepoint    ] Application time: 0.0155689 seconds
[2022-06-13T03:24:49.190+0000][1][safepoint    ] Entering safepoint region: CollectForMetadataAllocation
[2022-06-13T03:24:49.190+0000][1][safepoint    ] Leaving safepoint region
[2022-06-13T03:24:49.190+0000][1][safepoint    ] Total time for which application threads were stopped: 0.0002789 seconds, Stopping threads took: 0.0000908 seconds
[2022-06-13T03:24:49.210+0000][1][safepoint    ] Application time: 0.0201831 seconds
[2022-06-13T03:24:49.210+0000][1][safepoint    ] Entering safepoint region: CollectForMetadataAllocation
[2022-06-13T03:24:49.211+0000][1][safepoint    ] Leaving safepoint region
[2022-06-13T03:24:49.211+0000][1][safepoint    ] Total time for which application threads were stopped: 0.0002325 seconds, Stopping threads took: 0.0000932 seconds
[2022-06-13T03:24:49.220+0000][1][safepoint    ] Application time: 0.0090055 seconds
[2022-06-13T03:24:49.220+0000][1][safepoint    ] Entering safepoint region: CollectForMetadataAllocation
[2022-06-13T03:24:49.220+0000][1][safepoint    ] Leaving safepoint region
[2022-06-13T03:24:49.220+0000][1][safepoint    ] Total time for which application threads were stopped: 0.0002667 seconds, Stopping threads took: 0.0000855 seconds
[2022-06-13T03:24:49.231+0000][1][safepoint    ] Application time: 0.0110498 seconds
[2022-06-13T03:24:49.231+0000][1][safepoint    ] Entering safepoint region: CollectForMetadataAllocation
[2022-06-13T03:24:49.232+0000][1][safepoint    ] Leaving safepoint region
[2022-06-13T03:24:49.232+0000][1][safepoint    ] Total time for which application threads were stopped: 0.0002955 seconds, Stopping threads took: 0.0000984 seconds
[2022-06-13T03:24:49.244+0000][1][safepoint    ] Application time: 0.0122544 seconds
[2022-06-13T03:24:49.244+0000][1][safepoint    ] Entering safepoint region: CollectForMetadataAllocation
[2022-06-13T03:24:49.244+0000][1][safepoint    ] Leaving safepoint region
[2022-06-13T03:24:49.245+0000][1][safepoint    ] Total time for which application threads were stopped: 0.0004157 seconds, Stopping threads took: 0.0001483 seconds
[2022-06-13T03:24:49.257+0000][1][safepoint    ] Application time: 0.0122457 seconds
[2022-06-13T03:24:49.257+0000][1][safepoint    ] Entering safepoint region: CollectForMetadataAllocation
[2022-06-13T03:24:49.257+0000][1][safepoint    ] Leaving safepoint region
[2022-06-13T03:24:49.258+0000][1][safepoint    ] Total time for which application threads were stopped: 0.0004935 seconds, Stopping threads took: 0.0001957 seconds
[2022-06-13T03:24:49.269+0000][1][safepoint    ] Application time: 0.0112269 seconds
[2022-06-13T03:24:49.269+0000][1][safepoint    ] Entering safepoint region: CollectForMetadataAllocation
[2022-06-13T03:24:49.270+0000][1][safepoint    ] Leaving safepoint region
[2022-06-13T03:24:49.270+0000][1][safepoint    ] Total time for which application threads were stopped: 0.0006635 seconds, Stopping threads took: 0.0002505 seconds
[2022-06-13T03:24:49.281+0000][1][safepoint    ] Application time: 0.0105856 seconds
[2022-06-13T03:24:49.281+0000][1][safepoint    ] Entering safepoint region: CollectForMetadataAllocation
[2022-06-13T03:24:49.281+0000][1][safepoint    ] Leaving safepoint region
[2022-06-13T03:24:49.282+0000][1][safepoint    ] Total time for which application threads were stopped: 0.0003976 seconds, Stopping threads took: 0.0001565 seconds
[2022-06-13T03:24:49.295+0000][1][safepoint    ] Application time: 0.0135076 seconds
[2022-06-13T03:24:49.296+0000][1][safepoint    ] Entering safepoint region: CollectForMetadataAllocation
[2022-06-13T03:24:49.296+0000][1][safepoint    ] Leaving safepoint region
[2022-06-13T03:24:49.296+0000][1][safepoint    ] Total time for which application threads were stopped: 0.0006628 seconds, Stopping threads took: 0.0003329 seconds
[2022-06-13T03:24:49.306+0000][1][safepoint    ] Application time: 0.0098200 seconds
[2022-06-13T03:24:49.307+0000][1][safepoint    ] Entering safepoint region: CollectForMetadataAllocation
[2022-06-13T03:24:49.307+0000][1][safepoint    ] Leaving safepoint region
[2022-06-13T03:24:49.307+0000][1][safepoint    ] Total time for which application threads were stopped: 0.0006978 seconds, Stopping threads took: 0.0002553 seconds
[2022-06-13T03:24:49.324+0000][1][safepoint    ] Application time: 0.0166072 seconds
[2022-06-13T03:24:49.325+0000][1][safepoint    ] Entering safepoint region: CollectForMetadataAllocation
[2022-06-13T03:24:49.325+0000][1][safepoint    ] Leaving safepoint region
[2022-06-13T03:24:49.325+0000][1][safepoint    ] Total time for which application threads were stopped: 0.0008284 seconds, Stopping threads took: 0.0003857 seconds
[2022-06-13T03:24:49.338+0000][1][safepoint    ] Application time: 0.0124401 seconds
[2022-06-13T03:24:49.339+0000][1][safepoint    ] Entering safepoint region: CollectForMetadataAllocation
[2022-06-13T03:24:49.339+0000][1][safepoint    ] Leaving safepoint region
[2022-06-13T03:24:49.340+0000][1][safepoint    ] Total time for which application threads were stopped: 0.0009533 seconds, Stopping threads took: 0.0004163 seconds
[2022-06-13T03:24:49.354+0000][1][safepoint    ] Application time: 0.0142221 seconds
[2022-06-13T03:24:49.355+0000][1][safepoint    ] Entering safepoint region: CollectForMetadataAllocation
[2022-06-13T03:24:49.355+0000][1][safepoint    ] Leaving safepoint region
[2022-06-13T03:24:49.356+0000][1][safepoint    ] Total time for which application threads were stopped: 0.0009179 seconds, Stopping threads took: 0.0003574 seconds
[2022-06-13T03:24:49.368+0000][1][safepoint    ] Application time: 0.0124298 seconds
[2022-06-13T03:24:49.369+0000][1][safepoint    ] Entering safepoint region: CollectForMetadataAllocation
[2022-06-13T03:24:49.370+0000][1][safepoint    ] Leaving safepoint region
[2022-06-13T03:24:49.370+0000][1][safepoint    ] Total time for which application threads were stopped: 0.0013810 seconds, Stopping threads took: 0.0002250 seconds
[2022-06-13T03:24:49.389+0000][1][safepoint    ] Application time: 0.0188276 seconds
[2022-06-13T03:24:49.389+0000][1][safepoint    ] Entering safepoint region: CollectForMetadataAllocation
[2022-06-13T03:24:49.390+0000][1][safepoint    ] Leaving safepoint region
[2022-06-13T03:24:49.390+0000][1][safepoint    ] Total time for which application threads were stopped: 0.0003927 seconds, Stopping threads took: 0.0001193 seconds
[2022-06-13T03:24:49.405+0000][1][safepoint    ] Application time: 0.0146241 seconds
[2022-06-13T03:24:49.405+0000][1][safepoint    ] Entering safepoint region: CollectForMetadataAllocation
[2022-06-13T03:24:49.405+0000][1][safepoint    ] Leaving safepoint region
[2022-06-13T03:24:49.405+0000][1][safepoint    ] Total time for which application threads were stopped: 0.0004427 seconds, Stopping threads took: 0.0001558 seconds
[2022-06-13T03:24:49.422+0000][1][safepoint    ] Application time: 0.0164335 seconds
[2022-06-13T03:24:49.422+0000][1][safepoint    ] Entering safepoint region: CollectForMetadataAllocation
[2022-06-13T03:24:49.423+0000][1][safepoint    ] Leaving safepoint region
[2022-06-13T03:24:49.423+0000][1][safepoint    ] Total time for which application threads were stopped: 0.0004760 seconds, Stopping threads took: 0.0001705 seconds
[2022-06-13T03:24:49.619+0000][1][safepoint    ] Application time: 0.1963325 seconds
[2022-06-13T03:24:49.620+0000][1][safepoint    ] Entering safepoint region: CollectForMetadataAllocation
[2022-06-13T03:24:49.620+0000][1][safepoint    ] Leaving safepoint region
[2022-06-13T03:24:49.620+0000][1][safepoint    ] Total time for which application threads were stopped: 0.0004501 seconds, Stopping threads took: 0.0001885 seconds
[2022-06-13T03:24:49.837+0000][1][safepoint    ] Application time: 0.2172042 seconds
[2022-06-13T03:24:49.838+0000][1][safepoint    ] Entering safepoint region: GenCollectForAllocation
[2022-06-13T03:24:49.838+0000][1][gc,start     ] GC(17) Pause Young (Allocation Failure)
[2022-06-13T03:24:49.838+0000][1][gc,task      ] GC(17) Using 5 workers of 13 for evacuation
[2022-06-13T03:24:49.842+0000][1][gc,age       ] GC(17) Desired survivor size 4456448 bytes, new threshold 6 (max threshold 6)
[2022-06-13T03:24:49.842+0000][1][gc,age       ] GC(17) Age table with threshold 6 (max threshold 6)
[2022-06-13T03:24:49.842+0000][1][gc,age       ] GC(17) - age   1:    4018728 bytes,    4018728 total
[2022-06-13T03:24:49.842+0000][1][gc,age       ] GC(17) - age   2:     322584 bytes,    4341312 total
[2022-06-13T03:24:49.843+0000][1][gc,heap      ] GC(17) ParNew: 77033K->4408K(78656K)
[2022-06-13T03:24:49.843+0000][1][gc,heap      ] GC(17) CMS: 55473K->55473K(174784K)
[2022-06-13T03:24:49.844+0000][1][gc,metaspace ] GC(17) Metaspace: 42398K->42398K(1087488K)
[2022-06-13T03:24:49.844+0000][1][gc           ] GC(17) Pause Young (Allocation Failure) 129M->58M(247M) 6.260ms
[2022-06-13T03:24:49.844+0000][1][gc,cpu       ] GC(17) User=0.02s Sys=0.00s Real=0.01s
[2022-06-13T03:24:49.845+0000][1][safepoint    ] Leaving safepoint region
[2022-06-13T03:24:49.845+0000][1][safepoint    ] Total time for which application threads were stopped: 0.0076043 seconds, Stopping threads took: 0.0001735 seconds
[2022-06-13T03:24:49.846+0000][1][safepoint    ] Application time: 0.0003906 seconds
[2022-06-13T03:24:49.847+0000][1][safepoint    ] Entering safepoint region: CMS_Initial_Mark
[2022-06-13T03:24:49.847+0000][1][gc,start     ] GC(18) Pause Initial Mark
[2022-06-13T03:24:49.849+0000][1][gc           ] GC(18) Pause Initial Mark 59M->59M(247M) 1.702ms
[2022-06-13T03:24:49.849+0000][1][gc,cpu       ] GC(18) User=0.01s Sys=0.00s Real=0.01s
[2022-06-13T03:24:49.850+0000][1][safepoint    ] Leaving safepoint region
[2022-06-13T03:24:49.850+0000][1][safepoint    ] Total time for which application threads were stopped: 0.0034658 seconds, Stopping threads took: 0.0007036 seconds
[2022-06-13T03:24:49.850+0000][1][gc           ] GC(18) Concurrent Mark
[2022-06-13T03:24:49.851+0000][1][gc,task      ] GC(18) Using 4 workers of 4 for marking
[2022-06-13T03:24:49.853+0000][1][safepoint    ] Application time: 0.0027976 seconds
[2022-06-13T03:24:49.853+0000][1][safepoint    ] Entering safepoint region: CollectForMetadataAllocation
[2022-06-13T03:24:49.854+0000][1][safepoint    ] Leaving safepoint region
[2022-06-13T03:24:49.854+0000][1][safepoint    ] Total time for which application threads were stopped: 0.0008155 seconds, Stopping threads took: 0.0004405 seconds
[2022-06-13T03:24:49.868+0000][1][safepoint    ] Application time: 0.0133813 seconds
[2022-06-13T03:24:49.868+0000][1][safepoint    ] Entering safepoint region: CollectForMetadataAllocation
[2022-06-13T03:24:49.869+0000][1][safepoint    ] Leaving safepoint region
[2022-06-13T03:24:49.869+0000][1][safepoint    ] Total time for which application threads were stopped: 0.0006665 seconds, Stopping threads took: 0.0002517 seconds
[2022-06-13T03:24:49.872+0000][1][gc           ] GC(18) Concurrent Mark 21.560ms
[2022-06-13T03:24:49.872+0000][1][gc,cpu       ] GC(18) User=0.09s Sys=0.00s Real=0.02s
[2022-06-13T03:24:49.873+0000][1][gc           ] GC(18) Concurrent Preclean
[2022-06-13T03:24:49.874+0000][1][gc           ] GC(18) Concurrent Preclean 1.715ms
[2022-06-13T03:24:49.875+0000][1][gc,cpu       ] GC(18) User=0.00s Sys=0.00s Real=0.00s
[2022-06-13T03:24:49.875+0000][1][gc           ] GC(18) Concurrent Abortable Preclean
[2022-06-13T03:24:49.955+0000][1][safepoint    ] Application time: 0.0856631 seconds
[2022-06-13T03:24:49.955+0000][1][safepoint    ] Entering safepoint region: CollectForMetadataAllocation
[2022-06-13T03:24:49.955+0000][1][safepoint    ] Leaving safepoint region
[2022-06-13T03:24:49.956+0000][1][safepoint    ] Total time for which application threads were stopped: 0.0004820 seconds, Stopping threads took: 0.0001629 seconds
[2022-06-13T03:24:50.021+0000][1][safepoint    ] Application time: 0.0653394 seconds
[2022-06-13T03:24:50.021+0000][1][safepoint    ] Entering safepoint region: CollectForMetadataAllocation
[2022-06-13T03:24:50.022+0000][1][safepoint    ] Leaving safepoint region
[2022-06-13T03:24:50.022+0000][1][safepoint    ] Total time for which application threads were stopped: 0.0004877 seconds, Stopping threads took: 0.0001698 seconds
[2022-06-13T03:24:50.032+0000][1][safepoint    ] Application time: 0.0100149 seconds
[2022-06-13T03:24:50.032+0000][1][safepoint    ] Entering safepoint region: CollectForMetadataAllocation
[2022-06-13T03:24:50.033+0000][1][safepoint    ] Leaving safepoint region
[2022-06-13T03:24:50.033+0000][1][safepoint    ] Total time for which application threads were stopped: 0.0005283 seconds, Stopping threads took: 0.0002370 seconds
[2022-06-13T03:24:50.069+0000][1][safepoint    ] Application time: 0.0363576 seconds
[2022-06-13T03:24:50.069+0000][1][safepoint    ] Entering safepoint region: CollectForMetadataAllocation
[2022-06-13T03:24:50.070+0000][1][safepoint    ] Leaving safepoint region
[2022-06-13T03:24:50.070+0000][1][safepoint    ] Total time for which application threads were stopped: 0.0004224 seconds, Stopping threads took: 0.0001131 seconds
[2022-06-13T03:24:50.087+0000][1][safepoint    ] Application time: 0.0172172 seconds
[2022-06-13T03:24:50.087+0000][1][safepoint    ] Entering safepoint region: CollectForMetadataAllocation
[2022-06-13T03:24:50.088+0000][1][safepoint    ] Leaving safepoint region
[2022-06-13T03:24:50.088+0000][1][safepoint    ] Total time for which application threads were stopped: 0.0008488 seconds, Stopping threads took: 0.0001547 seconds
[2022-06-13T03:24:50.089+0000][1][gc           ] GC(18) Concurrent Abortable Preclean 214.207ms
[2022-06-13T03:24:50.089+0000][1][gc,cpu       ] GC(18) User=1.11s Sys=0.03s Real=0.22s
[2022-06-13T03:24:50.089+0000][1][safepoint    ] Application time: 0.0010105 seconds
[2022-06-13T03:24:50.090+0000][1][safepoint    ] Entering safepoint region: CMS_Final_Remark
[2022-06-13T03:24:50.090+0000][1][gc,start     ] GC(18) Pause Remark
[2022-06-13T03:24:50.100+0000][1][gc           ] GC(18) Pause Remark 95M->95M(247M) 9.926ms
[2022-06-13T03:24:50.100+0000][1][gc,cpu       ] GC(18) User=0.04s Sys=0.00s Real=0.01s
[2022-06-13T03:24:50.100+0000][1][safepoint    ] Leaving safepoint region
[2022-06-13T03:24:50.100+0000][1][safepoint    ] Total time for which application threads were stopped: 0.0108097 seconds, Stopping threads took: 0.0001656 seconds
[2022-06-13T03:24:50.101+0000][1][gc           ] GC(18) Concurrent Sweep
[2022-06-13T03:24:50.105+0000][1][safepoint    ] Application time: 0.0047523 seconds
[2022-06-13T03:24:50.105+0000][1][safepoint    ] Entering safepoint region: RevokeBias
[2022-06-13T03:24:50.106+0000][1][safepoint    ] Leaving safepoint region
[2022-06-13T03:24:50.106+0000][1][safepoint    ] Total time for which application threads were stopped: 0.0009197 seconds, Stopping threads took: 0.0001363 seconds
[2022-06-13T03:24:50.108+0000][1][safepoint    ] Application time: 0.0010455 seconds
[2022-06-13T03:24:50.108+0000][1][safepoint    ] Entering safepoint region: RevokeBias
[2022-06-13T03:24:50.108+0000][1][safepoint    ] Leaving safepoint region
[2022-06-13T03:24:50.108+0000][1][safepoint    ] Total time for which application threads were stopped: 0.0002973 seconds, Stopping threads took: 0.0001294 seconds
[2022-06-13T03:24:50.116+0000][1][gc           ] GC(18) Concurrent Sweep 15.255ms
[2022-06-13T03:24:50.116+0000][1][gc,cpu       ] GC(18) User=0.04s Sys=0.00s Real=0.01s
[2022-06-13T03:24:50.116+0000][1][gc           ] GC(18) Concurrent Reset
[2022-06-13T03:24:50.117+0000][1][gc           ] GC(18) Concurrent Reset 0.321ms
[2022-06-13T03:24:50.117+0000][1][gc,cpu       ] GC(18) User=0.00s Sys=0.00s Real=0.00s
[2022-06-13T03:24:50.117+0000][1][gc,heap      ] GC(18) Old: 55473K->55258K(174784K)
[2022-06-13T03:24:50.134+0000][1][safepoint    ] Application time: 0.0254741 seconds
[2022-06-13T03:24:50.134+0000][1][safepoint    ] Entering safepoint region: RevokeBias
[2022-06-13T03:24:50.134+0000][1][safepoint    ] Leaving safepoint region
[2022-06-13T03:24:50.134+0000][1][safepoint    ] Total time for which application threads were stopped: 0.0003648 seconds, Stopping threads took: 0.0002019 seconds
[2022-06-13T03:24:50.149+0000][1][safepoint    ] Application time: 0.0149913 seconds
[2022-06-13T03:24:50.150+0000][1][safepoint    ] Entering safepoint region: RevokeBias
[2022-06-13T03:24:50.150+0000][1][safepoint    ] Leaving safepoint region
[2022-06-13T03:24:50.150+0000][1][safepoint    ] Total time for which application threads were stopped: 0.0003212 seconds, Stopping threads took: 0.0001358 seconds
[2022-06-13T03:24:50.153+0000][1][safepoint    ] Application time: 0.0024964 seconds
[2022-06-13T03:24:50.153+0000][1][safepoint    ] Entering safepoint region: RevokeBias
[2022-06-13T03:24:50.153+0000][1][safepoint    ] Leaving safepoint region
[2022-06-13T03:24:50.153+0000][1][safepoint    ] Total time for which application threads were stopped: 0.0002766 seconds, Stopping threads took: 0.0001007 seconds
[2022-06-13T03:24:50.249+0000][1][safepoint    ] Application time: 0.0957904 seconds
[2022-06-13T03:24:50.249+0000][1][safepoint    ] Entering safepoint region: RevokeBias
[2022-06-13T03:24:50.250+0000][1][safepoint    ] Leaving safepoint region
[2022-06-13T03:24:50.250+0000][1][safepoint    ] Total time for which application threads were stopped: 0.0008389 seconds, Stopping threads took: 0.0003367 seconds
[2022-06-13T03:24:50.250+0000][1][safepoint    ] Application time: 0.0000841 seconds
[2022-06-13T03:24:50.250+0000][1][safepoint    ] Entering safepoint region: RevokeBias
[2022-06-13T03:24:50.251+0000][1][safepoint    ] Leaving safepoint region
[2022-06-13T03:24:50.251+0000][1][safepoint    ] Total time for which application threads were stopped: 0.0003850 seconds, Stopping threads took: 0.0002290 seconds
[2022-06-13T03:24:50.251+0000][1][safepoint    ] Application time: 0.0002629 seconds
[2022-06-13T03:24:50.251+0000][1][safepoint    ] Entering safepoint region: RevokeBias
[2022-06-13T03:24:50.251+0000][1][safepoint    ] Leaving safepoint region
[2022-06-13T03:24:50.252+0000][1][safepoint    ] Total time for which application threads were stopped: 0.0003331 seconds, Stopping threads took: 0.0001829 seconds
[2022-06-13T03:24:50.252+0000][1][safepoint    ] Application time: 0.0000771 seconds
[2022-06-13T03:24:50.252+0000][1][safepoint    ] Entering safepoint region: RevokeBias
[2022-06-13T03:24:50.252+0000][1][safepoint    ] Leaving safepoint region
[2022-06-13T03:24:50.252+0000][1][safepoint    ] Total time for which application threads were stopped: 0.0002848 seconds, Stopping threads took: 0.0001392 seconds
[2022-06-13T03:24:50.302+0000][1][safepoint    ] Application time: 0.0495695 seconds
[2022-06-13T03:24:50.302+0000][1][safepoint    ] Entering safepoint region: RevokeBias
[2022-06-13T03:24:50.302+0000][1][safepoint    ] Leaving safepoint region
[2022-06-13T03:24:50.302+0000][1][safepoint    ] Total time for which application threads were stopped: 0.0004971 seconds, Stopping threads took: 0.0002823 seconds
[2022-06-13T03:24:50.303+0000][1][safepoint    ] Application time: 0.0000990 seconds
[2022-06-13T03:24:50.303+0000][1][safepoint    ] Entering safepoint region: RevokeBias
[2022-06-13T03:24:50.303+0000][1][safepoint    ] Leaving safepoint region
[2022-06-13T03:24:50.303+0000][1][safepoint    ] Total time for which application threads were stopped: 0.0004416 seconds, Stopping threads took: 0.0002082 seconds
[2022-06-13T03:24:50.304+0000][1][safepoint    ] Application time: 0.0002017 seconds
[2022-06-13T03:24:50.304+0000][1][safepoint    ] Entering safepoint region: RevokeBias
[2022-06-13T03:24:50.304+0000][1][safepoint    ] Leaving safepoint region
[2022-06-13T03:24:50.304+0000][1][safepoint    ] Total time for which application threads were stopped: 0.0004265 seconds, Stopping threads took: 0.0001351 seconds
[2022-06-13T03:24:50.305+0000][1][safepoint    ] Application time: 0.0004096 seconds
[2022-06-13T03:24:50.305+0000][1][safepoint    ] Entering safepoint region: RevokeBias
[2022-06-13T03:24:50.305+0000][1][safepoint    ] Leaving safepoint region
[2022-06-13T03:24:50.306+0000][1][safepoint    ] Total time for which application threads were stopped: 0.0006729 seconds, Stopping threads took: 0.0004045 seconds
[2022-06-13T03:24:50.306+0000][1][safepoint    ] Application time: 0.0001700 seconds
[2022-06-13T03:24:50.306+0000][1][safepoint    ] Entering safepoint region: RevokeBias
[2022-06-13T03:24:50.306+0000][1][safepoint    ] Leaving safepoint region
[2022-06-13T03:24:50.307+0000][1][safepoint    ] Total time for which application threads were stopped: 0.0005138 seconds, Stopping threads took: 0.0002522 seconds
[2022-06-13T03:24:50.307+0000][1][safepoint    ] Application time: 0.0001010 seconds
[2022-06-13T03:24:50.307+0000][1][safepoint    ] Entering safepoint region: RevokeBias
[2022-06-13T03:24:50.307+0000][1][safepoint    ] Leaving safepoint region
[2022-06-13T03:24:50.308+0000][1][safepoint    ] Total time for which application threads were stopped: 0.0004977 seconds, Stopping threads took: 0.0002449 seconds
[2022-06-13T03:24:50.308+0000][1][safepoint    ] Application time: 0.0004850 seconds
[2022-06-13T03:24:50.308+0000][1][safepoint    ] Entering safepoint region: RevokeBias
[2022-06-13T03:24:50.309+0000][1][safepoint    ] Leaving safepoint region
[2022-06-13T03:24:50.309+0000][1][safepoint    ] Total time for which application threads were stopped: 0.0005497 seconds, Stopping threads took: 0.0002924 seconds
[2022-06-13T03:24:50.309+0000][1][safepoint    ] Application time: 0.0000828 seconds
[2022-06-13T03:24:50.309+0000][1][safepoint    ] Entering safepoint region: RevokeBias
[2022-06-13T03:24:50.310+0000][1][safepoint    ] Leaving safepoint region
[2022-06-13T03:24:50.310+0000][1][safepoint    ] Total time for which application threads were stopped: 0.0004932 seconds, Stopping threads took: 0.0002273 seconds
[2022-06-13T03:24:50.310+0000][1][safepoint    ] Application time: 0.0000839 seconds
[2022-06-13T03:24:50.310+0000][1][safepoint    ] Entering safepoint region: RevokeBias
[2022-06-13T03:24:50.310+0000][1][safepoint    ] Leaving safepoint region
[2022-06-13T03:24:50.311+0000][1][safepoint    ] Total time for which application threads were stopped: 0.0002699 seconds, Stopping threads took: 0.0001076 seconds
[2022-06-13T03:24:50.311+0000][1][safepoint    ] Application time: 0.0000758 seconds
[2022-06-13T03:24:50.311+0000][1][safepoint    ] Entering safepoint region: RevokeBias
[2022-06-13T03:24:50.311+0000][1][safepoint    ] Leaving safepoint region
[2022-06-13T03:24:50.311+0000][1][safepoint    ] Total time for which application threads were stopped: 0.0002703 seconds, Stopping threads took: 0.0001424 seconds
[2022-06-13T03:24:50.311+0000][1][safepoint    ] Application time: 0.0000723 seconds
[2022-06-13T03:24:50.311+0000][1][safepoint    ] Entering safepoint region: RevokeBias
[2022-06-13T03:24:50.311+0000][1][safepoint    ] Leaving safepoint region
[2022-06-13T03:24:50.312+0000][1][safepoint    ] Total time for which application threads were stopped: 0.0002026 seconds, Stopping threads took: 0.0000905 seconds
[2022-06-13T03:24:50.312+0000][1][safepoint    ] Application time: 0.0000543 seconds
[2022-06-13T03:24:50.312+0000][1][safepoint    ] Entering safepoint region: RevokeBias
[2022-06-13T03:24:50.312+0000][1][safepoint    ] Leaving safepoint region
[2022-06-13T03:24:50.312+0000][1][safepoint    ] Total time for which application threads were stopped: 0.0002171 seconds, Stopping threads took: 0.0001027 seconds
[2022-06-13T03:24:50.312+0000][1][safepoint    ] Application time: 0.0000536 seconds
[2022-06-13T03:24:50.312+0000][1][safepoint    ] Entering safepoint region: RevokeBias
[2022-06-13T03:24:50.312+0000][1][safepoint    ] Leaving safepoint region
[2022-06-13T03:24:50.312+0000][1][safepoint    ] Total time for which application threads were stopped: 0.0001949 seconds, Stopping threads took: 0.0000890 seconds
[2022-06-13T03:24:50.313+0000][1][safepoint    ] Application time: 0.0000531 seconds
[2022-06-13T03:24:50.313+0000][1][safepoint    ] Entering safepoint region: RevokeBias
[2022-06-13T03:24:50.313+0000][1][safepoint    ] Leaving safepoint region
[2022-06-13T03:24:50.313+0000][1][safepoint    ] Total time for which application threads were stopped: 0.0002092 seconds, Stopping threads took: 0.0001004 seconds
[2022-06-13T03:24:50.313+0000][1][safepoint    ] Application time: 0.0000500 seconds
[2022-06-13T03:24:50.313+0000][1][safepoint    ] Entering safepoint region: RevokeBias
[2022-06-13T03:24:50.313+0000][1][safepoint    ] Leaving safepoint region
[2022-06-13T03:24:50.313+0000][1][safepoint    ] Total time for which application threads were stopped: 0.0001904 seconds, Stopping threads took: 0.0000869 seconds
[2022-06-13T03:24:50.313+0000][1][safepoint    ] Application time: 0.0000526 seconds
[2022-06-13T03:24:50.314+0000][1][safepoint    ] Entering safepoint region: RevokeBias
[2022-06-13T03:24:50.314+0000][1][safepoint    ] Leaving safepoint region
[2022-06-13T03:24:50.314+0000][1][safepoint    ] Total time for which application threads were stopped: 0.0001942 seconds, Stopping threads took: 0.0000879 seconds
[2022-06-13T03:24:50.314+0000][1][safepoint    ] Application time: 0.0000473 seconds
[2022-06-13T03:24:50.314+0000][1][safepoint    ] Entering safepoint region: RevokeBias
[2022-06-13T03:24:50.314+0000][1][safepoint    ] Leaving safepoint region
[2022-06-13T03:24:50.314+0000][1][safepoint    ] Total time for which application threads were stopped: 0.0001820 seconds, Stopping threads took: 0.0000820 seconds
[2022-06-13T03:24:50.314+0000][1][safepoint    ] Application time: 0.0000472 seconds
[2022-06-13T03:24:50.314+0000][1][safepoint    ] Entering safepoint region: RevokeBias
[2022-06-13T03:24:50.314+0000][1][safepoint    ] Leaving safepoint region
[2022-06-13T03:24:50.315+0000][1][safepoint    ] Total time for which application threads were stopped: 0.0001892 seconds, Stopping threads took: 0.0000832 seconds
[2022-06-13T03:24:50.315+0000][1][safepoint    ] Application time: 0.0000473 seconds
[2022-06-13T03:24:50.315+0000][1][safepoint    ] Entering safepoint region: RevokeBias
[2022-06-13T03:24:50.315+0000][1][safepoint    ] Leaving safepoint region
[2022-06-13T03:24:50.315+0000][1][safepoint    ] Total time for which application threads were stopped: 0.0001916 seconds, Stopping threads took: 0.0000892 seconds
[2022-06-13T03:24:50.315+0000][1][safepoint    ] Application time: 0.0000476 seconds
[2022-06-13T03:24:50.315+0000][1][safepoint    ] Entering safepoint region: RevokeBias
[2022-06-13T03:24:50.315+0000][1][safepoint    ] Leaving safepoint region
[2022-06-13T03:24:50.315+0000][1][safepoint    ] Total time for which application threads were stopped: 0.0001894 seconds, Stopping threads took: 0.0000882 seconds
[2022-06-13T03:24:50.316+0000][1][safepoint    ] Application time: 0.0000589 seconds
[2022-06-13T03:24:50.316+0000][1][safepoint    ] Entering safepoint region: RevokeBias
[2022-06-13T03:24:50.316+0000][1][safepoint    ] Leaving safepoint region
[2022-06-13T03:24:50.316+0000][1][safepoint    ] Total time for which application threads were stopped: 0.0001919 seconds, Stopping threads took: 0.0000847 seconds
[2022-06-13T03:24:50.316+0000][1][safepoint    ] Application time: 0.0000446 seconds
[2022-06-13T03:24:50.316+0000][1][safepoint    ] Entering safepoint region: RevokeBias
[2022-06-13T03:24:50.316+0000][1][safepoint    ] Leaving safepoint region
[2022-06-13T03:24:50.316+0000][1][safepoint    ] Total time for which application threads were stopped: 0.0001777 seconds, Stopping threads took: 0.0000811 seconds
[2022-06-13T03:24:50.316+0000][1][safepoint    ] Application time: 0.0000452 seconds
[2022-06-13T03:24:50.316+0000][1][safepoint    ] Entering safepoint region: RevokeBias
[2022-06-13T03:24:50.317+0000][1][safepoint    ] Leaving safepoint region
[2022-06-13T03:24:50.317+0000][1][safepoint    ] Total time for which application threads were stopped: 0.0001865 seconds, Stopping threads took: 0.0000860 seconds
[2022-06-13T03:24:50.317+0000][1][safepoint    ] Application time: 0.0000463 seconds
[2022-06-13T03:24:50.317+0000][1][safepoint    ] Entering safepoint region: RevokeBias
[2022-06-13T03:24:50.317+0000][1][safepoint    ] Leaving safepoint region
[2022-06-13T03:24:50.317+0000][1][safepoint    ] Total time for which application threads were stopped: 0.0001968 seconds, Stopping threads took: 0.0000838 seconds
[2022-06-13T03:24:50.317+0000][1][safepoint    ] Application time: 0.0000483 seconds
[2022-06-13T03:24:50.317+0000][1][safepoint    ] Entering safepoint region: RevokeBias
[2022-06-13T03:24:50.317+0000][1][safepoint    ] Leaving safepoint region
[2022-06-13T03:24:50.317+0000][1][safepoint    ] Total time for which application threads were stopped: 0.0001891 seconds, Stopping threads took: 0.0000855 seconds
[2022-06-13T03:24:50.318+0000][1][safepoint    ] Application time: 0.0000520 seconds
[2022-06-13T03:24:50.318+0000][1][safepoint    ] Entering safepoint region: BulkRevokeBias
[2022-06-13T03:24:50.318+0000][1][safepoint    ] Leaving safepoint region
[2022-06-13T03:24:50.318+0000][1][safepoint    ] Total time for which application threads were stopped: 0.0002382 seconds, Stopping threads took: 0.0000842 seconds
[2022-06-13T03:24:50.318+0000][1][safepoint    ] Application time: 0.0001403 seconds
[2022-06-13T03:24:50.318+0000][1][safepoint    ] Entering safepoint region: RevokeBias
[2022-06-13T03:24:50.318+0000][1][safepoint    ] Leaving safepoint region
[2022-06-13T03:24:50.318+0000][1][safepoint    ] Total time for which application threads were stopped: 0.0001890 seconds, Stopping threads took: 0.0000856 seconds
[2022-06-13T03:24:50.319+0000][1][safepoint    ] Application time: 0.0000636 seconds
[2022-06-13T03:24:50.319+0000][1][safepoint    ] Entering safepoint region: RevokeBias
[2022-06-13T03:24:50.319+0000][1][safepoint    ] Leaving safepoint region
[2022-06-13T03:24:50.319+0000][1][safepoint    ] Total time for which application threads were stopped: 0.0002121 seconds, Stopping threads took: 0.0000846 seconds
[2022-06-13T03:24:50.319+0000][1][safepoint    ] Application time: 0.0001252 seconds
[2022-06-13T03:24:50.319+0000][1][safepoint    ] Entering safepoint region: RevokeBias
[2022-06-13T03:24:50.319+0000][1][safepoint    ] Leaving safepoint region
[2022-06-13T03:24:50.320+0000][1][safepoint    ] Total time for which application threads were stopped: 0.0002794 seconds, Stopping threads took: 0.0001177 seconds
[2022-06-13T03:24:50.320+0000][1][safepoint    ] Application time: 0.0000899 seconds
[2022-06-13T03:24:50.320+0000][1][safepoint    ] Entering safepoint region: RevokeBias
[2022-06-13T03:24:50.320+0000][1][safepoint    ] Leaving safepoint region
[2022-06-13T03:24:50.320+0000][1][safepoint    ] Total time for which application threads were stopped: 0.0002719 seconds, Stopping threads took: 0.0001237 seconds
[2022-06-13T03:24:50.320+0000][1][safepoint    ] Application time: 0.0000929 seconds
[2022-06-13T03:24:50.320+0000][1][safepoint    ] Entering safepoint region: RevokeBias
[2022-06-13T03:24:50.321+0000][1][safepoint    ] Leaving safepoint region
[2022-06-13T03:24:50.321+0000][1][safepoint    ] Total time for which application threads were stopped: 0.0002077 seconds, Stopping threads took: 0.0000849 seconds
[2022-06-13T03:24:50.321+0000][1][safepoint    ] Application time: 0.0000886 seconds
[2022-06-13T03:24:50.321+0000][1][safepoint    ] Entering safepoint region: RevokeBias
[2022-06-13T03:24:50.321+0000][1][safepoint    ] Leaving safepoint region
[2022-06-13T03:24:50.321+0000][1][safepoint    ] Total time for which application threads were stopped: 0.0002892 seconds, Stopping threads took: 0.0001227 seconds
[2022-06-13T03:24:50.321+0000][1][safepoint    ] Application time: 0.0000743 seconds
[2022-06-13T03:24:50.322+0000][1][safepoint    ] Entering safepoint region: RevokeBias
[2022-06-13T03:24:50.322+0000][1][safepoint    ] Leaving safepoint region
[2022-06-13T03:24:50.322+0000][1][safepoint    ] Total time for which application threads were stopped: 0.0002269 seconds, Stopping threads took: 0.0000891 seconds
[2022-06-13T03:24:50.322+0000][1][safepoint    ] Application time: 0.0001037 seconds
[2022-06-13T03:24:50.322+0000][1][safepoint    ] Entering safepoint region: RevokeBias
[2022-06-13T03:24:50.322+0000][1][safepoint    ] Leaving safepoint region
[2022-06-13T03:24:50.322+0000][1][safepoint    ] Total time for which application threads were stopped: 0.0002451 seconds, Stopping threads took: 0.0001033 seconds
[2022-06-13T03:24:50.322+0000][1][safepoint    ] Application time: 0.0000647 seconds
[2022-06-13T03:24:50.323+0000][1][safepoint    ] Entering safepoint region: RevokeBias
[2022-06-13T03:24:50.323+0000][1][safepoint    ] Leaving safepoint region
[2022-06-13T03:24:50.323+0000][1][safepoint    ] Total time for which application threads were stopped: 0.0003565 seconds, Stopping threads took: 0.0002219 seconds
[2022-06-13T03:24:50.323+0000][1][safepoint    ] Application time: 0.0001054 seconds
[2022-06-13T03:24:50.323+0000][1][safepoint    ] Entering safepoint region: RevokeBias
[2022-06-13T03:24:50.323+0000][1][safepoint    ] Leaving safepoint region
[2022-06-13T03:24:50.323+0000][1][safepoint    ] Total time for which application threads were stopped: 0.0002216 seconds, Stopping threads took: 0.0000896 seconds
[2022-06-13T03:24:50.324+0000][1][safepoint    ] Application time: 0.0000737 seconds
[2022-06-13T03:24:50.324+0000][1][safepoint    ] Entering safepoint region: RevokeBias
[2022-06-13T03:24:50.324+0000][1][safepoint    ] Leaving safepoint region
[2022-06-13T03:24:50.324+0000][1][safepoint    ] Total time for which application threads were stopped: 0.0002135 seconds, Stopping threads took: 0.0001012 seconds
[2022-06-13T03:24:50.324+0000][1][safepoint    ] Application time: 0.0000575 seconds
[2022-06-13T03:24:50.324+0000][1][safepoint    ] Entering safepoint region: RevokeBias
[2022-06-13T03:24:50.324+0000][1][safepoint    ] Leaving safepoint region
[2022-06-13T03:24:50.325+0000][1][safepoint    ] Total time for which application threads were stopped: 0.0003125 seconds, Stopping threads took: 0.0001237 seconds
[2022-06-13T03:24:50.325+0000][1][safepoint    ] Application time: 0.0000712 seconds
[2022-06-13T03:24:50.325+0000][1][safepoint    ] Entering safepoint region: RevokeBias
[2022-06-13T03:24:50.325+0000][1][safepoint    ] Leaving safepoint region
[2022-06-13T03:24:50.325+0000][1][safepoint    ] Total time for which application threads were stopped: 0.0001868 seconds, Stopping threads took: 0.0000829 seconds
[2022-06-13T03:24:50.325+0000][1][safepoint    ] Application time: 0.0000775 seconds
[2022-06-13T03:24:50.325+0000][1][safepoint    ] Entering safepoint region: RevokeBias
[2022-06-13T03:24:50.325+0000][1][safepoint    ] Leaving safepoint region
[2022-06-13T03:24:50.325+0000][1][safepoint    ] Total time for which application threads were stopped: 0.0001998 seconds, Stopping threads took: 0.0000928 seconds
[2022-06-13T03:24:50.326+0000][1][safepoint    ] Application time: 0.0000774 seconds
[2022-06-13T03:24:50.326+0000][1][safepoint    ] Entering safepoint region: RevokeBias
[2022-06-13T03:24:50.326+0000][1][safepoint    ] Leaving safepoint region
[2022-06-13T03:24:50.326+0000][1][safepoint    ] Total time for which application threads were stopped: 0.0001981 seconds, Stopping threads took: 0.0000847 seconds
[2022-06-13T03:24:50.326+0000][1][safepoint    ] Application time: 0.0000784 seconds
[2022-06-13T03:24:50.326+0000][1][safepoint    ] Entering safepoint region: RevokeBias
[2022-06-13T03:24:50.326+0000][1][safepoint    ] Leaving safepoint region
[2022-06-13T03:24:50.326+0000][1][safepoint    ] Total time for which application threads were stopped: 0.0002652 seconds, Stopping threads took: 0.0001137 seconds
[2022-06-13T03:24:50.327+0000][1][safepoint    ] Application time: 0.0000559 seconds
[2022-06-13T03:24:50.327+0000][1][safepoint    ] Entering safepoint region: RevokeBias
[2022-06-13T03:24:50.327+0000][1][safepoint    ] Leaving safepoint region
[2022-06-13T03:24:50.327+0000][1][safepoint    ] Total time for which application threads were stopped: 0.0002566 seconds, Stopping threads took: 0.0001001 seconds
[2022-06-13T03:24:50.327+0000][1][safepoint    ] Application time: 0.0000863 seconds
[2022-06-13T03:24:50.327+0000][1][safepoint    ] Entering safepoint region: RevokeBias
[2022-06-13T03:24:50.327+0000][1][safepoint    ] Leaving safepoint region
[2022-06-13T03:24:50.327+0000][1][safepoint    ] Total time for which application threads were stopped: 0.0002032 seconds, Stopping threads took: 0.0000903 seconds
[2022-06-13T03:24:50.328+0000][1][safepoint    ] Application time: 0.0000803 seconds
[2022-06-13T03:24:50.328+0000][1][safepoint    ] Entering safepoint region: RevokeBias
[2022-06-13T03:24:50.328+0000][1][safepoint    ] Leaving safepoint region
[2022-06-13T03:24:50.328+0000][1][safepoint    ] Total time for which application threads were stopped: 0.0001825 seconds, Stopping threads took: 0.0000814 seconds
[2022-06-13T03:24:50.328+0000][1][safepoint    ] Application time: 0.0000695 seconds
[2022-06-13T03:24:50.328+0000][1][safepoint    ] Entering safepoint region: RevokeBias
[2022-06-13T03:24:50.328+0000][1][safepoint    ] Leaving safepoint region
[2022-06-13T03:24:50.328+0000][1][safepoint    ] Total time for which application threads were stopped: 0.0002017 seconds, Stopping threads took: 0.0000828 seconds
[2022-06-13T03:24:50.329+0000][1][safepoint    ] Application time: 0.0000690 seconds
[2022-06-13T03:24:50.329+0000][1][safepoint    ] Entering safepoint region: RevokeBias
[2022-06-13T03:24:50.329+0000][1][safepoint    ] Leaving safepoint region
[2022-06-13T03:24:50.329+0000][1][safepoint    ] Total time for which application threads were stopped: 0.0002078 seconds, Stopping threads took: 0.0000847 seconds
[2022-06-13T03:24:50.329+0000][1][safepoint    ] Application time: 0.0000706 seconds
[2022-06-13T03:24:50.329+0000][1][safepoint    ] Entering safepoint region: RevokeBias
[2022-06-13T03:24:50.329+0000][1][safepoint    ] Leaving safepoint region
[2022-06-13T03:24:50.329+0000][1][safepoint    ] Total time for which application threads were stopped: 0.0003080 seconds, Stopping threads took: 0.0001573 seconds
[2022-06-13T03:24:50.330+0000][1][safepoint    ] Application time: 0.0000688 seconds
[2022-06-13T03:24:50.330+0000][1][safepoint    ] Entering safepoint region: RevokeBias
[2022-06-13T03:24:50.330+0000][1][safepoint    ] Leaving safepoint region
[2022-06-13T03:24:50.330+0000][1][safepoint    ] Total time for which application threads were stopped: 0.0001844 seconds, Stopping threads took: 0.0000820 seconds
[2022-06-13T03:24:50.330+0000][1][safepoint    ] Application time: 0.0000703 seconds
[2022-06-13T03:24:50.330+0000][1][safepoint    ] Entering safepoint region: BulkRevokeBias
[2022-06-13T03:24:50.330+0000][1][safepoint    ] Leaving safepoint region
[2022-06-13T03:24:50.330+0000][1][safepoint    ] Total time for which application threads were stopped: 0.0002582 seconds, Stopping threads took: 0.0000915 seconds
[2022-06-13T03:24:50.331+0000][1][safepoint    ] Application time: 0.0002105 seconds
[2022-06-13T03:24:50.331+0000][1][safepoint    ] Entering safepoint region: RevokeBias
[2022-06-13T03:24:50.331+0000][1][safepoint    ] Leaving safepoint region
[2022-06-13T03:24:50.331+0000][1][safepoint    ] Total time for which application threads were stopped: 0.0003339 seconds, Stopping threads took: 0.0002101 seconds
[2022-06-13T03:24:50.331+0000][1][safepoint    ] Application time: 0.0001169 seconds
[2022-06-13T03:24:50.331+0000][1][safepoint    ] Entering safepoint region: RevokeBias
[2022-06-13T03:24:50.331+0000][1][safepoint    ] Leaving safepoint region
[2022-06-13T03:24:50.332+0000][1][safepoint    ] Total time for which application threads were stopped: 0.0002104 seconds, Stopping threads took: 0.0000922 seconds
[2022-06-13T03:24:50.332+0000][1][safepoint    ] Application time: 0.0001493 seconds
[2022-06-13T03:24:50.332+0000][1][safepoint    ] Entering safepoint region: RevokeBias
[2022-06-13T03:24:50.332+0000][1][safepoint    ] Leaving safepoint region
[2022-06-13T03:24:50.332+0000][1][safepoint    ] Total time for which application threads were stopped: 0.0002515 seconds, Stopping threads took: 0.0001035 seconds
[2022-06-13T03:24:50.332+0000][1][safepoint    ] Application time: 0.0000650 seconds
[2022-06-13T03:24:50.333+0000][1][safepoint    ] Entering safepoint region: RevokeBias
[2022-06-13T03:24:50.333+0000][1][safepoint    ] Leaving safepoint region
[2022-06-13T03:24:50.333+0000][1][safepoint    ] Total time for which application threads were stopped: 0.0005648 seconds, Stopping threads took: 0.0004380 seconds
[2022-06-13T03:24:50.333+0000][1][safepoint    ] Application time: 0.0000892 seconds
[2022-06-13T03:24:50.333+0000][1][safepoint    ] Entering safepoint region: RevokeBias
[2022-06-13T03:24:50.333+0000][1][safepoint    ] Leaving safepoint region
[2022-06-13T03:24:50.333+0000][1][safepoint    ] Total time for which application threads were stopped: 0.0002331 seconds, Stopping threads took: 0.0001289 seconds
[2022-06-13T03:24:50.334+0000][1][safepoint    ] Application time: 0.0000723 seconds
[2022-06-13T03:24:50.334+0000][1][safepoint    ] Entering safepoint region: RevokeBias
[2022-06-13T03:24:50.334+0000][1][safepoint    ] Leaving safepoint region
[2022-06-13T03:24:50.334+0000][1][safepoint    ] Total time for which application threads were stopped: 0.0002912 seconds, Stopping threads took: 0.0001601 seconds
[2022-06-13T03:24:50.335+0000][1][safepoint    ] Application time: 0.0004214 seconds
[2022-06-13T03:24:50.335+0000][1][safepoint    ] Entering safepoint region: RevokeBias
[2022-06-13T03:24:50.335+0000][1][safepoint    ] Leaving safepoint region
[2022-06-13T03:24:50.335+0000][1][safepoint    ] Total time for which application threads were stopped: 0.0006506 seconds, Stopping threads took: 0.0005316 seconds
[2022-06-13T03:24:50.336+0000][1][safepoint    ] Application time: 0.0001049 seconds
[2022-06-13T03:24:50.336+0000][1][safepoint    ] Entering safepoint region: RevokeBias
[2022-06-13T03:24:50.336+0000][1][safepoint    ] Leaving safepoint region
[2022-06-13T03:24:50.336+0000][1][safepoint    ] Total time for which application threads were stopped: 0.0002037 seconds, Stopping threads took: 0.0000938 seconds
[2022-06-13T03:24:50.336+0000][1][safepoint    ] Application time: 0.0002767 seconds
[2022-06-13T03:24:50.336+0000][1][safepoint    ] Entering safepoint region: RevokeBias
[2022-06-13T03:24:50.336+0000][1][safepoint    ] Leaving safepoint region
[2022-06-13T03:24:50.337+0000][1][safepoint    ] Total time for which application threads were stopped: 0.0002046 seconds, Stopping threads took: 0.0000883 seconds
[2022-06-13T03:24:50.337+0000][1][safepoint    ] Application time: 0.0002373 seconds
[2022-06-13T03:24:50.337+0000][1][safepoint    ] Entering safepoint region: RevokeBias
[2022-06-13T03:24:50.337+0000][1][safepoint    ] Leaving safepoint region
[2022-06-13T03:24:50.337+0000][1][safepoint    ] Total time for which application threads were stopped: 0.0002186 seconds, Stopping threads took: 0.0001021 seconds
[2022-06-13T03:24:50.337+0000][1][safepoint    ] Application time: 0.0000744 seconds
[2022-06-13T03:24:50.337+0000][1][safepoint    ] Entering safepoint region: RevokeBias
[2022-06-13T03:24:50.338+0000][1][safepoint    ] Leaving safepoint region
[2022-06-13T03:24:50.338+0000][1][safepoint    ] Total time for which application threads were stopped: 0.0002409 seconds, Stopping threads took: 0.0001076 seconds
[2022-06-13T03:24:50.338+0000][1][safepoint    ] Application time: 0.0000940 seconds
[2022-06-13T03:24:50.338+0000][1][safepoint    ] Entering safepoint region: RevokeBias
[2022-06-13T03:24:50.338+0000][1][safepoint    ] Leaving safepoint region
[2022-06-13T03:24:50.338+0000][1][safepoint    ] Total time for which application threads were stopped: 0.0002123 seconds, Stopping threads took: 0.0000913 seconds
[2022-06-13T03:24:50.338+0000][1][safepoint    ] Application time: 0.0000757 seconds
[2022-06-13T03:24:50.339+0000][1][safepoint    ] Entering safepoint region: RevokeBias
[2022-06-13T03:24:50.339+0000][1][safepoint    ] Leaving safepoint region
[2022-06-13T03:24:50.339+0000][1][safepoint    ] Total time for which application threads were stopped: 0.0003849 seconds, Stopping threads took: 0.0002683 seconds
[2022-06-13T03:24:50.339+0000][1][safepoint    ] Application time: 0.0002438 seconds
[2022-06-13T03:24:50.339+0000][1][safepoint    ] Entering safepoint region: RevokeBias
[2022-06-13T03:24:50.339+0000][1][safepoint    ] Leaving safepoint region
[2022-06-13T03:24:50.339+0000][1][safepoint    ] Total time for which application threads were stopped: 0.0001942 seconds, Stopping threads took: 0.0000875 seconds
[2022-06-13T03:24:50.340+0000][1][safepoint    ] Application time: 0.0001967 seconds
[2022-06-13T03:24:50.340+0000][1][safepoint    ] Entering safepoint region: RevokeBias
[2022-06-13T03:24:50.340+0000][1][safepoint    ] Leaving safepoint region
[2022-06-13T03:24:50.340+0000][1][safepoint    ] Total time for which application threads were stopped: 0.0003283 seconds, Stopping threads took: 0.0002109 seconds
[2022-06-13T03:24:50.341+0000][1][safepoint    ] Application time: 0.0008331 seconds
[2022-06-13T03:24:50.341+0000][1][safepoint    ] Entering safepoint region: RevokeBias
[2022-06-13T03:24:50.341+0000][1][safepoint    ] Leaving safepoint region
[2022-06-13T03:24:50.342+0000][1][safepoint    ] Total time for which application threads were stopped: 0.0002749 seconds, Stopping threads took: 0.0001563 seconds
[2022-06-13T03:24:50.342+0000][1][safepoint    ] Application time: 0.0001049 seconds
[2022-06-13T03:24:50.342+0000][1][safepoint    ] Entering safepoint region: RevokeBias
[2022-06-13T03:24:50.342+0000][1][safepoint    ] Leaving safepoint region
[2022-06-13T03:24:50.342+0000][1][safepoint    ] Total time for which application threads were stopped: 0.0002255 seconds, Stopping threads took: 0.0001014 seconds
[2022-06-13T03:24:50.342+0000][1][safepoint    ] Application time: 0.0000715 seconds
[2022-06-13T03:24:50.342+0000][1][safepoint    ] Entering safepoint region: RevokeBias
[2022-06-13T03:24:50.342+0000][1][safepoint    ] Leaving safepoint region
[2022-06-13T03:24:50.343+0000][1][safepoint    ] Total time for which application threads were stopped: 0.0002348 seconds, Stopping threads took: 0.0000969 seconds
[2022-06-13T03:24:50.344+0000][1][safepoint    ] Application time: 0.0010545 seconds
[2022-06-13T03:24:50.344+0000][1][safepoint    ] Entering safepoint region: RevokeBias
[2022-06-13T03:24:50.344+0000][1][safepoint    ] Leaving safepoint region
[2022-06-13T03:24:50.344+0000][1][safepoint    ] Total time for which application threads were stopped: 0.0002870 seconds, Stopping threads took: 0.0001226 seconds
[2022-06-13T03:24:50.344+0000][1][safepoint    ] Application time: 0.0000838 seconds
[2022-06-13T03:24:50.345+0000][1][safepoint    ] Entering safepoint region: RevokeBias
[2022-06-13T03:24:50.345+0000][1][safepoint    ] Leaving safepoint region
[2022-06-13T03:24:50.345+0000][1][safepoint    ] Total time for which application threads were stopped: 0.0003810 seconds, Stopping threads took: 0.0002529 seconds
[2022-06-13T03:24:50.345+0000][1][safepoint    ] Application time: 0.0002489 seconds
[2022-06-13T03:24:50.345+0000][1][safepoint    ] Entering safepoint region: RevokeBias
[2022-06-13T03:24:50.345+0000][1][safepoint    ] Leaving safepoint region
[2022-06-13T03:24:50.345+0000][1][safepoint    ] Total time for which application threads were stopped: 0.0002383 seconds, Stopping threads took: 0.0001259 seconds
[2022-06-13T03:24:50.362+0000][1][safepoint    ] Application time: 0.0160816 seconds
[2022-06-13T03:24:50.362+0000][1][safepoint    ] Entering safepoint region: GenCollectForAllocation
[2022-06-13T03:24:50.362+0000][1][gc,start     ] GC(19) Pause Young (Allocation Failure)
[2022-06-13T03:24:50.363+0000][1][gc,task      ] GC(19) Using 5 workers of 13 for evacuation
[2022-06-13T03:24:50.367+0000][1][gc,age       ] GC(19) Desired survivor size 4456448 bytes, new threshold 2 (max threshold 6)
[2022-06-13T03:24:50.367+0000][1][gc,age       ] GC(19) Age table with threshold 2 (max threshold 6)
[2022-06-13T03:24:50.368+0000][1][gc,age       ] GC(19) - age   1:    2971760 bytes,    2971760 total
[2022-06-13T03:24:50.368+0000][1][gc,age       ] GC(19) - age   2:    3869600 bytes,    6841360 total
[2022-06-13T03:24:50.368+0000][1][gc,age       ] GC(19) - age   3:     322136 bytes,    7163496 total
[2022-06-13T03:24:50.369+0000][1][gc,heap      ] GC(19) ParNew: 74360K->8704K(78656K)
[2022-06-13T03:24:50.369+0000][1][gc,heap      ] GC(19) CMS: 55258K->55258K(174784K)
[2022-06-13T03:24:50.369+0000][1][gc,metaspace ] GC(19) Metaspace: 47456K->47456K(1093632K)
[2022-06-13T03:24:50.370+0000][1][gc           ] GC(19) Pause Young (Allocation Failure) 126M->62M(247M) 7.444ms
[2022-06-13T03:24:50.370+0000][1][gc,cpu       ] GC(19) User=0.03s Sys=0.00s Real=0.01s
[2022-06-13T03:24:50.370+0000][1][safepoint    ] Leaving safepoint region
[2022-06-13T03:24:50.371+0000][1][safepoint    ] Total time for which application threads were stopped: 0.0087706 seconds, Stopping threads took: 0.0002636 seconds
[2022-06-13T03:24:50.761+0000][1][safepoint    ] Application time: 0.3895844 seconds
[2022-06-13T03:24:50.761+0000][1][safepoint    ] Entering safepoint region: GenCollectForAllocation
[2022-06-13T03:24:50.762+0000][1][gc,start     ] GC(20) Pause Young (Allocation Failure)
[2022-06-13T03:24:50.762+0000][1][gc,task      ] GC(20) Using 5 workers of 13 for evacuation
[2022-06-13T03:24:50.771+0000][1][gc,age       ] GC(20) Desired survivor size 4456448 bytes, new threshold 6 (max threshold 6)
[2022-06-13T03:24:50.772+0000][1][gc,age       ] GC(20) Age table with threshold 6 (max threshold 6)
[2022-06-13T03:24:50.772+0000][1][gc,age       ] GC(20) - age   1:    1544784 bytes,    1544784 total
[2022-06-13T03:24:50.772+0000][1][gc,age       ] GC(20) - age   2:    2907040 bytes,    4451824 total
[2022-06-13T03:24:50.773+0000][1][gc,heap      ] GC(20) ParNew: 78656K->7387K(78656K)
[2022-06-13T03:24:50.773+0000][1][gc,heap      ] GC(20) CMS: 55258K->59495K(174784K)
[2022-06-13T03:24:50.773+0000][1][gc,metaspace ] GC(20) Metaspace: 54196K->54196K(1099776K)
[2022-06-13T03:24:50.773+0000][1][gc           ] GC(20) Pause Young (Allocation Failure) 130M->65M(247M) 11.472ms
[2022-06-13T03:24:50.773+0000][1][gc,cpu       ] GC(20) User=0.05s Sys=0.00s Real=0.01s
[2022-06-13T03:24:50.774+0000][1][safepoint    ] Leaving safepoint region
[2022-06-13T03:24:50.774+0000][1][safepoint    ] Total time for which application threads were stopped: 0.0128995 seconds, Stopping threads took: 0.0002149 seconds
[2022-06-13T03:24:50.892+0000][1][safepoint    ] Application time: 0.1178265 seconds
[2022-06-13T03:24:50.892+0000][1][safepoint    ] Entering safepoint region: Deoptimize
[2022-06-13T03:24:50.894+0000][1][safepoint    ] Leaving safepoint region
[2022-06-13T03:24:50.894+0000][1][safepoint    ] Total time for which application threads were stopped: 0.0014894 seconds, Stopping threads took: 0.0002044 seconds
[2022-06-13T03:24:50.916+0000][1][safepoint    ] Application time: 0.0216621 seconds
[2022-06-13T03:24:50.916+0000][1][safepoint    ] Entering safepoint region: RevokeBias
[2022-06-13T03:24:50.916+0000][1][safepoint    ] Leaving safepoint region
[2022-06-13T03:24:50.917+0000][1][safepoint    ] Total time for which application threads were stopped: 0.0007351 seconds, Stopping threads took: 0.0003674 seconds
[2022-06-13T03:24:50.917+0000][1][safepoint    ] Application time: 0.0001953 seconds
[2022-06-13T03:24:50.918+0000][1][safepoint    ] Entering safepoint region: RevokeBias
[2022-06-13T03:24:50.918+0000][1][safepoint    ] Leaving safepoint region
[2022-06-13T03:24:50.918+0000][1][safepoint    ] Total time for which application threads were stopped: 0.0008043 seconds, Stopping threads took: 0.0004394 seconds
[2022-06-13T03:24:50.919+0000][1][safepoint    ] Application time: 0.0001984 seconds
[2022-06-13T03:24:50.919+0000][1][safepoint    ] Entering safepoint region: RevokeBias
[2022-06-13T03:24:50.919+0000][1][safepoint    ] Leaving safepoint region
[2022-06-13T03:24:50.919+0000][1][safepoint    ] Total time for which application threads were stopped: 0.0003436 seconds, Stopping threads took: 0.0001237 seconds
[2022-06-13T03:24:50.922+0000][1][safepoint    ] Application time: 0.0024878 seconds
[2022-06-13T03:24:50.922+0000][1][safepoint    ] Entering safepoint region: RevokeBias
[2022-06-13T03:24:50.923+0000][1][safepoint    ] Leaving safepoint region
[2022-06-13T03:24:50.923+0000][1][safepoint    ] Total time for which application threads were stopped: 0.0007569 seconds, Stopping threads took: 0.0003878 seconds
[2022-06-13T03:24:51.052+0000][1][safepoint    ] Application time: 0.1286065 seconds
[2022-06-13T03:24:51.052+0000][1][safepoint    ] Entering safepoint region: Deoptimize
[2022-06-13T03:24:51.054+0000][1][safepoint    ] Leaving safepoint region
[2022-06-13T03:24:51.054+0000][1][safepoint    ] Total time for which application threads were stopped: 0.0022888 seconds, Stopping threads took: 0.0001675 seconds
[2022-06-13T03:24:51.245+0000][1][safepoint    ] Application time: 0.1904759 seconds
[2022-06-13T03:24:51.246+0000][1][safepoint    ] Entering safepoint region: RevokeBias
[2022-06-13T03:24:51.246+0000][1][safepoint    ] Leaving safepoint region
[2022-06-13T03:24:51.246+0000][1][safepoint    ] Total time for which application threads were stopped: 0.0003374 seconds, Stopping threads took: 0.0001721 seconds
[2022-06-13T03:24:51.246+0000][1][safepoint    ] Application time: 0.0000938 seconds
[2022-06-13T03:24:51.246+0000][1][safepoint    ] Entering safepoint region: RevokeBias
[2022-06-13T03:24:51.246+0000][1][safepoint    ] Leaving safepoint region
[2022-06-13T03:24:51.246+0000][1][safepoint    ] Total time for which application threads were stopped: 0.0002573 seconds, Stopping threads took: 0.0001432 seconds
[2022-06-13T03:24:51.247+0000][1][safepoint    ] Application time: 0.0000704 seconds
[2022-06-13T03:24:51.247+0000][1][safepoint    ] Entering safepoint region: RevokeBias
[2022-06-13T03:24:51.247+0000][1][safepoint    ] Leaving safepoint region
[2022-06-13T03:24:51.247+0000][1][safepoint    ] Total time for which application threads were stopped: 0.0002909 seconds, Stopping threads took: 0.0001561 seconds
[2022-06-13T03:24:51.248+0000][1][safepoint    ] Application time: 0.0005942 seconds
[2022-06-13T03:24:51.248+0000][1][safepoint    ] Entering safepoint region: RevokeBias
[2022-06-13T03:24:51.248+0000][1][safepoint    ] Leaving safepoint region
[2022-06-13T03:24:51.248+0000][1][safepoint    ] Total time for which application threads were stopped: 0.0002850 seconds, Stopping threads took: 0.0001546 seconds
[2022-06-13T03:24:51.248+0000][1][safepoint    ] Application time: 0.0001323 seconds
[2022-06-13T03:24:51.248+0000][1][safepoint    ] Entering safepoint region: RevokeBias
[2022-06-13T03:24:51.249+0000][1][safepoint    ] Leaving safepoint region
[2022-06-13T03:24:51.249+0000][1][safepoint    ] Total time for which application threads were stopped: 0.0002886 seconds, Stopping threads took: 0.0001466 seconds
[2022-06-13T03:24:51.249+0000][1][safepoint    ] Application time: 0.0001692 seconds
[2022-06-13T03:24:51.249+0000][1][safepoint    ] Entering safepoint region: BulkRevokeBias
[2022-06-13T03:24:51.249+0000][1][safepoint    ] Leaving safepoint region
[2022-06-13T03:24:51.250+0000][1][safepoint    ] Total time for which application threads were stopped: 0.0003765 seconds, Stopping threads took: 0.0001931 seconds
[2022-06-13T03:24:51.265+0000][1][safepoint    ] Application time: 0.0158276 seconds
[2022-06-13T03:24:51.266+0000][1][safepoint    ] Entering safepoint region: RevokeBias
[2022-06-13T03:24:51.266+0000][1][safepoint    ] Leaving safepoint region
[2022-06-13T03:24:51.266+0000][1][safepoint    ] Total time for which application threads were stopped: 0.0003065 seconds, Stopping threads took: 0.0001501 seconds
[2022-06-13T03:24:51.266+0000][1][safepoint    ] Application time: 0.0000943 seconds
[2022-06-13T03:24:51.266+0000][1][safepoint    ] Entering safepoint region: RevokeBias
[2022-06-13T03:24:51.266+0000][1][safepoint    ] Leaving safepoint region
[2022-06-13T03:24:51.267+0000][1][safepoint    ] Total time for which application threads were stopped: 0.0002686 seconds, Stopping threads took: 0.0001245 seconds
[2022-06-13T03:24:51.273+0000][1][safepoint    ] Application time: 0.0066381 seconds
[2022-06-13T03:24:51.274+0000][1][safepoint    ] Entering safepoint region: RevokeBias
[2022-06-13T03:24:51.274+0000][1][safepoint    ] Leaving safepoint region
[2022-06-13T03:24:51.274+0000][1][safepoint    ] Total time for which application threads were stopped: 0.0004056 seconds, Stopping threads took: 0.0001715 seconds
[2022-06-13T03:24:51.277+0000][1][safepoint    ] Application time: 0.0029406 seconds
[2022-06-13T03:24:51.277+0000][1][safepoint    ] Entering safepoint region: RevokeBias
[2022-06-13T03:24:51.277+0000][1][safepoint    ] Leaving safepoint region
[2022-06-13T03:24:51.277+0000][1][safepoint    ] Total time for which application threads were stopped: 0.0002275 seconds, Stopping threads took: 0.0001113 seconds
[2022-06-13T03:24:51.278+0000][1][safepoint    ] Application time: 0.0002810 seconds
[2022-06-13T03:24:51.278+0000][1][safepoint    ] Entering safepoint region: RevokeBias
[2022-06-13T03:24:51.278+0000][1][safepoint    ] Leaving safepoint region
[2022-06-13T03:24:51.278+0000][1][safepoint    ] Total time for which application threads were stopped: 0.0002392 seconds, Stopping threads took: 0.0001351 seconds
[2022-06-13T03:24:51.305+0000][1][safepoint    ] Application time: 0.0268462 seconds
[2022-06-13T03:24:51.305+0000][1][safepoint    ] Entering safepoint region: RevokeBias
[2022-06-13T03:24:51.306+0000][1][safepoint    ] Leaving safepoint region
[2022-06-13T03:24:51.306+0000][1][safepoint    ] Total time for which application threads were stopped: 0.0006448 seconds, Stopping threads took: 0.0003297 seconds
[2022-06-13T03:24:51.319+0000][1][safepoint    ] Application time: 0.0125104 seconds
[2022-06-13T03:24:51.319+0000][1][safepoint    ] Entering safepoint region: RevokeBias
[2022-06-13T03:24:51.319+0000][1][safepoint    ] Leaving safepoint region
[2022-06-13T03:24:51.320+0000][1][safepoint    ] Total time for which application threads were stopped: 0.0004071 seconds, Stopping threads took: 0.0001781 seconds
[2022-06-13T03:24:51.407+0000][1][safepoint    ] Application time: 0.0867586 seconds
[2022-06-13T03:24:51.407+0000][1][safepoint    ] Entering safepoint region: RevokeBias
[2022-06-13T03:24:51.407+0000][1][safepoint    ] Leaving safepoint region
[2022-06-13T03:24:51.408+0000][1][safepoint    ] Total time for which application threads were stopped: 0.0004837 seconds, Stopping threads took: 0.0002327 seconds
[2022-06-13T03:24:51.416+0000][1][safepoint    ] Application time: 0.0080893 seconds
[2022-06-13T03:24:51.416+0000][1][safepoint    ] Entering safepoint region: RevokeBias
[2022-06-13T03:24:51.416+0000][1][safepoint    ] Leaving safepoint region
[2022-06-13T03:24:51.416+0000][1][safepoint    ] Total time for which application threads were stopped: 0.0002433 seconds, Stopping threads took: 0.0001230 seconds
[2022-06-13T03:24:51.422+0000][1][safepoint    ] Application time: 0.0055119 seconds
[2022-06-13T03:24:51.422+0000][1][safepoint    ] Entering safepoint region: GenCollectForAllocation
[2022-06-13T03:24:51.423+0000][1][gc,start     ] GC(21) Pause Young (Allocation Failure)
[2022-06-13T03:24:51.423+0000][1][gc,task      ] GC(21) Using 5 workers of 13 for evacuation
[2022-06-13T03:24:51.428+0000][1][gc,age       ] GC(21) Desired survivor size 4456448 bytes, new threshold 2 (max threshold 6)
[2022-06-13T03:24:51.429+0000][1][gc,age       ] GC(21) Age table with threshold 2 (max threshold 6)
[2022-06-13T03:24:51.429+0000][1][gc,age       ] GC(21) - age   1:    3893288 bytes,    3893288 total
[2022-06-13T03:24:51.429+0000][1][gc,age       ] GC(21) - age   2:    1469696 bytes,    5362984 total
[2022-06-13T03:24:51.429+0000][1][gc,age       ] GC(21) - age   3:    2897784 bytes,    8260768 total
[2022-06-13T03:24:51.429+0000][1][gc,heap      ] GC(21) ParNew: 77339K->8704K(78656K)
[2022-06-13T03:24:51.430+0000][1][gc,heap      ] GC(21) CMS: 59495K->59659K(174784K)
[2022-06-13T03:24:51.430+0000][1][gc,metaspace ] GC(21) Metaspace: 62463K->62463K(1105920K)
[2022-06-13T03:24:51.431+0000][1][gc           ] GC(21) Pause Young (Allocation Failure) 133M->66M(247M) 8.033ms
[2022-06-13T03:24:51.431+0000][1][gc,cpu       ] GC(21) User=0.03s Sys=0.00s Real=0.01s
[2022-06-13T03:24:51.431+0000][1][safepoint    ] Leaving safepoint region
[2022-06-13T03:24:51.431+0000][1][safepoint    ] Total time for which application threads were stopped: 0.0089806 seconds, Stopping threads took: 0.0002122 seconds
[2022-06-13T03:24:51.452+0000][1][safepoint    ] Application time: 0.0205243 seconds
[2022-06-13T03:24:51.453+0000][1][safepoint    ] Entering safepoint region: Deoptimize
[2022-06-13T03:24:51.454+0000][1][safepoint    ] Leaving safepoint region
[2022-06-13T03:24:51.454+0000][1][safepoint    ] Total time for which application threads were stopped: 0.0016043 seconds, Stopping threads took: 0.0005069 seconds
[2022-06-13T03:24:51.456+0000][1][safepoint    ] Application time: 0.0010114 seconds
[2022-06-13T03:24:51.456+0000][1][safepoint    ] Entering safepoint region: RevokeBias
[2022-06-13T03:24:51.456+0000][1][safepoint    ] Leaving safepoint region
[2022-06-13T03:24:51.457+0000][1][safepoint    ] Total time for which application threads were stopped: 0.0006667 seconds, Stopping threads took: 0.0003288 seconds
[2022-06-13T03:24:51.457+0000][1][safepoint    ] Application time: 0.0000871 seconds
[2022-06-13T03:24:51.457+0000][1][safepoint    ] Entering safepoint region: RevokeBias
[2022-06-13T03:24:51.458+0000][1][safepoint    ] Leaving safepoint region
[2022-06-13T03:24:51.458+0000][1][safepoint    ] Total time for which application threads were stopped: 0.0006187 seconds, Stopping threads took: 0.0003759 seconds
[2022-06-13T03:24:51.458+0000][1][safepoint    ] Application time: 0.0001948 seconds
[2022-06-13T03:24:51.459+0000][1][safepoint    ] Entering safepoint region: RevokeBias
[2022-06-13T03:24:51.459+0000][1][safepoint    ] Leaving safepoint region
[2022-06-13T03:24:51.459+0000][1][safepoint    ] Total time for which application threads were stopped: 0.0004413 seconds, Stopping threads took: 0.0002908 seconds
[2022-06-13T03:24:51.459+0000][1][safepoint    ] Application time: 0.0002342 seconds
[2022-06-13T03:24:51.460+0000][1][safepoint    ] Entering safepoint region: RevokeBias
[2022-06-13T03:24:51.460+0000][1][safepoint    ] Leaving safepoint region
[2022-06-13T03:24:51.461+0000][1][safepoint    ] Total time for which application threads were stopped: 0.0008579 seconds, Stopping threads took: 0.0003937 seconds
[2022-06-13T03:24:51.461+0000][1][safepoint    ] Application time: 0.0002055 seconds
[2022-06-13T03:24:51.462+0000][1][safepoint    ] Entering safepoint region: RevokeBias
[2022-06-13T03:24:51.462+0000][1][safepoint    ] Leaving safepoint region
[2022-06-13T03:24:51.462+0000][1][safepoint    ] Total time for which application threads were stopped: 0.0007381 seconds, Stopping threads took: 0.0003945 seconds
[2022-06-13T03:24:51.463+0000][1][safepoint    ] Application time: 0.0000647 seconds
[2022-06-13T03:24:51.463+0000][1][safepoint    ] Entering safepoint region: RevokeBias
[2022-06-13T03:24:51.463+0000][1][safepoint    ] Leaving safepoint region
[2022-06-13T03:24:51.463+0000][1][safepoint    ] Total time for which application threads were stopped: 0.0002278 seconds, Stopping threads took: 0.0000973 seconds
[2022-06-13T03:24:51.463+0000][1][safepoint    ] Application time: 0.0000651 seconds
[2022-06-13T03:24:51.463+0000][1][safepoint    ] Entering safepoint region: RevokeBias
[2022-06-13T03:24:51.463+0000][1][safepoint    ] Leaving safepoint region
[2022-06-13T03:24:51.464+0000][1][safepoint    ] Total time for which application threads were stopped: 0.0002855 seconds, Stopping threads took: 0.0001299 seconds
[2022-06-13T03:24:51.464+0000][1][safepoint    ] Application time: 0.0000643 seconds
[2022-06-13T03:24:51.464+0000][1][safepoint    ] Entering safepoint region: RevokeBias
[2022-06-13T03:24:51.464+0000][1][safepoint    ] Leaving safepoint region
[2022-06-13T03:24:51.464+0000][1][safepoint    ] Total time for which application threads were stopped: 0.0002052 seconds, Stopping threads took: 0.0000964 seconds
[2022-06-13T03:24:51.464+0000][1][safepoint    ] Application time: 0.0000654 seconds
[2022-06-13T03:24:51.464+0000][1][safepoint    ] Entering safepoint region: RevokeBias
[2022-06-13T03:24:51.464+0000][1][safepoint    ] Leaving safepoint region
[2022-06-13T03:24:51.465+0000][1][safepoint    ] Total time for which application threads were stopped: 0.0002147 seconds, Stopping threads took: 0.0000985 seconds
[2022-06-13T03:24:51.465+0000][1][safepoint    ] Application time: 0.0000542 seconds
[2022-06-13T03:24:51.465+0000][1][safepoint    ] Entering safepoint region: RevokeBias
[2022-06-13T03:24:51.465+0000][1][safepoint    ] Leaving safepoint region
[2022-06-13T03:24:51.465+0000][1][safepoint    ] Total time for which application threads were stopped: 0.0002387 seconds, Stopping threads took: 0.0000949 seconds
[2022-06-13T03:24:51.465+0000][1][safepoint    ] Application time: 0.0000566 seconds
[2022-06-13T03:24:51.465+0000][1][safepoint    ] Entering safepoint region: BulkRevokeBias
[2022-06-13T03:24:51.466+0000][1][safepoint    ] Leaving safepoint region
[2022-06-13T03:24:51.466+0000][1][safepoint    ] Total time for which application threads were stopped: 0.0004517 seconds, Stopping threads took: 0.0001912 seconds
[2022-06-13T03:24:51.470+0000][1][safepoint    ] Application time: 0.0041497 seconds
[2022-06-13T03:24:51.470+0000][1][safepoint    ] Entering safepoint region: BulkRevokeBias
[2022-06-13T03:24:51.471+0000][1][safepoint    ] Leaving safepoint region
[2022-06-13T03:24:51.471+0000][1][safepoint    ] Total time for which application threads were stopped: 0.0006209 seconds, Stopping threads took: 0.0002692 seconds
[2022-06-13T03:24:51.472+0000][1][safepoint    ] Application time: 0.0009152 seconds
[2022-06-13T03:24:51.473+0000][1][safepoint    ] Entering safepoint region: RevokeBias
[2022-06-13T03:24:51.473+0000][1][safepoint    ] Leaving safepoint region
[2022-06-13T03:24:51.473+0000][1][safepoint    ] Total time for which application threads were stopped: 0.0006289 seconds, Stopping threads took: 0.0002802 seconds
[2022-06-13T03:24:51.474+0000][1][safepoint    ] Application time: 0.0004385 seconds
[2022-06-13T03:24:51.474+0000][1][safepoint    ] Entering safepoint region: RevokeBias
[2022-06-13T03:24:51.474+0000][1][safepoint    ] Leaving safepoint region
[2022-06-13T03:24:51.475+0000][1][safepoint    ] Total time for which application threads were stopped: 0.0004861 seconds, Stopping threads took: 0.0001927 seconds
[2022-06-13T03:24:51.475+0000][1][safepoint    ] Application time: 0.0001385 seconds
[2022-06-13T03:24:51.476+0000][1][safepoint    ] Entering safepoint region: RevokeBias
[2022-06-13T03:24:51.476+0000][1][safepoint    ] Leaving safepoint region
[2022-06-13T03:24:51.476+0000][1][safepoint    ] Total time for which application threads were stopped: 0.0003949 seconds, Stopping threads took: 0.0002231 seconds
[2022-06-13T03:24:51.476+0000][1][safepoint    ] Application time: 0.0001432 seconds
[2022-06-13T03:24:51.476+0000][1][safepoint    ] Entering safepoint region: RevokeBias
[2022-06-13T03:24:51.477+0000][1][safepoint    ] Leaving safepoint region
[2022-06-13T03:24:51.477+0000][1][safepoint    ] Total time for which application threads were stopped: 0.0002898 seconds, Stopping threads took: 0.0001478 seconds
[2022-06-13T03:24:51.477+0000][1][safepoint    ] Application time: 0.0001455 seconds
[2022-06-13T03:24:51.477+0000][1][safepoint    ] Entering safepoint region: RevokeBias
[2022-06-13T03:24:51.477+0000][1][safepoint    ] Leaving safepoint region
[2022-06-13T03:24:51.478+0000][1][safepoint    ] Total time for which application threads were stopped: 0.0003501 seconds, Stopping threads took: 0.0001550 seconds
[2022-06-13T03:24:51.478+0000][1][safepoint    ] Application time: 0.0001379 seconds
[2022-06-13T03:24:51.478+0000][1][safepoint    ] Entering safepoint region: RevokeBias
[2022-06-13T03:24:51.478+0000][1][safepoint    ] Leaving safepoint region
[2022-06-13T03:24:51.479+0000][1][safepoint    ] Total time for which application threads were stopped: 0.0003827 seconds, Stopping threads took: 0.0002060 seconds
[2022-06-13T03:24:51.479+0000][1][safepoint    ] Application time: 0.0000685 seconds
[2022-06-13T03:24:51.479+0000][1][safepoint    ] Entering safepoint region: RevokeBias
[2022-06-13T03:24:51.479+0000][1][safepoint    ] Leaving safepoint region
[2022-06-13T03:24:51.479+0000][1][safepoint    ] Total time for which application threads were stopped: 0.0003461 seconds, Stopping threads took: 0.0001515 seconds
[2022-06-13T03:24:51.480+0000][1][safepoint    ] Application time: 0.0008599 seconds
[2022-06-13T03:24:51.480+0000][1][safepoint    ] Entering safepoint region: RevokeBias
[2022-06-13T03:24:51.481+0000][1][safepoint    ] Leaving safepoint region
[2022-06-13T03:24:51.481+0000][1][safepoint    ] Total time for which application threads were stopped: 0.0001876 seconds, Stopping threads took: 0.0000883 seconds
[2022-06-13T03:24:51.481+0000][1][safepoint    ] Application time: 0.0000911 seconds
[2022-06-13T03:24:51.481+0000][1][safepoint    ] Entering safepoint region: RevokeBias
[2022-06-13T03:24:51.481+0000][1][safepoint    ] Leaving safepoint region
[2022-06-13T03:24:51.481+0000][1][safepoint    ] Total time for which application threads were stopped: 0.0002418 seconds, Stopping threads took: 0.0001001 seconds
[2022-06-13T03:24:51.483+0000][1][safepoint    ] Application time: 0.0013640 seconds
[2022-06-13T03:24:51.483+0000][1][safepoint    ] Entering safepoint region: Deoptimize
[2022-06-13T03:24:51.484+0000][1][safepoint    ] Leaving safepoint region
[2022-06-13T03:24:51.484+0000][1][safepoint    ] Total time for which application threads were stopped: 0.0008385 seconds, Stopping threads took: 0.0001436 seconds
[2022-06-13T03:24:51.484+0000][1][safepoint    ] Application time: 0.0004072 seconds
[2022-06-13T03:24:51.484+0000][1][safepoint    ] Entering safepoint region: RevokeBias
[2022-06-13T03:24:51.484+0000][1][safepoint    ] Leaving safepoint region
[2022-06-13T03:24:51.485+0000][1][safepoint    ] Total time for which application threads were stopped: 0.0002792 seconds, Stopping threads took: 0.0001165 seconds
[2022-06-13T03:24:51.510+0000][1][safepoint    ] Application time: 0.0248773 seconds
[2022-06-13T03:24:51.510+0000][1][safepoint    ] Entering safepoint region: RevokeBias
[2022-06-13T03:24:51.510+0000][1][safepoint    ] Leaving safepoint region
[2022-06-13T03:24:51.510+0000][1][safepoint    ] Total time for which application threads were stopped: 0.0004211 seconds, Stopping threads took: 0.0002401 seconds
[2022-06-13T03:24:51.511+0000][1][safepoint    ] Application time: 0.0001512 seconds
[2022-06-13T03:24:51.511+0000][1][safepoint    ] Entering safepoint region: RevokeBias
[2022-06-13T03:24:51.511+0000][1][safepoint    ] Leaving safepoint region
[2022-06-13T03:24:51.512+0000][1][safepoint    ] Total time for which application threads were stopped: 0.0007956 seconds, Stopping threads took: 0.0004178 seconds
[2022-06-13T03:24:51.512+0000][1][safepoint    ] Application time: 0.0001050 seconds
[2022-06-13T03:24:51.512+0000][1][safepoint    ] Entering safepoint region: RevokeBias
[2022-06-13T03:24:51.512+0000][1][safepoint    ] Leaving safepoint region
[2022-06-13T03:24:51.513+0000][1][safepoint    ] Total time for which application threads were stopped: 0.0003328 seconds, Stopping threads took: 0.0001351 seconds
[2022-06-13T03:24:51.515+0000][1][safepoint    ] Application time: 0.0018450 seconds
[2022-06-13T03:24:51.515+0000][1][safepoint    ] Entering safepoint region: RevokeBias
[2022-06-13T03:24:51.515+0000][1][safepoint    ] Leaving safepoint region
[2022-06-13T03:24:51.515+0000][1][safepoint    ] Total time for which application threads were stopped: 0.0003333 seconds, Stopping threads took: 0.0001889 seconds
[2022-06-13T03:24:51.515+0000][1][safepoint    ] Application time: 0.0000758 seconds
[2022-06-13T03:24:51.516+0000][1][safepoint    ] Entering safepoint region: RevokeBias
[2022-06-13T03:24:51.516+0000][1][safepoint    ] Leaving safepoint region
[2022-06-13T03:24:51.516+0000][1][safepoint    ] Total time for which application threads were stopped: 0.0003669 seconds, Stopping threads took: 0.0001698 seconds
[2022-06-13T03:24:51.518+0000][1][safepoint    ] Application time: 0.0016515 seconds
[2022-06-13T03:24:51.518+0000][1][safepoint    ] Entering safepoint region: RevokeBias
[2022-06-13T03:24:51.518+0000][1][safepoint    ] Leaving safepoint region
[2022-06-13T03:24:51.518+0000][1][safepoint    ] Total time for which application threads were stopped: 0.0004877 seconds, Stopping threads took: 0.0001605 seconds
[2022-06-13T03:24:51.519+0000][1][safepoint    ] Application time: 0.0005378 seconds
[2022-06-13T03:24:51.520+0000][1][safepoint    ] Entering safepoint region: RevokeBias
[2022-06-13T03:24:51.520+0000][1][safepoint    ] Leaving safepoint region
[2022-06-13T03:24:51.520+0000][1][safepoint    ] Total time for which application threads were stopped: 0.0003471 seconds, Stopping threads took: 0.0001646 seconds
[2022-06-13T03:24:51.521+0000][1][safepoint    ] Application time: 0.0013855 seconds
[2022-06-13T03:24:51.522+0000][1][safepoint    ] Entering safepoint region: RevokeBias
[2022-06-13T03:24:51.522+0000][1][safepoint    ] Leaving safepoint region
[2022-06-13T03:24:51.522+0000][1][safepoint    ] Total time for which application threads were stopped: 0.0007413 seconds, Stopping threads took: 0.0004037 seconds
[2022-06-13T03:24:51.523+0000][1][safepoint    ] Application time: 0.0002459 seconds
[2022-06-13T03:24:51.523+0000][1][safepoint    ] Entering safepoint region: RevokeBias
[2022-06-13T03:24:51.523+0000][1][safepoint    ] Leaving safepoint region
[2022-06-13T03:24:51.524+0000][1][safepoint    ] Total time for which application threads were stopped: 0.0006215 seconds, Stopping threads took: 0.0002365 seconds
[2022-06-13T03:24:51.524+0000][1][safepoint    ] Application time: 0.0001995 seconds
[2022-06-13T03:24:51.524+0000][1][safepoint    ] Entering safepoint region: RevokeBias
[2022-06-13T03:24:51.524+0000][1][safepoint    ] Leaving safepoint region
[2022-06-13T03:24:51.525+0000][1][safepoint    ] Total time for which application threads were stopped: 0.0005490 seconds, Stopping threads took: 0.0002283 seconds
[2022-06-13T03:24:51.525+0000][1][safepoint    ] Application time: 0.0003187 seconds
[2022-06-13T03:24:51.526+0000][1][safepoint    ] Entering safepoint region: RevokeBias
[2022-06-13T03:24:51.526+0000][1][safepoint    ] Leaving safepoint region
[2022-06-13T03:24:51.526+0000][1][safepoint    ] Total time for which application threads were stopped: 0.0008236 seconds, Stopping threads took: 0.0003612 seconds
[2022-06-13T03:24:51.527+0000][1][safepoint    ] Application time: 0.0002247 seconds
[2022-06-13T03:24:51.527+0000][1][safepoint    ] Entering safepoint region: RevokeBias
[2022-06-13T03:24:51.528+0000][1][safepoint    ] Leaving safepoint region
[2022-06-13T03:24:51.528+0000][1][safepoint    ] Total time for which application threads were stopped: 0.0004167 seconds, Stopping threads took: 0.0002046 seconds
[2022-06-13T03:24:51.528+0000][1][safepoint    ] Application time: 0.0001758 seconds
[2022-06-13T03:24:51.528+0000][1][safepoint    ] Entering safepoint region: RevokeBias
[2022-06-13T03:24:51.529+0000][1][safepoint    ] Leaving safepoint region
[2022-06-13T03:24:51.529+0000][1][safepoint    ] Total time for which application threads were stopped: 0.0006585 seconds, Stopping threads took: 0.0002461 seconds
[2022-06-13T03:24:51.529+0000][1][safepoint    ] Application time: 0.0001639 seconds
[2022-06-13T03:24:51.529+0000][1][safepoint    ] Entering safepoint region: RevokeBias
[2022-06-13T03:24:51.530+0000][1][safepoint    ] Leaving safepoint region
[2022-06-13T03:24:51.530+0000][1][safepoint    ] Total time for which application threads were stopped: 0.0006429 seconds, Stopping threads took: 0.0002764 seconds
[2022-06-13T03:24:51.531+0000][1][safepoint    ] Application time: 0.0004410 seconds
[2022-06-13T03:24:51.531+0000][1][safepoint    ] Entering safepoint region: RevokeBias
[2022-06-13T03:24:51.531+0000][1][safepoint    ] Leaving safepoint region
[2022-06-13T03:24:51.532+0000][1][safepoint    ] Total time for which application threads were stopped: 0.0006700 seconds, Stopping threads took: 0.0002708 seconds
[2022-06-13T03:24:51.532+0000][1][safepoint    ] Application time: 0.0001959 seconds
[2022-06-13T03:24:51.532+0000][1][safepoint    ] Entering safepoint region: RevokeBias
[2022-06-13T03:24:51.532+0000][1][safepoint    ] Leaving safepoint region
[2022-06-13T03:24:51.533+0000][1][safepoint    ] Total time for which application threads were stopped: 0.0004142 seconds, Stopping threads took: 0.0002089 seconds
[2022-06-13T03:24:51.533+0000][1][safepoint    ] Application time: 0.0001578 seconds
[2022-06-13T03:24:51.533+0000][1][safepoint    ] Entering safepoint region: RevokeBias
[2022-06-13T03:24:51.533+0000][1][safepoint    ] Leaving safepoint region
[2022-06-13T03:24:51.534+0000][1][safepoint    ] Total time for which application threads were stopped: 0.0007500 seconds, Stopping threads took: 0.0002661 seconds
[2022-06-13T03:24:51.535+0000][1][safepoint    ] Application time: 0.0002251 seconds
[2022-06-13T03:24:51.535+0000][1][safepoint    ] Entering safepoint region: RevokeBias
[2022-06-13T03:24:51.535+0000][1][safepoint    ] Leaving safepoint region
[2022-06-13T03:24:51.535+0000][1][safepoint    ] Total time for which application threads were stopped: 0.0004811 seconds, Stopping threads took: 0.0001715 seconds
[2022-06-13T03:24:51.536+0000][1][safepoint    ] Application time: 0.0001813 seconds
[2022-06-13T03:24:51.536+0000][1][safepoint    ] Entering safepoint region: RevokeBias
[2022-06-13T03:24:51.536+0000][1][safepoint    ] Leaving safepoint region
[2022-06-13T03:24:51.536+0000][1][safepoint    ] Total time for which application threads were stopped: 0.0006392 seconds, Stopping threads took: 0.0002524 seconds
[2022-06-13T03:24:51.537+0000][1][safepoint    ] Application time: 0.0001917 seconds
[2022-06-13T03:24:51.537+0000][1][safepoint    ] Entering safepoint region: RevokeBias
[2022-06-13T03:24:51.537+0000][1][safepoint    ] Leaving safepoint region
[2022-06-13T03:24:51.537+0000][1][safepoint    ] Total time for which application threads were stopped: 0.0004297 seconds, Stopping threads took: 0.0001711 seconds
[2022-06-13T03:24:51.538+0000][1][safepoint    ] Application time: 0.0001744 seconds
[2022-06-13T03:24:51.538+0000][1][safepoint    ] Entering safepoint region: RevokeBias
[2022-06-13T03:24:51.539+0000][1][safepoint    ] Leaving safepoint region
[2022-06-13T03:24:51.539+0000][1][safepoint    ] Total time for which application threads were stopped: 0.0010722 seconds, Stopping threads took: 0.0004273 seconds
[2022-06-13T03:24:51.541+0000][1][safepoint    ] Application time: 0.0008889 seconds
[2022-06-13T03:24:51.541+0000][1][safepoint    ] Entering safepoint region: RevokeBias
[2022-06-13T03:24:51.541+0000][1][safepoint    ] Leaving safepoint region
[2022-06-13T03:24:51.542+0000][1][safepoint    ] Total time for which application threads were stopped: 0.0011612 seconds, Stopping threads took: 0.0004674 seconds
[2022-06-13T03:24:51.543+0000][1][safepoint    ] Application time: 0.0007920 seconds
[2022-06-13T03:24:51.544+0000][1][safepoint    ] Entering safepoint region: RevokeBias
[2022-06-13T03:24:51.545+0000][1][safepoint    ] Leaving safepoint region
[2022-06-13T03:24:51.545+0000][1][safepoint    ] Total time for which application threads were stopped: 0.0011335 seconds, Stopping threads took: 0.0006449 seconds
[2022-06-13T03:24:51.546+0000][1][safepoint    ] Application time: 0.0003240 seconds
[2022-06-13T03:24:51.546+0000][1][safepoint    ] Entering safepoint region: RevokeBias
[2022-06-13T03:24:51.547+0000][1][safepoint    ] Leaving safepoint region
[2022-06-13T03:24:51.547+0000][1][safepoint    ] Total time for which application threads were stopped: 0.0005965 seconds, Stopping threads took: 0.0001613 seconds
[2022-06-13T03:24:51.547+0000][1][safepoint    ] Application time: 0.0003711 seconds
[2022-06-13T03:24:51.548+0000][1][safepoint    ] Entering safepoint region: BulkRevokeBias
[2022-06-13T03:24:51.548+0000][1][safepoint    ] Leaving safepoint region
[2022-06-13T03:24:51.549+0000][1][safepoint    ] Total time for which application threads were stopped: 0.0009430 seconds, Stopping threads took: 0.0004243 seconds
[2022-06-13T03:24:51.550+0000][1][safepoint    ] Application time: 0.0009370 seconds
[2022-06-13T03:24:51.550+0000][1][safepoint    ] Entering safepoint region: RevokeBias
[2022-06-13T03:24:51.551+0000][1][safepoint    ] Leaving safepoint region
[2022-06-13T03:24:51.552+0000][1][safepoint    ] Total time for which application threads were stopped: 0.0012023 seconds, Stopping threads took: 0.0006703 seconds
[2022-06-13T03:24:51.552+0000][1][safepoint    ] Application time: 0.0001482 seconds
[2022-06-13T03:24:51.553+0000][1][safepoint    ] Entering safepoint region: RevokeBias
[2022-06-13T03:24:51.553+0000][1][safepoint    ] Leaving safepoint region
[2022-06-13T03:24:51.554+0000][1][safepoint    ] Total time for which application threads were stopped: 0.0008976 seconds, Stopping threads took: 0.0004268 seconds
[2022-06-13T03:24:51.554+0000][1][safepoint    ] Application time: 0.0004159 seconds
[2022-06-13T03:24:51.555+0000][1][safepoint    ] Entering safepoint region: RevokeBias
[2022-06-13T03:24:51.555+0000][1][safepoint    ] Leaving safepoint region
[2022-06-13T03:24:51.555+0000][1][safepoint    ] Total time for which application threads were stopped: 0.0007266 seconds, Stopping threads took: 0.0003378 seconds
[2022-06-13T03:24:51.556+0000][1][safepoint    ] Application time: 0.0001338 seconds
[2022-06-13T03:24:51.556+0000][1][safepoint    ] Entering safepoint region: RevokeBias
[2022-06-13T03:24:51.556+0000][1][safepoint    ] Leaving safepoint region
[2022-06-13T03:24:51.557+0000][1][safepoint    ] Total time for which application threads were stopped: 0.0006880 seconds, Stopping threads took: 0.0001536 seconds
[2022-06-13T03:24:51.557+0000][1][safepoint    ] Application time: 0.0000855 seconds
[2022-06-13T03:24:51.557+0000][1][safepoint    ] Entering safepoint region: RevokeBias
[2022-06-13T03:24:51.558+0000][1][safepoint    ] Leaving safepoint region
[2022-06-13T03:24:51.558+0000][1][safepoint    ] Total time for which application threads were stopped: 0.0006561 seconds, Stopping threads took: 0.0004312 seconds
[2022-06-13T03:24:51.559+0000][1][safepoint    ] Application time: 0.0005728 seconds
[2022-06-13T03:24:51.559+0000][1][safepoint    ] Entering safepoint region: RevokeBias
[2022-06-13T03:24:51.559+0000][1][safepoint    ] Leaving safepoint region
[2022-06-13T03:24:51.560+0000][1][safepoint    ] Total time for which application threads were stopped: 0.0006067 seconds, Stopping threads took: 0.0002453 seconds
[2022-06-13T03:24:51.560+0000][1][safepoint    ] Application time: 0.0002175 seconds
[2022-06-13T03:24:51.561+0000][1][safepoint    ] Entering safepoint region: RevokeBias
[2022-06-13T03:24:51.561+0000][1][safepoint    ] Leaving safepoint region
[2022-06-13T03:24:51.562+0000][1][safepoint    ] Total time for which application threads were stopped: 0.0008908 seconds, Stopping threads took: 0.0003938 seconds
[2022-06-13T03:24:51.562+0000][1][safepoint    ] Application time: 0.0004486 seconds
[2022-06-13T03:24:51.563+0000][1][safepoint    ] Entering safepoint region: RevokeBias
[2022-06-13T03:24:51.563+0000][1][safepoint    ] Leaving safepoint region
[2022-06-13T03:24:51.563+0000][1][safepoint    ] Total time for which application threads were stopped: 0.0005567 seconds, Stopping threads took: 0.0002495 seconds
[2022-06-13T03:24:51.563+0000][1][safepoint    ] Application time: 0.0002636 seconds
[2022-06-13T03:24:51.564+0000][1][safepoint    ] Entering safepoint region: RevokeBias
[2022-06-13T03:24:51.564+0000][1][safepoint    ] Leaving safepoint region
[2022-06-13T03:24:51.564+0000][1][safepoint    ] Total time for which application threads were stopped: 0.0004860 seconds, Stopping threads took: 0.0002431 seconds
[2022-06-13T03:24:51.565+0000][1][safepoint    ] Application time: 0.0002109 seconds
[2022-06-13T03:24:51.565+0000][1][safepoint    ] Entering safepoint region: RevokeBias
[2022-06-13T03:24:51.565+0000][1][safepoint    ] Leaving safepoint region
[2022-06-13T03:24:51.565+0000][1][safepoint    ] Total time for which application threads were stopped: 0.0004105 seconds, Stopping threads took: 0.0002227 seconds
[2022-06-13T03:24:51.566+0000][1][safepoint    ] Application time: 0.0003169 seconds
[2022-06-13T03:24:51.566+0000][1][safepoint    ] Entering safepoint region: RevokeBias
[2022-06-13T03:24:51.566+0000][1][safepoint    ] Leaving safepoint region
[2022-06-13T03:24:51.567+0000][1][safepoint    ] Total time for which application threads were stopped: 0.0004641 seconds, Stopping threads took: 0.0002925 seconds
[2022-06-13T03:24:51.567+0000][1][safepoint    ] Application time: 0.0002417 seconds
[2022-06-13T03:24:51.567+0000][1][safepoint    ] Entering safepoint region: RevokeBias
[2022-06-13T03:24:51.567+0000][1][safepoint    ] Leaving safepoint region
[2022-06-13T03:24:51.568+0000][1][safepoint    ] Total time for which application threads were stopped: 0.0005646 seconds, Stopping threads took: 0.0002788 seconds
[2022-06-13T03:24:51.569+0000][1][safepoint    ] Application time: 0.0015065 seconds
[2022-06-13T03:24:51.570+0000][1][safepoint    ] Entering safepoint region: RevokeBias
[2022-06-13T03:24:51.570+0000][1][safepoint    ] Leaving safepoint region
[2022-06-13T03:24:51.570+0000][1][safepoint    ] Total time for which application threads were stopped: 0.0003941 seconds, Stopping threads took: 0.0002456 seconds
[2022-06-13T03:24:51.576+0000][1][safepoint    ] Application time: 0.0053250 seconds
[2022-06-13T03:24:51.576+0000][1][safepoint    ] Entering safepoint region: RevokeBias
[2022-06-13T03:24:51.576+0000][1][safepoint    ] Leaving safepoint region
[2022-06-13T03:24:51.576+0000][1][safepoint    ] Total time for which application threads were stopped: 0.0004002 seconds, Stopping threads took: 0.0002172 seconds
[2022-06-13T03:24:51.576+0000][1][safepoint    ] Application time: 0.0000700 seconds
[2022-06-13T03:24:51.576+0000][1][safepoint    ] Entering safepoint region: RevokeBias
[2022-06-13T03:24:51.576+0000][1][safepoint    ] Leaving safepoint region
[2022-06-13T03:24:51.577+0000][1][safepoint    ] Total time for which application threads were stopped: 0.0001900 seconds, Stopping threads took: 0.0000828 seconds
[2022-06-13T03:24:51.577+0000][1][safepoint    ] Application time: 0.0000560 seconds
[2022-06-13T03:24:51.577+0000][1][safepoint    ] Entering safepoint region: RevokeBias
[2022-06-13T03:24:51.577+0000][1][safepoint    ] Leaving safepoint region
[2022-06-13T03:24:51.577+0000][1][safepoint    ] Total time for which application threads were stopped: 0.0003124 seconds, Stopping threads took: 0.0001170 seconds
[2022-06-13T03:24:51.578+0000][1][safepoint    ] Application time: 0.0004368 seconds
[2022-06-13T03:24:51.578+0000][1][safepoint    ] Entering safepoint region: RevokeBias
[2022-06-13T03:24:51.578+0000][1][safepoint    ] Leaving safepoint region
[2022-06-13T03:24:51.578+0000][1][safepoint    ] Total time for which application threads were stopped: 0.0002981 seconds, Stopping threads took: 0.0001310 seconds
[2022-06-13T03:24:51.578+0000][1][safepoint    ] Application time: 0.0000865 seconds
[2022-06-13T03:24:51.578+0000][1][safepoint    ] Entering safepoint region: RevokeBias
[2022-06-13T03:24:51.579+0000][1][safepoint    ] Leaving safepoint region
[2022-06-13T03:24:51.579+0000][1][safepoint    ] Total time for which application threads were stopped: 0.0002501 seconds, Stopping threads took: 0.0001115 seconds
[2022-06-13T03:24:51.579+0000][1][safepoint    ] Application time: 0.0000716 seconds
[2022-06-13T03:24:51.579+0000][1][safepoint    ] Entering safepoint region: RevokeBias
[2022-06-13T03:24:51.579+0000][1][safepoint    ] Leaving safepoint region
[2022-06-13T03:24:51.579+0000][1][safepoint    ] Total time for which application threads were stopped: 0.0002461 seconds, Stopping threads took: 0.0001286 seconds
[2022-06-13T03:24:51.580+0000][1][safepoint    ] Application time: 0.0003366 seconds
[2022-06-13T03:24:51.580+0000][1][safepoint    ] Entering safepoint region: RevokeBias
[2022-06-13T03:24:51.580+0000][1][safepoint    ] Leaving safepoint region
[2022-06-13T03:24:51.580+0000][1][safepoint    ] Total time for which application threads were stopped: 0.0002301 seconds, Stopping threads took: 0.0001044 seconds
[2022-06-13T03:24:51.580+0000][1][safepoint    ] Application time: 0.0002669 seconds
[2022-06-13T03:24:51.581+0000][1][safepoint    ] Entering safepoint region: RevokeBias
[2022-06-13T03:24:51.581+0000][1][safepoint    ] Leaving safepoint region
[2022-06-13T03:24:51.581+0000][1][safepoint    ] Total time for which application threads were stopped: 0.0003008 seconds, Stopping threads took: 0.0001564 seconds
[2022-06-13T03:24:51.581+0000][1][safepoint    ] Application time: 0.0002509 seconds
[2022-06-13T03:24:51.581+0000][1][safepoint    ] Entering safepoint region: RevokeBias
[2022-06-13T03:24:51.582+0000][1][safepoint    ] Leaving safepoint region
[2022-06-13T03:24:51.582+0000][1][safepoint    ] Total time for which application threads were stopped: 0.0003038 seconds, Stopping threads took: 0.0001399 seconds
[2022-06-13T03:24:51.582+0000][1][safepoint    ] Application time: 0.0004282 seconds
[2022-06-13T03:24:51.582+0000][1][safepoint    ] Entering safepoint region: RevokeBias
[2022-06-13T03:24:51.582+0000][1][safepoint    ] Leaving safepoint region
[2022-06-13T03:24:51.583+0000][1][safepoint    ] Total time for which application threads were stopped: 0.0002369 seconds, Stopping threads took: 0.0001097 seconds
[2022-06-13T03:24:51.583+0000][1][safepoint    ] Application time: 0.0002409 seconds
[2022-06-13T03:24:51.583+0000][1][safepoint    ] Entering safepoint region: RevokeBias
[2022-06-13T03:24:51.583+0000][1][safepoint    ] Leaving safepoint region
[2022-06-13T03:24:51.583+0000][1][safepoint    ] Total time for which application threads were stopped: 0.0002807 seconds, Stopping threads took: 0.0001588 seconds
[2022-06-13T03:24:51.584+0000][1][safepoint    ] Application time: 0.0005737 seconds
[2022-06-13T03:24:51.584+0000][1][safepoint    ] Entering safepoint region: RevokeBias
[2022-06-13T03:24:51.584+0000][1][safepoint    ] Leaving safepoint region
[2022-06-13T03:24:51.584+0000][1][safepoint    ] Total time for which application threads were stopped: 0.0003178 seconds, Stopping threads took: 0.0001596 seconds
[2022-06-13T03:24:51.585+0000][1][safepoint    ] Application time: 0.0002542 seconds
[2022-06-13T03:24:51.585+0000][1][safepoint    ] Entering safepoint region: RevokeBias
[2022-06-13T03:24:51.585+0000][1][safepoint    ] Leaving safepoint region
[2022-06-13T03:24:51.585+0000][1][safepoint    ] Total time for which application threads were stopped: 0.0002457 seconds, Stopping threads took: 0.0001155 seconds
[2022-06-13T03:24:51.585+0000][1][safepoint    ] Application time: 0.0001361 seconds
[2022-06-13T03:24:51.586+0000][1][safepoint    ] Entering safepoint region: RevokeBias
[2022-06-13T03:24:51.586+0000][1][safepoint    ] Leaving safepoint region
[2022-06-13T03:24:51.586+0000][1][safepoint    ] Total time for which application threads were stopped: 0.0002493 seconds, Stopping threads took: 0.0001177 seconds
[2022-06-13T03:24:51.586+0000][1][safepoint    ] Application time: 0.0004565 seconds
[2022-06-13T03:24:51.587+0000][1][safepoint    ] Entering safepoint region: RevokeBias
[2022-06-13T03:24:51.587+0000][1][safepoint    ] Leaving safepoint region
[2022-06-13T03:24:51.587+0000][1][safepoint    ] Total time for which application threads were stopped: 0.0002322 seconds, Stopping threads took: 0.0001056 seconds
[2022-06-13T03:24:51.588+0000][1][safepoint    ] Application time: 0.0014702 seconds
[2022-06-13T03:24:51.589+0000][1][safepoint    ] Entering safepoint region: RevokeBias
[2022-06-13T03:24:51.589+0000][1][safepoint    ] Leaving safepoint region
[2022-06-13T03:24:51.589+0000][1][safepoint    ] Total time for which application threads were stopped: 0.0005853 seconds, Stopping threads took: 0.0001722 seconds
[2022-06-13T03:24:51.589+0000][1][safepoint    ] Application time: 0.0000376 seconds
[2022-06-13T03:24:51.589+0000][1][safepoint    ] Entering safepoint region: RevokeBias
[2022-06-13T03:24:51.590+0000][1][safepoint    ] Leaving safepoint region
[2022-06-13T03:24:51.590+0000][1][safepoint    ] Total time for which application threads were stopped: 0.0003679 seconds, Stopping threads took: 0.0002094 seconds
[2022-06-13T03:24:51.590+0000][1][safepoint    ] Application time: 0.0001761 seconds
[2022-06-13T03:24:51.590+0000][1][safepoint    ] Entering safepoint region: RevokeBias
[2022-06-13T03:24:51.590+0000][1][safepoint    ] Leaving safepoint region
[2022-06-13T03:24:51.590+0000][1][safepoint    ] Total time for which application threads were stopped: 0.0002650 seconds, Stopping threads took: 0.0001378 seconds
[2022-06-13T03:24:51.591+0000][1][safepoint    ] Application time: 0.0001176 seconds
[2022-06-13T03:24:51.591+0000][1][safepoint    ] Entering safepoint region: RevokeBias
[2022-06-13T03:24:51.591+0000][1][safepoint    ] Leaving safepoint region
[2022-06-13T03:24:51.591+0000][1][safepoint    ] Total time for which application threads were stopped: 0.0002716 seconds, Stopping threads took: 0.0001203 seconds
[2022-06-13T03:24:51.591+0000][1][safepoint    ] Application time: 0.0001199 seconds
[2022-06-13T03:24:51.591+0000][1][safepoint    ] Entering safepoint region: RevokeBias
[2022-06-13T03:24:51.592+0000][1][safepoint    ] Leaving safepoint region
[2022-06-13T03:24:51.592+0000][1][safepoint    ] Total time for which application threads were stopped: 0.0002287 seconds, Stopping threads took: 0.0000962 seconds
[2022-06-13T03:24:51.594+0000][1][gc,heap,exit ] Heap
[2022-06-13T03:24:51.594+0000][1][gc,heap,exit ]  par new generation   total 78656K, used 26870K [0x00000000f0000000, 0x00000000f5550000, 0x00000000f5550000)
[2022-06-13T03:24:51.594+0000][1][gc,heap,exit ]   eden space 69952K,  25% used [0x00000000f0000000, 0x00000000f11bd880, 0x00000000f4450000)
[2022-06-13T03:24:51.595+0000][1][gc,heap,exit ]   from space 8704K, 100% used [0x00000000f4450000, 0x00000000f4cd0000, 0x00000000f4cd0000)
[2022-06-13T03:24:51.595+0000][1][gc,heap,exit ]   to   space 8704K,   0% used [0x00000000f4cd0000, 0x00000000f4cd0000, 0x00000000f5550000)
[2022-06-13T03:24:51.595+0000][1][gc,heap,exit ]  concurrent mark-sweep generation total 174784K, used 59659K [0x00000000f5550000, 0x0000000100000000, 0x0000000100000000)
[2022-06-13T03:24:51.595+0000][1][gc,heap,exit ]  Metaspace       used 63678K, capacity 68514K, committed 68700K, reserved 1107968K
[2022-06-13T03:24:51.595+0000][1][gc,heap,exit ]   class space    used 8657K, capacity 10666K, committed 10768K, reserved 1048576K
[2022-06-13T03:24:51.595+0000][1][safepoint    ] Application time: 0.0033746 seconds
[2022-06-13T03:24:51.595+0000][1][safepoint    ] Entering safepoint region: Exit
